[0.003s][warning][gc,jvmci] Setting EnableJVMCI to false as selected GC does not support JVMCI: z gc
[0.009s][debug  ][gc,heap ] Minimum heap 5368709120  Initial heap 5368709120  Maximum heap 16106127360
[0.009s][info   ][gc,init ] Initializing The Z Garbage Collector
[0.009s][info   ][gc,init ] Version: 21+35-jvmci-23.1-b15 (release)
[0.009s][info   ][gc,init ] NUMA Support: Disabled
[0.009s][info   ][gc,init ] CPUs: 20 total, 20 available
[0.009s][info   ][gc,init ] Memory: 31762M
[0.009s][info   ][gc,init ] Large Page Support: Disabled
[0.009s][info   ][gc,init ] Address Space Type: Contiguous/Unrestricted/Complete
[0.009s][info   ][gc,init ] Address Space Size: 245760M
[0.009s][info   ][gc,init ] Heap Backing File: /memfd:java_heap
[0.009s][info   ][gc,init ] Heap Backing Filesystem: tmpfs (0x1021994)
[0.009s][info   ][gc,init ] Min Capacity: 5120M
[0.009s][info   ][gc,init ] Initial Capacity: 5120M
[0.009s][info   ][gc,init ] Max Capacity: 15360M
[0.009s][info   ][gc,init ] Soft Max Capacity: 15360M
[0.009s][info   ][gc,init ] Medium Page Size: 32M
[0.009s][info   ][gc,init ] Pre-touch: Enabled
[0.010s][info   ][gc,init ] Available space on backing filesystem: N/A
[0.010s][info   ][gc,init ] Uncommit: Enabled
[0.010s][info   ][gc,init ] Uncommit Delay: 300s
[0.010s][info   ][gc,init ] GC Workers for Old Generation: 5 (dynamic)
[0.011s][debug  ][gc,marking] Expanding mark stack space: 0M->32M
[0.011s][info   ][gc,init   ] GC Workers for Young Generation: 5 (dynamic)
[0.012s][debug  ][gc,marking] Expanding mark stack space: 0M->32M
[1.035s][debug  ][gc,task   ] Executing ZPreTouchTask using ZWorkerOld with 5 workers
[1.429s][info   ][gc,init   ] GC Workers Max: 5 (dynamic)
[1.430s][info   ][gc,init   ] Runtime Workers: 12
[1.432s][info   ][gc        ] Using The Z Garbage Collector
[1.442s][info   ][gc,metaspace] CDS archive(s) not mapped
[1.442s][info   ][gc,metaspace] Compressed class space mapped at: 0x0000000080000000-0x00000000c0000000, reserved size: 1073741824
[1.442s][info   ][gc,metaspace] Narrow klass base: 0x0000000000000000, Narrow klass shift: 0, Narrow klass range: 0xc0000000
[1,504s][debug  ][gc,heap     ] Uncommit Timeout: 300s
[1,506s][debug  ][gc,nmethod  ] Register NMethod: java.lang.Object.<init> (0x00007f77cfa24010) [0x00007f77cfa241a0, 0x00007f77cfa242a8] Compiler: c1, Barriers: 0, Oops: 0, ImmediateOops: 0, NonImmediateOops: No
[1,506s][debug  ][gc,nmethod  ] Rebuilding NMethod Table: 0->1024 entries, 0(0%->0%) registered, 0(0%->0%) unregistered
[1,512s][debug  ][gc,nmethod  ] Register NMethod: java.lang.String.hashCode (0x00007f77cfa24310) [0x00007f77cfa244e0, 0x00007f77cfa248b0] Compiler: c1, Barriers: 2, Oops: 0, ImmediateOops: 0, NonImmediateOops: No
[1,514s][debug  ][gc,director ] Rule Major: Warmup 10%, Used: 6MB, UsedThreshold: 1536MB
[1,514s][debug  ][gc,nmethod  ] Register NMethod: jdk.internal.util.ArraysSupport.signedHashCode (0x00007f77cfa24990) [0x00007f77cfa24b40, 0x00007f77cfa24d10] Compiler: c1, Barriers: 0, Oops: 0, ImmediateOops: 0, NonImmediateOops: No
[1,515s][debug  ][gc,nmethod  ] Register NMethod: java.lang.StringLatin1.hashCode (0x00007f77cfa24e10) [0x00007f77cfa24fc0, 0x00007f77cfa251f0] Compiler: c1, Barriers: 0, Oops: 0, ImmediateOops: 0, NonImmediateOops: No
[1,515s][debug  ][gc,nmethod  ] Register NMethod: java.util.ImmutableCollections$SetN.probe (0x00007f77cfa25310) [0x00007f77cfa25500, 0x00007f77cfa25ae8] Compiler: c1, Barriers: 4, Oops: 0, ImmediateOops: 0, NonImmediateOops: No
[1,515s][debug  ][gc,nmethod  ] Register NMethod: java.lang.StringLatin1.equals (0x00007f77cfa25d10) [0x00007f77cfa25ec0, 0x00007f77cfa26160] Compiler: c1, Barriers: 0, Oops: 0, ImmediateOops: 0, NonImmediateOops: No
[1,516s][debug  ][gc,nmethod  ] Register NMethod: jdk.internal.util.ArraysSupport.vectorizedHashCode (0x00007f77cfa26290) [0x00007f77cfa265a0, 0x00007f77cfa274e8] Compiler: c1, Barriers: 0, Oops: 1, ImmediateOops: 1, NonImmediateOops: No
[1,516s][debug  ][gc,nmethod  ] Register NMethod: java.lang.Math.floorMod (0x00007f77cfa27890) [0x00007f77cfa27a20, 0x00007f77cfa27bd0] Compiler: c1, Barriers: 0, Oops: 0, ImmediateOops: 0, NonImmediateOops: No
[1,516s][debug  ][gc,nmethod  ] Register NMethod: java.lang.String.equals (0x00007f77cfa27c90) [0x00007f77cfa27e60, 0x00007f77cfa28310] Compiler: c1, Barriers: 2, Oops: 0, ImmediateOops: 0, NonImmediateOops: No
[1,517s][debug  ][gc,nmethod  ] Register NMethod: java.lang.module.ModuleDescriptor$Exports.<init> (0x00007f77cfa28410) [0x00007f77cfa285c0, 0x00007f77cfa28888] Compiler: c1, Barriers: 9, Oops: 0, ImmediateOops: 0, NonImmediateOops: No
[1,517s][debug  ][gc,nmethod  ] Register NMethod: java.lang.Object.<init> (0x00007f77ef1c4010) [0x00007f77ef1c4180, 0x00007f77ef1c41f8] Compiler: c2, Barriers: 0, Oops: 0, ImmediateOops: 0, NonImmediateOops: No
[1,517s][debug  ][gc,nmethod  ] Register NMethod: java.util.ImmutableCollections$SetN.hashCode (0x00007f77cfa28990) [0x00007f77cfa28b40, 0x00007f77cfa28e90] Compiler: c1, Barriers: 2, Oops: 0, ImmediateOops: 0, NonImmediateOops: No
[1,517s][debug  ][gc,nmethod  ] Register NMethod: java.lang.module.ModuleDescriptor.modsHashCode (0x00007f77cfa29010) [0x00007f77cfa29200, 0x00007f77cfa29740] Compiler: c1, Barriers: 1, Oops: 0, ImmediateOops: 0, NonImmediateOops: No
[1,517s][debug  ][gc,nmethod  ] Register NMethod: java.util.Objects.requireNonNull (0x00007f77cfa29910) [0x00007f77cfa29ac0, 0x00007f77cfa29cb0] Compiler: c1, Barriers: 0, Oops: 0, ImmediateOops: 0, NonImmediateOops: No
[1,517s][debug  ][gc,nmethod  ] Register NMethod: java.util.ImmutableCollections$SetN.iterator (0x00007f77cfa29d90) [0x00007f77cfa29f40, 0x00007f77cfa2a0e0] Compiler: c1, Barriers: 0, Oops: 0, ImmediateOops: 0, NonImmediateOops: No
[1,518s][debug  ][gc,nmethod  ] Register NMethod: java.util.Objects.equals (0x00007f77cfa2a190) [0x00007f77cfa2a340, 0x00007f77cfa2a5b0] Compiler: c1, Barriers: 0, Oops: 0, ImmediateOops: 0, NonImmediateOops: No
[1,518s][debug  ][gc,nmethod  ] Register NMethod: java.util.ImmutableCollections$SetN$SetNIterator.<init> (0x00007f77cfa2a690) [0x00007f77cfa2a840, 0x00007f77cfa2aa80] Compiler: c1, Barriers: 4, Oops: 0, ImmediateOops: 0, NonImmediateOops: No
[1,518s][debug  ][gc,nmethod  ] Register NMethod: java.util.ImmutableCollections$SetN$SetNIterator.hasNext (0x00007f77cfa2ab90) [0x00007f77cfa2ad20, 0x00007f77cfa2ae88] Compiler: c1, Barriers: 0, Oops: 0, ImmediateOops: 0, NonImmediateOops: No
[1,518s][debug  ][gc,nmethod  ] Register NMethod: java.lang.module.ModuleDescriptor$Exports.hashCode (0x00007f77cfa2af10) [0x00007f77cfa2b0e0, 0x00007f77cfa2b3e8] Compiler: c1, Barriers: 3, Oops: 0, ImmediateOops: 0, NonImmediateOops: No
[1,518s][debug  ][gc,nmethod  ] Register NMethod: jdk.internal.module.Builder.newExports (0x00007f77cfa2b510) [0x00007f77cfa2b6c0, 0x00007f77cfa2b808] Compiler: c1, Barriers: 0, Oops: 0, ImmediateOops: 1, NonImmediateOops: No
[1,518s][debug  ][gc,nmethod  ] Register NMethod: java.util.Objects.hashCode (0x00007f77cfa2b890) [0x00007f77cfa2ba40, 0x00007f77cfa2bc58] Compiler: c1, Barriers: 0, Oops: 0, ImmediateOops: 0, NonImmediateOops: No
[1,518s][debug  ][gc,nmethod  ] Register NMethod: java.util.ImmutableCollections$ListN.get (0x00007f77cfa2bd10) [0x00007f77cfa2bea0, 0x00007f77cfa2c030] Compiler: c1, Barriers: 2, Oops: 0, ImmediateOops: 0, NonImmediateOops: No
[1,518s][debug  ][gc,nmethod  ] Register NMethod: java.util.Set.of (0x00007f77cfa2c110) [0x00007f77cfa2c2a0, 0x00007f77cfa2c390] Compiler: c1, Barriers: 0, Oops: 0, ImmediateOops: 1, NonImmediateOops: No
[1,518s][debug  ][gc,nmethod  ] Register NMethod: java.util.AbstractCollection.<init> (0x00007f77cfa2c410) [0x00007f77cfa2c5a0, 0x00007f77cfa2c700] Compiler: c1, Barriers: 0, Oops: 0, ImmediateOops: 0, NonImmediateOops: No
[1,518s][debug  ][gc,nmethod  ] Register NMethod: java.util.ImmutableCollections$AbstractImmutableCollection.<init> (0x00007f77cfa2c790) [0x00007f77cfa2c940, 0x00007f77cfa2cb00] Compiler: c1, Barriers: 0, Oops: 0, ImmediateOops: 0, NonImmediateOops: No
[1,519s][debug  ][gc,nmethod  ] Register NMethod: java.lang.module.ModuleDescriptor$Exports.equals (0x00007f77cfa2cc10) [0x00007f77cfa2ce40, 0x00007f77cfa2d898] Compiler: c1, Barriers: 6, Oops: 0, ImmediateOops: 0, NonImmediateOops: No
[1,519s][debug  ][gc,nmethod  ] Register NMethod: java.util.ImmutableCollections$SetN.<init> (0x00007f77cfa2da90) [0x00007f77cfa2dd40, 0x00007f77cfa2eae0] Compiler: c1, Barriers: 8, Oops: 1, ImmediateOops: 2, NonImmediateOops: No
[1,519s][debug  ][gc,nmethod  ] Register NMethod: java.util.ImmutableCollections$AbstractImmutableSet.<init> (0x00007f77cfa2ef90) [0x00007f77cfa2f140, 0x00007f77cfa2f360] Compiler: c1, Barriers: 0, Oops: 0, ImmediateOops: 0, NonImmediateOops: No
[1,520s][debug  ][gc,nmethod  ] Register NMethod: java.util.Set.of (0x00007f77cfa2f490) [0x00007f77cfa2f6e0, 0x00007f77cfa2ffa0] Compiler: c1, Barriers: 9, Oops: 0, ImmediateOops: 2, NonImmediateOops: No
[1,520s][debug  ][gc,nmethod  ] Register NMethod: jdk.internal.util.ArraysSupport.signedHashCode (0x00007f77ef1c4310) [0x00007f77ef1c4480, 0x00007f77ef1c4630] Compiler: c2, Barriers: 0, Oops: 0, ImmediateOops: 0, NonImmediateOops: No
[1,520s][debug  ][gc,nmethod  ] Register NMethod: java.lang.String.coder (0x00007f77cfa30290) [0x00007f77cfa30420, 0x00007f77cfa30550] Compiler: c1, Barriers: 0, Oops: 0, ImmediateOops: 0, NonImmediateOops: No
[1,520s][debug  ][gc,nmethod  ] Register NMethod: java.lang.String.length (0x00007f77cfa30610) [0x00007f77cfa307c0, 0x00007f77cfa30990] Compiler: c1, Barriers: 1, Oops: 0, ImmediateOops: 0, NonImmediateOops: No
[1,520s][debug  ][gc,nmethod  ] Register NMethod: java.lang.module.ModuleDescriptor.name (0x00007f77ef1c4710) [0x00007f77ef1c48a0, 0x00007f77ef1c4990] Compiler: c1, Barriers: 1, Oops: 0, ImmediateOops: 0, NonImmediateOops: No
[1,521s][debug  ][gc,nmethod  ] Register NMethod: java.lang.String.isLatin1 (0x00007f77cfa30a90) [0x00007f77cfa30c20, 0x00007f77cfa30d98] Compiler: c1, Barriers: 0, Oops: 0, ImmediateOops: 0, NonImmediateOops: No
[1,521s][debug  ][gc,nmethod  ] Register NMethod: java.lang.module.ModuleReference.descriptor (0x00007f77ef1c4a10) [0x00007f77ef1c4ba0, 0x00007f77ef1c4c90] Compiler: c1, Barriers: 1, Oops: 0, ImmediateOops: 0, NonImmediateOops: No
[1,521s][debug  ][gc,nmethod  ] Register NMethod: java.net.URI.hash (0x00007f77cfa30e10) [0x00007f77cfa30fe0, 0x00007f77cfa312b8] Compiler: c1, Barriers: 0, Oops: 0, ImmediateOops: 0, NonImmediateOops: No
[1,521s][debug  ][gc,nmethod  ] Register NMethod: java.lang.String.charAt (0x00007f77cfa31410) [0x00007f77cfa315e0, 0x00007f77cfa319e0] Compiler: c1, Barriers: 2, Oops: 1, ImmediateOops: 1, NonImmediateOops: No
[1,521s][debug  ][gc,nmethod  ] Register NMethod: java.lang.StringLatin1.charAt (0x00007f77cfa31b90) [0x00007f77cfa31d40, 0x00007f77cfa31f00] Compiler: c1, Barriers: 0, Oops: 1, ImmediateOops: 1, NonImmediateOops: No
[1,521s][debug  ][gc,nmethod  ] Register NMethod: java.lang.String.checkIndex (0x00007f77cfa32010) [0x00007f77cfa321a0, 0x00007f77cfa322d0] Compiler: c1, Barriers: 0, Oops: 1, ImmediateOops: 1, NonImmediateOops: No
[1,521s][debug  ][gc,nmethod  ] Register NMethod: jdk.internal.util.Preconditions.checkIndex (0x00007f77cfa32390) [0x00007f77cfa32540, 0x00007f77cfa326e8] Compiler: c1, Barriers: 0, Oops: 0, ImmediateOops: 0, NonImmediateOops: No
[1,522s][debug  ][gc,nmethod  ] Register NMethod: java.lang.String.hashCode (0x00007f77ef1c4d10) [0x00007f77ef1c4ee0, 0x00007f77ef1c5228] Compiler: c2, Barriers: 1, Oops: 0, ImmediateOops: 0, NonImmediateOops: No
[1,524s][debug  ][gc,director ] Rule Major: Warmup 10%, Used: 6MB, UsedThreshold: 1536MB
[1,526s][debug  ][gc,nmethod  ] Register NMethod: java.lang.String.isEmpty (0x00007f77cfa32790) [0x00007f77cfa32920, 0x00007f77cfa32ab8] Compiler: c1, Barriers: 1, Oops: 0, ImmediateOops: 0, NonImmediateOops: No
[1,526s][debug  ][gc,nmethod  ] Register NMethod: java.lang.StringLatin1.indexOfChar (0x00007f77cfa32b90) [0x00007f77cfa32d40, 0x00007f77cfa32f68] Compiler: c1, Barriers: 0, Oops: 0, ImmediateOops: 0, NonImmediateOops: No
[1,527s][debug  ][gc,nmethod  ] Register NMethod: java.lang.Math.min (0x00007f77cfa33090) [0x00007f77cfa33220, 0x00007f77cfa33358] Compiler: c1, Barriers: 0, Oops: 0, ImmediateOops: 0, NonImmediateOops: No
[1,527s][debug  ][gc,nmethod  ] Register NMethod: java.io.File.getPath (0x00007f77ef1c5390) [0x00007f77ef1c5520, 0x00007f77ef1c5610] Compiler: c1, Barriers: 1, Oops: 0, ImmediateOops: 0, NonImmediateOops: No
[1,527s][debug  ][gc,nmethod  ] Register NMethod: java.lang.StringLatin1.canEncode (0x00007f77cfa33410) [0x00007f77cfa335a0, 0x00007f77cfa336e8] Compiler: c1, Barriers: 0, Oops: 0, ImmediateOops: 0, NonImmediateOops: No
[1,527s][debug  ][gc,nmethod  ] Register NMethod: java.lang.String.isLatin1 (0x00007f77ef1c5690) [0x00007f77ef1c5800, 0x00007f77ef1c58a0] Compiler: c2, Barriers: 0, Oops: 0, ImmediateOops: 0, NonImmediateOops: No
[1,528s][debug  ][gc,nmethod  ] Register NMethod: java.lang.String.startsWith (0x00007f77cfa33790) [0x00007f77cfa339e0, 0x00007f77cfa34290] Compiler: c1, Barriers: 2, Oops: 0, ImmediateOops: 0, NonImmediateOops: No
[1,528s][debug  ][gc,nmethod  ] Register NMethod: java.lang.Math.max (0x00007f77cfa34510) [0x00007f77cfa346a0, 0x00007f77cfa347d8] Compiler: c1, Barriers: 0, Oops: 0, ImmediateOops: 0, NonImmediateOops: No
[1,528s][debug  ][gc,nmethod  ] Register NMethod: java.lang.System.arraycopy (0x00007f77ef1c5990) [0x00007f77ef1c5b20, 0x00007f77ef1c5d10] Compiler: , Barriers: 0, Oops: 0, ImmediateOops: 1, NonImmediateOops: No
[1,528s][debug  ][gc,nmethod  ] Register NMethod: java.lang.StringLatin1.indexOf (0x00007f77cfa34890) [0x00007f77cfa34a80, 0x00007f77cfa34fb8] Compiler: c1, Barriers: 0, Oops: 0, ImmediateOops: 0, NonImmediateOops: No
[1,528s][debug  ][gc,nmethod  ] Register NMethod: java.lang.String.charAt (0x00007f77ef1c5d90) [0x00007f77ef1c5f20, 0x00007f77ef1c6060] Compiler: c2, Barriers: 1, Oops: 1, ImmediateOops: 0, NonImmediateOops: No
[1,528s][debug  ][gc,nmethod  ] Register NMethod: java.lang.StringLatin1.indexOf (0x00007f77cfa35190) [0x00007f77cfa35360, 0x00007f77cfa35860] Compiler: c1, Barriers: 0, Oops: 0, ImmediateOops: 0, NonImmediateOops: No
[1,528s][debug  ][gc,nmethod  ] Register NMethod: java.lang.String.startsWith (0x00007f77cfa35a90) [0x00007f77cfa35c40, 0x00007f77cfa35d80] Compiler: c1, Barriers: 0, Oops: 0, ImmediateOops: 0, NonImmediateOops: No
[1,528s][debug  ][gc,nmethod  ] Register NMethod: jdk.internal.misc.Unsafe.getLong (0x00007f77ef1c6190) [0x00007f77ef1c6320, 0x00007f77ef1c6500] Compiler: , Barriers: 0, Oops: 0, ImmediateOops: 0, NonImmediateOops: No
[1,529s][debug  ][gc,nmethod  ] Register NMethod: jdk.internal.util.ArraysSupport.mismatch (0x00007f77cfa35e10) [0x00007f77cfa35fe0, 0x00007f77cfa36420] Compiler: c1, Barriers: 0, Oops: 0, ImmediateOops: 0, NonImmediateOops: No
[1,529s][debug  ][gc,nmethod  ] Register NMethod: java.lang.String.indexOf (0x00007f77cfa36610) [0x00007f77cfa36800, 0x00007f77cfa36d18] Compiler: c1, Barriers: 2, Oops: 0, ImmediateOops: 0, NonImmediateOops: No
[1,529s][debug  ][gc,nmethod  ] Register NMethod: java.lang.String.indexOf (0x00007f77cfa36f10) [0x00007f77cfa370c0, 0x00007f77cfa37200] Compiler: c1, Barriers: 0, Oops: 0, ImmediateOops: 0, NonImmediateOops: No
[1,529s][debug  ][gc,nmethod  ] Register NMethod: java.io.File.getPrefixLength (0x00007f77ef1c6510) [0x00007f77ef1c66a0, 0x00007f77ef1c6760] Compiler: c1, Barriers: 0, Oops: 0, ImmediateOops: 0, NonImmediateOops: No
[1,529s][debug  ][gc,nmethod  ] Register NMethod: jdk.internal.misc.Unsafe.getLongUnaligned (0x00007f77cfa37290) [0x00007f77cfa37480, 0x00007f77cfa378a0] Compiler: c1, Barriers: 0, Oops: 0, ImmediateOops: 0, NonImmediateOops: No
[1,530s][debug  ][gc,nmethod  ] Register NMethod: java.lang.StringLatin1.lastIndexOf (0x00007f77cfa37990) [0x00007f77cfa37b60, 0x00007f77cfa37f58] Compiler: c1, Barriers: 0, Oops: 0, ImmediateOops: 0, NonImmediateOops: No
[1,531s][debug  ][gc,nmethod  ] Register NMethod: jdk.internal.misc.Unsafe.getReferenceVolatile (0x00007f77ef1c6810) [0x00007f77ef1c69c0, 0x00007f77ef1c6d70] Compiler: , Barriers: 0, Oops: 0, ImmediateOops: 0, NonImmediateOops: No
[1,531s][debug  ][gc,nmethod  ] Register NMethod: jdk.internal.misc.Unsafe.compareAndSetLong (0x00007f77ef1c6d90) [0x00007f77ef1c6f20, 0x00007f77ef1c7110] Compiler: , Barriers: 0, Oops: 0, ImmediateOops: 0, NonImmediateOops: No
[1,531s][debug  ][gc,nmethod  ] Register NMethod: java.util.concurrent.ConcurrentHashMap.tabAt (0x00007f77cfa38090) [0x00007f77cfa38240, 0x00007f77cfa384e8] Compiler: c1, Barriers: 1, Oops: 1, ImmediateOops: 1, NonImmediateOops: No
[1,531s][debug  ][gc,nmethod  ] Register NMethod: java.util.ImmutableCollections$SetN$SetNIterator.next (0x00007f77cfa38610) [0x00007f77cfa387e0, 0x00007f77cfa38b98] Compiler: c1, Barriers: 3, Oops: 0, ImmediateOops: 0, NonImmediateOops: No
[1,533s][debug  ][gc,nmethod  ] Register NMethod: java.util.concurrent.ConcurrentHashMap.putVal (0x00007f77cfa38d10) [0x00007f77cfa390c0, 0x00007f77cfa3ade8] Compiler: c1, Barriers: 28, Oops: 0, ImmediateOops: 1, NonImmediateOops: No
[1,533s][debug  ][gc,nmethod  ] Register NMethod: java.lang.StringLatin1.indexOfChar (0x00007f77ef1c7190) [0x00007f77ef1c7320, 0x00007f77ef1c75c8] Compiler: c2, Barriers: 0, Oops: 0, ImmediateOops: 0, NonImmediateOops: No
[1,533s][debug  ][gc,nmethod  ] Register NMethod: jdk.internal.misc.Unsafe.getReferenceAcquire (0x00007f77cfa3b790) [0x00007f77cfa3b920, 0x00007f77cfa3ba50] Compiler: c1, Barriers: 1, Oops: 0, ImmediateOops: 0, NonImmediateOops: No
[1,533s][debug  ][gc,nmethod  ] Register NMethod: java.util.concurrent.ConcurrentHashMap.spread (0x00007f77cfa3bb10) [0x00007f77cfa3bca0, 0x00007f77cfa3bd90] Compiler: c1, Barriers: 0, Oops: 0, ImmediateOops: 0, NonImmediateOops: No
[1,534s][debug  ][gc,director ] Rule Major: Warmup 10%, Used: 6MB, UsedThreshold: 1536MB
[1,534s][debug  ][gc,nmethod  ] Register NMethod: java.util.concurrent.ConcurrentHashMap.addCount (0x00007f77cfa3be10) [0x00007f77cfa3c060, 0x00007f77cfa3caa0] Compiler: c1, Barriers: 4, Oops: 0, ImmediateOops: 0, NonImmediateOops: No
[1,535s][debug  ][gc,nmethod  ] Register NMethod: java.util.concurrent.ConcurrentHashMap$Node.<init> (0x00007f77cfa3cd90) [0x00007f77cfa3cf40, 0x00007f77cfa3d198] Compiler: c1, Barriers: 6, Oops: 0, ImmediateOops: 0, NonImmediateOops: No
[1,536s][debug  ][gc,nmethod  ] Register NMethod: jdk.internal.misc.Unsafe.compareAndSetReference (0x00007f77ef1c7710) [0x00007f77ef1c78a0, 0x00007f77ef1c7ab8] Compiler: , Barriers: 0, Oops: 0, ImmediateOops: 0, NonImmediateOops: No
[1,540s][debug  ][gc,nmethod  ] Register NMethod: java.lang.invoke.MethodHandle.linkToStatic (0x00007f77ef1c7b10) [0x00007f77ef1c7c80, 0x00007f77ef1c7d70] Compiler: , Barriers: 0, Oops: 0, ImmediateOops: 0, NonImmediateOops: No
[1,543s][debug  ][gc,nmethod  ] Register NMethod: java.lang.invoke.MethodHandle.linkToStatic (0x00007f77ef1c7e10) [0x00007f77ef1c7f80, 0x00007f77ef1c8070] Compiler: , Barriers: 0, Oops: 0, ImmediateOops: 0, NonImmediateOops: No
[1,543s][debug  ][gc,nmethod  ] Register NMethod: java.lang.invoke.MethodHandle.linkToStatic (0x00007f77ef1c8110) [0x00007f77ef1c8280, 0x00007f77ef1c8370] Compiler: , Barriers: 0, Oops: 0, ImmediateOops: 0, NonImmediateOops: No
[1,544s][debug  ][gc,nmethod  ] Register NMethod: java.lang.Object.hashCode (0x00007f77ef1c8410) [0x00007f77ef1c85a0, 0x00007f77ef1c8780] Compiler: , Barriers: 0, Oops: 0, ImmediateOops: 0, NonImmediateOops: No
[1,544s][debug  ][gc,director ] Rule Major: Warmup 10%, Used: 6MB, UsedThreshold: 1536MB
[1,545s][debug  ][gc,nmethod  ] Register NMethod: java.lang.invoke.MethodHandle.invokeBasic (0x00007f77ef1c8790) [0x00007f77ef1c8920, 0x00007f77ef1c8bb8] Compiler: , Barriers: 0, Oops: 0, ImmediateOops: 0, NonImmediateOops: No
[1,545s][debug  ][gc,nmethod  ] Register NMethod: java.lang.invoke.MethodHandle.linkToSpecial (0x00007f77ef1c8c10) [0x00007f77ef1c8d80, 0x00007f77ef1c8e78] Compiler: , Barriers: 0, Oops: 0, ImmediateOops: 0, NonImmediateOops: No
[1,549s][debug  ][gc,nmethod  ] Register NMethod: java.lang.invoke.MethodHandle.invokeBasic (0x00007f77ef1c8f10) [0x00007f77ef1c90a0, 0x00007f77ef1c9338] Compiler: , Barriers: 0, Oops: 0, ImmediateOops: 0, NonImmediateOops: No
[1,549s][debug  ][gc,nmethod  ] Register NMethod: java.lang.invoke.MethodHandle.linkToSpecial (0x00007f77ef1c9390) [0x00007f77ef1c9500, 0x00007f77ef1c95f8] Compiler: , Barriers: 0, Oops: 0, ImmediateOops: 0, NonImmediateOops: No
[1,549s][debug  ][gc,nmethod  ] Register NMethod: java.lang.Object.getClass (0x00007f77ef1c9690) [0x00007f77ef1c9840, 0x00007f77ef1c9bd8] Compiler: , Barriers: 0, Oops: 0, ImmediateOops: 0, NonImmediateOops: No
[1,549s][debug  ][gc,nmethod  ] Register NMethod: java.lang.Enum.ordinal (0x00007f77ef1c9c10) [0x00007f77ef1c9da0, 0x00007f77ef1c9e60] Compiler: c1, Barriers: 0, Oops: 0, ImmediateOops: 0, NonImmediateOops: No
[1,550s][debug  ][gc,nmethod  ] Register NMethod: java.lang.Class.isPrimitive (0x00007f77ef1c9f10) [0x00007f77ef1ca0a0, 0x00007f77ef1ca270] Compiler: , Barriers: 0, Oops: 0, ImmediateOops: 0, NonImmediateOops: No
[1,550s][debug  ][gc,nmethod  ] Register NMethod: java.lang.invoke.MethodHandle.linkToStatic (0x00007f77ef1ca290) [0x00007f77ef1ca400, 0x00007f77ef1ca4f8] Compiler: , Barriers: 0, Oops: 0, ImmediateOops: 0, NonImmediateOops: No
[1,550s][debug  ][gc,nmethod  ] Register NMethod: java.lang.invoke.MethodHandle.linkToStatic (0x00007f77ef1ca590) [0x00007f77ef1ca700, 0x00007f77ef1ca7f0] Compiler: , Barriers: 0, Oops: 0, ImmediateOops: 0, NonImmediateOops: No
[1,551s][debug  ][gc,nmethod  ] Register NMethod: java.lang.invoke.MethodHandle.invokeBasic (0x00007f77ef1ca890) [0x00007f77ef1caa20, 0x00007f77ef1cacb8] Compiler: , Barriers: 0, Oops: 0, ImmediateOops: 0, NonImmediateOops: No
[1,551s][debug  ][gc,nmethod  ] Register NMethod: java.lang.invoke.MethodType.returnType (0x00007f77ef1cad10) [0x00007f77ef1caea0, 0x00007f77ef1caf90] Compiler: c1, Barriers: 1, Oops: 0, ImmediateOops: 0, NonImmediateOops: No
[1,551s][debug  ][gc,nmethod  ] Register NMethod: java.lang.invoke.MethodHandle.linkToSpecial (0x00007f77ef1cb010) [0x00007f77ef1cb180, 0x00007f77ef1cb278] Compiler: , Barriers: 0, Oops: 0, ImmediateOops: 0, NonImmediateOops: No
[1,551s][debug  ][gc,nmethod  ] Register NMethod: java.util.concurrent.ConcurrentHashMap.putIfAbsent (0x00007f77cfa3d290) [0x00007f77cfa3d440, 0x00007f77cfa3d588] Compiler: c1, Barriers: 0, Oops: 0, ImmediateOops: 0, NonImmediateOops: No
[1,552s][debug  ][gc,nmethod  ] Register NMethod: java.lang.invoke.MethodHandle.linkToSpecial (0x00007f77ef1cb310) [0x00007f77ef1cb480, 0x00007f77ef1cb578] Compiler: , Barriers: 0, Oops: 0, ImmediateOops: 0, NonImmediateOops: No
[1,553s][debug  ][gc,nmethod  ] Register NMethod: java.lang.String.hashCode (0x00007f77cfa3d610) [0x00007f77cfa3d7e0, 0x00007f77cfa3dbb0] Compiler: c1, Barriers: 2, Oops: 0, ImmediateOops: 0, NonImmediateOops: No
[1,555s][debug  ][gc,director ] Rule Major: Warmup 10%, Used: 6MB, UsedThreshold: 1536MB
[1,555s][debug  ][gc,nmethod  ] Register NMethod: java.lang.invoke.MethodHandle.linkToStatic (0x00007f77ef1cb610) [0x00007f77ef1cb780, 0x00007f77ef1cb870] Compiler: , Barriers: 0, Oops: 0, ImmediateOops: 0, NonImmediateOops: No
[1,555s][debug  ][gc,nmethod  ] Register NMethod: java.lang.invoke.MethodTypeForm.canonicalize (0x00007f77cfa3dc90) [0x00007f77cfa3dec0, 0x00007f77cfa3e4e0] Compiler: c1, Barriers: 1, Oops: 0, ImmediateOops: 2, NonImmediateOops: No
[1,556s][debug  ][gc,nmethod  ] Register NMethod: java.lang.String.<init> (0x00007f77cfa3e690) [0x00007f77cfa3e840, 0x00007f77cfa3ea18] Compiler: c1, Barriers: 3, Oops: 0, ImmediateOops: 0, NonImmediateOops: No
[1,556s][debug  ][gc,nmethod  ] Register NMethod: java.lang.invoke.MemberName.getDeclaringClass (0x00007f77ef1cb910) [0x00007f77ef1cbaa0, 0x00007f77ef1cbb90] Compiler: c1, Barriers: 1, Oops: 0, ImmediateOops: 0, NonImmediateOops: No
[1,556s][debug  ][gc,nmethod  ] Register NMethod: java.lang.invoke.MethodHandle.linkToSpecial (0x00007f77ef1cbc10) [0x00007f77ef1cbd80, 0x00007f77ef1cbe78] Compiler: , Barriers: 0, Oops: 0, ImmediateOops: 0, NonImmediateOops: No
[1,556s][debug  ][gc,nmethod  ] Register NMethod: java.lang.invoke.MethodHandle.linkToVirtual (0x00007f77ef1cbf10) [0x00007f77ef1cc080, 0x00007f77ef1cc0a8] Compiler: , Barriers: 0, Oops: 0, ImmediateOops: 0, NonImmediateOops: No
[1,556s][debug  ][gc,nmethod  ] Register NMethod: java.lang.invoke.MethodType.checkSlotCount (0x00007f77cfa3eb10) [0x00007f77cfa3ed40, 0x00007f77cfa3f350] Compiler: c1, Barriers: 0, Oops: 1, ImmediateOops: 1, NonImmediateOops: No
[1,556s][debug  ][gc,nmethod  ] Register NMethod: java.lang.String.getBytes (0x00007f77cfa3f610) [0x00007f77cfa3f7e0, 0x00007f77cfa3fb40] Compiler: c1, Barriers: 2, Oops: 0, ImmediateOops: 0, NonImmediateOops: No
[1,558s][debug  ][gc,nmethod  ] Register NMethod: java.lang.invoke.MemberName.isInvocable (0x00007f77cfa3fc90) [0x00007f77cfa3fe20, 0x00007f77cfa3ffe8] Compiler: c1, Barriers: 0, Oops: 0, ImmediateOops: 0, NonImmediateOops: No
[1,558s][debug  ][gc,nmethod  ] Register NMethod: java.lang.invoke.MemberName.anyFlagSet (0x00007f77cfa40090) [0x00007f77cfa40220, 0x00007f77cfa40388] Compiler: c1, Barriers: 0, Oops: 0, ImmediateOops: 0, NonImmediateOops: No
[1,558s][debug  ][gc,nmethod  ] Register NMethod: java.lang.ref.ReferenceQueue.headIsNull (0x00007f77cfa40410) [0x00007f77cfa405a0, 0x00007f77cfa40738] Compiler: c1, Barriers: 1, Oops: 0, ImmediateOops: 0, NonImmediateOops: No
[1,558s][debug  ][gc,nmethod  ] Register NMethod: java.lang.invoke.MethodType.form (0x00007f77ef1cc210) [0x00007f77ef1cc3a0, 0x00007f77ef1cc490] Compiler: c1, Barriers: 1, Oops: 0, ImmediateOops: 0, NonImmediateOops: No
[1,559s][debug  ][gc,nmethod  ] Register NMethod: java.lang.invoke.MethodType.ptypes (0x00007f77ef1cc510) [0x00007f77ef1cc6a0, 0x00007f77ef1cc790] Compiler: c1, Barriers: 1, Oops: 0, ImmediateOops: 0, NonImmediateOops: No
[1,559s][debug  ][gc,nmethod  ] Register NMethod: java.lang.invoke.MethodHandle.linkToInterface (0x00007f77ef1cc810) [0x00007f77ef1cc980, 0x00007f77ef1ccab8] Compiler: , Barriers: 0, Oops: 0, ImmediateOops: 0, NonImmediateOops: No
[1,559s][debug  ][gc,nmethod  ] Register NMethod: java.lang.Class.isArray (0x00007f77ef1ccb10) [0x00007f77ef1ccca0, 0x00007f77ef1cce70] Compiler: , Barriers: 0, Oops: 0, ImmediateOops: 0, NonImmediateOops: No
[1,559s][debug  ][gc,nmethod  ] Register NMethod: java.lang.invoke.MethodType.hashCode (0x00007f77cfa40810) [0x00007f77cfa409e0, 0x00007f77cfa40de0] Compiler: c1, Barriers: 3, Oops: 0, ImmediateOops: 0, NonImmediateOops: No
[1,559s][debug  ][gc,nmethod  ] Register NMethod: java.lang.invoke.MethodType$ConcurrentWeakInternSet.expungeStaleElements (0x00007f77cfa40f90) [0x00007f77cfa41160, 0x00007f77cfa41500] Compiler: c1, Barriers: 2, Oops: 0, ImmediateOops: 0, NonImmediateOops: No
[1,559s][debug  ][gc,nmethod  ] Register NMethod: java.lang.ref.NativeReferenceQueue.poll (0x00007f77cfa41610) [0x00007f77cfa417e0, 0x00007f77cfa41ba0] Compiler: c1, Barriers: 2, Oops: 0, ImmediateOops: 0, NonImmediateOops: No
[1,559s][debug  ][gc,nmethod  ] Register NMethod: jdk.internal.org.objectweb.asm.SymbolTable.get (0x00007f77cfa41d10) [0x00007f77cfa41ec0, 0x00007f77cfa42070] Compiler: c1, Barriers: 2, Oops: 0, ImmediateOops: 0, NonImmediateOops: No
[1,560s][debug  ][gc,nmethod  ] Register NMethod: java.lang.Class.getClassLoader (0x00007f77cfa42190) [0x00007f77cfa42400, 0x00007f77cfa43030] Compiler: c1, Barriers: 6, Oops: 0, ImmediateOops: 4, NonImmediateOops: No
[1,560s][debug  ][gc,nmethod  ] Register NMethod: java.lang.invoke.MethodHandle.linkToStatic (0x00007f77ef1cce90) [0x00007f77ef1cd000, 0x00007f77ef1cd0f0] Compiler: , Barriers: 0, Oops: 0, ImmediateOops: 0, NonImmediateOops: No
[1,560s][debug  ][gc,nmethod  ] Register NMethod: java.lang.Object.clone (0x00007f77ef1cd190) [0x00007f77ef1cd340, 0x00007f77ef1cd6d8] Compiler: , Barriers: 0, Oops: 0, ImmediateOops: 0, NonImmediateOops: No
[1,560s][debug  ][gc,nmethod  ] Register NMethod: jdk.internal.org.objectweb.asm.ByteVector.putUTF8 (0x00007f77cfa43390) [0x00007f77cfa43600, 0x00007f77cfa44068] Compiler: c1, Barriers: 5, Oops: 1, ImmediateOops: 2, NonImmediateOops: No
[1,561s][debug  ][gc,nmethod  ] Register NMethod: java.util.concurrent.ConcurrentHashMap.get (0x00007f77cfa44490) [0x00007f77cfa44700, 0x00007f77cfa45308] Compiler: c1, Barriers: 7, Oops: 0, ImmediateOops: 0, NonImmediateOops: No
[1,561s][debug  ][gc,nmethod  ] Register NMethod: jdk.internal.org.objectweb.asm.ByteVector.putShort (0x00007f77cfa45610) [0x00007f77cfa457c0, 0x00007f77cfa45a28] Compiler: c1, Barriers: 2, Oops: 0, ImmediateOops: 0, NonImmediateOops: No
[1,561s][debug  ][gc,nmethod  ] Register NMethod: jdk.internal.org.objectweb.asm.SymbolTable.hash (0x00007f77cfa45b90) [0x00007f77cfa45d40, 0x00007f77cfa45e70] Compiler: c1, Barriers: 0, Oops: 0, ImmediateOops: 0, NonImmediateOops: No
[1,562s][debug  ][gc,nmethod  ] Register NMethod: java.util.Arrays.copyOfRange (0x00007f77cfa45f90) [0x00007f77cfa46220, 0x00007f77cfa46da8] Compiler: c1, Barriers: 0, Oops: 1, ImmediateOops: 1, NonImmediateOops: No
[1,562s][debug  ][gc,nmethod  ] Register NMethod: jdk.internal.org.objectweb.asm.Symbol.<init> (0x00007f77cfa47210) [0x00007f77cfa473c0, 0x00007f77cfa47698] Compiler: c1, Barriers: 9, Oops: 0, ImmediateOops: 0, NonImmediateOops: No
[1,562s][debug  ][gc,nmethod  ] Register NMethod: jdk.internal.org.objectweb.asm.SymbolTable.put (0x00007f77cfa47790) [0x00007f77cfa479a0, 0x00007f77cfa48360] Compiler: c1, Barriers: 21, Oops: 0, ImmediateOops: 0, NonImmediateOops: No
[1,563s][debug  ][gc,nmethod  ] Register NMethod: java.lang.invoke.MethodHandle.linkToSpecial (0x00007f77ef1cd710) [0x00007f77ef1cd880, 0x00007f77ef1cd978] Compiler: , Barriers: 0, Oops: 0, ImmediateOops: 0, NonImmediateOops: No
[1,563s][debug  ][gc,nmethod  ] Register NMethod: java.lang.AbstractStringBuilder.ensureCapacityInternal (0x00007f77cfa48610) [0x00007f77cfa487e0, 0x00007f77cfa48a68] Compiler: c1, Barriers: 4, Oops: 0, ImmediateOops: 0, NonImmediateOops: No
[1,563s][debug  ][gc,nmethod  ] Register NMethod: java.lang.invoke.MethodHandle.type (0x00007f77ef1cda10) [0x00007f77ef1cdba0, 0x00007f77ef1cdc90] Compiler: c1, Barriers: 1, Oops: 0, ImmediateOops: 0, NonImmediateOops: No
[1,563s][debug  ][gc,nmethod  ] Register NMethod: java.lang.invoke.MethodType.parameterCount (0x00007f77cfa48b90) [0x00007f77cfa48d20, 0x00007f77cfa48e58] Compiler: c1, Barriers: 1, Oops: 0, ImmediateOops: 0, NonImmediateOops: No
[1,564s][debug  ][gc,nmethod  ] Register NMethod: java.lang.invoke.MethodType.parameterType (0x00007f77cfa48f10) [0x00007f77cfa490a0, 0x00007f77cfa49230] Compiler: c1, Barriers: 2, Oops: 0, ImmediateOops: 0, NonImmediateOops: No
[1,564s][debug  ][gc,nmethod  ] Register NMethod: jdk.internal.org.objectweb.asm.SymbolTable.addConstantUtf8 (0x00007f77cfa49310) [0x00007f77cfa49560, 0x00007f77cfa49c68] Compiler: c1, Barriers: 5, Oops: 0, ImmediateOops: 0, NonImmediateOops: No
[1,564s][debug  ][gc,nmethod  ] Register NMethod: java.util.HashMap.hash (0x00007f77cfa49f90) [0x00007f77cfa4a140, 0x00007f77cfa4a340] Compiler: c1, Barriers: 0, Oops: 0, ImmediateOops: 0, NonImmediateOops: No
[1,564s][debug  ][gc,nmethod  ] Register NMethod: java.util.stream.FindOps$FindSink.cancellationRequested (0x00007f77ef1cdd10) [0x00007f77ef1cdea0, 0x00007f77ef1cdf68] Compiler: c1, Barriers: 0, Oops: 0, ImmediateOops: 0, NonImmediateOops: No
[1,564s][debug  ][gc,nmethod  ] Register NMethod: java.util.stream.ReferencePipeline$2$1.accept (0x00007f77cfa4a410) [0x00007f77cfa4a5e0, 0x00007f77cfa4a958] Compiler: c1, Barriers: 3, Oops: 0, ImmediateOops: 0, NonImmediateOops: No
[1,565s][debug  ][gc,nmethod  ] Register NMethod: java.util.stream.Sink$ChainedReference.cancellationRequested (0x00007f77cfa4aa90) [0x00007f77cfa4ac40, 0x00007f77cfa4ae38] Compiler: c1, Barriers: 1, Oops: 0, ImmediateOops: 0, NonImmediateOops: No
[1,565s][debug  ][gc,director ] Rule Major: Warmup 10%, Used: 6MB, UsedThreshold: 1536MB
[1,565s][debug  ][gc,nmethod  ] Register NMethod: java.util.Spliterators$IteratorSpliterator.tryAdvance (0x00007f77cfa4af10) [0x00007f77cfa4b140, 0x00007f77cfa4b938] Compiler: c1, Barriers: 8, Oops: 0, ImmediateOops: 0, NonImmediateOops: No
[1,565s][debug  ][gc,nmethod  ] Register NMethod: jdk.internal.module.DefaultRoots$$Lambda/0x0000000080015e40.test (0x00007f77cfa4bb10) [0x00007f77cfa4bce0, 0x00007f77cfa4c130] Compiler: c1, Barriers: 1, Oops: 0, ImmediateOops: 0, NonImmediateOops: No
[1,565s][debug  ][gc,nmethod  ] Register NMethod: jdk.internal.module.DefaultRoots.lambda$exportsAPI$2 (0x00007f77cfa4c290) [0x00007f77cfa4c440, 0x00007f77cfa4c730] Compiler: c1, Barriers: 1, Oops: 0, ImmediateOops: 0, NonImmediateOops: No
[1,565s][debug  ][gc,nmethod  ] Register NMethod: java.lang.module.ModuleDescriptor$Exports.isQualified (0x00007f77cfa4c810) [0x00007f77cfa4c9c0, 0x00007f77cfa4cc10] Compiler: c1, Barriers: 1, Oops: 0, ImmediateOops: 0, NonImmediateOops: No
[1,565s][debug  ][gc,nmethod  ] Register NMethod: java.util.Spliterators$IteratorSpliterator.characteristics (0x00007f77ef1ce010) [0x00007f77ef1ce1a0, 0x00007f77ef1ce260] Compiler: c1, Barriers: 0, Oops: 0, ImmediateOops: 0, NonImmediateOops: No
[1,565s][debug  ][gc,nmethod  ] Register NMethod: java.util.ImmutableCollections$SetN.isEmpty (0x00007f77cfa4cd10) [0x00007f77cfa4cea0, 0x00007f77cfa4d008] Compiler: c1, Barriers: 0, Oops: 0, ImmediateOops: 0, NonImmediateOops: No
[1,567s][debug  ][gc,nmethod  ] Register NMethod: java.util.HashMap.putVal (0x00007f77cfa4d090) [0x00007f77cfa4d360, 0x00007f77cfa4e4d8] Compiler: c1, Barriers: 15, Oops: 0, ImmediateOops: 0, NonImmediateOops: No
[1,567s][debug  ][gc,nmethod  ] Register NMethod: java.util.HashMap.newNode (0x00007f77cfa4e990) [0x00007f77cfa4eb40, 0x00007f77cfa4eec0] Compiler: c1, Barriers: 9, Oops: 0, ImmediateOops: 0, NonImmediateOops: No
[1,567s][debug  ][gc,nmethod  ] Register NMethod: java.util.ImmutableCollections$MapN.probe (0x00007f77cfa4f010) [0x00007f77cfa4f200, 0x00007f77cfa4f7f0] Compiler: c1, Barriers: 4, Oops: 0, ImmediateOops: 0, NonImmediateOops: No
[1,568s][debug  ][gc,nmethod  ] Register NMethod: java.util.HashMap.put (0x00007f77cfa4fa10) [0x00007f77cfa4fbe0, 0x00007f77cfa4fee0] Compiler: c1, Barriers: 0, Oops: 0, ImmediateOops: 0, NonImmediateOops: No
[1,568s][debug  ][gc,nmethod  ] Register NMethod: java.util.HashMap.getNode (0x00007f77cfa50010) [0x00007f77cfa50260, 0x00007f77cfa50ee8] Compiler: c1, Barriers: 6, Oops: 0, ImmediateOops: 0, NonImmediateOops: No
[1,568s][debug  ][gc,nmethod  ] Register NMethod: java.util.HashMap$HashIterator.nextNode (0x00007f77cfa51190) [0x00007f77cfa513a0, 0x00007f77cfa51a28] Compiler: c1, Barriers: 14, Oops: 0, ImmediateOops: 0, NonImmediateOops: No
[1,568s][debug  ][gc,nmethod  ] Register NMethod: java.util.HashMap$Node.<init> (0x00007f77cfa51c10) [0x00007f77cfa51dc0, 0x00007f77cfa52088] Compiler: c1, Barriers: 9, Oops: 0, ImmediateOops: 0, NonImmediateOops: No
[1,568s][debug  ][gc,nmethod  ] Register NMethod: java.util.ImmutableCollections$Set12$1.hasNext (0x00007f77cfa52190) [0x00007f77cfa52320, 0x00007f77cfa52488] Compiler: c1, Barriers: 0, Oops: 0, ImmediateOops: 0, NonImmediateOops: No
[1,568s][debug  ][gc,nmethod  ] Register NMethod: java.lang.module.ModuleDescriptor$Requires.name (0x00007f77ef1ce310) [0x00007f77ef1ce4a0, 0x00007f77ef1ce590] Compiler: c1, Barriers: 1, Oops: 0, ImmediateOops: 0, NonImmediateOops: No
[1,568s][debug  ][gc,nmethod  ] Register NMethod: java.util.HashMap$HashIterator.hasNext (0x00007f77cfa52510) [0x00007f77cfa526a0, 0x00007f77cfa52838] Compiler: c1, Barriers: 1, Oops: 0, ImmediateOops: 0, NonImmediateOops: No
[1,568s][debug  ][gc,nmethod  ] Register NMethod: java.util.HashMap.afterNodeInsertion (0x00007f77cfa52910) [0x00007f77cfa52aa0, 0x00007f77cfa52ba8] Compiler: c1, Barriers: 0, Oops: 0, ImmediateOops: 0, NonImmediateOops: No
[1,568s][debug  ][gc,nmethod  ] Register NMethod: java.util.HashMap.putVal (0x00007f77cfa52c10) [0x00007f77cfa52f00, 0x00007f77cfa541e0] Compiler: c1, Barriers: 15, Oops: 0, ImmediateOops: 0, NonImmediateOops: No
[1,569s][debug  ][gc,nmethod  ] Register NMethod: java.lang.module.ModuleDescriptor.hashCode (0x00007f77cfa54690) [0x00007f77cfa54960, 0x00007f77cfa556d8] Compiler: c1, Barriers: 12, Oops: 0, ImmediateOops: 0, NonImmediateOops: No
[1,569s][debug  ][gc,nmethod  ] Register NMethod: java.util.HashSet.add (0x00007f77cfa55a90) [0x00007f77cfa55c40, 0x00007f77cfa55e90] Compiler: c1, Barriers: 1, Oops: 0, ImmediateOops: 1, NonImmediateOops: No
[1,569s][debug  ][gc,nmethod  ] Register NMethod: java.util.HashMap.get (0x00007f77cfa55f90) [0x00007f77cfa56140, 0x00007f77cfa56338] Compiler: c1, Barriers: 1, Oops: 0, ImmediateOops: 0, NonImmediateOops: No
[1,569s][debug  ][gc,nmethod  ] Register NMethod: java.lang.module.ModuleDescriptor$Requires.modifiers (0x00007f77ef1ce610) [0x00007f77ef1ce7a0, 0x00007f77ef1ce890] Compiler: c1, Barriers: 1, Oops: 0, ImmediateOops: 0, NonImmediateOops: No
[1,569s][debug  ][gc,nmethod  ] Register NMethod: java.util.HashMap.containsKey (0x00007f77cfa56410) [0x00007f77cfa565c0, 0x00007f77cfa56760] Compiler: c1, Barriers: 0, Oops: 0, ImmediateOops: 0, NonImmediateOops: No
[1,569s][debug  ][gc,nmethod  ] Register NMethod: jdk.internal.module.ModuleReferenceImpl.hashCode (0x00007f77cfa56810) [0x00007f77cfa56a00, 0x00007f77cfa56f20] Compiler: c1, Barriers: 3, Oops: 0, ImmediateOops: 0, NonImmediateOops: No
[1,569s][debug  ][gc,nmethod  ] Register NMethod: java.util.HashMap$HashIterator.<init> (0x00007f77cfa57110) [0x00007f77cfa572e0, 0x00007f77cfa57838] Compiler: c1, Barriers: 14, Oops: 0, ImmediateOops: 0, NonImmediateOops: No
[1,569s][debug  ][gc,nmethod  ] Register NMethod: java.lang.module.ResolvedModule.hashCode (0x00007f77cfa57990) [0x00007f77cfa57b40, 0x00007f77cfa57dc0] Compiler: c1, Barriers: 2, Oops: 0, ImmediateOops: 0, NonImmediateOops: No
[1,569s][debug  ][gc,nmethod  ] Register NMethod: jdk.internal.module.ModuleReferenceImpl.moduleResolution (0x00007f77ef1ce910) [0x00007f77ef1ceaa0, 0x00007f77ef1ceb90] Compiler: c1, Barriers: 1, Oops: 0, ImmediateOops: 0, NonImmediateOops: No
[1,569s][debug  ][gc,nmethod  ] Register NMethod: java.lang.module.ModuleDescriptor.requires (0x00007f77ef1cec10) [0x00007f77ef1ceda0, 0x00007f77ef1cee90] Compiler: c1, Barriers: 1, Oops: 0, ImmediateOops: 0, NonImmediateOops: No
[1,570s][debug  ][gc,nmethod  ] Register NMethod: java.util.HashMap$KeyIterator.next (0x00007f77cfa57f10) [0x00007f77cfa580c0, 0x00007f77cfa58238] Compiler: c1, Barriers: 1, Oops: 0, ImmediateOops: 0, NonImmediateOops: No
[1,570s][debug  ][gc,nmethod  ] Register NMethod: java.lang.module.ModuleDescriptor.isAutomatic (0x00007f77ef1cef10) [0x00007f77ef1cf0a0, 0x00007f77ef1cf168] Compiler: c1, Barriers: 0, Oops: 0, ImmediateOops: 0, NonImmediateOops: No
[1,570s][debug  ][gc,nmethod  ] Register NMethod: java.util.HashMap.afterNodeInsertion (0x00007f77ef1cf210) [0x00007f77ef1cf380, 0x00007f77ef1cf3f8] Compiler: c2, Barriers: 0, Oops: 0, ImmediateOops: 0, NonImmediateOops: No
[1,570s][debug  ][gc,nmethod  ] Register NMethod: java.util.ImmutableCollections$Set12$1.next (0x00007f77cfa58310) [0x00007f77cfa584e0, 0x00007f77cfa58830] Compiler: c1, Barriers: 4, Oops: 0, ImmediateOops: 0, NonImmediateOops: No
[1,570s][debug  ][gc,nmethod  ] Register NMethod: java.util.HashMap$KeySet.iterator (0x00007f77cfa58990) [0x00007f77cfa58b40, 0x00007f77cfa58d78] Compiler: c1, Barriers: 1, Oops: 0, ImmediateOops: 0, NonImmediateOops: No
[1,570s][debug  ][gc,nmethod  ] Register NMethod: java.util.HashMap$KeyIterator.<init> (0x00007f77cfa58e90) [0x00007f77cfa59040, 0x00007f77cfa59180] Compiler: c1, Barriers: 0, Oops: 0, ImmediateOops: 0, NonImmediateOops: No
[1,570s][debug  ][gc,nmethod  ] Register NMethod: java.util.HashSet.iterator (0x00007f77cfa59210) [0x00007f77cfa593c0, 0x00007f77cfa59670] Compiler: c1, Barriers: 1, Oops: 0, ImmediateOops: 0, NonImmediateOops: No
[1,570s][debug  ][gc,nmethod  ] Register NMethod: java.lang.module.ModuleDescriptor$Exports.targets (0x00007f77ef1cf510) [0x00007f77ef1cf6a0, 0x00007f77ef1cf790] Compiler: c1, Barriers: 1, Oops: 0, ImmediateOops: 0, NonImmediateOops: No
[1,570s][debug  ][gc,nmethod  ] Register NMethod: java.lang.module.ModuleDescriptor$Exports.source (0x00007f77ef1cf810) [0x00007f77ef1cf9a0, 0x00007f77ef1cfa90] Compiler: c1, Barriers: 1, Oops: 0, ImmediateOops: 0, NonImmediateOops: No
[1,570s][debug  ][gc,nmethod  ] Register NMethod: java.util.ImmutableCollections$Set12.isEmpty (0x00007f77ef1cfb10) [0x00007f77ef1cfca0, 0x00007f77ef1cfd60] Compiler: c1, Barriers: 0, Oops: 0, ImmediateOops: 0, NonImmediateOops: No
[1,570s][debug  ][gc,nmethod  ] Register NMethod: java.util.HashMap.keySet (0x00007f77cfa59790) [0x00007f77cfa59960, 0x00007f77cfa59d90] Compiler: c1, Barriers: 7, Oops: 0, ImmediateOops: 0, NonImmediateOops: No
[1,570s][debug  ][gc,nmethod  ] Register NMethod: java.lang.Object.equals (0x00007f77cfa59f10) [0x00007f77cfa5a0a0, 0x00007f77cfa5a200] Compiler: c1, Barriers: 0, Oops: 0, ImmediateOops: 0, NonImmediateOops: No
[1,570s][debug  ][gc,nmethod  ] Register NMethod: java.util.AbstractSet.<init> (0x00007f77cfa5a290) [0x00007f77cfa5a440, 0x00007f77cfa5a600] Compiler: c1, Barriers: 0, Oops: 0, ImmediateOops: 0, NonImmediateOops: No
[1,570s][debug  ][gc,nmethod  ] Register NMethod: java.util.HashMap$ValueIterator.next (0x00007f77cfa5a710) [0x00007f77cfa5a8c0, 0x00007f77cfa5aa38] Compiler: c1, Barriers: 1, Oops: 0, ImmediateOops: 0, NonImmediateOops: No
[1,570s][debug  ][gc,nmethod  ] Register NMethod: java.util.ImmutableCollections$Set12.contains (0x00007f77cfa5ab10) [0x00007f77cfa5ace0, 0x00007f77cfa5b078] Compiler: c1, Barriers: 2, Oops: 0, ImmediateOops: 0, NonImmediateOops: No
[1,570s][debug  ][gc,nmethod  ] Register NMethod: java.util.ImmutableCollections$SetN.contains (0x00007f77cfa5b190) [0x00007f77cfa5b360, 0x00007f77cfa5b698] Compiler: c1, Barriers: 0, Oops: 0, ImmediateOops: 0, NonImmediateOops: No
[1,570s][debug  ][gc,nmethod  ] Register NMethod: java.util.HashMap.putIfAbsent (0x00007f77cfa5b790) [0x00007f77cfa5b960, 0x00007f77cfa5bc60] Compiler: c1, Barriers: 0, Oops: 0, ImmediateOops: 0, NonImmediateOops: No
[1,571s][debug  ][gc,nmethod  ] Register NMethod: jdk.internal.util.Preconditions.checkFromToIndex (0x00007f77cfa5bd90) [0x00007f77cfa5bf40, 0x00007f77cfa5c128] Compiler: c1, Barriers: 0, Oops: 0, ImmediateOops: 0, NonImmediateOops: No
[1,571s][debug  ][gc,nmethod  ] Register NMethod: java.lang.String.coder (0x00007f77ef1cfe10) [0x00007f77ef1cff80, 0x00007f77ef1d0000] Compiler: c2, Barriers: 0, Oops: 0, ImmediateOops: 0, NonImmediateOops: No
[1,571s][debug  ][gc,nmethod  ] Register NMethod: java.lang.String.checkBoundsBeginEnd (0x00007f77cfa5c210) [0x00007f77cfa5c3c0, 0x00007f77cfa5c608] Compiler: c1, Barriers: 0, Oops: 1, ImmediateOops: 1, NonImmediateOops: No
[1,571s][debug  ][gc,nmethod  ] Register NMethod: java.lang.module.ModuleDescriptor.provides (0x00007f77ef1d0110) [0x00007f77ef1d02a0, 0x00007f77ef1d0390] Compiler: c1, Barriers: 1, Oops: 0, ImmediateOops: 0, NonImmediateOops: No
[1,571s][debug  ][gc,nmethod  ] Register NMethod: java.lang.String.substring (0x00007f77cfa5c710) [0x00007f77cfa5c920, 0x00007f77cfa5cf80] Compiler: c1, Barriers: 1, Oops: 1, ImmediateOops: 1, NonImmediateOops: No
[1,571s][debug  ][gc,nmethod  ] Register NMethod: java.lang.module.ModuleDescriptor.exports (0x00007f77ef1d0410) [0x00007f77ef1d05a0, 0x00007f77ef1d0690] Compiler: c1, Barriers: 1, Oops: 0, ImmediateOops: 0, NonImmediateOops: No
[1,571s][debug  ][gc,nmethod  ] Register NMethod: java.util.HashMap.resize (0x00007f77cfa5d210) [0x00007f77cfa5d500, 0x00007f77cfa5ead0] Compiler: c1, Barriers: 31, Oops: 0, ImmediateOops: 0, NonImmediateOops: No
[1,571s][debug  ][gc,nmethod  ] Register NMethod: java.lang.StringLatin1.newString (0x00007f77cfa5ef10) [0x00007f77cfa5f1e0, 0x00007f77cfa5ffa0] Compiler: c1, Barriers: 3, Oops: 1, ImmediateOops: 2, NonImmediateOops: No
[1,572s][debug  ][gc,nmethod  ] Register NMethod: java.util.HashMap.<init> (0x00007f77cfa60490) [0x00007f77cfa60640, 0x00007f77cfa60808] Compiler: c1, Barriers: 0, Oops: 0, ImmediateOops: 0, NonImmediateOops: No
[1,572s][debug  ][gc,nmethod  ] Register NMethod: java.util.ImmutableCollections$SetN$SetNIterator.hasNext (0x00007f77ef1d0710) [0x00007f77ef1d0880, 0x00007f77ef1d0908] Compiler: c2, Barriers: 0, Oops: 0, ImmediateOops: 0, NonImmediateOops: No
[1,572s][debug  ][gc,nmethod  ] Register NMethod: java.lang.module.ModuleDescriptor.uses (0x00007f77ef1d0a10) [0x00007f77ef1d0ba0, 0x00007f77ef1d0c90] Compiler: c1, Barriers: 1, Oops: 0, ImmediateOops: 0, NonImmediateOops: No
[1,572s][debug  ][gc,nmethod  ] Register NMethod: java.lang.StringLatin1.lastIndexOf (0x00007f77cfa60910) [0x00007f77cfa60ae0, 0x00007f77cfa60f58] Compiler: c1, Barriers: 0, Oops: 0, ImmediateOops: 0, NonImmediateOops: No
[1,572s][debug  ][gc,nmethod  ] Register NMethod: java.lang.module.ModuleDescriptor$Provides.service (0x00007f77ef1d0d10) [0x00007f77ef1d0ea0, 0x00007f77ef1d0f90] Compiler: c1, Barriers: 1, Oops: 0, ImmediateOops: 0, NonImmediateOops: No
[1,572s][debug  ][gc,nmethod  ] Register NMethod: java.util.ImmutableCollections$Set12.iterator (0x00007f77cfa61190) [0x00007f77cfa61340, 0x00007f77cfa61668] Compiler: c1, Barriers: 4, Oops: 0, ImmediateOops: 1, NonImmediateOops: No
[1,572s][debug  ][gc,nmethod  ] Register NMethod: java.util.ImmutableCollections$Set12$1.<init> (0x00007f77cfa61790) [0x00007f77cfa61940, 0x00007f77cfa61bb8] Compiler: c1, Barriers: 4, Oops: 0, ImmediateOops: 1, NonImmediateOops: No
[1,573s][debug  ][gc,nmethod  ] Register NMethod: java.lang.String.hashCode (0x00007f77ef1d1010) [0x00007f77ef1d11a0, 0x00007f77ef1d12d0] Compiler: c2, Barriers: 1, Oops: 0, ImmediateOops: 0, NonImmediateOops: No
[1,573s][debug  ][gc,nmethod  ] Register NMethod: java.util.HashSet.<init> (0x00007f77cfa61c90) [0x00007f77cfa61e60, 0x00007f77cfa62278] Compiler: c1, Barriers: 3, Oops: 0, ImmediateOops: 0, NonImmediateOops: No
[1,573s][debug  ][gc,nmethod  ] Register NMethod: java.util.HashMap$Node.getKey (0x00007f77ef1d1390) [0x00007f77ef1d1520, 0x00007f77ef1d1610] Compiler: c1, Barriers: 1, Oops: 0, ImmediateOops: 0, NonImmediateOops: No
[1,573s][debug  ][gc,nmethod  ] Register NMethod: java.util.HashMap$Node.getValue (0x00007f77ef1d1690) [0x00007f77ef1d1820, 0x00007f77ef1d1910] Compiler: c1, Barriers: 1, Oops: 0, ImmediateOops: 0, NonImmediateOops: No
[1,574s][debug  ][gc,nmethod  ] Register NMethod: java.util.KeyValueHolder.getValue (0x00007f77ef1d1990) [0x00007f77ef1d1b20, 0x00007f77ef1d1c10] Compiler: c1, Barriers: 1, Oops: 0, ImmediateOops: 0, NonImmediateOops: No
[1,574s][debug  ][gc,nmethod  ] Register NMethod: java.util.KeyValueHolder.getKey (0x00007f77ef1d1c90) [0x00007f77ef1d1e20, 0x00007f77ef1d1f10] Compiler: c1, Barriers: 1, Oops: 0, ImmediateOops: 0, NonImmediateOops: No
[1,574s][debug  ][gc,nmethod  ] Register NMethod: java.util.ImmutableCollections$SetN$SetNIterator.next (0x00007f77ef1d1f90) [0x00007f77ef1d2120, 0x00007f77ef1d2348] Compiler: c2, Barriers: 3, Oops: 0, ImmediateOops: 0, NonImmediateOops: No
[1,574s][debug  ][gc,nmethod  ] Register NMethod: java.util.concurrent.ConcurrentHashMap.casTabAt (0x00007f77cfa62410) [0x00007f77cfa625a0, 0x00007f77cfa62720] Compiler: c1, Barriers: 5, Oops: 0, ImmediateOops: 0, NonImmediateOops: No
[1,574s][debug  ][gc,nmethod  ] Register NMethod: java.util.Optional.orElse (0x00007f77cfa62790) [0x00007f77cfa62940, 0x00007f77cfa62af0] Compiler: c1, Barriers: 1, Oops: 0, ImmediateOops: 0, NonImmediateOops: No
[1,574s][debug  ][gc,nmethod  ] Register NMethod: java.util.Optional.<init> (0x00007f77cfa62b90) [0x00007f77cfa62d40, 0x00007f77cfa62f18] Compiler: c1, Barriers: 3, Oops: 0, ImmediateOops: 0, NonImmediateOops: No
[1,574s][debug  ][gc,nmethod  ] Register NMethod: java.lang.module.ModuleDescriptor.packages (0x00007f77ef1d2490) [0x00007f77ef1d2620, 0x00007f77ef1d2710] Compiler: c1, Barriers: 1, Oops: 0, ImmediateOops: 0, NonImmediateOops: No
[1,574s][debug  ][gc,nmethod  ] Register NMethod: java.lang.module.ResolvedModule.name (0x00007f77cfa63010) [0x00007f77cfa631c0, 0x00007f77cfa633a8] Compiler: c1, Barriers: 3, Oops: 0, ImmediateOops: 0, NonImmediateOops: No
[1,575s][debug  ][gc,nmethod  ] Register NMethod: java.lang.AbstractStringBuilder.isLatin1 (0x00007f77cfa63490) [0x00007f77cfa63620, 0x00007f77cfa63798] Compiler: c1, Barriers: 0, Oops: 0, ImmediateOops: 0, NonImmediateOops: No
[1,575s][debug  ][gc,nmethod  ] Register NMethod: java.util.Optional.ofNullable (0x00007f77cfa63810) [0x00007f77cfa639c0, 0x00007f77cfa63c88] Compiler: c1, Barriers: 3, Oops: 0, ImmediateOops: 1, NonImmediateOops: No
[1,575s][debug  ][gc,nmethod  ] Register NMethod: java.lang.AbstractStringBuilder.getValue (0x00007f77ef1d2790) [0x00007f77ef1d2920, 0x00007f77ef1d2a10] Compiler: c1, Barriers: 1, Oops: 0, ImmediateOops: 0, NonImmediateOops: No
[1,575s][debug  ][gc,nmethod  ] Register NMethod: java.lang.module.ModuleDescriptor$Exports.isQualified (0x00007f77ef1d2a90) [0x00007f77ef1d2c20, 0x00007f77ef1d2d28] Compiler: c2, Barriers: 1, Oops: 0, ImmediateOops: 0, NonImmediateOops: No
[1,575s][debug  ][gc,nmethod  ] Register NMethod: java.lang.AbstractStringBuilder.length (0x00007f77ef1d2e10) [0x00007f77ef1d2fa0, 0x00007f77ef1d3060] Compiler: c1, Barriers: 0, Oops: 0, ImmediateOops: 0, NonImmediateOops: No
[1,575s][debug  ][gc,director ] Rule Major: Warmup 10%, Used: 6MB, UsedThreshold: 1536MB
[1,575s][debug  ][gc,nmethod  ] Register NMethod: java.lang.module.ModuleDescriptor$Version.toString (0x00007f77ef1d3110) [0x00007f77ef1d32a0, 0x00007f77ef1d3390] Compiler: c1, Barriers: 1, Oops: 0, ImmediateOops: 0, NonImmediateOops: No
[1,576s][debug  ][gc,nmethod  ] Register NMethod: java.lang.StringBuilder.append (0x00007f77cfa63d90) [0x00007f77cfa63f40, 0x00007f77cfa64088] Compiler: c1, Barriers: 0, Oops: 0, ImmediateOops: 0, NonImmediateOops: No
[1,576s][debug  ][gc,nmethod  ] Register NMethod: java.lang.AbstractStringBuilder.putStringAt (0x00007f77cfa64110) [0x00007f77cfa642e0, 0x00007f77cfa645f0] Compiler: c1, Barriers: 1, Oops: 0, ImmediateOops: 0, NonImmediateOops: No
[1,576s][debug  ][gc,nmethod  ] Register NMethod: java.lang.AbstractStringBuilder.inflateIfNeededFor (0x00007f77cfa64790) [0x00007f77cfa64940, 0x00007f77cfa64b58] Compiler: c1, Barriers: 0, Oops: 0, ImmediateOops: 0, NonImmediateOops: No
[1,576s][debug  ][gc,nmethod  ] Register NMethod: java.lang.module.ResolvedModule.reference (0x00007f77ef1d3410) [0x00007f77ef1d35a0, 0x00007f77ef1d3690] Compiler: c1, Barriers: 1, Oops: 0, ImmediateOops: 0, NonImmediateOops: No
[1,576s][debug  ][gc,nmethod  ] Register NMethod: java.lang.AbstractStringBuilder.append (0x00007f77cfa64c90) [0x00007f77cfa64ea0, 0x00007f77cfa65440] Compiler: c1, Barriers: 2, Oops: 0, ImmediateOops: 0, NonImmediateOops: No
[1,576s][debug  ][gc,nmethod  ] Register NMethod: java.util.ImmutableCollections$MapN.get (0x00007f77cfa65690) [0x00007f77cfa65880, 0x00007f77cfa65c98] Compiler: c1, Barriers: 2, Oops: 0, ImmediateOops: 0, NonImmediateOops: No
[1,576s][debug  ][gc,nmethod  ] Register NMethod: java.lang.String.equals (0x00007f77ef1d3710) [0x00007f77ef1d38a0, 0x00007f77ef1d3b00] Compiler: c2, Barriers: 2, Oops: 0, ImmediateOops: 0, NonImmediateOops: No
[1,576s][debug  ][gc,nmethod  ] Register NMethod: java.util.HashMap.isEmpty (0x00007f77cfa65e10) [0x00007f77cfa65fa0, 0x00007f77cfa66108] Compiler: c1, Barriers: 0, Oops: 0, ImmediateOops: 0, NonImmediateOops: No
[1,577s][debug  ][gc,nmethod  ] Register NMethod: java.lang.module.ResolvedModule.configuration (0x00007f77ef1d3b90) [0x00007f77ef1d3d20, 0x00007f77ef1d3e10] Compiler: c1, Barriers: 1, Oops: 0, ImmediateOops: 0, NonImmediateOops: No
[1,577s][debug  ][gc,nmethod  ] Register NMethod: java.lang.module.ModuleDescriptor.isOpen (0x00007f77ef1d3e90) [0x00007f77ef1d4020, 0x00007f77ef1d40e8] Compiler: c1, Barriers: 0, Oops: 0, ImmediateOops: 0, NonImmediateOops: No
[1,577s][debug  ][gc,nmethod  ] Register NMethod: java.util.HashSet.isEmpty (0x00007f77cfa66190) [0x00007f77cfa66340, 0x00007f77cfa665b0] Compiler: c1, Barriers: 1, Oops: 0, ImmediateOops: 0, NonImmediateOops: No
[1,577s][debug  ][gc,nmethod  ] Register NMethod: java.lang.Module.addExports0 (0x00007f77ef1d4190) [0x00007f77ef1d4320, 0x00007f77ef1d4518] Compiler: , Barriers: 0, Oops: 0, ImmediateOops: 1, NonImmediateOops: No
[1,577s][debug  ][gc,nmethod  ] Register NMethod: java.lang.StringLatin1.equals (0x00007f77ef1d4590) [0x00007f77ef1d4720, 0x00007f77ef1d48f8] Compiler: c2, Barriers: 0, Oops: 0, ImmediateOops: 0, NonImmediateOops: No
[1,577s][debug  ][gc,nmethod  ] Register NMethod: java.util.ImmutableCollections$SetN.isEmpty (0x00007f77ef1d4a10) [0x00007f77ef1d4b80, 0x00007f77ef1d4c08] Compiler: c2, Barriers: 0, Oops: 0, ImmediateOops: 0, NonImmediateOops: No
[1,577s][debug  ][gc,nmethod  ] Register NMethod: java.util.HashMap.newNode (0x00007f77ef1d4d10) [0x00007f77ef1d4ea0, 0x00007f77ef1d4fc8] Compiler: c2, Barriers: 6, Oops: 0, ImmediateOops: 0, NonImmediateOops: No
[1,577s][debug  ][gc,nmethod  ] Register NMethod: java.util.HashMap.size (0x00007f77ef1d5090) [0x00007f77ef1d5220, 0x00007f77ef1d52e0] Compiler: c1, Barriers: 0, Oops: 0, ImmediateOops: 0, NonImmediateOops: No
[1,578s][debug  ][gc,nmethod  ] Register NMethod: jdk.internal.module.ServicesCatalog$ServiceProvider.<init> (0x00007f77cfa66690) [0x00007f77cfa66840, 0x00007f77cfa66a90] Compiler: c1, Barriers: 6, Oops: 0, ImmediateOops: 0, NonImmediateOops: No
[1,579s][debug  ][gc,nmethod  ] Register NMethod: java.lang.invoke.MemberName.allFlagsSet (0x00007f77cfa66b90) [0x00007f77cfa66d20, 0x00007f77cfa66e88] Compiler: c1, Barriers: 0, Oops: 0, ImmediateOops: 0, NonImmediateOops: No
[1,579s][debug  ][gc,nmethod  ] Register NMethod: java.lang.Enum.equals (0x00007f77cfa66f10) [0x00007f77cfa670a0, 0x00007f77cfa67200] Compiler: c1, Barriers: 0, Oops: 0, ImmediateOops: 0, NonImmediateOops: No
[1,580s][debug  ][gc,nmethod  ] Register NMethod: java.lang.StringLatin1.replace (0x00007f77cfa67290) [0x00007f77cfa67540, 0x00007f77cfa68408] Compiler: c1, Barriers: 6, Oops: 0, ImmediateOops: 3, NonImmediateOops: No
[1,581s][debug  ][gc,nmethod  ] Register NMethod: java.util.HashMap.putVal (0x00007f77ef1d5390) [0x00007f77ef1d5600, 0x00007f77ef1d5fc8] Compiler: c2, Barriers: 26, Oops: 0, ImmediateOops: 0, NonImmediateOops: No
[1,584s][debug  ][gc,nmethod  ] Register NMethod: java.util.HashMap.resize (0x00007f77ef1d6610) [0x00007f77ef1d6840, 0x00007f77ef1d7698] Compiler: c2, Barriers: 28, Oops: 0, ImmediateOops: 0, NonImmediateOops: No
[1,585s][debug  ][gc,director ] Rule Major: Warmup 10%, Used: 10MB, UsedThreshold: 1536MB
[1,595s][debug  ][gc,director ] Rule Major: Warmup 10%, Used: 10MB, UsedThreshold: 1536MB
[1,597s][debug  ][gc,nmethod  ] Register NMethod: java.util.zip.ZipUtils.SH (0x00007f77cfa68910) [0x00007f77cfa68aa0, 0x00007f77cfa68be0] Compiler: c1, Barriers: 0, Oops: 0, ImmediateOops: 0, NonImmediateOops: No
[1,606s][debug  ][gc,director ] Rule Major: Warmup 10%, Used: 10MB, UsedThreshold: 1536MB
[1,606s][debug  ][gc,nmethod  ] Register NMethod: java.lang.Class.getName (0x00007f77cfa68d10) [0x00007f77cfa68ec0, 0x00007f77cfa69088] Compiler: c1, Barriers: 1, Oops: 0, ImmediateOops: 0, NonImmediateOops: No
[1,608s][debug  ][gc,nmethod  ] Register NMethod: jdk.internal.misc.VM.isBooted (0x00007f77cfa69110) [0x00007f77cfa692a0, 0x00007f77cfa693f0] Compiler: c1, Barriers: 0, Oops: 0, ImmediateOops: 1, NonImmediateOops: No
[1,611s][debug  ][gc,nmethod  ] Register NMethod: java.lang.invoke.MethodType.<init> (0x00007f77cfa69490) [0x00007f77cfa69640, 0x00007f77cfa69890] Compiler: c1, Barriers: 6, Oops: 0, ImmediateOops: 0, NonImmediateOops: No
[1,611s][debug  ][gc,nmethod  ] Register NMethod: java.lang.invoke.MethodType$ConcurrentWeakInternSet$WeakEntry.hashCode (0x00007f77ef1d7990) [0x00007f77ef1d7b20, 0x00007f77ef1d7be0] Compiler: c1, Barriers: 0, Oops: 0, ImmediateOops: 0, NonImmediateOops: No
[1,611s][debug  ][gc,nmethod  ] Register NMethod: java.lang.invoke.MethodType$ConcurrentWeakInternSet.get (0x00007f77cfa69990) [0x00007f77cfa69bc0, 0x00007f77cfa6a408] Compiler: c1, Barriers: 5, Oops: 0, ImmediateOops: 0, NonImmediateOops: No
[1,612s][debug  ][gc,nmethod  ] Register NMethod: java.lang.invoke.MethodType.methodType (0x00007f77cfa6a690) [0x00007f77cfa6a8a0, 0x00007f77cfa6adf0] Compiler: c1, Barriers: 2, Oops: 0, ImmediateOops: 4, NonImmediateOops: No
[1,612s][debug  ][gc,nmethod  ] Register NMethod: java.lang.invoke.MethodType.makeImpl (0x00007f77cfa6af90) [0x00007f77cfa6b260, 0x00007f77cfa6c0e0] Compiler: c1, Barriers: 17, Oops: 0, ImmediateOops: 3, NonImmediateOops: No
[1,613s][debug  ][gc,nmethod  ] Register NMethod: java.lang.invoke.MethodHandle.linkToStatic (0x00007f77ef1d7c90) [0x00007f77ef1d7e00, 0x00007f77ef1d7ef0] Compiler: , Barriers: 0, Oops: 0, ImmediateOops: 0, NonImmediateOops: No
[1,613s][debug  ][gc,nmethod  ] Register NMethod: java.lang.StringBuilder.append (0x00007f77cfa6c510) [0x00007f77cfa6c6c0, 0x00007f77cfa6c808] Compiler: c1, Barriers: 0, Oops: 0, ImmediateOops: 0, NonImmediateOops: No
[1,613s][debug  ][gc,nmethod  ] Register NMethod: java.lang.AbstractStringBuilder.append (0x00007f77cfa6c890) [0x00007f77cfa6ca80, 0x00007f77cfa6d000] Compiler: c1, Barriers: 2, Oops: 0, ImmediateOops: 0, NonImmediateOops: No
[1,614s][debug  ][gc,nmethod  ] Register NMethod: java.util.concurrent.locks.AbstractOwnableSynchronizer.setExclusiveOwnerThread (0x00007f77ef1d7f90) [0x00007f77ef1d8120, 0x00007f77ef1d8250] Compiler: c1, Barriers: 3, Oops: 0, ImmediateOops: 0, NonImmediateOops: No
[1,614s][debug  ][gc,nmethod  ] Register NMethod: jdk.internal.misc.Unsafe.compareAndSetInt (0x00007f77ef1d8290) [0x00007f77ef1d8420, 0x00007f77ef1d8610] Compiler: , Barriers: 0, Oops: 0, ImmediateOops: 0, NonImmediateOops: No
[1,614s][debug  ][gc,nmethod  ] Register NMethod: java.util.concurrent.locks.AbstractOwnableSynchronizer.getExclusiveOwnerThread (0x00007f77ef1d8690) [0x00007f77ef1d8820, 0x00007f77ef1d8910] Compiler: c1, Barriers: 1, Oops: 0, ImmediateOops: 0, NonImmediateOops: No
[1,614s][debug  ][gc,nmethod  ] Register NMethod: java.util.concurrent.locks.AbstractQueuedSynchronizer.setState (0x00007f77ef1d8990) [0x00007f77ef1d8b20, 0x00007f77ef1d8be8] Compiler: c1, Barriers: 0, Oops: 0, ImmediateOops: 0, NonImmediateOops: No
[1,614s][debug  ][gc,nmethod  ] Register NMethod: java.util.concurrent.locks.AbstractQueuedSynchronizer.getState (0x00007f77ef1d8c90) [0x00007f77ef1d8e20, 0x00007f77ef1d8ee0] Compiler: c1, Barriers: 0, Oops: 0, ImmediateOops: 0, NonImmediateOops: No
[1,614s][debug  ][gc,nmethod  ] Register NMethod: java.util.concurrent.locks.ReentrantLock.lock (0x00007f77cfa6d190) [0x00007f77cfa6d360, 0x00007f77cfa6d680] Compiler: c1, Barriers: 1, Oops: 0, ImmediateOops: 0, NonImmediateOops: No
[1,614s][debug  ][gc,nmethod  ] Register NMethod: java.util.concurrent.locks.ReentrantLock$Sync.lock (0x00007f77cfa6d790) [0x00007f77cfa6d960, 0x00007f77cfa6dbe0] Compiler: c1, Barriers: 0, Oops: 0, ImmediateOops: 0, NonImmediateOops: No
[1,614s][debug  ][gc,nmethod  ] Register NMethod: java.util.concurrent.locks.ReentrantLock$NonfairSync.initialTryLock (0x00007f77cfa6dc90) [0x00007f77cfa6de80, 0x00007f77cfa6e308] Compiler: c1, Barriers: 5, Oops: 0, ImmediateOops: 1, NonImmediateOops: No
[1,615s][debug  ][gc,nmethod  ] Register NMethod: java.util.concurrent.locks.AbstractQueuedSynchronizer.signalNext (0x00007f77cfa6e410) [0x00007f77cfa6e600, 0x00007f77cfa6eb08] Compiler: c1, Barriers: 2, Oops: 0, ImmediateOops: 1, NonImmediateOops: No
[1,615s][debug  ][gc,nmethod  ] Register NMethod: java.io.BufferedInputStream.getBufIfOpen (0x00007f77cfa6ec90) [0x00007f77cfa6ee40, 0x00007f77cfa6ef80] Compiler: c1, Barriers: 0, Oops: 0, ImmediateOops: 0, NonImmediateOops: No
[1,615s][debug  ][gc,nmethod  ] Register NMethod: java.util.concurrent.locks.ReentrantLock.unlock (0x00007f77cfa6f010) [0x00007f77cfa6f1e0, 0x00007f77cfa6f510] Compiler: c1, Barriers: 2, Oops: 0, ImmediateOops: 0, NonImmediateOops: No
[1,615s][debug  ][gc,nmethod  ] Register NMethod: java.util.concurrent.locks.AbstractQueuedSynchronizer.compareAndSetState (0x00007f77cfa6f610) [0x00007f77cfa6f7a0, 0x00007f77cfa6f8c0] Compiler: c1, Barriers: 0, Oops: 0, ImmediateOops: 0, NonImmediateOops: No
[1,615s][debug  ][gc,nmethod  ] Register NMethod: java.io.BufferedInputStream.getBufIfOpen (0x00007f77cfa6f990) [0x00007f77cfa6fb60, 0x00007f77cfa6ffc0] Compiler: c1, Barriers: 7, Oops: 0, ImmediateOops: 3, NonImmediateOops: No
[1,615s][debug  ][gc,nmethod  ] Register NMethod: java.util.concurrent.locks.ReentrantLock$Sync.tryRelease (0x00007f77cfa70110) [0x00007f77cfa70300, 0x00007f77cfa70748] Compiler: c1, Barriers: 5, Oops: 0, ImmediateOops: 0, NonImmediateOops: No
[1,615s][debug  ][gc,nmethod  ] Register NMethod: java.util.concurrent.locks.AbstractQueuedSynchronizer.release (0x00007f77cfa70810) [0x00007f77cfa70a20, 0x00007f77cfa710d8] Compiler: c1, Barriers: 3, Oops: 0, ImmediateOops: 1, NonImmediateOops: No
[1,615s][debug  ][gc,nmethod  ] Register NMethod: jdk.internal.misc.InternalLock.lock (0x00007f77cfa71290) [0x00007f77cfa71480, 0x00007f77cfa718b0] Compiler: c1, Barriers: 2, Oops: 0, ImmediateOops: 0, NonImmediateOops: No
[1,616s][debug  ][gc,nmethod  ] Register NMethod: java.io.BufferedInputStream.implRead (0x00007f77cfa71a10) [0x00007f77cfa71be0, 0x00007f77cfa71eb0] Compiler: c1, Barriers: 0, Oops: 0, ImmediateOops: 0, NonImmediateOops: No
[1,616s][debug  ][gc,nmethod  ] Register NMethod: java.io.BufferedInputStream.read (0x00007f77cfa72010) [0x00007f77cfa722e0, 0x00007f77cfa73178] Compiler: c1, Barriers: 11, Oops: 0, ImmediateOops: 0, NonImmediateOops: No
[1,616s][debug  ][gc,director ] Rule Major: Warmup 10%, Used: 10MB, UsedThreshold: 1536MB
[1,616s][debug  ][gc,nmethod  ] Register NMethod: java.util.concurrent.locks.AbstractQueuedSynchronizer.compareAndSetState (0x00007f77ef1d8f90) [0x00007f77ef1d9100, 0x00007f77ef1d9188] Compiler: c2, Barriers: 0, Oops: 0, ImmediateOops: 0, NonImmediateOops: No
[1,616s][debug  ][gc,nmethod  ] Register NMethod: worker.org.gradle.internal.stream.EncodedStream$EncodedInput.read (0x00007f77cfa73610) [0x00007f77cfa73820, 0x00007f77cfa73d10] Compiler: c1, Barriers: 2, Oops: 1, ImmediateOops: 1, NonImmediateOops: No
[1,616s][debug  ][gc,nmethod  ] Register NMethod: jdk.internal.misc.InternalLock.unlock (0x00007f77cfa73e90) [0x00007f77cfa74060, 0x00007f77cfa744a0] Compiler: c1, Barriers: 3, Oops: 0, ImmediateOops: 0, NonImmediateOops: No
[1,616s][debug  ][gc,nmethod  ] Register NMethod: worker.org.gradle.internal.stream.EncodedStream$EncodedInput.hexToByte (0x00007f77cfa74610) [0x00007f77cfa74840, 0x00007f77cfa74ea0] Compiler: c1, Barriers: 3, Oops: 2, ImmediateOops: 1, NonImmediateOops: No
[1,617s][debug  ][gc,nmethod  ] Register NMethod: java.lang.StringLatin1.indexOf (0x00007f77cfa75090) [0x00007f77cfa75260, 0x00007f77cfa75668] Compiler: c1, Barriers: 0, Oops: 0, ImmediateOops: 0, NonImmediateOops: No
[1,617s][debug  ][gc,nmethod  ] Register NMethod: java.net.URL.getHost (0x00007f77ef1d9290) [0x00007f77ef1d9420, 0x00007f77ef1d9510] Compiler: c1, Barriers: 1, Oops: 0, ImmediateOops: 0, NonImmediateOops: No
[1,617s][debug  ][gc,nmethod  ] Register NMethod: sun.net.util.IPAddressUtil.earlyURLParsing (0x00007f77cfa75810) [0x00007f77cfa759a0, 0x00007f77cfa75aa8] Compiler: c1, Barriers: 0, Oops: 0, ImmediateOops: 0, NonImmediateOops: No
[1,618s][debug  ][gc,nmethod  ] Register NMethod: java.util.concurrent.locks.ReentrantLock$NonfairSync.initialTryLock (0x00007f77ef1d9590) [0x00007f77ef1d9720, 0x00007f77ef1d98c8] Compiler: c2, Barriers: 4, Oops: 0, ImmediateOops: 0, NonImmediateOops: No
[1,619s][debug  ][gc,nmethod  ] Register NMethod: java.lang.ref.Reference.<init> (0x00007f77cfa75b10) [0x00007f77cfa75cc0, 0x00007f77cfa75f68] Compiler: c1, Barriers: 6, Oops: 0, ImmediateOops: 1, NonImmediateOops: No
[1,619s][debug  ][gc,nmethod  ] Register NMethod: java.lang.System.getSecurityManager (0x00007f77cfa76010) [0x00007f77cfa761a0, 0x00007f77cfa76308] Compiler: c1, Barriers: 0, Oops: 0, ImmediateOops: 0, NonImmediateOops: No
[1,619s][debug  ][gc,nmethod  ] Register NMethod: java.lang.System.allowSecurityManager (0x00007f77cfa76390) [0x00007f77cfa76520, 0x00007f77cfa76618] Compiler: c1, Barriers: 0, Oops: 0, ImmediateOops: 0, NonImmediateOops: No
[1,620s][debug  ][gc,nmethod  ] Register NMethod: jdk.internal.misc.Blocker.begin (0x00007f77cfa76690) [0x00007f77cfa768c0, 0x00007f77cfa77180] Compiler: c1, Barriers: 1, Oops: 0, ImmediateOops: 2, NonImmediateOops: No
[1,620s][debug  ][gc,nmethod  ] Register NMethod: jdk.internal.misc.Blocker.end (0x00007f77cfa77390) [0x00007f77cfa77580, 0x00007f77cfa77a40] Compiler: c1, Barriers: 1, Oops: 0, ImmediateOops: 1, NonImmediateOops: No
[1,621s][debug  ][gc,nmethod  ] Register NMethod: java.lang.StringBuilder.length (0x00007f77cfa77c10) [0x00007f77cfa77da0, 0x00007f77cfa77ec0] Compiler: c1, Barriers: 0, Oops: 0, ImmediateOops: 0, NonImmediateOops: No
[1,621s][debug  ][gc,nmethod  ] Register NMethod: sun.net.www.ParseUtil.firstEncodeIndex (0x00007f77cfa77f90) [0x00007f77cfa781e0, 0x00007f77cfa78c48] Compiler: c1, Barriers: 3, Oops: 1, ImmediateOops: 2, NonImmediateOops: No
[1,621s][debug  ][gc,nmethod  ] Register NMethod: java.lang.Enum.<init> (0x00007f77cfa79010) [0x00007f77cfa791c0, 0x00007f77cfa79398] Compiler: c1, Barriers: 3, Oops: 0, ImmediateOops: 0, NonImmediateOops: No
[1,621s][debug  ][gc,nmethod  ] Register NMethod: java.lang.AbstractStringBuilder.<init> (0x00007f77cfa79490) [0x00007f77cfa79640, 0x00007f77cfa798d0] Compiler: c1, Barriers: 3, Oops: 0, ImmediateOops: 0, NonImmediateOops: No
[1,621s][debug  ][gc,nmethod  ] Register NMethod: java.lang.StringBuilder.toString (0x00007f77cfa79990) [0x00007f77cfa79b40, 0x00007f77cfa79d48] Compiler: c1, Barriers: 0, Oops: 0, ImmediateOops: 0, NonImmediateOops: No
[1,621s][debug  ][gc,nmethod  ] Register NMethod: java.lang.String.<init> (0x00007f77cfa79e10) [0x00007f77cfa79fc0, 0x00007f77cfa7a108] Compiler: c1, Barriers: 0, Oops: 0, ImmediateOops: 0, NonImmediateOops: No
[1,621s][debug  ][gc,nmethod  ] Register NMethod: java.lang.String.lastIndexOf (0x00007f77cfa7a190) [0x00007f77cfa7a360, 0x00007f77cfa7a678] Compiler: c1, Barriers: 2, Oops: 0, ImmediateOops: 0, NonImmediateOops: No
[1,622s][debug  ][gc,nmethod  ] Register NMethod: java.lang.String.lastIndexOf (0x00007f77cfa7a790) [0x00007f77cfa7a980, 0x00007f77cfa7adb8] Compiler: c1, Barriers: 1, Oops: 0, ImmediateOops: 0, NonImmediateOops: No
[1,623s][debug  ][gc,nmethod  ] Register NMethod: java.lang.String.<init> (0x00007f77cfa7af90) [0x00007f77cfa7b380, 0x00007f77cfa7ce40] Compiler: c1, Barriers: 10, Oops: 1, ImmediateOops: 2, NonImmediateOops: No
[1,626s][debug  ][gc,nmethod  ] Register NMethod: java.lang.invoke.MethodHandle.linkToStatic (0x00007f77ef1d9990) [0x00007f77ef1d9b00, 0x00007f77ef1d9bf0] Compiler: , Barriers: 0, Oops: 0, ImmediateOops: 0, NonImmediateOops: No
[1,626s][debug  ][gc,director ] Rule Major: Warmup 10%, Used: 10MB, UsedThreshold: 1536MB
[1,626s][debug  ][gc,nmethod  ] Register NMethod: jdk.internal.org.objectweb.asm.ByteVector.putByte (0x00007f77cfa7d710) [0x00007f77cfa7d8c0, 0x00007f77cfa7db00] Compiler: c1, Barriers: 2, Oops: 0, ImmediateOops: 0, NonImmediateOops: No
[1,626s][debug  ][gc,nmethod  ] Register NMethod: java.util.Objects.requireNonNull (0x00007f77ef1d9c90) [0x00007f77ef1d9e00, 0x00007f77ef1d9e88] Compiler: c2, Barriers: 0, Oops: 0, ImmediateOops: 0, NonImmediateOops: No
[1,626s][debug  ][gc,nmethod  ] Register NMethod: java.lang.invoke.MethodHandles$Lookup.lookupClass (0x00007f77ef1d9f90) [0x00007f77ef1da120, 0x00007f77ef1da210] Compiler: c1, Barriers: 1, Oops: 0, ImmediateOops: 0, NonImmediateOops: No
[1,626s][debug  ][gc,nmethod  ] Register NMethod: jdk.internal.org.objectweb.asm.SymbolTable$Entry.<init> (0x00007f77cfa7dc10) [0x00007f77cfa7ddc0, 0x00007f77cfa7df40] Compiler: c1, Barriers: 0, Oops: 0, ImmediateOops: 0, NonImmediateOops: No
[1,630s][debug  ][gc,nmethod  ] Register NMethod: java.lang.invoke.MethodHandle.linkToInterface (0x00007f77ef1da290) [0x00007f77ef1da400, 0x00007f77ef1da538] Compiler: , Barriers: 0, Oops: 0, ImmediateOops: 0, NonImmediateOops: No
[1,630s][debug  ][gc,nmethod  ] Register NMethod: java.lang.invoke.MemberName.initResolved (0x00007f77cfa7e010) [0x00007f77cfa7e1c0, 0x00007f77cfa7e398] Compiler: c1, Barriers: 3, Oops: 0, ImmediateOops: 0, NonImmediateOops: No
[1,631s][debug  ][gc,nmethod  ] Register NMethod: jdk.internal.misc.Unsafe.allocateUninitializedArray0 (0x00007f77cfa7e410) [0x00007f77cfa7e620, 0x00007f77cfa7eef0] Compiler: c1, Barriers: 0, Oops: 0, ImmediateOops: 8, NonImmediateOops: No
[1,632s][debug  ][gc,nmethod  ] Register NMethod: java.lang.invoke.MethodHandle.linkToSpecial (0x00007f77ef1da590) [0x00007f77ef1da700, 0x00007f77ef1da7f8] Compiler: , Barriers: 0, Oops: 0, ImmediateOops: 0, NonImmediateOops: No
[1,632s][debug  ][gc,nmethod  ] Register NMethod: java.lang.invoke.MethodTypeForm.erasedType (0x00007f77ef1da890) [0x00007f77ef1daa20, 0x00007f77ef1dab10] Compiler: c1, Barriers: 1, Oops: 0, ImmediateOops: 0, NonImmediateOops: No
[1,633s][debug  ][gc,nmethod  ] Register NMethod: jdk.internal.util.ArraysSupport.newLength (0x00007f77cfa7f010) [0x00007f77cfa7f1c0, 0x00007f77cfa7f430] Compiler: c1, Barriers: 0, Oops: 0, ImmediateOops: 0, NonImmediateOops: No
[1,633s][debug  ][gc,nmethod  ] Register NMethod: java.lang.invoke.MethodHandle.linkToSpecial (0x00007f77ef1dab90) [0x00007f77ef1dad00, 0x00007f77ef1dadf8] Compiler: , Barriers: 0, Oops: 0, ImmediateOops: 0, NonImmediateOops: No
[1,633s][debug  ][gc,nmethod  ] Register NMethod: java.lang.invoke.MethodHandle.invokeBasic (0x00007f77ef1dae90) [0x00007f77ef1db020, 0x00007f77ef1db2b8] Compiler: , Barriers: 0, Oops: 0, ImmediateOops: 0, NonImmediateOops: No
[1,633s][debug  ][gc,nmethod  ] Register NMethod: java.lang.invoke.MethodHandle.linkToSpecial (0x00007f77ef1db310) [0x00007f77ef1db480, 0x00007f77ef1db578] Compiler: , Barriers: 0, Oops: 0, ImmediateOops: 0, NonImmediateOops: No
[1,633s][debug  ][gc,nmethod  ] Register NMethod: java.lang.Class.getPackageName (0x00007f77cfa7f510) [0x00007f77cfa7f7c0, 0x00007f77cfa80320] Compiler: c1, Barriers: 7, Oops: 0, ImmediateOops: 2, NonImmediateOops: No
[1,633s][debug  ][gc,nmethod  ] Register NMethod: java.lang.String.length (0x00007f77ef1db610) [0x00007f77ef1db7a0, 0x00007f77ef1db870] Compiler: c2, Barriers: 1, Oops: 0, ImmediateOops: 0, NonImmediateOops: No
[1,634s][debug  ][gc,nmethod  ] Register NMethod: java.lang.invoke.MemberName.getMethodType (0x00007f77cfa80710) [0x00007f77cfa80a00, 0x00007f77cfa81f50] Compiler: c1, Barriers: 16, Oops: 1, ImmediateOops: 1, NonImmediateOops: No
[1,634s][debug  ][gc,nmethod  ] Register NMethod: jdk.internal.misc.Unsafe.allocateUninitializedArray (0x00007f77cfa82490) [0x00007f77cfa82680, 0x00007f77cfa82ae0] Compiler: c1, Barriers: 0, Oops: 0, ImmediateOops: 3, NonImmediateOops: No
[1,634s][debug  ][gc,nmethod  ] Register NMethod: jdk.internal.misc.Unsafe.putReferenceVolatile (0x00007f77ef1db910) [0x00007f77ef1dbaa0, 0x00007f77ef1dbc80] Compiler: , Barriers: 0, Oops: 0, ImmediateOops: 0, NonImmediateOops: No
[1,634s][debug  ][gc,nmethod  ] Register NMethod: java.lang.String.replace (0x00007f77cfa82c90) [0x00007f77cfa82e60, 0x00007f77cfa83200] Compiler: c1, Barriers: 2, Oops: 0, ImmediateOops: 0, NonImmediateOops: No
[1,634s][debug  ][gc,nmethod  ] Register NMethod: java.util.concurrent.ConcurrentHashMap.casTabAt (0x00007f77ef1dbc90) [0x00007f77ef1dbe20, 0x00007f77ef1dbf28] Compiler: c2, Barriers: 5, Oops: 0, ImmediateOops: 0, NonImmediateOops: No
[1,634s][debug  ][gc,nmethod  ] Register NMethod: jdk.internal.misc.Unsafe.putReferenceRelease (0x00007f77cfa83310) [0x00007f77cfa834a0, 0x00007f77cfa83620] Compiler: c1, Barriers: 3, Oops: 0, ImmediateOops: 0, NonImmediateOops: No
[1,635s][debug  ][gc,nmethod  ] Register NMethod: java.util.concurrent.ConcurrentHashMap.setTabAt (0x00007f77cfa83690) [0x00007f77cfa83840, 0x00007f77cfa83a30] Compiler: c1, Barriers: 0, Oops: 0, ImmediateOops: 1, NonImmediateOops: No
[1,635s][debug  ][gc,nmethod  ] Register NMethod: java.lang.StringLatin1.indexOfChar (0x00007f77ef1dbf90) [0x00007f77ef1dc100, 0x00007f77ef1dc2d0] Compiler: c2, Barriers: 0, Oops: 0, ImmediateOops: 0, NonImmediateOops: No
[1,636s][debug  ][gc,director ] Rule Major: Warmup 10%, Used: 10MB, UsedThreshold: 1536MB
[1,638s][debug  ][gc,nmethod  ] Register NMethod: java.lang.StringCoding.countPositives (0x00007f77cfa83b10) [0x00007f77cfa83cc0, 0x00007f77cfa83ef0] Compiler: c1, Barriers: 0, Oops: 0, ImmediateOops: 0, NonImmediateOops: No
[1,638s][debug  ][gc,nmethod  ] Register NMethod: java.util.zip.ZipUtils.CENEXT (0x00007f77cfa84010) [0x00007f77cfa841c0, 0x00007f77cfa84360] Compiler: c1, Barriers: 0, Oops: 0, ImmediateOops: 0, NonImmediateOops: No
[1,638s][debug  ][gc,nmethod  ] Register NMethod: java.util.zip.ZipUtils.LG (0x00007f77cfa84490) [0x00007f77cfa84640, 0x00007f77cfa848a8] Compiler: c1, Barriers: 0, Oops: 0, ImmediateOops: 0, NonImmediateOops: No
[1,638s][debug  ][gc,nmethod  ] Register NMethod: java.util.zip.ZipUtils.CENCOM (0x00007f77cfa84a10) [0x00007f77cfa84bc0, 0x00007f77cfa84d60] Compiler: c1, Barriers: 0, Oops: 0, ImmediateOops: 0, NonImmediateOops: No
[1,639s][debug  ][gc,nmethod  ] Register NMethod: java.util.zip.ZipUtils.CENHOW (0x00007f77cfa84e90) [0x00007f77cfa85040, 0x00007f77cfa851e0] Compiler: c1, Barriers: 0, Oops: 0, ImmediateOops: 0, NonImmediateOops: No
[1,639s][debug  ][gc,nmethod  ] Register NMethod: java.util.zip.ZipUtils.SH (0x00007f77ef1dc390) [0x00007f77ef1dc520, 0x00007f77ef1dc5f8] Compiler: c2, Barriers: 0, Oops: 0, ImmediateOops: 0, NonImmediateOops: No
[1,639s][debug  ][gc,nmethod  ] Register NMethod: java.util.zip.ZipUtils.CENNAM (0x00007f77cfa85310) [0x00007f77cfa854c0, 0x00007f77cfa85660] Compiler: c1, Barriers: 0, Oops: 0, ImmediateOops: 0, NonImmediateOops: No
[1,639s][debug  ][gc,nmethod  ] Register NMethod: java.util.zip.ZipCoder$UTF8ZipCoder.isUTF8 (0x00007f77ef1dc710) [0x00007f77ef1dc8a0, 0x00007f77ef1dc960] Compiler: c1, Barriers: 0, Oops: 0, ImmediateOops: 0, NonImmediateOops: No
[1,639s][debug  ][gc,nmethod  ] Register NMethod: java.util.zip.ZipFile$Source.zipCoderForPos (0x00007f77cfa85790) [0x00007f77cfa85980, 0x00007f77cfa85e18] Compiler: c1, Barriers: 4, Oops: 0, ImmediateOops: 1, NonImmediateOops: No
[1,639s][debug  ][gc,nmethod  ] Register NMethod: java.util.zip.ZipUtils.CENFLG (0x00007f77cfa85f90) [0x00007f77cfa86140, 0x00007f77cfa862e0] Compiler: c1, Barriers: 0, Oops: 0, ImmediateOops: 0, NonImmediateOops: No
[1,639s][debug  ][gc,nmethod  ] Register NMethod: java.util.zip.ZipUtils.CENSIG (0x00007f77cfa86410) [0x00007f77cfa865c0, 0x00007f77cfa86888] Compiler: c1, Barriers: 0, Oops: 0, ImmediateOops: 0, NonImmediateOops: No
[1,640s][debug  ][gc,nmethod  ] Register NMethod: java.lang.System$2.countPositives (0x00007f77cfa86a10) [0x00007f77cfa86bc0, 0x00007f77cfa86e48] Compiler: c1, Barriers: 0, Oops: 0, ImmediateOops: 0, NonImmediateOops: No
[1,640s][debug  ][gc,nmethod  ] Register NMethod: java.util.zip.ZipCoder$UTF8ZipCoder.checkedHash (0x00007f77cfa86f90) [0x00007f77cfa871a0, 0x00007f77cfa87608] Compiler: c1, Barriers: 0, Oops: 0, ImmediateOops: 2, NonImmediateOops: No
[1,640s][debug  ][gc,nmethod  ] Register NMethod: java.util.zip.ZipFile$Source.isMetaName (0x00007f77cfa87810) [0x00007f77cfa879e0, 0x00007f77cfa87ee0] Compiler: c1, Barriers: 0, Oops: 0, ImmediateOops: 0, NonImmediateOops: No
[1,640s][debug  ][gc,nmethod  ] Register NMethod: java.util.zip.ZipFile$Source.nextEntryPos (0x00007f77cfa88090) [0x00007f77cfa88260, 0x00007f77cfa885b0] Compiler: c1, Barriers: 1, Oops: 0, ImmediateOops: 0, NonImmediateOops: No
[1,641s][debug  ][gc,nmethod  ] Register NMethod: java.util.Objects.requireNonNull (0x00007f77cfa88790) [0x00007f77cfa88940, 0x00007f77cfa88b30] Compiler: c1, Barriers: 0, Oops: 0, ImmediateOops: 0, NonImmediateOops: No
[1,641s][debug  ][gc,nmethod  ] Register NMethod: java.util.zip.ZipFile$Source.checkAndAddEntry (0x00007f77cfa88c10) [0x00007f77cfa89000, 0x00007f77cfa8a950] Compiler: c1, Barriers: 3, Oops: 7, ImmediateOops: 7, NonImmediateOops: No
[1,641s][debug  ][gc,nmethod  ] Register NMethod: java.lang.StringBuilder.<init> (0x00007f77cfa8b810) [0x00007f77cfa8b9c0, 0x00007f77cfa8bb00] Compiler: c1, Barriers: 0, Oops: 0, ImmediateOops: 0, NonImmediateOops: No
[1,643s][debug  ][gc,nmethod  ] Register NMethod: sun.nio.fs.UnixPath.checkNotNul (0x00007f77cfa8bb90) [0x00007f77cfa8bd40, 0x00007f77cfa8bef0] Compiler: c1, Barriers: 0, Oops: 0, ImmediateOops: 1, NonImmediateOops: No
[1,645s][debug  ][gc,nmethod  ] Register NMethod: jdk.internal.util.Preconditions.checkFromIndexSize (0x00007f77cfa8c010) [0x00007f77cfa8c1c0, 0x00007f77cfa8c378] Compiler: c1, Barriers: 0, Oops: 0, ImmediateOops: 0, NonImmediateOops: No
[1,645s][debug  ][gc,nmethod  ] Register NMethod: java.util.zip.Inflater$InflaterZStreamRef.address (0x00007f77ef1dca10) [0x00007f77ef1dcba0, 0x00007f77ef1dcc60] Compiler: c1, Barriers: 0, Oops: 0, ImmediateOops: 0, NonImmediateOops: No
[1,645s][debug  ][gc,nmethod  ] Register NMethod: java.util.Arrays.copyOf (0x00007f77cfa8c490) [0x00007f77cfa8c660, 0x00007f77cfa8cb20] Compiler: c1, Barriers: 0, Oops: 0, ImmediateOops: 0, NonImmediateOops: No
[1,646s][debug  ][gc,director ] Rule Major: Warmup 10%, Used: 10MB, UsedThreshold: 1536MB
[1,647s][debug  ][gc,nmethod  ] Register NMethod: java.lang.StringCoding.countPositives (0x00007f77ef1dcd10) [0x00007f77ef1dcea0, 0x00007f77ef1dd040] Compiler: c2, Barriers: 0, Oops: 0, ImmediateOops: 0, NonImmediateOops: No
[1,648s][debug  ][gc,nmethod  ] Register NMethod: java.lang.ref.WeakReference.<init> (0x00007f77cfa8cc90) [0x00007f77cfa8ce40, 0x00007f77cfa8d148] Compiler: c1, Barriers: 6, Oops: 0, ImmediateOops: 1, NonImmediateOops: No
[1,648s][debug  ][gc,nmethod  ] Register NMethod: java.lang.invoke.MemberName.getReferenceKind (0x00007f77cfa8d210) [0x00007f77cfa8d3a0, 0x00007f77cfa8d4b0] Compiler: c1, Barriers: 0, Oops: 0, ImmediateOops: 0, NonImmediateOops: No
[1,651s][debug  ][gc,nmethod  ] Register NMethod: java.lang.StringUTF16.compress (0x00007f77cfa8d510) [0x00007f77cfa8d6c0, 0x00007f77cfa8d908] Compiler: c1, Barriers: 0, Oops: 0, ImmediateOops: 0, NonImmediateOops: No
[1,654s][debug  ][gc,nmethod  ] Register NMethod: java.net.URL.getUserInfo (0x00007f77ef1dd110) [0x00007f77ef1dd2a0, 0x00007f77ef1dd390] Compiler: c1, Barriers: 1, Oops: 0, ImmediateOops: 0, NonImmediateOops: No
[1,654s][debug  ][gc,nmethod  ] Register NMethod: java.util.Properties$LineReader.readLine (0x00007f77cfa8da90) [0x00007f77cfa8dea0, 0x00007f77cfa90c18] Compiler: c1, Barriers: 14, Oops: 0, ImmediateOops: 0, NonImmediateOops: No
[1,656s][debug  ][gc,director ] Rule Major: Warmup 10%, Used: 42MB, UsedThreshold: 1536MB
[1,657s][debug  ][gc,nmethod  ] Register NMethod: java.net.URL.getProtocol (0x00007f77ef1dd410) [0x00007f77ef1dd5a0, 0x00007f77ef1dd690] Compiler: c1, Barriers: 1, Oops: 0, ImmediateOops: 0, NonImmediateOops: No
[1,657s][debug  ][gc,nmethod  ] Register NMethod: java.lang.ref.Reference.reachabilityFence (0x00007f77cfa91890) [0x00007f77cfa91a20, 0x00007f77cfa91b08] Compiler: c1, Barriers: 0, Oops: 0, ImmediateOops: 0, NonImmediateOops: No
[1,659s][debug  ][gc,nmethod  ] Register NMethod: java.util.ArrayDeque.inc (0x00007f77cfa91b90) [0x00007f77cfa91d20, 0x00007f77cfa91e48] Compiler: c1, Barriers: 0, Oops: 0, ImmediateOops: 0, NonImmediateOops: No
[1,660s][debug  ][gc,nmethod  ] Register NMethod: jdk.internal.util.ArraysSupport.vectorizedHashCode (0x00007f77ef1dd710) [0x00007f77ef1dd8a0, 0x00007f77ef1ddae0] Compiler: c2, Barriers: 0, Oops: 0, ImmediateOops: 0, NonImmediateOops: No
[1,660s][debug  ][gc,nmethod  ] Register NMethod: java.util.ArrayList.size (0x00007f77ef1ddc10) [0x00007f77ef1ddda0, 0x00007f77ef1dde60] Compiler: c1, Barriers: 0, Oops: 0, ImmediateOops: 0, NonImmediateOops: No
[1,660s][debug  ][gc,nmethod  ] Register NMethod: java.lang.AbstractStringBuilder.newCapacity (0x00007f77cfa91f10) [0x00007f77cfa920e0, 0x00007f77cfa92510] Compiler: c1, Barriers: 1, Oops: 0, ImmediateOops: 1, NonImmediateOops: No
[1,661s][debug  ][gc,nmethod  ] Register NMethod: java.lang.String.endsWith (0x00007f77cfa92690) [0x00007f77cfa92860, 0x00007f77cfa92bf8] Compiler: c1, Barriers: 2, Oops: 0, ImmediateOops: 0, NonImmediateOops: No
[1,663s][debug  ][gc,nmethod  ] Register NMethod: java.lang.Class.getModule (0x00007f77ef1ddf10) [0x00007f77ef1de0a0, 0x00007f77ef1de190] Compiler: c1, Barriers: 1, Oops: 0, ImmediateOops: 0, NonImmediateOops: No
[1,665s][debug  ][gc,nmethod  ] Register NMethod: java.lang.StringConcatHelper.newArray (0x00007f77cfa92d90) [0x00007f77cfa92f60, 0x00007f77cfa93288] Compiler: c1, Barriers: 0, Oops: 0, ImmediateOops: 3, NonImmediateOops: No
[1,666s][debug  ][gc,nmethod  ] Register NMethod: java.util.ArrayList.add (0x00007f77cfa93390) [0x00007f77cfa93560, 0x00007f77cfa93908] Compiler: c1, Barriers: 3, Oops: 0, ImmediateOops: 0, NonImmediateOops: No
[1,666s][debug  ][gc,nmethod  ] Register NMethod: java.util.ArrayList.add (0x00007f77cfa93a90) [0x00007f77cfa93c60, 0x00007f77cfa940b0] Compiler: c1, Barriers: 4, Oops: 0, ImmediateOops: 0, NonImmediateOops: No
[1,666s][debug  ][gc,nmethod  ] Register NMethod: java.io.UnixFileSystem.prefixLength (0x00007f77cfa94290) [0x00007f77cfa94440, 0x00007f77cfa94678] Compiler: c1, Barriers: 0, Oops: 1, ImmediateOops: 1, NonImmediateOops: No
[1,667s][debug  ][gc,director ] Rule Major: Warmup 10%, Used: 42MB, UsedThreshold: 1536MB
[1,669s][debug  ][gc,nmethod  ] Register NMethod: java.lang.ref.Cleaner$1.apply (0x00007f77cfa94790) [0x00007f77cfa94920, 0x00007f77cfa94a58] Compiler: c1, Barriers: 1, Oops: 0, ImmediateOops: 0, NonImmediateOops: No
[1,669s][debug  ][gc,nmethod  ] Register NMethod: jdk.internal.ref.CleanerImpl.getCleanerImpl (0x00007f77cfa94b10) [0x00007f77cfa94cc0, 0x00007f77cfa94f80] Compiler: c1, Barriers: 1, Oops: 0, ImmediateOops: 1, NonImmediateOops: No
[1,669s][debug  ][gc,nmethod  ] Register NMethod: java.lang.ref.Cleaner$1.apply (0x00007f77cfa95090) [0x00007f77cfa95240, 0x00007f77cfa954c8] Compiler: c1, Barriers: 1, Oops: 0, ImmediateOops: 0, NonImmediateOops: No
[1,669s][debug  ][gc,nmethod  ] Register NMethod: java.util.zip.ZipUtils.LG (0x00007f77ef1de210) [0x00007f77ef1de3a0, 0x00007f77ef1de4a8] Compiler: c2, Barriers: 0, Oops: 0, ImmediateOops: 0, NonImmediateOops: No
[1,670s][debug  ][gc,nmethod  ] Register NMethod: java.lang.invoke.MethodTypeForm.parameterSlotCount (0x00007f77ef1de590) [0x00007f77ef1de720, 0x00007f77ef1de7e0] Compiler: c1, Barriers: 0, Oops: 0, ImmediateOops: 0, NonImmediateOops: No
[1,671s][debug  ][gc,nmethod  ] Register NMethod: java.lang.invoke.MethodHandle.linkToStatic (0x00007f77ef1de890) [0x00007f77ef1dea00, 0x00007f77ef1deaf0] Compiler: , Barriers: 0, Oops: 0, ImmediateOops: 0, NonImmediateOops: No
[1,671s][debug  ][gc,nmethod  ] Register NMethod: java.lang.invoke.MethodHandle.invokeBasic (0x00007f77ef1deb90) [0x00007f77ef1ded20, 0x00007f77ef1defb8] Compiler: , Barriers: 0, Oops: 0, ImmediateOops: 0, NonImmediateOops: No
[1,671s][debug  ][gc,nmethod  ] Register NMethod: java.lang.invoke.MethodType.checkPtypes (0x00007f77cfa95610) [0x00007f77cfa958a0, 0x00007f77cfa96380] Compiler: c1, Barriers: 1, Oops: 2, ImmediateOops: 5, NonImmediateOops: No
[1,672s][debug  ][gc,nmethod  ] Register NMethod: jdk.internal.org.objectweb.asm.ByteVector.put12 (0x00007f77cfa96810) [0x00007f77cfa969c0, 0x00007f77cfa96c50] Compiler: c1, Barriers: 2, Oops: 0, ImmediateOops: 0, NonImmediateOops: No
[1,673s][debug  ][gc,nmethod  ] Register NMethod: java.lang.String.toString (0x00007f77cfa96d90) [0x00007f77cfa96f20, 0x00007f77cfa97028] Compiler: c1, Barriers: 0, Oops: 0, ImmediateOops: 0, NonImmediateOops: No
[1,675s][debug  ][gc,nmethod  ] Register NMethod: java.util.zip.ZipFile$Source.getEntryHash (0x00007f77cfa97090) [0x00007f77cfa97220, 0x00007f77cfa97378] Compiler: c1, Barriers: 1, Oops: 0, ImmediateOops: 0, NonImmediateOops: No
[1,675s][debug  ][gc,nmethod  ] Register NMethod: java.util.Objects.checkIndex (0x00007f77cfa97490) [0x00007f77cfa97620, 0x00007f77cfa97750] Compiler: c1, Barriers: 0, Oops: 0, ImmediateOops: 0, NonImmediateOops: No
[1,675s][debug  ][gc,nmethod  ] Register NMethod: java.lang.String.intern (0x00007f77ef1df010) [0x00007f77ef1df1c0, 0x00007f77ef1df558] Compiler: , Barriers: 0, Oops: 0, ImmediateOops: 0, NonImmediateOops: No
[1,675s][debug  ][gc,nmethod  ] Register NMethod: java.util.ArrayList.get (0x00007f77cfa97810) [0x00007f77cfa979c0, 0x00007f77cfa97c70] Compiler: c1, Barriers: 2, Oops: 0, ImmediateOops: 0, NonImmediateOops: No
[1,675s][debug  ][gc,nmethod  ] Register NMethod: java.util.ArrayList.elementData (0x00007f77cfa97e10) [0x00007f77cfa97fc0, 0x00007f77cfa98150] Compiler: c1, Barriers: 2, Oops: 0, ImmediateOops: 0, NonImmediateOops: No
[1,676s][debug  ][gc,nmethod  ] Register NMethod: java.util.zip.ZipFile$Source.getEntryNext (0x00007f77cfa98210) [0x00007f77cfa983a0, 0x00007f77cfa98500] Compiler: c1, Barriers: 1, Oops: 0, ImmediateOops: 0, NonImmediateOops: No
[1,676s][debug  ][gc,nmethod  ] Register NMethod: java.util.AbstractMap.<init> (0x00007f77cfa98610) [0x00007f77cfa987a0, 0x00007f77cfa98900] Compiler: c1, Barriers: 0, Oops: 0, ImmediateOops: 0, NonImmediateOops: No
[1,677s][debug  ][gc,director ] Rule Major: Warmup 10%, Used: 42MB, UsedThreshold: 1536MB
[1,677s][debug  ][gc,nmethod  ] Register NMethod: java.io.RandomAccessFile.readBytes0 (0x00007f77ef1df590) [0x00007f77ef1df720, 0x00007f77ef1df900] Compiler: , Barriers: 0, Oops: 0, ImmediateOops: 0, NonImmediateOops: No
[1,677s][debug  ][gc,nmethod  ] Register NMethod: java.io.RandomAccessFile.read (0x00007f77cfa98990) [0x00007f77cfa98b40, 0x00007f77cfa98c80] Compiler: c1, Barriers: 0, Oops: 0, ImmediateOops: 0, NonImmediateOops: No
[1,677s][debug  ][gc,nmethod  ] Register NMethod: java.io.RandomAccessFile.readBytes (0x00007f77cfa98d10) [0x00007f77cfa98ee0, 0x00007f77cfa99108] Compiler: c1, Barriers: 0, Oops: 0, ImmediateOops: 0, NonImmediateOops: No
[1,679s][debug  ][gc,nmethod  ] Register NMethod: java.util.zip.ZipFile.ensureOpen (0x00007f77cfa99290) [0x00007f77cfa99460, 0x00007f77cfa99750] Compiler: c1, Barriers: 2, Oops: 0, ImmediateOops: 2, NonImmediateOops: No
[1,679s][debug  ][gc,nmethod  ] Register NMethod: java.security.ProtectionDomain.getCodeSource (0x00007f77ef1df910) [0x00007f77ef1dfaa0, 0x00007f77ef1dfb90] Compiler: c1, Barriers: 1, Oops: 0, ImmediateOops: 0, NonImmediateOops: No
[1,680s][debug  ][gc,nmethod  ] Register NMethod: java.net.URL.getFile (0x00007f77ef1dfc10) [0x00007f77ef1dfda0, 0x00007f77ef1dfe90] Compiler: c1, Barriers: 1, Oops: 0, ImmediateOops: 0, NonImmediateOops: No
[1,680s][debug  ][gc,nmethod  ] Register NMethod: java.lang.ClassLoader.checkName (0x00007f77cfa99890) [0x00007f77cfa99ac0, 0x00007f77cfa9a398] Compiler: c1, Barriers: 3, Oops: 1, ImmediateOops: 2, NonImmediateOops: No
[1,680s][debug  ][gc,nmethod  ] Register NMethod: java.lang.StringConcatHelper.checkOverflow (0x00007f77cfa9a710) [0x00007f77cfa9a8c0, 0x00007f77cfa9aab8] Compiler: c1, Barriers: 0, Oops: 0, ImmediateOops: 1, NonImmediateOops: No
[1,680s][debug  ][gc,nmethod  ] Register NMethod: java.lang.StringConcatHelper.stringOf (0x00007f77cfa9ab90) [0x00007f77cfa9ad40, 0x00007f77cfa9af70] Compiler: c1, Barriers: 0, Oops: 0, ImmediateOops: 1, NonImmediateOops: No
[1,680s][debug  ][gc,nmethod  ] Register NMethod: java.lang.StringConcatHelper.mix (0x00007f77cfa9b010) [0x00007f77cfa9b1e0, 0x00007f77cfa9b628] Compiler: c1, Barriers: 1, Oops: 0, ImmediateOops: 1, NonImmediateOops: No
[1,681s][debug  ][gc,nmethod  ] Register NMethod: java.lang.StringConcatHelper.prepend (0x00007f77cfa9b810) [0x00007f77cfa9b9e0, 0x00007f77cfa9bce0] Compiler: c1, Barriers: 1, Oops: 0, ImmediateOops: 0, NonImmediateOops: No
[1,681s][debug  ][gc,nmethod  ] Register NMethod: java.util.jar.Attributes$Name.hashCode (0x00007f77ef1dff10) [0x00007f77ef1e00a0, 0x00007f77ef1e0160] Compiler: c1, Barriers: 0, Oops: 0, ImmediateOops: 0, NonImmediateOops: No
[1,682s][debug  ][gc,nmethod  ] Register NMethod: java.util.jar.JarFile.checkForSpecialAttributes (0x00007f77cfa9be90) [0x00007f77cfa9c1a0, 0x00007f77cfa9d288] Compiler: c1, Barriers: 10, Oops: 1, ImmediateOops: 8, NonImmediateOops: No
[1,683s][debug  ][gc,nmethod  ] Register NMethod: jdk.internal.loader.URLClassPath$JarLoader.ensureOpen (0x00007f77cfa9da10) [0x00007f77cfa9dc00, 0x00007f77cfa9e0a0] Compiler: c1, Barriers: 5, Oops: 0, ImmediateOops: 0, NonImmediateOops: No
[1,683s][debug  ][gc,nmethod  ] Register NMethod: java.util.jar.JarFile.isMultiRelease (0x00007f77cfa9e210) [0x00007f77cfa9e3c0, 0x00007f77cfa9e5d0] Compiler: c1, Barriers: 0, Oops: 0, ImmediateOops: 0, NonImmediateOops: No
[1,684s][debug  ][gc,nmethod  ] Register NMethod: java.util.zip.ZipFile.getEntry (0x00007f77cfa9e690) [0x00007f77cfa9e880, 0x00007f77cfa9ed78] Compiler: c1, Barriers: 2, Oops: 1, ImmediateOops: 1, NonImmediateOops: No
[1,684s][debug  ][gc,nmethod  ] Register NMethod: java.util.zip.ZipFile$Source.getEntryPos (0x00007f77cfa9f010) [0x00007f77cfa9f260, 0x00007f77cfa9fc50] Compiler: c1, Barriers: 5, Oops: 1, ImmediateOops: 1, NonImmediateOops: No
[1,684s][debug  ][gc,nmethod  ] Register NMethod: java.util.zip.ZipCoder.hash (0x00007f77cfaa0110) [0x00007f77cfaa0320, 0x00007f77cfaa0a90] Compiler: c1, Barriers: 1, Oops: 1, ImmediateOops: 2, NonImmediateOops: No
[1,687s][debug  ][gc,director ] Rule Major: Warmup 10%, Used: 42MB, UsedThreshold: 1536MB
[1,689s][debug  ][gc,nmethod  ] Register NMethod: java.nio.Buffer.session (0x00007f77cfaa0d90) [0x00007f77cfaa0f60, 0x00007f77cfaa1250] Compiler: c1, Barriers: 1, Oops: 0, ImmediateOops: 0, NonImmediateOops: No
[1,689s][debug  ][gc,nmethod  ] Register NMethod: java.nio.Buffer.checkIndex (0x00007f77cfaa1310) [0x00007f77cfaa14a0, 0x00007f77cfaa15f8] Compiler: c1, Barriers: 0, Oops: 1, ImmediateOops: 1, NonImmediateOops: No
[1,690s][debug  ][gc,nmethod  ] Register NMethod: java.lang.ref.Reference.reachabilityFence (0x00007f77ef1e0210) [0x00007f77ef1e0380, 0x00007f77ef1e03e8] Compiler: c2, Barriers: 0, Oops: 0, ImmediateOops: 0, NonImmediateOops: No
[1,690s][debug  ][gc,nmethod  ] Register NMethod: jdk.internal.misc.Unsafe.getByte (0x00007f77ef1e0510) [0x00007f77ef1e06a0, 0x00007f77ef1e0880] Compiler: , Barriers: 0, Oops: 0, ImmediateOops: 0, NonImmediateOops: No
[1,690s][debug  ][gc,nmethod  ] Register NMethod: java.nio.DirectByteBuffer.ix (0x00007f77cfaa1690) [0x00007f77cfaa1820, 0x00007f77cfaa1930] Compiler: c1, Barriers: 0, Oops: 0, ImmediateOops: 0, NonImmediateOops: No
[1,690s][debug  ][gc,nmethod  ] Register NMethod: jdk.internal.misc.ScopedMemoryAccess.getByte (0x00007f77cfaa1990) [0x00007f77cfaa1b60, 0x00007f77cfaa1f38] Compiler: c1, Barriers: 0, Oops: 0, ImmediateOops: 0, NonImmediateOops: No
[1,690s][debug  ][gc,nmethod  ] Register NMethod: jdk.internal.misc.ScopedMemoryAccess.getByteInternal (0x00007f77cfaa2110) [0x00007f77cfaa22c0, 0x00007f77cfaa2528] Compiler: c1, Barriers: 0, Oops: 0, ImmediateOops: 0, NonImmediateOops: No
[1,691s][debug  ][gc,nmethod  ] Register NMethod: java.nio.DirectByteBuffer.get (0x00007f77cfaa2690) [0x00007f77cfaa28e0, 0x00007f77cfaa31f0] Compiler: c1, Barriers: 1, Oops: 2, ImmediateOops: 2, NonImmediateOops: No
[1,691s][debug  ][gc,nmethod  ] Register NMethod: java.util.concurrent.ConcurrentHashMap.tabAt (0x00007f77ef1e0890) [0x00007f77ef1e0a00, 0x00007f77ef1e0aa8] Compiler: c2, Barriers: 1, Oops: 0, ImmediateOops: 0, NonImmediateOops: No
[1,691s][debug  ][gc,nmethod  ] Register NMethod: java.util.jar.JarFile.getJarEntry (0x00007f77cfaa3690) [0x00007f77cfaa3880, 0x00007f77cfaa3d30] Compiler: c1, Barriers: 0, Oops: 0, ImmediateOops: 0, NonImmediateOops: No
[1,691s][debug  ][gc,nmethod  ] Register NMethod: jdk.internal.loader.URLClassPath$JarLoader.getResource (0x00007f77cfaa3e90) [0x00007f77cfaa40a0, 0x00007f77cfaa4598] Compiler: c1, Barriers: 1, Oops: 0, ImmediateOops: 0, NonImmediateOops: No
[1,692s][debug  ][gc,nmethod  ] Register NMethod: java.util.jar.JarFile.getEntry (0x00007f77cfaa4790) [0x00007f77cfaa4980, 0x00007f77cfaa4e08] Compiler: c1, Barriers: 0, Oops: 0, ImmediateOops: 0, NonImmediateOops: No
[1,692s][debug  ][gc,nmethod  ] Register NMethod: java.io.File.isInvalid (0x00007f77cfaa4f90) [0x00007f77cfaa5160, 0x00007f77cfaa55e8] Compiler: c1, Barriers: 5, Oops: 0, ImmediateOops: 4, NonImmediateOops: No
[1,693s][debug  ][gc,nmethod  ] Register NMethod: jdk.internal.loader.URLClassPath.getLoader (0x00007f77cfaa5710) [0x00007f77cfaa5a40, 0x00007f77cfaa6ed8] Compiler: c1, Barriers: 12, Oops: 0, ImmediateOops: 0, NonImmediateOops: No
[1,693s][debug  ][gc,nmethod  ] Register NMethod: java.util.zip.ZipFile$Source.zipCoderForPos (0x00007f77ef1e0b90) [0x00007f77ef1e0d20, 0x00007f77ef1e0e18] Compiler: c2, Barriers: 1, Oops: 0, ImmediateOops: 0, NonImmediateOops: No
[1,693s][debug  ][gc,nmethod  ] Register NMethod: java.lang.ref.ReferenceQueue.poll (0x00007f77cfaa7690) [0x00007f77cfaa7940, 0x00007f77cfaa85c0] Compiler: c1, Barriers: 9, Oops: 0, ImmediateOops: 0, NonImmediateOops: No
[1,694s][debug  ][gc,nmethod  ] Register NMethod: java.nio.DirectLongBufferU.ix (0x00007f77cfaa8910) [0x00007f77cfaa8aa0, 0x00007f77cfaa8bb8] Compiler: c1, Barriers: 0, Oops: 0, ImmediateOops: 0, NonImmediateOops: No
[1,696s][debug  ][gc,nmethod  ] Register NMethod: java.util.zip.ZipFile$Source.isMetaName (0x00007f77ef1e0f10) [0x00007f77ef1e10c0, 0x00007f77ef1e1320] Compiler: c2, Barriers: 0, Oops: 0, ImmediateOops: 0, NonImmediateOops: No
[1,697s][debug  ][gc,nmethod  ] Register NMethod: java.util.HashSet.contains (0x00007f77cfaa8c90) [0x00007f77cfaa8e40, 0x00007f77cfaa90f0] Compiler: c1, Barriers: 1, Oops: 0, ImmediateOops: 0, NonImmediateOops: No
[1,697s][debug  ][gc,director ] Rule Major: Warmup 10%, Used: 42MB, UsedThreshold: 1536MB
[1,698s][debug  ][gc,nmethod  ] Register NMethod: java.io.RandomAccessFile.seek0 (0x00007f77ef1e1510) [0x00007f77ef1e16a0, 0x00007f77ef1e1850] Compiler: , Barriers: 0, Oops: 0, ImmediateOops: 0, NonImmediateOops: No
[1,698s][debug  ][gc,nmethod  ] Register NMethod: java.util.Objects.checkFromIndexSize (0x00007f77cfaa9210) [0x00007f77cfaa93c0, 0x00007f77cfaa95e0] Compiler: c1, Barriers: 0, Oops: 0, ImmediateOops: 0, NonImmediateOops: No
[1,698s][debug  ][gc,nmethod  ] Register NMethod: java.io.RandomAccessFile.seek (0x00007f77cfaa9710) [0x00007f77cfaa9900, 0x00007f77cfaa9c48] Compiler: c1, Barriers: 0, Oops: 0, ImmediateOops: 1, NonImmediateOops: No
[1,699s][debug  ][gc,nmethod  ] Register NMethod: java.util.WeakHashMap.maskNull (0x00007f77cfaa9e10) [0x00007f77cfaa9fa0, 0x00007f77cfaaa0e0] Compiler: c1, Barriers: 0, Oops: 0, ImmediateOops: 1, NonImmediateOops: No
[1,699s][debug  ][gc,nmethod  ] Register NMethod: java.util.WeakHashMap.hash (0x00007f77cfaaa190) [0x00007f77cfaaa340, 0x00007f77cfaaa528] Compiler: c1, Barriers: 0, Oops: 0, ImmediateOops: 0, NonImmediateOops: No
[1,699s][debug  ][gc,nmethod  ] Register NMethod: java.util.WeakHashMap.getTable (0x00007f77cfaaa610) [0x00007f77cfaaa7c0, 0x00007f77cfaaa938] Compiler: c1, Barriers: 1, Oops: 0, ImmediateOops: 0, NonImmediateOops: No
[1,699s][debug  ][gc,nmethod  ] Register NMethod: java.util.WeakHashMap.indexFor (0x00007f77cfaaaa10) [0x00007f77cfaaaba0, 0x00007f77cfaaac90] Compiler: c1, Barriers: 0, Oops: 0, ImmediateOops: 0, NonImmediateOops: No
[1,699s][debug  ][gc,nmethod  ] Register NMethod: java.security.CodeSource.getLocationNoFragString (0x00007f77ef1e1890) [0x00007f77ef1e1a20, 0x00007f77ef1e1b10] Compiler: c1, Barriers: 1, Oops: 0, ImmediateOops: 0, NonImmediateOops: No
[1,700s][debug  ][gc,nmethod  ] Register NMethod: java.util.WeakHashMap.expungeStaleEntries (0x00007f77cfaaad10) [0x00007f77cfaaaf40, 0x00007f77cfaab8f8] Compiler: c1, Barriers: 14, Oops: 0, ImmediateOops: 0, NonImmediateOops: No
[1,700s][debug  ][gc,nmethod  ] Register NMethod: java.lang.System.nanoTime (0x00007f77ef1e1b90) [0x00007f77ef1e1d20, 0x00007f77ef1e1ee8] Compiler: , Barriers: 0, Oops: 0, ImmediateOops: 1, NonImmediateOops: No
[1,702s][debug  ][gc,nmethod  ] Register NMethod: java.util.zip.ZipFile$Source.checkAndAddEntry (0x00007f77ef1e1f10) [0x00007f77ef1e2140, 0x00007f77ef1e2f98] Compiler: c2, Barriers: 4, Oops: 0, ImmediateOops: 0, NonImmediateOops: No
[1,703s][debug  ][gc,nmethod  ] Register NMethod: java.lang.String.value (0x00007f77ef1e3810) [0x00007f77ef1e39a0, 0x00007f77ef1e3a90] Compiler: c1, Barriers: 1, Oops: 0, ImmediateOops: 0, NonImmediateOops: No
[1,704s][debug  ][gc,nmethod  ] Register NMethod: java.util.zip.ZipUtils.CENLEN (0x00007f77cfaabd10) [0x00007f77cfaabec0, 0x00007f77cfaac190] Compiler: c1, Barriers: 0, Oops: 0, ImmediateOops: 0, NonImmediateOops: No
[1,704s][debug  ][gc,nmethod  ] Register NMethod: java.io.RandomAccessFile.readFully (0x00007f77cfaac310) [0x00007f77cfaac4e0, 0x00007f77cfaac858] Compiler: c1, Barriers: 0, Oops: 0, ImmediateOops: 0, NonImmediateOops: No
[1,705s][debug  ][gc,nmethod  ] Register NMethod: java.security.CodeSource.getLocation (0x00007f77ef1e3b10) [0x00007f77ef1e3ca0, 0x00007f77ef1e3d90] Compiler: c1, Barriers: 1, Oops: 0, ImmediateOops: 0, NonImmediateOops: No
[1,705s][debug  ][gc,nmethod  ] Register NMethod: java.net.URL.getPath (0x00007f77ef1e3e10) [0x00007f77ef1e3fa0, 0x00007f77ef1e4090] Compiler: c1, Barriers: 1, Oops: 0, ImmediateOops: 0, NonImmediateOops: No
[1,705s][debug  ][gc,nmethod  ] Register NMethod: java.lang.CharacterDataLatin1.equalsIgnoreCase (0x00007f77cfaaca10) [0x00007f77cfaacbc0, 0x00007f77cfaacec8] Compiler: c1, Barriers: 0, Oops: 0, ImmediateOops: 0, NonImmediateOops: No
[1,706s][debug  ][gc,nmethod  ] Register NMethod: jdk.internal.misc.Unsafe.putReferenceRelease (0x00007f77ef1e4110) [0x00007f77ef1e42a0, 0x00007f77ef1e43b8] Compiler: c2, Barriers: 3, Oops: 0, ImmediateOops: 0, NonImmediateOops: No
[1,706s][debug  ][gc,nmethod  ] Register NMethod: java.lang.ClassLoader.findLoadedClass0 (0x00007f77ef1e4410) [0x00007f77ef1e45c0, 0x00007f77ef1e4970] Compiler: , Barriers: 0, Oops: 0, ImmediateOops: 0, NonImmediateOops: No
[1,707s][debug  ][gc,nmethod  ] Register NMethod: java.lang.ClassLoader.findLoadedClass (0x00007f77cfaacf90) [0x00007f77cfaad140, 0x00007f77cfaad330] Compiler: c1, Barriers: 0, Oops: 0, ImmediateOops: 0, NonImmediateOops: No
[1,707s][debug  ][gc,nmethod  ] Register NMethod: java.lang.ClassLoader.getClassLoadingLock (0x00007f77cfaad410) [0x00007f77cfaad5e0, 0x00007f77cfaad910] Compiler: c1, Barriers: 1, Oops: 0, ImmediateOops: 0, NonImmediateOops: No
[1,707s][debug  ][gc,nmethod  ] Register NMethod: java.lang.StringLatin1.regionMatchesCI (0x00007f77cfaada90) [0x00007f77cfaadc60, 0x00007f77cfaadf28] Compiler: c1, Barriers: 0, Oops: 0, ImmediateOops: 0, NonImmediateOops: No
[1,707s][debug  ][gc,nmethod  ] Register NMethod: java.lang.String.regionMatches (0x00007f77cfaae110) [0x00007f77cfaae360, 0x00007f77cfaaebc0] Compiler: c1, Barriers: 2, Oops: 0, ImmediateOops: 0, NonImmediateOops: No
[1,708s][debug  ][gc,director ] Rule Major: Warmup 10%, Used: 42MB, UsedThreshold: 1536MB
[1,708s][debug  ][gc,nmethod  ] Register NMethod: jdk.internal.perf.PerfCounter.add (0x00007f77cfaaee90) [0x00007f77cfaaf060, 0x00007f77cfaaf4b8] Compiler: c1, Barriers: 2, Oops: 0, ImmediateOops: 0, NonImmediateOops: No
[1,708s][debug  ][gc,nmethod  ] Register NMethod: jdk.internal.perf.PerfCounter.get (0x00007f77cfaaf690) [0x00007f77cfaaf840, 0x00007f77cfaafaa0] Compiler: c1, Barriers: 1, Oops: 0, ImmediateOops: 0, NonImmediateOops: No
[1,708s][debug  ][gc,nmethod  ] Register NMethod: jdk.internal.misc.ScopedMemoryAccess.getLong (0x00007f77cfaafb90) [0x00007f77cfaafd60, 0x00007f77cfab0120] Compiler: c1, Barriers: 0, Oops: 0, ImmediateOops: 0, NonImmediateOops: No
[1,708s][debug  ][gc,nmethod  ] Register NMethod: java.nio.DirectLongBufferU.get (0x00007f77cfab0310) [0x00007f77cfab0560, 0x00007f77cfab0e80] Compiler: c1, Barriers: 1, Oops: 2, ImmediateOops: 2, NonImmediateOops: No
[1,709s][debug  ][gc,nmethod  ] Register NMethod: jdk.internal.misc.ScopedMemoryAccess.getLongInternal (0x00007f77cfab1390) [0x00007f77cfab1540, 0x00007f77cfab17a0] Compiler: c1, Barriers: 0, Oops: 0, ImmediateOops: 0, NonImmediateOops: No
[1,709s][debug  ][gc,nmethod  ] Register NMethod: java.lang.StringLatin1.lastIndexOf (0x00007f77ef1e4990) [0x00007f77ef1e4b20, 0x00007f77ef1e4cc0] Compiler: c2, Barriers: 0, Oops: 0, ImmediateOops: 0, NonImmediateOops: No
[1,709s][debug  ][gc,nmethod  ] Register NMethod: java.util.zip.Inflater.ensureOpen (0x00007f77cfab1910) [0x00007f77cfab1ac0, 0x00007f77cfab1d48] Compiler: c1, Barriers: 1, Oops: 0, ImmediateOops: 1, NonImmediateOops: No
[1,709s][debug  ][gc,nmethod  ] Register NMethod: java.util.jar.Attributes.getValue (0x00007f77cfab1e90) [0x00007f77cfab2040, 0x00007f77cfab2370] Compiler: c1, Barriers: 1, Oops: 0, ImmediateOops: 0, NonImmediateOops: No
[1,709s][debug  ][gc,nmethod  ] Register NMethod: java.nio.DirectLongBufferU.put (0x00007f77cfab2490) [0x00007f77cfab26e0, 0x00007f77cfab3038] Compiler: c1, Barriers: 1, Oops: 2, ImmediateOops: 2, NonImmediateOops: No
[1,709s][debug  ][gc,nmethod  ] Register NMethod: java.util.jar.Attributes.get (0x00007f77cfab3510) [0x00007f77cfab36c0, 0x00007f77cfab38b8] Compiler: c1, Barriers: 1, Oops: 0, ImmediateOops: 0, NonImmediateOops: No
[1,710s][debug  ][gc,nmethod  ] Register NMethod: java.lang.ClassLoader.loadClass (0x00007f77cfab3990) [0x00007f77cfab3b40, 0x00007f77cfab3d00] Compiler: c1, Barriers: 0, Oops: 0, ImmediateOops: 0, NonImmediateOops: No
[1,711s][debug  ][gc,nmethod  ] Register NMethod: java.net.URL.getPort (0x00007f77ef1e4e10) [0x00007f77ef1e4fa0, 0x00007f77ef1e5060] Compiler: c1, Barriers: 0, Oops: 0, ImmediateOops: 0, NonImmediateOops: No
[1,711s][debug  ][gc,nmethod  ] Register NMethod: java.net.URL.getRef (0x00007f77ef1e5110) [0x00007f77ef1e52a0, 0x00007f77ef1e5390] Compiler: c1, Barriers: 1, Oops: 0, ImmediateOops: 0, NonImmediateOops: No
[1,711s][debug  ][gc,nmethod  ] Register NMethod: java.net.URL.getAuthority (0x00007f77ef1e5410) [0x00007f77ef1e55a0, 0x00007f77ef1e5690] Compiler: c1, Barriers: 1, Oops: 0, ImmediateOops: 0, NonImmediateOops: No
[1,711s][debug  ][gc,nmethod  ] Register NMethod: java.net.URL.getQuery (0x00007f77ef1e5710) [0x00007f77ef1e58a0, 0x00007f77ef1e5990] Compiler: c1, Barriers: 1, Oops: 0, ImmediateOops: 0, NonImmediateOops: No
[1,713s][debug  ][gc,nmethod  ] Register NMethod: java.util.LinkedHashMap.get (0x00007f77cfab3d90) [0x00007f77cfab3f60, 0x00007f77cfab41e0] Compiler: c1, Barriers: 1, Oops: 0, ImmediateOops: 0, NonImmediateOops: No
[1,714s][debug  ][gc,nmethod  ] Register NMethod: java.util.jar.JarFile.maybeInstantiateVerifier (0x00007f77cfab4310) [0x00007f77cfab4500, 0x00007f77cfab48a8] Compiler: c1, Barriers: 1, Oops: 0, ImmediateOops: 1, NonImmediateOops: No
[1,717s][debug  ][gc,nmethod  ] Register NMethod: java.lang.invoke.MethodType.equals (0x00007f77cfab4a10) [0x00007f77cfab4c60, 0x00007f77cfab58c0] Compiler: c1, Barriers: 10, Oops: 0, ImmediateOops: 0, NonImmediateOops: No
[1,717s][debug  ][gc,nmethod  ] Register NMethod: sun.invoke.util.VerifyAccess.isTypeVisible (0x00007f77cfab5a90) [0x00007f77cfab5da0, 0x00007f77cfab6e80] Compiler: c1, Barriers: 5, Oops: 1, ImmediateOops: 2, NonImmediateOops: No
[1,718s][debug  ][gc,director ] Rule Major: Warmup 10%, Used: 44MB, UsedThreshold: 1536MB
[1,720s][debug  ][gc,nmethod  ] Register NMethod: jdk.internal.org.objectweb.asm.SymbolTable.addConstantClass (0x00007f77cfab7390) [0x00007f77cfab7540, 0x00007f77cfab7688] Compiler: c1, Barriers: 0, Oops: 0, ImmediateOops: 0, NonImmediateOops: No
[1,720s][debug  ][gc,nmethod  ] Register NMethod: jdk.internal.org.objectweb.asm.SymbolTable.addConstantUtf8Reference (0x00007f77cfab7710) [0x00007f77cfab7960, 0x00007f77cfab8048] Compiler: c1, Barriers: 5, Oops: 0, ImmediateOops: 0, NonImmediateOops: No
[1,721s][debug  ][gc,nmethod  ] Register NMethod: java.lang.invoke.MethodTypeForm.basicType (0x00007f77ef1e5a10) [0x00007f77ef1e5ba0, 0x00007f77ef1e5c90] Compiler: c1, Barriers: 1, Oops: 0, ImmediateOops: 0, NonImmediateOops: No
[1,721s][debug  ][gc,nmethod  ] Register NMethod: java.io.InputStream.<init> (0x00007f77cfab8390) [0x00007f77cfab8520, 0x00007f77cfab8680] Compiler: c1, Barriers: 0, Oops: 0, ImmediateOops: 0, NonImmediateOops: No
[1,722s][debug  ][gc,nmethod  ] Register NMethod: java.util.Arrays.rangeCheck (0x00007f77cfab8710) [0x00007f77cfab89c0, 0x00007f77cfab92f0] Compiler: c1, Barriers: 0, Oops: 3, ImmediateOops: 3, NonImmediateOops: No
[1,722s][debug  ][gc,nmethod  ] Register NMethod: java.util.ArrayDeque.addLast (0x00007f77cfab9710) [0x00007f77cfab9900, 0x00007f77cfab9de8] Compiler: c1, Barriers: 4, Oops: 0, ImmediateOops: 0, NonImmediateOops: No
[1,724s][debug  ][gc,nmethod  ] Register NMethod: java.util.zip.Inflater.hasPendingOutput (0x00007f77ef1e5d10) [0x00007f77ef1e5ea0, 0x00007f77ef1e5f68] Compiler: c1, Barriers: 0, Oops: 0, ImmediateOops: 0, NonImmediateOops: No
[1,724s][debug  ][gc,nmethod  ] Register NMethod: java.util.zip.ZipFile$ZipFileInputStream.close (0x00007f77cfab9f90) [0x00007f77cfaba160, 0x00007f77cfaba5f0] Compiler: c1, Barriers: 6, Oops: 0, ImmediateOops: 0, NonImmediateOops: No
[1,724s][debug  ][gc,nmethod  ] Register NMethod: java.util.Collections$SetFromMap.remove (0x00007f77cfaba810) [0x00007f77cfaba9c0, 0x00007f77cfabac10] Compiler: c1, Barriers: 1, Oops: 0, ImmediateOops: 0, NonImmediateOops: No
[1,725s][debug  ][gc,nmethod  ] Register NMethod: java.util.WeakHashMap.remove (0x00007f77cfabad10) [0x00007f77cfabaf80, 0x00007f77cfabbba0] Compiler: c1, Barriers: 12, Oops: 0, ImmediateOops: 1, NonImmediateOops: No
[1,725s][debug  ][gc,nmethod  ] Register NMethod: java.lang.StringConcatHelper.initialCoder (0x00007f77cfabbf90) [0x00007f77cfabc120, 0x00007f77cfabc230] Compiler: c1, Barriers: 0, Oops: 0, ImmediateOops: 0, NonImmediateOops: No
[1,726s][debug  ][gc,nmethod  ] Register NMethod: java.lang.StringConcatHelper.newString (0x00007f77cfabc290) [0x00007f77cfabc520, 0x00007f77cfabcf20] Compiler: c1, Barriers: 6, Oops: 2, ImmediateOops: 2, NonImmediateOops: No
[1,726s][debug  ][gc,nmethod  ] Register NMethod: java.util.ArrayDeque.add (0x00007f77cfabd310) [0x00007f77cfabd4c0, 0x00007f77cfabd610] Compiler: c1, Barriers: 0, Oops: 0, ImmediateOops: 0, NonImmediateOops: No
[1,726s][debug  ][gc,nmethod  ] Register NMethod: java.lang.String.concat (0x00007f77cfabd690) [0x00007f77cfabd9e0, 0x00007f77cfabedb8] Compiler: c1, Barriers: 3, Oops: 0, ImmediateOops: 6, NonImmediateOops: No
[1,726s][debug  ][gc,nmethod  ] Register NMethod: java.util.zip.ZipUtils.CENSIZ (0x00007f77cfabf490) [0x00007f77cfabf640, 0x00007f77cfabf910] Compiler: c1, Barriers: 0, Oops: 0, ImmediateOops: 0, NonImmediateOops: No
[1,727s][debug  ][gc,nmethod  ] Register NMethod: java.lang.StringConcatHelper.simpleConcat (0x00007f77cfabfa90) [0x00007f77cfabfde0, 0x00007f77cfac1150] Compiler: c1, Barriers: 2, Oops: 0, ImmediateOops: 7, NonImmediateOops: No
[1,727s][debug  ][gc,nmethod  ] Register NMethod: java.lang.invoke.MethodHandle.linkToStatic (0x00007f77ef1e6010) [0x00007f77ef1e6180, 0x00007f77ef1e6270] Compiler: , Barriers: 0, Oops: 0, ImmediateOops: 0, NonImmediateOops: No
[1,727s][debug  ][gc,nmethod  ] Register NMethod: sun.invoke.util.Wrapper.basicTypeChar (0x00007f77ef1e6310) [0x00007f77ef1e64a0, 0x00007f77ef1e6568] Compiler: c1, Barriers: 0, Oops: 0, ImmediateOops: 0, NonImmediateOops: No
[1,728s][debug  ][gc,director ] Rule Major: Warmup 10%, Used: 44MB, UsedThreshold: 1536MB
[1,731s][debug  ][gc,nmethod  ] Register NMethod: java.lang.reflect.Modifier.isProtected (0x00007f77cfac1810) [0x00007f77cfac19a0, 0x00007f77cfac1ae8] Compiler: c1, Barriers: 0, Oops: 0, ImmediateOops: 0, NonImmediateOops: No
[1,731s][debug  ][gc,nmethod  ] Register NMethod: java.lang.reflect.Modifier.isPublic (0x00007f77cfac1b90) [0x00007f77cfac1d20, 0x00007f77cfac1e68] Compiler: c1, Barriers: 0, Oops: 0, ImmediateOops: 0, NonImmediateOops: No
[1,732s][debug  ][gc,nmethod  ] Register NMethod: java.net.URLStreamHandler.getDefaultPort (0x00007f77ef1e6610) [0x00007f77ef1e67a0, 0x00007f77ef1e6860] Compiler: c1, Barriers: 0, Oops: 0, ImmediateOops: 0, NonImmediateOops: No
[1,732s][debug  ][gc,nmethod  ] Register NMethod: java.lang.NamedPackage.module (0x00007f77ef1e6910) [0x00007f77ef1e6aa0, 0x00007f77ef1e6b90] Compiler: c1, Barriers: 1, Oops: 0, ImmediateOops: 0, NonImmediateOops: No
[1,733s][debug  ][gc,nmethod  ] Register NMethod: java.util.concurrent.locks.AbstractQueuedSynchronizer.signalNext (0x00007f77ef1e6c10) [0x00007f77ef1e6d80, 0x00007f77ef1e6e00] Compiler: c2, Barriers: 0, Oops: 0, ImmediateOops: 0, NonImmediateOops: No
[1,733s][debug  ][gc,nmethod  ] Register NMethod: java.io.BufferedInputStream.getBufIfOpen (0x00007f77ef1e6f10) [0x00007f77ef1e70a0, 0x00007f77ef1e71c0] Compiler: c2, Barriers: 1, Oops: 1, ImmediateOops: 1, NonImmediateOops: No
[1,733s][debug  ][gc,nmethod  ] Register NMethod: java.lang.invoke.MethodHandle.linkToSpecial (0x00007f77ef1e7290) [0x00007f77ef1e7400, 0x00007f77ef1e74f8] Compiler: , Barriers: 0, Oops: 0, ImmediateOops: 0, NonImmediateOops: No
[1,733s][debug  ][gc,nmethod  ] Register NMethod: java.util.concurrent.locks.ReentrantLock$Sync.tryRelease (0x00007f77ef1e7590) [0x00007f77ef1e7740, 0x00007f77ef1e7998] Compiler: c2, Barriers: 4, Oops: 0, ImmediateOops: 0, NonImmediateOops: No
[1,733s][debug  ][gc,nmethod  ] Register NMethod: java.lang.invoke.MemberName.clone (0x00007f77cfac1f10) [0x00007f77cfac20e0, 0x00007f77cfac2450] Compiler: c1, Barriers: 0, Oops: 0, ImmediateOops: 0, NonImmediateOops: No
[1,734s][debug  ][gc,nmethod  ] Register NMethod: java.lang.invoke.MethodTypeForm.canonicalizeAll (0x00007f77cfac2610) [0x00007f77cfac2800, 0x00007f77cfac2e68] Compiler: c1, Barriers: 4, Oops: 0, ImmediateOops: 1, NonImmediateOops: No
[1,734s][debug  ][gc,nmethod  ] Register NMethod: sun.invoke.util.VerifyAccess.isSamePackage (0x00007f77cfac3010) [0x00007f77cfac3220, 0x00007f77cfac3830] Compiler: c1, Barriers: 2, Oops: 0, ImmediateOops: 0, NonImmediateOops: No
[1,734s][debug  ][gc,nmethod  ] Register NMethod: java.lang.invoke.MemberName.getModifiers (0x00007f77cfac3a10) [0x00007f77cfac3ba0, 0x00007f77cfac3cb0] Compiler: c1, Barriers: 0, Oops: 0, ImmediateOops: 0, NonImmediateOops: No
[1,734s][debug  ][gc,nmethod  ] Register NMethod: jdk.internal.org.objectweb.asm.ByteVector.putInt (0x00007f77cfac3d10) [0x00007f77cfac3ec0, 0x00007f77cfac4178] Compiler: c1, Barriers: 2, Oops: 0, ImmediateOops: 0, NonImmediateOops: No
[1,734s][debug  ][gc,nmethod  ] Register NMethod: worker.org.gradle.internal.stream.EncodedStream$EncodedInput.hexToByte (0x00007f77ef1e7a90) [0x00007f77ef1e7c00, 0x00007f77ef1e7cb0] Compiler: c2, Barriers: 0, Oops: 1, ImmediateOops: 0, NonImmediateOops: No
[1,734s][debug  ][gc,nmethod  ] Register NMethod: java.lang.invoke.MethodType$ConcurrentWeakInternSet$WeakEntry.<init> (0x00007f77cfac4310) [0x00007f77cfac44e0, 0x00007f77cfac4910] Compiler: c1, Barriers: 6, Oops: 0, ImmediateOops: 1, NonImmediateOops: No
[1,735s][debug  ][gc,nmethod  ] Register NMethod: java.io.BufferedInputStream.implRead (0x00007f77ef1e7d90) [0x00007f77ef1e7f20, 0x00007f77ef1e80b8] Compiler: c2, Barriers: 1, Oops: 1, ImmediateOops: 1, NonImmediateOops: No
[1,737s][debug  ][gc,nmethod  ] Register NMethod: java.io.BufferedInputStream.read (0x00007f77ef1e8210) [0x00007f77ef1e8440, 0x00007f77ef1e8cb0] Compiler: c2, Barriers: 17, Oops: 1, ImmediateOops: 1, NonImmediateOops: No
[1,737s][debug  ][gc,nmethod  ] Register NMethod: jdk.internal.org.objectweb.asm.Frame.execute (0x00007f77cfac4a90) [0x00007f77cfac5920, 0x00007f77cfacc2d8] Compiler: c1, Barriers: 20, Oops: 1, ImmediateOops: 11, NonImmediateOops: No
[1,738s][debug  ][gc,nmethod  ] Register NMethod: java.lang.Module.getDescriptor (0x00007f77ef1e9090) [0x00007f77ef1e9220, 0x00007f77ef1e9310] Compiler: c1, Barriers: 1, Oops: 0, ImmediateOops: 0, NonImmediateOops: No
[1,738s][debug  ][gc,director ] Rule Major: Warmup 10%, Used: 44MB, UsedThreshold: 1536MB
[1,738s][debug  ][gc,nmethod  ] Register NMethod: java.util.Arrays.copyOf (0x00007f77cfacdf10) [0x00007f77cface120, 0x00007f77cface7b8] Compiler: c1, Barriers: 1, Oops: 0, ImmediateOops: 1, NonImmediateOops: No
[1,738s][debug  ][gc,nmethod  ] Register NMethod: java.util.concurrent.CopyOnWriteArrayList.setArray (0x00007f77ef1e9390) [0x00007f77ef1e9520, 0x00007f77ef1e9658] Compiler: c1, Barriers: 3, Oops: 0, ImmediateOops: 0, NonImmediateOops: No
[1,738s][debug  ][gc,nmethod  ] Register NMethod: java.lang.module.ModuleDescriptor$Provides.providers (0x00007f77ef1e9710) [0x00007f77ef1e98a0, 0x00007f77ef1e9990] Compiler: c1, Barriers: 1, Oops: 0, ImmediateOops: 0, NonImmediateOops: No
[1,739s][debug  ][gc,nmethod  ] Register NMethod: java.util.ImmutableCollections$List12.get (0x00007f77cface990) [0x00007f77cfaceb40, 0x00007f77cfacee40] Compiler: c1, Barriers: 2, Oops: 0, ImmediateOops: 1, NonImmediateOops: No
[1,739s][debug  ][gc,nmethod  ] Register NMethod: jdk.internal.misc.Unsafe.getInt (0x00007f77ef1e9a10) [0x00007f77ef1e9ba0, 0x00007f77ef1e9d80] Compiler: , Barriers: 0, Oops: 0, ImmediateOops: 0, NonImmediateOops: No
[1,739s][debug  ][gc,nmethod  ] Register NMethod: java.nio.Buffer.limit (0x00007f77ef1e9d90) [0x00007f77ef1e9f20, 0x00007f77ef1e9fe0] Compiler: c1, Barriers: 0, Oops: 0, ImmediateOops: 0, NonImmediateOops: No
[1,739s][debug  ][gc,nmethod  ] Register NMethod: jdk.internal.jimage.ImageStringsReader.unmaskedHashCode (0x00007f77cfacef10) [0x00007f77cfacf160, 0x00007f77cfacfd28] Compiler: c1, Barriers: 3, Oops: 1, ImmediateOops: 2, NonImmediateOops: No
[1,740s][debug  ][gc,nmethod  ] Register NMethod: java.net.URL.isBuiltinStreamHandler (0x00007f77cfad0210) [0x00007f77cfad03c0, 0x00007f77cfad0580] Compiler: c1, Barriers: 0, Oops: 1, ImmediateOops: 1, NonImmediateOops: No
[1,740s][debug  ][gc,nmethod  ] Register NMethod: sun.net.util.IPAddressUtil.checkHostString (0x00007f77cfad0690) [0x00007f77cfad0840, 0x00007f77cfad0a58] Compiler: c1, Barriers: 0, Oops: 0, ImmediateOops: 0, NonImmediateOops: No
[1,740s][debug  ][gc,nmethod  ] Register NMethod: java.net.URL.isBuiltinStreamHandler (0x00007f77cfad0b10) [0x00007f77cfad0d60, 0x00007f77cfad1650] Compiler: c1, Barriers: 3, Oops: 1, ImmediateOops: 2, NonImmediateOops: No
[1,740s][debug  ][gc,nmethod  ] Register NMethod: java.lang.ref.PhantomReference.<init> (0x00007f77cfad1990) [0x00007f77cfad1b40, 0x00007f77cfad1e48] Compiler: c1, Barriers: 6, Oops: 0, ImmediateOops: 1, NonImmediateOops: No
[1,741s][debug  ][gc,nmethod  ] Register NMethod: sun.net.util.IPAddressUtil.scan (0x00007f77cfad1f10) [0x00007f77cfad2180, 0x00007f77cfad2da0] Compiler: c1, Barriers: 3, Oops: 1, ImmediateOops: 2, NonImmediateOops: No
[1,741s][debug  ][gc,nmethod  ] Register NMethod: jdk.internal.ref.PhantomCleanable.<init> (0x00007f77cfad3290) [0x00007f77cfad3520, 0x00007f77cfad4150] Compiler: c1, Barriers: 19, Oops: 0, ImmediateOops: 3, NonImmediateOops: No
[1,741s][debug  ][gc,nmethod  ] Register NMethod: jdk.internal.ref.PhantomCleanable.insert (0x00007f77cfad4490) [0x00007f77cfad4660, 0x00007f77cfad4ad8] Compiler: c1, Barriers: 15, Oops: 0, ImmediateOops: 0, NonImmediateOops: No
[1,741s][debug  ][gc,nmethod  ] Register NMethod: java.util.zip.ZipFile$Source.readFullyAt (0x00007f77cfad4c10) [0x00007f77cfad4e00, 0x00007f77cfad52e8] Compiler: c1, Barriers: 3, Oops: 0, ImmediateOops: 0, NonImmediateOops: No
[1,741s][debug  ][gc,nmethod  ] Register NMethod: jdk.internal.ref.CleanerFactory.cleaner (0x00007f77cfad5590) [0x00007f77cfad5720, 0x00007f77cfad5810] Compiler: c1, Barriers: 0, Oops: 0, ImmediateOops: 1, NonImmediateOops: No
[1,741s][debug  ][gc,nmethod  ] Register NMethod: java.util.zip.ZipEntry.getSize (0x00007f77ef1ea090) [0x00007f77ef1ea220, 0x00007f77ef1ea2e0] Compiler: c1, Barriers: 0, Oops: 0, ImmediateOops: 0, NonImmediateOops: No
[1,741s][debug  ][gc,nmethod  ] Register NMethod: jdk.internal.loader.URLClassPath$JarLoader.ensureOpen (0x00007f77cfad5890) [0x00007f77cfad5a80, 0x00007f77cfad5f20] Compiler: c1, Barriers: 5, Oops: 0, ImmediateOops: 0, NonImmediateOops: No
[1,741s][debug  ][gc,nmethod  ] Register NMethod: java.lang.Integer.intValue (0x00007f77ef1ea390) [0x00007f77ef1ea520, 0x00007f77ef1ea5e0] Compiler: c1, Barriers: 0, Oops: 0, ImmediateOops: 0, NonImmediateOops: No
[1,742s][debug  ][gc,nmethod  ] Register NMethod: java.util.zip.ZipFile$Source.nextEntryPos (0x00007f77ef1ea690) [0x00007f77ef1ea820, 0x00007f77ef1ea9d0] Compiler: c2, Barriers: 1, Oops: 0, ImmediateOops: 0, NonImmediateOops: No
[1,742s][debug  ][gc,nmethod  ] Register NMethod: java.util.ArrayDeque.elementAt (0x00007f77cfad6090) [0x00007f77cfad6220, 0x00007f77cfad6358] Compiler: c1, Barriers: 1, Oops: 0, ImmediateOops: 0, NonImmediateOops: No
[1,742s][debug  ][gc,nmethod  ] Register NMethod: sun.net.util.IPAddressUtil.checkHost (0x00007f77cfad6410) [0x00007f77cfad68c0, 0x00007f77cfad86b8] Compiler: c1, Barriers: 7, Oops: 5, ImmediateOops: 11, NonImmediateOops: No
[1,742s][debug  ][gc,nmethod  ] Register NMethod: java.lang.Math.max (0x00007f77ef1eab10) [0x00007f77ef1eac80, 0x00007f77ef1eacf0] Compiler: c2, Barriers: 0, Oops: 0, ImmediateOops: 0, NonImmediateOops: No
[1,742s][debug  ][gc,nmethod  ] Register NMethod: java.lang.String.checkBoundsOffCount (0x00007f77cfad9210) [0x00007f77cfad93c0, 0x00007f77cfad95e0] Compiler: c1, Barriers: 0, Oops: 1, ImmediateOops: 1, NonImmediateOops: No
[1,743s][debug  ][gc,nmethod  ] Register NMethod: java.util.jar.Manifest$FastInputStream.readLine (0x00007f77cfad9710) [0x00007f77cfad9940, 0x00007f77cfada278] Compiler: c1, Barriers: 1, Oops: 0, ImmediateOops: 0, NonImmediateOops: No
[1,743s][debug  ][gc,nmethod  ] Register NMethod: java.lang.StringLatin1.indexOf (0x00007f77cfada610) [0x00007f77cfada7c0, 0x00007f77cfada9c8] Compiler: c1, Barriers: 0, Oops: 0, ImmediateOops: 0, NonImmediateOops: No
[1,743s][debug  ][gc,nmethod  ] Register NMethod: java.lang.String.indexOf (0x00007f77cfadaa90) [0x00007f77cfadacc0, 0x00007f77cfadb2d0] Compiler: c1, Barriers: 6, Oops: 0, ImmediateOops: 0, NonImmediateOops: No
[1,743s][debug  ][gc,nmethod  ] Register NMethod: java.util.HashMap.putVal (0x00007f77cfadb490) [0x00007f77cfadb780, 0x00007f77cfadca60] Compiler: c1, Barriers: 15, Oops: 0, ImmediateOops: 0, NonImmediateOops: No
[1,743s][debug  ][gc,nmethod  ] Register NMethod: sun.nio.fs.UnixPath.checkNotNul (0x00007f77ef1eae10) [0x00007f77ef1eaf80, 0x00007f77ef1eb008] Compiler: c2, Barriers: 0, Oops: 0, ImmediateOops: 0, NonImmediateOops: No
[1,743s][debug  ][gc,nmethod  ] Register NMethod: java.util.jar.JarFile.checkForSpecialAttributes (0x00007f77cfa9be90) [0x00007f77cfa9c1a0, 0x00007f77cfa9d288] Compiler: c1, Barriers: 10, Oops: 1, ImmediateOops: 8, NonImmediateOops: No
[1,743s][debug  ][gc,nmethod  ] Register NMethod: java.util.jar.JarFile.checkForSpecialAttributes (0x00007f77cfa9be90) [0x00007f77cfa9c1a0, 0x00007f77cfa9d288] Compiler: c1, Barriers: 10, Oops: 1, ImmediateOops: 8, NonImmediateOops: No
[1,743s][debug  ][gc,nmethod  ] Register NMethod: java.util.jar.JarFile.checkForSpecialAttributes (0x00007f77cfa9be90) [0x00007f77cfa9c1a0, 0x00007f77cfa9d288] Compiler: c1, Barriers: 10, Oops: 1, ImmediateOops: 8, NonImmediateOops: No
[1,744s][debug  ][gc,nmethod  ] Register NMethod: java.io.UnixFileSystem.normalize (0x00007f77cfadcf10) [0x00007f77cfadd140, 0x00007f77cfadd7d0] Compiler: c1, Barriers: 2, Oops: 1, ImmediateOops: 3, NonImmediateOops: No
[1,744s][debug  ][gc,nmethod  ] Register NMethod: jdk.internal.ref.CleanerImpl$PhantomCleanableRef.<init> (0x00007f77cfadda90) [0x00007f77cfaddc40, 0x00007f77cfadde10] Compiler: c1, Barriers: 3, Oops: 0, ImmediateOops: 0, NonImmediateOops: No
[1,745s][debug  ][gc,nmethod  ] Register NMethod: java.lang.ref.Cleaner.register (0x00007f77cfaddf10) [0x00007f77cfade100, 0x00007f77cfade658] Compiler: c1, Barriers: 3, Oops: 2, ImmediateOops: 2, NonImmediateOops: No
[1,745s][debug  ][gc,nmethod  ] Register NMethod: java.util.zip.ZipUtils.get16 (0x00007f77cfade890) [0x00007f77cfadea20, 0x00007f77cfadeb60] Compiler: c1, Barriers: 0, Oops: 0, ImmediateOops: 0, NonImmediateOops: No
[1,745s][debug  ][gc,nmethod  ] Register NMethod: java.io.File.<init> (0x00007f77cfadec90) [0x00007f77cfadeea0, 0x00007f77cfadf3c0] Compiler: c1, Barriers: 6, Oops: 1, ImmediateOops: 2, NonImmediateOops: No
[1,747s][debug  ][gc,nmethod  ] Register NMethod: java.util.LinkedHashMap.removeEldestEntry (0x00007f77ef1eb110) [0x00007f77ef1eb2a0, 0x00007f77ef1eb360] Compiler: c1, Barriers: 0, Oops: 0, ImmediateOops: 0, NonImmediateOops: No
[1,747s][debug  ][gc,nmethod  ] Register NMethod: java.util.zip.InflaterInputStream.ensureOpen (0x00007f77cfadf590) [0x00007f77cfadf740, 0x00007f77cfadf958] Compiler: c1, Barriers: 0, Oops: 0, ImmediateOops: 1, NonImmediateOops: No
[1,748s][debug  ][gc,nmethod  ] Register NMethod: java.util.ArrayDeque.pollFirst (0x00007f77cfadfa10) [0x00007f77cfadfbe0, 0x00007f77cfae0038] Compiler: c1, Barriers: 5, Oops: 0, ImmediateOops: 0, NonImmediateOops: No
[1,748s][debug  ][gc,nmethod  ] Register NMethod: java.util.zip.Inflater.finished (0x00007f77cfae0190) [0x00007f77cfae0320, 0x00007f77cfae0550] Compiler: c1, Barriers: 1, Oops: 0, ImmediateOops: 0, NonImmediateOops: No
[1,748s][debug  ][gc,nmethod  ] Register NMethod: java.util.zip.InflaterInputStream.read (0x00007f77cfae0610) [0x00007f77cfae0900, 0x00007f77cfae17e0] Compiler: c1, Barriers: 7, Oops: 0, ImmediateOops: 2, NonImmediateOops: No
[1,748s][debug  ][gc,nmethod  ] Register NMethod: sun.nio.fs.NativeBuffer.address (0x00007f77ef1eb410) [0x00007f77ef1eb5a0, 0x00007f77ef1eb660] Compiler: c1, Barriers: 0, Oops: 0, ImmediateOops: 0, NonImmediateOops: No
[1,748s][debug  ][gc,director ] Rule Major: Warmup 10%, Used: 44MB, UsedThreshold: 1536MB
[1,749s][debug  ][gc,nmethod  ] Register NMethod: java.util.zip.ZipFile$Source.isMetaName (0x00007f77cfae1e10) [0x00007f77cfae1fe0, 0x00007f77cfae24e0] Compiler: c1, Barriers: 0, Oops: 0, ImmediateOops: 0, NonImmediateOops: No
[1,750s][debug  ][gc,nmethod  ] Register NMethod: java.lang.StringLatin1.indexOf (0x00007f77ef1eb710) [0x00007f77ef1eb8c0, 0x00007f77ef1ebc98] Compiler: c2, Barriers: 0, Oops: 0, ImmediateOops: 0, NonImmediateOops: No
[1,750s][debug  ][gc,nmethod  ] Register NMethod: jdk.internal.reflect.Reflection.getCallerClass (0x00007f77ef1ebf10) [0x00007f77ef1ec0c0, 0x00007f77ef1ec460] Compiler: , Barriers: 0, Oops: 0, ImmediateOops: 1, NonImmediateOops: No
[1,750s][debug  ][gc,nmethod  ] Register NMethod: java.lang.ref.Reference.refersTo0 (0x00007f77ef1ec490) [0x00007f77ef1ec620, 0x00007f77ef1ec800] Compiler: , Barriers: 0, Oops: 0, ImmediateOops: 0, NonImmediateOops: No
[1,750s][debug  ][gc,nmethod  ] Register NMethod: java.lang.ref.Reference.refersToImpl (0x00007f77cfae2690) [0x00007f77cfae2840, 0x00007f77cfae2980] Compiler: c1, Barriers: 0, Oops: 0, ImmediateOops: 0, NonImmediateOops: No
[1,751s][debug  ][gc,nmethod  ] Register NMethod: java.util.zip.ZipFile$Source.isMetaName (0x00007f77ef1ec810) [0x00007f77ef1ec9c0, 0x00007f77ef1ecc08] Compiler: c2, Barriers: 0, Oops: 0, ImmediateOops: 0, NonImmediateOops: No
[1,753s][debug  ][gc,nmethod  ] Register NMethod: java.lang.String.equalsIgnoreCase (0x00007f77cfae2a10) [0x00007f77cfae2c00, 0x00007f77cfae31b0] Compiler: c1, Barriers: 2, Oops: 0, ImmediateOops: 0, NonImmediateOops: No
[1,754s][debug  ][gc,nmethod  ] Register NMethod: java.util.zip.Inflater.inflateBytesBytes (0x00007f77ef1ece10) [0x00007f77ef1ecfa0, 0x00007f77ef1ed1b0] Compiler: , Barriers: 0, Oops: 0, ImmediateOops: 0, NonImmediateOops: No
[1,754s][debug  ][gc,nmethod  ] Register NMethod: java.util.zip.ZipFile$Source.isMetaName (0x00007f77cfae3390) [0x00007f77cfae3560, 0x00007f77cfae3a60] Compiler: c1, Barriers: 0, Oops: 0, ImmediateOops: 0, NonImmediateOops: No
[1,755s][debug  ][gc,nmethod  ] Register NMethod: java.util.jar.JarFile.match (0x00007f77cfae3c10) [0x00007f77cfae3e00, 0x00007f77cfae4370] Compiler: c1, Barriers: 0, Oops: 0, ImmediateOops: 0, NonImmediateOops: No
[1,755s][debug  ][gc,nmethod  ] Register NMethod: sun.nio.fs.UnixPath.getFileSystem (0x00007f77ef1ed210) [0x00007f77ef1ed3a0, 0x00007f77ef1ed490] Compiler: c1, Barriers: 1, Oops: 0, ImmediateOops: 0, NonImmediateOops: No
[1,756s][debug  ][gc,nmethod  ] Register NMethod: java.util.zip.ZipFile$Source.checkExtraFields (0x00007f77cfae4610) [0x00007f77cfae48a0, 0x00007f77cfae5558] Compiler: c1, Barriers: 2, Oops: 3, ImmediateOops: 3, NonImmediateOops: No
[1,756s][debug  ][gc,nmethod  ] Register NMethod: java.lang.StringCoding.hasNegatives (0x00007f77cfae5c10) [0x00007f77cfae5dc0, 0x00007f77cfae6080] Compiler: c1, Barriers: 0, Oops: 0, ImmediateOops: 0, NonImmediateOops: No
[1,757s][debug  ][gc,nmethod  ] Register NMethod: java.lang.String.getBytesNoRepl (0x00007f77cfae6210) [0x00007f77cfae6400, 0x00007f77cfae6b58] Compiler: c1, Barriers: 1, Oops: 0, ImmediateOops: 0, NonImmediateOops: No
[1,757s][debug  ][gc,nmethod  ] Register NMethod: java.lang.System$2.getBytesNoRepl (0x00007f77cfae6d10) [0x00007f77cfae6f20, 0x00007f77cfae76f8] Compiler: c1, Barriers: 1, Oops: 0, ImmediateOops: 0, NonImmediateOops: No
[1,757s][debug  ][gc,nmethod  ] Register NMethod: java.lang.Math.abs (0x00007f77cfae7910) [0x00007f77cfae7aa0, 0x00007f77cfae7c10] Compiler: c1, Barriers: 0, Oops: 0, ImmediateOops: 0, NonImmediateOops: No
[1,757s][debug  ][gc,nmethod  ] Register NMethod: java.lang.String.isASCII (0x00007f77cfae7c90) [0x00007f77cfae7e40, 0x00007f77cfae8080] Compiler: c1, Barriers: 0, Oops: 0, ImmediateOops: 0, NonImmediateOops: No
[1,757s][debug  ][gc,nmethod  ] Register NMethod: java.lang.String.getBytesNoRepl1 (0x00007f77cfae8190) [0x00007f77cfae8440, 0x00007f77cfae8f78] Compiler: c1, Barriers: 3, Oops: 0, ImmediateOops: 1, NonImmediateOops: No
[1,757s][debug  ][gc,nmethod  ] Register NMethod: java.lang.Integer.numberOfLeadingZeros (0x00007f77cfae9310) [0x00007f77cfae94c0, 0x00007f77cfae97a0] Compiler: c1, Barriers: 0, Oops: 0, ImmediateOops: 0, NonImmediateOops: No
[1,757s][debug  ][gc,nmethod  ] Register NMethod: java.util.jar.Manifest$FastInputStream.readLine (0x00007f77cfae9810) [0x00007f77cfae99c0, 0x00007f77cfae9b18] Compiler: c1, Barriers: 0, Oops: 0, ImmediateOops: 0, NonImmediateOops: No
[1,757s][debug  ][gc,nmethod  ] Register NMethod: java.lang.StringCoding.countPositives (0x00007f77cfae9c10) [0x00007f77cfae9dc0, 0x00007f77cfae9ff0] Compiler: c1, Barriers: 0, Oops: 0, ImmediateOops: 0, NonImmediateOops: No
[1,757s][debug  ][gc,nmethod  ] Register NMethod: java.util.jar.Manifest$FastInputStream.peek (0x00007f77cfaea110) [0x00007f77cfaea2c0, 0x00007f77cfaea518] Compiler: c1, Barriers: 1, Oops: 0, ImmediateOops: 0, NonImmediateOops: No
[1,757s][debug  ][gc,nmethod  ] Register NMethod: java.lang.String.<init> (0x00007f77cfaea610) [0x00007f77cfaea800, 0x00007f77cfaeac78] Compiler: c1, Barriers: 0, Oops: 1, ImmediateOops: 1, NonImmediateOops: No
[1,757s][debug  ][gc,nmethod  ] Register NMethod: java.lang.ref.Reference.refersTo (0x00007f77cfaeaf10) [0x00007f77cfaeb0c0, 0x00007f77cfaeb278] Compiler: c1, Barriers: 0, Oops: 0, ImmediateOops: 0, NonImmediateOops: No
[1,758s][debug  ][gc,nmethod  ] Register NMethod: jdk.internal.access.SharedSecrets.javaUtilJarAccess (0x00007f77cfaeb310) [0x00007f77cfaeb520, 0x00007f77cfaeba20] Compiler: c1, Barriers: 2, Oops: 1, ImmediateOops: 4, NonImmediateOops: No
[1,758s][debug  ][gc,director ] Rule Major: Warmup 10%, Used: 46MB, UsedThreshold: 1536MB
[1,758s][debug  ][gc,nmethod  ] Register NMethod: java.security.AccessController.executePrivileged (0x00007f77cfaebc90) [0x00007f77cfaebe60, 0x00007f77cfaec160] Compiler: c1, Barriers: 0, Oops: 0, ImmediateOops: 0, NonImmediateOops: No
[1,759s][debug  ][gc,nmethod  ] Register NMethod: java.security.AccessController.checkContext (0x00007f77cfaec290) [0x00007f77cfaec440, 0x00007f77cfaec610] Compiler: c1, Barriers: 0, Oops: 0, ImmediateOops: 0, NonImmediateOops: No
[1,759s][debug  ][gc,nmethod  ] Register NMethod: java.util.HashMap.getNode (0x00007f77ef1ed510) [0x00007f77ef1ed6e0, 0x00007f77ef1edb98] Compiler: c2, Barriers: 6, Oops: 0, ImmediateOops: 0, NonImmediateOops: No
[1,760s][debug  ][gc,nmethod  ] Register NMethod: java.util.zip.ZipUtils.LOCSIG (0x00007f77cfaec710) [0x00007f77cfaec8c0, 0x00007f77cfaecb78] Compiler: c1, Barriers: 0, Oops: 0, ImmediateOops: 0, NonImmediateOops: No
[1,760s][debug  ][gc,nmethod  ] Register NMethod: java.lang.String.<init> (0x00007f77cfaecd10) [0x00007f77cfaed640, 0x00007f77cfaf2960] Compiler: c1, Barriers: 43, Oops: 1, ImmediateOops: 8, NonImmediateOops: No
[1,760s][debug  ][gc,nmethod  ] Register NMethod: java.util.ArrayDeque.poll (0x00007f77cfaf4490) [0x00007f77cfaf4640, 0x00007f77cfaf4790] Compiler: c1, Barriers: 0, Oops: 0, ImmediateOops: 0, NonImmediateOops: No
[1,761s][debug  ][gc,nmethod  ] Register NMethod: java.util.zip.ZipFile$Source.isMetaName (0x00007f77ef1ede10) [0x00007f77ef1edfa0, 0x00007f77ef1ee1d0] Compiler: c2, Barriers: 0, Oops: 0, ImmediateOops: 0, NonImmediateOops: No
[1,761s][debug  ][gc,nmethod  ] Register NMethod: java.lang.StringLatin1.indexOf (0x00007f77ef1ee390) [0x00007f77ef1ee520, 0x00007f77ef1eea20] Compiler: c2, Barriers: 0, Oops: 0, ImmediateOops: 0, NonImmediateOops: No
[1,761s][debug  ][gc,nmethod  ] Register NMethod: jdk.internal.perf.PerfCounter.addElapsedTimeFrom (0x00007f77cfaf4810) [0x00007f77cfaf49c0, 0x00007f77cfaf4b48] Compiler: c1, Barriers: 0, Oops: 0, ImmediateOops: 0, NonImmediateOops: No
[1,762s][debug  ][gc,nmethod  ] Register NMethod: java.lang.Runtime$Version.feature (0x00007f77cfaf4c10) [0x00007f77cfaf4dc0, 0x00007f77cfaf50b8] Compiler: c1, Barriers: 1, Oops: 0, ImmediateOops: 0, NonImmediateOops: No
[1,762s][debug  ][gc,nmethod  ] Register NMethod: sun.nio.fs.UnixPath.normalizeAndCheck (0x00007f77cfaf5190) [0x00007f77cfaf5400, 0x00007f77cfaf5e80] Compiler: c1, Barriers: 3, Oops: 1, ImmediateOops: 3, NonImmediateOops: No
[1,763s][debug  ][gc,nmethod  ] Register NMethod: java.util.zip.ZipFile$Source.isManifestName (0x00007f77cfaf6310) [0x00007f77cfaf64e0, 0x00007f77cfaf6a98] Compiler: c1, Barriers: 1, Oops: 0, ImmediateOops: 0, NonImmediateOops: No
[1,763s][debug  ][gc,nmethod  ] Register NMethod: java.lang.Thread.currentCarrierThread (0x00007f77ef1eec90) [0x00007f77ef1eee40, 0x00007f77ef1ef1e0] Compiler: , Barriers: 0, Oops: 0, ImmediateOops: 1, NonImmediateOops: No
[1,764s][debug  ][gc,nmethod  ] Register NMethod: java.util.jar.Attributes$Name.hash (0x00007f77cfaf6c90) [0x00007f77cfaf6f20, 0x00007f77cfaf7c80] Compiler: c1, Barriers: 3, Oops: 2, ImmediateOops: 3, NonImmediateOops: No
[1,764s][debug  ][gc,nmethod  ] Register NMethod: java.security.AccessController.doPrivileged (0x00007f77cfaf8110) [0x00007f77cfaf8340, 0x00007f77cfaf8898] Compiler: c1, Barriers: 0, Oops: 0, ImmediateOops: 0, NonImmediateOops: No
[1,764s][debug  ][gc,nmethod  ] Register NMethod: java.util.Arrays.fill (0x00007f77cfaf8b10) [0x00007f77cfaf8ca0, 0x00007f77cfaf8e38] Compiler: c1, Barriers: 0, Oops: 0, ImmediateOops: 0, NonImmediateOops: No
[1,766s][debug  ][gc,nmethod  ] Register NMethod: java.net.URL.lowerCaseProtocol (0x00007f77cfaf8f10) [0x00007f77cfaf9140, 0x00007f77cfaf96b8] Compiler: c1, Barriers: 2, Oops: 1, ImmediateOops: 8, NonImmediateOops: No
[1,766s][debug  ][gc,nmethod  ] Register NMethod: java.util.LinkedHashMap.linkNodeAtEnd (0x00007f77cfaf9810) [0x00007f77cfaf9a00, 0x00007f77cfafa068] Compiler: c1, Barriers: 26, Oops: 0, ImmediateOops: 0, NonImmediateOops: No
[1,767s][debug  ][gc,nmethod  ] Register NMethod: java.util.zip.ZipFile$Source.initCEN (0x00007f77cfafa190) [0x00007f77cfafa740, 0x00007f77cfafda30] Compiler: c1, Barriers: 39, Oops: 5, ImmediateOops: 8, NonImmediateOops: No
[1,768s][debug  ][gc,nmethod  ] Register NMethod: jdk.internal.loader.FileURLMapper.getPath (0x00007f77cfafed10) [0x00007f77cfafef20, 0x00007f77cfaff520] Compiler: c1, Barriers: 13, Oops: 0, ImmediateOops: 1, NonImmediateOops: No
[1,768s][debug  ][gc,nmethod  ] Register NMethod: java.util.Hashtable.get (0x00007f77cfaff690) [0x00007f77cfaff880, 0x00007f77cfaffec8] Compiler: c1, Barriers: 5, Oops: 0, ImmediateOops: 0, NonImmediateOops: No
[1,769s][debug  ][gc,director ] Rule Major: Warmup 10%, Used: 48MB, UsedThreshold: 1536MB
[1,769s][debug  ][gc,nmethod  ] Register NMethod: java.net.URL.getURLStreamHandler (0x00007f77cfb00090) [0x00007f77cfb00360, 0x00007f77cfb01268] Compiler: c1, Barriers: 5, Oops: 1, ImmediateOops: 12, NonImmediateOops: No
[1,770s][debug  ][gc,nmethod  ] Register NMethod: jdk.internal.org.objectweb.asm.SymbolTable.getMajorVersion (0x00007f77ef1ef210) [0x00007f77ef1ef3a0, 0x00007f77ef1ef460] Compiler: c1, Barriers: 0, Oops: 0, ImmediateOops: 0, NonImmediateOops: No
[1,770s][debug  ][gc,nmethod  ] Register NMethod: java.lang.Class.isInterface (0x00007f77ef1ef510) [0x00007f77ef1ef6a0, 0x00007f77ef1ef870] Compiler: , Barriers: 0, Oops: 0, ImmediateOops: 0, NonImmediateOops: No
[1,770s][debug  ][gc,nmethod  ] Register NMethod: jdk.internal.org.objectweb.asm.Handler.getExceptionTableLength (0x00007f77cfb01710) [0x00007f77cfb018c0, 0x00007f77cfb01a90] Compiler: c1, Barriers: 1, Oops: 0, ImmediateOops: 0, NonImmediateOops: No
[1,771s][debug  ][gc,nmethod  ] Register NMethod: java.lang.invoke.LambdaForm.forceInterpretation (0x00007f77cfb01b90) [0x00007f77cfb01d20, 0x00007f77cfb01e88] Compiler: c1, Barriers: 0, Oops: 0, ImmediateOops: 0, NonImmediateOops: No
[1,771s][debug  ][gc,nmethod  ] Register NMethod: java.lang.invoke.LambdaForm.uncustomize (0x00007f77cfb01f10) [0x00007f77cfb020e0, 0x00007f77cfb02448] Compiler: c1, Barriers: 2, Oops: 0, ImmediateOops: 0, NonImmediateOops: No
[1,771s][debug  ][gc,nmethod  ] Register NMethod: java.lang.invoke.MethodHandles$Lookup.lookupClassOrNull (0x00007f77cfb02590) [0x00007f77cfb02740, 0x00007f77cfb028f8] Compiler: c1, Barriers: 1, Oops: 0, ImmediateOops: 0, NonImmediateOops: No
[1,771s][debug  ][gc,nmethod  ] Register NMethod: java.lang.invoke.MethodTypeForm.canonicalize (0x00007f77cfb02990) [0x00007f77cfb02b80, 0x00007f77cfb02f08] Compiler: c1, Barriers: 2, Oops: 0, ImmediateOops: 0, NonImmediateOops: No
[1,771s][debug  ][gc,nmethod  ] Register NMethod: java.lang.invoke.MemberName.isConstructor (0x00007f77cfb03010) [0x00007f77cfb031a0, 0x00007f77cfb03370] Compiler: c1, Barriers: 0, Oops: 0, ImmediateOops: 0, NonImmediateOops: No
[1,771s][debug  ][gc,nmethod  ] Register NMethod: java.lang.invoke.MethodType$ConcurrentWeakInternSet.add (0x00007f77cfb03410) [0x00007f77cfb03680, 0x00007f77cfb04370] Compiler: c1, Barriers: 12, Oops: 0, ImmediateOops: 1, NonImmediateOops: No
[1,779s][debug  ][gc,director ] Rule Major: Warmup 10%, Used: 48MB, UsedThreshold: 1536MB
[1,780s][debug  ][gc,nmethod  ] Register NMethod: jdk.internal.reflect.ClassFileAssembler.emitByte (0x00007f77cfb04710) [0x00007f77cfb048c0, 0x00007f77cfb04a78] Compiler: c1, Barriers: 1, Oops: 0, ImmediateOops: 0, NonImmediateOops: No
[1,780s][debug  ][gc,nmethod  ] Register NMethod: jdk.internal.reflect.ByteVectorImpl.add (0x00007f77cfb04b90) [0x00007f77cfb04d40, 0x00007f77cfb04f78] Compiler: c1, Barriers: 2, Oops: 0, ImmediateOops: 0, NonImmediateOops: No
[1,781s][debug  ][gc,nmethod  ] Register NMethod: java.lang.Class.initClassName (0x00007f77ef1ef890) [0x00007f77ef1efa40, 0x00007f77ef1efdd8] Compiler: , Barriers: 0, Oops: 0, ImmediateOops: 0, NonImmediateOops: No
[1,782s][debug  ][gc,nmethod  ] Register NMethod: java.lang.invoke.MethodHandles$Lookup.previousLookupClass (0x00007f77ef1efe10) [0x00007f77ef1effa0, 0x00007f77ef1f0090] Compiler: c1, Barriers: 1, Oops: 0, ImmediateOops: 0, NonImmediateOops: No
[1,782s][debug  ][gc,nmethod  ] Register NMethod: java.lang.invoke.LambdaForm$BasicType.basicType (0x00007f77cfb05090) [0x00007f77cfb05340, 0x00007f77cfb05e00] Compiler: c1, Barriers: 0, Oops: 2, ImmediateOops: 9, NonImmediateOops: No
[1,782s][debug  ][gc,nmethod  ] Register NMethod: jdk.internal.org.objectweb.asm.ByteVector.put122 (0x00007f77cfb06110) [0x00007f77cfb062c0, 0x00007f77cfb065a0] Compiler: c1, Barriers: 2, Oops: 0, ImmediateOops: 0, NonImmediateOops: No
[1,782s][debug  ][gc,nmethod  ] Register NMethod: java.lang.invoke.MethodHandle.linkToSpecial (0x00007f77ef1f0110) [0x00007f77ef1f0280, 0x00007f77ef1f0378] Compiler: , Barriers: 0, Oops: 0, ImmediateOops: 0, NonImmediateOops: No
[1,782s][debug  ][gc,nmethod  ] Register NMethod: java.lang.invoke.MemberName.isResolved (0x00007f77cfb06710) [0x00007f77cfb068a0, 0x00007f77cfb06a38] Compiler: c1, Barriers: 1, Oops: 0, ImmediateOops: 0, NonImmediateOops: No
[1,782s][debug  ][gc,nmethod  ] Register NMethod: java.lang.invoke.MethodHandle.invokeBasic (0x00007f77ef1f0410) [0x00007f77ef1f05a0, 0x00007f77ef1f0838] Compiler: , Barriers: 0, Oops: 0, ImmediateOops: 0, NonImmediateOops: No
[1,782s][debug  ][gc,nmethod  ] Register NMethod: java.lang.invoke.LambdaForm$BasicType.basicType (0x00007f77cfb06b10) [0x00007f77cfb06ce0, 0x00007f77cfb06f20] Compiler: c1, Barriers: 0, Oops: 0, ImmediateOops: 0, NonImmediateOops: No
[1,782s][debug  ][gc,nmethod  ] Register NMethod: sun.invoke.util.Wrapper.basicTypeChar (0x00007f77cfb07090) [0x00007f77cfb07240, 0x00007f77cfb07420] Compiler: c1, Barriers: 0, Oops: 0, ImmediateOops: 0, NonImmediateOops: No
[1,783s][debug  ][gc,nmethod  ] Register NMethod: java.lang.Class.isAssignableFrom (0x00007f77ef1f0890) [0x00007f77ef1f0a20, 0x00007f77ef1f0c00] Compiler: , Barriers: 0, Oops: 0, ImmediateOops: 0, NonImmediateOops: No
[1,783s][debug  ][gc,nmethod  ] Register NMethod: sun.invoke.util.VerifyAccess.isClassAccessible (0x00007f77cfb07510) [0x00007f77cfb07820, 0x00007f77cfb08750] Compiler: c1, Barriers: 3, Oops: 0, ImmediateOops: 3, NonImmediateOops: No
[1,783s][debug  ][gc,nmethod  ] Register NMethod: java.lang.invoke.MethodHandle.<init> (0x00007f77cfb08b10) [0x00007f77cfb08d20, 0x00007f77cfb092d0] Compiler: c1, Barriers: 6, Oops: 0, ImmediateOops: 0, NonImmediateOops: No
[1,784s][debug  ][gc,nmethod  ] Register NMethod: java.lang.ref.SoftReference.get (0x00007f77cfb09510) [0x00007f77cfb096c0, 0x00007f77cfb098a0] Compiler: c1, Barriers: 2, Oops: 0, ImmediateOops: 1, NonImmediateOops: No
[1,784s][debug  ][gc,nmethod  ] Register NMethod: java.lang.reflect.Method.getName (0x00007f77ef1f0c10) [0x00007f77ef1f0da0, 0x00007f77ef1f0e90] Compiler: c1, Barriers: 1, Oops: 0, ImmediateOops: 0, NonImmediateOops: No
[1,784s][debug  ][gc,nmethod  ] Register NMethod: java.lang.invoke.LambdaForm.prepare (0x00007f77cfb09910) [0x00007f77cfb09b80, 0x00007f77cfb0a4c0] Compiler: c1, Barriers: 12, Oops: 0, ImmediateOops: 0, NonImmediateOops: No
[1,784s][debug  ][gc,nmethod  ] Register NMethod: java.lang.Number.<init> (0x00007f77cfb0a790) [0x00007f77cfb0a920, 0x00007f77cfb0aa80] Compiler: c1, Barriers: 0, Oops: 0, ImmediateOops: 0, NonImmediateOops: No
[1,784s][debug  ][gc,nmethod  ] Register NMethod: java.lang.invoke.MethodType.genericMethodType (0x00007f77cfb0ab10) [0x00007f77cfb0adc0, 0x00007f77cfb0baa8] Compiler: c1, Barriers: 7, Oops: 1, ImmediateOops: 6, NonImmediateOops: No
[1,784s][debug  ][gc,nmethod  ] Register NMethod: java.lang.Long.<init> (0x00007f77cfb0be90) [0x00007f77cfb0c040, 0x00007f77cfb0c208] Compiler: c1, Barriers: 0, Oops: 0, ImmediateOops: 0, NonImmediateOops: No
[1,784s][debug  ][gc,nmethod  ] Register NMethod: java.lang.invoke.MethodHandle.linkToStatic (0x00007f77ef1f0f10) [0x00007f77ef1f1080, 0x00007f77ef1f1170] Compiler: , Barriers: 0, Oops: 0, ImmediateOops: 0, NonImmediateOops: No
[1,785s][debug  ][gc,nmethod  ] Register NMethod: java.lang.Class.isHidden (0x00007f77ef1f1210) [0x00007f77ef1f13a0, 0x00007f77ef1f1570] Compiler: , Barriers: 0, Oops: 0, ImmediateOops: 0, NonImmediateOops: No
[1,785s][debug  ][gc,nmethod  ] Register NMethod: java.lang.Math.min (0x00007f77ef1f1590) [0x00007f77ef1f1700, 0x00007f77ef1f1770] Compiler: c2, Barriers: 0, Oops: 0, ImmediateOops: 0, NonImmediateOops: No
[1,785s][debug  ][gc,nmethod  ] Register NMethod: java.io.ByteArrayOutputStream.write (0x00007f77cfb0c310) [0x00007f77cfb0c500, 0x00007f77cfb0c9e0] Compiler: c1, Barriers: 1, Oops: 0, ImmediateOops: 0, NonImmediateOops: No
[1,786s][debug  ][gc,nmethod  ] Register NMethod: java.io.ByteArrayOutputStream.ensureCapacity (0x00007f77cfb0cb90) [0x00007f77cfb0cd60, 0x00007f77cfb0d160] Compiler: c1, Barriers: 4, Oops: 0, ImmediateOops: 0, NonImmediateOops: No
[1,787s][debug  ][gc,nmethod  ] Register NMethod: java.lang.CharacterDataLatin1.toLowerCase (0x00007f77cfb0d310) [0x00007f77cfb0d4c0, 0x00007f77cfb0d750] Compiler: c1, Barriers: 0, Oops: 0, ImmediateOops: 0, NonImmediateOops: No
[1,789s][debug  ][gc,director ] Rule Major: Warmup 10%, Used: 48MB, UsedThreshold: 1536MB
[1,795s][debug  ][gc,nmethod  ] Register NMethod: java.lang.Enum.name (0x00007f77ef1f1890) [0x00007f77ef1f1a20, 0x00007f77ef1f1b10] Compiler: c1, Barriers: 1, Oops: 0, ImmediateOops: 0, NonImmediateOops: No
[1,796s][debug  ][gc,nmethod  ] Register NMethod: java.lang.CharacterDataLatin1.getProperties (0x00007f77cfb0d810) [0x00007f77cfb0d9a0, 0x00007f77cfb0dad8] Compiler: c1, Barriers: 0, Oops: 0, ImmediateOops: 1, NonImmediateOops: No
[1,797s][debug  ][gc,nmethod  ] Register NMethod: java.lang.CharacterDataLatin1.toUpperCaseEx (0x00007f77cfb0db90) [0x00007f77cfb0dd40, 0x00007f77cfb0e000] Compiler: c1, Barriers: 0, Oops: 0, ImmediateOops: 1, NonImmediateOops: No
[1,797s][debug  ][gc,nmethod  ] Register NMethod: java.lang.StringLatin1.canEncode (0x00007f77ef1f1b90) [0x00007f77ef1f1d00, 0x00007f77ef1f1d88] Compiler: c2, Barriers: 0, Oops: 0, ImmediateOops: 0, NonImmediateOops: No
[1,798s][debug  ][gc,nmethod  ] Register NMethod: java.util.concurrent.ConcurrentHashMap.put (0x00007f77cfb0e110) [0x00007f77cfb0e2c0, 0x00007f77cfb0e408] Compiler: c1, Barriers: 0, Oops: 0, ImmediateOops: 0, NonImmediateOops: No
[1,798s][debug  ][gc,nmethod  ] Register NMethod: sun.util.locale.BaseLocale.getLanguage (0x00007f77ef1f1e90) [0x00007f77ef1f2020, 0x00007f77ef1f2110] Compiler: c1, Barriers: 1, Oops: 0, ImmediateOops: 0, NonImmediateOops: No
[1,799s][debug  ][gc,director ] Rule Major: Warmup 10%, Used: 48MB, UsedThreshold: 1536MB
[1,800s][debug  ][gc,nmethod  ] Register NMethod: sun.security.util.KnownOIDs.registerNames (0x00007f77ef1f2190) [0x00007f77ef1f2320, 0x00007f77ef1f23e0] Compiler: c1, Barriers: 0, Oops: 0, ImmediateOops: 0, NonImmediateOops: No
[1,800s][debug  ][gc,nmethod  ] Register NMethod: java.lang.StringLatin1.toUpperCase (0x00007f77cfb0e490) [0x00007f77cfb0e720, 0x00007f77cfb0f2b8] Compiler: c1, Barriers: 5, Oops: 0, ImmediateOops: 5, NonImmediateOops: No
[1,802s][debug  ][gc,nmethod  ] Register NMethod: java.util.Objects.nonNull (0x00007f77cfb0f690) [0x00007f77cfb0f820, 0x00007f77cfb0f960] Compiler: c1, Barriers: 0, Oops: 0, ImmediateOops: 0, NonImmediateOops: No
[1,802s][debug  ][gc,nmethod  ] Register NMethod: java.lang.String.toUpperCase (0x00007f77cfb0fa10) [0x00007f77cfb0fbe0, 0x00007f77cfb0fef8] Compiler: c1, Barriers: 2, Oops: 0, ImmediateOops: 0, NonImmediateOops: No
[1,804s][debug  ][gc,nmethod  ] Register NMethod: java.util.Locale.getLanguage (0x00007f77cfb10010) [0x00007f77cfb101a0, 0x00007f77cfb10320] Compiler: c1, Barriers: 2, Oops: 0, ImmediateOops: 0, NonImmediateOops: No
[1,804s][debug  ][gc,nmethod  ] Register NMethod: java.util.LinkedHashMap.newNode (0x00007f77cfb10410) [0x00007f77cfb105c0, 0x00007f77cfb107b0] Compiler: c1, Barriers: 0, Oops: 0, ImmediateOops: 0, NonImmediateOops: No
[1,804s][debug  ][gc,nmethod  ] Register NMethod: java.util.LinkedHashMap$Entry.<init> (0x00007f77cfb10910) [0x00007f77cfb10ac0, 0x00007f77cfb10de8] Compiler: c1, Barriers: 9, Oops: 0, ImmediateOops: 0, NonImmediateOops: No
[1,804s][debug  ][gc,nmethod  ] Register NMethod: java.util.LinkedHashMap.afterNodeInsertion (0x00007f77cfb10f10) [0x00007f77cfb110c0, 0x00007f77cfb112f0] Compiler: c1, Barriers: 1, Oops: 0, ImmediateOops: 0, NonImmediateOops: No
[1,804s][debug  ][gc,nmethod  ] Register NMethod: java.util.AbstractList.<init> (0x00007f77cfb11390) [0x00007f77cfb11540, 0x00007f77cfb11708] Compiler: c1, Barriers: 0, Oops: 0, ImmediateOops: 0, NonImmediateOops: No
[1,804s][debug  ][gc,nmethod  ] Register NMethod: java.util.HashMap$EntryIterator.next (0x00007f77cfb11810) [0x00007f77cfb119c0, 0x00007f77cfb11b58] Compiler: c1, Barriers: 0, Oops: 0, ImmediateOops: 0, NonImmediateOops: No
[1,804s][debug  ][gc,nmethod  ] Register NMethod: java.util.HashMap$EntryIterator.next (0x00007f77cfb11c10) [0x00007f77cfb11dc0, 0x00007f77cfb11f00] Compiler: c1, Barriers: 0, Oops: 0, ImmediateOops: 0, NonImmediateOops: No
[1,805s][debug  ][gc,nmethod  ] Register NMethod: java.util.concurrent.ConcurrentHashMap$Node.<init> (0x00007f77cfb11f90) [0x00007f77cfb12140, 0x00007f77cfb12470] Compiler: c1, Barriers: 9, Oops: 0, ImmediateOops: 0, NonImmediateOops: No
[1,805s][debug  ][gc,nmethod  ] Register NMethod: java.util.ArrayList$Itr.hasNext (0x00007f77cfb12590) [0x00007f77cfb12720, 0x00007f77cfb128c0] Compiler: c1, Barriers: 1, Oops: 0, ImmediateOops: 0, NonImmediateOops: No
[1,805s][debug  ][gc,nmethod  ] Register NMethod: java.util.Properties.put (0x00007f77cfb12990) [0x00007f77cfb12b40, 0x00007f77cfb12e00] Compiler: c1, Barriers: 1, Oops: 0, ImmediateOops: 0, NonImmediateOops: No
[1,805s][debug  ][gc,nmethod  ] Register NMethod: sun.security.util.KnownOIDs.register (0x00007f77cfb12f10) [0x00007f77cfb13880, 0x00007f77cfb18378] Compiler: c1, Barriers: 30, Oops: 7, ImmediateOops: 22, NonImmediateOops: No
[1,805s][debug  ][gc,nmethod  ] Register NMethod: java.lang.CharacterDataLatin1.toUpperCaseEx (0x00007f77ef1f2490) [0x00007f77ef1f2620, 0x00007f77ef1f2710] Compiler: c2, Barriers: 0, Oops: 1, ImmediateOops: 1, NonImmediateOops: No
[1,807s][debug  ][gc,nmethod  ] Register NMethod: java.lang.AbstractStringBuilder.ensureCapacityInternal (0x00007f77ef1f2810) [0x00007f77ef1f29c0, 0x00007f77ef1f2e70] Compiler: c2, Barriers: 4, Oops: 0, ImmediateOops: 0, NonImmediateOops: No
[1,807s][debug  ][gc,nmethod  ] Register NMethod: java.lang.Integer.rotateLeft (0x00007f77cfb19e10) [0x00007f77cfb19fa0, 0x00007f77cfb1a098] Compiler: c1, Barriers: 0, Oops: 0, ImmediateOops: 0, NonImmediateOops: No
[1,808s][debug  ][gc,nmethod  ] Register NMethod: jdk.internal.misc.Unsafe.getIntUnaligned (0x00007f77cfb1a110) [0x00007f77cfb1a300, 0x00007f77cfb1a7a0] Compiler: c1, Barriers: 0, Oops: 0, ImmediateOops: 0, NonImmediateOops: No
[1,808s][debug  ][gc,nmethod  ] Register NMethod: java.lang.invoke.VarForm.getMemberName (0x00007f77cfb1a910) [0x00007f77cfb1aae0, 0x00007f77cfb1adf0] Compiler: c1, Barriers: 2, Oops: 0, ImmediateOops: 0, NonImmediateOops: No
[1,808s][debug  ][gc,nmethod  ] Register NMethod: java.lang.invoke.VarHandle.checkAccessModeThenIsDirect (0x00007f77cfb1af10) [0x00007f77cfb1b140, 0x00007f77cfb1bae8] Compiler: c1, Barriers: 10, Oops: 0, ImmediateOops: 1, NonImmediateOops: No
[1,808s][debug  ][gc,nmethod  ] Register NMethod: java.lang.Integer.rotateLeft (0x00007f77ef1f3090) [0x00007f77ef1f3200, 0x00007f77ef1f3270] Compiler: c2, Barriers: 0, Oops: 0, ImmediateOops: 0, NonImmediateOops: No
[1,808s][debug  ][gc,nmethod  ] Register NMethod: java.lang.invoke.VarHandleByteArrayAsInts$ArrayHandle.index (0x00007f77cfb1bd90) [0x00007f77cfb1bf20, 0x00007f77cfb1c060] Compiler: c1, Barriers: 0, Oops: 1, ImmediateOops: 1, NonImmediateOops: No
[1,808s][debug  ][gc,nmethod  ] Register NMethod: jdk.internal.misc.Unsafe.convEndian (0x00007f77cfb1c190) [0x00007f77cfb1c320, 0x00007f77cfb1c4e0] Compiler: c1, Barriers: 0, Oops: 0, ImmediateOops: 0, NonImmediateOops: No
[1,808s][debug  ][gc,nmethod  ] Register NMethod: java.lang.Integer.reverseBytes (0x00007f77cfb1c590) [0x00007f77cfb1c720, 0x00007f77cfb1c830] Compiler: c1, Barriers: 0, Oops: 0, ImmediateOops: 0, NonImmediateOops: No
[1,809s][debug  ][gc,nmethod  ] Register NMethod: java.lang.invoke.VarHandleByteArrayAsInts$ArrayHandle.get (0x00007f77cfb1c890) [0x00007f77cfb1ca60, 0x00007f77cfb1ce60] Compiler: c1, Barriers: 0, Oops: 2, ImmediateOops: 2, NonImmediateOops: No
[1,809s][debug  ][gc,nmethod  ] Register NMethod: jdk.internal.misc.Unsafe.getIntUnaligned (0x00007f77cfb1d010) [0x00007f77cfb1d1c0, 0x00007f77cfb1d420] Compiler: c1, Barriers: 0, Oops: 0, ImmediateOops: 0, NonImmediateOops: No
[1,809s][debug  ][gc,nmethod  ] Register NMethod: java.lang.Float.isNaN (0x00007f77cfb1d510) [0x00007f77cfb1d6a0, 0x00007f77cfb1d808] Compiler: c1, Barriers: 0, Oops: 0, ImmediateOops: 0, NonImmediateOops: No
[1,809s][debug  ][gc,nmethod  ] Register NMethod: java.lang.invoke.MethodHandle.invokeBasic (0x00007f77ef1f3390) [0x00007f77ef1f3520, 0x00007f77ef1f37b8] Compiler: , Barriers: 0, Oops: 0, ImmediateOops: 0, NonImmediateOops: No
[1,809s][debug  ][gc,director ] Rule Major: Warmup 10%, Used: 48MB, UsedThreshold: 1536MB
[1,810s][debug  ][gc,nmethod  ] Register NMethod: java.lang.invoke.VarHandleGuards.guard_LI_I (0x00007f77cfb1d890) [0x00007f77cfb1dc00, 0x00007f77cfb1f768] Compiler: c1, Barriers: 26, Oops: 0, ImmediateOops: 1, NonImmediateOops: No
[1,810s][debug  ][gc,nmethod  ] Register NMethod: java.util.WeakHashMap.put (0x00007f77cfb1fe90) [0x00007f77cfb20160, 0x00007f77cfb21320] Compiler: c1, Barriers: 26, Oops: 0, ImmediateOops: 2, NonImmediateOops: No
[1,810s][debug  ][gc,nmethod  ] Register NMethod: jdk.internal.reflect.ClassFileAssembler.emitShort (0x00007f77cfb21810) [0x00007f77cfb219e0, 0x00007f77cfb21d40] Compiler: c1, Barriers: 2, Oops: 0, ImmediateOops: 0, NonImmediateOops: No
[1,810s][debug  ][gc,nmethod  ] Register NMethod: jdk.internal.reflect.ClassFileAssembler.cpi (0x00007f77cfb21f10) [0x00007f77cfb220c0, 0x00007f77cfb222e0] Compiler: c1, Barriers: 0, Oops: 0, ImmediateOops: 1, NonImmediateOops: No
[1,811s][debug  ][gc,nmethod  ] Register NMethod: java.lang.Throwable.fillInStackTrace (0x00007f77ef1f3810) [0x00007f77ef1f39c0, 0x00007f77ef1f3d58] Compiler: , Barriers: 0, Oops: 0, ImmediateOops: 0, NonImmediateOops: No
[1,811s][debug  ][gc,nmethod  ] Register NMethod: java.util.Arrays.equals (0x00007f77cfb22390) [0x00007f77cfb22580, 0x00007f77cfb22ba0] Compiler: c1, Barriers: 2, Oops: 0, ImmediateOops: 0, NonImmediateOops: No
[1,811s][debug  ][gc,nmethod  ] Register NMethod: java.lang.Throwable.fillInStackTrace (0x00007f77cfb22d90) [0x00007f77cfb22f40, 0x00007f77cfb232b0] Compiler: c1, Barriers: 5, Oops: 0, ImmediateOops: 1, NonImmediateOops: No
[1,811s][debug  ][gc,nmethod  ] Register NMethod: java.lang.StringBuilder.<init> (0x00007f77cfb23390) [0x00007f77cfb23540, 0x00007f77cfb23680] Compiler: c1, Barriers: 0, Oops: 0, ImmediateOops: 0, NonImmediateOops: No
[1,811s][debug  ][gc,nmethod  ] Register NMethod: java.lang.Math.min (0x00007f77cfb23710) [0x00007f77cfb238a0, 0x00007f77cfb239d8] Compiler: c1, Barriers: 0, Oops: 0, ImmediateOops: 0, NonImmediateOops: No
[1,811s][debug  ][gc,nmethod  ] Register NMethod: java.util.Collections$SetFromMap.add (0x00007f77cfb23a90) [0x00007f77cfb23c40, 0x00007f77cfb23ea0] Compiler: c1, Barriers: 1, Oops: 0, ImmediateOops: 1, NonImmediateOops: No
[1,812s][debug  ][gc,nmethod  ] Register NMethod: java.nio.DirectLongBufferU.ix (0x00007f77ef1f3d90) [0x00007f77ef1f3f00, 0x00007f77ef1f3f80] Compiler: c2, Barriers: 0, Oops: 0, ImmediateOops: 0, NonImmediateOops: No
[1,812s][debug  ][gc,nmethod  ] Register NMethod: jdk.internal.reflect.ClassFileAssembler.emitConstantPoolUTF8 (0x00007f77cfb23f90) [0x00007f77cfb241e0, 0x00007f77cfb24900] Compiler: c1, Barriers: 4, Oops: 0, ImmediateOops: 0, NonImmediateOops: No
[1,812s][debug  ][gc,nmethod  ] Register NMethod: jdk.internal.reflect.ByteVectorImpl.getLength (0x00007f77cfb24c90) [0x00007f77cfb24e20, 0x00007f77cfb24f28] Compiler: c1, Barriers: 0, Oops: 0, ImmediateOops: 0, NonImmediateOops: No
[1,812s][debug  ][gc,nmethod  ] Register NMethod: jdk.internal.reflect.UTF8.utf8Length (0x00007f77cfb24f90) [0x00007f77cfb251c0, 0x00007f77cfb25af8] Compiler: c1, Barriers: 3, Oops: 1, ImmediateOops: 2, NonImmediateOops: No
[1,812s][debug  ][gc,nmethod  ] Register NMethod: jdk.internal.reflect.UTF8.encode (0x00007f77cfb25e90) [0x00007f77cfb26100, 0x00007f77cfb26d58] Compiler: c1, Barriers: 3, Oops: 1, ImmediateOops: 3, NonImmediateOops: No
[1,812s][debug  ][gc,nmethod  ] Register NMethod: java.util.WeakHashMap.matchesKey (0x00007f77cfb27390) [0x00007f77cfb27580, 0x00007f77cfb27a98] Compiler: c1, Barriers: 2, Oops: 0, ImmediateOops: 0, NonImmediateOops: No
[1,812s][debug  ][gc,nmethod  ] Register NMethod: java.io.ObjectStreamField.getName (0x00007f77ef1f4090) [0x00007f77ef1f4220, 0x00007f77ef1f4310] Compiler: c1, Barriers: 1, Oops: 0, ImmediateOops: 0, NonImmediateOops: No
[1,812s][debug  ][gc,nmethod  ] Register NMethod: java.util.HashMap.tableSizeFor (0x00007f77cfb27c10) [0x00007f77cfb27dc0, 0x00007f77cfb27fd8] Compiler: c1, Barriers: 0, Oops: 0, ImmediateOops: 0, NonImmediateOops: No
[1,813s][debug  ][gc,nmethod  ] Register NMethod: java.lang.reflect.Modifier.isStatic (0x00007f77cfb28090) [0x00007f77cfb28220, 0x00007f77cfb28368] Compiler: c1, Barriers: 0, Oops: 0, ImmediateOops: 0, NonImmediateOops: No
[1,813s][debug  ][gc,nmethod  ] Register NMethod: java.lang.Class.descriptorString (0x00007f77cfb28410) [0x00007f77cfb288a0, 0x00007f77cfb2a150] Compiler: c1, Barriers: 7, Oops: 1, ImmediateOops: 1, NonImmediateOops: No
[1,813s][debug  ][gc,nmethod  ] Register NMethod: java.lang.invoke.MethodHandle.invokeBasic (0x00007f77ef1f4390) [0x00007f77ef1f4520, 0x00007f77ef1f47b8] Compiler: , Barriers: 0, Oops: 0, ImmediateOops: 0, NonImmediateOops: No
[1,813s][debug  ][gc,nmethod  ] Register NMethod: java.lang.invoke.MethodHandle.linkToSpecial (0x00007f77ef1f4810) [0x00007f77ef1f4980, 0x00007f77ef1f4a78] Compiler: , Barriers: 0, Oops: 0, ImmediateOops: 0, NonImmediateOops: No
[1,813s][debug  ][gc,nmethod  ] Register NMethod: java.lang.invoke.MemberName.flagsMods (0x00007f77cfb2ab10) [0x00007f77cfb2aca0, 0x00007f77cfb2ada0] Compiler: c1, Barriers: 0, Oops: 0, ImmediateOops: 0, NonImmediateOops: No
[1,813s][debug  ][gc,nmethod  ] Register NMethod: java.lang.invoke.MemberName.init (0x00007f77cfb2ae10) [0x00007f77cfb2afc0, 0x00007f77cfb2b238] Compiler: c1, Barriers: 9, Oops: 0, ImmediateOops: 0, NonImmediateOops: No
[1,814s][debug  ][gc,nmethod  ] Register NMethod: java.lang.invoke.MemberName.getMethodOrFieldType (0x00007f77cfb2b310) [0x00007f77cfb2b660, 0x00007f77cfb2c490] Compiler: c1, Barriers: 0, Oops: 2, ImmediateOops: 4, NonImmediateOops: No
[1,814s][debug  ][gc,nmethod  ] Register NMethod: java.lang.String.getBytes (0x00007f77ef1f4b10) [0x00007f77ef1f4ca0, 0x00007f77ef1f4e48] Compiler: c2, Barriers: 1, Oops: 0, ImmediateOops: 0, NonImmediateOops: No
[1,814s][debug  ][gc,nmethod  ] Register NMethod: jdk.internal.reflect.ByteVectorImpl.get (0x00007f77cfb2c990) [0x00007f77cfb2cb40, 0x00007f77cfb2cd70] Compiler: c1, Barriers: 2, Oops: 0, ImmediateOops: 0, NonImmediateOops: No
[1,815s][debug  ][gc,nmethod  ] Register NMethod: jdk.internal.reflect.ByteVectorImpl.add (0x00007f77ef1f4f90) [0x00007f77ef1f5120, 0x00007f77ef1f52b8] Compiler: c2, Barriers: 2, Oops: 0, ImmediateOops: 0, NonImmediateOops: No
[1,815s][debug  ][gc,nmethod  ] Register NMethod: java.lang.invoke.MethodHandle.invokeBasic (0x00007f77ef1f5410) [0x00007f77ef1f55a0, 0x00007f77ef1f5838] Compiler: , Barriers: 0, Oops: 0, ImmediateOops: 0, NonImmediateOops: No
[1,816s][debug  ][gc,nmethod  ] Register NMethod: java.lang.invoke.MemberName.isStatic (0x00007f77cfb2ce90) [0x00007f77cfb2d020, 0x00007f77cfb2d1e8] Compiler: c1, Barriers: 0, Oops: 0, ImmediateOops: 0, NonImmediateOops: No
[1,816s][debug  ][gc,nmethod  ] Register NMethod: java.lang.invoke.LambdaForm.argument (0x00007f77cfb2d290) [0x00007f77cfb2d460, 0x00007f77cfb2d730] Compiler: c1, Barriers: 2, Oops: 0, ImmediateOops: 1, NonImmediateOops: No
[1,817s][debug  ][gc,nmethod  ] Register NMethod: java.lang.invoke.MethodHandle.linkToStatic (0x00007f77ef1f5890) [0x00007f77ef1f5a00, 0x00007f77ef1f5af0] Compiler: , Barriers: 0, Oops: 0, ImmediateOops: 0, NonImmediateOops: No
[1,817s][debug  ][gc,nmethod  ] Register NMethod: java.lang.invoke.LambdaForm$Name.initIndex (0x00007f77cfb2d890) [0x00007f77cfb2da20, 0x00007f77cfb2dbd0] Compiler: c1, Barriers: 0, Oops: 0, ImmediateOops: 0, NonImmediateOops: No
[1,817s][debug  ][gc,nmethod  ] Register NMethod: java.lang.invoke.MethodHandle.invokeBasic (0x00007f77ef1f5b90) [0x00007f77ef1f5d20, 0x00007f77ef1f5fb8] Compiler: , Barriers: 0, Oops: 0, ImmediateOops: 0, NonImmediateOops: No
[1,818s][debug  ][gc,nmethod  ] Register NMethod: jdk.internal.org.objectweb.asm.Type.getArgumentsAndReturnSizes (0x00007f77cfb2dc90) [0x00007f77cfb2e080, 0x00007f77cfb2fea8] Compiler: c1, Barriers: 10, Oops: 1, ImmediateOops: 10, NonImmediateOops: No
[1,819s][debug  ][gc,nmethod  ] Register NMethod: jdk.internal.reflect.ClassFileAssembler.emitByte (0x00007f77ef1f6010) [0x00007f77ef1f61c0, 0x00007f77ef1f63f0] Compiler: c2, Barriers: 3, Oops: 0, ImmediateOops: 0, NonImmediateOops: No
[1,819s][debug  ][gc,director ] Rule Major: Warmup 10%, Used: 48MB, UsedThreshold: 1536MB
[1,821s][debug  ][gc,nmethod  ] Register NMethod: java.lang.reflect.Field.getName (0x00007f77ef1f6590) [0x00007f77ef1f6720, 0x00007f77ef1f6810] Compiler: c1, Barriers: 1, Oops: 0, ImmediateOops: 0, NonImmediateOops: No
[1,821s][debug  ][gc,nmethod  ] Register NMethod: jdk.internal.reflect.AccessorGenerator.sub (0x00007f77cfb30990) [0x00007f77cfb30b20, 0x00007f77cfb30c10] Compiler: c1, Barriers: 0, Oops: 0, ImmediateOops: 0, NonImmediateOops: No
[1,822s][debug  ][gc,nmethod  ] Register NMethod: java.io.ObjectStreamField.getSignature (0x00007f77cfb30c90) [0x00007f77cfb30e60, 0x00007f77cfb311a8] Compiler: c1, Barriers: 6, Oops: 0, ImmediateOops: 0, NonImmediateOops: No
[1,822s][debug  ][gc,nmethod  ] Register NMethod: jdk.internal.reflect.ClassFileAssembler.setStack (0x00007f77cfb31290) [0x00007f77cfb31420, 0x00007f77cfb31568] Compiler: c1, Barriers: 0, Oops: 0, ImmediateOops: 0, NonImmediateOops: No
[1,823s][debug  ][gc,nmethod  ] Register NMethod: jdk.internal.reflect.ClassFileAssembler.emitConstantPoolMethodref (0x00007f77cfb31610) [0x00007f77cfb31860, 0x00007f77cfb31fe0] Compiler: c1, Barriers: 5, Oops: 0, ImmediateOops: 0, NonImmediateOops: No
[1,823s][debug  ][gc,nmethod  ] Register NMethod: java.lang.invoke.MethodType.rtype (0x00007f77ef1f6890) [0x00007f77ef1f6a20, 0x00007f77ef1f6b10] Compiler: c1, Barriers: 1, Oops: 0, ImmediateOops: 0, NonImmediateOops: No
[1,823s][debug  ][gc,nmethod  ] Register NMethod: jdk.internal.reflect.ClassFileAssembler.emitConstantPoolNameAndType (0x00007f77cfb32390) [0x00007f77cfb325e0, 0x00007f77cfb32d60] Compiler: c1, Barriers: 5, Oops: 0, ImmediateOops: 0, NonImmediateOops: No
[1,823s][debug  ][gc,nmethod  ] Register NMethod: java.lang.Class.getReflectionFactory (0x00007f77cfb33110) [0x00007f77cfb33340, 0x00007f77cfb33a60] Compiler: c1, Barriers: 4, Oops: 1, ImmediateOops: 4, NonImmediateOops: No
[1,824s][debug  ][gc,nmethod  ] Register NMethod: java.lang.invoke.MethodHandleNatives.resolve (0x00007f77ef1f6b90) [0x00007f77ef1f6d40, 0x00007f77ef1f7118] Compiler: , Barriers: 0, Oops: 0, ImmediateOops: 1, NonImmediateOops: No
[1,824s][debug  ][gc,nmethod  ] Register NMethod: java.lang.invoke.MemberName$Factory.resolve (0x00007f77cfb33d10) [0x00007f77cfb33f60, 0x00007f77cfb346e8] Compiler: c1, Barriers: 7, Oops: 0, ImmediateOops: 0, NonImmediateOops: No
[1,825s][debug  ][gc,nmethod  ] Register NMethod: jdk.internal.loader.URLClassPath$Loader.getBaseURL (0x00007f77ef1f7190) [0x00007f77ef1f7320, 0x00007f77ef1f7410] Compiler: c1, Barriers: 1, Oops: 0, ImmediateOops: 0, NonImmediateOops: No
[1,825s][debug  ][gc,nmethod  ] Register NMethod: java.net.URL.getDefaultPort (0x00007f77cfb34a10) [0x00007f77cfb34bc0, 0x00007f77cfb34dd0] Compiler: c1, Barriers: 1, Oops: 0, ImmediateOops: 0, NonImmediateOops: No
[1,826s][debug  ][gc,nmethod  ] Register NMethod: sun.net.www.protocol.jar.Handler.checkNestedProtocol (0x00007f77cfb34e90) [0x00007f77cfb35040, 0x00007f77cfb35220] Compiler: c1, Barriers: 0, Oops: 0, ImmediateOops: 2, NonImmediateOops: No
[1,826s][debug  ][gc,nmethod  ] Register NMethod: java.net.URL.toString (0x00007f77cfb35310) [0x00007f77cfb354c0, 0x00007f77cfb35710] Compiler: c1, Barriers: 1, Oops: 0, ImmediateOops: 0, NonImmediateOops: No
[1,826s][debug  ][gc,nmethod  ] Register NMethod: java.net.URL.toExternalForm (0x00007f77cfb35810) [0x00007f77cfb359c0, 0x00007f77cfb35bb8] Compiler: c1, Barriers: 1, Oops: 0, ImmediateOops: 0, NonImmediateOops: No
[1,826s][debug  ][gc,nmethod  ] Register NMethod: java.lang.StringBuilder.append (0x00007f77ef1f7490) [0x00007f77ef1f7660, 0x00007f77ef1f7de8] Compiler: c2, Barriers: 7, Oops: 0, ImmediateOops: 0, NonImmediateOops: No
[1,826s][debug  ][gc,nmethod  ] Register NMethod: java.net.URLStreamHandler.toExternalForm (0x00007f77cfb35c90) [0x00007f77cfb36080, 0x00007f77cfb376d0] Compiler: c1, Barriers: 6, Oops: 1, ImmediateOops: 5, NonImmediateOops: No
[1,827s][debug  ][gc,nmethod  ] Register NMethod: java.util.Arrays.mismatch (0x00007f77cfb37e90) [0x00007f77cfb38060, 0x00007f77cfb38388] Compiler: c1, Barriers: 0, Oops: 0, ImmediateOops: 0, NonImmediateOops: No
[1,827s][debug  ][gc,nmethod  ] Register NMethod: java.util.WeakHashMap.getTable (0x00007f77cfb38510) [0x00007f77cfb386c0, 0x00007f77cfb38838] Compiler: c1, Barriers: 1, Oops: 0, ImmediateOops: 0, NonImmediateOops: No
[1,828s][debug  ][gc,nmethod  ] Register NMethod: java.util.zip.ZipCoder$UTF8ZipCoder.compare (0x00007f77cfb38910) [0x00007f77cfb38b80, 0x00007f77cfb39790] Compiler: c1, Barriers: 1, Oops: 1, ImmediateOops: 6, NonImmediateOops: No
[1,828s][debug  ][gc,nmethod  ] Register NMethod: java.util.zip.ZipFile$ZipFileInputStream.<init> (0x00007f77cfb39c90) [0x00007f77cfb39ee0, 0x00007f77cfb3a9a8] Compiler: c1, Barriers: 5, Oops: 0, ImmediateOops: 0, NonImmediateOops: No
[1,828s][debug  ][gc,nmethod  ] Register NMethod: java.util.zip.ZipUtils.CENOFF (0x00007f77cfb3ae10) [0x00007f77cfb3afc0, 0x00007f77cfb3b290] Compiler: c1, Barriers: 0, Oops: 0, ImmediateOops: 0, NonImmediateOops: No
[1,828s][debug  ][gc,nmethod  ] Register NMethod: java.util.zip.ZipFile.getInputStream (0x00007f77cfb3b410) [0x00007f77cfb3b740, 0x00007f77cfb3ca90] Compiler: c1, Barriers: 9, Oops: 1, ImmediateOops: 2, NonImmediateOops: No
[1,828s][debug  ][gc,nmethod  ] Register NMethod: java.util.WeakHashMap.remove (0x00007f77cfb3d590) [0x00007f77cfb3d800, 0x00007f77cfb3e420] Compiler: c1, Barriers: 12, Oops: 0, ImmediateOops: 1, NonImmediateOops: No
[1,828s][debug  ][gc,nmethod  ] Register NMethod: java.util.zip.ZipFile.ensureOpenOrZipException (0x00007f77cfb3e810) [0x00007f77cfb3e9c0, 0x00007f77cfb3eb90] Compiler: c1, Barriers: 0, Oops: 0, ImmediateOops: 1, NonImmediateOops: No
[1,828s][debug  ][gc,nmethod  ] Register NMethod: java.util.zip.ZipFile$ZipFileInputStream.read (0x00007f77cfb3ec90) [0x00007f77cfb3eec0, 0x00007f77cfb3f680] Compiler: c1, Barriers: 5, Oops: 0, ImmediateOops: 1, NonImmediateOops: No
[1,829s][debug  ][gc,nmethod  ] Register NMethod: jdk.internal.loader.Resource.cachedInputStream (0x00007f77cfb3fa10) [0x00007f77cfb3fbe0, 0x00007f77cfb40038] Compiler: c1, Barriers: 8, Oops: 0, ImmediateOops: 0, NonImmediateOops: No
[1,829s][debug  ][gc,nmethod  ] Register NMethod: java.util.zip.ZipFile$ZipFileInputStream.initDataOffset (0x00007f77cfb40190) [0x00007f77cfb403c0, 0x00007f77cfb40bd8] Compiler: c1, Barriers: 3, Oops: 0, ImmediateOops: 2, NonImmediateOops: No
[1,829s][debug  ][gc,nmethod  ] Register NMethod: java.util.zip.ZipUtils.LOCNAM (0x00007f77cfb40f10) [0x00007f77cfb410c0, 0x00007f77cfb41258] Compiler: c1, Barriers: 0, Oops: 0, ImmediateOops: 0, NonImmediateOops: No
[1,829s][debug  ][gc,nmethod  ] Register NMethod: java.util.zip.ZipEntry.getCrc (0x00007f77ef1f8210) [0x00007f77ef1f83a0, 0x00007f77ef1f8460] Compiler: c1, Barriers: 0, Oops: 0, ImmediateOops: 0, NonImmediateOops: No
[1,829s][debug  ][gc,nmethod  ] Register NMethod: java.util.zip.Inflater.needsInput (0x00007f77cfb41390) [0x00007f77cfb41540, 0x00007f77cfb41968] Compiler: c1, Barriers: 2, Oops: 0, ImmediateOops: 0, NonImmediateOops: No
[1,829s][debug  ][gc,nmethod  ] Register NMethod: java.lang.Exception.<init> (0x00007f77cfb41a90) [0x00007f77cfb41c40, 0x00007f77cfb41d80] Compiler: c1, Barriers: 0, Oops: 0, ImmediateOops: 0, NonImmediateOops: No
[1,829s][debug  ][gc,nmethod  ] Register NMethod: java.lang.Throwable.<init> (0x00007f77cfb41e10) [0x00007f77cfb41fe0, 0x00007f77cfb42478] Compiler: c1, Barriers: 15, Oops: 0, ImmediateOops: 2, NonImmediateOops: No
[1,829s][debug  ][gc,nmethod  ] Register NMethod: java.lang.String.indexOf (0x00007f77cfb42590) [0x00007f77cfb42760, 0x00007f77cfb42a50] Compiler: c1, Barriers: 1, Oops: 0, ImmediateOops: 0, NonImmediateOops: No
[1,829s][debug  ][gc,nmethod  ] Register NMethod: java.util.concurrent.ConcurrentHashMap.setTabAt (0x00007f77ef1f8510) [0x00007f77ef1f8680, 0x00007f77ef1f8788] Compiler: c2, Barriers: 3, Oops: 0, ImmediateOops: 0, NonImmediateOops: No
[1,829s][debug  ][gc,nmethod  ] Register NMethod: java.lang.String.indexOf (0x00007f77cfb42b90) [0x00007f77cfb42dc0, 0x00007f77cfb433a8] Compiler: c1, Barriers: 1, Oops: 0, ImmediateOops: 0, NonImmediateOops: No
[1,830s][debug  ][gc,director ] Rule Major: Warmup 10%, Used: 50MB, UsedThreshold: 1536MB
[1,830s][debug  ][gc,nmethod  ] Register NMethod: java.lang.Math.max (0x00007f77cfb43590) [0x00007f77cfb43720, 0x00007f77cfb43858] Compiler: c1, Barriers: 0, Oops: 0, ImmediateOops: 0, NonImmediateOops: No
[1,830s][debug  ][gc,nmethod  ] Register NMethod: java.lang.Math.clamp (0x00007f77cfb43910) [0x00007f77cfb43b60, 0x00007f77cfb44328] Compiler: c1, Barriers: 0, Oops: 1, ImmediateOops: 1, NonImmediateOops: No
[1,830s][debug  ][gc,nmethod  ] Register NMethod: java.lang.ClassLoader.findBootstrapClass (0x00007f77ef1f8810) [0x00007f77ef1f89c0, 0x00007f77ef1f8d70] Compiler: , Barriers: 0, Oops: 0, ImmediateOops: 1, NonImmediateOops: No
[1,830s][debug  ][gc,nmethod  ] Register NMethod: java.lang.ClassLoader.findBootstrapClassOrNull (0x00007f77cfb44690) [0x00007f77cfb44840, 0x00007f77cfb44a08] Compiler: c1, Barriers: 0, Oops: 0, ImmediateOops: 0, NonImmediateOops: No
[1,830s][debug  ][gc,nmethod  ] Register NMethod: java.lang.System$2.findBootstrapClassOrNull (0x00007f77cfb44b10) [0x00007f77cfb44cc0, 0x00007f77cfb44ed8] Compiler: c1, Barriers: 0, Oops: 0, ImmediateOops: 0, NonImmediateOops: No
[1,830s][debug  ][gc,nmethod  ] Register NMethod: java.util.jar.JavaUtilJarAccessImpl.entryFor (0x00007f77cfb45010) [0x00007f77cfb451e0, 0x00007f77cfb455e0] Compiler: c1, Barriers: 6, Oops: 0, ImmediateOops: 0, NonImmediateOops: No
[1,830s][debug  ][gc,nmethod  ] Register NMethod: java.util.jar.JarFile.entryFor (0x00007f77cfb45790) [0x00007f77cfb45960, 0x00007f77cfb45ce0] Compiler: c1, Barriers: 6, Oops: 0, ImmediateOops: 0, NonImmediateOops: No
[1,830s][debug  ][gc,nmethod  ] Register NMethod: java.util.jar.JarEntry.<init> (0x00007f77cfb45e10) [0x00007f77cfb45fc0, 0x00007f77cfb46100] Compiler: c1, Barriers: 0, Oops: 0, ImmediateOops: 0, NonImmediateOops: No
[1,830s][debug  ][gc,nmethod  ] Register NMethod: java.util.jar.JarFile$JarFileEntry.<init> (0x00007f77cfb46190) [0x00007f77cfb46340, 0x00007f77cfb465f8] Compiler: c1, Barriers: 6, Oops: 0, ImmediateOops: 0, NonImmediateOops: No
[1,830s][debug  ][gc,nmethod  ] Register NMethod: java.util.zip.Inflater.inflate (0x00007f77cfb46710) [0x00007f77cfb46b20, 0x00007f77cfb489d0] Compiler: c1, Barriers: 10, Oops: 1, ImmediateOops: 4, NonImmediateOops: No
[1,830s][debug  ][gc,nmethod  ] Register NMethod: java.util.zip.ZipEntry.<init> (0x00007f77cfb49990) [0x00007f77cfb49b80, 0x00007f77cfb4a150] Compiler: c1, Barriers: 4, Oops: 1, ImmediateOops: 2, NonImmediateOops: No
[1,830s][debug  ][gc,nmethod  ] Rebuilding NMethod Table: 1024->2048 entries, 717(70%->35%) registered, 0(0%->0%) unregistered
[1,831s][debug  ][gc,nmethod  ] Register NMethod: java.util.zip.ZipUtils.CENCRC (0x00007f77cfb4a390) [0x00007f77cfb4a540, 0x00007f77cfb4a810] Compiler: c1, Barriers: 0, Oops: 0, ImmediateOops: 0, NonImmediateOops: No
[1,831s][debug  ][gc,nmethod  ] Register NMethod: java.util.zip.ZipUtils.CENTIM (0x00007f77cfb4a990) [0x00007f77cfb4ab40, 0x00007f77cfb4ae10] Compiler: c1, Barriers: 0, Oops: 0, ImmediateOops: 0, NonImmediateOops: No
[1,831s][debug  ][gc,nmethod  ] Register NMethod: java.util.zip.ZipUtils.CENVEM_FA (0x00007f77cfb4af90) [0x00007f77cfb4b120, 0x00007f77cfb4b290] Compiler: c1, Barriers: 0, Oops: 0, ImmediateOops: 0, NonImmediateOops: No
[1,832s][debug  ][gc,nmethod  ] Register NMethod: java.util.jar.Manifest.getMainAttributes (0x00007f77ef1f8d90) [0x00007f77ef1f8f20, 0x00007f77ef1f9010] Compiler: c1, Barriers: 1, Oops: 0, ImmediateOops: 0, NonImmediateOops: No
[1,832s][debug  ][gc,nmethod  ] Register NMethod: jdk.internal.loader.BuiltinClassLoader.loadClass (0x00007f77cfb4b390) [0x00007f77cfb4b540, 0x00007f77cfb4b7e8] Compiler: c1, Barriers: 0, Oops: 0, ImmediateOops: 0, NonImmediateOops: No
[1,832s][debug  ][gc,nmethod  ] Register NMethod: jdk.internal.loader.ClassLoaders$BootClassLoader.loadClassOrNull (0x00007f77cfb4b910) [0x00007f77cfb4bae0, 0x00007f77cfb4bd70] Compiler: c1, Barriers: 0, Oops: 0, ImmediateOops: 1, NonImmediateOops: No
[1,832s][debug  ][gc,nmethod  ] Register NMethod: java.lang.StringLatin1.replace (0x00007f77ef1f9090) [0x00007f77ef1f9260, 0x00007f77ef1f9830] Compiler: c2, Barriers: 2, Oops: 0, ImmediateOops: 2, NonImmediateOops: No
[1,833s][debug  ][gc,nmethod  ] Register NMethod: worker.org.gradle.internal.classloader.FilteringClassLoader$TrieSet.find (0x00007f77cfb4be90) [0x00007f77cfb4c040, 0x00007f77cfb4c1d0] Compiler: c1, Barriers: 1, Oops: 1, ImmediateOops: 0, NonImmediateOops: No
[1,833s][debug  ][gc,nmethod  ] Register NMethod: java.lang.ReflectiveOperationException.<init> (0x00007f77cfb4c290) [0x00007f77cfb4c440, 0x00007f77cfb4c5d8] Compiler: c1, Barriers: 0, Oops: 0, ImmediateOops: 0, NonImmediateOops: No
[1,833s][debug  ][gc,nmethod  ] Register NMethod: java.util.jar.Manifest.getEntries (0x00007f77ef1f9b10) [0x00007f77ef1f9ca0, 0x00007f77ef1f9d90] Compiler: c1, Barriers: 1, Oops: 0, ImmediateOops: 0, NonImmediateOops: No
[1,833s][debug  ][gc,nmethod  ] Register NMethod: worker.org.gradle.internal.util.Trie.find (0x00007f77cfb4c690) [0x00007f77cfb4c8c0, 0x00007f77cfb4d0d0] Compiler: c1, Barriers: 2, Oops: 1, ImmediateOops: 0, NonImmediateOops: No
[1,835s][debug  ][gc,nmethod  ] Register NMethod: sun.net.www.ParseUtil.encodePath (0x00007f77cfb4d390) [0x00007f77cfb4d540, 0x00007f77cfb4d750] Compiler: c1, Barriers: 0, Oops: 0, ImmediateOops: 0, NonImmediateOops: No
[1,836s][debug  ][gc,nmethod  ] Register NMethod: jdk.internal.perf.PerfCounter.increment (0x00007f77cfb4d810) [0x00007f77cfb4d9c0, 0x00007f77cfb4db18] Compiler: c1, Barriers: 0, Oops: 0, ImmediateOops: 0, NonImmediateOops: No
[1,837s][debug  ][gc,nmethod  ] Register NMethod: java.util.concurrent.ConcurrentHashMap.computeIfAbsent (0x00007f77cfb4dc10) [0x00007f77cfb4e080, 0x00007f77cfb50628] Compiler: c1, Barriers: 24, Oops: 0, ImmediateOops: 2, NonImmediateOops: No
[1,839s][debug  ][gc,nmethod  ] Register NMethod: java.lang.invoke.MethodHandle.linkToStatic (0x00007f77ef1f9e10) [0x00007f77ef1f9f80, 0x00007f77ef1fa070] Compiler: , Barriers: 0, Oops: 0, ImmediateOops: 0, NonImmediateOops: No
[1,840s][debug  ][gc,director ] Rule Major: Warmup 10%, Used: 50MB, UsedThreshold: 1536MB
[1,842s][debug  ][gc,nmethod  ] Register NMethod: java.lang.CharacterData.of (0x00007f77cfb51690) [0x00007f77cfb518c0, 0x00007f77cfb52230] Compiler: c1, Barriers: 7, Oops: 0, ImmediateOops: 1, NonImmediateOops: No
[1,843s][debug  ][gc,nmethod  ] Register NMethod: java.lang.Record.<init> (0x00007f77cfb52490) [0x00007f77cfb52620, 0x00007f77cfb52780] Compiler: c1, Barriers: 0, Oops: 0, ImmediateOops: 0, NonImmediateOops: No
[1,844s][debug  ][gc,nmethod  ] Register NMethod: java.io.FilterInputStream.<init> (0x00007f77cfb52810) [0x00007f77cfb529c0, 0x00007f77cfb52c00] Compiler: c1, Barriers: 3, Oops: 0, ImmediateOops: 0, NonImmediateOops: No
[1,844s][debug  ][gc,nmethod  ] Register NMethod: java.lang.invoke.MethodType.parameterSlotCount (0x00007f77cfb52d10) [0x00007f77cfb52ea0, 0x00007f77cfb52ff0] Compiler: c1, Barriers: 1, Oops: 0, ImmediateOops: 0, NonImmediateOops: No
[1,846s][debug  ][gc,nmethod  ] Register NMethod: sun.net.util.URLUtil.urlNoFragString (0x00007f77cfb53090) [0x00007f77cfb533c0, 0x00007f77cfb544d0] Compiler: c1, Barriers: 7, Oops: 3, ImmediateOops: 9, NonImmediateOops: No
[1,847s][debug  ][gc,nmethod  ] Register NMethod: worker.org.gradle.internal.classloader.FilteringClassLoader.loadClass (0x00007f77cfb54a90) [0x00007f77cfb54d40, 0x00007f77cfb558c8] Compiler: c1, Barriers: 0, Oops: 3, ImmediateOops: 2, NonImmediateOops: No
[1,847s][debug  ][gc,nmethod  ] Register NMethod: java.lang.ClassLoader.loadClass (0x00007f77cfb55d90) [0x00007f77cfb56060, 0x00007f77cfb56d40] Compiler: c1, Barriers: 1, Oops: 2, ImmediateOops: 3, NonImmediateOops: No
[1,848s][debug  ][gc,nmethod  ] Register NMethod: jdk.internal.loader.BuiltinClassLoader$LoadedModule.loader (0x00007f77ef1fa110) [0x00007f77ef1fa2a0, 0x00007f77ef1fa390] Compiler: c1, Barriers: 1, Oops: 0, ImmediateOops: 0, NonImmediateOops: No
[1,848s][debug  ][gc,nmethod  ] Register NMethod: jdk.internal.org.objectweb.asm.SymbolTable.get (0x00007f77ef1fa410) [0x00007f77ef1fa5a0, 0x00007f77ef1fa708] Compiler: c2, Barriers: 2, Oops: 0, ImmediateOops: 0, NonImmediateOops: No
[1,850s][debug  ][gc,director ] Rule Major: Warmup 10%, Used: 50MB, UsedThreshold: 1536MB
[1,852s][debug  ][gc,nmethod  ] Register NMethod: java.lang.invoke.MethodHandle.linkToSpecial (0x00007f77ef1fa810) [0x00007f77ef1fa980, 0x00007f77ef1faa78] Compiler: , Barriers: 0, Oops: 0, ImmediateOops: 0, NonImmediateOops: No
[1,852s][debug  ][gc,nmethod  ] Register NMethod: java.lang.invoke.MemberName.getName (0x00007f77cfb57390) [0x00007f77cfb57560, 0x00007f77cfb579e0] Compiler: c1, Barriers: 5, Oops: 0, ImmediateOops: 0, NonImmediateOops: No
[1,853s][debug  ][gc,nmethod  ] Register NMethod: jdk.internal.org.objectweb.asm.MethodWriter.visitVarInsn (0x00007f77cfb57b10) [0x00007f77cfb57d80, 0x00007f77cfb58808] Compiler: c1, Barriers: 4, Oops: 0, ImmediateOops: 1, NonImmediateOops: No
[1,854s][debug  ][gc,nmethod  ] Register NMethod: java.util.Properties.loadConvert (0x00007f77cfb58a90) [0x00007f77cfb58d80, 0x00007f77cfb5a110] Compiler: c1, Barriers: 0, Oops: 0, ImmediateOops: 2, NonImmediateOops: No
[1,854s][debug  ][gc,nmethod  ] Register NMethod: jdk.internal.org.objectweb.asm.ByteVector.putUTF8 (0x00007f77ef1fab10) [0x00007f77ef1face0, 0x00007f77ef1fb2b0] Compiler: c2, Barriers: 4, Oops: 0, ImmediateOops: 0, NonImmediateOops: No
[1,854s][debug  ][gc,nmethod  ] Register NMethod: java.lang.invoke.MethodType.erase (0x00007f77cfb5a790) [0x00007f77cfb5a920, 0x00007f77cfb5aaa0] Compiler: c1, Barriers: 2, Oops: 0, ImmediateOops: 0, NonImmediateOops: No
[1,854s][debug  ][gc,nmethod  ] Register NMethod: java.lang.invoke.MethodType.basicType (0x00007f77cfb5ab90) [0x00007f77cfb5ad20, 0x00007f77cfb5aea0] Compiler: c1, Barriers: 2, Oops: 0, ImmediateOops: 0, NonImmediateOops: No
[1,854s][debug  ][gc,nmethod  ] Register NMethod: java.lang.invoke.TypeConvertingMethodAdapter.descriptorToName (0x00007f77cfb5af90) [0x00007f77cfb5b200, 0x00007f77cfb5be28] Compiler: c1, Barriers: 1, Oops: 1, ImmediateOops: 4, NonImmediateOops: No
[1,854s][debug  ][gc,nmethod  ] Register NMethod: java.lang.invoke.MethodHandleImpl.isCompileConstant (0x00007f77ef1fb510) [0x00007f77ef1fb6a0, 0x00007f77ef1fb740] Compiler: c1, Barriers: 0, Oops: 0, ImmediateOops: 0, NonImmediateOops: No
[1,854s][debug  ][gc,nmethod  ] Register NMethod: java.util.Properties$LineReader.readLine (0x00007f77cfb5c310) [0x00007f77cfb5c700, 0x00007f77cfb5ef70] Compiler: c1, Barriers: 14, Oops: 0, ImmediateOops: 0, NonImmediateOops: No
[1,854s][debug  ][gc,nmethod  ] Register NMethod: java.util.ArrayList$Itr.checkForComodification (0x00007f77cfb5fa90) [0x00007f77cfb5fc40, 0x00007f77cfb5fe40] Compiler: c1, Barriers: 1, Oops: 0, ImmediateOops: 0, NonImmediateOops: No
[1,856s][debug  ][gc,nmethod  ] Register NMethod: java.lang.Module.isNamed (0x00007f77cfb5ff10) [0x00007f77cfb600a0, 0x00007f77cfb60238] Compiler: c1, Barriers: 1, Oops: 0, ImmediateOops: 0, NonImmediateOops: No
[1,856s][debug  ][gc,nmethod  ] Register NMethod: java.util.ArrayList$Itr.next (0x00007f77cfb60310) [0x00007f77cfb60500, 0x00007f77cfb60968] Compiler: c1, Barriers: 3, Oops: 0, ImmediateOops: 0, NonImmediateOops: No
[1,858s][debug  ][gc,nmethod  ] Register NMethod: java.net.URL.<init> (0x00007f77cfb60b90) [0x00007f77cfb61220, 0x00007f77cfb64aa0] Compiler: c1, Barriers: 55, Oops: 4, ImmediateOops: 12, NonImmediateOops: No
[1,859s][debug  ][gc,nmethod  ] Register NMethod: java.util.zip.ZipUtils.CENATX_PERMS (0x00007f77cfb66810) [0x00007f77cfb669c0, 0x00007f77cfb66b60] Compiler: c1, Barriers: 0, Oops: 0, ImmediateOops: 0, NonImmediateOops: No
[1,859s][debug  ][gc,nmethod  ] Register NMethod: java.security.CodeSource.getCertificates (0x00007f77cfb66c90) [0x00007f77cfb66f20, 0x00007f77cfb67b18] Compiler: c1, Barriers: 10, Oops: 0, ImmediateOops: 1, NonImmediateOops: No
[1,860s][debug  ][gc,director ] Rule Major: Warmup 10%, Used: 50MB, UsedThreshold: 1536MB
[1,861s][debug  ][gc,nmethod  ] Register NMethod: java.net.URL.<init> (0x00007f77cfb67e10) [0x00007f77cfb67fc0, 0x00007f77cfb68108] Compiler: c1, Barriers: 0, Oops: 0, ImmediateOops: 0, NonImmediateOops: No
[1,861s][debug  ][gc,nmethod  ] Register NMethod: java.util.zip.ZipFile.getZipEntry (0x00007f77cfb68190) [0x00007f77cfb68720, 0x00007f77cfb6b850] Compiler: c1, Barriers: 18, Oops: 2, ImmediateOops: 4, NonImmediateOops: No
[1,861s][debug  ][gc,nmethod  ] Register NMethod: java.net.URL.set (0x00007f77cfb6cb10) [0x00007f77cfb6cd80, 0x00007f77cfb6d8c8] Compiler: c1, Barriers: 27, Oops: 1, ImmediateOops: 1, NonImmediateOops: No
[1,861s][debug  ][gc,nmethod  ] Register NMethod: java.lang.ClassNotFoundException.<init> (0x00007f77cfb6dc90) [0x00007f77cfb6de40, 0x00007f77cfb6e040] Compiler: c1, Barriers: 0, Oops: 0, ImmediateOops: 0, NonImmediateOops: No
[1,861s][debug  ][gc,nmethod  ] Register NMethod: java.net.URLStreamHandler.setURL (0x00007f77cfb6e110) [0x00007f77cfb6e420, 0x00007f77cfb6f5e0] Compiler: c1, Barriers: 5, Oops: 1, ImmediateOops: 3, NonImmediateOops: No
[1,862s][debug  ][gc,nmethod  ] Register NMethod: java.util.LinkedList$ListItr.hasNext (0x00007f77cfb6fc10) [0x00007f77cfb6fda0, 0x00007f77cfb6ff40] Compiler: c1, Barriers: 1, Oops: 0, ImmediateOops: 0, NonImmediateOops: No
[1,862s][debug  ][gc,nmethod  ] Register NMethod: java.lang.Class.getSuperclass (0x00007f77ef1fb810) [0x00007f77ef1fb9c0, 0x00007f77ef1fbd58] Compiler: , Barriers: 0, Oops: 0, ImmediateOops: 0, NonImmediateOops: No
[1,862s][debug  ][gc,nmethod  ] Register NMethod: java.lang.ClassLoader.getDefinedPackage (0x00007f77cfb70010) [0x00007f77cfb70200, 0x00007f77cfb707c0] Compiler: c1, Barriers: 2, Oops: 1, ImmediateOops: 1, NonImmediateOops: No
[1,862s][debug  ][gc,nmethod  ] Register NMethod: java.lang.Class.reflectionData (0x00007f77cfb70990) [0x00007f77cfb70b60, 0x00007f77cfb70f80] Compiler: c1, Barriers: 1, Oops: 0, ImmediateOops: 0, NonImmediateOops: No
[1,862s][debug  ][gc,nmethod  ] Register NMethod: java.lang.reflect.Method.getModifiers (0x00007f77ef1fbd90) [0x00007f77ef1fbf20, 0x00007f77ef1fbfe0] Compiler: c1, Barriers: 0, Oops: 0, ImmediateOops: 0, NonImmediateOops: No
[1,863s][debug  ][gc,nmethod  ] Register NMethod: java.util.jar.JarFile.getManifest (0x00007f77cfb71110) [0x00007f77cfb712c0, 0x00007f77cfb71400] Compiler: c1, Barriers: 0, Oops: 0, ImmediateOops: 0, NonImmediateOops: No
[1,864s][debug  ][gc,nmethod  ] Register NMethod: java.security.AccessController.ensureMaterializedForStackWalk (0x00007f77ef1fc090) [0x00007f77ef1fc220, 0x00007f77ef1fc3e8] Compiler: , Barriers: 0, Oops: 0, ImmediateOops: 1, NonImmediateOops: No
[1,864s][debug  ][gc,nmethod  ] Register NMethod: java.util.jar.JarFile.getManifestFromReference (0x00007f77cfb71490) [0x00007f77cfb717e0, 0x00007f77cfb72da8] Compiler: c1, Barriers: 21, Oops: 0, ImmediateOops: 3, NonImmediateOops: No
[1,865s][debug  ][gc,nmethod  ] Register NMethod: java.lang.reflect.Method.getReturnType (0x00007f77ef1fc410) [0x00007f77ef1fc5a0, 0x00007f77ef1fc690] Compiler: c1, Barriers: 1, Oops: 0, ImmediateOops: 0, NonImmediateOops: No
[1,865s][debug  ][gc,nmethod  ] Register NMethod: java.lang.invoke.MethodHandle.linkToVirtual (0x00007f77ef1fc710) [0x00007f77ef1fc880, 0x00007f77ef1fc8a8] Compiler: , Barriers: 0, Oops: 0, ImmediateOops: 0, NonImmediateOops: No
[1,865s][debug  ][gc,nmethod  ] Register NMethod: java.lang.invoke.LambdaForm$Name.index (0x00007f77ef1fca10) [0x00007f77ef1fcba0, 0x00007f77ef1fcc60] Compiler: c1, Barriers: 0, Oops: 0, ImmediateOops: 0, NonImmediateOops: No
[1,866s][debug  ][gc,nmethod  ] Register NMethod: java.lang.invoke.MethodHandle.linkToVirtual (0x00007f77ef1fcd10) [0x00007f77ef1fce80, 0x00007f77ef1fcea8] Compiler: , Barriers: 0, Oops: 0, ImmediateOops: 0, NonImmediateOops: No
[1,866s][debug  ][gc,nmethod  ] Register NMethod: jdk.internal.org.objectweb.asm.Frame.push (0x00007f77cfb73490) [0x00007f77cfb73680, 0x00007f77cfb73cd0] Compiler: c1, Barriers: 10, Oops: 0, ImmediateOops: 0, NonImmediateOops: No
[1,867s][debug  ][gc,nmethod  ] Register NMethod: jdk.internal.org.objectweb.asm.MethodWriter.hasAsmInstructions (0x00007f77ef1fd010) [0x00007f77ef1fd1a0, 0x00007f77ef1fd268] Compiler: c1, Barriers: 0, Oops: 0, ImmediateOops: 0, NonImmediateOops: No
[1,867s][debug  ][gc,nmethod  ] Register NMethod: jdk.internal.org.objectweb.asm.Handler.getExceptionTableSize (0x00007f77cfb73e90) [0x00007f77cfb74040, 0x00007f77cfb74270] Compiler: c1, Barriers: 1, Oops: 0, ImmediateOops: 0, NonImmediateOops: No
[1,867s][debug  ][gc,nmethod  ] Register NMethod: java.lang.invoke.MethodHandle.linkToStatic (0x00007f77ef1fd310) [0x00007f77ef1fd480, 0x00007f77ef1fd570] Compiler: , Barriers: 0, Oops: 0, ImmediateOops: 0, NonImmediateOops: No
[1,868s][debug  ][gc,nmethod  ] Register NMethod: java.lang.invoke.MethodHandle.invokeBasic (0x00007f77ef1fd610) [0x00007f77ef1fd7a0, 0x00007f77ef1fda38] Compiler: , Barriers: 0, Oops: 0, ImmediateOops: 0, NonImmediateOops: No
[1,868s][debug  ][gc,nmethod  ] Register NMethod: java.lang.invoke.MethodHandle.linkToSpecial (0x00007f77ef1fda90) [0x00007f77ef1fdc00, 0x00007f77ef1fdcf8] Compiler: , Barriers: 0, Oops: 0, ImmediateOops: 0, NonImmediateOops: No
[1,868s][debug  ][gc,nmethod  ] Register NMethod: java.lang.invoke.MethodHandle.linkToStatic (0x00007f77ef1fdd90) [0x00007f77ef1fdf00, 0x00007f77ef1fdff0] Compiler: , Barriers: 0, Oops: 0, ImmediateOops: 0, NonImmediateOops: No
[1,868s][debug  ][gc,nmethod  ] Register NMethod: java.lang.invoke.MethodHandle.invokeBasic (0x00007f77ef1fe090) [0x00007f77ef1fe220, 0x00007f77ef1fe4b8] Compiler: , Barriers: 0, Oops: 0, ImmediateOops: 0, NonImmediateOops: No
[1,868s][debug  ][gc,nmethod  ] Register NMethod: java.lang.invoke.MethodHandle.linkToSpecial (0x00007f77ef1fe510) [0x00007f77ef1fe680, 0x00007f77ef1fe778] Compiler: , Barriers: 0, Oops: 0, ImmediateOops: 0, NonImmediateOops: No
[1,868s][debug  ][gc,nmethod  ] Register NMethod: jdk.internal.org.objectweb.asm.ByteVector.<init> (0x00007f77cfb74390) [0x00007f77cfb74540, 0x00007f77cfb747a8] Compiler: c1, Barriers: 3, Oops: 0, ImmediateOops: 0, NonImmediateOops: No
[1,869s][debug  ][gc,nmethod  ] Register NMethod: jdk.internal.org.objectweb.asm.ByteVector.putByteArray (0x00007f77cfb74890) [0x00007f77cfb74a60, 0x00007f77cfb74d98] Compiler: c1, Barriers: 2, Oops: 0, ImmediateOops: 0, NonImmediateOops: No
[1,869s][debug  ][gc,nmethod  ] Register NMethod: java.lang.invoke.MethodHandle.invokeBasic (0x00007f77ef1fe810) [0x00007f77ef1fe9a0, 0x00007f77ef1fec38] Compiler: , Barriers: 0, Oops: 0, ImmediateOops: 0, NonImmediateOops: No
[1,869s][debug  ][gc,nmethod  ] Register NMethod: java.lang.invoke.MethodHandle.linkToSpecial (0x00007f77ef1fec90) [0x00007f77ef1fee00, 0x00007f77ef1feef8] Compiler: , Barriers: 0, Oops: 0, ImmediateOops: 0, NonImmediateOops: No
[1,869s][debug  ][gc,nmethod  ] Register NMethod: java.lang.invoke.MethodType.insertParameterTypes (0x00007f77cfb74e90) [0x00007f77cfb751a0, 0x00007f77cfb761d0] Compiler: c1, Barriers: 6, Oops: 1, ImmediateOops: 2, NonImmediateOops: No
[1,869s][debug  ][gc,nmethod  ] Register NMethod: jdk.internal.org.objectweb.asm.SymbolTable.addType (0x00007f77cfb76790) [0x00007f77cfb769a0, 0x00007f77cfb76fa8] Compiler: c1, Barriers: 4, Oops: 0, ImmediateOops: 0, NonImmediateOops: No
[1,869s][debug  ][gc,nmethod  ] Register NMethod: jdk.internal.util.ClassFileDumper.isEnabled (0x00007f77ef1fef90) [0x00007f77ef1ff120, 0x00007f77ef1ff1e8] Compiler: c1, Barriers: 0, Oops: 0, ImmediateOops: 0, NonImmediateOops: No
[1,869s][debug  ][gc,nmethod  ] Register NMethod: java.lang.invoke.LambdaForm$BasicType.basicTypeClass (0x00007f77ef1ff290) [0x00007f77ef1ff420, 0x00007f77ef1ff510] Compiler: c1, Barriers: 1, Oops: 0, ImmediateOops: 0, NonImmediateOops: No
[1,869s][debug  ][gc,nmethod  ] Register NMethod: sun.invoke.util.Wrapper.forPrimitiveType (0x00007f77cfb77290) [0x00007f77cfb77560, 0x00007f77cfb780a0] Compiler: c1, Barriers: 0, Oops: 1, ImmediateOops: 20, NonImmediateOops: No
[1,869s][debug  ][gc,nmethod  ] Register NMethod: jdk.internal.org.objectweb.asm.SymbolTable.hash (0x00007f77cfb78390) [0x00007f77cfb78540, 0x00007f77cfb78700] Compiler: c1, Barriers: 0, Oops: 0, ImmediateOops: 0, NonImmediateOops: No
[1,870s][debug  ][gc,nmethod  ] Register NMethod: java.lang.invoke.LambdaForm$Name.type (0x00007f77ef1ff590) [0x00007f77ef1ff720, 0x00007f77ef1ff810] Compiler: c1, Barriers: 1, Oops: 0, ImmediateOops: 0, NonImmediateOops: No
[1,870s][debug  ][gc,nmethod  ] Register NMethod: jdk.internal.org.objectweb.asm.SymbolTable.addConstantMemberReference (0x00007f77cfb78890) [0x00007f77cfb78b20, 0x00007f77cfb79540] Compiler: c1, Barriers: 7, Oops: 0, ImmediateOops: 0, NonImmediateOops: No
[1,870s][debug  ][gc,director ] Rule Major: Warmup 10%, Used: 50MB, UsedThreshold: 1536MB
[1,870s][debug  ][gc,nmethod  ] Register NMethod: jdk.internal.loader.BuiltinClassLoader.hasClassPath (0x00007f77cfb79a90) [0x00007f77cfb79c20, 0x00007f77cfb79dc0] Compiler: c1, Barriers: 1, Oops: 0, ImmediateOops: 0, NonImmediateOops: No
[1,871s][debug  ][gc,nmethod  ] Register NMethod: java.lang.invoke.MemberName.getInvocationType (0x00007f77cfb79e90) [0x00007f77cfb7a0e0, 0x00007f77cfb7aa00] Compiler: c1, Barriers: 7, Oops: 0, ImmediateOops: 0, NonImmediateOops: No
[1,871s][debug  ][gc,nmethod  ] Register NMethod: jdk.internal.loader.BuiltinClassLoader.loadClassOrNull (0x00007f77cfb7ac90) [0x00007f77cfb7ae40, 0x00007f77cfb7b000] Compiler: c1, Barriers: 0, Oops: 0, ImmediateOops: 0, NonImmediateOops: No
[1,871s][debug  ][gc,nmethod  ] Register NMethod: jdk.internal.loader.BuiltinClassLoader.findLoadedModule (0x00007f77cfb7b090) [0x00007f77cfb7b2c0, 0x00007f77cfb7b920] Compiler: c1, Barriers: 1, Oops: 0, ImmediateOops: 1, NonImmediateOops: No
[1,873s][debug  ][gc,nmethod  ] Register NMethod: jdk.internal.util.ArraysSupport.vectorizedHashCode (0x00007f77cfb7bb90) [0x00007f77cfb7bea0, 0x00007f77cfb7cde8] Compiler: c1, Barriers: 0, Oops: 1, ImmediateOops: 1, NonImmediateOops: No
[1,874s][debug  ][gc,nmethod  ] Register NMethod: java.lang.ClassLoader.defineClass1 (0x00007f77ef1ff890) [0x00007f77ef1ffa40, 0x00007f77ef1ffe58] Compiler: , Barriers: 0, Oops: 0, ImmediateOops: 1, NonImmediateOops: No
[1,874s][debug  ][gc,nmethod  ] Register NMethod: java.lang.ClassLoader.addClass (0x00007f77cfb7d190) [0x00007f77cfb7d380, 0x00007f77cfb7d9d8] Compiler: c1, Barriers: 6, Oops: 0, ImmediateOops: 0, NonImmediateOops: No
[1,876s][debug  ][gc,nmethod  ] Register NMethod: java.lang.ref.Reference.clear0 (0x00007f77ef1ffe90) [0x00007f77ef200020, 0x00007f77ef2001d0] Compiler: , Barriers: 0, Oops: 0, ImmediateOops: 0, NonImmediateOops: No
[1,876s][debug  ][gc,nmethod  ] Register NMethod: java.util.zip.ZipFile$ZipFileInflaterInputStream.<init> (0x00007f77cfb7dd10) [0x00007f77cfb7dec0, 0x00007f77cfb7e070] Compiler: c1, Barriers: 0, Oops: 0, ImmediateOops: 0, NonImmediateOops: No
[1,876s][debug  ][gc,nmethod  ] Register NMethod: java.lang.ref.Reference.clear (0x00007f77cfb7e190) [0x00007f77cfb7e340, 0x00007f77cfb7e480] Compiler: c1, Barriers: 0, Oops: 0, ImmediateOops: 0, NonImmediateOops: No
[1,876s][debug  ][gc,nmethod  ] Register NMethod: jdk.internal.ref.PhantomCleanable.remove (0x00007f77cfb7e510) [0x00007f77cfb7e6e0, 0x00007f77cfb7ec28] Compiler: c1, Barriers: 16, Oops: 0, ImmediateOops: 0, NonImmediateOops: No
[1,876s][debug  ][gc,nmethod  ] Register NMethod: java.util.zip.Inflater.reset (0x00007f77ef200210) [0x00007f77ef2003a0, 0x00007f77ef200558] Compiler: , Barriers: 0, Oops: 0, ImmediateOops: 1, NonImmediateOops: No
[1,876s][debug  ][gc,nmethod  ] Register NMethod: java.util.zip.ZipCoder$UTF8ZipCoder.hasTrailingSlash (0x00007f77cfb7ed90) [0x00007f77cfb7ef20, 0x00007f77cfb7f0e8] Compiler: c1, Barriers: 0, Oops: 0, ImmediateOops: 0, NonImmediateOops: No
[1,876s][debug  ][gc,nmethod  ] Register NMethod: java.util.zip.ZipFile$InflaterCleanupAction.<init> (0x00007f77cfb7f210) [0x00007f77cfb7f3c0, 0x00007f77cfb7f610] Compiler: c1, Barriers: 6, Oops: 0, ImmediateOops: 0, NonImmediateOops: No
[1,876s][debug  ][gc,nmethod  ] Register NMethod: java.util.zip.InflaterInputStream.<init> (0x00007f77cfb7f710) [0x00007f77cfb7f920, 0x00007f77cfb80088] Compiler: c1, Barriers: 12, Oops: 0, ImmediateOops: 1, NonImmediateOops: No
[1,877s][debug  ][gc,nmethod  ] Register NMethod: java.util.zip.ZipFile$ZipFileInflaterInputStream.fill (0x00007f77cfb80290) [0x00007f77cfb80480, 0x00007f77cfb80950] Compiler: c1, Barriers: 5, Oops: 0, ImmediateOops: 1, NonImmediateOops: No
[1,877s][debug  ][gc,nmethod  ] Register NMethod: java.util.zip.Inflater.setInput (0x00007f77cfb80b10) [0x00007f77cfb80ce0, 0x00007f77cfb81168] Compiler: c1, Barriers: 7, Oops: 1, ImmediateOops: 1, NonImmediateOops: No
[1,877s][debug  ][gc,nmethod  ] Register NMethod: java.util.zip.ZipFile$ZipFileInflaterInputStream.close (0x00007f77cfb81310) [0x00007f77cfb81580, 0x00007f77cfb81f68] Compiler: c1, Barriers: 9, Oops: 0, ImmediateOops: 0, NonImmediateOops: No
[1,877s][debug  ][gc,nmethod  ] Register NMethod: java.util.zip.InflaterInputStream.close (0x00007f77cfb82310) [0x00007f77cfb824e0, 0x00007f77cfb827e8] Compiler: c1, Barriers: 2, Oops: 0, ImmediateOops: 0, NonImmediateOops: No
[1,877s][debug  ][gc,nmethod  ] Register NMethod: jdk.internal.ref.PhantomCleanable.clean (0x00007f77cfb82910) [0x00007f77cfb82ae0, 0x00007f77cfb82db8] Compiler: c1, Barriers: 0, Oops: 0, ImmediateOops: 0, NonImmediateOops: No
[1,877s][debug  ][gc,nmethod  ] Register NMethod: java.util.zip.ZipFile$Source.readAt (0x00007f77cfb82e90) [0x00007f77cfb83060, 0x00007f77cfb83410] Compiler: c1, Barriers: 3, Oops: 0, ImmediateOops: 0, NonImmediateOops: No
[1,877s][debug  ][gc,nmethod  ] Register NMethod: jdk.internal.ref.CleanerImpl$PhantomCleanableRef.performCleanup (0x00007f77cfb83690) [0x00007f77cfb83840, 0x00007f77cfb83a38] Compiler: c1, Barriers: 1, Oops: 0, ImmediateOops: 0, NonImmediateOops: No
[1,877s][debug  ][gc,nmethod  ] Register NMethod: java.util.zip.ZipFile$InflaterCleanupAction.run (0x00007f77cfb83b10) [0x00007f77cfb83cc0, 0x00007f77cfb83e88] Compiler: c1, Barriers: 2, Oops: 0, ImmediateOops: 0, NonImmediateOops: No
[1,878s][debug  ][gc,nmethod  ] Register NMethod: java.util.zip.ZipFile$CleanableResource.releaseInflater (0x00007f77cfb83f90) [0x00007f77cfb84180, 0x00007f77cfb84618] Compiler: c1, Barriers: 2, Oops: 0, ImmediateOops: 0, NonImmediateOops: No
[1,878s][debug  ][gc,nmethod  ] Register NMethod: java.lang.Thread.interrupted (0x00007f77cfb84810) [0x00007f77cfb849c0, 0x00007f77cfb84c58] Compiler: c1, Barriers: 1, Oops: 0, ImmediateOops: 0, NonImmediateOops: No
[1,878s][debug  ][gc,nmethod  ] Register NMethod: java.util.zip.Inflater.reset (0x00007f77cfb84d90) [0x00007f77cfb84f60, 0x00007f77cfb853b8] Compiler: c1, Barriers: 8, Oops: 0, ImmediateOops: 1, NonImmediateOops: No
[1,878s][debug  ][gc,nmethod  ] Register NMethod: jdk.internal.loader.URLClassPath.getResource (0x00007f77cfb85590) [0x00007f77cfb85760, 0x00007f77cfb85ab0] Compiler: c1, Barriers: 0, Oops: 0, ImmediateOops: 0, NonImmediateOops: No
[1,878s][debug  ][gc,nmethod  ] Register NMethod: java.lang.Thread.getAndClearInterrupt (0x00007f77cfb85c10) [0x00007f77cfb85dc0, 0x00007f77cfb85f50] Compiler: c1, Barriers: 0, Oops: 0, ImmediateOops: 0, NonImmediateOops: No
[1,878s][debug  ][gc,nmethod  ] Register NMethod: java.lang.String.isEmpty (0x00007f77ef200590) [0x00007f77ef200720, 0x00007f77ef2007f0] Compiler: c2, Barriers: 1, Oops: 0, ImmediateOops: 0, NonImmediateOops: No
[1,878s][debug  ][gc,nmethod  ] Register NMethod: java.lang.AbstractStringBuilder.append (0x00007f77ef200890) [0x00007f77ef200a80, 0x00007f77ef2012d8] Compiler: c2, Barriers: 7, Oops: 0, ImmediateOops: 0, NonImmediateOops: No
[1,878s][debug  ][gc,nmethod  ] Register NMethod: java.util.jar.JarFile.getInputStream (0x00007f77cfb86010) [0x00007f77cfb86280, 0x00007f77cfb86b18] Compiler: c1, Barriers: 3, Oops: 1, ImmediateOops: 1, NonImmediateOops: No
[1,879s][debug  ][gc,nmethod  ] Register NMethod: java.lang.reflect.AccessibleObject.<init> (0x00007f77cfb86d90) [0x00007f77cfb86f20, 0x00007f77cfb87080] Compiler: c1, Barriers: 0, Oops: 0, ImmediateOops: 0, NonImmediateOops: No
[1,880s][debug  ][gc,director ] Rule Major: Warmup 10%, Used: 52MB, UsedThreshold: 1536MB
[1,881s][debug  ][gc,nmethod  ] Register NMethod: java.lang.invoke.MethodHandle.linkToStatic (0x00007f77ef201710) [0x00007f77ef201880, 0x00007f77ef201970] Compiler: , Barriers: 0, Oops: 0, ImmediateOops: 0, NonImmediateOops: No
[1,881s][debug  ][gc,nmethod  ] Register NMethod: java.lang.invoke.MethodHandle.linkToVirtual (0x00007f77ef201a10) [0x00007f77ef201b80, 0x00007f77ef201ba8] Compiler: , Barriers: 0, Oops: 0, ImmediateOops: 0, NonImmediateOops: No
[1,882s][debug  ][gc,nmethod  ] Register NMethod: java.lang.invoke.LambdaForm$NamedFunction.methodType (0x00007f77cfb87110) [0x00007f77cfb872e0, 0x00007f77cfb876e0] Compiler: c1, Barriers: 7, Oops: 0, ImmediateOops: 0, NonImmediateOops: No
[1,882s][debug  ][gc,nmethod  ] Register NMethod: java.lang.invoke.LambdaForm.internArgument (0x00007f77cfb87810) [0x00007f77cfb87a00, 0x00007f77cfb87e20] Compiler: c1, Barriers: 4, Oops: 0, ImmediateOops: 1, NonImmediateOops: No
[1,882s][debug  ][gc,nmethod  ] Register NMethod: jdk.internal.org.objectweb.asm.Frame.pop (0x00007f77cfb88010) [0x00007f77cfb881c0, 0x00007f77cfb883a8] Compiler: c1, Barriers: 1, Oops: 0, ImmediateOops: 0, NonImmediateOops: No
[1,882s][debug  ][gc,nmethod  ] Register NMethod: jdk.internal.org.objectweb.asm.AnnotationWriter.putAnnotations (0x00007f77cfb88490) [0x00007f77cfb886a0, 0x00007f77cfb88ab0] Compiler: c1, Barriers: 0, Oops: 0, ImmediateOops: 4, NonImmediateOops: No
[1,883s][debug  ][gc,nmethod  ] Register NMethod: java.lang.invoke.LambdaForm.parameter (0x00007f77cfb88d90) [0x00007f77cfb88f40, 0x00007f77cfb890e0] Compiler: c1, Barriers: 2, Oops: 0, ImmediateOops: 0, NonImmediateOops: No
[1,883s][debug  ][gc,nmethod  ] Register NMethod: java.lang.invoke.LambdaForm$Name.<init> (0x00007f77cfb89190) [0x00007f77cfb89340, 0x00007f77cfb89698] Compiler: c1, Barriers: 12, Oops: 0, ImmediateOops: 0, NonImmediateOops: No
[1,883s][debug  ][gc,nmethod  ] Register NMethod: jdk.internal.org.objectweb.asm.SymbolTable.hash (0x00007f77cfb89790) [0x00007f77cfb89940, 0x00007f77cfb89ac0] Compiler: c1, Barriers: 0, Oops: 0, ImmediateOops: 0, NonImmediateOops: No
[1,883s][debug  ][gc,nmethod  ] Register NMethod: sun.invoke.util.VerifyType.isNullConversion (0x00007f77cfb89c10) [0x00007f77cfb89f40, 0x00007f77cfb8b518] Compiler: c1, Barriers: 0, Oops: 0, ImmediateOops: 5, NonImmediateOops: No
[1,890s][debug  ][gc,director ] Rule Major: Warmup 10%, Used: 52MB, UsedThreshold: 1536MB
[1,891s][debug  ][gc,nmethod  ] Register NMethod: java.util.concurrent.locks.ReentrantLock$NonfairSync.initialTryLock (0x00007f77cfb8ba10) [0x00007f77cfb8bc00, 0x00007f77cfb8c088] Compiler: c1, Barriers: 5, Oops: 0, ImmediateOops: 1, NonImmediateOops: No
[1,891s][debug  ][gc,nmethod  ] Register NMethod: java.util.concurrent.locks.ReentrantLock$Sync.tryRelease (0x00007f77cfb8c190) [0x00007f77cfb8c380, 0x00007f77cfb8c7c8] Compiler: c1, Barriers: 5, Oops: 0, ImmediateOops: 0, NonImmediateOops: No
[1,891s][debug  ][gc,nmethod  ] Register NMethod: java.io.BufferedInputStream.getBufIfOpen (0x00007f77cfb8c890) [0x00007f77cfb8ca60, 0x00007f77cfb8ceb0] Compiler: c1, Barriers: 7, Oops: 0, ImmediateOops: 3, NonImmediateOops: No
[1,891s][debug  ][gc,nmethod  ] Register NMethod: java.lang.invoke.VarHandleByteArrayAsShorts$ArrayHandle.index (0x00007f77cfb8cf90) [0x00007f77cfb8d120, 0x00007f77cfb8d260] Compiler: c1, Barriers: 0, Oops: 1, ImmediateOops: 1, NonImmediateOops: No
[1,891s][debug  ][gc,nmethod  ] Register NMethod: java.io.DataInputStream.readFully (0x00007f77cfb8d390) [0x00007f77cfb8d580, 0x00007f77cfb8db30] Compiler: c1, Barriers: 1, Oops: 0, ImmediateOops: 0, NonImmediateOops: No
[1,891s][debug  ][gc,nmethod  ] Register NMethod: jdk.internal.misc.Unsafe.convEndian (0x00007f77cfb8dd90) [0x00007f77cfb8df20, 0x00007f77cfb8e0d0] Compiler: c1, Barriers: 0, Oops: 0, ImmediateOops: 0, NonImmediateOops: No
[1,891s][debug  ][gc,nmethod  ] Register NMethod: java.lang.Short.reverseBytes (0x00007f77cfb8e190) [0x00007f77cfb8e320, 0x00007f77cfb8e420] Compiler: c1, Barriers: 0, Oops: 0, ImmediateOops: 0, NonImmediateOops: No
[1,891s][debug  ][gc,nmethod  ] Register NMethod: jdk.internal.misc.Unsafe.getShort (0x00007f77ef201d10) [0x00007f77ef201ea0, 0x00007f77ef202080] Compiler: , Barriers: 0, Oops: 0, ImmediateOops: 0, NonImmediateOops: No
[1,891s][debug  ][gc,nmethod  ] Register NMethod: java.lang.String.rangeCheck (0x00007f77cfb8e490) [0x00007f77cfb8e640, 0x00007f77cfb8e8c8] Compiler: c1, Barriers: 0, Oops: 1, ImmediateOops: 1, NonImmediateOops: No
[1,892s][debug  ][gc,nmethod  ] Register NMethod: java.io.BufferedInputStream.implRead (0x00007f77cfb8ea10) [0x00007f77cfb8ec40, 0x00007f77cfb8f3d8] Compiler: c1, Barriers: 2, Oops: 0, ImmediateOops: 1, NonImmediateOops: No
[1,892s][debug  ][gc,nmethod  ] Register NMethod: java.io.BufferedInputStream.read (0x00007f77cfb8f610) [0x00007f77cfb8f8e0, 0x00007f77cfb907c0] Compiler: c1, Barriers: 11, Oops: 0, ImmediateOops: 0, NonImmediateOops: No
[1,893s][debug  ][gc,nmethod  ] Register NMethod: java.io.DataInputStream.readUTF (0x00007f77cfb90c90) [0x00007f77cfb910e0, 0x00007f77cfb92fb8] Compiler: c1, Barriers: 9, Oops: 1, ImmediateOops: 5, NonImmediateOops: No
[1,893s][debug  ][gc,nmethod  ] Register NMethod: java.io.BufferedInputStream.ensureOpen (0x00007f77cfb93b90) [0x00007f77cfb93d40, 0x00007f77cfb93f88] Compiler: c1, Barriers: 1, Oops: 0, ImmediateOops: 1, NonImmediateOops: No
[1,893s][debug  ][gc,nmethod  ] Register NMethod: java.lang.String.<init> (0x00007f77cfb94090) [0x00007f77cfb94260, 0x00007f77cfb945c8] Compiler: c1, Barriers: 0, Oops: 1, ImmediateOops: 1, NonImmediateOops: No
[1,893s][debug  ][gc,nmethod  ] Register NMethod: java.io.BufferedInputStream.read1 (0x00007f77cfb94790) [0x00007f77cfb949c0, 0x00007f77cfb951a8] Compiler: c1, Barriers: 1, Oops: 0, ImmediateOops: 1, NonImmediateOops: No
[1,893s][debug  ][gc,nmethod  ] Register NMethod: jdk.internal.misc.Unsafe.getShortUnaligned (0x00007f77cfb95410) [0x00007f77cfb955e0, 0x00007f77cfb95990] Compiler: c1, Barriers: 0, Oops: 0, ImmediateOops: 0, NonImmediateOops: No
[1,894s][debug  ][gc,nmethod  ] Register NMethod: jdk.internal.misc.Unsafe.getShortUnaligned (0x00007f77cfb95b10) [0x00007f77cfb95cc0, 0x00007f77cfb95ef8] Compiler: c1, Barriers: 0, Oops: 0, ImmediateOops: 0, NonImmediateOops: No
[1,894s][debug  ][gc,nmethod  ] Register NMethod: java.io.BufferedInputStream.getBufIfOpen (0x00007f77ef202090) [0x00007f77ef202220, 0x00007f77ef2024f0] Compiler: c2, Barriers: 7, Oops: 0, ImmediateOops: 2, NonImmediateOops: No
[1,894s][debug  ][gc,nmethod  ] Register NMethod: java.lang.StringUTF16.compress (0x00007f77cfb96010) [0x00007f77cfb961c0, 0x00007f77cfb96400] Compiler: c1, Barriers: 0, Oops: 0, ImmediateOops: 0, NonImmediateOops: No
[1,894s][debug  ][gc,nmethod  ] Register NMethod: jdk.internal.misc.InternalLock.lock (0x00007f77ef202610) [0x00007f77ef2027c0, 0x00007f77ef202aa8] Compiler: c2, Barriers: 7, Oops: 0, ImmediateOops: 0, NonImmediateOops: No
[1,894s][debug  ][gc,nmethod  ] Register NMethod: java.lang.invoke.VarHandleByteArrayAsShorts$ArrayHandle.get (0x00007f77cfb96510) [0x00007f77cfb966e0, 0x00007f77cfb96a90] Compiler: c1, Barriers: 0, Oops: 2, ImmediateOops: 2, NonImmediateOops: No
[1,894s][debug  ][gc,nmethod  ] Register NMethod: jdk.internal.misc.InternalLock.unlock (0x00007f77ef202c10) [0x00007f77ef202dc0, 0x00007f77ef2030f0] Compiler: c2, Barriers: 7, Oops: 0, ImmediateOops: 0, NonImmediateOops: No
[1,895s][debug  ][gc,nmethod  ] Register NMethod: java.lang.String.<init> (0x00007f77cfb96c10) [0x00007f77cfb96e00, 0x00007f77cfb97250] Compiler: c1, Barriers: 9, Oops: 0, ImmediateOops: 1, NonImmediateOops: No
[1,895s][debug  ][gc,nmethod  ] Register NMethod: jdk.internal.util.ByteArray.getShort (0x00007f77cfb97390) [0x00007f77cfb97580, 0x00007f77cfb97aa0] Compiler: c1, Barriers: 0, Oops: 5, ImmediateOops: 7, NonImmediateOops: No
[1,895s][debug  ][gc,nmethod  ] Register NMethod: java.lang.Short.toUnsignedInt (0x00007f77cfb97d10) [0x00007f77cfb97ea0, 0x00007f77cfb97f90] Compiler: c1, Barriers: 0, Oops: 0, ImmediateOops: 0, NonImmediateOops: No
[1,895s][debug  ][gc,nmethod  ] Register NMethod: java.io.DataInputStream.readShort (0x00007f77cfb98010) [0x00007f77cfb98220, 0x00007f77cfb98878] Compiler: c1, Barriers: 2, Oops: 5, ImmediateOops: 7, NonImmediateOops: No
[1,895s][debug  ][gc,nmethod  ] Register NMethod: java.io.DataInputStream.readUTF (0x00007f77cfb98b10) [0x00007f77cfb98cc0, 0x00007f77cfb98df8] Compiler: c1, Barriers: 0, Oops: 0, ImmediateOops: 0, NonImmediateOops: No
[1,895s][debug  ][gc,nmethod  ] Register NMethod: jdk.internal.util.ByteArray.getUnsignedShort (0x00007f77cfb98e90) [0x00007f77cfb99080, 0x00007f77cfb995f8] Compiler: c1, Barriers: 0, Oops: 5, ImmediateOops: 7, NonImmediateOops: No
[1,896s][debug  ][gc,nmethod  ] Register NMethod: java.io.DataInputStream.readUnsignedShort (0x00007f77cfb99890) [0x00007f77cfb99aa0, 0x00007f77cfb9a148] Compiler: c1, Barriers: 2, Oops: 5, ImmediateOops: 7, NonImmediateOops: No
[1,896s][debug  ][gc,nmethod  ] Register NMethod: java.io.ByteArrayInputStream.read (0x00007f77cfb9a410) [0x00007f77cfb9a5c0, 0x00007f77cfb9a850] Compiler: c1, Barriers: 1, Oops: 0, ImmediateOops: 0, NonImmediateOops: No
[1,896s][debug  ][gc,nmethod  ] Register NMethod: java.io.DataInputStream.readUnsignedByte (0x00007f77cfb9a990) [0x00007f77cfb9ab60, 0x00007f77cfb9ae60] Compiler: c1, Barriers: 1, Oops: 0, ImmediateOops: 0, NonImmediateOops: No
[1,896s][debug  ][gc,nmethod  ] Register NMethod: java.io.DataInputStream.readByte (0x00007f77cfb9af90) [0x00007f77cfb9b160, 0x00007f77cfb9b4d0] Compiler: c1, Barriers: 1, Oops: 0, ImmediateOops: 0, NonImmediateOops: No
[1,896s][debug  ][gc,nmethod  ] Register NMethod: java.util.HashMap.resize (0x00007f77cfb9b610) [0x00007f77cfb9b900, 0x00007f77cfb9ced0] Compiler: c1, Barriers: 31, Oops: 0, ImmediateOops: 0, NonImmediateOops: No
[1,896s][debug  ][gc,nmethod  ] Register NMethod: java.util.zip.Checksum.update (0x00007f77cfb9d310) [0x00007f77cfb9d4c0, 0x00007f77cfb9d6b0] Compiler: c1, Barriers: 0, Oops: 0, ImmediateOops: 0, NonImmediateOops: No
[1,896s][debug  ][gc,nmethod  ] Register NMethod: java.util.zip.CRC32.update (0x00007f77cfb9d790) [0x00007f77cfb9d980, 0x00007f77cfb9ddb8] Compiler: c1, Barriers: 0, Oops: 1, ImmediateOops: 1, NonImmediateOops: No
[1,897s][debug  ][gc,nmethod  ] Register NMethod: sun.util.calendar.ZoneInfoFile$Checksum.update (0x00007f77cfb9df90) [0x00007f77cfb9e140, 0x00007f77cfb9e480] Compiler: c1, Barriers: 0, Oops: 0, ImmediateOops: 0, NonImmediateOops: No
[1,897s][debug  ][gc,nmethod  ] Register NMethod: java.util.zip.CRC32.updateBytesCheck (0x00007f77cfb9e590) [0x00007f77cfb9e760, 0x00007f77cfb9eab0] Compiler: c1, Barriers: 0, Oops: 1, ImmediateOops: 1, NonImmediateOops: No
[1,897s][debug  ][gc,nmethod  ] Register NMethod: java.util.zip.CRC32.updateBytes (0x00007f77cfb9ec90) [0x00007f77cfb9ee60, 0x00007f77cfb9f220] Compiler: c1, Barriers: 0, Oops: 1, ImmediateOops: 1, NonImmediateOops: No
[1,900s][debug  ][gc,nmethod  ] Register NMethod: java.lang.StringLatin1.hashCode (0x00007f77ef203290) [0x00007f77ef203440, 0x00007f77ef2036d0] Compiler: c2, Barriers: 0, Oops: 0, ImmediateOops: 0, NonImmediateOops: No
[1,900s][debug  ][gc,nmethod  ] Register NMethod: sun.util.locale.LocaleUtils.isUpper (0x00007f77cfb9f410) [0x00007f77cfb9f5a0, 0x00007f77cfb9f718] Compiler: c1, Barriers: 0, Oops: 0, ImmediateOops: 0, NonImmediateOops: No
[1,901s][debug  ][gc,director ] Rule Major: Warmup 10%, Used: 52MB, UsedThreshold: 1536MB
[1,901s][debug  ][gc,nmethod  ] Register NMethod: java.lang.reflect.Constructor.getModifiers (0x00007f77ef203790) [0x00007f77ef203920, 0x00007f77ef2039e0] Compiler: c1, Barriers: 0, Oops: 0, ImmediateOops: 0, NonImmediateOops: No
[1,904s][debug  ][gc,nmethod  ] Register NMethod: sun.invoke.util.Wrapper.forBasicType (0x00007f77cfb9f790) [0x00007f77cfb9f9a0, 0x00007f77cfb9feb8] Compiler: c1, Barriers: 0, Oops: 0, ImmediateOops: 19, NonImmediateOops: No
[1,904s][debug  ][gc,nmethod  ] Register NMethod: jdk.internal.org.objectweb.asm.SymbolTable$Entry.<init> (0x00007f77cfb9ff90) [0x00007f77cfba0140, 0x00007f77cfba02c8] Compiler: c1, Barriers: 0, Oops: 0, ImmediateOops: 0, NonImmediateOops: No
[1,906s][debug  ][gc,nmethod  ] Register NMethod: java.lang.invoke.MethodHandle.linkToStatic (0x00007f77ef203a90) [0x00007f77ef203c00, 0x00007f77ef203cf0] Compiler: , Barriers: 0, Oops: 0, ImmediateOops: 0, NonImmediateOops: No
[1,906s][debug  ][gc,nmethod  ] Register NMethod: java.lang.invoke.MemberName$Factory.resolveOrFail (0x00007f77cfba0390) [0x00007f77cfba05a0, 0x00007f77cfba0ca0] Compiler: c1, Barriers: 1, Oops: 0, ImmediateOops: 0, NonImmediateOops: No
[1,907s][debug  ][gc,nmethod  ] Register NMethod: java.lang.invoke.MethodHandle.linkToSpecial (0x00007f77ef203d90) [0x00007f77ef203f00, 0x00007f77ef203ff8] Compiler: , Barriers: 0, Oops: 0, ImmediateOops: 0, NonImmediateOops: No
[1,907s][debug  ][gc,nmethod  ] Register NMethod: jdk.internal.org.objectweb.asm.Label.resolve (0x00007f77cfba0f10) [0x00007f77cfba1100, 0x00007f77cfba1690] Compiler: c1, Barriers: 2, Oops: 0, ImmediateOops: 0, NonImmediateOops: No
[1,907s][debug  ][gc,nmethod  ] Register NMethod: java.lang.invoke.MethodHandle.invokeBasic (0x00007f77ef204090) [0x00007f77ef204220, 0x00007f77ef2044b8] Compiler: , Barriers: 0, Oops: 0, ImmediateOops: 0, NonImmediateOops: No
[1,907s][debug  ][gc,nmethod  ] Register NMethod: java.lang.invoke.MethodHandle.linkToSpecial (0x00007f77ef204510) [0x00007f77ef204680, 0x00007f77ef204778] Compiler: , Barriers: 0, Oops: 0, ImmediateOops: 0, NonImmediateOops: No
[1,908s][debug  ][gc,nmethod  ] Register NMethod: java.lang.invoke.MemberName.<init> (0x00007f77cfba1990) [0x00007f77cfba1b80, 0x00007f77cfba1eb0] Compiler: c1, Barriers: 0, Oops: 0, ImmediateOops: 1, NonImmediateOops: No
[1,908s][debug  ][gc,nmethod  ] Register NMethod: java.lang.invoke.LambdaForm.parameterType (0x00007f77cfba2010) [0x00007f77cfba21c0, 0x00007f77cfba2348] Compiler: c1, Barriers: 1, Oops: 0, ImmediateOops: 0, NonImmediateOops: No
[1,909s][debug  ][gc,nmethod  ] Register NMethod: java.util.regex.Pattern.lambda$Single$14 (0x00007f77cfba2410) [0x00007f77cfba25a0, 0x00007f77cfba26e0] Compiler: c1, Barriers: 0, Oops: 0, ImmediateOops: 0, NonImmediateOops: No
[1,909s][debug  ][gc,nmethod  ] Register NMethod: java.util.regex.Pattern$$Lambda/0x0000000080142228.is (0x00007f77cfba2790) [0x00007f77cfba2920, 0x00007f77cfba2ae0] Compiler: c1, Barriers: 0, Oops: 0, ImmediateOops: 0, NonImmediateOops: No
[1,910s][debug  ][gc,nmethod  ] Register NMethod: java.util.regex.Matcher.checkMatch (0x00007f77cfba2b90) [0x00007f77cfba2d40, 0x00007f77cfba3018] Compiler: c1, Barriers: 0, Oops: 0, ImmediateOops: 1, NonImmediateOops: No
[1,910s][debug  ][gc,nmethod  ] Register NMethod: java.util.regex.Matcher.hasMatch (0x00007f77cfba3110) [0x00007f77cfba32a0, 0x00007f77cfba3408] Compiler: c1, Barriers: 0, Oops: 0, ImmediateOops: 0, NonImmediateOops: No
[1,910s][debug  ][gc,nmethod  ] Register NMethod: java.util.regex.Pattern$BmpCharPropertyGreedy.match (0x00007f77cfba3490) [0x00007f77cfba36a0, 0x00007f77cfba3e00] Compiler: c1, Barriers: 2, Oops: 0, ImmediateOops: 0, NonImmediateOops: No
[1,910s][debug  ][gc,nmethod  ] Register NMethod: java.util.regex.Matcher.search (0x00007f77cfba4090) [0x00007f77cfba4280, 0x00007f77cfba4918] Compiler: c1, Barriers: 6, Oops: 0, ImmediateOops: 0, NonImmediateOops: No
[1,910s][debug  ][gc,nmethod  ] Register NMethod: java.util.regex.Matcher.start (0x00007f77cfba4b10) [0x00007f77cfba4ce0, 0x00007f77cfba5020] Compiler: c1, Barriers: 0, Oops: 0, ImmediateOops: 1, NonImmediateOops: No
[1,911s][debug  ][gc,nmethod  ] Register NMethod: java.util.regex.Pattern$Start.match (0x00007f77cfba5190) [0x00007f77cfba5360, 0x00007f77cfba57b0] Compiler: c1, Barriers: 2, Oops: 0, ImmediateOops: 0, NonImmediateOops: No
[1,911s][debug  ][gc,director ] Rule Major: Warmup 10%, Used: 52MB, UsedThreshold: 1536MB
[1,911s][debug  ][gc,nmethod  ] Register NMethod: java.util.regex.Matcher.end (0x00007f77cfba5990) [0x00007f77cfba5b60, 0x00007f77cfba5ea0] Compiler: c1, Barriers: 0, Oops: 0, ImmediateOops: 1, NonImmediateOops: No
[1,911s][debug  ][gc,nmethod  ] Register NMethod: java.util.regex.Pattern$LastNode.match (0x00007f77cfba6010) [0x00007f77cfba61c0, 0x00007f77cfba63f8] Compiler: c1, Barriers: 1, Oops: 0, ImmediateOops: 0, NonImmediateOops: No
[1,911s][debug  ][gc,nmethod  ] Register NMethod: java.util.regex.Matcher.find (0x00007f77cfba6510) [0x00007f77cfba66e0, 0x00007f77cfba6a00] Compiler: c1, Barriers: 1, Oops: 0, ImmediateOops: 0, NonImmediateOops: No
[1,911s][debug  ][gc,nmethod  ] Register NMethod: java.lang.String.subSequence (0x00007f77cfba6b10) [0x00007f77cfba6cc0, 0x00007f77cfba6e00] Compiler: c1, Barriers: 0, Oops: 0, ImmediateOops: 0, NonImmediateOops: No
[1,911s][debug  ][gc,nmethod  ] Register NMethod: java.lang.String.toString (0x00007f77ef204810) [0x00007f77ef204980, 0x00007f77ef2049f8] Compiler: c2, Barriers: 0, Oops: 0, ImmediateOops: 0, NonImmediateOops: No
[1,916s][debug  ][gc,nmethod  ] Register NMethod: sun.invoke.util.BytecodeDescriptor.unparse (0x00007f77cfba6e90) [0x00007f77cfba7040, 0x00007f77cfba7250] Compiler: c1, Barriers: 0, Oops: 0, ImmediateOops: 4, NonImmediateOops: No
[1,916s][debug  ][gc,nmethod  ] Register NMethod: java.util.regex.Pattern$BmpCharPropertyGreedy.match (0x00007f77ef204b10) [0x00007f77ef204ce0, 0x00007f77ef2050c0] Compiler: c2, Barriers: 3, Oops: 0, ImmediateOops: 0, NonImmediateOops: No
[1,917s][debug  ][gc,nmethod  ] Register NMethod: java.lang.invoke.MethodType.parameterCount (0x00007f77ef205310) [0x00007f77ef2054a0, 0x00007f77ef205568] Compiler: c2, Barriers: 1, Oops: 0, ImmediateOops: 0, NonImmediateOops: No
[1,918s][debug  ][gc,nmethod  ] Register NMethod: sun.util.locale.StringTokenIterator.isDone (0x00007f77ef205610) [0x00007f77ef2057a0, 0x00007f77ef205868] Compiler: c1, Barriers: 0, Oops: 0, ImmediateOops: 0, NonImmediateOops: No
[1,918s][debug  ][gc,nmethod  ] Register NMethod: java.util.Collections$EmptyList.isEmpty (0x00007f77ef205910) [0x00007f77ef205aa0, 0x00007f77ef205b60] Compiler: c1, Barriers: 0, Oops: 0, ImmediateOops: 0, NonImmediateOops: No
[1,918s][debug  ][gc,nmethod  ] Register NMethod: sun.util.locale.LocaleUtils.toLower (0x00007f77cfba7310) [0x00007f77cfba74c0, 0x00007f77cfba76f0] Compiler: c1, Barriers: 0, Oops: 0, ImmediateOops: 0, NonImmediateOops: No
[1,918s][debug  ][gc,nmethod  ] Register NMethod: sun.util.locale.BaseLocale.getVariant (0x00007f77ef205c10) [0x00007f77ef205da0, 0x00007f77ef205e90] Compiler: c1, Barriers: 1, Oops: 0, ImmediateOops: 0, NonImmediateOops: No
[1,918s][debug  ][gc,nmethod  ] Register NMethod: sun.util.locale.BaseLocale.getRegion (0x00007f77ef205f10) [0x00007f77ef2060a0, 0x00007f77ef206190] Compiler: c1, Barriers: 1, Oops: 0, ImmediateOops: 0, NonImmediateOops: No
[1,918s][debug  ][gc,nmethod  ] Register NMethod: java.util.Collections.emptyList (0x00007f77cfba7790) [0x00007f77cfba7920, 0x00007f77cfba7a10] Compiler: c1, Barriers: 0, Oops: 0, ImmediateOops: 1, NonImmediateOops: No
[1,918s][debug  ][gc,nmethod  ] Register NMethod: sun.util.locale.StringTokenIterator.current (0x00007f77ef206210) [0x00007f77ef2063a0, 0x00007f77ef206490] Compiler: c1, Barriers: 1, Oops: 0, ImmediateOops: 0, NonImmediateOops: No
[1,918s][debug  ][gc,nmethod  ] Register NMethod: sun.util.locale.BaseLocale.getScript (0x00007f77ef206510) [0x00007f77ef2066a0, 0x00007f77ef206790] Compiler: c1, Barriers: 1, Oops: 0, ImmediateOops: 0, NonImmediateOops: No
[1,919s][debug  ][gc,nmethod  ] Register NMethod: sun.util.locale.LocaleUtils.isAlpha (0x00007f77cfba7a90) [0x00007f77cfba7c20, 0x00007f77cfba7e10] Compiler: c1, Barriers: 0, Oops: 0, ImmediateOops: 0, NonImmediateOops: No
[1,919s][debug  ][gc,nmethod  ] Register NMethod: sun.util.locale.StringTokenIterator.currentEnd (0x00007f77ef206810) [0x00007f77ef2069a0, 0x00007f77ef206a60] Compiler: c1, Barriers: 0, Oops: 0, ImmediateOops: 0, NonImmediateOops: No
[1,919s][debug  ][gc,nmethod  ] Register NMethod: sun.util.locale.BaseLocale$Key.hashCode (0x00007f77ef206b10) [0x00007f77ef206ca0, 0x00007f77ef206d60] Compiler: c1, Barriers: 0, Oops: 0, ImmediateOops: 0, NonImmediateOops: No
[1,919s][debug  ][gc,nmethod  ] Register NMethod: java.util.stream.ReferencePipeline$3$1.accept (0x00007f77cfba7e90) [0x00007f77cfba8060, 0x00007f77cfba8390] Compiler: c1, Barriers: 3, Oops: 0, ImmediateOops: 0, NonImmediateOops: No
[1,919s][debug  ][gc,nmethod  ] Register NMethod: java.lang.ref.Reference.<init> (0x00007f77cfba8490) [0x00007f77cfba8640, 0x00007f77cfba8920] Compiler: c1, Barriers: 6, Oops: 0, ImmediateOops: 1, NonImmediateOops: No
[1,919s][debug  ][gc,nmethod  ] Register NMethod: sun.util.locale.LocaleUtils.isLower (0x00007f77cfba8a10) [0x00007f77cfba8ba0, 0x00007f77cfba8d18] Compiler: c1, Barriers: 0, Oops: 0, ImmediateOops: 0, NonImmediateOops: No
[1,919s][debug  ][gc,nmethod  ] Register NMethod: sun.util.locale.ParseStatus.isError (0x00007f77cfba8d90) [0x00007f77cfba8f20, 0x00007f77cfba9088] Compiler: c1, Barriers: 0, Oops: 0, ImmediateOops: 0, NonImmediateOops: No
[1,920s][debug  ][gc,nmethod  ] Register NMethod: java.util.ImmutableCollections$SetN.probe (0x00007f77ef206e10) [0x00007f77ef207000, 0x00007f77ef207840] Compiler: c2, Barriers: 9, Oops: 0, ImmediateOops: 0, NonImmediateOops: No
[1,920s][debug  ][gc,nmethod  ] Register NMethod: java.lang.ref.SoftReference.<init> (0x00007f77cfba9110) [0x00007f77cfba92e0, 0x00007f77cfba9630] Compiler: c1, Barriers: 6, Oops: 0, ImmediateOops: 2, NonImmediateOops: No
[1,920s][debug  ][gc,nmethod  ] Register NMethod: sun.util.locale.BaseLocale.hashCode (0x00007f77cfba9790) [0x00007f77cfba9980, 0x00007f77cfba9d00] Compiler: c1, Barriers: 4, Oops: 0, ImmediateOops: 0, NonImmediateOops: No
[1,920s][debug  ][gc,nmethod  ] Register NMethod: sun.util.locale.LocaleUtils.toLowerString (0x00007f77cfba9e90) [0x00007f77cfbaa180, 0x00007f77cfbab3a8] Compiler: c1, Barriers: 5, Oops: 1, ImmediateOops: 4, NonImmediateOops: No
[1,920s][debug  ][gc,nmethod  ] Register NMethod: java.lang.ref.SoftReference.<init> (0x00007f77cfbaba10) [0x00007f77cfbabbc0, 0x00007f77cfbabee0] Compiler: c1, Barriers: 6, Oops: 0, ImmediateOops: 2, NonImmediateOops: No
[1,921s][debug  ][gc,director ] Rule Major: Warmup 10%, Used: 52MB, UsedThreshold: 1536MB
[1,921s][debug  ][gc,nmethod  ] Register NMethod: sun.util.locale.BaseLocale.<init> (0x00007f77cfbac010) [0x00007f77cfbac260, 0x00007f77cfbac948] Compiler: c1, Barriers: 24, Oops: 0, ImmediateOops: 0, NonImmediateOops: No
[1,921s][debug  ][gc,nmethod  ] Register NMethod: sun.util.locale.LocaleUtils.isAlphaString (0x00007f77cfbacb90) [0x00007f77cfbacdc0, 0x00007f77cfbad748] Compiler: c1, Barriers: 3, Oops: 1, ImmediateOops: 2, NonImmediateOops: No
[1,922s][debug  ][gc,nmethod  ] Register NMethod: sun.util.locale.StringTokenIterator.nextDelimiter (0x00007f77cfbadb10) [0x00007f77cfbade60, 0x00007f77cfbaf538] Compiler: c1, Barriers: 13, Oops: 1, ImmediateOops: 6, NonImmediateOops: No
[1,922s][debug  ][gc,nmethod  ] Register NMethod: sun.util.locale.BaseLocale$Key.hashCode (0x00007f77cfbafd90) [0x00007f77cfbb01c0, 0x00007f77cfbb2510] Compiler: c1, Barriers: 16, Oops: 1, ImmediateOops: 8, NonImmediateOops: No
[1,922s][debug  ][gc,nmethod  ] Register NMethod: sun.util.locale.StringTokenIterator.next (0x00007f77cfbb3190) [0x00007f77cfbb33a0, 0x00007f77cfbb3928] Compiler: c1, Barriers: 10, Oops: 0, ImmediateOops: 0, NonImmediateOops: No
[1,922s][debug  ][gc,nmethod  ] Register NMethod: sun.util.locale.StringTokenIterator.hasNext (0x00007f77cfbb3b10) [0x00007f77cfbb3cc0, 0x00007f77cfbb3f88] Compiler: c1, Barriers: 2, Oops: 0, ImmediateOops: 0, NonImmediateOops: No
[1,922s][debug  ][gc,nmethod  ] Register NMethod: sun.util.locale.LanguageTag.getLanguage (0x00007f77ef207a90) [0x00007f77ef207c20, 0x00007f77ef207d10] Compiler: c1, Barriers: 1, Oops: 0, ImmediateOops: 0, NonImmediateOops: No
[1,922s][debug  ][gc,nmethod  ] Register NMethod: java.util.Collections.emptyList (0x00007f77ef207d90) [0x00007f77ef207f00, 0x00007f77ef207f70] Compiler: c2, Barriers: 0, Oops: 0, ImmediateOops: 1, NonImmediateOops: No
[1,923s][debug  ][gc,nmethod  ] Register NMethod: sun.util.locale.LanguageTag.getRegion (0x00007f77ef208090) [0x00007f77ef208220, 0x00007f77ef208310] Compiler: c1, Barriers: 1, Oops: 0, ImmediateOops: 0, NonImmediateOops: No
[1,923s][debug  ][gc,nmethod  ] Register NMethod: sun.util.locale.LanguageTag.getScript (0x00007f77ef208390) [0x00007f77ef208520, 0x00007f77ef208610] Compiler: c1, Barriers: 1, Oops: 0, ImmediateOops: 0, NonImmediateOops: No
[1,923s][debug  ][gc,nmethod  ] Register NMethod: sun.util.locale.LocaleUtils.toUpperString (0x00007f77cfbb4090) [0x00007f77cfbb4380, 0x00007f77cfbb55a8] Compiler: c1, Barriers: 5, Oops: 1, ImmediateOops: 4, NonImmediateOops: No
[1,923s][debug  ][gc,nmethod  ] Register NMethod: sun.util.locale.LanguageTag.getPrivateuse (0x00007f77ef208690) [0x00007f77ef208820, 0x00007f77ef208910] Compiler: c1, Barriers: 1, Oops: 0, ImmediateOops: 0, NonImmediateOops: No
[1,923s][debug  ][gc,nmethod  ] Register NMethod: sun.util.locale.LocaleUtils.isEmpty (0x00007f77cfbb5c10) [0x00007f77cfbb5dc0, 0x00007f77cfbb5ff8] Compiler: c1, Barriers: 0, Oops: 0, ImmediateOops: 0, NonImmediateOops: No
[1,923s][debug  ][gc,nmethod  ] Register NMethod: sun.util.locale.InternalLocaleBuilder.clearExtensions (0x00007f77cfbb6090) [0x00007f77cfbb6280, 0x00007f77cfbb6718] Compiler: c1, Barriers: 3, Oops: 0, ImmediateOops: 0, NonImmediateOops: No
[1,923s][debug  ][gc,nmethod  ] Register NMethod: sun.util.locale.BaseLocale.getInstance (0x00007f77cfbb6890) [0x00007f77cfbb6b20, 0x00007f77cfbb76e0] Compiler: c1, Barriers: 6, Oops: 1, ImmediateOops: 6, NonImmediateOops: No
[1,924s][debug  ][gc,nmethod  ] Register NMethod: sun.util.locale.LocaleObjectCache.cleanStaleEntries (0x00007f77cfbb7b10) [0x00007f77cfbb7d00, 0x00007f77cfbb81e0] Compiler: c1, Barriers: 3, Oops: 0, ImmediateOops: 0, NonImmediateOops: No
[1,924s][debug  ][gc,nmethod  ] Register NMethod: sun.util.locale.LocaleObjectCache.get (0x00007f77cfbb8390) [0x00007f77cfbb8680, 0x00007f77cfbb9948] Compiler: c1, Barriers: 16, Oops: 0, ImmediateOops: 2, NonImmediateOops: No
[1,924s][debug  ][gc,nmethod  ] Register NMethod: sun.util.locale.BaseLocale$Key.normalize (0x00007f77cfbb9e10) [0x00007f77cfbb9fe0, 0x00007f77cfbba350] Compiler: c1, Barriers: 5, Oops: 0, ImmediateOops: 0, NonImmediateOops: No
[1,924s][debug  ][gc,nmethod  ] Register NMethod: sun.util.locale.BaseLocale$Key.<init> (0x00007f77cfbba490) [0x00007f77cfbba6c0, 0x00007f77cfbbae98] Compiler: c1, Barriers: 18, Oops: 0, ImmediateOops: 2, NonImmediateOops: No
[1,924s][debug  ][gc,nmethod  ] Register NMethod: sun.util.locale.LocaleUtils.isEmpty (0x00007f77cfbbb090) [0x00007f77cfbbb240, 0x00007f77cfbbb478] Compiler: c1, Barriers: 0, Oops: 0, ImmediateOops: 0, NonImmediateOops: No
[1,924s][debug  ][gc,nmethod  ] Register NMethod: sun.util.locale.LocaleObjectCache$CacheEntry.<init> (0x00007f77cfbbb510) [0x00007f77cfbbb6e0, 0x00007f77cfbbbad0] Compiler: c1, Barriers: 9, Oops: 0, ImmediateOops: 2, NonImmediateOops: No
[1,925s][debug  ][gc,nmethod  ] Register NMethod: sun.util.locale.LanguageTag.isExtlang (0x00007f77cfbbbc10) [0x00007f77cfbbbe60, 0x00007f77cfbbc990] Compiler: c1, Barriers: 3, Oops: 1, ImmediateOops: 2, NonImmediateOops: No
[1,925s][debug  ][gc,nmethod  ] Register NMethod: sun.util.locale.LanguageTag.isScript (0x00007f77cfbbcd90) [0x00007f77cfbbcfe0, 0x00007f77cfbbdb10] Compiler: c1, Barriers: 3, Oops: 1, ImmediateOops: 2, NonImmediateOops: No
[1,925s][debug  ][gc,nmethod  ] Register NMethod: java.util.Locale.<init> (0x00007f77cfbbdf10) [0x00007f77cfbbe0c0, 0x00007f77cfbbe310] Compiler: c1, Barriers: 6, Oops: 0, ImmediateOops: 0, NonImmediateOops: No
[1,926s][debug  ][gc,nmethod  ] Register NMethod: sun.util.locale.LanguageTag.isRegion (0x00007f77cfbbe410) [0x00007f77cfbbe720, 0x00007f77cfbbfbe0] Compiler: c1, Barriers: 6, Oops: 1, ImmediateOops: 4, NonImmediateOops: No
[1,926s][debug  ][gc,nmethod  ] Register NMethod: sun.util.locale.InternalLocaleBuilder.<init> (0x00007f77cfbc0290) [0x00007f77cfbc0460, 0x00007f77cfbc07c8] Compiler: c1, Barriers: 12, Oops: 0, ImmediateOops: 5, NonImmediateOops: No
[1,926s][debug  ][gc,nmethod  ] Register NMethod: sun.util.locale.LanguageTag.parseVariants (0x00007f77cfbc0890) [0x00007f77cfbc0ae0, 0x00007f77cfbc1340] Compiler: c1, Barriers: 6, Oops: 0, ImmediateOops: 0, NonImmediateOops: No
[1,926s][debug  ][gc,nmethod  ] Register NMethod: java.util.Locale.getInstance (0x00007f77cfbc1590) [0x00007f77cfbc17c0, 0x00007f77cfbc1f90] Compiler: c1, Barriers: 1, Oops: 1, ImmediateOops: 3, NonImmediateOops: No
[1,926s][debug  ][gc,nmethod  ] Register NMethod: sun.util.locale.ParseStatus.<init> (0x00007f77cfbc2190) [0x00007f77cfbc2340, 0x00007f77cfbc25a0] Compiler: c1, Barriers: 3, Oops: 0, ImmediateOops: 0, NonImmediateOops: No
[1,926s][debug  ][gc,nmethod  ] Register NMethod: sun.util.locale.ParseStatus.reset (0x00007f77cfbc2690) [0x00007f77cfbc2820, 0x00007f77cfbc29b0] Compiler: c1, Barriers: 3, Oops: 0, ImmediateOops: 0, NonImmediateOops: No
[1,926s][debug  ][gc,nmethod  ] Register NMethod: java.util.Locale.forLanguageTag (0x00007f77cfbc2a10) [0x00007f77cfbc2c80, 0x00007f77cfbc34c0] Compiler: c1, Barriers: 17, Oops: 0, ImmediateOops: 5, NonImmediateOops: No
[1,926s][debug  ][gc,nmethod  ] Register NMethod: sun.util.locale.LanguageTag.<init> (0x00007f77cfbc3710) [0x00007f77cfbc3900, 0x00007f77cfbc3f00] Compiler: c1, Barriers: 21, Oops: 0, ImmediateOops: 9, NonImmediateOops: No
[1,927s][debug  ][gc,nmethod  ] Register NMethod: sun.util.locale.StringTokenIterator.setStart (0x00007f77cfbc4010) [0x00007f77cfbc4200, 0x00007f77cfbc4670] Compiler: c1, Barriers: 6, Oops: 0, ImmediateOops: 0, NonImmediateOops: No
[1,927s][debug  ][gc,nmethod  ] Register NMethod: sun.util.locale.StringTokenIterator.<init> (0x00007f77cfbc4810) [0x00007f77cfbc4a40, 0x00007f77cfbc52d0] Compiler: c1, Barriers: 7, Oops: 1, ImmediateOops: 2, NonImmediateOops: No
[1,927s][debug  ][gc,nmethod  ] Register NMethod: sun.util.locale.LanguageTag.parse (0x00007f77cfbc5610) [0x00007f77cfbc59a0, 0x00007f77cfbc6d88] Compiler: c1, Barriers: 13, Oops: 2, ImmediateOops: 5, NonImmediateOops: No
[1,927s][debug  ][gc,nmethod  ] Register NMethod: sun.util.locale.LanguageTag.parseLanguage (0x00007f77cfbc7490) [0x00007f77cfbc76a0, 0x00007f77cfbc7d80] Compiler: c1, Barriers: 5, Oops: 0, ImmediateOops: 0, NonImmediateOops: No
[1,927s][debug  ][gc,nmethod  ] Register NMethod: sun.util.locale.LanguageTag.isLanguage (0x00007f77cfbc7f90) [0x00007f77cfbc81e0, 0x00007f77cfbc8d48] Compiler: c1, Barriers: 3, Oops: 1, ImmediateOops: 2, NonImmediateOops: No
[1,927s][debug  ][gc,nmethod  ] Register NMethod: sun.util.locale.LanguageTag.parseExtlangs (0x00007f77cfbc9110) [0x00007f77cfbc93a0, 0x00007f77cfbc9f78] Compiler: c1, Barriers: 8, Oops: 0, ImmediateOops: 0, NonImmediateOops: No
[1,928s][debug  ][gc,nmethod  ] Register NMethod: sun.util.locale.LanguageTag.parseRegion (0x00007f77cfbca290) [0x00007f77cfbca480, 0x00007f77cfbca8c8] Compiler: c1, Barriers: 4, Oops: 0, ImmediateOops: 0, NonImmediateOops: No
[1,928s][debug  ][gc,nmethod  ] Register NMethod: sun.util.locale.LanguageTag.parseScript (0x00007f77cfbcaa10) [0x00007f77cfbcac20, 0x00007f77cfbcb2b8] Compiler: c1, Barriers: 5, Oops: 0, ImmediateOops: 0, NonImmediateOops: No
[1,928s][debug  ][gc,nmethod  ] Register NMethod: sun.util.locale.InternalLocaleBuilder.clear (0x00007f77cfbcb510) [0x00007f77cfbcb6e0, 0x00007f77cfbcba38] Compiler: c1, Barriers: 12, Oops: 0, ImmediateOops: 5, NonImmediateOops: No
[1,928s][debug  ][gc,nmethod  ] Register NMethod: sun.util.locale.LanguageTag.getExtlangs (0x00007f77cfbcbb10) [0x00007f77cfbcbce0, 0x00007f77cfbcc018] Compiler: c1, Barriers: 2, Oops: 0, ImmediateOops: 1, NonImmediateOops: No
[1,929s][debug  ][gc,nmethod  ] Register NMethod: sun.util.locale.LanguageTag.parsePrivateuse (0x00007f77cfbcc110) [0x00007f77cfbcc420, 0x00007f77cfbcd458] Compiler: c1, Barriers: 10, Oops: 1, ImmediateOops: 3, NonImmediateOops: No
[1,929s][debug  ][gc,nmethod  ] Register NMethod: sun.util.locale.LanguageTag.getVariants (0x00007f77cfbcd990) [0x00007f77cfbcdb60, 0x00007f77cfbcde98] Compiler: c1, Barriers: 2, Oops: 0, ImmediateOops: 1, NonImmediateOops: No
[1,929s][debug  ][gc,nmethod  ] Register NMethod: sun.util.locale.InternalLocaleBuilder.setLanguageTag (0x00007f77cfbcdf90) [0x00007f77cfbce3e0, 0x00007f77cfbd0190] Compiler: c1, Barriers: 39, Oops: 1, ImmediateOops: 11, NonImmediateOops: No
[1,929s][debug  ][gc,nmethod  ] Register NMethod: sun.util.locale.LanguageTag.parseExtensions (0x00007f77cfbd0910) [0x00007f77cfbd0d20, 0x00007f77cfbd25f8] Compiler: c1, Barriers: 12, Oops: 3, ImmediateOops: 4, NonImmediateOops: No
[1,929s][debug  ][gc,nmethod  ] Register NMethod: sun.util.locale.LanguageTag.getExtensions (0x00007f77cfbd2e90) [0x00007f77cfbd3060, 0x00007f77cfbd3398] Compiler: c1, Barriers: 2, Oops: 0, ImmediateOops: 1, NonImmediateOops: No
[1,930s][debug  ][gc,nmethod  ] Register NMethod: sun.util.locale.LocaleUtils.isEmpty (0x00007f77cfbd3490) [0x00007f77cfbd3640, 0x00007f77cfbd3878] Compiler: c1, Barriers: 0, Oops: 0, ImmediateOops: 0, NonImmediateOops: No
[1,930s][debug  ][gc,nmethod  ] Register NMethod: sun.util.locale.BaseLocale$Key.getBaseLocale (0x00007f77cfbd3910) [0x00007f77cfbd3ae0, 0x00007f77cfbd3e50] Compiler: c1, Barriers: 2, Oops: 0, ImmediateOops: 0, NonImmediateOops: No
[1,930s][debug  ][gc,nmethod  ] Register NMethod: sun.util.locale.provider.LocaleProviderAdapter$$Lambda/0x0000000080148b88.apply (0x00007f77cfbd3f10) [0x00007f77cfbd40c0, 0x00007f77cfbd42d0] Compiler: c1, Barriers: 0, Oops: 0, ImmediateOops: 0, NonImmediateOops: No
[1,930s][debug  ][gc,nmethod  ] Register NMethod: sun.util.locale.LocaleUtils.toTitleString (0x00007f77cfbd4390) [0x00007f77cfbd4720, 0x00007f77cfbd61c0] Compiler: c1, Barriers: 5, Oops: 1, ImmediateOops: 6, NonImmediateOops: No
[1,930s][debug  ][gc,nmethod  ] Register NMethod: sun.util.locale.LocaleObjectCache.normalizeKey (0x00007f77cfbd6a90) [0x00007f77cfbd6c20, 0x00007f77cfbd6d28] Compiler: c1, Barriers: 0, Oops: 0, ImmediateOops: 0, NonImmediateOops: No
[1,930s][debug  ][gc,nmethod  ] Register NMethod: sun.util.locale.BaseLocale.convertOldISOCodes (0x00007f77cfbd6d90) [0x00007f77cfbd6fc0, 0x00007f77cfbd76b8] Compiler: c1, Barriers: 0, Oops: 0, ImmediateOops: 9, NonImmediateOops: No
[1,930s][debug  ][gc,nmethod  ] Register NMethod: java.util.Locale$Cache.createObject (0x00007f77cfbd7810) [0x00007f77cfbd79c0, 0x00007f77cfbd7b00] Compiler: c1, Barriers: 0, Oops: 0, ImmediateOops: 0, NonImmediateOops: No
[1,930s][debug  ][gc,nmethod  ] Register NMethod: java.util.regex.Matcher.search (0x00007f77ef208990) [0x00007f77ef208bc0, 0x00007f77ef2095c0] Compiler: c2, Barriers: 10, Oops: 0, ImmediateOops: 0, NonImmediateOops: No
[1,930s][debug  ][gc,nmethod  ] Register NMethod: java.util.Locale$Cache.createObject (0x00007f77cfbd7b90) [0x00007f77cfbd7da0, 0x00007f77cfbd8628] Compiler: c1, Barriers: 11, Oops: 0, ImmediateOops: 0, NonImmediateOops: No
[1,930s][debug  ][gc,nmethod  ] Register NMethod: sun.util.locale.provider.LocaleProviderAdapter.lambda$toLocaleArray$0 (0x00007f77cfbd8890) [0x00007f77cfbd8ae0, 0x00007f77cfbd9230] Compiler: c1, Barriers: 3, Oops: 0, ImmediateOops: 3, NonImmediateOops: No
[1,930s][debug  ][gc,nmethod  ] Register NMethod: sun.util.locale.BaseLocale$Cache.normalizeKey (0x00007f77cfbd9410) [0x00007f77cfbd95c0, 0x00007f77cfbd9830] Compiler: c1, Barriers: 0, Oops: 0, ImmediateOops: 0, NonImmediateOops: No
[1,930s][debug  ][gc,nmethod  ] Register NMethod: sun.util.locale.BaseLocale$Cache.normalizeKey (0x00007f77cfbd9910) [0x00007f77cfbd9ac0, 0x00007f77cfbd9c00] Compiler: c1, Barriers: 0, Oops: 0, ImmediateOops: 0, NonImmediateOops: No
[1,931s][debug  ][gc,nmethod  ] Register NMethod: java.util.stream.Nodes$FixedNodeBuilder.accept (0x00007f77cfbd9c90) [0x00007f77cfbd9ee0, 0x00007f77cfbda910] Compiler: c1, Barriers: 8, Oops: 1, ImmediateOops: 2, NonImmediateOops: No
[1,931s][debug  ][gc,nmethod  ] Register NMethod: sun.util.locale.BaseLocale$Cache.createObject (0x00007f77cfbdac90) [0x00007f77cfbdae60, 0x00007f77cfbdb270] Compiler: c1, Barriers: 2, Oops: 0, ImmediateOops: 0, NonImmediateOops: No
[1,931s][debug  ][gc,nmethod  ] Register NMethod: sun.util.locale.BaseLocale$Cache.createObject (0x00007f77cfbdb390) [0x00007f77cfbdb580, 0x00007f77cfbdbac0] Compiler: c1, Barriers: 2, Oops: 0, ImmediateOops: 0, NonImmediateOops: No
[1,931s][debug  ][gc,nmethod  ] Register NMethod: java.lang.String.<init> (0x00007f77cfbdbc90) [0x00007f77cfbdbe40, 0x00007f77cfbdbf98] Compiler: c1, Barriers: 0, Oops: 0, ImmediateOops: 0, NonImmediateOops: No
[1,931s][debug  ][gc,director ] Rule Major: Warmup 10%, Used: 54MB, UsedThreshold: 1536MB
[1,931s][debug  ][gc,nmethod  ] Register NMethod: java.util.HashMap.get (0x00007f77ef209b10) [0x00007f77ef209d00, 0x00007f77ef20a1f8] Compiler: c2, Barriers: 7, Oops: 0, ImmediateOops: 0, NonImmediateOops: No
[1,931s][debug  ][gc,nmethod  ] Register NMethod: sun.util.locale.InternalLocaleBuilder.getLocaleExtensions (0x00007f77cfbdc090) [0x00007f77cfbdc2e0, 0x00007f77cfbdcc40] Compiler: c1, Barriers: 6, Oops: 0, ImmediateOops: 0, NonImmediateOops: No
[1,932s][debug  ][gc,nmethod  ] Register NMethod: sun.util.locale.InternalLocaleBuilder.getBaseLocale (0x00007f77cfbdce90) [0x00007f77cfbdd1c0, 0x00007f77cfbde2b8] Compiler: c1, Barriers: 7, Oops: 2, ImmediateOops: 6, NonImmediateOops: No
[1,932s][debug  ][gc,nmethod  ] Register NMethod: sun.util.locale.InternalLocaleBuilder.setExtensions (0x00007f77cfbde910) [0x00007f77cfbdee60, 0x00007f77cfbe19b8] Compiler: c1, Barriers: 20, Oops: 1, ImmediateOops: 5, NonImmediateOops: No
[1,934s][debug  ][gc,nmethod  ] Register NMethod: java.util.concurrent.ConcurrentHashMap.addCount (0x00007f77ef20a490) [0x00007f77ef20a640, 0x00007f77ef20a8f0] Compiler: c2, Barriers: 2, Oops: 0, ImmediateOops: 0, NonImmediateOops: No
[1,936s][debug  ][gc,nmethod  ] Register NMethod: java.util.Locale.hasExtensions (0x00007f77cfbe2810) [0x00007f77cfbe29a0, 0x00007f77cfbe2b38] Compiler: c1, Barriers: 1, Oops: 0, ImmediateOops: 0, NonImmediateOops: No
[1,936s][debug  ][gc,nmethod  ] Register NMethod: java.util.Locale.stripExtensions (0x00007f77cfbe2c10) [0x00007f77cfbe2de0, 0x00007f77cfbe30c8] Compiler: c1, Barriers: 2, Oops: 0, ImmediateOops: 0, NonImmediateOops: No
[1,936s][debug  ][gc,nmethod  ] Register NMethod: sun.util.locale.BaseLocale.equals (0x00007f77cfbe3190) [0x00007f77cfbe3380, 0x00007f77cfbe39c8] Compiler: c1, Barriers: 8, Oops: 0, ImmediateOops: 0, NonImmediateOops: No
[1,936s][debug  ][gc,nmethod  ] Register NMethod: java.util.Locale.equals (0x00007f77cfbe3a90) [0x00007f77cfbe3cc0, 0x00007f77cfbe44c8] Compiler: c1, Barriers: 5, Oops: 0, ImmediateOops: 0, NonImmediateOops: No
[1,938s][debug  ][gc,nmethod  ] Register NMethod: java.lang.String.substring (0x00007f77ef20ab90) [0x00007f77ef20ad60, 0x00007f77ef20b478] Compiler: c2, Barriers: 4, Oops: 1, ImmediateOops: 1, NonImmediateOops: No
[1,940s][debug  ][gc,nmethod  ] Register NMethod: java.lang.StringLatin1.newString (0x00007f77ef20b790) [0x00007f77ef20b940, 0x00007f77ef20bed8] Compiler: c2, Barriers: 3, Oops: 0, ImmediateOops: 1, NonImmediateOops: No
[1,941s][debug  ][gc,nmethod  ] Register NMethod: java.lang.invoke.MethodType.parameterType (0x00007f77ef20c110) [0x00007f77ef20c2a0, 0x00007f77ef20c3d8] Compiler: c2, Barriers: 2, Oops: 0, ImmediateOops: 0, NonImmediateOops: No
[1,941s][debug  ][gc,director ] Rule Major: Warmup 10%, Used: 56MB, UsedThreshold: 1536MB
[1,943s][debug  ][gc,nmethod  ] Register NMethod: java.lang.invoke.DirectMethodHandle.<init> (0x00007f77cfbe4690) [0x00007f77cfbe4980, 0x00007f77cfbe59c0] Compiler: c1, Barriers: 10, Oops: 2, ImmediateOops: 2, NonImmediateOops: No
[1,944s][debug  ][gc,nmethod  ] Register NMethod: java.lang.invoke.MethodTypeForm.cachedLambdaForm (0x00007f77cfbe5e90) [0x00007f77cfbe6060, 0x00007f77cfbe6400] Compiler: c1, Barriers: 2, Oops: 0, ImmediateOops: 0, NonImmediateOops: No
[1,945s][debug  ][gc,nmethod  ] Register NMethod: java.util.concurrent.ConcurrentHashMap.get (0x00007f77ef20c490) [0x00007f77ef20c660, 0x00007f77ef20caf0] Compiler: c2, Barriers: 8, Oops: 0, ImmediateOops: 0, NonImmediateOops: No
[1,945s][debug  ][gc,nmethod  ] Register NMethod: java.util.regex.Matcher.search (0x00007f77cfbe6510) [0x00007f77cfbe6700, 0x00007f77cfbe6d98] Compiler: c1, Barriers: 6, Oops: 0, ImmediateOops: 0, NonImmediateOops: No
[1,946s][debug  ][gc,nmethod  ] Register NMethod: java.lang.invoke.Invokers$Holder.linkToTargetMethod (0x00007f77cfbe6f90) [0x00007f77cfbe7140, 0x00007f77cfbe73f0] Compiler: c1, Barriers: 0, Oops: 0, ImmediateOops: 0, NonImmediateOops: No
[1,946s][debug  ][gc,nmethod  ] Register NMethod: java.lang.invoke.LambdaForm$MH/0x0000000080000800.invoke (0x00007f77cfbe7510) [0x00007f77cfbe76c0, 0x00007f77cfbe7910] Compiler: c1, Barriers: 1, Oops: 1, ImmediateOops: 0, NonImmediateOops: No
[1,950s][debug  ][gc,nmethod  ] Register NMethod: java.util.concurrent.ConcurrentHashMap.putVal (0x00007f77ef20cd90) [0x00007f77ef20d020, 0x00007f77ef20e0c8] Compiler: c2, Barriers: 29, Oops: 0, ImmediateOops: 0, NonImmediateOops: No
[1,951s][debug  ][gc,nmethod  ] Register NMethod: java.util.ArrayList.iterator (0x00007f77cfbe7a10) [0x00007f77cfbe7bc0, 0x00007f77cfbe7e60] Compiler: c1, Barriers: 3, Oops: 0, ImmediateOops: 0, NonImmediateOops: No
[1,951s][debug  ][gc,nmethod  ] Register NMethod: java.util.ArrayList$Itr.<init> (0x00007f77cfbe7f90) [0x00007f77cfbe8140, 0x00007f77cfbe8330] Compiler: c1, Barriers: 3, Oops: 0, ImmediateOops: 0, NonImmediateOops: No
[1,951s][debug  ][gc,director ] Rule Major: Warmup 10%, Used: 56MB, UsedThreshold: 1536MB
[1,952s][debug  ][gc,nmethod  ] Register NMethod: java.lang.invoke.MethodHandles$Lookup.checkAccess (0x00007f77cfbe8410) [0x00007f77cfbe86c0, 0x00007f77cfbe9360] Compiler: c1, Barriers: 5, Oops: 0, ImmediateOops: 1, NonImmediateOops: No
[1,954s][debug  ][gc,nmethod  ] Register NMethod: java.lang.invoke.MethodHandle.linkToStatic (0x00007f77ef20eb10) [0x00007f77ef20ec80, 0x00007f77ef20ed70] Compiler: , Barriers: 0, Oops: 0, ImmediateOops: 0, NonImmediateOops: No
[1,955s][debug  ][gc,nmethod  ] Register NMethod: java.lang.invoke.MethodType.toMethodDescriptorString (0x00007f77cfbe9690) [0x00007f77cfbe9840, 0x00007f77cfbe9ae0] Compiler: c1, Barriers: 6, Oops: 0, ImmediateOops: 0, NonImmediateOops: No
[1,956s][debug  ][gc,nmethod  ] Register NMethod: java.lang.invoke.MemberName.getType (0x00007f77cfbe9b90) [0x00007f77cfbe9d60, 0x00007f77cfbea060] Compiler: c1, Barriers: 0, Oops: 0, ImmediateOops: 0, NonImmediateOops: No
[1,957s][debug  ][gc,nmethod  ] Register NMethod: java.lang.StringUTF16.getChar (0x00007f77cfbea190) [0x00007f77cfbea320, 0x00007f77cfbea488] Compiler: c1, Barriers: 0, Oops: 0, ImmediateOops: 0, NonImmediateOops: No
[1,958s][debug  ][gc,nmethod  ] Register NMethod: java.lang.CharacterData.of (0x00007f77cfb51690) [0x00007f77cfb518c0, 0x00007f77cfb52230] Compiler: c1, Barriers: 7, Oops: 0, ImmediateOops: 3, NonImmediateOops: No
[1,958s][debug  ][gc,nmethod  ] Register NMethod: java.lang.CharacterData.of (0x00007f77cfb51690) [0x00007f77cfb518c0, 0x00007f77cfb52230] Compiler: c1, Barriers: 7, Oops: 0, ImmediateOops: 3, NonImmediateOops: No
[1,959s][debug  ][gc,nmethod  ] Register NMethod: java.lang.StringUTF16.getChar (0x00007f77ef20ee10) [0x00007f77ef20efa0, 0x00007f77ef20f088] Compiler: c2, Barriers: 0, Oops: 0, ImmediateOops: 0, NonImmediateOops: No
[1,961s][debug  ][gc,director ] Rule Major: Warmup 10%, Used: 56MB, UsedThreshold: 1536MB
[1,962s][debug  ][gc,nmethod  ] Register NMethod: java.util.HashMap.put (0x00007f77ef20f190) [0x00007f77ef20f420, 0x00007f77ef2100f0] Compiler: c2, Barriers: 32, Oops: 0, ImmediateOops: 0, NonImmediateOops: No
[1,964s][debug  ][gc,nmethod  ] Register NMethod: java.lang.invoke.MethodHandle.linkToVirtual (0x00007f77ef210810) [0x00007f77ef210980, 0x00007f77ef2109a8] Compiler: , Barriers: 0, Oops: 0, ImmediateOops: 0, NonImmediateOops: No
[1,964s][debug  ][gc,nmethod  ] Register NMethod: jdk.internal.org.objectweb.asm.ByteVector.enlarge (0x00007f77cfbea590) [0x00007f77cfbea760, 0x00007f77cfbeabb8] Compiler: c1, Barriers: 4, Oops: 0, ImmediateOops: 1, NonImmediateOops: No
[1,964s][debug  ][gc,nmethod  ] Register NMethod: sun.invoke.util.BytecodeDescriptor.unparseSig (0x00007f77cfbead10) [0x00007f77cfbeaf40, 0x00007f77cfbeb3b8] Compiler: c1, Barriers: 0, Oops: 1, ImmediateOops: 2, NonImmediateOops: No
[1,965s][debug  ][gc,nmethod  ] Register NMethod: java.lang.invoke.LambdaForm$Name.useCount (0x00007f77cfbeb610) [0x00007f77cfbeb7c0, 0x00007f77cfbeba98] Compiler: c1, Barriers: 2, Oops: 0, ImmediateOops: 0, NonImmediateOops: No
[1,965s][debug  ][gc,nmethod  ] Register NMethod: jdk.internal.org.objectweb.asm.Frame.pop (0x00007f77cfbebb90) [0x00007f77cfbebd20, 0x00007f77cfbebec0] Compiler: c1, Barriers: 0, Oops: 0, ImmediateOops: 0, NonImmediateOops: No
[1,965s][debug  ][gc,nmethod  ] Register NMethod: jdk.internal.org.objectweb.asm.MethodWriter.visitInsn (0x00007f77cfbebf90) [0x00007f77cfbec180, 0x00007f77cfbec650] Compiler: c1, Barriers: 3, Oops: 0, ImmediateOops: 1, NonImmediateOops: No
[1,965s][debug  ][gc,nmethod  ] Register NMethod: java.lang.Class.isInstance (0x00007f77ef210b10) [0x00007f77ef210ca0, 0x00007f77ef210e80] Compiler: , Barriers: 0, Oops: 0, ImmediateOops: 0, NonImmediateOops: No
[1,965s][debug  ][gc,nmethod  ] Register NMethod: java.lang.Class.getComponentType (0x00007f77cfbec810) [0x00007f77cfbec9c0, 0x00007f77cfbecba8] Compiler: c1, Barriers: 1, Oops: 0, ImmediateOops: 0, NonImmediateOops: No
[1,966s][debug  ][gc,nmethod  ] Register NMethod: java.lang.invoke.MethodHandles$Lookup.isClassAccessible (0x00007f77cfbecc90) [0x00007f77cfbecea0, 0x00007f77cfbed508] Compiler: c1, Barriers: 3, Oops: 0, ImmediateOops: 0, NonImmediateOops: No
[1,967s][debug  ][gc,nmethod  ] Register NMethod: jdk.internal.org.objectweb.asm.Frame.getAbstractTypeFromDescriptor (0x00007f77cfbed710) [0x00007f77cfbedae0, 0x00007f77cfbef828] Compiler: c1, Barriers: 8, Oops: 1, ImmediateOops: 6, NonImmediateOops: No
[1,967s][debug  ][gc,nmethod  ] Register NMethod: java.lang.String.<init> (0x00007f77cfbf0110) [0x00007f77cfbf0520, 0x00007f77cfbf2048] Compiler: c1, Barriers: 10, Oops: 1, ImmediateOops: 2, NonImmediateOops: No
[1,968s][debug  ][gc,nmethod  ] Register NMethod: java.lang.invoke.MemberName.checkForTypeAlias (0x00007f77cfbf2910) [0x00007f77cfbf2d80, 0x00007f77cfbf4aa0] Compiler: c1, Barriers: 10, Oops: 3, ImmediateOops: 8, NonImmediateOops: No
[1,968s][debug  ][gc,nmethod  ] Register NMethod: worker.org.gradle.internal.classloader.FilteringClassLoader$TrieSet.contains (0x00007f77cfbf5310) [0x00007f77cfbf54c0, 0x00007f77cfbf56b8] Compiler: c1, Barriers: 1, Oops: 1, ImmediateOops: 0, NonImmediateOops: No
[1,968s][debug  ][gc,nmethod  ] Register NMethod: java.net.URLClassLoader$1.run (0x00007f77cfbf5790) [0x00007f77cfbf5940, 0x00007f77cfbf5a90] Compiler: c1, Barriers: 0, Oops: 0, ImmediateOops: 0, NonImmediateOops: No
[1,969s][debug  ][gc,nmethod  ] Register NMethod: java.net.URLClassLoader$1.<init> (0x00007f77cfbf5b10) [0x00007f77cfbf5cc0, 0x00007f77cfbf5f10] Compiler: c1, Barriers: 6, Oops: 0, ImmediateOops: 0, NonImmediateOops: No
[1,969s][debug  ][gc,nmethod  ] Register NMethod: java.net.URLClassLoader.findClass (0x00007f77cfbf6010) [0x00007f77cfbf6240, 0x00007f77cfbf6bd8] Compiler: c1, Barriers: 8, Oops: 0, ImmediateOops: 0, NonImmediateOops: No
[1,969s][debug  ][gc,nmethod  ] Register NMethod: java.util.jar.JavaUtilJarAccessImpl.getTrustedAttributes (0x00007f77cfbf6e90) [0x00007f77cfbf7040, 0x00007f77cfbf7198] Compiler: c1, Barriers: 0, Oops: 0, ImmediateOops: 0, NonImmediateOops: No
[1,970s][debug  ][gc,nmethod  ] Register NMethod: java.net.URLClassLoader.getAndVerifyPackage (0x00007f77cfbf7290) [0x00007f77cfbf7600, 0x00007f77cfbf87a8] Compiler: c1, Barriers: 4, Oops: 4, ImmediateOops: 4, NonImmediateOops: No
[1,970s][debug  ][gc,nmethod  ] Register NMethod: java.util.jar.Manifest.getAttributes (0x00007f77cfbf8e10) [0x00007f77cfbf8fc0, 0x00007f77cfbf92a8] Compiler: c1, Barriers: 1, Oops: 0, ImmediateOops: 0, NonImmediateOops: No
[1,970s][debug  ][gc,nmethod  ] Register NMethod: jdk.internal.perf.PerfCounter.getReadClassBytesTime (0x00007f77cfbf9390) [0x00007f77cfbf9520, 0x00007f77cfbf9610] Compiler: c1, Barriers: 0, Oops: 0, ImmediateOops: 1, NonImmediateOops: No
[1,970s][debug  ][gc,nmethod  ] Register NMethod: java.net.URLClassLoader$1.run (0x00007f77cfbf9690) [0x00007f77cfbf9a60, 0x00007f77cfbfb120] Compiler: c1, Barriers: 8, Oops: 1, ImmediateOops: 13, NonImmediateOops: No
[1,970s][debug  ][gc,nmethod  ] Register NMethod: java.util.jar.Manifest.getTrustedAttributes (0x00007f77cfbfb990) [0x00007f77cfbfbc00, 0x00007f77cfbfc590] Compiler: c1, Barriers: 2, Oops: 1, ImmediateOops: 1, NonImmediateOops: No
[1,970s][debug  ][gc,nmethod  ] Register NMethod: java.security.SecureClassLoader$CodeSourceKey.equals (0x00007f77cfbfc910) [0x00007f77cfbfcb20, 0x00007f77cfbfd298] Compiler: c1, Barriers: 6, Oops: 0, ImmediateOops: 0, NonImmediateOops: No
[1,971s][debug  ][gc,nmethod  ] Register NMethod: java.net.URLClassLoader.defineClass (0x00007f77cfbfd490) [0x00007f77cfbfd9e0, 0x00007f77cfbffe18] Compiler: c1, Barriers: 19, Oops: 2, ImmediateOops: 7, NonImmediateOops: No
[1,972s][debug  ][gc,director ] Rule Major: Warmup 10%, Used: 56MB, UsedThreshold: 1536MB
[1,972s][debug  ][gc,nmethod  ] Register NMethod: jdk.internal.org.objectweb.asm.MethodVisitor.<init> (0x00007f77cfc00d90) [0x00007f77cfc00fc0, 0x00007f77cfc017a0] Compiler: c1, Barriers: 3, Oops: 1, ImmediateOops: 1, NonImmediateOops: No
[1,972s][debug  ][gc,nmethod  ] Register NMethod: jdk.internal.jimage.ImageHeader.getTableLength (0x00007f77ef210e90) [0x00007f77ef211020, 0x00007f77ef2110e0] Compiler: c1, Barriers: 0, Oops: 0, ImmediateOops: 0, NonImmediateOops: No
[1,972s][debug  ][gc,nmethod  ] Register NMethod: java.nio.DirectByteBuffer.ix (0x00007f77ef211190) [0x00007f77ef211300, 0x00007f77ef211380] Compiler: c2, Barriers: 0, Oops: 0, ImmediateOops: 0, NonImmediateOops: No
[1,972s][debug  ][gc,nmethod  ] Register NMethod: java.nio.DirectIntBufferU.ix (0x00007f77cfc01a90) [0x00007f77cfc01c20, 0x00007f77cfc01d38] Compiler: c1, Barriers: 0, Oops: 0, ImmediateOops: 0, NonImmediateOops: No
[1,972s][debug  ][gc,nmethod  ] Register NMethod: jdk.internal.jimage.ImageLocation.readValue (0x00007f77cfc01e10) [0x00007f77cfc01fe0, 0x00007f77cfc023a8] Compiler: c1, Barriers: 0, Oops: 0, ImmediateOops: 1, NonImmediateOops: No
[1,972s][debug  ][gc,nmethod  ] Register NMethod: jdk.internal.misc.ScopedMemoryAccess.getInt (0x00007f77cfc02510) [0x00007f77cfc026e0, 0x00007f77cfc02aa0] Compiler: c1, Barriers: 0, Oops: 0, ImmediateOops: 0, NonImmediateOops: No
[1,973s][debug  ][gc,nmethod  ] Register NMethod: java.util.concurrent.ConcurrentHashMap$Traverser.advance (0x00007f77cfc02c90) [0x00007f77cfc02f00, 0x00007f77cfc03c10] Compiler: c1, Barriers: 15, Oops: 0, ImmediateOops: 0, NonImmediateOops: No
[1,973s][debug  ][gc,nmethod  ] Register NMethod: java.nio.DirectIntBufferU.get (0x00007f77cfc03e90) [0x00007f77cfc040e0, 0x00007f77cfc04a00] Compiler: c1, Barriers: 1, Oops: 2, ImmediateOops: 2, NonImmediateOops: No
[1,973s][debug  ][gc,nmethod  ] Register NMethod: jdk.internal.loader.URLClassPath$JarLoader.findResource (0x00007f77cfc04e90) [0x00007f77cfc05040, 0x00007f77cfc05260] Compiler: c1, Barriers: 1, Oops: 0, ImmediateOops: 0, NonImmediateOops: No
[1,973s][debug  ][gc,nmethod  ] Register NMethod: jdk.internal.misc.ScopedMemoryAccess.getIntInternal (0x00007f77cfc05390) [0x00007f77cfc05540, 0x00007f77cfc057a0] Compiler: c1, Barriers: 0, Oops: 0, ImmediateOops: 0, NonImmediateOops: No
[1,973s][debug  ][gc,nmethod  ] Register NMethod: java.util.concurrent.ConcurrentHashMap$BaseIterator.hasNext (0x00007f77cfc05910) [0x00007f77cfc05aa0, 0x00007f77cfc05c38] Compiler: c1, Barriers: 1, Oops: 0, ImmediateOops: 0, NonImmediateOops: No
[1,973s][debug  ][gc,nmethod  ] Register NMethod: jdk.internal.org.objectweb.asm.SymbolTable.addConstantMethodref (0x00007f77cfc05d10) [0x00007f77cfc05ec0, 0x00007f77cfc06068] Compiler: c1, Barriers: 0, Oops: 0, ImmediateOops: 0, NonImmediateOops: No
[1,973s][debug  ][gc,nmethod  ] Register NMethod: sun.net.util.IPAddressUtil.scan (0x00007f77cfc06110) [0x00007f77cfc06360, 0x00007f77cfc06d40] Compiler: c1, Barriers: 3, Oops: 1, ImmediateOops: 2, NonImmediateOops: No
[1,974s][debug  ][gc,nmethod  ] Register NMethod: jdk.internal.org.objectweb.asm.MethodWriter.visitMethodInsn (0x00007f77cfc07110) [0x00007f77cfc07380, 0x00007f77cfc07cc8] Compiler: c1, Barriers: 9, Oops: 0, ImmediateOops: 0, NonImmediateOops: No
[1,977s][debug  ][gc,nmethod  ] Register NMethod: java.io.UnixFileSystem.getBooleanAttributes0 (0x00007f77ef211490) [0x00007f77ef211620, 0x00007f77ef2117f8] Compiler: , Barriers: 0, Oops: 0, ImmediateOops: 0, NonImmediateOops: No
[1,978s][debug  ][gc,nmethod  ] Register NMethod: java.io.UnixFileSystem.hasBooleanAttributes (0x00007f77cfc08010) [0x00007f77cfc08220, 0x00007f77cfc086c0] Compiler: c1, Barriers: 0, Oops: 1, ImmediateOops: 1, NonImmediateOops: No
[1,979s][debug  ][gc,nmethod  ] Register NMethod: java.util.concurrent.ConcurrentHashMap$ValueIterator.next (0x00007f77cfc08910) [0x00007f77cfc08ae0, 0x00007f77cfc08dc8] Compiler: c1, Barriers: 5, Oops: 0, ImmediateOops: 0, NonImmediateOops: No
[1,982s][debug  ][gc,director ] Rule Major: Warmup 10%, Used: 56MB, UsedThreshold: 1536MB
[1,983s][debug  ][gc,nmethod  ] Register NMethod: jdk.internal.loader.BuiltinClassLoader.loadClassOrNull (0x00007f77cfc08f10) [0x00007f77cfc091e0, 0x00007f77cfc0a1d0] Compiler: c1, Barriers: 3, Oops: 0, ImmediateOops: 2, NonImmediateOops: No
[1,984s][debug  ][gc,nmethod  ] Register NMethod: jdk.internal.loader.URLClassPath$JarLoader.checkResource (0x00007f77cfc0a810) [0x00007f77cfc0aa60, 0x00007f77cfc0b418] Compiler: c1, Barriers: 14, Oops: 0, ImmediateOops: 0, NonImmediateOops: No
[1,990s][debug  ][gc,nmethod  ] Register NMethod: worker.org.gradle.internal.classloader.FilteringClassLoader.classAllowed (0x00007f77cfc0b810) [0x00007f77cfc0baa0, 0x00007f77cfc0c5e8] Compiler: c1, Barriers: 8, Oops: 3, ImmediateOops: 2, NonImmediateOops: No
[1,991s][debug  ][gc,nmethod  ] Register NMethod: java.lang.ClassLoader.compareCerts (0x00007f77cfc0c990) [0x00007f77cfc0cbc0, 0x00007f77cfc0d528] Compiler: c1, Barriers: 4, Oops: 0, ImmediateOops: 0, NonImmediateOops: No
[1,992s][debug  ][gc,director ] Rule Major: Warmup 10%, Used: 56MB, UsedThreshold: 1536MB
[1,994s][debug  ][gc,nmethod  ] Register NMethod: java.lang.String.indexOf (0x00007f77ef211810) [0x00007f77ef2119a0, 0x00007f77ef211c58] Compiler: c2, Barriers: 1, Oops: 0, ImmediateOops: 0, NonImmediateOops: No
[1,994s][debug  ][gc,nmethod  ] Register NMethod: java.lang.invoke.MethodHandles$Lookup.checkSymbolicClass (0x00007f77cfc0d810) [0x00007f77cfc0d9e0, 0x00007f77cfc0dc60] Compiler: c1, Barriers: 0, Oops: 0, ImmediateOops: 1, NonImmediateOops: No
[1,994s][debug  ][gc,nmethod  ] Register NMethod: java.lang.invoke.MethodHandle.linkToStatic (0x00007f77ef211d90) [0x00007f77ef211f00, 0x00007f77ef211ff0] Compiler: , Barriers: 0, Oops: 0, ImmediateOops: 0, NonImmediateOops: No
[1,997s][debug  ][gc,nmethod  ] Register NMethod: java.lang.invoke.MethodHandleNatives.refKindIsField (0x00007f77cfc0dd90) [0x00007f77cfc0df20, 0x00007f77cfc0e070] Compiler: c1, Barriers: 0, Oops: 0, ImmediateOops: 0, NonImmediateOops: No
[1,997s][debug  ][gc,nmethod  ] Register NMethod: java.lang.reflect.Method.getDeclaringClass (0x00007f77ef212090) [0x00007f77ef212220, 0x00007f77ef212310] Compiler: c1, Barriers: 1, Oops: 0, ImmediateOops: 0, NonImmediateOops: No
[1,997s][debug  ][gc,nmethod  ] Register NMethod: jdk.internal.org.objectweb.asm.Label.<init> (0x00007f77cfc0e110) [0x00007f77cfc0e2a0, 0x00007f77cfc0e400] Compiler: c1, Barriers: 0, Oops: 0, ImmediateOops: 0, NonImmediateOops: No
[1,998s][debug  ][gc,nmethod  ] Register NMethod: java.lang.ClassLoader.definePackage (0x00007f77cfc0e490) [0x00007f77cfc0e7e0, 0x00007f77cfc0fea0] Compiler: c1, Barriers: 10, Oops: 2, ImmediateOops: 6, NonImmediateOops: No
[1,998s][debug  ][gc,nmethod  ] Register NMethod: java.lang.StringCoding.countPositives (0x00007f77ef212390) [0x00007f77ef212500, 0x00007f77ef212680] Compiler: c2, Barriers: 0, Oops: 0, ImmediateOops: 0, NonImmediateOops: No
[1,998s][debug  ][gc,nmethod  ] Register NMethod: jdk.internal.org.objectweb.asm.Frame.getLocal (0x00007f77cfc10510) [0x00007f77cfc106c0, 0x00007f77cfc10910] Compiler: c1, Barriers: 1, Oops: 0, ImmediateOops: 0, NonImmediateOops: No
[1,998s][debug  ][gc,nmethod  ] Register NMethod: jdk.internal.org.objectweb.asm.SymbolTable$Entry.<init> (0x00007f77cfc10a10) [0x00007f77cfc10bc0, 0x00007f77cfc10d18] Compiler: c1, Barriers: 0, Oops: 0, ImmediateOops: 0, NonImmediateOops: No
[1,999s][debug  ][gc,nmethod  ] Register NMethod: jdk.internal.org.objectweb.asm.Attribute.computeAttributesSize (0x00007f77cfc10e10) [0x00007f77cfc10fe0, 0x00007f77cfc112e8] Compiler: c1, Barriers: 0, Oops: 0, ImmediateOops: 3, NonImmediateOops: No
[1,999s][debug  ][gc,nmethod  ] Register NMethod: jdk.internal.org.objectweb.asm.AnnotationWriter.computeAnnotationsSize (0x00007f77cfc11490) [0x00007f77cfc11660, 0x00007f77cfc11980] Compiler: c1, Barriers: 0, Oops: 0, ImmediateOops: 4, NonImmediateOops: No
[1,999s][debug  ][gc,nmethod  ] Register NMethod: jdk.internal.org.objectweb.asm.SymbolTable.addConstantNameAndType (0x00007f77cfc11b10) [0x00007f77cfc11d80, 0x00007f77cfc125c8] Compiler: c1, Barriers: 6, Oops: 0, ImmediateOops: 0, NonImmediateOops: No
[1,999s][debug  ][gc,nmethod  ] Register NMethod: jdk.internal.org.objectweb.asm.Attribute.putAttributes (0x00007f77cfc12a10) [0x00007f77cfc12c60, 0x00007f77cfc131a8] Compiler: c1, Barriers: 0, Oops: 0, ImmediateOops: 3, NonImmediateOops: No
[2,000s][debug  ][gc,reloc    ] Synchronize all workers 1 _nworkers: 0 _nsynchronized: 0
[2,000s][debug  ][gc,reloc    ] Synchronize all workers 1 _nworkers: 0 _nsynchronized: 0
[2,000s][debug  ][gc,reloc    ] Desynchronize all workers _nworkers: 0 _nsynchronized: 0
[2,000s][debug  ][gc,reloc    ] Desynchronize all workers _nworkers: 0 _nsynchronized: 0
[2,002s][debug  ][gc,director ] Rule Major: Warmup 10%, Used: 56MB, UsedThreshold: 1536MB
[2,003s][debug  ][gc,nmethod  ] Register NMethod: java.util.concurrent.ConcurrentHashMap.putIfAbsent (0x00007f77ef212790) [0x00007f77ef212920, 0x00007f77ef2129c8] Compiler: c2, Barriers: 0, Oops: 0, ImmediateOops: 0, NonImmediateOops: No
[2,004s][debug  ][gc,nmethod  ] Register NMethod: sun.reflect.generics.parser.SignatureParser.advance (0x00007f77cfc13490) [0x00007f77cfc13640, 0x00007f77cfc138f8] Compiler: c1, Barriers: 2, Oops: 0, ImmediateOops: 0, NonImmediateOops: No
[2,005s][debug  ][gc,nmethod  ] Register NMethod: sun.reflect.generics.parser.SignatureParser.current (0x00007f77cfc13a10) [0x00007f77cfc13c20, 0x00007f77cfc14378] Compiler: c1, Barriers: 2, Oops: 1, ImmediateOops: 2, NonImmediateOops: No
[2,006s][debug  ][gc,nmethod  ] Register NMethod: java.lang.invoke.MethodHandle.linkToSpecial (0x00007f77ef212a90) [0x00007f77ef212c00, 0x00007f77ef212cf8] Compiler: , Barriers: 0, Oops: 0, ImmediateOops: 0, NonImmediateOops: No
[2,006s][debug  ][gc,nmethod  ] Register NMethod: java.lang.invoke.MethodHandle.linkToSpecial (0x00007f77ef212d90) [0x00007f77ef212f00, 0x00007f77ef212ff8] Compiler: , Barriers: 0, Oops: 0, ImmediateOops: 0, NonImmediateOops: No
[2,007s][debug  ][gc,nmethod  ] Register NMethod: java.lang.invoke.LambdaForm$NamedFunction.returnType (0x00007f77cfc14690) [0x00007f77cfc148a0, 0x00007f77cfc14f18] Compiler: c1, Barriers: 8, Oops: 0, ImmediateOops: 0, NonImmediateOops: No
[2,007s][debug  ][gc,nmethod  ] Register NMethod: java.lang.invoke.MethodHandle.linkToStatic (0x00007f77ef213090) [0x00007f77ef213200, 0x00007f77ef2132f8] Compiler: , Barriers: 0, Oops: 0, ImmediateOops: 0, NonImmediateOops: No
[2,008s][debug  ][gc,nmethod  ] Register NMethod: jdk.internal.org.objectweb.asm.MethodWriter.visitLabel (0x00007f77cfc15190) [0x00007f77cfc15480, 0x00007f77cfc165d8] Compiler: c1, Barriers: 53, Oops: 0, ImmediateOops: 0, NonImmediateOops: No
[2,008s][debug  ][gc,nmethod  ] Register NMethod: java.lang.invoke.MethodHandle.invokeBasic (0x00007f77ef213390) [0x00007f77ef213520, 0x00007f77ef2137b8] Compiler: , Barriers: 0, Oops: 0, ImmediateOops: 0, NonImmediateOops: No
[2,008s][debug  ][gc,nmethod  ] Register NMethod: sun.invoke.util.Wrapper.stackSlots (0x00007f77cfc16810) [0x00007f77cfc169a0, 0x00007f77cfc16aa8] Compiler: c1, Barriers: 0, Oops: 0, ImmediateOops: 0, NonImmediateOops: No
[2,008s][debug  ][gc,nmethod  ] Register NMethod: java.lang.invoke.LambdaForm$BasicType.basicTypeSlots (0x00007f77cfc16b10) [0x00007f77cfc16cc0, 0x00007f77cfc16e60] Compiler: c1, Barriers: 1, Oops: 0, ImmediateOops: 0, NonImmediateOops: No
[2,008s][debug  ][gc,nmethod  ] Register NMethod: java.lang.invoke.InvokerBytecodeGenerator.emitImplicitConversion (0x00007f77cfc16f10) [0x00007f77cfc17240, 0x00007f77cfc180e8] Compiler: c1, Barriers: 3, Oops: 2, ImmediateOops: 8, NonImmediateOops: No
[2,008s][debug  ][gc,nmethod  ] Register NMethod: java.lang.invoke.InvokerBytecodeGenerator.emitLoadInsn (0x00007f77cfc18610) [0x00007f77cfc187e0, 0x00007f77cfc18a88] Compiler: c1, Barriers: 2, Oops: 0, ImmediateOops: 0, NonImmediateOops: No
[2,009s][debug  ][gc,nmethod  ] Register NMethod: java.lang.invoke.LambdaForm$Name.isParam (0x00007f77cfc18c10) [0x00007f77cfc18da0, 0x00007f77cfc18f38] Compiler: c1, Barriers: 1, Oops: 0, ImmediateOops: 0, NonImmediateOops: No
[2,009s][debug  ][gc,nmethod  ] Register NMethod: java.lang.invoke.DirectMethodHandle.internalMemberName (0x00007f77ef213810) [0x00007f77ef2139a0, 0x00007f77ef213a90] Compiler: c1, Barriers: 1, Oops: 0, ImmediateOops: 0, NonImmediateOops: No
[2,009s][debug  ][gc,nmethod  ] Register NMethod: java.lang.invoke.InvokerBytecodeGenerator.loadInsnOpcode (0x00007f77cfc19010) [0x00007f77cfc19280, 0x00007f77cfc19c10] Compiler: c1, Barriers: 1, Oops: 1, ImmediateOops: 3, NonImmediateOops: No
[2,009s][debug  ][gc,nmethod  ] Register NMethod: java.lang.invoke.InvokerBytecodeGenerator.emitPushArgument (0x00007f77cfc19f10) [0x00007f77cfc1a200, 0x00007f77cfc1b0b8] Compiler: c1, Barriers: 7, Oops: 0, ImmediateOops: 5, NonImmediateOops: No
[2,009s][debug  ][gc,nmethod  ] Register NMethod: java.lang.Class.cast (0x00007f77cfc1b410) [0x00007f77cfc1b5e0, 0x00007f77cfc1b8a8] Compiler: c1, Barriers: 0, Oops: 0, ImmediateOops: 0, NonImmediateOops: No
[2,009s][debug  ][gc,nmethod  ] Register NMethod: java.lang.invoke.MethodHandle.isBuiltinLoader (0x00007f77cfc1b990) [0x00007f77cfc1bb40, 0x00007f77cfc1bdc0] Compiler: c1, Barriers: 0, Oops: 0, ImmediateOops: 2, NonImmediateOops: No
[2,010s][debug  ][gc,nmethod  ] Register NMethod: java.util.zip.ZipFile$CleanableResource.getInflater (0x00007f77cfc1be90) [0x00007f77cfc1c080, 0x00007f77cfc1c5d0] Compiler: c1, Barriers: 2, Oops: 0, ImmediateOops: 0, NonImmediateOops: No
[2,010s][debug  ][gc,nmethod  ] Register NMethod: java.util.zip.ZipFile$ZipFileInflaterInputStream.<init> (0x00007f77cfc1c790) [0x00007f77cfc1c980, 0x00007f77cfc1ce80] Compiler: c1, Barriers: 12, Oops: 1, ImmediateOops: 1, NonImmediateOops: No
[2,011s][debug  ][gc,nmethod  ] Register NMethod: sun.net.www.protocol.jar.Handler.indexOfBangSlash (0x00007f77cfc1d010) [0x00007f77cfc1d280, 0x00007f77cfc1de20] Compiler: c1, Barriers: 4, Oops: 1, ImmediateOops: 2, NonImmediateOops: No
[2,011s][debug  ][gc,nmethod  ] Register NMethod: sun.net.www.protocol.jar.Handler.parseURL (0x00007f77cfc1e210) [0x00007f77cfc1e4c0, 0x00007f77cfc1ef60] Compiler: c1, Barriers: 3, Oops: 0, ImmediateOops: 3, NonImmediateOops: No
[2,011s][debug  ][gc,nmethod  ] Register NMethod: sun.net.www.protocol.jar.Handler.canonicalizeString (0x00007f77cfc1f390) [0x00007f77cfc1f680, 0x00007f77cfc20508] Compiler: c1, Barriers: 4, Oops: 1, ImmediateOops: 3, NonImmediateOops: No
[2,012s][debug  ][gc,nmethod  ] Register NMethod: java.util.zip.CRC32.<init> (0x00007f77cfc20b10) [0x00007f77cfc20ca0, 0x00007f77cfc20e00] Compiler: c1, Barriers: 0, Oops: 0, ImmediateOops: 0, NonImmediateOops: No
[2,012s][debug  ][gc,nmethod  ] Register NMethod: java.util.zip.CRC32.getValue (0x00007f77cfc20e90) [0x00007f77cfc21020, 0x00007f77cfc21138] Compiler: c1, Barriers: 0, Oops: 0, ImmediateOops: 0, NonImmediateOops: No
[2,012s][debug  ][gc,nmethod  ] Register NMethod: sun.net.www.protocol.jar.Handler.parseContextSpec (0x00007f77cfc21210) [0x00007f77cfc21680, 0x00007f77cfc23208] Compiler: c1, Barriers: 5, Oops: 3, ImmediateOops: 6, NonImmediateOops: No
[2,012s][debug  ][gc,nmethod  ] Register NMethod: java.security.SecureClassLoader.getProtectionDomain (0x00007f77cfc23c90) [0x00007f77cfc23ea0, 0x00007f77cfc24550] Compiler: c1, Barriers: 7, Oops: 0, ImmediateOops: 0, NonImmediateOops: No
[2,012s][debug  ][gc,nmethod  ] Register NMethod: java.security.SecureClassLoader$CodeSourceKey.<init> (0x00007f77cfc24790) [0x00007f77cfc24940, 0x00007f77cfc24b78] Compiler: c1, Barriers: 3, Oops: 0, ImmediateOops: 0, NonImmediateOops: No
[2,012s][debug  ][gc,director ] Rule Major: Warmup 10%, Used: 58MB, UsedThreshold: 1536MB
[2,012s][debug  ][gc,nmethod  ] Register NMethod: java.security.SecureClassLoader$1.<init> (0x00007f77cfc24c90) [0x00007f77cfc24e40, 0x00007f77cfc25018] Compiler: c1, Barriers: 3, Oops: 0, ImmediateOops: 0, NonImmediateOops: No
[2,013s][debug  ][gc,nmethod  ] Register NMethod: java.security.SecureClassLoader$CodeSourceKey.hashCode (0x00007f77cfc25110) [0x00007f77cfc252c0, 0x00007f77cfc25518] Compiler: c1, Barriers: 2, Oops: 0, ImmediateOops: 0, NonImmediateOops: No
[2,013s][debug  ][gc,nmethod  ] Register NMethod: java.lang.ClassLoader.postDefineClass (0x00007f77cfc25610) [0x00007f77cfc25800, 0x00007f77cfc25b98] Compiler: c1, Barriers: 2, Oops: 0, ImmediateOops: 0, NonImmediateOops: No
[2,013s][debug  ][gc,nmethod  ] Register NMethod: java.net.URLStreamHandler.setURL (0x00007f77cfc25d10) [0x00007f77cfc260a0, 0x00007f77cfc27638] Compiler: c1, Barriers: 5, Oops: 1, ImmediateOops: 1, NonImmediateOops: No
[2,013s][debug  ][gc,nmethod  ] Register NMethod: jdk.internal.loader.Resource.getBytes (0x00007f77cfc27f10) [0x00007f77cfc28260, 0x00007f77cfc29ba8] Compiler: c1, Barriers: 14, Oops: 0, ImmediateOops: 1, NonImmediateOops: No
[2,014s][debug  ][gc,nmethod  ] Register NMethod: java.lang.ClassLoader.preDefineClass (0x00007f77cfc2a610) [0x00007f77cfc2a980, 0x00007f77cfc2bbd0] Compiler: c1, Barriers: 3, Oops: 3, ImmediateOops: 4, NonImmediateOops: No
[2,014s][debug  ][gc,nmethod  ] Register NMethod: java.lang.ClassLoader.defineClassSourceLocation (0x00007f77cfc2c310) [0x00007f77cfc2c4e0, 0x00007f77cfc2c8e0] Compiler: c1, Barriers: 3, Oops: 0, ImmediateOops: 0, NonImmediateOops: No
[2,014s][debug  ][gc,nmethod  ] Register NMethod: java.lang.ClassLoader.checkCerts (0x00007f77cfc2ca90) [0x00007f77cfc2cda0, 0x00007f77cfc2dbf0] Compiler: c1, Barriers: 2, Oops: 2, ImmediateOops: 4, NonImmediateOops: No
[2,014s][debug  ][gc,nmethod  ] Register NMethod: java.util.jar.JarFile$JarFileEntry.getCodeSigners (0x00007f77cfc2e190) [0x00007f77cfc2e3e0, 0x00007f77cfc2ed50] Compiler: c1, Barriers: 10, Oops: 0, ImmediateOops: 0, NonImmediateOops: No
[2,014s][debug  ][gc,nmethod  ] Register NMethod: java.lang.ClassLoader.defineClass (0x00007f77cfc2f010) [0x00007f77cfc2f220, 0x00007f77cfc2f7c0] Compiler: c1, Barriers: 3, Oops: 0, ImmediateOops: 0, NonImmediateOops: No
[2,014s][debug  ][gc,nmethod  ] Register NMethod: jdk.internal.loader.URLClassPath$JarLoader$2.getContentLength (0x00007f77cfc2fa10) [0x00007f77cfc2fba0, 0x00007f77cfc2fd70] Compiler: c1, Barriers: 1, Oops: 0, ImmediateOops: 0, NonImmediateOops: No
[2,014s][debug  ][gc,nmethod  ] Register NMethod: java.lang.ClassLoader.getNamedPackage (0x00007f77cfc2fe10) [0x00007f77cfc30000, 0x00007f77cfc30590] Compiler: c1, Barriers: 2, Oops: 0, ImmediateOops: 0, NonImmediateOops: No
[2,015s][debug  ][gc,nmethod  ] Register NMethod: java.lang.StringLatin1.getChar (0x00007f77cfc30790) [0x00007f77cfc30920, 0x00007f77cfc30a38] Compiler: c1, Barriers: 0, Oops: 0, ImmediateOops: 0, NonImmediateOops: No
[2,016s][debug  ][gc,nmethod  ] Register NMethod: java.security.CodeSource.<init> (0x00007f77cfc30b10) [0x00007f77cfc30d20, 0x00007f77cfc31370] Compiler: c1, Barriers: 18, Oops: 0, ImmediateOops: 0, NonImmediateOops: No
[2,016s][debug  ][gc,nmethod  ] Register NMethod: java.security.SecureClassLoader.defineClass (0x00007f77cfc31490) [0x00007f77cfc31640, 0x00007f77cfc317e8] Compiler: c1, Barriers: 0, Oops: 0, ImmediateOops: 0, NonImmediateOops: No
[2,016s][debug  ][gc,nmethod  ] Register NMethod: java.util.jar.JarFile.ensureInitialization (0x00007f77cfc31910) [0x00007f77cfc31b60, 0x00007f77cfc323b0] Compiler: c1, Barriers: 4, Oops: 0, ImmediateOops: 0, NonImmediateOops: No
[2,016s][debug  ][gc,nmethod  ] Register NMethod: jdk.internal.loader.URLClassPath$JarLoader$2.getBytes (0x00007f77cfc32690) [0x00007f77cfc328a0, 0x00007f77cfc32fc0] Compiler: c1, Barriers: 4, Oops: 0, ImmediateOops: 1, NonImmediateOops: No
[2,017s][debug  ][gc,nmethod  ] Register NMethod: java.security.CodeSource.matchCerts (0x00007f77cfc33210) [0x00007f77cfc334e0, 0x00007f77cfc343a0] Compiler: c1, Barriers: 17, Oops: 0, ImmediateOops: 0, NonImmediateOops: No
[2,018s][debug  ][gc,nmethod  ] Register NMethod: jdk.internal.org.objectweb.asm.MethodWriter.visitAbstractType (0x00007f77cfc34790) [0x00007f77cfc34920, 0x00007f77cfc34a88] Compiler: c1, Barriers: 1, Oops: 0, ImmediateOops: 0, NonImmediateOops: No
[2,019s][debug  ][gc,nmethod  ] Register NMethod: jdk.internal.org.objectweb.asm.Frame.merge (0x00007f77cfc34b90) [0x00007f77cfc34dc0, 0x00007f77cfc35738] Compiler: c1, Barriers: 0, Oops: 0, ImmediateOops: 2, NonImmediateOops: No
[2,019s][debug  ][gc,nmethod  ] Register NMethod: java.net.URLClassLoader.isSealed (0x00007f77cfc35910) [0x00007f77cfc35d80, 0x00007f77cfc37b60] Compiler: c1, Barriers: 6, Oops: 3, ImmediateOops: 20, NonImmediateOops: No
[2,019s][debug  ][gc,nmethod  ] Register NMethod: jdk.internal.org.objectweb.asm.Frame.pop (0x00007f77cfc38710) [0x00007f77cfc38960, 0x00007f77cfc39150] Compiler: c1, Barriers: 2, Oops: 1, ImmediateOops: 2, NonImmediateOops: No
[2,019s][debug  ][gc,nmethod  ] Register NMethod: jdk.internal.org.objectweb.asm.Type.getReturnTypeOffset (0x00007f77cfc39490) [0x00007f77cfc397a0, 0x00007f77cfc3aa80] Compiler: c1, Barriers: 6, Oops: 1, ImmediateOops: 6, NonImmediateOops: No
[2,019s][debug  ][gc,nmethod  ] Register NMethod: jdk.internal.org.objectweb.asm.MethodWriter.visitTypeInsn (0x00007f77cfc3b190) [0x00007f77cfc3b3a0, 0x00007f77cfc3b8f8] Compiler: c1, Barriers: 6, Oops: 0, ImmediateOops: 0, NonImmediateOops: No
[2,022s][debug  ][gc,director ] Rule Major: Warmup 10%, Used: 58MB, UsedThreshold: 1536MB
[2,033s][debug  ][gc,director ] Rule Major: Warmup 10%, Used: 58MB, UsedThreshold: 1536MB
[2,033s][debug  ][gc,nmethod  ] Register NMethod: java.lang.invoke.MethodHandle.linkToInterface (0x00007f77ef213b10) [0x00007f77ef213c80, 0x00007f77ef213db8] Compiler: , Barriers: 0, Oops: 0, ImmediateOops: 0, NonImmediateOops: No
[2,033s][debug  ][gc,nmethod  ] Register NMethod: java.lang.invoke.MethodHandle.invokeBasic (0x00007f77ef213e10) [0x00007f77ef213fa0, 0x00007f77ef214238] Compiler: , Barriers: 0, Oops: 0, ImmediateOops: 0, NonImmediateOops: No
[2,034s][debug  ][gc,nmethod  ] Register NMethod: java.util.Arrays.copyOf (0x00007f77cfc3bb10) [0x00007f77cfc3bcc0, 0x00007f77cfc3be30] Compiler: c1, Barriers: 1, Oops: 0, ImmediateOops: 0, NonImmediateOops: No
[2,034s][debug  ][gc,nmethod  ] Register NMethod: java.util.jar.Attributes.put (0x00007f77cfc3bf10) [0x00007f77cfc3c0c0, 0x00007f77cfc3c468] Compiler: c1, Barriers: 1, Oops: 0, ImmediateOops: 0, NonImmediateOops: No
[2,034s][debug  ][gc,nmethod  ] Register NMethod: java.util.jar.Attributes.putValue (0x00007f77cfc3c590) [0x00007f77cfc3c7c0, 0x00007f77cfc3cfe0] Compiler: c1, Barriers: 4, Oops: 0, ImmediateOops: 1, NonImmediateOops: No
[2,034s][debug  ][gc,nmethod  ] Register NMethod: java.util.jar.Attributes$Name.of (0x00007f77cfc3d290) [0x00007f77cfc3d4a0, 0x00007f77cfc3da60] Compiler: c1, Barriers: 4, Oops: 1, ImmediateOops: 3, NonImmediateOops: No
[2,034s][debug  ][gc,nmethod  ] Register NMethod: jdk.internal.org.objectweb.asm.ByteVector.put11 (0x00007f77cfc3dc90) [0x00007f77cfc3de40, 0x00007f77cfc3e0a8] Compiler: c1, Barriers: 2, Oops: 0, ImmediateOops: 0, NonImmediateOops: No
[2,034s][debug  ][gc,nmethod  ] Register NMethod: java.lang.invoke.InvokerBytecodeGenerator.getInternalName (0x00007f77cfc3e210) [0x00007f77cfc3e440, 0x00007f77cfc3ea50] Compiler: c1, Barriers: 9, Oops: 0, ImmediateOops: 8, NonImmediateOops: No
[2,034s][debug  ][gc,nmethod  ] Register NMethod: java.lang.invoke.DirectMethodHandle.internalMemberName (0x00007f77cfc3eb90) [0x00007f77cfc3ed40, 0x00007f77cfc3ef38] Compiler: c1, Barriers: 1, Oops: 0, ImmediateOops: 0, NonImmediateOops: No
[2,037s][debug  ][gc,nmethod  ] Register NMethod: java.lang.ThreadLocal.getMap (0x00007f77cfc3f010) [0x00007f77cfc3f1a0, 0x00007f77cfc3f2d8] Compiler: c1, Barriers: 1, Oops: 0, ImmediateOops: 0, NonImmediateOops: No
[2,037s][debug  ][gc,nmethod  ] Register NMethod: java.util.concurrent.locks.AbstractQueuedSynchronizer.compareAndSetState (0x00007f77ef214290) [0x00007f77ef214400, 0x00007f77ef214488] Compiler: c2, Barriers: 0, Oops: 0, ImmediateOops: 0, NonImmediateOops: No
[2,038s][debug  ][gc,nmethod  ] Register NMethod: java.util.zip.ZipFile.ensureOpen (0x00007f77ef214590) [0x00007f77ef214720, 0x00007f77ef214860] Compiler: c2, Barriers: 2, Oops: 0, ImmediateOops: 0, NonImmediateOops: No
[2,039s][debug  ][gc,nmethod  ] Register NMethod: java.util.concurrent.locks.ReentrantLock.unlock (0x00007f77ef214910) [0x00007f77ef214b00, 0x00007f77ef214ee0] Compiler: c2, Barriers: 8, Oops: 0, ImmediateOops: 0, NonImmediateOops: No
[2,043s][debug  ][gc,director ] Rule Major: Warmup 10%, Used: 58MB, UsedThreshold: 1536MB
[2,044s][debug  ][gc,nmethod  ] Register NMethod: java.lang.StringCoding.countPositives (0x00007f77ef215090) [0x00007f77ef215220, 0x00007f77ef215458] Compiler: c2, Barriers: 0, Oops: 0, ImmediateOops: 0, NonImmediateOops: No
[2,046s][debug  ][gc,nmethod  ] Register NMethod: java.lang.String.startsWith (0x00007f77ef215590) [0x00007f77ef215740, 0x00007f77ef215af8] Compiler: c2, Barriers: 2, Oops: 0, ImmediateOops: 0, NonImmediateOops: No
[2,047s][debug  ][gc,nmethod  ] Register NMethod: java.lang.invoke.MemberName.isCallerSensitive (0x00007f77cfc3f390) [0x00007f77cfc3f520, 0x00007f77cfc3f6f0] Compiler: c1, Barriers: 0, Oops: 0, ImmediateOops: 0, NonImmediateOops: No
[2,047s][debug  ][gc,nmethod  ] Register NMethod: java.lang.Class.getModifiers (0x00007f77ef215d90) [0x00007f77ef215f20, 0x00007f77ef2160e8] Compiler: , Barriers: 0, Oops: 0, ImmediateOops: 0, NonImmediateOops: No
[2,048s][debug  ][gc,nmethod  ] Register NMethod: java.util.Optional.empty (0x00007f77cfc3f790) [0x00007f77cfc3f920, 0x00007f77cfc3fa10] Compiler: c1, Barriers: 0, Oops: 0, ImmediateOops: 1, NonImmediateOops: No
[2,048s][debug  ][gc,nmethod  ] Register NMethod: jdk.internal.jimage.ImageStringsReader.hashCode (0x00007f77cfc3fa90) [0x00007f77cfc3fc40, 0x00007f77cfc3fdb0] Compiler: c1, Barriers: 0, Oops: 0, ImmediateOops: 0, NonImmediateOops: No
[2,048s][debug  ][gc,nmethod  ] Register NMethod: jdk.internal.module.SystemModuleFinders$SystemImage.reader (0x00007f77cfc3fe90) [0x00007f77cfc40020, 0x00007f77cfc40110] Compiler: c1, Barriers: 0, Oops: 0, ImmediateOops: 1, NonImmediateOops: No
[2,048s][debug  ][gc,nmethod  ] Register NMethod: jdk.internal.jimage.ImageReader.requireOpen (0x00007f77cfc40190) [0x00007f77cfc40340, 0x00007f77cfc40560] Compiler: c1, Barriers: 0, Oops: 0, ImmediateOops: 1, NonImmediateOops: No
[2,048s][debug  ][gc,nmethod  ] Register NMethod: jdk.internal.loader.BuiltinClassLoader.moduleReaderFor (0x00007f77cfc40690) [0x00007f77cfc40880, 0x00007f77cfc40f48] Compiler: c1, Barriers: 5, Oops: 0, ImmediateOops: 0, NonImmediateOops: No
[2,048s][debug  ][gc,nmethod  ] Register NMethod: jdk.internal.jimage.ImageStringsReader.hashCode (0x00007f77cfc41110) [0x00007f77cfc412c0, 0x00007f77cfc41480] Compiler: c1, Barriers: 0, Oops: 0, ImmediateOops: 0, NonImmediateOops: No
[2,048s][debug  ][gc,nmethod  ] Register NMethod: java.util.jar.JarFile.checkForSpecialAttributes (0x00007f77ef216110) [0x00007f77ef216360, 0x00007f77ef216d48] Compiler: c2, Barriers: 11, Oops: 0, ImmediateOops: 7, NonImmediateOops: No
[2,049s][debug  ][gc,nmethod  ] Register NMethod: jdk.internal.jimage.BasicImageReader.getLocationIndex (0x00007f77cfc41590) [0x00007f77cfc417a0, 0x00007f77cfc41c90] Compiler: c1, Barriers: 2, Oops: 0, ImmediateOops: 0, NonImmediateOops: No
[2,049s][debug  ][gc,nmethod  ] Register NMethod: jdk.internal.module.SystemModuleFinders$SystemModuleReader.find (0x00007f77cfc41e90) [0x00007f77cfc42160, 0x00007f77cfc42d48] Compiler: c1, Barriers: 5, Oops: 2, ImmediateOops: 3, NonImmediateOops: No
[2,049s][debug  ][gc,nmethod  ] Register NMethod: java.util.HashMap.getNode (0x00007f77ef217210) [0x00007f77ef2173e0, 0x00007f77ef217868] Compiler: c2, Barriers: 6, Oops: 0, ImmediateOops: 0, NonImmediateOops: No
[2,050s][debug  ][gc,nmethod  ] Register NMethod: jdk.internal.util.ArraysSupport.mismatch (0x00007f77ef217b10) [0x00007f77ef217ca0, 0x00007f77ef217f30] Compiler: c2, Barriers: 0, Oops: 0, ImmediateOops: 0, NonImmediateOops: No
[2,052s][debug  ][gc,nmethod  ] Register NMethod: java.nio.Buffer.hasRemaining (0x00007f77cfc43210) [0x00007f77cfc433a0, 0x00007f77cfc43508] Compiler: c1, Barriers: 0, Oops: 0, ImmediateOops: 0, NonImmediateOops: No
[2,053s][debug  ][gc,director ] Rule Major: Warmup 10%, Used: 60MB, UsedThreshold: 1536MB
[2,053s][debug  ][gc,nmethod  ] Register NMethod: java.util.HashMap.get (0x00007f77ef218110) [0x00007f77ef218300, 0x00007f77ef2187d0] Compiler: c2, Barriers: 7, Oops: 0, ImmediateOops: 0, NonImmediateOops: No
[2,054s][debug  ][gc,nmethod  ] Register NMethod: java.util.jar.JarFile.getJarEntry (0x00007f77cfc43590) [0x00007f77cfc43740, 0x00007f77cfc43898] Compiler: c1, Barriers: 0, Oops: 0, ImmediateOops: 0, NonImmediateOops: No
[2,054s][debug  ][gc,nmethod  ] Register NMethod: jdk.internal.loader.URLClassPath$JarLoader.getResource (0x00007f77cfc43990) [0x00007f77cfc43b80, 0x00007f77cfc43eb0] Compiler: c1, Barriers: 1, Oops: 0, ImmediateOops: 0, NonImmediateOops: No
[2,054s][debug  ][gc,nmethod  ] Register NMethod: jdk.internal.misc.Unsafe.checkPrimitivePointer (0x00007f77cfc44090) [0x00007f77cfc442a0, 0x00007f77cfc44918] Compiler: c1, Barriers: 2, Oops: 0, ImmediateOops: 0, NonImmediateOops: No
[2,054s][debug  ][gc,nmethod  ] Register NMethod: java.lang.String.isLatin1 (0x00007f77ef218a90) [0x00007f77ef218c00, 0x00007f77ef218c80] Compiler: c2, Barriers: 0, Oops: 0, ImmediateOops: 0, NonImmediateOops: No
[2,054s][debug  ][gc,nmethod  ] Register NMethod: jdk.internal.misc.Unsafe.checkPointer (0x00007f77cfc44b90) [0x00007f77cfc44d60, 0x00007f77cfc45100] Compiler: c1, Barriers: 0, Oops: 0, ImmediateOops: 0, NonImmediateOops: No
[2,054s][debug  ][gc,nmethod  ] Register NMethod: java.util.jar.JarFile.isMultiRelease (0x00007f77ef218d90) [0x00007f77ef218f20, 0x00007f77ef219000] Compiler: c2, Barriers: 0, Oops: 0, ImmediateOops: 0, NonImmediateOops: No
[2,055s][debug  ][gc,nmethod  ] Register NMethod: java.io.File.exists (0x00007f77cfc45290) [0x00007f77cfc45460, 0x00007f77cfc45738] Compiler: c1, Barriers: 0, Oops: 0, ImmediateOops: 1, NonImmediateOops: No
[2,058s][debug  ][gc,nmethod  ] Register NMethod: jdk.internal.misc.Unsafe.allocateInstance (0x00007f77ef219090) [0x00007f77ef219240, 0x00007f77ef2195f0] Compiler: , Barriers: 0, Oops: 0, ImmediateOops: 0, NonImmediateOops: No
[2,060s][debug  ][gc,nmethod  ] Register NMethod: java.util.jar.JarFile.maybeInstantiateVerifier (0x00007f77cfc45890) [0x00007f77cfc45a60, 0x00007f77cfc45e08] Compiler: c1, Barriers: 1, Oops: 0, ImmediateOops: 1, NonImmediateOops: No
[2,061s][debug  ][gc,nmethod  ] Register NMethod: java.util.jar.JarFile.getInputStream (0x00007f77cfc45f10) [0x00007f77cfc46180, 0x00007f77cfc46a18] Compiler: c1, Barriers: 3, Oops: 1, ImmediateOops: 1, NonImmediateOops: No
[2,061s][debug  ][gc,nmethod  ] Register NMethod: jdk.internal.loader.URLClassPath$JarLoader$2.getInputStream (0x00007f77cfc46c90) [0x00007f77cfc46e40, 0x00007f77cfc470a0] Compiler: c1, Barriers: 3, Oops: 0, ImmediateOops: 0, NonImmediateOops: No
[2,061s][debug  ][gc,nmethod  ] Register NMethod: jdk.internal.loader.Resource.cachedInputStream (0x00007f77cfc47190) [0x00007f77cfc47360, 0x00007f77cfc47808] Compiler: c1, Barriers: 8, Oops: 0, ImmediateOops: 0, NonImmediateOops: No
[2,062s][debug  ][gc,nmethod  ] Register NMethod: java.util.jar.JavaUtilJarAccessImpl.entryFor (0x00007f77cfc47990) [0x00007f77cfc47b60, 0x00007f77cfc47fc0] Compiler: c1, Barriers: 6, Oops: 0, ImmediateOops: 0, NonImmediateOops: No
[2,063s][debug  ][gc,nmethod  ] Register NMethod: jdk.internal.loader.Resource.getBytes (0x00007f77cfc48190) [0x00007f77cfc484e0, 0x00007f77cfc49e88] Compiler: c1, Barriers: 14, Oops: 0, ImmediateOops: 1, NonImmediateOops: No
[2,063s][debug  ][gc,director ] Rule Major: Warmup 10%, Used: 60MB, UsedThreshold: 1536MB
[2,063s][debug  ][gc,nmethod  ] Register NMethod: java.util.jar.JarFile$JarFileEntry.getCodeSigners (0x00007f77cfc4a910) [0x00007f77cfc4ab60, 0x00007f77cfc4b4d0] Compiler: c1, Barriers: 10, Oops: 0, ImmediateOops: 0, NonImmediateOops: No
[2,063s][debug  ][gc,nmethod  ] Register NMethod: jdk.internal.org.objectweb.asm.MethodVisitor.<init> (0x00007f77cfc4b790) [0x00007f77cfc4b940, 0x00007f77cfc4ba88] Compiler: c1, Barriers: 0, Oops: 0, ImmediateOops: 0, NonImmediateOops: No
[2,064s][debug  ][gc,nmethod  ] Register NMethod: jdk.internal.org.objectweb.asm.ClassWriter.visitMethod (0x00007f77cfc4bb10) [0x00007f77cfc4bce0, 0x00007f77cfc4c128] Compiler: c1, Barriers: 12, Oops: 0, ImmediateOops: 0, NonImmediateOops: No
[2,064s][debug  ][gc,nmethod  ] Register NMethod: jdk.internal.org.objectweb.asm.MethodWriter.visitEnd (0x00007f77cfc4c290) [0x00007f77cfc4c420, 0x00007f77cfc4c528] Compiler: c1, Barriers: 0, Oops: 0, ImmediateOops: 0, NonImmediateOops: No
[2,064s][debug  ][gc,nmethod  ] Register NMethod: sun.net.www.ParseUtil.firstEncodeIndex (0x00007f77ef219610) [0x00007f77ef2197c0, 0x00007f77ef219a60] Compiler: c2, Barriers: 1, Oops: 1, ImmediateOops: 0, NonImmediateOops: No
[2,064s][debug  ][gc,nmethod  ] Register NMethod: jdk.internal.org.objectweb.asm.MethodWriter.visitMaxs (0x00007f77cfc4c590) [0x00007f77cfc4c760, 0x00007f77cfc4ca30] Compiler: c1, Barriers: 0, Oops: 0, ImmediateOops: 0, NonImmediateOops: No
[2,064s][debug  ][gc,nmethod  ] Register NMethod: jdk.internal.org.objectweb.asm.MethodWriter.hasFrames (0x00007f77cfc4cb10) [0x00007f77cfc4cca0, 0x00007f77cfc4ce08] Compiler: c1, Barriers: 0, Oops: 0, ImmediateOops: 0, NonImmediateOops: No
[2,064s][debug  ][gc,nmethod  ] Register NMethod: jdk.internal.org.objectweb.asm.MethodWriter.<init> (0x00007f77cfc4ce90) [0x00007f77cfc4d160, 0x00007f77cfc4e050] Compiler: c1, Barriers: 26, Oops: 0, ImmediateOops: 1, NonImmediateOops: No
[2,065s][debug  ][gc,nmethod  ] Register NMethod: java.util.zip.ZipCoder.hash (0x00007f77ef219c90) [0x00007f77ef219e40, 0x00007f77ef21a0e0] Compiler: c2, Barriers: 2, Oops: 1, ImmediateOops: 0, NonImmediateOops: No
[2,065s][debug  ][gc,nmethod  ] Register NMethod: java.lang.invoke.MethodHandle.linkToStatic (0x00007f77ef21a310) [0x00007f77ef21a480, 0x00007f77ef21a570] Compiler: , Barriers: 0, Oops: 0, ImmediateOops: 0, NonImmediateOops: No
[2,066s][debug  ][gc,nmethod  ] Register NMethod: jdk.internal.org.objectweb.asm.MethodWriter.computeMethodInfoSize (0x00007f77cfc4e510) [0x00007f77cfc4e8e0, 0x00007f77cfc50108] Compiler: c1, Barriers: 43, Oops: 0, ImmediateOops: 13, NonImmediateOops: No
[2,066s][debug  ][gc,nmethod  ] Register NMethod: java.util.jar.JarFile.getEntry (0x00007f77ef21a610) [0x00007f77ef21a8a0, 0x00007f77ef21b520] Compiler: c2, Barriers: 8, Oops: 3, ImmediateOops: 1, NonImmediateOops: No
[2,067s][debug  ][gc,nmethod  ] Register NMethod: java.lang.invoke.DirectMethodHandle.maybeCompile (0x00007f77cfc50790) [0x00007f77cfc50960, 0x00007f77cfc50bd8] Compiler: c1, Barriers: 2, Oops: 0, ImmediateOops: 1, NonImmediateOops: No
[2,067s][debug  ][gc,nmethod  ] Register NMethod: java.lang.invoke.MethodHandles$Lookup.checkSecurityManager (0x00007f77cfc50d10) [0x00007f77cfc50f00, 0x00007f77cfc51408] Compiler: c1, Barriers: 0, Oops: 0, ImmediateOops: 0, NonImmediateOops: No
[2,067s][debug  ][gc,nmethod  ] Register NMethod: java.util.logging.LogManager$LoggerContext.getOwner (0x00007f77ef21be90) [0x00007f77ef21c020, 0x00007f77ef21c110] Compiler: c1, Barriers: 1, Oops: 0, ImmediateOops: 0, NonImmediateOops: No
[2,069s][debug  ][gc,nmethod  ] Register NMethod: java.lang.invoke.MemberName.getReferenceKind (0x00007f77ef21c190) [0x00007f77ef21c300, 0x00007f77ef21c380] Compiler: c2, Barriers: 0, Oops: 0, ImmediateOops: 0, NonImmediateOops: No
[2,069s][debug  ][gc,nmethod  ] Register NMethod: jdk.internal.jimage.ImageReader.verifyLocation (0x00007f77cfc51610) [0x00007f77cfc517e0, 0x00007f77cfc51b58] Compiler: c1, Barriers: 1, Oops: 0, ImmediateOops: 1, NonImmediateOops: No
[2,069s][debug  ][gc,nmethod  ] Register NMethod: jdk.internal.jimage.BasicImageReader.verifyLocation (0x00007f77cfc51c90) [0x00007f77cfc51e60, 0x00007f77cfc521c8] Compiler: c1, Barriers: 3, Oops: 0, ImmediateOops: 0, NonImmediateOops: No
[2,070s][debug  ][gc,nmethod  ] Register NMethod: jdk.internal.module.SystemModuleFinders$SystemModuleReader.containsImageLocation (0x00007f77cfc52310) [0x00007f77cfc52540, 0x00007f77cfc52c50] Compiler: c1, Barriers: 2, Oops: 1, ImmediateOops: 4, NonImmediateOops: No
[2,070s][debug  ][gc,nmethod  ] Register NMethod: java.lang.invoke.MethodType.changeReturnType (0x00007f77cfc52f10) [0x00007f77cfc530c0, 0x00007f77cfc532e8] Compiler: c1, Barriers: 2, Oops: 0, ImmediateOops: 0, NonImmediateOops: No
[2,070s][debug  ][gc,nmethod  ] Register NMethod: java.util.ArrayList.<init> (0x00007f77cfc53390) [0x00007f77cfc53540, 0x00007f77cfc537e8] Compiler: c1, Barriers: 3, Oops: 0, ImmediateOops: 1, NonImmediateOops: No
[2,070s][debug  ][gc,nmethod  ] Register NMethod: jdk.internal.loader.URLClassPath$JarLoader.ensureOpen (0x00007f77ef21c490) [0x00007f77ef21c6a0, 0x00007f77ef21cad8] Compiler: c2, Barriers: 4, Oops: 1, ImmediateOops: 1, NonImmediateOops: No
[2,071s][debug  ][gc,nmethod  ] Register NMethod: java.util.Properties.getProperty (0x00007f77cfc53910) [0x00007f77cfc53b00, 0x00007f77cfc54030] Compiler: c1, Barriers: 2, Oops: 0, ImmediateOops: 0, NonImmediateOops: No
[2,071s][debug  ][gc,nmethod  ] Register NMethod: sun.net.www.protocol.file.Handler.parseURL (0x00007f77cfc54190) [0x00007f77cfc54340, 0x00007f77cfc544f8] Compiler: c1, Barriers: 0, Oops: 0, ImmediateOops: 0, NonImmediateOops: No
[2,072s][debug  ][gc,nmethod  ] Register NMethod: jdk.internal.loader.URLClassPath$JarLoader$2.getCodeSourceURL (0x00007f77cfc54610) [0x00007f77cfc547a0, 0x00007f77cfc54908] Compiler: c1, Barriers: 2, Oops: 0, ImmediateOops: 0, NonImmediateOops: No
[2,072s][debug  ][gc,nmethod  ] Register NMethod: jdk.internal.loader.URLClassPath$JarLoader$2.getManifest (0x00007f77cfc54990) [0x00007f77cfc54c00, 0x00007f77cfc55470] Compiler: c1, Barriers: 6, Oops: 1, ImmediateOops: 4, NonImmediateOops: No
[2,073s][debug  ][gc,director ] Rule Major: Warmup 10%, Used: 60MB, UsedThreshold: 1536MB
[2,073s][debug  ][gc,nmethod  ] Register NMethod: jdk.internal.jimage.ImageStringsReader.match (0x00007f77cfc55890) [0x00007f77cfc55a40, 0x00007f77cfc55c30] Compiler: c1, Barriers: 1, Oops: 0, ImmediateOops: 0, NonImmediateOops: No
[2,073s][debug  ][gc,nmethod  ] Register NMethod: jdk.internal.jimage.ImageStringsReader.unmaskedHashCode (0x00007f77ef21cd90) [0x00007f77ef21cf20, 0x00007f77ef21d278] Compiler: c2, Barriers: 1, Oops: 0, ImmediateOops: 0, NonImmediateOops: No
[2,073s][debug  ][gc,nmethod  ] Register NMethod: jdk.internal.jimage.BasicImageReader.match (0x00007f77cfc55d10) [0x00007f77cfc55ee0, 0x00007f77cfc561c0] Compiler: c1, Barriers: 1, Oops: 0, ImmediateOops: 1, NonImmediateOops: No
[2,074s][debug  ][gc,nmethod  ] Register NMethod: java.util.jar.JarFile.ensureInitialization (0x00007f77cfc56310) [0x00007f77cfc56560, 0x00007f77cfc56db0] Compiler: c1, Barriers: 4, Oops: 0, ImmediateOops: 0, NonImmediateOops: No
[2,075s][debug  ][gc,nmethod  ] Register NMethod: jdk.internal.jimage.ImageStringsReader.stringFromByteBufferMatches (0x00007f77cfc57090) [0x00007f77cfc57380, 0x00007f77cfc585d0] Compiler: c1, Barriers: 5, Oops: 1, ImmediateOops: 4, NonImmediateOops: No
[2,075s][debug  ][gc,nmethod  ] Register NMethod: jdk.internal.loader.Resource.getByteBuffer (0x00007f77cfc58d10) [0x00007f77cfc58f20, 0x00007f77cfc59750] Compiler: c1, Barriers: 8, Oops: 0, ImmediateOops: 0, NonImmediateOops: No
[2,075s][debug  ][gc,nmethod  ] Register NMethod: jdk.internal.jimage.ImageLocation.verifyName (0x00007f77cfc59990) [0x00007f77cfc59d00, 0x00007f77cfc5b468] Compiler: c1, Barriers: 9, Oops: 1, ImmediateOops: 4, NonImmediateOops: No
[2,075s][debug  ][gc,nmethod  ] Register NMethod: java.lang.invoke.MethodHandles$Lookup.<init> (0x00007f77cfc5bd90) [0x00007f77cfc5bf40, 0x00007f77cfc5c1b0] Compiler: c1, Barriers: 6, Oops: 0, ImmediateOops: 0, NonImmediateOops: No
[2,075s][debug  ][gc,nmethod  ] Register NMethod: java.lang.invoke.InfoFromMemberName.getReferenceKind (0x00007f77ef21d410) [0x00007f77ef21d5a0, 0x00007f77ef21d660] Compiler: c1, Barriers: 0, Oops: 0, ImmediateOops: 0, NonImmediateOops: No
[2,075s][debug  ][gc,nmethod  ] Register NMethod: jdk.internal.loader.URLClassPath$JarLoader$2.getCodeSigners (0x00007f77cfc5c290) [0x00007f77cfc5c440, 0x00007f77cfc5c638] Compiler: c1, Barriers: 1, Oops: 0, ImmediateOops: 0, NonImmediateOops: No
[2,077s][debug  ][gc,nmethod  ] Register NMethod: jdk.internal.org.objectweb.asm.SymbolTable.getConstantPoolCount (0x00007f77ef21d710) [0x00007f77ef21d8a0, 0x00007f77ef21d960] Compiler: c1, Barriers: 0, Oops: 0, ImmediateOops: 0, NonImmediateOops: No
[2,077s][debug  ][gc,nmethod  ] Register NMethod: java.lang.invoke.DirectMethodHandle.preparedLambdaForm (0x00007f77cfc5c710) [0x00007f77cfc5c920, 0x00007f77cfc5ce80] Compiler: c1, Barriers: 4, Oops: 0, ImmediateOops: 0, NonImmediateOops: No
[2,078s][debug  ][gc,nmethod  ] Register NMethod: java.util.stream.AbstractPipeline.getStreamAndOpFlags (0x00007f77ef21da10) [0x00007f77ef21dba0, 0x00007f77ef21dc60] Compiler: c1, Barriers: 0, Oops: 0, ImmediateOops: 0, NonImmediateOops: No
[2,078s][debug  ][gc,nmethod  ] Register NMethod: java.lang.Character.charCount (0x00007f77cfc5d090) [0x00007f77cfc5d220, 0x00007f77cfc5d388] Compiler: c1, Barriers: 0, Oops: 0, ImmediateOops: 0, NonImmediateOops: No
[2,079s][debug  ][gc,nmethod  ] Register NMethod: java.nio.DirectByteBuffer.get (0x00007f77ef21dd10) [0x00007f77ef21dec0, 0x00007f77ef21e008] Compiler: c2, Barriers: 0, Oops: 2, ImmediateOops: 1, NonImmediateOops: No
[2,081s][debug  ][gc,nmethod  ] Register NMethod: java.lang.invoke.DirectMethodHandle.preparedLambdaForm (0x00007f77cfc5d410) [0x00007f77cfc5d740, 0x00007f77cfc5e8e0] Compiler: c1, Barriers: 12, Oops: 0, ImmediateOops: 1, NonImmediateOops: No
[2,081s][debug  ][gc,nmethod  ] Register NMethod: java.io.UnixFileSystem.trimSeparator (0x00007f77cfc5ef10) [0x00007f77cfc5f140, 0x00007f77cfc5f8d0] Compiler: c1, Barriers: 1, Oops: 1, ImmediateOops: 2, NonImmediateOops: No
[2,081s][debug  ][gc,nmethod  ] Register NMethod: java.lang.Integer.stringSize (0x00007f77cfc5fb90) [0x00007f77cfc5fd40, 0x00007f77cfc5ffa0] Compiler: c1, Barriers: 0, Oops: 0, ImmediateOops: 0, NonImmediateOops: No
[2,082s][debug  ][gc,nmethod  ] Register NMethod: java.io.UnixFileSystem.resolve (0x00007f77cfc60090) [0x00007f77cfc60460, 0x00007f77cfc61948] Compiler: c1, Barriers: 1, Oops: 1, ImmediateOops: 4, NonImmediateOops: No
[2,082s][debug  ][gc,nmethod  ] Register NMethod: java.lang.Integer.getChars (0x00007f77cfc62110) [0x00007f77cfc622e0, 0x00007f77cfc62730] Compiler: c1, Barriers: 0, Oops: 0, ImmediateOops: 4, NonImmediateOops: No
[2,083s][debug  ][gc,nmethod  ] Register NMethod: java.nio.Buffer.session (0x00007f77ef21e190) [0x00007f77ef21e320, 0x00007f77ef21e3f0] Compiler: c2, Barriers: 1, Oops: 0, ImmediateOops: 0, NonImmediateOops: No
[2,083s][debug  ][gc,director ] Rule Major: Warmup 10%, Used: 60MB, UsedThreshold: 1536MB
[2,084s][debug  ][gc,nmethod  ] Register NMethod: jdk.internal.misc.ScopedMemoryAccess.getByte (0x00007f77ef21e490) [0x00007f77ef21e620, 0x00007f77ef21e6e8] Compiler: c2, Barriers: 0, Oops: 1, ImmediateOops: 0, NonImmediateOops: No
[2,084s][debug  ][gc,nmethod  ] Register NMethod: java.io.File.<init> (0x00007f77cfc62990) [0x00007f77cfc62c00, 0x00007f77cfc63578] Compiler: c1, Barriers: 15, Oops: 2, ImmediateOops: 6, NonImmediateOops: No
[2,084s][debug  ][gc,nmethod  ] Register NMethod: sun.invoke.util.VerifyAccess.isTypeVisible (0x00007f77cfab5a90) [0x00007f77cfab5da0, 0x00007f77cfab6e80] Compiler: c1, Barriers: 5, Oops: 1, ImmediateOops: 2, NonImmediateOops: No
[2,085s][debug  ][gc,nmethod  ] Register NMethod: java.lang.invoke.MemberName.isMethod (0x00007f77cfc63890) [0x00007f77cfc63a20, 0x00007f77cfc63bf0] Compiler: c1, Barriers: 0, Oops: 0, ImmediateOops: 0, NonImmediateOops: No
[2,085s][debug  ][gc,nmethod  ] Register NMethod: jdk.internal.loader.URLClassPath$FileLoader.getResource (0x00007f77cfc63c90) [0x00007f77cfc63fe0, 0x00007f77cfc64f60] Compiler: c1, Barriers: 9, Oops: 1, ImmediateOops: 2, NonImmediateOops: No
[2,085s][debug  ][gc,nmethod  ] Register NMethod: java.lang.invoke.MemberName.changeReferenceKind (0x00007f77cfc65790) [0x00007f77cfc65920, 0x00007f77cfc65a48] Compiler: c1, Barriers: 0, Oops: 0, ImmediateOops: 0, NonImmediateOops: No
[2,086s][debug  ][gc,nmethod  ] Register NMethod: java.util.ArrayList.isEmpty (0x00007f77cfc65b10) [0x00007f77cfc65ca0, 0x00007f77cfc65e08] Compiler: c1, Barriers: 0, Oops: 0, ImmediateOops: 0, NonImmediateOops: No
[2,086s][debug  ][gc,nmethod  ] Register NMethod: jdk.internal.org.objectweb.asm.Frame.<init> (0x00007f77cfc65e90) [0x00007f77cfc66040, 0x00007f77cfc66218] Compiler: c1, Barriers: 3, Oops: 0, ImmediateOops: 0, NonImmediateOops: No
[2,087s][debug  ][gc,nmethod  ] Register NMethod: java.util.ImmutableCollections$List12.size (0x00007f77cfc66310) [0x00007f77cfc664c0, 0x00007f77cfc66680] Compiler: c1, Barriers: 1, Oops: 0, ImmediateOops: 1, NonImmediateOops: No
[2,087s][debug  ][gc,nmethod  ] Register NMethod: jdk.internal.org.objectweb.asm.MethodWriter.visitCode (0x00007f77cfc66710) [0x00007f77cfc668a0, 0x00007f77cfc669a8] Compiler: c1, Barriers: 0, Oops: 0, ImmediateOops: 0, NonImmediateOops: No
[2,088s][debug  ][gc,nmethod  ] Register NMethod: jdk.internal.loader.URLClassPath$FileLoader.getResource (0x00007f77cfc63c90) [0x00007f77cfc63fe0, 0x00007f77cfc64f60] Compiler: c1, Barriers: 9, Oops: 1, ImmediateOops: 2, NonImmediateOops: No
[2,088s][debug  ][gc,nmethod  ] Register NMethod: sun.net.www.ParseUtil.firstEncodeIndex (0x00007f77ef21e810) [0x00007f77ef21e9a0, 0x00007f77ef21ebf8] Compiler: c2, Barriers: 1, Oops: 0, ImmediateOops: 0, NonImmediateOops: No
[2,089s][debug  ][gc,nmethod  ] Register NMethod: jdk.internal.loader.URLClassPath.getLoader (0x00007f77ef21ed90) [0x00007f77ef21f0c0, 0x00007f77ef220770] Compiler: c2, Barriers: 25, Oops: 0, ImmediateOops: 0, NonImmediateOops: No
[2,089s][debug  ][gc,nmethod  ] Register NMethod: jdk.internal.misc.Blocker.end (0x00007f77ef221310) [0x00007f77ef221480, 0x00007f77ef221518] Compiler: c2, Barriers: 0, Oops: 0, ImmediateOops: 0, NonImmediateOops: No
[2,090s][debug  ][gc,nmethod  ] Register NMethod: sun.net.util.IPAddressUtil.checkAuth (0x00007f77cfc66a10) [0x00007f77cfc66ca0, 0x00007f77cfc67770] Compiler: c1, Barriers: 2, Oops: 2, ImmediateOops: 3, NonImmediateOops: No
[2,090s][debug  ][gc,nmethod  ] Register NMethod: java.util.zip.ZipFile$Source.getEntryPos (0x00007f77ef221610) [0x00007f77ef221840, 0x00007f77ef222068] Compiler: c2, Barriers: 6, Oops: 2, ImmediateOops: 1, NonImmediateOops: No
[2,092s][debug  ][gc,nmethod  ] Register NMethod: java.util.zip.ZipUtils.CENEXT (0x00007f77ef222710) [0x00007f77ef2228a0, 0x00007f77ef222980] Compiler: c2, Barriers: 0, Oops: 0, ImmediateOops: 0, NonImmediateOops: No
[2,093s][debug  ][gc,nmethod  ] Register NMethod: java.util.zip.ZipFile.getEntry (0x00007f77ef222a90) [0x00007f77ef222c40, 0x00007f77ef223068] Compiler: c2, Barriers: 2, Oops: 1, ImmediateOops: 0, NonImmediateOops: No
[2,093s][debug  ][gc,director ] Rule Major: Warmup 10%, Used: 60MB, UsedThreshold: 1536MB
[2,094s][debug  ][gc,nmethod  ] Register NMethod: jdk.internal.loader.Resource.<init> (0x00007f77cfc67c10) [0x00007f77cfc67da0, 0x00007f77cfc67f00] Compiler: c1, Barriers: 0, Oops: 0, ImmediateOops: 0, NonImmediateOops: No
[2,094s][debug  ][gc,nmethod  ] Register NMethod: jdk.internal.loader.URLClassPath$JarLoader.checkResource (0x00007f77cfc67f90) [0x00007f77cfc681e0, 0x00007f77cfc68b98] Compiler: c1, Barriers: 14, Oops: 0, ImmediateOops: 0, NonImmediateOops: No
[2,095s][debug  ][gc,nmethod  ] Register NMethod: java.net.URLStreamHandler.parseURL (0x00007f77cfc68f90) [0x00007f77cfc6a400, 0x00007f77cfc77410] Compiler: c1, Barriers: 49, Oops: 8, ImmediateOops: 78, NonImmediateOops: No
[2,095s][debug  ][gc,nmethod  ] Register NMethod: java.lang.invoke.DirectMethodHandle.preparedLambdaForm (0x00007f77cfc7c190) [0x00007f77cfc7c340, 0x00007f77cfc7c460] Compiler: c1, Barriers: 0, Oops: 0, ImmediateOops: 0, NonImmediateOops: No
[2,096s][debug  ][gc,nmethod  ] Register NMethod: java.util.concurrent.ConcurrentHashMap.putVal (0x00007f77cfc7c510) [0x00007f77cfc7c8c0, 0x00007f77cfc7e640] Compiler: c1, Barriers: 28, Oops: 0, ImmediateOops: 1, NonImmediateOops: No
[2,096s][debug  ][gc,nmethod  ] Register NMethod: java.lang.invoke.MethodHandles$Lookup.isArrayClone (0x00007f77cfc7f010) [0x00007f77cfc7f240, 0x00007f77cfc7fa60] Compiler: c1, Barriers: 6, Oops: 0, ImmediateOops: 2, NonImmediateOops: No
[2,096s][debug  ][gc,nmethod  ] Register NMethod: java.lang.invoke.MethodHandle.setVarargs (0x00007f77cfc7fc90) [0x00007f77cfc7fe80, 0x00007f77cfc80410] Compiler: c1, Barriers: 0, Oops: 0, ImmediateOops: 1, NonImmediateOops: No
[2,096s][debug  ][gc,nmethod  ] Register NMethod: java.util.stream.AbstractPipeline.isParallel (0x00007f77cfc80610) [0x00007f77cfc807a0, 0x00007f77cfc808e0] Compiler: c1, Barriers: 1, Oops: 0, ImmediateOops: 0, NonImmediateOops: No
[2,096s][debug  ][gc,nmethod  ] Register NMethod: java.lang.invoke.MethodHandleNatives.refKindIsMethod (0x00007f77cfc80990) [0x00007f77cfc80b40, 0x00007f77cfc80d80] Compiler: c1, Barriers: 0, Oops: 0, ImmediateOops: 0, NonImmediateOops: No
[2,096s][debug  ][gc,nmethod  ] Register NMethod: java.lang.invoke.MemberName.isVarargs (0x00007f77cfc80e10) [0x00007f77cfc80fc0, 0x00007f77cfc81340] Compiler: c1, Barriers: 0, Oops: 0, ImmediateOops: 0, NonImmediateOops: No
[2,096s][debug  ][gc,nmethod  ] Register NMethod: jdk.internal.loader.URLClassPath$JarLoader$2.<init> (0x00007f77cfc81490) [0x00007f77cfc81660, 0x00007f77cfc81a78] Compiler: c1, Barriers: 15, Oops: 0, ImmediateOops: 0, NonImmediateOops: No
[2,097s][debug  ][gc,nmethod  ] Register NMethod: jdk.internal.loader.URLClassPath$JarLoader.getResource (0x00007f77ef223290) [0x00007f77ef2234e0, 0x00007f77ef223ab0] Compiler: c2, Barriers: 5, Oops: 1, ImmediateOops: 1, NonImmediateOops: No
[2,097s][debug  ][gc,nmethod  ] Register NMethod: sun.invoke.util.VerifyAccess.isMemberAccessible (0x00007f77cfc81b90) [0x00007f77cfc81f20, 0x00007f77cfc83240] Compiler: c1, Barriers: 0, Oops: 1, ImmediateOops: 1, NonImmediateOops: No
[2,099s][debug  ][gc,nmethod  ] Register NMethod: java.util.regex.Pattern.has (0x00007f77cfc83790) [0x00007f77cfc83920, 0x00007f77cfc83a88] Compiler: c1, Barriers: 0, Oops: 0, ImmediateOops: 0, NonImmediateOops: No
[2,099s][debug  ][gc,nmethod  ] Register NMethod: java.util.regex.Pattern.isSupplementary (0x00007f77cfc83b10) [0x00007f77cfc83cc0, 0x00007f77cfc83f38] Compiler: c1, Barriers: 0, Oops: 0, ImmediateOops: 0, NonImmediateOops: No
[2,099s][debug  ][gc,nmethod  ] Register NMethod: java.lang.Character.isSurrogate (0x00007f77cfc84010) [0x00007f77cfc841a0, 0x00007f77cfc84320] Compiler: c1, Barriers: 0, Oops: 0, ImmediateOops: 0, NonImmediateOops: No
[2,099s][debug  ][gc,nmethod  ] Register NMethod: java.lang.String.codePointAt (0x00007f77cfc84390) [0x00007f77cfc84580, 0x00007f77cfc84a40] Compiler: c1, Barriers: 2, Oops: 1, ImmediateOops: 2, NonImmediateOops: No
[2,100s][debug  ][gc,nmethod  ] Register NMethod: jdk.internal.access.SharedSecrets.getJavaLangAccess (0x00007f77cfc84c90) [0x00007f77cfc84e20, 0x00007f77cfc84f48] Compiler: c1, Barriers: 1, Oops: 0, ImmediateOops: 1, NonImmediateOops: No
[2,101s][debug  ][gc,nmethod  ] Register NMethod: java.lang.StringBuilder.append (0x00007f77cfc85010) [0x00007f77cfc851c0, 0x00007f77cfc85308] Compiler: c1, Barriers: 0, Oops: 0, ImmediateOops: 0, NonImmediateOops: No
[2,101s][debug  ][gc,nmethod  ] Register NMethod: java.lang.AbstractStringBuilder.append (0x00007f77cfc85390) [0x00007f77cfc85580, 0x00007f77cfc85930] Compiler: c1, Barriers: 2, Oops: 0, ImmediateOops: 0, NonImmediateOops: No
[2,101s][debug  ][gc,nmethod  ] Register NMethod: jdk.internal.loader.URLClassPath$JarLoader.findResource (0x00007f77cfc85a90) [0x00007f77cfc85c60, 0x00007f77cfc85ec8] Compiler: c1, Barriers: 0, Oops: 0, ImmediateOops: 0, NonImmediateOops: No
[2,101s][debug  ][gc,nmethod  ] Register NMethod: java.lang.invoke.MethodHandleNatives.findMethodHandleType (0x00007f77cfc85f90) [0x00007f77cfc86140, 0x00007f77cfc86260] Compiler: c1, Barriers: 0, Oops: 0, ImmediateOops: 0, NonImmediateOops: No
[2,102s][debug  ][gc,nmethod  ] Register NMethod: java.lang.invoke.DirectMethodHandle$Constructor.<init> (0x00007f77cfc86310) [0x00007f77cfc864c0, 0x00007f77cfc86710] Compiler: c1, Barriers: 6, Oops: 0, ImmediateOops: 0, NonImmediateOops: No
[2,103s][debug  ][gc,nmethod  ] Register NMethod: java.lang.Package.isSealed (0x00007f77cfc86810) [0x00007f77cfc869c0, 0x00007f77cfc86d70] Compiler: c1, Barriers: 4, Oops: 0, ImmediateOops: 0, NonImmediateOops: No
[2,103s][debug  ][gc,nmethod  ] Register NMethod: jdk.internal.org.objectweb.asm.ByteVector.putShort (0x00007f77ef223e90) [0x00007f77ef224020, 0x00007f77ef2241b0] Compiler: c2, Barriers: 1, Oops: 0, ImmediateOops: 0, NonImmediateOops: No
[2,104s][debug  ][gc,director ] Rule Major: Warmup 10%, Used: 62MB, UsedThreshold: 1536MB
[2,106s][debug  ][gc,nmethod  ] Register NMethod: java.lang.invoke.MethodHandle.linkToVirtual (0x00007f77ef224310) [0x00007f77ef224480, 0x00007f77ef2244a8] Compiler: , Barriers: 0, Oops: 0, ImmediateOops: 0, NonImmediateOops: No
[2,107s][debug  ][gc,nmethod  ] Register NMethod: jdk.internal.org.objectweb.asm.SymbolTable.addConstantFieldref (0x00007f77cfc86e90) [0x00007f77cfc87040, 0x00007f77cfc87190] Compiler: c1, Barriers: 0, Oops: 0, ImmediateOops: 0, NonImmediateOops: No
[2,107s][debug  ][gc,nmethod  ] Register NMethod: java.util.stream.PipelineHelper.<init> (0x00007f77cfc87290) [0x00007f77cfc87420, 0x00007f77cfc87580] Compiler: c1, Barriers: 0, Oops: 0, ImmediateOops: 0, NonImmediateOops: No
[2,107s][debug  ][gc,nmethod  ] Register NMethod: java.lang.invoke.TypeConvertingMethodAdapter.cast (0x00007f77cfc87610) [0x00007f77cfc87800, 0x00007f77cfc87c88] Compiler: c1, Barriers: 1, Oops: 0, ImmediateOops: 1, NonImmediateOops: No
[2,107s][debug  ][gc,nmethod  ] Register NMethod: jdk.internal.org.objectweb.asm.MethodWriter.visitFieldInsn (0x00007f77cfc87e10) [0x00007f77cfc880a0, 0x00007f77cfc88df0] Compiler: c1, Barriers: 8, Oops: 1, ImmediateOops: 2, NonImmediateOops: No
[2,107s][debug  ][gc,nmethod  ] Register NMethod: java.lang.invoke.Invokers.checkCustomized (0x00007f77cfc89210) [0x00007f77cfc893c0, 0x00007f77cfc895f0] Compiler: c1, Barriers: 2, Oops: 0, ImmediateOops: 0, NonImmediateOops: No
[2,107s][debug  ][gc,nmethod  ] Register NMethod: java.lang.invoke.Invokers.maybeCustomize (0x00007f77cfc89710) [0x00007f77cfc898c0, 0x00007f77cfc89a58] Compiler: c1, Barriers: 0, Oops: 0, ImmediateOops: 0, NonImmediateOops: No
[2,108s][debug  ][gc,nmethod  ] Register NMethod: java.lang.invoke.Invokers.checkExactType (0x00007f77cfc89b10) [0x00007f77cfc89cc0, 0x00007f77cfc89ee8] Compiler: c1, Barriers: 1, Oops: 0, ImmediateOops: 0, NonImmediateOops: No
[2,108s][debug  ][gc,nmethod  ] Register NMethod: java.lang.invoke.MethodHandle.maybeCustomize (0x00007f77cfc8a010) [0x00007f77cfc8a1e0, 0x00007f77cfc8a608] Compiler: c1, Barriers: 2, Oops: 0, ImmediateOops: 0, NonImmediateOops: No
[2,108s][debug  ][gc,nmethod  ] Register NMethod: java.lang.invoke.MethodHandleNatives.refKindHasReceiver (0x00007f77cfc8a790) [0x00007f77cfc8a920, 0x00007f77cfc8aa78] Compiler: c1, Barriers: 0, Oops: 0, ImmediateOops: 0, NonImmediateOops: No
[2,108s][debug  ][gc,nmethod  ] Register NMethod: jdk.internal.org.objectweb.asm.MethodWriter.endCurrentBasicBlockWithNoSuccessor (0x00007f77cfc8ab10) [0x00007f77cfc8ad40, 0x00007f77cfc8b588] Compiler: c1, Barriers: 22, Oops: 0, ImmediateOops: 0, NonImmediateOops: No
[2,109s][debug  ][gc,nmethod  ] Register NMethod: java.util.zip.ZipFile.getZipEntry (0x00007f77cfc8b790) [0x00007f77cfc8bd20, 0x00007f77cfc8eec0] Compiler: c1, Barriers: 18, Oops: 2, ImmediateOops: 4, NonImmediateOops: No
[2,109s][debug  ][gc,nmethod  ] Register NMethod: java.lang.invoke.MethodHandle.linkToStatic (0x00007f77ef224610) [0x00007f77ef224780, 0x00007f77ef224870] Compiler: , Barriers: 0, Oops: 0, ImmediateOops: 0, NonImmediateOops: No
[2,110s][debug  ][gc,nmethod  ] Register NMethod: java.lang.invoke.MethodHandle.linkToSpecial (0x00007f77ef224910) [0x00007f77ef224a80, 0x00007f77ef224b78] Compiler: , Barriers: 0, Oops: 0, ImmediateOops: 0, NonImmediateOops: No
[2,110s][debug  ][gc,nmethod  ] Register NMethod: java.lang.invoke.MethodHandle.invokeBasic (0x00007f77ef224c10) [0x00007f77ef224da0, 0x00007f77ef225038] Compiler: , Barriers: 0, Oops: 0, ImmediateOops: 0, NonImmediateOops: No
[2,110s][debug  ][gc,nmethod  ] Register NMethod: java.lang.invoke.MethodHandle.linkToSpecial (0x00007f77ef225090) [0x00007f77ef225200, 0x00007f77ef2252f8] Compiler: , Barriers: 0, Oops: 0, ImmediateOops: 0, NonImmediateOops: No
[2,110s][debug  ][gc,nmethod  ] Register NMethod: java.lang.invoke.MethodHandle.keepsAlive (0x00007f77cfc90190) [0x00007f77cfc903e0, 0x00007f77cfc90eb0] Compiler: c1, Barriers: 1, Oops: 0, ImmediateOops: 6, NonImmediateOops: No
[2,111s][debug  ][gc,nmethod  ] Register NMethod: java.lang.invoke.MethodHandles$Lookup.in (0x00007f77cfc91190) [0x00007f77cfc915c0, 0x00007f77cfc930f8] Compiler: c1, Barriers: 8, Oops: 2, ImmediateOops: 4, NonImmediateOops: No
[2,114s][debug  ][gc,nmethod  ] Register NMethod: java.lang.invoke.AbstractValidatingLambdaMetafactory.isAdaptableTo (0x00007f77cfc93990) [0x00007f77cfc93c40, 0x00007f77cfc94690] Compiler: c1, Barriers: 2, Oops: 0, ImmediateOops: 0, NonImmediateOops: No
[2,114s][debug  ][gc,director ] Rule Major: Warmup 10%, Used: 62MB, UsedThreshold: 1536MB
[2,114s][debug  ][gc,nmethod  ] Register NMethod: jdk.internal.org.objectweb.asm.Symbol.<init> (0x00007f77ef225390) [0x00007f77ef225520, 0x00007f77ef225778] Compiler: c2, Barriers: 9, Oops: 0, ImmediateOops: 0, NonImmediateOops: No
[2,114s][debug  ][gc,nmethod  ] Register NMethod: java.util.ImmutableCollections$Set12.<init> (0x00007f77cfc94a10) [0x00007f77cfc94cc0, 0x00007f77cfc95938] Compiler: c1, Barriers: 6, Oops: 1, ImmediateOops: 2, NonImmediateOops: No
[2,115s][debug  ][gc,nmethod  ] Register NMethod: java.util.ImmutableCollections$ListN.size (0x00007f77cfc95d90) [0x00007f77cfc95f20, 0x00007f77cfc96058] Compiler: c1, Barriers: 1, Oops: 0, ImmediateOops: 0, NonImmediateOops: No
[2,115s][debug  ][gc,nmethod  ] Register NMethod: java.util.jar.JarFile.getVersionedEntry (0x00007f77cfc96110) [0x00007f77cfc96400, 0x00007f77cfc97230] Compiler: c1, Barriers: 6, Oops: 3, ImmediateOops: 4, NonImmediateOops: No
[2,118s][debug  ][gc,nmethod  ] Register NMethod: jdk.internal.loader.Resource.cachedInputStream (0x00007f77cfc97810) [0x00007f77cfc979c0, 0x00007f77cfc97d60] Compiler: c1, Barriers: 5, Oops: 0, ImmediateOops: 0, NonImmediateOops: No
[2,119s][debug  ][gc,nmethod  ] Register NMethod: jdk.internal.reflect.Reflection.getClassAccessFlags (0x00007f77ef225810) [0x00007f77ef2259a0, 0x00007f77ef225b80] Compiler: , Barriers: 0, Oops: 0, ImmediateOops: 1, NonImmediateOops: No
[2,119s][debug  ][gc,nmethod  ] Register NMethod: java.lang.invoke.MethodHandleNatives.isCallerSensitive (0x00007f77cfc97e10) [0x00007f77cfc97fe0, 0x00007f77cfc98440] Compiler: c1, Barriers: 0, Oops: 0, ImmediateOops: 0, NonImmediateOops: No
[2,120s][debug  ][gc,nmethod  ] Register NMethod: java.lang.invoke.MethodHandleNatives.canBeCalledVirtual (0x00007f77cfc98590) [0x00007f77cfc987a0, 0x00007f77cfc98d70] Compiler: c1, Barriers: 5, Oops: 0, ImmediateOops: 2, NonImmediateOops: No
[2,121s][debug  ][gc,nmethod  ] Register NMethod: java.lang.AbstractStringBuilder.<init> (0x00007f77ef225b90) [0x00007f77ef225d20, 0x00007f77ef225f40] Compiler: c2, Barriers: 3, Oops: 0, ImmediateOops: 0, NonImmediateOops: No
[2,122s][debug  ][gc,nmethod  ] Register NMethod: java.lang.String.<init> (0x00007f77ef226010) [0x00007f77ef2261c0, 0x00007f77ef226750] Compiler: c2, Barriers: 4, Oops: 0, ImmediateOops: 0, NonImmediateOops: No
[2,123s][debug  ][gc,nmethod  ] Register NMethod: java.lang.invoke.InnerClassLambdaMetafactory.getOpcodeOffset (0x00007f77cfc98f10) [0x00007f77cfc990e0, 0x00007f77cfc993b8] Compiler: c1, Barriers: 0, Oops: 0, ImmediateOops: 3, NonImmediateOops: No
[2,124s][debug  ][gc,nmethod  ] Register NMethod: java.lang.invoke.MethodHandleNatives.isPullModeBSM (0x00007f77ef226990) [0x00007f77ef226b20, 0x00007f77ef226bc0] Compiler: c1, Barriers: 0, Oops: 0, ImmediateOops: 0, NonImmediateOops: No
[2,124s][debug  ][gc,nmethod  ] Register NMethod: java.lang.invoke.ConstantCallSite.getTarget (0x00007f77cfc99490) [0x00007f77cfc99640, 0x00007f77cfc99890] Compiler: c1, Barriers: 1, Oops: 0, ImmediateOops: 0, NonImmediateOops: No
[2,124s][debug  ][gc,director ] Rule Major: Warmup 10%, Used: 62MB, UsedThreshold: 1536MB
[2,124s][debug  ][gc,nmethod  ] Register NMethod: java.util.jar.JarFile.getManifest (0x00007f77cfc99990) [0x00007f77cfc99b40, 0x00007f77cfc99c80] Compiler: c1, Barriers: 0, Oops: 0, ImmediateOops: 0, NonImmediateOops: No
[2,125s][debug  ][gc,nmethod  ] Register NMethod: java.util.jar.JarFile.getManifestFromReference (0x00007f77cfc99d10) [0x00007f77cfc9a060, 0x00007f77cfc9b628] Compiler: c1, Barriers: 21, Oops: 0, ImmediateOops: 3, NonImmediateOops: No
[2,127s][debug  ][gc,nmethod  ] Register NMethod: java.lang.StringBuilder.length (0x00007f77ef226c90) [0x00007f77ef226e00, 0x00007f77ef226e78] Compiler: c2, Barriers: 0, Oops: 0, ImmediateOops: 0, NonImmediateOops: No
[2,134s][debug  ][gc,nmethod  ] Register NMethod: java.util.stream.ReferencePipeline$StatelessOp.opIsStateful (0x00007f77ef226f90) [0x00007f77ef227120, 0x00007f77ef2271e0] Compiler: c1, Barriers: 0, Oops: 0, ImmediateOops: 0, NonImmediateOops: No
[2,134s][debug  ][gc,director ] Rule Major: Warmup 10%, Used: 62MB, UsedThreshold: 1536MB
[2,134s][debug  ][gc,nmethod  ] Register NMethod: java.lang.invoke.DirectMethodHandle.isCrackable (0x00007f77ef227290) [0x00007f77ef227420, 0x00007f77ef2274e8] Compiler: c1, Barriers: 0, Oops: 0, ImmediateOops: 0, NonImmediateOops: No
[2,134s][debug  ][gc,nmethod  ] Register NMethod: jdk.internal.misc.CDS.isDumpingArchive (0x00007f77cfc9bd90) [0x00007f77cfc9bf20, 0x00007f77cfc9c008] Compiler: c1, Barriers: 0, Oops: 0, ImmediateOops: 0, NonImmediateOops: No
[2,135s][debug  ][gc,nmethod  ] Register NMethod: java.util.Arrays.hashCode (0x00007f77cfc9c090) [0x00007f77cfc9c260, 0x00007f77cfc9c5e8] Compiler: c1, Barriers: 1, Oops: 0, ImmediateOops: 0, NonImmediateOops: No
[2,135s][debug  ][gc,nmethod  ] Register NMethod: jdk.internal.org.objectweb.asm.Handler.putExceptionTable (0x00007f77cfc9c710) [0x00007f77cfc9c940, 0x00007f77cfc9ced8] Compiler: c1, Barriers: 5, Oops: 0, ImmediateOops: 0, NonImmediateOops: No
[2,137s][debug  ][gc,nmethod  ] Register NMethod: jdk.internal.org.objectweb.asm.MethodWriter.putMethodInfo (0x00007f77cfc9d190) [0x00007f77cfc9da20, 0x00007f77cfca1590] Compiler: c1, Barriers: 89, Oops: 0, ImmediateOops: 15, NonImmediateOops: No
[2,138s][debug  ][gc,nmethod  ] Register NMethod: java.lang.invoke.MethodHandle.linkToStatic (0x00007f77ef227590) [0x00007f77ef227700, 0x00007f77ef2277f0] Compiler: , Barriers: 0, Oops: 0, ImmediateOops: 0, NonImmediateOops: No
[2,138s][debug  ][gc,nmethod  ] Register NMethod: java.util.regex.Pattern.peek (0x00007f77cfca2890) [0x00007f77cfca2a40, 0x00007f77cfca2ce0] Compiler: c1, Barriers: 1, Oops: 0, ImmediateOops: 0, NonImmediateOops: No
[2,139s][debug  ][gc,nmethod  ] Register NMethod: java.util.logging.Logger.getName (0x00007f77ef227890) [0x00007f77ef227a20, 0x00007f77ef227b10] Compiler: c1, Barriers: 1, Oops: 0, ImmediateOops: 0, NonImmediateOops: No
[2,140s][debug  ][gc,nmethod  ] Register NMethod: java.util.concurrent.ConcurrentHashMap.transfer (0x00007f77ef227b90) [0x00007f77ef227de0, 0x00007f77ef228f00] Compiler: c2, Barriers: 38, Oops: 1, ImmediateOops: 0, NonImmediateOops: No
[2,142s][debug  ][gc,nmethod  ] Register NMethod: jdk.internal.loader.ClassLoaders$AppClassLoader.loadClass (0x00007f77cfca2e10) [0x00007f77cfca2fe0, 0x00007f77cfca33c8] Compiler: c1, Barriers: 0, Oops: 0, ImmediateOops: 0, NonImmediateOops: No
[2,144s][debug  ][gc,nmethod  ] Register NMethod: jdk.internal.loader.Resource.getBytes (0x00007f77cfca3590) [0x00007f77cfca38e0, 0x00007f77cfca5118] Compiler: c1, Barriers: 10, Oops: 0, ImmediateOops: 1, NonImmediateOops: No
[2,144s][debug  ][gc,director ] Rule Major: Warmup 10%, Used: 64MB, UsedThreshold: 1536MB
[2,146s][debug  ][gc,nmethod  ] Register NMethod: java.lang.String.<init> (0x00007f77cfca5a90) [0x00007f77cfca63a0, 0x00007f77cfcab9c0] Compiler: c1, Barriers: 53, Oops: 2, ImmediateOops: 16, NonImmediateOops: No
[2,147s][debug  ][gc,nmethod  ] Register NMethod: java.lang.System.identityHashCode (0x00007f77ef229690) [0x00007f77ef229820, 0x00007f77ef229a28] Compiler: , Barriers: 0, Oops: 0, ImmediateOops: 1, NonImmediateOops: No
[2,147s][debug  ][gc,nmethod  ] Register NMethod: java.lang.reflect.Method.getSharedParameterTypes (0x00007f77ef229a90) [0x00007f77ef229c20, 0x00007f77ef229d10] Compiler: c1, Barriers: 1, Oops: 0, ImmediateOops: 0, NonImmediateOops: No
[2,147s][debug  ][gc,nmethod  ] Register NMethod: java.lang.reflect.Executable.<init> (0x00007f77cfcad390) [0x00007f77cfcad540, 0x00007f77cfcad700] Compiler: c1, Barriers: 0, Oops: 0, ImmediateOops: 0, NonImmediateOops: No
[2,148s][debug  ][gc,nmethod  ] Register NMethod: java.util.jar.Manifest$FastInputStream.readLine (0x00007f77ef229d90) [0x00007f77ef229f40, 0x00007f77ef22a538] Compiler: c2, Barriers: 1, Oops: 0, ImmediateOops: 0, NonImmediateOops: No
[2,149s][debug  ][gc,nmethod  ] Register NMethod: java.lang.invoke.BoundMethodHandle.<init> (0x00007f77cfcad810) [0x00007f77cfcad9c0, 0x00007f77cfcadb20] Compiler: c1, Barriers: 0, Oops: 0, ImmediateOops: 0, NonImmediateOops: No
[2,149s][debug  ][gc,nmethod  ] Register NMethod: java.lang.invoke.MethodHandle.linkToInterface (0x00007f77ef22a890) [0x00007f77ef22aa00, 0x00007f77ef22ab38] Compiler: , Barriers: 0, Oops: 0, ImmediateOops: 0, NonImmediateOops: No
[2,150s][debug  ][gc,nmethod  ] Register NMethod: jdk.internal.org.objectweb.asm.Frame.push (0x00007f77cfcadc10) [0x00007f77cfcade60, 0x00007f77cfcae6a0] Compiler: c1, Barriers: 2, Oops: 1, ImmediateOops: 2, NonImmediateOops: No
[2,150s][debug  ][gc,nmethod  ] Register NMethod: java.lang.invoke.TypeConvertingMethodAdapter.convertType (0x00007f77cfcaea10) [0x00007f77cfcaf0e0, 0x00007f77cfcb2d58] Compiler: c1, Barriers: 12, Oops: 2, ImmediateOops: 28, NonImmediateOops: No
[2,153s][debug  ][gc,nmethod  ] Register NMethod: java.lang.Character.isWhitespace (0x00007f77cfcb4110) [0x00007f77cfcb42c0, 0x00007f77cfcb44a0] Compiler: c1, Barriers: 0, Oops: 0, ImmediateOops: 0, NonImmediateOops: No
[2,153s][debug  ][gc,nmethod  ] Register NMethod: java.lang.Character.isWhitespace (0x00007f77cfcb4590) [0x00007f77cfcb4740, 0x00007f77cfcb4988] Compiler: c1, Barriers: 0, Oops: 0, ImmediateOops: 0, NonImmediateOops: No
[2,154s][debug  ][gc,nmethod  ] Register NMethod: java.lang.CharacterDataLatin1.isWhitespace (0x00007f77cfcb4a90) [0x00007f77cfcb4c40, 0x00007f77cfcb4e50] Compiler: c1, Barriers: 0, Oops: 0, ImmediateOops: 1, NonImmediateOops: No
[2,154s][debug  ][gc,director ] Rule Major: Warmup 10%, Used: 64MB, UsedThreshold: 1536MB
[2,155s][debug  ][gc,nmethod  ] Register NMethod: java.lang.invoke.Invokers$Holder.linkToTargetMethod (0x00007f77cfcb4f90) [0x00007f77cfcb5140, 0x00007f77cfcb54a0] Compiler: c1, Barriers: 0, Oops: 0, ImmediateOops: 0, NonImmediateOops: No
[2,156s][debug  ][gc,nmethod  ] Register NMethod: jdk.internal.org.objectweb.asm.Label.getCanonicalInstance (0x00007f77cfcb5590) [0x00007f77cfcb5740, 0x00007f77cfcb5900] Compiler: c1, Barriers: 2, Oops: 0, ImmediateOops: 0, NonImmediateOops: No
[2,156s][debug  ][gc,nmethod  ] Register NMethod: jdk.internal.org.objectweb.asm.Frame.setLocal (0x00007f77cfcb5990) [0x00007f77cfcb5b80, 0x00007f77cfcb6150] Compiler: c1, Barriers: 9, Oops: 0, ImmediateOops: 0, NonImmediateOops: No
[2,156s][debug  ][gc,nmethod  ] Register NMethod: java.util.LinkedHashMap$LinkedHashIterator.hasNext (0x00007f77cfcb6310) [0x00007f77cfcb64a0, 0x00007f77cfcb6638] Compiler: c1, Barriers: 1, Oops: 0, ImmediateOops: 0, NonImmediateOops: No
[2,157s][debug  ][gc,nmethod  ] Register NMethod: jdk.internal.org.objectweb.asm.Frame.getInputStackSize (0x00007f77cfcb6710) [0x00007f77cfcb68a0, 0x00007f77cfcb69d8] Compiler: c1, Barriers: 1, Oops: 0, ImmediateOops: 0, NonImmediateOops: No
[2,158s][debug  ][gc,nmethod  ] Register NMethod: java.lang.PublicMethods$Key.matches (0x00007f77cfcb6a90) [0x00007f77cfcb6c60, 0x00007f77cfcb6fe8] Compiler: c1, Barriers: 2, Oops: 1, ImmediateOops: 2, NonImmediateOops: No
[2,158s][debug  ][gc,nmethod  ] Register NMethod: jdk.internal.org.objectweb.asm.ByteVector.putByte (0x00007f77ef22ab90) [0x00007f77ef22ad20, 0x00007f77ef22aef8] Compiler: c2, Barriers: 2, Oops: 0, ImmediateOops: 0, NonImmediateOops: No
[2,160s][debug  ][gc,nmethod  ] Register NMethod: jdk.internal.org.objectweb.asm.SymbolTable.addTypeInternal (0x00007f77cfcb7190) [0x00007f77cfcb7380, 0x00007f77cfcb7a48] Compiler: c1, Barriers: 12, Oops: 0, ImmediateOops: 0, NonImmediateOops: No
[2,160s][debug  ][gc,nmethod  ] Register NMethod: jdk.internal.org.objectweb.asm.Frame.accept (0x00007f77cfcb7c10) [0x00007f77cfcb7e40, 0x00007f77cfcb8878] Compiler: c1, Barriers: 5, Oops: 0, ImmediateOops: 0, NonImmediateOops: No
[2,160s][debug  ][gc,nmethod  ] Register NMethod: java.lang.invoke.DirectMethodHandle.allocateInstance (0x00007f77cfcb8c10) [0x00007f77cfcb8dc0, 0x00007f77cfcb9000] Compiler: c1, Barriers: 1, Oops: 0, ImmediateOops: 1, NonImmediateOops: No
[2,160s][debug  ][gc,nmethod  ] Register NMethod: java.lang.invoke.DirectMethodHandle.constructorMethod (0x00007f77cfcb9110) [0x00007f77cfcb92c0, 0x00007f77cfcb94b8] Compiler: c1, Barriers: 1, Oops: 0, ImmediateOops: 0, NonImmediateOops: No
[2,161s][debug  ][gc,nmethod  ] Register NMethod: jdk.internal.reflect.ReflectionFactory.copyMethod (0x00007f77cfcb9590) [0x00007f77cfcb9740, 0x00007f77cfcb9960] Compiler: c1, Barriers: 1, Oops: 0, ImmediateOops: 0, NonImmediateOops: No
[2,161s][debug  ][gc,nmethod  ] Register NMethod: java.lang.reflect.ReflectAccess.copyMethod (0x00007f77cfcb9a90) [0x00007f77cfcb9c40, 0x00007f77cfcb9d80] Compiler: c1, Barriers: 0, Oops: 0, ImmediateOops: 0, NonImmediateOops: No
[2,161s][debug  ][gc,nmethod  ] Register NMethod: java.lang.reflect.Method.<init> (0x00007f77cfcb9e90) [0x00007f77cfcba080, 0x00007f77cfcba6f8] Compiler: c1, Barriers: 27, Oops: 0, ImmediateOops: 0, NonImmediateOops: No
[2,161s][debug  ][gc,nmethod  ] Register NMethod: java.lang.reflect.Method.copy (0x00007f77cfcba810) [0x00007f77cfcbaa00, 0x00007f77cfcbb078] Compiler: c1, Barriers: 17, Oops: 0, ImmediateOops: 1, NonImmediateOops: No
[2,161s][debug  ][gc,nmethod  ] Register NMethod: jdk.internal.org.objectweb.asm.SymbolTable.put (0x00007f77ef22b010) [0x00007f77ef22b1c0, 0x00007f77ef22b4f8] Compiler: c2, Barriers: 8, Oops: 0, ImmediateOops: 0, NonImmediateOops: No
[2,162s][debug  ][gc,nmethod  ] Register NMethod: java.util.LinkedHashMap$LinkedHashIterator.nextNode (0x00007f77cfcbb190) [0x00007f77cfcbb380, 0x00007f77cfcbb818] Compiler: c1, Barriers: 10, Oops: 0, ImmediateOops: 0, NonImmediateOops: No
[2,163s][debug  ][gc,nmethod  ] Register NMethod: jdk.internal.org.objectweb.asm.Type.<init> (0x00007f77cfcbb990) [0x00007f77cfcbbb40, 0x00007f77cfcbbd20] Compiler: c1, Barriers: 3, Oops: 0, ImmediateOops: 0, NonImmediateOops: No
[2,165s][debug  ][gc,director ] Rule Major: Warmup 10%, Used: 64MB, UsedThreshold: 1536MB
[2,166s][debug  ][gc,nmethod  ] Register NMethod: jdk.internal.org.objectweb.asm.Edge.<init> (0x00007f77cfcbbe10) [0x00007f77cfcbbfc0, 0x00007f77cfcbc210] Compiler: c1, Barriers: 6, Oops: 0, ImmediateOops: 0, NonImmediateOops: No
[2,166s][debug  ][gc,nmethod  ] Register NMethod: jdk.internal.loader.AbstractClassLoaderValue$Sub.parent (0x00007f77ef22b690) [0x00007f77ef22b820, 0x00007f77ef22b910] Compiler: c1, Barriers: 1, Oops: 0, ImmediateOops: 0, NonImmediateOops: No
[2,167s][debug  ][gc,nmethod  ] Register NMethod: sun.reflect.generics.parser.SignatureParser.skipIdentifier (0x00007f77cfcbc310) [0x00007f77cfcbc520, 0x00007f77cfcbcab8] Compiler: c1, Barriers: 0, Oops: 0, ImmediateOops: 0, NonImmediateOops: No
[2,167s][debug  ][gc,nmethod  ] Register NMethod: jdk.internal.org.objectweb.asm.Frame.merge (0x00007f77cfcbcc90) [0x00007f77cfcbcfa0, 0x00007f77cfcbe1f0] Compiler: c1, Barriers: 29, Oops: 0, ImmediateOops: 0, NonImmediateOops: No
[2,168s][debug  ][gc,nmethod  ] Register NMethod: jdk.internal.loader.Resource.getByteBuffer (0x00007f77cfcbe810) [0x00007f77cfcbea00, 0x00007f77cfcbf138] Compiler: c1, Barriers: 5, Oops: 0, ImmediateOops: 0, NonImmediateOops: No
[2,169s][debug  ][gc,nmethod  ] Register NMethod: sun.invoke.util.VerifyAccess.isTypeVisible (0x00007f77cfcbf290) [0x00007f77cfcbf480, 0x00007f77cfcbf950] Compiler: c1, Barriers: 4, Oops: 0, ImmediateOops: 0, NonImmediateOops: No
[2,171s][debug  ][gc,nmethod  ] Register NMethod: jdk.internal.misc.Unsafe.allocateUninitializedArray (0x00007f77ef22b990) [0x00007f77ef22bb20, 0x00007f77ef22bcd8] Compiler: c2, Barriers: 0, Oops: 0, ImmediateOops: 0, NonImmediateOops: No
[2,174s][debug  ][gc,nmethod  ] Register NMethod: jdk.internal.misc.Unsafe.allocateUninitializedArray0 (0x00007f77ef22be10) [0x00007f77ef22bfa0, 0x00007f77ef22c168] Compiler: c2, Barriers: 0, Oops: 1, ImmediateOops: 1, NonImmediateOops: No
[2,174s][debug  ][gc,nmethod  ] Register NMethod: java.util.concurrent.ConcurrentHashMap.transfer (0x00007f77ef22c210) [0x00007f77ef22c460, 0x00007f77ef22d878] Compiler: c2, Barriers: 44, Oops: 0, ImmediateOops: 0, NonImmediateOops: No
[2,175s][debug  ][gc,nmethod  ] Register NMethod: jdk.internal.org.objectweb.asm.SymbolTable.addConstantUtf8 (0x00007f77ef22e010) [0x00007f77ef22e240, 0x00007f77ef22ecd0] Compiler: c2, Barriers: 19, Oops: 0, ImmediateOops: 0, NonImmediateOops: No
[2,175s][debug  ][gc,director ] Rule Major: Warmup 10%, Used: 64MB, UsedThreshold: 1536MB
[2,175s][debug  ][gc,nmethod  ] Register NMethod: jdk.internal.misc.Blocker.begin (0x00007f77ef22f190) [0x00007f77ef22f320, 0x00007f77ef22f418] Compiler: c2, Barriers: 1, Oops: 0, ImmediateOops: 1, NonImmediateOops: No
[2,177s][debug  ][gc,nmethod  ] Register NMethod: jdk.internal.misc.Unsafe.allocateUninitializedArray (0x00007f77ef22f510) [0x00007f77ef22f6a0, 0x00007f77ef22f848] Compiler: c2, Barriers: 0, Oops: 0, ImmediateOops: 0, NonImmediateOops: No
[2,180s][debug  ][gc,nmethod  ] Register NMethod: java.lang.invoke.MethodHandle.linkToSpecial (0x00007f77ef22f990) [0x00007f77ef22fb00, 0x00007f77ef22fbf8] Compiler: , Barriers: 0, Oops: 0, ImmediateOops: 0, NonImmediateOops: No
[2,181s][debug  ][gc,nmethod  ] Register NMethod: jdk.internal.org.objectweb.asm.SymbolTable$Entry.<init> (0x00007f77ef22fc90) [0x00007f77ef22fe20, 0x00007f77ef230058] Compiler: c2, Barriers: 7, Oops: 0, ImmediateOops: 0, NonImmediateOops: No
[2,182s][debug  ][gc,nmethod  ] Register NMethod: jdk.internal.org.objectweb.asm.Type.getTypeInternal (0x00007f77cfcbfb90) [0x00007f77cfcbfee0, 0x00007f77cfcc11f0] Compiler: c1, Barriers: 11, Oops: 2, ImmediateOops: 12, NonImmediateOops: No
[2,183s][debug  ][gc,nmethod  ] Register NMethod: java.lang.invoke.MethodHandle.maybeCustomize (0x00007f77cfc8a010) [0x00007f77cfc8a1e0, 0x00007f77cfc8a608] Compiler: c1, Barriers: 2, Oops: 0, ImmediateOops: 0, NonImmediateOops: No
[2,185s][debug  ][gc,director ] Rule Major: Warmup 10%, Used: 64MB, UsedThreshold: 1536MB
[2,187s][debug  ][gc,nmethod  ] Register NMethod: jdk.internal.loader.ClassLoaders.platformClassLoader (0x00007f77cfcc1810) [0x00007f77cfcc19a0, 0x00007f77cfcc1a90] Compiler: c1, Barriers: 0, Oops: 0, ImmediateOops: 1, NonImmediateOops: No
[2,189s][debug  ][gc,nmethod  ] Register NMethod: java.lang.String.valueOf (0x00007f77cfcc1b10) [0x00007f77cfcc1cc0, 0x00007f77cfcc1eb8] Compiler: c1, Barriers: 0, Oops: 0, ImmediateOops: 1, NonImmediateOops: No
[2,189s][debug  ][gc,nmethod  ] Register NMethod: java.lang.Integer.compare (0x00007f77cfcc1f90) [0x00007f77cfcc2140, 0x00007f77cfcc2318] Compiler: c1, Barriers: 0, Oops: 0, ImmediateOops: 0, NonImmediateOops: No
[2,191s][debug  ][gc,nmethod  ] Register NMethod: java.lang.reflect.ProxyGenerator.dotToSlash (0x00007f77cfcc2390) [0x00007f77cfcc2540, 0x00007f77cfcc2668] Compiler: c1, Barriers: 0, Oops: 0, ImmediateOops: 0, NonImmediateOops: No
[2,192s][debug  ][gc,nmethod  ] Register NMethod: java.util.Arrays.equals (0x00007f77cfcc2710) [0x00007f77cfcc28e0, 0x00007f77cfcc2bd8] Compiler: c1, Barriers: 0, Oops: 0, ImmediateOops: 0, NonImmediateOops: No
[2,192s][debug  ][gc,nmethod  ] Register NMethod: java.util.LinkedHashMap$LinkedValueIterator.next (0x00007f77cfcc2d10) [0x00007f77cfcc2ec0, 0x00007f77cfcc3038] Compiler: c1, Barriers: 1, Oops: 0, ImmediateOops: 0, NonImmediateOops: No
[2,193s][debug  ][gc,nmethod  ] Register NMethod: java.util.ArrayList.<init> (0x00007f77cfcc3110) [0x00007f77cfcc3380, 0x00007f77cfcc3c88] Compiler: c1, Barriers: 6, Oops: 1, ImmediateOops: 2, NonImmediateOops: No
[2,193s][debug  ][gc,nmethod  ] Register NMethod: java.lang.Class.forName0 (0x00007f77ef230110) [0x00007f77ef2302c0, 0x00007f77ef2306a8] Compiler: , Barriers: 0, Oops: 0, ImmediateOops: 1, NonImmediateOops: No
[2,194s][debug  ][gc,nmethod  ] Register NMethod: java.lang.Class.forName (0x00007f77cfcc3f90) [0x00007f77cfcc4140, 0x00007f77cfcc4350] Compiler: c1, Barriers: 0, Oops: 0, ImmediateOops: 0, NonImmediateOops: No
[2,194s][debug  ][gc,nmethod  ] Register NMethod: java.lang.Class.forName (0x00007f77cfcc4490) [0x00007f77cfcc4640, 0x00007f77cfcc4840] Compiler: c1, Barriers: 0, Oops: 0, ImmediateOops: 0, NonImmediateOops: No
[2,195s][debug  ][gc,nmethod  ] Register NMethod: jdk.internal.org.objectweb.asm.MethodWriter.visitFrameStart (0x00007f77cfcc4990) [0x00007f77cfcc4b40, 0x00007f77cfcc4ec8] Compiler: c1, Barriers: 5, Oops: 0, ImmediateOops: 0, NonImmediateOops: No
[2,195s][debug  ][gc,director ] Rule Major: Warmup 10%, Used: 66MB, UsedThreshold: 1536MB
[2,195s][debug  ][gc,nmethod  ] Register NMethod: jdk.internal.org.objectweb.asm.MethodWriter.visitFrameEnd (0x00007f77cfcc5010) [0x00007f77cfcc5200, 0x00007f77cfcc5830] Compiler: c1, Barriers: 15, Oops: 0, ImmediateOops: 0, NonImmediateOops: No
[2,195s][debug  ][gc,nmethod  ] Register NMethod: jdk.internal.org.objectweb.asm.MethodWriter.computeAllFrames (0x00007f77cfcc5990) [0x00007f77cfcc5da0, 0x00007f77cfcc7bc0] Compiler: c1, Barriers: 65, Oops: 1, ImmediateOops: 5, NonImmediateOops: No
[2,196s][debug  ][gc,nmethod  ] Register NMethod: java.util.HashMap.<init> (0x00007f77cfcc8690) [0x00007f77cfcc89a0, 0x00007f77cfcc9928] Compiler: c1, Barriers: 0, Oops: 2, ImmediateOops: 2, NonImmediateOops: No
[2,199s][debug  ][gc,nmethod  ] Register NMethod: java.util.LinkedHashMap.get (0x00007f77cfcc9f10) [0x00007f77cfcca0e0, 0x00007f77cfcca3c0] Compiler: c1, Barriers: 1, Oops: 0, ImmediateOops: 0, NonImmediateOops: No
[2,201s][debug  ][gc,nmethod  ] Register NMethod: java.util.HashMap.put (0x00007f77ef230710) [0x00007f77ef2309a0, 0x00007f77ef231678] Compiler: c2, Barriers: 32, Oops: 0, ImmediateOops: 0, NonImmediateOops: No
[2,201s][debug  ][gc,nmethod  ] Register NMethod: java.util.logging.LogManager.getProperty (0x00007f77cfcca510) [0x00007f77cfcca6c0, 0x00007f77cfcca8b8] Compiler: c1, Barriers: 1, Oops: 0, ImmediateOops: 0, NonImmediateOops: No
[2,201s][debug  ][gc,nmethod  ] Register NMethod: java.lang.StringConcatHelper.prepend (0x00007f77ef231d90) [0x00007f77ef231f20, 0x00007f77ef232128] Compiler: c2, Barriers: 1, Oops: 0, ImmediateOops: 0, NonImmediateOops: No
[2,202s][debug  ][gc,nmethod  ] Register NMethod: java.nio.HeapByteBuffer.byteOffset (0x00007f77cfcca990) [0x00007f77cfccab20, 0x00007f77cfccac28] Compiler: c1, Barriers: 0, Oops: 0, ImmediateOops: 0, NonImmediateOops: No
[2,202s][debug  ][gc,nmethod  ] Register NMethod: java.nio.Buffer.nextGetIndex (0x00007f77cfccac90) [0x00007f77cfccae40, 0x00007f77cfccb010] Compiler: c1, Barriers: 0, Oops: 0, ImmediateOops: 0, NonImmediateOops: No
[2,203s][debug  ][gc,nmethod  ] Register NMethod: java.security.AccessController.executePrivileged (0x00007f77cfccb110) [0x00007f77cfccb2e0, 0x00007f77cfccb5e0] Compiler: c1, Barriers: 0, Oops: 0, ImmediateOops: 0, NonImmediateOops: No
[2,203s][debug  ][gc,nmethod  ] Register NMethod: java.security.AccessController.doPrivileged (0x00007f77cfccb710) [0x00007f77cfccb8e0, 0x00007f77cfccbc08] Compiler: c1, Barriers: 0, Oops: 0, ImmediateOops: 0, NonImmediateOops: No
[2,203s][debug  ][gc,nmethod  ] Register NMethod: java.nio.HeapByteBuffer.getShort (0x00007f77cfccbd90) [0x00007f77cfccc000, 0x00007f77cfccca38] Compiler: c1, Barriers: 2, Oops: 1, ImmediateOops: 2, NonImmediateOops: No
[2,203s][debug  ][gc,nmethod  ] Register NMethod: jdk.internal.misc.ScopedMemoryAccess.getShortUnaligned (0x00007f77cfccce90) [0x00007f77cfccd080, 0x00007f77cfccd538] Compiler: c1, Barriers: 0, Oops: 0, ImmediateOops: 1, NonImmediateOops: No
[2,203s][debug  ][gc,nmethod  ] Register NMethod: jdk.internal.misc.ScopedMemoryAccess.getShortUnalignedInternal (0x00007f77cfccd810) [0x00007f77cfccd9e0, 0x00007f77cfccdd58] Compiler: c1, Barriers: 0, Oops: 0, ImmediateOops: 1, NonImmediateOops: No
[2,203s][debug  ][gc,nmethod  ] Register NMethod: sun.invoke.util.VerifyAccess.getClassModifiers (0x00007f77cfccdf10) [0x00007f77cfcce0e0, 0x00007f77cfcce330] Compiler: c1, Barriers: 0, Oops: 0, ImmediateOops: 0, NonImmediateOops: No
[2,204s][debug  ][gc,nmethod  ] Register NMethod: java.lang.invoke.MemberName.<init> (0x00007f77cfcce410) [0x00007f77cfcce740, 0x00007f77cfccf8a8] Compiler: c1, Barriers: 0, Oops: 4, ImmediateOops: 5, NonImmediateOops: No
[2,204s][debug  ][gc,nmethod  ] Register NMethod: java.lang.String.replace (0x00007f77ef232310) [0x00007f77ef2324a0, 0x00007f77ef2325e0] Compiler: c2, Barriers: 1, Oops: 0, ImmediateOops: 0, NonImmediateOops: No
[2,204s][debug  ][gc,nmethod  ] Register NMethod: java.util.Objects.hash (0x00007f77cfccfe10) [0x00007f77cfccffc0, 0x00007f77cfcd00d8] Compiler: c1, Barriers: 0, Oops: 0, ImmediateOops: 0, NonImmediateOops: No
[2,204s][debug  ][gc,nmethod  ] Register NMethod: java.lang.Byte.<init> (0x00007f77cfcd0190) [0x00007f77cfcd0340, 0x00007f77cfcd0500] Compiler: c1, Barriers: 0, Oops: 0, ImmediateOops: 0, NonImmediateOops: No
[2,204s][debug  ][gc,nmethod  ] Register NMethod: java.lang.Byte.hashCode (0x00007f77cfcd0610) [0x00007f77cfcd07a0, 0x00007f77cfcd0900] Compiler: c1, Barriers: 0, Oops: 0, ImmediateOops: 0, NonImmediateOops: No
[2,204s][debug  ][gc,nmethod  ] Register NMethod: java.lang.Byte.hashCode (0x00007f77cfcd0990) [0x00007f77cfcd0b20, 0x00007f77cfcd0c08] Compiler: c1, Barriers: 0, Oops: 0, ImmediateOops: 0, NonImmediateOops: No
[2,204s][debug  ][gc,nmethod  ] Register NMethod: java.lang.invoke.MemberName.hashCode (0x00007f77cfcd0c90) [0x00007f77cfcd0f00, 0x00007f77cfcd1b70] Compiler: c1, Barriers: 14, Oops: 0, ImmediateOops: 0, NonImmediateOops: No
[2,205s][debug  ][gc,director ] Rule Major: Warmup 10%, Used: 66MB, UsedThreshold: 1536MB
[2,206s][debug  ][gc,nmethod  ] Register NMethod: java.lang.Class.privateGetDeclaredMethods (0x00007f77cfcd1e90) [0x00007f77cfcd20e0, 0x00007f77cfcd2998] Compiler: c1, Barriers: 10, Oops: 0, ImmediateOops: 2, NonImmediateOops: No
[2,208s][debug  ][gc,nmethod  ] Register NMethod: java.lang.StringBuilder.<init> (0x00007f77ef232690) [0x00007f77ef232820, 0x00007f77ef2329b8] Compiler: c2, Barriers: 3, Oops: 0, ImmediateOops: 0, NonImmediateOops: No
[2,208s][debug  ][gc,nmethod  ] Register NMethod: java.lang.Class.getAnnotationType (0x00007f77ef232a90) [0x00007f77ef232c20, 0x00007f77ef232d18] Compiler: c1, Barriers: 1, Oops: 0, ImmediateOops: 0, NonImmediateOops: No
[2,209s][debug  ][gc,nmethod  ] Register NMethod: java.lang.invoke.MethodHandle.linkToInterface (0x00007f77ef232d90) [0x00007f77ef232f00, 0x00007f77ef233038] Compiler: , Barriers: 0, Oops: 0, ImmediateOops: 0, NonImmediateOops: No
[2,209s][debug  ][gc,nmethod  ] Register NMethod: java.lang.StringBuilder.toString (0x00007f77ef233090) [0x00007f77ef233220, 0x00007f77ef233348] Compiler: c2, Barriers: 0, Oops: 0, ImmediateOops: 0, NonImmediateOops: No
[2,209s][debug  ][gc,nmethod  ] Register NMethod: java.util.stream.StreamOpFlag.getMask (0x00007f77cfcd2b90) [0x00007f77cfcd2d20, 0x00007f77cfcd2e98] Compiler: c1, Barriers: 0, Oops: 0, ImmediateOops: 0, NonImmediateOops: No
[2,210s][debug  ][gc,nmethod  ] Register NMethod: java.util.stream.StreamOpFlag.combineOpFlags (0x00007f77cfcd2f10) [0x00007f77cfcd30a0, 0x00007f77cfcd3258] Compiler: c1, Barriers: 0, Oops: 0, ImmediateOops: 0, NonImmediateOops: No
[2,211s][debug  ][gc,nmethod  ] Register NMethod: org.junit.platform.commons.util.ReflectionUtils$$Lambda/0x000000008019c848.compare (0x00007f77cfcd3310) [0x00007f77cfcd34c0, 0x00007f77cfcd37a8] Compiler: c1, Barriers: 0, Oops: 1, ImmediateOops: 0, NonImmediateOops: No
[2,211s][debug  ][gc,nmethod  ] Register NMethod: java.util.ArrayList.grow (0x00007f77cfcd3890) [0x00007f77cfcd3aa0, 0x00007f77cfcd4198] Compiler: c1, Barriers: 9, Oops: 0, ImmediateOops: 1, NonImmediateOops: No
[2,211s][debug  ][gc,nmethod  ] Register NMethod: org.junit.platform.commons.util.ReflectionUtils.defaultMethodSorter (0x00007f77cfcd4390) [0x00007f77cfcd45a0, 0x00007f77cfcd4a20] Compiler: c1, Barriers: 2, Oops: 1, ImmediateOops: 0, NonImmediateOops: No
[2,212s][debug  ][gc,nmethod  ] Register NMethod: sun.reflect.generics.visitor.Reifier.getFactory (0x00007f77ef233410) [0x00007f77ef2335a0, 0x00007f77ef233690] Compiler: c1, Barriers: 1, Oops: 0, ImmediateOops: 0, NonImmediateOops: No
[2,212s][debug  ][gc,nmethod  ] Register NMethod: sun.reflect.generics.tree.SimpleClassTypeSignature.getName (0x00007f77ef233710) [0x00007f77ef2338a0, 0x00007f77ef233990] Compiler: c1, Barriers: 1, Oops: 0, ImmediateOops: 0, NonImmediateOops: No
[2,212s][debug  ][gc,nmethod  ] Register NMethod: sun.reflect.generics.tree.SimpleClassTypeSignature.getDollar (0x00007f77ef233a10) [0x00007f77ef233ba0, 0x00007f77ef233c68] Compiler: c1, Barriers: 0, Oops: 0, ImmediateOops: 0, NonImmediateOops: No
[2,212s][debug  ][gc,nmethod  ] Register NMethod: sun.reflect.generics.tree.ClassTypeSignature.getPath (0x00007f77ef233d10) [0x00007f77ef233ea0, 0x00007f77ef233f90] Compiler: c1, Barriers: 1, Oops: 0, ImmediateOops: 0, NonImmediateOops: No
[2,212s][debug  ][gc,nmethod  ] Register NMethod: java.lang.reflect.Method.getRoot (0x00007f77ef234010) [0x00007f77ef2341a0, 0x00007f77ef234298] Compiler: c1, Barriers: 1, Oops: 0, ImmediateOops: 0, NonImmediateOops: No
[2,212s][debug  ][gc,nmethod  ] Register NMethod: sun.reflect.generics.tree.SimpleClassTypeSignature.getTypeArguments (0x00007f77ef234310) [0x00007f77ef2344a0, 0x00007f77ef234590] Compiler: c1, Barriers: 1, Oops: 0, ImmediateOops: 0, NonImmediateOops: No
[2,212s][debug  ][gc,nmethod  ] Register NMethod: java.lang.reflect.Array.newArray (0x00007f77ef234610) [0x00007f77ef2347c0, 0x00007f77ef234b78] Compiler: , Barriers: 0, Oops: 0, ImmediateOops: 1, NonImmediateOops: No
[2,213s][debug  ][gc,nmethod  ] Register NMethod: org.junit.platform.commons.util.Preconditions.condition (0x00007f77cfcd4c10) [0x00007f77cfcd4dc0, 0x00007f77cfcd4fc0] Compiler: c1, Barriers: 0, Oops: 1, ImmediateOops: 0, NonImmediateOops: No
[2,213s][debug  ][gc,nmethod  ] Register NMethod: java.lang.reflect.Modifier.isPrivate (0x00007f77cfcd5110) [0x00007f77cfcd52a0, 0x00007f77cfcd53e8] Compiler: c1, Barriers: 0, Oops: 0, ImmediateOops: 0, NonImmediateOops: No
[2,213s][debug  ][gc,nmethod  ] Register NMethod: org.junit.platform.commons.util.Preconditions.notNull (0x00007f77cfcd5490) [0x00007f77cfcd5640, 0x00007f77cfcd58f8] Compiler: c1, Barriers: 0, Oops: 1, ImmediateOops: 0, NonImmediateOops: No
[2,213s][debug  ][gc,nmethod  ] Register NMethod: sun.reflect.generics.parser.SignatureParser.current (0x00007f77ef234b90) [0x00007f77ef234d20, 0x00007f77ef234ef0] Compiler: c2, Barriers: 2, Oops: 1, ImmediateOops: 0, NonImmediateOops: No
[2,213s][debug  ][gc,nmethod  ] Register NMethod: java.lang.invoke.MethodHandleImpl.countNonNull (0x00007f77cfcd5a10) [0x00007f77cfcd5bc0, 0x00007f77cfcd5e40] Compiler: c1, Barriers: 1, Oops: 0, ImmediateOops: 0, NonImmediateOops: No
[2,213s][debug  ][gc,nmethod  ] Register NMethod: java.lang.invoke.MethodHandle.asTypeUncached (0x00007f77cfcd5f10) [0x00007f77cfcd61e0, 0x00007f77cfcd6cd0] Compiler: c1, Barriers: 1, Oops: 2, ImmediateOops: 3, NonImmediateOops: No
[2,213s][debug  ][gc,nmethod  ] Register NMethod: java.lang.invoke.MethodHandleImpl.computeValueConversions (0x00007f77cfcd7190) [0x00007f77cfcd73c0, 0x00007f77cfcd7d28] Compiler: c1, Barriers: 10, Oops: 0, ImmediateOops: 0, NonImmediateOops: No
[2,213s][debug  ][gc,nmethod  ] Register NMethod: java.lang.invoke.MethodHandleImpl.makePairwiseConvert (0x00007f77cfcd8110) [0x00007f77cfcd82c0, 0x00007f77cfcd83e0] Compiler: c1, Barriers: 0, Oops: 0, ImmediateOops: 0, NonImmediateOops: No
[2,214s][debug  ][gc,nmethod  ] Register NMethod: java.lang.invoke.MethodHandleImpl.makePairwiseConvert (0x00007f77cfcd8490) [0x00007f77cfcd8640, 0x00007f77cfcd8880] Compiler: c1, Barriers: 1, Oops: 0, ImmediateOops: 0, NonImmediateOops: No
[2,214s][debug  ][gc,nmethod  ] Register NMethod: java.lang.invoke.MethodType.isConvertibleTo (0x00007f77cfcd8990) [0x00007f77cfcd8c00, 0x00007f77cfcd97e8] Compiler: c1, Barriers: 12, Oops: 0, ImmediateOops: 0, NonImmediateOops: No
[2,215s][debug  ][gc,nmethod  ] Register NMethod: jdk.internal.loader.ClassLoaders$AppClassLoader.defineOrCheckPackage (0x00007f77cfcd9a90) [0x00007f77cfcd9c40, 0x00007f77cfcd9d80] Compiler: c1, Barriers: 0, Oops: 0, ImmediateOops: 0, NonImmediateOops: No
[2,215s][debug  ][gc,nmethod  ] Register NMethod: jdk.internal.loader.BuiltinClassLoader.defineOrCheckPackage (0x00007f77cfcd9e10) [0x00007f77cfcda080, 0x00007f77cfcda978] Compiler: c1, Barriers: 0, Oops: 1, ImmediateOops: 1, NonImmediateOops: No
[2,215s][debug  ][gc,nmethod  ] Register NMethod: java.util.stream.ReduceOps$3ReducingSink.accept (0x00007f77cfcdad10) [0x00007f77cfcdaec0, 0x00007f77cfcdb0f8] Compiler: c1, Barriers: 2, Oops: 0, ImmediateOops: 0, NonImmediateOops: No
[2,215s][debug  ][gc,nmethod  ] Register NMethod: jdk.internal.loader.BuiltinClassLoader.defineClass (0x00007f77cfcdb190) [0x00007f77cfcdb4c0, 0x00007f77cfcdc7f0] Compiler: c1, Barriers: 6, Oops: 0, ImmediateOops: 0, NonImmediateOops: No
[2,215s][debug  ][gc,nmethod  ] Register NMethod: jdk.internal.loader.BuiltinClassLoader.getAndVerifyPackage (0x00007f77cfcdcd90) [0x00007f77cfcdd100, 0x00007f77cfcde2a8] Compiler: c1, Barriers: 4, Oops: 4, ImmediateOops: 4, NonImmediateOops: No
[2,215s][debug  ][gc,director ] Rule Major: Warmup 10%, Used: 66MB, UsedThreshold: 1536MB
[2,216s][debug  ][gc,nmethod  ] Register NMethod: jdk.internal.org.objectweb.asm.ClassWriter.<init> (0x00007f77cfcde910) [0x00007f77cfcdeac0, 0x00007f77cfcdec08] Compiler: c1, Barriers: 0, Oops: 0, ImmediateOops: 0, NonImmediateOops: No
[2,216s][debug  ][gc,nmethod  ] Register NMethod: jdk.internal.org.objectweb.asm.ClassVisitor.<init> (0x00007f77cfcdec90) [0x00007f77cfcdee40, 0x00007f77cfcdef88] Compiler: c1, Barriers: 0, Oops: 0, ImmediateOops: 0, NonImmediateOops: No
[2,216s][debug  ][gc,nmethod  ] Register NMethod: jdk.internal.org.objectweb.asm.ClassWriter.<init> (0x00007f77cfcdf010) [0x00007f77cfcdf200, 0x00007f77cfcdf6a8] Compiler: c1, Barriers: 3, Oops: 0, ImmediateOops: 0, NonImmediateOops: No
[2,216s][debug  ][gc,nmethod  ] Register NMethod: java.lang.invoke.MethodHandleImpl.makePairwiseConvertByEditor (0x00007f77cfcdf810) [0x00007f77cfce00c0, 0x00007f77cfce5580] Compiler: c1, Barriers: 43, Oops: 3, ImmediateOops: 15, NonImmediateOops: No
[2,217s][debug  ][gc,nmethod  ] Register NMethod: jdk.internal.org.objectweb.asm.ClassWriter.visit (0x00007f77cfce7410) [0x00007f77cfce7660, 0x00007f77cfce7fd0] Compiler: c1, Barriers: 12, Oops: 0, ImmediateOops: 0, NonImmediateOops: No
[2,217s][debug  ][gc,nmethod  ] Register NMethod: jdk.internal.org.objectweb.asm.ClassVisitor.<init> (0x00007f77cfce8410) [0x00007f77cfce8640, 0x00007f77cfce8e20] Compiler: c1, Barriers: 3, Oops: 1, ImmediateOops: 1, NonImmediateOops: No
[2,217s][debug  ][gc,nmethod  ] Register NMethod: jdk.internal.org.objectweb.asm.SymbolTable.<init> (0x00007f77cfce9110) [0x00007f77cfce9300, 0x00007f77cfce98f0] Compiler: c1, Barriers: 15, Oops: 0, ImmediateOops: 0, NonImmediateOops: No
[2,217s][debug  ][gc,nmethod  ] Register NMethod: jdk.internal.org.objectweb.asm.SymbolTable.setMajorVersionAndClassName (0x00007f77cfce9a10) [0x00007f77cfce9bc0, 0x00007f77cfce9de0] Compiler: c1, Barriers: 3, Oops: 0, ImmediateOops: 0, NonImmediateOops: No
[2,217s][debug  ][gc,nmethod  ] Register NMethod: jdk.internal.loader.BuiltinClassLoader.findClassOnClassPathOrNull (0x00007f77cfce9f10) [0x00007f77cfcea2a0, 0x00007f77cfceb6d8] Compiler: c1, Barriers: 2, Oops: 1, ImmediateOops: 13, NonImmediateOops: No
[2,217s][debug  ][gc,nmethod  ] Register NMethod: java.util.stream.Collectors$CollectorImpl.characteristics (0x00007f77ef235090) [0x00007f77ef235220, 0x00007f77ef235310] Compiler: c1, Barriers: 1, Oops: 0, ImmediateOops: 0, NonImmediateOops: No
[2,217s][debug  ][gc,nmethod  ] Register NMethod: java.lang.invoke.MethodHandle.linkToSpecial (0x00007f77ef235390) [0x00007f77ef235500, 0x00007f77ef2355f8] Compiler: , Barriers: 0, Oops: 0, ImmediateOops: 0, NonImmediateOops: No
[2,218s][debug  ][gc,nmethod  ] Register NMethod: sun.invoke.util.BytecodeDescriptor.unparseMethod (0x00007f77cfcebe90) [0x00007f77cfcec0c0, 0x00007f77cfcec6c0] Compiler: c1, Barriers: 1, Oops: 0, ImmediateOops: 0, NonImmediateOops: No
[2,218s][debug  ][gc,nmethod  ] Register NMethod: java.lang.invoke.MethodHandleNatives.linkMethodHandleConstant (0x00007f77cfceca10) [0x00007f77cfcecbe0, 0x00007f77cfcecdd8] Compiler: c1, Barriers: 0, Oops: 0, ImmediateOops: 1, NonImmediateOops: No
[2,218s][debug  ][gc,nmethod  ] Register NMethod: jdk.internal.misc.VM.isSystemDomainLoader (0x00007f77cfcecf90) [0x00007f77cfced160, 0x00007f77cfced4e0] Compiler: c1, Barriers: 0, Oops: 0, ImmediateOops: 1, NonImmediateOops: No
[2,218s][debug  ][gc,nmethod  ] Register NMethod: java.lang.invoke.MemberName.isField (0x00007f77cfced610) [0x00007f77cfced7a0, 0x00007f77cfced970] Compiler: c1, Barriers: 0, Oops: 0, ImmediateOops: 0, NonImmediateOops: No
[2,219s][debug  ][gc,nmethod  ] Register NMethod: java.lang.invoke.DirectMethodHandle.make (0x00007f77cfceda10) [0x00007f77cfcedbe0, 0x00007f77cfcedf08] Compiler: c1, Barriers: 1, Oops: 0, ImmediateOops: 0, NonImmediateOops: No
[2,219s][debug  ][gc,nmethod  ] Register NMethod: java.lang.invoke.MemberName.asSpecial (0x00007f77cfcee010) [0x00007f77cfcee2e0, 0x00007f77cfceefa8] Compiler: c1, Barriers: 0, Oops: 0, ImmediateOops: 0, NonImmediateOops: No
[2,219s][debug  ][gc,nmethod  ] Register NMethod: java.lang.invoke.DirectMethodHandle.make (0x00007f77cfcef410) [0x00007f77cfcef7c0, 0x00007f77cfcf0c30] Compiler: c1, Barriers: 4, Oops: 0, ImmediateOops: 1, NonImmediateOops: No
[2,219s][debug  ][gc,nmethod  ] Rebuilding NMethod Table: 2048->4096 entries, 1434(70%->35%) registered, 0(0%->0%) unregistered
[2,219s][debug  ][gc,nmethod  ] Register NMethod: java.lang.invoke.MethodHandles$Lookup.checkMethodName (0x00007f77cfcf1410) [0x00007f77cfcf1640, 0x00007f77cfcf1cf8] Compiler: c1, Barriers: 0, Oops: 2, ImmediateOops: 2, NonImmediateOops: No
[2,219s][debug  ][gc,nmethod  ] Register NMethod: java.lang.invoke.MethodHandles$Lookup.resolveOrFail (0x00007f77cfcf2010) [0x00007f77cfcf2260, 0x00007f77cfcf2940] Compiler: c1, Barriers: 1, Oops: 1, ImmediateOops: 3, NonImmediateOops: No
[2,219s][debug  ][gc,nmethod  ] Register NMethod: java.lang.invoke.MethodHandles$Lookup.linkMethodHandleConstant (0x00007f77cfcf2c10) [0x00007f77cfcf3040, 0x00007f77cfcf4af0] Compiler: c1, Barriers: 12, Oops: 0, ImmediateOops: 6, NonImmediateOops: No
[2,220s][debug  ][gc,nmethod  ] Register NMethod: java.lang.invoke.LambdaForm$MH/0x0000000080104000.invoke (0x00007f77cfcf5290) [0x00007f77cfcf5460, 0x00007f77cfcf5958] Compiler: c1, Barriers: 2, Oops: 1, ImmediateOops: 0, NonImmediateOops: No
[2,220s][debug  ][gc,nmethod  ] Register NMethod: java.lang.invoke.DirectMethodHandle$Holder.invokeStatic (0x00007f77cfcf5a90) [0x00007f77cfcf5c60, 0x00007f77cfcf6150] Compiler: c1, Barriers: 1, Oops: 0, ImmediateOops: 0, NonImmediateOops: No
[2,221s][debug  ][gc,nmethod  ] Register NMethod: java.lang.Module.implIsExportedOrOpen (0x00007f77cfcf6290) [0x00007f77cfcf64e0, 0x00007f77cfcf6cf0] Compiler: c1, Barriers: 5, Oops: 0, ImmediateOops: 0, NonImmediateOops: No
[2,221s][debug  ][gc,nmethod  ] Register NMethod: java.lang.invoke.MethodHandle.linkToInterface (0x00007f77ef235690) [0x00007f77ef235800, 0x00007f77ef235938] Compiler: , Barriers: 0, Oops: 0, ImmediateOops: 0, NonImmediateOops: No
[2,222s][debug  ][gc,nmethod  ] Register NMethod: java.lang.invoke.DirectMethodHandle$Holder.newInvokeSpecial (0x00007f77cfcf6e90) [0x00007f77cfcf7080, 0x00007f77cfcf7798] Compiler: c1, Barriers: 2, Oops: 0, ImmediateOops: 1, NonImmediateOops: No
[2,223s][debug  ][gc,nmethod  ] Register NMethod: java.lang.invoke.MethodHandles$Lookup$ClassOption.optionsToFlag (0x00007f77cfcf7990) [0x00007f77cfcf7b80, 0x00007f77cfcf8030] Compiler: c1, Barriers: 0, Oops: 0, ImmediateOops: 0, NonImmediateOops: No
[2,224s][debug  ][gc,nmethod  ] Register NMethod: java.lang.invoke.MethodHandles$Lookup.makeHiddenClassDefiner (0x00007f77cfcf8210) [0x00007f77cfcf83e0, 0x00007f77cfcf86e8] Compiler: c1, Barriers: 0, Oops: 0, ImmediateOops: 0, NonImmediateOops: No
[2,224s][debug  ][gc,nmethod  ] Register NMethod: java.lang.invoke.MethodHandles$Lookup$ClassFile.<init> (0x00007f77cfcf8890) [0x00007f77cfcf8a40, 0x00007f77cfcf8c90] Compiler: c1, Barriers: 6, Oops: 0, ImmediateOops: 0, NonImmediateOops: No
[2,224s][debug  ][gc,nmethod  ] Register NMethod: java.lang.invoke.MethodHandles$Lookup$ClassFile.newInstanceNoCheck (0x00007f77cfcf8d90) [0x00007f77cfcf8f40, 0x00007f77cfcf9228] Compiler: c1, Barriers: 6, Oops: 0, ImmediateOops: 0, NonImmediateOops: No
[2,224s][debug  ][gc,nmethod  ] Register NMethod: java.lang.invoke.MethodHandles$Lookup$ClassDefiner.<init> (0x00007f77cfcf9310) [0x00007f77cfcf94e0, 0x00007f77cfcf98a0] Compiler: c1, Barriers: 14, Oops: 0, ImmediateOops: 0, NonImmediateOops: No
[2,224s][debug  ][gc,nmethod  ] Register NMethod: java.lang.invoke.MethodHandles$Lookup.makeHiddenClassDefiner (0x00007f77cfcf9990) [0x00007f77cfcf9bc0, 0x00007f77cfcfa320] Compiler: c1, Barriers: 2, Oops: 0, ImmediateOops: 1, NonImmediateOops: No
[2,224s][debug  ][gc,nmethod  ] Register NMethod: java.lang.reflect.Method.getParameterCount (0x00007f77cfcfa610) [0x00007f77cfcfa7a0, 0x00007f77cfcfa8d8] Compiler: c1, Barriers: 1, Oops: 0, ImmediateOops: 0, NonImmediateOops: No
[2,225s][debug  ][gc,nmethod  ] Register NMethod: java.util.Spliterators$ArraySpliterator.characteristics (0x00007f77ef235990) [0x00007f77ef235b20, 0x00007f77ef235be0] Compiler: c1, Barriers: 0, Oops: 0, ImmediateOops: 0, NonImmediateOops: No
[2,225s][debug  ][gc,nmethod  ] Register NMethod: java.lang.reflect.Method.getParameterTypes (0x00007f77cfcfa990) [0x00007f77cfcfab40, 0x00007f77cfcfae10] Compiler: c1, Barriers: 1, Oops: 0, ImmediateOops: 0, NonImmediateOops: No
[2,225s][debug  ][gc,nmethod  ] Register NMethod: java.lang.reflect.Array.newInstance (0x00007f77cfcfaf10) [0x00007f77cfcfb0c0, 0x00007f77cfcfb1d8] Compiler: c1, Barriers: 0, Oops: 0, ImmediateOops: 0, NonImmediateOops: No
[2,225s][debug  ][gc,nmethod  ] Register NMethod: java.util.Optional.isPresent (0x00007f77cfcfb290) [0x00007f77cfcfb420, 0x00007f77cfcfb5b8] Compiler: c1, Barriers: 1, Oops: 0, ImmediateOops: 0, NonImmediateOops: No
[2,225s][debug  ][gc,nmethod  ] Register NMethod: java.lang.reflect.Method.isDefault (0x00007f77cfcfb690) [0x00007f77cfcfb840, 0x00007f77cfcfba88] Compiler: c1, Barriers: 1, Oops: 0, ImmediateOops: 0, NonImmediateOops: No
[2,225s][debug  ][gc,nmethod  ] Register NMethod: java.util.stream.Collectors$$Lambda/0x0000000080176b90.accept (0x00007f77cfcfbb90) [0x00007f77cfcfbd40, 0x00007f77cfcfbff8] Compiler: c1, Barriers: 0, Oops: 0, ImmediateOops: 0, NonImmediateOops: No
[2,225s][debug  ][gc,director ] Rule Major: Warmup 10%, Used: 68MB, UsedThreshold: 1536MB
[2,226s][debug  ][gc,nmethod  ] Register NMethod: sun.reflect.annotation.AnnotationInvocationHandler.invoke (0x00007f77cfcfc110) [0x00007f77cfcfc460, 0x00007f77cfcfd6f8] Compiler: c1, Barriers: 9, Oops: 0, ImmediateOops: 7, NonImmediateOops: No
[2,226s][debug  ][gc,nmethod  ] Register NMethod: org.junit.platform.commons.util.ReflectionUtils$$Lambda/0x000000008019c1f0.test (0x00007f77cfcfdc10) [0x00007f77cfcfdde0, 0x00007f77cfcfe168] Compiler: c1, Barriers: 1, Oops: 1, ImmediateOops: 0, NonImmediateOops: No
[2,226s][debug  ][gc,nmethod  ] Register NMethod: java.util.stream.SortedOps$SizedRefSortingSink.accept (0x00007f77cfcfe290) [0x00007f77cfcfe440, 0x00007f77cfcfe720] Compiler: c1, Barriers: 4, Oops: 0, ImmediateOops: 0, NonImmediateOops: No
[2,226s][debug  ][gc,nmethod  ] Register NMethod: org.junit.platform.commons.util.AnnotationUtils.isInJavaLangAnnotationPackage (0x00007f77cfcfe810) [0x00007f77cfcfe9e0, 0x00007f77cfcfed20] Compiler: c1, Barriers: 1, Oops: 2, ImmediateOops: 1, NonImmediateOops: No
[2,226s][debug  ][gc,nmethod  ] Register NMethod: java.util.stream.ReferencePipeline.<init> (0x00007f77cfcfee90) [0x00007f77cfcff040, 0x00007f77cfcff180] Compiler: c1, Barriers: 0, Oops: 0, ImmediateOops: 0, NonImmediateOops: No
[2,226s][debug  ][gc,nmethod  ] Register NMethod: java.util.stream.Sink$ChainedReference.<init> (0x00007f77cfcff210) [0x00007f77cfcff3e0, 0x00007f77cfcff810] Compiler: c1, Barriers: 3, Oops: 0, ImmediateOops: 0, NonImmediateOops: No
[2,226s][debug  ][gc,nmethod  ] Register NMethod: java.util.stream.AbstractPipeline.<init> (0x00007f77cfcff990) [0x00007f77cfcffba0, 0x00007f77cfd002b8] Compiler: c1, Barriers: 11, Oops: 0, ImmediateOops: 1, NonImmediateOops: No
[2,226s][debug  ][gc,nmethod  ] Register NMethod: java.util.Collections$EmptySet.contains (0x00007f77ef235c90) [0x00007f77ef235e20, 0x00007f77ef235ee0] Compiler: c1, Barriers: 0, Oops: 0, ImmediateOops: 0, NonImmediateOops: No
[2,227s][debug  ][gc,nmethod  ] Register NMethod: java.util.stream.ReferencePipeline$StatelessOp.<init> (0x00007f77cfd00510) [0x00007f77cfd006c0, 0x00007f77cfd00880] Compiler: c1, Barriers: 0, Oops: 0, ImmediateOops: 0, NonImmediateOops: No
[2,227s][debug  ][gc,nmethod  ] Register NMethod: java.util.stream.Sink$ChainedReference.end (0x00007f77cfd00990) [0x00007f77cfd00b40, 0x00007f77cfd00d38] Compiler: c1, Barriers: 1, Oops: 0, ImmediateOops: 0, NonImmediateOops: No
[2,227s][debug  ][gc,nmethod  ] Register NMethod: java.util.stream.StreamOpFlag.isKnown (0x00007f77cfd00e10) [0x00007f77cfd00fa0, 0x00007f77cfd01108] Compiler: c1, Barriers: 0, Oops: 0, ImmediateOops: 0, NonImmediateOops: No
[2,227s][debug  ][gc,nmethod  ] Register NMethod: java.util.stream.Collectors$CollectorImpl.supplier (0x00007f77ef235f90) [0x00007f77ef236120, 0x00007f77ef236210] Compiler: c1, Barriers: 1, Oops: 0, ImmediateOops: 0, NonImmediateOops: No
[2,227s][debug  ][gc,nmethod  ] Register NMethod: java.util.stream.Collectors$CollectorImpl.combiner (0x00007f77ef236290) [0x00007f77ef236420, 0x00007f77ef236510] Compiler: c1, Barriers: 1, Oops: 0, ImmediateOops: 0, NonImmediateOops: No
[2,227s][debug  ][gc,nmethod  ] Register NMethod: java.util.stream.Collectors$CollectorImpl.accumulator (0x00007f77ef236590) [0x00007f77ef236720, 0x00007f77ef236810] Compiler: c1, Barriers: 1, Oops: 0, ImmediateOops: 0, NonImmediateOops: No
[2,227s][debug  ][gc,nmethod  ] Register NMethod: java.lang.Boolean.booleanValue (0x00007f77ef236890) [0x00007f77ef236a20, 0x00007f77ef236ae8] Compiler: c1, Barriers: 0, Oops: 0, ImmediateOops: 0, NonImmediateOops: No
[2,227s][debug  ][gc,nmethod  ] Register NMethod: java.lang.Class.annotationData (0x00007f77cfd01190) [0x00007f77cfd01360, 0x00007f77cfd01680] Compiler: c1, Barriers: 1, Oops: 0, ImmediateOops: 0, NonImmediateOops: No
[2,228s][debug  ][gc,nmethod  ] Register NMethod: java.util.stream.StreamOpFlag.fromCharacteristics (0x00007f77cfd01790) [0x00007f77cfd01960, 0x00007f77cfd01c78] Compiler: c1, Barriers: 0, Oops: 0, ImmediateOops: 0, NonImmediateOops: No
[2,228s][debug  ][gc,nmethod  ] Register NMethod: java.util.stream.AbstractPipeline.<init> (0x00007f77cfd01d90) [0x00007f77cfd01f40, 0x00007f77cfd02290] Compiler: c1, Barriers: 9, Oops: 0, ImmediateOops: 0, NonImmediateOops: No
[2,228s][debug  ][gc,nmethod  ] Register NMethod: java.util.stream.ReferencePipeline.<init> (0x00007f77cfd02390) [0x00007f77cfd02540, 0x00007f77cfd02680] Compiler: c1, Barriers: 0, Oops: 0, ImmediateOops: 0, NonImmediateOops: No
[2,228s][debug  ][gc,nmethod  ] Register NMethod: java.util.stream.ReferencePipeline$Head.<init> (0x00007f77cfd02710) [0x00007f77cfd028c0, 0x00007f77cfd02a58] Compiler: c1, Barriers: 0, Oops: 0, ImmediateOops: 0, NonImmediateOops: No
[2,228s][debug  ][gc,nmethod  ] Register NMethod: java.util.stream.StreamSupport.stream (0x00007f77cfd02b10) [0x00007f77cfd02d00, 0x00007f77cfd03118] Compiler: c1, Barriers: 0, Oops: 0, ImmediateOops: 0, NonImmediateOops: No
[2,228s][debug  ][gc,nmethod  ] Register NMethod: java.util.stream.ReduceOps$Box.get (0x00007f77ef236b90) [0x00007f77ef236d20, 0x00007f77ef236e10] Compiler: c1, Barriers: 1, Oops: 0, ImmediateOops: 0, NonImmediateOops: No
[2,228s][debug  ][gc,nmethod  ] Register NMethod: java.util.StringJoiner.checkAddLength (0x00007f77cfd03310) [0x00007f77cfd03500, 0x00007f77cfd039f0] Compiler: c1, Barriers: 4, Oops: 0, ImmediateOops: 1, NonImmediateOops: No
[2,228s][debug  ][gc,nmethod  ] Register NMethod: java.util.Spliterator.getExactSizeIfKnown (0x00007f77cfd03c10) [0x00007f77cfd03dc0, 0x00007f77cfd04098] Compiler: c1, Barriers: 0, Oops: 0, ImmediateOops: 0, NonImmediateOops: No
[2,228s][debug  ][gc,nmethod  ] Register NMethod: java.lang.Class.getInterfaces (0x00007f77cfd04190) [0x00007f77cfd043a0, 0x00007f77cfd048b8] Compiler: c1, Barriers: 4, Oops: 0, ImmediateOops: 0, NonImmediateOops: No
[2,228s][debug  ][gc,nmethod  ] Register NMethod: java.util.stream.AbstractPipeline.wrapAndCopyInto (0x00007f77cfd04a10) [0x00007f77cfd04c00, 0x00007f77cfd04ff0] Compiler: c1, Barriers: 0, Oops: 0, ImmediateOops: 0, NonImmediateOops: No
[2,228s][debug  ][gc,nmethod  ] Register NMethod: java.util.stream.AbstractPipeline.wrapSink (0x00007f77cfd05190) [0x00007f77cfd05360, 0x00007f77cfd057b8] Compiler: c1, Barriers: 2, Oops: 0, ImmediateOops: 0, NonImmediateOops: No
[2,228s][debug  ][gc,nmethod  ] Register NMethod: java.util.LinkedHashMap.values (0x00007f77cfd05990) [0x00007f77cfd05b40, 0x00007f77cfd05cf0] Compiler: c1, Barriers: 0, Oops: 0, ImmediateOops: 0, NonImmediateOops: No
[2,229s][debug  ][gc,nmethod  ] Register NMethod: java.util.stream.AbstractPipeline.copyInto (0x00007f77cfd05d90) [0x00007f77cfd05fc0, 0x00007f77cfd066c8] Compiler: c1, Barriers: 0, Oops: 1, ImmediateOops: 1, NonImmediateOops: No
[2,229s][debug  ][gc,nmethod  ] Register NMethod: java.util.LinkedHashMap.sequencedValues (0x00007f77cfd06910) [0x00007f77cfd06ae0, 0x00007f77cfd06fd0] Compiler: c1, Barriers: 7, Oops: 0, ImmediateOops: 0, NonImmediateOops: No
[2,229s][debug  ][gc,nmethod  ] Register NMethod: java.util.stream.Sink.end (0x00007f77cfd07110) [0x00007f77cfd072a0, 0x00007f77cfd073a8] Compiler: c1, Barriers: 0, Oops: 0, ImmediateOops: 0, NonImmediateOops: No
[2,229s][debug  ][gc,nmethod  ] Register NMethod: java.lang.reflect.Executable.declaredAnnotations (0x00007f77cfd07410) [0x00007f77cfd07660, 0x00007f77cfd07fe8] Compiler: c1, Barriers: 6, Oops: 0, ImmediateOops: 1, NonImmediateOops: No
[2,229s][debug  ][gc,nmethod  ] Register NMethod: java.util.stream.AbstractPipeline.sourceSpliterator (0x00007f77cfd08390) [0x00007f77cfd08660, 0x00007f77cfd09810] Compiler: c1, Barriers: 13, Oops: 1, ImmediateOops: 2, NonImmediateOops: No
[2,229s][debug  ][gc,nmethod  ] Register NMethod: java.util.stream.AbstractPipeline.evaluate (0x00007f77cfd09d10) [0x00007f77cfd09f40, 0x00007f77cfd0a5f0] Compiler: c1, Barriers: 1, Oops: 0, ImmediateOops: 1, NonImmediateOops: No
[2,229s][debug  ][gc,nmethod  ] Register NMethod: sun.reflect.annotation.AnnotationParser.toArray (0x00007f77cfd0a810) [0x00007f77cfd0a9e0, 0x00007f77cfd0ad38] Compiler: c1, Barriers: 0, Oops: 0, ImmediateOops: 1, NonImmediateOops: No
[2,229s][debug  ][gc,nmethod  ] Register NMethod: java.lang.Class.getInterfaces (0x00007f77cfd0ae10) [0x00007f77cfd0afc0, 0x00007f77cfd0b100] Compiler: c1, Barriers: 0, Oops: 0, ImmediateOops: 0, NonImmediateOops: No
[2,230s][debug  ][gc,nmethod  ] Register NMethod: java.util.LinkedHashMap$LinkedValues.toArray (0x00007f77cfd0b190) [0x00007f77cfd0b340, 0x00007f77cfd0b508] Compiler: c1, Barriers: 1, Oops: 0, ImmediateOops: 0, NonImmediateOops: No
[2,230s][debug  ][gc,nmethod  ] Register NMethod: java.util.LinkedHashMap$LinkedHashIterator.<init> (0x00007f77cfd0b610) [0x00007f77cfd0b7e0, 0x00007f77cfd0bb80] Compiler: c1, Barriers: 11, Oops: 0, ImmediateOops: 0, NonImmediateOops: No
[2,230s][debug  ][gc,nmethod  ] Register NMethod: java.util.HashMap.prepareArray (0x00007f77cfd0bc90) [0x00007f77cfd0bea0, 0x00007f77cfd0c4d0] Compiler: c1, Barriers: 5, Oops: 0, ImmediateOops: 0, NonImmediateOops: No
[2,230s][debug  ][gc,nmethod  ] Register NMethod: java.util.LinkedHashMap.valuesToArray (0x00007f77cfd0c690) [0x00007f77cfd0c880, 0x00007f77cfd0cfc8] Compiler: c1, Barriers: 12, Oops: 0, ImmediateOops: 0, NonImmediateOops: No
[2,230s][debug  ][gc,nmethod  ] Register NMethod: java.util.stream.Collectors$CollectorImpl.finisher (0x00007f77ef236e90) [0x00007f77ef237020, 0x00007f77ef237110] Compiler: c1, Barriers: 1, Oops: 0, ImmediateOops: 0, NonImmediateOops: No
[2,230s][debug  ][gc,nmethod  ] Register NMethod: java.util.ArrayList$ArrayListSpliterator.characteristics (0x00007f77ef237190) [0x00007f77ef237320, 0x00007f77ef2373e0] Compiler: c1, Barriers: 0, Oops: 0, ImmediateOops: 0, NonImmediateOops: No
[2,231s][debug  ][gc,nmethod  ] Register NMethod: org.junit.platform.commons.util.AnnotationUtils.findMetaAnnotation (0x00007f77cfd0d210) [0x00007f77cfd0d460, 0x00007f77cfd0dd60] Compiler: c1, Barriers: 3, Oops: 2, ImmediateOops: 2, NonImmediateOops: No
[2,231s][debug  ][gc,nmethod  ] Register NMethod: jdk.proxy2.$Proxy4.annotationType (0x00007f77cfd0e110) [0x00007f77cfd0e2e0, 0x00007f77cfd0e6e0] Compiler: c1, Barriers: 1, Oops: 0, ImmediateOops: 1, NonImmediateOops: No
[2,231s][debug  ][gc,nmethod  ] Register NMethod: java.util.stream.ReferencePipeline$3.<init> (0x00007f77cfd0e890) [0x00007f77cfd0ea40, 0x00007f77cfd0ecd8] Compiler: c1, Barriers: 3, Oops: 0, ImmediateOops: 0, NonImmediateOops: No
[2,231s][debug  ][gc,nmethod  ] Register NMethod: java.util.stream.ReferencePipeline$3.opWrapSink (0x00007f77cfd0ee10) [0x00007f77cfd0f000, 0x00007f77cfd0f5c8] Compiler: c1, Barriers: 6, Oops: 0, ImmediateOops: 0, NonImmediateOops: No
[2,231s][debug  ][gc,nmethod  ] Register NMethod: java.util.stream.ReferencePipeline.map (0x00007f77cfd0f790) [0x00007f77cfd0f980, 0x00007f77cfd0fe50] Compiler: c1, Barriers: 3, Oops: 1, ImmediateOops: 0, NonImmediateOops: No
[2,232s][debug  ][gc,nmethod  ] Register NMethod: jdk.proxy2.$Proxy10.annotationType (0x00007f77cfd10090) [0x00007f77cfd10260, 0x00007f77cfd10660] Compiler: c1, Barriers: 1, Oops: 0, ImmediateOops: 1, NonImmediateOops: No
[2,232s][debug  ][gc,nmethod  ] Register NMethod: java.util.stream.ReferencePipeline$3$1.<init> (0x00007f77cfd10810) [0x00007f77cfd10a00, 0x00007f77cfd10f08] Compiler: c1, Barriers: 6, Oops: 0, ImmediateOops: 0, NonImmediateOops: No
[2,232s][debug  ][gc,nmethod  ] Register NMethod: java.util.stream.Sink$ChainedReference.begin (0x00007f77cfd11090) [0x00007f77cfd11240, 0x00007f77cfd11438] Compiler: c1, Barriers: 1, Oops: 0, ImmediateOops: 0, NonImmediateOops: No
[2,232s][debug  ][gc,nmethod  ] Register NMethod: java.util.Optional.of (0x00007f77cfd11510) [0x00007f77cfd116e0, 0x00007f77cfd11aa8] Compiler: c1, Barriers: 3, Oops: 0, ImmediateOops: 0, NonImmediateOops: No
[2,232s][debug  ][gc,nmethod  ] Register NMethod: java.util.LinkedHashMap.entrySet (0x00007f77cfd11c10) [0x00007f77cfd11dc0, 0x00007f77cfd11f70] Compiler: c1, Barriers: 0, Oops: 0, ImmediateOops: 0, NonImmediateOops: No
[2,232s][debug  ][gc,nmethod  ] Register NMethod: java.util.LinkedHashMap$LinkedEntrySet.iterator (0x00007f77cfd12010) [0x00007f77cfd121c0, 0x00007f77cfd12400] Compiler: c1, Barriers: 1, Oops: 0, ImmediateOops: 0, NonImmediateOops: No
[2,232s][debug  ][gc,nmethod  ] Register NMethod: java.util.LinkedHashMap$LinkedEntryIterator.<init> (0x00007f77cfd12510) [0x00007f77cfd126c0, 0x00007f77cfd12800] Compiler: c1, Barriers: 0, Oops: 0, ImmediateOops: 0, NonImmediateOops: No
[2,232s][debug  ][gc,nmethod  ] Register NMethod: java.util.LinkedHashMap.sequencedEntrySet (0x00007f77cfd12890) [0x00007f77cfd12a80, 0x00007f77cfd12fc8] Compiler: c1, Barriers: 7, Oops: 0, ImmediateOops: 0, NonImmediateOops: No
[2,232s][debug  ][gc,nmethod  ] Register NMethod: java.util.stream.Collectors$CollectorImpl.<init> (0x00007f77cfd13110) [0x00007f77cfd132e0, 0x00007f77cfd136e8] Compiler: c1, Barriers: 15, Oops: 0, ImmediateOops: 0, NonImmediateOops: No
[2,233s][debug  ][gc,nmethod  ] Register NMethod: sun.reflect.annotation.AnnotationInvocationHandler.hashCodeImpl (0x00007f77cfd13810) [0x00007f77cfd13a60, 0x00007f77cfd14318] Compiler: c1, Barriers: 1, Oops: 0, ImmediateOops: 0, NonImmediateOops: No
[2,233s][debug  ][gc,nmethod  ] Register NMethod: java.lang.Class.copyMethods (0x00007f77cfd14590) [0x00007f77cfd14800, 0x00007f77cfd15330] Compiler: c1, Barriers: 9, Oops: 0, ImmediateOops: 2, NonImmediateOops: No
[2,233s][debug  ][gc,nmethod  ] Register NMethod: java.util.Spliterators$ArraySpliterator.forEachRemaining (0x00007f77cfd15790) [0x00007f77cfd15960, 0x00007f77cfd15e48] Compiler: c1, Barriers: 2, Oops: 0, ImmediateOops: 0, NonImmediateOops: No
[2,233s][debug  ][gc,nmethod  ] Register NMethod: java.util.stream.ReduceOps.makeRef (0x00007f77cfd16010) [0x00007f77cfd16240, 0x00007f77cfd16b08] Compiler: c1, Barriers: 18, Oops: 1, ImmediateOops: 1, NonImmediateOops: No
[2,234s][debug  ][gc,nmethod  ] Register NMethod: java.util.stream.ReferencePipeline.collect (0x00007f77cfd16d90) [0x00007f77cfd17060, 0x00007f77cfd17dd0] Compiler: c1, Barriers: 7, Oops: 1, ImmediateOops: 4, NonImmediateOops: No
[2,234s][debug  ][gc,nmethod  ] Register NMethod: java.util.stream.ReduceOps$3.<init> (0x00007f77cfd18210) [0x00007f77cfd183e0, 0x00007f77cfd187e8] Compiler: c1, Barriers: 15, Oops: 0, ImmediateOops: 0, NonImmediateOops: No
[2,234s][debug  ][gc,nmethod  ] Register NMethod: java.util.stream.ReduceOps$3.getOpFlags (0x00007f77cfd18910) [0x00007f77cfd18ae0, 0x00007f77cfd18de8] Compiler: c1, Barriers: 2, Oops: 0, ImmediateOops: 1, NonImmediateOops: No
[2,234s][debug  ][gc,nmethod  ] Register NMethod: java.util.stream.ReduceOps$3.makeSink (0x00007f77cfd18f10) [0x00007f77cfd190c0, 0x00007f77cfd19210] Compiler: c1, Barriers: 0, Oops: 0, ImmediateOops: 0, NonImmediateOops: No
[2,234s][debug  ][gc,nmethod  ] Register NMethod: java.util.stream.ReduceOps$Box.<init> (0x00007f77cfd19290) [0x00007f77cfd19420, 0x00007f77cfd19580] Compiler: c1, Barriers: 0, Oops: 0, ImmediateOops: 0, NonImmediateOops: No
[2,234s][debug  ][gc,nmethod  ] Register NMethod: java.util.stream.ReduceOps$ReduceOp.evaluateSequential (0x00007f77cfd19610) [0x00007f77cfd197e0, 0x00007f77cfd19c58] Compiler: c1, Barriers: 1, Oops: 0, ImmediateOops: 0, NonImmediateOops: No
[2,234s][debug  ][gc,nmethod  ] Register NMethod: java.util.stream.ReduceOps$3.makeSink (0x00007f77cfd19e10) [0x00007f77cfd19fe0, 0x00007f77cfd1a460] Compiler: c1, Barriers: 12, Oops: 0, ImmediateOops: 0, NonImmediateOops: No
[2,234s][debug  ][gc,nmethod  ] Register NMethod: java.util.stream.ReduceOps$3ReducingSink.<init> (0x00007f77cfd1a590) [0x00007f77cfd1a740, 0x00007f77cfd1aa60] Compiler: c1, Barriers: 9, Oops: 0, ImmediateOops: 0, NonImmediateOops: No
[2,234s][debug  ][gc,nmethod  ] Register NMethod: java.util.stream.ReduceOps$3ReducingSink.begin (0x00007f77cfd1ab90) [0x00007f77cfd1ad40, 0x00007f77cfd1afb8] Compiler: c1, Barriers: 4, Oops: 0, ImmediateOops: 0, NonImmediateOops: No
[2,234s][debug  ][gc,nmethod  ] Register NMethod: java.util.StringJoiner.toString (0x00007f77cfd1b090) [0x00007f77cfd1b260, 0x00007f77cfd1b568] Compiler: c1, Barriers: 5, Oops: 0, ImmediateOops: 2, NonImmediateOops: No
[2,234s][debug  ][gc,nmethod  ] Register NMethod: java.util.StringJoiner.<init> (0x00007f77cfd1b610) [0x00007f77cfd1b880, 0x00007f77cfd1c1f8] Compiler: c1, Barriers: 9, Oops: 3, ImmediateOops: 3, NonImmediateOops: No
[2,235s][debug  ][gc,nmethod  ] Register NMethod: java.util.Set.of (0x00007f77cfd1c510) [0x00007f77cfd1c6c0, 0x00007f77cfd1c848] Compiler: c1, Barriers: 0, Oops: 0, ImmediateOops: 0, NonImmediateOops: No
[2,235s][debug  ][gc,nmethod  ] Register NMethod: java.lang.String.join (0x00007f77cfd1c910) [0x00007f77cfd1cca0, 0x00007f77cfd1e410] Compiler: c1, Barriers: 14, Oops: 0, ImmediateOops: 4, NonImmediateOops: No
[2,235s][debug  ][gc,nmethod  ] Register NMethod: java.lang.invoke.MethodHandleImpl$IntrinsicMethodHandle.getTarget (0x00007f77ef237490) [0x00007f77ef237620, 0x00007f77ef237710] Compiler: c1, Barriers: 1, Oops: 0, ImmediateOops: 0, NonImmediateOops: No
[2,236s][debug  ][gc,director ] Rule Major: Warmup 10%, Used: 68MB, UsedThreshold: 1536MB
[2,236s][debug  ][gc,nmethod  ] Register NMethod: java.lang.System$2.join (0x00007f77cfd1ee90) [0x00007f77cfd1f220, 0x00007f77cfd20a38] Compiler: c1, Barriers: 14, Oops: 0, ImmediateOops: 4, NonImmediateOops: No
[2,236s][debug  ][gc,nmethod  ] Register NMethod: java.util.ArrayList.add (0x00007f77ef237790) [0x00007f77ef237940, 0x00007f77ef237b90] Compiler: c2, Barriers: 4, Oops: 0, ImmediateOops: 0, NonImmediateOops: No
[2,237s][debug  ][gc,nmethod  ] Register NMethod: java.lang.invoke.MemberName.asConstructor (0x00007f77cfd21510) [0x00007f77cfd21740, 0x00007f77cfd21d58] Compiler: c1, Barriers: 0, Oops: 0, ImmediateOops: 0, NonImmediateOops: No
[2,237s][debug  ][gc,nmethod  ] Register NMethod: java.lang.invoke.MethodHandles$Lookup.getDirectConstructorCommon (0x00007f77cfd21f90) [0x00007f77cfd22200, 0x00007f77cfd22bd8] Compiler: c1, Barriers: 1, Oops: 0, ImmediateOops: 1, NonImmediateOops: No
[2,237s][debug  ][gc,nmethod  ] Register NMethod: jdk.internal.misc.Unsafe.storeFence (0x00007f77cfd22f10) [0x00007f77cfd230a0, 0x00007f77cfd231c0] Compiler: c1, Barriers: 0, Oops: 0, ImmediateOops: 0, NonImmediateOops: No
[2,238s][debug  ][gc,nmethod  ] Register NMethod: java.lang.invoke.MethodHandle.internalForm (0x00007f77ef237d10) [0x00007f77ef237ea0, 0x00007f77ef237f90] Compiler: c1, Barriers: 1, Oops: 0, ImmediateOops: 0, NonImmediateOops: No
[2,238s][debug  ][gc,nmethod  ] Register NMethod: java.lang.invoke.LambdaFormEditor$TransformKey.inRange (0x00007f77cfd23290) [0x00007f77cfd23420, 0x00007f77cfd23578] Compiler: c1, Barriers: 0, Oops: 0, ImmediateOops: 0, NonImmediateOops: No
[2,238s][debug  ][gc,nmethod  ] Register NMethod: java.lang.invoke.LambdaFormEditor$TransformKey.<init> (0x00007f77cfd23610) [0x00007f77cfd237c0, 0x00007f77cfd239a8] Compiler: c1, Barriers: 3, Oops: 0, ImmediateOops: 0, NonImmediateOops: No
[2,238s][debug  ][gc,nmethod  ] Register NMethod: java.lang.invoke.LambdaFormEditor.getInCache (0x00007f77cfd23a90) [0x00007f77cfd23d20, 0x00007f77cfd24c98] Compiler: c1, Barriers: 7, Oops: 0, ImmediateOops: 0, NonImmediateOops: No
[2,239s][debug  ][gc,nmethod  ] Register NMethod: java.lang.invoke.MethodHandle.asType (0x00007f77cfd25010) [0x00007f77cfd25260, 0x00007f77cfd25a50] Compiler: c1, Barriers: 9, Oops: 0, ImmediateOops: 1, NonImmediateOops: No
[2,240s][debug  ][gc,nmethod  ] Register NMethod: java.lang.Math.ceil (0x00007f77cfd25c90) [0x00007f77cfd25e40, 0x00007f77cfd25f58] Compiler: c1, Barriers: 0, Oops: 0, ImmediateOops: 0, NonImmediateOops: No
[2,240s][debug  ][gc,nmethod  ] Register NMethod: java.lang.StrictMath.ceil (0x00007f77cfd26010) [0x00007f77cfd261e0, 0x00007f77cfd26310] Compiler: c1, Barriers: 0, Oops: 0, ImmediateOops: 0, NonImmediateOops: No
[2,240s][debug  ][gc,nmethod  ] Register NMethod: java.lang.Math.getExponent (0x00007f77cfd26390) [0x00007f77cfd26520, 0x00007f77cfd26648] Compiler: c1, Barriers: 0, Oops: 0, ImmediateOops: 0, NonImmediateOops: No
[2,240s][debug  ][gc,nmethod  ] Register NMethod: java.lang.StrictMath.floorOrCeil (0x00007f77cfd26710) [0x00007f77cfd268e0, 0x00007f77cfd26d78] Compiler: c1, Barriers: 0, Oops: 0, ImmediateOops: 0, NonImmediateOops: No
[2,241s][debug  ][gc,nmethod  ] Register NMethod: java.lang.AbstractStringBuilder.append (0x00007f77ef238010) [0x00007f77ef238200, 0x00007f77ef238920] Compiler: c2, Barriers: 5, Oops: 0, ImmediateOops: 0, NonImmediateOops: No
[2,241s][debug  ][gc,nmethod  ] Register NMethod: sun.reflect.generics.parser.SignatureParser.advance (0x00007f77ef238c10) [0x00007f77ef238da0, 0x00007f77ef238f00] Compiler: c2, Barriers: 2, Oops: 0, ImmediateOops: 0, NonImmediateOops: No
[2,242s][debug  ][gc,nmethod  ] Register NMethod: jdk.internal.org.objectweb.asm.FieldVisitor.<init> (0x00007f77cfd26e90) [0x00007f77cfd27040, 0x00007f77cfd27188] Compiler: c1, Barriers: 0, Oops: 0, ImmediateOops: 0, NonImmediateOops: No
[2,242s][debug  ][gc,nmethod  ] Register NMethod: jdk.internal.org.objectweb.asm.ClassWriter.visitField (0x00007f77cfd27210) [0x00007f77cfd273e0, 0x00007f77cfd27808] Compiler: c1, Barriers: 12, Oops: 0, ImmediateOops: 0, NonImmediateOops: No
[2,242s][debug  ][gc,nmethod  ] Register NMethod: jdk.internal.org.objectweb.asm.FieldWriter.<init> (0x00007f77cfd27910) [0x00007f77cfd27b00, 0x00007f77cfd27ee0] Compiler: c1, Barriers: 3, Oops: 0, ImmediateOops: 0, NonImmediateOops: No
[2,242s][debug  ][gc,nmethod  ] Register NMethod: jdk.internal.org.objectweb.asm.FieldVisitor.<init> (0x00007f77cfd28110) [0x00007f77cfd28340, 0x00007f77cfd28b20] Compiler: c1, Barriers: 3, Oops: 1, ImmediateOops: 1, NonImmediateOops: No
[2,242s][debug  ][gc,nmethod  ] Register NMethod: java.util.HashMap.calculateHashMapCapacity (0x00007f77cfd28e10) [0x00007f77cfd28fe0, 0x00007f77cfd29178] Compiler: c1, Barriers: 0, Oops: 0, ImmediateOops: 0, NonImmediateOops: No
[2,242s][debug  ][gc,nmethod  ] Register NMethod: java.util.LinkedHashMap$LinkedKeyIterator.next (0x00007f77cfd29290) [0x00007f77cfd29440, 0x00007f77cfd295d0] Compiler: c1, Barriers: 1, Oops: 0, ImmediateOops: 0, NonImmediateOops: No
[2,243s][debug  ][gc,nmethod  ] Register NMethod: jdk.internal.org.objectweb.asm.ClassWriter.toByteArray (0x00007f77cfd29690) [0x00007f77cfd2a160, 0x00007f77cfd2f100] Compiler: c1, Barriers: 91, Oops: 0, ImmediateOops: 28, NonImmediateOops: No
[2,243s][debug  ][gc,nmethod  ] Register NMethod: java.util.Collections$UnmodifiableCollection$1.hasNext (0x00007f77cfd31090) [0x00007f77cfd31240, 0x00007f77cfd31438] Compiler: c1, Barriers: 1, Oops: 0, ImmediateOops: 0, NonImmediateOops: No
[2,243s][debug  ][gc,nmethod  ] Register NMethod: org.junit.platform.engine.support.descriptor.AbstractTestDescriptor.getUniqueId (0x00007f77ef239010) [0x00007f77ef2391a0, 0x00007f77ef239290] Compiler: c1, Barriers: 1, Oops: 1, ImmediateOops: 0, NonImmediateOops: No
[2,244s][debug  ][gc,nmethod  ] Register NMethod: java.lang.invoke.InfoFromMemberName.getModifiers (0x00007f77cfd31510) [0x00007f77cfd316c0, 0x00007f77cfd31868] Compiler: c1, Barriers: 1, Oops: 0, ImmediateOops: 0, NonImmediateOops: No
[2,244s][debug  ][gc,nmethod  ] Register NMethod: java.lang.invoke.DirectMethodHandle$Constructor.viewAsType (0x00007f77cfd31910) [0x00007f77cfd31ac0, 0x00007f77cfd31d68] Compiler: c1, Barriers: 4, Oops: 0, ImmediateOops: 0, NonImmediateOops: No
[2,245s][debug  ][gc,nmethod  ] Register NMethod: java.lang.invoke.MethodHandle.asTypeCached (0x00007f77cfd31e10) [0x00007f77cfd31fe0, 0x00007f77cfd324d8] Compiler: c1, Barriers: 4, Oops: 0, ImmediateOops: 0, NonImmediateOops: No
[2,246s][debug  ][gc,director ] Rule Major: Warmup 10%, Used: 70MB, UsedThreshold: 1536MB
[2,246s][debug  ][gc,nmethod  ] Register NMethod: java.lang.invoke.MethodHandle.linkToStatic (0x00007f77ef239310) [0x00007f77ef239480, 0x00007f77ef239570] Compiler: , Barriers: 0, Oops: 0, ImmediateOops: 0, NonImmediateOops: No
[2,246s][debug  ][gc,nmethod  ] Register NMethod: java.lang.invoke.MethodHandles$Lookup.findBoundCallerLookup (0x00007f77cfd32610) [0x00007f77cfd32820, 0x00007f77cfd32eb0] Compiler: c1, Barriers: 0, Oops: 0, ImmediateOops: 1, NonImmediateOops: No
[2,246s][debug  ][gc,nmethod  ] Register NMethod: java.lang.invoke.MethodHandles$Lookup.checkMethod (0x00007f77cfd33110) [0x00007f77cfd33320, 0x00007f77cfd339d8] Compiler: c1, Barriers: 0, Oops: 0, ImmediateOops: 4, NonImmediateOops: No
[2,247s][debug  ][gc,nmethod  ] Register NMethod: java.lang.invoke.MethodHandles$Lookup.maybeBindCaller (0x00007f77cfd33c10) [0x00007f77cfd33e40, 0x00007f77cfd34620] Compiler: c1, Barriers: 1, Oops: 0, ImmediateOops: 1, NonImmediateOops: No
[2,247s][debug  ][gc,nmethod  ] Register NMethod: java.util.Optional.isEmpty (0x00007f77cfd34910) [0x00007f77cfd34aa0, 0x00007f77cfd34c38] Compiler: c1, Barriers: 1, Oops: 0, ImmediateOops: 0, NonImmediateOops: No
[2,247s][debug  ][gc,nmethod  ] Register NMethod: java.util.AbstractCollection.addAll (0x00007f77cfd34d10) [0x00007f77cfd34f00, 0x00007f77cfd353f8] Compiler: c1, Barriers: 0, Oops: 0, ImmediateOops: 0, NonImmediateOops: No
[2,247s][debug  ][gc,nmethod  ] Register NMethod: java.util.regex.Matcher.reset (0x00007f77cfd35590) [0x00007f77cfd357a0, 0x00007f77cfd35e40] Compiler: c1, Barriers: 5, Oops: 0, ImmediateOops: 0, NonImmediateOops: No
[2,247s][debug  ][gc,nmethod  ] Register NMethod: java.util.regex.Pattern$Slice.match (0x00007f77cfd36090) [0x00007f77cfd36280, 0x00007f77cfd36768] Compiler: c1, Barriers: 2, Oops: 0, ImmediateOops: 0, NonImmediateOops: No
[2,248s][debug  ][gc,nmethod  ] Register NMethod: java.util.Optional.empty (0x00007f77ef239610) [0x00007f77ef239780, 0x00007f77ef2397f0] Compiler: c2, Barriers: 0, Oops: 0, ImmediateOops: 1, NonImmediateOops: No
[2,248s][debug  ][gc,nmethod  ] Register NMethod: java.lang.invoke.MethodHandles$Lookup.getDirectMethodCommon (0x00007f77cfd36910) [0x00007f77cfd36ca0, 0x00007f77cfd38138] Compiler: c1, Barriers: 13, Oops: 1, ImmediateOops: 1, NonImmediateOops: No
[2,248s][debug  ][gc,nmethod  ] Register NMethod: java.util.LinkedHashMap.keySet (0x00007f77cfd38790) [0x00007f77cfd38940, 0x00007f77cfd38af0] Compiler: c1, Barriers: 0, Oops: 0, ImmediateOops: 0, NonImmediateOops: No
[2,248s][debug  ][gc,nmethod  ] Register NMethod: java.util.regex.Matcher.match (0x00007f77cfd38b90) [0x00007f77cfd38d80, 0x00007f77cfd39420] Compiler: c1, Barriers: 6, Oops: 0, ImmediateOops: 0, NonImmediateOops: No
[2,248s][debug  ][gc,nmethod  ] Register NMethod: java.util.LinkedHashMap.sequencedKeySet (0x00007f77cfd39610) [0x00007f77cfd39800, 0x00007f77cfd39d48] Compiler: c1, Barriers: 7, Oops: 0, ImmediateOops: 0, NonImmediateOops: No
[2,248s][debug  ][gc,nmethod  ] Register NMethod: java.util.LinkedHashMap$LinkedKeySet.iterator (0x00007f77cfd39e90) [0x00007f77cfd3a040, 0x00007f77cfd3a280] Compiler: c1, Barriers: 1, Oops: 0, ImmediateOops: 0, NonImmediateOops: No
[2,248s][debug  ][gc,nmethod  ] Register NMethod: java.util.LinkedHashMap$LinkedKeyIterator.<init> (0x00007f77cfd3a390) [0x00007f77cfd3a540, 0x00007f77cfd3a680] Compiler: c1, Barriers: 0, Oops: 0, ImmediateOops: 0, NonImmediateOops: No
[2,248s][debug  ][gc,nmethod  ] Register NMethod: org.junit.platform.engine.UniqueId.hashCode (0x00007f77cfd3a710) [0x00007f77cfd3a8c0, 0x00007f77cfd3ab48] Compiler: c1, Barriers: 1, Oops: 1, ImmediateOops: 0, NonImmediateOops: No
[2,248s][debug  ][gc,nmethod  ] Register NMethod: java.util.Optional.map (0x00007f77cfd3ac10) [0x00007f77cfd3ae20, 0x00007f77cfd3b550] Compiler: c1, Barriers: 4, Oops: 0, ImmediateOops: 2, NonImmediateOops: No
[2,249s][debug  ][gc,nmethod  ] Register NMethod: java.lang.invoke.BoundMethodHandle$Species_L.<init> (0x00007f77cfd3b790) [0x00007f77cfd3b940, 0x00007f77cfd3bb88] Compiler: c1, Barriers: 3, Oops: 0, ImmediateOops: 0, NonImmediateOops: No
[2,249s][debug  ][gc,nmethod  ] Register NMethod: java.lang.invoke.MethodHandle.linkToInterface (0x00007f77ef239910) [0x00007f77ef239a80, 0x00007f77ef239bb8] Compiler: , Barriers: 0, Oops: 0, ImmediateOops: 0, NonImmediateOops: No
[2,249s][debug  ][gc,nmethod  ] Register NMethod: java.lang.Object.equals (0x00007f77ef239c10) [0x00007f77ef239d80, 0x00007f77ef239e00] Compiler: c2, Barriers: 0, Oops: 0, ImmediateOops: 0, NonImmediateOops: No
[2,249s][debug  ][gc,nmethod  ] Register NMethod: jdk.internal.org.objectweb.asm.Type.getDescriptor (0x00007f77cfd3bc90) [0x00007f77cfd3bf00, 0x00007f77cfd3c678] Compiler: c1, Barriers: 3, Oops: 0, ImmediateOops: 0, NonImmediateOops: No
[2,249s][debug  ][gc,nmethod  ] Register NMethod: java.lang.Class.getClassLoader (0x00007f77ef239f10) [0x00007f77ef23a080, 0x00007f77ef23a138] Compiler: c2, Barriers: 1, Oops: 0, ImmediateOops: 0, NonImmediateOops: No
[2,250s][debug  ][gc,nmethod  ] Register NMethod: java.lang.invoke.MethodHandle.linkToStatic (0x00007f77ef23a210) [0x00007f77ef23a380, 0x00007f77ef23a470] Compiler: , Barriers: 0, Oops: 0, ImmediateOops: 0, NonImmediateOops: No
[2,250s][debug  ][gc,nmethod  ] Register NMethod: java.lang.invoke.MethodHandle.linkToSpecial (0x00007f77ef23a510) [0x00007f77ef23a680, 0x00007f77ef23a778] Compiler: , Barriers: 0, Oops: 0, ImmediateOops: 0, NonImmediateOops: No
[2,250s][debug  ][gc,nmethod  ] Register NMethod: java.lang.invoke.MethodHandle.invokeBasic (0x00007f77ef23a810) [0x00007f77ef23a9a0, 0x00007f77ef23ac38] Compiler: , Barriers: 0, Oops: 0, ImmediateOops: 0, NonImmediateOops: No
[2,251s][debug  ][gc,nmethod  ] Register NMethod: java.lang.invoke.MethodHandle.linkToSpecial (0x00007f77ef23ac90) [0x00007f77ef23ae00, 0x00007f77ef23aef8] Compiler: , Barriers: 0, Oops: 0, ImmediateOops: 0, NonImmediateOops: No
[2,251s][debug  ][gc,nmethod  ] Register NMethod: java.lang.invoke.MethodHandleStatics.dumper (0x00007f77cfd3c990) [0x00007f77cfd3cb20, 0x00007f77cfd3cc10] Compiler: c1, Barriers: 0, Oops: 0, ImmediateOops: 1, NonImmediateOops: No
[2,251s][debug  ][gc,nmethod  ] Register NMethod: java.util.HashSet.size (0x00007f77cfd3cc90) [0x00007f77cfd3ce20, 0x00007f77cfd3cfe8] Compiler: c1, Barriers: 1, Oops: 0, ImmediateOops: 0, NonImmediateOops: No
[2,252s][debug  ][gc,nmethod  ] Register NMethod: java.util.LinkedHashMap.newNode (0x00007f77cfd3d090) [0x00007f77cfd3d240, 0x00007f77cfd3d430] Compiler: c1, Barriers: 0, Oops: 0, ImmediateOops: 0, NonImmediateOops: No
[2,253s][debug  ][gc,nmethod  ] Register NMethod: java.lang.reflect.Field.getModifiers (0x00007f77ef23af90) [0x00007f77ef23b120, 0x00007f77ef23b1e0] Compiler: c1, Barriers: 0, Oops: 0, ImmediateOops: 0, NonImmediateOops: No
[2,253s][debug  ][gc,nmethod  ] Register NMethod: java.lang.StringLatin1.compareTo (0x00007f77cfd3d510) [0x00007f77cfd3d6c0, 0x00007f77cfd3d7f0] Compiler: c1, Barriers: 0, Oops: 0, ImmediateOops: 0, NonImmediateOops: No
[2,253s][debug  ][gc,nmethod  ] Register NMethod: java.lang.StringLatin1.compareTo (0x00007f77cfd3d910) [0x00007f77cfd3dae0, 0x00007f77cfd3de50] Compiler: c1, Barriers: 0, Oops: 0, ImmediateOops: 0, NonImmediateOops: No
[2,253s][debug  ][gc,nmethod  ] Register NMethod: jdk.internal.reflect.ByteVectorImpl.getLength (0x00007f77ef23b290) [0x00007f77ef23b400, 0x00007f77ef23b480] Compiler: c2, Barriers: 0, Oops: 0, ImmediateOops: 0, NonImmediateOops: No
[2,253s][debug  ][gc,nmethod  ] Register NMethod: java.io.ObjectStreamField.getField (0x00007f77ef23b590) [0x00007f77ef23b720, 0x00007f77ef23b810] Compiler: c1, Barriers: 1, Oops: 0, ImmediateOops: 0, NonImmediateOops: No
[2,254s][debug  ][gc,nmethod  ] Register NMethod: java.lang.reflect.Field.getType (0x00007f77ef23b890) [0x00007f77ef23ba20, 0x00007f77ef23bb10] Compiler: c1, Barriers: 1, Oops: 0, ImmediateOops: 0, NonImmediateOops: No
[2,254s][debug  ][gc,nmethod  ] Register NMethod: jdk.internal.org.objectweb.asm.MethodVisitor.visitMethodInsn (0x00007f77cfd3e010) [0x00007f77cfd3e200, 0x00007f77cfd3e700] Compiler: c1, Barriers: 1, Oops: 0, ImmediateOops: 1, NonImmediateOops: No
[2,254s][debug  ][gc,nmethod  ] Register NMethod: java.io.ObjectStreamField.getTypeCode (0x00007f77cfd3e890) [0x00007f77cfd3eaa0, 0x00007f77cfd3f0e8] Compiler: c1, Barriers: 2, Oops: 1, ImmediateOops: 2, NonImmediateOops: No
[2,254s][debug  ][gc,nmethod  ] Register NMethod: java.lang.invoke.MethodHandleNatives.linkCallSite (0x00007f77cfd3f390) [0x00007f77cfd3f580, 0x00007f77cfd3fa68] Compiler: c1, Barriers: 0, Oops: 0, ImmediateOops: 0, NonImmediateOops: No
[2,254s][debug  ][gc,nmethod  ] Register NMethod: java.lang.invoke.MethodHandleNatives.staticArgumentsPulled (0x00007f77cfd3fc10) [0x00007f77cfd3fda0, 0x00007f77cfd3ff68] Compiler: c1, Barriers: 0, Oops: 0, ImmediateOops: 0, NonImmediateOops: No
[2,254s][debug  ][gc,nmethod  ] Register NMethod: java.lang.invoke.MethodHandleNatives.linkCallSiteImpl (0x00007f77cfd40010) [0x00007f77cfd40260, 0x00007f77cfd40bc8] Compiler: c1, Barriers: 9, Oops: 0, ImmediateOops: 0, NonImmediateOops: No
[2,255s][debug  ][gc,nmethod  ] Register NMethod: java.lang.invoke.CallSite.<init> (0x00007f77cfd40f10) [0x00007f77cfd41100, 0x00007f77cfd41640] Compiler: c1, Barriers: 7, Oops: 0, ImmediateOops: 1, NonImmediateOops: No
[2,255s][debug  ][gc,nmethod  ] Register NMethod: java.lang.invoke.ConstantCallSite.<init> (0x00007f77cfd41810) [0x00007f77cfd41a00, 0x00007f77cfd41fc8] Compiler: c1, Barriers: 7, Oops: 0, ImmediateOops: 2, NonImmediateOops: No
[2,255s][debug  ][gc,nmethod  ] Register NMethod: java.lang.invoke.MethodHandleNatives$CallSiteContext.make (0x00007f77cfd42210) [0x00007f77cfd423c0, 0x00007f77cfd42668] Compiler: c1, Barriers: 0, Oops: 0, ImmediateOops: 1, NonImmediateOops: No
[2,255s][debug  ][gc,nmethod  ] Register NMethod: java.lang.invoke.MethodHandleNatives$CallSiteContext.<init> (0x00007f77cfd42790) [0x00007f77cfd42920, 0x00007f77cfd42a80] Compiler: c1, Barriers: 0, Oops: 0, ImmediateOops: 0, NonImmediateOops: No
[2,255s][debug  ][gc,nmethod  ] Register NMethod: jdk.internal.misc.Unsafe.storeStoreFence (0x00007f77cfd42b10) [0x00007f77cfd42ca0, 0x00007f77cfd42db8] Compiler: c1, Barriers: 0, Oops: 0, ImmediateOops: 0, NonImmediateOops: No
[2,255s][debug  ][gc,nmethod  ] Register NMethod: java.lang.invoke.CallSite.makeSite (0x00007f77cfd42e90) [0x00007f77cfd43200, 0x00007f77cfd44488] Compiler: c1, Barriers: 3, Oops: 1, ImmediateOops: 6, NonImmediateOops: No
[2,255s][debug  ][gc,nmethod  ] Register NMethod: java.lang.invoke.MethodHandle.linkToStatic (0x00007f77ef23bb90) [0x00007f77ef23bd00, 0x00007f77ef23bdf0] Compiler: , Barriers: 0, Oops: 0, ImmediateOops: 0, NonImmediateOops: No
[2,255s][debug  ][gc,nmethod  ] Register NMethod: java.util.LinkedHashMap.<init> (0x00007f77cfd45090) [0x00007f77cfd45240, 0x00007f77cfd45398] Compiler: c1, Barriers: 0, Oops: 0, ImmediateOops: 0, NonImmediateOops: No
[2,255s][debug  ][gc,nmethod  ] Register NMethod: java.lang.invoke.BootstrapMethodInvoker.widenAndCast (0x00007f77cfd45490) [0x00007f77cfd45700, 0x00007f77cfd46070] Compiler: c1, Barriers: 0, Oops: 0, ImmediateOops: 0, NonImmediateOops: No
[2,256s][debug  ][gc,nmethod  ] Register NMethod: java.lang.invoke.MethodHandle.isAncestorLoaderOf (0x00007f77cfd46390) [0x00007f77cfd465c0, 0x00007f77cfd46dd0] Compiler: c1, Barriers: 1, Oops: 0, ImmediateOops: 4, NonImmediateOops: No
[2,256s][debug  ][gc,director ] Rule Major: Warmup 10%, Used: 70MB, UsedThreshold: 1536MB
[2,256s][debug  ][gc,nmethod  ] Register NMethod: java.lang.invoke.MethodHandle.linkToInterface (0x00007f77ef23be90) [0x00007f77ef23c000, 0x00007f77ef23c138] Compiler: , Barriers: 0, Oops: 0, ImmediateOops: 0, NonImmediateOops: No
[2,256s][debug  ][gc,nmethod  ] Register NMethod: java.lang.invoke.LambdaMetafactory.metafactory (0x00007f77cfd47010) [0x00007f77cfd472a0, 0x00007f77cfd47da0] Compiler: c1, Barriers: 0, Oops: 0, ImmediateOops: 2, NonImmediateOops: No
[2,257s][debug  ][gc,nmethod  ] Register NMethod: java.lang.invoke.InnerClassLambdaMetafactory.<init> (0x00007f77cfd48290) [0x00007f77cfd48760, 0x00007f77cfd4acc0] Compiler: c1, Barriers: 65, Oops: 2, ImmediateOops: 10, NonImmediateOops: No
[2,257s][debug  ][gc,nmethod  ] Register NMethod: java.lang.invoke.AbstractValidatingLambdaMetafactory.checkDescriptor (0x00007f77cfd4b810) [0x00007f77cfd4bca0, 0x00007f77cfd4e210] Compiler: c1, Barriers: 37, Oops: 3, ImmediateOops: 7, NonImmediateOops: No
[2,257s][debug  ][gc,nmethod  ] Register NMethod: java.lang.invoke.AbstractValidatingLambdaMetafactory.isAdaptableToAsReturn (0x00007f77cfd4ed90) [0x00007f77cfd4ef60, 0x00007f77cfd4f3f8] Compiler: c1, Barriers: 0, Oops: 1, ImmediateOops: 2, NonImmediateOops: No
[2,258s][debug  ][gc,nmethod  ] Register NMethod: java.lang.invoke.InnerClassLambdaMetafactory.getLoadOpcode (0x00007f77cfd4f510) [0x00007f77cfd4f6e0, 0x00007f77cfd4f920] Compiler: c1, Barriers: 0, Oops: 0, ImmediateOops: 2, NonImmediateOops: No
[2,258s][debug  ][gc,nmethod  ] Register NMethod: jdk.internal.org.objectweb.asm.MethodVisitor.visitVarInsn (0x00007f77cfd4fa10) [0x00007f77cfd4fbc0, 0x00007f77cfd4fdf8] Compiler: c1, Barriers: 1, Oops: 0, ImmediateOops: 0, NonImmediateOops: No
[2,258s][debug  ][gc,nmethod  ] Register NMethod: java.lang.invoke.InnerClassLambdaMetafactory.getParameterSize (0x00007f77cfd4ff10) [0x00007f77cfd500c0, 0x00007f77cfd502d0] Compiler: c1, Barriers: 0, Oops: 0, ImmediateOops: 3, NonImmediateOops: No
[2,258s][debug  ][gc,nmethod  ] Register NMethod: java.lang.invoke.MethodHandles$Lookup.hasFullPrivilegeAccess (0x00007f77cfd50390) [0x00007f77cfd50520, 0x00007f77cfd50688] Compiler: c1, Barriers: 0, Oops: 0, ImmediateOops: 0, NonImmediateOops: No
[2,258s][debug  ][gc,nmethod  ] Register NMethod: java.lang.invoke.InfoFromMemberName.<init> (0x00007f77cfd50710) [0x00007f77cfd508c0, 0x00007f77cfd50ac0] Compiler: c1, Barriers: 3, Oops: 0, ImmediateOops: 0, NonImmediateOops: No
[2,258s][debug  ][gc,nmethod  ] Register NMethod: java.lang.invoke.InfoFromMemberName.getName (0x00007f77cfd50b90) [0x00007f77cfd50d80, 0x00007f77cfd512a0] Compiler: c1, Barriers: 6, Oops: 0, ImmediateOops: 0, NonImmediateOops: No
[2,258s][debug  ][gc,nmethod  ] Register NMethod: jdk.internal.org.objectweb.asm.MethodVisitor.visitInsn (0x00007f77cfd51410) [0x00007f77cfd515c0, 0x00007f77cfd517f8] Compiler: c1, Barriers: 1, Oops: 0, ImmediateOops: 0, NonImmediateOops: No
[2,259s][debug  ][gc,nmethod  ] Register NMethod: java.lang.invoke.AbstractValidatingLambdaMetafactory.<init> (0x00007f77cfd51890) [0x00007f77cfd52200, 0x00007f77cfd57a48] Compiler: c1, Barriers: 116, Oops: 5, ImmediateOops: 12, NonImmediateOops: No
[2,259s][debug  ][gc,nmethod  ] Register NMethod: java.lang.invoke.MethodHandles$Lookup.revealDirect (0x00007f77cfd59690) [0x00007f77cfd599e0, 0x00007f77cfd5ace0] Compiler: c1, Barriers: 2, Oops: 2, ImmediateOops: 3, NonImmediateOops: No
[2,259s][debug  ][gc,nmethod  ] Register NMethod: java.lang.invoke.BootstrapMethodInvoker.invoke (0x00007f77cfd5b390) [0x00007f77cfd5bce0, 0x00007f77cfd63178] Compiler: c1, Barriers: 63, Oops: 2, ImmediateOops: 14, NonImmediateOops: No
[2,260s][debug  ][gc,nmethod  ] Register NMethod: java.util.Collections$UnmodifiableCollection.<init> (0x00007f77cfd66390) [0x00007f77cfd66540, 0x00007f77cfd66820] Compiler: c1, Barriers: 3, Oops: 0, ImmediateOops: 0, NonImmediateOops: No
[2,261s][debug  ][gc,nmethod  ] Register NMethod: jdk.internal.misc.CDS.isSharingEnabled (0x00007f77cfd66910) [0x00007f77cfd66aa0, 0x00007f77cfd66b88] Compiler: c1, Barriers: 0, Oops: 0, ImmediateOops: 0, NonImmediateOops: No
[2,261s][debug  ][gc,nmethod  ] Register NMethod: jdk.internal.org.objectweb.asm.MethodWriter.visitLdcInsn (0x00007f77cfd66c10) [0x00007f77cfd66ec0, 0x00007f77cfd67bf8] Compiler: c1, Barriers: 11, Oops: 1, ImmediateOops: 2, NonImmediateOops: No
[2,264s][debug  ][gc,nmethod  ] Register NMethod: java.util.Collections$1.hasNext (0x00007f77ef23c190) [0x00007f77ef23c320, 0x00007f77ef23c3e8] Compiler: c1, Barriers: 0, Oops: 0, ImmediateOops: 0, NonImmediateOops: No
[2,266s][debug  ][gc,director ] Rule Major: Warmup 10%, Used: 70MB, UsedThreshold: 1536MB
[2,268s][debug  ][gc,nmethod  ] Register NMethod: java.lang.invoke.MethodHandle.linkToStatic (0x00007f77ef23c490) [0x00007f77ef23c600, 0x00007f77ef23c6f0] Compiler: , Barriers: 0, Oops: 0, ImmediateOops: 0, NonImmediateOops: No
[2,269s][debug  ][gc,nmethod  ] Register NMethod: java.lang.invoke.BootstrapMethodInvoker.invoke (0x00007f77cfd5b390) [0x00007f77cfd5bce0, 0x00007f77cfd63178] Compiler: c1, Barriers: 63, Oops: 2, ImmediateOops: 15, NonImmediateOops: No
[2,269s][debug  ][gc,nmethod  ] Register NMethod: java.lang.invoke.MethodHandle.linkToSpecial (0x00007f77ef23c790) [0x00007f77ef23c900, 0x00007f77ef23c9f8] Compiler: , Barriers: 0, Oops: 0, ImmediateOops: 0, NonImmediateOops: No
[2,269s][debug  ][gc,nmethod  ] Register NMethod: jdk.internal.org.objectweb.asm.FieldWriter.visitEnd (0x00007f77cfd68090) [0x00007f77cfd68220, 0x00007f77cfd68328] Compiler: c1, Barriers: 0, Oops: 0, ImmediateOops: 0, NonImmediateOops: No
[2,270s][debug  ][gc,nmethod  ] Register NMethod: java.lang.invoke.MethodHandles$Lookup.getDirectMethodNoSecurityManager (0x00007f77cfd68390) [0x00007f77cfd68540, 0x00007f77cfd68690] Compiler: c1, Barriers: 0, Oops: 0, ImmediateOops: 0, NonImmediateOops: No
[2,270s][debug  ][gc,nmethod  ] Register NMethod: java.util.HashSet.<init> (0x00007f77cfd68790) [0x00007f77cfd68960, 0x00007f77cfd68d10] Compiler: c1, Barriers: 3, Oops: 0, ImmediateOops: 0, NonImmediateOops: No
[2,270s][debug  ][gc,nmethod  ] Register NMethod: java.lang.invoke.MemberName$Factory.resolveOrNull (0x00007f77cfd68e90) [0x00007f77cfd69060, 0x00007f77cfd69350] Compiler: c1, Barriers: 1, Oops: 0, ImmediateOops: 0, NonImmediateOops: No
[2,272s][debug  ][gc,nmethod  ] Register NMethod: jdk.internal.reflect.ConstantPool.getUTF8At0 (0x00007f77ef23ca90) [0x00007f77ef23cc40, 0x00007f77ef23cff0] Compiler: , Barriers: 0, Oops: 0, ImmediateOops: 0, NonImmediateOops: No
[2,272s][debug  ][gc,nmethod  ] Register NMethod: jdk.internal.reflect.ConstantPool.getUTF8At (0x00007f77cfd69490) [0x00007f77cfd69640, 0x00007f77cfd697b0] Compiler: c1, Barriers: 1, Oops: 0, ImmediateOops: 0, NonImmediateOops: No
[2,273s][debug  ][gc,nmethod  ] Register NMethod: java.util.Collections$UnmodifiableCollection.contains (0x00007f77cfd69890) [0x00007f77cfd69a40, 0x00007f77cfd69c38] Compiler: c1, Barriers: 1, Oops: 0, ImmediateOops: 0, NonImmediateOops: No
[2,273s][debug  ][gc,nmethod  ] Register NMethod: java.lang.CharacterData.of (0x00007f77ef23d010) [0x00007f77ef23d180, 0x00007f77ef23d228] Compiler: c2, Barriers: 0, Oops: 0, ImmediateOops: 2, NonImmediateOops: No
[2,273s][debug  ][gc,nmethod  ] Register NMethod: java.util.RegularEnumSet.contains (0x00007f77cfd69d10) [0x00007f77cfd69ee0, 0x00007f77cfd6a368] Compiler: c1, Barriers: 3, Oops: 0, ImmediateOops: 0, NonImmediateOops: No
[2,273s][debug  ][gc,nmethod  ] Register NMethod: java.lang.ref.ReferenceQueue.poll (0x00007f77ef23d310) [0x00007f77ef23d4a0, 0x00007f77ef23d570] Compiler: c2, Barriers: 1, Oops: 0, ImmediateOops: 0, NonImmediateOops: No
[2,274s][debug  ][gc,nmethod  ] Register NMethod: java.lang.invoke.MethodHandle.linkToStatic (0x00007f77ef23d610) [0x00007f77ef23d780, 0x00007f77ef23d870] Compiler: , Barriers: 0, Oops: 0, ImmediateOops: 0, NonImmediateOops: No
[2,275s][debug  ][gc,nmethod  ] Register NMethod: java.lang.ClassLoader.getUnnamedModule (0x00007f77ef23d910) [0x00007f77ef23daa0, 0x00007f77ef23db90] Compiler: c1, Barriers: 1, Oops: 0, ImmediateOops: 0, NonImmediateOops: No
[2,276s][debug  ][gc,nmethod  ] Register NMethod: java.lang.Character.isHighSurrogate (0x00007f77cfd6a490) [0x00007f77cfd6a620, 0x00007f77cfd6a7a0] Compiler: c1, Barriers: 0, Oops: 0, ImmediateOops: 0, NonImmediateOops: No
[2,276s][debug  ][gc,nmethod  ] Register NMethod: java.lang.Character.codePointAt (0x00007f77cfd6a810) [0x00007f77cfd6aa00, 0x00007f77cfd6b060] Compiler: c1, Barriers: 0, Oops: 0, ImmediateOops: 0, NonImmediateOops: No
[2,276s][debug  ][gc,director ] Rule Major: Warmup 10%, Used: 72MB, UsedThreshold: 1536MB
[2,278s][debug  ][gc,nmethod  ] Register NMethod: java.util.Spliterators$ArraySpliterator.<init> (0x00007f77cfd6b210) [0x00007f77cfd6b3c0, 0x00007f77cfd6b5c0] Compiler: c1, Barriers: 3, Oops: 0, ImmediateOops: 0, NonImmediateOops: No
[2,280s][debug  ][gc,nmethod  ] Register NMethod: java.util.stream.ReferencePipeline.filter (0x00007f77cfd6b690) [0x00007f77cfd6b880, 0x00007f77cfd6bd50] Compiler: c1, Barriers: 3, Oops: 1, ImmediateOops: 0, NonImmediateOops: No
[2,281s][debug  ][gc,nmethod  ] Register NMethod: java.util.stream.ReferencePipeline$2.<init> (0x00007f77cfd6bf90) [0x00007f77cfd6c140, 0x00007f77cfd6c3d8] Compiler: c1, Barriers: 3, Oops: 0, ImmediateOops: 0, NonImmediateOops: No
[2,281s][debug  ][gc,nmethod  ] Register NMethod: java.util.stream.ReferencePipeline$2$1.begin (0x00007f77cfd6c510) [0x00007f77cfd6c6c0, 0x00007f77cfd6c8c8] Compiler: c1, Barriers: 1, Oops: 0, ImmediateOops: 0, NonImmediateOops: No
[2,281s][debug  ][gc,nmethod  ] Register NMethod: java.util.stream.ReferencePipeline$2.opWrapSink (0x00007f77cfd6c990) [0x00007f77cfd6cb80, 0x00007f77cfd6d148] Compiler: c1, Barriers: 6, Oops: 0, ImmediateOops: 0, NonImmediateOops: No
[2,281s][debug  ][gc,nmethod  ] Register NMethod: java.util.stream.ReferencePipeline$2$1.<init> (0x00007f77cfd6d310) [0x00007f77cfd6d500, 0x00007f77cfd6da08] Compiler: c1, Barriers: 6, Oops: 0, ImmediateOops: 0, NonImmediateOops: No
[2,282s][debug  ][gc,nmethod  ] Register NMethod: java.lang.invoke.BoundMethodHandle$Species_L.make (0x00007f77cfd6db90) [0x00007f77cfd6dd40, 0x00007f77cfd6dfb8] Compiler: c1, Barriers: 3, Oops: 0, ImmediateOops: 0, NonImmediateOops: No
[2,285s][debug  ][gc,nmethod  ] Register NMethod: jdk.internal.misc.Unsafe.shouldBeInitialized0 (0x00007f77ef23dc10) [0x00007f77ef23dda0, 0x00007f77ef23df80] Compiler: , Barriers: 0, Oops: 0, ImmediateOops: 0, NonImmediateOops: No
[2,286s][debug  ][gc,nmethod  ] Register NMethod: jdk.internal.misc.Unsafe.shouldBeInitialized (0x00007f77cfd6e110) [0x00007f77cfd6e2c0, 0x00007f77cfd6e500] Compiler: c1, Barriers: 0, Oops: 0, ImmediateOops: 0, NonImmediateOops: No
[2,286s][debug  ][gc,nmethod  ] Register NMethod: java.lang.StringBuilder.append (0x00007f77cfd6e610) [0x00007f77cfd6e7c0, 0x00007f77cfd6e970] Compiler: c1, Barriers: 0, Oops: 0, ImmediateOops: 0, NonImmediateOops: No
[2,286s][debug  ][gc,director ] Rule Major: Warmup 10%, Used: 72MB, UsedThreshold: 1536MB
[2,286s][debug  ][gc,nmethod  ] Register NMethod: java.lang.ClassLoader.defineClass0 (0x00007f77ef23df90) [0x00007f77ef23e140, 0x00007f77ef23e578] Compiler: , Barriers: 0, Oops: 0, ImmediateOops: 1, NonImmediateOops: No
[2,287s][debug  ][gc,nmethod  ] Register NMethod: java.util.HashMap.<init> (0x00007f77cfd6ea90) [0x00007f77cfd6ec60, 0x00007f77cfd6eda8] Compiler: c1, Barriers: 0, Oops: 0, ImmediateOops: 0, NonImmediateOops: No
[2,287s][debug  ][gc,nmethod  ] Register NMethod: java.lang.CharacterDataLatin1.isWhitespace (0x00007f77ef23e590) [0x00007f77ef23e720, 0x00007f77ef23e7f0] Compiler: c2, Barriers: 0, Oops: 1, ImmediateOops: 1, NonImmediateOops: No
[2,287s][debug  ][gc,nmethod  ] Register NMethod: java.lang.System$2.defineClass (0x00007f77cfd6ee90) [0x00007f77cfd6f040, 0x00007f77cfd6f1c0] Compiler: c1, Barriers: 0, Oops: 0, ImmediateOops: 0, NonImmediateOops: No
[2,287s][debug  ][gc,nmethod  ] Register NMethod: java.lang.invoke.MethodHandles$Lookup$ClassDefiner.defineClass (0x00007f77cfd6f290) [0x00007f77cfd6f540, 0x00007f77cfd70260] Compiler: c1, Barriers: 19, Oops: 0, ImmediateOops: 2, NonImmediateOops: No
[2,288s][debug  ][gc,nmethod  ] Register NMethod: java.lang.invoke.DirectMethodHandle.makeAllocator (0x00007f77cfd70710) [0x00007f77cfd70940, 0x00007f77cfd70e50] Compiler: c1, Barriers: 3, Oops: 0, ImmediateOops: 0, NonImmediateOops: No
[2,289s][debug  ][gc,nmethod  ] Register NMethod: java.lang.invoke.MethodType.hashCode (0x00007f77ef23e910) [0x00007f77ef23eac0, 0x00007f77ef23ed48] Compiler: c2, Barriers: 3, Oops: 0, ImmediateOops: 0, NonImmediateOops: No
[2,289s][debug  ][gc,nmethod  ] Register NMethod: java.lang.reflect.AnnotatedElement.isAnnotationPresent (0x00007f77cfd71090) [0x00007f77cfd71240, 0x00007f77cfd71458] Compiler: c1, Barriers: 0, Oops: 0, ImmediateOops: 0, NonImmediateOops: No
[2,290s][debug  ][gc,nmethod  ] Register NMethod: java.util.stream.AbstractPipeline.isParallel (0x00007f77ef23ef10) [0x00007f77ef23f0a0, 0x00007f77ef23f168] Compiler: c2, Barriers: 1, Oops: 0, ImmediateOops: 0, NonImmediateOops: No
[2,291s][debug  ][gc,nmethod  ] Register NMethod: java.util.Arrays.stream (0x00007f77cfd71510) [0x00007f77cfd716e0, 0x00007f77cfd71900] Compiler: c1, Barriers: 0, Oops: 0, ImmediateOops: 0, NonImmediateOops: No
[2,291s][debug  ][gc,nmethod  ] Register NMethod: java.util.Arrays.stream (0x00007f77cfd71a10) [0x00007f77cfd71bc0, 0x00007f77cfd71d70] Compiler: c1, Barriers: 0, Oops: 0, ImmediateOops: 0, NonImmediateOops: No
[2,292s][debug  ][gc,nmethod  ] Register NMethod: jdk.internal.org.objectweb.asm.SymbolTable.putBootstrapMethods (0x00007f77cfd71e90) [0x00007f77cfd720a0, 0x00007f77cfd72488] Compiler: c1, Barriers: 4, Oops: 0, ImmediateOops: 1, NonImmediateOops: No
[2,292s][debug  ][gc,nmethod  ] Register NMethod: java.util.Arrays.spliterator (0x00007f77cfd72690) [0x00007f77cfd72840, 0x00007f77cfd72960] Compiler: c1, Barriers: 0, Oops: 0, ImmediateOops: 0, NonImmediateOops: No
[2,292s][debug  ][gc,nmethod  ] Register NMethod: java.lang.Class.getAnnotation (0x00007f77cfd72a10) [0x00007f77cfd72c00, 0x00007f77cfd73090] Compiler: c1, Barriers: 1, Oops: 0, ImmediateOops: 0, NonImmediateOops: No
[2,292s][debug  ][gc,nmethod  ] Register NMethod: java.util.Spliterators.spliterator (0x00007f77cfd73210) [0x00007f77cfd733e0, 0x00007f77cfd73728] Compiler: c1, Barriers: 0, Oops: 0, ImmediateOops: 0, NonImmediateOops: No
[2,292s][debug  ][gc,nmethod  ] Register NMethod: java.util.Spliterators.checkFromToBounds (0x00007f77cfd73890) [0x00007f77cfd73b40, 0x00007f77cfd74428] Compiler: c1, Barriers: 0, Oops: 3, ImmediateOops: 3, NonImmediateOops: No
[2,293s][debug  ][gc,nmethod  ] Register NMethod: java.lang.Boolean.valueOf (0x00007f77cfd74810) [0x00007f77cfd749c0, 0x00007f77cfd74b30] Compiler: c1, Barriers: 0, Oops: 0, ImmediateOops: 2, NonImmediateOops: No
[2,293s][debug  ][gc,nmethod  ] Register NMethod: java.lang.Class.getAnnotations (0x00007f77cfd74b90) [0x00007f77cfd74d80, 0x00007f77cfd751c0] Compiler: c1, Barriers: 1, Oops: 0, ImmediateOops: 1, NonImmediateOops: No
[2,293s][debug  ][gc,nmethod  ] Register NMethod: java.lang.Class.getDeclaredAnnotations (0x00007f77cfd75310) [0x00007f77cfd75500, 0x00007f77cfd75940] Compiler: c1, Barriers: 1, Oops: 0, ImmediateOops: 1, NonImmediateOops: No
[2,293s][debug  ][gc,nmethod  ] Register NMethod: jdk.proxy2.$Proxy9.annotationType (0x00007f77cfd75a90) [0x00007f77cfd75c60, 0x00007f77cfd76060] Compiler: c1, Barriers: 1, Oops: 0, ImmediateOops: 1, NonImmediateOops: No
[2,293s][debug  ][gc,nmethod  ] Register NMethod: org.junit.platform.commons.util.AnnotationUtils.findAnnotation (0x00007f77cfd76210) [0x00007f77cfd76560, 0x00007f77cfd77960] Compiler: c1, Barriers: 7, Oops: 2, ImmediateOops: 4, NonImmediateOops: No
[2,294s][debug  ][gc,nmethod  ] Register NMethod: java.util.Spliterators$ArraySpliterator.estimateSize (0x00007f77cfd77f90) [0x00007f77cfd78120, 0x00007f77cfd782b8] Compiler: c1, Barriers: 0, Oops: 0, ImmediateOops: 0, NonImmediateOops: No
[2,294s][debug  ][gc,nmethod  ] Register NMethod: jdk.proxy3.$Proxy5.annotationType (0x00007f77cfd78390) [0x00007f77cfd78560, 0x00007f77cfd78960] Compiler: c1, Barriers: 1, Oops: 1, ImmediateOops: 1, NonImmediateOops: No
[2,294s][debug  ][gc,nmethod  ] Register NMethod: jdk.internal.org.objectweb.asm.ByteVector.put12 (0x00007f77ef23f210) [0x00007f77ef23f3c0, 0x00007f77ef23f5e8] Compiler: c2, Barriers: 2, Oops: 0, ImmediateOops: 0, NonImmediateOops: No
[2,295s][debug  ][gc,nmethod  ] Register NMethod: java.lang.reflect.Method.getDeclaredAnnotations (0x00007f77cfd78b10) [0x00007f77cfd78d00, 0x00007f77cfd79168] Compiler: c1, Barriers: 0, Oops: 0, ImmediateOops: 1, NonImmediateOops: No
[2,295s][debug  ][gc,nmethod  ] Register NMethod: jdk.proxy2.$Proxy11.annotationType (0x00007f77cfd79310) [0x00007f77cfd794e0, 0x00007f77cfd798e0] Compiler: c1, Barriers: 1, Oops: 0, ImmediateOops: 1, NonImmediateOops: No
[2,295s][debug  ][gc,nmethod  ] Register NMethod: java.lang.reflect.Executable.getDeclaredAnnotations (0x00007f77cfd79a90) [0x00007f77cfd79c80, 0x00007f77cfd7a090] Compiler: c1, Barriers: 0, Oops: 0, ImmediateOops: 1, NonImmediateOops: No
[2,295s][debug  ][gc,nmethod  ] Register NMethod: java.lang.Class.isAnnotationPresent (0x00007f77cfd7a210) [0x00007f77cfd7a400, 0x00007f77cfd7a9b0] Compiler: c1, Barriers: 1, Oops: 0, ImmediateOops: 0, NonImmediateOops: No
[2,295s][debug  ][gc,nmethod  ] Register NMethod: jdk.proxy3.$Proxy12.annotationType (0x00007f77cfd7ab90) [0x00007f77cfd7ad60, 0x00007f77cfd7b160] Compiler: c1, Barriers: 1, Oops: 1, ImmediateOops: 1, NonImmediateOops: No
[2,295s][debug  ][gc,nmethod  ] Register NMethod: jdk.proxy3.$Proxy5.hashCode (0x00007f77cfd7b310) [0x00007f77cfd7b4e0, 0x00007f77cfd7b900] Compiler: c1, Barriers: 1, Oops: 1, ImmediateOops: 1, NonImmediateOops: No
[2,295s][debug  ][gc,nmethod  ] Register NMethod: jdk.proxy3.$Proxy12.equals (0x00007f77cfd7bb10) [0x00007f77cfd7bd00, 0x00007f77cfd7c328] Compiler: c1, Barriers: 4, Oops: 2, ImmediateOops: 1, NonImmediateOops: No
[2,295s][debug  ][gc,nmethod  ] Register NMethod: java.lang.Class.getDeclaredAnnotation (0x00007f77cfd7c610) [0x00007f77cfd7c800, 0x00007f77cfd7cc90] Compiler: c1, Barriers: 1, Oops: 0, ImmediateOops: 0, NonImmediateOops: No
[2,295s][debug  ][gc,nmethod  ] Register NMethod: jdk.proxy3.$Proxy12.hashCode (0x00007f77cfd7ce10) [0x00007f77cfd7cfe0, 0x00007f77cfd7d400] Compiler: c1, Barriers: 1, Oops: 1, ImmediateOops: 1, NonImmediateOops: No
[2,296s][debug  ][gc,nmethod  ] Register NMethod: java.lang.reflect.Executable.getAnnotation (0x00007f77cfd7d610) [0x00007f77cfd7d840, 0x00007f77cfd7dec0] Compiler: c1, Barriers: 0, Oops: 0, ImmediateOops: 0, NonImmediateOops: No
[2,296s][debug  ][gc,nmethod  ] Register NMethod: java.lang.reflect.Method.getAnnotation (0x00007f77cfd7e110) [0x00007f77cfd7e340, 0x00007f77cfd7ea28] Compiler: c1, Barriers: 0, Oops: 0, ImmediateOops: 0, NonImmediateOops: No
[2,296s][debug  ][gc,nmethod  ] Register NMethod: java.lang.reflect.Method.getRoot (0x00007f77cfd7ec90) [0x00007f77cfd7ee20, 0x00007f77cfd7ef70] Compiler: c1, Barriers: 1, Oops: 0, ImmediateOops: 0, NonImmediateOops: No
[2,296s][debug  ][gc,nmethod  ] Register NMethod: org.junit.platform.commons.util.AnnotationUtils.findAnnotation (0x00007f77cfd7f010) [0x00007f77cfd7f280, 0x00007f77cfd7fdd8] Compiler: c1, Barriers: 4, Oops: 3, ImmediateOops: 2, NonImmediateOops: No
[2,297s][debug  ][gc,director ] Rule Major: Warmup 10%, Used: 72MB, UsedThreshold: 1536MB
[2,297s][debug  ][gc,nmethod  ] Register NMethod: java.lang.Class.getTypeName (0x00007f77cfd80210) [0x00007f77cfd80640, 0x00007f77cfd82110] Compiler: c1, Barriers: 6, Oops: 0, ImmediateOops: 8, NonImmediateOops: No
[2,297s][debug  ][gc,nmethod  ] Register NMethod: java.lang.reflect.AccessibleObject.getDeclaredAnnotation (0x00007f77cfd82d90) [0x00007f77cfd82f40, 0x00007f77cfd830f8] Compiler: c1, Barriers: 0, Oops: 0, ImmediateOops: 0, NonImmediateOops: No
[2,297s][debug  ][gc,nmethod  ] Register NMethod: sun.reflect.annotation.AnnotationInvocationHandler.equalsImpl (0x00007f77cfd83190) [0x00007f77cfd836e0, 0x00007f77cfd862b0] Compiler: c1, Barriers: 20, Oops: 2, ImmediateOops: 12, NonImmediateOops: No
[2,298s][debug  ][gc,nmethod  ] Register NMethod: java.lang.invoke.MethodHandles$Lookup.resolveOrFail (0x00007f77cfd87210) [0x00007f77cfd874e0, 0x00007f77cfd88248] Compiler: c1, Barriers: 7, Oops: 1, ImmediateOops: 3, NonImmediateOops: No
[2,298s][debug  ][gc,nmethod  ] Register NMethod: java.util.Collection.stream (0x00007f77cfd88690) [0x00007f77cfd88840, 0x00007f77cfd88a30] Compiler: c1, Barriers: 0, Oops: 0, ImmediateOops: 0, NonImmediateOops: No
[2,298s][debug  ][gc,nmethod  ] Register NMethod: java.lang.invoke.MethodHandles$Lookup.getDirectMethodForConstant (0x00007f77cfd88b10) [0x00007f77cfd88e60, 0x00007f77cfd89fd8] Compiler: c1, Barriers: 0, Oops: 1, ImmediateOops: 3, NonImmediateOops: No
[2,299s][debug  ][gc,nmethod  ] Register NMethod: java.lang.invoke.MethodHandles$Lookup.canBeCached (0x00007f77cfd8a610) [0x00007f77cfd8a980, 0x00007f77cfd8beb8] Compiler: c1, Barriers: 8, Oops: 1, ImmediateOops: 1, NonImmediateOops: No
[2,299s][debug  ][gc,nmethod  ] Register NMethod: java.util.stream.FindOps$FindOp.getOpFlags (0x00007f77ef23f710) [0x00007f77ef23f8a0, 0x00007f77ef23f960] Compiler: c1, Barriers: 0, Oops: 0, ImmediateOops: 0, NonImmediateOops: No
[2,299s][debug  ][gc,nmethod  ] Register NMethod: java.util.ArrayList$ArrayListSpliterator.getFence (0x00007f77cfd8c590) [0x00007f77cfd8c720, 0x00007f77cfd8c8a0] Compiler: c1, Barriers: 1, Oops: 0, ImmediateOops: 0, NonImmediateOops: No
[2,299s][debug  ][gc,nmethod  ] Register NMethod: jdk.internal.org.objectweb.asm.FieldWriter.computeFieldInfoSize (0x00007f77cfd8c990) [0x00007f77cfd8cb80, 0x00007f77cfd8d000] Compiler: c1, Barriers: 8, Oops: 0, ImmediateOops: 1, NonImmediateOops: No
[2,299s][debug  ][gc,nmethod  ] Register NMethod: java.lang.invoke.MethodHandle.getApproximateCommonClassLoader (0x00007f77cfd8d190) [0x00007f77cfd8d400, 0x00007f77cfd8e088] Compiler: c1, Barriers: 5, Oops: 0, ImmediateOops: 4, NonImmediateOops: No
[2,299s][debug  ][gc,nmethod  ] Register NMethod: java.lang.invoke.MethodHandle.keepsAlive (0x00007f77cfd8e490) [0x00007f77cfd8e720, 0x00007f77cfd8f3a0] Compiler: c1, Barriers: 5, Oops: 0, ImmediateOops: 4, NonImmediateOops: No
[2,300s][debug  ][gc,nmethod  ] Register NMethod: jdk.internal.org.objectweb.asm.FieldWriter.putFieldInfo (0x00007f77cfd8f790) [0x00007f77cfd8fa60, 0x00007f77cfd906f8] Compiler: c1, Barriers: 16, Oops: 0, ImmediateOops: 1, NonImmediateOops: No
[2,300s][debug  ][gc,nmethod  ] Register NMethod: java.lang.Class.getProtectionDomain0 (0x00007f77ef23fa10) [0x00007f77ef23fbc0, 0x00007f77ef23ff58] Compiler: , Barriers: 0, Oops: 0, ImmediateOops: 0, NonImmediateOops: No
[2,300s][debug  ][gc,nmethod  ] Register NMethod: java.util.regex.Pattern.lambda$ALL$10 (0x00007f77ef23ff90) [0x00007f77ef240120, 0x00007f77ef2401c0] Compiler: c1, Barriers: 0, Oops: 0, ImmediateOops: 0, NonImmediateOops: No
[2,300s][debug  ][gc,nmethod  ] Register NMethod: java.lang.invoke.DirectMethodHandle.shouldBeInitialized (0x00007f77cfd90a90) [0x00007f77cfd90ce0, 0x00007f77cfd914f8] Compiler: c1, Barriers: 1, Oops: 1, ImmediateOops: 9, NonImmediateOops: No
[2,301s][debug  ][gc,nmethod  ] Register NMethod: jdk.internal.org.objectweb.asm.MethodVisitor.visitFieldInsn (0x00007f77cfd91710) [0x00007f77cfd918c0, 0x00007f77cfd91af8] Compiler: c1, Barriers: 1, Oops: 0, ImmediateOops: 0, NonImmediateOops: No
[2,301s][debug  ][gc,nmethod  ] Register NMethod: java.lang.Module.allows (0x00007f77cfd91c10) [0x00007f77cfd91e20, 0x00007f77cfd92460] Compiler: c1, Barriers: 1, Oops: 0, ImmediateOops: 3, NonImmediateOops: No
[2,301s][debug  ][gc,nmethod  ] Register NMethod: java.util.regex.Pattern$$Lambda/0x0000000080173d20.is (0x00007f77cfd92590) [0x00007f77cfd92720, 0x00007f77cfd92880] Compiler: c1, Barriers: 0, Oops: 0, ImmediateOops: 0, NonImmediateOops: No
[2,302s][debug  ][gc,nmethod  ] Register NMethod: java.lang.Character.isLowSurrogate (0x00007f77cfd92910) [0x00007f77cfd92aa0, 0x00007f77cfd92c20] Compiler: c1, Barriers: 0, Oops: 0, ImmediateOops: 0, NonImmediateOops: No
[2,302s][debug  ][gc,nmethod  ] Register NMethod: java.lang.Module.isExported (0x00007f77cfd92c90) [0x00007f77cfd92e80, 0x00007f77cfd93280] Compiler: c1, Barriers: 0, Oops: 0, ImmediateOops: 0, NonImmediateOops: No
[2,302s][debug  ][gc,nmethod  ] Register NMethod: java.lang.invoke.MethodHandle.invokeBasic (0x00007f77ef240290) [0x00007f77ef240420, 0x00007f77ef2406b8] Compiler: , Barriers: 0, Oops: 0, ImmediateOops: 0, NonImmediateOops: No
[2,302s][debug  ][gc,reloc    ] Synchronize all workers 1 _nworkers: 0 _nsynchronized: 0
[2,303s][debug  ][gc,reloc    ] Synchronize all workers 1 _nworkers: 0 _nsynchronized: 0
[2,303s][debug  ][gc,reloc    ] Desynchronize all workers _nworkers: 0 _nsynchronized: 0
[2,303s][debug  ][gc,reloc    ] Desynchronize all workers _nworkers: 0 _nsynchronized: 0
[2,303s][debug  ][gc,nmethod  ] Register NMethod: java.lang.ref.NativeReferenceQueue.poll (0x00007f77ef240710) [0x00007f77ef2408a0, 0x00007f77ef240970] Compiler: c2, Barriers: 1, Oops: 0, ImmediateOops: 0, NonImmediateOops: No
[2,303s][debug  ][gc,nmethod  ] Register NMethod: java.lang.Module.canRead (0x00007f77cfd93410) [0x00007f77cfd93800, 0x00007f77cfd953b0] Compiler: c1, Barriers: 16, Oops: 3, ImmediateOops: 10, NonImmediateOops: No
[2,303s][debug  ][gc,nmethod  ] Register NMethod: java.lang.invoke.InvokerBytecodeGenerator.emitStoreResult (0x00007f77cfd95a90) [0x00007f77cfd95c40, 0x00007f77cfd95e58] Compiler: c1, Barriers: 1, Oops: 0, ImmediateOops: 1, NonImmediateOops: No
[2,303s][debug  ][gc,nmethod  ] Register NMethod: java.lang.invoke.LambdaForm$NamedFunction.intrinsicName (0x00007f77cfd95f10) [0x00007f77cfd960c0, 0x00007f77cfd96338] Compiler: c1, Barriers: 1, Oops: 0, ImmediateOops: 1, NonImmediateOops: No
[2,303s][debug  ][gc,nmethod  ] Register NMethod: java.lang.invoke.LambdaForm$NamedFunction.member (0x00007f77cfd96410) [0x00007f77cfd965a0, 0x00007f77cfd966e0] Compiler: c1, Barriers: 1, Oops: 0, ImmediateOops: 0, NonImmediateOops: No
[2,304s][debug  ][gc,nmethod  ] Register NMethod: java.lang.invoke.MemberName.isPrivate (0x00007f77cfd96790) [0x00007f77cfd96920, 0x00007f77cfd96ae8] Compiler: c1, Barriers: 0, Oops: 0, ImmediateOops: 0, NonImmediateOops: No
[2,304s][debug  ][gc,nmethod  ] Register NMethod: java.lang.invoke.InvokerBytecodeGenerator.emitPushArguments (0x00007f77cfd96b90) [0x00007f77cfd96da0, 0x00007f77cfd97510] Compiler: c1, Barriers: 12, Oops: 0, ImmediateOops: 0, NonImmediateOops: No
[2,304s][debug  ][gc,nmethod  ] Register NMethod: java.lang.invoke.LambdaForm$Name.<init> (0x00007f77cfd97810) [0x00007f77cfd97a60, 0x00007f77cfd98228] Compiler: c1, Barriers: 8, Oops: 0, ImmediateOops: 1, NonImmediateOops: No
[2,304s][debug  ][gc,nmethod  ] Register NMethod: java.lang.invoke.InvokerBytecodeGenerator.isStaticallyInvocable (0x00007f77cfd98590) [0x00007f77cfd98940, 0x00007f77cfd99e50] Compiler: c1, Barriers: 2, Oops: 1, ImmediateOops: 3, NonImmediateOops: No
[2,304s][debug  ][gc,nmethod  ] Register NMethod: java.lang.invoke.InvokerBytecodeGenerator.refKindOpcode (0x00007f77cfd9a390) [0x00007f77cfd9a600, 0x00007f77cfd9ae20] Compiler: c1, Barriers: 0, Oops: 1, ImmediateOops: 1, NonImmediateOops: No
[2,304s][debug  ][gc,nmethod  ] Register NMethod: java.lang.invoke.LambdaFormBuffer.ownedCount (0x00007f77cfd9b090) [0x00007f77cfd9b220, 0x00007f77cfd9b328] Compiler: c1, Barriers: 0, Oops: 0, ImmediateOops: 0, NonImmediateOops: No
[2,305s][debug  ][gc,nmethod  ] Register NMethod: jdk.internal.org.objectweb.asm.Type.getArgumentTypes (0x00007f77cfd9b390) [0x00007f77cfd9b820, 0x00007f77cfd9df80] Compiler: c1, Barriers: 15, Oops: 1, ImmediateOops: 12, NonImmediateOops: No
[2,305s][debug  ][gc,nmethod  ] Register NMethod: java.lang.invoke.InvokerBytecodeGenerator.emitStaticInvoke (0x00007f77cfd9ed90) [0x00007f77cfd9f100, 0x00007f77cfda02d8] Compiler: c1, Barriers: 17, Oops: 0, ImmediateOops: 6, NonImmediateOops: No
[2,305s][debug  ][gc,nmethod  ] Register NMethod: java.lang.ThreadLocal.get (0x00007f77cfda0890) [0x00007f77cfda0a60, 0x00007f77cfda0dd0] Compiler: c1, Barriers: 2, Oops: 0, ImmediateOops: 0, NonImmediateOops: No
[2,305s][debug  ][gc,nmethod  ] Register NMethod: java.lang.ThreadLocal$ThreadLocalMap.getEntry (0x00007f77cfda0f90) [0x00007f77cfda1160, 0x00007f77cfda1588] Compiler: c1, Barriers: 2, Oops: 0, ImmediateOops: 0, NonImmediateOops: No
[2,306s][debug  ][gc,nmethod  ] Register NMethod: sun.reflect.generics.parser.SignatureParser.mark (0x00007f77cfda1790) [0x00007f77cfda1920, 0x00007f77cfda1a28] Compiler: c1, Barriers: 0, Oops: 0, ImmediateOops: 0, NonImmediateOops: No
[2,306s][debug  ][gc,nmethod  ] Register NMethod: sun.reflect.generics.parser.SignatureParser.markToCurrent (0x00007f77cfda1a90) [0x00007f77cfda1c40, 0x00007f77cfda1dc0] Compiler: c1, Barriers: 1, Oops: 0, ImmediateOops: 0, NonImmediateOops: No
[2,307s][debug  ][gc,director ] Rule Major: Warmup 10%, Used: 74MB, UsedThreshold: 1536MB
[2,307s][debug  ][gc,nmethod  ] Register NMethod: java.lang.invoke.MethodHandle.linkToStatic (0x00007f77ef240a10) [0x00007f77ef240b80, 0x00007f77ef240c70] Compiler: , Barriers: 0, Oops: 0, ImmediateOops: 0, NonImmediateOops: No
[2,307s][debug  ][gc,nmethod  ] Register NMethod: java.lang.invoke.MethodHandle.linkToSpecial (0x00007f77ef240d10) [0x00007f77ef240e80, 0x00007f77ef240f78] Compiler: , Barriers: 0, Oops: 0, ImmediateOops: 0, NonImmediateOops: No
[2,308s][debug  ][gc,nmethod  ] Register NMethod: java.lang.invoke.MethodHandle.linkToInterface (0x00007f77ef241010) [0x00007f77ef241180, 0x00007f77ef2412b8] Compiler: , Barriers: 0, Oops: 0, ImmediateOops: 0, NonImmediateOops: No
[2,308s][debug  ][gc,nmethod  ] Register NMethod: java.lang.invoke.MethodType.methodType (0x00007f77cfda1e90) [0x00007f77cfda2040, 0x00007f77cfda2210] Compiler: c1, Barriers: 0, Oops: 0, ImmediateOops: 2, NonImmediateOops: No
[2,312s][debug  ][gc,nmethod  ] Register NMethod: java.lang.String.indexOf (0x00007f77ef241310) [0x00007f77ef2414a0, 0x00007f77ef241778] Compiler: c2, Barriers: 2, Oops: 0, ImmediateOops: 0, NonImmediateOops: No
[2,313s][debug  ][gc,nmethod  ] Register NMethod: jdk.internal.jimage.ImageLocation.verify (0x00007f77cfda2310) [0x00007f77cfda25c0, 0x00007f77cfda32c0] Compiler: c1, Barriers: 1, Oops: 1, ImmediateOops: 1, NonImmediateOops: No
[2,317s][debug  ][gc,director ] Rule Major: Warmup 10%, Used: 74MB, UsedThreshold: 1536MB
[2,321s][debug  ][gc,nmethod  ] Register NMethod: jdk.internal.loader.BuiltinClassLoader.isSealed (0x00007f77cfda3810) [0x00007f77cfda3c80, 0x00007f77cfda5a60] Compiler: c1, Barriers: 6, Oops: 3, ImmediateOops: 20, NonImmediateOops: No
[2,324s][debug  ][gc,nmethod  ] Register NMethod: java.io.BufferedReader.ensureOpen (0x00007f77cfda6610) [0x00007f77cfda67c0, 0x00007f77cfda6a08] Compiler: c1, Barriers: 1, Oops: 0, ImmediateOops: 1, NonImmediateOops: No
[2,324s][debug  ][gc,nmethod  ] Register NMethod: java.io.StreamTokenizer.read (0x00007f77cfda6b10) [0x00007f77cfda6d00, 0x00007f77cfda7158] Compiler: c1, Barriers: 2, Oops: 0, ImmediateOops: 0, NonImmediateOops: No
[2,324s][debug  ][gc,nmethod  ] Register NMethod: java.io.BufferedReader.implRead (0x00007f77cfda7290) [0x00007f77cfda7480, 0x00007f77cfda79b8] Compiler: c1, Barriers: 3, Oops: 0, ImmediateOops: 1, NonImmediateOops: No
[2,325s][debug  ][gc,nmethod  ] Register NMethod: java.io.BufferedReader.read (0x00007f77cfda7b90) [0x00007f77cfda7e60, 0x00007f77cfda8e68] Compiler: c1, Barriers: 9, Oops: 0, ImmediateOops: 0, NonImmediateOops: No
[2,325s][debug  ][gc,nmethod  ] Register NMethod: java.util.concurrent.locks.AbstractQueuedSynchronizer.signalNext (0x00007f77cfda9310) [0x00007f77cfda9500, 0x00007f77cfda9a08] Compiler: c1, Barriers: 2, Oops: 0, ImmediateOops: 1, NonImmediateOops: No
[2,326s][debug  ][gc,nmethod  ] Register NMethod: sun.security.provider.PolicyParser.peek (0x00007f77cfda9b90) [0x00007f77cfda9dc0, 0x00007f77cfdaa468] Compiler: c1, Barriers: 2, Oops: 0, ImmediateOops: 6, NonImmediateOops: No
[2,326s][debug  ][gc,nmethod  ] Register NMethod: jdk.internal.misc.InternalLock.lock (0x00007f77ef241890) [0x00007f77ef241a60, 0x00007f77ef241de0] Compiler: c2, Barriers: 7, Oops: 0, ImmediateOops: 0, NonImmediateOops: No
[2,326s][debug  ][gc,nmethod  ] Register NMethod: java.lang.String.copyValueOf (0x00007f77cfdaa690) [0x00007f77cfdaa840, 0x00007f77cfdaa9d0] Compiler: c1, Barriers: 0, Oops: 0, ImmediateOops: 0, NonImmediateOops: No
[2,326s][debug  ][gc,nmethod  ] Register NMethod: java.nio.Buffer.position (0x00007f77ef241f10) [0x00007f77ef2420a0, 0x00007f77ef242160] Compiler: c1, Barriers: 0, Oops: 0, ImmediateOops: 0, NonImmediateOops: No
[2,326s][debug  ][gc,nmethod  ] Register NMethod: jdk.internal.misc.InternalLock.unlock (0x00007f77ef242210) [0x00007f77ef242400, 0x00007f77ef242830] Compiler: c2, Barriers: 9, Oops: 0, ImmediateOops: 0, NonImmediateOops: No
[2,327s][debug  ][gc,nmethod  ] Register NMethod: java.util.concurrent.locks.ReentrantLock$Sync.tryRelease (0x00007f77ef242a10) [0x00007f77ef242ba0, 0x00007f77ef242df8] Compiler: c2, Barriers: 4, Oops: 0, ImmediateOops: 0, NonImmediateOops: No
[2,327s][debug  ][gc,director ] Rule Major: Warmup 10%, Used: 74MB, UsedThreshold: 1536MB
[2,327s][debug  ][gc,nmethod  ] Register NMethod: java.io.StreamTokenizer.nextToken (0x00007f77cfdaaa90) [0x00007f77cfdab080, 0x00007f77cfdadf40] Compiler: c1, Barriers: 29, Oops: 0, ImmediateOops: 1, NonImmediateOops: No
[2,327s][debug  ][gc,nmethod  ] Register NMethod: jdk.internal.misc.CarrierThreadLocal.get (0x00007f77cfdae990) [0x00007f77cfdaeb40, 0x00007f77cfdaee20] Compiler: c1, Barriers: 1, Oops: 0, ImmediateOops: 1, NonImmediateOops: No
[2,328s][debug  ][gc,nmethod  ] Register NMethod: java.lang.ThreadLocal.getCarrierThreadLocal (0x00007f77cfdaef10) [0x00007f77cfdaf0c0, 0x00007f77cfdaf258] Compiler: c1, Barriers: 1, Oops: 0, ImmediateOops: 0, NonImmediateOops: No
[2,328s][debug  ][gc,nmethod  ] Register NMethod: java.lang.System$2.getCarrierThreadLocal (0x00007f77cfdaf310) [0x00007f77cfdaf4c0, 0x00007f77cfdaf738] Compiler: c1, Barriers: 1, Oops: 0, ImmediateOops: 0, NonImmediateOops: No
[2,328s][debug  ][gc,nmethod  ] Register NMethod: java.util.concurrent.locks.ReentrantLock$NonfairSync.initialTryLock (0x00007f77ef242e90) [0x00007f77ef243020, 0x00007f77ef243218] Compiler: c2, Barriers: 5, Oops: 0, ImmediateOops: 0, NonImmediateOops: No
[2,328s][debug  ][gc,nmethod  ] Register NMethod: sun.security.provider.PolicyParser.match (0x00007f77cfdaf810) [0x00007f77cfdaff20, 0x00007f77cfdb2ca0] Compiler: c1, Barriers: 37, Oops: 3, ImmediateOops: 24, NonImmediateOops: No
[2,328s][debug  ][gc,nmethod  ] Register NMethod: java.util.concurrent.locks.AbstractQueuedSynchronizer.signalNext (0x00007f77ef243290) [0x00007f77ef243420, 0x00007f77ef243558] Compiler: c2, Barriers: 2, Oops: 0, ImmediateOops: 0, NonImmediateOops: No
[2,329s][debug  ][gc,nmethod  ] Register NMethod: java.lang.StringUTF16.compress (0x00007f77ef243610) [0x00007f77ef2437a0, 0x00007f77ef243a00] Compiler: c2, Barriers: 0, Oops: 0, ImmediateOops: 0, NonImmediateOops: No
[2,329s][debug  ][gc,nmethod  ] Register NMethod: java.util.Collections$UnmodifiableCollection$1.next (0x00007f77cfdb3d90) [0x00007f77cfdb3f40, 0x00007f77cfdb4138] Compiler: c1, Barriers: 1, Oops: 0, ImmediateOops: 0, NonImmediateOops: No
[2,329s][debug  ][gc,nmethod  ] Register NMethod: java.lang.String.contains (0x00007f77cfdb4210) [0x00007f77cfdb43c0, 0x00007f77cfdb4620] Compiler: c1, Barriers: 0, Oops: 0, ImmediateOops: 0, NonImmediateOops: No
[2,329s][debug  ][gc,nmethod  ] Register NMethod: java.util.concurrent.locks.ReentrantLock.lock (0x00007f77ef243b10) [0x00007f77ef243ce0, 0x00007f77ef244008] Compiler: c2, Barriers: 6, Oops: 0, ImmediateOops: 0, NonImmediateOops: No
[2,330s][debug  ][gc,nmethod  ] Register NMethod: java.lang.CharacterDataLatin1.getProperties (0x00007f77ef244110) [0x00007f77ef244280, 0x00007f77ef244328] Compiler: c2, Barriers: 0, Oops: 1, ImmediateOops: 1, NonImmediateOops: No
[2,331s][debug  ][gc,nmethod  ] Register NMethod: java.util.ArrayList$Itr.next (0x00007f77cfdb4710) [0x00007f77cfdb4900, 0x00007f77cfdb4d68] Compiler: c1, Barriers: 3, Oops: 0, ImmediateOops: 0, NonImmediateOops: No
[2,332s][debug  ][gc,nmethod  ] Register NMethod: java.io.BufferedReader.implRead (0x00007f77ef244410) [0x00007f77ef2445c0, 0x00007f77ef2447a0] Compiler: c2, Barriers: 2, Oops: 0, ImmediateOops: 0, NonImmediateOops: No
[2,332s][debug  ][gc,nmethod  ] Register NMethod: java.security.Permission.getName (0x00007f77ef244910) [0x00007f77ef244aa0, 0x00007f77ef244b90] Compiler: c1, Barriers: 1, Oops: 0, ImmediateOops: 0, NonImmediateOops: No
[2,332s][debug  ][gc,nmethod  ] Register NMethod: java.security.PermissionCollection.isReadOnly (0x00007f77ef244c10) [0x00007f77ef244da0, 0x00007f77ef244e68] Compiler: c1, Barriers: 0, Oops: 0, ImmediateOops: 0, NonImmediateOops: No
[2,332s][debug  ][gc,nmethod  ] Register NMethod: java.lang.CharacterDataLatin1.equalsIgnoreCase (0x00007f77ef244f10) [0x00007f77ef245080, 0x00007f77ef245130] Compiler: c2, Barriers: 0, Oops: 0, ImmediateOops: 0, NonImmediateOops: No
[2,333s][debug  ][gc,nmethod  ] Register NMethod: java.io.BufferedReader.read (0x00007f77ef245210) [0x00007f77ef245460, 0x00007f77ef245dd0] Compiler: c2, Barriers: 18, Oops: 0, ImmediateOops: 0, NonImmediateOops: No
[2,333s][debug  ][gc,nmethod  ] Register NMethod: java.lang.String.startsWith (0x00007f77cfdb4f90) [0x00007f77cfdb51c0, 0x00007f77cfdb5a10] Compiler: c1, Barriers: 2, Oops: 0, ImmediateOops: 0, NonImmediateOops: No
[2,334s][debug  ][gc,nmethod  ] Register NMethod: jdk.internal.util.ArraysSupport.mismatch (0x00007f77cfdb5c90) [0x00007f77cfdb5e60, 0x00007f77cfdb62a0] Compiler: c1, Barriers: 0, Oops: 0, ImmediateOops: 0, NonImmediateOops: No
[2,335s][debug  ][gc,nmethod  ] Register NMethod: java.io.StreamTokenizer.read (0x00007f77ef246210) [0x00007f77ef246480, 0x00007f77ef246e48] Compiler: c2, Barriers: 19, Oops: 0, ImmediateOops: 0, NonImmediateOops: No
[2,337s][debug  ][gc,director ] Rule Major: Warmup 10%, Used: 74MB, UsedThreshold: 1536MB
[2,340s][debug  ][gc,nmethod  ] Register NMethod: java.lang.String.regionMatches (0x00007f77ef247310) [0x00007f77ef2474c0, 0x00007f77ef2478d8] Compiler: c2, Barriers: 2, Oops: 0, ImmediateOops: 0, NonImmediateOops: No
[2,347s][debug  ][gc,nmethod  ] Register NMethod: java.lang.invoke.Invokers.callSiteForm (0x00007f77cfdb6490) [0x00007f77cfdb67e0, 0x00007f77cfdb7d30] Compiler: c1, Barriers: 21, Oops: 0, ImmediateOops: 5, NonImmediateOops: No
[2,347s][debug  ][gc,director ] Rule Major: Warmup 10%, Used: 76MB, UsedThreshold: 1536MB
[2,358s][debug  ][gc,director ] Rule Major: Warmup 10%, Used: 76MB, UsedThreshold: 1536MB
[2,362s][debug  ][gc,nmethod  ] Register NMethod: com.sun.org.apache.xerces.internal.utils.XMLSecurityManager$Limit.systemProperty (0x00007f77ef247b90) [0x00007f77ef247d20, 0x00007f77ef247e10] Compiler: c1, Barriers: 1, Oops: 0, ImmediateOops: 0, NonImmediateOops: No
[2,362s][debug  ][gc,nmethod  ] Register NMethod: java.util.ArrayList.indexOfRange (0x00007f77cfdb8610) [0x00007f77cfdb8800, 0x00007f77cfdb8d48] Compiler: c1, Barriers: 3, Oops: 0, ImmediateOops: 0, NonImmediateOops: No
[2,363s][debug  ][gc,nmethod  ] Register NMethod: java.util.ArrayList.indexOf (0x00007f77cfdb8f10) [0x00007f77cfdb90c0, 0x00007f77cfdb9218] Compiler: c1, Barriers: 0, Oops: 0, ImmediateOops: 0, NonImmediateOops: No
[2,363s][debug  ][gc,nmethod  ] Register NMethod: java.util.ArrayList.contains (0x00007f77cfdb9310) [0x00007f77cfdb94c0, 0x00007f77cfdb96f0] Compiler: c1, Barriers: 0, Oops: 0, ImmediateOops: 0, NonImmediateOops: No
[2,365s][debug  ][gc,nmethod  ] Register NMethod: java.util.Arrays.fill (0x00007f77cfdb9810) [0x00007f77cfdb99c0, 0x00007f77cfdb9be0] Compiler: c1, Barriers: 0, Oops: 0, ImmediateOops: 0, NonImmediateOops: No
[2,366s][debug  ][gc,nmethod  ] Register NMethod: java.lang.String.startsWith (0x00007f77ef247e90) [0x00007f77ef248040, 0x00007f77ef248380] Compiler: c2, Barriers: 2, Oops: 0, ImmediateOops: 0, NonImmediateOops: No
[2,366s][debug  ][gc,nmethod  ] Register NMethod: java.lang.String.substring (0x00007f77cfdb9d10) [0x00007f77cfdb9ec0, 0x00007f77cfdba128] Compiler: c1, Barriers: 1, Oops: 0, ImmediateOops: 0, NonImmediateOops: No
[2,366s][debug  ][gc,nmethod  ] Register NMethod: com.sun.org.apache.xerces.internal.util.Status.isExceptional (0x00007f77ef248590) [0x00007f77ef248720, 0x00007f77ef2487e8] Compiler: c1, Barriers: 0, Oops: 0, ImmediateOops: 0, NonImmediateOops: No
[2,367s][debug  ][gc,nmethod  ] Register NMethod: com.sun.org.apache.xerces.internal.util.XMLChar.isValid (0x00007f77cfdba290) [0x00007f77cfdba440, 0x00007f77cfdba668] Compiler: c1, Barriers: 0, Oops: 0, ImmediateOops: 1, NonImmediateOops: No
[2,367s][debug  ][gc,nmethod  ] Register NMethod: com.sun.org.apache.xerces.internal.util.XMLChar.isInvalid (0x00007f77cfdba710) [0x00007f77cfdba8c0, 0x00007f77cfdbaba0] Compiler: c1, Barriers: 0, Oops: 0, ImmediateOops: 1, NonImmediateOops: No
[2,368s][debug  ][gc,director ] Rule Major: Warmup 10%, Used: 76MB, UsedThreshold: 1536MB
[2,370s][debug  ][gc,nmethod  ] Register NMethod: com.sun.org.apache.xerces.internal.util.XMLChar.isContent (0x00007f77cfdbac90) [0x00007f77cfdbae40, 0x00007f77cfdbb068] Compiler: c1, Barriers: 0, Oops: 0, ImmediateOops: 1, NonImmediateOops: No
[2,371s][debug  ][gc,nmethod  ] Register NMethod: java.util.Arrays.fill (0x00007f77ef248890) [0x00007f77ef248a20, 0x00007f77ef248c78] Compiler: c2, Barriers: 0, Oops: 0, ImmediateOops: 0, NonImmediateOops: No
[2,372s][debug  ][gc,nmethod  ] Register NMethod: java.lang.StringLatin1.toLowerCase (0x00007f77cfdbb110) [0x00007f77cfdbb3a0, 0x00007f77cfdbbf18] Compiler: c1, Barriers: 5, Oops: 0, ImmediateOops: 5, NonImmediateOops: No
[2,373s][debug  ][gc,nmethod  ] Register NMethod: java.lang.String.toLowerCase (0x00007f77cfdbc310) [0x00007f77cfdbc4e0, 0x00007f77cfdbc7f8] Compiler: c1, Barriers: 2, Oops: 0, ImmediateOops: 0, NonImmediateOops: No
[2,375s][debug  ][gc,nmethod  ] Register NMethod: sun.net.www.ParseUtil.firstEncodeIndex (0x00007f77cfdbc910) [0x00007f77cfdbcb60, 0x00007f77cfdbd5c8] Compiler: c1, Barriers: 3, Oops: 1, ImmediateOops: 2, NonImmediateOops: No
[2,378s][debug  ][gc,director ] Rule Major: Warmup 10%, Used: 76MB, UsedThreshold: 1536MB
[2,382s][debug  ][gc,nmethod  ] Register NMethod: ch.qos.logback.core.joran.spi.ElementPath.get (0x00007f77cfdbd990) [0x00007f77cfdbdb60, 0x00007f77cfdbdf80] Compiler: c1, Barriers: 3, Oops: 1, ImmediateOops: 0, NonImmediateOops: No
[2,384s][debug  ][gc,nmethod  ] Register NMethod: sun.net.www.ParseUtil.match (0x00007f77cfdbe190) [0x00007f77cfdbe340, 0x00007f77cfdbe5e0] Compiler: c1, Barriers: 0, Oops: 0, ImmediateOops: 0, NonImmediateOops: No
[2,384s][debug  ][gc,nmethod  ] Register NMethod: ch.qos.logback.core.joran.spi.ElementPath.size (0x00007f77cfdbe690) [0x00007f77cfdbe820, 0x00007f77cfdbe980] Compiler: c1, Barriers: 1, Oops: 1, ImmediateOops: 0, NonImmediateOops: No
[2,385s][debug  ][gc,nmethod  ] Register NMethod: java.lang.PublicMethods$Key.hashCode (0x00007f77cfdbea90) [0x00007f77cfdbec40, 0x00007f77cfdbee38] Compiler: c1, Barriers: 2, Oops: 0, ImmediateOops: 0, NonImmediateOops: No
[2,385s][debug  ][gc,nmethod  ] Register NMethod: java.lang.PublicMethods$MethodList.<init> (0x00007f77cfdbef10) [0x00007f77cfdbf0c0, 0x00007f77cfdbf298] Compiler: c1, Barriers: 3, Oops: 0, ImmediateOops: 0, NonImmediateOops: No
[2,385s][debug  ][gc,nmethod  ] Register NMethod: java.lang.reflect.ReflectAccess.getExecutableSharedParameterTypes (0x00007f77cfdbf390) [0x00007f77cfdbf540, 0x00007f77cfdbf708] Compiler: c1, Barriers: 0, Oops: 0, ImmediateOops: 0, NonImmediateOops: No
[2,386s][debug  ][gc,nmethod  ] Register NMethod: jdk.internal.reflect.ReflectionFactory.getExecutableSharedParameterTypes (0x00007f77cfdbf810) [0x00007f77cfdbf9c0, 0x00007f77cfdbfc48] Compiler: c1, Barriers: 1, Oops: 0, ImmediateOops: 0, NonImmediateOops: No
[2,386s][debug  ][gc,nmethod  ] Register NMethod: java.lang.PublicMethods$MethodList.length (0x00007f77cfdbfd90) [0x00007f77cfdbff40, 0x00007f77cfdc0168] Compiler: c1, Barriers: 2, Oops: 0, ImmediateOops: 0, NonImmediateOops: No
[2,386s][debug  ][gc,nmethod  ] Register NMethod: java.lang.PublicMethods.merge (0x00007f77cfdc0290) [0x00007f77cfdc0500, 0x00007f77cfdc1078] Compiler: c1, Barriers: 14, Oops: 1, ImmediateOops: 2, NonImmediateOops: No
[2,386s][debug  ][gc,nmethod  ] Register NMethod: java.lang.PublicMethods$MethodList.merge (0x00007f77cfdc1410) [0x00007f77cfdc16c0, 0x00007f77cfdc23d0] Compiler: c1, Barriers: 25, Oops: 0, ImmediateOops: 0, NonImmediateOops: No
[2,387s][debug  ][gc,nmethod  ] Register NMethod: java.lang.String.startsWith (0x00007f77ef248d90) [0x00007f77ef248f40, 0x00007f77ef2492d8] Compiler: c2, Barriers: 2, Oops: 0, ImmediateOops: 0, NonImmediateOops: No
[2,388s][debug  ][gc,director ] Rule Major: Warmup 10%, Used: 76MB, UsedThreshold: 1536MB
[2,389s][debug  ][gc,nmethod  ] Register NMethod: java.lang.invoke.LambdaForm.useCount (0x00007f77cfdc2790) [0x00007f77cfdc2960, 0x00007f77cfdc2d28] Compiler: c1, Barriers: 2, Oops: 0, ImmediateOops: 0, NonImmediateOops: No
[2,389s][debug  ][gc,nmethod  ] Register NMethod: java.lang.invoke.InvokerBytecodeGenerator.emitReferenceCast (0x00007f77cfdc2f10) [0x00007f77cfdc3200, 0x00007f77cfdc3fe0] Compiler: c1, Barriers: 8, Oops: 0, ImmediateOops: 7, NonImmediateOops: No
[2,389s][debug  ][gc,nmethod  ] Register NMethod: ch.qos.logback.core.joran.spi.SimpleRuleStore.isKleeneStar (0x00007f77cfdc4310) [0x00007f77cfdc44c0, 0x00007f77cfdc4650] Compiler: c1, Barriers: 1, Oops: 1, ImmediateOops: 1, NonImmediateOops: No
[2,389s][debug  ][gc,nmethod  ] Register NMethod: java.lang.StringLatin1.inflate (0x00007f77cfdc4710) [0x00007f77cfdc48c0, 0x00007f77cfdc4ac0] Compiler: c1, Barriers: 0, Oops: 0, ImmediateOops: 0, NonImmediateOops: No
[2,389s][debug  ][gc,nmethod  ] Register NMethod: java.util.ArrayList.get (0x00007f77ef249510) [0x00007f77ef2496a0, 0x00007f77ef249818] Compiler: c2, Barriers: 2, Oops: 0, ImmediateOops: 0, NonImmediateOops: No
[2,390s][debug  ][gc,nmethod  ] Register NMethod: ch.qos.logback.core.joran.spi.ElementPath.peekLast (0x00007f77cfdc4c10) [0x00007f77cfdc4e00, 0x00007f77cfdc5380] Compiler: c1, Barriers: 3, Oops: 1, ImmediateOops: 0, NonImmediateOops: No
[2,390s][debug  ][gc,nmethod  ] Register NMethod: java.lang.invoke.MethodType.dropParameterTypes (0x00007f77cfdc5590) [0x00007f77cfdc58a0, 0x00007f77cfdc6850] Compiler: c1, Barriers: 6, Oops: 2, ImmediateOops: 3, NonImmediateOops: No
[2,390s][debug  ][gc,nmethod  ] Register NMethod: java.util.StringJoiner.add (0x00007f77cfdc6d90) [0x00007f77cfdc7000, 0x00007f77cfdc7ba8] Compiler: c1, Barriers: 15, Oops: 0, ImmediateOops: 1, NonImmediateOops: No
[2,390s][debug  ][gc,nmethod  ] Register NMethod: java.lang.reflect.Constructor.getDeclaringClass (0x00007f77ef249910) [0x00007f77ef249aa0, 0x00007f77ef249b90] Compiler: c1, Barriers: 1, Oops: 0, ImmediateOops: 0, NonImmediateOops: No
[2,391s][debug  ][gc,nmethod  ] Register NMethod: java.util.HashMap.getNode (0x00007f77ef249c10) [0x00007f77ef249e00, 0x00007f77ef24a290] Compiler: c2, Barriers: 6, Oops: 0, ImmediateOops: 0, NonImmediateOops: No
[2,391s][debug  ][gc,nmethod  ] Register NMethod: java.lang.invoke.LambdaFormEditor$TransformKey.packedBytes (0x00007f77cfdc7f10) [0x00007f77cfdc80a0, 0x00007f77cfdc81a0] Compiler: c1, Barriers: 0, Oops: 0, ImmediateOops: 0, NonImmediateOops: No
[2,391s][debug  ][gc,nmethod  ] Register NMethod: java.lang.invoke.LambdaFormEditor.bindArgumentType (0x00007f77cfdc8210) [0x00007f77cfdc83c0, 0x00007f77cfdc8600] Compiler: c1, Barriers: 1, Oops: 0, ImmediateOops: 0, NonImmediateOops: No
[2,391s][debug  ][gc,nmethod  ] Register NMethod: java.lang.invoke.LambdaFormEditor$TransformKey.bval (0x00007f77cfdc8710) [0x00007f77cfdc88a0, 0x00007f77cfdc89a0] Compiler: c1, Barriers: 0, Oops: 0, ImmediateOops: 0, NonImmediateOops: No
[2,391s][debug  ][gc,nmethod  ] Register NMethod: java.util.HashMap.hash (0x00007f77ef24a510) [0x00007f77ef24a6a0, 0x00007f77ef24a798] Compiler: c2, Barriers: 0, Oops: 0, ImmediateOops: 0, NonImmediateOops: No
[2,392s][debug  ][gc,nmethod  ] Register NMethod: java.lang.invoke.LambdaFormEditor$TransformKey.of (0x00007f77cfdc8a10) [0x00007f77cfdc8c20, 0x00007f77cfdc91a8] Compiler: c1, Barriers: 3, Oops: 0, ImmediateOops: 0, NonImmediateOops: No
[2,393s][debug  ][gc,nmethod  ] Register NMethod: java.lang.invoke.LambdaFormEditor.bindArgumentForm (0x00007f77cfdc9390) [0x00007f77cfdc9780, 0x00007f77cfdcada8] Compiler: c1, Barriers: 14, Oops: 1, ImmediateOops: 1, NonImmediateOops: No
[2,398s][debug  ][gc,nmethod  ] Register NMethod: java.lang.Character.isJavaIdentifierPart (0x00007f77cfdcb710) [0x00007f77cfdcb8c0, 0x00007f77cfdcbaa0] Compiler: c1, Barriers: 0, Oops: 0, ImmediateOops: 0, NonImmediateOops: No
[2,398s][debug  ][gc,nmethod  ] Register NMethod: java.lang.CharacterDataLatin1.isJavaIdentifierPart (0x00007f77cfdcbb90) [0x00007f77cfdcbd40, 0x00007f77cfdcbf48] Compiler: c1, Barriers: 0, Oops: 0, ImmediateOops: 1, NonImmediateOops: No
[2,398s][debug  ][gc,director ] Rule Major: Warmup 10%, Used: 78MB, UsedThreshold: 1536MB
[2,399s][debug  ][gc,nmethod  ] Register NMethod: sun.net.www.ParseUtil.firstEncodeIndex (0x00007f77ef24a890) [0x00007f77ef24aa40, 0x00007f77ef24ad20] Compiler: c2, Barriers: 2, Oops: 1, ImmediateOops: 0, NonImmediateOops: No
[2,399s][debug  ][gc,nmethod  ] Register NMethod: java.lang.ClassLoader.checkName (0x00007f77ef24af90) [0x00007f77ef24b120, 0x00007f77ef24b3b0] Compiler: c2, Barriers: 1, Oops: 1, ImmediateOops: 0, NonImmediateOops: No
[2,402s][debug  ][gc,nmethod  ] Register NMethod: ch.qos.logback.core.joran.spi.ElementSelector.fullPathMatch (0x00007f77cfdcc090) [0x00007f77cfdcc320, 0x00007f77cfdcd1b8] Compiler: c1, Barriers: 8, Oops: 1, ImmediateOops: 0, NonImmediateOops: No
[2,402s][debug  ][gc,nmethod  ] Register NMethod: java.lang.invoke.TypeConvertingMethodAdapter.<init> (0x00007f77cfdcd690) [0x00007f77cfdcd840, 0x00007f77cfdcd988] Compiler: c1, Barriers: 0, Oops: 0, ImmediateOops: 0, NonImmediateOops: No
[2,402s][debug  ][gc,nmethod  ] Register NMethod: jdk.internal.org.objectweb.asm.MethodVisitor.visitCode (0x00007f77cfdcda10) [0x00007f77cfdcdbc0, 0x00007f77cfdcddf8] Compiler: c1, Barriers: 1, Oops: 0, ImmediateOops: 0, NonImmediateOops: No
[2,403s][debug  ][gc,nmethod  ] Register NMethod: jdk.internal.org.objectweb.asm.MethodVisitor.visitEnd (0x00007f77cfdcde90) [0x00007f77cfdce040, 0x00007f77cfdce278] Compiler: c1, Barriers: 1, Oops: 0, ImmediateOops: 0, NonImmediateOops: No
[2,403s][debug  ][gc,nmethod  ] Register NMethod: ch.qos.logback.core.joran.util.beans.BeanUtil.getParameterCount (0x00007f77cfdce310) [0x00007f77cfdce4c0, 0x00007f77cfdce7d8] Compiler: c1, Barriers: 1, Oops: 1, ImmediateOops: 0, NonImmediateOops: No
[2,403s][debug  ][gc,nmethod  ] Register NMethod: jdk.internal.org.objectweb.asm.MethodVisitor.visitMaxs (0x00007f77cfdce910) [0x00007f77cfdceac0, 0x00007f77cfdcecf8] Compiler: c1, Barriers: 1, Oops: 0, ImmediateOops: 0, NonImmediateOops: No
[2,403s][debug  ][gc,nmethod  ] Register NMethod: java.lang.invoke.MethodHandle.linkToVirtual (0x00007f77ef24b590) [0x00007f77ef24b700, 0x00007f77ef24b728] Compiler: , Barriers: 0, Oops: 0, ImmediateOops: 0, NonImmediateOops: No
[2,404s][debug  ][gc,nmethod  ] Register NMethod: ch.qos.logback.core.joran.spi.SimpleRuleStore.isSuffixPattern (0x00007f77cfdcee10) [0x00007f77cfdcf020, 0x00007f77cfdcf710] Compiler: c1, Barriers: 4, Oops: 1, ImmediateOops: 1, NonImmediateOops: No
[2,404s][debug  ][gc,nmethod  ] Register NMethod: java.lang.invoke.MethodHandle.invokeBasic (0x00007f77ef24b890) [0x00007f77ef24ba20, 0x00007f77ef24bcb8] Compiler: , Barriers: 0, Oops: 0, ImmediateOops: 0, NonImmediateOops: No
[2,404s][debug  ][gc,nmethod  ] Register NMethod: java.lang.invoke.MethodHandle.linkToSpecial (0x00007f77ef24bd10) [0x00007f77ef24be80, 0x00007f77ef24bf78] Compiler: , Barriers: 0, Oops: 0, ImmediateOops: 0, NonImmediateOops: No
[2,406s][debug  ][gc,nmethod  ] Register NMethod: java.lang.invoke.MethodHandle.linkToStatic (0x00007f77ef24c010) [0x00007f77ef24c180, 0x00007f77ef24c270] Compiler: , Barriers: 0, Oops: 0, ImmediateOops: 0, NonImmediateOops: No
[2,406s][debug  ][gc,nmethod  ] Register NMethod: sun.invoke.util.Wrapper.isNumeric (0x00007f77cfdcf990) [0x00007f77cfdcfb20, 0x00007f77cfdcfc88] Compiler: c1, Barriers: 0, Oops: 0, ImmediateOops: 0, NonImmediateOops: No
[2,406s][debug  ][gc,nmethod  ] Register NMethod: sun.invoke.util.Wrapper.isIntegral (0x00007f77cfdcfd10) [0x00007f77cfdcfec0, 0x00007f77cfdd0120] Compiler: c1, Barriers: 0, Oops: 0, ImmediateOops: 0, NonImmediateOops: No
[2,406s][debug  ][gc,nmethod  ] Register NMethod: sun.invoke.util.Wrapper.isSubwordOrInt (0x00007f77cfdd0210) [0x00007f77cfdd03c0, 0x00007f77cfdd07d0] Compiler: c1, Barriers: 0, Oops: 0, ImmediateOops: 0, NonImmediateOops: No
[2,406s][debug  ][gc,nmethod  ] Register NMethod: jdk.internal.org.objectweb.asm.AnnotationWriter.create (0x00007f77cfdd0910) [0x00007f77cfdd0b00, 0x00007f77cfdd0fb8] Compiler: c1, Barriers: 3, Oops: 0, ImmediateOops: 0, NonImmediateOops: No
[2,407s][debug  ][gc,nmethod  ] Register NMethod: jdk.internal.org.objectweb.asm.AnnotationVisitor.<init> (0x00007f77cfdd1190) [0x00007f77cfdd1340, 0x00007f77cfdd1488] Compiler: c1, Barriers: 0, Oops: 0, ImmediateOops: 0, NonImmediateOops: No
[2,407s][debug  ][gc,nmethod  ] Register NMethod: jdk.internal.org.objectweb.asm.AnnotationWriter.<init> (0x00007f77cfdd1510) [0x00007f77cfdd16e0, 0x00007f77cfdd1b40] Compiler: c1, Barriers: 12, Oops: 0, ImmediateOops: 0, NonImmediateOops: No
[2,407s][debug  ][gc,nmethod  ] Register NMethod: jdk.internal.org.objectweb.asm.AnnotationWriter.visitEnd (0x00007f77cfdd1c90) [0x00007f77cfdd1e40, 0x00007f77cfdd2040] Compiler: c1, Barriers: 2, Oops: 0, ImmediateOops: 0, NonImmediateOops: No
[2,407s][debug  ][gc,nmethod  ] Register NMethod: jdk.internal.org.objectweb.asm.AnnotationVisitor.<init> (0x00007f77cfdd2190) [0x00007f77cfdd23c0, 0x00007f77cfdd2ba0] Compiler: c1, Barriers: 3, Oops: 1, ImmediateOops: 1, NonImmediateOops: No
[2,407s][debug  ][gc,nmethod  ] Register NMethod: java.lang.invoke.MethodHandle.invokeBasic (0x00007f77ef24c310) [0x00007f77ef24c4a0, 0x00007f77ef24c738] Compiler: , Barriers: 0, Oops: 0, ImmediateOops: 0, NonImmediateOops: No
[2,408s][debug  ][gc,nmethod  ] Register NMethod: jdk.internal.org.objectweb.asm.MethodWriter.visitAnnotation (0x00007f77cfdd2e90) [0x00007f77cfdd3060, 0x00007f77cfdd3430] Compiler: c1, Barriers: 10, Oops: 0, ImmediateOops: 0, NonImmediateOops: No
[2,408s][debug  ][gc,nmethod  ] Register NMethod: java.lang.invoke.MethodHandle.invokeBasic (0x00007f77ef24c790) [0x00007f77ef24c920, 0x00007f77ef24cbb8] Compiler: , Barriers: 0, Oops: 0, ImmediateOops: 0, NonImmediateOops: No
[2,408s][debug  ][gc,nmethod  ] Register NMethod: java.lang.invoke.InvokerBytecodeGenerator.storeInsnOpcode (0x00007f77cfdd3510) [0x00007f77cfdd3780, 0x00007f77cfdd4110] Compiler: c1, Barriers: 1, Oops: 1, ImmediateOops: 3, NonImmediateOops: No
[2,409s][debug  ][gc,director ] Rule Major: Warmup 10%, Used: 78MB, UsedThreshold: 1536MB
[2,409s][debug  ][gc,nmethod  ] Register NMethod: java.lang.invoke.LambdaForm.returnType (0x00007f77cfdd4410) [0x00007f77cfdd45c0, 0x00007f77cfdd47f8] Compiler: c1, Barriers: 3, Oops: 0, ImmediateOops: 1, NonImmediateOops: No
[2,410s][debug  ][gc,nmethod  ] Register NMethod: java.lang.invoke.MemberName.getFieldType (0x00007f77cfdd4910) [0x00007f77cfdd4c40, 0x00007f77cfdd60e0] Compiler: c1, Barriers: 12, Oops: 2, ImmediateOops: 2, NonImmediateOops: No
[2,412s][debug  ][gc,nmethod  ] Register NMethod: java.util.Vector.elementData (0x00007f77cfdd6710) [0x00007f77cfdd68c0, 0x00007f77cfdd6a50] Compiler: c1, Barriers: 2, Oops: 0, ImmediateOops: 0, NonImmediateOops: No
[2,415s][debug  ][gc,nmethod  ] Register NMethod: jdk.internal.org.objectweb.asm.ClassWriter.visitEnd (0x00007f77cfdd6b10) [0x00007f77cfdd6ca0, 0x00007f77cfdd6da8] Compiler: c1, Barriers: 0, Oops: 0, ImmediateOops: 0, NonImmediateOops: No
[2,416s][debug  ][gc,nmethod  ] Register NMethod: java.lang.invoke.InnerClassLambdaMetafactory.createNameFromTargetClass (0x00007f77cfdd6e10) [0x00007f77cfdd7060, 0x00007f77cfdd7750] Compiler: c1, Barriers: 1, Oops: 1, ImmediateOops: 1, NonImmediateOops: No
[2,416s][debug  ][gc,nmethod  ] Register NMethod: jdk.internal.reflect.Reflection.areNestMates (0x00007f77ef24cc10) [0x00007f77ef24cda0, 0x00007f77ef24cfa0] Compiler: , Barriers: 0, Oops: 0, ImmediateOops: 1, NonImmediateOops: No
[2,417s][debug  ][gc,nmethod  ] Register NMethod: java.lang.invoke.InnerClassLambdaMetafactory.generateConstructor (0x00007f77cfdd7a10) [0x00007f77cfdd7d40, 0x00007f77cfdd8fc0] Compiler: c1, Barriers: 18, Oops: 1, ImmediateOops: 8, NonImmediateOops: No
[2,417s][debug  ][gc,nmethod  ] Register NMethod: java.lang.invoke.InnerClassLambdaMetafactory$ForwardingMethodGenerator.convertArgumentTypes (0x00007f77cfdd9510) [0x00007f77cfdd97a0, 0x00007f77cfdda4b0] Compiler: c1, Barriers: 14, Oops: 0, ImmediateOops: 5, NonImmediateOops: No
[2,418s][debug  ][gc,nmethod  ] Register NMethod: java.lang.invoke.InnerClassLambdaMetafactory.generateInnerClass (0x00007f77cfddaa10) [0x00007f77cfddaf60, 0x00007f77cfddd788] Compiler: c1, Barriers: 50, Oops: 2, ImmediateOops: 7, NonImmediateOops: No
[2,418s][debug  ][gc,nmethod  ] Register NMethod: java.lang.StringBuilder.append (0x00007f77ef24d010) [0x00007f77ef24d1a0, 0x00007f77ef24d248] Compiler: c2, Barriers: 0, Oops: 0, ImmediateOops: 0, NonImmediateOops: No
[2,418s][debug  ][gc,nmethod  ] Register NMethod: java.util.regex.Pattern$GroupTail.match (0x00007f77cfdde510) [0x00007f77cfdde700, 0x00007f77cfddeb78] Compiler: c1, Barriers: 4, Oops: 0, ImmediateOops: 0, NonImmediateOops: No
[2,418s][debug  ][gc,nmethod  ] Register NMethod: java.lang.invoke.InnerClassLambdaMetafactory$ForwardingMethodGenerator.generate (0x00007f77cfdded90) [0x00007f77cfddf1e0, 0x00007f77cfde1448] Compiler: c1, Barriers: 41, Oops: 2, ImmediateOops: 4, NonImmediateOops: No
[2,419s][debug  ][gc,director ] Rule Major: Warmup 10%, Used: 78MB, UsedThreshold: 1536MB
[2,419s][debug  ][gc,nmethod  ] Register NMethod: java.lang.invoke.InnerClassLambdaMetafactory.buildCallSite (0x00007f77cfde1d10) [0x00007f77cfde2160, 0x00007f77cfde3ef8] Compiler: c1, Barriers: 26, Oops: 2, ImmediateOops: 8, NonImmediateOops: No
[2,419s][debug  ][gc,nmethod  ] Register NMethod: java.lang.Character.codePointBefore (0x00007f77cfde4c90) [0x00007f77cfde4e80, 0x00007f77cfde5428] Compiler: c1, Barriers: 0, Oops: 0, ImmediateOops: 0, NonImmediateOops: No
[2,419s][debug  ][gc,nmethod  ] Register NMethod: java.util.regex.Pattern$BmpCharProperty.match (0x00007f77cfde5590) [0x00007f77cfde5780, 0x00007f77cfde5c60] Compiler: c1, Barriers: 2, Oops: 0, ImmediateOops: 0, NonImmediateOops: No
[2,419s][debug  ][gc,nmethod  ] Register NMethod: java.lang.invoke.InnerClassLambdaMetafactory.spinInnerClass (0x00007f77cfde5e10) [0x00007f77cfde6000, 0x00007f77cfde6470] Compiler: c1, Barriers: 8, Oops: 0, ImmediateOops: 0, NonImmediateOops: No
[2,420s][debug  ][gc,nmethod  ] Register NMethod: java.lang.invoke.LambdaProxyClassArchive.loadedByBuiltinLoader (0x00007f77cfde6590) [0x00007f77cfde6760, 0x00007f77cfde6b80] Compiler: c1, Barriers: 1, Oops: 0, ImmediateOops: 0, NonImmediateOops: No
[2,420s][debug  ][gc,nmethod  ] Register NMethod: java.lang.invoke.LambdaProxyClassArchive.find (0x00007f77cfde6c90) [0x00007f77cfde6e80, 0x00007f77cfde7448] Compiler: c1, Barriers: 1, Oops: 0, ImmediateOops: 0, NonImmediateOops: No
[2,420s][debug  ][gc,nmethod  ] Register NMethod: java.lang.invoke.InnerClassLambdaMetafactory$ForwardingMethodGenerator.<init> (0x00007f77cfde7610) [0x00007f77cfde77c0, 0x00007f77cfde79d8] Compiler: c1, Barriers: 3, Oops: 0, ImmediateOops: 0, NonImmediateOops: No
[2,421s][debug  ][gc,nmethod  ] Register NMethod: java.lang.invoke.AbstractValidatingLambdaMetafactory.validateMetafactoryArgs (0x00007f77cfde7a90) [0x00007f77cfde86a0, 0x00007f77cfdf08d0] Compiler: c1, Barriers: 155, Oops: 7, ImmediateOops: 25, NonImmediateOops: No
[2,421s][debug  ][gc,nmethod  ] Register NMethod: java.util.stream.ReduceOps$ReduceOp.evaluateSequential (0x00007f77cfdf3110) [0x00007f77cfdf32e0, 0x00007f77cfdf3710] Compiler: c1, Barriers: 0, Oops: 0, ImmediateOops: 0, NonImmediateOops: No
[2,421s][debug  ][gc,nmethod  ] Register NMethod: java.lang.invoke.MethodHandles$Lookup.getDirectConstructor (0x00007f77cfdf3890) [0x00007f77cfdf3a40, 0x00007f77cfdf3b88] Compiler: c1, Barriers: 0, Oops: 0, ImmediateOops: 0, NonImmediateOops: No
[2,421s][debug  ][gc,nmethod  ] Register NMethod: java.lang.invoke.MethodHandles$Lookup.findConstructor (0x00007f77cfdf3c10) [0x00007f77cfdf3e80, 0x00007f77cfdf4670] Compiler: c1, Barriers: 1, Oops: 1, ImmediateOops: 2, NonImmediateOops: No
[2,421s][debug  ][gc,nmethod  ] Register NMethod: java.lang.invoke.InnerClassLambdaMetafactory$ForwardingMethodGenerator.invocationOpcode (0x00007f77cfdf4990) [0x00007f77cfdf4c00, 0x00007f77cfdf53f8] Compiler: c1, Barriers: 2, Oops: 1, ImmediateOops: 1, NonImmediateOops: No
[2,422s][debug  ][gc,nmethod  ] Register NMethod: java.lang.invoke.BoundMethodHandle.editor (0x00007f77cfdf5710) [0x00007f77cfdf58e0, 0x00007f77cfdf5ca8] Compiler: c1, Barriers: 4, Oops: 0, ImmediateOops: 0, NonImmediateOops: No
[2,422s][debug  ][gc,nmethod  ] Register NMethod: java.lang.invoke.InnerClassLambdaMetafactory.getReturnOpcode (0x00007f77cfdf5e10) [0x00007f77cfdf5fc0, 0x00007f77cfdf6150] Compiler: c1, Barriers: 0, Oops: 0, ImmediateOops: 1, NonImmediateOops: No
[2,424s][debug  ][gc,nmethod  ] Register NMethod: java.lang.StringConcatHelper.newString (0x00007f77ef24d310) [0x00007f77ef24d4a0, 0x00007f77ef24d5c8] Compiler: c2, Barriers: 2, Oops: 0, ImmediateOops: 0, NonImmediateOops: No
[2,428s][debug  ][gc,nmethod  ] Register NMethod: java.lang.String.hashCode (0x00007f77cfdf6210) [0x00007f77cfdf63e0, 0x00007f77cfdf67b8] Compiler: c1, Barriers: 2, Oops: 0, ImmediateOops: 0, NonImmediateOops: No
[2,429s][debug  ][gc,director ] Rule Major: Warmup 10%, Used: 78MB, UsedThreshold: 1536MB
[2,435s][debug  ][gc,nmethod  ] Register NMethod: sun.nio.fs.UnixFileSystem.provider (0x00007f77ef24d690) [0x00007f77ef24d820, 0x00007f77ef24d910] Compiler: c1, Barriers: 1, Oops: 0, ImmediateOops: 0, NonImmediateOops: No
[2,435s][debug  ][gc,nmethod  ] Register NMethod: sun.nio.fs.NativeBuffer.size (0x00007f77ef24d990) [0x00007f77ef24db20, 0x00007f77ef24dbe0] Compiler: c1, Barriers: 0, Oops: 0, ImmediateOops: 0, NonImmediateOops: No
[2,436s][debug  ][gc,nmethod  ] Register NMethod: sun.nio.fs.NativeBuffer.owner (0x00007f77ef24dc90) [0x00007f77ef24de20, 0x00007f77ef24df10] Compiler: c1, Barriers: 1, Oops: 0, ImmediateOops: 0, NonImmediateOops: No
[2,436s][debug  ][gc,nmethod  ] Register NMethod: sun.nio.fs.UnixFileSystem.needToResolveAgainstDefaultDirectory (0x00007f77ef24df90) [0x00007f77ef24e120, 0x00007f77ef24e1e8] Compiler: c1, Barriers: 0, Oops: 0, ImmediateOops: 0, NonImmediateOops: No
[2,436s][debug  ][gc,nmethod  ] Register NMethod: sun.nio.fs.NativeBuffer.setOwner (0x00007f77ef24e290) [0x00007f77ef24e420, 0x00007f77ef24e550] Compiler: c1, Barriers: 3, Oops: 0, ImmediateOops: 0, NonImmediateOops: No
[2,439s][debug  ][gc,director ] Rule Major: Warmup 10%, Used: 80MB, UsedThreshold: 1536MB
[2,449s][debug  ][gc,director ] Rule Major: Warmup 10%, Used: 80MB, UsedThreshold: 1536MB
[2,450s][debug  ][gc,nmethod  ] Register NMethod: java.util.concurrent.CopyOnWriteArrayList.getArray (0x00007f77ef24e590) [0x00007f77ef24e720, 0x00007f77ef24e810] Compiler: c1, Barriers: 1, Oops: 0, ImmediateOops: 0, NonImmediateOops: No
[2,460s][debug  ][gc,director ] Rule Major: Warmup 10%, Used: 80MB, UsedThreshold: 1536MB
[2,469s][debug  ][gc,nmethod  ] Register NMethod: java.lang.invoke.LambdaForm$DMH/0x00000000801a4000.invokeStatic (0x00007f77cfdf6890) [0x00007f77cfdf6a60, 0x00007f77cfdf6e58] Compiler: c1, Barriers: 0, Oops: 2, ImmediateOops: 3, NonImmediateOops: No
[2,470s][debug  ][gc,director ] Rule Major: Warmup 10%, Used: 80MB, UsedThreshold: 1536MB
[2,472s][debug  ][gc,nmethod  ] Register NMethod: java.lang.invoke.MethodHandle.linkToVirtual (0x00007f77ef24e890) [0x00007f77ef24ea00, 0x00007f77ef24ea28] Compiler: , Barriers: 0, Oops: 0, ImmediateOops: 0, NonImmediateOops: No
[2,474s][debug  ][gc,nmethod  ] Register NMethod: sun.nio.fs.UnixPath.<init> (0x00007f77cfdf6f90) [0x00007f77cfdf7140, 0x00007f77cfdf7390] Compiler: c1, Barriers: 6, Oops: 0, ImmediateOops: 0, NonImmediateOops: No
[2,480s][debug  ][gc,director ] Rule Major: Warmup 10%, Used: 80MB, UsedThreshold: 1536MB
[2,490s][debug  ][gc,director ] Rule Major: Warmup 10%, Used: 80MB, UsedThreshold: 1536MB
[2,500s][debug  ][gc,director ] Rule Major: Warmup 10%, Used: 80MB, UsedThreshold: 1536MB
[2,506s][debug  ][gc,nmethod  ] Register NMethod: java.lang.invoke.DirectMethodHandle$Holder.newInvokeSpecial (0x00007f77cfdf7490) [0x00007f77cfdf7680, 0x00007f77cfdf7c10] Compiler: c1, Barriers: 2, Oops: 0, ImmediateOops: 1, NonImmediateOops: No
[2,510s][debug  ][gc,director ] Rule Major: Warmup 10%, Used: 82MB, UsedThreshold: 1536MB
[2,516s][debug  ][gc,nmethod  ] Register NMethod: java.util.regex.Pattern.next (0x00007f77cfdf7e10) [0x00007f77cfdf7fc0, 0x00007f77cfdf8260] Compiler: c1, Barriers: 1, Oops: 0, ImmediateOops: 0, NonImmediateOops: No
[2,516s][debug  ][gc,nmethod  ] Register NMethod: java.util.regex.Matcher.getTextLength (0x00007f77cfdf8390) [0x00007f77cfdf8540, 0x00007f77cfdf8738] Compiler: c1, Barriers: 1, Oops: 0, ImmediateOops: 0, NonImmediateOops: No
[2,516s][debug  ][gc,nmethod  ] Register NMethod: java.util.Formatter$Flags.contains (0x00007f77cfdf8810) [0x00007f77cfdf89a0, 0x00007f77cfdf8ae8] Compiler: c1, Barriers: 0, Oops: 0, ImmediateOops: 0, NonImmediateOops: No
[2,517s][debug  ][gc,nmethod  ] Register NMethod: java.util.regex.Matcher.groupCount (0x00007f77cfdf8b90) [0x00007f77cfdf8d20, 0x00007f77cfdf8e60] Compiler: c1, Barriers: 1, Oops: 0, ImmediateOops: 0, NonImmediateOops: No
[2,517s][debug  ][gc,nmethod  ] Register NMethod: java.util.regex.Pattern.matcher (0x00007f77cfdf8f10) [0x00007f77cfdf90e0, 0x00007f77cfdf9458] Compiler: c1, Barriers: 0, Oops: 0, ImmediateOops: 0, NonImmediateOops: No
[2,517s][debug  ][gc,nmethod  ] Register NMethod: java.util.regex.Matcher.<init> (0x00007f77cfdf9590) [0x00007f77cfdf9780, 0x00007f77cfdf9e00] Compiler: c1, Barriers: 15, Oops: 0, ImmediateOops: 0, NonImmediateOops: No
[2,517s][debug  ][gc,nmethod  ] Register NMethod: java.util.regex.Pattern$GroupHead.match (0x00007f77cfdf9f90) [0x00007f77cfdfa160, 0x00007f77cfdfa450] Compiler: c1, Barriers: 3, Oops: 0, ImmediateOops: 0, NonImmediateOops: No
[2,517s][debug  ][gc,nmethod  ] Register NMethod: java.util.regex.Matcher.checkGroup (0x00007f77cfdfa610) [0x00007f77cfdfa840, 0x00007f77cfdfaef8] Compiler: c1, Barriers: 1, Oops: 1, ImmediateOops: 1, NonImmediateOops: No
[2,518s][debug  ][gc,nmethod  ] Register NMethod: java.nio.Buffer.position (0x00007f77cfdfb210) [0x00007f77cfdfb3c0, 0x00007f77cfdfb640] Compiler: c1, Barriers: 0, Oops: 0, ImmediateOops: 0, NonImmediateOops: No
[2,521s][info   ][gc          ] GC(0) Major Collection (Metadata GC Threshold)
[2,521s][info   ][gc,task     ] GC(0) Using 1 Workers for Young Generation
[2,521s][info   ][gc,task     ] GC(0) Using 1 Workers for Old Generation
[2,521s][debug  ][gc,heap     ] GC(0) Y: Heap before GC invocations=0 (full 0):
[2,521s][debug  ][gc,heap     ] GC(0) Y:  ZHeap           used 82M, capacity 5120M, max capacity 15360M
[2,521s][debug  ][gc,heap     ] GC(0) Y:  Metaspace       used 21244K, committed 21568K, reserved 1114112K
[2,521s][debug  ][gc,heap     ] GC(0) Y:   class space    used 2373K, committed 2496K, reserved 1048576K
[2,521s][info   ][gc,phases   ] GC(0) Y: Young Generation
[2,521s][debug  ][gc,reloc    ] Synchronize all workers 1 _nworkers: 0 _nsynchronized: 0
[2,521s][debug  ][gc,reloc    ] Synchronize all workers 1 _nworkers: 0 _nsynchronized: 0
[2,521s][debug  ][gc,phases,start] GC(0) Y: Pause Mark Start (Major)
[2,521s][debug  ][gc,marking     ] GC(0) Y: Using 1 mark stripes
[2,521s][debug  ][gc,marking     ] GC(0) Y: Mark Worker/Stripe Distribution
[2,521s][debug  ][gc,marking     ] GC(0) Y:   Worker 0(1) -> Stripe 0(1)
[2,521s][debug  ][gc,marking     ] GC(0) Y: Using 1 mark stripes
[2,521s][debug  ][gc,marking     ] GC(0) Y: Mark Worker/Stripe Distribution
[2,521s][debug  ][gc,marking     ] GC(0) Y:   Worker 0(1) -> Stripe 0(1)
[2,521s][info   ][gc,phases      ] GC(0) Y: Pause Mark Start (Major) 0,186ms
[2,521s][debug  ][gc,reloc       ] Desynchronize all workers _nworkers: 0 _nsynchronized: 0
[2,521s][debug  ][gc,reloc       ] Desynchronize all workers _nworkers: 0 _nsynchronized: 0
[2,522s][debug  ][gc,phases,start] GC(0) Y: Concurrent Mark
[2,522s][debug  ][gc,phases,start] GC(0) Y: Concurrent Mark Roots
[2,522s][debug  ][gc,task        ] GC(0) Y: Executing ZMarkYoungRootsTask using ZWorkerYoung with 1 workers
[2,522s][debug  ][gc             ] JNI Critical Stall (Test worker) 0,652ms
[2,522s][debug  ][gc,marking     ] Resurrection broke termination
[2,527s][debug  ][gc,tlab        ] GC(0) Y: TLAB totals: thrds: 11  refills: 170 max: 160 slow allocs: 10 max 10 waste:  6,3% gc: 2417000B max: 261928B slow: 373424B max: 373424B
[2,527s][debug  ][gc,phases      ] GC(0) Y: Concurrent Mark Roots 5,067ms
[2,527s][debug  ][gc,phases,start] GC(0) Y: Concurrent Mark Follow
[2,527s][debug  ][gc,marking     ] GC(0) Y: Using 1 mark stripes
[2,527s][debug  ][gc,task        ] GC(0) Y: Executing ZRememberedScanMarkFollowTask using ZWorkerYoung with 1 workers
[2,528s][debug  ][gc,nmethod     ] Register NMethod: java.net.URL.<init> (0x00007f77ef24eb90) [0x00007f77ef24ee40, 0x00007f77ef250318] Compiler: c2, Barriers: 33, Oops: 3, ImmediateOops: 0, NonImmediateOops: No
[2,533s][debug  ][gc,nmethod     ] Register NMethod: java.util.regex.Pattern$BmpCharPropertyGreedy.match (0x00007f77ef250d90) [0x00007f77ef250f60, 0x00007f77ef251498] Compiler: c2, Barriers: 3, Oops: 1, ImmediateOops: 0, NonImmediateOops: No
[2,533s][debug  ][gc,nmethod     ] Register NMethod: java.util.Objects.requireNonNull (0x00007f77ef251810) [0x00007f77ef251980, 0x00007f77ef251a08] Compiler: c2, Barriers: 0, Oops: 0, ImmediateOops: 0, NonImmediateOops: No
[2,544s][debug  ][gc,remset      ] GC(0) Y: Remset forwarding retained: 0,000ms count: 0 ZWorkerYoung#1
[2,544s][debug  ][gc,remset      ] GC(0) Y: Remset forwarding released: 0,000ms count: 0 ZWorkerYoung#1
[2,544s][debug  ][gc,marking     ] GC(0) Y: Try terminate after resurrection
[2,544s][debug  ][gc,phases      ] GC(0) Y: Concurrent Mark Follow 17,642ms
[2,544s][info   ][gc,phases      ] GC(0) Y: Concurrent Mark 22,825ms
[2,544s][debug  ][gc,reloc       ] Synchronize all workers 1 _nworkers: 0 _nsynchronized: 0
[2,544s][debug  ][gc,reloc       ] Synchronize all workers 1 _nworkers: 0 _nsynchronized: 0
[2,545s][debug  ][gc,phases,start] GC(0) Y: Pause Mark End
[2,545s][info   ][gc,phases      ] GC(0) Y: Pause Mark End 0,032ms
[2,545s][debug  ][gc,reloc       ] Desynchronize all workers _nworkers: 0 _nsynchronized: 0
[2,545s][debug  ][gc,reloc       ] Desynchronize all workers _nworkers: 0 _nsynchronized: 0
[2,545s][debug  ][gc,phases,start] GC(0) Y: Concurrent Mark Free
[2,545s][info   ][gc,phases      ] GC(0) Y: Concurrent Mark Free 0,057ms
[2,545s][debug  ][gc,phases,start] GC(0) Y: Concurrent Reset Relocation Set
[2,545s][info   ][gc,phases      ] GC(0) Y: Concurrent Reset Relocation Set 0,018ms
[2,545s][debug  ][gc,phases,start] GC(0) Y: Concurrent Select Relocation Set
[2,551s][debug  ][gc,reloc       ] GC(0) Y: Relocation Set (Medium Pages): 0->0, 1 skipped, 0 forwarding entries
[2,551s][debug  ][gc,reloc       ] GC(0) Y: Relocation Set (Small Pages): 23->4, 1 skipped, 282368 forwarding entries
[2,551s][debug  ][gc,reloc       ] GC(0) Y: Allocated To Garbage: 2097152,0
[2,552s][debug  ][gc,reloc       ] GC(0) Y: Young Log Residency: 2,6
[2,552s][debug  ][gc,reloc       ] GC(0) Y: Life Decay Factor: 1,0
[2,552s][info   ][gc,reloc       ] GC(0) Y: Using tenuring threshold: 1 (Computed)
[2,552s][debug  ][gc,task        ] GC(0) Y: Executing ZRelocationSetInstallTask using ZWorkerYoung with 1 workers
[2,553s][debug  ][gc,task        ] GC(0) Y: Executing ZPromotePagesTask using ZWorkerYoung with 1 workers
[2,553s][debug  ][gc,task        ] GC(0) Y: Executing ZPromotePagesTask using ZWorkerYoung with 1 workers
[2,553s][debug  ][gc,task        ] GC(0) Y: Executing ZPromotePagesTask using ZWorkerYoung with 1 workers
[2,553s][info   ][gc,phases      ] GC(0) Y: Concurrent Select Relocation Set 8,270ms
[2,553s][debug  ][gc,reloc       ] Synchronize all workers 1 _nworkers: 0 _nsynchronized: 0
[2,553s][debug  ][gc,reloc       ] Synchronize all workers 1 _nworkers: 0 _nsynchronized: 0
[2,553s][debug  ][gc,phases,start] GC(0) Y: Pause Relocate Start
[2,553s][debug  ][gc,reloc       ] GC(0) Y: Joining workers: 1
[2,553s][info   ][gc,phases      ] GC(0) Y: Pause Relocate Start 0,040ms
[2,553s][debug  ][gc,reloc       ] Desynchronize all workers _nworkers: 0 _nsynchronized: 0
[2,553s][debug  ][gc,reloc       ] Desynchronize all workers _nworkers: 1 _nsynchronized: 0
[2,553s][debug  ][gc,phases,start] GC(0) Y: Concurrent Relocate
[2,554s][debug  ][gc,task        ] GC(0) Y: Executing ZRelocateStoreBufferInstallBasePointersTask using ZWorkerYoung with 1 workers
[2,554s][debug  ][gc,task        ] GC(0) Y: Executing ZRelocateTask using ZWorkerYoung with 1 workers
[2,554s][debug  ][gc             ] JNI Critical Stall (Test worker) 0,251ms
[2,554s][debug  ][gc,nmethod     ] Register NMethod: java.lang.ref.SoftReference.get (0x00007f77ef251b10) [0x00007f77ef251ca0, 0x00007f77ef251dc0] Compiler: c2, Barriers: 2, Oops: 0, ImmediateOops: 1, NonImmediateOops: No
[2,561s][debug  ][gc,nmethod     ] Register NMethod: java.lang.NamedPackage.<init> (0x00007f77cfdfb710) [0x00007f77cfdfb9a0, 0x00007f77cfdfc4a0] Compiler: c1, Barriers: 8, Oops: 1, ImmediateOops: 2, NonImmediateOops: No
[2,562s][debug  ][gc,reloc       ] GC(0) Y: Leaving workers: left: 0 _synchronize: 0 _nsynchronized: 0
[2,562s][debug  ][gc,phases,start] GC(0) Y: Concurrent Relocate Remset FP
[2,562s][debug  ][gc,task        ] GC(0) Y: Executing ZRelocateAddRemsetForFlipPromoted using ZWorkerYoung with 1 workers
[2,562s][debug  ][gc,phases      ] GC(0) Y: Concurrent Relocate Remset FP 0,111ms
[2,562s][info   ][gc,phases      ] GC(0) Y: Concurrent Relocate 8,241ms
[2,562s][debug  ][gc,heap        ] GC(0) Y: Heap after GC invocations=1 (full 1):
[2,562s][debug  ][gc,heap        ] GC(0) Y:  ZHeap           used 56M, capacity 5120M, max capacity 15360M
[2,562s][debug  ][gc,heap        ] GC(0) Y:  Metaspace       used 21841K, committed 22080K, reserved 1114112K
[2,562s][debug  ][gc,heap        ] GC(0) Y:   class space    used 2435K, committed 2560K, reserved 1048576K
[2,562s][info   ][gc,alloc       ] GC(0) Y:                         Mark Start        Mark End      Relocate Start    Relocate End   
[2,562s][info   ][gc,alloc       ] GC(0) Y: Allocation Stalls:          0                0                0                0         
[2,562s][info   ][gc,load        ] GC(0) Y: Load: 3,39 (17%) / 14,66 (73%) / 11,78 (59%)
[2,562s][info   ][gc,mmu         ] GC(0) Y: MMU: 2ms/90,7%, 5ms/96,3%, 10ms/98,1%, 20ms/99,1%, 50ms/99,5%, 100ms/99,7%
[2,562s][info   ][gc,marking     ] GC(0) Y: Mark: 1 stripe(s), 2 proactive flush(es), 1 terminate flush(es), 0 completion(s), 0 continuation(s) 
[2,562s][info   ][gc,marking     ] GC(0) Y: Mark Stack Usage: 32M
[2,562s][info   ][gc,nmethod     ] GC(0) Y: NMethods: 1891 registered, 0 unregistered
[2,562s][info   ][gc,metaspace   ] GC(0) Y: Metaspace: 21M used, 21M committed, 1088M reserved
[2,562s][info   ][gc,reloc       ] GC(0) Y:                        Candidates     Selected     In-Place         Size        Empty    Relocated 
[2,562s][info   ][gc,reloc       ] GC(0) Y: Small Pages:                   25           19            0          50M           0M           4M 
[2,562s][info   ][gc,reloc       ] GC(0) Y: Medium Pages:                   1            0            0          32M           0M           0M 
[2,562s][info   ][gc,reloc       ] GC(0) Y: Large Pages:                    0            0            0           0M           0M           0M 
[2,562s][info   ][gc,reloc       ] GC(0) Y: Forwarding Usage: 2M
[2,562s][info   ][gc,reloc       ] GC(0) Y: Age Table:
[2,562s][info   ][gc,reloc       ] GC(0) Y:                    Live             Garbage             Small              Medium             Large        
[2,562s][info   ][gc,reloc       ] GC(0) Y: Eden              12M (0%)           69M (0%)          25 / 19             1 / 0              0 / 0        
[2,562s][info   ][gc,heap        ] GC(0) Y: Min Capacity: 5120M(33%)
[2,562s][info   ][gc,heap        ] GC(0) Y: Max Capacity: 15360M(100%)
[2,562s][info   ][gc,heap        ] GC(0) Y: Soft Max Capacity: 15360M(100%)
[2,562s][info   ][gc,heap        ] GC(0) Y: Heap Statistics:
[2,562s][info   ][gc,heap        ] GC(0) Y:                Mark Start          Mark End        Relocate Start      Relocate End           High               Low         
[2,562s][info   ][gc,heap        ] GC(0) Y:  Capacity:     5120M (33%)        5120M (33%)        5120M (33%)        5120M (33%)        5120M (33%)        5120M (33%)    
[2,562s][info   ][gc,heap        ] GC(0) Y:      Free:    15278M (99%)       15276M (99%)       15276M (99%)       15304M (100%)      15304M (100%)      15270M (99%)    
[2,562s][info   ][gc,heap        ] GC(0) Y:      Used:       82M (1%)           84M (1%)           84M (1%)           56M (0%)           90M (1%)           56M (0%)     
[2,562s][info   ][gc,heap        ] GC(0) Y: Young Generation Statistics:
[2,562s][info   ][gc,heap        ] GC(0) Y:                Mark Start          Mark End        Relocate Start      Relocate End    
[2,562s][info   ][gc,heap        ] GC(0) Y:      Used:       82M (1%)           84M (1%)           84M (1%)           56M (0%)     
[2,562s][info   ][gc,heap        ] GC(0) Y:      Live:         -                12M (0%)           12M (0%)           12M (0%)     
[2,562s][info   ][gc,heap        ] GC(0) Y:   Garbage:         -                69M (0%)           69M (0%)           30M (0%)     
[2,562s][info   ][gc,heap        ] GC(0) Y: Allocated:         -                 2M (0%)            2M (0%)           13M (0%)     
[2,562s][info   ][gc,heap        ] GC(0) Y: Reclaimed:         -                  -                 0M (0%)           39M (0%)     
[2,562s][info   ][gc,heap        ] GC(0) Y:  Promoted:         -                  -                 0M (0%)            0M (0%)     
[2,562s][info   ][gc,heap        ] GC(0) Y: Compacted:         -                  -                  -                 6M (0%)     
[2,562s][info   ][gc,phases      ] GC(0) Y: Young Generation 82M(1%)->56M(0%) 0,041s
[2,562s][debug  ][gc,heap        ] GC(0) O: Heap before GC invocations=1 (full 1):
[2,562s][debug  ][gc,heap        ] GC(0) O:  ZHeap           used 56M, capacity 5120M, max capacity 15360M
[2,563s][debug  ][gc,heap        ] GC(0) O:  Metaspace       used 21848K, committed 22080K, reserved 1114112K
[2,563s][debug  ][gc,heap        ] GC(0) O:   class space    used 2436K, committed 2560K, reserved 1048576K
[2,563s][info   ][gc,phases      ] GC(0) O: Old Generation
[2,563s][debug  ][gc,phases,start] GC(0) O: Concurrent Mark
[2,563s][debug  ][gc,phases,start] GC(0) O: Concurrent Mark Roots
[2,563s][debug  ][gc,task        ] GC(0) O: Executing ZMarkOldRootsTask using ZWorkerOld with 1 workers
[2,564s][debug  ][gc,tlab        ] GC(0) O: TLAB totals: thrds: 1  refills: 6 max: 6 slow allocs: 0 max 0 waste:  6,0% gc: 85512B max: 85512B slow: 9520B max: 9520B
[2,565s][debug  ][gc,phases      ] GC(0) O: Concurrent Mark Roots 1,932ms
[2,565s][debug  ][gc,phases,start] GC(0) O: Concurrent Mark Follow
[2,565s][debug  ][gc,marking     ] GC(0) O: Using 1 mark stripes
[2,565s][debug  ][gc,task        ] GC(0) O: Executing ZMarkTask using ZWorkerOld with 1 workers
[2,566s][debug  ][gc,phases      ] GC(0) O: Concurrent Mark Follow 1,051ms
[2,566s][info   ][gc,phases      ] GC(0) O: Concurrent Mark 3,060ms
[2,566s][debug  ][gc,reloc       ] Synchronize all workers 1 _nworkers: 0 _nsynchronized: 0
[2,566s][debug  ][gc,reloc       ] Synchronize all workers 1 _nworkers: 0 _nsynchronized: 0
[2,566s][debug  ][gc,phases,start] GC(0) O: Pause Mark End
[2,566s][info   ][gc,phases      ] GC(0) O: Pause Mark End 0,025ms
[2,566s][debug  ][gc,reloc       ] Desynchronize all workers _nworkers: 0 _nsynchronized: 0
[2,566s][debug  ][gc,reloc       ] Desynchronize all workers _nworkers: 0 _nsynchronized: 0
[2,566s][debug  ][gc,phases,start] GC(0) O: Concurrent Mark Free
[2,566s][debug  ][gc,marking     ] GC(0) O: Shrinking mark stack space: 32M->0M
[2,566s][info   ][gc,phases      ] GC(0) O: Concurrent Mark Free 0,073ms
[2,566s][debug  ][gc,phases,start] GC(0) O: Concurrent Process Non-Strong
[2,566s][debug  ][gc,phases,start] GC(0) O: Concurrent References Process
[2,566s][debug  ][gc,task        ] GC(0) O: Executing ZReferenceProcessorTask using ZWorkerOld with 1 workers
[2,566s][debug  ][gc,phases      ] GC(0) O: Concurrent References Process 0,054ms
[2,566s][debug  ][gc,task        ] GC(0) O: Executing ZProcessWeakRootsTask using ZWorkerOld with 1 workers
[2,567s][debug  ][gc,phases,start] GC(0) O: Concurrent Classes Unlink
[2,567s][debug  ][gc,phases,start] GC(0) O: ClassLoaderData
[2,567s][debug  ][gc,phases      ] GC(0) O: ClassLoaderData 0,033ms
[2,567s][debug  ][gc,phases,start] GC(0) O: Trigger cleanups
[2,567s][debug  ][gc,phases      ] GC(0) O: Trigger cleanups 0,016ms
[2,567s][debug  ][gc,task        ] GC(0) O: Executing ZNMethodUnlinkTask using ZWorkerOld with 1 workers
[2,567s][debug  ][gc,nmethod     ] GC(0) O: Unregister NMethod: jdk.internal.loader.URLClassPath$JarLoader.findResource (0x00007f77cfc04e90) [0x00007f77cfc05040, 0x00007f77cfc05260] 
[2,567s][debug  ][gc,nmethod     ] GC(0) O: Unregister NMethod: java.util.concurrent.locks.ReentrantLock.unlock (0x00007f77cfa6f010) [0x00007f77cfa6f1e0, 0x00007f77cfa6f510] 
[2,568s][debug  ][gc,nmethod     ] GC(0) O: Unregister NMethod: java.lang.StringBuilder.<init> (0x00007f77cfa8b810) [0x00007f77cfa8b9c0, 0x00007f77cfa8bb00] 
[2,568s][debug  ][gc,nmethod     ] GC(0) O: Unregister NMethod: jdk.internal.misc.Unsafe.allocateUninitializedArray (0x00007f77ef22b990) [0x00007f77ef22bb20, 0x00007f77ef22bcd8] 
[2,568s][debug  ][gc,nmethod     ] GC(0) O: Unregister NMethod: java.io.BufferedInputStream.getBufIfOpen (0x00007f77cfa6ec90) [0x00007f77cfa6ee40, 0x00007f77cfa6ef80] 
[2,568s][debug  ][gc,nmethod     ] GC(0) O: Unregister NMethod: java.util.zip.ZipFile$Source.getEntryPos (0x00007f77cfa9f010) [0x00007f77cfa9f260, 0x00007f77cfa9fc50] 
[2,568s][debug  ][gc,nmethod     ] GC(0) O: Unregister NMethod: java.lang.String.coder (0x00007f77cfa30290) [0x00007f77cfa30420, 0x00007f77cfa30550] 
[2,568s][debug  ][gc,nmethod     ] GC(0) O: Unregister NMethod: jdk.internal.misc.ScopedMemoryAccess.getByte (0x00007f77cfaa1990) [0x00007f77cfaa1b60, 0x00007f77cfaa1f38] 
[2,568s][debug  ][gc,nmethod     ] GC(0) O: Unregister NMethod: java.util.concurrent.locks.AbstractQueuedSynchronizer.release (0x00007f77cfa70810) [0x00007f77cfa70a20, 0x00007f77cfa710d8] 
[2,568s][debug  ][gc,nmethod     ] GC(0) O: Unregister NMethod: jdk.internal.util.ArraysSupport.mismatch (0x00007f77ef217b10) [0x00007f77ef217ca0, 0x00007f77ef217f30] 
[2,568s][debug  ][gc,nmethod     ] GC(0) O: Unregister NMethod: java.util.jar.JarFile.getInputStream (0x00007f77cfb86010) [0x00007f77cfb86280, 0x00007f77cfb86b18] 
[2,568s][debug  ][gc,nmethod     ] GC(0) O: Unregister NMethod: java.util.concurrent.locks.AbstractQueuedSynchronizer.signalNext (0x00007f77ef1e6c10) [0x00007f77ef1e6d80, 0x00007f77ef1e6e00] 
[2,568s][debug  ][gc,nmethod     ] GC(0) O: Unregister NMethod: java.lang.invoke.MemberName.getReferenceKind (0x00007f77cfa8d210) [0x00007f77cfa8d3a0, 0x00007f77cfa8d4b0] 
[2,568s][debug  ][gc,nmethod     ] GC(0) O: Unregister NMethod: java.lang.String.replace (0x00007f77cfa82c90) [0x00007f77cfa82e60, 0x00007f77cfa83200] 
[2,568s][debug  ][gc,nmethod     ] GC(0) O: Unregister NMethod: java.util.ImmutableCollections$SetN.isEmpty (0x00007f77cfa4cd10) [0x00007f77cfa4cea0, 0x00007f77cfa4d008] 
[2,568s][debug  ][gc,nmethod     ] GC(0) O: Unregister NMethod: java.util.WeakHashMap.remove (0x00007f77cfabad10) [0x00007f77cfabaf80, 0x00007f77cfabbba0] 
[2,568s][debug  ][gc,nmethod     ] GC(0) O: Unregister NMethod: jdk.internal.loader.URLClassPath.getLoader (0x00007f77cfaa5710) [0x00007f77cfaa5a40, 0x00007f77cfaa6ed8] 
[2,568s][debug  ][gc,nmethod     ] GC(0) O: Unregister NMethod: jdk.internal.loader.URLClassPath$JarLoader.getResource (0x00007f77cfaa3e90) [0x00007f77cfaa40a0, 0x00007f77cfaa4598] 
[2,568s][debug  ][gc,nmethod     ] GC(0) O: Unregister NMethod: java.util.regex.Matcher.search (0x00007f77ef208990) [0x00007f77ef208bc0, 0x00007f77ef2095c0] 
[2,568s][debug  ][gc,nmethod     ] GC(0) O: Unregister NMethod: jdk.internal.loader.Resource.cachedInputStream (0x00007f77cfc47190) [0x00007f77cfc47360, 0x00007f77cfc47808] 
[2,568s][debug  ][gc,nmethod     ] GC(0) O: Unregister NMethod: sun.security.util.KnownOIDs.register (0x00007f77cfb12f10) [0x00007f77cfb13880, 0x00007f77cfb18378] 
[2,568s][debug  ][gc,nmethod     ] GC(0) O: Unregister NMethod: java.util.concurrent.locks.AbstractQueuedSynchronizer.signalNext (0x00007f77cfa6e410) [0x00007f77cfa6e600, 0x00007f77cfa6eb08] 
[2,568s][debug  ][gc,nmethod     ] GC(0) O: Unregister NMethod: jdk.internal.misc.Blocker.end (0x00007f77cfa77390) [0x00007f77cfa77580, 0x00007f77cfa77a40] 
[2,568s][debug  ][gc,nmethod     ] GC(0) O: Unregister NMethod: java.io.BufferedInputStream.implRead (0x00007f77cfa71a10) [0x00007f77cfa71be0, 0x00007f77cfa71eb0] 
[2,568s][debug  ][gc,nmethod     ] GC(0) O: Unregister NMethod: jdk.internal.reflect.ByteVectorImpl.add (0x00007f77cfb04b90) [0x00007f77cfb04d40, 0x00007f77cfb04f78] 
[2,568s][debug  ][gc,nmethod     ] GC(0) O: Unregister NMethod: java.nio.Buffer.session (0x00007f77cfaa0d90) [0x00007f77cfaa0f60, 0x00007f77cfaa1250] 
[2,568s][debug  ][gc,nmethod     ] GC(0) O: Unregister NMethod: java.util.ArrayList.add (0x00007f77cfa93a90) [0x00007f77cfa93c60, 0x00007f77cfa940b0] 
[2,568s][debug  ][gc,nmethod     ] GC(0) O: Unregister NMethod: java.util.HashMap.getNode (0x00007f77ef1ed510) [0x00007f77ef1ed6e0, 0x00007f77ef1edb98] 
[2,568s][debug  ][gc,nmethod     ] GC(0) O: Unregister NMethod: java.util.HashMap.newNode (0x00007f77cfa4e990) [0x00007f77cfa4eb40, 0x00007f77cfa4eec0] 
[2,568s][debug  ][gc,nmethod     ] GC(0) O: Unregister NMethod: java.util.regex.Pattern$BmpCharPropertyGreedy.match (0x00007f77ef204b10) [0x00007f77ef204ce0, 0x00007f77ef2050c0] 
[2,568s][debug  ][gc,nmethod     ] GC(0) O: Unregister NMethod: java.util.zip.ZipFile$Source.isMetaName (0x00007f77ef1ec810) [0x00007f77ef1ec9c0, 0x00007f77ef1ecc08] 
[2,568s][debug  ][gc,nmethod     ] GC(0) O: Unregister NMethod: jdk.internal.org.objectweb.asm.SymbolTable.put (0x00007f77cfa47790) [0x00007f77cfa479a0, 0x00007f77cfa48360] 
[2,568s][debug  ][gc,nmethod     ] GC(0) O: Unregister NMethod: sun.reflect.generics.parser.SignatureParser.advance (0x00007f77cfc13490) [0x00007f77cfc13640, 0x00007f77cfc138f8] 
[2,568s][debug  ][gc,nmethod     ] GC(0) O: Unregister NMethod: java.lang.StringLatin1.indexOfChar (0x00007f77cfa32b90) [0x00007f77cfa32d40, 0x00007f77cfa32f68] 
[2,568s][debug  ][gc,nmethod     ] GC(0) O: Unregister NMethod: java.util.zip.ZipFile$Source.checkAndAddEntry (0x00007f77cfa88c10) [0x00007f77cfa89000, 0x00007f77cfa8a950] 
[2,568s][debug  ][gc,nmethod     ] GC(0) O: Unregister NMethod: jdk.internal.loader.Resource.getByteBuffer (0x00007f77cfc58d10) [0x00007f77cfc58f20, 0x00007f77cfc59750] 
[2,568s][debug  ][gc,nmethod     ] GC(0) O: Unregister NMethod: jdk.internal.org.objectweb.asm.Symbol.<init> (0x00007f77cfa47210) [0x00007f77cfa473c0, 0x00007f77cfa47698] 
[2,568s][debug  ][gc,nmethod     ] GC(0) O: Unregister NMethod: java.util.HashMap.resize (0x00007f77cfa5d210) [0x00007f77cfa5d500, 0x00007f77cfa5ead0] 
[2,568s][debug  ][gc,nmethod     ] GC(0) O: Unregister NMethod: java.lang.String.<init> (0x00007f77cfa7af90) [0x00007f77cfa7b380, 0x00007f77cfa7ce40] 
[2,568s][debug  ][gc,nmethod     ] GC(0) O: Unregister NMethod: java.util.jar.JarFile.getJarEntry (0x00007f77cfaa3690) [0x00007f77cfaa3880, 0x00007f77cfaa3d30] 
[2,568s][debug  ][gc,nmethod     ] GC(0) O: Unregister NMethod: java.lang.CharacterData.of (0x00007f77cfb51690) [0x00007f77cfb518c0, 0x00007f77cfb52230] 
[2,568s][debug  ][gc,nmethod     ] GC(0) O: Unregister NMethod: jdk.internal.misc.Unsafe.allocateUninitializedArray (0x00007f77cfa82490) [0x00007f77cfa82680, 0x00007f77cfa82ae0] 
[2,568s][debug  ][gc,nmethod     ] GC(0) O: Unregister NMethod: jdk.internal.util.ArraysSupport.vectorizedHashCode (0x00007f77ef1dd710) [0x00007f77ef1dd8a0, 0x00007f77ef1ddae0] 
[2,568s][debug  ][gc,nmethod     ] GC(0) O: Unregister NMethod: java.lang.ClassLoader.checkName (0x00007f77cfa99890) [0x00007f77cfa99ac0, 0x00007f77cfa9a398] 
[2,568s][debug  ][gc,nmethod     ] GC(0) O: Unregister NMethod: java.util.jar.JarFile.checkForSpecialAttributes (0x00007f77cfa9be90) [0x00007f77cfa9c1a0, 0x00007f77cfa9d288] 
[2,569s][debug  ][gc,nmethod     ] GC(0) O: Unregister NMethod: java.util.zip.ZipFile.ensureOpen (0x00007f77cfa99290) [0x00007f77cfa99460, 0x00007f77cfa99750] 
[2,569s][debug  ][gc,nmethod     ] GC(0) O: Unregister NMethod: java.lang.String.indexOf (0x00007f77cfadaa90) [0x00007f77cfadacc0, 0x00007f77cfadb2d0] 
[2,569s][debug  ][gc,nmethod     ] GC(0) O: Unregister NMethod: java.util.HashMap.put (0x00007f77ef20f190) [0x00007f77ef20f420, 0x00007f77ef2100f0] 
[2,569s][debug  ][gc,nmethod     ] GC(0) O: Unregister NMethod: jdk.internal.misc.InternalLock.unlock (0x00007f77ef202c10) [0x00007f77ef202dc0, 0x00007f77ef2030f0] 
[2,569s][debug  ][gc,nmethod     ] GC(0) O: Unregister NMethod: java.lang.StringLatin1.indexOf (0x00007f77cfa35190) [0x00007f77cfa35360, 0x00007f77cfa35860] 
[2,569s][debug  ][gc,nmethod     ] GC(0) O: Unregister NMethod: java.util.zip.ZipFile$Source.isMetaName (0x00007f77cfa87810) [0x00007f77cfa879e0, 0x00007f77cfa87ee0] 
[2,569s][debug  ][gc,nmethod     ] GC(0) O: Unregister NMethod: java.util.WeakHashMap.getTable (0x00007f77cfaaa610) [0x00007f77cfaaa7c0, 0x00007f77cfaaa938] 
[2,569s][debug  ][gc,nmethod     ] GC(0) O: Unregister NMethod: java.util.concurrent.ConcurrentHashMap.putVal (0x00007f77ef20cd90) [0x00007f77ef20d020, 0x00007f77ef20e0c8] 
[2,569s][debug  ][gc,nmethod     ] GC(0) O: Unregister NMethod: jdk.internal.util.ArraysSupport.mismatch (0x00007f77cfa35e10) [0x00007f77cfa35fe0, 0x00007f77cfa36420] 
[2,569s][debug  ][gc,nmethod     ] GC(0) O: Unregister NMethod: java.lang.Object.equals (0x00007f77cfa59f10) [0x00007f77cfa5a0a0, 0x00007f77cfa5a200] 
[2,569s][debug  ][gc,nmethod     ] GC(0) O: Unregister NMethod: java.util.zip.ZipFile$Source.isMetaName (0x00007f77ef1e0f10) [0x00007f77ef1e10c0, 0x00007f77ef1e1320] 
[2,569s][debug  ][gc,nmethod     ] GC(0) O: Unregister NMethod: java.util.stream.ReduceOps$ReduceOp.evaluateSequential (0x00007f77cfd19610) [0x00007f77cfd197e0, 0x00007f77cfd19c58] 
[2,569s][debug  ][gc,nmethod     ] GC(0) O: Unregister NMethod: java.util.jar.JarFile.ensureInitialization (0x00007f77cfc31910) [0x00007f77cfc31b60, 0x00007f77cfc323b0] 
[2,569s][debug  ][gc,nmethod     ] GC(0) O: Unregister NMethod: jdk.internal.org.objectweb.asm.SymbolTable$Entry.<init> (0x00007f77cfa7dc10) [0x00007f77cfa7ddc0, 0x00007f77cfa7df40] 
[2,569s][debug  ][gc,nmethod     ] GC(0) O: Unregister NMethod: java.util.concurrent.locks.ReentrantLock.lock (0x00007f77cfa6d190) [0x00007f77cfa6d360, 0x00007f77cfa6d680] 
[2,569s][debug  ][gc,nmethod     ] GC(0) O: Unregister NMethod: java.lang.StringBuilder.append (0x00007f77cfa6c510) [0x00007f77cfa6c6c0, 0x00007f77cfa6c808] 
[2,569s][debug  ][gc,nmethod     ] GC(0) O: Unregister NMethod: jdk.internal.org.objectweb.asm.SymbolTable.addConstantUtf8 (0x00007f77cfa49310) [0x00007f77cfa49560, 0x00007f77cfa49c68] 
[2,569s][debug  ][gc,nmethod     ] GC(0) O: Unregister NMethod: java.util.jar.JarFile.maybeInstantiateVerifier (0x00007f77cfab4310) [0x00007f77cfab4500, 0x00007f77cfab48a8] 
[2,569s][debug  ][gc,nmethod     ] GC(0) O: Unregister NMethod: java.lang.ref.ReferenceQueue.poll (0x00007f77cfaa7690) [0x00007f77cfaa7940, 0x00007f77cfaa85c0] 
[2,569s][debug  ][gc,nmethod     ] GC(0) O: Unregister NMethod: java.util.HashMap.getNode (0x00007f77cfa50010) [0x00007f77cfa50260, 0x00007f77cfa50ee8] 
[2,569s][debug  ][gc,nmethod     ] GC(0) O: Unregister NMethod: sun.net.www.ParseUtil.firstEncodeIndex (0x00007f77cfa77f90) [0x00007f77cfa781e0, 0x00007f77cfa78c48] 
[2,569s][debug  ][gc,nmethod     ] GC(0) O: Unregister NMethod: jdk.internal.misc.InternalLock.lock (0x00007f77cfa71290) [0x00007f77cfa71480, 0x00007f77cfa718b0] 
[2,569s][debug  ][gc,nmethod     ] GC(0) O: Unregister NMethod: java.io.BufferedInputStream.read (0x00007f77ef1e8210) [0x00007f77ef1e8440, 0x00007f77ef1e8cb0] 
[2,569s][debug  ][gc,nmethod     ] GC(0) O: Unregister NMethod: java.lang.String.startsWith (0x00007f77cfa35a90) [0x00007f77cfa35c40, 0x00007f77cfa35d80] 
[2,569s][debug  ][gc,nmethod     ] GC(0) O: Unregister NMethod: java.lang.StringCoding.countPositives (0x00007f77cfa83b10) [0x00007f77cfa83cc0, 0x00007f77cfa83ef0] 
[2,569s][debug  ][gc,nmethod     ] GC(0) O: Unregister NMethod: jdk.internal.util.ArraysSupport.signedHashCode (0x00007f77cfa24990) [0x00007f77cfa24b40, 0x00007f77cfa24d10] 
[2,569s][debug  ][gc,nmethod     ] GC(0) O: Unregister NMethod: java.nio.DirectByteBuffer.ix (0x00007f77cfaa1690) [0x00007f77cfaa1820, 0x00007f77cfaa1930] 
[2,569s][debug  ][gc,nmethod     ] GC(0) O: Unregister NMethod: java.lang.String.startsWith (0x00007f77cfa33790) [0x00007f77cfa339e0, 0x00007f77cfa34290] 
[2,569s][debug  ][gc,nmethod     ] GC(0) O: Unregister NMethod: java.lang.StringUTF16.compress (0x00007f77cfa8d510) [0x00007f77cfa8d6c0, 0x00007f77cfa8d908] 
[2,569s][debug  ][gc,nmethod     ] GC(0) O: Unregister NMethod: jdk.internal.misc.InternalLock.unlock (0x00007f77cfa73e90) [0x00007f77cfa74060, 0x00007f77cfa744a0] 
[2,569s][debug  ][gc,nmethod     ] GC(0) O: Unregister NMethod: java.lang.StringLatin1.replace (0x00007f77cfa67290) [0x00007f77cfa67540, 0x00007f77cfa68408] 
[2,569s][debug  ][gc,nmethod     ] GC(0) O: Unregister NMethod: java.util.concurrent.locks.AbstractQueuedSynchronizer.compareAndSetState (0x00007f77cfa6f610) [0x00007f77cfa6f7a0, 0x00007f77cfa6f8c0] 
[2,569s][debug  ][gc,nmethod     ] GC(0) O: Unregister NMethod: java.util.HashMap.afterNodeInsertion (0x00007f77cfa52910) [0x00007f77cfa52aa0, 0x00007f77cfa52ba8] 
[2,569s][debug  ][gc,nmethod     ] GC(0) O: Unregister NMethod: jdk.internal.loader.Resource.getBytes (0x00007f77cfc27f10) [0x00007f77cfc28260, 0x00007f77cfc29ba8] 
[2,569s][debug  ][gc,nmethod     ] GC(0) O: Unregister NMethod: java.lang.String.hashCode (0x00007f77cfa24310) [0x00007f77cfa244e0, 0x00007f77cfa248b0] 
[2,569s][debug  ][gc,nmethod     ] GC(0) O: Unregister NMethod: jdk.internal.org.objectweb.asm.ByteVector.put12 (0x00007f77cfa96810) [0x00007f77cfa969c0, 0x00007f77cfa96c50] 
[2,569s][debug  ][gc,nmethod     ] GC(0) O: Unregister NMethod: java.lang.CharacterDataLatin1.isWhitespace (0x00007f77cfcb4a90) [0x00007f77cfcb4c40, 0x00007f77cfcb4e50] 
[2,569s][debug  ][gc,nmethod     ] GC(0) O: Unregister NMethod: java.lang.module.ModuleDescriptor$Exports.isQualified (0x00007f77cfa4c810) [0x00007f77cfa4c9c0, 0x00007f77cfa4cc10] 
[2,569s][debug  ][gc,nmethod     ] GC(0) O: Unregister NMethod: jdk.internal.jimage.ImageStringsReader.unmaskedHashCode (0x00007f77cfacef10) [0x00007f77cfacf160, 0x00007f77cfacfd28] 
[2,569s][debug  ][gc,nmethod     ] GC(0) O: Unregister NMethod: java.lang.Integer.rotateLeft (0x00007f77cfb19e10) [0x00007f77cfb19fa0, 0x00007f77cfb1a098] 
[2,569s][debug  ][gc,nmethod     ] GC(0) O: Unregister NMethod: worker.org.gradle.internal.stream.EncodedStream$EncodedInput.hexToByte (0x00007f77cfa74610) [0x00007f77cfa74840, 0x00007f77cfa74ea0] 
[2,569s][debug  ][gc,nmethod     ] GC(0) O: Unregister NMethod: java.util.jar.JarFile$JarFileEntry.getCodeSigners (0x00007f77cfc2e190) [0x00007f77cfc2e3e0, 0x00007f77cfc2ed50] 
[2,569s][debug  ][gc,nmethod     ] GC(0) O: Unregister NMethod: java.nio.DirectByteBuffer.get (0x00007f77cfaa2690) [0x00007f77cfaa28e0, 0x00007f77cfaa31f0] 
[2,570s][debug  ][gc,nmethod     ] GC(0) O: Unregister NMethod: java.util.jar.JarFile.getManifest (0x00007f77cfb71110) [0x00007f77cfb712c0, 0x00007f77cfb71400] 
[2,570s][debug  ][gc,nmethod     ] GC(0) O: Unregister NMethod: java.lang.Object.<init> (0x00007f77cfa24010) [0x00007f77cfa241a0, 0x00007f77cfa242a8] 
[2,570s][debug  ][gc,nmethod     ] GC(0) O: Unregister NMethod: java.util.ArrayList.get (0x00007f77cfa97810) [0x00007f77cfa979c0, 0x00007f77cfa97c70] 
[2,570s][debug  ][gc,nmethod     ] GC(0) O: Unregister NMethod: java.io.BufferedInputStream.read (0x00007f77cfa72010) [0x00007f77cfa722e0, 0x00007f77cfa73178] 
[2,570s][debug  ][gc,nmethod     ] GC(0) O: Unregister NMethod: jdk.internal.misc.Blocker.begin (0x00007f77cfa76690) [0x00007f77cfa768c0, 0x00007f77cfa77180] 
[2,570s][debug  ][gc,nmethod     ] GC(0) O: Unregister NMethod: sun.net.www.ParseUtil.firstEncodeIndex (0x00007f77cfdbc910) [0x00007f77cfdbcb60, 0x00007f77cfdbd5c8] 
[2,570s][debug  ][gc,nmethod     ] GC(0) O: Unregister NMethod: java.util.HashMap.get (0x00007f77cfa55f90) [0x00007f77cfa56140, 0x00007f77cfa56338] 
[2,570s][debug  ][gc,nmethod     ] GC(0) O: Unregister NMethod: java.lang.String.<init> (0x00007f77cfaecd10) [0x00007f77cfaed640, 0x00007f77cfaf2960] 
[2,570s][debug  ][gc,nmethod     ] GC(0) O: Unregister NMethod: java.util.concurrent.locks.ReentrantLock$NonfairSync.initialTryLock (0x00007f77cfa6dc90) [0x00007f77cfa6de80, 0x00007f77cfa6e308] 
[2,570s][debug  ][gc,nmethod     ] GC(0) O: Unregister NMethod: java.lang.String.equals (0x00007f77cfa27c90) [0x00007f77cfa27e60, 0x00007f77cfa28310] 
[2,570s][debug  ][gc,nmethod     ] GC(0) O: Unregister NMethod: java.lang.invoke.MethodType.parameterType (0x00007f77cfa48f10) [0x00007f77cfa490a0, 0x00007f77cfa49230] 
[2,570s][debug  ][gc,nmethod     ] GC(0) O: Unregister NMethod: java.io.StreamTokenizer.read (0x00007f77cfda6b10) [0x00007f77cfda6d00, 0x00007f77cfda7158] 
[2,570s][debug  ][gc,nmethod     ] GC(0) O: Unregister NMethod: java.net.URLClassLoader$1.run (0x00007f77cfbf9690) [0x00007f77cfbf9a60, 0x00007f77cfbfb120] 
[2,570s][debug  ][gc,nmethod     ] GC(0) O: Unregister NMethod: java.lang.String.startsWith (0x00007f77ef215590) [0x00007f77ef215740, 0x00007f77ef215af8] 
[2,570s][debug  ][gc,nmethod     ] GC(0) O: Unregister NMethod: java.util.zip.ZipUtils.CENEXT (0x00007f77cfa84010) [0x00007f77cfa841c0, 0x00007f77cfa84360] 
[2,570s][debug  ][gc,nmethod     ] GC(0) O: Unregister NMethod: java.util.zip.ZipFile.getEntry (0x00007f77cfa9e690) [0x00007f77cfa9e880, 0x00007f77cfa9ed78] 
[2,570s][debug  ][gc,nmethod     ] GC(0) O: Unregister NMethod: java.util.zip.ZipFile$Source.isMetaName (0x00007f77cfae3390) [0x00007f77cfae3560, 0x00007f77cfae3a60] 
[2,570s][debug  ][gc,nmethod     ] GC(0) O: Unregister NMethod: java.lang.StringLatin1.hashCode (0x00007f77cfa24e10) [0x00007f77cfa24fc0, 0x00007f77cfa251f0] 
[2,570s][debug  ][gc,nmethod     ] GC(0) O: Unregister NMethod: java.util.concurrent.locks.ReentrantLock$Sync.tryRelease (0x00007f77ef1e7590) [0x00007f77ef1e7740, 0x00007f77ef1e7998] 
[2,570s][debug  ][gc,nmethod     ] GC(0) O: Unregister NMethod: java.util.Optional.empty (0x00007f77cfc3f790) [0x00007f77cfc3f920, 0x00007f77cfc3fa10] 
[2,570s][debug  ][gc,nmethod     ] GC(0) O: Unregister NMethod: jdk.internal.loader.URLClassPath$JarLoader.ensureOpen (0x00007f77cfa9da10) [0x00007f77cfa9dc00, 0x00007f77cfa9e0a0] 
[2,570s][debug  ][gc,nmethod     ] GC(0) O: Unregister NMethod: java.util.ImmutableCollections$SetN$SetNIterator.next (0x00007f77cfa38610) [0x00007f77cfa387e0, 0x00007f77cfa38b98] 
[2,570s][debug  ][gc,nmethod     ] GC(0) O: Unregister NMethod: java.io.BufferedInputStream.getBufIfOpen (0x00007f77ef1e6f10) [0x00007f77ef1e70a0, 0x00007f77ef1e71c0] 
[2,570s][debug  ][gc,nmethod     ] GC(0) O: Unregister NMethod: java.util.regex.Pattern$BmpCharPropertyGreedy.match (0x00007f77cfba3490) [0x00007f77cfba36a0, 0x00007f77cfba3e00] 
[2,570s][debug  ][gc,nmethod     ] GC(0) O: Unregister NMethod: java.util.concurrent.ConcurrentHashMap.casTabAt (0x00007f77cfa62410) [0x00007f77cfa625a0, 0x00007f77cfa62720] 
[2,570s][debug  ][gc,nmethod     ] GC(0) O: Unregister NMethod: jdk.internal.misc.InternalLock.lock (0x00007f77ef202610) [0x00007f77ef2027c0, 0x00007f77ef202aa8] 
[2,570s][debug  ][gc,nmethod     ] GC(0) O: Unregister NMethod: java.lang.Class.getClassLoader (0x00007f77cfa42190) [0x00007f77cfa42400, 0x00007f77cfa43030] 
[2,570s][debug  ][gc,nmethod     ] GC(0) O: Unregister NMethod: java.util.LinkedHashMap.newNode (0x00007f77cfb10410) [0x00007f77cfb105c0, 0x00007f77cfb107b0] 
[2,570s][debug  ][gc,nmethod     ] GC(0) O: Unregister NMethod: java.util.jar.JarFile.isMultiRelease (0x00007f77cfa9e210) [0x00007f77cfa9e3c0, 0x00007f77cfa9e5d0] 
[2,570s][debug  ][gc,nmethod     ] GC(0) O: Unregister NMethod: java.lang.CharacterDataLatin1.toUpperCaseEx (0x00007f77cfb0db90) [0x00007f77cfb0dd40, 0x00007f77cfb0e000] 
[2,570s][debug  ][gc,nmethod     ] GC(0) O: Unregister NMethod: java.lang.String.substring (0x00007f77cfa5c710) [0x00007f77cfa5c920, 0x00007f77cfa5cf80] 
[2,570s][debug  ][gc,nmethod     ] GC(0) O: Unregister NMethod: java.lang.ref.NativeReferenceQueue.poll (0x00007f77cfa41610) [0x00007f77cfa417e0, 0x00007f77cfa41ba0] 
[2,570s][debug  ][gc,nmethod     ] GC(0) O: Unregister NMethod: java.lang.StringBuilder.length (0x00007f77cfa77c10) [0x00007f77cfa77da0, 0x00007f77cfa77ec0] 
[2,570s][debug  ][gc,nmethod     ] GC(0) O: Unregister NMethod: java.lang.String.hashCode (0x00007f77ef1d1010) [0x00007f77ef1d11a0, 0x00007f77ef1d12d0] 
[2,570s][debug  ][gc,nmethod     ] GC(0) O: Unregister NMethod: java.util.zip.ZipFile$Source.nextEntryPos (0x00007f77cfa88090) [0x00007f77cfa88260, 0x00007f77cfa885b0] 
[2,570s][debug  ][gc,nmethod     ] GC(0) O: Unregister NMethod: java.lang.StringLatin1.newString (0x00007f77cfa5ef10) [0x00007f77cfa5f1e0, 0x00007f77cfa5ffa0] 
[2,570s][debug  ][gc,nmethod     ] GC(0) O: Unregister NMethod: jdk.internal.reflect.ClassFileAssembler.emitByte (0x00007f77cfb04710) [0x00007f77cfb048c0, 0x00007f77cfb04a78] 
[2,570s][debug  ][gc,nmethod     ] GC(0) O: Unregister NMethod: java.util.ImmutableCollections$SetN$SetNIterator.hasNext (0x00007f77cfa2ab90) [0x00007f77cfa2ad20, 0x00007f77cfa2ae88] 
[2,570s][debug  ][gc,nmethod     ] GC(0) O: Unregister NMethod: sun.reflect.generics.parser.SignatureParser.current (0x00007f77cfc13a10) [0x00007f77cfc13c20, 0x00007f77cfc14378] 
[2,570s][debug  ][gc,nmethod     ] GC(0) O: Unregister NMethod: java.util.LinkedHashMap.get (0x00007f77cfab3d90) [0x00007f77cfab3f60, 0x00007f77cfab41e0] 
[2,570s][debug  ][gc,nmethod     ] GC(0) O: Unregister NMethod: java.util.ArrayList$Itr.next (0x00007f77cfb60310) [0x00007f77cfb60500, 0x00007f77cfb60968] 
[2,570s][debug  ][gc,nmethod     ] GC(0) O: Unregister NMethod: sun.net.www.ParseUtil.firstEncodeIndex (0x00007f77ef21e810) [0x00007f77ef21e9a0, 0x00007f77ef21ebf8] 
[2,570s][debug  ][gc,nmethod     ] GC(0) O: Unregister NMethod: java.util.concurrent.ConcurrentHashMap.tabAt (0x00007f77cfa38090) [0x00007f77cfa38240, 0x00007f77cfa384e8] 
[2,570s][debug  ][gc,nmethod     ] GC(0) O: Unregister NMethod: java.lang.StringBuilder.append (0x00007f77cfa63d90) [0x00007f77cfa63f40, 0x00007f77cfa64088] 
[2,570s][debug  ][gc,nmethod     ] GC(0) O: Unregister NMethod: jdk.internal.util.ArraysSupport.vectorizedHashCode (0x00007f77cfa26290) [0x00007f77cfa265a0, 0x00007f77cfa274e8] 
[2,570s][debug  ][gc,nmethod     ] GC(0) O: Unregister NMethod: java.lang.String.isLatin1 (0x00007f77ef1c5690) [0x00007f77ef1c5800, 0x00007f77ef1c58a0] 
[2,570s][debug  ][gc,nmethod     ] GC(0) O: Unregister NMethod: java.lang.String.indexOf (0x00007f77cfa36610) [0x00007f77cfa36800, 0x00007f77cfa36d18] 
[2,570s][debug  ][gc,nmethod     ] GC(0) O: Unregister NMethod: java.util.regex.Matcher.search (0x00007f77cfba4090) [0x00007f77cfba4280, 0x00007f77cfba4918] 
[2,570s][debug  ][gc,nmethod     ] GC(0) O: Unregister NMethod: jdk.internal.org.objectweb.asm.ByteVector.putUTF8 (0x00007f77cfa43390) [0x00007f77cfa43600, 0x00007f77cfa44068] 
[2,570s][debug  ][gc,nmethod     ] GC(0) O: Unregister NMethod: java.lang.CharacterDataLatin1.equalsIgnoreCase (0x00007f77cfaaca10) [0x00007f77cfaacbc0, 0x00007f77cfaacec8] 
[2,570s][debug  ][gc,nmethod     ] GC(0) O: Unregister NMethod: java.util.ArrayList$Itr.<init> (0x00007f77cfbe7f90) [0x00007f77cfbe8140, 0x00007f77cfbe8330] 
[2,571s][debug  ][gc,nmethod     ] GC(0) O: Unregister NMethod: java.util.zip.ZipUtils.LG (0x00007f77cfa84490) [0x00007f77cfa84640, 0x00007f77cfa848a8] 
[2,571s][debug  ][gc,nmethod     ] GC(0) O: Unregister NMethod: jdk.internal.misc.Unsafe.allocateUninitializedArray0 (0x00007f77cfa7e410) [0x00007f77cfa7e620, 0x00007f77cfa7eef0] 
[2,571s][debug  ][gc,nmethod     ] GC(0) O: Unregister NMethod: java.lang.String.hashCode (0x00007f77ef1c4d10) [0x00007f77ef1c4ee0, 0x00007f77ef1c5228] 
[2,571s][debug  ][gc,nmethod     ] GC(0) O: Unregister NMethod: java.util.concurrent.locks.AbstractQueuedSynchronizer.compareAndSetState (0x00007f77ef1d8f90) [0x00007f77ef1d9100, 0x00007f77ef1d9188] 
[2,571s][debug  ][gc,nmethod     ] GC(0) O: Unregister NMethod: java.util.concurrent.locks.ReentrantLock$NonfairSync.initialTryLock (0x00007f77ef1d9590) [0x00007f77ef1d9720, 0x00007f77ef1d98c8] 
[2,571s][debug  ][gc,nmethod     ] GC(0) O: Unregister NMethod: java.lang.StringLatin1.lastIndexOf (0x00007f77cfa37990) [0x00007f77cfa37b60, 0x00007f77cfa37f58] 
[2,571s][debug  ][gc,nmethod     ] GC(0) O: Unregister NMethod: java.util.zip.ZipFile$Source.zipCoderForPos (0x00007f77cfa85790) [0x00007f77cfa85980, 0x00007f77cfa85e18] 
[2,571s][debug  ][gc,nmethod     ] GC(0) O: Unregister NMethod: java.util.concurrent.locks.ReentrantLock$Sync.tryRelease (0x00007f77cfb8c190) [0x00007f77cfb8c380, 0x00007f77cfb8c7c8] 
[2,571s][debug  ][gc,nmethod     ] GC(0) O: Unregister NMethod: jdk.internal.loader.URLClassPath$JarLoader.checkResource (0x00007f77cfc0a810) [0x00007f77cfc0aa60, 0x00007f77cfc0b418] 
[2,571s][debug  ][gc,nmethod     ] GC(0) O: Unregister NMethod: java.util.HashMap.get (0x00007f77ef209b10) [0x00007f77ef209d00, 0x00007f77ef20a1f8] 
[2,571s][debug  ][gc,nmethod     ] GC(0) O: Unregister NMethod: java.lang.String.charAt (0x00007f77cfa31410) [0x00007f77cfa315e0, 0x00007f77cfa319e0] 
[2,571s][debug  ][gc,nmethod     ] GC(0) O: Unregister NMethod: java.io.BufferedInputStream.getBufIfOpen (0x00007f77cfa6f990) [0x00007f77cfa6fb60, 0x00007f77cfa6ffc0] 
[2,571s][debug  ][gc,nmethod     ] GC(0) O: Unregister NMethod: java.lang.String.<init> (0x00007f77cfbf0110) [0x00007f77cfbf0520, 0x00007f77cfbf2048] 
[2,571s][debug  ][gc,nmethod     ] GC(0) O: Unregister NMethod: java.util.zip.ZipFile.getZipEntry (0x00007f77cfb68190) [0x00007f77cfb68720, 0x00007f77cfb6b850] 
[2,571s][debug  ][gc,nmethod     ] GC(0) O: Unregister NMethod: java.lang.StringConcatHelper.newString (0x00007f77cfabc290) [0x00007f77cfabc520, 0x00007f77cfabcf20] 
[2,571s][debug  ][gc,nmethod     ] GC(0) O: Unregister NMethod: java.util.HashMap.getNode (0x00007f77ef217210) [0x00007f77ef2173e0, 0x00007f77ef217868] 
[2,571s][debug  ][gc,nmethod     ] GC(0) O: Unregister NMethod: java.util.concurrent.locks.ReentrantLock$NonfairSync.initialTryLock (0x00007f77cfb8ba10) [0x00007f77cfb8bc00, 0x00007f77cfb8c088] 
[2,571s][debug  ][gc,nmethod     ] GC(0) O: Unregister NMethod: jdk.internal.org.objectweb.asm.ByteVector.putShort (0x00007f77cfa45610) [0x00007f77cfa457c0, 0x00007f77cfa45a28] 
[2,571s][debug  ][gc,nmethod     ] GC(0) O: Unregister NMethod: java.util.HashMap.putVal (0x00007f77ef1d5390) [0x00007f77ef1d5600, 0x00007f77ef1d5fc8] 
[2,571s][debug  ][gc,nmethod     ] GC(0) O: Unregister NMethod: java.lang.invoke.MethodType.hashCode (0x00007f77cfa40810) [0x00007f77cfa409e0, 0x00007f77cfa40de0] 
[2,571s][debug  ][gc,nmethod     ] GC(0) O: Unregister NMethod: java.lang.StringConcatHelper.prepend (0x00007f77cfa9b810) [0x00007f77cfa9b9e0, 0x00007f77cfa9bce0] 
[2,571s][debug  ][gc,nmethod     ] GC(0) O: Unregister NMethod: jdk.internal.org.objectweb.asm.SymbolTable.get (0x00007f77cfa41d10) [0x00007f77cfa41ec0, 0x00007f77cfa42070] 
[2,571s][debug  ][gc,nmethod     ] GC(0) O: Unregister NMethod: java.util.concurrent.ConcurrentHashMap.get (0x00007f77cfa44490) [0x00007f77cfa44700, 0x00007f77cfa45308] 
[2,571s][debug  ][gc,nmethod     ] GC(0) O: Unregister NMethod: jdk.internal.misc.Unsafe.putReferenceRelease (0x00007f77cfa83310) [0x00007f77cfa834a0, 0x00007f77cfa83620] 
[2,571s][debug  ][gc,nmethod     ] GC(0) O: Unregister NMethod: java.lang.AbstractStringBuilder.append (0x00007f77cfa6c890) [0x00007f77cfa6ca80, 0x00007f77cfa6d000] 
[2,571s][debug  ][gc,nmethod     ] GC(0) O: Unregister NMethod: java.util.HashMap.resize (0x00007f77ef1d6610) [0x00007f77ef1d6840, 0x00007f77ef1d7698] 
[2,571s][debug  ][gc,nmethod     ] GC(0) O: Unregister NMethod: java.util.stream.AbstractPipeline.isParallel (0x00007f77cfc80610) [0x00007f77cfc807a0, 0x00007f77cfc808e0] 
[2,571s][debug  ][gc,nmethod     ] GC(0) O: Unregister NMethod: java.net.URLClassLoader.defineClass (0x00007f77cfbfd490) [0x00007f77cfbfd9e0, 0x00007f77cfbffe18] 
[2,571s][debug  ][gc,nmethod     ] GC(0) O: Unregister NMethod: java.lang.StringBuilder.toString (0x00007f77cfa79990) [0x00007f77cfa79b40, 0x00007f77cfa79d48] 
[2,571s][debug  ][gc,nmethod     ] GC(0) O: Unregister NMethod: java.util.concurrent.locks.AbstractQueuedSynchronizer.signalNext (0x00007f77cfda9310) [0x00007f77cfda9500, 0x00007f77cfda9a08] 
[2,571s][debug  ][gc,nmethod     ] GC(0) O: Unregister NMethod: java.lang.StringLatin1.indexOf (0x00007f77cfa34890) [0x00007f77cfa34a80, 0x00007f77cfa34fb8] 
[2,571s][debug  ][gc,nmethod     ] GC(0) O: Unregister NMethod: java.util.HashMap.putVal (0x00007f77cfa4d090) [0x00007f77cfa4d360, 0x00007f77cfa4e4d8] 
[2,571s][debug  ][gc,nmethod     ] GC(0) O: Unregister NMethod: java.lang.String.isLatin1 (0x00007f77cfa30a90) [0x00007f77cfa30c20, 0x00007f77cfa30d98] 
[2,571s][debug  ][gc,nmethod     ] GC(0) O: Unregister NMethod: java.lang.StringCoding.countPositives (0x00007f77cfae9c10) [0x00007f77cfae9dc0, 0x00007f77cfae9ff0] 
[2,571s][debug  ][gc,nmethod     ] GC(0) O: Unregister NMethod: java.util.Objects.requireNonNull (0x00007f77cfa29910) [0x00007f77cfa29ac0, 0x00007f77cfa29cb0] 
[2,571s][debug  ][gc,nmethod     ] GC(0) O: Unregister NMethod: java.util.zip.ZipUtils.SH (0x00007f77cfa68910) [0x00007f77cfa68aa0, 0x00007f77cfa68be0] 
[2,571s][debug  ][gc,nmethod     ] GC(0) O: Unregister NMethod: java.nio.DirectLongBufferU.ix (0x00007f77cfaa8910) [0x00007f77cfaa8aa0, 0x00007f77cfaa8bb8] 
[2,571s][debug  ][gc,nmethod     ] GC(0) O: Unregister NMethod: jdk.internal.reflect.ByteVectorImpl.getLength (0x00007f77cfb24c90) [0x00007f77cfb24e20, 0x00007f77cfb24f28] 
[2,571s][debug  ][gc,nmethod     ] GC(0) O: Unregister NMethod: java.lang.String.startsWith (0x00007f77cfdb4f90) [0x00007f77cfdb51c0, 0x00007f77cfdb5a10] 
[2,571s][debug  ][gc,nmethod     ] GC(0) O: Unregister NMethod: java.lang.ref.Reference.reachabilityFence (0x00007f77cfa91890) [0x00007f77cfa91a20, 0x00007f77cfa91b08] 
[2,571s][debug  ][gc,nmethod     ] GC(0) O: Unregister NMethod: jdk.internal.loader.URLClassPath$JarLoader.getResource (0x00007f77cfc43990) [0x00007f77cfc43b80, 0x00007f77cfc43eb0] 
[2,571s][debug  ][gc,nmethod     ] GC(0) O: Unregister NMethod: java.lang.AbstractStringBuilder.<init> (0x00007f77cfa79490) [0x00007f77cfa79640, 0x00007f77cfa798d0] 
[2,571s][debug  ][gc,nmethod     ] GC(0) O: Unregister NMethod: java.util.HashMap.hash (0x00007f77cfa49f90) [0x00007f77cfa4a140, 0x00007f77cfa4a340] 
[2,571s][debug  ][gc,nmethod     ] GC(0) O: Unregister NMethod: java.lang.String.length (0x00007f77cfa30610) [0x00007f77cfa307c0, 0x00007f77cfa30990] 
[2,571s][debug  ][gc,nmethod     ] GC(0) O: Unregister NMethod: java.util.concurrent.ConcurrentHashMap.putVal (0x00007f77cfa38d10) [0x00007f77cfa390c0, 0x00007f77cfa3ade8] 
[2,571s][debug  ][gc,nmethod     ] GC(0) O: Unregister NMethod: java.lang.StringLatin1.canEncode (0x00007f77cfa33410) [0x00007f77cfa335a0, 0x00007f77cfa336e8] 
[2,571s][debug  ][gc,nmethod     ] GC(0) O: Unregister NMethod: java.lang.String.regionMatches (0x00007f77cfaae110) [0x00007f77cfaae360, 0x00007f77cfaaebc0] 
[2,571s][debug  ][gc,nmethod     ] GC(0) O: Unregister NMethod: java.util.jar.Manifest$FastInputStream.readLine (0x00007f77cfad9710) [0x00007f77cfad9940, 0x00007f77cfada278] 
[2,571s][debug  ][gc,nmethod     ] GC(0) O: Unregister NMethod: java.util.LinkedHashMap.afterNodeInsertion (0x00007f77cfb10f10) [0x00007f77cfb110c0, 0x00007f77cfb112f0] 
[2,571s][debug  ][gc,nmethod     ] GC(0) O: Unregister NMethod: java.lang.String.hashCode (0x00007f77cfa3d610) [0x00007f77cfa3d7e0, 0x00007f77cfa3dbb0] 
[2,571s][debug  ][gc,nmethod     ] GC(0) O: Unregister NMethod: java.util.HashMap.putVal (0x00007f77cfa52c10) [0x00007f77cfa52f00, 0x00007f77cfa541e0] 
[2,571s][debug  ][gc,nmethod     ] GC(0) O: Unregister NMethod: jdk.internal.loader.Resource.getBytes (0x00007f77cfc48190) [0x00007f77cfc484e0, 0x00007f77cfc49e88] 
[2,571s][debug  ][gc,nmethod     ] GC(0) O: Unregister NMethod: java.util.concurrent.locks.ReentrantLock$Sync.tryRelease (0x00007f77cfa70110) [0x00007f77cfa70300, 0x00007f77cfa70748] 
[2,571s][debug  ][gc,nmethod     ] GC(0) O: Unregister NMethod: java.util.concurrent.ConcurrentHashMap.addCount (0x00007f77cfa3be10) [0x00007f77cfa3c060, 0x00007f77cfa3caa0] 
[2,572s][debug  ][gc,nmethod     ] GC(0) O: Unregister NMethod: java.io.BufferedReader.implRead (0x00007f77cfda7290) [0x00007f77cfda7480, 0x00007f77cfda79b8] 
[2,572s][debug  ][gc,nmethod     ] GC(0) O: Unregister NMethod: sun.nio.fs.UnixPath.checkNotNul (0x00007f77cfa8bb90) [0x00007f77cfa8bd40, 0x00007f77cfa8bef0] 
[2,572s][debug  ][gc,nmethod     ] GC(0) O: Unregister NMethod: java.lang.StringLatin1.equals (0x00007f77cfa25d10) [0x00007f77cfa25ec0, 0x00007f77cfa26160] 
[2,572s][debug  ][gc,nmethod     ] GC(0) O: Unregister NMethod: java.util.Collections.emptyList (0x00007f77cfba7790) [0x00007f77cfba7920, 0x00007f77cfba7a10] 
[2,572s][debug  ][gc,nmethod     ] GC(0) O: Unregister NMethod: java.util.concurrent.ConcurrentHashMap.setTabAt (0x00007f77cfa83690) [0x00007f77cfa83840, 0x00007f77cfa83a30] 
[2,572s][debug  ][gc,nmethod     ] GC(0) O: Unregister NMethod: java.lang.String.getBytes (0x00007f77cfa3f610) [0x00007f77cfa3f7e0, 0x00007f77cfa3fb40] 
[2,572s][debug  ][gc,nmethod     ] GC(0) O: Unregister NMethod: java.util.HashMap.put (0x00007f77cfa4fa10) [0x00007f77cfa4fbe0, 0x00007f77cfa4fee0] 
[2,572s][debug  ][gc,nmethod     ] GC(0) O: Unregister NMethod: java.io.BufferedReader.read (0x00007f77cfda7b90) [0x00007f77cfda7e60, 0x00007f77cfda8e68] 
[2,572s][debug  ][gc,nmethod     ] GC(0) O: Unregister NMethod: java.lang.AbstractStringBuilder.append (0x00007f77cfa64c90) [0x00007f77cfa64ea0, 0x00007f77cfa65440] 
[2,572s][debug  ][gc,nmethod     ] GC(0) O: Unregister NMethod: jdk.internal.loader.Resource.cachedInputStream (0x00007f77cfb3fa10) [0x00007f77cfb3fbe0, 0x00007f77cfb40038] 
[2,572s][debug  ][gc,nmethod     ] GC(0) O: Unregister NMethod: java.util.concurrent.ConcurrentHashMap.putIfAbsent (0x00007f77cfa3d290) [0x00007f77cfa3d440, 0x00007f77cfa3d588] 
[2,572s][debug  ][gc,nmethod     ] GC(0) O: Unregister NMethod: java.util.jar.JavaUtilJarAccessImpl.entryFor (0x00007f77cfb45010) [0x00007f77cfb451e0, 0x00007f77cfb455e0] 
[2,572s][debug  ][gc,nmethod     ] GC(0) O: Unregister NMethod: java.lang.String.toString (0x00007f77cfa96d90) [0x00007f77cfa96f20, 0x00007f77cfa97028] 
[2,572s][debug  ][gc,nmethod     ] GC(0) O: Unregister NMethod: java.lang.String.isEmpty (0x00007f77cfa32790) [0x00007f77cfa32920, 0x00007f77cfa32ab8] 
[2,572s][debug  ][gc,nmethod     ] GC(0) O: Unregister NMethod: java.util.zip.ZipFile$Source.isMetaName (0x00007f77cfae1e10) [0x00007f77cfae1fe0, 0x00007f77cfae24e0] 
[2,572s][debug  ][gc,nmethod     ] GC(0) O: Unregister NMethod: java.lang.CharacterDataLatin1.getProperties (0x00007f77cfb0d810) [0x00007f77cfb0d9a0, 0x00007f77cfb0dad8] 
[2,572s][debug  ][gc,nmethod     ] GC(0) O: Unregister NMethod: java.lang.invoke.MethodType.parameterCount (0x00007f77cfa48b90) [0x00007f77cfa48d20, 0x00007f77cfa48e58] 
[2,572s][debug  ][gc,nmethod     ] GC(0) O: Unregister NMethod: java.lang.Math.min (0x00007f77cfa33090) [0x00007f77cfa33220, 0x00007f77cfa33358] 
[2,572s][debug  ][gc,nmethod     ] GC(0) O: Unregister NMethod: jdk.internal.org.objectweb.asm.ByteVector.putByte (0x00007f77cfa7d710) [0x00007f77cfa7d8c0, 0x00007f77cfa7db00] 
[2,572s][debug  ][gc,nmethod     ] GC(0) O: Unregister NMethod: java.util.zip.ZipCoder.hash (0x00007f77cfaa0110) [0x00007f77cfaa0320, 0x00007f77cfaa0a90] 
[2,572s][debug  ][gc,nmethod     ] GC(0) O: Unregister NMethod: java.lang.Math.max (0x00007f77cfa34510) [0x00007f77cfa346a0, 0x00007f77cfa347d8] 
[2,572s][debug  ][gc,nmethod     ] GC(0) O: Unregister NMethod: java.util.jar.JarFile.getEntry (0x00007f77cfaa4790) [0x00007f77cfaa4980, 0x00007f77cfaa4e08] 
[2,572s][debug  ][gc,nmethod     ] GC(0) O: Unregister NMethod: java.lang.AbstractStringBuilder.ensureCapacityInternal (0x00007f77cfa48610) [0x00007f77cfa487e0, 0x00007f77cfa48a68] 
[2,572s][debug  ][gc,nmethod     ] GC(0) O: Unregister NMethod: java.util.ImmutableCollections$SetN.probe (0x00007f77cfa25310) [0x00007f77cfa25500, 0x00007f77cfa25ae8] 
[2,572s][debug  ][gc,nmethod     ] GC(0) O: Unregister NMethod: java.lang.StringUTF16.getChar (0x00007f77cfbea190) [0x00007f77cfbea320, 0x00007f77cfbea488] 
[2,572s][debug  ][gc,nmethod     ] GC(0) O: Unregister NMethod: jdk.internal.loader.URLClassPath$JarLoader.ensureOpen (0x00007f77cfad5890) [0x00007f77cfad5a80, 0x00007f77cfad5f20] 
[2,572s][debug  ][gc,nmethod     ] GC(0) O: Unregister NMethod: java.lang.StringCoding.countPositives (0x00007f77ef1dcd10) [0x00007f77ef1dcea0, 0x00007f77ef1dd040] 
[2,572s][debug  ][gc,nmethod     ] GC(0) O: Unregister NMethod: java.util.jar.JarFile.getManifestFromReference (0x00007f77cfb71490) [0x00007f77cfb717e0, 0x00007f77cfb72da8] 
[2,572s][debug  ][gc,nmethod     ] Register NMethod: java.util.Locale.getDefault (0x00007f77cfdfc890) [0x00007f77cfdfca20, 0x00007f77cfdfcb48] Compiler: c1, Barriers: 1, Oops: 0, ImmediateOops: 1, NonImmediateOops: No
[2,572s][debug  ][gc,phases      ] GC(0) O: Concurrent Classes Unlink 5,075ms
[2,572s][debug  ][gc,phases,start] GC(0) O: Concurrent Classes Purge
[2,572s][debug  ][gc,nmethod     ] GC(0) O: Purge NMethod: java.util.jar.JarFile.getManifestFromReference (0x00007f77cfb71490) [0x00007f77cfb717e0, 0x00007f77cfb72da8] 
[2,572s][debug  ][gc,nmethod     ] GC(0) O: Purge NMethod: java.lang.StringCoding.countPositives (0x00007f77ef1dcd10) [0x00007f77ef1dcea0, 0x00007f77ef1dd040] 
[2,572s][debug  ][gc,nmethod     ] GC(0) O: Purge NMethod: jdk.internal.loader.URLClassPath$JarLoader.ensureOpen (0x00007f77cfad5890) [0x00007f77cfad5a80, 0x00007f77cfad5f20] 
[2,572s][debug  ][gc,nmethod     ] GC(0) O: Purge NMethod: java.lang.StringUTF16.getChar (0x00007f77cfbea190) [0x00007f77cfbea320, 0x00007f77cfbea488] 
[2,572s][debug  ][gc,nmethod     ] GC(0) O: Purge NMethod: java.util.ImmutableCollections$SetN.probe (0x00007f77cfa25310) [0x00007f77cfa25500, 0x00007f77cfa25ae8] 
[2,572s][debug  ][gc,nmethod     ] GC(0) O: Purge NMethod: java.lang.AbstractStringBuilder.ensureCapacityInternal (0x00007f77cfa48610) [0x00007f77cfa487e0, 0x00007f77cfa48a68] 
[2,572s][debug  ][gc,nmethod     ] GC(0) O: Purge NMethod: java.util.jar.JarFile.getEntry (0x00007f77cfaa4790) [0x00007f77cfaa4980, 0x00007f77cfaa4e08] 
[2,573s][debug  ][gc,nmethod     ] GC(0) O: Purge NMethod: java.lang.Math.max (0x00007f77cfa34510) [0x00007f77cfa346a0, 0x00007f77cfa347d8] 
[2,573s][debug  ][gc,nmethod     ] GC(0) O: Purge NMethod: java.util.zip.ZipCoder.hash (0x00007f77cfaa0110) [0x00007f77cfaa0320, 0x00007f77cfaa0a90] 
[2,573s][debug  ][gc,nmethod     ] GC(0) O: Purge NMethod: jdk.internal.org.objectweb.asm.ByteVector.putByte (0x00007f77cfa7d710) [0x00007f77cfa7d8c0, 0x00007f77cfa7db00] 
[2,573s][debug  ][gc,nmethod     ] GC(0) O: Purge NMethod: java.lang.Math.min (0x00007f77cfa33090) [0x00007f77cfa33220, 0x00007f77cfa33358] 
[2,573s][debug  ][gc,nmethod     ] GC(0) O: Purge NMethod: java.lang.invoke.MethodType.parameterCount (0x00007f77cfa48b90) [0x00007f77cfa48d20, 0x00007f77cfa48e58] 
[2,573s][debug  ][gc,nmethod     ] GC(0) O: Purge NMethod: java.lang.CharacterDataLatin1.getProperties (0x00007f77cfb0d810) [0x00007f77cfb0d9a0, 0x00007f77cfb0dad8] 
[2,573s][debug  ][gc,nmethod     ] GC(0) O: Purge NMethod: java.util.zip.ZipFile$Source.isMetaName (0x00007f77cfae1e10) [0x00007f77cfae1fe0, 0x00007f77cfae24e0] 
[2,573s][debug  ][gc,nmethod     ] GC(0) O: Purge NMethod: java.lang.String.isEmpty (0x00007f77cfa32790) [0x00007f77cfa32920, 0x00007f77cfa32ab8] 
[2,573s][debug  ][gc,nmethod     ] GC(0) O: Purge NMethod: java.lang.String.toString (0x00007f77cfa96d90) [0x00007f77cfa96f20, 0x00007f77cfa97028] 
[2,573s][debug  ][gc,nmethod     ] GC(0) O: Purge NMethod: java.util.jar.JavaUtilJarAccessImpl.entryFor (0x00007f77cfb45010) [0x00007f77cfb451e0, 0x00007f77cfb455e0] 
[2,573s][debug  ][gc,nmethod     ] GC(0) O: Purge NMethod: java.util.concurrent.ConcurrentHashMap.putIfAbsent (0x00007f77cfa3d290) [0x00007f77cfa3d440, 0x00007f77cfa3d588] 
[2,573s][debug  ][gc,nmethod     ] GC(0) O: Purge NMethod: jdk.internal.loader.Resource.cachedInputStream (0x00007f77cfb3fa10) [0x00007f77cfb3fbe0, 0x00007f77cfb40038] 
[2,573s][debug  ][gc,nmethod     ] GC(0) O: Purge NMethod: java.lang.AbstractStringBuilder.append (0x00007f77cfa64c90) [0x00007f77cfa64ea0, 0x00007f77cfa65440] 
[2,573s][debug  ][gc,nmethod     ] GC(0) O: Purge NMethod: java.io.BufferedReader.read (0x00007f77cfda7b90) [0x00007f77cfda7e60, 0x00007f77cfda8e68] 
[2,573s][debug  ][gc,nmethod     ] GC(0) O: Purge NMethod: java.util.HashMap.put (0x00007f77cfa4fa10) [0x00007f77cfa4fbe0, 0x00007f77cfa4fee0] 
[2,573s][debug  ][gc,nmethod     ] GC(0) O: Purge NMethod: java.lang.String.getBytes (0x00007f77cfa3f610) [0x00007f77cfa3f7e0, 0x00007f77cfa3fb40] 
[2,573s][debug  ][gc,nmethod     ] GC(0) O: Purge NMethod: java.util.concurrent.ConcurrentHashMap.setTabAt (0x00007f77cfa83690) [0x00007f77cfa83840, 0x00007f77cfa83a30] 
[2,573s][debug  ][gc,nmethod     ] GC(0) O: Purge NMethod: java.util.Collections.emptyList (0x00007f77cfba7790) [0x00007f77cfba7920, 0x00007f77cfba7a10] 
[2,573s][debug  ][gc,nmethod     ] GC(0) O: Purge NMethod: java.lang.StringLatin1.equals (0x00007f77cfa25d10) [0x00007f77cfa25ec0, 0x00007f77cfa26160] 
[2,573s][debug  ][gc,nmethod     ] GC(0) O: Purge NMethod: sun.nio.fs.UnixPath.checkNotNul (0x00007f77cfa8bb90) [0x00007f77cfa8bd40, 0x00007f77cfa8bef0] 
[2,573s][debug  ][gc,nmethod     ] GC(0) O: Purge NMethod: java.io.BufferedReader.implRead (0x00007f77cfda7290) [0x00007f77cfda7480, 0x00007f77cfda79b8] 
[2,573s][debug  ][gc,nmethod     ] GC(0) O: Purge NMethod: java.util.concurrent.ConcurrentHashMap.addCount (0x00007f77cfa3be10) [0x00007f77cfa3c060, 0x00007f77cfa3caa0] 
[2,573s][debug  ][gc,nmethod     ] GC(0) O: Purge NMethod: java.util.concurrent.locks.ReentrantLock$Sync.tryRelease (0x00007f77cfa70110) [0x00007f77cfa70300, 0x00007f77cfa70748] 
[2,573s][debug  ][gc,nmethod     ] GC(0) O: Purge NMethod: jdk.internal.loader.Resource.getBytes (0x00007f77cfc48190) [0x00007f77cfc484e0, 0x00007f77cfc49e88] 
[2,573s][debug  ][gc,nmethod     ] GC(0) O: Purge NMethod: java.util.HashMap.putVal (0x00007f77cfa52c10) [0x00007f77cfa52f00, 0x00007f77cfa541e0] 
[2,573s][debug  ][gc,nmethod     ] GC(0) O: Purge NMethod: java.lang.String.hashCode (0x00007f77cfa3d610) [0x00007f77cfa3d7e0, 0x00007f77cfa3dbb0] 
[2,573s][debug  ][gc,nmethod     ] GC(0) O: Purge NMethod: java.util.LinkedHashMap.afterNodeInsertion (0x00007f77cfb10f10) [0x00007f77cfb110c0, 0x00007f77cfb112f0] 
[2,573s][debug  ][gc,nmethod     ] GC(0) O: Purge NMethod: java.util.jar.Manifest$FastInputStream.readLine (0x00007f77cfad9710) [0x00007f77cfad9940, 0x00007f77cfada278] 
[2,573s][debug  ][gc,nmethod     ] GC(0) O: Purge NMethod: java.lang.String.regionMatches (0x00007f77cfaae110) [0x00007f77cfaae360, 0x00007f77cfaaebc0] 
[2,573s][debug  ][gc,nmethod     ] GC(0) O: Purge NMethod: java.lang.StringLatin1.canEncode (0x00007f77cfa33410) [0x00007f77cfa335a0, 0x00007f77cfa336e8] 
[2,573s][debug  ][gc,nmethod     ] GC(0) O: Purge NMethod: java.util.concurrent.ConcurrentHashMap.putVal (0x00007f77cfa38d10) [0x00007f77cfa390c0, 0x00007f77cfa3ade8] 
[2,573s][debug  ][gc,nmethod     ] GC(0) O: Purge NMethod: java.lang.String.length (0x00007f77cfa30610) [0x00007f77cfa307c0, 0x00007f77cfa30990] 
[2,573s][debug  ][gc,nmethod     ] GC(0) O: Purge NMethod: java.util.HashMap.hash (0x00007f77cfa49f90) [0x00007f77cfa4a140, 0x00007f77cfa4a340] 
[2,573s][debug  ][gc,nmethod     ] GC(0) O: Purge NMethod: java.lang.AbstractStringBuilder.<init> (0x00007f77cfa79490) [0x00007f77cfa79640, 0x00007f77cfa798d0] 
[2,573s][debug  ][gc,nmethod     ] GC(0) O: Purge NMethod: jdk.internal.loader.URLClassPath$JarLoader.getResource (0x00007f77cfc43990) [0x00007f77cfc43b80, 0x00007f77cfc43eb0] 
[2,573s][debug  ][gc,nmethod     ] GC(0) O: Purge NMethod: java.lang.ref.Reference.reachabilityFence (0x00007f77cfa91890) [0x00007f77cfa91a20, 0x00007f77cfa91b08] 
[2,573s][debug  ][gc,nmethod     ] GC(0) O: Purge NMethod: java.lang.String.startsWith (0x00007f77cfdb4f90) [0x00007f77cfdb51c0, 0x00007f77cfdb5a10] 
[2,573s][debug  ][gc,nmethod     ] GC(0) O: Purge NMethod: jdk.internal.reflect.ByteVectorImpl.getLength (0x00007f77cfb24c90) [0x00007f77cfb24e20, 0x00007f77cfb24f28] 
[2,573s][debug  ][gc,nmethod     ] GC(0) O: Purge NMethod: java.nio.DirectLongBufferU.ix (0x00007f77cfaa8910) [0x00007f77cfaa8aa0, 0x00007f77cfaa8bb8] 
[2,573s][debug  ][gc,nmethod     ] GC(0) O: Purge NMethod: java.util.zip.ZipUtils.SH (0x00007f77cfa68910) [0x00007f77cfa68aa0, 0x00007f77cfa68be0] 
[2,573s][debug  ][gc,nmethod     ] GC(0) O: Purge NMethod: java.util.Objects.requireNonNull (0x00007f77cfa29910) [0x00007f77cfa29ac0, 0x00007f77cfa29cb0] 
[2,573s][debug  ][gc,nmethod     ] GC(0) O: Purge NMethod: java.lang.StringCoding.countPositives (0x00007f77cfae9c10) [0x00007f77cfae9dc0, 0x00007f77cfae9ff0] 
[2,573s][debug  ][gc,nmethod     ] GC(0) O: Purge NMethod: java.lang.String.isLatin1 (0x00007f77cfa30a90) [0x00007f77cfa30c20, 0x00007f77cfa30d98] 
[2,573s][debug  ][gc,nmethod     ] GC(0) O: Purge NMethod: java.util.HashMap.putVal (0x00007f77cfa4d090) [0x00007f77cfa4d360, 0x00007f77cfa4e4d8] 
[2,573s][debug  ][gc,nmethod     ] GC(0) O: Purge NMethod: java.lang.StringLatin1.indexOf (0x00007f77cfa34890) [0x00007f77cfa34a80, 0x00007f77cfa34fb8] 
[2,573s][debug  ][gc,nmethod     ] GC(0) O: Purge NMethod: java.util.concurrent.locks.AbstractQueuedSynchronizer.signalNext (0x00007f77cfda9310) [0x00007f77cfda9500, 0x00007f77cfda9a08] 
[2,573s][debug  ][gc,nmethod     ] GC(0) O: Purge NMethod: java.lang.StringBuilder.toString (0x00007f77cfa79990) [0x00007f77cfa79b40, 0x00007f77cfa79d48] 
[2,573s][debug  ][gc,nmethod     ] GC(0) O: Purge NMethod: java.net.URLClassLoader.defineClass (0x00007f77cfbfd490) [0x00007f77cfbfd9e0, 0x00007f77cfbffe18] 
[2,573s][debug  ][gc,nmethod     ] GC(0) O: Purge NMethod: java.util.stream.AbstractPipeline.isParallel (0x00007f77cfc80610) [0x00007f77cfc807a0, 0x00007f77cfc808e0] 
[2,573s][debug  ][gc,nmethod     ] GC(0) O: Purge NMethod: java.util.HashMap.resize (0x00007f77ef1d6610) [0x00007f77ef1d6840, 0x00007f77ef1d7698] 
[2,573s][debug  ][gc,nmethod     ] GC(0) O: Purge NMethod: java.lang.AbstractStringBuilder.append (0x00007f77cfa6c890) [0x00007f77cfa6ca80, 0x00007f77cfa6d000] 
[2,573s][debug  ][gc,nmethod     ] GC(0) O: Purge NMethod: jdk.internal.misc.Unsafe.putReferenceRelease (0x00007f77cfa83310) [0x00007f77cfa834a0, 0x00007f77cfa83620] 
[2,573s][debug  ][gc,nmethod     ] GC(0) O: Purge NMethod: java.util.concurrent.ConcurrentHashMap.get (0x00007f77cfa44490) [0x00007f77cfa44700, 0x00007f77cfa45308] 
[2,573s][debug  ][gc,nmethod     ] GC(0) O: Purge NMethod: jdk.internal.org.objectweb.asm.SymbolTable.get (0x00007f77cfa41d10) [0x00007f77cfa41ec0, 0x00007f77cfa42070] 
[2,573s][debug  ][gc,nmethod     ] GC(0) O: Purge NMethod: java.lang.StringConcatHelper.prepend (0x00007f77cfa9b810) [0x00007f77cfa9b9e0, 0x00007f77cfa9bce0] 
[2,573s][debug  ][gc,nmethod     ] GC(0) O: Purge NMethod: java.lang.invoke.MethodType.hashCode (0x00007f77cfa40810) [0x00007f77cfa409e0, 0x00007f77cfa40de0] 
[2,573s][debug  ][gc,nmethod     ] GC(0) O: Purge NMethod: java.util.HashMap.putVal (0x00007f77ef1d5390) [0x00007f77ef1d5600, 0x00007f77ef1d5fc8] 
[2,573s][debug  ][gc,nmethod     ] GC(0) O: Purge NMethod: jdk.internal.org.objectweb.asm.ByteVector.putShort (0x00007f77cfa45610) [0x00007f77cfa457c0, 0x00007f77cfa45a28] 
[2,573s][debug  ][gc,nmethod     ] GC(0) O: Purge NMethod: java.util.concurrent.locks.ReentrantLock$NonfairSync.initialTryLock (0x00007f77cfb8ba10) [0x00007f77cfb8bc00, 0x00007f77cfb8c088] 
[2,573s][debug  ][gc,nmethod     ] GC(0) O: Purge NMethod: java.util.HashMap.getNode (0x00007f77ef217210) [0x00007f77ef2173e0, 0x00007f77ef217868] 
[2,574s][debug  ][gc,nmethod     ] GC(0) O: Purge NMethod: java.lang.StringConcatHelper.newString (0x00007f77cfabc290) [0x00007f77cfabc520, 0x00007f77cfabcf20] 
[2,574s][debug  ][gc,nmethod     ] GC(0) O: Purge NMethod: java.util.zip.ZipFile.getZipEntry (0x00007f77cfb68190) [0x00007f77cfb68720, 0x00007f77cfb6b850] 
[2,574s][debug  ][gc,nmethod     ] GC(0) O: Purge NMethod: java.lang.String.<init> (0x00007f77cfbf0110) [0x00007f77cfbf0520, 0x00007f77cfbf2048] 
[2,574s][debug  ][gc,nmethod     ] GC(0) O: Purge NMethod: java.io.BufferedInputStream.getBufIfOpen (0x00007f77cfa6f990) [0x00007f77cfa6fb60, 0x00007f77cfa6ffc0] 
[2,574s][debug  ][gc,nmethod     ] GC(0) O: Purge NMethod: java.lang.String.charAt (0x00007f77cfa31410) [0x00007f77cfa315e0, 0x00007f77cfa319e0] 
[2,574s][debug  ][gc,nmethod     ] GC(0) O: Purge NMethod: java.util.HashMap.get (0x00007f77ef209b10) [0x00007f77ef209d00, 0x00007f77ef20a1f8] 
[2,574s][debug  ][gc,nmethod     ] GC(0) O: Purge NMethod: jdk.internal.loader.URLClassPath$JarLoader.checkResource (0x00007f77cfc0a810) [0x00007f77cfc0aa60, 0x00007f77cfc0b418] 
[2,574s][debug  ][gc,nmethod     ] GC(0) O: Purge NMethod: java.util.concurrent.locks.ReentrantLock$Sync.tryRelease (0x00007f77cfb8c190) [0x00007f77cfb8c380, 0x00007f77cfb8c7c8] 
[2,574s][debug  ][gc,nmethod     ] GC(0) O: Purge NMethod: java.util.zip.ZipFile$Source.zipCoderForPos (0x00007f77cfa85790) [0x00007f77cfa85980, 0x00007f77cfa85e18] 
[2,574s][debug  ][gc,nmethod     ] GC(0) O: Purge NMethod: java.lang.StringLatin1.lastIndexOf (0x00007f77cfa37990) [0x00007f77cfa37b60, 0x00007f77cfa37f58] 
[2,574s][debug  ][gc,nmethod     ] GC(0) O: Purge NMethod: java.util.concurrent.locks.ReentrantLock$NonfairSync.initialTryLock (0x00007f77ef1d9590) [0x00007f77ef1d9720, 0x00007f77ef1d98c8] 
[2,574s][debug  ][gc,nmethod     ] GC(0) O: Purge NMethod: java.util.concurrent.locks.AbstractQueuedSynchronizer.compareAndSetState (0x00007f77ef1d8f90) [0x00007f77ef1d9100, 0x00007f77ef1d9188] 
[2,574s][debug  ][gc,nmethod     ] GC(0) O: Purge NMethod: java.lang.String.hashCode (0x00007f77ef1c4d10) [0x00007f77ef1c4ee0, 0x00007f77ef1c5228] 
[2,574s][debug  ][gc,nmethod     ] GC(0) O: Purge NMethod: jdk.internal.misc.Unsafe.allocateUninitializedArray0 (0x00007f77cfa7e410) [0x00007f77cfa7e620, 0x00007f77cfa7eef0] 
[2,574s][debug  ][gc,nmethod     ] GC(0) O: Purge NMethod: java.util.zip.ZipUtils.LG (0x00007f77cfa84490) [0x00007f77cfa84640, 0x00007f77cfa848a8] 
[2,574s][debug  ][gc,nmethod     ] GC(0) O: Purge NMethod: java.util.ArrayList$Itr.<init> (0x00007f77cfbe7f90) [0x00007f77cfbe8140, 0x00007f77cfbe8330] 
[2,574s][debug  ][gc,nmethod     ] GC(0) O: Purge NMethod: java.lang.CharacterDataLatin1.equalsIgnoreCase (0x00007f77cfaaca10) [0x00007f77cfaacbc0, 0x00007f77cfaacec8] 
[2,574s][debug  ][gc,nmethod     ] GC(0) O: Purge NMethod: jdk.internal.org.objectweb.asm.ByteVector.putUTF8 (0x00007f77cfa43390) [0x00007f77cfa43600, 0x00007f77cfa44068] 
[2,574s][debug  ][gc,nmethod     ] GC(0) O: Purge NMethod: java.util.regex.Matcher.search (0x00007f77cfba4090) [0x00007f77cfba4280, 0x00007f77cfba4918] 
[2,574s][debug  ][gc,nmethod     ] GC(0) O: Purge NMethod: java.lang.String.indexOf (0x00007f77cfa36610) [0x00007f77cfa36800, 0x00007f77cfa36d18] 
[2,574s][debug  ][gc,nmethod     ] GC(0) O: Purge NMethod: java.lang.String.isLatin1 (0x00007f77ef1c5690) [0x00007f77ef1c5800, 0x00007f77ef1c58a0] 
[2,574s][debug  ][gc,nmethod     ] GC(0) O: Purge NMethod: jdk.internal.util.ArraysSupport.vectorizedHashCode (0x00007f77cfa26290) [0x00007f77cfa265a0, 0x00007f77cfa274e8] 
[2,574s][debug  ][gc,nmethod     ] GC(0) O: Purge NMethod: java.lang.StringBuilder.append (0x00007f77cfa63d90) [0x00007f77cfa63f40, 0x00007f77cfa64088] 
[2,574s][debug  ][gc,nmethod     ] GC(0) O: Purge NMethod: java.util.concurrent.ConcurrentHashMap.tabAt (0x00007f77cfa38090) [0x00007f77cfa38240, 0x00007f77cfa384e8] 
[2,574s][debug  ][gc,nmethod     ] GC(0) O: Purge NMethod: sun.net.www.ParseUtil.firstEncodeIndex (0x00007f77ef21e810) [0x00007f77ef21e9a0, 0x00007f77ef21ebf8] 
[2,574s][debug  ][gc,nmethod     ] GC(0) O: Purge NMethod: java.util.ArrayList$Itr.next (0x00007f77cfb60310) [0x00007f77cfb60500, 0x00007f77cfb60968] 
[2,574s][debug  ][gc,nmethod     ] GC(0) O: Purge NMethod: java.util.LinkedHashMap.get (0x00007f77cfab3d90) [0x00007f77cfab3f60, 0x00007f77cfab41e0] 
[2,574s][debug  ][gc,nmethod     ] GC(0) O: Purge NMethod: sun.reflect.generics.parser.SignatureParser.current (0x00007f77cfc13a10) [0x00007f77cfc13c20, 0x00007f77cfc14378] 
[2,574s][debug  ][gc,nmethod     ] GC(0) O: Purge NMethod: java.util.ImmutableCollections$SetN$SetNIterator.hasNext (0x00007f77cfa2ab90) [0x00007f77cfa2ad20, 0x00007f77cfa2ae88] 
[2,574s][debug  ][gc,nmethod     ] GC(0) O: Purge NMethod: jdk.internal.reflect.ClassFileAssembler.emitByte (0x00007f77cfb04710) [0x00007f77cfb048c0, 0x00007f77cfb04a78] 
[2,574s][debug  ][gc,nmethod     ] GC(0) O: Purge NMethod: java.lang.StringLatin1.newString (0x00007f77cfa5ef10) [0x00007f77cfa5f1e0, 0x00007f77cfa5ffa0] 
[2,574s][debug  ][gc,nmethod     ] GC(0) O: Purge NMethod: java.util.zip.ZipFile$Source.nextEntryPos (0x00007f77cfa88090) [0x00007f77cfa88260, 0x00007f77cfa885b0] 
[2,574s][debug  ][gc,nmethod     ] GC(0) O: Purge NMethod: java.lang.String.hashCode (0x00007f77ef1d1010) [0x00007f77ef1d11a0, 0x00007f77ef1d12d0] 
[2,574s][debug  ][gc,nmethod     ] GC(0) O: Purge NMethod: java.lang.StringBuilder.length (0x00007f77cfa77c10) [0x00007f77cfa77da0, 0x00007f77cfa77ec0] 
[2,574s][debug  ][gc,nmethod     ] GC(0) O: Purge NMethod: java.lang.ref.NativeReferenceQueue.poll (0x00007f77cfa41610) [0x00007f77cfa417e0, 0x00007f77cfa41ba0] 
[2,574s][debug  ][gc,nmethod     ] GC(0) O: Purge NMethod: java.lang.String.substring (0x00007f77cfa5c710) [0x00007f77cfa5c920, 0x00007f77cfa5cf80] 
[2,574s][debug  ][gc,nmethod     ] GC(0) O: Purge NMethod: java.lang.CharacterDataLatin1.toUpperCaseEx (0x00007f77cfb0db90) [0x00007f77cfb0dd40, 0x00007f77cfb0e000] 
[2,574s][debug  ][gc,nmethod     ] GC(0) O: Purge NMethod: java.util.jar.JarFile.isMultiRelease (0x00007f77cfa9e210) [0x00007f77cfa9e3c0, 0x00007f77cfa9e5d0] 
[2,574s][debug  ][gc,nmethod     ] GC(0) O: Purge NMethod: java.util.LinkedHashMap.newNode (0x00007f77cfb10410) [0x00007f77cfb105c0, 0x00007f77cfb107b0] 
[2,574s][debug  ][gc,nmethod     ] GC(0) O: Purge NMethod: java.lang.Class.getClassLoader (0x00007f77cfa42190) [0x00007f77cfa42400, 0x00007f77cfa43030] 
[2,574s][debug  ][gc,nmethod     ] GC(0) O: Purge NMethod: jdk.internal.misc.InternalLock.lock (0x00007f77ef202610) [0x00007f77ef2027c0, 0x00007f77ef202aa8] 
[2,574s][debug  ][gc,nmethod     ] GC(0) O: Purge NMethod: java.util.concurrent.ConcurrentHashMap.casTabAt (0x00007f77cfa62410) [0x00007f77cfa625a0, 0x00007f77cfa62720] 
[2,574s][debug  ][gc,nmethod     ] GC(0) O: Purge NMethod: java.util.regex.Pattern$BmpCharPropertyGreedy.match (0x00007f77cfba3490) [0x00007f77cfba36a0, 0x00007f77cfba3e00] 
[2,574s][debug  ][gc,nmethod     ] GC(0) O: Purge NMethod: java.io.BufferedInputStream.getBufIfOpen (0x00007f77ef1e6f10) [0x00007f77ef1e70a0, 0x00007f77ef1e71c0] 
[2,574s][debug  ][gc,nmethod     ] GC(0) O: Purge NMethod: java.util.ImmutableCollections$SetN$SetNIterator.next (0x00007f77cfa38610) [0x00007f77cfa387e0, 0x00007f77cfa38b98] 
[2,574s][debug  ][gc,nmethod     ] GC(0) O: Purge NMethod: jdk.internal.loader.URLClassPath$JarLoader.ensureOpen (0x00007f77cfa9da10) [0x00007f77cfa9dc00, 0x00007f77cfa9e0a0] 
[2,574s][debug  ][gc,nmethod     ] GC(0) O: Purge NMethod: java.util.Optional.empty (0x00007f77cfc3f790) [0x00007f77cfc3f920, 0x00007f77cfc3fa10] 
[2,574s][debug  ][gc,nmethod     ] GC(0) O: Purge NMethod: java.util.concurrent.locks.ReentrantLock$Sync.tryRelease (0x00007f77ef1e7590) [0x00007f77ef1e7740, 0x00007f77ef1e7998] 
[2,574s][debug  ][gc,nmethod     ] GC(0) O: Purge NMethod: java.lang.StringLatin1.hashCode (0x00007f77cfa24e10) [0x00007f77cfa24fc0, 0x00007f77cfa251f0] 
[2,574s][debug  ][gc,nmethod     ] GC(0) O: Purge NMethod: java.util.zip.ZipFile$Source.isMetaName (0x00007f77cfae3390) [0x00007f77cfae3560, 0x00007f77cfae3a60] 
[2,574s][debug  ][gc,nmethod     ] GC(0) O: Purge NMethod: java.util.zip.ZipFile.getEntry (0x00007f77cfa9e690) [0x00007f77cfa9e880, 0x00007f77cfa9ed78] 
[2,574s][debug  ][gc,nmethod     ] GC(0) O: Purge NMethod: java.util.zip.ZipUtils.CENEXT (0x00007f77cfa84010) [0x00007f77cfa841c0, 0x00007f77cfa84360] 
[2,574s][debug  ][gc,nmethod     ] GC(0) O: Purge NMethod: java.lang.String.startsWith (0x00007f77ef215590) [0x00007f77ef215740, 0x00007f77ef215af8] 
[2,574s][debug  ][gc,nmethod     ] GC(0) O: Purge NMethod: java.net.URLClassLoader$1.run (0x00007f77cfbf9690) [0x00007f77cfbf9a60, 0x00007f77cfbfb120] 
[2,574s][debug  ][gc,nmethod     ] GC(0) O: Purge NMethod: java.io.StreamTokenizer.read (0x00007f77cfda6b10) [0x00007f77cfda6d00, 0x00007f77cfda7158] 
[2,574s][debug  ][gc,nmethod     ] GC(0) O: Purge NMethod: java.lang.invoke.MethodType.parameterType (0x00007f77cfa48f10) [0x00007f77cfa490a0, 0x00007f77cfa49230] 
[2,574s][debug  ][gc,nmethod     ] GC(0) O: Purge NMethod: java.lang.String.equals (0x00007f77cfa27c90) [0x00007f77cfa27e60, 0x00007f77cfa28310] 
[2,574s][debug  ][gc,nmethod     ] GC(0) O: Purge NMethod: java.util.concurrent.locks.ReentrantLock$NonfairSync.initialTryLock (0x00007f77cfa6dc90) [0x00007f77cfa6de80, 0x00007f77cfa6e308] 
[2,574s][debug  ][gc,nmethod     ] GC(0) O: Purge NMethod: java.lang.String.<init> (0x00007f77cfaecd10) [0x00007f77cfaed640, 0x00007f77cfaf2960] 
[2,574s][debug  ][gc,nmethod     ] GC(0) O: Purge NMethod: java.util.HashMap.get (0x00007f77cfa55f90) [0x00007f77cfa56140, 0x00007f77cfa56338] 
[2,574s][debug  ][gc,nmethod     ] GC(0) O: Purge NMethod: sun.net.www.ParseUtil.firstEncodeIndex (0x00007f77cfdbc910) [0x00007f77cfdbcb60, 0x00007f77cfdbd5c8] 
[2,574s][debug  ][gc,nmethod     ] GC(0) O: Purge NMethod: jdk.internal.misc.Blocker.begin (0x00007f77cfa76690) [0x00007f77cfa768c0, 0x00007f77cfa77180] 
[2,574s][debug  ][gc,nmethod     ] GC(0) O: Purge NMethod: java.io.BufferedInputStream.read (0x00007f77cfa72010) [0x00007f77cfa722e0, 0x00007f77cfa73178] 
[2,574s][debug  ][gc,nmethod     ] GC(0) O: Purge NMethod: java.util.ArrayList.get (0x00007f77cfa97810) [0x00007f77cfa979c0, 0x00007f77cfa97c70] 
[2,574s][debug  ][gc,nmethod     ] GC(0) O: Purge NMethod: java.lang.Object.<init> (0x00007f77cfa24010) [0x00007f77cfa241a0, 0x00007f77cfa242a8] 
[2,574s][debug  ][gc,nmethod     ] GC(0) O: Purge NMethod: java.util.jar.JarFile.getManifest (0x00007f77cfb71110) [0x00007f77cfb712c0, 0x00007f77cfb71400] 
[2,574s][debug  ][gc,nmethod     ] GC(0) O: Purge NMethod: java.nio.DirectByteBuffer.get (0x00007f77cfaa2690) [0x00007f77cfaa28e0, 0x00007f77cfaa31f0] 
[2,574s][debug  ][gc,nmethod     ] GC(0) O: Purge NMethod: java.util.jar.JarFile$JarFileEntry.getCodeSigners (0x00007f77cfc2e190) [0x00007f77cfc2e3e0, 0x00007f77cfc2ed50] 
[2,574s][debug  ][gc,nmethod     ] GC(0) O: Purge NMethod: worker.org.gradle.internal.stream.EncodedStream$EncodedInput.hexToByte (0x00007f77cfa74610) [0x00007f77cfa74840, 0x00007f77cfa74ea0] 
[2,574s][debug  ][gc,nmethod     ] GC(0) O: Purge NMethod: java.lang.Integer.rotateLeft (0x00007f77cfb19e10) [0x00007f77cfb19fa0, 0x00007f77cfb1a098] 
[2,574s][debug  ][gc,nmethod     ] GC(0) O: Purge NMethod: jdk.internal.jimage.ImageStringsReader.unmaskedHashCode (0x00007f77cfacef10) [0x00007f77cfacf160, 0x00007f77cfacfd28] 
[2,574s][debug  ][gc,nmethod     ] GC(0) O: Purge NMethod: java.lang.module.ModuleDescriptor$Exports.isQualified (0x00007f77cfa4c810) [0x00007f77cfa4c9c0, 0x00007f77cfa4cc10] 
[2,574s][debug  ][gc,nmethod     ] GC(0) O: Purge NMethod: java.lang.CharacterDataLatin1.isWhitespace (0x00007f77cfcb4a90) [0x00007f77cfcb4c40, 0x00007f77cfcb4e50] 
[2,574s][debug  ][gc,nmethod     ] GC(0) O: Purge NMethod: jdk.internal.org.objectweb.asm.ByteVector.put12 (0x00007f77cfa96810) [0x00007f77cfa969c0, 0x00007f77cfa96c50] 
[2,574s][debug  ][gc,nmethod     ] GC(0) O: Purge NMethod: java.lang.String.hashCode (0x00007f77cfa24310) [0x00007f77cfa244e0, 0x00007f77cfa248b0] 
[2,574s][debug  ][gc,nmethod     ] GC(0) O: Purge NMethod: jdk.internal.loader.Resource.getBytes (0x00007f77cfc27f10) [0x00007f77cfc28260, 0x00007f77cfc29ba8] 
[2,574s][debug  ][gc,nmethod     ] GC(0) O: Purge NMethod: java.util.HashMap.afterNodeInsertion (0x00007f77cfa52910) [0x00007f77cfa52aa0, 0x00007f77cfa52ba8] 
[2,574s][debug  ][gc,nmethod     ] GC(0) O: Purge NMethod: java.util.concurrent.locks.AbstractQueuedSynchronizer.compareAndSetState (0x00007f77cfa6f610) [0x00007f77cfa6f7a0, 0x00007f77cfa6f8c0] 
[2,574s][debug  ][gc,nmethod     ] GC(0) O: Purge NMethod: java.lang.StringLatin1.replace (0x00007f77cfa67290) [0x00007f77cfa67540, 0x00007f77cfa68408] 
[2,574s][debug  ][gc,nmethod     ] GC(0) O: Purge NMethod: jdk.internal.misc.InternalLock.unlock (0x00007f77cfa73e90) [0x00007f77cfa74060, 0x00007f77cfa744a0] 
[2,574s][debug  ][gc,nmethod     ] GC(0) O: Purge NMethod: java.lang.StringUTF16.compress (0x00007f77cfa8d510) [0x00007f77cfa8d6c0, 0x00007f77cfa8d908] 
[2,574s][debug  ][gc,nmethod     ] GC(0) O: Purge NMethod: java.lang.String.startsWith (0x00007f77cfa33790) [0x00007f77cfa339e0, 0x00007f77cfa34290] 
[2,574s][debug  ][gc,nmethod     ] GC(0) O: Purge NMethod: java.nio.DirectByteBuffer.ix (0x00007f77cfaa1690) [0x00007f77cfaa1820, 0x00007f77cfaa1930] 
[2,574s][debug  ][gc,nmethod     ] GC(0) O: Purge NMethod: jdk.internal.util.ArraysSupport.signedHashCode (0x00007f77cfa24990) [0x00007f77cfa24b40, 0x00007f77cfa24d10] 
[2,574s][debug  ][gc,nmethod     ] GC(0) O: Purge NMethod: java.lang.StringCoding.countPositives (0x00007f77cfa83b10) [0x00007f77cfa83cc0, 0x00007f77cfa83ef0] 
[2,575s][debug  ][gc,nmethod     ] GC(0) O: Purge NMethod: java.lang.String.startsWith (0x00007f77cfa35a90) [0x00007f77cfa35c40, 0x00007f77cfa35d80] 
[2,575s][debug  ][gc,nmethod     ] GC(0) O: Purge NMethod: java.io.BufferedInputStream.read (0x00007f77ef1e8210) [0x00007f77ef1e8440, 0x00007f77ef1e8cb0] 
[2,575s][debug  ][gc,nmethod     ] GC(0) O: Purge NMethod: jdk.internal.misc.InternalLock.lock (0x00007f77cfa71290) [0x00007f77cfa71480, 0x00007f77cfa718b0] 
[2,575s][debug  ][gc,nmethod     ] GC(0) O: Purge NMethod: sun.net.www.ParseUtil.firstEncodeIndex (0x00007f77cfa77f90) [0x00007f77cfa781e0, 0x00007f77cfa78c48] 
[2,575s][debug  ][gc,nmethod     ] GC(0) O: Purge NMethod: java.util.HashMap.getNode (0x00007f77cfa50010) [0x00007f77cfa50260, 0x00007f77cfa50ee8] 
[2,575s][debug  ][gc,nmethod     ] GC(0) O: Purge NMethod: java.lang.ref.ReferenceQueue.poll (0x00007f77cfaa7690) [0x00007f77cfaa7940, 0x00007f77cfaa85c0] 
[2,575s][debug  ][gc,nmethod     ] GC(0) O: Purge NMethod: java.util.jar.JarFile.maybeInstantiateVerifier (0x00007f77cfab4310) [0x00007f77cfab4500, 0x00007f77cfab48a8] 
[2,575s][debug  ][gc,nmethod     ] GC(0) O: Purge NMethod: jdk.internal.org.objectweb.asm.SymbolTable.addConstantUtf8 (0x00007f77cfa49310) [0x00007f77cfa49560, 0x00007f77cfa49c68] 
[2,575s][debug  ][gc,nmethod     ] GC(0) O: Purge NMethod: java.lang.StringBuilder.append (0x00007f77cfa6c510) [0x00007f77cfa6c6c0, 0x00007f77cfa6c808] 
[2,575s][debug  ][gc,nmethod     ] GC(0) O: Purge NMethod: java.util.concurrent.locks.ReentrantLock.lock (0x00007f77cfa6d190) [0x00007f77cfa6d360, 0x00007f77cfa6d680] 
[2,575s][debug  ][gc,nmethod     ] GC(0) O: Purge NMethod: jdk.internal.org.objectweb.asm.SymbolTable$Entry.<init> (0x00007f77cfa7dc10) [0x00007f77cfa7ddc0, 0x00007f77cfa7df40] 
[2,575s][debug  ][gc,nmethod     ] GC(0) O: Purge NMethod: java.util.jar.JarFile.ensureInitialization (0x00007f77cfc31910) [0x00007f77cfc31b60, 0x00007f77cfc323b0] 
[2,575s][debug  ][gc,nmethod     ] GC(0) O: Purge NMethod: java.util.stream.ReduceOps$ReduceOp.evaluateSequential (0x00007f77cfd19610) [0x00007f77cfd197e0, 0x00007f77cfd19c58] 
[2,575s][debug  ][gc,nmethod     ] GC(0) O: Purge NMethod: java.util.zip.ZipFile$Source.isMetaName (0x00007f77ef1e0f10) [0x00007f77ef1e10c0, 0x00007f77ef1e1320] 
[2,575s][debug  ][gc,nmethod     ] GC(0) O: Purge NMethod: java.lang.Object.equals (0x00007f77cfa59f10) [0x00007f77cfa5a0a0, 0x00007f77cfa5a200] 
[2,575s][debug  ][gc,nmethod     ] GC(0) O: Purge NMethod: jdk.internal.util.ArraysSupport.mismatch (0x00007f77cfa35e10) [0x00007f77cfa35fe0, 0x00007f77cfa36420] 
[2,575s][debug  ][gc,nmethod     ] GC(0) O: Purge NMethod: java.util.concurrent.ConcurrentHashMap.putVal (0x00007f77ef20cd90) [0x00007f77ef20d020, 0x00007f77ef20e0c8] 
[2,575s][debug  ][gc,nmethod     ] GC(0) O: Purge NMethod: java.util.WeakHashMap.getTable (0x00007f77cfaaa610) [0x00007f77cfaaa7c0, 0x00007f77cfaaa938] 
[2,575s][debug  ][gc,nmethod     ] GC(0) O: Purge NMethod: java.util.zip.ZipFile$Source.isMetaName (0x00007f77cfa87810) [0x00007f77cfa879e0, 0x00007f77cfa87ee0] 
[2,575s][debug  ][gc,nmethod     ] GC(0) O: Purge NMethod: java.lang.StringLatin1.indexOf (0x00007f77cfa35190) [0x00007f77cfa35360, 0x00007f77cfa35860] 
[2,575s][debug  ][gc,nmethod     ] GC(0) O: Purge NMethod: jdk.internal.misc.InternalLock.unlock (0x00007f77ef202c10) [0x00007f77ef202dc0, 0x00007f77ef2030f0] 
[2,575s][debug  ][gc,nmethod     ] GC(0) O: Purge NMethod: java.util.HashMap.put (0x00007f77ef20f190) [0x00007f77ef20f420, 0x00007f77ef2100f0] 
[2,575s][debug  ][gc,nmethod     ] GC(0) O: Purge NMethod: java.lang.String.indexOf (0x00007f77cfadaa90) [0x00007f77cfadacc0, 0x00007f77cfadb2d0] 
[2,575s][debug  ][gc,nmethod     ] GC(0) O: Purge NMethod: java.util.zip.ZipFile.ensureOpen (0x00007f77cfa99290) [0x00007f77cfa99460, 0x00007f77cfa99750] 
[2,575s][debug  ][gc,nmethod     ] GC(0) O: Purge NMethod: java.util.jar.JarFile.checkForSpecialAttributes (0x00007f77cfa9be90) [0x00007f77cfa9c1a0, 0x00007f77cfa9d288] 
[2,575s][debug  ][gc,nmethod     ] GC(0) O: Purge NMethod: java.lang.ClassLoader.checkName (0x00007f77cfa99890) [0x00007f77cfa99ac0, 0x00007f77cfa9a398] 
[2,575s][debug  ][gc,nmethod     ] GC(0) O: Purge NMethod: jdk.internal.util.ArraysSupport.vectorizedHashCode (0x00007f77ef1dd710) [0x00007f77ef1dd8a0, 0x00007f77ef1ddae0] 
[2,575s][debug  ][gc,nmethod     ] GC(0) O: Purge NMethod: jdk.internal.misc.Unsafe.allocateUninitializedArray (0x00007f77cfa82490) [0x00007f77cfa82680, 0x00007f77cfa82ae0] 
[2,575s][debug  ][gc,nmethod     ] GC(0) O: Purge NMethod: java.lang.CharacterData.of (0x00007f77cfb51690) [0x00007f77cfb518c0, 0x00007f77cfb52230] 
[2,575s][debug  ][gc,nmethod     ] GC(0) O: Purge NMethod: java.util.jar.JarFile.getJarEntry (0x00007f77cfaa3690) [0x00007f77cfaa3880, 0x00007f77cfaa3d30] 
[2,575s][debug  ][gc,nmethod     ] GC(0) O: Purge NMethod: java.lang.String.<init> (0x00007f77cfa7af90) [0x00007f77cfa7b380, 0x00007f77cfa7ce40] 
[2,575s][debug  ][gc,nmethod     ] GC(0) O: Purge NMethod: java.util.HashMap.resize (0x00007f77cfa5d210) [0x00007f77cfa5d500, 0x00007f77cfa5ead0] 
[2,575s][debug  ][gc,nmethod     ] GC(0) O: Purge NMethod: jdk.internal.org.objectweb.asm.Symbol.<init> (0x00007f77cfa47210) [0x00007f77cfa473c0, 0x00007f77cfa47698] 
[2,575s][debug  ][gc,nmethod     ] GC(0) O: Purge NMethod: jdk.internal.loader.Resource.getByteBuffer (0x00007f77cfc58d10) [0x00007f77cfc58f20, 0x00007f77cfc59750] 
[2,575s][debug  ][gc,nmethod     ] GC(0) O: Purge NMethod: java.util.zip.ZipFile$Source.checkAndAddEntry (0x00007f77cfa88c10) [0x00007f77cfa89000, 0x00007f77cfa8a950] 
[2,575s][debug  ][gc,nmethod     ] GC(0) O: Purge NMethod: java.lang.StringLatin1.indexOfChar (0x00007f77cfa32b90) [0x00007f77cfa32d40, 0x00007f77cfa32f68] 
[2,575s][debug  ][gc,nmethod     ] GC(0) O: Purge NMethod: sun.reflect.generics.parser.SignatureParser.advance (0x00007f77cfc13490) [0x00007f77cfc13640, 0x00007f77cfc138f8] 
[2,575s][debug  ][gc,nmethod     ] GC(0) O: Purge NMethod: jdk.internal.org.objectweb.asm.SymbolTable.put (0x00007f77cfa47790) [0x00007f77cfa479a0, 0x00007f77cfa48360] 
[2,575s][debug  ][gc,nmethod     ] GC(0) O: Purge NMethod: java.util.zip.ZipFile$Source.isMetaName (0x00007f77ef1ec810) [0x00007f77ef1ec9c0, 0x00007f77ef1ecc08] 
[2,575s][debug  ][gc,nmethod     ] GC(0) O: Purge NMethod: java.util.regex.Pattern$BmpCharPropertyGreedy.match (0x00007f77ef204b10) [0x00007f77ef204ce0, 0x00007f77ef2050c0] 
[2,575s][debug  ][gc,nmethod     ] GC(0) O: Purge NMethod: java.util.HashMap.newNode (0x00007f77cfa4e990) [0x00007f77cfa4eb40, 0x00007f77cfa4eec0] 
[2,575s][debug  ][gc,nmethod     ] GC(0) O: Purge NMethod: java.util.HashMap.getNode (0x00007f77ef1ed510) [0x00007f77ef1ed6e0, 0x00007f77ef1edb98] 
[2,575s][debug  ][gc,nmethod     ] GC(0) O: Purge NMethod: java.util.ArrayList.add (0x00007f77cfa93a90) [0x00007f77cfa93c60, 0x00007f77cfa940b0] 
[2,575s][debug  ][gc,nmethod     ] GC(0) O: Purge NMethod: java.nio.Buffer.session (0x00007f77cfaa0d90) [0x00007f77cfaa0f60, 0x00007f77cfaa1250] 
[2,575s][debug  ][gc,nmethod     ] GC(0) O: Purge NMethod: jdk.internal.reflect.ByteVectorImpl.add (0x00007f77cfb04b90) [0x00007f77cfb04d40, 0x00007f77cfb04f78] 
[2,575s][debug  ][gc,nmethod     ] GC(0) O: Purge NMethod: java.io.BufferedInputStream.implRead (0x00007f77cfa71a10) [0x00007f77cfa71be0, 0x00007f77cfa71eb0] 
[2,575s][debug  ][gc,nmethod     ] GC(0) O: Purge NMethod: jdk.internal.misc.Blocker.end (0x00007f77cfa77390) [0x00007f77cfa77580, 0x00007f77cfa77a40] 
[2,575s][debug  ][gc,nmethod     ] GC(0) O: Purge NMethod: java.util.concurrent.locks.AbstractQueuedSynchronizer.signalNext (0x00007f77cfa6e410) [0x00007f77cfa6e600, 0x00007f77cfa6eb08] 
[2,575s][debug  ][gc,nmethod     ] GC(0) O: Purge NMethod: sun.security.util.KnownOIDs.register (0x00007f77cfb12f10) [0x00007f77cfb13880, 0x00007f77cfb18378] 
[2,575s][debug  ][gc,nmethod     ] GC(0) O: Purge NMethod: jdk.internal.loader.Resource.cachedInputStream (0x00007f77cfc47190) [0x00007f77cfc47360, 0x00007f77cfc47808] 
[2,575s][debug  ][gc,nmethod     ] GC(0) O: Purge NMethod: java.util.regex.Matcher.search (0x00007f77ef208990) [0x00007f77ef208bc0, 0x00007f77ef2095c0] 
[2,575s][debug  ][gc,nmethod     ] GC(0) O: Purge NMethod: jdk.internal.loader.URLClassPath$JarLoader.getResource (0x00007f77cfaa3e90) [0x00007f77cfaa40a0, 0x00007f77cfaa4598] 
[2,575s][debug  ][gc,nmethod     ] GC(0) O: Purge NMethod: jdk.internal.loader.URLClassPath.getLoader (0x00007f77cfaa5710) [0x00007f77cfaa5a40, 0x00007f77cfaa6ed8] 
[2,575s][debug  ][gc,nmethod     ] GC(0) O: Purge NMethod: java.util.WeakHashMap.remove (0x00007f77cfabad10) [0x00007f77cfabaf80, 0x00007f77cfabbba0] 
[2,575s][debug  ][gc,nmethod     ] GC(0) O: Purge NMethod: java.util.ImmutableCollections$SetN.isEmpty (0x00007f77cfa4cd10) [0x00007f77cfa4cea0, 0x00007f77cfa4d008] 
[2,575s][debug  ][gc,nmethod     ] GC(0) O: Purge NMethod: java.lang.String.replace (0x00007f77cfa82c90) [0x00007f77cfa82e60, 0x00007f77cfa83200] 
[2,575s][debug  ][gc,nmethod     ] GC(0) O: Purge NMethod: java.lang.invoke.MemberName.getReferenceKind (0x00007f77cfa8d210) [0x00007f77cfa8d3a0, 0x00007f77cfa8d4b0] 
[2,575s][debug  ][gc,nmethod     ] GC(0) O: Purge NMethod: java.util.concurrent.locks.AbstractQueuedSynchronizer.signalNext (0x00007f77ef1e6c10) [0x00007f77ef1e6d80, 0x00007f77ef1e6e00] 
[2,575s][debug  ][gc,nmethod     ] GC(0) O: Purge NMethod: java.util.jar.JarFile.getInputStream (0x00007f77cfb86010) [0x00007f77cfb86280, 0x00007f77cfb86b18] 
[2,575s][debug  ][gc,nmethod     ] GC(0) O: Purge NMethod: jdk.internal.util.ArraysSupport.mismatch (0x00007f77ef217b10) [0x00007f77ef217ca0, 0x00007f77ef217f30] 
[2,575s][debug  ][gc,nmethod     ] GC(0) O: Purge NMethod: java.util.concurrent.locks.AbstractQueuedSynchronizer.release (0x00007f77cfa70810) [0x00007f77cfa70a20, 0x00007f77cfa710d8] 
[2,575s][debug  ][gc,nmethod     ] GC(0) O: Purge NMethod: jdk.internal.misc.ScopedMemoryAccess.getByte (0x00007f77cfaa1990) [0x00007f77cfaa1b60, 0x00007f77cfaa1f38] 
[2,575s][debug  ][gc,nmethod     ] GC(0) O: Purge NMethod: java.lang.String.coder (0x00007f77cfa30290) [0x00007f77cfa30420, 0x00007f77cfa30550] 
[2,575s][debug  ][gc,nmethod     ] GC(0) O: Purge NMethod: java.util.zip.ZipFile$Source.getEntryPos (0x00007f77cfa9f010) [0x00007f77cfa9f260, 0x00007f77cfa9fc50] 
[2,575s][debug  ][gc,nmethod     ] GC(0) O: Purge NMethod: java.io.BufferedInputStream.getBufIfOpen (0x00007f77cfa6ec90) [0x00007f77cfa6ee40, 0x00007f77cfa6ef80] 
[2,575s][debug  ][gc,nmethod     ] GC(0) O: Purge NMethod: jdk.internal.misc.Unsafe.allocateUninitializedArray (0x00007f77ef22b990) [0x00007f77ef22bb20, 0x00007f77ef22bcd8] 
[2,575s][debug  ][gc,nmethod     ] GC(0) O: Purge NMethod: java.lang.StringBuilder.<init> (0x00007f77cfa8b810) [0x00007f77cfa8b9c0, 0x00007f77cfa8bb00] 
[2,575s][debug  ][gc,nmethod     ] GC(0) O: Purge NMethod: java.util.concurrent.locks.ReentrantLock.unlock (0x00007f77cfa6f010) [0x00007f77cfa6f1e0, 0x00007f77cfa6f510] 
[2,575s][debug  ][gc,nmethod     ] GC(0) O: Purge NMethod: jdk.internal.loader.URLClassPath$JarLoader.findResource (0x00007f77cfc04e90) [0x00007f77cfc05040, 0x00007f77cfc05260] 
[2,575s][debug  ][gc,phases      ] GC(0) O: Concurrent Classes Purge 2,855ms
[2,575s][debug  ][gc,phases,start] GC(0) O: Concurrent References Enqueue
[2,575s][debug  ][gc,phases      ] GC(0) O: Concurrent References Enqueue 0,009ms
[2,575s][debug  ][gc,nmethod     ] Register NMethod: java.lang.String.toLowerCase (0x00007f77cfa27c90) [0x00007f77cfa27e80, 0x00007f77cfa28298] Compiler: c1, Barriers: 3, Oops: 0, ImmediateOops: 1, NonImmediateOops: No
[2,575s][info   ][gc,phases      ] GC(0) O: Concurrent Process Non-Strong 9,150ms
[2,575s][debug  ][gc,phases,start] GC(0) O: Concurrent Reset Relocation Set
[2,575s][info   ][gc,phases      ] GC(0) O: Concurrent Reset Relocation Set 0,009ms
[2,575s][debug  ][gc,phases,start] GC(0) O: Concurrent Select Relocation Set
[2,575s][debug  ][gc,reloc       ] Synchronize all workers 1 _nworkers: 0 _nsynchronized: 0
[2,575s][debug  ][gc,reloc       ] Synchronize all workers 1 _nworkers: 0 _nsynchronized: 0
[2,575s][debug  ][gc,nmethod     ] Register NMethod: jdk.internal.loader.URLClassPath.getResource (0x00007f77ef251e90) [0x00007f77ef252240, 0x00007f77ef254460] Compiler: c2, Barriers: 33, Oops: 4, ImmediateOops: 44, NonImmediateOops: No
[2,576s][debug  ][gc,reloc       ] Desynchronize all workers _nworkers: 0 _nsynchronized: 0
[2,576s][debug  ][gc,reloc       ] Desynchronize all workers _nworkers: 0 _nsynchronized: 0
[2,576s][debug  ][gc,nmethod     ] Register NMethod: jdk.internal.util.ArraysSupport.mismatch (0x00007f77ef21e810) [0x00007f77ef21e9a0, 0x00007f77ef21ec18] Compiler: c2, Barriers: 0, Oops: 0, ImmediateOops: 0, NonImmediateOops: No
[2,576s][debug  ][gc,reloc       ] GC(0) O: Relocation Set (Medium Pages): 0->0, 0 skipped, 0 forwarding entries
[2,576s][debug  ][gc,reloc       ] GC(0) O: Relocation Set (Small Pages): 0->0, 0 skipped, 0 forwarding entries
[2,576s][debug  ][gc,task        ] GC(0) O: Executing ZRelocationSetInstallTask using ZWorkerOld with 1 workers
[2,576s][info   ][gc,phases      ] GC(0) O: Concurrent Select Relocation Set 1,012ms
[2,576s][debug  ][gc,phases,start] GC(0) O: Concurrent Remap Roots
[2,576s][info   ][gc,task        ] GC(0) O: Using 2 Workers for Old Generation
[2,576s][debug  ][gc,task        ] GC(0) O: Executing ZRemapYoungRootsTask using ZWorkerOld with 2 workers
[2,582s][debug  ][gc,nmethod     ] Register NMethod: jdk.internal.loader.URLClassPath$JarLoader$2.getCodeSourceURL (0x00007f77ef1c5690) [0x00007f77ef1c5820, 0x00007f77ef1c5920] Compiler: c2, Barriers: 2, Oops: 0, ImmediateOops: 0, NonImmediateOops: No
[2,584s][debug  ][gc,nmethod     ] Register NMethod: com.google.protobuf.GeneratedMessageV3$Builder.onChanged (0x00007f77cfae9c10) [0x00007f77cfae9dc0, 0x00007f77cfaea040] Compiler: c1, Barriers: 1, Oops: 1, ImmediateOops: 0, NonImmediateOops: No
[2,590s][debug  ][gc,nmethod     ] Register NMethod: java.nio.ByteBuffer.arrayOffset (0x00007f77cfa97810) [0x00007f77cfa979e0, 0x00007f77cfa97ce0] Compiler: c1, Barriers: 1, Oops: 0, ImmediateOops: 0, NonImmediateOops: No
[2,590s][debug  ][gc,nmethod     ] Register NMethod: java.nio.ByteBuffer.position (0x00007f77cfa2ab90) [0x00007f77cfa2ad40, 0x00007f77cfa2ae88] Compiler: c1, Barriers: 0, Oops: 0, ImmediateOops: 0, NonImmediateOops: No
[2,591s][debug  ][gc,nmethod     ] Register NMethod: java.nio.CharBuffer.arrayOffset (0x00007f77cfa3f610) [0x00007f77cfa3f7e0, 0x00007f77cfa3fae0] Compiler: c1, Barriers: 1, Oops: 0, ImmediateOops: 0, NonImmediateOops: No
[2,591s][debug  ][gc,nmethod     ] Register NMethod: java.nio.charset.CoderResult.isUnderflow (0x00007f77cfa59f10) [0x00007f77cfa5a0a0, 0x00007f77cfa5a208] Compiler: c1, Barriers: 0, Oops: 0, ImmediateOops: 0, NonImmediateOops: No
[2,591s][debug  ][gc,nmethod     ] Register NMethod: java.nio.Buffer.limit (0x00007f77cfaaca10) [0x00007f77cfaacbc0, 0x00007f77cfaace78] Compiler: c1, Barriers: 0, Oops: 0, ImmediateOops: 0, NonImmediateOops: No
[2,591s][debug  ][gc,nmethod     ] Register NMethod: java.nio.CharBuffer.position (0x00007f77cfa62410) [0x00007f77cfa625c0, 0x00007f77cfa62708] Compiler: c1, Barriers: 0, Oops: 0, ImmediateOops: 0, NonImmediateOops: No
[2,592s][debug  ][gc,nmethod     ] Register NMethod: java.nio.CharBuffer.position (0x00007f77cfa29910) [0x00007f77cfa29ac0, 0x00007f77cfa29c70] Compiler: c1, Barriers: 0, Oops: 0, ImmediateOops: 0, NonImmediateOops: No
[2,592s][debug  ][gc,nmethod     ] Register NMethod: java.nio.Buffer.capacity (0x00007f77ef1d8f90) [0x00007f77ef1d9120, 0x00007f77ef1d91e0] Compiler: c1, Barriers: 0, Oops: 0, ImmediateOops: 0, NonImmediateOops: No
[2,592s][debug  ][gc,nmethod     ] Register NMethod: java.nio.charset.CharsetEncoder.maxBytesPerChar (0x00007f77ef1d1010) [0x00007f77ef1d11a0, 0x00007f77ef1d1260] Compiler: c1, Barriers: 0, Oops: 0, ImmediateOops: 0, NonImmediateOops: No
[2,592s][debug  ][gc,nmethod     ] Register NMethod: java.nio.Buffer.remaining (0x00007f77cfa63d90) [0x00007f77cfa63f20, 0x00007f77cfa640a8] Compiler: c1, Barriers: 0, Oops: 0, ImmediateOops: 0, NonImmediateOops: No
[2,593s][debug  ][gc,nmethod     ] Register NMethod: java.nio.ByteBuffer.position (0x00007f77cfaaa610) [0x00007f77cfaaa7c0, 0x00007f77cfaaa978] Compiler: c1, Barriers: 0, Oops: 0, ImmediateOops: 0, NonImmediateOops: No
[2,593s][debug  ][gc,nmethod     ] Register NMethod: java.nio.Buffer.<init> (0x00007f77cfa73e90) [0x00007f77cfa74140, 0x00007f77cfa74c38] Compiler: c1, Barriers: 3, Oops: 3, ImmediateOops: 3, NonImmediateOops: No
[2,594s][debug  ][gc,nmethod     ] Register NMethod: java.io.FileInputStream.readBytes (0x00007f77ef1d9590) [0x00007f77ef1d9720, 0x00007f77ef1d9900] Compiler: , Barriers: 0, Oops: 0, ImmediateOops: 0, NonImmediateOops: No
[2,595s][info   ][gc,task        ] GC(0) O: Using 1 Workers for Old Generation
[2,595s][info   ][gc,phases      ] GC(0) O: Concurrent Remap Roots 19,039ms
[2,595s][debug  ][gc,reloc       ] Synchronize all workers 1 _nworkers: 0 _nsynchronized: 0
[2,595s][debug  ][gc,reloc       ] Synchronize all workers 1 _nworkers: 0 _nsynchronized: 0
[2,596s][debug  ][gc,phases,start] GC(0) O: Pause Relocate Start
[2,596s][debug  ][gc,reloc       ] GC(0) O: Joining workers: 1
[2,596s][info   ][gc,phases      ] GC(0) O: Pause Relocate Start 0,049ms
[2,596s][debug  ][gc,reloc       ] Desynchronize all workers _nworkers: 1 _nsynchronized: 0
[2,596s][debug  ][gc,reloc       ] Desynchronize all workers _nworkers: 0 _nsynchronized: 0
[2,596s][debug  ][gc,phases,start] GC(0) O: Concurrent Relocate
[2,596s][debug  ][gc,task        ] GC(0) O: Executing ZRelocateStoreBufferInstallBasePointersTask using ZWorkerOld with 1 workers
[2,596s][debug  ][gc,task        ] GC(0) O: Executing ZRelocateTask using ZWorkerOld with 1 workers
[2,596s][debug  ][gc,reloc       ] GC(0) O: Leaving workers: left: 0 _synchronize: 0 _nsynchronized: 0
[2,596s][info   ][gc,phases      ] GC(0) O: Concurrent Relocate 0,424ms
[2,596s][debug  ][gc,heap        ] GC(0) O: Heap after GC invocations=1 (full 1):
[2,596s][debug  ][gc,heap        ] GC(0) O:  ZHeap           used 56M, capacity 5120M, max capacity 15360M
[2,596s][debug  ][gc,heap        ] GC(0) O:  Metaspace       used 22204K, committed 22464K, reserved 1114112K
[2,596s][debug  ][gc,heap        ] GC(0) O:   class space    used 2478K, committed 2624K, reserved 1048576K
[2,596s][info   ][gc,alloc       ] GC(0) O:                         Mark Start        Mark End      Relocate Start    Relocate End   
[2,596s][info   ][gc,alloc       ] GC(0) O: Allocation Stalls:          0                0                0                0         
[2,596s][info   ][gc,load        ] GC(0) O: Load: 3,39 (17%) / 14,66 (73%) / 11,78 (59%)
[2,596s][info   ][gc,mmu         ] GC(0) O: MMU: 2ms/90,7%, 5ms/96,3%, 10ms/98,1%, 20ms/99,1%, 50ms/99,4%, 100ms/99,7%
[2,596s][info   ][gc,marking     ] GC(0) O: Mark: 1 stripe(s), 1 proactive flush(es), 1 terminate flush(es), 0 completion(s), 0 continuation(s) 
[2,596s][info   ][gc,marking     ] GC(0) O: Mark Stack Usage: 0M
[2,596s][info   ][gc,nmethod     ] GC(0) O: NMethods: 1689 registered, 221 unregistered
[2,596s][info   ][gc,metaspace   ] GC(0) O: Metaspace: 21M used, 21M committed, 1088M reserved
[2,596s][info   ][gc,ref         ] GC(0) O:                       Encountered   Discovered     Enqueued 
[2,596s][info   ][gc,ref         ] GC(0) O: Soft References:             3630            0            0 
[2,597s][info   ][gc,ref         ] GC(0) O: Weak References:             1939            0            0 
[2,597s][info   ][gc,ref         ] GC(0) O: Final References:               0            0            0 
[2,597s][info   ][gc,ref         ] GC(0) O: Phantom References:           797            0            0 
[2,597s][info   ][gc,heap        ] GC(0) O: Min Capacity: 5120M(33%)
[2,597s][info   ][gc,heap        ] GC(0) O: Max Capacity: 15360M(100%)
[2,597s][info   ][gc,heap        ] GC(0) O: Soft Max Capacity: 15360M(100%)
[2,597s][info   ][gc,heap        ] GC(0) O: Heap Statistics:
[2,597s][info   ][gc,heap        ] GC(0) O:                Mark Start          Mark End        Relocate Start      Relocate End           High               Low         
[2,597s][info   ][gc,heap        ] GC(0) O:  Capacity:     5120M (33%)        5120M (33%)        5120M (33%)        5120M (33%)        5120M (33%)        5120M (33%)    
[2,597s][info   ][gc,heap        ] GC(0) O:      Free:    15278M (99%)       15304M (100%)      15304M (100%)      15304M (100%)      15304M (100%)      15270M (99%)    
[2,597s][info   ][gc,heap        ] GC(0) O:      Used:       82M (1%)           56M (0%)           56M (0%)           56M (0%)           90M (1%)           56M (0%)     
[2,597s][info   ][gc,heap        ] GC(0) O: Old Generation Statistics:
[2,597s][info   ][gc,heap        ] GC(0) O:                Mark Start          Mark End        Relocate Start      Relocate End    
[2,597s][info   ][gc,heap        ] GC(0) O:      Used:        0M (0%)            0M (0%)            0M (0%)            0M (0%)     
[2,597s][info   ][gc,heap        ] GC(0) O:      Live:         -                 0M (0%)            0M (0%)            0M (0%)     
[2,597s][info   ][gc,heap        ] GC(0) O:   Garbage:         -                 0M (0%)            0M (0%)            0M (0%)     
[2,597s][info   ][gc,heap        ] GC(0) O: Allocated:         -                 0M (0%)            0M (0%)            0M (0%)     
[2,597s][info   ][gc,heap        ] GC(0) O: Reclaimed:         -                  -                 0M (0%)            0M (0%)     
[2,597s][info   ][gc,heap        ] GC(0) O: Compacted:         -                  -                  -                 0M (0%)     
[2,597s][info   ][gc,phases      ] GC(0) O: Old Generation 56M(0%)->56M(0%) 0,034s
[2,597s][info   ][gc             ] GC(0) Major Collection (Metadata GC Threshold) 82M(1%)->56M(0%) 0,076s
[2,599s][debug  ][gc,nmethod     ] Register NMethod: java.io.FileDescriptor.<init> (0x00007f77cfbea190) [0x00007f77cfbea320, 0x00007f77cfbea498] Compiler: c1, Barriers: 0, Oops: 0, ImmediateOops: 0, NonImmediateOops: No
[2,601s][debug  ][gc,nmethod     ] Register NMethod: java.lang.invoke.DirectMethodHandle$Holder.newInvokeSpecial (0x00007f77cfa3d290) [0x00007f77cfa3d480, 0x00007f77cfa3db08] Compiler: c1, Barriers: 2, Oops: 0, ImmediateOops: 1, NonImmediateOops: No
[2,602s][debug  ][gc,director    ] Rule Major: Warmup 10%, Used: 56MB, UsedThreshold: 1536MB
[2,605s][debug  ][gc,nmethod     ] Register NMethod: sun.net.util.IPAddressUtil.scan (0x00007f77ef1dcd10) [0x00007f77ef1dcea0, 0x00007f77ef1dcfd8] Compiler: c2, Barriers: 1, Oops: 0, ImmediateOops: 0, NonImmediateOops: No
[2,606s][debug  ][gc,nmethod     ] Register NMethod: sun.net.util.IPAddressUtil.checkHostString (0x00007f77ef1dd710) [0x00007f77ef1dd8a0, 0x00007f77ef1dda10] Compiler: c2, Barriers: 1, Oops: 2, ImmediateOops: 0, NonImmediateOops: No
[2,607s][debug  ][gc,nmethod     ] Register NMethod: java.lang.String.indexOf (0x00007f77ef1e0f10) [0x00007f77ef1e10a0, 0x00007f77ef1e1320] Compiler: c2, Barriers: 1, Oops: 0, ImmediateOops: 0, NonImmediateOops: No
[2,609s][debug  ][gc,nmethod     ] Register NMethod: java.lang.Math.clamp (0x00007f77ef22b990) [0x00007f77ef22bb00, 0x00007f77ef22bba0] Compiler: c2, Barriers: 0, Oops: 0, ImmediateOops: 0, NonImmediateOops: No
[2,612s][debug  ][gc,nmethod     ] Register NMethod: java.lang.String.indexOf (0x00007f77ef204b10) [0x00007f77ef204cc0, 0x00007f77ef205110] Compiler: c2, Barriers: 2, Oops: 0, ImmediateOops: 0, NonImmediateOops: No
[2,612s][debug  ][gc,director    ] Rule Major: Warmup 10%, Used: 58MB, UsedThreshold: 1536MB
[2,616s][debug  ][gc,nmethod     ] Register NMethod: java.lang.invoke.MethodHandle.linkToSpecial (0x00007f77ef1e7590) [0x00007f77ef1e7700, 0x00007f77ef1e77f8] Compiler: , Barriers: 0, Oops: 0, ImmediateOops: 0, NonImmediateOops: No
[2,617s][debug  ][gc,nmethod     ] Register NMethod: java.lang.invoke.MethodHandle.invokeBasic (0x00007f77ef1ec810) [0x00007f77ef1ec9a0, 0x00007f77ef1ecc38] Compiler: , Barriers: 0, Oops: 0, ImmediateOops: 0, NonImmediateOops: No
[2,617s][debug  ][gc,nmethod     ] Register NMethod: java.lang.invoke.MethodHandle.linkToSpecial (0x00007f77ef1c5090) [0x00007f77ef1c5200, 0x00007f77ef1c52f8] Compiler: , Barriers: 0, Oops: 0, ImmediateOops: 0, NonImmediateOops: No
[2,622s][debug  ][gc,director    ] Rule Major: Warmup 10%, Used: 58MB, UsedThreshold: 1536MB
[2,623s][debug  ][gc,nmethod     ] Register NMethod: java.lang.invoke.MethodHandle.isSafeToCache (0x00007f77cfa55f90) [0x00007f77cfa56140, 0x00007f77cfa562e8] Compiler: c1, Barriers: 1, Oops: 0, ImmediateOops: 0, NonImmediateOops: No
[2,624s][debug  ][gc,nmethod     ] Register NMethod: java.util.Arrays.copyOf (0x00007f77ef215590) [0x00007f77ef215720, 0x00007f77ef215b20] Compiler: c2, Barriers: 0, Oops: 0, ImmediateOops: 0, NonImmediateOops: No
[2,625s][debug  ][gc,nmethod     ] Register NMethod: java.lang.invoke.MethodHandle.linkToStatic (0x00007f77ef1c4d10) [0x00007f77ef1c4e80, 0x00007f77ef1c4f70] Compiler: , Barriers: 0, Oops: 0, ImmediateOops: 0, NonImmediateOops: No
[2,626s][debug  ][gc,nmethod     ] Register NMethod: java.lang.ref.SoftReference.get (0x00007f77cfb10f10) [0x00007f77cfb110c0, 0x00007f77cfb112a0] Compiler: c1, Barriers: 2, Oops: 0, ImmediateOops: 1, NonImmediateOops: No
[2,628s][debug  ][gc,nmethod     ] Register NMethod: java.io.FileInputStream.read (0x00007f77cfc43990) [0x00007f77cfc43b60, 0x00007f77cfc43d88] Compiler: c1, Barriers: 0, Oops: 0, ImmediateOops: 0, NonImmediateOops: No
[2,629s][debug  ][gc,nmethod     ] Register NMethod: java.io.FileDescriptor.attach (0x00007f77cfc13490) [0x00007f77cfc13700, 0x00007f77cfc142d8] Compiler: c1, Barriers: 16, Oops: 0, ImmediateOops: 1, NonImmediateOops: No
[2,629s][debug  ][gc,nmethod     ] Register NMethod: java.io.FileDescriptor.valid (0x00007f77cfbe7f90) [0x00007f77cfbe8120, 0x00007f77cfbe82d0] Compiler: c1, Barriers: 0, Oops: 0, ImmediateOops: 0, NonImmediateOops: No
[2,631s][debug  ][gc,nmethod     ] Register NMethod: java.lang.StringBuilder.<init> (0x00007f77cfc80610) [0x00007f77cfc807c0, 0x00007f77cfc80900] Compiler: c1, Barriers: 0, Oops: 0, ImmediateOops: 0, NonImmediateOops: No
[2,632s][debug  ][gc,nmethod     ] Register NMethod: java.lang.AbstractStringBuilder.<init> (0x00007f77cfa79490) [0x00007f77cfa79680, 0x00007f77cfa79c40] Compiler: c1, Barriers: 4, Oops: 0, ImmediateOops: 0, NonImmediateOops: No
[2,632s][debug  ][gc,nmethod     ] Register NMethod: java.io.FileDescriptor$1.get (0x00007f77cfb10410) [0x00007f77cfb105a0, 0x00007f77cfb106b0] Compiler: c1, Barriers: 0, Oops: 0, ImmediateOops: 0, NonImmediateOops: No
[2,632s][debug  ][gc,nmethod     ] Register NMethod: java.io.FileDescriptor$1.getHandle (0x00007f77cfc04e90) [0x00007f77cfc05020, 0x00007f77cfc05130] Compiler: c1, Barriers: 0, Oops: 0, ImmediateOops: 0, NonImmediateOops: No
[2,632s][debug  ][gc,nmethod     ] Register NMethod: java.io.FileCleanable.<init> (0x00007f77cfcb4a90) [0x00007f77cfcb4c40, 0x00007f77cfcb4da8] Compiler: c1, Barriers: 0, Oops: 0, ImmediateOops: 0, NonImmediateOops: No
[2,632s][debug  ][gc,nmethod     ] Register NMethod: java.io.FileCleanable.register (0x00007f77cfaae110) [0x00007f77cfaae320, 0x00007f77cfaaeba0] Compiler: c1, Barriers: 4, Oops: 2, ImmediateOops: 2, NonImmediateOops: No
[2,632s][debug  ][gc,nmethod     ] Register NMethod: java.io.FileDescriptor.registerCleanup (0x00007f77cfa85790) [0x00007f77cfa85960, 0x00007f77cfa85e40] Compiler: c1, Barriers: 4, Oops: 1, ImmediateOops: 1, NonImmediateOops: No
[2,632s][debug  ][gc,director    ] Rule Major: Warmup 10%, Used: 58MB, UsedThreshold: 1536MB
[2,634s][debug  ][gc,nmethod     ] Register NMethod: java.net.URLStreamHandler.setURL (0x00007f77ef20f190) [0x00007f77ef20f3c0, 0x00007f77ef210120] Compiler: c2, Barriers: 31, Oops: 4, ImmediateOops: 2, NonImmediateOops: No
[2,635s][debug  ][gc,nmethod     ] Register NMethod: jdk.internal.loader.Resource.getManifest (0x00007f77ef1e6f90) [0x00007f77ef1e7120, 0x00007f77ef1e71e8] Compiler: c1, Barriers: 0, Oops: 0, ImmediateOops: 0, NonImmediateOops: No
[2,635s][debug  ][gc,nmethod     ] Register NMethod: jdk.internal.loader.Resource.getCodeSigners (0x00007f77ef1e6c10) [0x00007f77ef1e6da0, 0x00007f77ef1e6e68] Compiler: c1, Barriers: 0, Oops: 0, ImmediateOops: 0, NonImmediateOops: No
[2,643s][debug  ][gc,director    ] Rule Major: Warmup 10%, Used: 58MB, UsedThreshold: 1536MB
[2,645s][debug  ][gc,nmethod     ] Register NMethod: java.lang.String.hashCode (0x00007f77ef1ed810) [0x00007f77ef1ed9e0, 0x00007f77ef1edd38] Compiler: c2, Barriers: 1, Oops: 0, ImmediateOops: 0, NonImmediateOops: No
[2,649s][debug  ][gc,nmethod     ] Register NMethod: sun.nio.fs.UnixPath.isEmpty (0x00007f77cfa31790) [0x00007f77cfa31920, 0x00007f77cfa31ab8] Compiler: c1, Barriers: 1, Oops: 0, ImmediateOops: 0, NonImmediateOops: No
[2,652s][debug  ][gc,nmethod     ] Register NMethod: java.util.jar.JarFile.ensureInitialization (0x00007f77cfc56310) [0x00007f77cfc56560, 0x00007f77cfc56db0] Compiler: c1, Barriers: 4, Oops: 0, ImmediateOops: 2, NonImmediateOops: No
[2,652s][debug  ][gc,nmethod     ] Register NMethod: java.util.jar.JarFile.ensureInitialization (0x00007f77cfc56310) [0x00007f77cfc56560, 0x00007f77cfc56db0] Compiler: c1, Barriers: 4, Oops: 0, ImmediateOops: 2, NonImmediateOops: No
[2,653s][debug  ][gc,nmethod     ] Register NMethod: java.util.jar.JarFile.ensureInitialization (0x00007f77cfc56310) [0x00007f77cfc56560, 0x00007f77cfc56db0] Compiler: c1, Barriers: 4, Oops: 0, ImmediateOops: 4, NonImmediateOops: No
[2,653s][debug  ][gc,nmethod     ] Register NMethod: java.util.jar.JarFile.ensureInitialization (0x00007f77cfc56310) [0x00007f77cfc56560, 0x00007f77cfc56db0] Compiler: c1, Barriers: 4, Oops: 0, ImmediateOops: 4, NonImmediateOops: No
[2,653s][debug  ][gc,director    ] Rule Major: Warmup 10%, Used: 60MB, UsedThreshold: 1536MB
[2,663s][debug  ][gc,director    ] Rule Major: Warmup 10%, Used: 60MB, UsedThreshold: 1536MB
[2,673s][debug  ][gc,director    ] Rule Major: Warmup 10%, Used: 60MB, UsedThreshold: 1536MB
[2,682s][debug  ][gc,nmethod     ] Register NMethod: java.lang.invoke.MemberName.equals (0x00007f77cfa6c510) [0x00007f77cfa6c7a0, 0x00007f77cfa6d408] Compiler: c1, Barriers: 4, Oops: 0, ImmediateOops: 0, NonImmediateOops: No
[2,683s][debug  ][gc,director    ] Rule Major: Warmup 10%, Used: 60MB, UsedThreshold: 1536MB
[2,690s][debug  ][gc,nmethod     ] Register NMethod: java.lang.Module.isStaticallyExportedOrOpen (0x00007f77cfaa1690) [0x00007f77cfaa18a0, 0x00007f77cfaa1fa0] Compiler: c1, Barriers: 2, Oops: 0, ImmediateOops: 0, NonImmediateOops: No
[2,691s][debug  ][gc,nmethod     ] Register NMethod: java.nio.DirectIntBufferU.ix (0x00007f77ef1ed510) [0x00007f77ef1ed680, 0x00007f77ef1ed700] Compiler: c2, Barriers: 0, Oops: 0, ImmediateOops: 0, NonImmediateOops: No
[2,693s][debug  ][gc,director    ] Rule Major: Warmup 10%, Used: 62MB, UsedThreshold: 1536MB
[2,695s][debug  ][gc,nmethod     ] Register NMethod: java.lang.invoke.Invokers$Holder.linkToTargetMethod (0x00007f77cfa40810) [0x00007f77cfa409c0, 0x00007f77cfa40c30] Compiler: c1, Barriers: 0, Oops: 0, ImmediateOops: 0, NonImmediateOops: No
[2,695s][debug  ][gc,nmethod     ] Register NMethod: java.lang.invoke.LambdaFormEditor.bindArgumentL (0x00007f77cfb3fa10) [0x00007f77cfb3fbe0, 0x00007f77cfb3fe78] Compiler: c1, Barriers: 0, Oops: 0, ImmediateOops: 1, NonImmediateOops: No
[2,695s][debug  ][gc,nmethod     ] Register NMethod: java.lang.invoke.MethodType.leadingReferenceParameter (0x00007f77cfb45010) [0x00007f77cfb451e0, 0x00007f77cfb45540] Compiler: c1, Barriers: 2, Oops: 1, ImmediateOops: 1, NonImmediateOops: No
[2,695s][debug  ][gc,nmethod     ] Register NMethod: java.lang.invoke.BoundMethodHandle.bindArgumentL (0x00007f77cfb0d810) [0x00007f77cfb0da00, 0x00007f77cfb0df08] Compiler: c1, Barriers: 4, Oops: 0, ImmediateOops: 0, NonImmediateOops: No
[2,695s][debug  ][gc,nmethod     ] Register NMethod: java.lang.Short.<init> (0x00007f77cfa93e10) [0x00007f77cfa93fc0, 0x00007f77cfa94188] Compiler: c1, Barriers: 0, Oops: 0, ImmediateOops: 0, NonImmediateOops: No
[2,696s][debug  ][gc,nmethod     ] Register NMethod: java.lang.invoke.MethodHandle.bindTo (0x00007f77cfa30290) [0x00007f77cfa304c0, 0x00007f77cfa30b98] Compiler: c1, Barriers: 3, Oops: 1, ImmediateOops: 1, NonImmediateOops: No
[2,696s][debug  ][gc,nmethod     ] Register NMethod: java.lang.invoke.MethodHandle.bindArgumentL (0x00007f77cfa7e410) [0x00007f77cfa7e620, 0x00007f77cfa7ecb0] Compiler: c1, Barriers: 4, Oops: 0, ImmediateOops: 0, NonImmediateOops: No
[2,696s][debug  ][gc,nmethod     ] Register NMethod: java.lang.invoke.MethodHandle.linkToVirtual (0x00007f77ef202f90) [0x00007f77ef203100, 0x00007f77ef203128] Compiler: , Barriers: 0, Oops: 0, ImmediateOops: 0, NonImmediateOops: No
[2,696s][debug  ][gc,nmethod     ] Register NMethod: sun.invoke.util.VerifyAccess.isModuleAccessible (0x00007f77cfa99290) [0x00007f77cfa99560, 0x00007f77cfa9a280] Compiler: c1, Barriers: 1, Oops: 0, ImmediateOops: 0, NonImmediateOops: No
[2,696s][debug  ][gc,nmethod     ] Register NMethod: java.lang.invoke.MethodHandle.linkToVirtual (0x00007f77ef202c90) [0x00007f77ef202e00, 0x00007f77ef202e28] Compiler: , Barriers: 0, Oops: 0, ImmediateOops: 0, NonImmediateOops: No
[2,697s][debug  ][gc,nmethod     ] Register NMethod: java.lang.invoke.MethodHandle.linkToVirtual (0x00007f77ef202990) [0x00007f77ef202b00, 0x00007f77ef202b28] Compiler: , Barriers: 0, Oops: 0, ImmediateOops: 0, NonImmediateOops: No
[2,698s][debug  ][gc,nmethod     ] Register NMethod: java.lang.invoke.ClassSpecializer$SpeciesData.fieldCount (0x00007f77cfad5c10) [0x00007f77cfad5dc0, 0x00007f77cfad5fb8] Compiler: c1, Barriers: 1, Oops: 0, ImmediateOops: 0, NonImmediateOops: No
[2,698s][debug  ][gc,reloc       ] Synchronize all workers 1 _nworkers: 0 _nsynchronized: 0
[2,698s][debug  ][gc,reloc       ] Synchronize all workers 1 _nworkers: 0 _nsynchronized: 0
[2,699s][debug  ][gc,reloc       ] Desynchronize all workers _nworkers: 0 _nsynchronized: 0
[2,699s][debug  ][gc,reloc       ] Desynchronize all workers _nworkers: 0 _nsynchronized: 0
[2,700s][debug  ][gc,nmethod     ] Register NMethod: sun.reflect.generics.tree.SimpleClassTypeSignature.<init> (0x00007f77cfc47490) [0x00007f77cfc47640, 0x00007f77cfc47898] Compiler: c1, Barriers: 6, Oops: 0, ImmediateOops: 0, NonImmediateOops: No
[2,700s][debug  ][gc,nmethod     ] Register NMethod: sun.reflect.generics.tree.SimpleClassTypeSignature.make (0x00007f77cfd19610) [0x00007f77cfd197c0, 0x00007f77cfd19ab0] Compiler: c1, Barriers: 6, Oops: 0, ImmediateOops: 0, NonImmediateOops: No
[2,700s][debug  ][gc,nmethod     ] Register NMethod: sun.reflect.generics.parser.SignatureParser.parseClassTypeSignatureSuffix (0x00007f77cfa8d210) [0x00007f77cfa8d400, 0x00007f77cfa8d738] Compiler: c1, Barriers: 0, Oops: 0, ImmediateOops: 0, NonImmediateOops: No
[2,701s][debug  ][gc,nmethod     ] Register NMethod: sun.reflect.generics.tree.ClassTypeSignature.make (0x00007f77cfa96b90) [0x00007f77cfa96d40, 0x00007f77cfa96fa8] Compiler: c1, Barriers: 3, Oops: 0, ImmediateOops: 0, NonImmediateOops: No
[2,701s][debug  ][gc,nmethod     ] Register NMethod: sun.reflect.generics.parser.SignatureParser.parsePackageNameAndSimpleClassTypeSignature (0x00007f77cfabad10) [0x00007f77cfabb000, 0x00007f77cfabba58] Compiler: c1, Barriers: 1, Oops: 1, ImmediateOops: 1, NonImmediateOops: No
[2,701s][debug  ][gc,nmethod     ] Register NMethod: jdk.internal.reflect.ReflectionFactory.config (0x00007f77cfa91890) [0x00007f77cfa91a20, 0x00007f77cfa91b20] Compiler: c1, Barriers: 0, Oops: 0, ImmediateOops: 1, NonImmediateOops: No
[2,701s][debug  ][gc,nmethod     ] Register NMethod: sun.reflect.generics.parser.SignatureParser.parseClassTypeSignature (0x00007f77cfbf9a90) [0x00007f77cfbf9e40, 0x00007f77cfbfb1e8] Compiler: c1, Barriers: 11, Oops: 2, ImmediateOops: 3, NonImmediateOops: No
[2,702s][debug  ][gc,nmethod     ] Register NMethod: jdk.internal.org.objectweb.asm.Frame.setInputFrameFromDescriptor (0x00007f77cfa3be10) [0x00007f77cfa3c060, 0x00007f77cfa3c9b0] Compiler: c1, Barriers: 12, Oops: 0, ImmediateOops: 0, NonImmediateOops: No
[2,702s][debug  ][gc,nmethod     ] Register NMethod: java.lang.Class.getPackageName (0x00007f77ef1e8790) [0x00007f77ef1e8960, 0x00007f77ef1e8db0] Compiler: c2, Barriers: 6, Oops: 0, ImmediateOops: 0, NonImmediateOops: No
[2,703s][debug  ][gc,nmethod     ] Register NMethod: java.lang.invoke.MethodHandle.linkToVirtual (0x00007f77ef202610) [0x00007f77ef202780, 0x00007f77ef2027a8] Compiler: , Barriers: 0, Oops: 0, ImmediateOops: 0, NonImmediateOops: No
[2,704s][debug  ][gc,director    ] Rule Major: Warmup 10%, Used: 62MB, UsedThreshold: 1536MB
[2,705s][debug  ][gc,nmethod     ] Register NMethod: jdk.internal.org.objectweb.asm.SymbolTable.addConstantUtf8Reference (0x00007f77ef208f90) [0x00007f77ef209200, 0x00007f77ef209f78] Compiler: c2, Barriers: 19, Oops: 0, ImmediateOops: 0, NonImmediateOops: No
[2,705s][debug  ][gc,nmethod     ] Register NMethod: java.lang.StringCoding.hasNegatives (0x00007f77cfbf9690) [0x00007f77cfbf9840, 0x00007f77cfbf99c0] Compiler: c1, Barriers: 0, Oops: 0, ImmediateOops: 0, NonImmediateOops: No
[2,706s][debug  ][gc,nmethod     ] Register NMethod: org.gradle.internal.io.StreamByteBuffer.access$000 (0x00007f77ef1e8210) [0x00007f77ef1e83a0, 0x00007f77ef1e8470] Compiler: c1, Barriers: 1, Oops: 1, ImmediateOops: 0, NonImmediateOops: No
[2,706s][debug  ][gc,nmethod     ] Register NMethod: org.gradle.internal.io.StreamByteBuffer$StreamByteBufferOutputStream.write (0x00007f77cfae2110) [0x00007f77cfae22e0, 0x00007f77cfae2550] Compiler: c1, Barriers: 3, Oops: 1, ImmediateOops: 0, NonImmediateOops: No
[2,706s][debug  ][gc,nmethod     ] Register NMethod: org.gradle.internal.io.StreamByteBuffer$StreamByteBufferChunk.spaceLeft (0x00007f77cfa31410) [0x00007f77cfa315a0, 0x00007f77cfa316b0] Compiler: c1, Barriers: 0, Oops: 1, ImmediateOops: 0, NonImmediateOops: No
[2,706s][debug  ][gc,nmethod     ] Register NMethod: org.gradle.internal.io.StreamByteBuffer$StreamByteBufferChunk.write (0x00007f77cfae3790) [0x00007f77cfae3940, 0x00007f77cfae3b20] Compiler: c1, Barriers: 1, Oops: 1, ImmediateOops: 0, NonImmediateOops: No
[2,706s][debug  ][gc,nmethod     ] Register NMethod: org.gradle.internal.io.LineBufferingOutputStream.endsWithLineSeparator (0x00007f77cfae3390) [0x00007f77cfae3520, 0x00007f77cfae36c8] Compiler: c1, Barriers: 0, Oops: 1, ImmediateOops: 0, NonImmediateOops: No
[2,706s][debug  ][gc,nmethod     ] Register NMethod: org.gradle.internal.io.LineBufferingOutputStream.write (0x00007f77cfba3790) [0x00007f77cfba3a40, 0x00007f77cfba4688] Compiler: c1, Barriers: 4, Oops: 1, ImmediateOops: 2, NonImmediateOops: No
[2,706s][debug  ][gc,nmethod     ] Register NMethod: org.gradle.internal.io.StreamByteBuffer.allocateSpace (0x00007f77cfdb4f90) [0x00007f77cfdb51a0, 0x00007f77cfdb59c8] Compiler: c1, Barriers: 9, Oops: 1, ImmediateOops: 0, NonImmediateOops: No
[2,707s][debug  ][gc,nmethod     ] Register NMethod: java.util.Collections$EmptyIterator.hasNext (0x00007f77ef208c90) [0x00007f77ef208e20, 0x00007f77ef208ee0] Compiler: c1, Barriers: 0, Oops: 0, ImmediateOops: 0, NonImmediateOops: No
[2,707s][debug  ][gc,nmethod     ] Register NMethod: sun.nio.fs.UnixPath.toUnixPath (0x00007f77cfb60310) [0x00007f77cfb604e0, 0x00007f77cfb60938] Compiler: c1, Barriers: 0, Oops: 0, ImmediateOops: 0, NonImmediateOops: No
[2,707s][debug  ][gc,nmethod     ] Register NMethod: java.nio.file.attribute.FileTime.<init> (0x00007f77cfb04b90) [0x00007f77cfb04d40, 0x00007f77cfb04f90] Compiler: c1, Barriers: 6, Oops: 0, ImmediateOops: 0, NonImmediateOops: No
[2,708s][debug  ][gc,nmethod     ] Register NMethod: java.nio.file.attribute.FileTime.from (0x00007f77cfa64c90) [0x00007f77cfa64e60, 0x00007f77cfa65258] Compiler: c1, Barriers: 3, Oops: 1, ImmediateOops: 1, NonImmediateOops: No
[2,710s][debug  ][gc,nmethod     ] Register NMethod: java.lang.invoke.MethodHandle.linkToSpecial (0x00007f77ef208990) [0x00007f77ef208b00, 0x00007f77ef208bf8] Compiler: , Barriers: 0, Oops: 0, ImmediateOops: 0, NonImmediateOops: No
[2,710s][debug  ][gc,nmethod     ] Register NMethod: jdk.internal.org.objectweb.asm.MethodWriter.visitEnd (0x00007f77ef217e10) [0x00007f77ef217f80, 0x00007f77ef217ff8] Compiler: c2, Barriers: 0, Oops: 0, ImmediateOops: 0, NonImmediateOops: No
[2,711s][debug  ][gc,nmethod     ] Register NMethod: sun.reflect.generics.parser.SignatureParser.make (0x00007f77cfb04710) [0x00007f77cfb048c0, 0x00007f77cfb04ab8] Compiler: c1, Barriers: 0, Oops: 0, ImmediateOops: 0, NonImmediateOops: No
[2,711s][debug  ][gc,nmethod     ] Register NMethod: sun.reflect.generics.parser.SignatureParser.init (0x00007f77cfa93a90) [0x00007f77cfa93c20, 0x00007f77cfa93da8] Compiler: c1, Barriers: 3, Oops: 0, ImmediateOops: 0, NonImmediateOops: No
[2,711s][debug  ][gc,nmethod     ] Register NMethod: sun.reflect.generics.parser.SignatureParser.<init> (0x00007f77cfa96810) [0x00007f77cfa969a0, 0x00007f77cfa96b00] Compiler: c1, Barriers: 0, Oops: 0, ImmediateOops: 0, NonImmediateOops: No
[2,711s][debug  ][gc,nmethod     ] Register NMethod: sun.reflect.generics.parser.SignatureParser.parseFieldTypeSignature (0x00007f77cfad5890) [0x00007f77cfad5a40, 0x00007f77cfad5b80] Compiler: c1, Barriers: 0, Oops: 0, ImmediateOops: 0, NonImmediateOops: No
[2,711s][debug  ][gc,nmethod     ] Register NMethod: sun.reflect.generics.scope.AbstractScope.<init> (0x00007f77cfadb010) [0x00007f77cfadb1c0, 0x00007f77cfadb398] Compiler: c1, Barriers: 3, Oops: 0, ImmediateOops: 0, NonImmediateOops: No
[2,711s][debug  ][gc,nmethod     ] Register NMethod: java.util.LinkedHashMap.afterNodeInsertion (0x00007f77cfab4190) [0x00007f77cfab4380, 0x00007f77cfab4850] Compiler: c1, Barriers: 2, Oops: 0, ImmediateOops: 0, NonImmediateOops: No
[2,711s][debug  ][gc,nmethod     ] Register NMethod: sun.reflect.generics.parser.SignatureParser.parseFieldTypeSignature (0x00007f77cfc59010) [0x00007f77cfc59260, 0x00007f77cfc59760] Compiler: c1, Barriers: 0, Oops: 0, ImmediateOops: 3, NonImmediateOops: No
[2,712s][debug  ][gc,nmethod     ] Register NMethod: jdk.internal.org.objectweb.asm.Handler.<init> (0x00007f77cfadaa90) [0x00007f77cfadac40, 0x00007f77cfadaf78] Compiler: c1, Barriers: 12, Oops: 0, ImmediateOops: 0, NonImmediateOops: No
[2,712s][debug  ][gc,nmethod     ] Register NMethod: jdk.internal.org.objectweb.asm.MethodWriter.visitTryCatchBlock (0x00007f77cfb86010) [0x00007f77cfb86220, 0x00007f77cfb86a08] Compiler: c1, Barriers: 24, Oops: 0, ImmediateOops: 0, NonImmediateOops: No
[2,712s][debug  ][gc,nmethod     ] Register NMethod: java.lang.reflect.Method.getSharedExceptionTypes (0x00007f77ef217b10) [0x00007f77ef217ca0, 0x00007f77ef217d90] Compiler: c1, Barriers: 1, Oops: 0, ImmediateOops: 0, NonImmediateOops: No
[2,712s][debug  ][gc,nmethod     ] Register NMethod: sun.reflect.annotation.AnnotationType.memberTypes (0x00007f77ef217810) [0x00007f77ef2179a0, 0x00007f77ef217a90] Compiler: c1, Barriers: 1, Oops: 0, ImmediateOops: 0, NonImmediateOops: No
[2,712s][debug  ][gc,nmethod     ] Register NMethod: java.lang.System$2.getAnnotationType (0x00007f77cfab3d90) [0x00007f77cfab3f20, 0x00007f77cfab4078] Compiler: c1, Barriers: 1, Oops: 0, ImmediateOops: 0, NonImmediateOops: No
[2,712s][debug  ][gc,nmethod     ] Register NMethod: sun.reflect.annotation.AnnotationType.retention (0x00007f77ef217510) [0x00007f77ef2176a0, 0x00007f77ef217790] Compiler: c1, Barriers: 1, Oops: 0, ImmediateOops: 0, NonImmediateOops: No
[2,712s][debug  ][gc,nmethod     ] Register NMethod: java.lang.Class$ReflectionData.<init> (0x00007f77cfc32310) [0x00007f77cfc324a0, 0x00007f77cfc32600] Compiler: c1, Barriers: 0, Oops: 0, ImmediateOops: 0, NonImmediateOops: No
[2,712s][debug  ][gc,nmethod     ] Register NMethod: sun.reflect.annotation.AnnotationType.getInstance (0x00007f77cfb51a10) [0x00007f77cfb51c20, 0x00007f77cfb52230] Compiler: c1, Barriers: 3, Oops: 0, ImmediateOops: 1, NonImmediateOops: No
[2,712s][debug  ][gc,nmethod     ] Register NMethod: sun.reflect.annotation.AnnotationType.memberDefaults (0x00007f77ef217210) [0x00007f77ef2173a0, 0x00007f77ef217490] Compiler: c1, Barriers: 1, Oops: 0, ImmediateOops: 0, NonImmediateOops: No
[2,712s][debug  ][gc,nmethod     ] Register NMethod: java.lang.Class$Atomic.casReflectionData (0x00007f77cfb51690) [0x00007f77cfb51820, 0x00007f77cfb51988] Compiler: c1, Barriers: 5, Oops: 0, ImmediateOops: 0, NonImmediateOops: No
[2,713s][debug  ][gc,nmethod     ] Register NMethod: java.lang.invoke.BoundMethodHandle.fieldCount (0x00007f77cfc31d10) [0x00007f77cfc31ee0, 0x00007f77cfc321e8] Compiler: c1, Barriers: 1, Oops: 0, ImmediateOops: 0, NonImmediateOops: No
[2,714s][debug  ][gc,nmethod     ] Register NMethod: java.lang.Class.protectionDomain (0x00007f77cfb8ba10) [0x00007f77cfb8bc60, 0x00007f77cfb8c3e8] Compiler: c1, Barriers: 11, Oops: 0, ImmediateOops: 4, NonImmediateOops: No
[2,714s][debug  ][gc,nmethod     ] Register NMethod: java.lang.invoke.BoundMethodHandle.rebind (0x00007f77cfc2e610) [0x00007f77cfc2e820, 0x00007f77cfc2ee00] Compiler: c1, Barriers: 3, Oops: 0, ImmediateOops: 0, NonImmediateOops: No
[2,714s][debug  ][gc,nmethod     ] Register NMethod: java.lang.invoke.BoundMethodHandle.tooComplex (0x00007f77cfad9d90) [0x00007f77cfad9f80, 0x00007f77cfada468] Compiler: c1, Barriers: 3, Oops: 0, ImmediateOops: 0, NonImmediateOops: No
[2,714s][debug  ][gc,director    ] Rule Major: Warmup 10%, Used: 66MB, UsedThreshold: 1536MB
[2,719s][debug  ][gc,nmethod     ] Register NMethod: java.lang.invoke.MethodHandle.linkToStatic (0x00007f77ef20e810) [0x00007f77ef20e980, 0x00007f77ef20ea70] Compiler: , Barriers: 0, Oops: 0, ImmediateOops: 0, NonImmediateOops: No
[2,719s][debug  ][gc,nmethod     ] Register NMethod: java.lang.invoke.MethodHandle.linkToStatic (0x00007f77ef20e510) [0x00007f77ef20e680, 0x00007f77ef20e770] Compiler: , Barriers: 0, Oops: 0, ImmediateOops: 0, NonImmediateOops: No
[2,720s][debug  ][gc,nmethod     ] Register NMethod: java.util.concurrent.ConcurrentHashMap.putVal (0x00007f77ef1d5b90) [0x00007f77ef1d5e20, 0x00007f77ef1d6f00] Compiler: c2, Barriers: 29, Oops: 0, ImmediateOops: 0, NonImmediateOops: No
[2,720s][debug  ][gc,nmethod     ] Register NMethod: java.lang.ref.Cleaner$1.apply (0x00007f77ef1d5810) [0x00007f77ef1d59a0, 0x00007f77ef1d5a90] Compiler: c2, Barriers: 1, Oops: 0, ImmediateOops: 0, NonImmediateOops: No
[2,724s][debug  ][gc,director    ] Rule Major: Warmup 10%, Used: 68MB, UsedThreshold: 1536MB
[2,729s][debug  ][gc,nmethod     ] Register NMethod: java.lang.invoke.DelegatingMethodHandle.chooseDelegatingForm (0x00007f77cfad9710) [0x00007f77cfad98c0, 0x00007f77cfad9bf0] Compiler: c1, Barriers: 1, Oops: 0, ImmediateOops: 2, NonImmediateOops: No
[2,729s][debug  ][gc,nmethod     ] Register NMethod: java.lang.invoke.DelegatingMethodHandle.<init> (0x00007f77cfa88090) [0x00007f77cfa88260, 0x00007f77cfa88640] Compiler: c1, Barriers: 1, Oops: 0, ImmediateOops: 2, NonImmediateOops: No
[2,731s][debug  ][gc,nmethod     ] Register NMethod: java.lang.invoke.MethodHandleImpl$IntrinsicMethodHandle.<init> (0x00007f77cfc0ad90) [0x00007f77cfc0af80, 0x00007f77cfc0b638] Compiler: c1, Barriers: 11, Oops: 0, ImmediateOops: 2, NonImmediateOops: No
[2,732s][debug  ][gc,nmethod     ] Register NMethod: java.lang.System.checkKey (0x00007f77cfa87810) [0x00007f77cfa879e0, 0x00007f77cfa87dd0] Compiler: c1, Barriers: 1, Oops: 0, ImmediateOops: 2, NonImmediateOops: No
[2,734s][debug  ][gc,director    ] Rule Major: Warmup 10%, Used: 72MB, UsedThreshold: 1536MB
[2,734s][debug  ][gc,nmethod     ] Register NMethod: java.util.regex.Pattern$Node.<init> (0x00007f77cfc2e190) [0x00007f77cfc2e340, 0x00007f77cfc2e520] Compiler: c1, Barriers: 3, Oops: 0, ImmediateOops: 1, NonImmediateOops: No
[2,734s][debug  ][gc,nmethod     ] Register NMethod: net.openhft.chronicle.core.pool.ClassAliasPool$CAPKey.charAt (0x00007f77cfc0a810) [0x00007f77cfc0a9c0, 0x00007f77cfc0abb8] Compiler: c1, Barriers: 1, Oops: 1, ImmediateOops: 0, NonImmediateOops: No
[2,735s][debug  ][gc,nmethod     ] Register NMethod: net.openhft.chronicle.core.pool.ClassAliasPool$CAPKey.length (0x00007f77cfabce90) [0x00007f77cfabd040, 0x00007f77cfabd238] Compiler: c1, Barriers: 1, Oops: 1, ImmediateOops: 0, NonImmediateOops: No
[2,737s][debug  ][gc,nmethod     ] Register NMethod: java.lang.invoke.SimpleMethodHandle.make (0x00007f77cfabca10) [0x00007f77cfabcbc0, 0x00007f77cfabcdb0] Compiler: c1, Barriers: 0, Oops: 0, ImmediateOops: 0, NonImmediateOops: No
[2,737s][debug  ][gc,nmethod     ] Register NMethod: java.lang.invoke.SimpleMethodHandle.<init> (0x00007f77cfabc590) [0x00007f77cfabc740, 0x00007f77cfabc900] Compiler: c1, Barriers: 0, Oops: 0, ImmediateOops: 0, NonImmediateOops: No
[2,738s][debug  ][gc,nmethod     ] Register NMethod: java.lang.invoke.MethodType.methodType (0x00007f77cfdbd190) [0x00007f77cfdbd380, 0x00007f77cfdbd828] Compiler: c1, Barriers: 3, Oops: 0, ImmediateOops: 3, NonImmediateOops: No
[2,739s][debug  ][gc,nmethod     ] Register NMethod: java.lang.invoke.LambdaForm.identityForm (0x00007f77cfdbcc90) [0x00007f77cfdbce40, 0x00007f77cfdbd090] Compiler: c1, Barriers: 2, Oops: 0, ImmediateOops: 2, NonImmediateOops: No
[2,739s][debug  ][gc,nmethod     ] Register NMethod: java.lang.invoke.MethodHandleImpl.makeIntrinsic (0x00007f77cfacf610) [0x00007f77cfacf820, 0x00007f77cfacffb8] Compiler: c1, Barriers: 11, Oops: 0, ImmediateOops: 0, NonImmediateOops: No
[2,739s][debug  ][gc,nmethod     ] Register NMethod: java.lang.invoke.DelegatingMethodHandle.rebind (0x00007f77cfacef10) [0x00007f77cfacf0c0, 0x00007f77cfacf338] Compiler: c1, Barriers: 0, Oops: 0, ImmediateOops: 0, NonImmediateOops: No
[2,739s][debug  ][gc,nmethod     ] Register NMethod: java.lang.invoke.MethodHandle.linkToSpecial (0x00007f77ef1d5390) [0x00007f77ef1d5500, 0x00007f77ef1d55f8] Compiler: , Barriers: 0, Oops: 0, ImmediateOops: 0, NonImmediateOops: No
[2,739s][debug  ][gc,nmethod     ] Register NMethod: java.lang.invoke.MethodHandles.makeIdentity (0x00007f77cfa50010) [0x00007f77cfa502a0, 0x00007f77cfa50d88] Compiler: c1, Barriers: 12, Oops: 1, ImmediateOops: 3, NonImmediateOops: No
[2,739s][debug  ][gc,nmethod     ] Register NMethod: java.lang.invoke.MethodHandleImpl$IntrinsicMethodHandle.<init> (0x00007f77cfa68210) [0x00007f77cfa68420, 0x00007f77cfa68b40] Compiler: c1, Barriers: 11, Oops: 0, ImmediateOops: 2, NonImmediateOops: No
[2,740s][debug  ][gc,nmethod     ] Register NMethod: java.lang.invoke.LambdaForm.normalizeNames (0x00007f77cfa52910) [0x00007f77cfa52be0, 0x00007f77cfa53f68] Compiler: c1, Barriers: 14, Oops: 0, ImmediateOops: 0, NonImmediateOops: No
[2,744s][debug  ][gc,director    ] Rule Major: Warmup 10%, Used: 72MB, UsedThreshold: 1536MB
[2,746s][debug  ][gc,nmethod     ] Register NMethod: java.lang.invoke.MethodHandle.linkToStatic (0x00007f77ef20e210) [0x00007f77ef20e380, 0x00007f77ef20e470] Compiler: , Barriers: 0, Oops: 0, ImmediateOops: 0, NonImmediateOops: No
[2,746s][debug  ][gc,nmethod     ] Register NMethod: java.lang.invoke.MethodHandle.invokeBasic (0x00007f77ef20dd90) [0x00007f77ef20df20, 0x00007f77ef20e1b8] Compiler: , Barriers: 0, Oops: 0, ImmediateOops: 0, NonImmediateOops: No
[2,746s][debug  ][gc,nmethod     ] Register NMethod: java.lang.invoke.MethodHandle.linkToSpecial (0x00007f77ef20da90) [0x00007f77ef20dc00, 0x00007f77ef20dcf8] Compiler: , Barriers: 0, Oops: 0, ImmediateOops: 0, NonImmediateOops: No
[2,747s][debug  ][gc,nmethod     ] Register NMethod: java.lang.invoke.MethodHandle.linkToStatic (0x00007f77ef20d790) [0x00007f77ef20d900, 0x00007f77ef20d9f0] Compiler: , Barriers: 0, Oops: 0, ImmediateOops: 0, NonImmediateOops: No
[2,747s][debug  ][gc,nmethod     ] Register NMethod: java.lang.invoke.MethodHandle.invokeBasic (0x00007f77ef20d310) [0x00007f77ef20d4a0, 0x00007f77ef20d738] Compiler: , Barriers: 0, Oops: 0, ImmediateOops: 0, NonImmediateOops: No
[2,747s][debug  ][gc,nmethod     ] Register NMethod: java.lang.invoke.MethodHandle.linkToSpecial (0x00007f77ef20cd90) [0x00007f77ef20cf00, 0x00007f77ef20cff8] Compiler: , Barriers: 0, Oops: 0, ImmediateOops: 0, NonImmediateOops: No
[2,747s][debug  ][gc,nmethod     ] Register NMethod: sun.invoke.util.Wrapper.isDoubleWord (0x00007f77cfdbc910) [0x00007f77cfdbcaa0, 0x00007f77cfdbcc08] Compiler: c1, Barriers: 0, Oops: 0, ImmediateOops: 0, NonImmediateOops: No
[2,747s][debug  ][gc,nmethod     ] Register NMethod: java.lang.invoke.MethodHandle.invokeBasic (0x00007f77ef255690) [0x00007f77ef255820, 0x00007f77ef255ab8] Compiler: , Barriers: 0, Oops: 0, ImmediateOops: 0, NonImmediateOops: No
[2,747s][debug  ][gc,nmethod     ] Register NMethod: java.lang.invoke.MethodHandle.linkToSpecial (0x00007f77ef255b10) [0x00007f77ef255c80, 0x00007f77ef255d78] Compiler: , Barriers: 0, Oops: 0, ImmediateOops: 0, NonImmediateOops: No
[2,747s][debug  ][gc,nmethod     ] Register NMethod: java.lang.invoke.MethodHandle.invokeBasic (0x00007f77ef255e10) [0x00007f77ef255fa0, 0x00007f77ef256238] Compiler: , Barriers: 0, Oops: 0, ImmediateOops: 0, NonImmediateOops: No
[2,747s][debug  ][gc,nmethod     ] Register NMethod: java.lang.invoke.MethodHandle.linkToSpecial (0x00007f77ef256290) [0x00007f77ef256400, 0x00007f77ef2564f8] Compiler: , Barriers: 0, Oops: 0, ImmediateOops: 0, NonImmediateOops: No
[2,748s][debug  ][gc,nmethod     ] Register NMethod: java.lang.invoke.MethodHandle.linkToStatic (0x00007f77ef256590) [0x00007f77ef256700, 0x00007f77ef2567f0] Compiler: , Barriers: 0, Oops: 0, ImmediateOops: 0, NonImmediateOops: No
[2,748s][debug  ][gc,nmethod     ] Register NMethod: java.lang.invoke.MethodHandle.invokeBasic (0x00007f77ef256890) [0x00007f77ef256a20, 0x00007f77ef256cb8] Compiler: , Barriers: 0, Oops: 0, ImmediateOops: 0, NonImmediateOops: No
[2,748s][debug  ][gc,nmethod     ] Register NMethod: java.lang.invoke.MethodHandle.linkToSpecial (0x00007f77ef256d10) [0x00007f77ef256e80, 0x00007f77ef256f78] Compiler: , Barriers: 0, Oops: 0, ImmediateOops: 0, NonImmediateOops: No
[2,748s][debug  ][gc,nmethod     ] Register NMethod: java.lang.invoke.MethodHandle.linkToStatic (0x00007f77ef257010) [0x00007f77ef257180, 0x00007f77ef257270] Compiler: , Barriers: 0, Oops: 0, ImmediateOops: 0, NonImmediateOops: No
[2,748s][debug  ][gc,nmethod     ] Register NMethod: java.lang.invoke.MethodHandle.invokeBasic (0x00007f77ef257310) [0x00007f77ef2574a0, 0x00007f77ef257738] Compiler: , Barriers: 0, Oops: 0, ImmediateOops: 0, NonImmediateOops: No
[2,749s][debug  ][gc,nmethod     ] Register NMethod: java.lang.invoke.MethodHandle.invokeBasic (0x00007f77ef257790) [0x00007f77ef257920, 0x00007f77ef257bb8] Compiler: , Barriers: 0, Oops: 0, ImmediateOops: 0, NonImmediateOops: No
[2,749s][debug  ][gc,nmethod     ] Register NMethod: java.lang.invoke.MethodHandle.linkToSpecial (0x00007f77ef257c10) [0x00007f77ef257d80, 0x00007f77ef257e78] Compiler: , Barriers: 0, Oops: 0, ImmediateOops: 0, NonImmediateOops: No
[2,749s][debug  ][gc,nmethod     ] Register NMethod: java.lang.invoke.InvokerBytecodeGenerator.emitStoreInsn (0x00007f77cfa4fa10) [0x00007f77cfa4fbe0, 0x00007f77cfa4fe88] Compiler: c1, Barriers: 2, Oops: 0, ImmediateOops: 0, NonImmediateOops: No
[2,754s][debug  ][gc,director    ] Rule Major: Warmup 10%, Used: 72MB, UsedThreshold: 1536MB
[2,756s][debug  ][gc,nmethod     ] Register NMethod: java.lang.Package$VersionInfo.getInstance (0x00007f77cfa67b90) [0x00007f77cfa67d40, 0x00007f77cfa68100] Compiler: c1, Barriers: 0, Oops: 0, ImmediateOops: 1, NonImmediateOops: No
[2,757s][debug  ][gc,nmethod     ] Register NMethod: java.lang.Package.<init> (0x00007f77cfa67290) [0x00007f77cfa67480, 0x00007f77cfa67928] Compiler: c1, Barriers: 4, Oops: 0, ImmediateOops: 1, NonImmediateOops: No
[2,765s][debug  ][gc,director    ] Rule Major: Warmup 10%, Used: 74MB, UsedThreshold: 1536MB
[2,775s][debug  ][gc,director    ] Rule Major: Warmup 10%, Used: 74MB, UsedThreshold: 1536MB
[2,781s][debug  ][gc,nmethod     ] Register NMethod: java.lang.invoke.SimpleMethodHandle.speciesData (0x00007f77cfabc290) [0x00007f77cfabc420, 0x00007f77cfabc530] Compiler: c1, Barriers: 0, Oops: 0, ImmediateOops: 1, NonImmediateOops: No
[2,781s][debug  ][gc,nmethod     ] Register NMethod: java.lang.invoke.SimpleMethodHandle.copyWithExtendL (0x00007f77cfb73010) [0x00007f77cfb731c0, 0x00007f77cfb73360] Compiler: c1, Barriers: 0, Oops: 0, ImmediateOops: 0, NonImmediateOops: No
[2,781s][debug  ][gc,nmethod     ] Register NMethod: java.util.concurrent.ConcurrentHashMap.<init> (0x00007f77cfb72b90) [0x00007f77cfb72d40, 0x00007f77cfb72f00] Compiler: c1, Barriers: 0, Oops: 0, ImmediateOops: 0, NonImmediateOops: No
[2,783s][debug  ][gc,nmethod     ] Register NMethod: java.lang.invoke.MethodHandle.linkToSpecial (0x00007f77ef257f10) [0x00007f77ef258080, 0x00007f77ef258178] Compiler: , Barriers: 0, Oops: 0, ImmediateOops: 0, NonImmediateOops: No
[2,784s][debug  ][gc,nmethod     ] Register NMethod: java.lang.invoke.MethodHandle.linkToSpecial (0x00007f77ef258210) [0x00007f77ef258380, 0x00007f77ef258478] Compiler: , Barriers: 0, Oops: 0, ImmediateOops: 0, NonImmediateOops: No
[2,784s][debug  ][gc,nmethod     ] Register NMethod: java.lang.invoke.MethodHandle.invokeBasic (0x00007f77ef258510) [0x00007f77ef2586a0, 0x00007f77ef258938] Compiler: , Barriers: 0, Oops: 0, ImmediateOops: 0, NonImmediateOops: No
[2,784s][debug  ][gc,nmethod     ] Register NMethod: java.lang.invoke.MethodHandle.linkToSpecial (0x00007f77ef258990) [0x00007f77ef258b00, 0x00007f77ef258bf8] Compiler: , Barriers: 0, Oops: 0, ImmediateOops: 0, NonImmediateOops: No
[2,785s][debug  ][gc,nmethod     ] Register NMethod: java.lang.invoke.MethodHandle.intrinsicName (0x00007f77cfae1e10) [0x00007f77cfae1fa0, 0x00007f77cfae20b0] Compiler: c1, Barriers: 0, Oops: 0, ImmediateOops: 1, NonImmediateOops: No
[2,785s][debug  ][gc,director    ] Rule Major: Warmup 10%, Used: 74MB, UsedThreshold: 1536MB
[2,786s][debug  ][gc,nmethod     ] Register NMethod: jdk.internal.org.objectweb.asm.SymbolTable.addConstant (0x00007f77cfa41d10) [0x00007f77cfa422a0, 0x00007f77cfa45248] Compiler: c1, Barriers: 8, Oops: 1, ImmediateOops: 2, NonImmediateOops: No
[2,793s][debug  ][gc,nmethod     ] Register NMethod: java.lang.invoke.MethodType.makeImpl (0x00007f77ef258c90) [0x00007f77ef2593e0, 0x00007f77ef25dbb8] Compiler: c2, Barriers: 132, Oops: 6, ImmediateOops: 39, NonImmediateOops: No
[2,794s][debug  ][gc,nmethod     ] Register NMethod: java.io.FileDescriptor.close0 (0x00007f77ef260010) [0x00007f77ef2601a0, 0x00007f77ef260350] Compiler: , Barriers: 0, Oops: 0, ImmediateOops: 0, NonImmediateOops: No
[2,794s][debug  ][gc,nmethod     ] Register NMethod: java.io.FileDescriptor.unregisterCleanup (0x00007f77cfa41610) [0x00007f77cfa417c0, 0x00007f77cfa41b38] Compiler: c1, Barriers: 4, Oops: 0, ImmediateOops: 0, NonImmediateOops: No
[2,794s][debug  ][gc,nmethod     ] Register NMethod: java.io.FileDescriptor.close (0x00007f77cfb72390) [0x00007f77cfb72560, 0x00007f77cfb72a58] Compiler: c1, Barriers: 4, Oops: 0, ImmediateOops: 0, NonImmediateOops: No
[2,795s][debug  ][gc,nmethod     ] Register NMethod: java.util.regex.Matcher.search (0x00007f77ef260390) [0x00007f77ef2605e0, 0x00007f77ef2612a0] Compiler: c2, Barriers: 12, Oops: 1, ImmediateOops: 0, NonImmediateOops: No
[2,795s][debug  ][gc,nmethod     ] Register NMethod: java.util.concurrent.ConcurrentHashMap.spread (0x00007f77ef261a10) [0x00007f77ef261b80, 0x00007f77ef261bf8] Compiler: c2, Barriers: 0, Oops: 0, ImmediateOops: 0, NonImmediateOops: No
[2,795s][debug  ][gc,nmethod     ] Register NMethod: java.lang.System.getSecurityManager (0x00007f77ef261d10) [0x00007f77ef261e80, 0x00007f77ef261ee8] Compiler: c2, Barriers: 0, Oops: 0, ImmediateOops: 0, NonImmediateOops: No
[2,795s][debug  ][gc,director    ] Rule Major: Warmup 10%, Used: 74MB, UsedThreshold: 1536MB
[2,795s][debug  ][gc,nmethod     ] Register NMethod: java.util.concurrent.ConcurrentHashMap$Node.<init> (0x00007f77ef262010) [0x00007f77ef2621a0, 0x00007f77ef262358] Compiler: c2, Barriers: 6, Oops: 0, ImmediateOops: 0, NonImmediateOops: No
[2,796s][debug  ][gc,nmethod     ] Register NMethod: java.io.FileInputStream.open0 (0x00007f77ef262410) [0x00007f77ef2625a0, 0x00007f77ef262760] Compiler: , Barriers: 0, Oops: 0, ImmediateOops: 0, NonImmediateOops: No
[2,797s][debug  ][gc,nmethod     ] Register NMethod: jdk.internal.ref.PhantomCleanable.clear (0x00007f77cfb71f10) [0x00007f77cfb720c0, 0x00007f77cfb722d0] Compiler: c1, Barriers: 0, Oops: 0, ImmediateOops: 0, NonImmediateOops: No
[2,797s][debug  ][gc,nmethod     ] Register NMethod: java.io.FileInputStream.open (0x00007f77cfb71a10) [0x00007f77cfb71be0, 0x00007f77cfb71e00] Compiler: c1, Barriers: 0, Oops: 0, ImmediateOops: 0, NonImmediateOops: No
[2,797s][debug  ][gc,nmethod     ] Register NMethod: java.io.FileInputStream.<init> (0x00007f77cfa83a90) [0x00007f77cfa83d00, 0x00007f77cfa846f0] Compiler: c1, Barriers: 11, Oops: 0, ImmediateOops: 1, NonImmediateOops: No
[2,797s][debug  ][gc,nmethod     ] Register NMethod: java.io.FileDescriptor.closeAll (0x00007f77cfc28e90) [0x00007f77cfc29120, 0x00007f77cfc29f90] Compiler: c1, Barriers: 1, Oops: 0, ImmediateOops: 0, NonImmediateOops: No
[2,797s][debug  ][gc,nmethod     ] Register NMethod: java.io.FileInputStream$1.<init> (0x00007f77cfb71590) [0x00007f77cfb71740, 0x00007f77cfb71918] Compiler: c1, Barriers: 3, Oops: 0, ImmediateOops: 0, NonImmediateOops: No
[2,797s][debug  ][gc,nmethod     ] Register NMethod: java.io.FileInputStream$1.close (0x00007f77cfc28490) [0x00007f77cfc28680, 0x00007f77cfc28c88] Compiler: c1, Barriers: 6, Oops: 0, ImmediateOops: 0, NonImmediateOops: No
[2,798s][debug  ][gc,nmethod     ] Register NMethod: java.io.FileInputStream.close (0x00007f77cfa83090) [0x00007f77cfa832a0, 0x00007f77cfa838a0] Compiler: c1, Barriers: 6, Oops: 0, ImmediateOops: 0, NonImmediateOops: No
[2,799s][debug  ][gc,nmethod     ] Register NMethod: java.lang.Class.desiredAssertionStatus0 (0x00007f77ef262790) [0x00007f77ef262920, 0x00007f77ef262b08] Compiler: , Barriers: 0, Oops: 0, ImmediateOops: 1, NonImmediateOops: No
[2,799s][debug  ][gc,nmethod     ] Register NMethod: java.lang.invoke.MethodType.methodType (0x00007f77ef262b90) [0x00007f77ef2632e0, 0x00007f77ef267c28] Compiler: c2, Barriers: 132, Oops: 6, ImmediateOops: 41, NonImmediateOops: No
[2,799s][debug  ][gc,nmethod     ] Register NMethod: java.lang.Class.desiredAssertionStatus (0x00007f77cfa82490) [0x00007f77cfa826a0, 0x00007f77cfa82c78] Compiler: c1, Barriers: 4, Oops: 0, ImmediateOops: 0, NonImmediateOops: No
[2,801s][debug  ][gc,nmethod     ] Register NMethod: java.util.concurrent.locks.AbstractOwnableSynchronizer.<init> (0x00007f77cfc31910) [0x00007f77cfc31aa0, 0x00007f77cfc31c00] Compiler: c1, Barriers: 0, Oops: 0, ImmediateOops: 0, NonImmediateOops: No
[2,801s][debug  ][gc,nmethod     ] Register NMethod: java.util.concurrent.locks.AbstractQueuedSynchronizer.<init> (0x00007f77cfb71110) [0x00007f77cfb712c0, 0x00007f77cfb71480] Compiler: c1, Barriers: 0, Oops: 0, ImmediateOops: 0, NonImmediateOops: No
[2,801s][debug  ][gc,nmethod     ] Register NMethod: jdk.internal.loader.URLClassPath$FileLoader$1.getCodeSourceURL (0x00007f77cfc27f10) [0x00007f77cfc280a0, 0x00007f77cfc28220] Compiler: c1, Barriers: 2, Oops: 0, ImmediateOops: 0, NonImmediateOops: No
[2,801s][debug  ][gc,nmethod     ] Register NMethod: java.io.UnixFileSystem.getLength0 (0x00007f77ef26a010) [0x00007f77ef26a1a0, 0x00007f77ef26a378] Compiler: , Barriers: 0, Oops: 0, ImmediateOops: 0, NonImmediateOops: No
[2,801s][debug  ][gc,nmethod     ] Register NMethod: jdk.internal.loader.URLClassPath$FileLoader$1.getInputStream (0x00007f77cfc4a490) [0x00007f77cfc4a640, 0x00007f77cfc4a820] Compiler: c1, Barriers: 1, Oops: 0, ImmediateOops: 0, NonImmediateOops: No
[2,801s][debug  ][gc,nmethod     ] Register NMethod: java.io.UnixFileSystem.getLength (0x00007f77cfc49f90) [0x00007f77cfc4a160, 0x00007f77cfc4a378] Compiler: c1, Barriers: 0, Oops: 0, ImmediateOops: 0, NonImmediateOops: No
[2,802s][debug  ][gc,nmethod     ] Register NMethod: java.io.File.length (0x00007f77cfc49990) [0x00007f77cfc49b60, 0x00007f77cfc49e38] Compiler: c1, Barriers: 0, Oops: 0, ImmediateOops: 1, NonImmediateOops: No
[2,802s][debug  ][gc,nmethod     ] Register NMethod: jdk.internal.loader.URLClassPath$FileLoader$1.getContentLength (0x00007f77cfc49310) [0x00007f77cfc494e0, 0x00007f77cfc49848] Compiler: c1, Barriers: 1, Oops: 0, ImmediateOops: 1, NonImmediateOops: No
[2,802s][debug  ][gc,nmethod     ] Register NMethod: java.lang.invoke.Invokers$Holder.linkToTargetMethod (0x00007f77cfc48c90) [0x00007f77cfc48e40, 0x00007f77cfc491f8] Compiler: c1, Barriers: 0, Oops: 0, ImmediateOops: 0, NonImmediateOops: No
[2,803s][debug  ][gc,nmethod     ] Register NMethod: java.lang.invoke.DirectMethodHandle$Holder.newInvokeSpecial (0x00007f77cfc48190) [0x00007f77cfc48380, 0x00007f77cfc48ab8] Compiler: c1, Barriers: 2, Oops: 0, ImmediateOops: 1, NonImmediateOops: No
[2,805s][debug  ][gc,director    ] Rule Major: Warmup 10%, Used: 80MB, UsedThreshold: 1536MB
[2,806s][debug  ][gc,nmethod     ] Register NMethod: java.lang.Thread.onSpinWait (0x00007f77cfb24c90) [0x00007f77cfb24e20, 0x00007f77cfb24f08] Compiler: c1, Barriers: 0, Oops: 0, ImmediateOops: 0, NonImmediateOops: No
[2,806s][debug  ][gc,nmethod     ] Register NMethod: java.util.ArrayList$ArrayListSpliterator.estimateSize (0x00007f77cfa4eb90) [0x00007f77cfa4ed40, 0x00007f77cfa4ef28] Compiler: c1, Barriers: 1, Oops: 0, ImmediateOops: 0, NonImmediateOops: No
[2,807s][debug  ][gc,nmethod     ] Register NMethod: java.util.concurrent.ConcurrentHashMap.putVal (0x00007f77ef26a390) [0x00007f77ef26a640, 0x00007f77ef26b7b8] Compiler: c2, Barriers: 29, Oops: 0, ImmediateOops: 0, NonImmediateOops: No
[2,807s][debug  ][gc,nmethod     ] Register NMethod: sun.net.www.protocol.file.Handler.parseURL (0x00007f77ef26c290) [0x00007f77ef26c420, 0x00007f77ef26c4e0] Compiler: c2, Barriers: 0, Oops: 0, ImmediateOops: 0, NonImmediateOops: No
[2,813s][debug  ][gc,nmethod     ] Register NMethod: jdk.internal.org.objectweb.asm.Frame.execute (0x00007f77ef26c590) [0x00007f77ef26d3c0, 0x00007f77ef26fbb8] Compiler: c2, Barriers: 13, Oops: 3, ImmediateOops: 2, NonImmediateOops: No
[2,815s][debug  ][gc,director    ] Rule Major: Warmup 10%, Used: 86MB, UsedThreshold: 1536MB
[2,817s][debug  ][gc,nmethod     ] Register NMethod: net.openhft.chronicle.bytes.AbstractBytes.writePosition (0x00007f77ef271610) [0x00007f77ef2717a0, 0x00007f77ef271860] Compiler: c1, Barriers: 0, Oops: 1, ImmediateOops: 0, NonImmediateOops: No
[2,818s][debug  ][gc,nmethod     ] Register NMethod: java.lang.invoke.InfoFromMemberName.getMethodType (0x00007f77cfa4e790) [0x00007f77cfa4e940, 0x00007f77cfa4eab8] Compiler: c1, Barriers: 1, Oops: 0, ImmediateOops: 0, NonImmediateOops: No
[2,819s][debug  ][gc,nmethod     ] Register NMethod: java.lang.Integer.rotateRight (0x00007f77cfba3490) [0x00007f77cfba3620, 0x00007f77cfba3718] Compiler: c1, Barriers: 0, Oops: 0, ImmediateOops: 0, NonImmediateOops: No
[2,823s][debug  ][gc,nmethod     ] Register NMethod: java.util.Arrays.fill (0x00007f77cfa4e090) [0x00007f77cfa4e260, 0x00007f77cfa4e5f0] Compiler: c1, Barriers: 3, Oops: 0, ImmediateOops: 0, NonImmediateOops: No
[2,825s][debug  ][gc,nmethod     ] Register NMethod: java.lang.invoke.MethodType.methodType (0x00007f77ef271910) [0x00007f77ef271ae0, 0x00007f77ef271da8] Compiler: c2, Barriers: 2, Oops: 1, ImmediateOops: 4, NonImmediateOops: No
[2,826s][debug  ][gc,director    ] Rule Major: Warmup 10%, Used: 86MB, UsedThreshold: 1536MB
[2,826s][debug  ][gc,nmethod     ] Register NMethod: java.lang.CharacterDataLatin1.getType (0x00007f77cfa4dc10) [0x00007f77cfa4ddc0, 0x00007f77cfa4df68] Compiler: c1, Barriers: 0, Oops: 0, ImmediateOops: 1, NonImmediateOops: No
[2,826s][debug  ][gc,nmethod     ] Register NMethod: java.lang.Character.getType (0x00007f77cfa4d790) [0x00007f77cfa4d940, 0x00007f77cfa4db20] Compiler: c1, Barriers: 0, Oops: 0, ImmediateOops: 0, NonImmediateOops: No
[2,826s][debug  ][gc,nmethod     ] Register NMethod: java.util.HashMap.put (0x00007f77cfa4d190) [0x00007f77cfa4d360, 0x00007f77cfa4d660] Compiler: c1, Barriers: 0, Oops: 0, ImmediateOops: 0, NonImmediateOops: No
[2,832s][debug  ][gc,nmethod     ] Register NMethod: jdk.internal.misc.VM.isJavaLangInvokeInited (0x00007f77cfba7790) [0x00007f77cfba7920, 0x00007f77cfba7a08] Compiler: c1, Barriers: 0, Oops: 0, ImmediateOops: 0, NonImmediateOops: No
[2,833s][debug  ][gc,nmethod     ] Register NMethod: jdk.internal.misc.Unsafe.fullFence (0x00007f77ef271f90) [0x00007f77ef272120, 0x00007f77ef2722d0] Compiler: , Barriers: 0, Oops: 0, ImmediateOops: 0, NonImmediateOops: No
[2,833s][debug  ][gc,nmethod     ] Register NMethod: net.openhft.chronicle.bytes.internal.AbstractBytesStore.start (0x00007f77ef272310) [0x00007f77ef2724a0, 0x00007f77ef272568] Compiler: c1, Barriers: 0, Oops: 1, ImmediateOops: 0, NonImmediateOops: No
[2,833s][debug  ][gc,nmethod     ] Register NMethod: java.lang.Thread.onSpinWait (0x00007f77ef272610) [0x00007f77ef272780, 0x00007f77ef2727e8] Compiler: c2, Barriers: 0, Oops: 0, ImmediateOops: 0, NonImmediateOops: No
[2,833s][debug  ][gc,nmethod     ] Register NMethod: java.lang.Object.<init> (0x00007f77ef272910) [0x00007f77ef272a80, 0x00007f77ef272b28] Compiler: c2, Barriers: 0, Oops: 0, ImmediateOops: 0, NonImmediateOops: No
[2,834s][debug  ][gc,nmethod     ] Register NMethod: jdk.internal.org.objectweb.asm.MethodWriter.visitCode (0x00007f77ef272c10) [0x00007f77ef272d80, 0x00007f77ef272df8] Compiler: c2, Barriers: 0, Oops: 0, ImmediateOops: 0, NonImmediateOops: No
[2,834s][debug  ][gc,nmethod     ] Register NMethod: java.lang.invoke.MethodHandle.invokeBasic (0x00007f77ef272f10) [0x00007f77ef2730a0, 0x00007f77ef273338] Compiler: , Barriers: 0, Oops: 0, ImmediateOops: 0, NonImmediateOops: No
[2,835s][debug  ][gc,nmethod     ] Register NMethod: java.lang.invoke.MethodHandle.linkToStatic (0x00007f77ef273390) [0x00007f77ef273500, 0x00007f77ef2735f0] Compiler: , Barriers: 0, Oops: 0, ImmediateOops: 0, NonImmediateOops: No
[2,835s][debug  ][gc,nmethod     ] Register NMethod: java.lang.invoke.MemberName.getFactory (0x00007f77cfc3f790) [0x00007f77cfc3f920, 0x00007f77cfc3fa10] Compiler: c1, Barriers: 0, Oops: 0, ImmediateOops: 1, NonImmediateOops: No
[2,836s][debug  ][gc,nmethod     ] Register NMethod: java.lang.invoke.InvokerBytecodeGenerator.setClassWriter (0x00007f77ef273690) [0x00007f77ef273820, 0x00007f77ef273950] Compiler: c1, Barriers: 3, Oops: 0, ImmediateOops: 0, NonImmediateOops: No
[2,836s][debug  ][gc,nmethod     ] Register NMethod: java.lang.Class.getClassData (0x00007f77ef273990) [0x00007f77ef273b20, 0x00007f77ef273c10] Compiler: c1, Barriers: 1, Oops: 0, ImmediateOops: 0, NonImmediateOops: No
[2,836s][debug  ][gc,director    ] Rule Major: Warmup 10%, Used: 86MB, UsedThreshold: 1536MB
[2,836s][debug  ][gc,nmethod     ] Register NMethod: java.net.URLStreamHandler.parseURL (0x00007f77ef273c90) [0x00007f77ef273fa0, 0x00007f77ef2760a8] Compiler: c2, Barriers: 20, Oops: 7, ImmediateOops: 3, NonImmediateOops: No
[2,836s][debug  ][gc,nmethod     ] Register NMethod: java.lang.invoke.MethodHandle.linkToStatic (0x00007f77ef277610) [0x00007f77ef277780, 0x00007f77ef277870] Compiler: , Barriers: 0, Oops: 0, ImmediateOops: 0, NonImmediateOops: No
[2,837s][debug  ][gc,nmethod     ] Register NMethod: java.lang.invoke.LambdaFormBuffer.changeName (0x00007f77cfa4c810) [0x00007f77cfa4ca00, 0x00007f77cfa4d010] Compiler: c1, Barriers: 10, Oops: 0, ImmediateOops: 0, NonImmediateOops: No
[2,837s][debug  ][gc,nmethod     ] Register NMethod: java.lang.invoke.MethodHandle.linkToStatic (0x00007f77ef277910) [0x00007f77ef277a80, 0x00007f77ef277b70] Compiler: , Barriers: 0, Oops: 0, ImmediateOops: 0, NonImmediateOops: No
[2,838s][debug  ][gc,nmethod     ] Register NMethod: java.lang.invoke.MethodHandle.invokeBasic (0x00007f77ef277c10) [0x00007f77ef277da0, 0x00007f77ef278038] Compiler: , Barriers: 0, Oops: 0, ImmediateOops: 0, NonImmediateOops: No
[2,838s][debug  ][gc,nmethod     ] Register NMethod: java.lang.invoke.MethodHandle.linkToSpecial (0x00007f77ef278090) [0x00007f77ef278200, 0x00007f77ef2782f8] Compiler: , Barriers: 0, Oops: 0, ImmediateOops: 0, NonImmediateOops: No
[2,838s][debug  ][gc,nmethod     ] Register NMethod: java.lang.Class.searchMethods (0x00007f77cfbf1510) [0x00007f77cfbf17c0, 0x00007f77cfbf2430] Compiler: c1, Barriers: 10, Oops: 0, ImmediateOops: 2, NonImmediateOops: No
[2,839s][debug  ][gc,alloc       ] Mutator Allocation Rate: 85,2MB/s Predicted: 85,2MB/s, Avg: 85,2(+/-0,0)MB/s
[2,839s][debug  ][gc,director    ] Rule Major: Warmup 10%, Used: 88MB, UsedThreshold: 1536MB
[2,839s][debug  ][gc,nmethod     ] Register NMethod: jdk.internal.misc.Unsafe.ensureClassInitialized0 (0x00007f77ef278390) [0x00007f77ef278520, 0x00007f77ef2786e0] Compiler: , Barriers: 0, Oops: 0, ImmediateOops: 0, NonImmediateOops: No
[2,839s][debug  ][gc,nmethod     ] Register NMethod: java.lang.invoke.InvokerBytecodeGenerator.isStaticallyNameable (0x00007f77cfbf0110) [0x00007f77cfbf03c0, 0x00007f77cfbf0f80] Compiler: c1, Barriers: 3, Oops: 2, ImmediateOops: 5, NonImmediateOops: No
[2,839s][debug  ][gc,nmethod     ] Register NMethod: jdk.internal.org.objectweb.asm.Frame.getConcreteOutputType (0x00007f77cfaa4810) [0x00007f77cfaa49e0, 0x00007f77cfaa4e20] Compiler: c1, Barriers: 2, Oops: 0, ImmediateOops: 0, NonImmediateOops: No
[2,840s][debug  ][gc,nmethod     ] Register NMethod: java.lang.Integer.valueOf (0x00007f77cfaa4190) [0x00007f77cfaa4360, 0x00007f77cfaa46a0] Compiler: c1, Barriers: 1, Oops: 0, ImmediateOops: 1, NonImmediateOops: No
[2,841s][debug  ][gc,nmethod     ] Register NMethod: java.lang.invoke.MethodHandle.invokeBasic (0x00007f77ef278710) [0x00007f77ef2788a0, 0x00007f77ef278b38] Compiler: , Barriers: 0, Oops: 0, ImmediateOops: 0, NonImmediateOops: No
[2,841s][debug  ][gc,nmethod     ] Register NMethod: java.lang.invoke.MethodHandle.invokeBasic (0x00007f77ef278b90) [0x00007f77ef278d20, 0x00007f77ef278fb8] Compiler: , Barriers: 0, Oops: 0, ImmediateOops: 0, NonImmediateOops: No
[2,841s][debug  ][gc,nmethod     ] Register NMethod: java.lang.invoke.MethodHandle.linkToSpecial (0x00007f77ef279010) [0x00007f77ef279180, 0x00007f77ef279278] Compiler: , Barriers: 0, Oops: 0, ImmediateOops: 0, NonImmediateOops: No
[2,841s][debug  ][gc,nmethod     ] Register NMethod: java.lang.invoke.MethodHandle.invokeBasic (0x00007f77ef279310) [0x00007f77ef2794a0, 0x00007f77ef279738] Compiler: , Barriers: 0, Oops: 0, ImmediateOops: 0, NonImmediateOops: No
[2,841s][debug  ][gc,nmethod     ] Register NMethod: java.lang.invoke.MethodHandle.linkToSpecial (0x00007f77ef279790) [0x00007f77ef279900, 0x00007f77ef2799f8] Compiler: , Barriers: 0, Oops: 0, ImmediateOops: 0, NonImmediateOops: No
[2,842s][debug  ][gc,nmethod     ] Register NMethod: java.util.Arrays.copyOfRange (0x00007f77cfaa2e10) [0x00007f77cfaa30c0, 0x00007f77cfaa3d30] Compiler: c1, Barriers: 1, Oops: 1, ImmediateOops: 2, NonImmediateOops: No
[2,842s][debug  ][gc,nmethod     ] Register NMethod: jdk.internal.org.objectweb.asm.Frame.putAbstractType (0x00007f77cfa76690) [0x00007f77cfa76b00, 0x00007f77cfa78408] Compiler: c1, Barriers: 8, Oops: 0, ImmediateOops: 0, NonImmediateOops: No
[2,843s][debug  ][gc,nmethod     ] Register NMethod: jdk.internal.org.objectweb.asm.Frame.execute (0x00007f77cfdfcc10) [0x00007f77cfdfdaa0, 0x00007f77cfe044b8] Compiler: c1, Barriers: 20, Oops: 1, ImmediateOops: 11, NonImmediateOops: No
[2,843s][debug  ][gc,nmethod     ] Register NMethod: java.lang.invoke.MethodHandle.invokeBasic (0x00007f77ef279a90) [0x00007f77ef279c20, 0x00007f77ef279eb8] Compiler: , Barriers: 0, Oops: 0, ImmediateOops: 0, NonImmediateOops: No
[2,843s][debug  ][gc,nmethod     ] Register NMethod: java.lang.invoke.MethodHandle.linkToSpecial (0x00007f77ef279f10) [0x00007f77ef27a080, 0x00007f77ef27a178] Compiler: , Barriers: 0, Oops: 0, ImmediateOops: 0, NonImmediateOops: No
[2,843s][debug  ][gc,nmethod     ] Register NMethod: java.lang.invoke.LambdaForm.fixResult (0x00007f77cfaa2690) [0x00007f77cfaa2840, 0x00007f77cfaa2a80] Compiler: c1, Barriers: 2, Oops: 0, ImmediateOops: 1, NonImmediateOops: No
[2,843s][debug  ][gc,nmethod     ] Register NMethod: java.lang.invoke.LambdaForm.<init> (0x00007f77cfa7da10) [0x00007f77cfa7dbc0, 0x00007f77cfa7df28] Compiler: c1, Barriers: 12, Oops: 0, ImmediateOops: 0, NonImmediateOops: No
[2,844s][debug  ][gc,nmethod     ] Register NMethod: java.lang.invoke.InvokerBytecodeGenerator.generateCustomizedCode (0x00007f77cfa7d410) [0x00007f77cfa7d600, 0x00007f77cfa7d8c0] Compiler: c1, Barriers: 0, Oops: 0, ImmediateOops: 1, NonImmediateOops: No
[2,844s][debug  ][gc,nmethod     ] Register NMethod: java.lang.invoke.LambdaForm.create (0x00007f77cfa7c910) [0x00007f77cfa7cb20, 0x00007f77cfa7d150] Compiler: c1, Barriers: 2, Oops: 0, ImmediateOops: 1, NonImmediateOops: No
[2,844s][debug  ][gc,nmethod     ] Register NMethod: java.lang.invoke.MethodHandle.invokeBasic (0x00007f77ef27a210) [0x00007f77ef27a3a0, 0x00007f77ef27a638] Compiler: , Barriers: 0, Oops: 0, ImmediateOops: 0, NonImmediateOops: No
[2,844s][debug  ][gc,nmethod     ] Register NMethod: java.lang.invoke.MethodHandle.linkToSpecial (0x00007f77ef27a690) [0x00007f77ef27a800, 0x00007f77ef27a8f8] Compiler: , Barriers: 0, Oops: 0, ImmediateOops: 0, NonImmediateOops: No
[2,844s][debug  ][gc,nmethod     ] Register NMethod: java.lang.invoke.InvokerBytecodeGenerator.lookupPregenerated (0x00007f77cfda7b10) [0x00007f77cfda7ec0, 0x00007f77cfda9520] Compiler: c1, Barriers: 10, Oops: 1, ImmediateOops: 11, NonImmediateOops: No
[2,845s][debug  ][gc,nmethod     ] Register NMethod: java.lang.invoke.MethodHandles.identity (0x00007f77cfda7210) [0x00007f77cfda7420, 0x00007f77cfda7908] Compiler: c1, Barriers: 4, Oops: 1, ImmediateOops: 3, NonImmediateOops: No
[2,845s][debug  ][gc,nmethod     ] Register NMethod: net.openhft.chronicle.bytes.AbstractBytes.uncheckedWritePosition (0x00007f77ef27a990) [0x00007f77ef27ab20, 0x00007f77ef27abe0] Compiler: c1, Barriers: 0, Oops: 1, ImmediateOops: 0, NonImmediateOops: No
[2,845s][debug  ][gc,nmethod     ] Register NMethod: java.lang.Integer.rotateRight (0x00007f77ef27ac90) [0x00007f77ef27ae00, 0x00007f77ef27ae70] Compiler: c2, Barriers: 0, Oops: 0, ImmediateOops: 0, NonImmediateOops: No
[2,846s][debug  ][gc,nmethod     ] Register NMethod: jdk.internal.misc.Unsafe.putByte (0x00007f77ef27af90) [0x00007f77ef27b120, 0x00007f77ef27b2e8] Compiler: , Barriers: 0, Oops: 0, ImmediateOops: 0, NonImmediateOops: No
[2,846s][debug  ][gc,nmethod     ] Register NMethod: jdk.internal.misc.Unsafe.putLong (0x00007f77ef27b310) [0x00007f77ef27b4a0, 0x00007f77ef27b668] Compiler: , Barriers: 0, Oops: 0, ImmediateOops: 0, NonImmediateOops: No
[2,846s][debug  ][gc,nmethod     ] Register NMethod: net.openhft.chronicle.bytes.internal.NativeBytesStore.safeLimit (0x00007f77ef27b690) [0x00007f77ef27b820, 0x00007f77ef27b8e0] Compiler: c1, Barriers: 0, Oops: 1, ImmediateOops: 0, NonImmediateOops: No
[2,846s][debug  ][gc,nmethod     ] Register NMethod: jdk.internal.misc.Unsafe.putInt (0x00007f77ef27b990) [0x00007f77ef27bb20, 0x00007f77ef27bce8] Compiler: , Barriers: 0, Oops: 0, ImmediateOops: 0, NonImmediateOops: No
[2,846s][debug  ][gc,nmethod     ] Register NMethod: java.lang.invoke.MethodHandle.invokeBasic (0x00007f77ef27bd10) [0x00007f77ef27bea0, 0x00007f77ef27c138] Compiler: , Barriers: 0, Oops: 0, ImmediateOops: 0, NonImmediateOops: No
[2,846s][debug  ][gc,nmethod     ] Register NMethod: jdk.internal.misc.Unsafe.weakCompareAndSetInt (0x00007f77cfda6e90) [0x00007f77cfda7020, 0x00007f77cfda7140] Compiler: c1, Barriers: 0, Oops: 0, ImmediateOops: 0, NonImmediateOops: No
[2,847s][debug  ][gc,nmethod     ] Register NMethod: jdk.internal.misc.Unsafe.putByte (0x00007f77cfda6b10) [0x00007f77cfda6ca0, 0x00007f77cfda6db0] Compiler: c1, Barriers: 0, Oops: 0, ImmediateOops: 0, NonImmediateOops: No
[2,847s][debug  ][gc,nmethod     ] Register NMethod: net.openhft.chronicle.bytes.internal.NativeBytesStore.translate (0x00007f77cfc47190) [0x00007f77cfc47320, 0x00007f77cfc47428] Compiler: c1, Barriers: 0, Oops: 1, ImmediateOops: 0, NonImmediateOops: No
[2,848s][debug  ][gc,nmethod     ] Register NMethod: sun.misc.Unsafe.getLong (0x00007f77cfc58d10) [0x00007f77cfc58ea0, 0x00007f77cfc58fa8] Compiler: c1, Barriers: 0, Oops: 0, ImmediateOops: 0, NonImmediateOops: No
[2,848s][debug  ][gc,nmethod     ] Register NMethod: java.lang.invoke.VarHandleGuards.guard_LII_V (0x00007f77cfa24010) [0x00007f77cfa244a0, 0x00007f77cfa26da8] Compiler: c1, Barriers: 42, Oops: 1, ImmediateOops: 4, NonImmediateOops: No
[2,848s][debug  ][gc,nmethod     ] Register NMethod: java.lang.Math.addExact (0x00007f77cfa7c490) [0x00007f77cfa7c640, 0x00007f77cfa7c848] Compiler: c1, Barriers: 0, Oops: 0, ImmediateOops: 1, NonImmediateOops: No
[2,849s][debug  ][gc,director    ] Rule Major: Warmup 10%, Used: 88MB, UsedThreshold: 1536MB
[2,849s][debug  ][gc,nmethod     ] Register NMethod: jdk.internal.org.objectweb.asm.ByteVector.putShort (0x00007f77cfa7bf10) [0x00007f77cfa7c0c0, 0x00007f77cfa7c328] Compiler: c1, Barriers: 2, Oops: 0, ImmediateOops: 0, NonImmediateOops: No
[2,849s][debug  ][gc,nmethod     ] Register NMethod: jdk.internal.misc.Unsafe.ensureClassInitialized (0x00007f77cfa7ba10) [0x00007f77cfa7bbc0, 0x00007f77cfa7bdf8] Compiler: c1, Barriers: 0, Oops: 0, ImmediateOops: 0, NonImmediateOops: No
[2,850s][debug  ][gc,nmethod     ] Register NMethod: java.lang.Throwable.<init> (0x00007f77cfa7b310) [0x00007f77cfa7b4e0, 0x00007f77cfa7b8f8] Compiler: c1, Barriers: 12, Oops: 0, ImmediateOops: 2, NonImmediateOops: No
[2,851s][debug  ][gc,nmethod     ] Register NMethod: net.openhft.chronicle.bytes.AbstractBytes.writeOffsetPositionMoved (0x00007f77cfa4a010) [0x00007f77cfa4a1c0, 0x00007f77cfa4a380] Compiler: c1, Barriers: 0, Oops: 1, ImmediateOops: 0, NonImmediateOops: No
[2,851s][debug  ][gc,nmethod     ] Register NMethod: sun.misc.Unsafe.putLong (0x00007f77cfa7af90) [0x00007f77cfa7b120, 0x00007f77cfa7b228] Compiler: c1, Barriers: 0, Oops: 0, ImmediateOops: 0, NonImmediateOops: No
[2,851s][debug  ][gc,nmethod     ] Register NMethod: net.openhft.chronicle.core.UnsafeMemory.writeLong (0x00007f77cfa49b90) [0x00007f77cfa49d20, 0x00007f77cfa49ef0] Compiler: c1, Barriers: 0, Oops: 1, ImmediateOops: 1, NonImmediateOops: No
[2,851s][debug  ][gc,nmethod     ] Register NMethod: jdk.internal.misc.Unsafe.checkSize (0x00007f77cfa49690) [0x00007f77cfa49840, 0x00007f77cfa49ac0] Compiler: c1, Barriers: 0, Oops: 0, ImmediateOops: 0, NonImmediateOops: No
[2,852s][debug  ][gc,nmethod     ] Register NMethod: java.lang.invoke.MethodHandle.linkToStatic (0x00007f77ef27c190) [0x00007f77ef27c300, 0x00007f77ef27c3f0] Compiler: , Barriers: 0, Oops: 0, ImmediateOops: 0, NonImmediateOops: No
[2,852s][debug  ][gc,nmethod     ] Register NMethod: net.openhft.chronicle.bytes.NativeBytes.writeOffsetPositionMoved (0x00007f77cfa48890) [0x00007f77cfa48ac0, 0x00007f77cfa49420] Compiler: c1, Barriers: 2, Oops: 1, ImmediateOops: 0, NonImmediateOops: No
[2,852s][debug  ][gc,nmethod     ] Register NMethod: java.lang.invoke.MethodHandle.linkToSpecial (0x00007f77ef27c490) [0x00007f77ef27c600, 0x00007f77ef27c6f8] Compiler: , Barriers: 0, Oops: 0, ImmediateOops: 0, NonImmediateOops: No
[2,852s][debug  ][gc,nmethod     ] Register NMethod: java.lang.invoke.MethodHandle.invokeBasic (0x00007f77ef27c790) [0x00007f77ef27c920, 0x00007f77ef27cbb8] Compiler: , Barriers: 0, Oops: 0, ImmediateOops: 0, NonImmediateOops: No
[2,852s][debug  ][gc,nmethod     ] Register NMethod: java.lang.invoke.MethodHandle.linkToSpecial (0x00007f77ef27cc10) [0x00007f77ef27cd80, 0x00007f77ef27ce78] Compiler: , Barriers: 0, Oops: 0, ImmediateOops: 0, NonImmediateOops: No
[2,854s][debug  ][gc,nmethod     ] Register NMethod: java.lang.invoke.MethodHandle.linkToSpecial (0x00007f77ef27cf10) [0x00007f77ef27d080, 0x00007f77ef27d178] Compiler: , Barriers: 0, Oops: 0, ImmediateOops: 0, NonImmediateOops: No
[2,854s][debug  ][gc,nmethod     ] Register NMethod: java.lang.invoke.MethodHandle.linkToSpecial (0x00007f77ef27d210) [0x00007f77ef27d380, 0x00007f77ef27d478] Compiler: , Barriers: 0, Oops: 0, ImmediateOops: 0, NonImmediateOops: No
[2,854s][debug  ][gc,nmethod     ] Register NMethod: java.lang.invoke.MethodHandle.invokeBasic (0x00007f77ef27d510) [0x00007f77ef27d6a0, 0x00007f77ef27d938] Compiler: , Barriers: 0, Oops: 0, ImmediateOops: 0, NonImmediateOops: No
[2,855s][debug  ][gc,nmethod     ] Register NMethod: java.lang.invoke.MethodHandle.linkToSpecial (0x00007f77ef27d990) [0x00007f77ef27db00, 0x00007f77ef27dbf8] Compiler: , Barriers: 0, Oops: 0, ImmediateOops: 0, NonImmediateOops: No
[2,855s][debug  ][gc,nmethod     ] Register NMethod: java.lang.invoke.MethodHandle.linkToSpecial (0x00007f77ef27dc90) [0x00007f77ef27de00, 0x00007f77ef27def8] Compiler: , Barriers: 0, Oops: 0, ImmediateOops: 0, NonImmediateOops: No
[2,855s][debug  ][gc,nmethod     ] Register NMethod: java.lang.invoke.MethodHandle.linkToSpecial (0x00007f77ef27df90) [0x00007f77ef27e100, 0x00007f77ef27e1f8] Compiler: , Barriers: 0, Oops: 0, ImmediateOops: 0, NonImmediateOops: No
[2,855s][debug  ][gc,nmethod     ] Register NMethod: java.lang.invoke.MethodHandle.invokeBasic (0x00007f77ef27e290) [0x00007f77ef27e420, 0x00007f77ef27e6b8] Compiler: , Barriers: 0, Oops: 0, ImmediateOops: 0, NonImmediateOops: No
[2,855s][debug  ][gc,nmethod     ] Register NMethod: java.lang.invoke.MethodHandle.linkToSpecial (0x00007f77ef27e710) [0x00007f77ef27e880, 0x00007f77ef27e978] Compiler: , Barriers: 0, Oops: 0, ImmediateOops: 0, NonImmediateOops: No
[2,856s][debug  ][gc,nmethod     ] Register NMethod: java.lang.invoke.LambdaForm$Name.<init> (0x00007f77cfa47990) [0x00007f77cfa47be0, 0x00007f77cfa48558] Compiler: c1, Barriers: 11, Oops: 0, ImmediateOops: 0, NonImmediateOops: No
[2,856s][debug  ][gc,nmethod     ] Register NMethod: jdk.internal.misc.Unsafe.putIntUnaligned (0x00007f77cfa47210) [0x00007f77cfa473c0, 0x00007f77cfa47608] Compiler: c1, Barriers: 0, Oops: 0, ImmediateOops: 0, NonImmediateOops: No
[2,857s][debug  ][gc,nmethod     ] Register NMethod: java.lang.invoke.VarHandleByteArrayAsInts$ArrayHandle.set (0x00007f77cfa8b890) [0x00007f77cfa8ba60, 0x00007f77cfa8be60] Compiler: c1, Barriers: 0, Oops: 2, ImmediateOops: 2, NonImmediateOops: No
[2,857s][debug  ][gc,nmethod     ] Register NMethod: jdk.internal.misc.Unsafe.putIntUnaligned (0x00007f77cfa8b290) [0x00007f77cfa8b460, 0x00007f77cfa8b7e8] Compiler: c1, Barriers: 0, Oops: 0, ImmediateOops: 0, NonImmediateOops: No
[2,859s][debug  ][gc,nmethod     ] Register NMethod: jdk.internal.loader.NativeLibrary.findEntry0 (0x00007f77ef27ea10) [0x00007f77ef27eba0, 0x00007f77ef27ed88] Compiler: , Barriers: 0, Oops: 0, ImmediateOops: 1, NonImmediateOops: No
[2,859s][debug  ][gc,nmethod     ] Register NMethod: jdk.internal.loader.NativeLibraries$NativeLibraryImpl.find (0x00007f77cfa8af10) [0x00007f77cfa8b0c0, 0x00007f77cfa8b200] Compiler: c1, Barriers: 0, Oops: 0, ImmediateOops: 0, NonImmediateOops: No
[2,859s][debug  ][gc,director    ] Rule Major: Warmup 10%, Used: 90MB, UsedThreshold: 1536MB
[2,860s][debug  ][gc,nmethod     ] Register NMethod: jdk.internal.misc.Unsafe.getIntVolatile (0x00007f77ef27ee10) [0x00007f77ef27efa0, 0x00007f77ef27f180] Compiler: , Barriers: 0, Oops: 0, ImmediateOops: 0, NonImmediateOops: No
[2,860s][debug  ][gc,nmethod     ] Register NMethod: java.nio.ByteOrder.nativeOrder (0x00007f77cfa8ac10) [0x00007f77cfa8ada0, 0x00007f77cfa8ae90] Compiler: c1, Barriers: 0, Oops: 0, ImmediateOops: 1, NonImmediateOops: No
[2,863s][debug  ][gc,nmethod     ] Register NMethod: sun.nio.fs.UnixPath.getFileSystem (0x00007f77cfa8a890) [0x00007f77cfa8aa20, 0x00007f77cfa8ab78] Compiler: c1, Barriers: 1, Oops: 0, ImmediateOops: 0, NonImmediateOops: No
[2,863s][debug  ][gc,nmethod     ] Register NMethod: net.openhft.chronicle.core.util.ObjectUtils.requireNonNull (0x00007f77cfa8a510) [0x00007f77cfa8a6a0, 0x00007f77cfa8a7d8] Compiler: c1, Barriers: 1, Oops: 1, ImmediateOops: 0, NonImmediateOops: No
[2,866s][debug  ][gc,nmethod     ] Register NMethod: jdk.internal.misc.Unsafe.checkOffset (0x00007f77cfa89f90) [0x00007f77cfa8a140, 0x00007f77cfa8a3c0] Compiler: c1, Barriers: 0, Oops: 0, ImmediateOops: 0, NonImmediateOops: No
[2,866s][debug  ][gc,nmethod     ] Register NMethod: net.openhft.chronicle.core.util.Longs.requireNonNegative (0x00007f77cfa89810) [0x00007f77cfa89a00, 0x00007f77cfa89e20] Compiler: c1, Barriers: 1, Oops: 1, ImmediateOops: 0, NonImmediateOops: No
[2,866s][debug  ][gc,nmethod     ] Register NMethod: jdk.internal.misc.Unsafe.copyMemory (0x00007f77cfaa7610) [0x00007f77cfaa78e0, 0x00007f77cfaa86a8] Compiler: c1, Barriers: 4, Oops: 0, ImmediateOops: 0, NonImmediateOops: No
[2,866s][debug  ][gc,nmethod     ] Register NMethod: jdk.internal.misc.Unsafe.copyMemoryChecks (0x00007f77cfaa6010) [0x00007f77cfaa62e0, 0x00007f77cfaa70b8] Compiler: c1, Barriers: 4, Oops: 0, ImmediateOops: 0, NonImmediateOops: No
[2,868s][debug  ][gc,nmethod     ] Register NMethod: net.openhft.chronicle.bytes.AbstractBytes.readLimit (0x00007f77cfaa5c10) [0x00007f77cfaa5da0, 0x00007f77cfaa5f30] Compiler: c1, Barriers: 0, Oops: 1, ImmediateOops: 0, NonImmediateOops: No
[2,869s][debug  ][gc,nmethod     ] Register NMethod: jdk.internal.misc.Unsafe.copyMemory0 (0x00007f77ef27f190) [0x00007f77ef27f320, 0x00007f77ef27f508] Compiler: , Barriers: 0, Oops: 0, ImmediateOops: 0, NonImmediateOops: No
[2,869s][debug  ][gc,director    ] Rule Major: Warmup 10%, Used: 90MB, UsedThreshold: 1536MB
[2,869s][debug  ][gc,nmethod     ] Register NMethod: java.util.concurrent.atomic.AtomicReference.get (0x00007f77ef27f590) [0x00007f77ef27f720, 0x00007f77ef27f810] Compiler: c1, Barriers: 1, Oops: 0, ImmediateOops: 0, NonImmediateOops: No
[2,869s][debug  ][gc,nmethod     ] Register NMethod: net.openhft.chronicle.bytes.AbstractBytes.start (0x00007f77cfaa5710) [0x00007f77cfaa58c0, 0x00007f77cfaa5ab8] Compiler: c1, Barriers: 1, Oops: 1, ImmediateOops: 0, NonImmediateOops: No
[2,870s][debug  ][gc,nmethod     ] Register NMethod: java.lang.Math.toIntExact (0x00007f77cfa89390) [0x00007f77cfa89540, 0x00007f77cfa89738] Compiler: c1, Barriers: 0, Oops: 0, ImmediateOops: 1, NonImmediateOops: No
[2,870s][debug  ][gc,nmethod     ] Register NMethod: net.openhft.chronicle.bytes.AbstractBytes.readPosition (0x00007f77ef27f890) [0x00007f77ef27fa20, 0x00007f77ef27fae0] Compiler: c1, Barriers: 0, Oops: 1, ImmediateOops: 0, NonImmediateOops: No
[2,870s][debug  ][gc,nmethod     ] Register NMethod: net.openhft.chronicle.bytes.AbstractBytes.readCheckOffset (0x00007f77cfa88f90) [0x00007f77cfa89140, 0x00007f77cfa89290] Compiler: c1, Barriers: 0, Oops: 1, ImmediateOops: 0, NonImmediateOops: No
[2,870s][debug  ][gc,nmethod     ] Register NMethod: java.util.ArrayList.toArray (0x00007f77cfc00890) [0x00007f77cfc00a40, 0x00007f77cfc00c68] Compiler: c1, Barriers: 2, Oops: 0, ImmediateOops: 0, NonImmediateOops: No
[2,870s][debug  ][gc,nmethod     ] Register NMethod: net.openhft.chronicle.bytes.AbstractBytes.readOffsetPositionMoved (0x00007f77cfbffe90) [0x00007f77cfc00080, 0x00007f77cfc00698] Compiler: c1, Barriers: 0, Oops: 1, ImmediateOops: 1, NonImmediateOops: No
[2,870s][debug  ][gc,nmethod     ] Register NMethod: sun.misc.Unsafe.getByte (0x00007f77cfa88c10) [0x00007f77cfa88da0, 0x00007f77cfa88eb0] Compiler: c1, Barriers: 0, Oops: 0, ImmediateOops: 0, NonImmediateOops: No
[2,870s][debug  ][gc,nmethod     ] Register NMethod: net.openhft.chronicle.bytes.internal.HeapBytesStore.capacity (0x00007f77ef27fb90) [0x00007f77ef27fd20, 0x00007f77ef27fde0] Compiler: c1, Barriers: 0, Oops: 1, ImmediateOops: 0, NonImmediateOops: No
[2,871s][debug  ][gc,nmethod     ] Register NMethod: net.openhft.chronicle.bytes.AbstractBytes.readCheckOffset0 (0x00007f77cfbff410) [0x00007f77cfbff600, 0x00007f77cfbffc48] Compiler: c1, Barriers: 1, Oops: 1, ImmediateOops: 0, NonImmediateOops: No
[2,871s][debug  ][gc,nmethod     ] Register NMethod: java.nio.ByteBuffer.array (0x00007f77cfbfee10) [0x00007f77cfbfefe0, 0x00007f77cfbff2e0] Compiler: c1, Barriers: 1, Oops: 0, ImmediateOops: 0, NonImmediateOops: No
[2,871s][debug  ][gc,nmethod     ] Register NMethod: java.nio.ByteBuffer.limit (0x00007f77cfbfea90) [0x00007f77cfbfec40, 0x00007f77cfbfed88] Compiler: c1, Barriers: 0, Oops: 0, ImmediateOops: 0, NonImmediateOops: No
[2,871s][debug  ][gc,nmethod     ] Register NMethod: org.magicwerk.brownies.collections.GapList.size (0x00007f77ef27fe90) [0x00007f77ef280020, 0x00007f77ef2800e0] Compiler: c1, Barriers: 0, Oops: 1, ImmediateOops: 0, NonImmediateOops: No
[2,874s][debug  ][gc,nmethod     ] Register NMethod: net.openhft.chronicle.core.UnsafeMemory.readByte (0x00007f77cfbfe610) [0x00007f77cfbfe7a0, 0x00007f77cfbfe978] Compiler: c1, Barriers: 0, Oops: 1, ImmediateOops: 1, NonImmediateOops: No
[2,874s][debug  ][gc,nmethod     ] Register NMethod: java.io.ByteArrayInputStream.read (0x00007f77cfbfdc10) [0x00007f77cfbfde00, 0x00007f77cfbfe450] Compiler: c1, Barriers: 1, Oops: 0, ImmediateOops: 0, NonImmediateOops: No
[2,874s][debug  ][gc,nmethod     ] Register NMethod: java.util.BitSet.wordIndex (0x00007f77cfbfd910) [0x00007f77cfbfdaa0, 0x00007f77cfbfdb88] Compiler: c1, Barriers: 0, Oops: 0, ImmediateOops: 0, NonImmediateOops: No
[2,874s][debug  ][gc,nmethod     ] Register NMethod: net.openhft.chronicle.bytes.internal.HeapBytesStore.readByte (0x00007f77cfa5f910) [0x00007f77cfa5fb00, 0x00007f77cfa60248] Compiler: c1, Barriers: 3, Oops: 1, ImmediateOops: 2, NonImmediateOops: No
[2,875s][debug  ][gc,nmethod     ] Register NMethod: java.util.Arrays.copyOfRange (0x00007f77ef280190) [0x00007f77ef280340, 0x00007f77ef280790] Compiler: c2, Barriers: 0, Oops: 0, ImmediateOops: 0, NonImmediateOops: No
[2,877s][debug  ][gc,nmethod     ] Register NMethod: java.nio.HeapByteBuffer.ix (0x00007f77cfbfd490) [0x00007f77cfbfd620, 0x00007f77cfbfd728] Compiler: c1, Barriers: 0, Oops: 0, ImmediateOops: 0, NonImmediateOops: No
[2,879s][debug  ][gc,director    ] Rule Major: Warmup 10%, Used: 90MB, UsedThreshold: 1536MB
[2,886s][debug  ][gc,nmethod     ] Register NMethod: java.util.BitSet.checkInvariants (0x00007f77cfa5f590) [0x00007f77cfa5f720, 0x00007f77cfa5f858] Compiler: c1, Barriers: 0, Oops: 0, ImmediateOops: 0, NonImmediateOops: No
[2,886s][debug  ][gc,nmethod     ] Register NMethod: java.lang.ThreadLocal.get (0x00007f77cfa5ef10) [0x00007f77cfa5f0e0, 0x00007f77cfa5f408] Compiler: c1, Barriers: 1, Oops: 0, ImmediateOops: 0, NonImmediateOops: No
[2,886s][debug  ][gc,nmethod     ] Register NMethod: net.openhft.chronicle.bytes.AbstractBytes.readByte (0x00007f77cfa5e890) [0x00007f77cfa5ea60, 0x00007f77cfa5edb8] Compiler: c1, Barriers: 1, Oops: 1, ImmediateOops: 0, NonImmediateOops: No
[2,889s][debug  ][gc,director    ] Rule Major: Warmup 10%, Used: 92MB, UsedThreshold: 1536MB
[2,890s][debug  ][gc,nmethod     ] Register NMethod: net.jpountz.util.SafeUtils.checkRange (0x00007f77cfa5e390) [0x00007f77cfa5e540, 0x00007f77cfa5e780] Compiler: c1, Barriers: 0, Oops: 1, ImmediateOops: 0, NonImmediateOops: No
[2,892s][debug  ][gc,nmethod     ] Register NMethod: io.sirix.settings.Fixed.getStandardProperty (0x00007f77ef280990) [0x00007f77ef280b20, 0x00007f77ef280be0] Compiler: c1, Barriers: 0, Oops: 1, ImmediateOops: 0, NonImmediateOops: No
[2,893s][debug  ][gc,nmethod     ] Register NMethod: io.sirix.page.PageReference.setPage (0x00007f77ef280c90) [0x00007f77ef280e20, 0x00007f77ef280f58] Compiler: c1, Barriers: 3, Oops: 1, ImmediateOops: 0, NonImmediateOops: No
[2,893s][debug  ][gc,nmethod     ] Register NMethod: net.openhft.chronicle.core.io.VanillaReferenceCounted.refCount (0x00007f77ef281010) [0x00007f77ef2811a0, 0x00007f77ef281260] Compiler: c1, Barriers: 0, Oops: 1, ImmediateOops: 0, NonImmediateOops: No
[2,893s][debug  ][gc,nmethod     ] Register NMethod: io.sirix.access.trx.page.NodePageReadOnlyTrx.assertNotClosed (0x00007f77cfa5de90) [0x00007f77cfa5e040, 0x00007f77cfa5e270] Compiler: c1, Barriers: 0, Oops: 1, ImmediateOops: 1, NonImmediateOops: No
[2,893s][debug  ][gc,nmethod     ] Register NMethod: io.sirix.node.delegates.StructNodeDelegate.delegate (0x00007f77ef281310) [0x00007f77ef2814a0, 0x00007f77ef281590] Compiler: c1, Barriers: 1, Oops: 1, ImmediateOops: 0, NonImmediateOops: No
[2,893s][debug  ][gc,nmethod     ] Register NMethod: io.sirix.node.delegates.NodeDelegate.getNodeKey (0x00007f77ef281610) [0x00007f77ef2817a0, 0x00007f77ef281860] Compiler: c1, Barriers: 0, Oops: 1, ImmediateOops: 0, NonImmediateOops: No
[2,893s][debug  ][gc,nmethod     ] Register NMethod: io.sirix.page.RevisionRootPage.getRevision (0x00007f77ef281910) [0x00007f77ef281aa0, 0x00007f77ef281b60] Compiler: c1, Barriers: 0, Oops: 1, ImmediateOops: 0, NonImmediateOops: No
[2,894s][debug  ][gc,nmethod     ] Register NMethod: io.sirix.node.AbstractForwardingNode.getNodeKey (0x00007f77cfa5da10) [0x00007f77cfa5dbc0, 0x00007f77cfa5ddb0] Compiler: c1, Barriers: 0, Oops: 1, ImmediateOops: 0, NonImmediateOops: No
[2,894s][debug  ][gc,nmethod     ] Register NMethod: io.sirix.api.PageReadOnlyTrx.recordPageOffset (0x00007f77cfa5d710) [0x00007f77cfa5d8a0, 0x00007f77cfa5d9a0] Compiler: c1, Barriers: 0, Oops: 1, ImmediateOops: 0, NonImmediateOops: No
[2,894s][debug  ][gc,nmethod     ] Register NMethod: io.sirix.node.AbstractForwardingNode.getNodeDelegate (0x00007f77cfa5d310) [0x00007f77cfa5d4c0, 0x00007f77cfa5d678] Compiler: c1, Barriers: 0, Oops: 1, ImmediateOops: 0, NonImmediateOops: No
[2,895s][debug  ][gc,nmethod     ] Register NMethod: io.sirix.node.delegates.NodeDelegate.getParentKey (0x00007f77ef281c10) [0x00007f77ef281da0, 0x00007f77ef281e60] Compiler: c1, Barriers: 0, Oops: 1, ImmediateOops: 0, NonImmediateOops: No
[2,895s][debug  ][gc,nmethod     ] Register NMethod: io.sirix.access.trx.node.AbstractNodeReadOnlyTrx.assertNotClosed (0x00007f77cfa5ce10) [0x00007f77cfa5cfc0, 0x00007f77cfa5d1e0] Compiler: c1, Barriers: 0, Oops: 1, ImmediateOops: 1, NonImmediateOops: No
[2,895s][debug  ][gc,nmethod     ] Register NMethod: net.openhft.chronicle.bytes.NativeBytes.writeByte (0x00007f77cfa5ca10) [0x00007f77cfa5cbc0, 0x00007f77cfa5cd70] Compiler: c1, Barriers: 0, Oops: 1, ImmediateOops: 0, NonImmediateOops: No
[2,895s][debug  ][gc,nmethod     ] Register NMethod: net.openhft.chronicle.bytes.NativeBytes.writeByte (0x00007f77cfa3b290) [0x00007f77cfa3b440, 0x00007f77cfa3b698] Compiler: c1, Barriers: 1, Oops: 1, ImmediateOops: 0, NonImmediateOops: No
[2,895s][debug  ][gc,nmethod     ] Register NMethod: io.sirix.access.trx.node.AbstractNodeReadOnlyTrx.getCurrentNode (0x00007f77ef281f10) [0x00007f77ef2820a0, 0x00007f77ef282190] Compiler: c1, Barriers: 1, Oops: 1, ImmediateOops: 0, NonImmediateOops: No
[2,896s][debug  ][gc,nmethod     ] Register NMethod: io.sirix.cache.PageContainer.getModified (0x00007f77ef282210) [0x00007f77ef2823a0, 0x00007f77ef282490] Compiler: c1, Barriers: 1, Oops: 1, ImmediateOops: 0, NonImmediateOops: No
[2,896s][debug  ][gc,nmethod     ] Register NMethod: net.openhft.hashing.Access.i64 (0x00007f77cfa3ae90) [0x00007f77cfa3b040, 0x00007f77cfa3b1f8] Compiler: c1, Barriers: 0, Oops: 1, ImmediateOops: 0, NonImmediateOops: No
[2,896s][debug  ][gc,nmethod     ] Register NMethod: io.sirix.node.json.ObjectKeyNode.delegate (0x00007f77cfa3a990) [0x00007f77cfa3ab40, 0x00007f77cfa3ad98] Compiler: c1, Barriers: 2, Oops: 1, ImmediateOops: 0, NonImmediateOops: No
[2,896s][debug  ][gc,nmethod     ] Register NMethod: net.openhft.hashing.UnsafeAccess.getLong (0x00007f77cfa3a590) [0x00007f77cfa3a720, 0x00007f77cfa3a8e8] Compiler: c1, Barriers: 0, Oops: 1, ImmediateOops: 1, NonImmediateOops: No
[2,896s][debug  ][gc,nmethod     ] Register NMethod: net.openhft.chronicle.bytes.BytesStore.safeLimit (0x00007f77cfa3a190) [0x00007f77cfa3a340, 0x00007f77cfa3a4f8] Compiler: c1, Barriers: 0, Oops: 1, ImmediateOops: 0, NonImmediateOops: No
[2,896s][debug  ][gc,nmethod     ] Register NMethod: io.sirix.access.trx.page.NodePageReadOnlyTrx.pageKey (0x00007f77cfa39990) [0x00007f77cfa39b60, 0x00007f77cfa39fb8] Compiler: c1, Barriers: 0, Oops: 1, ImmediateOops: 2, NonImmediateOops: No
[2,896s][debug  ][gc,nmethod     ] Register NMethod: io.sirix.access.trx.page.NodePageTrx.getMostRecentPageContainer (0x00007f77cfa38f90) [0x00007f77cfa39180, 0x00007f77cfa39880] Compiler: c1, Barriers: 9, Oops: 1, ImmediateOops: 1, NonImmediateOops: No
[2,896s][debug  ][gc,nmethod     ] Register NMethod: java.lang.invoke.ClassSpecializer$SpeciesData.factory (0x00007f77cfa38a10) [0x00007f77cfa38bc0, 0x00007f77cfa38e98] Compiler: c1, Barriers: 1, Oops: 0, ImmediateOops: 0, NonImmediateOops: No
[2,896s][debug  ][gc,nmethod     ] Register NMethod: java.lang.invoke.LambdaFormEditor.<init> (0x00007f77cfa38590) [0x00007f77cfa38740, 0x00007f77cfa38918] Compiler: c1, Barriers: 3, Oops: 0, ImmediateOops: 0, NonImmediateOops: No
[2,896s][debug  ][gc,nmethod     ] Register NMethod: java.lang.invoke.LambdaForm.editor (0x00007f77cfa37f10) [0x00007f77cfa380e0, 0x00007f77cfa38410] Compiler: c1, Barriers: 3, Oops: 0, ImmediateOops: 0, NonImmediateOops: No
[2,896s][debug  ][gc,nmethod     ] Register NMethod: java.lang.invoke.LambdaFormEditor.lambdaFormEditor (0x00007f77cfa36910) [0x00007f77cfa36ac0, 0x00007f77cfa36d80] Compiler: c1, Barriers: 3, Oops: 0, ImmediateOops: 0, NonImmediateOops: No
[2,896s][debug  ][gc,nmethod     ] Register NMethod: java.lang.invoke.DelegatingMethodHandle.whichKind (0x00007f77cfa37990) [0x00007f77cfa37b40, 0x00007f77cfa37d18] Compiler: c1, Barriers: 0, Oops: 0, ImmediateOops: 3, NonImmediateOops: No
[2,897s][debug  ][gc,nmethod     ] Register NMethod: java.util.ImmutableCollections$SubList.size (0x00007f77ef282510) [0x00007f77ef2826a0, 0x00007f77ef282760] Compiler: c1, Barriers: 0, Oops: 0, ImmediateOops: 0, NonImmediateOops: No
[2,897s][debug  ][gc,nmethod     ] Register NMethod: java.lang.invoke.BoundMethodHandle$SpeciesData.extendWith (0x00007f77cfa35990) [0x00007f77cfa35c00, 0x00007f77cfa36600] Compiler: c1, Barriers: 7, Oops: 1, ImmediateOops: 1, NonImmediateOops: No
[2,897s][debug  ][gc,nmethod     ] Register NMethod: io.sirix.index.path.summary.PathNode.delegate (0x00007f77ef282810) [0x00007f77ef2829a0, 0x00007f77ef282a90] Compiler: c1, Barriers: 1, Oops: 1, ImmediateOops: 0, NonImmediateOops: No
[2,897s][debug  ][gc,nmethod     ] Register NMethod: io.sirix.node.json.ObjectKeyNode.structDelegate (0x00007f77ef282b10) [0x00007f77ef282ca0, 0x00007f77ef282d90] Compiler: c1, Barriers: 1, Oops: 1, ImmediateOops: 0, NonImmediateOops: No
[2,897s][debug  ][gc,nmethod     ] Register NMethod: io.sirix.page.KeyValueLeafPage.getRecord (0x00007f77cfa35510) [0x00007f77cfa356c0, 0x00007f77cfa35898] Compiler: c1, Barriers: 2, Oops: 1, ImmediateOops: 0, NonImmediateOops: No
[2,897s][debug  ][gc,nmethod     ] Register NMethod: net.openhft.chronicle.core.io.ReferenceCountedTracer.throwExceptionIfReleased (0x00007f77cfa34f90) [0x00007f77cfa35160, 0x00007f77cfa35428] Compiler: c1, Barriers: 0, Oops: 1, ImmediateOops: 1, NonImmediateOops: No
[2,897s][debug  ][gc,nmethod     ] Register NMethod: net.openhft.chronicle.core.io.AbstractReferenceCounted.throwExceptionIfReleased (0x00007f77cfa34810) [0x00007f77cfa349e0, 0x00007f77cfa34de8] Compiler: c1, Barriers: 1, Oops: 1, ImmediateOops: 1, NonImmediateOops: No
[2,898s][debug  ][gc,nmethod     ] Register NMethod: io.sirix.index.path.summary.PathSummaryReader.assertNotClosed (0x00007f77cfa34310) [0x00007f77cfa344c0, 0x00007f77cfa346e0] Compiler: c1, Barriers: 0, Oops: 1, ImmediateOops: 1, NonImmediateOops: No
[2,898s][debug  ][gc,nmethod     ] Register NMethod: io.sirix.access.trx.page.NodePageReadOnlyTrx.getValue (0x00007f77cfa33090) [0x00007f77cfa33320, 0x00007f77cfa33e50] Compiler: c1, Barriers: 6, Oops: 1, ImmediateOops: 0, NonImmediateOops: No
[2,898s][debug  ][gc,nmethod     ] Register NMethod: io.sirix.node.json.ObjectNode.delegate (0x00007f77cfa32b90) [0x00007f77cfa32d40, 0x00007f77cfa32f98] Compiler: c1, Barriers: 2, Oops: 1, ImmediateOops: 0, NonImmediateOops: No
[2,898s][debug  ][gc,nmethod     ] Register NMethod: io.sirix.node.AbstractForwardingNode.getParentKey (0x00007f77cfb6c690) [0x00007f77cfb6c840, 0x00007f77cfb6ca30] Compiler: c1, Barriers: 0, Oops: 1, ImmediateOops: 0, NonImmediateOops: No
[2,898s][debug  ][gc,nmethod     ] Register NMethod: io.sirix.node.delegates.StructNodeDelegate.getDescendantCount (0x00007f77ef282e10) [0x00007f77ef282fa0, 0x00007f77ef283060] Compiler: c1, Barriers: 0, Oops: 1, ImmediateOops: 0, NonImmediateOops: No
[2,898s][debug  ][gc,nmethod     ] Register NMethod: io.sirix.page.PageReference.getPage (0x00007f77ef283110) [0x00007f77ef2832a0, 0x00007f77ef283390] Compiler: c1, Barriers: 1, Oops: 1, ImmediateOops: 0, NonImmediateOops: No
[2,898s][debug  ][gc,nmethod     ] Register NMethod: io.sirix.node.json.ObjectNode.structDelegate (0x00007f77ef283410) [0x00007f77ef2835a0, 0x00007f77ef283690] Compiler: c1, Barriers: 1, Oops: 1, ImmediateOops: 0, NonImmediateOops: No
[2,898s][debug  ][gc,nmethod     ] Register NMethod: java.lang.invoke.DelegatingMethodHandle.makeReinvokerForm (0x00007f77cfb69490) [0x00007f77cfb698a0, 0x00007f77cfb6b970] Compiler: c1, Barriers: 38, Oops: 0, ImmediateOops: 3, NonImmediateOops: No
[2,898s][debug  ][gc,nmethod     ] Register NMethod: io.sirix.access.trx.node.AbstractNodeReadOnlyTrx.setCurrentNode (0x00007f77cfb68e10) [0x00007f77cfb68fe0, 0x00007f77cfb69348] Compiler: c1, Barriers: 3, Oops: 1, ImmediateOops: 1, NonImmediateOops: No
[2,898s][debug  ][gc,nmethod     ] Register NMethod: sun.misc.Unsafe.putByte (0x00007f77cfa5c710) [0x00007f77cfa5c8a0, 0x00007f77cfa5c9a8] Compiler: c1, Barriers: 0, Oops: 0, ImmediateOops: 0, NonImmediateOops: No
[2,898s][debug  ][gc,nmethod     ] Register NMethod: net.openhft.chronicle.core.UnsafeMemory.writeByte (0x00007f77cfa32790) [0x00007f77cfa32920, 0x00007f77cfa32ae8] Compiler: c1, Barriers: 0, Oops: 1, ImmediateOops: 1, NonImmediateOops: No
[2,898s][debug  ][gc,nmethod     ] Register NMethod: net.openhft.chronicle.bytes.StreamingDataOutput.rawWriteByte (0x00007f77cfb68a10) [0x00007f77cfb68bc0, 0x00007f77cfb68d78] Compiler: c1, Barriers: 0, Oops: 1, ImmediateOops: 0, NonImmediateOops: No
[2,898s][debug  ][gc,nmethod     ] Register NMethod: net.openhft.chronicle.bytes.internal.HeapBytesStore.writeByte (0x00007f77cfb68610) [0x00007f77cfb687c0, 0x00007f77cfb68910] Compiler: c1, Barriers: 0, Oops: 1, ImmediateOops: 0, NonImmediateOops: No
[2,899s][debug  ][gc,nmethod     ] Register NMethod: net.openhft.chronicle.bytes.internal.HeapBytesStore.writeByte (0x00007f77cfa72510) [0x00007f77cfa72760, 0x00007f77cfa731b0] Compiler: c1, Barriers: 4, Oops: 1, ImmediateOops: 2, NonImmediateOops: No
[2,899s][debug  ][gc,nmethod     ] Register NMethod: net.openhft.chronicle.bytes.internal.BytesInternal.appendUtf8Char (0x00007f77cfa70a10) [0x00007f77cfa70d00, 0x00007f77cfa72130] Compiler: c1, Barriers: 0, Oops: 1, ImmediateOops: 0, NonImmediateOops: No
[2,899s][debug  ][gc,nmethod     ] Register NMethod: net.openhft.chronicle.bytes.internal.HeapBytesStore.writeLong (0x00007f77cfb68190) [0x00007f77cfb68340, 0x00007f77cfb68490] Compiler: c1, Barriers: 0, Oops: 1, ImmediateOops: 0, NonImmediateOops: No
[2,899s][debug  ][gc,nmethod     ] Register NMethod: net.openhft.chronicle.core.UnsafeMemory.readLong (0x00007f77cfa70610) [0x00007f77cfa707a0, 0x00007f77cfa70968] Compiler: c1, Barriers: 0, Oops: 1, ImmediateOops: 1, NonImmediateOops: No
[2,899s][debug  ][gc,nmethod     ] Register NMethod: net.openhft.chronicle.bytes.internal.HeapBytesStore.readLong (0x00007f77cfa6fa10) [0x00007f77cfa6fc20, 0x00007f77cfa70378] Compiler: c1, Barriers: 3, Oops: 1, ImmediateOops: 2, NonImmediateOops: No
[2,899s][debug  ][gc,nmethod     ] Register NMethod: net.openhft.chronicle.bytes.internal.HeapBytesStore.writeLong (0x00007f77cfa6e910) [0x00007f77cfa6eb60, 0x00007f77cfa6f5b0] Compiler: c1, Barriers: 4, Oops: 1, ImmediateOops: 2, NonImmediateOops: No
[2,899s][debug  ][gc,nmethod     ] Register NMethod: sun.misc.Unsafe.getLong (0x00007f77ef283710) [0x00007f77ef283880, 0x00007f77ef283918] Compiler: c2, Barriers: 0, Oops: 1, ImmediateOops: 0, NonImmediateOops: No
[2,900s][debug  ][gc,nmethod     ] Register NMethod: io.sirix.index.path.summary.PathNode.structDelegate (0x00007f77ef283a10) [0x00007f77ef283ba0, 0x00007f77ef283c90] Compiler: c1, Barriers: 1, Oops: 1, ImmediateOops: 0, NonImmediateOops: No
[2,900s][debug  ][gc,director    ] Rule Major: Warmup 10%, Used: 92MB, UsedThreshold: 1536MB
[2,900s][debug  ][gc,nmethod     ] Register NMethod: java.util.BitSet.expandTo (0x00007f77cfa6e510) [0x00007f77cfa6e6c0, 0x00007f77cfa6e860] Compiler: c1, Barriers: 0, Oops: 0, ImmediateOops: 0, NonImmediateOops: No
[2,900s][debug  ][gc,nmethod     ] Register NMethod: io.sirix.cache.PageContainer.getModifiedAsUnorderedKeyValuePage (0x00007f77cfa6e090) [0x00007f77cfa6e240, 0x00007f77cfa6e450] Compiler: c1, Barriers: 1, Oops: 1, ImmediateOops: 0, NonImmediateOops: No
[2,900s][debug  ][gc,nmethod     ] Register NMethod: io.sirix.node.delegates.StructNodeDelegate.setDescendantCount (0x00007f77ef283d10) [0x00007f77ef283ea0, 0x00007f77ef283f60] Compiler: c1, Barriers: 0, Oops: 1, ImmediateOops: 0, NonImmediateOops: No
[2,900s][debug  ][gc,nmethod     ] Register NMethod: io.sirix.node.json.ObjectKeyNode.getKind (0x00007f77cfa6dc90) [0x00007f77cfa6de20, 0x00007f77cfa6df30] Compiler: c1, Barriers: 0, Oops: 1, ImmediateOops: 1, NonImmediateOops: No
[2,900s][debug  ][gc,nmethod     ] Register NMethod: jdk.internal.org.objectweb.asm.ByteVector.put122 (0x00007f77ef284010) [0x00007f77ef2841c0, 0x00007f77ef284450] Compiler: c2, Barriers: 2, Oops: 0, ImmediateOops: 0, NonImmediateOops: No
[2,900s][debug  ][gc,nmethod     ] Register NMethod: com.google.common.base.Preconditions.checkArgument (0x00007f77cfaa0c90) [0x00007f77cfaa0e60, 0x00007f77cfaa11c0] Compiler: c1, Barriers: 0, Oops: 1, ImmediateOops: 1, NonImmediateOops: No
[2,900s][debug  ][gc,nmethod     ] Register NMethod: io.sirix.page.RevisionRootPage.delegate (0x00007f77ef284590) [0x00007f77ef284720, 0x00007f77ef284810] Compiler: c1, Barriers: 1, Oops: 1, ImmediateOops: 0, NonImmediateOops: No
[2,900s][debug  ][gc,nmethod     ] Register NMethod: io.sirix.axis.filter.AbstractFilter.getTrx (0x00007f77ef284890) [0x00007f77ef284a20, 0x00007f77ef284b10] Compiler: c1, Barriers: 1, Oops: 1, ImmediateOops: 0, NonImmediateOops: No
[2,900s][debug  ][gc,nmethod     ] Register NMethod: io.sirix.access.trx.page.NodePageTrx.prepareRecordPage (0x00007f77cfa9ec90) [0x00007f77cfa9efc0, 0x00007f77cfaa0690] Compiler: c1, Barriers: 36, Oops: 4, ImmediateOops: 5, NonImmediateOops: No
[2,901s][debug  ][gc,nmethod     ] Register NMethod: java.util.BitSet.recalculateWordsInUse (0x00007f77cfa9e790) [0x00007f77cfa9e940, 0x00007f77cfa9eba0] Compiler: c1, Barriers: 1, Oops: 0, ImmediateOops: 0, NonImmediateOops: No
[2,901s][debug  ][gc,nmethod     ] Register NMethod: io.sirix.node.json.JsonDocumentRootNode.delegate (0x00007f77ef284b90) [0x00007f77ef284d20, 0x00007f77ef284e10] Compiler: c1, Barriers: 1, Oops: 1, ImmediateOops: 0, NonImmediateOops: No
[2,901s][debug  ][gc,nmethod     ] Register NMethod: io.sirix.node.json.ObjectNode.getHash (0x00007f77ef284e90) [0x00007f77ef285020, 0x00007f77ef2850e0] Compiler: c1, Barriers: 0, Oops: 1, ImmediateOops: 0, NonImmediateOops: No
[2,901s][debug  ][gc,nmethod     ] Register NMethod: com.google.gson.stream.JsonReader.nextNonWhitespace (0x00007f77cfb16f90) [0x00007f77cfb17480, 0x00007f77cfb194a8] Compiler: c1, Barriers: 1, Oops: 4, ImmediateOops: 5, NonImmediateOops: No
[2,901s][debug  ][gc,nmethod     ] Register NMethod: io.sirix.node.json.ObjectKeyNode.getHash (0x00007f77ef285190) [0x00007f77ef285320, 0x00007f77ef2853e0] Compiler: c1, Barriers: 0, Oops: 1, ImmediateOops: 0, NonImmediateOops: No
[2,901s][debug  ][gc,nmethod     ] Register NMethod: io.sirix.axis.AbstractAxis.getCursor (0x00007f77ef285490) [0x00007f77ef285620, 0x00007f77ef285710] Compiler: c1, Barriers: 1, Oops: 1, ImmediateOops: 0, NonImmediateOops: No
[2,901s][debug  ][gc,nmethod     ] Register NMethod: com.google.common.base.Preconditions.checkArgument (0x00007f77cfa9e310) [0x00007f77cfa9e4c0, 0x00007f77cfa9e6a8] Compiler: c1, Barriers: 0, Oops: 1, ImmediateOops: 0, NonImmediateOops: No
[2,902s][debug  ][gc,nmethod     ] Register NMethod: io.sirix.access.trx.node.AbstractNodeReadOnlyTrx.moveTo (0x00007f77cfa9cb10) [0x00007f77cfa9cdc0, 0x00007f77cfa9ddd8] Compiler: c1, Barriers: 11, Oops: 1, ImmediateOops: 4, NonImmediateOops: No
[2,902s][debug  ][gc,nmethod     ] Register NMethod: io.sirix.access.trx.page.NodePageTrx.prepareRecordForModification (0x00007f77cfb15690) [0x00007f77cfb15980, 0x00007f77cfb16900] Compiler: c1, Barriers: 7, Oops: 2, ImmediateOops: 4, NonImmediateOops: No
[2,902s][debug  ][gc,nmethod     ] Register NMethod: io.sirix.access.trx.page.NodePageTrx.getPageContainer (0x00007f77cfb14210) [0x00007f77cfb14480, 0x00007f77cfb152d0] Compiler: c1, Barriers: 12, Oops: 4, ImmediateOops: 4, NonImmediateOops: No
[2,902s][debug  ][gc,nmethod     ] Register NMethod: io.sirix.node.delegates.StructNodeDelegate.getRightSiblingKey (0x00007f77ef285790) [0x00007f77ef285920, 0x00007f77ef2859e0] Compiler: c1, Barriers: 0, Oops: 1, ImmediateOops: 0, NonImmediateOops: No
[2,902s][debug  ][gc,nmethod     ] Register NMethod: io.sirix.access.trx.page.NodePageReadOnlyTrx.checkItemIfDeleted (0x00007f77cfa9c690) [0x00007f77cfa9c840, 0x00007f77cfa9ca90] Compiler: c1, Barriers: 0, Oops: 1, ImmediateOops: 0, NonImmediateOops: No
[2,902s][debug  ][gc,nmethod     ] Register NMethod: io.sirix.utils.IntToObjectMap.calcBaseHashIndex (0x00007f77cfa9c390) [0x00007f77cfa9c520, 0x00007f77cfa9c628] Compiler: c1, Barriers: 0, Oops: 1, ImmediateOops: 0, NonImmediateOops: No
[2,902s][debug  ][gc,nmethod     ] Register NMethod: io.sirix.access.trx.page.NodePageTrx.getRecord (0x00007f77cfaf3090) [0x00007f77cfaf3340, 0x00007f77cfaf4060] Compiler: c1, Barriers: 8, Oops: 1, ImmediateOops: 2, NonImmediateOops: No
[2,902s][debug  ][gc,nmethod     ] Register NMethod: io.sirix.api.PageReadOnlyTrx.recordPageOffset (0x00007f77ef285a90) [0x00007f77ef285c00, 0x00007f77ef285c78] Compiler: c2, Barriers: 0, Oops: 1, ImmediateOops: 0, NonImmediateOops: No
[2,902s][debug  ][gc,nmethod     ] Register NMethod: net.openhft.chronicle.bytes.NativeBytes.capacity (0x00007f77ef285d90) [0x00007f77ef285f20, 0x00007f77ef285fe0] Compiler: c1, Barriers: 0, Oops: 1, ImmediateOops: 0, NonImmediateOops: No
[2,902s][debug  ][gc,nmethod     ] Register NMethod: net.openhft.chronicle.bytes.NativeBytes.writeLong (0x00007f77cfa9bf90) [0x00007f77cfa9c140, 0x00007f77cfa9c2f0] Compiler: c1, Barriers: 0, Oops: 1, ImmediateOops: 0, NonImmediateOops: No
[2,902s][debug  ][gc,nmethod     ] Register NMethod: io.sirix.access.trx.node.json.JsonNodeHashing.getCurrentNode (0x00007f77cfa9b810) [0x00007f77cfa9b9c0, 0x00007f77cfa9bbe8] Compiler: c1, Barriers: 2, Oops: 1, ImmediateOops: 0, NonImmediateOops: No
[2,902s][debug  ][gc,nmethod     ] Register NMethod: net.openhft.chronicle.bytes.NativeBytes.writeLong (0x00007f77cfb13d10) [0x00007f77cfb13ec0, 0x00007f77cfb14118] Compiler: c1, Barriers: 1, Oops: 1, ImmediateOops: 0, NonImmediateOops: No
[2,902s][debug  ][gc,nmethod     ] Register NMethod: io.sirix.index.path.summary.PathSummaryReader.getStructuralNode (0x00007f77cfb13890) [0x00007f77cfb13a40, 0x00007f77cfb13c60] Compiler: c1, Barriers: 1, Oops: 1, ImmediateOops: 0, NonImmediateOops: No
[2,902s][debug  ][gc,nmethod     ] Register NMethod: com.google.common.base.Preconditions.checkState (0x00007f77cfb13410) [0x00007f77cfb135c0, 0x00007f77cfb137b0] Compiler: c1, Barriers: 0, Oops: 1, ImmediateOops: 0, NonImmediateOops: No
[2,903s][debug  ][gc,nmethod     ] Register NMethod: io.sirix.node.xml.AbstractStructForwardingNode.getDescendantCount (0x00007f77cfb12f10) [0x00007f77cfb130c0, 0x00007f77cfb132b0] Compiler: c1, Barriers: 0, Oops: 1, ImmediateOops: 0, NonImmediateOops: No
[2,903s][debug  ][gc,nmethod     ] Register NMethod: io.sirix.utils.IntToObjectMap.find (0x00007f77cfaf2910) [0x00007f77cfaf2ae0, 0x00007f77cfaf2e88] Compiler: c1, Barriers: 3, Oops: 1, ImmediateOops: 0, NonImmediateOops: No
[2,903s][debug  ][gc,nmethod     ] Register NMethod: io.sirix.index.path.summary.PathSummaryReader.getNodeKey (0x00007f77cfaf2290) [0x00007f77cfaf2460, 0x00007f77cfaf27d8] Compiler: c1, Barriers: 1, Oops: 1, ImmediateOops: 1, NonImmediateOops: No
[2,903s][debug  ][gc,nmethod     ] Register NMethod: io.sirix.axis.AbstractAxis.hasNext (0x00007f77cfaf1810) [0x00007f77cfaf1a40, 0x00007f77cfaf20a0] Compiler: c1, Barriers: 2, Oops: 1, ImmediateOops: 1, NonImmediateOops: No
[2,903s][debug  ][gc,nmethod     ] Register NMethod: io.sirix.access.trx.node.json.JsonNodeTrxImpl.nodeReadOnlyTrxDelegate (0x00007f77cfaf1390) [0x00007f77cfaf1540, 0x00007f77cfaf1768] Compiler: c1, Barriers: 1, Oops: 1, ImmediateOops: 0, NonImmediateOops: No
[2,903s][debug  ][gc,nmethod     ] Register NMethod: io.sirix.node.delegates.NameNodeDelegate.getLocalNameKey (0x00007f77ef286090) [0x00007f77ef286220, 0x00007f77ef2862e0] Compiler: c1, Barriers: 0, Oops: 1, ImmediateOops: 0, NonImmediateOops: No
[2,903s][debug  ][gc,nmethod     ] Register NMethod: java.nio.ByteBuffer.hasArray (0x00007f77cfaf0f90) [0x00007f77cfaf1120, 0x00007f77cfaf12f0] Compiler: c1, Barriers: 1, Oops: 0, ImmediateOops: 0, NonImmediateOops: No
[2,903s][debug  ][gc,nmethod     ] Register NMethod: io.sirix.node.json.ObjectKeyNode.setHash (0x00007f77ef286390) [0x00007f77ef286520, 0x00007f77ef2865e0] Compiler: c1, Barriers: 0, Oops: 1, ImmediateOops: 0, NonImmediateOops: No
[2,903s][debug  ][gc,nmethod     ] Register NMethod: io.sirix.utils.IntToObjectMap.get (0x00007f77cfaf0b10) [0x00007f77cfaf0cc0, 0x00007f77cfaf0ea8] Compiler: c1, Barriers: 2, Oops: 1, ImmediateOops: 0, NonImmediateOops: No
[2,903s][debug  ][gc,nmethod     ] Register NMethod: io.sirix.node.xml.AbstractStructForwardingNode.setDescendantCount (0x00007f77cfaf0690) [0x00007f77cfaf0840, 0x00007f77cfaf0a38] Compiler: c1, Barriers: 0, Oops: 1, ImmediateOops: 0, NonImmediateOops: No
[2,903s][debug  ][gc,nmethod     ] Register NMethod: io.sirix.access.trx.node.AbstractNodeHashing.setAddDescendants (0x00007f77cfaefc10) [0x00007f77cfaefe20, 0x00007f77cfaf04e8] Compiler: c1, Barriers: 0, Oops: 1, ImmediateOops: 0, NonImmediateOops: No
[2,903s][debug  ][gc,nmethod     ] Register NMethod: io.sirix.node.delegates.StructNodeDelegate.hasRightSibling (0x00007f77cfaef810) [0x00007f77cfaef9a0, 0x00007f77cfaefb30] Compiler: c1, Barriers: 0, Oops: 1, ImmediateOops: 1, NonImmediateOops: No
[2,903s][debug  ][gc,nmethod     ] Register NMethod: io.sirix.index.path.summary.PathSummaryReader.moveTo (0x00007f77cfaee890) [0x00007f77cfaeeae0, 0x00007f77cfaef538] Compiler: c1, Barriers: 14, Oops: 1, ImmediateOops: 2, NonImmediateOops: No
[2,903s][debug  ][gc,nmethod     ] Register NMethod: io.sirix.node.json.ObjectNode.setHash (0x00007f77ef286690) [0x00007f77ef286820, 0x00007f77ef2868e0] Compiler: c1, Barriers: 0, Oops: 1, ImmediateOops: 0, NonImmediateOops: No
[2,904s][debug  ][gc,nmethod     ] Register NMethod: io.sirix.node.xml.AbstractStructForwardingNode.hasRightSibling (0x00007f77cfaee310) [0x00007f77cfaee4c0, 0x00007f77cfaee778] Compiler: c1, Barriers: 0, Oops: 1, ImmediateOops: 1, NonImmediateOops: No
[2,904s][debug  ][gc,nmethod     ] Register NMethod: io.sirix.node.xml.AbstractStructForwardingNode.getRightSiblingKey (0x00007f77cfaede90) [0x00007f77cfaee040, 0x00007f77cfaee220] Compiler: c1, Barriers: 0, Oops: 1, ImmediateOops: 0, NonImmediateOops: No
[2,904s][debug  ][gc,nmethod     ] Register NMethod: io.sirix.axis.AbstractAxis.resetToLastKey (0x00007f77cfaed890) [0x00007f77cfaeda60, 0x00007f77cfaedd98] Compiler: c1, Barriers: 2, Oops: 1, ImmediateOops: 0, NonImmediateOops: No
[2,904s][debug  ][gc,nmethod     ] Register NMethod: io.sirix.axis.AbstractAxis.tryToComputeNext (0x00007f77cfaed190) [0x00007f77cfaed360, 0x00007f77cfaed7b0] Compiler: c1, Barriers: 10, Oops: 1, ImmediateOops: 5, NonImmediateOops: No
[2,904s][debug  ][gc,nmethod     ] Register NMethod: it.unimi.dsi.fastutil.HashCommon.mix (0x00007f77cfaecd10) [0x00007f77cfaecea0, 0x00007f77cfaecf98] Compiler: c1, Barriers: 0, Oops: 1, ImmediateOops: 0, NonImmediateOops: No
[2,904s][debug  ][gc,nmethod     ] Register NMethod: io.sirix.axis.ChildAxis.nextKey (0x00007f77cfe06110) [0x00007f77cfe06320, 0x00007f77cfe06a20] Compiler: c1, Barriers: 1, Oops: 1, ImmediateOops: 1, NonImmediateOops: No
[2,904s][debug  ][gc,nmethod     ] Register NMethod: io.sirix.node.json.AbstractStringNode.delegate (0x00007f77cfe06b90) [0x00007f77cfe06d40, 0x00007f77cfe06f98] Compiler: c1, Barriers: 2, Oops: 1, ImmediateOops: 0, NonImmediateOops: No
[2,904s][debug  ][gc,nmethod     ] Register NMethod: io.sirix.index.path.summary.PathSummaryReader.isNameNode (0x00007f77cfe07090) [0x00007f77cfe07260, 0x00007f77cfe07610] Compiler: c1, Barriers: 1, Oops: 1, ImmediateOops: 1, NonImmediateOops: No
[2,904s][debug  ][gc,nmethod     ] Register NMethod: io.sirix.index.path.summary.PathSummaryReader.getLocalNameKey (0x00007f77cfe07710) [0x00007f77cfe07900, 0x00007f77cfe07ec8] Compiler: c1, Barriers: 1, Oops: 1, ImmediateOops: 1, NonImmediateOops: No
[2,904s][debug  ][gc,nmethod     ] Register NMethod: io.sirix.index.path.summary.PathNode.getLocalNameKey (0x00007f77cfe08010) [0x00007f77cfe081a0, 0x00007f77cfe08300] Compiler: c1, Barriers: 1, Oops: 1, ImmediateOops: 0, NonImmediateOops: No
[2,905s][debug  ][gc,nmethod     ] Register NMethod: io.sirix.axis.AbstractAxis.nextLong (0x00007f77cfe08410) [0x00007f77cfe08640, 0x00007f77cfe08ce0] Compiler: c1, Barriers: 5, Oops: 1, ImmediateOops: 1, NonImmediateOops: No
[2,905s][debug  ][gc,nmethod     ] Register NMethod: io.sirix.index.path.summary.PathSummaryReader.hasRightSibling (0x00007f77cfe08f10) [0x00007f77cfe09100, 0x00007f77cfe09588] Compiler: c1, Barriers: 1, Oops: 1, ImmediateOops: 1, NonImmediateOops: No
[2,905s][debug  ][gc,nmethod     ] Register NMethod: io.sirix.axis.filter.PathNameFilter.filter (0x00007f77cfe09710) [0x00007f77cfe099e0, 0x00007f77cfe0ac30] Compiler: c1, Barriers: 5, Oops: 1, ImmediateOops: 3, NonImmediateOops: No
[2,905s][debug  ][gc,nmethod     ] Register NMethod: io.sirix.index.path.summary.PathSummaryReader.getRightSiblingKey (0x00007f77cfe0b010) [0x00007f77cfe0b200, 0x00007f77cfe0b688] Compiler: c1, Barriers: 1, Oops: 1, ImmediateOops: 1, NonImmediateOops: No
[2,905s][debug  ][gc,nmethod     ] Register NMethod: io.sirix.node.json.JsonDocumentRootNode.structDelegate (0x00007f77ef286990) [0x00007f77ef286b20, 0x00007f77ef286c10] Compiler: c1, Barriers: 1, Oops: 1, ImmediateOops: 0, NonImmediateOops: No
[2,905s][debug  ][gc,nmethod     ] Register NMethod: com.google.common.collect.ForwardingObject.<init> (0x00007f77cfe0b810) [0x00007f77cfe0b9a0, 0x00007f77cfe0bb00] Compiler: c1, Barriers: 0, Oops: 1, ImmediateOops: 0, NonImmediateOops: No
[2,905s][debug  ][gc,nmethod     ] Register NMethod: net.openhft.hashing.Maths.unsignedLongMulXorFold (0x00007f77cfe0bc10) [0x00007f77cfe0bdc0, 0x00007f77cfe0bf00] Compiler: c1, Barriers: 0, Oops: 1, ImmediateOops: 1, NonImmediateOops: No
[2,905s][debug  ][gc,nmethod     ] Register NMethod: java.lang.Math.multiplyHigh (0x00007f77cfe0bf90) [0x00007f77cfe0c120, 0x00007f77cfe0c280] Compiler: c1, Barriers: 0, Oops: 0, ImmediateOops: 0, NonImmediateOops: No
[2,905s][debug  ][gc,nmethod     ] Register NMethod: net.openhft.hashing.MathsJDK9.unsignedLongMulXorFoldImp (0x00007f77cfe0c310) [0x00007f77cfe0c4c0, 0x00007f77cfe0c648] Compiler: c1, Barriers: 0, Oops: 1, ImmediateOops: 0, NonImmediateOops: No
[2,905s][debug  ][gc,nmethod     ] Register NMethod: java.lang.Long.bitCount (0x00007f77cfe0c710) [0x00007f77cfe0c8a0, 0x00007f77cfe0ca10] Compiler: c1, Barriers: 0, Oops: 0, ImmediateOops: 0, NonImmediateOops: No
[2,905s][debug  ][gc,nmethod     ] Register NMethod: net.openhft.hashing.XXH3.XXH3_mix16B (0x00007f77cfe0ca90) [0x00007f77cfe0cca0, 0x00007f77cfe0d5d0] Compiler: c1, Barriers: 0, Oops: 3, ImmediateOops: 3, NonImmediateOops: No
[2,905s][debug  ][gc,nmethod     ] Register NMethod: io.sirix.access.trx.node.AbstractNodeReadOnlyTrx.getKind (0x00007f77cfe0d910) [0x00007f77cfe0dae0, 0x00007f77cfe0dec8] Compiler: c1, Barriers: 1, Oops: 1, ImmediateOops: 1, NonImmediateOops: No
[2,905s][debug  ][gc,nmethod     ] Register NMethod: io.sirix.node.json.AbstractNumberNode.delegate (0x00007f77cfe0e010) [0x00007f77cfe0e1c0, 0x00007f77cfe0e418] Compiler: c1, Barriers: 2, Oops: 1, ImmediateOops: 0, NonImmediateOops: No
[2,906s][debug  ][gc,nmethod     ] Register NMethod: io.brackit.query.atomic.QNm.getLocalName (0x00007f77ef286c90) [0x00007f77ef286e20, 0x00007f77ef286f10] Compiler: c1, Barriers: 1, Oops: 1, ImmediateOops: 0, NonImmediateOops: No
[2,906s][debug  ][gc,nmethod     ] Register NMethod: io.sirix.node.AbstractForwardingNode.<init> (0x00007f77cfe0e510) [0x00007f77cfe0e6c0, 0x00007f77cfe0e880] Compiler: c1, Barriers: 0, Oops: 1, ImmediateOops: 0, NonImmediateOops: No
[2,906s][debug  ][gc,nmethod     ] Register NMethod: it.unimi.dsi.fastutil.longs.LongArrayList.size (0x00007f77ef286f90) [0x00007f77ef287120, 0x00007f77ef2871e0] Compiler: c1, Barriers: 0, Oops: 1, ImmediateOops: 0, NonImmediateOops: No
[2,906s][debug  ][gc,nmethod     ] Register NMethod: io.sirix.node.json.JsonDocumentRootNode.getHash (0x00007f77ef287290) [0x00007f77ef287420, 0x00007f77ef2874e0] Compiler: c1, Barriers: 0, Oops: 1, ImmediateOops: 0, NonImmediateOops: No
[2,906s][debug  ][gc,nmethod     ] Register NMethod: io.sirix.page.AbstractForwardingPage.getOrCreateReference (0x00007f77cfe0e990) [0x00007f77cfe0eb40, 0x00007f77cfe0edb8] Compiler: c1, Barriers: 0, Oops: 1, ImmediateOops: 0, NonImmediateOops: No
[2,906s][debug  ][gc,nmethod     ] Register NMethod: io.sirix.node.delegates.StructNodeDelegate.getFirstChildKey (0x00007f77ef287590) [0x00007f77ef287720, 0x00007f77ef2877e0] Compiler: c1, Barriers: 0, Oops: 1, ImmediateOops: 0, NonImmediateOops: No
[2,907s][debug  ][gc,nmethod     ] Register NMethod: java.util.BitSet.set (0x00007f77cfe0ee90) [0x00007f77cfe0f100, 0x00007f77cfe0f930] Compiler: c1, Barriers: 1, Oops: 1, ImmediateOops: 1, NonImmediateOops: No
[2,907s][debug  ][gc,nmethod     ] Register NMethod: java.util.BitSet.cardinality (0x00007f77cfe0fd10) [0x00007f77cfe0fec0, 0x00007f77cfe10138] Compiler: c1, Barriers: 1, Oops: 0, ImmediateOops: 0, NonImmediateOops: No
[2,907s][debug  ][gc,nmethod     ] Register NMethod: org.magicwerk.brownies.collections.GapList.doGet (0x00007f77cfe10290) [0x00007f77cfe10460, 0x00007f77cfe107d8] Compiler: c1, Barriers: 2, Oops: 1, ImmediateOops: 0, NonImmediateOops: No
[2,907s][debug  ][gc,nmethod     ] Register NMethod: org.magicwerk.brownies.collections.GapList.get (0x00007f77cfe10910) [0x00007f77cfe10ba0, 0x00007f77cfe11570] Compiler: c1, Barriers: 0, Oops: 4, ImmediateOops: 3, NonImmediateOops: No
[2,907s][debug  ][gc,nmethod     ] Register NMethod: java.util.BitSet.ensureCapacity (0x00007f77cfe11910) [0x00007f77cfe11ac0, 0x00007f77cfe11da8] Compiler: c1, Barriers: 4, Oops: 0, ImmediateOops: 0, NonImmediateOops: No
[2,908s][debug  ][gc,nmethod     ] Register NMethod: java.util.BitSet.get (0x00007f77cfe11e90) [0x00007f77cfe120e0, 0x00007f77cfe128a0] Compiler: c1, Barriers: 1, Oops: 1, ImmediateOops: 1, NonImmediateOops: No
[2,908s][debug  ][gc,nmethod     ] Register NMethod: java.util.BitSet.clear (0x00007f77cfe12c10) [0x00007f77cfe12dc0, 0x00007f77cfe12fd8] Compiler: c1, Barriers: 1, Oops: 0, ImmediateOops: 0, NonImmediateOops: No
[2,908s][debug  ][gc,nmethod     ] Register NMethod: io.sirix.page.delegates.BitmapReferencesPage.getOrCreateReference (0x00007f77cfe13110) [0x00007f77cfe13300, 0x00007f77cfe13758] Compiler: c1, Barriers: 2, Oops: 1, ImmediateOops: 0, NonImmediateOops: No
[2,908s][debug  ][gc,nmethod     ] Register NMethod: java.util.BitSet.and (0x00007f77cfe13890) [0x00007f77cfe13a80, 0x00007f77cfe13f08] Compiler: c1, Barriers: 3, Oops: 0, ImmediateOops: 0, NonImmediateOops: No
[2,908s][debug  ][gc,nmethod     ] Register NMethod: java.util.BitSet.checkRange (0x00007f77cfe14110) [0x00007f77cfe14480, 0x00007f77cfe15548] Compiler: c1, Barriers: 0, Oops: 4, ImmediateOops: 4, NonImmediateOops: No
[2,908s][debug  ][gc,nmethod     ] Register NMethod: io.sirix.node.delegates.StructNodeDelegate.getLastChildKey (0x00007f77ef287890) [0x00007f77ef287a20, 0x00007f77ef287ae0] Compiler: c1, Barriers: 0, Oops: 1, ImmediateOops: 0, NonImmediateOops: No
[2,908s][debug  ][gc,nmethod     ] Register NMethod: io.sirix.node.delegates.StructNodeDelegate.setFirstChildKey (0x00007f77ef287b90) [0x00007f77ef287d20, 0x00007f77ef287de0] Compiler: c1, Barriers: 0, Oops: 1, ImmediateOops: 0, NonImmediateOops: No
[2,908s][debug  ][gc,nmethod     ] Register NMethod: io.sirix.page.delegates.BitmapReferencesPage.index (0x00007f77cfe15c90) [0x00007f77cfe15ea0, 0x00007f77cfe16420] Compiler: c1, Barriers: 6, Oops: 1, ImmediateOops: 0, NonImmediateOops: No
[2,908s][debug  ][gc,nmethod     ] Register NMethod: com.google.gson.stream.JsonReader.nextQuotedValue (0x00007f77cfe16690) [0x00007f77cfe16a00, 0x00007f77cfe17da8] Compiler: c1, Barriers: 1, Oops: 2, ImmediateOops: 1, NonImmediateOops: No
[2,908s][debug  ][gc,nmethod     ] Register NMethod: java.util.BitSet.flip (0x00007f77cfe18690) [0x00007f77cfe188a0, 0x00007f77cfe18ee8] Compiler: c1, Barriers: 2, Oops: 0, ImmediateOops: 0, NonImmediateOops: No
[2,908s][debug  ][gc,nmethod     ] Register NMethod: java.lang.invoke.MethodHandleImpl$CountingWrapper.getTarget (0x00007f77ef287e90) [0x00007f77ef288020, 0x00007f77ef288110] Compiler: c1, Barriers: 1, Oops: 0, ImmediateOops: 0, NonImmediateOops: No
[2,909s][debug  ][gc,nmethod     ] Register NMethod: io.sirix.node.delegates.StructNodeDelegate.getLeftSiblingKey (0x00007f77ef288190) [0x00007f77ef288320, 0x00007f77ef2883e0] Compiler: c1, Barriers: 0, Oops: 1, ImmediateOops: 0, NonImmediateOops: No
[2,909s][debug  ][gc,nmethod     ] Register NMethod: java.lang.invoke.LambdaForm$MH/0x00000000800c5000.invoke (0x00007f77cfe19210) [0x00007f77cfe193e0, 0x00007f77cfe198d8] Compiler: c1, Barriers: 2, Oops: 1, ImmediateOops: 0, NonImmediateOops: No
[2,909s][debug  ][gc,nmethod     ] Register NMethod: java.lang.invoke.DirectMethodHandle$Holder.invokeSpecial (0x00007f77cfe19a10) [0x00007f77cfe19be0, 0x00007f77cfe1a0d0] Compiler: c1, Barriers: 1, Oops: 0, ImmediateOops: 0, NonImmediateOops: No
[2,909s][debug  ][gc,nmethod     ] Register NMethod: net.openhft.chronicle.bytes.AbstractBytes.clear (0x00007f77cfe1a210) [0x00007f77cfe1a3e0, 0x00007f77cfe1a998] Compiler: c1, Barriers: 1, Oops: 1, ImmediateOops: 0, NonImmediateOops: No
[2,909s][debug  ][gc,nmethod     ] Register NMethod: net.openhft.chronicle.bytes.internal.HeapBytesStore.underlyingObject (0x00007f77ef288490) [0x00007f77ef288620, 0x00007f77ef288710] Compiler: c1, Barriers: 1, Oops: 1, ImmediateOops: 0, NonImmediateOops: No
[2,910s][debug  ][gc,nmethod     ] Register NMethod: io.sirix.node.json.ObjectKeyNode.getPathNodeKey (0x00007f77ef288790) [0x00007f77ef288920, 0x00007f77ef2889e0] Compiler: c1, Barriers: 0, Oops: 1, ImmediateOops: 0, NonImmediateOops: No
[2,910s][debug  ][gc,nmethod     ] Register NMethod: java.lang.Integer.hashCode (0x00007f77cfe1ab10) [0x00007f77cfe1aca0, 0x00007f77cfe1ad88] Compiler: c1, Barriers: 0, Oops: 0, ImmediateOops: 0, NonImmediateOops: No
[2,910s][debug  ][gc,nmethod     ] Register NMethod: java.lang.Integer.hashCode (0x00007f77cfe1ae10) [0x00007f77cfe1afa0, 0x00007f77cfe1b100] Compiler: c1, Barriers: 0, Oops: 0, ImmediateOops: 0, NonImmediateOops: No
[2,910s][debug  ][gc,director    ] Rule Major: Warmup 10%, Used: 92MB, UsedThreshold: 1536MB
[2,910s][debug  ][gc,nmethod     ] Register NMethod: io.sirix.access.trx.page.NodePageTrx.createRecord (0x00007f77cfe1b190) [0x00007f77cfe1b560, 0x00007f77cfe1cea0] Compiler: c1, Barriers: 18, Oops: 1, ImmediateOops: 2, NonImmediateOops: No
[2,910s][debug  ][gc,nmethod     ] Register NMethod: io.sirix.node.AbstractForwardingNode.getNodeKey (0x00007f77ef288a90) [0x00007f77ef288c20, 0x00007f77ef288cd8] Compiler: c2, Barriers: 0, Oops: 1, ImmediateOops: 0, NonImmediateOops: No
[2,911s][debug  ][gc,nmethod     ] Register NMethod: io.sirix.node.json.ObjectKeyNode.getKind (0x00007f77ef288d90) [0x00007f77ef288f00, 0x00007f77ef288f80] Compiler: c2, Barriers: 0, Oops: 1, ImmediateOops: 1, NonImmediateOops: No
[2,911s][debug  ][gc,nmethod     ] Register NMethod: java.util.HashMap.hash (0x00007f77cfe1d710) [0x00007f77cfe1d8c0, 0x00007f77cfe1dac0] Compiler: c1, Barriers: 0, Oops: 0, ImmediateOops: 0, NonImmediateOops: No
[2,911s][debug  ][gc,nmethod     ] Register NMethod: io.sirix.node.NodeKind.getId (0x00007f77ef289090) [0x00007f77ef289220, 0x00007f77ef2892e8] Compiler: c1, Barriers: 0, Oops: 1, ImmediateOops: 0, NonImmediateOops: No
[2,911s][debug  ][gc,nmethod     ] Register NMethod: com.google.gson.stream.JsonReader.peek (0x00007f77cfe1db90) [0x00007f77cfe1ddc0, 0x00007f77cfe1e3f8] Compiler: c1, Barriers: 0, Oops: 1, ImmediateOops: 10, NonImmediateOops: No
[2,911s][debug  ][gc,nmethod     ] Register NMethod: io.sirix.node.json.ArrayNode.delegate (0x00007f77cfe1e510) [0x00007f77cfe1e6c0, 0x00007f77cfe1e918] Compiler: c1, Barriers: 2, Oops: 1, ImmediateOops: 0, NonImmediateOops: No
[2,911s][debug  ][gc,nmethod     ] Register NMethod: io.sirix.page.RevisionRootPage.getMaxNodeKeyInDocumentIndex (0x00007f77ef289390) [0x00007f77ef289520, 0x00007f77ef2895e0] Compiler: c1, Barriers: 0, Oops: 1, ImmediateOops: 0, NonImmediateOops: No
[2,911s][debug  ][gc,nmethod     ] Register NMethod: io.sirix.node.json.ArrayNode.structDelegate (0x00007f77ef289690) [0x00007f77ef289820, 0x00007f77ef289910] Compiler: c1, Barriers: 1, Oops: 1, ImmediateOops: 0, NonImmediateOops: No
[2,911s][debug  ][gc,nmethod     ] Register NMethod: jdk.internal.util.ArraysSupport.vectorizedMismatch (0x00007f77cfe1ea10) [0x00007f77cfe1ec00, 0x00007f77cfe1f060] Compiler: c1, Barriers: 0, Oops: 0, ImmediateOops: 0, NonImmediateOops: No
[2,912s][debug  ][gc,nmethod     ] Register NMethod: io.sirix.node.delegates.NodeDelegate.getHashFunction (0x00007f77ef289990) [0x00007f77ef289b20, 0x00007f77ef289c10] Compiler: c1, Barriers: 1, Oops: 1, ImmediateOops: 0, NonImmediateOops: No
[2,912s][debug  ][gc,nmethod     ] Register NMethod: io.sirix.node.json.JsonDocumentRootNode.setHash (0x00007f77ef289c90) [0x00007f77ef289e20, 0x00007f77ef289ee0] Compiler: c1, Barriers: 0, Oops: 1, ImmediateOops: 0, NonImmediateOops: No
[2,912s][debug  ][gc,nmethod     ] Register NMethod: io.sirix.access.trx.node.json.ForwardingJsonNodeReadOnlyTrx.getKind (0x00007f77cfe1f190) [0x00007f77cfe1f360, 0x00007f77cfe1f6e8] Compiler: c1, Barriers: 1, Oops: 1, ImmediateOops: 0, NonImmediateOops: No
[2,912s][debug  ][gc,nmethod     ] Register NMethod: io.sirix.node.json.ArrayNode.getHash (0x00007f77ef289f90) [0x00007f77ef28a120, 0x00007f77ef28a1e0] Compiler: c1, Barriers: 0, Oops: 1, ImmediateOops: 0, NonImmediateOops: No
[2,912s][debug  ][gc,nmethod     ] Register NMethod: io.sirix.access.trx.node.AbstractResourceSession.assertNotClosed (0x00007f77cfe1f810) [0x00007f77cfe1f9c0, 0x00007f77cfe1fbe0] Compiler: c1, Barriers: 0, Oops: 1, ImmediateOops: 1, NonImmediateOops: No
[2,912s][debug  ][gc,nmethod     ] Register NMethod: io.sirix.access.trx.node.AbstractNodeReadOnlyTrx.getStructuralNode (0x00007f77cfe1fd10) [0x00007f77cfe1fee0, 0x00007f77cfe20370] Compiler: c1, Barriers: 1, Oops: 1, ImmediateOops: 0, NonImmediateOops: No
[2,913s][debug  ][gc,nmethod     ] Register NMethod: io.sirix.node.json.ArrayNode.getKind (0x00007f77cfe20490) [0x00007f77cfe20620, 0x00007f77cfe20730] Compiler: c1, Barriers: 0, Oops: 1, ImmediateOops: 1, NonImmediateOops: No
[2,913s][debug  ][gc,nmethod     ] Register NMethod: io.sirix.page.KeyValueLeafPage.setRecord (0x00007f77cfe20810) [0x00007f77cfe20a00, 0x00007f77cfe20f08] Compiler: c1, Barriers: 5, Oops: 1, ImmediateOops: 0, NonImmediateOops: No
[2,913s][debug  ][gc,nmethod     ] Register NMethod: io.sirix.node.json.ObjectNode.getKind (0x00007f77cfe21190) [0x00007f77cfe21320, 0x00007f77cfe21430] Compiler: c1, Barriers: 0, Oops: 1, ImmediateOops: 1, NonImmediateOops: No
[2,913s][debug  ][gc,nmethod     ] Register NMethod: io.sirix.access.trx.node.AbstractResourceSession.getResourceConfig (0x00007f77cfe21510) [0x00007f77cfe216c0, 0x00007f77cfe21978] Compiler: c1, Barriers: 1, Oops: 1, ImmediateOops: 1, NonImmediateOops: No
[2,914s][debug  ][gc,nmethod     ] Register NMethod: io.sirix.node.immutable.json.AbstractImmutableJsonStructuralNode.<init> (0x00007f77cfe21a90) [0x00007f77cfe21c20, 0x00007f77cfe21d80] Compiler: c1, Barriers: 0, Oops: 1, ImmediateOops: 0, NonImmediateOops: No
[2,914s][debug  ][gc,nmethod     ] Register NMethod: io.sirix.access.trx.node.AbstractNodeReadOnlyTrx.moveToParent (0x00007f77cfe21e90) [0x00007f77cfe22080, 0x00007f77cfe22518] Compiler: c1, Barriers: 1, Oops: 1, ImmediateOops: 1, NonImmediateOops: No
[2,914s][debug  ][gc,nmethod     ] Register NMethod: io.sirix.node.xml.AbstractStructForwardingNode.<init> (0x00007f77cfe22690) [0x00007f77cfe22840, 0x00007f77cfe22a60] Compiler: c1, Barriers: 0, Oops: 1, ImmediateOops: 0, NonImmediateOops: No
[2,915s][debug  ][gc,nmethod     ] Register NMethod: io.sirix.node.json.AbstractStringNode.structDelegate (0x00007f77ef28a290) [0x00007f77ef28a420, 0x00007f77ef28a510] Compiler: c1, Barriers: 1, Oops: 1, ImmediateOops: 0, NonImmediateOops: No
[2,915s][debug  ][gc,nmethod     ] Register NMethod: io.sirix.node.json.ArrayNode.setHash (0x00007f77ef28a590) [0x00007f77ef28a720, 0x00007f77ef28a7e0] Compiler: c1, Barriers: 0, Oops: 1, ImmediateOops: 0, NonImmediateOops: No
[2,915s][debug  ][gc,nmethod     ] Register NMethod: io.sirix.node.delegates.StructNodeDelegate.<init> (0x00007f77cfe22b90) [0x00007f77cfe22d60, 0x00007f77cfe23138] Compiler: c1, Barriers: 3, Oops: 1, ImmediateOops: 1, NonImmediateOops: No
[2,915s][debug  ][gc,nmethod     ] Register NMethod: io.sirix.node.xml.AbstractStructForwardingNode.setFirstChildKey (0x00007f77cfe23310) [0x00007f77cfe234c0, 0x00007f77cfe236b8] Compiler: c1, Barriers: 0, Oops: 1, ImmediateOops: 0, NonImmediateOops: No
[2,915s][debug  ][gc,nmethod     ] Register NMethod: io.sirix.access.trx.page.NodePageTrx.delegate (0x00007f77ef28a890) [0x00007f77ef28aa20, 0x00007f77ef28ab10] Compiler: c1, Barriers: 1, Oops: 1, ImmediateOops: 0, NonImmediateOops: No
[2,915s][debug  ][gc,nmethod     ] Register NMethod: io.sirix.access.trx.node.json.JsonNodeReadOnlyTrxImpl.getNode (0x00007f77cfe23790) [0x00007f77cfe23be0, 0x00007f77cfe25c58] Compiler: c1, Barriers: 10, Oops: 2, ImmediateOops: 3, NonImmediateOops: No
[2,915s][debug  ][gc,nmethod     ] Register NMethod: io.sirix.access.trx.page.NodePageTrx.getActualRevisionRootPage (0x00007f77cfe26390) [0x00007f77cfe26560, 0x00007f77cfe26860] Compiler: c1, Barriers: 2, Oops: 1, ImmediateOops: 1, NonImmediateOops: No
[2,915s][debug  ][gc,nmethod     ] Register NMethod: java.lang.String.<init> (0x00007f77cfe26990) [0x00007f77cfe26b60, 0x00007f77cfe26e20] Compiler: c1, Barriers: 0, Oops: 0, ImmediateOops: 0, NonImmediateOops: No
[2,915s][debug  ][gc,nmethod     ] Register NMethod: io.sirix.node.delegates.StructNodeDelegate.incrementChildCount (0x00007f77cfe26f90) [0x00007f77cfe27120, 0x00007f77cfe27238] Compiler: c1, Barriers: 0, Oops: 1, ImmediateOops: 0, NonImmediateOops: No
[2,915s][debug  ][gc,nmethod     ] Register NMethod: io.sirix.node.xml.AbstractStructForwardingNode.incrementChildCount (0x00007f77cfe27310) [0x00007f77cfe274c0, 0x00007f77cfe276d0] Compiler: c1, Barriers: 0, Oops: 1, ImmediateOops: 0, NonImmediateOops: No
[2,915s][debug  ][gc,nmethod     ] Register NMethod: io.sirix.node.xml.AbstractStructForwardingNode.hasLeftSibling (0x00007f77cfe27790) [0x00007f77cfe27940, 0x00007f77cfe27bf8] Compiler: c1, Barriers: 0, Oops: 1, ImmediateOops: 1, NonImmediateOops: No
[2,915s][debug  ][gc,nmethod     ] Register NMethod: io.sirix.node.delegates.StructNodeDelegate.hasLeftSibling (0x00007f77cfe27d10) [0x00007f77cfe27ea0, 0x00007f77cfe28030] Compiler: c1, Barriers: 0, Oops: 1, ImmediateOops: 1, NonImmediateOops: No
[2,915s][debug  ][gc,nmethod     ] Register NMethod: io.sirix.node.delegates.NodeDelegate.<init> (0x00007f77cfe28110) [0x00007f77cfe282e0, 0x00007f77cfe28698] Compiler: c1, Barriers: 6, Oops: 1, ImmediateOops: 1, NonImmediateOops: No
[2,916s][debug  ][gc,nmethod     ] Register NMethod: io.sirix.access.trx.node.AbstractNodeReadOnlyTrx.assertNotClosed (0x00007f77ef28ab90) [0x00007f77ef28ad00, 0x00007f77ef28ad98] Compiler: c2, Barriers: 0, Oops: 1, ImmediateOops: 0, NonImmediateOops: No
[2,916s][debug  ][gc,nmethod     ] Register NMethod: io.sirix.index.path.summary.PathSummaryReader.assertNotClosed (0x00007f77ef28ae90) [0x00007f77ef28b000, 0x00007f77ef28b098] Compiler: c2, Barriers: 0, Oops: 1, ImmediateOops: 0, NonImmediateOops: No
[2,917s][debug  ][gc,nmethod     ] Register NMethod: it.unimi.dsi.fastutil.longs.AbstractLongList.push (0x00007f77cfe28810) [0x00007f77cfe289c0, 0x00007f77cfe28b10] Compiler: c1, Barriers: 0, Oops: 1, ImmediateOops: 0, NonImmediateOops: No
[2,917s][debug  ][gc,nmethod     ] Register NMethod: it.unimi.dsi.fastutil.longs.LongArrayList.add (0x00007f77cfe28c10) [0x00007f77cfe28de0, 0x00007f77cfe290d0] Compiler: c1, Barriers: 1, Oops: 1, ImmediateOops: 0, NonImmediateOops: No
[2,917s][debug  ][gc,nmethod     ] Register NMethod: io.sirix.node.json.ObjectKeyNode.delegate (0x00007f77ef28b190) [0x00007f77ef28b320, 0x00007f77ef28b420] Compiler: c2, Barriers: 2, Oops: 1, ImmediateOops: 0, NonImmediateOops: No
[2,917s][debug  ][gc,nmethod     ] Register NMethod: it.unimi.dsi.fastutil.longs.LongArrayList.grow (0x00007f77cfe29210) [0x00007f77cfe29400, 0x00007f77cfe299c8] Compiler: c1, Barriers: 5, Oops: 1, ImmediateOops: 1, NonImmediateOops: No
[2,917s][debug  ][gc,nmethod     ] Register NMethod: io.sirix.node.json.ObjectNumberNode.getKind (0x00007f77cfe29b90) [0x00007f77cfe29d20, 0x00007f77cfe29e30] Compiler: c1, Barriers: 0, Oops: 1, ImmediateOops: 1, NonImmediateOops: No
[2,917s][debug  ][gc,nmethod     ] Register NMethod: it.unimi.dsi.fastutil.longs.LongArrayList.isEmpty (0x00007f77cfe29f10) [0x00007f77cfe2a0a0, 0x00007f77cfe2a208] Compiler: c1, Barriers: 0, Oops: 1, ImmediateOops: 0, NonImmediateOops: No
[2,917s][debug  ][gc,nmethod     ] Register NMethod: it.unimi.dsi.fastutil.longs.AbstractLongList.popLong (0x00007f77cfe2a290) [0x00007f77cfe2a460, 0x00007f77cfe2a7a8] Compiler: c1, Barriers: 0, Oops: 1, ImmediateOops: 0, NonImmediateOops: No
[2,918s][debug  ][gc,nmethod     ] Register NMethod: it.unimi.dsi.fastutil.longs.LongArrayList.removeLong (0x00007f77cfe2a910) [0x00007f77cfe2abc0, 0x00007f77cfe2b6c0] Compiler: c1, Barriers: 2, Oops: 4, ImmediateOops: 3, NonImmediateOops: No
[2,918s][debug  ][gc,nmethod     ] Register NMethod: io.sirix.access.trx.node.AbstractNodeHashing.isBulkInsert (0x00007f77ef28b510) [0x00007f77ef28b6a0, 0x00007f77ef28b768] Compiler: c1, Barriers: 0, Oops: 1, ImmediateOops: 0, NonImmediateOops: No
[2,918s][debug  ][gc,nmethod     ] Register NMethod: java.nio.Buffer.rewind (0x00007f77cfe2bb10) [0x00007f77cfe2bca0, 0x00007f77cfe2bdb8] Compiler: c1, Barriers: 0, Oops: 0, ImmediateOops: 0, NonImmediateOops: No
[2,918s][debug  ][gc,nmethod     ] Register NMethod: java.nio.ByteBuffer.rewind (0x00007f77cfe2be90) [0x00007f77cfe2c020, 0x00007f77cfe2c190] Compiler: c1, Barriers: 0, Oops: 0, ImmediateOops: 0, NonImmediateOops: No
[2,918s][debug  ][gc,nmethod     ] Register NMethod: io.sirix.page.RevisionRootPage.incrementAndGetMaxNodeKeyInDocumentIndex (0x00007f77cfe2c210) [0x00007f77cfe2c3a0, 0x00007f77cfe2c4b8] Compiler: c1, Barriers: 0, Oops: 1, ImmediateOops: 0, NonImmediateOops: No
[2,918s][debug  ][gc,nmethod     ] Register NMethod: it.unimi.dsi.fastutil.longs.AbstractLongList.peekLong (0x00007f77cfe2c590) [0x00007f77cfe2c740, 0x00007f77cfe2c8c0] Compiler: c1, Barriers: 0, Oops: 1, ImmediateOops: 0, NonImmediateOops: No
[2,918s][debug  ][gc,nmethod     ] Register NMethod: it.unimi.dsi.fastutil.longs.LongArrayList.getLong (0x00007f77cfe2c990) [0x00007f77cfe2cc00, 0x00007f77cfe2d448] Compiler: c1, Barriers: 1, Oops: 4, ImmediateOops: 3, NonImmediateOops: No
[2,918s][debug  ][gc,nmethod     ] Register NMethod: io.sirix.access.trx.page.NodePageReadOnlyTrx.pageKey (0x00007f77ef28b810) [0x00007f77ef28b9a0, 0x00007f77ef28bab8] Compiler: c2, Barriers: 0, Oops: 2, ImmediateOops: 1, NonImmediateOops: No
[2,919s][debug  ][gc,nmethod     ] Register NMethod: java.lang.Character.digit (0x00007f77cfe2d810) [0x00007f77cfe2d9c0, 0x00007f77cfe2dbb0] Compiler: c1, Barriers: 0, Oops: 0, ImmediateOops: 0, NonImmediateOops: No
[2,919s][debug  ][gc,nmethod     ] Register NMethod: java.lang.Character.digit (0x00007f77cfe2dc90) [0x00007f77cfe2de40, 0x00007f77cfe2e088] Compiler: c1, Barriers: 0, Oops: 0, ImmediateOops: 0, NonImmediateOops: No
[2,919s][debug  ][gc,nmethod     ] Register NMethod: io.sirix.node.AbstractForwardingNode.getParentKey (0x00007f77ef28bc10) [0x00007f77ef28bda0, 0x00007f77ef28be58] Compiler: c2, Barriers: 0, Oops: 1, ImmediateOops: 0, NonImmediateOops: No
[2,919s][debug  ][gc,nmethod     ] Register NMethod: io.brackit.query.atomic.QNm.getPrefix (0x00007f77ef28bf10) [0x00007f77ef28c0a0, 0x00007f77ef28c190] Compiler: c1, Barriers: 1, Oops: 1, ImmediateOops: 0, NonImmediateOops: No
[2,919s][debug  ][gc,nmethod     ] Register NMethod: java.lang.CharacterDataLatin1.digit (0x00007f77cfe2e190) [0x00007f77cfe2e340, 0x00007f77cfe2e598] Compiler: c1, Barriers: 0, Oops: 0, ImmediateOops: 1, NonImmediateOops: No
[2,919s][debug  ][gc,nmethod     ] Register NMethod: io.sirix.axis.filter.AbstractFilter.<init> (0x00007f77cfe2e690) [0x00007f77cfe2e860, 0x00007f77cfe2ec90] Compiler: c1, Barriers: 3, Oops: 1, ImmediateOops: 0, NonImmediateOops: No
[2,919s][debug  ][gc,nmethod     ] Register NMethod: io.sirix.axis.AbstractAxis.reset (0x00007f77cfe2ee10) [0x00007f77cfe2efa0, 0x00007f77cfe2f128] Compiler: c1, Barriers: 3, Oops: 1, ImmediateOops: 1, NonImmediateOops: No
[2,919s][debug  ][gc,nmethod     ] Register NMethod: io.sirix.access.trx.page.NodePageReadOnlyTrx.getValue (0x00007f77ef28c210) [0x00007f77ef28c3a0, 0x00007f77ef28c5c0] Compiler: c2, Barriers: 2, Oops: 1, ImmediateOops: 0, NonImmediateOops: No
[2,919s][debug  ][gc,nmethod     ] Register NMethod: io.sirix.axis.AbstractAxis.<init> (0x00007f77cfe2f190) [0x00007f77cfe2f3a0, 0x00007f77cfe2fa48] Compiler: c1, Barriers: 9, Oops: 1, ImmediateOops: 2, NonImmediateOops: No
[2,919s][debug  ][gc,nmethod     ] Register NMethod: io.sirix.axis.filter.AbstractFilter.getTrx (0x00007f77cfe2fc10) [0x00007f77cfe2fda0, 0x00007f77cfe2fee8] Compiler: c1, Barriers: 1, Oops: 1, ImmediateOops: 0, NonImmediateOops: No
[2,920s][debug  ][gc,nmethod     ] Register NMethod: net.openhft.chronicle.bytes.AbstractBytes.underlyingObject (0x00007f77cfe2ff90) [0x00007f77cfe30140, 0x00007f77cfe30338] Compiler: c1, Barriers: 1, Oops: 1, ImmediateOops: 0, NonImmediateOops: No
[2,920s][debug  ][gc,nmethod     ] Register NMethod: net.openhft.hashing.Access.byteOrder (0x00007f77cfe30410) [0x00007f77cfe305c0, 0x00007f77cfe308a0] Compiler: c1, Barriers: 0, Oops: 1, ImmediateOops: 0, NonImmediateOops: No
[2,920s][debug  ][gc,nmethod     ] Register NMethod: net.openhft.hashing.UnsafeAccess.byteOrder (0x00007f77cfe30990) [0x00007f77cfe30b20, 0x00007f77cfe30c88] Compiler: c1, Barriers: 0, Oops: 1, ImmediateOops: 1, NonImmediateOops: No
[2,920s][debug  ][gc,nmethod     ] Register NMethod: io.sirix.index.path.summary.PathNode.getLevel (0x00007f77ef28c710) [0x00007f77ef28c8a0, 0x00007f77ef28c960] Compiler: c1, Barriers: 0, Oops: 1, ImmediateOops: 0, NonImmediateOops: No
[2,920s][debug  ][gc,nmethod     ] Register NMethod: io.sirix.index.path.summary.PathNode.getName (0x00007f77ef28ca10) [0x00007f77ef28cba0, 0x00007f77ef28cc90] Compiler: c1, Barriers: 1, Oops: 1, ImmediateOops: 0, NonImmediateOops: No
[2,920s][debug  ][gc,nmethod     ] Register NMethod: io.sirix.index.path.summary.PathSummaryReader.getPathNode (0x00007f77cfe30d90) [0x00007f77cfe30f60, 0x00007f77cfe31438] Compiler: c1, Barriers: 1, Oops: 1, ImmediateOops: 1, NonImmediateOops: No
[2,920s][debug  ][gc,nmethod     ] Register NMethod: io.sirix.access.trx.node.AbstractNodeHashing.rollingAdd (0x00007f77cfe31590) [0x00007f77cfe31a00, 0x00007f77cfe34060] Compiler: c1, Barriers: 14, Oops: 1, ImmediateOops: 2, NonImmediateOops: No
[2,920s][debug  ][gc,director    ] Rule Major: Warmup 10%, Used: 92MB, UsedThreshold: 1536MB
[2,920s][debug  ][gc,nmethod     ] Register NMethod: io.brackit.query.jdm.AbstractItem.<init> (0x00007f77cfe34b90) [0x00007f77cfe34d40, 0x00007f77cfe34f00] Compiler: c1, Barriers: 0, Oops: 1, ImmediateOops: 0, NonImmediateOops: No
[2,920s][debug  ][gc,nmethod     ] Register NMethod: io.brackit.query.atomic.AbstractAtomic.<init> (0x00007f77cfe35010) [0x00007f77cfe351c0, 0x00007f77cfe353e0] Compiler: c1, Barriers: 0, Oops: 1, ImmediateOops: 0, NonImmediateOops: No
[2,920s][debug  ][gc,nmethod     ] Register NMethod: io.brackit.query.sequence.AbstractSequence.<init> (0x00007f77cfe35510) [0x00007f77cfe356a0, 0x00007f77cfe35800] Compiler: c1, Barriers: 0, Oops: 1, ImmediateOops: 0, NonImmediateOops: No
[2,920s][debug  ][gc,nmethod     ] Register NMethod: io.brackit.query.atomic.QNm.<init> (0x00007f77cfe35910) [0x00007f77cfe35ae0, 0x00007f77cfe35f30] Compiler: c1, Barriers: 9, Oops: 1, ImmediateOops: 4, NonImmediateOops: No
[2,920s][debug  ][gc,nmethod     ] Register NMethod: io.sirix.access.trx.node.json.ForwardingJsonNodeReadOnlyTrx.moveTo (0x00007f77cfe36090) [0x00007f77cfe36260, 0x00007f77cfe365e8] Compiler: c1, Barriers: 1, Oops: 1, ImmediateOops: 0, NonImmediateOops: No
[2,920s][debug  ][gc,nmethod     ] Register NMethod: io.sirix.index.path.summary.PathSummaryReader.putMapping (0x00007f77cfe36710) [0x00007f77cfe368c0, 0x00007f77cfe36a48] Compiler: c1, Barriers: 1, Oops: 1, ImmediateOops: 0, NonImmediateOops: No
[2,921s][debug  ][gc,nmethod     ] Register NMethod: com.google.gson.stream.JsonReader.doPeek (0x00007f77cfe36b10) [0x00007f77cfe378e0, 0x00007f77cfe3e548] Compiler: c1, Barriers: 4, Oops: 8, ImmediateOops: 17, NonImmediateOops: No
[2,921s][debug  ][gc,nmethod     ] Register NMethod: io.sirix.utils.IntToObjectMap.put (0x00007f77cfe40b90) [0x00007f77cfe40d80, 0x00007f77cfe41248] Compiler: c1, Barriers: 5, Oops: 1, ImmediateOops: 0, NonImmediateOops: No
[2,921s][debug  ][gc,nmethod     ] Register NMethod: java.lang.Math.addExact (0x00007f77cfe41410) [0x00007f77cfe415c0, 0x00007f77cfe417c0] Compiler: c1, Barriers: 0, Oops: 0, ImmediateOops: 1, NonImmediateOops: No
[2,921s][debug  ][gc,nmethod     ] Register NMethod: net.openhft.chronicle.bytes.NativeBytes.writeOffsetPositionMoved (0x00007f77ef28cd10) [0x00007f77ef28cec0, 0x00007f77ef28d0f8] Compiler: c2, Barriers: 1, Oops: 1, ImmediateOops: 0, NonImmediateOops: No
[2,921s][debug  ][gc,nmethod     ] Register NMethod: it.unimi.dsi.fastutil.ints.Int2LongOpenHashMap.put (0x00007f77cfe41890) [0x00007f77cfe41a60, 0x00007f77cfe41ce0] Compiler: c1, Barriers: 1, Oops: 1, ImmediateOops: 0, NonImmediateOops: No
[2,921s][debug  ][gc,nmethod     ] Register NMethod: net.openhft.chronicle.bytes.AbstractBytes.writeOffsetPositionMoved (0x00007f77ef28d310) [0x00007f77ef28d4c0, 0x00007f77ef28d708] Compiler: c2, Barriers: 1, Oops: 1, ImmediateOops: 0, NonImmediateOops: No
[2,921s][debug  ][gc,nmethod     ] Register NMethod: it.unimi.dsi.fastutil.ints.Int2LongOpenHashMap.find (0x00007f77cfe41e10) [0x00007f77cfe42000, 0x00007f77cfe424d8] Compiler: c1, Barriers: 1, Oops: 1, ImmediateOops: 0, NonImmediateOops: No
[2,921s][debug  ][gc,nmethod     ] Register NMethod: io.sirix.access.trx.node.AbstractIndexController.notifyChange (0x00007f77cfe42690) [0x00007f77cfe428a0, 0x00007f77cfe42fe0] Compiler: c1, Barriers: 2, Oops: 1, ImmediateOops: 0, NonImmediateOops: No
[2,922s][debug  ][gc,nmethod     ] Register NMethod: java.lang.Long.valueOf (0x00007f77cfe43210) [0x00007f77cfe433e0, 0x00007f77cfe43750] Compiler: c1, Barriers: 1, Oops: 0, ImmediateOops: 1, NonImmediateOops: No
[2,922s][debug  ][gc,nmethod     ] Register NMethod: io.sirix.access.trx.node.json.JsonNodeTrxImpl.moveToParentObjectKeyArrayOrDocumentRoot (0x00007f77cfe43890) [0x00007f77cfe43b60, 0x00007f77cfe44d90] Compiler: c1, Barriers: 6, Oops: 1, ImmediateOops: 6, NonImmediateOops: No
[2,922s][debug  ][gc,nmethod     ] Register NMethod: io.sirix.node.json.ObjectStringNode.getKind (0x00007f77cfe45210) [0x00007f77cfe453a0, 0x00007f77cfe454b0] Compiler: c1, Barriers: 0, Oops: 1, ImmediateOops: 1, NonImmediateOops: No
[2,922s][debug  ][gc,nmethod     ] Register NMethod: java.lang.Math.multiplyHigh (0x00007f77ef28d910) [0x00007f77ef28da80, 0x00007f77ef28db28] Compiler: c2, Barriers: 0, Oops: 0, ImmediateOops: 0, NonImmediateOops: No
[2,922s][debug  ][gc,nmethod     ] Register NMethod: net.openhft.chronicle.bytes.BytesStore.safeLimit (0x00007f77ef28dc10) [0x00007f77ef28dda0, 0x00007f77ef28de40] Compiler: c2, Barriers: 0, Oops: 1, ImmediateOops: 0, NonImmediateOops: No
[2,922s][debug  ][gc,nmethod     ] Register NMethod: io.sirix.access.trx.page.NodePageTrx.getMostRecentPageContainer (0x00007f77ef28df10) [0x00007f77ef28e0e0, 0x00007f77ef28e6f8] Compiler: c2, Barriers: 9, Oops: 2, ImmediateOops: 1, NonImmediateOops: No
[2,922s][debug  ][gc,nmethod     ] Register NMethod: io.sirix.node.xml.AbstractStructForwardingNode.getFirstChildKey (0x00007f77cfe45590) [0x00007f77cfe45740, 0x00007f77cfe45930] Compiler: c1, Barriers: 0, Oops: 1, ImmediateOops: 0, NonImmediateOops: No
[2,922s][debug  ][gc,nmethod     ] Register NMethod: io.sirix.node.delegates.StructNodeDelegate.setRightSiblingKey (0x00007f77ef28e910) [0x00007f77ef28eaa0, 0x00007f77ef28eb60] Compiler: c1, Barriers: 0, Oops: 1, ImmediateOops: 0, NonImmediateOops: No
[2,922s][debug  ][gc,nmethod     ] Register NMethod: io.sirix.node.json.ObjectNode.delegate (0x00007f77ef28ec10) [0x00007f77ef28eda0, 0x00007f77ef28eea0] Compiler: c2, Barriers: 2, Oops: 1, ImmediateOops: 0, NonImmediateOops: No
[2,923s][debug  ][gc,nmethod     ] Register NMethod: io.sirix.page.RevisionRootPage.getNamePageReference (0x00007f77cfe45a10) [0x00007f77cfe45bc0, 0x00007f77cfe45ea0] Compiler: c1, Barriers: 1, Oops: 1, ImmediateOops: 0, NonImmediateOops: No
[2,923s][debug  ][gc,nmethod     ] Register NMethod: io.sirix.node.json.ArrayNode.getPathNodeKey (0x00007f77ef28ef90) [0x00007f77ef28f120, 0x00007f77ef28f1e0] Compiler: c1, Barriers: 0, Oops: 1, ImmediateOops: 0, NonImmediateOops: No
[2,924s][debug  ][gc,nmethod     ] Register NMethod: net.openhft.chronicle.bytes.AbstractBytes.writeInt (0x00007f77cfe45f90) [0x00007f77cfe46140, 0x00007f77cfe462f0] Compiler: c1, Barriers: 0, Oops: 1, ImmediateOops: 0, NonImmediateOops: No
[2,925s][debug  ][gc,nmethod     ] Register NMethod: io.sirix.access.trx.node.AbstractNodeReadOnlyTrx.setCurrentNode (0x00007f77ef28f290) [0x00007f77ef28f420, 0x00007f77ef28f550] Compiler: c2, Barriers: 3, Oops: 1, ImmediateOops: 0, NonImmediateOops: No
[2,925s][debug  ][gc,nmethod     ] Register NMethod: it.unimi.dsi.fastutil.ints.Int2LongOpenHashMap.get (0x00007f77cfe46390) [0x00007f77cfe46580, 0x00007f77cfe46b40] Compiler: c1, Barriers: 4, Oops: 1, ImmediateOops: 0, NonImmediateOops: No
[2,925s][debug  ][gc,nmethod     ] Register NMethod: io.sirix.utils.NamePageHash.generateHashForString (0x00007f77cfe46d90) [0x00007f77cfe46f40, 0x00007f77cfe47060] Compiler: c1, Barriers: 0, Oops: 1, ImmediateOops: 0, NonImmediateOops: No
[2,925s][debug  ][gc,nmethod     ] Register NMethod: io.sirix.access.trx.node.AbstractNodeHashing.isValueNode (0x00007f77cfe47110) [0x00007f77cfe473a0, 0x00007f77cfe48070] Compiler: c1, Barriers: 0, Oops: 1, ImmediateOops: 12, NonImmediateOops: No
[2,925s][debug  ][gc,nmethod     ] Register NMethod: io.sirix.access.trx.node.json.ForwardingJsonNodeReadOnlyTrx.storeDeweyIDs (0x00007f77cfe48210) [0x00007f77cfe483e0, 0x00007f77cfe48768] Compiler: c1, Barriers: 1, Oops: 1, ImmediateOops: 0, NonImmediateOops: No
[2,925s][debug  ][gc,nmethod     ] Register NMethod: io.sirix.access.trx.page.NodePageTrx.prepareRecordPage (0x00007f77ef28f610) [0x00007f77ef28f7a0, 0x00007f77ef28f8f8] Compiler: c2, Barriers: 1, Oops: 1, ImmediateOops: 0, NonImmediateOops: No
[2,926s][debug  ][gc,nmethod     ] Register NMethod: io.sirix.access.trx.node.AbstractNodeReadOnlyTrx.storeDeweyIDs (0x00007f77cfe48890) [0x00007f77cfe48a60, 0x00007f77cfe48e60] Compiler: c1, Barriers: 2, Oops: 1, ImmediateOops: 1, NonImmediateOops: No
[2,926s][debug  ][gc,nmethod     ] Register NMethod: io.sirix.node.delegates.StructNodeDelegate.setLastChildKey (0x00007f77cfe49010) [0x00007f77cfe491c0, 0x00007f77cfe49400] Compiler: c1, Barriers: 0, Oops: 1, ImmediateOops: 1, NonImmediateOops: No
[2,926s][debug  ][gc,nmethod     ] Register NMethod: io.sirix.node.xml.AbstractStructForwardingNode.setLastChildKey (0x00007f77cfe49510) [0x00007f77cfe496e0, 0x00007f77cfe49a60] Compiler: c1, Barriers: 0, Oops: 1, ImmediateOops: 1, NonImmediateOops: No
[2,926s][debug  ][gc,nmethod     ] Register NMethod: io.sirix.access.trx.node.json.JsonNodeTrxImpl.adaptForInsert (0x00007f77cfe49c10) [0x00007f77cfe49f60, 0x00007f77cfe4b278] Compiler: c1, Barriers: 3, Oops: 1, ImmediateOops: 3, NonImmediateOops: No
[2,926s][debug  ][gc,nmethod     ] Register NMethod: io.sirix.access.trx.node.AbstractNodeHashing.adaptHashesWithAdd (0x00007f77cfe4b710) [0x00007f77cfe4b8e0, 0x00007f77cfe4bc40] Compiler: c1, Barriers: 1, Oops: 1, ImmediateOops: 1, NonImmediateOops: No
[2,926s][debug  ][gc,nmethod     ] Register NMethod: io.sirix.node.delegates.NodeDelegate.getKind (0x00007f77cfe4bd90) [0x00007f77cfe4bf20, 0x00007f77cfe4c030] Compiler: c1, Barriers: 0, Oops: 1, ImmediateOops: 1, NonImmediateOops: No
[2,926s][debug  ][gc,nmethod     ] Register NMethod: net.openhft.hashing.LongHashFunction.hashBytes (0x00007f77cfe4c110) [0x00007f77cfe4c2c0, 0x00007f77cfe4c4e0] Compiler: c1, Barriers: 0, Oops: 1, ImmediateOops: 0, NonImmediateOops: No
[2,926s][debug  ][gc,nmethod     ] Register NMethod: net.openhft.hashing.LongHashFunction.unsafeHash (0x00007f77cfe4c610) [0x00007f77cfe4c7c0, 0x00007f77cfe4c988] Compiler: c1, Barriers: 0, Oops: 1, ImmediateOops: 1, NonImmediateOops: No
[2,926s][debug  ][gc,nmethod     ] Register NMethod: net.openhft.hashing.XXH3.access$100 (0x00007f77cfe4ca90) [0x00007f77cfe4cc20, 0x00007f77cfe4cd10] Compiler: c1, Barriers: 0, Oops: 1, ImmediateOops: 1, NonImmediateOops: No
[2,926s][debug  ][gc,nmethod     ] Register NMethod: net.openhft.hashing.XXH3$AsLongHashFunction.hash (0x00007f77cfe4cd90) [0x00007f77cfe4cf80, 0x00007f77cfe4d410] Compiler: c1, Barriers: 0, Oops: 3, ImmediateOops: 2, NonImmediateOops: No
[2,926s][debug  ][gc,nmethod     ] Register NMethod: net.openhft.hashing.LongHashFunction.hashByteBuffer (0x00007f77cfe4d610) [0x00007f77cfe4d8a0, 0x00007f77cfe4e500] Compiler: c1, Barriers: 2, Oops: 1, ImmediateOops: 0, NonImmediateOops: No
[2,926s][debug  ][gc,nmethod     ] Register NMethod: net.openhft.hashing.XXH3.access$500 (0x00007f77cfe4e890) [0x00007f77cfe4ea40, 0x00007f77cfe4eb58] Compiler: c1, Barriers: 0, Oops: 1, ImmediateOops: 0, NonImmediateOops: No
[2,927s][debug  ][gc,nmethod     ] Register NMethod: net.openhft.hashing.XXH3.XXH3_avalanche (0x00007f77cfe4ec10) [0x00007f77cfe4eda0, 0x00007f77cfe4eeb0] Compiler: c1, Barriers: 0, Oops: 1, ImmediateOops: 0, NonImmediateOops: No
[2,927s][debug  ][gc,nmethod     ] Register NMethod: io.sirix.access.trx.node.json.ForwardingJsonNodeReadOnlyTrx.getNodeKey (0x00007f77cfe4ef90) [0x00007f77cfe4f160, 0x00007f77cfe4f4e8] Compiler: c1, Barriers: 1, Oops: 1, ImmediateOops: 0, NonImmediateOops: No
[2,927s][debug  ][gc,nmethod     ] Register NMethod: io.sirix.index.path.summary.PathSummaryReader.getFirstChildKey (0x00007f77cfe4f610) [0x00007f77cfe4f800, 0x00007f77cfe4fc88] Compiler: c1, Barriers: 1, Oops: 1, ImmediateOops: 1, NonImmediateOops: No
[2,927s][debug  ][gc,nmethod     ] Register NMethod: io.sirix.access.trx.node.AbstractNodeReadOnlyTrx.getNodeKey (0x00007f77cfe4fe10) [0x00007f77cfe4ffe0, 0x00007f77cfe503c8] Compiler: c1, Barriers: 1, Oops: 1, ImmediateOops: 1, NonImmediateOops: No
[2,927s][debug  ][gc,nmethod     ] Register NMethod: net.openhft.chronicle.core.io.AbstractReferenceCounted.throwExceptionIfReleased (0x00007f77ef28fa90) [0x00007f77ef28fc20, 0x00007f77ef28fd28] Compiler: c2, Barriers: 1, Oops: 1, ImmediateOops: 0, NonImmediateOops: No
[2,927s][debug  ][gc,nmethod     ] Register NMethod: io.sirix.node.json.AbstractNumberNode.structDelegate (0x00007f77ef28fe10) [0x00007f77ef28ffa0, 0x00007f77ef290090] Compiler: c1, Barriers: 1, Oops: 1, ImmediateOops: 0, NonImmediateOops: No
[2,928s][debug  ][gc,nmethod     ] Register NMethod: io.sirix.access.trx.node.AbstractNodeTrxImpl.assertRunning (0x00007f77cfe50510) [0x00007f77cfe50700, 0x00007f77cfe50b78] Compiler: c1, Barriers: 3, Oops: 1, ImmediateOops: 2, NonImmediateOops: No
[2,928s][debug  ][gc,nmethod     ] Register NMethod: io.sirix.access.trx.node.AbstractNodeTrxImpl.checkAccessAndCommit (0x00007f77cfe50d10) [0x00007f77cfe50f40, 0x00007f77cfe51748] Compiler: c1, Barriers: 4, Oops: 1, ImmediateOops: 3, NonImmediateOops: No
[2,928s][debug  ][gc,nmethod     ] Register NMethod: java.lang.invoke.MethodHandleImpl.profileBoolean (0x00007f77cfe51a10) [0x00007f77cfe51be0, 0x00007f77cfe51fd8] Compiler: c1, Barriers: 0, Oops: 0, ImmediateOops: 1, NonImmediateOops: No
[2,928s][debug  ][gc,nmethod     ] Register NMethod: io.sirix.access.trx.node.AbstractNodeTrxImpl.intermediateCommitIfRequired (0x00007f77cfe52290) [0x00007f77cfe52480, 0x00007f77cfe529e8] Compiler: c1, Barriers: 1, Oops: 2, ImmediateOops: 2, NonImmediateOops: No
[2,928s][debug  ][gc,nmethod     ] Register NMethod: net.openhft.chronicle.bytes.AppendableUtil.findUtf8Length (0x00007f77cfe52c10) [0x00007f77cfe52dc0, 0x00007f77cfe531e0] Compiler: c1, Barriers: 0, Oops: 1, ImmediateOops: 0, NonImmediateOops: No
[2,928s][debug  ][gc,nmethod     ] Register NMethod: net.openhft.chronicle.bytes.StreamingDataOutput.appendUtf8 (0x00007f77cfe53390) [0x00007f77cfe53580, 0x00007f77cfe53aa8] Compiler: c1, Barriers: 0, Oops: 1, ImmediateOops: 0, NonImmediateOops: No
[2,928s][debug  ][gc,nmethod     ] Register NMethod: io.sirix.index.path.summary.PathNode.getPathKind (0x00007f77ef290110) [0x00007f77ef2902a0, 0x00007f77ef290390] Compiler: c1, Barriers: 1, Oops: 1, ImmediateOops: 0, NonImmediateOops: No
[2,928s][debug  ][gc,nmethod     ] Register NMethod: io.sirix.node.delegates.NameNodeDelegate.getPrefixKey (0x00007f77ef290410) [0x00007f77ef2905a0, 0x00007f77ef290660] Compiler: c1, Barriers: 0, Oops: 1, ImmediateOops: 0, NonImmediateOops: No
[2,929s][debug  ][gc,nmethod     ] Register NMethod: sun.misc.Unsafe.putInt (0x00007f77cfe53d10) [0x00007f77cfe53ea0, 0x00007f77cfe53fa8] Compiler: c1, Barriers: 0, Oops: 0, ImmediateOops: 0, NonImmediateOops: No
[2,929s][debug  ][gc,nmethod     ] Register NMethod: io.sirix.access.trx.node.json.JsonNodeTrxImpl.adaptNodesAndHashesForInsertAsChild (0x00007f77cfe54010) [0x00007f77cfe54260, 0x00007f77cfe54ec8] Compiler: c1, Barriers: 9, Oops: 1, ImmediateOops: 2, NonImmediateOops: No
[2,929s][debug  ][gc,nmethod     ] Register NMethod: io.sirix.access.trx.node.json.objectvalue.StringValue.getValue (0x00007f77ef290710) [0x00007f77ef2908a0, 0x00007f77ef290990] Compiler: c1, Barriers: 1, Oops: 1, ImmediateOops: 0, NonImmediateOops: No
[2,930s][debug  ][gc,nmethod     ] Register NMethod: com.google.gson.stream.JsonReader.nextName (0x00007f77cfe55210) [0x00007f77cfe55500, 0x00007f77cfe561b0] Compiler: c1, Barriers: 5, Oops: 2, ImmediateOops: 2, NonImmediateOops: No
[2,930s][debug  ][gc,nmethod     ] Register NMethod: net.openhft.chronicle.bytes.internal.HeapBytesStore.writeInt (0x00007f77cfe56610) [0x00007f77cfe567c0, 0x00007f77cfe56910] Compiler: c1, Barriers: 0, Oops: 1, ImmediateOops: 0, NonImmediateOops: No
[2,930s][debug  ][gc,nmethod     ] Register NMethod: io.sirix.access.trx.page.NodePageTrx.prepareRecordForModification (0x00007f77ef290a10) [0x00007f77ef290c00, 0x00007f77ef2911c0] Compiler: c2, Barriers: 7, Oops: 2, ImmediateOops: 1, NonImmediateOops: No
[2,930s][debug  ][gc,nmethod     ] Register NMethod: net.openhft.chronicle.core.UnsafeMemory.writeInt (0x00007f77cfe56a10) [0x00007f77cfe56ba0, 0x00007f77cfe56d68] Compiler: c1, Barriers: 0, Oops: 1, ImmediateOops: 1, NonImmediateOops: No
[2,930s][debug  ][gc,nmethod     ] Register NMethod: io.sirix.node.json.ArrayNode.getKind (0x00007f77ef291690) [0x00007f77ef291800, 0x00007f77ef291880] Compiler: c2, Barriers: 0, Oops: 1, ImmediateOops: 1, NonImmediateOops: No
[2,930s][debug  ][gc,nmethod     ] Register NMethod: jdk.internal.org.objectweb.asm.Frame.push (0x00007f77ef291990) [0x00007f77ef291b40, 0x00007f77ef291e30] Compiler: c2, Barriers: 5, Oops: 0, ImmediateOops: 0, NonImmediateOops: No
[2,930s][debug  ][gc,director    ] Rule Major: Warmup 10%, Used: 92MB, UsedThreshold: 1536MB
[2,930s][debug  ][gc,nmethod     ] Register NMethod: net.openhft.chronicle.bytes.internal.HeapBytesStore.writeInt (0x00007f77cfe56e10) [0x00007f77cfe57060, 0x00007f77cfe57ab0] Compiler: c1, Barriers: 4, Oops: 1, ImmediateOops: 2, NonImmediateOops: No
[2,930s][debug  ][gc,nmethod     ] Register NMethod: jdk.internal.util.Preconditions.checkFromToIndex (0x00007f77ef291f90) [0x00007f77ef292120, 0x00007f77ef292200] Compiler: c2, Barriers: 0, Oops: 0, ImmediateOops: 0, NonImmediateOops: No
[2,931s][debug  ][gc,nmethod     ] Register NMethod: io.sirix.access.trx.page.NodePageReadOnlyTrx.loadPage (0x00007f77cfe57f10) [0x00007f77cfe581c0, 0x00007f77cfe59010] Compiler: c1, Barriers: 14, Oops: 1, ImmediateOops: 0, NonImmediateOops: No
[2,931s][debug  ][gc,nmethod     ] Register NMethod: io.sirix.access.trx.page.NodePageReadOnlyTrx.getPage (0x00007f77cfe59310) [0x00007f77cfe594c0, 0x00007f77cfe596a8] Compiler: c1, Barriers: 3, Oops: 1, ImmediateOops: 0, NonImmediateOops: No
[2,932s][debug  ][gc,nmethod     ] Register NMethod: net.openhft.hashing.XXH3.XXH3_64bits_internal (0x00007f77cfe59790) [0x00007f77cfe5a2e0, 0x00007f77cfe655a0] Compiler: c1, Barriers: 0, Oops: 3, ImmediateOops: 20, NonImmediateOops: No
[2,932s][debug  ][gc,nmethod     ] Register NMethod: java.lang.String.encode (0x00007f77cfe6ab90) [0x00007f77cfe6ad80, 0x00007f77cfe6b0e0] Compiler: c1, Barriers: 0, Oops: 0, ImmediateOops: 3, NonImmediateOops: No
[2,932s][debug  ][gc,nmethod     ] Register NMethod: io.sirix.access.trx.page.NodePageTrx.getPageContainer (0x00007f77ef292310) [0x00007f77ef2924a0, 0x00007f77ef2925d8] Compiler: c2, Barriers: 1, Oops: 1, ImmediateOops: 0, NonImmediateOops: No
[2,932s][debug  ][gc,nmethod     ] Register NMethod: io.sirix.node.delegates.StructNodeDelegate.getChildCount (0x00007f77ef292710) [0x00007f77ef2928a0, 0x00007f77ef292960] Compiler: c1, Barriers: 0, Oops: 1, ImmediateOops: 0, NonImmediateOops: No
[2,932s][debug  ][gc,nmethod     ] Register NMethod: io.sirix.node.json.AbstractStringNode.delegate (0x00007f77ef292a10) [0x00007f77ef292ba0, 0x00007f77ef292ca0] Compiler: c2, Barriers: 2, Oops: 1, ImmediateOops: 0, NonImmediateOops: No
[2,932s][debug  ][gc,nmethod     ] Register NMethod: java.lang.String.getBytes (0x00007f77cfe6b210) [0x00007f77cfe6b3e0, 0x00007f77cfe6b6d8] Compiler: c1, Barriers: 1, Oops: 0, ImmediateOops: 0, NonImmediateOops: No
[2,932s][debug  ][gc,nmethod     ] Register NMethod: java.lang.String.encodeUTF8 (0x00007f77cfe6b810) [0x00007f77cfe6ba40, 0x00007f77cfe6c180] Compiler: c1, Barriers: 0, Oops: 0, ImmediateOops: 0, NonImmediateOops: No
[2,932s][debug  ][gc,nmethod     ] Register NMethod: io.sirix.access.trx.node.AbstractNodeReadOnlyTrx.moveTo (0x00007f77ef292d90) [0x00007f77ef292fe0, 0x00007f77ef2939e0] Compiler: c2, Barriers: 17, Oops: 2, ImmediateOops: 3, NonImmediateOops: No
[2,933s][debug  ][gc,nmethod     ] Register NMethod: io.sirix.access.trx.page.NodePageReadOnlyTrx.assertNotClosed (0x00007f77ef294090) [0x00007f77ef294200, 0x00007f77ef294298] Compiler: c2, Barriers: 0, Oops: 1, ImmediateOops: 0, NonImmediateOops: No
[2,933s][debug  ][gc,nmethod     ] Register NMethod: io.sirix.node.delegates.StructNodeDelegate.hasFirstChild (0x00007f77cfe6c410) [0x00007f77cfe6c5a0, 0x00007f77cfe6c730] Compiler: c1, Barriers: 0, Oops: 1, ImmediateOops: 1, NonImmediateOops: No
[2,933s][debug  ][gc,reloc       ] Synchronize all workers 1 _nworkers: 0 _nsynchronized: 0
[2,933s][debug  ][gc,reloc       ] Synchronize all workers 1 _nworkers: 0 _nsynchronized: 0
[2,933s][debug  ][gc,reloc       ] Desynchronize all workers _nworkers: 0 _nsynchronized: 0
[2,933s][debug  ][gc,reloc       ] Desynchronize all workers _nworkers: 0 _nsynchronized: 0
[2,933s][debug  ][gc,nmethod     ] Register NMethod: io.sirix.node.xml.AbstractStructForwardingNode.hasFirstChild (0x00007f77cfe6c810) [0x00007f77cfe6c9c0, 0x00007f77cfe6cc78] Compiler: c1, Barriers: 0, Oops: 1, ImmediateOops: 1, NonImmediateOops: No
[2,933s][debug  ][gc,nmethod     ] Register NMethod: io.sirix.access.trx.node.json.ForwardingJsonNodeReadOnlyTrx.getParentKind (0x00007f77cfe6cd90) [0x00007f77cfe6cf60, 0x00007f77cfe6d2e8] Compiler: c1, Barriers: 1, Oops: 1, ImmediateOops: 0, NonImmediateOops: No
[2,933s][debug  ][gc,nmethod     ] Register NMethod: io.sirix.axis.ChildAxis.<init> (0x00007f77cfe6d410) [0x00007f77cfe6d5c0, 0x00007f77cfe6d700] Compiler: c1, Barriers: 0, Oops: 1, ImmediateOops: 0, NonImmediateOops: No
[2,933s][debug  ][gc,nmethod     ] Register NMethod: io.sirix.node.xml.AbstractStructForwardingNode.getDescendantCount (0x00007f77ef294390) [0x00007f77ef294520, 0x00007f77ef2945d8] Compiler: c2, Barriers: 0, Oops: 1, ImmediateOops: 0, NonImmediateOops: No
[2,933s][debug  ][gc,nmethod     ] Register NMethod: io.sirix.access.trx.node.AbstractNodeReadOnlyTrx.getParentKind (0x00007f77cfe6d790) [0x00007f77cfe6da20, 0x00007f77cfe6e760] Compiler: c1, Barriers: 6, Oops: 1, ImmediateOops: 5, NonImmediateOops: No
[2,933s][debug  ][gc,nmethod     ] Register NMethod: io.sirix.axis.ChildAxis.reset (0x00007f77cfe6eb10) [0x00007f77cfe6ecc0, 0x00007f77cfe6eeb0] Compiler: c1, Barriers: 3, Oops: 1, ImmediateOops: 1, NonImmediateOops: No
[2,934s][debug  ][gc,nmethod     ] Register NMethod: io.sirix.access.trx.node.json.JsonNodeTrxImpl.getPathNodeKey (0x00007f77cfe6ef90) [0x00007f77cfe6f1e0, 0x00007f77cfe6fd00] Compiler: c1, Barriers: 14, Oops: 1, ImmediateOops: 5, NonImmediateOops: No
[2,934s][debug  ][gc,nmethod     ] Register NMethod: io.sirix.access.Utils.buildName (0x00007f77cfe70090) [0x00007f77cfe702c0, 0x00007f77cfe709f0] Compiler: c1, Barriers: 4, Oops: 2, ImmediateOops: 1, NonImmediateOops: No
[2,934s][debug  ][gc,nmethod     ] Register NMethod: java.util.ArrayList$Itr.hasNext (0x00007f77ef294690) [0x00007f77ef294820, 0x00007f77ef2948f8] Compiler: c2, Barriers: 1, Oops: 0, ImmediateOops: 0, NonImmediateOops: No
[2,934s][debug  ][gc,nmethod     ] Register NMethod: net.openhft.chronicle.core.internal.Bootstrap.isJava9Plus (0x00007f77cfe70c90) [0x00007f77cfe70e20, 0x00007f77cfe70f08] Compiler: c1, Barriers: 0, Oops: 1, ImmediateOops: 0, NonImmediateOops: No
[2,934s][debug  ][gc,nmethod     ] Register NMethod: it.unimi.dsi.fastutil.ints.Int2IntOpenHashMap.find (0x00007f77cfe70f90) [0x00007f77cfe71180, 0x00007f77cfe71658] Compiler: c1, Barriers: 1, Oops: 1, ImmediateOops: 0, NonImmediateOops: No
[2,934s][debug  ][gc,nmethod     ] Register NMethod: io.sirix.index.path.summary.PathSummaryReader.keyForName (0x00007f77cfe71810) [0x00007f77cfe719e0, 0x00007f77cfe71d00] Compiler: c1, Barriers: 0, Oops: 1, ImmediateOops: 1, NonImmediateOops: No
[2,934s][debug  ][gc,nmethod     ] Register NMethod: io.sirix.index.path.summary.PathSummaryWriter.getPathNodeKey (0x00007f77cfe71e90) [0x00007f77cfe72340, 0x00007f77cfe745d8] Compiler: c1, Barriers: 26, Oops: 1, ImmediateOops: 8, NonImmediateOops: No
[2,935s][debug  ][gc,nmethod     ] Register NMethod: io.sirix.axis.filter.FilterAxis.<init> (0x00007f77cfe75210) [0x00007f77cfe75580, 0x00007f77cfe76e60] Compiler: c1, Barriers: 24, Oops: 1, ImmediateOops: 3, NonImmediateOops: No
[2,935s][debug  ][gc,nmethod     ] Register NMethod: io.sirix.axis.filter.PathKindFilter.<init> (0x00007f77cfe77590) [0x00007f77cfe77780, 0x00007f77cfe77dd0] Compiler: c1, Barriers: 6, Oops: 1, ImmediateOops: 0, NonImmediateOops: No
[2,935s][debug  ][gc,nmethod     ] Register NMethod: io.sirix.axis.filter.PathNameFilter.<init> (0x00007f77cfe77f90) [0x00007f77cfe78240, 0x00007f77cfe78de8] Compiler: c1, Barriers: 4, Oops: 1, ImmediateOops: 3, NonImmediateOops: No
[2,935s][debug  ][gc,nmethod     ] Register NMethod: io.sirix.node.xml.AbstractStructForwardingNode.setDescendantCount (0x00007f77ef294990) [0x00007f77ef294b20, 0x00007f77ef294bd8] Compiler: c2, Barriers: 0, Oops: 1, ImmediateOops: 0, NonImmediateOops: No
[2,935s][debug  ][gc,nmethod     ] Register NMethod: io.sirix.service.json.shredder.JsonShredder.processName (0x00007f77cfe79310) [0x00007f77cfe794c0, 0x00007f77cfe79698] Compiler: c1, Barriers: 1, Oops: 1, ImmediateOops: 0, NonImmediateOops: No
[2,935s][debug  ][gc,nmethod     ] Register NMethod: net.openhft.chronicle.bytes.internal.ReferenceCountedUtil.throwExceptionIfReleased (0x00007f77cfe79790) [0x00007f77cfe79940, 0x00007f77cfe79be0] Compiler: c1, Barriers: 0, Oops: 1, ImmediateOops: 0, NonImmediateOops: No
[2,935s][debug  ][gc,nmethod     ] Register NMethod: io.sirix.access.trx.page.NodePageReadOnlyTrx.getNamePage (0x00007f77cfe79d10) [0x00007f77cfe79f20, 0x00007f77cfe7a618] Compiler: c1, Barriers: 4, Oops: 1, ImmediateOops: 1, NonImmediateOops: No
[2,935s][debug  ][gc,nmethod     ] Register NMethod: io.sirix.node.json.ObjectNode.getKind (0x00007f77ef294d10) [0x00007f77ef294e80, 0x00007f77ef294f00] Compiler: c2, Barriers: 0, Oops: 1, ImmediateOops: 1, NonImmediateOops: No
[2,935s][debug  ][gc,nmethod     ] Register NMethod: io.sirix.node.immutable.json.ImmutableArrayNode.getPathNodeKey (0x00007f77cfe7a890) [0x00007f77cfe7aa20, 0x00007f77cfe7ab78] Compiler: c1, Barriers: 1, Oops: 1, ImmediateOops: 0, NonImmediateOops: No
[2,935s][debug  ][gc,nmethod     ] Register NMethod: io.sirix.access.trx.node.AbstractNodeHashing.setAddDescendants (0x00007f77ef295010) [0x00007f77ef2951a0, 0x00007f77ef295328] Compiler: c2, Barriers: 0, Oops: 1, ImmediateOops: 0, NonImmediateOops: No
[2,935s][debug  ][gc,nmethod     ] Register NMethod: io.sirix.node.xml.AbstractStructForwardingNode.getLeftSiblingKey (0x00007f77cfe7ac10) [0x00007f77cfe7adc0, 0x00007f77cfe7afb0] Compiler: c1, Barriers: 0, Oops: 1, ImmediateOops: 0, NonImmediateOops: No
[2,935s][debug  ][gc,nmethod     ] Register NMethod: io.sirix.access.trx.page.NodePageTrx.getRecord (0x00007f77ef295490) [0x00007f77ef295680, 0x00007f77ef295c38] Compiler: c2, Barriers: 7, Oops: 2, ImmediateOops: 2, NonImmediateOops: No
[2,935s][debug  ][gc,nmethod     ] Register NMethod: net.openhft.chronicle.bytes.AbstractBytes.writeInt (0x00007f77cfe7b090) [0x00007f77cfe7b240, 0x00007f77cfe7b498] Compiler: c1, Barriers: 1, Oops: 1, ImmediateOops: 0, NonImmediateOops: No
[2,935s][debug  ][gc,nmethod     ] Register NMethod: com.google.gson.stream.JsonReader.nextString (0x00007f77cfe7b590) [0x00007f77cfe7b8a0, 0x00007f77cfe7c6c8] Compiler: c1, Barriers: 7, Oops: 2, ImmediateOops: 2, NonImmediateOops: No
[2,936s][debug  ][gc,nmethod     ] Register NMethod: io.sirix.node.xml.AbstractStructForwardingNode.setRightSiblingKey (0x00007f77cfe7cb10) [0x00007f77cfe7ccc0, 0x00007f77cfe7ceb8] Compiler: c1, Barriers: 0, Oops: 1, ImmediateOops: 0, NonImmediateOops: No
[2,936s][debug  ][gc,nmethod     ] Register NMethod: io.sirix.access.trx.node.json.ForwardingJsonNodeReadOnlyTrx.isObjectKey (0x00007f77cfe7cf90) [0x00007f77cfe7d160, 0x00007f77cfe7d4e8] Compiler: c1, Barriers: 1, Oops: 1, ImmediateOops: 0, NonImmediateOops: No
[2,936s][debug  ][gc,nmethod     ] Register NMethod: io.sirix.access.trx.node.AbstractDeweyIDManager.newRightSiblingID (0x00007f77cfe7d610) [0x00007f77cfe7d960, 0x00007f77cfe7f188] Compiler: c1, Barriers: 13, Oops: 1, ImmediateOops: 2, NonImmediateOops: No
[2,936s][debug  ][gc,nmethod     ] Register NMethod: io.sirix.access.trx.node.json.ForwardingJsonNodeReadOnlyTrx.getNode (0x00007f77cfe7f810) [0x00007f77cfe7f9e0, 0x00007f77cfe7fd58] Compiler: c1, Barriers: 1, Oops: 1, ImmediateOops: 0, NonImmediateOops: No
[2,936s][debug  ][gc,nmethod     ] Register NMethod: io.sirix.access.trx.node.json.JsonNodeReadOnlyTrxImpl.isObjectKey (0x00007f77cfe7fe90) [0x00007f77cfe80060, 0x00007f77cfe80538] Compiler: c1, Barriers: 1, Oops: 1, ImmediateOops: 2, NonImmediateOops: No
[2,936s][debug  ][gc,nmethod     ] Register NMethod: io.sirix.access.trx.node.json.JsonNodeTrxImpl.getPathNodeKey (0x00007f77cfe80690) [0x00007f77cfe80880, 0x00007f77cfe80db0] Compiler: c1, Barriers: 0, Oops: 1, ImmediateOops: 2, NonImmediateOops: No
[2,936s][debug  ][gc,nmethod     ] Register NMethod: io.sirix.service.json.shredder.JsonShredder.adaptTrxPosAndStack (0x00007f77cfe80f10) [0x00007f77cfe81180, 0x00007f77cfe81d38] Compiler: c1, Barriers: 5, Oops: 1, ImmediateOops: 0, NonImmediateOops: No
[2,937s][debug  ][gc,nmethod     ] Register NMethod: io.sirix.access.trx.node.json.JsonNodeTrxImpl.insertAsSibling (0x00007f77cfe82190) [0x00007f77cfe82580, 0x00007f77cfe848e8] Compiler: c1, Barriers: 20, Oops: 1, ImmediateOops: 4, NonImmediateOops: No
[2,937s][debug  ][gc,nmethod     ] Register NMethod: net.openhft.chronicle.core.UnsafeMemory.writeLong (0x00007f77ef296110) [0x00007f77ef296280, 0x00007f77ef296318] Compiler: c2, Barriers: 0, Oops: 2, ImmediateOops: 0, NonImmediateOops: No
[2,938s][debug  ][gc,nmethod     ] Register NMethod: jdk.internal.reflect.MethodHandleFieldAccessorImpl.isStatic (0x00007f77cfe85110) [0x00007f77cfe852a0, 0x00007f77cfe85408] Compiler: c1, Barriers: 0, Oops: 0, ImmediateOops: 0, NonImmediateOops: No
[2,938s][debug  ][gc,nmethod     ] Register NMethod: net.openhft.chronicle.core.UnsafeMemory.writeByte (0x00007f77ef296410) [0x00007f77ef296580, 0x00007f77ef296618] Compiler: c2, Barriers: 0, Oops: 2, ImmediateOops: 0, NonImmediateOops: No
[2,938s][debug  ][gc,nmethod     ] Register NMethod: jdk.internal.misc.Unsafe.getReference (0x00007f77ef296710) [0x00007f77ef2968c0, 0x00007f77ef296c70] Compiler: , Barriers: 0, Oops: 0, ImmediateOops: 0, NonImmediateOops: No
[2,938s][debug  ][gc,nmethod     ] Register NMethod: java.lang.reflect.Field.getOverrideFieldAccessor (0x00007f77cfe85490) [0x00007f77cfe85640, 0x00007f77cfe85808] Compiler: c1, Barriers: 1, Oops: 0, ImmediateOops: 0, NonImmediateOops: No
[2,938s][debug  ][gc,nmethod     ] Register NMethod: net.openhft.chronicle.bytes.StreamingDataOutput.writeStopBit (0x00007f77cfe85890) [0x00007f77cfe85a40, 0x00007f77cfe85b88] Compiler: c1, Barriers: 0, Oops: 1, ImmediateOops: 0, NonImmediateOops: No
[2,938s][debug  ][gc,nmethod     ] Register NMethod: io.sirix.index.path.summary.PathNode.getPrefixKey (0x00007f77cfe85c10) [0x00007f77cfe85da0, 0x00007f77cfe85f00] Compiler: c1, Barriers: 1, Oops: 1, ImmediateOops: 0, NonImmediateOops: No
[2,938s][debug  ][gc,nmethod     ] Register NMethod: net.openhft.chronicle.bytes.internal.BytesInternal.writeStopBit (0x00007f77cfe86010) [0x00007f77cfe86220, 0x00007f77cfe869a8] Compiler: c1, Barriers: 0, Oops: 1, ImmediateOops: 0, NonImmediateOops: No
[2,939s][debug  ][gc,nmethod     ] Register NMethod: io.sirix.axis.filter.PathKindFilter.filter (0x00007f77cfe86b90) [0x00007f77cfe86d80, 0x00007f77cfe87498] Compiler: c1, Barriers: 4, Oops: 1, ImmediateOops: 2, NonImmediateOops: No
[2,939s][debug  ][gc,nmethod     ] Register NMethod: io.sirix.index.path.summary.PathSummaryReader.getPathKind (0x00007f77cfe87690) [0x00007f77cfe87880, 0x00007f77cfe87da8] Compiler: c1, Barriers: 2, Oops: 1, ImmediateOops: 2, NonImmediateOops: No
[2,939s][debug  ][gc,nmethod     ] Register NMethod: net.openhft.chronicle.core.Jvm.isJava9Plus (0x00007f77cfe87f10) [0x00007f77cfe880a0, 0x00007f77cfe881e0] Compiler: c1, Barriers: 0, Oops: 1, ImmediateOops: 0, NonImmediateOops: No
[2,939s][debug  ][gc,nmethod     ] Register NMethod: io.sirix.node.immutable.json.ImmutableArrayNode.getKind (0x00007f77cfe88290) [0x00007f77cfe88420, 0x00007f77cfe88530] Compiler: c1, Barriers: 0, Oops: 1, ImmediateOops: 1, NonImmediateOops: No
[2,939s][debug  ][gc,nmethod     ] Register NMethod: it.unimi.dsi.fastutil.ints.Int2IntOpenHashMap.get (0x00007f77cfe88610) [0x00007f77cfe88820, 0x00007f77cfe88df0] Compiler: c1, Barriers: 4, Oops: 1, ImmediateOops: 0, NonImmediateOops: No
[2,939s][debug  ][gc,nmethod     ] Register NMethod: io.sirix.node.HashCountEntryNode.incrementValue (0x00007f77cfe89010) [0x00007f77cfe891a0, 0x00007f77cfe892b0] Compiler: c1, Barriers: 0, Oops: 1, ImmediateOops: 0, NonImmediateOops: No
[2,939s][debug  ][gc,nmethod     ] Register NMethod: net.openhft.chronicle.core.util.StringUtils.getMemory (0x00007f77cfe89390) [0x00007f77cfe89520, 0x00007f77cfe89610] Compiler: c1, Barriers: 0, Oops: 1, ImmediateOops: 1, NonImmediateOops: No
[2,939s][debug  ][gc,nmethod     ] Register NMethod: java.lang.invoke.DirectMethodHandle.fieldOffset (0x00007f77cfe89690) [0x00007f77cfe89820, 0x00007f77cfe899f0] Compiler: c1, Barriers: 0, Oops: 0, ImmediateOops: 0, NonImmediateOops: No
[2,939s][debug  ][gc,nmethod     ] Register NMethod: net.openhft.chronicle.bytes.StreamingDataOutput.writeUtf8 (0x00007f77cfe89a90) [0x00007f77cfe89c40, 0x00007f77cfe89d88] Compiler: c1, Barriers: 0, Oops: 1, ImmediateOops: 0, NonImmediateOops: No
[2,939s][debug  ][gc,nmethod     ] Register NMethod: java.lang.invoke.DirectMethodHandle.checkBase (0x00007f77cfe89e10) [0x00007f77cfe89fc0, 0x00007f77cfe8a208] Compiler: c1, Barriers: 0, Oops: 0, ImmediateOops: 0, NonImmediateOops: No
[2,939s][debug  ][gc,nmethod     ] Register NMethod: net.openhft.chronicle.core.util.StringUtils.ensureJava9Plus (0x00007f77cfe8a310) [0x00007f77cfe8a4a0, 0x00007f77cfe8a5f0] Compiler: c1, Barriers: 0, Oops: 1, ImmediateOops: 0, NonImmediateOops: No
[2,939s][debug  ][gc,nmethod     ] Register NMethod: net.openhft.chronicle.core.util.StringUtils.extractBytes (0x00007f77cfe8a690) [0x00007f77cfe8a880, 0x00007f77cfe8ae00] Compiler: c1, Barriers: 2, Oops: 2, ImmediateOops: 2, NonImmediateOops: No
[2,939s][debug  ][gc,nmethod     ] Register NMethod: net.openhft.chronicle.core.UnsafeMemory.getObject (0x00007f77cfe8b010) [0x00007f77cfe8b1c0, 0x00007f77cfe8b438] Compiler: c1, Barriers: 2, Oops: 2, ImmediateOops: 1, NonImmediateOops: No
[2,939s][debug  ][gc,nmethod     ] Register NMethod: sun.misc.Unsafe.getObject (0x00007f77cfe8b590) [0x00007f77cfe8b720, 0x00007f77cfe8b850] Compiler: c1, Barriers: 1, Oops: 0, ImmediateOops: 0, NonImmediateOops: No
[2,939s][debug  ][gc,nmethod     ] Register NMethod: net.openhft.chronicle.core.util.StringUtils.getStringCoder (0x00007f77cfe8b910) [0x00007f77cfe8bac0, 0x00007f77cfe8bbd8] Compiler: c1, Barriers: 0, Oops: 1, ImmediateOops: 0, NonImmediateOops: No
[2,940s][debug  ][gc,nmethod     ] Register NMethod: net.openhft.chronicle.bytes.internal.BytesInternal.writeUtf8 (0x00007f77cfe8bc90) [0x00007f77cfe8bf80, 0x00007f77cfe8d000] Compiler: c1, Barriers: 3, Oops: 2, ImmediateOops: 2, NonImmediateOops: No
[2,940s][debug  ][gc,nmethod     ] Register NMethod: io.sirix.access.trx.node.json.JsonNodeTrxImpl.getBytes (0x00007f77cfe8d610) [0x00007f77cfe8d7c0, 0x00007f77cfe8da18] Compiler: c1, Barriers: 1, Oops: 2, ImmediateOops: 1, NonImmediateOops: No
[2,940s][debug  ][gc,nmethod     ] Register NMethod: net.openhft.chronicle.core.util.StringUtils.getStringCoderForStringOrStringBuilder (0x00007f77cfe8db90) [0x00007f77cfe8de20, 0x00007f77cfe8e938] Compiler: c1, Barriers: 3, Oops: 1, ImmediateOops: 3, NonImmediateOops: No
[2,940s][debug  ][gc,nmethod     ] Register NMethod: net.openhft.chronicle.bytes.NativeBytes.writeByte (0x00007f77ef296c90) [0x00007f77ef296e80, 0x00007f77ef297338] Compiler: c2, Barriers: 5, Oops: 2, ImmediateOops: 0, NonImmediateOops: No
[2,940s][debug  ][gc,nmethod     ] Register NMethod: io.sirix.access.trx.node.json.objectvalue.StringValue.<init> (0x00007f77cfe8ed90) [0x00007f77cfe8ef60, 0x00007f77cfe8f298] Compiler: c1, Barriers: 3, Oops: 1, ImmediateOops: 0, NonImmediateOops: No
[2,940s][debug  ][gc,nmethod     ] Register NMethod: io.sirix.access.trx.node.json.objectvalue.StringValue.getKind (0x00007f77cfe8f410) [0x00007f77cfe8f5a0, 0x00007f77cfe8f6b0] Compiler: c1, Barriers: 0, Oops: 1, ImmediateOops: 1, NonImmediateOops: No
[2,940s][debug  ][gc,nmethod     ] Register NMethod: io.sirix.access.trx.node.json.objectvalue.StringValue.getValue (0x00007f77cfe8f790) [0x00007f77cfe8f920, 0x00007f77cfe8fa68] Compiler: c1, Barriers: 1, Oops: 1, ImmediateOops: 0, NonImmediateOops: No
[2,940s][debug  ][gc,nmethod     ] Register NMethod: net.openhft.chronicle.bytes.NativeBytes.writeByte (0x00007f77ef297790) [0x00007f77ef297980, 0x00007f77ef297e38] Compiler: c2, Barriers: 5, Oops: 2, ImmediateOops: 0, NonImmediateOops: No
[2,940s][debug  ][gc,nmethod     ] Register NMethod: io.sirix.node.json.ObjectStringNode.<init> (0x00007f77cfe8fb10) [0x00007f77cfe8fce0, 0x00007f77cfe900b0] Compiler: c1, Barriers: 6, Oops: 1, ImmediateOops: 0, NonImmediateOops: No
[2,940s][debug  ][gc,director    ] Rule Major: Warmup 10%, Used: 92MB, UsedThreshold: 1536MB
[2,940s][debug  ][gc,nmethod     ] Register NMethod: net.openhft.chronicle.bytes.internal.HeapBytesStore.writeLong (0x00007f77ef298310) [0x00007f77ef2984a0, 0x00007f77ef298708] Compiler: c2, Barriers: 3, Oops: 2, ImmediateOops: 0, NonImmediateOops: No
[2,941s][debug  ][gc,nmethod     ] Register NMethod: io.sirix.access.trx.node.json.ForwardingJsonNodeReadOnlyTrx.moveToParent (0x00007f77cfe90210) [0x00007f77cfe903e0, 0x00007f77cfe90768] Compiler: c1, Barriers: 1, Oops: 1, ImmediateOops: 0, NonImmediateOops: No
[2,941s][debug  ][gc,nmethod     ] Register NMethod: io.sirix.access.trx.node.json.JsonNodeFactoryImpl.createJsonObjectStringNode (0x00007f77cfe90890) [0x00007f77cfe90b40, 0x00007f77cfe918a0] Compiler: c1, Barriers: 11, Oops: 1, ImmediateOops: 3, NonImmediateOops: No
[2,941s][debug  ][gc,nmethod     ] Register NMethod: io.sirix.axis.filter.FilterAxis.nextKey (0x00007f77cfe91e10) [0x00007f77cfe92060, 0x00007f77cfe92b68] Compiler: c1, Barriers: 3, Oops: 1, ImmediateOops: 1, NonImmediateOops: No
[2,941s][debug  ][gc,nmethod     ] Register NMethod: io.sirix.index.path.summary.PathSummaryWriter.movePathSummary (0x00007f77cfe92e90) [0x00007f77cfe931c0, 0x00007f77cfe94420] Compiler: c1, Barriers: 13, Oops: 1, ImmediateOops: 3, NonImmediateOops: No
[2,942s][debug  ][gc,nmethod     ] Register NMethod: io.sirix.access.trx.node.json.JsonNodeTrxImpl.insertStringValueAsFirstChild (0x00007f77cfe94890) [0x00007f77cfe94e20, 0x00007f77cfe981c0] Compiler: c1, Barriers: 24, Oops: 2, ImmediateOops: 11, NonImmediateOops: No
[2,942s][debug  ][gc,nmethod     ] Register NMethod: io.sirix.access.trx.node.json.JsonNodeTrxImpl.insertObjectRecordAsRightSibling (0x00007f77cfe99a90) [0x00007f77cfe99f20, 0x00007f77cfe9c748] Compiler: c1, Barriers: 19, Oops: 1, ImmediateOops: 3, NonImmediateOops: No
[2,942s][debug  ][gc,nmethod     ] Register NMethod: io.sirix.index.path.summary.PathSummaryReader.hasFirstChild (0x00007f77cfe9d910) [0x00007f77cfe9db00, 0x00007f77cfe9df88] Compiler: c1, Barriers: 1, Oops: 1, ImmediateOops: 1, NonImmediateOops: No
[2,942s][debug  ][gc,nmethod     ] Register NMethod: io.sirix.axis.filter.FilterAxis.reset (0x00007f77cfe9e110) [0x00007f77cfe9e2c0, 0x00007f77cfe9e5d8] Compiler: c1, Barriers: 4, Oops: 1, ImmediateOops: 1, NonImmediateOops: No
[2,942s][debug  ][gc,nmethod     ] Register NMethod: it.unimi.dsi.fastutil.ints.Int2IntOpenHashMap.put (0x00007f77cfe9e710) [0x00007f77cfe9e8e0, 0x00007f77cfe9eb58] Compiler: c1, Barriers: 1, Oops: 1, ImmediateOops: 0, NonImmediateOops: No
[2,942s][debug  ][gc,nmethod     ] Register NMethod: io.sirix.index.path.summary.PathSummaryReader.getLevel (0x00007f77cfe9ec90) [0x00007f77cfe9ef00, 0x00007f77cfe9fbe8] Compiler: c1, Barriers: 1, Oops: 1, ImmediateOops: 3, NonImmediateOops: No
[2,942s][debug  ][gc,nmethod     ] Register NMethod: io.sirix.node.json.ArrayNode.delegate (0x00007f77ef298910) [0x00007f77ef298aa0, 0x00007f77ef298ba0] Compiler: c2, Barriers: 2, Oops: 1, ImmediateOops: 0, NonImmediateOops: No
[2,943s][debug  ][gc,nmethod     ] Register NMethod: it.unimi.dsi.fastutil.ints.Int2ObjectOpenHashMap.get (0x00007f77cfe9ff10) [0x00007f77cfea0120, 0x00007f77cfea07f8] Compiler: c1, Barriers: 10, Oops: 1, ImmediateOops: 0, NonImmediateOops: No
[2,943s][debug  ][gc,nmethod     ] Register NMethod: io.sirix.access.trx.page.AbstractForwardingPageReadOnlyTrx.getNamePage (0x00007f77cfea0a90) [0x00007f77cfea0cc0, 0x00007f77cfea1488] Compiler: c1, Barriers: 5, Oops: 1, ImmediateOops: 1, NonImmediateOops: No
[2,943s][debug  ][gc,nmethod     ] Register NMethod: io.sirix.service.json.shredder.JsonShredder.getObjectRecordValue (0x00007f77cfea1710) [0x00007f77cfea1a80, 0x00007f77cfea2b88] Compiler: c1, Barriers: 13, Oops: 1, ImmediateOops: 1, NonImmediateOops: No
[2,943s][debug  ][gc,nmethod     ] Register NMethod: io.sirix.access.trx.page.NodePageTrx.createNameKey (0x00007f77cfea3110) [0x00007f77cfea33a0, 0x00007f77cfea4090] Compiler: c1, Barriers: 7, Oops: 1, ImmediateOops: 3, NonImmediateOops: No
[2,943s][debug  ][gc,nmethod     ] Register NMethod: io.sirix.page.NamePage.setName (0x00007f77cfea4510) [0x00007f77cfea47e0, 0x00007f77cfea53b8] Compiler: c1, Barriers: 25, Oops: 1, ImmediateOops: 2, NonImmediateOops: No
[2,943s][debug  ][gc,nmethod     ] Register NMethod: io.sirix.node.json.ObjectKeyNode.<init> (0x00007f77cfea5690) [0x00007f77cfea58e0, 0x00007f77cfea62a0] Compiler: c1, Barriers: 15, Oops: 1, ImmediateOops: 4, NonImmediateOops: No
[2,943s][debug  ][gc,nmethod     ] Register NMethod: io.sirix.access.trx.node.json.ForwardingJsonNodeReadOnlyTrx.getParentKey (0x00007f77cfea6590) [0x00007f77cfea6760, 0x00007f77cfea6ae8] Compiler: c1, Barriers: 1, Oops: 1, ImmediateOops: 0, NonImmediateOops: No
[2,943s][debug  ][gc,nmethod     ] Register NMethod: io.sirix.access.trx.node.AbstractNodeReadOnlyTrx.getParentKey (0x00007f77cfea6c10) [0x00007f77cfea6de0, 0x00007f77cfea71c8] Compiler: c1, Barriers: 1, Oops: 1, ImmediateOops: 1, NonImmediateOops: No
[2,943s][debug  ][gc,nmethod     ] Register NMethod: net.openhft.chronicle.core.io.AbstractReferenceCounted.refCount (0x00007f77cfea7310) [0x00007f77cfea74c0, 0x00007f77cfea7658] Compiler: c1, Barriers: 1, Oops: 1, ImmediateOops: 0, NonImmediateOops: No
[2,944s][debug  ][gc,nmethod     ] Register NMethod: io.sirix.node.json.ObjectStringNode.getKind (0x00007f77ef298c90) [0x00007f77ef298e00, 0x00007f77ef298e80] Compiler: c2, Barriers: 0, Oops: 1, ImmediateOops: 1, NonImmediateOops: No
[2,944s][debug  ][gc,nmethod     ] Register NMethod: java.lang.invoke.LambdaForm$MH/0x0000000080358800.invoke (0x00007f77cfea7790) [0x00007f77cfea7960, 0x00007f77cfea7e08] Compiler: c1, Barriers: 2, Oops: 1, ImmediateOops: 0, NonImmediateOops: No
[2,944s][debug  ][gc,nmethod     ] Register NMethod: java.lang.invoke.LambdaForm$DMH/0x000000008010d800.invokeSpecial (0x00007f77cfea7f10) [0x00007f77cfea80e0, 0x00007f77cfea8578] Compiler: c1, Barriers: 1, Oops: 1, ImmediateOops: 0, NonImmediateOops: No
[2,944s][debug  ][gc,nmethod     ] Register NMethod: io.sirix.node.json.ObjectKeyNode.computeHash (0x00007f77cfea8690) [0x00007f77cfea8a20, 0x00007f77cfeaa618] Compiler: c1, Barriers: 9, Oops: 1, ImmediateOops: 2, NonImmediateOops: No
[2,945s][debug  ][gc,nmethod     ] Register NMethod: io.sirix.index.name.Names.setName (0x00007f77cfeaad10) [0x00007f77cfeab120, 0x00007f77cfeac920] Compiler: c1, Barriers: 12, Oops: 2, ImmediateOops: 4, NonImmediateOops: No
[2,945s][debug  ][gc,nmethod     ] Register NMethod: io.sirix.service.json.shredder.JsonShredder.addObjectRecord (0x00007f77cfead390) [0x00007f77cfeada40, 0x00007f77cfeb16e0] Compiler: c1, Barriers: 29, Oops: 1, ImmediateOops: 9, NonImmediateOops: No
[2,945s][debug  ][gc,nmethod     ] Register NMethod: io.sirix.access.trx.page.NodePageTrx.getMostRecentPageContainer (0x00007f77cfeb2910) [0x00007f77cfeb2b00, 0x00007f77cfeb3200] Compiler: c1, Barriers: 9, Oops: 1, ImmediateOops: 1, NonImmediateOops: No
[2,946s][debug  ][gc,nmethod     ] Register NMethod: io.sirix.access.trx.page.NodePageTrx.prepareRecordForModification (0x00007f77cfeb3310) [0x00007f77cfeb3600, 0x00007f77cfeb4580] Compiler: c1, Barriers: 7, Oops: 2, ImmediateOops: 4, NonImmediateOops: No
[2,946s][debug  ][gc,nmethod     ] Register NMethod: io.sirix.access.trx.node.AbstractNodeReadOnlyTrx.moveTo (0x00007f77cfeb4c10) [0x00007f77cfeb4ec0, 0x00007f77cfeb5ec0] Compiler: c1, Barriers: 11, Oops: 1, ImmediateOops: 4, NonImmediateOops: No
[2,946s][debug  ][gc,nmethod     ] Register NMethod: java.lang.Long.hashCode (0x00007f77cfeb6410) [0x00007f77cfeb65a0, 0x00007f77cfeb6690] Compiler: c1, Barriers: 0, Oops: 0, ImmediateOops: 0, NonImmediateOops: No
[2,946s][debug  ][gc,nmethod     ] Register NMethod: io.sirix.access.trx.page.NodePageTrx.getPageContainer (0x00007f77cfeb6710) [0x00007f77cfeb6980, 0x00007f77cfeb7480] Compiler: c1, Barriers: 12, Oops: 4, ImmediateOops: 4, NonImmediateOops: No
[2,946s][debug  ][gc,nmethod     ] Register NMethod: io.sirix.access.trx.page.NodePageTrx.prepareRecordPage (0x00007f77cfeb7890) [0x00007f77cfeb7ba0, 0x00007f77cfeb8f28] Compiler: c1, Barriers: 36, Oops: 4, ImmediateOops: 5, NonImmediateOops: No
[2,947s][debug  ][gc,nmethod     ] Register NMethod: io.sirix.access.trx.page.NodePageTrx.getRecord (0x00007f77cfeb9510) [0x00007f77cfeb97c0, 0x00007f77cfeba4e0] Compiler: c1, Barriers: 8, Oops: 1, ImmediateOops: 2, NonImmediateOops: No
[2,947s][debug  ][gc,nmethod     ] Register NMethod: net.openhft.chronicle.bytes.NativeBytes.writeLong (0x00007f77ef298f90) [0x00007f77ef299180, 0x00007f77ef299620] Compiler: c2, Barriers: 5, Oops: 2, ImmediateOops: 0, NonImmediateOops: No
[2,947s][debug  ][gc,nmethod     ] Register NMethod: net.openhft.chronicle.bytes.internal.BytesInternal.appendUtf8Char (0x00007f77ef299b10) [0x00007f77ef299d00, 0x00007f77ef29a260] Compiler: c2, Barriers: 5, Oops: 2, ImmediateOops: 0, NonImmediateOops: No
[2,947s][debug  ][gc,nmethod     ] Register NMethod: io.sirix.index.IndexType.getID (0x00007f77ef29a790) [0x00007f77ef29a920, 0x00007f77ef29a9e8] Compiler: c1, Barriers: 0, Oops: 1, ImmediateOops: 0, NonImmediateOops: No
[2,947s][debug  ][gc,nmethod     ] Register NMethod: io.sirix.access.trx.page.NodePageReadOnlyTrx.checkItemIfDeleted (0x00007f77ef29aa90) [0x00007f77ef29ac20, 0x00007f77ef29acd0] Compiler: c2, Barriers: 0, Oops: 1, ImmediateOops: 0, NonImmediateOops: No
[2,948s][debug  ][gc,nmethod     ] Register NMethod: java.util.HashMap.computeIfAbsent (0x00007f77cfeba910) [0x00007f77cfebac60, 0x00007f77cfebc310] Compiler: c1, Barriers: 11, Oops: 0, ImmediateOops: 0, NonImmediateOops: No
[2,948s][debug  ][gc,nmethod     ] Register NMethod: java.lang.invoke.LambdaForm$MH/0x0000000080378400.invoke (0x00007f77cfebc910) [0x00007f77cfebcb60, 0x00007f77cfebd720] Compiler: c1, Barriers: 0, Oops: 7, ImmediateOops: 7, NonImmediateOops: No
[2,948s][debug  ][gc,nmethod     ] Register NMethod: java.lang.invoke.LambdaForm$MH/0x0000000080360800.invokeExact_MT (0x00007f77cfebda10) [0x00007f77cfebdc20, 0x00007f77cfebe400] Compiler: c1, Barriers: 3, Oops: 1, ImmediateOops: 0, NonImmediateOops: No
[2,948s][debug  ][gc,nmethod     ] Register NMethod: io.sirix.access.trx.node.json.JsonDeweyIDManager.newRecordValueID (0x00007f77cfebe610) [0x00007f77cfebe880, 0x00007f77cfebf508] Compiler: c1, Barriers: 6, Oops: 1, ImmediateOops: 1, NonImmediateOops: No
[2,948s][debug  ][gc,nmethod     ] Register NMethod: io.sirix.node.delegates.ValueNodeDelegate.getRawValue (0x00007f77cfebf910) [0x00007f77cfebfac0, 0x00007f77cfebfcc8] Compiler: c1, Barriers: 2, Oops: 1, ImmediateOops: 0, NonImmediateOops: No
[2,948s][debug  ][gc,nmethod     ] Register NMethod: java.nio.charset.CoderResult.isOverflow (0x00007f77cfebfd90) [0x00007f77cfebff20, 0x00007f77cfec0088] Compiler: c1, Barriers: 0, Oops: 0, ImmediateOops: 0, NonImmediateOops: No
[2,948s][debug  ][gc,nmethod     ] Register NMethod: jdk.internal.reflect.MethodHandleByteFieldAccessorImpl.getByte (0x00007f77cfec0110) [0x00007f77cfec0380, 0x00007f77cfec0f00] Compiler: c1, Barriers: 5, Oops: 2, ImmediateOops: 2, NonImmediateOops: No
[2,949s][debug  ][gc,nmethod     ] Register NMethod: net.openhft.chronicle.bytes.NativeBytes.writeLong (0x00007f77ef29ad90) [0x00007f77ef29af80, 0x00007f77ef29b420] Compiler: c2, Barriers: 5, Oops: 2, ImmediateOops: 0, NonImmediateOops: No
[2,949s][debug  ][gc,nmethod     ] Register NMethod: io.sirix.page.RevisionRootPage.incrementAndGetMaxNodeKeyInDocumentIndex (0x00007f77ef29b890) [0x00007f77ef29ba00, 0x00007f77ef29ba88] Compiler: c2, Barriers: 0, Oops: 1, ImmediateOops: 0, NonImmediateOops: No
[2,949s][debug  ][gc,nmethod     ] Register NMethod: io.sirix.node.json.AbstractStringNode.computeHash (0x00007f77cfec1490) [0x00007f77cfec17e0, 0x00007f77cfec2fb8] Compiler: c1, Barriers: 9, Oops: 1, ImmediateOops: 2, NonImmediateOops: No
[2,949s][debug  ][gc,nmethod     ] Register NMethod: java.util.LinkedHashMap.afterNodeAccess (0x00007f77cfec3610) [0x00007f77cfec38a0, 0x00007f77cfec47b0] Compiler: c1, Barriers: 54, Oops: 0, ImmediateOops: 0, NonImmediateOops: No
[2,949s][debug  ][gc,nmethod     ] Register NMethod: io.sirix.access.trx.node.json.JsonNodeTrxImpl.setFirstChildOfObjectKeyNode (0x00007f77cfec4990) [0x00007f77cfec4bc0, 0x00007f77cfec55a0] Compiler: c1, Barriers: 5, Oops: 1, ImmediateOops: 1, NonImmediateOops: No
[2,949s][debug  ][gc,nmethod     ] Register NMethod: io.sirix.access.trx.node.json.JsonNodeFactoryImpl.createJsonObjectKeyNode (0x00007f77cfec5890) [0x00007f77cfec5b00, 0x00007f77cfec6478] Compiler: c1, Barriers: 6, Oops: 1, ImmediateOops: 4, NonImmediateOops: No
[2,949s][debug  ][gc,nmethod     ] Register NMethod: io.sirix.access.trx.node.json.JsonNodeTrxImpl.insertValue (0x00007f77cfec6990) [0x00007f77cfec6c40, 0x00007f77cfec7780] Compiler: c1, Barriers: 0, Oops: 1, ImmediateOops: 2, NonImmediateOops: No
[2,949s][debug  ][gc,nmethod     ] Register NMethod: io.sirix.node.delegates.ValueNodeDelegate.<init> (0x00007f77cfec7a10) [0x00007f77cfec7c00, 0x00007f77cfec8160] Compiler: c1, Barriers: 6, Oops: 1, ImmediateOops: 2, NonImmediateOops: No
[2,950s][debug  ][gc,nmethod     ] Register NMethod: io.sirix.cache.IndexLogKey.hashCode (0x00007f77cfec8310) [0x00007f77cfec84c0, 0x00007f77cfec86c0] Compiler: c1, Barriers: 1, Oops: 1, ImmediateOops: 0, NonImmediateOops: No
[2,950s][debug  ][gc,nmethod     ] Register NMethod: io.sirix.cache.IndexLogKey.equals (0x00007f77cfec8790) [0x00007f77cfec8960, 0x00007f77cfec8e70] Compiler: c1, Barriers: 4, Oops: 1, ImmediateOops: 0, NonImmediateOops: No
[2,950s][debug  ][gc,nmethod     ] Register NMethod: io.sirix.node.delegates.StructNodeDelegate.incrementChildCount (0x00007f77ef29bb90) [0x00007f77ef29bd00, 0x00007f77ef29bd80] Compiler: c2, Barriers: 0, Oops: 1, ImmediateOops: 0, NonImmediateOops: No
[2,950s][debug  ][gc,nmethod     ] Register NMethod: net.openhft.hashing.Maths.unsignedLongMulXorFold (0x00007f77ef29be90) [0x00007f77ef29c000, 0x00007f77ef29c098] Compiler: c2, Barriers: 0, Oops: 1, ImmediateOops: 0, NonImmediateOops: No
[2,950s][debug  ][gc,director    ] Rule Major: Warmup 10%, Used: 92MB, UsedThreshold: 1536MB
[2,951s][debug  ][gc,nmethod     ] Register NMethod: io.sirix.access.trx.node.AbstractNodeReadOnlyTrx.getKind (0x00007f77ef29c190) [0x00007f77ef29c320, 0x00007f77ef29c418] Compiler: c2, Barriers: 1, Oops: 1, ImmediateOops: 0, NonImmediateOops: No
[2,951s][debug  ][gc,nmethod     ] Register NMethod: io.sirix.access.trx.page.NodePageTrx.getMostRecentPageContainer (0x00007f77ef29c510) [0x00007f77ef29c6e0, 0x00007f77ef29cc80] Compiler: c2, Barriers: 9, Oops: 2, ImmediateOops: 1, NonImmediateOops: No
[2,952s][debug  ][gc,nmethod     ] Register NMethod: net.openhft.hashing.XXH3.XXH3_mix16B (0x00007f77ef29ce90) [0x00007f77ef29d020, 0x00007f77ef29d168] Compiler: c2, Barriers: 0, Oops: 2, ImmediateOops: 1, NonImmediateOops: No
[2,953s][debug  ][gc,nmethod     ] Register NMethod: io.sirix.node.json.AbstractBooleanNode.delegate (0x00007f77cfec8f90) [0x00007f77cfec9140, 0x00007f77cfec9398] Compiler: c1, Barriers: 2, Oops: 1, ImmediateOops: 0, NonImmediateOops: No
[2,954s][debug  ][gc,nmethod     ] Register NMethod: java.lang.StringUTF16.putChar (0x00007f77cfec9490) [0x00007f77cfec9620, 0x00007f77cfec9768] Compiler: c1, Barriers: 0, Oops: 0, ImmediateOops: 0, NonImmediateOops: No
[2,954s][debug  ][gc,nmethod     ] Register NMethod: net.openhft.chronicle.bytes.internal.BytesInternal.appendUtf8Char (0x00007f77cfec9890) [0x00007f77cfec9b80, 0x00007f77cfecafb0] Compiler: c1, Barriers: 0, Oops: 1, ImmediateOops: 0, NonImmediateOops: No
[2,955s][debug  ][gc,nmethod     ] Register NMethod: com.google.gson.stream.JsonReader.push (0x00007f77cfecb390) [0x00007f77cfecb5a0, 0x00007f77cfecbb98] Compiler: c1, Barriers: 14, Oops: 1, ImmediateOops: 0, NonImmediateOops: No
[2,955s][debug  ][gc,nmethod     ] Register NMethod: io.sirix.access.trx.page.NodePageTrx.prepareRecordPage (0x00007f77ef29d310) [0x00007f77ef29d540, 0x00007f77ef29dc68] Compiler: c2, Barriers: 17, Oops: 5, ImmediateOops: 3, NonImmediateOops: No
[2,956s][debug  ][gc,nmethod     ] Register NMethod: io.sirix.access.trx.node.AbstractDeweyIDManager.newFirstChildID (0x00007f77cfecbd90) [0x00007f77cfecc0e0, 0x00007f77cfecd8d8] Compiler: c1, Barriers: 12, Oops: 1, ImmediateOops: 2, NonImmediateOops: No
[2,956s][debug  ][gc,nmethod     ] Register NMethod: io.sirix.service.json.shredder.JsonShredder.processTrxMovement (0x00007f77cfecdf10) [0x00007f77cfece240, 0x00007f77cfecf6b0] Compiler: c1, Barriers: 10, Oops: 1, ImmediateOops: 2, NonImmediateOops: No
[2,957s][debug  ][gc,nmethod     ] Register NMethod: com.google.gson.stream.JsonReader.beginObject (0x00007f77cfecfd10) [0x00007f77cfecffc0, 0x00007f77cfed0998] Compiler: c1, Barriers: 1, Oops: 2, ImmediateOops: 2, NonImmediateOops: No
[2,957s][debug  ][gc,nmethod     ] Register NMethod: com.google.gson.stream.JsonReader.endObject (0x00007f77cfed0d10) [0x00007f77cfed0fc0, 0x00007f77cfed1b90] Compiler: c1, Barriers: 6, Oops: 2, ImmediateOops: 2, NonImmediateOops: No
[2,957s][debug  ][gc,nmethod     ] Register NMethod: io.sirix.node.json.ObjectNode.<init> (0x00007f77cfed1f90) [0x00007f77cfed2160, 0x00007f77cfed2570] Compiler: c1, Barriers: 3, Oops: 1, ImmediateOops: 0, NonImmediateOops: No
[2,957s][debug  ][gc,nmethod     ] Register NMethod: io.sirix.access.trx.page.NodePageTrx$$Lambda/0x000000008036b078.<init> (0x00007f77cfed2710) [0x00007f77cfed28c0, 0x00007f77cfed2b18] Compiler: c1, Barriers: 6, Oops: 1, ImmediateOops: 0, NonImmediateOops: No
[2,957s][debug  ][gc,nmethod     ] Register NMethod: io.sirix.service.json.shredder.JsonShredder.processEndObject (0x00007f77cfed2c10) [0x00007f77cfed2dc0, 0x00007f77cfed2ff0] Compiler: c1, Barriers: 1, Oops: 1, ImmediateOops: 0, NonImmediateOops: No
[2,957s][debug  ][gc,nmethod     ] Register NMethod: io.sirix.access.trx.node.json.JsonNodeFactoryImpl.createJsonObjectNode (0x00007f77cfed3110) [0x00007f77cfed3380, 0x00007f77cfed3e50] Compiler: c1, Barriers: 8, Oops: 1, ImmediateOops: 3, NonImmediateOops: No
[2,957s][debug  ][gc,nmethod     ] Register NMethod: io.sirix.access.trx.page.NodePageTrx.getRecord (0x00007f77ef29e110) [0x00007f77ef29e380, 0x00007f77ef29ecb8] Compiler: c2, Barriers: 12, Oops: 5, ImmediateOops: 4, NonImmediateOops: No
[2,958s][debug  ][gc,nmethod     ] Register NMethod: io.sirix.node.json.ObjectNode.computeHash (0x00007f77cfed4310) [0x00007f77cfed46c0, 0x00007f77cfed6310] Compiler: c1, Barriers: 10, Oops: 1, ImmediateOops: 2, NonImmediateOops: No
[2,958s][debug  ][gc,nmethod     ] Register NMethod: java.lang.invoke.LambdaForm$MH/0x0000000080359c00.guard (0x00007f77cfed6a10) [0x00007f77cfed6c40, 0x00007f77cfed7598] Compiler: c1, Barriers: 4, Oops: 1, ImmediateOops: 0, NonImmediateOops: No
[2,959s][debug  ][gc,nmethod     ] Register NMethod: java.lang.StringLatin1.canEncode (0x00007f77cfed7790) [0x00007f77cfed7920, 0x00007f77cfed7a68] Compiler: c1, Barriers: 0, Oops: 0, ImmediateOops: 0, NonImmediateOops: No
[2,959s][debug  ][gc,nmethod     ] Register NMethod: io.sirix.access.trx.page.NodePageTrx$$Lambda/0x000000008032eee8.<init> (0x00007f77cfed7b10) [0x00007f77cfed7cc0, 0x00007f77cfed7f18] Compiler: c1, Barriers: 6, Oops: 1, ImmediateOops: 0, NonImmediateOops: No
[2,959s][debug  ][gc,nmethod     ] Register NMethod: io.sirix.access.trx.node.json.JsonNodeTrxImpl.insertObjectRecordAsFirstChild (0x00007f77cfed8010) [0x00007f77cfed8480, 0x00007f77cfedab18] Compiler: c1, Barriers: 22, Oops: 1, ImmediateOops: 6, NonImmediateOops: No
[2,960s][debug  ][gc,nmethod     ] Register NMethod: io.sirix.service.json.shredder.JsonShredder.processBeginObject (0x00007f77cfedbd90) [0x00007f77cfedbf60, 0x00007f77cfedc218] Compiler: c1, Barriers: 1, Oops: 1, ImmediateOops: 0, NonImmediateOops: No
[2,960s][debug  ][gc,nmethod     ] Register NMethod: io.sirix.access.trx.page.NodePageTrx.getPageContainer (0x00007f77ef29f410) [0x00007f77ef29f5e0, 0x00007f77ef29f9a0] Compiler: c2, Barriers: 9, Oops: 4, ImmediateOops: 0, NonImmediateOops: No
[2,960s][debug  ][gc,nmethod     ] Register NMethod: io.sirix.access.trx.page.NodePageTrx.prepareRecordForModification (0x00007f77ef29fc10) [0x00007f77ef29fea0, 0x00007f77ef2a0a40] Compiler: c2, Barriers: 23, Oops: 6, ImmediateOops: 4, NonImmediateOops: No
[2,960s][debug  ][gc,nmethod     ] Register NMethod: java.lang.Long.hashCode (0x00007f77ef2a1290) [0x00007f77ef2a1400, 0x00007f77ef2a1478] Compiler: c2, Barriers: 0, Oops: 0, ImmediateOops: 0, NonImmediateOops: No
[2,961s][debug  ][gc,director    ] Rule Major: Warmup 10%, Used: 94MB, UsedThreshold: 1536MB
[2,961s][debug  ][gc,nmethod     ] Register NMethod: java.lang.Long.bitCount (0x00007f77ef2a1590) [0x00007f77ef2a1700, 0x00007f77ef2a17e0] Compiler: c2, Barriers: 0, Oops: 0, ImmediateOops: 0, NonImmediateOops: No
[2,961s][debug  ][gc,nmethod     ] Register NMethod: io.sirix.node.AbstractForwardingNode.getNodeDelegate (0x00007f77ef2a1890) [0x00007f77ef2a1a20, 0x00007f77ef2a1af0] Compiler: c2, Barriers: 1, Oops: 1, ImmediateOops: 0, NonImmediateOops: No
[2,961s][debug  ][gc,nmethod     ] Register NMethod: java.lang.invoke.DelegatingMethodHandle$Holder.delegate (0x00007f77cfedc310) [0x00007f77cfedc4e0, 0x00007f77cfedc908] Compiler: c1, Barriers: 0, Oops: 0, ImmediateOops: 0, NonImmediateOops: No
[2,961s][debug  ][gc,nmethod     ] Register NMethod: io.sirix.service.json.shredder.JsonShredder.addObject (0x00007f77cfedca10) [0x00007f77cfedd060, 0x00007f77cfee09f8] Compiler: c1, Barriers: 32, Oops: 1, ImmediateOops: 12, NonImmediateOops: No
[2,961s][debug  ][gc,nmethod     ] Register NMethod: io.sirix.access.trx.node.json.JsonNodeReadOnlyTrxImpl.isArray (0x00007f77cfee1a90) [0x00007f77cfee1c60, 0x00007f77cfee2138] Compiler: c1, Barriers: 1, Oops: 1, ImmediateOops: 2, NonImmediateOops: No
[2,962s][debug  ][gc,nmethod     ] Register NMethod: io.sirix.index.path.summary.PathSummaryReader.getNodeKey (0x00007f77ef2a1b90) [0x00007f77ef2a1d20, 0x00007f77ef2a1e70] Compiler: c2, Barriers: 2, Oops: 1, ImmediateOops: 0, NonImmediateOops: No
[2,962s][debug  ][gc,nmethod     ] Register NMethod: java.nio.CharBuffer.hasArray (0x00007f77cfee2290) [0x00007f77cfee2420, 0x00007f77cfee25f0] Compiler: c1, Barriers: 1, Oops: 0, ImmediateOops: 0, NonImmediateOops: No
[2,962s][debug  ][gc,nmethod     ] Register NMethod: java.nio.CharBuffer.array (0x00007f77cfee2690) [0x00007f77cfee2860, 0x00007f77cfee2b60] Compiler: c1, Barriers: 1, Oops: 0, ImmediateOops: 0, NonImmediateOops: No
[2,962s][debug  ][gc,nmethod     ] Register NMethod: sun.nio.cs.UTF_8.updatePositions (0x00007f77cfee2c90) [0x00007f77cfee2e60, 0x00007f77cfee3250] Compiler: c1, Barriers: 0, Oops: 0, ImmediateOops: 0, NonImmediateOops: No
[2,963s][debug  ][gc,nmethod     ] Register NMethod: io.sirix.access.trx.node.AbstractNodeReadOnlyTrx.moveTo (0x00007f77ef2a1f90) [0x00007f77ef2a2220, 0x00007f77ef2a2fb8] Compiler: c2, Barriers: 25, Oops: 5, ImmediateOops: 5, NonImmediateOops: No
[2,964s][debug  ][gc,nmethod     ] Register NMethod: com.google.gson.stream.JsonReader.nextNonWhitespace (0x00007f77ef2a3810) [0x00007f77ef2a39c0, 0x00007f77ef2a3c50] Compiler: c2, Barriers: 1, Oops: 1, ImmediateOops: 0, NonImmediateOops: No
[2,964s][debug  ][gc,nmethod     ] Register NMethod: java.lang.String.<init> (0x00007f77cfee3390) [0x00007f77cfee37a0, 0x00007f77cfee52c8] Compiler: c1, Barriers: 10, Oops: 1, ImmediateOops: 2, NonImmediateOops: No
[2,965s][debug  ][gc,nmethod     ] Register NMethod: io.sirix.utils.IntToObjectMap.find (0x00007f77ef2a3e90) [0x00007f77ef2a4020, 0x00007f77ef2a41f8] Compiler: c2, Barriers: 2, Oops: 1, ImmediateOops: 0, NonImmediateOops: No
[2,966s][debug  ][gc,nmethod     ] Register NMethod: java.util.ArrayList$Itr.next (0x00007f77ef2a4390) [0x00007f77ef2a4520, 0x00007f77ef2a4738] Compiler: c2, Barriers: 3, Oops: 0, ImmediateOops: 0, NonImmediateOops: No
[2,967s][debug  ][gc,nmethod     ] Register NMethod: com.google.gson.stream.JsonReader.peek (0x00007f77ef2a4890) [0x00007f77ef2a4a40, 0x00007f77ef2a4bc8] Compiler: c2, Barriers: 0, Oops: 1, ImmediateOops: 8, NonImmediateOops: No
[2,968s][debug  ][gc,nmethod     ] Register NMethod: io.sirix.node.immutable.json.ImmutableObjectKeyNode.getKind (0x00007f77cfee5b90) [0x00007f77cfee5d20, 0x00007f77cfee5e30] Compiler: c1, Barriers: 0, Oops: 1, ImmediateOops: 1, NonImmediateOops: No
[2,969s][debug  ][gc,nmethod     ] Register NMethod: io.sirix.axis.AbstractAxis.hasNext (0x00007f77ef2a4c90) [0x00007f77ef2a4f80, 0x00007f77ef2a5c60] Compiler: c2, Barriers: 22, Oops: 2, ImmediateOops: 6, NonImmediateOops: No
[2,970s][debug  ][gc,nmethod     ] Register NMethod: io.sirix.access.trx.node.json.JsonNodeTrxImpl.insertObjectAsRightSibling (0x00007f77cfee5f10) [0x00007f77cfee62e0, 0x00007f77cfee8270] Compiler: c1, Barriers: 18, Oops: 1, ImmediateOops: 2, NonImmediateOops: No
[2,971s][debug  ][gc,director    ] Rule Major: Warmup 10%, Used: 94MB, UsedThreshold: 1536MB
[2,971s][debug  ][gc,nmethod     ] Register NMethod: com.google.common.base.Objects.hashCode (0x00007f77cfee8f90) [0x00007f77cfee9140, 0x00007f77cfee9258] Compiler: c1, Barriers: 0, Oops: 1, ImmediateOops: 0, NonImmediateOops: No
[2,972s][debug  ][gc,nmethod     ] Register NMethod: io.sirix.access.trx.node.json.objectvalue.NumberValue.getValue (0x00007f77ef2a6510) [0x00007f77ef2a66a0, 0x00007f77ef2a6790] Compiler: c1, Barriers: 1, Oops: 1, ImmediateOops: 0, NonImmediateOops: No
[2,974s][debug  ][gc,nmethod     ] Register NMethod: java.lang.StringLatin1.inflate (0x00007f77ef2a6810) [0x00007f77ef2a69a0, 0x00007f77ef2a6e40] Compiler: c2, Barriers: 0, Oops: 0, ImmediateOops: 0, NonImmediateOops: No
[2,974s][debug  ][gc,nmethod     ] Register NMethod: jdk.internal.util.ArraysSupport.mismatch (0x00007f77cfee9310) [0x00007f77cfee94e0, 0x00007f77cfee98f0] Compiler: c1, Barriers: 0, Oops: 0, ImmediateOops: 0, NonImmediateOops: No
[2,974s][debug  ][gc,nmethod     ] Register NMethod: java.lang.String.compareTo (0x00007f77cfee9b10) [0x00007f77cfee9d20, 0x00007f77cfeea218] Compiler: c1, Barriers: 2, Oops: 0, ImmediateOops: 0, NonImmediateOops: No
[2,974s][debug  ][gc,nmethod     ] Register NMethod: java.lang.Long.hashCode (0x00007f77cfeea410) [0x00007f77cfeea5c0, 0x00007f77cfeea700] Compiler: c1, Barriers: 0, Oops: 0, ImmediateOops: 0, NonImmediateOops: No
[2,975s][debug  ][gc,nmethod     ] Register NMethod: java.nio.CharBuffer.limit (0x00007f77cfeea790) [0x00007f77cfeea940, 0x00007f77cfeeaaf0] Compiler: c1, Barriers: 0, Oops: 0, ImmediateOops: 0, NonImmediateOops: No
[2,975s][debug  ][gc,nmethod     ] Register NMethod: java.nio.CharBuffer.<init> (0x00007f77cfeeac10) [0x00007f77cfeeadc0, 0x00007f77cfeeaf98] Compiler: c1, Barriers: 3, Oops: 0, ImmediateOops: 0, NonImmediateOops: No
[2,975s][debug  ][gc,nmethod     ] Register NMethod: java.nio.CharBuffer.limit (0x00007f77cfeeb090) [0x00007f77cfeeb240, 0x00007f77cfeeb388] Compiler: c1, Barriers: 0, Oops: 0, ImmediateOops: 0, NonImmediateOops: No
[2,975s][debug  ][gc,nmethod     ] Register NMethod: io.sirix.utils.IntToObjectMap.prvtPut (0x00007f77cfeeb410) [0x00007f77cfeeb5e0, 0x00007f77cfeeba60] Compiler: c1, Barriers: 7, Oops: 1, ImmediateOops: 0, NonImmediateOops: No
[2,975s][debug  ][gc,nmethod     ] Register NMethod: io.brackit.query.atomic.QNm.hashCode (0x00007f77cfeebc90) [0x00007f77cfeebe40, 0x00007f77cfeec038] Compiler: c1, Barriers: 2, Oops: 1, ImmediateOops: 0, NonImmediateOops: No
[2,976s][debug  ][gc,nmethod     ] Register NMethod: io.sirix.page.NamePage.incrementAndGetMaxNodeKey (0x00007f77cfeec190) [0x00007f77cfeec360, 0x00007f77cfeec5e8] Compiler: c1, Barriers: 2, Oops: 1, ImmediateOops: 0, NonImmediateOops: No
[2,976s][debug  ][gc,nmethod     ] Register NMethod: io.brackit.query.atomic.QNm.atomicCode (0x00007f77ef2a6f90) [0x00007f77ef2a7120, 0x00007f77ef2a71e0] Compiler: c1, Barriers: 0, Oops: 1, ImmediateOops: 0, NonImmediateOops: No
[2,976s][debug  ][gc,nmethod     ] Register NMethod: java.lang.AbstractStringBuilder.appendChars (0x00007f77cfeec790) [0x00007f77cfeec9a0, 0x00007f77cfeecfd0] Compiler: c1, Barriers: 3, Oops: 0, ImmediateOops: 0, NonImmediateOops: No
[2,977s][debug  ][gc,nmethod     ] Register NMethod: io.sirix.node.json.AbstractNullNode.delegate (0x00007f77cfeed290) [0x00007f77cfeed440, 0x00007f77cfeed698] Compiler: c1, Barriers: 2, Oops: 1, ImmediateOops: 0, NonImmediateOops: No
[2,977s][debug  ][gc,nmethod     ] Register NMethod: com.google.gson.stream.JsonReader.peek (0x00007f77cfeed790) [0x00007f77cfeed9c0, 0x00007f77cfeedfe8] Compiler: c1, Barriers: 0, Oops: 1, ImmediateOops: 10, NonImmediateOops: No
[2,977s][debug  ][gc,nmethod     ] Register NMethod: io.sirix.node.json.AbstractNullNode.structDelegate (0x00007f77ef2a7290) [0x00007f77ef2a7420, 0x00007f77ef2a7510] Compiler: c1, Barriers: 1, Oops: 1, ImmediateOops: 0, NonImmediateOops: No
[2,977s][debug  ][gc,nmethod     ] Register NMethod: io.sirix.node.json.NullNode.getKind (0x00007f77cfeee110) [0x00007f77cfeee2a0, 0x00007f77cfeee3b0] Compiler: c1, Barriers: 0, Oops: 1, ImmediateOops: 1, NonImmediateOops: No
[2,978s][debug  ][gc,nmethod     ] Register NMethod: io.sirix.node.json.AbstractStringNode.<init> (0x00007f77cfeee490) [0x00007f77cfeee660, 0x00007f77cfeee9c8] Compiler: c1, Barriers: 6, Oops: 1, ImmediateOops: 0, NonImmediateOops: No
[2,979s][debug  ][gc,nmethod     ] Register NMethod: io.sirix.node.json.StringNode.getKind (0x00007f77cfeeeb10) [0x00007f77cfeeeca0, 0x00007f77cfeeedb0] Compiler: c1, Barriers: 0, Oops: 1, ImmediateOops: 1, NonImmediateOops: No
[2,979s][debug  ][gc,nmethod     ] Register NMethod: io.sirix.access.trx.node.AbstractNodeTrxImpl.getCurrentNode (0x00007f77cfeeee90) [0x00007f77cfeef040, 0x00007f77cfeef268] Compiler: c1, Barriers: 2, Oops: 1, ImmediateOops: 0, NonImmediateOops: No
[2,979s][debug  ][gc,nmethod     ] Register NMethod: net.openhft.chronicle.bytes.internal.BytesInternal.appendUtf8Char (0x00007f77ef2a7590) [0x00007f77ef2a7820, 0x00007f77ef2a80c8] Compiler: c2, Barriers: 5, Oops: 2, ImmediateOops: 0, NonImmediateOops: No
[2,979s][debug  ][gc,nmethod     ] Register NMethod: io.sirix.access.trx.node.json.JsonNodeTrxImpl.checkPrecondition (0x00007f77cfeef390) [0x00007f77cfeef5a0, 0x00007f77cfeefde8] Compiler: c1, Barriers: 5, Oops: 1, ImmediateOops: 2, NonImmediateOops: No
[2,979s][debug  ][gc,nmethod     ] Register NMethod: com.google.gson.stream.JsonReader.nextQuotedValue (0x00007f77ef2a8810) [0x00007f77ef2a8ac0, 0x00007f77ef2a9b38] Compiler: c2, Barriers: 22, Oops: 2, ImmediateOops: 2, NonImmediateOops: No
[2,979s][debug  ][gc,nmethod     ] Register NMethod: io.sirix.node.json.AbstractBooleanNode.structDelegate (0x00007f77ef2aa390) [0x00007f77ef2aa520, 0x00007f77ef2aa610] Compiler: c1, Barriers: 1, Oops: 1, ImmediateOops: 0, NonImmediateOops: No
[2,979s][debug  ][gc,nmethod     ] Register NMethod: com.google.gson.stream.JsonReader.isLiteral (0x00007f77cfef0010) [0x00007f77cfef0260, 0x00007f77cfef0ba0] Compiler: c1, Barriers: 0, Oops: 2, ImmediateOops: 1, NonImmediateOops: No
[2,980s][debug  ][gc,nmethod     ] Register NMethod: io.sirix.access.trx.node.AbstractNodeHashing.rollingAdd (0x00007f77ef2aa690) [0x00007f77ef2aab20, 0x00007f77ef2ac498] Compiler: c2, Barriers: 23, Oops: 11, ImmediateOops: 15, NonImmediateOops: No
[2,980s][debug  ][gc,nmethod     ] Register NMethod: com.google.gson.stream.JsonReader.peekKeyword (0x00007f77cfef0e90) [0x00007f77cfef11c0, 0x00007f77cfef2598] Compiler: c1, Barriers: 8, Oops: 2, ImmediateOops: 10, NonImmediateOops: No
[2,980s][debug  ][gc,nmethod     ] Register NMethod: io.sirix.access.trx.node.json.JsonNodeHashing.getStructuralNode (0x00007f77cfef2c90) [0x00007f77cfef2e60, 0x00007f77cfef3408] Compiler: c1, Barriers: 2, Oops: 1, ImmediateOops: 0, NonImmediateOops: No
[2,981s][debug  ][gc,nmethod     ] Register NMethod: io.sirix.access.trx.node.json.JsonNodeHashing.setCurrentNode (0x00007f77cfef3590) [0x00007f77cfef3760, 0x00007f77cfef3c08] Compiler: c1, Barriers: 4, Oops: 1, ImmediateOops: 1, NonImmediateOops: No
[2,981s][debug  ][gc,nmethod     ] Register NMethod: io.sirix.index.path.summary.PathSummaryReader.getNodeKey (0x00007f77ef2adc90) [0x00007f77ef2ade40, 0x00007f77ef2adfd8] Compiler: c2, Barriers: 3, Oops: 1, ImmediateOops: 0, NonImmediateOops: No
[2,981s][debug  ][gc,director    ] Rule Major: Warmup 10%, Used: 94MB, UsedThreshold: 1536MB
[2,981s][debug  ][gc,nmethod     ] Register NMethod: io.sirix.node.json.NullNode.getKind (0x00007f77ef2ae110) [0x00007f77ef2ae280, 0x00007f77ef2ae300] Compiler: c2, Barriers: 0, Oops: 1, ImmediateOops: 1, NonImmediateOops: No
[2,981s][debug  ][gc,nmethod     ] Register NMethod: io.sirix.service.json.shredder.JsonShredder.processString (0x00007f77cfef3d90) [0x00007f77cfef3f80, 0x00007f77cfef4378] Compiler: c1, Barriers: 3, Oops: 1, ImmediateOops: 2, NonImmediateOops: No
[2,981s][debug  ][gc,nmethod     ] Register NMethod: java.nio.CharBuffer.wrap (0x00007f77cfef4510) [0x00007f77cfef46e0, 0x00007f77cfef4970] Compiler: c1, Barriers: 0, Oops: 0, ImmediateOops: 0, NonImmediateOops: No
[2,982s][debug  ][gc,nmethod     ] Register NMethod: java.lang.Integer.parseInt (0x00007f77cfef4b10) [0x00007f77cfef4fa0, 0x00007f77cfef6e70] Compiler: c1, Barriers: 3, Oops: 4, ImmediateOops: 9, NonImmediateOops: No
[2,982s][debug  ][gc,nmethod     ] Register NMethod: io.sirix.access.trx.node.json.JsonNodeHashing.getCurrentNode (0x00007f77ef2ae410) [0x00007f77ef2ae5a0, 0x00007f77ef2ae6c0] Compiler: c2, Barriers: 2, Oops: 1, ImmediateOops: 0, NonImmediateOops: No
[2,982s][debug  ][gc,nmethod     ] Register NMethod: io.sirix.access.trx.node.AbstractNodeHashing.rollingAdd (0x00007f77cfef7b10) [0x00007f77cfef7f80, 0x00007f77cfefa5c8] Compiler: c1, Barriers: 14, Oops: 1, ImmediateOops: 2, NonImmediateOops: No
[2,982s][debug  ][gc,nmethod     ] Register NMethod: java.nio.HeapCharBuffer.<init> (0x00007f77cfefb110) [0x00007f77cfefb2c0, 0x00007f77cfefb440] Compiler: c1, Barriers: 0, Oops: 0, ImmediateOops: 0, NonImmediateOops: No
[2,982s][debug  ][gc,reloc       ] Synchronize all workers 1 _nworkers: 0 _nsynchronized: 0
[2,982s][debug  ][gc,reloc       ] Synchronize all workers 1 _nworkers: 0 _nsynchronized: 0
[2,982s][debug  ][gc,nmethod     ] Register NMethod: io.sirix.access.trx.node.json.JsonNodeFactoryImpl.createJsonStringNode (0x00007f77cfefb510) [0x00007f77cfefb7c0, 0x00007f77cfefc520] Compiler: c1, Barriers: 11, Oops: 1, ImmediateOops: 3, NonImmediateOops: No
[2,982s][debug  ][gc,reloc       ] Desynchronize all workers _nworkers: 0 _nsynchronized: 0
[2,982s][debug  ][gc,reloc       ] Desynchronize all workers _nworkers: 0 _nsynchronized: 0
[2,982s][debug  ][gc,nmethod     ] Register NMethod: java.util.BitSet.checkInvariants (0x00007f77ef2ae790) [0x00007f77ef2ae900, 0x00007f77ef2ae978] Compiler: c2, Barriers: 0, Oops: 0, ImmediateOops: 0, NonImmediateOops: No
[2,982s][debug  ][gc,nmethod     ] Register NMethod: io.sirix.node.json.StringNode.<init> (0x00007f77cfefcb90) [0x00007f77cfefcd60, 0x00007f77cfefd130] Compiler: c1, Barriers: 6, Oops: 1, ImmediateOops: 0, NonImmediateOops: No
[2,982s][debug  ][gc,nmethod     ] Register NMethod: io.sirix.index.path.summary.PathSummaryReader.moveTo (0x00007f77ef2aea90) [0x00007f77ef2aeca0, 0x00007f77ef2af3a8] Compiler: c2, Barriers: 16, Oops: 2, ImmediateOops: 1, NonImmediateOops: No
[2,983s][debug  ][gc,nmethod     ] Register NMethod: io.sirix.node.json.NumberNode.getKind (0x00007f77cfefd290) [0x00007f77cfefd420, 0x00007f77cfefd530] Compiler: c1, Barriers: 0, Oops: 1, ImmediateOops: 1, NonImmediateOops: No
[2,983s][debug  ][gc,nmethod     ] Register NMethod: java.util.ArrayList.iterator (0x00007f77ef2af710) [0x00007f77ef2af8a0, 0x00007f77ef2af9a0] Compiler: c2, Barriers: 2, Oops: 0, ImmediateOops: 0, NonImmediateOops: No
[2,983s][debug  ][gc,nmethod     ] Register NMethod: io.sirix.service.json.shredder.JsonShredder.insertStringValue (0x00007f77cfefd610) [0x00007f77cfefda80, 0x00007f77cfeffc88] Compiler: c1, Barriers: 15, Oops: 1, ImmediateOops: 3, NonImmediateOops: No
[2,984s][debug  ][gc,nmethod     ] Register NMethod: io.sirix.service.json.shredder.JsonShredder.processNull (0x00007f77cff00710) [0x00007f77cff00900, 0x00007f77cff00ce8] Compiler: c1, Barriers: 3, Oops: 1, ImmediateOops: 2, NonImmediateOops: No
[2,984s][debug  ][gc,nmethod     ] Register NMethod: com.google.gson.stream.JsonReader.nextNull (0x00007f77cff00e90) [0x00007f77cff01120, 0x00007f77cff01b18] Compiler: c1, Barriers: 2, Oops: 2, ImmediateOops: 2, NonImmediateOops: No
[2,984s][debug  ][gc,nmethod     ] Register NMethod: io.sirix.node.json.NullNode.<init> (0x00007f77cff01f10) [0x00007f77cff020e0, 0x00007f77cff02430] Compiler: c1, Barriers: 3, Oops: 1, ImmediateOops: 0, NonImmediateOops: No
[2,984s][debug  ][gc,nmethod     ] Register NMethod: io.sirix.access.trx.node.AbstractNodeReadOnlyTrx.getStructuralNode (0x00007f77ef2afa90) [0x00007f77ef2afc20, 0x00007f77ef2afd40] Compiler: c2, Barriers: 1, Oops: 1, ImmediateOops: 0, NonImmediateOops: No
[2,984s][debug  ][gc,nmethod     ] Register NMethod: io.sirix.node.json.AbstractNullNode.<init> (0x00007f77cff02590) [0x00007f77cff02740, 0x00007f77cff02a38] Compiler: c1, Barriers: 3, Oops: 1, ImmediateOops: 0, NonImmediateOops: No
[2,984s][debug  ][gc,nmethod     ] Register NMethod: net.openhft.chronicle.bytes.AbstractBytes.clear (0x00007f77ef2afe10) [0x00007f77ef2affa0, 0x00007f77ef2b0160] Compiler: c2, Barriers: 1, Oops: 1, ImmediateOops: 0, NonImmediateOops: No
[2,984s][debug  ][gc,nmethod     ] Register NMethod: io.sirix.access.trx.node.json.JsonNodeFactoryImpl.createJsonNullNode (0x00007f77cff02b90) [0x00007f77cff02e00, 0x00007f77cff03908] Compiler: c1, Barriers: 8, Oops: 1, ImmediateOops: 3, NonImmediateOops: No
[2,985s][debug  ][gc,nmethod     ] Register NMethod: io.sirix.access.trx.node.json.JsonNodeTrxImpl.insertNullValueAsRightSibling (0x00007f77cff03e10) [0x00007f77cff04180, 0x00007f77cff05af0] Compiler: c1, Barriers: 13, Oops: 1, ImmediateOops: 0, NonImmediateOops: No
[2,985s][debug  ][gc,nmethod     ] Register NMethod: io.sirix.service.json.shredder.JsonShredder.insertNullValue (0x00007f77cff06590) [0x00007f77cff069e0, 0x00007f77cff08a70] Compiler: c1, Barriers: 15, Oops: 1, ImmediateOops: 3, NonImmediateOops: No
[2,985s][debug  ][gc,nmethod     ] Register NMethod: com.google.gson.stream.JsonReader.peekNumber (0x00007f77cff09410) [0x00007f77cff09680, 0x00007f77cff0a580] Compiler: c1, Barriers: 1, Oops: 1, ImmediateOops: 0, NonImmediateOops: No
[2,985s][debug  ][gc,nmethod     ] Register NMethod: java.lang.invoke.DirectMethodHandle.constructorMethod (0x00007f77ef2b0310) [0x00007f77ef2b04a0, 0x00007f77ef2b0578] Compiler: c2, Barriers: 1, Oops: 0, ImmediateOops: 0, NonImmediateOops: No
[2,985s][debug  ][gc,nmethod     ] Register NMethod: java.lang.Long.stringSize (0x00007f77cff0a790) [0x00007f77cff0a940, 0x00007f77cff0abc0] Compiler: c1, Barriers: 0, Oops: 0, ImmediateOops: 0, NonImmediateOops: No
[2,985s][debug  ][gc,nmethod     ] Register NMethod: java.lang.StringLatin1.inflate (0x00007f77ef2b0610) [0x00007f77ef2b07a0, 0x00007f77ef2b0ab8] Compiler: c2, Barriers: 0, Oops: 0, ImmediateOops: 0, NonImmediateOops: No
[2,985s][debug  ][gc,nmethod     ] Register NMethod: java.lang.invoke.DirectMethodHandle.allocateInstance (0x00007f77ef2b0b90) [0x00007f77ef2b0d20, 0x00007f77ef2b0f28] Compiler: c2, Barriers: 1, Oops: 1, ImmediateOops: 0, NonImmediateOops: No
[2,986s][debug  ][gc,nmethod     ] Register NMethod: it.unimi.dsi.fastutil.HashCommon.mix (0x00007f77ef2b1090) [0x00007f77ef2b1200, 0x00007f77ef2b1278] Compiler: c2, Barriers: 0, Oops: 1, ImmediateOops: 0, NonImmediateOops: No
[2,986s][debug  ][gc,nmethod     ] Register NMethod: io.sirix.node.xml.AbstractStructForwardingNode.hasRightSibling (0x00007f77ef2b1390) [0x00007f77ef2b1520, 0x00007f77ef2b15e8] Compiler: c2, Barriers: 0, Oops: 1, ImmediateOops: 1, NonImmediateOops: No
[2,986s][debug  ][gc,nmethod     ] Register NMethod: io.sirix.node.json.AbstractNullNode.delegate (0x00007f77ef2b1710) [0x00007f77ef2b18a0, 0x00007f77ef2b19a0] Compiler: c2, Barriers: 2, Oops: 1, ImmediateOops: 0, NonImmediateOops: No
[2,986s][debug  ][gc,nmethod     ] Register NMethod: io.sirix.node.json.AbstractNullNode.computeHash (0x00007f77cff0ac90) [0x00007f77cff0b040, 0x00007f77cff0cc90] Compiler: c1, Barriers: 10, Oops: 1, ImmediateOops: 2, NonImmediateOops: No
[2,986s][debug  ][gc,nmethod     ] Register NMethod: io.sirix.access.trx.node.json.JsonNodeTrxImpl.insertStringValueAsRightSibling (0x00007f77cff0d390) [0x00007f77cff0d720, 0x00007f77cff0f130] Compiler: c1, Barriers: 14, Oops: 2, ImmediateOops: 1, NonImmediateOops: No
[2,986s][debug  ][gc,nmethod     ] Register NMethod: java.lang.Long.getChars (0x00007f77cff0fd90) [0x00007f77cff0ff80, 0x00007f77cff105a0] Compiler: c1, Barriers: 0, Oops: 0, ImmediateOops: 6, NonImmediateOops: No
[2,987s][debug  ][gc,nmethod     ] Register NMethod: java.util.LinkedHashMap.afterNodeAccess (0x00007f77ef2b1a90) [0x00007f77ef2b1c20, 0x00007f77ef2b1d30] Compiler: c2, Barriers: 0, Oops: 0, ImmediateOops: 0, NonImmediateOops: No
[2,987s][debug  ][gc,nmethod     ] Register NMethod: io.sirix.cache.IndexLogKey.hashCode (0x00007f77ef2b1e10) [0x00007f77ef2b1fa0, 0x00007f77ef2b20b0] Compiler: c2, Barriers: 1, Oops: 1, ImmediateOops: 0, NonImmediateOops: No
[2,987s][debug  ][gc,nmethod     ] Register NMethod: java.lang.invoke.LambdaForm$MH/0x000000008035ec00.linkToTargetMethod (0x00007f77cff10910) [0x00007f77cff10ac0, 0x00007f77cff10dd8] Compiler: c1, Barriers: 0, Oops: 1, ImmediateOops: 0, NonImmediateOops: No
[2,987s][debug  ][gc,nmethod     ] Register NMethod: java.lang.invoke.LambdaForm$MH/0x000000008035e000.invoke (0x00007f77cff10f10) [0x00007f77cff110e0, 0x00007f77cff11460] Compiler: c1, Barriers: 1, Oops: 1, ImmediateOops: 0, NonImmediateOops: No
[2,987s][debug  ][gc,nmethod     ] Register NMethod: java.lang.invoke.DirectMethodHandle$Holder.invokeStatic (0x00007f77cff11590) [0x00007f77cff11760, 0x00007f77cff11b28] Compiler: c1, Barriers: 1, Oops: 0, ImmediateOops: 0, NonImmediateOops: No
[2,987s][debug  ][gc,nmethod     ] Register NMethod: java.lang.invoke.LambdaForm$MH/0x000000008035e800.invoke (0x00007f77cff11c90) [0x00007f77cff11ee0, 0x00007f77cff129b8] Compiler: c1, Barriers: 5, Oops: 1, ImmediateOops: 0, NonImmediateOops: No
[2,987s][debug  ][gc,nmethod     ] Register NMethod: java.util.Objects.isNull (0x00007f77cff12c90) [0x00007f77cff12e20, 0x00007f77cff12f60] Compiler: c1, Barriers: 0, Oops: 0, ImmediateOops: 0, NonImmediateOops: No
[2,988s][debug  ][gc,nmethod     ] Register NMethod: java.lang.invoke.LambdaForm$MH/0x000000008035c400.invoke (0x00007f77cff13010) [0x00007f77cff131e0, 0x00007f77cff13600] Compiler: c1, Barriers: 1, Oops: 1, ImmediateOops: 0, NonImmediateOops: No
[2,988s][debug  ][gc,nmethod     ] Register NMethod: java.lang.invoke.DirectMethodHandle$Holder.invokeStatic (0x00007f77cff13710) [0x00007f77cff138e0, 0x00007f77cff13d38] Compiler: c1, Barriers: 1, Oops: 0, ImmediateOops: 0, NonImmediateOops: No
[2,988s][debug  ][gc,nmethod     ] Register NMethod: java.lang.invoke.LambdaForm$MH/0x000000008035a400.invoke (0x00007f77cff13e90) [0x00007f77cff140c0, 0x00007f77cff14a28] Compiler: c1, Barriers: 4, Oops: 1, ImmediateOops: 0, NonImmediateOops: No
[2,988s][debug  ][gc,nmethod     ] Register NMethod: io.sirix.node.json.BooleanNode.getKind (0x00007f77cff14c90) [0x00007f77cff14e20, 0x00007f77cff14f30] Compiler: c1, Barriers: 0, Oops: 1, ImmediateOops: 1, NonImmediateOops: No
[2,989s][debug  ][gc,nmethod     ] Register NMethod: java.lang.invoke.LambdaForm$MH/0x0000000080358400.invoke (0x00007f77cff15010) [0x00007f77cff151a0, 0x00007f77cff15408] Compiler: c1, Barriers: 0, Oops: 1, ImmediateOops: 0, NonImmediateOops: No
[2,989s][debug  ][gc,nmethod     ] Register NMethod: io.sirix.node.json.AbstractNumberNode.<init> (0x00007f77cff15510) [0x00007f77cff156e0, 0x00007f77cff15a48] Compiler: c1, Barriers: 6, Oops: 1, ImmediateOops: 0, NonImmediateOops: No
[2,989s][debug  ][gc,nmethod     ] Register NMethod: java.lang.Integer.valueOf (0x00007f77cff15b90) [0x00007f77cff15d60, 0x00007f77cff16138] Compiler: c1, Barriers: 1, Oops: 0, ImmediateOops: 1, NonImmediateOops: No
[2,989s][debug  ][gc,nmethod     ] Register NMethod: java.lang.invoke.LambdaForm$MH/0x0000000080368400.tableSwitch (0x00007f77cff16290) [0x00007f77cff16540, 0x00007f77cff17298] Compiler: c1, Barriers: 11, Oops: 1, ImmediateOops: 0, NonImmediateOops: No
[2,989s][debug  ][gc,nmethod     ] Register NMethod: net.openhft.chronicle.bytes.StreamingDataOutput.appendUtf8 (0x00007f77ef2b2190) [0x00007f77ef2b2340, 0x00007f77ef2b25c0] Compiler: c2, Barriers: 0, Oops: 1, ImmediateOops: 0, NonImmediateOops: No
[2,990s][debug  ][gc,nmethod     ] Register NMethod: io.sirix.node.json.StringNode.getKind (0x00007f77ef2b2790) [0x00007f77ef2b2900, 0x00007f77ef2b2980] Compiler: c2, Barriers: 0, Oops: 1, ImmediateOops: 1, NonImmediateOops: No
[2,991s][debug  ][gc,nmethod     ] Register NMethod: io.sirix.cache.IndexLogKey.equals (0x00007f77ef2b2a90) [0x00007f77ef2b2c40, 0x00007f77ef2b2e80] Compiler: c2, Barriers: 3, Oops: 2, ImmediateOops: 0, NonImmediateOops: No
[2,991s][debug  ][gc,director    ] Rule Major: Warmup 10%, Used: 96MB, UsedThreshold: 1536MB
[2,992s][debug  ][gc,nmethod     ] Register NMethod: com.google.gson.stream.JsonReader.peek (0x00007f77ef2b3010) [0x00007f77ef2b31c0, 0x00007f77ef2b3338] Compiler: c2, Barriers: 0, Oops: 1, ImmediateOops: 10, NonImmediateOops: No
[2,992s][debug  ][gc,nmethod     ] Register NMethod: io.sirix.access.trx.page.NodePageTrx$$Lambda/0x000000008036b078.<init> (0x00007f77ef2b3410) [0x00007f77ef2b35a0, 0x00007f77ef2b3748] Compiler: c2, Barriers: 6, Oops: 1, ImmediateOops: 0, NonImmediateOops: No
[2,992s][debug  ][gc,nmethod     ] Register NMethod: io.sirix.node.json.AbstractNumberNode.delegate (0x00007f77ef2b3790) [0x00007f77ef2b3920, 0x00007f77ef2b3a20] Compiler: c2, Barriers: 2, Oops: 1, ImmediateOops: 0, NonImmediateOops: No
[2,993s][debug  ][gc,nmethod     ] Register NMethod: java.lang.Long.toString (0x00007f77cff17610) [0x00007f77cff177e0, 0x00007f77cff17b70] Compiler: c1, Barriers: 3, Oops: 0, ImmediateOops: 0, NonImmediateOops: No
[2,993s][debug  ][gc,nmethod     ] Register NMethod: io.sirix.node.xml.AbstractStructForwardingNode.getRightSiblingKey (0x00007f77ef2b3b10) [0x00007f77ef2b3ca0, 0x00007f77ef2b3d58] Compiler: c2, Barriers: 0, Oops: 1, ImmediateOops: 0, NonImmediateOops: No
[2,993s][debug  ][gc,nmethod     ] Register NMethod: io.sirix.node.json.AbstractNumberNode.computeHash (0x00007f77cff17d10) [0x00007f77cff18820, 0x00007f77cff20528] Compiler: c1, Barriers: 15, Oops: 69, ImmediateOops: 79, NonImmediateOops: No
[2,993s][debug  ][gc,nmethod     ] Register NMethod: io.sirix.service.json.shredder.JsonShredder.readNumber (0x00007f77cff22710) [0x00007f77cff228c0, 0x00007f77cff22a78] Compiler: c1, Barriers: 1, Oops: 1, ImmediateOops: 0, NonImmediateOops: No
[2,994s][debug  ][gc,nmethod     ] Register NMethod: io.sirix.service.json.JsonNumber.stringToNumber (0x00007f77cff22b90) [0x00007f77cff22e00, 0x00007f77cff23570] Compiler: c1, Barriers: 0, Oops: 2, ImmediateOops: 1, NonImmediateOops: No
[2,994s][debug  ][gc,nmethod     ] Register NMethod: net.openhft.chronicle.bytes.AppendableUtil.findUtf8Length (0x00007f77ef2b3e10) [0x00007f77ef2b3fa0, 0x00007f77ef2b4348] Compiler: c2, Barriers: 0, Oops: 1, ImmediateOops: 0, NonImmediateOops: No
[2,995s][debug  ][gc,nmethod     ] Register NMethod: it.unimi.dsi.fastutil.longs.LongArrayList.add (0x00007f77ef2b4510) [0x00007f77ef2b46a0, 0x00007f77ef2b47e0] Compiler: c2, Barriers: 1, Oops: 1, ImmediateOops: 0, NonImmediateOops: No
[2,995s][debug  ][gc,nmethod     ] Register NMethod: io.sirix.access.trx.node.json.JsonNodeReadOnlyTrxImpl.getNode (0x00007f77ef2b4910) [0x00007f77ef2b4ae0, 0x00007f77ef2b4de8] Compiler: c2, Barriers: 5, Oops: 2, ImmediateOops: 1, NonImmediateOops: No
[2,996s][debug  ][gc,nmethod     ] Register NMethod: it.unimi.dsi.fastutil.longs.LongArrayList.grow (0x00007f77ef2b5090) [0x00007f77ef2b5220, 0x00007f77ef2b5318] Compiler: c2, Barriers: 1, Oops: 1, ImmediateOops: 0, NonImmediateOops: No
[2,996s][debug  ][gc,nmethod     ] Register NMethod: it.unimi.dsi.fastutil.longs.AbstractLongList.popLong (0x00007f77ef2b5410) [0x00007f77ef2b55a0, 0x00007f77ef2b5720] Compiler: c2, Barriers: 1, Oops: 1, ImmediateOops: 0, NonImmediateOops: No
[2,997s][debug  ][gc,nmethod     ] Register NMethod: com.google.common.base.Preconditions.checkState (0x00007f77ef2b5890) [0x00007f77ef2b5a00, 0x00007f77ef2b5a80] Compiler: c2, Barriers: 0, Oops: 1, ImmediateOops: 0, NonImmediateOops: No
[2,997s][debug  ][gc,nmethod     ] Register NMethod: it.unimi.dsi.fastutil.longs.LongArrayList.removeLong (0x00007f77ef2b5b90) [0x00007f77ef2b5d20, 0x00007f77ef2b5ea0] Compiler: c2, Barriers: 1, Oops: 1, ImmediateOops: 0, NonImmediateOops: No
[2,997s][debug  ][gc,nmethod     ] Register NMethod: java.util.HashMap.computeIfAbsent (0x00007f77ef2b6010) [0x00007f77ef2b6300, 0x00007f77ef2b7618] Compiler: c2, Barriers: 25, Oops: 2, ImmediateOops: 0, NonImmediateOops: No
[2,997s][debug  ][gc,nmethod     ] Register NMethod: io.sirix.node.json.NumberNode.getKind (0x00007f77ef2b8190) [0x00007f77ef2b8300, 0x00007f77ef2b8380] Compiler: c2, Barriers: 0, Oops: 1, ImmediateOops: 1, NonImmediateOops: No
[2,998s][debug  ][gc,nmethod     ] Register NMethod: java.nio.Buffer.limit (0x00007f77ef2b8490) [0x00007f77ef2b8620, 0x00007f77ef2b8730] Compiler: c2, Barriers: 0, Oops: 0, ImmediateOops: 0, NonImmediateOops: No
[2,998s][debug  ][gc,nmethod     ] Register NMethod: java.util.HashSet.isEmpty (0x00007f77ef2b8810) [0x00007f77ef2b89a0, 0x00007f77ef2b8a70] Compiler: c2, Barriers: 1, Oops: 0, ImmediateOops: 0, NonImmediateOops: No
[2,998s][debug  ][gc,nmethod     ] Register NMethod: net.openhft.chronicle.bytes.AbstractBytes.readLimit (0x00007f77ef2b8b10) [0x00007f77ef2b8c80, 0x00007f77ef2b8d00] Compiler: c2, Barriers: 0, Oops: 1, ImmediateOops: 0, NonImmediateOops: No
[2,999s][debug  ][gc,nmethod     ] Register NMethod: io.sirix.node.delegates.StructNodeDelegate.<init> (0x00007f77ef2b8e10) [0x00007f77ef2b8fa0, 0x00007f77ef2b90e8] Compiler: c2, Barriers: 3, Oops: 1, ImmediateOops: 0, NonImmediateOops: No
[3,000s][debug  ][gc,nmethod     ] Register NMethod: io.sirix.node.delegates.NodeDelegate.<init> (0x00007f77ef2b9190) [0x00007f77ef2b9320, 0x00007f77ef2b9518] Compiler: c2, Barriers: 6, Oops: 1, ImmediateOops: 1, NonImmediateOops: No
[3,000s][debug  ][gc,nmethod     ] Register NMethod: java.nio.ByteBuffer.rewind (0x00007f77ef2b9610) [0x00007f77ef2b9780, 0x00007f77ef2b9808] Compiler: c2, Barriers: 0, Oops: 0, ImmediateOops: 0, NonImmediateOops: No
[3,000s][debug  ][gc,nmethod     ] Register NMethod: com.google.gson.stream.JsonReader.doPeek (0x00007f77ef2b9910) [0x00007f77ef2b9b20, 0x00007f77ef2ba048] Compiler: c2, Barriers: 1, Oops: 1, ImmediateOops: 1, NonImmediateOops: No
[3,000s][debug  ][gc,nmethod     ] Register NMethod: net.openhft.hashing.UnsafeAccess.byteOrder (0x00007f77ef2ba410) [0x00007f77ef2ba580, 0x00007f77ef2ba600] Compiler: c2, Barriers: 0, Oops: 1, ImmediateOops: 1, NonImmediateOops: No
[3,000s][debug  ][gc,nmethod     ] Register NMethod: net.openhft.hashing.XXH3.XXH3_avalanche (0x00007f77ef2ba710) [0x00007f77ef2ba880, 0x00007f77ef2ba908] Compiler: c2, Barriers: 0, Oops: 1, ImmediateOops: 0, NonImmediateOops: No
[3,001s][debug  ][gc,nmethod     ] Register NMethod: io.sirix.service.json.shredder.JsonShredder.processNumber (0x00007f77cff23910) [0x00007f77cff23b20, 0x00007f77cff23fa0] Compiler: c1, Barriers: 3, Oops: 1, ImmediateOops: 2, NonImmediateOops: No
[3,001s][debug  ][gc,nmethod     ] Register NMethod: io.sirix.access.trx.node.json.JsonNodeFactoryImpl.createJsonNumberNode (0x00007f77cff24190) [0x00007f77cff24400, 0x00007f77cff24fa0] Compiler: c1, Barriers: 11, Oops: 1, ImmediateOops: 3, NonImmediateOops: No
[3,001s][debug  ][gc,nmethod     ] Register NMethod: io.sirix.node.json.NumberNode.<init> (0x00007f77cff25490) [0x00007f77cff25660, 0x00007f77cff25a30] Compiler: c1, Barriers: 6, Oops: 1, ImmediateOops: 0, NonImmediateOops: No
[3,001s][debug  ][gc,nmethod     ] Register NMethod: it.unimi.dsi.fastutil.longs.AbstractLongList.peekLong (0x00007f77ef2baa10) [0x00007f77ef2baba0, 0x00007f77ef2bacd8] Compiler: c2, Barriers: 1, Oops: 1, ImmediateOops: 0, NonImmediateOops: No
[3,001s][debug  ][gc,director    ] Rule Major: Warmup 10%, Used: 98MB, UsedThreshold: 1536MB
[3,001s][debug  ][gc,nmethod     ] Register NMethod: it.unimi.dsi.fastutil.longs.LongArrayList.getLong (0x00007f77ef2bae10) [0x00007f77ef2bafa0, 0x00007f77ef2bb0c0] Compiler: c2, Barriers: 1, Oops: 1, ImmediateOops: 0, NonImmediateOops: No
[3,002s][debug  ][gc,nmethod     ] Register NMethod: io.sirix.access.trx.node.json.JsonNodeTrxImpl.insertNumberValueAsRightSibling (0x00007f77cff25b90) [0x00007f77cff25f00, 0x00007f77cff27880] Compiler: c1, Barriers: 13, Oops: 1, ImmediateOops: 0, NonImmediateOops: No
[3,002s][debug  ][gc,nmethod     ] Register NMethod: io.sirix.service.json.shredder.JsonShredder.insertNumberValue (0x00007f77cff28390) [0x00007f77cff28800, 0x00007f77cff2aa30] Compiler: c1, Barriers: 15, Oops: 1, ImmediateOops: 3, NonImmediateOops: No
[3,004s][debug  ][gc,nmethod     ] Register NMethod: io.sirix.access.trx.node.json.JsonNodeTrxImpl.moveToParentObjectKeyArrayOrDocumentRoot (0x00007f77ef2bb190) [0x00007f77ef2bb380, 0x00007f77ef2bb778] Compiler: c2, Barriers: 6, Oops: 1, ImmediateOops: 4, NonImmediateOops: No
[3,005s][debug  ][gc,nmethod     ] Register NMethod: io.sirix.page.KeyValueLeafPage.setRecord (0x00007f77ef2bba90) [0x00007f77ef2bbc40, 0x00007f77ef2bc018] Compiler: c2, Barriers: 5, Oops: 1, ImmediateOops: 0, NonImmediateOops: No
[3,006s][debug  ][gc,nmethod     ] Register NMethod: java.nio.ByteBuffer.limit (0x00007f77ef2bc190) [0x00007f77ef2bc320, 0x00007f77ef2bc430] Compiler: c2, Barriers: 0, Oops: 0, ImmediateOops: 0, NonImmediateOops: No
[3,008s][debug  ][gc,nmethod     ] Register NMethod: net.openhft.chronicle.bytes.AbstractBytes.writeBoolean (0x00007f77cff2b490) [0x00007f77cff2b640, 0x00007f77cff2b850] Compiler: c1, Barriers: 0, Oops: 1, ImmediateOops: 0, NonImmediateOops: No
[3,008s][debug  ][gc,nmethod     ] Register NMethod: net.openhft.chronicle.bytes.AbstractBytes.writeBoolean (0x00007f77cff2b910) [0x00007f77cff2bac0, 0x00007f77cff2bda0] Compiler: c1, Barriers: 0, Oops: 1, ImmediateOops: 0, NonImmediateOops: No
[3,008s][debug  ][gc,nmethod     ] Register NMethod: io.sirix.node.json.AbstractBooleanNode.<init> (0x00007f77cff2be90) [0x00007f77cff2c040, 0x00007f77cff2c338] Compiler: c1, Barriers: 3, Oops: 1, ImmediateOops: 0, NonImmediateOops: No
[3,008s][debug  ][gc,nmethod     ] Register NMethod: io.sirix.page.KeyValueLeafPage.setRecord (0x00007f77ef2bc510) [0x00007f77ef2bc6c0, 0x00007f77ef2bcc30] Compiler: c2, Barriers: 7, Oops: 1, ImmediateOops: 2, NonImmediateOops: No
[3,009s][debug  ][gc,nmethod     ] Register NMethod: io.sirix.node.json.AbstractBooleanNode.computeHash (0x00007f77cff2c490) [0x00007f77cff2c860, 0x00007f77cff2e7a8] Compiler: c1, Barriers: 10, Oops: 1, ImmediateOops: 2, NonImmediateOops: No
[3,009s][debug  ][gc,nmethod     ] Register NMethod: io.sirix.node.xml.AbstractStructForwardingNode.incrementChildCount (0x00007f77ef2bcd90) [0x00007f77ef2bcf20, 0x00007f77ef2bcfd8] Compiler: c2, Barriers: 0, Oops: 1, ImmediateOops: 0, NonImmediateOops: No
[3,009s][debug  ][gc,nmethod     ] Register NMethod: com.google.gson.stream.JsonReader.nextBoolean (0x00007f77cff2ef90) [0x00007f77cff2f240, 0x00007f77cff2fd08] Compiler: c1, Barriers: 3, Oops: 2, ImmediateOops: 2, NonImmediateOops: No
[3,009s][debug  ][gc,nmethod     ] Register NMethod: io.sirix.service.json.shredder.JsonShredder.processBoolean (0x00007f77cff30110) [0x00007f77cff30300, 0x00007f77cff306e8] Compiler: c1, Barriers: 3, Oops: 1, ImmediateOops: 2, NonImmediateOops: No
[3,009s][debug  ][gc,nmethod     ] Register NMethod: io.sirix.node.json.BooleanNode.<init> (0x00007f77cff30890) [0x00007f77cff30a60, 0x00007f77cff30dc0] Compiler: c1, Barriers: 3, Oops: 1, ImmediateOops: 0, NonImmediateOops: No
[3,010s][debug  ][gc,nmethod     ] Register NMethod: io.sirix.node.xml.AbstractStructForwardingNode.hasLeftSibling (0x00007f77ef2bd090) [0x00007f77ef2bd220, 0x00007f77ef2bd2e8] Compiler: c2, Barriers: 0, Oops: 1, ImmediateOops: 1, NonImmediateOops: No
[3,010s][debug  ][gc,nmethod     ] Register NMethod: io.sirix.access.trx.node.json.JsonNodeFactoryImpl.createJsonBooleanNode (0x00007f77cff30f10) [0x00007f77cff31180, 0x00007f77cff31cb0] Compiler: c1, Barriers: 8, Oops: 1, ImmediateOops: 3, NonImmediateOops: No
[3,010s][debug  ][gc,nmethod     ] Register NMethod: io.sirix.access.trx.node.json.JsonNodeTrxImpl.insertBooleanValueAsRightSibling (0x00007f77cff32190) [0x00007f77cff324c0, 0x00007f77cff33b98] Compiler: c1, Barriers: 13, Oops: 1, ImmediateOops: 0, NonImmediateOops: No
[3,010s][debug  ][gc,nmethod     ] Register NMethod: io.sirix.service.json.shredder.JsonShredder.insertBooleanValue (0x00007f77cff34610) [0x00007f77cff34a60, 0x00007f77cff36b18] Compiler: c1, Barriers: 15, Oops: 1, ImmediateOops: 3, NonImmediateOops: No
[3,011s][debug  ][gc,director    ] Rule Major: Warmup 10%, Used: 100MB, UsedThreshold: 1536MB
[3,020s][debug  ][gc,nmethod     ] Register NMethod: io.sirix.access.trx.node.AbstractNodeHashing.rollingAdd (0x00007f77ef2bd410) [0x00007f77ef2bd780, 0x00007f77ef2be870] Compiler: c2, Barriers: 15, Oops: 7, ImmediateOops: 13, NonImmediateOops: No
[3,021s][debug  ][gc,nmethod     ] Register NMethod: io.sirix.node.json.BooleanNode.getKind (0x00007f77ef2bf910) [0x00007f77ef2bfa80, 0x00007f77ef2bfb00] Compiler: c2, Barriers: 0, Oops: 1, ImmediateOops: 1, NonImmediateOops: No
[3,021s][debug  ][gc,nmethod     ] Register NMethod: io.sirix.node.xml.AbstractStructForwardingNode.<init> (0x00007f77ef2bfc10) [0x00007f77ef2bfd80, 0x00007f77ef2bfdf8] Compiler: c2, Barriers: 0, Oops: 1, ImmediateOops: 0, NonImmediateOops: No
[3,021s][debug  ][gc,nmethod     ] Register NMethod: io.sirix.node.xml.AbstractStructForwardingNode.setLastChildKey (0x00007f77ef2bff10) [0x00007f77ef2c00a0, 0x00007f77ef2c0198] Compiler: c2, Barriers: 0, Oops: 1, ImmediateOops: 1, NonImmediateOops: No
[3,021s][debug  ][gc,director    ] Rule Major: Warmup 10%, Used: 102MB, UsedThreshold: 1536MB
[3,022s][debug  ][gc,nmethod     ] Register NMethod: io.sirix.access.trx.node.AbstractNodeReadOnlyTrx.storeDeweyIDs (0x00007f77ef2c0290) [0x00007f77ef2c0420, 0x00007f77ef2c0580] Compiler: c2, Barriers: 2, Oops: 1, ImmediateOops: 0, NonImmediateOops: No
[3,022s][debug  ][gc,nmethod     ] Register NMethod: io.sirix.access.trx.node.AbstractNodeHashing.adaptHashesWithAdd (0x00007f77ef2c0690) [0x00007f77ef2c0840, 0x00007f77ef2c09c8] Compiler: c2, Barriers: 1, Oops: 2, ImmediateOops: 1, NonImmediateOops: No
[3,022s][debug  ][gc,nmethod     ] Register NMethod: io.sirix.page.PageReference.getLogKey (0x00007f77ef2c0b10) [0x00007f77ef2c0ca0, 0x00007f77ef2c0d60] Compiler: c1, Barriers: 0, Oops: 1, ImmediateOops: 0, NonImmediateOops: No
[3,023s][debug  ][gc,nmethod     ] Register NMethod: net.openhft.hashing.LongHashFunction.unsafeHash (0x00007f77ef2c0e10) [0x00007f77ef2c0fa0, 0x00007f77ef2c1060] Compiler: c2, Barriers: 0, Oops: 1, ImmediateOops: 2, NonImmediateOops: No
[3,023s][debug  ][gc,nmethod     ] Register NMethod: net.openhft.hashing.XXH3$AsLongHashFunction.hash (0x00007f77ef2c1190) [0x00007f77ef2c1320, 0x00007f77ef2c1428] Compiler: c2, Barriers: 0, Oops: 3, ImmediateOops: 1, NonImmediateOops: No
[3,023s][debug  ][gc,nmethod     ] Register NMethod: net.openhft.hashing.LongHashFunction.hashByteBuffer (0x00007f77ef2c1590) [0x00007f77ef2c1720, 0x00007f77ef2c18c8] Compiler: c2, Barriers: 1, Oops: 1, ImmediateOops: 2, NonImmediateOops: No
[3,023s][debug  ][gc,nmethod     ] Register NMethod: io.sirix.access.trx.node.AbstractNodeReadOnlyTrx.getNodeKey (0x00007f77ef2c1a90) [0x00007f77ef2c1c20, 0x00007f77ef2c1d18] Compiler: c2, Barriers: 1, Oops: 1, ImmediateOops: 0, NonImmediateOops: No
[3,023s][debug  ][gc,nmethod     ] Register NMethod: net.openhft.hashing.XXH3.access$500 (0x00007f77ef2c1e10) [0x00007f77ef2c1fa0, 0x00007f77ef2c2030] Compiler: c2, Barriers: 0, Oops: 1, ImmediateOops: 0, NonImmediateOops: No
[3,024s][debug  ][gc,nmethod     ] Register NMethod: io.sirix.access.trx.node.AbstractIndexController.notifyChange (0x00007f77ef2c2110) [0x00007f77ef2c22a0, 0x00007f77ef2c2478] Compiler: c2, Barriers: 2, Oops: 1, ImmediateOops: 0, NonImmediateOops: No
[3,024s][debug  ][gc,nmethod     ] Register NMethod: io.sirix.node.json.ArrayNode.<init> (0x00007f77cff37510) [0x00007f77cff376e0, 0x00007f77cff37af8] Compiler: c1, Barriers: 3, Oops: 1, ImmediateOops: 0, NonImmediateOops: No
[3,024s][debug  ][gc,nmethod     ] Register NMethod: com.google.gson.stream.JsonReader.endArray (0x00007f77cff37c90) [0x00007f77cff37f20, 0x00007f77cff38920] Compiler: c1, Barriers: 2, Oops: 2, ImmediateOops: 2, NonImmediateOops: No
[3,024s][debug  ][gc,nmethod     ] Register NMethod: io.sirix.access.trx.node.json.JsonNodeFactoryImpl.createJsonArrayNode (0x00007f77cff38d10) [0x00007f77cff38f80, 0x00007f77cff39a78] Compiler: c1, Barriers: 8, Oops: 1, ImmediateOops: 3, NonImmediateOops: No
[3,024s][debug  ][gc,nmethod     ] Register NMethod: io.sirix.service.json.shredder.JsonShredder.processEndArray (0x00007f77cff39f10) [0x00007f77cff3a0c0, 0x00007f77cff3a2f0] Compiler: c1, Barriers: 1, Oops: 1, ImmediateOops: 0, NonImmediateOops: No
[3,025s][debug  ][gc,nmethod     ] Register NMethod: io.sirix.access.trx.node.AbstractNodeTrxImpl.checkAccessAndCommit (0x00007f77ef2c2610) [0x00007f77ef2c27c0, 0x00007f77ef2c2a00] Compiler: c2, Barriers: 3, Oops: 2, ImmediateOops: 1, NonImmediateOops: No
[3,025s][debug  ][gc,nmethod     ] Register NMethod: io.sirix.access.trx.node.AbstractNodeTrxImpl.intermediateCommitIfRequired (0x00007f77ef2c2c10) [0x00007f77ef2c2da0, 0x00007f77ef2c2f00] Compiler: c2, Barriers: 1, Oops: 1, ImmediateOops: 0, NonImmediateOops: No
[3,025s][debug  ][gc,nmethod     ] Register NMethod: io.sirix.access.trx.node.json.JsonNodeTrxImpl.adaptForInsert (0x00007f77ef2c3010) [0x00007f77ef2c3220, 0x00007f77ef2c3720] Compiler: c2, Barriers: 2, Oops: 2, ImmediateOops: 2, NonImmediateOops: No
[3,025s][debug  ][gc,nmethod     ] Register NMethod: io.sirix.access.trx.node.AbstractDeweyIDManager.newRightSiblingID (0x00007f77ef2c3b90) [0x00007f77ef2c3d40, 0x00007f77ef2c3fd0] Compiler: c2, Barriers: 4, Oops: 1, ImmediateOops: 0, NonImmediateOops: No
[3,025s][debug  ][gc,nmethod     ] Register NMethod: io.sirix.node.json.ArrayNode.computeHash (0x00007f77cff3a410) [0x00007f77cff3a7c0, 0x00007f77cff3c410] Compiler: c1, Barriers: 10, Oops: 1, ImmediateOops: 2, NonImmediateOops: No
[3,026s][debug  ][gc,nmethod     ] Register NMethod: io.sirix.node.xml.AbstractStructForwardingNode.getLeftSiblingKey (0x00007f77ef2c4210) [0x00007f77ef2c43a0, 0x00007f77ef2c4458] Compiler: c2, Barriers: 0, Oops: 1, ImmediateOops: 0, NonImmediateOops: No
[3,026s][debug  ][gc,nmethod     ] Register NMethod: io.sirix.node.xml.AbstractStructForwardingNode.setRightSiblingKey (0x00007f77ef2c4510) [0x00007f77ef2c46a0, 0x00007f77ef2c4758] Compiler: c2, Barriers: 0, Oops: 1, ImmediateOops: 0, NonImmediateOops: No
[3,026s][debug  ][gc,nmethod     ] Register NMethod: io.sirix.node.json.AbstractBooleanNode.delegate (0x00007f77ef2c4890) [0x00007f77ef2c4a20, 0x00007f77ef2c4b20] Compiler: c2, Barriers: 2, Oops: 1, ImmediateOops: 0, NonImmediateOops: No
[3,026s][debug  ][gc,nmethod     ] Register NMethod: io.sirix.access.trx.node.json.JsonNodeReadOnlyTrxImpl.isObjectKey (0x00007f77ef2c4c10) [0x00007f77ef2c4da0, 0x00007f77ef2c4ec0] Compiler: c2, Barriers: 1, Oops: 1, ImmediateOops: 0, NonImmediateOops: No
[3,027s][debug  ][gc,nmethod     ] Register NMethod: io.sirix.access.trx.node.json.JsonNodeReadOnlyTrxImpl.isArray (0x00007f77ef2c5010) [0x00007f77ef2c51a0, 0x00007f77ef2c52b8] Compiler: c2, Barriers: 1, Oops: 1, ImmediateOops: 0, NonImmediateOops: No
[3,027s][debug  ][gc,nmethod     ] Register NMethod: io.sirix.node.immutable.json.ImmutableArrayNode.getKind (0x00007f77ef2c5410) [0x00007f77ef2c5580, 0x00007f77ef2c5600] Compiler: c2, Barriers: 0, Oops: 1, ImmediateOops: 1, NonImmediateOops: No
[3,027s][debug  ][gc,nmethod     ] Register NMethod: io.sirix.access.trx.node.json.JsonNodeTrxImpl.checkPrecondition (0x00007f77ef2c5710) [0x00007f77ef2c58a0, 0x00007f77ef2c5990] Compiler: c2, Barriers: 1, Oops: 1, ImmediateOops: 0, NonImmediateOops: No
[3,028s][debug  ][gc,nmethod     ] Register NMethod: com.google.gson.stream.JsonReader.beginArray (0x00007f77cff3cb10) [0x00007f77cff3cdc0, 0x00007f77cff3d800] Compiler: c1, Barriers: 2, Oops: 2, ImmediateOops: 2, NonImmediateOops: No
[3,028s][debug  ][gc,nmethod     ] Register NMethod: io.sirix.access.trx.page.NodePageTrx.createRecord (0x00007f77ef2c5a90) [0x00007f77ef2c5f60, 0x00007f77ef2c8548] Compiler: c2, Barriers: 57, Oops: 7, ImmediateOops: 4, NonImmediateOops: No
[3,029s][debug  ][gc,nmethod     ] Register NMethod: java.lang.String.encode (0x00007f77ef2c9e10) [0x00007f77ef2c9fc0, 0x00007f77ef2ca298] Compiler: c2, Barriers: 0, Oops: 1, ImmediateOops: 1, NonImmediateOops: No
[3,030s][debug  ][gc,nmethod     ] Register NMethod: io.sirix.access.trx.page.NodePageTrx.createRecord (0x00007f77cff3dc10) [0x00007f77cff3dfe0, 0x00007f77cff3f910] Compiler: c1, Barriers: 18, Oops: 1, ImmediateOops: 2, NonImmediateOops: No
[3,030s][debug  ][gc,nmethod     ] Register NMethod: net.openhft.chronicle.core.util.StringUtils.getStringCoderForStringOrStringBuilder (0x00007f77ef2ca490) [0x00007f77ef2ca620, 0x00007f77ef2ca6f0] Compiler: c2, Barriers: 0, Oops: 2, ImmediateOops: 1, NonImmediateOops: No
[3,030s][debug  ][gc,nmethod     ] Register NMethod: io.sirix.service.json.shredder.JsonShredder.adaptTrxPosAndStack (0x00007f77ef2ca810) [0x00007f77ef2ca9e0, 0x00007f77ef2cae40] Compiler: c2, Barriers: 4, Oops: 1, ImmediateOops: 0, NonImmediateOops: No
[3,031s][debug  ][gc,nmethod     ] Register NMethod: net.openhft.chronicle.core.io.AbstractReferenceCounted.refCount (0x00007f77ef2cb210) [0x00007f77ef2cb3a0, 0x00007f77ef2cb490] Compiler: c2, Barriers: 1, Oops: 1, ImmediateOops: 0, NonImmediateOops: No
[3,031s][debug  ][gc,director    ] Rule Major: Warmup 10%, Used: 104MB, UsedThreshold: 1536MB
[3,032s][debug  ][gc,nmethod     ] Register NMethod: com.google.gson.stream.JsonReader.nextString (0x00007f77ef2cb590) [0x00007f77ef2cb740, 0x00007f77ef2cb970] Compiler: c2, Barriers: 1, Oops: 1, ImmediateOops: 0, NonImmediateOops: No
[3,032s][debug  ][gc,nmethod     ] Register NMethod: io.sirix.axis.AbstractAxis.hasNext (0x00007f77ef2cbb10) [0x00007f77ef2cc220, 0x00007f77ef2d0db0] Compiler: c2, Barriers: 131, Oops: 4, ImmediateOops: 29, NonImmediateOops: No
[3,032s][debug  ][gc,nmethod     ] Register NMethod: io.sirix.service.json.shredder.JsonShredder.processBeginArray (0x00007f77cff40190) [0x00007f77cff40360, 0x00007f77cff40618] Compiler: c1, Barriers: 1, Oops: 1, ImmediateOops: 0, NonImmediateOops: No
[3,033s][debug  ][gc,nmethod     ] Register NMethod: java.lang.String.<init> (0x00007f77ef2d2a10) [0x00007f77ef2d2ba0, 0x00007f77ef2d2c88] Compiler: c2, Barriers: 0, Oops: 0, ImmediateOops: 0, NonImmediateOops: No
[3,034s][debug  ][gc,nmethod     ] Register NMethod: io.sirix.access.trx.node.json.JsonNodeTrxImpl.insertArrayAsRightSibling (0x00007f77cff40710) [0x00007f77cff40ae0, 0x00007f77cff42840] Compiler: c1, Barriers: 15, Oops: 1, ImmediateOops: 2, NonImmediateOops: No
[3,034s][debug  ][gc,nmethod     ] Register NMethod: java.lang.CharacterDataLatin1.digit (0x00007f77ef2d2d90) [0x00007f77ef2d2f20, 0x00007f77ef2d3028] Compiler: c2, Barriers: 0, Oops: 1, ImmediateOops: 1, NonImmediateOops: No
[3,034s][debug  ][gc,nmethod     ] Register NMethod: io.sirix.service.json.shredder.JsonShredder.insertArray (0x00007f77cff43510) [0x00007f77cff43b60, 0x00007f77cff474f8] Compiler: c1, Barriers: 32, Oops: 1, ImmediateOops: 12, NonImmediateOops: No
[3,034s][debug  ][gc,nmethod     ] Register NMethod: net.openhft.chronicle.bytes.internal.BytesInternal.writeStopBit (0x00007f77ef2d3110) [0x00007f77ef2d3340, 0x00007f77ef2d3988] Compiler: c2, Barriers: 5, Oops: 2, ImmediateOops: 0, NonImmediateOops: No
[3,036s][debug  ][gc,nmethod     ] Register NMethod: com.google.gson.stream.JsonReader.peekKeyword (0x00007f77ef2d3f10) [0x00007f77ef2d4100, 0x00007f77ef2d4780] Compiler: c2, Barriers: 5, Oops: 2, ImmediateOops: 6, NonImmediateOops: No
[3,038s][debug  ][gc,nmethod     ] Register NMethod: io.sirix.node.delegates.ValueNodeDelegate.<init> (0x00007f77ef2d4b90) [0x00007f77ef2d4d20, 0x00007f77ef2d4f08] Compiler: c2, Barriers: 6, Oops: 1, ImmediateOops: 0, NonImmediateOops: No
[3,041s][debug  ][gc,nmethod     ] Register NMethod: io.sirix.access.trx.node.json.JsonNodeTrxImpl.insertAsSibling (0x00007f77ef2d5010) [0x00007f77ef2d54a0, 0x00007f77ef2d6ea8] Compiler: c2, Barriers: 42, Oops: 5, ImmediateOops: 9, NonImmediateOops: No
[3,042s][debug  ][gc,director    ] Rule Major: Warmup 10%, Used: 106MB, UsedThreshold: 1536MB
[3,042s][debug  ][gc,nmethod     ] Register NMethod: java.lang.invoke.MethodHandleImpl.profileBoolean (0x00007f77ef2d8110) [0x00007f77ef2d82a0, 0x00007f77ef2d83a0] Compiler: c2, Barriers: 0, Oops: 0, ImmediateOops: 0, NonImmediateOops: No
[3,043s][debug  ][gc,nmethod     ] Register NMethod: java.lang.System$2.decodeASCII (0x00007f77cff48590) [0x00007f77cff48740, 0x00007f77cff48888] Compiler: c1, Barriers: 0, Oops: 0, ImmediateOops: 0, NonImmediateOops: No
[3,043s][debug  ][gc,nmethod     ] Register NMethod: sun.nio.cs.UTF_8$Decoder.decodeLoop (0x00007f77cff48990) [0x00007f77cff48b80, 0x00007f77cff48ff0] Compiler: c1, Barriers: 2, Oops: 0, ImmediateOops: 0, NonImmediateOops: No
[3,043s][debug  ][gc,nmethod     ] Register NMethod: java.lang.String.decodeASCII (0x00007f77cff49190) [0x00007f77cff49360, 0x00007f77cff49618] Compiler: c1, Barriers: 0, Oops: 0, ImmediateOops: 0, NonImmediateOops: No
[3,043s][debug  ][gc,nmethod     ] Register NMethod: net.openhft.chronicle.bytes.internal.BytesInternal.writeUtf8 (0x00007f77ef2d8490) [0x00007f77ef2d8720, 0x00007f77ef2d95d8] Compiler: c2, Barriers: 8, Oops: 3, ImmediateOops: 1, NonImmediateOops: No
[3,044s][debug  ][gc,nmethod     ] Register NMethod: sun.nio.cs.UTF_8$Decoder.xflow (0x00007f77cff49790) [0x00007f77cff49980, 0x00007f77cff49ea0] Compiler: c1, Barriers: 0, Oops: 0, ImmediateOops: 2, NonImmediateOops: No
[3,044s][debug  ][gc,nmethod     ] Register NMethod: java.lang.String.<init> (0x00007f77ef2da110) [0x00007f77ef2da340, 0x00007f77ef2db120] Compiler: c2, Barriers: 12, Oops: 1, ImmediateOops: 2, NonImmediateOops: No
[3,044s][debug  ][gc,nmethod     ] Register NMethod: com.google.gson.stream.JsonReader.nextNull (0x00007f77ef2db590) [0x00007f77ef2db720, 0x00007f77ef2db880] Compiler: c2, Barriers: 1, Oops: 1, ImmediateOops: 0, NonImmediateOops: No
[3,045s][debug  ][gc,nmethod     ] Register NMethod: java.nio.charset.CharsetDecoder.decode (0x00007f77cff4a010) [0x00007f77cff4a3a0, 0x00007f77cff4bc40] Compiler: c1, Barriers: 6, Oops: 0, ImmediateOops: 5, NonImmediateOops: No
[3,045s][debug  ][gc,nmethod     ] Register NMethod: net.openhft.hashing.XXH3.XXH3_64bits_internal (0x00007f77ef2db990) [0x00007f77ef2dbf40, 0x00007f77ef2ddf48] Compiler: c2, Barriers: 0, Oops: 2, ImmediateOops: 41, NonImmediateOops: No
[3,047s][debug  ][gc,nmethod     ] Register NMethod: sun.nio.cs.UTF_8$Decoder.decodeArrayLoop (0x00007f77cff4c410) [0x00007f77cff4cca0, 0x00007f77cff51c78] Compiler: c1, Barriers: 2, Oops: 1, ImmediateOops: 10, NonImmediateOops: No
[3,052s][debug  ][gc,director    ] Rule Major: Warmup 10%, Used: 110MB, UsedThreshold: 1536MB
[3,054s][debug  ][gc,nmethod     ] Register NMethod: java.lang.AbstractStringBuilder.append (0x00007f77cff53410) [0x00007f77cff535e0, 0x00007f77cff538f8] Compiler: c1, Barriers: 0, Oops: 1, ImmediateOops: 1, NonImmediateOops: No
[3,055s][debug  ][gc,nmethod     ] Register NMethod: java.io.InputStreamReader.read (0x00007f77cff53a90) [0x00007f77cff53c40, 0x00007f77cff53dc8] Compiler: c1, Barriers: 1, Oops: 0, ImmediateOops: 0, NonImmediateOops: No
[3,055s][debug  ][gc,nmethod     ] Register NMethod: sun.nio.cs.StreamDecoder.ensureOpen (0x00007f77cff53e90) [0x00007f77cff54040, 0x00007f77cff54258] Compiler: c1, Barriers: 0, Oops: 0, ImmediateOops: 1, NonImmediateOops: No
[3,055s][debug  ][gc,nmethod     ] Rebuilding NMethod Table: 4096->4096 entries, 2647(65%->65%) registered, 221(5%->0%) unregistered
[3,056s][debug  ][gc,nmethod     ] Register NMethod: sun.nio.cs.StreamDecoder.lockedRead (0x00007f77cff54310) [0x00007f77cff54580, 0x00007f77cff550c8] Compiler: c1, Barriers: 1, Oops: 0, ImmediateOops: 1, NonImmediateOops: No
[3,056s][debug  ][gc,nmethod     ] Register NMethod: sun.nio.cs.StreamDecoder.read (0x00007f77cff55410) [0x00007f77cff556e0, 0x00007f77cff56738] Compiler: c1, Barriers: 9, Oops: 0, ImmediateOops: 0, NonImmediateOops: No
[3,056s][debug  ][gc,nmethod     ] Register NMethod: sun.nio.cs.StreamDecoder.implRead (0x00007f77cff56c10) [0x00007f77cff56ec0, 0x00007f77cff57d20] Compiler: c1, Barriers: 4, Oops: 0, ImmediateOops: 0, NonImmediateOops: No
[3,062s][debug  ][gc,director    ] Rule Major: Warmup 10%, Used: 112MB, UsedThreshold: 1536MB
[3,062s][debug  ][gc,nmethod     ] Register NMethod: com.google.gson.stream.JsonReader.fillBuffer (0x00007f77cff58190) [0x00007f77cff58380, 0x00007f77cff589a8] Compiler: c1, Barriers: 2, Oops: 1, ImmediateOops: 0, NonImmediateOops: No
[3,072s][debug  ][gc,nmethod     ] Register NMethod: io.sirix.access.trx.node.json.JsonNodeFactoryImpl.createJsonStringNode (0x00007f77ef2e0510) [0x00007f77ef2e0a40, 0x00007f77ef2e3408] Compiler: c2, Barriers: 78, Oops: 5, ImmediateOops: 10, NonImmediateOops: No
[3,072s][debug  ][gc,director    ] Rule Major: Warmup 10%, Used: 116MB, UsedThreshold: 1536MB
[3,076s][debug  ][gc,nmethod     ] Register NMethod: io.sirix.node.json.AbstractStringNode.computeHash (0x00007f77ef2e4e90) [0x00007f77ef2e53c0, 0x00007f77ef2e83d0] Compiler: c2, Barriers: 43, Oops: 3, ImmediateOops: 5, NonImmediateOops: No
[3,076s][debug  ][gc,nmethod     ] Register NMethod: java.nio.ByteBuffer.arrayOffset (0x00007f77ef2ea310) [0x00007f77ef2ea4a0, 0x00007f77ef2ea588] Compiler: c2, Barriers: 1, Oops: 0, ImmediateOops: 0, NonImmediateOops: No
[3,082s][debug  ][gc,director    ] Rule Major: Warmup 10%, Used: 120MB, UsedThreshold: 1536MB
[3,084s][debug  ][gc,nmethod     ] Register NMethod: io.sirix.access.trx.node.json.JsonNodeTrxImpl.insertStringValueAsRightSibling (0x00007f77ef2ea610) [0x00007f77ef2ea8c0, 0x00007f77ef2eb6d0] Compiler: c2, Barriers: 17, Oops: 2, ImmediateOops: 1, NonImmediateOops: No
[3,088s][debug  ][gc,nmethod     ] Register NMethod: io.sirix.access.trx.node.json.JsonNodeFactoryImpl.createJsonNullNode (0x00007f77ef2ec290) [0x00007f77ef2ec780, 0x00007f77ef2eeea8] Compiler: c2, Barriers: 70, Oops: 5, ImmediateOops: 10, NonImmediateOops: No
[3,088s][debug  ][gc,nmethod     ] Register NMethod: io.sirix.axis.AbstractAxis.nextLong (0x00007f77ef2f0690) [0x00007f77ef2f0d40, 0x00007f77ef2f4ce0] Compiler: c2, Barriers: 119, Oops: 3, ImmediateOops: 30, NonImmediateOops: No
[3,092s][debug  ][gc,director    ] Rule Major: Warmup 10%, Used: 122MB, UsedThreshold: 1536MB
[3,093s][debug  ][gc,nmethod     ] Register NMethod: io.sirix.access.trx.node.json.JsonNodeTrxImpl.insertNullValueAsRightSibling (0x00007f77ef2f6610) [0x00007f77ef2f68a0, 0x00007f77ef2f7320] Compiler: c2, Barriers: 16, Oops: 2, ImmediateOops: 1, NonImmediateOops: No
[3,094s][debug  ][gc,nmethod     ] Register NMethod: com.google.gson.stream.JsonReader.peekNumber (0x00007f77ef2f7b90) [0x00007f77ef2f7d60, 0x00007f77ef2f8278] Compiler: c2, Barriers: 1, Oops: 1, ImmediateOops: 0, NonImmediateOops: No
[3,094s][debug  ][gc,nmethod     ] Register NMethod: io.sirix.index.path.summary.PathSummaryReader.getStructuralNode (0x00007f77ef2f8610) [0x00007f77ef2f87a0, 0x00007f77ef2f8868] Compiler: c2, Barriers: 1, Oops: 1, ImmediateOops: 0, NonImmediateOops: No
[3,096s][debug  ][gc,nmethod     ] Register NMethod: java.lang.invoke.LambdaForm$MH/0x0000000080358800.invoke (0x00007f77ef2f8910) [0x00007f77ef2f8ac0, 0x00007f77ef2f8c80] Compiler: c2, Barriers: 2, Oops: 1, ImmediateOops: 0, NonImmediateOops: No
[3,097s][debug  ][gc,nmethod     ] Register NMethod: java.lang.invoke.LambdaForm$DMH/0x000000008010d800.invokeSpecial (0x00007f77ef2f8e10) [0x00007f77ef2f8fa0, 0x00007f77ef2f90d8] Compiler: c2, Barriers: 1, Oops: 1, ImmediateOops: 0, NonImmediateOops: No
[3,098s][debug  ][gc,nmethod     ] Register NMethod: java.lang.invoke.DelegatingMethodHandle$Holder.delegate (0x00007f77ef2f9210) [0x00007f77ef2f93a0, 0x00007f77ef2f94e8] Compiler: c2, Barriers: 1, Oops: 0, ImmediateOops: 0, NonImmediateOops: No
[3,098s][debug  ][gc,nmethod     ] Register NMethod: com.google.gson.stream.JsonReader.isLiteral (0x00007f77ef2f9610) [0x00007f77ef2f9780, 0x00007f77ef2f9820] Compiler: c2, Barriers: 0, Oops: 1, ImmediateOops: 0, NonImmediateOops: No
[3,099s][debug  ][gc,nmethod     ] Register NMethod: java.lang.Integer.parseInt (0x00007f77ef2f9910) [0x00007f77ef2f9ac0, 0x00007f77ef2f9fa0] Compiler: c2, Barriers: 1, Oops: 1, ImmediateOops: 1, NonImmediateOops: No
[3,100s][debug  ][gc,nmethod     ] Register NMethod: io.sirix.service.json.shredder.JsonShredder.processNull (0x00007f77ef2fa390) [0x00007f77ef2faa60, 0x00007f77ef2fec30] Compiler: c2, Barriers: 96, Oops: 9, ImmediateOops: 13, NonImmediateOops: No
[3,101s][debug  ][gc,nmethod     ] Register NMethod: io.sirix.access.trx.page.NodePageTrx.createRecord (0x00007f77ef301410) [0x00007f77ef301880, 0x00007f77ef303d30] Compiler: c2, Barriers: 55, Oops: 7, ImmediateOops: 6, NonImmediateOops: No
[3,103s][debug  ][gc,director    ] Rule Major: Warmup 10%, Used: 126MB, UsedThreshold: 1536MB
[3,103s][debug  ][gc,nmethod     ] Register NMethod: io.sirix.service.json.shredder.JsonShredder.insertStringValue (0x00007f77ef305390) [0x00007f77ef305ac0, 0x00007f77ef30a280] Compiler: c2, Barriers: 104, Oops: 7, ImmediateOops: 13, NonImmediateOops: No
[3,107s][debug  ][gc,nmethod     ] Register NMethod: io.sirix.node.json.AbstractNullNode.computeHash (0x00007f77ef30cf10) [0x00007f77ef30d4e0, 0x00007f77ef310a00] Compiler: c2, Barriers: 57, Oops: 2, ImmediateOops: 4, NonImmediateOops: No
[3,109s][debug  ][gc,nmethod     ] Register NMethod: java.lang.Long.stringSize (0x00007f77ef312810) [0x00007f77ef3129a0, 0x00007f77ef312b80] Compiler: c2, Barriers: 0, Oops: 0, ImmediateOops: 0, NonImmediateOops: No
[3,113s][debug  ][gc,director    ] Rule Major: Warmup 10%, Used: 130MB, UsedThreshold: 1536MB
[3,116s][debug  ][gc,nmethod     ] Register NMethod: java.lang.invoke.LambdaForm$MH/0x0000000080359c00.guard (0x00007f77ef312c10) [0x00007f77ef312e00, 0x00007f77ef313260] Compiler: c2, Barriers: 4, Oops: 1, ImmediateOops: 0, NonImmediateOops: No
[3,120s][debug  ][gc,nmethod     ] Register NMethod: java.lang.Integer.valueOf (0x00007f77ef313590) [0x00007f77ef313720, 0x00007f77ef313850] Compiler: c2, Barriers: 1, Oops: 0, ImmediateOops: 1, NonImmediateOops: No
[3,122s][debug  ][gc,nmethod     ] Register NMethod: io.sirix.service.json.shredder.JsonShredder.insertNullValue (0x00007f77ef313910) [0x00007f77ef313fc0, 0x00007f77ef317fb0] Compiler: c2, Barriers: 95, Oops: 7, ImmediateOops: 13, NonImmediateOops: No
[3,123s][debug  ][gc,director    ] Rule Major: Warmup 10%, Used: 134MB, UsedThreshold: 1536MB
[3,126s][debug  ][gc,nmethod     ] Register NMethod: io.sirix.page.PageReference.getKey (0x00007f77ef31a610) [0x00007f77ef31a7a0, 0x00007f77ef31a860] Compiler: c1, Barriers: 0, Oops: 1, ImmediateOops: 0, NonImmediateOops: No
[3,127s][debug  ][gc,nmethod     ] Register NMethod: io.sirix.service.json.shredder.JsonShredder.processString (0x00007f77ef31a910) [0x00007f77ef31b0a0, 0x00007f77ef31fb78] Compiler: c2, Barriers: 106, Oops: 9, ImmediateOops: 13, NonImmediateOops: No
[3,128s][debug  ][gc,nmethod     ] Register NMethod: io.sirix.axis.AbstractAxis.<init> (0x00007f77ef322a90) [0x00007f77ef322c80, 0x00007f77ef323190] Compiler: c2, Barriers: 17, Oops: 1, ImmediateOops: 2, NonImmediateOops: No
[3,133s][debug  ][gc,director    ] Rule Major: Warmup 10%, Used: 138MB, UsedThreshold: 1536MB
[3,136s][debug  ][gc,nmethod     ] Register NMethod: net.openhft.chronicle.bytes.AbstractBytes.writeInt (0x00007f77ef323390) [0x00007f77ef323580, 0x00007f77ef323aa0] Compiler: c2, Barriers: 5, Oops: 2, ImmediateOops: 0, NonImmediateOops: No
[3,136s][debug  ][gc,nmethod     ] Register NMethod: net.openhft.chronicle.bytes.internal.HeapBytesStore.writeInt (0x00007f77ef323f10) [0x00007f77ef3240a0, 0x00007f77ef324308] Compiler: c2, Barriers: 3, Oops: 2, ImmediateOops: 0, NonImmediateOops: No
[3,143s][debug  ][gc,director    ] Rule Major: Warmup 10%, Used: 142MB, UsedThreshold: 1536MB
[3,154s][debug  ][gc,director    ] Rule Major: Warmup 10%, Used: 146MB, UsedThreshold: 1536MB
[3,154s][debug  ][gc,nmethod     ] Register NMethod: java.lang.Long.getChars (0x00007f77ef324510) [0x00007f77ef3246c0, 0x00007f77ef324c00] Compiler: c2, Barriers: 0, Oops: 1, ImmediateOops: 7, NonImmediateOops: No
[3,155s][debug  ][gc,nmethod     ] Register NMethod: io.sirix.service.json.shredder.JsonShredder.insertNewContent (0x00007f77cff58b10) [0x00007f77cff58e60, 0x00007f77cff59ef8] Compiler: c1, Barriers: 7, Oops: 1, ImmediateOops: 2, NonImmediateOops: No
[3,157s][debug  ][gc,nmethod     ] Register NMethod: io.sirix.service.json.shredder.JsonShredder.insertNewContent (0x00007f77cff5a790) [0x00007f77cff5aac0, 0x00007f77cff5ba98] Compiler: c1, Barriers: 7, Oops: 1, ImmediateOops: 2, NonImmediateOops: No
[3,164s][debug  ][gc,director    ] Rule Major: Warmup 10%, Used: 152MB, UsedThreshold: 1536MB
[3,174s][debug  ][gc,nmethod     ] Register NMethod: io.sirix.node.xml.AbstractStructForwardingNode.setFirstChildKey (0x00007f77ef324f10) [0x00007f77ef3250a0, 0x00007f77ef325158] Compiler: c2, Barriers: 0, Oops: 1, ImmediateOops: 0, NonImmediateOops: No
[3,174s][debug  ][gc,director    ] Rule Major: Warmup 10%, Used: 156MB, UsedThreshold: 1536MB
[3,177s][debug  ][gc,nmethod     ] Register NMethod: java.lang.Long.toString (0x00007f77ef325290) [0x00007f77ef325440, 0x00007f77ef3258b0] Compiler: c2, Barriers: 2, Oops: 0, ImmediateOops: 0, NonImmediateOops: No
[3,177s][debug  ][gc,nmethod     ] Register NMethod: io.sirix.service.json.JsonNumber.stringToNumber (0x00007f77ef325a90) [0x00007f77ef325c60, 0x00007f77ef325f68] Compiler: c2, Barriers: 2, Oops: 2, ImmediateOops: 2, NonImmediateOops: No
[3,180s][debug  ][gc,nmethod     ] Register NMethod: java.lang.invoke.LambdaForm$MH/0x0000000080358400.invoke (0x00007f77ef326190) [0x00007f77ef326320, 0x00007f77ef3263c0] Compiler: c2, Barriers: 0, Oops: 1, ImmediateOops: 0, NonImmediateOops: No
[3,184s][debug  ][gc,director    ] Rule Major: Warmup 10%, Used: 160MB, UsedThreshold: 1536MB
[3,194s][debug  ][gc,director    ] Rule Major: Warmup 10%, Used: 164MB, UsedThreshold: 1536MB
[3,203s][debug  ][gc,nmethod     ] Register NMethod: io.sirix.service.json.shredder.JsonShredder.processNumber (0x00007f77ef326490) [0x00007f77ef326900, 0x00007f77ef328a90] Compiler: c2, Barriers: 44, Oops: 7, ImmediateOops: 8, NonImmediateOops: No
[3,204s][debug  ][gc,director    ] Rule Major: Warmup 10%, Used: 168MB, UsedThreshold: 1536MB
[3,206s][debug  ][gc,nmethod     ] Register NMethod: io.sirix.node.json.AbstractNumberNode.computeHash (0x00007f77ef32a210) [0x00007f77ef32a860, 0x00007f77ef32e338] Compiler: c2, Barriers: 63, Oops: 14, ImmediateOops: 4, NonImmediateOops: No
[3,215s][debug  ][gc,director    ] Rule Major: Warmup 10%, Used: 172MB, UsedThreshold: 1536MB
[3,225s][debug  ][gc,director    ] Rule Major: Warmup 10%, Used: 176MB, UsedThreshold: 1536MB
[3,235s][debug  ][gc,director    ] Rule Major: Warmup 10%, Used: 182MB, UsedThreshold: 1536MB
[3,238s][debug  ][gc,nmethod     ] Register NMethod: java.nio.Buffer.flip (0x00007f77cff5c310) [0x00007f77cff5c4a0, 0x00007f77cff5c5b8] Compiler: c1, Barriers: 0, Oops: 0, ImmediateOops: 0, NonImmediateOops: No
[3,239s][debug  ][gc,nmethod     ] Register NMethod: java.util.ArrayList.grow (0x00007f77ef330610) [0x00007f77ef3307c0, 0x00007f77ef330e20] Compiler: c2, Barriers: 8, Oops: 0, ImmediateOops: 1, NonImmediateOops: No
[3,243s][debug  ][gc,nmethod     ] Register NMethod: io.sirix.page.IndirectPage.delegate (0x00007f77ef330f90) [0x00007f77ef331120, 0x00007f77ef331210] Compiler: c1, Barriers: 1, Oops: 1, ImmediateOops: 0, NonImmediateOops: No
[3,245s][debug  ][gc,director    ] Rule Major: Warmup 10%, Used: 186MB, UsedThreshold: 1536MB
[3,247s][debug  ][gc,nmethod     ] Register NMethod: java.nio.ByteBuffer.flip (0x00007f77cff5c690) [0x00007f77cff5c820, 0x00007f77cff5c998] Compiler: c1, Barriers: 0, Oops: 0, ImmediateOops: 0, NonImmediateOops: No
[3,251s][debug  ][gc,nmethod     ] Register NMethod: com.google.gson.stream.JsonReader.nextBoolean (0x00007f77ef331290) [0x00007f77ef331420, 0x00007f77ef3315e0] Compiler: c2, Barriers: 1, Oops: 1, ImmediateOops: 0, NonImmediateOops: No
[3,254s][debug  ][gc,nmethod     ] Register NMethod: io.sirix.cache.PageContainer.getComplete (0x00007f77ef331710) [0x00007f77ef3318a0, 0x00007f77ef331990] Compiler: c1, Barriers: 1, Oops: 1, ImmediateOops: 0, NonImmediateOops: No
[3,255s][debug  ][gc,director    ] Rule Major: Warmup 10%, Used: 190MB, UsedThreshold: 1536MB
[3,266s][debug  ][gc,director    ] Rule Major: Warmup 10%, Used: 194MB, UsedThreshold: 1536MB
[3,271s][debug  ][gc,nmethod     ] Register NMethod: java.nio.Buffer.position (0x00007f77ef331a10) [0x00007f77ef331ba0, 0x00007f77ef331c88] Compiler: c2, Barriers: 0, Oops: 0, ImmediateOops: 0, NonImmediateOops: No
[3,275s][debug  ][gc,nmethod     ] Register NMethod: io.sirix.node.xml.AbstractStructForwardingNode.getFirstChildKey (0x00007f77ef331d90) [0x00007f77ef331f20, 0x00007f77ef331fd8] Compiler: c2, Barriers: 0, Oops: 1, ImmediateOops: 0, NonImmediateOops: No
[3,276s][debug  ][gc,director    ] Rule Major: Warmup 10%, Used: 198MB, UsedThreshold: 1536MB
[3,276s][debug  ][gc,nmethod     ] Register NMethod: io.sirix.service.json.shredder.JsonShredder.processBoolean (0x00007f77ef332090) [0x00007f77ef332480, 0x00007f77ef334190] Compiler: c2, Barriers: 39, Oops: 6, ImmediateOops: 6, NonImmediateOops: No
[3,277s][debug  ][gc,nmethod     ] Register NMethod: io.sirix.service.json.shredder.JsonShredder.insertNewContent (0x00007f77ef335690) [0x00007f77ef335c60, 0x00007f77ef3388e8] Compiler: c2, Barriers: 54, Oops: 8, ImmediateOops: 17, NonImmediateOops: No
[3,286s][debug  ][gc,director    ] Rule Major: Warmup 10%, Used: 202MB, UsedThreshold: 1536MB
[3,291s][debug  ][gc,nmethod     ] Register NMethod: java.nio.HeapCharBuffer.<init> (0x00007f77cff5ca90) [0x00007f77cff5cc40, 0x00007f77cff5cdd0] Compiler: c1, Barriers: 0, Oops: 0, ImmediateOops: 0, NonImmediateOops: No
[3,295s][debug  ][gc,nmethod     ] Register NMethod: io.sirix.node.json.AbstractBooleanNode.computeHash (0x00007f77ef33a890) [0x00007f77ef33aec0, 0x00007f77ef33e918] Compiler: c2, Barriers: 62, Oops: 2, ImmediateOops: 4, NonImmediateOops: No
[3,296s][debug  ][gc,alloc       ] Mutator Allocation Rate: 128,6MB/s Predicted: 172,1MB/s, Avg: 106,9(+/-21,7)MB/s
[3,296s][debug  ][gc,director    ] Rule Major: Warmup 10%, Used: 208MB, UsedThreshold: 1536MB
[3,299s][debug  ][gc,nmethod     ] Register NMethod: io.sirix.page.RevisionRootPage.getCurrentMaxLevelOfDocumentIndexIndirectPages (0x00007f77ef340990) [0x00007f77ef340b20, 0x00007f77ef340be0] Compiler: c1, Barriers: 0, Oops: 1, ImmediateOops: 0, NonImmediateOops: No
[3,306s][debug  ][gc,director    ] Rule Major: Warmup 10%, Used: 212MB, UsedThreshold: 1536MB
[3,310s][debug  ][gc,nmethod     ] Register NMethod: io.sirix.cache.TransactionIntentLog.get (0x00007f77cff5ce90) [0x00007f77cff5d060, 0x00007f77cff5d3f8] Compiler: c1, Barriers: 1, Oops: 1, ImmediateOops: 0, NonImmediateOops: No
[3,316s][debug  ][gc,director    ] Rule Major: Warmup 10%, Used: 216MB, UsedThreshold: 1536MB
[3,320s][debug  ][gc,nmethod     ] Register NMethod: io.sirix.access.trx.node.json.JsonNodeTrxImpl.adaptNodesAndHashesForInsertAsChild (0x00007f77ef340c90) [0x00007f77ef340f20, 0x00007f77ef341890] Compiler: c2, Barriers: 12, Oops: 3, ImmediateOops: 3, NonImmediateOops: No
[3,321s][debug  ][gc,nmethod     ] Register NMethod: java.nio.HeapCharBuffer.slice (0x00007f77cff5d510) [0x00007f77cff5d6c0, 0x00007f77cff5d988] Compiler: c1, Barriers: 2, Oops: 0, ImmediateOops: 0, NonImmediateOops: No
[3,326s][debug  ][gc,director    ] Rule Major: Warmup 10%, Used: 220MB, UsedThreshold: 1536MB
[3,336s][debug  ][gc,nmethod     ] Register NMethod: io.sirix.utils.IntToObjectMap.put (0x00007f77ef341f90) [0x00007f77ef342160, 0x00007f77ef342590] Compiler: c2, Barriers: 7, Oops: 1, ImmediateOops: 0, NonImmediateOops: No
[3,336s][debug  ][gc,director    ] Rule Major: Warmup 10%, Used: 224MB, UsedThreshold: 1536MB
[3,347s][debug  ][gc,director    ] Rule Major: Warmup 10%, Used: 230MB, UsedThreshold: 1536MB
[3,356s][debug  ][gc,nmethod     ] Register NMethod: io.sirix.node.xml.AbstractStructForwardingNode.hasFirstChild (0x00007f77ef342810) [0x00007f77ef3429a0, 0x00007f77ef342af0] Compiler: c2, Barriers: 2, Oops: 1, ImmediateOops: 1, NonImmediateOops: No
[3,357s][debug  ][gc,director    ] Rule Major: Warmup 10%, Used: 234MB, UsedThreshold: 1536MB
[3,363s][debug  ][gc,nmethod     ] Register NMethod: io.sirix.index.path.summary.PathSummaryWriter.movePathSummary (0x00007f77ef342c10) [0x00007f77ef342ec0, 0x00007f77ef343888] Compiler: c2, Barriers: 16, Oops: 4, ImmediateOops: 4, NonImmediateOops: No
[3,364s][debug  ][gc,nmethod     ] Register NMethod: io.sirix.axis.filter.FilterAxis.<init> (0x00007f77ef343f10) [0x00007f77ef3441e0, 0x00007f77ef345238] Compiler: c2, Barriers: 29, Oops: 1, ImmediateOops: 1, NonImmediateOops: No
[3,367s][debug  ][gc,director    ] Rule Major: Warmup 10%, Used: 238MB, UsedThreshold: 1536MB
[3,371s][debug  ][gc,nmethod     ] Register NMethod: io.sirix.access.trx.node.json.JsonNodeTrxImpl.getPathNodeKey (0x00007f77ef345a90) [0x00007f77ef345c20, 0x00007f77ef345d30] Compiler: c2, Barriers: 0, Oops: 1, ImmediateOops: 0, NonImmediateOops: No
[3,375s][debug  ][gc,nmethod     ] Register NMethod: io.sirix.page.PageReference.setKey (0x00007f77cff5da90) [0x00007f77cff5dc20, 0x00007f77cff5dd30] Compiler: c1, Barriers: 0, Oops: 1, ImmediateOops: 0, NonImmediateOops: No
[3,377s][debug  ][gc,director    ] Rule Major: Warmup 10%, Used: 242MB, UsedThreshold: 1536MB
[3,387s][debug  ][gc,director    ] Rule Major: Warmup 10%, Used: 248MB, UsedThreshold: 1536MB
[3,397s][debug  ][gc,director    ] Rule Major: Warmup 10%, Used: 252MB, UsedThreshold: 1536MB
[3,398s][debug  ][gc,nmethod     ] Register NMethod: io.sirix.access.trx.node.json.JsonNodeTrxImpl.insertStringValueAsFirstChild (0x00007f77ef345e10) [0x00007f77ef346220, 0x00007f77ef347f20] Compiler: c2, Barriers: 38, Oops: 4, ImmediateOops: 13, NonImmediateOops: No
[3,398s][debug  ][gc,nmethod     ] Register NMethod: java.lang.AbstractStringBuilder.appendChars (0x00007f77ef349390) [0x00007f77ef349520, 0x00007f77ef349890] Compiler: c2, Barriers: 1, Oops: 0, ImmediateOops: 0, NonImmediateOops: No
[3,398s][debug  ][gc,nmethod     ] Register NMethod: io.sirix.access.trx.node.json.JsonNodeTrxImpl.getPathNodeKey (0x00007f77ef349a10) [0x00007f77ef34a1a0, 0x00007f77ef34e130] Compiler: c2, Barriers: 107, Oops: 9, ImmediateOops: 17, NonImmediateOops: No
[3,408s][debug  ][gc,director    ] Rule Major: Warmup 10%, Used: 256MB, UsedThreshold: 1536MB
[3,410s][debug  ][gc,nmethod     ] Register NMethod: java.nio.Buffer.discardMark (0x00007f77cff5de10) [0x00007f77cff5dfa0, 0x00007f77cff5e0a8] Compiler: c1, Barriers: 0, Oops: 0, ImmediateOops: 0, NonImmediateOops: No
[3,418s][debug  ][gc,director    ] Rule Major: Warmup 10%, Used: 260MB, UsedThreshold: 1536MB
[3,422s][debug  ][gc,nmethod     ] Register NMethod: java.nio.HeapByteBuffer.compact (0x00007f77cff5e110) [0x00007f77cff5e320, 0x00007f77cff5e950] Compiler: c1, Barriers: 1, Oops: 0, ImmediateOops: 0, NonImmediateOops: No
[3,428s][debug  ][gc,director    ] Rule Major: Warmup 10%, Used: 266MB, UsedThreshold: 1536MB
[3,430s][debug  ][gc,nmethod     ] Register NMethod: java.io.FileInputStream.available0 (0x00007f77ef350890) [0x00007f77ef350a20, 0x00007f77ef350be8] Compiler: , Barriers: 0, Oops: 0, ImmediateOops: 0, NonImmediateOops: No
[3,430s][debug  ][gc,nmethod     ] Register NMethod: java.io.FileInputStream.available (0x00007f77cff5eb10) [0x00007f77cff5ece0, 0x00007f77cff5eee8] Compiler: c1, Barriers: 0, Oops: 0, ImmediateOops: 0, NonImmediateOops: No
[3,438s][debug  ][gc,director    ] Rule Major: Warmup 10%, Used: 270MB, UsedThreshold: 1536MB
[3,442s][debug  ][gc,nmethod     ] Register NMethod: io.sirix.page.PageReference.<init> (0x00007f77cff5f010) [0x00007f77cff5f1e0, 0x00007f77cff5f620] Compiler: c1, Barriers: 6, Oops: 1, ImmediateOops: 1, NonImmediateOops: No
[3,448s][debug  ][gc,director    ] Rule Major: Warmup 10%, Used: 274MB, UsedThreshold: 1536MB
[3,459s][debug  ][gc,director    ] Rule Major: Warmup 10%, Used: 278MB, UsedThreshold: 1536MB
[3,461s][debug  ][gc,nmethod     ] Register NMethod: io.sirix.access.trx.node.AbstractNodeReadOnlyTrx.moveToParent (0x00007f77ef350c10) [0x00007f77ef350da0, 0x00007f77ef350eb8] Compiler: c2, Barriers: 1, Oops: 1, ImmediateOops: 0, NonImmediateOops: No
[3,469s][debug  ][gc,director    ] Rule Major: Warmup 10%, Used: 284MB, UsedThreshold: 1536MB
[3,472s][debug  ][gc,nmethod     ] Register NMethod: io.sirix.access.trx.page.NodePageReadOnlyTrx.getResourceSession (0x00007f77cff5f790) [0x00007f77cff5f940, 0x00007f77cff5fc08] Compiler: c1, Barriers: 1, Oops: 1, ImmediateOops: 1, NonImmediateOops: No
[3,479s][debug  ][gc,director    ] Rule Major: Warmup 10%, Used: 288MB, UsedThreshold: 1536MB
[3,482s][debug  ][gc,nmethod     ] Register NMethod: io.sirix.access.trx.node.json.JsonNodeFactoryImpl.createJsonArrayNode (0x00007f77ef351010) [0x00007f77ef351220, 0x00007f77ef351848] Compiler: c2, Barriers: 13, Oops: 2, ImmediateOops: 3, NonImmediateOops: No
[3,489s][debug  ][gc,nmethod     ] Register NMethod: io.sirix.access.trx.node.json.JsonNodeTrxImpl.insertArrayAsRightSibling (0x00007f77ef351c10) [0x00007f77ef351f00, 0x00007f77ef352b70] Compiler: c2, Barriers: 22, Oops: 2, ImmediateOops: 3, NonImmediateOops: No
[3,489s][debug  ][gc,director    ] Rule Major: Warmup 10%, Used: 292MB, UsedThreshold: 1536MB
[3,493s][debug  ][gc,nmethod     ] Register NMethod: io.sirix.service.json.shredder.JsonShredder.insertArray (0x00007f77ef353710) [0x00007f77ef353aa0, 0x00007f77ef354db0] Compiler: c2, Barriers: 30, Oops: 3, ImmediateOops: 6, NonImmediateOops: No
[3,498s][debug  ][gc,nmethod     ] Register NMethod: io.sirix.page.PageReference.setLogKey (0x00007f77cff5fd10) [0x00007f77cff5fea0, 0x00007f77cff5ffb0] Compiler: c1, Barriers: 0, Oops: 1, ImmediateOops: 0, NonImmediateOops: No
[3,499s][debug  ][gc,director    ] Rule Major: Warmup 10%, Used: 298MB, UsedThreshold: 1536MB
[3,508s][debug  ][gc,nmethod     ] Register NMethod: org.magicwerk.brownies.collections.GapList.add (0x00007f77cff60090) [0x00007f77cff60240, 0x00007f77cff604c8] Compiler: c1, Barriers: 0, Oops: 1, ImmediateOops: 0, NonImmediateOops: No
[3,509s][debug  ][gc,nmethod     ] Register NMethod: org.magicwerk.brownies.collections.GapList.doEnsureCapacity (0x00007f77cff60590) [0x00007f77cff607a0, 0x00007f77cff61108] Compiler: c1, Barriers: 6, Oops: 1, ImmediateOops: 0, NonImmediateOops: No
[3,509s][debug  ][gc,nmethod     ] Register NMethod: org.magicwerk.brownies.collections.IList.checkIndexAdd (0x00007f77cff61310) [0x00007f77cff61580, 0x00007f77cff61ea8] Compiler: c1, Barriers: 0, Oops: 4, ImmediateOops: 3, NonImmediateOops: No
[3,509s][debug  ][gc,nmethod     ] Register NMethod: sun.nio.cs.StreamDecoder.inReady (0x00007f77cff62210) [0x00007f77cff623e0, 0x00007f77cff62808] Compiler: c1, Barriers: 2, Oops: 0, ImmediateOops: 0, NonImmediateOops: No
[3,510s][debug  ][gc,director    ] Rule Major: Warmup 10%, Used: 302MB, UsedThreshold: 1536MB
[3,510s][debug  ][gc,nmethod     ] Register NMethod: org.magicwerk.brownies.collections.GapList.doAdd (0x00007f77cff62910) [0x00007f77cff62d80, 0x00007f77cff64da8] Compiler: c1, Barriers: 13, Oops: 1, ImmediateOops: 0, NonImmediateOops: No
[3,510s][debug  ][gc,nmethod     ] Register NMethod: sun.nio.cs.StreamDecoder.readBytes (0x00007f77cff65610) [0x00007f77cff65980, 0x00007f77cff66be0] Compiler: c1, Barriers: 12, Oops: 0, ImmediateOops: 1, NonImmediateOops: No
[3,517s][debug  ][gc,nmethod     ] Register NMethod: io.sirix.cache.TransactionIntentLog.put (0x00007f77cff67410) [0x00007f77cff675e0, 0x00007f77cff67970] Compiler: c1, Barriers: 4, Oops: 1, ImmediateOops: 0, NonImmediateOops: No
[3,520s][debug  ][gc,director    ] Rule Major: Warmup 10%, Used: 306MB, UsedThreshold: 1536MB
[3,521s][debug  ][gc,nmethod     ] Register NMethod: io.sirix.cache.PageContainer.<init> (0x00007f77cff67b10) [0x00007f77cff67cc0, 0x00007f77cff67f10] Compiler: c1, Barriers: 6, Oops: 1, ImmediateOops: 0, NonImmediateOops: No
[3,523s][debug  ][gc,nmethod     ] Register NMethod: io.sirix.cache.PageContainer.getInstance (0x00007f77cff68010) [0x00007f77cff68200, 0x00007f77cff68720] Compiler: c1, Barriers: 6, Oops: 1, ImmediateOops: 0, NonImmediateOops: No
[3,530s][debug  ][gc,director    ] Rule Major: Warmup 10%, Used: 310MB, UsedThreshold: 1536MB
[3,540s][debug  ][gc,director    ] Rule Major: Warmup 10%, Used: 316MB, UsedThreshold: 1536MB
[3,542s][debug  ][gc,nmethod     ] Register NMethod: io.sirix.access.trx.page.NodePageReadOnlyTrx.getRevisionNumber (0x00007f77cff68910) [0x00007f77cff68ae0, 0x00007f77cff68dc0] Compiler: c1, Barriers: 1, Oops: 1, ImmediateOops: 1, NonImmediateOops: No
[3,549s][debug  ][gc,nmethod     ] Register NMethod: io.sirix.page.IndirectPage.getOrCreateReference (0x00007f77cff68f10) [0x00007f77cff69160, 0x00007f77cff69c00] Compiler: c1, Barriers: 8, Oops: 1, ImmediateOops: 0, NonImmediateOops: No
[3,550s][debug  ][gc,director    ] Rule Major: Warmup 10%, Used: 320MB, UsedThreshold: 1536MB
[3,551s][debug  ][gc,nmethod     ] Register NMethod: io.sirix.page.KeyValueLeafPage.<init> (0x00007f77cff69e10) [0x00007f77cff6a0a0, 0x00007f77cff6ae60] Compiler: c1, Barriers: 24, Oops: 1, ImmediateOops: 2, NonImmediateOops: No
[3,559s][debug  ][gc,nmethod     ] Register NMethod: io.sirix.page.UberPage.getPageCountExp (0x00007f77cff6b210) [0x00007f77cff6b3e0, 0x00007f77cff6b7c0] Compiler: c1, Barriers: 0, Oops: 1, ImmediateOops: 4, NonImmediateOops: No
[3,560s][debug  ][gc,nmethod     ] Register NMethod: io.sirix.access.trx.page.NodePageReadOnlyTrx.getPageReference (0x00007f77cff6b910) [0x00007f77cff6bf40, 0x00007f77cff6f748] Compiler: c1, Barriers: 28, Oops: 1, ImmediateOops: 7, NonImmediateOops: No
[3,561s][debug  ][gc,director    ] Rule Major: Warmup 10%, Used: 324MB, UsedThreshold: 1536MB
[3,561s][debug  ][gc,nmethod     ] Register NMethod: io.sirix.access.trx.page.NodePageReadOnlyTrx.getCurrentMaxIndirectPageTreeLevel (0x00007f77cff70610) [0x00007f77cff70bc0, 0x00007f77cff73918] Compiler: c1, Barriers: 20, Oops: 1, ImmediateOops: 6, NonImmediateOops: No
[3,565s][debug  ][gc,alloc       ] Mutator Allocation Rate: 168,6MB/s Predicted: 210,9MB/s, Avg: 127,5(+/-34,1)MB/s
[3,566s][debug  ][gc,director    ] Rule Major: Warmup 10%, Used: 328MB, UsedThreshold: 1536MB
[3,568s][debug  ][gc,nmethod     ] Register NMethod: java.util.BitSet.set (0x00007f77cff74710) [0x00007f77cff748e0, 0x00007f77cff74ae8] Compiler: c1, Barriers: 0, Oops: 0, ImmediateOops: 0, NonImmediateOops: No
[3,569s][debug  ][gc,nmethod     ] Register NMethod: java.nio.CharBuffer.position (0x00007f77ef355e10) [0x00007f77ef355fa0, 0x00007f77ef356090] Compiler: c2, Barriers: 0, Oops: 0, ImmediateOops: 0, NonImmediateOops: No
[3,574s][debug  ][gc,nmethod     ] Register NMethod: io.sirix.access.trx.page.NodePageReadOnlyTrx.getUberPage (0x00007f77cff74b90) [0x00007f77cff74d40, 0x00007f77cff75008] Compiler: c1, Barriers: 1, Oops: 1, ImmediateOops: 1, NonImmediateOops: No
[3,574s][debug  ][gc,nmethod     ] Register NMethod: io.sirix.access.trx.page.NodePageTrx$1.removeEldestEntry (0x00007f77cff75110) [0x00007f77cff752a0, 0x00007f77cff75490] Compiler: c1, Barriers: 0, Oops: 1, ImmediateOops: 0, NonImmediateOops: No
[3,576s][debug  ][gc,director    ] Rule Major: Warmup 10%, Used: 332MB, UsedThreshold: 1536MB
[3,576s][debug  ][gc,nmethod     ] Register NMethod: io.sirix.access.trx.page.AbstractForwardingPageReadOnlyTrx.getUberPage (0x00007f77cff75510) [0x00007f77cff756e0, 0x00007f77cff75a60] Compiler: c1, Barriers: 2, Oops: 1, ImmediateOops: 1, NonImmediateOops: No
[3,578s][debug  ][gc,nmethod     ] Register NMethod: io.sirix.access.trx.page.NodePageTrx.appendLogRecord (0x00007f77cff75c10) [0x00007f77cff75de0, 0x00007f77cff760c0] Compiler: c1, Barriers: 1, Oops: 1, ImmediateOops: 0, NonImmediateOops: No
[3,579s][debug  ][gc,nmethod     ] Register NMethod: io.sirix.access.trx.page.TreeModifierImpl.prepareIndirectPage (0x00007f77cff76210) [0x00007f77cff764e0, 0x00007f77cff77490] Compiler: c1, Barriers: 11, Oops: 1, ImmediateOops: 0, NonImmediateOops: No
[3,579s][debug  ][gc,nmethod     ] Register NMethod: io.sirix.access.trx.page.TreeModifierImpl.prepareLeafOfTree (0x00007f77cff77990) [0x00007f77cff77cc0, 0x00007f77cff78f40] Compiler: c1, Barriers: 15, Oops: 1, ImmediateOops: 1, NonImmediateOops: No
[3,579s][debug  ][gc,nmethod     ] Register NMethod: io.sirix.access.trx.page.NodePageTrx.lambda$prepareRecordPage$3 (0x00007f77cff79790) [0x00007f77cff79ae0, 0x00007f77cff7adf0] Compiler: c1, Barriers: 11, Oops: 1, ImmediateOops: 3, NonImmediateOops: No
[3,584s][debug  ][gc,nmethod     ] Register NMethod: io.sirix.node.json.ArrayNode.computeHash (0x00007f77ef356190) [0x00007f77ef356760, 0x00007f77ef359c80] Compiler: c2, Barriers: 57, Oops: 2, ImmediateOops: 4, NonImmediateOops: No
[3,584s][debug  ][gc,reloc       ] Synchronize all workers 1 _nworkers: 0 _nsynchronized: 0
[3,584s][debug  ][gc,reloc       ] Synchronize all workers 1 _nworkers: 0 _nsynchronized: 0
[3,584s][debug  ][gc,reloc       ] Desynchronize all workers _nworkers: 0 _nsynchronized: 0
[3,584s][debug  ][gc,reloc       ] Desynchronize all workers _nworkers: 0 _nsynchronized: 0
[3,586s][debug  ][gc,director    ] Rule Major: Warmup 10%, Used: 336MB, UsedThreshold: 1536MB
[3,592s][debug  ][gc,nmethod     ] Register NMethod: io.sirix.page.delegates.BitmapReferencesPage.createNewReference (0x00007f77cff7b510) [0x00007f77cff7b760, 0x00007f77cff7bfb8] Compiler: c1, Barriers: 9, Oops: 1, ImmediateOops: 1, NonImmediateOops: No
[3,596s][debug  ][gc,director    ] Rule Major: Warmup 10%, Used: 340MB, UsedThreshold: 1536MB
[3,606s][debug  ][gc,director    ] Rule Major: Warmup 10%, Used: 346MB, UsedThreshold: 1536MB
[3,616s][debug  ][gc,director    ] Rule Major: Warmup 10%, Used: 350MB, UsedThreshold: 1536MB
[3,627s][debug  ][gc,director    ] Rule Major: Warmup 10%, Used: 354MB, UsedThreshold: 1536MB
[3,637s][debug  ][gc,director    ] Rule Major: Warmup 10%, Used: 360MB, UsedThreshold: 1536MB
[3,647s][debug  ][gc,director    ] Rule Major: Warmup 10%, Used: 364MB, UsedThreshold: 1536MB
[3,652s][debug  ][gc,nmethod     ] Register NMethod: java.util.BitSet.recalculateWordsInUse (0x00007f77ef35ba90) [0x00007f77ef35bc20, 0x00007f77ef35bd68] Compiler: c2, Barriers: 1, Oops: 0, ImmediateOops: 0, NonImmediateOops: No
[3,657s][debug  ][gc,director    ] Rule Major: Warmup 10%, Used: 370MB, UsedThreshold: 1536MB
[3,668s][debug  ][gc,director    ] Rule Major: Warmup 10%, Used: 374MB, UsedThreshold: 1536MB
[3,678s][debug  ][gc,director    ] Rule Major: Warmup 10%, Used: 378MB, UsedThreshold: 1536MB
[3,688s][debug  ][gc,director    ] Rule Major: Warmup 10%, Used: 384MB, UsedThreshold: 1536MB
[3,698s][debug  ][gc,director    ] Rule Major: Warmup 10%, Used: 388MB, UsedThreshold: 1536MB
[3,708s][debug  ][gc,director    ] Rule Major: Warmup 10%, Used: 392MB, UsedThreshold: 1536MB
[3,719s][debug  ][gc,director    ] Rule Major: Warmup 10%, Used: 398MB, UsedThreshold: 1536MB
[3,729s][debug  ][gc,director    ] Rule Major: Warmup 10%, Used: 402MB, UsedThreshold: 1536MB
[3,739s][debug  ][gc,director    ] Rule Major: Warmup 10%, Used: 406MB, UsedThreshold: 1536MB
[3,749s][debug  ][gc,director    ] Rule Major: Warmup 10%, Used: 412MB, UsedThreshold: 1536MB
[3,760s][debug  ][gc,director    ] Rule Major: Warmup 10%, Used: 416MB, UsedThreshold: 1536MB
[3,770s][debug  ][gc,director    ] Rule Major: Warmup 10%, Used: 422MB, UsedThreshold: 1536MB
[3,780s][debug  ][gc,director    ] Rule Major: Warmup 10%, Used: 426MB, UsedThreshold: 1536MB
[3,790s][debug  ][gc,director    ] Rule Major: Warmup 10%, Used: 430MB, UsedThreshold: 1536MB
[3,800s][debug  ][gc,director    ] Rule Major: Warmup 10%, Used: 436MB, UsedThreshold: 1536MB
[3,811s][debug  ][gc,director    ] Rule Major: Warmup 10%, Used: 440MB, UsedThreshold: 1536MB
[3,821s][debug  ][gc,director    ] Rule Major: Warmup 10%, Used: 446MB, UsedThreshold: 1536MB
[3,825s][debug  ][gc,alloc       ] Mutator Allocation Rate: 200,4MB/s Predicted: 242,1MB/s, Avg: 145,7(+/-43,2)MB/s
[3,825s][debug  ][gc,director    ] Rule Major: Warmup 10%, Used: 448MB, UsedThreshold: 1536MB
[3,835s][debug  ][gc,director    ] Rule Major: Warmup 10%, Used: 452MB, UsedThreshold: 1536MB
[3,841s][debug  ][gc,nmethod     ] Register NMethod: io.sirix.page.KeyValueLeafPage.<init> (0x00007f77cff7c290) [0x00007f77cff7c500, 0x00007f77cff7d090] Compiler: c1, Barriers: 31, Oops: 1, ImmediateOops: 0, NonImmediateOops: No
[3,845s][debug  ][gc,director    ] Rule Major: Warmup 10%, Used: 456MB, UsedThreshold: 1536MB
[3,856s][debug  ][gc,director    ] Rule Major: Warmup 10%, Used: 462MB, UsedThreshold: 1536MB
[3,866s][debug  ][gc,director    ] Rule Major: Warmup 10%, Used: 466MB, UsedThreshold: 1536MB
[3,867s][debug  ][gc,nmethod     ] Register NMethod: java.nio.Buffer.<init> (0x00007f77ef35be10) [0x00007f77ef35bfc0, 0x00007f77ef35c2b8] Compiler: c2, Barriers: 3, Oops: 0, ImmediateOops: 0, NonImmediateOops: No
[3,876s][debug  ][gc,director    ] Rule Major: Warmup 10%, Used: 470MB, UsedThreshold: 1536MB
[3,886s][debug  ][gc,director    ] Rule Major: Warmup 10%, Used: 476MB, UsedThreshold: 1536MB
[3,897s][debug  ][gc,director    ] Rule Major: Warmup 10%, Used: 480MB, UsedThreshold: 1536MB
[3,899s][debug  ][gc,nmethod     ] Register NMethod: java.nio.ByteBuffer.position (0x00007f77ef35c510) [0x00007f77ef35c6a0, 0x00007f77ef35c790] Compiler: c2, Barriers: 0, Oops: 0, ImmediateOops: 0, NonImmediateOops: No
[3,906s][debug  ][gc,nmethod     ] Register NMethod: java.nio.CharBuffer.<init> (0x00007f77ef35c890) [0x00007f77ef35ca40, 0x00007f77ef35cde0] Compiler: c2, Barriers: 6, Oops: 0, ImmediateOops: 0, NonImmediateOops: No
[3,907s][debug  ][gc,director    ] Rule Major: Warmup 10%, Used: 486MB, UsedThreshold: 1536MB
[3,917s][debug  ][gc,director    ] Rule Major: Warmup 10%, Used: 490MB, UsedThreshold: 1536MB
[3,927s][debug  ][gc,director    ] Rule Major: Warmup 10%, Used: 494MB, UsedThreshold: 1536MB
[3,937s][debug  ][gc,director    ] Rule Major: Warmup 10%, Used: 500MB, UsedThreshold: 1536MB
[3,943s][debug  ][gc,nmethod     ] Register NMethod: java.nio.ByteBuffer.position (0x00007f77ef35d010) [0x00007f77ef35d1a0, 0x00007f77ef35d2a8] Compiler: c2, Barriers: 0, Oops: 0, ImmediateOops: 0, NonImmediateOops: No
[3,948s][debug  ][gc,director    ] Rule Major: Warmup 10%, Used: 504MB, UsedThreshold: 1536MB
[3,958s][debug  ][gc,director    ] Rule Major: Warmup 10%, Used: 508MB, UsedThreshold: 1536MB
[3,968s][debug  ][gc,director    ] Rule Major: Warmup 10%, Used: 514MB, UsedThreshold: 1536MB
[3,978s][debug  ][gc,director    ] Rule Major: Warmup 10%, Used: 518MB, UsedThreshold: 1536MB
[3,988s][debug  ][gc,director    ] Rule Major: Warmup 10%, Used: 524MB, UsedThreshold: 1536MB
[3,999s][debug  ][gc,director    ] Rule Major: Warmup 10%, Used: 528MB, UsedThreshold: 1536MB
[4,009s][debug  ][gc,director    ] Rule Major: Warmup 10%, Used: 532MB, UsedThreshold: 1536MB
[4,011s][debug  ][gc,nmethod     ] Register NMethod: java.nio.charset.CharsetDecoder.decode (0x00007f77ef35d390) [0x00007f77ef35d560, 0x00007f77ef35d888] Compiler: c2, Barriers: 2, Oops: 0, ImmediateOops: 0, NonImmediateOops: No
[4,019s][debug  ][gc,director    ] Rule Major: Warmup 10%, Used: 538MB, UsedThreshold: 1536MB
[4,029s][debug  ][gc,director    ] Rule Major: Warmup 10%, Used: 542MB, UsedThreshold: 1536MB
[4,039s][debug  ][gc,director    ] Rule Major: Warmup 10%, Used: 548MB, UsedThreshold: 1536MB
[4,047s][debug  ][gc,nmethod     ] Register NMethod: java.lang.AbstractStringBuilder.append (0x00007f77ef35db90) [0x00007f77ef35dd60, 0x00007f77ef35e760] Compiler: c2, Barriers: 5, Oops: 1, ImmediateOops: 0, NonImmediateOops: No
[4,050s][debug  ][gc,director    ] Rule Major: Warmup 10%, Used: 552MB, UsedThreshold: 1536MB
[4,060s][debug  ][gc,director    ] Rule Major: Warmup 10%, Used: 556MB, UsedThreshold: 1536MB
[4,070s][debug  ][gc,director    ] Rule Major: Warmup 10%, Used: 562MB, UsedThreshold: 1536MB
[4,080s][debug  ][gc,director    ] Rule Major: Warmup 10%, Used: 566MB, UsedThreshold: 1536MB
[4,082s][debug  ][gc,alloc       ] Mutator Allocation Rate: 226,3MB/s Predicted: 268,0MB/s, Avg: 161,8(+/-50,3)MB/s
[4,082s][debug  ][gc,director    ] Rule Major: Warmup 10%, Used: 568MB, UsedThreshold: 1536MB
[4,092s][debug  ][gc,director    ] Rule Major: Warmup 10%, Used: 572MB, UsedThreshold: 1536MB
[4,099s][debug  ][gc,nmethod     ] Register NMethod: java.nio.CharBuffer.wrap (0x00007f77ef35ec10) [0x00007f77ef35edc0, 0x00007f77ef35f050] Compiler: c2, Barriers: 2, Oops: 0, ImmediateOops: 0, NonImmediateOops: No
[4,102s][debug  ][gc,director    ] Rule Major: Warmup 10%, Used: 576MB, UsedThreshold: 1536MB
[4,104s][debug  ][gc,nmethod     ] Register NMethod: com.google.gson.stream.JsonReader.fillBuffer (0x00007f77ef35f310) [0x00007f77ef35f640, 0x00007f77ef360ba0] Compiler: c2, Barriers: 25, Oops: 1, ImmediateOops: 0, NonImmediateOops: No
[4,113s][debug  ][gc,director    ] Rule Major: Warmup 10%, Used: 582MB, UsedThreshold: 1536MB
[4,123s][debug  ][gc,director    ] Rule Major: Warmup 10%, Used: 586MB, UsedThreshold: 1536MB
[4,133s][debug  ][gc,director    ] Rule Major: Warmup 10%, Used: 590MB, UsedThreshold: 1536MB
[4,143s][debug  ][gc,director    ] Rule Major: Warmup 10%, Used: 596MB, UsedThreshold: 1536MB
[4,153s][debug  ][gc,director    ] Rule Major: Warmup 10%, Used: 600MB, UsedThreshold: 1536MB
[4,164s][debug  ][gc,director    ] Rule Major: Warmup 10%, Used: 606MB, UsedThreshold: 1536MB
[4,174s][debug  ][gc,director    ] Rule Major: Warmup 10%, Used: 610MB, UsedThreshold: 1536MB
[4,184s][debug  ][gc,director    ] Rule Major: Warmup 10%, Used: 614MB, UsedThreshold: 1536MB
[4,192s][debug  ][gc,nmethod     ] Register NMethod: java.lang.System$2.decodeASCII (0x00007f77ef361b10) [0x00007f77ef361ca0, 0x00007f77ef361fa0] Compiler: c2, Barriers: 0, Oops: 0, ImmediateOops: 0, NonImmediateOops: No
[4,193s][debug  ][gc,nmethod     ] Register NMethod: java.lang.String.decodeASCII (0x00007f77ef362110) [0x00007f77ef3622a0, 0x00007f77ef362598] Compiler: c2, Barriers: 0, Oops: 0, ImmediateOops: 0, NonImmediateOops: No
[4,194s][debug  ][gc,director    ] Rule Major: Warmup 10%, Used: 620MB, UsedThreshold: 1536MB
[4,197s][debug  ][gc,nmethod     ] Register NMethod: sun.nio.cs.UTF_8$Decoder.decodeArrayLoop (0x00007f77ef362690) [0x00007f77ef3628a0, 0x00007f77ef3632d8] Compiler: c2, Barriers: 2, Oops: 0, ImmediateOops: 2, NonImmediateOops: No
[4,204s][debug  ][gc,director    ] Rule Major: Warmup 10%, Used: 624MB, UsedThreshold: 1536MB
[4,215s][debug  ][gc,director    ] Rule Major: Warmup 10%, Used: 630MB, UsedThreshold: 1536MB
[4,225s][debug  ][gc,director    ] Rule Major: Warmup 10%, Used: 634MB, UsedThreshold: 1536MB
[4,235s][debug  ][gc,director    ] Rule Major: Warmup 10%, Used: 638MB, UsedThreshold: 1536MB
[4,245s][debug  ][gc,director    ] Rule Major: Warmup 10%, Used: 644MB, UsedThreshold: 1536MB
[4,256s][debug  ][gc,director    ] Rule Major: Warmup 10%, Used: 648MB, UsedThreshold: 1536MB
[4,266s][debug  ][gc,director    ] Rule Major: Warmup 10%, Used: 654MB, UsedThreshold: 1536MB
[4,276s][debug  ][gc,director    ] Rule Major: Warmup 10%, Used: 658MB, UsedThreshold: 1536MB
[4,286s][debug  ][gc,director    ] Rule Major: Warmup 10%, Used: 662MB, UsedThreshold: 1536MB
[4,296s][debug  ][gc,director    ] Rule Major: Warmup 10%, Used: 668MB, UsedThreshold: 1536MB
[4,306s][debug  ][gc,director    ] Rule Major: Warmup 10%, Used: 672MB, UsedThreshold: 1536MB
[4,317s][debug  ][gc,director    ] Rule Major: Warmup 10%, Used: 678MB, UsedThreshold: 1536MB
[4,327s][debug  ][gc,director    ] Rule Major: Warmup 10%, Used: 682MB, UsedThreshold: 1536MB
[4,337s][debug  ][gc,director    ] Rule Major: Warmup 10%, Used: 686MB, UsedThreshold: 1536MB
[4,338s][debug  ][gc,alloc       ] Mutator Allocation Rate: 247,6MB/s Predicted: 289,8MB/s, Avg: 176,1(+/-56,0)MB/s
[4,338s][debug  ][gc,director    ] Rule Major: Warmup 10%, Used: 688MB, UsedThreshold: 1536MB
[4,348s][debug  ][gc,director    ] Rule Major: Warmup 10%, Used: 692MB, UsedThreshold: 1536MB
[4,358s][debug  ][gc,director    ] Rule Major: Warmup 10%, Used: 696MB, UsedThreshold: 1536MB
[4,368s][debug  ][gc,director    ] Rule Major: Warmup 10%, Used: 702MB, UsedThreshold: 1536MB
[4,379s][debug  ][gc,director    ] Rule Major: Warmup 10%, Used: 706MB, UsedThreshold: 1536MB
[4,389s][debug  ][gc,director    ] Rule Major: Warmup 10%, Used: 710MB, UsedThreshold: 1536MB
[4,399s][debug  ][gc,director    ] Rule Major: Warmup 10%, Used: 716MB, UsedThreshold: 1536MB
[4,409s][debug  ][gc,director    ] Rule Major: Warmup 10%, Used: 720MB, UsedThreshold: 1536MB
[4,419s][debug  ][gc,director    ] Rule Major: Warmup 10%, Used: 726MB, UsedThreshold: 1536MB
[4,430s][debug  ][gc,director    ] Rule Major: Warmup 10%, Used: 730MB, UsedThreshold: 1536MB
[4,440s][debug  ][gc,director    ] Rule Major: Warmup 10%, Used: 736MB, UsedThreshold: 1536MB
[4,450s][debug  ][gc,director    ] Rule Major: Warmup 10%, Used: 740MB, UsedThreshold: 1536MB
[4,460s][debug  ][gc,director    ] Rule Major: Warmup 10%, Used: 744MB, UsedThreshold: 1536MB
[4,470s][debug  ][gc,director    ] Rule Major: Warmup 10%, Used: 750MB, UsedThreshold: 1536MB
[4,480s][debug  ][gc,director    ] Rule Major: Warmup 10%, Used: 754MB, UsedThreshold: 1536MB
[4,491s][debug  ][gc,director    ] Rule Major: Warmup 10%, Used: 760MB, UsedThreshold: 1536MB
[4,501s][debug  ][gc,director    ] Rule Major: Warmup 10%, Used: 764MB, UsedThreshold: 1536MB
[4,511s][debug  ][gc,director    ] Rule Major: Warmup 10%, Used: 768MB, UsedThreshold: 1536MB
[4,521s][debug  ][gc,director    ] Rule Major: Warmup 10%, Used: 774MB, UsedThreshold: 1536MB
[4,521s][debug  ][gc,director    ] Rule Minor: High Usage, Free: 14544MB(94,7%)
[4,531s][debug  ][gc,director    ] Rule Major: Warmup 10%, Used: 778MB, UsedThreshold: 1536MB
[4,531s][debug  ][gc,director    ] Rule Minor: High Usage, Free: 14540MB(94,7%)
[4,542s][debug  ][gc,director    ] Rule Major: Warmup 10%, Used: 784MB, UsedThreshold: 1536MB
[4,542s][debug  ][gc,director    ] Rule Minor: High Usage, Free: 14534MB(94,6%)
[4,552s][debug  ][gc,director    ] Rule Major: Warmup 10%, Used: 788MB, UsedThreshold: 1536MB
[4,552s][debug  ][gc,director    ] Rule Minor: High Usage, Free: 14530MB(94,6%)
[4,562s][debug  ][gc,director    ] Rule Major: Warmup 10%, Used: 792MB, UsedThreshold: 1536MB
[4,562s][debug  ][gc,director    ] Rule Minor: High Usage, Free: 14526MB(94,6%)
[4,572s][debug  ][gc,director    ] Rule Major: Warmup 10%, Used: 798MB, UsedThreshold: 1536MB
[4,572s][debug  ][gc,director    ] Rule Minor: High Usage, Free: 14520MB(94,5%)
[4,578s][debug  ][gc,nmethod     ] Register NMethod: java.util.BitSet.cardinality (0x00007f77ef363a90) [0x00007f77ef363c20, 0x00007f77ef363dc0] Compiler: c2, Barriers: 1, Oops: 0, ImmediateOops: 0, NonImmediateOops: No
[4,583s][debug  ][gc,director    ] Rule Major: Warmup 10%, Used: 802MB, UsedThreshold: 1536MB
[4,583s][debug  ][gc,director    ] Rule Minor: High Usage, Free: 14516MB(94,5%)
[4,585s][debug  ][gc,reloc       ] Synchronize all workers 1 _nworkers: 0 _nsynchronized: 0
[4,585s][debug  ][gc,reloc       ] Synchronize all workers 1 _nworkers: 0 _nsynchronized: 0
[4,585s][debug  ][gc,reloc       ] Desynchronize all workers _nworkers: 0 _nsynchronized: 0
[4,585s][debug  ][gc,reloc       ] Desynchronize all workers _nworkers: 0 _nsynchronized: 0
[4,593s][debug  ][gc,alloc       ] Mutator Allocation Rate: 265,6MB/s Predicted: 308,5MB/s, Avg: 188,9(+/-60,5)MB/s
[4,593s][debug  ][gc,director    ] Rule Major: Warmup 10%, Used: 808MB, UsedThreshold: 1536MB
[4,593s][debug  ][gc,director    ] Rule Minor: High Usage, Free: 14510MB(94,5%)
[4,603s][debug  ][gc,director    ] Rule Major: Warmup 10%, Used: 812MB, UsedThreshold: 1536MB
[4,603s][debug  ][gc,director    ] Rule Minor: High Usage, Free: 14506MB(94,4%)
[4,613s][debug  ][gc,director    ] Rule Major: Warmup 10%, Used: 816MB, UsedThreshold: 1536MB
[4,613s][debug  ][gc,director    ] Rule Minor: High Usage, Free: 14502MB(94,4%)
[4,623s][debug  ][gc,director    ] Rule Major: Warmup 10%, Used: 822MB, UsedThreshold: 1536MB
[4,623s][debug  ][gc,director    ] Rule Minor: High Usage, Free: 14496MB(94,4%)
[4,634s][debug  ][gc,director    ] Rule Major: Warmup 10%, Used: 826MB, UsedThreshold: 1536MB
[4,634s][debug  ][gc,director    ] Rule Minor: High Usage, Free: 14492MB(94,3%)
[4,644s][debug  ][gc,director    ] Rule Major: Warmup 10%, Used: 832MB, UsedThreshold: 1536MB
[4,644s][debug  ][gc,director    ] Rule Minor: High Usage, Free: 14486MB(94,3%)
[4,654s][debug  ][gc,director    ] Rule Major: Warmup 10%, Used: 836MB, UsedThreshold: 1536MB
[4,654s][debug  ][gc,director    ] Rule Minor: High Usage, Free: 14482MB(94,3%)
[4,664s][debug  ][gc,director    ] Rule Major: Warmup 10%, Used: 840MB, UsedThreshold: 1536MB
[4,664s][debug  ][gc,director    ] Rule Minor: High Usage, Free: 14478MB(94,3%)
[4,675s][debug  ][gc,director    ] Rule Major: Warmup 10%, Used: 846MB, UsedThreshold: 1536MB
[4,675s][debug  ][gc,director    ] Rule Minor: High Usage, Free: 14472MB(94,2%)
[4,685s][debug  ][gc,director    ] Rule Major: Warmup 10%, Used: 850MB, UsedThreshold: 1536MB
[4,685s][debug  ][gc,director    ] Rule Minor: High Usage, Free: 14468MB(94,2%)
[4,695s][debug  ][gc,director    ] Rule Major: Warmup 10%, Used: 856MB, UsedThreshold: 1536MB
[4,695s][debug  ][gc,director    ] Rule Minor: High Usage, Free: 14462MB(94,2%)
[4,705s][debug  ][gc,director    ] Rule Major: Warmup 10%, Used: 860MB, UsedThreshold: 1536MB
[4,705s][debug  ][gc,director    ] Rule Minor: High Usage, Free: 14458MB(94,1%)
[4,716s][debug  ][gc,director    ] Rule Major: Warmup 10%, Used: 864MB, UsedThreshold: 1536MB
[4,716s][debug  ][gc,director    ] Rule Minor: High Usage, Free: 14454MB(94,1%)
[4,726s][debug  ][gc,director    ] Rule Major: Warmup 10%, Used: 870MB, UsedThreshold: 1536MB
[4,726s][debug  ][gc,director    ] Rule Minor: High Usage, Free: 14448MB(94,1%)
[4,736s][debug  ][gc,director    ] Rule Major: Warmup 10%, Used: 874MB, UsedThreshold: 1536MB
[4,736s][debug  ][gc,director    ] Rule Minor: High Usage, Free: 14444MB(94,0%)
[4,746s][debug  ][gc,director    ] Rule Major: Warmup 10%, Used: 878MB, UsedThreshold: 1536MB
[4,746s][debug  ][gc,director    ] Rule Minor: High Usage, Free: 14440MB(94,0%)
[4,756s][debug  ][gc,director    ] Rule Major: Warmup 10%, Used: 884MB, UsedThreshold: 1536MB
[4,756s][debug  ][gc,director    ] Rule Minor: High Usage, Free: 14434MB(94,0%)
[4,766s][debug  ][gc,director    ] Rule Major: Warmup 10%, Used: 888MB, UsedThreshold: 1536MB
[4,766s][debug  ][gc,director    ] Rule Minor: High Usage, Free: 14430MB(93,9%)
[4,777s][debug  ][gc,director    ] Rule Major: Warmup 10%, Used: 894MB, UsedThreshold: 1536MB
[4,777s][debug  ][gc,director    ] Rule Minor: High Usage, Free: 14424MB(93,9%)
[4,787s][debug  ][gc,director    ] Rule Major: Warmup 10%, Used: 898MB, UsedThreshold: 1536MB
[4,787s][debug  ][gc,director    ] Rule Minor: High Usage, Free: 14420MB(93,9%)
[4,797s][debug  ][gc,director    ] Rule Major: Warmup 10%, Used: 902MB, UsedThreshold: 1536MB
[4,797s][debug  ][gc,director    ] Rule Minor: High Usage, Free: 14416MB(93,9%)
[4,807s][debug  ][gc,director    ] Rule Major: Warmup 10%, Used: 908MB, UsedThreshold: 1536MB
[4,807s][debug  ][gc,director    ] Rule Minor: High Usage, Free: 14410MB(93,8%)
[4,818s][debug  ][gc,director    ] Rule Major: Warmup 10%, Used: 912MB, UsedThreshold: 1536MB
[4,818s][debug  ][gc,director    ] Rule Minor: High Usage, Free: 14406MB(93,8%)
[4,828s][debug  ][gc,director    ] Rule Major: Warmup 10%, Used: 918MB, UsedThreshold: 1536MB
[4,828s][debug  ][gc,director    ] Rule Minor: High Usage, Free: 14400MB(93,8%)
[4,838s][debug  ][gc,director    ] Rule Major: Warmup 10%, Used: 922MB, UsedThreshold: 1536MB
[4,838s][debug  ][gc,director    ] Rule Minor: High Usage, Free: 14396MB(93,7%)
[4,848s][debug  ][gc,director    ] Rule Major: Warmup 10%, Used: 926MB, UsedThreshold: 1536MB
[4,848s][debug  ][gc,director    ] Rule Minor: High Usage, Free: 14392MB(93,7%)
[4,849s][debug  ][gc,alloc       ] Mutator Allocation Rate: 280,8MB/s Predicted: 324,5MB/s, Avg: 200,4(+/-64,3)MB/s
[4,849s][debug  ][gc,director    ] Rule Major: Warmup 10%, Used: 928MB, UsedThreshold: 1536MB
[4,849s][debug  ][gc,director    ] Rule Minor: High Usage, Free: 14390MB(93,7%)
[4,859s][debug  ][gc,director    ] Rule Major: Warmup 10%, Used: 932MB, UsedThreshold: 1536MB
[4,859s][debug  ][gc,director    ] Rule Minor: High Usage, Free: 14386MB(93,7%)
[4,870s][debug  ][gc,director    ] Rule Major: Warmup 10%, Used: 936MB, UsedThreshold: 1536MB
[4,870s][debug  ][gc,director    ] Rule Minor: High Usage, Free: 14382MB(93,6%)
[4,880s][debug  ][gc,director    ] Rule Major: Warmup 10%, Used: 942MB, UsedThreshold: 1536MB
[4,880s][debug  ][gc,director    ] Rule Minor: High Usage, Free: 14376MB(93,6%)
[4,890s][debug  ][gc,director    ] Rule Major: Warmup 10%, Used: 946MB, UsedThreshold: 1536MB
[4,890s][debug  ][gc,director    ] Rule Minor: High Usage, Free: 14372MB(93,6%)
[4,900s][debug  ][gc,director    ] Rule Major: Warmup 10%, Used: 952MB, UsedThreshold: 1536MB
[4,900s][debug  ][gc,director    ] Rule Minor: High Usage, Free: 14366MB(93,5%)
[4,911s][debug  ][gc,director    ] Rule Major: Warmup 10%, Used: 956MB, UsedThreshold: 1536MB
[4,911s][debug  ][gc,director    ] Rule Minor: High Usage, Free: 14362MB(93,5%)
[4,921s][debug  ][gc,director    ] Rule Major: Warmup 10%, Used: 960MB, UsedThreshold: 1536MB
[4,921s][debug  ][gc,director    ] Rule Minor: High Usage, Free: 14358MB(93,5%)
[4,931s][debug  ][gc,director    ] Rule Major: Warmup 10%, Used: 966MB, UsedThreshold: 1536MB
[4,931s][debug  ][gc,director    ] Rule Minor: High Usage, Free: 14352MB(93,4%)
[4,941s][debug  ][gc,director    ] Rule Major: Warmup 10%, Used: 970MB, UsedThreshold: 1536MB
[4,941s][debug  ][gc,director    ] Rule Minor: High Usage, Free: 14348MB(93,4%)
[4,952s][debug  ][gc,director    ] Rule Major: Warmup 10%, Used: 976MB, UsedThreshold: 1536MB
[4,952s][debug  ][gc,director    ] Rule Minor: High Usage, Free: 14342MB(93,4%)
[4,962s][debug  ][gc,director    ] Rule Major: Warmup 10%, Used: 980MB, UsedThreshold: 1536MB
[4,962s][debug  ][gc,director    ] Rule Minor: High Usage, Free: 14338MB(93,3%)
[4,972s][debug  ][gc,director    ] Rule Major: Warmup 10%, Used: 984MB, UsedThreshold: 1536MB
[4,972s][debug  ][gc,director    ] Rule Minor: High Usage, Free: 14334MB(93,3%)
[4,982s][debug  ][gc,director    ] Rule Major: Warmup 10%, Used: 990MB, UsedThreshold: 1536MB
[4,982s][debug  ][gc,director    ] Rule Minor: High Usage, Free: 14328MB(93,3%)
[4,992s][debug  ][gc,director    ] Rule Major: Warmup 10%, Used: 994MB, UsedThreshold: 1536MB
[4,992s][debug  ][gc,director    ] Rule Minor: High Usage, Free: 14324MB(93,3%)
[5,003s][debug  ][gc,director    ] Rule Major: Warmup 10%, Used: 998MB, UsedThreshold: 1536MB
[5,003s][debug  ][gc,director    ] Rule Minor: High Usage, Free: 14320MB(93,2%)
[5,013s][debug  ][gc,director    ] Rule Major: Warmup 10%, Used: 1004MB, UsedThreshold: 1536MB
[5,013s][debug  ][gc,director    ] Rule Minor: High Usage, Free: 14314MB(93,2%)
[5,023s][debug  ][gc,director    ] Rule Major: Warmup 10%, Used: 1008MB, UsedThreshold: 1536MB
[5,023s][debug  ][gc,director    ] Rule Minor: High Usage, Free: 14310MB(93,2%)
[5,033s][debug  ][gc,director    ] Rule Major: Warmup 10%, Used: 1014MB, UsedThreshold: 1536MB
[5,033s][debug  ][gc,director    ] Rule Minor: High Usage, Free: 14304MB(93,1%)
[5,044s][debug  ][gc,director    ] Rule Major: Warmup 10%, Used: 1018MB, UsedThreshold: 1536MB
[5,044s][debug  ][gc,director    ] Rule Minor: High Usage, Free: 14300MB(93,1%)
[5,054s][debug  ][gc,director    ] Rule Major: Warmup 10%, Used: 1022MB, UsedThreshold: 1536MB
[5,054s][debug  ][gc,director    ] Rule Minor: High Usage, Free: 14296MB(93,1%)
[5,064s][debug  ][gc,director    ] Rule Major: Warmup 10%, Used: 1028MB, UsedThreshold: 1536MB
[5,064s][debug  ][gc,director    ] Rule Minor: High Usage, Free: 14290MB(93,0%)
[5,074s][debug  ][gc,director    ] Rule Major: Warmup 10%, Used: 1032MB, UsedThreshold: 1536MB
[5,074s][debug  ][gc,director    ] Rule Minor: High Usage, Free: 14286MB(93,0%)
[5,084s][debug  ][gc,director    ] Rule Major: Warmup 10%, Used: 1038MB, UsedThreshold: 1536MB
[5,084s][debug  ][gc,director    ] Rule Minor: High Usage, Free: 14280MB(93,0%)
[5,095s][debug  ][gc,director    ] Rule Major: Warmup 10%, Used: 1042MB, UsedThreshold: 1536MB
[5,095s][debug  ][gc,director    ] Rule Minor: High Usage, Free: 14276MB(92,9%)
[5,105s][debug  ][gc,director    ] Rule Major: Warmup 10%, Used: 1046MB, UsedThreshold: 1536MB
[5,105s][debug  ][gc,director    ] Rule Minor: High Usage, Free: 14272MB(92,9%)
[5,105s][debug  ][gc,alloc       ] Mutator Allocation Rate: 293,9MB/s Predicted: 338,5MB/s, Avg: 210,8(+/-67,3)MB/s
[5,105s][debug  ][gc,director    ] Rule Major: Warmup 10%, Used: 1048MB, UsedThreshold: 1536MB
[5,105s][debug  ][gc,director    ] Rule Minor: High Usage, Free: 14270MB(92,9%)
[5,115s][debug  ][gc,director    ] Rule Major: Warmup 10%, Used: 1052MB, UsedThreshold: 1536MB
[5,115s][debug  ][gc,nmethod     ] Register NMethod: io.sirix.page.IndirectPage.getOrCreateReference (0x00007f77cff68f10) [0x00007f77cff69160, 0x00007f77cff69c00] Compiler: c1, Barriers: 8, Oops: 1, ImmediateOops: 0, NonImmediateOops: No
[5,115s][debug  ][gc,director    ] Rule Minor: High Usage, Free: 14266MB(92,9%)
[5,116s][debug  ][gc,nmethod     ] Register NMethod: java.util.BitSet.wordIndex (0x00007f77ef363e90) [0x00007f77ef364000, 0x00007f77ef364070] Compiler: c2, Barriers: 0, Oops: 0, ImmediateOops: 0, NonImmediateOops: No
[5,116s][debug  ][gc,nmethod     ] Register NMethod: java.lang.Integer.numberOfTrailingZeros (0x00007f77cff7d310) [0x00007f77cff7d4c0, 0x00007f77cff7d728] Compiler: c1, Barriers: 0, Oops: 0, ImmediateOops: 0, NonImmediateOops: No
[5,116s][debug  ][gc,nmethod     ] Register NMethod: java.lang.Long.numberOfTrailingZeros (0x00007f77cff7d790) [0x00007f77cff7d940, 0x00007f77cff7db00] Compiler: c1, Barriers: 0, Oops: 0, ImmediateOops: 0, NonImmediateOops: No
[5,116s][debug  ][gc,nmethod     ] Register NMethod: io.sirix.page.delegates.BitmapReferencesPage.getReferences (0x00007f77ef364190) [0x00007f77ef364320, 0x00007f77ef364410] Compiler: c1, Barriers: 1, Oops: 1, ImmediateOops: 0, NonImmediateOops: No
[5,117s][debug  ][gc,nmethod     ] Register NMethod: java.util.BitSet.nextSetBit (0x00007f77cff7dc10) [0x00007f77cff7dea0, 0x00007f77cff7e7b8] Compiler: c1, Barriers: 1, Oops: 1, ImmediateOops: 1, NonImmediateOops: No
[5,117s][debug  ][gc,nmethod     ] Register NMethod: io.sirix.page.PageReference.<init> (0x00007f77cff7eb90) [0x00007f77cff7ed60, 0x00007f77cff7f0f8] Compiler: c1, Barriers: 12, Oops: 1, ImmediateOops: 0, NonImmediateOops: No
[5,126s][debug  ][gc,director    ] Rule Major: Warmup 10%, Used: 1056MB, UsedThreshold: 1536MB
[5,126s][debug  ][gc,director    ] Rule Minor: High Usage, Free: 14262MB(92,9%)
[5,136s][debug  ][gc,director    ] Rule Major: Warmup 10%, Used: 1062MB, UsedThreshold: 1536MB
[5,136s][debug  ][gc,director    ] Rule Minor: High Usage, Free: 14256MB(92,8%)
[5,146s][debug  ][gc,director    ] Rule Major: Warmup 10%, Used: 1066MB, UsedThreshold: 1536MB
[5,146s][debug  ][gc,director    ] Rule Minor: High Usage, Free: 14252MB(92,8%)
[5,156s][debug  ][gc,director    ] Rule Major: Warmup 10%, Used: 1070MB, UsedThreshold: 1536MB
[5,156s][debug  ][gc,director    ] Rule Minor: High Usage, Free: 14248MB(92,8%)
[5,166s][debug  ][gc,director    ] Rule Major: Warmup 10%, Used: 1076MB, UsedThreshold: 1536MB
[5,166s][debug  ][gc,director    ] Rule Minor: High Usage, Free: 14242MB(92,7%)
[5,176s][debug  ][gc,director    ] Rule Major: Warmup 10%, Used: 1080MB, UsedThreshold: 1536MB
[5,176s][debug  ][gc,director    ] Rule Minor: High Usage, Free: 14238MB(92,7%)
[5,187s][debug  ][gc,director    ] Rule Major: Warmup 10%, Used: 1084MB, UsedThreshold: 1536MB
[5,187s][debug  ][gc,director    ] Rule Minor: High Usage, Free: 14234MB(92,7%)
[5,197s][debug  ][gc,director    ] Rule Major: Warmup 10%, Used: 1090MB, UsedThreshold: 1536MB
[5,197s][debug  ][gc,director    ] Rule Minor: High Usage, Free: 14228MB(92,6%)
[5,207s][debug  ][gc,director    ] Rule Major: Warmup 10%, Used: 1094MB, UsedThreshold: 1536MB
[5,207s][debug  ][gc,director    ] Rule Minor: High Usage, Free: 14224MB(92,6%)
[5,217s][debug  ][gc,nmethod     ] Register NMethod: it.unimi.dsi.fastutil.shorts.ShortArrayList$1.hasNext (0x00007f77cff7f210) [0x00007f77cff7f3a0, 0x00007f77cff7f540] Compiler: c1, Barriers: 1, Oops: 1, ImmediateOops: 0, NonImmediateOops: No
[5,217s][debug  ][gc,director    ] Rule Major: Warmup 10%, Used: 1098MB, UsedThreshold: 1536MB
[5,217s][debug  ][gc,director    ] Rule Minor: High Usage, Free: 14220MB(92,6%)
[5,227s][debug  ][gc,director    ] Rule Major: Warmup 10%, Used: 1104MB, UsedThreshold: 1536MB
[5,227s][debug  ][gc,director    ] Rule Minor: High Usage, Free: 14214MB(92,5%)
[5,231s][debug  ][gc,nmethod     ] Register NMethod: java.lang.Short.shortValue (0x00007f77ef364490) [0x00007f77ef364620, 0x00007f77ef3646e8] Compiler: c1, Barriers: 0, Oops: 0, ImmediateOops: 0, NonImmediateOops: No
[5,238s][debug  ][gc,director    ] Rule Major: Warmup 10%, Used: 1108MB, UsedThreshold: 1536MB
[5,238s][debug  ][gc,director    ] Rule Minor: High Usage, Free: 14210MB(92,5%)
[5,248s][debug  ][gc,director    ] Rule Major: Warmup 10%, Used: 1114MB, UsedThreshold: 1536MB
[5,248s][debug  ][gc,director    ] Rule Minor: High Usage, Free: 14204MB(92,5%)
[5,258s][debug  ][gc,director    ] Rule Major: Warmup 10%, Used: 1118MB, UsedThreshold: 1536MB
[5,258s][debug  ][gc,director    ] Rule Minor: High Usage, Free: 14200MB(92,4%)
[5,264s][debug  ][gc,nmethod     ] Register NMethod: it.unimi.dsi.fastutil.shorts.ShortArrayList.size (0x00007f77ef364790) [0x00007f77ef364920, 0x00007f77ef3649e0] Compiler: c1, Barriers: 0, Oops: 1, ImmediateOops: 0, NonImmediateOops: No
[5,268s][debug  ][gc,director    ] Rule Major: Warmup 10%, Used: 1122MB, UsedThreshold: 1536MB
[5,268s][debug  ][gc,director    ] Rule Minor: High Usage, Free: 14196MB(92,4%)
[5,279s][debug  ][gc,director    ] Rule Major: Warmup 10%, Used: 1128MB, UsedThreshold: 1536MB
[5,279s][debug  ][gc,director    ] Rule Minor: High Usage, Free: 14190MB(92,4%)
[5,289s][debug  ][gc,director    ] Rule Major: Warmup 10%, Used: 1132MB, UsedThreshold: 1536MB
[5,289s][debug  ][gc,director    ] Rule Minor: High Usage, Free: 14186MB(92,4%)
[5,292s][debug  ][gc,nmethod     ] Register NMethod: java.util.BitSet.set (0x00007f77ef364a90) [0x00007f77ef364c20, 0x00007f77ef364dd8] Compiler: c2, Barriers: 1, Oops: 0, ImmediateOops: 0, NonImmediateOops: No
[5,299s][debug  ][gc,director    ] Rule Major: Warmup 10%, Used: 1138MB, UsedThreshold: 1536MB
[5,299s][debug  ][gc,director    ] Rule Minor: High Usage, Free: 14180MB(92,3%)
[5,309s][debug  ][gc,director    ] Rule Major: Warmup 10%, Used: 1142MB, UsedThreshold: 1536MB
[5,309s][debug  ][gc,director    ] Rule Minor: High Usage, Free: 14176MB(92,3%)
[5,319s][debug  ][gc,director    ] Rule Major: Warmup 10%, Used: 1146MB, UsedThreshold: 1536MB
[5,319s][debug  ][gc,director    ] Rule Minor: High Usage, Free: 14172MB(92,3%)
[5,329s][debug  ][gc,director    ] Rule Major: Warmup 10%, Used: 1152MB, UsedThreshold: 1536MB
[5,329s][debug  ][gc,director    ] Rule Minor: High Usage, Free: 14166MB(92,2%)
[5,340s][debug  ][gc,director    ] Rule Major: Warmup 10%, Used: 1156MB, UsedThreshold: 1536MB
[5,340s][debug  ][gc,director    ] Rule Minor: High Usage, Free: 14162MB(92,2%)
[5,350s][debug  ][gc,director    ] Rule Major: Warmup 10%, Used: 1160MB, UsedThreshold: 1536MB
[5,350s][debug  ][gc,director    ] Rule Minor: High Usage, Free: 14158MB(92,2%)
[5,360s][debug  ][gc,director    ] Rule Major: Warmup 10%, Used: 1166MB, UsedThreshold: 1536MB
[5,360s][debug  ][gc,director    ] Rule Minor: High Usage, Free: 14152MB(92,1%)
[5,362s][debug  ][gc,nmethod     ] Register NMethod: java.lang.Short.valueOf (0x00007f77cff7f610) [0x00007f77cff7f7e0, 0x00007f77cff7fb20] Compiler: c1, Barriers: 1, Oops: 0, ImmediateOops: 1, NonImmediateOops: No
[5,362s][debug  ][gc,nmethod     ] Register NMethod: it.unimi.dsi.fastutil.shorts.ShortListIterator.next (0x00007f77cff7fc90) [0x00007f77cff7fe60, 0x00007f77cff801d0] Compiler: c1, Barriers: 0, Oops: 1, ImmediateOops: 0, NonImmediateOops: No
[5,363s][debug  ][gc,nmethod     ] Register NMethod: it.unimi.dsi.fastutil.shorts.ShortListIterator.next (0x00007f77cff80390) [0x00007f77cff80560, 0x00007f77cff807d0] Compiler: c1, Barriers: 0, Oops: 1, ImmediateOops: 0, NonImmediateOops: No
[5,363s][debug  ][gc,nmethod     ] Register NMethod: it.unimi.dsi.fastutil.shorts.ShortIterator.next (0x00007f77cff80910) [0x00007f77cff80ac0, 0x00007f77cff80c78] Compiler: c1, Barriers: 0, Oops: 1, ImmediateOops: 0, NonImmediateOops: No
[5,363s][debug  ][gc,nmethod     ] Register NMethod: it.unimi.dsi.fastutil.shorts.ShortArrayList$1.nextShort (0x00007f77cff80d90) [0x00007f77cff80f60, 0x00007f77cff812f0] Compiler: c1, Barriers: 2, Oops: 1, ImmediateOops: 0, NonImmediateOops: No
[5,364s][debug  ][gc,alloc       ] Mutator Allocation Rate: 305,1MB/s Predicted: 350,7MB/s, Avg: 220,2(+/-69,9)MB/s
[5,364s][debug  ][gc,director    ] Rule Major: Warmup 10%, Used: 1168MB, UsedThreshold: 1536MB
[5,364s][debug  ][gc,director    ] Rule Minor: High Usage, Free: 14150MB(92,1%)
[5,374s][debug  ][gc,director    ] Rule Major: Warmup 10%, Used: 1172MB, UsedThreshold: 1536MB
[5,374s][debug  ][gc,director    ] Rule Minor: High Usage, Free: 14146MB(92,1%)
[5,384s][debug  ][gc,director    ] Rule Major: Warmup 10%, Used: 1176MB, UsedThreshold: 1536MB
[5,384s][debug  ][gc,director    ] Rule Minor: High Usage, Free: 14142MB(92,1%)
[5,394s][debug  ][gc,director    ] Rule Major: Warmup 10%, Used: 1182MB, UsedThreshold: 1536MB
[5,394s][debug  ][gc,director    ] Rule Minor: High Usage, Free: 14136MB(92,0%)
[5,405s][debug  ][gc,director    ] Rule Major: Warmup 10%, Used: 1186MB, UsedThreshold: 1536MB
[5,405s][debug  ][gc,director    ] Rule Minor: High Usage, Free: 14132MB(92,0%)
[5,415s][debug  ][gc,director    ] Rule Major: Warmup 10%, Used: 1190MB, UsedThreshold: 1536MB
[5,415s][debug  ][gc,director    ] Rule Minor: High Usage, Free: 14128MB(92,0%)
[5,424s][debug  ][gc,nmethod     ] Register NMethod: java.util.Arrays.copyOf (0x00007f77ef364f90) [0x00007f77ef365140, 0x00007f77ef365640] Compiler: c2, Barriers: 1, Oops: 0, ImmediateOops: 1, NonImmediateOops: No
[5,425s][debug  ][gc,director    ] Rule Major: Warmup 10%, Used: 1196MB, UsedThreshold: 1536MB
[5,425s][debug  ][gc,director    ] Rule Minor: High Usage, Free: 14122MB(91,9%)
[5,435s][debug  ][gc,director    ] Rule Major: Warmup 10%, Used: 1200MB, UsedThreshold: 1536MB
[5,435s][debug  ][gc,director    ] Rule Minor: High Usage, Free: 14118MB(91,9%)
[5,445s][debug  ][gc,director    ] Rule Major: Warmup 10%, Used: 1206MB, UsedThreshold: 1536MB
[5,445s][debug  ][gc,director    ] Rule Minor: High Usage, Free: 14112MB(91,9%)
[5,456s][debug  ][gc,director    ] Rule Major: Warmup 10%, Used: 1210MB, UsedThreshold: 1536MB
[5,456s][debug  ][gc,director    ] Rule Minor: High Usage, Free: 14108MB(91,8%)
[5,466s][debug  ][gc,director    ] Rule Major: Warmup 10%, Used: 1214MB, UsedThreshold: 1536MB
[5,466s][debug  ][gc,director    ] Rule Minor: High Usage, Free: 14104MB(91,8%)
[5,476s][debug  ][gc,director    ] Rule Major: Warmup 10%, Used: 1220MB, UsedThreshold: 1536MB
[5,476s][debug  ][gc,director    ] Rule Minor: High Usage, Free: 14098MB(91,8%)
[5,486s][debug  ][gc,director    ] Rule Major: Warmup 10%, Used: 1224MB, UsedThreshold: 1536MB
[5,486s][debug  ][gc,director    ] Rule Minor: High Usage, Free: 14094MB(91,8%)
[5,496s][debug  ][gc,director    ] Rule Major: Warmup 10%, Used: 1230MB, UsedThreshold: 1536MB
[5,496s][debug  ][gc,director    ] Rule Minor: High Usage, Free: 14088MB(91,7%)
[5,507s][debug  ][gc,director    ] Rule Major: Warmup 10%, Used: 1234MB, UsedThreshold: 1536MB
[5,507s][debug  ][gc,director    ] Rule Minor: High Usage, Free: 14084MB(91,7%)
[5,517s][debug  ][gc,director    ] Rule Major: Warmup 10%, Used: 1238MB, UsedThreshold: 1536MB
[5,517s][debug  ][gc,director    ] Rule Minor: High Usage, Free: 14080MB(91,7%)
[5,527s][debug  ][gc,director    ] Rule Major: Warmup 10%, Used: 1244MB, UsedThreshold: 1536MB
[5,527s][debug  ][gc,director    ] Rule Minor: High Usage, Free: 14074MB(91,6%)
[5,537s][debug  ][gc,director    ] Rule Major: Warmup 10%, Used: 1248MB, UsedThreshold: 1536MB
[5,537s][debug  ][gc,director    ] Rule Minor: High Usage, Free: 14070MB(91,6%)
[5,548s][debug  ][gc,director    ] Rule Major: Warmup 10%, Used: 1254MB, UsedThreshold: 1536MB
[5,548s][debug  ][gc,director    ] Rule Minor: High Usage, Free: 14064MB(91,6%)
[5,558s][debug  ][gc,director    ] Rule Major: Warmup 10%, Used: 1258MB, UsedThreshold: 1536MB
[5,558s][debug  ][gc,director    ] Rule Minor: High Usage, Free: 14060MB(91,5%)
[5,568s][debug  ][gc,director    ] Rule Major: Warmup 10%, Used: 1262MB, UsedThreshold: 1536MB
[5,568s][debug  ][gc,director    ] Rule Minor: High Usage, Free: 14056MB(91,5%)
[5,571s][debug  ][gc,nmethod     ] Register NMethod: it.unimi.dsi.fastutil.shorts.AbstractShortList.iterator (0x00007f77cff81490) [0x00007f77cff81660, 0x00007f77cff81a00] Compiler: c1, Barriers: 0, Oops: 1, ImmediateOops: 0, NonImmediateOops: No
[5,572s][debug  ][gc,nmethod     ] Register NMethod: it.unimi.dsi.fastutil.shorts.AbstractShortList.listIterator (0x00007f77cff81b90) [0x00007f77cff81d60, 0x00007f77cff82120] Compiler: c1, Barriers: 3, Oops: 1, ImmediateOops: 0, NonImmediateOops: No
[5,572s][debug  ][gc,nmethod     ] Register NMethod: it.unimi.dsi.fastutil.shorts.ShortArrayList.listIterator (0x00007f77cff82290) [0x00007f77cff82440, 0x00007f77cff82798] Compiler: c1, Barriers: 3, Oops: 1, ImmediateOops: 0, NonImmediateOops: No
[5,573s][debug  ][gc,nmethod     ] Register NMethod: it.unimi.dsi.fastutil.shorts.AbstractShortList.ensureIndex (0x00007f77cff82910) [0x00007f77cff82c40, 0x00007f77cff83a00] Compiler: c1, Barriers: 0, Oops: 5, ImmediateOops: 5, NonImmediateOops: No
[5,573s][debug  ][gc,nmethod     ] Register NMethod: it.unimi.dsi.fastutil.shorts.ShortArrayList$1.<init> (0x00007f77cff83f90) [0x00007f77cff84140, 0x00007f77cff84328] Compiler: c1, Barriers: 3, Oops: 1, ImmediateOops: 0, NonImmediateOops: No
[5,578s][debug  ][gc,director    ] Rule Major: Warmup 10%, Used: 1268MB, UsedThreshold: 1536MB
[5,578s][debug  ][gc,director    ] Rule Minor: High Usage, Free: 14050MB(91,5%)
[5,585s][debug  ][gc,reloc       ] Synchronize all workers 1 _nworkers: 0 _nsynchronized: 0
[5,585s][debug  ][gc,reloc       ] Synchronize all workers 1 _nworkers: 0 _nsynchronized: 0
[5,585s][debug  ][gc,reloc       ] Desynchronize all workers _nworkers: 0 _nsynchronized: 0
[5,585s][debug  ][gc,reloc       ] Desynchronize all workers _nworkers: 0 _nsynchronized: 0
[5,589s][debug  ][gc,director    ] Rule Major: Warmup 10%, Used: 1272MB, UsedThreshold: 1536MB
[5,589s][debug  ][gc,director    ] Rule Minor: High Usage, Free: 14046MB(91,4%)
[5,592s][debug  ][gc,nmethod     ] Register NMethod: io.sirix.page.delegates.ReferencesPage4.getOrCreateReference (0x00007f77cff84410) [0x00007f77cff84700, 0x00007f77cff858f8] Compiler: c1, Barriers: 11, Oops: 1, ImmediateOops: 1, NonImmediateOops: No
[5,599s][debug  ][gc,director    ] Rule Major: Warmup 10%, Used: 1278MB, UsedThreshold: 1536MB
[5,599s][debug  ][gc,director    ] Rule Minor: High Usage, Free: 14040MB(91,4%)
[5,609s][debug  ][gc,director    ] Rule Major: Warmup 10%, Used: 1282MB, UsedThreshold: 1536MB
[5,609s][debug  ][gc,director    ] Rule Minor: High Usage, Free: 14036MB(91,4%)
[5,619s][debug  ][gc,director    ] Rule Major: Warmup 10%, Used: 1286MB, UsedThreshold: 1536MB
[5,619s][debug  ][gc,director    ] Rule Minor: High Usage, Free: 14032MB(91,4%)
[5,620s][debug  ][gc,alloc       ] Mutator Allocation Rate: 315,1MB/s Predicted: 361,4MB/s, Avg: 228,8(+/-72,0)MB/s
[5,620s][debug  ][gc,director    ] Rule Major: Warmup 10%, Used: 1288MB, UsedThreshold: 1536MB
[5,620s][debug  ][gc,director    ] Rule Minor: High Usage, Free: 14030MB(91,3%)
[5,630s][debug  ][gc,director    ] Rule Major: Warmup 10%, Used: 1292MB, UsedThreshold: 1536MB
[5,630s][debug  ][gc,director    ] Rule Minor: High Usage, Free: 14026MB(91,3%)
[5,640s][debug  ][gc,director    ] Rule Major: Warmup 10%, Used: 1296MB, UsedThreshold: 1536MB
[5,640s][debug  ][gc,director    ] Rule Minor: High Usage, Free: 14022MB(91,3%)
[5,650s][debug  ][gc,director    ] Rule Major: Warmup 10%, Used: 1302MB, UsedThreshold: 1536MB
[5,650s][debug  ][gc,director    ] Rule Minor: High Usage, Free: 14016MB(91,2%)
[5,660s][debug  ][gc,director    ] Rule Major: Warmup 10%, Used: 1306MB, UsedThreshold: 1536MB
[5,660s][debug  ][gc,director    ] Rule Minor: High Usage, Free: 14012MB(91,2%)
[5,671s][debug  ][gc,director    ] Rule Major: Warmup 10%, Used: 1310MB, UsedThreshold: 1536MB
[5,671s][debug  ][gc,director    ] Rule Minor: High Usage, Free: 14008MB(91,2%)
[5,681s][debug  ][gc,director    ] Rule Major: Warmup 10%, Used: 1316MB, UsedThreshold: 1536MB
[5,681s][debug  ][gc,director    ] Rule Minor: High Usage, Free: 14002MB(91,2%)
[5,691s][debug  ][gc,director    ] Rule Major: Warmup 10%, Used: 1320MB, UsedThreshold: 1536MB
[5,691s][debug  ][gc,director    ] Rule Minor: High Usage, Free: 13998MB(91,1%)
[5,701s][debug  ][gc,director    ] Rule Major: Warmup 10%, Used: 1326MB, UsedThreshold: 1536MB
[5,701s][debug  ][gc,director    ] Rule Minor: High Usage, Free: 13992MB(91,1%)
[5,712s][debug  ][gc,director    ] Rule Major: Warmup 10%, Used: 1330MB, UsedThreshold: 1536MB
[5,712s][debug  ][gc,director    ] Rule Minor: High Usage, Free: 13988MB(91,1%)
[5,722s][debug  ][gc,director    ] Rule Major: Warmup 10%, Used: 1334MB, UsedThreshold: 1536MB
[5,722s][debug  ][gc,director    ] Rule Minor: High Usage, Free: 13984MB(91,0%)
[5,732s][debug  ][gc,director    ] Rule Major: Warmup 10%, Used: 1340MB, UsedThreshold: 1536MB
[5,732s][debug  ][gc,director    ] Rule Minor: High Usage, Free: 13978MB(91,0%)
[5,742s][debug  ][gc,director    ] Rule Major: Warmup 10%, Used: 1344MB, UsedThreshold: 1536MB
[5,742s][debug  ][gc,director    ] Rule Minor: High Usage, Free: 13974MB(91,0%)
[5,752s][debug  ][gc,director    ] Rule Major: Warmup 10%, Used: 1350MB, UsedThreshold: 1536MB
[5,752s][debug  ][gc,director    ] Rule Minor: High Usage, Free: 13968MB(90,9%)
[5,763s][debug  ][gc,director    ] Rule Major: Warmup 10%, Used: 1354MB, UsedThreshold: 1536MB
[5,763s][debug  ][gc,director    ] Rule Minor: High Usage, Free: 13964MB(90,9%)
[5,773s][debug  ][gc,director    ] Rule Major: Warmup 10%, Used: 1360MB, UsedThreshold: 1536MB
[5,773s][debug  ][gc,director    ] Rule Minor: High Usage, Free: 13958MB(90,9%)
[5,783s][debug  ][gc,director    ] Rule Major: Warmup 10%, Used: 1364MB, UsedThreshold: 1536MB
[5,783s][debug  ][gc,director    ] Rule Minor: High Usage, Free: 13954MB(90,8%)
[5,793s][debug  ][gc,director    ] Rule Major: Warmup 10%, Used: 1368MB, UsedThreshold: 1536MB
[5,793s][debug  ][gc,director    ] Rule Minor: High Usage, Free: 13950MB(90,8%)
[5,803s][debug  ][gc,director    ] Rule Major: Warmup 10%, Used: 1374MB, UsedThreshold: 1536MB
[5,803s][debug  ][gc,director    ] Rule Minor: High Usage, Free: 13944MB(90,8%)
[5,814s][debug  ][gc,director    ] Rule Major: Warmup 10%, Used: 1378MB, UsedThreshold: 1536MB
[5,814s][debug  ][gc,director    ] Rule Minor: High Usage, Free: 13940MB(90,8%)
[5,824s][debug  ][gc,director    ] Rule Major: Warmup 10%, Used: 1382MB, UsedThreshold: 1536MB
[5,824s][debug  ][gc,director    ] Rule Minor: High Usage, Free: 13936MB(90,7%)
[5,834s][debug  ][gc,director    ] Rule Major: Warmup 10%, Used: 1388MB, UsedThreshold: 1536MB
[5,834s][debug  ][gc,director    ] Rule Minor: High Usage, Free: 13930MB(90,7%)
[5,844s][debug  ][gc,director    ] Rule Major: Warmup 10%, Used: 1392MB, UsedThreshold: 1536MB
[5,844s][debug  ][gc,director    ] Rule Minor: High Usage, Free: 13926MB(90,7%)
[5,854s][debug  ][gc,director    ] Rule Major: Warmup 10%, Used: 1398MB, UsedThreshold: 1536MB
[5,854s][debug  ][gc,director    ] Rule Minor: High Usage, Free: 13920MB(90,6%)
[5,864s][debug  ][gc,director    ] Rule Major: Warmup 10%, Used: 1402MB, UsedThreshold: 1536MB
[5,864s][debug  ][gc,director    ] Rule Minor: High Usage, Free: 13916MB(90,6%)
[5,875s][debug  ][gc,director    ] Rule Major: Warmup 10%, Used: 1406MB, UsedThreshold: 1536MB
[5,875s][debug  ][gc,director    ] Rule Minor: High Usage, Free: 13912MB(90,6%)
[5,875s][debug  ][gc,alloc       ] Mutator Allocation Rate: 324,0MB/s Predicted: 371,0MB/s, Avg: 236,8(+/-73,8)MB/s
[5,875s][debug  ][gc,director    ] Rule Major: Warmup 10%, Used: 1408MB, UsedThreshold: 1536MB
[5,875s][debug  ][gc,director    ] Rule Minor: High Usage, Free: 13910MB(90,6%)
[5,885s][debug  ][gc,director    ] Rule Major: Warmup 10%, Used: 1412MB, UsedThreshold: 1536MB
[5,885s][debug  ][gc,director    ] Rule Minor: High Usage, Free: 13906MB(90,5%)
[5,895s][debug  ][gc,director    ] Rule Major: Warmup 10%, Used: 1416MB, UsedThreshold: 1536MB
[5,896s][debug  ][gc,director    ] Rule Minor: High Usage, Free: 13902MB(90,5%)
[5,906s][debug  ][gc,director    ] Rule Major: Warmup 10%, Used: 1422MB, UsedThreshold: 1536MB
[5,906s][debug  ][gc,director    ] Rule Minor: High Usage, Free: 13896MB(90,5%)
[5,916s][debug  ][gc,director    ] Rule Major: Warmup 10%, Used: 1426MB, UsedThreshold: 1536MB
[5,916s][debug  ][gc,director    ] Rule Minor: High Usage, Free: 13892MB(90,4%)
[5,926s][debug  ][gc,director    ] Rule Major: Warmup 10%, Used: 1432MB, UsedThreshold: 1536MB
[5,926s][debug  ][gc,director    ] Rule Minor: High Usage, Free: 13886MB(90,4%)
[5,936s][debug  ][gc,director    ] Rule Major: Warmup 10%, Used: 1436MB, UsedThreshold: 1536MB
[5,936s][debug  ][gc,director    ] Rule Minor: High Usage, Free: 13882MB(90,4%)
[5,947s][debug  ][gc,director    ] Rule Major: Warmup 10%, Used: 1440MB, UsedThreshold: 1536MB
[5,947s][debug  ][gc,director    ] Rule Minor: High Usage, Free: 13878MB(90,4%)
[5,957s][debug  ][gc,director    ] Rule Major: Warmup 10%, Used: 1446MB, UsedThreshold: 1536MB
[5,957s][debug  ][gc,director    ] Rule Minor: High Usage, Free: 13872MB(90,3%)
[5,962s][debug  ][gc,nmethod     ] Register NMethod: com.google.gson.stream.JsonReader.fillBuffer (0x00007f77cff85e90) [0x00007f77cff86080, 0x00007f77cff866a8] Compiler: c1, Barriers: 2, Oops: 1, ImmediateOops: 0, NonImmediateOops: No
[5,967s][debug  ][gc,director    ] Rule Major: Warmup 10%, Used: 1450MB, UsedThreshold: 1536MB
[5,967s][debug  ][gc,director    ] Rule Minor: High Usage, Free: 13868MB(90,3%)
[5,977s][debug  ][gc,director    ] Rule Major: Warmup 10%, Used: 1456MB, UsedThreshold: 1536MB
[5,977s][debug  ][gc,director    ] Rule Minor: High Usage, Free: 13862MB(90,2%)
[5,987s][debug  ][gc,director    ] Rule Major: Warmup 10%, Used: 1460MB, UsedThreshold: 1536MB
[5,987s][debug  ][gc,director    ] Rule Minor: High Usage, Free: 13858MB(90,2%)
[5,998s][debug  ][gc,director    ] Rule Major: Warmup 10%, Used: 1464MB, UsedThreshold: 1536MB
[5,998s][debug  ][gc,director    ] Rule Minor: High Usage, Free: 13854MB(90,2%)
[6,008s][debug  ][gc,director    ] Rule Major: Warmup 10%, Used: 1470MB, UsedThreshold: 1536MB
[6,008s][debug  ][gc,director    ] Rule Minor: High Usage, Free: 13848MB(90,2%)
[6,018s][debug  ][gc,director    ] Rule Major: Warmup 10%, Used: 1474MB, UsedThreshold: 1536MB
[6,018s][debug  ][gc,director    ] Rule Minor: High Usage, Free: 13844MB(90,1%)
[6,028s][debug  ][gc,director    ] Rule Major: Warmup 10%, Used: 1478MB, UsedThreshold: 1536MB
[6,028s][debug  ][gc,director    ] Rule Minor: High Usage, Free: 13840MB(90,1%)
[6,038s][debug  ][gc,director    ] Rule Major: Warmup 10%, Used: 1484MB, UsedThreshold: 1536MB
[6,039s][debug  ][gc,director    ] Rule Minor: High Usage, Free: 13834MB(90,1%)
[6,049s][debug  ][gc,director    ] Rule Major: Warmup 10%, Used: 1488MB, UsedThreshold: 1536MB
[6,049s][debug  ][gc,director    ] Rule Minor: High Usage, Free: 13830MB(90,0%)
[6,059s][debug  ][gc,director    ] Rule Major: Warmup 10%, Used: 1494MB, UsedThreshold: 1536MB
[6,059s][debug  ][gc,director    ] Rule Minor: High Usage, Free: 13824MB(90,0%)
[6,069s][debug  ][gc,director    ] Rule Major: Warmup 10%, Used: 1498MB, UsedThreshold: 1536MB
[6,069s][debug  ][gc,director    ] Rule Minor: High Usage, Free: 13820MB(90,0%)
[6,079s][debug  ][gc,director    ] Rule Major: Warmup 10%, Used: 1504MB, UsedThreshold: 1536MB
[6,079s][debug  ][gc,director    ] Rule Minor: High Usage, Free: 13814MB(89,9%)
[6,090s][debug  ][gc,director    ] Rule Major: Warmup 10%, Used: 1508MB, UsedThreshold: 1536MB
[6,090s][debug  ][gc,director    ] Rule Minor: High Usage, Free: 13810MB(89,9%)
[6,100s][debug  ][gc,director    ] Rule Major: Warmup 10%, Used: 1512MB, UsedThreshold: 1536MB
[6,100s][debug  ][gc,director    ] Rule Minor: High Usage, Free: 13806MB(89,9%)
[6,110s][debug  ][gc,director    ] Rule Major: Warmup 10%, Used: 1518MB, UsedThreshold: 1536MB
[6,110s][debug  ][gc,director    ] Rule Minor: High Usage, Free: 13800MB(89,8%)
[6,120s][debug  ][gc,director    ] Rule Major: Warmup 10%, Used: 1522MB, UsedThreshold: 1536MB
[6,120s][debug  ][gc,director    ] Rule Minor: High Usage, Free: 13796MB(89,8%)
[6,130s][debug  ][gc,alloc       ] Mutator Allocation Rate: 331,9MB/s Predicted: 379,7MB/s, Avg: 244,1(+/-75,3)MB/s
[6,130s][debug  ][gc,director    ] Rule Major: Warmup 10%, Used: 1528MB, UsedThreshold: 1536MB
[6,130s][debug  ][gc,director    ] Rule Minor: High Usage, Free: 13790MB(89,8%)
[6,140s][debug  ][gc,director    ] Rule Major: Warmup 10%, Used: 1532MB, UsedThreshold: 1536MB
[6,140s][debug  ][gc,director    ] Rule Minor: High Usage, Free: 13786MB(89,8%)
[6,150s][debug  ][gc,director    ] Rule Major: Warmup 10%, Used: 1536MB, UsedThreshold: 1536MB
[6,151s][info   ][gc             ] GC(1) Major Collection (Warmup)
[6,151s][info   ][gc,task        ] GC(1) Using 5 Workers for Young Generation
[6,151s][info   ][gc,task        ] GC(1) Using 1 Workers for Old Generation
[6,151s][debug  ][gc,heap        ] GC(1) Y: Heap before GC invocations=1 (full 1):
[6,151s][debug  ][gc,heap        ] GC(1) Y:  ZHeap           used 1536M, capacity 5120M, max capacity 15360M
[6,151s][debug  ][gc,heap        ] GC(1) Y:  Metaspace       used 28851K, committed 29312K, reserved 1114112K
[6,151s][debug  ][gc,heap        ] GC(1) Y:   class space    used 3248K, committed 3456K, reserved 1048576K
[6,151s][info   ][gc,phases      ] GC(1) Y: Young Generation
[6,151s][debug  ][gc,reloc       ] Synchronize all workers 1 _nworkers: 0 _nsynchronized: 0
[6,151s][debug  ][gc,reloc       ] Synchronize all workers 1 _nworkers: 0 _nsynchronized: 0
[6,151s][debug  ][gc,phases,start] GC(1) Y: Pause Mark Start (Major)
[6,151s][debug  ][gc,marking     ] GC(1) Y: Using 4 mark stripes
[6,151s][debug  ][gc,marking     ] GC(1) Y: Mark Worker/Stripe Distribution
[6,151s][debug  ][gc,marking     ] GC(1) Y:   Worker 0(5) -> Stripe 0(4)
[6,151s][debug  ][gc,marking     ] GC(1) Y:   Worker 1(5) -> Stripe 1(4)
[6,151s][debug  ][gc,marking     ] GC(1) Y:   Worker 2(5) -> Stripe 2(4)
[6,151s][debug  ][gc,marking     ] GC(1) Y:   Worker 3(5) -> Stripe 3(4)
[6,151s][debug  ][gc,marking     ] GC(1) Y:   Worker 4(5) -> Stripe 0(4)
[6,151s][debug  ][gc,marking     ] GC(1) Y: Using 1 mark stripes
[6,151s][debug  ][gc,marking     ] GC(1) Y: Mark Worker/Stripe Distribution
[6,151s][debug  ][gc,marking     ] GC(1) Y:   Worker 0(1) -> Stripe 0(1)
[6,151s][info   ][gc,phases      ] GC(1) Y: Pause Mark Start (Major) 0,157ms
[6,151s][debug  ][gc,reloc       ] Desynchronize all workers _nworkers: 0 _nsynchronized: 0
[6,151s][debug  ][gc,reloc       ] Desynchronize all workers _nworkers: 0 _nsynchronized: 0
[6,151s][debug  ][gc,marking     ] Resurrection broke termination
[6,151s][debug  ][gc,phases,start] GC(1) Y: Concurrent Mark
[6,151s][debug  ][gc,phases,start] GC(1) Y: Concurrent Mark Roots
[6,151s][debug  ][gc,task        ] GC(1) Y: Executing ZMarkYoungRootsTask using ZWorkerYoung with 5 workers
[6,154s][debug  ][gc,tlab        ] GC(1) Y: TLAB totals: thrds: 14  refills: 5866 max: 5853 slow allocs: 21 max 20 waste:  0,5% gc: 2901904B max: 262056B slow: 5009056B max: 5009056B
[6,154s][debug  ][gc,phases      ] GC(1) Y: Concurrent Mark Roots 3,344ms
[6,154s][debug  ][gc,phases,start] GC(1) Y: Concurrent Mark Follow
[6,154s][debug  ][gc,marking     ] GC(1) Y: Using 4 mark stripes
[6,155s][debug  ][gc,task        ] GC(1) Y: Executing ZRememberedScanMarkFollowTask using ZWorkerYoung with 5 workers
[6,258s][debug  ][gc,marking     ] GC(1) Y: Using 4 mark stripes
[6,258s][debug  ][gc,marking     ] GC(1) Y: Using 2 mark stripes
[6,259s][debug  ][gc,marking     ] GC(1) Y: Using 2 mark stripes
[6,259s][debug  ][gc,marking     ] GC(1) Y: Using 1 mark stripes
[6,261s][debug  ][gc,remset      ] GC(1) Y: Remset forwarding retained: 0,000ms count: 0 ZWorkerYoung#1
[6,261s][debug  ][gc,remset      ] GC(1) Y: Remset forwarding released: 0,000ms count: 0 ZWorkerYoung#1
[6,261s][debug  ][gc,remset      ] GC(1) Y: Remset forwarding retained: 0,000ms count: 0 ZWorkerYoung#2
[6,261s][debug  ][gc,remset      ] GC(1) Y: Remset forwarding released: 0,000ms count: 0 ZWorkerYoung#2
[6,261s][debug  ][gc,remset      ] GC(1) Y: Remset forwarding retained: 0,000ms count: 0 ZWorkerYoung#0
[6,261s][debug  ][gc,remset      ] GC(1) Y: Remset forwarding released: 0,000ms count: 0 ZWorkerYoung#0
[6,261s][debug  ][gc,remset      ] GC(1) Y: Remset forwarding retained: 0,000ms count: 0 ZWorkerYoung#4
[6,261s][debug  ][gc,remset      ] GC(1) Y: Remset forwarding released: 0,000ms count: 0 ZWorkerYoung#4
[6,261s][debug  ][gc,remset      ] GC(1) Y: Remset forwarding retained: 0,000ms count: 0 ZWorkerYoung#3
[6,261s][debug  ][gc,remset      ] GC(1) Y: Remset forwarding released: 0,000ms count: 0 ZWorkerYoung#3
[6,261s][debug  ][gc,marking     ] GC(1) Y: Try terminate after resurrection
[6,261s][debug  ][gc,phases      ] GC(1) Y: Concurrent Mark Follow 106,738ms
[6,261s][info   ][gc,phases      ] GC(1) Y: Concurrent Mark 110,162ms
[6,261s][debug  ][gc,reloc       ] Synchronize all workers 1 _nworkers: 0 _nsynchronized: 0
[6,261s][debug  ][gc,reloc       ] Synchronize all workers 1 _nworkers: 0 _nsynchronized: 0
[6,261s][debug  ][gc,phases,start] GC(1) Y: Pause Mark End
[6,261s][info   ][gc,phases      ] GC(1) Y: Pause Mark End 0,033ms
[6,261s][debug  ][gc,reloc       ] Desynchronize all workers _nworkers: 0 _nsynchronized: 0
[6,261s][debug  ][gc,reloc       ] Desynchronize all workers _nworkers: 0 _nsynchronized: 0
[6,261s][debug  ][gc,phases,start] GC(1) Y: Concurrent Mark Free
[6,262s][info   ][gc,phases      ] GC(1) Y: Concurrent Mark Free 0,032ms
[6,262s][debug  ][gc,phases,start] GC(1) Y: Concurrent Reset Relocation Set
[6,262s][info   ][gc,phases      ] GC(1) Y: Concurrent Reset Relocation Set 0,018ms
[6,262s][debug  ][gc,phases,start] GC(1) Y: Concurrent Select Relocation Set
[6,266s][debug  ][gc,reloc       ] GC(1) Y: Relocation Set (Medium Pages): 0->0, 1 skipped, 0 forwarding entries
[6,266s][debug  ][gc,reloc       ] GC(1) Y: Relocation Set (Small Pages): 748->214, 0 skipped, 23775534 forwarding entries
[6,266s][debug  ][gc,reloc       ] GC(1) Y: Allocated To Garbage: 0,7
[6,266s][debug  ][gc,reloc       ] GC(1) Y: Young Log Residency: 1,5
[6,266s][debug  ][gc,reloc       ] GC(1) Y: Life Decay Factor: 31,0
[6,266s][info   ][gc,reloc       ] GC(1) Y: Using tenuring threshold: 2 (Computed)
[6,266s][debug  ][gc,task        ] GC(1) Y: Executing ZRelocationSetInstallTask using ZWorkerYoung with 5 workers
[6,288s][debug  ][gc,task        ] GC(1) Y: Executing ZPromotePagesTask using ZWorkerYoung with 5 workers
[6,288s][debug  ][gc,task        ] GC(1) Y: Executing ZPromotePagesTask using ZWorkerYoung with 5 workers
[6,288s][debug  ][gc,task        ] GC(1) Y: Executing ZPromotePagesTask using ZWorkerYoung with 5 workers
[6,288s][info   ][gc,phases      ] GC(1) Y: Concurrent Select Relocation Set 26,576ms
[6,288s][debug  ][gc,reloc       ] Synchronize all workers 1 _nworkers: 0 _nsynchronized: 0
[6,288s][debug  ][gc,reloc       ] Synchronize all workers 1 _nworkers: 0 _nsynchronized: 0
[6,288s][debug  ][gc,phases,start] GC(1) Y: Pause Relocate Start
[6,288s][debug  ][gc,reloc       ] GC(1) Y: Joining workers: 5
[6,288s][info   ][gc,phases      ] GC(1) Y: Pause Relocate Start 0,047ms
[6,288s][debug  ][gc,reloc       ] Desynchronize all workers _nworkers: 0 _nsynchronized: 0
[6,288s][debug  ][gc,reloc       ] Desynchronize all workers _nworkers: 5 _nsynchronized: 0
[6,289s][debug  ][gc,phases,start] GC(1) Y: Concurrent Relocate
[6,289s][debug  ][gc,task        ] GC(1) Y: Executing ZRelocateStoreBufferInstallBasePointersTask using ZWorkerYoung with 5 workers
[6,289s][debug  ][gc,task        ] GC(1) Y: Executing ZRelocateTask using ZWorkerYoung with 5 workers
[6,313s][debug  ][gc,nmethod     ] Register NMethod: java.util.BitSet.flip (0x00007f77ef365890) [0x00007f77ef365a40, 0x00007f77ef365ef8] Compiler: c2, Barriers: 1, Oops: 0, ImmediateOops: 0, NonImmediateOops: No
[6,370s][debug  ][gc,reloc       ] GC(1) Y: Leaving workers: left: 4 _synchronize: 0 _nsynchronized: 0
[6,370s][debug  ][gc,reloc       ] GC(1) Y: Leaving workers: left: 3 _synchronize: 0 _nsynchronized: 0
[6,370s][debug  ][gc,reloc       ] GC(1) Y: Leaving workers: left: 2 _synchronize: 0 _nsynchronized: 0
[6,370s][debug  ][gc,reloc       ] GC(1) Y: Leaving workers: left: 1 _synchronize: 0 _nsynchronized: 0
[6,370s][debug  ][gc,reloc       ] GC(1) Y: Leaving workers: left: 0 _synchronize: 0 _nsynchronized: 0
[6,371s][debug  ][gc,phases,start] GC(1) Y: Concurrent Relocate Remset FP
[6,371s][debug  ][gc,task        ] GC(1) Y: Executing ZRelocateAddRemsetForFlipPromoted using ZWorkerYoung with 5 workers
[6,371s][debug  ][gc,phases      ] GC(1) Y: Concurrent Relocate Remset FP 0,192ms
[6,371s][info   ][gc,phases      ] GC(1) Y: Concurrent Relocate 82,159ms
[6,371s][debug  ][gc,heap        ] GC(1) Y: Heap after GC invocations=2 (full 2):
[6,371s][debug  ][gc,heap        ] GC(1) Y:  ZHeap           used 522M, capacity 5120M, max capacity 15360M
[6,371s][debug  ][gc,heap        ] GC(1) Y:  Metaspace       used 28851K, committed 29312K, reserved 1114112K
[6,371s][debug  ][gc,heap        ] GC(1) Y:   class space    used 3248K, committed 3456K, reserved 1048576K
[6,371s][info   ][gc,alloc       ] GC(1) Y:                         Mark Start        Mark End      Relocate Start    Relocate End   
[6,371s][info   ][gc,alloc       ] GC(1) Y: Allocation Stalls:          0                0                0                0         
[6,371s][info   ][gc,load        ] GC(1) Y: Load: 3,39 (17%) / 14,66 (73%) / 11,78 (59%)
[6,371s][info   ][gc,mmu         ] GC(1) Y: MMU: 2ms/90,7%, 5ms/96,3%, 10ms/98,1%, 20ms/99,1%, 50ms/99,4%, 100ms/99,7%
[6,371s][info   ][gc,marking     ] GC(1) Y: Mark: 4 stripe(s), 3 proactive flush(es), 1 terminate flush(es), 0 completion(s), 0 continuation(s) 
[6,371s][info   ][gc,marking     ] GC(1) Y: Mark Stack Usage: 32M
[6,371s][info   ][gc,nmethod     ] GC(1) Y: NMethods: 2788 registered, 0 unregistered
[6,371s][info   ][gc,metaspace   ] GC(1) Y: Metaspace: 28M used, 28M committed, 1088M reserved
[6,371s][info   ][gc,reloc       ] GC(1) Y:                        Candidates     Selected     In-Place         Size        Empty    Relocated 
[6,371s][info   ][gc,reloc       ] GC(1) Y: Small Pages:                  752          534            0        1504M           0M         264M 
[6,371s][info   ][gc,reloc       ] GC(1) Y: Medium Pages:                   1            0            0          32M           0M           0M 
[6,371s][info   ][gc,reloc       ] GC(1) Y: Large Pages:                    0            0            0           0M           0M           0M 
[6,371s][info   ][gc,reloc       ] GC(1) Y: Forwarding Usage: 181M
[6,371s][info   ][gc,reloc       ] GC(1) Y: Age Table:
[6,371s][info   ][gc,reloc       ] GC(1) Y:                    Live             Garbage             Small              Medium             Large        
[6,371s][info   ][gc,reloc       ] GC(1) Y: Eden             372M (2%)         1111M (7%)         742 / 529            0 / 0              0 / 0        
[6,371s][info   ][gc,reloc       ] GC(1) Y: Survivor 1        12M (0%)           39M (0%)          10 / 5              1 / 0              0 / 0        
[6,371s][info   ][gc,heap        ] GC(1) Y: Min Capacity: 5120M(33%)
[6,371s][info   ][gc,heap        ] GC(1) Y: Max Capacity: 15360M(100%)
[6,371s][info   ][gc,heap        ] GC(1) Y: Soft Max Capacity: 15360M(100%)
[6,371s][info   ][gc,heap        ] GC(1) Y: Heap Statistics:
[6,371s][info   ][gc,heap        ] GC(1) Y:                Mark Start          Mark End        Relocate Start      Relocate End           High               Low         
[6,371s][info   ][gc,heap        ] GC(1) Y:  Capacity:     5120M (33%)        5120M (33%)        5120M (33%)        5120M (33%)        5120M (33%)        5120M (33%)    
[6,371s][info   ][gc,heap        ] GC(1) Y:      Free:    13824M (90%)       13774M (90%)       13762M (90%)       14838M (97%)       14838M (97%)       13754M (90%)    
[6,371s][info   ][gc,heap        ] GC(1) Y:      Used:     1536M (10%)        1586M (10%)        1598M (10%)         522M (3%)         1606M (10%)         522M (3%)     
[6,371s][info   ][gc,heap        ] GC(1) Y: Young Generation Statistics:
[6,371s][info   ][gc,heap        ] GC(1) Y:                Mark Start          Mark End        Relocate Start      Relocate End    
[6,371s][info   ][gc,heap        ] GC(1) Y:      Used:     1536M (10%)        1586M (10%)        1598M (10%)         522M (3%)     
[6,371s][info   ][gc,heap        ] GC(1) Y:      Live:         -               384M (3%)          384M (3%)          384M (3%)     
[6,371s][info   ][gc,heap        ] GC(1) Y:   Garbage:         -              1151M (7%)         1151M (7%)           29M (0%)     
[6,371s][info   ][gc,heap        ] GC(1) Y: Allocated:         -                50M (0%)           62M (0%)          108M (1%)     
[6,371s][info   ][gc,heap        ] GC(1) Y: Reclaimed:         -                  -                 0M (0%)         1122M (7%)     
[6,371s][info   ][gc,heap        ] GC(1) Y:  Promoted:         -                  -                 0M (0%)            0M (0%)     
[6,371s][info   ][gc,heap        ] GC(1) Y: Compacted:         -                  -                  -               373M (2%)     
[6,371s][info   ][gc,phases      ] GC(1) Y: Young Generation 1536M(10%)->522M(3%) 0,220s
[6,371s][debug  ][gc,heap        ] GC(1) O: Heap before GC invocations=2 (full 2):
[6,371s][debug  ][gc,heap        ] GC(1) O:  ZHeap           used 522M, capacity 5120M, max capacity 15360M
[6,371s][debug  ][gc,heap        ] GC(1) O:  Metaspace       used 28851K, committed 29312K, reserved 1114112K
[6,371s][debug  ][gc,heap        ] GC(1) O:   class space    used 3248K, committed 3456K, reserved 1048576K
[6,371s][info   ][gc,phases      ] GC(1) O: Old Generation
[6,371s][debug  ][gc,phases,start] GC(1) O: Concurrent Mark
[6,371s][debug  ][gc,phases,start] GC(1) O: Concurrent Mark Roots
[6,371s][debug  ][gc,task        ] GC(1) O: Executing ZMarkOldRootsTask using ZWorkerOld with 1 workers
[6,373s][debug  ][gc,tlab        ] GC(1) O: TLAB totals: thrds: 1  refills: 245 max: 245 slow allocs: 0 max 0 waste:  0,4% gc: 94728B max: 94728B slow: 191176B max: 191176B
[6,373s][debug  ][gc,phases      ] GC(1) O: Concurrent Mark Roots 2,079ms
[6,373s][debug  ][gc,phases,start] GC(1) O: Concurrent Mark Follow
[6,373s][debug  ][gc,marking     ] GC(1) O: Using 1 mark stripes
[6,373s][debug  ][gc,task        ] GC(1) O: Executing ZMarkTask using ZWorkerOld with 1 workers
[6,374s][debug  ][gc,phases      ] GC(1) O: Concurrent Mark Follow 0,319ms
[6,374s][info   ][gc,phases      ] GC(1) O: Concurrent Mark 2,435ms
[6,374s][debug  ][gc,reloc       ] Synchronize all workers 1 _nworkers: 0 _nsynchronized: 0
[6,374s][debug  ][gc,reloc       ] Synchronize all workers 1 _nworkers: 0 _nsynchronized: 0
[6,374s][debug  ][gc,phases,start] GC(1) O: Pause Mark End
[6,374s][info   ][gc,phases      ] GC(1) O: Pause Mark End 0,024ms
[6,374s][debug  ][gc,reloc       ] Desynchronize all workers _nworkers: 0 _nsynchronized: 0
[6,374s][debug  ][gc,reloc       ] Desynchronize all workers _nworkers: 0 _nsynchronized: 0
[6,374s][debug  ][gc,phases,start] GC(1) O: Concurrent Mark Free
[6,374s][info   ][gc,phases      ] GC(1) O: Concurrent Mark Free 0,031ms
[6,374s][debug  ][gc,phases,start] GC(1) O: Concurrent Process Non-Strong
[6,374s][debug  ][gc,phases,start] GC(1) O: Concurrent References Process
[6,374s][debug  ][gc,task        ] GC(1) O: Executing ZReferenceProcessorTask using ZWorkerOld with 1 workers
[6,374s][debug  ][gc,phases      ] GC(1) O: Concurrent References Process 0,174ms
[6,374s][debug  ][gc,task        ] GC(1) O: Executing ZProcessWeakRootsTask using ZWorkerOld with 1 workers
[6,375s][debug  ][gc,phases,start] GC(1) O: Concurrent Classes Unlink
[6,375s][debug  ][gc,phases,start] GC(1) O: ClassLoaderData
[6,375s][debug  ][gc,phases      ] GC(1) O: ClassLoaderData 0,025ms
[6,375s][debug  ][gc,phases,start] GC(1) O: Trigger cleanups
[6,375s][debug  ][gc,phases      ] GC(1) O: Trigger cleanups 0,008ms
[6,375s][debug  ][gc,task        ] GC(1) O: Executing ZNMethodUnlinkTask using ZWorkerOld with 1 workers
[6,375s][debug  ][gc,nmethod     ] GC(1) O: Unregister NMethod: io.sirix.node.json.ObjectStringNode.getKind (0x00007f77cfe45210) [0x00007f77cfe453a0, 0x00007f77cfe454b0] 
[6,375s][debug  ][gc,nmethod     ] GC(1) O: Unregister NMethod: io.sirix.access.trx.page.NodePageTrx$$Lambda/0x000000008036b078.<init> (0x00007f77cfed2710) [0x00007f77cfed28c0, 0x00007f77cfed2b18] 
[6,375s][debug  ][gc,nmethod     ] GC(1) O: Unregister NMethod: io.sirix.access.trx.node.json.JsonNodeTrxImpl.insertStringValueAsFirstChild (0x00007f77cfe94890) [0x00007f77cfe94e20, 0x00007f77cfe981c0] 
[6,376s][debug  ][gc,nmethod     ] GC(1) O: Unregister NMethod: com.google.common.base.Preconditions.checkState (0x00007f77cfb13410) [0x00007f77cfb135c0, 0x00007f77cfb137b0] 
[6,376s][debug  ][gc,nmethod     ] GC(1) O: Unregister NMethod: java.lang.String.indexOf (0x00007f77cfa36f10) [0x00007f77cfa370c0, 0x00007f77cfa37200] 
[6,376s][debug  ][gc,nmethod     ] GC(1) O: Unregister NMethod: java.util.BitSet.wordIndex (0x00007f77cfbfd910) [0x00007f77cfbfdaa0, 0x00007f77cfbfdb88] 
[6,376s][debug  ][gc,nmethod     ] GC(1) O: Unregister NMethod: io.sirix.node.json.AbstractStringNode.delegate (0x00007f77cfe06b90) [0x00007f77cfe06d40, 0x00007f77cfe06f98] 
[6,376s][debug  ][gc,nmethod     ] GC(1) O: Unregister NMethod: java.lang.Long.hashCode (0x00007f77cfeb6410) [0x00007f77cfeb65a0, 0x00007f77cfeb6690] 
[6,376s][debug  ][gc,nmethod     ] GC(1) O: Unregister NMethod: java.lang.Object.<init> (0x00007f77ef1c4010) [0x00007f77ef1c4180, 0x00007f77ef1c41f8] 
[6,376s][debug  ][gc,nmethod     ] GC(1) O: Unregister NMethod: io.sirix.access.trx.page.NodePageReadOnlyTrx.pageKey (0x00007f77cfa39990) [0x00007f77cfa39b60, 0x00007f77cfa39fb8] 
[6,376s][debug  ][gc,nmethod     ] GC(1) O: Unregister NMethod: io.sirix.node.xml.AbstractStructForwardingNode.incrementChildCount (0x00007f77cfe27310) [0x00007f77cfe274c0, 0x00007f77cfe276d0] 
[6,376s][debug  ][gc,nmethod     ] GC(1) O: Unregister NMethod: java.lang.invoke.MethodType.methodType (0x00007f77cfa6a690) [0x00007f77cfa6a8a0, 0x00007f77cfa6adf0] 
[6,376s][debug  ][gc,nmethod     ] GC(1) O: Unregister NMethod: io.sirix.node.immutable.json.ImmutableArrayNode.getKind (0x00007f77cfe88290) [0x00007f77cfe88420, 0x00007f77cfe88530] 
[6,376s][debug  ][gc,nmethod     ] GC(1) O: Unregister NMethod: java.lang.invoke.LambdaForm$MH/0x0000000080359c00.guard (0x00007f77cfed6a10) [0x00007f77cfed6c40, 0x00007f77cfed7598] 
[6,376s][debug  ][gc,nmethod     ] GC(1) O: Unregister NMethod: io.sirix.access.trx.page.NodePageTrx.getMostRecentPageContainer (0x00007f77ef28df10) [0x00007f77ef28e0e0, 0x00007f77ef28e6f8] 
[6,376s][debug  ][gc,nmethod     ] GC(1) O: Unregister NMethod: io.sirix.node.xml.AbstractStructForwardingNode.hasFirstChild (0x00007f77cfe6c810) [0x00007f77cfe6c9c0, 0x00007f77cfe6cc78] 
[6,376s][debug  ][gc,nmethod     ] GC(1) O: Unregister NMethod: io.sirix.node.xml.AbstractStructForwardingNode.setRightSiblingKey (0x00007f77cfe7cb10) [0x00007f77cfe7ccc0, 0x00007f77cfe7ceb8] 
[6,376s][debug  ][gc,nmethod     ] GC(1) O: Unregister NMethod: java.lang.String.<init> (0x00007f77cfca5a90) [0x00007f77cfca63a0, 0x00007f77cfcab9c0] 
[6,376s][debug  ][gc,nmethod     ] GC(1) O: Unregister NMethod: java.util.BitSet.set (0x00007f77cfe0ee90) [0x00007f77cfe0f100, 0x00007f77cfe0f930] 
[6,376s][debug  ][gc,nmethod     ] GC(1) O: Unregister NMethod: java.util.ArrayList.grow (0x00007f77cfcd3890) [0x00007f77cfcd3aa0, 0x00007f77cfcd4198] 
[6,376s][debug  ][gc,nmethod     ] GC(1) O: Unregister NMethod: java.lang.Long.getChars (0x00007f77cff0fd90) [0x00007f77cff0ff80, 0x00007f77cff105a0] 
[6,376s][debug  ][gc,nmethod     ] GC(1) O: Unregister NMethod: com.google.gson.stream.JsonReader.nextQuotedValue (0x00007f77cfe16690) [0x00007f77cfe16a00, 0x00007f77cfe17da8] 
[6,376s][debug  ][gc,nmethod     ] GC(1) O: Unregister NMethod: io.sirix.index.path.summary.PathSummaryReader.getNodeKey (0x00007f77cfaf2290) [0x00007f77cfaf2460, 0x00007f77cfaf27d8] 
[6,376s][debug  ][gc,nmethod     ] GC(1) O: Unregister NMethod: io.sirix.node.xml.AbstractStructForwardingNode.getDescendantCount (0x00007f77cfb12f10) [0x00007f77cfb130c0, 0x00007f77cfb132b0] 
[6,376s][debug  ][gc,nmethod     ] GC(1) O: Unregister NMethod: jdk.internal.org.objectweb.asm.ByteVector.putShort (0x00007f77ef223e90) [0x00007f77ef224020, 0x00007f77ef2241b0] 
[6,376s][debug  ][gc,nmethod     ] GC(1) O: Unregister NMethod: io.sirix.node.json.BooleanNode.getKind (0x00007f77cff14c90) [0x00007f77cff14e20, 0x00007f77cff14f30] 
[6,376s][debug  ][gc,nmethod     ] GC(1) O: Unregister NMethod: java.lang.AbstractStringBuilder.append (0x00007f77cff53410) [0x00007f77cff535e0, 0x00007f77cff538f8] 
[6,376s][debug  ][gc,nmethod     ] GC(1) O: Unregister NMethod: io.sirix.access.trx.node.json.JsonNodeTrxImpl.insertStringValueAsRightSibling (0x00007f77cff0d390) [0x00007f77cff0d720, 0x00007f77cff0f130] 
[6,376s][debug  ][gc,nmethod     ] GC(1) O: Unregister NMethod: io.sirix.node.json.NullNode.getKind (0x00007f77cfeee110) [0x00007f77cfeee2a0, 0x00007f77cfeee3b0] 
[6,376s][debug  ][gc,nmethod     ] GC(1) O: Unregister NMethod: io.sirix.index.path.summary.PathSummaryReader.assertNotClosed (0x00007f77cfa34310) [0x00007f77cfa344c0, 0x00007f77cfa346e0] 
[6,376s][debug  ][gc,nmethod     ] GC(1) O: Unregister NMethod: io.sirix.access.trx.node.json.JsonNodeTrxImpl.checkPrecondition (0x00007f77cfeef390) [0x00007f77cfeef5a0, 0x00007f77cfeefde8] 
[6,376s][debug  ][gc,nmethod     ] GC(1) O: Unregister NMethod: io.sirix.access.trx.node.AbstractNodeReadOnlyTrx.assertNotClosed (0x00007f77cfa5ce10) [0x00007f77cfa5cfc0, 0x00007f77cfa5d1e0] 
[6,376s][debug  ][gc,nmethod     ] GC(1) O: Unregister NMethod: io.sirix.access.trx.page.NodePageTrx.getPageContainer (0x00007f77cfeb6710) [0x00007f77cfeb6980, 0x00007f77cfeb7480] 
[6,376s][debug  ][gc,nmethod     ] GC(1) O: Unregister NMethod: io.sirix.access.trx.node.AbstractDeweyIDManager.newRightSiblingID (0x00007f77cfe7d610) [0x00007f77cfe7d960, 0x00007f77cfe7f188] 
[6,376s][debug  ][gc,nmethod     ] GC(1) O: Unregister NMethod: io.sirix.node.json.ObjectNode.delegate (0x00007f77cfa32b90) [0x00007f77cfa32d40, 0x00007f77cfa32f98] 
[6,376s][debug  ][gc,nmethod     ] GC(1) O: Unregister NMethod: io.sirix.node.xml.AbstractStructForwardingNode.setLastChildKey (0x00007f77cfe49510) [0x00007f77cfe496e0, 0x00007f77cfe49a60] 
[6,376s][debug  ][gc,nmethod     ] GC(1) O: Unregister NMethod: net.openhft.chronicle.bytes.NativeBytes.writeOffsetPositionMoved (0x00007f77cfa48890) [0x00007f77cfa48ac0, 0x00007f77cfa49420] 
[6,377s][debug  ][gc,nmethod     ] GC(1) O: Unregister NMethod: sun.misc.Unsafe.getLong (0x00007f77cfc58d10) [0x00007f77cfc58ea0, 0x00007f77cfc58fa8] 
[6,377s][debug  ][gc,nmethod     ] GC(1) O: Unregister NMethod: sun.net.www.protocol.file.Handler.parseURL (0x00007f77cfc54190) [0x00007f77cfc54340, 0x00007f77cfc544f8] 
[6,377s][debug  ][gc,nmethod     ] GC(1) O: Unregister NMethod: io.sirix.access.trx.node.json.JsonNodeReadOnlyTrxImpl.getNode (0x00007f77cfe23790) [0x00007f77cfe23be0, 0x00007f77cfe25c58] 
[6,377s][debug  ][gc,nmethod     ] GC(1) O: Unregister NMethod: com.google.gson.stream.JsonReader.nextNonWhitespace (0x00007f77cfb16f90) [0x00007f77cfb17480, 0x00007f77cfb194a8] 
[6,377s][debug  ][gc,nmethod     ] GC(1) O: Unregister NMethod: net.openhft.hashing.XXH3.XXH3_avalanche (0x00007f77cfe4ec10) [0x00007f77cfe4eda0, 0x00007f77cfe4eeb0] 
[6,377s][debug  ][gc,nmethod     ] GC(1) O: Unregister NMethod: io.sirix.node.AbstractForwardingNode.getParentKey (0x00007f77cfb6c690) [0x00007f77cfb6c840, 0x00007f77cfb6ca30] 
[6,377s][debug  ][gc,nmethod     ] GC(1) O: Unregister NMethod: com.google.gson.stream.JsonReader.fillBuffer (0x00007f77cff58190) [0x00007f77cff58380, 0x00007f77cff589a8] 
[6,377s][debug  ][gc,nmethod     ] GC(1) O: Unregister NMethod: io.sirix.node.json.NumberNode.getKind (0x00007f77cfefd290) [0x00007f77cfefd420, 0x00007f77cfefd530] 
[6,377s][debug  ][gc,nmethod     ] GC(1) O: Unregister NMethod: jdk.internal.org.objectweb.asm.MethodWriter.visitEnd (0x00007f77cfc4c290) [0x00007f77cfc4c420, 0x00007f77cfc4c528] 
[6,377s][debug  ][gc,nmethod     ] GC(1) O: Unregister NMethod: java.lang.Class.getPackageName (0x00007f77cfa7f510) [0x00007f77cfa7f7c0, 0x00007f77cfa80320] 
[6,377s][debug  ][gc,nmethod     ] GC(1) O: Unregister NMethod: java.lang.StringCoding.hasNegatives (0x00007f77cfae5c10) [0x00007f77cfae5dc0, 0x00007f77cfae6080] 
[6,377s][debug  ][gc,nmethod     ] GC(1) O: Unregister NMethod: io.sirix.node.delegates.ValueNodeDelegate.<init> (0x00007f77cfec7a10) [0x00007f77cfec7c00, 0x00007f77cfec8160] 
[6,377s][debug  ][gc,nmethod     ] GC(1) O: Unregister NMethod: io.sirix.access.trx.page.NodePageTrx.prepareRecordPage (0x00007f77cfeb7890) [0x00007f77cfeb7ba0, 0x00007f77cfeb8f28] 
[6,377s][debug  ][gc,nmethod     ] GC(1) O: Unregister NMethod: java.util.BitSet.cardinality (0x00007f77cfe0fd10) [0x00007f77cfe0fec0, 0x00007f77cfe10138] 
[6,377s][debug  ][gc,nmethod     ] GC(1) O: Unregister NMethod: io.sirix.index.path.summary.PathSummaryWriter.movePathSummary (0x00007f77cfe92e90) [0x00007f77cfe931c0, 0x00007f77cfe94420] 
[6,377s][debug  ][gc,nmethod     ] GC(1) O: Unregister NMethod: io.sirix.node.json.AbstractNumberNode.computeHash (0x00007f77cff17d10) [0x00007f77cff18820, 0x00007f77cff20528] 
[6,377s][debug  ][gc,nmethod     ] GC(1) O: Unregister NMethod: jdk.internal.org.objectweb.asm.SymbolTable.addConstantUtf8Reference (0x00007f77cfab7710) [0x00007f77cfab7960, 0x00007f77cfab8048] 
[6,377s][debug  ][gc,nmethod     ] GC(1) O: Unregister NMethod: io.sirix.access.trx.node.AbstractNodeReadOnlyTrx.setCurrentNode (0x00007f77cfb68e10) [0x00007f77cfb68fe0, 0x00007f77cfb69348] 
[6,377s][debug  ][gc,nmethod     ] GC(1) O: Unregister NMethod: com.google.gson.stream.JsonReader.doPeek (0x00007f77cfe36b10) [0x00007f77cfe378e0, 0x00007f77cfe3e548] 
[6,377s][debug  ][gc,nmethod     ] GC(1) O: Unregister NMethod: sun.net.util.IPAddressUtil.checkHostString (0x00007f77cfad0690) [0x00007f77cfad0840, 0x00007f77cfad0a58] 
[6,377s][debug  ][gc,nmethod     ] GC(1) O: Unregister NMethod: io.sirix.index.path.summary.PathSummaryReader.getNodeKey (0x00007f77ef2a1b90) [0x00007f77ef2a1d20, 0x00007f77ef2a1e70] 
[6,377s][debug  ][gc,nmethod     ] GC(1) O: Unregister NMethod: java.util.concurrent.ConcurrentHashMap.putVal (0x00007f77cfc7c510) [0x00007f77cfc7c8c0, 0x00007f77cfc7e640] 
[6,377s][debug  ][gc,nmethod     ] GC(1) O: Unregister NMethod: jdk.internal.util.Preconditions.checkFromToIndex (0x00007f77cfa5bd90) [0x00007f77cfa5bf40, 0x00007f77cfa5c128] 
[6,377s][debug  ][gc,nmethod     ] GC(1) O: Unregister NMethod: io.sirix.access.trx.node.AbstractNodeReadOnlyTrx.storeDeweyIDs (0x00007f77cfe48890) [0x00007f77cfe48a60, 0x00007f77cfe48e60] 
[6,377s][debug  ][gc,nmethod     ] GC(1) O: Unregister NMethod: java.nio.ByteBuffer.position (0x00007f77cfaaa610) [0x00007f77cfaaa7c0, 0x00007f77cfaaa978] 
[6,377s][debug  ][gc,nmethod     ] GC(1) O: Unregister NMethod: com.google.gson.stream.JsonReader.peek (0x00007f77cfeed790) [0x00007f77cfeed9c0, 0x00007f77cfeedfe8] 
[6,377s][debug  ][gc,nmethod     ] GC(1) O: Unregister NMethod: java.util.concurrent.ConcurrentHashMap.putVal (0x00007f77ef1d5b90) [0x00007f77ef1d5e20, 0x00007f77ef1d6f00] 
[6,377s][debug  ][gc,nmethod     ] GC(1) O: Unregister NMethod: io.sirix.node.xml.AbstractStructForwardingNode.hasLeftSibling (0x00007f77cfe27790) [0x00007f77cfe27940, 0x00007f77cfe27bf8] 
[6,377s][debug  ][gc,nmethod     ] GC(1) O: Unregister NMethod: io.sirix.service.json.shredder.JsonShredder.processNumber (0x00007f77cff23910) [0x00007f77cff23b20, 0x00007f77cff23fa0] 
[6,377s][debug  ][gc,nmethod     ] GC(1) O: Unregister NMethod: java.lang.Math.multiplyHigh (0x00007f77cfe0bf90) [0x00007f77cfe0c120, 0x00007f77cfe0c280] 
[6,377s][debug  ][gc,nmethod     ] GC(1) O: Unregister NMethod: net.openhft.chronicle.bytes.AbstractBytes.clear (0x00007f77cfe1a210) [0x00007f77cfe1a3e0, 0x00007f77cfe1a998] 
[6,377s][debug  ][gc,nmethod     ] GC(1) O: Unregister NMethod: net.openhft.hashing.XXH3.access$500 (0x00007f77cfe4e890) [0x00007f77cfe4ea40, 0x00007f77cfe4eb58] 
[6,377s][debug  ][gc,nmethod     ] GC(1) O: Unregister NMethod: java.lang.System.getSecurityManager (0x00007f77cfa76010) [0x00007f77cfa761a0, 0x00007f77cfa76308] 
[6,377s][debug  ][gc,nmethod     ] GC(1) O: Unregister NMethod: io.sirix.access.trx.node.json.JsonNodeTrxImpl.getPathNodeKey (0x00007f77cfe80690) [0x00007f77cfe80880, 0x00007f77cfe80db0] 
[6,377s][debug  ][gc,nmethod     ] GC(1) O: Unregister NMethod: io.sirix.node.json.ObjectKeyNode.delegate (0x00007f77cfa3a990) [0x00007f77cfa3ab40, 0x00007f77cfa3ad98] 
[6,377s][debug  ][gc,nmethod     ] GC(1) O: Unregister NMethod: com.google.gson.stream.JsonReader.nextString (0x00007f77cfe7b590) [0x00007f77cfe7b8a0, 0x00007f77cfe7c6c8] 
[6,377s][debug  ][gc,nmethod     ] GC(1) O: Unregister NMethod: io.sirix.access.trx.page.NodePageTrx.prepareRecordForModification (0x00007f77cfeb3310) [0x00007f77cfeb3600, 0x00007f77cfeb4580] 
[6,377s][debug  ][gc,nmethod     ] GC(1) O: Unregister NMethod: io.sirix.cache.IndexLogKey.equals (0x00007f77cfec8790) [0x00007f77cfec8960, 0x00007f77cfec8e70] 
[6,377s][debug  ][gc,nmethod     ] GC(1) O: Unregister NMethod: net.openhft.chronicle.bytes.StreamingDataOutput.appendUtf8 (0x00007f77cfe53390) [0x00007f77cfe53580, 0x00007f77cfe53aa8] 
[6,377s][debug  ][gc,nmethod     ] GC(1) O: Unregister NMethod: java.util.ArrayList$Itr.next (0x00007f77cfdb4710) [0x00007f77cfdb4900, 0x00007f77cfdb4d68] 
[6,377s][debug  ][gc,nmethod     ] GC(1) O: Unregister NMethod: io.sirix.node.json.ArrayNode.getKind (0x00007f77cfe20490) [0x00007f77cfe20620, 0x00007f77cfe20730] 
[6,377s][debug  ][gc,nmethod     ] GC(1) O: Unregister NMethod: net.openhft.chronicle.core.io.AbstractReferenceCounted.refCount (0x00007f77cfea7310) [0x00007f77cfea74c0, 0x00007f77cfea7658] 
[6,378s][debug  ][gc,nmethod     ] GC(1) O: Unregister NMethod: io.sirix.access.trx.page.NodePageTrx.createRecord (0x00007f77cfe1b190) [0x00007f77cfe1b560, 0x00007f77cfe1cea0] 
[6,378s][debug  ][gc,nmethod     ] GC(1) O: Unregister NMethod: io.sirix.node.json.ObjectNode.getKind (0x00007f77cfe21190) [0x00007f77cfe21320, 0x00007f77cfe21430] 
[6,378s][debug  ][gc,nmethod     ] GC(1) O: Unregister NMethod: java.util.regex.Matcher.search (0x00007f77cfbe6510) [0x00007f77cfbe6700, 0x00007f77cfbe6d98] 
[6,378s][debug  ][gc,nmethod     ] GC(1) O: Unregister NMethod: io.sirix.node.json.AbstractBooleanNode.computeHash (0x00007f77cff2c490) [0x00007f77cff2c860, 0x00007f77cff2e7a8] 
[6,378s][debug  ][gc,nmethod     ] GC(1) O: Unregister NMethod: io.sirix.page.KeyValueLeafPage.setRecord (0x00007f77cfe20810) [0x00007f77cfe20a00, 0x00007f77cfe20f08] 
[6,378s][debug  ][gc,nmethod     ] GC(1) O: Unregister NMethod: io.sirix.access.trx.page.NodePageTrx.createRecord (0x00007f77ef2c5a90) [0x00007f77ef2c5f60, 0x00007f77ef2c8548] 
[6,378s][debug  ][gc,nmethod     ] GC(1) O: Unregister NMethod: java.nio.Buffer.<init> (0x00007f77cfa73e90) [0x00007f77cfa74140, 0x00007f77cfa74c38] 
[6,378s][debug  ][gc,nmethod     ] GC(1) O: Unregister NMethod: net.openhft.chronicle.bytes.AbstractBytes.writeInt (0x00007f77cfe7b090) [0x00007f77cfe7b240, 0x00007f77cfe7b498] 
[6,378s][debug  ][gc,nmethod     ] GC(1) O: Unregister NMethod: io.sirix.service.json.shredder.JsonShredder.insertNullValue (0x00007f77cff06590) [0x00007f77cff069e0, 0x00007f77cff08a70] 
[6,378s][debug  ][gc,nmethod     ] GC(1) O: Unregister NMethod: net.openhft.hashing.LongHashFunction.unsafeHash (0x00007f77cfe4c610) [0x00007f77cfe4c7c0, 0x00007f77cfe4c988] 
[6,378s][debug  ][gc,nmethod     ] GC(1) O: Unregister NMethod: it.unimi.dsi.fastutil.longs.AbstractLongList.peekLong (0x00007f77cfe2c590) [0x00007f77cfe2c740, 0x00007f77cfe2c8c0] 
[6,378s][debug  ][gc,nmethod     ] GC(1) O: Unregister NMethod: io.sirix.service.json.shredder.JsonShredder.processString (0x00007f77cfef3d90) [0x00007f77cfef3f80, 0x00007f77cfef4378] 
[6,378s][debug  ][gc,nmethod     ] GC(1) O: Unregister NMethod: java.util.Arrays.copyOf (0x00007f77cfacdf10) [0x00007f77cface120, 0x00007f77cface7b8] 
[6,378s][debug  ][gc,nmethod     ] GC(1) O: Unregister NMethod: net.openhft.chronicle.bytes.NativeBytes.writeLong (0x00007f77cfa9bf90) [0x00007f77cfa9c140, 0x00007f77cfa9c2f0] 
[6,378s][debug  ][gc,nmethod     ] GC(1) O: Unregister NMethod: io.sirix.index.path.summary.PathSummaryReader.getStructuralNode (0x00007f77cfb13890) [0x00007f77cfb13a40, 0x00007f77cfb13c60] 
[6,378s][debug  ][gc,nmethod     ] GC(1) O: Unregister NMethod: it.unimi.dsi.fastutil.longs.LongArrayList.getLong (0x00007f77cfe2c990) [0x00007f77cfe2cc00, 0x00007f77cfe2d448] 
[6,378s][debug  ][gc,nmethod     ] GC(1) O: Unregister NMethod: io.sirix.service.json.JsonNumber.stringToNumber (0x00007f77cff22b90) [0x00007f77cff22e00, 0x00007f77cff23570] 
[6,378s][debug  ][gc,nmethod     ] GC(1) O: Unregister NMethod: java.lang.invoke.MethodType.makeImpl (0x00007f77cfa6af90) [0x00007f77cfa6b260, 0x00007f77cfa6c0e0] 
[6,378s][debug  ][gc,nmethod     ] GC(1) O: Unregister NMethod: io.sirix.axis.AbstractAxis.hasNext (0x00007f77ef2a4c90) [0x00007f77ef2a4f80, 0x00007f77ef2a5c60] 
[6,378s][debug  ][gc,nmethod     ] GC(1) O: Unregister NMethod: io.sirix.node.json.ArrayNode.delegate (0x00007f77cfe1e510) [0x00007f77cfe1e6c0, 0x00007f77cfe1e918] 
[6,378s][debug  ][gc,nmethod     ] GC(1) O: Unregister NMethod: java.nio.charset.CharsetDecoder.decode (0x00007f77cff4a010) [0x00007f77cff4a3a0, 0x00007f77cff4bc40] 
[6,378s][debug  ][gc,nmethod     ] GC(1) O: Unregister NMethod: sun.nio.cs.UTF_8$Decoder.decodeArrayLoop (0x00007f77cff4c410) [0x00007f77cff4cca0, 0x00007f77cff51c78] 
[6,378s][debug  ][gc,nmethod     ] GC(1) O: Unregister NMethod: com.google.gson.stream.JsonReader.peekKeyword (0x00007f77cfef0e90) [0x00007f77cfef11c0, 0x00007f77cfef2598] 
[6,378s][debug  ][gc,nmethod     ] GC(1) O: Unregister NMethod: java.util.HashMap.computeIfAbsent (0x00007f77cfeba910) [0x00007f77cfebac60, 0x00007f77cfebc310] 
[6,378s][debug  ][gc,nmethod     ] GC(1) O: Unregister NMethod: io.sirix.node.json.AbstractStringNode.computeHash (0x00007f77cfec1490) [0x00007f77cfec17e0, 0x00007f77cfec2fb8] 
[6,378s][debug  ][gc,nmethod     ] GC(1) O: Unregister NMethod: io.sirix.service.json.shredder.JsonShredder.insertNewContent (0x00007f77cff58b10) [0x00007f77cff58e60, 0x00007f77cff59ef8] 
[6,378s][debug  ][gc,nmethod     ] GC(1) O: Unregister NMethod: java.nio.Buffer.position (0x00007f77cfdfb210) [0x00007f77cfdfb3c0, 0x00007f77cfdfb640] 
[6,378s][debug  ][gc,nmethod     ] GC(1) O: Unregister NMethod: net.openhft.hashing.LongHashFunction.hashByteBuffer (0x00007f77cfe4d610) [0x00007f77cfe4d8a0, 0x00007f77cfe4e500] 
[6,378s][debug  ][gc,nmethod     ] GC(1) O: Unregister NMethod: net.openhft.hashing.Maths.unsignedLongMulXorFold (0x00007f77cfe0bc10) [0x00007f77cfe0bdc0, 0x00007f77cfe0bf00] 
[6,378s][debug  ][gc,nmethod     ] GC(1) O: Unregister NMethod: java.util.Arrays.copyOf (0x00007f77cfa8c490) [0x00007f77cfa8c660, 0x00007f77cfa8cb20] 
[6,378s][debug  ][gc,nmethod     ] GC(1) O: Unregister NMethod: io.sirix.service.json.shredder.JsonShredder.insertStringValue (0x00007f77cfefd610) [0x00007f77cfefda80, 0x00007f77cfeffc88] 
[6,378s][debug  ][gc,nmethod     ] GC(1) O: Unregister NMethod: io.sirix.access.trx.node.json.JsonNodeFactoryImpl.createJsonStringNode (0x00007f77cfefb510) [0x00007f77cfefb7c0, 0x00007f77cfefc520] 
[6,378s][debug  ][gc,nmethod     ] GC(1) O: Unregister NMethod: net.openhft.hashing.UnsafeAccess.byteOrder (0x00007f77cfe30990) [0x00007f77cfe30b20, 0x00007f77cfe30c88] 
[6,378s][debug  ][gc,nmethod     ] GC(1) O: Unregister NMethod: java.nio.ByteBuffer.arrayOffset (0x00007f77cfa97810) [0x00007f77cfa979e0, 0x00007f77cfa97ce0] 
[6,378s][debug  ][gc,nmethod     ] GC(1) O: Unregister NMethod: io.sirix.node.json.StringNode.getKind (0x00007f77cfeeeb10) [0x00007f77cfeeeca0, 0x00007f77cfeeedb0] 
[6,378s][debug  ][gc,nmethod     ] GC(1) O: Unregister NMethod: io.sirix.service.json.shredder.JsonShredder.processNull (0x00007f77cff00710) [0x00007f77cff00900, 0x00007f77cff00ce8] 
[6,378s][debug  ][gc,nmethod     ] GC(1) O: Unregister NMethod: com.google.gson.stream.JsonReader.peekNumber (0x00007f77cff09410) [0x00007f77cff09680, 0x00007f77cff0a580] 
[6,378s][debug  ][gc,nmethod     ] GC(1) O: Unregister NMethod: io.sirix.axis.AbstractAxis.hasNext (0x00007f77cfaf1810) [0x00007f77cfaf1a40, 0x00007f77cfaf20a0] 
[6,379s][debug  ][gc,nmethod     ] GC(1) O: Unregister NMethod: io.sirix.access.trx.page.NodePageTrx.prepareRecordPage (0x00007f77ef28f610) [0x00007f77ef28f7a0, 0x00007f77ef28f8f8] 
[6,379s][debug  ][gc,nmethod     ] GC(1) O: Unregister NMethod: it.unimi.dsi.fastutil.HashCommon.mix (0x00007f77cfaecd10) [0x00007f77cfaecea0, 0x00007f77cfaecf98] 
[6,379s][debug  ][gc,nmethod     ] GC(1) O: Unregister NMethod: net.openhft.chronicle.bytes.AppendableUtil.findUtf8Length (0x00007f77cfe52c10) [0x00007f77cfe52dc0, 0x00007f77cfe531e0] 
[6,379s][debug  ][gc,nmethod     ] GC(1) O: Unregister NMethod: io.sirix.node.json.ObjectKeyNode.getKind (0x00007f77cfa6dc90) [0x00007f77cfa6de20, 0x00007f77cfa6df30] 
[6,379s][debug  ][gc,nmethod     ] GC(1) O: Unregister NMethod: net.openhft.chronicle.bytes.internal.BytesInternal.appendUtf8Char (0x00007f77cfec9890) [0x00007f77cfec9b80, 0x00007f77cfecafb0] 
[6,379s][debug  ][gc,nmethod     ] GC(1) O: Unregister NMethod: java.lang.invoke.MethodType.methodType (0x00007f77ef262b90) [0x00007f77ef2632e0, 0x00007f77ef267c28] 
[6,379s][debug  ][gc,nmethod     ] GC(1) O: Unregister NMethod: com.google.gson.stream.JsonReader.peek (0x00007f77cfe1db90) [0x00007f77cfe1ddc0, 0x00007f77cfe1e3f8] 
[6,379s][debug  ][gc,nmethod     ] GC(1) O: Unregister NMethod: io.sirix.access.trx.page.NodePageReadOnlyTrx.checkItemIfDeleted (0x00007f77cfa9c690) [0x00007f77cfa9c840, 0x00007f77cfa9ca90] 
[6,379s][debug  ][gc,nmethod     ] GC(1) O: Unregister NMethod: io.sirix.access.trx.node.json.JsonNodeTrxImpl.getPathNodeKey (0x00007f77cfe6ef90) [0x00007f77cfe6f1e0, 0x00007f77cfe6fd00] 
[6,379s][debug  ][gc,nmethod     ] GC(1) O: Unregister NMethod: jdk.internal.org.objectweb.asm.Frame.execute (0x00007f77ef26c590) [0x00007f77ef26d3c0, 0x00007f77ef26fbb8] 
[6,379s][debug  ][gc,nmethod     ] GC(1) O: Unregister NMethod: io.sirix.node.delegates.StructNodeDelegate.<init> (0x00007f77cfe22b90) [0x00007f77cfe22d60, 0x00007f77cfe23138] 
[6,379s][debug  ][gc,nmethod     ] GC(1) O: Unregister NMethod: io.sirix.service.json.shredder.JsonShredder.processBoolean (0x00007f77cff30110) [0x00007f77cff30300, 0x00007f77cff306e8] 
[6,379s][debug  ][gc,nmethod     ] GC(1) O: Unregister NMethod: jdk.internal.loader.URLClassPath.getResource (0x00007f77cfb85590) [0x00007f77cfb85760, 0x00007f77cfb85ab0] 
[6,379s][debug  ][gc,nmethod     ] GC(1) O: Unregister NMethod: java.util.Objects.requireNonNull (0x00007f77cfa88790) [0x00007f77cfa88940, 0x00007f77cfa88b30] 
[6,379s][debug  ][gc,nmethod     ] GC(1) O: Unregister NMethod: java.lang.Integer.valueOf (0x00007f77cfaa4190) [0x00007f77cfaa4360, 0x00007f77cfaa46a0] 
[6,379s][debug  ][gc,nmethod     ] GC(1) O: Unregister NMethod: io.sirix.access.trx.node.AbstractNodeReadOnlyTrx.moveTo (0x00007f77ef292d90) [0x00007f77ef292fe0, 0x00007f77ef2939e0] 
[6,379s][debug  ][gc,nmethod     ] GC(1) O: Unregister NMethod: io.sirix.node.delegates.NodeDelegate.<init> (0x00007f77cfe28110) [0x00007f77cfe282e0, 0x00007f77cfe28698] 
[6,379s][debug  ][gc,nmethod     ] GC(1) O: Unregister NMethod: java.util.ArrayList.iterator (0x00007f77cfbe7a10) [0x00007f77cfbe7bc0, 0x00007f77cfbe7e60] 
[6,379s][debug  ][gc,nmethod     ] GC(1) O: Unregister NMethod: net.openhft.chronicle.bytes.NativeBytes.writeByte (0x00007f77cfa3b290) [0x00007f77cfa3b440, 0x00007f77cfa3b698] 
[6,379s][debug  ][gc,nmethod     ] GC(1) O: Unregister NMethod: java.lang.Math.clamp (0x00007f77cfb43910) [0x00007f77cfb43b60, 0x00007f77cfb44328] 
[6,379s][debug  ][gc,nmethod     ] GC(1) O: Unregister NMethod: java.lang.String.decodeASCII (0x00007f77cff49190) [0x00007f77cff49360, 0x00007f77cff49618] 
[6,379s][debug  ][gc,nmethod     ] GC(1) O: Unregister NMethod: io.sirix.access.trx.node.json.JsonNodeTrxImpl.insertNullValueAsRightSibling (0x00007f77cff03e10) [0x00007f77cff04180, 0x00007f77cff05af0] 
[6,379s][debug  ][gc,nmethod     ] GC(1) O: Unregister NMethod: io.sirix.node.xml.AbstractStructForwardingNode.getFirstChildKey (0x00007f77cfe45590) [0x00007f77cfe45740, 0x00007f77cfe45930] 
[6,379s][debug  ][gc,nmethod     ] GC(1) O: Unregister NMethod: it.unimi.dsi.fastutil.longs.AbstractLongList.popLong (0x00007f77cfe2a290) [0x00007f77cfe2a460, 0x00007f77cfe2a7a8] 
[6,379s][debug  ][gc,nmethod     ] GC(1) O: Unregister NMethod: io.sirix.access.trx.page.NodePageTrx.getMostRecentPageContainer (0x00007f77cfa38f90) [0x00007f77cfa39180, 0x00007f77cfa39880] 
[6,379s][debug  ][gc,nmethod     ] GC(1) O: Unregister NMethod: io.sirix.access.trx.page.NodePageTrx.getRecord (0x00007f77ef295490) [0x00007f77ef295680, 0x00007f77ef295c38] 
[6,379s][debug  ][gc,nmethod     ] GC(1) O: Unregister NMethod: java.lang.StringLatin1.inflate (0x00007f77cfdc4710) [0x00007f77cfdc48c0, 0x00007f77cfdc4ac0] 
[6,379s][debug  ][gc,nmethod     ] GC(1) O: Unregister NMethod: net.openhft.chronicle.bytes.NativeBytes.writeByte (0x00007f77cfa5ca10) [0x00007f77cfa5cbc0, 0x00007f77cfa5cd70] 
[6,379s][debug  ][gc,nmethod     ] GC(1) O: Unregister NMethod: io.sirix.access.trx.page.NodePageTrx.prepareRecordPage (0x00007f77cfa9ec90) [0x00007f77cfa9efc0, 0x00007f77cfaa0690] 
[6,379s][debug  ][gc,nmethod     ] GC(1) O: Unregister NMethod: java.lang.Integer.rotateRight (0x00007f77cfba3490) [0x00007f77cfba3620, 0x00007f77cfba3718] 
[6,379s][debug  ][gc,nmethod     ] GC(1) O: Unregister NMethod: net.openhft.hashing.XXH3.XXH3_mix16B (0x00007f77cfe0ca90) [0x00007f77cfe0cca0, 0x00007f77cfe0d5d0] 
[6,379s][debug  ][gc,nmethod     ] GC(1) O: Unregister NMethod: java.util.zip.Checksum.update (0x00007f77cfb9d310) [0x00007f77cfb9d4c0, 0x00007f77cfb9d6b0] 
[6,379s][debug  ][gc,nmethod     ] GC(1) O: Unregister NMethod: io.sirix.node.json.AbstractNumberNode.delegate (0x00007f77cfe0e010) [0x00007f77cfe0e1c0, 0x00007f77cfe0e418] 
[6,379s][debug  ][gc,nmethod     ] GC(1) O: Unregister NMethod: net.openhft.chronicle.bytes.NativeBytes.writeLong (0x00007f77cfb13d10) [0x00007f77cfb13ec0, 0x00007f77cfb14118] 
[6,379s][debug  ][gc,nmethod     ] GC(1) O: Unregister NMethod: io.sirix.access.trx.page.NodePageTrx.getPageContainer (0x00007f77ef292310) [0x00007f77ef2924a0, 0x00007f77ef2925d8] 
[6,379s][debug  ][gc,nmethod     ] GC(1) O: Unregister NMethod: io.sirix.access.trx.node.AbstractNodeHashing.rollingAdd (0x00007f77ef2aa690) [0x00007f77ef2aab20, 0x00007f77ef2ac498] 
[6,379s][debug  ][gc,nmethod     ] GC(1) O: Unregister NMethod: java.lang.ThreadLocal.get (0x00007f77cfda0890) [0x00007f77cfda0a60, 0x00007f77cfda0dd0] 
[6,379s][debug  ][gc,nmethod     ] GC(1) O: Unregister NMethod: java.lang.CharacterDataLatin1.digit (0x00007f77cfe2e190) [0x00007f77cfe2e340, 0x00007f77cfe2e598] 
[6,379s][debug  ][gc,nmethod     ] GC(1) O: Unregister NMethod: jdk.internal.loader.URLClassPath$JarLoader$2.getCodeSourceURL (0x00007f77cfc54610) [0x00007f77cfc547a0, 0x00007f77cfc54908] 
[6,379s][debug  ][gc,nmethod     ] GC(1) O: Unregister NMethod: java.nio.ByteBuffer.position (0x00007f77cfa2ab90) [0x00007f77cfa2ad40, 0x00007f77cfa2ae88] 
[6,379s][debug  ][gc,nmethod     ] GC(1) O: Unregister NMethod: io.sirix.api.PageReadOnlyTrx.recordPageOffset (0x00007f77cfa5d710) [0x00007f77cfa5d8a0, 0x00007f77cfa5d9a0] 
[6,379s][debug  ][gc,nmethod     ] GC(1) O: Unregister NMethod: io.sirix.service.json.shredder.JsonShredder.adaptTrxPosAndStack (0x00007f77cfe80f10) [0x00007f77cfe81180, 0x00007f77cfe81d38] 
[6,379s][debug  ][gc,nmethod     ] GC(1) O: Unregister NMethod: io.sirix.utils.IntToObjectMap.find (0x00007f77cfaf2910) [0x00007f77cfaf2ae0, 0x00007f77cfaf2e88] 
[6,379s][debug  ][gc,nmethod     ] GC(1) O: Unregister NMethod: jdk.internal.org.objectweb.asm.MethodWriter.visitCode (0x00007f77cfc66710) [0x00007f77cfc668a0, 0x00007f77cfc669a8] 
[6,379s][debug  ][gc,nmethod     ] GC(1) O: Unregister NMethod: jdk.internal.org.objectweb.asm.Frame.push (0x00007f77cfb73490) [0x00007f77cfb73680, 0x00007f77cfb73cd0] 
[6,380s][debug  ][gc,nmethod     ] GC(1) O: Unregister NMethod: java.util.Arrays.copyOfRange (0x00007f77cfa45f90) [0x00007f77cfa46220, 0x00007f77cfa46da8] 
[6,380s][debug  ][gc,nmethod     ] GC(1) O: Unregister NMethod: io.sirix.utils.IntToObjectMap.put (0x00007f77cfe40b90) [0x00007f77cfe40d80, 0x00007f77cfe41248] 
[6,380s][debug  ][gc,nmethod     ] GC(1) O: Unregister NMethod: io.sirix.access.trx.node.AbstractNodeHashing.rollingAdd (0x00007f77cfe31590) [0x00007f77cfe31a00, 0x00007f77cfe34060] 
[6,380s][debug  ][gc,nmethod     ] GC(1) O: Unregister NMethod: io.sirix.node.xml.AbstractStructForwardingNode.setFirstChildKey (0x00007f77cfe23310) [0x00007f77cfe234c0, 0x00007f77cfe236b8] 
[6,380s][debug  ][gc,nmethod     ] GC(1) O: Unregister NMethod: io.sirix.access.trx.node.json.JsonNodeTrxImpl.insertArrayAsRightSibling (0x00007f77cff40710) [0x00007f77cff40ae0, 0x00007f77cff42840] 
[6,380s][debug  ][gc,nmethod     ] GC(1) O: Unregister NMethod: sun.net.util.IPAddressUtil.scan (0x00007f77cfad1f10) [0x00007f77cfad2180, 0x00007f77cfad2da0] 
[6,380s][debug  ][gc,nmethod     ] GC(1) O: Unregister NMethod: java.nio.Buffer.limit (0x00007f77cfaaca10) [0x00007f77cfaacbc0, 0x00007f77cfaace78] 
[6,380s][debug  ][gc,nmethod     ] GC(1) O: Unregister NMethod: io.sirix.node.json.AbstractNullNode.delegate (0x00007f77cfeed290) [0x00007f77cfeed440, 0x00007f77cfeed698] 
[6,380s][debug  ][gc,nmethod     ] GC(1) O: Unregister NMethod: java.util.HashSet.isEmpty (0x00007f77cfa66190) [0x00007f77cfa66340, 0x00007f77cfa665b0] 
[6,380s][debug  ][gc,nmethod     ] GC(1) O: Unregister NMethod: net.openhft.chronicle.bytes.internal.BytesInternal.writeStopBit (0x00007f77cfe86010) [0x00007f77cfe86220, 0x00007f77cfe869a8] 
[6,380s][debug  ][gc,nmethod     ] GC(1) O: Unregister NMethod: net.openhft.chronicle.bytes.internal.BytesInternal.writeUtf8 (0x00007f77cfe8bc90) [0x00007f77cfe8bf80, 0x00007f77cfe8d000] 
[6,380s][debug  ][gc,nmethod     ] GC(1) O: Unregister NMethod: java.lang.Integer.parseInt (0x00007f77cfef4b10) [0x00007f77cfef4fa0, 0x00007f77cfef6e70] 
[6,380s][debug  ][gc,nmethod     ] GC(1) O: Unregister NMethod: java.lang.ref.Cleaner$1.apply (0x00007f77cfa95090) [0x00007f77cfa95240, 0x00007f77cfa954c8] 
[6,380s][debug  ][gc,nmethod     ] GC(1) O: Unregister NMethod: io.sirix.access.trx.page.NodePageTrx.getMostRecentPageContainer (0x00007f77cfeb2910) [0x00007f77cfeb2b00, 0x00007f77cfeb3200] 
[6,380s][debug  ][gc,nmethod     ] GC(1) O: Unregister NMethod: java.lang.AbstractStringBuilder.appendChars (0x00007f77cfeec790) [0x00007f77cfeec9a0, 0x00007f77cfeecfd0] 
[6,380s][debug  ][gc,nmethod     ] GC(1) O: Unregister NMethod: net.openhft.chronicle.core.io.AbstractReferenceCounted.throwExceptionIfReleased (0x00007f77cfa34810) [0x00007f77cfa349e0, 0x00007f77cfa34de8] 
[6,380s][debug  ][gc,nmethod     ] GC(1) O: Unregister NMethod: java.lang.invoke.DelegatingMethodHandle$Holder.delegate (0x00007f77cfedc310) [0x00007f77cfedc4e0, 0x00007f77cfedc908] 
[6,380s][debug  ][gc,nmethod     ] GC(1) O: Unregister NMethod: io.sirix.access.trx.node.json.JsonNodeTrxImpl.adaptForInsert (0x00007f77cfe49c10) [0x00007f77cfe49f60, 0x00007f77cfe4b278] 
[6,380s][debug  ][gc,nmethod     ] GC(1) O: Unregister NMethod: io.sirix.access.trx.node.AbstractNodeReadOnlyTrx.moveToParent (0x00007f77cfe21e90) [0x00007f77cfe22080, 0x00007f77cfe22518] 
[6,380s][debug  ][gc,nmethod     ] GC(1) O: Unregister NMethod: io.sirix.access.trx.page.NodePageTrx.getPageContainer (0x00007f77cfb14210) [0x00007f77cfb14480, 0x00007f77cfb152d0] 
[6,380s][debug  ][gc,nmethod     ] GC(1) O: Unregister NMethod: java.nio.CharBuffer.<init> (0x00007f77cfeeac10) [0x00007f77cfeeadc0, 0x00007f77cfeeaf98] 
[6,380s][debug  ][gc,nmethod     ] GC(1) O: Unregister NMethod: io.sirix.access.trx.node.json.JsonNodeReadOnlyTrxImpl.isObjectKey (0x00007f77cfe7fe90) [0x00007f77cfe80060, 0x00007f77cfe80538] 
[6,380s][debug  ][gc,nmethod     ] GC(1) O: Unregister NMethod: net.openhft.chronicle.core.UnsafeMemory.writeLong (0x00007f77cfa49b90) [0x00007f77cfa49d20, 0x00007f77cfa49ef0] 
[6,380s][debug  ][gc,nmethod     ] GC(1) O: Unregister NMethod: io.sirix.page.RevisionRootPage.incrementAndGetMaxNodeKeyInDocumentIndex (0x00007f77cfe2c210) [0x00007f77cfe2c3a0, 0x00007f77cfe2c4b8] 
[6,380s][debug  ][gc,nmethod     ] GC(1) O: Unregister NMethod: io.sirix.access.trx.node.json.JsonNodeTrxImpl.adaptNodesAndHashesForInsertAsChild (0x00007f77cfe54010) [0x00007f77cfe54260, 0x00007f77cfe54ec8] 
[6,380s][debug  ][gc,nmethod     ] GC(1) O: Unregister NMethod: java.nio.ByteBuffer.rewind (0x00007f77cfe2be90) [0x00007f77cfe2c020, 0x00007f77cfe2c190] 
[6,380s][debug  ][gc,nmethod     ] GC(1) O: Unregister NMethod: io.sirix.access.trx.page.NodePageReadOnlyTrx.assertNotClosed (0x00007f77cfa5de90) [0x00007f77cfa5e040, 0x00007f77cfa5e270] 
[6,380s][debug  ][gc,nmethod     ] GC(1) O: Unregister NMethod: io.sirix.access.trx.node.AbstractIndexController.notifyChange (0x00007f77cfe42690) [0x00007f77cfe428a0, 0x00007f77cfe42fe0] 
[6,380s][debug  ][gc,nmethod     ] GC(1) O: Unregister NMethod: java.lang.invoke.LambdaForm$MH/0x0000000080358400.invoke (0x00007f77cff15010) [0x00007f77cff151a0, 0x00007f77cff15408] 
[6,380s][debug  ][gc,nmethod     ] GC(1) O: Unregister NMethod: io.sirix.access.trx.node.AbstractNodeTrxImpl.checkAccessAndCommit (0x00007f77cfe50d10) [0x00007f77cfe50f40, 0x00007f77cfe51748] 
[6,380s][debug  ][gc,nmethod     ] GC(1) O: Unregister NMethod: net.openhft.chronicle.bytes.internal.HeapBytesStore.writeInt (0x00007f77cfe56610) [0x00007f77cfe567c0, 0x00007f77cfe56910] 
[6,380s][debug  ][gc,nmethod     ] GC(1) O: Unregister NMethod: java.lang.invoke.MethodHandleImpl.profileBoolean (0x00007f77cfe51a10) [0x00007f77cfe51be0, 0x00007f77cfe51fd8] 
[6,380s][debug  ][gc,nmethod     ] GC(1) O: Unregister NMethod: net.openhft.chronicle.bytes.internal.HeapBytesStore.writeLong (0x00007f77cfb68190) [0x00007f77cfb68340, 0x00007f77cfb68490] 
[6,380s][debug  ][gc,nmethod     ] GC(1) O: Unregister NMethod: com.google.gson.stream.JsonReader.fillBuffer (0x00007f77ef35f310) [0x00007f77ef35f640, 0x00007f77ef360ba0] 
[6,380s][debug  ][gc,nmethod     ] GC(1) O: Unregister NMethod: net.openhft.chronicle.bytes.AbstractBytes.readLimit (0x00007f77cfaa5c10) [0x00007f77cfaa5da0, 0x00007f77cfaa5f30] 
[6,380s][debug  ][gc,nmethod     ] GC(1) O: Unregister NMethod: io.sirix.access.trx.node.AbstractNodeReadOnlyTrx.getNodeKey (0x00007f77cfe4fe10) [0x00007f77cfe4ffe0, 0x00007f77cfe503c8] 
[6,380s][debug  ][gc,nmethod     ] GC(1) O: Unregister NMethod: io.sirix.axis.filter.FilterAxis.<init> (0x00007f77cfe75210) [0x00007f77cfe75580, 0x00007f77cfe76e60] 
[6,380s][debug  ][gc,nmethod     ] GC(1) O: Unregister NMethod: java.util.BitSet.checkInvariants (0x00007f77cfa5f590) [0x00007f77cfa5f720, 0x00007f77cfa5f858] 
[6,380s][debug  ][gc,nmethod     ] GC(1) O: Unregister NMethod: io.sirix.access.trx.node.AbstractNodeTrxImpl.intermediateCommitIfRequired (0x00007f77cfe52290) [0x00007f77cfe52480, 0x00007f77cfe529e8] 
[6,380s][debug  ][gc,nmethod     ] GC(1) O: Unregister NMethod: java.nio.CharBuffer.wrap (0x00007f77cfef4510) [0x00007f77cfef46e0, 0x00007f77cfef4970] 
[6,380s][debug  ][gc,nmethod     ] GC(1) O: Unregister NMethod: io.sirix.service.json.shredder.JsonShredder.insertArray (0x00007f77cff43510) [0x00007f77cff43b60, 0x00007f77cff474f8] 
[6,380s][debug  ][gc,nmethod     ] GC(1) O: Unregister NMethod: java.nio.ByteBuffer.limit (0x00007f77cfbfea90) [0x00007f77cfbfec40, 0x00007f77cfbfed88] 
[6,380s][debug  ][gc,nmethod     ] GC(1) O: Unregister NMethod: io.sirix.access.trx.node.json.JsonNodeHashing.getCurrentNode (0x00007f77cfa9b810) [0x00007f77cfa9b9c0, 0x00007f77cfa9bbe8] 
[6,380s][debug  ][gc,nmethod     ] GC(1) O: Unregister NMethod: java.lang.System$2.decodeASCII (0x00007f77cff48590) [0x00007f77cff48740, 0x00007f77cff48888] 
[6,380s][debug  ][gc,nmethod     ] GC(1) O: Unregister NMethod: java.lang.String.<init> (0x00007f77ef226010) [0x00007f77ef2261c0, 0x00007f77ef226750] 
[6,380s][debug  ][gc,nmethod     ] GC(1) O: Unregister NMethod: jdk.internal.org.objectweb.asm.ByteVector.put122 (0x00007f77cfb06110) [0x00007f77cfb062c0, 0x00007f77cfb065a0] 
[6,380s][debug  ][gc,nmethod     ] GC(1) O: Unregister NMethod: java.lang.ref.SoftReference.get (0x00007f77ef251b10) [0x00007f77ef251ca0, 0x00007f77ef251dc0] 
[6,380s][debug  ][gc,nmethod     ] GC(1) O: Unregister NMethod: io.sirix.access.trx.page.NodePageTrx.createRecord (0x00007f77cff3dc10) [0x00007f77cff3dfe0, 0x00007f77cff3f910] 
[6,380s][debug  ][gc,nmethod     ] GC(1) O: Unregister NMethod: io.sirix.node.xml.AbstractStructForwardingNode.<init> (0x00007f77cfe22690) [0x00007f77cfe22840, 0x00007f77cfe22a60] 
[6,380s][debug  ][gc,nmethod     ] GC(1) O: Unregister NMethod: java.util.HashMap.hash (0x00007f77ef24a510) [0x00007f77ef24a6a0, 0x00007f77ef24a798] 
[6,381s][debug  ][gc,nmethod     ] GC(1) O: Unregister NMethod: io.sirix.node.xml.AbstractStructForwardingNode.setDescendantCount (0x00007f77cfaf0690) [0x00007f77cfaf0840, 0x00007f77cfaf0a38] 
[6,381s][debug  ][gc,nmethod     ] GC(1) O: Unregister NMethod: io.sirix.access.trx.node.json.JsonNodeFactoryImpl.createJsonNullNode (0x00007f77cff02b90) [0x00007f77cff02e00, 0x00007f77cff03908] 
[6,381s][debug  ][gc,nmethod     ] GC(1) O: Unregister NMethod: java.util.concurrent.ConcurrentHashMap$Node.<init> (0x00007f77cfa3cd90) [0x00007f77cfa3cf40, 0x00007f77cfa3d198] 
[6,381s][debug  ][gc,nmethod     ] GC(1) O: Unregister NMethod: it.unimi.dsi.fastutil.longs.LongArrayList.add (0x00007f77cfe28c10) [0x00007f77cfe28de0, 0x00007f77cfe290d0] 
[6,381s][debug  ][gc,nmethod     ] GC(1) O: Unregister NMethod: io.sirix.access.trx.node.json.JsonNodeTrxImpl.insertAsSibling (0x00007f77cfe82190) [0x00007f77cfe82580, 0x00007f77cfe848e8] 
[6,381s][debug  ][gc,nmethod     ] GC(1) O: Unregister NMethod: java.net.URL.<init> (0x00007f77cfb60b90) [0x00007f77cfb61220, 0x00007f77cfb64aa0] 
[6,381s][debug  ][gc,nmethod     ] GC(1) O: Unregister NMethod: io.sirix.node.xml.AbstractStructForwardingNode.getLeftSiblingKey (0x00007f77cfe7ac10) [0x00007f77cfe7adc0, 0x00007f77cfe7afb0] 
[6,381s][debug  ][gc,nmethod     ] GC(1) O: Unregister NMethod: net.openhft.chronicle.bytes.internal.BytesInternal.appendUtf8Char (0x00007f77ef299b10) [0x00007f77ef299d00, 0x00007f77ef29a260] 
[6,381s][debug  ][gc,nmethod     ] GC(1) O: Unregister NMethod: net.openhft.hashing.XXH3$AsLongHashFunction.hash (0x00007f77cfe4cd90) [0x00007f77cfe4cf80, 0x00007f77cfe4d410] 
[6,381s][debug  ][gc,nmethod     ] GC(1) O: Unregister NMethod: jdk.internal.org.objectweb.asm.Frame.execute (0x00007f77cfac4a90) [0x00007f77cfac5920, 0x00007f77cfacc2d8] 
[6,381s][debug  ][gc,nmethod     ] GC(1) O: Unregister NMethod: java.lang.ref.SoftReference.get (0x00007f77cfb09510) [0x00007f77cfb096c0, 0x00007f77cfb098a0] 
[6,381s][debug  ][gc,nmethod     ] GC(1) O: Unregister NMethod: java.nio.CharBuffer.position (0x00007f77cfa29910) [0x00007f77cfa29ac0, 0x00007f77cfa29c70] 
[6,381s][debug  ][gc,nmethod     ] GC(1) O: Unregister NMethod: jdk.internal.util.ArraysSupport.mismatch (0x00007f77cfdb5c90) [0x00007f77cfdb5e60, 0x00007f77cfdb62a0] 
[6,381s][debug  ][gc,nmethod     ] GC(1) O: Unregister NMethod: io.sirix.node.json.ArrayNode.computeHash (0x00007f77cff3a410) [0x00007f77cff3a7c0, 0x00007f77cff3c410] 
[6,381s][debug  ][gc,nmethod     ] GC(1) O: Unregister NMethod: io.sirix.node.AbstractForwardingNode.getNodeKey (0x00007f77cfa5da10) [0x00007f77cfa5dbc0, 0x00007f77cfa5ddb0] 
[6,381s][debug  ][gc,nmethod     ] GC(1) O: Unregister NMethod: io.sirix.access.trx.node.json.JsonNodeTrxImpl.moveToParentObjectKeyArrayOrDocumentRoot (0x00007f77cfe43890) [0x00007f77cfe43b60, 0x00007f77cfe44d90] 
[6,381s][debug  ][gc,nmethod     ] GC(1) O: Unregister NMethod: java.util.concurrent.ConcurrentHashMap.spread (0x00007f77cfa3bb10) [0x00007f77cfa3bca0, 0x00007f77cfa3bd90] 
[6,381s][debug  ][gc,nmethod     ] GC(1) O: Unregister NMethod: java.lang.Thread.onSpinWait (0x00007f77cfb24c90) [0x00007f77cfb24e20, 0x00007f77cfb24f08] 
[6,381s][debug  ][gc,nmethod     ] GC(1) O: Unregister NMethod: java.lang.Long.toString (0x00007f77cff17610) [0x00007f77cff177e0, 0x00007f77cff17b70] 
[6,381s][debug  ][gc,nmethod     ] GC(1) O: Unregister NMethod: java.net.URLStreamHandler.parseURL (0x00007f77cfc68f90) [0x00007f77cfc6a400, 0x00007f77cfc77410] 
[6,381s][debug  ][gc,nmethod     ] GC(1) O: Unregister NMethod: io.sirix.access.trx.page.NodePageTrx.prepareRecordForModification (0x00007f77ef290a10) [0x00007f77ef290c00, 0x00007f77ef2911c0] 
[6,381s][debug  ][gc,nmethod     ] GC(1) O: Unregister NMethod: io.sirix.index.path.summary.PathSummaryReader.moveTo (0x00007f77cfaee890) [0x00007f77cfaeeae0, 0x00007f77cfaef538] 
[6,381s][debug  ][gc,nmethod     ] GC(1) O: Unregister NMethod: io.sirix.access.trx.node.json.JsonNodeFactoryImpl.createJsonArrayNode (0x00007f77cff38d10) [0x00007f77cff38f80, 0x00007f77cff39a78] 
[6,381s][debug  ][gc,nmethod     ] GC(1) O: Unregister NMethod: java.net.URLStreamHandler.setURL (0x00007f77cfb6e110) [0x00007f77cfb6e420, 0x00007f77cfb6f5e0] 
[6,381s][debug  ][gc,nmethod     ] GC(1) O: Unregister NMethod: io.sirix.cache.IndexLogKey.hashCode (0x00007f77cfec8310) [0x00007f77cfec84c0, 0x00007f77cfec86c0] 
[6,381s][debug  ][gc,nmethod     ] GC(1) O: Unregister NMethod: io.sirix.node.json.AbstractBooleanNode.delegate (0x00007f77cfec8f90) [0x00007f77cfec9140, 0x00007f77cfec9398] 
[6,381s][debug  ][gc,nmethod     ] GC(1) O: Unregister NMethod: net.openhft.chronicle.core.util.StringUtils.getStringCoderForStringOrStringBuilder (0x00007f77cfe8db90) [0x00007f77cfe8de20, 0x00007f77cfe8e938] 
[6,381s][debug  ][gc,nmethod     ] GC(1) O: Unregister NMethod: java.lang.invoke.DirectMethodHandle.allocateInstance (0x00007f77cfcb8c10) [0x00007f77cfcb8dc0, 0x00007f77cfcb9000] 
[6,381s][debug  ][gc,nmethod     ] GC(1) O: Unregister NMethod: io.sirix.access.trx.page.NodePageTrx.getRecord (0x00007f77cfeb9510) [0x00007f77cfeb97c0, 0x00007f77cfeba4e0] 
[6,381s][debug  ][gc,nmethod     ] GC(1) O: Unregister NMethod: it.unimi.dsi.fastutil.longs.LongArrayList.removeLong (0x00007f77cfe2a910) [0x00007f77cfe2abc0, 0x00007f77cfe2b6c0] 
[6,381s][debug  ][gc,nmethod     ] GC(1) O: Unregister NMethod: java.lang.String.indexOf (0x00007f77cfb42590) [0x00007f77cfb42760, 0x00007f77cfb42a50] 
[6,381s][debug  ][gc,nmethod     ] GC(1) O: Unregister NMethod: java.lang.String.<init> (0x00007f77cfe26990) [0x00007f77cfe26b60, 0x00007f77cfe26e20] 
[6,381s][debug  ][gc,nmethod     ] GC(1) O: Unregister NMethod: it.unimi.dsi.fastutil.longs.LongArrayList.grow (0x00007f77cfe29210) [0x00007f77cfe29400, 0x00007f77cfe299c8] 
[6,381s][debug  ][gc,nmethod     ] GC(1) O: Unregister NMethod: io.sirix.node.AbstractForwardingNode.getNodeDelegate (0x00007f77cfa5d310) [0x00007f77cfa5d4c0, 0x00007f77cfa5d678] 
[6,381s][debug  ][gc,nmethod     ] GC(1) O: Unregister NMethod: java.lang.StringLatin1.canEncode (0x00007f77ef1f1b90) [0x00007f77ef1f1d00, 0x00007f77ef1f1d88] 
[6,381s][debug  ][gc,nmethod     ] GC(1) O: Unregister NMethod: io.sirix.access.trx.page.NodePageTrx.prepareRecordForModification (0x00007f77cfb15690) [0x00007f77cfb15980, 0x00007f77cfb16900] 
[6,381s][debug  ][gc,nmethod     ] GC(1) O: Unregister NMethod: java.util.HashMap.put (0x00007f77ef230710) [0x00007f77ef2309a0, 0x00007f77ef231678] 
[6,381s][debug  ][gc,nmethod     ] GC(1) O: Unregister NMethod: io.sirix.node.xml.AbstractStructForwardingNode.getRightSiblingKey (0x00007f77cfaede90) [0x00007f77cfaee040, 0x00007f77cfaee220] 
[6,381s][debug  ][gc,nmethod     ] GC(1) O: Unregister NMethod: java.lang.invoke.DirectMethodHandle.constructorMethod (0x00007f77cfcb9110) [0x00007f77cfcb92c0, 0x00007f77cfcb94b8] 
[6,381s][debug  ][gc,nmethod     ] GC(1) O: Unregister NMethod: io.sirix.access.trx.node.AbstractNodeReadOnlyTrx.getKind (0x00007f77cfe0d910) [0x00007f77cfe0dae0, 0x00007f77cfe0dec8] 
[6,381s][debug  ][gc,nmethod     ] GC(1) O: Unregister NMethod: io.sirix.access.trx.node.json.JsonNodeReadOnlyTrxImpl.isArray (0x00007f77cfee1a90) [0x00007f77cfee1c60, 0x00007f77cfee2138] 
[6,382s][debug  ][gc,nmethod     ] GC(1) O: Unregister NMethod: net.openhft.chronicle.bytes.BytesStore.safeLimit (0x00007f77cfa3a190) [0x00007f77cfa3a340, 0x00007f77cfa3a4f8] 
[6,382s][debug  ][gc,nmethod     ] GC(1) O: Unregister NMethod: io.sirix.node.delegates.StructNodeDelegate.incrementChildCount (0x00007f77cfe26f90) [0x00007f77cfe27120, 0x00007f77cfe27238] 
[6,382s][debug  ][gc,nmethod     ] GC(1) O: Unregister NMethod: io.sirix.page.KeyValueLeafPage.setRecord (0x00007f77ef2bba90) [0x00007f77ef2bbc40, 0x00007f77ef2bc018] 
[6,382s][debug  ][gc,nmethod     ] GC(1) O: Unregister NMethod: java.util.BitSet.recalculateWordsInUse (0x00007f77cfa9e790) [0x00007f77cfa9e940, 0x00007f77cfa9eba0] 
[6,382s][debug  ][gc,nmethod     ] GC(1) O: Unregister NMethod: java.lang.String.hashCode (0x00007f77cfdf6210) [0x00007f77cfdf63e0, 0x00007f77cfdf67b8] 
[6,382s][debug  ][gc,nmethod     ] GC(1) O: Unregister NMethod: net.openhft.hashing.XXH3.XXH3_64bits_internal (0x00007f77cfe59790) [0x00007f77cfe5a2e0, 0x00007f77cfe655a0] 
[6,382s][debug  ][gc,nmethod     ] GC(1) O: Unregister NMethod: io.sirix.access.trx.node.AbstractNodeHashing.setAddDescendants (0x00007f77cfaefc10) [0x00007f77cfaefe20, 0x00007f77cfaf04e8] 
[6,382s][debug  ][gc,nmethod     ] GC(1) O: Unregister NMethod: java.util.ArrayList$Itr.hasNext (0x00007f77cfb12590) [0x00007f77cfb12720, 0x00007f77cfb128c0] 
[6,382s][debug  ][gc,nmethod     ] GC(1) O: Unregister NMethod: net.openhft.chronicle.core.UnsafeMemory.writeByte (0x00007f77cfa32790) [0x00007f77cfa32920, 0x00007f77cfa32ae8] 
[6,382s][debug  ][gc,nmethod     ] GC(1) O: Unregister NMethod: java.util.LinkedHashMap.afterNodeAccess (0x00007f77cfec3610) [0x00007f77cfec38a0, 0x00007f77cfec47b0] 
[6,382s][debug  ][gc,nmethod     ] GC(1) O: Unregister NMethod: io.sirix.node.json.AbstractNullNode.computeHash (0x00007f77cff0ac90) [0x00007f77cff0b040, 0x00007f77cff0cc90] 
[6,382s][debug  ][gc,nmethod     ] GC(1) O: Unregister NMethod: java.lang.invoke.LambdaForm$MH/0x0000000080358800.invoke (0x00007f77cfea7790) [0x00007f77cfea7960, 0x00007f77cfea7e08] 
[6,382s][debug  ][gc,nmethod     ] GC(1) O: Unregister NMethod: io.sirix.access.trx.node.AbstractNodeHashing.adaptHashesWithAdd (0x00007f77cfe4b710) [0x00007f77cfe4b8e0, 0x00007f77cfe4bc40] 
[6,382s][debug  ][gc,nmethod     ] GC(1) O: Unregister NMethod: io.sirix.access.trx.node.AbstractNodeHashing.rollingAdd (0x00007f77cfef7b10) [0x00007f77cfef7f80, 0x00007f77cfefa5c8] 
[6,382s][debug  ][gc,nmethod     ] GC(1) O: Unregister NMethod: com.google.gson.stream.JsonReader.peek (0x00007f77ef2a4890) [0x00007f77ef2a4a40, 0x00007f77ef2a4bc8] 
[6,382s][debug  ][gc,nmethod     ] GC(1) O: Unregister NMethod: net.openhft.chronicle.bytes.internal.BytesInternal.appendUtf8Char (0x00007f77cfa70a10) [0x00007f77cfa70d00, 0x00007f77cfa72130] 
[6,382s][debug  ][gc,nmethod     ] GC(1) O: Unregister NMethod: com.google.gson.stream.JsonReader.nextNull (0x00007f77cff00e90) [0x00007f77cff01120, 0x00007f77cff01b18] 
[6,382s][debug  ][gc,nmethod     ] GC(1) O: Unregister NMethod: net.openhft.chronicle.bytes.AbstractBytes.writeOffsetPositionMoved (0x00007f77cfa4a010) [0x00007f77cfa4a1c0, 0x00007f77cfa4a380] 
[6,382s][debug  ][gc,nmethod     ] GC(1) O: Unregister NMethod: java.lang.Long.stringSize (0x00007f77cff0a790) [0x00007f77cff0a940, 0x00007f77cff0abc0] 
[6,382s][debug  ][gc,nmethod     ] GC(1) O: Unregister NMethod: io.sirix.access.trx.page.NodePageReadOnlyTrx.getValue (0x00007f77cfa33090) [0x00007f77cfa33320, 0x00007f77cfa33e50] 
[6,382s][debug  ][gc,nmethod     ] GC(1) O: Unregister NMethod: com.google.gson.stream.JsonReader.isLiteral (0x00007f77cfef0010) [0x00007f77cfef0260, 0x00007f77cfef0ba0] 
[6,382s][debug  ][gc,nmethod     ] GC(1) O: Unregister NMethod: io.sirix.access.trx.node.AbstractNodeReadOnlyTrx.moveTo (0x00007f77cfa9cb10) [0x00007f77cfa9cdc0, 0x00007f77cfa9ddd8] 
[6,382s][debug  ][gc,nmethod     ] GC(1) O: Unregister NMethod: java.lang.invoke.LambdaForm$DMH/0x000000008010d800.invokeSpecial (0x00007f77cfea7f10) [0x00007f77cfea80e0, 0x00007f77cfea8578] 
[6,382s][debug  ][gc,nmethod     ] GC(1) O: Unregister NMethod: io.sirix.axis.AbstractAxis.nextLong (0x00007f77cfe08410) [0x00007f77cfe08640, 0x00007f77cfe08ce0] 
[6,382s][debug  ][gc,nmethod     ] GC(1) O: Unregister NMethod: io.sirix.access.trx.node.AbstractNodeReadOnlyTrx.moveTo (0x00007f77cfeb4c10) [0x00007f77cfeb4ec0, 0x00007f77cfeb5ec0] 
[6,382s][debug  ][gc,nmethod     ] GC(1) O: Unregister NMethod: java.lang.Long.bitCount (0x00007f77cfe0c710) [0x00007f77cfe0c8a0, 0x00007f77cfe0ca10] 
[6,382s][debug  ][gc,nmethod     ] GC(1) O: Unregister NMethod: java.lang.String.encode (0x00007f77cfe6ab90) [0x00007f77cfe6ad80, 0x00007f77cfe6b0e0] 
[6,382s][debug  ][gc,nmethod     ] GC(1) O: Unregister NMethod: java.nio.DirectIntBufferU.ix (0x00007f77cfc01a90) [0x00007f77cfc01c20, 0x00007f77cfc01d38] 
[6,382s][debug  ][gc,nmethod     ] GC(1) O: Unregister NMethod: io.sirix.access.trx.node.AbstractNodeReadOnlyTrx.getStructuralNode (0x00007f77cfe1fd10) [0x00007f77cfe1fee0, 0x00007f77cfe20370] 
[6,382s][debug  ][gc,nmethod     ] GC(1) O: Unregister NMethod: io.sirix.axis.AbstractAxis.<init> (0x00007f77cfe2f190) [0x00007f77cfe2f3a0, 0x00007f77cfe2fa48] 
[6,382s][debug  ][gc,nmethod     ] GC(1) O: Unregister NMethod: com.google.gson.stream.JsonReader.nextBoolean (0x00007f77cff2ef90) [0x00007f77cff2f240, 0x00007f77cff2fd08] 
[6,382s][debug  ][gc,nmethod     ] GC(1) O: Unregister NMethod: io.sirix.access.trx.page.NodePageTrx.getRecord (0x00007f77cfaf3090) [0x00007f77cfaf3340, 0x00007f77cfaf4060] 
[6,382s][debug  ][gc,nmethod     ] GC(1) O: Unregister NMethod: io.sirix.node.xml.AbstractStructForwardingNode.hasRightSibling (0x00007f77cfaee310) [0x00007f77cfaee4c0, 0x00007f77cfaee778] 
[6,382s][debug  ][gc,phases      ] GC(1) O: Concurrent Classes Unlink 7,244ms
[6,383s][debug  ][gc,phases,start] GC(1) O: Concurrent Classes Purge
[6,383s][debug  ][gc,nmethod     ] GC(1) O: Purge NMethod: io.sirix.node.xml.AbstractStructForwardingNode.hasRightSibling (0x00007f77cfaee310) [0x00007f77cfaee4c0, 0x00007f77cfaee778] 
[6,383s][debug  ][gc,nmethod     ] GC(1) O: Purge NMethod: io.sirix.access.trx.page.NodePageTrx.getRecord (0x00007f77cfaf3090) [0x00007f77cfaf3340, 0x00007f77cfaf4060] 
[6,383s][debug  ][gc,nmethod     ] GC(1) O: Purge NMethod: com.google.gson.stream.JsonReader.nextBoolean (0x00007f77cff2ef90) [0x00007f77cff2f240, 0x00007f77cff2fd08] 
[6,383s][debug  ][gc,nmethod     ] GC(1) O: Purge NMethod: io.sirix.axis.AbstractAxis.<init> (0x00007f77cfe2f190) [0x00007f77cfe2f3a0, 0x00007f77cfe2fa48] 
[6,383s][debug  ][gc,nmethod     ] GC(1) O: Purge NMethod: io.sirix.access.trx.node.AbstractNodeReadOnlyTrx.getStructuralNode (0x00007f77cfe1fd10) [0x00007f77cfe1fee0, 0x00007f77cfe20370] 
[6,383s][debug  ][gc,nmethod     ] GC(1) O: Purge NMethod: java.nio.DirectIntBufferU.ix (0x00007f77cfc01a90) [0x00007f77cfc01c20, 0x00007f77cfc01d38] 
[6,383s][debug  ][gc,nmethod     ] GC(1) O: Purge NMethod: java.lang.String.encode (0x00007f77cfe6ab90) [0x00007f77cfe6ad80, 0x00007f77cfe6b0e0] 
[6,383s][debug  ][gc,nmethod     ] GC(1) O: Purge NMethod: java.lang.Long.bitCount (0x00007f77cfe0c710) [0x00007f77cfe0c8a0, 0x00007f77cfe0ca10] 
[6,383s][debug  ][gc,nmethod     ] GC(1) O: Purge NMethod: io.sirix.access.trx.node.AbstractNodeReadOnlyTrx.moveTo (0x00007f77cfeb4c10) [0x00007f77cfeb4ec0, 0x00007f77cfeb5ec0] 
[6,383s][debug  ][gc,nmethod     ] GC(1) O: Purge NMethod: io.sirix.axis.AbstractAxis.nextLong (0x00007f77cfe08410) [0x00007f77cfe08640, 0x00007f77cfe08ce0] 
[6,383s][debug  ][gc,nmethod     ] GC(1) O: Purge NMethod: java.lang.invoke.LambdaForm$DMH/0x000000008010d800.invokeSpecial (0x00007f77cfea7f10) [0x00007f77cfea80e0, 0x00007f77cfea8578] 
[6,383s][debug  ][gc,nmethod     ] GC(1) O: Purge NMethod: io.sirix.access.trx.node.AbstractNodeReadOnlyTrx.moveTo (0x00007f77cfa9cb10) [0x00007f77cfa9cdc0, 0x00007f77cfa9ddd8] 
[6,383s][debug  ][gc,nmethod     ] GC(1) O: Purge NMethod: com.google.gson.stream.JsonReader.isLiteral (0x00007f77cfef0010) [0x00007f77cfef0260, 0x00007f77cfef0ba0] 
[6,383s][debug  ][gc,nmethod     ] GC(1) O: Purge NMethod: io.sirix.access.trx.page.NodePageReadOnlyTrx.getValue (0x00007f77cfa33090) [0x00007f77cfa33320, 0x00007f77cfa33e50] 
[6,383s][debug  ][gc,nmethod     ] GC(1) O: Purge NMethod: java.lang.Long.stringSize (0x00007f77cff0a790) [0x00007f77cff0a940, 0x00007f77cff0abc0] 
[6,383s][debug  ][gc,nmethod     ] GC(1) O: Purge NMethod: net.openhft.chronicle.bytes.AbstractBytes.writeOffsetPositionMoved (0x00007f77cfa4a010) [0x00007f77cfa4a1c0, 0x00007f77cfa4a380] 
[6,383s][debug  ][gc,nmethod     ] GC(1) O: Purge NMethod: com.google.gson.stream.JsonReader.nextNull (0x00007f77cff00e90) [0x00007f77cff01120, 0x00007f77cff01b18] 
[6,383s][debug  ][gc,nmethod     ] GC(1) O: Purge NMethod: net.openhft.chronicle.bytes.internal.BytesInternal.appendUtf8Char (0x00007f77cfa70a10) [0x00007f77cfa70d00, 0x00007f77cfa72130] 
[6,383s][debug  ][gc,nmethod     ] GC(1) O: Purge NMethod: com.google.gson.stream.JsonReader.peek (0x00007f77ef2a4890) [0x00007f77ef2a4a40, 0x00007f77ef2a4bc8] 
[6,383s][debug  ][gc,nmethod     ] GC(1) O: Purge NMethod: io.sirix.access.trx.node.AbstractNodeHashing.rollingAdd (0x00007f77cfef7b10) [0x00007f77cfef7f80, 0x00007f77cfefa5c8] 
[6,383s][debug  ][gc,nmethod     ] GC(1) O: Purge NMethod: io.sirix.access.trx.node.AbstractNodeHashing.adaptHashesWithAdd (0x00007f77cfe4b710) [0x00007f77cfe4b8e0, 0x00007f77cfe4bc40] 
[6,383s][debug  ][gc,nmethod     ] GC(1) O: Purge NMethod: java.lang.invoke.LambdaForm$MH/0x0000000080358800.invoke (0x00007f77cfea7790) [0x00007f77cfea7960, 0x00007f77cfea7e08] 
[6,383s][debug  ][gc,nmethod     ] GC(1) O: Purge NMethod: io.sirix.node.json.AbstractNullNode.computeHash (0x00007f77cff0ac90) [0x00007f77cff0b040, 0x00007f77cff0cc90] 
[6,383s][debug  ][gc,nmethod     ] GC(1) O: Purge NMethod: java.util.LinkedHashMap.afterNodeAccess (0x00007f77cfec3610) [0x00007f77cfec38a0, 0x00007f77cfec47b0] 
[6,383s][debug  ][gc,nmethod     ] GC(1) O: Purge NMethod: net.openhft.chronicle.core.UnsafeMemory.writeByte (0x00007f77cfa32790) [0x00007f77cfa32920, 0x00007f77cfa32ae8] 
[6,383s][debug  ][gc,nmethod     ] GC(1) O: Purge NMethod: java.util.ArrayList$Itr.hasNext (0x00007f77cfb12590) [0x00007f77cfb12720, 0x00007f77cfb128c0] 
[6,383s][debug  ][gc,nmethod     ] GC(1) O: Purge NMethod: io.sirix.access.trx.node.AbstractNodeHashing.setAddDescendants (0x00007f77cfaefc10) [0x00007f77cfaefe20, 0x00007f77cfaf04e8] 
[6,383s][debug  ][gc,nmethod     ] GC(1) O: Purge NMethod: net.openhft.hashing.XXH3.XXH3_64bits_internal (0x00007f77cfe59790) [0x00007f77cfe5a2e0, 0x00007f77cfe655a0] 
[6,383s][debug  ][gc,nmethod     ] GC(1) O: Purge NMethod: java.lang.String.hashCode (0x00007f77cfdf6210) [0x00007f77cfdf63e0, 0x00007f77cfdf67b8] 
[6,383s][debug  ][gc,nmethod     ] GC(1) O: Purge NMethod: java.util.BitSet.recalculateWordsInUse (0x00007f77cfa9e790) [0x00007f77cfa9e940, 0x00007f77cfa9eba0] 
[6,383s][debug  ][gc,nmethod     ] GC(1) O: Purge NMethod: io.sirix.page.KeyValueLeafPage.setRecord (0x00007f77ef2bba90) [0x00007f77ef2bbc40, 0x00007f77ef2bc018] 
[6,383s][debug  ][gc,nmethod     ] GC(1) O: Purge NMethod: io.sirix.node.delegates.StructNodeDelegate.incrementChildCount (0x00007f77cfe26f90) [0x00007f77cfe27120, 0x00007f77cfe27238] 
[6,383s][debug  ][gc,nmethod     ] GC(1) O: Purge NMethod: net.openhft.chronicle.bytes.BytesStore.safeLimit (0x00007f77cfa3a190) [0x00007f77cfa3a340, 0x00007f77cfa3a4f8] 
[6,383s][debug  ][gc,nmethod     ] GC(1) O: Purge NMethod: io.sirix.access.trx.node.json.JsonNodeReadOnlyTrxImpl.isArray (0x00007f77cfee1a90) [0x00007f77cfee1c60, 0x00007f77cfee2138] 
[6,383s][debug  ][gc,nmethod     ] GC(1) O: Purge NMethod: io.sirix.access.trx.node.AbstractNodeReadOnlyTrx.getKind (0x00007f77cfe0d910) [0x00007f77cfe0dae0, 0x00007f77cfe0dec8] 
[6,383s][debug  ][gc,nmethod     ] GC(1) O: Purge NMethod: java.lang.invoke.DirectMethodHandle.constructorMethod (0x00007f77cfcb9110) [0x00007f77cfcb92c0, 0x00007f77cfcb94b8] 
[6,383s][debug  ][gc,nmethod     ] GC(1) O: Purge NMethod: io.sirix.node.xml.AbstractStructForwardingNode.getRightSiblingKey (0x00007f77cfaede90) [0x00007f77cfaee040, 0x00007f77cfaee220] 
[6,383s][debug  ][gc,nmethod     ] GC(1) O: Purge NMethod: java.util.HashMap.put (0x00007f77ef230710) [0x00007f77ef2309a0, 0x00007f77ef231678] 
[6,383s][debug  ][gc,nmethod     ] GC(1) O: Purge NMethod: io.sirix.access.trx.page.NodePageTrx.prepareRecordForModification (0x00007f77cfb15690) [0x00007f77cfb15980, 0x00007f77cfb16900] 
[6,383s][debug  ][gc,nmethod     ] GC(1) O: Purge NMethod: java.lang.StringLatin1.canEncode (0x00007f77ef1f1b90) [0x00007f77ef1f1d00, 0x00007f77ef1f1d88] 
[6,383s][debug  ][gc,nmethod     ] GC(1) O: Purge NMethod: io.sirix.node.AbstractForwardingNode.getNodeDelegate (0x00007f77cfa5d310) [0x00007f77cfa5d4c0, 0x00007f77cfa5d678] 
[6,383s][debug  ][gc,nmethod     ] GC(1) O: Purge NMethod: it.unimi.dsi.fastutil.longs.LongArrayList.grow (0x00007f77cfe29210) [0x00007f77cfe29400, 0x00007f77cfe299c8] 
[6,383s][debug  ][gc,nmethod     ] GC(1) O: Purge NMethod: java.lang.String.<init> (0x00007f77cfe26990) [0x00007f77cfe26b60, 0x00007f77cfe26e20] 
[6,383s][debug  ][gc,nmethod     ] GC(1) O: Purge NMethod: java.lang.String.indexOf (0x00007f77cfb42590) [0x00007f77cfb42760, 0x00007f77cfb42a50] 
[6,383s][debug  ][gc,nmethod     ] GC(1) O: Purge NMethod: it.unimi.dsi.fastutil.longs.LongArrayList.removeLong (0x00007f77cfe2a910) [0x00007f77cfe2abc0, 0x00007f77cfe2b6c0] 
[6,383s][debug  ][gc,nmethod     ] GC(1) O: Purge NMethod: io.sirix.access.trx.page.NodePageTrx.getRecord (0x00007f77cfeb9510) [0x00007f77cfeb97c0, 0x00007f77cfeba4e0] 
[6,383s][debug  ][gc,nmethod     ] GC(1) O: Purge NMethod: java.lang.invoke.DirectMethodHandle.allocateInstance (0x00007f77cfcb8c10) [0x00007f77cfcb8dc0, 0x00007f77cfcb9000] 
[6,383s][debug  ][gc,nmethod     ] GC(1) O: Purge NMethod: net.openhft.chronicle.core.util.StringUtils.getStringCoderForStringOrStringBuilder (0x00007f77cfe8db90) [0x00007f77cfe8de20, 0x00007f77cfe8e938] 
[6,383s][debug  ][gc,nmethod     ] GC(1) O: Purge NMethod: io.sirix.node.json.AbstractBooleanNode.delegate (0x00007f77cfec8f90) [0x00007f77cfec9140, 0x00007f77cfec9398] 
[6,383s][debug  ][gc,nmethod     ] GC(1) O: Purge NMethod: io.sirix.cache.IndexLogKey.hashCode (0x00007f77cfec8310) [0x00007f77cfec84c0, 0x00007f77cfec86c0] 
[6,383s][debug  ][gc,nmethod     ] GC(1) O: Purge NMethod: java.net.URLStreamHandler.setURL (0x00007f77cfb6e110) [0x00007f77cfb6e420, 0x00007f77cfb6f5e0] 
[6,383s][debug  ][gc,nmethod     ] GC(1) O: Purge NMethod: io.sirix.access.trx.node.json.JsonNodeFactoryImpl.createJsonArrayNode (0x00007f77cff38d10) [0x00007f77cff38f80, 0x00007f77cff39a78] 
[6,383s][debug  ][gc,nmethod     ] GC(1) O: Purge NMethod: io.sirix.index.path.summary.PathSummaryReader.moveTo (0x00007f77cfaee890) [0x00007f77cfaeeae0, 0x00007f77cfaef538] 
[6,383s][debug  ][gc,nmethod     ] GC(1) O: Purge NMethod: io.sirix.access.trx.page.NodePageTrx.prepareRecordForModification (0x00007f77ef290a10) [0x00007f77ef290c00, 0x00007f77ef2911c0] 
[6,383s][debug  ][gc,nmethod     ] GC(1) O: Purge NMethod: java.net.URLStreamHandler.parseURL (0x00007f77cfc68f90) [0x00007f77cfc6a400, 0x00007f77cfc77410] 
[6,383s][debug  ][gc,nmethod     ] GC(1) O: Purge NMethod: java.lang.Long.toString (0x00007f77cff17610) [0x00007f77cff177e0, 0x00007f77cff17b70] 
[6,383s][debug  ][gc,nmethod     ] GC(1) O: Purge NMethod: java.lang.Thread.onSpinWait (0x00007f77cfb24c90) [0x00007f77cfb24e20, 0x00007f77cfb24f08] 
[6,383s][debug  ][gc,nmethod     ] GC(1) O: Purge NMethod: java.util.concurrent.ConcurrentHashMap.spread (0x00007f77cfa3bb10) [0x00007f77cfa3bca0, 0x00007f77cfa3bd90] 
[6,383s][debug  ][gc,nmethod     ] GC(1) O: Purge NMethod: io.sirix.access.trx.node.json.JsonNodeTrxImpl.moveToParentObjectKeyArrayOrDocumentRoot (0x00007f77cfe43890) [0x00007f77cfe43b60, 0x00007f77cfe44d90] 
[6,383s][debug  ][gc,nmethod     ] GC(1) O: Purge NMethod: io.sirix.node.AbstractForwardingNode.getNodeKey (0x00007f77cfa5da10) [0x00007f77cfa5dbc0, 0x00007f77cfa5ddb0] 
[6,383s][debug  ][gc,nmethod     ] GC(1) O: Purge NMethod: io.sirix.node.json.ArrayNode.computeHash (0x00007f77cff3a410) [0x00007f77cff3a7c0, 0x00007f77cff3c410] 
[6,383s][debug  ][gc,nmethod     ] GC(1) O: Purge NMethod: jdk.internal.util.ArraysSupport.mismatch (0x00007f77cfdb5c90) [0x00007f77cfdb5e60, 0x00007f77cfdb62a0] 
[6,383s][debug  ][gc,nmethod     ] GC(1) O: Purge NMethod: java.nio.CharBuffer.position (0x00007f77cfa29910) [0x00007f77cfa29ac0, 0x00007f77cfa29c70] 
[6,383s][debug  ][gc,nmethod     ] GC(1) O: Purge NMethod: java.lang.ref.SoftReference.get (0x00007f77cfb09510) [0x00007f77cfb096c0, 0x00007f77cfb098a0] 
[6,383s][debug  ][gc,nmethod     ] GC(1) O: Purge NMethod: jdk.internal.org.objectweb.asm.Frame.execute (0x00007f77cfac4a90) [0x00007f77cfac5920, 0x00007f77cfacc2d8] 
[6,383s][debug  ][gc,nmethod     ] GC(1) O: Purge NMethod: net.openhft.hashing.XXH3$AsLongHashFunction.hash (0x00007f77cfe4cd90) [0x00007f77cfe4cf80, 0x00007f77cfe4d410] 
[6,383s][debug  ][gc,nmethod     ] GC(1) O: Purge NMethod: net.openhft.chronicle.bytes.internal.BytesInternal.appendUtf8Char (0x00007f77ef299b10) [0x00007f77ef299d00, 0x00007f77ef29a260] 
[6,383s][debug  ][gc,nmethod     ] GC(1) O: Purge NMethod: io.sirix.node.xml.AbstractStructForwardingNode.getLeftSiblingKey (0x00007f77cfe7ac10) [0x00007f77cfe7adc0, 0x00007f77cfe7afb0] 
[6,383s][debug  ][gc,nmethod     ] GC(1) O: Purge NMethod: java.net.URL.<init> (0x00007f77cfb60b90) [0x00007f77cfb61220, 0x00007f77cfb64aa0] 
[6,383s][debug  ][gc,nmethod     ] GC(1) O: Purge NMethod: io.sirix.access.trx.node.json.JsonNodeTrxImpl.insertAsSibling (0x00007f77cfe82190) [0x00007f77cfe82580, 0x00007f77cfe848e8] 
[6,383s][debug  ][gc,nmethod     ] GC(1) O: Purge NMethod: it.unimi.dsi.fastutil.longs.LongArrayList.add (0x00007f77cfe28c10) [0x00007f77cfe28de0, 0x00007f77cfe290d0] 
[6,383s][debug  ][gc,nmethod     ] GC(1) O: Purge NMethod: java.util.concurrent.ConcurrentHashMap$Node.<init> (0x00007f77cfa3cd90) [0x00007f77cfa3cf40, 0x00007f77cfa3d198] 
[6,383s][debug  ][gc,nmethod     ] GC(1) O: Purge NMethod: io.sirix.access.trx.node.json.JsonNodeFactoryImpl.createJsonNullNode (0x00007f77cff02b90) [0x00007f77cff02e00, 0x00007f77cff03908] 
[6,383s][debug  ][gc,nmethod     ] GC(1) O: Purge NMethod: io.sirix.node.xml.AbstractStructForwardingNode.setDescendantCount (0x00007f77cfaf0690) [0x00007f77cfaf0840, 0x00007f77cfaf0a38] 
[6,383s][debug  ][gc,nmethod     ] GC(1) O: Purge NMethod: java.util.HashMap.hash (0x00007f77ef24a510) [0x00007f77ef24a6a0, 0x00007f77ef24a798] 
[6,383s][debug  ][gc,nmethod     ] GC(1) O: Purge NMethod: io.sirix.node.xml.AbstractStructForwardingNode.<init> (0x00007f77cfe22690) [0x00007f77cfe22840, 0x00007f77cfe22a60] 
[6,383s][debug  ][gc,nmethod     ] GC(1) O: Purge NMethod: io.sirix.access.trx.page.NodePageTrx.createRecord (0x00007f77cff3dc10) [0x00007f77cff3dfe0, 0x00007f77cff3f910] 
[6,383s][debug  ][gc,nmethod     ] GC(1) O: Purge NMethod: java.lang.ref.SoftReference.get (0x00007f77ef251b10) [0x00007f77ef251ca0, 0x00007f77ef251dc0] 
[6,383s][debug  ][gc,nmethod     ] GC(1) O: Purge NMethod: jdk.internal.org.objectweb.asm.ByteVector.put122 (0x00007f77cfb06110) [0x00007f77cfb062c0, 0x00007f77cfb065a0] 
[6,383s][debug  ][gc,nmethod     ] GC(1) O: Purge NMethod: java.lang.String.<init> (0x00007f77ef226010) [0x00007f77ef2261c0, 0x00007f77ef226750] 
[6,383s][debug  ][gc,nmethod     ] GC(1) O: Purge NMethod: java.lang.System$2.decodeASCII (0x00007f77cff48590) [0x00007f77cff48740, 0x00007f77cff48888] 
[6,383s][debug  ][gc,nmethod     ] GC(1) O: Purge NMethod: io.sirix.access.trx.node.json.JsonNodeHashing.getCurrentNode (0x00007f77cfa9b810) [0x00007f77cfa9b9c0, 0x00007f77cfa9bbe8] 
[6,383s][debug  ][gc,nmethod     ] GC(1) O: Purge NMethod: java.nio.ByteBuffer.limit (0x00007f77cfbfea90) [0x00007f77cfbfec40, 0x00007f77cfbfed88] 
[6,383s][debug  ][gc,nmethod     ] GC(1) O: Purge NMethod: io.sirix.service.json.shredder.JsonShredder.insertArray (0x00007f77cff43510) [0x00007f77cff43b60, 0x00007f77cff474f8] 
[6,383s][debug  ][gc,nmethod     ] GC(1) O: Purge NMethod: java.nio.CharBuffer.wrap (0x00007f77cfef4510) [0x00007f77cfef46e0, 0x00007f77cfef4970] 
[6,383s][debug  ][gc,nmethod     ] GC(1) O: Purge NMethod: io.sirix.access.trx.node.AbstractNodeTrxImpl.intermediateCommitIfRequired (0x00007f77cfe52290) [0x00007f77cfe52480, 0x00007f77cfe529e8] 
[6,383s][debug  ][gc,nmethod     ] GC(1) O: Purge NMethod: java.util.BitSet.checkInvariants (0x00007f77cfa5f590) [0x00007f77cfa5f720, 0x00007f77cfa5f858] 
[6,383s][debug  ][gc,nmethod     ] GC(1) O: Purge NMethod: io.sirix.axis.filter.FilterAxis.<init> (0x00007f77cfe75210) [0x00007f77cfe75580, 0x00007f77cfe76e60] 
[6,384s][debug  ][gc,nmethod     ] GC(1) O: Purge NMethod: io.sirix.access.trx.node.AbstractNodeReadOnlyTrx.getNodeKey (0x00007f77cfe4fe10) [0x00007f77cfe4ffe0, 0x00007f77cfe503c8] 
[6,384s][debug  ][gc,nmethod     ] GC(1) O: Purge NMethod: net.openhft.chronicle.bytes.AbstractBytes.readLimit (0x00007f77cfaa5c10) [0x00007f77cfaa5da0, 0x00007f77cfaa5f30] 
[6,384s][debug  ][gc,nmethod     ] GC(1) O: Purge NMethod: com.google.gson.stream.JsonReader.fillBuffer (0x00007f77ef35f310) [0x00007f77ef35f640, 0x00007f77ef360ba0] 
[6,384s][debug  ][gc,nmethod     ] GC(1) O: Purge NMethod: net.openhft.chronicle.bytes.internal.HeapBytesStore.writeLong (0x00007f77cfb68190) [0x00007f77cfb68340, 0x00007f77cfb68490] 
[6,384s][debug  ][gc,nmethod     ] GC(1) O: Purge NMethod: java.lang.invoke.MethodHandleImpl.profileBoolean (0x00007f77cfe51a10) [0x00007f77cfe51be0, 0x00007f77cfe51fd8] 
[6,384s][debug  ][gc,nmethod     ] GC(1) O: Purge NMethod: net.openhft.chronicle.bytes.internal.HeapBytesStore.writeInt (0x00007f77cfe56610) [0x00007f77cfe567c0, 0x00007f77cfe56910] 
[6,384s][debug  ][gc,nmethod     ] GC(1) O: Purge NMethod: io.sirix.access.trx.node.AbstractNodeTrxImpl.checkAccessAndCommit (0x00007f77cfe50d10) [0x00007f77cfe50f40, 0x00007f77cfe51748] 
[6,384s][debug  ][gc,nmethod     ] GC(1) O: Purge NMethod: java.lang.invoke.LambdaForm$MH/0x0000000080358400.invoke (0x00007f77cff15010) [0x00007f77cff151a0, 0x00007f77cff15408] 
[6,384s][debug  ][gc,nmethod     ] GC(1) O: Purge NMethod: io.sirix.access.trx.node.AbstractIndexController.notifyChange (0x00007f77cfe42690) [0x00007f77cfe428a0, 0x00007f77cfe42fe0] 
[6,384s][debug  ][gc,nmethod     ] GC(1) O: Purge NMethod: io.sirix.access.trx.page.NodePageReadOnlyTrx.assertNotClosed (0x00007f77cfa5de90) [0x00007f77cfa5e040, 0x00007f77cfa5e270] 
[6,384s][debug  ][gc,nmethod     ] GC(1) O: Purge NMethod: java.nio.ByteBuffer.rewind (0x00007f77cfe2be90) [0x00007f77cfe2c020, 0x00007f77cfe2c190] 
[6,384s][debug  ][gc,nmethod     ] GC(1) O: Purge NMethod: io.sirix.access.trx.node.json.JsonNodeTrxImpl.adaptNodesAndHashesForInsertAsChild (0x00007f77cfe54010) [0x00007f77cfe54260, 0x00007f77cfe54ec8] 
[6,384s][debug  ][gc,nmethod     ] GC(1) O: Purge NMethod: io.sirix.page.RevisionRootPage.incrementAndGetMaxNodeKeyInDocumentIndex (0x00007f77cfe2c210) [0x00007f77cfe2c3a0, 0x00007f77cfe2c4b8] 
[6,384s][debug  ][gc,nmethod     ] GC(1) O: Purge NMethod: net.openhft.chronicle.core.UnsafeMemory.writeLong (0x00007f77cfa49b90) [0x00007f77cfa49d20, 0x00007f77cfa49ef0] 
[6,384s][debug  ][gc,nmethod     ] GC(1) O: Purge NMethod: io.sirix.access.trx.node.json.JsonNodeReadOnlyTrxImpl.isObjectKey (0x00007f77cfe7fe90) [0x00007f77cfe80060, 0x00007f77cfe80538] 
[6,384s][debug  ][gc,nmethod     ] GC(1) O: Purge NMethod: java.nio.CharBuffer.<init> (0x00007f77cfeeac10) [0x00007f77cfeeadc0, 0x00007f77cfeeaf98] 
[6,384s][debug  ][gc,nmethod     ] GC(1) O: Purge NMethod: io.sirix.access.trx.page.NodePageTrx.getPageContainer (0x00007f77cfb14210) [0x00007f77cfb14480, 0x00007f77cfb152d0] 
[6,384s][debug  ][gc,nmethod     ] GC(1) O: Purge NMethod: io.sirix.access.trx.node.AbstractNodeReadOnlyTrx.moveToParent (0x00007f77cfe21e90) [0x00007f77cfe22080, 0x00007f77cfe22518] 
[6,384s][debug  ][gc,nmethod     ] GC(1) O: Purge NMethod: io.sirix.access.trx.node.json.JsonNodeTrxImpl.adaptForInsert (0x00007f77cfe49c10) [0x00007f77cfe49f60, 0x00007f77cfe4b278] 
[6,384s][debug  ][gc,nmethod     ] GC(1) O: Purge NMethod: java.lang.invoke.DelegatingMethodHandle$Holder.delegate (0x00007f77cfedc310) [0x00007f77cfedc4e0, 0x00007f77cfedc908] 
[6,384s][debug  ][gc,nmethod     ] GC(1) O: Purge NMethod: net.openhft.chronicle.core.io.AbstractReferenceCounted.throwExceptionIfReleased (0x00007f77cfa34810) [0x00007f77cfa349e0, 0x00007f77cfa34de8] 
[6,384s][debug  ][gc,nmethod     ] GC(1) O: Purge NMethod: java.lang.AbstractStringBuilder.appendChars (0x00007f77cfeec790) [0x00007f77cfeec9a0, 0x00007f77cfeecfd0] 
[6,384s][debug  ][gc,nmethod     ] GC(1) O: Purge NMethod: io.sirix.access.trx.page.NodePageTrx.getMostRecentPageContainer (0x00007f77cfeb2910) [0x00007f77cfeb2b00, 0x00007f77cfeb3200] 
[6,384s][debug  ][gc,nmethod     ] GC(1) O: Purge NMethod: java.lang.ref.Cleaner$1.apply (0x00007f77cfa95090) [0x00007f77cfa95240, 0x00007f77cfa954c8] 
[6,384s][debug  ][gc,nmethod     ] GC(1) O: Purge NMethod: java.lang.Integer.parseInt (0x00007f77cfef4b10) [0x00007f77cfef4fa0, 0x00007f77cfef6e70] 
[6,384s][debug  ][gc,nmethod     ] GC(1) O: Purge NMethod: net.openhft.chronicle.bytes.internal.BytesInternal.writeUtf8 (0x00007f77cfe8bc90) [0x00007f77cfe8bf80, 0x00007f77cfe8d000] 
[6,384s][debug  ][gc,nmethod     ] GC(1) O: Purge NMethod: net.openhft.chronicle.bytes.internal.BytesInternal.writeStopBit (0x00007f77cfe86010) [0x00007f77cfe86220, 0x00007f77cfe869a8] 
[6,384s][debug  ][gc,nmethod     ] GC(1) O: Purge NMethod: java.util.HashSet.isEmpty (0x00007f77cfa66190) [0x00007f77cfa66340, 0x00007f77cfa665b0] 
[6,384s][debug  ][gc,nmethod     ] GC(1) O: Purge NMethod: io.sirix.node.json.AbstractNullNode.delegate (0x00007f77cfeed290) [0x00007f77cfeed440, 0x00007f77cfeed698] 
[6,384s][debug  ][gc,nmethod     ] GC(1) O: Purge NMethod: java.nio.Buffer.limit (0x00007f77cfaaca10) [0x00007f77cfaacbc0, 0x00007f77cfaace78] 
[6,384s][debug  ][gc,nmethod     ] GC(1) O: Purge NMethod: sun.net.util.IPAddressUtil.scan (0x00007f77cfad1f10) [0x00007f77cfad2180, 0x00007f77cfad2da0] 
[6,384s][debug  ][gc,nmethod     ] GC(1) O: Purge NMethod: io.sirix.access.trx.node.json.JsonNodeTrxImpl.insertArrayAsRightSibling (0x00007f77cff40710) [0x00007f77cff40ae0, 0x00007f77cff42840] 
[6,384s][debug  ][gc,nmethod     ] GC(1) O: Purge NMethod: io.sirix.node.xml.AbstractStructForwardingNode.setFirstChildKey (0x00007f77cfe23310) [0x00007f77cfe234c0, 0x00007f77cfe236b8] 
[6,384s][debug  ][gc,nmethod     ] GC(1) O: Purge NMethod: io.sirix.access.trx.node.AbstractNodeHashing.rollingAdd (0x00007f77cfe31590) [0x00007f77cfe31a00, 0x00007f77cfe34060] 
[6,384s][debug  ][gc,nmethod     ] GC(1) O: Purge NMethod: io.sirix.utils.IntToObjectMap.put (0x00007f77cfe40b90) [0x00007f77cfe40d80, 0x00007f77cfe41248] 
[6,384s][debug  ][gc,nmethod     ] GC(1) O: Purge NMethod: java.util.Arrays.copyOfRange (0x00007f77cfa45f90) [0x00007f77cfa46220, 0x00007f77cfa46da8] 
[6,384s][debug  ][gc,nmethod     ] GC(1) O: Purge NMethod: jdk.internal.org.objectweb.asm.Frame.push (0x00007f77cfb73490) [0x00007f77cfb73680, 0x00007f77cfb73cd0] 
[6,384s][debug  ][gc,nmethod     ] GC(1) O: Purge NMethod: jdk.internal.org.objectweb.asm.MethodWriter.visitCode (0x00007f77cfc66710) [0x00007f77cfc668a0, 0x00007f77cfc669a8] 
[6,384s][debug  ][gc,nmethod     ] GC(1) O: Purge NMethod: io.sirix.utils.IntToObjectMap.find (0x00007f77cfaf2910) [0x00007f77cfaf2ae0, 0x00007f77cfaf2e88] 
[6,384s][debug  ][gc,nmethod     ] GC(1) O: Purge NMethod: io.sirix.service.json.shredder.JsonShredder.adaptTrxPosAndStack (0x00007f77cfe80f10) [0x00007f77cfe81180, 0x00007f77cfe81d38] 
[6,384s][debug  ][gc,nmethod     ] GC(1) O: Purge NMethod: io.sirix.api.PageReadOnlyTrx.recordPageOffset (0x00007f77cfa5d710) [0x00007f77cfa5d8a0, 0x00007f77cfa5d9a0] 
[6,384s][debug  ][gc,nmethod     ] GC(1) O: Purge NMethod: java.nio.ByteBuffer.position (0x00007f77cfa2ab90) [0x00007f77cfa2ad40, 0x00007f77cfa2ae88] 
[6,384s][debug  ][gc,nmethod     ] GC(1) O: Purge NMethod: jdk.internal.loader.URLClassPath$JarLoader$2.getCodeSourceURL (0x00007f77cfc54610) [0x00007f77cfc547a0, 0x00007f77cfc54908] 
[6,384s][debug  ][gc,nmethod     ] GC(1) O: Purge NMethod: java.lang.CharacterDataLatin1.digit (0x00007f77cfe2e190) [0x00007f77cfe2e340, 0x00007f77cfe2e598] 
[6,384s][debug  ][gc,nmethod     ] GC(1) O: Purge NMethod: java.lang.ThreadLocal.get (0x00007f77cfda0890) [0x00007f77cfda0a60, 0x00007f77cfda0dd0] 
[6,384s][debug  ][gc,nmethod     ] GC(1) O: Purge NMethod: io.sirix.access.trx.node.AbstractNodeHashing.rollingAdd (0x00007f77ef2aa690) [0x00007f77ef2aab20, 0x00007f77ef2ac498] 
[6,384s][debug  ][gc,nmethod     ] GC(1) O: Purge NMethod: io.sirix.access.trx.page.NodePageTrx.getPageContainer (0x00007f77ef292310) [0x00007f77ef2924a0, 0x00007f77ef2925d8] 
[6,384s][debug  ][gc,nmethod     ] GC(1) O: Purge NMethod: net.openhft.chronicle.bytes.NativeBytes.writeLong (0x00007f77cfb13d10) [0x00007f77cfb13ec0, 0x00007f77cfb14118] 
[6,384s][debug  ][gc,nmethod     ] GC(1) O: Purge NMethod: io.sirix.node.json.AbstractNumberNode.delegate (0x00007f77cfe0e010) [0x00007f77cfe0e1c0, 0x00007f77cfe0e418] 
[6,384s][debug  ][gc,nmethod     ] GC(1) O: Purge NMethod: java.util.zip.Checksum.update (0x00007f77cfb9d310) [0x00007f77cfb9d4c0, 0x00007f77cfb9d6b0] 
[6,384s][debug  ][gc,nmethod     ] GC(1) O: Purge NMethod: net.openhft.hashing.XXH3.XXH3_mix16B (0x00007f77cfe0ca90) [0x00007f77cfe0cca0, 0x00007f77cfe0d5d0] 
[6,384s][debug  ][gc,nmethod     ] GC(1) O: Purge NMethod: java.lang.Integer.rotateRight (0x00007f77cfba3490) [0x00007f77cfba3620, 0x00007f77cfba3718] 
[6,384s][debug  ][gc,nmethod     ] GC(1) O: Purge NMethod: io.sirix.access.trx.page.NodePageTrx.prepareRecordPage (0x00007f77cfa9ec90) [0x00007f77cfa9efc0, 0x00007f77cfaa0690] 
[6,384s][debug  ][gc,nmethod     ] GC(1) O: Purge NMethod: net.openhft.chronicle.bytes.NativeBytes.writeByte (0x00007f77cfa5ca10) [0x00007f77cfa5cbc0, 0x00007f77cfa5cd70] 
[6,384s][debug  ][gc,nmethod     ] GC(1) O: Purge NMethod: java.lang.StringLatin1.inflate (0x00007f77cfdc4710) [0x00007f77cfdc48c0, 0x00007f77cfdc4ac0] 
[6,384s][debug  ][gc,nmethod     ] GC(1) O: Purge NMethod: io.sirix.access.trx.page.NodePageTrx.getRecord (0x00007f77ef295490) [0x00007f77ef295680, 0x00007f77ef295c38] 
[6,384s][debug  ][gc,nmethod     ] GC(1) O: Purge NMethod: io.sirix.access.trx.page.NodePageTrx.getMostRecentPageContainer (0x00007f77cfa38f90) [0x00007f77cfa39180, 0x00007f77cfa39880] 
[6,384s][debug  ][gc,nmethod     ] GC(1) O: Purge NMethod: it.unimi.dsi.fastutil.longs.AbstractLongList.popLong (0x00007f77cfe2a290) [0x00007f77cfe2a460, 0x00007f77cfe2a7a8] 
[6,384s][debug  ][gc,nmethod     ] GC(1) O: Purge NMethod: io.sirix.node.xml.AbstractStructForwardingNode.getFirstChildKey (0x00007f77cfe45590) [0x00007f77cfe45740, 0x00007f77cfe45930] 
[6,384s][debug  ][gc,nmethod     ] GC(1) O: Purge NMethod: io.sirix.access.trx.node.json.JsonNodeTrxImpl.insertNullValueAsRightSibling (0x00007f77cff03e10) [0x00007f77cff04180, 0x00007f77cff05af0] 
[6,384s][debug  ][gc,nmethod     ] GC(1) O: Purge NMethod: java.lang.String.decodeASCII (0x00007f77cff49190) [0x00007f77cff49360, 0x00007f77cff49618] 
[6,384s][debug  ][gc,nmethod     ] GC(1) O: Purge NMethod: java.lang.Math.clamp (0x00007f77cfb43910) [0x00007f77cfb43b60, 0x00007f77cfb44328] 
[6,384s][debug  ][gc,nmethod     ] GC(1) O: Purge NMethod: net.openhft.chronicle.bytes.NativeBytes.writeByte (0x00007f77cfa3b290) [0x00007f77cfa3b440, 0x00007f77cfa3b698] 
[6,384s][debug  ][gc,nmethod     ] GC(1) O: Purge NMethod: java.util.ArrayList.iterator (0x00007f77cfbe7a10) [0x00007f77cfbe7bc0, 0x00007f77cfbe7e60] 
[6,384s][debug  ][gc,nmethod     ] GC(1) O: Purge NMethod: io.sirix.node.delegates.NodeDelegate.<init> (0x00007f77cfe28110) [0x00007f77cfe282e0, 0x00007f77cfe28698] 
[6,384s][debug  ][gc,nmethod     ] GC(1) O: Purge NMethod: io.sirix.access.trx.node.AbstractNodeReadOnlyTrx.moveTo (0x00007f77ef292d90) [0x00007f77ef292fe0, 0x00007f77ef2939e0] 
[6,384s][debug  ][gc,nmethod     ] GC(1) O: Purge NMethod: java.lang.Integer.valueOf (0x00007f77cfaa4190) [0x00007f77cfaa4360, 0x00007f77cfaa46a0] 
[6,384s][debug  ][gc,nmethod     ] GC(1) O: Purge NMethod: java.util.Objects.requireNonNull (0x00007f77cfa88790) [0x00007f77cfa88940, 0x00007f77cfa88b30] 
[6,384s][debug  ][gc,nmethod     ] GC(1) O: Purge NMethod: jdk.internal.loader.URLClassPath.getResource (0x00007f77cfb85590) [0x00007f77cfb85760, 0x00007f77cfb85ab0] 
[6,384s][debug  ][gc,nmethod     ] GC(1) O: Purge NMethod: io.sirix.service.json.shredder.JsonShredder.processBoolean (0x00007f77cff30110) [0x00007f77cff30300, 0x00007f77cff306e8] 
[6,384s][debug  ][gc,nmethod     ] GC(1) O: Purge NMethod: io.sirix.node.delegates.StructNodeDelegate.<init> (0x00007f77cfe22b90) [0x00007f77cfe22d60, 0x00007f77cfe23138] 
[6,384s][debug  ][gc,nmethod     ] GC(1) O: Purge NMethod: jdk.internal.org.objectweb.asm.Frame.execute (0x00007f77ef26c590) [0x00007f77ef26d3c0, 0x00007f77ef26fbb8] 
[6,384s][debug  ][gc,nmethod     ] GC(1) O: Purge NMethod: io.sirix.access.trx.node.json.JsonNodeTrxImpl.getPathNodeKey (0x00007f77cfe6ef90) [0x00007f77cfe6f1e0, 0x00007f77cfe6fd00] 
[6,384s][debug  ][gc,nmethod     ] GC(1) O: Purge NMethod: io.sirix.access.trx.page.NodePageReadOnlyTrx.checkItemIfDeleted (0x00007f77cfa9c690) [0x00007f77cfa9c840, 0x00007f77cfa9ca90] 
[6,384s][debug  ][gc,nmethod     ] GC(1) O: Purge NMethod: com.google.gson.stream.JsonReader.peek (0x00007f77cfe1db90) [0x00007f77cfe1ddc0, 0x00007f77cfe1e3f8] 
[6,384s][debug  ][gc,nmethod     ] GC(1) O: Purge NMethod: java.lang.invoke.MethodType.methodType (0x00007f77ef262b90) [0x00007f77ef2632e0, 0x00007f77ef267c28] 
[6,384s][debug  ][gc,nmethod     ] GC(1) O: Purge NMethod: net.openhft.chronicle.bytes.internal.BytesInternal.appendUtf8Char (0x00007f77cfec9890) [0x00007f77cfec9b80, 0x00007f77cfecafb0] 
[6,384s][debug  ][gc,nmethod     ] GC(1) O: Purge NMethod: io.sirix.node.json.ObjectKeyNode.getKind (0x00007f77cfa6dc90) [0x00007f77cfa6de20, 0x00007f77cfa6df30] 
[6,384s][debug  ][gc,nmethod     ] GC(1) O: Purge NMethod: net.openhft.chronicle.bytes.AppendableUtil.findUtf8Length (0x00007f77cfe52c10) [0x00007f77cfe52dc0, 0x00007f77cfe531e0] 
[6,384s][debug  ][gc,nmethod     ] GC(1) O: Purge NMethod: it.unimi.dsi.fastutil.HashCommon.mix (0x00007f77cfaecd10) [0x00007f77cfaecea0, 0x00007f77cfaecf98] 
[6,384s][debug  ][gc,nmethod     ] GC(1) O: Purge NMethod: io.sirix.access.trx.page.NodePageTrx.prepareRecordPage (0x00007f77ef28f610) [0x00007f77ef28f7a0, 0x00007f77ef28f8f8] 
[6,384s][debug  ][gc,nmethod     ] GC(1) O: Purge NMethod: io.sirix.axis.AbstractAxis.hasNext (0x00007f77cfaf1810) [0x00007f77cfaf1a40, 0x00007f77cfaf20a0] 
[6,384s][debug  ][gc,nmethod     ] GC(1) O: Purge NMethod: com.google.gson.stream.JsonReader.peekNumber (0x00007f77cff09410) [0x00007f77cff09680, 0x00007f77cff0a580] 
[6,384s][debug  ][gc,nmethod     ] GC(1) O: Purge NMethod: io.sirix.service.json.shredder.JsonShredder.processNull (0x00007f77cff00710) [0x00007f77cff00900, 0x00007f77cff00ce8] 
[6,384s][debug  ][gc,nmethod     ] GC(1) O: Purge NMethod: io.sirix.node.json.StringNode.getKind (0x00007f77cfeeeb10) [0x00007f77cfeeeca0, 0x00007f77cfeeedb0] 
[6,384s][debug  ][gc,nmethod     ] GC(1) O: Purge NMethod: java.nio.ByteBuffer.arrayOffset (0x00007f77cfa97810) [0x00007f77cfa979e0, 0x00007f77cfa97ce0] 
[6,384s][debug  ][gc,nmethod     ] GC(1) O: Purge NMethod: net.openhft.hashing.UnsafeAccess.byteOrder (0x00007f77cfe30990) [0x00007f77cfe30b20, 0x00007f77cfe30c88] 
[6,384s][debug  ][gc,nmethod     ] GC(1) O: Purge NMethod: io.sirix.access.trx.node.json.JsonNodeFactoryImpl.createJsonStringNode (0x00007f77cfefb510) [0x00007f77cfefb7c0, 0x00007f77cfefc520] 
[6,384s][debug  ][gc,nmethod     ] GC(1) O: Purge NMethod: io.sirix.service.json.shredder.JsonShredder.insertStringValue (0x00007f77cfefd610) [0x00007f77cfefda80, 0x00007f77cfeffc88] 
[6,384s][debug  ][gc,nmethod     ] GC(1) O: Purge NMethod: java.util.Arrays.copyOf (0x00007f77cfa8c490) [0x00007f77cfa8c660, 0x00007f77cfa8cb20] 
[6,384s][debug  ][gc,nmethod     ] GC(1) O: Purge NMethod: net.openhft.hashing.Maths.unsignedLongMulXorFold (0x00007f77cfe0bc10) [0x00007f77cfe0bdc0, 0x00007f77cfe0bf00] 
[6,384s][debug  ][gc,nmethod     ] GC(1) O: Purge NMethod: net.openhft.hashing.LongHashFunction.hashByteBuffer (0x00007f77cfe4d610) [0x00007f77cfe4d8a0, 0x00007f77cfe4e500] 
[6,384s][debug  ][gc,nmethod     ] GC(1) O: Purge NMethod: java.nio.Buffer.position (0x00007f77cfdfb210) [0x00007f77cfdfb3c0, 0x00007f77cfdfb640] 
[6,384s][debug  ][gc,nmethod     ] GC(1) O: Purge NMethod: io.sirix.service.json.shredder.JsonShredder.insertNewContent (0x00007f77cff58b10) [0x00007f77cff58e60, 0x00007f77cff59ef8] 
[6,384s][debug  ][gc,nmethod     ] GC(1) O: Purge NMethod: io.sirix.node.json.AbstractStringNode.computeHash (0x00007f77cfec1490) [0x00007f77cfec17e0, 0x00007f77cfec2fb8] 
[6,384s][debug  ][gc,nmethod     ] GC(1) O: Purge NMethod: java.util.HashMap.computeIfAbsent (0x00007f77cfeba910) [0x00007f77cfebac60, 0x00007f77cfebc310] 
[6,384s][debug  ][gc,nmethod     ] GC(1) O: Purge NMethod: com.google.gson.stream.JsonReader.peekKeyword (0x00007f77cfef0e90) [0x00007f77cfef11c0, 0x00007f77cfef2598] 
[6,384s][debug  ][gc,nmethod     ] GC(1) O: Purge NMethod: sun.nio.cs.UTF_8$Decoder.decodeArrayLoop (0x00007f77cff4c410) [0x00007f77cff4cca0, 0x00007f77cff51c78] 
[6,384s][debug  ][gc,nmethod     ] GC(1) O: Purge NMethod: java.nio.charset.CharsetDecoder.decode (0x00007f77cff4a010) [0x00007f77cff4a3a0, 0x00007f77cff4bc40] 
[6,384s][debug  ][gc,nmethod     ] GC(1) O: Purge NMethod: io.sirix.node.json.ArrayNode.delegate (0x00007f77cfe1e510) [0x00007f77cfe1e6c0, 0x00007f77cfe1e918] 
[6,384s][debug  ][gc,nmethod     ] GC(1) O: Purge NMethod: io.sirix.axis.AbstractAxis.hasNext (0x00007f77ef2a4c90) [0x00007f77ef2a4f80, 0x00007f77ef2a5c60] 
[6,384s][debug  ][gc,nmethod     ] GC(1) O: Purge NMethod: java.lang.invoke.MethodType.makeImpl (0x00007f77cfa6af90) [0x00007f77cfa6b260, 0x00007f77cfa6c0e0] 
[6,384s][debug  ][gc,nmethod     ] GC(1) O: Purge NMethod: io.sirix.service.json.JsonNumber.stringToNumber (0x00007f77cff22b90) [0x00007f77cff22e00, 0x00007f77cff23570] 
[6,384s][debug  ][gc,nmethod     ] GC(1) O: Purge NMethod: it.unimi.dsi.fastutil.longs.LongArrayList.getLong (0x00007f77cfe2c990) [0x00007f77cfe2cc00, 0x00007f77cfe2d448] 
[6,385s][debug  ][gc,nmethod     ] GC(1) O: Purge NMethod: io.sirix.index.path.summary.PathSummaryReader.getStructuralNode (0x00007f77cfb13890) [0x00007f77cfb13a40, 0x00007f77cfb13c60] 
[6,385s][debug  ][gc,nmethod     ] GC(1) O: Purge NMethod: net.openhft.chronicle.bytes.NativeBytes.writeLong (0x00007f77cfa9bf90) [0x00007f77cfa9c140, 0x00007f77cfa9c2f0] 
[6,385s][debug  ][gc,nmethod     ] GC(1) O: Purge NMethod: java.util.Arrays.copyOf (0x00007f77cfacdf10) [0x00007f77cface120, 0x00007f77cface7b8] 
[6,385s][debug  ][gc,nmethod     ] GC(1) O: Purge NMethod: io.sirix.service.json.shredder.JsonShredder.processString (0x00007f77cfef3d90) [0x00007f77cfef3f80, 0x00007f77cfef4378] 
[6,385s][debug  ][gc,nmethod     ] GC(1) O: Purge NMethod: it.unimi.dsi.fastutil.longs.AbstractLongList.peekLong (0x00007f77cfe2c590) [0x00007f77cfe2c740, 0x00007f77cfe2c8c0] 
[6,385s][debug  ][gc,nmethod     ] GC(1) O: Purge NMethod: net.openhft.hashing.LongHashFunction.unsafeHash (0x00007f77cfe4c610) [0x00007f77cfe4c7c0, 0x00007f77cfe4c988] 
[6,385s][debug  ][gc,nmethod     ] GC(1) O: Purge NMethod: io.sirix.service.json.shredder.JsonShredder.insertNullValue (0x00007f77cff06590) [0x00007f77cff069e0, 0x00007f77cff08a70] 
[6,385s][debug  ][gc,nmethod     ] GC(1) O: Purge NMethod: net.openhft.chronicle.bytes.AbstractBytes.writeInt (0x00007f77cfe7b090) [0x00007f77cfe7b240, 0x00007f77cfe7b498] 
[6,385s][debug  ][gc,nmethod     ] GC(1) O: Purge NMethod: java.nio.Buffer.<init> (0x00007f77cfa73e90) [0x00007f77cfa74140, 0x00007f77cfa74c38] 
[6,385s][debug  ][gc,nmethod     ] GC(1) O: Purge NMethod: io.sirix.access.trx.page.NodePageTrx.createRecord (0x00007f77ef2c5a90) [0x00007f77ef2c5f60, 0x00007f77ef2c8548] 
[6,385s][debug  ][gc,nmethod     ] GC(1) O: Purge NMethod: io.sirix.page.KeyValueLeafPage.setRecord (0x00007f77cfe20810) [0x00007f77cfe20a00, 0x00007f77cfe20f08] 
[6,385s][debug  ][gc,nmethod     ] GC(1) O: Purge NMethod: io.sirix.node.json.AbstractBooleanNode.computeHash (0x00007f77cff2c490) [0x00007f77cff2c860, 0x00007f77cff2e7a8] 
[6,385s][debug  ][gc,nmethod     ] GC(1) O: Purge NMethod: java.util.regex.Matcher.search (0x00007f77cfbe6510) [0x00007f77cfbe6700, 0x00007f77cfbe6d98] 
[6,385s][debug  ][gc,nmethod     ] GC(1) O: Purge NMethod: io.sirix.node.json.ObjectNode.getKind (0x00007f77cfe21190) [0x00007f77cfe21320, 0x00007f77cfe21430] 
[6,385s][debug  ][gc,nmethod     ] GC(1) O: Purge NMethod: io.sirix.access.trx.page.NodePageTrx.createRecord (0x00007f77cfe1b190) [0x00007f77cfe1b560, 0x00007f77cfe1cea0] 
[6,385s][debug  ][gc,nmethod     ] GC(1) O: Purge NMethod: net.openhft.chronicle.core.io.AbstractReferenceCounted.refCount (0x00007f77cfea7310) [0x00007f77cfea74c0, 0x00007f77cfea7658] 
[6,385s][debug  ][gc,nmethod     ] GC(1) O: Purge NMethod: io.sirix.node.json.ArrayNode.getKind (0x00007f77cfe20490) [0x00007f77cfe20620, 0x00007f77cfe20730] 
[6,385s][debug  ][gc,nmethod     ] GC(1) O: Purge NMethod: java.util.ArrayList$Itr.next (0x00007f77cfdb4710) [0x00007f77cfdb4900, 0x00007f77cfdb4d68] 
[6,385s][debug  ][gc,nmethod     ] GC(1) O: Purge NMethod: net.openhft.chronicle.bytes.StreamingDataOutput.appendUtf8 (0x00007f77cfe53390) [0x00007f77cfe53580, 0x00007f77cfe53aa8] 
[6,385s][debug  ][gc,nmethod     ] GC(1) O: Purge NMethod: io.sirix.cache.IndexLogKey.equals (0x00007f77cfec8790) [0x00007f77cfec8960, 0x00007f77cfec8e70] 
[6,385s][debug  ][gc,nmethod     ] GC(1) O: Purge NMethod: io.sirix.access.trx.page.NodePageTrx.prepareRecordForModification (0x00007f77cfeb3310) [0x00007f77cfeb3600, 0x00007f77cfeb4580] 
[6,385s][debug  ][gc,nmethod     ] GC(1) O: Purge NMethod: com.google.gson.stream.JsonReader.nextString (0x00007f77cfe7b590) [0x00007f77cfe7b8a0, 0x00007f77cfe7c6c8] 
[6,385s][debug  ][gc,nmethod     ] GC(1) O: Purge NMethod: io.sirix.node.json.ObjectKeyNode.delegate (0x00007f77cfa3a990) [0x00007f77cfa3ab40, 0x00007f77cfa3ad98] 
[6,385s][debug  ][gc,nmethod     ] GC(1) O: Purge NMethod: io.sirix.access.trx.node.json.JsonNodeTrxImpl.getPathNodeKey (0x00007f77cfe80690) [0x00007f77cfe80880, 0x00007f77cfe80db0] 
[6,385s][debug  ][gc,nmethod     ] GC(1) O: Purge NMethod: java.lang.System.getSecurityManager (0x00007f77cfa76010) [0x00007f77cfa761a0, 0x00007f77cfa76308] 
[6,385s][debug  ][gc,nmethod     ] GC(1) O: Purge NMethod: net.openhft.hashing.XXH3.access$500 (0x00007f77cfe4e890) [0x00007f77cfe4ea40, 0x00007f77cfe4eb58] 
[6,385s][debug  ][gc,nmethod     ] GC(1) O: Purge NMethod: net.openhft.chronicle.bytes.AbstractBytes.clear (0x00007f77cfe1a210) [0x00007f77cfe1a3e0, 0x00007f77cfe1a998] 
[6,385s][debug  ][gc,nmethod     ] GC(1) O: Purge NMethod: java.lang.Math.multiplyHigh (0x00007f77cfe0bf90) [0x00007f77cfe0c120, 0x00007f77cfe0c280] 
[6,385s][debug  ][gc,nmethod     ] GC(1) O: Purge NMethod: io.sirix.service.json.shredder.JsonShredder.processNumber (0x00007f77cff23910) [0x00007f77cff23b20, 0x00007f77cff23fa0] 
[6,385s][debug  ][gc,nmethod     ] GC(1) O: Purge NMethod: io.sirix.node.xml.AbstractStructForwardingNode.hasLeftSibling (0x00007f77cfe27790) [0x00007f77cfe27940, 0x00007f77cfe27bf8] 
[6,385s][debug  ][gc,nmethod     ] GC(1) O: Purge NMethod: java.util.concurrent.ConcurrentHashMap.putVal (0x00007f77ef1d5b90) [0x00007f77ef1d5e20, 0x00007f77ef1d6f00] 
[6,385s][debug  ][gc,nmethod     ] GC(1) O: Purge NMethod: com.google.gson.stream.JsonReader.peek (0x00007f77cfeed790) [0x00007f77cfeed9c0, 0x00007f77cfeedfe8] 
[6,385s][debug  ][gc,nmethod     ] GC(1) O: Purge NMethod: java.nio.ByteBuffer.position (0x00007f77cfaaa610) [0x00007f77cfaaa7c0, 0x00007f77cfaaa978] 
[6,385s][debug  ][gc,nmethod     ] GC(1) O: Purge NMethod: io.sirix.access.trx.node.AbstractNodeReadOnlyTrx.storeDeweyIDs (0x00007f77cfe48890) [0x00007f77cfe48a60, 0x00007f77cfe48e60] 
[6,385s][debug  ][gc,nmethod     ] GC(1) O: Purge NMethod: jdk.internal.util.Preconditions.checkFromToIndex (0x00007f77cfa5bd90) [0x00007f77cfa5bf40, 0x00007f77cfa5c128] 
[6,385s][debug  ][gc,nmethod     ] GC(1) O: Purge NMethod: java.util.concurrent.ConcurrentHashMap.putVal (0x00007f77cfc7c510) [0x00007f77cfc7c8c0, 0x00007f77cfc7e640] 
[6,385s][debug  ][gc,nmethod     ] GC(1) O: Purge NMethod: io.sirix.index.path.summary.PathSummaryReader.getNodeKey (0x00007f77ef2a1b90) [0x00007f77ef2a1d20, 0x00007f77ef2a1e70] 
[6,385s][debug  ][gc,nmethod     ] GC(1) O: Purge NMethod: sun.net.util.IPAddressUtil.checkHostString (0x00007f77cfad0690) [0x00007f77cfad0840, 0x00007f77cfad0a58] 
[6,385s][debug  ][gc,nmethod     ] GC(1) O: Purge NMethod: com.google.gson.stream.JsonReader.doPeek (0x00007f77cfe36b10) [0x00007f77cfe378e0, 0x00007f77cfe3e548] 
[6,385s][debug  ][gc,nmethod     ] GC(1) O: Purge NMethod: io.sirix.access.trx.node.AbstractNodeReadOnlyTrx.setCurrentNode (0x00007f77cfb68e10) [0x00007f77cfb68fe0, 0x00007f77cfb69348] 
[6,385s][debug  ][gc,nmethod     ] GC(1) O: Purge NMethod: jdk.internal.org.objectweb.asm.SymbolTable.addConstantUtf8Reference (0x00007f77cfab7710) [0x00007f77cfab7960, 0x00007f77cfab8048] 
[6,385s][debug  ][gc,nmethod     ] GC(1) O: Purge NMethod: io.sirix.node.json.AbstractNumberNode.computeHash (0x00007f77cff17d10) [0x00007f77cff18820, 0x00007f77cff20528] 
[6,385s][debug  ][gc,nmethod     ] GC(1) O: Purge NMethod: io.sirix.index.path.summary.PathSummaryWriter.movePathSummary (0x00007f77cfe92e90) [0x00007f77cfe931c0, 0x00007f77cfe94420] 
[6,385s][debug  ][gc,nmethod     ] GC(1) O: Purge NMethod: java.util.BitSet.cardinality (0x00007f77cfe0fd10) [0x00007f77cfe0fec0, 0x00007f77cfe10138] 
[6,385s][debug  ][gc,nmethod     ] GC(1) O: Purge NMethod: io.sirix.access.trx.page.NodePageTrx.prepareRecordPage (0x00007f77cfeb7890) [0x00007f77cfeb7ba0, 0x00007f77cfeb8f28] 
[6,385s][debug  ][gc,nmethod     ] GC(1) O: Purge NMethod: io.sirix.node.delegates.ValueNodeDelegate.<init> (0x00007f77cfec7a10) [0x00007f77cfec7c00, 0x00007f77cfec8160] 
[6,385s][debug  ][gc,nmethod     ] GC(1) O: Purge NMethod: java.lang.StringCoding.hasNegatives (0x00007f77cfae5c10) [0x00007f77cfae5dc0, 0x00007f77cfae6080] 
[6,385s][debug  ][gc,nmethod     ] GC(1) O: Purge NMethod: java.lang.Class.getPackageName (0x00007f77cfa7f510) [0x00007f77cfa7f7c0, 0x00007f77cfa80320] 
[6,385s][debug  ][gc,nmethod     ] GC(1) O: Purge NMethod: jdk.internal.org.objectweb.asm.MethodWriter.visitEnd (0x00007f77cfc4c290) [0x00007f77cfc4c420, 0x00007f77cfc4c528] 
[6,385s][debug  ][gc,nmethod     ] GC(1) O: Purge NMethod: io.sirix.node.json.NumberNode.getKind (0x00007f77cfefd290) [0x00007f77cfefd420, 0x00007f77cfefd530] 
[6,385s][debug  ][gc,nmethod     ] GC(1) O: Purge NMethod: com.google.gson.stream.JsonReader.fillBuffer (0x00007f77cff58190) [0x00007f77cff58380, 0x00007f77cff589a8] 
[6,385s][debug  ][gc,nmethod     ] GC(1) O: Purge NMethod: io.sirix.node.AbstractForwardingNode.getParentKey (0x00007f77cfb6c690) [0x00007f77cfb6c840, 0x00007f77cfb6ca30] 
[6,385s][debug  ][gc,nmethod     ] GC(1) O: Purge NMethod: net.openhft.hashing.XXH3.XXH3_avalanche (0x00007f77cfe4ec10) [0x00007f77cfe4eda0, 0x00007f77cfe4eeb0] 
[6,385s][debug  ][gc,nmethod     ] GC(1) O: Purge NMethod: com.google.gson.stream.JsonReader.nextNonWhitespace (0x00007f77cfb16f90) [0x00007f77cfb17480, 0x00007f77cfb194a8] 
[6,385s][debug  ][gc,nmethod     ] GC(1) O: Purge NMethod: io.sirix.access.trx.node.json.JsonNodeReadOnlyTrxImpl.getNode (0x00007f77cfe23790) [0x00007f77cfe23be0, 0x00007f77cfe25c58] 
[6,385s][debug  ][gc,nmethod     ] GC(1) O: Purge NMethod: sun.net.www.protocol.file.Handler.parseURL (0x00007f77cfc54190) [0x00007f77cfc54340, 0x00007f77cfc544f8] 
[6,385s][debug  ][gc,nmethod     ] GC(1) O: Purge NMethod: sun.misc.Unsafe.getLong (0x00007f77cfc58d10) [0x00007f77cfc58ea0, 0x00007f77cfc58fa8] 
[6,385s][debug  ][gc,nmethod     ] GC(1) O: Purge NMethod: net.openhft.chronicle.bytes.NativeBytes.writeOffsetPositionMoved (0x00007f77cfa48890) [0x00007f77cfa48ac0, 0x00007f77cfa49420] 
[6,385s][debug  ][gc,nmethod     ] GC(1) O: Purge NMethod: io.sirix.node.xml.AbstractStructForwardingNode.setLastChildKey (0x00007f77cfe49510) [0x00007f77cfe496e0, 0x00007f77cfe49a60] 
[6,385s][debug  ][gc,nmethod     ] GC(1) O: Purge NMethod: io.sirix.node.json.ObjectNode.delegate (0x00007f77cfa32b90) [0x00007f77cfa32d40, 0x00007f77cfa32f98] 
[6,385s][debug  ][gc,nmethod     ] GC(1) O: Purge NMethod: io.sirix.access.trx.node.AbstractDeweyIDManager.newRightSiblingID (0x00007f77cfe7d610) [0x00007f77cfe7d960, 0x00007f77cfe7f188] 
[6,385s][debug  ][gc,nmethod     ] GC(1) O: Purge NMethod: io.sirix.access.trx.page.NodePageTrx.getPageContainer (0x00007f77cfeb6710) [0x00007f77cfeb6980, 0x00007f77cfeb7480] 
[6,385s][debug  ][gc,nmethod     ] GC(1) O: Purge NMethod: io.sirix.access.trx.node.AbstractNodeReadOnlyTrx.assertNotClosed (0x00007f77cfa5ce10) [0x00007f77cfa5cfc0, 0x00007f77cfa5d1e0] 
[6,385s][debug  ][gc,nmethod     ] GC(1) O: Purge NMethod: io.sirix.access.trx.node.json.JsonNodeTrxImpl.checkPrecondition (0x00007f77cfeef390) [0x00007f77cfeef5a0, 0x00007f77cfeefde8] 
[6,385s][debug  ][gc,nmethod     ] GC(1) O: Purge NMethod: io.sirix.index.path.summary.PathSummaryReader.assertNotClosed (0x00007f77cfa34310) [0x00007f77cfa344c0, 0x00007f77cfa346e0] 
[6,385s][debug  ][gc,nmethod     ] GC(1) O: Purge NMethod: io.sirix.node.json.NullNode.getKind (0x00007f77cfeee110) [0x00007f77cfeee2a0, 0x00007f77cfeee3b0] 
[6,385s][debug  ][gc,nmethod     ] GC(1) O: Purge NMethod: io.sirix.access.trx.node.json.JsonNodeTrxImpl.insertStringValueAsRightSibling (0x00007f77cff0d390) [0x00007f77cff0d720, 0x00007f77cff0f130] 
[6,385s][debug  ][gc,nmethod     ] GC(1) O: Purge NMethod: java.lang.AbstractStringBuilder.append (0x00007f77cff53410) [0x00007f77cff535e0, 0x00007f77cff538f8] 
[6,385s][debug  ][gc,nmethod     ] GC(1) O: Purge NMethod: io.sirix.node.json.BooleanNode.getKind (0x00007f77cff14c90) [0x00007f77cff14e20, 0x00007f77cff14f30] 
[6,385s][debug  ][gc,nmethod     ] GC(1) O: Purge NMethod: jdk.internal.org.objectweb.asm.ByteVector.putShort (0x00007f77ef223e90) [0x00007f77ef224020, 0x00007f77ef2241b0] 
[6,385s][debug  ][gc,nmethod     ] GC(1) O: Purge NMethod: io.sirix.node.xml.AbstractStructForwardingNode.getDescendantCount (0x00007f77cfb12f10) [0x00007f77cfb130c0, 0x00007f77cfb132b0] 
[6,385s][debug  ][gc,nmethod     ] GC(1) O: Purge NMethod: io.sirix.index.path.summary.PathSummaryReader.getNodeKey (0x00007f77cfaf2290) [0x00007f77cfaf2460, 0x00007f77cfaf27d8] 
[6,385s][debug  ][gc,nmethod     ] GC(1) O: Purge NMethod: com.google.gson.stream.JsonReader.nextQuotedValue (0x00007f77cfe16690) [0x00007f77cfe16a00, 0x00007f77cfe17da8] 
[6,385s][debug  ][gc,nmethod     ] GC(1) O: Purge NMethod: java.lang.Long.getChars (0x00007f77cff0fd90) [0x00007f77cff0ff80, 0x00007f77cff105a0] 
[6,385s][debug  ][gc,nmethod     ] GC(1) O: Purge NMethod: java.util.ArrayList.grow (0x00007f77cfcd3890) [0x00007f77cfcd3aa0, 0x00007f77cfcd4198] 
[6,385s][debug  ][gc,nmethod     ] GC(1) O: Purge NMethod: java.util.BitSet.set (0x00007f77cfe0ee90) [0x00007f77cfe0f100, 0x00007f77cfe0f930] 
[6,385s][debug  ][gc,nmethod     ] GC(1) O: Purge NMethod: java.lang.String.<init> (0x00007f77cfca5a90) [0x00007f77cfca63a0, 0x00007f77cfcab9c0] 
[6,385s][debug  ][gc,nmethod     ] GC(1) O: Purge NMethod: io.sirix.node.xml.AbstractStructForwardingNode.setRightSiblingKey (0x00007f77cfe7cb10) [0x00007f77cfe7ccc0, 0x00007f77cfe7ceb8] 
[6,385s][debug  ][gc,nmethod     ] GC(1) O: Purge NMethod: io.sirix.node.xml.AbstractStructForwardingNode.hasFirstChild (0x00007f77cfe6c810) [0x00007f77cfe6c9c0, 0x00007f77cfe6cc78] 
[6,385s][debug  ][gc,nmethod     ] GC(1) O: Purge NMethod: io.sirix.access.trx.page.NodePageTrx.getMostRecentPageContainer (0x00007f77ef28df10) [0x00007f77ef28e0e0, 0x00007f77ef28e6f8] 
[6,385s][debug  ][gc,nmethod     ] GC(1) O: Purge NMethod: java.lang.invoke.LambdaForm$MH/0x0000000080359c00.guard (0x00007f77cfed6a10) [0x00007f77cfed6c40, 0x00007f77cfed7598] 
[6,385s][debug  ][gc,nmethod     ] GC(1) O: Purge NMethod: io.sirix.node.immutable.json.ImmutableArrayNode.getKind (0x00007f77cfe88290) [0x00007f77cfe88420, 0x00007f77cfe88530] 
[6,385s][debug  ][gc,nmethod     ] GC(1) O: Purge NMethod: java.lang.invoke.MethodType.methodType (0x00007f77cfa6a690) [0x00007f77cfa6a8a0, 0x00007f77cfa6adf0] 
[6,385s][debug  ][gc,nmethod     ] GC(1) O: Purge NMethod: io.sirix.node.xml.AbstractStructForwardingNode.incrementChildCount (0x00007f77cfe27310) [0x00007f77cfe274c0, 0x00007f77cfe276d0] 
[6,385s][debug  ][gc,nmethod     ] GC(1) O: Purge NMethod: io.sirix.access.trx.page.NodePageReadOnlyTrx.pageKey (0x00007f77cfa39990) [0x00007f77cfa39b60, 0x00007f77cfa39fb8] 
[6,385s][debug  ][gc,nmethod     ] GC(1) O: Purge NMethod: java.lang.Object.<init> (0x00007f77ef1c4010) [0x00007f77ef1c4180, 0x00007f77ef1c41f8] 
[6,385s][debug  ][gc,nmethod     ] GC(1) O: Purge NMethod: java.lang.Long.hashCode (0x00007f77cfeb6410) [0x00007f77cfeb65a0, 0x00007f77cfeb6690] 
[6,385s][debug  ][gc,nmethod     ] GC(1) O: Purge NMethod: io.sirix.node.json.AbstractStringNode.delegate (0x00007f77cfe06b90) [0x00007f77cfe06d40, 0x00007f77cfe06f98] 
[6,385s][debug  ][gc,nmethod     ] GC(1) O: Purge NMethod: java.util.BitSet.wordIndex (0x00007f77cfbfd910) [0x00007f77cfbfdaa0, 0x00007f77cfbfdb88] 
[6,385s][debug  ][gc,nmethod     ] GC(1) O: Purge NMethod: java.lang.String.indexOf (0x00007f77cfa36f10) [0x00007f77cfa370c0, 0x00007f77cfa37200] 
[6,385s][debug  ][gc,nmethod     ] GC(1) O: Purge NMethod: com.google.common.base.Preconditions.checkState (0x00007f77cfb13410) [0x00007f77cfb135c0, 0x00007f77cfb137b0] 
[6,385s][debug  ][gc,nmethod     ] GC(1) O: Purge NMethod: io.sirix.access.trx.node.json.JsonNodeTrxImpl.insertStringValueAsFirstChild (0x00007f77cfe94890) [0x00007f77cfe94e20, 0x00007f77cfe981c0] 
[6,385s][debug  ][gc,nmethod     ] GC(1) O: Purge NMethod: io.sirix.access.trx.page.NodePageTrx$$Lambda/0x000000008036b078.<init> (0x00007f77cfed2710) [0x00007f77cfed28c0, 0x00007f77cfed2b18] 
[6,385s][debug  ][gc,nmethod     ] GC(1) O: Purge NMethod: io.sirix.node.json.ObjectStringNode.getKind (0x00007f77cfe45210) [0x00007f77cfe453a0, 0x00007f77cfe454b0] 
[6,385s][debug  ][gc,phases      ] GC(1) O: Concurrent Classes Purge 2,795ms
[6,385s][debug  ][gc,phases,start] GC(1) O: Concurrent References Enqueue
[6,385s][debug  ][gc,phases      ] GC(1) O: Concurrent References Enqueue 0,008ms
[6,385s][info   ][gc,phases      ] GC(1) O: Concurrent Process Non-Strong 11,438ms
[6,385s][debug  ][gc,phases,start] GC(1) O: Concurrent Reset Relocation Set
[6,385s][info   ][gc,phases      ] GC(1) O: Concurrent Reset Relocation Set 0,009ms
[6,385s][debug  ][gc,phases,start] GC(1) O: Concurrent Select Relocation Set
[6,386s][debug  ][gc,reloc       ] Synchronize all workers 1 _nworkers: 0 _nsynchronized: 0
[6,386s][debug  ][gc,reloc       ] Synchronize all workers 1 _nworkers: 0 _nsynchronized: 0
[6,386s][debug  ][gc,reloc       ] Desynchronize all workers _nworkers: 0 _nsynchronized: 0
[6,386s][debug  ][gc,reloc       ] Desynchronize all workers _nworkers: 0 _nsynchronized: 0
[6,386s][debug  ][gc,reloc       ] GC(1) O: Relocation Set (Medium Pages): 0->0, 0 skipped, 0 forwarding entries
[6,386s][debug  ][gc,reloc       ] GC(1) O: Relocation Set (Small Pages): 0->0, 0 skipped, 0 forwarding entries
[6,386s][debug  ][gc,task        ] GC(1) O: Executing ZRelocationSetInstallTask using ZWorkerOld with 1 workers
[6,387s][info   ][gc,phases      ] GC(1) O: Concurrent Select Relocation Set 1,186ms
[6,387s][debug  ][gc,phases,start] GC(1) O: Concurrent Remap Roots
[6,387s][info   ][gc,task        ] GC(1) O: Using 5 Workers for Old Generation
[6,387s][debug  ][gc,task        ] GC(1) O: Executing ZRemapYoungRootsTask using ZWorkerOld with 5 workers
[6,389s][debug  ][gc,alloc       ] Mutator Allocation Rate: 338,8MB/s Predicted: 387,4MB/s, Avg: 250,8(+/-76,5)MB/s
[6,394s][info   ][gc,task        ] GC(1) O: Using 1 Workers for Old Generation
[6,394s][info   ][gc,phases      ] GC(1) O: Concurrent Remap Roots 7,173ms
[6,394s][debug  ][gc,reloc       ] Synchronize all workers 1 _nworkers: 0 _nsynchronized: 0
[6,394s][debug  ][gc,reloc       ] Synchronize all workers 1 _nworkers: 0 _nsynchronized: 0
[6,394s][debug  ][gc,phases,start] GC(1) O: Pause Relocate Start
[6,394s][debug  ][gc,reloc       ] GC(1) O: Joining workers: 1
[6,394s][info   ][gc,phases      ] GC(1) O: Pause Relocate Start 0,028ms
[6,394s][debug  ][gc,reloc       ] Desynchronize all workers _nworkers: 1 _nsynchronized: 0
[6,394s][debug  ][gc,reloc       ] Desynchronize all workers _nworkers: 0 _nsynchronized: 0
[6,394s][debug  ][gc,phases,start] GC(1) O: Concurrent Relocate
[6,394s][debug  ][gc,task        ] GC(1) O: Executing ZRelocateStoreBufferInstallBasePointersTask using ZWorkerOld with 1 workers
[6,394s][debug  ][gc,task        ] GC(1) O: Executing ZRelocateTask using ZWorkerOld with 1 workers
[6,395s][debug  ][gc,reloc       ] GC(1) O: Leaving workers: left: 0 _synchronize: 0 _nsynchronized: 0
[6,395s][info   ][gc,phases      ] GC(1) O: Concurrent Relocate 0,476ms
[6,395s][debug  ][gc,heap        ] GC(1) O: Heap after GC invocations=2 (full 2):
[6,395s][debug  ][gc,heap        ] GC(1) O:  ZHeap           used 534M, capacity 5120M, max capacity 15360M
[6,395s][debug  ][gc,heap        ] GC(1) O:  Metaspace       used 28851K, committed 29312K, reserved 1114112K
[6,395s][debug  ][gc,heap        ] GC(1) O:   class space    used 3248K, committed 3456K, reserved 1048576K
[6,395s][info   ][gc,alloc       ] GC(1) O:                         Mark Start        Mark End      Relocate Start    Relocate End   
[6,395s][info   ][gc,alloc       ] GC(1) O: Allocation Stalls:          0                0                0                0         
[6,395s][info   ][gc,load        ] GC(1) O: Load: 3,39 (17%) / 14,66 (73%) / 11,78 (59%)
[6,395s][info   ][gc,mmu         ] GC(1) O: MMU: 2ms/90,7%, 5ms/96,3%, 10ms/98,1%, 20ms/99,1%, 50ms/99,4%, 100ms/99,7%
[6,395s][info   ][gc,marking     ] GC(1) O: Mark: 1 stripe(s), 1 proactive flush(es), 1 terminate flush(es), 0 completion(s), 0 continuation(s) 
[6,395s][info   ][gc,marking     ] GC(1) O: Mark Stack Usage: 0M
[6,395s][info   ][gc,nmethod     ] GC(1) O: NMethods: 2502 registered, 286 unregistered
[6,395s][info   ][gc,metaspace   ] GC(1) O: Metaspace: 28M used, 28M committed, 1088M reserved
[6,395s][info   ][gc,ref         ] GC(1) O:                       Encountered   Discovered     Enqueued 
[6,395s][info   ][gc,ref         ] GC(1) O: Soft References:             3801            0            0 
[6,395s][info   ][gc,ref         ] GC(1) O: Weak References:             2519            0            0 
[6,395s][info   ][gc,ref         ] GC(1) O: Final References:              45            0            0 
[6,395s][info   ][gc,ref         ] GC(1) O: Phantom References:           945            0            0 
[6,395s][info   ][gc,heap        ] GC(1) O: Min Capacity: 5120M(33%)
[6,395s][info   ][gc,heap        ] GC(1) O: Max Capacity: 15360M(100%)
[6,395s][info   ][gc,heap        ] GC(1) O: Soft Max Capacity: 15360M(100%)
[6,395s][info   ][gc,heap        ] GC(1) O: Heap Statistics:
[6,395s][info   ][gc,heap        ] GC(1) O:                Mark Start          Mark End        Relocate Start      Relocate End           High               Low         
[6,395s][info   ][gc,heap        ] GC(1) O:  Capacity:     5120M (33%)        5120M (33%)        5120M (33%)        5120M (33%)        5120M (33%)        5120M (33%)    
[6,395s][info   ][gc,heap        ] GC(1) O:      Free:    13824M (90%)       14836M (97%)       14826M (97%)       14826M (97%)       14838M (97%)       13754M (90%)    
[6,395s][info   ][gc,heap        ] GC(1) O:      Used:     1536M (10%)         524M (3%)          534M (3%)          534M (3%)         1606M (10%)         522M (3%)     
[6,395s][info   ][gc,heap        ] GC(1) O: Old Generation Statistics:
[6,395s][info   ][gc,heap        ] GC(1) O:                Mark Start          Mark End        Relocate Start      Relocate End    
[6,395s][info   ][gc,heap        ] GC(1) O:      Used:        0M (0%)            0M (0%)            0M (0%)            0M (0%)     
[6,395s][info   ][gc,heap        ] GC(1) O:      Live:         -                 0M (0%)            0M (0%)            0M (0%)     
[6,395s][info   ][gc,heap        ] GC(1) O:   Garbage:         -                 0M (0%)            0M (0%)            0M (0%)     
[6,395s][info   ][gc,heap        ] GC(1) O: Allocated:         -                 0M (0%)            0M (0%)            0M (0%)     
[6,395s][info   ][gc,heap        ] GC(1) O: Reclaimed:         -                  -                 0M (0%)            0M (0%)     
[6,395s][info   ][gc,heap        ] GC(1) O: Compacted:         -                  -                  -                 0M (0%)     
[6,395s][info   ][gc,phases      ] GC(1) O: Old Generation 522M(3%)->534M(3%) 0,024s
[6,395s][info   ][gc             ] GC(1) Major Collection (Warmup) 1536M(10%)->534M(3%) 0,245s
[6,399s][debug  ][gc,director    ] Rule Major: Warmup 20%, Used: 536MB, UsedThreshold: 3072MB
[6,410s][debug  ][gc,director    ] Rule Major: Warmup 20%, Used: 540MB, UsedThreshold: 3072MB
[6,413s][debug  ][gc,nmethod     ] Register NMethod: java.util.BitSet.get (0x00007f77ef292310) [0x00007f77ef2924a0, 0x00007f77ef2925f0] Compiler: c2, Barriers: 1, Oops: 0, ImmediateOops: 0, NonImmediateOops: No
[6,420s][debug  ][gc,director    ] Rule Major: Warmup 20%, Used: 546MB, UsedThreshold: 3072MB
[6,424s][debug  ][gc,nmethod     ] Register NMethod: java.util.BitSet.and (0x00007f77ef2bba90) [0x00007f77ef2bbc20, 0x00007f77ef2bbf50] Compiler: c2, Barriers: 3, Oops: 0, ImmediateOops: 0, NonImmediateOops: No
[6,430s][debug  ][gc,director    ] Rule Major: Warmup 20%, Used: 550MB, UsedThreshold: 3072MB
[6,440s][debug  ][gc,director    ] Rule Major: Warmup 20%, Used: 554MB, UsedThreshold: 3072MB
[6,447s][debug  ][gc,nmethod     ] Register NMethod: io.sirix.page.delegates.BitmapReferencesPage.index (0x00007f77ef230710) [0x00007f77ef230900, 0x00007f77ef2314c8] Compiler: c2, Barriers: 5, Oops: 1, ImmediateOops: 0, NonImmediateOops: No
[6,450s][debug  ][gc,director    ] Rule Major: Warmup 20%, Used: 560MB, UsedThreshold: 3072MB
[6,460s][debug  ][gc,nmethod     ] Register NMethod: io.sirix.page.delegates.BitmapReferencesPage.getOrCreateReference (0x00007f77ef2a5190) [0x00007f77ef2a53e0, 0x00007f77ef2a5e10] Compiler: c2, Barriers: 13, Oops: 1, ImmediateOops: 1, NonImmediateOops: No
[6,460s][debug  ][gc,director    ] Rule Major: Warmup 20%, Used: 564MB, UsedThreshold: 3072MB
[6,471s][debug  ][gc,director    ] Rule Major: Warmup 20%, Used: 570MB, UsedThreshold: 3072MB
[6,481s][debug  ][gc,director    ] Rule Major: Warmup 20%, Used: 574MB, UsedThreshold: 3072MB
[6,491s][debug  ][gc,director    ] Rule Major: Warmup 20%, Used: 578MB, UsedThreshold: 3072MB
[6,501s][debug  ][gc,director    ] Rule Major: Warmup 20%, Used: 584MB, UsedThreshold: 3072MB
[6,511s][debug  ][gc,director    ] Rule Major: Warmup 20%, Used: 588MB, UsedThreshold: 3072MB
[6,521s][debug  ][gc,director    ] Rule Major: Warmup 20%, Used: 594MB, UsedThreshold: 3072MB
[6,531s][debug  ][gc,director    ] Rule Major: Warmup 20%, Used: 598MB, UsedThreshold: 3072MB
[6,542s][debug  ][gc,director    ] Rule Major: Warmup 20%, Used: 602MB, UsedThreshold: 3072MB
[6,552s][debug  ][gc,director    ] Rule Major: Warmup 20%, Used: 608MB, UsedThreshold: 3072MB
[6,562s][debug  ][gc,director    ] Rule Major: Warmup 20%, Used: 612MB, UsedThreshold: 3072MB
[6,572s][debug  ][gc,director    ] Rule Major: Warmup 20%, Used: 618MB, UsedThreshold: 3072MB
[6,582s][debug  ][gc,director    ] Rule Major: Warmup 20%, Used: 622MB, UsedThreshold: 3072MB
[6,592s][debug  ][gc,director    ] Rule Major: Warmup 20%, Used: 626MB, UsedThreshold: 3072MB
[6,603s][debug  ][gc,director    ] Rule Major: Warmup 20%, Used: 632MB, UsedThreshold: 3072MB
[6,613s][debug  ][gc,director    ] Rule Major: Warmup 20%, Used: 636MB, UsedThreshold: 3072MB
[6,623s][debug  ][gc,director    ] Rule Major: Warmup 20%, Used: 642MB, UsedThreshold: 3072MB
[6,633s][debug  ][gc,director    ] Rule Major: Warmup 20%, Used: 646MB, UsedThreshold: 3072MB
[6,643s][debug  ][gc,director    ] Rule Major: Warmup 20%, Used: 650MB, UsedThreshold: 3072MB
[6,643s][debug  ][gc,alloc       ] Mutator Allocation Rate: 345,3MB/s Predicted: 394,3MB/s, Avg: 257,1(+/-77,6)MB/s
[6,643s][debug  ][gc,director    ] Rule Major: Warmup 20%, Used: 652MB, UsedThreshold: 3072MB
[6,654s][debug  ][gc,director    ] Rule Major: Warmup 20%, Used: 656MB, UsedThreshold: 3072MB
[6,664s][debug  ][gc,director    ] Rule Major: Warmup 20%, Used: 660MB, UsedThreshold: 3072MB
[6,674s][debug  ][gc,director    ] Rule Major: Warmup 20%, Used: 666MB, UsedThreshold: 3072MB
[6,684s][debug  ][gc,director    ] Rule Major: Warmup 20%, Used: 670MB, UsedThreshold: 3072MB
[6,694s][debug  ][gc,director    ] Rule Major: Warmup 20%, Used: 676MB, UsedThreshold: 3072MB
[6,704s][debug  ][gc,director    ] Rule Major: Warmup 20%, Used: 680MB, UsedThreshold: 3072MB
[6,715s][debug  ][gc,director    ] Rule Major: Warmup 20%, Used: 684MB, UsedThreshold: 3072MB
[6,725s][debug  ][gc,director    ] Rule Major: Warmup 20%, Used: 690MB, UsedThreshold: 3072MB
[6,735s][debug  ][gc,director    ] Rule Major: Warmup 20%, Used: 694MB, UsedThreshold: 3072MB
[6,745s][debug  ][gc,director    ] Rule Major: Warmup 20%, Used: 700MB, UsedThreshold: 3072MB
[6,755s][debug  ][gc,director    ] Rule Major: Warmup 20%, Used: 704MB, UsedThreshold: 3072MB
[6,765s][debug  ][gc,director    ] Rule Major: Warmup 20%, Used: 708MB, UsedThreshold: 3072MB
[6,776s][debug  ][gc,director    ] Rule Major: Warmup 20%, Used: 714MB, UsedThreshold: 3072MB
[6,786s][debug  ][gc,director    ] Rule Major: Warmup 20%, Used: 718MB, UsedThreshold: 3072MB
[6,796s][debug  ][gc,director    ] Rule Major: Warmup 20%, Used: 724MB, UsedThreshold: 3072MB
[6,806s][debug  ][gc,director    ] Rule Major: Warmup 20%, Used: 728MB, UsedThreshold: 3072MB
[6,816s][debug  ][gc,director    ] Rule Major: Warmup 20%, Used: 734MB, UsedThreshold: 3072MB
[6,827s][debug  ][gc,director    ] Rule Major: Warmup 20%, Used: 738MB, UsedThreshold: 3072MB
[6,837s][debug  ][gc,director    ] Rule Major: Warmup 20%, Used: 742MB, UsedThreshold: 3072MB
[6,847s][debug  ][gc,director    ] Rule Major: Warmup 20%, Used: 748MB, UsedThreshold: 3072MB
[6,857s][debug  ][gc,director    ] Rule Major: Warmup 20%, Used: 752MB, UsedThreshold: 3072MB
[6,867s][debug  ][gc,director    ] Rule Major: Warmup 20%, Used: 758MB, UsedThreshold: 3072MB
[6,878s][debug  ][gc,director    ] Rule Major: Warmup 20%, Used: 762MB, UsedThreshold: 3072MB
[6,888s][debug  ][gc,director    ] Rule Major: Warmup 20%, Used: 766MB, UsedThreshold: 3072MB
[6,897s][debug  ][gc,alloc       ] Mutator Allocation Rate: 351,2MB/s Predicted: 400,7MB/s, Avg: 263,0(+/-78,5)MB/s
[6,897s][debug  ][gc,director    ] Rule Major: Warmup 20%, Used: 772MB, UsedThreshold: 3072MB
[6,897s][debug  ][gc,director    ] Select Minor GC Workers (Not Warm), GCWorkers: 5,000
[6,897s][debug  ][gc,director    ] Rule Minor: Allocation Rate (Dynamic GC Workers), MaxAllocRate: 263,0MB/s (+/-29,8%), Free: 14546MB, GCCPUTime: 2,329, GCDuration: 0,474s, TimeUntilOOM: 42,592s, TimeUntilGC: 42,118s, GCWorkers: 5
[6,897s][debug  ][gc,director    ] Select Minor GC Workers (Not Warm), GCWorkers: 5,000
[6,897s][debug  ][gc,director    ] Rule Minor: Allocation Rate (Dynamic GC Workers), MaxAllocRate: 1059,7MB/s (+/-29,8%), Free: 14546MB, GCCPUTime: 2,329, GCDuration: 0,474s, TimeUntilOOM: 10,571s, TimeUntilGC: 10,097s, GCWorkers: 5
[6,897s][debug  ][gc,director    ] Rule Minor: High Usage, Free: 14546MB(94,7%)
[6,907s][debug  ][gc,director    ] Rule Major: Warmup 20%, Used: 776MB, UsedThreshold: 3072MB
[6,907s][debug  ][gc,director    ] Select Minor GC Workers (Not Warm), GCWorkers: 5,000
[6,907s][debug  ][gc,director    ] Rule Minor: Allocation Rate (Dynamic GC Workers), MaxAllocRate: 263,0MB/s (+/-29,8%), Free: 14542MB, GCCPUTime: 2,329, GCDuration: 0,474s, TimeUntilOOM: 42,580s, TimeUntilGC: 42,106s, GCWorkers: 5
[6,907s][debug  ][gc,director    ] Select Minor GC Workers (Not Warm), GCWorkers: 5,000
[6,907s][debug  ][gc,director    ] Rule Minor: Allocation Rate (Dynamic GC Workers), MaxAllocRate: 1059,7MB/s (+/-29,8%), Free: 14542MB, GCCPUTime: 2,329, GCDuration: 0,474s, TimeUntilOOM: 10,568s, TimeUntilGC: 10,094s, GCWorkers: 5
[6,907s][debug  ][gc,director    ] Rule Minor: High Usage, Free: 14542MB(94,7%)
[6,917s][debug  ][gc,director    ] Rule Major: Warmup 20%, Used: 780MB, UsedThreshold: 3072MB
[6,917s][debug  ][gc,director    ] Select Minor GC Workers (Not Warm), GCWorkers: 5,000
[6,917s][debug  ][gc,director    ] Rule Minor: Allocation Rate (Dynamic GC Workers), MaxAllocRate: 263,0MB/s (+/-29,8%), Free: 14538MB, GCCPUTime: 2,329, GCDuration: 0,474s, TimeUntilOOM: 42,568s, TimeUntilGC: 42,094s, GCWorkers: 5
[6,917s][debug  ][gc,director    ] Select Minor GC Workers (Not Warm), GCWorkers: 5,000
[6,917s][debug  ][gc,director    ] Rule Minor: Allocation Rate (Dynamic GC Workers), MaxAllocRate: 1059,7MB/s (+/-29,8%), Free: 14538MB, GCCPUTime: 2,329, GCDuration: 0,474s, TimeUntilOOM: 10,565s, TimeUntilGC: 10,091s, GCWorkers: 5
[6,917s][debug  ][gc,director    ] Rule Minor: High Usage, Free: 14538MB(94,6%)
[6,928s][debug  ][gc,director    ] Rule Major: Warmup 20%, Used: 786MB, UsedThreshold: 3072MB
[6,928s][debug  ][gc,director    ] Select Minor GC Workers (Not Warm), GCWorkers: 5,000
[6,928s][debug  ][gc,director    ] Rule Minor: Allocation Rate (Dynamic GC Workers), MaxAllocRate: 263,0MB/s (+/-29,8%), Free: 14532MB, GCCPUTime: 2,329, GCDuration: 0,474s, TimeUntilOOM: 42,551s, TimeUntilGC: 42,077s, GCWorkers: 5
[6,928s][debug  ][gc,director    ] Select Minor GC Workers (Not Warm), GCWorkers: 5,000
[6,928s][debug  ][gc,director    ] Rule Minor: Allocation Rate (Dynamic GC Workers), MaxAllocRate: 1059,7MB/s (+/-29,8%), Free: 14532MB, GCCPUTime: 2,329, GCDuration: 0,474s, TimeUntilOOM: 10,561s, TimeUntilGC: 10,087s, GCWorkers: 5
[6,928s][debug  ][gc,director    ] Rule Minor: High Usage, Free: 14532MB(94,6%)
[6,938s][debug  ][gc,director    ] Rule Major: Warmup 20%, Used: 790MB, UsedThreshold: 3072MB
[6,938s][debug  ][gc,director    ] Select Minor GC Workers (Not Warm), GCWorkers: 5,000
[6,938s][debug  ][gc,director    ] Rule Minor: Allocation Rate (Dynamic GC Workers), MaxAllocRate: 263,0MB/s (+/-29,8%), Free: 14528MB, GCCPUTime: 2,329, GCDuration: 0,474s, TimeUntilOOM: 42,539s, TimeUntilGC: 42,065s, GCWorkers: 5
[6,938s][debug  ][gc,director    ] Select Minor GC Workers (Not Warm), GCWorkers: 5,000
[6,938s][debug  ][gc,director    ] Rule Minor: Allocation Rate (Dynamic GC Workers), MaxAllocRate: 1059,7MB/s (+/-29,8%), Free: 14528MB, GCCPUTime: 2,329, GCDuration: 0,474s, TimeUntilOOM: 10,558s, TimeUntilGC: 10,084s, GCWorkers: 5
[6,938s][debug  ][gc,director    ] Rule Minor: High Usage, Free: 14528MB(94,6%)
[6,948s][debug  ][gc,director    ] Rule Major: Warmup 20%, Used: 796MB, UsedThreshold: 3072MB
[6,948s][debug  ][gc,director    ] Select Minor GC Workers (Not Warm), GCWorkers: 5,000
[6,948s][debug  ][gc,director    ] Rule Minor: Allocation Rate (Dynamic GC Workers), MaxAllocRate: 263,0MB/s (+/-29,8%), Free: 14522MB, GCCPUTime: 2,329, GCDuration: 0,474s, TimeUntilOOM: 42,522s, TimeUntilGC: 42,047s, GCWorkers: 5
[6,948s][debug  ][gc,director    ] Select Minor GC Workers (Not Warm), GCWorkers: 5,000
[6,948s][debug  ][gc,director    ] Rule Minor: Allocation Rate (Dynamic GC Workers), MaxAllocRate: 1059,7MB/s (+/-29,8%), Free: 14522MB, GCCPUTime: 2,329, GCDuration: 0,474s, TimeUntilOOM: 10,554s, TimeUntilGC: 10,079s, GCWorkers: 5
[6,948s][debug  ][gc,director    ] Rule Minor: High Usage, Free: 14522MB(94,5%)
[6,958s][debug  ][gc,director    ] Rule Major: Warmup 20%, Used: 800MB, UsedThreshold: 3072MB
[6,958s][debug  ][gc,director    ] Select Minor GC Workers (Not Warm), GCWorkers: 5,000
[6,958s][debug  ][gc,director    ] Rule Minor: Allocation Rate (Dynamic GC Workers), MaxAllocRate: 263,0MB/s (+/-29,8%), Free: 14518MB, GCCPUTime: 2,329, GCDuration: 0,474s, TimeUntilOOM: 42,510s, TimeUntilGC: 42,036s, GCWorkers: 5
[6,958s][debug  ][gc,director    ] Select Minor GC Workers (Not Warm), GCWorkers: 5,000
[6,958s][debug  ][gc,director    ] Rule Minor: Allocation Rate (Dynamic GC Workers), MaxAllocRate: 1059,7MB/s (+/-29,8%), Free: 14518MB, GCCPUTime: 2,329, GCDuration: 0,474s, TimeUntilOOM: 10,551s, TimeUntilGC: 10,076s, GCWorkers: 5
[6,958s][debug  ][gc,director    ] Rule Minor: High Usage, Free: 14518MB(94,5%)
[6,968s][debug  ][gc,director    ] Rule Major: Warmup 20%, Used: 806MB, UsedThreshold: 3072MB
[6,969s][debug  ][gc,director    ] Select Minor GC Workers (Not Warm), GCWorkers: 5,000
[6,969s][debug  ][gc,director    ] Rule Minor: Allocation Rate (Dynamic GC Workers), MaxAllocRate: 263,0MB/s (+/-29,8%), Free: 14512MB, GCCPUTime: 2,329, GCDuration: 0,474s, TimeUntilOOM: 42,492s, TimeUntilGC: 42,018s, GCWorkers: 5
[6,969s][debug  ][gc,director    ] Select Minor GC Workers (Not Warm), GCWorkers: 5,000
[6,969s][debug  ][gc,director    ] Rule Minor: Allocation Rate (Dynamic GC Workers), MaxAllocRate: 1059,7MB/s (+/-29,8%), Free: 14512MB, GCCPUTime: 2,329, GCDuration: 0,474s, TimeUntilOOM: 10,546s, TimeUntilGC: 10,072s, GCWorkers: 5
[6,969s][debug  ][gc,director    ] Rule Minor: High Usage, Free: 14512MB(94,5%)
[6,979s][debug  ][gc,director    ] Rule Major: Warmup 20%, Used: 810MB, UsedThreshold: 3072MB
[6,979s][debug  ][gc,director    ] Select Minor GC Workers (Not Warm), GCWorkers: 5,000
[6,979s][debug  ][gc,director    ] Rule Minor: Allocation Rate (Dynamic GC Workers), MaxAllocRate: 263,0MB/s (+/-29,8%), Free: 14508MB, GCCPUTime: 2,329, GCDuration: 0,474s, TimeUntilOOM: 42,481s, TimeUntilGC: 42,006s, GCWorkers: 5
[6,979s][debug  ][gc,director    ] Select Minor GC Workers (Not Warm), GCWorkers: 5,000
[6,979s][debug  ][gc,director    ] Rule Minor: Allocation Rate (Dynamic GC Workers), MaxAllocRate: 1059,7MB/s (+/-29,8%), Free: 14508MB, GCCPUTime: 2,329, GCDuration: 0,474s, TimeUntilOOM: 10,543s, TimeUntilGC: 10,069s, GCWorkers: 5
[6,979s][debug  ][gc,director    ] Rule Minor: High Usage, Free: 14508MB(94,5%)
[6,983s][debug  ][gc,nmethod     ] Register NMethod: com.google.gson.stream.JsonReader.fillBuffer (0x00007f77ef35f310) [0x00007f77ef35f640, 0x00007f77ef360b20] Compiler: c2, Barriers: 25, Oops: 1, ImmediateOops: 0, NonImmediateOops: No
[6,989s][debug  ][gc,director    ] Rule Major: Warmup 20%, Used: 814MB, UsedThreshold: 3072MB
[6,989s][debug  ][gc,director    ] Select Minor GC Workers (Not Warm), GCWorkers: 5,000
[6,989s][debug  ][gc,director    ] Rule Minor: Allocation Rate (Dynamic GC Workers), MaxAllocRate: 263,0MB/s (+/-29,8%), Free: 14504MB, GCCPUTime: 2,329, GCDuration: 0,474s, TimeUntilOOM: 42,469s, TimeUntilGC: 41,995s, GCWorkers: 5
[6,989s][debug  ][gc,director    ] Select Minor GC Workers (Not Warm), GCWorkers: 5,000
[6,989s][debug  ][gc,director    ] Rule Minor: Allocation Rate (Dynamic GC Workers), MaxAllocRate: 1059,7MB/s (+/-29,8%), Free: 14504MB, GCCPUTime: 2,329, GCDuration: 0,474s, TimeUntilOOM: 10,541s, TimeUntilGC: 10,066s, GCWorkers: 5
[6,989s][debug  ][gc,director    ] Rule Minor: High Usage, Free: 14504MB(94,4%)
[6,999s][debug  ][gc,director    ] Rule Major: Warmup 20%, Used: 820MB, UsedThreshold: 3072MB
[6,999s][debug  ][gc,director    ] Select Minor GC Workers (Not Warm), GCWorkers: 5,000
[6,999s][debug  ][gc,director    ] Rule Minor: Allocation Rate (Dynamic GC Workers), MaxAllocRate: 263,0MB/s (+/-29,8%), Free: 14498MB, GCCPUTime: 2,329, GCDuration: 0,474s, TimeUntilOOM: 42,451s, TimeUntilGC: 41,977s, GCWorkers: 5
[6,999s][debug  ][gc,director    ] Select Minor GC Workers (Not Warm), GCWorkers: 5,000
[6,999s][debug  ][gc,director    ] Rule Minor: Allocation Rate (Dynamic GC Workers), MaxAllocRate: 1059,7MB/s (+/-29,8%), Free: 14498MB, GCCPUTime: 2,329, GCDuration: 0,474s, TimeUntilOOM: 10,536s, TimeUntilGC: 10,062s, GCWorkers: 5
[6,999s][debug  ][gc,director    ] Rule Minor: High Usage, Free: 14498MB(94,4%)
[7,010s][debug  ][gc,director    ] Rule Major: Warmup 20%, Used: 824MB, UsedThreshold: 3072MB
[7,010s][debug  ][gc,director    ] Select Minor GC Workers (Not Warm), GCWorkers: 5,000
[7,010s][debug  ][gc,director    ] Rule Minor: Allocation Rate (Dynamic GC Workers), MaxAllocRate: 263,0MB/s (+/-29,8%), Free: 14494MB, GCCPUTime: 2,329, GCDuration: 0,474s, TimeUntilOOM: 42,440s, TimeUntilGC: 41,965s, GCWorkers: 5
[7,010s][debug  ][gc,director    ] Select Minor GC Workers (Not Warm), GCWorkers: 5,000
[7,010s][debug  ][gc,director    ] Rule Minor: Allocation Rate (Dynamic GC Workers), MaxAllocRate: 1059,7MB/s (+/-29,8%), Free: 14494MB, GCCPUTime: 2,329, GCDuration: 0,474s, TimeUntilOOM: 10,533s, TimeUntilGC: 10,059s, GCWorkers: 5
[7,010s][debug  ][gc,director    ] Rule Minor: High Usage, Free: 14494MB(94,4%)
[7,020s][debug  ][gc,director    ] Rule Major: Warmup 20%, Used: 830MB, UsedThreshold: 3072MB
[7,020s][debug  ][gc,director    ] Select Minor GC Workers (Not Warm), GCWorkers: 5,000
[7,020s][debug  ][gc,director    ] Rule Minor: Allocation Rate (Dynamic GC Workers), MaxAllocRate: 263,0MB/s (+/-29,8%), Free: 14488MB, GCCPUTime: 2,329, GCDuration: 0,474s, TimeUntilOOM: 42,422s, TimeUntilGC: 41,948s, GCWorkers: 5
[7,020s][debug  ][gc,director    ] Select Minor GC Workers (Not Warm), GCWorkers: 5,000
[7,020s][debug  ][gc,director    ] Rule Minor: Allocation Rate (Dynamic GC Workers), MaxAllocRate: 1059,7MB/s (+/-29,8%), Free: 14488MB, GCCPUTime: 2,329, GCDuration: 0,474s, TimeUntilOOM: 10,529s, TimeUntilGC: 10,055s, GCWorkers: 5
[7,020s][debug  ][gc,director    ] Rule Minor: High Usage, Free: 14488MB(94,3%)
[7,030s][debug  ][gc,director    ] Rule Major: Warmup 20%, Used: 834MB, UsedThreshold: 3072MB
[7,030s][debug  ][gc,director    ] Select Minor GC Workers (Not Warm), GCWorkers: 5,000
[7,030s][debug  ][gc,director    ] Rule Minor: Allocation Rate (Dynamic GC Workers), MaxAllocRate: 263,0MB/s (+/-29,8%), Free: 14484MB, GCCPUTime: 2,329, GCDuration: 0,474s, TimeUntilOOM: 42,410s, TimeUntilGC: 41,936s, GCWorkers: 5
[7,030s][debug  ][gc,director    ] Select Minor GC Workers (Not Warm), GCWorkers: 5,000
[7,030s][debug  ][gc,director    ] Rule Minor: Allocation Rate (Dynamic GC Workers), MaxAllocRate: 1059,7MB/s (+/-29,8%), Free: 14484MB, GCCPUTime: 2,329, GCDuration: 0,474s, TimeUntilOOM: 10,526s, TimeUntilGC: 10,052s, GCWorkers: 5
[7,030s][debug  ][gc,director    ] Rule Minor: High Usage, Free: 14484MB(94,3%)
[7,040s][debug  ][gc,director    ] Rule Major: Warmup 20%, Used: 838MB, UsedThreshold: 3072MB
[7,040s][debug  ][gc,director    ] Select Minor GC Workers (Not Warm), GCWorkers: 5,000
[7,040s][debug  ][gc,director    ] Rule Minor: Allocation Rate (Dynamic GC Workers), MaxAllocRate: 263,0MB/s (+/-29,8%), Free: 14480MB, GCCPUTime: 2,329, GCDuration: 0,474s, TimeUntilOOM: 42,399s, TimeUntilGC: 41,924s, GCWorkers: 5
[7,040s][debug  ][gc,director    ] Select Minor GC Workers (Not Warm), GCWorkers: 5,000
[7,040s][debug  ][gc,director    ] Rule Minor: Allocation Rate (Dynamic GC Workers), MaxAllocRate: 1059,7MB/s (+/-29,8%), Free: 14480MB, GCCPUTime: 2,329, GCDuration: 0,474s, TimeUntilOOM: 10,523s, TimeUntilGC: 10,049s, GCWorkers: 5
[7,040s][debug  ][gc,director    ] Rule Minor: High Usage, Free: 14480MB(94,3%)
[7,050s][debug  ][gc,director    ] Rule Major: Warmup 20%, Used: 844MB, UsedThreshold: 3072MB
[7,050s][debug  ][gc,director    ] Select Minor GC Workers (Not Warm), GCWorkers: 5,000
[7,050s][debug  ][gc,director    ] Rule Minor: Allocation Rate (Dynamic GC Workers), MaxAllocRate: 263,0MB/s (+/-29,8%), Free: 14474MB, GCCPUTime: 2,329, GCDuration: 0,474s, TimeUntilOOM: 42,381s, TimeUntilGC: 41,907s, GCWorkers: 5
[7,050s][debug  ][gc,director    ] Select Minor GC Workers (Not Warm), GCWorkers: 5,000
[7,051s][debug  ][gc,director    ] Rule Minor: Allocation Rate (Dynamic GC Workers), MaxAllocRate: 1059,7MB/s (+/-29,8%), Free: 14474MB, GCCPUTime: 2,329, GCDuration: 0,474s, TimeUntilOOM: 10,519s, TimeUntilGC: 10,044s, GCWorkers: 5
[7,051s][debug  ][gc,director    ] Rule Minor: High Usage, Free: 14474MB(94,2%)
[7,061s][debug  ][gc,director    ] Rule Major: Warmup 20%, Used: 848MB, UsedThreshold: 3072MB
[7,061s][debug  ][gc,director    ] Select Minor GC Workers (Not Warm), GCWorkers: 5,000
[7,061s][debug  ][gc,director    ] Rule Minor: Allocation Rate (Dynamic GC Workers), MaxAllocRate: 263,0MB/s (+/-29,8%), Free: 14470MB, GCCPUTime: 2,329, GCDuration: 0,474s, TimeUntilOOM: 42,369s, TimeUntilGC: 41,895s, GCWorkers: 5
[7,061s][debug  ][gc,director    ] Select Minor GC Workers (Not Warm), GCWorkers: 5,000
[7,061s][debug  ][gc,director    ] Rule Minor: Allocation Rate (Dynamic GC Workers), MaxAllocRate: 1059,7MB/s (+/-29,8%), Free: 14470MB, GCCPUTime: 2,329, GCDuration: 0,474s, TimeUntilOOM: 10,516s, TimeUntilGC: 10,042s, GCWorkers: 5
[7,061s][debug  ][gc,director    ] Rule Minor: High Usage, Free: 14470MB(94,2%)
[7,071s][debug  ][gc,director    ] Rule Major: Warmup 20%, Used: 854MB, UsedThreshold: 3072MB
[7,071s][debug  ][gc,director    ] Select Minor GC Workers (Not Warm), GCWorkers: 5,000
[7,071s][debug  ][gc,director    ] Rule Minor: Allocation Rate (Dynamic GC Workers), MaxAllocRate: 263,0MB/s (+/-29,8%), Free: 14464MB, GCCPUTime: 2,329, GCDuration: 0,474s, TimeUntilOOM: 42,352s, TimeUntilGC: 41,877s, GCWorkers: 5
[7,071s][debug  ][gc,director    ] Select Minor GC Workers (Not Warm), GCWorkers: 5,000
[7,071s][debug  ][gc,director    ] Rule Minor: Allocation Rate (Dynamic GC Workers), MaxAllocRate: 1059,7MB/s (+/-29,8%), Free: 14464MB, GCCPUTime: 2,329, GCDuration: 0,474s, TimeUntilOOM: 10,511s, TimeUntilGC: 10,037s, GCWorkers: 5
[7,071s][debug  ][gc,director    ] Rule Minor: High Usage, Free: 14464MB(94,2%)
[7,081s][debug  ][gc,director    ] Rule Major: Warmup 20%, Used: 858MB, UsedThreshold: 3072MB
[7,081s][debug  ][gc,director    ] Select Minor GC Workers (Not Warm), GCWorkers: 5,000
[7,081s][debug  ][gc,director    ] Rule Minor: Allocation Rate (Dynamic GC Workers), MaxAllocRate: 263,0MB/s (+/-29,8%), Free: 14460MB, GCCPUTime: 2,329, GCDuration: 0,474s, TimeUntilOOM: 42,340s, TimeUntilGC: 41,866s, GCWorkers: 5
[7,081s][debug  ][gc,director    ] Select Minor GC Workers (Not Warm), GCWorkers: 5,000
[7,081s][debug  ][gc,director    ] Rule Minor: Allocation Rate (Dynamic GC Workers), MaxAllocRate: 1059,7MB/s (+/-29,8%), Free: 14460MB, GCCPUTime: 2,329, GCDuration: 0,474s, TimeUntilOOM: 10,509s, TimeUntilGC: 10,034s, GCWorkers: 5
[7,081s][debug  ][gc,director    ] Rule Minor: High Usage, Free: 14460MB(94,1%)
[7,091s][debug  ][gc,director    ] Rule Major: Warmup 20%, Used: 864MB, UsedThreshold: 3072MB
[7,091s][debug  ][gc,director    ] Select Minor GC Workers (Not Warm), GCWorkers: 5,000
[7,091s][debug  ][gc,director    ] Rule Minor: Allocation Rate (Dynamic GC Workers), MaxAllocRate: 263,0MB/s (+/-29,8%), Free: 14454MB, GCCPUTime: 2,329, GCDuration: 0,474s, TimeUntilOOM: 42,322s, TimeUntilGC: 41,848s, GCWorkers: 5
[7,091s][debug  ][gc,director    ] Select Minor GC Workers (Not Warm), GCWorkers: 5,000
[7,091s][debug  ][gc,director    ] Rule Minor: Allocation Rate (Dynamic GC Workers), MaxAllocRate: 1059,7MB/s (+/-29,8%), Free: 14454MB, GCCPUTime: 2,329, GCDuration: 0,474s, TimeUntilOOM: 10,504s, TimeUntilGC: 10,030s, GCWorkers: 5
[7,091s][debug  ][gc,director    ] Rule Minor: High Usage, Free: 14454MB(94,1%)
[7,102s][debug  ][gc,director    ] Rule Major: Warmup 20%, Used: 868MB, UsedThreshold: 3072MB
[7,102s][debug  ][gc,director    ] Select Minor GC Workers (Not Warm), GCWorkers: 5,000
[7,102s][debug  ][gc,director    ] Rule Minor: Allocation Rate (Dynamic GC Workers), MaxAllocRate: 263,0MB/s (+/-29,8%), Free: 14450MB, GCCPUTime: 2,329, GCDuration: 0,474s, TimeUntilOOM: 42,311s, TimeUntilGC: 41,836s, GCWorkers: 5
[7,102s][debug  ][gc,director    ] Select Minor GC Workers (Not Warm), GCWorkers: 5,000
[7,102s][debug  ][gc,director    ] Rule Minor: Allocation Rate (Dynamic GC Workers), MaxAllocRate: 1059,7MB/s (+/-29,8%), Free: 14450MB, GCCPUTime: 2,329, GCDuration: 0,474s, TimeUntilOOM: 10,501s, TimeUntilGC: 10,027s, GCWorkers: 5
[7,102s][debug  ][gc,director    ] Rule Minor: High Usage, Free: 14450MB(94,1%)
[7,112s][debug  ][gc,director    ] Rule Major: Warmup 20%, Used: 872MB, UsedThreshold: 3072MB
[7,112s][debug  ][gc,director    ] Select Minor GC Workers (Not Warm), GCWorkers: 5,000
[7,112s][debug  ][gc,director    ] Rule Minor: Allocation Rate (Dynamic GC Workers), MaxAllocRate: 263,0MB/s (+/-29,8%), Free: 14446MB, GCCPUTime: 2,329, GCDuration: 0,474s, TimeUntilOOM: 42,299s, TimeUntilGC: 41,825s, GCWorkers: 5
[7,112s][debug  ][gc,director    ] Select Minor GC Workers (Not Warm), GCWorkers: 5,000
[7,112s][debug  ][gc,director    ] Rule Minor: Allocation Rate (Dynamic GC Workers), MaxAllocRate: 1059,7MB/s (+/-29,8%), Free: 14446MB, GCCPUTime: 2,329, GCDuration: 0,474s, TimeUntilOOM: 10,498s, TimeUntilGC: 10,024s, GCWorkers: 5
[7,112s][debug  ][gc,director    ] Rule Minor: High Usage, Free: 14446MB(94,0%)
[7,122s][debug  ][gc,director    ] Rule Major: Warmup 20%, Used: 878MB, UsedThreshold: 3072MB
[7,122s][debug  ][gc,director    ] Select Minor GC Workers (Not Warm), GCWorkers: 5,000
[7,122s][debug  ][gc,director    ] Rule Minor: Allocation Rate (Dynamic GC Workers), MaxAllocRate: 263,0MB/s (+/-29,8%), Free: 14440MB, GCCPUTime: 2,329, GCDuration: 0,474s, TimeUntilOOM: 42,281s, TimeUntilGC: 41,807s, GCWorkers: 5
[7,122s][debug  ][gc,director    ] Select Minor GC Workers (Not Warm), GCWorkers: 5,000
[7,122s][debug  ][gc,director    ] Rule Minor: Allocation Rate (Dynamic GC Workers), MaxAllocRate: 1059,7MB/s (+/-29,8%), Free: 14440MB, GCCPUTime: 2,329, GCDuration: 0,474s, TimeUntilOOM: 10,494s, TimeUntilGC: 10,020s, GCWorkers: 5
[7,122s][debug  ][gc,director    ] Rule Minor: High Usage, Free: 14440MB(94,0%)
[7,132s][debug  ][gc,director    ] Rule Major: Warmup 20%, Used: 882MB, UsedThreshold: 3072MB
[7,132s][debug  ][gc,director    ] Select Minor GC Workers (Not Warm), GCWorkers: 5,000
[7,132s][debug  ][gc,director    ] Rule Minor: Allocation Rate (Dynamic GC Workers), MaxAllocRate: 263,0MB/s (+/-29,8%), Free: 14436MB, GCCPUTime: 2,329, GCDuration: 0,474s, TimeUntilOOM: 42,270s, TimeUntilGC: 41,795s, GCWorkers: 5
[7,132s][debug  ][gc,director    ] Select Minor GC Workers (Not Warm), GCWorkers: 5,000
[7,132s][debug  ][gc,director    ] Rule Minor: Allocation Rate (Dynamic GC Workers), MaxAllocRate: 1059,7MB/s (+/-29,8%), Free: 14436MB, GCCPUTime: 2,329, GCDuration: 0,474s, TimeUntilOOM: 10,491s, TimeUntilGC: 10,017s, GCWorkers: 5
[7,132s][debug  ][gc,director    ] Rule Minor: High Usage, Free: 14436MB(94,0%)
[7,142s][debug  ][gc,director    ] Rule Major: Warmup 20%, Used: 888MB, UsedThreshold: 3072MB
[7,142s][debug  ][gc,director    ] Select Minor GC Workers (Not Warm), GCWorkers: 5,000
[7,142s][debug  ][gc,director    ] Rule Minor: Allocation Rate (Dynamic GC Workers), MaxAllocRate: 263,0MB/s (+/-29,8%), Free: 14430MB, GCCPUTime: 2,329, GCDuration: 0,474s, TimeUntilOOM: 42,252s, TimeUntilGC: 41,778s, GCWorkers: 5
[7,142s][debug  ][gc,director    ] Select Minor GC Workers (Not Warm), GCWorkers: 5,000
[7,142s][debug  ][gc,director    ] Rule Minor: Allocation Rate (Dynamic GC Workers), MaxAllocRate: 1059,7MB/s (+/-29,8%), Free: 14430MB, GCCPUTime: 2,329, GCDuration: 0,474s, TimeUntilOOM: 10,487s, TimeUntilGC: 10,012s, GCWorkers: 5
[7,142s][debug  ][gc,director    ] Rule Minor: High Usage, Free: 14430MB(93,9%)
[7,150s][debug  ][gc,alloc       ] Mutator Allocation Rate: 356,7MB/s Predicted: 406,5MB/s, Avg: 268,5(+/-79,3)MB/s
[7,150s][debug  ][gc,director    ] Rule Major: Warmup 20%, Used: 892MB, UsedThreshold: 3072MB
[7,150s][debug  ][gc,director    ] Select Minor GC Workers (Not Warm), GCWorkers: 5,000
[7,150s][debug  ][gc,director    ] Rule Minor: Allocation Rate (Dynamic GC Workers), MaxAllocRate: 268,5MB/s (+/-29,5%), Free: 14426MB, GCCPUTime: 2,329, GCDuration: 0,474s, TimeUntilOOM: 41,477s, TimeUntilGC: 41,003s, GCWorkers: 5
[7,150s][debug  ][gc,director    ] Select Minor GC Workers (Not Warm), GCWorkers: 5,000
[7,150s][debug  ][gc,director    ] Rule Minor: Allocation Rate (Dynamic GC Workers), MaxAllocRate: 1074,0MB/s (+/-29,5%), Free: 14426MB, GCCPUTime: 2,329, GCDuration: 0,474s, TimeUntilOOM: 10,371s, TimeUntilGC: 9,896s, GCWorkers: 5
[7,150s][debug  ][gc,director    ] Rule Minor: High Usage, Free: 14426MB(93,9%)
[7,160s][debug  ][gc,director    ] Rule Major: Warmup 20%, Used: 896MB, UsedThreshold: 3072MB
[7,160s][debug  ][gc,director    ] Select Minor GC Workers (Not Warm), GCWorkers: 5,000
[7,160s][debug  ][gc,director    ] Rule Minor: Allocation Rate (Dynamic GC Workers), MaxAllocRate: 268,5MB/s (+/-29,5%), Free: 14422MB, GCCPUTime: 2,329, GCDuration: 0,474s, TimeUntilOOM: 41,465s, TimeUntilGC: 40,991s, GCWorkers: 5
[7,160s][debug  ][gc,director    ] Select Minor GC Workers (Not Warm), GCWorkers: 5,000
[7,160s][debug  ][gc,director    ] Rule Minor: Allocation Rate (Dynamic GC Workers), MaxAllocRate: 1074,0MB/s (+/-29,5%), Free: 14422MB, GCCPUTime: 2,329, GCDuration: 0,474s, TimeUntilOOM: 10,368s, TimeUntilGC: 9,893s, GCWorkers: 5
[7,160s][debug  ][gc,director    ] Rule Minor: High Usage, Free: 14422MB(93,9%)
[7,170s][debug  ][gc,director    ] Rule Major: Warmup 20%, Used: 900MB, UsedThreshold: 3072MB
[7,170s][debug  ][gc,director    ] Select Minor GC Workers (Not Warm), GCWorkers: 5,000
[7,170s][debug  ][gc,director    ] Rule Minor: Allocation Rate (Dynamic GC Workers), MaxAllocRate: 268,5MB/s (+/-29,5%), Free: 14418MB, GCCPUTime: 2,329, GCDuration: 0,474s, TimeUntilOOM: 41,454s, TimeUntilGC: 40,980s, GCWorkers: 5
[7,170s][debug  ][gc,director    ] Select Minor GC Workers (Not Warm), GCWorkers: 5,000
[7,170s][debug  ][gc,director    ] Rule Minor: Allocation Rate (Dynamic GC Workers), MaxAllocRate: 1074,0MB/s (+/-29,5%), Free: 14418MB, GCCPUTime: 2,329, GCDuration: 0,474s, TimeUntilOOM: 10,365s, TimeUntilGC: 9,891s, GCWorkers: 5
[7,170s][debug  ][gc,director    ] Rule Minor: High Usage, Free: 14418MB(93,9%)
[7,181s][debug  ][gc,director    ] Rule Major: Warmup 20%, Used: 906MB, UsedThreshold: 3072MB
[7,181s][debug  ][gc,director    ] Select Minor GC Workers (Not Warm), GCWorkers: 5,000
[7,181s][debug  ][gc,director    ] Rule Minor: Allocation Rate (Dynamic GC Workers), MaxAllocRate: 268,5MB/s (+/-29,5%), Free: 14412MB, GCCPUTime: 2,329, GCDuration: 0,474s, TimeUntilOOM: 41,437s, TimeUntilGC: 40,962s, GCWorkers: 5
[7,181s][debug  ][gc,director    ] Select Minor GC Workers (Not Warm), GCWorkers: 5,000
[7,181s][debug  ][gc,director    ] Rule Minor: Allocation Rate (Dynamic GC Workers), MaxAllocRate: 1074,0MB/s (+/-29,5%), Free: 14412MB, GCCPUTime: 2,329, GCDuration: 0,474s, TimeUntilOOM: 10,361s, TimeUntilGC: 9,886s, GCWorkers: 5
[7,181s][debug  ][gc,director    ] Rule Minor: High Usage, Free: 14412MB(93,8%)
[7,191s][debug  ][gc,director    ] Rule Major: Warmup 20%, Used: 910MB, UsedThreshold: 3072MB
[7,191s][debug  ][gc,director    ] Select Minor GC Workers (Not Warm), GCWorkers: 5,000
[7,191s][debug  ][gc,director    ] Rule Minor: Allocation Rate (Dynamic GC Workers), MaxAllocRate: 268,5MB/s (+/-29,5%), Free: 14408MB, GCCPUTime: 2,329, GCDuration: 0,474s, TimeUntilOOM: 41,425s, TimeUntilGC: 40,951s, GCWorkers: 5
[7,191s][debug  ][gc,director    ] Select Minor GC Workers (Not Warm), GCWorkers: 5,000
[7,191s][debug  ][gc,director    ] Rule Minor: Allocation Rate (Dynamic GC Workers), MaxAllocRate: 1074,0MB/s (+/-29,5%), Free: 14408MB, GCCPUTime: 2,329, GCDuration: 0,474s, TimeUntilOOM: 10,358s, TimeUntilGC: 9,883s, GCWorkers: 5
[7,191s][debug  ][gc,director    ] Rule Minor: High Usage, Free: 14408MB(93,8%)
[7,201s][debug  ][gc,director    ] Rule Major: Warmup 20%, Used: 914MB, UsedThreshold: 3072MB
[7,201s][debug  ][gc,director    ] Select Minor GC Workers (Not Warm), GCWorkers: 5,000
[7,201s][debug  ][gc,director    ] Rule Minor: Allocation Rate (Dynamic GC Workers), MaxAllocRate: 268,5MB/s (+/-29,5%), Free: 14404MB, GCCPUTime: 2,329, GCDuration: 0,474s, TimeUntilOOM: 41,414s, TimeUntilGC: 40,939s, GCWorkers: 5
[7,201s][debug  ][gc,director    ] Select Minor GC Workers (Not Warm), GCWorkers: 5,000
[7,201s][debug  ][gc,director    ] Rule Minor: Allocation Rate (Dynamic GC Workers), MaxAllocRate: 1074,0MB/s (+/-29,5%), Free: 14404MB, GCCPUTime: 2,329, GCDuration: 0,474s, TimeUntilOOM: 10,355s, TimeUntilGC: 9,881s, GCWorkers: 5
[7,201s][debug  ][gc,director    ] Rule Minor: High Usage, Free: 14404MB(93,8%)
[7,210s][debug  ][gc,nmethod     ] Register NMethod: org.magicwerk.brownies.collections.GapList.get (0x00007f77ef2a4c90) [0x00007f77ef2a4e20, 0x00007f77ef2a4ff8] Compiler: c2, Barriers: 2, Oops: 1, ImmediateOops: 0, NonImmediateOops: No
[7,211s][debug  ][gc,director    ] Rule Major: Warmup 20%, Used: 920MB, UsedThreshold: 3072MB
[7,211s][debug  ][gc,director    ] Select Minor GC Workers (Not Warm), GCWorkers: 5,000
[7,211s][debug  ][gc,director    ] Rule Minor: Allocation Rate (Dynamic GC Workers), MaxAllocRate: 268,5MB/s (+/-29,5%), Free: 14398MB, GCCPUTime: 2,329, GCDuration: 0,474s, TimeUntilOOM: 41,396s, TimeUntilGC: 40,922s, GCWorkers: 5
[7,211s][debug  ][gc,director    ] Select Minor GC Workers (Not Warm), GCWorkers: 5,000
[7,211s][debug  ][gc,director    ] Rule Minor: Allocation Rate (Dynamic GC Workers), MaxAllocRate: 1074,0MB/s (+/-29,5%), Free: 14398MB, GCCPUTime: 2,329, GCDuration: 0,474s, TimeUntilOOM: 10,351s, TimeUntilGC: 9,876s, GCWorkers: 5
[7,211s][debug  ][gc,director    ] Rule Minor: High Usage, Free: 14398MB(93,7%)
[7,221s][debug  ][gc,director    ] Rule Major: Warmup 20%, Used: 924MB, UsedThreshold: 3072MB
[7,222s][debug  ][gc,director    ] Select Minor GC Workers (Not Warm), GCWorkers: 5,000
[7,222s][debug  ][gc,director    ] Rule Minor: Allocation Rate (Dynamic GC Workers), MaxAllocRate: 268,5MB/s (+/-29,5%), Free: 14394MB, GCCPUTime: 2,329, GCDuration: 0,474s, TimeUntilOOM: 41,385s, TimeUntilGC: 40,911s, GCWorkers: 5
[7,222s][debug  ][gc,director    ] Select Minor GC Workers (Not Warm), GCWorkers: 5,000
[7,222s][debug  ][gc,director    ] Rule Minor: Allocation Rate (Dynamic GC Workers), MaxAllocRate: 1074,0MB/s (+/-29,5%), Free: 14394MB, GCCPUTime: 2,329, GCDuration: 0,474s, TimeUntilOOM: 10,348s, TimeUntilGC: 9,873s, GCWorkers: 5
[7,222s][debug  ][gc,director    ] Rule Minor: High Usage, Free: 14394MB(93,7%)
[7,232s][debug  ][gc,director    ] Rule Major: Warmup 20%, Used: 928MB, UsedThreshold: 3072MB
[7,232s][debug  ][gc,director    ] Select Minor GC Workers (Not Warm), GCWorkers: 5,000
[7,232s][debug  ][gc,director    ] Rule Minor: Allocation Rate (Dynamic GC Workers), MaxAllocRate: 268,5MB/s (+/-29,5%), Free: 14390MB, GCCPUTime: 2,329, GCDuration: 0,474s, TimeUntilOOM: 41,373s, TimeUntilGC: 40,899s, GCWorkers: 5
[7,232s][debug  ][gc,director    ] Select Minor GC Workers (Not Warm), GCWorkers: 5,000
[7,232s][debug  ][gc,director    ] Rule Minor: Allocation Rate (Dynamic GC Workers), MaxAllocRate: 1074,0MB/s (+/-29,5%), Free: 14390MB, GCCPUTime: 2,329, GCDuration: 0,474s, TimeUntilOOM: 10,345s, TimeUntilGC: 9,870s, GCWorkers: 5
[7,232s][debug  ][gc,director    ] Rule Minor: High Usage, Free: 14390MB(93,7%)
[7,242s][debug  ][gc,director    ] Rule Major: Warmup 20%, Used: 934MB, UsedThreshold: 3072MB
[7,242s][debug  ][gc,director    ] Select Minor GC Workers (Not Warm), GCWorkers: 5,000
[7,242s][debug  ][gc,director    ] Rule Minor: Allocation Rate (Dynamic GC Workers), MaxAllocRate: 268,5MB/s (+/-29,5%), Free: 14384MB, GCCPUTime: 2,329, GCDuration: 0,474s, TimeUntilOOM: 41,356s, TimeUntilGC: 40,882s, GCWorkers: 5
[7,242s][debug  ][gc,director    ] Select Minor GC Workers (Not Warm), GCWorkers: 5,000
[7,242s][debug  ][gc,director    ] Rule Minor: Allocation Rate (Dynamic GC Workers), MaxAllocRate: 1074,0MB/s (+/-29,5%), Free: 14384MB, GCCPUTime: 2,329, GCDuration: 0,474s, TimeUntilOOM: 10,340s, TimeUntilGC: 9,866s, GCWorkers: 5
[7,242s][debug  ][gc,director    ] Rule Minor: High Usage, Free: 14384MB(93,6%)
[7,247s][debug  ][gc,nmethod     ] Register NMethod: net.openhft.chronicle.core.io.VanillaReferenceCounted.unmonitored (0x00007f77ef1c4010) [0x00007f77ef1c41a0, 0x00007f77ef1c4268] Compiler: c1, Barriers: 0, Oops: 1, ImmediateOops: 0, NonImmediateOops: No
[7,248s][debug  ][gc,nmethod     ] Register NMethod: jdk.internal.misc.Unsafe.getAndAddInt (0x00007f77cfa3a990) [0x00007f77cfa3ab40, 0x00007f77cfa3ad80] Compiler: c1, Barriers: 0, Oops: 0, ImmediateOops: 0, NonImmediateOops: No
[7,248s][debug  ][gc,nmethod     ] Register NMethod: io.sirix.node.AbstractForwardingNode.getNodeDelegate (0x00007f77ef1f1b90) [0x00007f77ef1f1d20, 0x00007f77ef1f1e00] Compiler: c2, Barriers: 1, Oops: 1, ImmediateOops: 0, NonImmediateOops: No
[7,249s][debug  ][gc,nmethod     ] Register NMethod: net.openhft.chronicle.core.util.Ints.requireNonNegative (0x00007f77cfe1a210) [0x00007f77cfe1a400, 0x00007f77cfe1a900] Compiler: c1, Barriers: 1, Oops: 1, ImmediateOops: 0, NonImmediateOops: No
[7,249s][debug  ][gc,nmethod     ] Register NMethod: net.openhft.chronicle.core.Maths.toUInt31 (0x00007f77cfa9b810) [0x00007f77cfa9ba40, 0x00007f77cfa9c0c0] Compiler: c1, Barriers: 0, Oops: 3, ImmediateOops: 2, NonImmediateOops: No
[7,249s][debug  ][gc,nmethod     ] Register NMethod: io.sirix.node.Utils.putVarLong (0x00007f77cfa3b290) [0x00007f77cfa3b440, 0x00007f77cfa3b668] Compiler: c1, Barriers: 0, Oops: 1, ImmediateOops: 0, NonImmediateOops: No
[7,250s][debug  ][gc,nmethod     ] Register NMethod: java.lang.invoke.MethodHandles.insertArguments (0x00007f77cfad1f10) [0x00007f77cfad21a0, 0x00007f77cfad2d80] Compiler: c1, Barriers: 6, Oops: 0, ImmediateOops: 0, NonImmediateOops: No
[7,251s][debug  ][gc,nmethod     ] Register NMethod: net.openhft.chronicle.bytes.internal.BytesInternal.writeStopBit0 (0x00007f77cfe1db90) [0x00007f77cfe1ddc0, 0x00007f77cfe1e770] Compiler: c1, Barriers: 0, Oops: 1, ImmediateOops: 0, NonImmediateOops: No
[7,251s][debug  ][gc,nmethod     ] Register NMethod: io.sirix.node.NodeSerializerImpl.serialize (0x00007f77cfa49b90) [0x00007f77cfa49d60, 0x00007f77cfa4a238] Compiler: c1, Barriers: 0, Oops: 1, ImmediateOops: 0, NonImmediateOops: No
[7,252s][debug  ][gc,nmethod     ] Register NMethod: net.openhft.chronicle.bytes.NativeBytes.readRemaining (0x00007f77cfa6dc90) [0x00007f77cfa6de20, 0x00007f77cfa6dfb8] Compiler: c1, Barriers: 0, Oops: 1, ImmediateOops: 0, NonImmediateOops: No
[7,252s][debug  ][gc,director    ] Rule Major: Warmup 20%, Used: 960MB, UsedThreshold: 3072MB
[7,252s][debug  ][gc,director    ] Select Minor GC Workers (Not Warm), GCWorkers: 5,000
[7,252s][debug  ][gc,director    ] Rule Minor: Allocation Rate (Dynamic GC Workers), MaxAllocRate: 268,5MB/s (+/-29,5%), Free: 14358MB, GCCPUTime: 2,329, GCDuration: 0,474s, TimeUntilOOM: 41,281s, TimeUntilGC: 40,807s, GCWorkers: 5
[7,252s][debug  ][gc,director    ] Select Minor GC Workers (Not Warm), GCWorkers: 5,000
[7,252s][debug  ][gc,director    ] Rule Minor: Allocation Rate (Dynamic GC Workers), MaxAllocRate: 1074,0MB/s (+/-29,5%), Free: 14358MB, GCCPUTime: 2,329, GCDuration: 0,474s, TimeUntilOOM: 10,322s, TimeUntilGC: 9,847s, GCWorkers: 5
[7,252s][debug  ][gc,director    ] Rule Minor: High Usage, Free: 14358MB(93,5%)
[7,252s][debug  ][gc,nmethod     ] Register NMethod: java.util.ImmutableCollections$ListN.get (0x00007f77ef24a510) [0x00007f77ef24a6a0, 0x00007f77ef24a7d8] Compiler: c2, Barriers: 2, Oops: 0, ImmediateOops: 0, NonImmediateOops: No
[7,253s][debug  ][gc,nmethod     ] Register NMethod: net.openhft.chronicle.bytes.AbstractBytes.writeLimit (0x00007f77ef251b10) [0x00007f77ef251ca0, 0x00007f77ef251d60] Compiler: c1, Barriers: 0, Oops: 1, ImmediateOops: 0, NonImmediateOops: No
[7,253s][debug  ][gc,nmethod     ] Register NMethod: net.openhft.chronicle.bytes.AbstractBytes.safeCopySize (0x00007f77ef2a1b90) [0x00007f77ef2a1d20, 0x00007f77ef2a1de0] Compiler: c1, Barriers: 0, Oops: 1, ImmediateOops: 0, NonImmediateOops: No
[7,253s][debug  ][gc,nmethod     ] Register NMethod: net.openhft.chronicle.bytes.NativeBytes.ensureCapacity (0x00007f77cfa97810) [0x00007f77cfa979e0, 0x00007f77cfa97cc8] Compiler: c1, Barriers: 0, Oops: 1, ImmediateOops: 0, NonImmediateOops: No
[7,254s][debug  ][gc,nmethod     ] Register NMethod: net.openhft.chronicle.bytes.StreamingDataOutput.write (0x00007f77cfda0890) [0x00007f77cfda0a40, 0x00007f77cfda0dc0] Compiler: c1, Barriers: 1, Oops: 1, ImmediateOops: 0, NonImmediateOops: No
[7,254s][debug  ][gc,nmethod     ] Register NMethod: net.openhft.chronicle.bytes.NativeBytes.writeByte (0x00007f77ef290a10) [0x00007f77ef290c00, 0x00007f77ef291120] Compiler: c2, Barriers: 5, Oops: 2, ImmediateOops: 0, NonImmediateOops: No
[7,254s][debug  ][gc,nmethod     ] Register NMethod: net.openhft.chronicle.bytes.AbstractBytes.write (0x00007f77cff2cc10) [0x00007f77cff2d120, 0x00007f77cff2fa68] Compiler: c1, Barriers: 17, Oops: 5, ImmediateOops: 6, NonImmediateOops: No
[7,254s][debug  ][gc,nmethod     ] Register NMethod: net.openhft.chronicle.bytes.NativeBytes.writeByte (0x00007f77ef295490) [0x00007f77ef295680, 0x00007f77ef295ba0] Compiler: c2, Barriers: 5, Oops: 2, ImmediateOops: 0, NonImmediateOops: No
[7,254s][debug  ][gc,nmethod     ] Register NMethod: io.sirix.node.NodeKind.serializeDelegate (0x00007f77cfbe6510) [0x00007f77cfbe6700, 0x00007f77cfbe6d58] Compiler: c1, Barriers: 0, Oops: 1, ImmediateOops: 0, NonImmediateOops: No
[7,255s][debug  ][gc,nmethod     ] Register NMethod: io.sirix.node.json.StringNode.getKind (0x00007f77cfaa5c10) [0x00007f77cfaa5da0, 0x00007f77cfaa5f08] Compiler: c1, Barriers: 0, Oops: 1, ImmediateOops: 1, NonImmediateOops: No
[7,255s][debug  ][gc,nmethod     ] Register NMethod: java.nio.ByteBuffer.array (0x00007f77ef2a4890) [0x00007f77ef2a4a20, 0x00007f77ef2a4b08] Compiler: c2, Barriers: 1, Oops: 0, ImmediateOops: 0, NonImmediateOops: No
[7,256s][debug  ][gc,nmethod     ] Register NMethod: net.openhft.chronicle.bytes.internal.HeapBytesStore.write (0x00007f77cfec7a10) [0x00007f77cfec7d00, 0x00007f77cfec8d90] Compiler: c1, Barriers: 6, Oops: 1, ImmediateOops: 1, NonImmediateOops: No
[7,256s][debug  ][gc,nmethod     ] Register NMethod: sun.invoke.util.Wrapper.convert (0x00007f77cfa2ab90) [0x00007f77cfa2ad40, 0x00007f77cfa2ae88] Compiler: c1, Barriers: 0, Oops: 0, ImmediateOops: 0, NonImmediateOops: No
[7,256s][debug  ][gc,nmethod     ] Register NMethod: java.lang.invoke.LambdaFormEditor$TransformKey.packedBytes (0x00007f77cfa3bb10) [0x00007f77cfa3bca0, 0x00007f77cfa3bda8] Compiler: c1, Barriers: 0, Oops: 0, ImmediateOops: 0, NonImmediateOops: No
[7,257s][debug  ][gc,nmethod     ] Register NMethod: sun.invoke.util.Wrapper.convert (0x00007f77cfe0c710) [0x00007f77cfe0cac0, 0x00007f77cfe0ddd0] Compiler: c1, Barriers: 1, Oops: 1, ImmediateOops: 4, NonImmediateOops: No
[7,257s][debug  ][gc,nmethod     ] Register NMethod: io.sirix.node.json.AbstractNumberNode.getValue (0x00007f77ef223e90) [0x00007f77ef224020, 0x00007f77ef224110] Compiler: c1, Barriers: 1, Oops: 1, ImmediateOops: 0, NonImmediateOops: No
[7,257s][debug  ][gc,nmethod     ] Register NMethod: net.openhft.chronicle.bytes.StreamingDataOutput.rawWriteByte (0x00007f77ef299b10) [0x00007f77ef299d00, 0x00007f77ef29a1d0] Compiler: c2, Barriers: 5, Oops: 2, ImmediateOops: 0, NonImmediateOops: No
[7,258s][debug  ][gc,nmethod     ] Register NMethod: java.lang.invoke.LambdaFormEditor$TransformKey.of (0x00007f77cfcb8c10) [0x00007f77cfcb8e20, 0x00007f77cfcb9318] Compiler: c1, Barriers: 3, Oops: 0, ImmediateOops: 0, NonImmediateOops: No
[7,258s][debug  ][gc,nmethod     ] Register NMethod: net.openhft.chronicle.bytes.AbstractBytes.write (0x00007f77cfaaa610) [0x00007f77cfaaa7c0, 0x00007f77cfaaa970] Compiler: c1, Barriers: 0, Oops: 1, ImmediateOops: 0, NonImmediateOops: No
[7,258s][debug  ][gc,nmethod     ] Register NMethod: java.util.ReverseOrderListView.size (0x00007f77cfa29910) [0x00007f77cfa29ac0, 0x00007f77cfa29cb8] Compiler: c1, Barriers: 1, Oops: 0, ImmediateOops: 0, NonImmediateOops: No
[7,258s][debug  ][gc,nmethod     ] Register NMethod: sun.invoke.util.Wrapper.forceType (0x00007f77cfb24c90) [0x00007f77cfb24e20, 0x00007f77cfb24f18] Compiler: c1, Barriers: 0, Oops: 0, ImmediateOops: 0, NonImmediateOops: No
[7,258s][debug  ][gc,nmethod     ] Register NMethod: java.lang.Math.min (0x00007f77ef28f610) [0x00007f77ef28f780, 0x00007f77ef28f7f0] Compiler: c2, Barriers: 0, Oops: 0, ImmediateOops: 0, NonImmediateOops: No
[7,258s][debug  ][gc,nmethod     ] Register NMethod: java.lang.invoke.DirectMethodHandle$Holder.invokeStatic (0x00007f77cfa8c490) [0x00007f77cfa8c660, 0x00007f77cfa8cb68] Compiler: c1, Barriers: 1, Oops: 0, ImmediateOops: 0, NonImmediateOops: No
[7,258s][debug  ][gc,nmethod     ] Register NMethod: java.lang.invoke.BoundMethodHandle$Species_I.make (0x00007f77cfa3cd90) [0x00007f77cfa3cf40, 0x00007f77cfa3d140] Compiler: c1, Barriers: 0, Oops: 0, ImmediateOops: 0, NonImmediateOops: No
[7,258s][debug  ][gc,nmethod     ] Register NMethod: net.openhft.chronicle.core.util.Ints.requireNonNegative (0x00007f77ef226690) [0x00007f77ef226800, 0x00007f77ef226880] Compiler: c2, Barriers: 0, Oops: 1, ImmediateOops: 0, NonImmediateOops: No
[7,258s][debug  ][gc,nmethod     ] Register NMethod: java.lang.invoke.BoundMethodHandle$Species_I.<init> (0x00007f77cfa5bd90) [0x00007f77cfa5bf40, 0x00007f77cfa5c118] Compiler: c1, Barriers: 0, Oops: 0, ImmediateOops: 0, NonImmediateOops: No
[7,259s][debug  ][gc,nmethod     ] Register NMethod: java.lang.invoke.MethodHandles.insertArgumentsChecks (0x00007f77cfb73490) [0x00007f77cfb73680, 0x00007f77cfb73bd0] Compiler: c1, Barriers: 2, Oops: 2, ImmediateOops: 2, NonImmediateOops: No
[7,259s][debug  ][gc,nmethod     ] Register NMethod: io.sirix.node.json.AbstractBooleanNode.getValue (0x00007f77ef226390) [0x00007f77ef226520, 0x00007f77ef2265e8] Compiler: c1, Barriers: 0, Oops: 1, ImmediateOops: 0, NonImmediateOops: No
[7,259s][debug  ][gc,nmethod     ] Register NMethod: sun.misc.Unsafe.copyMemory (0x00007f77cfa36f10) [0x00007f77cfa370c0, 0x00007f77cfa371e8] Compiler: c1, Barriers: 0, Oops: 0, ImmediateOops: 1, NonImmediateOops: No
[7,259s][debug  ][gc,nmethod     ] Register NMethod: java.lang.invoke.MethodHandles.constant (0x00007f77cfe1fd10) [0x00007f77cfe20040, 0x00007f77cfe21000] Compiler: c1, Barriers: 6, Oops: 2, ImmediateOops: 4, NonImmediateOops: No
[7,259s][debug  ][gc,nmethod     ] Register NMethod: net.openhft.chronicle.bytes.AbstractBytes.writeInt (0x00007f77ef293510) [0x00007f77ef293700, 0x00007f77ef293c20] Compiler: c2, Barriers: 5, Oops: 2, ImmediateOops: 0, NonImmediateOops: No
[7,259s][debug  ][gc,nmethod     ] Register NMethod: io.sirix.node.json.NumberNode.getKind (0x00007f77cfb09510) [0x00007f77cfb096a0, 0x00007f77cfb09808] Compiler: c1, Barriers: 0, Oops: 1, ImmediateOops: 1, NonImmediateOops: No
[7,260s][debug  ][gc,nmethod     ] Register NMethod: net.openhft.chronicle.core.UnsafeMemory.copyMemory (0x00007f77cfa88790) [0x00007f77cfa88940, 0x00007f77cfa88af8] Compiler: c1, Barriers: 0, Oops: 1, ImmediateOops: 1, NonImmediateOops: No
[7,260s][debug  ][gc,nmethod     ] Register NMethod: net.openhft.chronicle.bytes.AbstractBytes.read (0x00007f77cfa66190) [0x00007f77cfa66360, 0x00007f77cfa66570] Compiler: c1, Barriers: 1, Oops: 1, ImmediateOops: 0, NonImmediateOops: No
[7,260s][debug  ][gc,nmethod     ] Register NMethod: net.openhft.chronicle.bytes.RandomDataInput.toByteArray (0x00007f77cfa5f590) [0x00007f77cfa5f720, 0x00007f77cfa5f840] Compiler: c1, Barriers: 0, Oops: 1, ImmediateOops: 0, NonImmediateOops: No
[7,260s][debug  ][gc,nmethod     ] Register NMethod: net.openhft.chronicle.bytes.NativeBytes.writeCheckOffset (0x00007f77cfe6ef90) [0x00007f77cfe6f200, 0x00007f77cfe6fd68] Compiler: c1, Barriers: 4, Oops: 1, ImmediateOops: 0, NonImmediateOops: No
[7,260s][debug  ][gc,nmethod     ] Register NMethod: net.openhft.chronicle.core.util.Longs.requireNonNegative (0x00007f77ef226010) [0x00007f77ef226180, 0x00007f77ef226220] Compiler: c2, Barriers: 0, Oops: 1, ImmediateOops: 0, NonImmediateOops: No
[7,260s][debug  ][gc,nmethod     ] Register NMethod: net.openhft.chronicle.bytes.internal.BytesInternal.toByteArray (0x00007f77cfae5c10) [0x00007f77cfae5e00, 0x00007f77cfae60c8] Compiler: c1, Barriers: 0, Oops: 1, ImmediateOops: 0, NonImmediateOops: No
[7,261s][debug  ][gc,nmethod     ] Register NMethod: net.openhft.chronicle.core.util.ObjectUtils.requireNonNull (0x00007f77ef293210) [0x00007f77ef293380, 0x00007f77ef293400] Compiler: c2, Barriers: 0, Oops: 1, ImmediateOops: 0, NonImmediateOops: No
[7,262s][debug  ][gc,director    ] Rule Major: Warmup 20%, Used: 960MB, UsedThreshold: 3072MB
[7,262s][debug  ][gc,director    ] Select Minor GC Workers (Not Warm), GCWorkers: 5,000
[7,262s][debug  ][gc,director    ] Rule Minor: Allocation Rate (Dynamic GC Workers), MaxAllocRate: 268,5MB/s (+/-29,5%), Free: 14358MB, GCCPUTime: 2,329, GCDuration: 0,474s, TimeUntilOOM: 41,281s, TimeUntilGC: 40,807s, GCWorkers: 5
[7,262s][debug  ][gc,director    ] Select Minor GC Workers (Not Warm), GCWorkers: 5,000
[7,262s][debug  ][gc,director    ] Rule Minor: Allocation Rate (Dynamic GC Workers), MaxAllocRate: 1074,0MB/s (+/-29,5%), Free: 14358MB, GCCPUTime: 2,329, GCDuration: 0,474s, TimeUntilOOM: 10,322s, TimeUntilGC: 9,847s, GCWorkers: 5
[7,262s][debug  ][gc,director    ] Rule Minor: High Usage, Free: 14358MB(93,5%)
[7,264s][debug  ][gc,nmethod     ] Register NMethod: io.sirix.node.NodeKind.serializeStructNodeJsonValueNode (0x00007f77cfaa4190) [0x00007f77cfaa4380, 0x00007f77cfaa4608] Compiler: c1, Barriers: 0, Oops: 1, ImmediateOops: 0, NonImmediateOops: No
[7,265s][debug  ][gc,nmethod     ] Register NMethod: net.openhft.chronicle.bytes.StreamingDataOutput.writeStopBit (0x00007f77ef1d6a90) [0x00007f77ef1d6cc0, 0x00007f77ef1d7348] Compiler: c2, Barriers: 5, Oops: 2, ImmediateOops: 0, NonImmediateOops: No
[7,265s][debug  ][gc,nmethod     ] Register NMethod: net.openhft.chronicle.bytes.internal.HeapBytesStore.read (0x00007f77cfa73e90) [0x00007f77cfa74120, 0x00007f77cfa74a28] Compiler: c1, Barriers: 6, Oops: 1, ImmediateOops: 1, NonImmediateOops: No
[7,265s][debug  ][gc,nmethod     ] Register NMethod: net.openhft.chronicle.bytes.AbstractBytes.writeInt (0x00007f77cfad0690) [0x00007f77cfad0840, 0x00007f77cfad09f0] Compiler: c1, Barriers: 1, Oops: 1, ImmediateOops: 0, NonImmediateOops: No
[7,265s][debug  ][gc,nmethod     ] Register NMethod: java.lang.Math.toIntExact (0x00007f77ef292d90) [0x00007f77ef292f00, 0x00007f77ef292f98] Compiler: c2, Barriers: 0, Oops: 0, ImmediateOops: 0, NonImmediateOops: No
[7,265s][debug  ][gc,nmethod     ] Register NMethod: io.sirix.node.delegates.ValueNodeDelegate.getRawValue (0x00007f77ef28e610) [0x00007f77ef28e7a0, 0x00007f77ef28e870] Compiler: c2, Barriers: 1, Oops: 1, ImmediateOops: 0, NonImmediateOops: No
[7,266s][debug  ][gc,nmethod     ] Register NMethod: net.openhft.chronicle.core.Maths.toUInt31 (0x00007f77ef28e310) [0x00007f77ef28e480, 0x00007f77ef28e520] Compiler: c2, Barriers: 0, Oops: 1, ImmediateOops: 0, NonImmediateOops: No
[7,266s][debug  ][gc,nmethod     ] Register NMethod: jdk.internal.misc.Unsafe.checkSize (0x00007f77ef28df10) [0x00007f77ef28e080, 0x00007f77ef28e128] Compiler: c2, Barriers: 0, Oops: 0, ImmediateOops: 0, NonImmediateOops: No
[7,266s][debug  ][gc,nmethod     ] Register NMethod: java.util.Objects.checkIndex (0x00007f77ef1d6790) [0x00007f77ef1d6900, 0x00007f77ef1d69a0] Compiler: c2, Barriers: 0, Oops: 0, ImmediateOops: 0, NonImmediateOops: No
[7,266s][debug  ][gc,nmethod     ] Register NMethod: io.sirix.node.NodeKind$28.serialize (0x00007f77cff4b090) [0x00007f77cff4b9e0, 0x00007f77cff51da0] Compiler: c1, Barriers: 6, Oops: 69, ImmediateOops: 77, NonImmediateOops: No
[7,267s][debug  ][gc,nmethod     ] Register NMethod: io.sirix.node.Utils.putVarLong (0x00007f77ef2ace10) [0x00007f77ef2ad040, 0x00007f77ef2ad668] Compiler: c2, Barriers: 5, Oops: 2, ImmediateOops: 0, NonImmediateOops: No
[7,267s][debug  ][gc,nmethod     ] Register NMethod: io.sirix.node.json.BooleanNode.getKind (0x00007f77cfb12590) [0x00007f77cfb12720, 0x00007f77cfb12888] Compiler: c1, Barriers: 0, Oops: 1, ImmediateOops: 1, NonImmediateOops: No
[7,267s][debug  ][gc,nmethod     ] Register NMethod: net.openhft.chronicle.bytes.BytesStore.realCapacity (0x00007f77cfa76010) [0x00007f77cfa761c0, 0x00007f77cfa762e8] Compiler: c1, Barriers: 0, Oops: 1, ImmediateOops: 0, NonImmediateOops: No
[7,267s][debug  ][gc,nmethod     ] Register NMethod: net.openhft.chronicle.core.Jvm.arrayByteBaseOffset (0x00007f77cfba3490) [0x00007f77cfba3620, 0x00007f77cfba3700] Compiler: c1, Barriers: 0, Oops: 1, ImmediateOops: 0, NonImmediateOops: No
[7,267s][debug  ][gc,nmethod     ] Register NMethod: net.openhft.chronicle.bytes.RandomCommon.readLimit (0x00007f77cfbfea90) [0x00007f77cfbfec40, 0x00007f77cfbfed68] Compiler: c1, Barriers: 0, Oops: 1, ImmediateOops: 0, NonImmediateOops: No
[7,267s][debug  ][gc,nmethod     ] Register NMethod: net.openhft.chronicle.core.UnsafeMemory.copyMemory (0x00007f77cfe42690) [0x00007f77cfe428e0, 0x00007f77cfe42f60] Compiler: c1, Barriers: 0, Oops: 1, ImmediateOops: 3, NonImmediateOops: No
[7,268s][debug  ][gc,nmethod     ] Register NMethod: net.openhft.chronicle.bytes.internal.HeapBytesStore.writeByte (0x00007f77ef1d6210) [0x00007f77ef1d63a0, 0x00007f77ef1d65e0] Compiler: c2, Barriers: 3, Oops: 1, ImmediateOops: 0, NonImmediateOops: No
[7,268s][debug  ][gc,nmethod     ] Register NMethod: net.openhft.chronicle.bytes.internal.BytesInternal.writeStopBit0 (0x00007f77ef2ab690) [0x00007f77ef2ab940, 0x00007f77ef2ac498] Compiler: c2, Barriers: 10, Oops: 2, ImmediateOops: 0, NonImmediateOops: No
[7,268s][debug  ][gc,nmethod     ] Register NMethod: net.openhft.chronicle.bytes.internal.HeapBytesStore.writeByte (0x00007f77ef1d5b90) [0x00007f77ef1d5d20, 0x00007f77ef1d5f60] Compiler: c2, Barriers: 3, Oops: 1, ImmediateOops: 0, NonImmediateOops: No
[7,269s][debug  ][gc,nmethod     ] Register NMethod: jdk.internal.misc.Unsafe.checkOffset (0x00007f77ef2ab390) [0x00007f77ef2ab500, 0x00007f77ef2ab5a8] Compiler: c2, Barriers: 0, Oops: 0, ImmediateOops: 0, NonImmediateOops: No
[7,269s][debug  ][gc,nmethod     ] Register NMethod: io.sirix.node.xml.AbstractStructForwardingNode.getChildCount (0x00007f77cfaecd10) [0x00007f77cfaecec0, 0x00007f77cfaed0a0] Compiler: c1, Barriers: 0, Oops: 1, ImmediateOops: 0, NonImmediateOops: No
[7,269s][debug  ][gc,nmethod     ] Register NMethod: net.openhft.chronicle.bytes.internal.ReferenceCountedUtil.throwExceptionIfReleased (0x00007f77ef2aae90) [0x00007f77ef2ab040, 0x00007f77ef2ab218] Compiler: c2, Barriers: 2, Oops: 1, ImmediateOops: 0, NonImmediateOops: No
[7,270s][debug  ][gc,nmethod     ] Register NMethod: net.openhft.chronicle.core.UnsafeMemory.writeLong (0x00007f77cfc01a90) [0x00007f77cfc01c20, 0x00007f77cfc01d30] Compiler: c1, Barriers: 0, Oops: 1, ImmediateOops: 0, NonImmediateOops: No
[7,270s][debug  ][gc,nmethod     ] Register NMethod: net.openhft.chronicle.core.UnsafeMemory.writeByte (0x00007f77cfbfd910) [0x00007f77cfbfdaa0, 0x00007f77cfbfdba0] Compiler: c1, Barriers: 0, Oops: 1, ImmediateOops: 0, NonImmediateOops: No
[7,270s][debug  ][gc,nmethod     ] Register NMethod: jdk.internal.misc.Unsafe.putInt (0x00007f77cfe88290) [0x00007f77cfe88420, 0x00007f77cfe88530] Compiler: c1, Barriers: 0, Oops: 0, ImmediateOops: 0, NonImmediateOops: No
[7,270s][debug  ][gc,nmethod     ] Register NMethod: jdk.internal.misc.Unsafe.copyMemory (0x00007f77ef2c9210) [0x00007f77ef2c93e0, 0x00007f77ef2c9928] Compiler: c2, Barriers: 4, Oops: 0, ImmediateOops: 0, NonImmediateOops: No
[7,270s][debug  ][gc,nmethod     ] Rebuilding NMethod Table: 4096->4096 entries, 2582(63%->63%) registered, 286(7%->0%) unregistered
[7,271s][debug  ][gc,nmethod     ] Register NMethod: net.openhft.chronicle.bytes.NativeBytes.readRemaining (0x00007f77ef2aab90) [0x00007f77ef2aad00, 0x00007f77ef2aad80] Compiler: c2, Barriers: 0, Oops: 1, ImmediateOops: 0, NonImmediateOops: No
[7,271s][debug  ][gc,nmethod     ] Register NMethod: jdk.internal.misc.Unsafe.putInt (0x00007f77ef2aa690) [0x00007f77ef2aa800, 0x00007f77ef2aa880] Compiler: c2, Barriers: 0, Oops: 0, ImmediateOops: 0, NonImmediateOops: No
[7,271s][debug  ][gc,nmethod     ] Register NMethod: io.sirix.access.trx.node.AbstractResourceSession.getResourceConfig (0x00007f77ef2c8f10) [0x00007f77ef2c90a0, 0x00007f77ef2c9170] Compiler: c2, Barriers: 1, Oops: 1, ImmediateOops: 0, NonImmediateOops: No
[7,271s][debug  ][gc,nmethod     ] Register NMethod: net.openhft.chronicle.core.UnsafeMemory.copyMemoryLoop (0x00007f77cfb43910) [0x00007f77cfb43b20, 0x00007f77cfb443e0] Compiler: c1, Barriers: 0, Oops: 3, ImmediateOops: 5, NonImmediateOops: No
[7,272s][debug  ][gc,nmethod     ] Register NMethod: net.openhft.chronicle.core.UnsafeMemory.writeByte (0x00007f77ef2c8c10) [0x00007f77ef2c8d80, 0x00007f77ef2c8e00] Compiler: c2, Barriers: 0, Oops: 1, ImmediateOops: 0, NonImmediateOops: No
[7,272s][debug  ][gc,nmethod     ] Register NMethod: io.sirix.node.NodeKind$27.serialize (0x00007f77cfed6a10) [0x00007f77cfed6c20, 0x00007f77cfed74f8] Compiler: c1, Barriers: 2, Oops: 1, ImmediateOops: 0, NonImmediateOops: No
[7,272s][debug  ][gc,nmethod     ] Register NMethod: net.openhft.chronicle.core.UnsafeMemory.writeLong (0x00007f77ef2c8910) [0x00007f77ef2c8a80, 0x00007f77ef2c8b00] Compiler: c2, Barriers: 0, Oops: 1, ImmediateOops: 0, NonImmediateOops: No
[7,272s][debug  ][gc,nmethod     ] Register NMethod: net.openhft.chronicle.core.UnsafeMemory$$Lambda/0x0000000080304cc0.apply (0x00007f77cfe30990) [0x00007f77cfe30b40, 0x00007f77cfe30cb8] Compiler: c1, Barriers: 1, Oops: 1, ImmediateOops: 0, NonImmediateOops: No
[7,272s][debug  ][gc,nmethod     ] Register NMethod: net.openhft.chronicle.bytes.internal.NativeBytesStore.writeInt (0x00007f77cfeeeb10) [0x00007f77cfeeecc0, 0x00007f77cfeeee00] Compiler: c1, Barriers: 0, Oops: 1, ImmediateOops: 0, NonImmediateOops: No
[7,272s][debug  ][gc,nmethod     ] Register NMethod: net.openhft.chronicle.bytes.AbstractBytes.isImmutableEmptyByteStore (0x00007f77cfe56610) [0x00007f77cfe567c0, 0x00007f77cfe56940] Compiler: c1, Barriers: 1, Oops: 1, ImmediateOops: 0, NonImmediateOops: No
[7,272s][debug  ][gc,director    ] Rule Major: Warmup 20%, Used: 960MB, UsedThreshold: 3072MB
[7,273s][debug  ][gc,director    ] Select Minor GC Workers (Not Warm), GCWorkers: 5,000
[7,273s][debug  ][gc,director    ] Rule Minor: Allocation Rate (Dynamic GC Workers), MaxAllocRate: 268,5MB/s (+/-29,5%), Free: 14358MB, GCCPUTime: 2,329, GCDuration: 0,474s, TimeUntilOOM: 41,281s, TimeUntilGC: 40,807s, GCWorkers: 5
[7,273s][debug  ][gc,director    ] Select Minor GC Workers (Not Warm), GCWorkers: 5,000
[7,273s][debug  ][gc,nmethod     ] Register NMethod: net.openhft.chronicle.bytes.AbstractBytes.writeInt (0x00007f77ef2c7c90) [0x00007f77ef2c7e80, 0x00007f77ef2c83f8] Compiler: c2, Barriers: 5, Oops: 2, ImmediateOops: 0, NonImmediateOops: No
[7,273s][debug  ][gc,director    ] Rule Minor: Allocation Rate (Dynamic GC Workers), MaxAllocRate: 1074,0MB/s (+/-29,5%), Free: 14358MB, GCCPUTime: 2,329, GCDuration: 0,474s, TimeUntilOOM: 10,322s, TimeUntilGC: 9,847s, GCWorkers: 5
[7,273s][debug  ][gc,director    ] Rule Minor: High Usage, Free: 14358MB(93,5%)
[7,274s][debug  ][gc,nmethod     ] Register NMethod: io.sirix.node.NodeSerializerImpl.serialize (0x00007f77ef2c6e10) [0x00007f77ef2c7020, 0x00007f77ef2c7678] Compiler: c2, Barriers: 5, Oops: 1, ImmediateOops: 0, NonImmediateOops: No
[7,275s][debug  ][gc,nmethod     ] Register NMethod: net.openhft.chronicle.bytes.internal.NativeBytesStore.translate (0x00007f77ef2c6b10) [0x00007f77ef2c6c80, 0x00007f77ef2c6cf8] Compiler: c2, Barriers: 0, Oops: 1, ImmediateOops: 0, NonImmediateOops: No
[7,275s][debug  ][gc,nmethod     ] Register NMethod: net.openhft.chronicle.bytes.NativeBytes.ensureCapacity (0x00007f77ef2c6410) [0x00007f77ef2c65e0, 0x00007f77ef2c6888] Compiler: c2, Barriers: 1, Oops: 1, ImmediateOops: 0, NonImmediateOops: No
[7,275s][debug  ][gc,nmethod     ] Register NMethod: net.openhft.chronicle.bytes.internal.NativeBytesStore.writeInt (0x00007f77cfa48890) [0x00007f77cfa48aa0, 0x00007f77cfa49240] Compiler: c1, Barriers: 2, Oops: 2, ImmediateOops: 3, NonImmediateOops: No
[7,275s][debug  ][gc,nmethod     ] Register NMethod: net.openhft.chronicle.bytes.RandomCommon.writeRemaining (0x00007f77cfb68190) [0x00007f77cfb68340, 0x00007f77cfb684b8] Compiler: c1, Barriers: 0, Oops: 1, ImmediateOops: 0, NonImmediateOops: No
[7,275s][debug  ][gc,nmethod     ] Register NMethod: sun.misc.Unsafe.putInt (0x00007f77ef2c6110) [0x00007f77ef2c6280, 0x00007f77ef2c6318] Compiler: c2, Barriers: 0, Oops: 1, ImmediateOops: 0, NonImmediateOops: No
[7,276s][debug  ][gc,nmethod     ] Register NMethod: io.sirix.node.NodeKind$26.serialize (0x00007f77cfa95090) [0x00007f77cfa95260, 0x00007f77cfa954b8] Compiler: c1, Barriers: 3, Oops: 1, ImmediateOops: 0, NonImmediateOops: No
[7,276s][debug  ][gc,nmethod     ] Register NMethod: net.openhft.chronicle.core.UnsafeMemory.copyMemory (0x00007f77cfb6c690) [0x00007f77cfb6c820, 0x00007f77cfb6c950] Compiler: c1, Barriers: 0, Oops: 1, ImmediateOops: 0, NonImmediateOops: No
[7,276s][debug  ][gc,nmethod     ] Register NMethod: net.openhft.chronicle.core.UnsafeMemory.lambda$new$0 (0x00007f77cfb9d310) [0x00007f77cfb9d4c0, 0x00007f77cfb9d600] Compiler: c1, Barriers: 0, Oops: 1, ImmediateOops: 0, NonImmediateOops: No
[7,276s][debug  ][gc,nmethod     ] Register NMethod: net.openhft.chronicle.bytes.AbstractBytes.writeInt (0x00007f77ef270990) [0x00007f77ef270b80, 0x00007f77ef2710f8] Compiler: c2, Barriers: 5, Oops: 2, ImmediateOops: 0, NonImmediateOops: No
[7,276s][debug  ][gc,nmethod     ] Register NMethod: io.sirix.node.delegates.ValueNodeDelegate.isCompressed (0x00007f77ef2c5e10) [0x00007f77ef2c5fa0, 0x00007f77ef2c6068] Compiler: c1, Barriers: 0, Oops: 1, ImmediateOops: 0, NonImmediateOops: No
[7,276s][debug  ][gc,nmethod     ] Register NMethod: sun.misc.Unsafe.putInt (0x00007f77cfc4c290) [0x00007f77cfc4c420, 0x00007f77cfc4c528] Compiler: c1, Barriers: 0, Oops: 0, ImmediateOops: 0, NonImmediateOops: No
[7,276s][debug  ][gc,nmethod     ] Register NMethod: io.sirix.node.NodeKind.serializeValDelegate (0x00007f77cfe48890) [0x00007f77cfe48a80, 0x00007f77cfe48e00] Compiler: c1, Barriers: 4, Oops: 1, ImmediateOops: 0, NonImmediateOops: No
[7,277s][debug  ][gc,nmethod     ] Register NMethod: net.openhft.chronicle.core.UnsafeMemory.writeInt (0x00007f77cfe4c610) [0x00007f77cfe4c7a0, 0x00007f77cfe4c8b8] Compiler: c1, Barriers: 0, Oops: 1, ImmediateOops: 0, NonImmediateOops: No
[7,277s][debug  ][gc,nmethod     ] Register NMethod: net.openhft.chronicle.bytes.internal.HeapBytesStore.write (0x00007f77cfeeac10) [0x00007f77cfeeada0, 0x00007f77cfeeaec0] Compiler: c1, Barriers: 0, Oops: 1, ImmediateOops: 0, NonImmediateOops: No
[7,277s][debug  ][gc,nmethod     ] Register NMethod: io.sirix.node.json.AbstractStringNode.getValNodeDelegate (0x00007f77ef2c5a90) [0x00007f77ef2c5c20, 0x00007f77ef2c5d10] Compiler: c1, Barriers: 1, Oops: 1, ImmediateOops: 0, NonImmediateOops: No
[7,277s][debug  ][gc,nmethod     ] Register NMethod: net.openhft.chronicle.core.UnsafeMemory.copyMemory (0x00007f77cfb68e10) [0x00007f77cfb68fe0, 0x00007f77cfb692d8] Compiler: c1, Barriers: 0, Oops: 1, ImmediateOops: 1, NonImmediateOops: No
[7,277s][debug  ][gc,nmethod     ] Register NMethod: sun.misc.Unsafe.getInt (0x00007f77cfc58d10) [0x00007f77cfc58ea0, 0x00007f77cfc58fa0] Compiler: c1, Barriers: 0, Oops: 0, ImmediateOops: 0, NonImmediateOops: No
[7,278s][debug  ][gc,nmethod     ] Register NMethod: io.sirix.node.NodeKind.serializeDelegate (0x00007f77ef26f310) [0x00007f77ef26f5a0, 0x00007f77ef270008] Compiler: c2, Barriers: 10, Oops: 2, ImmediateOops: 0, NonImmediateOops: No
[7,278s][debug  ][gc,nmethod     ] Register NMethod: net.openhft.chronicle.bytes.internal.NativeBytesStore.write (0x00007f77cfdc4710) [0x00007f77cfdc48a0, 0x00007f77cfdc49c0] Compiler: c1, Barriers: 0, Oops: 1, ImmediateOops: 0, NonImmediateOops: No
[7,278s][debug  ][gc,nmethod     ] Register NMethod: net.openhft.chronicle.core.UnsafeMemory.copyMemory (0x00007f77cfdfb210) [0x00007f77cfdfb3c0, 0x00007f77cfdfb550] Compiler: c1, Barriers: 1, Oops: 1, ImmediateOops: 0, NonImmediateOops: No
[7,278s][debug  ][gc,nmethod     ] Register NMethod: net.openhft.chronicle.bytes.internal.NativeBytesStore.write (0x00007f77cfb06110) [0x00007f77cfb062e0, 0x00007f77cfb06550] Compiler: c1, Barriers: 2, Oops: 1, ImmediateOops: 0, NonImmediateOops: No
[7,278s][debug  ][gc,nmethod     ] Register NMethod: io.sirix.node.NodeKind$29.serialize (0x00007f77cfe06b90) [0x00007f77cfe06d40, 0x00007f77cfe06f38] Compiler: c1, Barriers: 2, Oops: 1, ImmediateOops: 0, NonImmediateOops: No
[7,278s][debug  ][gc,nmethod     ] Register NMethod: java.lang.invoke.LambdaForm$MH/0x0000000080378000.delegate (0x00007f77cfe2e190) [0x00007f77cfe2e340, 0x00007f77cfe2e4c8] Compiler: c1, Barriers: 0, Oops: 1, ImmediateOops: 0, NonImmediateOops: No
[7,279s][debug  ][gc,nmethod     ] Register NMethod: jdk.internal.util.Preconditions.checkFromIndexSize (0x00007f77ef26f010) [0x00007f77ef26f180, 0x00007f77ef26f250] Compiler: c2, Barriers: 0, Oops: 0, ImmediateOops: 0, NonImmediateOops: No
[7,279s][debug  ][gc,nmethod     ] Register NMethod: io.sirix.node.json.StringNode.getKind (0x00007f77ef26ed10) [0x00007f77ef26ee80, 0x00007f77ef26ef00] Compiler: c2, Barriers: 0, Oops: 1, ImmediateOops: 1, NonImmediateOops: No
[7,279s][debug  ][gc,nmethod     ] Register NMethod: net.openhft.chronicle.bytes.internal.NativeBytesStore.writeInt (0x00007f77ef26e990) [0x00007f77ef26eb20, 0x00007f77ef26ec50] Compiler: c2, Barriers: 1, Oops: 1, ImmediateOops: 0, NonImmediateOops: No
[7,279s][debug  ][gc,nmethod     ] Register NMethod: java.nio.ByteOrder.nativeOrder (0x00007f77ef26e690) [0x00007f77ef26e800, 0x00007f77ef26e870] Compiler: c2, Barriers: 0, Oops: 0, ImmediateOops: 1, NonImmediateOops: No
[7,279s][debug  ][gc,nmethod     ] Register NMethod: sun.misc.Unsafe.putLong (0x00007f77ef26e390) [0x00007f77ef26e500, 0x00007f77ef26e5a0] Compiler: c2, Barriers: 0, Oops: 1, ImmediateOops: 0, NonImmediateOops: No
[7,280s][debug  ][gc,nmethod     ] Register NMethod: sun.misc.Unsafe.putByte (0x00007f77ef26e090) [0x00007f77ef26e200, 0x00007f77ef26e280] Compiler: c2, Barriers: 0, Oops: 0, ImmediateOops: 0, NonImmediateOops: No
[7,281s][debug  ][gc,nmethod     ] Register NMethod: net.openhft.chronicle.core.UnsafeMemory.copyMemoryLoop (0x00007f77ef26d990) [0x00007f77ef26db20, 0x00007f77ef26de48] Compiler: c2, Barriers: 0, Oops: 3, ImmediateOops: 0, NonImmediateOops: No
[7,283s][debug  ][gc,nmethod     ] Register NMethod: net.openhft.chronicle.core.UnsafeMemory.copyMemory (0x00007f77ef26d190) [0x00007f77ef26d340, 0x00007f77ef26d640] Compiler: c2, Barriers: 0, Oops: 2, ImmediateOops: 2, NonImmediateOops: No
[7,283s][debug  ][gc,director    ] Rule Major: Warmup 20%, Used: 960MB, UsedThreshold: 3072MB
[7,283s][debug  ][gc,director    ] Select Minor GC Workers (Not Warm), GCWorkers: 5,000
[7,283s][debug  ][gc,director    ] Rule Minor: Allocation Rate (Dynamic GC Workers), MaxAllocRate: 268,5MB/s (+/-29,5%), Free: 14358MB, GCCPUTime: 2,329, GCDuration: 0,474s, TimeUntilOOM: 41,281s, TimeUntilGC: 40,807s, GCWorkers: 5
[7,283s][debug  ][gc,director    ] Select Minor GC Workers (Not Warm), GCWorkers: 5,000
[7,283s][debug  ][gc,director    ] Rule Minor: Allocation Rate (Dynamic GC Workers), MaxAllocRate: 1074,0MB/s (+/-29,5%), Free: 14358MB, GCCPUTime: 2,329, GCDuration: 0,474s, TimeUntilOOM: 10,322s, TimeUntilGC: 9,847s, GCWorkers: 5
[7,283s][debug  ][gc,director    ] Rule Minor: High Usage, Free: 14358MB(93,5%)
[7,283s][debug  ][gc,nmethod     ] Register NMethod: sun.security.provider.SHA2.implCompress (0x00007f77cfdb4710) [0x00007f77cfdb4900, 0x00007f77cfdb4d48] Compiler: c1, Barriers: 0, Oops: 1, ImmediateOops: 1, NonImmediateOops: No
[7,283s][debug  ][gc,nmethod     ] Register NMethod: jdk.internal.misc.Unsafe.getIntUnaligned (0x00007f77ef26ce90) [0x00007f77ef26d000, 0x00007f77ef26d0a8] Compiler: c2, Barriers: 0, Oops: 0, ImmediateOops: 0, NonImmediateOops: No
[7,284s][debug  ][gc,nmethod     ] Register NMethod: java.lang.invoke.VarHandleGuards.guard_LI_I (0x00007f77ef269410) [0x00007f77ef269620, 0x00007f77ef269c50] Compiler: c2, Barriers: 12, Oops: 0, ImmediateOops: 0, NonImmediateOops: No
[7,284s][debug  ][gc,nmethod     ] Register NMethod: java.lang.invoke.VarHandleByteArrayAsInts$ArrayHandle.get (0x00007f77ef26ca10) [0x00007f77ef26cba0, 0x00007f77ef26ccf8] Compiler: c2, Barriers: 0, Oops: 2, ImmediateOops: 0, NonImmediateOops: No
[7,285s][debug  ][gc,nmethod     ] Register NMethod: sun.misc.Unsafe.getByte (0x00007f77ef26c590) [0x00007f77ef26c700, 0x00007f77ef26c798] Compiler: c2, Barriers: 0, Oops: 1, ImmediateOops: 0, NonImmediateOops: No
[7,285s][debug  ][gc,nmethod     ] Register NMethod: sun.security.provider.SHA2.implCompress0 (0x00007f77cfefb510) [0x00007f77cfefb780, 0x00007f77cfefc478] Compiler: c1, Barriers: 8, Oops: 0, ImmediateOops: 1, NonImmediateOops: No
[7,285s][debug  ][gc,nmethod     ] Register NMethod: sun.security.provider.SHA2.implCompressCheck (0x00007f77cfe0bc10) [0x00007f77cfe0bde0, 0x00007f77cfe0c180] Compiler: c1, Barriers: 0, Oops: 1, ImmediateOops: 1, NonImmediateOops: No
[7,285s][debug  ][gc,nmethod     ] Register NMethod: net.openhft.chronicle.bytes.internal.NativeBytesStore.capacity (0x00007f77ef269110) [0x00007f77ef2692a0, 0x00007f77ef269360] Compiler: c1, Barriers: 0, Oops: 1, ImmediateOops: 0, NonImmediateOops: No
[7,286s][debug  ][gc,nmethod     ] Register NMethod: io.sirix.node.json.NullNode.getKind (0x00007f77cfc66710) [0x00007f77cfc668a0, 0x00007f77cfc669a8] Compiler: c1, Barriers: 0, Oops: 1, ImmediateOops: 1, NonImmediateOops: No
[7,286s][debug  ][gc,nmethod     ] Register NMethod: io.sirix.access.trx.page.AbstractForwardingPageReadOnlyTrx.getResourceSession (0x00007f77cfe28110) [0x00007f77cfe282e0, 0x00007f77cfe28650] Compiler: c1, Barriers: 2, Oops: 1, ImmediateOops: 1, NonImmediateOops: No
[7,286s][debug  ][gc,nmethod     ] Register NMethod: net.openhft.chronicle.bytes.NativeBytes.writeCheckOffset (0x00007f77ef268990) [0x00007f77ef268b60, 0x00007f77ef268e70] Compiler: c2, Barriers: 1, Oops: 1, ImmediateOops: 0, NonImmediateOops: No
[7,286s][debug  ][gc,nmethod     ] Register NMethod: io.sirix.node.xml.AbstractStructForwardingNode.getLastChildKey (0x00007f77cfed2710) [0x00007f77cfed28c0, 0x00007f77cfed2aa0] Compiler: c1, Barriers: 0, Oops: 1, ImmediateOops: 0, NonImmediateOops: No
[7,287s][debug  ][gc,nmethod     ] Register NMethod: sun.security.provider.ByteArrayAccess.b2iBig64 (0x00007f77cfe93310) [0x00007f77cfe93b40, 0x00007f77cfe985c8] Compiler: c1, Barriers: 0, Oops: 5, ImmediateOops: 128, NonImmediateOops: No
[7,287s][debug  ][gc,nmethod     ] Register NMethod: io.sirix.node.json.ArrayNode.getKind (0x00007f77cfe92e90) [0x00007f77cfe93020, 0x00007f77cfe93188] Compiler: c1, Barriers: 0, Oops: 1, ImmediateOops: 1, NonImmediateOops: No
[7,287s][debug  ][gc,nmethod     ] Register NMethod: io.sirix.access.ResourceConfiguration.storeChildCount (0x00007f77ef268690) [0x00007f77ef268820, 0x00007f77ef2688e8] Compiler: c1, Barriers: 0, Oops: 1, ImmediateOops: 0, NonImmediateOops: No
[7,287s][debug  ][gc,nmethod     ] Register NMethod: io.sirix.node.delegates.NodeDelegate.getPreviousRevisionNumber (0x00007f77ef268390) [0x00007f77ef268520, 0x00007f77ef2685e0] Compiler: c1, Barriers: 0, Oops: 1, ImmediateOops: 0, NonImmediateOops: No
[7,288s][debug  ][gc,nmethod     ] Register NMethod: io.sirix.node.NodeKind.writeHash (0x00007f77cfaaca10) [0x00007f77cfaacbc0, 0x00007f77cfaacd60] Compiler: c1, Barriers: 0, Oops: 1, ImmediateOops: 0, NonImmediateOops: No
[7,288s][debug  ][gc,nmethod     ] Register NMethod: io.sirix.node.delegates.NodeDelegate.getLastModifiedRevisionNumber (0x00007f77ef268090) [0x00007f77ef268220, 0x00007f77ef2682e0] Compiler: c1, Barriers: 0, Oops: 1, ImmediateOops: 0, NonImmediateOops: No
[7,288s][debug  ][gc,nmethod     ] Register NMethod: java.nio.ByteBuffer.<init> (0x00007f77cfbe7a10) [0x00007f77cfbe7bc0, 0x00007f77cfbe7e08] Compiler: c1, Barriers: 3, Oops: 0, ImmediateOops: 0, NonImmediateOops: No
[7,288s][debug  ][gc,nmethod     ] Register NMethod: io.sirix.node.NodeKind.serializeJsonObjectOrArrayStructDelegate (0x00007f77cfeec790) [0x00007f77cfeecac0, 0x00007f77cfeedef8] Compiler: c1, Barriers: 1, Oops: 1, ImmediateOops: 1, NonImmediateOops: No
[7,288s][debug  ][gc,nmethod     ] Register NMethod: net.openhft.chronicle.bytes.internal.AbstractBytesStore.readPosition (0x00007f77ef267d90) [0x00007f77ef267f20, 0x00007f77ef267fe8] Compiler: c1, Barriers: 0, Oops: 1, ImmediateOops: 0, NonImmediateOops: No
[7,289s][debug  ][gc,nmethod     ] Register NMethod: net.openhft.chronicle.bytes.internal.HeapBytesStore.isDirectMemory (0x00007f77ef267a90) [0x00007f77ef267c20, 0x00007f77ef267ce0] Compiler: c1, Barriers: 0, Oops: 1, ImmediateOops: 0, NonImmediateOops: No
[7,289s][debug  ][gc,nmethod     ] Register NMethod: sun.invoke.util.Wrapper.wrapperType (0x00007f77cfe26990) [0x00007f77cfe26c60, 0x00007f77cfe27870] Compiler: c1, Barriers: 4, Oops: 1, ImmediateOops: 4, NonImmediateOops: No
[7,289s][debug  ][gc,nmethod     ] Register NMethod: net.openhft.chronicle.bytes.AbstractBytes.read (0x00007f77ef266a90) [0x00007f77ef266c80, 0x00007f77ef2673e0] Compiler: c2, Barriers: 3, Oops: 2, ImmediateOops: 0, NonImmediateOops: No
[7,289s][debug  ][gc,nmethod     ] Register NMethod: io.sirix.node.NodeKind$20.serialize (0x00007f77cfa7f510) [0x00007f77cfa7f780, 0x00007f77cfa802b0] Compiler: c1, Barriers: 4, Oops: 1, ImmediateOops: 2, NonImmediateOops: No
[7,290s][debug  ][gc,nmethod     ] Register NMethod: io.sirix.node.NodeKind.serializeStructNodeJsonValueNode (0x00007f77ef266610) [0x00007f77ef2667c0, 0x00007f77ef266918] Compiler: c2, Barriers: 0, Oops: 1, ImmediateOops: 0, NonImmediateOops: No
[7,291s][debug  ][gc,nmethod     ] Register NMethod: net.openhft.chronicle.core.UnsafeMemory.copyMemory (0x00007f77ef265d10) [0x00007f77ef265ec0, 0x00007f77ef266220] Compiler: c2, Barriers: 0, Oops: 2, ImmediateOops: 0, NonImmediateOops: No
[7,292s][debug  ][gc,nmethod     ] Register NMethod: net.openhft.chronicle.bytes.AbstractBytes.write (0x00007f77ef263990) [0x00007f77ef263c20, 0x00007f77ef264dc8] Compiler: c2, Barriers: 8, Oops: 2, ImmediateOops: 0, NonImmediateOops: No
[7,293s][debug  ][gc,director    ] Rule Major: Warmup 20%, Used: 960MB, UsedThreshold: 3072MB
[7,293s][debug  ][gc,director    ] Select Minor GC Workers (Not Warm), GCWorkers: 5,000
[7,293s][debug  ][gc,director    ] Rule Minor: Allocation Rate (Dynamic GC Workers), MaxAllocRate: 268,5MB/s (+/-29,5%), Free: 14358MB, GCCPUTime: 2,329, GCDuration: 0,474s, TimeUntilOOM: 41,281s, TimeUntilGC: 40,807s, GCWorkers: 5
[7,293s][debug  ][gc,director    ] Select Minor GC Workers (Not Warm), GCWorkers: 5,000
[7,293s][debug  ][gc,director    ] Rule Minor: Allocation Rate (Dynamic GC Workers), MaxAllocRate: 1074,0MB/s (+/-29,5%), Free: 14358MB, GCCPUTime: 2,329, GCDuration: 0,474s, TimeUntilOOM: 10,322s, TimeUntilGC: 9,847s, GCWorkers: 5
[7,293s][debug  ][gc,director    ] Rule Minor: High Usage, Free: 14358MB(93,5%)
[7,294s][debug  ][gc,nmethod     ] Register NMethod: net.openhft.chronicle.bytes.internal.HeapBytesStore.read (0x00007f77ef262b90) [0x00007f77ef262d60, 0x00007f77ef263358] Compiler: c2, Barriers: 2, Oops: 2, ImmediateOops: 0, NonImmediateOops: No
[7,299s][debug  ][gc,nmethod     ] Register NMethod: net.openhft.chronicle.bytes.RandomDataInput.toByteArray (0x00007f77ef366290) [0x00007f77ef366480, 0x00007f77ef366c80] Compiler: c2, Barriers: 4, Oops: 2, ImmediateOops: 0, NonImmediateOops: No
[7,299s][debug  ][gc,nmethod     ] Register NMethod: net.openhft.chronicle.bytes.StreamingDataOutput.write (0x00007f77ef367410) [0x00007f77ef3676a0, 0x00007f77ef368698] Compiler: c2, Barriers: 8, Oops: 2, ImmediateOops: 0, NonImmediateOops: No
[7,299s][debug  ][gc,nmethod     ] Register NMethod: net.openhft.chronicle.core.UnsafeMemory.copyMemory (0x00007f77ef369610) [0x00007f77ef3697a0, 0x00007f77ef369b28] Compiler: c2, Barriers: 2, Oops: 1, ImmediateOops: 0, NonImmediateOops: No
[7,299s][debug  ][gc,nmethod     ] Register NMethod: net.openhft.chronicle.core.UnsafeMemory$$Lambda/0x0000000080304cc0.apply (0x00007f77ef369d90) [0x00007f77ef369f20, 0x00007f77ef36a1d0] Compiler: c2, Barriers: 1, Oops: 1, ImmediateOops: 0, NonImmediateOops: No
[7,305s][debug  ][gc,director    ] Rule Major: Warmup 20%, Used: 960MB, UsedThreshold: 3072MB
[7,305s][debug  ][gc,director    ] Select Minor GC Workers (Not Warm), GCWorkers: 5,000
[7,305s][debug  ][gc,director    ] Rule Minor: Allocation Rate (Dynamic GC Workers), MaxAllocRate: 268,5MB/s (+/-29,5%), Free: 14358MB, GCCPUTime: 2,329, GCDuration: 0,474s, TimeUntilOOM: 41,281s, TimeUntilGC: 40,807s, GCWorkers: 5
[7,305s][debug  ][gc,director    ] Select Minor GC Workers (Not Warm), GCWorkers: 5,000
[7,305s][debug  ][gc,director    ] Rule Minor: Allocation Rate (Dynamic GC Workers), MaxAllocRate: 1074,0MB/s (+/-29,5%), Free: 14358MB, GCCPUTime: 2,329, GCDuration: 0,474s, TimeUntilOOM: 10,322s, TimeUntilGC: 9,847s, GCWorkers: 5
[7,305s][debug  ][gc,director    ] Rule Minor: High Usage, Free: 14358MB(93,5%)
[7,306s][debug  ][gc,nmethod     ] Register NMethod: net.openhft.chronicle.bytes.internal.NativeBytesStore.write (0x00007f77ef36a390) [0x00007f77ef36a540, 0x00007f77ef36aa78] Compiler: c2, Barriers: 3, Oops: 1, ImmediateOops: 0, NonImmediateOops: No
[7,307s][debug  ][gc,nmethod     ] Register NMethod: net.openhft.chronicle.bytes.internal.NativeBytesStore.write (0x00007f77ef36ae10) [0x00007f77ef36afc0, 0x00007f77ef36b4f8] Compiler: c2, Barriers: 3, Oops: 1, ImmediateOops: 0, NonImmediateOops: No
[7,315s][debug  ][gc,director    ] Rule Major: Warmup 20%, Used: 960MB, UsedThreshold: 3072MB
[7,315s][debug  ][gc,director    ] Select Minor GC Workers (Not Warm), GCWorkers: 5,000
[7,315s][debug  ][gc,director    ] Rule Minor: Allocation Rate (Dynamic GC Workers), MaxAllocRate: 268,5MB/s (+/-29,5%), Free: 14358MB, GCCPUTime: 2,329, GCDuration: 0,474s, TimeUntilOOM: 41,281s, TimeUntilGC: 40,807s, GCWorkers: 5
[7,315s][debug  ][gc,director    ] Select Minor GC Workers (Not Warm), GCWorkers: 5,000
[7,315s][debug  ][gc,director    ] Rule Minor: Allocation Rate (Dynamic GC Workers), MaxAllocRate: 1074,0MB/s (+/-29,5%), Free: 14358MB, GCCPUTime: 2,329, GCDuration: 0,474s, TimeUntilOOM: 10,322s, TimeUntilGC: 9,847s, GCWorkers: 5
[7,315s][debug  ][gc,director    ] Rule Minor: High Usage, Free: 14358MB(93,5%)
[7,322s][debug  ][gc,nmethod     ] Register NMethod: net.openhft.chronicle.core.UnsafeMemory.copyMemory (0x00007f77ef36b890) [0x00007f77ef36ba20, 0x00007f77ef36bd80] Compiler: c2, Barriers: 2, Oops: 1, ImmediateOops: 0, NonImmediateOops: No
[7,322s][debug  ][gc,nmethod     ] Register NMethod: net.openhft.chronicle.bytes.internal.BytesInternal.toByteArray (0x00007f77ef36bf90) [0x00007f77ef36c180, 0x00007f77ef36c980] Compiler: c2, Barriers: 4, Oops: 2, ImmediateOops: 0, NonImmediateOops: No
[7,322s][debug  ][gc,nmethod     ] Register NMethod: net.openhft.chronicle.core.UnsafeMemory.lambda$new$0 (0x00007f77ef36d110) [0x00007f77ef36d2a0, 0x00007f77ef36d4d0] Compiler: c2, Barriers: 0, Oops: 1, ImmediateOops: 0, NonImmediateOops: No
[7,323s][debug  ][gc,nmethod     ] Register NMethod: sun.security.provider.SHA2.implCompress0 (0x00007f77ef36d610) [0x00007f77ef36d7e0, 0x00007f77ef36e378] Compiler: c2, Barriers: 6, Oops: 3, ImmediateOops: 6, NonImmediateOops: No
[7,324s][debug  ][gc,nmethod     ] Register NMethod: net.openhft.chronicle.core.io.AbstractReferenceCounted.canReleaseInBackground (0x00007f77ef36e790) [0x00007f77ef36e920, 0x00007f77ef36e9e0] Compiler: c1, Barriers: 0, Oops: 1, ImmediateOops: 0, NonImmediateOops: No
[7,325s][debug  ][gc,nmethod     ] Register NMethod: java.util.concurrent.atomic.AtomicInteger.incrementAndGet (0x00007f77cfe6c810) [0x00007f77cfe6c9a0, 0x00007f77cfe6cab8] Compiler: c1, Barriers: 0, Oops: 0, ImmediateOops: 0, NonImmediateOops: No
[7,325s][debug  ][gc,nmethod     ] Register NMethod: jdk.internal.misc.Unsafe.getLongVolatile (0x00007f77ef36ea90) [0x00007f77ef36ec20, 0x00007f77ef36ee00] Compiler: , Barriers: 0, Oops: 0, ImmediateOops: 0, NonImmediateOops: No
[7,325s][debug  ][gc,nmethod     ] Register NMethod: net.openhft.chronicle.core.io.AbstractReferenceCounted$$Lambda/0x0000000080306e88.<init> (0x00007f77cfb42590) [0x00007f77cfb42740, 0x00007f77cfb42918] Compiler: c1, Barriers: 3, Oops: 1, ImmediateOops: 0, NonImmediateOops: No
[7,325s][debug  ][gc,nmethod     ] Register NMethod: jdk.internal.misc.Unsafe.getAndAddLong (0x00007f77cff49190) [0x00007f77cff49340, 0x00007f77cff49598] Compiler: c1, Barriers: 0, Oops: 0, ImmediateOops: 0, NonImmediateOops: No
[7,325s][debug  ][gc,nmethod     ] Register NMethod: net.openhft.chronicle.core.io.ReferenceCountedTracer.onReleased (0x00007f77cff14c90) [0x00007f77cff14e80, 0x00007f77cff15328] Compiler: c1, Barriers: 0, Oops: 1, ImmediateOops: 1, NonImmediateOops: No
[7,325s][debug  ][gc,director    ] Rule Major: Warmup 20%, Used: 964MB, UsedThreshold: 3072MB
[7,325s][debug  ][gc,director    ] Select Minor GC Workers (Not Warm), GCWorkers: 5,000
[7,325s][debug  ][gc,director    ] Rule Minor: Allocation Rate (Dynamic GC Workers), MaxAllocRate: 268,5MB/s (+/-29,5%), Free: 14354MB, GCCPUTime: 2,329, GCDuration: 0,474s, TimeUntilOOM: 41,270s, TimeUntilGC: 40,796s, GCWorkers: 5
[7,325s][debug  ][gc,director    ] Select Minor GC Workers (Not Warm), GCWorkers: 5,000
[7,325s][debug  ][gc,director    ] Rule Minor: Allocation Rate (Dynamic GC Workers), MaxAllocRate: 1074,0MB/s (+/-29,5%), Free: 14354MB, GCCPUTime: 2,329, GCDuration: 0,474s, TimeUntilOOM: 10,319s, TimeUntilGC: 9,845s, GCWorkers: 5
[7,325s][debug  ][gc,director    ] Rule Minor: High Usage, Free: 14354MB(93,5%)
[7,325s][debug  ][gc,nmethod     ] Register NMethod: net.openhft.chronicle.core.io.ReferenceChangeListenerManager.<init> (0x00007f77cfe2f190) [0x00007f77cfe2f380, 0x00007f77cfe2f928] Compiler: c1, Barriers: 12, Oops: 1, ImmediateOops: 0, NonImmediateOops: No
[7,325s][debug  ][gc,nmethod     ] Register NMethod: net.openhft.chronicle.core.io.VanillaReferenceCounted.<init> (0x00007f77cfab7710) [0x00007f77cfab7920, 0x00007f77cfab8160] Compiler: c1, Barriers: 21, Oops: 1, ImmediateOops: 0, NonImmediateOops: No
[7,326s][debug  ][gc,nmethod     ] Register NMethod: jdk.internal.misc.Unsafe.weakCompareAndSetLong (0x00007f77cfb85890) [0x00007f77cfb85a20, 0x00007f77cfb85b48] Compiler: c1, Barriers: 0, Oops: 0, ImmediateOops: 0, NonImmediateOops: No
[7,326s][debug  ][gc,nmethod     ] Register NMethod: net.openhft.chronicle.core.io.IOTools.counter (0x00007f77cfdf6210) [0x00007f77cfdf63e0, 0x00007f77cfdf6770] Compiler: c1, Barriers: 0, Oops: 4, ImmediateOops: 3, NonImmediateOops: No
[7,326s][debug  ][gc,nmethod     ] Register NMethod: net.openhft.chronicle.core.io.AbstractReferenceCounted$$Lambda/0x000000008030afc0.<init> (0x00007f77cfe4fe10) [0x00007f77cfe4ffc0, 0x00007f77cfe50198] Compiler: c1, Barriers: 3, Oops: 1, ImmediateOops: 0, NonImmediateOops: No
[7,326s][debug  ][gc,nmethod     ] Register NMethod: net.openhft.chronicle.core.io.ReferenceChangeListenerManager.callReferenceChangeListeners (0x00007f77cfcd3890) [0x00007f77cfcd3a80, 0x00007f77cfcd4098] Compiler: c1, Barriers: 3, Oops: 1, ImmediateOops: 0, NonImmediateOops: No
[7,326s][debug  ][gc,nmethod     ] Register NMethod: net.openhft.chronicle.core.io.AbstractReferenceCounted.<init> (0x00007f77cfa9e790) [0x00007f77cfa9eb20, 0x00007f77cfaa0438] Compiler: c1, Barriers: 15, Oops: 7, ImmediateOops: 16, NonImmediateOops: No
[7,327s][debug  ][gc,nmethod     ] Register NMethod: java.util.concurrent.CopyOnWriteArrayList.size (0x00007f77cfedc690) [0x00007f77cfedc820, 0x00007f77cfedc970] Compiler: c1, Barriers: 1, Oops: 0, ImmediateOops: 0, NonImmediateOops: No
[7,327s][debug  ][gc,nmethod     ] Register NMethod: java.util.concurrent.atomic.AtomicLong.get (0x00007f77ef36ee10) [0x00007f77ef36efa0, 0x00007f77ef36f068] Compiler: c1, Barriers: 0, Oops: 0, ImmediateOops: 0, NonImmediateOops: No
[7,327s][debug  ][gc,nmethod     ] Register NMethod: net.openhft.chronicle.bytes.internal.ReferenceCountedUtil.throwExceptionIfReleased (0x00007f77ef36f110) [0x00007f77ef36f2a0, 0x00007f77ef36f3f0] Compiler: c2, Barriers: 1, Oops: 1, ImmediateOops: 0, NonImmediateOops: No
[7,327s][debug  ][gc,nmethod     ] Register NMethod: sun.security.provider.SHA2.implCompress (0x00007f77ef36f510) [0x00007f77ef36f6a0, 0x00007f77ef36f808] Compiler: c2, Barriers: 1, Oops: 1, ImmediateOops: 0, NonImmediateOops: No
[7,327s][debug  ][gc,nmethod     ] Register NMethod: io.sirix.node.json.NullNode.getKind (0x00007f77ef36f990) [0x00007f77ef36fb00, 0x00007f77ef36fb80] Compiler: c2, Barriers: 0, Oops: 1, ImmediateOops: 1, NonImmediateOops: No
[7,327s][debug  ][gc,nmethod     ] Register NMethod: sun.misc.Unsafe.compareAndSwapInt (0x00007f77cfedc310) [0x00007f77cfedc4a0, 0x00007f77cfedc5c0] Compiler: c1, Barriers: 0, Oops: 0, ImmediateOops: 0, NonImmediateOops: No
[7,328s][debug  ][gc,nmethod     ] Register NMethod: net.openhft.chronicle.core.io.VanillaReferenceCounted.valueCompareAndSet (0x00007f77cff2c790) [0x00007f77cff2c940, 0x00007f77cff2cb10] Compiler: c1, Barriers: 0, Oops: 1, ImmediateOops: 1, NonImmediateOops: No
[7,328s][debug  ][gc,nmethod     ] Register NMethod: net.openhft.chronicle.core.UnsafeMemory.compareAndSwapInt (0x00007f77cfc54190) [0x00007f77cfc54340, 0x00007f77cfc54610] Compiler: c1, Barriers: 0, Oops: 1, ImmediateOops: 1, NonImmediateOops: No
[7,328s][debug  ][gc,nmethod     ] Register NMethod: jdk.internal.misc.Unsafe.convEndian (0x00007f77cfdb6090) [0x00007f77cfdb6240, 0x00007f77cfdb63b0] Compiler: c1, Barriers: 0, Oops: 0, ImmediateOops: 0, NonImmediateOops: No
[7,328s][debug  ][gc,nmethod     ] Register NMethod: java.nio.Buffer.nextPutIndex (0x00007f77cfee1d90) [0x00007f77cfee1f40, 0x00007f77cfee2160] Compiler: c1, Barriers: 0, Oops: 0, ImmediateOops: 0, NonImmediateOops: No
[7,329s][debug  ][gc,nmethod     ] Register NMethod: jdk.internal.misc.ScopedMemoryAccess.putLongUnaligned (0x00007f77cfe08410) [0x00007f77cfe08600, 0x00007f77cfe08b10] Compiler: c1, Barriers: 0, Oops: 0, ImmediateOops: 1, NonImmediateOops: No
[7,329s][debug  ][gc,nmethod     ] Register NMethod: net.openhft.chronicle.bytes.AbstractBytes.read (0x00007f77ef36fc90) [0x00007f77ef36fea0, 0x00007f77ef370270] Compiler: c2, Barriers: 2, Oops: 1, ImmediateOops: 0, NonImmediateOops: No
[7,329s][debug  ][gc,nmethod     ] Register NMethod: jdk.internal.misc.Unsafe.putLongUnaligned (0x00007f77cfe86690) [0x00007f77cfe86840, 0x00007f77cfe86a58] Compiler: c1, Barriers: 0, Oops: 0, ImmediateOops: 0, NonImmediateOops: No
[7,329s][debug  ][gc,nmethod     ] Register NMethod: jdk.internal.misc.ScopedMemoryAccess.putLongUnalignedInternal (0x00007f77cfaf0390) [0x00007f77cfaf0560, 0x00007f77cfaf08f8] Compiler: c1, Barriers: 0, Oops: 0, ImmediateOops: 1, NonImmediateOops: No
[7,329s][debug  ][gc,nmethod     ] Register NMethod: net.openhft.chronicle.bytes.internal.NativeBytesStore.realCapacity (0x00007f77ef370610) [0x00007f77ef3707a0, 0x00007f77ef370860] Compiler: c1, Barriers: 0, Oops: 1, ImmediateOops: 0, NonImmediateOops: No
[7,329s][debug  ][gc,nmethod     ] Register NMethod: jdk.internal.misc.Unsafe.putLongUnaligned (0x00007f77cfe29310) [0x00007f77cfe29500, 0x00007f77cfe29a80] Compiler: c1, Barriers: 0, Oops: 0, ImmediateOops: 0, NonImmediateOops: No
[7,331s][debug  ][gc,nmethod     ] Register NMethod: net.jpountz.lz4.LZ4BlockOutputStream.writeIntLE (0x00007f77cfe86010) [0x00007f77cfe861a0, 0x00007f77cfe86328] Compiler: c1, Barriers: 0, Oops: 1, ImmediateOops: 0, NonImmediateOops: No
[7,331s][debug  ][gc,nmethod     ] Register NMethod: java.nio.ByteBuffer.limit (0x00007f77cfdb5c90) [0x00007f77cfdb5e40, 0x00007f77cfdb5ff8] Compiler: c1, Barriers: 0, Oops: 0, ImmediateOops: 0, NonImmediateOops: No
[7,331s][debug  ][gc,nmethod     ] Register NMethod: java.nio.HeapByteBuffer.putLong (0x00007f77cfe54010) [0x00007f77cfe54280, 0x00007f77cfe54cb0] Compiler: c1, Barriers: 2, Oops: 1, ImmediateOops: 2, NonImmediateOops: No
[7,331s][debug  ][gc,nmethod     ] Register NMethod: java.nio.HeapByteBuffer.byteOffset (0x00007f77ef370910) [0x00007f77ef370a80, 0x00007f77ef370b00] Compiler: c2, Barriers: 0, Oops: 0, ImmediateOops: 0, NonImmediateOops: No
[7,331s][debug  ][gc,nmethod     ] Register NMethod: net.openhft.chronicle.bytes.VanillaBytes.<init> (0x00007f77cfe28f10) [0x00007f77cfe290c0, 0x00007f77cfe29200] Compiler: c1, Barriers: 0, Oops: 1, ImmediateOops: 0, NonImmediateOops: No
[7,331s][debug  ][gc,nmethod     ] Register NMethod: net.openhft.chronicle.bytes.internal.NativeBytesStore.isDirectMemory (0x00007f77ef370c10) [0x00007f77ef370da0, 0x00007f77ef370e60] Compiler: c1, Barriers: 0, Oops: 1, ImmediateOops: 0, NonImmediateOops: No
[7,331s][debug  ][gc,nmethod     ] Register NMethod: net.openhft.chronicle.bytes.AbstractBytes.<init> (0x00007f77cfaeff90) [0x00007f77cfaf0140, 0x00007f77cfaf0288] Compiler: c1, Barriers: 0, Oops: 1, ImmediateOops: 1, NonImmediateOops: No
[7,332s][debug  ][gc,nmethod     ] Register NMethod: net.openhft.chronicle.core.io.AbstractReferenceCounted.reserve (0x00007f77cff4ac10) [0x00007f77cff4adc0, 0x00007f77cff4af88] Compiler: c1, Barriers: 1, Oops: 1, ImmediateOops: 0, NonImmediateOops: No
[7,333s][debug  ][gc,nmethod     ] Register NMethod: net.openhft.chronicle.core.io.VanillaReferenceCounted.reserve (0x00007f77cfa45f90) [0x00007f77cfa46240, 0x00007f77cfa46d90] Compiler: c1, Barriers: 3, Oops: 4, ImmediateOops: 3, NonImmediateOops: No
[7,333s][debug  ][gc,nmethod     ] Register NMethod: net.openhft.chronicle.bytes.AbstractBytes$UncheckedRandomDataInputHolder.<init> (0x00007f77cff4a710) [0x00007f77cff4a8c0, 0x00007f77cff4aaf8] Compiler: c1, Barriers: 3, Oops: 1, ImmediateOops: 0, NonImmediateOops: No
[7,333s][debug  ][gc,nmethod     ] Register NMethod: java.nio.Buffer.nextPutIndex (0x00007f77cff4a010) [0x00007f77cff4a1c0, 0x00007f77cff4a3e0] Compiler: c1, Barriers: 0, Oops: 0, ImmediateOops: 0, NonImmediateOops: No
[7,333s][debug  ][gc,nmethod     ] Register NMethod: net.openhft.chronicle.bytes.internal.BytesInternal.toByteArray (0x00007f77ef370f10) [0x00007f77ef371140, 0x00007f77ef371740] Compiler: c2, Barriers: 3, Oops: 1, ImmediateOops: 0, NonImmediateOops: No
[7,333s][debug  ][gc,nmethod     ] Register NMethod: net.openhft.chronicle.bytes.AbstractBytes$UncheckedRandomDataInputHolder.<init> (0x00007f77cfe8e910) [0x00007f77cfe8eac0, 0x00007f77cfe8ec98] Compiler: c1, Barriers: 3, Oops: 1, ImmediateOops: 0, NonImmediateOops: No
[7,333s][debug  ][gc,nmethod     ] Register NMethod: net.openhft.chronicle.core.io.ReferenceChangeListenerManager.notifyAdded (0x00007f77cfe8e390) [0x00007f77cfe8e560, 0x00007f77cfe8e7f0] Compiler: c1, Barriers: 0, Oops: 3, ImmediateOops: 2, NonImmediateOops: No
[7,333s][debug  ][gc,nmethod     ] Register NMethod: net.openhft.chronicle.bytes.RandomCommon.writeLimit (0x00007f77cfe8df90) [0x00007f77cfe8e140, 0x00007f77cfe8e2f8] Compiler: c1, Barriers: 0, Oops: 1, ImmediateOops: 0, NonImmediateOops: No
[7,334s][debug  ][gc,nmethod     ] Register NMethod: sun.misc.Unsafe.putByte (0x00007f77cfe8db90) [0x00007f77cfe8dd20, 0x00007f77cfe8de98] Compiler: c1, Barriers: 0, Oops: 1, ImmediateOops: 1, NonImmediateOops: No
[7,334s][debug  ][gc,nmethod     ] Register NMethod: net.openhft.chronicle.bytes.internal.NativeBytesStore.writeByte (0x00007f77cff39790) [0x00007f77cff39960, 0x00007f77cff39cf8] Compiler: c1, Barriers: 1, Oops: 2, ImmediateOops: 2, NonImmediateOops: No
[7,334s][debug  ][gc,nmethod     ] Register NMethod: net.openhft.chronicle.core.UnsafeMemory.writeByte (0x00007f77cff39310) [0x00007f77cff394c0, 0x00007f77cff396a8] Compiler: c1, Barriers: 0, Oops: 2, ImmediateOops: 2, NonImmediateOops: No
[7,334s][debug  ][gc,nmethod     ] Register NMethod: net.openhft.chronicle.bytes.RandomDataInput.toByteArray (0x00007f77ef371d10) [0x00007f77ef371f40, 0x00007f77ef372538] Compiler: c2, Barriers: 3, Oops: 1, ImmediateOops: 0, NonImmediateOops: No
[7,334s][debug  ][gc,nmethod     ] Register NMethod: java.nio.ByteBuffer.order (0x00007f77cff38d10) [0x00007f77cff38ec0, 0x00007f77cff39100] Compiler: c1, Barriers: 0, Oops: 0, ImmediateOops: 1, NonImmediateOops: No
[7,334s][debug  ][gc,nmethod     ] Register NMethod: net.openhft.chronicle.core.Jvm.isResourceTracing (0x00007f77cfb85590) [0x00007f77cfb85720, 0x00007f77cfb85818] Compiler: c1, Barriers: 0, Oops: 1, ImmediateOops: 1, NonImmediateOops: No
[7,334s][debug  ][gc,nmethod     ] Register NMethod: net.openhft.chronicle.bytes.AbstractBytes.<init> (0x00007f77cfea7990) [0x00007f77cfea7bc0, 0x00007f77cfea8430] Compiler: c1, Barriers: 12, Oops: 1, ImmediateOops: 1, NonImmediateOops: No
[7,335s][debug  ][gc,nmethod     ] Register NMethod: java.util.concurrent.CopyOnWriteArrayList.<init> (0x00007f77cfea7310) [0x00007f77cfea74c0, 0x00007f77cfea7868] Compiler: c1, Barriers: 6, Oops: 0, ImmediateOops: 0, NonImmediateOops: No
[7,335s][debug  ][gc,nmethod     ] Register NMethod: net.openhft.chronicle.bytes.internal.BytesInternal.failIfBytesOnBytes (0x00007f77cfe0f490) [0x00007f77cfe0f6e0, 0x00007f77cfe0ff70] Compiler: c1, Barriers: 1, Oops: 2, ImmediateOops: 1, NonImmediateOops: No
[7,335s][debug  ][gc,nmethod     ] Register NMethod: java.io.OutputStream.<init> (0x00007f77cfaefc10) [0x00007f77cfaefda0, 0x00007f77cfaeff00] Compiler: c1, Barriers: 0, Oops: 0, ImmediateOops: 0, NonImmediateOops: No
[7,335s][debug  ][gc,nmethod     ] Register NMethod: java.nio.ByteBuffer.allocate (0x00007f77cfe0ee90) [0x00007f77cfe0f040, 0x00007f77cfe0f250] Compiler: c1, Barriers: 0, Oops: 0, ImmediateOops: 0, NonImmediateOops: No
[7,335s][debug  ][gc,director    ] Rule Major: Warmup 20%, Used: 970MB, UsedThreshold: 3072MB
[7,335s][debug  ][gc,director    ] Select Minor GC Workers (Not Warm), GCWorkers: 5,000
[7,335s][debug  ][gc,director    ] Rule Minor: Allocation Rate (Dynamic GC Workers), MaxAllocRate: 268,5MB/s (+/-29,5%), Free: 14348MB, GCCPUTime: 2,329, GCDuration: 0,474s, TimeUntilOOM: 41,253s, TimeUntilGC: 40,778s, GCWorkers: 5
[7,336s][debug  ][gc,director    ] Select Minor GC Workers (Not Warm), GCWorkers: 5,000
[7,336s][debug  ][gc,director    ] Rule Minor: Allocation Rate (Dynamic GC Workers), MaxAllocRate: 1074,0MB/s (+/-29,5%), Free: 14348MB, GCCPUTime: 2,329, GCDuration: 0,474s, TimeUntilOOM: 10,315s, TimeUntilGC: 9,840s, GCWorkers: 5
[7,336s][debug  ][gc,director    ] Rule Minor: High Usage, Free: 14348MB(93,4%)
[7,336s][debug  ][gc,nmethod     ] Register NMethod: io.sirix.page.KeyValueLeafPage.processEntries (0x00007f77cfa9c690) [0x00007f77cfa9c980, 0x00007f77cfa9db30] Compiler: c1, Barriers: 16, Oops: 1, ImmediateOops: 1, NonImmediateOops: No
[7,337s][debug  ][gc,nmethod     ] Register NMethod: java.nio.HeapByteBuffer.<init> (0x00007f77cfa3a110) [0x00007f77cfa3a2c0, 0x00007f77cfa3a4d0] Compiler: c1, Barriers: 0, Oops: 0, ImmediateOops: 0, NonImmediateOops: No
[7,337s][debug  ][gc,nmethod     ] Register NMethod: jdk.internal.misc.Unsafe.putShort (0x00007f77ef372a90) [0x00007f77ef372c20, 0x00007f77ef372de8] Compiler: , Barriers: 0, Oops: 0, ImmediateOops: 0, NonImmediateOops: No
[7,337s][debug  ][gc,nmethod     ] Register NMethod: java.util.concurrent.ConcurrentHashMap$EntrySpliterator.characteristics (0x00007f77ef372e10) [0x00007f77ef372fa0, 0x00007f77ef373060] Compiler: c1, Barriers: 0, Oops: 0, ImmediateOops: 0, NonImmediateOops: No
[7,337s][debug  ][gc,nmethod     ] Register NMethod: java.nio.HeapByteBuffer.isDirect (0x00007f77ef373110) [0x00007f77ef3732a0, 0x00007f77ef373360] Compiler: c1, Barriers: 0, Oops: 0, ImmediateOops: 0, NonImmediateOops: No
[7,337s][debug  ][gc,nmethod     ] Register NMethod: io.sirix.page.KeyValueLeafPage.processEntries (0x00007f77cfa70a10) [0x00007f77cfa70d00, 0x00007f77cfa71d38] Compiler: c1, Barriers: 16, Oops: 1, ImmediateOops: 1, NonImmediateOops: No
[7,338s][debug  ][gc,nmethod     ] Register NMethod: io.sirix.node.json.NumberNode.getKind (0x00007f77ef373410) [0x00007f77ef373580, 0x00007f77ef373600] Compiler: c2, Barriers: 0, Oops: 1, ImmediateOops: 1, NonImmediateOops: No
[7,338s][debug  ][gc,nmethod     ] Register NMethod: net.openhft.chronicle.bytes.AbstractBytes.bytesStore (0x00007f77cfa39d10) [0x00007f77cfa39ec0, 0x00007f77cfa3a078] Compiler: c1, Barriers: 3, Oops: 1, ImmediateOops: 0, NonImmediateOops: No
[7,338s][debug  ][gc,nmethod     ] Register NMethod: java.nio.MappedByteBuffer.position (0x00007f77cfa39890) [0x00007f77cfa39a40, 0x00007f77cfa39bf0] Compiler: c1, Barriers: 0, Oops: 0, ImmediateOops: 0, NonImmediateOops: No
[7,338s][debug  ][gc,nmethod     ] Register NMethod: io.sirix.node.NodeKind$29.serialize (0x00007f77ef373710) [0x00007f77ef3738e0, 0x00007f77ef373be0] Compiler: c2, Barriers: 6, Oops: 1, ImmediateOops: 0, NonImmediateOops: No
[7,338s][debug  ][gc,nmethod     ] Register NMethod: net.openhft.chronicle.bytes.NativeBytes.bytesStore (0x00007f77cfa38f90) [0x00007f77cfa39160, 0x00007f77cfa39550] Compiler: c1, Barriers: 3, Oops: 1, ImmediateOops: 0, NonImmediateOops: No
[7,338s][debug  ][gc,nmethod     ] Register NMethod: net.openhft.chronicle.bytes.RandomCommon.writePosition (0x00007f77cff23d90) [0x00007f77cff23f40, 0x00007f77cff240f8] Compiler: c1, Barriers: 0, Oops: 1, ImmediateOops: 0, NonImmediateOops: No
[7,338s][debug  ][gc,nmethod     ] Register NMethod: net.openhft.chronicle.bytes.internal.AbstractBytesStore.<init> (0x00007f77cff23a10) [0x00007f77cff23bc0, 0x00007f77cff23d00] Compiler: c1, Barriers: 0, Oops: 1, ImmediateOops: 0, NonImmediateOops: No
[7,338s][debug  ][gc,nmethod     ] Register NMethod: java.io.OutputStream.flush (0x00007f77cfe28c10) [0x00007f77cfe28da0, 0x00007f77cfe28ea8] Compiler: c1, Barriers: 0, Oops: 0, ImmediateOops: 0, NonImmediateOops: No
[7,339s][debug  ][gc,nmethod     ] Register NMethod: java.nio.HeapByteBuffer.put (0x00007f77cff23310) [0x00007f77cff234e0, 0x00007f77cff23840] Compiler: c1, Barriers: 1, Oops: 0, ImmediateOops: 0, NonImmediateOops: No
[7,339s][debug  ][gc,nmethod     ] Register NMethod: sun.security.provider.DigestBase.engineGetDigestLength (0x00007f77ef373f10) [0x00007f77ef3740a0, 0x00007f77ef374160] Compiler: c1, Barriers: 0, Oops: 0, ImmediateOops: 0, NonImmediateOops: No
[7,339s][debug  ][gc,nmethod     ] Register NMethod: io.sirix.page.PageKind$1.serializePage (0x00007f77cff04b10) [0x00007f77cff05700, 0x00007f77cff0d508] Compiler: c1, Barriers: 42, Oops: 8, ImmediateOops: 12, NonImmediateOops: No
[7,339s][debug  ][gc,nmethod     ] Register NMethod: io.sirix.node.NodeKind$26.serialize (0x00007f77ef374210) [0x00007f77ef374500, 0x00007f77ef375600] Compiler: c2, Barriers: 19, Oops: 2, ImmediateOops: 0, NonImmediateOops: No
[7,340s][debug  ][gc,nmethod     ] Register NMethod: net.openhft.chronicle.core.io.VanillaReferenceCounted.release (0x00007f77cfe2a790) [0x00007f77cfe2aa60, 0x00007f77cfe2b648] Compiler: c1, Barriers: 3, Oops: 4, ImmediateOops: 3, NonImmediateOops: No
[7,340s][debug  ][gc,nmethod     ] Register NMethod: net.openhft.chronicle.bytes.internal.AbstractBytesStore.canReleaseInBackground (0x00007f77cfe2a290) [0x00007f77cfe2a440, 0x00007f77cfe2a5f8] Compiler: c1, Barriers: 0, Oops: 1, ImmediateOops: 0, NonImmediateOops: No
[7,340s][debug  ][gc,nmethod     ] Register NMethod: net.openhft.chronicle.core.io.AbstractReferenceCounted.release (0x00007f77cff22e90) [0x00007f77cff23040, 0x00007f77cff231f8] Compiler: c1, Barriers: 1, Oops: 1, ImmediateOops: 0, NonImmediateOops: No
[7,340s][debug  ][gc,nmethod     ] Register NMethod: jdk.internal.misc.Unsafe.checkNativeAddress (0x00007f77cfa5e010) [0x00007f77cfa5e1a0, 0x00007f77cfa5e2b8] Compiler: c1, Barriers: 0, Oops: 0, ImmediateOops: 0, NonImmediateOops: No
[7,340s][debug  ][gc,nmethod     ] Register NMethod: java.util.ImmutableCollections$ListItr.hasNext (0x00007f77cfa5dc90) [0x00007f77cfa5de20, 0x00007f77cfa5df88] Compiler: c1, Barriers: 0, Oops: 0, ImmediateOops: 0, NonImmediateOops: No
[7,340s][debug  ][gc,nmethod     ] Register NMethod: net.openhft.chronicle.core.io.ReferenceChangeListenerManager.notifyRemoved (0x00007f77cfa5d710) [0x00007f77cfa5d8e0, 0x00007f77cfa5db70] Compiler: c1, Barriers: 0, Oops: 3, ImmediateOops: 2, NonImmediateOops: No
[7,341s][debug  ][gc,nmethod     ] Register NMethod: java.util.BitSet.toByteArray (0x00007f77cfaee990) [0x00007f77cfaeebc0, 0x00007f77cfaef468] Compiler: c1, Barriers: 3, Oops: 0, ImmediateOops: 1, NonImmediateOops: No
[7,342s][debug  ][gc,nmethod     ] Register NMethod: java.util.stream.ReferencePipeline$StatefulOp.opIsStateful (0x00007f77ef376290) [0x00007f77ef376420, 0x00007f77ef3764e0] Compiler: c1, Barriers: 0, Oops: 0, ImmediateOops: 0, NonImmediateOops: No
[7,342s][debug  ][gc,nmethod     ] Register NMethod: io.sirix.node.NodeKind.serializeValDelegate (0x00007f77ef376590) [0x00007f77ef376820, 0x00007f77ef3773c0] Compiler: c2, Barriers: 12, Oops: 2, ImmediateOops: 0, NonImmediateOops: No
[7,344s][debug  ][gc,nmethod     ] Register NMethod: net.jpountz.xxhash.XXHashJNI.XXH32_init (0x00007f77ef377d90) [0x00007f77ef377f20, 0x00007f77ef3780f8] Compiler: , Barriers: 0, Oops: 1, ImmediateOops: 1, NonImmediateOops: No
[7,345s][debug  ][gc,nmethod     ] Register NMethod: java.util.ImmutableCollections$ListN.size (0x00007f77ef378110) [0x00007f77ef3782a0, 0x00007f77ef378368] Compiler: c2, Barriers: 1, Oops: 0, ImmediateOops: 0, NonImmediateOops: No
[7,346s][debug  ][gc,director    ] Rule Major: Warmup 20%, Used: 972MB, UsedThreshold: 3072MB
[7,346s][debug  ][gc,director    ] Select Minor GC Workers (Not Warm), GCWorkers: 5,000
[7,346s][debug  ][gc,nmethod     ] Register NMethod: java.util.concurrent.ConcurrentHashMap$Traverser.<init> (0x00007f77cfaee490) [0x00007f77cfaee640, 0x00007f77cfaee8a8] Compiler: c1, Barriers: 6, Oops: 0, ImmediateOops: 0, NonImmediateOops: No
[7,346s][debug  ][gc,nmethod     ] Register NMethod: net.jpountz.xxhash.StreamingXXHash32JNI.checkState (0x00007f77cfaede90) [0x00007f77cfaee040, 0x00007f77cfaee260] Compiler: c1, Barriers: 0, Oops: 1, ImmediateOops: 1, NonImmediateOops: No
[7,346s][debug  ][gc,nmethod     ] Register NMethod: net.jpountz.util.SafeUtils.checkRange (0x00007f77cfa5ca10) [0x00007f77cfa5cc20, 0x00007f77cfa5d210] Compiler: c1, Barriers: 0, Oops: 1, ImmediateOops: 1, NonImmediateOops: No
[7,347s][debug  ][gc,nmethod     ] Register NMethod: io.sirix.node.json.BooleanNode.getKind (0x00007f77ef378410) [0x00007f77ef378580, 0x00007f77ef378600] Compiler: c2, Barriers: 0, Oops: 1, ImmediateOops: 1, NonImmediateOops: No
[7,346s][debug  ][gc,director    ] Rule Minor: Allocation Rate (Dynamic GC Workers), MaxAllocRate: 268,5MB/s (+/-29,5%), Free: 14346MB, GCCPUTime: 2,329, GCDuration: 0,474s, TimeUntilOOM: 41,247s, TimeUntilGC: 40,773s, GCWorkers: 5
[7,347s][debug  ][gc,director    ] Select Minor GC Workers (Not Warm), GCWorkers: 5,000
[7,347s][debug  ][gc,director    ] Rule Minor: Allocation Rate (Dynamic GC Workers), MaxAllocRate: 1074,0MB/s (+/-29,5%), Free: 14346MB, GCCPUTime: 2,329, GCDuration: 0,474s, TimeUntilOOM: 10,313s, TimeUntilGC: 9,839s, GCWorkers: 5
[7,347s][debug  ][gc,director    ] Rule Minor: High Usage, Free: 14346MB(93,4%)
[7,347s][debug  ][gc,nmethod     ] Register NMethod: net.jpountz.util.SafeUtils.checkLength (0x00007f77cfe2d390) [0x00007f77cfe2d540, 0x00007f77cfe2d730] Compiler: c1, Barriers: 0, Oops: 1, ImmediateOops: 1, NonImmediateOops: No
[7,347s][debug  ][gc,nmethod     ] Register NMethod: java.util.ImmutableCollections$AbstractImmutableList.iterator (0x00007f77cfe2cd10) [0x00007f77cfe2cee0, 0x00007f77cfe2d250] Compiler: c1, Barriers: 3, Oops: 0, ImmediateOops: 0, NonImmediateOops: No
[7,347s][debug  ][gc,nmethod     ] Register NMethod: net.jpountz.util.Native.isLoaded (0x00007f77cfe2c910) [0x00007f77cfe2caa0, 0x00007f77cfe2cc68] Compiler: c1, Barriers: 0, Oops: 1, ImmediateOops: 2, NonImmediateOops: No
[7,347s][debug  ][gc,nmethod     ] Register NMethod: io.sirix.access.ResourceConfiguration.getBinaryEncodingVersion (0x00007f77ef378710) [0x00007f77ef3788a0, 0x00007f77ef378990] Compiler: c1, Barriers: 1, Oops: 1, ImmediateOops: 0, NonImmediateOops: No
[7,347s][debug  ][gc,nmethod     ] Register NMethod: io.sirix.BinaryEncodingVersion.byteVersion (0x00007f77ef378a10) [0x00007f77ef378ba0, 0x00007f77ef378c68] Compiler: c1, Barriers: 0, Oops: 1, ImmediateOops: 0, NonImmediateOops: No
[7,347s][debug  ][gc,nmethod     ] Register NMethod: io.sirix.page.KeyValueLeafPage.getPageKey (0x00007f77ef378d10) [0x00007f77ef378ea0, 0x00007f77ef378f60] Compiler: c1, Barriers: 0, Oops: 1, ImmediateOops: 0, NonImmediateOops: No
[7,347s][debug  ][gc,nmethod     ] Register NMethod: io.sirix.page.KeyValueLeafPage.getIndexType (0x00007f77ef379010) [0x00007f77ef3791a0, 0x00007f77ef379290] Compiler: c1, Barriers: 1, Oops: 1, ImmediateOops: 0, NonImmediateOops: No
[7,347s][debug  ][gc,nmethod     ] Register NMethod: io.sirix.page.KeyValueLeafPage.getBytes (0x00007f77ef379310) [0x00007f77ef3794a0, 0x00007f77ef379590] Compiler: c1, Barriers: 1, Oops: 1, ImmediateOops: 0, NonImmediateOops: No
[7,347s][debug  ][gc,nmethod     ] Register NMethod: net.openhft.chronicle.bytes.NativeBytes.isElastic (0x00007f77ef379610) [0x00007f77ef3797a0, 0x00007f77ef379860] Compiler: c1, Barriers: 0, Oops: 1, ImmediateOops: 0, NonImmediateOops: No
[7,347s][debug  ][gc,nmethod     ] Register NMethod: io.sirix.page.KeyValueLeafPage.getResourceConfig (0x00007f77ef379910) [0x00007f77ef379aa0, 0x00007f77ef379b90] Compiler: c1, Barriers: 1, Oops: 1, ImmediateOops: 0, NonImmediateOops: No
[7,347s][debug  ][gc,nmethod     ] Register NMethod: io.sirix.page.KeyValueLeafPage.getDeweyIds (0x00007f77ef379c10) [0x00007f77ef379da0, 0x00007f77ef379e90] Compiler: c1, Barriers: 1, Oops: 1, ImmediateOops: 0, NonImmediateOops: No
[7,347s][debug  ][gc,nmethod     ] Register NMethod: io.sirix.page.KeyValueLeafPage.getSlots (0x00007f77ef379f10) [0x00007f77ef37a0a0, 0x00007f77ef37a190] Compiler: c1, Barriers: 1, Oops: 1, ImmediateOops: 0, NonImmediateOops: No
[7,347s][debug  ][gc,nmethod     ] Register NMethod: io.sirix.page.KeyValueLeafPage.getReferencesMap (0x00007f77ef37a210) [0x00007f77ef37a3a0, 0x00007f77ef37a490] Compiler: c1, Barriers: 1, Oops: 1, ImmediateOops: 0, NonImmediateOops: No
[7,348s][debug  ][gc,nmethod     ] Register NMethod: java.util.ImmutableCollections$ListItr.<init> (0x00007f77cfe2c490) [0x00007f77cfe2c640, 0x00007f77cfe2c828] Compiler: c1, Barriers: 3, Oops: 0, ImmediateOops: 0, NonImmediateOops: No
[7,348s][debug  ][gc,nmethod     ] Register NMethod: io.sirix.node.xml.AbstractStructForwardingNode.getChildCount (0x00007f77ef37a510) [0x00007f77ef37a6a0, 0x00007f77ef37a790] Compiler: c2, Barriers: 1, Oops: 1, ImmediateOops: 0, NonImmediateOops: No
[7,348s][debug  ][gc,nmethod     ] Register NMethod: java.util.BitSet.<init> (0x00007f77cfe8c890) [0x00007f77cfe8cae0, 0x00007f77cfe8d2a8] Compiler: c1, Barriers: 3, Oops: 1, ImmediateOops: 1, NonImmediateOops: No
[7,348s][debug  ][gc,nmethod     ] Register NMethod: java.util.stream.AbstractSpinedBuffer.count (0x00007f77cfe2be90) [0x00007f77cfe2c040, 0x00007f77cfe2c230] Compiler: c1, Barriers: 1, Oops: 0, ImmediateOops: 0, NonImmediateOops: No
[7,349s][debug  ][gc,nmethod     ] Register NMethod: io.sirix.page.PageKind$1.serializePage (0x00007f77cfe5f990) [0x00007f77cfe60560, 0x00007f77cfe67f68] Compiler: c1, Barriers: 42, Oops: 8, ImmediateOops: 12, NonImmediateOops: No
[7,349s][debug  ][gc,nmethod     ] Register NMethod: com.google.common.base.Preconditions.checkPositionIndexes (0x00007f77cfe8c310) [0x00007f77cfe8c4e0, 0x00007f77cfe8c798] Compiler: c1, Barriers: 0, Oops: 1, ImmediateOops: 0, NonImmediateOops: No
[7,349s][debug  ][gc,nmethod     ] Register NMethod: sun.security.provider.DigestBase.implCompressMultiBlock0 (0x00007f77cfe8bc90) [0x00007f77cfe8be40, 0x00007f77cfe8c0d8] Compiler: c1, Barriers: 0, Oops: 0, ImmediateOops: 0, NonImmediateOops: No
[7,349s][debug  ][gc,nmethod     ] Register NMethod: java.io.DataOutputStream.flush (0x00007f77cfb6f790) [0x00007f77cfb6f940, 0x00007f77cfb6fb38] Compiler: c1, Barriers: 1, Oops: 0, ImmediateOops: 0, NonImmediateOops: No
[7,350s][debug  ][gc,nmethod     ] Register NMethod: net.jpountz.lz4.LZ4BlockOutputStream.flush (0x00007f77cfb6f210) [0x00007f77cfb6f3e0, 0x00007f77cfb6f6d0] Compiler: c1, Barriers: 2, Oops: 1, ImmediateOops: 0, NonImmediateOops: No
[7,350s][debug  ][gc,nmethod     ] Register NMethod: net.openhft.chronicle.bytes.VanillaBytes.bytesForRead (0x00007f77cfb6e110) [0x00007f77cfb6e360, 0x00007f77cfb6ee68] Compiler: c1, Barriers: 3, Oops: 1, ImmediateOops: 1, NonImmediateOops: No
[7,351s][debug  ][gc,nmethod     ] Register NMethod: net.openhft.chronicle.bytes.internal.NativeBytesStore.writeShort (0x00007f77cfecac10) [0x00007f77cfecade0, 0x00007f77cfecb178] Compiler: c1, Barriers: 1, Oops: 2, ImmediateOops: 2, NonImmediateOops: No
[7,351s][debug  ][gc,nmethod     ] Register NMethod: net.jpountz.lz4.LZ4Factory.fastCompressor (0x00007f77ef37a890) [0x00007f77ef37aa20, 0x00007f77ef37ab10] Compiler: c1, Barriers: 1, Oops: 1, ImmediateOops: 0, NonImmediateOops: No
[7,351s][debug  ][gc,nmethod     ] Register NMethod: net.openhft.chronicle.bytes.internal.NativeBytesStore.writeShort (0x00007f77cfeca810) [0x00007f77cfeca9c0, 0x00007f77cfecab10] Compiler: c1, Barriers: 0, Oops: 1, ImmediateOops: 0, NonImmediateOops: No
[7,352s][debug  ][gc,nmethod     ] Register NMethod: net.openhft.chronicle.core.UnsafeMemory.writeShort (0x00007f77cfeca390) [0x00007f77cfeca540, 0x00007f77cfeca728] Compiler: c1, Barriers: 0, Oops: 2, ImmediateOops: 2, NonImmediateOops: No
[7,352s][debug  ][gc,nmethod     ] Register NMethod: sun.misc.Unsafe.putShort (0x00007f77cfec9f90) [0x00007f77cfeca120, 0x00007f77cfeca298] Compiler: c1, Barriers: 0, Oops: 1, ImmediateOops: 1, NonImmediateOops: No
[7,352s][debug  ][gc,nmethod     ] Register NMethod: jdk.internal.misc.Unsafe.putShort (0x00007f77cfec9c10) [0x00007f77cfec9da0, 0x00007f77cfec9eb0] Compiler: c1, Barriers: 0, Oops: 0, ImmediateOops: 0, NonImmediateOops: No
[7,352s][debug  ][gc,nmethod     ] Register NMethod: java.util.stream.Node.getChildCount (0x00007f77ef37ab90) [0x00007f77ef37ad20, 0x00007f77ef37ade0] Compiler: c1, Barriers: 0, Oops: 0, ImmediateOops: 0, NonImmediateOops: No
[7,352s][debug  ][gc,nmethod     ] Register NMethod: net.jpountz.lz4.LZ4BlockOutputStream.ensureNotFinished (0x00007f77cfa6c010) [0x00007f77cfa6c1c0, 0x00007f77cfa6c3e0] Compiler: c1, Barriers: 0, Oops: 1, ImmediateOops: 1, NonImmediateOops: No
[7,357s][debug  ][gc,director    ] Rule Major: Warmup 20%, Used: 990MB, UsedThreshold: 3072MB
[7,357s][debug  ][gc,director    ] Select Minor GC Workers (Not Warm), GCWorkers: 5,000
[7,357s][debug  ][gc,director    ] Rule Minor: Allocation Rate (Dynamic GC Workers), MaxAllocRate: 268,5MB/s (+/-29,5%), Free: 14328MB, GCCPUTime: 2,329, GCDuration: 0,474s, TimeUntilOOM: 41,195s, TimeUntilGC: 40,721s, GCWorkers: 5
[7,357s][debug  ][gc,director    ] Select Minor GC Workers (Not Warm), GCWorkers: 5,000
[7,357s][debug  ][gc,director    ] Rule Minor: Allocation Rate (Dynamic GC Workers), MaxAllocRate: 1074,0MB/s (+/-29,5%), Free: 14328MB, GCCPUTime: 2,329, GCDuration: 0,474s, TimeUntilOOM: 10,300s, TimeUntilGC: 9,826s, GCWorkers: 5
[7,357s][debug  ][gc,director    ] Rule Minor: High Usage, Free: 14328MB(93,3%)
[7,357s][debug  ][gc,nmethod     ] Register NMethod: net.openhft.chronicle.bytes.AbstractBytes.writeShort (0x00007f77cfa6bb10) [0x00007f77cfa6bcc0, 0x00007f77cfa6bf18] Compiler: c1, Barriers: 1, Oops: 1, ImmediateOops: 0, NonImmediateOops: No
[7,357s][debug  ][gc,nmethod     ] Register NMethod: io.sirix.node.NodeKind$27.serialize (0x00007f77ef37ae90) [0x00007f77ef37b0e0, 0x00007f77ef37b8d8] Compiler: c2, Barriers: 11, Oops: 1, ImmediateOops: 0, NonImmediateOops: No
[7,358s][debug  ][gc,nmethod     ] Register NMethod: io.sirix.page.PageKind$1.serializePage (0x00007f77cfc70590) [0x00007f77cfc71160, 0x00007f77cfc78de0] Compiler: c1, Barriers: 42, Oops: 8, ImmediateOops: 12, NonImmediateOops: No
[7,358s][debug  ][gc,nmethod     ] Register NMethod: java.nio.MappedByteBuffer.limit (0x00007f77cfa6b690) [0x00007f77cfa6b840, 0x00007f77cfa6b9f0] Compiler: c1, Barriers: 0, Oops: 0, ImmediateOops: 0, NonImmediateOops: No
[7,358s][debug  ][gc,nmethod     ] Register NMethod: java.util.concurrent.atomic.AtomicInteger.incrementAndGet (0x00007f77ef37c110) [0x00007f77ef37c280, 0x00007f77ef37c308] Compiler: c2, Barriers: 0, Oops: 0, ImmediateOops: 0, NonImmediateOops: No
[7,358s][debug  ][gc,nmethod     ] Register NMethod: net.openhft.chronicle.bytes.BytesStore.copyTo (0x00007f77cff03410) [0x00007f77cff036e0, 0x00007f77cff04670] Compiler: c1, Barriers: 1, Oops: 1, ImmediateOops: 0, NonImmediateOops: No
[7,359s][debug  ][gc,nmethod     ] Register NMethod: net.openhft.chronicle.bytes.AbstractBytes.start (0x00007f77ef37c410) [0x00007f77ef37c5a0, 0x00007f77ef37c690] Compiler: c2, Barriers: 1, Oops: 1, ImmediateOops: 0, NonImmediateOops: No
[7,359s][debug  ][gc,nmethod     ] Register NMethod: java.lang.ref.Reference.<init> (0x00007f77ef37c790) [0x00007f77ef37c920, 0x00007f77ef37cae8] Compiler: c2, Barriers: 6, Oops: 0, ImmediateOops: 1, NonImmediateOops: No
[7,359s][debug  ][gc,nmethod     ] Register NMethod: java.util.concurrent.ConcurrentHashMap.sumCount (0x00007f77cff02e90) [0x00007f77cff03040, 0x00007f77cff03300] Compiler: c1, Barriers: 2, Oops: 0, ImmediateOops: 0, NonImmediateOops: No
[7,360s][debug  ][gc,nmethod     ] Register NMethod: io.sirix.page.KeyValueLeafPage.processEntries (0x00007f77ef37cb90) [0x00007f77ef37cda0, 0x00007f77ef37d4f0] Compiler: c2, Barriers: 7, Oops: 1, ImmediateOops: 0, NonImmediateOops: No
[7,361s][debug  ][gc,nmethod     ] Register NMethod: java.nio.HeapByteBuffer.<init> (0x00007f77cfa6b290) [0x00007f77cfa6b440, 0x00007f77cfa6b5c0] Compiler: c1, Barriers: 0, Oops: 0, ImmediateOops: 0, NonImmediateOops: No
[7,361s][debug  ][gc,nmethod     ] Register NMethod: java.util.concurrent.atomic.AtomicLong.compareAndSet (0x00007f77cfec9890) [0x00007f77cfec9a20, 0x00007f77cfec9b48] Compiler: c1, Barriers: 0, Oops: 0, ImmediateOops: 0, NonImmediateOops: No
[7,363s][debug  ][gc,nmethod     ] Register NMethod: java.util.stream.SortedOps$OfRef.<init> (0x00007f77cfa6a990) [0x00007f77cfa6ab80, 0x00007f77cfa6b088] Compiler: c1, Barriers: 3, Oops: 1, ImmediateOops: 0, NonImmediateOops: No
[7,364s][debug  ][gc,nmethod     ] Register NMethod: io.sirix.node.NodeKind$28.serialize (0x00007f77ef37da10) [0x00007f77ef37dd00, 0x00007f77ef37eb90] Compiler: c2, Barriers: 18, Oops: 18, ImmediateOops: 0, NonImmediateOops: No
[7,364s][debug  ][gc,nmethod     ] Register NMethod: net.openhft.chronicle.bytes.NativeBytes.wrapWithNativeBytes (0x00007f77cfe17f90) [0x00007f77cfe18160, 0x00007f77cfe18508] Compiler: c1, Barriers: 1, Oops: 1, ImmediateOops: 1, NonImmediateOops: No
[7,364s][debug  ][gc,nmethod     ] Register NMethod: net.openhft.chronicle.bytes.AbstractBytes.isDirectMemory (0x00007f77cfe17b10) [0x00007f77cfe17cc0, 0x00007f77cfe17eb8] Compiler: c1, Barriers: 1, Oops: 1, ImmediateOops: 0, NonImmediateOops: No
[7,364s][debug  ][gc,nmethod     ] Register NMethod: net.openhft.chronicle.bytes.internal.HeapBytesStore.wrap (0x00007f77cfe17710) [0x00007f77cfe178c0, 0x00007f77cfe17a50] Compiler: c1, Barriers: 0, Oops: 1, ImmediateOops: 0, NonImmediateOops: No
[7,364s][debug  ][gc,nmethod     ] Register NMethod: sun.security.provider.ByteArrayAccess.i2bBig4 (0x00007f77cfe16c90) [0x00007f77cfe16ea0, 0x00007f77cfe17460] Compiler: c1, Barriers: 0, Oops: 5, ImmediateOops: 8, NonImmediateOops: No
[7,365s][debug  ][gc,nmethod     ] Register NMethod: net.openhft.chronicle.bytes.internal.HeapBytesStore.<init> (0x00007f77cfe44b90) [0x00007f77cfe44e00, 0x00007f77cfe456d8] Compiler: c1, Barriers: 10, Oops: 1, ImmediateOops: 2, NonImmediateOops: No
[7,365s][debug  ][gc,nmethod     ] Register NMethod: net.openhft.chronicle.core.UnsafeMemory.readBytes (0x00007f77cfe43d10) [0x00007f77cfe43f80, 0x00007f77cfe447a8] Compiler: c1, Barriers: 0, Oops: 2, ImmediateOops: 3, NonImmediateOops: No
[7,365s][debug  ][gc,nmethod     ] Register NMethod: sun.security.provider.DigestBase.engineUpdate (0x00007f77cfe4dc90) [0x00007f77cfe4df20, 0x00007f77cfe4ec28] Compiler: c1, Barriers: 4, Oops: 1, ImmediateOops: 1, NonImmediateOops: No
[7,365s][debug  ][gc,nmethod     ] Register NMethod: net.openhft.chronicle.bytes.Bytes.isClear (0x00007f77cfe4d310) [0x00007f77cfe4d4e0, 0x00007f77cfe4daa0] Compiler: c1, Barriers: 1, Oops: 1, ImmediateOops: 0, NonImmediateOops: No
[7,365s][debug  ][gc,nmethod     ] Register NMethod: net.openhft.chronicle.bytes.BytesStore.wrap (0x00007f77cfe7ef90) [0x00007f77cfe7f180, 0x00007f77cfe7f618] Compiler: c1, Barriers: 0, Oops: 1, ImmediateOops: 0, NonImmediateOops: No
[7,366s][debug  ][gc,nmethod     ] Register NMethod: java.nio.MappedByteBuffer.limit (0x00007f77cfe4cd90) [0x00007f77cfe4cf40, 0x00007f77cfe4d148] Compiler: c1, Barriers: 0, Oops: 0, ImmediateOops: 0, NonImmediateOops: No
[7,366s][debug  ][gc,nmethod     ] Register NMethod: java.io.ByteArrayOutputStream.<init> (0x00007f77cfe7e290) [0x00007f77cfe7e4e0, 0x00007f77cfe7ec80] Compiler: c1, Barriers: 3, Oops: 1, ImmediateOops: 1, NonImmediateOops: No
[7,366s][debug  ][gc,nmethod     ] Register NMethod: java.nio.ByteBuffer.<init> (0x00007f77cfe43890) [0x00007f77cfe43a40, 0x00007f77cfe43b98] Compiler: c1, Barriers: 0, Oops: 0, ImmediateOops: 0, NonImmediateOops: No
[7,366s][debug  ][gc,nmethod     ] Register NMethod: java.nio.MappedByteBuffer.position (0x00007f77cfe16690) [0x00007f77cfe16840, 0x00007f77cfe16a48] Compiler: c1, Barriers: 0, Oops: 0, ImmediateOops: 0, NonImmediateOops: No
[7,367s][debug  ][gc,nmethod     ] Register NMethod: java.nio.MappedByteBuffer.<init> (0x00007f77cfe7de10) [0x00007f77cfe7dfc0, 0x00007f77cfe7e190] Compiler: c1, Barriers: 3, Oops: 0, ImmediateOops: 0, NonImmediateOops: No
[7,367s][debug  ][gc,director    ] Rule Major: Warmup 20%, Used: 1006MB, UsedThreshold: 3072MB
[7,367s][debug  ][gc,director    ] Select Minor GC Workers (Not Warm), GCWorkers: 5,000
[7,367s][debug  ][gc,director    ] Rule Minor: Allocation Rate (Dynamic GC Workers), MaxAllocRate: 268,5MB/s (+/-29,5%), Free: 14312MB, GCCPUTime: 2,329, GCDuration: 0,474s, TimeUntilOOM: 41,149s, TimeUntilGC: 40,675s, GCWorkers: 5
[7,367s][debug  ][gc,director    ] Select Minor GC Workers (Not Warm), GCWorkers: 5,000
[7,367s][debug  ][gc,director    ] Rule Minor: Allocation Rate (Dynamic GC Workers), MaxAllocRate: 1074,0MB/s (+/-29,5%), Free: 14312MB, GCCPUTime: 2,329, GCDuration: 0,474s, TimeUntilOOM: 10,289s, TimeUntilGC: 9,814s, GCWorkers: 5
[7,367s][debug  ][gc,director    ] Rule Minor: High Usage, Free: 14312MB(93,2%)
[7,367s][debug  ][gc,nmethod     ] Register NMethod: java.util.stream.ForEachOps$ForEachOp$OfRef.accept (0x00007f77cfe7d990) [0x00007f77cfe7db40, 0x00007f77cfe7dd38] Compiler: c1, Barriers: 1, Oops: 0, ImmediateOops: 0, NonImmediateOops: No
[7,367s][debug  ][gc,nmethod     ] Register NMethod: java.util.concurrent.atomic.AtomicLong.incrementAndGet (0x00007f77cfe7d610) [0x00007f77cfe7d7a0, 0x00007f77cfe7d8c0] Compiler: c1, Barriers: 0, Oops: 0, ImmediateOops: 0, NonImmediateOops: No
[7,368s][debug  ][gc,nmethod     ] Register NMethod: jdk.internal.misc.Unsafe.allocateMemory0 (0x00007f77ef37fb90) [0x00007f77ef37fd20, 0x00007f77ef37fee8] Compiler: , Barriers: 0, Oops: 0, ImmediateOops: 0, NonImmediateOops: No
[7,368s][debug  ][gc,nmethod     ] Register NMethod: jdk.internal.misc.Unsafe.alignToHeapWordSize (0x00007f77cfe77010) [0x00007f77cfe771c0, 0x00007f77cfe77458] Compiler: c1, Barriers: 0, Oops: 0, ImmediateOops: 0, NonImmediateOops: No
[7,368s][debug  ][gc,nmethod     ] Register NMethod: jdk.internal.misc.Unsafe.allocateMemoryChecks (0x00007f77cfe76a90) [0x00007f77cfe76c40, 0x00007f77cfe76f18] Compiler: c1, Barriers: 0, Oops: 0, ImmediateOops: 0, NonImmediateOops: No
[7,368s][debug  ][gc,nmethod     ] Register NMethod: java.util.stream.AbstractPipeline.exactOutputSizeIfKnown (0x00007f77cfe75f10) [0x00007f77cfe76100, 0x00007f77cfe76828] Compiler: c1, Barriers: 3, Oops: 2, ImmediateOops: 2, NonImmediateOops: No
[7,370s][debug  ][gc,nmethod     ] Register NMethod: jdk.internal.misc.Unsafe.allocateMemory (0x00007f77cfe7be90) [0x00007f77cfe7c120, 0x00007f77cfe7cb28] Compiler: c1, Barriers: 0, Oops: 2, ImmediateOops: 2, NonImmediateOops: No
[7,370s][debug  ][gc,nmethod     ] Register NMethod: java.nio.Bits.tryReserveMemory (0x00007f77cfe75890) [0x00007f77cfe75a80, 0x00007f77cfe75db8] Compiler: c1, Barriers: 0, Oops: 0, ImmediateOops: 5, NonImmediateOops: No
[7,370s][debug  ][gc,nmethod     ] Register NMethod: jdk.internal.misc.Unsafe.setMemory0 (0x00007f77ef37ff10) [0x00007f77ef3800a0, 0x00007f77ef380270] Compiler: , Barriers: 0, Oops: 0, ImmediateOops: 0, NonImmediateOops: No
[7,370s][debug  ][gc,nmethod     ] Register NMethod: java.util.concurrent.atomic.AtomicLong.addAndGet (0x00007f77cfe75510) [0x00007f77cfe756a0, 0x00007f77cfe757b8] Compiler: c1, Barriers: 0, Oops: 0, ImmediateOops: 0, NonImmediateOops: No
[7,371s][debug  ][gc,nmethod     ] Register NMethod: io.sirix.page.KeyValueLeafPage.processEntries (0x00007f77ef380290) [0x00007f77ef3804c0, 0x00007f77ef380c00] Compiler: c2, Barriers: 7, Oops: 1, ImmediateOops: 2, NonImmediateOops: No
[7,371s][debug  ][gc,nmethod     ] Register NMethod: java.nio.Bits.pageSize (0x00007f77cfe7ba90) [0x00007f77cfe7bc40, 0x00007f77cfe7bdf8] Compiler: c1, Barriers: 0, Oops: 0, ImmediateOops: 4, NonImmediateOops: No
[7,371s][debug  ][gc,nmethod     ] Register NMethod: java.nio.DirectByteBuffer.<init> (0x00007f77cfe1bb90) [0x00007f77cfe1bec0, 0x00007f77cfe1d090] Compiler: c1, Barriers: 25, Oops: 2, ImmediateOops: 14, NonImmediateOops: No
[7,371s][debug  ][gc,nmethod     ] Register NMethod: java.util.TimSort.sort (0x00007f77cfe7ac10) [0x00007f77cfe7ae60, 0x00007f77cfe7b5d8] Compiler: c1, Barriers: 2, Oops: 0, ImmediateOops: 0, NonImmediateOops: No
[7,371s][debug  ][gc,nmethod     ] Register NMethod: java.nio.ByteBuffer.allocateDirect (0x00007f77cfe1b790) [0x00007f77cfe1b940, 0x00007f77cfe1bad0] Compiler: c1, Barriers: 0, Oops: 0, ImmediateOops: 0, NonImmediateOops: No
[7,371s][debug  ][gc,nmethod     ] Register NMethod: io.sirix.access.trx.page.AbstractForwardingPageReadOnlyTrx.getResourceSession (0x00007f77ef381290) [0x00007f77ef381420, 0x00007f77ef381540] Compiler: c2, Barriers: 2, Oops: 1, ImmediateOops: 0, NonImmediateOops: No
[7,372s][debug  ][gc,nmethod     ] Register NMethod: java.nio.Bits.reserveMemory (0x00007f77cfc7c510) [0x00007f77cfc7c920, 0x00007f77cfc7e1d8] Compiler: c1, Barriers: 4, Oops: 4, ImmediateOops: 12, NonImmediateOops: No
[7,373s][debug  ][gc,nmethod     ] Register NMethod: jdk.internal.misc.Unsafe.setMemoryChecks (0x00007f77cff3f310) [0x00007f77cff3f560, 0x00007f77cff3fdd8] Compiler: c1, Barriers: 2, Oops: 0, ImmediateOops: 0, NonImmediateOops: No
[7,373s][debug  ][gc,nmethod     ] Register NMethod: net.jpountz.lz4.LZ4BlockOutputStream.writeIntLE (0x00007f77ef381610) [0x00007f77ef3817a0, 0x00007f77ef3818c0] Compiler: c2, Barriers: 0, Oops: 1, ImmediateOops: 0, NonImmediateOops: No
[7,373s][debug  ][gc,nmethod     ] Register NMethod: java.nio.ByteBuffer.wrap (0x00007f77cfe1b190) [0x00007f77cfe1b360, 0x00007f77cfe1b5f0] Compiler: c1, Barriers: 0, Oops: 0, ImmediateOops: 0, NonImmediateOops: No
[7,373s][debug  ][gc,nmethod     ] Register NMethod: java.util.Arrays.sort (0x00007f77cff3ee10) [0x00007f77cff3efe0, 0x00007f77cff3f228] Compiler: c1, Barriers: 0, Oops: 0, ImmediateOops: 0, NonImmediateOops: No
[7,373s][debug  ][gc,nmethod     ] Register NMethod: io.sirix.node.json.ArrayNode.getKind (0x00007f77ef381990) [0x00007f77ef381b00, 0x00007f77ef381b80] Compiler: c2, Barriers: 0, Oops: 1, ImmediateOops: 1, NonImmediateOops: No
[7,374s][debug  ][gc,nmethod     ] Register NMethod: java.util.ArrayList.forEach (0x00007f77cff3e390) [0x00007f77cff3e5a0, 0x00007f77cff3eb98] Compiler: c1, Barriers: 2, Oops: 0, ImmediateOops: 0, NonImmediateOops: No
[7,374s][debug  ][gc,nmethod     ] Register NMethod: java.util.stream.SortedOps$AbstractRefSortingSink.<init> (0x00007f77cff59f10) [0x00007f77cff5a100, 0x00007f77cff5a608] Compiler: c1, Barriers: 6, Oops: 0, ImmediateOops: 0, NonImmediateOops: No
[7,374s][debug  ][gc,nmethod     ] Register NMethod: jdk.internal.misc.Unsafe.setMemory (0x00007f77cff3df90) [0x00007f77cff3e140, 0x00007f77cff3e298] Compiler: c1, Barriers: 0, Oops: 0, ImmediateOops: 0, NonImmediateOops: No
[7,374s][debug  ][gc,nmethod     ] Register NMethod: java.util.stream.SortedOps$OfRef.opWrapSink (0x00007f77cff58810) [0x00007f77cff58ac0, 0x00007f77cff59ac0] Compiler: c1, Barriers: 14, Oops: 2, ImmediateOops: 2, NonImmediateOops: No
[7,374s][debug  ][gc,nmethod     ] Register NMethod: jdk.internal.misc.VM.isDirectMemoryPageAligned (0x00007f77cfa6a690) [0x00007f77cfa6a820, 0x00007f77cfa6a918] Compiler: c1, Barriers: 0, Oops: 0, ImmediateOops: 1, NonImmediateOops: No
[7,375s][debug  ][gc,nmethod     ] Register NMethod: java.util.concurrent.ConcurrentHashMap$CollectionView.<init> (0x00007f77cff58190) [0x00007f77cff58340, 0x00007f77cff58518] Compiler: c1, Barriers: 3, Oops: 0, ImmediateOops: 0, NonImmediateOops: No
[7,375s][debug  ][gc,nmethod     ] Register NMethod: io.sirix.node.xml.AbstractStructForwardingNode.getLastChildKey (0x00007f77ef381c90) [0x00007f77ef381e20, 0x00007f77ef381f10] Compiler: c2, Barriers: 1, Oops: 1, ImmediateOops: 0, NonImmediateOops: No
[7,375s][debug  ][gc,nmethod     ] Register NMethod: java.lang.ref.Finalizer.register (0x00007f77cff3c710) [0x00007f77cff3c8c0, 0x00007f77cff3ca70] Compiler: c1, Barriers: 0, Oops: 0, ImmediateOops: 0, NonImmediateOops: No
[7,376s][debug  ][gc,nmethod     ] Register NMethod: net.openhft.chronicle.core.io.VanillaReferenceCounted.callOnRelease (0x00007f77cff3af10) [0x00007f77cff3b220, 0x00007f77cff3c1f0] Compiler: c1, Barriers: 11, Oops: 3, ImmediateOops: 5, NonImmediateOops: No
[7,377s][debug  ][gc,director    ] Rule Major: Warmup 20%, Used: 1008MB, UsedThreshold: 3072MB
[7,377s][debug  ][gc,director    ] Select Minor GC Workers (Not Warm), GCWorkers: 5,000
[7,377s][debug  ][gc,director    ] Rule Minor: Allocation Rate (Dynamic GC Workers), MaxAllocRate: 268,5MB/s (+/-29,5%), Free: 14310MB, GCCPUTime: 2,329, GCDuration: 0,474s, TimeUntilOOM: 41,143s, TimeUntilGC: 40,669s, GCWorkers: 5
[7,377s][debug  ][gc,director    ] Select Minor GC Workers (Not Warm), GCWorkers: 5,000
[7,377s][debug  ][gc,director    ] Rule Minor: Allocation Rate (Dynamic GC Workers), MaxAllocRate: 1074,0MB/s (+/-29,5%), Free: 14310MB, GCCPUTime: 2,329, GCDuration: 0,474s, TimeUntilOOM: 10,287s, TimeUntilGC: 9,813s, GCWorkers: 5
[7,377s][debug  ][gc,director    ] Rule Minor: High Usage, Free: 14310MB(93,2%)
[7,378s][debug  ][gc,nmethod     ] Register NMethod: java.lang.ref.Finalizer.<init> (0x00007f77cff3a410) [0x00007f77cff3a600, 0x00007f77cff3acc8] Compiler: c1, Barriers: 17, Oops: 1, ImmediateOops: 7, NonImmediateOops: No
[7,379s][debug  ][gc,nmethod     ] Register NMethod: java.lang.ref.FinalReference.<init> (0x00007f77cfa34a10) [0x00007f77cfa34bc0, 0x00007f77cfa34ec8] Compiler: c1, Barriers: 6, Oops: 0, ImmediateOops: 1, NonImmediateOops: No
[7,379s][debug  ][gc,alloc       ] Mutator Allocation Rate: 363,1MB/s Predicted: 412,2MB/s, Avg: 273,8(+/-80,0)MB/s
[7,379s][debug  ][gc,director    ] Rule Major: Warmup 20%, Used: 1012MB, UsedThreshold: 3072MB
[7,379s][debug  ][gc,director    ] Select Minor GC Workers (Not Warm), GCWorkers: 5,000
[7,379s][debug  ][gc,director    ] Rule Minor: Allocation Rate (Dynamic GC Workers), MaxAllocRate: 273,8MB/s (+/-29,2%), Free: 14306MB, GCCPUTime: 2,329, GCDuration: 0,474s, TimeUntilOOM: 40,434s, TimeUntilGC: 39,959s, GCWorkers: 5
[7,379s][debug  ][gc,director    ] Select Minor GC Workers (Not Warm), GCWorkers: 5,000
[7,379s][debug  ][gc,director    ] Rule Minor: Allocation Rate (Dynamic GC Workers), MaxAllocRate: 1087,8MB/s (+/-29,2%), Free: 14306MB, GCCPUTime: 2,329, GCDuration: 0,474s, TimeUntilOOM: 10,176s, TimeUntilGC: 9,702s, GCWorkers: 5
[7,379s][debug  ][gc,director    ] Rule Minor: High Usage, Free: 14306MB(93,1%)
[7,379s][debug  ][gc,nmethod     ] Register NMethod: net.jpountz.xxhash.StreamingXXHash32JNI$Factory.newStreamingHash (0x00007f77cfa34410) [0x00007f77cfa345e0, 0x00007f77cfa348c0] Compiler: c1, Barriers: 0, Oops: 1, ImmediateOops: 0, NonImmediateOops: No
[7,379s][debug  ][gc,nmethod     ] Register NMethod: net.jpountz.xxhash.XXHashFactory.newStreamingHash32 (0x00007f77cfa33c90) [0x00007f77cfa33e60, 0x00007f77cfa34220] Compiler: c1, Barriers: 1, Oops: 1, ImmediateOops: 0, NonImmediateOops: No
[7,379s][debug  ][gc,nmethod     ] Register NMethod: com.google.common.hash.MessageDigestHashFunction$MessageDigestHasher.checkNotDone (0x00007f77cfa33590) [0x00007f77cfa33760, 0x00007f77cfa33b10] Compiler: c1, Barriers: 0, Oops: 2, ImmediateOops: 2, NonImmediateOops: No
[7,379s][debug  ][gc,nmethod     ] Register NMethod: net.jpountz.lz4.LZ4Factory.nativeInstance (0x00007f77cfa32d10) [0x00007f77cfa32f00, 0x00007f77cfa33408] Compiler: c1, Barriers: 5, Oops: 2, ImmediateOops: 5, NonImmediateOops: No
[7,379s][debug  ][gc,nmethod     ] Register NMethod: net.jpountz.lz4.LZ4Compressor.maxCompressedLength (0x00007f77cff3dc10) [0x00007f77cff3ddc0, 0x00007f77cff3df00] Compiler: c1, Barriers: 0, Oops: 1, ImmediateOops: 0, NonImmediateOops: No
[7,380s][debug  ][gc,nmethod     ] Register NMethod: jdk.internal.misc.Unsafe.setMemory (0x00007f77cfe4af10) [0x00007f77cfe4b160, 0x00007f77cfe4b998] Compiler: c1, Barriers: 2, Oops: 0, ImmediateOops: 0, NonImmediateOops: No
[7,380s][debug  ][gc,nmethod     ] Register NMethod: net.openhft.chronicle.bytes.NativeBytes.<init> (0x00007f77cfa32790) [0x00007f77cfa32940, 0x00007f77cfa32ab0] Compiler: c1, Barriers: 0, Oops: 1, ImmediateOops: 0, NonImmediateOops: No
[7,381s][debug  ][gc,nmethod     ] Register NMethod: io.sirix.access.trx.page.NodePageTrx.getRevisionNumber (0x00007f77cfe4a890) [0x00007f77cfe4aa60, 0x00007f77cfe4ad78] Compiler: c1, Barriers: 2, Oops: 1, ImmediateOops: 1, NonImmediateOops: No
[7,381s][debug  ][gc,nmethod     ] Register NMethod: java.util.stream.SpinedBuffer.<init> (0x00007f77cfe4a310) [0x00007f77cfe4a4c0, 0x00007f77cfe4a790] Compiler: c1, Barriers: 3, Oops: 0, ImmediateOops: 0, NonImmediateOops: No
[7,381s][debug  ][gc,nmethod     ] Register NMethod: net.jpountz.xxhash.XXHashFactory.fastestInstance (0x00007f77cfe22790) [0x00007f77cfe22ca0, 0x00007f77cfe253f8] Compiler: c1, Barriers: 35, Oops: 6, ImmediateOops: 38, NonImmediateOops: No
[7,381s][debug  ][gc,nmethod     ] Register NMethod: java.util.stream.AbstractSpinedBuffer.<init> (0x00007f77cfe22410) [0x00007f77cfe225a0, 0x00007f77cfe22708] Compiler: c1, Barriers: 0, Oops: 0, ImmediateOops: 0, NonImmediateOops: No
[7,381s][debug  ][gc,nmethod     ] Register NMethod: net.jpountz.xxhash.StreamingXXHash32JNI.<init> (0x00007f77cfe21e90) [0x00007f77cfe22040, 0x00007f77cfe22260] Compiler: c1, Barriers: 0, Oops: 1, ImmediateOops: 0, NonImmediateOops: No
[7,381s][debug  ][gc,nmethod     ] Register NMethod: sun.security.provider.DigestBase.implCompressMultiBlock0 (0x00007f77ef382010) [0x00007f77ef3821a0, 0x00007f77ef3823e0] Compiler: c2, Barriers: 1, Oops: 1, ImmediateOops: 0, NonImmediateOops: No
[7,382s][debug  ][gc,nmethod     ] Register NMethod: java.util.stream.SpinedBuffer.capacity (0x00007f77cfe49d10) [0x00007f77cfe49ec0, 0x00007f77cfe4a178] Compiler: c1, Barriers: 4, Oops: 0, ImmediateOops: 0, NonImmediateOops: No
[7,382s][debug  ][gc,nmethod     ] Register NMethod: java.util.stream.ReferencePipeline.lambda$toArray$0 (0x00007f77cfe49990) [0x00007f77cfe49b20, 0x00007f77cfe49c90] Compiler: c1, Barriers: 0, Oops: 0, ImmediateOops: 0, NonImmediateOops: No
[7,382s][debug  ][gc,nmethod     ] Register NMethod: net.jpountz.xxhash.XXHashFactory.nativeInstance (0x00007f77cfaf3c10) [0x00007f77cfaf3e00, 0x00007f77cfaf4308] Compiler: c1, Barriers: 5, Oops: 2, ImmediateOops: 5, NonImmediateOops: No
[7,382s][debug  ][gc,nmethod     ] Register NMethod: java.security.MessageDigest$Delegate.engineGetDigestLength (0x00007f77cfe49510) [0x00007f77cfe496c0, 0x00007f77cfe498b8] Compiler: c1, Barriers: 1, Oops: 0, ImmediateOops: 0, NonImmediateOops: No
[7,382s][debug  ][gc,nmethod     ] Register NMethod: java.security.MessageDigest.getDigestLength (0x00007f77cfaf2f10) [0x00007f77cfaf3120, 0x00007f77cfaf3908] Compiler: c1, Barriers: 2, Oops: 0, ImmediateOops: 0, NonImmediateOops: No
[7,384s][debug  ][gc,nmethod     ] Register NMethod: java.util.concurrent.ConcurrentHashMap$EntrySpliterator.forEachRemaining (0x00007f77cfaf2390) [0x00007f77cfaf25a0, 0x00007f77cfaf2ca8] Compiler: c1, Barriers: 12, Oops: 0, ImmediateOops: 0, NonImmediateOops: No
[7,384s][debug  ][gc,nmethod     ] Register NMethod: io.sirix.access.trx.page.AbstractForwardingPageReadOnlyTrx.getReader (0x00007f77cfaf1c90) [0x00007f77cfaf1e60, 0x00007f77cfaf21e0] Compiler: c1, Barriers: 2, Oops: 1, ImmediateOops: 1, NonImmediateOops: No
[7,387s][debug  ][gc,nmethod     ] Register NMethod: sun.security.provider.DigestBase.engineUpdate (0x00007f77cfe52c90) [0x00007f77cfe52f00, 0x00007f77cfe53a18] Compiler: c1, Barriers: 4, Oops: 1, ImmediateOops: 1, NonImmediateOops: No
[7,387s][debug  ][gc,nmethod     ] Register NMethod: io.sirix.node.NodeKind.serializeJsonObjectOrArrayStructDelegate (0x00007f77ef382590) [0x00007f77ef3827c0, 0x00007f77ef382dd8] Compiler: c2, Barriers: 12, Oops: 2, ImmediateOops: 1, NonImmediateOops: No
[7,387s][debug  ][gc,nmethod     ] Register NMethod: net.openhft.chronicle.bytes.BytesStore.realCapacity (0x00007f77ef383310) [0x00007f77ef3834a0, 0x00007f77ef383540] Compiler: c2, Barriers: 0, Oops: 1, ImmediateOops: 0, NonImmediateOops: No
[7,389s][debug  ][gc,director    ] Rule Major: Warmup 20%, Used: 1026MB, UsedThreshold: 3072MB
[7,389s][debug  ][gc,director    ] Select Minor GC Workers (Not Warm), GCWorkers: 5,000
[7,389s][debug  ][gc,director    ] Rule Minor: Allocation Rate (Dynamic GC Workers), MaxAllocRate: 273,8MB/s (+/-29,2%), Free: 14292MB, GCCPUTime: 2,329, GCDuration: 0,474s, TimeUntilOOM: 40,394s, TimeUntilGC: 39,920s, GCWorkers: 5
[7,389s][debug  ][gc,director    ] Select Minor GC Workers (Not Warm), GCWorkers: 5,000
[7,389s][debug  ][gc,director    ] Rule Minor: Allocation Rate (Dynamic GC Workers), MaxAllocRate: 1087,8MB/s (+/-29,2%), Free: 14292MB, GCCPUTime: 2,329, GCDuration: 0,474s, TimeUntilOOM: 10,166s, TimeUntilGC: 9,692s, GCWorkers: 5
[7,389s][debug  ][gc,director    ] Rule Minor: High Usage, Free: 14292MB(93,0%)
[7,389s][debug  ][gc,nmethod     ] Register NMethod: io.sirix.access.trx.page.NodePageReadOnlyTrx.getReader (0x00007f77cfe52710) [0x00007f77cfe528c0, 0x00007f77cfe52b88] Compiler: c1, Barriers: 1, Oops: 1, ImmediateOops: 1, NonImmediateOops: No
[7,389s][debug  ][gc,nmethod     ] Rebuilding NMethod Table: 4096->8192 entries, 2868(70%->35%) registered, 0(0%->0%) unregistered
[7,391s][debug  ][gc,nmethod     ] Register NMethod: io.sirix.node.NodeKind$20.serialize (0x00007f77ef383610) [0x00007f77ef383960, 0x00007f77ef384c90] Compiler: c2, Barriers: 28, Oops: 2, ImmediateOops: 2, NonImmediateOops: No
[7,392s][debug  ][gc,nmethod     ] Register NMethod: jdk.internal.access.SharedSecrets.getJavaUtilCollectionAccess (0x00007f77cfe52210) [0x00007f77cfe523c0, 0x00007f77cfe52608] Compiler: c1, Barriers: 2, Oops: 0, ImmediateOops: 3, NonImmediateOops: No
[7,392s][debug  ][gc,nmethod     ] Register NMethod: java.util.ImmutableCollections.listFromTrustedArrayNullsAllowed (0x00007f77cfe51a90) [0x00007f77cfe51c60, 0x00007f77cfe52078] Compiler: c1, Barriers: 3, Oops: 0, ImmediateOops: 1, NonImmediateOops: No
[7,392s][debug  ][gc,nmethod     ] Register NMethod: java.util.stream.AbstractPipeline.evaluateToArrayNode (0x00007f77cfe51010) [0x00007f77cfe51240, 0x00007f77cfe51890] Compiler: c1, Barriers: 3, Oops: 0, ImmediateOops: 1, NonImmediateOops: No
[7,392s][debug  ][gc,nmethod     ] Register NMethod: sun.security.provider.DigestBase.implCompressMultiBlock0 (0x00007f77ef385b10) [0x00007f77ef385ca0, 0x00007f77ef385e58] Compiler: c2, Barriers: 1, Oops: 1, ImmediateOops: 0, NonImmediateOops: No
[7,392s][debug  ][gc,nmethod     ] Register NMethod: java.util.stream.Nodes.flatten (0x00007f77cfec3c10) [0x00007f77cfec3e60, 0x00007f77cfec46b8] Compiler: c1, Barriers: 3, Oops: 0, ImmediateOops: 1, NonImmediateOops: No
[7,394s][debug  ][gc,nmethod     ] Register NMethod: io.sirix.page.KeyValueLeafPage.addReferences (0x00007f77cfec2c90) [0x00007f77cfec2ee0, 0x00007f77cfec3990] Compiler: c1, Barriers: 10, Oops: 1, ImmediateOops: 0, NonImmediateOops: No
[7,394s][debug  ][gc,nmethod     ] Register NMethod: com.google.common.base.Preconditions.checkArgument (0x00007f77cfec2190) [0x00007f77cfec23a0, 0x00007f77cfec2a68] Compiler: c1, Barriers: 4, Oops: 1, ImmediateOops: 1, NonImmediateOops: No
[7,394s][debug  ][gc,reloc       ] Synchronize all workers 1 _nworkers: 0 _nsynchronized: 0
[7,394s][debug  ][gc,reloc       ] Synchronize all workers 1 _nworkers: 0 _nsynchronized: 0
[7,395s][debug  ][gc,reloc       ] Desynchronize all workers _nworkers: 0 _nsynchronized: 0
[7,395s][debug  ][gc,reloc       ] Desynchronize all workers _nworkers: 0 _nsynchronized: 0
[7,395s][debug  ][gc,nmethod     ] Register NMethod: sun.security.provider.DigestBase.implCompressMultiBlockCheck (0x00007f77cfec1910) [0x00007f77cfec1b00, 0x00007f77cfec1f70] Compiler: c1, Barriers: 0, Oops: 1, ImmediateOops: 1, NonImmediateOops: No
[7,395s][debug  ][gc,nmethod     ] Register NMethod: java.security.MessageDigest.update (0x00007f77cfe34310) [0x00007f77cfe34500, 0x00007f77cfe349e8] Compiler: c1, Barriers: 1, Oops: 0, ImmediateOops: 2, NonImmediateOops: No
[7,395s][debug  ][gc,nmethod     ] Register NMethod: net.openhft.chronicle.bytes.internal.NativeBytesStore.<init> (0x00007f77cfe33a10) [0x00007f77cfe33c00, 0x00007f77cfe34140] Compiler: c1, Barriers: 6, Oops: 1, ImmediateOops: 1, NonImmediateOops: No
[7,396s][debug  ][gc,nmethod     ] Register NMethod: net.openhft.chronicle.bytes.Bytes.wrapForRead (0x00007f77cfe32d10) [0x00007f77cfe32f40, 0x00007f77cfe33718] Compiler: c1, Barriers: 3, Oops: 2, ImmediateOops: 2, NonImmediateOops: No
[7,396s][debug  ][gc,nmethod     ] Register NMethod: com.google.common.hash.MessageDigestHashFunction$MessageDigestHasher.hash (0x00007f77cfef0810) [0x00007f77cfef0b80, 0x00007f77cfef24a8] Compiler: c1, Barriers: 13, Oops: 2, ImmediateOops: 2, NonImmediateOops: No
[7,396s][debug  ][gc,nmethod     ] Register NMethod: java.io.FilterOutputStream.close (0x00007f77cfeefb10) [0x00007f77cfeefd40, 0x00007f77cfef05d0] Compiler: c1, Barriers: 4, Oops: 0, ImmediateOops: 0, NonImmediateOops: No
[7,398s][debug  ][gc,nmethod     ] Register NMethod: com.google.common.hash.MessageDigestHashFunction.newHasher (0x00007f77cfe31590) [0x00007f77cfe31840, 0x00007f77cfe32580] Compiler: c1, Barriers: 15, Oops: 1, ImmediateOops: 2, NonImmediateOops: No
[7,399s][debug  ][gc,nmethod     ] Register NMethod: java.nio.DirectByteBuffer$Deallocator.<init> (0x00007f77cfaf1810) [0x00007f77cfaf19a0, 0x00007f77cfaf1b20] Compiler: c1, Barriers: 0, Oops: 0, ImmediateOops: 0, NonImmediateOops: No
[7,399s][debug  ][gc,director    ] Rule Major: Warmup 20%, Used: 1042MB, UsedThreshold: 3072MB
[7,399s][debug  ][gc,director    ] Select Minor GC Workers (Not Warm), GCWorkers: 5,000
[7,399s][debug  ][gc,director    ] Rule Minor: Allocation Rate (Dynamic GC Workers), MaxAllocRate: 273,8MB/s (+/-29,2%), Free: 14276MB, GCCPUTime: 2,329, GCDuration: 0,474s, TimeUntilOOM: 40,349s, TimeUntilGC: 39,874s, GCWorkers: 5
[7,399s][debug  ][gc,director    ] Select Minor GC Workers (Not Warm), GCWorkers: 5,000
[7,399s][debug  ][gc,director    ] Rule Minor: Allocation Rate (Dynamic GC Workers), MaxAllocRate: 1087,8MB/s (+/-29,2%), Free: 14276MB, GCCPUTime: 2,329, GCDuration: 0,474s, TimeUntilOOM: 10,155s, TimeUntilGC: 9,681s, GCWorkers: 5
[7,399s][debug  ][gc,director    ] Rule Minor: High Usage, Free: 14276MB(92,9%)
[7,399s][debug  ][gc,nmethod     ] Register NMethod: io.sirix.io.bytepipe.ByteHandlerPipeline.serialize (0x00007f77cff01590) [0x00007f77cff01780, 0x00007f77cff01d68] Compiler: c1, Barriers: 1, Oops: 1, ImmediateOops: 0, NonImmediateOops: No
[7,402s][debug  ][gc,nmethod     ] Register NMethod: net.jpountz.xxhash.XXHashJNI.XXH32_update (0x00007f77ef386010) [0x00007f77ef3861a0, 0x00007f77ef386380] Compiler: , Barriers: 0, Oops: 1, ImmediateOops: 1, NonImmediateOops: No
[7,402s][debug  ][gc,nmethod     ] Register NMethod: net.jpountz.xxhash.XXHashJNI.XXH32_digest (0x00007f77ef386410) [0x00007f77ef3865a0, 0x00007f77ef386778] Compiler: , Barriers: 0, Oops: 1, ImmediateOops: 1, NonImmediateOops: No
[7,402s][debug  ][gc,nmethod     ] Register NMethod: jdk.internal.misc.Unsafe.loadFence (0x00007f77cfec1490) [0x00007f77cfec1620, 0x00007f77cfec1740] Compiler: c1, Barriers: 0, Oops: 0, ImmediateOops: 0, NonImmediateOops: No
[7,402s][debug  ][gc,nmethod     ] Register NMethod: net.jpountz.xxhash.XXHashJNI.XXH32_free (0x00007f77ef386790) [0x00007f77ef386920, 0x00007f77ef386ae0] Compiler: , Barriers: 0, Oops: 1, ImmediateOops: 1, NonImmediateOops: No
[7,403s][debug  ][gc,nmethod     ] Register NMethod: net.jpountz.xxhash.StreamingXXHash32$1.update (0x00007f77cfeef710) [0x00007f77cfeef8c0, 0x00007f77cfeefa48] Compiler: c1, Barriers: 1, Oops: 1, ImmediateOops: 0, NonImmediateOops: No
[7,403s][debug  ][gc,nmethod     ] Register NMethod: net.jpountz.xxhash.StreamingXXHash32$1.getValue (0x00007f77cff00d10) [0x00007f77cff00f00, 0x00007f77cff01360] Compiler: c1, Barriers: 1, Oops: 1, ImmediateOops: 1, NonImmediateOops: No
[7,404s][debug  ][gc,nmethod     ] Register NMethod: net.jpountz.lz4.LZ4Factory.fastestInstance (0x00007f77cfe81510) [0x00007f77cfe81a20, 0x00007f77cfe84178] Compiler: c1, Barriers: 35, Oops: 6, ImmediateOops: 38, NonImmediateOops: No
[7,404s][debug  ][gc,nmethod     ] Register NMethod: net.jpountz.xxhash.StreamingXXHash32.asChecksum (0x00007f77cfe80f90) [0x00007f77cfe81140, 0x00007f77cfe813c8] Compiler: c1, Barriers: 3, Oops: 1, ImmediateOops: 0, NonImmediateOops: No
[7,405s][debug  ][gc,nmethod     ] Register NMethod: net.jpountz.xxhash.StreamingXXHash32$1.<init> (0x00007f77cfe80b10) [0x00007f77cfe80cc0, 0x00007f77cfe80e98] Compiler: c1, Barriers: 3, Oops: 1, ImmediateOops: 0, NonImmediateOops: No
[7,405s][debug  ][gc,nmethod     ] Register NMethod: io.sirix.access.trx.page.NodePageTrx$$Lambda/0x000000008033e218.test (0x00007f77cfe80510) [0x00007f77cfe806c0, 0x00007f77cfe809f8] Compiler: c1, Barriers: 0, Oops: 1, ImmediateOops: 0, NonImmediateOops: No
[7,405s][debug  ][gc,nmethod     ] Register NMethod: io.sirix.access.trx.page.NodePageTrx.lambda$parallelSerializationOfKeyValuePages$0 (0x00007f77cfe7fe90) [0x00007f77cfe80020, 0x00007f77cfe801e8] Compiler: c1, Barriers: 0, Oops: 1, ImmediateOops: 0, NonImmediateOops: No
[7,405s][debug  ][gc,nmethod     ] Register NMethod: net.jpountz.xxhash.StreamingXXHash32$1.reset (0x00007f77cff00410) [0x00007f77cff00600, 0x00007f77cff00a90] Compiler: c1, Barriers: 1, Oops: 1, ImmediateOops: 1, NonImmediateOops: No
[7,405s][debug  ][gc,nmethod     ] Register NMethod: java.util.concurrent.CopyOnWriteArrayList.clear (0x00007f77cfeffe10) [0x00007f77cfefffc0, 0x00007f77cff00318] Compiler: c1, Barriers: 4, Oops: 0, ImmediateOops: 0, NonImmediateOops: No
[7,405s][debug  ][gc,nmethod     ] Register NMethod: net.jpountz.xxhash.StreamingXXHash32JNI.reset (0x00007f77cfeff710) [0x00007f77cfeff8e0, 0x00007f77cfeffca8] Compiler: c1, Barriers: 0, Oops: 1, ImmediateOops: 1, NonImmediateOops: No
[7,405s][debug  ][gc,nmethod     ] Register NMethod: java.security.MessageDigestSpi.<init> (0x00007f77cfeef390) [0x00007f77cfeef520, 0x00007f77cfeef680] Compiler: c1, Barriers: 0, Oops: 0, ImmediateOops: 0, NonImmediateOops: No
[7,405s][debug  ][gc,nmethod     ] Register NMethod: io.sirix.access.trx.page.NodePageTrx$$Lambda/0x000000008033dfe0.apply (0x00007f77cfeff210) [0x00007f77cfeff3c0, 0x00007f77cfeff5f0] Compiler: c1, Barriers: 1, Oops: 1, ImmediateOops: 0, NonImmediateOops: No
[7,406s][debug  ][gc,nmethod     ] Register NMethod: net.openhft.chronicle.bytes.AbstractBytes.readLimit (0x00007f77cfefee10) [0x00007f77cfefefc0, 0x00007f77cfeff170] Compiler: c1, Barriers: 0, Oops: 1, ImmediateOops: 0, NonImmediateOops: No
[7,406s][debug  ][gc,nmethod     ] Register NMethod: java.nio.DirectByteBuffer.address (0x00007f77cfefe310) [0x00007f77cfefe520, 0x00007f77cfefec08] Compiler: c1, Barriers: 1, Oops: 0, ImmediateOops: 1, NonImmediateOops: No
[7,406s][debug  ][gc,nmethod     ] Register NMethod: net.openhft.chronicle.bytes.BytesStore.bytesForWrite (0x00007f77cfefdb10) [0x00007f77cfefdd00, 0x00007f77cfefe130] Compiler: c1, Barriers: 0, Oops: 1, ImmediateOops: 0, NonImmediateOops: No
[7,406s][debug  ][gc,nmethod     ] Register NMethod: net.openhft.chronicle.bytes.AbstractBytes.readPosition (0x00007f77cfefd710) [0x00007f77cfefd8c0, 0x00007f77cfefda70] Compiler: c1, Barriers: 0, Oops: 1, ImmediateOops: 0, NonImmediateOops: No
[7,406s][debug  ][gc,nmethod     ] Register NMethod: java.util.ArrayList.sort (0x00007f77cfb66310) [0x00007f77cfb664e0, 0x00007f77cfb66730] Compiler: c1, Barriers: 1, Oops: 0, ImmediateOops: 0, NonImmediateOops: No
[7,406s][debug  ][gc,nmethod     ] Register NMethod: jdk.internal.misc.Unsafe.putLongUnaligned (0x00007f77ef386b10) [0x00007f77ef386ca0, 0x00007f77ef386d70] Compiler: c2, Barriers: 0, Oops: 0, ImmediateOops: 0, NonImmediateOops: No
[7,407s][debug  ][gc,nmethod     ] Register NMethod: net.openhft.chronicle.bytes.BytesStore.elasticByteBuffer (0x00007f77cfefd290) [0x00007f77cfefd440, 0x00007f77cfefd558] Compiler: c1, Barriers: 0, Oops: 1, ImmediateOops: 0, NonImmediateOops: No
[7,407s][debug  ][gc,nmethod     ] Register NMethod: net.openhft.chronicle.core.internal.util.DirectBufferUtil.addressOrThrow (0x00007f77cfb65c90) [0x00007f77cfb65e60, 0x00007f77cfb661a0] Compiler: c1, Barriers: 1, Oops: 1, ImmediateOops: 0, NonImmediateOops: No
[7,407s][debug  ][gc,nmethod     ] Register NMethod: net.openhft.chronicle.core.Jvm.address (0x00007f77cfb65590) [0x00007f77cfb65760, 0x00007f77cfb65b00] Compiler: c1, Barriers: 1, Oops: 1, ImmediateOops: 0, NonImmediateOops: No
[7,407s][debug  ][gc,nmethod     ] Register NMethod: net.openhft.chronicle.bytes.VanillaBytes.realCapacity (0x00007f77cfb65110) [0x00007f77cfb652c0, 0x00007f77cfb654b8] Compiler: c1, Barriers: 1, Oops: 1, ImmediateOops: 0, NonImmediateOops: No
[7,407s][debug  ][gc,nmethod     ] Register NMethod: net.openhft.chronicle.bytes.Bytes.elasticByteBuffer (0x00007f77cfb64290) [0x00007f77cfb644e0, 0x00007f77cfb64d10] Compiler: c1, Barriers: 2, Oops: 2, ImmediateOops: 2, NonImmediateOops: No
[7,408s][debug  ][gc,nmethod     ] Register NMethod: sun.security.provider.ByteArrayAccess.i2bBig (0x00007f77cfb63610) [0x00007f77cfb63820, 0x00007f77cfb63ef0] Compiler: c1, Barriers: 0, Oops: 5, ImmediateOops: 8, NonImmediateOops: No
[7,408s][debug  ][gc,nmethod     ] Register NMethod: net.openhft.chronicle.bytes.NativeBytes.allocate (0x00007f77cfb62710) [0x00007f77cfb62980, 0x00007f77cfb632f0] Compiler: c1, Barriers: 1, Oops: 1, ImmediateOops: 0, NonImmediateOops: No
[7,408s][debug  ][gc,nmethod     ] Register NMethod: java.io.FilterOutputStream.<init> (0x00007f77cfb62110) [0x00007f77cfb622c0, 0x00007f77cfb62620] Compiler: c1, Barriers: 6, Oops: 0, ImmediateOops: 0, NonImmediateOops: No
[7,408s][debug  ][gc,nmethod     ] Register NMethod: java.security.MessageDigest$Delegate$CloneableDelegate.<init> (0x00007f77cfb61a10) [0x00007f77cfb61be0, 0x00007f77cfb61fd0] Compiler: c1, Barriers: 9, Oops: 0, ImmediateOops: 0, NonImmediateOops: No
[7,408s][debug  ][gc,nmethod     ] Register NMethod: net.openhft.chronicle.bytes.AbstractBytes.writeLimit (0x00007f77cfb61610) [0x00007f77cfb617c0, 0x00007f77cfb61970] Compiler: c1, Barriers: 0, Oops: 1, ImmediateOops: 0, NonImmediateOops: No
[7,409s][debug  ][gc,nmethod     ] Register NMethod: net.openhft.chronicle.bytes.AbstractBytes.writeLimit (0x00007f77cfb60b90) [0x00007f77cfb60d80, 0x00007f77cfb612a0] Compiler: c1, Barriers: 1, Oops: 1, ImmediateOops: 0, NonImmediateOops: No
[7,409s][debug  ][gc,nmethod     ] Register NMethod: net.openhft.chronicle.bytes.NativeBytes.checkResize (0x00007f77cfe5f490) [0x00007f77cfe5f640, 0x00007f77cfe5f868] Compiler: c1, Barriers: 0, Oops: 1, ImmediateOops: 0, NonImmediateOops: No
[7,409s][debug  ][gc,director    ] Rule Major: Warmup 20%, Used: 1050MB, UsedThreshold: 3072MB
[7,409s][debug  ][gc,director    ] Select Minor GC Workers (Not Warm), GCWorkers: 5,000
[7,409s][debug  ][gc,director    ] Rule Minor: Allocation Rate (Dynamic GC Workers), MaxAllocRate: 273,8MB/s (+/-29,2%), Free: 14268MB, GCCPUTime: 2,329, GCDuration: 0,474s, TimeUntilOOM: 40,326s, TimeUntilGC: 39,852s, GCWorkers: 5
[7,409s][debug  ][gc,director    ] Select Minor GC Workers (Not Warm), GCWorkers: 5,000
[7,409s][debug  ][gc,director    ] Rule Minor: Allocation Rate (Dynamic GC Workers), MaxAllocRate: 1087,8MB/s (+/-29,2%), Free: 14268MB, GCCPUTime: 2,329, GCDuration: 0,474s, TimeUntilOOM: 10,149s, TimeUntilGC: 9,675s, GCWorkers: 5
[7,409s][debug  ][gc,director    ] Rule Minor: High Usage, Free: 14268MB(92,9%)
[7,411s][debug  ][gc,nmethod     ] Register NMethod: net.openhft.chronicle.bytes.NativeBytes.resize (0x00007f77cfe5ae10) [0x00007f77cfe5b440, 0x00007f77cfe5e408] Compiler: c1, Barriers: 7, Oops: 11, ImmediateOops: 12, NonImmediateOops: No
[7,411s][debug  ][gc,nmethod     ] Register NMethod: java.util.stream.ReferencePipeline.makeNodeBuilder (0x00007f77cfe5aa90) [0x00007f77cfe5ac40, 0x00007f77cfe5ad80] Compiler: c1, Barriers: 0, Oops: 0, ImmediateOops: 0, NonImmediateOops: No
[7,411s][debug  ][gc,nmethod     ] Register NMethod: net.openhft.chronicle.bytes.internal.NativeBytesStore.bytesForWrite (0x00007f77cfe5a490) [0x00007f77cfe5a660, 0x00007f77cfe5a958] Compiler: c1, Barriers: 0, Oops: 1, ImmediateOops: 0, NonImmediateOops: No
[7,411s][debug  ][gc,nmethod     ] Register NMethod: java.util.concurrent.ConcurrentHashMap.entrySet (0x00007f77cfe59d90) [0x00007f77cfe59f60, 0x00007f77cfe5a350] Compiler: c1, Barriers: 7, Oops: 0, ImmediateOops: 0, NonImmediateOops: No
[7,412s][debug  ][gc,nmethod     ] Register NMethod: java.util.stream.Nodes.builder (0x00007f77cfb19a10) [0x00007f77cfb19be0, 0x00007f77cfb19fb8] Compiler: c1, Barriers: 3, Oops: 0, ImmediateOops: 0, NonImmediateOops: No
[7,412s][debug  ][gc,nmethod     ] Register NMethod: java.util.concurrent.ConcurrentHashMap$EntrySetView.<init> (0x00007f77cfe59790) [0x00007f77cfe59940, 0x00007f77cfe59b78] Compiler: c1, Barriers: 3, Oops: 0, ImmediateOops: 0, NonImmediateOops: No
[7,412s][debug  ][gc,nmethod     ] Register NMethod: java.util.stream.SortedOps$RefSortingSink.begin (0x00007f77cfb19090) [0x00007f77cfb19280, 0x00007f77cfb19870] Compiler: c1, Barriers: 6, Oops: 0, ImmediateOops: 2, NonImmediateOops: No
[7,412s][debug  ][gc,nmethod     ] Register NMethod: java.util.stream.Nodes.builder (0x00007f77cfb18690) [0x00007f77cfb18880, 0x00007f77cfb18e98] Compiler: c1, Barriers: 3, Oops: 0, ImmediateOops: 0, NonImmediateOops: No
[7,413s][debug  ][gc,nmethod     ] Register NMethod: java.util.concurrent.ConcurrentHashMap$EntrySetView.spliterator (0x00007f77cfb18010) [0x00007f77cfb181e0, 0x00007f77cfb18520] Compiler: c1, Barriers: 2, Oops: 0, ImmediateOops: 0, NonImmediateOops: No
[7,413s][debug  ][gc,nmethod     ] Register NMethod: net.openhft.chronicle.bytes.internal.NativeBytesStore.elasticByteBuffer (0x00007f77cfb17810) [0x00007f77cfb17a00, 0x00007f77cfb17e10] Compiler: c1, Barriers: 0, Oops: 1, ImmediateOops: 1, NonImmediateOops: No
[7,413s][debug  ][gc,nmethod     ] Register NMethod: java.nio.HeapByteBuffer.putLong (0x00007f77ef386e90) [0x00007f77ef387020, 0x00007f77ef387218] Compiler: c2, Barriers: 2, Oops: 2, ImmediateOops: 0, NonImmediateOops: No
[7,413s][debug  ][gc,nmethod     ] Register NMethod: net.openhft.chronicle.bytes.NativeBytes.resizeHelper (0x00007f77cfb14310) [0x00007f77cfb147a0, 0x00007f77cfb16ac8] Compiler: c1, Barriers: 11, Oops: 2, ImmediateOops: 4, NonImmediateOops: No
[7,413s][debug  ][gc,nmethod     ] Register NMethod: net.openhft.chronicle.bytes.Bytes.elasticByteBuffer (0x00007f77cfb13f90) [0x00007f77cfb14140, 0x00007f77cfb14260] Compiler: c1, Barriers: 0, Oops: 1, ImmediateOops: 0, NonImmediateOops: No
[7,414s][debug  ][gc,nmethod     ] Register NMethod: net.jpountz.lz4.LZ4BlockOutputStream.close (0x00007f77cfb13990) [0x00007f77cfb13b60, 0x00007f77cfb13ea8] Compiler: c1, Barriers: 4, Oops: 1, ImmediateOops: 0, NonImmediateOops: No
[7,414s][debug  ][gc,nmethod     ] Register NMethod: net.openhft.chronicle.bytes.internal.NativeBytesStore.bytesForWrite (0x00007f77cfb13310) [0x00007f77cfb134e0, 0x00007f77cfb13840] Compiler: c1, Barriers: 0, Oops: 1, ImmediateOops: 0, NonImmediateOops: No
[7,414s][debug  ][gc,nmethod     ] Register NMethod: net.jpountz.lz4.LZ4Compressor.compress (0x00007f77cfefac90) [0x00007f77cfefae40, 0x00007f77cfefb008] Compiler: c1, Barriers: 0, Oops: 1, ImmediateOops: 0, NonImmediateOops: No
[7,414s][debug  ][gc,nmethod     ] Register NMethod: net.openhft.chronicle.bytes.AbstractBytes.readLimit (0x00007f77cfefa310) [0x00007f77cfefa500, 0x00007f77cfefab00] Compiler: c1, Barriers: 1, Oops: 1, ImmediateOops: 0, NonImmediateOops: No
[7,414s][debug  ][gc,nmethod     ] Register NMethod: net.jpountz.lz4.LZ4BlockOutputStream.flushBufferedData (0x00007f77cfef9410) [0x00007f77cfef9680, 0x00007f77cfefa070] Compiler: c1, Barriers: 14, Oops: 1, ImmediateOops: 0, NonImmediateOops: No
[7,414s][debug  ][gc,nmethod     ] Register NMethod: java.security.MessageDigest$Delegate.<init> (0x00007f77cfef8d90) [0x00007f77cfef8f60, 0x00007f77cfef92e8] Compiler: c1, Barriers: 9, Oops: 0, ImmediateOops: 0, NonImmediateOops: No
[7,415s][debug  ][gc,nmethod     ] Register NMethod: net.openhft.chronicle.bytes.AbstractBytes.readPosition (0x00007f77cfef5f90) [0x00007f77cfef63c0, 0x00007f77cfef8430] Compiler: c1, Barriers: 28, Oops: 3, ImmediateOops: 4, NonImmediateOops: No
[7,415s][debug  ][gc,nmethod     ] Register NMethod: sun.security.provider.DigestBase.engineDigest (0x00007f77cfef4c10) [0x00007f77cfef4ee0, 0x00007f77cfef5b60] Compiler: c1, Barriers: 2, Oops: 3, ImmediateOops: 4, NonImmediateOops: No
[7,415s][debug  ][gc,nmethod     ] Register NMethod: java.util.concurrent.ConcurrentHashMap.computeIfAbsent (0x00007f77ef387410) [0x00007f77ef3876a0, 0x00007f77ef388ae8] Compiler: c2, Barriers: 29, Oops: 0, ImmediateOops: 0, NonImmediateOops: No
[7,416s][debug  ][gc,nmethod     ] Register NMethod: java.io.OutputStream.flush (0x00007f77ef389510) [0x00007f77ef389680, 0x00007f77ef3896f8] Compiler: c2, Barriers: 0, Oops: 0, ImmediateOops: 0, NonImmediateOops: No
[7,416s][debug  ][gc,nmethod     ] Register NMethod: net.jpountz.lz4.LZ4BlockOutputStream.<init> (0x00007f77cfc6c710) [0x00007f77cfc6cc20, 0x00007f77cfc6f4b0] Compiler: c1, Barriers: 36, Oops: 6, ImmediateOops: 38, NonImmediateOops: No
[7,420s][debug  ][gc,director    ] Rule Major: Warmup 20%, Used: 1068MB, UsedThreshold: 3072MB
[7,420s][debug  ][gc,director    ] Select Minor GC Workers (Not Warm), GCWorkers: 5,000
[7,420s][debug  ][gc,director    ] Rule Minor: Allocation Rate (Dynamic GC Workers), MaxAllocRate: 273,8MB/s (+/-29,2%), Free: 14250MB, GCCPUTime: 2,329, GCDuration: 0,474s, TimeUntilOOM: 40,275s, TimeUntilGC: 39,801s, GCWorkers: 5
[7,420s][debug  ][gc,director    ] Select Minor GC Workers (Not Warm), GCWorkers: 5,000
[7,420s][debug  ][gc,director    ] Rule Minor: Allocation Rate (Dynamic GC Workers), MaxAllocRate: 1087,8MB/s (+/-29,2%), Free: 14250MB, GCCPUTime: 2,329, GCDuration: 0,474s, TimeUntilOOM: 10,137s, TimeUntilGC: 9,662s, GCWorkers: 5
[7,420s][debug  ][gc,director    ] Rule Minor: High Usage, Free: 14250MB(92,8%)
[7,420s][debug  ][gc,nmethod     ] Register NMethod: java.util.stream.AbstractPipeline.evaluate (0x00007f77cfef3d90) [0x00007f77cfef3fe0, 0x00007f77cfef48d0] Compiler: c1, Barriers: 1, Oops: 0, ImmediateOops: 0, NonImmediateOops: No
[7,430s][debug  ][gc,director    ] Rule Major: Warmup 20%, Used: 1078MB, UsedThreshold: 3072MB
[7,430s][debug  ][gc,director    ] Select Minor GC Workers (Not Warm), GCWorkers: 5,000
[7,430s][debug  ][gc,director    ] Rule Minor: Allocation Rate (Dynamic GC Workers), MaxAllocRate: 273,8MB/s (+/-29,2%), Free: 14240MB, GCCPUTime: 2,329, GCDuration: 0,474s, TimeUntilOOM: 40,247s, TimeUntilGC: 39,773s, GCWorkers: 5
[7,430s][debug  ][gc,director    ] Select Minor GC Workers (Not Warm), GCWorkers: 5,000
[7,430s][debug  ][gc,director    ] Rule Minor: Allocation Rate (Dynamic GC Workers), MaxAllocRate: 1087,8MB/s (+/-29,2%), Free: 14240MB, GCCPUTime: 2,329, GCDuration: 0,474s, TimeUntilOOM: 10,129s, TimeUntilGC: 9,655s, GCWorkers: 5
[7,430s][debug  ][gc,director    ] Rule Minor: High Usage, Free: 14240MB(92,7%)
[7,433s][debug  ][gc,nmethod     ] Register NMethod: net.openhft.chronicle.bytes.BytesStore.bytesForRead (0x00007f77cfc6b690) [0x00007f77cfc6b8e0, 0x00007f77cfc6c2e0] Compiler: c1, Barriers: 0, Oops: 1, ImmediateOops: 0, NonImmediateOops: No
[7,433s][debug  ][gc,nmethod     ] Register NMethod: net.openhft.chronicle.bytes.internal.NativeBytesStore.init (0x00007f77cfc6ac90) [0x00007f77cfc6aea0, 0x00007f77cfc6b460] Compiler: c1, Barriers: 4, Oops: 1, ImmediateOops: 1, NonImmediateOops: No
[7,434s][debug  ][gc,nmethod     ] Register NMethod: java.util.stream.SpinedBuffer.clear (0x00007f77cfc6a010) [0x00007f77cfc6a220, 0x00007f77cfc6aa80] Compiler: c1, Barriers: 19, Oops: 0, ImmediateOops: 0, NonImmediateOops: No
[7,434s][debug  ][gc,nmethod     ] Register NMethod: net.openhft.chronicle.core.io.AbstractReferenceCounted.reserveTransfer (0x00007f77cfc69490) [0x00007f77cfc696a0, 0x00007f77cfc69d68] Compiler: c1, Barriers: 2, Oops: 3, ImmediateOops: 3, NonImmediateOops: No
[7,434s][debug  ][gc,nmethod     ] Register NMethod: net.jpountz.lz4.LZ4JNI.LZ4_compress_limitedOutput (0x00007f77ef389810) [0x00007f77ef3899a0, 0x00007f77ef389bf0] Compiler: , Barriers: 0, Oops: 1, ImmediateOops: 1, NonImmediateOops: No
[7,434s][debug  ][gc,nmethod     ] Register NMethod: io.sirix.access.trx.page.NodePageTrx.lambda$parallelSerializationOfKeyValuePages$1 (0x00007f77cfc68f90) [0x00007f77cfc69140, 0x00007f77cfc69338] Compiler: c1, Barriers: 0, Oops: 1, ImmediateOops: 2, NonImmediateOops: No
[7,434s][debug  ][gc,nmethod     ] Register NMethod: net.jpountz.xxhash.StreamingXXHash32JNI.update (0x00007f77cfcacc90) [0x00007f77cfcace60, 0x00007f77cfcad1f8] Compiler: c1, Barriers: 0, Oops: 1, ImmediateOops: 1, NonImmediateOops: No
[7,434s][debug  ][gc,nmethod     ] Register NMethod: sun.security.provider.SHA2.clone (0x00007f77cfcabf90) [0x00007f77cfcac1c0, 0x00007f77cfcacaa8] Compiler: c1, Barriers: 14, Oops: 0, ImmediateOops: 0, NonImmediateOops: No
[7,435s][debug  ][gc,nmethod     ] Register NMethod: sun.security.provider.DigestBase.engineDigest (0x00007f77cfcaba10) [0x00007f77cfcabbe0, 0x00007f77cfcabe80] Compiler: c1, Barriers: 0, Oops: 0, ImmediateOops: 1, NonImmediateOops: No
[7,435s][debug  ][gc,nmethod     ] Register NMethod: java.util.stream.SpinedBuffer.copyInto (0x00007f77cfcaa990) [0x00007f77cfcaabe0, 0x00007f77cfcab708] Compiler: c1, Barriers: 7, Oops: 0, ImmediateOops: 1, NonImmediateOops: No
[7,435s][debug  ][gc,nmethod     ] Register NMethod: net.openhft.chronicle.bytes.internal.AbstractBytesStore.writeRemaining (0x00007f77cfcaa290) [0x00007f77cfcaa440, 0x00007f77cfcaa870] Compiler: c1, Barriers: 0, Oops: 1, ImmediateOops: 0, NonImmediateOops: No
[7,435s][debug  ][gc,nmethod     ] Register NMethod: java.util.stream.SpinedBuffer.ensureCapacity (0x00007f77cfca8a90) [0x00007f77cfca8d20, 0x00007f77cfca9dd8] Compiler: c1, Barriers: 26, Oops: 0, ImmediateOops: 0, NonImmediateOops: No
[7,435s][debug  ][gc,nmethod     ] Register NMethod: java.util.stream.Nodes$SpinedNodeBuilder.asArray (0x00007f77cfb12f10) [0x00007f77cfb130c0, 0x00007f77cfb13210] Compiler: c1, Barriers: 0, Oops: 0, ImmediateOops: 0, NonImmediateOops: No
[7,436s][debug  ][gc,nmethod     ] Register NMethod: net.openhft.chronicle.core.io.AbstractReferenceCounted.inThreadPerformRelease (0x00007f77cfca8390) [0x00007f77cfca8560, 0x00007f77cfca8960] Compiler: c1, Barriers: 1, Oops: 2, ImmediateOops: 2, NonImmediateOops: No
[7,436s][debug  ][gc,nmethod     ] Register NMethod: net.openhft.chronicle.core.io.ReferenceChangeListenerManager.notifyTransferred (0x00007f77cfca7e10) [0x00007f77cfca7fc0, 0x00007f77cfca8248] Compiler: c1, Barriers: 0, Oops: 3, ImmediateOops: 2, NonImmediateOops: No
[7,436s][debug  ][gc,nmethod     ] Register NMethod: java.util.stream.SpinedBuffer.asArray (0x00007f77cfca7410) [0x00007f77cfca7600, 0x00007f77cfca7c18] Compiler: c1, Barriers: 1, Oops: 0, ImmediateOops: 1, NonImmediateOops: No
[7,436s][debug  ][gc,nmethod     ] Register NMethod: java.util.stream.Nodes$SpinedNodeBuilder.copyInto (0x00007f77cfca7090) [0x00007f77cfca7240, 0x00007f77cfca7390] Compiler: c1, Barriers: 0, Oops: 0, ImmediateOops: 0, NonImmediateOops: No
[7,436s][debug  ][gc,nmethod     ] Register NMethod: java.util.stream.ReferencePipeline$$Lambda/0x00000000801eefc0.apply (0x00007f77cfca6c10) [0x00007f77cfca6da0, 0x00007f77cfca6f88] Compiler: c1, Barriers: 0, Oops: 0, ImmediateOops: 0, NonImmediateOops: No
[7,437s][debug  ][gc,nmethod     ] Register NMethod: java.util.stream.SortedOps$RefSortingSink.end (0x00007f77cff46e10) [0x00007f77cff47140, 0x00007f77cff483f0] Compiler: c1, Barriers: 20, Oops: 1, ImmediateOops: 4, NonImmediateOops: No
[7,437s][debug  ][gc,nmethod     ] Register NMethod: net.openhft.chronicle.core.io.VanillaReferenceCounted.reserveTransfer (0x00007f77cfca6290) [0x00007f77cfca6480, 0x00007f77cfca69c8] Compiler: c1, Barriers: 1, Oops: 3, ImmediateOops: 3, NonImmediateOops: No
[7,438s][debug  ][gc,nmethod     ] Register NMethod: net.jpountz.lz4.LZ4Utils.maxCompressedLength (0x00007f77cff46210) [0x00007f77cff46440, 0x00007f77cff46b28] Compiler: c1, Barriers: 0, Oops: 2, ImmediateOops: 2, NonImmediateOops: No
[7,438s][debug  ][gc,nmethod     ] Register NMethod: net.jpountz.lz4.LZ4BlockOutputStream.<init> (0x00007f77cff45490) [0x00007f77cff456c0, 0x00007f77cff45f38] Compiler: c1, Barriers: 18, Oops: 1, ImmediateOops: 1, NonImmediateOops: No
[7,438s][debug  ][gc,nmethod     ] Register NMethod: java.security.MessageDigestSpi.clone (0x00007f77cff44a10) [0x00007f77cff44c20, 0x00007f77cff45310] Compiler: c1, Barriers: 5, Oops: 0, ImmediateOops: 0, NonImmediateOops: No
[7,438s][debug  ][gc,nmethod     ] Register NMethod: java.security.MessageDigest$Delegate.clone (0x00007f77cff43c90) [0x00007f77cff43ec0, 0x00007f77cff447f0] Compiler: c1, Barriers: 12, Oops: 0, ImmediateOops: 0, NonImmediateOops: No
[7,439s][debug  ][gc,nmethod     ] Register NMethod: jdk.internal.misc.Unsafe.putIntUnaligned (0x00007f77ef389c10) [0x00007f77ef389d80, 0x00007f77ef389e28] Compiler: c2, Barriers: 0, Oops: 0, ImmediateOops: 0, NonImmediateOops: No
[7,439s][debug  ][gc,nmethod     ] Register NMethod: net.openhft.chronicle.bytes.RandomCommon.readLimit (0x00007f77ef389f10) [0x00007f77ef38a0a0, 0x00007f77ef38a140] Compiler: c2, Barriers: 0, Oops: 1, ImmediateOops: 0, NonImmediateOops: No
[7,439s][debug  ][gc,nmethod     ] Register NMethod: io.sirix.io.bytepipe.LZ4Compressor.serialize (0x00007f77cfca5a90) [0x00007f77cfca5c60, 0x00007f77cfca5f68] Compiler: c1, Barriers: 1, Oops: 1, ImmediateOops: 0, NonImmediateOops: No
[7,439s][debug  ][gc,nmethod     ] Register NMethod: sun.security.provider.DigestBase.clone (0x00007f77cff43490) [0x00007f77cff43680, 0x00007f77cff43b68] Compiler: c1, Barriers: 7, Oops: 0, ImmediateOops: 0, NonImmediateOops: No
[7,439s][debug  ][gc,nmethod     ] Register NMethod: java.util.stream.Nodes$SpinedNodeBuilder.begin (0x00007f77cff43010) [0x00007f77cff431c0, 0x00007f77cff433d0] Compiler: c1, Barriers: 0, Oops: 0, ImmediateOops: 0, NonImmediateOops: No
[7,439s][debug  ][gc,nmethod     ] Register NMethod: net.jpountz.lz4.LZ4BlockOutputStream.compressionLevel (0x00007f77cff41810) [0x00007f77cff41b40, 0x00007f77cff42a80] Compiler: c1, Barriers: 0, Oops: 3, ImmediateOops: 2, NonImmediateOops: No
[7,439s][debug  ][gc,nmethod     ] Register NMethod: java.util.stream.SortedOps$RefSortingSink$$Lambda/0x00000000801f13c8.<init> (0x00007f77cff41390) [0x00007f77cff41540, 0x00007f77cff41718] Compiler: c1, Barriers: 3, Oops: 0, ImmediateOops: 0, NonImmediateOops: No
[7,439s][debug  ][gc,nmethod     ] Register NMethod: net.openhft.chronicle.bytes.internal.HeapBytesStore.<init> (0x00007f77cff40c90) [0x00007f77cff40e60, 0x00007f77cff41250] Compiler: c1, Barriers: 9, Oops: 1, ImmediateOops: 1, NonImmediateOops: No
[7,440s][debug  ][gc,nmethod     ] Register NMethod: java.util.Arrays.rangeCheck (0x00007f77ef38a210) [0x00007f77ef38a3a0, 0x00007f77ef38a468] Compiler: c2, Barriers: 0, Oops: 0, ImmediateOops: 0, NonImmediateOops: No
[7,440s][debug  ][gc,nmethod     ] Register NMethod: java.util.stream.Nodes$SpinedNodeBuilder.build (0x00007f77cff40710) [0x00007f77cff408a0, 0x00007f77cff409b8] Compiler: c1, Barriers: 0, Oops: 0, ImmediateOops: 0, NonImmediateOops: No
[7,440s][debug  ][gc,nmethod     ] Register NMethod: java.util.stream.Nodes$SpinedNodeBuilder.end (0x00007f77cface610) [0x00007f77cface7a0, 0x00007f77cface8b8] Compiler: c1, Barriers: 0, Oops: 0, ImmediateOops: 0, NonImmediateOops: No
[7,440s][debug  ][gc,director    ] Rule Major: Warmup 20%, Used: 1084MB, UsedThreshold: 3072MB
[7,440s][debug  ][gc,director    ] Select Minor GC Workers (Not Warm), GCWorkers: 5,000
[7,440s][debug  ][gc,director    ] Rule Minor: Allocation Rate (Dynamic GC Workers), MaxAllocRate: 273,8MB/s (+/-29,2%), Free: 14234MB, GCCPUTime: 2,329, GCDuration: 0,474s, TimeUntilOOM: 40,230s, TimeUntilGC: 39,756s, GCWorkers: 5
[7,440s][debug  ][gc,director    ] Select Minor GC Workers (Not Warm), GCWorkers: 5,000
[7,440s][debug  ][gc,director    ] Rule Minor: Allocation Rate (Dynamic GC Workers), MaxAllocRate: 1087,8MB/s (+/-29,2%), Free: 14234MB, GCCPUTime: 2,329, GCDuration: 0,474s, TimeUntilOOM: 10,125s, TimeUntilGC: 9,651s, GCWorkers: 5
[7,440s][debug  ][gc,director    ] Rule Minor: High Usage, Free: 14234MB(92,7%)
[7,440s][debug  ][gc,nmethod     ] Register NMethod: sun.security.provider.SHA2.implDigest (0x00007f77cfacca90) [0x00007f77cfaccdc0, 0x00007f77cfacdf80] Compiler: c1, Barriers: 4, Oops: 5, ImmediateOops: 18, NonImmediateOops: No
[7,440s][debug  ][gc,nmethod     ] Register NMethod: net.openhft.chronicle.core.io.AbstractReferenceCounted$$Lambda/0x000000008030afc0.run (0x00007f77cfacc190) [0x00007f77cfacc380, 0x00007f77cfacc890] Compiler: c1, Barriers: 2, Oops: 2, ImmediateOops: 2, NonImmediateOops: No
[7,440s][debug  ][gc,nmethod     ] Register NMethod: net.openhft.chronicle.core.Maths.toInt32 (0x00007f77cfacb610) [0x00007f77cfacb840, 0x00007f77cfacbeb0] Compiler: c1, Barriers: 0, Oops: 3, ImmediateOops: 2, NonImmediateOops: No
[7,440s][debug  ][gc,nmethod     ] Register NMethod: java.util.concurrent.ConcurrentHashMap$EntrySpliterator.<init> (0x00007f77cfacb190) [0x00007f77cfacb340, 0x00007f77cfacb510] Compiler: c1, Barriers: 3, Oops: 0, ImmediateOops: 0, NonImmediateOops: No
[7,441s][debug  ][gc,nmethod     ] Register NMethod: net.jpountz.lz4.LZ4JNICompressor.compress (0x00007f77cfac9c10) [0x00007f77cfac9ec0, 0x00007f77cfacac48] Compiler: c1, Barriers: 0, Oops: 1, ImmediateOops: 3, NonImmediateOops: No
[7,441s][debug  ][gc,nmethod     ] Register NMethod: net.openhft.chronicle.bytes.internal.HeapBytesStore.performRelease (0x00007f77cfac9890) [0x00007f77cfac9a20, 0x00007f77cfac9ba0] Compiler: c1, Barriers: 3, Oops: 1, ImmediateOops: 0, NonImmediateOops: No
[7,441s][debug  ][gc,nmethod     ] Register NMethod: net.openhft.chronicle.bytes.internal.AbstractBytesStore.readRemaining (0x00007f77cfac9290) [0x00007f77cfac9440, 0x00007f77cfac97a0] Compiler: c1, Barriers: 0, Oops: 1, ImmediateOops: 0, NonImmediateOops: No
[7,442s][debug  ][gc,nmethod     ] Register NMethod: io.sirix.access.trx.page.NodePageTrx$$Lambda/0x000000008033e460.accept (0x00007f77cfac8d90) [0x00007f77cfac8f40, 0x00007f77cfac91b0] Compiler: c1, Barriers: 1, Oops: 1, ImmediateOops: 0, NonImmediateOops: No
[7,444s][debug  ][gc,nmethod     ] Register NMethod: sun.security.provider.SHA2$SHA256.clone (0x00007f77cfac8010) [0x00007f77cfac8240, 0x00007f77cfac8b88] Compiler: c1, Barriers: 14, Oops: 0, ImmediateOops: 0, NonImmediateOops: No
[7,445s][debug  ][gc,nmethod     ] Register NMethod: net.jpountz.lz4.LZ4BlockOutputStream.write (0x00007f77cfac6e90) [0x00007f77cfac7100, 0x00007f77cfac7c70] Compiler: c1, Barriers: 2, Oops: 1, ImmediateOops: 2, NonImmediateOops: No
[7,445s][debug  ][gc,nmethod     ] Register NMethod: net.jpountz.lz4.LZ4BlockOutputStream.finish (0x00007f77cfac6390) [0x00007f77cfac65c0, 0x00007f77cfac6c40] Compiler: c1, Barriers: 6, Oops: 1, ImmediateOops: 1, NonImmediateOops: No
[7,446s][debug  ][gc,nmethod     ] Register NMethod: net.openhft.chronicle.bytes.RandomCommon.readLimit (0x00007f77ef38a510) [0x00007f77ef38a6a0, 0x00007f77ef38a750] Compiler: c2, Barriers: 0, Oops: 1, ImmediateOops: 0, NonImmediateOops: No
[7,446s][debug  ][gc,nmethod     ] Register NMethod: java.util.ArrayList$ArrayListSpliterator.<init> (0x00007f77cfac5f10) [0x00007f77cfac60c0, 0x00007f77cfac62a8] Compiler: c1, Barriers: 3, Oops: 0, ImmediateOops: 0, NonImmediateOops: No
[7,446s][debug  ][gc,nmethod     ] Register NMethod: net.openhft.chronicle.core.io.ReferenceChangeListenerManager.callReferenceChangeListeners (0x00007f77ef38a810) [0x00007f77ef38a9a0, 0x00007f77ef38ab90] Compiler: c2, Barriers: 2, Oops: 1, ImmediateOops: 0, NonImmediateOops: No
[7,447s][debug  ][gc,nmethod     ] Register NMethod: net.jpountz.lz4.LZ4BlockOutputStream.<init> (0x00007f77cfeb8410) [0x00007f77cfeb8980, 0x00007f77cfebb658] Compiler: c1, Barriers: 39, Oops: 6, ImmediateOops: 38, NonImmediateOops: No
[7,448s][debug  ][gc,nmethod     ] Register NMethod: java.util.concurrent.CopyOnWriteArrayList.size (0x00007f77ef38ad10) [0x00007f77ef38aea0, 0x00007f77ef38af68] Compiler: c2, Barriers: 1, Oops: 0, ImmediateOops: 0, NonImmediateOops: No
[7,450s][debug  ][gc,director    ] Rule Major: Warmup 20%, Used: 1104MB, UsedThreshold: 3072MB
[7,450s][debug  ][gc,director    ] Select Minor GC Workers (Not Warm), GCWorkers: 5,000
[7,450s][debug  ][gc,director    ] Rule Minor: Allocation Rate (Dynamic GC Workers), MaxAllocRate: 273,8MB/s (+/-29,2%), Free: 14214MB, GCCPUTime: 2,329, GCDuration: 0,474s, TimeUntilOOM: 40,173s, TimeUntilGC: 39,699s, GCWorkers: 5
[7,450s][debug  ][gc,director    ] Select Minor GC Workers (Not Warm), GCWorkers: 5,000
[7,450s][debug  ][gc,director    ] Rule Minor: Allocation Rate (Dynamic GC Workers), MaxAllocRate: 1087,8MB/s (+/-29,2%), Free: 14214MB, GCCPUTime: 2,329, GCDuration: 0,474s, TimeUntilOOM: 10,111s, TimeUntilGC: 9,637s, GCWorkers: 5
[7,450s][debug  ][gc,director    ] Rule Minor: High Usage, Free: 14214MB(92,5%)
[7,456s][debug  ][gc,nmethod     ] Register NMethod: net.openhft.chronicle.core.io.VanillaReferenceCounted.<init> (0x00007f77ef38b010) [0x00007f77ef38b1e0, 0x00007f77ef38b848] Compiler: c2, Barriers: 20, Oops: 1, ImmediateOops: 0, NonImmediateOops: No
[7,456s][debug  ][gc,nmethod     ] Register NMethod: net.openhft.chronicle.core.io.ReferenceCountedTracer.onReleased (0x00007f77ef38ba10) [0x00007f77ef38bbe0, 0x00007f77ef38c1f0] Compiler: c2, Barriers: 18, Oops: 1, ImmediateOops: 1, NonImmediateOops: No
[7,457s][debug  ][gc,nmethod     ] Register NMethod: net.openhft.chronicle.bytes.internal.NativeBytesStore.setAddress (0x00007f77cfac5310) [0x00007f77cfac5540, 0x00007f77cfac5bd8] Compiler: c1, Barriers: 0, Oops: 2, ImmediateOops: 1, NonImmediateOops: No
[7,460s][debug  ][gc,director    ] Rule Major: Warmup 20%, Used: 1114MB, UsedThreshold: 3072MB
[7,460s][debug  ][gc,director    ] Select Minor GC Workers (Not Warm), GCWorkers: 5,000
[7,460s][debug  ][gc,director    ] Rule Minor: Allocation Rate (Dynamic GC Workers), MaxAllocRate: 273,8MB/s (+/-29,2%), Free: 14204MB, GCCPUTime: 2,329, GCDuration: 0,474s, TimeUntilOOM: 40,145s, TimeUntilGC: 39,671s, GCWorkers: 5
[7,460s][debug  ][gc,director    ] Select Minor GC Workers (Not Warm), GCWorkers: 5,000
[7,460s][debug  ][gc,director    ] Rule Minor: Allocation Rate (Dynamic GC Workers), MaxAllocRate: 1087,8MB/s (+/-29,2%), Free: 14204MB, GCCPUTime: 2,329, GCDuration: 0,474s, TimeUntilOOM: 10,104s, TimeUntilGC: 9,630s, GCWorkers: 5
[7,460s][debug  ][gc,director    ] Rule Minor: High Usage, Free: 14204MB(92,5%)
[7,462s][debug  ][gc,nmethod     ] Register NMethod: net.openhft.chronicle.core.io.AbstractReferenceCounted.<init> (0x00007f77ef38c410) [0x00007f77ef38c600, 0x00007f77ef38cb60] Compiler: c2, Barriers: 10, Oops: 4, ImmediateOops: 4, NonImmediateOops: No
[7,467s][debug  ][gc,nmethod     ] Register NMethod: java.util.BitSet.toByteArray (0x00007f77ef38cf10) [0x00007f77ef38d100, 0x00007f77ef38da28] Compiler: c2, Barriers: 5, Oops: 2, ImmediateOops: 0, NonImmediateOops: No
[7,470s][debug  ][gc,director    ] Rule Major: Warmup 20%, Used: 1128MB, UsedThreshold: 3072MB
[7,470s][debug  ][gc,director    ] Select Minor GC Workers (Not Warm), GCWorkers: 5,000
[7,471s][debug  ][gc,director    ] Rule Minor: Allocation Rate (Dynamic GC Workers), MaxAllocRate: 273,8MB/s (+/-29,2%), Free: 14190MB, GCCPUTime: 2,329, GCDuration: 0,474s, TimeUntilOOM: 40,106s, TimeUntilGC: 39,631s, GCWorkers: 5
[7,471s][debug  ][gc,director    ] Select Minor GC Workers (Not Warm), GCWorkers: 5,000
[7,471s][debug  ][gc,director    ] Rule Minor: Allocation Rate (Dynamic GC Workers), MaxAllocRate: 1087,8MB/s (+/-29,2%), Free: 14190MB, GCCPUTime: 2,329, GCDuration: 0,474s, TimeUntilOOM: 10,094s, TimeUntilGC: 9,620s, GCWorkers: 5
[7,471s][debug  ][gc,director    ] Rule Minor: High Usage, Free: 14190MB(92,4%)
[7,473s][debug  ][gc,alloc       ] Mutator Allocation Rate: 377,3MB/s Predicted: 419,4MB/s, Avg: 279,2(+/-81,3)MB/s
[7,473s][debug  ][gc,director    ] Rule Major: Warmup 20%, Used: 1132MB, UsedThreshold: 3072MB
[7,473s][debug  ][gc,director    ] Select Minor GC Workers (Not Warm), GCWorkers: 5,000
[7,473s][debug  ][gc,director    ] Rule Minor: Allocation Rate (Dynamic GC Workers), MaxAllocRate: 279,2MB/s (+/-29,1%), Free: 14186MB, GCCPUTime: 2,329, GCDuration: 0,474s, TimeUntilOOM: 39,352s, TimeUntilGC: 38,878s, GCWorkers: 5
[7,473s][debug  ][gc,director    ] Select Minor GC Workers (Not Warm), GCWorkers: 5,000
[7,473s][debug  ][gc,director    ] Rule Minor: Allocation Rate (Dynamic GC Workers), MaxAllocRate: 1106,3MB/s (+/-29,1%), Free: 14186MB, GCCPUTime: 2,329, GCDuration: 0,474s, TimeUntilOOM: 9,933s, TimeUntilGC: 9,458s, GCWorkers: 5
[7,473s][debug  ][gc,director    ] Rule Minor: High Usage, Free: 14186MB(92,4%)
[7,477s][debug  ][gc,nmethod     ] Register NMethod: net.openhft.chronicle.core.io.VanillaReferenceCounted.valueCompareAndSet (0x00007f77ef38de10) [0x00007f77ef38df80, 0x00007f77ef38e008] Compiler: c2, Barriers: 0, Oops: 1, ImmediateOops: 0, NonImmediateOops: No
[7,477s][debug  ][gc,nmethod     ] Register NMethod: net.openhft.chronicle.core.UnsafeMemory.compareAndSwapInt (0x00007f77ef38e110) [0x00007f77ef38e280, 0x00007f77ef38e340] Compiler: c2, Barriers: 0, Oops: 1, ImmediateOops: 0, NonImmediateOops: No
[7,483s][debug  ][gc,director    ] Rule Major: Warmup 20%, Used: 1146MB, UsedThreshold: 3072MB
[7,483s][debug  ][gc,director    ] Select Minor GC Workers (Not Warm), GCWorkers: 5,000
[7,483s][debug  ][gc,director    ] Rule Minor: Allocation Rate (Dynamic GC Workers), MaxAllocRate: 279,2MB/s (+/-29,1%), Free: 14172MB, GCCPUTime: 2,329, GCDuration: 0,474s, TimeUntilOOM: 39,313s, TimeUntilGC: 38,839s, GCWorkers: 5
[7,483s][debug  ][gc,director    ] Select Minor GC Workers (Not Warm), GCWorkers: 5,000
[7,483s][debug  ][gc,director    ] Rule Minor: Allocation Rate (Dynamic GC Workers), MaxAllocRate: 1106,3MB/s (+/-29,1%), Free: 14172MB, GCCPUTime: 2,329, GCDuration: 0,474s, TimeUntilOOM: 9,923s, TimeUntilGC: 9,449s, GCWorkers: 5
[7,483s][debug  ][gc,director    ] Rule Minor: High Usage, Free: 14172MB(92,3%)
[7,488s][debug  ][gc,nmethod     ] Register NMethod: io.sirix.page.PageKind$1.serializePage (0x00007f77ef38e410) [0x00007f77ef38ed60, 0x00007f77ef394cb0] Compiler: c2, Barriers: 143, Oops: 9, ImmediateOops: 20, NonImmediateOops: No
[7,493s][debug  ][gc,director    ] Rule Major: Warmup 20%, Used: 1154MB, UsedThreshold: 3072MB
[7,493s][debug  ][gc,director    ] Select Minor GC Workers (Not Warm), GCWorkers: 5,000
[7,493s][debug  ][gc,director    ] Rule Minor: Allocation Rate (Dynamic GC Workers), MaxAllocRate: 279,2MB/s (+/-29,1%), Free: 14164MB, GCCPUTime: 2,329, GCDuration: 0,474s, TimeUntilOOM: 39,291s, TimeUntilGC: 38,817s, GCWorkers: 5
[7,493s][debug  ][gc,director    ] Select Minor GC Workers (Not Warm), GCWorkers: 5,000
[7,493s][debug  ][gc,director    ] Rule Minor: Allocation Rate (Dynamic GC Workers), MaxAllocRate: 1106,3MB/s (+/-29,1%), Free: 14164MB, GCCPUTime: 2,329, GCDuration: 0,474s, TimeUntilOOM: 9,917s, TimeUntilGC: 9,443s, GCWorkers: 5
[7,493s][debug  ][gc,director    ] Rule Minor: High Usage, Free: 14164MB(92,2%)
[7,501s][debug  ][gc,nmethod     ] Register NMethod: net.openhft.chronicle.bytes.internal.HeapBytesStore.readByte (0x00007f77ef398e90) [0x00007f77ef399020, 0x00007f77ef399180] Compiler: c2, Barriers: 2, Oops: 2, ImmediateOops: 0, NonImmediateOops: No
[7,503s][debug  ][gc,director    ] Rule Major: Warmup 20%, Used: 1172MB, UsedThreshold: 3072MB
[7,503s][debug  ][gc,director    ] Select Minor GC Workers (Not Warm), GCWorkers: 5,000
[7,503s][debug  ][gc,director    ] Rule Minor: Allocation Rate (Dynamic GC Workers), MaxAllocRate: 279,2MB/s (+/-29,1%), Free: 14146MB, GCCPUTime: 2,329, GCDuration: 0,474s, TimeUntilOOM: 39,241s, TimeUntilGC: 38,767s, GCWorkers: 5
[7,503s][debug  ][gc,director    ] Select Minor GC Workers (Not Warm), GCWorkers: 5,000
[7,503s][debug  ][gc,director    ] Rule Minor: Allocation Rate (Dynamic GC Workers), MaxAllocRate: 1106,3MB/s (+/-29,1%), Free: 14146MB, GCCPUTime: 2,329, GCDuration: 0,474s, TimeUntilOOM: 9,905s, TimeUntilGC: 9,430s, GCWorkers: 5
[7,503s][debug  ][gc,director    ] Rule Minor: High Usage, Free: 14146MB(92,1%)
[7,513s][debug  ][gc,nmethod     ] Register NMethod: net.openhft.chronicle.bytes.internal.BytesInternal.failIfBytesOnBytes (0x00007f77ef399290) [0x00007f77ef399420, 0x00007f77ef3994f0] Compiler: c2, Barriers: 0, Oops: 1, ImmediateOops: 0, NonImmediateOops: No
[7,513s][debug  ][gc,director    ] Rule Major: Warmup 20%, Used: 1188MB, UsedThreshold: 3072MB
[7,513s][debug  ][gc,director    ] Select Minor GC Workers (Not Warm), GCWorkers: 5,000
[7,513s][debug  ][gc,director    ] Rule Minor: Allocation Rate (Dynamic GC Workers), MaxAllocRate: 279,2MB/s (+/-29,1%), Free: 14130MB, GCCPUTime: 2,329, GCDuration: 0,474s, TimeUntilOOM: 39,197s, TimeUntilGC: 38,722s, GCWorkers: 5
[7,513s][debug  ][gc,director    ] Select Minor GC Workers (Not Warm), GCWorkers: 5,000
[7,514s][debug  ][gc,director    ] Rule Minor: Allocation Rate (Dynamic GC Workers), MaxAllocRate: 1106,3MB/s (+/-29,1%), Free: 14130MB, GCCPUTime: 2,329, GCDuration: 0,474s, TimeUntilOOM: 9,893s, TimeUntilGC: 9,419s, GCWorkers: 5
[7,514s][debug  ][gc,director    ] Rule Minor: High Usage, Free: 14130MB(92,0%)
[7,524s][debug  ][gc,director    ] Rule Major: Warmup 20%, Used: 1202MB, UsedThreshold: 3072MB
[7,524s][debug  ][gc,director    ] Select Minor GC Workers (Not Warm), GCWorkers: 5,000
[7,524s][debug  ][gc,director    ] Rule Minor: Allocation Rate (Dynamic GC Workers), MaxAllocRate: 279,2MB/s (+/-29,1%), Free: 14116MB, GCCPUTime: 2,329, GCDuration: 0,474s, TimeUntilOOM: 39,158s, TimeUntilGC: 38,684s, GCWorkers: 5
[7,524s][debug  ][gc,director    ] Select Minor GC Workers (Not Warm), GCWorkers: 5,000
[7,524s][debug  ][gc,director    ] Rule Minor: Allocation Rate (Dynamic GC Workers), MaxAllocRate: 1106,3MB/s (+/-29,1%), Free: 14116MB, GCCPUTime: 2,329, GCDuration: 0,474s, TimeUntilOOM: 9,884s, TimeUntilGC: 9,409s, GCWorkers: 5
[7,524s][debug  ][gc,director    ] Rule Minor: High Usage, Free: 14116MB(91,9%)
[7,531s][debug  ][gc,nmethod     ] Register NMethod: java.io.ByteArrayOutputStream.close (0x00007f77cfe50d10) [0x00007f77cfe50ea0, 0x00007f77cfe50fa8] Compiler: c1, Barriers: 0, Oops: 0, ImmediateOops: 0, NonImmediateOops: No
[7,532s][debug  ][gc,nmethod     ] Register NMethod: io.sirix.page.KeyValueLeafPage.processEntries (0x00007f77cfeb6a10) [0x00007f77cfeb6d00, 0x00007f77cfeb7d38] Compiler: c1, Barriers: 16, Oops: 1, ImmediateOops: 1, NonImmediateOops: No
[7,534s][debug  ][gc,director    ] Rule Major: Warmup 20%, Used: 1218MB, UsedThreshold: 3072MB
[7,534s][debug  ][gc,director    ] Select Minor GC Workers (Not Warm), GCWorkers: 5,000
[7,534s][debug  ][gc,director    ] Rule Minor: Allocation Rate (Dynamic GC Workers), MaxAllocRate: 279,2MB/s (+/-29,1%), Free: 14100MB, GCCPUTime: 2,329, GCDuration: 0,474s, TimeUntilOOM: 39,114s, TimeUntilGC: 38,639s, GCWorkers: 5
[7,534s][debug  ][gc,director    ] Select Minor GC Workers (Not Warm), GCWorkers: 5,000
[7,534s][debug  ][gc,director    ] Rule Minor: Allocation Rate (Dynamic GC Workers), MaxAllocRate: 1106,3MB/s (+/-29,1%), Free: 14100MB, GCCPUTime: 2,329, GCDuration: 0,474s, TimeUntilOOM: 9,872s, TimeUntilGC: 9,398s, GCWorkers: 5
[7,534s][debug  ][gc,director    ] Rule Minor: High Usage, Free: 14100MB(91,8%)
[7,537s][debug  ][gc,nmethod     ] Register NMethod: java.nio.ByteBuffer.<init> (0x00007f77ef399590) [0x00007f77ef399720, 0x00007f77ef399988] Compiler: c2, Barriers: 6, Oops: 0, ImmediateOops: 0, NonImmediateOops: No
[7,541s][debug  ][gc,nmethod     ] Register NMethod: java.nio.ByteBuffer.limit (0x00007f77ef399b10) [0x00007f77ef399ca0, 0x00007f77ef399dd0] Compiler: c2, Barriers: 0, Oops: 0, ImmediateOops: 0, NonImmediateOops: No
[7,543s][debug  ][gc,nmethod     ] Register NMethod: net.openhft.chronicle.core.io.VanillaReferenceCounted.reserve (0x00007f77ef399f10) [0x00007f77ef39a0c0, 0x00007f77ef39a300] Compiler: c2, Barriers: 3, Oops: 2, ImmediateOops: 0, NonImmediateOops: No
[7,544s][debug  ][gc,director    ] Rule Major: Warmup 20%, Used: 1230MB, UsedThreshold: 3072MB
[7,544s][debug  ][gc,director    ] Select Minor GC Workers (Not Warm), GCWorkers: 5,000
[7,544s][debug  ][gc,director    ] Rule Minor: Allocation Rate (Dynamic GC Workers), MaxAllocRate: 279,2MB/s (+/-29,1%), Free: 14088MB, GCCPUTime: 2,329, GCDuration: 0,474s, TimeUntilOOM: 39,080s, TimeUntilGC: 38,606s, GCWorkers: 5
[7,544s][debug  ][gc,director    ] Select Minor GC Workers (Not Warm), GCWorkers: 5,000
[7,544s][debug  ][gc,director    ] Rule Minor: Allocation Rate (Dynamic GC Workers), MaxAllocRate: 1106,3MB/s (+/-29,1%), Free: 14088MB, GCCPUTime: 2,329, GCDuration: 0,474s, TimeUntilOOM: 9,864s, TimeUntilGC: 9,390s, GCWorkers: 5
[7,544s][debug  ][gc,director    ] Rule Minor: High Usage, Free: 14088MB(91,7%)
[7,547s][debug  ][gc,nmethod     ] Register NMethod: net.openhft.chronicle.core.io.AbstractReferenceCounted.reserve (0x00007f77ef39a510) [0x00007f77ef39a6c0, 0x00007f77ef39a988] Compiler: c2, Barriers: 4, Oops: 2, ImmediateOops: 0, NonImmediateOops: No
[7,548s][debug  ][gc,nmethod     ] Register NMethod: net.openhft.chronicle.bytes.internal.BytesInternal.writeStopBit (0x00007f77cfeb5e90) [0x00007f77cfeb60a0, 0x00007f77cfeb6828] Compiler: c1, Barriers: 0, Oops: 1, ImmediateOops: 0, NonImmediateOops: No
[7,550s][debug  ][gc,nmethod     ] Register NMethod: net.openhft.chronicle.bytes.internal.NativeBytesStore.writeByte (0x00007f77ef39ab90) [0x00007f77ef39ad20, 0x00007f77ef39ae48] Compiler: c2, Barriers: 1, Oops: 1, ImmediateOops: 0, NonImmediateOops: No
[7,551s][debug  ][gc,nmethod     ] Register NMethod: net.openhft.chronicle.bytes.AbstractBytes.bytesStore (0x00007f77ef39af10) [0x00007f77ef39b0a0, 0x00007f77ef39b218] Compiler: c2, Barriers: 3, Oops: 1, ImmediateOops: 0, NonImmediateOops: No
[7,554s][debug  ][gc,director    ] Rule Major: Warmup 20%, Used: 1238MB, UsedThreshold: 3072MB
[7,554s][debug  ][gc,director    ] Select Minor GC Workers (Not Warm), GCWorkers: 5,000
[7,554s][debug  ][gc,director    ] Rule Minor: Allocation Rate (Dynamic GC Workers), MaxAllocRate: 279,2MB/s (+/-29,1%), Free: 14080MB, GCCPUTime: 2,329, GCDuration: 0,474s, TimeUntilOOM: 39,058s, TimeUntilGC: 38,584s, GCWorkers: 5
[7,554s][debug  ][gc,director    ] Select Minor GC Workers (Not Warm), GCWorkers: 5,000
[7,554s][debug  ][gc,director    ] Rule Minor: Allocation Rate (Dynamic GC Workers), MaxAllocRate: 1106,3MB/s (+/-29,1%), Free: 14080MB, GCCPUTime: 2,329, GCDuration: 0,474s, TimeUntilOOM: 9,858s, TimeUntilGC: 9,384s, GCWorkers: 5
[7,554s][debug  ][gc,director    ] Rule Minor: High Usage, Free: 14080MB(91,7%)
[7,556s][debug  ][gc,nmethod     ] Register NMethod: io.sirix.page.KeyValueLeafPage.processEntries (0x00007f77ef39b310) [0x00007f77ef39b540, 0x00007f77ef39bc98] Compiler: c2, Barriers: 7, Oops: 1, ImmediateOops: 2, NonImmediateOops: No
[7,557s][debug  ][gc,nmethod     ] Register NMethod: net.openhft.chronicle.bytes.Bytes.elasticHeapByteBuffer (0x00007f77cfeb5210) [0x00007f77cfeb5460, 0x00007f77cfeb5be0] Compiler: c1, Barriers: 0, Oops: 1, ImmediateOops: 2, NonImmediateOops: No
[7,560s][debug  ][gc,nmethod     ] Register NMethod: net.openhft.chronicle.bytes.VanillaBytes.<init> (0x00007f77ef39c310) [0x00007f77ef39c5c0, 0x00007f77ef39d388] Compiler: c2, Barriers: 27, Oops: 5, ImmediateOops: 6, NonImmediateOops: No
[7,564s][debug  ][gc,alloc       ] Mutator Allocation Rate: 391,2MB/s Predicted: 427,8MB/s, Avg: 284,8(+/-82,9)MB/s
[7,564s][debug  ][gc,director    ] Rule Major: Warmup 20%, Used: 1252MB, UsedThreshold: 3072MB
[7,564s][debug  ][gc,director    ] Select Minor GC Workers (Not Warm), GCWorkers: 5,000
[7,564s][debug  ][gc,director    ] Rule Minor: Allocation Rate (Dynamic GC Workers), MaxAllocRate: 284,8MB/s (+/-29,1%), Free: 14066MB, GCCPUTime: 2,329, GCDuration: 0,474s, TimeUntilOOM: 38,253s, TimeUntilGC: 37,779s, GCWorkers: 5
[7,564s][debug  ][gc,director    ] Select Minor GC Workers (Not Warm), GCWorkers: 5,000
[7,564s][debug  ][gc,director    ] Rule Minor: Allocation Rate (Dynamic GC Workers), MaxAllocRate: 1128,4MB/s (+/-29,1%), Free: 14066MB, GCCPUTime: 2,329, GCDuration: 0,474s, TimeUntilOOM: 9,656s, TimeUntilGC: 9,182s, GCWorkers: 5
[7,564s][debug  ][gc,director    ] Rule Minor: High Usage, Free: 14066MB(91,6%)
[7,567s][debug  ][gc,nmethod     ] Register NMethod: java.nio.ByteBuffer.order (0x00007f77ef39db90) [0x00007f77ef39dd00, 0x00007f77ef39ddb0] Compiler: c2, Barriers: 0, Oops: 1, ImmediateOops: 1, NonImmediateOops: No
[7,567s][debug  ][gc,nmethod     ] Register NMethod: java.util.concurrent.atomic.AtomicLong.compareAndSet (0x00007f77ef39de90) [0x00007f77ef39e000, 0x00007f77ef39e090] Compiler: c2, Barriers: 0, Oops: 0, ImmediateOops: 0, NonImmediateOops: No
[7,573s][debug  ][gc,nmethod     ] Register NMethod: java.util.concurrent.atomic.AtomicLong.addAndGet (0x00007f77ef39e190) [0x00007f77ef39e300, 0x00007f77ef39e388] Compiler: c2, Barriers: 0, Oops: 0, ImmediateOops: 0, NonImmediateOops: No
[7,574s][debug  ][gc,nmethod     ] Register NMethod: java.util.concurrent.atomic.AtomicLong.incrementAndGet (0x00007f77ef39e490) [0x00007f77ef39e600, 0x00007f77ef39e688] Compiler: c2, Barriers: 0, Oops: 0, ImmediateOops: 0, NonImmediateOops: No
[7,575s][debug  ][gc,director    ] Rule Major: Warmup 20%, Used: 1258MB, UsedThreshold: 3072MB
[7,575s][debug  ][gc,director    ] Select Minor GC Workers (Not Warm), GCWorkers: 5,000
[7,575s][debug  ][gc,director    ] Rule Minor: Allocation Rate (Dynamic GC Workers), MaxAllocRate: 284,8MB/s (+/-29,1%), Free: 14060MB, GCCPUTime: 2,329, GCDuration: 0,474s, TimeUntilOOM: 38,237s, TimeUntilGC: 37,762s, GCWorkers: 5
[7,575s][debug  ][gc,director    ] Select Minor GC Workers (Not Warm), GCWorkers: 5,000
[7,575s][debug  ][gc,director    ] Rule Minor: Allocation Rate (Dynamic GC Workers), MaxAllocRate: 1128,4MB/s (+/-29,1%), Free: 14060MB, GCCPUTime: 2,329, GCDuration: 0,474s, TimeUntilOOM: 9,652s, TimeUntilGC: 9,178s, GCWorkers: 5
[7,575s][debug  ][gc,director    ] Rule Minor: High Usage, Free: 14060MB(91,5%)
[7,583s][debug  ][gc,nmethod     ] Register NMethod: net.openhft.chronicle.bytes.AbstractBytes$UncheckedRandomDataInputHolder.<init> (0x00007f77ef39e790) [0x00007f77ef39e920, 0x00007f77ef39ea28] Compiler: c2, Barriers: 3, Oops: 1, ImmediateOops: 0, NonImmediateOops: No
[7,585s][debug  ][gc,nmethod     ] Register NMethod: net.openhft.chronicle.bytes.RandomCommon.writeLimit (0x00007f77ef39ea90) [0x00007f77ef39ec20, 0x00007f77ef39ecd0] Compiler: c2, Barriers: 0, Oops: 1, ImmediateOops: 0, NonImmediateOops: No
[7,585s][debug  ][gc,director    ] Rule Major: Warmup 20%, Used: 1284MB, UsedThreshold: 3072MB
[7,585s][debug  ][gc,director    ] Select Minor GC Workers (Not Warm), GCWorkers: 5,000
[7,585s][debug  ][gc,director    ] Rule Minor: Allocation Rate (Dynamic GC Workers), MaxAllocRate: 284,8MB/s (+/-29,1%), Free: 14034MB, GCCPUTime: 2,329, GCDuration: 0,474s, TimeUntilOOM: 38,166s, TimeUntilGC: 37,692s, GCWorkers: 5
[7,585s][debug  ][gc,director    ] Select Minor GC Workers (Not Warm), GCWorkers: 5,000
[7,585s][debug  ][gc,director    ] Rule Minor: Allocation Rate (Dynamic GC Workers), MaxAllocRate: 1128,4MB/s (+/-29,1%), Free: 14034MB, GCCPUTime: 2,329, GCDuration: 0,474s, TimeUntilOOM: 9,634s, TimeUntilGC: 9,160s, GCWorkers: 5
[7,585s][debug  ][gc,director    ] Rule Minor: High Usage, Free: 14034MB(91,4%)
[7,591s][debug  ][gc,nmethod     ] Register NMethod: java.util.stream.ReferencePipeline.toArray (0x00007f77cfac4e10) [0x00007f77cfac4fe0, 0x00007f77cfac5220] Compiler: c1, Barriers: 0, Oops: 0, ImmediateOops: 0, NonImmediateOops: No
[7,591s][debug  ][gc,nmethod     ] Register NMethod: java.util.stream.ReferencePipeline.toArray (0x00007f77cfeb4a90) [0x00007f77cfeb4c80, 0x00007f77cfeb5050] Compiler: c1, Barriers: 0, Oops: 3, ImmediateOops: 2, NonImmediateOops: No
[7,595s][debug  ][gc,director    ] Rule Major: Warmup 20%, Used: 1294MB, UsedThreshold: 3072MB
[7,595s][debug  ][gc,director    ] Select Minor GC Workers (Not Warm), GCWorkers: 5,000
[7,595s][debug  ][gc,director    ] Rule Minor: Allocation Rate (Dynamic GC Workers), MaxAllocRate: 284,8MB/s (+/-29,1%), Free: 14024MB, GCCPUTime: 2,329, GCDuration: 0,474s, TimeUntilOOM: 38,139s, TimeUntilGC: 37,665s, GCWorkers: 5
[7,595s][debug  ][gc,director    ] Select Minor GC Workers (Not Warm), GCWorkers: 5,000
[7,595s][debug  ][gc,director    ] Rule Minor: Allocation Rate (Dynamic GC Workers), MaxAllocRate: 1128,4MB/s (+/-29,1%), Free: 14024MB, GCCPUTime: 2,329, GCDuration: 0,474s, TimeUntilOOM: 9,627s, TimeUntilGC: 9,153s, GCWorkers: 5
[7,595s][debug  ][gc,director    ] Rule Minor: High Usage, Free: 14024MB(91,3%)
[7,599s][debug  ][gc,nmethod     ] Register NMethod: net.openhft.chronicle.bytes.internal.AbstractBytesStore.canReleaseInBackground (0x00007f77ef39ed90) [0x00007f77ef39ef20, 0x00007f77ef39efd0] Compiler: c2, Barriers: 0, Oops: 1, ImmediateOops: 0, NonImmediateOops: No
[7,605s][debug  ][gc,director    ] Rule Major: Warmup 20%, Used: 1312MB, UsedThreshold: 3072MB
[7,605s][debug  ][gc,director    ] Select Minor GC Workers (Not Warm), GCWorkers: 5,000
[7,605s][debug  ][gc,director    ] Rule Minor: Allocation Rate (Dynamic GC Workers), MaxAllocRate: 284,8MB/s (+/-29,1%), Free: 14006MB, GCCPUTime: 2,329, GCDuration: 0,474s, TimeUntilOOM: 38,090s, TimeUntilGC: 37,616s, GCWorkers: 5
[7,605s][debug  ][gc,director    ] Select Minor GC Workers (Not Warm), GCWorkers: 5,000
[7,605s][debug  ][gc,director    ] Rule Minor: Allocation Rate (Dynamic GC Workers), MaxAllocRate: 1128,4MB/s (+/-29,1%), Free: 14006MB, GCCPUTime: 2,329, GCDuration: 0,474s, TimeUntilOOM: 9,615s, TimeUntilGC: 9,141s, GCWorkers: 5
[7,605s][debug  ][gc,director    ] Rule Minor: High Usage, Free: 14006MB(91,2%)
[7,606s][debug  ][gc,nmethod     ] Register NMethod: net.openhft.chronicle.core.io.VanillaReferenceCounted.release (0x00007f77ef39f090) [0x00007f77ef39f2a0, 0x00007f77ef39fb58] Compiler: c2, Barriers: 13, Oops: 2, ImmediateOops: 1, NonImmediateOops: No
[7,615s][debug  ][gc,director    ] Rule Major: Warmup 20%, Used: 1318MB, UsedThreshold: 3072MB
[7,615s][debug  ][gc,director    ] Select Minor GC Workers (Not Warm), GCWorkers: 5,000
[7,615s][debug  ][gc,director    ] Rule Minor: Allocation Rate (Dynamic GC Workers), MaxAllocRate: 284,8MB/s (+/-29,1%), Free: 14000MB, GCCPUTime: 2,329, GCDuration: 0,474s, TimeUntilOOM: 38,074s, TimeUntilGC: 37,599s, GCWorkers: 5
[7,615s][debug  ][gc,director    ] Select Minor GC Workers (Not Warm), GCWorkers: 5,000
[7,615s][debug  ][gc,director    ] Rule Minor: Allocation Rate (Dynamic GC Workers), MaxAllocRate: 1128,4MB/s (+/-29,1%), Free: 14000MB, GCCPUTime: 2,329, GCDuration: 0,474s, TimeUntilOOM: 9,611s, TimeUntilGC: 9,136s, GCWorkers: 5
[7,615s][debug  ][gc,director    ] Rule Minor: High Usage, Free: 14000MB(91,1%)
[7,625s][debug  ][gc,nmethod     ] Register NMethod: java.util.stream.ReferencePipeline.toList (0x00007f77cfeb4090) [0x00007f77cfeb42c0, 0x00007f77cfeb4808] Compiler: c1, Barriers: 0, Oops: 3, ImmediateOops: 2, NonImmediateOops: No
[7,626s][debug  ][gc,director    ] Rule Major: Warmup 20%, Used: 1336MB, UsedThreshold: 3072MB
[7,626s][debug  ][gc,director    ] Select Minor GC Workers (Not Warm), GCWorkers: 5,000
[7,626s][debug  ][gc,director    ] Rule Minor: Allocation Rate (Dynamic GC Workers), MaxAllocRate: 284,8MB/s (+/-29,1%), Free: 13982MB, GCCPUTime: 2,329, GCDuration: 0,474s, TimeUntilOOM: 38,025s, TimeUntilGC: 37,550s, GCWorkers: 5
[7,626s][debug  ][gc,director    ] Select Minor GC Workers (Not Warm), GCWorkers: 5,000
[7,626s][debug  ][gc,director    ] Rule Minor: Allocation Rate (Dynamic GC Workers), MaxAllocRate: 1128,4MB/s (+/-29,1%), Free: 13982MB, GCCPUTime: 2,329, GCDuration: 0,474s, TimeUntilOOM: 9,598s, TimeUntilGC: 9,124s, GCWorkers: 5
[7,626s][debug  ][gc,director    ] Rule Minor: High Usage, Free: 13982MB(91,0%)
[7,626s][debug  ][gc,nmethod     ] Register NMethod: com.google.common.hash.AbstractHashFunction.hashBytes (0x00007f77cfeb2f90) [0x00007f77cfeb3200, 0x00007f77cfeb3c10] Compiler: c1, Barriers: 1, Oops: 2, ImmediateOops: 3, NonImmediateOops: No
[7,626s][debug  ][gc,nmethod     ] Register NMethod: java.io.ByteArrayOutputStream.toByteArray (0x00007f77cfeb2910) [0x00007f77cfeb2ac0, 0x00007f77cfeb2d00] Compiler: c1, Barriers: 1, Oops: 0, ImmediateOops: 0, NonImmediateOops: No
[7,627s][debug  ][gc,nmethod     ] Register NMethod: com.google.common.hash.HashCode$BytesHashCode.asBytes (0x00007f77cfe40e90) [0x00007f77cfe41040, 0x00007f77cfe41310] Compiler: c1, Barriers: 1, Oops: 1, ImmediateOops: 0, NonImmediateOops: No
[7,627s][debug  ][gc,nmethod     ] Register NMethod: java.io.FilterOutputStream.write (0x00007f77cfe40a10) [0x00007f77cfe40bc0, 0x00007f77cfe40d90] Compiler: c1, Barriers: 0, Oops: 0, ImmediateOops: 0, NonImmediateOops: No
[7,629s][debug  ][gc,nmethod     ] Register NMethod: java.util.Map$Entry.comparingByKey (0x00007f77cfe40510) [0x00007f77cfe406c0, 0x00007f77cfe408e8] Compiler: c1, Barriers: 0, Oops: 2, ImmediateOops: 2, NonImmediateOops: No
[7,629s][debug  ][gc,nmethod     ] Register NMethod: net.openhft.chronicle.bytes.internal.HeapBytesStore.performRelease (0x00007f77ef39ff90) [0x00007f77ef3a0100, 0x00007f77ef3a01f0] Compiler: c2, Barriers: 2, Oops: 1, ImmediateOops: 0, NonImmediateOops: No
[7,634s][debug  ][gc,nmethod     ] Register NMethod: java.util.stream.ReferencePipeline.sorted (0x00007f77cfe40090) [0x00007f77cfe40240, 0x00007f77cfe40450] Compiler: c1, Barriers: 0, Oops: 0, ImmediateOops: 0, NonImmediateOops: No
[7,635s][debug  ][gc,nmethod     ] Register NMethod: io.sirix.node.xml.AbstractStructForwardingNode.getChildCount (0x00007f77ef3a0290) [0x00007f77ef3a0420, 0x00007f77ef3a0520] Compiler: c2, Barriers: 1, Oops: 1, ImmediateOops: 0, NonImmediateOops: No
[7,636s][debug  ][gc,director    ] Rule Major: Warmup 20%, Used: 1352MB, UsedThreshold: 3072MB
[7,636s][debug  ][gc,director    ] Select Minor GC Workers (Not Warm), GCWorkers: 5,000
[7,636s][debug  ][gc,director    ] Rule Minor: Allocation Rate (Dynamic GC Workers), MaxAllocRate: 284,8MB/s (+/-29,1%), Free: 13966MB, GCCPUTime: 2,329, GCDuration: 0,474s, TimeUntilOOM: 37,981s, TimeUntilGC: 37,507s, GCWorkers: 5
[7,636s][debug  ][gc,director    ] Select Minor GC Workers (Not Warm), GCWorkers: 5,000
[7,636s][debug  ][gc,director    ] Rule Minor: Allocation Rate (Dynamic GC Workers), MaxAllocRate: 1128,4MB/s (+/-29,1%), Free: 13966MB, GCCPUTime: 2,329, GCDuration: 0,474s, TimeUntilOOM: 9,587s, TimeUntilGC: 9,113s, GCWorkers: 5
[7,636s][debug  ][gc,director    ] Rule Minor: High Usage, Free: 13966MB(90,9%)
[7,636s][debug  ][gc,nmethod     ] Register NMethod: java.lang.invoke.ClassSpecializer$SpeciesData.transformHelper (0x00007f77cfe3f290) [0x00007f77cfe3f4e0, 0x00007f77cfe3fdd0] Compiler: c1, Barriers: 9, Oops: 0, ImmediateOops: 0, NonImmediateOops: No
[7,636s][debug  ][gc,nmethod     ] Register NMethod: net.openhft.chronicle.bytes.internal.HeapBytesStore.readLong (0x00007f77ef3a0610) [0x00007f77ef3a07a0, 0x00007f77ef3a08f8] Compiler: c2, Barriers: 2, Oops: 2, ImmediateOops: 0, NonImmediateOops: No
[7,636s][debug  ][gc,nmethod     ] Register NMethod: java.lang.invoke.BoundMethodHandle$Species_LL.make (0x00007f77cfe3ec90) [0x00007f77cfe3ee40, 0x00007f77cfe3f140] Compiler: c1, Barriers: 6, Oops: 0, ImmediateOops: 0, NonImmediateOops: No
[7,636s][debug  ][gc,nmethod     ] Register NMethod: java.lang.invoke.BoundMethodHandle$Species_LL.<init> (0x00007f77cfe3e710) [0x00007f77cfe3e8c0, 0x00007f77cfe3eb80] Compiler: c1, Barriers: 6, Oops: 0, ImmediateOops: 0, NonImmediateOops: No
[7,637s][debug  ][gc,nmethod     ] Register NMethod: java.lang.Integer.equals (0x00007f77cfe3e110) [0x00007f77cfe3e2c0, 0x00007f77cfe3e660] Compiler: c1, Barriers: 0, Oops: 0, ImmediateOops: 0, NonImmediateOops: No
[7,637s][debug  ][gc,nmethod     ] Register NMethod: java.lang.invoke.BoundMethodHandle.bindArgumentI (0x00007f77cfe3d810) [0x00007f77cfe3da00, 0x00007f77cfe3df18] Compiler: c1, Barriers: 4, Oops: 0, ImmediateOops: 0, NonImmediateOops: No
[7,637s][debug  ][gc,nmethod     ] Register NMethod: java.util.Arrays.copyOfRange (0x00007f77cfe3d410) [0x00007f77cfe3d5c0, 0x00007f77cfe3d728] Compiler: c1, Barriers: 1, Oops: 0, ImmediateOops: 0, NonImmediateOops: No
[7,638s][debug  ][gc,nmethod     ] Register NMethod: java.lang.invoke.LambdaForm$MH/0x0000000080359800.reinvoke (0x00007f77cfe3cc10) [0x00007f77cfe3ce00, 0x00007f77cfe3d2c0] Compiler: c1, Barriers: 0, Oops: 1, ImmediateOops: 0, NonImmediateOops: No
[7,638s][debug  ][gc,nmethod     ] Register NMethod: io.sirix.node.json.ObjectKeyNode.getNameKey (0x00007f77ef3a0a10) [0x00007f77ef3a0ba0, 0x00007f77ef3a0c60] Compiler: c1, Barriers: 0, Oops: 1, ImmediateOops: 0, NonImmediateOops: No
[7,639s][debug  ][gc,nmethod     ] Register NMethod: java.lang.invoke.MethodHandleImpl$CountingWrapper.countDown (0x00007f77cfe3c690) [0x00007f77cfe3c840, 0x00007f77cfe3cb28] Compiler: c1, Barriers: 1, Oops: 0, ImmediateOops: 0, NonImmediateOops: No
[7,640s][debug  ][gc,nmethod     ] Register NMethod: io.sirix.node.json.ObjectKeyNode.getKind (0x00007f77cfe3c290) [0x00007f77cfe3c420, 0x00007f77cfe3c588] Compiler: c1, Barriers: 0, Oops: 1, ImmediateOops: 1, NonImmediateOops: No
[7,640s][debug  ][gc,nmethod     ] Register NMethod: io.sirix.node.json.ObjectStringNode.getKind (0x00007f77cfe3be90) [0x00007f77cfe3c020, 0x00007f77cfe3c188] Compiler: c1, Barriers: 0, Oops: 1, ImmediateOops: 1, NonImmediateOops: No
[7,641s][debug  ][gc,nmethod     ] Register NMethod: io.sirix.node.NodeKind$22.serialize (0x00007f77cfe3b490) [0x00007f77cfe3b680, 0x00007f77cfe3bc98] Compiler: c1, Barriers: 3, Oops: 1, ImmediateOops: 0, NonImmediateOops: No
[7,641s][debug  ][gc,nmethod     ] Register NMethod: io.sirix.node.NodeKind$21.serialize (0x00007f77cfe38a90) [0x00007f77cfe38e20, 0x00007f77cfe3ab00] Compiler: c1, Barriers: 10, Oops: 1, ImmediateOops: 3, NonImmediateOops: No
[7,641s][debug  ][gc,nmethod     ] Register NMethod: java.util.ArrayList$ArrayListSpliterator.forEachRemaining (0x00007f77cfe37f90) [0x00007f77cfe381a0, 0x00007f77cfe38820] Compiler: c1, Barriers: 4, Oops: 0, ImmediateOops: 0, NonImmediateOops: No
[7,642s][debug  ][gc,nmethod     ] Register NMethod: java.lang.invoke.LambdaForm.compileToBytecode (0x00007f77cfe36f90) [0x00007f77cfe37220, 0x00007f77cfe37c88] Compiler: c1, Barriers: 9, Oops: 1, ImmediateOops: 4, NonImmediateOops: No
[7,643s][debug  ][gc,nmethod     ] Register NMethod: io.sirix.node.xml.AbstractStructForwardingNode.getLastChildKey (0x00007f77ef3a0d10) [0x00007f77ef3a0ea0, 0x00007f77ef3a0fd8] Compiler: c2, Barriers: 2, Oops: 1, ImmediateOops: 0, NonImmediateOops: No
[7,645s][debug  ][gc,nmethod     ] Register NMethod: io.sirix.node.json.ObjectNode.getKind (0x00007f77cfe36b10) [0x00007f77cfe36ca0, 0x00007f77cfe36e08] Compiler: c1, Barriers: 0, Oops: 1, ImmediateOops: 1, NonImmediateOops: No
[7,645s][debug  ][gc,nmethod     ] Register NMethod: io.sirix.node.NodeKind$19.serialize (0x00007f77cff21690) [0x00007f77cff218e0, 0x00007f77cff22330] Compiler: c1, Barriers: 4, Oops: 1, ImmediateOops: 2, NonImmediateOops: No
[7,646s][debug  ][gc,director    ] Rule Major: Warmup 20%, Used: 1364MB, UsedThreshold: 3072MB
[7,646s][debug  ][gc,director    ] Select Minor GC Workers (Not Warm), GCWorkers: 5,000
[7,646s][debug  ][gc,director    ] Rule Minor: Allocation Rate (Dynamic GC Workers), MaxAllocRate: 284,8MB/s (+/-29,1%), Free: 13954MB, GCCPUTime: 2,329, GCDuration: 0,474s, TimeUntilOOM: 37,948s, TimeUntilGC: 37,474s, GCWorkers: 5
[7,646s][debug  ][gc,director    ] Select Minor GC Workers (Not Warm), GCWorkers: 5,000
[7,646s][debug  ][gc,director    ] Rule Minor: Allocation Rate (Dynamic GC Workers), MaxAllocRate: 1128,4MB/s (+/-29,1%), Free: 13954MB, GCCPUTime: 2,329, GCDuration: 0,474s, TimeUntilOOM: 9,579s, TimeUntilGC: 9,105s, GCWorkers: 5
[7,646s][debug  ][gc,director    ] Rule Minor: High Usage, Free: 13954MB(90,8%)
[7,647s][debug  ][gc,nmethod     ] Register NMethod: io.sirix.node.NodeKind.serializeJsonObjectOrArrayStructDelegate (0x00007f77ef3a1090) [0x00007f77ef3a1320, 0x00007f77ef3a1b20] Compiler: c2, Barriers: 9, Oops: 2, ImmediateOops: 1, NonImmediateOops: No
[7,648s][debug  ][gc,nmethod     ] Register NMethod: java.io.ByteArrayOutputStream.close (0x00007f77ef3a2390) [0x00007f77ef3a2500, 0x00007f77ef3a2578] Compiler: c2, Barriers: 0, Oops: 0, ImmediateOops: 0, NonImmediateOops: No
[7,650s][debug  ][gc,nmethod     ] Register NMethod: io.sirix.node.NodeKind.writeHash (0x00007f77ef3a2690) [0x00007f77ef3a2880, 0x00007f77ef3a2cc0] Compiler: c2, Barriers: 5, Oops: 1, ImmediateOops: 0, NonImmediateOops: No
[7,650s][debug  ][gc,nmethod     ] Register NMethod: net.openhft.chronicle.core.io.AbstractReferenceCounted.release (0x00007f77ef3a3110) [0x00007f77ef3a32a0, 0x00007f77ef3a33c8] Compiler: c2, Barriers: 1, Oops: 1, ImmediateOops: 0, NonImmediateOops: No
[7,650s][debug  ][gc,nmethod     ] Register NMethod: io.sirix.node.json.ObjectNumberNode.getKind (0x00007f77ef3a3510) [0x00007f77ef3a3680, 0x00007f77ef3a3700] Compiler: c2, Barriers: 0, Oops: 1, ImmediateOops: 1, NonImmediateOops: No
[7,653s][debug  ][gc,nmethod     ] Register NMethod: jdk.internal.misc.Unsafe.checkNativeAddress (0x00007f77ef3a3810) [0x00007f77ef3a3980, 0x00007f77ef3a39f8] Compiler: c2, Barriers: 0, Oops: 0, ImmediateOops: 0, NonImmediateOops: No
[7,656s][debug  ][gc,director    ] Rule Major: Warmup 20%, Used: 1370MB, UsedThreshold: 3072MB
[7,656s][debug  ][gc,director    ] Select Minor GC Workers (Not Warm), GCWorkers: 5,000
[7,656s][debug  ][gc,director    ] Rule Minor: Allocation Rate (Dynamic GC Workers), MaxAllocRate: 284,8MB/s (+/-29,1%), Free: 13948MB, GCCPUTime: 2,329, GCDuration: 0,474s, TimeUntilOOM: 37,932s, TimeUntilGC: 37,458s, GCWorkers: 5
[7,656s][debug  ][gc,director    ] Select Minor GC Workers (Not Warm), GCWorkers: 5,000
[7,656s][debug  ][gc,director    ] Rule Minor: Allocation Rate (Dynamic GC Workers), MaxAllocRate: 1128,4MB/s (+/-29,1%), Free: 13948MB, GCCPUTime: 2,329, GCDuration: 0,474s, TimeUntilOOM: 9,575s, TimeUntilGC: 9,101s, GCWorkers: 5
[7,656s][debug  ][gc,director    ] Rule Minor: High Usage, Free: 13948MB(90,8%)
[7,657s][debug  ][gc,alloc       ] Mutator Allocation Rate: 404,7MB/s Predicted: 437,0MB/s, Avg: 290,5(+/-84,8)MB/s
[7,657s][debug  ][gc,director    ] Rule Major: Warmup 20%, Used: 1372MB, UsedThreshold: 3072MB
[7,657s][debug  ][gc,director    ] Select Minor GC Workers (Not Warm), GCWorkers: 5,000
[7,657s][debug  ][gc,director    ] Rule Minor: Allocation Rate (Dynamic GC Workers), MaxAllocRate: 290,5MB/s (+/-29,2%), Free: 13946MB, GCCPUTime: 2,329, GCDuration: 0,474s, TimeUntilOOM: 37,155s, TimeUntilGC: 36,680s, GCWorkers: 5
[7,657s][debug  ][gc,director    ] Select Minor GC Workers (Not Warm), GCWorkers: 5,000
[7,657s][debug  ][gc,director    ] Rule Minor: Allocation Rate (Dynamic GC Workers), MaxAllocRate: 1153,2MB/s (+/-29,2%), Free: 13946MB, GCCPUTime: 2,329, GCDuration: 0,474s, TimeUntilOOM: 9,361s, TimeUntilGC: 8,887s, GCWorkers: 5
[7,657s][debug  ][gc,director    ] Rule Minor: High Usage, Free: 13946MB(90,8%)
[7,667s][debug  ][gc,director    ] Rule Major: Warmup 20%, Used: 1390MB, UsedThreshold: 3072MB
[7,667s][debug  ][gc,director    ] Select Minor GC Workers (Not Warm), GCWorkers: 5,000
[7,667s][debug  ][gc,director    ] Rule Minor: Allocation Rate (Dynamic GC Workers), MaxAllocRate: 290,5MB/s (+/-29,2%), Free: 13928MB, GCCPUTime: 2,329, GCDuration: 0,474s, TimeUntilOOM: 37,107s, TimeUntilGC: 36,632s, GCWorkers: 5
[7,667s][debug  ][gc,director    ] Select Minor GC Workers (Not Warm), GCWorkers: 5,000
[7,667s][debug  ][gc,director    ] Rule Minor: Allocation Rate (Dynamic GC Workers), MaxAllocRate: 1153,2MB/s (+/-29,2%), Free: 13928MB, GCCPUTime: 2,329, GCDuration: 0,474s, TimeUntilOOM: 9,349s, TimeUntilGC: 8,875s, GCWorkers: 5
[7,667s][debug  ][gc,director    ] Rule Minor: High Usage, Free: 13928MB(90,7%)
[7,677s][debug  ][gc,director    ] Rule Major: Warmup 20%, Used: 1404MB, UsedThreshold: 3072MB
[7,677s][debug  ][gc,director    ] Select Minor GC Workers (Not Warm), GCWorkers: 5,000
[7,677s][debug  ][gc,director    ] Rule Minor: Allocation Rate (Dynamic GC Workers), MaxAllocRate: 290,5MB/s (+/-29,2%), Free: 13914MB, GCCPUTime: 2,329, GCDuration: 0,474s, TimeUntilOOM: 37,069s, TimeUntilGC: 36,595s, GCWorkers: 5
[7,677s][debug  ][gc,director    ] Select Minor GC Workers (Not Warm), GCWorkers: 5,000
[7,677s][debug  ][gc,director    ] Rule Minor: Allocation Rate (Dynamic GC Workers), MaxAllocRate: 1153,2MB/s (+/-29,2%), Free: 13914MB, GCCPUTime: 2,329, GCDuration: 0,474s, TimeUntilOOM: 9,340s, TimeUntilGC: 8,865s, GCWorkers: 5
[7,677s][debug  ][gc,director    ] Rule Minor: High Usage, Free: 13914MB(90,6%)
[7,682s][debug  ][gc,nmethod     ] Register NMethod: java.nio.ByteBuffer.allocate (0x00007f77ef3a3b10) [0x00007f77ef3a3ca0, 0x00007f77ef3a3fa0] Compiler: c2, Barriers: 3, Oops: 0, ImmediateOops: 0, NonImmediateOops: No
[7,683s][debug  ][gc,nmethod     ] Register NMethod: jdk.internal.misc.Unsafe.putLong (0x00007f77cfac4a90) [0x00007f77cfac4c20, 0x00007f77cfac4d30] Compiler: c1, Barriers: 0, Oops: 0, ImmediateOops: 0, NonImmediateOops: No
[7,683s][debug  ][gc,nmethod     ] Register NMethod: net.openhft.chronicle.bytes.internal.NativeBytesStore.writeLong (0x00007f77cff21090) [0x00007f77cff21240, 0x00007f77cff214d8] Compiler: c1, Barriers: 1, Oops: 1, ImmediateOops: 0, NonImmediateOops: No
[7,684s][debug  ][gc,nmethod     ] Register NMethod: net.openhft.chronicle.core.UnsafeMemory.writeLong (0x00007f77cff20c10) [0x00007f77cff20dc0, 0x00007f77cff20fa8] Compiler: c1, Barriers: 0, Oops: 2, ImmediateOops: 2, NonImmediateOops: No
[7,684s][debug  ][gc,nmethod     ] Register NMethod: sun.misc.Unsafe.putLong (0x00007f77cff20810) [0x00007f77cff209a0, 0x00007f77cff20b18] Compiler: c1, Barriers: 0, Oops: 1, ImmediateOops: 1, NonImmediateOops: No
[7,686s][debug  ][gc,nmethod     ] Register NMethod: net.openhft.chronicle.bytes.internal.BytesInternal.writeStopBit (0x00007f77ef3a4110) [0x00007f77ef3a4340, 0x00007f77ef3a4968] Compiler: c2, Barriers: 5, Oops: 1, ImmediateOops: 0, NonImmediateOops: No
[7,688s][debug  ][gc,director    ] Rule Major: Warmup 20%, Used: 1410MB, UsedThreshold: 3072MB
[7,688s][debug  ][gc,director    ] Select Minor GC Workers (Not Warm), GCWorkers: 5,000
[7,688s][debug  ][gc,director    ] Rule Minor: Allocation Rate (Dynamic GC Workers), MaxAllocRate: 290,5MB/s (+/-29,2%), Free: 13908MB, GCCPUTime: 2,329, GCDuration: 0,474s, TimeUntilOOM: 37,053s, TimeUntilGC: 36,579s, GCWorkers: 5
[7,688s][debug  ][gc,director    ] Select Minor GC Workers (Not Warm), GCWorkers: 5,000
[7,688s][debug  ][gc,director    ] Rule Minor: Allocation Rate (Dynamic GC Workers), MaxAllocRate: 1153,2MB/s (+/-29,2%), Free: 13908MB, GCCPUTime: 2,329, GCDuration: 0,474s, TimeUntilOOM: 9,336s, TimeUntilGC: 8,861s, GCWorkers: 5
[7,688s][debug  ][gc,director    ] Rule Minor: High Usage, Free: 13908MB(90,5%)
[7,689s][debug  ][gc,nmethod     ] Register NMethod: jdk.internal.misc.Unsafe.putLong (0x00007f77ef3a4f10) [0x00007f77ef3a5080, 0x00007f77ef3a5100] Compiler: c2, Barriers: 0, Oops: 0, ImmediateOops: 0, NonImmediateOops: No
[7,689s][debug  ][gc,nmethod     ] Register NMethod: io.sirix.index.path.summary.PathNode.getNameNodeDelegate (0x00007f77ef3a5210) [0x00007f77ef3a53a0, 0x00007f77ef3a5490] Compiler: c1, Barriers: 1, Oops: 1, ImmediateOops: 0, NonImmediateOops: No
[7,689s][debug  ][gc,nmethod     ] Register NMethod: io.sirix.node.delegates.NameNodeDelegate.getURIKey (0x00007f77ef3a5510) [0x00007f77ef3a56a0, 0x00007f77ef3a5760] Compiler: c1, Barriers: 0, Oops: 1, ImmediateOops: 0, NonImmediateOops: No
[7,689s][debug  ][gc,nmethod     ] Register NMethod: io.sirix.index.path.summary.PathNode.getReferences (0x00007f77ef3a5810) [0x00007f77ef3a59a0, 0x00007f77ef3a5a60] Compiler: c1, Barriers: 0, Oops: 1, ImmediateOops: 0, NonImmediateOops: No
[7,690s][debug  ][gc,nmethod     ] Register NMethod: io.sirix.node.delegates.NameNodeDelegate.getPathNodeKey (0x00007f77ef3a5b10) [0x00007f77ef3a5ca0, 0x00007f77ef3a5d60] Compiler: c1, Barriers: 0, Oops: 1, ImmediateOops: 0, NonImmediateOops: No
[7,691s][debug  ][gc,nmethod     ] Register NMethod: io.sirix.node.HashEntryNode.getNodeKey (0x00007f77ef3a5e10) [0x00007f77ef3a5fa0, 0x00007f77ef3a6060] Compiler: c1, Barriers: 0, Oops: 1, ImmediateOops: 0, NonImmediateOops: No
[7,698s][debug  ][gc,director    ] Rule Major: Warmup 20%, Used: 1428MB, UsedThreshold: 3072MB
[7,698s][debug  ][gc,director    ] Select Minor GC Workers (Not Warm), GCWorkers: 5,000
[7,698s][debug  ][gc,nmethod     ] Register NMethod: io.sirix.node.HashCountEntryNode.getNodeKey (0x00007f77ef3a6110) [0x00007f77ef3a62a0, 0x00007f77ef3a6360] Compiler: c1, Barriers: 0, Oops: 1, ImmediateOops: 0, NonImmediateOops: No
[7,698s][debug  ][gc,director    ] Rule Minor: Allocation Rate (Dynamic GC Workers), MaxAllocRate: 290,5MB/s (+/-29,2%), Free: 13890MB, GCCPUTime: 2,329, GCDuration: 0,474s, TimeUntilOOM: 37,005s, TimeUntilGC: 36,531s, GCWorkers: 5
[7,698s][debug  ][gc,director    ] Select Minor GC Workers (Not Warm), GCWorkers: 5,000
[7,698s][debug  ][gc,director    ] Rule Minor: Allocation Rate (Dynamic GC Workers), MaxAllocRate: 1153,2MB/s (+/-29,2%), Free: 13890MB, GCCPUTime: 2,329, GCDuration: 0,474s, TimeUntilOOM: 9,323s, TimeUntilGC: 8,849s, GCWorkers: 5
[7,698s][debug  ][gc,director    ] Rule Minor: High Usage, Free: 13890MB(90,4%)
[7,708s][debug  ][gc,director    ] Rule Major: Warmup 20%, Used: 1446MB, UsedThreshold: 3072MB
[7,708s][debug  ][gc,director    ] Select Minor GC Workers (Not Warm), GCWorkers: 5,000
[7,708s][debug  ][gc,director    ] Rule Minor: Allocation Rate (Dynamic GC Workers), MaxAllocRate: 290,5MB/s (+/-29,2%), Free: 13872MB, GCCPUTime: 2,329, GCDuration: 0,474s, TimeUntilOOM: 36,957s, TimeUntilGC: 36,483s, GCWorkers: 5
[7,708s][debug  ][gc,director    ] Select Minor GC Workers (Not Warm), GCWorkers: 5,000
[7,708s][debug  ][gc,director    ] Rule Minor: Allocation Rate (Dynamic GC Workers), MaxAllocRate: 1153,2MB/s (+/-29,2%), Free: 13872MB, GCCPUTime: 2,329, GCDuration: 0,474s, TimeUntilOOM: 9,311s, TimeUntilGC: 8,837s, GCWorkers: 5
[7,708s][debug  ][gc,director    ] Rule Minor: High Usage, Free: 13872MB(90,3%)
[7,718s][debug  ][gc,director    ] Rule Major: Warmup 20%, Used: 1454MB, UsedThreshold: 3072MB
[7,718s][debug  ][gc,director    ] Select Minor GC Workers (Not Warm), GCWorkers: 5,000
[7,718s][debug  ][gc,director    ] Rule Minor: Allocation Rate (Dynamic GC Workers), MaxAllocRate: 290,5MB/s (+/-29,2%), Free: 13864MB, GCCPUTime: 2,329, GCDuration: 0,474s, TimeUntilOOM: 36,936s, TimeUntilGC: 36,462s, GCWorkers: 5
[7,718s][debug  ][gc,director    ] Select Minor GC Workers (Not Warm), GCWorkers: 5,000
[7,718s][debug  ][gc,director    ] Rule Minor: Allocation Rate (Dynamic GC Workers), MaxAllocRate: 1153,2MB/s (+/-29,2%), Free: 13864MB, GCCPUTime: 2,329, GCDuration: 0,474s, TimeUntilOOM: 9,306s, TimeUntilGC: 8,832s, GCWorkers: 5
[7,718s][debug  ][gc,director    ] Rule Minor: High Usage, Free: 13864MB(90,3%)
[7,726s][debug  ][gc,nmethod     ] Register NMethod: io.sirix.page.PageKind$1.serializePage (0x00007f77ef3a6410) [0x00007f77ef3a70a0, 0x00007f77ef3afd08] Compiler: c2, Barriers: 171, Oops: 10, ImmediateOops: 21, NonImmediateOops: No
[7,728s][debug  ][gc,director    ] Rule Major: Warmup 20%, Used: 1474MB, UsedThreshold: 3072MB
[7,728s][debug  ][gc,director    ] Select Minor GC Workers (Not Warm), GCWorkers: 5,000
[7,728s][debug  ][gc,director    ] Rule Minor: Allocation Rate (Dynamic GC Workers), MaxAllocRate: 290,5MB/s (+/-29,2%), Free: 13844MB, GCCPUTime: 2,329, GCDuration: 0,474s, TimeUntilOOM: 36,883s, TimeUntilGC: 36,408s, GCWorkers: 5
[7,728s][debug  ][gc,director    ] Select Minor GC Workers (Not Warm), GCWorkers: 5,000
[7,728s][debug  ][gc,director    ] Rule Minor: Allocation Rate (Dynamic GC Workers), MaxAllocRate: 1153,2MB/s (+/-29,2%), Free: 13844MB, GCCPUTime: 2,329, GCDuration: 0,474s, TimeUntilOOM: 9,293s, TimeUntilGC: 8,818s, GCWorkers: 5
[7,728s][debug  ][gc,director    ] Rule Minor: High Usage, Free: 13844MB(90,1%)
[7,733s][debug  ][gc,nmethod     ] Register NMethod: net.openhft.chronicle.core.UnsafeMemory.writeLong (0x00007f77ef3b6310) [0x00007f77ef3b6480, 0x00007f77ef3b6500] Compiler: c2, Barriers: 0, Oops: 1, ImmediateOops: 0, NonImmediateOops: No
[7,733s][debug  ][gc,nmethod     ] Register NMethod: net.openhft.chronicle.bytes.internal.NativeBytesStore.writeLong (0x00007f77ef3b6610) [0x00007f77ef3b67a0, 0x00007f77ef3b68d0] Compiler: c2, Barriers: 1, Oops: 1, ImmediateOops: 0, NonImmediateOops: No
[7,735s][debug  ][gc,nmethod     ] Register NMethod: java.lang.Thread.isInterrupted (0x00007f77ef3b6a10) [0x00007f77ef3b6ba0, 0x00007f77ef3b6c68] Compiler: c1, Barriers: 0, Oops: 0, ImmediateOops: 0, NonImmediateOops: No
[7,735s][debug  ][gc,nmethod     ] Register NMethod: net.openhft.chronicle.bytes.RandomCommon.readRemaining (0x00007f77cff20310) [0x00007f77cff204c0, 0x00007f77cff20748] Compiler: c1, Barriers: 0, Oops: 1, ImmediateOops: 0, NonImmediateOops: No
[7,736s][debug  ][gc,nmethod     ] Register NMethod: net.openhft.chronicle.bytes.BytesStore.copyTo (0x00007f77ef3b6d10) [0x00007f77ef3b6f60, 0x00007f77ef3b8038] Compiler: c2, Barriers: 20, Oops: 2, ImmediateOops: 0, NonImmediateOops: No
[7,736s][debug  ][gc,nmethod     ] Register NMethod: java.util.Arrays.fill (0x00007f77ef3b8710) [0x00007f77ef3b8900, 0x00007f77ef3b9248] Compiler: c2, Barriers: 30, Oops: 0, ImmediateOops: 0, NonImmediateOops: No
[7,738s][debug  ][gc,nmethod     ] Register NMethod: net.openhft.chronicle.bytes.AbstractBytes.clear (0x00007f77ef3b9310) [0x00007f77ef3b94c0, 0x00007f77ef3b96e8] Compiler: c2, Barriers: 2, Oops: 1, ImmediateOops: 0, NonImmediateOops: No
[7,739s][debug  ][gc,director    ] Rule Major: Warmup 20%, Used: 1476MB, UsedThreshold: 3072MB
[7,739s][debug  ][gc,director    ] Select Minor GC Workers (Not Warm), GCWorkers: 5,000
[7,739s][debug  ][gc,director    ] Rule Minor: Allocation Rate (Dynamic GC Workers), MaxAllocRate: 290,5MB/s (+/-29,2%), Free: 13842MB, GCCPUTime: 2,329, GCDuration: 0,474s, TimeUntilOOM: 36,877s, TimeUntilGC: 36,403s, GCWorkers: 5
[7,739s][debug  ][gc,director    ] Select Minor GC Workers (Not Warm), GCWorkers: 5,000
[7,739s][debug  ][gc,director    ] Rule Minor: Allocation Rate (Dynamic GC Workers), MaxAllocRate: 1153,2MB/s (+/-29,2%), Free: 13842MB, GCCPUTime: 2,329, GCDuration: 0,474s, TimeUntilOOM: 9,291s, TimeUntilGC: 8,817s, GCWorkers: 5
[7,739s][debug  ][gc,director    ] Rule Minor: High Usage, Free: 13842MB(90,1%)
[7,739s][debug  ][gc,nmethod     ] Register NMethod: java.nio.channels.spi.AbstractInterruptibleChannel.isOpen (0x00007f77cff1ff90) [0x00007f77cff20120, 0x00007f77cff20288] Compiler: c1, Barriers: 0, Oops: 0, ImmediateOops: 0, NonImmediateOops: No
[7,739s][debug  ][gc,nmethod     ] Register NMethod: java.util.Arrays.fill (0x00007f77ef3b9890) [0x00007f77ef3b9aa0, 0x00007f77ef3baa48] Compiler: c2, Barriers: 54, Oops: 0, ImmediateOops: 0, NonImmediateOops: No
[7,740s][debug  ][gc,nmethod     ] Register NMethod: java.nio.channels.spi.AbstractInterruptibleChannel.blockedOn (0x00007f77cff1fa10) [0x00007f77cff1fbc0, 0x00007f77cff1fe20] Compiler: c1, Barriers: 1, Oops: 0, ImmediateOops: 1, NonImmediateOops: No
[7,740s][debug  ][gc,nmethod     ] Register NMethod: java.lang.System$2.blockedOn (0x00007f77cff1f690) [0x00007f77cff1f840, 0x00007f77cff1f980] Compiler: c1, Barriers: 0, Oops: 0, ImmediateOops: 0, NonImmediateOops: No
[7,740s][debug  ][gc,nmethod     ] Register NMethod: java.lang.Thread.blockedOn (0x00007f77cff1f110) [0x00007f77cff1f2c0, 0x00007f77cff1f5a8] Compiler: c1, Barriers: 5, Oops: 0, ImmediateOops: 0, NonImmediateOops: No
[7,742s][debug  ][gc,nmethod     ] Register NMethod: net.openhft.chronicle.bytes.AbstractBytes.bytesStore (0x00007f77ef3bab10) [0x00007f77ef3baca0, 0x00007f77ef3bad90] Compiler: c1, Barriers: 1, Oops: 1, ImmediateOops: 0, NonImmediateOops: No
[7,743s][debug  ][gc,nmethod     ] Register NMethod: java.util.Arrays.fill (0x00007f77ef3bae10) [0x00007f77ef3bb000, 0x00007f77ef3bb9b0] Compiler: c2, Barriers: 30, Oops: 0, ImmediateOops: 0, NonImmediateOops: No
[7,745s][debug  ][gc,nmethod     ] Register NMethod: net.openhft.chronicle.bytes.internal.NativeBytesStore.write0 (0x00007f77cff1e610) [0x00007f77cff1e820, 0x00007f77cff1eec0] Compiler: c1, Barriers: 0, Oops: 1, ImmediateOops: 0, NonImmediateOops: No
[7,745s][debug  ][gc,nmethod     ] Register NMethod: net.openhft.chronicle.bytes.internal.NativeBytesStore.write0 (0x00007f77cff1dd10) [0x00007f77cff1df00, 0x00007f77cff1e418] Compiler: c1, Barriers: 0, Oops: 1, ImmediateOops: 0, NonImmediateOops: No
[7,746s][debug  ][gc,nmethod     ] Register NMethod: io.sirix.page.PageReference.setHash (0x00007f77ef3bbb10) [0x00007f77ef3bbca0, 0x00007f77ef3bbdd0] Compiler: c1, Barriers: 3, Oops: 1, ImmediateOops: 0, NonImmediateOops: No
[7,747s][debug  ][gc,nmethod     ] Register NMethod: java.util.concurrent.ConcurrentHashMap$BaseIterator.<init> (0x00007f77cff1d890) [0x00007f77cff1da40, 0x00007f77cff1dc38] Compiler: c1, Barriers: 3, Oops: 0, ImmediateOops: 0, NonImmediateOops: No
[7,749s][debug  ][gc,director    ] Rule Major: Warmup 20%, Used: 1476MB, UsedThreshold: 3072MB
[7,749s][debug  ][gc,director    ] Select Minor GC Workers (Not Warm), GCWorkers: 5,000
[7,749s][debug  ][gc,director    ] Rule Minor: Allocation Rate (Dynamic GC Workers), MaxAllocRate: 290,5MB/s (+/-29,2%), Free: 13842MB, GCCPUTime: 2,329, GCDuration: 0,474s, TimeUntilOOM: 36,877s, TimeUntilGC: 36,403s, GCWorkers: 5
[7,749s][debug  ][gc,director    ] Select Minor GC Workers (Not Warm), GCWorkers: 5,000
[7,749s][debug  ][gc,director    ] Rule Minor: Allocation Rate (Dynamic GC Workers), MaxAllocRate: 1153,2MB/s (+/-29,2%), Free: 13842MB, GCCPUTime: 2,329, GCDuration: 0,474s, TimeUntilOOM: 9,291s, TimeUntilGC: 8,817s, GCWorkers: 5
[7,749s][debug  ][gc,director    ] Rule Minor: High Usage, Free: 13842MB(90,1%)
[7,749s][debug  ][gc,nmethod     ] Register NMethod: java.util.concurrent.ConcurrentHashMap$ValueIterator.<init> (0x00007f77cff1d510) [0x00007f77cff1d6c0, 0x00007f77cff1d7f8] Compiler: c1, Barriers: 0, Oops: 0, ImmediateOops: 0, NonImmediateOops: No
[7,749s][debug  ][gc,nmethod     ] Register NMethod: java.util.concurrent.ConcurrentHashMap.values (0x00007f77cff1ce10) [0x00007f77cff1cfe0, 0x00007f77cff1d3d0] Compiler: c1, Barriers: 7, Oops: 0, ImmediateOops: 0, NonImmediateOops: No
[7,749s][debug  ][gc,nmethod     ] Register NMethod: java.util.Arrays.fill (0x00007f77ef3bbe90) [0x00007f77ef3bc140, 0x00007f77ef3be0b0] Compiler: c2, Barriers: 110, Oops: 0, ImmediateOops: 1, NonImmediateOops: No
[7,749s][debug  ][gc,nmethod     ] Register NMethod: java.util.concurrent.ConcurrentHashMap$ValuesView.iterator (0x00007f77cff1c890) [0x00007f77cff1ca40, 0x00007f77cff1ccd0] Compiler: c1, Barriers: 2, Oops: 0, ImmediateOops: 0, NonImmediateOops: No
[7,750s][debug  ][gc,nmethod     ] Register NMethod: io.sirix.page.KeyValueLeafPage.getHashCode (0x00007f77ef3be190) [0x00007f77ef3be320, 0x00007f77ef3be410] Compiler: c1, Barriers: 1, Oops: 1, ImmediateOops: 0, NonImmediateOops: No
[7,750s][debug  ][gc,nmethod     ] Register NMethod: io.sirix.page.KeyValueLeafPage.clearPage (0x00007f77cff1c510) [0x00007f77cff1c6c0, 0x00007f77cff1c800] Compiler: c1, Barriers: 0, Oops: 1, ImmediateOops: 0, NonImmediateOops: No
[7,750s][debug  ][gc,nmethod     ] Register NMethod: io.sirix.page.KeyValueLeafPage.clearPage (0x00007f77cff1ba90) [0x00007f77cff1bcc0, 0x00007f77cff1c378] Compiler: c1, Barriers: 12, Oops: 1, ImmediateOops: 0, NonImmediateOops: No
[7,750s][debug  ][gc,nmethod     ] Register NMethod: java.util.concurrent.ConcurrentHashMap.clear (0x00007f77cff1a990) [0x00007f77cff1abe0, 0x00007f77cff1b610] Compiler: c1, Barriers: 3, Oops: 0, ImmediateOops: 0, NonImmediateOops: No
[7,751s][debug  ][gc,nmethod     ] Register NMethod: sun.nio.ch.NativeThread.current0 (0x00007f77ef3be490) [0x00007f77ef3be620, 0x00007f77ef3be7e8] Compiler: , Barriers: 0, Oops: 0, ImmediateOops: 1, NonImmediateOops: No
[7,751s][debug  ][gc,nmethod     ] Register NMethod: sun.nio.ch.FileChannelImpl.ensureOpen (0x00007f77cff1a490) [0x00007f77cff1a640, 0x00007f77cff1a8c0] Compiler: c1, Barriers: 0, Oops: 0, ImmediateOops: 0, NonImmediateOops: No
[7,751s][debug  ][gc,nmethod     ] Register NMethod: sun.nio.ch.FileChannelImpl.beginBlocking (0x00007f77cff1a090) [0x00007f77cff1a240, 0x00007f77cff1a3b8] Compiler: c1, Barriers: 0, Oops: 0, ImmediateOops: 0, NonImmediateOops: No
[7,751s][debug  ][gc,nmethod     ] Register NMethod: io.sirix.page.PageReference.setKey (0x00007f77ef3be810) [0x00007f77ef3be980, 0x00007f77ef3bea08] Compiler: c2, Barriers: 0, Oops: 1, ImmediateOops: 0, NonImmediateOops: No
[7,751s][debug  ][gc,nmethod     ] Register NMethod: sun.nio.ch.NativeThread.currentNativeThread (0x00007f77cff19d10) [0x00007f77cff19ec0, 0x00007f77cff19fd8] Compiler: c1, Barriers: 0, Oops: 0, ImmediateOops: 0, NonImmediateOops: No
[7,751s][debug  ][gc,nmethod     ] Register NMethod: sun.nio.ch.FileChannelImpl.endBlocking (0x00007f77cff19910) [0x00007f77cff19ac0, 0x00007f77cff19c38] Compiler: c1, Barriers: 0, Oops: 0, ImmediateOops: 0, NonImmediateOops: No
[7,751s][debug  ][gc,nmethod     ] Register NMethod: sun.nio.ch.NativeThreadSet.remove (0x00007f77cff19290) [0x00007f77cff19440, 0x00007f77cff19778] Compiler: c1, Barriers: 1, Oops: 0, ImmediateOops: 0, NonImmediateOops: No
[7,752s][debug  ][gc,nmethod     ] Register NMethod: sun.nio.ch.NativeThreadSet.add (0x00007f77cff18690) [0x00007f77cff18880, 0x00007f77cff18f78] Compiler: c1, Barriers: 5, Oops: 0, ImmediateOops: 0, NonImmediateOops: No
[7,753s][debug  ][gc,nmethod     ] Register NMethod: io.sirix.page.PageKind$1.serializePage (0x00007f77cff86810) [0x00007f77cff873e0, 0x00007f77cff8ede8] Compiler: c1, Barriers: 42, Oops: 8, ImmediateOops: 12, NonImmediateOops: No
[7,754s][debug  ][gc,nmethod     ] Register NMethod: sun.nio.ch.IOStatus.normalize (0x00007f77cff18310) [0x00007f77cff184a0, 0x00007f77cff18600] Compiler: c1, Barriers: 0, Oops: 0, ImmediateOops: 0, NonImmediateOops: No
[7,754s][debug  ][gc,nmethod     ] Register NMethod: sun.nio.ch.UnixFileDispatcherImpl.size0 (0x00007f77ef3beb10) [0x00007f77ef3beca0, 0x00007f77ef3bee80] Compiler: , Barriers: 0, Oops: 0, ImmediateOops: 1, NonImmediateOops: No
[7,754s][debug  ][gc,nmethod     ] Register NMethod: sun.nio.ch.UnixFileDispatcherImpl.size (0x00007f77cff17f90) [0x00007f77cff18140, 0x00007f77cff18280] Compiler: c1, Barriers: 0, Oops: 0, ImmediateOops: 0, NonImmediateOops: No
[7,755s][debug  ][gc,nmethod     ] Register NMethod: sun.nio.ch.FileChannelImpl.size (0x00007f77cff92090) [0x00007f77cff923c0, 0x00007f77cff93598] Compiler: c1, Barriers: 6, Oops: 0, ImmediateOops: 1, NonImmediateOops: No
[7,756s][debug  ][gc,nmethod     ] Register NMethod: io.sirix.access.trx.page.NodePageTrx.commit (0x00007f77cff93e90) [0x00007f77cff94100, 0x00007f77cff94b58] Compiler: c1, Barriers: 12, Oops: 1, ImmediateOops: 0, NonImmediateOops: No
[7,756s][debug  ][gc,nmethod     ] Register NMethod: io.sirix.page.PagePersister.serializePage (0x00007f77cff94e10) [0x00007f77cff95020, 0x00007f77cff956b0] Compiler: c1, Barriers: 1, Oops: 2, ImmediateOops: 1, NonImmediateOops: No
[7,756s][debug  ][gc,nmethod     ] Register NMethod: io.sirix.io.filechannel.FileChannelWriter.write (0x00007f77cff17c10) [0x00007f77cff17dc0, 0x00007f77cff17f00] Compiler: c1, Barriers: 0, Oops: 1, ImmediateOops: 0, NonImmediateOops: No
[7,756s][debug  ][gc,nmethod     ] Register NMethod: io.sirix.io.filechannel.FileChannelWriter.write (0x00007f77cff17610) [0x00007f77cff177e0, 0x00007f77cff17a80] Compiler: c1, Barriers: 0, Oops: 1, ImmediateOops: 0, NonImmediateOops: No
[7,756s][debug  ][gc,nmethod     ] Register NMethod: io.sirix.page.PageKind.getKind (0x00007f77cff95910) [0x00007f77cff95ae0, 0x00007f77cff95f58] Compiler: c1, Barriers: 1, Oops: 2, ImmediateOops: 1, NonImmediateOops: No
[7,756s][debug  ][gc,nmethod     ] Register NMethod: net.openhft.chronicle.bytes.VanillaBytes.write (0x00007f77cff96110) [0x00007f77cff962c0, 0x00007f77cff96470] Compiler: c1, Barriers: 0, Oops: 1, ImmediateOops: 0, NonImmediateOops: No
[7,756s][debug  ][gc,nmethod     ] Register NMethod: io.sirix.io.filechannel.FileChannelWriter.getOffset (0x00007f77cff96590) [0x00007f77cff96760, 0x00007f77cff96b00] Compiler: c1, Barriers: 1, Oops: 1, ImmediateOops: 0, NonImmediateOops: No
[7,756s][debug  ][gc,nmethod     ] Register NMethod: net.openhft.chronicle.bytes.VanillaBytes.write (0x00007f77cff96c90) [0x00007f77cff96e60, 0x00007f77cff97110] Compiler: c1, Barriers: 1, Oops: 1, ImmediateOops: 0, NonImmediateOops: No
[7,757s][debug  ][gc,nmethod     ] Register NMethod: net.openhft.chronicle.bytes.internal.NativeBytesStore.write (0x00007f77cff97290) [0x00007f77cff97440, 0x00007f77cff97590] Compiler: c1, Barriers: 0, Oops: 1, ImmediateOops: 0, NonImmediateOops: No
[7,757s][debug  ][gc,nmethod     ] Register NMethod: net.openhft.chronicle.bytes.AbstractBytes.canReadDirect (0x00007f77cff97690) [0x00007f77cff97840, 0x00007f77cff97b70] Compiler: c1, Barriers: 1, Oops: 1, ImmediateOops: 0, NonImmediateOops: No
[7,757s][debug  ][gc,nmethod     ] Register NMethod: net.openhft.chronicle.bytes.VanillaBytes.write0 (0x00007f77cff97c90) [0x00007f77cff97f00, 0x00007f77cff98ab8] Compiler: c1, Barriers: 1, Oops: 1, ImmediateOops: 0, NonImmediateOops: No
[7,757s][debug  ][gc,nmethod     ] Register NMethod: io.sirix.page.KeyValueLeafPage.commit (0x00007f77cff98d90) [0x00007f77cff98fc0, 0x00007f77cff99790] Compiler: c1, Barriers: 2, Oops: 1, ImmediateOops: 0, NonImmediateOops: No
[7,757s][debug  ][gc,nmethod     ] Register NMethod: net.openhft.chronicle.bytes.Bytes.bytesForWrite (0x00007f77cff99a10) [0x00007f77cff99c20, 0x00007f77cff9a360] Compiler: c1, Barriers: 1, Oops: 1, ImmediateOops: 1, NonImmediateOops: No
[7,757s][debug  ][gc,nmethod     ] Register NMethod: net.openhft.chronicle.bytes.internal.NativeBytesStore.write (0x00007f77cff9a590) [0x00007f77cff9a820, 0x00007f77cff9b2c0] Compiler: c1, Barriers: 1, Oops: 1, ImmediateOops: 1, NonImmediateOops: No
[7,757s][debug  ][gc,nmethod     ] Register NMethod: net.openhft.chronicle.bytes.AbstractBytes.write (0x00007f77cff9b610) [0x00007f77cff9b840, 0x00007f77cff9c230] Compiler: c1, Barriers: 1, Oops: 1, ImmediateOops: 1, NonImmediateOops: No
[7,758s][debug  ][gc,nmethod     ] Register NMethod: java.nio.channels.spi.AbstractInterruptibleChannel.begin (0x00007f77cff9c510) [0x00007f77cff9c720, 0x00007f77cff9cea0] Compiler: c1, Barriers: 11, Oops: 0, ImmediateOops: 1, NonImmediateOops: No
[7,758s][debug  ][gc,nmethod     ] Register NMethod: java.nio.channels.spi.AbstractInterruptibleChannel.end (0x00007f77cff9d110) [0x00007f77cff9d320, 0x00007f77cff9d8f0] Compiler: c1, Barriers: 6, Oops: 0, ImmediateOops: 1, NonImmediateOops: No
[7,759s][debug  ][gc,director    ] Rule Major: Warmup 20%, Used: 1476MB, UsedThreshold: 3072MB
[7,759s][debug  ][gc,director    ] Select Minor GC Workers (Not Warm), GCWorkers: 5,000
[7,759s][debug  ][gc,director    ] Rule Minor: Allocation Rate (Dynamic GC Workers), MaxAllocRate: 290,5MB/s (+/-29,2%), Free: 13842MB, GCCPUTime: 2,329, GCDuration: 0,474s, TimeUntilOOM: 36,877s, TimeUntilGC: 36,403s, GCWorkers: 5
[7,759s][debug  ][gc,director    ] Select Minor GC Workers (Not Warm), GCWorkers: 5,000
[7,759s][debug  ][gc,director    ] Rule Minor: Allocation Rate (Dynamic GC Workers), MaxAllocRate: 1153,2MB/s (+/-29,2%), Free: 13842MB, GCCPUTime: 2,329, GCDuration: 0,474s, TimeUntilOOM: 9,291s, TimeUntilGC: 8,817s, GCWorkers: 5
[7,759s][debug  ][gc,director    ] Rule Minor: High Usage, Free: 13842MB(90,1%)
[7,761s][debug  ][gc,nmethod     ] Register NMethod: io.sirix.io.filechannel.FileChannelWriter.writePageReference (0x00007f77cff9db10) [0x00007f77cff9e3c0, 0x00007f77cffa40f0] Compiler: c1, Barriers: 48, Oops: 5, ImmediateOops: 13, NonImmediateOops: No
[7,761s][debug  ][gc,nmethod     ] Register NMethod: net.openhft.chronicle.bytes.internal.NativeBytesStore.write0 (0x00007f77ef3bee90) [0x00007f77ef3bf0a0, 0x00007f77ef3c0178] Compiler: c2, Barriers: 18, Oops: 2, ImmediateOops: 0, NonImmediateOops: No
[7,762s][debug  ][gc,nmethod     ] Register NMethod: net.openhft.chronicle.bytes.AbstractBytes.writePosition (0x00007f77cffa6c10) [0x00007f77cffa6e20, 0x00007f77cffa7680] Compiler: c1, Barriers: 1, Oops: 1, ImmediateOops: 0, NonImmediateOops: No
[7,769s][debug  ][gc,director    ] Rule Major: Warmup 20%, Used: 1478MB, UsedThreshold: 3072MB
[7,769s][debug  ][gc,director    ] Select Minor GC Workers (Not Warm), GCWorkers: 5,000
[7,769s][debug  ][gc,director    ] Rule Minor: Allocation Rate (Dynamic GC Workers), MaxAllocRate: 290,5MB/s (+/-29,2%), Free: 13840MB, GCCPUTime: 2,329, GCDuration: 0,474s, TimeUntilOOM: 36,872s, TimeUntilGC: 36,398s, GCWorkers: 5
[7,769s][debug  ][gc,director    ] Select Minor GC Workers (Not Warm), GCWorkers: 5,000
[7,769s][debug  ][gc,director    ] Rule Minor: Allocation Rate (Dynamic GC Workers), MaxAllocRate: 1153,2MB/s (+/-29,2%), Free: 13840MB, GCCPUTime: 2,329, GCDuration: 0,474s, TimeUntilOOM: 9,290s, TimeUntilGC: 8,816s, GCWorkers: 5
[7,769s][debug  ][gc,director    ] Rule Minor: High Usage, Free: 13840MB(90,1%)
[7,775s][debug  ][gc,nmethod     ] Register NMethod: net.openhft.chronicle.bytes.internal.NativeBytesStore.write0 (0x00007f77ef3c0610) [0x00007f77ef3c0860, 0x00007f77ef3c2290] Compiler: c2, Barriers: 30, Oops: 2, ImmediateOops: 0, NonImmediateOops: No
[7,776s][debug  ][gc,nmethod     ] Register NMethod: sun.nio.ch.NativeDispatcher.needsPositionLock (0x00007f77ef3c2710) [0x00007f77ef3c28a0, 0x00007f77ef3c2960] Compiler: c1, Barriers: 0, Oops: 0, ImmediateOops: 0, NonImmediateOops: No
[7,779s][debug  ][gc,director    ] Rule Major: Warmup 20%, Used: 1482MB, UsedThreshold: 3072MB
[7,779s][debug  ][gc,director    ] Select Minor GC Workers (Not Warm), GCWorkers: 5,000
[7,779s][debug  ][gc,director    ] Rule Minor: Allocation Rate (Dynamic GC Workers), MaxAllocRate: 290,5MB/s (+/-29,2%), Free: 13836MB, GCCPUTime: 2,329, GCDuration: 0,474s, TimeUntilOOM: 36,861s, TimeUntilGC: 36,387s, GCWorkers: 5
[7,779s][debug  ][gc,director    ] Select Minor GC Workers (Not Warm), GCWorkers: 5,000
[7,779s][debug  ][gc,director    ] Rule Minor: Allocation Rate (Dynamic GC Workers), MaxAllocRate: 1153,2MB/s (+/-29,2%), Free: 13836MB, GCCPUTime: 2,329, GCDuration: 0,474s, TimeUntilOOM: 9,287s, TimeUntilGC: 8,813s, GCWorkers: 5
[7,779s][debug  ][gc,director    ] Rule Minor: High Usage, Free: 13836MB(90,1%)
[7,781s][debug  ][gc,nmethod     ] Register NMethod: io.sirix.page.PageReference.getHash (0x00007f77ef3c2a10) [0x00007f77ef3c2ba0, 0x00007f77ef3c2c90] Compiler: c1, Barriers: 1, Oops: 1, ImmediateOops: 0, NonImmediateOops: No
[7,781s][debug  ][gc,nmethod     ] Register NMethod: net.openhft.chronicle.bytes.internal.NativeBytesStore.writeLong (0x00007f77cffa7890) [0x00007f77cffa7a40, 0x00007f77cffa7b80] Compiler: c1, Barriers: 0, Oops: 1, ImmediateOops: 0, NonImmediateOops: No
[7,781s][debug  ][gc,nmethod     ] Register NMethod: io.sirix.page.PageReference.getPageFragments (0x00007f77ef3c2d10) [0x00007f77ef3c2ea0, 0x00007f77ef3c2f90] Compiler: c1, Barriers: 1, Oops: 1, ImmediateOops: 0, NonImmediateOops: No
[7,781s][debug  ][gc,nmethod     ] Register NMethod: io.sirix.page.SerializationType.writePageFragments (0x00007f77cffa7c90) [0x00007f77cffa7f00, 0x00007f77cffa8998] Compiler: c1, Barriers: 1, Oops: 1, ImmediateOops: 0, NonImmediateOops: No
[7,782s][debug  ][gc,nmethod     ] Register NMethod: io.sirix.page.SerializationType.writeHash (0x00007f77cffa8d10) [0x00007f77cffa8f40, 0x00007f77cffa9848] Compiler: c1, Barriers: 3, Oops: 1, ImmediateOops: 0, NonImmediateOops: No
[7,784s][debug  ][gc,nmethod     ] Register NMethod: net.openhft.chronicle.bytes.NativeBytes.writeLong (0x00007f77ef3c3010) [0x00007f77ef3c3200, 0x00007f77ef3c36e0] Compiler: c2, Barriers: 5, Oops: 1, ImmediateOops: 0, NonImmediateOops: No
[7,784s][debug  ][gc,nmethod     ] Register NMethod: net.openhft.chronicle.bytes.NativeBytes.writeLong (0x00007f77ef3c3b90) [0x00007f77ef3c3d80, 0x00007f77ef3c42d0] Compiler: c2, Barriers: 6, Oops: 1, ImmediateOops: 0, NonImmediateOops: No
[7,787s][debug  ][gc,nmethod     ] Register NMethod: net.openhft.chronicle.bytes.internal.NativeBytesStore.underlyingObject (0x00007f77ef3c4790) [0x00007f77ef3c4920, 0x00007f77ef3c4a10] Compiler: c1, Barriers: 1, Oops: 1, ImmediateOops: 0, NonImmediateOops: No
[7,790s][debug  ][gc,director    ] Rule Major: Warmup 20%, Used: 1484MB, UsedThreshold: 3072MB
[7,790s][debug  ][gc,director    ] Select Minor GC Workers (Not Warm), GCWorkers: 5,000
[7,790s][debug  ][gc,director    ] Rule Minor: Allocation Rate (Dynamic GC Workers), MaxAllocRate: 290,5MB/s (+/-29,2%), Free: 13834MB, GCCPUTime: 2,329, GCDuration: 0,474s, TimeUntilOOM: 36,856s, TimeUntilGC: 36,382s, GCWorkers: 5
[7,790s][debug  ][gc,director    ] Select Minor GC Workers (Not Warm), GCWorkers: 5,000
[7,790s][debug  ][gc,director    ] Rule Minor: Allocation Rate (Dynamic GC Workers), MaxAllocRate: 1153,2MB/s (+/-29,2%), Free: 13834MB, GCCPUTime: 2,329, GCDuration: 0,474s, TimeUntilOOM: 9,286s, TimeUntilGC: 8,812s, GCWorkers: 5
[7,790s][debug  ][gc,director    ] Rule Minor: High Usage, Free: 13834MB(90,1%)
[7,792s][debug  ][gc,nmethod     ] Register NMethod: net.openhft.chronicle.core.UnsafeMemory.readBytes (0x00007f77ef3c4a90) [0x00007f77ef3c4c20, 0x00007f77ef3c4df8] Compiler: c2, Barriers: 0, Oops: 2, ImmediateOops: 0, NonImmediateOops: No
[7,797s][debug  ][gc,nmethod     ] Register NMethod: java.nio.MappedByteBuffer.position (0x00007f77cffa9b90) [0x00007f77cffa9d40, 0x00007f77cffa9f48] Compiler: c1, Barriers: 0, Oops: 0, ImmediateOops: 0, NonImmediateOops: No
[7,800s][debug  ][gc,director    ] Rule Major: Warmup 20%, Used: 1486MB, UsedThreshold: 3072MB
[7,800s][debug  ][gc,director    ] Select Minor GC Workers (Not Warm), GCWorkers: 5,000
[7,800s][debug  ][gc,director    ] Rule Minor: Allocation Rate (Dynamic GC Workers), MaxAllocRate: 290,5MB/s (+/-29,2%), Free: 13832MB, GCCPUTime: 2,329, GCDuration: 0,474s, TimeUntilOOM: 36,851s, TimeUntilGC: 36,377s, GCWorkers: 5
[7,800s][debug  ][gc,director    ] Select Minor GC Workers (Not Warm), GCWorkers: 5,000
[7,800s][debug  ][gc,director    ] Rule Minor: Allocation Rate (Dynamic GC Workers), MaxAllocRate: 1153,2MB/s (+/-29,2%), Free: 13832MB, GCCPUTime: 2,329, GCDuration: 0,474s, TimeUntilOOM: 9,285s, TimeUntilGC: 8,810s, GCWorkers: 5
[7,800s][debug  ][gc,director    ] Rule Minor: High Usage, Free: 13832MB(90,1%)
[7,801s][debug  ][gc,nmethod     ] Register NMethod: java.util.concurrent.ConcurrentHashMap$Traverser.advance (0x00007f77ef3c5010) [0x00007f77ef3c51c0, 0x00007f77ef3c5628] Compiler: c2, Barriers: 10, Oops: 0, ImmediateOops: 0, NonImmediateOops: No
[7,804s][debug  ][gc,nmethod     ] Register NMethod: java.lang.invoke.MethodHandleImpl$CountingWrapper.maybeStopCounting (0x00007f77cffaa090) [0x00007f77cffaa260, 0x00007f77cffaa6d0] Compiler: c1, Barriers: 3, Oops: 0, ImmediateOops: 0, NonImmediateOops: No
[7,804s][debug  ][gc,nmethod     ] Register NMethod: java.lang.Math.multiplyExact (0x00007f77cffaa890) [0x00007f77cffaaa60, 0x00007f77cffaaf88] Compiler: c1, Barriers: 0, Oops: 0, ImmediateOops: 1, NonImmediateOops: No
[7,810s][debug  ][gc,director    ] Rule Major: Warmup 20%, Used: 1490MB, UsedThreshold: 3072MB
[7,810s][debug  ][gc,director    ] Select Minor GC Workers (Not Warm), GCWorkers: 5,000
[7,810s][debug  ][gc,director    ] Rule Minor: Allocation Rate (Dynamic GC Workers), MaxAllocRate: 290,5MB/s (+/-29,2%), Free: 13828MB, GCCPUTime: 2,329, GCDuration: 0,474s, TimeUntilOOM: 36,840s, TimeUntilGC: 36,366s, GCWorkers: 5
[7,810s][debug  ][gc,director    ] Select Minor GC Workers (Not Warm), GCWorkers: 5,000
[7,810s][debug  ][gc,director    ] Rule Minor: Allocation Rate (Dynamic GC Workers), MaxAllocRate: 1153,2MB/s (+/-29,2%), Free: 13828MB, GCCPUTime: 2,329, GCDuration: 0,474s, TimeUntilOOM: 9,282s, TimeUntilGC: 8,808s, GCWorkers: 5
[7,810s][debug  ][gc,director    ] Rule Minor: High Usage, Free: 13828MB(90,0%)
[7,820s][debug  ][gc,director    ] Rule Major: Warmup 20%, Used: 1490MB, UsedThreshold: 3072MB
[7,820s][debug  ][gc,director    ] Select Minor GC Workers (Not Warm), GCWorkers: 5,000
[7,820s][debug  ][gc,director    ] Rule Minor: Allocation Rate (Dynamic GC Workers), MaxAllocRate: 290,5MB/s (+/-29,2%), Free: 13828MB, GCCPUTime: 2,329, GCDuration: 0,474s, TimeUntilOOM: 36,840s, TimeUntilGC: 36,366s, GCWorkers: 5
[7,820s][debug  ][gc,director    ] Select Minor GC Workers (Not Warm), GCWorkers: 5,000
[7,820s][debug  ][gc,director    ] Rule Minor: Allocation Rate (Dynamic GC Workers), MaxAllocRate: 1153,2MB/s (+/-29,2%), Free: 13828MB, GCCPUTime: 2,329, GCDuration: 0,474s, TimeUntilOOM: 9,282s, TimeUntilGC: 8,808s, GCWorkers: 5
[7,820s][debug  ][gc,director    ] Rule Minor: High Usage, Free: 13828MB(90,0%)
[7,823s][debug  ][gc,nmethod     ] Register NMethod: java.nio.Buffer$2.acquireSession (0x00007f77cffab110) [0x00007f77cffab2e0, 0x00007f77cffab710] Compiler: c1, Barriers: 1, Oops: 0, ImmediateOops: 0, NonImmediateOops: No
[7,823s][debug  ][gc,nmethod     ] Register NMethod: sun.nio.ch.IOUtil.bufferAddress (0x00007f77cffab890) [0x00007f77cffaba20, 0x00007f77cffabb80] Compiler: c1, Barriers: 0, Oops: 0, ImmediateOops: 1, NonImmediateOops: No
[7,823s][debug  ][gc,nmethod     ] Register NMethod: java.nio.Buffer$2.releaseSession (0x00007f77cffabc90) [0x00007f77cffabe80, 0x00007f77cffac398] Compiler: c1, Barriers: 1, Oops: 0, ImmediateOops: 0, NonImmediateOops: No
[7,823s][debug  ][gc,nmethod     ] Register NMethod: java.nio.Buffer$2.getBufferAddress (0x00007f77cffac610) [0x00007f77cffac7a0, 0x00007f77cffac8b0] Compiler: c1, Barriers: 0, Oops: 0, ImmediateOops: 0, NonImmediateOops: No
[7,824s][debug  ][gc,nmethod     ] Register NMethod: sun.nio.ch.IOUtil.acquireScope (0x00007f77cffac990) [0x00007f77cffacbe0, 0x00007f77cffad5a8] Compiler: c1, Barriers: 2, Oops: 0, ImmediateOops: 3, NonImmediateOops: No
[7,824s][debug  ][gc,nmethod     ] Register NMethod: sun.nio.ch.IOUtil.releaseScope (0x00007f77cffad890) [0x00007f77cffadaa0, 0x00007f77cffae128] Compiler: c1, Barriers: 1, Oops: 0, ImmediateOops: 1, NonImmediateOops: No
[7,825s][debug  ][gc,nmethod     ] Register NMethod: java.lang.StringBuilder.charAt (0x00007f77cffae410) [0x00007f77cffae5c0, 0x00007f77cffae700] Compiler: c1, Barriers: 0, Oops: 0, ImmediateOops: 0, NonImmediateOops: No
[7,825s][debug  ][gc,nmethod     ] Register NMethod: java.lang.AbstractStringBuilder.charAt (0x00007f77cffae790) [0x00007f77cffae960, 0x00007f77cffaece8] Compiler: c1, Barriers: 2, Oops: 1, ImmediateOops: 1, NonImmediateOops: No
[7,825s][debug  ][gc,nmethod     ] Register NMethod: net.openhft.chronicle.bytes.StreamingDataInput.rawReadByte (0x00007f77cffaee90) [0x00007f77cffaf040, 0x00007f77cffaf220] Compiler: c1, Barriers: 0, Oops: 1, ImmediateOops: 0, NonImmediateOops: No
[7,826s][debug  ][gc,nmethod     ] Register NMethod: net.jpountz.util.SafeUtils.readIntLE (0x00007f77cffaf310) [0x00007f77cffaf4a0, 0x00007f77cffaf648] Compiler: c1, Barriers: 0, Oops: 1, ImmediateOops: 0, NonImmediateOops: No
[7,826s][debug  ][gc,nmethod     ] Register NMethod: net.openhft.chronicle.core.UnsafeMemory.readInt (0x00007f77cffaf790) [0x00007f77cffaf920, 0x00007f77cffafae8] Compiler: c1, Barriers: 0, Oops: 1, ImmediateOops: 1, NonImmediateOops: No
[7,826s][debug  ][gc,nmethod     ] Register NMethod: net.openhft.chronicle.bytes.AbstractBytes.readInt (0x00007f77cffafb90) [0x00007f77cffafd60, 0x00007f77cffb00d8] Compiler: c1, Barriers: 1, Oops: 1, ImmediateOops: 0, NonImmediateOops: No
[7,827s][debug  ][gc,nmethod     ] Register NMethod: jdk.internal.misc.Unsafe.convEndian (0x00007f77ef3c5790) [0x00007f77ef3c5900, 0x00007f77ef3c5978] Compiler: c2, Barriers: 0, Oops: 0, ImmediateOops: 0, NonImmediateOops: No
[7,827s][debug  ][gc,nmethod     ] Register NMethod: net.openhft.chronicle.bytes.internal.HeapBytesStore.readInt (0x00007f77cffb0210) [0x00007f77cffb0400, 0x00007f77cffb0b30] Compiler: c1, Barriers: 3, Oops: 1, ImmediateOops: 2, NonImmediateOops: No
[7,827s][debug  ][gc,nmethod     ] Register NMethod: java.lang.StringBuilder.append (0x00007f77cffb0d90) [0x00007f77cffb0f40, 0x00007f77cffb10f0] Compiler: c1, Barriers: 0, Oops: 0, ImmediateOops: 0, NonImmediateOops: No
[7,828s][debug  ][gc,nmethod     ] Register NMethod: java.lang.invoke.MethodHandle.linkToStatic (0x00007f77ef3c5a90) [0x00007f77ef3c5c00, 0x00007f77ef3c5cf0] Compiler: , Barriers: 0, Oops: 0, ImmediateOops: 0, NonImmediateOops: No
[7,828s][debug  ][gc,nmethod     ] Register NMethod: java.lang.invoke.MethodHandle.linkToStatic (0x00007f77ef3c5d90) [0x00007f77ef3c5f00, 0x00007f77ef3c5ff0] Compiler: , Barriers: 0, Oops: 0, ImmediateOops: 0, NonImmediateOops: No
[7,828s][debug  ][gc,nmethod     ] Register NMethod: java.lang.invoke.MethodHandle.linkToStatic (0x00007f77ef3c6090) [0x00007f77ef3c6200, 0x00007f77ef3c62f0] Compiler: , Barriers: 0, Oops: 0, ImmediateOops: 0, NonImmediateOops: No
[7,829s][debug  ][gc,nmethod     ] Register NMethod: java.lang.reflect.Modifier.isFinal (0x00007f77cffb1210) [0x00007f77cffb13a0, 0x00007f77cffb14e8] Compiler: c1, Barriers: 0, Oops: 0, ImmediateOops: 0, NonImmediateOops: No
[7,830s][debug  ][gc,director    ] Rule Major: Warmup 20%, Used: 1490MB, UsedThreshold: 3072MB
[7,831s][debug  ][gc,director    ] Select Minor GC Workers (Not Warm), GCWorkers: 5,000
[7,831s][debug  ][gc,director    ] Rule Minor: Allocation Rate (Dynamic GC Workers), MaxAllocRate: 290,5MB/s (+/-29,2%), Free: 13828MB, GCCPUTime: 2,329, GCDuration: 0,474s, TimeUntilOOM: 36,840s, TimeUntilGC: 36,366s, GCWorkers: 5
[7,831s][debug  ][gc,director    ] Select Minor GC Workers (Not Warm), GCWorkers: 5,000
[7,831s][debug  ][gc,director    ] Rule Minor: Allocation Rate (Dynamic GC Workers), MaxAllocRate: 1153,2MB/s (+/-29,2%), Free: 13828MB, GCCPUTime: 2,329, GCDuration: 0,474s, TimeUntilOOM: 9,282s, TimeUntilGC: 8,808s, GCWorkers: 5
[7,831s][debug  ][gc,director    ] Rule Minor: High Usage, Free: 13828MB(90,0%)
[7,833s][debug  ][gc,nmethod     ] Register NMethod: java.lang.Thread.isVirtual (0x00007f77cffb1590) [0x00007f77cffb1720, 0x00007f77cffb1908] Compiler: c1, Barriers: 0, Oops: 0, ImmediateOops: 0, NonImmediateOops: No
[7,833s][debug  ][gc,nmethod     ] Register NMethod: jdk.internal.vm.Continuation.enterSpecial (0x00007f77ef3c6390) [0x00007f77ef3c6520, 0x00007f77ef3c6718] Compiler: , Barriers: 0, Oops: 0, ImmediateOops: 0, NonImmediateOops: No
[7,837s][debug  ][gc,nmethod     ] Register NMethod: net.openhft.chronicle.bytes.StreamingDataInput.read (0x00007f77cffb1990) [0x00007f77cffb1b40, 0x00007f77cffb1d30] Compiler: c1, Barriers: 0, Oops: 1, ImmediateOops: 0, NonImmediateOops: No
[7,837s][debug  ][gc,nmethod     ] Register NMethod: net.openhft.chronicle.bytes.VanillaBytes.read (0x00007f77cffb1e10) [0x00007f77cffb2040, 0x00007f77cffb28f8] Compiler: c1, Barriers: 2, Oops: 1, ImmediateOops: 0, NonImmediateOops: No
[7,837s][debug  ][gc,nmethod     ] Register NMethod: net.openhft.chronicle.bytes.AbstractBytes$ReportUnoptimised.reportOnce (0x00007f77cfe75210) [0x00007f77cfe753a0, 0x00007f77cfe75488] Compiler: c1, Barriers: 0, Oops: 1, ImmediateOops: 0, NonImmediateOops: No
[7,837s][debug  ][gc,nmethod     ] Register NMethod: jdk.internal.loader.Resource.getBytes (0x00007f77cffb2b90) [0x00007f77cffb2ec0, 0x00007f77cffb44b8] Compiler: c1, Barriers: 10, Oops: 0, ImmediateOops: 1, NonImmediateOops: No
[7,837s][debug  ][gc,nmethod     ] Register NMethod: net.openhft.chronicle.bytes.AbstractBytes.read (0x00007f77cffb4d10) [0x00007f77cffb4f20, 0x00007f77cffb56f8] Compiler: c1, Barriers: 2, Oops: 1, ImmediateOops: 0, NonImmediateOops: No
[7,838s][debug  ][gc,nmethod     ] Register NMethod: java.lang.invoke.MethodHandle.linkToStatic (0x00007f77ef3c6790) [0x00007f77ef3c6900, 0x00007f77ef3c69f0] Compiler: , Barriers: 0, Oops: 0, ImmediateOops: 0, NonImmediateOops: No
[7,839s][debug  ][gc,nmethod     ] Register NMethod: java.lang.invoke.MethodHandle.invokeBasic (0x00007f77ef3c6a90) [0x00007f77ef3c6c20, 0x00007f77ef3c6eb8] Compiler: , Barriers: 0, Oops: 0, ImmediateOops: 0, NonImmediateOops: No
[7,839s][debug  ][gc,nmethod     ] Register NMethod: java.lang.invoke.MethodHandle.linkToSpecial (0x00007f77ef3c6f10) [0x00007f77ef3c7080, 0x00007f77ef3c7178] Compiler: , Barriers: 0, Oops: 0, ImmediateOops: 0, NonImmediateOops: No
[7,839s][debug  ][gc,nmethod     ] Register NMethod: java.lang.invoke.MethodHandle.invokeBasic (0x00007f77ef3c7210) [0x00007f77ef3c73a0, 0x00007f77ef3c7638] Compiler: , Barriers: 0, Oops: 0, ImmediateOops: 0, NonImmediateOops: No
[7,840s][debug  ][gc,nmethod     ] Register NMethod: java.nio.channels.spi.AbstractInterruptibleChannel.begin (0x00007f77cffb5a10) [0x00007f77cffb5c40, 0x00007f77cffb63f0] Compiler: c1, Barriers: 11, Oops: 0, ImmediateOops: 1, NonImmediateOops: No
[7,840s][debug  ][gc,nmethod     ] Register NMethod: io.sirix.page.KeyValueLeafPage.setDeweyId (0x00007f77cffb6690) [0x00007f77cffb6840, 0x00007f77cffb6b18] Compiler: c1, Barriers: 4, Oops: 1, ImmediateOops: 0, NonImmediateOops: No
[7,840s][debug  ][gc,nmethod     ] Register NMethod: io.sirix.page.KeyValueLeafPage.getDeweyId (0x00007f77cffb6c10) [0x00007f77cffb6dc0, 0x00007f77cffb6f50] Compiler: c1, Barriers: 2, Oops: 1, ImmediateOops: 0, NonImmediateOops: No
[7,840s][debug  ][gc,nmethod     ] Register NMethod: io.sirix.node.HashEntryNode.getKey (0x00007f77ef3c7690) [0x00007f77ef3c7820, 0x00007f77ef3c78e0] Compiler: c1, Barriers: 0, Oops: 1, ImmediateOops: 0, NonImmediateOops: No
[7,841s][debug  ][gc,nmethod     ] Register NMethod: io.sirix.page.KeyValueLeafPage.getSlot (0x00007f77cffb7010) [0x00007f77cffb71c0, 0x00007f77cffb7350] Compiler: c1, Barriers: 2, Oops: 1, ImmediateOops: 0, NonImmediateOops: No
[7,841s][debug  ][gc,director    ] Rule Major: Warmup 20%, Used: 1490MB, UsedThreshold: 3072MB
[7,841s][debug  ][gc,director    ] Select Minor GC Workers (Not Warm), GCWorkers: 5,000
[7,841s][debug  ][gc,director    ] Rule Minor: Allocation Rate (Dynamic GC Workers), MaxAllocRate: 290,5MB/s (+/-29,2%), Free: 13828MB, GCCPUTime: 2,329, GCDuration: 0,474s, TimeUntilOOM: 36,840s, TimeUntilGC: 36,366s, GCWorkers: 5
[7,841s][debug  ][gc,director    ] Select Minor GC Workers (Not Warm), GCWorkers: 5,000
[7,841s][debug  ][gc,director    ] Rule Minor: Allocation Rate (Dynamic GC Workers), MaxAllocRate: 1153,2MB/s (+/-29,2%), Free: 13828MB, GCCPUTime: 2,329, GCDuration: 0,474s, TimeUntilOOM: 9,282s, TimeUntilGC: 8,808s, GCWorkers: 5
[7,841s][debug  ][gc,director    ] Rule Minor: High Usage, Free: 13828MB(90,0%)
[7,841s][debug  ][gc,nmethod     ] Register NMethod: io.sirix.node.HashCountEntryNode.getValue (0x00007f77ef3c7990) [0x00007f77ef3c7b20, 0x00007f77ef3c7be0] Compiler: c1, Barriers: 0, Oops: 1, ImmediateOops: 0, NonImmediateOops: No
[7,841s][debug  ][gc,nmethod     ] Register NMethod: io.sirix.page.KeyValueLeafPage.setSlot (0x00007f77cffb7410) [0x00007f77cffb75c0, 0x00007f77cffb7950] Compiler: c1, Barriers: 4, Oops: 1, ImmediateOops: 0, NonImmediateOops: No
[7,841s][debug  ][gc,nmethod     ] Register NMethod: io.sirix.node.HashEntryNode.getValue (0x00007f77ef3c7c90) [0x00007f77ef3c7e20, 0x00007f77ef3c7f10] Compiler: c1, Barriers: 1, Oops: 1, ImmediateOops: 0, NonImmediateOops: No
[7,842s][debug  ][gc,nmethod     ] Register NMethod: io.sirix.cache.IndexLogKey.<init> (0x00007f77cffb7a90) [0x00007f77cffb7c40, 0x00007f77cffb7e20] Compiler: c1, Barriers: 3, Oops: 1, ImmediateOops: 0, NonImmediateOops: No
[7,842s][debug  ][gc,nmethod     ] Register NMethod: net.openhft.chronicle.bytes.AbstractBytes.clear (0x00007f77cffb7f10) [0x00007f77cffb80e0, 0x00007f77cffb8698] Compiler: c1, Barriers: 1, Oops: 1, ImmediateOops: 0, NonImmediateOops: No
[7,842s][debug  ][gc,nmethod     ] Register NMethod: net.openhft.chronicle.core.UnsafeMemory.readByte (0x00007f77cffb8810) [0x00007f77cffb89c0, 0x00007f77cffb8bb0] Compiler: c1, Barriers: 0, Oops: 2, ImmediateOops: 2, NonImmediateOops: No
[7,842s][debug  ][gc,nmethod     ] Register NMethod: jdk.internal.misc.Unsafe.getByte (0x00007f77cffb8c90) [0x00007f77cffb8e20, 0x00007f77cffb8f38] Compiler: c1, Barriers: 0, Oops: 0, ImmediateOops: 0, NonImmediateOops: No
[7,842s][debug  ][gc,nmethod     ] Register NMethod: sun.misc.Unsafe.getByte (0x00007f77cffb9010) [0x00007f77cffb91a0, 0x00007f77cffb9320] Compiler: c1, Barriers: 0, Oops: 1, ImmediateOops: 1, NonImmediateOops: No
[7,842s][debug  ][gc,nmethod     ] Register NMethod: java.lang.String.checkIndex (0x00007f77ef3c7f90) [0x00007f77ef3c8100, 0x00007f77ef3c81a0] Compiler: c2, Barriers: 0, Oops: 1, ImmediateOops: 0, NonImmediateOops: No
[7,842s][debug  ][gc,nmethod     ] Register NMethod: java.lang.StringBuilder.setCharAt (0x00007f77cffb9410) [0x00007f77cffb95c0, 0x00007f77cffb9700] Compiler: c1, Barriers: 0, Oops: 0, ImmediateOops: 0, NonImmediateOops: No
[7,842s][debug  ][gc,nmethod     ] Register NMethod: net.openhft.chronicle.bytes.internal.NativeBytesStore.readByte (0x00007f77cffb9790) [0x00007f77cffb9960, 0x00007f77cffb9d08] Compiler: c1, Barriers: 1, Oops: 2, ImmediateOops: 2, NonImmediateOops: No
[7,843s][debug  ][gc,nmethod     ] Register NMethod: net.openhft.chronicle.bytes.AbstractBytes.readByte (0x00007f77cffb9e90) [0x00007f77cffba040, 0x00007f77cffba318] Compiler: c1, Barriers: 1, Oops: 1, ImmediateOops: 0, NonImmediateOops: No
[7,843s][debug  ][gc,nmethod     ] Register NMethod: io.sirix.cache.IndexLogKey.getIndexType (0x00007f77ef3c8290) [0x00007f77ef3c8420, 0x00007f77ef3c8510] Compiler: c1, Barriers: 1, Oops: 1, ImmediateOops: 0, NonImmediateOops: No
[7,843s][debug  ][gc,nmethod     ] Register NMethod: io.sirix.cache.IndexLogKey.getRecordPageKey (0x00007f77ef3c8590) [0x00007f77ef3c8720, 0x00007f77ef3c87e0] Compiler: c1, Barriers: 0, Oops: 1, ImmediateOops: 0, NonImmediateOops: No
[7,843s][debug  ][gc,nmethod     ] Register NMethod: java.lang.AbstractStringBuilder.setCharAt (0x00007f77cffba410) [0x00007f77cffba640, 0x00007f77cffbadf8] Compiler: c1, Barriers: 2, Oops: 1, ImmediateOops: 2, NonImmediateOops: No
[7,843s][debug  ][gc,nmethod     ] Register NMethod: net.openhft.chronicle.core.scoped.StrongReferenceScopedResource.get (0x00007f77ef3c8890) [0x00007f77ef3c8a20, 0x00007f77ef3c8b10] Compiler: c1, Barriers: 1, Oops: 1, ImmediateOops: 0, NonImmediateOops: No
[7,843s][debug  ][gc,nmethod     ] Register NMethod: io.sirix.cache.IndexLogKey.getIndexNumber (0x00007f77ef3c8b90) [0x00007f77ef3c8d20, 0x00007f77ef3c8de0] Compiler: c1, Barriers: 0, Oops: 1, ImmediateOops: 0, NonImmediateOops: No
[7,843s][debug  ][gc,nmethod     ] Register NMethod: io.sirix.cache.IndexLogKey.getRevisionNumber (0x00007f77ef3c8e90) [0x00007f77ef3c9020, 0x00007f77ef3c90e0] Compiler: c1, Barriers: 0, Oops: 1, ImmediateOops: 0, NonImmediateOops: No
[7,843s][debug  ][gc,nmethod     ] Register NMethod: io.sirix.access.trx.page.NodePageReadOnlyTrx$RecordPage.page (0x00007f77ef3c9190) [0x00007f77ef3c9320, 0x00007f77ef3c9410] Compiler: c1, Barriers: 1, Oops: 1, ImmediateOops: 0, NonImmediateOops: No
[7,844s][debug  ][gc,nmethod     ] Register NMethod: io.sirix.access.trx.page.NodePageReadOnlyTrx.getValue (0x00007f77cffbb110) [0x00007f77cffbb3a0, 0x00007f77cffbbed0] Compiler: c1, Barriers: 6, Oops: 1, ImmediateOops: 0, NonImmediateOops: No
[7,844s][debug  ][gc,nmethod     ] Register NMethod: java.lang.Byte.valueOf (0x00007f77cffbc390) [0x00007f77cffbc520, 0x00007f77cffbc668] Compiler: c1, Barriers: 1, Oops: 0, ImmediateOops: 1, NonImmediateOops: No
[7,844s][debug  ][gc,nmethod     ] Register NMethod: java.lang.StringBuilder.setLength (0x00007f77cffbc710) [0x00007f77cffbc8c0, 0x00007f77cffbca00] Compiler: c1, Barriers: 0, Oops: 0, ImmediateOops: 0, NonImmediateOops: No
[7,844s][debug  ][gc,nmethod     ] Register NMethod: java.lang.AbstractStringBuilder.setLength (0x00007f77cffbca90) [0x00007f77cffbcca0, 0x00007f77cffbd220] Compiler: c1, Barriers: 2, Oops: 0, ImmediateOops: 0, NonImmediateOops: No
[7,844s][debug  ][gc,nmethod     ] Register NMethod: it.unimi.dsi.fastutil.ints.Int2IntOpenHashMap.insert (0x00007f77cffbd410) [0x00007f77cffbd5e0, 0x00007f77cffbd8b0] Compiler: c1, Barriers: 2, Oops: 1, ImmediateOops: 0, NonImmediateOops: No
[7,844s][debug  ][gc,nmethod     ] Register NMethod: io.sirix.node.HashEntryNode.<init> (0x00007f77cffbda10) [0x00007f77cffbdbe0, 0x00007f77cffbdf20] Compiler: c1, Barriers: 3, Oops: 1, ImmediateOops: 0, NonImmediateOops: No
[7,844s][debug  ][gc,nmethod     ] Register NMethod: java.lang.ThreadLocal.get (0x00007f77cffbe090) [0x00007f77cffbe240, 0x00007f77cffbe3c8] Compiler: c1, Barriers: 1, Oops: 0, ImmediateOops: 0, NonImmediateOops: No
[7,845s][debug  ][gc,nmethod     ] Register NMethod: net.openhft.chronicle.core.util.StringUtils.getMemory (0x00007f77ef3c9490) [0x00007f77ef3c9600, 0x00007f77ef3c9670] Compiler: c2, Barriers: 0, Oops: 1, ImmediateOops: 1, NonImmediateOops: No
[7,845s][debug  ][gc,nmethod     ] Register NMethod: net.openhft.chronicle.core.Jvm.isJava9Plus (0x00007f77ef3c9790) [0x00007f77ef3c9900, 0x00007f77ef3c9970] Compiler: c2, Barriers: 0, Oops: 1, ImmediateOops: 0, NonImmediateOops: No
[7,845s][debug  ][gc,nmethod     ] Register NMethod: com.google.common.base.Preconditions.checkArgument (0x00007f77ef3c9a90) [0x00007f77ef3c9c00, 0x00007f77ef3c9c88] Compiler: c2, Barriers: 0, Oops: 1, ImmediateOops: 0, NonImmediateOops: No
[7,845s][debug  ][gc,nmethod     ] Register NMethod: java.util.function.UnaryOperator.lambda$identity$0 (0x00007f77cfee1a90) [0x00007f77cfee1c20, 0x00007f77cfee1d08] Compiler: c1, Barriers: 0, Oops: 0, ImmediateOops: 0, NonImmediateOops: No
[7,845s][debug  ][gc,nmethod     ] Register NMethod: java.util.function.UnaryOperator$$Lambda/0x00000000802c3838.apply (0x00007f77cffbe490) [0x00007f77cffbe620, 0x00007f77cffbe780] Compiler: c1, Barriers: 0, Oops: 0, ImmediateOops: 0, NonImmediateOops: No
[7,845s][debug  ][gc,nmethod     ] Register NMethod: net.openhft.chronicle.core.threads.CleaningThreadLocal.get (0x00007f77cffbe810) [0x00007f77cffbe9e0, 0x00007f77cffbecc8] Compiler: c1, Barriers: 2, Oops: 1, ImmediateOops: 0, NonImmediateOops: No
[7,845s][debug  ][gc,nmethod     ] Register NMethod: jdk.internal.misc.Unsafe.getInt (0x00007f77cff02b90) [0x00007f77cff02d20, 0x00007f77cff02e30] Compiler: c1, Barriers: 0, Oops: 0, ImmediateOops: 0, NonImmediateOops: No
[7,846s][debug  ][gc,nmethod     ] Register NMethod: sun.misc.Unsafe.getInt (0x00007f77cffbee10) [0x00007f77cffbefa0, 0x00007f77cffbf118] Compiler: c1, Barriers: 0, Oops: 1, ImmediateOops: 1, NonImmediateOops: No
[7,846s][debug  ][gc,nmethod     ] Register NMethod: net.openhft.chronicle.core.UnsafeMemory.readInt (0x00007f77cffbf210) [0x00007f77cffbf3c0, 0x00007f77cffbf598] Compiler: c1, Barriers: 0, Oops: 2, ImmediateOops: 2, NonImmediateOops: No
[7,846s][debug  ][gc,nmethod     ] Register NMethod: net.openhft.chronicle.bytes.internal.NativeBytesStore.readInt (0x00007f77cffbf690) [0x00007f77cffbf860, 0x00007f77cffbfbf0] Compiler: c1, Barriers: 1, Oops: 2, ImmediateOops: 2, NonImmediateOops: No
[7,846s][debug  ][gc,nmethod     ] Register NMethod: io.sirix.index.path.summary.PathSummaryReader.moveTo (0x00007f77cffbfd90) [0x00007f77cffbffe0, 0x00007f77cffc0a38] Compiler: c1, Barriers: 14, Oops: 1, ImmediateOops: 2, NonImmediateOops: No
[7,846s][debug  ][gc,nmethod     ] Register NMethod: io.sirix.access.trx.page.NodePageTrx.getMostRecentPageContainer (0x00007f77cffc0d10) [0x00007f77cffc0f00, 0x00007f77cffc1600] Compiler: c1, Barriers: 9, Oops: 1, ImmediateOops: 1, NonImmediateOops: No
[7,847s][debug  ][gc,nmethod     ] Register NMethod: io.sirix.access.trx.page.NodePageReadOnlyTrx.getRecord (0x00007f77cffc1710) [0x00007f77cffc19a0, 0x00007f77cffc25a8] Compiler: c1, Barriers: 3, Oops: 1, ImmediateOops: 3, NonImmediateOops: No
[7,847s][debug  ][gc,nmethod     ] Register NMethod: io.sirix.access.trx.page.NodePageReadOnlyTrx.getRecordPage (0x00007f77cffc2990) [0x00007f77cffc2cc0, 0x00007f77cffc3c38] Compiler: c1, Barriers: 9, Oops: 2, ImmediateOops: 4, NonImmediateOops: No
[7,847s][debug  ][gc,nmethod     ] Register NMethod: java.lang.invoke.LambdaForm$MH/0x0000000080330c00.linkToTargetMethod (0x00007f77cffc4090) [0x00007f77cffc4240, 0x00007f77cffc4548] Compiler: c1, Barriers: 0, Oops: 1, ImmediateOops: 0, NonImmediateOops: No
[7,847s][debug  ][gc,nmethod     ] Register NMethod: java.util.HashMap.computeIfAbsent (0x00007f77cffc4690) [0x00007f77cffc49e0, 0x00007f77cffc6090] Compiler: c1, Barriers: 11, Oops: 0, ImmediateOops: 0, NonImmediateOops: No
[7,847s][debug  ][gc,nmethod     ] Register NMethod: java.lang.invoke.LambdaForm$DMH/0x0000000080330400.newInvokeSpecial (0x00007f77cffc6690) [0x00007f77cffc6880, 0x00007f77cffc6e78] Compiler: c1, Barriers: 2, Oops: 1, ImmediateOops: 1, NonImmediateOops: No
[7,847s][debug  ][gc,nmethod     ] Register NMethod: io.sirix.access.trx.page.NodePageTrx.getPageContainer (0x00007f77cffc7090) [0x00007f77cffc7300, 0x00007f77cffc7e00] Compiler: c1, Barriers: 12, Oops: 4, ImmediateOops: 4, NonImmediateOops: No
[7,848s][debug  ][gc,nmethod     ] Register NMethod: io.brackit.query.atomic.AbstractAtomic.<init> (0x00007f77ef3c9d90) [0x00007f77ef3c9f00, 0x00007f77ef3c9f78] Compiler: c2, Barriers: 0, Oops: 1, ImmediateOops: 0, NonImmediateOops: No
[7,848s][debug  ][gc,nmethod     ] Register NMethod: net.openhft.chronicle.bytes.StreamingDataInput.readStopBit (0x00007f77cffc8210) [0x00007f77cffc83c0, 0x00007f77cffc84f8] Compiler: c1, Barriers: 0, Oops: 1, ImmediateOops: 0, NonImmediateOops: No
[7,848s][debug  ][gc,nmethod     ] Register NMethod: io.sirix.node.Utils.getVarLong (0x00007f77cffc8590) [0x00007f77cffc8740, 0x00007f77cffc8958] Compiler: c1, Barriers: 0, Oops: 1, ImmediateOops: 0, NonImmediateOops: No
[7,848s][debug  ][gc,nmethod     ] Register NMethod: io.sirix.node.NodeKind.getKind (0x00007f77cffc8a90) [0x00007f77cffc8c60, 0x00007f77cffc9090] Compiler: c1, Barriers: 2, Oops: 2, ImmediateOops: 2, NonImmediateOops: No
[7,848s][debug  ][gc,nmethod     ] Register NMethod: net.openhft.chronicle.bytes.internal.BytesInternal.readStopBit (0x00007f77cffc9210) [0x00007f77cffc9420, 0x00007f77cffc9ad0] Compiler: c1, Barriers: 0, Oops: 1, ImmediateOops: 0, NonImmediateOops: No
[7,848s][debug  ][gc,nmethod     ] Register NMethod: io.sirix.access.trx.page.NodePageReadOnlyTrx.dereferenceIndirectPageReference (0x00007f77cffc9d10) [0x00007f77cffc9ec0, 0x00007f77cffca0d8] Compiler: c1, Barriers: 0, Oops: 1, ImmediateOops: 0, NonImmediateOops: No
[7,848s][debug  ][gc,nmethod     ] Register NMethod: io.sirix.access.trx.page.NodePageReadOnlyTrx.getDataRecord (0x00007f77cffca190) [0x00007f77cffca400, 0x00007f77cffcaf48] Compiler: c1, Barriers: 9, Oops: 1, ImmediateOops: 0, NonImmediateOops: No
[7,849s][debug  ][gc,nmethod     ] Register NMethod: it.unimi.dsi.fastutil.ints.Int2IntOpenHashMap.getOrDefault (0x00007f77cffcb410) [0x00007f77cffcb620, 0x00007f77cffcbc00] Compiler: c1, Barriers: 4, Oops: 1, ImmediateOops: 0, NonImmediateOops: No
[7,849s][debug  ][gc,nmethod     ] Register NMethod: io.sirix.access.trx.page.NodePageTrx$$Lambda/0x000000008032eee8.apply (0x00007f77cffcbe90) [0x00007f77cffcc040, 0x00007f77cffcc2e8] Compiler: c1, Barriers: 2, Oops: 1, ImmediateOops: 0, NonImmediateOops: No
[7,849s][debug  ][gc,nmethod     ] Register NMethod: io.sirix.access.trx.page.NodePageReadOnlyTrx.getReferenceToLeafOfSubtree (0x00007f77cffcc410) [0x00007f77cffcc680, 0x00007f77cffccfe8] Compiler: c1, Barriers: 1, Oops: 1, ImmediateOops: 2, NonImmediateOops: No
[7,849s][debug  ][gc,nmethod     ] Register NMethod: io.sirix.access.trx.page.NodePageReadOnlyTrx.getLeafPageReference (0x00007f77cffcd510) [0x00007f77cffcd6c0, 0x00007f77cffcd7f8] Compiler: c1, Barriers: 0, Oops: 1, ImmediateOops: 0, NonImmediateOops: No
[7,849s][debug  ][gc,nmethod     ] Register NMethod: io.sirix.index.path.summary.PathSummaryReader.getName (0x00007f77cffcd890) [0x00007f77cffcdbc0, 0x00007f77cffcf1e0] Compiler: c1, Barriers: 12, Oops: 1, ImmediateOops: 5, NonImmediateOops: No
[7,849s][debug  ][gc,nmethod     ] Register NMethod: io.sirix.access.trx.page.NodePageReadOnlyTrx.isMostRecentlyReadPathSummaryPage (0x00007f77cffcf690) [0x00007f77cffcf840, 0x00007f77cffcfae0] Compiler: c1, Barriers: 1, Oops: 1, ImmediateOops: 0, NonImmediateOops: No
[7,849s][debug  ][gc,nmethod     ] Register NMethod: io.sirix.access.trx.page.NodePageTrx.lambda$getPageContainer$2 (0x00007f77cffcfb90) [0x00007f77cffcfda0, 0x00007f77cffd0358] Compiler: c1, Barriers: 6, Oops: 1, ImmediateOops: 0, NonImmediateOops: No
[7,849s][debug  ][gc,nmethod     ] Register NMethod: io.sirix.index.path.summary.PathNode.getRightSibling (0x00007f77ef3ca090) [0x00007f77ef3ca220, 0x00007f77ef3ca310] Compiler: c1, Barriers: 1, Oops: 1, ImmediateOops: 0, NonImmediateOops: No
[7,849s][debug  ][gc,nmethod     ] Register NMethod: io.sirix.node.delegates.NameNodeDelegate.<init> (0x00007f77cffd0590) [0x00007f77cffd0760, 0x00007f77cffd0b28] Compiler: c1, Barriers: 3, Oops: 1, ImmediateOops: 1, NonImmediateOops: No
[7,850s][debug  ][gc,alloc       ] Mutator Allocation Rate: 411,2MB/s Predicted: 445,7MB/s, Avg: 296,0(+/-86,6)MB/s
[7,850s][debug  ][gc,nmethod     ] Register NMethod: io.sirix.index.path.summary.PathNode.hashCode (0x00007f77cffd0c90) [0x00007f77cffd0e60, 0x00007f77cffd13d0] Compiler: c1, Barriers: 8, Oops: 1, ImmediateOops: 0, NonImmediateOops: No
[7,850s][debug  ][gc,director    ] Rule Major: Warmup 20%, Used: 1492MB, UsedThreshold: 3072MB
[7,850s][debug  ][gc,director    ] Select Minor GC Workers (Not Warm), GCWorkers: 5,000
[7,850s][debug  ][gc,director    ] Rule Minor: Allocation Rate (Dynamic GC Workers), MaxAllocRate: 296,0MB/s (+/-29,3%), Free: 13826MB, GCCPUTime: 2,329, GCDuration: 0,474s, TimeUntilOOM: 36,135s, TimeUntilGC: 35,661s, GCWorkers: 5
[7,850s][debug  ][gc,director    ] Select Minor GC Workers (Not Warm), GCWorkers: 5,000
[7,850s][debug  ][gc,director    ] Rule Minor: Allocation Rate (Dynamic GC Workers), MaxAllocRate: 1176,3MB/s (+/-29,3%), Free: 13826MB, GCCPUTime: 2,329, GCDuration: 0,474s, TimeUntilOOM: 9,094s, TimeUntilGC: 8,620s, GCWorkers: 5
[7,850s][debug  ][gc,director    ] Rule Minor: High Usage, Free: 13826MB(90,0%)
[7,850s][debug  ][gc,nmethod     ] Register NMethod: io.sirix.index.path.summary.PathNode.<init> (0x00007f77cffd1510) [0x00007f77cffd17a0, 0x00007f77cffd2478] Compiler: c1, Barriers: 15, Oops: 2, ImmediateOops: 2, NonImmediateOops: No
[7,850s][debug  ][gc,nmethod     ] Register NMethod: io.sirix.index.path.summary.PathNode.getParent (0x00007f77ef3ca390) [0x00007f77ef3ca520, 0x00007f77ef3ca610] Compiler: c1, Barriers: 1, Oops: 1, ImmediateOops: 0, NonImmediateOops: No
[7,850s][debug  ][gc,nmethod     ] Register NMethod: io.sirix.index.path.summary.PathNode.setParent (0x00007f77ef3ca690) [0x00007f77ef3ca820, 0x00007f77ef3ca950] Compiler: c1, Barriers: 3, Oops: 1, ImmediateOops: 0, NonImmediateOops: No
[7,850s][debug  ][gc,nmethod     ] Register NMethod: io.sirix.node.delegates.NodeDelegate.hashCode (0x00007f77cffd2990) [0x00007f77cffd2bc0, 0x00007f77cffd3558] Compiler: c1, Barriers: 10, Oops: 1, ImmediateOops: 1, NonImmediateOops: No
[7,850s][debug  ][gc,nmethod     ] Register NMethod: java.util.HashMap.afterNodeAccess (0x00007f77cff22b90) [0x00007f77cff22d20, 0x00007f77cff22e28] Compiler: c1, Barriers: 0, Oops: 0, ImmediateOops: 0, NonImmediateOops: No
[7,850s][debug  ][gc,nmethod     ] Register NMethod: net.openhft.chronicle.bytes.AbstractBytes.readCheckOffset (0x00007f77ef3caa10) [0x00007f77ef3caba0, 0x00007f77ef3cad48] Compiler: c2, Barriers: 1, Oops: 1, ImmediateOops: 0, NonImmediateOops: No
[7,850s][debug  ][gc,nmethod     ] Register NMethod: io.sirix.node.delegates.NameNodeDelegate.hashCode (0x00007f77cffd3810) [0x00007f77cffd3a80, 0x00007f77cffd48d0] Compiler: c1, Barriers: 12, Oops: 1, ImmediateOops: 3, NonImmediateOops: No
[7,850s][debug  ][gc,nmethod     ] Register NMethod: io.sirix.axis.pathsummary.AbstractAxis.hasNext (0x00007f77cffd4c90) [0x00007f77cffd4ea0, 0x00007f77cffd53e0] Compiler: c1, Barriers: 2, Oops: 1, ImmediateOops: 1, NonImmediateOops: No
[7,851s][debug  ][gc,nmethod     ] Register NMethod: com.google.common.base.Preconditions.checkArgument (0x00007f77ef3caf10) [0x00007f77ef3cb080, 0x00007f77ef3cb100] Compiler: c2, Barriers: 0, Oops: 1, ImmediateOops: 0, NonImmediateOops: No
[7,851s][debug  ][gc,nmethod     ] Register NMethod: net.openhft.chronicle.bytes.internal.NativeBytesStore.readUnsignedByte (0x00007f77cffd5590) [0x00007f77cffd5740, 0x00007f77cffd5890] Compiler: c1, Barriers: 0, Oops: 1, ImmediateOops: 0, NonImmediateOops: No
[7,851s][debug  ][gc,nmethod     ] Register NMethod: io.sirix.node.NodeSerializerImpl.deserialize (0x00007f77cffd5990) [0x00007f77cffd5ba0, 0x00007f77cffd6218] Compiler: c1, Barriers: 2, Oops: 2, ImmediateOops: 2, NonImmediateOops: No
[7,851s][debug  ][gc,nmethod     ] Register NMethod: io.sirix.page.NamePage.getName (0x00007f77cffd6490) [0x00007f77cffd6780, 0x00007f77cffd7428] Compiler: c1, Barriers: 25, Oops: 1, ImmediateOops: 4, NonImmediateOops: No
[7,852s][debug  ][gc,nmethod     ] Register NMethod: net.openhft.chronicle.bytes.RandomCommon.readRemaining (0x00007f77ef3cb210) [0x00007f77ef3cb3a0, 0x00007f77ef3cb440] Compiler: c2, Barriers: 0, Oops: 1, ImmediateOops: 0, NonImmediateOops: No
[7,852s][debug  ][gc,nmethod     ] Register NMethod: io.sirix.page.KeyValueLeafPage.getSlot (0x00007f77ef3cb510) [0x00007f77ef3cb6a0, 0x00007f77ef3cb7d8] Compiler: c2, Barriers: 2, Oops: 1, ImmediateOops: 0, NonImmediateOops: No
[7,852s][debug  ][gc,nmethod     ] Register NMethod: net.openhft.chronicle.bytes.AbstractBytes.readSkip (0x00007f77cffd7710) [0x00007f77cffd78e0, 0x00007f77cffd7c70] Compiler: c1, Barriers: 0, Oops: 1, ImmediateOops: 0, NonImmediateOops: No
[7,852s][debug  ][gc,nmethod     ] Register NMethod: net.openhft.chronicle.bytes.AbstractBytes.readOffsetPositionMoved (0x00007f77ef3cb890) [0x00007f77ef3cba20, 0x00007f77ef3cbc48] Compiler: c2, Barriers: 1, Oops: 1, ImmediateOops: 0, NonImmediateOops: No
[7,853s][debug  ][gc,nmethod     ] Register NMethod: net.openhft.chronicle.bytes.AbstractBytes.readLong (0x00007f77cffd7d90) [0x00007f77cffd7f60, 0x00007f77cffd82d8] Compiler: c1, Barriers: 1, Oops: 1, ImmediateOops: 0, NonImmediateOops: No
[7,853s][debug  ][gc,nmethod     ] Register NMethod: io.sirix.page.SerializationType.readHash (0x00007f77cffd8410) [0x00007f77cffd85e0, 0x00007f77cffd89f8] Compiler: c1, Barriers: 3, Oops: 1, ImmediateOops: 0, NonImmediateOops: No
[7,853s][debug  ][gc,nmethod     ] Register NMethod: io.sirix.access.trx.page.NodePageTrx.prepareRecordForModification (0x00007f77cffd8b90) [0x00007f77cffd8e80, 0x00007f77cffd9e00] Compiler: c1, Barriers: 7, Oops: 2, ImmediateOops: 4, NonImmediateOops: No
[7,853s][debug  ][gc,nmethod     ] Register NMethod: io.sirix.page.SerializationType.readPageFragments (0x00007f77cffda490) [0x00007f77cffda6c0, 0x00007f77cffdaf98] Compiler: c1, Barriers: 1, Oops: 1, ImmediateOops: 0, NonImmediateOops: No
[7,858s][debug  ][gc,nmethod     ] Register NMethod: io.sirix.access.trx.page.NodePageTrx.getRecord (0x00007f77ef3cbe90) [0x00007f77ef3cc140, 0x00007f77ef3ccfb8] Compiler: c2, Barriers: 27, Oops: 6, ImmediateOops: 3, NonImmediateOops: No
[7,858s][debug  ][gc,nmethod     ] Register NMethod: java.lang.Long.numberOfTrailingZeros (0x00007f77ef3cd890) [0x00007f77ef3cda00, 0x00007f77ef3cda88] Compiler: c2, Barriers: 0, Oops: 0, ImmediateOops: 0, NonImmediateOops: No
[7,858s][debug  ][gc,nmethod     ] Register NMethod: net.openhft.chronicle.core.io.VanillaReferenceCounted.release (0x00007f77ef3cdb90) [0x00007f77ef3cddc0, 0x00007f77ef3ce6d0] Compiler: c2, Barriers: 14, Oops: 2, ImmediateOops: 1, NonImmediateOops: No
[7,858s][debug  ][gc,nmethod     ] Register NMethod: java.lang.Integer.numberOfTrailingZeros (0x00007f77ef3ceb10) [0x00007f77ef3cec80, 0x00007f77ef3ced48] Compiler: c2, Barriers: 0, Oops: 0, ImmediateOops: 0, NonImmediateOops: No
[7,859s][debug  ][gc,nmethod     ] Register NMethod: io.sirix.page.KeyValueLeafPage.getDeweyId (0x00007f77ef3cee10) [0x00007f77ef3cefa0, 0x00007f77ef3cf0d8] Compiler: c2, Barriers: 2, Oops: 1, ImmediateOops: 0, NonImmediateOops: No
[7,860s][debug  ][gc,director    ] Rule Major: Warmup 20%, Used: 1492MB, UsedThreshold: 3072MB
[7,860s][debug  ][gc,director    ] Select Minor GC Workers (Not Warm), GCWorkers: 5,000
[7,860s][debug  ][gc,director    ] Rule Minor: Allocation Rate (Dynamic GC Workers), MaxAllocRate: 296,0MB/s (+/-29,3%), Free: 13826MB, GCCPUTime: 2,329, GCDuration: 0,474s, TimeUntilOOM: 36,135s, TimeUntilGC: 35,661s, GCWorkers: 5
[7,860s][debug  ][gc,director    ] Select Minor GC Workers (Not Warm), GCWorkers: 5,000
[7,860s][debug  ][gc,director    ] Rule Minor: Allocation Rate (Dynamic GC Workers), MaxAllocRate: 1176,3MB/s (+/-29,3%), Free: 13826MB, GCCPUTime: 2,329, GCDuration: 0,474s, TimeUntilOOM: 9,094s, TimeUntilGC: 8,620s, GCWorkers: 5
[7,860s][debug  ][gc,director    ] Rule Minor: High Usage, Free: 13826MB(90,0%)
[7,860s][debug  ][gc,nmethod     ] Register NMethod: java.util.BitSet.nextSetBit (0x00007f77ef3cf190) [0x00007f77ef3cf320, 0x00007f77ef3cf4e0] Compiler: c2, Barriers: 1, Oops: 0, ImmediateOops: 0, NonImmediateOops: No
[7,860s][debug  ][gc,nmethod     ] Register NMethod: java.util.Arrays$ArrayList.<init> (0x00007f77cffdb390) [0x00007f77cffdb560, 0x00007f77cffdb958] Compiler: c1, Barriers: 3, Oops: 0, ImmediateOops: 0, NonImmediateOops: No
[7,860s][debug  ][gc,nmethod     ] Register NMethod: java.util.Arrays.asList (0x00007f77cffdbb10) [0x00007f77cffdbce0, 0x00007f77cffdc170] Compiler: c1, Barriers: 3, Oops: 0, ImmediateOops: 0, NonImmediateOops: No
[7,860s][debug  ][gc,nmethod     ] Register NMethod: io.sirix.page.PageReference.setPageFragments (0x00007f77cffdc310) [0x00007f77cffdc4a0, 0x00007f77cffdc620] Compiler: c1, Barriers: 3, Oops: 1, ImmediateOops: 0, NonImmediateOops: No
[7,860s][debug  ][gc,nmethod     ] Register NMethod: io.sirix.page.PageReference.setLogKey (0x00007f77ef3cf610) [0x00007f77ef3cf780, 0x00007f77ef3cf808] Compiler: c2, Barriers: 0, Oops: 1, ImmediateOops: 0, NonImmediateOops: No
[7,861s][debug  ][gc,nmethod     ] Register NMethod: java.util.Arrays$ArrayList.get (0x00007f77cffdc690) [0x00007f77cffdc840, 0x00007f77cffdc9d0] Compiler: c1, Barriers: 2, Oops: 0, ImmediateOops: 0, NonImmediateOops: No
[7,861s][debug  ][gc,nmethod     ] Register NMethod: java.util.ArrayList.<init> (0x00007f77cffdca90) [0x00007f77cffdcca0, 0x00007f77cffdd310] Compiler: c1, Barriers: 9, Oops: 0, ImmediateOops: 3, NonImmediateOops: No
[7,861s][debug  ][gc,nmethod     ] Register NMethod: io.sirix.page.delegates.FullReferencesPage.getReferences (0x00007f77cffdd490) [0x00007f77cffdd680, 0x00007f77cffddbc0] Compiler: c1, Barriers: 4, Oops: 1, ImmediateOops: 0, NonImmediateOops: No
[7,861s][debug  ][gc,nmethod     ] Register NMethod: java.util.AbstractList.<init> (0x00007f77ef3cf910) [0x00007f77ef3cfa80, 0x00007f77ef3cfb00] Compiler: c2, Barriers: 0, Oops: 0, ImmediateOops: 0, NonImmediateOops: No
[7,861s][debug  ][gc,nmethod     ] Register NMethod: jdk.internal.misc.Unsafe.getIntUnaligned (0x00007f77ef3cfc10) [0x00007f77ef3cfd80, 0x00007f77ef3cfe08] Compiler: c2, Barriers: 0, Oops: 0, ImmediateOops: 0, NonImmediateOops: No
[7,862s][debug  ][gc,nmethod     ] Register NMethod: java.util.Arrays.equals (0x00007f77ef3cff10) [0x00007f77ef3d00a0, 0x00007f77ef3d02e0] Compiler: c2, Barriers: 2, Oops: 0, ImmediateOops: 0, NonImmediateOops: No
[7,862s][debug  ][gc,nmethod     ] Register NMethod: net.openhft.chronicle.bytes.AbstractBytes.readInt (0x00007f77ef3d0410) [0x00007f77ef3d05e0, 0x00007f77ef3d0940] Compiler: c2, Barriers: 4, Oops: 2, ImmediateOops: 0, NonImmediateOops: No
[7,862s][debug  ][gc,nmethod     ] Register NMethod: io.sirix.access.trx.node.AbstractNodeHashing.adaptHashesWithAdd (0x00007f77cffddd90) [0x00007f77cffddf60, 0x00007f77cffde2c0] Compiler: c1, Barriers: 1, Oops: 1, ImmediateOops: 1, NonImmediateOops: No
[7,863s][debug  ][gc,nmethod     ] Register NMethod: io.sirix.access.trx.node.json.JsonNodeTrxImpl.nodeReadOnlyTrxDelegate (0x00007f77ef3d0c90) [0x00007f77ef3d0e20, 0x00007f77ef3d0f08] Compiler: c2, Barriers: 1, Oops: 1, ImmediateOops: 0, NonImmediateOops: No
[7,863s][debug  ][gc,nmethod     ] Register NMethod: io.sirix.service.json.shredder.JsonShredder.processString (0x00007f77cffde410) [0x00007f77cffde600, 0x00007f77cffde9c0] Compiler: c1, Barriers: 3, Oops: 1, ImmediateOops: 2, NonImmediateOops: No
[7,863s][debug  ][gc,nmethod     ] Register NMethod: io.sirix.access.trx.node.json.ForwardingJsonNodeReadOnlyTrx.isArray (0x00007f77ef3d1010) [0x00007f77ef3d11c0, 0x00007f77ef3d1368] Compiler: c2, Barriers: 2, Oops: 1, ImmediateOops: 0, NonImmediateOops: No
[7,863s][debug  ][gc,nmethod     ] Register NMethod: io.sirix.access.trx.page.NodePageTrx.prepareRecordPage (0x00007f77cffdeb90) [0x00007f77cffdeea0, 0x00007f77cffe0228] Compiler: c1, Barriers: 36, Oops: 4, ImmediateOops: 5, NonImmediateOops: No
[7,863s][debug  ][gc,nmethod     ] Register NMethod: io.sirix.access.trx.node.AbstractNodeReadOnlyTrx.moveTo (0x00007f77cffe0810) [0x00007f77cffe0ac0, 0x00007f77cffe1ac0] Compiler: c1, Barriers: 11, Oops: 1, ImmediateOops: 4, NonImmediateOops: No
[7,864s][debug  ][gc,nmethod     ] Register NMethod: io.sirix.access.trx.node.json.JsonNodeTrxImpl.insertAsSibling (0x00007f77cffe2010) [0x00007f77cffe2400, 0x00007f77cffe4738] Compiler: c1, Barriers: 20, Oops: 1, ImmediateOops: 4, NonImmediateOops: No
[7,864s][debug  ][gc,nmethod     ] Register NMethod: io.sirix.node.immutable.json.ImmutableArrayNode.getPathNodeKey (0x00007f77ef3d1510) [0x00007f77ef3d16a0, 0x00007f77ef3d1768] Compiler: c2, Barriers: 1, Oops: 1, ImmediateOops: 0, NonImmediateOops: No
[7,864s][debug  ][gc,nmethod     ] Register NMethod: java.util.Arrays.copyOf (0x00007f77ef3d1810) [0x00007f77ef3d19c0, 0x00007f77ef3d1ef0] Compiler: c2, Barriers: 1, Oops: 0, ImmediateOops: 1, NonImmediateOops: No
[7,865s][debug  ][gc,nmethod     ] Register NMethod: io.sirix.access.trx.node.json.JsonNodeTrxImpl.adaptNodesAndHashesForInsertAsChild (0x00007f77cffe4f90) [0x00007f77cffe51e0, 0x00007f77cffe5e48] Compiler: c1, Barriers: 9, Oops: 1, ImmediateOops: 2, NonImmediateOops: No
[7,866s][debug  ][gc,nmethod     ] Register NMethod: io.sirix.access.trx.node.json.ForwardingJsonNodeReadOnlyTrx.isObjectKey (0x00007f77ef3d2110) [0x00007f77ef3d22c0, 0x00007f77ef3d2478] Compiler: c2, Barriers: 2, Oops: 1, ImmediateOops: 0, NonImmediateOops: No
[7,866s][debug  ][gc,nmethod     ] Register NMethod: io.sirix.access.trx.page.NodePageTrx.getMostRecentPageContainer (0x00007f77ef3d2610) [0x00007f77ef3d27e0, 0x00007f77ef3d2d98] Compiler: c2, Barriers: 9, Oops: 2, ImmediateOops: 1, NonImmediateOops: No
[7,868s][debug  ][gc,nmethod     ] Register NMethod: io.sirix.access.trx.node.json.ForwardingJsonNodeReadOnlyTrx.getNode (0x00007f77ef3d2f90) [0x00007f77ef3d3180, 0x00007f77ef3d3528] Compiler: c2, Barriers: 6, Oops: 2, ImmediateOops: 1, NonImmediateOops: No
[7,869s][debug  ][gc,nmethod     ] Register NMethod: io.sirix.access.trx.page.NodePageReadOnlyTrx.getValue (0x00007f77ef3d3810) [0x00007f77ef3d39e0, 0x00007f77ef3d3e60] Compiler: c2, Barriers: 5, Oops: 1, ImmediateOops: 0, NonImmediateOops: No
[7,869s][debug  ][gc,nmethod     ] Register NMethod: io.sirix.access.trx.node.AbstractNodeHashing.adaptHashesWithAdd (0x00007f77ef3d4110) [0x00007f77ef3d42a0, 0x00007f77ef3d4418] Compiler: c2, Barriers: 1, Oops: 2, ImmediateOops: 1, NonImmediateOops: No
[7,870s][debug  ][gc,director    ] Rule Major: Warmup 20%, Used: 1496MB, UsedThreshold: 3072MB
[7,870s][debug  ][gc,director    ] Select Minor GC Workers (Not Warm), GCWorkers: 5,000
[7,870s][debug  ][gc,director    ] Rule Minor: Allocation Rate (Dynamic GC Workers), MaxAllocRate: 296,0MB/s (+/-29,3%), Free: 13822MB, GCCPUTime: 2,329, GCDuration: 0,474s, TimeUntilOOM: 36,125s, TimeUntilGC: 35,650s, GCWorkers: 5
[7,870s][debug  ][gc,director    ] Select Minor GC Workers (Not Warm), GCWorkers: 5,000
[7,870s][debug  ][gc,director    ] Rule Minor: Allocation Rate (Dynamic GC Workers), MaxAllocRate: 1176,3MB/s (+/-29,3%), Free: 13822MB, GCCPUTime: 2,329, GCDuration: 0,474s, TimeUntilOOM: 9,091s, TimeUntilGC: 8,617s, GCWorkers: 5
[7,870s][debug  ][gc,director    ] Rule Minor: High Usage, Free: 13822MB(90,0%)
[7,871s][debug  ][gc,nmethod     ] Register NMethod: java.lang.System$2.currentCarrierThread (0x00007f77ef3d4590) [0x00007f77ef3d4700, 0x00007f77ef3d47b0] Compiler: c2, Barriers: 1, Oops: 0, ImmediateOops: 0, NonImmediateOops: No
[7,872s][debug  ][gc,nmethod     ] Register NMethod: io.sirix.access.trx.page.NodePageTrx.prepareRecordPage (0x00007f77ef3d4890) [0x00007f77ef3d4b00, 0x00007f77ef3d57f8] Compiler: c2, Barriers: 37, Oops: 5, ImmediateOops: 4, NonImmediateOops: No
[7,872s][debug  ][gc,nmethod     ] Register NMethod: io.sirix.access.trx.node.AbstractNodeReadOnlyTrx.moveTo (0x00007f77ef3d5d90) [0x00007f77ef3d5f80, 0x00007f77ef3d64e0] Compiler: c2, Barriers: 10, Oops: 2, ImmediateOops: 1, NonImmediateOops: No
[7,873s][debug  ][gc,nmethod     ] Register NMethod: jdk.internal.misc.Blocker.currentCarrierThread (0x00007f77ef3d6810) [0x00007f77ef3d6980, 0x00007f77ef3d6a20] Compiler: c2, Barriers: 1, Oops: 0, ImmediateOops: 0, NonImmediateOops: No
[7,876s][debug  ][gc,nmethod     ] Register NMethod: jdk.internal.misc.Blocker.begin (0x00007f77cffe6190) [0x00007f77cffe63a0, 0x00007f77cffe6c20] Compiler: c1, Barriers: 2, Oops: 0, ImmediateOops: 3, NonImmediateOops: No
[7,877s][debug  ][gc,nmethod     ] Register NMethod: io.sirix.access.trx.page.NodePageTrx.prepareRecordForModification (0x00007f77ef3d6b10) [0x00007f77ef3d6e60, 0x00007f77ef3d8620] Compiler: c2, Barriers: 47, Oops: 6, ImmediateOops: 5, NonImmediateOops: No
[7,880s][debug  ][gc,nmethod     ] Register NMethod: io.sirix.service.json.shredder.JsonShredder.processString (0x00007f77ef3d9310) [0x00007f77ef3d9520, 0x00007f77ef3d9a70] Compiler: c2, Barriers: 4, Oops: 3, ImmediateOops: 0, NonImmediateOops: No
[7,880s][debug  ][gc,director    ] Rule Major: Warmup 20%, Used: 1500MB, UsedThreshold: 3072MB
[7,880s][debug  ][gc,director    ] Select Minor GC Workers (Not Warm), GCWorkers: 5,000
[7,880s][debug  ][gc,director    ] Rule Minor: Allocation Rate (Dynamic GC Workers), MaxAllocRate: 296,0MB/s (+/-29,3%), Free: 13818MB, GCCPUTime: 2,329, GCDuration: 0,474s, TimeUntilOOM: 36,114s, TimeUntilGC: 35,640s, GCWorkers: 5
[7,880s][debug  ][gc,director    ] Select Minor GC Workers (Not Warm), GCWorkers: 5,000
[7,880s][debug  ][gc,director    ] Rule Minor: Allocation Rate (Dynamic GC Workers), MaxAllocRate: 1176,3MB/s (+/-29,3%), Free: 13818MB, GCCPUTime: 2,329, GCDuration: 0,474s, TimeUntilOOM: 9,089s, TimeUntilGC: 8,614s, GCWorkers: 5
[7,880s][debug  ][gc,director    ] Rule Minor: High Usage, Free: 13818MB(90,0%)
[7,880s][debug  ][gc,nmethod     ] Register NMethod: jdk.internal.misc.Blocker.end (0x00007f77cffe6f10) [0x00007f77cffe7100, 0x00007f77cffe7740] Compiler: c1, Barriers: 2, Oops: 0, ImmediateOops: 2, NonImmediateOops: No
[7,890s][debug  ][gc,director    ] Rule Major: Warmup 20%, Used: 1504MB, UsedThreshold: 3072MB
[7,890s][debug  ][gc,director    ] Select Minor GC Workers (Not Warm), GCWorkers: 5,000
[7,890s][debug  ][gc,director    ] Rule Minor: Allocation Rate (Dynamic GC Workers), MaxAllocRate: 296,0MB/s (+/-29,3%), Free: 13814MB, GCCPUTime: 2,329, GCDuration: 0,474s, TimeUntilOOM: 36,104s, TimeUntilGC: 35,630s, GCWorkers: 5
[7,890s][debug  ][gc,director    ] Select Minor GC Workers (Not Warm), GCWorkers: 5,000
[7,890s][debug  ][gc,director    ] Rule Minor: Allocation Rate (Dynamic GC Workers), MaxAllocRate: 1176,3MB/s (+/-29,3%), Free: 13814MB, GCCPUTime: 2,329, GCDuration: 0,474s, TimeUntilOOM: 9,086s, TimeUntilGC: 8,612s, GCWorkers: 5
[7,890s][debug  ][gc,director    ] Rule Minor: High Usage, Free: 13814MB(89,9%)
[7,901s][debug  ][gc,director    ] Rule Major: Warmup 20%, Used: 1508MB, UsedThreshold: 3072MB
[7,901s][debug  ][gc,director    ] Select Minor GC Workers (Not Warm), GCWorkers: 5,000
[7,901s][debug  ][gc,director    ] Rule Minor: Allocation Rate (Dynamic GC Workers), MaxAllocRate: 296,0MB/s (+/-29,3%), Free: 13810MB, GCCPUTime: 2,329, GCDuration: 0,474s, TimeUntilOOM: 36,093s, TimeUntilGC: 35,619s, GCWorkers: 5
[7,901s][debug  ][gc,director    ] Select Minor GC Workers (Not Warm), GCWorkers: 5,000
[7,901s][debug  ][gc,director    ] Rule Minor: Allocation Rate (Dynamic GC Workers), MaxAllocRate: 1176,3MB/s (+/-29,3%), Free: 13810MB, GCCPUTime: 2,329, GCDuration: 0,474s, TimeUntilOOM: 9,083s, TimeUntilGC: 8,609s, GCWorkers: 5
[7,901s][debug  ][gc,director    ] Rule Minor: High Usage, Free: 13810MB(89,9%)
[7,909s][debug  ][gc,nmethod     ] Register NMethod: io.sirix.access.trx.node.json.JsonNodeTrxImpl.insertAsSibling (0x00007f77ef3d9e90) [0x00007f77ef3da5c0, 0x00007f77ef3ddc20] Compiler: c2, Barriers: 109, Oops: 8, ImmediateOops: 17, NonImmediateOops: No
[7,910s][debug  ][gc,reloc       ] Synchronize all workers 1 _nworkers: 0 _nsynchronized: 0
[7,910s][debug  ][gc,reloc       ] Synchronize all workers 1 _nworkers: 0 _nsynchronized: 0
[7,910s][debug  ][gc,reloc       ] Desynchronize all workers _nworkers: 0 _nsynchronized: 0
[7,910s][debug  ][gc,reloc       ] Desynchronize all workers _nworkers: 0 _nsynchronized: 0
[7,911s][debug  ][gc,director    ] Rule Major: Warmup 20%, Used: 1514MB, UsedThreshold: 3072MB
[7,911s][debug  ][gc,director    ] Select Minor GC Workers (Not Warm), GCWorkers: 5,000
[7,911s][debug  ][gc,director    ] Rule Minor: Allocation Rate (Dynamic GC Workers), MaxAllocRate: 296,0MB/s (+/-29,3%), Free: 13804MB, GCCPUTime: 2,329, GCDuration: 0,474s, TimeUntilOOM: 36,078s, TimeUntilGC: 35,603s, GCWorkers: 5
[7,911s][debug  ][gc,director    ] Select Minor GC Workers (Not Warm), GCWorkers: 5,000
[7,911s][debug  ][gc,director    ] Rule Minor: Allocation Rate (Dynamic GC Workers), MaxAllocRate: 1176,3MB/s (+/-29,3%), Free: 13804MB, GCCPUTime: 2,329, GCDuration: 0,474s, TimeUntilOOM: 9,079s, TimeUntilGC: 8,605s, GCWorkers: 5
[7,911s][debug  ][gc,director    ] Rule Minor: High Usage, Free: 13804MB(89,9%)
[7,915s][debug  ][gc,nmethod     ] Register NMethod: io.sirix.access.trx.page.NodePageReadOnlyTrx.getResourceSession (0x00007f77ef3dfe90) [0x00007f77ef3e0020, 0x00007f77ef3e00f0] Compiler: c2, Barriers: 1, Oops: 1, ImmediateOops: 0, NonImmediateOops: No
[7,921s][debug  ][gc,director    ] Rule Major: Warmup 20%, Used: 1520MB, UsedThreshold: 3072MB
[7,921s][debug  ][gc,director    ] Select Minor GC Workers (Not Warm), GCWorkers: 5,000
[7,921s][debug  ][gc,director    ] Rule Minor: Allocation Rate (Dynamic GC Workers), MaxAllocRate: 296,0MB/s (+/-29,3%), Free: 13798MB, GCCPUTime: 2,329, GCDuration: 0,474s, TimeUntilOOM: 36,062s, TimeUntilGC: 35,588s, GCWorkers: 5
[7,921s][debug  ][gc,director    ] Select Minor GC Workers (Not Warm), GCWorkers: 5,000
[7,921s][debug  ][gc,director    ] Rule Minor: Allocation Rate (Dynamic GC Workers), MaxAllocRate: 1176,3MB/s (+/-29,3%), Free: 13798MB, GCCPUTime: 2,329, GCDuration: 0,474s, TimeUntilOOM: 9,075s, TimeUntilGC: 8,601s, GCWorkers: 5
[7,921s][debug  ][gc,director    ] Rule Minor: High Usage, Free: 13798MB(89,8%)
[7,923s][debug  ][gc,nmethod     ] Register NMethod: io.sirix.index.path.summary.PathSummaryReader.moveTo (0x00007f77ef3e0190) [0x00007f77ef3e03a0, 0x00007f77ef3e0a70] Compiler: c2, Barriers: 13, Oops: 2, ImmediateOops: 1, NonImmediateOops: No
[7,931s][debug  ][gc,director    ] Rule Major: Warmup 20%, Used: 1526MB, UsedThreshold: 3072MB
[7,931s][debug  ][gc,director    ] Select Minor GC Workers (Not Warm), GCWorkers: 5,000
[7,931s][debug  ][gc,director    ] Rule Minor: Allocation Rate (Dynamic GC Workers), MaxAllocRate: 296,0MB/s (+/-29,3%), Free: 13792MB, GCCPUTime: 2,329, GCDuration: 0,474s, TimeUntilOOM: 36,046s, TimeUntilGC: 35,572s, GCWorkers: 5
[7,931s][debug  ][gc,director    ] Select Minor GC Workers (Not Warm), GCWorkers: 5,000
[7,931s][debug  ][gc,director    ] Rule Minor: Allocation Rate (Dynamic GC Workers), MaxAllocRate: 1176,3MB/s (+/-29,3%), Free: 13792MB, GCCPUTime: 2,329, GCDuration: 0,474s, TimeUntilOOM: 9,072s, TimeUntilGC: 8,597s, GCWorkers: 5
[7,931s][debug  ][gc,director    ] Rule Minor: High Usage, Free: 13792MB(89,8%)
[7,941s][debug  ][gc,director    ] Rule Major: Warmup 20%, Used: 1534MB, UsedThreshold: 3072MB
[7,942s][debug  ][gc,director    ] Select Minor GC Workers (Not Warm), GCWorkers: 5,000
[7,942s][debug  ][gc,director    ] Rule Minor: Allocation Rate (Dynamic GC Workers), MaxAllocRate: 296,0MB/s (+/-29,3%), Free: 13784MB, GCCPUTime: 2,329, GCDuration: 0,474s, TimeUntilOOM: 36,025s, TimeUntilGC: 35,551s, GCWorkers: 5
[7,942s][debug  ][gc,director    ] Select Minor GC Workers (Not Warm), GCWorkers: 5,000
[7,942s][debug  ][gc,director    ] Rule Minor: Allocation Rate (Dynamic GC Workers), MaxAllocRate: 1176,3MB/s (+/-29,3%), Free: 13784MB, GCCPUTime: 2,329, GCDuration: 0,474s, TimeUntilOOM: 9,066s, TimeUntilGC: 8,592s, GCWorkers: 5
[7,942s][debug  ][gc,director    ] Rule Minor: High Usage, Free: 13784MB(89,7%)
[7,952s][debug  ][gc,director    ] Rule Major: Warmup 20%, Used: 1540MB, UsedThreshold: 3072MB
[7,952s][debug  ][gc,director    ] Select Minor GC Workers (Not Warm), GCWorkers: 5,000
[7,952s][debug  ][gc,director    ] Rule Minor: Allocation Rate (Dynamic GC Workers), MaxAllocRate: 296,0MB/s (+/-29,3%), Free: 13778MB, GCCPUTime: 2,329, GCDuration: 0,474s, TimeUntilOOM: 36,010s, TimeUntilGC: 35,535s, GCWorkers: 5
[7,952s][debug  ][gc,director    ] Select Minor GC Workers (Not Warm), GCWorkers: 5,000
[7,952s][debug  ][gc,director    ] Rule Minor: Allocation Rate (Dynamic GC Workers), MaxAllocRate: 1176,3MB/s (+/-29,3%), Free: 13778MB, GCCPUTime: 2,329, GCDuration: 0,474s, TimeUntilOOM: 9,062s, TimeUntilGC: 8,588s, GCWorkers: 5
[7,952s][debug  ][gc,director    ] Rule Minor: High Usage, Free: 13778MB(89,7%)
[7,960s][debug  ][gc,nmethod     ] Register NMethod: java.nio.HeapCharBuffer.slice (0x00007f77ef3e0e10) [0x00007f77ef3e0fc0, 0x00007f77ef3e1260] Compiler: c2, Barriers: 6, Oops: 0, ImmediateOops: 0, NonImmediateOops: No
[7,962s][debug  ][gc,director    ] Rule Major: Warmup 20%, Used: 1546MB, UsedThreshold: 3072MB
[7,962s][debug  ][gc,director    ] Select Minor GC Workers (Not Warm), GCWorkers: 5,000
[7,962s][debug  ][gc,director    ] Rule Minor: Allocation Rate (Dynamic GC Workers), MaxAllocRate: 296,0MB/s (+/-29,3%), Free: 13772MB, GCCPUTime: 2,329, GCDuration: 0,474s, TimeUntilOOM: 35,994s, TimeUntilGC: 35,520s, GCWorkers: 5
[7,962s][debug  ][gc,director    ] Select Minor GC Workers (Not Warm), GCWorkers: 5,000
[7,962s][debug  ][gc,director    ] Rule Minor: Allocation Rate (Dynamic GC Workers), MaxAllocRate: 1176,3MB/s (+/-29,3%), Free: 13772MB, GCCPUTime: 2,329, GCDuration: 0,474s, TimeUntilOOM: 9,058s, TimeUntilGC: 8,584s, GCWorkers: 5
[7,962s][debug  ][gc,director    ] Rule Minor: High Usage, Free: 13772MB(89,7%)
[7,972s][debug  ][gc,director    ] Rule Major: Warmup 20%, Used: 1554MB, UsedThreshold: 3072MB
[7,972s][debug  ][gc,director    ] Select Minor GC Workers (Not Warm), GCWorkers: 5,000
[7,972s][debug  ][gc,director    ] Rule Minor: Allocation Rate (Dynamic GC Workers), MaxAllocRate: 296,0MB/s (+/-29,3%), Free: 13764MB, GCCPUTime: 2,329, GCDuration: 0,474s, TimeUntilOOM: 35,973s, TimeUntilGC: 35,499s, GCWorkers: 5
[7,972s][debug  ][gc,director    ] Select Minor GC Workers (Not Warm), GCWorkers: 5,000
[7,972s][debug  ][gc,director    ] Rule Minor: Allocation Rate (Dynamic GC Workers), MaxAllocRate: 1176,3MB/s (+/-29,3%), Free: 13764MB, GCCPUTime: 2,329, GCDuration: 0,474s, TimeUntilOOM: 9,053s, TimeUntilGC: 8,579s, GCWorkers: 5
[7,972s][debug  ][gc,director    ] Rule Minor: High Usage, Free: 13764MB(89,6%)
[7,977s][debug  ][gc,nmethod     ] Register NMethod: io.sirix.access.trx.node.json.JsonNodeTrxImpl.adaptNodesAndHashesForInsertAsChild (0x00007f77ef3e1490) [0x00007f77ef3e1720, 0x00007f77ef3e2078] Compiler: c2, Barriers: 12, Oops: 3, ImmediateOops: 3, NonImmediateOops: No
[7,982s][debug  ][gc,director    ] Rule Major: Warmup 20%, Used: 1560MB, UsedThreshold: 3072MB
[7,982s][debug  ][gc,director    ] Select Minor GC Workers (Not Warm), GCWorkers: 5,000
[7,982s][debug  ][gc,director    ] Rule Minor: Allocation Rate (Dynamic GC Workers), MaxAllocRate: 296,0MB/s (+/-29,3%), Free: 13758MB, GCCPUTime: 2,329, GCDuration: 0,474s, TimeUntilOOM: 35,957s, TimeUntilGC: 35,483s, GCWorkers: 5
[7,982s][debug  ][gc,director    ] Select Minor GC Workers (Not Warm), GCWorkers: 5,000
[7,982s][debug  ][gc,director    ] Rule Minor: Allocation Rate (Dynamic GC Workers), MaxAllocRate: 1176,3MB/s (+/-29,3%), Free: 13758MB, GCCPUTime: 2,329, GCDuration: 0,474s, TimeUntilOOM: 9,049s, TimeUntilGC: 8,575s, GCWorkers: 5
[7,982s][debug  ][gc,director    ] Rule Minor: High Usage, Free: 13758MB(89,6%)
[7,992s][debug  ][gc,director    ] Rule Major: Warmup 20%, Used: 1566MB, UsedThreshold: 3072MB
[7,993s][debug  ][gc,director    ] Select Minor GC Workers (Not Warm), GCWorkers: 5,000
[7,993s][debug  ][gc,director    ] Rule Minor: Allocation Rate (Dynamic GC Workers), MaxAllocRate: 296,0MB/s (+/-29,3%), Free: 13752MB, GCCPUTime: 2,329, GCDuration: 0,474s, TimeUntilOOM: 35,942s, TimeUntilGC: 35,467s, GCWorkers: 5
[7,993s][debug  ][gc,director    ] Select Minor GC Workers (Not Warm), GCWorkers: 5,000
[7,993s][debug  ][gc,director    ] Rule Minor: Allocation Rate (Dynamic GC Workers), MaxAllocRate: 1176,3MB/s (+/-29,3%), Free: 13752MB, GCCPUTime: 2,329, GCDuration: 0,474s, TimeUntilOOM: 9,045s, TimeUntilGC: 8,571s, GCWorkers: 5
[7,993s][debug  ][gc,director    ] Rule Minor: High Usage, Free: 13752MB(89,5%)
[7,997s][debug  ][gc,nmethod     ] Register NMethod: io.sirix.access.trx.page.NodePageTrx$$Lambda/0x000000008036b078.apply (0x00007f77cffe7990) [0x00007f77cffe7b40, 0x00007f77cffe7de8] Compiler: c1, Barriers: 2, Oops: 1, ImmediateOops: 0, NonImmediateOops: No
[8,003s][debug  ][gc,director    ] Rule Major: Warmup 20%, Used: 1572MB, UsedThreshold: 3072MB
[8,003s][debug  ][gc,director    ] Select Minor GC Workers (Not Warm), GCWorkers: 5,000
[8,003s][debug  ][gc,director    ] Rule Minor: Allocation Rate (Dynamic GC Workers), MaxAllocRate: 296,0MB/s (+/-29,3%), Free: 13746MB, GCCPUTime: 2,329, GCDuration: 0,474s, TimeUntilOOM: 35,926s, TimeUntilGC: 35,452s, GCWorkers: 5
[8,003s][debug  ][gc,director    ] Select Minor GC Workers (Not Warm), GCWorkers: 5,000
[8,003s][debug  ][gc,director    ] Rule Minor: Allocation Rate (Dynamic GC Workers), MaxAllocRate: 1176,3MB/s (+/-29,3%), Free: 13746MB, GCCPUTime: 2,329, GCDuration: 0,474s, TimeUntilOOM: 9,041s, TimeUntilGC: 8,567s, GCWorkers: 5
[8,003s][debug  ][gc,director    ] Rule Minor: High Usage, Free: 13746MB(89,5%)
[8,013s][debug  ][gc,director    ] Rule Major: Warmup 20%, Used: 1580MB, UsedThreshold: 3072MB
[8,013s][debug  ][gc,director    ] Select Minor GC Workers (Not Warm), GCWorkers: 5,000
[8,013s][debug  ][gc,director    ] Rule Minor: Allocation Rate (Dynamic GC Workers), MaxAllocRate: 296,0MB/s (+/-29,3%), Free: 13738MB, GCCPUTime: 2,329, GCDuration: 0,474s, TimeUntilOOM: 35,905s, TimeUntilGC: 35,431s, GCWorkers: 5
[8,013s][debug  ][gc,director    ] Select Minor GC Workers (Not Warm), GCWorkers: 5,000
[8,013s][debug  ][gc,director    ] Rule Minor: Allocation Rate (Dynamic GC Workers), MaxAllocRate: 1176,3MB/s (+/-29,3%), Free: 13738MB, GCCPUTime: 2,329, GCDuration: 0,474s, TimeUntilOOM: 9,036s, TimeUntilGC: 8,562s, GCWorkers: 5
[8,013s][debug  ][gc,director    ] Rule Minor: High Usage, Free: 13738MB(89,4%)
[8,023s][debug  ][gc,director    ] Rule Major: Warmup 20%, Used: 1586MB, UsedThreshold: 3072MB
[8,023s][debug  ][gc,director    ] Select Minor GC Workers (Not Warm), GCWorkers: 5,000
[8,023s][debug  ][gc,director    ] Rule Minor: Allocation Rate (Dynamic GC Workers), MaxAllocRate: 296,0MB/s (+/-29,3%), Free: 13732MB, GCCPUTime: 2,329, GCDuration: 0,474s, TimeUntilOOM: 35,889s, TimeUntilGC: 35,415s, GCWorkers: 5
[8,023s][debug  ][gc,director    ] Select Minor GC Workers (Not Warm), GCWorkers: 5,000
[8,023s][debug  ][gc,director    ] Rule Minor: Allocation Rate (Dynamic GC Workers), MaxAllocRate: 1176,3MB/s (+/-29,3%), Free: 13732MB, GCCPUTime: 2,329, GCDuration: 0,474s, TimeUntilOOM: 9,032s, TimeUntilGC: 8,558s, GCWorkers: 5
[8,023s][debug  ][gc,director    ] Rule Minor: High Usage, Free: 13732MB(89,4%)
[8,033s][debug  ][gc,director    ] Rule Major: Warmup 20%, Used: 1592MB, UsedThreshold: 3072MB
[8,033s][debug  ][gc,director    ] Select Minor GC Workers (Not Warm), GCWorkers: 5,000
[8,033s][debug  ][gc,director    ] Rule Minor: Allocation Rate (Dynamic GC Workers), MaxAllocRate: 296,0MB/s (+/-29,3%), Free: 13726MB, GCCPUTime: 2,329, GCDuration: 0,474s, TimeUntilOOM: 35,874s, TimeUntilGC: 35,400s, GCWorkers: 5
[8,033s][debug  ][gc,director    ] Select Minor GC Workers (Not Warm), GCWorkers: 5,000
[8,033s][debug  ][gc,director    ] Rule Minor: Allocation Rate (Dynamic GC Workers), MaxAllocRate: 1176,3MB/s (+/-29,3%), Free: 13726MB, GCCPUTime: 2,329, GCDuration: 0,474s, TimeUntilOOM: 9,028s, TimeUntilGC: 8,554s, GCWorkers: 5
[8,033s][debug  ][gc,director    ] Rule Minor: High Usage, Free: 13726MB(89,4%)
[8,044s][debug  ][gc,director    ] Rule Major: Warmup 20%, Used: 1600MB, UsedThreshold: 3072MB
[8,044s][debug  ][gc,director    ] Select Minor GC Workers (Not Warm), GCWorkers: 5,000
[8,044s][debug  ][gc,director    ] Rule Minor: Allocation Rate (Dynamic GC Workers), MaxAllocRate: 296,0MB/s (+/-29,3%), Free: 13718MB, GCCPUTime: 2,329, GCDuration: 0,474s, TimeUntilOOM: 35,853s, TimeUntilGC: 35,379s, GCWorkers: 5
[8,044s][debug  ][gc,director    ] Select Minor GC Workers (Not Warm), GCWorkers: 5,000
[8,044s][debug  ][gc,director    ] Rule Minor: Allocation Rate (Dynamic GC Workers), MaxAllocRate: 1176,3MB/s (+/-29,3%), Free: 13718MB, GCCPUTime: 2,329, GCDuration: 0,474s, TimeUntilOOM: 9,023s, TimeUntilGC: 8,549s, GCWorkers: 5
[8,044s][debug  ][gc,director    ] Rule Minor: High Usage, Free: 13718MB(89,3%)
[8,049s][debug  ][gc,nmethod     ] Register NMethod: it.unimi.dsi.fastutil.longs.AbstractLongList.push (0x00007f77ef3e2790) [0x00007f77ef3e2920, 0x00007f77ef3e2a58] Compiler: c2, Barriers: 1, Oops: 1, ImmediateOops: 0, NonImmediateOops: No
[8,049s][debug  ][gc,nmethod     ] Register NMethod: io.sirix.access.trx.node.AbstractNodeTrxImpl.getCurrentNode (0x00007f77ef3e2b90) [0x00007f77ef3e2d20, 0x00007f77ef3e2e40] Compiler: c2, Barriers: 2, Oops: 1, ImmediateOops: 0, NonImmediateOops: No
[8,054s][debug  ][gc,director    ] Rule Major: Warmup 20%, Used: 1608MB, UsedThreshold: 3072MB
[8,054s][debug  ][gc,director    ] Select Minor GC Workers (Not Warm), GCWorkers: 5,000
[8,054s][debug  ][gc,director    ] Rule Minor: Allocation Rate (Dynamic GC Workers), MaxAllocRate: 296,0MB/s (+/-29,3%), Free: 13710MB, GCCPUTime: 2,329, GCDuration: 0,474s, TimeUntilOOM: 35,832s, TimeUntilGC: 35,358s, GCWorkers: 5
[8,054s][debug  ][gc,director    ] Select Minor GC Workers (Not Warm), GCWorkers: 5,000
[8,054s][debug  ][gc,director    ] Rule Minor: Allocation Rate (Dynamic GC Workers), MaxAllocRate: 1176,3MB/s (+/-29,3%), Free: 13710MB, GCCPUTime: 2,329, GCDuration: 0,474s, TimeUntilOOM: 9,018s, TimeUntilGC: 8,543s, GCWorkers: 5
[8,054s][debug  ][gc,director    ] Rule Minor: High Usage, Free: 13710MB(89,3%)
[8,055s][debug  ][gc,nmethod     ] Register NMethod: io.sirix.access.trx.node.json.ForwardingJsonNodeReadOnlyTrx.getNodeKey (0x00007f77ef3e2f10) [0x00007f77ef3e30c0, 0x00007f77ef3e3250] Compiler: c2, Barriers: 2, Oops: 1, ImmediateOops: 0, NonImmediateOops: No
[8,058s][debug  ][gc,nmethod     ] Register NMethod: java.lang.StringBuilder.append (0x00007f77cffe7f10) [0x00007f77cffe80c0, 0x00007f77cffe8208] Compiler: c1, Barriers: 0, Oops: 0, ImmediateOops: 0, NonImmediateOops: No
[8,059s][debug  ][gc,nmethod     ] Register NMethod: io.sirix.access.trx.node.json.JsonNodeTrxImpl.insertArrayAsRightSibling (0x00007f77ef3e3410) [0x00007f77ef3e3800, 0x00007f77ef3e54c0] Compiler: c2, Barriers: 45, Oops: 3, ImmediateOops: 7, NonImmediateOops: No
[8,060s][debug  ][gc,alloc       ] Mutator Allocation Rate: 416,3MB/s Predicted: 453,6MB/s, Avg: 301,3(+/-88,2)MB/s
[8,060s][debug  ][gc,director    ] Rule Major: Warmup 20%, Used: 1612MB, UsedThreshold: 3072MB
[8,060s][debug  ][gc,director    ] Select Minor GC Workers (Not Warm), GCWorkers: 5,000
[8,060s][debug  ][gc,director    ] Rule Minor: Allocation Rate (Dynamic GC Workers), MaxAllocRate: 301,3MB/s (+/-29,3%), Free: 13706MB, GCCPUTime: 2,329, GCDuration: 0,474s, TimeUntilOOM: 35,195s, TimeUntilGC: 34,721s, GCWorkers: 5
[8,060s][debug  ][gc,director    ] Select Minor GC Workers (Not Warm), GCWorkers: 5,000
[8,060s][debug  ][gc,director    ] Rule Minor: Allocation Rate (Dynamic GC Workers), MaxAllocRate: 1197,3MB/s (+/-29,3%), Free: 13706MB, GCCPUTime: 2,329, GCDuration: 0,474s, TimeUntilOOM: 8,856s, TimeUntilGC: 8,381s, GCWorkers: 5
[8,060s][debug  ][gc,director    ] Rule Minor: High Usage, Free: 13706MB(89,2%)
[8,061s][debug  ][gc,nmethod     ] Register NMethod: com.google.gson.stream.JsonReader.readEscapeCharacter (0x00007f77cffe8290) [0x00007f77cffe8740, 0x00007f77cffea4e8] Compiler: c1, Barriers: 3, Oops: 4, ImmediateOops: 4, NonImmediateOops: No
[8,061s][debug  ][gc,nmethod     ] Register NMethod: io.sirix.service.json.shredder.JsonShredder.insertArray (0x00007f77ef3e6690) [0x00007f77ef3e6b20, 0x00007f77ef3e8f30] Compiler: c2, Barriers: 53, Oops: 4, ImmediateOops: 10, NonImmediateOops: No
[8,070s][debug  ][gc,director    ] Rule Major: Warmup 20%, Used: 1618MB, UsedThreshold: 3072MB
[8,070s][debug  ][gc,director    ] Select Minor GC Workers (Not Warm), GCWorkers: 5,000
[8,070s][debug  ][gc,director    ] Rule Minor: Allocation Rate (Dynamic GC Workers), MaxAllocRate: 301,3MB/s (+/-29,3%), Free: 13700MB, GCCPUTime: 2,329, GCDuration: 0,474s, TimeUntilOOM: 35,180s, TimeUntilGC: 34,706s, GCWorkers: 5
[8,070s][debug  ][gc,director    ] Select Minor GC Workers (Not Warm), GCWorkers: 5,000
[8,070s][debug  ][gc,director    ] Rule Minor: Allocation Rate (Dynamic GC Workers), MaxAllocRate: 1197,3MB/s (+/-29,3%), Free: 13700MB, GCCPUTime: 2,329, GCDuration: 0,474s, TimeUntilOOM: 8,852s, TimeUntilGC: 8,378s, GCWorkers: 5
[8,070s][debug  ][gc,director    ] Rule Minor: High Usage, Free: 13700MB(89,2%)
[8,080s][debug  ][gc,director    ] Rule Major: Warmup 20%, Used: 1624MB, UsedThreshold: 3072MB
[8,080s][debug  ][gc,director    ] Select Minor GC Workers (Not Warm), GCWorkers: 5,000
[8,080s][debug  ][gc,nmethod     ] Register NMethod: java.lang.StringBuilder.append (0x00007f77ef3ea610) [0x00007f77ef3ea7a0, 0x00007f77ef3ea848] Compiler: c2, Barriers: 0, Oops: 0, ImmediateOops: 0, NonImmediateOops: No
[8,080s][debug  ][gc,director    ] Rule Minor: Allocation Rate (Dynamic GC Workers), MaxAllocRate: 301,3MB/s (+/-29,3%), Free: 13694MB, GCCPUTime: 2,329, GCDuration: 0,474s, TimeUntilOOM: 35,165s, TimeUntilGC: 34,690s, GCWorkers: 5
[8,080s][debug  ][gc,director    ] Select Minor GC Workers (Not Warm), GCWorkers: 5,000
[8,080s][debug  ][gc,director    ] Rule Minor: Allocation Rate (Dynamic GC Workers), MaxAllocRate: 1197,3MB/s (+/-29,3%), Free: 13694MB, GCCPUTime: 2,329, GCDuration: 0,474s, TimeUntilOOM: 8,848s, TimeUntilGC: 8,374s, GCWorkers: 5
[8,080s][debug  ][gc,director    ] Rule Minor: High Usage, Free: 13694MB(89,2%)
[8,082s][debug  ][gc,nmethod     ] Register NMethod: com.google.gson.stream.JsonReader.readEscapeCharacter (0x00007f77ef3ea910) [0x00007f77ef3eaac0, 0x00007f77ef3eac90] Compiler: c2, Barriers: 1, Oops: 1, ImmediateOops: 1, NonImmediateOops: No
[8,091s][debug  ][gc,director    ] Rule Major: Warmup 20%, Used: 1632MB, UsedThreshold: 3072MB
[8,091s][debug  ][gc,director    ] Select Minor GC Workers (Not Warm), GCWorkers: 5,000
[8,091s][debug  ][gc,director    ] Rule Minor: Allocation Rate (Dynamic GC Workers), MaxAllocRate: 301,3MB/s (+/-29,3%), Free: 13686MB, GCCPUTime: 2,329, GCDuration: 0,474s, TimeUntilOOM: 35,144s, TimeUntilGC: 34,670s, GCWorkers: 5
[8,091s][debug  ][gc,director    ] Select Minor GC Workers (Not Warm), GCWorkers: 5,000
[8,091s][debug  ][gc,director    ] Rule Minor: Allocation Rate (Dynamic GC Workers), MaxAllocRate: 1197,3MB/s (+/-29,3%), Free: 13686MB, GCCPUTime: 2,329, GCDuration: 0,474s, TimeUntilOOM: 8,843s, TimeUntilGC: 8,369s, GCWorkers: 5
[8,091s][debug  ][gc,director    ] Rule Minor: High Usage, Free: 13686MB(89,1%)
[8,101s][debug  ][gc,director    ] Rule Major: Warmup 20%, Used: 1638MB, UsedThreshold: 3072MB
[8,101s][debug  ][gc,director    ] Select Minor GC Workers (Not Warm), GCWorkers: 5,000
[8,101s][debug  ][gc,director    ] Rule Minor: Allocation Rate (Dynamic GC Workers), MaxAllocRate: 301,3MB/s (+/-29,3%), Free: 13680MB, GCCPUTime: 2,329, GCDuration: 0,474s, TimeUntilOOM: 35,129s, TimeUntilGC: 34,654s, GCWorkers: 5
[8,101s][debug  ][gc,director    ] Select Minor GC Workers (Not Warm), GCWorkers: 5,000
[8,101s][debug  ][gc,director    ] Rule Minor: Allocation Rate (Dynamic GC Workers), MaxAllocRate: 1197,3MB/s (+/-29,3%), Free: 13680MB, GCCPUTime: 2,329, GCDuration: 0,474s, TimeUntilOOM: 8,839s, TimeUntilGC: 8,365s, GCWorkers: 5
[8,101s][debug  ][gc,director    ] Rule Minor: High Usage, Free: 13680MB(89,1%)
[8,111s][debug  ][gc,director    ] Rule Major: Warmup 20%, Used: 1646MB, UsedThreshold: 3072MB
[8,111s][debug  ][gc,director    ] Select Minor GC Workers (Not Warm), GCWorkers: 5,000
[8,111s][debug  ][gc,director    ] Rule Minor: Allocation Rate (Dynamic GC Workers), MaxAllocRate: 301,3MB/s (+/-29,3%), Free: 13672MB, GCCPUTime: 2,329, GCDuration: 0,474s, TimeUntilOOM: 35,108s, TimeUntilGC: 34,634s, GCWorkers: 5
[8,111s][debug  ][gc,director    ] Select Minor GC Workers (Not Warm), GCWorkers: 5,000
[8,111s][debug  ][gc,director    ] Rule Minor: Allocation Rate (Dynamic GC Workers), MaxAllocRate: 1197,3MB/s (+/-29,3%), Free: 13672MB, GCCPUTime: 2,329, GCDuration: 0,474s, TimeUntilOOM: 8,834s, TimeUntilGC: 8,359s, GCWorkers: 5
[8,111s][debug  ][gc,director    ] Rule Minor: High Usage, Free: 13672MB(89,0%)
[8,121s][debug  ][gc,director    ] Rule Major: Warmup 20%, Used: 1652MB, UsedThreshold: 3072MB
[8,121s][debug  ][gc,director    ] Select Minor GC Workers (Not Warm), GCWorkers: 5,000
[8,121s][debug  ][gc,director    ] Rule Minor: Allocation Rate (Dynamic GC Workers), MaxAllocRate: 301,3MB/s (+/-29,3%), Free: 13666MB, GCCPUTime: 2,329, GCDuration: 0,474s, TimeUntilOOM: 35,093s, TimeUntilGC: 34,618s, GCWorkers: 5
[8,121s][debug  ][gc,director    ] Select Minor GC Workers (Not Warm), GCWorkers: 5,000
[8,121s][debug  ][gc,director    ] Rule Minor: Allocation Rate (Dynamic GC Workers), MaxAllocRate: 1197,3MB/s (+/-29,3%), Free: 13666MB, GCCPUTime: 2,329, GCDuration: 0,474s, TimeUntilOOM: 8,830s, TimeUntilGC: 8,356s, GCWorkers: 5
[8,122s][debug  ][gc,director    ] Rule Minor: High Usage, Free: 13666MB(89,0%)
[8,132s][debug  ][gc,director    ] Rule Major: Warmup 20%, Used: 1660MB, UsedThreshold: 3072MB
[8,132s][debug  ][gc,director    ] Select Minor GC Workers (Not Warm), GCWorkers: 5,000
[8,132s][debug  ][gc,director    ] Rule Minor: Allocation Rate (Dynamic GC Workers), MaxAllocRate: 301,3MB/s (+/-29,3%), Free: 13658MB, GCCPUTime: 2,329, GCDuration: 0,474s, TimeUntilOOM: 35,072s, TimeUntilGC: 34,598s, GCWorkers: 5
[8,132s][debug  ][gc,director    ] Select Minor GC Workers (Not Warm), GCWorkers: 5,000
[8,132s][debug  ][gc,director    ] Rule Minor: Allocation Rate (Dynamic GC Workers), MaxAllocRate: 1197,3MB/s (+/-29,3%), Free: 13658MB, GCCPUTime: 2,329, GCDuration: 0,474s, TimeUntilOOM: 8,825s, TimeUntilGC: 8,350s, GCWorkers: 5
[8,132s][debug  ][gc,director    ] Rule Minor: High Usage, Free: 13658MB(88,9%)
[8,142s][debug  ][gc,director    ] Rule Major: Warmup 20%, Used: 1666MB, UsedThreshold: 3072MB
[8,142s][debug  ][gc,director    ] Select Minor GC Workers (Not Warm), GCWorkers: 5,000
[8,142s][debug  ][gc,director    ] Rule Minor: Allocation Rate (Dynamic GC Workers), MaxAllocRate: 301,3MB/s (+/-29,3%), Free: 13652MB, GCCPUTime: 2,329, GCDuration: 0,474s, TimeUntilOOM: 35,057s, TimeUntilGC: 34,582s, GCWorkers: 5
[8,142s][debug  ][gc,director    ] Select Minor GC Workers (Not Warm), GCWorkers: 5,000
[8,142s][debug  ][gc,director    ] Rule Minor: Allocation Rate (Dynamic GC Workers), MaxAllocRate: 1197,3MB/s (+/-29,3%), Free: 13652MB, GCCPUTime: 2,329, GCDuration: 0,474s, TimeUntilOOM: 8,821s, TimeUntilGC: 8,347s, GCWorkers: 5
[8,142s][debug  ][gc,director    ] Rule Minor: High Usage, Free: 13652MB(88,9%)
[8,152s][debug  ][gc,director    ] Rule Major: Warmup 20%, Used: 1674MB, UsedThreshold: 3072MB
[8,152s][debug  ][gc,director    ] Select Minor GC Workers (Not Warm), GCWorkers: 5,000
[8,152s][debug  ][gc,director    ] Rule Minor: Allocation Rate (Dynamic GC Workers), MaxAllocRate: 301,3MB/s (+/-29,3%), Free: 13644MB, GCCPUTime: 2,329, GCDuration: 0,474s, TimeUntilOOM: 35,036s, TimeUntilGC: 34,562s, GCWorkers: 5
[8,152s][debug  ][gc,director    ] Select Minor GC Workers (Not Warm), GCWorkers: 5,000
[8,152s][debug  ][gc,director    ] Rule Minor: Allocation Rate (Dynamic GC Workers), MaxAllocRate: 1197,3MB/s (+/-29,3%), Free: 13644MB, GCCPUTime: 2,329, GCDuration: 0,474s, TimeUntilOOM: 8,816s, TimeUntilGC: 8,341s, GCWorkers: 5
[8,152s][debug  ][gc,director    ] Rule Minor: High Usage, Free: 13644MB(88,8%)
[8,162s][debug  ][gc,director    ] Rule Major: Warmup 20%, Used: 1680MB, UsedThreshold: 3072MB
[8,162s][debug  ][gc,director    ] Select Minor GC Workers (Not Warm), GCWorkers: 5,000
[8,162s][debug  ][gc,director    ] Rule Minor: Allocation Rate (Dynamic GC Workers), MaxAllocRate: 301,3MB/s (+/-29,3%), Free: 13638MB, GCCPUTime: 2,329, GCDuration: 0,474s, TimeUntilOOM: 35,021s, TimeUntilGC: 34,547s, GCWorkers: 5
[8,162s][debug  ][gc,director    ] Select Minor GC Workers (Not Warm), GCWorkers: 5,000
[8,162s][debug  ][gc,director    ] Rule Minor: Allocation Rate (Dynamic GC Workers), MaxAllocRate: 1197,3MB/s (+/-29,3%), Free: 13638MB, GCCPUTime: 2,329, GCDuration: 0,474s, TimeUntilOOM: 8,812s, TimeUntilGC: 8,338s, GCWorkers: 5
[8,162s][debug  ][gc,director    ] Rule Minor: High Usage, Free: 13638MB(88,8%)
[8,173s][debug  ][gc,director    ] Rule Major: Warmup 20%, Used: 1688MB, UsedThreshold: 3072MB
[8,173s][debug  ][gc,director    ] Select Minor GC Workers (Not Warm), GCWorkers: 5,000
[8,173s][debug  ][gc,director    ] Rule Minor: Allocation Rate (Dynamic GC Workers), MaxAllocRate: 301,3MB/s (+/-29,3%), Free: 13630MB, GCCPUTime: 2,329, GCDuration: 0,474s, TimeUntilOOM: 35,000s, TimeUntilGC: 34,526s, GCWorkers: 5
[8,173s][debug  ][gc,director    ] Select Minor GC Workers (Not Warm), GCWorkers: 5,000
[8,173s][debug  ][gc,director    ] Rule Minor: Allocation Rate (Dynamic GC Workers), MaxAllocRate: 1197,3MB/s (+/-29,3%), Free: 13630MB, GCCPUTime: 2,329, GCDuration: 0,474s, TimeUntilOOM: 8,807s, TimeUntilGC: 8,332s, GCWorkers: 5
[8,173s][debug  ][gc,director    ] Rule Minor: High Usage, Free: 13630MB(88,7%)
[8,183s][debug  ][gc,director    ] Rule Major: Warmup 20%, Used: 1694MB, UsedThreshold: 3072MB
[8,183s][debug  ][gc,director    ] Select Minor GC Workers (Not Warm), GCWorkers: 5,000
[8,183s][debug  ][gc,director    ] Rule Minor: Allocation Rate (Dynamic GC Workers), MaxAllocRate: 301,3MB/s (+/-29,3%), Free: 13624MB, GCCPUTime: 2,329, GCDuration: 0,474s, TimeUntilOOM: 34,985s, TimeUntilGC: 34,511s, GCWorkers: 5
[8,183s][debug  ][gc,director    ] Select Minor GC Workers (Not Warm), GCWorkers: 5,000
[8,183s][debug  ][gc,director    ] Rule Minor: Allocation Rate (Dynamic GC Workers), MaxAllocRate: 1197,3MB/s (+/-29,3%), Free: 13624MB, GCCPUTime: 2,329, GCDuration: 0,474s, TimeUntilOOM: 8,803s, TimeUntilGC: 8,328s, GCWorkers: 5
[8,183s][debug  ][gc,director    ] Rule Minor: High Usage, Free: 13624MB(88,7%)
[8,193s][debug  ][gc,director    ] Rule Major: Warmup 20%, Used: 1702MB, UsedThreshold: 3072MB
[8,193s][debug  ][gc,director    ] Select Minor GC Workers (Not Warm), GCWorkers: 5,000
[8,193s][debug  ][gc,director    ] Rule Minor: Allocation Rate (Dynamic GC Workers), MaxAllocRate: 301,3MB/s (+/-29,3%), Free: 13616MB, GCCPUTime: 2,329, GCDuration: 0,474s, TimeUntilOOM: 34,964s, TimeUntilGC: 34,490s, GCWorkers: 5
[8,193s][debug  ][gc,director    ] Select Minor GC Workers (Not Warm), GCWorkers: 5,000
[8,193s][debug  ][gc,director    ] Rule Minor: Allocation Rate (Dynamic GC Workers), MaxAllocRate: 1197,3MB/s (+/-29,3%), Free: 13616MB, GCCPUTime: 2,329, GCDuration: 0,474s, TimeUntilOOM: 8,798s, TimeUntilGC: 8,323s, GCWorkers: 5
[8,193s][debug  ][gc,director    ] Rule Minor: High Usage, Free: 13616MB(88,6%)
[8,196s][debug  ][gc,nmethod     ] Register NMethod: it.unimi.dsi.fastutil.shorts.ShortArrayList$1.nextShort (0x00007f77ef3eae10) [0x00007f77ef3eafa0, 0x00007f77ef3eb118] Compiler: c2, Barriers: 2, Oops: 1, ImmediateOops: 0, NonImmediateOops: No
[8,203s][debug  ][gc,director    ] Rule Major: Warmup 20%, Used: 1708MB, UsedThreshold: 3072MB
[8,203s][debug  ][gc,director    ] Select Minor GC Workers (Not Warm), GCWorkers: 5,000
[8,203s][debug  ][gc,director    ] Rule Minor: Allocation Rate (Dynamic GC Workers), MaxAllocRate: 301,3MB/s (+/-29,3%), Free: 13610MB, GCCPUTime: 2,329, GCDuration: 0,474s, TimeUntilOOM: 34,949s, TimeUntilGC: 34,475s, GCWorkers: 5
[8,203s][debug  ][gc,director    ] Select Minor GC Workers (Not Warm), GCWorkers: 5,000
[8,203s][debug  ][gc,director    ] Rule Minor: Allocation Rate (Dynamic GC Workers), MaxAllocRate: 1197,3MB/s (+/-29,3%), Free: 13610MB, GCCPUTime: 2,329, GCDuration: 0,474s, TimeUntilOOM: 8,794s, TimeUntilGC: 8,319s, GCWorkers: 5
[8,203s][debug  ][gc,director    ] Rule Minor: High Usage, Free: 13610MB(88,6%)
[8,213s][debug  ][gc,director    ] Rule Major: Warmup 20%, Used: 1716MB, UsedThreshold: 3072MB
[8,214s][debug  ][gc,director    ] Select Minor GC Workers (Not Warm), GCWorkers: 5,000
[8,214s][debug  ][gc,director    ] Rule Minor: Allocation Rate (Dynamic GC Workers), MaxAllocRate: 301,3MB/s (+/-29,3%), Free: 13602MB, GCCPUTime: 2,329, GCDuration: 0,474s, TimeUntilOOM: 34,928s, TimeUntilGC: 34,454s, GCWorkers: 5
[8,214s][debug  ][gc,director    ] Select Minor GC Workers (Not Warm), GCWorkers: 5,000
[8,214s][debug  ][gc,director    ] Rule Minor: Allocation Rate (Dynamic GC Workers), MaxAllocRate: 1197,3MB/s (+/-29,3%), Free: 13602MB, GCCPUTime: 2,329, GCDuration: 0,474s, TimeUntilOOM: 8,789s, TimeUntilGC: 8,314s, GCWorkers: 5
[8,214s][debug  ][gc,director    ] Rule Minor: High Usage, Free: 13602MB(88,6%)
[8,224s][debug  ][gc,director    ] Rule Major: Warmup 20%, Used: 1722MB, UsedThreshold: 3072MB
[8,224s][debug  ][gc,director    ] Select Minor GC Workers (Not Warm), GCWorkers: 5,000
[8,224s][debug  ][gc,director    ] Rule Minor: Allocation Rate (Dynamic GC Workers), MaxAllocRate: 301,3MB/s (+/-29,3%), Free: 13596MB, GCCPUTime: 2,329, GCDuration: 0,474s, TimeUntilOOM: 34,913s, TimeUntilGC: 34,439s, GCWorkers: 5
[8,224s][debug  ][gc,director    ] Select Minor GC Workers (Not Warm), GCWorkers: 5,000
[8,224s][debug  ][gc,director    ] Rule Minor: Allocation Rate (Dynamic GC Workers), MaxAllocRate: 1197,3MB/s (+/-29,3%), Free: 13596MB, GCCPUTime: 2,329, GCDuration: 0,474s, TimeUntilOOM: 8,785s, TimeUntilGC: 8,310s, GCWorkers: 5
[8,224s][debug  ][gc,director    ] Rule Minor: High Usage, Free: 13596MB(88,5%)
[8,234s][debug  ][gc,director    ] Rule Major: Warmup 20%, Used: 1730MB, UsedThreshold: 3072MB
[8,234s][debug  ][gc,director    ] Select Minor GC Workers (Not Warm), GCWorkers: 5,000
[8,234s][debug  ][gc,director    ] Rule Minor: Allocation Rate (Dynamic GC Workers), MaxAllocRate: 301,3MB/s (+/-29,3%), Free: 13588MB, GCCPUTime: 2,329, GCDuration: 0,474s, TimeUntilOOM: 34,892s, TimeUntilGC: 34,418s, GCWorkers: 5
[8,234s][debug  ][gc,director    ] Select Minor GC Workers (Not Warm), GCWorkers: 5,000
[8,234s][debug  ][gc,director    ] Rule Minor: Allocation Rate (Dynamic GC Workers), MaxAllocRate: 1197,3MB/s (+/-29,3%), Free: 13588MB, GCCPUTime: 2,329, GCDuration: 0,474s, TimeUntilOOM: 8,780s, TimeUntilGC: 8,305s, GCWorkers: 5
[8,234s][debug  ][gc,director    ] Rule Minor: High Usage, Free: 13588MB(88,5%)
[8,236s][debug  ][gc,alloc       ] Mutator Allocation Rate: 423,2MB/s Predicted: 461,2MB/s, Avg: 306,3(+/-89,7)MB/s
[8,236s][debug  ][gc,director    ] Rule Major: Warmup 20%, Used: 1732MB, UsedThreshold: 3072MB
[8,236s][debug  ][gc,director    ] Select Minor GC Workers (Not Warm), GCWorkers: 5,000
[8,236s][debug  ][gc,director    ] Rule Minor: Allocation Rate (Dynamic GC Workers), MaxAllocRate: 306,3MB/s (+/-29,3%), Free: 13586MB, GCCPUTime: 2,329, GCDuration: 0,474s, TimeUntilOOM: 34,306s, TimeUntilGC: 33,832s, GCWorkers: 5
[8,236s][debug  ][gc,director    ] Select Minor GC Workers (Not Warm), GCWorkers: 5,000
[8,236s][debug  ][gc,director    ] Rule Minor: Allocation Rate (Dynamic GC Workers), MaxAllocRate: 1217,5MB/s (+/-29,3%), Free: 13586MB, GCCPUTime: 2,329, GCDuration: 0,474s, TimeUntilOOM: 8,632s, TimeUntilGC: 8,157s, GCWorkers: 5
[8,236s][debug  ][gc,director    ] Rule Minor: High Usage, Free: 13586MB(88,5%)
[8,246s][debug  ][gc,director    ] Rule Major: Warmup 20%, Used: 1738MB, UsedThreshold: 3072MB
[8,246s][debug  ][gc,director    ] Select Minor GC Workers (Not Warm), GCWorkers: 5,000
[8,246s][debug  ][gc,director    ] Rule Minor: Allocation Rate (Dynamic GC Workers), MaxAllocRate: 306,3MB/s (+/-29,3%), Free: 13580MB, GCCPUTime: 2,329, GCDuration: 0,474s, TimeUntilOOM: 34,291s, TimeUntilGC: 33,817s, GCWorkers: 5
[8,246s][debug  ][gc,director    ] Select Minor GC Workers (Not Warm), GCWorkers: 5,000
[8,246s][debug  ][gc,director    ] Rule Minor: Allocation Rate (Dynamic GC Workers), MaxAllocRate: 1217,5MB/s (+/-29,3%), Free: 13580MB, GCCPUTime: 2,329, GCDuration: 0,474s, TimeUntilOOM: 8,628s, TimeUntilGC: 8,153s, GCWorkers: 5
[8,246s][debug  ][gc,director    ] Rule Minor: High Usage, Free: 13580MB(88,4%)
[8,256s][debug  ][gc,director    ] Rule Major: Warmup 20%, Used: 1746MB, UsedThreshold: 3072MB
[8,256s][debug  ][gc,director    ] Select Minor GC Workers (Not Warm), GCWorkers: 5,000
[8,256s][debug  ][gc,director    ] Rule Minor: Allocation Rate (Dynamic GC Workers), MaxAllocRate: 306,3MB/s (+/-29,3%), Free: 13572MB, GCCPUTime: 2,329, GCDuration: 0,474s, TimeUntilOOM: 34,271s, TimeUntilGC: 33,797s, GCWorkers: 5
[8,256s][debug  ][gc,director    ] Select Minor GC Workers (Not Warm), GCWorkers: 5,000
[8,256s][debug  ][gc,director    ] Rule Minor: Allocation Rate (Dynamic GC Workers), MaxAllocRate: 1217,5MB/s (+/-29,3%), Free: 13572MB, GCCPUTime: 2,329, GCDuration: 0,474s, TimeUntilOOM: 8,623s, TimeUntilGC: 8,148s, GCWorkers: 5
[8,256s][debug  ][gc,director    ] Rule Minor: High Usage, Free: 13572MB(88,4%)
[8,266s][debug  ][gc,director    ] Rule Major: Warmup 20%, Used: 1752MB, UsedThreshold: 3072MB
[8,266s][debug  ][gc,director    ] Select Minor GC Workers (Not Warm), GCWorkers: 5,000
[8,266s][debug  ][gc,director    ] Rule Minor: Allocation Rate (Dynamic GC Workers), MaxAllocRate: 306,3MB/s (+/-29,3%), Free: 13566MB, GCCPUTime: 2,329, GCDuration: 0,474s, TimeUntilOOM: 34,256s, TimeUntilGC: 33,781s, GCWorkers: 5
[8,266s][debug  ][gc,director    ] Select Minor GC Workers (Not Warm), GCWorkers: 5,000
[8,266s][debug  ][gc,director    ] Rule Minor: Allocation Rate (Dynamic GC Workers), MaxAllocRate: 1217,5MB/s (+/-29,3%), Free: 13566MB, GCCPUTime: 2,329, GCDuration: 0,474s, TimeUntilOOM: 8,619s, TimeUntilGC: 8,145s, GCWorkers: 5
[8,266s][debug  ][gc,director    ] Rule Minor: High Usage, Free: 13566MB(88,3%)
[8,277s][debug  ][gc,director    ] Rule Major: Warmup 20%, Used: 1760MB, UsedThreshold: 3072MB
[8,277s][debug  ][gc,director    ] Select Minor GC Workers (Not Warm), GCWorkers: 5,000
[8,277s][debug  ][gc,director    ] Rule Minor: Allocation Rate (Dynamic GC Workers), MaxAllocRate: 306,3MB/s (+/-29,3%), Free: 13558MB, GCCPUTime: 2,329, GCDuration: 0,474s, TimeUntilOOM: 34,235s, TimeUntilGC: 33,761s, GCWorkers: 5
[8,277s][debug  ][gc,director    ] Select Minor GC Workers (Not Warm), GCWorkers: 5,000
[8,277s][debug  ][gc,director    ] Rule Minor: Allocation Rate (Dynamic GC Workers), MaxAllocRate: 1217,5MB/s (+/-29,3%), Free: 13558MB, GCCPUTime: 2,329, GCDuration: 0,474s, TimeUntilOOM: 8,614s, TimeUntilGC: 8,140s, GCWorkers: 5
[8,277s][debug  ][gc,director    ] Rule Minor: High Usage, Free: 13558MB(88,3%)
[8,287s][debug  ][gc,director    ] Rule Major: Warmup 20%, Used: 1766MB, UsedThreshold: 3072MB
[8,287s][debug  ][gc,director    ] Select Minor GC Workers (Not Warm), GCWorkers: 5,000
[8,287s][debug  ][gc,director    ] Rule Minor: Allocation Rate (Dynamic GC Workers), MaxAllocRate: 306,3MB/s (+/-29,3%), Free: 13552MB, GCCPUTime: 2,329, GCDuration: 0,474s, TimeUntilOOM: 34,220s, TimeUntilGC: 33,746s, GCWorkers: 5
[8,287s][debug  ][gc,director    ] Select Minor GC Workers (Not Warm), GCWorkers: 5,000
[8,287s][debug  ][gc,director    ] Rule Minor: Allocation Rate (Dynamic GC Workers), MaxAllocRate: 1217,5MB/s (+/-29,3%), Free: 13552MB, GCCPUTime: 2,329, GCDuration: 0,474s, TimeUntilOOM: 8,610s, TimeUntilGC: 8,136s, GCWorkers: 5
[8,287s][debug  ][gc,director    ] Rule Minor: High Usage, Free: 13552MB(88,2%)
[8,289s][debug  ][gc,nmethod     ] Register NMethod: java.util.HashMap.computeIfAbsent (0x00007f77ef3eb210) [0x00007f77ef3eb4c0, 0x00007f77ef3ec538] Compiler: c2, Barriers: 23, Oops: 2, ImmediateOops: 0, NonImmediateOops: No
[8,297s][debug  ][gc,director    ] Rule Major: Warmup 20%, Used: 1774MB, UsedThreshold: 3072MB
[8,297s][debug  ][gc,director    ] Select Minor GC Workers (Not Warm), GCWorkers: 5,000
[8,297s][debug  ][gc,director    ] Rule Minor: Allocation Rate (Dynamic GC Workers), MaxAllocRate: 306,3MB/s (+/-29,3%), Free: 13544MB, GCCPUTime: 2,329, GCDuration: 0,474s, TimeUntilOOM: 34,200s, TimeUntilGC: 33,726s, GCWorkers: 5
[8,297s][debug  ][gc,director    ] Select Minor GC Workers (Not Warm), GCWorkers: 5,000
[8,297s][debug  ][gc,director    ] Rule Minor: Allocation Rate (Dynamic GC Workers), MaxAllocRate: 1217,5MB/s (+/-29,3%), Free: 13544MB, GCCPUTime: 2,329, GCDuration: 0,474s, TimeUntilOOM: 8,605s, TimeUntilGC: 8,131s, GCWorkers: 5
[8,297s][debug  ][gc,director    ] Rule Minor: High Usage, Free: 13544MB(88,2%)
[8,298s][debug  ][gc,nmethod     ] Register NMethod: io.sirix.page.IndirectPage.getOrCreateReference (0x00007f77ef3ece90) [0x00007f77ef3ed220, 0x00007f77ef3ee9c0] Compiler: c2, Barriers: 49, Oops: 1, ImmediateOops: 0, NonImmediateOops: No
[8,307s][debug  ][gc,director    ] Rule Major: Warmup 20%, Used: 1780MB, UsedThreshold: 3072MB
[8,308s][debug  ][gc,director    ] Select Minor GC Workers (Not Warm), GCWorkers: 5,000
[8,308s][debug  ][gc,director    ] Rule Minor: Allocation Rate (Dynamic GC Workers), MaxAllocRate: 306,3MB/s (+/-29,3%), Free: 13538MB, GCCPUTime: 2,329, GCDuration: 0,474s, TimeUntilOOM: 34,185s, TimeUntilGC: 33,711s, GCWorkers: 5
[8,308s][debug  ][gc,director    ] Select Minor GC Workers (Not Warm), GCWorkers: 5,000
[8,308s][debug  ][gc,director    ] Rule Minor: Allocation Rate (Dynamic GC Workers), MaxAllocRate: 1217,5MB/s (+/-29,3%), Free: 13538MB, GCCPUTime: 2,329, GCDuration: 0,474s, TimeUntilOOM: 8,601s, TimeUntilGC: 8,127s, GCWorkers: 5
[8,308s][debug  ][gc,director    ] Rule Minor: High Usage, Free: 13538MB(88,1%)
[8,318s][debug  ][gc,director    ] Rule Major: Warmup 20%, Used: 1788MB, UsedThreshold: 3072MB
[8,318s][debug  ][gc,director    ] Select Minor GC Workers (Not Warm), GCWorkers: 5,000
[8,318s][debug  ][gc,director    ] Rule Minor: Allocation Rate (Dynamic GC Workers), MaxAllocRate: 306,3MB/s (+/-29,3%), Free: 13530MB, GCCPUTime: 2,329, GCDuration: 0,474s, TimeUntilOOM: 34,165s, TimeUntilGC: 33,690s, GCWorkers: 5
[8,318s][debug  ][gc,director    ] Select Minor GC Workers (Not Warm), GCWorkers: 5,000
[8,318s][debug  ][gc,director    ] Rule Minor: Allocation Rate (Dynamic GC Workers), MaxAllocRate: 1217,5MB/s (+/-29,3%), Free: 13530MB, GCCPUTime: 2,329, GCDuration: 0,474s, TimeUntilOOM: 8,596s, TimeUntilGC: 8,122s, GCWorkers: 5
[8,318s][debug  ][gc,director    ] Rule Minor: High Usage, Free: 13530MB(88,1%)
[8,328s][debug  ][gc,director    ] Rule Major: Warmup 20%, Used: 1794MB, UsedThreshold: 3072MB
[8,328s][debug  ][gc,director    ] Select Minor GC Workers (Not Warm), GCWorkers: 5,000
[8,328s][debug  ][gc,director    ] Rule Minor: Allocation Rate (Dynamic GC Workers), MaxAllocRate: 306,3MB/s (+/-29,3%), Free: 13524MB, GCCPUTime: 2,329, GCDuration: 0,474s, TimeUntilOOM: 34,150s, TimeUntilGC: 33,675s, GCWorkers: 5
[8,328s][debug  ][gc,director    ] Select Minor GC Workers (Not Warm), GCWorkers: 5,000
[8,328s][debug  ][gc,director    ] Rule Minor: Allocation Rate (Dynamic GC Workers), MaxAllocRate: 1217,5MB/s (+/-29,3%), Free: 13524MB, GCCPUTime: 2,329, GCDuration: 0,474s, TimeUntilOOM: 8,592s, TimeUntilGC: 8,118s, GCWorkers: 5
[8,328s][debug  ][gc,director    ] Rule Minor: High Usage, Free: 13524MB(88,0%)
[8,338s][debug  ][gc,director    ] Rule Major: Warmup 20%, Used: 1802MB, UsedThreshold: 3072MB
[8,338s][debug  ][gc,director    ] Select Minor GC Workers (Not Warm), GCWorkers: 5,000
[8,338s][debug  ][gc,director    ] Rule Minor: Allocation Rate (Dynamic GC Workers), MaxAllocRate: 306,3MB/s (+/-29,3%), Free: 13516MB, GCCPUTime: 2,329, GCDuration: 0,474s, TimeUntilOOM: 34,129s, TimeUntilGC: 33,655s, GCWorkers: 5
[8,338s][debug  ][gc,director    ] Select Minor GC Workers (Not Warm), GCWorkers: 5,000
[8,338s][debug  ][gc,director    ] Rule Minor: Allocation Rate (Dynamic GC Workers), MaxAllocRate: 1217,5MB/s (+/-29,3%), Free: 13516MB, GCCPUTime: 2,329, GCDuration: 0,474s, TimeUntilOOM: 8,587s, TimeUntilGC: 8,113s, GCWorkers: 5
[8,338s][debug  ][gc,director    ] Rule Minor: High Usage, Free: 13516MB(88,0%)
[8,348s][debug  ][gc,director    ] Rule Major: Warmup 20%, Used: 1808MB, UsedThreshold: 3072MB
[8,348s][debug  ][gc,director    ] Select Minor GC Workers (Not Warm), GCWorkers: 5,000
[8,348s][debug  ][gc,director    ] Rule Minor: Allocation Rate (Dynamic GC Workers), MaxAllocRate: 306,3MB/s (+/-29,3%), Free: 13510MB, GCCPUTime: 2,329, GCDuration: 0,474s, TimeUntilOOM: 34,114s, TimeUntilGC: 33,640s, GCWorkers: 5
[8,348s][debug  ][gc,director    ] Select Minor GC Workers (Not Warm), GCWorkers: 5,000
[8,348s][debug  ][gc,director    ] Rule Minor: Allocation Rate (Dynamic GC Workers), MaxAllocRate: 1217,5MB/s (+/-29,3%), Free: 13510MB, GCCPUTime: 2,329, GCDuration: 0,474s, TimeUntilOOM: 8,583s, TimeUntilGC: 8,109s, GCWorkers: 5
[8,348s][debug  ][gc,director    ] Rule Minor: High Usage, Free: 13510MB(88,0%)
[8,359s][debug  ][gc,director    ] Rule Major: Warmup 20%, Used: 1816MB, UsedThreshold: 3072MB
[8,359s][debug  ][gc,director    ] Select Minor GC Workers (Not Warm), GCWorkers: 5,000
[8,359s][debug  ][gc,director    ] Rule Minor: Allocation Rate (Dynamic GC Workers), MaxAllocRate: 306,3MB/s (+/-29,3%), Free: 13502MB, GCCPUTime: 2,329, GCDuration: 0,474s, TimeUntilOOM: 34,094s, TimeUntilGC: 33,620s, GCWorkers: 5
[8,359s][debug  ][gc,director    ] Select Minor GC Workers (Not Warm), GCWorkers: 5,000
[8,359s][debug  ][gc,director    ] Rule Minor: Allocation Rate (Dynamic GC Workers), MaxAllocRate: 1217,5MB/s (+/-29,3%), Free: 13502MB, GCCPUTime: 2,329, GCDuration: 0,474s, TimeUntilOOM: 8,578s, TimeUntilGC: 8,104s, GCWorkers: 5
[8,359s][debug  ][gc,director    ] Rule Minor: High Usage, Free: 13502MB(87,9%)
[8,369s][debug  ][gc,director    ] Rule Major: Warmup 20%, Used: 1824MB, UsedThreshold: 3072MB
[8,369s][debug  ][gc,director    ] Select Minor GC Workers (Not Warm), GCWorkers: 5,000
[8,369s][debug  ][gc,director    ] Rule Minor: Allocation Rate (Dynamic GC Workers), MaxAllocRate: 306,3MB/s (+/-29,3%), Free: 13494MB, GCCPUTime: 2,329, GCDuration: 0,474s, TimeUntilOOM: 34,074s, TimeUntilGC: 33,600s, GCWorkers: 5
[8,369s][debug  ][gc,director    ] Select Minor GC Workers (Not Warm), GCWorkers: 5,000
[8,369s][debug  ][gc,director    ] Rule Minor: Allocation Rate (Dynamic GC Workers), MaxAllocRate: 1217,5MB/s (+/-29,3%), Free: 13494MB, GCCPUTime: 2,329, GCDuration: 0,474s, TimeUntilOOM: 8,573s, TimeUntilGC: 8,099s, GCWorkers: 5
[8,369s][debug  ][gc,director    ] Rule Minor: High Usage, Free: 13494MB(87,9%)
[8,375s][debug  ][gc,nmethod     ] Register NMethod: java.lang.Short.valueOf (0x00007f77ef3ef510) [0x00007f77ef3ef6a0, 0x00007f77ef3ef788] Compiler: c2, Barriers: 1, Oops: 0, ImmediateOops: 1, NonImmediateOops: No
[8,379s][debug  ][gc,director    ] Rule Major: Warmup 20%, Used: 1830MB, UsedThreshold: 3072MB
[8,379s][debug  ][gc,director    ] Select Minor GC Workers (Not Warm), GCWorkers: 5,000
[8,379s][debug  ][gc,director    ] Rule Minor: Allocation Rate (Dynamic GC Workers), MaxAllocRate: 306,3MB/s (+/-29,3%), Free: 13488MB, GCCPUTime: 2,329, GCDuration: 0,474s, TimeUntilOOM: 34,059s, TimeUntilGC: 33,584s, GCWorkers: 5
[8,379s][debug  ][gc,director    ] Select Minor GC Workers (Not Warm), GCWorkers: 5,000
[8,379s][debug  ][gc,director    ] Rule Minor: Allocation Rate (Dynamic GC Workers), MaxAllocRate: 1217,5MB/s (+/-29,3%), Free: 13488MB, GCCPUTime: 2,329, GCDuration: 0,474s, TimeUntilOOM: 8,569s, TimeUntilGC: 8,095s, GCWorkers: 5
[8,379s][debug  ][gc,director    ] Rule Minor: High Usage, Free: 13488MB(87,8%)
[8,389s][debug  ][gc,director    ] Rule Major: Warmup 20%, Used: 1838MB, UsedThreshold: 3072MB
[8,389s][debug  ][gc,director    ] Select Minor GC Workers (Not Warm), GCWorkers: 5,000
[8,389s][debug  ][gc,director    ] Rule Minor: Allocation Rate (Dynamic GC Workers), MaxAllocRate: 306,3MB/s (+/-29,3%), Free: 13480MB, GCCPUTime: 2,329, GCDuration: 0,474s, TimeUntilOOM: 34,039s, TimeUntilGC: 33,564s, GCWorkers: 5
[8,389s][debug  ][gc,director    ] Select Minor GC Workers (Not Warm), GCWorkers: 5,000
[8,389s][debug  ][gc,director    ] Rule Minor: Allocation Rate (Dynamic GC Workers), MaxAllocRate: 1217,5MB/s (+/-29,3%), Free: 13480MB, GCCPUTime: 2,329, GCDuration: 0,474s, TimeUntilOOM: 8,564s, TimeUntilGC: 8,090s, GCWorkers: 5
[8,389s][debug  ][gc,director    ] Rule Minor: High Usage, Free: 13480MB(87,8%)
[8,400s][debug  ][gc,director    ] Rule Major: Warmup 20%, Used: 1844MB, UsedThreshold: 3072MB
[8,400s][debug  ][gc,director    ] Select Minor GC Workers (Not Warm), GCWorkers: 5,000
[8,400s][debug  ][gc,director    ] Rule Minor: Allocation Rate (Dynamic GC Workers), MaxAllocRate: 306,3MB/s (+/-29,3%), Free: 13474MB, GCCPUTime: 2,329, GCDuration: 0,474s, TimeUntilOOM: 34,023s, TimeUntilGC: 33,549s, GCWorkers: 5
[8,400s][debug  ][gc,director    ] Select Minor GC Workers (Not Warm), GCWorkers: 5,000
[8,400s][debug  ][gc,director    ] Rule Minor: Allocation Rate (Dynamic GC Workers), MaxAllocRate: 1217,5MB/s (+/-29,3%), Free: 13474MB, GCCPUTime: 2,329, GCDuration: 0,474s, TimeUntilOOM: 8,560s, TimeUntilGC: 8,086s, GCWorkers: 5
[8,400s][debug  ][gc,director    ] Rule Minor: High Usage, Free: 13474MB(87,7%)
[8,409s][debug  ][gc,alloc       ] Mutator Allocation Rate: 429,8MB/s Predicted: 468,6MB/s, Avg: 311,3(+/-91,1)MB/s
[8,409s][debug  ][gc,director    ] Rule Major: Warmup 20%, Used: 1852MB, UsedThreshold: 3072MB
[8,409s][debug  ][gc,director    ] Select Minor GC Workers (Not Warm), GCWorkers: 5,000
[8,409s][debug  ][gc,director    ] Rule Minor: Allocation Rate (Dynamic GC Workers), MaxAllocRate: 311,3MB/s (+/-29,3%), Free: 13466MB, GCCPUTime: 2,329, GCDuration: 0,474s, TimeUntilOOM: 33,462s, TimeUntilGC: 32,988s, GCWorkers: 5
[8,409s][debug  ][gc,director    ] Select Minor GC Workers (Not Warm), GCWorkers: 5,000
[8,409s][debug  ][gc,director    ] Rule Minor: Allocation Rate (Dynamic GC Workers), MaxAllocRate: 1237,1MB/s (+/-29,3%), Free: 13466MB, GCCPUTime: 2,329, GCDuration: 0,474s, TimeUntilOOM: 8,420s, TimeUntilGC: 7,946s, GCWorkers: 5
[8,409s][debug  ][gc,director    ] Rule Minor: High Usage, Free: 13466MB(87,7%)
[8,420s][debug  ][gc,director    ] Rule Major: Warmup 20%, Used: 1858MB, UsedThreshold: 3072MB
[8,420s][debug  ][gc,director    ] Select Minor GC Workers (Not Warm), GCWorkers: 5,000
[8,420s][debug  ][gc,director    ] Rule Minor: Allocation Rate (Dynamic GC Workers), MaxAllocRate: 311,3MB/s (+/-29,3%), Free: 13460MB, GCCPUTime: 2,329, GCDuration: 0,474s, TimeUntilOOM: 33,447s, TimeUntilGC: 32,973s, GCWorkers: 5
[8,420s][debug  ][gc,director    ] Select Minor GC Workers (Not Warm), GCWorkers: 5,000
[8,420s][debug  ][gc,director    ] Rule Minor: Allocation Rate (Dynamic GC Workers), MaxAllocRate: 1237,1MB/s (+/-29,3%), Free: 13460MB, GCCPUTime: 2,329, GCDuration: 0,474s, TimeUntilOOM: 8,416s, TimeUntilGC: 7,942s, GCWorkers: 5
[8,420s][debug  ][gc,director    ] Rule Minor: High Usage, Free: 13460MB(87,6%)
[8,430s][debug  ][gc,director    ] Rule Major: Warmup 20%, Used: 1866MB, UsedThreshold: 3072MB
[8,430s][debug  ][gc,director    ] Select Minor GC Workers (Not Warm), GCWorkers: 5,000
[8,430s][debug  ][gc,director    ] Rule Minor: Allocation Rate (Dynamic GC Workers), MaxAllocRate: 311,3MB/s (+/-29,3%), Free: 13452MB, GCCPUTime: 2,329, GCDuration: 0,474s, TimeUntilOOM: 33,428s, TimeUntilGC: 32,953s, GCWorkers: 5
[8,430s][debug  ][gc,director    ] Select Minor GC Workers (Not Warm), GCWorkers: 5,000
[8,430s][debug  ][gc,director    ] Rule Minor: Allocation Rate (Dynamic GC Workers), MaxAllocRate: 1237,1MB/s (+/-29,3%), Free: 13452MB, GCCPUTime: 2,329, GCDuration: 0,474s, TimeUntilOOM: 8,411s, TimeUntilGC: 7,937s, GCWorkers: 5
[8,430s][debug  ][gc,director    ] Rule Minor: High Usage, Free: 13452MB(87,6%)
[8,440s][debug  ][gc,director    ] Rule Major: Warmup 20%, Used: 1872MB, UsedThreshold: 3072MB
[8,440s][debug  ][gc,director    ] Select Minor GC Workers (Not Warm), GCWorkers: 5,000
[8,440s][debug  ][gc,director    ] Rule Minor: Allocation Rate (Dynamic GC Workers), MaxAllocRate: 311,3MB/s (+/-29,3%), Free: 13446MB, GCCPUTime: 2,329, GCDuration: 0,474s, TimeUntilOOM: 33,413s, TimeUntilGC: 32,938s, GCWorkers: 5
[8,440s][debug  ][gc,director    ] Select Minor GC Workers (Not Warm), GCWorkers: 5,000
[8,440s][debug  ][gc,director    ] Rule Minor: Allocation Rate (Dynamic GC Workers), MaxAllocRate: 1237,1MB/s (+/-29,3%), Free: 13446MB, GCCPUTime: 2,329, GCDuration: 0,474s, TimeUntilOOM: 8,407s, TimeUntilGC: 7,933s, GCWorkers: 5
[8,440s][debug  ][gc,director    ] Rule Minor: High Usage, Free: 13446MB(87,5%)
[8,450s][debug  ][gc,director    ] Rule Major: Warmup 20%, Used: 1880MB, UsedThreshold: 3072MB
[8,450s][debug  ][gc,director    ] Select Minor GC Workers (Not Warm), GCWorkers: 5,000
[8,450s][debug  ][gc,director    ] Rule Minor: Allocation Rate (Dynamic GC Workers), MaxAllocRate: 311,3MB/s (+/-29,3%), Free: 13438MB, GCCPUTime: 2,329, GCDuration: 0,474s, TimeUntilOOM: 33,393s, TimeUntilGC: 32,918s, GCWorkers: 5
[8,450s][debug  ][gc,director    ] Select Minor GC Workers (Not Warm), GCWorkers: 5,000
[8,450s][debug  ][gc,director    ] Rule Minor: Allocation Rate (Dynamic GC Workers), MaxAllocRate: 1237,1MB/s (+/-29,3%), Free: 13438MB, GCCPUTime: 2,329, GCDuration: 0,474s, TimeUntilOOM: 8,402s, TimeUntilGC: 7,928s, GCWorkers: 5
[8,450s][debug  ][gc,director    ] Rule Minor: High Usage, Free: 13438MB(87,5%)
[8,460s][debug  ][gc,director    ] Rule Major: Warmup 20%, Used: 1886MB, UsedThreshold: 3072MB
[8,461s][debug  ][gc,director    ] Select Minor GC Workers (Not Warm), GCWorkers: 5,000
[8,461s][debug  ][gc,director    ] Rule Minor: Allocation Rate (Dynamic GC Workers), MaxAllocRate: 311,3MB/s (+/-29,3%), Free: 13432MB, GCCPUTime: 2,329, GCDuration: 0,474s, TimeUntilOOM: 33,378s, TimeUntilGC: 32,904s, GCWorkers: 5
[8,461s][debug  ][gc,director    ] Select Minor GC Workers (Not Warm), GCWorkers: 5,000
[8,461s][debug  ][gc,director    ] Rule Minor: Allocation Rate (Dynamic GC Workers), MaxAllocRate: 1237,1MB/s (+/-29,3%), Free: 13432MB, GCCPUTime: 2,329, GCDuration: 0,474s, TimeUntilOOM: 8,399s, TimeUntilGC: 7,924s, GCWorkers: 5
[8,461s][debug  ][gc,director    ] Rule Minor: High Usage, Free: 13432MB(87,4%)
[8,471s][debug  ][gc,director    ] Rule Major: Warmup 20%, Used: 1894MB, UsedThreshold: 3072MB
[8,471s][debug  ][gc,director    ] Select Minor GC Workers (Not Warm), GCWorkers: 5,000
[8,471s][debug  ][gc,director    ] Rule Minor: Allocation Rate (Dynamic GC Workers), MaxAllocRate: 311,3MB/s (+/-29,3%), Free: 13424MB, GCCPUTime: 2,329, GCDuration: 0,474s, TimeUntilOOM: 33,358s, TimeUntilGC: 32,884s, GCWorkers: 5
[8,471s][debug  ][gc,director    ] Select Minor GC Workers (Not Warm), GCWorkers: 5,000
[8,471s][debug  ][gc,director    ] Rule Minor: Allocation Rate (Dynamic GC Workers), MaxAllocRate: 1237,1MB/s (+/-29,3%), Free: 13424MB, GCCPUTime: 2,329, GCDuration: 0,474s, TimeUntilOOM: 8,394s, TimeUntilGC: 7,919s, GCWorkers: 5
[8,471s][debug  ][gc,director    ] Rule Minor: High Usage, Free: 13424MB(87,4%)
[8,481s][debug  ][gc,director    ] Rule Major: Warmup 20%, Used: 1900MB, UsedThreshold: 3072MB
[8,481s][debug  ][gc,director    ] Select Minor GC Workers (Not Warm), GCWorkers: 5,000
[8,481s][debug  ][gc,director    ] Rule Minor: Allocation Rate (Dynamic GC Workers), MaxAllocRate: 311,3MB/s (+/-29,3%), Free: 13418MB, GCCPUTime: 2,329, GCDuration: 0,474s, TimeUntilOOM: 33,343s, TimeUntilGC: 32,869s, GCWorkers: 5
[8,481s][debug  ][gc,director    ] Select Minor GC Workers (Not Warm), GCWorkers: 5,000
[8,481s][debug  ][gc,director    ] Rule Minor: Allocation Rate (Dynamic GC Workers), MaxAllocRate: 1237,1MB/s (+/-29,3%), Free: 13418MB, GCCPUTime: 2,329, GCDuration: 0,474s, TimeUntilOOM: 8,390s, TimeUntilGC: 7,916s, GCWorkers: 5
[8,481s][debug  ][gc,director    ] Rule Minor: High Usage, Free: 13418MB(87,4%)
[8,487s][debug  ][gc,nmethod     ] Register NMethod: io.sirix.access.trx.page.TreeModifierImpl.prepareIndirectPage (0x00007f77ef3ef810) [0x00007f77ef3efcc0, 0x00007f77ef3f2310] Compiler: c2, Barriers: 83, Oops: 2, ImmediateOops: 3, NonImmediateOops: No
[8,491s][debug  ][gc,director    ] Rule Major: Warmup 20%, Used: 1908MB, UsedThreshold: 3072MB
[8,491s][debug  ][gc,director    ] Select Minor GC Workers (Not Warm), GCWorkers: 5,000
[8,491s][debug  ][gc,director    ] Rule Minor: Allocation Rate (Dynamic GC Workers), MaxAllocRate: 311,3MB/s (+/-29,3%), Free: 13410MB, GCCPUTime: 2,329, GCDuration: 0,474s, TimeUntilOOM: 33,323s, TimeUntilGC: 32,849s, GCWorkers: 5
[8,491s][debug  ][gc,director    ] Select Minor GC Workers (Not Warm), GCWorkers: 5,000
[8,491s][debug  ][gc,director    ] Rule Minor: Allocation Rate (Dynamic GC Workers), MaxAllocRate: 1237,1MB/s (+/-29,3%), Free: 13410MB, GCCPUTime: 2,329, GCDuration: 0,474s, TimeUntilOOM: 8,385s, TimeUntilGC: 7,911s, GCWorkers: 5
[8,491s][debug  ][gc,director    ] Rule Minor: High Usage, Free: 13410MB(87,3%)
[8,501s][debug  ][gc,director    ] Rule Major: Warmup 20%, Used: 1914MB, UsedThreshold: 3072MB
[8,502s][debug  ][gc,director    ] Select Minor GC Workers (Not Warm), GCWorkers: 5,000
[8,502s][debug  ][gc,director    ] Rule Minor: Allocation Rate (Dynamic GC Workers), MaxAllocRate: 311,3MB/s (+/-29,3%), Free: 13404MB, GCCPUTime: 2,329, GCDuration: 0,474s, TimeUntilOOM: 33,308s, TimeUntilGC: 32,834s, GCWorkers: 5
[8,502s][debug  ][gc,director    ] Select Minor GC Workers (Not Warm), GCWorkers: 5,000
[8,502s][debug  ][gc,director    ] Rule Minor: Allocation Rate (Dynamic GC Workers), MaxAllocRate: 1237,1MB/s (+/-29,3%), Free: 13404MB, GCCPUTime: 2,329, GCDuration: 0,474s, TimeUntilOOM: 8,381s, TimeUntilGC: 7,907s, GCWorkers: 5
[8,502s][debug  ][gc,director    ] Rule Minor: High Usage, Free: 13404MB(87,3%)
[8,512s][debug  ][gc,director    ] Rule Major: Warmup 20%, Used: 1922MB, UsedThreshold: 3072MB
[8,512s][debug  ][gc,director    ] Select Minor GC Workers (Not Warm), GCWorkers: 5,000
[8,512s][debug  ][gc,director    ] Rule Minor: Allocation Rate (Dynamic GC Workers), MaxAllocRate: 311,3MB/s (+/-29,3%), Free: 13396MB, GCCPUTime: 2,329, GCDuration: 0,474s, TimeUntilOOM: 33,288s, TimeUntilGC: 32,814s, GCWorkers: 5
[8,512s][debug  ][gc,director    ] Select Minor GC Workers (Not Warm), GCWorkers: 5,000
[8,512s][debug  ][gc,director    ] Rule Minor: Allocation Rate (Dynamic GC Workers), MaxAllocRate: 1237,1MB/s (+/-29,3%), Free: 13396MB, GCCPUTime: 2,329, GCDuration: 0,474s, TimeUntilOOM: 8,376s, TimeUntilGC: 7,902s, GCWorkers: 5
[8,512s][debug  ][gc,director    ] Rule Minor: High Usage, Free: 13396MB(87,2%)
[8,522s][debug  ][gc,director    ] Rule Major: Warmup 20%, Used: 1930MB, UsedThreshold: 3072MB
[8,522s][debug  ][gc,director    ] Select Minor GC Workers (Not Warm), GCWorkers: 5,000
[8,522s][debug  ][gc,director    ] Rule Minor: Allocation Rate (Dynamic GC Workers), MaxAllocRate: 311,3MB/s (+/-29,3%), Free: 13388MB, GCCPUTime: 2,329, GCDuration: 0,474s, TimeUntilOOM: 33,269s, TimeUntilGC: 32,794s, GCWorkers: 5
[8,522s][debug  ][gc,director    ] Select Minor GC Workers (Not Warm), GCWorkers: 5,000
[8,522s][debug  ][gc,director    ] Rule Minor: Allocation Rate (Dynamic GC Workers), MaxAllocRate: 1237,1MB/s (+/-29,3%), Free: 13388MB, GCCPUTime: 2,329, GCDuration: 0,474s, TimeUntilOOM: 8,371s, TimeUntilGC: 7,897s, GCWorkers: 5
[8,522s][debug  ][gc,director    ] Rule Minor: High Usage, Free: 13388MB(87,2%)
[8,525s][debug  ][gc,nmethod     ] Register NMethod: java.io.FileInputStream.read (0x00007f77ef3f3310) [0x00007f77ef3f3500, 0x00007f77ef3f37c8] Compiler: c2, Barriers: 3, Oops: 0, ImmediateOops: 1, NonImmediateOops: No
[8,532s][debug  ][gc,director    ] Rule Major: Warmup 20%, Used: 1936MB, UsedThreshold: 3072MB
[8,532s][debug  ][gc,director    ] Select Minor GC Workers (Not Warm), GCWorkers: 5,000
[8,532s][debug  ][gc,director    ] Rule Minor: Allocation Rate (Dynamic GC Workers), MaxAllocRate: 311,3MB/s (+/-29,3%), Free: 13382MB, GCCPUTime: 2,329, GCDuration: 0,474s, TimeUntilOOM: 33,254s, TimeUntilGC: 32,779s, GCWorkers: 5
[8,532s][debug  ][gc,director    ] Select Minor GC Workers (Not Warm), GCWorkers: 5,000
[8,532s][debug  ][gc,director    ] Rule Minor: Allocation Rate (Dynamic GC Workers), MaxAllocRate: 1237,1MB/s (+/-29,3%), Free: 13382MB, GCCPUTime: 2,329, GCDuration: 0,474s, TimeUntilOOM: 8,367s, TimeUntilGC: 7,893s, GCWorkers: 5
[8,532s][debug  ][gc,director    ] Rule Minor: High Usage, Free: 13382MB(87,1%)
[8,543s][debug  ][gc,director    ] Rule Major: Warmup 20%, Used: 1944MB, UsedThreshold: 3072MB
[8,543s][debug  ][gc,director    ] Select Minor GC Workers (Not Warm), GCWorkers: 5,000
[8,543s][debug  ][gc,director    ] Rule Minor: Allocation Rate (Dynamic GC Workers), MaxAllocRate: 311,3MB/s (+/-29,3%), Free: 13374MB, GCCPUTime: 2,329, GCDuration: 0,474s, TimeUntilOOM: 33,234s, TimeUntilGC: 32,759s, GCWorkers: 5
[8,543s][debug  ][gc,director    ] Select Minor GC Workers (Not Warm), GCWorkers: 5,000
[8,543s][debug  ][gc,director    ] Rule Minor: Allocation Rate (Dynamic GC Workers), MaxAllocRate: 1237,1MB/s (+/-29,3%), Free: 13374MB, GCCPUTime: 2,329, GCDuration: 0,474s, TimeUntilOOM: 8,362s, TimeUntilGC: 7,888s, GCWorkers: 5
[8,543s][debug  ][gc,director    ] Rule Minor: High Usage, Free: 13374MB(87,1%)
[8,553s][debug  ][gc,director    ] Rule Major: Warmup 20%, Used: 1950MB, UsedThreshold: 3072MB
[8,553s][debug  ][gc,director    ] Select Minor GC Workers (Not Warm), GCWorkers: 5,000
[8,553s][debug  ][gc,director    ] Rule Minor: Allocation Rate (Dynamic GC Workers), MaxAllocRate: 311,3MB/s (+/-29,3%), Free: 13368MB, GCCPUTime: 2,329, GCDuration: 0,474s, TimeUntilOOM: 33,219s, TimeUntilGC: 32,745s, GCWorkers: 5
[8,553s][debug  ][gc,director    ] Select Minor GC Workers (Not Warm), GCWorkers: 5,000
[8,553s][debug  ][gc,director    ] Rule Minor: Allocation Rate (Dynamic GC Workers), MaxAllocRate: 1237,1MB/s (+/-29,3%), Free: 13368MB, GCCPUTime: 2,329, GCDuration: 0,474s, TimeUntilOOM: 8,359s, TimeUntilGC: 7,884s, GCWorkers: 5
[8,553s][debug  ][gc,director    ] Rule Minor: High Usage, Free: 13368MB(87,0%)
[8,563s][debug  ][gc,director    ] Rule Major: Warmup 20%, Used: 1958MB, UsedThreshold: 3072MB
[8,563s][debug  ][gc,director    ] Select Minor GC Workers (Not Warm), GCWorkers: 5,000
[8,563s][debug  ][gc,director    ] Rule Minor: Allocation Rate (Dynamic GC Workers), MaxAllocRate: 311,3MB/s (+/-29,3%), Free: 13360MB, GCCPUTime: 2,329, GCDuration: 0,474s, TimeUntilOOM: 33,199s, TimeUntilGC: 32,725s, GCWorkers: 5
[8,563s][debug  ][gc,director    ] Select Minor GC Workers (Not Warm), GCWorkers: 5,000
[8,563s][debug  ][gc,director    ] Rule Minor: Allocation Rate (Dynamic GC Workers), MaxAllocRate: 1237,1MB/s (+/-29,3%), Free: 13360MB, GCCPUTime: 2,329, GCDuration: 0,474s, TimeUntilOOM: 8,354s, TimeUntilGC: 7,879s, GCWorkers: 5
[8,563s][debug  ][gc,director    ] Rule Minor: High Usage, Free: 13360MB(87,0%)
[8,573s][debug  ][gc,director    ] Rule Major: Warmup 20%, Used: 1964MB, UsedThreshold: 3072MB
[8,573s][debug  ][gc,director    ] Select Minor GC Workers (Not Warm), GCWorkers: 5,000
[8,573s][debug  ][gc,director    ] Rule Minor: Allocation Rate (Dynamic GC Workers), MaxAllocRate: 311,3MB/s (+/-29,3%), Free: 13354MB, GCCPUTime: 2,329, GCDuration: 0,474s, TimeUntilOOM: 33,184s, TimeUntilGC: 32,710s, GCWorkers: 5
[8,573s][debug  ][gc,director    ] Select Minor GC Workers (Not Warm), GCWorkers: 5,000
[8,573s][debug  ][gc,director    ] Rule Minor: Allocation Rate (Dynamic GC Workers), MaxAllocRate: 1237,1MB/s (+/-29,3%), Free: 13354MB, GCCPUTime: 2,329, GCDuration: 0,474s, TimeUntilOOM: 8,350s, TimeUntilGC: 7,876s, GCWorkers: 5
[8,573s][debug  ][gc,director    ] Rule Minor: High Usage, Free: 13354MB(86,9%)
[8,582s][debug  ][gc,alloc       ] Mutator Allocation Rate: 436,2MB/s Predicted: 475,7MB/s, Avg: 316,1(+/-92,6)MB/s
[8,583s][debug  ][gc,director    ] Rule Major: Warmup 20%, Used: 1972MB, UsedThreshold: 3072MB
[8,583s][debug  ][gc,director    ] Select Minor GC Workers (Not Warm), GCWorkers: 5,000
[8,583s][debug  ][gc,director    ] Rule Minor: Allocation Rate (Dynamic GC Workers), MaxAllocRate: 316,1MB/s (+/-29,3%), Free: 13346MB, GCCPUTime: 2,329, GCDuration: 0,474s, TimeUntilOOM: 32,660s, TimeUntilGC: 32,186s, GCWorkers: 5
[8,583s][debug  ][gc,director    ] Select Minor GC Workers (Not Warm), GCWorkers: 5,000
[8,583s][debug  ][gc,director    ] Rule Minor: Allocation Rate (Dynamic GC Workers), MaxAllocRate: 1255,9MB/s (+/-29,3%), Free: 13346MB, GCCPUTime: 2,329, GCDuration: 0,474s, TimeUntilOOM: 8,220s, TimeUntilGC: 7,745s, GCWorkers: 5
[8,583s][debug  ][gc,director    ] Rule Minor: High Usage, Free: 13346MB(86,9%)
[8,593s][debug  ][gc,director    ] Rule Major: Warmup 20%, Used: 1978MB, UsedThreshold: 3072MB
[8,593s][debug  ][gc,director    ] Select Minor GC Workers (Not Warm), GCWorkers: 5,000
[8,593s][debug  ][gc,director    ] Rule Minor: Allocation Rate (Dynamic GC Workers), MaxAllocRate: 316,1MB/s (+/-29,3%), Free: 13340MB, GCCPUTime: 2,329, GCDuration: 0,474s, TimeUntilOOM: 32,646s, TimeUntilGC: 32,171s, GCWorkers: 5
[8,593s][debug  ][gc,director    ] Select Minor GC Workers (Not Warm), GCWorkers: 5,000
[8,593s][debug  ][gc,director    ] Rule Minor: Allocation Rate (Dynamic GC Workers), MaxAllocRate: 1255,9MB/s (+/-29,3%), Free: 13340MB, GCCPUTime: 2,329, GCDuration: 0,474s, TimeUntilOOM: 8,216s, TimeUntilGC: 7,742s, GCWorkers: 5
[8,593s][debug  ][gc,director    ] Rule Minor: High Usage, Free: 13340MB(86,8%)
[8,603s][debug  ][gc,director    ] Rule Major: Warmup 20%, Used: 1986MB, UsedThreshold: 3072MB
[8,603s][debug  ][gc,director    ] Select Minor GC Workers (Not Warm), GCWorkers: 5,000
[8,603s][debug  ][gc,director    ] Rule Minor: Allocation Rate (Dynamic GC Workers), MaxAllocRate: 316,1MB/s (+/-29,3%), Free: 13332MB, GCCPUTime: 2,329, GCDuration: 0,474s, TimeUntilOOM: 32,626s, TimeUntilGC: 32,152s, GCWorkers: 5
[8,603s][debug  ][gc,director    ] Select Minor GC Workers (Not Warm), GCWorkers: 5,000
[8,603s][debug  ][gc,director    ] Rule Minor: Allocation Rate (Dynamic GC Workers), MaxAllocRate: 1255,9MB/s (+/-29,3%), Free: 13332MB, GCCPUTime: 2,329, GCDuration: 0,474s, TimeUntilOOM: 8,211s, TimeUntilGC: 7,737s, GCWorkers: 5
[8,603s][debug  ][gc,director    ] Rule Minor: High Usage, Free: 13332MB(86,8%)
[8,604s][debug  ][gc,nmethod     ] Register NMethod: java.util.LinkedHashMap.linkNodeAtEnd (0x00007f77ef3f3a90) [0x00007f77ef3f3c40, 0x00007f77ef3f3f78] Compiler: c2, Barriers: 13, Oops: 0, ImmediateOops: 0, NonImmediateOops: No
[8,613s][debug  ][gc,director    ] Rule Major: Warmup 20%, Used: 1992MB, UsedThreshold: 3072MB
[8,613s][debug  ][gc,director    ] Select Minor GC Workers (Not Warm), GCWorkers: 5,000
[8,613s][debug  ][gc,director    ] Rule Minor: Allocation Rate (Dynamic GC Workers), MaxAllocRate: 316,1MB/s (+/-29,3%), Free: 13326MB, GCCPUTime: 2,329, GCDuration: 0,474s, TimeUntilOOM: 32,611s, TimeUntilGC: 32,137s, GCWorkers: 5
[8,613s][debug  ][gc,director    ] Select Minor GC Workers (Not Warm), GCWorkers: 5,000
[8,613s][debug  ][gc,director    ] Rule Minor: Allocation Rate (Dynamic GC Workers), MaxAllocRate: 1255,9MB/s (+/-29,3%), Free: 13326MB, GCCPUTime: 2,329, GCDuration: 0,474s, TimeUntilOOM: 8,207s, TimeUntilGC: 7,733s, GCWorkers: 5
[8,613s][debug  ][gc,director    ] Rule Minor: High Usage, Free: 13326MB(86,8%)
[8,623s][debug  ][gc,director    ] Rule Major: Warmup 20%, Used: 2000MB, UsedThreshold: 3072MB
[8,623s][debug  ][gc,director    ] Select Minor GC Workers (Not Warm), GCWorkers: 5,000
[8,623s][debug  ][gc,director    ] Rule Minor: Allocation Rate (Dynamic GC Workers), MaxAllocRate: 316,1MB/s (+/-29,3%), Free: 13318MB, GCCPUTime: 2,329, GCDuration: 0,474s, TimeUntilOOM: 32,592s, TimeUntilGC: 32,117s, GCWorkers: 5
[8,624s][debug  ][gc,director    ] Select Minor GC Workers (Not Warm), GCWorkers: 5,000
[8,624s][debug  ][gc,director    ] Rule Minor: Allocation Rate (Dynamic GC Workers), MaxAllocRate: 1255,9MB/s (+/-29,3%), Free: 13318MB, GCCPUTime: 2,329, GCDuration: 0,474s, TimeUntilOOM: 8,202s, TimeUntilGC: 7,728s, GCWorkers: 5
[8,624s][debug  ][gc,director    ] Rule Minor: High Usage, Free: 13318MB(86,7%)
[8,634s][debug  ][gc,director    ] Rule Major: Warmup 20%, Used: 2006MB, UsedThreshold: 3072MB
[8,634s][debug  ][gc,director    ] Select Minor GC Workers (Not Warm), GCWorkers: 5,000
[8,634s][debug  ][gc,director    ] Rule Minor: Allocation Rate (Dynamic GC Workers), MaxAllocRate: 316,1MB/s (+/-29,3%), Free: 13312MB, GCCPUTime: 2,329, GCDuration: 0,474s, TimeUntilOOM: 32,577s, TimeUntilGC: 32,103s, GCWorkers: 5
[8,634s][debug  ][gc,director    ] Select Minor GC Workers (Not Warm), GCWorkers: 5,000
[8,634s][debug  ][gc,director    ] Rule Minor: Allocation Rate (Dynamic GC Workers), MaxAllocRate: 1255,9MB/s (+/-29,3%), Free: 13312MB, GCCPUTime: 2,329, GCDuration: 0,474s, TimeUntilOOM: 8,199s, TimeUntilGC: 7,724s, GCWorkers: 5
[8,634s][debug  ][gc,director    ] Rule Minor: High Usage, Free: 13312MB(86,7%)
[8,644s][debug  ][gc,director    ] Rule Major: Warmup 20%, Used: 2014MB, UsedThreshold: 3072MB
[8,644s][debug  ][gc,director    ] Select Minor GC Workers (Not Warm), GCWorkers: 5,000
[8,644s][debug  ][gc,director    ] Rule Minor: Allocation Rate (Dynamic GC Workers), MaxAllocRate: 316,1MB/s (+/-29,3%), Free: 13304MB, GCCPUTime: 2,329, GCDuration: 0,474s, TimeUntilOOM: 32,557s, TimeUntilGC: 32,083s, GCWorkers: 5
[8,644s][debug  ][gc,director    ] Select Minor GC Workers (Not Warm), GCWorkers: 5,000
[8,644s][debug  ][gc,director    ] Rule Minor: Allocation Rate (Dynamic GC Workers), MaxAllocRate: 1255,9MB/s (+/-29,3%), Free: 13304MB, GCCPUTime: 2,329, GCDuration: 0,474s, TimeUntilOOM: 8,194s, TimeUntilGC: 7,719s, GCWorkers: 5
[8,644s][debug  ][gc,director    ] Rule Minor: High Usage, Free: 13304MB(86,6%)
[8,654s][debug  ][gc,director    ] Rule Major: Warmup 20%, Used: 2020MB, UsedThreshold: 3072MB
[8,654s][debug  ][gc,director    ] Select Minor GC Workers (Not Warm), GCWorkers: 5,000
[8,654s][debug  ][gc,director    ] Rule Minor: Allocation Rate (Dynamic GC Workers), MaxAllocRate: 316,1MB/s (+/-29,3%), Free: 13298MB, GCCPUTime: 2,329, GCDuration: 0,474s, TimeUntilOOM: 32,543s, TimeUntilGC: 32,069s, GCWorkers: 5
[8,654s][debug  ][gc,director    ] Select Minor GC Workers (Not Warm), GCWorkers: 5,000
[8,654s][debug  ][gc,director    ] Rule Minor: Allocation Rate (Dynamic GC Workers), MaxAllocRate: 1255,9MB/s (+/-29,3%), Free: 13298MB, GCCPUTime: 2,329, GCDuration: 0,474s, TimeUntilOOM: 8,190s, TimeUntilGC: 7,716s, GCWorkers: 5
[8,654s][debug  ][gc,director    ] Rule Minor: High Usage, Free: 13298MB(86,6%)
[8,664s][debug  ][gc,director    ] Rule Major: Warmup 20%, Used: 2028MB, UsedThreshold: 3072MB
[8,664s][debug  ][gc,director    ] Select Minor GC Workers (Not Warm), GCWorkers: 5,000
[8,664s][debug  ][gc,director    ] Rule Minor: Allocation Rate (Dynamic GC Workers), MaxAllocRate: 316,1MB/s (+/-29,3%), Free: 13290MB, GCCPUTime: 2,329, GCDuration: 0,474s, TimeUntilOOM: 32,523s, TimeUntilGC: 32,049s, GCWorkers: 5
[8,664s][debug  ][gc,director    ] Select Minor GC Workers (Not Warm), GCWorkers: 5,000
[8,664s][debug  ][gc,director    ] Rule Minor: Allocation Rate (Dynamic GC Workers), MaxAllocRate: 1255,9MB/s (+/-29,3%), Free: 13290MB, GCCPUTime: 2,329, GCDuration: 0,474s, TimeUntilOOM: 8,185s, TimeUntilGC: 7,711s, GCWorkers: 5
[8,664s][debug  ][gc,director    ] Rule Minor: High Usage, Free: 13290MB(86,5%)
[8,674s][debug  ][gc,director    ] Rule Major: Warmup 20%, Used: 2034MB, UsedThreshold: 3072MB
[8,674s][debug  ][gc,director    ] Select Minor GC Workers (Not Warm), GCWorkers: 5,000
[8,674s][debug  ][gc,director    ] Rule Minor: Allocation Rate (Dynamic GC Workers), MaxAllocRate: 316,1MB/s (+/-29,3%), Free: 13284MB, GCCPUTime: 2,329, GCDuration: 0,474s, TimeUntilOOM: 32,509s, TimeUntilGC: 32,034s, GCWorkers: 5
[8,675s][debug  ][gc,director    ] Select Minor GC Workers (Not Warm), GCWorkers: 5,000
[8,675s][debug  ][gc,director    ] Rule Minor: Allocation Rate (Dynamic GC Workers), MaxAllocRate: 1255,9MB/s (+/-29,3%), Free: 13284MB, GCCPUTime: 2,329, GCDuration: 0,474s, TimeUntilOOM: 8,181s, TimeUntilGC: 7,707s, GCWorkers: 5
[8,675s][debug  ][gc,director    ] Rule Minor: High Usage, Free: 13284MB(86,5%)
[8,685s][debug  ][gc,director    ] Rule Major: Warmup 20%, Used: 2042MB, UsedThreshold: 3072MB
[8,685s][debug  ][gc,director    ] Select Minor GC Workers (Not Warm), GCWorkers: 5,000
[8,685s][debug  ][gc,director    ] Rule Minor: Allocation Rate (Dynamic GC Workers), MaxAllocRate: 316,1MB/s (+/-29,3%), Free: 13276MB, GCCPUTime: 2,329, GCDuration: 0,474s, TimeUntilOOM: 32,489s, TimeUntilGC: 32,015s, GCWorkers: 5
[8,685s][debug  ][gc,director    ] Select Minor GC Workers (Not Warm), GCWorkers: 5,000
[8,685s][debug  ][gc,director    ] Rule Minor: Allocation Rate (Dynamic GC Workers), MaxAllocRate: 1255,9MB/s (+/-29,3%), Free: 13276MB, GCCPUTime: 2,329, GCDuration: 0,474s, TimeUntilOOM: 8,177s, TimeUntilGC: 7,702s, GCWorkers: 5
[8,685s][debug  ][gc,director    ] Rule Minor: High Usage, Free: 13276MB(86,4%)
[8,695s][debug  ][gc,director    ] Rule Major: Warmup 20%, Used: 2050MB, UsedThreshold: 3072MB
[8,695s][debug  ][gc,director    ] Select Minor GC Workers (Not Warm), GCWorkers: 5,000
[8,695s][debug  ][gc,director    ] Rule Minor: Allocation Rate (Dynamic GC Workers), MaxAllocRate: 316,1MB/s (+/-29,3%), Free: 13268MB, GCCPUTime: 2,329, GCDuration: 0,474s, TimeUntilOOM: 32,469s, TimeUntilGC: 31,995s, GCWorkers: 5
[8,695s][debug  ][gc,director    ] Select Minor GC Workers (Not Warm), GCWorkers: 5,000
[8,695s][debug  ][gc,director    ] Rule Minor: Allocation Rate (Dynamic GC Workers), MaxAllocRate: 1255,9MB/s (+/-29,3%), Free: 13268MB, GCCPUTime: 2,329, GCDuration: 0,474s, TimeUntilOOM: 8,172s, TimeUntilGC: 7,697s, GCWorkers: 5
[8,695s][debug  ][gc,director    ] Rule Minor: High Usage, Free: 13268MB(86,4%)
[8,705s][debug  ][gc,director    ] Rule Major: Warmup 20%, Used: 2056MB, UsedThreshold: 3072MB
[8,705s][debug  ][gc,director    ] Select Minor GC Workers (Not Warm), GCWorkers: 5,000
[8,705s][debug  ][gc,director    ] Rule Minor: Allocation Rate (Dynamic GC Workers), MaxAllocRate: 316,1MB/s (+/-29,3%), Free: 13262MB, GCCPUTime: 2,329, GCDuration: 0,474s, TimeUntilOOM: 32,455s, TimeUntilGC: 31,980s, GCWorkers: 5
[8,705s][debug  ][gc,director    ] Select Minor GC Workers (Not Warm), GCWorkers: 5,000
[8,705s][debug  ][gc,director    ] Rule Minor: Allocation Rate (Dynamic GC Workers), MaxAllocRate: 1255,9MB/s (+/-29,3%), Free: 13262MB, GCCPUTime: 2,329, GCDuration: 0,474s, TimeUntilOOM: 8,168s, TimeUntilGC: 7,694s, GCWorkers: 5
[8,705s][debug  ][gc,director    ] Rule Minor: High Usage, Free: 13262MB(86,3%)
[8,715s][debug  ][gc,director    ] Rule Major: Warmup 20%, Used: 2064MB, UsedThreshold: 3072MB
[8,716s][debug  ][gc,director    ] Select Minor GC Workers (Not Warm), GCWorkers: 5,000
[8,716s][debug  ][gc,director    ] Rule Minor: Allocation Rate (Dynamic GC Workers), MaxAllocRate: 316,1MB/s (+/-29,3%), Free: 13254MB, GCCPUTime: 2,329, GCDuration: 0,474s, TimeUntilOOM: 32,435s, TimeUntilGC: 31,961s, GCWorkers: 5
[8,716s][debug  ][gc,director    ] Select Minor GC Workers (Not Warm), GCWorkers: 5,000
[8,716s][debug  ][gc,director    ] Rule Minor: Allocation Rate (Dynamic GC Workers), MaxAllocRate: 1255,9MB/s (+/-29,3%), Free: 13254MB, GCCPUTime: 2,329, GCDuration: 0,474s, TimeUntilOOM: 8,163s, TimeUntilGC: 7,689s, GCWorkers: 5
[8,716s][debug  ][gc,director    ] Rule Minor: High Usage, Free: 13254MB(86,3%)
[8,726s][debug  ][gc,director    ] Rule Major: Warmup 20%, Used: 2070MB, UsedThreshold: 3072MB
[8,726s][debug  ][gc,director    ] Select Minor GC Workers (Not Warm), GCWorkers: 5,000
[8,726s][debug  ][gc,director    ] Rule Minor: Allocation Rate (Dynamic GC Workers), MaxAllocRate: 316,1MB/s (+/-29,3%), Free: 13248MB, GCCPUTime: 2,329, GCDuration: 0,474s, TimeUntilOOM: 32,420s, TimeUntilGC: 31,946s, GCWorkers: 5
[8,726s][debug  ][gc,director    ] Select Minor GC Workers (Not Warm), GCWorkers: 5,000
[8,726s][debug  ][gc,director    ] Rule Minor: Allocation Rate (Dynamic GC Workers), MaxAllocRate: 1255,9MB/s (+/-29,3%), Free: 13248MB, GCCPUTime: 2,329, GCDuration: 0,474s, TimeUntilOOM: 8,159s, TimeUntilGC: 7,685s, GCWorkers: 5
[8,726s][debug  ][gc,director    ] Rule Minor: High Usage, Free: 13248MB(86,2%)
[8,736s][debug  ][gc,director    ] Rule Major: Warmup 20%, Used: 2078MB, UsedThreshold: 3072MB
[8,736s][debug  ][gc,director    ] Select Minor GC Workers (Not Warm), GCWorkers: 5,000
[8,736s][debug  ][gc,director    ] Rule Minor: Allocation Rate (Dynamic GC Workers), MaxAllocRate: 316,1MB/s (+/-29,3%), Free: 13240MB, GCCPUTime: 2,329, GCDuration: 0,474s, TimeUntilOOM: 32,401s, TimeUntilGC: 31,927s, GCWorkers: 5
[8,736s][debug  ][gc,director    ] Select Minor GC Workers (Not Warm), GCWorkers: 5,000
[8,736s][debug  ][gc,director    ] Rule Minor: Allocation Rate (Dynamic GC Workers), MaxAllocRate: 1255,9MB/s (+/-29,3%), Free: 13240MB, GCCPUTime: 2,329, GCDuration: 0,474s, TimeUntilOOM: 8,154s, TimeUntilGC: 7,680s, GCWorkers: 5
[8,736s][debug  ][gc,director    ] Rule Minor: High Usage, Free: 13240MB(86,2%)
[8,746s][debug  ][gc,director    ] Rule Major: Warmup 20%, Used: 2084MB, UsedThreshold: 3072MB
[8,746s][debug  ][gc,director    ] Select Minor GC Workers (Not Warm), GCWorkers: 5,000
[8,746s][debug  ][gc,director    ] Rule Minor: Allocation Rate (Dynamic GC Workers), MaxAllocRate: 316,1MB/s (+/-29,3%), Free: 13234MB, GCCPUTime: 2,329, GCDuration: 0,474s, TimeUntilOOM: 32,386s, TimeUntilGC: 31,912s, GCWorkers: 5
[8,746s][debug  ][gc,director    ] Select Minor GC Workers (Not Warm), GCWorkers: 5,000
[8,746s][debug  ][gc,director    ] Rule Minor: Allocation Rate (Dynamic GC Workers), MaxAllocRate: 1255,9MB/s (+/-29,3%), Free: 13234MB, GCCPUTime: 2,329, GCDuration: 0,474s, TimeUntilOOM: 8,151s, TimeUntilGC: 7,676s, GCWorkers: 5
[8,746s][debug  ][gc,director    ] Rule Minor: High Usage, Free: 13234MB(86,2%)
[8,755s][debug  ][gc,alloc       ] Mutator Allocation Rate: 442,3MB/s Predicted: 482,6MB/s, Avg: 320,8(+/-93,9)MB/s
[8,755s][debug  ][gc,director    ] Rule Major: Warmup 20%, Used: 2092MB, UsedThreshold: 3072MB
[8,755s][debug  ][gc,director    ] Select Minor GC Workers (Not Warm), GCWorkers: 5,000
[8,755s][debug  ][gc,director    ] Rule Minor: Allocation Rate (Dynamic GC Workers), MaxAllocRate: 320,8MB/s (+/-29,3%), Free: 13226MB, GCCPUTime: 2,329, GCDuration: 0,474s, TimeUntilOOM: 31,897s, TimeUntilGC: 31,422s, GCWorkers: 5
[8,755s][debug  ][gc,director    ] Select Minor GC Workers (Not Warm), GCWorkers: 5,000
[8,755s][debug  ][gc,director    ] Rule Minor: Allocation Rate (Dynamic GC Workers), MaxAllocRate: 1274,1MB/s (+/-29,3%), Free: 13226MB, GCCPUTime: 2,329, GCDuration: 0,474s, TimeUntilOOM: 8,030s, TimeUntilGC: 7,556s, GCWorkers: 5
[8,755s][debug  ][gc,director    ] Rule Minor: High Usage, Free: 13226MB(86,1%)
[8,763s][debug  ][gc,nmethod     ] Register NMethod: sun.nio.cs.StreamDecoder.readBytes (0x00007f77ef3f4010) [0x00007f77ef3f4280, 0x00007f77ef3f4ce8] Compiler: c2, Barriers: 11, Oops: 0, ImmediateOops: 1, NonImmediateOops: No
[8,765s][debug  ][gc,director    ] Rule Major: Warmup 20%, Used: 2098MB, UsedThreshold: 3072MB
[8,765s][debug  ][gc,director    ] Select Minor GC Workers (Not Warm), GCWorkers: 5,000
[8,765s][debug  ][gc,director    ] Rule Minor: Allocation Rate (Dynamic GC Workers), MaxAllocRate: 320,8MB/s (+/-29,3%), Free: 13220MB, GCCPUTime: 2,329, GCDuration: 0,474s, TimeUntilOOM: 31,882s, TimeUntilGC: 31,408s, GCWorkers: 5
[8,765s][debug  ][gc,director    ] Select Minor GC Workers (Not Warm), GCWorkers: 5,000
[8,765s][debug  ][gc,director    ] Rule Minor: Allocation Rate (Dynamic GC Workers), MaxAllocRate: 1274,1MB/s (+/-29,3%), Free: 13220MB, GCCPUTime: 2,329, GCDuration: 0,474s, TimeUntilOOM: 8,026s, TimeUntilGC: 7,552s, GCWorkers: 5
[8,765s][debug  ][gc,director    ] Rule Minor: High Usage, Free: 13220MB(86,1%)
[8,766s][debug  ][gc,nmethod     ] Register NMethod: sun.nio.cs.StreamDecoder.inReady (0x00007f77ef3f5490) [0x00007f77ef3f5680, 0x00007f77ef3f5a20] Compiler: c2, Barriers: 4, Oops: 0, ImmediateOops: 1, NonImmediateOops: No
[8,775s][debug  ][gc,director    ] Rule Major: Warmup 20%, Used: 2106MB, UsedThreshold: 3072MB
[8,776s][debug  ][gc,director    ] Select Minor GC Workers (Not Warm), GCWorkers: 5,000
[8,776s][debug  ][gc,director    ] Rule Minor: Allocation Rate (Dynamic GC Workers), MaxAllocRate: 320,8MB/s (+/-29,3%), Free: 13212MB, GCCPUTime: 2,329, GCDuration: 0,474s, TimeUntilOOM: 31,863s, TimeUntilGC: 31,388s, GCWorkers: 5
[8,776s][debug  ][gc,director    ] Select Minor GC Workers (Not Warm), GCWorkers: 5,000
[8,776s][debug  ][gc,director    ] Rule Minor: Allocation Rate (Dynamic GC Workers), MaxAllocRate: 1274,1MB/s (+/-29,3%), Free: 13212MB, GCCPUTime: 2,329, GCDuration: 0,474s, TimeUntilOOM: 8,021s, TimeUntilGC: 7,547s, GCWorkers: 5
[8,776s][debug  ][gc,director    ] Rule Minor: High Usage, Free: 13212MB(86,0%)
[8,786s][debug  ][gc,director    ] Rule Major: Warmup 20%, Used: 2112MB, UsedThreshold: 3072MB
[8,786s][debug  ][gc,director    ] Select Minor GC Workers (Not Warm), GCWorkers: 5,000
[8,786s][debug  ][gc,director    ] Rule Minor: Allocation Rate (Dynamic GC Workers), MaxAllocRate: 320,8MB/s (+/-29,3%), Free: 13206MB, GCCPUTime: 2,329, GCDuration: 0,474s, TimeUntilOOM: 31,848s, TimeUntilGC: 31,374s, GCWorkers: 5
[8,786s][debug  ][gc,director    ] Select Minor GC Workers (Not Warm), GCWorkers: 5,000
[8,786s][debug  ][gc,director    ] Rule Minor: Allocation Rate (Dynamic GC Workers), MaxAllocRate: 1274,1MB/s (+/-29,3%), Free: 13206MB, GCCPUTime: 2,329, GCDuration: 0,474s, TimeUntilOOM: 8,018s, TimeUntilGC: 7,543s, GCWorkers: 5
[8,786s][debug  ][gc,director    ] Rule Minor: High Usage, Free: 13206MB(86,0%)
[8,796s][debug  ][gc,director    ] Rule Major: Warmup 20%, Used: 2120MB, UsedThreshold: 3072MB
[8,796s][debug  ][gc,director    ] Select Minor GC Workers (Not Warm), GCWorkers: 5,000
[8,796s][debug  ][gc,director    ] Rule Minor: Allocation Rate (Dynamic GC Workers), MaxAllocRate: 320,8MB/s (+/-29,3%), Free: 13198MB, GCCPUTime: 2,329, GCDuration: 0,474s, TimeUntilOOM: 31,829s, TimeUntilGC: 31,355s, GCWorkers: 5
[8,796s][debug  ][gc,director    ] Select Minor GC Workers (Not Warm), GCWorkers: 5,000
[8,796s][debug  ][gc,director    ] Rule Minor: Allocation Rate (Dynamic GC Workers), MaxAllocRate: 1274,1MB/s (+/-29,3%), Free: 13198MB, GCCPUTime: 2,329, GCDuration: 0,474s, TimeUntilOOM: 8,013s, TimeUntilGC: 7,539s, GCWorkers: 5
[8,796s][debug  ][gc,director    ] Rule Minor: High Usage, Free: 13198MB(85,9%)
[8,806s][debug  ][gc,director    ] Rule Major: Warmup 20%, Used: 2126MB, UsedThreshold: 3072MB
[8,806s][debug  ][gc,director    ] Select Minor GC Workers (Not Warm), GCWorkers: 5,000
[8,806s][debug  ][gc,director    ] Rule Minor: Allocation Rate (Dynamic GC Workers), MaxAllocRate: 320,8MB/s (+/-29,3%), Free: 13192MB, GCCPUTime: 2,329, GCDuration: 0,474s, TimeUntilOOM: 31,815s, TimeUntilGC: 31,340s, GCWorkers: 5
[8,806s][debug  ][gc,director    ] Select Minor GC Workers (Not Warm), GCWorkers: 5,000
[8,806s][debug  ][gc,director    ] Rule Minor: Allocation Rate (Dynamic GC Workers), MaxAllocRate: 1274,1MB/s (+/-29,3%), Free: 13192MB, GCCPUTime: 2,329, GCDuration: 0,474s, TimeUntilOOM: 8,009s, TimeUntilGC: 7,535s, GCWorkers: 5
[8,806s][debug  ][gc,director    ] Rule Minor: High Usage, Free: 13192MB(85,9%)
[8,816s][debug  ][gc,director    ] Rule Major: Warmup 20%, Used: 2134MB, UsedThreshold: 3072MB
[8,816s][debug  ][gc,director    ] Select Minor GC Workers (Not Warm), GCWorkers: 5,000
[8,816s][debug  ][gc,director    ] Rule Minor: Allocation Rate (Dynamic GC Workers), MaxAllocRate: 320,8MB/s (+/-29,3%), Free: 13184MB, GCCPUTime: 2,329, GCDuration: 0,474s, TimeUntilOOM: 31,795s, TimeUntilGC: 31,321s, GCWorkers: 5
[8,816s][debug  ][gc,director    ] Select Minor GC Workers (Not Warm), GCWorkers: 5,000
[8,816s][debug  ][gc,director    ] Rule Minor: Allocation Rate (Dynamic GC Workers), MaxAllocRate: 1274,1MB/s (+/-29,3%), Free: 13184MB, GCCPUTime: 2,329, GCDuration: 0,474s, TimeUntilOOM: 8,004s, TimeUntilGC: 7,530s, GCWorkers: 5
[8,816s][debug  ][gc,director    ] Rule Minor: High Usage, Free: 13184MB(85,8%)
[8,827s][debug  ][gc,director    ] Rule Major: Warmup 20%, Used: 2140MB, UsedThreshold: 3072MB
[8,827s][debug  ][gc,director    ] Select Minor GC Workers (Not Warm), GCWorkers: 5,000
[8,827s][debug  ][gc,director    ] Rule Minor: Allocation Rate (Dynamic GC Workers), MaxAllocRate: 320,8MB/s (+/-29,3%), Free: 13178MB, GCCPUTime: 2,329, GCDuration: 0,474s, TimeUntilOOM: 31,781s, TimeUntilGC: 31,306s, GCWorkers: 5
[8,827s][debug  ][gc,director    ] Select Minor GC Workers (Not Warm), GCWorkers: 5,000
[8,827s][debug  ][gc,director    ] Rule Minor: Allocation Rate (Dynamic GC Workers), MaxAllocRate: 1274,1MB/s (+/-29,3%), Free: 13178MB, GCCPUTime: 2,329, GCDuration: 0,474s, TimeUntilOOM: 8,001s, TimeUntilGC: 7,526s, GCWorkers: 5
[8,827s][debug  ][gc,director    ] Rule Minor: High Usage, Free: 13178MB(85,8%)
[8,837s][debug  ][gc,director    ] Rule Major: Warmup 20%, Used: 2148MB, UsedThreshold: 3072MB
[8,837s][debug  ][gc,director    ] Select Minor GC Workers (Not Warm), GCWorkers: 5,000
[8,837s][debug  ][gc,director    ] Rule Minor: Allocation Rate (Dynamic GC Workers), MaxAllocRate: 320,8MB/s (+/-29,3%), Free: 13170MB, GCCPUTime: 2,329, GCDuration: 0,474s, TimeUntilOOM: 31,761s, TimeUntilGC: 31,287s, GCWorkers: 5
[8,837s][debug  ][gc,director    ] Select Minor GC Workers (Not Warm), GCWorkers: 5,000
[8,837s][debug  ][gc,director    ] Rule Minor: Allocation Rate (Dynamic GC Workers), MaxAllocRate: 1274,1MB/s (+/-29,3%), Free: 13170MB, GCCPUTime: 2,329, GCDuration: 0,474s, TimeUntilOOM: 7,996s, TimeUntilGC: 7,522s, GCWorkers: 5
[8,837s][debug  ][gc,director    ] Rule Minor: High Usage, Free: 13170MB(85,7%)
[8,847s][debug  ][gc,director    ] Rule Major: Warmup 20%, Used: 2154MB, UsedThreshold: 3072MB
[8,847s][debug  ][gc,director    ] Select Minor GC Workers (Not Warm), GCWorkers: 5,000
[8,847s][debug  ][gc,director    ] Rule Minor: Allocation Rate (Dynamic GC Workers), MaxAllocRate: 320,8MB/s (+/-29,3%), Free: 13164MB, GCCPUTime: 2,329, GCDuration: 0,474s, TimeUntilOOM: 31,747s, TimeUntilGC: 31,273s, GCWorkers: 5
[8,847s][debug  ][gc,director    ] Select Minor GC Workers (Not Warm), GCWorkers: 5,000
[8,847s][debug  ][gc,director    ] Rule Minor: Allocation Rate (Dynamic GC Workers), MaxAllocRate: 1274,1MB/s (+/-29,3%), Free: 13164MB, GCCPUTime: 2,329, GCDuration: 0,474s, TimeUntilOOM: 7,992s, TimeUntilGC: 7,518s, GCWorkers: 5
[8,847s][debug  ][gc,director    ] Rule Minor: High Usage, Free: 13164MB(85,7%)
[8,857s][debug  ][gc,director    ] Rule Major: Warmup 20%, Used: 2162MB, UsedThreshold: 3072MB
[8,857s][debug  ][gc,director    ] Select Minor GC Workers (Not Warm), GCWorkers: 5,000
[8,857s][debug  ][gc,director    ] Rule Minor: Allocation Rate (Dynamic GC Workers), MaxAllocRate: 320,8MB/s (+/-29,3%), Free: 13156MB, GCCPUTime: 2,329, GCDuration: 0,474s, TimeUntilOOM: 31,728s, TimeUntilGC: 31,253s, GCWorkers: 5
[8,857s][debug  ][gc,director    ] Select Minor GC Workers (Not Warm), GCWorkers: 5,000
[8,857s][debug  ][gc,director    ] Rule Minor: Allocation Rate (Dynamic GC Workers), MaxAllocRate: 1274,1MB/s (+/-29,3%), Free: 13156MB, GCCPUTime: 2,329, GCDuration: 0,474s, TimeUntilOOM: 7,987s, TimeUntilGC: 7,513s, GCWorkers: 5
[8,857s][debug  ][gc,director    ] Rule Minor: High Usage, Free: 13156MB(85,7%)
[8,868s][debug  ][gc,director    ] Rule Major: Warmup 20%, Used: 2170MB, UsedThreshold: 3072MB
[8,868s][debug  ][gc,director    ] Select Minor GC Workers (Not Warm), GCWorkers: 5,000
[8,868s][debug  ][gc,director    ] Rule Minor: Allocation Rate (Dynamic GC Workers), MaxAllocRate: 320,8MB/s (+/-29,3%), Free: 13148MB, GCCPUTime: 2,329, GCDuration: 0,474s, TimeUntilOOM: 31,708s, TimeUntilGC: 31,234s, GCWorkers: 5
[8,868s][debug  ][gc,director    ] Select Minor GC Workers (Not Warm), GCWorkers: 5,000
[8,868s][debug  ][gc,director    ] Rule Minor: Allocation Rate (Dynamic GC Workers), MaxAllocRate: 1274,1MB/s (+/-29,3%), Free: 13148MB, GCCPUTime: 2,329, GCDuration: 0,474s, TimeUntilOOM: 7,982s, TimeUntilGC: 7,508s, GCWorkers: 5
[8,868s][debug  ][gc,director    ] Rule Minor: High Usage, Free: 13148MB(85,6%)
[8,878s][debug  ][gc,director    ] Rule Major: Warmup 20%, Used: 2176MB, UsedThreshold: 3072MB
[8,878s][debug  ][gc,director    ] Select Minor GC Workers (Not Warm), GCWorkers: 5,000
[8,878s][debug  ][gc,director    ] Rule Minor: Allocation Rate (Dynamic GC Workers), MaxAllocRate: 320,8MB/s (+/-29,3%), Free: 13142MB, GCCPUTime: 2,329, GCDuration: 0,474s, TimeUntilOOM: 31,694s, TimeUntilGC: 31,220s, GCWorkers: 5
[8,878s][debug  ][gc,director    ] Select Minor GC Workers (Not Warm), GCWorkers: 5,000
[8,878s][debug  ][gc,director    ] Rule Minor: Allocation Rate (Dynamic GC Workers), MaxAllocRate: 1274,1MB/s (+/-29,3%), Free: 13142MB, GCCPUTime: 2,329, GCDuration: 0,474s, TimeUntilOOM: 7,979s, TimeUntilGC: 7,505s, GCWorkers: 5
[8,878s][debug  ][gc,director    ] Rule Minor: High Usage, Free: 13142MB(85,6%)
[8,888s][debug  ][gc,director    ] Rule Major: Warmup 20%, Used: 2184MB, UsedThreshold: 3072MB
[8,888s][debug  ][gc,director    ] Select Minor GC Workers (Not Warm), GCWorkers: 5,000
[8,888s][debug  ][gc,director    ] Rule Minor: Allocation Rate (Dynamic GC Workers), MaxAllocRate: 320,8MB/s (+/-29,3%), Free: 13134MB, GCCPUTime: 2,329, GCDuration: 0,474s, TimeUntilOOM: 31,675s, TimeUntilGC: 31,200s, GCWorkers: 5
[8,888s][debug  ][gc,director    ] Select Minor GC Workers (Not Warm), GCWorkers: 5,000
[8,888s][debug  ][gc,director    ] Rule Minor: Allocation Rate (Dynamic GC Workers), MaxAllocRate: 1274,1MB/s (+/-29,3%), Free: 13134MB, GCCPUTime: 2,329, GCDuration: 0,474s, TimeUntilOOM: 7,974s, TimeUntilGC: 7,500s, GCWorkers: 5
[8,888s][debug  ][gc,director    ] Rule Minor: High Usage, Free: 13134MB(85,5%)
[8,898s][debug  ][gc,director    ] Rule Major: Warmup 20%, Used: 2190MB, UsedThreshold: 3072MB
[8,898s][debug  ][gc,director    ] Select Minor GC Workers (Not Warm), GCWorkers: 5,000
[8,898s][debug  ][gc,director    ] Rule Minor: Allocation Rate (Dynamic GC Workers), MaxAllocRate: 320,8MB/s (+/-29,3%), Free: 13128MB, GCCPUTime: 2,329, GCDuration: 0,474s, TimeUntilOOM: 31,660s, TimeUntilGC: 31,186s, GCWorkers: 5
[8,898s][debug  ][gc,director    ] Select Minor GC Workers (Not Warm), GCWorkers: 5,000
[8,898s][debug  ][gc,director    ] Rule Minor: Allocation Rate (Dynamic GC Workers), MaxAllocRate: 1274,1MB/s (+/-29,3%), Free: 13128MB, GCCPUTime: 2,329, GCDuration: 0,474s, TimeUntilOOM: 7,970s, TimeUntilGC: 7,496s, GCWorkers: 5
[8,898s][debug  ][gc,director    ] Rule Minor: High Usage, Free: 13128MB(85,5%)
[8,908s][debug  ][gc,director    ] Rule Major: Warmup 20%, Used: 2198MB, UsedThreshold: 3072MB
[8,908s][debug  ][gc,director    ] Select Minor GC Workers (Not Warm), GCWorkers: 5,000
[8,908s][debug  ][gc,director    ] Rule Minor: Allocation Rate (Dynamic GC Workers), MaxAllocRate: 320,8MB/s (+/-29,3%), Free: 13120MB, GCCPUTime: 2,329, GCDuration: 0,474s, TimeUntilOOM: 31,641s, TimeUntilGC: 31,167s, GCWorkers: 5
[8,908s][debug  ][gc,director    ] Select Minor GC Workers (Not Warm), GCWorkers: 5,000
[8,908s][debug  ][gc,director    ] Rule Minor: Allocation Rate (Dynamic GC Workers), MaxAllocRate: 1274,1MB/s (+/-29,3%), Free: 13120MB, GCCPUTime: 2,329, GCDuration: 0,474s, TimeUntilOOM: 7,965s, TimeUntilGC: 7,491s, GCWorkers: 5
[8,908s][debug  ][gc,director    ] Rule Minor: High Usage, Free: 13120MB(85,4%)
[8,910s][debug  ][gc,reloc       ] Synchronize all workers 1 _nworkers: 0 _nsynchronized: 0
[8,910s][debug  ][gc,reloc       ] Synchronize all workers 1 _nworkers: 0 _nsynchronized: 0
[8,910s][debug  ][gc,reloc       ] Desynchronize all workers _nworkers: 0 _nsynchronized: 0
[8,910s][debug  ][gc,reloc       ] Desynchronize all workers _nworkers: 0 _nsynchronized: 0
[8,918s][debug  ][gc,director    ] Rule Major: Warmup 20%, Used: 2204MB, UsedThreshold: 3072MB
[8,918s][debug  ][gc,director    ] Select Minor GC Workers (Not Warm), GCWorkers: 5,000
[8,918s][debug  ][gc,director    ] Rule Minor: Allocation Rate (Dynamic GC Workers), MaxAllocRate: 320,8MB/s (+/-29,3%), Free: 13114MB, GCCPUTime: 2,329, GCDuration: 0,474s, TimeUntilOOM: 31,626s, TimeUntilGC: 31,152s, GCWorkers: 5
[8,918s][debug  ][gc,director    ] Select Minor GC Workers (Not Warm), GCWorkers: 5,000
[8,918s][debug  ][gc,director    ] Rule Minor: Allocation Rate (Dynamic GC Workers), MaxAllocRate: 1274,1MB/s (+/-29,3%), Free: 13114MB, GCCPUTime: 2,329, GCDuration: 0,474s, TimeUntilOOM: 7,962s, TimeUntilGC: 7,488s, GCWorkers: 5
[8,919s][debug  ][gc,director    ] Rule Minor: High Usage, Free: 13114MB(85,4%)
[8,928s][debug  ][gc,alloc       ] Mutator Allocation Rate: 448,1MB/s Predicted: 489,2MB/s, Avg: 325,3(+/-95,2)MB/s
[8,928s][debug  ][gc,director    ] Rule Major: Warmup 20%, Used: 2212MB, UsedThreshold: 3072MB
[8,928s][debug  ][gc,director    ] Select Minor GC Workers (Not Warm), GCWorkers: 5,000
[8,928s][debug  ][gc,director    ] Rule Minor: Allocation Rate (Dynamic GC Workers), MaxAllocRate: 325,3MB/s (+/-29,3%), Free: 13106MB, GCCPUTime: 2,329, GCDuration: 0,474s, TimeUntilOOM: 31,168s, TimeUntilGC: 30,694s, GCWorkers: 5
[8,928s][debug  ][gc,director    ] Select Minor GC Workers (Not Warm), GCWorkers: 5,000
[8,928s][debug  ][gc,director    ] Rule Minor: Allocation Rate (Dynamic GC Workers), MaxAllocRate: 1291,6MB/s (+/-29,3%), Free: 13106MB, GCCPUTime: 2,329, GCDuration: 0,474s, TimeUntilOOM: 7,850s, TimeUntilGC: 7,376s, GCWorkers: 5
[8,928s][debug  ][gc,director    ] Rule Minor: High Usage, Free: 13106MB(85,3%)
[8,938s][debug  ][gc,director    ] Rule Major: Warmup 20%, Used: 2218MB, UsedThreshold: 3072MB
[8,939s][debug  ][gc,director    ] Select Minor GC Workers (Not Warm), GCWorkers: 5,000
[8,939s][debug  ][gc,director    ] Rule Minor: Allocation Rate (Dynamic GC Workers), MaxAllocRate: 325,3MB/s (+/-29,3%), Free: 13100MB, GCCPUTime: 2,329, GCDuration: 0,474s, TimeUntilOOM: 31,154s, TimeUntilGC: 30,680s, GCWorkers: 5
[8,939s][debug  ][gc,director    ] Select Minor GC Workers (Not Warm), GCWorkers: 5,000
[8,939s][debug  ][gc,director    ] Rule Minor: Allocation Rate (Dynamic GC Workers), MaxAllocRate: 1291,6MB/s (+/-29,3%), Free: 13100MB, GCCPUTime: 2,329, GCDuration: 0,474s, TimeUntilOOM: 7,846s, TimeUntilGC: 7,372s, GCWorkers: 5
[8,939s][debug  ][gc,director    ] Rule Minor: High Usage, Free: 13100MB(85,3%)
[8,941s][debug  ][gc,nmethod     ] Register NMethod: java.nio.Bits.reserveMemory (0x00007f77cffeaf10) [0x00007f77cffeb320, 0x00007f77cffecbf8] Compiler: c1, Barriers: 4, Oops: 4, ImmediateOops: 12, NonImmediateOops: No
[8,950s][debug  ][gc,director    ] Rule Major: Warmup 20%, Used: 2234MB, UsedThreshold: 3072MB
[8,950s][debug  ][gc,director    ] Select Minor GC Workers (Not Warm), GCWorkers: 5,000
[8,950s][debug  ][gc,director    ] Rule Minor: Allocation Rate (Dynamic GC Workers), MaxAllocRate: 325,3MB/s (+/-29,3%), Free: 13084MB, GCCPUTime: 2,329, GCDuration: 0,474s, TimeUntilOOM: 31,116s, TimeUntilGC: 30,642s, GCWorkers: 5
[8,950s][debug  ][gc,director    ] Select Minor GC Workers (Not Warm), GCWorkers: 5,000
[8,950s][debug  ][gc,director    ] Rule Minor: Allocation Rate (Dynamic GC Workers), MaxAllocRate: 1291,6MB/s (+/-29,3%), Free: 13084MB, GCCPUTime: 2,329, GCDuration: 0,474s, TimeUntilOOM: 7,837s, TimeUntilGC: 7,362s, GCWorkers: 5
[8,950s][debug  ][gc,director    ] Rule Minor: High Usage, Free: 13084MB(85,2%)
[8,960s][debug  ][gc,director    ] Rule Major: Warmup 20%, Used: 2246MB, UsedThreshold: 3072MB
[8,960s][debug  ][gc,director    ] Select Minor GC Workers (Not Warm), GCWorkers: 5,000
[8,960s][debug  ][gc,director    ] Rule Minor: Allocation Rate (Dynamic GC Workers), MaxAllocRate: 325,3MB/s (+/-29,3%), Free: 13072MB, GCCPUTime: 2,329, GCDuration: 0,474s, TimeUntilOOM: 31,088s, TimeUntilGC: 30,613s, GCWorkers: 5
[8,960s][debug  ][gc,director    ] Select Minor GC Workers (Not Warm), GCWorkers: 5,000
[8,960s][debug  ][gc,director    ] Rule Minor: Allocation Rate (Dynamic GC Workers), MaxAllocRate: 1291,6MB/s (+/-29,3%), Free: 13072MB, GCCPUTime: 2,329, GCDuration: 0,474s, TimeUntilOOM: 7,830s, TimeUntilGC: 7,355s, GCWorkers: 5
[8,960s][debug  ][gc,director    ] Rule Minor: High Usage, Free: 13072MB(85,1%)
[8,970s][debug  ][gc,director    ] Rule Major: Warmup 20%, Used: 2260MB, UsedThreshold: 3072MB
[8,970s][debug  ][gc,director    ] Select Minor GC Workers (Not Warm), GCWorkers: 5,000
[8,970s][debug  ][gc,director    ] Rule Minor: Allocation Rate (Dynamic GC Workers), MaxAllocRate: 325,3MB/s (+/-29,3%), Free: 13058MB, GCCPUTime: 2,329, GCDuration: 0,474s, TimeUntilOOM: 31,054s, TimeUntilGC: 30,580s, GCWorkers: 5
[8,970s][debug  ][gc,director    ] Select Minor GC Workers (Not Warm), GCWorkers: 5,000
[8,970s][debug  ][gc,director    ] Rule Minor: Allocation Rate (Dynamic GC Workers), MaxAllocRate: 1291,6MB/s (+/-29,3%), Free: 13058MB, GCCPUTime: 2,329, GCDuration: 0,474s, TimeUntilOOM: 7,821s, TimeUntilGC: 7,347s, GCWorkers: 5
[8,970s][debug  ][gc,director    ] Rule Minor: High Usage, Free: 13058MB(85,0%)
[8,972s][debug  ][gc,nmethod     ] Register NMethod: io.sirix.page.SerializationType.serializeBitSet (0x00007f77cffed810) [0x00007f77cffeda00, 0x00007f77cffee068] Compiler: c1, Barriers: 1, Oops: 1, ImmediateOops: 0, NonImmediateOops: No
[8,980s][debug  ][gc,director    ] Rule Major: Warmup 20%, Used: 2272MB, UsedThreshold: 3072MB
[8,980s][debug  ][gc,director    ] Select Minor GC Workers (Not Warm), GCWorkers: 5,000
[8,980s][debug  ][gc,director    ] Rule Minor: Allocation Rate (Dynamic GC Workers), MaxAllocRate: 325,3MB/s (+/-29,3%), Free: 13046MB, GCCPUTime: 2,329, GCDuration: 0,474s, TimeUntilOOM: 31,026s, TimeUntilGC: 30,551s, GCWorkers: 5
[8,980s][debug  ][gc,director    ] Select Minor GC Workers (Not Warm), GCWorkers: 5,000
[8,980s][debug  ][gc,director    ] Rule Minor: Allocation Rate (Dynamic GC Workers), MaxAllocRate: 1291,6MB/s (+/-29,3%), Free: 13046MB, GCCPUTime: 2,329, GCDuration: 0,474s, TimeUntilOOM: 7,814s, TimeUntilGC: 7,340s, GCWorkers: 5
[8,980s][debug  ][gc,director    ] Rule Minor: High Usage, Free: 13046MB(84,9%)
[8,988s][debug  ][gc,nmethod     ] Register NMethod: java.util.stream.Sink.begin (0x00007f77cff2c490) [0x00007f77cff2c620, 0x00007f77cff2c728] Compiler: c1, Barriers: 0, Oops: 0, ImmediateOops: 0, NonImmediateOops: No
[8,990s][debug  ][gc,director    ] Rule Major: Warmup 20%, Used: 2286MB, UsedThreshold: 3072MB
[8,990s][debug  ][gc,director    ] Select Minor GC Workers (Not Warm), GCWorkers: 5,000
[8,990s][debug  ][gc,director    ] Rule Minor: Allocation Rate (Dynamic GC Workers), MaxAllocRate: 325,3MB/s (+/-29,3%), Free: 13032MB, GCCPUTime: 2,329, GCDuration: 0,474s, TimeUntilOOM: 30,992s, TimeUntilGC: 30,518s, GCWorkers: 5
[8,990s][debug  ][gc,director    ] Select Minor GC Workers (Not Warm), GCWorkers: 5,000
[8,990s][debug  ][gc,director    ] Rule Minor: Allocation Rate (Dynamic GC Workers), MaxAllocRate: 1291,6MB/s (+/-29,3%), Free: 13032MB, GCCPUTime: 2,329, GCDuration: 0,474s, TimeUntilOOM: 7,806s, TimeUntilGC: 7,331s, GCWorkers: 5
[8,990s][debug  ][gc,director    ] Rule Minor: High Usage, Free: 13032MB(84,8%)
[9,001s][debug  ][gc,director    ] Rule Major: Warmup 20%, Used: 2298MB, UsedThreshold: 3072MB
[9,001s][debug  ][gc,director    ] Select Minor GC Workers (Not Warm), GCWorkers: 5,000
[9,001s][debug  ][gc,director    ] Rule Minor: Allocation Rate (Dynamic GC Workers), MaxAllocRate: 325,3MB/s (+/-29,3%), Free: 13020MB, GCCPUTime: 2,329, GCDuration: 0,474s, TimeUntilOOM: 30,964s, TimeUntilGC: 30,490s, GCWorkers: 5
[9,001s][debug  ][gc,director    ] Select Minor GC Workers (Not Warm), GCWorkers: 5,000
[9,001s][debug  ][gc,director    ] Rule Minor: Allocation Rate (Dynamic GC Workers), MaxAllocRate: 1291,6MB/s (+/-29,3%), Free: 13020MB, GCCPUTime: 2,329, GCDuration: 0,474s, TimeUntilOOM: 7,798s, TimeUntilGC: 7,324s, GCWorkers: 5
[9,001s][debug  ][gc,director    ] Rule Minor: High Usage, Free: 13020MB(84,8%)
[9,011s][debug  ][gc,director    ] Rule Major: Warmup 20%, Used: 2316MB, UsedThreshold: 3072MB
[9,011s][debug  ][gc,director    ] Select Minor GC Workers (Not Warm), GCWorkers: 5,000
[9,011s][debug  ][gc,director    ] Rule Minor: Allocation Rate (Dynamic GC Workers), MaxAllocRate: 325,3MB/s (+/-29,3%), Free: 13002MB, GCCPUTime: 2,329, GCDuration: 0,474s, TimeUntilOOM: 30,921s, TimeUntilGC: 30,447s, GCWorkers: 5
[9,011s][debug  ][gc,director    ] Select Minor GC Workers (Not Warm), GCWorkers: 5,000
[9,011s][debug  ][gc,director    ] Rule Minor: Allocation Rate (Dynamic GC Workers), MaxAllocRate: 1291,6MB/s (+/-29,3%), Free: 13002MB, GCCPUTime: 2,329, GCDuration: 0,474s, TimeUntilOOM: 7,788s, TimeUntilGC: 7,313s, GCWorkers: 5
[9,011s][debug  ][gc,director    ] Rule Minor: High Usage, Free: 13002MB(84,6%)
[9,019s][debug  ][gc,alloc       ] Mutator Allocation Rate: 458,6MB/s Predicted: 496,3MB/s, Avg: 329,9(+/-96,6)MB/s
[9,019s][debug  ][gc,director    ] Rule Major: Warmup 20%, Used: 2330MB, UsedThreshold: 3072MB
[9,019s][debug  ][gc,director    ] Select Minor GC Workers (Not Warm), GCWorkers: 5,000
[9,019s][debug  ][gc,director    ] Rule Minor: Allocation Rate (Dynamic GC Workers), MaxAllocRate: 329,9MB/s (+/-29,3%), Free: 12988MB, GCCPUTime: 2,329, GCDuration: 0,474s, TimeUntilOOM: 30,450s, TimeUntilGC: 29,975s, GCWorkers: 5
[9,019s][debug  ][gc,director    ] Select Minor GC Workers (Not Warm), GCWorkers: 5,000
[9,019s][debug  ][gc,director    ] Rule Minor: Allocation Rate (Dynamic GC Workers), MaxAllocRate: 1310,6MB/s (+/-29,3%), Free: 12988MB, GCCPUTime: 2,329, GCDuration: 0,474s, TimeUntilOOM: 7,665s, TimeUntilGC: 7,191s, GCWorkers: 5
[9,019s][debug  ][gc,director    ] Rule Minor: High Usage, Free: 12988MB(84,6%)
[9,029s][debug  ][gc,director    ] Rule Major: Warmup 20%, Used: 2342MB, UsedThreshold: 3072MB
[9,029s][debug  ][gc,director    ] Select Minor GC Workers (Not Warm), GCWorkers: 5,000
[9,029s][debug  ][gc,director    ] Rule Minor: Allocation Rate (Dynamic GC Workers), MaxAllocRate: 329,9MB/s (+/-29,3%), Free: 12976MB, GCCPUTime: 2,329, GCDuration: 0,474s, TimeUntilOOM: 30,422s, TimeUntilGC: 29,947s, GCWorkers: 5
[9,029s][debug  ][gc,director    ] Select Minor GC Workers (Not Warm), GCWorkers: 5,000
[9,029s][debug  ][gc,director    ] Rule Minor: Allocation Rate (Dynamic GC Workers), MaxAllocRate: 1310,6MB/s (+/-29,3%), Free: 12976MB, GCCPUTime: 2,329, GCDuration: 0,474s, TimeUntilOOM: 7,658s, TimeUntilGC: 7,184s, GCWorkers: 5
[9,029s][debug  ][gc,director    ] Rule Minor: High Usage, Free: 12976MB(84,5%)
[9,039s][debug  ][gc,director    ] Rule Major: Warmup 20%, Used: 2360MB, UsedThreshold: 3072MB
[9,040s][debug  ][gc,director    ] Select Minor GC Workers (Not Warm), GCWorkers: 5,000
[9,040s][debug  ][gc,director    ] Rule Minor: Allocation Rate (Dynamic GC Workers), MaxAllocRate: 329,9MB/s (+/-29,3%), Free: 12958MB, GCCPUTime: 2,329, GCDuration: 0,474s, TimeUntilOOM: 30,379s, TimeUntilGC: 29,905s, GCWorkers: 5
[9,040s][debug  ][gc,director    ] Select Minor GC Workers (Not Warm), GCWorkers: 5,000
[9,040s][debug  ][gc,director    ] Rule Minor: Allocation Rate (Dynamic GC Workers), MaxAllocRate: 1310,6MB/s (+/-29,3%), Free: 12958MB, GCCPUTime: 2,329, GCDuration: 0,474s, TimeUntilOOM: 7,647s, TimeUntilGC: 7,173s, GCWorkers: 5
[9,040s][debug  ][gc,director    ] Rule Minor: High Usage, Free: 12958MB(84,4%)
[9,044s][debug  ][gc,nmethod     ] Register NMethod: java.util.concurrent.ForkJoinPool.scan (0x00007f77cffee310) [0x00007f77cffee540, 0x00007f77cffeef58] Compiler: c1, Barriers: 8, Oops: 0, ImmediateOops: 1, NonImmediateOops: No
[9,050s][debug  ][gc,director    ] Rule Major: Warmup 20%, Used: 2374MB, UsedThreshold: 3072MB
[9,050s][debug  ][gc,director    ] Select Minor GC Workers (Not Warm), GCWorkers: 5,000
[9,050s][debug  ][gc,director    ] Rule Minor: Allocation Rate (Dynamic GC Workers), MaxAllocRate: 329,9MB/s (+/-29,3%), Free: 12944MB, GCCPUTime: 2,329, GCDuration: 0,474s, TimeUntilOOM: 30,347s, TimeUntilGC: 29,872s, GCWorkers: 5
[9,050s][debug  ][gc,director    ] Select Minor GC Workers (Not Warm), GCWorkers: 5,000
[9,050s][debug  ][gc,director    ] Rule Minor: Allocation Rate (Dynamic GC Workers), MaxAllocRate: 1310,6MB/s (+/-29,3%), Free: 12944MB, GCCPUTime: 2,329, GCDuration: 0,474s, TimeUntilOOM: 7,639s, TimeUntilGC: 7,165s, GCWorkers: 5
[9,050s][debug  ][gc,director    ] Rule Minor: High Usage, Free: 12944MB(84,3%)
[9,058s][debug  ][gc,nmethod     ] Register NMethod: sun.security.provider.ByteArrayAccess.i2bBig (0x00007f77ef3f5d10) [0x00007f77ef3f5ea0, 0x00007f77ef3f6138] Compiler: c2, Barriers: 0, Oops: 1, ImmediateOops: 0, NonImmediateOops: No
[9,058s][debug  ][gc,nmethod     ] Register NMethod: java.util.stream.StreamOpFlag.isKnown (0x00007f77ef3f6290) [0x00007f77ef3f6400, 0x00007f77ef3f6490] Compiler: c2, Barriers: 0, Oops: 0, ImmediateOops: 0, NonImmediateOops: No
[9,059s][debug  ][gc,nmethod     ] Register NMethod: jdk.internal.misc.Unsafe.getAndSetInt (0x00007f77cffef290) [0x00007f77cffef440, 0x00007f77cffef680] Compiler: c1, Barriers: 0, Oops: 0, ImmediateOops: 0, NonImmediateOops: No
[9,059s][debug  ][gc,nmethod     ] Register NMethod: net.openhft.chronicle.bytes.RandomCommon.writePosition (0x00007f77ef3f6590) [0x00007f77ef3f6720, 0x00007f77ef3f67c0] Compiler: c2, Barriers: 0, Oops: 1, ImmediateOops: 0, NonImmediateOops: No
[9,060s][debug  ][gc,director    ] Rule Major: Warmup 20%, Used: 2384MB, UsedThreshold: 3072MB
[9,060s][debug  ][gc,nmethod     ] Register NMethod: java.util.concurrent.ForkJoinPool$WorkQueue.getAndSetAccess (0x00007f77cffef790) [0x00007f77cffef920, 0x00007f77cffefa30] Compiler: c1, Barriers: 0, Oops: 0, ImmediateOops: 0, NonImmediateOops: No
[9,062s][debug  ][gc,nmethod     ] Register NMethod: java.io.ByteArrayOutputStream.write (0x00007f77ef3f6890) [0x00007f77ef3f6a40, 0x00007f77ef3f6ff0] Compiler: c2, Barriers: 4, Oops: 0, ImmediateOops: 0, NonImmediateOops: No
[9,062s][debug  ][gc,director    ] Select Minor GC Workers (Not Warm), GCWorkers: 5,000
[9,062s][debug  ][gc,director    ] Rule Minor: Allocation Rate (Dynamic GC Workers), MaxAllocRate: 329,9MB/s (+/-29,3%), Free: 12934MB, GCCPUTime: 2,329, GCDuration: 0,474s, TimeUntilOOM: 30,323s, TimeUntilGC: 29,849s, GCWorkers: 5
[9,062s][debug  ][gc,director    ] Select Minor GC Workers (Not Warm), GCWorkers: 5,000
[9,062s][debug  ][gc,director    ] Rule Minor: Allocation Rate (Dynamic GC Workers), MaxAllocRate: 1310,6MB/s (+/-29,3%), Free: 12934MB, GCCPUTime: 2,329, GCDuration: 0,474s, TimeUntilOOM: 7,633s, TimeUntilGC: 7,159s, GCWorkers: 5
[9,063s][debug  ][gc,director    ] Rule Minor: High Usage, Free: 12934MB(84,2%)
[9,063s][debug  ][gc,nmethod     ] Register NMethod: java.util.concurrent.ForkJoinTask.<init> (0x00007f77cffefa90) [0x00007f77cffefc20, 0x00007f77cffefd80] Compiler: c1, Barriers: 0, Oops: 0, ImmediateOops: 0, NonImmediateOops: No
[9,063s][debug  ][gc,nmethod     ] Register NMethod: java.util.BitSet.<init> (0x00007f77ef3f7210) [0x00007f77ef3f73a0, 0x00007f77ef3f75e0] Compiler: c2, Barriers: 3, Oops: 0, ImmediateOops: 0, NonImmediateOops: No
[9,067s][debug  ][gc,nmethod     ] Register NMethod: com.google.common.hash.AbstractHashFunction.newHasher (0x00007f77cffefe10) [0x00007f77cffeffc0, 0x00007f77cfff01a8] Compiler: c1, Barriers: 0, Oops: 1, ImmediateOops: 1, NonImmediateOops: No
[9,068s][debug  ][gc,nmethod     ] Register NMethod: net.openhft.chronicle.bytes.Bytes.isClear (0x00007f77ef3f7710) [0x00007f77ef3f78a0, 0x00007f77ef3f7a20] Compiler: c2, Barriers: 1, Oops: 1, ImmediateOops: 0, NonImmediateOops: No
[9,068s][debug  ][gc,nmethod     ] Register NMethod: net.openhft.chronicle.bytes.internal.NativeBytesStore.writeShort (0x00007f77ef3f7b90) [0x00007f77ef3f7d20, 0x00007f77ef3f7e48] Compiler: c2, Barriers: 1, Oops: 1, ImmediateOops: 0, NonImmediateOops: No
[9,073s][debug  ][gc,director    ] Rule Major: Warmup 20%, Used: 2398MB, UsedThreshold: 3072MB
[9,073s][debug  ][gc,director    ] Select Minor GC Workers (Not Warm), GCWorkers: 5,000
[9,073s][debug  ][gc,director    ] Rule Minor: Allocation Rate (Dynamic GC Workers), MaxAllocRate: 329,9MB/s (+/-29,3%), Free: 12920MB, GCCPUTime: 2,329, GCDuration: 0,474s, TimeUntilOOM: 30,290s, TimeUntilGC: 29,816s, GCWorkers: 5
[9,073s][debug  ][gc,director    ] Select Minor GC Workers (Not Warm), GCWorkers: 5,000
[9,073s][debug  ][gc,director    ] Rule Minor: Allocation Rate (Dynamic GC Workers), MaxAllocRate: 1310,6MB/s (+/-29,3%), Free: 12920MB, GCCPUTime: 2,329, GCDuration: 0,474s, TimeUntilOOM: 7,625s, TimeUntilGC: 7,150s, GCWorkers: 5
[9,073s][debug  ][gc,director    ] Rule Minor: High Usage, Free: 12920MB(84,1%)
[9,074s][debug  ][gc,nmethod     ] Register NMethod: net.openhft.chronicle.bytes.internal.HeapBytesStore.<init> (0x00007f77ef3f7f10) [0x00007f77ef3f8100, 0x00007f77ef3f86f0] Compiler: c2, Barriers: 15, Oops: 5, ImmediateOops: 6, NonImmediateOops: No
[9,075s][debug  ][gc,nmethod     ] Register NMethod: java.util.stream.ReferencePipeline$2$1.accept (0x00007f77ef3f8a90) [0x00007f77ef3f8c20, 0x00007f77ef3f8db8] Compiler: c2, Barriers: 3, Oops: 0, ImmediateOops: 0, NonImmediateOops: No
[9,077s][debug  ][gc,nmethod     ] Register NMethod: net.openhft.chronicle.bytes.NativeBytes.wrapWithNativeBytes (0x00007f77ef3f8e90) [0x00007f77ef3f9020, 0x00007f77ef3f91d8] Compiler: c2, Barriers: 0, Oops: 1, ImmediateOops: 1, NonImmediateOops: No
[9,081s][debug  ][gc,nmethod     ] Register NMethod: java.util.ImmutableCollections$ListItr.hasNext (0x00007f77ef3f9310) [0x00007f77ef3f9480, 0x00007f77ef3f9520] Compiler: c2, Barriers: 0, Oops: 0, ImmediateOops: 0, NonImmediateOops: No
[9,083s][debug  ][gc,director    ] Rule Major: Warmup 20%, Used: 2418MB, UsedThreshold: 3072MB
[9,083s][debug  ][gc,director    ] Select Minor GC Workers (Not Warm), GCWorkers: 5,000
[9,083s][debug  ][gc,director    ] Rule Minor: Allocation Rate (Dynamic GC Workers), MaxAllocRate: 329,9MB/s (+/-29,3%), Free: 12900MB, GCCPUTime: 2,329, GCDuration: 0,474s, TimeUntilOOM: 30,243s, TimeUntilGC: 29,769s, GCWorkers: 5
[9,083s][debug  ][gc,director    ] Select Minor GC Workers (Not Warm), GCWorkers: 5,000
[9,083s][debug  ][gc,director    ] Rule Minor: Allocation Rate (Dynamic GC Workers), MaxAllocRate: 1310,6MB/s (+/-29,3%), Free: 12900MB, GCCPUTime: 2,329, GCDuration: 0,474s, TimeUntilOOM: 7,613s, TimeUntilGC: 7,139s, GCWorkers: 5
[9,083s][debug  ][gc,director    ] Rule Minor: High Usage, Free: 12900MB(84,0%)
[9,091s][debug  ][gc,nmethod     ] Register NMethod: java.util.ImmutableCollections$AbstractImmutableList.iterator (0x00007f77ef3f9610) [0x00007f77ef3f97a0, 0x00007f77ef3f9930] Compiler: c2, Barriers: 3, Oops: 0, ImmediateOops: 0, NonImmediateOops: No
[9,093s][debug  ][gc,director    ] Rule Major: Warmup 20%, Used: 2430MB, UsedThreshold: 3072MB
[9,093s][debug  ][gc,director    ] Select Minor GC Workers (Not Warm), GCWorkers: 5,000
[9,093s][debug  ][gc,director    ] Rule Minor: Allocation Rate (Dynamic GC Workers), MaxAllocRate: 329,9MB/s (+/-29,3%), Free: 12888MB, GCCPUTime: 2,329, GCDuration: 0,474s, TimeUntilOOM: 30,215s, TimeUntilGC: 29,741s, GCWorkers: 5
[9,093s][debug  ][gc,director    ] Select Minor GC Workers (Not Warm), GCWorkers: 5,000
[9,093s][debug  ][gc,director    ] Rule Minor: Allocation Rate (Dynamic GC Workers), MaxAllocRate: 1310,6MB/s (+/-29,3%), Free: 12888MB, GCCPUTime: 2,329, GCDuration: 0,474s, TimeUntilOOM: 7,606s, TimeUntilGC: 7,132s, GCWorkers: 5
[9,093s][debug  ][gc,director    ] Rule Minor: High Usage, Free: 12888MB(83,9%)
[9,103s][debug  ][gc,director    ] Rule Major: Warmup 20%, Used: 2446MB, UsedThreshold: 3072MB
[9,103s][debug  ][gc,director    ] Select Minor GC Workers (Not Warm), GCWorkers: 5,000
[9,103s][debug  ][gc,director    ] Rule Minor: Allocation Rate (Dynamic GC Workers), MaxAllocRate: 329,9MB/s (+/-29,3%), Free: 12872MB, GCCPUTime: 2,329, GCDuration: 0,474s, TimeUntilOOM: 30,178s, TimeUntilGC: 29,704s, GCWorkers: 5
[9,103s][debug  ][gc,director    ] Select Minor GC Workers (Not Warm), GCWorkers: 5,000
[9,103s][debug  ][gc,director    ] Rule Minor: Allocation Rate (Dynamic GC Workers), MaxAllocRate: 1310,6MB/s (+/-29,3%), Free: 12872MB, GCCPUTime: 2,329, GCDuration: 0,474s, TimeUntilOOM: 7,596s, TimeUntilGC: 7,122s, GCWorkers: 5
[9,103s][debug  ][gc,director    ] Rule Minor: High Usage, Free: 12872MB(83,8%)
[9,110s][debug  ][gc,alloc       ] Mutator Allocation Rate: 468,8MB/s Predicted: 503,7MB/s, Avg: 334,5(+/-98,2)MB/s
[9,110s][debug  ][gc,director    ] Rule Major: Warmup 20%, Used: 2456MB, UsedThreshold: 3072MB
[9,110s][debug  ][gc,director    ] Select Minor GC Workers (Not Warm), GCWorkers: 5,000
[9,110s][debug  ][gc,director    ] Rule Minor: Allocation Rate (Dynamic GC Workers), MaxAllocRate: 334,5MB/s (+/-29,4%), Free: 12862MB, GCCPUTime: 2,329, GCDuration: 0,474s, TimeUntilOOM: 29,721s, TimeUntilGC: 29,247s, GCWorkers: 5
[9,110s][debug  ][gc,director    ] Select Minor GC Workers (Not Warm), GCWorkers: 5,000
[9,110s][debug  ][gc,director    ] Rule Minor: Allocation Rate (Dynamic GC Workers), MaxAllocRate: 1330,6MB/s (+/-29,4%), Free: 12862MB, GCCPUTime: 2,329, GCDuration: 0,474s, TimeUntilOOM: 7,472s, TimeUntilGC: 6,998s, GCWorkers: 5
[9,110s][debug  ][gc,director    ] Rule Minor: High Usage, Free: 12862MB(83,7%)
[9,112s][debug  ][gc,nmethod     ] Register NMethod: io.sirix.page.KeyValueLeafPage.setHashCode (0x00007f77ef3f9a90) [0x00007f77ef3f9c20, 0x00007f77ef3f9d58] Compiler: c1, Barriers: 3, Oops: 1, ImmediateOops: 0, NonImmediateOops: No
[9,112s][debug  ][gc,nmethod     ] Register NMethod: io.sirix.page.KeyValueLeafPage.setBytes (0x00007f77ef3f9e10) [0x00007f77ef3f9fa0, 0x00007f77ef3fa0d8] Compiler: c1, Barriers: 3, Oops: 1, ImmediateOops: 0, NonImmediateOops: No
[9,120s][debug  ][gc,director    ] Rule Major: Warmup 20%, Used: 2464MB, UsedThreshold: 3072MB
[9,121s][debug  ][gc,director    ] Select Minor GC Workers (Not Warm), GCWorkers: 5,000
[9,121s][debug  ][gc,director    ] Rule Minor: Allocation Rate (Dynamic GC Workers), MaxAllocRate: 334,5MB/s (+/-29,4%), Free: 12854MB, GCCPUTime: 2,329, GCDuration: 0,474s, TimeUntilOOM: 29,702s, TimeUntilGC: 29,228s, GCWorkers: 5
[9,121s][debug  ][gc,director    ] Select Minor GC Workers (Not Warm), GCWorkers: 5,000
[9,121s][debug  ][gc,director    ] Rule Minor: Allocation Rate (Dynamic GC Workers), MaxAllocRate: 1330,6MB/s (+/-29,4%), Free: 12854MB, GCCPUTime: 2,329, GCDuration: 0,474s, TimeUntilOOM: 7,467s, TimeUntilGC: 6,993s, GCWorkers: 5
[9,121s][debug  ][gc,director    ] Rule Minor: High Usage, Free: 12854MB(83,7%)
[9,123s][debug  ][gc,nmethod     ] Register NMethod: java.util.stream.SortedOps.makeRef (0x00007f77cfff0290) [0x00007f77cfff0440, 0x00007f77cfff05d0] Compiler: c1, Barriers: 0, Oops: 0, ImmediateOops: 0, NonImmediateOops: No
[9,131s][debug  ][gc,director    ] Rule Major: Warmup 20%, Used: 2480MB, UsedThreshold: 3072MB
[9,135s][debug  ][gc,director    ] Select Minor GC Workers (Not Warm), GCWorkers: 5,000
[9,135s][debug  ][gc,director    ] Rule Minor: Allocation Rate (Dynamic GC Workers), MaxAllocRate: 334,5MB/s (+/-29,4%), Free: 12838MB, GCCPUTime: 2,329, GCDuration: 0,474s, TimeUntilOOM: 29,665s, TimeUntilGC: 29,191s, GCWorkers: 5
[9,135s][debug  ][gc,director    ] Select Minor GC Workers (Not Warm), GCWorkers: 5,000
[9,135s][debug  ][gc,director    ] Rule Minor: Allocation Rate (Dynamic GC Workers), MaxAllocRate: 1330,6MB/s (+/-29,4%), Free: 12838MB, GCCPUTime: 2,329, GCDuration: 0,474s, TimeUntilOOM: 7,458s, TimeUntilGC: 6,984s, GCWorkers: 5
[9,135s][debug  ][gc,director    ] Rule Minor: High Usage, Free: 12838MB(83,6%)
[9,145s][debug  ][gc,director    ] Rule Major: Warmup 20%, Used: 2490MB, UsedThreshold: 3072MB
[9,147s][debug  ][gc,director    ] Select Minor GC Workers (Not Warm), GCWorkers: 5,000
[9,147s][debug  ][gc,director    ] Rule Minor: Allocation Rate (Dynamic GC Workers), MaxAllocRate: 334,5MB/s (+/-29,4%), Free: 12828MB, GCCPUTime: 2,329, GCDuration: 0,474s, TimeUntilOOM: 29,642s, TimeUntilGC: 29,168s, GCWorkers: 5
[9,147s][debug  ][gc,director    ] Select Minor GC Workers (Not Warm), GCWorkers: 5,000
[9,147s][debug  ][gc,director    ] Rule Minor: Allocation Rate (Dynamic GC Workers), MaxAllocRate: 1330,6MB/s (+/-29,4%), Free: 12828MB, GCCPUTime: 2,329, GCDuration: 0,474s, TimeUntilOOM: 7,452s, TimeUntilGC: 6,978s, GCWorkers: 5
[9,147s][debug  ][gc,director    ] Rule Minor: High Usage, Free: 12828MB(83,5%)
[9,155s][debug  ][gc,nmethod     ] Register NMethod: net.openhft.chronicle.bytes.AbstractBytes.writeShort (0x00007f77ef3fa190) [0x00007f77ef3fa360, 0x00007f77ef3fa748] Compiler: c2, Barriers: 3, Oops: 1, ImmediateOops: 0, NonImmediateOops: No
[9,156s][debug  ][gc,nmethod     ] Register NMethod: com.google.common.base.Preconditions.checkPositionIndexes (0x00007f77ef3fab10) [0x00007f77ef3faca0, 0x00007f77ef3fad70] Compiler: c2, Barriers: 0, Oops: 1, ImmediateOops: 0, NonImmediateOops: No
[9,157s][debug  ][gc,director    ] Rule Major: Warmup 20%, Used: 2506MB, UsedThreshold: 3072MB
[9,158s][debug  ][gc,director    ] Select Minor GC Workers (Not Warm), GCWorkers: 5,000
[9,158s][debug  ][gc,director    ] Rule Minor: Allocation Rate (Dynamic GC Workers), MaxAllocRate: 334,5MB/s (+/-29,4%), Free: 12812MB, GCCPUTime: 2,329, GCDuration: 0,474s, TimeUntilOOM: 29,605s, TimeUntilGC: 29,131s, GCWorkers: 5
[9,158s][debug  ][gc,director    ] Select Minor GC Workers (Not Warm), GCWorkers: 5,000
[9,158s][debug  ][gc,director    ] Rule Minor: Allocation Rate (Dynamic GC Workers), MaxAllocRate: 1330,6MB/s (+/-29,4%), Free: 12812MB, GCCPUTime: 2,329, GCDuration: 0,474s, TimeUntilOOM: 7,443s, TimeUntilGC: 6,969s, GCWorkers: 5
[9,158s][debug  ][gc,director    ] Rule Minor: High Usage, Free: 12812MB(83,4%)
[9,163s][debug  ][gc,nmethod     ] Register NMethod: java.util.concurrent.ConcurrentHashMap$Traverser.<init> (0x00007f77ef3fae90) [0x00007f77ef3fb020, 0x00007f77ef3fb1c0] Compiler: c2, Barriers: 5, Oops: 0, ImmediateOops: 0, NonImmediateOops: No
[9,167s][debug  ][gc,nmethod     ] Register NMethod: io.sirix.page.KeyValueLeafPage.addReferences (0x00007f77ef3fb210) [0x00007f77ef3fb3a0, 0x00007f77ef3fb4c0] Compiler: c2, Barriers: 1, Oops: 1, ImmediateOops: 0, NonImmediateOops: No
[9,168s][debug  ][gc,director    ] Rule Major: Warmup 20%, Used: 2516MB, UsedThreshold: 3072MB
[9,168s][debug  ][gc,director    ] Select Minor GC Workers (Not Warm), GCWorkers: 5,000
[9,168s][debug  ][gc,director    ] Rule Minor: Allocation Rate (Dynamic GC Workers), MaxAllocRate: 334,5MB/s (+/-29,4%), Free: 12802MB, GCCPUTime: 2,329, GCDuration: 0,474s, TimeUntilOOM: 29,582s, TimeUntilGC: 29,108s, GCWorkers: 5
[9,168s][debug  ][gc,director    ] Select Minor GC Workers (Not Warm), GCWorkers: 5,000
[9,168s][debug  ][gc,director    ] Rule Minor: Allocation Rate (Dynamic GC Workers), MaxAllocRate: 1330,6MB/s (+/-29,4%), Free: 12802MB, GCCPUTime: 2,329, GCDuration: 0,474s, TimeUntilOOM: 7,437s, TimeUntilGC: 6,963s, GCWorkers: 5
[9,168s][debug  ][gc,director    ] Rule Minor: High Usage, Free: 12802MB(83,3%)
[9,175s][debug  ][gc,nmethod     ] Register NMethod: net.jpountz.lz4.LZ4BlockOutputStream.flush (0x00007f77ef3fb590) [0x00007f77ef3fb720, 0x00007f77ef3fb830] Compiler: c2, Barriers: 1, Oops: 1, ImmediateOops: 0, NonImmediateOops: No
[9,178s][debug  ][gc,director    ] Rule Major: Warmup 20%, Used: 2532MB, UsedThreshold: 3072MB
[9,178s][debug  ][gc,director    ] Select Minor GC Workers (Not Warm), GCWorkers: 5,000
[9,178s][debug  ][gc,director    ] Rule Minor: Allocation Rate (Dynamic GC Workers), MaxAllocRate: 334,5MB/s (+/-29,4%), Free: 12786MB, GCCPUTime: 2,329, GCDuration: 0,474s, TimeUntilOOM: 29,545s, TimeUntilGC: 29,071s, GCWorkers: 5
[9,178s][debug  ][gc,director    ] Select Minor GC Workers (Not Warm), GCWorkers: 5,000
[9,178s][debug  ][gc,director    ] Rule Minor: Allocation Rate (Dynamic GC Workers), MaxAllocRate: 1330,6MB/s (+/-29,4%), Free: 12786MB, GCCPUTime: 2,329, GCDuration: 0,474s, TimeUntilOOM: 7,428s, TimeUntilGC: 6,953s, GCWorkers: 5
[9,178s][debug  ][gc,director    ] Rule Minor: High Usage, Free: 12786MB(83,2%)
[9,184s][debug  ][gc,nmethod     ] Register NMethod: com.google.common.hash.AbstractHashFunction.hashBytes (0x00007f77cfff0690) [0x00007f77cfff0900, 0x00007f77cfff1268] Compiler: c1, Barriers: 1, Oops: 2, ImmediateOops: 3, NonImmediateOops: No
[9,184s][debug  ][gc,nmethod     ] Register NMethod: java.io.DataOutputStream.incCount (0x00007f77cfff1690) [0x00007f77cfff1820, 0x00007f77cfff1968] Compiler: c1, Barriers: 0, Oops: 0, ImmediateOops: 0, NonImmediateOops: No
[9,184s][debug  ][gc,nmethod     ] Register NMethod: net.openhft.chronicle.bytes.BytesStore.wrap (0x00007f77ef3fb910) [0x00007f77ef3fbaa0, 0x00007f77ef3fbc28] Compiler: c2, Barriers: 0, Oops: 1, ImmediateOops: 0, NonImmediateOops: No
[9,185s][debug  ][gc,nmethod     ] Register NMethod: com.google.common.hash.AbstractByteHasher.putBytes (0x00007f77cfff1a10) [0x00007f77cfff1c20, 0x00007f77cfff2218] Compiler: c1, Barriers: 1, Oops: 2, ImmediateOops: 2, NonImmediateOops: No
[9,188s][debug  ][gc,director    ] Rule Major: Warmup 20%, Used: 2544MB, UsedThreshold: 3072MB
[9,188s][debug  ][gc,director    ] Select Minor GC Workers (Not Warm), GCWorkers: 5,000
[9,188s][debug  ][gc,director    ] Rule Minor: Allocation Rate (Dynamic GC Workers), MaxAllocRate: 334,5MB/s (+/-29,4%), Free: 12774MB, GCCPUTime: 2,329, GCDuration: 0,474s, TimeUntilOOM: 29,518s, TimeUntilGC: 29,043s, GCWorkers: 5
[9,188s][debug  ][gc,director    ] Select Minor GC Workers (Not Warm), GCWorkers: 5,000
[9,188s][debug  ][gc,director    ] Rule Minor: Allocation Rate (Dynamic GC Workers), MaxAllocRate: 1330,6MB/s (+/-29,4%), Free: 12774MB, GCCPUTime: 2,329, GCDuration: 0,474s, TimeUntilOOM: 7,421s, TimeUntilGC: 6,947s, GCWorkers: 5
[9,188s][debug  ][gc,director    ] Rule Minor: High Usage, Free: 12774MB(83,2%)
[9,196s][debug  ][gc,nmethod     ] Register NMethod: sun.security.provider.DigestBase.engineUpdate (0x00007f77ef3fbd90) [0x00007f77ef3fbfa0, 0x00007f77ef3fc8a8] Compiler: c2, Barriers: 7, Oops: 1, ImmediateOops: 0, NonImmediateOops: No
[9,198s][debug  ][gc,director    ] Rule Major: Warmup 20%, Used: 2552MB, UsedThreshold: 3072MB
[9,199s][debug  ][gc,nmethod     ] Register NMethod: net.openhft.chronicle.bytes.VanillaBytes.bytesForRead (0x00007f77ef3fce90) [0x00007f77ef3fd060, 0x00007f77ef3fd410] Compiler: c2, Barriers: 3, Oops: 1, ImmediateOops: 0, NonImmediateOops: No
[9,200s][debug  ][gc,director    ] Select Minor GC Workers (Not Warm), GCWorkers: 5,000
[9,200s][debug  ][gc,director    ] Rule Minor: Allocation Rate (Dynamic GC Workers), MaxAllocRate: 334,5MB/s (+/-29,4%), Free: 12766MB, GCCPUTime: 2,329, GCDuration: 0,474s, TimeUntilOOM: 29,499s, TimeUntilGC: 29,025s, GCWorkers: 5
[9,200s][debug  ][gc,director    ] Select Minor GC Workers (Not Warm), GCWorkers: 5,000
[9,200s][debug  ][gc,director    ] Rule Minor: Allocation Rate (Dynamic GC Workers), MaxAllocRate: 1330,6MB/s (+/-29,4%), Free: 12766MB, GCCPUTime: 2,329, GCDuration: 0,474s, TimeUntilOOM: 7,416s, TimeUntilGC: 6,942s, GCWorkers: 5
[9,200s][debug  ][gc,director    ] Rule Minor: High Usage, Free: 12766MB(83,1%)
[9,200s][debug  ][gc,nmethod     ] Register NMethod: io.sirix.page.PageKind$1.serializePage (0x00007f77ef3fd710) [0x00007f77ef3fe460, 0x00007f77ef407b80] Compiler: c2, Barriers: 164, Oops: 9, ImmediateOops: 16, NonImmediateOops: No
[9,204s][debug  ][gc,nmethod     ] Register NMethod: java.util.concurrent.ForkJoinPool$WorkQueue.push (0x00007f77cfff2510) [0x00007f77cfff2760, 0x00007f77cfff3260] Compiler: c1, Barriers: 11, Oops: 0, ImmediateOops: 1, NonImmediateOops: No
[9,204s][debug  ][gc,alloc       ] Mutator Allocation Rate: 478,5MB/s Predicted: 511,4MB/s, Avg: 339,2(+/-99,9)MB/s
[9,204s][debug  ][gc,director    ] Rule Major: Warmup 20%, Used: 2570MB, UsedThreshold: 3072MB
[9,205s][debug  ][gc,director    ] Select Minor GC Workers (Not Warm), GCWorkers: 5,000
[9,205s][debug  ][gc,director    ] Rule Minor: Allocation Rate (Dynamic GC Workers), MaxAllocRate: 339,2MB/s (+/-29,5%), Free: 12748MB, GCCPUTime: 2,329, GCDuration: 0,474s, TimeUntilOOM: 29,032s, TimeUntilGC: 28,558s, GCWorkers: 5
[9,205s][debug  ][gc,director    ] Select Minor GC Workers (Not Warm), GCWorkers: 5,000
[9,205s][debug  ][gc,director    ] Rule Minor: Allocation Rate (Dynamic GC Workers), MaxAllocRate: 1351,5MB/s (+/-29,5%), Free: 12748MB, GCCPUTime: 2,329, GCDuration: 0,474s, TimeUntilOOM: 7,286s, TimeUntilGC: 6,811s, GCWorkers: 5
[9,205s][debug  ][gc,director    ] Rule Minor: High Usage, Free: 12748MB(83,0%)
[9,205s][debug  ][gc,nmethod     ] Register NMethod: com.google.common.hash.MessageDigestHashFunction$MessageDigestHasher.<init> (0x00007f77cfff3590) [0x00007f77cfff3760, 0x00007f77cfff3b00] Compiler: c1, Barriers: 6, Oops: 1, ImmediateOops: 1, NonImmediateOops: No
[9,206s][debug  ][gc,nmethod     ] Register NMethod: java.io.DataOutputStream.write (0x00007f77cfff3c90) [0x00007f77cfff3e40, 0x00007f77cfff41b8] Compiler: c1, Barriers: 1, Oops: 0, ImmediateOops: 0, NonImmediateOops: No
[9,206s][debug  ][gc,nmethod     ] Register NMethod: com.google.common.hash.AbstractByteHasher.<init> (0x00007f77cfff4310) [0x00007f77cfff44e0, 0x00007f77cfff47a0] Compiler: c1, Barriers: 3, Oops: 1, ImmediateOops: 1, NonImmediateOops: No
[9,206s][debug  ][gc,nmethod     ] Register NMethod: com.google.common.hash.AbstractHasher.<init> (0x00007f77cfff4910) [0x00007f77cfff4aa0, 0x00007f77cfff4c00] Compiler: c1, Barriers: 0, Oops: 1, ImmediateOops: 0, NonImmediateOops: No
[9,206s][debug  ][gc,nmethod     ] Register NMethod: com.google.common.base.Preconditions.checkNotNull (0x00007f77cfff4d10) [0x00007f77cfff4ec0, 0x00007f77cfff50b0] Compiler: c1, Barriers: 0, Oops: 1, ImmediateOops: 0, NonImmediateOops: No
[9,206s][debug  ][gc,nmethod     ] Register NMethod: com.google.common.hash.HashCode.<init> (0x00007f77cfff5190) [0x00007f77cfff5320, 0x00007f77cfff5480] Compiler: c1, Barriers: 0, Oops: 1, ImmediateOops: 0, NonImmediateOops: No
[9,206s][debug  ][gc,nmethod     ] Register NMethod: com.google.common.hash.HashCode.fromBytesNoCopy (0x00007f77cfff5590) [0x00007f77cfff5760, 0x00007f77cfff5b90] Compiler: c1, Barriers: 3, Oops: 1, ImmediateOops: 0, NonImmediateOops: No
[9,207s][debug  ][gc,nmethod     ] Register NMethod: com.google.common.hash.HashCode$BytesHashCode.<init> (0x00007f77cfff5d10) [0x00007f77cfff5ee0, 0x00007f77cfff6278] Compiler: c1, Barriers: 3, Oops: 1, ImmediateOops: 0, NonImmediateOops: No
[9,207s][debug  ][gc,nmethod     ] Register NMethod: java.io.DataOutputStream.<init> (0x00007f77cfff6410) [0x00007f77cfff65e0, 0x00007f77cfff6b20] Compiler: c1, Barriers: 12, Oops: 0, ImmediateOops: 0, NonImmediateOops: No
[9,207s][debug  ][gc,nmethod     ] Register NMethod: java.util.concurrent.CountedCompleter.<init> (0x00007f77cfff6c90) [0x00007f77cfff6e40, 0x00007f77cfff7078] Compiler: c1, Barriers: 3, Oops: 0, ImmediateOops: 0, NonImmediateOops: No
[9,207s][debug  ][gc,nmethod     ] Register NMethod: com.google.common.hash.MessageDigestHashFunction$MessageDigestHasher.<init> (0x00007f77cfff7190) [0x00007f77cfff7380, 0x00007f77cfff7798] Compiler: c1, Barriers: 6, Oops: 1, ImmediateOops: 1, NonImmediateOops: No
[9,209s][debug  ][gc,nmethod     ] Register NMethod: java.util.ArrayList$ArrayListSpliterator.trySplit (0x00007f77cfff7990) [0x00007f77cfff7b40, 0x00007f77cfff7c80] Compiler: c1, Barriers: 0, Oops: 0, ImmediateOops: 0, NonImmediateOops: No
[9,209s][debug  ][gc,nmethod     ] Register NMethod: java.util.ArrayList$ArrayListSpliterator.trySplit (0x00007f77cfff7d10) [0x00007f77cfff7ee0, 0x00007f77cfff8300] Compiler: c1, Barriers: 5, Oops: 0, ImmediateOops: 0, NonImmediateOops: No
[9,209s][debug  ][gc,nmethod     ] Register NMethod: java.util.concurrent.ForkJoinTask.fork (0x00007f77cfff8490) [0x00007f77cfff8680, 0x00007f77cfff8b20] Compiler: c1, Barriers: 3, Oops: 1, ImmediateOops: 2, NonImmediateOops: No
[9,210s][debug  ][gc,nmethod     ] Register NMethod: java.util.stream.ForEachOps$ForEachTask.<init> (0x00007f77cfff8c90) [0x00007f77cfff8e60, 0x00007f77cfff92d0] Compiler: c1, Barriers: 14, Oops: 0, ImmediateOops: 0, NonImmediateOops: No
[9,210s][debug  ][gc,nmethod     ] Register NMethod: java.util.concurrent.CountedCompleter.addToPendingCount (0x00007f77cfff9410) [0x00007f77cfff95a0, 0x00007f77cfff96b0] Compiler: c1, Barriers: 0, Oops: 0, ImmediateOops: 0, NonImmediateOops: No
[9,212s][debug  ][gc,nmethod     ] Register NMethod: java.util.stream.ReferencePipeline$3$1.accept (0x00007f77ef40ef90) [0x00007f77ef40f120, 0x00007f77ef40f2d0] Compiler: c2, Barriers: 3, Oops: 0, ImmediateOops: 0, NonImmediateOops: No
[9,214s][debug  ][gc,nmethod     ] Register NMethod: java.util.concurrent.ForkJoinTask.doExec (0x00007f77cfff9710) [0x00007f77cfff9900, 0x00007f77cfff9d20] Compiler: c1, Barriers: 0, Oops: 0, ImmediateOops: 0, NonImmediateOops: No
[9,215s][debug  ][gc,director    ] Rule Major: Warmup 20%, Used: 2634MB, UsedThreshold: 3072MB
[9,215s][debug  ][gc,director    ] Select Minor GC Workers (Not Warm), GCWorkers: 5,000
[9,215s][debug  ][gc,director    ] Rule Minor: Allocation Rate (Dynamic GC Workers), MaxAllocRate: 339,2MB/s (+/-29,5%), Free: 12684MB, GCCPUTime: 2,329, GCDuration: 0,474s, TimeUntilOOM: 28,887s, TimeUntilGC: 28,412s, GCWorkers: 5
[9,215s][debug  ][gc,director    ] Select Minor GC Workers (Not Warm), GCWorkers: 5,000
[9,215s][debug  ][gc,director    ] Rule Minor: Allocation Rate (Dynamic GC Workers), MaxAllocRate: 1351,5MB/s (+/-29,5%), Free: 12684MB, GCCPUTime: 2,329, GCDuration: 0,474s, TimeUntilOOM: 7,249s, TimeUntilGC: 6,775s, GCWorkers: 5
[9,215s][debug  ][gc,director    ] Rule Minor: High Usage, Free: 12684MB(82,6%)
[9,218s][debug  ][gc,nmethod     ] Register NMethod: java.util.concurrent.CountedCompleter.exec (0x00007f77cfff9e90) [0x00007f77cfffa040, 0x00007f77cfffa190] Compiler: c1, Barriers: 0, Oops: 0, ImmediateOops: 0, NonImmediateOops: No
[9,221s][debug  ][gc,nmethod     ] Register NMethod: java.io.DataOutputStream.flush (0x00007f77ef40f410) [0x00007f77ef40f5a0, 0x00007f77ef40f728] Compiler: c2, Barriers: 2, Oops: 1, ImmediateOops: 0, NonImmediateOops: No
[9,224s][debug  ][gc,alloc       ] Mutator Allocation Rate: 492,7MB/s Predicted: 519,8MB/s, Avg: 344,0(+/-101,9)MB/s
[9,225s][debug  ][gc,director    ] Rule Major: Warmup 20%, Used: 2692MB, UsedThreshold: 3072MB
[9,225s][debug  ][gc,director    ] Select Minor GC Workers (Not Warm), GCWorkers: 5,000
[9,225s][debug  ][gc,director    ] Rule Minor: Allocation Rate (Dynamic GC Workers), MaxAllocRate: 344,0MB/s (+/-29,6%), Free: 12626MB, GCCPUTime: 2,329, GCDuration: 0,474s, TimeUntilOOM: 28,317s, TimeUntilGC: 27,843s, GCWorkers: 5
[9,225s][debug  ][gc,director    ] Select Minor GC Workers (Not Warm), GCWorkers: 5,000
[9,225s][debug  ][gc,director    ] Rule Minor: Allocation Rate (Dynamic GC Workers), MaxAllocRate: 1374,9MB/s (+/-29,6%), Free: 12626MB, GCCPUTime: 2,329, GCDuration: 0,474s, TimeUntilOOM: 7,084s, TimeUntilGC: 6,610s, GCWorkers: 5
[9,225s][debug  ][gc,director    ] Rule Minor: High Usage, Free: 12626MB(82,2%)
[9,225s][debug  ][gc,nmethod     ] Register NMethod: sun.security.provider.ByteArrayAccess.i2bBig4 (0x00007f77ef40f890) [0x00007f77ef40fa20, 0x00007f77ef40faf8] Compiler: c2, Barriers: 0, Oops: 3, ImmediateOops: 0, NonImmediateOops: No
[9,228s][debug  ][gc,nmethod     ] Register NMethod: java.lang.Integer.numberOfLeadingZeros (0x00007f77ef40fc90) [0x00007f77ef40fe00, 0x00007f77ef40feb8] Compiler: c2, Barriers: 0, Oops: 0, ImmediateOops: 0, NonImmediateOops: No
[9,234s][debug  ][gc,nmethod     ] Register NMethod: jdk.internal.misc.Unsafe.weakCompareAndSetInt (0x00007f77ef40ff90) [0x00007f77ef410100, 0x00007f77ef410190] Compiler: c2, Barriers: 0, Oops: 0, ImmediateOops: 0, NonImmediateOops: No
[9,234s][debug  ][gc,nmethod     ] Register NMethod: java.util.concurrent.CountedCompleter.propagateCompletion (0x00007f77cfffa290) [0x00007f77cfffa480, 0x00007f77cfffa920] Compiler: c1, Barriers: 1, Oops: 0, ImmediateOops: 0, NonImmediateOops: No
[9,235s][debug  ][gc,director    ] Rule Major: Warmup 20%, Used: 2742MB, UsedThreshold: 3072MB
[9,235s][debug  ][gc,director    ] Select Minor GC Workers (Not Warm), GCWorkers: 5,000
[9,235s][debug  ][gc,director    ] Rule Minor: Allocation Rate (Dynamic GC Workers), MaxAllocRate: 344,0MB/s (+/-29,6%), Free: 12576MB, GCCPUTime: 2,329, GCDuration: 0,474s, TimeUntilOOM: 28,205s, TimeUntilGC: 27,730s, GCWorkers: 5
[9,235s][debug  ][gc,director    ] Select Minor GC Workers (Not Warm), GCWorkers: 5,000
[9,235s][debug  ][gc,director    ] Rule Minor: Allocation Rate (Dynamic GC Workers), MaxAllocRate: 1374,9MB/s (+/-29,6%), Free: 12576MB, GCCPUTime: 2,329, GCDuration: 0,474s, TimeUntilOOM: 7,056s, TimeUntilGC: 6,582s, GCWorkers: 5
[9,235s][debug  ][gc,director    ] Rule Minor: High Usage, Free: 12576MB(81,9%)
[9,239s][debug  ][gc,nmethod     ] Register NMethod: java.util.concurrent.ForkJoinPool$WorkQueue.nextLocalTask (0x00007f77cfffab10) [0x00007f77cfffad00, 0x00007f77cfffb2d8] Compiler: c1, Barriers: 1, Oops: 0, ImmediateOops: 2, NonImmediateOops: No
[9,245s][debug  ][gc,director    ] Rule Major: Warmup 20%, Used: 2772MB, UsedThreshold: 3072MB
[9,245s][debug  ][gc,director    ] Select Minor GC Workers (Not Warm), GCWorkers: 5,000
[9,245s][debug  ][gc,director    ] Rule Minor: Allocation Rate (Dynamic GC Workers), MaxAllocRate: 344,0MB/s (+/-29,6%), Free: 12546MB, GCCPUTime: 2,329, GCDuration: 0,474s, TimeUntilOOM: 28,137s, TimeUntilGC: 27,663s, GCWorkers: 5
[9,245s][debug  ][gc,director    ] Select Minor GC Workers (Not Warm), GCWorkers: 5,000
[9,245s][debug  ][gc,director    ] Rule Minor: Allocation Rate (Dynamic GC Workers), MaxAllocRate: 1374,9MB/s (+/-29,6%), Free: 12546MB, GCCPUTime: 2,329, GCDuration: 0,474s, TimeUntilOOM: 7,039s, TimeUntilGC: 6,565s, GCWorkers: 5
[9,245s][debug  ][gc,director    ] Rule Minor: High Usage, Free: 12546MB(81,7%)
[9,246s][debug  ][gc,nmethod     ] Register NMethod: java.lang.Thread.blockedOn (0x00007f77ef410290) [0x00007f77ef410420, 0x00007f77ef4106f8] Compiler: c2, Barriers: 5, Oops: 0, ImmediateOops: 0, NonImmediateOops: No
[9,246s][debug  ][gc,nmethod     ] Register NMethod: java.nio.MappedByteBuffer.limit (0x00007f77cfffb490) [0x00007f77cfffb640, 0x00007f77cfffb848] Compiler: c1, Barriers: 0, Oops: 0, ImmediateOops: 0, NonImmediateOops: No
[9,247s][debug  ][gc,nmethod     ] Register NMethod: net.openhft.chronicle.bytes.AbstractBytes.capacity (0x00007f77cfffb990) [0x00007f77cfffbb40, 0x00007f77cfffbd38] Compiler: c1, Barriers: 1, Oops: 1, ImmediateOops: 0, NonImmediateOops: No
[9,248s][debug  ][gc,nmethod     ] Register NMethod: java.nio.MappedByteBuffer.rewind (0x00007f77cfffbe10) [0x00007f77cfffbfc0, 0x00007f77cfffc1f0] Compiler: c1, Barriers: 0, Oops: 0, ImmediateOops: 0, NonImmediateOops: No
[9,248s][debug  ][gc,nmethod     ] Register NMethod: java.nio.MappedByteBuffer.rewind (0x00007f77cfffc310) [0x00007f77cfffc4c0, 0x00007f77cfffc698] Compiler: c1, Barriers: 0, Oops: 0, ImmediateOops: 0, NonImmediateOops: No
[9,255s][debug  ][gc,director    ] Rule Major: Warmup 20%, Used: 2776MB, UsedThreshold: 3072MB
[9,255s][debug  ][gc,director    ] Select Minor GC Workers (Not Warm), GCWorkers: 5,000
[9,255s][debug  ][gc,director    ] Rule Minor: Allocation Rate (Dynamic GC Workers), MaxAllocRate: 344,0MB/s (+/-29,6%), Free: 12542MB, GCCPUTime: 2,329, GCDuration: 0,474s, TimeUntilOOM: 28,129s, TimeUntilGC: 27,654s, GCWorkers: 5
[9,255s][debug  ][gc,director    ] Select Minor GC Workers (Not Warm), GCWorkers: 5,000
[9,255s][debug  ][gc,director    ] Rule Minor: Allocation Rate (Dynamic GC Workers), MaxAllocRate: 1374,9MB/s (+/-29,6%), Free: 12542MB, GCCPUTime: 2,329, GCDuration: 0,474s, TimeUntilOOM: 7,037s, TimeUntilGC: 6,563s, GCWorkers: 5
[9,255s][debug  ][gc,director    ] Rule Minor: High Usage, Free: 12542MB(81,7%)
[9,256s][debug  ][gc,nmethod     ] Register NMethod: jdk.internal.misc.Blocker.begin (0x00007f77ef410790) [0x00007f77ef410920, 0x00007f77ef410a78] Compiler: c2, Barriers: 2, Oops: 0, ImmediateOops: 1, NonImmediateOops: No
[9,256s][debug  ][gc,nmethod     ] Register NMethod: sun.nio.ch.IOUtil.write (0x00007f77cfffc790) [0x00007f77cfffca00, 0x00007f77cfffd2a0] Compiler: c1, Barriers: 0, Oops: 0, ImmediateOops: 0, NonImmediateOops: No
[9,257s][debug  ][gc,nmethod     ] Register NMethod: sun.nio.ch.UnixFileDispatcherImpl.pwrite0 (0x00007f77ef410b90) [0x00007f77ef410d20, 0x00007f77ef410f10] Compiler: , Barriers: 0, Oops: 0, ImmediateOops: 1, NonImmediateOops: No
[9,257s][debug  ][gc,nmethod     ] Register NMethod: jdk.internal.misc.Blocker.end (0x00007f77ef410f90) [0x00007f77ef411140, 0x00007f77ef411278] Compiler: c2, Barriers: 1, Oops: 0, ImmediateOops: 0, NonImmediateOops: No
[9,258s][debug  ][gc,nmethod     ] Register NMethod: sun.nio.ch.IOUtil.writeFromNativeBuffer (0x00007f77cfffd690) [0x00007f77cfffd9e0, 0x00007f77cfffee48] Compiler: c1, Barriers: 2, Oops: 0, ImmediateOops: 4, NonImmediateOops: No
[9,258s][debug  ][gc,nmethod     ] Register NMethod: java.util.concurrent.ConcurrentHashMap.clear (0x00007f77ef411390) [0x00007f77ef411520, 0x00007f77ef4115f0] Compiler: c2, Barriers: 1, Oops: 0, ImmediateOops: 0, NonImmediateOops: No
[9,259s][debug  ][gc,nmethod     ] Register NMethod: sun.nio.ch.FileChannelImpl.writeInternal (0x00007f77cffff710) [0x00007f77cffffa00, 0x00007f77d0000790] Compiler: c1, Barriers: 5, Oops: 0, ImmediateOops: 1, NonImmediateOops: No
[9,259s][debug  ][gc,nmethod     ] Register NMethod: sun.nio.ch.IOStatus.normalize (0x00007f77d0000e10) [0x00007f77d0000fa0, 0x00007f77d00010f0] Compiler: c1, Barriers: 0, Oops: 0, ImmediateOops: 0, NonImmediateOops: No
[9,259s][debug  ][gc,nmethod     ] Register NMethod: sun.nio.ch.IOUtil.write (0x00007f77d0001190) [0x00007f77d0001340, 0x00007f77d0001470] Compiler: c1, Barriers: 0, Oops: 0, ImmediateOops: 0, NonImmediateOops: No
[9,259s][debug  ][gc,nmethod     ] Register NMethod: sun.nio.ch.UnixFileDispatcherImpl.pwrite (0x00007f77d0001510) [0x00007f77d00016c0, 0x00007f77d0001808] Compiler: c1, Barriers: 0, Oops: 0, ImmediateOops: 0, NonImmediateOops: No
[9,261s][debug  ][gc,nmethod     ] Register NMethod: sun.nio.ch.FileChannelImpl.write (0x00007f77d0001910) [0x00007f77d0001b40, 0x00007f77d00022a8] Compiler: c1, Barriers: 0, Oops: 0, ImmediateOops: 2, NonImmediateOops: No
[9,262s][debug  ][gc,nmethod     ] Register NMethod: io.sirix.io.filechannel.FileChannelWriter.flushBuffer (0x00007f77d0002510) [0x00007f77d0002740, 0x00007f77d0003080] Compiler: c1, Barriers: 3, Oops: 1, ImmediateOops: 0, NonImmediateOops: No
[9,265s][debug  ][gc,nmethod     ] Register NMethod: java.util.BitSet.set (0x00007f77ef411690) [0x00007f77ef411820, 0x00007f77ef411a00] Compiler: c2, Barriers: 1, Oops: 0, ImmediateOops: 0, NonImmediateOops: No
[9,266s][debug  ][gc,director    ] Rule Major: Warmup 20%, Used: 2780MB, UsedThreshold: 3072MB
[9,266s][debug  ][gc,director    ] Select Minor GC Workers (Not Warm), GCWorkers: 5,000
[9,266s][debug  ][gc,director    ] Rule Minor: Allocation Rate (Dynamic GC Workers), MaxAllocRate: 344,0MB/s (+/-29,6%), Free: 12538MB, GCCPUTime: 2,329, GCDuration: 0,474s, TimeUntilOOM: 28,120s, TimeUntilGC: 27,645s, GCWorkers: 5
[9,266s][debug  ][gc,director    ] Select Minor GC Workers (Not Warm), GCWorkers: 5,000
[9,266s][debug  ][gc,director    ] Rule Minor: Allocation Rate (Dynamic GC Workers), MaxAllocRate: 1374,9MB/s (+/-29,6%), Free: 12538MB, GCCPUTime: 2,329, GCDuration: 0,474s, TimeUntilOOM: 7,035s, TimeUntilGC: 6,560s, GCWorkers: 5
[9,266s][debug  ][gc,director    ] Rule Minor: High Usage, Free: 12538MB(81,6%)
[9,270s][debug  ][gc,nmethod     ] Register NMethod: io.sirix.page.KeyValueLeafPage.clearPage (0x00007f77ef411b90) [0x00007f77ef411d80, 0x00007f77ef412290] Compiler: c2, Barriers: 12, Oops: 1, ImmediateOops: 0, NonImmediateOops: No
[9,274s][debug  ][gc,nmethod     ] Register NMethod: io.sirix.page.KeyValueLeafPage.clearPage (0x00007f77ef412590) [0x00007f77ef412780, 0x00007f77ef412c90] Compiler: c2, Barriers: 12, Oops: 1, ImmediateOops: 0, NonImmediateOops: No
[9,276s][debug  ][gc,director    ] Rule Major: Warmup 20%, Used: 2786MB, UsedThreshold: 3072MB
[9,276s][debug  ][gc,director    ] Select Minor GC Workers (Not Warm), GCWorkers: 5,000
[9,276s][debug  ][gc,director    ] Rule Minor: Allocation Rate (Dynamic GC Workers), MaxAllocRate: 344,0MB/s (+/-29,6%), Free: 12532MB, GCCPUTime: 2,329, GCDuration: 0,474s, TimeUntilOOM: 28,106s, TimeUntilGC: 27,632s, GCWorkers: 5
[9,276s][debug  ][gc,director    ] Select Minor GC Workers (Not Warm), GCWorkers: 5,000
[9,276s][debug  ][gc,director    ] Rule Minor: Allocation Rate (Dynamic GC Workers), MaxAllocRate: 1374,9MB/s (+/-29,6%), Free: 12532MB, GCCPUTime: 2,329, GCDuration: 0,474s, TimeUntilOOM: 7,031s, TimeUntilGC: 6,557s, GCWorkers: 5
[9,276s][debug  ][gc,director    ] Rule Minor: High Usage, Free: 12532MB(81,6%)
[9,279s][debug  ][gc,nmethod     ] Register NMethod: java.util.concurrent.ConcurrentHashMap$BaseIterator.hasNext (0x00007f77ef412f90) [0x00007f77ef413100, 0x00007f77ef4131c0] Compiler: c2, Barriers: 1, Oops: 0, ImmediateOops: 0, NonImmediateOops: No
[9,283s][debug  ][gc,nmethod     ] Register NMethod: net.openhft.chronicle.bytes.internal.BytesInternal.appendUtf8Char (0x00007f77d0003410) [0x00007f77d0003700, 0x00007f77d0004b30] Compiler: c1, Barriers: 0, Oops: 1, ImmediateOops: 0, NonImmediateOops: No
[9,286s][debug  ][gc,director    ] Rule Major: Warmup 20%, Used: 2790MB, UsedThreshold: 3072MB
[9,286s][debug  ][gc,director    ] Select Minor GC Workers (Not Warm), GCWorkers: 5,000
[9,286s][debug  ][gc,director    ] Rule Minor: Allocation Rate (Dynamic GC Workers), MaxAllocRate: 344,0MB/s (+/-29,6%), Free: 12528MB, GCCPUTime: 2,329, GCDuration: 0,474s, TimeUntilOOM: 28,097s, TimeUntilGC: 27,623s, GCWorkers: 5
[9,286s][debug  ][gc,director    ] Select Minor GC Workers (Not Warm), GCWorkers: 5,000
[9,286s][debug  ][gc,director    ] Rule Minor: Allocation Rate (Dynamic GC Workers), MaxAllocRate: 1374,9MB/s (+/-29,6%), Free: 12528MB, GCCPUTime: 2,329, GCDuration: 0,474s, TimeUntilOOM: 7,029s, TimeUntilGC: 6,555s, GCWorkers: 5
[9,286s][debug  ][gc,director    ] Rule Minor: High Usage, Free: 12528MB(81,6%)
[9,296s][debug  ][gc,director    ] Rule Major: Warmup 20%, Used: 2790MB, UsedThreshold: 3072MB
[9,296s][debug  ][gc,director    ] Select Minor GC Workers (Not Warm), GCWorkers: 5,000
[9,296s][debug  ][gc,director    ] Rule Minor: Allocation Rate (Dynamic GC Workers), MaxAllocRate: 344,0MB/s (+/-29,6%), Free: 12528MB, GCCPUTime: 2,329, GCDuration: 0,474s, TimeUntilOOM: 28,097s, TimeUntilGC: 27,623s, GCWorkers: 5
[9,296s][debug  ][gc,director    ] Select Minor GC Workers (Not Warm), GCWorkers: 5,000
[9,296s][debug  ][gc,director    ] Rule Minor: Allocation Rate (Dynamic GC Workers), MaxAllocRate: 1374,9MB/s (+/-29,6%), Free: 12528MB, GCCPUTime: 2,329, GCDuration: 0,474s, TimeUntilOOM: 7,029s, TimeUntilGC: 6,555s, GCWorkers: 5
[9,296s][debug  ][gc,director    ] Rule Minor: High Usage, Free: 12528MB(81,6%)
[9,302s][debug  ][gc,nmethod     ] Register NMethod: net.openhft.chronicle.core.util.StringUtils.charAt (0x00007f77d0004f10) [0x00007f77d00050c0, 0x00007f77d0005260] Compiler: c1, Barriers: 0, Oops: 1, ImmediateOops: 0, NonImmediateOops: No
[9,303s][debug  ][gc,nmethod     ] Register NMethod: net.openhft.chronicle.core.util.StringUtils.isEqual (0x00007f77d0005310) [0x00007f77d0005560, 0x00007f77d0005f30] Compiler: c1, Barriers: 0, Oops: 1, ImmediateOops: 0, NonImmediateOops: No
[9,303s][debug  ][gc,nmethod     ] Register NMethod: java.nio.HeapByteBuffer.isReadOnly (0x00007f77ef413290) [0x00007f77ef413420, 0x00007f77ef4134e0] Compiler: c1, Barriers: 0, Oops: 0, ImmediateOops: 0, NonImmediateOops: No
[9,304s][debug  ][gc,nmethod     ] Register NMethod: net.openhft.chronicle.core.util.StringUtils.isEqual (0x00007f77d0006190) [0x00007f77d00063c0, 0x00007f77d0006b48] Compiler: c1, Barriers: 0, Oops: 1, ImmediateOops: 0, NonImmediateOops: No
[9,307s][debug  ][gc,director    ] Rule Major: Warmup 20%, Used: 2792MB, UsedThreshold: 3072MB
[9,307s][debug  ][gc,director    ] Select Minor GC Workers (Not Warm), GCWorkers: 5,000
[9,307s][debug  ][gc,director    ] Rule Minor: Allocation Rate (Dynamic GC Workers), MaxAllocRate: 344,0MB/s (+/-29,6%), Free: 12526MB, GCCPUTime: 2,329, GCDuration: 0,474s, TimeUntilOOM: 28,093s, TimeUntilGC: 27,618s, GCWorkers: 5
[9,307s][debug  ][gc,director    ] Select Minor GC Workers (Not Warm), GCWorkers: 5,000
[9,307s][debug  ][gc,director    ] Rule Minor: Allocation Rate (Dynamic GC Workers), MaxAllocRate: 1374,9MB/s (+/-29,6%), Free: 12526MB, GCCPUTime: 2,329, GCDuration: 0,474s, TimeUntilOOM: 7,028s, TimeUntilGC: 6,554s, GCWorkers: 5
[9,307s][debug  ][gc,director    ] Rule Minor: High Usage, Free: 12526MB(81,5%)
[9,307s][debug  ][gc,nmethod     ] Register NMethod: it.unimi.dsi.fastutil.ints.Int2ObjectOpenHashMap.find (0x00007f77d0006d90) [0x00007f77d0006f80, 0x00007f77d0007458] Compiler: c1, Barriers: 1, Oops: 1, ImmediateOops: 0, NonImmediateOops: No
[9,308s][debug  ][gc,nmethod     ] Register NMethod: io.sirix.access.trx.page.NodePageReadOnlyTrx.isMostRecentlyReadPage (0x00007f77d0007610) [0x00007f77d00077c0, 0x00007f77d0007b18] Compiler: c1, Barriers: 3, Oops: 1, ImmediateOops: 0, NonImmediateOops: No
[9,309s][debug  ][gc,nmethod     ] Register NMethod: net.openhft.chronicle.bytes.AbstractBytes.peekUnsignedByte (0x00007f77d0007c10) [0x00007f77d0007de0, 0x00007f77d0008130] Compiler: c1, Barriers: 1, Oops: 1, ImmediateOops: 0, NonImmediateOops: No
[9,309s][debug  ][gc,nmethod     ] Register NMethod: net.openhft.chronicle.core.Maths.hash64 (0x00007f77d0008210) [0x00007f77d0008420, 0x00007f77d0008b48] Compiler: c1, Barriers: 0, Oops: 1, ImmediateOops: 0, NonImmediateOops: No
[9,309s][debug  ][gc,nmethod     ] Register NMethod: io.sirix.node.HashEntryNode.getKind (0x00007f77d0008d10) [0x00007f77d0008ea0, 0x00007f77d0009008] Compiler: c1, Barriers: 0, Oops: 1, ImmediateOops: 1, NonImmediateOops: No
[9,309s][debug  ][gc,nmethod     ] Register NMethod: io.sirix.node.HashEntryNode.getKind (0x00007f77d0009110) [0x00007f77d00092a0, 0x00007f77d00093b0] Compiler: c1, Barriers: 0, Oops: 1, ImmediateOops: 1, NonImmediateOops: No
[9,309s][debug  ][gc,nmethod     ] Register NMethod: net.openhft.chronicle.bytes.AbstractBytes.readSkip (0x00007f77d0009490) [0x00007f77d0009640, 0x00007f77d00097f0] Compiler: c1, Barriers: 0, Oops: 1, ImmediateOops: 0, NonImmediateOops: No
[9,309s][debug  ][gc,nmethod     ] Register NMethod: it.unimi.dsi.fastutil.ints.Int2ObjectOpenHashMap.insert (0x00007f77d0009890) [0x00007f77d0009a80, 0x00007f77d0009ed0] Compiler: c1, Barriers: 5, Oops: 1, ImmediateOops: 0, NonImmediateOops: No
[9,310s][debug  ][gc,nmethod     ] Register NMethod: it.unimi.dsi.fastutil.ints.Int2LongOpenHashMap.insert (0x00007f77d000a090) [0x00007f77d000a260, 0x00007f77d000a530] Compiler: c1, Barriers: 2, Oops: 1, ImmediateOops: 0, NonImmediateOops: No
[9,310s][debug  ][gc,nmethod     ] Register NMethod: it.unimi.dsi.fastutil.ints.Int2ObjectOpenHashMap.put (0x00007f77d000a690) [0x00007f77d000a880, 0x00007f77d000acd0] Compiler: c1, Barriers: 6, Oops: 1, ImmediateOops: 0, NonImmediateOops: No
[9,310s][debug  ][gc,nmethod     ] Register NMethod: io.sirix.index.name.Names.getName (0x00007f77d000ae10) [0x00007f77d000afe0, 0x00007f77d000b370] Compiler: c1, Barriers: 1, Oops: 1, ImmediateOops: 1, NonImmediateOops: No
[9,310s][debug  ][gc,nmethod     ] Register NMethod: net.openhft.chronicle.bytes.internal.BytesInternal.readStopBit0 (0x00007f77d000b510) [0x00007f77d000b720, 0x00007f77d000bdd8] Compiler: c1, Barriers: 0, Oops: 1, ImmediateOops: 2, NonImmediateOops: No
[9,310s][debug  ][gc,nmethod     ] Register NMethod: io.sirix.index.path.summary.PathNode.setRightSibling (0x00007f77ef413590) [0x00007f77ef413720, 0x00007f77ef413850] Compiler: c1, Barriers: 3, Oops: 1, ImmediateOops: 0, NonImmediateOops: No
[9,310s][debug  ][gc,nmethod     ] Register NMethod: io.sirix.index.path.summary.PathNode.setLeftSibling (0x00007f77ef413910) [0x00007f77ef413aa0, 0x00007f77ef413bd0] Compiler: c1, Barriers: 3, Oops: 1, ImmediateOops: 0, NonImmediateOops: No
[9,310s][debug  ][gc,nmethod     ] Register NMethod: io.sirix.index.path.summary.PathNode.getLeftSibling (0x00007f77ef413c90) [0x00007f77ef413e20, 0x00007f77ef413f10] Compiler: c1, Barriers: 1, Oops: 1, ImmediateOops: 0, NonImmediateOops: No
[9,311s][debug  ][gc,nmethod     ] Register NMethod: io.sirix.node.HashCountEntryNode.<init> (0x00007f77d000c090) [0x00007f77d000c220, 0x00007f77d000c388] Compiler: c1, Barriers: 0, Oops: 1, ImmediateOops: 0, NonImmediateOops: No
[9,311s][debug  ][gc,nmethod     ] Register NMethod: io.sirix.index.path.summary.PathNode.getFirstChild (0x00007f77ef413f90) [0x00007f77ef414120, 0x00007f77ef414210] Compiler: c1, Barriers: 1, Oops: 1, ImmediateOops: 0, NonImmediateOops: No
[9,311s][debug  ][gc,nmethod     ] Register NMethod: io.sirix.axis.pathsummary.AbstractAxis.tryToComputeNext (0x00007f77d000c490) [0x00007f77d000c660, 0x00007f77d000ca80] Compiler: c1, Barriers: 13, Oops: 1, ImmediateOops: 4, NonImmediateOops: No
[9,312s][debug  ][gc,nmethod     ] Register NMethod: net.jpountz.lz4.LZ4BlockInputStream.tryReadFully (0x00007f77d000cb90) [0x00007f77d000cd60, 0x00007f77d000d1c8] Compiler: c1, Barriers: 1, Oops: 1, ImmediateOops: 0, NonImmediateOops: No
[9,312s][debug  ][gc,nmethod     ] Register NMethod: java.nio.ByteBuffer.wrap (0x00007f77d000d390) [0x00007f77d000d540, 0x00007f77d000d660] Compiler: c1, Barriers: 0, Oops: 0, ImmediateOops: 0, NonImmediateOops: No
[9,312s][debug  ][gc,nmethod     ] Register NMethod: java.nio.HeapByteBuffer.get (0x00007f77d000d710) [0x00007f77d000d8e0, 0x00007f77d000dc40] Compiler: c1, Barriers: 1, Oops: 0, ImmediateOops: 0, NonImmediateOops: No
[9,312s][debug  ][gc,nmethod     ] Register NMethod: java.lang.Thread.interrupted (0x00007f77d000de10) [0x00007f77d000dfc0, 0x00007f77d000e1a8] Compiler: c1, Barriers: 1, Oops: 0, ImmediateOops: 0, NonImmediateOops: No
[9,312s][debug  ][gc,nmethod     ] Register NMethod: java.nio.Buffer.nextGetIndex (0x00007f77d000e290) [0x00007f77d000e440, 0x00007f77d000e660] Compiler: c1, Barriers: 0, Oops: 0, ImmediateOops: 0, NonImmediateOops: No
[9,313s][debug  ][gc,nmethod     ] Register NMethod: io.sirix.service.json.shredder.JsonShredder.insertStringValue (0x00007f77d000e790) [0x00007f77d000ec00, 0x00007f77d0010e08] Compiler: c1, Barriers: 15, Oops: 1, ImmediateOops: 3, NonImmediateOops: No
[9,315s][debug  ][gc,nmethod     ] Register NMethod: net.openhft.chronicle.bytes.AbstractBytes.read (0x00007f77ef414290) [0x00007f77ef4144c0, 0x00007f77ef414aa0] Compiler: c2, Barriers: 2, Oops: 1, ImmediateOops: 0, NonImmediateOops: No
[9,316s][debug  ][gc,nmethod     ] Register NMethod: net.openhft.chronicle.bytes.AbstractBytes.clear (0x00007f77ef415110) [0x00007f77ef4152c0, 0x00007f77ef4154a8] Compiler: c2, Barriers: 2, Oops: 1, ImmediateOops: 0, NonImmediateOops: No
[9,316s][debug  ][gc,nmethod     ] Register NMethod: java.util.stream.Collectors$$Lambda/0x0000000080170580.accept (0x00007f77d0011890) [0x00007f77d0011a80, 0x00007f77d0012030] Compiler: c1, Barriers: 4, Oops: 0, ImmediateOops: 0, NonImmediateOops: No
[9,317s][debug  ][gc,director    ] Rule Major: Warmup 20%, Used: 2794MB, UsedThreshold: 3072MB
[9,317s][debug  ][gc,director    ] Select Minor GC Workers (Not Warm), GCWorkers: 5,000
[9,317s][debug  ][gc,director    ] Rule Minor: Allocation Rate (Dynamic GC Workers), MaxAllocRate: 344,0MB/s (+/-29,6%), Free: 12524MB, GCCPUTime: 2,329, GCDuration: 0,474s, TimeUntilOOM: 28,088s, TimeUntilGC: 27,614s, GCWorkers: 5
[9,317s][debug  ][gc,director    ] Select Minor GC Workers (Not Warm), GCWorkers: 5,000
[9,317s][debug  ][gc,director    ] Rule Minor: Allocation Rate (Dynamic GC Workers), MaxAllocRate: 1374,9MB/s (+/-29,6%), Free: 12524MB, GCCPUTime: 2,329, GCDuration: 0,474s, TimeUntilOOM: 7,027s, TimeUntilGC: 6,553s, GCWorkers: 5
[9,317s][debug  ][gc,director    ] Rule Minor: High Usage, Free: 12524MB(81,5%)
[9,318s][debug  ][gc,nmethod     ] Register NMethod: net.openhft.chronicle.bytes.AbstractBytes.readByte (0x00007f77ef415690) [0x00007f77ef415860, 0x00007f77ef415bc0] Compiler: c2, Barriers: 4, Oops: 2, ImmediateOops: 0, NonImmediateOops: No
[9,319s][debug  ][gc,nmethod     ] Register NMethod: io.sirix.page.KeyValueLeafPage.setDeweyId (0x00007f77ef415f10) [0x00007f77ef4160a0, 0x00007f77ef416248] Compiler: c2, Barriers: 4, Oops: 1, ImmediateOops: 0, NonImmediateOops: No
[9,319s][debug  ][gc,nmethod     ] Register NMethod: net.openhft.chronicle.bytes.AbstractBytes.readLong (0x00007f77ef416310) [0x00007f77ef4164e0, 0x00007f77ef4168a0] Compiler: c2, Barriers: 4, Oops: 2, ImmediateOops: 0, NonImmediateOops: No
[9,320s][debug  ][gc,nmethod     ] Register NMethod: io.sirix.page.KeyValueLeafPage.setSlot (0x00007f77ef416c90) [0x00007f77ef416e20, 0x00007f77ef417110] Compiler: c2, Barriers: 4, Oops: 1, ImmediateOops: 0, NonImmediateOops: No
[9,320s][debug  ][gc,nmethod     ] Register NMethod: io.sirix.index.path.summary.PathNode.getLocalNameKey (0x00007f77ef417210) [0x00007f77ef4173a0, 0x00007f77ef417468] Compiler: c2, Barriers: 1, Oops: 1, ImmediateOops: 0, NonImmediateOops: No
[9,320s][debug  ][gc,nmethod     ] Register NMethod: net.openhft.chronicle.bytes.internal.NativeBytesStore.readByte (0x00007f77ef417510) [0x00007f77ef4176a0, 0x00007f77ef4177a8] Compiler: c2, Barriers: 1, Oops: 1, ImmediateOops: 0, NonImmediateOops: No
[9,321s][debug  ][gc,nmethod     ] Register NMethod: java.lang.Byte.valueOf (0x00007f77ef417890) [0x00007f77ef417a20, 0x00007f77ef417b08] Compiler: c2, Barriers: 1, Oops: 1, ImmediateOops: 1, NonImmediateOops: No
[9,321s][debug  ][gc,nmethod     ] Register NMethod: io.sirix.page.PageReference.setPageFragments (0x00007f77ef417b90) [0x00007f77ef417d20, 0x00007f77ef417e28] Compiler: c2, Barriers: 3, Oops: 1, ImmediateOops: 0, NonImmediateOops: No
[9,321s][debug  ][gc,nmethod     ] Register NMethod: java.util.Arrays$ArrayList.get (0x00007f77ef417e90) [0x00007f77ef418020, 0x00007f77ef418158] Compiler: c2, Barriers: 2, Oops: 0, ImmediateOops: 0, NonImmediateOops: No
[9,321s][debug  ][gc,nmethod     ] Register NMethod: net.openhft.chronicle.bytes.VanillaBytes.read (0x00007f77ef418210) [0x00007f77ef4183c0, 0x00007f77ef418550] Compiler: c2, Barriers: 1, Oops: 1, ImmediateOops: 0, NonImmediateOops: No
[9,327s][debug  ][gc,director    ] Rule Major: Warmup 20%, Used: 2800MB, UsedThreshold: 3072MB
[9,327s][debug  ][gc,director    ] Select Minor GC Workers (Not Warm), GCWorkers: 5,000
[9,327s][debug  ][gc,director    ] Rule Minor: Allocation Rate (Dynamic GC Workers), MaxAllocRate: 344,0MB/s (+/-29,6%), Free: 12518MB, GCCPUTime: 2,329, GCDuration: 0,474s, TimeUntilOOM: 28,075s, TimeUntilGC: 27,600s, GCWorkers: 5
[9,327s][debug  ][gc,director    ] Select Minor GC Workers (Not Warm), GCWorkers: 5,000
[9,327s][debug  ][gc,director    ] Rule Minor: Allocation Rate (Dynamic GC Workers), MaxAllocRate: 1374,9MB/s (+/-29,6%), Free: 12518MB, GCCPUTime: 2,329, GCDuration: 0,474s, TimeUntilOOM: 7,023s, TimeUntilGC: 6,549s, GCWorkers: 5
[9,327s][debug  ][gc,director    ] Rule Minor: High Usage, Free: 12518MB(81,5%)
[9,330s][debug  ][gc,nmethod     ] Register NMethod: io.sirix.service.json.shredder.JsonShredder.insertStringValue (0x00007f77ef418710) [0x00007f77ef418a20, 0x00007f77ef4199a0] Compiler: c2, Barriers: 22, Oops: 3, ImmediateOops: 3, NonImmediateOops: No
[9,338s][debug  ][gc,director    ] Rule Major: Warmup 20%, Used: 2808MB, UsedThreshold: 3072MB
[9,338s][debug  ][gc,director    ] Select Minor GC Workers (Not Warm), GCWorkers: 5,000
[9,338s][debug  ][gc,director    ] Rule Minor: Allocation Rate (Dynamic GC Workers), MaxAllocRate: 344,0MB/s (+/-29,6%), Free: 12510MB, GCCPUTime: 2,329, GCDuration: 0,474s, TimeUntilOOM: 28,057s, TimeUntilGC: 27,582s, GCWorkers: 5
[9,338s][debug  ][gc,director    ] Select Minor GC Workers (Not Warm), GCWorkers: 5,000
[9,338s][debug  ][gc,director    ] Rule Minor: Allocation Rate (Dynamic GC Workers), MaxAllocRate: 1374,9MB/s (+/-29,6%), Free: 12510MB, GCCPUTime: 2,329, GCDuration: 0,474s, TimeUntilOOM: 7,019s, TimeUntilGC: 6,545s, GCWorkers: 5
[9,338s][debug  ][gc,director    ] Rule Minor: High Usage, Free: 12510MB(81,4%)
[9,340s][debug  ][gc,alloc       ] Mutator Allocation Rate: 500,7MB/s Predicted: 528,1MB/s, Avg: 348,7(+/-103,9)MB/s
[9,340s][debug  ][gc,director    ] Rule Major: Warmup 20%, Used: 2810MB, UsedThreshold: 3072MB
[9,340s][debug  ][gc,director    ] Select Minor GC Workers (Not Warm), GCWorkers: 5,000
[9,340s][debug  ][gc,director    ] Rule Minor: Allocation Rate (Dynamic GC Workers), MaxAllocRate: 348,7MB/s (+/-29,8%), Free: 12508MB, GCCPUTime: 2,329, GCDuration: 0,474s, TimeUntilOOM: 27,635s, TimeUntilGC: 27,161s, GCWorkers: 5
[9,340s][debug  ][gc,director    ] Select Minor GC Workers (Not Warm), GCWorkers: 5,000
[9,340s][debug  ][gc,director    ] Rule Minor: Allocation Rate (Dynamic GC Workers), MaxAllocRate: 1398,1MB/s (+/-29,8%), Free: 12508MB, GCCPUTime: 2,329, GCDuration: 0,474s, TimeUntilOOM: 6,893s, TimeUntilGC: 6,419s, GCWorkers: 5
[9,340s][debug  ][gc,director    ] Rule Minor: High Usage, Free: 12508MB(81,4%)
[9,345s][debug  ][gc,nmethod     ] Register NMethod: io.sirix.page.PageKind$1.serializePage (0x00007f77ef41a490) [0x00007f77ef41af00, 0x00007f77ef423398] Compiler: c2, Barriers: 150, Oops: 14, ImmediateOops: 38, NonImmediateOops: No
[9,350s][debug  ][gc,director    ] Rule Major: Warmup 20%, Used: 2816MB, UsedThreshold: 3072MB
[9,350s][debug  ][gc,director    ] Select Minor GC Workers (Not Warm), GCWorkers: 5,000
[9,350s][debug  ][gc,director    ] Rule Minor: Allocation Rate (Dynamic GC Workers), MaxAllocRate: 348,7MB/s (+/-29,8%), Free: 12502MB, GCCPUTime: 2,329, GCDuration: 0,474s, TimeUntilOOM: 27,622s, TimeUntilGC: 27,148s, GCWorkers: 5
[9,350s][debug  ][gc,director    ] Select Minor GC Workers (Not Warm), GCWorkers: 5,000
[9,350s][debug  ][gc,director    ] Rule Minor: Allocation Rate (Dynamic GC Workers), MaxAllocRate: 1398,1MB/s (+/-29,8%), Free: 12502MB, GCCPUTime: 2,329, GCDuration: 0,474s, TimeUntilOOM: 6,890s, TimeUntilGC: 6,415s, GCWorkers: 5
[9,350s][debug  ][gc,director    ] Rule Minor: High Usage, Free: 12502MB(81,4%)
[9,360s][debug  ][gc,director    ] Rule Major: Warmup 20%, Used: 2824MB, UsedThreshold: 3072MB
[9,360s][debug  ][gc,director    ] Select Minor GC Workers (Not Warm), GCWorkers: 5,000
[9,360s][debug  ][gc,director    ] Rule Minor: Allocation Rate (Dynamic GC Workers), MaxAllocRate: 348,7MB/s (+/-29,8%), Free: 12494MB, GCCPUTime: 2,329, GCDuration: 0,474s, TimeUntilOOM: 27,605s, TimeUntilGC: 27,130s, GCWorkers: 5
[9,360s][debug  ][gc,director    ] Select Minor GC Workers (Not Warm), GCWorkers: 5,000
[9,360s][debug  ][gc,director    ] Rule Minor: Allocation Rate (Dynamic GC Workers), MaxAllocRate: 1398,1MB/s (+/-29,8%), Free: 12494MB, GCCPUTime: 2,329, GCDuration: 0,474s, TimeUntilOOM: 6,885s, TimeUntilGC: 6,411s, GCWorkers: 5
[9,360s][debug  ][gc,director    ] Rule Minor: High Usage, Free: 12494MB(81,3%)
[9,370s][debug  ][gc,director    ] Rule Major: Warmup 20%, Used: 2830MB, UsedThreshold: 3072MB
[9,370s][debug  ][gc,director    ] Select Minor GC Workers (Not Warm), GCWorkers: 5,000
[9,370s][debug  ][gc,director    ] Rule Minor: Allocation Rate (Dynamic GC Workers), MaxAllocRate: 348,7MB/s (+/-29,8%), Free: 12488MB, GCCPUTime: 2,329, GCDuration: 0,474s, TimeUntilOOM: 27,591s, TimeUntilGC: 27,117s, GCWorkers: 5
[9,370s][debug  ][gc,director    ] Select Minor GC Workers (Not Warm), GCWorkers: 5,000
[9,370s][debug  ][gc,director    ] Rule Minor: Allocation Rate (Dynamic GC Workers), MaxAllocRate: 1398,1MB/s (+/-29,8%), Free: 12488MB, GCCPUTime: 2,329, GCDuration: 0,474s, TimeUntilOOM: 6,882s, TimeUntilGC: 6,408s, GCWorkers: 5
[9,370s][debug  ][gc,director    ] Rule Minor: High Usage, Free: 12488MB(81,3%)
[9,381s][debug  ][gc,director    ] Rule Major: Warmup 20%, Used: 2838MB, UsedThreshold: 3072MB
[9,381s][debug  ][gc,director    ] Select Minor GC Workers (Not Warm), GCWorkers: 5,000
[9,381s][debug  ][gc,director    ] Rule Minor: Allocation Rate (Dynamic GC Workers), MaxAllocRate: 348,7MB/s (+/-29,8%), Free: 12480MB, GCCPUTime: 2,329, GCDuration: 0,474s, TimeUntilOOM: 27,574s, TimeUntilGC: 27,099s, GCWorkers: 5
[9,381s][debug  ][gc,director    ] Select Minor GC Workers (Not Warm), GCWorkers: 5,000
[9,381s][debug  ][gc,director    ] Rule Minor: Allocation Rate (Dynamic GC Workers), MaxAllocRate: 1398,1MB/s (+/-29,8%), Free: 12480MB, GCCPUTime: 2,329, GCDuration: 0,474s, TimeUntilOOM: 6,877s, TimeUntilGC: 6,403s, GCWorkers: 5
[9,381s][debug  ][gc,director    ] Rule Minor: High Usage, Free: 12480MB(81,2%)
[9,391s][debug  ][gc,director    ] Rule Major: Warmup 20%, Used: 2844MB, UsedThreshold: 3072MB
[9,391s][debug  ][gc,director    ] Select Minor GC Workers (Not Warm), GCWorkers: 5,000
[9,391s][debug  ][gc,director    ] Rule Minor: Allocation Rate (Dynamic GC Workers), MaxAllocRate: 348,7MB/s (+/-29,8%), Free: 12474MB, GCCPUTime: 2,329, GCDuration: 0,474s, TimeUntilOOM: 27,560s, TimeUntilGC: 27,086s, GCWorkers: 5
[9,391s][debug  ][gc,director    ] Select Minor GC Workers (Not Warm), GCWorkers: 5,000
[9,391s][debug  ][gc,director    ] Rule Minor: Allocation Rate (Dynamic GC Workers), MaxAllocRate: 1398,1MB/s (+/-29,8%), Free: 12474MB, GCCPUTime: 2,329, GCDuration: 0,474s, TimeUntilOOM: 6,874s, TimeUntilGC: 6,400s, GCWorkers: 5
[9,391s][debug  ][gc,director    ] Rule Minor: High Usage, Free: 12474MB(81,2%)
[9,401s][debug  ][gc,director    ] Rule Major: Warmup 20%, Used: 2852MB, UsedThreshold: 3072MB
[9,401s][debug  ][gc,director    ] Select Minor GC Workers (Not Warm), GCWorkers: 5,000
[9,401s][debug  ][gc,director    ] Rule Minor: Allocation Rate (Dynamic GC Workers), MaxAllocRate: 348,7MB/s (+/-29,8%), Free: 12466MB, GCCPUTime: 2,329, GCDuration: 0,474s, TimeUntilOOM: 27,543s, TimeUntilGC: 27,068s, GCWorkers: 5
[9,401s][debug  ][gc,director    ] Select Minor GC Workers (Not Warm), GCWorkers: 5,000
[9,401s][debug  ][gc,director    ] Rule Minor: Allocation Rate (Dynamic GC Workers), MaxAllocRate: 1398,1MB/s (+/-29,8%), Free: 12466MB, GCCPUTime: 2,329, GCDuration: 0,474s, TimeUntilOOM: 6,870s, TimeUntilGC: 6,395s, GCWorkers: 5
[9,401s][debug  ][gc,director    ] Rule Minor: High Usage, Free: 12466MB(81,2%)
[9,411s][debug  ][gc,director    ] Rule Major: Warmup 20%, Used: 2858MB, UsedThreshold: 3072MB
[9,411s][debug  ][gc,director    ] Select Minor GC Workers (Not Warm), GCWorkers: 5,000
[9,411s][debug  ][gc,director    ] Rule Minor: Allocation Rate (Dynamic GC Workers), MaxAllocRate: 348,7MB/s (+/-29,8%), Free: 12460MB, GCCPUTime: 2,329, GCDuration: 0,474s, TimeUntilOOM: 27,529s, TimeUntilGC: 27,055s, GCWorkers: 5
[9,411s][debug  ][gc,director    ] Select Minor GC Workers (Not Warm), GCWorkers: 5,000
[9,412s][debug  ][gc,director    ] Rule Minor: Allocation Rate (Dynamic GC Workers), MaxAllocRate: 1398,1MB/s (+/-29,8%), Free: 12460MB, GCCPUTime: 2,329, GCDuration: 0,474s, TimeUntilOOM: 6,866s, TimeUntilGC: 6,392s, GCWorkers: 5
[9,412s][debug  ][gc,director    ] Rule Minor: High Usage, Free: 12460MB(81,1%)
[9,422s][debug  ][gc,director    ] Rule Major: Warmup 20%, Used: 2866MB, UsedThreshold: 3072MB
[9,422s][debug  ][gc,director    ] Select Minor GC Workers (Not Warm), GCWorkers: 5,000
[9,422s][debug  ][gc,director    ] Rule Minor: Allocation Rate (Dynamic GC Workers), MaxAllocRate: 348,7MB/s (+/-29,8%), Free: 12452MB, GCCPUTime: 2,329, GCDuration: 0,474s, TimeUntilOOM: 27,512s, TimeUntilGC: 27,037s, GCWorkers: 5
[9,422s][debug  ][gc,director    ] Select Minor GC Workers (Not Warm), GCWorkers: 5,000
[9,422s][debug  ][gc,director    ] Rule Minor: Allocation Rate (Dynamic GC Workers), MaxAllocRate: 1398,1MB/s (+/-29,8%), Free: 12452MB, GCCPUTime: 2,329, GCDuration: 0,474s, TimeUntilOOM: 6,862s, TimeUntilGC: 6,388s, GCWorkers: 5
[9,422s][debug  ][gc,director    ] Rule Minor: High Usage, Free: 12452MB(81,1%)
[9,432s][debug  ][gc,director    ] Rule Major: Warmup 20%, Used: 2872MB, UsedThreshold: 3072MB
[9,432s][debug  ][gc,director    ] Select Minor GC Workers (Not Warm), GCWorkers: 5,000
[9,432s][debug  ][gc,director    ] Rule Minor: Allocation Rate (Dynamic GC Workers), MaxAllocRate: 348,7MB/s (+/-29,8%), Free: 12446MB, GCCPUTime: 2,329, GCDuration: 0,474s, TimeUntilOOM: 27,498s, TimeUntilGC: 27,024s, GCWorkers: 5
[9,432s][debug  ][gc,director    ] Select Minor GC Workers (Not Warm), GCWorkers: 5,000
[9,432s][debug  ][gc,director    ] Rule Minor: Allocation Rate (Dynamic GC Workers), MaxAllocRate: 1398,1MB/s (+/-29,8%), Free: 12446MB, GCCPUTime: 2,329, GCDuration: 0,474s, TimeUntilOOM: 6,859s, TimeUntilGC: 6,384s, GCWorkers: 5
[9,432s][debug  ][gc,director    ] Rule Minor: High Usage, Free: 12446MB(81,0%)
[9,442s][debug  ][gc,director    ] Rule Major: Warmup 20%, Used: 2880MB, UsedThreshold: 3072MB
[9,442s][debug  ][gc,director    ] Select Minor GC Workers (Not Warm), GCWorkers: 5,000
[9,442s][debug  ][gc,director    ] Rule Minor: Allocation Rate (Dynamic GC Workers), MaxAllocRate: 348,7MB/s (+/-29,8%), Free: 12438MB, GCCPUTime: 2,329, GCDuration: 0,474s, TimeUntilOOM: 27,481s, TimeUntilGC: 27,007s, GCWorkers: 5
[9,442s][debug  ][gc,director    ] Select Minor GC Workers (Not Warm), GCWorkers: 5,000
[9,442s][debug  ][gc,director    ] Rule Minor: Allocation Rate (Dynamic GC Workers), MaxAllocRate: 1398,1MB/s (+/-29,8%), Free: 12438MB, GCCPUTime: 2,329, GCDuration: 0,474s, TimeUntilOOM: 6,854s, TimeUntilGC: 6,380s, GCWorkers: 5
[9,442s][debug  ][gc,director    ] Rule Minor: High Usage, Free: 12438MB(81,0%)
[9,453s][debug  ][gc,director    ] Rule Major: Warmup 20%, Used: 2888MB, UsedThreshold: 3072MB
[9,453s][debug  ][gc,director    ] Select Minor GC Workers (Not Warm), GCWorkers: 5,000
[9,453s][debug  ][gc,director    ] Rule Minor: Allocation Rate (Dynamic GC Workers), MaxAllocRate: 348,7MB/s (+/-29,8%), Free: 12430MB, GCCPUTime: 2,329, GCDuration: 0,474s, TimeUntilOOM: 27,463s, TimeUntilGC: 26,989s, GCWorkers: 5
[9,453s][debug  ][gc,director    ] Select Minor GC Workers (Not Warm), GCWorkers: 5,000
[9,453s][debug  ][gc,director    ] Rule Minor: Allocation Rate (Dynamic GC Workers), MaxAllocRate: 1398,1MB/s (+/-29,8%), Free: 12430MB, GCCPUTime: 2,329, GCDuration: 0,474s, TimeUntilOOM: 6,850s, TimeUntilGC: 6,376s, GCWorkers: 5
[9,453s][debug  ][gc,director    ] Rule Minor: High Usage, Free: 12430MB(80,9%)
[9,463s][debug  ][gc,director    ] Rule Major: Warmup 20%, Used: 2894MB, UsedThreshold: 3072MB
[9,463s][debug  ][gc,director    ] Select Minor GC Workers (Not Warm), GCWorkers: 5,000
[9,463s][debug  ][gc,director    ] Rule Minor: Allocation Rate (Dynamic GC Workers), MaxAllocRate: 348,7MB/s (+/-29,8%), Free: 12424MB, GCCPUTime: 2,329, GCDuration: 0,474s, TimeUntilOOM: 27,450s, TimeUntilGC: 26,976s, GCWorkers: 5
[9,463s][debug  ][gc,director    ] Select Minor GC Workers (Not Warm), GCWorkers: 5,000
[9,463s][debug  ][gc,director    ] Rule Minor: Allocation Rate (Dynamic GC Workers), MaxAllocRate: 1398,1MB/s (+/-29,8%), Free: 12424MB, GCCPUTime: 2,329, GCDuration: 0,474s, TimeUntilOOM: 6,847s, TimeUntilGC: 6,372s, GCWorkers: 5
[9,463s][debug  ][gc,director    ] Rule Minor: High Usage, Free: 12424MB(80,9%)
[9,473s][debug  ][gc,director    ] Rule Major: Warmup 20%, Used: 2902MB, UsedThreshold: 3072MB
[9,473s][debug  ][gc,director    ] Select Minor GC Workers (Not Warm), GCWorkers: 5,000
[9,473s][debug  ][gc,director    ] Rule Minor: Allocation Rate (Dynamic GC Workers), MaxAllocRate: 348,7MB/s (+/-29,8%), Free: 12416MB, GCCPUTime: 2,329, GCDuration: 0,474s, TimeUntilOOM: 27,432s, TimeUntilGC: 26,958s, GCWorkers: 5
[9,473s][debug  ][gc,director    ] Select Minor GC Workers (Not Warm), GCWorkers: 5,000
[9,473s][debug  ][gc,director    ] Rule Minor: Allocation Rate (Dynamic GC Workers), MaxAllocRate: 1398,1MB/s (+/-29,8%), Free: 12416MB, GCCPUTime: 2,329, GCDuration: 0,474s, TimeUntilOOM: 6,842s, TimeUntilGC: 6,368s, GCWorkers: 5
[9,473s][debug  ][gc,director    ] Rule Minor: High Usage, Free: 12416MB(80,8%)
[9,483s][debug  ][gc,director    ] Rule Major: Warmup 20%, Used: 2908MB, UsedThreshold: 3072MB
[9,483s][debug  ][gc,director    ] Select Minor GC Workers (Not Warm), GCWorkers: 5,000
[9,483s][debug  ][gc,director    ] Rule Minor: Allocation Rate (Dynamic GC Workers), MaxAllocRate: 348,7MB/s (+/-29,8%), Free: 12410MB, GCCPUTime: 2,329, GCDuration: 0,474s, TimeUntilOOM: 27,419s, TimeUntilGC: 26,945s, GCWorkers: 5
[9,483s][debug  ][gc,director    ] Select Minor GC Workers (Not Warm), GCWorkers: 5,000
[9,483s][debug  ][gc,director    ] Rule Minor: Allocation Rate (Dynamic GC Workers), MaxAllocRate: 1398,1MB/s (+/-29,8%), Free: 12410MB, GCCPUTime: 2,329, GCDuration: 0,474s, TimeUntilOOM: 6,839s, TimeUntilGC: 6,365s, GCWorkers: 5
[9,483s][debug  ][gc,director    ] Rule Minor: High Usage, Free: 12410MB(80,8%)
[9,494s][debug  ][gc,director    ] Rule Major: Warmup 20%, Used: 2916MB, UsedThreshold: 3072MB
[9,494s][debug  ][gc,director    ] Select Minor GC Workers (Not Warm), GCWorkers: 5,000
[9,494s][debug  ][gc,director    ] Rule Minor: Allocation Rate (Dynamic GC Workers), MaxAllocRate: 348,7MB/s (+/-29,8%), Free: 12402MB, GCCPUTime: 2,329, GCDuration: 0,474s, TimeUntilOOM: 27,401s, TimeUntilGC: 26,927s, GCWorkers: 5
[9,494s][debug  ][gc,director    ] Select Minor GC Workers (Not Warm), GCWorkers: 5,000
[9,494s][debug  ][gc,director    ] Rule Minor: Allocation Rate (Dynamic GC Workers), MaxAllocRate: 1398,1MB/s (+/-29,8%), Free: 12402MB, GCCPUTime: 2,329, GCDuration: 0,474s, TimeUntilOOM: 6,834s, TimeUntilGC: 6,360s, GCWorkers: 5
[9,494s][debug  ][gc,director    ] Rule Minor: High Usage, Free: 12402MB(80,7%)
[9,504s][debug  ][gc,director    ] Rule Major: Warmup 20%, Used: 2922MB, UsedThreshold: 3072MB
[9,504s][debug  ][gc,director    ] Select Minor GC Workers (Not Warm), GCWorkers: 5,000
[9,504s][debug  ][gc,director    ] Rule Minor: Allocation Rate (Dynamic GC Workers), MaxAllocRate: 348,7MB/s (+/-29,8%), Free: 12396MB, GCCPUTime: 2,329, GCDuration: 0,474s, TimeUntilOOM: 27,388s, TimeUntilGC: 26,914s, GCWorkers: 5
[9,504s][debug  ][gc,director    ] Select Minor GC Workers (Not Warm), GCWorkers: 5,000
[9,504s][debug  ][gc,director    ] Rule Minor: Allocation Rate (Dynamic GC Workers), MaxAllocRate: 1398,1MB/s (+/-29,8%), Free: 12396MB, GCCPUTime: 2,329, GCDuration: 0,474s, TimeUntilOOM: 6,831s, TimeUntilGC: 6,357s, GCWorkers: 5
[9,504s][debug  ][gc,director    ] Rule Minor: High Usage, Free: 12396MB(80,7%)
[9,513s][debug  ][gc,alloc       ] Mutator Allocation Rate: 504,8MB/s Predicted: 535,9MB/s, Avg: 353,3(+/-105,7)MB/s
[9,513s][debug  ][gc,director    ] Rule Major: Warmup 20%, Used: 2930MB, UsedThreshold: 3072MB
[9,513s][debug  ][gc,director    ] Select Minor GC Workers (Not Warm), GCWorkers: 5,000
[9,513s][debug  ][gc,director    ] Rule Minor: Allocation Rate (Dynamic GC Workers), MaxAllocRate: 353,3MB/s (+/-29,9%), Free: 12388MB, GCCPUTime: 2,329, GCDuration: 0,474s, TimeUntilOOM: 26,989s, TimeUntilGC: 26,515s, GCWorkers: 5
[9,513s][debug  ][gc,director    ] Select Minor GC Workers (Not Warm), GCWorkers: 5,000
[9,513s][debug  ][gc,director    ] Rule Minor: Allocation Rate (Dynamic GC Workers), MaxAllocRate: 1419,7MB/s (+/-29,9%), Free: 12388MB, GCCPUTime: 2,329, GCDuration: 0,474s, TimeUntilOOM: 6,717s, TimeUntilGC: 6,242s, GCWorkers: 5
[9,513s][debug  ][gc,director    ] Rule Minor: High Usage, Free: 12388MB(80,7%)
[9,523s][debug  ][gc,director    ] Rule Major: Warmup 20%, Used: 2936MB, UsedThreshold: 3072MB
[9,523s][debug  ][gc,director    ] Select Minor GC Workers (Not Warm), GCWorkers: 5,000
[9,523s][debug  ][gc,director    ] Rule Minor: Allocation Rate (Dynamic GC Workers), MaxAllocRate: 353,3MB/s (+/-29,9%), Free: 12382MB, GCCPUTime: 2,329, GCDuration: 0,474s, TimeUntilOOM: 26,976s, TimeUntilGC: 26,502s, GCWorkers: 5
[9,523s][debug  ][gc,director    ] Select Minor GC Workers (Not Warm), GCWorkers: 5,000
[9,523s][debug  ][gc,director    ] Rule Minor: Allocation Rate (Dynamic GC Workers), MaxAllocRate: 1419,7MB/s (+/-29,9%), Free: 12382MB, GCCPUTime: 2,329, GCDuration: 0,474s, TimeUntilOOM: 6,713s, TimeUntilGC: 6,239s, GCWorkers: 5
[9,523s][debug  ][gc,director    ] Rule Minor: High Usage, Free: 12382MB(80,6%)
[9,534s][debug  ][gc,director    ] Rule Major: Warmup 20%, Used: 2944MB, UsedThreshold: 3072MB
[9,534s][debug  ][gc,director    ] Select Minor GC Workers (Not Warm), GCWorkers: 5,000
[9,534s][debug  ][gc,director    ] Rule Minor: Allocation Rate (Dynamic GC Workers), MaxAllocRate: 353,3MB/s (+/-29,9%), Free: 12374MB, GCCPUTime: 2,329, GCDuration: 0,474s, TimeUntilOOM: 26,959s, TimeUntilGC: 26,484s, GCWorkers: 5
[9,534s][debug  ][gc,director    ] Select Minor GC Workers (Not Warm), GCWorkers: 5,000
[9,534s][debug  ][gc,director    ] Rule Minor: Allocation Rate (Dynamic GC Workers), MaxAllocRate: 1419,7MB/s (+/-29,9%), Free: 12374MB, GCCPUTime: 2,329, GCDuration: 0,474s, TimeUntilOOM: 6,709s, TimeUntilGC: 6,235s, GCWorkers: 5
[9,534s][debug  ][gc,director    ] Rule Minor: High Usage, Free: 12374MB(80,6%)
[9,544s][debug  ][gc,director    ] Rule Major: Warmup 20%, Used: 2950MB, UsedThreshold: 3072MB
[9,544s][debug  ][gc,director    ] Select Minor GC Workers (Not Warm), GCWorkers: 5,000
[9,544s][debug  ][gc,director    ] Rule Minor: Allocation Rate (Dynamic GC Workers), MaxAllocRate: 353,3MB/s (+/-29,9%), Free: 12368MB, GCCPUTime: 2,329, GCDuration: 0,474s, TimeUntilOOM: 26,946s, TimeUntilGC: 26,471s, GCWorkers: 5
[9,544s][debug  ][gc,director    ] Select Minor GC Workers (Not Warm), GCWorkers: 5,000
[9,544s][debug  ][gc,director    ] Rule Minor: Allocation Rate (Dynamic GC Workers), MaxAllocRate: 1419,7MB/s (+/-29,9%), Free: 12368MB, GCCPUTime: 2,329, GCDuration: 0,474s, TimeUntilOOM: 6,706s, TimeUntilGC: 6,232s, GCWorkers: 5
[9,544s][debug  ][gc,director    ] Rule Minor: High Usage, Free: 12368MB(80,5%)
[9,554s][debug  ][gc,director    ] Rule Major: Warmup 20%, Used: 2958MB, UsedThreshold: 3072MB
[9,554s][debug  ][gc,director    ] Select Minor GC Workers (Not Warm), GCWorkers: 5,000
[9,554s][debug  ][gc,director    ] Rule Minor: Allocation Rate (Dynamic GC Workers), MaxAllocRate: 353,3MB/s (+/-29,9%), Free: 12360MB, GCCPUTime: 2,329, GCDuration: 0,474s, TimeUntilOOM: 26,928s, TimeUntilGC: 26,454s, GCWorkers: 5
[9,554s][debug  ][gc,director    ] Select Minor GC Workers (Not Warm), GCWorkers: 5,000
[9,554s][debug  ][gc,director    ] Rule Minor: Allocation Rate (Dynamic GC Workers), MaxAllocRate: 1419,7MB/s (+/-29,9%), Free: 12360MB, GCCPUTime: 2,329, GCDuration: 0,474s, TimeUntilOOM: 6,702s, TimeUntilGC: 6,227s, GCWorkers: 5
[9,554s][debug  ][gc,director    ] Rule Minor: High Usage, Free: 12360MB(80,5%)
[9,564s][debug  ][gc,director    ] Rule Major: Warmup 20%, Used: 2964MB, UsedThreshold: 3072MB
[9,564s][debug  ][gc,director    ] Select Minor GC Workers (Not Warm), GCWorkers: 5,000
[9,564s][debug  ][gc,director    ] Rule Minor: Allocation Rate (Dynamic GC Workers), MaxAllocRate: 353,3MB/s (+/-29,9%), Free: 12354MB, GCCPUTime: 2,329, GCDuration: 0,474s, TimeUntilOOM: 26,915s, TimeUntilGC: 26,441s, GCWorkers: 5
[9,564s][debug  ][gc,director    ] Select Minor GC Workers (Not Warm), GCWorkers: 5,000
[9,564s][debug  ][gc,director    ] Rule Minor: Allocation Rate (Dynamic GC Workers), MaxAllocRate: 1419,7MB/s (+/-29,9%), Free: 12354MB, GCCPUTime: 2,329, GCDuration: 0,474s, TimeUntilOOM: 6,698s, TimeUntilGC: 6,224s, GCWorkers: 5
[9,564s][debug  ][gc,director    ] Rule Minor: High Usage, Free: 12354MB(80,4%)
[9,575s][debug  ][gc,director    ] Rule Major: Warmup 20%, Used: 2972MB, UsedThreshold: 3072MB
[9,575s][debug  ][gc,director    ] Select Minor GC Workers (Not Warm), GCWorkers: 5,000
[9,575s][debug  ][gc,director    ] Rule Minor: Allocation Rate (Dynamic GC Workers), MaxAllocRate: 353,3MB/s (+/-29,9%), Free: 12346MB, GCCPUTime: 2,329, GCDuration: 0,474s, TimeUntilOOM: 26,898s, TimeUntilGC: 26,423s, GCWorkers: 5
[9,575s][debug  ][gc,director    ] Select Minor GC Workers (Not Warm), GCWorkers: 5,000
[9,575s][debug  ][gc,director    ] Rule Minor: Allocation Rate (Dynamic GC Workers), MaxAllocRate: 1419,7MB/s (+/-29,9%), Free: 12346MB, GCCPUTime: 2,329, GCDuration: 0,474s, TimeUntilOOM: 6,694s, TimeUntilGC: 6,220s, GCWorkers: 5
[9,575s][debug  ][gc,director    ] Rule Minor: High Usage, Free: 12346MB(80,4%)
[9,585s][debug  ][gc,director    ] Rule Major: Warmup 20%, Used: 2978MB, UsedThreshold: 3072MB
[9,585s][debug  ][gc,director    ] Select Minor GC Workers (Not Warm), GCWorkers: 5,000
[9,585s][debug  ][gc,director    ] Rule Minor: Allocation Rate (Dynamic GC Workers), MaxAllocRate: 353,3MB/s (+/-29,9%), Free: 12340MB, GCCPUTime: 2,329, GCDuration: 0,474s, TimeUntilOOM: 26,885s, TimeUntilGC: 26,410s, GCWorkers: 5
[9,585s][debug  ][gc,director    ] Select Minor GC Workers (Not Warm), GCWorkers: 5,000
[9,585s][debug  ][gc,director    ] Rule Minor: Allocation Rate (Dynamic GC Workers), MaxAllocRate: 1419,7MB/s (+/-29,9%), Free: 12340MB, GCCPUTime: 2,329, GCDuration: 0,474s, TimeUntilOOM: 6,691s, TimeUntilGC: 6,216s, GCWorkers: 5
[9,585s][debug  ][gc,director    ] Rule Minor: High Usage, Free: 12340MB(80,3%)
[9,595s][debug  ][gc,director    ] Rule Major: Warmup 20%, Used: 2986MB, UsedThreshold: 3072MB
[9,595s][debug  ][gc,director    ] Select Minor GC Workers (Not Warm), GCWorkers: 5,000
[9,595s][debug  ][gc,director    ] Rule Minor: Allocation Rate (Dynamic GC Workers), MaxAllocRate: 353,3MB/s (+/-29,9%), Free: 12332MB, GCCPUTime: 2,329, GCDuration: 0,474s, TimeUntilOOM: 26,867s, TimeUntilGC: 26,393s, GCWorkers: 5
[9,595s][debug  ][gc,director    ] Select Minor GC Workers (Not Warm), GCWorkers: 5,000
[9,595s][debug  ][gc,director    ] Rule Minor: Allocation Rate (Dynamic GC Workers), MaxAllocRate: 1419,7MB/s (+/-29,9%), Free: 12332MB, GCCPUTime: 2,329, GCDuration: 0,474s, TimeUntilOOM: 6,686s, TimeUntilGC: 6,212s, GCWorkers: 5
[9,595s][debug  ][gc,director    ] Rule Minor: High Usage, Free: 12332MB(80,3%)
[9,605s][debug  ][gc,director    ] Rule Major: Warmup 20%, Used: 2994MB, UsedThreshold: 3072MB
[9,606s][debug  ][gc,director    ] Select Minor GC Workers (Not Warm), GCWorkers: 5,000
[9,606s][debug  ][gc,director    ] Rule Minor: Allocation Rate (Dynamic GC Workers), MaxAllocRate: 353,3MB/s (+/-29,9%), Free: 12324MB, GCCPUTime: 2,329, GCDuration: 0,474s, TimeUntilOOM: 26,850s, TimeUntilGC: 26,375s, GCWorkers: 5
[9,606s][debug  ][gc,director    ] Select Minor GC Workers (Not Warm), GCWorkers: 5,000
[9,606s][debug  ][gc,director    ] Rule Minor: Allocation Rate (Dynamic GC Workers), MaxAllocRate: 1419,7MB/s (+/-29,9%), Free: 12324MB, GCCPUTime: 2,329, GCDuration: 0,474s, TimeUntilOOM: 6,682s, TimeUntilGC: 6,208s, GCWorkers: 5
[9,606s][debug  ][gc,director    ] Rule Minor: High Usage, Free: 12324MB(80,2%)
[9,616s][debug  ][gc,director    ] Rule Major: Warmup 20%, Used: 3000MB, UsedThreshold: 3072MB
[9,616s][debug  ][gc,director    ] Select Minor GC Workers (Not Warm), GCWorkers: 5,000
[9,616s][debug  ][gc,director    ] Rule Minor: Allocation Rate (Dynamic GC Workers), MaxAllocRate: 353,3MB/s (+/-29,9%), Free: 12318MB, GCCPUTime: 2,329, GCDuration: 0,474s, TimeUntilOOM: 26,837s, TimeUntilGC: 26,362s, GCWorkers: 5
[9,616s][debug  ][gc,director    ] Select Minor GC Workers (Not Warm), GCWorkers: 5,000
[9,616s][debug  ][gc,director    ] Rule Minor: Allocation Rate (Dynamic GC Workers), MaxAllocRate: 1419,7MB/s (+/-29,9%), Free: 12318MB, GCCPUTime: 2,329, GCDuration: 0,474s, TimeUntilOOM: 6,679s, TimeUntilGC: 6,204s, GCWorkers: 5
[9,616s][debug  ][gc,director    ] Rule Minor: High Usage, Free: 12318MB(80,2%)
[9,626s][debug  ][gc,director    ] Rule Major: Warmup 20%, Used: 3008MB, UsedThreshold: 3072MB
[9,626s][debug  ][gc,director    ] Select Minor GC Workers (Not Warm), GCWorkers: 5,000
[9,626s][debug  ][gc,director    ] Rule Minor: Allocation Rate (Dynamic GC Workers), MaxAllocRate: 353,3MB/s (+/-29,9%), Free: 12310MB, GCCPUTime: 2,329, GCDuration: 0,474s, TimeUntilOOM: 26,819s, TimeUntilGC: 26,345s, GCWorkers: 5
[9,626s][debug  ][gc,director    ] Select Minor GC Workers (Not Warm), GCWorkers: 5,000
[9,626s][debug  ][gc,director    ] Rule Minor: Allocation Rate (Dynamic GC Workers), MaxAllocRate: 1419,7MB/s (+/-29,9%), Free: 12310MB, GCCPUTime: 2,329, GCDuration: 0,474s, TimeUntilOOM: 6,674s, TimeUntilGC: 6,200s, GCWorkers: 5
[9,626s][debug  ][gc,director    ] Rule Minor: High Usage, Free: 12310MB(80,1%)
[9,636s][debug  ][gc,director    ] Rule Major: Warmup 20%, Used: 3014MB, UsedThreshold: 3072MB
[9,636s][debug  ][gc,director    ] Select Minor GC Workers (Not Warm), GCWorkers: 5,000
[9,636s][debug  ][gc,director    ] Rule Minor: Allocation Rate (Dynamic GC Workers), MaxAllocRate: 353,3MB/s (+/-29,9%), Free: 12304MB, GCCPUTime: 2,329, GCDuration: 0,474s, TimeUntilOOM: 26,806s, TimeUntilGC: 26,332s, GCWorkers: 5
[9,636s][debug  ][gc,director    ] Select Minor GC Workers (Not Warm), GCWorkers: 5,000
[9,636s][debug  ][gc,director    ] Rule Minor: Allocation Rate (Dynamic GC Workers), MaxAllocRate: 1419,7MB/s (+/-29,9%), Free: 12304MB, GCCPUTime: 2,329, GCDuration: 0,474s, TimeUntilOOM: 6,671s, TimeUntilGC: 6,197s, GCWorkers: 5
[9,636s][debug  ][gc,director    ] Rule Minor: High Usage, Free: 12304MB(80,1%)
[9,647s][debug  ][gc,director    ] Rule Major: Warmup 20%, Used: 3022MB, UsedThreshold: 3072MB
[9,647s][debug  ][gc,director    ] Select Minor GC Workers (Not Warm), GCWorkers: 5,000
[9,647s][debug  ][gc,director    ] Rule Minor: Allocation Rate (Dynamic GC Workers), MaxAllocRate: 353,3MB/s (+/-29,9%), Free: 12296MB, GCCPUTime: 2,329, GCDuration: 0,474s, TimeUntilOOM: 26,789s, TimeUntilGC: 26,314s, GCWorkers: 5
[9,647s][debug  ][gc,director    ] Select Minor GC Workers (Not Warm), GCWorkers: 5,000
[9,647s][debug  ][gc,director    ] Rule Minor: Allocation Rate (Dynamic GC Workers), MaxAllocRate: 1419,7MB/s (+/-29,9%), Free: 12296MB, GCCPUTime: 2,329, GCDuration: 0,474s, TimeUntilOOM: 6,667s, TimeUntilGC: 6,193s, GCWorkers: 5
[9,647s][debug  ][gc,director    ] Rule Minor: High Usage, Free: 12296MB(80,1%)
[9,657s][debug  ][gc,director    ] Rule Major: Warmup 20%, Used: 3028MB, UsedThreshold: 3072MB
[9,657s][debug  ][gc,director    ] Select Minor GC Workers (Not Warm), GCWorkers: 5,000
[9,657s][debug  ][gc,director    ] Rule Minor: Allocation Rate (Dynamic GC Workers), MaxAllocRate: 353,3MB/s (+/-29,9%), Free: 12290MB, GCCPUTime: 2,329, GCDuration: 0,474s, TimeUntilOOM: 26,776s, TimeUntilGC: 26,301s, GCWorkers: 5
[9,657s][debug  ][gc,director    ] Select Minor GC Workers (Not Warm), GCWorkers: 5,000
[9,657s][debug  ][gc,director    ] Rule Minor: Allocation Rate (Dynamic GC Workers), MaxAllocRate: 1419,7MB/s (+/-29,9%), Free: 12290MB, GCCPUTime: 2,329, GCDuration: 0,474s, TimeUntilOOM: 6,664s, TimeUntilGC: 6,189s, GCWorkers: 5
[9,657s][debug  ][gc,director    ] Rule Minor: High Usage, Free: 12290MB(80,0%)
[9,667s][debug  ][gc,director    ] Rule Major: Warmup 20%, Used: 3036MB, UsedThreshold: 3072MB
[9,667s][debug  ][gc,director    ] Select Minor GC Workers (Not Warm), GCWorkers: 5,000
[9,667s][debug  ][gc,director    ] Rule Minor: Allocation Rate (Dynamic GC Workers), MaxAllocRate: 353,3MB/s (+/-29,9%), Free: 12282MB, GCCPUTime: 2,329, GCDuration: 0,474s, TimeUntilOOM: 26,758s, TimeUntilGC: 26,284s, GCWorkers: 5
[9,667s][debug  ][gc,director    ] Select Minor GC Workers (Not Warm), GCWorkers: 5,000
[9,667s][debug  ][gc,director    ] Rule Minor: Allocation Rate (Dynamic GC Workers), MaxAllocRate: 1419,7MB/s (+/-29,9%), Free: 12282MB, GCCPUTime: 2,329, GCDuration: 0,474s, TimeUntilOOM: 6,659s, TimeUntilGC: 6,185s, GCWorkers: 5
[9,667s][debug  ][gc,director    ] Rule Minor: High Usage, Free: 12282MB(80,0%)
[9,677s][debug  ][gc,director    ] Rule Major: Warmup 20%, Used: 3042MB, UsedThreshold: 3072MB
[9,677s][debug  ][gc,director    ] Select Minor GC Workers (Not Warm), GCWorkers: 5,000
[9,677s][debug  ][gc,director    ] Rule Minor: Allocation Rate (Dynamic GC Workers), MaxAllocRate: 353,3MB/s (+/-29,9%), Free: 12276MB, GCCPUTime: 2,329, GCDuration: 0,474s, TimeUntilOOM: 26,745s, TimeUntilGC: 26,271s, GCWorkers: 5
[9,677s][debug  ][gc,director    ] Select Minor GC Workers (Not Warm), GCWorkers: 5,000
[9,677s][debug  ][gc,director    ] Rule Minor: Allocation Rate (Dynamic GC Workers), MaxAllocRate: 1419,7MB/s (+/-29,9%), Free: 12276MB, GCCPUTime: 2,329, GCDuration: 0,474s, TimeUntilOOM: 6,656s, TimeUntilGC: 6,182s, GCWorkers: 5
[9,677s][debug  ][gc,director    ] Rule Minor: High Usage, Free: 12276MB(79,9%)
[9,686s][debug  ][gc,alloc       ] Mutator Allocation Rate: 508,7MB/s Predicted: 543,3MB/s, Avg: 357,7(+/-107,3)MB/s
[9,686s][debug  ][gc,director    ] Rule Major: Warmup 20%, Used: 3050MB, UsedThreshold: 3072MB
[9,686s][debug  ][gc,director    ] Select Minor GC Workers (Not Warm), GCWorkers: 5,000
[9,686s][debug  ][gc,director    ] Rule Minor: Allocation Rate (Dynamic GC Workers), MaxAllocRate: 357,7MB/s (+/-30,0%), Free: 12268MB, GCCPUTime: 2,329, GCDuration: 0,474s, TimeUntilOOM: 26,378s, TimeUntilGC: 25,904s, GCWorkers: 5
[9,686s][debug  ][gc,director    ] Select Minor GC Workers (Not Warm), GCWorkers: 5,000
[9,686s][debug  ][gc,director    ] Rule Minor: Allocation Rate (Dynamic GC Workers), MaxAllocRate: 1439,7MB/s (+/-30,0%), Free: 12268MB, GCCPUTime: 2,329, GCDuration: 0,474s, TimeUntilOOM: 6,554s, TimeUntilGC: 6,080s, GCWorkers: 5
[9,686s][debug  ][gc,director    ] Rule Minor: High Usage, Free: 12268MB(79,9%)
[9,697s][debug  ][gc,director    ] Rule Major: Warmup 20%, Used: 3056MB, UsedThreshold: 3072MB
[9,697s][debug  ][gc,director    ] Select Minor GC Workers (Not Warm), GCWorkers: 5,000
[9,697s][debug  ][gc,director    ] Rule Minor: Allocation Rate (Dynamic GC Workers), MaxAllocRate: 357,7MB/s (+/-30,0%), Free: 12262MB, GCCPUTime: 2,329, GCDuration: 0,474s, TimeUntilOOM: 26,365s, TimeUntilGC: 25,891s, GCWorkers: 5
[9,697s][debug  ][gc,director    ] Select Minor GC Workers (Not Warm), GCWorkers: 5,000
[9,697s][debug  ][gc,director    ] Rule Minor: Allocation Rate (Dynamic GC Workers), MaxAllocRate: 1439,7MB/s (+/-30,0%), Free: 12262MB, GCCPUTime: 2,329, GCDuration: 0,474s, TimeUntilOOM: 6,551s, TimeUntilGC: 6,077s, GCWorkers: 5
[9,697s][debug  ][gc,director    ] Rule Minor: High Usage, Free: 12262MB(79,8%)
[9,707s][debug  ][gc,director    ] Rule Major: Warmup 20%, Used: 3064MB, UsedThreshold: 3072MB
[9,707s][debug  ][gc,director    ] Select Minor GC Workers (Not Warm), GCWorkers: 5,000
[9,707s][debug  ][gc,director    ] Rule Minor: Allocation Rate (Dynamic GC Workers), MaxAllocRate: 357,7MB/s (+/-30,0%), Free: 12254MB, GCCPUTime: 2,329, GCDuration: 0,474s, TimeUntilOOM: 26,348s, TimeUntilGC: 25,873s, GCWorkers: 5
[9,707s][debug  ][gc,director    ] Select Minor GC Workers (Not Warm), GCWorkers: 5,000
[9,707s][debug  ][gc,director    ] Rule Minor: Allocation Rate (Dynamic GC Workers), MaxAllocRate: 1439,7MB/s (+/-30,0%), Free: 12254MB, GCCPUTime: 2,329, GCDuration: 0,474s, TimeUntilOOM: 6,547s, TimeUntilGC: 6,073s, GCWorkers: 5
[9,707s][debug  ][gc,director    ] Rule Minor: High Usage, Free: 12254MB(79,8%)
[9,717s][debug  ][gc,director    ] Rule Major: Warmup 20%, Used: 3070MB, UsedThreshold: 3072MB
[9,717s][debug  ][gc,director    ] Select Minor GC Workers (Not Warm), GCWorkers: 5,000
[9,717s][debug  ][gc,director    ] Rule Minor: Allocation Rate (Dynamic GC Workers), MaxAllocRate: 357,7MB/s (+/-30,0%), Free: 12248MB, GCCPUTime: 2,329, GCDuration: 0,474s, TimeUntilOOM: 26,335s, TimeUntilGC: 25,861s, GCWorkers: 5
[9,717s][debug  ][gc,director    ] Select Minor GC Workers (Not Warm), GCWorkers: 5,000
[9,717s][debug  ][gc,director    ] Rule Minor: Allocation Rate (Dynamic GC Workers), MaxAllocRate: 1439,7MB/s (+/-30,0%), Free: 12248MB, GCCPUTime: 2,329, GCDuration: 0,474s, TimeUntilOOM: 6,544s, TimeUntilGC: 6,069s, GCWorkers: 5
[9,717s][debug  ][gc,director    ] Rule Minor: High Usage, Free: 12248MB(79,7%)
[9,727s][debug  ][gc,director    ] Rule Major: Warmup 20%, Used: 3078MB, UsedThreshold: 3072MB
[9,727s][debug  ][gc,director    ] Select Minor GC Workers (Not Warm), GCWorkers: 5,000
[9,727s][debug  ][gc,director    ] Rule Minor: Allocation Rate (Dynamic GC Workers), MaxAllocRate: 357,7MB/s (+/-30,0%), Free: 12240MB, GCCPUTime: 2,329, GCDuration: 0,474s, TimeUntilOOM: 26,318s, TimeUntilGC: 25,843s, GCWorkers: 5
[9,727s][debug  ][gc,director    ] Select Minor GC Workers (Not Warm), GCWorkers: 5,000
[9,728s][debug  ][gc,director    ] Rule Minor: Allocation Rate (Dynamic GC Workers), MaxAllocRate: 1439,7MB/s (+/-30,0%), Free: 12240MB, GCCPUTime: 2,329, GCDuration: 0,474s, TimeUntilOOM: 6,539s, TimeUntilGC: 6,065s, GCWorkers: 5
[9,728s][info   ][gc             ] GC(2) Major Collection (Warmup)
[9,728s][info   ][gc,task        ] GC(2) Using 5 Workers for Young Generation
[9,728s][info   ][gc,task        ] GC(2) Using 1 Workers for Old Generation
[9,728s][debug  ][gc,heap        ] GC(2) Y: Heap before GC invocations=2 (full 2):
[9,728s][debug  ][gc,heap        ] GC(2) Y:  ZHeap           used 3078M, capacity 5120M, max capacity 15360M
[9,728s][debug  ][gc,heap        ] GC(2) Y:  Metaspace       used 29294K, committed 29696K, reserved 1114112K
[9,728s][debug  ][gc,heap        ] GC(2) Y:   class space    used 3285K, committed 3456K, reserved 1048576K
[9,728s][info   ][gc,phases      ] GC(2) Y: Young Generation
[9,728s][debug  ][gc,reloc       ] Synchronize all workers 1 _nworkers: 0 _nsynchronized: 0
[9,728s][debug  ][gc,reloc       ] Synchronize all workers 1 _nworkers: 0 _nsynchronized: 0
[9,728s][debug  ][gc,phases,start] GC(2) Y: Pause Mark Start (Major)
[9,728s][debug  ][gc,marking     ] GC(2) Y: Using 4 mark stripes
[9,728s][debug  ][gc,marking     ] GC(2) Y: Mark Worker/Stripe Distribution
[9,728s][debug  ][gc,marking     ] GC(2) Y:   Worker 0(5) -> Stripe 0(4)
[9,728s][debug  ][gc,marking     ] GC(2) Y:   Worker 1(5) -> Stripe 1(4)
[9,728s][debug  ][gc,marking     ] GC(2) Y:   Worker 2(5) -> Stripe 2(4)
[9,728s][debug  ][gc,marking     ] GC(2) Y:   Worker 3(5) -> Stripe 3(4)
[9,728s][debug  ][gc,marking     ] GC(2) Y:   Worker 4(5) -> Stripe 0(4)
[9,728s][debug  ][gc,marking     ] GC(2) Y: Using 1 mark stripes
[9,728s][debug  ][gc,marking     ] GC(2) Y: Mark Worker/Stripe Distribution
[9,728s][debug  ][gc,marking     ] GC(2) Y:   Worker 0(1) -> Stripe 0(1)
[9,728s][info   ][gc,phases      ] GC(2) Y: Pause Mark Start (Major) 0,115ms
[9,728s][debug  ][gc,reloc       ] Desynchronize all workers _nworkers: 0 _nsynchronized: 0
[9,728s][debug  ][gc,reloc       ] Desynchronize all workers _nworkers: 0 _nsynchronized: 0
[9,728s][debug  ][gc,marking     ] Resurrection broke termination
[9,728s][debug  ][gc,phases,start] GC(2) Y: Concurrent Mark
[9,728s][debug  ][gc,phases,start] GC(2) Y: Concurrent Mark Roots
[9,728s][debug  ][gc,task        ] GC(2) Y: Executing ZMarkYoungRootsTask using ZWorkerYoung with 5 workers
[9,732s][debug  ][gc,tlab        ] GC(2) Y: TLAB totals: thrds: 28  refills: 10206 max: 6165 slow allocs: 864 max 86 waste:  0,8% gc: 2400904B max: 262056B slow: 18683912B max: 7076880B
[9,732s][debug  ][gc,phases      ] GC(2) Y: Concurrent Mark Roots 3,679ms
[9,732s][debug  ][gc,phases,start] GC(2) Y: Concurrent Mark Follow
[9,732s][debug  ][gc,marking     ] GC(2) Y: Using 4 mark stripes
[9,732s][debug  ][gc,task        ] GC(2) Y: Executing ZRememberedScanMarkFollowTask using ZWorkerYoung with 5 workers
[9,738s][debug  ][gc,director    ] Select Minor GC Workers (Not Warm), GCWorkers: 5,000
[9,738s][debug  ][gc,director    ] Rule Minor: Allocation Rate (Dynamic GC Workers), MaxAllocRate: 357,7MB/s (+/-30,0%), Free: 12234MB, GCCPUTime: 2,329, GCDuration: 0,474s, TimeUntilOOM: 26,305s, TimeUntilGC: 25,830s, GCWorkers: 5
[9,748s][debug  ][gc,director    ] Select Minor GC Workers (Not Warm), GCWorkers: 5,000
[9,748s][debug  ][gc,director    ] Rule Minor: Allocation Rate (Dynamic GC Workers), MaxAllocRate: 357,7MB/s (+/-30,0%), Free: 12228MB, GCCPUTime: 2,329, GCDuration: 0,474s, TimeUntilOOM: 26,292s, TimeUntilGC: 25,818s, GCWorkers: 5
[9,758s][debug  ][gc,director    ] Select Minor GC Workers (Not Warm), GCWorkers: 5,000
[9,758s][debug  ][gc,director    ] Rule Minor: Allocation Rate (Dynamic GC Workers), MaxAllocRate: 357,7MB/s (+/-30,0%), Free: 12222MB, GCCPUTime: 2,329, GCDuration: 0,474s, TimeUntilOOM: 26,279s, TimeUntilGC: 25,805s, GCWorkers: 5
[9,768s][debug  ][gc,director    ] Select Minor GC Workers (Not Warm), GCWorkers: 5,000
[9,768s][debug  ][gc,director    ] Rule Minor: Allocation Rate (Dynamic GC Workers), MaxAllocRate: 357,7MB/s (+/-30,0%), Free: 12216MB, GCCPUTime: 2,329, GCDuration: 0,474s, TimeUntilOOM: 26,266s, TimeUntilGC: 25,792s, GCWorkers: 5
[9,778s][debug  ][gc,director    ] Select Minor GC Workers (Not Warm), GCWorkers: 5,000
[9,778s][debug  ][gc,director    ] Rule Minor: Allocation Rate (Dynamic GC Workers), MaxAllocRate: 357,7MB/s (+/-30,0%), Free: 12210MB, GCCPUTime: 2,329, GCDuration: 0,474s, TimeUntilOOM: 26,253s, TimeUntilGC: 25,779s, GCWorkers: 5
[9,780s][debug  ][gc,nmethod     ] Register NMethod: java.util.LinkedHashMap.afterNodeInsertion (0x00007f77ef428710) [0x00007f77ef4288a0, 0x00007f77ef4289d0] Compiler: c2, Barriers: 1, Oops: 1, ImmediateOops: 0, NonImmediateOops: No
[9,789s][debug  ][gc,director    ] Select Minor GC Workers (Not Warm), GCWorkers: 5,000
[9,789s][debug  ][gc,director    ] Rule Minor: Allocation Rate (Dynamic GC Workers), MaxAllocRate: 357,7MB/s (+/-30,0%), Free: 12204MB, GCCPUTime: 2,329, GCDuration: 0,474s, TimeUntilOOM: 26,240s, TimeUntilGC: 25,766s, GCWorkers: 5
[9,789s][debug  ][gc,marking     ] GC(2) Y: Using 4 mark stripes
[9,789s][debug  ][gc,marking     ] GC(2) Y: Using 2 mark stripes
[9,789s][debug  ][gc,marking     ] GC(2) Y: Using 2 mark stripes
[9,789s][debug  ][gc,marking     ] GC(2) Y: Using 1 mark stripes
[9,790s][debug  ][gc,remset      ] GC(2) Y: Remset forwarding retained: 0,000ms count: 0 ZWorkerYoung#2
[9,790s][debug  ][gc,remset      ] GC(2) Y: Remset forwarding released: 0,000ms count: 0 ZWorkerYoung#2
[9,790s][debug  ][gc,remset      ] GC(2) Y: Remset forwarding retained: 0,000ms count: 0 ZWorkerYoung#3
[9,790s][debug  ][gc,remset      ] GC(2) Y: Remset forwarding released: 0,000ms count: 0 ZWorkerYoung#3
[9,790s][debug  ][gc,remset      ] GC(2) Y: Remset forwarding retained: 0,000ms count: 0 ZWorkerYoung#4
[9,790s][debug  ][gc,remset      ] GC(2) Y: Remset forwarding retained: 0,000ms count: 0 ZWorkerYoung#1
[9,790s][debug  ][gc,remset      ] GC(2) Y: Remset forwarding released: 0,000ms count: 0 ZWorkerYoung#1
[9,790s][debug  ][gc,remset      ] GC(2) Y: Remset forwarding released: 0,000ms count: 0 ZWorkerYoung#4
[9,790s][debug  ][gc,remset      ] GC(2) Y: Remset forwarding retained: 0,000ms count: 0 ZWorkerYoung#0
[9,790s][debug  ][gc,remset      ] GC(2) Y: Remset forwarding released: 0,000ms count: 0 ZWorkerYoung#0
[9,791s][debug  ][gc,marking     ] GC(2) Y: Try terminate after resurrection
[9,791s][debug  ][gc,phases      ] GC(2) Y: Concurrent Mark Follow 58,642ms
[9,791s][info   ][gc,phases      ] GC(2) Y: Concurrent Mark 62,378ms
[9,791s][debug  ][gc,reloc       ] Synchronize all workers 1 _nworkers: 0 _nsynchronized: 0
[9,791s][debug  ][gc,reloc       ] Synchronize all workers 1 _nworkers: 0 _nsynchronized: 0
[9,791s][debug  ][gc,phases,start] GC(2) Y: Pause Mark End
[9,791s][info   ][gc,phases      ] GC(2) Y: Pause Mark End 0,033ms
[9,791s][debug  ][gc,reloc       ] Desynchronize all workers _nworkers: 0 _nsynchronized: 0
[9,791s][debug  ][gc,reloc       ] Desynchronize all workers _nworkers: 0 _nsynchronized: 0
[9,791s][debug  ][gc,phases,start] GC(2) Y: Concurrent Mark Free
[9,791s][info   ][gc,phases      ] GC(2) Y: Concurrent Mark Free 0,012ms
[9,791s][debug  ][gc,phases,start] GC(2) Y: Concurrent Reset Relocation Set
[9,791s][info   ][gc,phases      ] GC(2) Y: Concurrent Reset Relocation Set 0,044ms
[9,791s][debug  ][gc,phases,start] GC(2) Y: Concurrent Select Relocation Set
[9,792s][debug  ][gc,reloc       ] GC(2) Y: Relocation Set (Medium Pages): 0->0, 1 skipped, 0 forwarding entries
[9,792s][debug  ][gc,reloc       ] GC(2) Y: Relocation Set (Small Pages): 586->3, 142 skipped, 226392 forwarding entries
[9,792s][debug  ][gc,reloc       ] GC(2) Y: Allocated To Garbage: 0,0
[9,792s][debug  ][gc,reloc       ] GC(2) Y: Young Log Residency: 6,1
[9,792s][debug  ][gc,reloc       ] GC(2) Y: Life Decay Factor: 0,2
[9,792s][info   ][gc,reloc       ] GC(2) Y: Using tenuring threshold: 1 (Computed)
[9,799s][debug  ][gc,director    ] Select Minor GC Workers (Not Warm), GCWorkers: 5,000
[9,799s][debug  ][gc,director    ] Rule Minor: Allocation Rate (Dynamic GC Workers), MaxAllocRate: 357,7MB/s (+/-30,0%), Free: 13778MB, GCCPUTime: 2,329, GCDuration: 0,474s, TimeUntilOOM: 29,625s, TimeUntilGC: 29,150s, GCWorkers: 5
[9,799s][debug  ][gc,task        ] GC(2) Y: Executing ZRelocationSetInstallTask using ZWorkerYoung with 5 workers
[9,800s][debug  ][gc,task        ] GC(2) Y: Executing ZPromotePagesTask using ZWorkerYoung with 5 workers
[9,802s][debug  ][gc,task        ] GC(2) Y: Executing ZPromotePagesTask using ZWorkerYoung with 5 workers
[9,803s][debug  ][gc,task        ] GC(2) Y: Executing ZPromotePagesTask using ZWorkerYoung with 5 workers
[9,803s][info   ][gc,phases      ] GC(2) Y: Concurrent Select Relocation Set 12,002ms
[9,803s][debug  ][gc,reloc       ] Synchronize all workers 1 _nworkers: 0 _nsynchronized: 0
[9,803s][debug  ][gc,reloc       ] Synchronize all workers 1 _nworkers: 0 _nsynchronized: 0
[9,803s][debug  ][gc,phases,start] GC(2) Y: Pause Relocate Start
[9,803s][debug  ][gc,reloc       ] GC(2) Y: Joining workers: 5
[9,803s][info   ][gc,phases      ] GC(2) Y: Pause Relocate Start 0,043ms
[9,803s][debug  ][gc,reloc       ] Desynchronize all workers _nworkers: 0 _nsynchronized: 0
[9,803s][debug  ][gc,reloc       ] Desynchronize all workers _nworkers: 5 _nsynchronized: 0
[9,803s][debug  ][gc,phases,start] GC(2) Y: Concurrent Relocate
[9,803s][debug  ][gc,task        ] GC(2) Y: Executing ZRelocateStoreBufferInstallBasePointersTask using ZWorkerYoung with 5 workers
[9,804s][debug  ][gc,task        ] GC(2) Y: Executing ZRelocateTask using ZWorkerYoung with 5 workers
[9,806s][debug  ][gc,reloc       ] GC(2) Y: Leaving workers: left: 4 _synchronize: 0 _nsynchronized: 0
[9,806s][debug  ][gc,reloc       ] GC(2) Y: Leaving workers: left: 3 _synchronize: 0 _nsynchronized: 0
[9,806s][debug  ][gc,reloc       ] GC(2) Y: Leaving workers: left: 2 _synchronize: 0 _nsynchronized: 0
[9,806s][debug  ][gc,reloc       ] GC(2) Y: Leaving workers: left: 1 _synchronize: 0 _nsynchronized: 0
[9,807s][debug  ][gc,reloc       ] GC(2) Y: Leaving workers: left: 0 _synchronize: 0 _nsynchronized: 0
[9,807s][debug  ][gc,phases,start] GC(2) Y: Concurrent Relocate Remset FP
[9,807s][debug  ][gc,task        ] GC(2) Y: Executing ZRelocateAddRemsetForFlipPromoted using ZWorkerYoung with 5 workers
[9,809s][debug  ][gc,director    ] Select Minor GC Workers (Not Warm), GCWorkers: 5,000
[9,809s][debug  ][gc,director    ] Rule Minor: Allocation Rate (Dynamic GC Workers), MaxAllocRate: 357,7MB/s (+/-30,0%), Free: 14920MB, GCCPUTime: 2,329, GCDuration: 0,474s, TimeUntilOOM: 32,080s, TimeUntilGC: 31,606s, GCWorkers: 5
[9,810s][debug  ][gc,phases      ] GC(2) Y: Concurrent Relocate Remset FP 2,983ms
[9,810s][info   ][gc,phases      ] GC(2) Y: Concurrent Relocate 6,231ms
[9,810s][debug  ][gc,heap        ] GC(2) Y: Heap after GC invocations=3 (full 3):
[9,810s][debug  ][gc,heap        ] GC(2) Y:  ZHeap           used 398M, capacity 5120M, max capacity 15360M
[9,810s][debug  ][gc,heap        ] GC(2) Y:  Metaspace       used 29294K, committed 29696K, reserved 1114112K
[9,810s][debug  ][gc,heap        ] GC(2) Y:   class space    used 3285K, committed 3456K, reserved 1048576K
[9,810s][info   ][gc,alloc       ] GC(2) Y:                         Mark Start        Mark End      Relocate Start    Relocate End   
[9,810s][info   ][gc,alloc       ] GC(2) Y: Allocation Stalls:          0                0                0                0         
[9,810s][info   ][gc,load        ] GC(2) Y: Load: 4,80 (24%) / 14,76 (74%) / 11,83 (59%)
[9,810s][info   ][gc,mmu         ] GC(2) Y: MMU: 2ms/90,7%, 5ms/96,3%, 10ms/98,1%, 20ms/99,1%, 50ms/99,4%, 100ms/99,7%
[9,810s][info   ][gc,marking     ] GC(2) Y: Mark: 4 stripe(s), 2 proactive flush(es), 1 terminate flush(es), 0 completion(s), 0 continuation(s) 
[9,810s][info   ][gc,marking     ] GC(2) Y: Mark Stack Usage: 32M
[9,810s][info   ][gc,nmethod     ] GC(2) Y: NMethods: 3457 registered, 0 unregistered
[9,810s][info   ][gc,metaspace   ] GC(2) Y: Metaspace: 28M used, 29M committed, 1088M reserved
[9,810s][info   ][gc,reloc       ] GC(2) Y:                        Candidates     Selected     In-Place         Size        Empty    Relocated 
[9,810s][info   ][gc,reloc       ] GC(2) Y: Small Pages:                 1523          583            0        3046M        1582M           4M 
[9,810s][info   ][gc,reloc       ] GC(2) Y: Medium Pages:                   1            0            0          32M           0M           0M 
[9,810s][info   ][gc,reloc       ] GC(2) Y: Large Pages:                    0            0            0           0M           0M           0M 
[9,810s][info   ][gc,reloc       ] GC(2) Y: Forwarding Usage: 1M
[9,810s][info   ][gc,reloc       ] GC(2) Y: Age Table:
[9,810s][info   ][gc,reloc       ] GC(2) Y:                    Live             Garbage             Small              Medium             Large        
[9,810s][info   ][gc,reloc       ] GC(2) Y: Eden             208M (1%)         2445M (16%)       1327 / 565            0 / 0              0 / 0        
[9,810s][info   ][gc,reloc       ] GC(2) Y: Survivor 1         1M (0%)          376M (2%)         189 / 16             0 / 0              0 / 0        
[9,810s][info   ][gc,reloc       ] GC(2) Y: Survivor 2        12M (0%)           33M (0%)           7 / 2              1 / 0              0 / 0        
[9,810s][info   ][gc,heap        ] GC(2) Y: Min Capacity: 5120M(33%)
[9,810s][info   ][gc,heap        ] GC(2) Y: Max Capacity: 15360M(100%)
[9,810s][info   ][gc,heap        ] GC(2) Y: Soft Max Capacity: 15360M(100%)
[9,810s][info   ][gc,heap        ] GC(2) Y: Heap Statistics:
[9,810s][info   ][gc,heap        ] GC(2) Y:                Mark Start          Mark End        Relocate Start      Relocate End           High               Low         
[9,810s][info   ][gc,heap        ] GC(2) Y:  Capacity:     5120M (33%)        5120M (33%)        5120M (33%)        5120M (33%)        5120M (33%)        5120M (33%)    
[9,810s][info   ][gc,heap        ] GC(2) Y:      Free:    12282M (80%)       12244M (80%)       13818M (90%)       14962M (97%)       14964M (97%)       12244M (80%)    
[9,810s][info   ][gc,heap        ] GC(2) Y:      Used:     3078M (20%)        3116M (20%)        1542M (10%)         398M (3%)         3116M (20%)         396M (3%)     
[9,810s][info   ][gc,heap        ] GC(2) Y: Young Generation Statistics:
[9,810s][info   ][gc,heap        ] GC(2) Y:                Mark Start          Mark End        Relocate Start      Relocate End    
[9,810s][info   ][gc,heap        ] GC(2) Y:      Used:     3078M (20%)        3116M (20%)        1500M (10%)         344M (2%)     
[9,810s][info   ][gc,heap        ] GC(2) Y:      Live:         -               222M (1%)          210M (1%)          208M (1%)     
[9,810s][info   ][gc,heap        ] GC(2) Y:   Garbage:         -              2855M (19%)        1243M (8%)           76M (0%)     
[9,810s][info   ][gc,heap        ] GC(2) Y: Allocated:         -                38M (0%)           46M (0%)           58M (0%)     
[9,810s][info   ][gc,heap        ] GC(2) Y: Reclaimed:         -                  -              1612M (10%)        2779M (18%)    
[9,810s][info   ][gc,heap        ] GC(2) Y:  Promoted:         -                  -                11M (0%)           13M (0%)     
[9,810s][info   ][gc,heap        ] GC(2) Y: Compacted:         -                  -                  -                 3M (0%)     
[9,810s][info   ][gc,phases      ] GC(2) Y: Young Generation 3078M(20%)->398M(3%) 0,082s
[9,810s][debug  ][gc,heap        ] GC(2) O: Heap before GC invocations=3 (full 3):
[9,810s][debug  ][gc,heap        ] GC(2) O:  ZHeap           used 398M, capacity 5120M, max capacity 15360M
[9,810s][debug  ][gc,heap        ] GC(2) O:  Metaspace       used 29294K, committed 29696K, reserved 1114112K
[9,810s][debug  ][gc,heap        ] GC(2) O:   class space    used 3285K, committed 3456K, reserved 1048576K
[9,810s][info   ][gc,phases      ] GC(2) O: Old Generation
[9,810s][debug  ][gc,phases,start] GC(2) O: Concurrent Mark
[9,810s][debug  ][gc,phases,start] GC(2) O: Concurrent Mark Roots
[9,810s][debug  ][gc,task        ] GC(2) O: Executing ZMarkOldRootsTask using ZWorkerOld with 1 workers
[9,813s][debug  ][gc,tlab        ] GC(2) O: TLAB totals: thrds: 1  refills: 181 max: 181 slow allocs: 0 max 0 waste:  0,6% gc: 74264B max: 74264B slow: 192032B max: 192032B
[9,813s][debug  ][gc,phases      ] GC(2) O: Concurrent Mark Roots 3,150ms
[9,813s][debug  ][gc,phases,start] GC(2) O: Concurrent Mark Follow
[9,813s][debug  ][gc,marking     ] GC(2) O: Using 1 mark stripes
[9,813s][debug  ][gc,task        ] GC(2) O: Executing ZMarkTask using ZWorkerOld with 1 workers
[9,814s][debug  ][gc,phases      ] GC(2) O: Concurrent Mark Follow 0,419ms
[9,814s][info   ][gc,phases      ] GC(2) O: Concurrent Mark 3,602ms
[9,814s][debug  ][gc,reloc       ] Synchronize all workers 1 _nworkers: 0 _nsynchronized: 0
[9,814s][debug  ][gc,reloc       ] Synchronize all workers 1 _nworkers: 0 _nsynchronized: 0
[9,814s][debug  ][gc,phases,start] GC(2) O: Pause Mark End
[9,814s][info   ][gc,phases      ] GC(2) O: Pause Mark End 0,033ms
[9,814s][debug  ][gc,reloc       ] Desynchronize all workers _nworkers: 0 _nsynchronized: 0
[9,814s][debug  ][gc,reloc       ] Desynchronize all workers _nworkers: 0 _nsynchronized: 0
[9,814s][debug  ][gc,phases,start] GC(2) O: Concurrent Mark Free
[9,814s][info   ][gc,phases      ] GC(2) O: Concurrent Mark Free 0,010ms
[9,814s][debug  ][gc,phases,start] GC(2) O: Concurrent Process Non-Strong
[9,814s][debug  ][gc,phases,start] GC(2) O: Concurrent References Process
[9,814s][debug  ][gc,task        ] GC(2) O: Executing ZReferenceProcessorTask using ZWorkerOld with 1 workers
[9,814s][debug  ][gc,phases      ] GC(2) O: Concurrent References Process 0,169ms
[9,814s][debug  ][gc,task        ] GC(2) O: Executing ZProcessWeakRootsTask using ZWorkerOld with 1 workers
[9,814s][debug  ][gc,nmethod     ] Register NMethod: io.sirix.page.UberPage.getPageCountExp (0x00007f77ef428b10) [0x00007f77ef428ca0, 0x00007f77ef428d98] Compiler: c2, Barriers: 0, Oops: 2, ImmediateOops: 3, NonImmediateOops: No
[9,815s][debug  ][gc,phases,start] GC(2) O: Concurrent Classes Unlink
[9,815s][debug  ][gc,phases,start] GC(2) O: ClassLoaderData
[9,815s][debug  ][gc,phases      ] GC(2) O: ClassLoaderData 0,030ms
[9,815s][debug  ][gc,phases,start] GC(2) O: Trigger cleanups
[9,815s][debug  ][gc,phases      ] GC(2) O: Trigger cleanups 0,008ms
[9,815s][debug  ][gc,task        ] GC(2) O: Executing ZNMethodUnlinkTask using ZWorkerOld with 1 workers
[9,815s][debug  ][gc,nmethod     ] GC(2) O: Unregister NMethod: java.util.BitSet.set (0x00007f77cff74710) [0x00007f77cff748e0, 0x00007f77cff74ae8] 
[9,815s][debug  ][gc,nmethod     ] GC(2) O: Unregister NMethod: io.sirix.access.trx.page.NodePageReadOnlyTrx.getResourceSession (0x00007f77cff5f790) [0x00007f77cff5f940, 0x00007f77cff5fc08] 
[9,815s][debug  ][gc,nmethod     ] GC(2) O: Unregister NMethod: net.openhft.chronicle.bytes.internal.HeapBytesStore.performRelease (0x00007f77cfac9890) [0x00007f77cfac9a20, 0x00007f77cfac9ba0] 
[9,815s][debug  ][gc,nmethod     ] GC(2) O: Unregister NMethod: it.unimi.dsi.fastutil.shorts.ShortArrayList$1.nextShort (0x00007f77cff80d90) [0x00007f77cff80f60, 0x00007f77cff812f0] 
[9,815s][debug  ][gc,nmethod     ] GC(2) O: Unregister NMethod: io.sirix.access.trx.node.json.JsonNodeTrxImpl.adaptNodesAndHashesForInsertAsChild (0x00007f77cffe4f90) [0x00007f77cffe51e0, 0x00007f77cffe5e48] 
[9,816s][debug  ][gc,nmethod     ] GC(2) O: Unregister NMethod: net.openhft.chronicle.core.UnsafeMemory.writeByte (0x00007f77cfbfd910) [0x00007f77cfbfdaa0, 0x00007f77cfbfdba0] 
[9,816s][debug  ][gc,nmethod     ] GC(2) O: Unregister NMethod: io.sirix.node.NodeKind$29.serialize (0x00007f77cfe06b90) [0x00007f77cfe06d40, 0x00007f77cfe06f38] 
[9,816s][debug  ][gc,nmethod     ] GC(2) O: Unregister NMethod: jdk.internal.misc.Blocker.begin (0x00007f77ef22f190) [0x00007f77ef22f320, 0x00007f77ef22f418] 
[9,816s][debug  ][gc,nmethod     ] GC(2) O: Unregister NMethod: io.sirix.access.trx.node.json.JsonNodeTrxImpl.insertArrayAsRightSibling (0x00007f77ef351c10) [0x00007f77ef351f00, 0x00007f77ef352b70] 
[9,816s][debug  ][gc,nmethod     ] GC(2) O: Unregister NMethod: jdk.internal.misc.Unsafe.putInt (0x00007f77cfe88290) [0x00007f77cfe88420, 0x00007f77cfe88530] 
[9,816s][debug  ][gc,nmethod     ] GC(2) O: Unregister NMethod: java.lang.invoke.VarHandleGuards.guard_LI_I (0x00007f77cfb1d890) [0x00007f77cfb1dc00, 0x00007f77cfb1f768] 
[9,816s][debug  ][gc,nmethod     ] GC(2) O: Unregister NMethod: io.sirix.index.path.summary.PathNode.getLocalNameKey (0x00007f77cfe08010) [0x00007f77cfe081a0, 0x00007f77cfe08300] 
[9,816s][debug  ][gc,nmethod     ] GC(2) O: Unregister NMethod: org.magicwerk.brownies.collections.GapList.get (0x00007f77cfe10910) [0x00007f77cfe10ba0, 0x00007f77cfe11570] 
[9,816s][debug  ][gc,nmethod     ] GC(2) O: Unregister NMethod: io.sirix.page.KeyValueLeafPage.setDeweyId (0x00007f77cffb6690) [0x00007f77cffb6840, 0x00007f77cffb6b18] 
[9,816s][debug  ][gc,nmethod     ] GC(2) O: Unregister NMethod: io.sirix.page.KeyValueLeafPage.clearPage (0x00007f77cff1c510) [0x00007f77cff1c6c0, 0x00007f77cff1c800] 
[9,816s][debug  ][gc,nmethod     ] GC(2) O: Unregister NMethod: io.sirix.node.NodeKind$28.serialize (0x00007f77cff4b090) [0x00007f77cff4b9e0, 0x00007f77cff51da0] 
[9,816s][debug  ][gc,nmethod     ] GC(2) O: Unregister NMethod: java.nio.channels.spi.AbstractInterruptibleChannel.begin (0x00007f77cff9c510) [0x00007f77cff9c720, 0x00007f77cff9cea0] 
[9,816s][debug  ][gc,nmethod     ] GC(2) O: Unregister NMethod: net.openhft.chronicle.bytes.RandomCommon.readRemaining (0x00007f77cff20310) [0x00007f77cff204c0, 0x00007f77cff20748] 
[9,816s][debug  ][gc,nmethod     ] GC(2) O: Unregister NMethod: io.sirix.access.trx.page.NodePageReadOnlyTrx.getValue (0x00007f77ef28c210) [0x00007f77ef28c3a0, 0x00007f77ef28c5c0] 
[9,816s][debug  ][gc,nmethod     ] GC(2) O: Unregister NMethod: io.sirix.access.trx.page.TreeModifierImpl.prepareIndirectPage (0x00007f77cff76210) [0x00007f77cff764e0, 0x00007f77cff77490] 
[9,816s][debug  ][gc,nmethod     ] GC(2) O: Unregister NMethod: net.openhft.chronicle.bytes.AbstractBytes.start (0x00007f77cfaa5710) [0x00007f77cfaa58c0, 0x00007f77cfaa5ab8] 
[9,816s][debug  ][gc,nmethod     ] GC(2) O: Unregister NMethod: io.sirix.access.trx.page.NodePageTrx.getMostRecentPageContainer (0x00007f77cffc0d10) [0x00007f77cffc0f00, 0x00007f77cffc1600] 
[9,816s][debug  ][gc,nmethod     ] GC(2) O: Unregister NMethod: net.openhft.chronicle.bytes.internal.NativeBytesStore.translate (0x00007f77cfc47190) [0x00007f77cfc47320, 0x00007f77cfc47428] 
[9,816s][debug  ][gc,nmethod     ] GC(2) O: Unregister NMethod: io.sirix.page.PageKind$1.serializePage (0x00007f77cff86810) [0x00007f77cff873e0, 0x00007f77cff8ede8] 
[9,816s][debug  ][gc,nmethod     ] GC(2) O: Unregister NMethod: net.openhft.chronicle.core.io.ReferenceCountedTracer.onReleased (0x00007f77cff14c90) [0x00007f77cff14e80, 0x00007f77cff15328] 
[9,816s][debug  ][gc,nmethod     ] GC(2) O: Unregister NMethod: io.sirix.page.KeyValueLeafPage.getDeweyId (0x00007f77cffb6c10) [0x00007f77cffb6dc0, 0x00007f77cffb6f50] 
[9,816s][debug  ][gc,nmethod     ] GC(2) O: Unregister NMethod: net.openhft.chronicle.core.UnsafeMemory.writeLong (0x00007f77ef296110) [0x00007f77ef296280, 0x00007f77ef296318] 
[9,817s][debug  ][gc,nmethod     ] GC(2) O: Unregister NMethod: net.openhft.chronicle.bytes.internal.NativeBytesStore.writeInt (0x00007f77cfa48890) [0x00007f77cfa48aa0, 0x00007f77cfa49240] 
[9,817s][debug  ][gc,nmethod     ] GC(2) O: Unregister NMethod: java.nio.HeapCharBuffer.slice (0x00007f77cff5d510) [0x00007f77cff5d6c0, 0x00007f77cff5d988] 
[9,817s][debug  ][gc,nmethod     ] GC(2) O: Unregister NMethod: net.openhft.chronicle.bytes.RandomCommon.writeLimit (0x00007f77cfe8df90) [0x00007f77cfe8e140, 0x00007f77cfe8e2f8] 
[9,817s][debug  ][gc,nmethod     ] GC(2) O: Unregister NMethod: jdk.internal.misc.Unsafe.putIntUnaligned (0x00007f77cfa47210) [0x00007f77cfa473c0, 0x00007f77cfa47608] 
[9,817s][debug  ][gc,nmethod     ] GC(2) O: Unregister NMethod: net.openhft.chronicle.core.UnsafeMemory.copyMemory (0x00007f77cfb6c690) [0x00007f77cfb6c820, 0x00007f77cfb6c950] 
[9,817s][debug  ][gc,nmethod     ] GC(2) O: Unregister NMethod: sun.misc.Unsafe.putLong (0x00007f77cfa7af90) [0x00007f77cfa7b120, 0x00007f77cfa7b228] 
[9,817s][debug  ][gc,nmethod     ] GC(2) O: Unregister NMethod: com.google.common.base.Preconditions.checkPositionIndexes (0x00007f77cfe8c310) [0x00007f77cfe8c4e0, 0x00007f77cfe8c798] 
[9,817s][debug  ][gc,nmethod     ] GC(2) O: Unregister NMethod: io.sirix.node.NodeKind$20.serialize (0x00007f77cfa7f510) [0x00007f77cfa7f780, 0x00007f77cfa802b0] 
[9,817s][debug  ][gc,nmethod     ] GC(2) O: Unregister NMethod: io.sirix.access.trx.node.AbstractNodeReadOnlyTrx.moveTo (0x00007f77ef2a1f90) [0x00007f77ef2a2220, 0x00007f77ef2a2fb8] 
[9,817s][debug  ][gc,nmethod     ] GC(2) O: Unregister NMethod: net.openhft.chronicle.bytes.internal.BytesInternal.toByteArray (0x00007f77cfae5c10) [0x00007f77cfae5e00, 0x00007f77cfae60c8] 
[9,817s][debug  ][gc,nmethod     ] GC(2) O: Unregister NMethod: java.nio.ByteBuffer.array (0x00007f77cfbfee10) [0x00007f77cfbfefe0, 0x00007f77cfbff2e0] 
[9,817s][debug  ][gc,nmethod     ] GC(2) O: Unregister NMethod: net.openhft.chronicle.core.io.VanillaReferenceCounted.<init> (0x00007f77cfab7710) [0x00007f77cfab7920, 0x00007f77cfab8160] 
[9,817s][debug  ][gc,nmethod     ] GC(2) O: Unregister NMethod: java.lang.Math.min (0x00007f77cfb23710) [0x00007f77cfb238a0, 0x00007f77cfb239d8] 
[9,817s][debug  ][gc,nmethod     ] GC(2) O: Unregister NMethod: net.openhft.chronicle.bytes.AbstractBytes.writeInt (0x00007f77cfad0690) [0x00007f77cfad0840, 0x00007f77cfad09f0] 
[9,817s][debug  ][gc,nmethod     ] GC(2) O: Unregister NMethod: java.nio.Bits.reserveMemory (0x00007f77cfc7c510) [0x00007f77cfc7c920, 0x00007f77cfc7e1d8] 
[9,817s][debug  ][gc,nmethod     ] GC(2) O: Unregister NMethod: io.sirix.node.NodeKind.serializeValDelegate (0x00007f77cfe48890) [0x00007f77cfe48a80, 0x00007f77cfe48e00] 
[9,817s][debug  ][gc,nmethod     ] GC(2) O: Unregister NMethod: net.openhft.chronicle.bytes.AbstractBytes.readInt (0x00007f77cffafb90) [0x00007f77cffafd60, 0x00007f77cffb00d8] 
[9,817s][debug  ][gc,nmethod     ] GC(2) O: Unregister NMethod: io.sirix.service.json.shredder.JsonShredder.insertStringValue (0x00007f77ef305390) [0x00007f77ef305ac0, 0x00007f77ef30a280] 
[9,817s][debug  ][gc,nmethod     ] GC(2) O: Unregister NMethod: java.util.concurrent.CopyOnWriteArrayList.size (0x00007f77cfedc690) [0x00007f77cfedc820, 0x00007f77cfedc970] 
[9,817s][debug  ][gc,nmethod     ] GC(2) O: Unregister NMethod: net.openhft.chronicle.bytes.internal.NativeBytesStore.readByte (0x00007f77cffb9790) [0x00007f77cffb9960, 0x00007f77cffb9d08] 
[9,817s][debug  ][gc,nmethod     ] GC(2) O: Unregister NMethod: java.lang.Long.numberOfTrailingZeros (0x00007f77cff7d790) [0x00007f77cff7d940, 0x00007f77cff7db00] 
[9,817s][debug  ][gc,nmethod     ] GC(2) O: Unregister NMethod: net.openhft.chronicle.bytes.internal.BytesInternal.toByteArray (0x00007f77ef36bf90) [0x00007f77ef36c180, 0x00007f77ef36c980] 
[9,817s][debug  ][gc,nmethod     ] GC(2) O: Unregister NMethod: io.sirix.page.IndirectPage.getOrCreateReference (0x00007f77cff68f10) [0x00007f77cff69160, 0x00007f77cff69c00] 
[9,817s][debug  ][gc,nmethod     ] GC(2) O: Unregister NMethod: net.openhft.chronicle.core.util.Ints.requireNonNegative (0x00007f77cfe1a210) [0x00007f77cfe1a400, 0x00007f77cfe1a900] 
[9,817s][debug  ][gc,nmethod     ] GC(2) O: Unregister NMethod: net.openhft.chronicle.bytes.RandomCommon.writePosition (0x00007f77cff23d90) [0x00007f77cff23f40, 0x00007f77cff240f8] 
[9,818s][debug  ][gc,nmethod     ] GC(2) O: Unregister NMethod: com.google.common.base.Preconditions.checkArgument (0x00007f77cfaa0c90) [0x00007f77cfaa0e60, 0x00007f77cfaa11c0] 
[9,818s][debug  ][gc,nmethod     ] GC(2) O: Unregister NMethod: io.sirix.node.NodeKind.serializeDelegate (0x00007f77cfbe6510) [0x00007f77cfbe6700, 0x00007f77cfbe6d58] 
[9,818s][debug  ][gc,nmethod     ] GC(2) O: Unregister NMethod: io.sirix.page.KeyValueLeafPage.setSlot (0x00007f77cffb7410) [0x00007f77cffb75c0, 0x00007f77cffb7950] 
[9,818s][debug  ][gc,nmethod     ] GC(2) O: Unregister NMethod: io.sirix.access.trx.page.NodePageTrx.prepareRecordForModification (0x00007f77cffd8b90) [0x00007f77cffd8e80, 0x00007f77cffd9e00] 
[9,818s][debug  ][gc,nmethod     ] GC(2) O: Unregister NMethod: net.openhft.chronicle.bytes.BytesStore.wrap (0x00007f77cfe7ef90) [0x00007f77cfe7f180, 0x00007f77cfe7f618] 
[9,818s][debug  ][gc,nmethod     ] GC(2) O: Unregister NMethod: io.sirix.access.trx.node.json.ForwardingJsonNodeReadOnlyTrx.getNode (0x00007f77cfe7f810) [0x00007f77cfe7f9e0, 0x00007f77cfe7fd58] 
[9,818s][debug  ][gc,nmethod     ] GC(2) O: Unregister NMethod: io.sirix.access.trx.node.AbstractNodeHashing.adaptHashesWithAdd (0x00007f77cffddd90) [0x00007f77cffddf60, 0x00007f77cffde2c0] 
[9,818s][debug  ][gc,nmethod     ] GC(2) O: Unregister NMethod: java.util.BitSet.<init> (0x00007f77cfe8c890) [0x00007f77cfe8cae0, 0x00007f77cfe8d2a8] 
[9,818s][debug  ][gc,nmethod     ] GC(2) O: Unregister NMethod: net.openhft.chronicle.bytes.AbstractBytes.clear (0x00007f77ef3b9310) [0x00007f77ef3b94c0, 0x00007f77ef3b96e8] 
[9,818s][debug  ][gc,nmethod     ] GC(2) O: Unregister NMethod: io.sirix.access.trx.page.NodePageTrx.prepareRecordPage (0x00007f77cffdeb90) [0x00007f77cffdeea0, 0x00007f77cffe0228] 
[9,818s][debug  ][gc,nmethod     ] GC(2) O: Unregister NMethod: net.openhft.chronicle.bytes.AbstractBytes$UncheckedRandomDataInputHolder.<init> (0x00007f77cff4a710) [0x00007f77cff4a8c0, 0x00007f77cff4aaf8] 
[9,818s][debug  ][gc,nmethod     ] GC(2) O: Unregister NMethod: io.sirix.page.PageKind$1.serializePage (0x00007f77cfc70590) [0x00007f77cfc71160, 0x00007f77cfc78de0] 
[9,818s][debug  ][gc,nmethod     ] GC(2) O: Unregister NMethod: java.lang.Byte.valueOf (0x00007f77cffbc390) [0x00007f77cffbc520, 0x00007f77cffbc668] 
[9,818s][debug  ][gc,nmethod     ] GC(2) O: Unregister NMethod: java.util.Objects.checkIndex (0x00007f77cfa97490) [0x00007f77cfa97620, 0x00007f77cfa97750] 
[9,818s][debug  ][gc,nmethod     ] GC(2) O: Unregister NMethod: net.openhft.chronicle.bytes.NativeBytes.writeByte (0x00007f77ef296c90) [0x00007f77ef296e80, 0x00007f77ef297338] 
[9,818s][debug  ][gc,nmethod     ] GC(2) O: Unregister NMethod: net.openhft.chronicle.bytes.AbstractBytes.writeInt (0x00007f77ef293510) [0x00007f77ef293700, 0x00007f77ef293c20] 
[9,818s][debug  ][gc,nmethod     ] GC(2) O: Unregister NMethod: net.openhft.chronicle.core.UnsafeMemory.copyMemory (0x00007f77cfdfb210) [0x00007f77cfdfb3c0, 0x00007f77cfdfb550] 
[9,818s][debug  ][gc,nmethod     ] GC(2) O: Unregister NMethod: io.sirix.access.trx.node.AbstractResourceSession.getResourceConfig (0x00007f77cfe21510) [0x00007f77cfe216c0, 0x00007f77cfe21978] 
[9,818s][debug  ][gc,nmethod     ] GC(2) O: Unregister NMethod: io.sirix.node.delegates.ValueNodeDelegate.getRawValue (0x00007f77cfebf910) [0x00007f77cfebfac0, 0x00007f77cfebfcc8] 
[9,818s][debug  ][gc,nmethod     ] GC(2) O: Unregister NMethod: net.openhft.chronicle.core.UnsafeMemory$$Lambda/0x0000000080304cc0.apply (0x00007f77cfe30990) [0x00007f77cfe30b40, 0x00007f77cfe30cb8] 
[9,818s][debug  ][gc,nmethod     ] GC(2) O: Unregister NMethod: net.openhft.chronicle.bytes.BytesStore.copyTo (0x00007f77cff03410) [0x00007f77cff036e0, 0x00007f77cff04670] 
[9,818s][debug  ][gc,nmethod     ] GC(2) O: Unregister NMethod: io.sirix.access.trx.node.json.ForwardingJsonNodeReadOnlyTrx.getNodeKey (0x00007f77cfe4ef90) [0x00007f77cfe4f160, 0x00007f77cfe4f4e8] 
[9,818s][debug  ][gc,nmethod     ] GC(2) O: Unregister NMethod: net.openhft.chronicle.core.io.VanillaReferenceCounted.release (0x00007f77cfe2a790) [0x00007f77cfe2aa60, 0x00007f77cfe2b648] 
[9,818s][debug  ][gc,nmethod     ] GC(2) O: Unregister NMethod: java.util.concurrent.atomic.AtomicLong.compareAndSet (0x00007f77cfec9890) [0x00007f77cfec9a20, 0x00007f77cfec9b48] 
[9,818s][debug  ][gc,nmethod     ] GC(2) O: Unregister NMethod: io.sirix.page.KeyValueLeafPage.addReferences (0x00007f77cfec2c90) [0x00007f77cfec2ee0, 0x00007f77cfec3990] 
[9,818s][debug  ][gc,nmethod     ] GC(2) O: Unregister NMethod: net.openhft.chronicle.bytes.AbstractBytes.readCheckOffset (0x00007f77cfa88f90) [0x00007f77cfa89140, 0x00007f77cfa89290] 
[9,818s][debug  ][gc,nmethod     ] GC(2) O: Unregister NMethod: net.openhft.chronicle.bytes.internal.BytesInternal.writeStopBit0 (0x00007f77cfe1db90) [0x00007f77cfe1ddc0, 0x00007f77cfe1e770] 
[9,819s][debug  ][gc,nmethod     ] GC(2) O: Unregister NMethod: net.openhft.chronicle.bytes.internal.BytesInternal.appendUtf8Char (0x00007f77ef2a7590) [0x00007f77ef2a7820, 0x00007f77ef2a80c8] 
[9,819s][debug  ][gc,nmethod     ] GC(2) O: Unregister NMethod: net.openhft.chronicle.bytes.NativeBytes.writeCheckOffset (0x00007f77cfe6ef90) [0x00007f77cfe6f200, 0x00007f77cfe6fd68] 
[9,819s][debug  ][gc,nmethod     ] GC(2) O: Unregister NMethod: net.openhft.chronicle.bytes.NativeBytes.writeLong (0x00007f77ef298f90) [0x00007f77ef299180, 0x00007f77ef299620] 
[9,819s][debug  ][gc,nmethod     ] GC(2) O: Unregister NMethod: io.sirix.node.NodeKind.serializeStructNodeJsonValueNode (0x00007f77cfaa4190) [0x00007f77cfaa4380, 0x00007f77cfaa4608] 
[9,819s][debug  ][gc,nmethod     ] GC(2) O: Unregister NMethod: io.sirix.access.trx.page.AbstractForwardingPageReadOnlyTrx.getResourceSession (0x00007f77cfe28110) [0x00007f77cfe282e0, 0x00007f77cfe28650] 
[9,819s][debug  ][gc,nmethod     ] GC(2) O: Unregister NMethod: java.util.concurrent.ConcurrentHashMap.clear (0x00007f77cff1a990) [0x00007f77cff1abe0, 0x00007f77cff1b610] 
[9,819s][debug  ][gc,nmethod     ] GC(2) O: Unregister NMethod: io.sirix.node.Utils.putVarLong (0x00007f77cfa3b290) [0x00007f77cfa3b440, 0x00007f77cfa3b668] 
[9,819s][debug  ][gc,nmethod     ] GC(2) O: Unregister NMethod: net.openhft.chronicle.core.UnsafeMemory.copyMemoryLoop (0x00007f77cfb43910) [0x00007f77cfb43b20, 0x00007f77cfb443e0] 
[9,819s][debug  ][gc,nmethod     ] GC(2) O: Unregister NMethod: net.openhft.chronicle.bytes.internal.AbstractBytesStore.canReleaseInBackground (0x00007f77cfe2a290) [0x00007f77cfe2a440, 0x00007f77cfe2a5f8] 
[9,819s][debug  ][gc,nmethod     ] GC(2) O: Unregister NMethod: net.openhft.chronicle.bytes.internal.HeapBytesStore.writeByte (0x00007f77cfb68610) [0x00007f77cfb687c0, 0x00007f77cfb68910] 
[9,819s][debug  ][gc,nmethod     ] GC(2) O: Unregister NMethod: net.openhft.chronicle.bytes.internal.NativeBytesStore.write (0x00007f77cfdc4710) [0x00007f77cfdc48a0, 0x00007f77cfdc49c0] 
[9,819s][debug  ][gc,nmethod     ] GC(2) O: Unregister NMethod: net.openhft.chronicle.bytes.internal.BytesInternal.failIfBytesOnBytes (0x00007f77cfe0f490) [0x00007f77cfe0f6e0, 0x00007f77cfe0ff70] 
[9,819s][debug  ][gc,nmethod     ] GC(2) O: Unregister NMethod: jdk.internal.misc.Unsafe.checkOffset (0x00007f77cfa89f90) [0x00007f77cfa8a140, 0x00007f77cfa8a3c0] 
[9,819s][debug  ][gc,nmethod     ] GC(2) O: Unregister NMethod: java.lang.ref.Reference.<init> (0x00007f77cfa75b10) [0x00007f77cfa75cc0, 0x00007f77cfa75f68] 
[9,819s][debug  ][gc,nmethod     ] GC(2) O: Unregister NMethod: it.unimi.dsi.fastutil.longs.AbstractLongList.push (0x00007f77cfe28810) [0x00007f77cfe289c0, 0x00007f77cfe28b10] 
[9,819s][debug  ][gc,nmethod     ] GC(2) O: Unregister NMethod: net.openhft.chronicle.bytes.AbstractBytes.bytesStore (0x00007f77cfa39d10) [0x00007f77cfa39ec0, 0x00007f77cfa3a078] 
[9,819s][debug  ][gc,nmethod     ] GC(2) O: Unregister NMethod: io.sirix.index.path.summary.PathSummaryReader.moveTo (0x00007f77cffbfd90) [0x00007f77cffbffe0, 0x00007f77cffc0a38] 
[9,819s][debug  ][gc,nmethod     ] GC(2) O: Unregister NMethod: net.openhft.chronicle.core.util.StringUtils.getMemory (0x00007f77cfe89390) [0x00007f77cfe89520, 0x00007f77cfe89610] 
[9,819s][debug  ][gc,nmethod     ] GC(2) O: Unregister NMethod: net.openhft.chronicle.bytes.StreamingDataOutput.write (0x00007f77cfda0890) [0x00007f77cfda0a40, 0x00007f77cfda0dc0] 
[9,819s][debug  ][gc,nmethod     ] GC(2) O: Unregister NMethod: io.sirix.page.KeyValueLeafPage.processEntries (0x00007f77ef380290) [0x00007f77ef3804c0, 0x00007f77ef380c00] 
[9,819s][debug  ][gc,nmethod     ] GC(2) O: Unregister NMethod: java.util.Arrays.fill (0x00007f77ef3bae10) [0x00007f77ef3bb000, 0x00007f77ef3bb9b0] 
[9,819s][debug  ][gc,nmethod     ] GC(2) O: Unregister NMethod: java.util.AbstractList.<init> (0x00007f77cfb11390) [0x00007f77cfb11540, 0x00007f77cfb11708] 
[9,819s][debug  ][gc,nmethod     ] GC(2) O: Unregister NMethod: net.openhft.chronicle.bytes.Bytes.isClear (0x00007f77cfe4d310) [0x00007f77cfe4d4e0, 0x00007f77cfe4daa0] 
[9,819s][debug  ][gc,nmethod     ] GC(2) O: Unregister NMethod: net.openhft.chronicle.bytes.AbstractBytes.writeInt (0x00007f77cfe45f90) [0x00007f77cfe46140, 0x00007f77cfe462f0] 
[9,819s][debug  ][gc,nmethod     ] GC(2) O: Unregister NMethod: net.openhft.chronicle.core.io.AbstractReferenceCounted.release (0x00007f77cff22e90) [0x00007f77cff23040, 0x00007f77cff231f8] 
[9,819s][debug  ][gc,nmethod     ] GC(2) O: Unregister NMethod: net.openhft.chronicle.bytes.internal.HeapBytesStore.writeByte (0x00007f77cfa72510) [0x00007f77cfa72760, 0x00007f77cfa731b0] 
[9,819s][debug  ][gc,nmethod     ] GC(2) O: Unregister NMethod: io.sirix.access.trx.page.NodePageReadOnlyTrx.getValue (0x00007f77cffbb110) [0x00007f77cffbb3a0, 0x00007f77cffbbed0] 
[9,819s][debug  ][gc,nmethod     ] GC(2) O: Unregister NMethod: java.util.concurrent.atomic.AtomicLong.addAndGet (0x00007f77cfe75510) [0x00007f77cfe756a0, 0x00007f77cfe757b8] 
[9,819s][debug  ][gc,nmethod     ] GC(2) O: Unregister NMethod: io.sirix.node.NodeKind.writeHash (0x00007f77cfaaca10) [0x00007f77cfaacbc0, 0x00007f77cfaacd60] 
[9,819s][debug  ][gc,nmethod     ] GC(2) O: Unregister NMethod: sun.security.provider.DigestBase.implCompressMultiBlock0 (0x00007f77cfe8bc90) [0x00007f77cfe8be40, 0x00007f77cfe8c0d8] 
[9,819s][debug  ][gc,nmethod     ] GC(2) O: Unregister NMethod: io.sirix.node.NodeKind$26.serialize (0x00007f77cfa95090) [0x00007f77cfa95260, 0x00007f77cfa954b8] 
[9,820s][debug  ][gc,nmethod     ] GC(2) O: Unregister NMethod: io.sirix.node.NodeKind.serializeJsonObjectOrArrayStructDelegate (0x00007f77cfeec790) [0x00007f77cfeecac0, 0x00007f77cfeedef8] 
[9,820s][debug  ][gc,nmethod     ] GC(2) O: Unregister NMethod: io.sirix.service.json.shredder.JsonShredder.insertArray (0x00007f77ef353710) [0x00007f77ef353aa0, 0x00007f77ef354db0] 
[9,820s][debug  ][gc,nmethod     ] GC(2) O: Unregister NMethod: net.openhft.chronicle.bytes.StreamingDataOutput.writeStopBit (0x00007f77cfe85890) [0x00007f77cfe85a40, 0x00007f77cfe85b88] 
[9,820s][debug  ][gc,nmethod     ] GC(2) O: Unregister NMethod: io.sirix.service.json.shredder.JsonShredder.processString (0x00007f77ef31a910) [0x00007f77ef31b0a0, 0x00007f77ef31fb78] 
[9,820s][debug  ][gc,nmethod     ] GC(2) O: Unregister NMethod: java.util.ImmutableCollections$ListItr.hasNext (0x00007f77cfa5dc90) [0x00007f77cfa5de20, 0x00007f77cfa5df88] 
[9,820s][debug  ][gc,nmethod     ] GC(2) O: Unregister NMethod: net.openhft.chronicle.bytes.RandomDataInput.toByteArray (0x00007f77cfa5f590) [0x00007f77cfa5f720, 0x00007f77cfa5f840] 
[9,820s][debug  ][gc,nmethod     ] GC(2) O: Unregister NMethod: java.util.HashMap.computeIfAbsent (0x00007f77cffc4690) [0x00007f77cffc49e0, 0x00007f77cffc6090] 
[9,820s][debug  ][gc,nmethod     ] GC(2) O: Unregister NMethod: net.openhft.chronicle.bytes.RandomCommon.readLimit (0x00007f77cfbfea90) [0x00007f77cfbfec40, 0x00007f77cfbfed68] 
[9,820s][debug  ][gc,nmethod     ] GC(2) O: Unregister NMethod: net.openhft.chronicle.core.Maths.toUInt31 (0x00007f77cfa9b810) [0x00007f77cfa9ba40, 0x00007f77cfa9c0c0] 
[9,820s][debug  ][gc,nmethod     ] GC(2) O: Unregister NMethod: net.openhft.chronicle.core.util.Longs.requireNonNegative (0x00007f77cfa89810) [0x00007f77cfa89a00, 0x00007f77cfa89e20] 
[9,820s][debug  ][gc,nmethod     ] GC(2) O: Unregister NMethod: com.google.common.base.Preconditions.checkArgument (0x00007f77cfa9e310) [0x00007f77cfa9e4c0, 0x00007f77cfa9e6a8] 
[9,820s][debug  ][gc,nmethod     ] GC(2) O: Unregister NMethod: net.openhft.chronicle.core.io.VanillaReferenceCounted.valueCompareAndSet (0x00007f77cff2c790) [0x00007f77cff2c940, 0x00007f77cff2cb10] 
[9,820s][debug  ][gc,nmethod     ] GC(2) O: Unregister NMethod: java.lang.invoke.VarHandleByteArrayAsInts$ArrayHandle.get (0x00007f77cfb1c890) [0x00007f77cfb1ca60, 0x00007f77cfb1ce60] 
[9,820s][debug  ][gc,nmethod     ] GC(2) O: Unregister NMethod: java.util.BitSet.get (0x00007f77cfe11e90) [0x00007f77cfe120e0, 0x00007f77cfe128a0] 
[9,820s][debug  ][gc,nmethod     ] GC(2) O: Unregister NMethod: net.openhft.chronicle.bytes.internal.NativeBytesStore.write (0x00007f77cfb06110) [0x00007f77cfb062e0, 0x00007f77cfb06550] 
[9,820s][debug  ][gc,nmethod     ] GC(2) O: Unregister NMethod: sun.misc.Unsafe.putInt (0x00007f77cfe53d10) [0x00007f77cfe53ea0, 0x00007f77cfe53fa8] 
[9,820s][debug  ][gc,nmethod     ] GC(2) O: Unregister NMethod: net.openhft.chronicle.bytes.VanillaBytes.read (0x00007f77cffb1e10) [0x00007f77cffb2040, 0x00007f77cffb28f8] 
[9,820s][debug  ][gc,nmethod     ] GC(2) O: Unregister NMethod: io.sirix.page.KeyValueLeafPage.getSlot (0x00007f77cffb7010) [0x00007f77cffb71c0, 0x00007f77cffb7350] 
[9,820s][debug  ][gc,nmethod     ] GC(2) O: Unregister NMethod: io.sirix.page.PageReference.setLogKey (0x00007f77cff5fd10) [0x00007f77cff5fea0, 0x00007f77cff5ffb0] 
[9,820s][debug  ][gc,nmethod     ] GC(2) O: Unregister NMethod: io.sirix.page.PageReference.setPageFragments (0x00007f77cffdc310) [0x00007f77cffdc4a0, 0x00007f77cffdc620] 
[9,820s][debug  ][gc,nmethod     ] GC(2) O: Unregister NMethod: jdk.internal.misc.Unsafe.putLong (0x00007f77cfac4a90) [0x00007f77cfac4c20, 0x00007f77cfac4d30] 
[9,820s][debug  ][gc,nmethod     ] GC(2) O: Unregister NMethod: io.sirix.node.json.NumberNode.getKind (0x00007f77cfb09510) [0x00007f77cfb096a0, 0x00007f77cfb09808] 
[9,820s][debug  ][gc,nmethod     ] GC(2) O: Unregister NMethod: net.openhft.chronicle.bytes.internal.HeapBytesStore.<init> (0x00007f77cfe44b90) [0x00007f77cfe44e00, 0x00007f77cfe456d8] 
[9,820s][debug  ][gc,nmethod     ] GC(2) O: Unregister NMethod: net.openhft.chronicle.bytes.VanillaBytes.<init> (0x00007f77cfe28f10) [0x00007f77cfe290c0, 0x00007f77cfe29200] 
[9,820s][debug  ][gc,nmethod     ] GC(2) O: Unregister NMethod: net.openhft.chronicle.bytes.internal.NativeBytesStore.write0 (0x00007f77cff1e610) [0x00007f77cff1e820, 0x00007f77cff1eec0] 
[9,820s][debug  ][gc,nmethod     ] GC(2) O: Unregister NMethod: io.sirix.service.json.shredder.JsonShredder.insertStringValue (0x00007f77d000e790) [0x00007f77d000ec00, 0x00007f77d0010e08] 
[9,821s][debug  ][gc,nmethod     ] GC(2) O: Unregister NMethod: net.openhft.chronicle.core.io.AbstractReferenceCounted.reserve (0x00007f77cff4ac10) [0x00007f77cff4adc0, 0x00007f77cff4af88] 
[9,821s][debug  ][gc,nmethod     ] GC(2) O: Unregister NMethod: jdk.internal.misc.Unsafe.copyMemory (0x00007f77cfaa7610) [0x00007f77cfaa78e0, 0x00007f77cfaa86a8] 
[9,821s][debug  ][gc,nmethod     ] GC(2) O: Unregister NMethod: io.sirix.node.xml.AbstractStructForwardingNode.getLastChildKey (0x00007f77ef381c90) [0x00007f77ef381e20, 0x00007f77ef381f10] 
[9,821s][debug  ][gc,nmethod     ] GC(2) O: Unregister NMethod: io.sirix.access.trx.node.AbstractNodeHashing.adaptHashesWithAdd (0x00007f77ef2c0690) [0x00007f77ef2c0840, 0x00007f77ef2c09c8] 
[9,821s][debug  ][gc,nmethod     ] GC(2) O: Unregister NMethod: java.util.Arrays.rangeCheck (0x00007f77cfab8710) [0x00007f77cfab89c0, 0x00007f77cfab92f0] 
[9,821s][debug  ][gc,nmethod     ] GC(2) O: Unregister NMethod: java.util.stream.ReferencePipeline$2$1.accept (0x00007f77cfa4a410) [0x00007f77cfa4a5e0, 0x00007f77cfa4a958] 
[9,821s][debug  ][gc,nmethod     ] GC(2) O: Unregister NMethod: net.openhft.chronicle.bytes.internal.BytesInternal.writeUtf8 (0x00007f77ef2d8490) [0x00007f77ef2d8720, 0x00007f77ef2d95d8] 
[9,821s][debug  ][gc,nmethod     ] GC(2) O: Unregister NMethod: net.openhft.chronicle.bytes.AbstractBytes.write (0x00007f77cff2cc10) [0x00007f77cff2d120, 0x00007f77cff2fa68] 
[9,821s][debug  ][gc,nmethod     ] Register NMethod: io.sirix.access.trx.page.NodePageReadOnlyTrx.getPageReference (0x00007f77ef428e90) [0x00007f77ef429100, 0x00007f77ef429960] Compiler: c2, Barriers: 15, Oops: 2, ImmediateOops: 1, NonImmediateOops: No
[9,821s][debug  ][gc,nmethod     ] GC(2) O: Unregister NMethod: java.util.BitSet.toByteArray (0x00007f77cfaee990) [0x00007f77cfaeebc0, 0x00007f77cfaef468] 
[9,821s][debug  ][gc,nmethod     ] GC(2) O: Unregister NMethod: java.util.LinkedHashMap.linkNodeAtEnd (0x00007f77cfaf9810) [0x00007f77cfaf9a00, 0x00007f77cfafa068] 
[9,821s][debug  ][gc,nmethod     ] GC(2) O: Unregister NMethod: java.util.concurrent.ConcurrentHashMap$Traverser.<init> (0x00007f77cfaee490) [0x00007f77cfaee640, 0x00007f77cfaee8a8] 
[9,821s][debug  ][gc,nmethod     ] GC(2) O: Unregister NMethod: net.openhft.chronicle.bytes.RandomDataInput.toByteArray (0x00007f77ef366290) [0x00007f77ef366480, 0x00007f77ef366c80] 
[9,821s][debug  ][gc,nmethod     ] GC(2) O: Unregister NMethod: io.sirix.page.PageKind$1.serializePage (0x00007f77cfe5f990) [0x00007f77cfe60560, 0x00007f77cfe67f68] 
[9,821s][debug  ][gc,nmethod     ] GC(2) O: Unregister NMethod: sun.nio.cs.StreamDecoder.readBytes (0x00007f77cff65610) [0x00007f77cff65980, 0x00007f77cff66be0] 
[9,821s][debug  ][gc,nmethod     ] GC(2) O: Unregister NMethod: net.openhft.chronicle.core.io.AbstractReferenceCounted.<init> (0x00007f77cfa9e790) [0x00007f77cfa9eb20, 0x00007f77cfaa0438] 
[9,821s][debug  ][gc,nmethod     ] GC(2) O: Unregister NMethod: java.io.DataOutputStream.flush (0x00007f77cfb6f790) [0x00007f77cfb6f940, 0x00007f77cfb6fb38] 
[9,821s][debug  ][gc,nmethod     ] GC(2) O: Unregister NMethod: net.openhft.chronicle.core.UnsafeMemory.readBytes (0x00007f77cfe43d10) [0x00007f77cfe43f80, 0x00007f77cfe447a8] 
[9,821s][debug  ][gc,nmethod     ] GC(2) O: Unregister NMethod: java.lang.Integer.numberOfLeadingZeros (0x00007f77cfae9310) [0x00007f77cfae94c0, 0x00007f77cfae97a0] 
[9,821s][debug  ][gc,nmethod     ] GC(2) O: Unregister NMethod: io.sirix.page.KeyValueLeafPage.processEntries (0x00007f77cfa70a10) [0x00007f77cfa70d00, 0x00007f77cfa71d38] 
[9,821s][debug  ][gc,nmethod     ] GC(2) O: Unregister NMethod: com.google.gson.stream.JsonReader.readEscapeCharacter (0x00007f77cffe8290) [0x00007f77cffe8740, 0x00007f77cffea4e8] 
[9,821s][debug  ][gc,nmethod     ] GC(2) O: Unregister NMethod: io.sirix.page.delegates.BitmapReferencesPage.getOrCreateReference (0x00007f77cfe13110) [0x00007f77cfe13300, 0x00007f77cfe13758] 
[9,821s][debug  ][gc,nmethod     ] GC(2) O: Unregister NMethod: io.sirix.page.KeyValueLeafPage.processEntries (0x00007f77cfeb6a10) [0x00007f77cfeb6d00, 0x00007f77cfeb7d38] 
[9,822s][debug  ][gc,nmethod     ] GC(2) O: Unregister NMethod: java.util.Arrays.fill (0x00007f77ef3b8710) [0x00007f77ef3b8900, 0x00007f77ef3b9248] 
[9,822s][debug  ][gc,nmethod     ] GC(2) O: Unregister NMethod: io.sirix.node.AbstractForwardingNode.getNodeDelegate (0x00007f77ef2a1890) [0x00007f77ef2a1a20, 0x00007f77ef2a1af0] 
[9,822s][debug  ][gc,nmethod     ] GC(2) O: Unregister NMethod: java.io.ByteArrayOutputStream.write (0x00007f77cfb0c310) [0x00007f77cfb0c500, 0x00007f77cfb0c9e0] 
[9,822s][debug  ][gc,nmethod     ] GC(2) O: Unregister NMethod: io.sirix.node.xml.AbstractStructForwardingNode.getLastChildKey (0x00007f77cfed2710) [0x00007f77cfed28c0, 0x00007f77cfed2aa0] 
[9,822s][debug  ][gc,nmethod     ] Register NMethod: io.sirix.access.trx.page.NodePageReadOnlyTrx.getCurrentMaxIndirectPageTreeLevel (0x00007f77ef429f10) [0x00007f77ef42a180, 0x00007f77ef42aaa0] Compiler: c2, Barriers: 15, Oops: 2, ImmediateOops: 1, NonImmediateOops: No
[9,822s][debug  ][gc,nmethod     ] GC(2) O: Unregister NMethod: jdk.internal.loader.Resource.getBytes (0x00007f77cfca3590) [0x00007f77cfca38e0, 0x00007f77cfca5118] 
[9,822s][debug  ][gc,nmethod     ] GC(2) O: Unregister NMethod: net.openhft.chronicle.bytes.internal.NativeBytesStore.writeLong (0x00007f77cff21090) [0x00007f77cff21240, 0x00007f77cff214d8] 
[9,822s][debug  ][gc,nmethod     ] GC(2) O: Unregister NMethod: java.util.Arrays$ArrayList.get (0x00007f77cffdc690) [0x00007f77cffdc840, 0x00007f77cffdc9d0] 
[9,822s][debug  ][gc,nmethod     ] GC(2) O: Unregister NMethod: io.sirix.access.trx.page.NodePageTrx.getMostRecentPageContainer (0x00007f77ef29c510) [0x00007f77ef29c6e0, 0x00007f77ef29cc80] 
[9,822s][debug  ][gc,nmethod     ] GC(2) O: Unregister NMethod: io.sirix.access.trx.node.json.JsonNodeTrxImpl.insertAsSibling (0x00007f77cffe2010) [0x00007f77cffe2400, 0x00007f77cffe4738] 
[9,822s][debug  ][gc,nmethod     ] GC(2) O: Unregister NMethod: net.openhft.chronicle.bytes.internal.HeapBytesStore.readLong (0x00007f77cfa6fa10) [0x00007f77cfa6fc20, 0x00007f77cfa70378] 
[9,822s][debug  ][gc,nmethod     ] GC(2) O: Unregister NMethod: io.sirix.access.trx.node.json.JsonNodeTrxImpl.adaptNodesAndHashesForInsertAsChild (0x00007f77ef340c90) [0x00007f77ef340f20, 0x00007f77ef341890] 
[9,822s][debug  ][gc,nmethod     ] GC(2) O: Unregister NMethod: io.sirix.node.NodeKind$27.serialize (0x00007f77cfed6a10) [0x00007f77cfed6c20, 0x00007f77cfed74f8] 
[9,822s][debug  ][gc,nmethod     ] GC(2) O: Unregister NMethod: java.lang.Thread.blockedOn (0x00007f77cff1f110) [0x00007f77cff1f2c0, 0x00007f77cff1f5a8] 
[9,822s][debug  ][gc,nmethod     ] GC(2) O: Unregister NMethod: java.util.concurrent.atomic.AtomicInteger.incrementAndGet (0x00007f77cfe6c810) [0x00007f77cfe6c9a0, 0x00007f77cfe6cab8] 
[9,822s][debug  ][gc,nmethod     ] GC(2) O: Unregister NMethod: java.util.BitSet.nextSetBit (0x00007f77cff7dc10) [0x00007f77cff7dea0, 0x00007f77cff7e7b8] 
[9,822s][debug  ][gc,nmethod     ] GC(2) O: Unregister NMethod: net.openhft.chronicle.bytes.NativeBytes.writeByte (0x00007f77ef297790) [0x00007f77ef297980, 0x00007f77ef297e38] 
[9,822s][debug  ][gc,nmethod     ] GC(2) O: Unregister NMethod: java.nio.ByteBuffer.allocate (0x00007f77cfe0ee90) [0x00007f77cfe0f040, 0x00007f77cfe0f250] 
[9,822s][debug  ][gc,nmethod     ] GC(2) O: Unregister NMethod: net.openhft.chronicle.core.io.ReferenceChangeListenerManager.callReferenceChangeListeners (0x00007f77cfcd3890) [0x00007f77cfcd3a80, 0x00007f77cfcd4098] 
[9,822s][debug  ][gc,nmethod     ] GC(2) O: Unregister NMethod: jdk.internal.misc.Unsafe.checkSize (0x00007f77cfa49690) [0x00007f77cfa49840, 0x00007f77cfa49ac0] 
[9,822s][debug  ][gc,nmethod     ] GC(2) O: Unregister NMethod: io.sirix.page.PageKind$1.serializePage (0x00007f77ef3a6410) [0x00007f77ef3a70a0, 0x00007f77ef3afd08] 
[9,822s][debug  ][gc,nmethod     ] GC(2) O: Unregister NMethod: net.openhft.chronicle.bytes.internal.BytesInternal.writeStopBit (0x00007f77cfeb5e90) [0x00007f77cfeb60a0, 0x00007f77cfeb6828] 
[9,822s][debug  ][gc,nmethod     ] GC(2) O: Unregister NMethod: java.lang.Math.toIntExact (0x00007f77cfa89390) [0x00007f77cfa89540, 0x00007f77cfa89738] 
[9,822s][debug  ][gc,nmethod     ] GC(2) O: Unregister NMethod: net.openhft.chronicle.bytes.AbstractBytes.clear (0x00007f77ef2afe10) [0x00007f77ef2affa0, 0x00007f77ef2b0160] 
[9,822s][debug  ][gc,nmethod     ] GC(2) O: Unregister NMethod: jdk.internal.misc.Unsafe.weakCompareAndSetInt (0x00007f77cfda6e90) [0x00007f77cfda7020, 0x00007f77cfda7140] 
[9,822s][debug  ][gc,nmethod     ] GC(2) O: Unregister NMethod: io.sirix.page.PageKind$1.serializePage (0x00007f77cff04b10) [0x00007f77cff05700, 0x00007f77cff0d508] 
[9,822s][debug  ][gc,nmethod     ] GC(2) O: Unregister NMethod: jdk.internal.misc.Blocker.end (0x00007f77cffe6f10) [0x00007f77cffe7100, 0x00007f77cffe7740] 
[9,823s][debug  ][gc,nmethod     ] GC(2) O: Unregister NMethod: sun.nio.cs.StreamDecoder.inReady (0x00007f77cff62210) [0x00007f77cff623e0, 0x00007f77cff62808] 
[9,823s][debug  ][gc,nmethod     ] GC(2) O: Unregister NMethod: java.util.concurrent.atomic.AtomicLong.incrementAndGet (0x00007f77cfe7d610) [0x00007f77cfe7d7a0, 0x00007f77cfe7d8c0] 
[9,823s][debug  ][gc,nmethod     ] GC(2) O: Unregister NMethod: sun.misc.Unsafe.getByte (0x00007f77cfa88c10) [0x00007f77cfa88da0, 0x00007f77cfa88eb0] 
[9,823s][debug  ][gc,nmethod     ] GC(2) O: Unregister NMethod: net.openhft.chronicle.core.UnsafeMemory.compareAndSwapInt (0x00007f77cfc54190) [0x00007f77cfc54340, 0x00007f77cfc54610] 
[9,823s][debug  ][gc,nmethod     ] GC(2) O: Unregister NMethod: java.util.Arrays.fill (0x00007f77ef3b9890) [0x00007f77ef3b9aa0, 0x00007f77ef3baa48] 
[9,823s][debug  ][gc,nmethod     ] GC(2) O: Unregister NMethod: jdk.internal.misc.Blocker.begin (0x00007f77cffe6190) [0x00007f77cffe63a0, 0x00007f77cffe6c20] 
[9,823s][debug  ][gc,nmethod     ] GC(2) O: Unregister NMethod: java.util.Arrays.copyOf (0x00007f77ef364f90) [0x00007f77ef365140, 0x00007f77ef365640] 
[9,823s][debug  ][gc,nmethod     ] GC(2) O: Unregister NMethod: net.openhft.chronicle.bytes.StreamingDataOutput.rawWriteByte (0x00007f77cfb68a10) [0x00007f77cfb68bc0, 0x00007f77cfb68d78] 
[9,823s][debug  ][gc,nmethod     ] GC(2) O: Unregister NMethod: io.sirix.page.delegates.BitmapReferencesPage.index (0x00007f77cfe15c90) [0x00007f77cfe15ea0, 0x00007f77cfe16420] 
[9,823s][debug  ][gc,nmethod     ] GC(2) O: Unregister NMethod: io.sirix.node.json.ArrayNode.getKind (0x00007f77cfe92e90) [0x00007f77cfe93020, 0x00007f77cfe93188] 
[9,823s][debug  ][gc,nmethod     ] GC(2) O: Unregister NMethod: java.util.stream.StreamOpFlag.isKnown (0x00007f77cfd00e10) [0x00007f77cfd00fa0, 0x00007f77cfd01108] 
[9,823s][debug  ][gc,nmethod     ] GC(2) O: Unregister NMethod: net.openhft.chronicle.bytes.RandomCommon.readLimit (0x00007f77ef389f10) [0x00007f77ef38a0a0, 0x00007f77ef38a140] 
[9,823s][debug  ][gc,nmethod     ] GC(2) O: Unregister NMethod: java.util.BitSet.and (0x00007f77cfe13890) [0x00007f77cfe13a80, 0x00007f77cfe13f08] 
[9,823s][debug  ][gc,nmethod     ] GC(2) O: Unregister NMethod: net.openhft.chronicle.bytes.BytesStore.realCapacity (0x00007f77cfa76010) [0x00007f77cfa761c0, 0x00007f77cfa762e8] 
[9,823s][debug  ][gc,nmethod     ] GC(2) O: Unregister NMethod: sun.security.provider.SHA2.implCompress (0x00007f77cfdb4710) [0x00007f77cfdb4900, 0x00007f77cfdb4d48] 
[9,823s][debug  ][gc,nmethod     ] GC(2) O: Unregister NMethod: java.util.ImmutableCollections$ListN.size (0x00007f77cfc95d90) [0x00007f77cfc95f20, 0x00007f77cfc96058] 
[9,823s][debug  ][gc,nmethod     ] GC(2) O: Unregister NMethod: java.util.BitSet.flip (0x00007f77cfe18690) [0x00007f77cfe188a0, 0x00007f77cfe18ee8] 
[9,823s][debug  ][gc,nmethod     ] GC(2) O: Unregister NMethod: io.sirix.node.NodeKind.serializeJsonObjectOrArrayStructDelegate (0x00007f77ef382590) [0x00007f77ef3827c0, 0x00007f77ef382dd8] 
[9,823s][debug  ][gc,nmethod     ] GC(2) O: Unregister NMethod: java.lang.String.checkIndex (0x00007f77cfa32010) [0x00007f77cfa321a0, 0x00007f77cfa322d0] 
[9,823s][debug  ][gc,nmethod     ] GC(2) O: Unregister NMethod: net.openhft.chronicle.bytes.AbstractBytes.readByte (0x00007f77cfa5e890) [0x00007f77cfa5ea60, 0x00007f77cfa5edb8] 
[9,823s][debug  ][gc,nmethod     ] GC(2) O: Unregister NMethod: net.openhft.chronicle.bytes.internal.HeapBytesStore.read (0x00007f77cfa73e90) [0x00007f77cfa74120, 0x00007f77cfa74a28] 
[9,823s][debug  ][gc,nmethod     ] GC(2) O: Unregister NMethod: net.openhft.chronicle.bytes.AbstractBytes.readLong (0x00007f77cffd7d90) [0x00007f77cffd7f60, 0x00007f77cffd82d8] 
[9,823s][debug  ][gc,nmethod     ] GC(2) O: Unregister NMethod: net.openhft.chronicle.core.io.VanillaReferenceCounted.release (0x00007f77ef39f090) [0x00007f77ef39f2a0, 0x00007f77ef39fb58] 
[9,823s][debug  ][gc,nmethod     ] GC(2) O: Unregister NMethod: net.openhft.chronicle.core.util.ObjectUtils.requireNonNull (0x00007f77cfa8a510) [0x00007f77cfa8a6a0, 0x00007f77cfa8a7d8] 
[9,823s][debug  ][gc,nmethod     ] GC(2) O: Unregister NMethod: net.openhft.chronicle.core.UnsafeMemory.writeLong (0x00007f77cff20c10) [0x00007f77cff20dc0, 0x00007f77cff20fa8] 
[9,824s][debug  ][gc,nmethod     ] GC(2) O: Unregister NMethod: java.util.ImmutableCollections$ListN.get (0x00007f77cfa2bd10) [0x00007f77cfa2bea0, 0x00007f77cfa2c030] 
[9,824s][debug  ][gc,nmethod     ] GC(2) O: Unregister NMethod: java.lang.Short.valueOf (0x00007f77cff7f610) [0x00007f77cff7f7e0, 0x00007f77cff7fb20] 
[9,824s][debug  ][gc,nmethod     ] GC(2) O: Unregister NMethod: io.sirix.access.trx.node.json.JsonNodeTrxImpl.insertAsSibling (0x00007f77ef2d5010) [0x00007f77ef2d54a0, 0x00007f77ef2d6ea8] 
[9,824s][debug  ][gc,nmethod     ] GC(2) O: Unregister NMethod: io.sirix.page.PageReference.setKey (0x00007f77cff5da90) [0x00007f77cff5dc20, 0x00007f77cff5dd30] 
[9,824s][debug  ][gc,nmethod     ] GC(2) O: Unregister NMethod: java.util.concurrent.ConcurrentHashMap$BaseIterator.hasNext (0x00007f77cfc05910) [0x00007f77cfc05aa0, 0x00007f77cfc05c38] 
[9,824s][debug  ][gc,nmethod     ] GC(2) O: Unregister NMethod: io.sirix.access.trx.page.NodePageTrx.prepareRecordPage (0x00007f77ef29d310) [0x00007f77ef29d540, 0x00007f77ef29dc68] 
[9,824s][debug  ][gc,nmethod     ] GC(2) O: Unregister NMethod: java.nio.HeapByteBuffer.byteOffset (0x00007f77cfcca990) [0x00007f77cfccab20, 0x00007f77cfccac28] 
[9,824s][debug  ][gc,nmethod     ] GC(2) O: Unregister NMethod: java.util.HashMap.computeIfAbsent (0x00007f77ef2b6010) [0x00007f77ef2b6300, 0x00007f77ef2b7618] 
[9,824s][debug  ][gc,nmethod     ] GC(2) O: Unregister NMethod: sun.security.provider.SHA2.implCompress0 (0x00007f77cfefb510) [0x00007f77cfefb780, 0x00007f77cfefc478] 
[9,824s][debug  ][gc,nmethod     ] GC(2) O: Unregister NMethod: sun.security.provider.DigestBase.engineUpdate (0x00007f77cfe4dc90) [0x00007f77cfe4df20, 0x00007f77cfe4ec28] 
[9,824s][debug  ][gc,nmethod     ] GC(2) O: Unregister NMethod: net.openhft.chronicle.bytes.NativeBytes.ensureCapacity (0x00007f77cfa97810) [0x00007f77cfa979e0, 0x00007f77cfa97cc8] 
[9,824s][debug  ][gc,nmethod     ] GC(2) O: Unregister NMethod: sun.security.provider.DigestBase.engineUpdate (0x00007f77cfe52c90) [0x00007f77cfe52f00, 0x00007f77cfe53a18] 
[9,824s][debug  ][gc,nmethod     ] GC(2) O: Unregister NMethod: io.sirix.node.xml.AbstractStructForwardingNode.getChildCount (0x00007f77cfaecd10) [0x00007f77cfaecec0, 0x00007f77cfaed0a0] 
[9,824s][debug  ][gc,nmethod     ] GC(2) O: Unregister NMethod: net.openhft.chronicle.bytes.NativeBytes.readRemaining (0x00007f77cfa6dc90) [0x00007f77cfa6de20, 0x00007f77cfa6dfb8] 
[9,824s][debug  ][gc,nmethod     ] GC(2) O: Unregister NMethod: io.sirix.page.KeyValueLeafPage.processEntries (0x00007f77cfa9c690) [0x00007f77cfa9c980, 0x00007f77cfa9db30] 
[9,824s][debug  ][gc,nmethod     ] GC(2) O: Unregister NMethod: net.openhft.chronicle.core.UnsafeMemory.copyMemory (0x00007f77cfa88790) [0x00007f77cfa88940, 0x00007f77cfa88af8] 
[9,824s][debug  ][gc,nmethod     ] GC(2) O: Unregister NMethod: io.sirix.access.trx.node.AbstractNodeReadOnlyTrx.moveTo (0x00007f77cffe0810) [0x00007f77cffe0ac0, 0x00007f77cffe1ac0] 
[9,824s][debug  ][gc,nmethod     ] GC(2) O: Unregister NMethod: java.nio.ByteBuffer.<init> (0x00007f77cfbe7a10) [0x00007f77cfbe7bc0, 0x00007f77cfbe7e08] 
[9,824s][debug  ][gc,nmethod     ] GC(2) O: Unregister NMethod: net.openhft.chronicle.core.UnsafeMemory.writeByte (0x00007f77ef296410) [0x00007f77ef296580, 0x00007f77ef296618] 
[9,824s][debug  ][gc,nmethod     ] GC(2) O: Unregister NMethod: net.openhft.chronicle.bytes.internal.ReferenceCountedUtil.throwExceptionIfReleased (0x00007f77cfe79790) [0x00007f77cfe79940, 0x00007f77cfe79be0] 
[9,824s][debug  ][gc,nmethod     ] GC(2) O: Unregister NMethod: io.sirix.access.trx.page.NodePageTrx.prepareRecordForModification (0x00007f77ef29fc10) [0x00007f77ef29fea0, 0x00007f77ef2a0a40] 
[9,824s][debug  ][gc,nmethod     ] GC(2) O: Unregister NMethod: io.sirix.index.path.summary.PathSummaryReader.moveTo (0x00007f77ef2aea90) [0x00007f77ef2aeca0, 0x00007f77ef2af3a8] 
[9,825s][debug  ][gc,nmethod     ] GC(2) O: Unregister NMethod: net.openhft.chronicle.core.UnsafeMemory.lambda$new$0 (0x00007f77cfb9d310) [0x00007f77cfb9d4c0, 0x00007f77cfb9d600] 
[9,825s][debug  ][gc,nmethod     ] GC(2) O: Unregister NMethod: sun.misc.Unsafe.putByte (0x00007f77cfa5c710) [0x00007f77cfa5c8a0, 0x00007f77cfa5c9a8] 
[9,825s][debug  ][gc,nmethod     ] GC(2) O: Unregister NMethod: io.sirix.access.trx.node.json.ForwardingJsonNodeReadOnlyTrx.isObjectKey (0x00007f77cfe7cf90) [0x00007f77cfe7d160, 0x00007f77cfe7d4e8] 
[9,825s][debug  ][gc,nmethod     ] GC(2) O: Unregister NMethod: java.util.Arrays.equals (0x00007f77cfb22390) [0x00007f77cfb22580, 0x00007f77cfb22ba0] 
[9,825s][debug  ][gc,nmethod     ] GC(2) O: Unregister NMethod: io.sirix.node.json.NullNode.getKind (0x00007f77cfc66710) [0x00007f77cfc668a0, 0x00007f77cfc669a8] 
[9,825s][debug  ][gc,nmethod     ] GC(2) O: Unregister NMethod: jdk.internal.misc.Unsafe.checkNativeAddress (0x00007f77cfa5e010) [0x00007f77cfa5e1a0, 0x00007f77cfa5e2b8] 
[9,825s][debug  ][gc,nmethod     ] GC(2) O: Unregister NMethod: net.openhft.chronicle.core.io.VanillaReferenceCounted.reserve (0x00007f77cfa45f90) [0x00007f77cfa46240, 0x00007f77cfa46d90] 
[9,825s][debug  ][gc,nmethod     ] GC(2) O: Unregister NMethod: io.sirix.access.trx.page.NodePageTrx.getPageContainer (0x00007f77ef29f410) [0x00007f77ef29f5e0, 0x00007f77ef29f9a0] 
[9,825s][debug  ][gc,nmethod     ] GC(2) O: Unregister NMethod: net.openhft.chronicle.core.Jvm.isJava9Plus (0x00007f77cfe87f10) [0x00007f77cfe880a0, 0x00007f77cfe881e0] 
[9,825s][debug  ][gc,nmethod     ] GC(2) O: Unregister NMethod: java.nio.ByteOrder.nativeOrder (0x00007f77cfa8ac10) [0x00007f77cfa8ada0, 0x00007f77cfa8ae90] 
[9,825s][debug  ][gc,nmethod     ] GC(2) O: Unregister NMethod: net.openhft.chronicle.bytes.internal.NativeBytesStore.writeByte (0x00007f77cff39790) [0x00007f77cff39960, 0x00007f77cff39cf8] 
[9,825s][debug  ][gc,nmethod     ] GC(2) O: Unregister NMethod: jdk.internal.misc.Unsafe.putLongUnaligned (0x00007f77ef386b10) [0x00007f77ef386ca0, 0x00007f77ef386d70] 
[9,825s][debug  ][gc,nmethod     ] GC(2) O: Unregister NMethod: net.openhft.chronicle.bytes.AbstractBytes.read (0x00007f77cfa66190) [0x00007f77cfa66360, 0x00007f77cfa66570] 
[9,825s][debug  ][gc,nmethod     ] GC(2) O: Unregister NMethod: io.sirix.node.json.ObjectNumberNode.getKind (0x00007f77cfe29b90) [0x00007f77cfe29d20, 0x00007f77cfe29e30] 
[9,825s][debug  ][gc,nmethod     ] GC(2) O: Unregister NMethod: net.jpountz.lz4.LZ4BlockOutputStream.writeIntLE (0x00007f77cfe86010) [0x00007f77cfe861a0, 0x00007f77cfe86328] 
[9,825s][debug  ][gc,nmethod     ] GC(2) O: Unregister NMethod: jdk.internal.misc.Unsafe.convEndian (0x00007f77cfb1c190) [0x00007f77cfb1c320, 0x00007f77cfb1c4e0] 
[9,825s][debug  ][gc,nmethod     ] GC(2) O: Unregister NMethod: jdk.internal.misc.Unsafe.getIntUnaligned (0x00007f77ef26ce90) [0x00007f77ef26d000, 0x00007f77ef26d0a8] 
[9,825s][debug  ][gc,nmethod     ] GC(2) O: Unregister NMethod: java.util.stream.ReferencePipeline$3$1.accept (0x00007f77cfba7e90) [0x00007f77cfba8060, 0x00007f77cfba8390] 
[9,825s][debug  ][gc,nmethod     ] GC(2) O: Unregister NMethod: net.openhft.chronicle.bytes.AbstractBytes.clear (0x00007f77cffb7f10) [0x00007f77cffb80e0, 0x00007f77cffb8698] 
[9,825s][debug  ][gc,nmethod     ] GC(2) O: Unregister NMethod: io.sirix.node.NodeSerializerImpl.serialize (0x00007f77cfa49b90) [0x00007f77cfa49d60, 0x00007f77cfa4a238] 
[9,825s][debug  ][gc,nmethod     ] GC(2) O: Unregister NMethod: java.nio.HeapByteBuffer.putLong (0x00007f77cfe54010) [0x00007f77cfe54280, 0x00007f77cfe54cb0] 
[9,825s][debug  ][gc,nmethod     ] GC(2) O: Unregister NMethod: io.sirix.node.xml.AbstractStructForwardingNode.getChildCount (0x00007f77ef37a510) [0x00007f77ef37a6a0, 0x00007f77ef37a790] 
[9,825s][debug  ][gc,nmethod     ] GC(2) O: Unregister NMethod: net.openhft.chronicle.core.UnsafeMemory.copyMemory (0x00007f77cfe42690) [0x00007f77cfe428e0, 0x00007f77cfe42f60] 
[9,825s][debug  ][gc,nmethod     ] GC(2) O: Unregister NMethod: java.io.ByteArrayOutputStream.close (0x00007f77cfe50d10) [0x00007f77cfe50ea0, 0x00007f77cfe50fa8] 
[9,825s][debug  ][gc,nmethod     ] GC(2) O: Unregister NMethod: io.sirix.node.json.StringNode.getKind (0x00007f77cfaa5c10) [0x00007f77cfaa5da0, 0x00007f77cfaa5f08] 
[9,825s][debug  ][gc,nmethod     ] GC(2) O: Unregister NMethod: java.lang.Thread.interrupted (0x00007f77cfb84810) [0x00007f77cfb849c0, 0x00007f77cfb84c58] 
[9,825s][debug  ][gc,nmethod     ] GC(2) O: Unregister NMethod: net.openhft.chronicle.bytes.internal.ReferenceCountedUtil.throwExceptionIfReleased (0x00007f77ef2aae90) [0x00007f77ef2ab040, 0x00007f77ef2ab218] 
[9,825s][debug  ][gc,nmethod     ] GC(2) O: Unregister NMethod: net.openhft.chronicle.bytes.internal.HeapBytesStore.readByte (0x00007f77cfa5f910) [0x00007f77cfa5fb00, 0x00007f77cfa60248] 
[9,825s][debug  ][gc,nmethod     ] GC(2) O: Unregister NMethod: sun.security.provider.ByteArrayAccess.i2bBig4 (0x00007f77cfe16c90) [0x00007f77cfe16ea0, 0x00007f77cfe17460] 
[9,826s][debug  ][gc,nmethod     ] GC(2) O: Unregister NMethod: net.openhft.chronicle.bytes.AbstractBytes.read (0x00007f77ef266a90) [0x00007f77ef266c80, 0x00007f77ef2673e0] 
[9,826s][debug  ][gc,nmethod     ] GC(2) O: Unregister NMethod: java.util.ImmutableCollections$AbstractImmutableList.iterator (0x00007f77cfe2cd10) [0x00007f77cfe2cee0, 0x00007f77cfe2d250] 
[9,826s][debug  ][gc,nmethod     ] GC(2) O: Unregister NMethod: java.io.OutputStream.flush (0x00007f77cfe28c10) [0x00007f77cfe28da0, 0x00007f77cfe28ea8] 
[9,826s][debug  ][gc,nmethod     ] GC(2) O: Unregister NMethod: io.sirix.access.trx.node.json.JsonNodeTrxImpl.nodeReadOnlyTrxDelegate (0x00007f77cfaf1390) [0x00007f77cfaf1540, 0x00007f77cfaf1768] 
[9,826s][debug  ][gc,nmethod     ] GC(2) O: Unregister NMethod: java.nio.ByteBuffer.limit (0x00007f77cfdb5c90) [0x00007f77cfdb5e40, 0x00007f77cfdb5ff8] 
[9,826s][debug  ][gc,nmethod     ] GC(2) O: Unregister NMethod: io.sirix.service.json.shredder.JsonShredder.processString (0x00007f77cffde410) [0x00007f77cffde600, 0x00007f77cffde9c0] 
[9,826s][debug  ][gc,nmethod     ] GC(2) O: Unregister NMethod: net.openhft.chronicle.bytes.internal.BytesInternal.writeStopBit (0x00007f77ef2d3110) [0x00007f77ef2d3340, 0x00007f77ef2d3988] 
[9,826s][debug  ][gc,nmethod     ] GC(2) O: Unregister NMethod: com.google.gson.stream.JsonReader.fillBuffer (0x00007f77cff85e90) [0x00007f77cff86080, 0x00007f77cff866a8] 
[9,826s][debug  ][gc,nmethod     ] GC(2) O: Unregister NMethod: jdk.internal.util.Preconditions.checkFromIndexSize (0x00007f77cfa8c010) [0x00007f77cfa8c1c0, 0x00007f77cfa8c378] 
[9,826s][debug  ][gc,nmethod     ] GC(2) O: Unregister NMethod: sun.security.provider.ByteArrayAccess.i2bBig (0x00007f77cfb63610) [0x00007f77cfb63820, 0x00007f77cfb63ef0] 
[9,826s][debug  ][gc,nmethod     ] GC(2) O: Unregister NMethod: net.openhft.chronicle.bytes.AbstractBytes.writeInt (0x00007f77ef323390) [0x00007f77ef323580, 0x00007f77ef323aa0] 
[9,826s][debug  ][gc,nmethod     ] GC(2) O: Unregister NMethod: java.io.FileInputStream.read (0x00007f77cfc43990) [0x00007f77cfc43b60, 0x00007f77cfc43d88] 
[9,826s][debug  ][gc,nmethod     ] GC(2) O: Unregister NMethod: net.openhft.chronicle.bytes.AbstractBytes.readOffsetPositionMoved (0x00007f77cfbffe90) [0x00007f77cfc00080, 0x00007f77cfc00698] 
[9,826s][debug  ][gc,nmethod     ] GC(2) O: Unregister NMethod: io.sirix.access.trx.page.NodePageTrx.getRecord (0x00007f77ef29e110) [0x00007f77ef29e380, 0x00007f77ef29ecb8] 
[9,826s][debug  ][gc,nmethod     ] GC(2) O: Unregister NMethod: jdk.internal.misc.Unsafe.getIntUnaligned (0x00007f77cfb1d010) [0x00007f77cfb1d1c0, 0x00007f77cfb1d420] 
[9,826s][debug  ][gc,nmethod     ] GC(2) O: Unregister NMethod: net.openhft.chronicle.bytes.internal.NativeBytesStore.write0 (0x00007f77cff1dd10) [0x00007f77cff1df00, 0x00007f77cff1e418] 
[9,826s][debug  ][gc,nmethod     ] GC(2) O: Unregister NMethod: java.nio.ByteBuffer.order (0x00007f77cff38d10) [0x00007f77cff38ec0, 0x00007f77cff39100] 
[9,826s][debug  ][gc,nmethod     ] GC(2) O: Unregister NMethod: java.util.concurrent.ConcurrentHashMap.computeIfAbsent (0x00007f77cfb4dc10) [0x00007f77cfb4e080, 0x00007f77cfb50628] 
[9,826s][debug  ][gc,nmethod     ] GC(2) O: Unregister NMethod: net.openhft.chronicle.bytes.VanillaBytes.bytesForRead (0x00007f77cfb6e110) [0x00007f77cfb6e360, 0x00007f77cfb6ee68] 
[9,826s][debug  ][gc,nmethod     ] GC(2) O: Unregister NMethod: net.openhft.chronicle.bytes.NativeBytes.writeLong (0x00007f77ef29ad90) [0x00007f77ef29af80, 0x00007f77ef29b420] 
[9,826s][debug  ][gc,nmethod     ] GC(2) O: Unregister NMethod: io.brackit.query.atomic.AbstractAtomic.<init> (0x00007f77cfe35010) [0x00007f77cfe351c0, 0x00007f77cfe353e0] 
[9,826s][debug  ][gc,nmethod     ] GC(2) O: Unregister NMethod: java.util.concurrent.ConcurrentHashMap$Traverser.advance (0x00007f77cfc02c90) [0x00007f77cfc02f00, 0x00007f77cfc03c10] 
[9,826s][debug  ][gc,nmethod     ] GC(2) O: Unregister NMethod: io.sirix.node.immutable.json.ImmutableArrayNode.getPathNodeKey (0x00007f77cfe7a890) [0x00007f77cfe7aa20, 0x00007f77cfe7ab78] 
[9,826s][debug  ][gc,nmethod     ] GC(2) O: Unregister NMethod: io.sirix.access.trx.node.AbstractNodeTrxImpl.getCurrentNode (0x00007f77cfeeee90) [0x00007f77cfeef040, 0x00007f77cfeef268] 
[9,826s][debug  ][gc,nmethod     ] GC(2) O: Unregister NMethod: jdk.internal.misc.Unsafe.putLongUnaligned (0x00007f77cfe86690) [0x00007f77cfe86840, 0x00007f77cfe86a58] 
[9,826s][debug  ][gc,nmethod     ] GC(2) O: Unregister NMethod: java.lang.StringBuilder.append (0x00007f77cffe7f10) [0x00007f77cffe80c0, 0x00007f77cffe8208] 
[9,826s][debug  ][gc,nmethod     ] GC(2) O: Unregister NMethod: net.jpountz.lz4.LZ4BlockOutputStream.flush (0x00007f77cfb6f210) [0x00007f77cfb6f3e0, 0x00007f77cfb6f6d0] 
[9,826s][debug  ][gc,nmethod     ] GC(2) O: Unregister NMethod: jdk.internal.misc.Blocker.end (0x00007f77ef221310) [0x00007f77ef221480, 0x00007f77ef221518] 
[9,827s][debug  ][gc,nmethod     ] GC(2) O: Unregister NMethod: io.sirix.node.json.BooleanNode.getKind (0x00007f77cfb12590) [0x00007f77cfb12720, 0x00007f77cfb12888] 
[9,827s][debug  ][gc,nmethod     ] GC(2) O: Unregister NMethod: java.lang.Integer.numberOfTrailingZeros (0x00007f77cff7d310) [0x00007f77cff7d4c0, 0x00007f77cff7d728] 
[9,827s][debug  ][gc,nmethod     ] GC(2) O: Unregister NMethod: net.openhft.chronicle.bytes.internal.NativeBytesStore.writeShort (0x00007f77cfecac10) [0x00007f77cfecade0, 0x00007f77cfecb178] 
[9,827s][debug  ][gc,nmethod     ] GC(2) O: Unregister NMethod: io.sirix.page.KeyValueLeafPage.clearPage (0x00007f77cff1ba90) [0x00007f77cff1bcc0, 0x00007f77cff1c378] 
[9,827s][debug  ][gc,nmethod     ] GC(2) O: Unregister NMethod: net.openhft.chronicle.bytes.AbstractBytes.read (0x00007f77cffb4d10) [0x00007f77cffb4f20, 0x00007f77cffb56f8] 
[9,827s][debug  ][gc,nmethod     ] GC(2) O: Unregister NMethod: net.openhft.chronicle.bytes.NativeBytes.wrapWithNativeBytes (0x00007f77cfe17f90) [0x00007f77cfe18160, 0x00007f77cfe18508] 
[9,827s][debug  ][gc,nmethod     ] GC(2) O: Unregister NMethod: net.openhft.chronicle.core.UnsafeMemory.writeLong (0x00007f77cfc01a90) [0x00007f77cfc01c20, 0x00007f77cfc01d30] 
[9,827s][debug  ][gc,nmethod     ] GC(2) O: Unregister NMethod: net.openhft.chronicle.bytes.AbstractBytes.writeShort (0x00007f77cfa6bb10) [0x00007f77cfa6bcc0, 0x00007f77cfa6bf18] 
[9,827s][debug  ][gc,phases      ] GC(2) O: Concurrent Classes Unlink 11,797ms
[9,827s][debug  ][gc,phases,start] GC(2) O: Concurrent Classes Purge
[9,827s][debug  ][gc,nmethod     ] GC(2) O: Purge NMethod: net.openhft.chronicle.bytes.AbstractBytes.writeShort (0x00007f77cfa6bb10) [0x00007f77cfa6bcc0, 0x00007f77cfa6bf18] 
[9,827s][debug  ][gc,nmethod     ] GC(2) O: Purge NMethod: net.openhft.chronicle.core.UnsafeMemory.writeLong (0x00007f77cfc01a90) [0x00007f77cfc01c20, 0x00007f77cfc01d30] 
[9,827s][debug  ][gc,nmethod     ] GC(2) O: Purge NMethod: net.openhft.chronicle.bytes.NativeBytes.wrapWithNativeBytes (0x00007f77cfe17f90) [0x00007f77cfe18160, 0x00007f77cfe18508] 
[9,827s][debug  ][gc,nmethod     ] GC(2) O: Purge NMethod: net.openhft.chronicle.bytes.AbstractBytes.read (0x00007f77cffb4d10) [0x00007f77cffb4f20, 0x00007f77cffb56f8] 
[9,827s][debug  ][gc,nmethod     ] GC(2) O: Purge NMethod: io.sirix.page.KeyValueLeafPage.clearPage (0x00007f77cff1ba90) [0x00007f77cff1bcc0, 0x00007f77cff1c378] 
[9,827s][debug  ][gc,nmethod     ] GC(2) O: Purge NMethod: net.openhft.chronicle.bytes.internal.NativeBytesStore.writeShort (0x00007f77cfecac10) [0x00007f77cfecade0, 0x00007f77cfecb178] 
[9,827s][debug  ][gc,nmethod     ] GC(2) O: Purge NMethod: java.lang.Integer.numberOfTrailingZeros (0x00007f77cff7d310) [0x00007f77cff7d4c0, 0x00007f77cff7d728] 
[9,827s][debug  ][gc,nmethod     ] GC(2) O: Purge NMethod: io.sirix.node.json.BooleanNode.getKind (0x00007f77cfb12590) [0x00007f77cfb12720, 0x00007f77cfb12888] 
[9,827s][debug  ][gc,nmethod     ] GC(2) O: Purge NMethod: jdk.internal.misc.Blocker.end (0x00007f77ef221310) [0x00007f77ef221480, 0x00007f77ef221518] 
[9,827s][debug  ][gc,nmethod     ] GC(2) O: Purge NMethod: net.jpountz.lz4.LZ4BlockOutputStream.flush (0x00007f77cfb6f210) [0x00007f77cfb6f3e0, 0x00007f77cfb6f6d0] 
[9,827s][debug  ][gc,nmethod     ] GC(2) O: Purge NMethod: java.lang.StringBuilder.append (0x00007f77cffe7f10) [0x00007f77cffe80c0, 0x00007f77cffe8208] 
[9,827s][debug  ][gc,nmethod     ] GC(2) O: Purge NMethod: jdk.internal.misc.Unsafe.putLongUnaligned (0x00007f77cfe86690) [0x00007f77cfe86840, 0x00007f77cfe86a58] 
[9,827s][debug  ][gc,nmethod     ] GC(2) O: Purge NMethod: io.sirix.access.trx.node.AbstractNodeTrxImpl.getCurrentNode (0x00007f77cfeeee90) [0x00007f77cfeef040, 0x00007f77cfeef268] 
[9,827s][debug  ][gc,nmethod     ] GC(2) O: Purge NMethod: io.sirix.node.immutable.json.ImmutableArrayNode.getPathNodeKey (0x00007f77cfe7a890) [0x00007f77cfe7aa20, 0x00007f77cfe7ab78] 
[9,827s][debug  ][gc,nmethod     ] GC(2) O: Purge NMethod: java.util.concurrent.ConcurrentHashMap$Traverser.advance (0x00007f77cfc02c90) [0x00007f77cfc02f00, 0x00007f77cfc03c10] 
[9,827s][debug  ][gc,nmethod     ] GC(2) O: Purge NMethod: io.brackit.query.atomic.AbstractAtomic.<init> (0x00007f77cfe35010) [0x00007f77cfe351c0, 0x00007f77cfe353e0] 
[9,827s][debug  ][gc,nmethod     ] GC(2) O: Purge NMethod: net.openhft.chronicle.bytes.NativeBytes.writeLong (0x00007f77ef29ad90) [0x00007f77ef29af80, 0x00007f77ef29b420] 
[9,827s][debug  ][gc,nmethod     ] GC(2) O: Purge NMethod: net.openhft.chronicle.bytes.VanillaBytes.bytesForRead (0x00007f77cfb6e110) [0x00007f77cfb6e360, 0x00007f77cfb6ee68] 
[9,827s][debug  ][gc,nmethod     ] GC(2) O: Purge NMethod: java.util.concurrent.ConcurrentHashMap.computeIfAbsent (0x00007f77cfb4dc10) [0x00007f77cfb4e080, 0x00007f77cfb50628] 
[9,827s][debug  ][gc,nmethod     ] GC(2) O: Purge NMethod: java.nio.ByteBuffer.order (0x00007f77cff38d10) [0x00007f77cff38ec0, 0x00007f77cff39100] 
[9,827s][debug  ][gc,nmethod     ] GC(2) O: Purge NMethod: net.openhft.chronicle.bytes.internal.NativeBytesStore.write0 (0x00007f77cff1dd10) [0x00007f77cff1df00, 0x00007f77cff1e418] 
[9,827s][debug  ][gc,nmethod     ] GC(2) O: Purge NMethod: jdk.internal.misc.Unsafe.getIntUnaligned (0x00007f77cfb1d010) [0x00007f77cfb1d1c0, 0x00007f77cfb1d420] 
[9,827s][debug  ][gc,nmethod     ] GC(2) O: Purge NMethod: io.sirix.access.trx.page.NodePageTrx.getRecord (0x00007f77ef29e110) [0x00007f77ef29e380, 0x00007f77ef29ecb8] 
[9,827s][debug  ][gc,nmethod     ] GC(2) O: Purge NMethod: net.openhft.chronicle.bytes.AbstractBytes.readOffsetPositionMoved (0x00007f77cfbffe90) [0x00007f77cfc00080, 0x00007f77cfc00698] 
[9,827s][debug  ][gc,nmethod     ] GC(2) O: Purge NMethod: java.io.FileInputStream.read (0x00007f77cfc43990) [0x00007f77cfc43b60, 0x00007f77cfc43d88] 
[9,827s][debug  ][gc,nmethod     ] GC(2) O: Purge NMethod: net.openhft.chronicle.bytes.AbstractBytes.writeInt (0x00007f77ef323390) [0x00007f77ef323580, 0x00007f77ef323aa0] 
[9,827s][debug  ][gc,nmethod     ] GC(2) O: Purge NMethod: sun.security.provider.ByteArrayAccess.i2bBig (0x00007f77cfb63610) [0x00007f77cfb63820, 0x00007f77cfb63ef0] 
[9,827s][debug  ][gc,nmethod     ] GC(2) O: Purge NMethod: jdk.internal.util.Preconditions.checkFromIndexSize (0x00007f77cfa8c010) [0x00007f77cfa8c1c0, 0x00007f77cfa8c378] 
[9,827s][debug  ][gc,nmethod     ] GC(2) O: Purge NMethod: com.google.gson.stream.JsonReader.fillBuffer (0x00007f77cff85e90) [0x00007f77cff86080, 0x00007f77cff866a8] 
[9,827s][debug  ][gc,nmethod     ] GC(2) O: Purge NMethod: net.openhft.chronicle.bytes.internal.BytesInternal.writeStopBit (0x00007f77ef2d3110) [0x00007f77ef2d3340, 0x00007f77ef2d3988] 
[9,827s][debug  ][gc,nmethod     ] GC(2) O: Purge NMethod: io.sirix.service.json.shredder.JsonShredder.processString (0x00007f77cffde410) [0x00007f77cffde600, 0x00007f77cffde9c0] 
[9,827s][debug  ][gc,nmethod     ] GC(2) O: Purge NMethod: java.nio.ByteBuffer.limit (0x00007f77cfdb5c90) [0x00007f77cfdb5e40, 0x00007f77cfdb5ff8] 
[9,827s][debug  ][gc,nmethod     ] GC(2) O: Purge NMethod: io.sirix.access.trx.node.json.JsonNodeTrxImpl.nodeReadOnlyTrxDelegate (0x00007f77cfaf1390) [0x00007f77cfaf1540, 0x00007f77cfaf1768] 
[9,827s][debug  ][gc,nmethod     ] GC(2) O: Purge NMethod: java.io.OutputStream.flush (0x00007f77cfe28c10) [0x00007f77cfe28da0, 0x00007f77cfe28ea8] 
[9,827s][debug  ][gc,nmethod     ] GC(2) O: Purge NMethod: java.util.ImmutableCollections$AbstractImmutableList.iterator (0x00007f77cfe2cd10) [0x00007f77cfe2cee0, 0x00007f77cfe2d250] 
[9,827s][debug  ][gc,nmethod     ] GC(2) O: Purge NMethod: net.openhft.chronicle.bytes.AbstractBytes.read (0x00007f77ef266a90) [0x00007f77ef266c80, 0x00007f77ef2673e0] 
[9,827s][debug  ][gc,nmethod     ] GC(2) O: Purge NMethod: sun.security.provider.ByteArrayAccess.i2bBig4 (0x00007f77cfe16c90) [0x00007f77cfe16ea0, 0x00007f77cfe17460] 
[9,827s][debug  ][gc,nmethod     ] GC(2) O: Purge NMethod: net.openhft.chronicle.bytes.internal.HeapBytesStore.readByte (0x00007f77cfa5f910) [0x00007f77cfa5fb00, 0x00007f77cfa60248] 
[9,827s][debug  ][gc,nmethod     ] GC(2) O: Purge NMethod: net.openhft.chronicle.bytes.internal.ReferenceCountedUtil.throwExceptionIfReleased (0x00007f77ef2aae90) [0x00007f77ef2ab040, 0x00007f77ef2ab218] 
[9,827s][debug  ][gc,nmethod     ] GC(2) O: Purge NMethod: java.lang.Thread.interrupted (0x00007f77cfb84810) [0x00007f77cfb849c0, 0x00007f77cfb84c58] 
[9,827s][debug  ][gc,nmethod     ] GC(2) O: Purge NMethod: io.sirix.node.json.StringNode.getKind (0x00007f77cfaa5c10) [0x00007f77cfaa5da0, 0x00007f77cfaa5f08] 
[9,827s][debug  ][gc,nmethod     ] GC(2) O: Purge NMethod: java.io.ByteArrayOutputStream.close (0x00007f77cfe50d10) [0x00007f77cfe50ea0, 0x00007f77cfe50fa8] 
[9,827s][debug  ][gc,nmethod     ] GC(2) O: Purge NMethod: net.openhft.chronicle.core.UnsafeMemory.copyMemory (0x00007f77cfe42690) [0x00007f77cfe428e0, 0x00007f77cfe42f60] 
[9,827s][debug  ][gc,nmethod     ] GC(2) O: Purge NMethod: io.sirix.node.xml.AbstractStructForwardingNode.getChildCount (0x00007f77ef37a510) [0x00007f77ef37a6a0, 0x00007f77ef37a790] 
[9,827s][debug  ][gc,nmethod     ] GC(2) O: Purge NMethod: java.nio.HeapByteBuffer.putLong (0x00007f77cfe54010) [0x00007f77cfe54280, 0x00007f77cfe54cb0] 
[9,827s][debug  ][gc,nmethod     ] GC(2) O: Purge NMethod: io.sirix.node.NodeSerializerImpl.serialize (0x00007f77cfa49b90) [0x00007f77cfa49d60, 0x00007f77cfa4a238] 
[9,827s][debug  ][gc,nmethod     ] GC(2) O: Purge NMethod: net.openhft.chronicle.bytes.AbstractBytes.clear (0x00007f77cffb7f10) [0x00007f77cffb80e0, 0x00007f77cffb8698] 
[9,827s][debug  ][gc,nmethod     ] GC(2) O: Purge NMethod: java.util.stream.ReferencePipeline$3$1.accept (0x00007f77cfba7e90) [0x00007f77cfba8060, 0x00007f77cfba8390] 
[9,827s][debug  ][gc,nmethod     ] GC(2) O: Purge NMethod: jdk.internal.misc.Unsafe.getIntUnaligned (0x00007f77ef26ce90) [0x00007f77ef26d000, 0x00007f77ef26d0a8] 
[9,827s][debug  ][gc,nmethod     ] GC(2) O: Purge NMethod: jdk.internal.misc.Unsafe.convEndian (0x00007f77cfb1c190) [0x00007f77cfb1c320, 0x00007f77cfb1c4e0] 
[9,827s][debug  ][gc,nmethod     ] GC(2) O: Purge NMethod: net.jpountz.lz4.LZ4BlockOutputStream.writeIntLE (0x00007f77cfe86010) [0x00007f77cfe861a0, 0x00007f77cfe86328] 
[9,827s][debug  ][gc,nmethod     ] GC(2) O: Purge NMethod: io.sirix.node.json.ObjectNumberNode.getKind (0x00007f77cfe29b90) [0x00007f77cfe29d20, 0x00007f77cfe29e30] 
[9,828s][debug  ][gc,nmethod     ] GC(2) O: Purge NMethod: net.openhft.chronicle.bytes.AbstractBytes.read (0x00007f77cfa66190) [0x00007f77cfa66360, 0x00007f77cfa66570] 
[9,828s][debug  ][gc,nmethod     ] GC(2) O: Purge NMethod: jdk.internal.misc.Unsafe.putLongUnaligned (0x00007f77ef386b10) [0x00007f77ef386ca0, 0x00007f77ef386d70] 
[9,828s][debug  ][gc,nmethod     ] GC(2) O: Purge NMethod: net.openhft.chronicle.bytes.internal.NativeBytesStore.writeByte (0x00007f77cff39790) [0x00007f77cff39960, 0x00007f77cff39cf8] 
[9,828s][debug  ][gc,nmethod     ] GC(2) O: Purge NMethod: java.nio.ByteOrder.nativeOrder (0x00007f77cfa8ac10) [0x00007f77cfa8ada0, 0x00007f77cfa8ae90] 
[9,828s][debug  ][gc,nmethod     ] GC(2) O: Purge NMethod: net.openhft.chronicle.core.Jvm.isJava9Plus (0x00007f77cfe87f10) [0x00007f77cfe880a0, 0x00007f77cfe881e0] 
[9,828s][debug  ][gc,nmethod     ] GC(2) O: Purge NMethod: io.sirix.access.trx.page.NodePageTrx.getPageContainer (0x00007f77ef29f410) [0x00007f77ef29f5e0, 0x00007f77ef29f9a0] 
[9,828s][debug  ][gc,nmethod     ] GC(2) O: Purge NMethod: net.openhft.chronicle.core.io.VanillaReferenceCounted.reserve (0x00007f77cfa45f90) [0x00007f77cfa46240, 0x00007f77cfa46d90] 
[9,828s][debug  ][gc,nmethod     ] GC(2) O: Purge NMethod: jdk.internal.misc.Unsafe.checkNativeAddress (0x00007f77cfa5e010) [0x00007f77cfa5e1a0, 0x00007f77cfa5e2b8] 
[9,828s][debug  ][gc,nmethod     ] GC(2) O: Purge NMethod: io.sirix.node.json.NullNode.getKind (0x00007f77cfc66710) [0x00007f77cfc668a0, 0x00007f77cfc669a8] 
[9,828s][debug  ][gc,nmethod     ] GC(2) O: Purge NMethod: java.util.Arrays.equals (0x00007f77cfb22390) [0x00007f77cfb22580, 0x00007f77cfb22ba0] 
[9,828s][debug  ][gc,nmethod     ] GC(2) O: Purge NMethod: io.sirix.access.trx.node.json.ForwardingJsonNodeReadOnlyTrx.isObjectKey (0x00007f77cfe7cf90) [0x00007f77cfe7d160, 0x00007f77cfe7d4e8] 
[9,828s][debug  ][gc,nmethod     ] GC(2) O: Purge NMethod: sun.misc.Unsafe.putByte (0x00007f77cfa5c710) [0x00007f77cfa5c8a0, 0x00007f77cfa5c9a8] 
[9,828s][debug  ][gc,nmethod     ] GC(2) O: Purge NMethod: net.openhft.chronicle.core.UnsafeMemory.lambda$new$0 (0x00007f77cfb9d310) [0x00007f77cfb9d4c0, 0x00007f77cfb9d600] 
[9,828s][debug  ][gc,nmethod     ] GC(2) O: Purge NMethod: io.sirix.index.path.summary.PathSummaryReader.moveTo (0x00007f77ef2aea90) [0x00007f77ef2aeca0, 0x00007f77ef2af3a8] 
[9,828s][debug  ][gc,nmethod     ] GC(2) O: Purge NMethod: io.sirix.access.trx.page.NodePageTrx.prepareRecordForModification (0x00007f77ef29fc10) [0x00007f77ef29fea0, 0x00007f77ef2a0a40] 
[9,828s][debug  ][gc,nmethod     ] GC(2) O: Purge NMethod: net.openhft.chronicle.bytes.internal.ReferenceCountedUtil.throwExceptionIfReleased (0x00007f77cfe79790) [0x00007f77cfe79940, 0x00007f77cfe79be0] 
[9,828s][debug  ][gc,nmethod     ] GC(2) O: Purge NMethod: net.openhft.chronicle.core.UnsafeMemory.writeByte (0x00007f77ef296410) [0x00007f77ef296580, 0x00007f77ef296618] 
[9,828s][debug  ][gc,nmethod     ] GC(2) O: Purge NMethod: java.nio.ByteBuffer.<init> (0x00007f77cfbe7a10) [0x00007f77cfbe7bc0, 0x00007f77cfbe7e08] 
[9,828s][debug  ][gc,nmethod     ] GC(2) O: Purge NMethod: io.sirix.access.trx.node.AbstractNodeReadOnlyTrx.moveTo (0x00007f77cffe0810) [0x00007f77cffe0ac0, 0x00007f77cffe1ac0] 
[9,828s][debug  ][gc,nmethod     ] GC(2) O: Purge NMethod: net.openhft.chronicle.core.UnsafeMemory.copyMemory (0x00007f77cfa88790) [0x00007f77cfa88940, 0x00007f77cfa88af8] 
[9,828s][debug  ][gc,nmethod     ] GC(2) O: Purge NMethod: io.sirix.page.KeyValueLeafPage.processEntries (0x00007f77cfa9c690) [0x00007f77cfa9c980, 0x00007f77cfa9db30] 
[9,828s][debug  ][gc,nmethod     ] GC(2) O: Purge NMethod: net.openhft.chronicle.bytes.NativeBytes.readRemaining (0x00007f77cfa6dc90) [0x00007f77cfa6de20, 0x00007f77cfa6dfb8] 
[9,828s][debug  ][gc,nmethod     ] GC(2) O: Purge NMethod: io.sirix.node.xml.AbstractStructForwardingNode.getChildCount (0x00007f77cfaecd10) [0x00007f77cfaecec0, 0x00007f77cfaed0a0] 
[9,828s][debug  ][gc,nmethod     ] GC(2) O: Purge NMethod: sun.security.provider.DigestBase.engineUpdate (0x00007f77cfe52c90) [0x00007f77cfe52f00, 0x00007f77cfe53a18] 
[9,828s][debug  ][gc,nmethod     ] GC(2) O: Purge NMethod: net.openhft.chronicle.bytes.NativeBytes.ensureCapacity (0x00007f77cfa97810) [0x00007f77cfa979e0, 0x00007f77cfa97cc8] 
[9,828s][debug  ][gc,nmethod     ] GC(2) O: Purge NMethod: sun.security.provider.DigestBase.engineUpdate (0x00007f77cfe4dc90) [0x00007f77cfe4df20, 0x00007f77cfe4ec28] 
[9,828s][debug  ][gc,nmethod     ] GC(2) O: Purge NMethod: sun.security.provider.SHA2.implCompress0 (0x00007f77cfefb510) [0x00007f77cfefb780, 0x00007f77cfefc478] 
[9,828s][debug  ][gc,nmethod     ] GC(2) O: Purge NMethod: java.util.HashMap.computeIfAbsent (0x00007f77ef2b6010) [0x00007f77ef2b6300, 0x00007f77ef2b7618] 
[9,828s][debug  ][gc,nmethod     ] GC(2) O: Purge NMethod: java.nio.HeapByteBuffer.byteOffset (0x00007f77cfcca990) [0x00007f77cfccab20, 0x00007f77cfccac28] 
[9,828s][debug  ][gc,nmethod     ] GC(2) O: Purge NMethod: io.sirix.access.trx.page.NodePageTrx.prepareRecordPage (0x00007f77ef29d310) [0x00007f77ef29d540, 0x00007f77ef29dc68] 
[9,828s][debug  ][gc,nmethod     ] GC(2) O: Purge NMethod: java.util.concurrent.ConcurrentHashMap$BaseIterator.hasNext (0x00007f77cfc05910) [0x00007f77cfc05aa0, 0x00007f77cfc05c38] 
[9,828s][debug  ][gc,nmethod     ] GC(2) O: Purge NMethod: io.sirix.page.PageReference.setKey (0x00007f77cff5da90) [0x00007f77cff5dc20, 0x00007f77cff5dd30] 
[9,828s][debug  ][gc,nmethod     ] GC(2) O: Purge NMethod: io.sirix.access.trx.node.json.JsonNodeTrxImpl.insertAsSibling (0x00007f77ef2d5010) [0x00007f77ef2d54a0, 0x00007f77ef2d6ea8] 
[9,828s][debug  ][gc,nmethod     ] GC(2) O: Purge NMethod: java.lang.Short.valueOf (0x00007f77cff7f610) [0x00007f77cff7f7e0, 0x00007f77cff7fb20] 
[9,828s][debug  ][gc,nmethod     ] GC(2) O: Purge NMethod: java.util.ImmutableCollections$ListN.get (0x00007f77cfa2bd10) [0x00007f77cfa2bea0, 0x00007f77cfa2c030] 
[9,828s][debug  ][gc,nmethod     ] GC(2) O: Purge NMethod: net.openhft.chronicle.core.UnsafeMemory.writeLong (0x00007f77cff20c10) [0x00007f77cff20dc0, 0x00007f77cff20fa8] 
[9,828s][debug  ][gc,nmethod     ] GC(2) O: Purge NMethod: net.openhft.chronicle.core.util.ObjectUtils.requireNonNull (0x00007f77cfa8a510) [0x00007f77cfa8a6a0, 0x00007f77cfa8a7d8] 
[9,828s][debug  ][gc,nmethod     ] GC(2) O: Purge NMethod: net.openhft.chronicle.core.io.VanillaReferenceCounted.release (0x00007f77ef39f090) [0x00007f77ef39f2a0, 0x00007f77ef39fb58] 
[9,828s][debug  ][gc,nmethod     ] GC(2) O: Purge NMethod: net.openhft.chronicle.bytes.AbstractBytes.readLong (0x00007f77cffd7d90) [0x00007f77cffd7f60, 0x00007f77cffd82d8] 
[9,828s][debug  ][gc,nmethod     ] GC(2) O: Purge NMethod: net.openhft.chronicle.bytes.internal.HeapBytesStore.read (0x00007f77cfa73e90) [0x00007f77cfa74120, 0x00007f77cfa74a28] 
[9,828s][debug  ][gc,nmethod     ] GC(2) O: Purge NMethod: net.openhft.chronicle.bytes.AbstractBytes.readByte (0x00007f77cfa5e890) [0x00007f77cfa5ea60, 0x00007f77cfa5edb8] 
[9,828s][debug  ][gc,nmethod     ] GC(2) O: Purge NMethod: java.lang.String.checkIndex (0x00007f77cfa32010) [0x00007f77cfa321a0, 0x00007f77cfa322d0] 
[9,828s][debug  ][gc,nmethod     ] GC(2) O: Purge NMethod: io.sirix.node.NodeKind.serializeJsonObjectOrArrayStructDelegate (0x00007f77ef382590) [0x00007f77ef3827c0, 0x00007f77ef382dd8] 
[9,828s][debug  ][gc,nmethod     ] GC(2) O: Purge NMethod: java.util.BitSet.flip (0x00007f77cfe18690) [0x00007f77cfe188a0, 0x00007f77cfe18ee8] 
[9,828s][debug  ][gc,nmethod     ] GC(2) O: Purge NMethod: java.util.ImmutableCollections$ListN.size (0x00007f77cfc95d90) [0x00007f77cfc95f20, 0x00007f77cfc96058] 
[9,828s][debug  ][gc,nmethod     ] GC(2) O: Purge NMethod: sun.security.provider.SHA2.implCompress (0x00007f77cfdb4710) [0x00007f77cfdb4900, 0x00007f77cfdb4d48] 
[9,828s][debug  ][gc,nmethod     ] GC(2) O: Purge NMethod: net.openhft.chronicle.bytes.BytesStore.realCapacity (0x00007f77cfa76010) [0x00007f77cfa761c0, 0x00007f77cfa762e8] 
[9,828s][debug  ][gc,nmethod     ] GC(2) O: Purge NMethod: java.util.BitSet.and (0x00007f77cfe13890) [0x00007f77cfe13a80, 0x00007f77cfe13f08] 
[9,828s][debug  ][gc,nmethod     ] GC(2) O: Purge NMethod: net.openhft.chronicle.bytes.RandomCommon.readLimit (0x00007f77ef389f10) [0x00007f77ef38a0a0, 0x00007f77ef38a140] 
[9,828s][debug  ][gc,nmethod     ] GC(2) O: Purge NMethod: java.util.stream.StreamOpFlag.isKnown (0x00007f77cfd00e10) [0x00007f77cfd00fa0, 0x00007f77cfd01108] 
[9,828s][debug  ][gc,nmethod     ] GC(2) O: Purge NMethod: io.sirix.node.json.ArrayNode.getKind (0x00007f77cfe92e90) [0x00007f77cfe93020, 0x00007f77cfe93188] 
[9,828s][debug  ][gc,nmethod     ] GC(2) O: Purge NMethod: io.sirix.page.delegates.BitmapReferencesPage.index (0x00007f77cfe15c90) [0x00007f77cfe15ea0, 0x00007f77cfe16420] 
[9,828s][debug  ][gc,nmethod     ] GC(2) O: Purge NMethod: net.openhft.chronicle.bytes.StreamingDataOutput.rawWriteByte (0x00007f77cfb68a10) [0x00007f77cfb68bc0, 0x00007f77cfb68d78] 
[9,828s][debug  ][gc,nmethod     ] GC(2) O: Purge NMethod: java.util.Arrays.copyOf (0x00007f77ef364f90) [0x00007f77ef365140, 0x00007f77ef365640] 
[9,828s][debug  ][gc,nmethod     ] GC(2) O: Purge NMethod: jdk.internal.misc.Blocker.begin (0x00007f77cffe6190) [0x00007f77cffe63a0, 0x00007f77cffe6c20] 
[9,828s][debug  ][gc,nmethod     ] GC(2) O: Purge NMethod: java.util.Arrays.fill (0x00007f77ef3b9890) [0x00007f77ef3b9aa0, 0x00007f77ef3baa48] 
[9,828s][debug  ][gc,nmethod     ] GC(2) O: Purge NMethod: net.openhft.chronicle.core.UnsafeMemory.compareAndSwapInt (0x00007f77cfc54190) [0x00007f77cfc54340, 0x00007f77cfc54610] 
[9,828s][debug  ][gc,nmethod     ] GC(2) O: Purge NMethod: sun.misc.Unsafe.getByte (0x00007f77cfa88c10) [0x00007f77cfa88da0, 0x00007f77cfa88eb0] 
[9,828s][debug  ][gc,nmethod     ] GC(2) O: Purge NMethod: java.util.concurrent.atomic.AtomicLong.incrementAndGet (0x00007f77cfe7d610) [0x00007f77cfe7d7a0, 0x00007f77cfe7d8c0] 
[9,828s][debug  ][gc,nmethod     ] GC(2) O: Purge NMethod: sun.nio.cs.StreamDecoder.inReady (0x00007f77cff62210) [0x00007f77cff623e0, 0x00007f77cff62808] 
[9,828s][debug  ][gc,nmethod     ] GC(2) O: Purge NMethod: jdk.internal.misc.Blocker.end (0x00007f77cffe6f10) [0x00007f77cffe7100, 0x00007f77cffe7740] 
[9,828s][debug  ][gc,nmethod     ] GC(2) O: Purge NMethod: io.sirix.page.PageKind$1.serializePage (0x00007f77cff04b10) [0x00007f77cff05700, 0x00007f77cff0d508] 
[9,828s][debug  ][gc,nmethod     ] GC(2) O: Purge NMethod: jdk.internal.misc.Unsafe.weakCompareAndSetInt (0x00007f77cfda6e90) [0x00007f77cfda7020, 0x00007f77cfda7140] 
[9,828s][debug  ][gc,nmethod     ] GC(2) O: Purge NMethod: net.openhft.chronicle.bytes.AbstractBytes.clear (0x00007f77ef2afe10) [0x00007f77ef2affa0, 0x00007f77ef2b0160] 
[9,828s][debug  ][gc,nmethod     ] GC(2) O: Purge NMethod: java.lang.Math.toIntExact (0x00007f77cfa89390) [0x00007f77cfa89540, 0x00007f77cfa89738] 
[9,828s][debug  ][gc,nmethod     ] GC(2) O: Purge NMethod: net.openhft.chronicle.bytes.internal.BytesInternal.writeStopBit (0x00007f77cfeb5e90) [0x00007f77cfeb60a0, 0x00007f77cfeb6828] 
[9,828s][debug  ][gc,nmethod     ] GC(2) O: Purge NMethod: io.sirix.page.PageKind$1.serializePage (0x00007f77ef3a6410) [0x00007f77ef3a70a0, 0x00007f77ef3afd08] 
[9,828s][debug  ][gc,nmethod     ] GC(2) O: Purge NMethod: jdk.internal.misc.Unsafe.checkSize (0x00007f77cfa49690) [0x00007f77cfa49840, 0x00007f77cfa49ac0] 
[9,828s][debug  ][gc,nmethod     ] GC(2) O: Purge NMethod: net.openhft.chronicle.core.io.ReferenceChangeListenerManager.callReferenceChangeListeners (0x00007f77cfcd3890) [0x00007f77cfcd3a80, 0x00007f77cfcd4098] 
[9,828s][debug  ][gc,nmethod     ] GC(2) O: Purge NMethod: java.nio.ByteBuffer.allocate (0x00007f77cfe0ee90) [0x00007f77cfe0f040, 0x00007f77cfe0f250] 
[9,828s][debug  ][gc,nmethod     ] GC(2) O: Purge NMethod: net.openhft.chronicle.bytes.NativeBytes.writeByte (0x00007f77ef297790) [0x00007f77ef297980, 0x00007f77ef297e38] 
[9,828s][debug  ][gc,nmethod     ] GC(2) O: Purge NMethod: java.util.BitSet.nextSetBit (0x00007f77cff7dc10) [0x00007f77cff7dea0, 0x00007f77cff7e7b8] 
[9,828s][debug  ][gc,nmethod     ] GC(2) O: Purge NMethod: java.util.concurrent.atomic.AtomicInteger.incrementAndGet (0x00007f77cfe6c810) [0x00007f77cfe6c9a0, 0x00007f77cfe6cab8] 
[9,828s][debug  ][gc,nmethod     ] GC(2) O: Purge NMethod: java.lang.Thread.blockedOn (0x00007f77cff1f110) [0x00007f77cff1f2c0, 0x00007f77cff1f5a8] 
[9,828s][debug  ][gc,nmethod     ] GC(2) O: Purge NMethod: io.sirix.node.NodeKind$27.serialize (0x00007f77cfed6a10) [0x00007f77cfed6c20, 0x00007f77cfed74f8] 
[9,828s][debug  ][gc,nmethod     ] GC(2) O: Purge NMethod: io.sirix.access.trx.node.json.JsonNodeTrxImpl.adaptNodesAndHashesForInsertAsChild (0x00007f77ef340c90) [0x00007f77ef340f20, 0x00007f77ef341890] 
[9,828s][debug  ][gc,nmethod     ] GC(2) O: Purge NMethod: net.openhft.chronicle.bytes.internal.HeapBytesStore.readLong (0x00007f77cfa6fa10) [0x00007f77cfa6fc20, 0x00007f77cfa70378] 
[9,828s][debug  ][gc,nmethod     ] GC(2) O: Purge NMethod: io.sirix.access.trx.node.json.JsonNodeTrxImpl.insertAsSibling (0x00007f77cffe2010) [0x00007f77cffe2400, 0x00007f77cffe4738] 
[9,828s][debug  ][gc,nmethod     ] GC(2) O: Purge NMethod: io.sirix.access.trx.page.NodePageTrx.getMostRecentPageContainer (0x00007f77ef29c510) [0x00007f77ef29c6e0, 0x00007f77ef29cc80] 
[9,828s][debug  ][gc,nmethod     ] GC(2) O: Purge NMethod: java.util.Arrays$ArrayList.get (0x00007f77cffdc690) [0x00007f77cffdc840, 0x00007f77cffdc9d0] 
[9,828s][debug  ][gc,nmethod     ] GC(2) O: Purge NMethod: net.openhft.chronicle.bytes.internal.NativeBytesStore.writeLong (0x00007f77cff21090) [0x00007f77cff21240, 0x00007f77cff214d8] 
[9,828s][debug  ][gc,nmethod     ] GC(2) O: Purge NMethod: jdk.internal.loader.Resource.getBytes (0x00007f77cfca3590) [0x00007f77cfca38e0, 0x00007f77cfca5118] 
[9,828s][debug  ][gc,nmethod     ] GC(2) O: Purge NMethod: io.sirix.node.xml.AbstractStructForwardingNode.getLastChildKey (0x00007f77cfed2710) [0x00007f77cfed28c0, 0x00007f77cfed2aa0] 
[9,828s][debug  ][gc,nmethod     ] GC(2) O: Purge NMethod: java.io.ByteArrayOutputStream.write (0x00007f77cfb0c310) [0x00007f77cfb0c500, 0x00007f77cfb0c9e0] 
[9,828s][debug  ][gc,nmethod     ] GC(2) O: Purge NMethod: io.sirix.node.AbstractForwardingNode.getNodeDelegate (0x00007f77ef2a1890) [0x00007f77ef2a1a20, 0x00007f77ef2a1af0] 
[9,828s][debug  ][gc,nmethod     ] GC(2) O: Purge NMethod: java.util.Arrays.fill (0x00007f77ef3b8710) [0x00007f77ef3b8900, 0x00007f77ef3b9248] 
[9,828s][debug  ][gc,nmethod     ] GC(2) O: Purge NMethod: io.sirix.page.KeyValueLeafPage.processEntries (0x00007f77cfeb6a10) [0x00007f77cfeb6d00, 0x00007f77cfeb7d38] 
[9,828s][debug  ][gc,nmethod     ] GC(2) O: Purge NMethod: io.sirix.page.delegates.BitmapReferencesPage.getOrCreateReference (0x00007f77cfe13110) [0x00007f77cfe13300, 0x00007f77cfe13758] 
[9,828s][debug  ][gc,nmethod     ] GC(2) O: Purge NMethod: com.google.gson.stream.JsonReader.readEscapeCharacter (0x00007f77cffe8290) [0x00007f77cffe8740, 0x00007f77cffea4e8] 
[9,828s][debug  ][gc,nmethod     ] GC(2) O: Purge NMethod: io.sirix.page.KeyValueLeafPage.processEntries (0x00007f77cfa70a10) [0x00007f77cfa70d00, 0x00007f77cfa71d38] 
[9,828s][debug  ][gc,nmethod     ] GC(2) O: Purge NMethod: java.lang.Integer.numberOfLeadingZeros (0x00007f77cfae9310) [0x00007f77cfae94c0, 0x00007f77cfae97a0] 
[9,828s][debug  ][gc,nmethod     ] GC(2) O: Purge NMethod: net.openhft.chronicle.core.UnsafeMemory.readBytes (0x00007f77cfe43d10) [0x00007f77cfe43f80, 0x00007f77cfe447a8] 
[9,828s][debug  ][gc,nmethod     ] GC(2) O: Purge NMethod: java.io.DataOutputStream.flush (0x00007f77cfb6f790) [0x00007f77cfb6f940, 0x00007f77cfb6fb38] 
[9,828s][debug  ][gc,nmethod     ] GC(2) O: Purge NMethod: net.openhft.chronicle.core.io.AbstractReferenceCounted.<init> (0x00007f77cfa9e790) [0x00007f77cfa9eb20, 0x00007f77cfaa0438] 
[9,828s][debug  ][gc,nmethod     ] GC(2) O: Purge NMethod: sun.nio.cs.StreamDecoder.readBytes (0x00007f77cff65610) [0x00007f77cff65980, 0x00007f77cff66be0] 
[9,828s][debug  ][gc,nmethod     ] GC(2) O: Purge NMethod: io.sirix.page.PageKind$1.serializePage (0x00007f77cfe5f990) [0x00007f77cfe60560, 0x00007f77cfe67f68] 
[9,828s][debug  ][gc,nmethod     ] GC(2) O: Purge NMethod: net.openhft.chronicle.bytes.RandomDataInput.toByteArray (0x00007f77ef366290) [0x00007f77ef366480, 0x00007f77ef366c80] 
[9,828s][debug  ][gc,nmethod     ] GC(2) O: Purge NMethod: java.util.concurrent.ConcurrentHashMap$Traverser.<init> (0x00007f77cfaee490) [0x00007f77cfaee640, 0x00007f77cfaee8a8] 
[9,828s][debug  ][gc,nmethod     ] GC(2) O: Purge NMethod: java.util.LinkedHashMap.linkNodeAtEnd (0x00007f77cfaf9810) [0x00007f77cfaf9a00, 0x00007f77cfafa068] 
[9,828s][debug  ][gc,nmethod     ] GC(2) O: Purge NMethod: java.util.BitSet.toByteArray (0x00007f77cfaee990) [0x00007f77cfaeebc0, 0x00007f77cfaef468] 
[9,828s][debug  ][gc,nmethod     ] GC(2) O: Purge NMethod: net.openhft.chronicle.bytes.AbstractBytes.write (0x00007f77cff2cc10) [0x00007f77cff2d120, 0x00007f77cff2fa68] 
[9,828s][debug  ][gc,nmethod     ] GC(2) O: Purge NMethod: net.openhft.chronicle.bytes.internal.BytesInternal.writeUtf8 (0x00007f77ef2d8490) [0x00007f77ef2d8720, 0x00007f77ef2d95d8] 
[9,828s][debug  ][gc,nmethod     ] GC(2) O: Purge NMethod: java.util.stream.ReferencePipeline$2$1.accept (0x00007f77cfa4a410) [0x00007f77cfa4a5e0, 0x00007f77cfa4a958] 
[9,828s][debug  ][gc,nmethod     ] GC(2) O: Purge NMethod: java.util.Arrays.rangeCheck (0x00007f77cfab8710) [0x00007f77cfab89c0, 0x00007f77cfab92f0] 
[9,828s][debug  ][gc,nmethod     ] GC(2) O: Purge NMethod: io.sirix.access.trx.node.AbstractNodeHashing.adaptHashesWithAdd (0x00007f77ef2c0690) [0x00007f77ef2c0840, 0x00007f77ef2c09c8] 
[9,829s][debug  ][gc,nmethod     ] GC(2) O: Purge NMethod: io.sirix.node.xml.AbstractStructForwardingNode.getLastChildKey (0x00007f77ef381c90) [0x00007f77ef381e20, 0x00007f77ef381f10] 
[9,829s][debug  ][gc,nmethod     ] GC(2) O: Purge NMethod: jdk.internal.misc.Unsafe.copyMemory (0x00007f77cfaa7610) [0x00007f77cfaa78e0, 0x00007f77cfaa86a8] 
[9,829s][debug  ][gc,nmethod     ] GC(2) O: Purge NMethod: net.openhft.chronicle.core.io.AbstractReferenceCounted.reserve (0x00007f77cff4ac10) [0x00007f77cff4adc0, 0x00007f77cff4af88] 
[9,829s][debug  ][gc,nmethod     ] GC(2) O: Purge NMethod: io.sirix.service.json.shredder.JsonShredder.insertStringValue (0x00007f77d000e790) [0x00007f77d000ec00, 0x00007f77d0010e08] 
[9,829s][debug  ][gc,nmethod     ] GC(2) O: Purge NMethod: net.openhft.chronicle.bytes.internal.NativeBytesStore.write0 (0x00007f77cff1e610) [0x00007f77cff1e820, 0x00007f77cff1eec0] 
[9,829s][debug  ][gc,nmethod     ] GC(2) O: Purge NMethod: net.openhft.chronicle.bytes.VanillaBytes.<init> (0x00007f77cfe28f10) [0x00007f77cfe290c0, 0x00007f77cfe29200] 
[9,829s][debug  ][gc,nmethod     ] GC(2) O: Purge NMethod: net.openhft.chronicle.bytes.internal.HeapBytesStore.<init> (0x00007f77cfe44b90) [0x00007f77cfe44e00, 0x00007f77cfe456d8] 
[9,829s][debug  ][gc,nmethod     ] GC(2) O: Purge NMethod: io.sirix.node.json.NumberNode.getKind (0x00007f77cfb09510) [0x00007f77cfb096a0, 0x00007f77cfb09808] 
[9,829s][debug  ][gc,nmethod     ] GC(2) O: Purge NMethod: jdk.internal.misc.Unsafe.putLong (0x00007f77cfac4a90) [0x00007f77cfac4c20, 0x00007f77cfac4d30] 
[9,829s][debug  ][gc,nmethod     ] GC(2) O: Purge NMethod: io.sirix.page.PageReference.setPageFragments (0x00007f77cffdc310) [0x00007f77cffdc4a0, 0x00007f77cffdc620] 
[9,829s][debug  ][gc,nmethod     ] GC(2) O: Purge NMethod: io.sirix.page.PageReference.setLogKey (0x00007f77cff5fd10) [0x00007f77cff5fea0, 0x00007f77cff5ffb0] 
[9,829s][debug  ][gc,nmethod     ] GC(2) O: Purge NMethod: io.sirix.page.KeyValueLeafPage.getSlot (0x00007f77cffb7010) [0x00007f77cffb71c0, 0x00007f77cffb7350] 
[9,829s][debug  ][gc,nmethod     ] GC(2) O: Purge NMethod: net.openhft.chronicle.bytes.VanillaBytes.read (0x00007f77cffb1e10) [0x00007f77cffb2040, 0x00007f77cffb28f8] 
[9,829s][debug  ][gc,nmethod     ] GC(2) O: Purge NMethod: sun.misc.Unsafe.putInt (0x00007f77cfe53d10) [0x00007f77cfe53ea0, 0x00007f77cfe53fa8] 
[9,829s][debug  ][gc,nmethod     ] GC(2) O: Purge NMethod: net.openhft.chronicle.bytes.internal.NativeBytesStore.write (0x00007f77cfb06110) [0x00007f77cfb062e0, 0x00007f77cfb06550] 
[9,829s][debug  ][gc,nmethod     ] GC(2) O: Purge NMethod: java.util.BitSet.get (0x00007f77cfe11e90) [0x00007f77cfe120e0, 0x00007f77cfe128a0] 
[9,829s][debug  ][gc,nmethod     ] GC(2) O: Purge NMethod: java.lang.invoke.VarHandleByteArrayAsInts$ArrayHandle.get (0x00007f77cfb1c890) [0x00007f77cfb1ca60, 0x00007f77cfb1ce60] 
[9,829s][debug  ][gc,nmethod     ] GC(2) O: Purge NMethod: net.openhft.chronicle.core.io.VanillaReferenceCounted.valueCompareAndSet (0x00007f77cff2c790) [0x00007f77cff2c940, 0x00007f77cff2cb10] 
[9,829s][debug  ][gc,nmethod     ] GC(2) O: Purge NMethod: com.google.common.base.Preconditions.checkArgument (0x00007f77cfa9e310) [0x00007f77cfa9e4c0, 0x00007f77cfa9e6a8] 
[9,829s][debug  ][gc,nmethod     ] GC(2) O: Purge NMethod: net.openhft.chronicle.core.util.Longs.requireNonNegative (0x00007f77cfa89810) [0x00007f77cfa89a00, 0x00007f77cfa89e20] 
[9,829s][debug  ][gc,nmethod     ] GC(2) O: Purge NMethod: net.openhft.chronicle.core.Maths.toUInt31 (0x00007f77cfa9b810) [0x00007f77cfa9ba40, 0x00007f77cfa9c0c0] 
[9,829s][debug  ][gc,nmethod     ] GC(2) O: Purge NMethod: net.openhft.chronicle.bytes.RandomCommon.readLimit (0x00007f77cfbfea90) [0x00007f77cfbfec40, 0x00007f77cfbfed68] 
[9,829s][debug  ][gc,nmethod     ] GC(2) O: Purge NMethod: java.util.HashMap.computeIfAbsent (0x00007f77cffc4690) [0x00007f77cffc49e0, 0x00007f77cffc6090] 
[9,829s][debug  ][gc,nmethod     ] GC(2) O: Purge NMethod: net.openhft.chronicle.bytes.RandomDataInput.toByteArray (0x00007f77cfa5f590) [0x00007f77cfa5f720, 0x00007f77cfa5f840] 
[9,829s][debug  ][gc,nmethod     ] GC(2) O: Purge NMethod: java.util.ImmutableCollections$ListItr.hasNext (0x00007f77cfa5dc90) [0x00007f77cfa5de20, 0x00007f77cfa5df88] 
[9,829s][debug  ][gc,nmethod     ] GC(2) O: Purge NMethod: io.sirix.service.json.shredder.JsonShredder.processString (0x00007f77ef31a910) [0x00007f77ef31b0a0, 0x00007f77ef31fb78] 
[9,829s][debug  ][gc,nmethod     ] GC(2) O: Purge NMethod: net.openhft.chronicle.bytes.StreamingDataOutput.writeStopBit (0x00007f77cfe85890) [0x00007f77cfe85a40, 0x00007f77cfe85b88] 
[9,829s][debug  ][gc,nmethod     ] GC(2) O: Purge NMethod: io.sirix.service.json.shredder.JsonShredder.insertArray (0x00007f77ef353710) [0x00007f77ef353aa0, 0x00007f77ef354db0] 
[9,829s][debug  ][gc,nmethod     ] GC(2) O: Purge NMethod: io.sirix.node.NodeKind.serializeJsonObjectOrArrayStructDelegate (0x00007f77cfeec790) [0x00007f77cfeecac0, 0x00007f77cfeedef8] 
[9,829s][debug  ][gc,nmethod     ] GC(2) O: Purge NMethod: io.sirix.node.NodeKind$26.serialize (0x00007f77cfa95090) [0x00007f77cfa95260, 0x00007f77cfa954b8] 
[9,829s][debug  ][gc,nmethod     ] GC(2) O: Purge NMethod: sun.security.provider.DigestBase.implCompressMultiBlock0 (0x00007f77cfe8bc90) [0x00007f77cfe8be40, 0x00007f77cfe8c0d8] 
[9,829s][debug  ][gc,nmethod     ] GC(2) O: Purge NMethod: io.sirix.node.NodeKind.writeHash (0x00007f77cfaaca10) [0x00007f77cfaacbc0, 0x00007f77cfaacd60] 
[9,829s][debug  ][gc,nmethod     ] GC(2) O: Purge NMethod: java.util.concurrent.atomic.AtomicLong.addAndGet (0x00007f77cfe75510) [0x00007f77cfe756a0, 0x00007f77cfe757b8] 
[9,829s][debug  ][gc,nmethod     ] GC(2) O: Purge NMethod: io.sirix.access.trx.page.NodePageReadOnlyTrx.getValue (0x00007f77cffbb110) [0x00007f77cffbb3a0, 0x00007f77cffbbed0] 
[9,829s][debug  ][gc,nmethod     ] GC(2) O: Purge NMethod: net.openhft.chronicle.bytes.internal.HeapBytesStore.writeByte (0x00007f77cfa72510) [0x00007f77cfa72760, 0x00007f77cfa731b0] 
[9,829s][debug  ][gc,nmethod     ] GC(2) O: Purge NMethod: net.openhft.chronicle.core.io.AbstractReferenceCounted.release (0x00007f77cff22e90) [0x00007f77cff23040, 0x00007f77cff231f8] 
[9,829s][debug  ][gc,nmethod     ] GC(2) O: Purge NMethod: net.openhft.chronicle.bytes.AbstractBytes.writeInt (0x00007f77cfe45f90) [0x00007f77cfe46140, 0x00007f77cfe462f0] 
[9,829s][debug  ][gc,nmethod     ] GC(2) O: Purge NMethod: net.openhft.chronicle.bytes.Bytes.isClear (0x00007f77cfe4d310) [0x00007f77cfe4d4e0, 0x00007f77cfe4daa0] 
[9,829s][debug  ][gc,nmethod     ] GC(2) O: Purge NMethod: java.util.AbstractList.<init> (0x00007f77cfb11390) [0x00007f77cfb11540, 0x00007f77cfb11708] 
[9,829s][debug  ][gc,nmethod     ] GC(2) O: Purge NMethod: java.util.Arrays.fill (0x00007f77ef3bae10) [0x00007f77ef3bb000, 0x00007f77ef3bb9b0] 
[9,829s][debug  ][gc,nmethod     ] GC(2) O: Purge NMethod: io.sirix.page.KeyValueLeafPage.processEntries (0x00007f77ef380290) [0x00007f77ef3804c0, 0x00007f77ef380c00] 
[9,829s][debug  ][gc,nmethod     ] GC(2) O: Purge NMethod: net.openhft.chronicle.bytes.StreamingDataOutput.write (0x00007f77cfda0890) [0x00007f77cfda0a40, 0x00007f77cfda0dc0] 
[9,829s][debug  ][gc,nmethod     ] GC(2) O: Purge NMethod: net.openhft.chronicle.core.util.StringUtils.getMemory (0x00007f77cfe89390) [0x00007f77cfe89520, 0x00007f77cfe89610] 
[9,829s][debug  ][gc,nmethod     ] GC(2) O: Purge NMethod: io.sirix.index.path.summary.PathSummaryReader.moveTo (0x00007f77cffbfd90) [0x00007f77cffbffe0, 0x00007f77cffc0a38] 
[9,829s][debug  ][gc,nmethod     ] GC(2) O: Purge NMethod: net.openhft.chronicle.bytes.AbstractBytes.bytesStore (0x00007f77cfa39d10) [0x00007f77cfa39ec0, 0x00007f77cfa3a078] 
[9,829s][debug  ][gc,nmethod     ] GC(2) O: Purge NMethod: it.unimi.dsi.fastutil.longs.AbstractLongList.push (0x00007f77cfe28810) [0x00007f77cfe289c0, 0x00007f77cfe28b10] 
[9,829s][debug  ][gc,nmethod     ] GC(2) O: Purge NMethod: java.lang.ref.Reference.<init> (0x00007f77cfa75b10) [0x00007f77cfa75cc0, 0x00007f77cfa75f68] 
[9,829s][debug  ][gc,nmethod     ] GC(2) O: Purge NMethod: jdk.internal.misc.Unsafe.checkOffset (0x00007f77cfa89f90) [0x00007f77cfa8a140, 0x00007f77cfa8a3c0] 
[9,829s][debug  ][gc,nmethod     ] GC(2) O: Purge NMethod: net.openhft.chronicle.bytes.internal.BytesInternal.failIfBytesOnBytes (0x00007f77cfe0f490) [0x00007f77cfe0f6e0, 0x00007f77cfe0ff70] 
[9,829s][debug  ][gc,nmethod     ] GC(2) O: Purge NMethod: net.openhft.chronicle.bytes.internal.NativeBytesStore.write (0x00007f77cfdc4710) [0x00007f77cfdc48a0, 0x00007f77cfdc49c0] 
[9,829s][debug  ][gc,nmethod     ] GC(2) O: Purge NMethod: net.openhft.chronicle.bytes.internal.HeapBytesStore.writeByte (0x00007f77cfb68610) [0x00007f77cfb687c0, 0x00007f77cfb68910] 
[9,829s][debug  ][gc,nmethod     ] GC(2) O: Purge NMethod: net.openhft.chronicle.bytes.internal.AbstractBytesStore.canReleaseInBackground (0x00007f77cfe2a290) [0x00007f77cfe2a440, 0x00007f77cfe2a5f8] 
[9,829s][debug  ][gc,nmethod     ] GC(2) O: Purge NMethod: net.openhft.chronicle.core.UnsafeMemory.copyMemoryLoop (0x00007f77cfb43910) [0x00007f77cfb43b20, 0x00007f77cfb443e0] 
[9,829s][debug  ][gc,nmethod     ] GC(2) O: Purge NMethod: io.sirix.node.Utils.putVarLong (0x00007f77cfa3b290) [0x00007f77cfa3b440, 0x00007f77cfa3b668] 
[9,829s][debug  ][gc,nmethod     ] GC(2) O: Purge NMethod: java.util.concurrent.ConcurrentHashMap.clear (0x00007f77cff1a990) [0x00007f77cff1abe0, 0x00007f77cff1b610] 
[9,829s][debug  ][gc,nmethod     ] GC(2) O: Purge NMethod: io.sirix.access.trx.page.AbstractForwardingPageReadOnlyTrx.getResourceSession (0x00007f77cfe28110) [0x00007f77cfe282e0, 0x00007f77cfe28650] 
[9,829s][debug  ][gc,nmethod     ] GC(2) O: Purge NMethod: io.sirix.node.NodeKind.serializeStructNodeJsonValueNode (0x00007f77cfaa4190) [0x00007f77cfaa4380, 0x00007f77cfaa4608] 
[9,829s][debug  ][gc,nmethod     ] GC(2) O: Purge NMethod: net.openhft.chronicle.bytes.NativeBytes.writeLong (0x00007f77ef298f90) [0x00007f77ef299180, 0x00007f77ef299620] 
[9,829s][debug  ][gc,nmethod     ] GC(2) O: Purge NMethod: net.openhft.chronicle.bytes.NativeBytes.writeCheckOffset (0x00007f77cfe6ef90) [0x00007f77cfe6f200, 0x00007f77cfe6fd68] 
[9,829s][debug  ][gc,nmethod     ] GC(2) O: Purge NMethod: net.openhft.chronicle.bytes.internal.BytesInternal.appendUtf8Char (0x00007f77ef2a7590) [0x00007f77ef2a7820, 0x00007f77ef2a80c8] 
[9,829s][debug  ][gc,nmethod     ] GC(2) O: Purge NMethod: net.openhft.chronicle.bytes.internal.BytesInternal.writeStopBit0 (0x00007f77cfe1db90) [0x00007f77cfe1ddc0, 0x00007f77cfe1e770] 
[9,829s][debug  ][gc,nmethod     ] GC(2) O: Purge NMethod: net.openhft.chronicle.bytes.AbstractBytes.readCheckOffset (0x00007f77cfa88f90) [0x00007f77cfa89140, 0x00007f77cfa89290] 
[9,829s][debug  ][gc,nmethod     ] GC(2) O: Purge NMethod: io.sirix.page.KeyValueLeafPage.addReferences (0x00007f77cfec2c90) [0x00007f77cfec2ee0, 0x00007f77cfec3990] 
[9,829s][debug  ][gc,nmethod     ] GC(2) O: Purge NMethod: java.util.concurrent.atomic.AtomicLong.compareAndSet (0x00007f77cfec9890) [0x00007f77cfec9a20, 0x00007f77cfec9b48] 
[9,829s][debug  ][gc,nmethod     ] GC(2) O: Purge NMethod: net.openhft.chronicle.core.io.VanillaReferenceCounted.release (0x00007f77cfe2a790) [0x00007f77cfe2aa60, 0x00007f77cfe2b648] 
[9,829s][debug  ][gc,nmethod     ] GC(2) O: Purge NMethod: io.sirix.access.trx.node.json.ForwardingJsonNodeReadOnlyTrx.getNodeKey (0x00007f77cfe4ef90) [0x00007f77cfe4f160, 0x00007f77cfe4f4e8] 
[9,829s][debug  ][gc,nmethod     ] GC(2) O: Purge NMethod: net.openhft.chronicle.bytes.BytesStore.copyTo (0x00007f77cff03410) [0x00007f77cff036e0, 0x00007f77cff04670] 
[9,829s][debug  ][gc,nmethod     ] GC(2) O: Purge NMethod: net.openhft.chronicle.core.UnsafeMemory$$Lambda/0x0000000080304cc0.apply (0x00007f77cfe30990) [0x00007f77cfe30b40, 0x00007f77cfe30cb8] 
[9,829s][debug  ][gc,nmethod     ] GC(2) O: Purge NMethod: io.sirix.node.delegates.ValueNodeDelegate.getRawValue (0x00007f77cfebf910) [0x00007f77cfebfac0, 0x00007f77cfebfcc8] 
[9,829s][debug  ][gc,nmethod     ] GC(2) O: Purge NMethod: io.sirix.access.trx.node.AbstractResourceSession.getResourceConfig (0x00007f77cfe21510) [0x00007f77cfe216c0, 0x00007f77cfe21978] 
[9,829s][debug  ][gc,nmethod     ] GC(2) O: Purge NMethod: net.openhft.chronicle.core.UnsafeMemory.copyMemory (0x00007f77cfdfb210) [0x00007f77cfdfb3c0, 0x00007f77cfdfb550] 
[9,829s][debug  ][gc,nmethod     ] GC(2) O: Purge NMethod: net.openhft.chronicle.bytes.AbstractBytes.writeInt (0x00007f77ef293510) [0x00007f77ef293700, 0x00007f77ef293c20] 
[9,829s][debug  ][gc,nmethod     ] GC(2) O: Purge NMethod: net.openhft.chronicle.bytes.NativeBytes.writeByte (0x00007f77ef296c90) [0x00007f77ef296e80, 0x00007f77ef297338] 
[9,829s][debug  ][gc,nmethod     ] GC(2) O: Purge NMethod: java.util.Objects.checkIndex (0x00007f77cfa97490) [0x00007f77cfa97620, 0x00007f77cfa97750] 
[9,829s][debug  ][gc,nmethod     ] GC(2) O: Purge NMethod: java.lang.Byte.valueOf (0x00007f77cffbc390) [0x00007f77cffbc520, 0x00007f77cffbc668] 
[9,829s][debug  ][gc,nmethod     ] GC(2) O: Purge NMethod: io.sirix.page.PageKind$1.serializePage (0x00007f77cfc70590) [0x00007f77cfc71160, 0x00007f77cfc78de0] 
[9,829s][debug  ][gc,nmethod     ] GC(2) O: Purge NMethod: net.openhft.chronicle.bytes.AbstractBytes$UncheckedRandomDataInputHolder.<init> (0x00007f77cff4a710) [0x00007f77cff4a8c0, 0x00007f77cff4aaf8] 
[9,829s][debug  ][gc,nmethod     ] GC(2) O: Purge NMethod: io.sirix.access.trx.page.NodePageTrx.prepareRecordPage (0x00007f77cffdeb90) [0x00007f77cffdeea0, 0x00007f77cffe0228] 
[9,829s][debug  ][gc,nmethod     ] GC(2) O: Purge NMethod: net.openhft.chronicle.bytes.AbstractBytes.clear (0x00007f77ef3b9310) [0x00007f77ef3b94c0, 0x00007f77ef3b96e8] 
[9,829s][debug  ][gc,nmethod     ] GC(2) O: Purge NMethod: java.util.BitSet.<init> (0x00007f77cfe8c890) [0x00007f77cfe8cae0, 0x00007f77cfe8d2a8] 
[9,829s][debug  ][gc,nmethod     ] GC(2) O: Purge NMethod: io.sirix.access.trx.node.AbstractNodeHashing.adaptHashesWithAdd (0x00007f77cffddd90) [0x00007f77cffddf60, 0x00007f77cffde2c0] 
[9,829s][debug  ][gc,nmethod     ] GC(2) O: Purge NMethod: io.sirix.access.trx.node.json.ForwardingJsonNodeReadOnlyTrx.getNode (0x00007f77cfe7f810) [0x00007f77cfe7f9e0, 0x00007f77cfe7fd58] 
[9,829s][debug  ][gc,nmethod     ] GC(2) O: Purge NMethod: net.openhft.chronicle.bytes.BytesStore.wrap (0x00007f77cfe7ef90) [0x00007f77cfe7f180, 0x00007f77cfe7f618] 
[9,829s][debug  ][gc,nmethod     ] GC(2) O: Purge NMethod: io.sirix.access.trx.page.NodePageTrx.prepareRecordForModification (0x00007f77cffd8b90) [0x00007f77cffd8e80, 0x00007f77cffd9e00] 
[9,829s][debug  ][gc,nmethod     ] GC(2) O: Purge NMethod: io.sirix.page.KeyValueLeafPage.setSlot (0x00007f77cffb7410) [0x00007f77cffb75c0, 0x00007f77cffb7950] 
[9,829s][debug  ][gc,nmethod     ] GC(2) O: Purge NMethod: io.sirix.node.NodeKind.serializeDelegate (0x00007f77cfbe6510) [0x00007f77cfbe6700, 0x00007f77cfbe6d58] 
[9,829s][debug  ][gc,nmethod     ] GC(2) O: Purge NMethod: com.google.common.base.Preconditions.checkArgument (0x00007f77cfaa0c90) [0x00007f77cfaa0e60, 0x00007f77cfaa11c0] 
[9,829s][debug  ][gc,nmethod     ] GC(2) O: Purge NMethod: net.openhft.chronicle.bytes.RandomCommon.writePosition (0x00007f77cff23d90) [0x00007f77cff23f40, 0x00007f77cff240f8] 
[9,829s][debug  ][gc,nmethod     ] GC(2) O: Purge NMethod: net.openhft.chronicle.core.util.Ints.requireNonNegative (0x00007f77cfe1a210) [0x00007f77cfe1a400, 0x00007f77cfe1a900] 
[9,829s][debug  ][gc,nmethod     ] GC(2) O: Purge NMethod: io.sirix.page.IndirectPage.getOrCreateReference (0x00007f77cff68f10) [0x00007f77cff69160, 0x00007f77cff69c00] 
[9,829s][debug  ][gc,nmethod     ] GC(2) O: Purge NMethod: net.openhft.chronicle.bytes.internal.BytesInternal.toByteArray (0x00007f77ef36bf90) [0x00007f77ef36c180, 0x00007f77ef36c980] 
[9,829s][debug  ][gc,nmethod     ] GC(2) O: Purge NMethod: java.lang.Long.numberOfTrailingZeros (0x00007f77cff7d790) [0x00007f77cff7d940, 0x00007f77cff7db00] 
[9,829s][debug  ][gc,nmethod     ] GC(2) O: Purge NMethod: net.openhft.chronicle.bytes.internal.NativeBytesStore.readByte (0x00007f77cffb9790) [0x00007f77cffb9960, 0x00007f77cffb9d08] 
[9,829s][debug  ][gc,nmethod     ] GC(2) O: Purge NMethod: java.util.concurrent.CopyOnWriteArrayList.size (0x00007f77cfedc690) [0x00007f77cfedc820, 0x00007f77cfedc970] 
[9,829s][debug  ][gc,nmethod     ] GC(2) O: Purge NMethod: io.sirix.service.json.shredder.JsonShredder.insertStringValue (0x00007f77ef305390) [0x00007f77ef305ac0, 0x00007f77ef30a280] 
[9,829s][debug  ][gc,nmethod     ] GC(2) O: Purge NMethod: net.openhft.chronicle.bytes.AbstractBytes.readInt (0x00007f77cffafb90) [0x00007f77cffafd60, 0x00007f77cffb00d8] 
[9,829s][debug  ][gc,nmethod     ] GC(2) O: Purge NMethod: io.sirix.node.NodeKind.serializeValDelegate (0x00007f77cfe48890) [0x00007f77cfe48a80, 0x00007f77cfe48e00] 
[9,829s][debug  ][gc,nmethod     ] GC(2) O: Purge NMethod: java.nio.Bits.reserveMemory (0x00007f77cfc7c510) [0x00007f77cfc7c920, 0x00007f77cfc7e1d8] 
[9,829s][debug  ][gc,nmethod     ] GC(2) O: Purge NMethod: net.openhft.chronicle.bytes.AbstractBytes.writeInt (0x00007f77cfad0690) [0x00007f77cfad0840, 0x00007f77cfad09f0] 
[9,829s][debug  ][gc,nmethod     ] GC(2) O: Purge NMethod: java.lang.Math.min (0x00007f77cfb23710) [0x00007f77cfb238a0, 0x00007f77cfb239d8] 
[9,829s][debug  ][gc,nmethod     ] GC(2) O: Purge NMethod: net.openhft.chronicle.core.io.VanillaReferenceCounted.<init> (0x00007f77cfab7710) [0x00007f77cfab7920, 0x00007f77cfab8160] 
[9,829s][debug  ][gc,nmethod     ] GC(2) O: Purge NMethod: java.nio.ByteBuffer.array (0x00007f77cfbfee10) [0x00007f77cfbfefe0, 0x00007f77cfbff2e0] 
[9,829s][debug  ][gc,nmethod     ] GC(2) O: Purge NMethod: net.openhft.chronicle.bytes.internal.BytesInternal.toByteArray (0x00007f77cfae5c10) [0x00007f77cfae5e00, 0x00007f77cfae60c8] 
[9,830s][debug  ][gc,nmethod     ] GC(2) O: Purge NMethod: io.sirix.access.trx.node.AbstractNodeReadOnlyTrx.moveTo (0x00007f77ef2a1f90) [0x00007f77ef2a2220, 0x00007f77ef2a2fb8] 
[9,830s][debug  ][gc,nmethod     ] GC(2) O: Purge NMethod: io.sirix.node.NodeKind$20.serialize (0x00007f77cfa7f510) [0x00007f77cfa7f780, 0x00007f77cfa802b0] 
[9,830s][debug  ][gc,nmethod     ] GC(2) O: Purge NMethod: com.google.common.base.Preconditions.checkPositionIndexes (0x00007f77cfe8c310) [0x00007f77cfe8c4e0, 0x00007f77cfe8c798] 
[9,830s][debug  ][gc,nmethod     ] GC(2) O: Purge NMethod: sun.misc.Unsafe.putLong (0x00007f77cfa7af90) [0x00007f77cfa7b120, 0x00007f77cfa7b228] 
[9,830s][debug  ][gc,nmethod     ] GC(2) O: Purge NMethod: net.openhft.chronicle.core.UnsafeMemory.copyMemory (0x00007f77cfb6c690) [0x00007f77cfb6c820, 0x00007f77cfb6c950] 
[9,830s][debug  ][gc,nmethod     ] GC(2) O: Purge NMethod: jdk.internal.misc.Unsafe.putIntUnaligned (0x00007f77cfa47210) [0x00007f77cfa473c0, 0x00007f77cfa47608] 
[9,830s][debug  ][gc,nmethod     ] GC(2) O: Purge NMethod: net.openhft.chronicle.bytes.RandomCommon.writeLimit (0x00007f77cfe8df90) [0x00007f77cfe8e140, 0x00007f77cfe8e2f8] 
[9,830s][debug  ][gc,nmethod     ] GC(2) O: Purge NMethod: java.nio.HeapCharBuffer.slice (0x00007f77cff5d510) [0x00007f77cff5d6c0, 0x00007f77cff5d988] 
[9,830s][debug  ][gc,nmethod     ] GC(2) O: Purge NMethod: net.openhft.chronicle.bytes.internal.NativeBytesStore.writeInt (0x00007f77cfa48890) [0x00007f77cfa48aa0, 0x00007f77cfa49240] 
[9,830s][debug  ][gc,nmethod     ] GC(2) O: Purge NMethod: net.openhft.chronicle.core.UnsafeMemory.writeLong (0x00007f77ef296110) [0x00007f77ef296280, 0x00007f77ef296318] 
[9,830s][debug  ][gc,nmethod     ] GC(2) O: Purge NMethod: io.sirix.page.KeyValueLeafPage.getDeweyId (0x00007f77cffb6c10) [0x00007f77cffb6dc0, 0x00007f77cffb6f50] 
[9,830s][debug  ][gc,nmethod     ] GC(2) O: Purge NMethod: net.openhft.chronicle.core.io.ReferenceCountedTracer.onReleased (0x00007f77cff14c90) [0x00007f77cff14e80, 0x00007f77cff15328] 
[9,830s][debug  ][gc,nmethod     ] GC(2) O: Purge NMethod: io.sirix.page.PageKind$1.serializePage (0x00007f77cff86810) [0x00007f77cff873e0, 0x00007f77cff8ede8] 
[9,830s][debug  ][gc,nmethod     ] GC(2) O: Purge NMethod: net.openhft.chronicle.bytes.internal.NativeBytesStore.translate (0x00007f77cfc47190) [0x00007f77cfc47320, 0x00007f77cfc47428] 
[9,830s][debug  ][gc,nmethod     ] GC(2) O: Purge NMethod: io.sirix.access.trx.page.NodePageTrx.getMostRecentPageContainer (0x00007f77cffc0d10) [0x00007f77cffc0f00, 0x00007f77cffc1600] 
[9,830s][debug  ][gc,nmethod     ] GC(2) O: Purge NMethod: net.openhft.chronicle.bytes.AbstractBytes.start (0x00007f77cfaa5710) [0x00007f77cfaa58c0, 0x00007f77cfaa5ab8] 
[9,830s][debug  ][gc,nmethod     ] GC(2) O: Purge NMethod: io.sirix.access.trx.page.TreeModifierImpl.prepareIndirectPage (0x00007f77cff76210) [0x00007f77cff764e0, 0x00007f77cff77490] 
[9,830s][debug  ][gc,nmethod     ] GC(2) O: Purge NMethod: io.sirix.access.trx.page.NodePageReadOnlyTrx.getValue (0x00007f77ef28c210) [0x00007f77ef28c3a0, 0x00007f77ef28c5c0] 
[9,830s][debug  ][gc,nmethod     ] GC(2) O: Purge NMethod: net.openhft.chronicle.bytes.RandomCommon.readRemaining (0x00007f77cff20310) [0x00007f77cff204c0, 0x00007f77cff20748] 
[9,830s][debug  ][gc,nmethod     ] GC(2) O: Purge NMethod: java.nio.channels.spi.AbstractInterruptibleChannel.begin (0x00007f77cff9c510) [0x00007f77cff9c720, 0x00007f77cff9cea0] 
[9,830s][debug  ][gc,nmethod     ] GC(2) O: Purge NMethod: io.sirix.node.NodeKind$28.serialize (0x00007f77cff4b090) [0x00007f77cff4b9e0, 0x00007f77cff51da0] 
[9,830s][debug  ][gc,nmethod     ] GC(2) O: Purge NMethod: io.sirix.page.KeyValueLeafPage.clearPage (0x00007f77cff1c510) [0x00007f77cff1c6c0, 0x00007f77cff1c800] 
[9,830s][debug  ][gc,nmethod     ] GC(2) O: Purge NMethod: io.sirix.page.KeyValueLeafPage.setDeweyId (0x00007f77cffb6690) [0x00007f77cffb6840, 0x00007f77cffb6b18] 
[9,830s][debug  ][gc,nmethod     ] GC(2) O: Purge NMethod: org.magicwerk.brownies.collections.GapList.get (0x00007f77cfe10910) [0x00007f77cfe10ba0, 0x00007f77cfe11570] 
[9,830s][debug  ][gc,nmethod     ] GC(2) O: Purge NMethod: io.sirix.index.path.summary.PathNode.getLocalNameKey (0x00007f77cfe08010) [0x00007f77cfe081a0, 0x00007f77cfe08300] 
[9,830s][debug  ][gc,nmethod     ] GC(2) O: Purge NMethod: java.lang.invoke.VarHandleGuards.guard_LI_I (0x00007f77cfb1d890) [0x00007f77cfb1dc00, 0x00007f77cfb1f768] 
[9,830s][debug  ][gc,nmethod     ] GC(2) O: Purge NMethod: jdk.internal.misc.Unsafe.putInt (0x00007f77cfe88290) [0x00007f77cfe88420, 0x00007f77cfe88530] 
[9,830s][debug  ][gc,nmethod     ] GC(2) O: Purge NMethod: io.sirix.access.trx.node.json.JsonNodeTrxImpl.insertArrayAsRightSibling (0x00007f77ef351c10) [0x00007f77ef351f00, 0x00007f77ef352b70] 
[9,830s][debug  ][gc,nmethod     ] GC(2) O: Purge NMethod: jdk.internal.misc.Blocker.begin (0x00007f77ef22f190) [0x00007f77ef22f320, 0x00007f77ef22f418] 
[9,830s][debug  ][gc,nmethod     ] GC(2) O: Purge NMethod: io.sirix.node.NodeKind$29.serialize (0x00007f77cfe06b90) [0x00007f77cfe06d40, 0x00007f77cfe06f38] 
[9,830s][debug  ][gc,nmethod     ] GC(2) O: Purge NMethod: net.openhft.chronicle.core.UnsafeMemory.writeByte (0x00007f77cfbfd910) [0x00007f77cfbfdaa0, 0x00007f77cfbfdba0] 
[9,830s][debug  ][gc,nmethod     ] GC(2) O: Purge NMethod: io.sirix.access.trx.node.json.JsonNodeTrxImpl.adaptNodesAndHashesForInsertAsChild (0x00007f77cffe4f90) [0x00007f77cffe51e0, 0x00007f77cffe5e48] 
[9,830s][debug  ][gc,nmethod     ] GC(2) O: Purge NMethod: it.unimi.dsi.fastutil.shorts.ShortArrayList$1.nextShort (0x00007f77cff80d90) [0x00007f77cff80f60, 0x00007f77cff812f0] 
[9,830s][debug  ][gc,nmethod     ] GC(2) O: Purge NMethod: net.openhft.chronicle.bytes.internal.HeapBytesStore.performRelease (0x00007f77cfac9890) [0x00007f77cfac9a20, 0x00007f77cfac9ba0] 
[9,830s][debug  ][gc,nmethod     ] GC(2) O: Purge NMethod: io.sirix.access.trx.page.NodePageReadOnlyTrx.getResourceSession (0x00007f77cff5f790) [0x00007f77cff5f940, 0x00007f77cff5fc08] 
[9,830s][debug  ][gc,nmethod     ] GC(2) O: Purge NMethod: java.util.BitSet.set (0x00007f77cff74710) [0x00007f77cff748e0, 0x00007f77cff74ae8] 
[9,830s][debug  ][gc,phases      ] GC(2) O: Concurrent Classes Purge 2,955ms
[9,830s][debug  ][gc,phases,start] GC(2) O: Concurrent References Enqueue
[9,830s][debug  ][gc,phases      ] GC(2) O: Concurrent References Enqueue 0,009ms
[9,830s][info   ][gc,phases      ] GC(2) O: Concurrent Process Non-Strong 15,907ms
[9,830s][debug  ][gc,phases,start] GC(2) O: Concurrent Reset Relocation Set
[9,830s][info   ][gc,phases      ] GC(2) O: Concurrent Reset Relocation Set 0,009ms
[9,830s][debug  ][gc,phases,start] GC(2) O: Concurrent Select Relocation Set
[9,830s][debug  ][gc,reloc       ] Synchronize all workers 1 _nworkers: 0 _nsynchronized: 0
[9,830s][debug  ][gc,reloc       ] Synchronize all workers 1 _nworkers: 0 _nsynchronized: 0
[9,830s][debug  ][gc,reloc       ] Desynchronize all workers _nworkers: 0 _nsynchronized: 0
[9,830s][debug  ][gc,reloc       ] Desynchronize all workers _nworkers: 0 _nsynchronized: 0
[9,831s][debug  ][gc,reloc       ] GC(2) O: Relocation Set (Medium Pages): 0->0, 0 skipped, 0 forwarding entries
[9,831s][debug  ][gc,reloc       ] GC(2) O: Relocation Set (Small Pages): 0->0, 0 skipped, 0 forwarding entries
[9,831s][debug  ][gc,task        ] GC(2) O: Executing ZRelocationSetInstallTask using ZWorkerOld with 1 workers
[9,831s][info   ][gc,phases      ] GC(2) O: Concurrent Select Relocation Set 1,355ms
[9,831s][debug  ][gc,phases,start] GC(2) O: Concurrent Remap Roots
[9,831s][info   ][gc,task        ] GC(2) O: Using 5 Workers for Old Generation
[9,831s][debug  ][gc,task        ] GC(2) O: Executing ZRemapYoungRootsTask using ZWorkerOld with 5 workers
[9,839s][info   ][gc,task        ] GC(2) O: Using 1 Workers for Old Generation
[9,839s][info   ][gc,phases      ] GC(2) O: Concurrent Remap Roots 7,239ms
[9,839s][debug  ][gc,reloc       ] Synchronize all workers 1 _nworkers: 0 _nsynchronized: 0
[9,839s][debug  ][gc,reloc       ] Synchronize all workers 1 _nworkers: 0 _nsynchronized: 0
[9,839s][debug  ][gc,phases,start] GC(2) O: Pause Relocate Start
[9,839s][debug  ][gc,reloc       ] GC(2) O: Joining workers: 1
[9,839s][info   ][gc,phases      ] GC(2) O: Pause Relocate Start 0,042ms
[9,839s][debug  ][gc,reloc       ] Desynchronize all workers _nworkers: 1 _nsynchronized: 0
[9,839s][debug  ][gc,reloc       ] Desynchronize all workers _nworkers: 0 _nsynchronized: 0
[9,839s][debug  ][gc,phases,start] GC(2) O: Concurrent Relocate
[9,839s][debug  ][gc,task        ] GC(2) O: Executing ZRelocateStoreBufferInstallBasePointersTask using ZWorkerOld with 1 workers
[9,839s][debug  ][gc,task        ] GC(2) O: Executing ZRelocateTask using ZWorkerOld with 1 workers
[9,839s][debug  ][gc,reloc       ] GC(2) O: Leaving workers: left: 0 _synchronize: 0 _nsynchronized: 0
[9,839s][info   ][gc,phases      ] GC(2) O: Concurrent Relocate 0,285ms
[9,839s][debug  ][gc,heap        ] GC(2) O: Heap after GC invocations=3 (full 3):
[9,839s][debug  ][gc,heap        ] GC(2) O:  ZHeap           used 418M, capacity 5120M, max capacity 15360M
[9,839s][debug  ][gc,heap        ] GC(2) O:  Metaspace       used 29294K, committed 29696K, reserved 1114112K
[9,839s][debug  ][gc,heap        ] GC(2) O:   class space    used 3285K, committed 3456K, reserved 1048576K
[9,839s][info   ][gc,alloc       ] GC(2) O:                         Mark Start        Mark End      Relocate Start    Relocate End   
[9,839s][info   ][gc,alloc       ] GC(2) O: Allocation Stalls:          0                0                0                0         
[9,839s][info   ][gc,load        ] GC(2) O: Load: 4,80 (24%) / 14,76 (74%) / 11,83 (59%)
[9,839s][info   ][gc,mmu         ] GC(2) O: MMU: 2ms/90,7%, 5ms/96,3%, 10ms/98,1%, 20ms/99,1%, 50ms/99,4%, 100ms/99,7%
[9,839s][info   ][gc,marking     ] GC(2) O: Mark: 1 stripe(s), 1 proactive flush(es), 1 terminate flush(es), 0 completion(s), 0 continuation(s) 
[9,839s][info   ][gc,marking     ] GC(2) O: Mark Stack Usage: 0M
[9,839s][info   ][gc,nmethod     ] GC(2) O: NMethods: 3164 registered, 296 unregistered
[9,839s][info   ][gc,metaspace   ] GC(2) O: Metaspace: 28M used, 29M committed, 1088M reserved
[9,839s][info   ][gc,ref         ] GC(2) O:                       Encountered   Discovered     Enqueued 
[9,839s][info   ][gc,ref         ] GC(2) O: Soft References:             3808            0            0 
[9,839s][info   ][gc,ref         ] GC(2) O: Weak References:             2649            0            0 
[9,839s][info   ][gc,ref         ] GC(2) O: Final References:            4246            0            0 
[9,839s][info   ][gc,ref         ] GC(2) O: Phantom References:          5178            0            0 
[9,839s][info   ][gc,heap        ] GC(2) O: Min Capacity: 5120M(33%)
[9,839s][info   ][gc,heap        ] GC(2) O: Max Capacity: 15360M(100%)
[9,839s][info   ][gc,heap        ] GC(2) O: Soft Max Capacity: 15360M(100%)
[9,839s][info   ][gc,heap        ] GC(2) O: Heap Statistics:
[9,839s][info   ][gc,heap        ] GC(2) O:                Mark Start          Mark End        Relocate Start      Relocate End           High               Low         
[9,840s][info   ][gc,heap        ] GC(2) O:  Capacity:     5120M (33%)        5120M (33%)        5120M (33%)        5120M (33%)        5120M (33%)        5120M (33%)    
[9,840s][info   ][gc,heap        ] GC(2) O:      Free:    12282M (80%)       14960M (97%)       14942M (97%)       14942M (97%)       14964M (97%)       12244M (80%)    
[9,840s][info   ][gc,heap        ] GC(2) O:      Used:     3078M (20%)         400M (3%)          418M (3%)          418M (3%)         3116M (20%)         396M (3%)     
[9,840s][info   ][gc,heap        ] GC(2) O: Old Generation Statistics:
[9,840s][info   ][gc,heap        ] GC(2) O:                Mark Start          Mark End        Relocate Start      Relocate End    
[9,840s][info   ][gc,heap        ] GC(2) O:      Used:        0M (0%)           54M (0%)           54M (0%)           54M (0%)     
[9,840s][info   ][gc,heap        ] GC(2) O:      Live:         -                 0M (0%)            0M (0%)            0M (0%)     
[9,840s][info   ][gc,heap        ] GC(2) O:   Garbage:         -                 0M (0%)            0M (0%)            0M (0%)     
[9,840s][info   ][gc,heap        ] GC(2) O: Allocated:         -                54M (0%)           54M (0%)           54M (0%)     
[9,840s][info   ][gc,heap        ] GC(2) O: Reclaimed:         -                  -                 0M (0%)            0M (0%)     
[9,840s][info   ][gc,heap        ] GC(2) O: Compacted:         -                  -                  -                 0M (0%)     
[9,840s][info   ][gc,phases      ] GC(2) O: Old Generation 398M(3%)->418M(3%) 0,029s
[9,840s][info   ][gc             ] GC(2) Major Collection (Warmup) 3078M(20%)->418M(3%) 0,112s
[9,849s][debug  ][gc,director    ] Rule Major: Warmup 30%, Used: 424MB, UsedThreshold: 4608MB
[9,860s][debug  ][gc,director    ] Rule Major: Warmup 30%, Used: 432MB, UsedThreshold: 4608MB
[9,865s][debug  ][gc,alloc       ] Mutator Allocation Rate: 512,2MB/s Predicted: 550,1MB/s, Avg: 362,0(+/-108,8)MB/s
[9,865s][debug  ][gc,director    ] Rule Major: Warmup 30%, Used: 436MB, UsedThreshold: 4608MB
[9,875s][debug  ][gc,director    ] Rule Major: Warmup 30%, Used: 442MB, UsedThreshold: 4608MB
[9,885s][debug  ][gc,director    ] Rule Major: Warmup 30%, Used: 450MB, UsedThreshold: 4608MB
[9,895s][debug  ][gc,director    ] Rule Major: Warmup 30%, Used: 456MB, UsedThreshold: 4608MB
[9,906s][debug  ][gc,director    ] Rule Major: Warmup 30%, Used: 464MB, UsedThreshold: 4608MB
[9,916s][debug  ][gc,director    ] Rule Major: Warmup 30%, Used: 470MB, UsedThreshold: 4608MB
[9,926s][debug  ][gc,director    ] Rule Major: Warmup 30%, Used: 478MB, UsedThreshold: 4608MB
[9,936s][debug  ][gc,director    ] Rule Major: Warmup 30%, Used: 484MB, UsedThreshold: 4608MB
[9,947s][debug  ][gc,director    ] Rule Major: Warmup 30%, Used: 492MB, UsedThreshold: 4608MB
[9,957s][debug  ][gc,director    ] Rule Major: Warmup 30%, Used: 498MB, UsedThreshold: 4608MB
[9,960s][debug  ][gc,nmethod     ] Register NMethod: org.magicwerk.brownies.collections.GapList.doAdd (0x00007f77ef3b8710) [0x00007f77ef3b8a60, 0x00007f77ef3b9eb8] Compiler: c2, Barriers: 18, Oops: 1, ImmediateOops: 0, NonImmediateOops: No
[9,963s][debug  ][gc,nmethod     ] Register NMethod: io.sirix.cache.TransactionIntentLog.put (0x00007f77ef364f90) [0x00007f77ef365160, 0x00007f77ef365540] Compiler: c2, Barriers: 7, Oops: 1, ImmediateOops: 0, NonImmediateOops: No
[9,967s][debug  ][gc,director    ] Rule Major: Warmup 30%, Used: 506MB, UsedThreshold: 4608MB
[9,967s][debug  ][gc,nmethod     ] Register NMethod: io.sirix.cache.PageContainer.getInstance (0x00007f77ef2c0690) [0x00007f77ef2c0820, 0x00007f77ef2c0958] Compiler: c2, Barriers: 4, Oops: 1, ImmediateOops: 0, NonImmediateOops: No
[9,976s][debug  ][gc,nmethod     ] Register NMethod: io.sirix.access.trx.page.NodePageReadOnlyTrx.getRevisionNumber (0x00007f77ef22f190) [0x00007f77ef22f320, 0x00007f77ef22f410] Compiler: c2, Barriers: 1, Oops: 1, ImmediateOops: 0, NonImmediateOops: No
[9,977s][debug  ][gc,director    ] Rule Major: Warmup 30%, Used: 512MB, UsedThreshold: 4608MB
[9,982s][debug  ][gc,nmethod     ] Register NMethod: io.sirix.page.KeyValueLeafPage.<init> (0x00007f77ef266a90) [0x00007f77ef266ca0, 0x00007f77ef267758] Compiler: c2, Barriers: 25, Oops: 1, ImmediateOops: 0, NonImmediateOops: No
[9,987s][debug  ][gc,director    ] Rule Major: Warmup 30%, Used: 520MB, UsedThreshold: 4608MB
[9,997s][debug  ][gc,director    ] Rule Major: Warmup 30%, Used: 526MB, UsedThreshold: 4608MB
[10,004s][debug  ][gc,nmethod     ] Register NMethod: io.sirix.page.KeyValueLeafPage.<init> (0x00007f77ef39f090) [0x00007f77ef39f2a0, 0x00007f77ef39fd08] Compiler: c2, Barriers: 29, Oops: 2, ImmediateOops: 0, NonImmediateOops: No
[10,008s][debug  ][gc,director    ] Rule Major: Warmup 30%, Used: 534MB, UsedThreshold: 4608MB
[10,018s][debug  ][gc,nmethod     ] Register NMethod: io.sirix.access.trx.page.NodePageTrx.lambda$prepareRecordPage$3 (0x00007f77ef29d310) [0x00007f77ef29d780, 0x00007f77ef29fdb0] Compiler: c2, Barriers: 72, Oops: 4, ImmediateOops: 5, NonImmediateOops: No
[10,018s][debug  ][gc,director    ] Rule Major: Warmup 30%, Used: 542MB, UsedThreshold: 4608MB
[10,028s][debug  ][gc,director    ] Rule Major: Warmup 30%, Used: 548MB, UsedThreshold: 4608MB
[10,038s][debug  ][gc,alloc       ] Mutator Allocation Rate: 515,8MB/s Predicted: 556,6MB/s, Avg: 366,2(+/-110,2)MB/s
[10,038s][debug  ][gc,director    ] Rule Major: Warmup 30%, Used: 556MB, UsedThreshold: 4608MB
[10,048s][debug  ][gc,director    ] Rule Major: Warmup 30%, Used: 562MB, UsedThreshold: 4608MB
[10,058s][debug  ][gc,director    ] Rule Major: Warmup 30%, Used: 570MB, UsedThreshold: 4608MB
[10,069s][debug  ][gc,director    ] Rule Major: Warmup 30%, Used: 576MB, UsedThreshold: 4608MB
[10,079s][debug  ][gc,director    ] Rule Major: Warmup 30%, Used: 584MB, UsedThreshold: 4608MB
[10,089s][debug  ][gc,director    ] Rule Major: Warmup 30%, Used: 590MB, UsedThreshold: 4608MB
[10,099s][debug  ][gc,director    ] Rule Major: Warmup 30%, Used: 598MB, UsedThreshold: 4608MB
[10,109s][debug  ][gc,director    ] Rule Major: Warmup 30%, Used: 604MB, UsedThreshold: 4608MB
[10,120s][debug  ][gc,director    ] Rule Major: Warmup 30%, Used: 612MB, UsedThreshold: 4608MB
[10,130s][debug  ][gc,director    ] Rule Major: Warmup 30%, Used: 618MB, UsedThreshold: 4608MB
[10,140s][debug  ][gc,director    ] Rule Major: Warmup 30%, Used: 626MB, UsedThreshold: 4608MB
[10,150s][debug  ][gc,director    ] Rule Major: Warmup 30%, Used: 632MB, UsedThreshold: 4608MB
[10,160s][debug  ][gc,director    ] Rule Major: Warmup 30%, Used: 640MB, UsedThreshold: 4608MB
[10,171s][debug  ][gc,director    ] Rule Major: Warmup 30%, Used: 646MB, UsedThreshold: 4608MB
[10,181s][debug  ][gc,director    ] Rule Major: Warmup 30%, Used: 654MB, UsedThreshold: 4608MB
[10,191s][debug  ][gc,director    ] Rule Major: Warmup 30%, Used: 662MB, UsedThreshold: 4608MB
[10,201s][debug  ][gc,director    ] Rule Major: Warmup 30%, Used: 668MB, UsedThreshold: 4608MB
[10,211s][debug  ][gc,alloc       ] Mutator Allocation Rate: 519,3MB/s Predicted: 562,7MB/s, Avg: 370,2(+/-111,5)MB/s
[10,211s][debug  ][gc,director    ] Rule Major: Warmup 30%, Used: 676MB, UsedThreshold: 4608MB
[10,221s][debug  ][gc,director    ] Rule Major: Warmup 30%, Used: 682MB, UsedThreshold: 4608MB
[10,231s][debug  ][gc,director    ] Rule Major: Warmup 30%, Used: 690MB, UsedThreshold: 4608MB
[10,241s][debug  ][gc,director    ] Rule Major: Warmup 30%, Used: 696MB, UsedThreshold: 4608MB
[10,252s][debug  ][gc,director    ] Rule Major: Warmup 30%, Used: 704MB, UsedThreshold: 4608MB
[10,262s][debug  ][gc,director    ] Rule Major: Warmup 30%, Used: 710MB, UsedThreshold: 4608MB
[10,272s][debug  ][gc,director    ] Rule Major: Warmup 30%, Used: 718MB, UsedThreshold: 4608MB
[10,282s][debug  ][gc,director    ] Rule Major: Warmup 30%, Used: 724MB, UsedThreshold: 4608MB
[10,292s][debug  ][gc,director    ] Rule Major: Warmup 30%, Used: 732MB, UsedThreshold: 4608MB
[10,303s][debug  ][gc,director    ] Rule Major: Warmup 30%, Used: 738MB, UsedThreshold: 4608MB
[10,313s][debug  ][gc,director    ] Rule Major: Warmup 30%, Used: 746MB, UsedThreshold: 4608MB
[10,323s][debug  ][gc,director    ] Rule Major: Warmup 30%, Used: 754MB, UsedThreshold: 4608MB
[10,333s][debug  ][gc,director    ] Rule Major: Warmup 30%, Used: 760MB, UsedThreshold: 4608MB
[10,343s][debug  ][gc,director    ] Rule Major: Warmup 30%, Used: 768MB, UsedThreshold: 4608MB
[10,354s][debug  ][gc,director    ] Rule Major: Warmup 30%, Used: 774MB, UsedThreshold: 4608MB
[10,364s][debug  ][gc,director    ] Rule Major: Warmup 30%, Used: 782MB, UsedThreshold: 4608MB
[10,374s][debug  ][gc,director    ] Rule Major: Warmup 30%, Used: 788MB, UsedThreshold: 4608MB
[10,383s][debug  ][gc,alloc       ] Mutator Allocation Rate: 522,7MB/s Predicted: 568,4MB/s, Avg: 374,1(+/-112,7)MB/s
[10,383s][debug  ][gc,director    ] Rule Major: Warmup 30%, Used: 796MB, UsedThreshold: 4608MB
[10,393s][debug  ][gc,director    ] Rule Major: Warmup 30%, Used: 802MB, UsedThreshold: 4608MB
[10,401s][debug  ][gc,nmethod     ] Register NMethod: sun.nio.fs.UnixNativeDispatcher.copyToNativeBuffer (0x00007f77cfaa5710) [0x00007f77cfaa5920, 0x00007f77cfaa5de0] Compiler: c1, Barriers: 4, Oops: 0, ImmediateOops: 0, NonImmediateOops: No
[10,401s][debug  ][gc,nmethod     ] Register NMethod: sun.nio.fs.UnixPath.getByteArrayForSysCalls (0x00007f77cfe1a210) [0x00007f77cfe1a400, 0x00007f77cfe1a980] Compiler: c1, Barriers: 4, Oops: 0, ImmediateOops: 0, NonImmediateOops: No
[10,401s][debug  ][gc,nmethod     ] Register NMethod: sun.nio.fs.NativeBuffers.getNativeBufferFromCache (0x00007f77cfa9b810) [0x00007f77cfa9ba20, 0x00007f77cfa9c178] Compiler: c1, Barriers: 4, Oops: 1, ImmediateOops: 2, NonImmediateOops: No
[10,401s][debug  ][gc,nmethod     ] Register NMethod: sun.nio.fs.NativeBuffer.close (0x00007f77cfa2bd10) [0x00007f77cfa2bec0, 0x00007f77cfa2c068] Compiler: c1, Barriers: 0, Oops: 0, ImmediateOops: 0, NonImmediateOops: No
[10,402s][debug  ][gc,nmethod     ] Register NMethod: sun.nio.fs.NativeBuffer.release (0x00007f77cfa32010) [0x00007f77cfa321c0, 0x00007f77cfa322f8] Compiler: c1, Barriers: 0, Oops: 0, ImmediateOops: 0, NonImmediateOops: No
[10,402s][debug  ][gc,nmethod     ] Register NMethod: sun.nio.fs.NativeBuffers.releaseNativeBuffer (0x00007f77cfca3590) [0x00007f77cfca3920, 0x00007f77cfca5318] Compiler: c1, Barriers: 13, Oops: 2, ImmediateOops: 5, NonImmediateOops: No
[10,403s][debug  ][gc,director    ] Rule Major: Warmup 30%, Used: 842MB, UsedThreshold: 4608MB
[10,403s][debug  ][gc,director    ] Select Minor GC Workers (Not Warm), GCWorkers: 5,000
[10,403s][debug  ][gc,director    ] Rule Minor: Allocation Rate (Dynamic GC Workers), MaxAllocRate: 374,1MB/s (+/-30,1%), Free: 14476MB, GCCPUTime: 1,537, GCDuration: 0,318s, TimeUntilOOM: 29,738s, TimeUntilGC: 29,419s, GCWorkers: 5
[10,404s][debug  ][gc,director    ] Select Minor GC Workers (Not Warm), GCWorkers: 5,000
[10,404s][debug  ][gc,director    ] Rule Minor: Allocation Rate (Dynamic GC Workers), MaxAllocRate: 1507,6MB/s (+/-30,1%), Free: 14476MB, GCCPUTime: 1,537, GCDuration: 0,318s, TimeUntilOOM: 7,380s, TimeUntilGC: 7,062s, GCWorkers: 5
[10,404s][debug  ][gc,director    ] Rule Minor: High Usage, Free: 14476MB(94,2%)
[10,414s][debug  ][gc,director    ] Rule Major: Warmup 30%, Used: 898MB, UsedThreshold: 4608MB
[10,414s][debug  ][gc,director    ] Select Minor GC Workers (Not Warm), GCWorkers: 5,000
[10,414s][debug  ][gc,director    ] Rule Minor: Allocation Rate (Dynamic GC Workers), MaxAllocRate: 374,1MB/s (+/-30,1%), Free: 14420MB, GCCPUTime: 1,537, GCDuration: 0,318s, TimeUntilOOM: 29,623s, TimeUntilGC: 29,304s, GCWorkers: 5
[10,414s][debug  ][gc,director    ] Select Minor GC Workers (Not Warm), GCWorkers: 5,000
[10,414s][debug  ][gc,director    ] Rule Minor: Allocation Rate (Dynamic GC Workers), MaxAllocRate: 1507,6MB/s (+/-30,1%), Free: 14420MB, GCCPUTime: 1,537, GCDuration: 0,318s, TimeUntilOOM: 7,351s, TimeUntilGC: 7,033s, GCWorkers: 5
[10,414s][debug  ][gc,director    ] Rule Minor: High Usage, Free: 14420MB(93,9%)
[10,415s][debug  ][gc,alloc       ] Mutator Allocation Rate: 534,2MB/s Predicted: 574,7MB/s, Avg: 378,1(+/-114,0)MB/s
[10,415s][debug  ][gc,director    ] Rule Major: Warmup 30%, Used: 916MB, UsedThreshold: 4608MB
[10,415s][debug  ][gc,director    ] Select Minor GC Workers (Not Warm), GCWorkers: 5,000
[10,415s][debug  ][gc,director    ] Rule Minor: Allocation Rate (Dynamic GC Workers), MaxAllocRate: 378,1MB/s (+/-30,2%), Free: 14402MB, GCCPUTime: 1,537, GCDuration: 0,318s, TimeUntilOOM: 29,264s, TimeUntilGC: 28,945s, GCWorkers: 5
[10,415s][debug  ][gc,director    ] Select Minor GC Workers (Not Warm), GCWorkers: 5,000
[10,415s][debug  ][gc,director    ] Rule Minor: Allocation Rate (Dynamic GC Workers), MaxAllocRate: 1524,6MB/s (+/-30,2%), Free: 14402MB, GCCPUTime: 1,537, GCDuration: 0,318s, TimeUntilOOM: 7,258s, TimeUntilGC: 6,940s, GCWorkers: 5
[10,415s][debug  ][gc,director    ] Rule Minor: High Usage, Free: 14402MB(93,8%)
[10,417s][debug  ][gc,nmethod     ] Register NMethod: java.util.Spliterator.getExactSizeIfKnown (0x00007f77ef221310) [0x00007f77ef2214a0, 0x00007f77ef221568] Compiler: c2, Barriers: 0, Oops: 0, ImmediateOops: 0, NonImmediateOops: No
[10,425s][debug  ][gc,director    ] Rule Major: Warmup 30%, Used: 970MB, UsedThreshold: 4608MB
[10,425s][debug  ][gc,director    ] Select Minor GC Workers (Not Warm), GCWorkers: 5,000
[10,425s][debug  ][gc,director    ] Rule Minor: Allocation Rate (Dynamic GC Workers), MaxAllocRate: 378,1MB/s (+/-30,2%), Free: 14348MB, GCCPUTime: 1,537, GCDuration: 0,318s, TimeUntilOOM: 29,154s, TimeUntilGC: 28,836s, GCWorkers: 5
[10,425s][debug  ][gc,director    ] Select Minor GC Workers (Not Warm), GCWorkers: 5,000
[10,425s][debug  ][gc,director    ] Rule Minor: Allocation Rate (Dynamic GC Workers), MaxAllocRate: 1524,6MB/s (+/-30,2%), Free: 14348MB, GCCPUTime: 1,537, GCDuration: 0,318s, TimeUntilOOM: 7,231s, TimeUntilGC: 6,912s, GCWorkers: 5
[10,425s][debug  ][gc,director    ] Rule Minor: High Usage, Free: 14348MB(93,4%)
[10,433s][debug  ][gc,alloc       ] Mutator Allocation Rate: 546,5MB/s Predicted: 581,6MB/s, Avg: 382,2(+/-115,6)MB/s
[10,433s][debug  ][gc,director    ] Rule Major: Warmup 30%, Used: 1036MB, UsedThreshold: 4608MB
[10,433s][debug  ][gc,director    ] Select Minor GC Workers (Not Warm), GCWorkers: 5,000
[10,433s][debug  ][gc,director    ] Rule Minor: Allocation Rate (Dynamic GC Workers), MaxAllocRate: 382,2MB/s (+/-30,2%), Free: 14282MB, GCCPUTime: 1,537, GCDuration: 0,318s, TimeUntilOOM: 28,690s, TimeUntilGC: 28,371s, GCWorkers: 5
[10,433s][debug  ][gc,director    ] Select Minor GC Workers (Not Warm), GCWorkers: 5,000
[10,433s][debug  ][gc,director    ] Rule Minor: Allocation Rate (Dynamic GC Workers), MaxAllocRate: 1543,4MB/s (+/-30,2%), Free: 14282MB, GCCPUTime: 1,537, GCDuration: 0,318s, TimeUntilOOM: 7,105s, TimeUntilGC: 6,787s, GCWorkers: 5
[10,433s][debug  ][gc,director    ] Rule Minor: High Usage, Free: 14282MB(93,0%)
[10,435s][debug  ][gc,nmethod     ] Register NMethod: net.openhft.chronicle.bytes.NativeBytes.checkResize (0x00007f77ef26ce90) [0x00007f77ef26d020, 0x00007f77ef26d0c0] Compiler: c2, Barriers: 0, Oops: 1, ImmediateOops: 0, NonImmediateOops: No
[10,443s][debug  ][gc,director    ] Rule Major: Warmup 30%, Used: 1120MB, UsedThreshold: 4608MB
[10,444s][debug  ][gc,director    ] Select Minor GC Workers (Not Warm), GCWorkers: 5,000
[10,444s][debug  ][gc,director    ] Rule Minor: Allocation Rate (Dynamic GC Workers), MaxAllocRate: 382,2MB/s (+/-30,2%), Free: 14198MB, GCCPUTime: 1,537, GCDuration: 0,318s, TimeUntilOOM: 28,521s, TimeUntilGC: 28,203s, GCWorkers: 5
[10,444s][debug  ][gc,director    ] Select Minor GC Workers (Not Warm), GCWorkers: 5,000
[10,444s][debug  ][gc,director    ] Rule Minor: Allocation Rate (Dynamic GC Workers), MaxAllocRate: 1543,4MB/s (+/-30,2%), Free: 14198MB, GCCPUTime: 1,537, GCDuration: 0,318s, TimeUntilOOM: 7,063s, TimeUntilGC: 6,745s, GCWorkers: 5
[10,444s][debug  ][gc,director    ] Rule Minor: High Usage, Free: 14198MB(92,4%)
[10,449s][debug  ][gc,alloc       ] Mutator Allocation Rate: 558,8MB/s Predicted: 588,9MB/s, Avg: 386,4(+/-117,3)MB/s
[10,449s][debug  ][gc,director    ] Rule Major: Warmup 30%, Used: 1158MB, UsedThreshold: 4608MB
[10,449s][debug  ][gc,director    ] Select Minor GC Workers (Not Warm), GCWorkers: 5,000
[10,450s][debug  ][gc,director    ] Rule Minor: Allocation Rate (Dynamic GC Workers), MaxAllocRate: 386,4MB/s (+/-30,4%), Free: 14160MB, GCCPUTime: 1,537, GCDuration: 0,318s, TimeUntilOOM: 28,109s, TimeUntilGC: 27,790s, GCWorkers: 5
[10,450s][debug  ][gc,director    ] Select Minor GC Workers (Not Warm), GCWorkers: 5,000
[10,450s][debug  ][gc,director    ] Rule Minor: Allocation Rate (Dynamic GC Workers), MaxAllocRate: 1563,8MB/s (+/-30,4%), Free: 14160MB, GCCPUTime: 1,537, GCDuration: 0,318s, TimeUntilOOM: 6,946s, TimeUntilGC: 6,628s, GCWorkers: 5
[10,450s][debug  ][gc,director    ] Rule Minor: High Usage, Free: 14160MB(92,2%)
[10,460s][debug  ][gc,director    ] Rule Major: Warmup 30%, Used: 1220MB, UsedThreshold: 4608MB
[10,460s][debug  ][gc,director    ] Select Minor GC Workers (Not Warm), GCWorkers: 5,000
[10,460s][debug  ][gc,director    ] Rule Minor: Allocation Rate (Dynamic GC Workers), MaxAllocRate: 386,4MB/s (+/-30,4%), Free: 14098MB, GCCPUTime: 1,537, GCDuration: 0,318s, TimeUntilOOM: 27,986s, TimeUntilGC: 27,667s, GCWorkers: 5
[10,460s][debug  ][gc,director    ] Select Minor GC Workers (Not Warm), GCWorkers: 5,000
[10,460s][debug  ][gc,director    ] Rule Minor: Allocation Rate (Dynamic GC Workers), MaxAllocRate: 1563,8MB/s (+/-30,4%), Free: 14098MB, GCCPUTime: 1,537, GCDuration: 0,318s, TimeUntilOOM: 6,916s, TimeUntilGC: 6,597s, GCWorkers: 5
[10,460s][debug  ][gc,director    ] Rule Minor: High Usage, Free: 14098MB(91,8%)
[10,470s][debug  ][gc,director    ] Rule Major: Warmup 30%, Used: 1266MB, UsedThreshold: 4608MB
[10,470s][debug  ][gc,director    ] Select Minor GC Workers (Not Warm), GCWorkers: 5,000
[10,470s][debug  ][gc,director    ] Rule Minor: Allocation Rate (Dynamic GC Workers), MaxAllocRate: 386,4MB/s (+/-30,4%), Free: 14052MB, GCCPUTime: 1,537, GCDuration: 0,318s, TimeUntilOOM: 27,894s, TimeUntilGC: 27,576s, GCWorkers: 5
[10,470s][debug  ][gc,director    ] Select Minor GC Workers (Not Warm), GCWorkers: 5,000
[10,470s][debug  ][gc,director    ] Rule Minor: Allocation Rate (Dynamic GC Workers), MaxAllocRate: 1563,8MB/s (+/-30,4%), Free: 14052MB, GCCPUTime: 1,537, GCDuration: 0,318s, TimeUntilOOM: 6,893s, TimeUntilGC: 6,575s, GCWorkers: 5
[10,470s][debug  ][gc,director    ] Rule Minor: High Usage, Free: 14052MB(91,5%)
[10,472s][debug  ][gc,alloc       ] Mutator Allocation Rate: 570,7MB/s Predicted: 596,6MB/s, Avg: 390,7(+/-119,2)MB/s
[10,472s][debug  ][gc,director    ] Rule Major: Warmup 30%, Used: 1276MB, UsedThreshold: 4608MB
[10,472s][debug  ][gc,director    ] Select Minor GC Workers (Not Warm), GCWorkers: 5,000
[10,472s][debug  ][gc,director    ] Rule Minor: Allocation Rate (Dynamic GC Workers), MaxAllocRate: 390,7MB/s (+/-30,5%), Free: 14042MB, GCCPUTime: 1,537, GCDuration: 0,318s, TimeUntilOOM: 27,536s, TimeUntilGC: 27,218s, GCWorkers: 5
[10,472s][debug  ][gc,director    ] Select Minor GC Workers (Not Warm), GCWorkers: 5,000
[10,472s][debug  ][gc,director    ] Rule Minor: Allocation Rate (Dynamic GC Workers), MaxAllocRate: 1585,5MB/s (+/-30,5%), Free: 14042MB, GCCPUTime: 1,537, GCDuration: 0,318s, TimeUntilOOM: 6,786s, TimeUntilGC: 6,468s, GCWorkers: 5
[10,472s][debug  ][gc,director    ] Rule Minor: High Usage, Free: 14042MB(91,4%)
[10,473s][debug  ][gc,nmethod     ] Register NMethod: java.util.stream.ForEachOps$ForEachTask.compute (0x00007f77cffd8b90) [0x00007f77cffd8e80, 0x00007f77cffd9ee0] Compiler: c1, Barriers: 21, Oops: 1, ImmediateOops: 1, NonImmediateOops: No
[10,481s][debug  ][gc,nmethod     ] Register NMethod: java.util.concurrent.ForkJoinPool.signalWork (0x00007f77cfe1db90) [0x00007f77cfe1ddc0, 0x00007f77cfe1e708] Compiler: c1, Barriers: 3, Oops: 0, ImmediateOops: 1, NonImmediateOops: No
[10,482s][debug  ][gc,director    ] Rule Major: Warmup 30%, Used: 1320MB, UsedThreshold: 4608MB
[10,482s][debug  ][gc,director    ] Select Minor GC Workers (Not Warm), GCWorkers: 5,000
[10,482s][debug  ][gc,director    ] Rule Minor: Allocation Rate (Dynamic GC Workers), MaxAllocRate: 390,7MB/s (+/-30,5%), Free: 13998MB, GCCPUTime: 1,537, GCDuration: 0,318s, TimeUntilOOM: 27,450s, TimeUntilGC: 27,131s, GCWorkers: 5
[10,482s][debug  ][gc,director    ] Select Minor GC Workers (Not Warm), GCWorkers: 5,000
[10,482s][debug  ][gc,director    ] Rule Minor: Allocation Rate (Dynamic GC Workers), MaxAllocRate: 1585,5MB/s (+/-30,5%), Free: 13998MB, GCCPUTime: 1,537, GCDuration: 0,318s, TimeUntilOOM: 6,765s, TimeUntilGC: 6,446s, GCWorkers: 5
[10,482s][debug  ][gc,director    ] Rule Minor: High Usage, Free: 13998MB(91,1%)
[10,489s][debug  ][gc,nmethod     ] Register NMethod: java.util.concurrent.CountedCompleter.weakCompareAndSetPendingCount (0x00007f77cfa39d10) [0x00007f77cfa39ec0, 0x00007f77cfa3a020] Compiler: c1, Barriers: 0, Oops: 0, ImmediateOops: 1, NonImmediateOops: No
[10,493s][debug  ][gc,director    ] Rule Major: Warmup 30%, Used: 1374MB, UsedThreshold: 4608MB
[10,493s][debug  ][gc,director    ] Select Minor GC Workers (Not Warm), GCWorkers: 5,000
[10,493s][debug  ][gc,director    ] Rule Minor: Allocation Rate (Dynamic GC Workers), MaxAllocRate: 390,7MB/s (+/-30,5%), Free: 13944MB, GCCPUTime: 1,537, GCDuration: 0,318s, TimeUntilOOM: 27,344s, TimeUntilGC: 27,026s, GCWorkers: 5
[10,493s][debug  ][gc,director    ] Select Minor GC Workers (Not Warm), GCWorkers: 5,000
[10,493s][debug  ][gc,director    ] Rule Minor: Allocation Rate (Dynamic GC Workers), MaxAllocRate: 1585,5MB/s (+/-30,5%), Free: 13944MB, GCCPUTime: 1,537, GCDuration: 0,318s, TimeUntilOOM: 6,739s, TimeUntilGC: 6,420s, GCWorkers: 5
[10,493s][debug  ][gc,director    ] Rule Minor: High Usage, Free: 13944MB(90,8%)
[10,495s][debug  ][gc,nmethod     ] Register NMethod: jdk.internal.misc.Unsafe.putReferenceOpaque (0x00007f77cfa7af90) [0x00007f77cfa7b120, 0x00007f77cfa7b2a0] Compiler: c1, Barriers: 3, Oops: 0, ImmediateOops: 0, NonImmediateOops: No
[10,498s][debug  ][gc,nmethod     ] Register NMethod: java.util.concurrent.ForkJoinPool.awaitWork (0x00007f77cff65610) [0x00007f77cff65960, 0x00007f77cff66e88] Compiler: c1, Barriers: 4, Oops: 0, ImmediateOops: 2, NonImmediateOops: No
[10,498s][debug  ][gc,nmethod     ] Register NMethod: net.openhft.chronicle.bytes.NativeBytes.resize (0x00007f77ef307b10) [0x00007f77ef308080, 0x00007f77ef30b0f8] Compiler: c2, Barriers: 66, Oops: 8, ImmediateOops: 23, NonImmediateOops: No
[10,501s][debug  ][gc,nmethod     ] Register NMethod: java.io.DataOutputStream.write (0x00007f77ef29ad90) [0x00007f77ef29af40, 0x00007f77ef29b4b8] Compiler: c2, Barriers: 2, Oops: 1, ImmediateOops: 0, NonImmediateOops: No
[10,503s][debug  ][gc,director    ] Rule Major: Warmup 30%, Used: 1392MB, UsedThreshold: 4608MB
[10,503s][debug  ][gc,director    ] Select Minor GC Workers (Not Warm), GCWorkers: 5,000
[10,503s][debug  ][gc,director    ] Rule Minor: Allocation Rate (Dynamic GC Workers), MaxAllocRate: 390,7MB/s (+/-30,5%), Free: 13926MB, GCCPUTime: 1,537, GCDuration: 0,318s, TimeUntilOOM: 27,309s, TimeUntilGC: 26,990s, GCWorkers: 5
[10,503s][debug  ][gc,director    ] Select Minor GC Workers (Not Warm), GCWorkers: 5,000
[10,503s][debug  ][gc,director    ] Rule Minor: Allocation Rate (Dynamic GC Workers), MaxAllocRate: 1585,5MB/s (+/-30,5%), Free: 13926MB, GCCPUTime: 1,537, GCDuration: 0,318s, TimeUntilOOM: 6,730s, TimeUntilGC: 6,411s, GCWorkers: 5
[10,503s][debug  ][gc,director    ] Rule Minor: High Usage, Free: 13926MB(90,7%)
[10,505s][debug  ][gc,stats       ] === Garbage Collection Statistics =======================================================================================================================
[10,505s][debug  ][gc,stats       ]                                                              Last 10s              Last 10m              Last 10h                Total
[10,505s][debug  ][gc,stats       ]                                                              Avg / Max             Avg / Max             Avg / Max             Avg / Max
[10,505s][debug  ][gc,stats       ]        Contention: Mark Segment Reset Contention                    10 / 79               10 / 79               10 / 79               10 / 79          ops/s
[10,505s][debug  ][gc,stats       ]        Contention: Mark SeqNum Reset Contention                      0 / 2                 0 / 2                 0 / 2                 0 / 2           ops/s
[10,505s][debug  ][gc,stats       ]          Critical: Allocation Stall                                  0 / 0                 0 / 0                 0 / 0                 0 / 0           ops/s
[10,505s][debug  ][gc,stats       ]          Critical: Allocation Stall                              0,000 / 0,000         0,000 / 0,000         0,000 / 0,000         0,000 / 0,000       ms
[10,505s][debug  ][gc,stats       ]          Critical: JNI Critical Stall                                0 / 2                 0 / 2                 0 / 2                 0 / 2           ops/s
[10,505s][debug  ][gc,stats       ]          Critical: JNI Critical Stall                            0,451 / 0,652         0,451 / 0,652         0,451 / 0,652         0,451 / 0,652       ms
[10,505s][debug  ][gc,stats       ]          Critical: Relocation Stall                                  0 / 0                 0 / 0                 0 / 0                 0 / 0           ops/s
[10,505s][debug  ][gc,stats       ]          Critical: Relocation Stall                              0,000 / 0,000         0,000 / 0,000         0,000 / 0,000         0,000 / 0,000       ms
[10,505s][debug  ][gc,stats       ]  Major Collection: Major Collection                            144,199 / 244,504     144,199 / 244,504     144,199 / 244,504     144,199 / 244,504     ms
[10,505s][debug  ][gc,stats       ]            Memory: Allocation Rate                                 586 / 1202            586 / 1202            586 / 1202            586 / 1202        MB/s
[10,505s][debug  ][gc,stats       ]            Memory: Defragment                                        0 / 0                 0 / 0                 0 / 0                 0 / 0           ops/s
[10,505s][debug  ][gc,stats       ]            Memory: Out Of Memory                                     0 / 0                 0 / 0                 0 / 0                 0 / 0           ops/s
[10,505s][debug  ][gc,stats       ]            Memory: Page Cache Flush                                  0 / 0                 0 / 0                 0 / 0                 0 / 0           MB/s
[10,505s][debug  ][gc,stats       ]            Memory: Page Cache Hit L1                               143 / 515             143 / 515             143 / 515             143 / 515         ops/s
[10,505s][debug  ][gc,stats       ]            Memory: Page Cache Hit L2                                 0 / 0                 0 / 0                 0 / 0                 0 / 0           ops/s
[10,505s][debug  ][gc,stats       ]            Memory: Page Cache Hit L3                               171 / 504             171 / 504             171 / 504             171 / 504         ops/s
[10,505s][debug  ][gc,stats       ]            Memory: Page Cache Miss                                   0 / 1                 0 / 1                 0 / 1                 0 / 1           ops/s
[10,505s][debug  ][gc,stats       ]            Memory: Uncommit                                          0 / 0                 0 / 0                 0 / 0                 0 / 0           MB/s
[10,505s][debug  ][gc,stats       ]            Memory: Undo Object Allocation Failed                     0 / 0                 0 / 0                 0 / 0                 0 / 0           ops/s
[10,505s][debug  ][gc,stats       ]            Memory: Undo Object Allocation Succeeded                  0 / 0                 0 / 0                 0 / 0                 0 / 0           ops/s
[10,505s][debug  ][gc,stats       ]            Memory: Undo Page Allocation                              0 / 1                 0 / 1                 0 / 1                 0 / 1           ops/s
[10,505s][debug  ][gc,stats       ]  Minor Collection: Minor Collection                              0,000 / 0,000         0,000 / 0,000         0,000 / 0,000         0,000 / 0,000       ms
[10,505s][debug  ][gc,stats       ]    Old Generation: Old Generation                               28,839 / 33,745       28,839 / 33,745       28,839 / 33,745       28,839 / 33,745      ms
[10,505s][debug  ][gc,stats       ]         Old Pause: Pause Mark End                                0,027 / 0,033         0,027 / 0,033         0,027 / 0,033         0,027 / 0,033       ms
[10,505s][debug  ][gc,stats       ]         Old Pause: Pause Relocate Start                          0,040 / 0,049         0,040 / 0,049         0,040 / 0,049         0,040 / 0,049       ms
[10,505s][debug  ][gc,stats       ]         Old Phase: Concurrent Mark                               3,032 / 3,602         3,032 / 3,602         3,032 / 3,602         3,032 / 3,602       ms
[10,505s][debug  ][gc,stats       ]         Old Phase: Concurrent Mark Continue                      0,000 / 0,000         0,000 / 0,000         0,000 / 0,000         0,000 / 0,000       ms
[10,505s][debug  ][gc,stats       ]         Old Phase: Concurrent Mark Free                          0,038 / 0,073         0,038 / 0,073         0,038 / 0,073         0,038 / 0,073       ms
[10,505s][debug  ][gc,stats       ]         Old Phase: Concurrent Process Non-Strong                12,165 / 15,907       12,165 / 15,907       12,165 / 15,907       12,165 / 15,907      ms
[10,505s][debug  ][gc,stats       ]         Old Phase: Concurrent Relocate                           0,395 / 0,476         0,395 / 0,476         0,395 / 0,476         0,395 / 0,476       ms
[10,505s][debug  ][gc,stats       ]         Old Phase: Concurrent Remap Roots                       11,150 / 19,039       11,150 / 19,039       11,150 / 19,039       11,150 / 19,039      ms
[10,505s][debug  ][gc,stats       ]         Old Phase: Concurrent Reset Relocation Set               0,009 / 0,009         0,009 / 0,009         0,009 / 0,009         0,009 / 0,009       ms
[10,505s][debug  ][gc,stats       ]         Old Phase: Concurrent Select Relocation Set              1,185 / 1,355         1,185 / 1,355         1,185 / 1,355         1,185 / 1,355       ms
[10,505s][debug  ][gc,stats       ]      Old Subphase: Concurrent Classes Purge                      2,869 / 2,955         2,869 / 2,955         2,869 / 2,955         2,869 / 2,955       ms
[10,505s][debug  ][gc,stats       ]      Old Subphase: Concurrent Classes Unlink                     8,038 / 11,797        8,038 / 11,797        8,038 / 11,797        8,038 / 11,797      ms
[10,505s][debug  ][gc,stats       ]      Old Subphase: Concurrent Mark Follow                        0,596 / 1,051         0,596 / 1,051         0,596 / 1,051         0,596 / 1,051       ms
[10,505s][debug  ][gc,stats       ]      Old Subphase: Concurrent Mark Root Colored                  0,082 / 0,167         0,082 / 0,167         0,082 / 0,167         0,082 / 0,167       ms
[10,505s][debug  ][gc,stats       ]      Old Subphase: Concurrent Mark Root Uncolored                1,990 / 2,618         1,990 / 2,618         1,990 / 2,618         1,990 / 2,618       ms
[10,505s][debug  ][gc,stats       ]      Old Subphase: Concurrent Mark Roots                         2,387 / 3,150         2,387 / 3,150         2,387 / 3,150         2,387 / 3,150       ms
[10,505s][debug  ][gc,stats       ]      Old Subphase: Concurrent References Enqueue                 0,009 / 0,009         0,009 / 0,009         0,009 / 0,009         0,009 / 0,009       ms
[10,505s][debug  ][gc,stats       ]      Old Subphase: Concurrent References Process                 0,132 / 0,174         0,132 / 0,174         0,132 / 0,174         0,132 / 0,174       ms
[10,505s][debug  ][gc,stats       ]      Old Subphase: Concurrent Remap Remembered                   7,499 / 17,650        7,499 / 17,650        7,499 / 17,650        7,499 / 17,650      ms
[10,505s][debug  ][gc,stats       ]      Old Subphase: Concurrent Remap Roots Colored                1,092 / 1,275         1,092 / 1,275         1,092 / 1,275         1,092 / 1,275       ms
[10,505s][debug  ][gc,stats       ]      Old Subphase: Concurrent Remap Roots Uncolored              0,313 / 0,419         0,313 / 0,419         0,313 / 0,419         0,313 / 0,419       ms
[10,506s][debug  ][gc,stats       ]      Old Subphase: Concurrent Roots ClassLoaderDataGraph         0,846 / 1,206         0,846 / 1,206         0,846 / 1,206         0,846 / 1,206       ms
[10,506s][debug  ][gc,stats       ]      Old Subphase: Concurrent Roots CodeCache                    0,309 / 0,416         0,309 / 0,416         0,309 / 0,416         0,309 / 0,416       ms
[10,506s][debug  ][gc,stats       ]      Old Subphase: Concurrent Roots JavaThreads                  0,335 / 2,618         0,335 / 2,618         0,335 / 2,618         0,335 / 2,618       ms
[10,506s][debug  ][gc,stats       ]      Old Subphase: Concurrent Roots OopStorageSet                0,000 / 0,000         0,000 / 0,000         0,000 / 0,000         0,000 / 0,000       ms
[10,506s][debug  ][gc,stats       ]      Old Subphase: Concurrent Weak Roots OopStorageSet           0,118 / 0,726         0,118 / 0,726         0,118 / 0,726         0,118 / 0,726       ms
[10,506s][debug  ][gc,stats       ]            System: Java Threads                                     27 / 43               27 / 43               27 / 43               27 / 43          threads
[10,506s][debug  ][gc,stats       ]  Young Generation: Young Generation                            114,333 / 220,153     114,333 / 220,153     114,333 / 220,153     114,333 / 220,153     ms
[10,506s][debug  ][gc,stats       ]  Young Generation: Young Generation                              0,000 / 0,000         0,000 / 0,000         0,000 / 0,000         0,000 / 0,000       ms
[10,506s][debug  ][gc,stats       ]  Young Generation: Young Generation (Collect Roots)              0,000 / 0,000         0,000 / 0,000         0,000 / 0,000         0,000 / 0,000       ms
[10,506s][debug  ][gc,stats       ]  Young Generation: Young Generation (Promote All)                0,000 / 0,000         0,000 / 0,000         0,000 / 0,000         0,000 / 0,000       ms
[10,506s][debug  ][gc,stats       ]       Young Pause: Pause Mark End                                0,033 / 0,033         0,033 / 0,033         0,033 / 0,033         0,033 / 0,033       ms
[10,506s][debug  ][gc,stats       ]       Young Pause: Pause Mark Start                              0,000 / 0,000         0,000 / 0,000         0,000 / 0,000         0,000 / 0,000       ms
[10,506s][debug  ][gc,stats       ]       Young Pause: Pause Mark Start (Major)                      0,153 / 0,186         0,153 / 0,186         0,153 / 0,186         0,153 / 0,186       ms
[10,506s][debug  ][gc,stats       ]       Young Pause: Pause Relocate Start                          0,043 / 0,047         0,043 / 0,047         0,043 / 0,047         0,043 / 0,047       ms
[10,506s][debug  ][gc,stats       ]       Young Phase: Concurrent Mark                              65,122 / 110,162      65,122 / 110,162      65,122 / 110,162      65,122 / 110,162     ms
[10,506s][debug  ][gc,stats       ]       Young Phase: Concurrent Mark Continue                      0,000 / 0,000         0,000 / 0,000         0,000 / 0,000         0,000 / 0,000       ms
[10,506s][debug  ][gc,stats       ]       Young Phase: Concurrent Mark Free                          0,034 / 0,057         0,034 / 0,057         0,034 / 0,057         0,034 / 0,057       ms
[10,506s][debug  ][gc,stats       ]       Young Phase: Concurrent Relocate                          32,210 / 82,159       32,210 / 82,159       32,210 / 82,159       32,210 / 82,159      ms
[10,506s][debug  ][gc,stats       ]       Young Phase: Concurrent Reset Relocation Set               0,026 / 0,044         0,026 / 0,044         0,026 / 0,044         0,026 / 0,044       ms
[10,506s][debug  ][gc,stats       ]       Young Phase: Concurrent Select Relocation Set             15,616 / 26,576       15,616 / 26,576       15,616 / 26,576       15,616 / 26,576      ms
[10,506s][debug  ][gc,stats       ]    Young Subphase: Concurrent Mark Follow                       61,007 / 106,738      61,007 / 106,738      61,007 / 106,738      61,007 / 106,738     ms
[10,506s][debug  ][gc,stats       ]    Young Subphase: Concurrent Mark Root Colored                  2,297 / 2,494         2,297 / 2,494         2,297 / 2,494         2,297 / 2,494       ms
[10,506s][debug  ][gc,stats       ]    Young Subphase: Concurrent Mark Root Uncolored                1,094 / 2,921         1,094 / 2,921         1,094 / 2,921         1,094 / 2,921       ms
[10,506s][debug  ][gc,stats       ]    Young Subphase: Concurrent Mark Roots                         4,030 / 5,067         4,030 / 5,067         4,030 / 5,067         4,030 / 5,067       ms
[10,506s][debug  ][gc,stats       ]    Young Subphase: Concurrent Relocate Remset FP                 1,096 / 2,983         1,096 / 2,983         1,096 / 2,983         1,096 / 2,983       ms
[10,506s][debug  ][gc,stats       ]    Young Subphase: Concurrent Roots ClassLoaderDataGraph         1,952 / 2,217         1,952 / 2,217         1,952 / 2,217         1,952 / 2,217       ms
[10,506s][debug  ][gc,stats       ]    Young Subphase: Concurrent Roots CodeCache                    0,480 / 1,261         0,480 / 1,261         0,480 / 1,261         0,480 / 1,261       ms
[10,506s][debug  ][gc,stats       ]    Young Subphase: Concurrent Roots JavaThreads                  0,309 / 1,659         0,309 / 1,659         0,309 / 1,659         0,309 / 1,659       ms
[10,506s][debug  ][gc,stats       ]    Young Subphase: Concurrent Roots OopStorageSet                0,000 / 0,000         0,000 / 0,000         0,000 / 0,000         0,000 / 0,000       ms
[10,506s][debug  ][gc,stats       ]    Young Subphase: Concurrent Weak Roots OopStorageSet           0,209 / 1,292         0,209 / 1,292         0,209 / 1,292         0,209 / 1,292       ms
[10,506s][debug  ][gc,stats       ] =========================================================================================================================================================
[10,511s][debug  ][gc,nmethod     ] Register NMethod: io.sirix.page.SerializationType.writePageFragments (0x00007f77ef2d8490) [0x00007f77ef2d8760, 0x00007f77ef2d94d0] Compiler: c2, Barriers: 15, Oops: 1, ImmediateOops: 0, NonImmediateOops: No
[10,513s][debug  ][gc,nmethod     ] Register NMethod: java.nio.channels.spi.AbstractInterruptibleChannel.begin (0x00007f77ef29c510) [0x00007f77ef29c6e0, 0x00007f77ef29cc88] Compiler: c2, Barriers: 12, Oops: 0, ImmediateOops: 1, NonImmediateOops: No
[10,513s][debug  ][gc,director    ] Rule Major: Warmup 30%, Used: 1394MB, UsedThreshold: 4608MB
[10,513s][debug  ][gc,director    ] Select Minor GC Workers (Not Warm), GCWorkers: 5,000
[10,513s][debug  ][gc,director    ] Rule Minor: Allocation Rate (Dynamic GC Workers), MaxAllocRate: 390,7MB/s (+/-30,5%), Free: 13924MB, GCCPUTime: 1,537, GCDuration: 0,318s, TimeUntilOOM: 27,305s, TimeUntilGC: 26,986s, GCWorkers: 5
[10,513s][debug  ][gc,director    ] Select Minor GC Workers (Not Warm), GCWorkers: 5,000
[10,513s][debug  ][gc,director    ] Rule Minor: Allocation Rate (Dynamic GC Workers), MaxAllocRate: 1585,5MB/s (+/-30,5%), Free: 13924MB, GCCPUTime: 1,537, GCDuration: 0,318s, TimeUntilOOM: 6,729s, TimeUntilGC: 6,410s, GCWorkers: 5
[10,513s][debug  ][gc,director    ] Rule Minor: High Usage, Free: 13924MB(90,7%)
[10,514s][debug  ][gc,alloc       ] Mutator Allocation Rate: 581,3MB/s Predicted: 604,6MB/s, Avg: 395,1(+/-121,2)MB/s
[10,514s][debug  ][gc,director    ] Rule Major: Warmup 30%, Used: 1396MB, UsedThreshold: 4608MB
[10,514s][debug  ][gc,director    ] Select Minor GC Workers (Not Warm), GCWorkers: 5,000
[10,514s][debug  ][gc,director    ] Rule Minor: Allocation Rate (Dynamic GC Workers), MaxAllocRate: 395,1MB/s (+/-30,7%), Free: 13922MB, GCCPUTime: 1,537, GCDuration: 0,318s, TimeUntilOOM: 26,966s, TimeUntilGC: 26,647s, GCWorkers: 5
[10,514s][debug  ][gc,director    ] Select Minor GC Workers (Not Warm), GCWorkers: 5,000
[10,514s][debug  ][gc,director    ] Rule Minor: Allocation Rate (Dynamic GC Workers), MaxAllocRate: 1608,1MB/s (+/-30,7%), Free: 13922MB, GCCPUTime: 1,537, GCDuration: 0,318s, TimeUntilOOM: 6,625s, TimeUntilGC: 6,306s, GCWorkers: 5
[10,514s][debug  ][gc,director    ] Rule Minor: High Usage, Free: 13922MB(90,6%)
[10,524s][debug  ][gc,director    ] Rule Major: Warmup 30%, Used: 1398MB, UsedThreshold: 4608MB
[10,524s][debug  ][gc,director    ] Select Minor GC Workers (Not Warm), GCWorkers: 5,000
[10,524s][debug  ][gc,director    ] Rule Minor: Allocation Rate (Dynamic GC Workers), MaxAllocRate: 395,1MB/s (+/-30,7%), Free: 13920MB, GCCPUTime: 1,537, GCDuration: 0,318s, TimeUntilOOM: 26,962s, TimeUntilGC: 26,643s, GCWorkers: 5
[10,524s][debug  ][gc,director    ] Select Minor GC Workers (Not Warm), GCWorkers: 5,000
[10,524s][debug  ][gc,director    ] Rule Minor: Allocation Rate (Dynamic GC Workers), MaxAllocRate: 1608,1MB/s (+/-30,7%), Free: 13920MB, GCCPUTime: 1,537, GCDuration: 0,318s, TimeUntilOOM: 6,624s, TimeUntilGC: 6,305s, GCWorkers: 5
[10,524s][debug  ][gc,director    ] Rule Minor: High Usage, Free: 13920MB(90,6%)
[10,531s][debug  ][gc,nmethod     ] Register NMethod: sun.nio.ch.FileChannelImpl.size (0x00007f77ef2d5790) [0x00007f77ef2d5aa0, 0x00007f77ef2d73a8] Compiler: c2, Barriers: 27, Oops: 0, ImmediateOops: 3, NonImmediateOops: No
[10,534s][debug  ][gc,nmethod     ] Register NMethod: sun.nio.ch.NativeThreadSet.add (0x00007f77ef2d5010) [0x00007f77ef2d51c0, 0x00007f77ef2d5560] Compiler: c2, Barriers: 1, Oops: 0, ImmediateOops: 0, NonImmediateOops: No
[10,534s][debug  ][gc,director    ] Rule Major: Warmup 30%, Used: 1404MB, UsedThreshold: 4608MB
[10,534s][debug  ][gc,director    ] Select Minor GC Workers (Not Warm), GCWorkers: 5,000
[10,534s][debug  ][gc,director    ] Rule Minor: Allocation Rate (Dynamic GC Workers), MaxAllocRate: 395,1MB/s (+/-30,7%), Free: 13914MB, GCCPUTime: 1,537, GCDuration: 0,318s, TimeUntilOOM: 26,950s, TimeUntilGC: 26,632s, GCWorkers: 5
[10,534s][debug  ][gc,director    ] Select Minor GC Workers (Not Warm), GCWorkers: 5,000
[10,534s][debug  ][gc,director    ] Rule Minor: Allocation Rate (Dynamic GC Workers), MaxAllocRate: 1608,1MB/s (+/-30,7%), Free: 13914MB, GCCPUTime: 1,537, GCDuration: 0,318s, TimeUntilOOM: 6,621s, TimeUntilGC: 6,303s, GCWorkers: 5
[10,534s][debug  ][gc,director    ] Rule Minor: High Usage, Free: 13914MB(90,6%)
[10,535s][debug  ][gc,nmethod     ] Register NMethod: sun.nio.ch.NativeThreadSet.remove (0x00007f77ef28c210) [0x00007f77ef28c3a0, 0x00007f77ef28c620] Compiler: c2, Barriers: 1, Oops: 0, ImmediateOops: 0, NonImmediateOops: No
[10,536s][debug  ][gc,nmethod     ] Register NMethod: java.nio.channels.spi.AbstractInterruptibleChannel.end (0x00007f77ef293910) [0x00007f77ef293ac0, 0x00007f77ef293ec0] Compiler: c2, Barriers: 6, Oops: 0, ImmediateOops: 1, NonImmediateOops: No
[10,538s][debug  ][gc,nmethod     ] Register NMethod: io.sirix.page.SerializationType.writeHash (0x00007f77ef2a1f90) [0x00007f77ef2a2240, 0x00007f77ef2a2e30] Compiler: c2, Barriers: 14, Oops: 2, ImmediateOops: 0, NonImmediateOops: No
[10,539s][debug  ][gc,nmethod     ] Register NMethod: io.sirix.page.SerializationType.serializeBitSet (0x00007f77ef2aea90) [0x00007f77ef2aec80, 0x00007f77ef2af140] Compiler: c2, Barriers: 3, Oops: 1, ImmediateOops: 0, NonImmediateOops: No
[10,545s][debug  ][gc,nmethod     ] Register NMethod: java.util.Optional.get (0x00007f77cfa3b290) [0x00007f77cfa3b440, 0x00007f77cfa3b690] Compiler: c1, Barriers: 1, Oops: 0, ImmediateOops: 1, NonImmediateOops: No
[10,545s][debug  ][gc,director    ] Rule Major: Warmup 30%, Used: 1410MB, UsedThreshold: 4608MB
[10,545s][debug  ][gc,director    ] Select Minor GC Workers (Not Warm), GCWorkers: 5,000
[10,545s][debug  ][gc,director    ] Rule Minor: Allocation Rate (Dynamic GC Workers), MaxAllocRate: 395,1MB/s (+/-30,7%), Free: 13908MB, GCCPUTime: 1,537, GCDuration: 0,318s, TimeUntilOOM: 26,938s, TimeUntilGC: 26,620s, GCWorkers: 5
[10,545s][debug  ][gc,director    ] Select Minor GC Workers (Not Warm), GCWorkers: 5,000
[10,545s][debug  ][gc,director    ] Rule Minor: Allocation Rate (Dynamic GC Workers), MaxAllocRate: 1608,1MB/s (+/-30,7%), Free: 13908MB, GCCPUTime: 1,537, GCDuration: 0,318s, TimeUntilOOM: 6,618s, TimeUntilGC: 6,300s, GCWorkers: 5
[10,545s][debug  ][gc,director    ] Rule Minor: High Usage, Free: 13908MB(90,5%)
[10,546s][debug  ][gc,nmethod     ] Register NMethod: net.openhft.chronicle.bytes.AbstractBytes.writePosition (0x00007f77ef298f90) [0x00007f77ef2991a0, 0x00007f77ef299540] Compiler: c2, Barriers: 2, Oops: 1, ImmediateOops: 0, NonImmediateOops: No
[10,555s][debug  ][gc,director    ] Rule Major: Warmup 30%, Used: 1410MB, UsedThreshold: 4608MB
[10,555s][debug  ][gc,director    ] Select Minor GC Workers (Not Warm), GCWorkers: 5,000
[10,555s][debug  ][gc,director    ] Rule Minor: Allocation Rate (Dynamic GC Workers), MaxAllocRate: 395,1MB/s (+/-30,7%), Free: 13908MB, GCCPUTime: 1,537, GCDuration: 0,318s, TimeUntilOOM: 26,938s, TimeUntilGC: 26,620s, GCWorkers: 5
[10,555s][debug  ][gc,director    ] Select Minor GC Workers (Not Warm), GCWorkers: 5,000
[10,555s][debug  ][gc,director    ] Rule Minor: Allocation Rate (Dynamic GC Workers), MaxAllocRate: 1608,1MB/s (+/-30,7%), Free: 13908MB, GCCPUTime: 1,537, GCDuration: 0,318s, TimeUntilOOM: 6,618s, TimeUntilGC: 6,300s, GCWorkers: 5
[10,555s][debug  ][gc,director    ] Rule Minor: High Usage, Free: 13908MB(90,5%)
[10,565s][debug  ][gc,nmethod     ] Register NMethod: java.nio.file.Files.provider (0x00007f77cfa66190) [0x00007f77cfa66340, 0x00007f77cfa66568] Compiler: c1, Barriers: 2, Oops: 0, ImmediateOops: 0, NonImmediateOops: No
[10,565s][debug  ][gc,nmethod     ] Register NMethod: java.lang.ThreadLocal.getMap (0x00007f77ef2a1890) [0x00007f77ef2a1a20, 0x00007f77ef2a1ae8] Compiler: c2, Barriers: 1, Oops: 0, ImmediateOops: 0, NonImmediateOops: No
[10,565s][debug  ][gc,director    ] Rule Major: Warmup 30%, Used: 1410MB, UsedThreshold: 4608MB
[10,565s][debug  ][gc,director    ] Select Minor GC Workers (Not Warm), GCWorkers: 5,000
[10,565s][debug  ][gc,director    ] Rule Minor: Allocation Rate (Dynamic GC Workers), MaxAllocRate: 395,1MB/s (+/-30,7%), Free: 13908MB, GCCPUTime: 1,537, GCDuration: 0,318s, TimeUntilOOM: 26,938s, TimeUntilGC: 26,620s, GCWorkers: 5
[10,565s][debug  ][gc,director    ] Select Minor GC Workers (Not Warm), GCWorkers: 5,000
[10,565s][debug  ][gc,director    ] Rule Minor: Allocation Rate (Dynamic GC Workers), MaxAllocRate: 1608,1MB/s (+/-30,7%), Free: 13908MB, GCCPUTime: 1,537, GCDuration: 0,318s, TimeUntilOOM: 6,618s, TimeUntilGC: 6,300s, GCWorkers: 5
[10,565s][debug  ][gc,director    ] Rule Minor: High Usage, Free: 13908MB(90,5%)
[10,565s][debug  ][gc,nmethod     ] Register NMethod: java.nio.DirectByteBuffer.isReadOnly (0x00007f77ef389f10) [0x00007f77ef38a0a0, 0x00007f77ef38a160] Compiler: c1, Barriers: 0, Oops: 0, ImmediateOops: 0, NonImmediateOops: No
[10,567s][debug  ][gc,nmethod     ] Register NMethod: java.nio.DirectByteBuffer.base (0x00007f77ef37a510) [0x00007f77ef37a6a0, 0x00007f77ef37a768] Compiler: c1, Barriers: 0, Oops: 0, ImmediateOops: 0, NonImmediateOops: No
[10,568s][debug  ][gc,nmethod     ] Register NMethod: net.jpountz.util.SafeUtils.checkRange (0x00007f77ef293510) [0x00007f77ef2936a0, 0x00007f77ef2937a0] Compiler: c2, Barriers: 0, Oops: 1, ImmediateOops: 0, NonImmediateOops: No
[10,568s][debug  ][gc,nmethod     ] Register NMethod: net.jpountz.lz4.LZ4BlockInputStream.read (0x00007f77cfa5f590) [0x00007f77cfa5f7e0, 0x00007f77cfa601a8] Compiler: c1, Barriers: 1, Oops: 1, ImmediateOops: 1, NonImmediateOops: No
[10,571s][debug  ][gc,nmethod     ] Register NMethod: java.lang.Class.cast (0x00007f77ef381c90) [0x00007f77ef381e20, 0x00007f77ef381f20] Compiler: c2, Barriers: 0, Oops: 0, ImmediateOops: 0, NonImmediateOops: No
[10,571s][debug  ][gc,nmethod     ] Register NMethod: net.openhft.chronicle.bytes.internal.BytesInternal.calculateCount (0x00007f77cfb22390) [0x00007f77cfb22580, 0x00007f77cfb22a98] Compiler: c1, Barriers: 0, Oops: 1, ImmediateOops: 0, NonImmediateOops: No
[10,571s][debug  ][gc,nmethod     ] Register NMethod: io.sirix.node.NodeKind$31.deserialize (0x00007f77cfcd3890) [0x00007f77cfcd3aa0, 0x00007f77cfcd40e8] Compiler: c1, Barriers: 3, Oops: 1, ImmediateOops: 0, NonImmediateOops: No
[10,572s][debug  ][gc,nmethod     ] Register NMethod: java.lang.StringBuilder.charAt (0x00007f77ef2aae90) [0x00007f77ef2ab020, 0x00007f77ef2ab198] Compiler: c2, Barriers: 1, Oops: 1, ImmediateOops: 0, NonImmediateOops: No
[10,572s][debug  ][gc,nmethod     ] Register NMethod: java.lang.AbstractStringBuilder.charAt (0x00007f77ef2afe10) [0x00007f77ef2affa0, 0x00007f77ef2b0118] Compiler: c2, Barriers: 1, Oops: 1, ImmediateOops: 0, NonImmediateOops: No
[10,573s][debug  ][gc,nmethod     ] Register NMethod: net.openhft.chronicle.core.util.StringUtils.setCount (0x00007f77cfa8c010) [0x00007f77cfa8c1c0, 0x00007f77cfa8c3c8] Compiler: c1, Barriers: 0, Oops: 1, ImmediateOops: 1, NonImmediateOops: No
[10,573s][debug  ][gc,nmethod     ] Register NMethod: java.lang.StringBuilder.ensureCapacity (0x00007f77cfad0690) [0x00007f77cfad0840, 0x00007f77cfad0a10] Compiler: c1, Barriers: 0, Oops: 0, ImmediateOops: 0, NonImmediateOops: No
[10,573s][debug  ][gc,nmethod     ] Register NMethod: java.lang.AbstractStringBuilder.ensureCapacity (0x00007f77cfa6dc90) [0x00007f77cfa6de40, 0x00007f77cfa6dfb8] Compiler: c1, Barriers: 0, Oops: 0, ImmediateOops: 0, NonImmediateOops: No
[10,573s][debug  ][gc,nmethod     ] Register NMethod: net.openhft.chronicle.bytes.internal.ReferenceCountedUtil.throwExceptionIfReleased (0x00007f77cfa97490) [0x00007f77cfa97680, 0x00007f77cfa97c80] Compiler: c1, Barriers: 1, Oops: 1, ImmediateOops: 0, NonImmediateOops: No
[10,573s][debug  ][gc,nmethod     ] Register NMethod: java.util.Objects.equals (0x00007f77ef386b10) [0x00007f77ef386c80, 0x00007f77ef386d28] Compiler: c2, Barriers: 0, Oops: 0, ImmediateOops: 0, NonImmediateOops: No
[10,573s][debug  ][gc,nmethod     ] Register NMethod: net.openhft.chronicle.bytes.StreamingDataInput.readUtf8 (0x00007f77cfac4a90) [0x00007f77cfac4c40, 0x00007f77cfac4d78] Compiler: c1, Barriers: 0, Oops: 1, ImmediateOops: 0, NonImmediateOops: No
[10,573s][debug  ][gc,nmethod     ] Register NMethod: io.brackit.query.atomic.QNm.<init> (0x00007f77cfb68610) [0x00007f77cfb687e0, 0x00007f77cfb68cb8] Compiler: c1, Barriers: 9, Oops: 1, ImmediateOops: 3, NonImmediateOops: No
[10,574s][debug  ][gc,nmethod     ] Register NMethod: net.openhft.chronicle.bytes.internal.BytesInternal.acquireStringBuilderScoped (0x00007f77cfac9890) [0x00007f77cfac9a40, 0x00007f77cfac9b78] Compiler: c1, Barriers: 0, Oops: 1, ImmediateOops: 1, NonImmediateOops: No
[10,574s][debug  ][gc,nmethod     ] Register NMethod: io.sirix.page.PageReference.<init> (0x00007f77ef296110) [0x00007f77ef2962a0, 0x00007f77ef296438] Compiler: c2, Barriers: 5, Oops: 1, ImmediateOops: 1, NonImmediateOops: No
[10,574s][debug  ][gc,nmethod     ] Register NMethod: net.openhft.chronicle.bytes.internal.BytesInternal.parseUtf8_SB1 (0x00007f77cfe4d310) [0x00007f77cfe4d680, 0x00007f77cfe4ea88] Compiler: c1, Barriers: 0, Oops: 3, ImmediateOops: 2, NonImmediateOops: No
[10,575s][debug  ][gc,nmethod     ] Register NMethod: net.openhft.chronicle.core.scoped.ScopedThreadLocal.get (0x00007f77cfb43910) [0x00007f77cfb43b60, 0x00007f77cfb443a0] Compiler: c1, Barriers: 5, Oops: 1, ImmediateOops: 0, NonImmediateOops: No
[10,575s][debug  ][gc,nmethod     ] Register NMethod: io.sirix.axis.pathsummary.LevelOrderSettingInMemoryInstancesAxis.nextNode (0x00007f77cff2cc90) [0x00007f77cff2d1c0, 0x00007f77cff2fe28] Compiler: c1, Barriers: 30, Oops: 1, ImmediateOops: 11, NonImmediateOops: No
[10,575s][debug  ][gc,nmethod     ] Register NMethod: net.openhft.chronicle.core.scoped.ScopedThreadLocal$SimpleStack.isEmpty (0x00007f77cfb23710) [0x00007f77cfb238a0, 0x00007f77cfb23a08] Compiler: c1, Barriers: 0, Oops: 1, ImmediateOops: 0, NonImmediateOops: No
[10,575s][debug  ][gc,nmethod     ] Register NMethod: net.openhft.chronicle.core.scoped.AbstractScopedResource.preAcquire (0x00007f77cfa5c710) [0x00007f77cfa5c8a0, 0x00007f77cfa5c9a8] Compiler: c1, Barriers: 0, Oops: 1, ImmediateOops: 0, NonImmediateOops: No
[10,575s][debug  ][gc,nmethod     ] Register NMethod: net.openhft.chronicle.core.pool.StringBuilderPool$$Lambda/0x000000008030e658.accept (0x00007f77cfae5c10) [0x00007f77cfae5dc0, 0x00007f77cfae60a0] Compiler: c1, Barriers: 0, Oops: 1, ImmediateOops: 0, NonImmediateOops: No
[10,575s][debug  ][gc,nmethod     ] Register NMethod: net.openhft.chronicle.core.pool.StringBuilderPool.lambda$createThreadLocal$2 (0x00007f77cfb09510) [0x00007f77cfb096c0, 0x00007f77cfb09840] Compiler: c1, Barriers: 0, Oops: 1, ImmediateOops: 0, NonImmediateOops: No
[10,576s][debug  ][gc,director    ] Rule Major: Warmup 30%, Used: 1412MB, UsedThreshold: 4608MB
[10,576s][debug  ][gc,nmethod     ] Register NMethod: net.openhft.chronicle.bytes.internal.BytesInternal.readUtf8 (0x00007f77cfb4e510) [0x00007f77cfb4e980, 0x00007f77cfb50a88] Compiler: c1, Barriers: 13, Oops: 1, ImmediateOops: 2, NonImmediateOops: No
[10,576s][debug  ][gc,director    ] Select Minor GC Workers (Not Warm), GCWorkers: 5,000
[10,576s][debug  ][gc,director    ] Rule Minor: Allocation Rate (Dynamic GC Workers), MaxAllocRate: 395,1MB/s (+/-30,7%), Free: 13906MB, GCCPUTime: 1,537, GCDuration: 0,318s, TimeUntilOOM: 26,935s, TimeUntilGC: 26,616s, GCWorkers: 5
[10,576s][debug  ][gc,director    ] Select Minor GC Workers (Not Warm), GCWorkers: 5,000
[10,576s][debug  ][gc,director    ] Rule Minor: Allocation Rate (Dynamic GC Workers), MaxAllocRate: 1608,1MB/s (+/-30,7%), Free: 13906MB, GCCPUTime: 1,537, GCDuration: 0,318s, TimeUntilOOM: 6,617s, TimeUntilGC: 6,299s, GCWorkers: 5
[10,576s][debug  ][gc,director    ] Rule Minor: High Usage, Free: 13906MB(90,5%)
[10,576s][debug  ][gc,nmethod     ] Register NMethod: it.unimi.dsi.fastutil.shorts.AbstractShortList.ensureIndex (0x00007f77ef323c10) [0x00007f77ef323da0, 0x00007f77ef323e58] Compiler: c2, Barriers: 0, Oops: 1, ImmediateOops: 0, NonImmediateOops: No
[10,576s][debug  ][gc,nmethod     ] Register NMethod: java.lang.Long.rotateRight (0x00007f77cfa8ac10) [0x00007f77cfa8ada0, 0x00007f77cfa8ae98] Compiler: c1, Barriers: 0, Oops: 0, ImmediateOops: 0, NonImmediateOops: No
[10,576s][debug  ][gc,nmethod     ] Register NMethod: sun.nio.ch.UnixFileDispatcherImpl.pread0 (0x00007f77ef323810) [0x00007f77ef3239a0, 0x00007f77ef323b90] Compiler: , Barriers: 0, Oops: 0, ImmediateOops: 1, NonImmediateOops: No
[10,576s][debug  ][gc,nmethod     ] Register NMethod: net.openhft.chronicle.bytes.StreamingDataInput.readUtf8 (0x00007f77cfaf9810) [0x00007f77cfaf9a20, 0x00007f77cfaf9f68] Compiler: c1, Barriers: 0, Oops: 1, ImmediateOops: 0, NonImmediateOops: No
[10,576s][debug  ][gc,nmethod     ] Register NMethod: net.openhft.chronicle.core.scoped.StrongReferenceScopedResource.close (0x00007f77cfbe6510) [0x00007f77cfbe6720, 0x00007f77cfbe6cf8] Compiler: c1, Barriers: 4, Oops: 1, ImmediateOops: 0, NonImmediateOops: No
[10,576s][debug  ][gc,nmethod     ] Register NMethod: net.openhft.chronicle.core.pool.StringInterner.intern (0x00007f77cfe6ef90) [0x00007f77cfe6f200, 0x00007f77cfe6fd30] Compiler: c1, Barriers: 9, Oops: 1, ImmediateOops: 0, NonImmediateOops: No
[10,577s][debug  ][gc,nmethod     ] Register NMethod: net.openhft.chronicle.bytes.internal.BytesInternal.parseUtf8 (0x00007f77cffbb110) [0x00007f77cffbb3a0, 0x00007f77cffbc258] Compiler: c1, Barriers: 2, Oops: 1, ImmediateOops: 0, NonImmediateOops: No
[10,577s][debug  ][gc,nmethod     ] Register NMethod: net.openhft.chronicle.core.scoped.AbstractScopedResource.close (0x00007f77cfbfea90) [0x00007f77cfbfeca0, 0x00007f77cfbff220] Compiler: c1, Barriers: 4, Oops: 1, ImmediateOops: 0, NonImmediateOops: No
[10,577s][debug  ][gc,nmethod     ] Register NMethod: sun.nio.ch.FileChannelImpl.read (0x00007f77cfa6fa10) [0x00007f77cfa6fc40, 0x00007f77cfa703a8] Compiler: c1, Barriers: 0, Oops: 0, ImmediateOops: 2, NonImmediateOops: No
[10,577s][debug  ][gc,nmethod     ] Register NMethod: sun.nio.ch.UnixFileDispatcherImpl.pread (0x00007f77cfb12590) [0x00007f77cfb12740, 0x00007f77cfb12888] Compiler: c1, Barriers: 0, Oops: 0, ImmediateOops: 0, NonImmediateOops: No
[10,577s][debug  ][gc,nmethod     ] Register NMethod: java.lang.invoke.VarForm.getMemberName (0x00007f77ef323390) [0x00007f77ef323520, 0x00007f77ef3236c0] Compiler: c2, Barriers: 2, Oops: 0, ImmediateOops: 0, NonImmediateOops: No
[10,577s][debug  ][gc,nmethod     ] Register NMethod: net.jpountz.lz4.LZ4Factory.fastDecompressor (0x00007f77ef3bb810) [0x00007f77ef3bb9a0, 0x00007f77ef3bba90] Compiler: c1, Barriers: 1, Oops: 1, ImmediateOops: 0, NonImmediateOops: No
[10,578s][debug  ][gc,nmethod     ] Register NMethod: io.sirix.index.path.summary.PathNode.setFirstChild (0x00007f77ef3bb490) [0x00007f77ef3bb620, 0x00007f77ef3bb750] Compiler: c1, Barriers: 3, Oops: 1, ImmediateOops: 0, NonImmediateOops: No
[10,578s][debug  ][gc,nmethod     ] Register NMethod: java.lang.invoke.MethodHandle.invokeBasic (0x00007f77ef3bae10) [0x00007f77ef3bafa0, 0x00007f77ef3bb238] Compiler: , Barriers: 0, Oops: 0, ImmediateOops: 0, NonImmediateOops: No
[10,578s][debug  ][gc,nmethod     ] Register NMethod: sun.nio.ch.FileChannelImpl.readInternal (0x00007f77cff76210) [0x00007f77cff76500, 0x00007f77cff77290] Compiler: c1, Barriers: 5, Oops: 0, ImmediateOops: 1, NonImmediateOops: No
[10,578s][debug  ][gc,nmethod     ] Register NMethod: java.lang.invoke.VarHandleReferences$FieldInstanceReadWrite.compareAndSet (0x00007f77cfa73e90) [0x00007f77cfa74100, 0x00007f77cfa74bb8] Compiler: c1, Barriers: 7, Oops: 1, ImmediateOops: 0, NonImmediateOops: No
[10,578s][debug  ][gc,nmethod     ] Register NMethod: it.unimi.dsi.fastutil.shorts.ShortArrayList$1.<init> (0x00007f77ef383010) [0x00007f77ef3831a0, 0x00007f77ef3832b8] Compiler: c2, Barriers: 3, Oops: 1, ImmediateOops: 0, NonImmediateOops: No
[10,579s][debug  ][gc,nmethod     ] Register NMethod: jdk.internal.misc.ScopedMemoryAccess.getLongUnaligned (0x00007f77cfbffe90) [0x00007f77cfc00080, 0x00007f77cfc00578] Compiler: c1, Barriers: 0, Oops: 0, ImmediateOops: 1, NonImmediateOops: No
[10,579s][debug  ][gc,nmethod     ] Register NMethod: java.nio.HeapByteBuffer.getLong (0x00007f77cfa7f510) [0x00007f77cfa7f780, 0x00007f77cfa80208] Compiler: c1, Barriers: 2, Oops: 1, ImmediateOops: 2, NonImmediateOops: No
[10,579s][debug  ][gc,nmethod     ] Register NMethod: jdk.internal.misc.ScopedMemoryAccess.getLongUnalignedInternal (0x00007f77cfa5dc90) [0x00007f77cfa5de60, 0x00007f77cfa5e1d0] Compiler: c1, Barriers: 0, Oops: 0, ImmediateOops: 1, NonImmediateOops: No
[10,579s][debug  ][gc,nmethod     ] Register NMethod: sun.nio.fs.UnixPath.<init> (0x00007f77cfb06110) [0x00007f77cfb062e0, 0x00007f77cfb06610] Compiler: c1, Barriers: 6, Oops: 0, ImmediateOops: 0, NonImmediateOops: No
[10,579s][debug  ][gc,nmethod     ] Register NMethod: java.lang.invoke.VarHandleGuards.guard_LLL_Z (0x00007f77cfc7c990) [0x00007f77cfc7cd00, 0x00007f77cfc7e888] Compiler: c1, Barriers: 26, Oops: 0, ImmediateOops: 1, NonImmediateOops: No
[10,579s][debug  ][gc,nmethod     ] Register NMethod: sun.nio.fs.UnixFileSystem.normalizeNativePath (0x00007f77cfbfd910) [0x00007f77cfbfdaa0, 0x00007f77cfbfdba8] Compiler: c1, Barriers: 0, Oops: 0, ImmediateOops: 0, NonImmediateOops: No
[10,579s][debug  ][gc,nmethod     ] Register NMethod: sun.nio.fs.Util.jnuEncoding (0x00007f77cfc47190) [0x00007f77cfc47320, 0x00007f77cfc47410] Compiler: c1, Barriers: 0, Oops: 0, ImmediateOops: 1, NonImmediateOops: No
[10,580s][debug  ][gc,nmethod     ] Register NMethod: sun.nio.fs.UnixPath.encode (0x00007f77cfc02c90) [0x00007f77cfc02ee0, 0x00007f77cfc03948] Compiler: c1, Barriers: 1, Oops: 2, ImmediateOops: 3, NonImmediateOops: No
[10,583s][debug  ][gc,nmethod     ] Register NMethod: io.sirix.access.trx.page.NodePageReadOnlyTrx.loadPage (0x00007f77ef382590) [0x00007f77ef3827a0, 0x00007f77ef382cd8] Compiler: c2, Barriers: 9, Oops: 1, ImmediateOops: 0, NonImmediateOops: No
[10,583s][debug  ][gc,nmethod     ] Register NMethod: io.sirix.page.delegates.ReferencesPage4.getOrCreateReference (0x00007f77ef380290) [0x00007f77ef3804c0, 0x00007f77ef380bf8] Compiler: c2, Barriers: 11, Oops: 2, ImmediateOops: 1, NonImmediateOops: No
[10,586s][debug  ][gc,director    ] Rule Major: Warmup 30%, Used: 1416MB, UsedThreshold: 4608MB
[10,586s][debug  ][gc,director    ] Select Minor GC Workers (Not Warm), GCWorkers: 5,000
[10,586s][debug  ][gc,director    ] Rule Minor: Allocation Rate (Dynamic GC Workers), MaxAllocRate: 395,1MB/s (+/-30,7%), Free: 13902MB, GCCPUTime: 1,537, GCDuration: 0,318s, TimeUntilOOM: 26,927s, TimeUntilGC: 26,608s, GCWorkers: 5
[10,586s][debug  ][gc,director    ] Select Minor GC Workers (Not Warm), GCWorkers: 5,000
[10,586s][debug  ][gc,nmethod     ] Register NMethod: java.nio.ByteBuffer.wrap (0x00007f77ef2d3790) [0x00007f77ef2d3940, 0x00007f77ef2d3bd8] Compiler: c2, Barriers: 2, Oops: 0, ImmediateOops: 0, NonImmediateOops: No
[10,586s][debug  ][gc,director    ] Rule Minor: Allocation Rate (Dynamic GC Workers), MaxAllocRate: 1608,1MB/s (+/-30,7%), Free: 13902MB, GCCPUTime: 1,537, GCDuration: 0,318s, TimeUntilOOM: 6,615s, TimeUntilGC: 6,297s, GCWorkers: 5
[10,586s][debug  ][gc,director    ] Rule Minor: High Usage, Free: 13902MB(90,5%)
[10,596s][debug  ][gc,director    ] Rule Major: Warmup 30%, Used: 1420MB, UsedThreshold: 4608MB
[10,596s][debug  ][gc,director    ] Select Minor GC Workers (Not Warm), GCWorkers: 5,000
[10,596s][debug  ][gc,director    ] Rule Minor: Allocation Rate (Dynamic GC Workers), MaxAllocRate: 395,1MB/s (+/-30,7%), Free: 13898MB, GCCPUTime: 1,537, GCDuration: 0,318s, TimeUntilOOM: 26,919s, TimeUntilGC: 26,601s, GCWorkers: 5
[10,596s][debug  ][gc,director    ] Select Minor GC Workers (Not Warm), GCWorkers: 5,000
[10,596s][debug  ][gc,director    ] Rule Minor: Allocation Rate (Dynamic GC Workers), MaxAllocRate: 1608,1MB/s (+/-30,7%), Free: 13898MB, GCCPUTime: 1,537, GCDuration: 0,318s, TimeUntilOOM: 6,613s, TimeUntilGC: 6,295s, GCWorkers: 5
[10,596s][debug  ][gc,director    ] Rule Minor: High Usage, Free: 13898MB(90,5%)
[10,606s][debug  ][gc,director    ] Rule Major: Warmup 30%, Used: 1426MB, UsedThreshold: 4608MB
[10,607s][debug  ][gc,director    ] Select Minor GC Workers (Not Warm), GCWorkers: 5,000
[10,607s][debug  ][gc,director    ] Rule Minor: Allocation Rate (Dynamic GC Workers), MaxAllocRate: 395,1MB/s (+/-30,7%), Free: 13892MB, GCCPUTime: 1,537, GCDuration: 0,318s, TimeUntilOOM: 26,907s, TimeUntilGC: 26,589s, GCWorkers: 5
[10,607s][debug  ][gc,director    ] Select Minor GC Workers (Not Warm), GCWorkers: 5,000
[10,607s][debug  ][gc,director    ] Rule Minor: Allocation Rate (Dynamic GC Workers), MaxAllocRate: 1608,1MB/s (+/-30,7%), Free: 13892MB, GCCPUTime: 1,537, GCDuration: 0,318s, TimeUntilOOM: 6,610s, TimeUntilGC: 6,292s, GCWorkers: 5
[10,607s][debug  ][gc,director    ] Rule Minor: High Usage, Free: 13892MB(90,4%)
[10,617s][debug  ][gc,director    ] Rule Major: Warmup 30%, Used: 1434MB, UsedThreshold: 4608MB
[10,617s][debug  ][gc,director    ] Select Minor GC Workers (Not Warm), GCWorkers: 5,000
[10,617s][debug  ][gc,director    ] Rule Minor: Allocation Rate (Dynamic GC Workers), MaxAllocRate: 395,1MB/s (+/-30,7%), Free: 13884MB, GCCPUTime: 1,537, GCDuration: 0,318s, TimeUntilOOM: 26,892s, TimeUntilGC: 26,574s, GCWorkers: 5
[10,617s][debug  ][gc,director    ] Select Minor GC Workers (Not Warm), GCWorkers: 5,000
[10,617s][debug  ][gc,director    ] Rule Minor: Allocation Rate (Dynamic GC Workers), MaxAllocRate: 1608,1MB/s (+/-30,7%), Free: 13884MB, GCCPUTime: 1,537, GCDuration: 0,318s, TimeUntilOOM: 6,607s, TimeUntilGC: 6,288s, GCWorkers: 5
[10,617s][debug  ][gc,director    ] Rule Minor: High Usage, Free: 13884MB(90,4%)
[10,627s][debug  ][gc,director    ] Rule Major: Warmup 30%, Used: 1440MB, UsedThreshold: 4608MB
[10,627s][debug  ][gc,director    ] Select Minor GC Workers (Not Warm), GCWorkers: 5,000
[10,627s][debug  ][gc,director    ] Rule Minor: Allocation Rate (Dynamic GC Workers), MaxAllocRate: 395,1MB/s (+/-30,7%), Free: 13878MB, GCCPUTime: 1,537, GCDuration: 0,318s, TimeUntilOOM: 26,880s, TimeUntilGC: 26,562s, GCWorkers: 5
[10,627s][debug  ][gc,director    ] Select Minor GC Workers (Not Warm), GCWorkers: 5,000
[10,627s][debug  ][gc,director    ] Rule Minor: Allocation Rate (Dynamic GC Workers), MaxAllocRate: 1608,1MB/s (+/-30,7%), Free: 13878MB, GCCPUTime: 1,537, GCDuration: 0,318s, TimeUntilOOM: 6,604s, TimeUntilGC: 6,285s, GCWorkers: 5
[10,627s][debug  ][gc,director    ] Rule Minor: High Usage, Free: 13878MB(90,4%)
[10,637s][debug  ][gc,director    ] Rule Major: Warmup 30%, Used: 1448MB, UsedThreshold: 4608MB
[10,637s][debug  ][gc,director    ] Select Minor GC Workers (Not Warm), GCWorkers: 5,000
[10,637s][debug  ][gc,director    ] Rule Minor: Allocation Rate (Dynamic GC Workers), MaxAllocRate: 395,1MB/s (+/-30,7%), Free: 13870MB, GCCPUTime: 1,537, GCDuration: 0,318s, TimeUntilOOM: 26,865s, TimeUntilGC: 26,546s, GCWorkers: 5
[10,637s][debug  ][gc,director    ] Select Minor GC Workers (Not Warm), GCWorkers: 5,000
[10,637s][debug  ][gc,director    ] Rule Minor: Allocation Rate (Dynamic GC Workers), MaxAllocRate: 1608,1MB/s (+/-30,7%), Free: 13870MB, GCCPUTime: 1,537, GCDuration: 0,318s, TimeUntilOOM: 6,600s, TimeUntilGC: 6,282s, GCWorkers: 5
[10,637s][debug  ][gc,director    ] Rule Minor: High Usage, Free: 13870MB(90,3%)
[10,647s][debug  ][gc,director    ] Rule Major: Warmup 30%, Used: 1454MB, UsedThreshold: 4608MB
[10,647s][debug  ][gc,director    ] Select Minor GC Workers (Not Warm), GCWorkers: 5,000
[10,648s][debug  ][gc,director    ] Rule Minor: Allocation Rate (Dynamic GC Workers), MaxAllocRate: 395,1MB/s (+/-30,7%), Free: 13864MB, GCCPUTime: 1,537, GCDuration: 0,318s, TimeUntilOOM: 26,853s, TimeUntilGC: 26,535s, GCWorkers: 5
[10,648s][debug  ][gc,director    ] Select Minor GC Workers (Not Warm), GCWorkers: 5,000
[10,648s][debug  ][gc,director    ] Rule Minor: Allocation Rate (Dynamic GC Workers), MaxAllocRate: 1608,1MB/s (+/-30,7%), Free: 13864MB, GCCPUTime: 1,537, GCDuration: 0,318s, TimeUntilOOM: 6,597s, TimeUntilGC: 6,279s, GCWorkers: 5
[10,648s][debug  ][gc,director    ] Rule Minor: High Usage, Free: 13864MB(90,3%)
[10,658s][debug  ][gc,director    ] Rule Major: Warmup 30%, Used: 1462MB, UsedThreshold: 4608MB
[10,658s][debug  ][gc,director    ] Select Minor GC Workers (Not Warm), GCWorkers: 5,000
[10,658s][debug  ][gc,director    ] Rule Minor: Allocation Rate (Dynamic GC Workers), MaxAllocRate: 395,1MB/s (+/-30,7%), Free: 13856MB, GCCPUTime: 1,537, GCDuration: 0,318s, TimeUntilOOM: 26,838s, TimeUntilGC: 26,519s, GCWorkers: 5
[10,658s][debug  ][gc,director    ] Select Minor GC Workers (Not Warm), GCWorkers: 5,000
[10,658s][debug  ][gc,director    ] Rule Minor: Allocation Rate (Dynamic GC Workers), MaxAllocRate: 1608,1MB/s (+/-30,7%), Free: 13856MB, GCCPUTime: 1,537, GCDuration: 0,318s, TimeUntilOOM: 6,593s, TimeUntilGC: 6,275s, GCWorkers: 5
[10,658s][debug  ][gc,director    ] Rule Minor: High Usage, Free: 13856MB(90,2%)
[10,668s][debug  ][gc,director    ] Rule Major: Warmup 30%, Used: 1470MB, UsedThreshold: 4608MB
[10,668s][debug  ][gc,director    ] Select Minor GC Workers (Not Warm), GCWorkers: 5,000
[10,668s][debug  ][gc,director    ] Rule Minor: Allocation Rate (Dynamic GC Workers), MaxAllocRate: 395,1MB/s (+/-30,7%), Free: 13848MB, GCCPUTime: 1,537, GCDuration: 0,318s, TimeUntilOOM: 26,822s, TimeUntilGC: 26,504s, GCWorkers: 5
[10,668s][debug  ][gc,director    ] Select Minor GC Workers (Not Warm), GCWorkers: 5,000
[10,668s][debug  ][gc,director    ] Rule Minor: Allocation Rate (Dynamic GC Workers), MaxAllocRate: 1608,1MB/s (+/-30,7%), Free: 13848MB, GCCPUTime: 1,537, GCDuration: 0,318s, TimeUntilOOM: 6,590s, TimeUntilGC: 6,271s, GCWorkers: 5
[10,668s][debug  ][gc,director    ] Rule Minor: High Usage, Free: 13848MB(90,2%)
[10,678s][debug  ][gc,director    ] Rule Major: Warmup 30%, Used: 1476MB, UsedThreshold: 4608MB
[10,678s][debug  ][gc,director    ] Select Minor GC Workers (Not Warm), GCWorkers: 5,000
[10,678s][debug  ][gc,director    ] Rule Minor: Allocation Rate (Dynamic GC Workers), MaxAllocRate: 395,1MB/s (+/-30,7%), Free: 13842MB, GCCPUTime: 1,537, GCDuration: 0,318s, TimeUntilOOM: 26,811s, TimeUntilGC: 26,492s, GCWorkers: 5
[10,678s][debug  ][gc,director    ] Select Minor GC Workers (Not Warm), GCWorkers: 5,000
[10,678s][debug  ][gc,director    ] Rule Minor: Allocation Rate (Dynamic GC Workers), MaxAllocRate: 1608,1MB/s (+/-30,7%), Free: 13842MB, GCCPUTime: 1,537, GCDuration: 0,318s, TimeUntilOOM: 6,587s, TimeUntilGC: 6,268s, GCWorkers: 5
[10,678s][debug  ][gc,director    ] Rule Minor: High Usage, Free: 13842MB(90,1%)
[10,688s][debug  ][gc,director    ] Rule Major: Warmup 30%, Used: 1484MB, UsedThreshold: 4608MB
[10,688s][debug  ][gc,director    ] Select Minor GC Workers (Not Warm), GCWorkers: 5,000
[10,688s][debug  ][gc,director    ] Rule Minor: Allocation Rate (Dynamic GC Workers), MaxAllocRate: 395,1MB/s (+/-30,7%), Free: 13834MB, GCCPUTime: 1,537, GCDuration: 0,318s, TimeUntilOOM: 26,795s, TimeUntilGC: 26,477s, GCWorkers: 5
[10,688s][debug  ][gc,director    ] Select Minor GC Workers (Not Warm), GCWorkers: 5,000
[10,688s][debug  ][gc,director    ] Rule Minor: Allocation Rate (Dynamic GC Workers), MaxAllocRate: 1608,1MB/s (+/-30,7%), Free: 13834MB, GCCPUTime: 1,537, GCDuration: 0,318s, TimeUntilOOM: 6,583s, TimeUntilGC: 6,265s, GCWorkers: 5
[10,688s][debug  ][gc,director    ] Rule Minor: High Usage, Free: 13834MB(90,1%)
[10,699s][debug  ][gc,director    ] Rule Major: Warmup 30%, Used: 1490MB, UsedThreshold: 4608MB
[10,699s][debug  ][gc,director    ] Select Minor GC Workers (Not Warm), GCWorkers: 5,000
[10,699s][debug  ][gc,director    ] Rule Minor: Allocation Rate (Dynamic GC Workers), MaxAllocRate: 395,1MB/s (+/-30,7%), Free: 13828MB, GCCPUTime: 1,537, GCDuration: 0,318s, TimeUntilOOM: 26,784s, TimeUntilGC: 26,465s, GCWorkers: 5
[10,699s][debug  ][gc,director    ] Select Minor GC Workers (Not Warm), GCWorkers: 5,000
[10,699s][debug  ][gc,director    ] Rule Minor: Allocation Rate (Dynamic GC Workers), MaxAllocRate: 1608,1MB/s (+/-30,7%), Free: 13828MB, GCCPUTime: 1,537, GCDuration: 0,318s, TimeUntilOOM: 6,580s, TimeUntilGC: 6,262s, GCWorkers: 5
[10,699s][debug  ][gc,director    ] Rule Minor: High Usage, Free: 13828MB(90,0%)
[10,709s][debug  ][gc,director    ] Rule Major: Warmup 30%, Used: 1498MB, UsedThreshold: 4608MB
[10,709s][debug  ][gc,director    ] Select Minor GC Workers (Not Warm), GCWorkers: 5,000
[10,709s][debug  ][gc,director    ] Rule Minor: Allocation Rate (Dynamic GC Workers), MaxAllocRate: 395,1MB/s (+/-30,7%), Free: 13820MB, GCCPUTime: 1,537, GCDuration: 0,318s, TimeUntilOOM: 26,768s, TimeUntilGC: 26,450s, GCWorkers: 5
[10,709s][debug  ][gc,director    ] Select Minor GC Workers (Not Warm), GCWorkers: 5,000
[10,709s][debug  ][gc,director    ] Rule Minor: Allocation Rate (Dynamic GC Workers), MaxAllocRate: 1608,1MB/s (+/-30,7%), Free: 13820MB, GCCPUTime: 1,537, GCDuration: 0,318s, TimeUntilOOM: 6,576s, TimeUntilGC: 6,258s, GCWorkers: 5
[10,709s][debug  ][gc,director    ] Rule Minor: High Usage, Free: 13820MB(90,0%)
[10,719s][debug  ][gc,director    ] Rule Major: Warmup 30%, Used: 1504MB, UsedThreshold: 4608MB
[10,719s][debug  ][gc,director    ] Select Minor GC Workers (Not Warm), GCWorkers: 5,000
[10,719s][debug  ][gc,director    ] Rule Minor: Allocation Rate (Dynamic GC Workers), MaxAllocRate: 395,1MB/s (+/-30,7%), Free: 13814MB, GCCPUTime: 1,537, GCDuration: 0,318s, TimeUntilOOM: 26,756s, TimeUntilGC: 26,438s, GCWorkers: 5
[10,719s][debug  ][gc,director    ] Select Minor GC Workers (Not Warm), GCWorkers: 5,000
[10,719s][debug  ][gc,director    ] Rule Minor: Allocation Rate (Dynamic GC Workers), MaxAllocRate: 1608,1MB/s (+/-30,7%), Free: 13814MB, GCCPUTime: 1,537, GCDuration: 0,318s, TimeUntilOOM: 6,573s, TimeUntilGC: 6,255s, GCWorkers: 5
[10,719s][debug  ][gc,director    ] Rule Minor: High Usage, Free: 13814MB(89,9%)
[10,729s][debug  ][gc,director    ] Rule Major: Warmup 30%, Used: 1512MB, UsedThreshold: 4608MB
[10,729s][debug  ][gc,director    ] Select Minor GC Workers (Not Warm), GCWorkers: 5,000
[10,729s][debug  ][gc,director    ] Rule Minor: Allocation Rate (Dynamic GC Workers), MaxAllocRate: 395,1MB/s (+/-30,7%), Free: 13806MB, GCCPUTime: 1,537, GCDuration: 0,318s, TimeUntilOOM: 26,741s, TimeUntilGC: 26,423s, GCWorkers: 5
[10,729s][debug  ][gc,director    ] Select Minor GC Workers (Not Warm), GCWorkers: 5,000
[10,729s][debug  ][gc,director    ] Rule Minor: Allocation Rate (Dynamic GC Workers), MaxAllocRate: 1608,1MB/s (+/-30,7%), Free: 13806MB, GCCPUTime: 1,537, GCDuration: 0,318s, TimeUntilOOM: 6,570s, TimeUntilGC: 6,251s, GCWorkers: 5
[10,729s][debug  ][gc,director    ] Rule Minor: High Usage, Free: 13806MB(89,9%)
[10,734s][debug  ][gc,alloc       ] Mutator Allocation Rate: 580,4MB/s Predicted: 611,7MB/s, Avg: 399,2(+/-122,9)MB/s
[10,734s][debug  ][gc,director    ] Rule Major: Warmup 30%, Used: 1516MB, UsedThreshold: 4608MB
[10,734s][debug  ][gc,director    ] Select Minor GC Workers (Not Warm), GCWorkers: 5,000
[10,734s][debug  ][gc,director    ] Rule Minor: Allocation Rate (Dynamic GC Workers), MaxAllocRate: 399,2MB/s (+/-30,8%), Free: 13802MB, GCCPUTime: 1,537, GCDuration: 0,318s, TimeUntilOOM: 26,434s, TimeUntilGC: 26,116s, GCWorkers: 5
[10,734s][debug  ][gc,director    ] Select Minor GC Workers (Not Warm), GCWorkers: 5,000
[10,735s][debug  ][gc,director    ] Rule Minor: Allocation Rate (Dynamic GC Workers), MaxAllocRate: 1628,0MB/s (+/-30,8%), Free: 13802MB, GCCPUTime: 1,537, GCDuration: 0,318s, TimeUntilOOM: 6,481s, TimeUntilGC: 6,163s, GCWorkers: 5
[10,735s][debug  ][gc,director    ] Rule Minor: High Usage, Free: 13802MB(89,9%)
[10,745s][debug  ][gc,director    ] Rule Major: Warmup 30%, Used: 1522MB, UsedThreshold: 4608MB
[10,745s][debug  ][gc,director    ] Select Minor GC Workers (Not Warm), GCWorkers: 5,000
[10,745s][debug  ][gc,director    ] Rule Minor: Allocation Rate (Dynamic GC Workers), MaxAllocRate: 399,2MB/s (+/-30,8%), Free: 13796MB, GCCPUTime: 1,537, GCDuration: 0,318s, TimeUntilOOM: 26,423s, TimeUntilGC: 26,104s, GCWorkers: 5
[10,745s][debug  ][gc,director    ] Select Minor GC Workers (Not Warm), GCWorkers: 5,000
[10,745s][debug  ][gc,director    ] Rule Minor: Allocation Rate (Dynamic GC Workers), MaxAllocRate: 1628,0MB/s (+/-30,8%), Free: 13796MB, GCCPUTime: 1,537, GCDuration: 0,318s, TimeUntilOOM: 6,479s, TimeUntilGC: 6,160s, GCWorkers: 5
[10,745s][debug  ][gc,director    ] Rule Minor: High Usage, Free: 13796MB(89,8%)
[10,755s][debug  ][gc,director    ] Rule Major: Warmup 30%, Used: 1530MB, UsedThreshold: 4608MB
[10,755s][debug  ][gc,director    ] Select Minor GC Workers (Not Warm), GCWorkers: 5,000
[10,755s][debug  ][gc,director    ] Rule Minor: Allocation Rate (Dynamic GC Workers), MaxAllocRate: 399,2MB/s (+/-30,8%), Free: 13788MB, GCCPUTime: 1,537, GCDuration: 0,318s, TimeUntilOOM: 26,407s, TimeUntilGC: 26,089s, GCWorkers: 5
[10,755s][debug  ][gc,director    ] Select Minor GC Workers (Not Warm), GCWorkers: 5,000
[10,755s][debug  ][gc,director    ] Rule Minor: Allocation Rate (Dynamic GC Workers), MaxAllocRate: 1628,0MB/s (+/-30,8%), Free: 13788MB, GCCPUTime: 1,537, GCDuration: 0,318s, TimeUntilOOM: 6,475s, TimeUntilGC: 6,156s, GCWorkers: 5
[10,755s][debug  ][gc,director    ] Rule Minor: High Usage, Free: 13788MB(89,8%)
[10,765s][debug  ][gc,director    ] Rule Major: Warmup 30%, Used: 1536MB, UsedThreshold: 4608MB
[10,765s][debug  ][gc,director    ] Select Minor GC Workers (Not Warm), GCWorkers: 5,000
[10,765s][debug  ][gc,director    ] Rule Minor: Allocation Rate (Dynamic GC Workers), MaxAllocRate: 399,2MB/s (+/-30,8%), Free: 13782MB, GCCPUTime: 1,537, GCDuration: 0,318s, TimeUntilOOM: 26,396s, TimeUntilGC: 26,078s, GCWorkers: 5
[10,765s][debug  ][gc,director    ] Select Minor GC Workers (Not Warm), GCWorkers: 5,000
[10,765s][debug  ][gc,director    ] Rule Minor: Allocation Rate (Dynamic GC Workers), MaxAllocRate: 1628,0MB/s (+/-30,8%), Free: 13782MB, GCCPUTime: 1,537, GCDuration: 0,318s, TimeUntilOOM: 6,472s, TimeUntilGC: 6,154s, GCWorkers: 5
[10,765s][debug  ][gc,director    ] Rule Minor: High Usage, Free: 13782MB(89,7%)
[10,775s][debug  ][gc,director    ] Rule Major: Warmup 30%, Used: 1544MB, UsedThreshold: 4608MB
[10,775s][debug  ][gc,director    ] Select Minor GC Workers (Not Warm), GCWorkers: 5,000
[10,776s][debug  ][gc,director    ] Rule Minor: Allocation Rate (Dynamic GC Workers), MaxAllocRate: 399,2MB/s (+/-30,8%), Free: 13774MB, GCCPUTime: 1,537, GCDuration: 0,318s, TimeUntilOOM: 26,381s, TimeUntilGC: 26,062s, GCWorkers: 5
[10,776s][debug  ][gc,director    ] Select Minor GC Workers (Not Warm), GCWorkers: 5,000
[10,776s][debug  ][gc,director    ] Rule Minor: Allocation Rate (Dynamic GC Workers), MaxAllocRate: 1628,0MB/s (+/-30,8%), Free: 13774MB, GCCPUTime: 1,537, GCDuration: 0,318s, TimeUntilOOM: 6,468s, TimeUntilGC: 6,150s, GCWorkers: 5
[10,776s][debug  ][gc,director    ] Rule Minor: High Usage, Free: 13774MB(89,7%)
[10,786s][debug  ][gc,director    ] Rule Major: Warmup 30%, Used: 1550MB, UsedThreshold: 4608MB
[10,786s][debug  ][gc,director    ] Select Minor GC Workers (Not Warm), GCWorkers: 5,000
[10,786s][debug  ][gc,director    ] Rule Minor: Allocation Rate (Dynamic GC Workers), MaxAllocRate: 399,2MB/s (+/-30,8%), Free: 13768MB, GCCPUTime: 1,537, GCDuration: 0,318s, TimeUntilOOM: 26,369s, TimeUntilGC: 26,051s, GCWorkers: 5
[10,786s][debug  ][gc,director    ] Select Minor GC Workers (Not Warm), GCWorkers: 5,000
[10,786s][debug  ][gc,director    ] Rule Minor: Allocation Rate (Dynamic GC Workers), MaxAllocRate: 1628,0MB/s (+/-30,8%), Free: 13768MB, GCCPUTime: 1,537, GCDuration: 0,318s, TimeUntilOOM: 6,465s, TimeUntilGC: 6,147s, GCWorkers: 5
[10,786s][debug  ][gc,director    ] Rule Minor: High Usage, Free: 13768MB(89,6%)
[10,796s][debug  ][gc,director    ] Rule Major: Warmup 30%, Used: 1558MB, UsedThreshold: 4608MB
[10,796s][debug  ][gc,director    ] Select Minor GC Workers (Not Warm), GCWorkers: 5,000
[10,796s][debug  ][gc,director    ] Rule Minor: Allocation Rate (Dynamic GC Workers), MaxAllocRate: 399,2MB/s (+/-30,8%), Free: 13760MB, GCCPUTime: 1,537, GCDuration: 0,318s, TimeUntilOOM: 26,354s, TimeUntilGC: 26,035s, GCWorkers: 5
[10,796s][debug  ][gc,director    ] Select Minor GC Workers (Not Warm), GCWorkers: 5,000
[10,796s][debug  ][gc,director    ] Rule Minor: Allocation Rate (Dynamic GC Workers), MaxAllocRate: 1628,0MB/s (+/-30,8%), Free: 13760MB, GCCPUTime: 1,537, GCDuration: 0,318s, TimeUntilOOM: 6,462s, TimeUntilGC: 6,143s, GCWorkers: 5
[10,796s][debug  ][gc,director    ] Rule Minor: High Usage, Free: 13760MB(89,6%)
[10,806s][debug  ][gc,director    ] Rule Major: Warmup 30%, Used: 1564MB, UsedThreshold: 4608MB
[10,806s][debug  ][gc,director    ] Select Minor GC Workers (Not Warm), GCWorkers: 5,000
[10,806s][debug  ][gc,director    ] Rule Minor: Allocation Rate (Dynamic GC Workers), MaxAllocRate: 399,2MB/s (+/-30,8%), Free: 13754MB, GCCPUTime: 1,537, GCDuration: 0,318s, TimeUntilOOM: 26,342s, TimeUntilGC: 26,024s, GCWorkers: 5
[10,806s][debug  ][gc,director    ] Select Minor GC Workers (Not Warm), GCWorkers: 5,000
[10,806s][debug  ][gc,director    ] Rule Minor: Allocation Rate (Dynamic GC Workers), MaxAllocRate: 1628,0MB/s (+/-30,8%), Free: 13754MB, GCCPUTime: 1,537, GCDuration: 0,318s, TimeUntilOOM: 6,459s, TimeUntilGC: 6,140s, GCWorkers: 5
[10,806s][debug  ][gc,director    ] Rule Minor: High Usage, Free: 13754MB(89,5%)
[10,816s][debug  ][gc,director    ] Rule Major: Warmup 30%, Used: 1572MB, UsedThreshold: 4608MB
[10,816s][debug  ][gc,director    ] Select Minor GC Workers (Not Warm), GCWorkers: 5,000
[10,816s][debug  ][gc,director    ] Rule Minor: Allocation Rate (Dynamic GC Workers), MaxAllocRate: 399,2MB/s (+/-30,8%), Free: 13746MB, GCCPUTime: 1,537, GCDuration: 0,318s, TimeUntilOOM: 26,327s, TimeUntilGC: 26,009s, GCWorkers: 5
[10,816s][debug  ][gc,director    ] Select Minor GC Workers (Not Warm), GCWorkers: 5,000
[10,816s][debug  ][gc,director    ] Rule Minor: Allocation Rate (Dynamic GC Workers), MaxAllocRate: 1628,0MB/s (+/-30,8%), Free: 13746MB, GCCPUTime: 1,537, GCDuration: 0,318s, TimeUntilOOM: 6,455s, TimeUntilGC: 6,137s, GCWorkers: 5
[10,816s][debug  ][gc,director    ] Rule Minor: High Usage, Free: 13746MB(89,5%)
[10,827s][debug  ][gc,director    ] Rule Major: Warmup 30%, Used: 1578MB, UsedThreshold: 4608MB
[10,827s][debug  ][gc,director    ] Select Minor GC Workers (Not Warm), GCWorkers: 5,000
[10,827s][debug  ][gc,director    ] Rule Minor: Allocation Rate (Dynamic GC Workers), MaxAllocRate: 399,2MB/s (+/-30,8%), Free: 13740MB, GCCPUTime: 1,537, GCDuration: 0,318s, TimeUntilOOM: 26,316s, TimeUntilGC: 25,997s, GCWorkers: 5
[10,827s][debug  ][gc,director    ] Select Minor GC Workers (Not Warm), GCWorkers: 5,000
[10,827s][debug  ][gc,director    ] Rule Minor: Allocation Rate (Dynamic GC Workers), MaxAllocRate: 1628,0MB/s (+/-30,8%), Free: 13740MB, GCCPUTime: 1,537, GCDuration: 0,318s, TimeUntilOOM: 6,452s, TimeUntilGC: 6,134s, GCWorkers: 5
[10,827s][debug  ][gc,director    ] Rule Minor: High Usage, Free: 13740MB(89,5%)
[10,837s][debug  ][gc,director    ] Rule Major: Warmup 30%, Used: 1586MB, UsedThreshold: 4608MB
[10,837s][debug  ][gc,director    ] Select Minor GC Workers (Not Warm), GCWorkers: 5,000
[10,837s][debug  ][gc,director    ] Rule Minor: Allocation Rate (Dynamic GC Workers), MaxAllocRate: 399,2MB/s (+/-30,8%), Free: 13732MB, GCCPUTime: 1,537, GCDuration: 0,318s, TimeUntilOOM: 26,300s, TimeUntilGC: 25,982s, GCWorkers: 5
[10,837s][debug  ][gc,director    ] Select Minor GC Workers (Not Warm), GCWorkers: 5,000
[10,837s][debug  ][gc,director    ] Rule Minor: Allocation Rate (Dynamic GC Workers), MaxAllocRate: 1628,0MB/s (+/-30,8%), Free: 13732MB, GCCPUTime: 1,537, GCDuration: 0,318s, TimeUntilOOM: 6,449s, TimeUntilGC: 6,130s, GCWorkers: 5
[10,837s][debug  ][gc,director    ] Rule Minor: High Usage, Free: 13732MB(89,4%)
[10,839s][debug  ][gc,reloc       ] Synchronize all workers 1 _nworkers: 0 _nsynchronized: 0
[10,839s][debug  ][gc,reloc       ] Synchronize all workers 1 _nworkers: 0 _nsynchronized: 0
[10,839s][debug  ][gc,reloc       ] Desynchronize all workers _nworkers: 0 _nsynchronized: 0
[10,839s][debug  ][gc,reloc       ] Desynchronize all workers _nworkers: 0 _nsynchronized: 0
[10,847s][debug  ][gc,director    ] Rule Major: Warmup 30%, Used: 1592MB, UsedThreshold: 4608MB
[10,847s][debug  ][gc,director    ] Select Minor GC Workers (Not Warm), GCWorkers: 5,000
[10,847s][debug  ][gc,director    ] Rule Minor: Allocation Rate (Dynamic GC Workers), MaxAllocRate: 399,2MB/s (+/-30,8%), Free: 13726MB, GCCPUTime: 1,537, GCDuration: 0,318s, TimeUntilOOM: 26,289s, TimeUntilGC: 25,970s, GCWorkers: 5
[10,847s][debug  ][gc,director    ] Select Minor GC Workers (Not Warm), GCWorkers: 5,000
[10,847s][debug  ][gc,director    ] Rule Minor: Allocation Rate (Dynamic GC Workers), MaxAllocRate: 1628,0MB/s (+/-30,8%), Free: 13726MB, GCCPUTime: 1,537, GCDuration: 0,318s, TimeUntilOOM: 6,446s, TimeUntilGC: 6,127s, GCWorkers: 5
[10,847s][debug  ][gc,director    ] Rule Minor: High Usage, Free: 13726MB(89,4%)
[10,857s][debug  ][gc,director    ] Rule Major: Warmup 30%, Used: 1600MB, UsedThreshold: 4608MB
[10,857s][debug  ][gc,director    ] Select Minor GC Workers (Not Warm), GCWorkers: 5,000
[10,857s][debug  ][gc,director    ] Rule Minor: Allocation Rate (Dynamic GC Workers), MaxAllocRate: 399,2MB/s (+/-30,8%), Free: 13718MB, GCCPUTime: 1,537, GCDuration: 0,318s, TimeUntilOOM: 26,273s, TimeUntilGC: 25,955s, GCWorkers: 5
[10,857s][debug  ][gc,director    ] Select Minor GC Workers (Not Warm), GCWorkers: 5,000
[10,857s][debug  ][gc,director    ] Rule Minor: Allocation Rate (Dynamic GC Workers), MaxAllocRate: 1628,0MB/s (+/-30,8%), Free: 13718MB, GCCPUTime: 1,537, GCDuration: 0,318s, TimeUntilOOM: 6,442s, TimeUntilGC: 6,124s, GCWorkers: 5
[10,857s][debug  ][gc,director    ] Rule Minor: High Usage, Free: 13718MB(89,3%)
[10,867s][debug  ][gc,director    ] Rule Major: Warmup 30%, Used: 1606MB, UsedThreshold: 4608MB
[10,867s][debug  ][gc,director    ] Select Minor GC Workers (Not Warm), GCWorkers: 5,000
[10,867s][debug  ][gc,director    ] Rule Minor: Allocation Rate (Dynamic GC Workers), MaxAllocRate: 399,2MB/s (+/-30,8%), Free: 13712MB, GCCPUTime: 1,537, GCDuration: 0,318s, TimeUntilOOM: 26,262s, TimeUntilGC: 25,944s, GCWorkers: 5
[10,867s][debug  ][gc,director    ] Select Minor GC Workers (Not Warm), GCWorkers: 5,000
[10,867s][debug  ][gc,director    ] Rule Minor: Allocation Rate (Dynamic GC Workers), MaxAllocRate: 1628,0MB/s (+/-30,8%), Free: 13712MB, GCCPUTime: 1,537, GCDuration: 0,318s, TimeUntilOOM: 6,439s, TimeUntilGC: 6,121s, GCWorkers: 5
[10,867s][debug  ][gc,director    ] Rule Minor: High Usage, Free: 13712MB(89,3%)
[10,878s][debug  ][gc,director    ] Rule Major: Warmup 30%, Used: 1614MB, UsedThreshold: 4608MB
[10,878s][debug  ][gc,director    ] Select Minor GC Workers (Not Warm), GCWorkers: 5,000
[10,878s][debug  ][gc,director    ] Rule Minor: Allocation Rate (Dynamic GC Workers), MaxAllocRate: 399,2MB/s (+/-30,8%), Free: 13704MB, GCCPUTime: 1,537, GCDuration: 0,318s, TimeUntilOOM: 26,247s, TimeUntilGC: 25,928s, GCWorkers: 5
[10,878s][debug  ][gc,director    ] Select Minor GC Workers (Not Warm), GCWorkers: 5,000
[10,878s][debug  ][gc,director    ] Rule Minor: Allocation Rate (Dynamic GC Workers), MaxAllocRate: 1628,0MB/s (+/-30,8%), Free: 13704MB, GCCPUTime: 1,537, GCDuration: 0,318s, TimeUntilOOM: 6,435s, TimeUntilGC: 6,117s, GCWorkers: 5
[10,878s][debug  ][gc,director    ] Rule Minor: High Usage, Free: 13704MB(89,2%)
[10,888s][debug  ][gc,director    ] Rule Major: Warmup 30%, Used: 1620MB, UsedThreshold: 4608MB
[10,888s][debug  ][gc,director    ] Select Minor GC Workers (Not Warm), GCWorkers: 5,000
[10,888s][debug  ][gc,director    ] Rule Minor: Allocation Rate (Dynamic GC Workers), MaxAllocRate: 399,2MB/s (+/-30,8%), Free: 13698MB, GCCPUTime: 1,537, GCDuration: 0,318s, TimeUntilOOM: 26,235s, TimeUntilGC: 25,917s, GCWorkers: 5
[10,888s][debug  ][gc,director    ] Select Minor GC Workers (Not Warm), GCWorkers: 5,000
[10,888s][debug  ][gc,director    ] Rule Minor: Allocation Rate (Dynamic GC Workers), MaxAllocRate: 1628,0MB/s (+/-30,8%), Free: 13698MB, GCCPUTime: 1,537, GCDuration: 0,318s, TimeUntilOOM: 6,433s, TimeUntilGC: 6,114s, GCWorkers: 5
[10,888s][debug  ][gc,director    ] Rule Minor: High Usage, Free: 13698MB(89,2%)
[10,898s][debug  ][gc,director    ] Rule Major: Warmup 30%, Used: 1628MB, UsedThreshold: 4608MB
[10,898s][debug  ][gc,director    ] Select Minor GC Workers (Not Warm), GCWorkers: 5,000
[10,898s][debug  ][gc,director    ] Rule Minor: Allocation Rate (Dynamic GC Workers), MaxAllocRate: 399,2MB/s (+/-30,8%), Free: 13690MB, GCCPUTime: 1,537, GCDuration: 0,318s, TimeUntilOOM: 26,220s, TimeUntilGC: 25,901s, GCWorkers: 5
[10,898s][debug  ][gc,director    ] Select Minor GC Workers (Not Warm), GCWorkers: 5,000
[10,898s][debug  ][gc,director    ] Rule Minor: Allocation Rate (Dynamic GC Workers), MaxAllocRate: 1628,0MB/s (+/-30,8%), Free: 13690MB, GCCPUTime: 1,537, GCDuration: 0,318s, TimeUntilOOM: 6,429s, TimeUntilGC: 6,110s, GCWorkers: 5
[10,898s][debug  ][gc,director    ] Rule Minor: High Usage, Free: 13690MB(89,1%)
[10,908s][debug  ][gc,director    ] Rule Major: Warmup 30%, Used: 1634MB, UsedThreshold: 4608MB
[10,908s][debug  ][gc,director    ] Select Minor GC Workers (Not Warm), GCWorkers: 5,000
[10,908s][debug  ][gc,director    ] Rule Minor: Allocation Rate (Dynamic GC Workers), MaxAllocRate: 399,2MB/s (+/-30,8%), Free: 13684MB, GCCPUTime: 1,537, GCDuration: 0,318s, TimeUntilOOM: 26,208s, TimeUntilGC: 25,890s, GCWorkers: 5
[10,908s][debug  ][gc,director    ] Select Minor GC Workers (Not Warm), GCWorkers: 5,000
[10,908s][debug  ][gc,director    ] Rule Minor: Allocation Rate (Dynamic GC Workers), MaxAllocRate: 1628,0MB/s (+/-30,8%), Free: 13684MB, GCCPUTime: 1,537, GCDuration: 0,318s, TimeUntilOOM: 6,426s, TimeUntilGC: 6,108s, GCWorkers: 5
[10,908s][debug  ][gc,director    ] Rule Minor: High Usage, Free: 13684MB(89,1%)
[10,909s][debug  ][gc,alloc       ] Mutator Allocation Rate: 582,3MB/s Predicted: 618,4MB/s, Avg: 403,2(+/-124,5)MB/s
[10,909s][debug  ][gc,director    ] Rule Major: Warmup 30%, Used: 1636MB, UsedThreshold: 4608MB
[10,909s][debug  ][gc,director    ] Select Minor GC Workers (Not Warm), GCWorkers: 5,000
[10,910s][debug  ][gc,director    ] Rule Minor: Allocation Rate (Dynamic GC Workers), MaxAllocRate: 403,2MB/s (+/-30,9%), Free: 13682MB, GCCPUTime: 1,537, GCDuration: 0,318s, TimeUntilOOM: 25,930s, TimeUntilGC: 25,611s, GCWorkers: 5
[10,910s][debug  ][gc,director    ] Select Minor GC Workers (Not Warm), GCWorkers: 5,000
[10,910s][debug  ][gc,director    ] Rule Minor: Allocation Rate (Dynamic GC Workers), MaxAllocRate: 1646,5MB/s (+/-30,9%), Free: 13682MB, GCCPUTime: 1,537, GCDuration: 0,318s, TimeUntilOOM: 6,349s, TimeUntilGC: 6,031s, GCWorkers: 5
[10,910s][debug  ][gc,director    ] Rule Minor: High Usage, Free: 13682MB(89,1%)
[10,920s][debug  ][gc,director    ] Rule Major: Warmup 30%, Used: 1642MB, UsedThreshold: 4608MB
[10,920s][debug  ][gc,director    ] Select Minor GC Workers (Not Warm), GCWorkers: 5,000
[10,920s][debug  ][gc,director    ] Rule Minor: Allocation Rate (Dynamic GC Workers), MaxAllocRate: 403,2MB/s (+/-30,9%), Free: 13676MB, GCCPUTime: 1,537, GCDuration: 0,318s, TimeUntilOOM: 25,918s, TimeUntilGC: 25,600s, GCWorkers: 5
[10,920s][debug  ][gc,director    ] Select Minor GC Workers (Not Warm), GCWorkers: 5,000
[10,920s][debug  ][gc,director    ] Rule Minor: Allocation Rate (Dynamic GC Workers), MaxAllocRate: 1646,5MB/s (+/-30,9%), Free: 13676MB, GCCPUTime: 1,537, GCDuration: 0,318s, TimeUntilOOM: 6,346s, TimeUntilGC: 6,028s, GCWorkers: 5
[10,920s][debug  ][gc,director    ] Rule Minor: High Usage, Free: 13676MB(89,0%)
[10,930s][debug  ][gc,director    ] Rule Major: Warmup 30%, Used: 1650MB, UsedThreshold: 4608MB
[10,930s][debug  ][gc,director    ] Select Minor GC Workers (Not Warm), GCWorkers: 5,000
[10,930s][debug  ][gc,director    ] Rule Minor: Allocation Rate (Dynamic GC Workers), MaxAllocRate: 403,2MB/s (+/-30,9%), Free: 13668MB, GCCPUTime: 1,537, GCDuration: 0,318s, TimeUntilOOM: 25,903s, TimeUntilGC: 25,585s, GCWorkers: 5
[10,930s][debug  ][gc,director    ] Select Minor GC Workers (Not Warm), GCWorkers: 5,000
[10,930s][debug  ][gc,director    ] Rule Minor: Allocation Rate (Dynamic GC Workers), MaxAllocRate: 1646,5MB/s (+/-30,9%), Free: 13668MB, GCCPUTime: 1,537, GCDuration: 0,318s, TimeUntilOOM: 6,342s, TimeUntilGC: 6,024s, GCWorkers: 5
[10,930s][debug  ][gc,director    ] Rule Minor: High Usage, Free: 13668MB(89,0%)
[10,940s][debug  ][gc,director    ] Rule Major: Warmup 30%, Used: 1656MB, UsedThreshold: 4608MB
[10,940s][debug  ][gc,director    ] Select Minor GC Workers (Not Warm), GCWorkers: 5,000
[10,940s][debug  ][gc,director    ] Rule Minor: Allocation Rate (Dynamic GC Workers), MaxAllocRate: 403,2MB/s (+/-30,9%), Free: 13662MB, GCCPUTime: 1,537, GCDuration: 0,318s, TimeUntilOOM: 25,892s, TimeUntilGC: 25,573s, GCWorkers: 5
[10,940s][debug  ][gc,director    ] Select Minor GC Workers (Not Warm), GCWorkers: 5,000
[10,940s][debug  ][gc,director    ] Rule Minor: Allocation Rate (Dynamic GC Workers), MaxAllocRate: 1646,5MB/s (+/-30,9%), Free: 13662MB, GCCPUTime: 1,537, GCDuration: 0,318s, TimeUntilOOM: 6,340s, TimeUntilGC: 6,021s, GCWorkers: 5
[10,940s][debug  ][gc,director    ] Rule Minor: High Usage, Free: 13662MB(88,9%)
[10,950s][debug  ][gc,director    ] Rule Major: Warmup 30%, Used: 1664MB, UsedThreshold: 4608MB
[10,950s][debug  ][gc,director    ] Select Minor GC Workers (Not Warm), GCWorkers: 5,000
[10,950s][debug  ][gc,director    ] Rule Minor: Allocation Rate (Dynamic GC Workers), MaxAllocRate: 403,2MB/s (+/-30,9%), Free: 13654MB, GCCPUTime: 1,537, GCDuration: 0,318s, TimeUntilOOM: 25,876s, TimeUntilGC: 25,558s, GCWorkers: 5
[10,950s][debug  ][gc,director    ] Select Minor GC Workers (Not Warm), GCWorkers: 5,000
[10,950s][debug  ][gc,director    ] Rule Minor: Allocation Rate (Dynamic GC Workers), MaxAllocRate: 1646,5MB/s (+/-30,9%), Free: 13654MB, GCCPUTime: 1,537, GCDuration: 0,318s, TimeUntilOOM: 6,336s, TimeUntilGC: 6,018s, GCWorkers: 5
[10,950s][debug  ][gc,director    ] Rule Minor: High Usage, Free: 13654MB(88,9%)
[10,960s][debug  ][gc,director    ] Rule Major: Warmup 30%, Used: 1670MB, UsedThreshold: 4608MB
[10,961s][debug  ][gc,director    ] Select Minor GC Workers (Not Warm), GCWorkers: 5,000
[10,961s][debug  ][gc,director    ] Rule Minor: Allocation Rate (Dynamic GC Workers), MaxAllocRate: 403,2MB/s (+/-30,9%), Free: 13648MB, GCCPUTime: 1,537, GCDuration: 0,318s, TimeUntilOOM: 25,865s, TimeUntilGC: 25,547s, GCWorkers: 5
[10,961s][debug  ][gc,director    ] Select Minor GC Workers (Not Warm), GCWorkers: 5,000
[10,961s][debug  ][gc,director    ] Rule Minor: Allocation Rate (Dynamic GC Workers), MaxAllocRate: 1646,5MB/s (+/-30,9%), Free: 13648MB, GCCPUTime: 1,537, GCDuration: 0,318s, TimeUntilOOM: 6,333s, TimeUntilGC: 6,015s, GCWorkers: 5
[10,961s][debug  ][gc,director    ] Rule Minor: High Usage, Free: 13648MB(88,9%)
[10,971s][debug  ][gc,director    ] Rule Major: Warmup 30%, Used: 1678MB, UsedThreshold: 4608MB
[10,971s][debug  ][gc,director    ] Select Minor GC Workers (Not Warm), GCWorkers: 5,000
[10,971s][debug  ][gc,director    ] Rule Minor: Allocation Rate (Dynamic GC Workers), MaxAllocRate: 403,2MB/s (+/-30,9%), Free: 13640MB, GCCPUTime: 1,537, GCDuration: 0,318s, TimeUntilOOM: 25,850s, TimeUntilGC: 25,532s, GCWorkers: 5
[10,971s][debug  ][gc,director    ] Select Minor GC Workers (Not Warm), GCWorkers: 5,000
[10,971s][debug  ][gc,director    ] Rule Minor: Allocation Rate (Dynamic GC Workers), MaxAllocRate: 1646,5MB/s (+/-30,9%), Free: 13640MB, GCCPUTime: 1,537, GCDuration: 0,318s, TimeUntilOOM: 6,329s, TimeUntilGC: 6,011s, GCWorkers: 5
[10,971s][debug  ][gc,director    ] Rule Minor: High Usage, Free: 13640MB(88,8%)
[10,981s][debug  ][gc,director    ] Rule Major: Warmup 30%, Used: 1684MB, UsedThreshold: 4608MB
[10,981s][debug  ][gc,director    ] Select Minor GC Workers (Not Warm), GCWorkers: 5,000
[10,981s][debug  ][gc,director    ] Rule Minor: Allocation Rate (Dynamic GC Workers), MaxAllocRate: 403,2MB/s (+/-30,9%), Free: 13634MB, GCCPUTime: 1,537, GCDuration: 0,318s, TimeUntilOOM: 25,839s, TimeUntilGC: 25,520s, GCWorkers: 5
[10,981s][debug  ][gc,director    ] Select Minor GC Workers (Not Warm), GCWorkers: 5,000
[10,981s][debug  ][gc,director    ] Rule Minor: Allocation Rate (Dynamic GC Workers), MaxAllocRate: 1646,5MB/s (+/-30,9%), Free: 13634MB, GCCPUTime: 1,537, GCDuration: 0,318s, TimeUntilOOM: 6,327s, TimeUntilGC: 6,008s, GCWorkers: 5
[10,981s][debug  ][gc,director    ] Rule Minor: High Usage, Free: 13634MB(88,8%)
[10,991s][debug  ][gc,director    ] Rule Major: Warmup 30%, Used: 1692MB, UsedThreshold: 4608MB
[10,991s][debug  ][gc,director    ] Select Minor GC Workers (Not Warm), GCWorkers: 5,000
[10,991s][debug  ][gc,director    ] Rule Minor: Allocation Rate (Dynamic GC Workers), MaxAllocRate: 403,2MB/s (+/-30,9%), Free: 13626MB, GCCPUTime: 1,537, GCDuration: 0,318s, TimeUntilOOM: 25,823s, TimeUntilGC: 25,505s, GCWorkers: 5
[10,991s][debug  ][gc,director    ] Select Minor GC Workers (Not Warm), GCWorkers: 5,000
[10,991s][debug  ][gc,director    ] Rule Minor: Allocation Rate (Dynamic GC Workers), MaxAllocRate: 1646,5MB/s (+/-30,9%), Free: 13626MB, GCCPUTime: 1,537, GCDuration: 0,318s, TimeUntilOOM: 6,323s, TimeUntilGC: 6,005s, GCWorkers: 5
[10,991s][debug  ][gc,director    ] Rule Minor: High Usage, Free: 13626MB(88,7%)
[11,001s][debug  ][gc,director    ] Rule Major: Warmup 30%, Used: 1698MB, UsedThreshold: 4608MB
[11,002s][debug  ][gc,director    ] Select Minor GC Workers (Not Warm), GCWorkers: 5,000
[11,002s][debug  ][gc,director    ] Rule Minor: Allocation Rate (Dynamic GC Workers), MaxAllocRate: 403,2MB/s (+/-30,9%), Free: 13620MB, GCCPUTime: 1,537, GCDuration: 0,318s, TimeUntilOOM: 25,812s, TimeUntilGC: 25,494s, GCWorkers: 5
[11,002s][debug  ][gc,director    ] Select Minor GC Workers (Not Warm), GCWorkers: 5,000
[11,002s][debug  ][gc,director    ] Rule Minor: Allocation Rate (Dynamic GC Workers), MaxAllocRate: 1646,5MB/s (+/-30,9%), Free: 13620MB, GCCPUTime: 1,537, GCDuration: 0,318s, TimeUntilOOM: 6,320s, TimeUntilGC: 6,002s, GCWorkers: 5
[11,002s][debug  ][gc,director    ] Rule Minor: High Usage, Free: 13620MB(88,7%)
[11,012s][debug  ][gc,director    ] Rule Major: Warmup 30%, Used: 1706MB, UsedThreshold: 4608MB
[11,012s][debug  ][gc,director    ] Select Minor GC Workers (Not Warm), GCWorkers: 5,000
[11,012s][debug  ][gc,director    ] Rule Minor: Allocation Rate (Dynamic GC Workers), MaxAllocRate: 403,2MB/s (+/-30,9%), Free: 13612MB, GCCPUTime: 1,537, GCDuration: 0,318s, TimeUntilOOM: 25,797s, TimeUntilGC: 25,479s, GCWorkers: 5
[11,012s][debug  ][gc,director    ] Select Minor GC Workers (Not Warm), GCWorkers: 5,000
[11,012s][debug  ][gc,director    ] Rule Minor: Allocation Rate (Dynamic GC Workers), MaxAllocRate: 1646,5MB/s (+/-30,9%), Free: 13612MB, GCCPUTime: 1,537, GCDuration: 0,318s, TimeUntilOOM: 6,317s, TimeUntilGC: 5,998s, GCWorkers: 5
[11,012s][debug  ][gc,director    ] Rule Minor: High Usage, Free: 13612MB(88,6%)
[11,022s][debug  ][gc,director    ] Rule Major: Warmup 30%, Used: 1712MB, UsedThreshold: 4608MB
[11,022s][debug  ][gc,director    ] Select Minor GC Workers (Not Warm), GCWorkers: 5,000
[11,022s][debug  ][gc,director    ] Rule Minor: Allocation Rate (Dynamic GC Workers), MaxAllocRate: 403,2MB/s (+/-30,9%), Free: 13606MB, GCCPUTime: 1,537, GCDuration: 0,318s, TimeUntilOOM: 25,786s, TimeUntilGC: 25,467s, GCWorkers: 5
[11,022s][debug  ][gc,director    ] Select Minor GC Workers (Not Warm), GCWorkers: 5,000
[11,022s][debug  ][gc,director    ] Rule Minor: Allocation Rate (Dynamic GC Workers), MaxAllocRate: 1646,5MB/s (+/-30,9%), Free: 13606MB, GCCPUTime: 1,537, GCDuration: 0,318s, TimeUntilOOM: 6,314s, TimeUntilGC: 5,995s, GCWorkers: 5
[11,022s][debug  ][gc,director    ] Rule Minor: High Usage, Free: 13606MB(88,6%)
[11,032s][debug  ][gc,director    ] Rule Major: Warmup 30%, Used: 1720MB, UsedThreshold: 4608MB
[11,032s][debug  ][gc,director    ] Select Minor GC Workers (Not Warm), GCWorkers: 5,000
[11,032s][debug  ][gc,director    ] Rule Minor: Allocation Rate (Dynamic GC Workers), MaxAllocRate: 403,2MB/s (+/-30,9%), Free: 13598MB, GCCPUTime: 1,537, GCDuration: 0,318s, TimeUntilOOM: 25,770s, TimeUntilGC: 25,452s, GCWorkers: 5
[11,032s][debug  ][gc,director    ] Select Minor GC Workers (Not Warm), GCWorkers: 5,000
[11,032s][debug  ][gc,director    ] Rule Minor: Allocation Rate (Dynamic GC Workers), MaxAllocRate: 1646,5MB/s (+/-30,9%), Free: 13598MB, GCCPUTime: 1,537, GCDuration: 0,318s, TimeUntilOOM: 6,310s, TimeUntilGC: 5,992s, GCWorkers: 5
[11,032s][debug  ][gc,director    ] Rule Minor: High Usage, Free: 13598MB(88,5%)
[11,043s][debug  ][gc,director    ] Rule Major: Warmup 30%, Used: 1726MB, UsedThreshold: 4608MB
[11,043s][debug  ][gc,director    ] Select Minor GC Workers (Not Warm), GCWorkers: 5,000
[11,043s][debug  ][gc,director    ] Rule Minor: Allocation Rate (Dynamic GC Workers), MaxAllocRate: 403,2MB/s (+/-30,9%), Free: 13592MB, GCCPUTime: 1,537, GCDuration: 0,318s, TimeUntilOOM: 25,759s, TimeUntilGC: 25,441s, GCWorkers: 5
[11,043s][debug  ][gc,director    ] Select Minor GC Workers (Not Warm), GCWorkers: 5,000
[11,043s][debug  ][gc,director    ] Rule Minor: Allocation Rate (Dynamic GC Workers), MaxAllocRate: 1646,5MB/s (+/-30,9%), Free: 13592MB, GCCPUTime: 1,537, GCDuration: 0,318s, TimeUntilOOM: 6,307s, TimeUntilGC: 5,989s, GCWorkers: 5
[11,043s][debug  ][gc,director    ] Rule Minor: High Usage, Free: 13592MB(88,5%)
[11,053s][debug  ][gc,director    ] Rule Major: Warmup 30%, Used: 1734MB, UsedThreshold: 4608MB
[11,053s][debug  ][gc,director    ] Select Minor GC Workers (Not Warm), GCWorkers: 5,000
[11,053s][debug  ][gc,director    ] Rule Minor: Allocation Rate (Dynamic GC Workers), MaxAllocRate: 403,2MB/s (+/-30,9%), Free: 13584MB, GCCPUTime: 1,537, GCDuration: 0,318s, TimeUntilOOM: 25,744s, TimeUntilGC: 25,425s, GCWorkers: 5
[11,053s][debug  ][gc,director    ] Select Minor GC Workers (Not Warm), GCWorkers: 5,000
[11,053s][debug  ][gc,director    ] Rule Minor: Allocation Rate (Dynamic GC Workers), MaxAllocRate: 1646,5MB/s (+/-30,9%), Free: 13584MB, GCCPUTime: 1,537, GCDuration: 0,318s, TimeUntilOOM: 6,304s, TimeUntilGC: 5,985s, GCWorkers: 5
[11,053s][debug  ][gc,director    ] Rule Minor: High Usage, Free: 13584MB(88,4%)
[11,063s][debug  ][gc,director    ] Rule Major: Warmup 30%, Used: 1740MB, UsedThreshold: 4608MB
[11,063s][debug  ][gc,director    ] Select Minor GC Workers (Not Warm), GCWorkers: 5,000
[11,063s][debug  ][gc,director    ] Rule Minor: Allocation Rate (Dynamic GC Workers), MaxAllocRate: 403,2MB/s (+/-30,9%), Free: 13578MB, GCCPUTime: 1,537, GCDuration: 0,318s, TimeUntilOOM: 25,732s, TimeUntilGC: 25,414s, GCWorkers: 5
[11,063s][debug  ][gc,director    ] Select Minor GC Workers (Not Warm), GCWorkers: 5,000
[11,063s][debug  ][gc,director    ] Rule Minor: Allocation Rate (Dynamic GC Workers), MaxAllocRate: 1646,5MB/s (+/-30,9%), Free: 13578MB, GCCPUTime: 1,537, GCDuration: 0,318s, TimeUntilOOM: 6,301s, TimeUntilGC: 5,982s, GCWorkers: 5
[11,063s][debug  ][gc,director    ] Rule Minor: High Usage, Free: 13578MB(88,4%)
[11,073s][debug  ][gc,director    ] Rule Major: Warmup 30%, Used: 1748MB, UsedThreshold: 4608MB
[11,074s][debug  ][gc,director    ] Select Minor GC Workers (Not Warm), GCWorkers: 5,000
[11,074s][debug  ][gc,director    ] Rule Minor: Allocation Rate (Dynamic GC Workers), MaxAllocRate: 403,2MB/s (+/-30,9%), Free: 13570MB, GCCPUTime: 1,537, GCDuration: 0,318s, TimeUntilOOM: 25,717s, TimeUntilGC: 25,399s, GCWorkers: 5
[11,074s][debug  ][gc,director    ] Select Minor GC Workers (Not Warm), GCWorkers: 5,000
[11,074s][debug  ][gc,director    ] Rule Minor: Allocation Rate (Dynamic GC Workers), MaxAllocRate: 1646,5MB/s (+/-30,9%), Free: 13570MB, GCCPUTime: 1,537, GCDuration: 0,318s, TimeUntilOOM: 6,297s, TimeUntilGC: 5,979s, GCWorkers: 5
[11,074s][debug  ][gc,director    ] Rule Minor: High Usage, Free: 13570MB(88,3%)
[11,084s][debug  ][gc,director    ] Rule Major: Warmup 30%, Used: 1754MB, UsedThreshold: 4608MB
[11,084s][debug  ][gc,director    ] Select Minor GC Workers (Not Warm), GCWorkers: 5,000
[11,084s][debug  ][gc,director    ] Rule Minor: Allocation Rate (Dynamic GC Workers), MaxAllocRate: 403,2MB/s (+/-30,9%), Free: 13564MB, GCCPUTime: 1,537, GCDuration: 0,318s, TimeUntilOOM: 25,706s, TimeUntilGC: 25,388s, GCWorkers: 5
[11,084s][debug  ][gc,director    ] Select Minor GC Workers (Not Warm), GCWorkers: 5,000
[11,084s][debug  ][gc,director    ] Rule Minor: Allocation Rate (Dynamic GC Workers), MaxAllocRate: 1646,5MB/s (+/-30,9%), Free: 13564MB, GCCPUTime: 1,537, GCDuration: 0,318s, TimeUntilOOM: 6,294s, TimeUntilGC: 5,976s, GCWorkers: 5
[11,084s][debug  ][gc,director    ] Rule Minor: High Usage, Free: 13564MB(88,3%)
[11,084s][debug  ][gc,alloc       ] Mutator Allocation Rate: 584,2MB/s Predicted: 624,7MB/s, Avg: 407,0(+/-125,9)MB/s
[11,084s][debug  ][gc,director    ] Rule Major: Warmup 30%, Used: 1756MB, UsedThreshold: 4608MB
[11,084s][debug  ][gc,director    ] Select Minor GC Workers (Not Warm), GCWorkers: 5,000
[11,084s][debug  ][gc,director    ] Rule Minor: Allocation Rate (Dynamic GC Workers), MaxAllocRate: 407,0MB/s (+/-30,9%), Free: 13562MB, GCCPUTime: 1,537, GCDuration: 0,318s, TimeUntilOOM: 25,448s, TimeUntilGC: 25,130s, GCWorkers: 5
[11,084s][debug  ][gc,director    ] Select Minor GC Workers (Not Warm), GCWorkers: 5,000
[11,084s][debug  ][gc,director    ] Rule Minor: Allocation Rate (Dynamic GC Workers), MaxAllocRate: 1663,7MB/s (+/-30,9%), Free: 13562MB, GCCPUTime: 1,537, GCDuration: 0,318s, TimeUntilOOM: 6,226s, TimeUntilGC: 5,908s, GCWorkers: 5
[11,084s][debug  ][gc,director    ] Rule Minor: High Usage, Free: 13562MB(88,3%)
[11,094s][debug  ][gc,director    ] Rule Major: Warmup 30%, Used: 1762MB, UsedThreshold: 4608MB
[11,094s][debug  ][gc,director    ] Select Minor GC Workers (Not Warm), GCWorkers: 5,000
[11,094s][debug  ][gc,director    ] Rule Minor: Allocation Rate (Dynamic GC Workers), MaxAllocRate: 407,0MB/s (+/-30,9%), Free: 13556MB, GCCPUTime: 1,537, GCDuration: 0,318s, TimeUntilOOM: 25,437s, TimeUntilGC: 25,119s, GCWorkers: 5
[11,094s][debug  ][gc,director    ] Select Minor GC Workers (Not Warm), GCWorkers: 5,000
[11,094s][debug  ][gc,director    ] Rule Minor: Allocation Rate (Dynamic GC Workers), MaxAllocRate: 1663,7MB/s (+/-30,9%), Free: 13556MB, GCCPUTime: 1,537, GCDuration: 0,318s, TimeUntilOOM: 6,223s, TimeUntilGC: 5,905s, GCWorkers: 5
[11,094s][debug  ][gc,director    ] Rule Minor: High Usage, Free: 13556MB(88,3%)
[11,105s][debug  ][gc,director    ] Rule Major: Warmup 30%, Used: 1770MB, UsedThreshold: 4608MB
[11,105s][debug  ][gc,director    ] Select Minor GC Workers (Not Warm), GCWorkers: 5,000
[11,105s][debug  ][gc,director    ] Rule Minor: Allocation Rate (Dynamic GC Workers), MaxAllocRate: 407,0MB/s (+/-30,9%), Free: 13548MB, GCCPUTime: 1,537, GCDuration: 0,318s, TimeUntilOOM: 25,422s, TimeUntilGC: 25,104s, GCWorkers: 5
[11,105s][debug  ][gc,director    ] Select Minor GC Workers (Not Warm), GCWorkers: 5,000
[11,105s][debug  ][gc,director    ] Rule Minor: Allocation Rate (Dynamic GC Workers), MaxAllocRate: 1663,7MB/s (+/-30,9%), Free: 13548MB, GCCPUTime: 1,537, GCDuration: 0,318s, TimeUntilOOM: 6,219s, TimeUntilGC: 5,901s, GCWorkers: 5
[11,105s][debug  ][gc,director    ] Rule Minor: High Usage, Free: 13548MB(88,2%)
[11,115s][debug  ][gc,director    ] Rule Major: Warmup 30%, Used: 1776MB, UsedThreshold: 4608MB
[11,115s][debug  ][gc,director    ] Select Minor GC Workers (Not Warm), GCWorkers: 5,000
[11,115s][debug  ][gc,director    ] Rule Minor: Allocation Rate (Dynamic GC Workers), MaxAllocRate: 407,0MB/s (+/-30,9%), Free: 13542MB, GCCPUTime: 1,537, GCDuration: 0,318s, TimeUntilOOM: 25,411s, TimeUntilGC: 25,092s, GCWorkers: 5
[11,115s][debug  ][gc,director    ] Select Minor GC Workers (Not Warm), GCWorkers: 5,000
[11,115s][debug  ][gc,director    ] Rule Minor: Allocation Rate (Dynamic GC Workers), MaxAllocRate: 1663,7MB/s (+/-30,9%), Free: 13542MB, GCCPUTime: 1,537, GCDuration: 0,318s, TimeUntilOOM: 6,217s, TimeUntilGC: 5,898s, GCWorkers: 5
[11,115s][debug  ][gc,director    ] Rule Minor: High Usage, Free: 13542MB(88,2%)
[11,125s][debug  ][gc,director    ] Rule Major: Warmup 30%, Used: 1784MB, UsedThreshold: 4608MB
[11,125s][debug  ][gc,director    ] Select Minor GC Workers (Not Warm), GCWorkers: 5,000
[11,125s][debug  ][gc,director    ] Rule Minor: Allocation Rate (Dynamic GC Workers), MaxAllocRate: 407,0MB/s (+/-30,9%), Free: 13534MB, GCCPUTime: 1,537, GCDuration: 0,318s, TimeUntilOOM: 25,396s, TimeUntilGC: 25,077s, GCWorkers: 5
[11,125s][debug  ][gc,director    ] Select Minor GC Workers (Not Warm), GCWorkers: 5,000
[11,125s][debug  ][gc,director    ] Rule Minor: Allocation Rate (Dynamic GC Workers), MaxAllocRate: 1663,7MB/s (+/-30,9%), Free: 13534MB, GCCPUTime: 1,537, GCDuration: 0,318s, TimeUntilOOM: 6,213s, TimeUntilGC: 5,895s, GCWorkers: 5
[11,125s][debug  ][gc,director    ] Rule Minor: High Usage, Free: 13534MB(88,1%)
[11,135s][debug  ][gc,director    ] Rule Major: Warmup 30%, Used: 1790MB, UsedThreshold: 4608MB
[11,135s][debug  ][gc,director    ] Select Minor GC Workers (Not Warm), GCWorkers: 5,000
[11,136s][debug  ][gc,director    ] Rule Minor: Allocation Rate (Dynamic GC Workers), MaxAllocRate: 407,0MB/s (+/-30,9%), Free: 13528MB, GCCPUTime: 1,537, GCDuration: 0,318s, TimeUntilOOM: 25,385s, TimeUntilGC: 25,066s, GCWorkers: 5
[11,136s][debug  ][gc,director    ] Select Minor GC Workers (Not Warm), GCWorkers: 5,000
[11,136s][debug  ][gc,director    ] Rule Minor: Allocation Rate (Dynamic GC Workers), MaxAllocRate: 1663,7MB/s (+/-30,9%), Free: 13528MB, GCCPUTime: 1,537, GCDuration: 0,318s, TimeUntilOOM: 6,210s, TimeUntilGC: 5,892s, GCWorkers: 5
[11,136s][debug  ][gc,director    ] Rule Minor: High Usage, Free: 13528MB(88,1%)
[11,146s][debug  ][gc,director    ] Rule Major: Warmup 30%, Used: 1796MB, UsedThreshold: 4608MB
[11,146s][debug  ][gc,director    ] Select Minor GC Workers (Not Warm), GCWorkers: 5,000
[11,146s][debug  ][gc,director    ] Rule Minor: Allocation Rate (Dynamic GC Workers), MaxAllocRate: 407,0MB/s (+/-30,9%), Free: 13522MB, GCCPUTime: 1,537, GCDuration: 0,318s, TimeUntilOOM: 25,373s, TimeUntilGC: 25,055s, GCWorkers: 5
[11,146s][debug  ][gc,director    ] Select Minor GC Workers (Not Warm), GCWorkers: 5,000
[11,146s][debug  ][gc,director    ] Rule Minor: Allocation Rate (Dynamic GC Workers), MaxAllocRate: 1663,7MB/s (+/-30,9%), Free: 13522MB, GCCPUTime: 1,537, GCDuration: 0,318s, TimeUntilOOM: 6,208s, TimeUntilGC: 5,889s, GCWorkers: 5
[11,146s][debug  ][gc,director    ] Rule Minor: High Usage, Free: 13522MB(88,0%)
[11,156s][debug  ][gc,director    ] Rule Major: Warmup 30%, Used: 1804MB, UsedThreshold: 4608MB
[11,156s][debug  ][gc,director    ] Select Minor GC Workers (Not Warm), GCWorkers: 5,000
[11,156s][debug  ][gc,director    ] Rule Minor: Allocation Rate (Dynamic GC Workers), MaxAllocRate: 407,0MB/s (+/-30,9%), Free: 13514MB, GCCPUTime: 1,537, GCDuration: 0,318s, TimeUntilOOM: 25,358s, TimeUntilGC: 25,040s, GCWorkers: 5
[11,156s][debug  ][gc,director    ] Select Minor GC Workers (Not Warm), GCWorkers: 5,000
[11,156s][debug  ][gc,director    ] Rule Minor: Allocation Rate (Dynamic GC Workers), MaxAllocRate: 1663,7MB/s (+/-30,9%), Free: 13514MB, GCCPUTime: 1,537, GCDuration: 0,318s, TimeUntilOOM: 6,204s, TimeUntilGC: 5,886s, GCWorkers: 5
[11,156s][debug  ][gc,director    ] Rule Minor: High Usage, Free: 13514MB(88,0%)
[11,166s][debug  ][gc,director    ] Rule Major: Warmup 30%, Used: 1810MB, UsedThreshold: 4608MB
[11,166s][debug  ][gc,director    ] Select Minor GC Workers (Not Warm), GCWorkers: 5,000
[11,166s][debug  ][gc,director    ] Rule Minor: Allocation Rate (Dynamic GC Workers), MaxAllocRate: 407,0MB/s (+/-30,9%), Free: 13508MB, GCCPUTime: 1,537, GCDuration: 0,318s, TimeUntilOOM: 25,347s, TimeUntilGC: 25,029s, GCWorkers: 5
[11,166s][debug  ][gc,director    ] Select Minor GC Workers (Not Warm), GCWorkers: 5,000
[11,166s][debug  ][gc,director    ] Rule Minor: Allocation Rate (Dynamic GC Workers), MaxAllocRate: 1663,7MB/s (+/-30,9%), Free: 13508MB, GCCPUTime: 1,537, GCDuration: 0,318s, TimeUntilOOM: 6,201s, TimeUntilGC: 5,883s, GCWorkers: 5
[11,166s][debug  ][gc,director    ] Rule Minor: High Usage, Free: 13508MB(87,9%)
[11,176s][debug  ][gc,director    ] Rule Major: Warmup 30%, Used: 1818MB, UsedThreshold: 4608MB
[11,176s][debug  ][gc,director    ] Select Minor GC Workers (Not Warm), GCWorkers: 5,000
[11,177s][debug  ][gc,director    ] Rule Minor: Allocation Rate (Dynamic GC Workers), MaxAllocRate: 407,0MB/s (+/-30,9%), Free: 13500MB, GCCPUTime: 1,537, GCDuration: 0,318s, TimeUntilOOM: 25,332s, TimeUntilGC: 25,014s, GCWorkers: 5
[11,177s][debug  ][gc,director    ] Select Minor GC Workers (Not Warm), GCWorkers: 5,000
[11,177s][debug  ][gc,director    ] Rule Minor: Allocation Rate (Dynamic GC Workers), MaxAllocRate: 1663,7MB/s (+/-30,9%), Free: 13500MB, GCCPUTime: 1,537, GCDuration: 0,318s, TimeUntilOOM: 6,197s, TimeUntilGC: 5,879s, GCWorkers: 5
[11,177s][debug  ][gc,director    ] Rule Minor: High Usage, Free: 13500MB(87,9%)
[11,187s][debug  ][gc,director    ] Rule Major: Warmup 30%, Used: 1824MB, UsedThreshold: 4608MB
[11,187s][debug  ][gc,director    ] Select Minor GC Workers (Not Warm), GCWorkers: 5,000
[11,187s][debug  ][gc,director    ] Rule Minor: Allocation Rate (Dynamic GC Workers), MaxAllocRate: 407,0MB/s (+/-30,9%), Free: 13494MB, GCCPUTime: 1,537, GCDuration: 0,318s, TimeUntilOOM: 25,321s, TimeUntilGC: 25,002s, GCWorkers: 5
[11,187s][debug  ][gc,director    ] Select Minor GC Workers (Not Warm), GCWorkers: 5,000
[11,187s][debug  ][gc,director    ] Rule Minor: Allocation Rate (Dynamic GC Workers), MaxAllocRate: 1663,7MB/s (+/-30,9%), Free: 13494MB, GCCPUTime: 1,537, GCDuration: 0,318s, TimeUntilOOM: 6,195s, TimeUntilGC: 5,876s, GCWorkers: 5
[11,187s][debug  ][gc,director    ] Rule Minor: High Usage, Free: 13494MB(87,9%)
[11,197s][debug  ][gc,director    ] Rule Major: Warmup 30%, Used: 1832MB, UsedThreshold: 4608MB
[11,197s][debug  ][gc,director    ] Select Minor GC Workers (Not Warm), GCWorkers: 5,000
[11,197s][debug  ][gc,director    ] Rule Minor: Allocation Rate (Dynamic GC Workers), MaxAllocRate: 407,0MB/s (+/-30,9%), Free: 13486MB, GCCPUTime: 1,537, GCDuration: 0,318s, TimeUntilOOM: 25,306s, TimeUntilGC: 24,987s, GCWorkers: 5
[11,197s][debug  ][gc,director    ] Select Minor GC Workers (Not Warm), GCWorkers: 5,000
[11,197s][debug  ][gc,director    ] Rule Minor: Allocation Rate (Dynamic GC Workers), MaxAllocRate: 1663,7MB/s (+/-30,9%), Free: 13486MB, GCCPUTime: 1,537, GCDuration: 0,318s, TimeUntilOOM: 6,191s, TimeUntilGC: 5,873s, GCWorkers: 5
[11,197s][debug  ][gc,director    ] Rule Minor: High Usage, Free: 13486MB(87,8%)
[11,207s][debug  ][gc,director    ] Rule Major: Warmup 30%, Used: 1838MB, UsedThreshold: 4608MB
[11,207s][debug  ][gc,director    ] Select Minor GC Workers (Not Warm), GCWorkers: 5,000
[11,207s][debug  ][gc,director    ] Rule Minor: Allocation Rate (Dynamic GC Workers), MaxAllocRate: 407,0MB/s (+/-30,9%), Free: 13480MB, GCCPUTime: 1,537, GCDuration: 0,318s, TimeUntilOOM: 25,295s, TimeUntilGC: 24,976s, GCWorkers: 5
[11,207s][debug  ][gc,director    ] Select Minor GC Workers (Not Warm), GCWorkers: 5,000
[11,207s][debug  ][gc,director    ] Rule Minor: Allocation Rate (Dynamic GC Workers), MaxAllocRate: 1663,7MB/s (+/-30,9%), Free: 13480MB, GCCPUTime: 1,537, GCDuration: 0,318s, TimeUntilOOM: 6,188s, TimeUntilGC: 5,870s, GCWorkers: 5
[11,207s][debug  ][gc,director    ] Rule Minor: High Usage, Free: 13480MB(87,8%)
[11,218s][debug  ][gc,director    ] Rule Major: Warmup 30%, Used: 1846MB, UsedThreshold: 4608MB
[11,218s][debug  ][gc,director    ] Select Minor GC Workers (Not Warm), GCWorkers: 5,000
[11,218s][debug  ][gc,director    ] Rule Minor: Allocation Rate (Dynamic GC Workers), MaxAllocRate: 407,0MB/s (+/-30,9%), Free: 13472MB, GCCPUTime: 1,537, GCDuration: 0,318s, TimeUntilOOM: 25,280s, TimeUntilGC: 24,961s, GCWorkers: 5
[11,218s][debug  ][gc,director    ] Select Minor GC Workers (Not Warm), GCWorkers: 5,000
[11,218s][debug  ][gc,director    ] Rule Minor: Allocation Rate (Dynamic GC Workers), MaxAllocRate: 1663,7MB/s (+/-30,9%), Free: 13472MB, GCCPUTime: 1,537, GCDuration: 0,318s, TimeUntilOOM: 6,185s, TimeUntilGC: 5,866s, GCWorkers: 5
[11,218s][debug  ][gc,director    ] Rule Minor: High Usage, Free: 13472MB(87,7%)
[11,228s][debug  ][gc,director    ] Rule Major: Warmup 30%, Used: 1852MB, UsedThreshold: 4608MB
[11,228s][debug  ][gc,director    ] Select Minor GC Workers (Not Warm), GCWorkers: 5,000
[11,228s][debug  ][gc,director    ] Rule Minor: Allocation Rate (Dynamic GC Workers), MaxAllocRate: 407,0MB/s (+/-30,9%), Free: 13466MB, GCCPUTime: 1,537, GCDuration: 0,318s, TimeUntilOOM: 25,268s, TimeUntilGC: 24,950s, GCWorkers: 5
[11,228s][debug  ][gc,director    ] Select Minor GC Workers (Not Warm), GCWorkers: 5,000
[11,228s][debug  ][gc,director    ] Rule Minor: Allocation Rate (Dynamic GC Workers), MaxAllocRate: 1663,7MB/s (+/-30,9%), Free: 13466MB, GCCPUTime: 1,537, GCDuration: 0,318s, TimeUntilOOM: 6,182s, TimeUntilGC: 5,863s, GCWorkers: 5
[11,228s][debug  ][gc,director    ] Rule Minor: High Usage, Free: 13466MB(87,7%)
[11,238s][debug  ][gc,director    ] Rule Major: Warmup 30%, Used: 1860MB, UsedThreshold: 4608MB
[11,238s][debug  ][gc,director    ] Select Minor GC Workers (Not Warm), GCWorkers: 5,000
[11,238s][debug  ][gc,director    ] Rule Minor: Allocation Rate (Dynamic GC Workers), MaxAllocRate: 407,0MB/s (+/-30,9%), Free: 13458MB, GCCPUTime: 1,537, GCDuration: 0,318s, TimeUntilOOM: 25,253s, TimeUntilGC: 24,935s, GCWorkers: 5
[11,238s][debug  ][gc,director    ] Select Minor GC Workers (Not Warm), GCWorkers: 5,000
[11,238s][debug  ][gc,director    ] Rule Minor: Allocation Rate (Dynamic GC Workers), MaxAllocRate: 1663,7MB/s (+/-30,9%), Free: 13458MB, GCCPUTime: 1,537, GCDuration: 0,318s, TimeUntilOOM: 6,178s, TimeUntilGC: 5,860s, GCWorkers: 5
[11,238s][debug  ][gc,director    ] Rule Minor: High Usage, Free: 13458MB(87,6%)
[11,248s][debug  ][gc,director    ] Rule Major: Warmup 30%, Used: 1866MB, UsedThreshold: 4608MB
[11,248s][debug  ][gc,director    ] Select Minor GC Workers (Not Warm), GCWorkers: 5,000
[11,248s][debug  ][gc,director    ] Rule Minor: Allocation Rate (Dynamic GC Workers), MaxAllocRate: 407,0MB/s (+/-30,9%), Free: 13452MB, GCCPUTime: 1,537, GCDuration: 0,318s, TimeUntilOOM: 25,242s, TimeUntilGC: 24,924s, GCWorkers: 5
[11,248s][debug  ][gc,director    ] Select Minor GC Workers (Not Warm), GCWorkers: 5,000
[11,248s][debug  ][gc,director    ] Rule Minor: Allocation Rate (Dynamic GC Workers), MaxAllocRate: 1663,7MB/s (+/-30,9%), Free: 13452MB, GCCPUTime: 1,537, GCDuration: 0,318s, TimeUntilOOM: 6,175s, TimeUntilGC: 5,857s, GCWorkers: 5
[11,249s][debug  ][gc,director    ] Rule Minor: High Usage, Free: 13452MB(87,6%)
[11,253s][debug  ][gc,nmethod     ] Register NMethod: io.sirix.access.trx.page.NodePageTrx$$Lambda/0x000000008036b078.apply (0x00007f77ef2d3110) [0x00007f77ef2d32c0, 0x00007f77ef2d34b0] Compiler: c2, Barriers: 2, Oops: 1, ImmediateOops: 0, NonImmediateOops: No
[11,259s][debug  ][gc,director    ] Rule Major: Warmup 30%, Used: 1874MB, UsedThreshold: 4608MB
[11,259s][debug  ][gc,director    ] Select Minor GC Workers (Not Warm), GCWorkers: 5,000
[11,259s][debug  ][gc,director    ] Rule Minor: Allocation Rate (Dynamic GC Workers), MaxAllocRate: 407,0MB/s (+/-30,9%), Free: 13444MB, GCCPUTime: 1,537, GCDuration: 0,318s, TimeUntilOOM: 25,227s, TimeUntilGC: 24,909s, GCWorkers: 5
[11,259s][debug  ][gc,director    ] Select Minor GC Workers (Not Warm), GCWorkers: 5,000
[11,259s][debug  ][gc,director    ] Rule Minor: Allocation Rate (Dynamic GC Workers), MaxAllocRate: 1663,7MB/s (+/-30,9%), Free: 13444MB, GCCPUTime: 1,537, GCDuration: 0,318s, TimeUntilOOM: 6,172s, TimeUntilGC: 5,853s, GCWorkers: 5
[11,259s][debug  ][gc,director    ] Rule Minor: High Usage, Free: 13444MB(87,5%)
[11,261s][debug  ][gc,alloc       ] Mutator Allocation Rate: 585,9MB/s Predicted: 630,5MB/s, Avg: 410,7(+/-127,2)MB/s
[11,261s][debug  ][gc,director    ] Rule Major: Warmup 30%, Used: 1876MB, UsedThreshold: 4608MB
[11,261s][debug  ][gc,director    ] Select Minor GC Workers (Not Warm), GCWorkers: 5,000
[11,261s][debug  ][gc,director    ] Rule Minor: Allocation Rate (Dynamic GC Workers), MaxAllocRate: 410,7MB/s (+/-31,0%), Free: 13442MB, GCCPUTime: 1,537, GCDuration: 0,318s, TimeUntilOOM: 24,989s, TimeUntilGC: 24,670s, GCWorkers: 5
[11,261s][debug  ][gc,director    ] Select Minor GC Workers (Not Warm), GCWorkers: 5,000
[11,261s][debug  ][gc,director    ] Rule Minor: Allocation Rate (Dynamic GC Workers), MaxAllocRate: 1679,5MB/s (+/-31,0%), Free: 13442MB, GCCPUTime: 1,537, GCDuration: 0,318s, TimeUntilOOM: 6,111s, TimeUntilGC: 5,793s, GCWorkers: 5
[11,261s][debug  ][gc,director    ] Rule Minor: High Usage, Free: 13442MB(87,5%)
[11,271s][debug  ][gc,director    ] Rule Major: Warmup 30%, Used: 1882MB, UsedThreshold: 4608MB
[11,271s][debug  ][gc,director    ] Select Minor GC Workers (Not Warm), GCWorkers: 5,000
[11,271s][debug  ][gc,director    ] Rule Minor: Allocation Rate (Dynamic GC Workers), MaxAllocRate: 410,7MB/s (+/-31,0%), Free: 13436MB, GCCPUTime: 1,537, GCDuration: 0,318s, TimeUntilOOM: 24,978s, TimeUntilGC: 24,659s, GCWorkers: 5
[11,271s][debug  ][gc,director    ] Select Minor GC Workers (Not Warm), GCWorkers: 5,000
[11,271s][debug  ][gc,director    ] Rule Minor: Allocation Rate (Dynamic GC Workers), MaxAllocRate: 1679,5MB/s (+/-31,0%), Free: 13436MB, GCCPUTime: 1,537, GCDuration: 0,318s, TimeUntilOOM: 6,108s, TimeUntilGC: 5,790s, GCWorkers: 5
[11,271s][debug  ][gc,director    ] Rule Minor: High Usage, Free: 13436MB(87,5%)
[11,281s][debug  ][gc,director    ] Rule Major: Warmup 30%, Used: 1890MB, UsedThreshold: 4608MB
[11,281s][debug  ][gc,director    ] Select Minor GC Workers (Not Warm), GCWorkers: 5,000
[11,281s][debug  ][gc,director    ] Rule Minor: Allocation Rate (Dynamic GC Workers), MaxAllocRate: 410,7MB/s (+/-31,0%), Free: 13428MB, GCCPUTime: 1,537, GCDuration: 0,318s, TimeUntilOOM: 24,963s, TimeUntilGC: 24,644s, GCWorkers: 5
[11,282s][debug  ][gc,director    ] Select Minor GC Workers (Not Warm), GCWorkers: 5,000
[11,282s][debug  ][gc,director    ] Rule Minor: Allocation Rate (Dynamic GC Workers), MaxAllocRate: 1679,5MB/s (+/-31,0%), Free: 13428MB, GCCPUTime: 1,537, GCDuration: 0,318s, TimeUntilOOM: 6,105s, TimeUntilGC: 5,786s, GCWorkers: 5
[11,282s][debug  ][gc,director    ] Rule Minor: High Usage, Free: 13428MB(87,4%)
[11,292s][debug  ][gc,director    ] Rule Major: Warmup 30%, Used: 1896MB, UsedThreshold: 4608MB
[11,292s][debug  ][gc,director    ] Select Minor GC Workers (Not Warm), GCWorkers: 5,000
[11,292s][debug  ][gc,director    ] Rule Minor: Allocation Rate (Dynamic GC Workers), MaxAllocRate: 410,7MB/s (+/-31,0%), Free: 13422MB, GCCPUTime: 1,537, GCDuration: 0,318s, TimeUntilOOM: 24,952s, TimeUntilGC: 24,633s, GCWorkers: 5
[11,292s][debug  ][gc,director    ] Select Minor GC Workers (Not Warm), GCWorkers: 5,000
[11,292s][debug  ][gc,director    ] Rule Minor: Allocation Rate (Dynamic GC Workers), MaxAllocRate: 1679,5MB/s (+/-31,0%), Free: 13422MB, GCCPUTime: 1,537, GCDuration: 0,318s, TimeUntilOOM: 6,102s, TimeUntilGC: 5,784s, GCWorkers: 5
[11,292s][debug  ][gc,director    ] Rule Minor: High Usage, Free: 13422MB(87,4%)
[11,302s][debug  ][gc,director    ] Rule Major: Warmup 30%, Used: 1902MB, UsedThreshold: 4608MB
[11,302s][debug  ][gc,director    ] Select Minor GC Workers (Not Warm), GCWorkers: 5,000
[11,302s][debug  ][gc,director    ] Rule Minor: Allocation Rate (Dynamic GC Workers), MaxAllocRate: 410,7MB/s (+/-31,0%), Free: 13416MB, GCCPUTime: 1,537, GCDuration: 0,318s, TimeUntilOOM: 24,940s, TimeUntilGC: 24,622s, GCWorkers: 5
[11,302s][debug  ][gc,director    ] Select Minor GC Workers (Not Warm), GCWorkers: 5,000
[11,302s][debug  ][gc,director    ] Rule Minor: Allocation Rate (Dynamic GC Workers), MaxAllocRate: 1679,5MB/s (+/-31,0%), Free: 13416MB, GCCPUTime: 1,537, GCDuration: 0,318s, TimeUntilOOM: 6,099s, TimeUntilGC: 5,781s, GCWorkers: 5
[11,302s][debug  ][gc,director    ] Rule Minor: High Usage, Free: 13416MB(87,3%)
[11,312s][debug  ][gc,director    ] Rule Major: Warmup 30%, Used: 1910MB, UsedThreshold: 4608MB
[11,312s][debug  ][gc,director    ] Select Minor GC Workers (Not Warm), GCWorkers: 5,000
[11,312s][debug  ][gc,director    ] Rule Minor: Allocation Rate (Dynamic GC Workers), MaxAllocRate: 410,7MB/s (+/-31,0%), Free: 13408MB, GCCPUTime: 1,537, GCDuration: 0,318s, TimeUntilOOM: 24,925s, TimeUntilGC: 24,607s, GCWorkers: 5
[11,312s][debug  ][gc,director    ] Select Minor GC Workers (Not Warm), GCWorkers: 5,000
[11,312s][debug  ][gc,director    ] Rule Minor: Allocation Rate (Dynamic GC Workers), MaxAllocRate: 1679,5MB/s (+/-31,0%), Free: 13408MB, GCCPUTime: 1,537, GCDuration: 0,318s, TimeUntilOOM: 6,096s, TimeUntilGC: 5,777s, GCWorkers: 5
[11,312s][debug  ][gc,director    ] Rule Minor: High Usage, Free: 13408MB(87,3%)
[11,322s][debug  ][gc,director    ] Rule Major: Warmup 30%, Used: 1916MB, UsedThreshold: 4608MB
[11,322s][debug  ][gc,director    ] Select Minor GC Workers (Not Warm), GCWorkers: 5,000
[11,322s][debug  ][gc,director    ] Rule Minor: Allocation Rate (Dynamic GC Workers), MaxAllocRate: 410,7MB/s (+/-31,0%), Free: 13402MB, GCCPUTime: 1,537, GCDuration: 0,318s, TimeUntilOOM: 24,914s, TimeUntilGC: 24,596s, GCWorkers: 5
[11,323s][debug  ][gc,director    ] Select Minor GC Workers (Not Warm), GCWorkers: 5,000
[11,323s][debug  ][gc,director    ] Rule Minor: Allocation Rate (Dynamic GC Workers), MaxAllocRate: 1679,5MB/s (+/-31,0%), Free: 13402MB, GCCPUTime: 1,537, GCDuration: 0,318s, TimeUntilOOM: 6,093s, TimeUntilGC: 5,775s, GCWorkers: 5
[11,323s][debug  ][gc,director    ] Rule Minor: High Usage, Free: 13402MB(87,3%)
[11,333s][debug  ][gc,director    ] Rule Major: Warmup 30%, Used: 1924MB, UsedThreshold: 4608MB
[11,333s][debug  ][gc,director    ] Select Minor GC Workers (Not Warm), GCWorkers: 5,000
[11,333s][debug  ][gc,director    ] Rule Minor: Allocation Rate (Dynamic GC Workers), MaxAllocRate: 410,7MB/s (+/-31,0%), Free: 13394MB, GCCPUTime: 1,537, GCDuration: 0,318s, TimeUntilOOM: 24,899s, TimeUntilGC: 24,581s, GCWorkers: 5
[11,333s][debug  ][gc,director    ] Select Minor GC Workers (Not Warm), GCWorkers: 5,000
[11,333s][debug  ][gc,director    ] Rule Minor: Allocation Rate (Dynamic GC Workers), MaxAllocRate: 1679,5MB/s (+/-31,0%), Free: 13394MB, GCCPUTime: 1,537, GCDuration: 0,318s, TimeUntilOOM: 6,089s, TimeUntilGC: 5,771s, GCWorkers: 5
[11,333s][debug  ][gc,director    ] Rule Minor: High Usage, Free: 13394MB(87,2%)
[11,343s][debug  ][gc,director    ] Rule Major: Warmup 30%, Used: 1930MB, UsedThreshold: 4608MB
[11,343s][debug  ][gc,director    ] Select Minor GC Workers (Not Warm), GCWorkers: 5,000
[11,343s][debug  ][gc,director    ] Rule Minor: Allocation Rate (Dynamic GC Workers), MaxAllocRate: 410,7MB/s (+/-31,0%), Free: 13388MB, GCCPUTime: 1,537, GCDuration: 0,318s, TimeUntilOOM: 24,888s, TimeUntilGC: 24,570s, GCWorkers: 5
[11,343s][debug  ][gc,director    ] Select Minor GC Workers (Not Warm), GCWorkers: 5,000
[11,343s][debug  ][gc,director    ] Rule Minor: Allocation Rate (Dynamic GC Workers), MaxAllocRate: 1679,5MB/s (+/-31,0%), Free: 13388MB, GCCPUTime: 1,537, GCDuration: 0,318s, TimeUntilOOM: 6,087s, TimeUntilGC: 5,768s, GCWorkers: 5
[11,343s][debug  ][gc,director    ] Rule Minor: High Usage, Free: 13388MB(87,2%)
[11,353s][debug  ][gc,director    ] Rule Major: Warmup 30%, Used: 1938MB, UsedThreshold: 4608MB
[11,353s][debug  ][gc,director    ] Select Minor GC Workers (Not Warm), GCWorkers: 5,000
[11,353s][debug  ][gc,director    ] Rule Minor: Allocation Rate (Dynamic GC Workers), MaxAllocRate: 410,7MB/s (+/-31,0%), Free: 13380MB, GCCPUTime: 1,537, GCDuration: 0,318s, TimeUntilOOM: 24,873s, TimeUntilGC: 24,555s, GCWorkers: 5
[11,353s][debug  ][gc,director    ] Select Minor GC Workers (Not Warm), GCWorkers: 5,000
[11,353s][debug  ][gc,director    ] Rule Minor: Allocation Rate (Dynamic GC Workers), MaxAllocRate: 1679,5MB/s (+/-31,0%), Free: 13380MB, GCCPUTime: 1,537, GCDuration: 0,318s, TimeUntilOOM: 6,083s, TimeUntilGC: 5,765s, GCWorkers: 5
[11,353s][debug  ][gc,director    ] Rule Minor: High Usage, Free: 13380MB(87,1%)
[11,363s][debug  ][gc,director    ] Rule Major: Warmup 30%, Used: 1944MB, UsedThreshold: 4608MB
[11,363s][debug  ][gc,director    ] Select Minor GC Workers (Not Warm), GCWorkers: 5,000
[11,363s][debug  ][gc,director    ] Rule Minor: Allocation Rate (Dynamic GC Workers), MaxAllocRate: 410,7MB/s (+/-31,0%), Free: 13374MB, GCCPUTime: 1,537, GCDuration: 0,318s, TimeUntilOOM: 24,862s, TimeUntilGC: 24,544s, GCWorkers: 5
[11,363s][debug  ][gc,director    ] Select Minor GC Workers (Not Warm), GCWorkers: 5,000
[11,363s][debug  ][gc,director    ] Rule Minor: Allocation Rate (Dynamic GC Workers), MaxAllocRate: 1679,5MB/s (+/-31,0%), Free: 13374MB, GCCPUTime: 1,537, GCDuration: 0,318s, TimeUntilOOM: 6,080s, TimeUntilGC: 5,762s, GCWorkers: 5
[11,363s][debug  ][gc,director    ] Rule Minor: High Usage, Free: 13374MB(87,1%)
[11,374s][debug  ][gc,director    ] Rule Major: Warmup 30%, Used: 1950MB, UsedThreshold: 4608MB
[11,374s][debug  ][gc,director    ] Select Minor GC Workers (Not Warm), GCWorkers: 5,000
[11,374s][debug  ][gc,director    ] Rule Minor: Allocation Rate (Dynamic GC Workers), MaxAllocRate: 410,7MB/s (+/-31,0%), Free: 13368MB, GCCPUTime: 1,537, GCDuration: 0,318s, TimeUntilOOM: 24,851s, TimeUntilGC: 24,533s, GCWorkers: 5
[11,374s][debug  ][gc,director    ] Select Minor GC Workers (Not Warm), GCWorkers: 5,000
[11,374s][debug  ][gc,director    ] Rule Minor: Allocation Rate (Dynamic GC Workers), MaxAllocRate: 1679,5MB/s (+/-31,0%), Free: 13368MB, GCCPUTime: 1,537, GCDuration: 0,318s, TimeUntilOOM: 6,077s, TimeUntilGC: 5,759s, GCWorkers: 5
[11,374s][debug  ][gc,director    ] Rule Minor: High Usage, Free: 13368MB(87,0%)
[11,384s][debug  ][gc,director    ] Rule Major: Warmup 30%, Used: 1958MB, UsedThreshold: 4608MB
[11,384s][debug  ][gc,director    ] Select Minor GC Workers (Not Warm), GCWorkers: 5,000
[11,384s][debug  ][gc,director    ] Rule Minor: Allocation Rate (Dynamic GC Workers), MaxAllocRate: 410,7MB/s (+/-31,0%), Free: 13360MB, GCCPUTime: 1,537, GCDuration: 0,318s, TimeUntilOOM: 24,836s, TimeUntilGC: 24,518s, GCWorkers: 5
[11,384s][debug  ][gc,director    ] Select Minor GC Workers (Not Warm), GCWorkers: 5,000
[11,384s][debug  ][gc,director    ] Rule Minor: Allocation Rate (Dynamic GC Workers), MaxAllocRate: 1679,5MB/s (+/-31,0%), Free: 13360MB, GCCPUTime: 1,537, GCDuration: 0,318s, TimeUntilOOM: 6,074s, TimeUntilGC: 5,755s, GCWorkers: 5
[11,384s][debug  ][gc,director    ] Rule Minor: High Usage, Free: 13360MB(87,0%)
[11,394s][debug  ][gc,director    ] Rule Major: Warmup 30%, Used: 1964MB, UsedThreshold: 4608MB
[11,394s][debug  ][gc,director    ] Select Minor GC Workers (Not Warm), GCWorkers: 5,000
[11,394s][debug  ][gc,director    ] Rule Minor: Allocation Rate (Dynamic GC Workers), MaxAllocRate: 410,7MB/s (+/-31,0%), Free: 13354MB, GCCPUTime: 1,537, GCDuration: 0,318s, TimeUntilOOM: 24,825s, TimeUntilGC: 24,507s, GCWorkers: 5
[11,394s][debug  ][gc,director    ] Select Minor GC Workers (Not Warm), GCWorkers: 5,000
[11,394s][debug  ][gc,director    ] Rule Minor: Allocation Rate (Dynamic GC Workers), MaxAllocRate: 1679,5MB/s (+/-31,0%), Free: 13354MB, GCCPUTime: 1,537, GCDuration: 0,318s, TimeUntilOOM: 6,071s, TimeUntilGC: 5,753s, GCWorkers: 5
[11,394s][debug  ][gc,director    ] Rule Minor: High Usage, Free: 13354MB(86,9%)
[11,404s][debug  ][gc,director    ] Rule Major: Warmup 30%, Used: 1972MB, UsedThreshold: 4608MB
[11,404s][debug  ][gc,director    ] Select Minor GC Workers (Not Warm), GCWorkers: 5,000
[11,404s][debug  ][gc,director    ] Rule Minor: Allocation Rate (Dynamic GC Workers), MaxAllocRate: 410,7MB/s (+/-31,0%), Free: 13346MB, GCCPUTime: 1,537, GCDuration: 0,318s, TimeUntilOOM: 24,810s, TimeUntilGC: 24,492s, GCWorkers: 5
[11,404s][debug  ][gc,director    ] Select Minor GC Workers (Not Warm), GCWorkers: 5,000
[11,404s][debug  ][gc,director    ] Rule Minor: Allocation Rate (Dynamic GC Workers), MaxAllocRate: 1679,5MB/s (+/-31,0%), Free: 13346MB, GCCPUTime: 1,537, GCDuration: 0,318s, TimeUntilOOM: 6,067s, TimeUntilGC: 5,749s, GCWorkers: 5
[11,404s][debug  ][gc,director    ] Rule Minor: High Usage, Free: 13346MB(86,9%)
[11,415s][debug  ][gc,director    ] Rule Major: Warmup 30%, Used: 1978MB, UsedThreshold: 4608MB
[11,415s][debug  ][gc,director    ] Select Minor GC Workers (Not Warm), GCWorkers: 5,000
[11,415s][debug  ][gc,director    ] Rule Minor: Allocation Rate (Dynamic GC Workers), MaxAllocRate: 410,7MB/s (+/-31,0%), Free: 13340MB, GCCPUTime: 1,537, GCDuration: 0,318s, TimeUntilOOM: 24,799s, TimeUntilGC: 24,481s, GCWorkers: 5
[11,415s][debug  ][gc,director    ] Select Minor GC Workers (Not Warm), GCWorkers: 5,000
[11,415s][debug  ][gc,director    ] Rule Minor: Allocation Rate (Dynamic GC Workers), MaxAllocRate: 1679,5MB/s (+/-31,0%), Free: 13340MB, GCCPUTime: 1,537, GCDuration: 0,318s, TimeUntilOOM: 6,065s, TimeUntilGC: 5,746s, GCWorkers: 5
[11,415s][debug  ][gc,director    ] Rule Minor: High Usage, Free: 13340MB(86,8%)
[11,425s][debug  ][gc,director    ] Rule Major: Warmup 30%, Used: 1986MB, UsedThreshold: 4608MB
[11,425s][debug  ][gc,director    ] Select Minor GC Workers (Not Warm), GCWorkers: 5,000
[11,425s][debug  ][gc,director    ] Rule Minor: Allocation Rate (Dynamic GC Workers), MaxAllocRate: 410,7MB/s (+/-31,0%), Free: 13332MB, GCCPUTime: 1,537, GCDuration: 0,318s, TimeUntilOOM: 24,784s, TimeUntilGC: 24,466s, GCWorkers: 5
[11,425s][debug  ][gc,director    ] Select Minor GC Workers (Not Warm), GCWorkers: 5,000
[11,425s][debug  ][gc,director    ] Rule Minor: Allocation Rate (Dynamic GC Workers), MaxAllocRate: 1679,5MB/s (+/-31,0%), Free: 13332MB, GCCPUTime: 1,537, GCDuration: 0,318s, TimeUntilOOM: 6,061s, TimeUntilGC: 5,743s, GCWorkers: 5
[11,425s][debug  ][gc,director    ] Rule Minor: High Usage, Free: 13332MB(86,8%)
[11,435s][debug  ][gc,director    ] Rule Major: Warmup 30%, Used: 1992MB, UsedThreshold: 4608MB
[11,435s][debug  ][gc,director    ] Select Minor GC Workers (Not Warm), GCWorkers: 5,000
[11,435s][debug  ][gc,director    ] Rule Minor: Allocation Rate (Dynamic GC Workers), MaxAllocRate: 410,7MB/s (+/-31,0%), Free: 13326MB, GCCPUTime: 1,537, GCDuration: 0,318s, TimeUntilOOM: 24,773s, TimeUntilGC: 24,455s, GCWorkers: 5
[11,435s][debug  ][gc,director    ] Select Minor GC Workers (Not Warm), GCWorkers: 5,000
[11,435s][debug  ][gc,director    ] Rule Minor: Allocation Rate (Dynamic GC Workers), MaxAllocRate: 1679,5MB/s (+/-31,0%), Free: 13326MB, GCCPUTime: 1,537, GCDuration: 0,318s, TimeUntilOOM: 6,058s, TimeUntilGC: 5,740s, GCWorkers: 5
[11,435s][debug  ][gc,director    ] Rule Minor: High Usage, Free: 13326MB(86,8%)
[11,438s][debug  ][gc,alloc       ] Mutator Allocation Rate: 587,5MB/s Predicted: 636,0MB/s, Avg: 414,3(+/-128,3)MB/s
[11,438s][debug  ][gc,director    ] Rule Major: Warmup 30%, Used: 1996MB, UsedThreshold: 4608MB
[11,438s][debug  ][gc,director    ] Select Minor GC Workers (Not Warm), GCWorkers: 5,000
[11,438s][debug  ][gc,director    ] Rule Minor: Allocation Rate (Dynamic GC Workers), MaxAllocRate: 414,3MB/s (+/-31,0%), Free: 13322MB, GCCPUTime: 1,537, GCDuration: 0,318s, TimeUntilOOM: 24,548s, TimeUntilGC: 24,230s, GCWorkers: 5
[11,438s][debug  ][gc,director    ] Select Minor GC Workers (Not Warm), GCWorkers: 5,000
[11,438s][debug  ][gc,director    ] Rule Minor: Allocation Rate (Dynamic GC Workers), MaxAllocRate: 1694,2MB/s (+/-31,0%), Free: 13322MB, GCCPUTime: 1,537, GCDuration: 0,318s, TimeUntilOOM: 6,004s, TimeUntilGC: 5,685s, GCWorkers: 5
[11,438s][debug  ][gc,director    ] Rule Minor: High Usage, Free: 13322MB(86,7%)
[11,449s][debug  ][gc,director    ] Rule Major: Warmup 30%, Used: 2002MB, UsedThreshold: 4608MB
[11,449s][debug  ][gc,director    ] Select Minor GC Workers (Not Warm), GCWorkers: 5,000
[11,449s][debug  ][gc,director    ] Rule Minor: Allocation Rate (Dynamic GC Workers), MaxAllocRate: 414,3MB/s (+/-31,0%), Free: 13316MB, GCCPUTime: 1,537, GCDuration: 0,318s, TimeUntilOOM: 24,537s, TimeUntilGC: 24,219s, GCWorkers: 5
[11,449s][debug  ][gc,director    ] Select Minor GC Workers (Not Warm), GCWorkers: 5,000
[11,449s][debug  ][gc,director    ] Rule Minor: Allocation Rate (Dynamic GC Workers), MaxAllocRate: 1694,2MB/s (+/-31,0%), Free: 13316MB, GCCPUTime: 1,537, GCDuration: 0,318s, TimeUntilOOM: 6,001s, TimeUntilGC: 5,682s, GCWorkers: 5
[11,449s][debug  ][gc,director    ] Rule Minor: High Usage, Free: 13316MB(86,7%)
[11,459s][debug  ][gc,director    ] Rule Major: Warmup 30%, Used: 2010MB, UsedThreshold: 4608MB
[11,459s][debug  ][gc,director    ] Select Minor GC Workers (Not Warm), GCWorkers: 5,000
[11,459s][debug  ][gc,director    ] Rule Minor: Allocation Rate (Dynamic GC Workers), MaxAllocRate: 414,3MB/s (+/-31,0%), Free: 13308MB, GCCPUTime: 1,537, GCDuration: 0,318s, TimeUntilOOM: 24,523s, TimeUntilGC: 24,204s, GCWorkers: 5
[11,459s][debug  ][gc,director    ] Select Minor GC Workers (Not Warm), GCWorkers: 5,000
[11,459s][debug  ][gc,director    ] Rule Minor: Allocation Rate (Dynamic GC Workers), MaxAllocRate: 1694,2MB/s (+/-31,0%), Free: 13308MB, GCCPUTime: 1,537, GCDuration: 0,318s, TimeUntilOOM: 5,997s, TimeUntilGC: 5,679s, GCWorkers: 5
[11,459s][debug  ][gc,director    ] Rule Minor: High Usage, Free: 13308MB(86,6%)
[11,469s][debug  ][gc,director    ] Rule Major: Warmup 30%, Used: 2016MB, UsedThreshold: 4608MB
[11,469s][debug  ][gc,director    ] Select Minor GC Workers (Not Warm), GCWorkers: 5,000
[11,469s][debug  ][gc,director    ] Rule Minor: Allocation Rate (Dynamic GC Workers), MaxAllocRate: 414,3MB/s (+/-31,0%), Free: 13302MB, GCCPUTime: 1,537, GCDuration: 0,318s, TimeUntilOOM: 24,511s, TimeUntilGC: 24,193s, GCWorkers: 5
[11,469s][debug  ][gc,director    ] Select Minor GC Workers (Not Warm), GCWorkers: 5,000
[11,469s][debug  ][gc,director    ] Rule Minor: Allocation Rate (Dynamic GC Workers), MaxAllocRate: 1694,2MB/s (+/-31,0%), Free: 13302MB, GCCPUTime: 1,537, GCDuration: 0,318s, TimeUntilOOM: 5,995s, TimeUntilGC: 5,676s, GCWorkers: 5
[11,469s][debug  ][gc,director    ] Rule Minor: High Usage, Free: 13302MB(86,6%)
[11,479s][debug  ][gc,director    ] Rule Major: Warmup 30%, Used: 2024MB, UsedThreshold: 4608MB
[11,479s][debug  ][gc,director    ] Select Minor GC Workers (Not Warm), GCWorkers: 5,000
[11,479s][debug  ][gc,director    ] Rule Minor: Allocation Rate (Dynamic GC Workers), MaxAllocRate: 414,3MB/s (+/-31,0%), Free: 13294MB, GCCPUTime: 1,537, GCDuration: 0,318s, TimeUntilOOM: 24,497s, TimeUntilGC: 24,178s, GCWorkers: 5
[11,479s][debug  ][gc,director    ] Select Minor GC Workers (Not Warm), GCWorkers: 5,000
[11,479s][debug  ][gc,director    ] Rule Minor: Allocation Rate (Dynamic GC Workers), MaxAllocRate: 1694,2MB/s (+/-31,0%), Free: 13294MB, GCCPUTime: 1,537, GCDuration: 0,318s, TimeUntilOOM: 5,991s, TimeUntilGC: 5,673s, GCWorkers: 5
[11,479s][debug  ][gc,director    ] Rule Minor: High Usage, Free: 13294MB(86,5%)
[11,490s][debug  ][gc,director    ] Rule Major: Warmup 30%, Used: 2030MB, UsedThreshold: 4608MB
[11,490s][debug  ][gc,director    ] Select Minor GC Workers (Not Warm), GCWorkers: 5,000
[11,490s][debug  ][gc,director    ] Rule Minor: Allocation Rate (Dynamic GC Workers), MaxAllocRate: 414,3MB/s (+/-31,0%), Free: 13288MB, GCCPUTime: 1,537, GCDuration: 0,318s, TimeUntilOOM: 24,486s, TimeUntilGC: 24,167s, GCWorkers: 5
[11,490s][debug  ][gc,director    ] Select Minor GC Workers (Not Warm), GCWorkers: 5,000
[11,490s][debug  ][gc,director    ] Rule Minor: Allocation Rate (Dynamic GC Workers), MaxAllocRate: 1694,2MB/s (+/-31,0%), Free: 13288MB, GCCPUTime: 1,537, GCDuration: 0,318s, TimeUntilOOM: 5,988s, TimeUntilGC: 5,670s, GCWorkers: 5
[11,490s][debug  ][gc,director    ] Rule Minor: High Usage, Free: 13288MB(86,5%)
[11,500s][debug  ][gc,director    ] Rule Major: Warmup 30%, Used: 2038MB, UsedThreshold: 4608MB
[11,500s][debug  ][gc,director    ] Select Minor GC Workers (Not Warm), GCWorkers: 5,000
[11,500s][debug  ][gc,director    ] Rule Minor: Allocation Rate (Dynamic GC Workers), MaxAllocRate: 414,3MB/s (+/-31,0%), Free: 13280MB, GCCPUTime: 1,537, GCDuration: 0,318s, TimeUntilOOM: 24,471s, TimeUntilGC: 24,153s, GCWorkers: 5
[11,500s][debug  ][gc,director    ] Select Minor GC Workers (Not Warm), GCWorkers: 5,000
[11,500s][debug  ][gc,director    ] Rule Minor: Allocation Rate (Dynamic GC Workers), MaxAllocRate: 1694,2MB/s (+/-31,0%), Free: 13280MB, GCCPUTime: 1,537, GCDuration: 0,318s, TimeUntilOOM: 5,985s, TimeUntilGC: 5,666s, GCWorkers: 5
[11,500s][debug  ][gc,director    ] Rule Minor: High Usage, Free: 13280MB(86,5%)
[11,510s][debug  ][gc,director    ] Rule Major: Warmup 30%, Used: 2044MB, UsedThreshold: 4608MB
[11,510s][debug  ][gc,director    ] Select Minor GC Workers (Not Warm), GCWorkers: 5,000
[11,510s][debug  ][gc,director    ] Rule Minor: Allocation Rate (Dynamic GC Workers), MaxAllocRate: 414,3MB/s (+/-31,0%), Free: 13274MB, GCCPUTime: 1,537, GCDuration: 0,318s, TimeUntilOOM: 24,460s, TimeUntilGC: 24,142s, GCWorkers: 5
[11,510s][debug  ][gc,director    ] Select Minor GC Workers (Not Warm), GCWorkers: 5,000
[11,510s][debug  ][gc,director    ] Rule Minor: Allocation Rate (Dynamic GC Workers), MaxAllocRate: 1694,2MB/s (+/-31,0%), Free: 13274MB, GCCPUTime: 1,537, GCDuration: 0,318s, TimeUntilOOM: 5,982s, TimeUntilGC: 5,664s, GCWorkers: 5
[11,510s][debug  ][gc,director    ] Rule Minor: High Usage, Free: 13274MB(86,4%)
[11,520s][debug  ][gc,director    ] Rule Major: Warmup 30%, Used: 2052MB, UsedThreshold: 4608MB
[11,520s][debug  ][gc,director    ] Select Minor GC Workers (Not Warm), GCWorkers: 5,000
[11,520s][debug  ][gc,director    ] Rule Minor: Allocation Rate (Dynamic GC Workers), MaxAllocRate: 414,3MB/s (+/-31,0%), Free: 13266MB, GCCPUTime: 1,537, GCDuration: 0,318s, TimeUntilOOM: 24,445s, TimeUntilGC: 24,127s, GCWorkers: 5
[11,520s][debug  ][gc,director    ] Select Minor GC Workers (Not Warm), GCWorkers: 5,000
[11,520s][debug  ][gc,director    ] Rule Minor: Allocation Rate (Dynamic GC Workers), MaxAllocRate: 1694,2MB/s (+/-31,0%), Free: 13266MB, GCCPUTime: 1,537, GCDuration: 0,318s, TimeUntilOOM: 5,978s, TimeUntilGC: 5,660s, GCWorkers: 5
[11,520s][debug  ][gc,director    ] Rule Minor: High Usage, Free: 13266MB(86,4%)
[11,531s][debug  ][gc,director    ] Rule Major: Warmup 30%, Used: 2058MB, UsedThreshold: 4608MB
[11,531s][debug  ][gc,director    ] Select Minor GC Workers (Not Warm), GCWorkers: 5,000
[11,531s][debug  ][gc,director    ] Rule Minor: Allocation Rate (Dynamic GC Workers), MaxAllocRate: 414,3MB/s (+/-31,0%), Free: 13260MB, GCCPUTime: 1,537, GCDuration: 0,318s, TimeUntilOOM: 24,434s, TimeUntilGC: 24,116s, GCWorkers: 5
[11,531s][debug  ][gc,director    ] Select Minor GC Workers (Not Warm), GCWorkers: 5,000
[11,531s][debug  ][gc,director    ] Rule Minor: Allocation Rate (Dynamic GC Workers), MaxAllocRate: 1694,2MB/s (+/-31,0%), Free: 13260MB, GCCPUTime: 1,537, GCDuration: 0,318s, TimeUntilOOM: 5,976s, TimeUntilGC: 5,657s, GCWorkers: 5
[11,531s][debug  ][gc,director    ] Rule Minor: High Usage, Free: 13260MB(86,3%)
[11,541s][debug  ][gc,director    ] Rule Major: Warmup 30%, Used: 2066MB, UsedThreshold: 4608MB
[11,541s][debug  ][gc,director    ] Select Minor GC Workers (Not Warm), GCWorkers: 5,000
[11,541s][debug  ][gc,director    ] Rule Minor: Allocation Rate (Dynamic GC Workers), MaxAllocRate: 414,3MB/s (+/-31,0%), Free: 13252MB, GCCPUTime: 1,537, GCDuration: 0,318s, TimeUntilOOM: 24,419s, TimeUntilGC: 24,101s, GCWorkers: 5
[11,541s][debug  ][gc,director    ] Select Minor GC Workers (Not Warm), GCWorkers: 5,000
[11,541s][debug  ][gc,director    ] Rule Minor: Allocation Rate (Dynamic GC Workers), MaxAllocRate: 1694,2MB/s (+/-31,0%), Free: 13252MB, GCCPUTime: 1,537, GCDuration: 0,318s, TimeUntilOOM: 5,972s, TimeUntilGC: 5,654s, GCWorkers: 5
[11,541s][debug  ][gc,director    ] Rule Minor: High Usage, Free: 13252MB(86,3%)
[11,551s][debug  ][gc,director    ] Rule Major: Warmup 30%, Used: 2072MB, UsedThreshold: 4608MB
[11,551s][debug  ][gc,director    ] Select Minor GC Workers (Not Warm), GCWorkers: 5,000
[11,551s][debug  ][gc,director    ] Rule Minor: Allocation Rate (Dynamic GC Workers), MaxAllocRate: 414,3MB/s (+/-31,0%), Free: 13246MB, GCCPUTime: 1,537, GCDuration: 0,318s, TimeUntilOOM: 24,408s, TimeUntilGC: 24,090s, GCWorkers: 5
[11,551s][debug  ][gc,director    ] Select Minor GC Workers (Not Warm), GCWorkers: 5,000
[11,551s][debug  ][gc,director    ] Rule Minor: Allocation Rate (Dynamic GC Workers), MaxAllocRate: 1694,2MB/s (+/-31,0%), Free: 13246MB, GCCPUTime: 1,537, GCDuration: 0,318s, TimeUntilOOM: 5,969s, TimeUntilGC: 5,651s, GCWorkers: 5
[11,551s][debug  ][gc,director    ] Rule Minor: High Usage, Free: 13246MB(86,2%)
[11,561s][debug  ][gc,director    ] Rule Major: Warmup 30%, Used: 2080MB, UsedThreshold: 4608MB
[11,561s][debug  ][gc,director    ] Select Minor GC Workers (Not Warm), GCWorkers: 5,000
[11,561s][debug  ][gc,director    ] Rule Minor: Allocation Rate (Dynamic GC Workers), MaxAllocRate: 414,3MB/s (+/-31,0%), Free: 13238MB, GCCPUTime: 1,537, GCDuration: 0,318s, TimeUntilOOM: 24,394s, TimeUntilGC: 24,075s, GCWorkers: 5
[11,561s][debug  ][gc,director    ] Select Minor GC Workers (Not Warm), GCWorkers: 5,000
[11,561s][debug  ][gc,director    ] Rule Minor: Allocation Rate (Dynamic GC Workers), MaxAllocRate: 1694,2MB/s (+/-31,0%), Free: 13238MB, GCCPUTime: 1,537, GCDuration: 0,318s, TimeUntilOOM: 5,966s, TimeUntilGC: 5,647s, GCWorkers: 5
[11,561s][debug  ][gc,director    ] Rule Minor: High Usage, Free: 13238MB(86,2%)
[11,571s][debug  ][gc,director    ] Rule Major: Warmup 30%, Used: 2086MB, UsedThreshold: 4608MB
[11,572s][debug  ][gc,director    ] Select Minor GC Workers (Not Warm), GCWorkers: 5,000
[11,572s][debug  ][gc,director    ] Rule Minor: Allocation Rate (Dynamic GC Workers), MaxAllocRate: 414,3MB/s (+/-31,0%), Free: 13232MB, GCCPUTime: 1,537, GCDuration: 0,318s, TimeUntilOOM: 24,383s, TimeUntilGC: 24,064s, GCWorkers: 5
[11,572s][debug  ][gc,director    ] Select Minor GC Workers (Not Warm), GCWorkers: 5,000
[11,572s][debug  ][gc,director    ] Rule Minor: Allocation Rate (Dynamic GC Workers), MaxAllocRate: 1694,2MB/s (+/-31,0%), Free: 13232MB, GCCPUTime: 1,537, GCDuration: 0,318s, TimeUntilOOM: 5,963s, TimeUntilGC: 5,645s, GCWorkers: 5
[11,572s][debug  ][gc,director    ] Rule Minor: High Usage, Free: 13232MB(86,1%)
[11,582s][debug  ][gc,director    ] Rule Major: Warmup 30%, Used: 2094MB, UsedThreshold: 4608MB
[11,582s][debug  ][gc,director    ] Select Minor GC Workers (Not Warm), GCWorkers: 5,000
[11,582s][debug  ][gc,director    ] Rule Minor: Allocation Rate (Dynamic GC Workers), MaxAllocRate: 414,3MB/s (+/-31,0%), Free: 13224MB, GCCPUTime: 1,537, GCDuration: 0,318s, TimeUntilOOM: 24,368s, TimeUntilGC: 24,049s, GCWorkers: 5
[11,582s][debug  ][gc,director    ] Select Minor GC Workers (Not Warm), GCWorkers: 5,000
[11,582s][debug  ][gc,director    ] Rule Minor: Allocation Rate (Dynamic GC Workers), MaxAllocRate: 1694,2MB/s (+/-31,0%), Free: 13224MB, GCCPUTime: 1,537, GCDuration: 0,318s, TimeUntilOOM: 5,959s, TimeUntilGC: 5,641s, GCWorkers: 5
[11,582s][debug  ][gc,director    ] Rule Minor: High Usage, Free: 13224MB(86,1%)
[11,592s][debug  ][gc,director    ] Rule Major: Warmup 30%, Used: 2100MB, UsedThreshold: 4608MB
[11,592s][debug  ][gc,director    ] Select Minor GC Workers (Not Warm), GCWorkers: 5,000
[11,592s][debug  ][gc,director    ] Rule Minor: Allocation Rate (Dynamic GC Workers), MaxAllocRate: 414,3MB/s (+/-31,0%), Free: 13218MB, GCCPUTime: 1,537, GCDuration: 0,318s, TimeUntilOOM: 24,357s, TimeUntilGC: 24,038s, GCWorkers: 5
[11,592s][debug  ][gc,director    ] Select Minor GC Workers (Not Warm), GCWorkers: 5,000
[11,592s][debug  ][gc,director    ] Rule Minor: Allocation Rate (Dynamic GC Workers), MaxAllocRate: 1694,2MB/s (+/-31,0%), Free: 13218MB, GCCPUTime: 1,537, GCDuration: 0,318s, TimeUntilOOM: 5,957s, TimeUntilGC: 5,638s, GCWorkers: 5
[11,592s][debug  ][gc,director    ] Rule Minor: High Usage, Free: 13218MB(86,1%)
[11,602s][debug  ][gc,director    ] Rule Major: Warmup 30%, Used: 2108MB, UsedThreshold: 4608MB
[11,602s][debug  ][gc,director    ] Select Minor GC Workers (Not Warm), GCWorkers: 5,000
[11,602s][debug  ][gc,director    ] Rule Minor: Allocation Rate (Dynamic GC Workers), MaxAllocRate: 414,3MB/s (+/-31,0%), Free: 13210MB, GCCPUTime: 1,537, GCDuration: 0,318s, TimeUntilOOM: 24,342s, TimeUntilGC: 24,024s, GCWorkers: 5
[11,602s][debug  ][gc,director    ] Select Minor GC Workers (Not Warm), GCWorkers: 5,000
[11,602s][debug  ][gc,director    ] Rule Minor: Allocation Rate (Dynamic GC Workers), MaxAllocRate: 1694,2MB/s (+/-31,0%), Free: 13210MB, GCCPUTime: 1,537, GCDuration: 0,318s, TimeUntilOOM: 5,953s, TimeUntilGC: 5,635s, GCWorkers: 5
[11,602s][debug  ][gc,director    ] Rule Minor: High Usage, Free: 13210MB(86,0%)
[11,612s][debug  ][gc,director    ] Rule Major: Warmup 30%, Used: 2114MB, UsedThreshold: 4608MB
[11,612s][debug  ][gc,director    ] Select Minor GC Workers (Not Warm), GCWorkers: 5,000
[11,613s][debug  ][gc,director    ] Rule Minor: Allocation Rate (Dynamic GC Workers), MaxAllocRate: 414,3MB/s (+/-31,0%), Free: 13204MB, GCCPUTime: 1,537, GCDuration: 0,318s, TimeUntilOOM: 24,331s, TimeUntilGC: 24,013s, GCWorkers: 5
[11,613s][debug  ][gc,director    ] Select Minor GC Workers (Not Warm), GCWorkers: 5,000
[11,613s][debug  ][gc,director    ] Rule Minor: Allocation Rate (Dynamic GC Workers), MaxAllocRate: 1694,2MB/s (+/-31,0%), Free: 13204MB, GCCPUTime: 1,537, GCDuration: 0,318s, TimeUntilOOM: 5,950s, TimeUntilGC: 5,632s, GCWorkers: 5
[11,613s][debug  ][gc,director    ] Rule Minor: High Usage, Free: 13204MB(86,0%)
[11,613s][debug  ][gc,alloc       ] Mutator Allocation Rate: 589,2MB/s Predicted: 641,1MB/s, Avg: 417,8(+/-129,4)MB/s
[11,613s][debug  ][gc,director    ] Rule Major: Warmup 30%, Used: 2116MB, UsedThreshold: 4608MB
[11,613s][debug  ][gc,director    ] Select Minor GC Workers (Not Warm), GCWorkers: 5,000
[11,613s][debug  ][gc,director    ] Rule Minor: Allocation Rate (Dynamic GC Workers), MaxAllocRate: 417,8MB/s (+/-31,0%), Free: 13202MB, GCCPUTime: 1,537, GCDuration: 0,318s, TimeUntilOOM: 24,125s, TimeUntilGC: 23,807s, GCWorkers: 5
[11,613s][debug  ][gc,director    ] Select Minor GC Workers (Not Warm), GCWorkers: 5,000
[11,613s][debug  ][gc,director    ] Rule Minor: Allocation Rate (Dynamic GC Workers), MaxAllocRate: 1707,9MB/s (+/-31,0%), Free: 13202MB, GCCPUTime: 1,537, GCDuration: 0,318s, TimeUntilOOM: 5,902s, TimeUntilGC: 5,584s, GCWorkers: 5
[11,613s][debug  ][gc,director    ] Rule Minor: High Usage, Free: 13202MB(86,0%)
[11,623s][debug  ][gc,director    ] Rule Major: Warmup 30%, Used: 2122MB, UsedThreshold: 4608MB
[11,623s][debug  ][gc,director    ] Select Minor GC Workers (Not Warm), GCWorkers: 5,000
[11,623s][debug  ][gc,director    ] Rule Minor: Allocation Rate (Dynamic GC Workers), MaxAllocRate: 417,8MB/s (+/-31,0%), Free: 13196MB, GCCPUTime: 1,537, GCDuration: 0,318s, TimeUntilOOM: 24,114s, TimeUntilGC: 23,796s, GCWorkers: 5
[11,623s][debug  ][gc,director    ] Select Minor GC Workers (Not Warm), GCWorkers: 5,000
[11,623s][debug  ][gc,director    ] Rule Minor: Allocation Rate (Dynamic GC Workers), MaxAllocRate: 1707,9MB/s (+/-31,0%), Free: 13196MB, GCCPUTime: 1,537, GCDuration: 0,318s, TimeUntilOOM: 5,899s, TimeUntilGC: 5,581s, GCWorkers: 5
[11,623s][debug  ][gc,director    ] Rule Minor: High Usage, Free: 13196MB(85,9%)
[11,634s][debug  ][gc,director    ] Rule Major: Warmup 30%, Used: 2130MB, UsedThreshold: 4608MB
[11,634s][debug  ][gc,director    ] Select Minor GC Workers (Not Warm), GCWorkers: 5,000
[11,634s][debug  ][gc,director    ] Rule Minor: Allocation Rate (Dynamic GC Workers), MaxAllocRate: 417,8MB/s (+/-31,0%), Free: 13188MB, GCCPUTime: 1,537, GCDuration: 0,318s, TimeUntilOOM: 24,100s, TimeUntilGC: 23,781s, GCWorkers: 5
[11,634s][debug  ][gc,director    ] Select Minor GC Workers (Not Warm), GCWorkers: 5,000
[11,634s][debug  ][gc,director    ] Rule Minor: Allocation Rate (Dynamic GC Workers), MaxAllocRate: 1707,9MB/s (+/-31,0%), Free: 13188MB, GCCPUTime: 1,537, GCDuration: 0,318s, TimeUntilOOM: 5,896s, TimeUntilGC: 5,578s, GCWorkers: 5
[11,634s][debug  ][gc,director    ] Rule Minor: High Usage, Free: 13188MB(85,9%)
[11,644s][debug  ][gc,director    ] Rule Major: Warmup 30%, Used: 2136MB, UsedThreshold: 4608MB
[11,644s][debug  ][gc,director    ] Select Minor GC Workers (Not Warm), GCWorkers: 5,000
[11,644s][debug  ][gc,director    ] Rule Minor: Allocation Rate (Dynamic GC Workers), MaxAllocRate: 417,8MB/s (+/-31,0%), Free: 13182MB, GCCPUTime: 1,537, GCDuration: 0,318s, TimeUntilOOM: 24,089s, TimeUntilGC: 23,770s, GCWorkers: 5
[11,644s][debug  ][gc,director    ] Select Minor GC Workers (Not Warm), GCWorkers: 5,000
[11,644s][debug  ][gc,director    ] Rule Minor: Allocation Rate (Dynamic GC Workers), MaxAllocRate: 1707,9MB/s (+/-31,0%), Free: 13182MB, GCCPUTime: 1,537, GCDuration: 0,318s, TimeUntilOOM: 5,893s, TimeUntilGC: 5,575s, GCWorkers: 5
[11,644s][debug  ][gc,director    ] Rule Minor: High Usage, Free: 13182MB(85,8%)
[11,654s][debug  ][gc,director    ] Rule Major: Warmup 30%, Used: 2144MB, UsedThreshold: 4608MB
[11,654s][debug  ][gc,director    ] Select Minor GC Workers (Not Warm), GCWorkers: 5,000
[11,654s][debug  ][gc,director    ] Rule Minor: Allocation Rate (Dynamic GC Workers), MaxAllocRate: 417,8MB/s (+/-31,0%), Free: 13174MB, GCCPUTime: 1,537, GCDuration: 0,318s, TimeUntilOOM: 24,074s, TimeUntilGC: 23,756s, GCWorkers: 5
[11,654s][debug  ][gc,director    ] Select Minor GC Workers (Not Warm), GCWorkers: 5,000
[11,654s][debug  ][gc,director    ] Rule Minor: Allocation Rate (Dynamic GC Workers), MaxAllocRate: 1707,9MB/s (+/-31,0%), Free: 13174MB, GCCPUTime: 1,537, GCDuration: 0,318s, TimeUntilOOM: 5,890s, TimeUntilGC: 5,571s, GCWorkers: 5
[11,654s][debug  ][gc,director    ] Rule Minor: High Usage, Free: 13174MB(85,8%)
[11,664s][debug  ][gc,director    ] Rule Major: Warmup 30%, Used: 2150MB, UsedThreshold: 4608MB
[11,664s][debug  ][gc,director    ] Select Minor GC Workers (Not Warm), GCWorkers: 5,000
[11,664s][debug  ][gc,director    ] Rule Minor: Allocation Rate (Dynamic GC Workers), MaxAllocRate: 417,8MB/s (+/-31,0%), Free: 13168MB, GCCPUTime: 1,537, GCDuration: 0,318s, TimeUntilOOM: 24,063s, TimeUntilGC: 23,745s, GCWorkers: 5
[11,664s][debug  ][gc,director    ] Select Minor GC Workers (Not Warm), GCWorkers: 5,000
[11,664s][debug  ][gc,director    ] Rule Minor: Allocation Rate (Dynamic GC Workers), MaxAllocRate: 1707,9MB/s (+/-31,0%), Free: 13168MB, GCCPUTime: 1,537, GCDuration: 0,318s, TimeUntilOOM: 5,887s, TimeUntilGC: 5,569s, GCWorkers: 5
[11,664s][debug  ][gc,director    ] Rule Minor: High Usage, Free: 13168MB(85,7%)
[11,670s][debug  ][gc,nmethod     ] Register NMethod: java.util.concurrent.ForkJoinPool$WorkQueue.casSlotToNull (0x00007f77cfc01a90) [0x00007f77cfc01c20, 0x00007f77cfc01db0] Compiler: c1, Barriers: 5, Oops: 0, ImmediateOops: 0, NonImmediateOops: No
[11,670s][debug  ][gc,nmethod     ] Register NMethod: jdk.internal.misc.Unsafe.compareAndExchangeLong (0x00007f77ef367010) [0x00007f77ef3671a0, 0x00007f77ef367388] Compiler: , Barriers: 0, Oops: 0, ImmediateOops: 0, NonImmediateOops: No
[11,672s][debug  ][gc,nmethod     ] Register NMethod: java.nio.MappedByteBuffer.position (0x00007f77ef366c10) [0x00007f77ef366da0, 0x00007f77ef366e98] Compiler: c2, Barriers: 0, Oops: 0, ImmediateOops: 0, NonImmediateOops: No
[11,673s][debug  ][gc,nmethod     ] Register NMethod: java.nio.MappedByteBuffer.limit (0x00007f77ef366810) [0x00007f77ef3669a0, 0x00007f77ef366ac8] Compiler: c2, Barriers: 0, Oops: 0, ImmediateOops: 0, NonImmediateOops: No
[11,673s][debug  ][gc,nmethod     ] Register NMethod: jdk.internal.misc.Unsafe.allocateMemory (0x00007f77ef366290) [0x00007f77ef366420, 0x00007f77ef366580] Compiler: c2, Barriers: 0, Oops: 0, ImmediateOops: 0, NonImmediateOops: No
[11,674s][debug  ][gc,nmethod     ] Register NMethod: jdk.internal.misc.Unsafe.setMemory (0x00007f77ef36cd10) [0x00007f77ef36cea0, 0x00007f77ef36cfb8] Compiler: c2, Barriers: 0, Oops: 0, ImmediateOops: 0, NonImmediateOops: No
[11,674s][debug  ][gc,nmethod     ] Register NMethod: java.nio.Bits.tryReserveMemory (0x00007f77ef36c990) [0x00007f77ef36cb20, 0x00007f77ef36cc58] Compiler: c2, Barriers: 0, Oops: 0, ImmediateOops: 4, NonImmediateOops: No
[11,675s][debug  ][gc,director    ] Rule Major: Warmup 30%, Used: 2180MB, UsedThreshold: 4608MB
[11,675s][debug  ][gc,director    ] Select Minor GC Workers (Not Warm), GCWorkers: 5,000
[11,675s][debug  ][gc,director    ] Rule Minor: Allocation Rate (Dynamic GC Workers), MaxAllocRate: 417,8MB/s (+/-31,0%), Free: 13138MB, GCCPUTime: 1,537, GCDuration: 0,318s, TimeUntilOOM: 24,008s, TimeUntilGC: 23,690s, GCWorkers: 5
[11,675s][debug  ][gc,director    ] Select Minor GC Workers (Not Warm), GCWorkers: 5,000
[11,675s][debug  ][gc,director    ] Rule Minor: Allocation Rate (Dynamic GC Workers), MaxAllocRate: 1707,9MB/s (+/-31,0%), Free: 13138MB, GCCPUTime: 1,537, GCDuration: 0,318s, TimeUntilOOM: 5,874s, TimeUntilGC: 5,555s, GCWorkers: 5
[11,675s][debug  ][gc,director    ] Rule Minor: High Usage, Free: 13138MB(85,5%)
[11,675s][debug  ][gc,nmethod     ] Register NMethod: java.nio.ByteBuffer.<init> (0x00007f77ef36c410) [0x00007f77ef36c5a0, 0x00007f77ef36c7e0] Compiler: c2, Barriers: 5, Oops: 0, ImmediateOops: 0, NonImmediateOops: No
[11,677s][debug  ][gc,nmethod     ] Register NMethod: java.nio.MappedByteBuffer.<init> (0x00007f77ef2a8010) [0x00007f77ef2a81c0, 0x00007f77ef2a85a8] Compiler: c2, Barriers: 7, Oops: 0, ImmediateOops: 0, NonImmediateOops: No
[11,677s][debug  ][gc,nmethod     ] Register NMethod: java.nio.DirectByteBuffer$Deallocator.<init> (0x00007f77ef36bf90) [0x00007f77ef36c100, 0x00007f77ef36c188] Compiler: c2, Barriers: 0, Oops: 0, ImmediateOops: 0, NonImmediateOops: No
[11,678s][debug  ][gc,nmethod     ] Register NMethod: java.nio.Bits.reserveMemory (0x00007f77ef2a7b90) [0x00007f77ef2a7d20, 0x00007f77ef2a7e98] Compiler: c2, Barriers: 0, Oops: 0, ImmediateOops: 4, NonImmediateOops: No
[11,678s][debug  ][gc,nmethod     ] Register NMethod: java.lang.ref.Finalizer.<init> (0x00007f77ef341710) [0x00007f77ef3418e0, 0x00007f77ef341e98] Compiler: c2, Barriers: 17, Oops: 1, ImmediateOops: 8, NonImmediateOops: No
[11,680s][debug  ][gc,nmethod     ] Register NMethod: java.lang.ref.Finalizer.register (0x00007f77ef340c90) [0x00007f77ef340e60, 0x00007f77ef341388] Compiler: c2, Barriers: 15, Oops: 1, ImmediateOops: 8, NonImmediateOops: No
[11,685s][debug  ][gc,alloc       ] Mutator Allocation Rate: 596,8MB/s Predicted: 646,4MB/s, Avg: 421,4(+/-130,5)MB/s
[11,685s][debug  ][gc,director    ] Rule Major: Warmup 30%, Used: 2240MB, UsedThreshold: 4608MB
[11,685s][debug  ][gc,director    ] Select Minor GC Workers (Not Warm), GCWorkers: 5,000
[11,685s][debug  ][gc,director    ] Rule Minor: Allocation Rate (Dynamic GC Workers), MaxAllocRate: 421,4MB/s (+/-31,0%), Free: 13078MB, GCCPUTime: 1,537, GCDuration: 0,318s, TimeUntilOOM: 23,699s, TimeUntilGC: 23,380s, GCWorkers: 5
[11,685s][debug  ][gc,director    ] Select Minor GC Workers (Not Warm), GCWorkers: 5,000
[11,685s][debug  ][gc,director    ] Rule Minor: Allocation Rate (Dynamic GC Workers), MaxAllocRate: 1722,1MB/s (+/-31,0%), Free: 13078MB, GCCPUTime: 1,537, GCDuration: 0,318s, TimeUntilOOM: 5,798s, TimeUntilGC: 5,480s, GCWorkers: 5
[11,685s][debug  ][gc,director    ] Rule Minor: High Usage, Free: 13078MB(85,1%)
[11,685s][debug  ][gc,nmethod     ] Register NMethod: net.openhft.chronicle.bytes.internal.NativeBytesStore.<init> (0x00007f77ef297410) [0x00007f77ef297620, 0x00007f77ef297dd0] Compiler: c2, Barriers: 15, Oops: 5, ImmediateOops: 7, NonImmediateOops: No
[11,686s][debug  ][gc,nmethod     ] Register NMethod: java.nio.DirectByteBuffer.<init> (0x00007f77ef2b6a10) [0x00007f77ef2b6c80, 0x00007f77ef2b7a08] Compiler: c2, Barriers: 29, Oops: 2, ImmediateOops: 15, NonImmediateOops: No
[11,686s][debug  ][gc,nmethod     ] Register NMethod: io.sirix.access.trx.page.NodePageTrx$$Lambda/0x000000008033e218.test (0x00007f77ef2a7590) [0x00007f77ef2a7720, 0x00007f77ef2a7810] Compiler: c2, Barriers: 0, Oops: 1, ImmediateOops: 0, NonImmediateOops: No
[11,687s][debug  ][gc,nmethod     ] Register NMethod: java.util.stream.SpinedBuffer.capacity (0x00007f77ef297090) [0x00007f77ef297220, 0x00007f77ef297310] Compiler: c2, Barriers: 1, Oops: 0, ImmediateOops: 0, NonImmediateOops: No
[11,688s][debug  ][gc,nmethod     ] Register NMethod: io.sirix.access.trx.page.NodePageTrx$$Lambda/0x000000008033dfe0.apply (0x00007f77ef296c90) [0x00007f77ef296e20, 0x00007f77ef296f08] Compiler: c2, Barriers: 1, Oops: 1, ImmediateOops: 0, NonImmediateOops: No
[11,689s][debug  ][gc,nmethod     ] Register NMethod: java.io.ByteArrayOutputStream.<init> (0x00007f77ef2b6590) [0x00007f77ef2b6720, 0x00007f77ef2b6958] Compiler: c2, Barriers: 3, Oops: 0, ImmediateOops: 0, NonImmediateOops: No
[11,691s][debug  ][gc,nmethod     ] Register NMethod: net.jpountz.lz4.LZ4BlockOutputStream.flushBufferedData (0x00007f77ef305c90) [0x00007f77ef305f40, 0x00007f77ef307200] Compiler: c2, Barriers: 14, Oops: 1, ImmediateOops: 0, NonImmediateOops: No
[11,694s][debug  ][gc,nmethod     ] Register NMethod: net.jpountz.lz4.LZ4BlockOutputStream.close (0x00007f77ef305390) [0x00007f77ef305560, 0x00007f77ef3058b0] Compiler: c2, Barriers: 5, Oops: 1, ImmediateOops: 0, NonImmediateOops: No
[11,695s][debug  ][gc,director    ] Rule Major: Warmup 30%, Used: 2286MB, UsedThreshold: 4608MB
[11,695s][debug  ][gc,director    ] Select Minor GC Workers (Not Warm), GCWorkers: 5,000
[11,695s][debug  ][gc,nmethod     ] Register NMethod: io.sirix.io.bytepipe.ByteHandlerPipeline.serialize (0x00007f77ef353b10) [0x00007f77ef353dc0, 0x00007f77ef3551b0] Compiler: c2, Barriers: 27, Oops: 5, ImmediateOops: 25, NonImmediateOops: No
[11,695s][debug  ][gc,director    ] Rule Minor: Allocation Rate (Dynamic GC Workers), MaxAllocRate: 421,4MB/s (+/-31,0%), Free: 13032MB, GCCPUTime: 1,537, GCDuration: 0,318s, TimeUntilOOM: 23,615s, TimeUntilGC: 23,297s, GCWorkers: 5
[11,695s][debug  ][gc,director    ] Select Minor GC Workers (Not Warm), GCWorkers: 5,000
[11,695s][debug  ][gc,director    ] Rule Minor: Allocation Rate (Dynamic GC Workers), MaxAllocRate: 1722,1MB/s (+/-31,0%), Free: 13032MB, GCCPUTime: 1,537, GCDuration: 0,318s, TimeUntilOOM: 5,778s, TimeUntilGC: 5,460s, GCWorkers: 5
[11,695s][debug  ][gc,director    ] Rule Minor: High Usage, Free: 13032MB(84,8%)
[11,695s][debug  ][gc,nmethod     ] Register NMethod: java.util.stream.SortedOps$RefSortingSink.begin (0x00007f77ef2b6010) [0x00007f77ef2b61a0, 0x00007f77ef2b63b0] Compiler: c2, Barriers: 5, Oops: 0, ImmediateOops: 1, NonImmediateOops: No
[11,696s][debug  ][gc,nmethod     ] Register NMethod: net.openhft.chronicle.bytes.Bytes.wrapForRead (0x00007f77ef352610) [0x00007f77ef352880, 0x00007f77ef3532a8] Compiler: c2, Barriers: 16, Oops: 5, ImmediateOops: 8, NonImmediateOops: No
[11,697s][debug  ][gc,nmethod     ] Register NMethod: net.jpountz.lz4.LZ4BlockOutputStream.<init> (0x00007f77ef321410) [0x00007f77ef321660, 0x00007f77ef3224b8] Compiler: c2, Barriers: 22, Oops: 4, ImmediateOops: 11, NonImmediateOops: No
[11,700s][debug  ][gc,nmethod     ] Register NMethod: java.util.ArrayList.sort (0x00007f77ef320810) [0x00007f77ef320a20, 0x00007f77ef320f48] Compiler: c2, Barriers: 1, Oops: 0, ImmediateOops: 0, NonImmediateOops: No
[11,701s][debug  ][gc,nmethod     ] Register NMethod: java.util.stream.Nodes$SpinedNodeBuilder.end (0x00007f77ef352310) [0x00007f77ef352480, 0x00007f77ef352500] Compiler: c2, Barriers: 0, Oops: 0, ImmediateOops: 0, NonImmediateOops: No
[11,701s][debug  ][gc,nmethod     ] Register NMethod: net.jpountz.lz4.LZ4BlockOutputStream.<init> (0x00007f77ef31f990) [0x00007f77ef31fb80, 0x00007f77ef3204e0] Compiler: c2, Barriers: 18, Oops: 2, ImmediateOops: 1, NonImmediateOops: No
[11,701s][debug  ][gc,nmethod     ] Register NMethod: java.io.ByteArrayOutputStream.toByteArray (0x00007f77ef31f010) [0x00007f77ef31f1c0, 0x00007f77ef31f828] Compiler: c2, Barriers: 1, Oops: 0, ImmediateOops: 0, NonImmediateOops: No
[11,701s][debug  ][gc,nmethod     ] Register NMethod: java.util.stream.SpinedBuffer.clear (0x00007f77ef351f90) [0x00007f77ef352120, 0x00007f77ef352220] Compiler: c2, Barriers: 1, Oops: 0, ImmediateOops: 0, NonImmediateOops: No
[11,702s][debug  ][gc,nmethod     ] Register NMethod: java.util.stream.SpinedBuffer.ensureCapacity (0x00007f77ef31ec10) [0x00007f77ef31eda0, 0x00007f77ef31eed8] Compiler: c2, Barriers: 1, Oops: 0, ImmediateOops: 0, NonImmediateOops: No
[11,703s][debug  ][gc,nmethod     ] Register NMethod: io.sirix.access.trx.page.NodePageTrx$$Lambda/0x000000008033e460.accept (0x00007f77ef31df10) [0x00007f77ef31e140, 0x00007f77ef31e6d8] Compiler: c2, Barriers: 2, Oops: 2, ImmediateOops: 5, NonImmediateOops: No
[11,703s][debug  ][gc,nmethod     ] Register NMethod: java.util.stream.Nodes$SpinedNodeBuilder.begin (0x00007f77ef31da10) [0x00007f77ef31dba0, 0x00007f77ef31dd50] Compiler: c2, Barriers: 2, Oops: 0, ImmediateOops: 0, NonImmediateOops: No
[11,704s][debug  ][gc,nmethod     ] Register NMethod: com.google.common.hash.HashCode$BytesHashCode.asBytes (0x00007f77ef31d610) [0x00007f77ef31d7a0, 0x00007f77ef31d948] Compiler: c2, Barriers: 1, Oops: 1, ImmediateOops: 0, NonImmediateOops: No
[11,704s][debug  ][gc,nmethod     ] Register NMethod: java.io.DataOutputStream.<init> (0x00007f77ef31cf90) [0x00007f77ef31d140, 0x00007f77ef31d4d0] Compiler: c2, Barriers: 11, Oops: 0, ImmediateOops: 0, NonImmediateOops: No
[11,705s][debug  ][gc,director    ] Rule Major: Warmup 30%, Used: 2340MB, UsedThreshold: 4608MB
[11,705s][debug  ][gc,director    ] Select Minor GC Workers (Not Warm), GCWorkers: 5,000
[11,705s][debug  ][gc,director    ] Rule Minor: Allocation Rate (Dynamic GC Workers), MaxAllocRate: 421,4MB/s (+/-31,0%), Free: 12978MB, GCCPUTime: 1,537, GCDuration: 0,318s, TimeUntilOOM: 23,517s, TimeUntilGC: 23,199s, GCWorkers: 5
[11,705s][debug  ][gc,director    ] Select Minor GC Workers (Not Warm), GCWorkers: 5,000
[11,705s][debug  ][gc,director    ] Rule Minor: Allocation Rate (Dynamic GC Workers), MaxAllocRate: 1722,1MB/s (+/-31,0%), Free: 12978MB, GCCPUTime: 1,537, GCDuration: 0,318s, TimeUntilOOM: 5,754s, TimeUntilGC: 5,436s, GCWorkers: 5
[11,705s][debug  ][gc,director    ] Rule Minor: High Usage, Free: 12978MB(84,5%)
[11,708s][debug  ][gc,nmethod     ] Register NMethod: java.io.FilterOutputStream.close (0x00007f77ef31c390) [0x00007f77ef31c5a0, 0x00007f77ef31cc58] Compiler: c2, Barriers: 8, Oops: 1, ImmediateOops: 0, NonImmediateOops: No
[11,709s][debug  ][gc,alloc       ] Mutator Allocation Rate: 607,1MB/s Predicted: 652,0MB/s, Avg: 424,9(+/-131,7)MB/s
[11,709s][debug  ][gc,director    ] Rule Major: Warmup 30%, Used: 2356MB, UsedThreshold: 4608MB
[11,709s][debug  ][gc,director    ] Select Minor GC Workers (Not Warm), GCWorkers: 5,000
[11,709s][debug  ][gc,director    ] Rule Minor: Allocation Rate (Dynamic GC Workers), MaxAllocRate: 424,9MB/s (+/-31,0%), Free: 12962MB, GCCPUTime: 1,537, GCDuration: 0,318s, TimeUntilOOM: 23,286s, TimeUntilGC: 22,967s, GCWorkers: 5
[11,709s][debug  ][gc,director    ] Select Minor GC Workers (Not Warm), GCWorkers: 5,000
[11,709s][debug  ][gc,director    ] Rule Minor: Allocation Rate (Dynamic GC Workers), MaxAllocRate: 1737,5MB/s (+/-31,0%), Free: 12962MB, GCCPUTime: 1,537, GCDuration: 0,318s, TimeUntilOOM: 5,695s, TimeUntilGC: 5,377s, GCWorkers: 5
[11,709s][debug  ][gc,director    ] Rule Minor: High Usage, Free: 12962MB(84,4%)
[11,710s][debug  ][gc,nmethod     ] Register NMethod: java.util.stream.SortedOps$RefSortingSink.end (0x00007f77ef31b090) [0x00007f77ef31b300, 0x00007f77ef31bc50] Compiler: c2, Barriers: 10, Oops: 1, ImmediateOops: 0, NonImmediateOops: No
[11,718s][debug  ][gc,nmethod     ] Register NMethod: java.util.concurrent.ForkJoinPool$WorkQueue.getAndClearSlot (0x00007f77cfaecd10) [0x00007f77cfaecec0, 0x00007f77cfaed108] Compiler: c1, Barriers: 4, Oops: 0, ImmediateOops: 0, NonImmediateOops: No
[11,719s][debug  ][gc,director    ] Rule Major: Warmup 30%, Used: 2432MB, UsedThreshold: 4608MB
[11,719s][debug  ][gc,director    ] Select Minor GC Workers (Not Warm), GCWorkers: 5,000
[11,719s][debug  ][gc,director    ] Rule Minor: Allocation Rate (Dynamic GC Workers), MaxAllocRate: 424,9MB/s (+/-31,0%), Free: 12886MB, GCCPUTime: 1,537, GCDuration: 0,318s, TimeUntilOOM: 23,149s, TimeUntilGC: 22,831s, GCWorkers: 5
[11,719s][debug  ][gc,director    ] Select Minor GC Workers (Not Warm), GCWorkers: 5,000
[11,719s][debug  ][gc,director    ] Rule Minor: Allocation Rate (Dynamic GC Workers), MaxAllocRate: 1737,5MB/s (+/-31,0%), Free: 12886MB, GCCPUTime: 1,537, GCDuration: 0,318s, TimeUntilOOM: 5,662s, TimeUntilGC: 5,343s, GCWorkers: 5
[11,719s][debug  ][gc,director    ] Rule Minor: High Usage, Free: 12886MB(83,9%)
[11,725s][debug  ][gc,alloc       ] Mutator Allocation Rate: 617,8MB/s Predicted: 658,0MB/s, Avg: 428,6(+/-133,1)MB/s
[11,725s][debug  ][gc,nmethod     ] Register NMethod: net.openhft.chronicle.core.io.AbstractReferenceCounted.inThreadPerformRelease (0x00007f77ef351c10) [0x00007f77ef351da0, 0x00007f77ef351eb8] Compiler: c2, Barriers: 2, Oops: 1, ImmediateOops: 0, NonImmediateOops: No
[11,725s][debug  ][gc,director    ] Rule Major: Warmup 30%, Used: 2480MB, UsedThreshold: 4608MB
[11,725s][debug  ][gc,director    ] Select Minor GC Workers (Not Warm), GCWorkers: 5,000
[11,725s][debug  ][gc,director    ] Rule Minor: Allocation Rate (Dynamic GC Workers), MaxAllocRate: 428,6MB/s (+/-31,1%), Free: 12838MB, GCCPUTime: 1,537, GCDuration: 0,318s, TimeUntilOOM: 22,858s, TimeUntilGC: 22,539s, GCWorkers: 5
[11,725s][debug  ][gc,director    ] Select Minor GC Workers (Not Warm), GCWorkers: 5,000
[11,725s][debug  ][gc,director    ] Rule Minor: Allocation Rate (Dynamic GC Workers), MaxAllocRate: 1753,9MB/s (+/-31,1%), Free: 12838MB, GCCPUTime: 1,537, GCDuration: 0,318s, TimeUntilOOM: 5,585s, TimeUntilGC: 5,267s, GCWorkers: 5
[11,725s][debug  ][gc,director    ] Rule Minor: High Usage, Free: 12838MB(83,6%)
[11,727s][debug  ][gc,nmethod     ] Register NMethod: java.io.FilterOutputStream.write (0x00007f77ef31ad10) [0x00007f77ef31aea0, 0x00007f77ef31af88] Compiler: c2, Barriers: 0, Oops: 0, ImmediateOops: 0, NonImmediateOops: No
[11,727s][debug  ][gc,nmethod     ] Register NMethod: java.util.stream.ForEachOps$ForEachOp$OfRef.accept (0x00007f77ef31a910) [0x00007f77ef31aaa0, 0x00007f77ef31abc8] Compiler: c2, Barriers: 1, Oops: 1, ImmediateOops: 0, NonImmediateOops: No
[11,731s][debug  ][gc,nmethod     ] Register NMethod: java.util.stream.SortedOps$OfRef.opWrapSink (0x00007f77ef3b5b90) [0x00007f77ef3b5d40, 0x00007f77ef3b60f8] Compiler: c2, Barriers: 9, Oops: 0, ImmediateOops: 2, NonImmediateOops: No
[11,734s][debug  ][gc,nmethod     ] Register NMethod: com.google.common.hash.MessageDigestHashFunction$MessageDigestHasher.<init> (0x00007f77ef3b5410) [0x00007f77ef3b55c0, 0x00007f77ef3b5968] Compiler: c2, Barriers: 9, Oops: 1, ImmediateOops: 0, NonImmediateOops: No
[11,735s][debug  ][gc,director    ] Rule Major: Warmup 30%, Used: 2552MB, UsedThreshold: 4608MB
[11,735s][debug  ][gc,director    ] Select Minor GC Workers (Not Warm), GCWorkers: 5,000
[11,735s][debug  ][gc,director    ] Rule Minor: Allocation Rate (Dynamic GC Workers), MaxAllocRate: 428,6MB/s (+/-31,1%), Free: 12766MB, GCCPUTime: 1,537, GCDuration: 0,318s, TimeUntilOOM: 22,729s, TimeUntilGC: 22,411s, GCWorkers: 5
[11,735s][debug  ][gc,director    ] Select Minor GC Workers (Not Warm), GCWorkers: 5,000
[11,735s][debug  ][gc,director    ] Rule Minor: Allocation Rate (Dynamic GC Workers), MaxAllocRate: 1753,9MB/s (+/-31,1%), Free: 12766MB, GCCPUTime: 1,537, GCDuration: 0,318s, TimeUntilOOM: 5,554s, TimeUntilGC: 5,235s, GCWorkers: 5
[11,735s][debug  ][gc,director    ] Rule Minor: High Usage, Free: 12766MB(83,1%)
[11,735s][debug  ][gc,nmethod     ] Register NMethod: com.google.common.hash.HashCode.fromBytesNoCopy (0x00007f77ef3b5090) [0x00007f77ef3b5220, 0x00007f77ef3b5330] Compiler: c2, Barriers: 2, Oops: 1, ImmediateOops: 0, NonImmediateOops: No
[11,739s][debug  ][gc,nmethod     ] Register NMethod: java.util.concurrent.ConcurrentHashMap$EntrySpliterator.forEachRemaining (0x00007f77ef3b4810) [0x00007f77ef3b49c0, 0x00007f77ef3b4e90] Compiler: c2, Barriers: 10, Oops: 0, ImmediateOops: 0, NonImmediateOops: No
[11,741s][debug  ][gc,alloc       ] Mutator Allocation Rate: 628,4MB/s Predicted: 664,3MB/s, Avg: 432,3(+/-134,6)MB/s
[11,741s][debug  ][gc,director    ] Rule Major: Warmup 30%, Used: 2596MB, UsedThreshold: 4608MB
[11,741s][debug  ][gc,director    ] Select Minor GC Workers (Not Warm), GCWorkers: 5,000
[11,741s][debug  ][gc,director    ] Rule Minor: Allocation Rate (Dynamic GC Workers), MaxAllocRate: 432,3MB/s (+/-31,1%), Free: 12722MB, GCCPUTime: 1,537, GCDuration: 0,318s, TimeUntilOOM: 22,444s, TimeUntilGC: 22,125s, GCWorkers: 5
[11,741s][debug  ][gc,director    ] Select Minor GC Workers (Not Warm), GCWorkers: 5,000
[11,741s][debug  ][gc,director    ] Rule Minor: Allocation Rate (Dynamic GC Workers), MaxAllocRate: 1771,4MB/s (+/-31,1%), Free: 12722MB, GCCPUTime: 1,537, GCDuration: 0,318s, TimeUntilOOM: 5,477s, TimeUntilGC: 5,158s, GCWorkers: 5
[11,741s][debug  ][gc,director    ] Rule Minor: High Usage, Free: 12722MB(82,8%)
[11,748s][debug  ][gc,nmethod     ] Register NMethod: java.util.concurrent.ForkJoinPool$WorkQueue.tryPoll (0x00007f77cfc54190) [0x00007f77cfc54360, 0x00007f77cfc54800] Compiler: c1, Barriers: 3, Oops: 0, ImmediateOops: 2, NonImmediateOops: No
[11,751s][debug  ][gc,director    ] Rule Major: Warmup 30%, Used: 2664MB, UsedThreshold: 4608MB
[11,751s][debug  ][gc,director    ] Select Minor GC Workers (Not Warm), GCWorkers: 5,000
[11,751s][debug  ][gc,director    ] Rule Minor: Allocation Rate (Dynamic GC Workers), MaxAllocRate: 432,3MB/s (+/-31,1%), Free: 12654MB, GCCPUTime: 1,537, GCDuration: 0,318s, TimeUntilOOM: 22,324s, TimeUntilGC: 22,005s, GCWorkers: 5
[11,751s][debug  ][gc,director    ] Select Minor GC Workers (Not Warm), GCWorkers: 5,000
[11,751s][debug  ][gc,director    ] Rule Minor: Allocation Rate (Dynamic GC Workers), MaxAllocRate: 1771,4MB/s (+/-31,1%), Free: 12654MB, GCCPUTime: 1,537, GCDuration: 0,318s, TimeUntilOOM: 5,447s, TimeUntilGC: 5,129s, GCWorkers: 5
[11,751s][debug  ][gc,director    ] Rule Minor: High Usage, Free: 12654MB(82,4%)
[11,762s][debug  ][gc,director    ] Rule Major: Warmup 30%, Used: 2714MB, UsedThreshold: 4608MB
[11,762s][debug  ][gc,director    ] Select Minor GC Workers (Not Warm), GCWorkers: 5,000
[11,762s][debug  ][gc,director    ] Rule Minor: Allocation Rate (Dynamic GC Workers), MaxAllocRate: 432,3MB/s (+/-31,1%), Free: 12604MB, GCCPUTime: 1,537, GCDuration: 0,318s, TimeUntilOOM: 22,236s, TimeUntilGC: 21,917s, GCWorkers: 5
[11,762s][debug  ][gc,director    ] Select Minor GC Workers (Not Warm), GCWorkers: 5,000
[11,762s][debug  ][gc,director    ] Rule Minor: Allocation Rate (Dynamic GC Workers), MaxAllocRate: 1771,4MB/s (+/-31,1%), Free: 12604MB, GCCPUTime: 1,537, GCDuration: 0,318s, TimeUntilOOM: 5,426s, TimeUntilGC: 5,108s, GCWorkers: 5
[11,762s][debug  ][gc,director    ] Rule Minor: High Usage, Free: 12604MB(82,1%)
[11,764s][debug  ][gc,nmethod     ] Register NMethod: java.util.concurrent.ConcurrentHashMap.values (0x00007f77ef3b4410) [0x00007f77ef3b45a0, 0x00007f77ef3b4770] Compiler: c2, Barriers: 6, Oops: 0, ImmediateOops: 0, NonImmediateOops: No
[11,765s][debug  ][gc,alloc       ] Mutator Allocation Rate: 638,6MB/s Predicted: 670,9MB/s, Avg: 436,0(+/-136,2)MB/s
[11,765s][debug  ][gc,director    ] Rule Major: Warmup 30%, Used: 2716MB, UsedThreshold: 4608MB
[11,765s][debug  ][gc,director    ] Select Minor GC Workers (Not Warm), GCWorkers: 5,000
[11,766s][debug  ][gc,director    ] Rule Minor: Allocation Rate (Dynamic GC Workers), MaxAllocRate: 436,0MB/s (+/-31,2%), Free: 12602MB, GCCPUTime: 1,537, GCDuration: 0,318s, TimeUntilOOM: 22,025s, TimeUntilGC: 21,706s, GCWorkers: 5
[11,766s][debug  ][gc,director    ] Select Minor GC Workers (Not Warm), GCWorkers: 5,000
[11,766s][debug  ][gc,director    ] Rule Minor: Allocation Rate (Dynamic GC Workers), MaxAllocRate: 1789,8MB/s (+/-31,2%), Free: 12602MB, GCCPUTime: 1,537, GCDuration: 0,318s, TimeUntilOOM: 5,365s, TimeUntilGC: 5,047s, GCWorkers: 5
[11,766s][debug  ][gc,director    ] Rule Minor: High Usage, Free: 12602MB(82,0%)
[11,766s][debug  ][gc,nmethod     ] Register NMethod: java.util.concurrent.ConcurrentHashMap$BaseIterator.<init> (0x00007f77ef3b3a90) [0x00007f77ef3b3c60, 0x00007f77ef3b4260] Compiler: c2, Barriers: 16, Oops: 0, ImmediateOops: 0, NonImmediateOops: No
[11,767s][debug  ][gc,nmethod     ] Register NMethod: java.util.concurrent.ConcurrentHashMap$ValueIterator.<init> (0x00007f77ef3b3110) [0x00007f77ef3b32e0, 0x00007f77ef3b38e0] Compiler: c2, Barriers: 16, Oops: 0, ImmediateOops: 0, NonImmediateOops: No
[11,767s][debug  ][gc,nmethod     ] Register NMethod: java.util.concurrent.ConcurrentHashMap$ValuesView.iterator (0x00007f77ef3b2c90) [0x00007f77ef3b2e20, 0x00007f77ef3b3010] Compiler: c2, Barriers: 5, Oops: 0, ImmediateOops: 0, NonImmediateOops: No
[11,770s][debug  ][gc,nmethod     ] Register NMethod: io.sirix.io.filechannel.FileChannelWriter.write (0x00007f77ef3b2690) [0x00007f77ef3b2840, 0x00007f77ef3b2a90] Compiler: c2, Barriers: 1, Oops: 1, ImmediateOops: 0, NonImmediateOops: No
[11,771s][debug  ][gc,nmethod     ] Register NMethod: io.sirix.page.PagePersister.serializePage (0x00007f77ef3b1b10) [0x00007f77ef3b1d00, 0x00007f77ef3b2270] Compiler: c2, Barriers: 8, Oops: 1, ImmediateOops: 1, NonImmediateOops: No
[11,772s][debug  ][gc,nmethod     ] Register NMethod: io.sirix.io.filechannel.FileChannelWriter.getOffset (0x00007f77ef3b1690) [0x00007f77ef3b1840, 0x00007f77ef3b19b0] Compiler: c2, Barriers: 1, Oops: 1, ImmediateOops: 0, NonImmediateOops: No
[11,773s][debug  ][gc,nmethod     ] Register NMethod: io.sirix.page.KeyValueLeafPage.commit (0x00007f77ef3b0d10) [0x00007f77ef3b0f00, 0x00007f77ef3b13e0] Compiler: c2, Barriers: 11, Oops: 1, ImmediateOops: 0, NonImmediateOops: No
[11,774s][debug  ][gc,nmethod     ] Register NMethod: io.sirix.access.trx.page.NodePageTrx.commit (0x00007f77ef3af110) [0x00007f77ef3af3e0, 0x00007f77ef3b0390] Compiler: c2, Barriers: 25, Oops: 1, ImmediateOops: 0, NonImmediateOops: No
[11,776s][debug  ][gc,director    ] Rule Major: Warmup 30%, Used: 2720MB, UsedThreshold: 4608MB
[11,776s][debug  ][gc,director    ] Select Minor GC Workers (Not Warm), GCWorkers: 5,000
[11,776s][debug  ][gc,director    ] Rule Minor: Allocation Rate (Dynamic GC Workers), MaxAllocRate: 436,0MB/s (+/-31,2%), Free: 12598MB, GCCPUTime: 1,537, GCDuration: 0,318s, TimeUntilOOM: 22,018s, TimeUntilGC: 21,699s, GCWorkers: 5
[11,776s][debug  ][gc,director    ] Select Minor GC Workers (Not Warm), GCWorkers: 5,000
[11,776s][debug  ][gc,director    ] Rule Minor: Allocation Rate (Dynamic GC Workers), MaxAllocRate: 1789,8MB/s (+/-31,2%), Free: 12598MB, GCCPUTime: 1,537, GCDuration: 0,318s, TimeUntilOOM: 5,364s, TimeUntilGC: 5,045s, GCWorkers: 5
[11,776s][debug  ][gc,director    ] Rule Minor: High Usage, Free: 12598MB(82,0%)
[11,786s][debug  ][gc,director    ] Rule Major: Warmup 30%, Used: 2726MB, UsedThreshold: 4608MB
[11,786s][debug  ][gc,director    ] Select Minor GC Workers (Not Warm), GCWorkers: 5,000
[11,786s][debug  ][gc,director    ] Rule Minor: Allocation Rate (Dynamic GC Workers), MaxAllocRate: 436,0MB/s (+/-31,2%), Free: 12592MB, GCCPUTime: 1,537, GCDuration: 0,318s, TimeUntilOOM: 22,007s, TimeUntilGC: 21,689s, GCWorkers: 5
[11,786s][debug  ][gc,director    ] Select Minor GC Workers (Not Warm), GCWorkers: 5,000
[11,786s][debug  ][gc,director    ] Rule Minor: Allocation Rate (Dynamic GC Workers), MaxAllocRate: 1789,8MB/s (+/-31,2%), Free: 12592MB, GCCPUTime: 1,537, GCDuration: 0,318s, TimeUntilOOM: 5,361s, TimeUntilGC: 5,043s, GCWorkers: 5
[11,786s][debug  ][gc,director    ] Rule Minor: High Usage, Free: 12592MB(82,0%)
[11,796s][debug  ][gc,director    ] Rule Major: Warmup 30%, Used: 2732MB, UsedThreshold: 4608MB
[11,796s][debug  ][gc,director    ] Select Minor GC Workers (Not Warm), GCWorkers: 5,000
[11,796s][debug  ][gc,director    ] Rule Minor: Allocation Rate (Dynamic GC Workers), MaxAllocRate: 436,0MB/s (+/-31,2%), Free: 12586MB, GCCPUTime: 1,537, GCDuration: 0,318s, TimeUntilOOM: 21,997s, TimeUntilGC: 21,678s, GCWorkers: 5
[11,796s][debug  ][gc,director    ] Select Minor GC Workers (Not Warm), GCWorkers: 5,000
[11,796s][debug  ][gc,director    ] Rule Minor: Allocation Rate (Dynamic GC Workers), MaxAllocRate: 1789,8MB/s (+/-31,2%), Free: 12586MB, GCCPUTime: 1,537, GCDuration: 0,318s, TimeUntilOOM: 5,359s, TimeUntilGC: 5,040s, GCWorkers: 5
[11,796s][debug  ][gc,director    ] Rule Minor: High Usage, Free: 12586MB(81,9%)
[11,805s][debug  ][gc,nmethod     ] Register NMethod: sun.nio.ch.Util.isBufferTooLarge (0x00007f77cfc95d90) [0x00007f77cfc95f20, 0x00007f77cfc96070] Compiler: c1, Barriers: 0, Oops: 0, ImmediateOops: 0, NonImmediateOops: No
[11,806s][debug  ][gc,nmethod     ] Register NMethod: sun.nio.fs.UnixPath.checkRead (0x00007f77cfaf1390) [0x00007f77cfaf1540, 0x00007f77cfaf1730] Compiler: c1, Barriers: 0, Oops: 0, ImmediateOops: 0, NonImmediateOops: No
[11,806s][debug  ][gc,director    ] Rule Major: Warmup 30%, Used: 2734MB, UsedThreshold: 4608MB
[11,806s][debug  ][gc,director    ] Select Minor GC Workers (Not Warm), GCWorkers: 5,000
[11,806s][debug  ][gc,director    ] Rule Minor: Allocation Rate (Dynamic GC Workers), MaxAllocRate: 436,0MB/s (+/-31,2%), Free: 12584MB, GCCPUTime: 1,537, GCDuration: 0,318s, TimeUntilOOM: 21,993s, TimeUntilGC: 21,675s, GCWorkers: 5
[11,806s][debug  ][gc,director    ] Select Minor GC Workers (Not Warm), GCWorkers: 5,000
[11,806s][debug  ][gc,director    ] Rule Minor: Allocation Rate (Dynamic GC Workers), MaxAllocRate: 1789,8MB/s (+/-31,2%), Free: 12584MB, GCCPUTime: 1,537, GCDuration: 0,318s, TimeUntilOOM: 5,358s, TimeUntilGC: 5,039s, GCWorkers: 5
[11,806s][debug  ][gc,director    ] Rule Minor: High Usage, Free: 12584MB(81,9%)
[11,806s][debug  ][gc,nmethod     ] Register NMethod: java.nio.ByteBuffer.base (0x00007f77ef3aee10) [0x00007f77ef3aefa0, 0x00007f77ef3af090] Compiler: c1, Barriers: 1, Oops: 0, ImmediateOops: 0, NonImmediateOops: No
[11,806s][debug  ][gc,nmethod     ] Register NMethod: net.openhft.chronicle.core.Maths.agitate (0x00007f77cfd00e10) [0x00007f77cfd00fc0, 0x00007f77cfd01100] Compiler: c1, Barriers: 0, Oops: 1, ImmediateOops: 0, NonImmediateOops: No
[11,807s][debug  ][gc,nmethod     ] Register NMethod: io.sirix.io.filechannel.FileChannelWriter.delegate (0x00007f77ef3aeb10) [0x00007f77ef3aeca0, 0x00007f77ef3aed90] Compiler: c1, Barriers: 1, Oops: 1, ImmediateOops: 0, NonImmediateOops: No
[11,808s][debug  ][gc,nmethod     ] Register NMethod: java.util.concurrent.locks.LockSupport.setCurrentBlocker (0x00007f77cfb1c190) [0x00007f77cfb1c340, 0x00007f77cfb1c4e0] Compiler: c1, Barriers: 1, Oops: 0, ImmediateOops: 1, NonImmediateOops: No
[11,808s][debug  ][gc,nmethod     ] Register NMethod: io.sirix.page.KeyValueLeafPage.getNumberOfNonNullEntries (0x00007f77cfa5e890) [0x00007f77cfa5ea40, 0x00007f77cfa5ed90] Compiler: c1, Barriers: 2, Oops: 1, ImmediateOops: 0, NonImmediateOops: No
[11,808s][debug  ][gc,nmethod     ] Register NMethod: io.sirix.page.KeyValueLeafPage.getNumberOfNonNullEntries (0x00007f77cfa95090) [0x00007f77cfa95240, 0x00007f77cfa954f0] Compiler: c1, Barriers: 2, Oops: 1, ImmediateOops: 0, NonImmediateOops: No
[11,809s][debug  ][gc,nmethod     ] Register NMethod: io.sirix.node.NodeKind$32.deserialize (0x00007f77cfaa4190) [0x00007f77cfaa4340, 0x00007f77cfaa4658] Compiler: c1, Barriers: 0, Oops: 1, ImmediateOops: 0, NonImmediateOops: No
[11,809s][debug  ][gc,nmethod     ] Register NMethod: java.lang.invoke.VarHandle.checkAccessModeThenIsDirect (0x00007f77ef3ae390) [0x00007f77ef3ae540, 0x00007f77ef3ae940] Compiler: c2, Barriers: 9, Oops: 0, ImmediateOops: 0, NonImmediateOops: No
[11,810s][debug  ][gc,nmethod     ] Register NMethod: io.sirix.node.NodeKind.deserializeNodeDelegateWithoutIDs (0x00007f77cfec2c90) [0x00007f77cfec2ee0, 0x00007f77cfec37f8] Compiler: c1, Barriers: 2, Oops: 1, ImmediateOops: 1, NonImmediateOops: No
[11,810s][debug  ][gc,nmethod     ] Register NMethod: io.sirix.node.NodeKind$13.deserialize (0x00007f77cfaa7610) [0x00007f77cfaa78c0, 0x00007f77cfaa8598] Compiler: c1, Barriers: 3, Oops: 2, ImmediateOops: 3, NonImmediateOops: No
[11,810s][debug  ][gc,nmethod     ] Register NMethod: io.sirix.node.delegates.StructNodeDelegate.<init> (0x00007f77cfa75b10) [0x00007f77cfa75ce0, 0x00007f77cfa760e0] Compiler: c1, Barriers: 3, Oops: 1, ImmediateOops: 2, NonImmediateOops: No
[11,810s][debug  ][gc,nmethod     ] Register NMethod: io.sirix.node.NodeKind.deserializeStructDel (0x00007f77cfb6e110) [0x00007f77cfb6e3c0, 0x00007f77cfb6f460] Compiler: c1, Barriers: 1, Oops: 1, ImmediateOops: 6, NonImmediateOops: No
[11,811s][debug  ][gc,nmethod     ] Register NMethod: io.sirix.node.NodeKind.deserializeNameDelegate (0x00007f77cfe42690) [0x00007f77cfe428a0, 0x00007f77cfe42eb8] Compiler: c1, Barriers: 0, Oops: 1, ImmediateOops: 0, NonImmediateOops: No
[11,811s][debug  ][gc,nmethod     ] Register NMethod: io.sirix.index.path.summary.PathSummaryReader.lambda$new$0 (0x00007f77cfb0c310) [0x00007f77cfb0c4e0, 0x00007f77cfb0c988] Compiler: c1, Barriers: 3, Oops: 1, ImmediateOops: 0, NonImmediateOops: No
[11,811s][debug  ][gc,nmethod     ] Register NMethod: io.sirix.axis.pathsummary.AbstractAxis.next (0x00007f77cfba7e90) [0x00007f77cfba8060, 0x00007f77cfba8368] Compiler: c1, Barriers: 4, Oops: 1, ImmediateOops: 1, NonImmediateOops: No
[11,811s][debug  ][gc,nmethod     ] Register NMethod: io.sirix.index.path.summary.PathSummaryReader$$Lambda/0x0000000080377bd8.apply (0x00007f77cfe15c90) [0x00007f77cfe15e80, 0x00007f77cfe16488] Compiler: c1, Barriers: 3, Oops: 1, ImmediateOops: 0, NonImmediateOops: No
[11,811s][debug  ][gc,nmethod     ] Register NMethod: io.sirix.index.path.summary.PathNode.getURIKey (0x00007f77cfda6e90) [0x00007f77cfda7020, 0x00007f77cfda7170] Compiler: c1, Barriers: 1, Oops: 1, ImmediateOops: 0, NonImmediateOops: No
[11,811s][debug  ][gc,nmethod     ] Register NMethod: java.lang.invoke.Invokers$Holder.linkToTargetMethod (0x00007f77ef3ae010) [0x00007f77ef3ae1a0, 0x00007f77ef3ae278] Compiler: c2, Barriers: 0, Oops: 0, ImmediateOops: 0, NonImmediateOops: No
[11,811s][debug  ][gc,nmethod     ] Register NMethod: java.lang.invoke.LambdaForm$MH/0x0000000080000800.invoke (0x00007f77ef3add10) [0x00007f77ef3adea0, 0x00007f77ef3adf78] Compiler: c2, Barriers: 1, Oops: 1, ImmediateOops: 0, NonImmediateOops: No
[11,811s][debug  ][gc,nmethod     ] Register NMethod: io.sirix.index.path.summary.PathSummaryReader.moveToRightSibling (0x00007f77cfe28110) [0x00007f77cfe283c0, 0x00007f77cfe28f88] Compiler: c1, Barriers: 7, Oops: 1, ImmediateOops: 1, NonImmediateOops: No
[11,812s][debug  ][gc,nmethod     ] Register NMethod: io.sirix.access.trx.page.NodePageTrx.getName (0x00007f77cfe2a290) [0x00007f77cfe2a560, 0x00007f77cfe2b4a8] Compiler: c1, Barriers: 11, Oops: 1, ImmediateOops: 3, NonImmediateOops: No
[11,813s][debug  ][gc,nmethod     ] Register NMethod: io.sirix.io.filechannel.FileChannelWriter.writePageReference (0x00007f77ef3a7a90) [0x00007f77ef3a8140, 0x00007f77ef3ab7c0] Compiler: c2, Barriers: 55, Oops: 7, ImmediateOops: 8, NonImmediateOops: No
[11,813s][debug  ][gc,nmethod     ] Register NMethod: sun.nio.fs.Util.followLinks (0x00007f77cfe48890) [0x00007f77cfe48a60, 0x00007f77cfe48e80] Compiler: c1, Barriers: 1, Oops: 0, ImmediateOops: 2, NonImmediateOops: No
[11,813s][debug  ][gc,nmethod     ] Register NMethod: java.util.concurrent.ForkJoinPool.compareAndExchangeCtl (0x00007f77cfc05910) [0x00007f77cfc05ac0, 0x00007f77cfc05c20] Compiler: c1, Barriers: 0, Oops: 0, ImmediateOops: 1, NonImmediateOops: No
[11,815s][debug  ][gc,nmethod     ] Register NMethod: io.sirix.service.json.shredder.JsonShredder.processNull (0x00007f77cfc43990) [0x00007f77cfc43b80, 0x00007f77cfc43f38] Compiler: c1, Barriers: 3, Oops: 1, ImmediateOops: 2, NonImmediateOops: No
[11,816s][debug  ][gc,director    ] Rule Major: Warmup 30%, Used: 2738MB, UsedThreshold: 4608MB
[11,816s][debug  ][gc,director    ] Select Minor GC Workers (Not Warm), GCWorkers: 5,000
[11,816s][debug  ][gc,director    ] Rule Minor: Allocation Rate (Dynamic GC Workers), MaxAllocRate: 436,0MB/s (+/-31,2%), Free: 12580MB, GCCPUTime: 1,537, GCDuration: 0,318s, TimeUntilOOM: 21,986s, TimeUntilGC: 21,668s, GCWorkers: 5
[11,816s][debug  ][gc,director    ] Select Minor GC Workers (Not Warm), GCWorkers: 5,000
[11,816s][debug  ][gc,director    ] Rule Minor: Allocation Rate (Dynamic GC Workers), MaxAllocRate: 1789,8MB/s (+/-31,2%), Free: 12580MB, GCCPUTime: 1,537, GCDuration: 0,318s, TimeUntilOOM: 5,356s, TimeUntilGC: 5,038s, GCWorkers: 5
[11,816s][debug  ][gc,director    ] Rule Minor: High Usage, Free: 12580MB(81,9%)
[11,819s][debug  ][gc,nmethod     ] Register NMethod: io.sirix.page.SerializationType.readHash (0x00007f77ef3a6c90) [0x00007f77ef3a6e80, 0x00007f77ef3a7548] Compiler: c2, Barriers: 8, Oops: 2, ImmediateOops: 0, NonImmediateOops: No
[11,819s][debug  ][gc,nmethod     ] Register NMethod: net.openhft.chronicle.bytes.internal.BytesInternal.readStopBit (0x00007f77ef42b090) [0x00007f77ef42b2e0, 0x00007f77ef42bac0] Compiler: c2, Barriers: 9, Oops: 2, ImmediateOops: 0, NonImmediateOops: No
[11,820s][debug  ][gc,nmethod     ] Register NMethod: io.sirix.page.SerializationType.readPageFragments (0x00007f77ef42c010) [0x00007f77ef42c280, 0x00007f77ef42cba8] Compiler: c2, Barriers: 8, Oops: 2, ImmediateOops: 0, NonImmediateOops: No
[11,826s][debug  ][gc,director    ] Rule Major: Warmup 30%, Used: 2744MB, UsedThreshold: 4608MB
[11,826s][debug  ][gc,director    ] Select Minor GC Workers (Not Warm), GCWorkers: 5,000
[11,826s][debug  ][gc,director    ] Rule Minor: Allocation Rate (Dynamic GC Workers), MaxAllocRate: 436,0MB/s (+/-31,2%), Free: 12574MB, GCCPUTime: 1,537, GCDuration: 0,318s, TimeUntilOOM: 21,976s, TimeUntilGC: 21,657s, GCWorkers: 5
[11,827s][debug  ][gc,director    ] Select Minor GC Workers (Not Warm), GCWorkers: 5,000
[11,827s][debug  ][gc,director    ] Rule Minor: Allocation Rate (Dynamic GC Workers), MaxAllocRate: 1789,8MB/s (+/-31,2%), Free: 12574MB, GCCPUTime: 1,537, GCDuration: 0,318s, TimeUntilOOM: 5,354s, TimeUntilGC: 5,035s, GCWorkers: 5
[11,827s][debug  ][gc,director    ] Rule Minor: High Usage, Free: 12574MB(81,9%)
[11,837s][debug  ][gc,director    ] Rule Major: Warmup 30%, Used: 2752MB, UsedThreshold: 4608MB
[11,837s][debug  ][gc,director    ] Select Minor GC Workers (Not Warm), GCWorkers: 5,000
[11,837s][debug  ][gc,director    ] Rule Minor: Allocation Rate (Dynamic GC Workers), MaxAllocRate: 436,0MB/s (+/-31,2%), Free: 12566MB, GCCPUTime: 1,537, GCDuration: 0,318s, TimeUntilOOM: 21,962s, TimeUntilGC: 21,643s, GCWorkers: 5
[11,837s][debug  ][gc,director    ] Select Minor GC Workers (Not Warm), GCWorkers: 5,000
[11,837s][debug  ][gc,director    ] Rule Minor: Allocation Rate (Dynamic GC Workers), MaxAllocRate: 1789,8MB/s (+/-31,2%), Free: 12566MB, GCCPUTime: 1,537, GCDuration: 0,318s, TimeUntilOOM: 5,350s, TimeUntilGC: 5,032s, GCWorkers: 5
[11,837s][debug  ][gc,director    ] Rule Minor: High Usage, Free: 12566MB(81,8%)
[11,839s][debug  ][gc,reloc       ] Synchronize all workers 1 _nworkers: 0 _nsynchronized: 0
[11,840s][debug  ][gc,reloc       ] Synchronize all workers 1 _nworkers: 0 _nsynchronized: 0
[11,840s][debug  ][gc,reloc       ] Desynchronize all workers _nworkers: 0 _nsynchronized: 0
[11,840s][debug  ][gc,reloc       ] Desynchronize all workers _nworkers: 0 _nsynchronized: 0
[11,847s][debug  ][gc,director    ] Rule Major: Warmup 30%, Used: 2758MB, UsedThreshold: 4608MB
[11,847s][debug  ][gc,director    ] Select Minor GC Workers (Not Warm), GCWorkers: 5,000
[11,847s][debug  ][gc,director    ] Rule Minor: Allocation Rate (Dynamic GC Workers), MaxAllocRate: 436,0MB/s (+/-31,2%), Free: 12560MB, GCCPUTime: 1,537, GCDuration: 0,318s, TimeUntilOOM: 21,951s, TimeUntilGC: 21,633s, GCWorkers: 5
[11,847s][debug  ][gc,director    ] Select Minor GC Workers (Not Warm), GCWorkers: 5,000
[11,847s][debug  ][gc,director    ] Rule Minor: Allocation Rate (Dynamic GC Workers), MaxAllocRate: 1789,8MB/s (+/-31,2%), Free: 12560MB, GCCPUTime: 1,537, GCDuration: 0,318s, TimeUntilOOM: 5,348s, TimeUntilGC: 5,029s, GCWorkers: 5
[11,847s][debug  ][gc,director    ] Rule Minor: High Usage, Free: 12560MB(81,8%)
[11,857s][debug  ][gc,nmethod     ] Register NMethod: io.sirix.service.json.shredder.JsonShredder.processNull (0x00007f77ef3a6410) [0x00007f77ef3a65e0, 0x00007f77ef3a69a0] Compiler: c2, Barriers: 3, Oops: 3, ImmediateOops: 0, NonImmediateOops: No
[11,857s][debug  ][gc,director    ] Rule Major: Warmup 30%, Used: 2766MB, UsedThreshold: 4608MB
[11,858s][debug  ][gc,director    ] Select Minor GC Workers (Not Warm), GCWorkers: 5,000
[11,858s][debug  ][gc,director    ] Rule Minor: Allocation Rate (Dynamic GC Workers), MaxAllocRate: 436,0MB/s (+/-31,2%), Free: 12552MB, GCCPUTime: 1,537, GCDuration: 0,318s, TimeUntilOOM: 21,937s, TimeUntilGC: 21,619s, GCWorkers: 5
[11,858s][debug  ][gc,director    ] Select Minor GC Workers (Not Warm), GCWorkers: 5,000
[11,858s][debug  ][gc,director    ] Rule Minor: Allocation Rate (Dynamic GC Workers), MaxAllocRate: 1789,8MB/s (+/-31,2%), Free: 12552MB, GCCPUTime: 1,537, GCDuration: 0,318s, TimeUntilOOM: 5,344s, TimeUntilGC: 5,026s, GCWorkers: 5
[11,858s][debug  ][gc,director    ] Rule Minor: High Usage, Free: 12552MB(81,7%)
[11,868s][debug  ][gc,director    ] Rule Major: Warmup 30%, Used: 2772MB, UsedThreshold: 4608MB
[11,868s][debug  ][gc,director    ] Select Minor GC Workers (Not Warm), GCWorkers: 5,000
[11,868s][debug  ][gc,director    ] Rule Minor: Allocation Rate (Dynamic GC Workers), MaxAllocRate: 436,0MB/s (+/-31,2%), Free: 12546MB, GCCPUTime: 1,537, GCDuration: 0,318s, TimeUntilOOM: 21,927s, TimeUntilGC: 21,608s, GCWorkers: 5
[11,868s][debug  ][gc,director    ] Select Minor GC Workers (Not Warm), GCWorkers: 5,000
[11,868s][debug  ][gc,director    ] Rule Minor: Allocation Rate (Dynamic GC Workers), MaxAllocRate: 1789,8MB/s (+/-31,2%), Free: 12546MB, GCCPUTime: 1,537, GCDuration: 0,318s, TimeUntilOOM: 5,342s, TimeUntilGC: 5,023s, GCWorkers: 5
[11,868s][debug  ][gc,director    ] Rule Minor: High Usage, Free: 12546MB(81,7%)
[11,878s][debug  ][gc,director    ] Rule Major: Warmup 30%, Used: 2780MB, UsedThreshold: 4608MB
[11,878s][debug  ][gc,director    ] Select Minor GC Workers (Not Warm), GCWorkers: 5,000
[11,878s][debug  ][gc,director    ] Rule Minor: Allocation Rate (Dynamic GC Workers), MaxAllocRate: 436,0MB/s (+/-31,2%), Free: 12538MB, GCCPUTime: 1,537, GCDuration: 0,318s, TimeUntilOOM: 21,913s, TimeUntilGC: 21,594s, GCWorkers: 5
[11,878s][debug  ][gc,director    ] Select Minor GC Workers (Not Warm), GCWorkers: 5,000
[11,878s][debug  ][gc,director    ] Rule Minor: Allocation Rate (Dynamic GC Workers), MaxAllocRate: 1789,8MB/s (+/-31,2%), Free: 12538MB, GCCPUTime: 1,537, GCDuration: 0,318s, TimeUntilOOM: 5,338s, TimeUntilGC: 5,020s, GCWorkers: 5
[11,878s][debug  ][gc,director    ] Rule Minor: High Usage, Free: 12538MB(81,6%)
[11,888s][debug  ][gc,director    ] Rule Major: Warmup 30%, Used: 2788MB, UsedThreshold: 4608MB
[11,888s][debug  ][gc,director    ] Select Minor GC Workers (Not Warm), GCWorkers: 5,000
[11,888s][debug  ][gc,director    ] Rule Minor: Allocation Rate (Dynamic GC Workers), MaxAllocRate: 436,0MB/s (+/-31,2%), Free: 12530MB, GCCPUTime: 1,537, GCDuration: 0,318s, TimeUntilOOM: 21,899s, TimeUntilGC: 21,580s, GCWorkers: 5
[11,888s][debug  ][gc,director    ] Select Minor GC Workers (Not Warm), GCWorkers: 5,000
[11,888s][debug  ][gc,director    ] Rule Minor: Allocation Rate (Dynamic GC Workers), MaxAllocRate: 1789,8MB/s (+/-31,2%), Free: 12530MB, GCCPUTime: 1,537, GCDuration: 0,318s, TimeUntilOOM: 5,335s, TimeUntilGC: 5,016s, GCWorkers: 5
[11,888s][debug  ][gc,director    ] Rule Minor: High Usage, Free: 12530MB(81,6%)
[11,898s][debug  ][gc,director    ] Rule Major: Warmup 30%, Used: 2794MB, UsedThreshold: 4608MB
[11,898s][debug  ][gc,director    ] Select Minor GC Workers (Not Warm), GCWorkers: 5,000
[11,899s][debug  ][gc,director    ] Rule Minor: Allocation Rate (Dynamic GC Workers), MaxAllocRate: 436,0MB/s (+/-31,2%), Free: 12524MB, GCCPUTime: 1,537, GCDuration: 0,318s, TimeUntilOOM: 21,888s, TimeUntilGC: 21,570s, GCWorkers: 5
[11,899s][debug  ][gc,director    ] Select Minor GC Workers (Not Warm), GCWorkers: 5,000
[11,899s][debug  ][gc,director    ] Rule Minor: Allocation Rate (Dynamic GC Workers), MaxAllocRate: 1789,8MB/s (+/-31,2%), Free: 12524MB, GCCPUTime: 1,537, GCDuration: 0,318s, TimeUntilOOM: 5,332s, TimeUntilGC: 5,014s, GCWorkers: 5
[11,899s][debug  ][gc,director    ] Rule Minor: High Usage, Free: 12524MB(81,5%)
[11,909s][debug  ][gc,director    ] Rule Major: Warmup 30%, Used: 2802MB, UsedThreshold: 4608MB
[11,909s][debug  ][gc,director    ] Select Minor GC Workers (Not Warm), GCWorkers: 5,000
[11,909s][debug  ][gc,director    ] Rule Minor: Allocation Rate (Dynamic GC Workers), MaxAllocRate: 436,0MB/s (+/-31,2%), Free: 12516MB, GCCPUTime: 1,537, GCDuration: 0,318s, TimeUntilOOM: 21,874s, TimeUntilGC: 21,556s, GCWorkers: 5
[11,909s][debug  ][gc,director    ] Select Minor GC Workers (Not Warm), GCWorkers: 5,000
[11,909s][debug  ][gc,director    ] Rule Minor: Allocation Rate (Dynamic GC Workers), MaxAllocRate: 1789,8MB/s (+/-31,2%), Free: 12516MB, GCCPUTime: 1,537, GCDuration: 0,318s, TimeUntilOOM: 5,329s, TimeUntilGC: 5,010s, GCWorkers: 5
[11,909s][debug  ][gc,director    ] Rule Minor: High Usage, Free: 12516MB(81,5%)
[11,919s][debug  ][gc,director    ] Rule Major: Warmup 30%, Used: 2808MB, UsedThreshold: 4608MB
[11,919s][debug  ][gc,director    ] Select Minor GC Workers (Not Warm), GCWorkers: 5,000
[11,919s][debug  ][gc,director    ] Rule Minor: Allocation Rate (Dynamic GC Workers), MaxAllocRate: 436,0MB/s (+/-31,2%), Free: 12510MB, GCCPUTime: 1,537, GCDuration: 0,318s, TimeUntilOOM: 21,864s, TimeUntilGC: 21,545s, GCWorkers: 5
[11,919s][debug  ][gc,director    ] Select Minor GC Workers (Not Warm), GCWorkers: 5,000
[11,919s][debug  ][gc,director    ] Rule Minor: Allocation Rate (Dynamic GC Workers), MaxAllocRate: 1789,8MB/s (+/-31,2%), Free: 12510MB, GCCPUTime: 1,537, GCDuration: 0,318s, TimeUntilOOM: 5,326s, TimeUntilGC: 5,008s, GCWorkers: 5
[11,919s][debug  ][gc,director    ] Rule Minor: High Usage, Free: 12510MB(81,4%)
[11,929s][debug  ][gc,director    ] Rule Major: Warmup 30%, Used: 2816MB, UsedThreshold: 4608MB
[11,929s][debug  ][gc,director    ] Select Minor GC Workers (Not Warm), GCWorkers: 5,000
[11,929s][debug  ][gc,director    ] Rule Minor: Allocation Rate (Dynamic GC Workers), MaxAllocRate: 436,0MB/s (+/-31,2%), Free: 12502MB, GCCPUTime: 1,537, GCDuration: 0,318s, TimeUntilOOM: 21,850s, TimeUntilGC: 21,531s, GCWorkers: 5
[11,929s][debug  ][gc,director    ] Select Minor GC Workers (Not Warm), GCWorkers: 5,000
[11,929s][debug  ][gc,director    ] Rule Minor: Allocation Rate (Dynamic GC Workers), MaxAllocRate: 1789,8MB/s (+/-31,2%), Free: 12502MB, GCCPUTime: 1,537, GCDuration: 0,318s, TimeUntilOOM: 5,323s, TimeUntilGC: 5,004s, GCWorkers: 5
[11,930s][debug  ][gc,director    ] Rule Minor: High Usage, Free: 12502MB(81,4%)
[11,940s][debug  ][gc,director    ] Rule Major: Warmup 30%, Used: 2822MB, UsedThreshold: 4608MB
[11,940s][debug  ][gc,director    ] Select Minor GC Workers (Not Warm), GCWorkers: 5,000
[11,940s][debug  ][gc,director    ] Rule Minor: Allocation Rate (Dynamic GC Workers), MaxAllocRate: 436,0MB/s (+/-31,2%), Free: 12496MB, GCCPUTime: 1,537, GCDuration: 0,318s, TimeUntilOOM: 21,839s, TimeUntilGC: 21,521s, GCWorkers: 5
[11,940s][debug  ][gc,director    ] Select Minor GC Workers (Not Warm), GCWorkers: 5,000
[11,940s][debug  ][gc,director    ] Rule Minor: Allocation Rate (Dynamic GC Workers), MaxAllocRate: 1789,8MB/s (+/-31,2%), Free: 12496MB, GCCPUTime: 1,537, GCDuration: 0,318s, TimeUntilOOM: 5,320s, TimeUntilGC: 5,002s, GCWorkers: 5
[11,940s][debug  ][gc,director    ] Rule Minor: High Usage, Free: 12496MB(81,4%)
[11,950s][debug  ][gc,director    ] Rule Major: Warmup 30%, Used: 2830MB, UsedThreshold: 4608MB
[11,950s][debug  ][gc,director    ] Select Minor GC Workers (Not Warm), GCWorkers: 5,000
[11,950s][debug  ][gc,director    ] Rule Minor: Allocation Rate (Dynamic GC Workers), MaxAllocRate: 436,0MB/s (+/-31,2%), Free: 12488MB, GCCPUTime: 1,537, GCDuration: 0,318s, TimeUntilOOM: 21,825s, TimeUntilGC: 21,507s, GCWorkers: 5
[11,950s][debug  ][gc,director    ] Select Minor GC Workers (Not Warm), GCWorkers: 5,000
[11,950s][debug  ][gc,director    ] Rule Minor: Allocation Rate (Dynamic GC Workers), MaxAllocRate: 1789,8MB/s (+/-31,2%), Free: 12488MB, GCCPUTime: 1,537, GCDuration: 0,318s, TimeUntilOOM: 5,317s, TimeUntilGC: 4,999s, GCWorkers: 5
[11,950s][debug  ][gc,director    ] Rule Minor: High Usage, Free: 12488MB(81,3%)
[11,957s][debug  ][gc,alloc       ] Mutator Allocation Rate: 638,4MB/s Predicted: 676,9MB/s, Avg: 439,6(+/-137,6)MB/s
[11,957s][debug  ][gc,director    ] Rule Major: Warmup 30%, Used: 2836MB, UsedThreshold: 4608MB
[11,957s][debug  ][gc,director    ] Select Minor GC Workers (Not Warm), GCWorkers: 5,000
[11,957s][debug  ][gc,director    ] Rule Minor: Allocation Rate (Dynamic GC Workers), MaxAllocRate: 439,6MB/s (+/-31,3%), Free: 12482MB, GCCPUTime: 1,537, GCDuration: 0,318s, TimeUntilOOM: 21,625s, TimeUntilGC: 21,306s, GCWorkers: 5
[11,957s][debug  ][gc,director    ] Select Minor GC Workers (Not Warm), GCWorkers: 5,000
[11,957s][debug  ][gc,director    ] Rule Minor: Allocation Rate (Dynamic GC Workers), MaxAllocRate: 1806,6MB/s (+/-31,3%), Free: 12482MB, GCCPUTime: 1,537, GCDuration: 0,318s, TimeUntilOOM: 5,262s, TimeUntilGC: 4,944s, GCWorkers: 5
[11,957s][debug  ][gc,director    ] Rule Minor: High Usage, Free: 12482MB(81,3%)
[11,967s][debug  ][gc,director    ] Rule Major: Warmup 30%, Used: 2842MB, UsedThreshold: 4608MB
[11,967s][debug  ][gc,director    ] Select Minor GC Workers (Not Warm), GCWorkers: 5,000
[11,967s][debug  ][gc,director    ] Rule Minor: Allocation Rate (Dynamic GC Workers), MaxAllocRate: 439,6MB/s (+/-31,3%), Free: 12476MB, GCCPUTime: 1,537, GCDuration: 0,318s, TimeUntilOOM: 21,614s, TimeUntilGC: 21,296s, GCWorkers: 5
[11,967s][debug  ][gc,director    ] Select Minor GC Workers (Not Warm), GCWorkers: 5,000
[11,967s][debug  ][gc,director    ] Rule Minor: Allocation Rate (Dynamic GC Workers), MaxAllocRate: 1806,6MB/s (+/-31,3%), Free: 12476MB, GCCPUTime: 1,537, GCDuration: 0,318s, TimeUntilOOM: 5,260s, TimeUntilGC: 4,941s, GCWorkers: 5
[11,967s][debug  ][gc,director    ] Rule Minor: High Usage, Free: 12476MB(81,2%)
[11,978s][debug  ][gc,director    ] Rule Major: Warmup 30%, Used: 2850MB, UsedThreshold: 4608MB
[11,978s][debug  ][gc,director    ] Select Minor GC Workers (Not Warm), GCWorkers: 5,000
[11,978s][debug  ][gc,director    ] Rule Minor: Allocation Rate (Dynamic GC Workers), MaxAllocRate: 439,6MB/s (+/-31,3%), Free: 12468MB, GCCPUTime: 1,537, GCDuration: 0,318s, TimeUntilOOM: 21,601s, TimeUntilGC: 21,282s, GCWorkers: 5
[11,978s][debug  ][gc,director    ] Select Minor GC Workers (Not Warm), GCWorkers: 5,000
[11,978s][debug  ][gc,director    ] Rule Minor: Allocation Rate (Dynamic GC Workers), MaxAllocRate: 1806,6MB/s (+/-31,3%), Free: 12468MB, GCCPUTime: 1,537, GCDuration: 0,318s, TimeUntilOOM: 5,256s, TimeUntilGC: 4,938s, GCWorkers: 5
[11,978s][debug  ][gc,director    ] Rule Minor: High Usage, Free: 12468MB(81,2%)
[11,988s][debug  ][gc,director    ] Rule Major: Warmup 30%, Used: 2856MB, UsedThreshold: 4608MB
[11,988s][debug  ][gc,director    ] Select Minor GC Workers (Not Warm), GCWorkers: 5,000
[11,988s][debug  ][gc,director    ] Rule Minor: Allocation Rate (Dynamic GC Workers), MaxAllocRate: 439,6MB/s (+/-31,3%), Free: 12462MB, GCCPUTime: 1,537, GCDuration: 0,318s, TimeUntilOOM: 21,590s, TimeUntilGC: 21,272s, GCWorkers: 5
[11,988s][debug  ][gc,director    ] Select Minor GC Workers (Not Warm), GCWorkers: 5,000
[11,988s][debug  ][gc,director    ] Rule Minor: Allocation Rate (Dynamic GC Workers), MaxAllocRate: 1806,6MB/s (+/-31,3%), Free: 12462MB, GCCPUTime: 1,537, GCDuration: 0,318s, TimeUntilOOM: 5,254s, TimeUntilGC: 4,936s, GCWorkers: 5
[11,988s][debug  ][gc,director    ] Rule Minor: High Usage, Free: 12462MB(81,1%)
[11,998s][debug  ][gc,director    ] Rule Major: Warmup 30%, Used: 2864MB, UsedThreshold: 4608MB
[11,998s][debug  ][gc,director    ] Select Minor GC Workers (Not Warm), GCWorkers: 5,000
[11,998s][debug  ][gc,director    ] Rule Minor: Allocation Rate (Dynamic GC Workers), MaxAllocRate: 439,6MB/s (+/-31,3%), Free: 12454MB, GCCPUTime: 1,537, GCDuration: 0,318s, TimeUntilOOM: 21,576s, TimeUntilGC: 21,258s, GCWorkers: 5
[11,998s][debug  ][gc,director    ] Select Minor GC Workers (Not Warm), GCWorkers: 5,000
[11,998s][debug  ][gc,director    ] Rule Minor: Allocation Rate (Dynamic GC Workers), MaxAllocRate: 1806,6MB/s (+/-31,3%), Free: 12454MB, GCCPUTime: 1,537, GCDuration: 0,318s, TimeUntilOOM: 5,251s, TimeUntilGC: 4,932s, GCWorkers: 5
[11,998s][debug  ][gc,director    ] Rule Minor: High Usage, Free: 12454MB(81,1%)
[12,008s][debug  ][gc,director    ] Rule Major: Warmup 30%, Used: 2870MB, UsedThreshold: 4608MB
[12,008s][debug  ][gc,director    ] Select Minor GC Workers (Not Warm), GCWorkers: 5,000
[12,008s][debug  ][gc,director    ] Rule Minor: Allocation Rate (Dynamic GC Workers), MaxAllocRate: 439,6MB/s (+/-31,3%), Free: 12448MB, GCCPUTime: 1,537, GCDuration: 0,318s, TimeUntilOOM: 21,566s, TimeUntilGC: 21,248s, GCWorkers: 5
[12,008s][debug  ][gc,director    ] Select Minor GC Workers (Not Warm), GCWorkers: 5,000
[12,008s][debug  ][gc,director    ] Rule Minor: Allocation Rate (Dynamic GC Workers), MaxAllocRate: 1806,6MB/s (+/-31,3%), Free: 12448MB, GCCPUTime: 1,537, GCDuration: 0,318s, TimeUntilOOM: 5,248s, TimeUntilGC: 4,930s, GCWorkers: 5
[12,008s][debug  ][gc,director    ] Rule Minor: High Usage, Free: 12448MB(81,0%)
[12,019s][debug  ][gc,director    ] Rule Major: Warmup 30%, Used: 2878MB, UsedThreshold: 4608MB
[12,019s][debug  ][gc,director    ] Select Minor GC Workers (Not Warm), GCWorkers: 5,000
[12,019s][debug  ][gc,director    ] Rule Minor: Allocation Rate (Dynamic GC Workers), MaxAllocRate: 439,6MB/s (+/-31,3%), Free: 12440MB, GCCPUTime: 1,537, GCDuration: 0,318s, TimeUntilOOM: 21,552s, TimeUntilGC: 21,234s, GCWorkers: 5
[12,019s][debug  ][gc,director    ] Select Minor GC Workers (Not Warm), GCWorkers: 5,000
[12,019s][debug  ][gc,director    ] Rule Minor: Allocation Rate (Dynamic GC Workers), MaxAllocRate: 1806,6MB/s (+/-31,3%), Free: 12440MB, GCCPUTime: 1,537, GCDuration: 0,318s, TimeUntilOOM: 5,245s, TimeUntilGC: 4,926s, GCWorkers: 5
[12,019s][debug  ][gc,director    ] Rule Minor: High Usage, Free: 12440MB(81,0%)
[12,029s][debug  ][gc,director    ] Rule Major: Warmup 30%, Used: 2884MB, UsedThreshold: 4608MB
[12,029s][debug  ][gc,director    ] Select Minor GC Workers (Not Warm), GCWorkers: 5,000
[12,029s][debug  ][gc,director    ] Rule Minor: Allocation Rate (Dynamic GC Workers), MaxAllocRate: 439,6MB/s (+/-31,3%), Free: 12434MB, GCCPUTime: 1,537, GCDuration: 0,318s, TimeUntilOOM: 21,542s, TimeUntilGC: 21,223s, GCWorkers: 5
[12,029s][debug  ][gc,director    ] Select Minor GC Workers (Not Warm), GCWorkers: 5,000
[12,029s][debug  ][gc,director    ] Rule Minor: Allocation Rate (Dynamic GC Workers), MaxAllocRate: 1806,6MB/s (+/-31,3%), Free: 12434MB, GCCPUTime: 1,537, GCDuration: 0,318s, TimeUntilOOM: 5,242s, TimeUntilGC: 4,924s, GCWorkers: 5
[12,029s][debug  ][gc,director    ] Rule Minor: High Usage, Free: 12434MB(81,0%)
[12,039s][debug  ][gc,director    ] Rule Major: Warmup 30%, Used: 2892MB, UsedThreshold: 4608MB
[12,039s][debug  ][gc,director    ] Select Minor GC Workers (Not Warm), GCWorkers: 5,000
[12,039s][debug  ][gc,director    ] Rule Minor: Allocation Rate (Dynamic GC Workers), MaxAllocRate: 439,6MB/s (+/-31,3%), Free: 12426MB, GCCPUTime: 1,537, GCDuration: 0,318s, TimeUntilOOM: 21,528s, TimeUntilGC: 21,209s, GCWorkers: 5
[12,039s][debug  ][gc,director    ] Select Minor GC Workers (Not Warm), GCWorkers: 5,000
[12,039s][debug  ][gc,director    ] Rule Minor: Allocation Rate (Dynamic GC Workers), MaxAllocRate: 1806,6MB/s (+/-31,3%), Free: 12426MB, GCCPUTime: 1,537, GCDuration: 0,318s, TimeUntilOOM: 5,239s, TimeUntilGC: 4,920s, GCWorkers: 5
[12,039s][debug  ][gc,director    ] Rule Minor: High Usage, Free: 12426MB(80,9%)
[12,049s][debug  ][gc,director    ] Rule Major: Warmup 30%, Used: 2900MB, UsedThreshold: 4608MB
[12,049s][debug  ][gc,director    ] Select Minor GC Workers (Not Warm), GCWorkers: 5,000
[12,049s][debug  ][gc,director    ] Rule Minor: Allocation Rate (Dynamic GC Workers), MaxAllocRate: 439,6MB/s (+/-31,3%), Free: 12418MB, GCCPUTime: 1,537, GCDuration: 0,318s, TimeUntilOOM: 21,514s, TimeUntilGC: 21,196s, GCWorkers: 5
[12,049s][debug  ][gc,director    ] Select Minor GC Workers (Not Warm), GCWorkers: 5,000
[12,049s][debug  ][gc,director    ] Rule Minor: Allocation Rate (Dynamic GC Workers), MaxAllocRate: 1806,6MB/s (+/-31,3%), Free: 12418MB, GCCPUTime: 1,537, GCDuration: 0,318s, TimeUntilOOM: 5,235s, TimeUntilGC: 4,917s, GCWorkers: 5
[12,049s][debug  ][gc,director    ] Rule Minor: High Usage, Free: 12418MB(80,8%)
[12,060s][debug  ][gc,director    ] Rule Major: Warmup 30%, Used: 2906MB, UsedThreshold: 4608MB
[12,060s][debug  ][gc,director    ] Select Minor GC Workers (Not Warm), GCWorkers: 5,000
[12,060s][debug  ][gc,director    ] Rule Minor: Allocation Rate (Dynamic GC Workers), MaxAllocRate: 439,6MB/s (+/-31,3%), Free: 12412MB, GCCPUTime: 1,537, GCDuration: 0,318s, TimeUntilOOM: 21,504s, TimeUntilGC: 21,185s, GCWorkers: 5
[12,060s][debug  ][gc,director    ] Select Minor GC Workers (Not Warm), GCWorkers: 5,000
[12,060s][debug  ][gc,director    ] Rule Minor: Allocation Rate (Dynamic GC Workers), MaxAllocRate: 1806,6MB/s (+/-31,3%), Free: 12412MB, GCCPUTime: 1,537, GCDuration: 0,318s, TimeUntilOOM: 5,233s, TimeUntilGC: 4,914s, GCWorkers: 5
[12,060s][debug  ][gc,director    ] Rule Minor: High Usage, Free: 12412MB(80,8%)
[12,070s][debug  ][gc,director    ] Rule Major: Warmup 30%, Used: 2914MB, UsedThreshold: 4608MB
[12,070s][debug  ][gc,director    ] Select Minor GC Workers (Not Warm), GCWorkers: 5,000
[12,070s][debug  ][gc,director    ] Rule Minor: Allocation Rate (Dynamic GC Workers), MaxAllocRate: 439,6MB/s (+/-31,3%), Free: 12404MB, GCCPUTime: 1,537, GCDuration: 0,318s, TimeUntilOOM: 21,490s, TimeUntilGC: 21,171s, GCWorkers: 5
[12,070s][debug  ][gc,director    ] Select Minor GC Workers (Not Warm), GCWorkers: 5,000
[12,070s][debug  ][gc,director    ] Rule Minor: Allocation Rate (Dynamic GC Workers), MaxAllocRate: 1806,6MB/s (+/-31,3%), Free: 12404MB, GCCPUTime: 1,537, GCDuration: 0,318s, TimeUntilOOM: 5,229s, TimeUntilGC: 4,911s, GCWorkers: 5
[12,070s][debug  ][gc,director    ] Rule Minor: High Usage, Free: 12404MB(80,8%)
[12,080s][debug  ][gc,director    ] Rule Major: Warmup 30%, Used: 2920MB, UsedThreshold: 4608MB
[12,080s][debug  ][gc,director    ] Select Minor GC Workers (Not Warm), GCWorkers: 5,000
[12,080s][debug  ][gc,director    ] Rule Minor: Allocation Rate (Dynamic GC Workers), MaxAllocRate: 439,6MB/s (+/-31,3%), Free: 12398MB, GCCPUTime: 1,537, GCDuration: 0,318s, TimeUntilOOM: 21,479s, TimeUntilGC: 21,161s, GCWorkers: 5
[12,080s][debug  ][gc,director    ] Select Minor GC Workers (Not Warm), GCWorkers: 5,000
[12,080s][debug  ][gc,director    ] Rule Minor: Allocation Rate (Dynamic GC Workers), MaxAllocRate: 1806,6MB/s (+/-31,3%), Free: 12398MB, GCCPUTime: 1,537, GCDuration: 0,318s, TimeUntilOOM: 5,227s, TimeUntilGC: 4,909s, GCWorkers: 5
[12,080s][debug  ][gc,director    ] Rule Minor: High Usage, Free: 12398MB(80,7%)
[12,090s][debug  ][gc,director    ] Rule Major: Warmup 30%, Used: 2928MB, UsedThreshold: 4608MB
[12,090s][debug  ][gc,director    ] Select Minor GC Workers (Not Warm), GCWorkers: 5,000
[12,090s][debug  ][gc,director    ] Rule Minor: Allocation Rate (Dynamic GC Workers), MaxAllocRate: 439,6MB/s (+/-31,3%), Free: 12390MB, GCCPUTime: 1,537, GCDuration: 0,318s, TimeUntilOOM: 21,465s, TimeUntilGC: 21,147s, GCWorkers: 5
[12,090s][debug  ][gc,director    ] Select Minor GC Workers (Not Warm), GCWorkers: 5,000
[12,090s][debug  ][gc,director    ] Rule Minor: Allocation Rate (Dynamic GC Workers), MaxAllocRate: 1806,6MB/s (+/-31,3%), Free: 12390MB, GCCPUTime: 1,537, GCDuration: 0,318s, TimeUntilOOM: 5,224s, TimeUntilGC: 4,905s, GCWorkers: 5
[12,090s][debug  ][gc,director    ] Rule Minor: High Usage, Free: 12390MB(80,7%)
[12,101s][debug  ][gc,director    ] Rule Major: Warmup 30%, Used: 2934MB, UsedThreshold: 4608MB
[12,101s][debug  ][gc,director    ] Select Minor GC Workers (Not Warm), GCWorkers: 5,000
[12,101s][debug  ][gc,director    ] Rule Minor: Allocation Rate (Dynamic GC Workers), MaxAllocRate: 439,6MB/s (+/-31,3%), Free: 12384MB, GCCPUTime: 1,537, GCDuration: 0,318s, TimeUntilOOM: 21,455s, TimeUntilGC: 21,137s, GCWorkers: 5
[12,101s][debug  ][gc,director    ] Select Minor GC Workers (Not Warm), GCWorkers: 5,000
[12,101s][debug  ][gc,director    ] Rule Minor: Allocation Rate (Dynamic GC Workers), MaxAllocRate: 1806,6MB/s (+/-31,3%), Free: 12384MB, GCCPUTime: 1,537, GCDuration: 0,318s, TimeUntilOOM: 5,221s, TimeUntilGC: 4,903s, GCWorkers: 5
[12,101s][debug  ][gc,director    ] Rule Minor: High Usage, Free: 12384MB(80,6%)
[12,111s][debug  ][gc,director    ] Rule Major: Warmup 30%, Used: 2942MB, UsedThreshold: 4608MB
[12,111s][debug  ][gc,director    ] Select Minor GC Workers (Not Warm), GCWorkers: 5,000
[12,111s][debug  ][gc,director    ] Rule Minor: Allocation Rate (Dynamic GC Workers), MaxAllocRate: 439,6MB/s (+/-31,3%), Free: 12376MB, GCCPUTime: 1,537, GCDuration: 0,318s, TimeUntilOOM: 21,441s, TimeUntilGC: 21,123s, GCWorkers: 5
[12,111s][debug  ][gc,director    ] Select Minor GC Workers (Not Warm), GCWorkers: 5,000
[12,111s][debug  ][gc,director    ] Rule Minor: Allocation Rate (Dynamic GC Workers), MaxAllocRate: 1806,6MB/s (+/-31,3%), Free: 12376MB, GCCPUTime: 1,537, GCDuration: 0,318s, TimeUntilOOM: 5,218s, TimeUntilGC: 4,899s, GCWorkers: 5
[12,111s][debug  ][gc,director    ] Rule Minor: High Usage, Free: 12376MB(80,6%)
[12,121s][debug  ][gc,director    ] Rule Major: Warmup 30%, Used: 2950MB, UsedThreshold: 4608MB
[12,121s][debug  ][gc,director    ] Select Minor GC Workers (Not Warm), GCWorkers: 5,000
[12,121s][debug  ][gc,director    ] Rule Minor: Allocation Rate (Dynamic GC Workers), MaxAllocRate: 439,6MB/s (+/-31,3%), Free: 12368MB, GCCPUTime: 1,537, GCDuration: 0,318s, TimeUntilOOM: 21,427s, TimeUntilGC: 21,109s, GCWorkers: 5
[12,121s][debug  ][gc,director    ] Select Minor GC Workers (Not Warm), GCWorkers: 5,000
[12,121s][debug  ][gc,director    ] Rule Minor: Allocation Rate (Dynamic GC Workers), MaxAllocRate: 1806,6MB/s (+/-31,3%), Free: 12368MB, GCCPUTime: 1,537, GCDuration: 0,318s, TimeUntilOOM: 5,214s, TimeUntilGC: 4,896s, GCWorkers: 5
[12,121s][debug  ][gc,director    ] Rule Minor: High Usage, Free: 12368MB(80,5%)
[12,130s][debug  ][gc,alloc       ] Mutator Allocation Rate: 639,3MB/s Predicted: 682,6MB/s, Avg: 443,1(+/-138,9)MB/s
[12,130s][debug  ][gc,director    ] Rule Major: Warmup 30%, Used: 2956MB, UsedThreshold: 4608MB
[12,130s][debug  ][gc,director    ] Select Minor GC Workers (Not Warm), GCWorkers: 5,000
[12,130s][debug  ][gc,director    ] Rule Minor: Allocation Rate (Dynamic GC Workers), MaxAllocRate: 443,1MB/s (+/-31,3%), Free: 12362MB, GCCPUTime: 1,537, GCDuration: 0,318s, TimeUntilOOM: 21,241s, TimeUntilGC: 20,922s, GCWorkers: 5
[12,130s][debug  ][gc,director    ] Select Minor GC Workers (Not Warm), GCWorkers: 5,000
[12,130s][debug  ][gc,director    ] Rule Minor: Allocation Rate (Dynamic GC Workers), MaxAllocRate: 1822,2MB/s (+/-31,3%), Free: 12362MB, GCCPUTime: 1,537, GCDuration: 0,318s, TimeUntilOOM: 5,166s, TimeUntilGC: 4,847s, GCWorkers: 5
[12,130s][debug  ][gc,director    ] Rule Minor: High Usage, Free: 12362MB(80,5%)
[12,140s][debug  ][gc,director    ] Rule Major: Warmup 30%, Used: 2962MB, UsedThreshold: 4608MB
[12,140s][debug  ][gc,director    ] Select Minor GC Workers (Not Warm), GCWorkers: 5,000
[12,140s][debug  ][gc,director    ] Rule Minor: Allocation Rate (Dynamic GC Workers), MaxAllocRate: 443,1MB/s (+/-31,3%), Free: 12356MB, GCCPUTime: 1,537, GCDuration: 0,318s, TimeUntilOOM: 21,230s, TimeUntilGC: 20,912s, GCWorkers: 5
[12,140s][debug  ][gc,director    ] Select Minor GC Workers (Not Warm), GCWorkers: 5,000
[12,140s][debug  ][gc,director    ] Rule Minor: Allocation Rate (Dynamic GC Workers), MaxAllocRate: 1822,2MB/s (+/-31,3%), Free: 12356MB, GCCPUTime: 1,537, GCDuration: 0,318s, TimeUntilOOM: 5,163s, TimeUntilGC: 4,845s, GCWorkers: 5
[12,140s][debug  ][gc,director    ] Rule Minor: High Usage, Free: 12356MB(80,4%)
[12,150s][debug  ][gc,director    ] Rule Major: Warmup 30%, Used: 2970MB, UsedThreshold: 4608MB
[12,150s][debug  ][gc,director    ] Select Minor GC Workers (Not Warm), GCWorkers: 5,000
[12,150s][debug  ][gc,director    ] Rule Minor: Allocation Rate (Dynamic GC Workers), MaxAllocRate: 443,1MB/s (+/-31,3%), Free: 12348MB, GCCPUTime: 1,537, GCDuration: 0,318s, TimeUntilOOM: 21,217s, TimeUntilGC: 20,898s, GCWorkers: 5
[12,150s][debug  ][gc,director    ] Select Minor GC Workers (Not Warm), GCWorkers: 5,000
[12,150s][debug  ][gc,director    ] Rule Minor: Allocation Rate (Dynamic GC Workers), MaxAllocRate: 1822,2MB/s (+/-31,3%), Free: 12348MB, GCCPUTime: 1,537, GCDuration: 0,318s, TimeUntilOOM: 5,160s, TimeUntilGC: 4,841s, GCWorkers: 5
[12,150s][debug  ][gc,director    ] Rule Minor: High Usage, Free: 12348MB(80,4%)
[12,161s][debug  ][gc,director    ] Rule Major: Warmup 30%, Used: 2976MB, UsedThreshold: 4608MB
[12,161s][debug  ][gc,director    ] Select Minor GC Workers (Not Warm), GCWorkers: 5,000
[12,161s][debug  ][gc,director    ] Rule Minor: Allocation Rate (Dynamic GC Workers), MaxAllocRate: 443,1MB/s (+/-31,3%), Free: 12342MB, GCCPUTime: 1,537, GCDuration: 0,318s, TimeUntilOOM: 21,206s, TimeUntilGC: 20,888s, GCWorkers: 5
[12,161s][debug  ][gc,director    ] Select Minor GC Workers (Not Warm), GCWorkers: 5,000
[12,161s][debug  ][gc,director    ] Rule Minor: Allocation Rate (Dynamic GC Workers), MaxAllocRate: 1822,2MB/s (+/-31,3%), Free: 12342MB, GCCPUTime: 1,537, GCDuration: 0,318s, TimeUntilOOM: 5,157s, TimeUntilGC: 4,839s, GCWorkers: 5
[12,161s][debug  ][gc,director    ] Rule Minor: High Usage, Free: 12342MB(80,4%)
[12,171s][debug  ][gc,director    ] Rule Major: Warmup 30%, Used: 2984MB, UsedThreshold: 4608MB
[12,171s][debug  ][gc,director    ] Select Minor GC Workers (Not Warm), GCWorkers: 5,000
[12,171s][debug  ][gc,director    ] Rule Minor: Allocation Rate (Dynamic GC Workers), MaxAllocRate: 443,1MB/s (+/-31,3%), Free: 12334MB, GCCPUTime: 1,537, GCDuration: 0,318s, TimeUntilOOM: 21,193s, TimeUntilGC: 20,874s, GCWorkers: 5
[12,171s][debug  ][gc,director    ] Select Minor GC Workers (Not Warm), GCWorkers: 5,000
[12,171s][debug  ][gc,director    ] Rule Minor: Allocation Rate (Dynamic GC Workers), MaxAllocRate: 1822,2MB/s (+/-31,3%), Free: 12334MB, GCCPUTime: 1,537, GCDuration: 0,318s, TimeUntilOOM: 5,154s, TimeUntilGC: 4,835s, GCWorkers: 5
[12,171s][debug  ][gc,director    ] Rule Minor: High Usage, Free: 12334MB(80,3%)
[12,181s][debug  ][gc,director    ] Rule Major: Warmup 30%, Used: 2990MB, UsedThreshold: 4608MB
[12,181s][debug  ][gc,director    ] Select Minor GC Workers (Not Warm), GCWorkers: 5,000
[12,181s][debug  ][gc,director    ] Rule Minor: Allocation Rate (Dynamic GC Workers), MaxAllocRate: 443,1MB/s (+/-31,3%), Free: 12328MB, GCCPUTime: 1,537, GCDuration: 0,318s, TimeUntilOOM: 21,182s, TimeUntilGC: 20,864s, GCWorkers: 5
[12,181s][debug  ][gc,director    ] Select Minor GC Workers (Not Warm), GCWorkers: 5,000
[12,181s][debug  ][gc,director    ] Rule Minor: Allocation Rate (Dynamic GC Workers), MaxAllocRate: 1822,2MB/s (+/-31,3%), Free: 12328MB, GCCPUTime: 1,537, GCDuration: 0,318s, TimeUntilOOM: 5,151s, TimeUntilGC: 4,833s, GCWorkers: 5
[12,181s][debug  ][gc,director    ] Rule Minor: High Usage, Free: 12328MB(80,3%)
[12,191s][debug  ][gc,director    ] Rule Major: Warmup 30%, Used: 2998MB, UsedThreshold: 4608MB
[12,191s][debug  ][gc,director    ] Select Minor GC Workers (Not Warm), GCWorkers: 5,000
[12,191s][debug  ][gc,director    ] Rule Minor: Allocation Rate (Dynamic GC Workers), MaxAllocRate: 443,1MB/s (+/-31,3%), Free: 12320MB, GCCPUTime: 1,537, GCDuration: 0,318s, TimeUntilOOM: 21,169s, TimeUntilGC: 20,850s, GCWorkers: 5
[12,191s][debug  ][gc,director    ] Select Minor GC Workers (Not Warm), GCWorkers: 5,000
[12,192s][debug  ][gc,director    ] Rule Minor: Allocation Rate (Dynamic GC Workers), MaxAllocRate: 1822,2MB/s (+/-31,3%), Free: 12320MB, GCCPUTime: 1,537, GCDuration: 0,318s, TimeUntilOOM: 5,148s, TimeUntilGC: 4,830s, GCWorkers: 5
[12,192s][debug  ][gc,director    ] Rule Minor: High Usage, Free: 12320MB(80,2%)
[12,202s][debug  ][gc,director    ] Rule Major: Warmup 30%, Used: 3006MB, UsedThreshold: 4608MB
[12,202s][debug  ][gc,director    ] Select Minor GC Workers (Not Warm), GCWorkers: 5,000
[12,202s][debug  ][gc,director    ] Rule Minor: Allocation Rate (Dynamic GC Workers), MaxAllocRate: 443,1MB/s (+/-31,3%), Free: 12312MB, GCCPUTime: 1,537, GCDuration: 0,318s, TimeUntilOOM: 21,155s, TimeUntilGC: 20,836s, GCWorkers: 5
[12,202s][debug  ][gc,director    ] Select Minor GC Workers (Not Warm), GCWorkers: 5,000
[12,202s][debug  ][gc,director    ] Rule Minor: Allocation Rate (Dynamic GC Workers), MaxAllocRate: 1822,2MB/s (+/-31,3%), Free: 12312MB, GCCPUTime: 1,537, GCDuration: 0,318s, TimeUntilOOM: 5,145s, TimeUntilGC: 4,826s, GCWorkers: 5
[12,202s][debug  ][gc,director    ] Rule Minor: High Usage, Free: 12312MB(80,2%)
[12,212s][debug  ][gc,director    ] Rule Major: Warmup 30%, Used: 3012MB, UsedThreshold: 4608MB
[12,212s][debug  ][gc,director    ] Select Minor GC Workers (Not Warm), GCWorkers: 5,000
[12,212s][debug  ][gc,director    ] Rule Minor: Allocation Rate (Dynamic GC Workers), MaxAllocRate: 443,1MB/s (+/-31,3%), Free: 12306MB, GCCPUTime: 1,537, GCDuration: 0,318s, TimeUntilOOM: 21,145s, TimeUntilGC: 20,826s, GCWorkers: 5
[12,212s][debug  ][gc,director    ] Select Minor GC Workers (Not Warm), GCWorkers: 5,000
[12,212s][debug  ][gc,director    ] Rule Minor: Allocation Rate (Dynamic GC Workers), MaxAllocRate: 1822,2MB/s (+/-31,3%), Free: 12306MB, GCCPUTime: 1,537, GCDuration: 0,318s, TimeUntilOOM: 5,142s, TimeUntilGC: 4,824s, GCWorkers: 5
[12,212s][debug  ][gc,director    ] Rule Minor: High Usage, Free: 12306MB(80,1%)
[12,222s][debug  ][gc,director    ] Rule Major: Warmup 30%, Used: 3020MB, UsedThreshold: 4608MB
[12,222s][debug  ][gc,director    ] Select Minor GC Workers (Not Warm), GCWorkers: 5,000
[12,222s][debug  ][gc,director    ] Rule Minor: Allocation Rate (Dynamic GC Workers), MaxAllocRate: 443,1MB/s (+/-31,3%), Free: 12298MB, GCCPUTime: 1,537, GCDuration: 0,318s, TimeUntilOOM: 21,131s, TimeUntilGC: 20,812s, GCWorkers: 5
[12,222s][debug  ][gc,director    ] Select Minor GC Workers (Not Warm), GCWorkers: 5,000
[12,222s][debug  ][gc,director    ] Rule Minor: Allocation Rate (Dynamic GC Workers), MaxAllocRate: 1822,2MB/s (+/-31,3%), Free: 12298MB, GCCPUTime: 1,537, GCDuration: 0,318s, TimeUntilOOM: 5,139s, TimeUntilGC: 4,820s, GCWorkers: 5
[12,222s][debug  ][gc,director    ] Rule Minor: High Usage, Free: 12298MB(80,1%)
[12,232s][debug  ][gc,director    ] Rule Major: Warmup 30%, Used: 3026MB, UsedThreshold: 4608MB
[12,232s][debug  ][gc,director    ] Select Minor GC Workers (Not Warm), GCWorkers: 5,000
[12,232s][debug  ][gc,director    ] Rule Minor: Allocation Rate (Dynamic GC Workers), MaxAllocRate: 443,1MB/s (+/-31,3%), Free: 12292MB, GCCPUTime: 1,537, GCDuration: 0,318s, TimeUntilOOM: 21,120s, TimeUntilGC: 20,802s, GCWorkers: 5
[12,232s][debug  ][gc,director    ] Select Minor GC Workers (Not Warm), GCWorkers: 5,000
[12,232s][debug  ][gc,director    ] Rule Minor: Allocation Rate (Dynamic GC Workers), MaxAllocRate: 1822,2MB/s (+/-31,3%), Free: 12292MB, GCCPUTime: 1,537, GCDuration: 0,318s, TimeUntilOOM: 5,136s, TimeUntilGC: 4,818s, GCWorkers: 5
[12,232s][debug  ][gc,director    ] Rule Minor: High Usage, Free: 12292MB(80,0%)
[12,243s][debug  ][gc,director    ] Rule Major: Warmup 30%, Used: 3034MB, UsedThreshold: 4608MB
[12,243s][debug  ][gc,director    ] Select Minor GC Workers (Not Warm), GCWorkers: 5,000
[12,243s][debug  ][gc,director    ] Rule Minor: Allocation Rate (Dynamic GC Workers), MaxAllocRate: 443,1MB/s (+/-31,3%), Free: 12284MB, GCCPUTime: 1,537, GCDuration: 0,318s, TimeUntilOOM: 21,107s, TimeUntilGC: 20,788s, GCWorkers: 5
[12,243s][debug  ][gc,director    ] Select Minor GC Workers (Not Warm), GCWorkers: 5,000
[12,243s][debug  ][gc,director    ] Rule Minor: Allocation Rate (Dynamic GC Workers), MaxAllocRate: 1822,2MB/s (+/-31,3%), Free: 12284MB, GCCPUTime: 1,537, GCDuration: 0,318s, TimeUntilOOM: 5,133s, TimeUntilGC: 4,815s, GCWorkers: 5
[12,243s][debug  ][gc,director    ] Rule Minor: High Usage, Free: 12284MB(80,0%)
[12,253s][debug  ][gc,director    ] Rule Major: Warmup 30%, Used: 3040MB, UsedThreshold: 4608MB
[12,253s][debug  ][gc,director    ] Select Minor GC Workers (Not Warm), GCWorkers: 5,000
[12,253s][debug  ][gc,director    ] Rule Minor: Allocation Rate (Dynamic GC Workers), MaxAllocRate: 443,1MB/s (+/-31,3%), Free: 12278MB, GCCPUTime: 1,537, GCDuration: 0,318s, TimeUntilOOM: 21,096s, TimeUntilGC: 20,778s, GCWorkers: 5
[12,253s][debug  ][gc,director    ] Select Minor GC Workers (Not Warm), GCWorkers: 5,000
[12,253s][debug  ][gc,director    ] Rule Minor: Allocation Rate (Dynamic GC Workers), MaxAllocRate: 1822,2MB/s (+/-31,3%), Free: 12278MB, GCCPUTime: 1,537, GCDuration: 0,318s, TimeUntilOOM: 5,130s, TimeUntilGC: 4,812s, GCWorkers: 5
[12,253s][debug  ][gc,director    ] Rule Minor: High Usage, Free: 12278MB(79,9%)
[12,263s][debug  ][gc,director    ] Rule Major: Warmup 30%, Used: 3048MB, UsedThreshold: 4608MB
[12,263s][debug  ][gc,director    ] Select Minor GC Workers (Not Warm), GCWorkers: 5,000
[12,263s][debug  ][gc,director    ] Rule Minor: Allocation Rate (Dynamic GC Workers), MaxAllocRate: 443,1MB/s (+/-31,3%), Free: 12270MB, GCCPUTime: 1,537, GCDuration: 0,318s, TimeUntilOOM: 21,083s, TimeUntilGC: 20,764s, GCWorkers: 5
[12,263s][debug  ][gc,director    ] Select Minor GC Workers (Not Warm), GCWorkers: 5,000
[12,263s][debug  ][gc,director    ] Rule Minor: Allocation Rate (Dynamic GC Workers), MaxAllocRate: 1822,2MB/s (+/-31,3%), Free: 12270MB, GCCPUTime: 1,537, GCDuration: 0,318s, TimeUntilOOM: 5,127s, TimeUntilGC: 4,809s, GCWorkers: 5
[12,263s][debug  ][gc,director    ] Rule Minor: High Usage, Free: 12270MB(79,9%)
[12,273s][debug  ][gc,director    ] Rule Major: Warmup 30%, Used: 3056MB, UsedThreshold: 4608MB
[12,273s][debug  ][gc,director    ] Select Minor GC Workers (Not Warm), GCWorkers: 5,000
[12,273s][debug  ][gc,director    ] Rule Minor: Allocation Rate (Dynamic GC Workers), MaxAllocRate: 443,1MB/s (+/-31,3%), Free: 12262MB, GCCPUTime: 1,537, GCDuration: 0,318s, TimeUntilOOM: 21,069s, TimeUntilGC: 20,751s, GCWorkers: 5
[12,273s][debug  ][gc,director    ] Select Minor GC Workers (Not Warm), GCWorkers: 5,000
[12,273s][debug  ][gc,director    ] Rule Minor: Allocation Rate (Dynamic GC Workers), MaxAllocRate: 1822,2MB/s (+/-31,3%), Free: 12262MB, GCCPUTime: 1,537, GCDuration: 0,318s, TimeUntilOOM: 5,124s, TimeUntilGC: 4,805s, GCWorkers: 5
[12,273s][debug  ][gc,director    ] Rule Minor: High Usage, Free: 12262MB(79,8%)
[12,284s][debug  ][gc,director    ] Rule Major: Warmup 30%, Used: 3062MB, UsedThreshold: 4608MB
[12,284s][debug  ][gc,director    ] Select Minor GC Workers (Not Warm), GCWorkers: 5,000
[12,284s][debug  ][gc,director    ] Rule Minor: Allocation Rate (Dynamic GC Workers), MaxAllocRate: 443,1MB/s (+/-31,3%), Free: 12256MB, GCCPUTime: 1,537, GCDuration: 0,318s, TimeUntilOOM: 21,059s, TimeUntilGC: 20,740s, GCWorkers: 5
[12,284s][debug  ][gc,director    ] Select Minor GC Workers (Not Warm), GCWorkers: 5,000
[12,284s][debug  ][gc,director    ] Rule Minor: Allocation Rate (Dynamic GC Workers), MaxAllocRate: 1822,2MB/s (+/-31,3%), Free: 12256MB, GCCPUTime: 1,537, GCDuration: 0,318s, TimeUntilOOM: 5,121s, TimeUntilGC: 4,803s, GCWorkers: 5
[12,284s][debug  ][gc,director    ] Rule Minor: High Usage, Free: 12256MB(79,8%)
[12,294s][debug  ][gc,director    ] Rule Major: Warmup 30%, Used: 3070MB, UsedThreshold: 4608MB
[12,294s][debug  ][gc,director    ] Select Minor GC Workers (Not Warm), GCWorkers: 5,000
[12,294s][debug  ][gc,director    ] Rule Minor: Allocation Rate (Dynamic GC Workers), MaxAllocRate: 443,1MB/s (+/-31,3%), Free: 12248MB, GCCPUTime: 1,537, GCDuration: 0,318s, TimeUntilOOM: 21,045s, TimeUntilGC: 20,726s, GCWorkers: 5
[12,294s][debug  ][gc,director    ] Select Minor GC Workers (Not Warm), GCWorkers: 5,000
[12,294s][debug  ][gc,director    ] Rule Minor: Allocation Rate (Dynamic GC Workers), MaxAllocRate: 1822,2MB/s (+/-31,3%), Free: 12248MB, GCCPUTime: 1,537, GCDuration: 0,318s, TimeUntilOOM: 5,118s, TimeUntilGC: 4,799s, GCWorkers: 5
[12,294s][debug  ][gc,director    ] Rule Minor: High Usage, Free: 12248MB(79,7%)
[12,302s][debug  ][gc,alloc       ] Mutator Allocation Rate: 640,2MB/s Predicted: 687,9MB/s, Avg: 446,5(+/-140,0)MB/s
[12,302s][debug  ][gc,director    ] Rule Major: Warmup 30%, Used: 3076MB, UsedThreshold: 4608MB
[12,302s][debug  ][gc,director    ] Select Minor GC Workers (Not Warm), GCWorkers: 5,000
[12,302s][debug  ][gc,director    ] Rule Minor: Allocation Rate (Dynamic GC Workers), MaxAllocRate: 446,5MB/s (+/-31,4%), Free: 12242MB, GCCPUTime: 1,537, GCDuration: 0,318s, TimeUntilOOM: 20,871s, TimeUntilGC: 20,552s, GCWorkers: 5
[12,302s][debug  ][gc,director    ] Select Minor GC Workers (Not Warm), GCWorkers: 5,000
[12,302s][debug  ][gc,director    ] Rule Minor: Allocation Rate (Dynamic GC Workers), MaxAllocRate: 1836,7MB/s (+/-31,4%), Free: 12242MB, GCCPUTime: 1,537, GCDuration: 0,318s, TimeUntilOOM: 5,074s, TimeUntilGC: 4,756s, GCWorkers: 5
[12,302s][debug  ][gc,director    ] Rule Minor: High Usage, Free: 12242MB(79,7%)
[12,312s][debug  ][gc,director    ] Rule Major: Warmup 30%, Used: 3082MB, UsedThreshold: 4608MB
[12,312s][debug  ][gc,director    ] Select Minor GC Workers (Not Warm), GCWorkers: 5,000
[12,312s][debug  ][gc,director    ] Rule Minor: Allocation Rate (Dynamic GC Workers), MaxAllocRate: 446,5MB/s (+/-31,4%), Free: 12236MB, GCCPUTime: 1,537, GCDuration: 0,318s, TimeUntilOOM: 20,861s, TimeUntilGC: 20,542s, GCWorkers: 5
[12,312s][debug  ][gc,director    ] Select Minor GC Workers (Not Warm), GCWorkers: 5,000
[12,312s][debug  ][gc,director    ] Rule Minor: Allocation Rate (Dynamic GC Workers), MaxAllocRate: 1836,7MB/s (+/-31,4%), Free: 12236MB, GCCPUTime: 1,537, GCDuration: 0,318s, TimeUntilOOM: 5,072s, TimeUntilGC: 4,753s, GCWorkers: 5
[12,312s][debug  ][gc,director    ] Rule Minor: High Usage, Free: 12236MB(79,7%)
[12,322s][debug  ][gc,director    ] Rule Major: Warmup 30%, Used: 3090MB, UsedThreshold: 4608MB
[12,322s][debug  ][gc,director    ] Select Minor GC Workers (Not Warm), GCWorkers: 5,000
[12,322s][debug  ][gc,director    ] Rule Minor: Allocation Rate (Dynamic GC Workers), MaxAllocRate: 446,5MB/s (+/-31,4%), Free: 12228MB, GCCPUTime: 1,537, GCDuration: 0,318s, TimeUntilOOM: 20,847s, TimeUntilGC: 20,529s, GCWorkers: 5
[12,322s][debug  ][gc,director    ] Select Minor GC Workers (Not Warm), GCWorkers: 5,000
[12,322s][debug  ][gc,director    ] Rule Minor: Allocation Rate (Dynamic GC Workers), MaxAllocRate: 1836,7MB/s (+/-31,4%), Free: 12228MB, GCCPUTime: 1,537, GCDuration: 0,318s, TimeUntilOOM: 5,068s, TimeUntilGC: 4,750s, GCWorkers: 5
[12,322s][debug  ][gc,director    ] Rule Minor: High Usage, Free: 12228MB(79,6%)
[12,333s][debug  ][gc,director    ] Rule Major: Warmup 30%, Used: 3096MB, UsedThreshold: 4608MB
[12,333s][debug  ][gc,director    ] Select Minor GC Workers (Not Warm), GCWorkers: 5,000
[12,333s][debug  ][gc,director    ] Rule Minor: Allocation Rate (Dynamic GC Workers), MaxAllocRate: 446,5MB/s (+/-31,4%), Free: 12222MB, GCCPUTime: 1,537, GCDuration: 0,318s, TimeUntilOOM: 20,837s, TimeUntilGC: 20,518s, GCWorkers: 5
[12,333s][debug  ][gc,director    ] Select Minor GC Workers (Not Warm), GCWorkers: 5,000
[12,333s][debug  ][gc,director    ] Rule Minor: Allocation Rate (Dynamic GC Workers), MaxAllocRate: 1836,7MB/s (+/-31,4%), Free: 12222MB, GCCPUTime: 1,537, GCDuration: 0,318s, TimeUntilOOM: 5,066s, TimeUntilGC: 4,747s, GCWorkers: 5
[12,333s][debug  ][gc,director    ] Rule Minor: High Usage, Free: 12222MB(79,6%)
[12,343s][debug  ][gc,director    ] Rule Major: Warmup 30%, Used: 3104MB, UsedThreshold: 4608MB
[12,343s][debug  ][gc,director    ] Select Minor GC Workers (Not Warm), GCWorkers: 5,000
[12,343s][debug  ][gc,director    ] Rule Minor: Allocation Rate (Dynamic GC Workers), MaxAllocRate: 446,5MB/s (+/-31,4%), Free: 12214MB, GCCPUTime: 1,537, GCDuration: 0,318s, TimeUntilOOM: 20,823s, TimeUntilGC: 20,505s, GCWorkers: 5
[12,343s][debug  ][gc,director    ] Select Minor GC Workers (Not Warm), GCWorkers: 5,000
[12,343s][debug  ][gc,director    ] Rule Minor: Allocation Rate (Dynamic GC Workers), MaxAllocRate: 1836,7MB/s (+/-31,4%), Free: 12214MB, GCCPUTime: 1,537, GCDuration: 0,318s, TimeUntilOOM: 5,062s, TimeUntilGC: 4,744s, GCWorkers: 5
[12,343s][debug  ][gc,director    ] Rule Minor: High Usage, Free: 12214MB(79,5%)
[12,353s][debug  ][gc,director    ] Rule Major: Warmup 30%, Used: 3110MB, UsedThreshold: 4608MB
[12,353s][debug  ][gc,director    ] Select Minor GC Workers (Not Warm), GCWorkers: 5,000
[12,353s][debug  ][gc,director    ] Rule Minor: Allocation Rate (Dynamic GC Workers), MaxAllocRate: 446,5MB/s (+/-31,4%), Free: 12208MB, GCCPUTime: 1,537, GCDuration: 0,318s, TimeUntilOOM: 20,813s, TimeUntilGC: 20,495s, GCWorkers: 5
[12,353s][debug  ][gc,director    ] Select Minor GC Workers (Not Warm), GCWorkers: 5,000
[12,353s][debug  ][gc,director    ] Rule Minor: Allocation Rate (Dynamic GC Workers), MaxAllocRate: 1836,7MB/s (+/-31,4%), Free: 12208MB, GCCPUTime: 1,537, GCDuration: 0,318s, TimeUntilOOM: 5,060s, TimeUntilGC: 4,742s, GCWorkers: 5
[12,353s][debug  ][gc,director    ] Rule Minor: High Usage, Free: 12208MB(79,5%)
[12,363s][debug  ][gc,director    ] Rule Major: Warmup 30%, Used: 3118MB, UsedThreshold: 4608MB
[12,363s][debug  ][gc,director    ] Select Minor GC Workers (Not Warm), GCWorkers: 5,000
[12,363s][debug  ][gc,director    ] Rule Minor: Allocation Rate (Dynamic GC Workers), MaxAllocRate: 446,5MB/s (+/-31,4%), Free: 12200MB, GCCPUTime: 1,537, GCDuration: 0,318s, TimeUntilOOM: 20,799s, TimeUntilGC: 20,481s, GCWorkers: 5
[12,363s][debug  ][gc,director    ] Select Minor GC Workers (Not Warm), GCWorkers: 5,000
[12,363s][debug  ][gc,director    ] Rule Minor: Allocation Rate (Dynamic GC Workers), MaxAllocRate: 1836,7MB/s (+/-31,4%), Free: 12200MB, GCCPUTime: 1,537, GCDuration: 0,318s, TimeUntilOOM: 5,057s, TimeUntilGC: 4,738s, GCWorkers: 5
[12,363s][debug  ][gc,director    ] Rule Minor: High Usage, Free: 12200MB(79,4%)
[12,374s][debug  ][gc,director    ] Rule Major: Warmup 30%, Used: 3124MB, UsedThreshold: 4608MB
[12,374s][debug  ][gc,director    ] Select Minor GC Workers (Not Warm), GCWorkers: 5,000
[12,374s][debug  ][gc,director    ] Rule Minor: Allocation Rate (Dynamic GC Workers), MaxAllocRate: 446,5MB/s (+/-31,4%), Free: 12194MB, GCCPUTime: 1,537, GCDuration: 0,318s, TimeUntilOOM: 20,789s, TimeUntilGC: 20,471s, GCWorkers: 5
[12,374s][debug  ][gc,director    ] Select Minor GC Workers (Not Warm), GCWorkers: 5,000
[12,374s][debug  ][gc,director    ] Rule Minor: Allocation Rate (Dynamic GC Workers), MaxAllocRate: 1836,7MB/s (+/-31,4%), Free: 12194MB, GCCPUTime: 1,537, GCDuration: 0,318s, TimeUntilOOM: 5,054s, TimeUntilGC: 4,736s, GCWorkers: 5
[12,374s][debug  ][gc,director    ] Rule Minor: High Usage, Free: 12194MB(79,4%)
[12,384s][debug  ][gc,director    ] Rule Major: Warmup 30%, Used: 3132MB, UsedThreshold: 4608MB
[12,384s][debug  ][gc,director    ] Select Minor GC Workers (Not Warm), GCWorkers: 5,000
[12,384s][debug  ][gc,director    ] Rule Minor: Allocation Rate (Dynamic GC Workers), MaxAllocRate: 446,5MB/s (+/-31,4%), Free: 12186MB, GCCPUTime: 1,537, GCDuration: 0,318s, TimeUntilOOM: 20,775s, TimeUntilGC: 20,457s, GCWorkers: 5
[12,384s][debug  ][gc,director    ] Select Minor GC Workers (Not Warm), GCWorkers: 5,000
[12,384s][debug  ][gc,director    ] Rule Minor: Allocation Rate (Dynamic GC Workers), MaxAllocRate: 1836,7MB/s (+/-31,4%), Free: 12186MB, GCCPUTime: 1,537, GCDuration: 0,318s, TimeUntilOOM: 5,051s, TimeUntilGC: 4,732s, GCWorkers: 5
[12,384s][debug  ][gc,director    ] Rule Minor: High Usage, Free: 12186MB(79,3%)
[12,394s][debug  ][gc,director    ] Rule Major: Warmup 30%, Used: 3140MB, UsedThreshold: 4608MB
[12,394s][debug  ][gc,director    ] Select Minor GC Workers (Not Warm), GCWorkers: 5,000
[12,394s][debug  ][gc,director    ] Rule Minor: Allocation Rate (Dynamic GC Workers), MaxAllocRate: 446,5MB/s (+/-31,4%), Free: 12178MB, GCCPUTime: 1,537, GCDuration: 0,318s, TimeUntilOOM: 20,762s, TimeUntilGC: 20,443s, GCWorkers: 5
[12,394s][debug  ][gc,director    ] Select Minor GC Workers (Not Warm), GCWorkers: 5,000
[12,394s][debug  ][gc,director    ] Rule Minor: Allocation Rate (Dynamic GC Workers), MaxAllocRate: 1836,7MB/s (+/-31,4%), Free: 12178MB, GCCPUTime: 1,537, GCDuration: 0,318s, TimeUntilOOM: 5,048s, TimeUntilGC: 4,729s, GCWorkers: 5
[12,394s][debug  ][gc,director    ] Rule Minor: High Usage, Free: 12178MB(79,3%)
[12,404s][debug  ][gc,director    ] Rule Major: Warmup 30%, Used: 3146MB, UsedThreshold: 4608MB
[12,404s][debug  ][gc,director    ] Select Minor GC Workers (Not Warm), GCWorkers: 5,000
[12,404s][debug  ][gc,director    ] Rule Minor: Allocation Rate (Dynamic GC Workers), MaxAllocRate: 446,5MB/s (+/-31,4%), Free: 12172MB, GCCPUTime: 1,537, GCDuration: 0,318s, TimeUntilOOM: 20,752s, TimeUntilGC: 20,433s, GCWorkers: 5
[12,404s][debug  ][gc,director    ] Select Minor GC Workers (Not Warm), GCWorkers: 5,000
[12,404s][debug  ][gc,director    ] Rule Minor: Allocation Rate (Dynamic GC Workers), MaxAllocRate: 1836,7MB/s (+/-31,4%), Free: 12172MB, GCCPUTime: 1,537, GCDuration: 0,318s, TimeUntilOOM: 5,045s, TimeUntilGC: 4,727s, GCWorkers: 5
[12,404s][debug  ][gc,director    ] Rule Minor: High Usage, Free: 12172MB(79,2%)
[12,415s][debug  ][gc,director    ] Rule Major: Warmup 30%, Used: 3154MB, UsedThreshold: 4608MB
[12,415s][debug  ][gc,director    ] Select Minor GC Workers (Not Warm), GCWorkers: 5,000
[12,415s][debug  ][gc,director    ] Rule Minor: Allocation Rate (Dynamic GC Workers), MaxAllocRate: 446,5MB/s (+/-31,4%), Free: 12164MB, GCCPUTime: 1,537, GCDuration: 0,318s, TimeUntilOOM: 20,738s, TimeUntilGC: 20,420s, GCWorkers: 5
[12,415s][debug  ][gc,director    ] Select Minor GC Workers (Not Warm), GCWorkers: 5,000
[12,415s][debug  ][gc,director    ] Rule Minor: Allocation Rate (Dynamic GC Workers), MaxAllocRate: 1836,7MB/s (+/-31,4%), Free: 12164MB, GCCPUTime: 1,537, GCDuration: 0,318s, TimeUntilOOM: 5,042s, TimeUntilGC: 4,723s, GCWorkers: 5
[12,415s][debug  ][gc,director    ] Rule Minor: High Usage, Free: 12164MB(79,2%)
[12,425s][debug  ][gc,director    ] Rule Major: Warmup 30%, Used: 3160MB, UsedThreshold: 4608MB
[12,425s][debug  ][gc,director    ] Select Minor GC Workers (Not Warm), GCWorkers: 5,000
[12,425s][debug  ][gc,director    ] Rule Minor: Allocation Rate (Dynamic GC Workers), MaxAllocRate: 446,5MB/s (+/-31,4%), Free: 12158MB, GCCPUTime: 1,537, GCDuration: 0,318s, TimeUntilOOM: 20,728s, TimeUntilGC: 20,409s, GCWorkers: 5
[12,425s][debug  ][gc,director    ] Select Minor GC Workers (Not Warm), GCWorkers: 5,000
[12,425s][debug  ][gc,director    ] Rule Minor: Allocation Rate (Dynamic GC Workers), MaxAllocRate: 1836,7MB/s (+/-31,4%), Free: 12158MB, GCCPUTime: 1,537, GCDuration: 0,318s, TimeUntilOOM: 5,039s, TimeUntilGC: 4,721s, GCWorkers: 5
[12,425s][debug  ][gc,director    ] Rule Minor: High Usage, Free: 12158MB(79,2%)
[12,435s][debug  ][gc,director    ] Rule Major: Warmup 30%, Used: 3168MB, UsedThreshold: 4608MB
[12,435s][debug  ][gc,director    ] Select Minor GC Workers (Not Warm), GCWorkers: 5,000
[12,435s][debug  ][gc,director    ] Rule Minor: Allocation Rate (Dynamic GC Workers), MaxAllocRate: 446,5MB/s (+/-31,4%), Free: 12150MB, GCCPUTime: 1,537, GCDuration: 0,318s, TimeUntilOOM: 20,714s, TimeUntilGC: 20,396s, GCWorkers: 5
[12,435s][debug  ][gc,director    ] Select Minor GC Workers (Not Warm), GCWorkers: 5,000
[12,435s][debug  ][gc,director    ] Rule Minor: Allocation Rate (Dynamic GC Workers), MaxAllocRate: 1836,7MB/s (+/-31,4%), Free: 12150MB, GCCPUTime: 1,537, GCDuration: 0,318s, TimeUntilOOM: 5,036s, TimeUntilGC: 4,718s, GCWorkers: 5
[12,435s][debug  ][gc,director    ] Rule Minor: High Usage, Free: 12150MB(79,1%)
[12,445s][debug  ][gc,director    ] Rule Major: Warmup 30%, Used: 3174MB, UsedThreshold: 4608MB
[12,445s][debug  ][gc,director    ] Select Minor GC Workers (Not Warm), GCWorkers: 5,000
[12,445s][debug  ][gc,director    ] Rule Minor: Allocation Rate (Dynamic GC Workers), MaxAllocRate: 446,5MB/s (+/-31,4%), Free: 12144MB, GCCPUTime: 1,537, GCDuration: 0,318s, TimeUntilOOM: 20,704s, TimeUntilGC: 20,385s, GCWorkers: 5
[12,445s][debug  ][gc,director    ] Select Minor GC Workers (Not Warm), GCWorkers: 5,000
[12,446s][debug  ][gc,director    ] Rule Minor: Allocation Rate (Dynamic GC Workers), MaxAllocRate: 1836,7MB/s (+/-31,4%), Free: 12144MB, GCCPUTime: 1,537, GCDuration: 0,318s, TimeUntilOOM: 5,033s, TimeUntilGC: 4,715s, GCWorkers: 5
[12,446s][debug  ][gc,director    ] Rule Minor: High Usage, Free: 12144MB(79,1%)
[12,456s][debug  ][gc,director    ] Rule Major: Warmup 30%, Used: 3182MB, UsedThreshold: 4608MB
[12,456s][debug  ][gc,director    ] Select Minor GC Workers (Not Warm), GCWorkers: 5,000
[12,456s][debug  ][gc,director    ] Rule Minor: Allocation Rate (Dynamic GC Workers), MaxAllocRate: 446,5MB/s (+/-31,4%), Free: 12136MB, GCCPUTime: 1,537, GCDuration: 0,318s, TimeUntilOOM: 20,690s, TimeUntilGC: 20,372s, GCWorkers: 5
[12,456s][debug  ][gc,director    ] Select Minor GC Workers (Not Warm), GCWorkers: 5,000
[12,456s][debug  ][gc,director    ] Rule Minor: Allocation Rate (Dynamic GC Workers), MaxAllocRate: 1836,7MB/s (+/-31,4%), Free: 12136MB, GCCPUTime: 1,537, GCDuration: 0,318s, TimeUntilOOM: 5,030s, TimeUntilGC: 4,712s, GCWorkers: 5
[12,456s][debug  ][gc,director    ] Rule Minor: High Usage, Free: 12136MB(79,0%)
[12,466s][debug  ][gc,director    ] Rule Major: Warmup 30%, Used: 3188MB, UsedThreshold: 4608MB
[12,466s][debug  ][gc,director    ] Select Minor GC Workers (Not Warm), GCWorkers: 5,000
[12,466s][debug  ][gc,director    ] Rule Minor: Allocation Rate (Dynamic GC Workers), MaxAllocRate: 446,5MB/s (+/-31,4%), Free: 12130MB, GCCPUTime: 1,537, GCDuration: 0,318s, TimeUntilOOM: 20,680s, TimeUntilGC: 20,362s, GCWorkers: 5
[12,466s][debug  ][gc,director    ] Select Minor GC Workers (Not Warm), GCWorkers: 5,000
[12,466s][debug  ][gc,director    ] Rule Minor: Allocation Rate (Dynamic GC Workers), MaxAllocRate: 1836,7MB/s (+/-31,4%), Free: 12130MB, GCCPUTime: 1,537, GCDuration: 0,318s, TimeUntilOOM: 5,028s, TimeUntilGC: 4,709s, GCWorkers: 5
[12,466s][debug  ][gc,director    ] Rule Minor: High Usage, Free: 12130MB(79,0%)
[12,475s][debug  ][gc,alloc       ] Mutator Allocation Rate: 641,0MB/s Predicted: 693,0MB/s, Avg: 449,8(+/-141,1)MB/s
[12,475s][debug  ][gc,director    ] Rule Major: Warmup 30%, Used: 3196MB, UsedThreshold: 4608MB
[12,475s][debug  ][gc,director    ] Select Minor GC Workers (Not Warm), GCWorkers: 5,000
[12,475s][debug  ][gc,director    ] Rule Minor: Allocation Rate (Dynamic GC Workers), MaxAllocRate: 449,8MB/s (+/-31,4%), Free: 12122MB, GCCPUTime: 1,537, GCDuration: 0,318s, TimeUntilOOM: 20,514s, TimeUntilGC: 20,196s, GCWorkers: 5
[12,475s][debug  ][gc,director    ] Select Minor GC Workers (Not Warm), GCWorkers: 5,000
[12,475s][debug  ][gc,director    ] Rule Minor: Allocation Rate (Dynamic GC Workers), MaxAllocRate: 1850,2MB/s (+/-31,4%), Free: 12122MB, GCCPUTime: 1,537, GCDuration: 0,318s, TimeUntilOOM: 4,988s, TimeUntilGC: 4,669s, GCWorkers: 5
[12,475s][debug  ][gc,director    ] Rule Minor: High Usage, Free: 12122MB(78,9%)
[12,486s][debug  ][gc,director    ] Rule Major: Warmup 30%, Used: 3202MB, UsedThreshold: 4608MB
[12,486s][debug  ][gc,director    ] Select Minor GC Workers (Not Warm), GCWorkers: 5,000
[12,486s][debug  ][gc,director    ] Rule Minor: Allocation Rate (Dynamic GC Workers), MaxAllocRate: 449,8MB/s (+/-31,4%), Free: 12116MB, GCCPUTime: 1,537, GCDuration: 0,318s, TimeUntilOOM: 20,504s, TimeUntilGC: 20,185s, GCWorkers: 5
[12,486s][debug  ][gc,director    ] Select Minor GC Workers (Not Warm), GCWorkers: 5,000
[12,486s][debug  ][gc,director    ] Rule Minor: Allocation Rate (Dynamic GC Workers), MaxAllocRate: 1850,2MB/s (+/-31,4%), Free: 12116MB, GCCPUTime: 1,537, GCDuration: 0,318s, TimeUntilOOM: 4,985s, TimeUntilGC: 4,667s, GCWorkers: 5
[12,486s][debug  ][gc,director    ] Rule Minor: High Usage, Free: 12116MB(78,9%)
[12,496s][debug  ][gc,director    ] Rule Major: Warmup 30%, Used: 3210MB, UsedThreshold: 4608MB
[12,496s][debug  ][gc,director    ] Select Minor GC Workers (Not Warm), GCWorkers: 5,000
[12,496s][debug  ][gc,director    ] Rule Minor: Allocation Rate (Dynamic GC Workers), MaxAllocRate: 449,8MB/s (+/-31,4%), Free: 12108MB, GCCPUTime: 1,537, GCDuration: 0,318s, TimeUntilOOM: 20,490s, TimeUntilGC: 20,172s, GCWorkers: 5
[12,496s][debug  ][gc,director    ] Select Minor GC Workers (Not Warm), GCWorkers: 5,000
[12,496s][debug  ][gc,director    ] Rule Minor: Allocation Rate (Dynamic GC Workers), MaxAllocRate: 1850,2MB/s (+/-31,4%), Free: 12108MB, GCCPUTime: 1,537, GCDuration: 0,318s, TimeUntilOOM: 4,982s, TimeUntilGC: 4,663s, GCWorkers: 5
[12,496s][debug  ][gc,director    ] Rule Minor: High Usage, Free: 12108MB(78,8%)
[12,506s][debug  ][gc,director    ] Rule Major: Warmup 30%, Used: 3216MB, UsedThreshold: 4608MB
[12,506s][debug  ][gc,director    ] Select Minor GC Workers (Not Warm), GCWorkers: 5,000
[12,506s][debug  ][gc,director    ] Rule Minor: Allocation Rate (Dynamic GC Workers), MaxAllocRate: 449,8MB/s (+/-31,4%), Free: 12102MB, GCCPUTime: 1,537, GCDuration: 0,318s, TimeUntilOOM: 20,480s, TimeUntilGC: 20,162s, GCWorkers: 5
[12,506s][debug  ][gc,director    ] Select Minor GC Workers (Not Warm), GCWorkers: 5,000
[12,506s][debug  ][gc,director    ] Rule Minor: Allocation Rate (Dynamic GC Workers), MaxAllocRate: 1850,2MB/s (+/-31,4%), Free: 12102MB, GCCPUTime: 1,537, GCDuration: 0,318s, TimeUntilOOM: 4,979s, TimeUntilGC: 4,661s, GCWorkers: 5
[12,506s][debug  ][gc,director    ] Rule Minor: High Usage, Free: 12102MB(78,8%)
[12,516s][debug  ][gc,director    ] Rule Major: Warmup 30%, Used: 3224MB, UsedThreshold: 4608MB
[12,516s][debug  ][gc,director    ] Select Minor GC Workers (Not Warm), GCWorkers: 5,000
[12,516s][debug  ][gc,director    ] Rule Minor: Allocation Rate (Dynamic GC Workers), MaxAllocRate: 449,8MB/s (+/-31,4%), Free: 12094MB, GCCPUTime: 1,537, GCDuration: 0,318s, TimeUntilOOM: 20,467s, TimeUntilGC: 20,148s, GCWorkers: 5
[12,516s][debug  ][gc,director    ] Select Minor GC Workers (Not Warm), GCWorkers: 5,000
[12,516s][debug  ][gc,director    ] Rule Minor: Allocation Rate (Dynamic GC Workers), MaxAllocRate: 1850,2MB/s (+/-31,4%), Free: 12094MB, GCCPUTime: 1,537, GCDuration: 0,318s, TimeUntilOOM: 4,976s, TimeUntilGC: 4,658s, GCWorkers: 5
[12,516s][debug  ][gc,director    ] Rule Minor: High Usage, Free: 12094MB(78,7%)
[12,527s][debug  ][gc,director    ] Rule Major: Warmup 30%, Used: 3230MB, UsedThreshold: 4608MB
[12,527s][debug  ][gc,director    ] Select Minor GC Workers (Not Warm), GCWorkers: 5,000
[12,527s][debug  ][gc,director    ] Rule Minor: Allocation Rate (Dynamic GC Workers), MaxAllocRate: 449,8MB/s (+/-31,4%), Free: 12088MB, GCCPUTime: 1,537, GCDuration: 0,318s, TimeUntilOOM: 20,456s, TimeUntilGC: 20,138s, GCWorkers: 5
[12,527s][debug  ][gc,director    ] Select Minor GC Workers (Not Warm), GCWorkers: 5,000
[12,527s][debug  ][gc,director    ] Rule Minor: Allocation Rate (Dynamic GC Workers), MaxAllocRate: 1850,2MB/s (+/-31,4%), Free: 12088MB, GCCPUTime: 1,537, GCDuration: 0,318s, TimeUntilOOM: 4,974s, TimeUntilGC: 4,655s, GCWorkers: 5
[12,527s][debug  ][gc,director    ] Rule Minor: High Usage, Free: 12088MB(78,7%)
[12,537s][debug  ][gc,director    ] Rule Major: Warmup 30%, Used: 3238MB, UsedThreshold: 4608MB
[12,537s][debug  ][gc,director    ] Select Minor GC Workers (Not Warm), GCWorkers: 5,000
[12,537s][debug  ][gc,director    ] Rule Minor: Allocation Rate (Dynamic GC Workers), MaxAllocRate: 449,8MB/s (+/-31,4%), Free: 12080MB, GCCPUTime: 1,537, GCDuration: 0,318s, TimeUntilOOM: 20,443s, TimeUntilGC: 20,125s, GCWorkers: 5
[12,537s][debug  ][gc,director    ] Select Minor GC Workers (Not Warm), GCWorkers: 5,000
[12,537s][debug  ][gc,director    ] Rule Minor: Allocation Rate (Dynamic GC Workers), MaxAllocRate: 1850,2MB/s (+/-31,4%), Free: 12080MB, GCCPUTime: 1,537, GCDuration: 0,318s, TimeUntilOOM: 4,970s, TimeUntilGC: 4,652s, GCWorkers: 5
[12,537s][debug  ][gc,director    ] Rule Minor: High Usage, Free: 12080MB(78,6%)
[12,547s][debug  ][gc,director    ] Rule Major: Warmup 30%, Used: 3244MB, UsedThreshold: 4608MB
[12,547s][debug  ][gc,director    ] Select Minor GC Workers (Not Warm), GCWorkers: 5,000
[12,547s][debug  ][gc,director    ] Rule Minor: Allocation Rate (Dynamic GC Workers), MaxAllocRate: 449,8MB/s (+/-31,4%), Free: 12074MB, GCCPUTime: 1,537, GCDuration: 0,318s, TimeUntilOOM: 20,433s, TimeUntilGC: 20,114s, GCWorkers: 5
[12,547s][debug  ][gc,director    ] Select Minor GC Workers (Not Warm), GCWorkers: 5,000
[12,547s][debug  ][gc,director    ] Rule Minor: Allocation Rate (Dynamic GC Workers), MaxAllocRate: 1850,2MB/s (+/-31,4%), Free: 12074MB, GCCPUTime: 1,537, GCDuration: 0,318s, TimeUntilOOM: 4,968s, TimeUntilGC: 4,649s, GCWorkers: 5
[12,547s][debug  ][gc,director    ] Rule Minor: High Usage, Free: 12074MB(78,6%)
[12,557s][debug  ][gc,director    ] Rule Major: Warmup 30%, Used: 3252MB, UsedThreshold: 4608MB
[12,557s][debug  ][gc,director    ] Select Minor GC Workers (Not Warm), GCWorkers: 5,000
[12,557s][debug  ][gc,director    ] Rule Minor: Allocation Rate (Dynamic GC Workers), MaxAllocRate: 449,8MB/s (+/-31,4%), Free: 12066MB, GCCPUTime: 1,537, GCDuration: 0,318s, TimeUntilOOM: 20,419s, TimeUntilGC: 20,101s, GCWorkers: 5
[12,557s][debug  ][gc,director    ] Select Minor GC Workers (Not Warm), GCWorkers: 5,000
[12,557s][debug  ][gc,director    ] Rule Minor: Allocation Rate (Dynamic GC Workers), MaxAllocRate: 1850,2MB/s (+/-31,4%), Free: 12066MB, GCCPUTime: 1,537, GCDuration: 0,318s, TimeUntilOOM: 4,964s, TimeUntilGC: 4,646s, GCWorkers: 5
[12,557s][debug  ][gc,director    ] Rule Minor: High Usage, Free: 12066MB(78,6%)
[12,567s][debug  ][gc,director    ] Rule Major: Warmup 30%, Used: 3258MB, UsedThreshold: 4608MB
[12,567s][debug  ][gc,director    ] Select Minor GC Workers (Not Warm), GCWorkers: 5,000
[12,567s][debug  ][gc,director    ] Rule Minor: Allocation Rate (Dynamic GC Workers), MaxAllocRate: 449,8MB/s (+/-31,4%), Free: 12060MB, GCCPUTime: 1,537, GCDuration: 0,318s, TimeUntilOOM: 20,409s, TimeUntilGC: 20,091s, GCWorkers: 5
[12,568s][debug  ][gc,director    ] Select Minor GC Workers (Not Warm), GCWorkers: 5,000
[12,568s][debug  ][gc,director    ] Rule Minor: Allocation Rate (Dynamic GC Workers), MaxAllocRate: 1850,2MB/s (+/-31,4%), Free: 12060MB, GCCPUTime: 1,537, GCDuration: 0,318s, TimeUntilOOM: 4,962s, TimeUntilGC: 4,644s, GCWorkers: 5
[12,568s][debug  ][gc,director    ] Rule Minor: High Usage, Free: 12060MB(78,5%)
[12,578s][debug  ][gc,director    ] Rule Major: Warmup 30%, Used: 3266MB, UsedThreshold: 4608MB
[12,578s][debug  ][gc,director    ] Select Minor GC Workers (Not Warm), GCWorkers: 5,000
[12,578s][debug  ][gc,director    ] Rule Minor: Allocation Rate (Dynamic GC Workers), MaxAllocRate: 449,8MB/s (+/-31,4%), Free: 12052MB, GCCPUTime: 1,537, GCDuration: 0,318s, TimeUntilOOM: 20,395s, TimeUntilGC: 20,077s, GCWorkers: 5
[12,578s][debug  ][gc,director    ] Select Minor GC Workers (Not Warm), GCWorkers: 5,000
[12,578s][debug  ][gc,director    ] Rule Minor: Allocation Rate (Dynamic GC Workers), MaxAllocRate: 1850,2MB/s (+/-31,4%), Free: 12052MB, GCCPUTime: 1,537, GCDuration: 0,318s, TimeUntilOOM: 4,959s, TimeUntilGC: 4,640s, GCWorkers: 5
[12,578s][debug  ][gc,director    ] Rule Minor: High Usage, Free: 12052MB(78,5%)
[12,588s][debug  ][gc,director    ] Rule Major: Warmup 30%, Used: 3274MB, UsedThreshold: 4608MB
[12,588s][debug  ][gc,director    ] Select Minor GC Workers (Not Warm), GCWorkers: 5,000
[12,588s][debug  ][gc,director    ] Rule Minor: Allocation Rate (Dynamic GC Workers), MaxAllocRate: 449,8MB/s (+/-31,4%), Free: 12044MB, GCCPUTime: 1,537, GCDuration: 0,318s, TimeUntilOOM: 20,382s, TimeUntilGC: 20,064s, GCWorkers: 5
[12,588s][debug  ][gc,director    ] Select Minor GC Workers (Not Warm), GCWorkers: 5,000
[12,588s][debug  ][gc,director    ] Rule Minor: Allocation Rate (Dynamic GC Workers), MaxAllocRate: 1850,2MB/s (+/-31,4%), Free: 12044MB, GCCPUTime: 1,537, GCDuration: 0,318s, TimeUntilOOM: 4,955s, TimeUntilGC: 4,637s, GCWorkers: 5
[12,588s][debug  ][gc,director    ] Rule Minor: High Usage, Free: 12044MB(78,4%)
[12,598s][debug  ][gc,director    ] Rule Major: Warmup 30%, Used: 3280MB, UsedThreshold: 4608MB
[12,598s][debug  ][gc,director    ] Select Minor GC Workers (Not Warm), GCWorkers: 5,000
[12,598s][debug  ][gc,director    ] Rule Minor: Allocation Rate (Dynamic GC Workers), MaxAllocRate: 449,8MB/s (+/-31,4%), Free: 12038MB, GCCPUTime: 1,537, GCDuration: 0,318s, TimeUntilOOM: 20,372s, TimeUntilGC: 20,053s, GCWorkers: 5
[12,598s][debug  ][gc,director    ] Select Minor GC Workers (Not Warm), GCWorkers: 5,000
[12,598s][debug  ][gc,director    ] Rule Minor: Allocation Rate (Dynamic GC Workers), MaxAllocRate: 1850,2MB/s (+/-31,4%), Free: 12038MB, GCCPUTime: 1,537, GCDuration: 0,318s, TimeUntilOOM: 4,953s, TimeUntilGC: 4,635s, GCWorkers: 5
[12,598s][debug  ][gc,director    ] Rule Minor: High Usage, Free: 12038MB(78,4%)
[12,608s][debug  ][gc,director    ] Rule Major: Warmup 30%, Used: 3288MB, UsedThreshold: 4608MB
[12,608s][debug  ][gc,director    ] Select Minor GC Workers (Not Warm), GCWorkers: 5,000
[12,608s][debug  ][gc,director    ] Rule Minor: Allocation Rate (Dynamic GC Workers), MaxAllocRate: 449,8MB/s (+/-31,4%), Free: 12030MB, GCCPUTime: 1,537, GCDuration: 0,318s, TimeUntilOOM: 20,358s, TimeUntilGC: 20,040s, GCWorkers: 5
[12,608s][debug  ][gc,director    ] Select Minor GC Workers (Not Warm), GCWorkers: 5,000
[12,608s][debug  ][gc,director    ] Rule Minor: Allocation Rate (Dynamic GC Workers), MaxAllocRate: 1850,2MB/s (+/-31,4%), Free: 12030MB, GCCPUTime: 1,537, GCDuration: 0,318s, TimeUntilOOM: 4,950s, TimeUntilGC: 4,631s, GCWorkers: 5
[12,609s][debug  ][gc,director    ] Rule Minor: High Usage, Free: 12030MB(78,3%)
[12,619s][debug  ][gc,director    ] Rule Major: Warmup 30%, Used: 3294MB, UsedThreshold: 4608MB
[12,619s][debug  ][gc,director    ] Select Minor GC Workers (Not Warm), GCWorkers: 5,000
[12,619s][debug  ][gc,director    ] Rule Minor: Allocation Rate (Dynamic GC Workers), MaxAllocRate: 449,8MB/s (+/-31,4%), Free: 12024MB, GCCPUTime: 1,537, GCDuration: 0,318s, TimeUntilOOM: 20,348s, TimeUntilGC: 20,030s, GCWorkers: 5
[12,619s][debug  ][gc,director    ] Select Minor GC Workers (Not Warm), GCWorkers: 5,000
[12,619s][debug  ][gc,director    ] Rule Minor: Allocation Rate (Dynamic GC Workers), MaxAllocRate: 1850,2MB/s (+/-31,4%), Free: 12024MB, GCCPUTime: 1,537, GCDuration: 0,318s, TimeUntilOOM: 4,947s, TimeUntilGC: 4,629s, GCWorkers: 5
[12,619s][debug  ][gc,director    ] Rule Minor: High Usage, Free: 12024MB(78,3%)
[12,629s][debug  ][gc,director    ] Rule Major: Warmup 30%, Used: 3302MB, UsedThreshold: 4608MB
[12,629s][debug  ][gc,director    ] Select Minor GC Workers (Not Warm), GCWorkers: 5,000
[12,629s][debug  ][gc,director    ] Rule Minor: Allocation Rate (Dynamic GC Workers), MaxAllocRate: 449,8MB/s (+/-31,4%), Free: 12016MB, GCCPUTime: 1,537, GCDuration: 0,318s, TimeUntilOOM: 20,335s, TimeUntilGC: 20,016s, GCWorkers: 5
[12,629s][debug  ][gc,director    ] Select Minor GC Workers (Not Warm), GCWorkers: 5,000
[12,629s][debug  ][gc,director    ] Rule Minor: Allocation Rate (Dynamic GC Workers), MaxAllocRate: 1850,2MB/s (+/-31,4%), Free: 12016MB, GCCPUTime: 1,537, GCDuration: 0,318s, TimeUntilOOM: 4,944s, TimeUntilGC: 4,626s, GCWorkers: 5
[12,629s][debug  ][gc,director    ] Rule Minor: High Usage, Free: 12016MB(78,2%)
[12,639s][debug  ][gc,director    ] Rule Major: Warmup 30%, Used: 3308MB, UsedThreshold: 4608MB
[12,639s][debug  ][gc,director    ] Select Minor GC Workers (Not Warm), GCWorkers: 5,000
[12,639s][debug  ][gc,director    ] Rule Minor: Allocation Rate (Dynamic GC Workers), MaxAllocRate: 449,8MB/s (+/-31,4%), Free: 12010MB, GCCPUTime: 1,537, GCDuration: 0,318s, TimeUntilOOM: 20,324s, TimeUntilGC: 20,006s, GCWorkers: 5
[12,639s][debug  ][gc,director    ] Select Minor GC Workers (Not Warm), GCWorkers: 5,000
[12,639s][debug  ][gc,director    ] Rule Minor: Allocation Rate (Dynamic GC Workers), MaxAllocRate: 1850,2MB/s (+/-31,4%), Free: 12010MB, GCCPUTime: 1,537, GCDuration: 0,318s, TimeUntilOOM: 4,941s, TimeUntilGC: 4,623s, GCWorkers: 5
[12,639s][debug  ][gc,director    ] Rule Minor: High Usage, Free: 12010MB(78,2%)
[12,649s][debug  ][gc,alloc       ] Mutator Allocation Rate: 641,8MB/s Predicted: 697,6MB/s, Avg: 453,0(+/-142,1)MB/s
[12,649s][debug  ][gc,director    ] Rule Major: Warmup 30%, Used: 3316MB, UsedThreshold: 4608MB
[12,649s][debug  ][gc,director    ] Select Minor GC Workers (Not Warm), GCWorkers: 5,000
[12,649s][debug  ][gc,director    ] Rule Minor: Allocation Rate (Dynamic GC Workers), MaxAllocRate: 453,0MB/s (+/-31,4%), Free: 12002MB, GCCPUTime: 1,537, GCDuration: 0,318s, TimeUntilOOM: 20,169s, TimeUntilGC: 19,850s, GCWorkers: 5
[12,649s][debug  ][gc,director    ] Select Minor GC Workers (Not Warm), GCWorkers: 5,000
[12,649s][debug  ][gc,director    ] Rule Minor: Allocation Rate (Dynamic GC Workers), MaxAllocRate: 1862,7MB/s (+/-31,4%), Free: 12002MB, GCCPUTime: 1,537, GCDuration: 0,318s, TimeUntilOOM: 4,905s, TimeUntilGC: 4,587s, GCWorkers: 5
[12,649s][debug  ][gc,director    ] Rule Minor: High Usage, Free: 12002MB(78,1%)
[12,659s][debug  ][gc,director    ] Rule Major: Warmup 30%, Used: 3322MB, UsedThreshold: 4608MB
[12,659s][debug  ][gc,director    ] Select Minor GC Workers (Not Warm), GCWorkers: 5,000
[12,659s][debug  ][gc,director    ] Rule Minor: Allocation Rate (Dynamic GC Workers), MaxAllocRate: 453,0MB/s (+/-31,4%), Free: 11996MB, GCCPUTime: 1,537, GCDuration: 0,318s, TimeUntilOOM: 20,159s, TimeUntilGC: 19,840s, GCWorkers: 5
[12,659s][debug  ][gc,director    ] Select Minor GC Workers (Not Warm), GCWorkers: 5,000
[12,659s][debug  ][gc,director    ] Rule Minor: Allocation Rate (Dynamic GC Workers), MaxAllocRate: 1862,7MB/s (+/-31,4%), Free: 11996MB, GCCPUTime: 1,537, GCDuration: 0,318s, TimeUntilOOM: 4,903s, TimeUntilGC: 4,584s, GCWorkers: 5
[12,659s][debug  ][gc,director    ] Rule Minor: High Usage, Free: 11996MB(78,1%)
[12,669s][debug  ][gc,director    ] Rule Major: Warmup 30%, Used: 3330MB, UsedThreshold: 4608MB
[12,669s][debug  ][gc,director    ] Select Minor GC Workers (Not Warm), GCWorkers: 5,000
[12,669s][debug  ][gc,director    ] Rule Minor: Allocation Rate (Dynamic GC Workers), MaxAllocRate: 453,0MB/s (+/-31,4%), Free: 11988MB, GCCPUTime: 1,537, GCDuration: 0,318s, TimeUntilOOM: 20,145s, TimeUntilGC: 19,827s, GCWorkers: 5
[12,669s][debug  ][gc,director    ] Select Minor GC Workers (Not Warm), GCWorkers: 5,000
[12,669s][debug  ][gc,director    ] Rule Minor: Allocation Rate (Dynamic GC Workers), MaxAllocRate: 1862,7MB/s (+/-31,4%), Free: 11988MB, GCCPUTime: 1,537, GCDuration: 0,318s, TimeUntilOOM: 4,899s, TimeUntilGC: 4,581s, GCWorkers: 5
[12,669s][debug  ][gc,director    ] Rule Minor: High Usage, Free: 11988MB(78,0%)
[12,679s][debug  ][gc,director    ] Rule Major: Warmup 30%, Used: 3336MB, UsedThreshold: 4608MB
[12,679s][debug  ][gc,director    ] Select Minor GC Workers (Not Warm), GCWorkers: 5,000
[12,679s][debug  ][gc,director    ] Rule Minor: Allocation Rate (Dynamic GC Workers), MaxAllocRate: 453,0MB/s (+/-31,4%), Free: 11982MB, GCCPUTime: 1,537, GCDuration: 0,318s, TimeUntilOOM: 20,135s, TimeUntilGC: 19,817s, GCWorkers: 5
[12,679s][debug  ][gc,director    ] Select Minor GC Workers (Not Warm), GCWorkers: 5,000
[12,679s][debug  ][gc,director    ] Rule Minor: Allocation Rate (Dynamic GC Workers), MaxAllocRate: 1862,7MB/s (+/-31,4%), Free: 11982MB, GCCPUTime: 1,537, GCDuration: 0,318s, TimeUntilOOM: 4,897s, TimeUntilGC: 4,579s, GCWorkers: 5
[12,679s][debug  ][gc,director    ] Rule Minor: High Usage, Free: 11982MB(78,0%)
[12,690s][debug  ][gc,director    ] Rule Major: Warmup 30%, Used: 3344MB, UsedThreshold: 4608MB
[12,690s][debug  ][gc,director    ] Select Minor GC Workers (Not Warm), GCWorkers: 5,000
[12,690s][debug  ][gc,director    ] Rule Minor: Allocation Rate (Dynamic GC Workers), MaxAllocRate: 453,0MB/s (+/-31,4%), Free: 11974MB, GCCPUTime: 1,537, GCDuration: 0,318s, TimeUntilOOM: 20,122s, TimeUntilGC: 19,803s, GCWorkers: 5
[12,690s][debug  ][gc,director    ] Select Minor GC Workers (Not Warm), GCWorkers: 5,000
[12,690s][debug  ][gc,director    ] Rule Minor: Allocation Rate (Dynamic GC Workers), MaxAllocRate: 1862,7MB/s (+/-31,4%), Free: 11974MB, GCCPUTime: 1,537, GCDuration: 0,318s, TimeUntilOOM: 4,894s, TimeUntilGC: 4,575s, GCWorkers: 5
[12,690s][debug  ][gc,director    ] Rule Minor: High Usage, Free: 11974MB(78,0%)
[12,700s][debug  ][gc,director    ] Rule Major: Warmup 30%, Used: 3350MB, UsedThreshold: 4608MB
[12,700s][debug  ][gc,director    ] Select Minor GC Workers (Not Warm), GCWorkers: 5,000
[12,700s][debug  ][gc,director    ] Rule Minor: Allocation Rate (Dynamic GC Workers), MaxAllocRate: 453,0MB/s (+/-31,4%), Free: 11968MB, GCCPUTime: 1,537, GCDuration: 0,318s, TimeUntilOOM: 20,112s, TimeUntilGC: 19,793s, GCWorkers: 5
[12,700s][debug  ][gc,director    ] Select Minor GC Workers (Not Warm), GCWorkers: 5,000
[12,700s][debug  ][gc,director    ] Rule Minor: Allocation Rate (Dynamic GC Workers), MaxAllocRate: 1862,7MB/s (+/-31,4%), Free: 11968MB, GCCPUTime: 1,537, GCDuration: 0,318s, TimeUntilOOM: 4,891s, TimeUntilGC: 4,573s, GCWorkers: 5
[12,700s][debug  ][gc,director    ] Rule Minor: High Usage, Free: 11968MB(77,9%)
[12,710s][debug  ][gc,director    ] Rule Major: Warmup 30%, Used: 3358MB, UsedThreshold: 4608MB
[12,710s][debug  ][gc,director    ] Select Minor GC Workers (Not Warm), GCWorkers: 5,000
[12,710s][debug  ][gc,director    ] Rule Minor: Allocation Rate (Dynamic GC Workers), MaxAllocRate: 453,0MB/s (+/-31,4%), Free: 11960MB, GCCPUTime: 1,537, GCDuration: 0,318s, TimeUntilOOM: 20,098s, TimeUntilGC: 19,780s, GCWorkers: 5
[12,710s][debug  ][gc,director    ] Select Minor GC Workers (Not Warm), GCWorkers: 5,000
[12,710s][debug  ][gc,director    ] Rule Minor: Allocation Rate (Dynamic GC Workers), MaxAllocRate: 1862,7MB/s (+/-31,4%), Free: 11960MB, GCCPUTime: 1,537, GCDuration: 0,318s, TimeUntilOOM: 4,888s, TimeUntilGC: 4,570s, GCWorkers: 5
[12,710s][debug  ][gc,director    ] Rule Minor: High Usage, Free: 11960MB(77,9%)
[12,720s][debug  ][gc,director    ] Rule Major: Warmup 30%, Used: 3364MB, UsedThreshold: 4608MB
[12,720s][debug  ][gc,director    ] Select Minor GC Workers (Not Warm), GCWorkers: 5,000
[12,720s][debug  ][gc,director    ] Rule Minor: Allocation Rate (Dynamic GC Workers), MaxAllocRate: 453,0MB/s (+/-31,4%), Free: 11954MB, GCCPUTime: 1,537, GCDuration: 0,318s, TimeUntilOOM: 20,088s, TimeUntilGC: 19,770s, GCWorkers: 5
[12,720s][debug  ][gc,director    ] Select Minor GC Workers (Not Warm), GCWorkers: 5,000
[12,720s][debug  ][gc,director    ] Rule Minor: Allocation Rate (Dynamic GC Workers), MaxAllocRate: 1862,7MB/s (+/-31,4%), Free: 11954MB, GCCPUTime: 1,537, GCDuration: 0,318s, TimeUntilOOM: 4,886s, TimeUntilGC: 4,567s, GCWorkers: 5
[12,720s][debug  ][gc,director    ] Rule Minor: High Usage, Free: 11954MB(77,8%)
[12,730s][debug  ][gc,director    ] Rule Major: Warmup 30%, Used: 3372MB, UsedThreshold: 4608MB
[12,730s][debug  ][gc,director    ] Select Minor GC Workers (Not Warm), GCWorkers: 5,000
[12,730s][debug  ][gc,director    ] Rule Minor: Allocation Rate (Dynamic GC Workers), MaxAllocRate: 453,0MB/s (+/-31,4%), Free: 11946MB, GCCPUTime: 1,537, GCDuration: 0,318s, TimeUntilOOM: 20,075s, TimeUntilGC: 19,756s, GCWorkers: 5
[12,730s][debug  ][gc,director    ] Select Minor GC Workers (Not Warm), GCWorkers: 5,000
[12,731s][debug  ][gc,director    ] Rule Minor: Allocation Rate (Dynamic GC Workers), MaxAllocRate: 1862,7MB/s (+/-31,4%), Free: 11946MB, GCCPUTime: 1,537, GCDuration: 0,318s, TimeUntilOOM: 4,882s, TimeUntilGC: 4,564s, GCWorkers: 5
[12,731s][debug  ][gc,director    ] Rule Minor: High Usage, Free: 11946MB(77,8%)
[12,741s][debug  ][gc,director    ] Rule Major: Warmup 30%, Used: 3380MB, UsedThreshold: 4608MB
[12,741s][debug  ][gc,director    ] Select Minor GC Workers (Not Warm), GCWorkers: 5,000
[12,741s][debug  ][gc,director    ] Rule Minor: Allocation Rate (Dynamic GC Workers), MaxAllocRate: 453,0MB/s (+/-31,4%), Free: 11938MB, GCCPUTime: 1,537, GCDuration: 0,318s, TimeUntilOOM: 20,061s, TimeUntilGC: 19,743s, GCWorkers: 5
[12,741s][debug  ][gc,director    ] Select Minor GC Workers (Not Warm), GCWorkers: 5,000
[12,741s][debug  ][gc,director    ] Rule Minor: Allocation Rate (Dynamic GC Workers), MaxAllocRate: 1862,7MB/s (+/-31,4%), Free: 11938MB, GCCPUTime: 1,537, GCDuration: 0,318s, TimeUntilOOM: 4,879s, TimeUntilGC: 4,561s, GCWorkers: 5
[12,741s][debug  ][gc,director    ] Rule Minor: High Usage, Free: 11938MB(77,7%)
[12,751s][debug  ][gc,director    ] Rule Major: Warmup 30%, Used: 3386MB, UsedThreshold: 4608MB
[12,751s][debug  ][gc,director    ] Select Minor GC Workers (Not Warm), GCWorkers: 5,000
[12,751s][debug  ][gc,director    ] Rule Minor: Allocation Rate (Dynamic GC Workers), MaxAllocRate: 453,0MB/s (+/-31,4%), Free: 11932MB, GCCPUTime: 1,537, GCDuration: 0,318s, TimeUntilOOM: 20,051s, TimeUntilGC: 19,733s, GCWorkers: 5
[12,751s][debug  ][gc,director    ] Select Minor GC Workers (Not Warm), GCWorkers: 5,000
[12,751s][debug  ][gc,director    ] Rule Minor: Allocation Rate (Dynamic GC Workers), MaxAllocRate: 1862,7MB/s (+/-31,4%), Free: 11932MB, GCCPUTime: 1,537, GCDuration: 0,318s, TimeUntilOOM: 4,877s, TimeUntilGC: 4,558s, GCWorkers: 5
[12,751s][debug  ][gc,director    ] Rule Minor: High Usage, Free: 11932MB(77,7%)
[12,761s][debug  ][gc,director    ] Rule Major: Warmup 30%, Used: 3394MB, UsedThreshold: 4608MB
[12,761s][debug  ][gc,director    ] Select Minor GC Workers (Not Warm), GCWorkers: 5,000
[12,761s][debug  ][gc,director    ] Rule Minor: Allocation Rate (Dynamic GC Workers), MaxAllocRate: 453,0MB/s (+/-31,4%), Free: 11924MB, GCCPUTime: 1,537, GCDuration: 0,318s, TimeUntilOOM: 20,038s, TimeUntilGC: 19,719s, GCWorkers: 5
[12,761s][debug  ][gc,director    ] Select Minor GC Workers (Not Warm), GCWorkers: 5,000
[12,761s][debug  ][gc,director    ] Rule Minor: Allocation Rate (Dynamic GC Workers), MaxAllocRate: 1862,7MB/s (+/-31,4%), Free: 11924MB, GCCPUTime: 1,537, GCDuration: 0,318s, TimeUntilOOM: 4,873s, TimeUntilGC: 4,555s, GCWorkers: 5
[12,761s][debug  ][gc,director    ] Rule Minor: High Usage, Free: 11924MB(77,6%)
[12,771s][debug  ][gc,director    ] Rule Major: Warmup 30%, Used: 3400MB, UsedThreshold: 4608MB
[12,771s][debug  ][gc,director    ] Select Minor GC Workers (Not Warm), GCWorkers: 5,000
[12,771s][debug  ][gc,director    ] Rule Minor: Allocation Rate (Dynamic GC Workers), MaxAllocRate: 453,0MB/s (+/-31,4%), Free: 11918MB, GCCPUTime: 1,537, GCDuration: 0,318s, TimeUntilOOM: 20,028s, TimeUntilGC: 19,709s, GCWorkers: 5
[12,771s][debug  ][gc,director    ] Select Minor GC Workers (Not Warm), GCWorkers: 5,000
[12,771s][debug  ][gc,director    ] Rule Minor: Allocation Rate (Dynamic GC Workers), MaxAllocRate: 1862,7MB/s (+/-31,4%), Free: 11918MB, GCCPUTime: 1,537, GCDuration: 0,318s, TimeUntilOOM: 4,871s, TimeUntilGC: 4,552s, GCWorkers: 5
[12,771s][debug  ][gc,director    ] Rule Minor: High Usage, Free: 11918MB(77,6%)
[12,781s][debug  ][gc,director    ] Rule Major: Warmup 30%, Used: 3408MB, UsedThreshold: 4608MB
[12,781s][debug  ][gc,director    ] Select Minor GC Workers (Not Warm), GCWorkers: 5,000
[12,782s][debug  ][gc,director    ] Rule Minor: Allocation Rate (Dynamic GC Workers), MaxAllocRate: 453,0MB/s (+/-31,4%), Free: 11910MB, GCCPUTime: 1,537, GCDuration: 0,318s, TimeUntilOOM: 20,014s, TimeUntilGC: 19,696s, GCWorkers: 5
[12,782s][debug  ][gc,director    ] Select Minor GC Workers (Not Warm), GCWorkers: 5,000
[12,782s][debug  ][gc,director    ] Rule Minor: Allocation Rate (Dynamic GC Workers), MaxAllocRate: 1862,7MB/s (+/-31,4%), Free: 11910MB, GCCPUTime: 1,537, GCDuration: 0,318s, TimeUntilOOM: 4,868s, TimeUntilGC: 4,549s, GCWorkers: 5
[12,782s][debug  ][gc,director    ] Rule Minor: High Usage, Free: 11910MB(77,5%)
[12,792s][debug  ][gc,director    ] Rule Major: Warmup 30%, Used: 3414MB, UsedThreshold: 4608MB
[12,792s][debug  ][gc,director    ] Select Minor GC Workers (Not Warm), GCWorkers: 5,000
[12,792s][debug  ][gc,director    ] Rule Minor: Allocation Rate (Dynamic GC Workers), MaxAllocRate: 453,0MB/s (+/-31,4%), Free: 11904MB, GCCPUTime: 1,537, GCDuration: 0,318s, TimeUntilOOM: 20,004s, TimeUntilGC: 19,686s, GCWorkers: 5
[12,792s][debug  ][gc,director    ] Select Minor GC Workers (Not Warm), GCWorkers: 5,000
[12,792s][debug  ][gc,director    ] Rule Minor: Allocation Rate (Dynamic GC Workers), MaxAllocRate: 1862,7MB/s (+/-31,4%), Free: 11904MB, GCCPUTime: 1,537, GCDuration: 0,318s, TimeUntilOOM: 4,865s, TimeUntilGC: 4,547s, GCWorkers: 5
[12,792s][debug  ][gc,director    ] Rule Minor: High Usage, Free: 11904MB(77,5%)
[12,802s][debug  ][gc,director    ] Rule Major: Warmup 30%, Used: 3422MB, UsedThreshold: 4608MB
[12,802s][debug  ][gc,director    ] Select Minor GC Workers (Not Warm), GCWorkers: 5,000
[12,802s][debug  ][gc,director    ] Rule Minor: Allocation Rate (Dynamic GC Workers), MaxAllocRate: 453,0MB/s (+/-31,4%), Free: 11896MB, GCCPUTime: 1,537, GCDuration: 0,318s, TimeUntilOOM: 19,991s, TimeUntilGC: 19,672s, GCWorkers: 5
[12,802s][debug  ][gc,director    ] Select Minor GC Workers (Not Warm), GCWorkers: 5,000
[12,802s][debug  ][gc,director    ] Rule Minor: Allocation Rate (Dynamic GC Workers), MaxAllocRate: 1862,7MB/s (+/-31,4%), Free: 11896MB, GCCPUTime: 1,537, GCDuration: 0,318s, TimeUntilOOM: 4,862s, TimeUntilGC: 4,544s, GCWorkers: 5
[12,802s][debug  ][gc,director    ] Rule Minor: High Usage, Free: 11896MB(77,4%)
[12,812s][debug  ][gc,director    ] Rule Major: Warmup 30%, Used: 3428MB, UsedThreshold: 4608MB
[12,812s][debug  ][gc,director    ] Select Minor GC Workers (Not Warm), GCWorkers: 5,000
[12,812s][debug  ][gc,director    ] Rule Minor: Allocation Rate (Dynamic GC Workers), MaxAllocRate: 453,0MB/s (+/-31,4%), Free: 11890MB, GCCPUTime: 1,537, GCDuration: 0,318s, TimeUntilOOM: 19,981s, TimeUntilGC: 19,662s, GCWorkers: 5
[12,812s][debug  ][gc,director    ] Select Minor GC Workers (Not Warm), GCWorkers: 5,000
[12,812s][debug  ][gc,director    ] Rule Minor: Allocation Rate (Dynamic GC Workers), MaxAllocRate: 1862,7MB/s (+/-31,4%), Free: 11890MB, GCCPUTime: 1,537, GCDuration: 0,318s, TimeUntilOOM: 4,859s, TimeUntilGC: 4,541s, GCWorkers: 5
[12,812s][debug  ][gc,director    ] Rule Minor: High Usage, Free: 11890MB(77,4%)
[12,821s][debug  ][gc,alloc       ] Mutator Allocation Rate: 642,6MB/s Predicted: 702,1MB/s, Avg: 456,1(+/-142,9)MB/s
[12,821s][debug  ][gc,director    ] Rule Major: Warmup 30%, Used: 3436MB, UsedThreshold: 4608MB
[12,821s][debug  ][gc,director    ] Select Minor GC Workers (Not Warm), GCWorkers: 5,000
[12,821s][debug  ][gc,director    ] Rule Minor: Allocation Rate (Dynamic GC Workers), MaxAllocRate: 456,1MB/s (+/-31,3%), Free: 11882MB, GCCPUTime: 1,537, GCDuration: 0,318s, TimeUntilOOM: 19,835s, TimeUntilGC: 19,516s, GCWorkers: 5
[12,821s][debug  ][gc,director    ] Select Minor GC Workers (Not Warm), GCWorkers: 5,000
[12,821s][debug  ][gc,director    ] Rule Minor: Allocation Rate (Dynamic GC Workers), MaxAllocRate: 1874,4MB/s (+/-31,3%), Free: 11882MB, GCCPUTime: 1,537, GCDuration: 0,318s, TimeUntilOOM: 4,827s, TimeUntilGC: 4,508s, GCWorkers: 5
[12,822s][debug  ][gc,director    ] Rule Minor: High Usage, Free: 11882MB(77,4%)
[12,832s][debug  ][gc,director    ] Rule Major: Warmup 30%, Used: 3442MB, UsedThreshold: 4608MB
[12,832s][debug  ][gc,director    ] Select Minor GC Workers (Not Warm), GCWorkers: 5,000
[12,832s][debug  ][gc,director    ] Rule Minor: Allocation Rate (Dynamic GC Workers), MaxAllocRate: 456,1MB/s (+/-31,3%), Free: 11876MB, GCCPUTime: 1,537, GCDuration: 0,318s, TimeUntilOOM: 19,825s, TimeUntilGC: 19,506s, GCWorkers: 5
[12,832s][debug  ][gc,director    ] Select Minor GC Workers (Not Warm), GCWorkers: 5,000
[12,832s][debug  ][gc,director    ] Rule Minor: Allocation Rate (Dynamic GC Workers), MaxAllocRate: 1874,4MB/s (+/-31,3%), Free: 11876MB, GCCPUTime: 1,537, GCDuration: 0,318s, TimeUntilOOM: 4,824s, TimeUntilGC: 4,506s, GCWorkers: 5
[12,832s][debug  ][gc,director    ] Rule Minor: High Usage, Free: 11876MB(77,3%)
[12,842s][debug  ][gc,director    ] Rule Major: Warmup 30%, Used: 3450MB, UsedThreshold: 4608MB
[12,842s][debug  ][gc,director    ] Select Minor GC Workers (Not Warm), GCWorkers: 5,000
[12,842s][debug  ][gc,director    ] Rule Minor: Allocation Rate (Dynamic GC Workers), MaxAllocRate: 456,1MB/s (+/-31,3%), Free: 11868MB, GCCPUTime: 1,537, GCDuration: 0,318s, TimeUntilOOM: 19,811s, TimeUntilGC: 19,493s, GCWorkers: 5
[12,842s][debug  ][gc,director    ] Select Minor GC Workers (Not Warm), GCWorkers: 5,000
[12,842s][debug  ][gc,director    ] Rule Minor: Allocation Rate (Dynamic GC Workers), MaxAllocRate: 1874,4MB/s (+/-31,3%), Free: 11868MB, GCCPUTime: 1,537, GCDuration: 0,318s, TimeUntilOOM: 4,821s, TimeUntilGC: 4,503s, GCWorkers: 5
[12,842s][debug  ][gc,director    ] Rule Minor: High Usage, Free: 11868MB(77,3%)
[12,852s][debug  ][gc,director    ] Rule Major: Warmup 30%, Used: 3456MB, UsedThreshold: 4608MB
[12,852s][debug  ][gc,director    ] Select Minor GC Workers (Not Warm), GCWorkers: 5,000
[12,852s][debug  ][gc,director    ] Rule Minor: Allocation Rate (Dynamic GC Workers), MaxAllocRate: 456,1MB/s (+/-31,3%), Free: 11862MB, GCCPUTime: 1,537, GCDuration: 0,318s, TimeUntilOOM: 19,801s, TimeUntilGC: 19,483s, GCWorkers: 5
[12,852s][debug  ][gc,director    ] Select Minor GC Workers (Not Warm), GCWorkers: 5,000
[12,852s][debug  ][gc,director    ] Rule Minor: Allocation Rate (Dynamic GC Workers), MaxAllocRate: 1874,4MB/s (+/-31,3%), Free: 11862MB, GCCPUTime: 1,537, GCDuration: 0,318s, TimeUntilOOM: 4,819s, TimeUntilGC: 4,500s, GCWorkers: 5
[12,852s][debug  ][gc,director    ] Rule Minor: High Usage, Free: 11862MB(77,2%)
[12,862s][debug  ][gc,director    ] Rule Major: Warmup 30%, Used: 3464MB, UsedThreshold: 4608MB
[12,862s][debug  ][gc,director    ] Select Minor GC Workers (Not Warm), GCWorkers: 5,000
[12,862s][debug  ][gc,director    ] Rule Minor: Allocation Rate (Dynamic GC Workers), MaxAllocRate: 456,1MB/s (+/-31,3%), Free: 11854MB, GCCPUTime: 1,537, GCDuration: 0,318s, TimeUntilOOM: 19,788s, TimeUntilGC: 19,469s, GCWorkers: 5
[12,862s][debug  ][gc,director    ] Select Minor GC Workers (Not Warm), GCWorkers: 5,000
[12,862s][debug  ][gc,director    ] Rule Minor: Allocation Rate (Dynamic GC Workers), MaxAllocRate: 1874,4MB/s (+/-31,3%), Free: 11854MB, GCCPUTime: 1,537, GCDuration: 0,318s, TimeUntilOOM: 4,815s, TimeUntilGC: 4,497s, GCWorkers: 5
[12,862s][debug  ][gc,director    ] Rule Minor: High Usage, Free: 11854MB(77,2%)
[12,873s][debug  ][gc,director    ] Rule Major: Warmup 30%, Used: 3470MB, UsedThreshold: 4608MB
[12,873s][debug  ][gc,director    ] Select Minor GC Workers (Not Warm), GCWorkers: 5,000
[12,873s][debug  ][gc,director    ] Rule Minor: Allocation Rate (Dynamic GC Workers), MaxAllocRate: 456,1MB/s (+/-31,3%), Free: 11848MB, GCCPUTime: 1,537, GCDuration: 0,318s, TimeUntilOOM: 19,778s, TimeUntilGC: 19,459s, GCWorkers: 5
[12,873s][debug  ][gc,director    ] Select Minor GC Workers (Not Warm), GCWorkers: 5,000
[12,873s][debug  ][gc,director    ] Rule Minor: Allocation Rate (Dynamic GC Workers), MaxAllocRate: 1874,4MB/s (+/-31,3%), Free: 11848MB, GCCPUTime: 1,537, GCDuration: 0,318s, TimeUntilOOM: 4,813s, TimeUntilGC: 4,494s, GCWorkers: 5
[12,873s][debug  ][gc,director    ] Rule Minor: High Usage, Free: 11848MB(77,1%)
[12,883s][debug  ][gc,director    ] Rule Major: Warmup 30%, Used: 3476MB, UsedThreshold: 4608MB
[12,883s][debug  ][gc,director    ] Select Minor GC Workers (Not Warm), GCWorkers: 5,000
[12,883s][debug  ][gc,director    ] Rule Minor: Allocation Rate (Dynamic GC Workers), MaxAllocRate: 456,1MB/s (+/-31,3%), Free: 11842MB, GCCPUTime: 1,537, GCDuration: 0,318s, TimeUntilOOM: 19,768s, TimeUntilGC: 19,449s, GCWorkers: 5
[12,883s][debug  ][gc,director    ] Select Minor GC Workers (Not Warm), GCWorkers: 5,000
[12,883s][debug  ][gc,director    ] Rule Minor: Allocation Rate (Dynamic GC Workers), MaxAllocRate: 1874,4MB/s (+/-31,3%), Free: 11842MB, GCCPUTime: 1,537, GCDuration: 0,318s, TimeUntilOOM: 4,810s, TimeUntilGC: 4,492s, GCWorkers: 5
[12,883s][debug  ][gc,director    ] Rule Minor: High Usage, Free: 11842MB(77,1%)
[12,884s][debug  ][gc,nmethod     ] Register NMethod: java.util.concurrent.ForkJoinPool$WorkQueue.topLevelExec (0x00007f77cfe7cf90) [0x00007f77cfe7d1a0, 0x00007f77cfe7d748] Compiler: c1, Barriers: 1, Oops: 0, ImmediateOops: 0, NonImmediateOops: No
[12,893s][debug  ][gc,director    ] Rule Major: Warmup 30%, Used: 3524MB, UsedThreshold: 4608MB
[12,894s][debug  ][gc,director    ] Select Minor GC Workers (Not Warm), GCWorkers: 5,000
[12,894s][debug  ][gc,director    ] Rule Minor: Allocation Rate (Dynamic GC Workers), MaxAllocRate: 456,1MB/s (+/-31,3%), Free: 11794MB, GCCPUTime: 1,537, GCDuration: 0,318s, TimeUntilOOM: 19,688s, TimeUntilGC: 19,369s, GCWorkers: 5
[12,894s][debug  ][gc,director    ] Select Minor GC Workers (Not Warm), GCWorkers: 5,000
[12,894s][debug  ][gc,director    ] Rule Minor: Allocation Rate (Dynamic GC Workers), MaxAllocRate: 1874,4MB/s (+/-31,3%), Free: 11794MB, GCCPUTime: 1,537, GCDuration: 0,318s, TimeUntilOOM: 4,791s, TimeUntilGC: 4,473s, GCWorkers: 5
[12,894s][debug  ][gc,director    ] Rule Minor: High Usage, Free: 11794MB(76,8%)
[12,898s][debug  ][gc,alloc       ] Mutator Allocation Rate: 648,8MB/s Predicted: 706,5MB/s, Avg: 459,2(+/-143,8)MB/s
[12,898s][debug  ][gc,director    ] Rule Major: Warmup 30%, Used: 3550MB, UsedThreshold: 4608MB
[12,898s][debug  ][gc,director    ] Select Minor GC Workers (Not Warm), GCWorkers: 5,000
[12,898s][debug  ][gc,director    ] Rule Minor: Allocation Rate (Dynamic GC Workers), MaxAllocRate: 459,2MB/s (+/-31,3%), Free: 11768MB, GCCPUTime: 1,537, GCDuration: 0,318s, TimeUntilOOM: 19,514s, TimeUntilGC: 19,195s, GCWorkers: 5
[12,898s][debug  ][gc,director    ] Select Minor GC Workers (Not Warm), GCWorkers: 5,000
[12,898s][debug  ][gc,director    ] Rule Minor: Allocation Rate (Dynamic GC Workers), MaxAllocRate: 1886,4MB/s (+/-31,3%), Free: 11768MB, GCCPUTime: 1,537, GCDuration: 0,318s, TimeUntilOOM: 4,751s, TimeUntilGC: 4,432s, GCWorkers: 5
[12,898s][debug  ][gc,director    ] Rule Minor: High Usage, Free: 11768MB(76,6%)
[12,909s][debug  ][gc,director    ] Rule Major: Warmup 30%, Used: 3606MB, UsedThreshold: 4608MB
[12,910s][debug  ][gc,director    ] Select Minor GC Workers (Not Warm), GCWorkers: 5,000
[12,910s][debug  ][gc,director    ] Rule Minor: Allocation Rate (Dynamic GC Workers), MaxAllocRate: 459,2MB/s (+/-31,3%), Free: 11712MB, GCCPUTime: 1,537, GCDuration: 0,318s, TimeUntilOOM: 19,421s, TimeUntilGC: 19,102s, GCWorkers: 5
[12,910s][debug  ][gc,director    ] Select Minor GC Workers (Not Warm), GCWorkers: 5,000
[12,910s][debug  ][gc,director    ] Rule Minor: Allocation Rate (Dynamic GC Workers), MaxAllocRate: 1886,4MB/s (+/-31,3%), Free: 11712MB, GCCPUTime: 1,537, GCDuration: 0,318s, TimeUntilOOM: 4,728s, TimeUntilGC: 4,410s, GCWorkers: 5
[12,910s][debug  ][gc,director    ] Rule Minor: High Usage, Free: 11712MB(76,2%)
[12,920s][debug  ][gc,director    ] Rule Major: Warmup 30%, Used: 3656MB, UsedThreshold: 4608MB
[12,921s][debug  ][gc,alloc       ] Mutator Allocation Rate: 657,9MB/s Predicted: 711,3MB/s, Avg: 462,4(+/-144,8)MB/s
[12,921s][debug  ][gc,director    ] Select Minor GC Workers (Not Warm), GCWorkers: 5,000
[12,921s][debug  ][gc,director    ] Rule Minor: Allocation Rate (Dynamic GC Workers), MaxAllocRate: 459,2MB/s (+/-31,3%), Free: 11662MB, GCCPUTime: 1,537, GCDuration: 0,318s, TimeUntilOOM: 19,338s, TimeUntilGC: 19,019s, GCWorkers: 5
[12,921s][debug  ][gc,director    ] Select Minor GC Workers (Not Warm), GCWorkers: 5,000
[12,921s][debug  ][gc,director    ] Rule Minor: Allocation Rate (Dynamic GC Workers), MaxAllocRate: 1886,4MB/s (+/-31,3%), Free: 11662MB, GCCPUTime: 1,537, GCDuration: 0,318s, TimeUntilOOM: 4,708s, TimeUntilGC: 4,389s, GCWorkers: 5
[12,921s][debug  ][gc,director    ] Rule Minor: High Usage, Free: 11662MB(75,9%)
[12,931s][debug  ][gc,director    ] Rule Major: Warmup 30%, Used: 3700MB, UsedThreshold: 4608MB
[12,932s][debug  ][gc,director    ] Select Minor GC Workers (Not Warm), GCWorkers: 5,000
[12,932s][debug  ][gc,director    ] Rule Minor: Allocation Rate (Dynamic GC Workers), MaxAllocRate: 462,4MB/s (+/-31,3%), Free: 11618MB, GCCPUTime: 1,537, GCDuration: 0,318s, TimeUntilOOM: 19,133s, TimeUntilGC: 18,815s, GCWorkers: 5
[12,932s][debug  ][gc,director    ] Select Minor GC Workers (Not Warm), GCWorkers: 5,000
[12,932s][debug  ][gc,director    ] Rule Minor: Allocation Rate (Dynamic GC Workers), MaxAllocRate: 1899,2MB/s (+/-31,3%), Free: 11618MB, GCCPUTime: 1,537, GCDuration: 0,318s, TimeUntilOOM: 4,658s, TimeUntilGC: 4,340s, GCWorkers: 5
[12,932s][debug  ][gc,director    ] Rule Minor: High Usage, Free: 11618MB(75,6%)
[12,942s][debug  ][gc,director    ] Rule Major: Warmup 30%, Used: 3774MB, UsedThreshold: 4608MB
[12,942s][debug  ][gc,director    ] Select Minor GC Workers (Not Warm), GCWorkers: 5,000
[12,942s][debug  ][gc,director    ] Rule Minor: Allocation Rate (Dynamic GC Workers), MaxAllocRate: 462,4MB/s (+/-31,3%), Free: 11544MB, GCCPUTime: 1,537, GCDuration: 0,318s, TimeUntilOOM: 19,011s, TimeUntilGC: 18,693s, GCWorkers: 5
[12,942s][debug  ][gc,director    ] Select Minor GC Workers (Not Warm), GCWorkers: 5,000
[12,942s][debug  ][gc,director    ] Rule Minor: Allocation Rate (Dynamic GC Workers), MaxAllocRate: 1899,2MB/s (+/-31,3%), Free: 11544MB, GCCPUTime: 1,537, GCDuration: 0,318s, TimeUntilOOM: 4,629s, TimeUntilGC: 4,310s, GCWorkers: 5
[12,942s][debug  ][gc,director    ] Rule Minor: High Usage, Free: 11544MB(75,2%)
[12,945s][debug  ][gc,alloc       ] Mutator Allocation Rate: 666,9MB/s Predicted: 716,3MB/s, Avg: 465,6(+/-145,9)MB/s
[12,945s][debug  ][gc,director    ] Rule Major: Warmup 30%, Used: 3784MB, UsedThreshold: 4608MB
[12,945s][debug  ][gc,director    ] Select Minor GC Workers (Not Warm), GCWorkers: 5,000
[12,945s][debug  ][gc,director    ] Rule Minor: Allocation Rate (Dynamic GC Workers), MaxAllocRate: 465,6MB/s (+/-31,3%), Free: 11534MB, GCCPUTime: 1,537, GCDuration: 0,318s, TimeUntilOOM: 18,862s, TimeUntilGC: 18,543s, GCWorkers: 5
[12,945s][debug  ][gc,director    ] Select Minor GC Workers (Not Warm), GCWorkers: 5,000
[12,945s][debug  ][gc,director    ] Rule Minor: Allocation Rate (Dynamic GC Workers), MaxAllocRate: 1912,8MB/s (+/-31,3%), Free: 11534MB, GCCPUTime: 1,537, GCDuration: 0,318s, TimeUntilOOM: 4,591s, TimeUntilGC: 4,273s, GCWorkers: 5
[12,945s][debug  ][gc,director    ] Rule Minor: High Usage, Free: 11534MB(75,1%)
[12,956s][debug  ][gc,director    ] Rule Major: Warmup 30%, Used: 3838MB, UsedThreshold: 4608MB
[12,956s][debug  ][gc,director    ] Select Minor GC Workers (Not Warm), GCWorkers: 5,000
[12,956s][debug  ][gc,director    ] Rule Minor: Allocation Rate (Dynamic GC Workers), MaxAllocRate: 465,6MB/s (+/-31,3%), Free: 11480MB, GCCPUTime: 1,537, GCDuration: 0,318s, TimeUntilOOM: 18,773s, TimeUntilGC: 18,455s, GCWorkers: 5
[12,956s][debug  ][gc,director    ] Select Minor GC Workers (Not Warm), GCWorkers: 5,000
[12,956s][debug  ][gc,director    ] Rule Minor: Allocation Rate (Dynamic GC Workers), MaxAllocRate: 1912,8MB/s (+/-31,3%), Free: 11480MB, GCCPUTime: 1,537, GCDuration: 0,318s, TimeUntilOOM: 4,570s, TimeUntilGC: 4,251s, GCWorkers: 5
[12,956s][debug  ][gc,director    ] Rule Minor: High Usage, Free: 11480MB(74,7%)
[12,966s][debug  ][gc,director    ] Rule Major: Warmup 30%, Used: 3888MB, UsedThreshold: 4608MB
[12,967s][debug  ][gc,director    ] Select Minor GC Workers (Not Warm), GCWorkers: 5,000
[12,967s][debug  ][gc,director    ] Rule Minor: Allocation Rate (Dynamic GC Workers), MaxAllocRate: 465,6MB/s (+/-31,3%), Free: 11430MB, GCCPUTime: 1,537, GCDuration: 0,318s, TimeUntilOOM: 18,692s, TimeUntilGC: 18,373s, GCWorkers: 5
[12,967s][debug  ][gc,director    ] Select Minor GC Workers (Not Warm), GCWorkers: 5,000
[12,967s][debug  ][gc,director    ] Rule Minor: Allocation Rate (Dynamic GC Workers), MaxAllocRate: 1912,8MB/s (+/-31,3%), Free: 11430MB, GCCPUTime: 1,537, GCDuration: 0,318s, TimeUntilOOM: 4,550s, TimeUntilGC: 4,231s, GCWorkers: 5
[12,967s][debug  ][gc,director    ] Rule Minor: High Usage, Free: 11430MB(74,4%)
[12,970s][debug  ][gc,alloc       ] Mutator Allocation Rate: 675,9MB/s Predicted: 721,5MB/s, Avg: 468,8(+/-147,1)MB/s
[12,970s][debug  ][gc,director    ] Rule Major: Warmup 30%, Used: 3904MB, UsedThreshold: 4608MB
[12,970s][debug  ][gc,director    ] Select Minor GC Workers (Not Warm), GCWorkers: 5,000
[12,970s][debug  ][gc,director    ] Rule Minor: Allocation Rate (Dynamic GC Workers), MaxAllocRate: 468,8MB/s (+/-31,4%), Free: 11414MB, GCCPUTime: 1,537, GCDuration: 0,318s, TimeUntilOOM: 18,532s, TimeUntilGC: 18,214s, GCWorkers: 5
[12,970s][debug  ][gc,director    ] Select Minor GC Workers (Not Warm), GCWorkers: 5,000
[12,970s][debug  ][gc,director    ] Rule Minor: Allocation Rate (Dynamic GC Workers), MaxAllocRate: 1927,1MB/s (+/-31,4%), Free: 11414MB, GCCPUTime: 1,537, GCDuration: 0,318s, TimeUntilOOM: 4,509s, TimeUntilGC: 4,190s, GCWorkers: 5
[12,970s][debug  ][gc,director    ] Rule Minor: High Usage, Free: 11414MB(74,3%)
[12,972s][debug  ][gc,nmethod     ] Register NMethod: java.util.stream.Sink.end (0x00007f77ef42d410) [0x00007f77ef42d580, 0x00007f77ef42d5f8] Compiler: c2, Barriers: 0, Oops: 0, ImmediateOops: 0, NonImmediateOops: No
[12,981s][debug  ][gc,director    ] Rule Major: Warmup 30%, Used: 3950MB, UsedThreshold: 4608MB
[12,981s][debug  ][gc,director    ] Select Minor GC Workers (Not Warm), GCWorkers: 5,000
[12,981s][debug  ][gc,director    ] Rule Minor: Allocation Rate (Dynamic GC Workers), MaxAllocRate: 468,8MB/s (+/-31,4%), Free: 11368MB, GCCPUTime: 1,537, GCDuration: 0,318s, TimeUntilOOM: 18,457s, TimeUntilGC: 18,139s, GCWorkers: 5
[12,981s][debug  ][gc,director    ] Select Minor GC Workers (Not Warm), GCWorkers: 5,000
[12,981s][debug  ][gc,director    ] Rule Minor: Allocation Rate (Dynamic GC Workers), MaxAllocRate: 1927,1MB/s (+/-31,4%), Free: 11368MB, GCCPUTime: 1,537, GCDuration: 0,318s, TimeUntilOOM: 4,490s, TimeUntilGC: 4,172s, GCWorkers: 5
[12,981s][debug  ][gc,director    ] Rule Minor: High Usage, Free: 11368MB(74,0%)
[12,991s][debug  ][gc,director    ] Rule Major: Warmup 30%, Used: 3980MB, UsedThreshold: 4608MB
[12,991s][debug  ][gc,director    ] Select Minor GC Workers (Not Warm), GCWorkers: 5,000
[12,992s][debug  ][gc,director    ] Rule Minor: Allocation Rate (Dynamic GC Workers), MaxAllocRate: 468,8MB/s (+/-31,4%), Free: 11338MB, GCCPUTime: 1,537, GCDuration: 0,318s, TimeUntilOOM: 18,409s, TimeUntilGC: 18,090s, GCWorkers: 5
[12,992s][debug  ][gc,director    ] Select Minor GC Workers (Not Warm), GCWorkers: 5,000
[12,992s][debug  ][gc,director    ] Rule Minor: Allocation Rate (Dynamic GC Workers), MaxAllocRate: 1927,1MB/s (+/-31,4%), Free: 11338MB, GCCPUTime: 1,537, GCDuration: 0,318s, TimeUntilOOM: 4,479s, TimeUntilGC: 4,160s, GCWorkers: 5
[12,992s][debug  ][gc,director    ] Rule Minor: High Usage, Free: 11338MB(73,8%)
[13,000s][debug  ][gc,alloc       ] Mutator Allocation Rate: 684,5MB/s Predicted: 727,0MB/s, Avg: 472,1(+/-148,3)MB/s
[13,000s][debug  ][gc,director    ] Rule Major: Warmup 30%, Used: 4024MB, UsedThreshold: 4608MB
[13,000s][debug  ][gc,director    ] Select Minor GC Workers (Not Warm), GCWorkers: 5,000
[13,000s][debug  ][gc,director    ] Rule Minor: Allocation Rate (Dynamic GC Workers), MaxAllocRate: 472,1MB/s (+/-31,4%), Free: 11294MB, GCCPUTime: 1,537, GCDuration: 0,318s, TimeUntilOOM: 18,204s, TimeUntilGC: 17,886s, GCWorkers: 5
[13,000s][debug  ][gc,director    ] Select Minor GC Workers (Not Warm), GCWorkers: 5,000
[13,000s][debug  ][gc,director    ] Rule Minor: Allocation Rate (Dynamic GC Workers), MaxAllocRate: 1942,0MB/s (+/-31,4%), Free: 11294MB, GCCPUTime: 1,537, GCDuration: 0,318s, TimeUntilOOM: 4,425s, TimeUntilGC: 4,107s, GCWorkers: 5
[13,000s][debug  ][gc,director    ] Rule Minor: High Usage, Free: 11294MB(73,5%)
[13,009s][debug  ][gc,nmethod     ] Register NMethod: jdk.internal.misc.Unsafe.park (0x00007f77ef42d710) [0x00007f77ef42d8a0, 0x00007f77ef42da50] Compiler: , Barriers: 0, Oops: 0, ImmediateOops: 0, NonImmediateOops: No
[13,010s][debug  ][gc,director    ] Rule Major: Warmup 30%, Used: 4040MB, UsedThreshold: 4608MB
[13,010s][debug  ][gc,director    ] Select Minor GC Workers (Not Warm), GCWorkers: 5,000
[13,011s][debug  ][gc,director    ] Rule Minor: Allocation Rate (Dynamic GC Workers), MaxAllocRate: 472,1MB/s (+/-31,4%), Free: 11278MB, GCCPUTime: 1,537, GCDuration: 0,318s, TimeUntilOOM: 18,178s, TimeUntilGC: 17,860s, GCWorkers: 5
[13,011s][debug  ][gc,director    ] Select Minor GC Workers (Not Warm), GCWorkers: 5,000
[13,011s][debug  ][gc,director    ] Rule Minor: Allocation Rate (Dynamic GC Workers), MaxAllocRate: 1942,0MB/s (+/-31,4%), Free: 11278MB, GCCPUTime: 1,537, GCDuration: 0,318s, TimeUntilOOM: 4,419s, TimeUntilGC: 4,101s, GCWorkers: 5
[13,011s][debug  ][gc,director    ] Rule Minor: High Usage, Free: 11278MB(73,4%)
[13,012s][debug  ][gc,nmethod     ] Register NMethod: java.util.concurrent.locks.AbstractQueuedSynchronizer.release (0x00007f77ef42da90) [0x00007f77ef42dc80, 0x00007f77ef42e080] Compiler: c2, Barriers: 7, Oops: 0, ImmediateOops: 0, NonImmediateOops: No
[13,021s][debug  ][gc,director    ] Rule Major: Warmup 30%, Used: 4044MB, UsedThreshold: 4608MB
[13,021s][debug  ][gc,director    ] Select Minor GC Workers (Not Warm), GCWorkers: 5,000
[13,021s][debug  ][gc,director    ] Rule Minor: Allocation Rate (Dynamic GC Workers), MaxAllocRate: 472,1MB/s (+/-31,4%), Free: 11274MB, GCCPUTime: 1,537, GCDuration: 0,318s, TimeUntilOOM: 18,172s, TimeUntilGC: 17,853s, GCWorkers: 5
[13,021s][debug  ][gc,director    ] Select Minor GC Workers (Not Warm), GCWorkers: 5,000
[13,021s][debug  ][gc,director    ] Rule Minor: Allocation Rate (Dynamic GC Workers), MaxAllocRate: 1942,0MB/s (+/-31,4%), Free: 11274MB, GCCPUTime: 1,537, GCDuration: 0,318s, TimeUntilOOM: 4,417s, TimeUntilGC: 4,099s, GCWorkers: 5
[13,021s][debug  ][gc,director    ] Rule Minor: High Usage, Free: 11274MB(73,4%)
[13,031s][debug  ][gc,director    ] Rule Major: Warmup 30%, Used: 4050MB, UsedThreshold: 4608MB
[13,031s][debug  ][gc,director    ] Select Minor GC Workers (Not Warm), GCWorkers: 5,000
[13,031s][debug  ][gc,director    ] Rule Minor: Allocation Rate (Dynamic GC Workers), MaxAllocRate: 472,1MB/s (+/-31,4%), Free: 11268MB, GCCPUTime: 1,537, GCDuration: 0,318s, TimeUntilOOM: 18,162s, TimeUntilGC: 17,844s, GCWorkers: 5
[13,031s][debug  ][gc,director    ] Select Minor GC Workers (Not Warm), GCWorkers: 5,000
[13,031s][debug  ][gc,director    ] Rule Minor: Allocation Rate (Dynamic GC Workers), MaxAllocRate: 1942,0MB/s (+/-31,4%), Free: 11268MB, GCCPUTime: 1,537, GCDuration: 0,318s, TimeUntilOOM: 4,415s, TimeUntilGC: 4,097s, GCWorkers: 5
[13,031s][debug  ][gc,director    ] Rule Minor: High Usage, Free: 11268MB(73,4%)
[13,041s][debug  ][gc,director    ] Rule Major: Warmup 30%, Used: 4054MB, UsedThreshold: 4608MB
[13,041s][debug  ][gc,director    ] Select Minor GC Workers (Not Warm), GCWorkers: 5,000
[13,041s][debug  ][gc,director    ] Rule Minor: Allocation Rate (Dynamic GC Workers), MaxAllocRate: 472,1MB/s (+/-31,4%), Free: 11264MB, GCCPUTime: 1,537, GCDuration: 0,318s, TimeUntilOOM: 18,156s, TimeUntilGC: 17,837s, GCWorkers: 5
[13,041s][debug  ][gc,director    ] Select Minor GC Workers (Not Warm), GCWorkers: 5,000
[13,041s][debug  ][gc,director    ] Rule Minor: Allocation Rate (Dynamic GC Workers), MaxAllocRate: 1942,0MB/s (+/-31,4%), Free: 11264MB, GCCPUTime: 1,537, GCDuration: 0,318s, TimeUntilOOM: 4,414s, TimeUntilGC: 4,095s, GCWorkers: 5
[13,041s][debug  ][gc,director    ] Rule Minor: High Usage, Free: 11264MB(73,3%)
[13,052s][debug  ][gc,director    ] Rule Major: Warmup 30%, Used: 4058MB, UsedThreshold: 4608MB
[13,052s][debug  ][gc,director    ] Select Minor GC Workers (Not Warm), GCWorkers: 5,000
[13,052s][debug  ][gc,director    ] Rule Minor: Allocation Rate (Dynamic GC Workers), MaxAllocRate: 472,1MB/s (+/-31,4%), Free: 11260MB, GCCPUTime: 1,537, GCDuration: 0,318s, TimeUntilOOM: 18,149s, TimeUntilGC: 17,831s, GCWorkers: 5
[13,052s][debug  ][gc,director    ] Select Minor GC Workers (Not Warm), GCWorkers: 5,000
[13,052s][debug  ][gc,director    ] Rule Minor: Allocation Rate (Dynamic GC Workers), MaxAllocRate: 1942,0MB/s (+/-31,4%), Free: 11260MB, GCCPUTime: 1,537, GCDuration: 0,318s, TimeUntilOOM: 4,412s, TimeUntilGC: 4,094s, GCWorkers: 5
[13,052s][debug  ][gc,director    ] Rule Minor: High Usage, Free: 11260MB(73,3%)
[13,062s][debug  ][gc,director    ] Rule Major: Warmup 30%, Used: 4060MB, UsedThreshold: 4608MB
[13,062s][debug  ][gc,director    ] Select Minor GC Workers (Not Warm), GCWorkers: 5,000
[13,062s][debug  ][gc,director    ] Rule Minor: Allocation Rate (Dynamic GC Workers), MaxAllocRate: 472,1MB/s (+/-31,4%), Free: 11258MB, GCCPUTime: 1,537, GCDuration: 0,318s, TimeUntilOOM: 18,146s, TimeUntilGC: 17,828s, GCWorkers: 5
[13,062s][debug  ][gc,director    ] Select Minor GC Workers (Not Warm), GCWorkers: 5,000
[13,062s][debug  ][gc,director    ] Rule Minor: Allocation Rate (Dynamic GC Workers), MaxAllocRate: 1942,0MB/s (+/-31,4%), Free: 11258MB, GCCPUTime: 1,537, GCDuration: 0,318s, TimeUntilOOM: 4,411s, TimeUntilGC: 4,093s, GCWorkers: 5
[13,062s][debug  ][gc,director    ] Rule Minor: High Usage, Free: 11258MB(73,3%)
[13,072s][debug  ][gc,director    ] Rule Major: Warmup 30%, Used: 4060MB, UsedThreshold: 4608MB
[13,072s][debug  ][gc,director    ] Select Minor GC Workers (Not Warm), GCWorkers: 5,000
[13,072s][debug  ][gc,director    ] Rule Minor: Allocation Rate (Dynamic GC Workers), MaxAllocRate: 472,1MB/s (+/-31,4%), Free: 11258MB, GCCPUTime: 1,537, GCDuration: 0,318s, TimeUntilOOM: 18,146s, TimeUntilGC: 17,828s, GCWorkers: 5
[13,072s][debug  ][gc,director    ] Select Minor GC Workers (Not Warm), GCWorkers: 5,000
[13,072s][debug  ][gc,director    ] Rule Minor: Allocation Rate (Dynamic GC Workers), MaxAllocRate: 1942,0MB/s (+/-31,4%), Free: 11258MB, GCCPUTime: 1,537, GCDuration: 0,318s, TimeUntilOOM: 4,411s, TimeUntilGC: 4,093s, GCWorkers: 5
[13,072s][debug  ][gc,director    ] Rule Minor: High Usage, Free: 11258MB(73,3%)
[13,079s][debug  ][gc,nmethod     ] Register NMethod: net.openhft.chronicle.core.scoped.ScopedThreadLocal$SimpleStack.push (0x00007f77cfa45f90) [0x00007f77cfa462e0, 0x00007f77cfa47368] Compiler: c1, Barriers: 8, Oops: 5, ImmediateOops: 5, NonImmediateOops: No
[13,082s][debug  ][gc,nmethod     ] Register NMethod: net.jpountz.lz4.LZ4BlockInputStream.refill (0x00007f77cfa70a10) [0x00007f77cfa70e60, 0x00007f77cfa72c70] Compiler: c1, Barriers: 22, Oops: 1, ImmediateOops: 11, NonImmediateOops: No
[13,082s][debug  ][gc,nmethod     ] Register NMethod: net.openhft.chronicle.core.scoped.ScopedThreadLocal$SimpleStack.pop (0x00007f77cfecac10) [0x00007f77cfecade0, 0x00007f77cfecb220] Compiler: c1, Barriers: 5, Oops: 1, ImmediateOops: 1, NonImmediateOops: No
[13,083s][debug  ][gc,director    ] Rule Major: Warmup 30%, Used: 4064MB, UsedThreshold: 4608MB
[13,083s][debug  ][gc,director    ] Select Minor GC Workers (Not Warm), GCWorkers: 5,000
[13,083s][debug  ][gc,director    ] Rule Minor: Allocation Rate (Dynamic GC Workers), MaxAllocRate: 472,1MB/s (+/-31,4%), Free: 11254MB, GCCPUTime: 1,537, GCDuration: 0,318s, TimeUntilOOM: 18,139s, TimeUntilGC: 17,821s, GCWorkers: 5
[13,083s][debug  ][gc,director    ] Select Minor GC Workers (Not Warm), GCWorkers: 5,000
[13,083s][debug  ][gc,director    ] Rule Minor: Allocation Rate (Dynamic GC Workers), MaxAllocRate: 1942,0MB/s (+/-31,4%), Free: 11254MB, GCCPUTime: 1,537, GCDuration: 0,318s, TimeUntilOOM: 4,410s, TimeUntilGC: 4,091s, GCWorkers: 5
[13,083s][debug  ][gc,director    ] Rule Minor: High Usage, Free: 11254MB(73,3%)
[13,083s][debug  ][gc,nmethod     ] Register NMethod: sun.nio.ch.IOUtil.read (0x00007f77cfab8710) [0x00007f77cfab8980, 0x00007f77cfab92a8] Compiler: c1, Barriers: 0, Oops: 0, ImmediateOops: 1, NonImmediateOops: No
[13,084s][debug  ][gc,nmethod     ] Register NMethod: io.sirix.index.path.summary.PathSummaryReader.getPathNode (0x00007f77ef42e210) [0x00007f77ef42e3a0, 0x00007f77ef42e4b8] Compiler: c2, Barriers: 1, Oops: 1, ImmediateOops: 0, NonImmediateOops: No
[13,084s][debug  ][gc,nmethod     ] Register NMethod: io.sirix.axis.pathsummary.LevelOrderSettingInMemoryInstancesAxis.getRightSibling (0x00007f77cfe7ef90) [0x00007f77cfe7f1e0, 0x00007f77cfe7fbc0] Compiler: c1, Barriers: 18, Oops: 1, ImmediateOops: 1, NonImmediateOops: No
[13,084s][debug  ][gc,nmethod     ] Register NMethod: sun.nio.ch.IOUtil.read (0x00007f77cfe29b90) [0x00007f77cfe29d40, 0x00007f77cfe29e70] Compiler: c1, Barriers: 0, Oops: 0, ImmediateOops: 0, NonImmediateOops: No
[13,085s][debug  ][gc,nmethod     ] Register NMethod: net.openhft.chronicle.bytes.AbstractBytes.readByte (0x00007f77ef42e590) [0x00007f77ef42e740, 0x00007f77ef42e978] Compiler: c2, Barriers: 2, Oops: 1, ImmediateOops: 0, NonImmediateOops: No
[13,085s][debug  ][gc,nmethod     ] Register NMethod: sun.nio.fs.UnixPath.resolve (0x00007f77cff68f10) [0x00007f77cff69160, 0x00007f77cff69ae0] Compiler: c1, Barriers: 9, Oops: 0, ImmediateOops: 0, NonImmediateOops: No
[13,085s][debug  ][gc,nmethod     ] Register NMethod: java.nio.MappedByteBuffer.flip (0x00007f77cfb11390) [0x00007f77cfb11540, 0x00007f77cfb11718] Compiler: c1, Barriers: 0, Oops: 0, ImmediateOops: 0, NonImmediateOops: No
[13,087s][debug  ][gc,nmethod     ] Register NMethod: jdk.internal.misc.Unsafe.putReference (0x00007f77ef42ec10) [0x00007f77ef42eda0, 0x00007f77ef42ef80] Compiler: , Barriers: 0, Oops: 0, ImmediateOops: 0, NonImmediateOops: No
[13,087s][debug  ][gc,nmethod     ] Register NMethod: jdk.internal.misc.Unsafe.unpark (0x00007f77ef42ef90) [0x00007f77ef42f120, 0x00007f77ef42f2e0] Compiler: , Barriers: 0, Oops: 0, ImmediateOops: 0, NonImmediateOops: No
[13,088s][debug  ][gc,nmethod     ] Register NMethod: sun.nio.ch.IOUtil.readIntoNativeBuffer (0x00007f77cfa88790) [0x00007f77cfa88ae0, 0x00007f77cfa89f48] Compiler: c1, Barriers: 2, Oops: 0, ImmediateOops: 4, NonImmediateOops: No
[13,088s][debug  ][gc,nmethod     ] Register NMethod: jdk.internal.misc.Unsafe.getLongUnaligned (0x00007f77cfb6c690) [0x00007f77cfb6c840, 0x00007f77cfb6ca30] Compiler: c1, Barriers: 0, Oops: 0, ImmediateOops: 0, NonImmediateOops: No
[13,089s][debug  ][gc,nmethod     ] Register NMethod: java.nio.MappedByteBuffer.flip (0x00007f77cfa6bb10) [0x00007f77cfa6bcc0, 0x00007f77cfa6bef8] Compiler: c1, Barriers: 0, Oops: 0, ImmediateOops: 0, NonImmediateOops: No
[13,089s][debug  ][gc,nmethod     ] Register NMethod: jdk.internal.misc.ScopedMemoryAccess.getIntUnaligned (0x00007f77cfe16c90) [0x00007f77cfe16e80, 0x00007f77cfe17378] Compiler: c1, Barriers: 0, Oops: 0, ImmediateOops: 1, NonImmediateOops: No
[13,090s][debug  ][gc,nmethod     ] Register NMethod: jdk.internal.misc.ScopedMemoryAccess.getIntUnalignedInternal (0x00007f77cff39790) [0x00007f77cff39960, 0x00007f77cff39cf0] Compiler: c1, Barriers: 0, Oops: 0, ImmediateOops: 1, NonImmediateOops: No
[13,090s][debug  ][gc,nmethod     ] Register NMethod: io.sirix.access.ResourceConfiguration$ResourcePaths.getPath (0x00007f77ef42f310) [0x00007f77ef42f4a0, 0x00007f77ef42f590] Compiler: c1, Barriers: 1, Oops: 1, ImmediateOops: 0, NonImmediateOops: No
[13,091s][debug  ][gc,nmethod     ] Register NMethod: java.util.ArrayList.toArray (0x00007f77ef42f610) [0x00007f77ef42f7a0, 0x00007f77ef42faf0] Compiler: c2, Barriers: 2, Oops: 0, ImmediateOops: 0, NonImmediateOops: No
[13,092s][debug  ][gc,nmethod     ] Register NMethod: io.sirix.access.trx.node.json.JsonNodeTrxImpl.insertStringValueAsRightSibling (0x00007f77cffe8510) [0x00007f77cffe88a0, 0x00007f77cffea2b0] Compiler: c1, Barriers: 14, Oops: 2, ImmediateOops: 1, NonImmediateOops: No
[13,093s][debug  ][gc,director    ] Rule Major: Warmup 30%, Used: 4066MB, UsedThreshold: 4608MB
[13,093s][debug  ][gc,director    ] Select Minor GC Workers (Not Warm), GCWorkers: 5,000
[13,093s][debug  ][gc,director    ] Rule Minor: Allocation Rate (Dynamic GC Workers), MaxAllocRate: 472,1MB/s (+/-31,4%), Free: 11252MB, GCCPUTime: 1,537, GCDuration: 0,318s, TimeUntilOOM: 18,136s, TimeUntilGC: 17,818s, GCWorkers: 5
[13,093s][debug  ][gc,director    ] Select Minor GC Workers (Not Warm), GCWorkers: 5,000
[13,093s][debug  ][gc,director    ] Rule Minor: Allocation Rate (Dynamic GC Workers), MaxAllocRate: 1942,0MB/s (+/-31,4%), Free: 11252MB, GCCPUTime: 1,537, GCDuration: 0,318s, TimeUntilOOM: 4,409s, TimeUntilGC: 4,090s, GCWorkers: 5
[13,093s][debug  ][gc,director    ] Rule Minor: High Usage, Free: 11252MB(73,3%)
[13,094s][debug  ][gc,nmethod     ] Register NMethod: io.sirix.access.trx.node.json.JsonNodeTrxImpl.getBytes (0x00007f77ef42fc10) [0x00007f77ef42fdc0, 0x00007f77ef4300c0] Compiler: c2, Barriers: 1, Oops: 2, ImmediateOops: 0, NonImmediateOops: No
[13,103s][debug  ][gc,director    ] Rule Major: Warmup 30%, Used: 4070MB, UsedThreshold: 4608MB
[13,103s][debug  ][gc,director    ] Select Minor GC Workers (Not Warm), GCWorkers: 5,000
[13,103s][debug  ][gc,director    ] Rule Minor: Allocation Rate (Dynamic GC Workers), MaxAllocRate: 472,1MB/s (+/-31,4%), Free: 11248MB, GCCPUTime: 1,537, GCDuration: 0,318s, TimeUntilOOM: 18,130s, TimeUntilGC: 17,811s, GCWorkers: 5
[13,103s][debug  ][gc,director    ] Select Minor GC Workers (Not Warm), GCWorkers: 5,000
[13,103s][debug  ][gc,director    ] Rule Minor: Allocation Rate (Dynamic GC Workers), MaxAllocRate: 1942,0MB/s (+/-31,4%), Free: 11248MB, GCCPUTime: 1,537, GCDuration: 0,318s, TimeUntilOOM: 4,407s, TimeUntilGC: 4,089s, GCWorkers: 5
[13,103s][debug  ][gc,director    ] Rule Minor: High Usage, Free: 11248MB(73,2%)
[13,111s][debug  ][gc,nmethod     ] Register NMethod: io.sirix.access.trx.node.json.JsonNodeTrxImpl.insertStringValueAsRightSibling (0x00007f77ef430290) [0x00007f77ef430560, 0x00007f77ef431380] Compiler: c2, Barriers: 17, Oops: 2, ImmediateOops: 2, NonImmediateOops: No
[13,113s][debug  ][gc,director    ] Rule Major: Warmup 30%, Used: 4074MB, UsedThreshold: 4608MB
[13,113s][debug  ][gc,director    ] Select Minor GC Workers (Not Warm), GCWorkers: 5,000
[13,114s][debug  ][gc,director    ] Rule Minor: Allocation Rate (Dynamic GC Workers), MaxAllocRate: 472,1MB/s (+/-31,4%), Free: 11244MB, GCCPUTime: 1,537, GCDuration: 0,318s, TimeUntilOOM: 18,123s, TimeUntilGC: 17,805s, GCWorkers: 5
[13,114s][debug  ][gc,director    ] Select Minor GC Workers (Not Warm), GCWorkers: 5,000
[13,114s][debug  ][gc,director    ] Rule Minor: Allocation Rate (Dynamic GC Workers), MaxAllocRate: 1942,0MB/s (+/-31,4%), Free: 11244MB, GCCPUTime: 1,537, GCDuration: 0,318s, TimeUntilOOM: 4,406s, TimeUntilGC: 4,087s, GCWorkers: 5
[13,114s][debug  ][gc,director    ] Rule Minor: High Usage, Free: 11244MB(73,2%)
[13,124s][debug  ][gc,director    ] Rule Major: Warmup 30%, Used: 4078MB, UsedThreshold: 4608MB
[13,124s][debug  ][gc,director    ] Select Minor GC Workers (Not Warm), GCWorkers: 5,000
[13,124s][debug  ][gc,director    ] Rule Minor: Allocation Rate (Dynamic GC Workers), MaxAllocRate: 472,1MB/s (+/-31,4%), Free: 11240MB, GCCPUTime: 1,537, GCDuration: 0,318s, TimeUntilOOM: 18,117s, TimeUntilGC: 17,799s, GCWorkers: 5
[13,124s][debug  ][gc,director    ] Select Minor GC Workers (Not Warm), GCWorkers: 5,000
[13,124s][debug  ][gc,director    ] Rule Minor: Allocation Rate (Dynamic GC Workers), MaxAllocRate: 1942,0MB/s (+/-31,4%), Free: 11240MB, GCCPUTime: 1,537, GCDuration: 0,318s, TimeUntilOOM: 4,404s, TimeUntilGC: 4,086s, GCWorkers: 5
[13,124s][debug  ][gc,director    ] Rule Minor: High Usage, Free: 11240MB(73,2%)
[13,134s][debug  ][gc,director    ] Rule Major: Warmup 30%, Used: 4082MB, UsedThreshold: 4608MB
[13,134s][debug  ][gc,director    ] Select Minor GC Workers (Not Warm), GCWorkers: 5,000
[13,134s][debug  ][gc,director    ] Rule Minor: Allocation Rate (Dynamic GC Workers), MaxAllocRate: 472,1MB/s (+/-31,4%), Free: 11236MB, GCCPUTime: 1,537, GCDuration: 0,318s, TimeUntilOOM: 18,110s, TimeUntilGC: 17,792s, GCWorkers: 5
[13,134s][debug  ][gc,director    ] Select Minor GC Workers (Not Warm), GCWorkers: 5,000
[13,134s][debug  ][gc,director    ] Rule Minor: Allocation Rate (Dynamic GC Workers), MaxAllocRate: 1942,0MB/s (+/-31,4%), Free: 11236MB, GCCPUTime: 1,537, GCDuration: 0,318s, TimeUntilOOM: 4,403s, TimeUntilGC: 4,084s, GCWorkers: 5
[13,134s][debug  ][gc,director    ] Rule Minor: High Usage, Free: 11236MB(73,2%)
[13,145s][debug  ][gc,director    ] Rule Major: Warmup 30%, Used: 4086MB, UsedThreshold: 4608MB
[13,145s][debug  ][gc,director    ] Select Minor GC Workers (Not Warm), GCWorkers: 5,000
[13,145s][debug  ][gc,director    ] Rule Minor: Allocation Rate (Dynamic GC Workers), MaxAllocRate: 472,1MB/s (+/-31,4%), Free: 11232MB, GCCPUTime: 1,537, GCDuration: 0,318s, TimeUntilOOM: 18,104s, TimeUntilGC: 17,786s, GCWorkers: 5
[13,145s][debug  ][gc,director    ] Select Minor GC Workers (Not Warm), GCWorkers: 5,000
[13,145s][debug  ][gc,director    ] Rule Minor: Allocation Rate (Dynamic GC Workers), MaxAllocRate: 1942,0MB/s (+/-31,4%), Free: 11232MB, GCCPUTime: 1,537, GCDuration: 0,318s, TimeUntilOOM: 4,401s, TimeUntilGC: 4,083s, GCWorkers: 5
[13,145s][debug  ][gc,director    ] Rule Minor: High Usage, Free: 11232MB(73,1%)
[13,155s][debug  ][gc,director    ] Rule Major: Warmup 30%, Used: 4092MB, UsedThreshold: 4608MB
[13,155s][debug  ][gc,director    ] Select Minor GC Workers (Not Warm), GCWorkers: 5,000
[13,155s][debug  ][gc,director    ] Rule Minor: Allocation Rate (Dynamic GC Workers), MaxAllocRate: 472,1MB/s (+/-31,4%), Free: 11226MB, GCCPUTime: 1,537, GCDuration: 0,318s, TimeUntilOOM: 18,094s, TimeUntilGC: 17,776s, GCWorkers: 5
[13,155s][debug  ][gc,director    ] Select Minor GC Workers (Not Warm), GCWorkers: 5,000
[13,155s][debug  ][gc,director    ] Rule Minor: Allocation Rate (Dynamic GC Workers), MaxAllocRate: 1942,0MB/s (+/-31,4%), Free: 11226MB, GCCPUTime: 1,537, GCDuration: 0,318s, TimeUntilOOM: 4,399s, TimeUntilGC: 4,080s, GCWorkers: 5
[13,155s][debug  ][gc,director    ] Rule Minor: High Usage, Free: 11226MB(73,1%)
[13,165s][debug  ][gc,director    ] Rule Major: Warmup 30%, Used: 4100MB, UsedThreshold: 4608MB
[13,165s][debug  ][gc,director    ] Select Minor GC Workers (Not Warm), GCWorkers: 5,000
[13,165s][debug  ][gc,director    ] Rule Minor: Allocation Rate (Dynamic GC Workers), MaxAllocRate: 472,1MB/s (+/-31,4%), Free: 11218MB, GCCPUTime: 1,537, GCDuration: 0,318s, TimeUntilOOM: 18,081s, TimeUntilGC: 17,763s, GCWorkers: 5
[13,165s][debug  ][gc,director    ] Select Minor GC Workers (Not Warm), GCWorkers: 5,000
[13,165s][debug  ][gc,director    ] Rule Minor: Allocation Rate (Dynamic GC Workers), MaxAllocRate: 1942,0MB/s (+/-31,4%), Free: 11218MB, GCCPUTime: 1,537, GCDuration: 0,318s, TimeUntilOOM: 4,396s, TimeUntilGC: 4,077s, GCWorkers: 5
[13,165s][debug  ][gc,director    ] Rule Minor: High Usage, Free: 11218MB(73,0%)
[13,176s][debug  ][gc,director    ] Rule Major: Warmup 30%, Used: 4106MB, UsedThreshold: 4608MB
[13,176s][debug  ][gc,director    ] Select Minor GC Workers (Not Warm), GCWorkers: 5,000
[13,176s][debug  ][gc,director    ] Rule Minor: Allocation Rate (Dynamic GC Workers), MaxAllocRate: 472,1MB/s (+/-31,4%), Free: 11212MB, GCCPUTime: 1,537, GCDuration: 0,318s, TimeUntilOOM: 18,072s, TimeUntilGC: 17,753s, GCWorkers: 5
[13,176s][debug  ][gc,director    ] Select Minor GC Workers (Not Warm), GCWorkers: 5,000
[13,176s][debug  ][gc,director    ] Rule Minor: Allocation Rate (Dynamic GC Workers), MaxAllocRate: 1942,0MB/s (+/-31,4%), Free: 11212MB, GCCPUTime: 1,537, GCDuration: 0,318s, TimeUntilOOM: 4,393s, TimeUntilGC: 4,075s, GCWorkers: 5
[13,176s][debug  ][gc,director    ] Rule Minor: High Usage, Free: 11212MB(73,0%)
[13,186s][debug  ][gc,director    ] Rule Major: Warmup 30%, Used: 4114MB, UsedThreshold: 4608MB
[13,186s][debug  ][gc,director    ] Select Minor GC Workers (Not Warm), GCWorkers: 5,000
[13,186s][debug  ][gc,director    ] Rule Minor: Allocation Rate (Dynamic GC Workers), MaxAllocRate: 472,1MB/s (+/-31,4%), Free: 11204MB, GCCPUTime: 1,537, GCDuration: 0,318s, TimeUntilOOM: 18,059s, TimeUntilGC: 17,740s, GCWorkers: 5
[13,186s][debug  ][gc,director    ] Select Minor GC Workers (Not Warm), GCWorkers: 5,000
[13,186s][debug  ][gc,director    ] Rule Minor: Allocation Rate (Dynamic GC Workers), MaxAllocRate: 1942,0MB/s (+/-31,4%), Free: 11204MB, GCCPUTime: 1,537, GCDuration: 0,318s, TimeUntilOOM: 4,390s, TimeUntilGC: 4,072s, GCWorkers: 5
[13,186s][debug  ][gc,director    ] Rule Minor: High Usage, Free: 11204MB(72,9%)
[13,196s][debug  ][gc,director    ] Rule Major: Warmup 30%, Used: 4120MB, UsedThreshold: 4608MB
[13,196s][debug  ][gc,director    ] Select Minor GC Workers (Not Warm), GCWorkers: 5,000
[13,196s][debug  ][gc,director    ] Rule Minor: Allocation Rate (Dynamic GC Workers), MaxAllocRate: 472,1MB/s (+/-31,4%), Free: 11198MB, GCCPUTime: 1,537, GCDuration: 0,318s, TimeUntilOOM: 18,049s, TimeUntilGC: 17,731s, GCWorkers: 5
[13,196s][debug  ][gc,director    ] Select Minor GC Workers (Not Warm), GCWorkers: 5,000
[13,196s][debug  ][gc,director    ] Rule Minor: Allocation Rate (Dynamic GC Workers), MaxAllocRate: 1942,0MB/s (+/-31,4%), Free: 11198MB, GCCPUTime: 1,537, GCDuration: 0,318s, TimeUntilOOM: 4,388s, TimeUntilGC: 4,069s, GCWorkers: 5
[13,196s][debug  ][gc,director    ] Rule Minor: High Usage, Free: 11198MB(72,9%)
[13,207s][debug  ][gc,director    ] Rule Major: Warmup 30%, Used: 4128MB, UsedThreshold: 4608MB
[13,207s][debug  ][gc,director    ] Select Minor GC Workers (Not Warm), GCWorkers: 5,000
[13,207s][debug  ][gc,director    ] Rule Minor: Allocation Rate (Dynamic GC Workers), MaxAllocRate: 472,1MB/s (+/-31,4%), Free: 11190MB, GCCPUTime: 1,537, GCDuration: 0,318s, TimeUntilOOM: 18,036s, TimeUntilGC: 17,718s, GCWorkers: 5
[13,207s][debug  ][gc,director    ] Select Minor GC Workers (Not Warm), GCWorkers: 5,000
[13,207s][debug  ][gc,director    ] Rule Minor: Allocation Rate (Dynamic GC Workers), MaxAllocRate: 1942,0MB/s (+/-31,4%), Free: 11190MB, GCCPUTime: 1,537, GCDuration: 0,318s, TimeUntilOOM: 4,385s, TimeUntilGC: 4,066s, GCWorkers: 5
[13,207s][debug  ][gc,director    ] Rule Minor: High Usage, Free: 11190MB(72,9%)
[13,217s][debug  ][gc,director    ] Rule Major: Warmup 30%, Used: 4134MB, UsedThreshold: 4608MB
[13,217s][debug  ][gc,director    ] Select Minor GC Workers (Not Warm), GCWorkers: 5,000
[13,217s][debug  ][gc,director    ] Rule Minor: Allocation Rate (Dynamic GC Workers), MaxAllocRate: 472,1MB/s (+/-31,4%), Free: 11184MB, GCCPUTime: 1,537, GCDuration: 0,318s, TimeUntilOOM: 18,027s, TimeUntilGC: 17,708s, GCWorkers: 5
[13,217s][debug  ][gc,director    ] Select Minor GC Workers (Not Warm), GCWorkers: 5,000
[13,217s][debug  ][gc,director    ] Rule Minor: Allocation Rate (Dynamic GC Workers), MaxAllocRate: 1942,0MB/s (+/-31,4%), Free: 11184MB, GCCPUTime: 1,537, GCDuration: 0,318s, TimeUntilOOM: 4,382s, TimeUntilGC: 4,064s, GCWorkers: 5
[13,217s][debug  ][gc,director    ] Rule Minor: High Usage, Free: 11184MB(72,8%)
[13,227s][debug  ][gc,director    ] Rule Major: Warmup 30%, Used: 4142MB, UsedThreshold: 4608MB
[13,227s][debug  ][gc,director    ] Select Minor GC Workers (Not Warm), GCWorkers: 5,000
[13,227s][debug  ][gc,director    ] Rule Minor: Allocation Rate (Dynamic GC Workers), MaxAllocRate: 472,1MB/s (+/-31,4%), Free: 11176MB, GCCPUTime: 1,537, GCDuration: 0,318s, TimeUntilOOM: 18,014s, TimeUntilGC: 17,695s, GCWorkers: 5
[13,227s][debug  ][gc,director    ] Select Minor GC Workers (Not Warm), GCWorkers: 5,000
[13,227s][debug  ][gc,director    ] Rule Minor: Allocation Rate (Dynamic GC Workers), MaxAllocRate: 1942,0MB/s (+/-31,4%), Free: 11176MB, GCCPUTime: 1,537, GCDuration: 0,318s, TimeUntilOOM: 4,379s, TimeUntilGC: 4,061s, GCWorkers: 5
[13,227s][debug  ][gc,director    ] Rule Minor: High Usage, Free: 11176MB(72,8%)
[13,229s][debug  ][gc,alloc       ] Mutator Allocation Rate: 681,4MB/s Predicted: 731,9MB/s, Avg: 475,2(+/-149,4)MB/s
[13,229s][debug  ][gc,director    ] Rule Major: Warmup 30%, Used: 4144MB, UsedThreshold: 4608MB
[13,229s][debug  ][gc,director    ] Select Minor GC Workers (Not Warm), GCWorkers: 5,000
[13,229s][debug  ][gc,director    ] Rule Minor: Allocation Rate (Dynamic GC Workers), MaxAllocRate: 475,2MB/s (+/-31,4%), Free: 11174MB, GCCPUTime: 1,537, GCDuration: 0,318s, TimeUntilOOM: 17,890s, TimeUntilGC: 17,571s, GCWorkers: 5
[13,229s][debug  ][gc,director    ] Select Minor GC Workers (Not Warm), GCWorkers: 5,000
[13,229s][debug  ][gc,director    ] Rule Minor: Allocation Rate (Dynamic GC Workers), MaxAllocRate: 1955,3MB/s (+/-31,4%), Free: 11174MB, GCCPUTime: 1,537, GCDuration: 0,318s, TimeUntilOOM: 4,348s, TimeUntilGC: 4,030s, GCWorkers: 5
[13,229s][debug  ][gc,director    ] Rule Minor: High Usage, Free: 11174MB(72,7%)
[13,239s][debug  ][gc,director    ] Rule Major: Warmup 30%, Used: 4150MB, UsedThreshold: 4608MB
[13,239s][debug  ][gc,director    ] Select Minor GC Workers (Not Warm), GCWorkers: 5,000
[13,239s][debug  ][gc,director    ] Rule Minor: Allocation Rate (Dynamic GC Workers), MaxAllocRate: 475,2MB/s (+/-31,4%), Free: 11168MB, GCCPUTime: 1,537, GCDuration: 0,318s, TimeUntilOOM: 17,880s, TimeUntilGC: 17,562s, GCWorkers: 5
[13,239s][debug  ][gc,director    ] Select Minor GC Workers (Not Warm), GCWorkers: 5,000
[13,239s][debug  ][gc,director    ] Rule Minor: Allocation Rate (Dynamic GC Workers), MaxAllocRate: 1955,3MB/s (+/-31,4%), Free: 11168MB, GCCPUTime: 1,537, GCDuration: 0,318s, TimeUntilOOM: 4,346s, TimeUntilGC: 4,027s, GCWorkers: 5
[13,239s][debug  ][gc,director    ] Rule Minor: High Usage, Free: 11168MB(72,7%)
[13,250s][debug  ][gc,director    ] Rule Major: Warmup 30%, Used: 4158MB, UsedThreshold: 4608MB
[13,250s][debug  ][gc,director    ] Select Minor GC Workers (Not Warm), GCWorkers: 5,000
[13,250s][debug  ][gc,director    ] Rule Minor: Allocation Rate (Dynamic GC Workers), MaxAllocRate: 475,2MB/s (+/-31,4%), Free: 11160MB, GCCPUTime: 1,537, GCDuration: 0,318s, TimeUntilOOM: 17,867s, TimeUntilGC: 17,549s, GCWorkers: 5
[13,250s][debug  ][gc,director    ] Select Minor GC Workers (Not Warm), GCWorkers: 5,000
[13,250s][debug  ][gc,director    ] Rule Minor: Allocation Rate (Dynamic GC Workers), MaxAllocRate: 1955,3MB/s (+/-31,4%), Free: 11160MB, GCCPUTime: 1,537, GCDuration: 0,318s, TimeUntilOOM: 4,343s, TimeUntilGC: 4,024s, GCWorkers: 5
[13,250s][debug  ][gc,director    ] Rule Minor: High Usage, Free: 11160MB(72,7%)
[13,260s][debug  ][gc,director    ] Rule Major: Warmup 30%, Used: 4164MB, UsedThreshold: 4608MB
[13,260s][debug  ][gc,director    ] Select Minor GC Workers (Not Warm), GCWorkers: 5,000
[13,260s][debug  ][gc,director    ] Rule Minor: Allocation Rate (Dynamic GC Workers), MaxAllocRate: 475,2MB/s (+/-31,4%), Free: 11154MB, GCCPUTime: 1,537, GCDuration: 0,318s, TimeUntilOOM: 17,858s, TimeUntilGC: 17,539s, GCWorkers: 5
[13,260s][debug  ][gc,director    ] Select Minor GC Workers (Not Warm), GCWorkers: 5,000
[13,260s][debug  ][gc,director    ] Rule Minor: Allocation Rate (Dynamic GC Workers), MaxAllocRate: 1955,3MB/s (+/-31,4%), Free: 11154MB, GCCPUTime: 1,537, GCDuration: 0,318s, TimeUntilOOM: 4,340s, TimeUntilGC: 4,022s, GCWorkers: 5
[13,260s][debug  ][gc,director    ] Rule Minor: High Usage, Free: 11154MB(72,6%)
[13,270s][debug  ][gc,director    ] Rule Major: Warmup 30%, Used: 4172MB, UsedThreshold: 4608MB
[13,270s][debug  ][gc,director    ] Select Minor GC Workers (Not Warm), GCWorkers: 5,000
[13,270s][debug  ][gc,director    ] Rule Minor: Allocation Rate (Dynamic GC Workers), MaxAllocRate: 475,2MB/s (+/-31,4%), Free: 11146MB, GCCPUTime: 1,537, GCDuration: 0,318s, TimeUntilOOM: 17,845s, TimeUntilGC: 17,527s, GCWorkers: 5
[13,270s][debug  ][gc,director    ] Select Minor GC Workers (Not Warm), GCWorkers: 5,000
[13,270s][debug  ][gc,director    ] Rule Minor: Allocation Rate (Dynamic GC Workers), MaxAllocRate: 1955,3MB/s (+/-31,4%), Free: 11146MB, GCCPUTime: 1,537, GCDuration: 0,318s, TimeUntilOOM: 4,337s, TimeUntilGC: 4,019s, GCWorkers: 5
[13,270s][debug  ][gc,director    ] Rule Minor: High Usage, Free: 11146MB(72,6%)
[13,280s][debug  ][gc,director    ] Rule Major: Warmup 30%, Used: 4178MB, UsedThreshold: 4608MB
[13,280s][debug  ][gc,director    ] Select Minor GC Workers (Not Warm), GCWorkers: 5,000
[13,280s][debug  ][gc,director    ] Rule Minor: Allocation Rate (Dynamic GC Workers), MaxAllocRate: 475,2MB/s (+/-31,4%), Free: 11140MB, GCCPUTime: 1,537, GCDuration: 0,318s, TimeUntilOOM: 17,835s, TimeUntilGC: 17,517s, GCWorkers: 5
[13,280s][debug  ][gc,director    ] Select Minor GC Workers (Not Warm), GCWorkers: 5,000
[13,280s][debug  ][gc,director    ] Rule Minor: Allocation Rate (Dynamic GC Workers), MaxAllocRate: 1955,3MB/s (+/-31,4%), Free: 11140MB, GCCPUTime: 1,537, GCDuration: 0,318s, TimeUntilOOM: 4,335s, TimeUntilGC: 4,016s, GCWorkers: 5
[13,280s][debug  ][gc,director    ] Rule Minor: High Usage, Free: 11140MB(72,5%)
[13,291s][debug  ][gc,director    ] Rule Major: Warmup 30%, Used: 4186MB, UsedThreshold: 4608MB
[13,291s][debug  ][gc,director    ] Select Minor GC Workers (Not Warm), GCWorkers: 5,000
[13,291s][debug  ][gc,director    ] Rule Minor: Allocation Rate (Dynamic GC Workers), MaxAllocRate: 475,2MB/s (+/-31,4%), Free: 11132MB, GCCPUTime: 1,537, GCDuration: 0,318s, TimeUntilOOM: 17,823s, TimeUntilGC: 17,504s, GCWorkers: 5
[13,291s][debug  ][gc,director    ] Select Minor GC Workers (Not Warm), GCWorkers: 5,000
[13,291s][debug  ][gc,director    ] Rule Minor: Allocation Rate (Dynamic GC Workers), MaxAllocRate: 1955,3MB/s (+/-31,4%), Free: 11132MB, GCCPUTime: 1,537, GCDuration: 0,318s, TimeUntilOOM: 4,332s, TimeUntilGC: 4,013s, GCWorkers: 5
[13,291s][debug  ][gc,director    ] Rule Minor: High Usage, Free: 11132MB(72,5%)
[13,301s][debug  ][gc,director    ] Rule Major: Warmup 30%, Used: 4192MB, UsedThreshold: 4608MB
[13,301s][debug  ][gc,director    ] Select Minor GC Workers (Not Warm), GCWorkers: 5,000
[13,301s][debug  ][gc,director    ] Rule Minor: Allocation Rate (Dynamic GC Workers), MaxAllocRate: 475,2MB/s (+/-31,4%), Free: 11126MB, GCCPUTime: 1,537, GCDuration: 0,318s, TimeUntilOOM: 17,813s, TimeUntilGC: 17,495s, GCWorkers: 5
[13,301s][debug  ][gc,director    ] Select Minor GC Workers (Not Warm), GCWorkers: 5,000
[13,301s][debug  ][gc,director    ] Rule Minor: Allocation Rate (Dynamic GC Workers), MaxAllocRate: 1955,3MB/s (+/-31,4%), Free: 11126MB, GCCPUTime: 1,537, GCDuration: 0,318s, TimeUntilOOM: 4,329s, TimeUntilGC: 4,011s, GCWorkers: 5
[13,301s][debug  ][gc,director    ] Rule Minor: High Usage, Free: 11126MB(72,4%)
[13,311s][debug  ][gc,director    ] Rule Major: Warmup 30%, Used: 4200MB, UsedThreshold: 4608MB
[13,311s][debug  ][gc,director    ] Select Minor GC Workers (Not Warm), GCWorkers: 5,000
[13,311s][debug  ][gc,director    ] Rule Minor: Allocation Rate (Dynamic GC Workers), MaxAllocRate: 475,2MB/s (+/-31,4%), Free: 11118MB, GCCPUTime: 1,537, GCDuration: 0,318s, TimeUntilOOM: 17,800s, TimeUntilGC: 17,482s, GCWorkers: 5
[13,311s][debug  ][gc,director    ] Select Minor GC Workers (Not Warm), GCWorkers: 5,000
[13,311s][debug  ][gc,director    ] Rule Minor: Allocation Rate (Dynamic GC Workers), MaxAllocRate: 1955,3MB/s (+/-31,4%), Free: 11118MB, GCCPUTime: 1,537, GCDuration: 0,318s, TimeUntilOOM: 4,326s, TimeUntilGC: 4,008s, GCWorkers: 5
[13,311s][debug  ][gc,director    ] Rule Minor: High Usage, Free: 11118MB(72,4%)
[13,321s][debug  ][gc,director    ] Rule Major: Warmup 30%, Used: 4206MB, UsedThreshold: 4608MB
[13,321s][debug  ][gc,director    ] Select Minor GC Workers (Not Warm), GCWorkers: 5,000
[13,321s][debug  ][gc,director    ] Rule Minor: Allocation Rate (Dynamic GC Workers), MaxAllocRate: 475,2MB/s (+/-31,4%), Free: 11112MB, GCCPUTime: 1,537, GCDuration: 0,318s, TimeUntilOOM: 17,791s, TimeUntilGC: 17,472s, GCWorkers: 5
[13,321s][debug  ][gc,director    ] Select Minor GC Workers (Not Warm), GCWorkers: 5,000
[13,321s][debug  ][gc,director    ] Rule Minor: Allocation Rate (Dynamic GC Workers), MaxAllocRate: 1955,3MB/s (+/-31,4%), Free: 11112MB, GCCPUTime: 1,537, GCDuration: 0,318s, TimeUntilOOM: 4,324s, TimeUntilGC: 4,006s, GCWorkers: 5
[13,321s][debug  ][gc,director    ] Rule Minor: High Usage, Free: 11112MB(72,3%)
[13,332s][debug  ][gc,director    ] Rule Major: Warmup 30%, Used: 4214MB, UsedThreshold: 4608MB
[13,332s][debug  ][gc,director    ] Select Minor GC Workers (Not Warm), GCWorkers: 5,000
[13,332s][debug  ][gc,director    ] Rule Minor: Allocation Rate (Dynamic GC Workers), MaxAllocRate: 475,2MB/s (+/-31,4%), Free: 11104MB, GCCPUTime: 1,537, GCDuration: 0,318s, TimeUntilOOM: 17,778s, TimeUntilGC: 17,459s, GCWorkers: 5
[13,332s][debug  ][gc,director    ] Select Minor GC Workers (Not Warm), GCWorkers: 5,000
[13,332s][debug  ][gc,director    ] Rule Minor: Allocation Rate (Dynamic GC Workers), MaxAllocRate: 1955,3MB/s (+/-31,4%), Free: 11104MB, GCCPUTime: 1,537, GCDuration: 0,318s, TimeUntilOOM: 4,321s, TimeUntilGC: 4,002s, GCWorkers: 5
[13,332s][debug  ][gc,director    ] Rule Minor: High Usage, Free: 11104MB(72,3%)
[13,342s][debug  ][gc,director    ] Rule Major: Warmup 30%, Used: 4220MB, UsedThreshold: 4608MB
[13,342s][debug  ][gc,director    ] Select Minor GC Workers (Not Warm), GCWorkers: 5,000
[13,342s][debug  ][gc,director    ] Rule Minor: Allocation Rate (Dynamic GC Workers), MaxAllocRate: 475,2MB/s (+/-31,4%), Free: 11098MB, GCCPUTime: 1,537, GCDuration: 0,318s, TimeUntilOOM: 17,768s, TimeUntilGC: 17,450s, GCWorkers: 5
[13,342s][debug  ][gc,director    ] Select Minor GC Workers (Not Warm), GCWorkers: 5,000
[13,342s][debug  ][gc,director    ] Rule Minor: Allocation Rate (Dynamic GC Workers), MaxAllocRate: 1955,3MB/s (+/-31,4%), Free: 11098MB, GCCPUTime: 1,537, GCDuration: 0,318s, TimeUntilOOM: 4,318s, TimeUntilGC: 4,000s, GCWorkers: 5
[13,342s][debug  ][gc,director    ] Rule Minor: High Usage, Free: 11098MB(72,3%)
[13,352s][debug  ][gc,director    ] Rule Major: Warmup 30%, Used: 4228MB, UsedThreshold: 4608MB
[13,352s][debug  ][gc,director    ] Select Minor GC Workers (Not Warm), GCWorkers: 5,000
[13,352s][debug  ][gc,director    ] Rule Minor: Allocation Rate (Dynamic GC Workers), MaxAllocRate: 475,2MB/s (+/-31,4%), Free: 11090MB, GCCPUTime: 1,537, GCDuration: 0,318s, TimeUntilOOM: 17,755s, TimeUntilGC: 17,437s, GCWorkers: 5
[13,352s][debug  ][gc,director    ] Select Minor GC Workers (Not Warm), GCWorkers: 5,000
[13,352s][debug  ][gc,director    ] Rule Minor: Allocation Rate (Dynamic GC Workers), MaxAllocRate: 1955,3MB/s (+/-31,4%), Free: 11090MB, GCCPUTime: 1,537, GCDuration: 0,318s, TimeUntilOOM: 4,315s, TimeUntilGC: 3,997s, GCWorkers: 5
[13,352s][debug  ][gc,director    ] Rule Minor: High Usage, Free: 11090MB(72,2%)
[13,362s][debug  ][gc,director    ] Rule Major: Warmup 30%, Used: 4234MB, UsedThreshold: 4608MB
[13,362s][debug  ][gc,director    ] Select Minor GC Workers (Not Warm), GCWorkers: 5,000
[13,362s][debug  ][gc,director    ] Rule Minor: Allocation Rate (Dynamic GC Workers), MaxAllocRate: 475,2MB/s (+/-31,4%), Free: 11084MB, GCCPUTime: 1,537, GCDuration: 0,318s, TimeUntilOOM: 17,746s, TimeUntilGC: 17,427s, GCWorkers: 5
[13,362s][debug  ][gc,director    ] Select Minor GC Workers (Not Warm), GCWorkers: 5,000
[13,362s][debug  ][gc,director    ] Rule Minor: Allocation Rate (Dynamic GC Workers), MaxAllocRate: 1955,3MB/s (+/-31,4%), Free: 11084MB, GCCPUTime: 1,537, GCDuration: 0,318s, TimeUntilOOM: 4,313s, TimeUntilGC: 3,995s, GCWorkers: 5
[13,362s][debug  ][gc,director    ] Rule Minor: High Usage, Free: 11084MB(72,2%)
[13,373s][debug  ][gc,director    ] Rule Major: Warmup 30%, Used: 4242MB, UsedThreshold: 4608MB
[13,373s][debug  ][gc,director    ] Select Minor GC Workers (Not Warm), GCWorkers: 5,000
[13,373s][debug  ][gc,director    ] Rule Minor: Allocation Rate (Dynamic GC Workers), MaxAllocRate: 475,2MB/s (+/-31,4%), Free: 11076MB, GCCPUTime: 1,537, GCDuration: 0,318s, TimeUntilOOM: 17,733s, TimeUntilGC: 17,415s, GCWorkers: 5
[13,373s][debug  ][gc,director    ] Select Minor GC Workers (Not Warm), GCWorkers: 5,000
[13,373s][debug  ][gc,director    ] Rule Minor: Allocation Rate (Dynamic GC Workers), MaxAllocRate: 1955,3MB/s (+/-31,4%), Free: 11076MB, GCCPUTime: 1,537, GCDuration: 0,318s, TimeUntilOOM: 4,310s, TimeUntilGC: 3,992s, GCWorkers: 5
[13,373s][debug  ][gc,director    ] Rule Minor: High Usage, Free: 11076MB(72,1%)
[13,383s][debug  ][gc,director    ] Rule Major: Warmup 30%, Used: 4248MB, UsedThreshold: 4608MB
[13,383s][debug  ][gc,director    ] Select Minor GC Workers (Not Warm), GCWorkers: 5,000
[13,383s][debug  ][gc,director    ] Rule Minor: Allocation Rate (Dynamic GC Workers), MaxAllocRate: 475,2MB/s (+/-31,4%), Free: 11070MB, GCCPUTime: 1,537, GCDuration: 0,318s, TimeUntilOOM: 17,723s, TimeUntilGC: 17,405s, GCWorkers: 5
[13,383s][debug  ][gc,director    ] Select Minor GC Workers (Not Warm), GCWorkers: 5,000
[13,383s][debug  ][gc,director    ] Rule Minor: Allocation Rate (Dynamic GC Workers), MaxAllocRate: 1955,3MB/s (+/-31,4%), Free: 11070MB, GCCPUTime: 1,537, GCDuration: 0,318s, TimeUntilOOM: 4,308s, TimeUntilGC: 3,989s, GCWorkers: 5
[13,383s][debug  ][gc,director    ] Rule Minor: High Usage, Free: 11070MB(72,1%)
[13,393s][debug  ][gc,director    ] Rule Major: Warmup 30%, Used: 4256MB, UsedThreshold: 4608MB
[13,393s][debug  ][gc,director    ] Select Minor GC Workers (Not Warm), GCWorkers: 5,000
[13,393s][debug  ][gc,director    ] Rule Minor: Allocation Rate (Dynamic GC Workers), MaxAllocRate: 475,2MB/s (+/-31,4%), Free: 11062MB, GCCPUTime: 1,537, GCDuration: 0,318s, TimeUntilOOM: 17,710s, TimeUntilGC: 17,392s, GCWorkers: 5
[13,393s][debug  ][gc,director    ] Select Minor GC Workers (Not Warm), GCWorkers: 5,000
[13,393s][debug  ][gc,director    ] Rule Minor: Allocation Rate (Dynamic GC Workers), MaxAllocRate: 1955,3MB/s (+/-31,4%), Free: 11062MB, GCCPUTime: 1,537, GCDuration: 0,318s, TimeUntilOOM: 4,304s, TimeUntilGC: 3,986s, GCWorkers: 5
[13,393s][debug  ][gc,director    ] Rule Minor: High Usage, Free: 11062MB(72,0%)
[13,404s][debug  ][gc,director    ] Rule Major: Warmup 30%, Used: 4262MB, UsedThreshold: 4608MB
[13,404s][debug  ][gc,director    ] Select Minor GC Workers (Not Warm), GCWorkers: 5,000
[13,404s][debug  ][gc,director    ] Rule Minor: Allocation Rate (Dynamic GC Workers), MaxAllocRate: 475,2MB/s (+/-31,4%), Free: 11056MB, GCCPUTime: 1,537, GCDuration: 0,318s, TimeUntilOOM: 17,701s, TimeUntilGC: 17,383s, GCWorkers: 5
[13,404s][debug  ][gc,director    ] Select Minor GC Workers (Not Warm), GCWorkers: 5,000
[13,404s][debug  ][gc,director    ] Rule Minor: Allocation Rate (Dynamic GC Workers), MaxAllocRate: 1955,3MB/s (+/-31,4%), Free: 11056MB, GCCPUTime: 1,537, GCDuration: 0,318s, TimeUntilOOM: 4,302s, TimeUntilGC: 3,984s, GCWorkers: 5
[13,404s][debug  ][gc,director    ] Rule Minor: High Usage, Free: 11056MB(72,0%)
[13,404s][debug  ][gc,alloc       ] Mutator Allocation Rate: 681,5MB/s Predicted: 736,4MB/s, Avg: 478,3(+/-150,3)MB/s
[13,404s][debug  ][gc,director    ] Rule Major: Warmup 30%, Used: 4264MB, UsedThreshold: 4608MB
[13,404s][debug  ][gc,director    ] Select Minor GC Workers (Not Warm), GCWorkers: 5,000
[13,404s][debug  ][gc,director    ] Rule Minor: Allocation Rate (Dynamic GC Workers), MaxAllocRate: 478,3MB/s (+/-31,4%), Free: 11054MB, GCCPUTime: 1,537, GCDuration: 0,318s, TimeUntilOOM: 17,585s, TimeUntilGC: 17,267s, GCWorkers: 5
[13,404s][debug  ][gc,director    ] Select Minor GC Workers (Not Warm), GCWorkers: 5,000
[13,404s][debug  ][gc,director    ] Rule Minor: Allocation Rate (Dynamic GC Workers), MaxAllocRate: 1967,6MB/s (+/-31,4%), Free: 11054MB, GCCPUTime: 1,537, GCDuration: 0,318s, TimeUntilOOM: 4,274s, TimeUntilGC: 3,956s, GCWorkers: 5
[13,404s][debug  ][gc,director    ] Rule Minor: High Usage, Free: 11054MB(72,0%)
[13,414s][debug  ][gc,director    ] Rule Major: Warmup 30%, Used: 4270MB, UsedThreshold: 4608MB
[13,414s][debug  ][gc,director    ] Select Minor GC Workers (Not Warm), GCWorkers: 5,000
[13,414s][debug  ][gc,director    ] Rule Minor: Allocation Rate (Dynamic GC Workers), MaxAllocRate: 478,3MB/s (+/-31,4%), Free: 11048MB, GCCPUTime: 1,537, GCDuration: 0,318s, TimeUntilOOM: 17,576s, TimeUntilGC: 17,257s, GCWorkers: 5
[13,414s][debug  ][gc,director    ] Select Minor GC Workers (Not Warm), GCWorkers: 5,000
[13,414s][debug  ][gc,director    ] Rule Minor: Allocation Rate (Dynamic GC Workers), MaxAllocRate: 1967,6MB/s (+/-31,4%), Free: 11048MB, GCCPUTime: 1,537, GCDuration: 0,318s, TimeUntilOOM: 4,272s, TimeUntilGC: 3,954s, GCWorkers: 5
[13,414s][debug  ][gc,director    ] Rule Minor: High Usage, Free: 11048MB(71,9%)
[13,424s][debug  ][gc,director    ] Rule Major: Warmup 30%, Used: 4278MB, UsedThreshold: 4608MB
[13,425s][debug  ][gc,director    ] Select Minor GC Workers (Not Warm), GCWorkers: 5,000
[13,425s][debug  ][gc,director    ] Rule Minor: Allocation Rate (Dynamic GC Workers), MaxAllocRate: 478,3MB/s (+/-31,4%), Free: 11040MB, GCCPUTime: 1,537, GCDuration: 0,318s, TimeUntilOOM: 17,563s, TimeUntilGC: 17,245s, GCWorkers: 5
[13,425s][debug  ][gc,director    ] Select Minor GC Workers (Not Warm), GCWorkers: 5,000
[13,425s][debug  ][gc,director    ] Rule Minor: Allocation Rate (Dynamic GC Workers), MaxAllocRate: 1967,6MB/s (+/-31,4%), Free: 11040MB, GCCPUTime: 1,537, GCDuration: 0,318s, TimeUntilOOM: 4,269s, TimeUntilGC: 3,951s, GCWorkers: 5
[13,425s][debug  ][gc,director    ] Rule Minor: High Usage, Free: 11040MB(71,9%)
[13,435s][debug  ][gc,director    ] Rule Major: Warmup 30%, Used: 4284MB, UsedThreshold: 4608MB
[13,435s][debug  ][gc,director    ] Select Minor GC Workers (Not Warm), GCWorkers: 5,000
[13,435s][debug  ][gc,director    ] Rule Minor: Allocation Rate (Dynamic GC Workers), MaxAllocRate: 478,3MB/s (+/-31,4%), Free: 11034MB, GCCPUTime: 1,537, GCDuration: 0,318s, TimeUntilOOM: 17,553s, TimeUntilGC: 17,235s, GCWorkers: 5
[13,435s][debug  ][gc,director    ] Select Minor GC Workers (Not Warm), GCWorkers: 5,000
[13,435s][debug  ][gc,director    ] Rule Minor: Allocation Rate (Dynamic GC Workers), MaxAllocRate: 1967,6MB/s (+/-31,4%), Free: 11034MB, GCCPUTime: 1,537, GCDuration: 0,318s, TimeUntilOOM: 4,267s, TimeUntilGC: 3,948s, GCWorkers: 5
[13,435s][debug  ][gc,director    ] Rule Minor: High Usage, Free: 11034MB(71,8%)
[13,445s][debug  ][gc,director    ] Rule Major: Warmup 30%, Used: 4292MB, UsedThreshold: 4608MB
[13,445s][debug  ][gc,director    ] Select Minor GC Workers (Not Warm), GCWorkers: 5,000
[13,445s][debug  ][gc,director    ] Rule Minor: Allocation Rate (Dynamic GC Workers), MaxAllocRate: 478,3MB/s (+/-31,4%), Free: 11026MB, GCCPUTime: 1,537, GCDuration: 0,318s, TimeUntilOOM: 17,541s, TimeUntilGC: 17,222s, GCWorkers: 5
[13,445s][debug  ][gc,director    ] Select Minor GC Workers (Not Warm), GCWorkers: 5,000
[13,445s][debug  ][gc,director    ] Rule Minor: Allocation Rate (Dynamic GC Workers), MaxAllocRate: 1967,6MB/s (+/-31,4%), Free: 11026MB, GCCPUTime: 1,537, GCDuration: 0,318s, TimeUntilOOM: 4,263s, TimeUntilGC: 3,945s, GCWorkers: 5
[13,445s][debug  ][gc,director    ] Rule Minor: High Usage, Free: 11026MB(71,8%)
[13,455s][debug  ][gc,director    ] Rule Major: Warmup 30%, Used: 4298MB, UsedThreshold: 4608MB
[13,455s][debug  ][gc,director    ] Select Minor GC Workers (Not Warm), GCWorkers: 5,000
[13,456s][debug  ][gc,director    ] Rule Minor: Allocation Rate (Dynamic GC Workers), MaxAllocRate: 478,3MB/s (+/-31,4%), Free: 11020MB, GCCPUTime: 1,537, GCDuration: 0,318s, TimeUntilOOM: 17,531s, TimeUntilGC: 17,213s, GCWorkers: 5
[13,456s][debug  ][gc,director    ] Select Minor GC Workers (Not Warm), GCWorkers: 5,000
[13,456s][debug  ][gc,director    ] Rule Minor: Allocation Rate (Dynamic GC Workers), MaxAllocRate: 1967,6MB/s (+/-31,4%), Free: 11020MB, GCCPUTime: 1,537, GCDuration: 0,318s, TimeUntilOOM: 4,261s, TimeUntilGC: 3,943s, GCWorkers: 5
[13,456s][debug  ][gc,director    ] Rule Minor: High Usage, Free: 11020MB(71,7%)
[13,466s][debug  ][gc,director    ] Rule Major: Warmup 30%, Used: 4306MB, UsedThreshold: 4608MB
[13,466s][debug  ][gc,director    ] Select Minor GC Workers (Not Warm), GCWorkers: 5,000
[13,466s][debug  ][gc,director    ] Rule Minor: Allocation Rate (Dynamic GC Workers), MaxAllocRate: 478,3MB/s (+/-31,4%), Free: 11012MB, GCCPUTime: 1,537, GCDuration: 0,318s, TimeUntilOOM: 17,518s, TimeUntilGC: 17,200s, GCWorkers: 5
[13,466s][debug  ][gc,director    ] Select Minor GC Workers (Not Warm), GCWorkers: 5,000
[13,466s][debug  ][gc,director    ] Rule Minor: Allocation Rate (Dynamic GC Workers), MaxAllocRate: 1967,6MB/s (+/-31,4%), Free: 11012MB, GCCPUTime: 1,537, GCDuration: 0,318s, TimeUntilOOM: 4,258s, TimeUntilGC: 3,940s, GCWorkers: 5
[13,466s][debug  ][gc,director    ] Rule Minor: High Usage, Free: 11012MB(71,7%)
[13,476s][debug  ][gc,director    ] Rule Major: Warmup 30%, Used: 4312MB, UsedThreshold: 4608MB
[13,476s][debug  ][gc,director    ] Select Minor GC Workers (Not Warm), GCWorkers: 5,000
[13,476s][debug  ][gc,director    ] Rule Minor: Allocation Rate (Dynamic GC Workers), MaxAllocRate: 478,3MB/s (+/-31,4%), Free: 11006MB, GCCPUTime: 1,537, GCDuration: 0,318s, TimeUntilOOM: 17,509s, TimeUntilGC: 17,190s, GCWorkers: 5
[13,476s][debug  ][gc,director    ] Select Minor GC Workers (Not Warm), GCWorkers: 5,000
[13,476s][debug  ][gc,director    ] Rule Minor: Allocation Rate (Dynamic GC Workers), MaxAllocRate: 1967,6MB/s (+/-31,4%), Free: 11006MB, GCCPUTime: 1,537, GCDuration: 0,318s, TimeUntilOOM: 4,256s, TimeUntilGC: 3,937s, GCWorkers: 5
[13,476s][debug  ][gc,director    ] Rule Minor: High Usage, Free: 11006MB(71,7%)
[13,486s][debug  ][gc,director    ] Rule Major: Warmup 30%, Used: 4320MB, UsedThreshold: 4608MB
[13,486s][debug  ][gc,director    ] Select Minor GC Workers (Not Warm), GCWorkers: 5,000
[13,486s][debug  ][gc,director    ] Rule Minor: Allocation Rate (Dynamic GC Workers), MaxAllocRate: 478,3MB/s (+/-31,4%), Free: 10998MB, GCCPUTime: 1,537, GCDuration: 0,318s, TimeUntilOOM: 17,496s, TimeUntilGC: 17,178s, GCWorkers: 5
[13,486s][debug  ][gc,director    ] Select Minor GC Workers (Not Warm), GCWorkers: 5,000
[13,486s][debug  ][gc,director    ] Rule Minor: Allocation Rate (Dynamic GC Workers), MaxAllocRate: 1967,6MB/s (+/-31,4%), Free: 10998MB, GCCPUTime: 1,537, GCDuration: 0,318s, TimeUntilOOM: 4,253s, TimeUntilGC: 3,934s, GCWorkers: 5
[13,486s][debug  ][gc,director    ] Rule Minor: High Usage, Free: 10998MB(71,6%)
[13,497s][debug  ][gc,director    ] Rule Major: Warmup 30%, Used: 4328MB, UsedThreshold: 4608MB
[13,497s][debug  ][gc,director    ] Select Minor GC Workers (Not Warm), GCWorkers: 5,000
[13,497s][debug  ][gc,director    ] Rule Minor: Allocation Rate (Dynamic GC Workers), MaxAllocRate: 478,3MB/s (+/-31,4%), Free: 10990MB, GCCPUTime: 1,537, GCDuration: 0,318s, TimeUntilOOM: 17,483s, TimeUntilGC: 17,165s, GCWorkers: 5
[13,497s][debug  ][gc,director    ] Select Minor GC Workers (Not Warm), GCWorkers: 5,000
[13,497s][debug  ][gc,director    ] Rule Minor: Allocation Rate (Dynamic GC Workers), MaxAllocRate: 1967,6MB/s (+/-31,4%), Free: 10990MB, GCCPUTime: 1,537, GCDuration: 0,318s, TimeUntilOOM: 4,250s, TimeUntilGC: 3,931s, GCWorkers: 5
[13,497s][debug  ][gc,director    ] Rule Minor: High Usage, Free: 10990MB(71,5%)
[13,507s][debug  ][gc,director    ] Rule Major: Warmup 30%, Used: 4334MB, UsedThreshold: 4608MB
[13,507s][debug  ][gc,director    ] Select Minor GC Workers (Not Warm), GCWorkers: 5,000
[13,507s][debug  ][gc,director    ] Rule Minor: Allocation Rate (Dynamic GC Workers), MaxAllocRate: 478,3MB/s (+/-31,4%), Free: 10984MB, GCCPUTime: 1,537, GCDuration: 0,318s, TimeUntilOOM: 17,474s, TimeUntilGC: 17,155s, GCWorkers: 5
[13,507s][debug  ][gc,director    ] Select Minor GC Workers (Not Warm), GCWorkers: 5,000
[13,507s][debug  ][gc,director    ] Rule Minor: Allocation Rate (Dynamic GC Workers), MaxAllocRate: 1967,6MB/s (+/-31,4%), Free: 10984MB, GCCPUTime: 1,537, GCDuration: 0,318s, TimeUntilOOM: 4,247s, TimeUntilGC: 3,929s, GCWorkers: 5
[13,507s][debug  ][gc,director    ] Rule Minor: High Usage, Free: 10984MB(71,5%)
[13,517s][debug  ][gc,director    ] Rule Major: Warmup 30%, Used: 4342MB, UsedThreshold: 4608MB
[13,517s][debug  ][gc,director    ] Select Minor GC Workers (Not Warm), GCWorkers: 5,000
[13,517s][debug  ][gc,director    ] Rule Minor: Allocation Rate (Dynamic GC Workers), MaxAllocRate: 478,3MB/s (+/-31,4%), Free: 10976MB, GCCPUTime: 1,537, GCDuration: 0,318s, TimeUntilOOM: 17,461s, TimeUntilGC: 17,143s, GCWorkers: 5
[13,517s][debug  ][gc,director    ] Select Minor GC Workers (Not Warm), GCWorkers: 5,000
[13,517s][debug  ][gc,director    ] Rule Minor: Allocation Rate (Dynamic GC Workers), MaxAllocRate: 1967,6MB/s (+/-31,4%), Free: 10976MB, GCCPUTime: 1,537, GCDuration: 0,318s, TimeUntilOOM: 4,244s, TimeUntilGC: 3,926s, GCWorkers: 5
[13,517s][debug  ][gc,director    ] Rule Minor: High Usage, Free: 10976MB(71,5%)
[13,527s][debug  ][gc,director    ] Rule Major: Warmup 30%, Used: 4348MB, UsedThreshold: 4608MB
[13,528s][debug  ][gc,director    ] Select Minor GC Workers (Not Warm), GCWorkers: 5,000
[13,528s][debug  ][gc,director    ] Rule Minor: Allocation Rate (Dynamic GC Workers), MaxAllocRate: 478,3MB/s (+/-31,4%), Free: 10970MB, GCCPUTime: 1,537, GCDuration: 0,318s, TimeUntilOOM: 17,452s, TimeUntilGC: 17,133s, GCWorkers: 5
[13,528s][debug  ][gc,director    ] Select Minor GC Workers (Not Warm), GCWorkers: 5,000
[13,528s][debug  ][gc,director    ] Rule Minor: Allocation Rate (Dynamic GC Workers), MaxAllocRate: 1967,6MB/s (+/-31,4%), Free: 10970MB, GCCPUTime: 1,537, GCDuration: 0,318s, TimeUntilOOM: 4,242s, TimeUntilGC: 3,923s, GCWorkers: 5
[13,528s][debug  ][gc,director    ] Rule Minor: High Usage, Free: 10970MB(71,4%)
[13,538s][debug  ][gc,director    ] Rule Major: Warmup 30%, Used: 4356MB, UsedThreshold: 4608MB
[13,538s][debug  ][gc,director    ] Select Minor GC Workers (Not Warm), GCWorkers: 5,000
[13,538s][debug  ][gc,director    ] Rule Minor: Allocation Rate (Dynamic GC Workers), MaxAllocRate: 478,3MB/s (+/-31,4%), Free: 10962MB, GCCPUTime: 1,537, GCDuration: 0,318s, TimeUntilOOM: 17,439s, TimeUntilGC: 17,120s, GCWorkers: 5
[13,538s][debug  ][gc,director    ] Select Minor GC Workers (Not Warm), GCWorkers: 5,000
[13,538s][debug  ][gc,director    ] Rule Minor: Allocation Rate (Dynamic GC Workers), MaxAllocRate: 1967,6MB/s (+/-31,4%), Free: 10962MB, GCCPUTime: 1,537, GCDuration: 0,318s, TimeUntilOOM: 4,239s, TimeUntilGC: 3,920s, GCWorkers: 5
[13,538s][debug  ][gc,director    ] Rule Minor: High Usage, Free: 10962MB(71,4%)
[13,548s][debug  ][gc,director    ] Rule Major: Warmup 30%, Used: 4362MB, UsedThreshold: 4608MB
[13,548s][debug  ][gc,director    ] Select Minor GC Workers (Not Warm), GCWorkers: 5,000
[13,548s][debug  ][gc,director    ] Rule Minor: Allocation Rate (Dynamic GC Workers), MaxAllocRate: 478,3MB/s (+/-31,4%), Free: 10956MB, GCCPUTime: 1,537, GCDuration: 0,318s, TimeUntilOOM: 17,429s, TimeUntilGC: 17,111s, GCWorkers: 5
[13,548s][debug  ][gc,director    ] Select Minor GC Workers (Not Warm), GCWorkers: 5,000
[13,548s][debug  ][gc,director    ] Rule Minor: Allocation Rate (Dynamic GC Workers), MaxAllocRate: 1967,6MB/s (+/-31,4%), Free: 10956MB, GCCPUTime: 1,537, GCDuration: 0,318s, TimeUntilOOM: 4,236s, TimeUntilGC: 3,918s, GCWorkers: 5
[13,548s][debug  ][gc,director    ] Rule Minor: High Usage, Free: 10956MB(71,3%)
[13,558s][debug  ][gc,director    ] Rule Major: Warmup 30%, Used: 4370MB, UsedThreshold: 4608MB
[13,558s][debug  ][gc,director    ] Select Minor GC Workers (Not Warm), GCWorkers: 5,000
[13,558s][debug  ][gc,director    ] Rule Minor: Allocation Rate (Dynamic GC Workers), MaxAllocRate: 478,3MB/s (+/-31,4%), Free: 10948MB, GCCPUTime: 1,537, GCDuration: 0,318s, TimeUntilOOM: 17,417s, TimeUntilGC: 17,098s, GCWorkers: 5
[13,558s][debug  ][gc,director    ] Select Minor GC Workers (Not Warm), GCWorkers: 5,000
[13,558s][debug  ][gc,director    ] Rule Minor: Allocation Rate (Dynamic GC Workers), MaxAllocRate: 1967,6MB/s (+/-31,4%), Free: 10948MB, GCCPUTime: 1,537, GCDuration: 0,318s, TimeUntilOOM: 4,233s, TimeUntilGC: 3,915s, GCWorkers: 5
[13,558s][debug  ][gc,director    ] Rule Minor: High Usage, Free: 10948MB(71,3%)
[13,569s][debug  ][gc,director    ] Rule Major: Warmup 30%, Used: 4376MB, UsedThreshold: 4608MB
[13,569s][debug  ][gc,director    ] Select Minor GC Workers (Not Warm), GCWorkers: 5,000
[13,569s][debug  ][gc,director    ] Rule Minor: Allocation Rate (Dynamic GC Workers), MaxAllocRate: 478,3MB/s (+/-31,4%), Free: 10942MB, GCCPUTime: 1,537, GCDuration: 0,318s, TimeUntilOOM: 17,407s, TimeUntilGC: 17,089s, GCWorkers: 5
[13,569s][debug  ][gc,director    ] Select Minor GC Workers (Not Warm), GCWorkers: 5,000
[13,569s][debug  ][gc,director    ] Rule Minor: Allocation Rate (Dynamic GC Workers), MaxAllocRate: 1967,6MB/s (+/-31,4%), Free: 10942MB, GCCPUTime: 1,537, GCDuration: 0,318s, TimeUntilOOM: 4,231s, TimeUntilGC: 3,913s, GCWorkers: 5
[13,569s][debug  ][gc,director    ] Rule Minor: High Usage, Free: 10942MB(71,2%)
[13,578s][debug  ][gc,alloc       ] Mutator Allocation Rate: 681,6MB/s Predicted: 740,7MB/s, Avg: 481,2(+/-151,2)MB/s
[13,578s][debug  ][gc,director    ] Rule Major: Warmup 30%, Used: 4384MB, UsedThreshold: 4608MB
[13,578s][debug  ][gc,director    ] Select Minor GC Workers (Not Warm), GCWorkers: 5,000
[13,578s][debug  ][gc,director    ] Rule Minor: Allocation Rate (Dynamic GC Workers), MaxAllocRate: 481,2MB/s (+/-31,4%), Free: 10934MB, GCCPUTime: 1,537, GCDuration: 0,318s, TimeUntilOOM: 17,289s, TimeUntilGC: 16,971s, GCWorkers: 5
[13,578s][debug  ][gc,director    ] Select Minor GC Workers (Not Warm), GCWorkers: 5,000
[13,578s][debug  ][gc,director    ] Rule Minor: Allocation Rate (Dynamic GC Workers), MaxAllocRate: 1979,1MB/s (+/-31,4%), Free: 10934MB, GCCPUTime: 1,537, GCDuration: 0,318s, TimeUntilOOM: 4,204s, TimeUntilGC: 3,885s, GCWorkers: 5
[13,578s][debug  ][gc,director    ] Rule Minor: High Usage, Free: 10934MB(71,2%)
[13,588s][debug  ][gc,director    ] Rule Major: Warmup 30%, Used: 4390MB, UsedThreshold: 4608MB
[13,588s][debug  ][gc,director    ] Select Minor GC Workers (Not Warm), GCWorkers: 5,000
[13,588s][debug  ][gc,director    ] Rule Minor: Allocation Rate (Dynamic GC Workers), MaxAllocRate: 481,2MB/s (+/-31,4%), Free: 10928MB, GCCPUTime: 1,537, GCDuration: 0,318s, TimeUntilOOM: 17,280s, TimeUntilGC: 16,961s, GCWorkers: 5
[13,588s][debug  ][gc,director    ] Select Minor GC Workers (Not Warm), GCWorkers: 5,000
[13,588s][debug  ][gc,director    ] Rule Minor: Allocation Rate (Dynamic GC Workers), MaxAllocRate: 1979,1MB/s (+/-31,4%), Free: 10928MB, GCCPUTime: 1,537, GCDuration: 0,318s, TimeUntilOOM: 4,201s, TimeUntilGC: 3,883s, GCWorkers: 5
[13,588s][debug  ][gc,director    ] Rule Minor: High Usage, Free: 10928MB(71,1%)
[13,598s][debug  ][gc,director    ] Rule Major: Warmup 30%, Used: 4398MB, UsedThreshold: 4608MB
[13,598s][debug  ][gc,director    ] Select Minor GC Workers (Not Warm), GCWorkers: 5,000
[13,598s][debug  ][gc,director    ] Rule Minor: Allocation Rate (Dynamic GC Workers), MaxAllocRate: 481,2MB/s (+/-31,4%), Free: 10920MB, GCCPUTime: 1,537, GCDuration: 0,318s, TimeUntilOOM: 17,267s, TimeUntilGC: 16,949s, GCWorkers: 5
[13,598s][debug  ][gc,director    ] Select Minor GC Workers (Not Warm), GCWorkers: 5,000
[13,598s][debug  ][gc,director    ] Rule Minor: Allocation Rate (Dynamic GC Workers), MaxAllocRate: 1979,1MB/s (+/-31,4%), Free: 10920MB, GCCPUTime: 1,537, GCDuration: 0,318s, TimeUntilOOM: 4,198s, TimeUntilGC: 3,880s, GCWorkers: 5
[13,598s][debug  ][gc,director    ] Rule Minor: High Usage, Free: 10920MB(71,1%)
[13,608s][debug  ][gc,director    ] Rule Major: Warmup 30%, Used: 4404MB, UsedThreshold: 4608MB
[13,608s][debug  ][gc,director    ] Select Minor GC Workers (Not Warm), GCWorkers: 5,000
[13,608s][debug  ][gc,director    ] Rule Minor: Allocation Rate (Dynamic GC Workers), MaxAllocRate: 481,2MB/s (+/-31,4%), Free: 10914MB, GCCPUTime: 1,537, GCDuration: 0,318s, TimeUntilOOM: 17,258s, TimeUntilGC: 16,939s, GCWorkers: 5
[13,608s][debug  ][gc,director    ] Select Minor GC Workers (Not Warm), GCWorkers: 5,000
[13,609s][debug  ][gc,director    ] Rule Minor: Allocation Rate (Dynamic GC Workers), MaxAllocRate: 1979,1MB/s (+/-31,4%), Free: 10914MB, GCCPUTime: 1,537, GCDuration: 0,318s, TimeUntilOOM: 4,196s, TimeUntilGC: 3,878s, GCWorkers: 5
[13,609s][debug  ][gc,director    ] Rule Minor: High Usage, Free: 10914MB(71,1%)
[13,619s][debug  ][gc,director    ] Rule Major: Warmup 30%, Used: 4412MB, UsedThreshold: 4608MB
[13,619s][debug  ][gc,director    ] Select Minor GC Workers (Not Warm), GCWorkers: 5,000
[13,619s][debug  ][gc,director    ] Rule Minor: Allocation Rate (Dynamic GC Workers), MaxAllocRate: 481,2MB/s (+/-31,4%), Free: 10906MB, GCCPUTime: 1,537, GCDuration: 0,318s, TimeUntilOOM: 17,245s, TimeUntilGC: 16,927s, GCWorkers: 5
[13,619s][debug  ][gc,director    ] Select Minor GC Workers (Not Warm), GCWorkers: 5,000
[13,619s][debug  ][gc,director    ] Rule Minor: Allocation Rate (Dynamic GC Workers), MaxAllocRate: 1979,1MB/s (+/-31,4%), Free: 10906MB, GCCPUTime: 1,537, GCDuration: 0,318s, TimeUntilOOM: 4,193s, TimeUntilGC: 3,875s, GCWorkers: 5
[13,619s][debug  ][gc,director    ] Rule Minor: High Usage, Free: 10906MB(71,0%)
[13,629s][debug  ][gc,director    ] Rule Major: Warmup 30%, Used: 4418MB, UsedThreshold: 4608MB
[13,629s][debug  ][gc,director    ] Select Minor GC Workers (Not Warm), GCWorkers: 5,000
[13,629s][debug  ][gc,director    ] Rule Minor: Allocation Rate (Dynamic GC Workers), MaxAllocRate: 481,2MB/s (+/-31,4%), Free: 10900MB, GCCPUTime: 1,537, GCDuration: 0,318s, TimeUntilOOM: 17,235s, TimeUntilGC: 16,917s, GCWorkers: 5
[13,629s][debug  ][gc,director    ] Select Minor GC Workers (Not Warm), GCWorkers: 5,000
[13,629s][debug  ][gc,director    ] Rule Minor: Allocation Rate (Dynamic GC Workers), MaxAllocRate: 1979,1MB/s (+/-31,4%), Free: 10900MB, GCCPUTime: 1,537, GCDuration: 0,318s, TimeUntilOOM: 4,191s, TimeUntilGC: 3,872s, GCWorkers: 5
[13,629s][debug  ][gc,director    ] Rule Minor: High Usage, Free: 10900MB(71,0%)
[13,639s][debug  ][gc,director    ] Rule Major: Warmup 30%, Used: 4426MB, UsedThreshold: 4608MB
[13,639s][debug  ][gc,director    ] Select Minor GC Workers (Not Warm), GCWorkers: 5,000
[13,639s][debug  ][gc,director    ] Rule Minor: Allocation Rate (Dynamic GC Workers), MaxAllocRate: 481,2MB/s (+/-31,4%), Free: 10892MB, GCCPUTime: 1,537, GCDuration: 0,318s, TimeUntilOOM: 17,223s, TimeUntilGC: 16,904s, GCWorkers: 5
[13,639s][debug  ][gc,director    ] Select Minor GC Workers (Not Warm), GCWorkers: 5,000
[13,639s][debug  ][gc,director    ] Rule Minor: Allocation Rate (Dynamic GC Workers), MaxAllocRate: 1979,1MB/s (+/-31,4%), Free: 10892MB, GCCPUTime: 1,537, GCDuration: 0,318s, TimeUntilOOM: 4,188s, TimeUntilGC: 3,869s, GCWorkers: 5
[13,639s][debug  ][gc,director    ] Rule Minor: High Usage, Free: 10892MB(70,9%)
[13,650s][debug  ][gc,director    ] Rule Major: Warmup 30%, Used: 4432MB, UsedThreshold: 4608MB
[13,650s][debug  ][gc,director    ] Select Minor GC Workers (Not Warm), GCWorkers: 5,000
[13,650s][debug  ][gc,director    ] Rule Minor: Allocation Rate (Dynamic GC Workers), MaxAllocRate: 481,2MB/s (+/-31,4%), Free: 10886MB, GCCPUTime: 1,537, GCDuration: 0,318s, TimeUntilOOM: 17,213s, TimeUntilGC: 16,895s, GCWorkers: 5
[13,650s][debug  ][gc,director    ] Select Minor GC Workers (Not Warm), GCWorkers: 5,000
[13,650s][debug  ][gc,director    ] Rule Minor: Allocation Rate (Dynamic GC Workers), MaxAllocRate: 1979,1MB/s (+/-31,4%), Free: 10886MB, GCCPUTime: 1,537, GCDuration: 0,318s, TimeUntilOOM: 4,185s, TimeUntilGC: 3,867s, GCWorkers: 5
[13,650s][debug  ][gc,director    ] Rule Minor: High Usage, Free: 10886MB(70,9%)
[13,660s][debug  ][gc,director    ] Rule Major: Warmup 30%, Used: 4440MB, UsedThreshold: 4608MB
[13,660s][debug  ][gc,director    ] Select Minor GC Workers (Not Warm), GCWorkers: 5,000
[13,660s][debug  ][gc,director    ] Rule Minor: Allocation Rate (Dynamic GC Workers), MaxAllocRate: 481,2MB/s (+/-31,4%), Free: 10878MB, GCCPUTime: 1,537, GCDuration: 0,318s, TimeUntilOOM: 17,201s, TimeUntilGC: 16,882s, GCWorkers: 5
[13,660s][debug  ][gc,director    ] Select Minor GC Workers (Not Warm), GCWorkers: 5,000
[13,660s][debug  ][gc,director    ] Rule Minor: Allocation Rate (Dynamic GC Workers), MaxAllocRate: 1979,1MB/s (+/-31,4%), Free: 10878MB, GCCPUTime: 1,537, GCDuration: 0,318s, TimeUntilOOM: 4,182s, TimeUntilGC: 3,864s, GCWorkers: 5
[13,660s][debug  ][gc,director    ] Rule Minor: High Usage, Free: 10878MB(70,8%)
[13,670s][debug  ][gc,director    ] Rule Major: Warmup 30%, Used: 4446MB, UsedThreshold: 4608MB
[13,670s][debug  ][gc,director    ] Select Minor GC Workers (Not Warm), GCWorkers: 5,000
[13,670s][debug  ][gc,director    ] Rule Minor: Allocation Rate (Dynamic GC Workers), MaxAllocRate: 481,2MB/s (+/-31,4%), Free: 10872MB, GCCPUTime: 1,537, GCDuration: 0,318s, TimeUntilOOM: 17,191s, TimeUntilGC: 16,873s, GCWorkers: 5
[13,670s][debug  ][gc,director    ] Select Minor GC Workers (Not Warm), GCWorkers: 5,000
[13,670s][debug  ][gc,director    ] Rule Minor: Allocation Rate (Dynamic GC Workers), MaxAllocRate: 1979,1MB/s (+/-31,4%), Free: 10872MB, GCCPUTime: 1,537, GCDuration: 0,318s, TimeUntilOOM: 4,180s, TimeUntilGC: 3,862s, GCWorkers: 5
[13,670s][debug  ][gc,director    ] Rule Minor: High Usage, Free: 10872MB(70,8%)
[13,680s][debug  ][gc,director    ] Rule Major: Warmup 30%, Used: 4454MB, UsedThreshold: 4608MB
[13,681s][debug  ][gc,director    ] Select Minor GC Workers (Not Warm), GCWorkers: 5,000
[13,681s][debug  ][gc,director    ] Rule Minor: Allocation Rate (Dynamic GC Workers), MaxAllocRate: 481,2MB/s (+/-31,4%), Free: 10864MB, GCCPUTime: 1,537, GCDuration: 0,318s, TimeUntilOOM: 17,179s, TimeUntilGC: 16,860s, GCWorkers: 5
[13,681s][debug  ][gc,director    ] Select Minor GC Workers (Not Warm), GCWorkers: 5,000
[13,681s][debug  ][gc,director    ] Rule Minor: Allocation Rate (Dynamic GC Workers), MaxAllocRate: 1979,1MB/s (+/-31,4%), Free: 10864MB, GCCPUTime: 1,537, GCDuration: 0,318s, TimeUntilOOM: 4,177s, TimeUntilGC: 3,858s, GCWorkers: 5
[13,681s][debug  ][gc,director    ] Rule Minor: High Usage, Free: 10864MB(70,7%)
[13,691s][debug  ][gc,director    ] Rule Major: Warmup 30%, Used: 4462MB, UsedThreshold: 4608MB
[13,691s][debug  ][gc,director    ] Select Minor GC Workers (Not Warm), GCWorkers: 5,000
[13,691s][debug  ][gc,director    ] Rule Minor: Allocation Rate (Dynamic GC Workers), MaxAllocRate: 481,2MB/s (+/-31,4%), Free: 10856MB, GCCPUTime: 1,537, GCDuration: 0,318s, TimeUntilOOM: 17,166s, TimeUntilGC: 16,848s, GCWorkers: 5
[13,691s][debug  ][gc,director    ] Select Minor GC Workers (Not Warm), GCWorkers: 5,000
[13,691s][debug  ][gc,director    ] Rule Minor: Allocation Rate (Dynamic GC Workers), MaxAllocRate: 1979,1MB/s (+/-31,4%), Free: 10856MB, GCCPUTime: 1,537, GCDuration: 0,318s, TimeUntilOOM: 4,174s, TimeUntilGC: 3,855s, GCWorkers: 5
[13,691s][debug  ][gc,director    ] Rule Minor: High Usage, Free: 10856MB(70,7%)
[13,701s][debug  ][gc,director    ] Rule Major: Warmup 30%, Used: 4468MB, UsedThreshold: 4608MB
[13,701s][debug  ][gc,director    ] Select Minor GC Workers (Not Warm), GCWorkers: 5,000
[13,701s][debug  ][gc,director    ] Rule Minor: Allocation Rate (Dynamic GC Workers), MaxAllocRate: 481,2MB/s (+/-31,4%), Free: 10850MB, GCCPUTime: 1,537, GCDuration: 0,318s, TimeUntilOOM: 17,156s, TimeUntilGC: 16,838s, GCWorkers: 5
[13,701s][debug  ][gc,director    ] Select Minor GC Workers (Not Warm), GCWorkers: 5,000
[13,701s][debug  ][gc,director    ] Rule Minor: Allocation Rate (Dynamic GC Workers), MaxAllocRate: 1979,1MB/s (+/-31,4%), Free: 10850MB, GCCPUTime: 1,537, GCDuration: 0,318s, TimeUntilOOM: 4,171s, TimeUntilGC: 3,853s, GCWorkers: 5
[13,701s][debug  ][gc,director    ] Rule Minor: High Usage, Free: 10850MB(70,6%)
[13,711s][debug  ][gc,director    ] Rule Major: Warmup 30%, Used: 4476MB, UsedThreshold: 4608MB
[13,712s][debug  ][gc,director    ] Select Minor GC Workers (Not Warm), GCWorkers: 5,000
[13,712s][debug  ][gc,director    ] Rule Minor: Allocation Rate (Dynamic GC Workers), MaxAllocRate: 481,2MB/s (+/-31,4%), Free: 10842MB, GCCPUTime: 1,537, GCDuration: 0,318s, TimeUntilOOM: 17,144s, TimeUntilGC: 16,825s, GCWorkers: 5
[13,712s][debug  ][gc,director    ] Select Minor GC Workers (Not Warm), GCWorkers: 5,000
[13,712s][debug  ][gc,director    ] Rule Minor: Allocation Rate (Dynamic GC Workers), MaxAllocRate: 1979,1MB/s (+/-31,4%), Free: 10842MB, GCCPUTime: 1,537, GCDuration: 0,318s, TimeUntilOOM: 4,168s, TimeUntilGC: 3,850s, GCWorkers: 5
[13,712s][debug  ][gc,director    ] Rule Minor: High Usage, Free: 10842MB(70,6%)
[13,722s][debug  ][gc,director    ] Rule Major: Warmup 30%, Used: 4482MB, UsedThreshold: 4608MB
[13,722s][debug  ][gc,director    ] Select Minor GC Workers (Not Warm), GCWorkers: 5,000
[13,722s][debug  ][gc,director    ] Rule Minor: Allocation Rate (Dynamic GC Workers), MaxAllocRate: 481,2MB/s (+/-31,4%), Free: 10836MB, GCCPUTime: 1,537, GCDuration: 0,318s, TimeUntilOOM: 17,134s, TimeUntilGC: 16,816s, GCWorkers: 5
[13,722s][debug  ][gc,director    ] Select Minor GC Workers (Not Warm), GCWorkers: 5,000
[13,722s][debug  ][gc,director    ] Rule Minor: Allocation Rate (Dynamic GC Workers), MaxAllocRate: 1979,1MB/s (+/-31,4%), Free: 10836MB, GCCPUTime: 1,537, GCDuration: 0,318s, TimeUntilOOM: 4,166s, TimeUntilGC: 3,848s, GCWorkers: 5
[13,722s][debug  ][gc,director    ] Rule Minor: High Usage, Free: 10836MB(70,5%)
[13,732s][debug  ][gc,director    ] Rule Major: Warmup 30%, Used: 4490MB, UsedThreshold: 4608MB
[13,732s][debug  ][gc,director    ] Select Minor GC Workers (Not Warm), GCWorkers: 5,000
[13,732s][debug  ][gc,director    ] Rule Minor: Allocation Rate (Dynamic GC Workers), MaxAllocRate: 481,2MB/s (+/-31,4%), Free: 10828MB, GCCPUTime: 1,537, GCDuration: 0,318s, TimeUntilOOM: 17,122s, TimeUntilGC: 16,803s, GCWorkers: 5
[13,732s][debug  ][gc,director    ] Select Minor GC Workers (Not Warm), GCWorkers: 5,000
[13,732s][debug  ][gc,director    ] Rule Minor: Allocation Rate (Dynamic GC Workers), MaxAllocRate: 1979,1MB/s (+/-31,4%), Free: 10828MB, GCCPUTime: 1,537, GCDuration: 0,318s, TimeUntilOOM: 4,163s, TimeUntilGC: 3,845s, GCWorkers: 5
[13,732s][debug  ][gc,director    ] Rule Minor: High Usage, Free: 10828MB(70,5%)
[13,742s][debug  ][gc,director    ] Rule Major: Warmup 30%, Used: 4496MB, UsedThreshold: 4608MB
[13,742s][debug  ][gc,director    ] Select Minor GC Workers (Not Warm), GCWorkers: 5,000
[13,742s][debug  ][gc,director    ] Rule Minor: Allocation Rate (Dynamic GC Workers), MaxAllocRate: 481,2MB/s (+/-31,4%), Free: 10822MB, GCCPUTime: 1,537, GCDuration: 0,318s, TimeUntilOOM: 17,112s, TimeUntilGC: 16,794s, GCWorkers: 5
[13,742s][debug  ][gc,director    ] Select Minor GC Workers (Not Warm), GCWorkers: 5,000
[13,742s][debug  ][gc,director    ] Rule Minor: Allocation Rate (Dynamic GC Workers), MaxAllocRate: 1979,1MB/s (+/-31,4%), Free: 10822MB, GCCPUTime: 1,537, GCDuration: 0,318s, TimeUntilOOM: 4,161s, TimeUntilGC: 3,842s, GCWorkers: 5
[13,742s][debug  ][gc,director    ] Rule Minor: High Usage, Free: 10822MB(70,5%)
[13,751s][debug  ][gc,alloc       ] Mutator Allocation Rate: 681,7MB/s Predicted: 744,8MB/s, Avg: 484,1(+/-152,0)MB/s
[13,752s][debug  ][gc,director    ] Rule Major: Warmup 30%, Used: 4504MB, UsedThreshold: 4608MB
[13,752s][debug  ][gc,director    ] Select Minor GC Workers (Not Warm), GCWorkers: 5,000
[13,752s][debug  ][gc,director    ] Rule Minor: Allocation Rate (Dynamic GC Workers), MaxAllocRate: 484,1MB/s (+/-31,4%), Free: 10814MB, GCCPUTime: 1,537, GCDuration: 0,318s, TimeUntilOOM: 17,001s, TimeUntilGC: 16,683s, GCWorkers: 5
[13,752s][debug  ][gc,director    ] Select Minor GC Workers (Not Warm), GCWorkers: 5,000
[13,752s][debug  ][gc,director    ] Rule Minor: Allocation Rate (Dynamic GC Workers), MaxAllocRate: 1989,8MB/s (+/-31,4%), Free: 10814MB, GCCPUTime: 1,537, GCDuration: 0,318s, TimeUntilOOM: 4,136s, TimeUntilGC: 3,818s, GCWorkers: 5
[13,752s][debug  ][gc,director    ] Rule Minor: High Usage, Free: 10814MB(70,4%)
[13,762s][debug  ][gc,director    ] Rule Major: Warmup 30%, Used: 4510MB, UsedThreshold: 4608MB
[13,762s][debug  ][gc,director    ] Select Minor GC Workers (Not Warm), GCWorkers: 5,000
[13,762s][debug  ][gc,director    ] Rule Minor: Allocation Rate (Dynamic GC Workers), MaxAllocRate: 484,1MB/s (+/-31,4%), Free: 10808MB, GCCPUTime: 1,537, GCDuration: 0,318s, TimeUntilOOM: 16,992s, TimeUntilGC: 16,673s, GCWorkers: 5
[13,762s][debug  ][gc,director    ] Select Minor GC Workers (Not Warm), GCWorkers: 5,000
[13,762s][debug  ][gc,director    ] Rule Minor: Allocation Rate (Dynamic GC Workers), MaxAllocRate: 1989,8MB/s (+/-31,4%), Free: 10808MB, GCCPUTime: 1,537, GCDuration: 0,318s, TimeUntilOOM: 4,134s, TimeUntilGC: 3,815s, GCWorkers: 5
[13,762s][debug  ][gc,director    ] Rule Minor: High Usage, Free: 10808MB(70,4%)
[13,772s][debug  ][gc,director    ] Rule Major: Warmup 30%, Used: 4518MB, UsedThreshold: 4608MB
[13,772s][debug  ][gc,director    ] Select Minor GC Workers (Not Warm), GCWorkers: 5,000
[13,772s][debug  ][gc,director    ] Rule Minor: Allocation Rate (Dynamic GC Workers), MaxAllocRate: 484,1MB/s (+/-31,4%), Free: 10800MB, GCCPUTime: 1,537, GCDuration: 0,318s, TimeUntilOOM: 16,979s, TimeUntilGC: 16,661s, GCWorkers: 5
[13,772s][debug  ][gc,director    ] Select Minor GC Workers (Not Warm), GCWorkers: 5,000
[13,772s][debug  ][gc,director    ] Rule Minor: Allocation Rate (Dynamic GC Workers), MaxAllocRate: 1989,8MB/s (+/-31,4%), Free: 10800MB, GCCPUTime: 1,537, GCDuration: 0,318s, TimeUntilOOM: 4,131s, TimeUntilGC: 3,812s, GCWorkers: 5
[13,772s][debug  ][gc,director    ] Rule Minor: High Usage, Free: 10800MB(70,3%)
[13,782s][debug  ][gc,director    ] Rule Major: Warmup 30%, Used: 4524MB, UsedThreshold: 4608MB
[13,782s][debug  ][gc,director    ] Select Minor GC Workers (Not Warm), GCWorkers: 5,000
[13,782s][debug  ][gc,director    ] Rule Minor: Allocation Rate (Dynamic GC Workers), MaxAllocRate: 484,1MB/s (+/-31,4%), Free: 10794MB, GCCPUTime: 1,537, GCDuration: 0,318s, TimeUntilOOM: 16,970s, TimeUntilGC: 16,651s, GCWorkers: 5
[13,782s][debug  ][gc,director    ] Select Minor GC Workers (Not Warm), GCWorkers: 5,000
[13,783s][debug  ][gc,director    ] Rule Minor: Allocation Rate (Dynamic GC Workers), MaxAllocRate: 1989,8MB/s (+/-31,4%), Free: 10794MB, GCCPUTime: 1,537, GCDuration: 0,318s, TimeUntilOOM: 4,128s, TimeUntilGC: 3,810s, GCWorkers: 5
[13,783s][debug  ][gc,director    ] Rule Minor: High Usage, Free: 10794MB(70,3%)
[13,793s][debug  ][gc,director    ] Rule Major: Warmup 30%, Used: 4532MB, UsedThreshold: 4608MB
[13,793s][debug  ][gc,director    ] Select Minor GC Workers (Not Warm), GCWorkers: 5,000
[13,793s][debug  ][gc,director    ] Rule Minor: Allocation Rate (Dynamic GC Workers), MaxAllocRate: 484,1MB/s (+/-31,4%), Free: 10786MB, GCCPUTime: 1,537, GCDuration: 0,318s, TimeUntilOOM: 16,957s, TimeUntilGC: 16,639s, GCWorkers: 5
[13,793s][debug  ][gc,director    ] Select Minor GC Workers (Not Warm), GCWorkers: 5,000
[13,793s][debug  ][gc,director    ] Rule Minor: Allocation Rate (Dynamic GC Workers), MaxAllocRate: 1989,8MB/s (+/-31,4%), Free: 10786MB, GCCPUTime: 1,537, GCDuration: 0,318s, TimeUntilOOM: 4,125s, TimeUntilGC: 3,807s, GCWorkers: 5
[13,793s][debug  ][gc,director    ] Rule Minor: High Usage, Free: 10786MB(70,2%)
[13,803s][debug  ][gc,director    ] Rule Major: Warmup 30%, Used: 4538MB, UsedThreshold: 4608MB
[13,803s][debug  ][gc,director    ] Select Minor GC Workers (Not Warm), GCWorkers: 5,000
[13,803s][debug  ][gc,director    ] Rule Minor: Allocation Rate (Dynamic GC Workers), MaxAllocRate: 484,1MB/s (+/-31,4%), Free: 10780MB, GCCPUTime: 1,537, GCDuration: 0,318s, TimeUntilOOM: 16,948s, TimeUntilGC: 16,629s, GCWorkers: 5
[13,803s][debug  ][gc,director    ] Select Minor GC Workers (Not Warm), GCWorkers: 5,000
[13,803s][debug  ][gc,director    ] Rule Minor: Allocation Rate (Dynamic GC Workers), MaxAllocRate: 1989,8MB/s (+/-31,4%), Free: 10780MB, GCCPUTime: 1,537, GCDuration: 0,318s, TimeUntilOOM: 4,123s, TimeUntilGC: 3,805s, GCWorkers: 5
[13,803s][debug  ][gc,director    ] Rule Minor: High Usage, Free: 10780MB(70,2%)
[13,813s][debug  ][gc,director    ] Rule Major: Warmup 30%, Used: 4546MB, UsedThreshold: 4608MB
[13,813s][debug  ][gc,director    ] Select Minor GC Workers (Not Warm), GCWorkers: 5,000
[13,813s][debug  ][gc,director    ] Rule Minor: Allocation Rate (Dynamic GC Workers), MaxAllocRate: 484,1MB/s (+/-31,4%), Free: 10772MB, GCCPUTime: 1,537, GCDuration: 0,318s, TimeUntilOOM: 16,935s, TimeUntilGC: 16,617s, GCWorkers: 5
[13,813s][debug  ][gc,director    ] Select Minor GC Workers (Not Warm), GCWorkers: 5,000
[13,813s][debug  ][gc,director    ] Rule Minor: Allocation Rate (Dynamic GC Workers), MaxAllocRate: 1989,8MB/s (+/-31,4%), Free: 10772MB, GCCPUTime: 1,537, GCDuration: 0,318s, TimeUntilOOM: 4,120s, TimeUntilGC: 3,802s, GCWorkers: 5
[13,813s][debug  ][gc,director    ] Rule Minor: High Usage, Free: 10772MB(70,1%)
[13,824s][debug  ][gc,director    ] Rule Major: Warmup 30%, Used: 4552MB, UsedThreshold: 4608MB
[13,824s][debug  ][gc,director    ] Select Minor GC Workers (Not Warm), GCWorkers: 5,000
[13,824s][debug  ][gc,director    ] Rule Minor: Allocation Rate (Dynamic GC Workers), MaxAllocRate: 484,1MB/s (+/-31,4%), Free: 10766MB, GCCPUTime: 1,537, GCDuration: 0,318s, TimeUntilOOM: 16,926s, TimeUntilGC: 16,607s, GCWorkers: 5
[13,824s][debug  ][gc,director    ] Select Minor GC Workers (Not Warm), GCWorkers: 5,000
[13,824s][debug  ][gc,director    ] Rule Minor: Allocation Rate (Dynamic GC Workers), MaxAllocRate: 1989,8MB/s (+/-31,4%), Free: 10766MB, GCCPUTime: 1,537, GCDuration: 0,318s, TimeUntilOOM: 4,118s, TimeUntilGC: 3,799s, GCWorkers: 5
[13,824s][debug  ][gc,director    ] Rule Minor: High Usage, Free: 10766MB(70,1%)
[13,834s][debug  ][gc,director    ] Rule Major: Warmup 30%, Used: 4560MB, UsedThreshold: 4608MB
[13,834s][debug  ][gc,director    ] Select Minor GC Workers (Not Warm), GCWorkers: 5,000
[13,834s][debug  ][gc,director    ] Rule Minor: Allocation Rate (Dynamic GC Workers), MaxAllocRate: 484,1MB/s (+/-31,4%), Free: 10758MB, GCCPUTime: 1,537, GCDuration: 0,318s, TimeUntilOOM: 16,913s, TimeUntilGC: 16,595s, GCWorkers: 5
[13,834s][debug  ][gc,director    ] Select Minor GC Workers (Not Warm), GCWorkers: 5,000
[13,834s][debug  ][gc,director    ] Rule Minor: Allocation Rate (Dynamic GC Workers), MaxAllocRate: 1989,8MB/s (+/-31,4%), Free: 10758MB, GCCPUTime: 1,537, GCDuration: 0,318s, TimeUntilOOM: 4,115s, TimeUntilGC: 3,796s, GCWorkers: 5
[13,834s][debug  ][gc,director    ] Rule Minor: High Usage, Free: 10758MB(70,0%)
[13,840s][debug  ][gc,reloc       ] Synchronize all workers 1 _nworkers: 0 _nsynchronized: 0
[13,840s][debug  ][gc,reloc       ] Synchronize all workers 1 _nworkers: 0 _nsynchronized: 0
[13,840s][debug  ][gc,reloc       ] Desynchronize all workers _nworkers: 0 _nsynchronized: 0
[13,840s][debug  ][gc,reloc       ] Desynchronize all workers _nworkers: 0 _nsynchronized: 0
[13,844s][debug  ][gc,director    ] Rule Major: Warmup 30%, Used: 4566MB, UsedThreshold: 4608MB
[13,844s][debug  ][gc,director    ] Select Minor GC Workers (Not Warm), GCWorkers: 5,000
[13,844s][debug  ][gc,director    ] Rule Minor: Allocation Rate (Dynamic GC Workers), MaxAllocRate: 484,1MB/s (+/-31,4%), Free: 10752MB, GCCPUTime: 1,537, GCDuration: 0,318s, TimeUntilOOM: 16,904s, TimeUntilGC: 16,585s, GCWorkers: 5
[13,844s][debug  ][gc,director    ] Select Minor GC Workers (Not Warm), GCWorkers: 5,000
[13,844s][debug  ][gc,director    ] Rule Minor: Allocation Rate (Dynamic GC Workers), MaxAllocRate: 1989,8MB/s (+/-31,4%), Free: 10752MB, GCCPUTime: 1,537, GCDuration: 0,318s, TimeUntilOOM: 4,112s, TimeUntilGC: 3,794s, GCWorkers: 5
[13,844s][debug  ][gc,director    ] Rule Minor: High Usage, Free: 10752MB(70,0%)
[13,854s][debug  ][gc,director    ] Rule Major: Warmup 30%, Used: 4574MB, UsedThreshold: 4608MB
[13,854s][debug  ][gc,director    ] Select Minor GC Workers (Not Warm), GCWorkers: 5,000
[13,855s][debug  ][gc,director    ] Rule Minor: Allocation Rate (Dynamic GC Workers), MaxAllocRate: 484,1MB/s (+/-31,4%), Free: 10744MB, GCCPUTime: 1,537, GCDuration: 0,318s, TimeUntilOOM: 16,891s, TimeUntilGC: 16,573s, GCWorkers: 5
[13,855s][debug  ][gc,director    ] Select Minor GC Workers (Not Warm), GCWorkers: 5,000
[13,855s][debug  ][gc,director    ] Rule Minor: Allocation Rate (Dynamic GC Workers), MaxAllocRate: 1989,8MB/s (+/-31,4%), Free: 10744MB, GCCPUTime: 1,537, GCDuration: 0,318s, TimeUntilOOM: 4,109s, TimeUntilGC: 3,791s, GCWorkers: 5
[13,855s][debug  ][gc,director    ] Rule Minor: High Usage, Free: 10744MB(69,9%)
[13,865s][debug  ][gc,director    ] Rule Major: Warmup 30%, Used: 4580MB, UsedThreshold: 4608MB
[13,865s][debug  ][gc,director    ] Select Minor GC Workers (Not Warm), GCWorkers: 5,000
[13,865s][debug  ][gc,director    ] Rule Minor: Allocation Rate (Dynamic GC Workers), MaxAllocRate: 484,1MB/s (+/-31,4%), Free: 10738MB, GCCPUTime: 1,537, GCDuration: 0,318s, TimeUntilOOM: 16,882s, TimeUntilGC: 16,563s, GCWorkers: 5
[13,865s][debug  ][gc,director    ] Select Minor GC Workers (Not Warm), GCWorkers: 5,000
[13,865s][debug  ][gc,director    ] Rule Minor: Allocation Rate (Dynamic GC Workers), MaxAllocRate: 1989,8MB/s (+/-31,4%), Free: 10738MB, GCCPUTime: 1,537, GCDuration: 0,318s, TimeUntilOOM: 4,107s, TimeUntilGC: 3,789s, GCWorkers: 5
[13,865s][debug  ][gc,director    ] Rule Minor: High Usage, Free: 10738MB(69,9%)
[13,875s][debug  ][gc,director    ] Rule Major: Warmup 30%, Used: 4588MB, UsedThreshold: 4608MB
[13,875s][debug  ][gc,director    ] Select Minor GC Workers (Not Warm), GCWorkers: 5,000
[13,875s][debug  ][gc,director    ] Rule Minor: Allocation Rate (Dynamic GC Workers), MaxAllocRate: 484,1MB/s (+/-31,4%), Free: 10730MB, GCCPUTime: 1,537, GCDuration: 0,318s, TimeUntilOOM: 16,869s, TimeUntilGC: 16,551s, GCWorkers: 5
[13,875s][debug  ][gc,director    ] Select Minor GC Workers (Not Warm), GCWorkers: 5,000
[13,875s][debug  ][gc,director    ] Rule Minor: Allocation Rate (Dynamic GC Workers), MaxAllocRate: 1989,8MB/s (+/-31,4%), Free: 10730MB, GCCPUTime: 1,537, GCDuration: 0,318s, TimeUntilOOM: 4,104s, TimeUntilGC: 3,785s, GCWorkers: 5
[13,875s][debug  ][gc,director    ] Rule Minor: High Usage, Free: 10730MB(69,9%)
[13,885s][debug  ][gc,director    ] Rule Major: Warmup 30%, Used: 4596MB, UsedThreshold: 4608MB
[13,885s][debug  ][gc,director    ] Select Minor GC Workers (Not Warm), GCWorkers: 5,000
[13,885s][debug  ][gc,director    ] Rule Minor: Allocation Rate (Dynamic GC Workers), MaxAllocRate: 484,1MB/s (+/-31,4%), Free: 10722MB, GCCPUTime: 1,537, GCDuration: 0,318s, TimeUntilOOM: 16,857s, TimeUntilGC: 16,538s, GCWorkers: 5
[13,885s][debug  ][gc,director    ] Select Minor GC Workers (Not Warm), GCWorkers: 5,000
[13,885s][debug  ][gc,director    ] Rule Minor: Allocation Rate (Dynamic GC Workers), MaxAllocRate: 1989,8MB/s (+/-31,4%), Free: 10722MB, GCCPUTime: 1,537, GCDuration: 0,318s, TimeUntilOOM: 4,101s, TimeUntilGC: 3,782s, GCWorkers: 5
[13,885s][debug  ][gc,director    ] Rule Minor: High Usage, Free: 10722MB(69,8%)
[13,895s][debug  ][gc,director    ] Rule Major: Warmup 30%, Used: 4602MB, UsedThreshold: 4608MB
[13,896s][debug  ][gc,director    ] Select Minor GC Workers (Not Warm), GCWorkers: 5,000
[13,896s][debug  ][gc,director    ] Rule Minor: Allocation Rate (Dynamic GC Workers), MaxAllocRate: 484,1MB/s (+/-31,4%), Free: 10716MB, GCCPUTime: 1,537, GCDuration: 0,318s, TimeUntilOOM: 16,847s, TimeUntilGC: 16,529s, GCWorkers: 5
[13,896s][debug  ][gc,director    ] Select Minor GC Workers (Not Warm), GCWorkers: 5,000
[13,896s][debug  ][gc,director    ] Rule Minor: Allocation Rate (Dynamic GC Workers), MaxAllocRate: 1989,8MB/s (+/-31,4%), Free: 10716MB, GCCPUTime: 1,537, GCDuration: 0,318s, TimeUntilOOM: 4,099s, TimeUntilGC: 3,780s, GCWorkers: 5
[13,896s][debug  ][gc,director    ] Rule Minor: High Usage, Free: 10716MB(69,8%)
[13,906s][debug  ][gc,director    ] Rule Major: Warmup 30%, Used: 4610MB, UsedThreshold: 4608MB
[13,906s][debug  ][gc,director    ] Select Minor GC Workers (Not Warm), GCWorkers: 5,000
[13,906s][debug  ][gc,director    ] Rule Minor: Allocation Rate (Dynamic GC Workers), MaxAllocRate: 484,1MB/s (+/-31,4%), Free: 10708MB, GCCPUTime: 1,537, GCDuration: 0,318s, TimeUntilOOM: 16,835s, TimeUntilGC: 16,516s, GCWorkers: 5
[13,906s][debug  ][gc,director    ] Select Minor GC Workers (Not Warm), GCWorkers: 5,000
[13,906s][debug  ][gc,director    ] Rule Minor: Allocation Rate (Dynamic GC Workers), MaxAllocRate: 1989,8MB/s (+/-31,4%), Free: 10708MB, GCCPUTime: 1,537, GCDuration: 0,318s, TimeUntilOOM: 4,095s, TimeUntilGC: 3,777s, GCWorkers: 5
[13,906s][info   ][gc             ] GC(3) Major Collection (Warmup)
[13,906s][info   ][gc,task        ] GC(3) Using 5 Workers for Young Generation
[13,906s][info   ][gc,task        ] GC(3) Using 1 Workers for Old Generation
[13,906s][debug  ][gc,heap        ] GC(3) Y: Heap before GC invocations=3 (full 3):
[13,906s][debug  ][gc,heap        ] GC(3) Y:  ZHeap           used 4610M, capacity 5120M, max capacity 15360M
[13,906s][debug  ][gc,heap        ] GC(3) Y:  Metaspace       used 29367K, committed 29696K, reserved 1114112K
[13,906s][debug  ][gc,heap        ] GC(3) Y:   class space    used 3286K, committed 3456K, reserved 1048576K
[13,906s][info   ][gc,phases      ] GC(3) Y: Young Generation
[13,906s][debug  ][gc,reloc       ] Synchronize all workers 1 _nworkers: 0 _nsynchronized: 0
[13,906s][debug  ][gc,reloc       ] Synchronize all workers 1 _nworkers: 0 _nsynchronized: 0
[13,906s][debug  ][gc,phases,start] GC(3) Y: Pause Mark Start (Major)
[13,906s][debug  ][gc,marking     ] GC(3) Y: Using 4 mark stripes
[13,906s][debug  ][gc,marking     ] GC(3) Y: Mark Worker/Stripe Distribution
[13,906s][debug  ][gc,marking     ] GC(3) Y:   Worker 0(5) -> Stripe 0(4)
[13,907s][debug  ][gc,marking     ] GC(3) Y:   Worker 1(5) -> Stripe 1(4)
[13,907s][debug  ][gc,marking     ] GC(3) Y:   Worker 2(5) -> Stripe 2(4)
[13,907s][debug  ][gc,marking     ] GC(3) Y:   Worker 3(5) -> Stripe 3(4)
[13,907s][debug  ][gc,marking     ] GC(3) Y:   Worker 4(5) -> Stripe 0(4)
[13,907s][debug  ][gc,marking     ] GC(3) Y: Using 1 mark stripes
[13,907s][debug  ][gc,marking     ] GC(3) Y: Mark Worker/Stripe Distribution
[13,907s][debug  ][gc,marking     ] GC(3) Y:   Worker 0(1) -> Stripe 0(1)
[13,907s][info   ][gc,phases      ] GC(3) Y: Pause Mark Start (Major) 0,176ms
[13,907s][debug  ][gc,reloc       ] Desynchronize all workers _nworkers: 0 _nsynchronized: 0
[13,907s][debug  ][gc,reloc       ] Desynchronize all workers _nworkers: 0 _nsynchronized: 0
[13,907s][debug  ][gc,marking     ] Expanding mark stack space: 0M->32M
[13,907s][debug  ][gc,phases,start] GC(3) Y: Concurrent Mark
[13,907s][debug  ][gc,phases,start] GC(3) Y: Concurrent Mark Roots
[13,907s][debug  ][gc,task        ] GC(3) Y: Executing ZMarkYoungRootsTask using ZWorkerYoung with 5 workers
[13,907s][debug  ][gc,marking     ] Resurrection broke termination
[13,909s][debug  ][gc,tlab        ] GC(3) Y: TLAB totals: thrds: 28  refills: 16536 max: 10331 slow allocs: 2235 max 176 waste:  0,8% gc: 2255992B max: 261680B slow: 32474632B max: 13509136B
[13,909s][debug  ][gc,phases      ] GC(3) Y: Concurrent Mark Roots 2,447ms
[13,909s][debug  ][gc,phases,start] GC(3) Y: Concurrent Mark Follow
[13,909s][debug  ][gc,marking     ] GC(3) Y: Using 4 mark stripes
[13,909s][debug  ][gc,task        ] GC(3) Y: Executing ZRememberedScanMarkFollowTask using ZWorkerYoung with 5 workers
[13,916s][debug  ][gc,director    ] Select Minor GC Workers (Not Warm), GCWorkers: 5,000
[13,916s][debug  ][gc,director    ] Rule Minor: Allocation Rate (Dynamic GC Workers), MaxAllocRate: 484,1MB/s (+/-31,4%), Free: 10702MB, GCCPUTime: 1,537, GCDuration: 0,318s, TimeUntilOOM: 16,825s, TimeUntilGC: 16,507s, GCWorkers: 5
[13,926s][debug  ][gc,director    ] Select Minor GC Workers (Not Warm), GCWorkers: 5,000
[13,926s][debug  ][gc,director    ] Rule Minor: Allocation Rate (Dynamic GC Workers), MaxAllocRate: 484,1MB/s (+/-31,4%), Free: 10696MB, GCCPUTime: 1,537, GCDuration: 0,318s, TimeUntilOOM: 16,816s, TimeUntilGC: 16,497s, GCWorkers: 5
[13,927s][debug  ][gc,alloc       ] Mutator Allocation Rate: 681,8MB/s Predicted: 748,6MB/s, Avg: 486,8(+/-152,7)MB/s
[13,927s][debug  ][gc,director    ] Select Minor GC Workers (Not Warm), GCWorkers: 5,000
[13,927s][debug  ][gc,director    ] Rule Minor: Allocation Rate (Dynamic GC Workers), MaxAllocRate: 486,8MB/s (+/-31,4%), Free: 10694MB, GCCPUTime: 1,537, GCDuration: 0,318s, TimeUntilOOM: 16,721s, TimeUntilGC: 16,402s, GCWorkers: 5
[13,937s][debug  ][gc,director    ] Select Minor GC Workers (Not Warm), GCWorkers: 5,000
[13,937s][debug  ][gc,director    ] Rule Minor: Allocation Rate (Dynamic GC Workers), MaxAllocRate: 486,8MB/s (+/-31,4%), Free: 10690MB, GCCPUTime: 1,537, GCDuration: 0,318s, TimeUntilOOM: 16,714s, TimeUntilGC: 16,396s, GCWorkers: 5
[13,948s][debug  ][gc,director    ] Select Minor GC Workers (Not Warm), GCWorkers: 5,000
[13,948s][debug  ][gc,director    ] Rule Minor: Allocation Rate (Dynamic GC Workers), MaxAllocRate: 486,8MB/s (+/-31,4%), Free: 10684MB, GCCPUTime: 1,537, GCDuration: 0,318s, TimeUntilOOM: 16,705s, TimeUntilGC: 16,387s, GCWorkers: 5
[13,958s][debug  ][gc,director    ] Select Minor GC Workers (Not Warm), GCWorkers: 5,000
[13,958s][debug  ][gc,director    ] Rule Minor: Allocation Rate (Dynamic GC Workers), MaxAllocRate: 486,8MB/s (+/-31,4%), Free: 10678MB, GCCPUTime: 1,537, GCDuration: 0,318s, TimeUntilOOM: 16,696s, TimeUntilGC: 16,377s, GCWorkers: 5
[13,968s][debug  ][gc,director    ] Select Minor GC Workers (Not Warm), GCWorkers: 5,000
[13,968s][debug  ][gc,director    ] Rule Minor: Allocation Rate (Dynamic GC Workers), MaxAllocRate: 486,8MB/s (+/-31,4%), Free: 10672MB, GCCPUTime: 1,537, GCDuration: 0,318s, TimeUntilOOM: 16,686s, TimeUntilGC: 16,368s, GCWorkers: 5
[13,978s][debug  ][gc,director    ] Select Minor GC Workers (Not Warm), GCWorkers: 5,000
[13,978s][debug  ][gc,director    ] Rule Minor: Allocation Rate (Dynamic GC Workers), MaxAllocRate: 486,8MB/s (+/-31,4%), Free: 10666MB, GCCPUTime: 1,537, GCDuration: 0,318s, TimeUntilOOM: 16,677s, TimeUntilGC: 16,358s, GCWorkers: 5
[13,989s][debug  ][gc,director    ] Select Minor GC Workers (Not Warm), GCWorkers: 5,000
[13,989s][debug  ][gc,director    ] Rule Minor: Allocation Rate (Dynamic GC Workers), MaxAllocRate: 486,8MB/s (+/-31,4%), Free: 10660MB, GCCPUTime: 1,537, GCDuration: 0,318s, TimeUntilOOM: 16,667s, TimeUntilGC: 16,349s, GCWorkers: 5
[13,999s][debug  ][gc,director    ] Select Minor GC Workers (Not Warm), GCWorkers: 5,000
[13,999s][debug  ][gc,director    ] Rule Minor: Allocation Rate (Dynamic GC Workers), MaxAllocRate: 486,8MB/s (+/-31,4%), Free: 10654MB, GCCPUTime: 1,537, GCDuration: 0,318s, TimeUntilOOM: 16,658s, TimeUntilGC: 16,340s, GCWorkers: 5
[14,009s][debug  ][gc,director    ] Select Minor GC Workers (Not Warm), GCWorkers: 5,000
[14,009s][debug  ][gc,director    ] Rule Minor: Allocation Rate (Dynamic GC Workers), MaxAllocRate: 486,8MB/s (+/-31,4%), Free: 10648MB, GCCPUTime: 1,537, GCDuration: 0,318s, TimeUntilOOM: 16,649s, TimeUntilGC: 16,330s, GCWorkers: 5
[14,016s][debug  ][gc,marking     ] GC(3) Y: Using 2 mark stripes
[14,016s][debug  ][gc,marking     ] GC(3) Y: Using 4 mark stripes
[14,016s][debug  ][gc,marking     ] GC(3) Y: Using 2 mark stripes
[14,016s][debug  ][gc,marking     ] GC(3) Y: Using 1 mark stripes
[14,017s][debug  ][gc,remset      ] GC(3) Y: Remset forwarding retained: 0,000ms count: 0 ZWorkerYoung#3
[14,017s][debug  ][gc,remset      ] GC(3) Y: Remset forwarding released: 0,000ms count: 0 ZWorkerYoung#3
[14,017s][debug  ][gc,remset      ] GC(3) Y: Remset forwarding retained: 0,000ms count: 0 ZWorkerYoung#4
[14,017s][debug  ][gc,remset      ] GC(3) Y: Remset forwarding released: 0,000ms count: 0 ZWorkerYoung#4
[14,017s][debug  ][gc,remset      ] GC(3) Y: Remset forwarding retained: 0,000ms count: 0 ZWorkerYoung#1
[14,017s][debug  ][gc,remset      ] GC(3) Y: Remset forwarding retained: 0,000ms count: 0 ZWorkerYoung#0
[14,017s][debug  ][gc,remset      ] GC(3) Y: Remset forwarding released: 0,000ms count: 0 ZWorkerYoung#1
[14,017s][debug  ][gc,remset      ] GC(3) Y: Remset forwarding retained: 0,000ms count: 0 ZWorkerYoung#2
[14,017s][debug  ][gc,remset      ] GC(3) Y: Remset forwarding released: 0,000ms count: 0 ZWorkerYoung#2
[14,017s][debug  ][gc,remset      ] GC(3) Y: Remset forwarding released: 0,000ms count: 0 ZWorkerYoung#0
[14,017s][debug  ][gc,phases      ] GC(3) Y: Concurrent Mark Follow 108,254ms
[14,017s][info   ][gc,phases      ] GC(3) Y: Concurrent Mark 110,778ms
[14,017s][debug  ][gc,reloc       ] Synchronize all workers 1 _nworkers: 0 _nsynchronized: 0
[14,018s][debug  ][gc,reloc       ] Synchronize all workers 1 _nworkers: 0 _nsynchronized: 0
[14,018s][debug  ][gc,phases,start] GC(3) Y: Pause Mark End
[14,018s][info   ][gc,phases      ] GC(3) Y: Pause Mark End 0,034ms
[14,018s][debug  ][gc,reloc       ] Desynchronize all workers _nworkers: 0 _nsynchronized: 0
[14,018s][debug  ][gc,reloc       ] Desynchronize all workers _nworkers: 0 _nsynchronized: 0
[14,018s][debug  ][gc,phases,start] GC(3) Y: Concurrent Mark Free
[14,018s][info   ][gc,phases      ] GC(3) Y: Concurrent Mark Free 0,012ms
[14,018s][debug  ][gc,phases,start] GC(3) Y: Concurrent Reset Relocation Set
[14,018s][info   ][gc,phases      ] GC(3) Y: Concurrent Reset Relocation Set 0,066ms
[14,018s][debug  ][gc,phases,start] GC(3) Y: Concurrent Select Relocation Set
[14,019s][debug  ][gc,reloc       ] GC(3) Y: Relocation Set (Medium Pages): 0->0, 0 skipped, 0 forwarding entries
[14,019s][debug  ][gc,reloc       ] GC(3) Y: Relocation Set (Small Pages): 878->3, 272 skipped, 264128 forwarding entries
[14,019s][debug  ][gc,reloc       ] GC(3) Y: Allocated To Garbage: 0,0
[14,019s][debug  ][gc,reloc       ] GC(3) Y: Young Log Residency: 5,3
[14,019s][debug  ][gc,reloc       ] GC(3) Y: Life Decay Factor: 294,0
[14,019s][info   ][gc,reloc       ] GC(3) Y: Using tenuring threshold: 2 (Computed)
[14,019s][debug  ][gc,task        ] GC(3) Y: Executing ZRelocationSetInstallTask using ZWorkerYoung with 5 workers
[14,019s][debug  ][gc,director    ] Select Minor GC Workers (Not Warm), GCWorkers: 5,000
[14,019s][debug  ][gc,director    ] Rule Minor: Allocation Rate (Dynamic GC Workers), MaxAllocRate: 486,8MB/s (+/-31,4%), Free: 12898MB, GCCPUTime: 1,537, GCDuration: 0,318s, TimeUntilOOM: 20,167s, TimeUntilGC: 19,848s, GCWorkers: 5
[14,020s][debug  ][gc,task        ] GC(3) Y: Executing ZPromotePagesTask using ZWorkerYoung with 5 workers
[14,020s][debug  ][gc,task        ] GC(3) Y: Executing ZPromotePagesTask using ZWorkerYoung with 5 workers
[14,020s][debug  ][gc,task        ] GC(3) Y: Executing ZPromotePagesTask using ZWorkerYoung with 5 workers
[14,020s][info   ][gc,phases      ] GC(3) Y: Concurrent Select Relocation Set 2,212ms
[14,020s][debug  ][gc,reloc       ] Synchronize all workers 1 _nworkers: 0 _nsynchronized: 0
[14,020s][debug  ][gc,reloc       ] Synchronize all workers 1 _nworkers: 0 _nsynchronized: 0
[14,020s][debug  ][gc,phases,start] GC(3) Y: Pause Relocate Start
[14,020s][debug  ][gc,reloc       ] GC(3) Y: Joining workers: 5
[14,020s][info   ][gc,phases      ] GC(3) Y: Pause Relocate Start 0,039ms
[14,020s][debug  ][gc,reloc       ] Desynchronize all workers _nworkers: 0 _nsynchronized: 0
[14,020s][debug  ][gc,reloc       ] Desynchronize all workers _nworkers: 5 _nsynchronized: 0
[14,020s][debug  ][gc,phases,start] GC(3) Y: Concurrent Relocate
[14,020s][debug  ][gc,task        ] GC(3) Y: Executing ZRelocateStoreBufferInstallBasePointersTask using ZWorkerYoung with 5 workers
[14,020s][debug  ][gc,task        ] GC(3) Y: Executing ZRelocateTask using ZWorkerYoung with 5 workers
[14,023s][debug  ][gc,reloc       ] GC(3) Y: Leaving workers: left: 4 _synchronize: 0 _nsynchronized: 0
[14,023s][debug  ][gc,reloc       ] GC(3) Y: Leaving workers: left: 3 _synchronize: 0 _nsynchronized: 0
[14,023s][debug  ][gc,reloc       ] GC(3) Y: Leaving workers: left: 2 _synchronize: 0 _nsynchronized: 0
[14,023s][debug  ][gc,reloc       ] GC(3) Y: Leaving workers: left: 1 _synchronize: 0 _nsynchronized: 0
[14,023s][debug  ][gc,reloc       ] GC(3) Y: Leaving workers: left: 0 _synchronize: 0 _nsynchronized: 0
[14,023s][debug  ][gc,phases,start] GC(3) Y: Concurrent Relocate Remset FP
[14,023s][debug  ][gc,task        ] GC(3) Y: Executing ZRelocateAddRemsetForFlipPromoted using ZWorkerYoung with 5 workers
[14,023s][debug  ][gc,phases      ] GC(3) Y: Concurrent Relocate Remset FP 0,102ms
[14,023s][info   ][gc,phases      ] GC(3) Y: Concurrent Relocate 3,131ms
[14,023s][debug  ][gc,heap        ] GC(3) Y: Heap after GC invocations=4 (full 4):
[14,023s][debug  ][gc,heap        ] GC(3) Y:  ZHeap           used 692M, capacity 5120M, max capacity 15360M
[14,023s][debug  ][gc,heap        ] GC(3) Y:  Metaspace       used 29367K, committed 29696K, reserved 1114112K
[14,023s][debug  ][gc,heap        ] GC(3) Y:   class space    used 3286K, committed 3456K, reserved 1048576K
[14,023s][info   ][gc,alloc       ] GC(3) Y:                         Mark Start        Mark End      Relocate Start    Relocate End   
[14,023s][info   ][gc,alloc       ] GC(3) Y: Allocation Stalls:          0                0                0                0         
[14,023s][info   ][gc,load        ] GC(3) Y: Load: 4,65 (23%) / 14,57 (73%) / 11,78 (59%)
[14,023s][info   ][gc,mmu         ] GC(3) Y: MMU: 2ms/90,7%, 5ms/96,3%, 10ms/98,1%, 20ms/99,1%, 50ms/99,4%, 100ms/99,7%
[14,023s][info   ][gc,marking     ] GC(3) Y: Mark: 4 stripe(s), 3 proactive flush(es), 1 terminate flush(es), 0 completion(s), 0 continuation(s) 
[14,023s][info   ][gc,marking     ] GC(3) Y: Mark Stack Usage: 32M
[14,023s][info   ][gc,nmethod     ] GC(3) Y: NMethods: 3365 registered, 296 unregistered
[14,023s][info   ][gc,metaspace   ] GC(3) Y: Metaspace: 28M used, 29M committed, 1088M reserved
[14,023s][info   ][gc,reloc       ] GC(3) Y:                        Candidates     Selected     In-Place         Size        Empty    Relocated 
[14,024s][info   ][gc,reloc       ] GC(3) Y: Small Pages:                 2278          875            0        4556M        2256M           3M 
[14,024s][info   ][gc,reloc       ] GC(3) Y: Medium Pages:                   0            0            0           0M           0M           0M 
[14,024s][info   ][gc,reloc       ] GC(3) Y: Large Pages:                    0            0            0           0M           0M           0M 
[14,024s][info   ][gc,reloc       ] GC(3) Y: Forwarding Usage: 2M
[14,024s][info   ][gc,reloc       ] GC(3) Y: Age Table:
[14,024s][info   ][gc,reloc       ] GC(3) Y:                    Live             Garbage             Small              Medium             Large        
[14,024s][info   ][gc,reloc       ] GC(3) Y: Eden             400M (3%)         3861M (25%)       2131 / 869            0 / 0              0 / 0        
[14,024s][info   ][gc,reloc       ] GC(3) Y: Survivor 1         1M (0%)          292M (2%)         147 / 6              0 / 0              0 / 0        
[14,024s][info   ][gc,heap        ] GC(3) Y: Min Capacity: 5120M(33%)
[14,024s][info   ][gc,heap        ] GC(3) Y: Max Capacity: 15360M(100%)
[14,024s][info   ][gc,heap        ] GC(3) Y: Soft Max Capacity: 15360M(100%)
[14,024s][info   ][gc,heap        ] GC(3) Y: Heap Statistics:
[14,024s][info   ][gc,heap        ] GC(3) Y:                Mark Start          Mark End        Relocate Start      Relocate End           High               Low         
[14,024s][info   ][gc,heap        ] GC(3) Y:  Capacity:     5120M (33%)        5120M (33%)        5120M (33%)        5120M (33%)        5120M (33%)        5120M (33%)    
[14,024s][info   ][gc,heap        ] GC(3) Y:      Free:    10750M (70%)       10684M (70%)       12938M (84%)       14668M (95%)       14668M (95%)       10684M (70%)    
[14,024s][info   ][gc,heap        ] GC(3) Y:      Used:     4610M (30%)        4676M (30%)        2422M (16%)         692M (5%)         4676M (30%)         692M (5%)     
[14,024s][info   ][gc,heap        ] GC(3) Y: Young Generation Statistics:
[14,024s][info   ][gc,heap        ] GC(3) Y:                Mark Start          Mark End        Relocate Start      Relocate End    
[14,024s][info   ][gc,heap        ] GC(3) Y:      Used:     4556M (30%)        4622M (30%)        2368M (15%)         638M (4%)     
[14,024s][info   ][gc,heap        ] GC(3) Y:      Live:         -               401M (3%)          401M (3%)          401M (3%)     
[14,024s][info   ][gc,heap        ] GC(3) Y:   Garbage:         -              4154M (27%)        1898M (12%)         147M (1%)     
[14,024s][info   ][gc,heap        ] GC(3) Y: Allocated:         -                66M (0%)           68M (0%)           89M (1%)     
[14,024s][info   ][gc,heap        ] GC(3) Y: Reclaimed:         -                  -              2256M (15%)        4007M (26%)    
[14,024s][info   ][gc,heap        ] GC(3) Y:  Promoted:         -                  -                 0M (0%)            0M (0%)     
[14,024s][info   ][gc,heap        ] GC(3) Y: Compacted:         -                  -                  -                 4M (0%)     
[14,024s][info   ][gc,phases      ] GC(3) Y: Young Generation 4610M(30%)->692M(5%) 0,117s
[14,024s][debug  ][gc,heap        ] GC(3) O: Heap before GC invocations=4 (full 4):
[14,024s][debug  ][gc,heap        ] GC(3) O:  ZHeap           used 692M, capacity 5120M, max capacity 15360M
[14,024s][debug  ][gc,heap        ] GC(3) O:  Metaspace       used 29367K, committed 29696K, reserved 1114112K
[14,024s][debug  ][gc,heap        ] GC(3) O:   class space    used 3286K, committed 3456K, reserved 1048576K
[14,024s][info   ][gc,phases      ] GC(3) O: Old Generation
[14,024s][debug  ][gc,phases,start] GC(3) O: Concurrent Mark
[14,024s][debug  ][gc,phases,start] GC(3) O: Concurrent Mark Roots
[14,024s][debug  ][gc,task        ] GC(3) O: Executing ZMarkOldRootsTask using ZWorkerOld with 1 workers
[14,026s][debug  ][gc,tlab        ] GC(3) O: TLAB totals: thrds: 1  refills: 266 max: 266 slow allocs: 0 max 0 waste:  0,6% gc: 114440B max: 114440B slow: 270472B max: 270472B
[14,026s][debug  ][gc,phases      ] GC(3) O: Concurrent Mark Roots 2,175ms
[14,026s][debug  ][gc,phases,start] GC(3) O: Concurrent Mark Follow
[14,026s][debug  ][gc,marking     ] GC(3) O: Using 1 mark stripes
[14,026s][debug  ][gc,task        ] GC(3) O: Executing ZMarkTask using ZWorkerOld with 1 workers
[14,041s][debug  ][gc,marking     ] GC(3) O: Try terminate after resurrection
[14,041s][debug  ][gc,phases      ] GC(3) O: Concurrent Mark Follow 15,439ms
[14,041s][info   ][gc,phases      ] GC(3) O: Concurrent Mark 17,653ms
[14,041s][debug  ][gc,reloc       ] Synchronize all workers 1 _nworkers: 0 _nsynchronized: 0
[14,041s][debug  ][gc,reloc       ] Synchronize all workers 1 _nworkers: 0 _nsynchronized: 0
[14,042s][debug  ][gc,phases,start] GC(3) O: Pause Mark End
[14,042s][info   ][gc,phases      ] GC(3) O: Pause Mark End 0,032ms
[14,042s][debug  ][gc,reloc       ] Desynchronize all workers _nworkers: 0 _nsynchronized: 0
[14,042s][debug  ][gc,reloc       ] Desynchronize all workers _nworkers: 0 _nsynchronized: 0
[14,042s][debug  ][gc,phases,start] GC(3) O: Concurrent Mark Free
[14,042s][info   ][gc,phases      ] GC(3) O: Concurrent Mark Free 0,041ms
[14,042s][debug  ][gc,phases,start] GC(3) O: Concurrent Process Non-Strong
[14,042s][debug  ][gc,phases,start] GC(3) O: Concurrent References Process
[14,042s][debug  ][gc,task        ] GC(3) O: Executing ZReferenceProcessorTask using ZWorkerOld with 1 workers
[14,043s][debug  ][gc,phases      ] GC(3) O: Concurrent References Process 0,969ms
[14,043s][debug  ][gc,task        ] GC(3) O: Executing ZProcessWeakRootsTask using ZWorkerOld with 1 workers
[14,043s][debug  ][gc,phases,start] GC(3) O: Concurrent Classes Unlink
[14,043s][debug  ][gc,phases,start] GC(3) O: ClassLoaderData
[14,044s][debug  ][gc,phases      ] GC(3) O: ClassLoaderData 0,037ms
[14,044s][debug  ][gc,phases,start] GC(3) O: Trigger cleanups
[14,044s][debug  ][gc,phases      ] GC(3) O: Trigger cleanups 0,009ms
[14,044s][debug  ][gc,task        ] GC(3) O: Executing ZNMethodUnlinkTask using ZWorkerOld with 1 workers
[14,044s][debug  ][gc,nmethod     ] GC(3) O: Unregister NMethod: java.util.ArrayList.toArray (0x00007f77cfc00890) [0x00007f77cfc00a40, 0x00007f77cfc00c68] 
[14,044s][debug  ][gc,nmethod     ] GC(3) O: Unregister NMethod: java.nio.MappedByteBuffer.<init> (0x00007f77cfe7de10) [0x00007f77cfe7dfc0, 0x00007f77cfe7e190] 
[14,044s][debug  ][gc,nmethod     ] GC(3) O: Unregister NMethod: io.sirix.access.trx.page.NodePageReadOnlyTrx.getCurrentMaxIndirectPageTreeLevel (0x00007f77cff70610) [0x00007f77cff70bc0, 0x00007f77cff73918] 
[14,044s][debug  ][gc,nmethod     ] GC(3) O: Unregister NMethod: net.openhft.chronicle.bytes.internal.NativeBytesStore.<init> (0x00007f77cfe33a10) [0x00007f77cfe33c00, 0x00007f77cfe34140] 
[14,044s][debug  ][gc,nmethod     ] GC(3) O: Unregister NMethod: java.util.Objects.equals (0x00007f77cfa2a190) [0x00007f77cfa2a340, 0x00007f77cfa2a5b0] 
[14,044s][debug  ][gc,nmethod     ] GC(3) O: Unregister NMethod: io.sirix.access.trx.page.NodePageTrx$$Lambda/0x000000008033e460.accept (0x00007f77cfac8d90) [0x00007f77cfac8f40, 0x00007f77cfac91b0] 
[14,044s][debug  ][gc,nmethod     ] GC(3) O: Unregister NMethod: io.sirix.page.PageReference.<init> (0x00007f77cff5f010) [0x00007f77cff5f1e0, 0x00007f77cff5f620] 
[14,044s][debug  ][gc,nmethod     ] GC(3) O: Unregister NMethod: io.sirix.page.SerializationType.writePageFragments (0x00007f77cffa7c90) [0x00007f77cffa7f00, 0x00007f77cffa8998] 
[14,044s][debug  ][gc,nmethod     ] GC(3) O: Unregister NMethod: io.sirix.service.json.shredder.JsonShredder.processNull (0x00007f77ef2fa390) [0x00007f77ef2faa60, 0x00007f77ef2fec30] 
[14,044s][debug  ][gc,nmethod     ] GC(3) O: Unregister NMethod: net.jpountz.lz4.LZ4BlockOutputStream.<init> (0x00007f77cff45490) [0x00007f77cff456c0, 0x00007f77cff45f38] 
[14,044s][debug  ][gc,nmethod     ] GC(3) O: Unregister NMethod: java.util.stream.SortedOps$RefSortingSink.end (0x00007f77cff46e10) [0x00007f77cff47140, 0x00007f77cff483f0] 
[14,044s][debug  ][gc,nmethod     ] GC(3) O: Unregister NMethod: java.io.DataOutputStream.<init> (0x00007f77cfff6410) [0x00007f77cfff65e0, 0x00007f77cfff6b20] 
[14,044s][debug  ][gc,nmethod     ] GC(3) O: Unregister NMethod: io.sirix.access.trx.page.NodePageTrx.commit (0x00007f77cff93e90) [0x00007f77cff94100, 0x00007f77cff94b58] 
[14,045s][debug  ][gc,nmethod     ] GC(3) O: Unregister NMethod: net.jpountz.lz4.LZ4BlockOutputStream.flushBufferedData (0x00007f77cfef9410) [0x00007f77cfef9680, 0x00007f77cfefa070] 
[14,045s][debug  ][gc,nmethod     ] GC(3) O: Unregister NMethod: java.nio.DirectByteBuffer.<init> (0x00007f77cfe1bb90) [0x00007f77cfe1bec0, 0x00007f77cfe1d090] 
[14,045s][debug  ][gc,nmethod     ] GC(3) O: Unregister NMethod: io.sirix.page.PagePersister.serializePage (0x00007f77cff94e10) [0x00007f77cff95020, 0x00007f77cff956b0] 
[14,045s][debug  ][gc,nmethod     ] GC(3) O: Unregister NMethod: io.sirix.page.KeyValueLeafPage.<init> (0x00007f77cff7c290) [0x00007f77cff7c500, 0x00007f77cff7d090] 
[14,045s][debug  ][gc,nmethod     ] GC(3) O: Unregister NMethod: io.sirix.access.trx.page.NodePageTrx$$Lambda/0x000000008033dfe0.apply (0x00007f77cfeff210) [0x00007f77cfeff3c0, 0x00007f77cfeff5f0] 
[14,045s][debug  ][gc,nmethod     ] GC(3) O: Unregister NMethod: sun.nio.ch.NativeThreadSet.add (0x00007f77cff18690) [0x00007f77cff18880, 0x00007f77cff18f78] 
[14,045s][debug  ][gc,nmethod     ] GC(3) O: Unregister NMethod: java.util.stream.SpinedBuffer.ensureCapacity (0x00007f77cfca8a90) [0x00007f77cfca8d20, 0x00007f77cfca9dd8] 
[14,045s][debug  ][gc,nmethod     ] GC(3) O: Unregister NMethod: io.sirix.page.UberPage.getPageCountExp (0x00007f77cff6b210) [0x00007f77cff6b3e0, 0x00007f77cff6b7c0] 
[14,045s][debug  ][gc,nmethod     ] GC(3) O: Unregister NMethod: java.util.stream.SpinedBuffer.clear (0x00007f77cfc6a010) [0x00007f77cfc6a220, 0x00007f77cfc6aa80] 
[14,045s][debug  ][gc,nmethod     ] GC(3) O: Unregister NMethod: com.google.common.hash.MessageDigestHashFunction$MessageDigestHasher.<init> (0x00007f77cfff7190) [0x00007f77cfff7380, 0x00007f77cfff7798] 
[14,045s][debug  ][gc,nmethod     ] GC(3) O: Unregister NMethod: io.sirix.io.filechannel.FileChannelWriter.getOffset (0x00007f77cff96590) [0x00007f77cff96760, 0x00007f77cff96b00] 
[14,045s][debug  ][gc,nmethod     ] GC(3) O: Unregister NMethod: java.util.stream.SortedOps$RefSortingSink.begin (0x00007f77cfb19090) [0x00007f77cfb19280, 0x00007f77cfb19870] 
[14,045s][debug  ][gc,nmethod     ] GC(3) O: Unregister NMethod: java.util.stream.ForEachOps$ForEachOp$OfRef.accept (0x00007f77cfe7d990) [0x00007f77cfe7db40, 0x00007f77cfe7dd38] 
[14,045s][debug  ][gc,nmethod     ] GC(3) O: Unregister NMethod: io.sirix.access.trx.node.json.JsonNodeTrxImpl.insertStringValueAsRightSibling (0x00007f77ef2ea610) [0x00007f77ef2ea8c0, 0x00007f77ef2eb6d0] 
[14,046s][debug  ][gc,nmethod     ] GC(3) O: Unregister NMethod: net.openhft.chronicle.bytes.NativeBytes.checkResize (0x00007f77cfe5f490) [0x00007f77cfe5f640, 0x00007f77cfe5f868] 
[14,046s][debug  ][gc,nmethod     ] GC(3) O: Unregister NMethod: java.util.stream.Sink.end (0x00007f77cfd07110) [0x00007f77cfd072a0, 0x00007f77cfd073a8] 
[14,046s][debug  ][gc,nmethod     ] GC(3) O: Unregister NMethod: com.google.common.hash.HashCode$BytesHashCode.asBytes (0x00007f77cfe40e90) [0x00007f77cfe41040, 0x00007f77cfe41310] 
[14,046s][debug  ][gc,nmethod     ] GC(3) O: Unregister NMethod: java.lang.invoke.VarHandle.checkAccessModeThenIsDirect (0x00007f77cfb1af10) [0x00007f77cfb1b140, 0x00007f77cfb1bae8] 
[14,046s][debug  ][gc,nmethod     ] GC(3) O: Unregister NMethod: io.sirix.access.trx.page.NodePageTrx.lambda$prepareRecordPage$3 (0x00007f77cff79790) [0x00007f77cff79ae0, 0x00007f77cff7adf0] 
[14,046s][debug  ][gc,nmethod     ] GC(3) O: Unregister NMethod: java.util.concurrent.ConcurrentHashMap$BaseIterator.<init> (0x00007f77cff1d890) [0x00007f77cff1da40, 0x00007f77cff1dc38] 
[14,046s][debug  ][gc,nmethod     ] GC(3) O: Unregister NMethod: net.openhft.chronicle.bytes.AbstractBytes.readByte (0x00007f77cffb9e90) [0x00007f77cffba040, 0x00007f77cffba318] 
[14,046s][debug  ][gc,nmethod     ] GC(3) O: Unregister NMethod: io.sirix.access.trx.page.NodePageReadOnlyTrx.loadPage (0x00007f77cfe57f10) [0x00007f77cfe581c0, 0x00007f77cfe59010] 
[14,046s][debug  ][gc,nmethod     ] GC(3) O: Unregister NMethod: io.sirix.cache.PageContainer.getInstance (0x00007f77cff68010) [0x00007f77cff68200, 0x00007f77cff68720] 
[14,046s][debug  ][gc,nmethod     ] GC(3) O: Unregister NMethod: io.sirix.access.trx.node.json.JsonNodeTrxImpl.insertStringValueAsRightSibling (0x00007f77cffe8510) [0x00007f77cffe88a0, 0x00007f77cffea2b0] 
[14,046s][debug  ][gc,nmethod     ] GC(3) O: Unregister NMethod: it.unimi.dsi.fastutil.shorts.ShortArrayList$1.<init> (0x00007f77cff83f90) [0x00007f77cff84140, 0x00007f77cff84328] 
[14,046s][debug  ][gc,nmethod     ] GC(3) O: Unregister NMethod: java.io.ByteArrayOutputStream.toByteArray (0x00007f77cfeb2910) [0x00007f77cfeb2ac0, 0x00007f77cfeb2d00] 
[14,046s][debug  ][gc,nmethod     ] GC(3) O: Unregister NMethod: net.jpountz.lz4.LZ4BlockOutputStream.<init> (0x00007f77cfeb8410) [0x00007f77cfeb8980, 0x00007f77cfebb658] 
[14,046s][debug  ][gc,nmethod     ] GC(3) O: Unregister NMethod: java.lang.StringBuilder.charAt (0x00007f77cffae410) [0x00007f77cffae5c0, 0x00007f77cffae700] 
[14,046s][debug  ][gc,nmethod     ] GC(3) O: Unregister NMethod: net.jpountz.lz4.LZ4BlockOutputStream.close (0x00007f77cfb13990) [0x00007f77cfb13b60, 0x00007f77cfb13ea8] 
[14,046s][debug  ][gc,nmethod     ] GC(3) O: Unregister NMethod: java.nio.MappedByteBuffer.limit (0x00007f77cfe4cd90) [0x00007f77cfe4cf40, 0x00007f77cfe4d148] 
[14,046s][debug  ][gc,nmethod     ] GC(3) O: Unregister NMethod: io.sirix.io.filechannel.FileChannelWriter.write (0x00007f77cff17610) [0x00007f77cff177e0, 0x00007f77cff17a80] 
[14,046s][debug  ][gc,nmethod     ] GC(3) O: Unregister NMethod: io.sirix.access.trx.page.NodePageReadOnlyTrx.getPageReference (0x00007f77cff6b910) [0x00007f77cff6bf40, 0x00007f77cff6f748] 
[14,047s][debug  ][gc,nmethod     ] GC(3) O: Unregister NMethod: net.openhft.chronicle.bytes.AbstractBytes.writePosition (0x00007f77cffa6c10) [0x00007f77cffa6e20, 0x00007f77cffa7680] 
[14,047s][debug  ][gc,nmethod     ] GC(3) O: Unregister NMethod: java.nio.Bits.reserveMemory (0x00007f77cffeaf10) [0x00007f77cffeb320, 0x00007f77cffecbf8] 
[14,047s][debug  ][gc,nmethod     ] GC(3) O: Unregister NMethod: io.sirix.access.trx.node.json.JsonNodeTrxImpl.getBytes (0x00007f77cfe8d610) [0x00007f77cfe8d7c0, 0x00007f77cfe8da18] 
[14,047s][debug  ][gc,nmethod     ] GC(3) O: Unregister NMethod: org.magicwerk.brownies.collections.GapList.doAdd (0x00007f77cff62910) [0x00007f77cff62d80, 0x00007f77cff64da8] 
[14,047s][debug  ][gc,nmethod     ] GC(3) O: Unregister NMethod: io.sirix.access.trx.page.NodePageReadOnlyTrx.getRevisionNumber (0x00007f77cff68910) [0x00007f77cff68ae0, 0x00007f77cff68dc0] 
[14,047s][debug  ][gc,nmethod     ] GC(3) O: Unregister NMethod: java.lang.invoke.VarForm.getMemberName (0x00007f77cfb1a910) [0x00007f77cfb1aae0, 0x00007f77cfb1adf0] 
[14,047s][debug  ][gc,nmethod     ] GC(3) O: Unregister NMethod: com.google.common.hash.HashCode.fromBytesNoCopy (0x00007f77cfff5590) [0x00007f77cfff5760, 0x00007f77cfff5b90] 
[14,047s][debug  ][gc,nmethod     ] GC(3) O: Unregister NMethod: io.sirix.index.path.summary.PathSummaryReader.getPathNode (0x00007f77cfe30d90) [0x00007f77cfe30f60, 0x00007f77cfe31438] 
[14,047s][debug  ][gc,nmethod     ] GC(3) O: Unregister NMethod: java.util.stream.SpinedBuffer.capacity (0x00007f77cfe49d10) [0x00007f77cfe49ec0, 0x00007f77cfe4a178] 
[14,047s][debug  ][gc,nmethod     ] GC(3) O: Unregister NMethod: java.nio.MappedByteBuffer.position (0x00007f77cfe16690) [0x00007f77cfe16840, 0x00007f77cfe16a48] 
[14,047s][debug  ][gc,nmethod     ] GC(3) O: Unregister NMethod: io.sirix.page.KeyValueLeafPage.<init> (0x00007f77cff69e10) [0x00007f77cff6a0a0, 0x00007f77cff6ae60] 
[14,047s][debug  ][gc,nmethod     ] GC(3) O: Unregister NMethod: io.sirix.page.SerializationType.writeHash (0x00007f77cffa8d10) [0x00007f77cffa8f40, 0x00007f77cffa9848] 
[14,047s][debug  ][gc,nmethod     ] GC(3) O: Unregister NMethod: java.util.ArrayList.sort (0x00007f77cfb66310) [0x00007f77cfb664e0, 0x00007f77cfb66730] 
[14,047s][debug  ][gc,nmethod     ] GC(3) O: Unregister NMethod: jdk.internal.misc.Unsafe.allocateMemory (0x00007f77cfe7be90) [0x00007f77cfe7c120, 0x00007f77cfe7cb28] 
[14,047s][debug  ][gc,nmethod     ] GC(3) O: Unregister NMethod: net.openhft.chronicle.core.io.AbstractReferenceCounted.inThreadPerformRelease (0x00007f77cfca8390) [0x00007f77cfca8560, 0x00007f77cfca8960] 
[14,048s][debug  ][gc,nmethod     ] GC(3) O: Unregister NMethod: java.lang.AbstractStringBuilder.charAt (0x00007f77cffae790) [0x00007f77cffae960, 0x00007f77cffaece8] 
[14,048s][debug  ][gc,nmethod     ] GC(3) O: Unregister NMethod: java.util.concurrent.ConcurrentHashMap$ValuesView.iterator (0x00007f77cff1c890) [0x00007f77cff1ca40, 0x00007f77cff1ccd0] 
[14,048s][debug  ][gc,nmethod     ] GC(3) O: Unregister NMethod: java.lang.ThreadLocal.getMap (0x00007f77cfc3f010) [0x00007f77cfc3f1a0, 0x00007f77cfc3f2d8] 
[14,048s][debug  ][gc,nmethod     ] GC(3) O: Unregister NMethod: net.openhft.chronicle.bytes.internal.BytesInternal.readStopBit (0x00007f77cffc9210) [0x00007f77cffc9420, 0x00007f77cffc9ad0] 
[14,048s][debug  ][gc,nmethod     ] GC(3) O: Unregister NMethod: sun.nio.ch.NativeThreadSet.remove (0x00007f77cff19290) [0x00007f77cff19440, 0x00007f77cff19778] 
[14,048s][debug  ][gc,nmethod     ] GC(3) O: Unregister NMethod: io.sirix.cache.TransactionIntentLog.put (0x00007f77cff67410) [0x00007f77cff675e0, 0x00007f77cff67970] 
[14,048s][debug  ][gc,nmethod     ] GC(3) O: Unregister NMethod: java.nio.ByteBuffer.wrap (0x00007f77cfe1b190) [0x00007f77cfe1b360, 0x00007f77cfe1b5f0] 
[14,048s][debug  ][gc,nmethod     ] GC(3) O: Unregister NMethod: java.lang.invoke.Invokers$Holder.linkToTargetMethod (0x00007f77cfbe6f90) [0x00007f77cfbe7140, 0x00007f77cfbe73f0] 
[14,048s][debug  ][gc,nmethod     ] GC(3) O: Unregister NMethod: java.nio.channels.spi.AbstractInterruptibleChannel.end (0x00007f77cff9d110) [0x00007f77cff9d320, 0x00007f77cff9d8f0] 
[14,048s][debug  ][gc,nmethod     ] GC(3) O: Unregister NMethod: java.io.FilterOutputStream.write (0x00007f77cfe40a10) [0x00007f77cfe40bc0, 0x00007f77cfe40d90] 
[14,048s][debug  ][gc,nmethod     ] GC(3) O: Unregister NMethod: java.lang.invoke.LambdaForm$MH/0x0000000080000800.invoke (0x00007f77cfbe7510) [0x00007f77cfbe76c0, 0x00007f77cfbe7910] 
[14,048s][debug  ][gc,nmethod     ] GC(3) O: Unregister NMethod: net.openhft.chronicle.bytes.NativeBytes.resize (0x00007f77cfe5ae10) [0x00007f77cfe5b440, 0x00007f77cfe5e408] 
[14,048s][debug  ][gc,nmethod     ] GC(3) O: Unregister NMethod: it.unimi.dsi.fastutil.shorts.AbstractShortList.ensureIndex (0x00007f77cff82910) [0x00007f77cff82c40, 0x00007f77cff83a00] 
[14,048s][debug  ][gc,nmethod     ] GC(3) O: Unregister NMethod: java.io.DataOutputStream.write (0x00007f77cfff3c90) [0x00007f77cfff3e40, 0x00007f77cfff41b8] 
[14,048s][debug  ][gc,nmethod     ] GC(3) O: Unregister NMethod: java.nio.DirectByteBuffer$Deallocator.<init> (0x00007f77cfaf1810) [0x00007f77cfaf19a0, 0x00007f77cfaf1b20] 
[14,048s][debug  ][gc,nmethod     ] GC(3) O: Unregister NMethod: net.jpountz.util.SafeUtils.checkRange (0x00007f77cfa5ca10) [0x00007f77cfa5cc20, 0x00007f77cfa5d210] 
[14,048s][debug  ][gc,nmethod     ] GC(3) O: Unregister NMethod: sun.nio.ch.FileChannelImpl.size (0x00007f77cff92090) [0x00007f77cff923c0, 0x00007f77cff93598] 
[14,048s][debug  ][gc,nmethod     ] GC(3) O: Unregister NMethod: java.util.stream.SortedOps$OfRef.opWrapSink (0x00007f77cff58810) [0x00007f77cff58ac0, 0x00007f77cff59ac0] 
[14,048s][debug  ][gc,nmethod     ] GC(3) O: Unregister NMethod: java.util.LinkedHashMap.afterNodeInsertion (0x00007f77cfab4190) [0x00007f77cfab4380, 0x00007f77cfab4850] 
[14,048s][debug  ][gc,nmethod     ] GC(3) O: Unregister NMethod: io.sirix.page.SerializationType.readPageFragments (0x00007f77cffda490) [0x00007f77cffda6c0, 0x00007f77cffdaf98] 
[14,049s][debug  ][gc,nmethod     ] GC(3) O: Unregister NMethod: net.openhft.chronicle.bytes.Bytes.wrapForRead (0x00007f77cfe32d10) [0x00007f77cfe32f40, 0x00007f77cfe33718] 
[14,049s][debug  ][gc,nmethod     ] GC(3) O: Unregister NMethod: java.util.concurrent.ConcurrentHashMap$ValueIterator.<init> (0x00007f77cff1d510) [0x00007f77cff1d6c0, 0x00007f77cff1d7f8] 
[14,049s][debug  ][gc,nmethod     ] GC(3) O: Unregister NMethod: java.util.concurrent.ConcurrentHashMap.values (0x00007f77cff1ce10) [0x00007f77cff1cfe0, 0x00007f77cff1d3d0] 
[14,049s][debug  ][gc,nmethod     ] GC(3) O: Unregister NMethod: java.nio.channels.spi.AbstractInterruptibleChannel.begin (0x00007f77cffb5a10) [0x00007f77cffb5c40, 0x00007f77cffb63f0] 
[14,049s][debug  ][gc,nmethod     ] GC(3) O: Unregister NMethod: java.util.stream.Nodes$SpinedNodeBuilder.begin (0x00007f77cff43010) [0x00007f77cff431c0, 0x00007f77cff433d0] 
[14,049s][debug  ][gc,nmethod     ] GC(3) O: Unregister NMethod: io.sirix.page.SerializationType.serializeBitSet (0x00007f77cffed810) [0x00007f77cffeda00, 0x00007f77cffee068] 
[14,049s][debug  ][gc,nmethod     ] GC(3) O: Unregister NMethod: java.util.concurrent.ConcurrentHashMap$EntrySpliterator.forEachRemaining (0x00007f77cfaf2390) [0x00007f77cfaf25a0, 0x00007f77cfaf2ca8] 
[14,049s][debug  ][gc,nmethod     ] GC(3) O: Unregister NMethod: io.sirix.io.filechannel.FileChannelWriter.writePageReference (0x00007f77cff9db10) [0x00007f77cff9e3c0, 0x00007f77cffa40f0] 
[14,049s][debug  ][gc,nmethod     ] GC(3) O: Unregister NMethod: jdk.internal.misc.Unsafe.setMemory (0x00007f77cff3df90) [0x00007f77cff3e140, 0x00007f77cff3e298] 
[14,049s][debug  ][gc,nmethod     ] GC(3) O: Unregister NMethod: java.io.ByteArrayOutputStream.<init> (0x00007f77cfe7e290) [0x00007f77cfe7e4e0, 0x00007f77cfe7ec80] 
[14,049s][debug  ][gc,nmethod     ] GC(3) O: Unregister NMethod: java.lang.ref.Finalizer.<init> (0x00007f77cff3a410) [0x00007f77cff3a600, 0x00007f77cff3acc8] 
[14,049s][debug  ][gc,nmethod     ] GC(3) O: Unregister NMethod: java.nio.ByteBuffer.<init> (0x00007f77cfe43890) [0x00007f77cfe43a40, 0x00007f77cfe43b98] 
[14,049s][debug  ][gc,nmethod     ] GC(3) O: Unregister NMethod: java.io.FilterOutputStream.close (0x00007f77cfeefb10) [0x00007f77cfeefd40, 0x00007f77cfef05d0] 
[14,049s][debug  ][gc,nmethod     ] GC(3) O: Unregister NMethod: io.sirix.service.json.shredder.JsonShredder.processNull (0x00007f77cfc43990) [0x00007f77cfc43b80, 0x00007f77cfc43f38] 
[14,049s][debug  ][gc,nmethod     ] GC(3) O: Unregister NMethod: java.lang.ref.Finalizer.register (0x00007f77cff3c710) [0x00007f77cff3c8c0, 0x00007f77cff3ca70] 
[14,049s][debug  ][gc,nmethod     ] GC(3) O: Unregister NMethod: io.sirix.io.bytepipe.ByteHandlerPipeline.serialize (0x00007f77cff01590) [0x00007f77cff01780, 0x00007f77cff01d68] 
[14,049s][debug  ][gc,nmethod     ] GC(3) O: Unregister NMethod: io.sirix.page.SerializationType.readHash (0x00007f77cffd8410) [0x00007f77cffd85e0, 0x00007f77cffd89f8] 
[14,049s][debug  ][gc,nmethod     ] GC(3) O: Unregister NMethod: io.sirix.page.KeyValueLeafPage.commit (0x00007f77cff98d90) [0x00007f77cff98fc0, 0x00007f77cff99790] 
[14,049s][debug  ][gc,nmethod     ] GC(3) O: Unregister NMethod: java.nio.Bits.tryReserveMemory (0x00007f77cfe75890) [0x00007f77cfe75a80, 0x00007f77cfe75db8] 
[14,049s][debug  ][gc,nmethod     ] GC(3) O: Unregister NMethod: java.lang.Class.cast (0x00007f77cfc1b410) [0x00007f77cfc1b5e0, 0x00007f77cfc1b8a8] 
[14,049s][debug  ][gc,nmethod     ] GC(3) O: Unregister NMethod: java.util.Spliterator.getExactSizeIfKnown (0x00007f77cfd03c10) [0x00007f77cfd03dc0, 0x00007f77cfd04098] 
[14,050s][debug  ][gc,nmethod     ] GC(3) O: Unregister NMethod: java.util.stream.Nodes$SpinedNodeBuilder.end (0x00007f77cface610) [0x00007f77cface7a0, 0x00007f77cface8b8] 
[14,050s][debug  ][gc,nmethod     ] GC(3) O: Unregister NMethod: io.sirix.page.delegates.ReferencesPage4.getOrCreateReference (0x00007f77cff84410) [0x00007f77cff84700, 0x00007f77cff858f8] 
[14,050s][debug  ][gc,nmethod     ] GC(3) O: Unregister NMethod: io.sirix.access.trx.page.NodePageTrx$$Lambda/0x000000008033e218.test (0x00007f77cfe80510) [0x00007f77cfe806c0, 0x00007f77cfe809f8] 
[14,050s][debug  ][gc,nmethod     ] GC(3) O: Unregister NMethod: io.sirix.access.trx.page.NodePageTrx$$Lambda/0x000000008036b078.apply (0x00007f77cffe7990) [0x00007f77cffe7b40, 0x00007f77cffe7de8] 
[14,050s][debug  ][gc,phases      ] GC(3) O: Concurrent Classes Unlink 6,364ms
[14,050s][debug  ][gc,phases,start] GC(3) O: Concurrent Classes Purge
[14,050s][debug  ][gc,nmethod     ] GC(3) O: Purge NMethod: io.sirix.access.trx.page.NodePageTrx$$Lambda/0x000000008036b078.apply (0x00007f77cffe7990) [0x00007f77cffe7b40, 0x00007f77cffe7de8] 
[14,050s][debug  ][gc,nmethod     ] GC(3) O: Purge NMethod: io.sirix.access.trx.page.NodePageTrx$$Lambda/0x000000008033e218.test (0x00007f77cfe80510) [0x00007f77cfe806c0, 0x00007f77cfe809f8] 
[14,050s][debug  ][gc,nmethod     ] GC(3) O: Purge NMethod: io.sirix.page.delegates.ReferencesPage4.getOrCreateReference (0x00007f77cff84410) [0x00007f77cff84700, 0x00007f77cff858f8] 
[14,050s][debug  ][gc,nmethod     ] GC(3) O: Purge NMethod: java.util.stream.Nodes$SpinedNodeBuilder.end (0x00007f77cface610) [0x00007f77cface7a0, 0x00007f77cface8b8] 
[14,050s][debug  ][gc,nmethod     ] GC(3) O: Purge NMethod: java.util.Spliterator.getExactSizeIfKnown (0x00007f77cfd03c10) [0x00007f77cfd03dc0, 0x00007f77cfd04098] 
[14,050s][debug  ][gc,nmethod     ] GC(3) O: Purge NMethod: java.lang.Class.cast (0x00007f77cfc1b410) [0x00007f77cfc1b5e0, 0x00007f77cfc1b8a8] 
[14,050s][debug  ][gc,nmethod     ] GC(3) O: Purge NMethod: java.nio.Bits.tryReserveMemory (0x00007f77cfe75890) [0x00007f77cfe75a80, 0x00007f77cfe75db8] 
[14,050s][debug  ][gc,nmethod     ] GC(3) O: Purge NMethod: io.sirix.page.KeyValueLeafPage.commit (0x00007f77cff98d90) [0x00007f77cff98fc0, 0x00007f77cff99790] 
[14,050s][debug  ][gc,nmethod     ] GC(3) O: Purge NMethod: io.sirix.page.SerializationType.readHash (0x00007f77cffd8410) [0x00007f77cffd85e0, 0x00007f77cffd89f8] 
[14,050s][debug  ][gc,nmethod     ] GC(3) O: Purge NMethod: io.sirix.io.bytepipe.ByteHandlerPipeline.serialize (0x00007f77cff01590) [0x00007f77cff01780, 0x00007f77cff01d68] 
[14,050s][debug  ][gc,nmethod     ] GC(3) O: Purge NMethod: java.lang.ref.Finalizer.register (0x00007f77cff3c710) [0x00007f77cff3c8c0, 0x00007f77cff3ca70] 
[14,050s][debug  ][gc,nmethod     ] GC(3) O: Purge NMethod: io.sirix.service.json.shredder.JsonShredder.processNull (0x00007f77cfc43990) [0x00007f77cfc43b80, 0x00007f77cfc43f38] 
[14,050s][debug  ][gc,nmethod     ] GC(3) O: Purge NMethod: java.io.FilterOutputStream.close (0x00007f77cfeefb10) [0x00007f77cfeefd40, 0x00007f77cfef05d0] 
[14,050s][debug  ][gc,nmethod     ] GC(3) O: Purge NMethod: java.nio.ByteBuffer.<init> (0x00007f77cfe43890) [0x00007f77cfe43a40, 0x00007f77cfe43b98] 
[14,050s][debug  ][gc,nmethod     ] GC(3) O: Purge NMethod: java.lang.ref.Finalizer.<init> (0x00007f77cff3a410) [0x00007f77cff3a600, 0x00007f77cff3acc8] 
[14,050s][debug  ][gc,nmethod     ] GC(3) O: Purge NMethod: java.io.ByteArrayOutputStream.<init> (0x00007f77cfe7e290) [0x00007f77cfe7e4e0, 0x00007f77cfe7ec80] 
[14,051s][debug  ][gc,nmethod     ] GC(3) O: Purge NMethod: jdk.internal.misc.Unsafe.setMemory (0x00007f77cff3df90) [0x00007f77cff3e140, 0x00007f77cff3e298] 
[14,051s][debug  ][gc,nmethod     ] GC(3) O: Purge NMethod: io.sirix.io.filechannel.FileChannelWriter.writePageReference (0x00007f77cff9db10) [0x00007f77cff9e3c0, 0x00007f77cffa40f0] 
[14,051s][debug  ][gc,nmethod     ] GC(3) O: Purge NMethod: java.util.concurrent.ConcurrentHashMap$EntrySpliterator.forEachRemaining (0x00007f77cfaf2390) [0x00007f77cfaf25a0, 0x00007f77cfaf2ca8] 
[14,051s][debug  ][gc,nmethod     ] GC(3) O: Purge NMethod: io.sirix.page.SerializationType.serializeBitSet (0x00007f77cffed810) [0x00007f77cffeda00, 0x00007f77cffee068] 
[14,051s][debug  ][gc,nmethod     ] GC(3) O: Purge NMethod: java.util.stream.Nodes$SpinedNodeBuilder.begin (0x00007f77cff43010) [0x00007f77cff431c0, 0x00007f77cff433d0] 
[14,051s][debug  ][gc,nmethod     ] GC(3) O: Purge NMethod: java.nio.channels.spi.AbstractInterruptibleChannel.begin (0x00007f77cffb5a10) [0x00007f77cffb5c40, 0x00007f77cffb63f0] 
[14,051s][debug  ][gc,nmethod     ] GC(3) O: Purge NMethod: java.util.concurrent.ConcurrentHashMap.values (0x00007f77cff1ce10) [0x00007f77cff1cfe0, 0x00007f77cff1d3d0] 
[14,051s][debug  ][gc,nmethod     ] GC(3) O: Purge NMethod: java.util.concurrent.ConcurrentHashMap$ValueIterator.<init> (0x00007f77cff1d510) [0x00007f77cff1d6c0, 0x00007f77cff1d7f8] 
[14,051s][debug  ][gc,nmethod     ] GC(3) O: Purge NMethod: net.openhft.chronicle.bytes.Bytes.wrapForRead (0x00007f77cfe32d10) [0x00007f77cfe32f40, 0x00007f77cfe33718] 
[14,051s][debug  ][gc,nmethod     ] GC(3) O: Purge NMethod: io.sirix.page.SerializationType.readPageFragments (0x00007f77cffda490) [0x00007f77cffda6c0, 0x00007f77cffdaf98] 
[14,051s][debug  ][gc,nmethod     ] GC(3) O: Purge NMethod: java.util.LinkedHashMap.afterNodeInsertion (0x00007f77cfab4190) [0x00007f77cfab4380, 0x00007f77cfab4850] 
[14,051s][debug  ][gc,nmethod     ] GC(3) O: Purge NMethod: java.util.stream.SortedOps$OfRef.opWrapSink (0x00007f77cff58810) [0x00007f77cff58ac0, 0x00007f77cff59ac0] 
[14,051s][debug  ][gc,nmethod     ] GC(3) O: Purge NMethod: sun.nio.ch.FileChannelImpl.size (0x00007f77cff92090) [0x00007f77cff923c0, 0x00007f77cff93598] 
[14,051s][debug  ][gc,nmethod     ] GC(3) O: Purge NMethod: net.jpountz.util.SafeUtils.checkRange (0x00007f77cfa5ca10) [0x00007f77cfa5cc20, 0x00007f77cfa5d210] 
[14,051s][debug  ][gc,nmethod     ] GC(3) O: Purge NMethod: java.nio.DirectByteBuffer$Deallocator.<init> (0x00007f77cfaf1810) [0x00007f77cfaf19a0, 0x00007f77cfaf1b20] 
[14,051s][debug  ][gc,nmethod     ] GC(3) O: Purge NMethod: java.io.DataOutputStream.write (0x00007f77cfff3c90) [0x00007f77cfff3e40, 0x00007f77cfff41b8] 
[14,051s][debug  ][gc,nmethod     ] GC(3) O: Purge NMethod: it.unimi.dsi.fastutil.shorts.AbstractShortList.ensureIndex (0x00007f77cff82910) [0x00007f77cff82c40, 0x00007f77cff83a00] 
[14,051s][debug  ][gc,nmethod     ] GC(3) O: Purge NMethod: net.openhft.chronicle.bytes.NativeBytes.resize (0x00007f77cfe5ae10) [0x00007f77cfe5b440, 0x00007f77cfe5e408] 
[14,051s][debug  ][gc,nmethod     ] GC(3) O: Purge NMethod: java.lang.invoke.LambdaForm$MH/0x0000000080000800.invoke (0x00007f77cfbe7510) [0x00007f77cfbe76c0, 0x00007f77cfbe7910] 
[14,051s][debug  ][gc,nmethod     ] GC(3) O: Purge NMethod: java.io.FilterOutputStream.write (0x00007f77cfe40a10) [0x00007f77cfe40bc0, 0x00007f77cfe40d90] 
[14,051s][debug  ][gc,nmethod     ] GC(3) O: Purge NMethod: java.nio.channels.spi.AbstractInterruptibleChannel.end (0x00007f77cff9d110) [0x00007f77cff9d320, 0x00007f77cff9d8f0] 
[14,051s][debug  ][gc,nmethod     ] GC(3) O: Purge NMethod: java.lang.invoke.Invokers$Holder.linkToTargetMethod (0x00007f77cfbe6f90) [0x00007f77cfbe7140, 0x00007f77cfbe73f0] 
[14,051s][debug  ][gc,nmethod     ] GC(3) O: Purge NMethod: java.nio.ByteBuffer.wrap (0x00007f77cfe1b190) [0x00007f77cfe1b360, 0x00007f77cfe1b5f0] 
[14,051s][debug  ][gc,nmethod     ] GC(3) O: Purge NMethod: io.sirix.cache.TransactionIntentLog.put (0x00007f77cff67410) [0x00007f77cff675e0, 0x00007f77cff67970] 
[14,051s][debug  ][gc,nmethod     ] GC(3) O: Purge NMethod: sun.nio.ch.NativeThreadSet.remove (0x00007f77cff19290) [0x00007f77cff19440, 0x00007f77cff19778] 
[14,051s][debug  ][gc,nmethod     ] GC(3) O: Purge NMethod: net.openhft.chronicle.bytes.internal.BytesInternal.readStopBit (0x00007f77cffc9210) [0x00007f77cffc9420, 0x00007f77cffc9ad0] 
[14,051s][debug  ][gc,nmethod     ] GC(3) O: Purge NMethod: java.lang.ThreadLocal.getMap (0x00007f77cfc3f010) [0x00007f77cfc3f1a0, 0x00007f77cfc3f2d8] 
[14,051s][debug  ][gc,nmethod     ] GC(3) O: Purge NMethod: java.util.concurrent.ConcurrentHashMap$ValuesView.iterator (0x00007f77cff1c890) [0x00007f77cff1ca40, 0x00007f77cff1ccd0] 
[14,051s][debug  ][gc,nmethod     ] GC(3) O: Purge NMethod: java.lang.AbstractStringBuilder.charAt (0x00007f77cffae790) [0x00007f77cffae960, 0x00007f77cffaece8] 
[14,051s][debug  ][gc,nmethod     ] GC(3) O: Purge NMethod: net.openhft.chronicle.core.io.AbstractReferenceCounted.inThreadPerformRelease (0x00007f77cfca8390) [0x00007f77cfca8560, 0x00007f77cfca8960] 
[14,051s][debug  ][gc,nmethod     ] GC(3) O: Purge NMethod: jdk.internal.misc.Unsafe.allocateMemory (0x00007f77cfe7be90) [0x00007f77cfe7c120, 0x00007f77cfe7cb28] 
[14,051s][debug  ][gc,nmethod     ] GC(3) O: Purge NMethod: java.util.ArrayList.sort (0x00007f77cfb66310) [0x00007f77cfb664e0, 0x00007f77cfb66730] 
[14,051s][debug  ][gc,nmethod     ] GC(3) O: Purge NMethod: io.sirix.page.SerializationType.writeHash (0x00007f77cffa8d10) [0x00007f77cffa8f40, 0x00007f77cffa9848] 
[14,051s][debug  ][gc,nmethod     ] GC(3) O: Purge NMethod: io.sirix.page.KeyValueLeafPage.<init> (0x00007f77cff69e10) [0x00007f77cff6a0a0, 0x00007f77cff6ae60] 
[14,051s][debug  ][gc,nmethod     ] GC(3) O: Purge NMethod: java.nio.MappedByteBuffer.position (0x00007f77cfe16690) [0x00007f77cfe16840, 0x00007f77cfe16a48] 
[14,051s][debug  ][gc,nmethod     ] GC(3) O: Purge NMethod: java.util.stream.SpinedBuffer.capacity (0x00007f77cfe49d10) [0x00007f77cfe49ec0, 0x00007f77cfe4a178] 
[14,051s][debug  ][gc,nmethod     ] GC(3) O: Purge NMethod: io.sirix.index.path.summary.PathSummaryReader.getPathNode (0x00007f77cfe30d90) [0x00007f77cfe30f60, 0x00007f77cfe31438] 
[14,051s][debug  ][gc,nmethod     ] GC(3) O: Purge NMethod: com.google.common.hash.HashCode.fromBytesNoCopy (0x00007f77cfff5590) [0x00007f77cfff5760, 0x00007f77cfff5b90] 
[14,051s][debug  ][gc,nmethod     ] GC(3) O: Purge NMethod: java.lang.invoke.VarForm.getMemberName (0x00007f77cfb1a910) [0x00007f77cfb1aae0, 0x00007f77cfb1adf0] 
[14,051s][debug  ][gc,nmethod     ] GC(3) O: Purge NMethod: io.sirix.access.trx.page.NodePageReadOnlyTrx.getRevisionNumber (0x00007f77cff68910) [0x00007f77cff68ae0, 0x00007f77cff68dc0] 
[14,051s][debug  ][gc,nmethod     ] GC(3) O: Purge NMethod: org.magicwerk.brownies.collections.GapList.doAdd (0x00007f77cff62910) [0x00007f77cff62d80, 0x00007f77cff64da8] 
[14,051s][debug  ][gc,nmethod     ] GC(3) O: Purge NMethod: io.sirix.access.trx.node.json.JsonNodeTrxImpl.getBytes (0x00007f77cfe8d610) [0x00007f77cfe8d7c0, 0x00007f77cfe8da18] 
[14,051s][debug  ][gc,nmethod     ] GC(3) O: Purge NMethod: java.nio.Bits.reserveMemory (0x00007f77cffeaf10) [0x00007f77cffeb320, 0x00007f77cffecbf8] 
[14,051s][debug  ][gc,nmethod     ] GC(3) O: Purge NMethod: net.openhft.chronicle.bytes.AbstractBytes.writePosition (0x00007f77cffa6c10) [0x00007f77cffa6e20, 0x00007f77cffa7680] 
[14,051s][debug  ][gc,nmethod     ] GC(3) O: Purge NMethod: io.sirix.access.trx.page.NodePageReadOnlyTrx.getPageReference (0x00007f77cff6b910) [0x00007f77cff6bf40, 0x00007f77cff6f748] 
[14,051s][debug  ][gc,nmethod     ] GC(3) O: Purge NMethod: io.sirix.io.filechannel.FileChannelWriter.write (0x00007f77cff17610) [0x00007f77cff177e0, 0x00007f77cff17a80] 
[14,051s][debug  ][gc,nmethod     ] GC(3) O: Purge NMethod: java.nio.MappedByteBuffer.limit (0x00007f77cfe4cd90) [0x00007f77cfe4cf40, 0x00007f77cfe4d148] 
[14,051s][debug  ][gc,nmethod     ] GC(3) O: Purge NMethod: net.jpountz.lz4.LZ4BlockOutputStream.close (0x00007f77cfb13990) [0x00007f77cfb13b60, 0x00007f77cfb13ea8] 
[14,051s][debug  ][gc,nmethod     ] GC(3) O: Purge NMethod: java.lang.StringBuilder.charAt (0x00007f77cffae410) [0x00007f77cffae5c0, 0x00007f77cffae700] 
[14,051s][debug  ][gc,nmethod     ] GC(3) O: Purge NMethod: net.jpountz.lz4.LZ4BlockOutputStream.<init> (0x00007f77cfeb8410) [0x00007f77cfeb8980, 0x00007f77cfebb658] 
[14,051s][debug  ][gc,nmethod     ] GC(3) O: Purge NMethod: java.io.ByteArrayOutputStream.toByteArray (0x00007f77cfeb2910) [0x00007f77cfeb2ac0, 0x00007f77cfeb2d00] 
[14,051s][debug  ][gc,nmethod     ] GC(3) O: Purge NMethod: it.unimi.dsi.fastutil.shorts.ShortArrayList$1.<init> (0x00007f77cff83f90) [0x00007f77cff84140, 0x00007f77cff84328] 
[14,051s][debug  ][gc,nmethod     ] GC(3) O: Purge NMethod: io.sirix.access.trx.node.json.JsonNodeTrxImpl.insertStringValueAsRightSibling (0x00007f77cffe8510) [0x00007f77cffe88a0, 0x00007f77cffea2b0] 
[14,051s][debug  ][gc,nmethod     ] GC(3) O: Purge NMethod: io.sirix.cache.PageContainer.getInstance (0x00007f77cff68010) [0x00007f77cff68200, 0x00007f77cff68720] 
[14,051s][debug  ][gc,nmethod     ] GC(3) O: Purge NMethod: io.sirix.access.trx.page.NodePageReadOnlyTrx.loadPage (0x00007f77cfe57f10) [0x00007f77cfe581c0, 0x00007f77cfe59010] 
[14,051s][debug  ][gc,nmethod     ] GC(3) O: Purge NMethod: net.openhft.chronicle.bytes.AbstractBytes.readByte (0x00007f77cffb9e90) [0x00007f77cffba040, 0x00007f77cffba318] 
[14,051s][debug  ][gc,nmethod     ] GC(3) O: Purge NMethod: java.util.concurrent.ConcurrentHashMap$BaseIterator.<init> (0x00007f77cff1d890) [0x00007f77cff1da40, 0x00007f77cff1dc38] 
[14,051s][debug  ][gc,nmethod     ] GC(3) O: Purge NMethod: io.sirix.access.trx.page.NodePageTrx.lambda$prepareRecordPage$3 (0x00007f77cff79790) [0x00007f77cff79ae0, 0x00007f77cff7adf0] 
[14,051s][debug  ][gc,nmethod     ] GC(3) O: Purge NMethod: java.lang.invoke.VarHandle.checkAccessModeThenIsDirect (0x00007f77cfb1af10) [0x00007f77cfb1b140, 0x00007f77cfb1bae8] 
[14,051s][debug  ][gc,nmethod     ] GC(3) O: Purge NMethod: com.google.common.hash.HashCode$BytesHashCode.asBytes (0x00007f77cfe40e90) [0x00007f77cfe41040, 0x00007f77cfe41310] 
[14,051s][debug  ][gc,nmethod     ] GC(3) O: Purge NMethod: java.util.stream.Sink.end (0x00007f77cfd07110) [0x00007f77cfd072a0, 0x00007f77cfd073a8] 
[14,051s][debug  ][gc,nmethod     ] GC(3) O: Purge NMethod: net.openhft.chronicle.bytes.NativeBytes.checkResize (0x00007f77cfe5f490) [0x00007f77cfe5f640, 0x00007f77cfe5f868] 
[14,051s][debug  ][gc,nmethod     ] GC(3) O: Purge NMethod: io.sirix.access.trx.node.json.JsonNodeTrxImpl.insertStringValueAsRightSibling (0x00007f77ef2ea610) [0x00007f77ef2ea8c0, 0x00007f77ef2eb6d0] 
[14,051s][debug  ][gc,nmethod     ] GC(3) O: Purge NMethod: java.util.stream.ForEachOps$ForEachOp$OfRef.accept (0x00007f77cfe7d990) [0x00007f77cfe7db40, 0x00007f77cfe7dd38] 
[14,051s][debug  ][gc,nmethod     ] GC(3) O: Purge NMethod: java.util.stream.SortedOps$RefSortingSink.begin (0x00007f77cfb19090) [0x00007f77cfb19280, 0x00007f77cfb19870] 
[14,051s][debug  ][gc,nmethod     ] GC(3) O: Purge NMethod: io.sirix.io.filechannel.FileChannelWriter.getOffset (0x00007f77cff96590) [0x00007f77cff96760, 0x00007f77cff96b00] 
[14,051s][debug  ][gc,nmethod     ] GC(3) O: Purge NMethod: com.google.common.hash.MessageDigestHashFunction$MessageDigestHasher.<init> (0x00007f77cfff7190) [0x00007f77cfff7380, 0x00007f77cfff7798] 
[14,051s][debug  ][gc,nmethod     ] GC(3) O: Purge NMethod: java.util.stream.SpinedBuffer.clear (0x00007f77cfc6a010) [0x00007f77cfc6a220, 0x00007f77cfc6aa80] 
[14,051s][debug  ][gc,nmethod     ] GC(3) O: Purge NMethod: io.sirix.page.UberPage.getPageCountExp (0x00007f77cff6b210) [0x00007f77cff6b3e0, 0x00007f77cff6b7c0] 
[14,051s][debug  ][gc,nmethod     ] GC(3) O: Purge NMethod: java.util.stream.SpinedBuffer.ensureCapacity (0x00007f77cfca8a90) [0x00007f77cfca8d20, 0x00007f77cfca9dd8] 
[14,051s][debug  ][gc,nmethod     ] GC(3) O: Purge NMethod: sun.nio.ch.NativeThreadSet.add (0x00007f77cff18690) [0x00007f77cff18880, 0x00007f77cff18f78] 
[14,051s][debug  ][gc,nmethod     ] GC(3) O: Purge NMethod: io.sirix.access.trx.page.NodePageTrx$$Lambda/0x000000008033dfe0.apply (0x00007f77cfeff210) [0x00007f77cfeff3c0, 0x00007f77cfeff5f0] 
[14,051s][debug  ][gc,nmethod     ] GC(3) O: Purge NMethod: io.sirix.page.KeyValueLeafPage.<init> (0x00007f77cff7c290) [0x00007f77cff7c500, 0x00007f77cff7d090] 
[14,051s][debug  ][gc,nmethod     ] GC(3) O: Purge NMethod: io.sirix.page.PagePersister.serializePage (0x00007f77cff94e10) [0x00007f77cff95020, 0x00007f77cff956b0] 
[14,051s][debug  ][gc,nmethod     ] GC(3) O: Purge NMethod: java.nio.DirectByteBuffer.<init> (0x00007f77cfe1bb90) [0x00007f77cfe1bec0, 0x00007f77cfe1d090] 
[14,051s][debug  ][gc,nmethod     ] GC(3) O: Purge NMethod: net.jpountz.lz4.LZ4BlockOutputStream.flushBufferedData (0x00007f77cfef9410) [0x00007f77cfef9680, 0x00007f77cfefa070] 
[14,051s][debug  ][gc,nmethod     ] GC(3) O: Purge NMethod: io.sirix.access.trx.page.NodePageTrx.commit (0x00007f77cff93e90) [0x00007f77cff94100, 0x00007f77cff94b58] 
[14,051s][debug  ][gc,nmethod     ] GC(3) O: Purge NMethod: java.io.DataOutputStream.<init> (0x00007f77cfff6410) [0x00007f77cfff65e0, 0x00007f77cfff6b20] 
[14,051s][debug  ][gc,nmethod     ] GC(3) O: Purge NMethod: java.util.stream.SortedOps$RefSortingSink.end (0x00007f77cff46e10) [0x00007f77cff47140, 0x00007f77cff483f0] 
[14,051s][debug  ][gc,nmethod     ] GC(3) O: Purge NMethod: net.jpountz.lz4.LZ4BlockOutputStream.<init> (0x00007f77cff45490) [0x00007f77cff456c0, 0x00007f77cff45f38] 
[14,051s][debug  ][gc,nmethod     ] GC(3) O: Purge NMethod: io.sirix.service.json.shredder.JsonShredder.processNull (0x00007f77ef2fa390) [0x00007f77ef2faa60, 0x00007f77ef2fec30] 
[14,051s][debug  ][gc,nmethod     ] GC(3) O: Purge NMethod: io.sirix.page.SerializationType.writePageFragments (0x00007f77cffa7c90) [0x00007f77cffa7f00, 0x00007f77cffa8998] 
[14,051s][debug  ][gc,nmethod     ] GC(3) O: Purge NMethod: io.sirix.page.PageReference.<init> (0x00007f77cff5f010) [0x00007f77cff5f1e0, 0x00007f77cff5f620] 
[14,051s][debug  ][gc,nmethod     ] GC(3) O: Purge NMethod: io.sirix.access.trx.page.NodePageTrx$$Lambda/0x000000008033e460.accept (0x00007f77cfac8d90) [0x00007f77cfac8f40, 0x00007f77cfac91b0] 
[14,051s][debug  ][gc,nmethod     ] GC(3) O: Purge NMethod: java.util.Objects.equals (0x00007f77cfa2a190) [0x00007f77cfa2a340, 0x00007f77cfa2a5b0] 
[14,051s][debug  ][gc,nmethod     ] GC(3) O: Purge NMethod: net.openhft.chronicle.bytes.internal.NativeBytesStore.<init> (0x00007f77cfe33a10) [0x00007f77cfe33c00, 0x00007f77cfe34140] 
[14,051s][debug  ][gc,nmethod     ] GC(3) O: Purge NMethod: io.sirix.access.trx.page.NodePageReadOnlyTrx.getCurrentMaxIndirectPageTreeLevel (0x00007f77cff70610) [0x00007f77cff70bc0, 0x00007f77cff73918] 
[14,051s][debug  ][gc,nmethod     ] GC(3) O: Purge NMethod: java.nio.MappedByteBuffer.<init> (0x00007f77cfe7de10) [0x00007f77cfe7dfc0, 0x00007f77cfe7e190] 
[14,051s][debug  ][gc,nmethod     ] GC(3) O: Purge NMethod: java.util.ArrayList.toArray (0x00007f77cfc00890) [0x00007f77cfc00a40, 0x00007f77cfc00c68] 
[14,051s][debug  ][gc,phases      ] GC(3) O: Concurrent Classes Purge 1,142ms
[14,051s][debug  ][gc,phases,start] GC(3) O: Concurrent References Enqueue
[14,051s][debug  ][gc,phases      ] GC(3) O: Concurrent References Enqueue 0,011ms
[14,051s][info   ][gc,phases      ] GC(3) O: Concurrent Process Non-Strong 9,731ms
[14,051s][debug  ][gc,phases,start] GC(3) O: Concurrent Reset Relocation Set
[14,051s][info   ][gc,phases      ] GC(3) O: Concurrent Reset Relocation Set 0,009ms
[14,051s][debug  ][gc,phases,start] GC(3) O: Concurrent Select Relocation Set
[14,052s][debug  ][gc,nmethod     ] Register NMethod: java.util.concurrent.locks.ReentrantLock$Sync.isHeldExclusively (0x00007f77cfdb5c90) [0x00007f77cfdb5e40, 0x00007f77cfdb6030] Compiler: c1, Barriers: 2, Oops: 0, ImmediateOops: 0, NonImmediateOops: No
[14,052s][debug  ][gc,nmethod     ] Register NMethod: java.lang.Object.notifyAll (0x00007f77ef2ebf10) [0x00007f77ef2ec0a0, 0x00007f77ef2ec250] Compiler: , Barriers: 0, Oops: 0, ImmediateOops: 0, NonImmediateOops: No
[14,052s][debug  ][gc,nmethod     ] Register NMethod: jdk.internal.misc.Unsafe.checkPointer (0x00007f77ef2ebc10) [0x00007f77ef2ebd80, 0x00007f77ef2ebe30] Compiler: c2, Barriers: 0, Oops: 0, ImmediateOops: 0, NonImmediateOops: No
[14,052s][debug  ][gc,nmethod     ] Register NMethod: java.lang.ref.Reference.enqueueFromPending (0x00007f77cfa2a190) [0x00007f77cfa2a340, 0x00007f77cfa2a580] Compiler: c1, Barriers: 1, Oops: 0, ImmediateOops: 1, NonImmediateOops: No
[14,052s][debug  ][gc,reloc       ] GC(3) O: Relocation Set (Medium Pages): 0->0, 1 skipped, 0 forwarding entries
[14,052s][debug  ][gc,reloc       ] GC(3) O: Relocation Set (Small Pages): 7->2, 1 skipped, 114944 forwarding entries
[14,053s][debug  ][gc,task        ] GC(3) O: Executing ZRelocationSetInstallTask using ZWorkerOld with 1 workers
[14,053s][debug  ][gc,nmethod     ] Register NMethod: java.lang.invoke.MethodHandleNatives.clearCallSiteContext (0x00007f77ef2eb890) [0x00007f77ef2eba20, 0x00007f77ef2ebbe8] Compiler: , Barriers: 0, Oops: 0, ImmediateOops: 1, NonImmediateOops: No
[14,053s][debug  ][gc,nmethod     ] Register NMethod: java.lang.ref.ReferenceQueue.enqueue0 (0x00007f77cfe40a10) [0x00007f77cfe40c00, 0x00007f77cfe412f8] Compiler: c1, Barriers: 12, Oops: 0, ImmediateOops: 5, NonImmediateOops: No
[14,053s][info   ][gc,phases      ] GC(3) O: Concurrent Select Relocation Set 1,621ms
[14,053s][debug  ][gc,phases,start] GC(3) O: Concurrent Remap Roots
[14,053s][info   ][gc,task        ] GC(3) O: Using 5 Workers for Old Generation
[14,053s][debug  ][gc,task        ] GC(3) O: Executing ZRemapYoungRootsTask using ZWorkerOld with 5 workers
[14,054s][debug  ][gc,nmethod     ] Register NMethod: java.lang.ref.NativeReferenceQueue.signal (0x00007f77cfe08010) [0x00007f77cfe081c0, 0x00007f77cfe08338] Compiler: c1, Barriers: 1, Oops: 0, ImmediateOops: 0, NonImmediateOops: No
[14,054s][debug  ][gc,nmethod     ] Register NMethod: java.lang.ref.NativeReferenceQueue.enqueue (0x00007f77cfaaca10) [0x00007f77cfaacbc0, 0x00007f77cfaace28] Compiler: c1, Barriers: 1, Oops: 0, ImmediateOops: 0, NonImmediateOops: No
[14,054s][debug  ][gc,nmethod     ] Register NMethod: java.util.concurrent.locks.AbstractQueuedSynchronizer$ConditionObject.signalAll (0x00007f77cfc43990) [0x00007f77cfc43b60, 0x00007f77cfc43f10] Compiler: c1, Barriers: 2, Oops: 0, ImmediateOops: 0, NonImmediateOops: No
[14,054s][debug  ][gc,nmethod     ] Register NMethod: java.lang.ref.ReferenceQueue.signal (0x00007f77cfff7190) [0x00007f77cfff7380, 0x00007f77cfff7800] Compiler: c1, Barriers: 3, Oops: 0, ImmediateOops: 0, NonImmediateOops: No
[14,054s][debug  ][gc,nmethod     ] Register NMethod: jdk.internal.ref.PhantomCleanable.isListEmpty (0x00007f77cfb13990) [0x00007f77cfb13b40, 0x00007f77cfb13e30] Compiler: c1, Barriers: 3, Oops: 0, ImmediateOops: 0, NonImmediateOops: No
[14,054s][debug  ][gc,nmethod     ] Register NMethod: java.lang.ref.ReferenceQueue.poll0 (0x00007f77cfab4190) [0x00007f77cfab4380, 0x00007f77cfab4930] Compiler: c1, Barriers: 11, Oops: 0, ImmediateOops: 3, NonImmediateOops: No
[14,054s][debug  ][gc,nmethod     ] Register NMethod: java.lang.ref.ReferenceQueue.enqueue (0x00007f77cfe7be90) [0x00007f77cfe7c100, 0x00007f77cfe7cbe0] Compiler: c1, Barriers: 8, Oops: 0, ImmediateOops: 0, NonImmediateOops: No
[14,054s][debug  ][gc,nmethod     ] Register NMethod: jdk.internal.misc.InnocuousThread.eraseThreadLocals (0x00007f77cfaf1810) [0x00007f77cfaf19c0, 0x00007f77cfaf1bd8] Compiler: c1, Barriers: 6, Oops: 0, ImmediateOops: 0, NonImmediateOops: No
[14,055s][debug  ][gc,nmethod     ] Register NMethod: java.lang.invoke.MethodHandleNatives$CallSiteContext.run (0x00007f77cface610) [0x00007f77cface7c0, 0x00007f77cface8f8] Compiler: c1, Barriers: 0, Oops: 0, ImmediateOops: 0, NonImmediateOops: No
[14,055s][debug  ][gc,nmethod     ] Register NMethod: java.lang.ref.ReferenceQueue.remove0 (0x00007f77cfdb4710) [0x00007f77cfdb4900, 0x00007f77cfdb4d88] Compiler: c1, Barriers: 0, Oops: 0, ImmediateOops: 0, NonImmediateOops: No
[14,055s][debug  ][gc,nmethod     ] Register NMethod: java.util.concurrent.locks.ReentrantLock$NonfairSync.tryAcquire (0x00007f77cfb84810) [0x00007f77cfb849e0, 0x00007f77cfb84cc8] Compiler: c1, Barriers: 4, Oops: 0, ImmediateOops: 0, NonImmediateOops: No
[14,055s][debug  ][gc,nmethod     ] Register NMethod: java.lang.ref.ReferenceQueue.remove (0x00007f77cfe0ee90) [0x00007f77cfe0f140, 0x00007f77cfe0fec0] Compiler: c1, Barriers: 8, Oops: 0, ImmediateOops: 1, NonImmediateOops: No
[14,060s][info   ][gc,task        ] GC(3) O: Using 1 Workers for Old Generation
[14,060s][info   ][gc,phases      ] GC(3) O: Concurrent Remap Roots 7,074ms
[14,060s][debug  ][gc,reloc       ] Synchronize all workers 1 _nworkers: 0 _nsynchronized: 0
[14,060s][debug  ][gc,reloc       ] Synchronize all workers 1 _nworkers: 0 _nsynchronized: 0
[14,060s][debug  ][gc,phases,start] GC(3) O: Pause Relocate Start
[14,060s][debug  ][gc,reloc       ] GC(3) O: Joining workers: 1
