ADMITTED,2026-10-05T22:42:25Z
WARNING: Using incubator modules: jdk.incubator.vector
RUN,p00-baseline,pid=3001715,java=25.0.3,identity=false,warmups=8,samples=9
JVM,p00-baseline,maxHeap=3221225472,arguments=[-XX:ThreadPriorityPolicy=1, -XX:+UnlockExperimentalVMOptions, -XX:+EnableJVMCIProduct, -XX:+EnableJVMCI, -XX:-UnlockExperimentalVMOptions, -ea, -Xms512m, -Xmx3g, --add-opens=java.base/sun.nio.ch=ALL-UNNAMED, --add-opens=java.base/java.nio=ALL-UNNAMED, --add-modules=jdk.incubator.vector, --enable-native-access=ALL-UNNAMED, -XX:+EnableDynamicAgentLoading, -XX:+UnlockDiagnosticVMOptions, -XX:+DebugNonSafepoints, --add-modules=jdk.incubator.vector, -Dfile.encoding=UTF-8, -Djava.io.tmpdir=/home/johannes/.treehouse/sirix-cdde48/20/sirix/build/replay/tmp, -Dlogback.configurationFile=/home/johannes/.treehouse/sirix-cdde48/20/sirix/build/replay/latency/quiet.xml, -Dsirix.replay.workDiag=false, -Dsirix.hot.mergeDiag=false, -Dsirix.replay.bench.scenarios=unchanged,deep,moves,restore]
COLUMNS,label,scenario,iteration,metric,nanos,threadAllocatedBytes,recordVisits,createdIdentities,stagedRecords,ancestorSteps,sidecarReads,fallbackPages,pathSteps,bookkeepingOperations
WARNING: A terminally deprecated method in sun.misc.Unsafe has been called
WARNING: sun.misc.Unsafe::arrayBaseOffset has been called by net.openhft.hashing.UnsafeAccess (file:/home/johannes/.gradle/caches/modules-2/files-2.1/net.openhft/zero-allocation-hashing/2026.0/2447494f7842ca377b4ccdba2089a8da5c1d1b50/zero-allocation-hashing-2026.0.jar)
WARNING: Please consider reporting this to the maintainers of class net.openhft.hashing.UnsafeAccess
WARNING: sun.misc.Unsafe::arrayBaseOffset will be removed in a future release
SAMPLE,p00-baseline,unchanged,0,bulkAppendCommit,6379111,1441440,-1,-1,-1,-1,-1,-1,-1,-1
SAMPLE,p00-baseline,unchanged,0,publicCompactDiff,30138872,5778024,-1,-1,-1,-1,-1,-1,-1,-1
SAMPLE,p00-baseline,unchanged,0,publicMaterializedDiff,11154093,5713936,-1,-1,-1,-1,-1,-1,-1,-1
SAMPLE,p00-baseline,unchanged,0,replayRead,13066338,3891432,-1,-1,-1,-1,-1,-1,-1,-1
SAMPLE,p00-baseline,unchanged,0,unchangedPublicDiff,313101,17336,-1,-1,-1,-1,-1,-1,-1,-1
SAMPLE,p00-baseline,unchanged,0,revisionCopy,119265588,12706280,-1,-1,-1,-1,-1,-1,-1,-1
SAMPLE,p00-baseline,unchanged,1,bulkAppendCommit,5754105,1440624,-1,-1,-1,-1,-1,-1,-1,-1
SAMPLE,p00-baseline,unchanged,1,publicCompactDiff,30242497,5777960,-1,-1,-1,-1,-1,-1,-1,-1
SAMPLE,p00-baseline,unchanged,1,publicMaterializedDiff,10938554,5713872,-1,-1,-1,-1,-1,-1,-1,-1
SAMPLE,p00-baseline,unchanged,1,replayRead,9803449,3891336,-1,-1,-1,-1,-1,-1,-1,-1
SAMPLE,p00-baseline,unchanged,1,unchangedPublicDiff,311021,17272,-1,-1,-1,-1,-1,-1,-1,-1
SAMPLE,p00-baseline,unchanged,1,revisionCopy,123263082,12685624,-1,-1,-1,-1,-1,-1,-1,-1
SAMPLE,p00-baseline,unchanged,2,bulkAppendCommit,6086049,1440248,-1,-1,-1,-1,-1,-1,-1,-1
SAMPLE,p00-baseline,unchanged,2,publicCompactDiff,29806744,5778056,-1,-1,-1,-1,-1,-1,-1,-1
SAMPLE,p00-baseline,unchanged,2,publicMaterializedDiff,10386809,5713936,-1,-1,-1,-1,-1,-1,-1,-1
SAMPLE,p00-baseline,unchanged,2,replayRead,10904537,3891432,-1,-1,-1,-1,-1,-1,-1,-1
SAMPLE,p00-baseline,unchanged,2,unchangedPublicDiff,317698,17336,-1,-1,-1,-1,-1,-1,-1,-1
SAMPLE,p00-baseline,unchanged,2,revisionCopy,123959439,12611376,-1,-1,-1,-1,-1,-1,-1,-1
SAMPLE,p00-baseline,unchanged,3,bulkAppendCommit,6014037,1441016,-1,-1,-1,-1,-1,-1,-1,-1
SAMPLE,p00-baseline,unchanged,3,publicCompactDiff,31306975,5778056,-1,-1,-1,-1,-1,-1,-1,-1
SAMPLE,p00-baseline,unchanged,3,publicMaterializedDiff,11178803,5713936,-1,-1,-1,-1,-1,-1,-1,-1
SAMPLE,p00-baseline,unchanged,3,replayRead,9939825,3891432,-1,-1,-1,-1,-1,-1,-1,-1
SAMPLE,p00-baseline,unchanged,3,unchangedPublicDiff,299404,17336,-1,-1,-1,-1,-1,-1,-1,-1
SAMPLE,p00-baseline,unchanged,3,revisionCopy,111124442,12610088,-1,-1,-1,-1,-1,-1,-1,-1
SAMPLE,p00-baseline,unchanged,4,bulkAppendCommit,5302730,1442352,-1,-1,-1,-1,-1,-1,-1,-1
SAMPLE,p00-baseline,unchanged,4,publicCompactDiff,29831657,5778056,-1,-1,-1,-1,-1,-1,-1,-1
SAMPLE,p00-baseline,unchanged,4,publicMaterializedDiff,11790910,5713936,-1,-1,-1,-1,-1,-1,-1,-1
SAMPLE,p00-baseline,unchanged,4,replayRead,10977953,3891432,-1,-1,-1,-1,-1,-1,-1,-1
SAMPLE,p00-baseline,unchanged,4,unchangedPublicDiff,623455,17336,-1,-1,-1,-1,-1,-1,-1,-1
SAMPLE,p00-baseline,unchanged,4,revisionCopy,103040440,12609104,-1,-1,-1,-1,-1,-1,-1,-1
SAMPLE,p00-baseline,unchanged,5,bulkAppendCommit,5498067,1440568,-1,-1,-1,-1,-1,-1,-1,-1
SAMPLE,p00-baseline,unchanged,5,publicCompactDiff,31479100,5777992,-1,-1,-1,-1,-1,-1,-1,-1
SAMPLE,p00-baseline,unchanged,5,publicMaterializedDiff,10701135,5713872,-1,-1,-1,-1,-1,-1,-1,-1
SAMPLE,p00-baseline,unchanged,5,replayRead,10643826,3891336,-1,-1,-1,-1,-1,-1,-1,-1
SAMPLE,p00-baseline,unchanged,5,unchangedPublicDiff,321934,17272,-1,-1,-1,-1,-1,-1,-1,-1
SAMPLE,p00-baseline,unchanged,5,revisionCopy,92060113,12606664,-1,-1,-1,-1,-1,-1,-1,-1
SAMPLE,p00-baseline,unchanged,6,bulkAppendCommit,5655258,1440792,-1,-1,-1,-1,-1,-1,-1,-1
SAMPLE,p00-baseline,unchanged,6,publicCompactDiff,32950980,5778024,-1,-1,-1,-1,-1,-1,-1,-1
SAMPLE,p00-baseline,unchanged,6,publicMaterializedDiff,11207234,5713936,-1,-1,-1,-1,-1,-1,-1,-1
SAMPLE,p00-baseline,unchanged,6,replayRead,11238887,3891432,-1,-1,-1,-1,-1,-1,-1,-1
SAMPLE,p00-baseline,unchanged,6,unchangedPublicDiff,349214,17336,-1,-1,-1,-1,-1,-1,-1,-1
SAMPLE,p00-baseline,unchanged,6,revisionCopy,95641345,12608736,-1,-1,-1,-1,-1,-1,-1,-1
SAMPLE,p00-baseline,unchanged,7,bulkAppendCommit,5583900,1440720,-1,-1,-1,-1,-1,-1,-1,-1
SAMPLE,p00-baseline,unchanged,7,publicCompactDiff,30686952,5777896,-1,-1,-1,-1,-1,-1,-1,-1
SAMPLE,p00-baseline,unchanged,7,publicMaterializedDiff,10857537,5713872,-1,-1,-1,-1,-1,-1,-1,-1
SAMPLE,p00-baseline,unchanged,7,replayRead,9762361,3891336,-1,-1,-1,-1,-1,-1,-1,-1
SAMPLE,p00-baseline,unchanged,7,unchangedPublicDiff,335982,17304,-1,-1,-1,-1,-1,-1,-1,-1
SAMPLE,p00-baseline,unchanged,7,revisionCopy,113584166,12609240,-1,-1,-1,-1,-1,-1,-1,-1
SAMPLE,p00-baseline,unchanged,8,bulkAppendCommit,5069424,1440584,-1,-1,-1,-1,-1,-1,-1,-1
SAMPLE,p00-baseline,unchanged,8,publicCompactDiff,29509887,5778024,-1,-1,-1,-1,-1,-1,-1,-1
SAMPLE,p00-baseline,unchanged,8,publicMaterializedDiff,10649758,5713936,-1,-1,-1,-1,-1,-1,-1,-1
SAMPLE,p00-baseline,unchanged,8,replayRead,9427614,3891432,-1,-1,-1,-1,-1,-1,-1,-1
SAMPLE,p00-baseline,unchanged,8,unchangedPublicDiff,291901,17336,-1,-1,-1,-1,-1,-1,-1,-1
SAMPLE,p00-baseline,unchanged,8,revisionCopy,92507792,12609888,-1,-1,-1,-1,-1,-1,-1,-1
SAMPLE,p00-baseline,deep,0,bulkAppendCommit,4285267,1822288,-1,-1,-1,-1,-1,-1,-1,-1
SAMPLE,p00-baseline,deep,0,publicCompactDiff,707007,372904,-1,-1,-1,-1,-1,-1,-1,-1
SAMPLE,p00-baseline,deep,0,publicMaterializedDiff,615112,372848,-1,-1,-1,-1,-1,-1,-1,-1
SAMPLE,p00-baseline,deep,0,replayRead,877381,381896,-1,-1,-1,-1,-1,-1,-1,-1
SAMPLE,p00-baseline,deep,0,unchangedPublicDiff,198259,17744,-1,-1,-1,-1,-1,-1,-1,-1
SAMPLE,p00-baseline,deep,0,revisionCopy,14312580,4617104,-1,-1,-1,-1,-1,-1,-1,-1
SAMPLE,p00-baseline,deep,1,bulkAppendCommit,6681103,1824576,-1,-1,-1,-1,-1,-1,-1,-1
SAMPLE,p00-baseline,deep,1,publicCompactDiff,1127438,372904,-1,-1,-1,-1,-1,-1,-1,-1
SAMPLE,p00-baseline,deep,1,publicMaterializedDiff,769594,372848,-1,-1,-1,-1,-1,-1,-1,-1
SAMPLE,p00-baseline,deep,1,replayRead,624154,381896,-1,-1,-1,-1,-1,-1,-1,-1
SAMPLE,p00-baseline,deep,1,unchangedPublicDiff,135287,17744,-1,-1,-1,-1,-1,-1,-1,-1
SAMPLE,p00-baseline,deep,1,revisionCopy,12749358,4617664,-1,-1,-1,-1,-1,-1,-1,-1
SAMPLE,p00-baseline,deep,2,bulkAppendCommit,5187137,1822288,-1,-1,-1,-1,-1,-1,-1,-1
SAMPLE,p00-baseline,deep,2,publicCompactDiff,714558,372904,-1,-1,-1,-1,-1,-1,-1,-1
SAMPLE,p00-baseline,deep,2,publicMaterializedDiff,643029,372848,-1,-1,-1,-1,-1,-1,-1,-1
SAMPLE,p00-baseline,deep,2,replayRead,600852,381896,-1,-1,-1,-1,-1,-1,-1,-1
SAMPLE,p00-baseline,deep,2,unchangedPublicDiff,150151,17744,-1,-1,-1,-1,-1,-1,-1,-1
SAMPLE,p00-baseline,deep,2,revisionCopy,12412206,4618376,-1,-1,-1,-1,-1,-1,-1,-1
SAMPLE,p00-baseline,deep,3,bulkAppendCommit,4181641,1822616,-1,-1,-1,-1,-1,-1,-1,-1
SAMPLE,p00-baseline,deep,3,publicCompactDiff,819443,372904,-1,-1,-1,-1,-1,-1,-1,-1
SAMPLE,p00-baseline,deep,3,publicMaterializedDiff,698108,372848,-1,-1,-1,-1,-1,-1,-1,-1
SAMPLE,p00-baseline,deep,3,replayRead,860710,381896,-1,-1,-1,-1,-1,-1,-1,-1
SAMPLE,p00-baseline,deep,3,unchangedPublicDiff,255589,17744,-1,-1,-1,-1,-1,-1,-1,-1
SAMPLE,p00-baseline,deep,3,revisionCopy,13619106,4617008,-1,-1,-1,-1,-1,-1,-1,-1
SAMPLE,p00-baseline,deep,4,bulkAppendCommit,4520310,1822440,-1,-1,-1,-1,-1,-1,-1,-1
SAMPLE,p00-baseline,deep,4,publicCompactDiff,761092,372904,-1,-1,-1,-1,-1,-1,-1,-1
SAMPLE,p00-baseline,deep,4,publicMaterializedDiff,594186,372848,-1,-1,-1,-1,-1,-1,-1,-1
SAMPLE,p00-baseline,deep,4,replayRead,598122,381896,-1,-1,-1,-1,-1,-1,-1,-1
SAMPLE,p00-baseline,deep,4,unchangedPublicDiff,148423,17744,-1,-1,-1,-1,-1,-1,-1,-1
SAMPLE,p00-baseline,deep,4,revisionCopy,13894921,4615880,-1,-1,-1,-1,-1,-1,-1,-1
SAMPLE,p00-baseline,deep,5,bulkAppendCommit,4443703,1816376,-1,-1,-1,-1,-1,-1,-1,-1
SAMPLE,p00-baseline,deep,5,publicCompactDiff,691088,366664,-1,-1,-1,-1,-1,-1,-1,-1
SAMPLE,p00-baseline,deep,5,publicMaterializedDiff,567671,366608,-1,-1,-1,-1,-1,-1,-1,-1
SAMPLE,p00-baseline,deep,5,replayRead,533793,375656,-1,-1,-1,-1,-1,-1,-1,-1
SAMPLE,p00-baseline,deep,5,unchangedPublicDiff,152475,17744,-1,-1,-1,-1,-1,-1,-1,-1
SAMPLE,p00-baseline,deep,5,revisionCopy,12641348,4611416,-1,-1,-1,-1,-1,-1,-1,-1
SAMPLE,p00-baseline,deep,6,bulkAppendCommit,4302033,1816112,-1,-1,-1,-1,-1,-1,-1,-1
SAMPLE,p00-baseline,deep,6,publicCompactDiff,701950,366664,-1,-1,-1,-1,-1,-1,-1,-1
SAMPLE,p00-baseline,deep,6,publicMaterializedDiff,619486,366608,-1,-1,-1,-1,-1,-1,-1,-1
SAMPLE,p00-baseline,deep,6,replayRead,658665,375656,-1,-1,-1,-1,-1,-1,-1,-1
SAMPLE,p00-baseline,deep,6,unchangedPublicDiff,163079,17744,-1,-1,-1,-1,-1,-1,-1,-1
SAMPLE,p00-baseline,deep,6,revisionCopy,11783262,4611496,-1,-1,-1,-1,-1,-1,-1,-1
SAMPLE,p00-baseline,deep,7,bulkAppendCommit,4550144,1817120,-1,-1,-1,-1,-1,-1,-1,-1
SAMPLE,p00-baseline,deep,7,publicCompactDiff,595264,366664,-1,-1,-1,-1,-1,-1,-1,-1
SAMPLE,p00-baseline,deep,7,publicMaterializedDiff,489737,366608,-1,-1,-1,-1,-1,-1,-1,-1
SAMPLE,p00-baseline,deep,7,replayRead,509795,375656,-1,-1,-1,-1,-1,-1,-1,-1
SAMPLE,p00-baseline,deep,7,unchangedPublicDiff,173782,17744,-1,-1,-1,-1,-1,-1,-1,-1
SAMPLE,p00-baseline,deep,7,revisionCopy,15648841,4611328,-1,-1,-1,-1,-1,-1,-1,-1
SAMPLE,p00-baseline,deep,8,bulkAppendCommit,4841810,1816376,-1,-1,-1,-1,-1,-1,-1,-1
SAMPLE,p00-baseline,deep,8,publicCompactDiff,706883,366664,-1,-1,-1,-1,-1,-1,-1,-1
SAMPLE,p00-baseline,deep,8,publicMaterializedDiff,484732,366608,-1,-1,-1,-1,-1,-1,-1,-1
SAMPLE,p00-baseline,deep,8,replayRead,502344,375656,-1,-1,-1,-1,-1,-1,-1,-1
SAMPLE,p00-baseline,deep,8,unchangedPublicDiff,128241,17744,-1,-1,-1,-1,-1,-1,-1,-1
SAMPLE,p00-baseline,deep,8,revisionCopy,11874393,4611040,-1,-1,-1,-1,-1,-1,-1,-1
SAMPLE,p00-baseline,moves,0,sourceMutationCommit,3833525,1303232,-1,-1,-1,-1,-1,-1,-1,-1
SAMPLE,p00-baseline,moves,0,publicCompactDiff,440571,76824,-1,-1,-1,-1,-1,-1,-1,-1
SAMPLE,p00-baseline,moves,0,publicMaterializedDiff,497838,100544,-1,-1,-1,-1,-1,-1,-1,-1
SAMPLE,p00-baseline,moves,0,replayRead,596445,133616,-1,-1,-1,-1,-1,-1,-1,-1
SAMPLE,p00-baseline,moves,0,unchangedPublicDiff,177146,17704,-1,-1,-1,-1,-1,-1,-1,-1
SAMPLE,p00-baseline,moves,0,revisionCopy,10232671,3887368,-1,-1,-1,-1,-1,-1,-1,-1
SAMPLE,p00-baseline,moves,1,sourceMutationCommit,3246445,1303168,-1,-1,-1,-1,-1,-1,-1,-1
SAMPLE,p00-baseline,moves,1,publicCompactDiff,386482,76824,-1,-1,-1,-1,-1,-1,-1,-1
SAMPLE,p00-baseline,moves,1,publicMaterializedDiff,510783,100544,-1,-1,-1,-1,-1,-1,-1,-1
SAMPLE,p00-baseline,moves,1,replayRead,538843,133616,-1,-1,-1,-1,-1,-1,-1,-1
SAMPLE,p00-baseline,moves,1,unchangedPublicDiff,138373,17704,-1,-1,-1,-1,-1,-1,-1,-1
SAMPLE,p00-baseline,moves,1,revisionCopy,8958687,3887824,-1,-1,-1,-1,-1,-1,-1,-1
SAMPLE,p00-baseline,moves,2,sourceMutationCommit,3043066,1303216,-1,-1,-1,-1,-1,-1,-1,-1
SAMPLE,p00-baseline,moves,2,publicCompactDiff,541677,76824,-1,-1,-1,-1,-1,-1,-1,-1
SAMPLE,p00-baseline,moves,2,publicMaterializedDiff,471424,100544,-1,-1,-1,-1,-1,-1,-1,-1
SAMPLE,p00-baseline,moves,2,replayRead,496264,133616,-1,-1,-1,-1,-1,-1,-1,-1
SAMPLE,p00-baseline,moves,2,unchangedPublicDiff,116061,17704,-1,-1,-1,-1,-1,-1,-1,-1
SAMPLE,p00-baseline,moves,2,revisionCopy,8735364,3887688,-1,-1,-1,-1,-1,-1,-1,-1
SAMPLE,p00-baseline,moves,3,sourceMutationCommit,3608447,1303168,-1,-1,-1,-1,-1,-1,-1,-1
SAMPLE,p00-baseline,moves,3,publicCompactDiff,376133,76824,-1,-1,-1,-1,-1,-1,-1,-1
SAMPLE,p00-baseline,moves,3,publicMaterializedDiff,457820,100544,-1,-1,-1,-1,-1,-1,-1,-1
SAMPLE,p00-baseline,moves,3,replayRead,566476,133616,-1,-1,-1,-1,-1,-1,-1,-1
SAMPLE,p00-baseline,moves,3,unchangedPublicDiff,151565,17704,-1,-1,-1,-1,-1,-1,-1,-1
SAMPLE,p00-baseline,moves,3,revisionCopy,8728508,3887608,-1,-1,-1,-1,-1,-1,-1,-1
SAMPLE,p00-baseline,moves,4,sourceMutationCommit,3966155,1303344,-1,-1,-1,-1,-1,-1,-1,-1
SAMPLE,p00-baseline,moves,4,publicCompactDiff,813960,76824,-1,-1,-1,-1,-1,-1,-1,-1
SAMPLE,p00-baseline,moves,4,publicMaterializedDiff,512538,100544,-1,-1,-1,-1,-1,-1,-1,-1
SAMPLE,p00-baseline,moves,4,replayRead,593761,133616,-1,-1,-1,-1,-1,-1,-1,-1
SAMPLE,p00-baseline,moves,4,unchangedPublicDiff,188114,17704,-1,-1,-1,-1,-1,-1,-1,-1
SAMPLE,p00-baseline,moves,4,revisionCopy,9129115,3888216,-1,-1,-1,-1,-1,-1,-1,-1
SAMPLE,p00-baseline,moves,5,sourceMutationCommit,3107534,1303344,-1,-1,-1,-1,-1,-1,-1,-1
SAMPLE,p00-baseline,moves,5,publicCompactDiff,361292,76824,-1,-1,-1,-1,-1,-1,-1,-1
SAMPLE,p00-baseline,moves,5,publicMaterializedDiff,440168,100544,-1,-1,-1,-1,-1,-1,-1,-1
SAMPLE,p00-baseline,moves,5,replayRead,553829,133616,-1,-1,-1,-1,-1,-1,-1,-1
SAMPLE,p00-baseline,moves,5,unchangedPublicDiff,138837,17704,-1,-1,-1,-1,-1,-1,-1,-1
SAMPLE,p00-baseline,moves,5,revisionCopy,9193546,3888480,-1,-1,-1,-1,-1,-1,-1,-1
SAMPLE,p00-baseline,moves,6,sourceMutationCommit,3154670,1303408,-1,-1,-1,-1,-1,-1,-1,-1
SAMPLE,p00-baseline,moves,6,publicCompactDiff,434147,76824,-1,-1,-1,-1,-1,-1,-1,-1
SAMPLE,p00-baseline,moves,6,publicMaterializedDiff,437315,100544,-1,-1,-1,-1,-1,-1,-1,-1
SAMPLE,p00-baseline,moves,6,replayRead,540559,133616,-1,-1,-1,-1,-1,-1,-1,-1
SAMPLE,p00-baseline,moves,6,unchangedPublicDiff,111989,17704,-1,-1,-1,-1,-1,-1,-1,-1
SAMPLE,p00-baseline,moves,6,revisionCopy,8681555,3888040,-1,-1,-1,-1,-1,-1,-1,-1
SAMPLE,p00-baseline,moves,7,sourceMutationCommit,3164830,1303232,-1,-1,-1,-1,-1,-1,-1,-1
SAMPLE,p00-baseline,moves,7,publicCompactDiff,706453,76824,-1,-1,-1,-1,-1,-1,-1,-1
SAMPLE,p00-baseline,moves,7,publicMaterializedDiff,486500,100544,-1,-1,-1,-1,-1,-1,-1,-1
SAMPLE,p00-baseline,moves,7,replayRead,540146,133616,-1,-1,-1,-1,-1,-1,-1,-1
SAMPLE,p00-baseline,moves,7,unchangedPublicDiff,113880,17704,-1,-1,-1,-1,-1,-1,-1,-1
SAMPLE,p00-baseline,moves,7,revisionCopy,8386090,3888256,-1,-1,-1,-1,-1,-1,-1,-1
SAMPLE,p00-baseline,moves,8,sourceMutationCommit,3139267,1302992,-1,-1,-1,-1,-1,-1,-1,-1
SAMPLE,p00-baseline,moves,8,publicCompactDiff,384336,76824,-1,-1,-1,-1,-1,-1,-1,-1
SAMPLE,p00-baseline,moves,8,publicMaterializedDiff,418417,100544,-1,-1,-1,-1,-1,-1,-1,-1
SAMPLE,p00-baseline,moves,8,replayRead,537049,133616,-1,-1,-1,-1,-1,-1,-1,-1
SAMPLE,p00-baseline,moves,8,unchangedPublicDiff,131498,17704,-1,-1,-1,-1,-1,-1,-1,-1
SAMPLE,p00-baseline,moves,8,revisionCopy,9037377,3887760,-1,-1,-1,-1,-1,-1,-1,-1
SAMPLE,p00-baseline,restore,0,sourceMutationCommit,3241516,1299416,-1,-1,-1,-1,-1,-1,-1,-1
SAMPLE,p00-baseline,restore,0,publicCompactDiff,319896,35944,-1,-1,-1,-1,-1,-1,-1,-1
SAMPLE,p00-baseline,restore,0,publicMaterializedDiff,167610,35888,-1,-1,-1,-1,-1,-1,-1,-1
SAMPLE,p00-baseline,restore,0,replayRead,202926,48216,-1,-1,-1,-1,-1,-1,-1,-1
SAMPLE,p00-baseline,restore,0,restorationPublicDiff,421278,45352,-1,-1,-1,-1,-1,-1,-1,-1
SAMPLE,p00-baseline,restore,0,revisionCopy,9951655,3968472,-1,-1,-1,-1,-1,-1,-1,-1
SAMPLE,p00-baseline,restore,1,sourceMutationCommit,2886031,1297272,-1,-1,-1,-1,-1,-1,-1,-1
SAMPLE,p00-baseline,restore,1,publicCompactDiff,294921,35688,-1,-1,-1,-1,-1,-1,-1,-1
SAMPLE,p00-baseline,restore,1,publicMaterializedDiff,150299,35632,-1,-1,-1,-1,-1,-1,-1,-1
SAMPLE,p00-baseline,restore,1,replayRead,177282,47832,-1,-1,-1,-1,-1,-1,-1,-1
SAMPLE,p00-baseline,restore,1,restorationPublicDiff,225159,44904,-1,-1,-1,-1,-1,-1,-1,-1
SAMPLE,p00-baseline,restore,1,revisionCopy,10545432,3961264,-1,-1,-1,-1,-1,-1,-1,-1
SAMPLE,p00-baseline,restore,2,sourceMutationCommit,2718919,1297712,-1,-1,-1,-1,-1,-1,-1,-1
SAMPLE,p00-baseline,restore,2,publicCompactDiff,251563,35688,-1,-1,-1,-1,-1,-1,-1,-1
SAMPLE,p00-baseline,restore,2,publicMaterializedDiff,173292,35632,-1,-1,-1,-1,-1,-1,-1,-1
SAMPLE,p00-baseline,restore,2,replayRead,185964,47832,-1,-1,-1,-1,-1,-1,-1,-1
SAMPLE,p00-baseline,restore,2,restorationPublicDiff,246131,44904,-1,-1,-1,-1,-1,-1,-1,-1
SAMPLE,p00-baseline,restore,2,revisionCopy,12335206,3961112,-1,-1,-1,-1,-1,-1,-1,-1
SAMPLE,p00-baseline,restore,3,sourceMutationCommit,3444019,1297424,-1,-1,-1,-1,-1,-1,-1,-1
SAMPLE,p00-baseline,restore,3,publicCompactDiff,338022,35688,-1,-1,-1,-1,-1,-1,-1,-1
SAMPLE,p00-baseline,restore,3,publicMaterializedDiff,224049,35632,-1,-1,-1,-1,-1,-1,-1,-1
SAMPLE,p00-baseline,restore,3,replayRead,220675,47832,-1,-1,-1,-1,-1,-1,-1,-1
SAMPLE,p00-baseline,restore,3,restorationPublicDiff,246967,44904,-1,-1,-1,-1,-1,-1,-1,-1
SAMPLE,p00-baseline,restore,3,revisionCopy,9597898,3961264,-1,-1,-1,-1,-1,-1,-1,-1
SAMPLE,p00-baseline,restore,4,sourceMutationCommit,2992809,1297304,-1,-1,-1,-1,-1,-1,-1,-1
SAMPLE,p00-baseline,restore,4,publicCompactDiff,341317,35688,-1,-1,-1,-1,-1,-1,-1,-1
SAMPLE,p00-baseline,restore,4,publicMaterializedDiff,174091,35632,-1,-1,-1,-1,-1,-1,-1,-1
SAMPLE,p00-baseline,restore,4,replayRead,173773,47832,-1,-1,-1,-1,-1,-1,-1,-1
SAMPLE,p00-baseline,restore,4,restorationPublicDiff,391204,44904,-1,-1,-1,-1,-1,-1,-1,-1
SAMPLE,p00-baseline,restore,4,revisionCopy,10432247,3960912,-1,-1,-1,-1,-1,-1,-1,-1
SAMPLE,p00-baseline,restore,5,sourceMutationCommit,2753421,1297664,-1,-1,-1,-1,-1,-1,-1,-1
SAMPLE,p00-baseline,restore,5,publicCompactDiff,268594,35688,-1,-1,-1,-1,-1,-1,-1,-1
SAMPLE,p00-baseline,restore,5,publicMaterializedDiff,137948,35632,-1,-1,-1,-1,-1,-1,-1,-1
SAMPLE,p00-baseline,restore,5,replayRead,186218,47832,-1,-1,-1,-1,-1,-1,-1,-1
SAMPLE,p00-baseline,restore,5,restorationPublicDiff,213471,44904,-1,-1,-1,-1,-1,-1,-1,-1
SAMPLE,p00-baseline,restore,5,revisionCopy,9146132,3961320,-1,-1,-1,-1,-1,-1,-1,-1
SAMPLE,p00-baseline,restore,6,sourceMutationCommit,3232026,1296960,-1,-1,-1,-1,-1,-1,-1,-1
SAMPLE,p00-baseline,restore,6,publicCompactDiff,290641,35688,-1,-1,-1,-1,-1,-1,-1,-1
SAMPLE,p00-baseline,restore,6,publicMaterializedDiff,211133,35632,-1,-1,-1,-1,-1,-1,-1,-1
SAMPLE,p00-baseline,restore,6,replayRead,192116,47832,-1,-1,-1,-1,-1,-1,-1,-1
SAMPLE,p00-baseline,restore,6,restorationPublicDiff,276225,44904,-1,-1,-1,-1,-1,-1,-1,-1
SAMPLE,p00-baseline,restore,6,revisionCopy,10584599,3961240,-1,-1,-1,-1,-1,-1,-1,-1
SAMPLE,p00-baseline,restore,7,sourceMutationCommit,2677662,1297184,-1,-1,-1,-1,-1,-1,-1,-1
SAMPLE,p00-baseline,restore,7,publicCompactDiff,287218,35688,-1,-1,-1,-1,-1,-1,-1,-1
SAMPLE,p00-baseline,restore,7,publicMaterializedDiff,138074,35632,-1,-1,-1,-1,-1,-1,-1,-1
SAMPLE,p00-baseline,restore,7,replayRead,186115,47832,-1,-1,-1,-1,-1,-1,-1,-1
SAMPLE,p00-baseline,restore,7,restorationPublicDiff,230167,44904,-1,-1,-1,-1,-1,-1,-1,-1
SAMPLE,p00-baseline,restore,7,revisionCopy,11473860,3961408,-1,-1,-1,-1,-1,-1,-1,-1
SAMPLE,p00-baseline,restore,8,sourceMutationCommit,2982186,1297192,-1,-1,-1,-1,-1,-1,-1,-1
SAMPLE,p00-baseline,restore,8,publicCompactDiff,272389,35688,-1,-1,-1,-1,-1,-1,-1,-1
SAMPLE,p00-baseline,restore,8,publicMaterializedDiff,156560,35632,-1,-1,-1,-1,-1,-1,-1,-1
SAMPLE,p00-baseline,restore,8,replayRead,192593,47832,-1,-1,-1,-1,-1,-1,-1,-1
SAMPLE,p00-baseline,restore,8,restorationPublicDiff,271587,44904,-1,-1,-1,-1,-1,-1,-1,-1
SAMPLE,p00-baseline,restore,8,revisionCopy,11168380,3960568,-1,-1,-1,-1,-1,-1,-1,-1
END,p00-baseline,sink=555
# [StorageProfile] dump called: enabled=false byKind.size=0
