ADMITTED,2026-10-05T22:42:36Z
WARNING: Using incubator modules: jdk.incubator.vector
RUN,p00-candidate,pid=3006851,java=25.0.3,identity=true,warmups=8,samples=9
JVM,p00-candidate,maxHeap=3221225472,arguments=[-XX:ThreadPriorityPolicy=1, -XX:+UnlockExperimentalVMOptions, -XX:+EnableJVMCIProduct, -XX:+EnableJVMCI, -XX:-UnlockExperimentalVMOptions, -ea, -Xms512m, -Xmx3g, --add-opens=java.base/sun.nio.ch=ALL-UNNAMED, --add-opens=java.base/java.nio=ALL-UNNAMED, --add-modules=jdk.incubator.vector, --enable-native-access=ALL-UNNAMED, -XX:+EnableDynamicAgentLoading, -XX:+UnlockDiagnosticVMOptions, -XX:+DebugNonSafepoints, --add-modules=jdk.incubator.vector, -Dfile.encoding=UTF-8, -Djava.io.tmpdir=/home/johannes/.treehouse/sirix-cdde48/20/sirix/build/replay/tmp, -Dlogback.configurationFile=/home/johannes/.treehouse/sirix-cdde48/20/sirix/build/replay/latency/quiet.xml, -Dsirix.replay.workDiag=false, -Dsirix.hot.mergeDiag=false, -Dsirix.replay.bench.scenarios=unchanged,deep,moves,restore]
COLUMNS,label,scenario,iteration,metric,nanos,threadAllocatedBytes,recordVisits,createdIdentities,stagedRecords,ancestorSteps,sidecarReads,fallbackPages,pathSteps,bookkeepingOperations
WARNING: A terminally deprecated method in sun.misc.Unsafe has been called
WARNING: sun.misc.Unsafe::arrayBaseOffset has been called by net.openhft.hashing.UnsafeAccess (file:/home/johannes/.gradle/caches/modules-2/files-2.1/net.openhft/zero-allocation-hashing/2026.0/2447494f7842ca377b4ccdba2089a8da5c1d1b50/zero-allocation-hashing-2026.0.jar)
WARNING: Please consider reporting this to the maintainers of class net.openhft.hashing.UnsafeAccess
WARNING: sun.misc.Unsafe::arrayBaseOffset will be removed in a future release
SAMPLE,p00-candidate,unchanged,0,bulkAppendCommit,6104600,1447640,-1,-1,-1,-1,-1,-1,-1,-1
SAMPLE,p00-candidate,unchanged,0,publicCompactDiff,30537165,5778088,-1,-1,-1,-1,-1,-1,-1,-1
SAMPLE,p00-candidate,unchanged,0,publicMaterializedDiff,13526241,5713936,-1,-1,-1,-1,-1,-1,-1,-1
SAMPLE,p00-candidate,unchanged,0,replayRead,2273826,623432,-1,-1,-1,-1,-1,-1,-1,-1
SAMPLE,p00-candidate,unchanged,0,unchangedPublicDiff,343421,17336,-1,-1,-1,-1,-1,-1,-1,-1
SAMPLE,p00-candidate,unchanged,0,revisionCopy,140165245,34662128,-1,-1,-1,-1,-1,-1,-1,-1
SAMPLE,p00-candidate,unchanged,1,bulkAppendCommit,5535008,1446960,-1,-1,-1,-1,-1,-1,-1,-1
SAMPLE,p00-candidate,unchanged,1,publicCompactDiff,29263368,5778024,-1,-1,-1,-1,-1,-1,-1,-1
SAMPLE,p00-candidate,unchanged,1,publicMaterializedDiff,13059252,5713872,-1,-1,-1,-1,-1,-1,-1,-1
SAMPLE,p00-candidate,unchanged,1,replayRead,2251564,623400,-1,-1,-1,-1,-1,-1,-1,-1
SAMPLE,p00-candidate,unchanged,1,unchangedPublicDiff,343750,17272,-1,-1,-1,-1,-1,-1,-1,-1
SAMPLE,p00-candidate,unchanged,1,revisionCopy,147484110,34548648,-1,-1,-1,-1,-1,-1,-1,-1
SAMPLE,p00-candidate,unchanged,2,bulkAppendCommit,6072183,1447376,-1,-1,-1,-1,-1,-1,-1,-1
SAMPLE,p00-candidate,unchanged,2,publicCompactDiff,30349901,5778088,-1,-1,-1,-1,-1,-1,-1,-1
SAMPLE,p00-candidate,unchanged,2,publicMaterializedDiff,13598266,5713936,-1,-1,-1,-1,-1,-1,-1,-1
SAMPLE,p00-candidate,unchanged,2,replayRead,2474157,623432,-1,-1,-1,-1,-1,-1,-1,-1
SAMPLE,p00-candidate,unchanged,2,unchangedPublicDiff,441565,17336,-1,-1,-1,-1,-1,-1,-1,-1
SAMPLE,p00-candidate,unchanged,2,revisionCopy,152674942,34626664,-1,-1,-1,-1,-1,-1,-1,-1
SAMPLE,p00-candidate,unchanged,3,bulkAppendCommit,6288420,1446784,-1,-1,-1,-1,-1,-1,-1,-1
SAMPLE,p00-candidate,unchanged,3,publicCompactDiff,41348815,5778024,-1,-1,-1,-1,-1,-1,-1,-1
SAMPLE,p00-candidate,unchanged,3,publicMaterializedDiff,13167279,5713872,-1,-1,-1,-1,-1,-1,-1,-1
SAMPLE,p00-candidate,unchanged,3,replayRead,2243249,623400,-1,-1,-1,-1,-1,-1,-1,-1
SAMPLE,p00-candidate,unchanged,3,unchangedPublicDiff,276525,17272,-1,-1,-1,-1,-1,-1,-1,-1
SAMPLE,p00-candidate,unchanged,3,revisionCopy,118759455,33892440,-1,-1,-1,-1,-1,-1,-1,-1
SAMPLE,p00-candidate,unchanged,4,bulkAppendCommit,5774350,1447656,-1,-1,-1,-1,-1,-1,-1,-1
SAMPLE,p00-candidate,unchanged,4,publicCompactDiff,28403264,5778088,-1,-1,-1,-1,-1,-1,-1,-1
SAMPLE,p00-candidate,unchanged,4,publicMaterializedDiff,13671240,5713936,-1,-1,-1,-1,-1,-1,-1,-1
SAMPLE,p00-candidate,unchanged,4,replayRead,2112080,623432,-1,-1,-1,-1,-1,-1,-1,-1
SAMPLE,p00-candidate,unchanged,4,unchangedPublicDiff,446606,17336,-1,-1,-1,-1,-1,-1,-1,-1
SAMPLE,p00-candidate,unchanged,4,revisionCopy,116544622,33594856,-1,-1,-1,-1,-1,-1,-1,-1
SAMPLE,p00-candidate,unchanged,5,bulkAppendCommit,5183931,1446144,-1,-1,-1,-1,-1,-1,-1,-1
SAMPLE,p00-candidate,unchanged,5,publicCompactDiff,28874987,5778088,-1,-1,-1,-1,-1,-1,-1,-1
SAMPLE,p00-candidate,unchanged,5,publicMaterializedDiff,12730250,5713936,-1,-1,-1,-1,-1,-1,-1,-1
SAMPLE,p00-candidate,unchanged,5,replayRead,2279748,623432,-1,-1,-1,-1,-1,-1,-1,-1
SAMPLE,p00-candidate,unchanged,5,unchangedPublicDiff,287555,17336,-1,-1,-1,-1,-1,-1,-1,-1
SAMPLE,p00-candidate,unchanged,5,revisionCopy,109987063,33616000,-1,-1,-1,-1,-1,-1,-1,-1
SAMPLE,p00-candidate,unchanged,6,bulkAppendCommit,5569706,1446576,-1,-1,-1,-1,-1,-1,-1,-1
SAMPLE,p00-candidate,unchanged,6,publicCompactDiff,28726314,5778088,-1,-1,-1,-1,-1,-1,-1,-1
SAMPLE,p00-candidate,unchanged,6,publicMaterializedDiff,12467884,5714184,-1,-1,-1,-1,-1,-1,-1,-1
SAMPLE,p00-candidate,unchanged,6,replayRead,2155938,623432,-1,-1,-1,-1,-1,-1,-1,-1
SAMPLE,p00-candidate,unchanged,6,unchangedPublicDiff,298716,17336,-1,-1,-1,-1,-1,-1,-1,-1
SAMPLE,p00-candidate,unchanged,6,revisionCopy,101567043,33800632,-1,-1,-1,-1,-1,-1,-1,-1
SAMPLE,p00-candidate,unchanged,7,bulkAppendCommit,6313712,1446616,-1,-1,-1,-1,-1,-1,-1,-1
SAMPLE,p00-candidate,unchanged,7,publicCompactDiff,33139743,5778024,-1,-1,-1,-1,-1,-1,-1,-1
SAMPLE,p00-candidate,unchanged,7,publicMaterializedDiff,13060001,5716472,-1,-1,-1,-1,-1,-1,-1,-1
SAMPLE,p00-candidate,unchanged,7,replayRead,2696419,623400,-1,-1,-1,-1,-1,-1,-1,-1
SAMPLE,p00-candidate,unchanged,7,unchangedPublicDiff,446557,17272,-1,-1,-1,-1,-1,-1,-1,-1
SAMPLE,p00-candidate,unchanged,7,revisionCopy,99862321,33886088,-1,-1,-1,-1,-1,-1,-1,-1
SAMPLE,p00-candidate,unchanged,8,bulkAppendCommit,5782205,1446224,-1,-1,-1,-1,-1,-1,-1,-1
SAMPLE,p00-candidate,unchanged,8,publicCompactDiff,32347811,5775560,-1,-1,-1,-1,-1,-1,-1,-1
SAMPLE,p00-candidate,unchanged,8,publicMaterializedDiff,14908381,5713696,-1,-1,-1,-1,-1,-1,-1,-1
SAMPLE,p00-candidate,unchanged,8,replayRead,2144580,623208,-1,-1,-1,-1,-1,-1,-1,-1
SAMPLE,p00-candidate,unchanged,8,unchangedPublicDiff,325198,17096,-1,-1,-1,-1,-1,-1,-1,-1
SAMPLE,p00-candidate,unchanged,8,revisionCopy,93730327,33768912,-1,-1,-1,-1,-1,-1,-1,-1
SAMPLE,p00-candidate,deep,0,bulkAppendCommit,6902257,1872800,-1,-1,-1,-1,-1,-1,-1,-1
SAMPLE,p00-candidate,deep,0,publicCompactDiff,1416919,372648,-1,-1,-1,-1,-1,-1,-1,-1
SAMPLE,p00-candidate,deep,0,publicMaterializedDiff,1254004,372592,-1,-1,-1,-1,-1,-1,-1,-1
SAMPLE,p00-candidate,deep,0,replayRead,590603,62104,-1,-1,-1,-1,-1,-1,-1,-1
SAMPLE,p00-candidate,deep,0,unchangedPublicDiff,266712,17552,-1,-1,-1,-1,-1,-1,-1,-1
SAMPLE,p00-candidate,deep,0,revisionCopy,11990558,4429400,-1,-1,-1,-1,-1,-1,-1,-1
SAMPLE,p00-candidate,deep,1,bulkAppendCommit,5050513,1873184,-1,-1,-1,-1,-1,-1,-1,-1
SAMPLE,p00-candidate,deep,1,publicCompactDiff,816467,372648,-1,-1,-1,-1,-1,-1,-1,-1
SAMPLE,p00-candidate,deep,1,publicMaterializedDiff,639301,372592,-1,-1,-1,-1,-1,-1,-1,-1
SAMPLE,p00-candidate,deep,1,replayRead,344715,62104,-1,-1,-1,-1,-1,-1,-1,-1
SAMPLE,p00-candidate,deep,1,unchangedPublicDiff,121090,17552,-1,-1,-1,-1,-1,-1,-1,-1
SAMPLE,p00-candidate,deep,1,revisionCopy,11142818,4433000,-1,-1,-1,-1,-1,-1,-1,-1
SAMPLE,p00-candidate,deep,2,bulkAppendCommit,4033582,1873144,-1,-1,-1,-1,-1,-1,-1,-1
SAMPLE,p00-candidate,deep,2,publicCompactDiff,727909,372648,-1,-1,-1,-1,-1,-1,-1,-1
SAMPLE,p00-candidate,deep,2,publicMaterializedDiff,737631,372592,-1,-1,-1,-1,-1,-1,-1,-1
SAMPLE,p00-candidate,deep,2,replayRead,319456,62104,-1,-1,-1,-1,-1,-1,-1,-1
SAMPLE,p00-candidate,deep,2,unchangedPublicDiff,116762,17552,-1,-1,-1,-1,-1,-1,-1,-1
SAMPLE,p00-candidate,deep,2,revisionCopy,11966902,4439872,-1,-1,-1,-1,-1,-1,-1,-1
SAMPLE,p00-candidate,deep,3,bulkAppendCommit,5118404,1873184,-1,-1,-1,-1,-1,-1,-1,-1
SAMPLE,p00-candidate,deep,3,publicCompactDiff,784565,372648,-1,-1,-1,-1,-1,-1,-1,-1
SAMPLE,p00-candidate,deep,3,publicMaterializedDiff,661732,372592,-1,-1,-1,-1,-1,-1,-1,-1
SAMPLE,p00-candidate,deep,3,replayRead,323894,62104,-1,-1,-1,-1,-1,-1,-1,-1
SAMPLE,p00-candidate,deep,3,unchangedPublicDiff,119619,17552,-1,-1,-1,-1,-1,-1,-1,-1
SAMPLE,p00-candidate,deep,3,revisionCopy,9370461,4437264,-1,-1,-1,-1,-1,-1,-1,-1
SAMPLE,p00-candidate,deep,4,bulkAppendCommit,4584324,1873296,-1,-1,-1,-1,-1,-1,-1,-1
SAMPLE,p00-candidate,deep,4,publicCompactDiff,698220,372648,-1,-1,-1,-1,-1,-1,-1,-1
SAMPLE,p00-candidate,deep,4,publicMaterializedDiff,630970,372592,-1,-1,-1,-1,-1,-1,-1,-1
SAMPLE,p00-candidate,deep,4,replayRead,312823,62104,-1,-1,-1,-1,-1,-1,-1,-1
SAMPLE,p00-candidate,deep,4,unchangedPublicDiff,104841,17552,-1,-1,-1,-1,-1,-1,-1,-1
SAMPLE,p00-candidate,deep,4,revisionCopy,9336896,4437280,-1,-1,-1,-1,-1,-1,-1,-1
SAMPLE,p00-candidate,deep,5,bulkAppendCommit,4352577,1873048,-1,-1,-1,-1,-1,-1,-1,-1
SAMPLE,p00-candidate,deep,5,publicCompactDiff,774554,372648,-1,-1,-1,-1,-1,-1,-1,-1
SAMPLE,p00-candidate,deep,5,publicMaterializedDiff,678806,372592,-1,-1,-1,-1,-1,-1,-1,-1
SAMPLE,p00-candidate,deep,5,replayRead,286861,62104,-1,-1,-1,-1,-1,-1,-1,-1
SAMPLE,p00-candidate,deep,5,unchangedPublicDiff,112610,17552,-1,-1,-1,-1,-1,-1,-1,-1
SAMPLE,p00-candidate,deep,5,revisionCopy,9903075,4437792,-1,-1,-1,-1,-1,-1,-1,-1
SAMPLE,p00-candidate,deep,6,bulkAppendCommit,4042878,1873248,-1,-1,-1,-1,-1,-1,-1,-1
SAMPLE,p00-candidate,deep,6,publicCompactDiff,742736,372648,-1,-1,-1,-1,-1,-1,-1,-1
SAMPLE,p00-candidate,deep,6,publicMaterializedDiff,578820,372592,-1,-1,-1,-1,-1,-1,-1,-1
SAMPLE,p00-candidate,deep,6,replayRead,263762,62104,-1,-1,-1,-1,-1,-1,-1,-1
SAMPLE,p00-candidate,deep,6,unchangedPublicDiff,107145,17552,-1,-1,-1,-1,-1,-1,-1,-1
SAMPLE,p00-candidate,deep,6,revisionCopy,9530534,4436952,-1,-1,-1,-1,-1,-1,-1,-1
SAMPLE,p00-candidate,deep,7,bulkAppendCommit,4840707,1873080,-1,-1,-1,-1,-1,-1,-1,-1
SAMPLE,p00-candidate,deep,7,publicCompactDiff,719225,372648,-1,-1,-1,-1,-1,-1,-1,-1
SAMPLE,p00-candidate,deep,7,publicMaterializedDiff,619121,372592,-1,-1,-1,-1,-1,-1,-1,-1
SAMPLE,p00-candidate,deep,7,replayRead,279246,62104,-1,-1,-1,-1,-1,-1,-1,-1
SAMPLE,p00-candidate,deep,7,unchangedPublicDiff,116984,17552,-1,-1,-1,-1,-1,-1,-1,-1
SAMPLE,p00-candidate,deep,7,revisionCopy,10765083,4437136,-1,-1,-1,-1,-1,-1,-1,-1
SAMPLE,p00-candidate,deep,8,bulkAppendCommit,4627769,1873072,-1,-1,-1,-1,-1,-1,-1,-1
SAMPLE,p00-candidate,deep,8,publicCompactDiff,724856,372648,-1,-1,-1,-1,-1,-1,-1,-1
SAMPLE,p00-candidate,deep,8,publicMaterializedDiff,584198,372592,-1,-1,-1,-1,-1,-1,-1,-1
SAMPLE,p00-candidate,deep,8,replayRead,254063,62104,-1,-1,-1,-1,-1,-1,-1,-1
SAMPLE,p00-candidate,deep,8,unchangedPublicDiff,109884,17552,-1,-1,-1,-1,-1,-1,-1,-1
SAMPLE,p00-candidate,deep,8,revisionCopy,9643694,4437208,-1,-1,-1,-1,-1,-1,-1,-1
SAMPLE,p00-candidate,moves,0,sourceMutationCommit,3377379,1308848,-1,-1,-1,-1,-1,-1,-1,-1
SAMPLE,p00-candidate,moves,0,publicCompactDiff,416211,76568,-1,-1,-1,-1,-1,-1,-1,-1
SAMPLE,p00-candidate,moves,0,publicMaterializedDiff,454242,100096,-1,-1,-1,-1,-1,-1,-1,-1
SAMPLE,p00-candidate,moves,0,replayRead,156140,21624,-1,-1,-1,-1,-1,-1,-1,-1
SAMPLE,p00-candidate,moves,0,unchangedPublicDiff,154837,17512,-1,-1,-1,-1,-1,-1,-1,-1
SAMPLE,p00-candidate,moves,0,revisionCopy,8627003,3871664,-1,-1,-1,-1,-1,-1,-1,-1
SAMPLE,p00-candidate,moves,1,sourceMutationCommit,3318726,1308536,-1,-1,-1,-1,-1,-1,-1,-1
SAMPLE,p00-candidate,moves,1,publicCompactDiff,385565,76568,-1,-1,-1,-1,-1,-1,-1,-1
SAMPLE,p00-candidate,moves,1,publicMaterializedDiff,454086,100096,-1,-1,-1,-1,-1,-1,-1,-1
SAMPLE,p00-candidate,moves,1,replayRead,139881,21624,-1,-1,-1,-1,-1,-1,-1,-1
SAMPLE,p00-candidate,moves,1,unchangedPublicDiff,112129,17512,-1,-1,-1,-1,-1,-1,-1,-1
SAMPLE,p00-candidate,moves,1,revisionCopy,6924847,3871848,-1,-1,-1,-1,-1,-1,-1,-1
SAMPLE,p00-candidate,moves,2,sourceMutationCommit,4351108,1308728,-1,-1,-1,-1,-1,-1,-1,-1
SAMPLE,p00-candidate,moves,2,publicCompactDiff,452382,78000,-1,-1,-1,-1,-1,-1,-1,-1
SAMPLE,p00-candidate,moves,2,publicMaterializedDiff,455816,100096,-1,-1,-1,-1,-1,-1,-1,-1
SAMPLE,p00-candidate,moves,2,replayRead,138204,21624,-1,-1,-1,-1,-1,-1,-1,-1
SAMPLE,p00-candidate,moves,2,unchangedPublicDiff,108171,17512,-1,-1,-1,-1,-1,-1,-1,-1
SAMPLE,p00-candidate,moves,2,revisionCopy,7526665,3871080,-1,-1,-1,-1,-1,-1,-1,-1
SAMPLE,p00-candidate,moves,3,sourceMutationCommit,3185914,1308704,-1,-1,-1,-1,-1,-1,-1,-1
SAMPLE,p00-candidate,moves,3,publicCompactDiff,390656,76568,-1,-1,-1,-1,-1,-1,-1,-1
SAMPLE,p00-candidate,moves,3,publicMaterializedDiff,576876,100096,-1,-1,-1,-1,-1,-1,-1,-1
SAMPLE,p00-candidate,moves,3,replayRead,150286,21624,-1,-1,-1,-1,-1,-1,-1,-1
SAMPLE,p00-candidate,moves,3,unchangedPublicDiff,142202,17512,-1,-1,-1,-1,-1,-1,-1,-1
SAMPLE,p00-candidate,moves,3,revisionCopy,6843856,3871752,-1,-1,-1,-1,-1,-1,-1,-1
SAMPLE,p00-candidate,moves,4,sourceMutationCommit,3124395,1308536,-1,-1,-1,-1,-1,-1,-1,-1
SAMPLE,p00-candidate,moves,4,publicCompactDiff,396202,76568,-1,-1,-1,-1,-1,-1,-1,-1
SAMPLE,p00-candidate,moves,4,publicMaterializedDiff,555945,100096,-1,-1,-1,-1,-1,-1,-1,-1
SAMPLE,p00-candidate,moves,4,replayRead,146933,21624,-1,-1,-1,-1,-1,-1,-1,-1
SAMPLE,p00-candidate,moves,4,unchangedPublicDiff,109824,17512,-1,-1,-1,-1,-1,-1,-1,-1
SAMPLE,p00-candidate,moves,4,revisionCopy,6894518,3870032,-1,-1,-1,-1,-1,-1,-1,-1
SAMPLE,p00-candidate,moves,5,sourceMutationCommit,2818878,1308600,-1,-1,-1,-1,-1,-1,-1,-1
SAMPLE,p00-candidate,moves,5,publicCompactDiff,381137,76568,-1,-1,-1,-1,-1,-1,-1,-1
SAMPLE,p00-candidate,moves,5,publicMaterializedDiff,423661,100096,-1,-1,-1,-1,-1,-1,-1,-1
SAMPLE,p00-candidate,moves,5,replayRead,132713,21624,-1,-1,-1,-1,-1,-1,-1,-1
SAMPLE,p00-candidate,moves,5,unchangedPublicDiff,109600,17512,-1,-1,-1,-1,-1,-1,-1,-1
SAMPLE,p00-candidate,moves,5,revisionCopy,7553630,3870992,-1,-1,-1,-1,-1,-1,-1,-1
SAMPLE,p00-candidate,moves,6,sourceMutationCommit,2931907,1308536,-1,-1,-1,-1,-1,-1,-1,-1
SAMPLE,p00-candidate,moves,6,publicCompactDiff,383448,76568,-1,-1,-1,-1,-1,-1,-1,-1
SAMPLE,p00-candidate,moves,6,publicMaterializedDiff,409997,100096,-1,-1,-1,-1,-1,-1,-1,-1
SAMPLE,p00-candidate,moves,6,replayRead,134884,21624,-1,-1,-1,-1,-1,-1,-1,-1
SAMPLE,p00-candidate,moves,6,unchangedPublicDiff,113206,17512,-1,-1,-1,-1,-1,-1,-1,-1
SAMPLE,p00-candidate,moves,6,revisionCopy,7626609,3869896,-1,-1,-1,-1,-1,-1,-1,-1
SAMPLE,p00-candidate,moves,7,sourceMutationCommit,2924169,1308536,-1,-1,-1,-1,-1,-1,-1,-1
SAMPLE,p00-candidate,moves,7,publicCompactDiff,403301,76568,-1,-1,-1,-1,-1,-1,-1,-1
SAMPLE,p00-candidate,moves,7,publicMaterializedDiff,454162,100096,-1,-1,-1,-1,-1,-1,-1,-1
SAMPLE,p00-candidate,moves,7,replayRead,139379,21624,-1,-1,-1,-1,-1,-1,-1,-1
SAMPLE,p00-candidate,moves,7,unchangedPublicDiff,134886,17512,-1,-1,-1,-1,-1,-1,-1,-1
SAMPLE,p00-candidate,moves,7,revisionCopy,8172795,3871272,-1,-1,-1,-1,-1,-1,-1,-1
SAMPLE,p00-candidate,moves,8,sourceMutationCommit,3123827,1308664,-1,-1,-1,-1,-1,-1,-1,-1
SAMPLE,p00-candidate,moves,8,publicCompactDiff,410543,76568,-1,-1,-1,-1,-1,-1,-1,-1
SAMPLE,p00-candidate,moves,8,publicMaterializedDiff,512333,100096,-1,-1,-1,-1,-1,-1,-1,-1
SAMPLE,p00-candidate,moves,8,replayRead,204912,21624,-1,-1,-1,-1,-1,-1,-1,-1
SAMPLE,p00-candidate,moves,8,unchangedPublicDiff,180975,17512,-1,-1,-1,-1,-1,-1,-1,-1
SAMPLE,p00-candidate,moves,8,revisionCopy,6728184,3875432,-1,-1,-1,-1,-1,-1,-1,-1
SAMPLE,p00-candidate,restore,0,sourceMutationCommit,6003713,1302448,-1,-1,-1,-1,-1,-1,-1,-1
SAMPLE,p00-candidate,restore,0,publicCompactDiff,340628,35728,-1,-1,-1,-1,-1,-1,-1,-1
SAMPLE,p00-candidate,restore,0,publicMaterializedDiff,156841,35672,-1,-1,-1,-1,-1,-1,-1,-1
SAMPLE,p00-candidate,restore,0,replayRead,198970,18392,-1,-1,-1,-1,-1,-1,-1,-1
SAMPLE,p00-candidate,restore,0,restorationPublicDiff,337495,44944,-1,-1,-1,-1,-1,-1,-1,-1
SAMPLE,p00-candidate,restore,0,revisionCopy,9286955,3925496,-1,-1,-1,-1,-1,-1,-1,-1
SAMPLE,p00-candidate,restore,1,sourceMutationCommit,2749414,1301976,-1,-1,-1,-1,-1,-1,-1,-1
SAMPLE,p00-candidate,restore,1,publicCompactDiff,274988,35728,-1,-1,-1,-1,-1,-1,-1,-1
SAMPLE,p00-candidate,restore,1,publicMaterializedDiff,143050,35672,-1,-1,-1,-1,-1,-1,-1,-1
SAMPLE,p00-candidate,restore,1,replayRead,160999,18392,-1,-1,-1,-1,-1,-1,-1,-1
SAMPLE,p00-candidate,restore,1,restorationPublicDiff,268323,44944,-1,-1,-1,-1,-1,-1,-1,-1
SAMPLE,p00-candidate,restore,1,revisionCopy,11763046,3925544,-1,-1,-1,-1,-1,-1,-1,-1
SAMPLE,p00-candidate,restore,2,sourceMutationCommit,3361940,1301928,-1,-1,-1,-1,-1,-1,-1,-1
SAMPLE,p00-candidate,restore,2,publicCompactDiff,744766,35728,-1,-1,-1,-1,-1,-1,-1,-1
SAMPLE,p00-candidate,restore,2,publicMaterializedDiff,360073,35672,-1,-1,-1,-1,-1,-1,-1,-1
SAMPLE,p00-candidate,restore,2,replayRead,182308,18392,-1,-1,-1,-1,-1,-1,-1,-1
SAMPLE,p00-candidate,restore,2,restorationPublicDiff,290470,44944,-1,-1,-1,-1,-1,-1,-1,-1
SAMPLE,p00-candidate,restore,2,revisionCopy,9708336,3926192,-1,-1,-1,-1,-1,-1,-1,-1
SAMPLE,p00-candidate,restore,3,sourceMutationCommit,4418980,1302216,-1,-1,-1,-1,-1,-1,-1,-1
SAMPLE,p00-candidate,restore,3,publicCompactDiff,521536,35728,-1,-1,-1,-1,-1,-1,-1,-1
SAMPLE,p00-candidate,restore,3,publicMaterializedDiff,305786,35672,-1,-1,-1,-1,-1,-1,-1,-1
SAMPLE,p00-candidate,restore,3,replayRead,240445,18392,-1,-1,-1,-1,-1,-1,-1,-1
SAMPLE,p00-candidate,restore,3,restorationPublicDiff,487749,44944,-1,-1,-1,-1,-1,-1,-1,-1
SAMPLE,p00-candidate,restore,3,revisionCopy,10180097,3925984,-1,-1,-1,-1,-1,-1,-1,-1
SAMPLE,p00-candidate,restore,4,sourceMutationCommit,3796945,1302216,-1,-1,-1,-1,-1,-1,-1,-1
SAMPLE,p00-candidate,restore,4,publicCompactDiff,632934,35728,-1,-1,-1,-1,-1,-1,-1,-1
SAMPLE,p00-candidate,restore,4,publicMaterializedDiff,253197,35672,-1,-1,-1,-1,-1,-1,-1,-1
SAMPLE,p00-candidate,restore,4,replayRead,218698,18392,-1,-1,-1,-1,-1,-1,-1,-1
SAMPLE,p00-candidate,restore,4,restorationPublicDiff,377660,44944,-1,-1,-1,-1,-1,-1,-1,-1
SAMPLE,p00-candidate,restore,4,revisionCopy,9145801,3926576,-1,-1,-1,-1,-1,-1,-1,-1
SAMPLE,p00-candidate,restore,5,sourceMutationCommit,2844051,1302216,-1,-1,-1,-1,-1,-1,-1,-1
SAMPLE,p00-candidate,restore,5,publicCompactDiff,299549,35728,-1,-1,-1,-1,-1,-1,-1,-1
SAMPLE,p00-candidate,restore,5,publicMaterializedDiff,138003,35672,-1,-1,-1,-1,-1,-1,-1,-1
SAMPLE,p00-candidate,restore,5,replayRead,161326,18392,-1,-1,-1,-1,-1,-1,-1,-1
SAMPLE,p00-candidate,restore,5,restorationPublicDiff,248527,44944,-1,-1,-1,-1,-1,-1,-1,-1
SAMPLE,p00-candidate,restore,5,revisionCopy,8151979,3927408,-1,-1,-1,-1,-1,-1,-1,-1
SAMPLE,p00-candidate,restore,6,sourceMutationCommit,3307219,1302448,-1,-1,-1,-1,-1,-1,-1,-1
SAMPLE,p00-candidate,restore,6,publicCompactDiff,374604,35728,-1,-1,-1,-1,-1,-1,-1,-1
SAMPLE,p00-candidate,restore,6,publicMaterializedDiff,213757,35672,-1,-1,-1,-1,-1,-1,-1,-1
SAMPLE,p00-candidate,restore,6,replayRead,281938,18392,-1,-1,-1,-1,-1,-1,-1,-1
SAMPLE,p00-candidate,restore,6,restorationPublicDiff,328394,44944,-1,-1,-1,-1,-1,-1,-1,-1
SAMPLE,p00-candidate,restore,6,revisionCopy,7987627,3927104,-1,-1,-1,-1,-1,-1,-1,-1
SAMPLE,p00-candidate,restore,7,sourceMutationCommit,2980149,1302560,-1,-1,-1,-1,-1,-1,-1,-1
SAMPLE,p00-candidate,restore,7,publicCompactDiff,349903,35728,-1,-1,-1,-1,-1,-1,-1,-1
SAMPLE,p00-candidate,restore,7,publicMaterializedDiff,146580,35672,-1,-1,-1,-1,-1,-1,-1,-1
SAMPLE,p00-candidate,restore,7,replayRead,188523,18392,-1,-1,-1,-1,-1,-1,-1,-1
SAMPLE,p00-candidate,restore,7,restorationPublicDiff,285695,44944,-1,-1,-1,-1,-1,-1,-1,-1
SAMPLE,p00-candidate,restore,7,revisionCopy,7850563,3926816,-1,-1,-1,-1,-1,-1,-1,-1
SAMPLE,p00-candidate,restore,8,sourceMutationCommit,2743153,1302384,-1,-1,-1,-1,-1,-1,-1,-1
SAMPLE,p00-candidate,restore,8,publicCompactDiff,267814,35728,-1,-1,-1,-1,-1,-1,-1,-1
SAMPLE,p00-candidate,restore,8,publicMaterializedDiff,139254,35672,-1,-1,-1,-1,-1,-1,-1,-1
SAMPLE,p00-candidate,restore,8,replayRead,177438,18392,-1,-1,-1,-1,-1,-1,-1,-1
SAMPLE,p00-candidate,restore,8,restorationPublicDiff,326276,44944,-1,-1,-1,-1,-1,-1,-1,-1
SAMPLE,p00-candidate,restore,8,revisionCopy,7179458,3926752,-1,-1,-1,-1,-1,-1,-1,-1
END,p00-candidate,sink=415483942
# [StorageProfile] dump called: enabled=false byKind.size=0
