ADMITTED,2026-10-05T22:42:47Z
WARNING: Using incubator modules: jdk.incubator.vector
RUN,p01-candidate,pid=3009166,java=25.0.3,identity=true,warmups=8,samples=9
JVM,p01-candidate,maxHeap=3221225472,arguments=[-XX:ThreadPriorityPolicy=1, -XX:+UnlockExperimentalVMOptions, -XX:+EnableJVMCIProduct, -XX:+EnableJVMCI, -XX:-UnlockExperimentalVMOptions, -ea, -Xms512m, -Xmx3g, --add-opens=java.base/sun.nio.ch=ALL-UNNAMED, --add-opens=java.base/java.nio=ALL-UNNAMED, --add-modules=jdk.incubator.vector, --enable-native-access=ALL-UNNAMED, -XX:+EnableDynamicAgentLoading, -XX:+UnlockDiagnosticVMOptions, -XX:+DebugNonSafepoints, --add-modules=jdk.incubator.vector, -Dfile.encoding=UTF-8, -Djava.io.tmpdir=/home/johannes/.treehouse/sirix-cdde48/20/sirix/build/replay/tmp, -Dlogback.configurationFile=/home/johannes/.treehouse/sirix-cdde48/20/sirix/build/replay/latency/quiet.xml, -Dsirix.replay.workDiag=false, -Dsirix.hot.mergeDiag=false, -Dsirix.replay.bench.scenarios=unchanged,deep,moves,restore]
COLUMNS,label,scenario,iteration,metric,nanos,threadAllocatedBytes,recordVisits,createdIdentities,stagedRecords,ancestorSteps,sidecarReads,fallbackPages,pathSteps,bookkeepingOperations
WARNING: A terminally deprecated method in sun.misc.Unsafe has been called
WARNING: sun.misc.Unsafe::arrayBaseOffset has been called by net.openhft.hashing.UnsafeAccess (file:/home/johannes/.gradle/caches/modules-2/files-2.1/net.openhft/zero-allocation-hashing/2026.0/2447494f7842ca377b4ccdba2089a8da5c1d1b50/zero-allocation-hashing-2026.0.jar)
WARNING: Please consider reporting this to the maintainers of class net.openhft.hashing.UnsafeAccess
WARNING: sun.misc.Unsafe::arrayBaseOffset will be removed in a future release
SAMPLE,p01-candidate,unchanged,0,bulkAppendCommit,8581225,1447640,-1,-1,-1,-1,-1,-1,-1,-1
SAMPLE,p01-candidate,unchanged,0,publicCompactDiff,33974792,5778088,-1,-1,-1,-1,-1,-1,-1,-1
SAMPLE,p01-candidate,unchanged,0,publicMaterializedDiff,15267382,5713936,-1,-1,-1,-1,-1,-1,-1,-1
SAMPLE,p01-candidate,unchanged,0,replayRead,2904157,623432,-1,-1,-1,-1,-1,-1,-1,-1
SAMPLE,p01-candidate,unchanged,0,unchangedPublicDiff,987908,17336,-1,-1,-1,-1,-1,-1,-1,-1
SAMPLE,p01-candidate,unchanged,0,revisionCopy,149006189,35537680,-1,-1,-1,-1,-1,-1,-1,-1
SAMPLE,p01-candidate,unchanged,1,bulkAppendCommit,6672225,1446608,-1,-1,-1,-1,-1,-1,-1,-1
SAMPLE,p01-candidate,unchanged,1,publicCompactDiff,35809311,5777992,-1,-1,-1,-1,-1,-1,-1,-1
SAMPLE,p01-candidate,unchanged,1,publicMaterializedDiff,14309763,5713872,-1,-1,-1,-1,-1,-1,-1,-1
SAMPLE,p01-candidate,unchanged,1,replayRead,3082070,623680,-1,-1,-1,-1,-1,-1,-1,-1
SAMPLE,p01-candidate,unchanged,1,unchangedPublicDiff,504382,17272,-1,-1,-1,-1,-1,-1,-1,-1
SAMPLE,p01-candidate,unchanged,1,revisionCopy,122189536,34949056,-1,-1,-1,-1,-1,-1,-1,-1
SAMPLE,p01-candidate,unchanged,2,bulkAppendCommit,7128597,1447264,-1,-1,-1,-1,-1,-1,-1,-1
SAMPLE,p01-candidate,unchanged,2,publicCompactDiff,32046337,5778088,-1,-1,-1,-1,-1,-1,-1,-1
SAMPLE,p01-candidate,unchanged,2,publicMaterializedDiff,14187582,5713936,-1,-1,-1,-1,-1,-1,-1,-1
SAMPLE,p01-candidate,unchanged,2,replayRead,2227572,623432,-1,-1,-1,-1,-1,-1,-1,-1
SAMPLE,p01-candidate,unchanged,2,unchangedPublicDiff,412504,17336,-1,-1,-1,-1,-1,-1,-1,-1
SAMPLE,p01-candidate,unchanged,2,revisionCopy,131215552,34754520,-1,-1,-1,-1,-1,-1,-1,-1
SAMPLE,p01-candidate,unchanged,3,bulkAppendCommit,6515221,1446352,-1,-1,-1,-1,-1,-1,-1,-1
SAMPLE,p01-candidate,unchanged,3,publicCompactDiff,34207571,5778024,-1,-1,-1,-1,-1,-1,-1,-1
SAMPLE,p01-candidate,unchanged,3,publicMaterializedDiff,12283214,5713872,-1,-1,-1,-1,-1,-1,-1,-1
SAMPLE,p01-candidate,unchanged,3,replayRead,1949198,623400,-1,-1,-1,-1,-1,-1,-1,-1
SAMPLE,p01-candidate,unchanged,3,unchangedPublicDiff,269287,17272,-1,-1,-1,-1,-1,-1,-1,-1
SAMPLE,p01-candidate,unchanged,3,revisionCopy,112360200,34960248,-1,-1,-1,-1,-1,-1,-1,-1
SAMPLE,p01-candidate,unchanged,4,bulkAppendCommit,5580457,1448256,-1,-1,-1,-1,-1,-1,-1,-1
SAMPLE,p01-candidate,unchanged,4,publicCompactDiff,31725989,5778056,-1,-1,-1,-1,-1,-1,-1,-1
SAMPLE,p01-candidate,unchanged,4,publicMaterializedDiff,22949474,5714040,-1,-1,-1,-1,-1,-1,-1,-1
SAMPLE,p01-candidate,unchanged,4,replayRead,2092650,623432,-1,-1,-1,-1,-1,-1,-1,-1
SAMPLE,p01-candidate,unchanged,4,unchangedPublicDiff,387355,17336,-1,-1,-1,-1,-1,-1,-1,-1
SAMPLE,p01-candidate,unchanged,4,revisionCopy,115411298,33618816,-1,-1,-1,-1,-1,-1,-1,-1
SAMPLE,p01-candidate,unchanged,5,bulkAppendCommit,5133552,1447584,-1,-1,-1,-1,-1,-1,-1,-1
SAMPLE,p01-candidate,unchanged,5,publicCompactDiff,30461923,5778088,-1,-1,-1,-1,-1,-1,-1,-1
SAMPLE,p01-candidate,unchanged,5,publicMaterializedDiff,12737285,5713936,-1,-1,-1,-1,-1,-1,-1,-1
SAMPLE,p01-candidate,unchanged,5,replayRead,2119407,623432,-1,-1,-1,-1,-1,-1,-1,-1
SAMPLE,p01-candidate,unchanged,5,unchangedPublicDiff,233363,17336,-1,-1,-1,-1,-1,-1,-1,-1
SAMPLE,p01-candidate,unchanged,5,revisionCopy,103747338,33814544,-1,-1,-1,-1,-1,-1,-1,-1
SAMPLE,p01-candidate,unchanged,6,bulkAppendCommit,5992788,1446752,-1,-1,-1,-1,-1,-1,-1,-1
SAMPLE,p01-candidate,unchanged,6,publicCompactDiff,30997367,5778056,-1,-1,-1,-1,-1,-1,-1,-1
SAMPLE,p01-candidate,unchanged,6,publicMaterializedDiff,12534038,5713936,-1,-1,-1,-1,-1,-1,-1,-1
SAMPLE,p01-candidate,unchanged,6,replayRead,1917174,623432,-1,-1,-1,-1,-1,-1,-1,-1
SAMPLE,p01-candidate,unchanged,6,unchangedPublicDiff,256122,17336,-1,-1,-1,-1,-1,-1,-1,-1
SAMPLE,p01-candidate,unchanged,6,revisionCopy,102846681,33899192,-1,-1,-1,-1,-1,-1,-1,-1
SAMPLE,p01-candidate,unchanged,7,bulkAppendCommit,6060501,1445984,-1,-1,-1,-1,-1,-1,-1,-1
SAMPLE,p01-candidate,unchanged,7,publicCompactDiff,38283988,5778024,-1,-1,-1,-1,-1,-1,-1,-1
SAMPLE,p01-candidate,unchanged,7,publicMaterializedDiff,22512602,5713872,-1,-1,-1,-1,-1,-1,-1,-1
SAMPLE,p01-candidate,unchanged,7,replayRead,2841170,623352,-1,-1,-1,-1,-1,-1,-1,-1
SAMPLE,p01-candidate,unchanged,7,unchangedPublicDiff,446789,17272,-1,-1,-1,-1,-1,-1,-1,-1
SAMPLE,p01-candidate,unchanged,7,revisionCopy,108210934,33861784,-1,-1,-1,-1,-1,-1,-1,-1
SAMPLE,p01-candidate,unchanged,8,bulkAppendCommit,5649981,1446448,-1,-1,-1,-1,-1,-1,-1,-1
SAMPLE,p01-candidate,unchanged,8,publicCompactDiff,31249230,5778088,-1,-1,-1,-1,-1,-1,-1,-1
SAMPLE,p01-candidate,unchanged,8,publicMaterializedDiff,12311353,5713936,-1,-1,-1,-1,-1,-1,-1,-1
SAMPLE,p01-candidate,unchanged,8,replayRead,1376637,623384,-1,-1,-1,-1,-1,-1,-1,-1
SAMPLE,p01-candidate,unchanged,8,unchangedPublicDiff,212563,17336,-1,-1,-1,-1,-1,-1,-1,-1
SAMPLE,p01-candidate,unchanged,8,revisionCopy,100023137,33841120,-1,-1,-1,-1,-1,-1,-1,-1
SAMPLE,p01-candidate,deep,0,bulkAppendCommit,5586356,1874984,-1,-1,-1,-1,-1,-1,-1,-1
SAMPLE,p01-candidate,deep,0,publicCompactDiff,1112212,372904,-1,-1,-1,-1,-1,-1,-1,-1
SAMPLE,p01-candidate,deep,0,publicMaterializedDiff,744335,372848,-1,-1,-1,-1,-1,-1,-1,-1
SAMPLE,p01-candidate,deep,0,replayRead,362161,62232,-1,-1,-1,-1,-1,-1,-1,-1
SAMPLE,p01-candidate,deep,0,unchangedPublicDiff,129504,17744,-1,-1,-1,-1,-1,-1,-1,-1
SAMPLE,p01-candidate,deep,0,revisionCopy,12153291,4435656,-1,-1,-1,-1,-1,-1,-1,-1
SAMPLE,p01-candidate,deep,1,bulkAppendCommit,4804993,1875384,-1,-1,-1,-1,-1,-1,-1,-1
SAMPLE,p01-candidate,deep,1,publicCompactDiff,724080,372904,-1,-1,-1,-1,-1,-1,-1,-1
SAMPLE,p01-candidate,deep,1,publicMaterializedDiff,790822,372848,-1,-1,-1,-1,-1,-1,-1,-1
SAMPLE,p01-candidate,deep,1,replayRead,362011,62232,-1,-1,-1,-1,-1,-1,-1,-1
SAMPLE,p01-candidate,deep,1,unchangedPublicDiff,133188,17744,-1,-1,-1,-1,-1,-1,-1,-1
SAMPLE,p01-candidate,deep,1,revisionCopy,9451552,4439560,-1,-1,-1,-1,-1,-1,-1,-1
SAMPLE,p01-candidate,deep,2,bulkAppendCommit,5198849,1874624,-1,-1,-1,-1,-1,-1,-1,-1
SAMPLE,p01-candidate,deep,2,publicCompactDiff,747119,372904,-1,-1,-1,-1,-1,-1,-1,-1
SAMPLE,p01-candidate,deep,2,publicMaterializedDiff,656226,372848,-1,-1,-1,-1,-1,-1,-1,-1
SAMPLE,p01-candidate,deep,2,replayRead,308501,62232,-1,-1,-1,-1,-1,-1,-1,-1
SAMPLE,p01-candidate,deep,2,unchangedPublicDiff,115397,17744,-1,-1,-1,-1,-1,-1,-1,-1
SAMPLE,p01-candidate,deep,2,revisionCopy,10176367,4446344,-1,-1,-1,-1,-1,-1,-1,-1
SAMPLE,p01-candidate,deep,3,bulkAppendCommit,4661303,1873176,-1,-1,-1,-1,-1,-1,-1,-1
SAMPLE,p01-candidate,deep,3,publicCompactDiff,853003,372648,-1,-1,-1,-1,-1,-1,-1,-1
SAMPLE,p01-candidate,deep,3,publicMaterializedDiff,676578,372592,-1,-1,-1,-1,-1,-1,-1,-1
SAMPLE,p01-candidate,deep,3,replayRead,331678,62104,-1,-1,-1,-1,-1,-1,-1,-1
SAMPLE,p01-candidate,deep,3,unchangedPublicDiff,137885,17552,-1,-1,-1,-1,-1,-1,-1,-1
SAMPLE,p01-candidate,deep,3,revisionCopy,12020837,4432584,-1,-1,-1,-1,-1,-1,-1,-1
SAMPLE,p01-candidate,deep,4,bulkAppendCommit,4716984,1873072,-1,-1,-1,-1,-1,-1,-1,-1
SAMPLE,p01-candidate,deep,4,publicCompactDiff,754168,372648,-1,-1,-1,-1,-1,-1,-1,-1
SAMPLE,p01-candidate,deep,4,publicMaterializedDiff,625661,372592,-1,-1,-1,-1,-1,-1,-1,-1
SAMPLE,p01-candidate,deep,4,replayRead,330031,62104,-1,-1,-1,-1,-1,-1,-1,-1
SAMPLE,p01-candidate,deep,4,unchangedPublicDiff,151610,17552,-1,-1,-1,-1,-1,-1,-1,-1
SAMPLE,p01-candidate,deep,4,revisionCopy,9970331,4431960,-1,-1,-1,-1,-1,-1,-1,-1
SAMPLE,p01-candidate,deep,5,bulkAppendCommit,4901720,1873272,-1,-1,-1,-1,-1,-1,-1,-1
SAMPLE,p01-candidate,deep,5,publicCompactDiff,844873,372648,-1,-1,-1,-1,-1,-1,-1,-1
SAMPLE,p01-candidate,deep,5,publicMaterializedDiff,709164,372592,-1,-1,-1,-1,-1,-1,-1,-1
SAMPLE,p01-candidate,deep,5,replayRead,316184,62104,-1,-1,-1,-1,-1,-1,-1,-1
SAMPLE,p01-candidate,deep,5,unchangedPublicDiff,157372,17552,-1,-1,-1,-1,-1,-1,-1,-1
SAMPLE,p01-candidate,deep,5,revisionCopy,10251213,4437080,-1,-1,-1,-1,-1,-1,-1,-1
SAMPLE,p01-candidate,deep,6,bulkAppendCommit,4280797,1873072,-1,-1,-1,-1,-1,-1,-1,-1
SAMPLE,p01-candidate,deep,6,publicCompactDiff,815772,372648,-1,-1,-1,-1,-1,-1,-1,-1
SAMPLE,p01-candidate,deep,6,publicMaterializedDiff,677525,372592,-1,-1,-1,-1,-1,-1,-1,-1
SAMPLE,p01-candidate,deep,6,replayRead,415045,62104,-1,-1,-1,-1,-1,-1,-1,-1
SAMPLE,p01-candidate,deep,6,unchangedPublicDiff,181821,17552,-1,-1,-1,-1,-1,-1,-1,-1
SAMPLE,p01-candidate,deep,6,revisionCopy,9379103,4432672,-1,-1,-1,-1,-1,-1,-1,-1
SAMPLE,p01-candidate,deep,7,bulkAppendCommit,4581083,1873032,-1,-1,-1,-1,-1,-1,-1,-1
SAMPLE,p01-candidate,deep,7,publicCompactDiff,755220,372648,-1,-1,-1,-1,-1,-1,-1,-1
SAMPLE,p01-candidate,deep,7,publicMaterializedDiff,643143,372592,-1,-1,-1,-1,-1,-1,-1,-1
SAMPLE,p01-candidate,deep,7,replayRead,276529,62104,-1,-1,-1,-1,-1,-1,-1,-1
SAMPLE,p01-candidate,deep,7,unchangedPublicDiff,158331,17552,-1,-1,-1,-1,-1,-1,-1,-1
SAMPLE,p01-candidate,deep,7,revisionCopy,12123653,4432672,-1,-1,-1,-1,-1,-1,-1,-1
SAMPLE,p01-candidate,deep,8,bulkAppendCommit,4835115,1866720,-1,-1,-1,-1,-1,-1,-1,-1
SAMPLE,p01-candidate,deep,8,publicCompactDiff,634228,366408,-1,-1,-1,-1,-1,-1,-1,-1
SAMPLE,p01-candidate,deep,8,publicMaterializedDiff,458722,366352,-1,-1,-1,-1,-1,-1,-1,-1
SAMPLE,p01-candidate,deep,8,replayRead,231832,62104,-1,-1,-1,-1,-1,-1,-1,-1
SAMPLE,p01-candidate,deep,8,unchangedPublicDiff,111679,17552,-1,-1,-1,-1,-1,-1,-1,-1
SAMPLE,p01-candidate,deep,8,revisionCopy,10056267,4432584,-1,-1,-1,-1,-1,-1,-1,-1
SAMPLE,p01-candidate,moves,0,sourceMutationCommit,3319748,1308768,-1,-1,-1,-1,-1,-1,-1,-1
SAMPLE,p01-candidate,moves,0,publicCompactDiff,667309,76568,-1,-1,-1,-1,-1,-1,-1,-1
SAMPLE,p01-candidate,moves,0,publicMaterializedDiff,683958,100096,-1,-1,-1,-1,-1,-1,-1,-1
SAMPLE,p01-candidate,moves,0,replayRead,234852,21624,-1,-1,-1,-1,-1,-1,-1,-1
SAMPLE,p01-candidate,moves,0,unchangedPublicDiff,238561,17512,-1,-1,-1,-1,-1,-1,-1,-1
SAMPLE,p01-candidate,moves,0,revisionCopy,8872173,3871704,-1,-1,-1,-1,-1,-1,-1,-1
SAMPLE,p01-candidate,moves,1,sourceMutationCommit,4679021,1308664,-1,-1,-1,-1,-1,-1,-1,-1
SAMPLE,p01-candidate,moves,1,publicCompactDiff,579764,76568,-1,-1,-1,-1,-1,-1,-1,-1
SAMPLE,p01-candidate,moves,1,publicMaterializedDiff,757175,100096,-1,-1,-1,-1,-1,-1,-1,-1
SAMPLE,p01-candidate,moves,1,replayRead,237860,21624,-1,-1,-1,-1,-1,-1,-1,-1
SAMPLE,p01-candidate,moves,1,unchangedPublicDiff,216339,17512,-1,-1,-1,-1,-1,-1,-1,-1
SAMPLE,p01-candidate,moves,1,revisionCopy,10219617,3871120,-1,-1,-1,-1,-1,-1,-1,-1
SAMPLE,p01-candidate,moves,2,sourceMutationCommit,3441566,1308600,-1,-1,-1,-1,-1,-1,-1,-1
SAMPLE,p01-candidate,moves,2,publicCompactDiff,399304,76568,-1,-1,-1,-1,-1,-1,-1,-1
SAMPLE,p01-candidate,moves,2,publicMaterializedDiff,451889,100096,-1,-1,-1,-1,-1,-1,-1,-1
SAMPLE,p01-candidate,moves,2,replayRead,143275,21624,-1,-1,-1,-1,-1,-1,-1,-1
SAMPLE,p01-candidate,moves,2,unchangedPublicDiff,111617,17512,-1,-1,-1,-1,-1,-1,-1,-1
SAMPLE,p01-candidate,moves,2,revisionCopy,7980766,3869880,-1,-1,-1,-1,-1,-1,-1,-1
SAMPLE,p01-candidate,moves,3,sourceMutationCommit,3319652,1308536,-1,-1,-1,-1,-1,-1,-1,-1
SAMPLE,p01-candidate,moves,3,publicCompactDiff,518874,76568,-1,-1,-1,-1,-1,-1,-1,-1
SAMPLE,p01-candidate,moves,3,publicMaterializedDiff,490070,100096,-1,-1,-1,-1,-1,-1,-1,-1
SAMPLE,p01-candidate,moves,3,replayRead,137157,21624,-1,-1,-1,-1,-1,-1,-1,-1
SAMPLE,p01-candidate,moves,3,unchangedPublicDiff,108059,17512,-1,-1,-1,-1,-1,-1,-1,-1
SAMPLE,p01-candidate,moves,3,revisionCopy,8464768,3871120,-1,-1,-1,-1,-1,-1,-1,-1
SAMPLE,p01-candidate,moves,4,sourceMutationCommit,3337744,1308312,-1,-1,-1,-1,-1,-1,-1,-1
SAMPLE,p01-candidate,moves,4,publicCompactDiff,402425,76568,-1,-1,-1,-1,-1,-1,-1,-1
SAMPLE,p01-candidate,moves,4,publicMaterializedDiff,518215,100096,-1,-1,-1,-1,-1,-1,-1,-1
SAMPLE,p01-candidate,moves,4,replayRead,210397,21624,-1,-1,-1,-1,-1,-1,-1,-1
SAMPLE,p01-candidate,moves,4,unchangedPublicDiff,172630,17512,-1,-1,-1,-1,-1,-1,-1,-1
SAMPLE,p01-candidate,moves,4,revisionCopy,10074655,3870560,-1,-1,-1,-1,-1,-1,-1,-1
SAMPLE,p01-candidate,moves,5,sourceMutationCommit,3175524,1308536,-1,-1,-1,-1,-1,-1,-1,-1
SAMPLE,p01-candidate,moves,5,publicCompactDiff,399670,76568,-1,-1,-1,-1,-1,-1,-1,-1
SAMPLE,p01-candidate,moves,5,publicMaterializedDiff,485463,100128,-1,-1,-1,-1,-1,-1,-1,-1
SAMPLE,p01-candidate,moves,5,replayRead,142675,21624,-1,-1,-1,-1,-1,-1,-1,-1
SAMPLE,p01-candidate,moves,5,unchangedPublicDiff,114326,17512,-1,-1,-1,-1,-1,-1,-1,-1
SAMPLE,p01-candidate,moves,5,revisionCopy,8210628,3871304,-1,-1,-1,-1,-1,-1,-1,-1
SAMPLE,p01-candidate,moves,6,sourceMutationCommit,3428447,1308456,-1,-1,-1,-1,-1,-1,-1,-1
SAMPLE,p01-candidate,moves,6,publicCompactDiff,420111,76568,-1,-1,-1,-1,-1,-1,-1,-1
SAMPLE,p01-candidate,moves,6,publicMaterializedDiff,385314,100096,-1,-1,-1,-1,-1,-1,-1,-1
SAMPLE,p01-candidate,moves,6,replayRead,136813,21624,-1,-1,-1,-1,-1,-1,-1,-1
SAMPLE,p01-candidate,moves,6,unchangedPublicDiff,102950,17512,-1,-1,-1,-1,-1,-1,-1,-1
SAMPLE,p01-candidate,moves,6,revisionCopy,8450955,3870752,-1,-1,-1,-1,-1,-1,-1,-1
SAMPLE,p01-candidate,moves,7,sourceMutationCommit,3215255,1308712,-1,-1,-1,-1,-1,-1,-1,-1
SAMPLE,p01-candidate,moves,7,publicCompactDiff,369301,76568,-1,-1,-1,-1,-1,-1,-1,-1
SAMPLE,p01-candidate,moves,7,publicMaterializedDiff,415950,100096,-1,-1,-1,-1,-1,-1,-1,-1
SAMPLE,p01-candidate,moves,7,replayRead,137890,21624,-1,-1,-1,-1,-1,-1,-1,-1
SAMPLE,p01-candidate,moves,7,unchangedPublicDiff,104825,17512,-1,-1,-1,-1,-1,-1,-1,-1
SAMPLE,p01-candidate,moves,7,revisionCopy,7712726,3870928,-1,-1,-1,-1,-1,-1,-1,-1
SAMPLE,p01-candidate,moves,8,sourceMutationCommit,3345217,1308448,-1,-1,-1,-1,-1,-1,-1,-1
SAMPLE,p01-candidate,moves,8,publicCompactDiff,401905,76568,-1,-1,-1,-1,-1,-1,-1,-1
SAMPLE,p01-candidate,moves,8,publicMaterializedDiff,397759,100096,-1,-1,-1,-1,-1,-1,-1,-1
SAMPLE,p01-candidate,moves,8,replayRead,140740,21624,-1,-1,-1,-1,-1,-1,-1,-1
SAMPLE,p01-candidate,moves,8,unchangedPublicDiff,103849,17512,-1,-1,-1,-1,-1,-1,-1,-1
SAMPLE,p01-candidate,moves,8,revisionCopy,7947861,3875784,-1,-1,-1,-1,-1,-1,-1,-1
SAMPLE,p01-candidate,restore,0,sourceMutationCommit,4195305,1304072,-1,-1,-1,-1,-1,-1,-1,-1
SAMPLE,p01-candidate,restore,0,publicCompactDiff,528900,35984,-1,-1,-1,-1,-1,-1,-1,-1
SAMPLE,p01-candidate,restore,0,publicMaterializedDiff,295406,35928,-1,-1,-1,-1,-1,-1,-1,-1
SAMPLE,p01-candidate,restore,0,replayRead,227199,18520,-1,-1,-1,-1,-1,-1,-1,-1
SAMPLE,p01-candidate,restore,0,restorationPublicDiff,261004,45392,-1,-1,-1,-1,-1,-1,-1,-1
SAMPLE,p01-candidate,restore,0,revisionCopy,9498951,3934040,-1,-1,-1,-1,-1,-1,-1,-1
SAMPLE,p01-candidate,restore,1,sourceMutationCommit,3127905,1304072,-1,-1,-1,-1,-1,-1,-1,-1
SAMPLE,p01-candidate,restore,1,publicCompactDiff,414391,35984,-1,-1,-1,-1,-1,-1,-1,-1
SAMPLE,p01-candidate,restore,1,publicMaterializedDiff,254934,35928,-1,-1,-1,-1,-1,-1,-1,-1
SAMPLE,p01-candidate,restore,1,replayRead,241932,18520,-1,-1,-1,-1,-1,-1,-1,-1
SAMPLE,p01-candidate,restore,1,restorationPublicDiff,410400,45392,-1,-1,-1,-1,-1,-1,-1,-1
SAMPLE,p01-candidate,restore,1,revisionCopy,9953433,3933952,-1,-1,-1,-1,-1,-1,-1,-1
SAMPLE,p01-candidate,restore,2,sourceMutationCommit,3158417,1304184,-1,-1,-1,-1,-1,-1,-1,-1
SAMPLE,p01-candidate,restore,2,publicCompactDiff,273030,35984,-1,-1,-1,-1,-1,-1,-1,-1
SAMPLE,p01-candidate,restore,2,publicMaterializedDiff,147708,35928,-1,-1,-1,-1,-1,-1,-1,-1
SAMPLE,p01-candidate,restore,2,replayRead,161571,18520,-1,-1,-1,-1,-1,-1,-1,-1
SAMPLE,p01-candidate,restore,2,restorationPublicDiff,254327,45392,-1,-1,-1,-1,-1,-1,-1,-1
SAMPLE,p01-candidate,restore,2,revisionCopy,8223803,3934488,-1,-1,-1,-1,-1,-1,-1,-1
SAMPLE,p01-candidate,restore,3,sourceMutationCommit,3367344,1304616,-1,-1,-1,-1,-1,-1,-1,-1
SAMPLE,p01-candidate,restore,3,publicCompactDiff,280640,35984,-1,-1,-1,-1,-1,-1,-1,-1
SAMPLE,p01-candidate,restore,3,publicMaterializedDiff,142874,35928,-1,-1,-1,-1,-1,-1,-1,-1
SAMPLE,p01-candidate,restore,3,replayRead,183059,18520,-1,-1,-1,-1,-1,-1,-1,-1
SAMPLE,p01-candidate,restore,3,restorationPublicDiff,241461,45392,-1,-1,-1,-1,-1,-1,-1,-1
SAMPLE,p01-candidate,restore,3,revisionCopy,9135603,3934192,-1,-1,-1,-1,-1,-1,-1,-1
SAMPLE,p01-candidate,restore,4,sourceMutationCommit,2871278,1304160,-1,-1,-1,-1,-1,-1,-1,-1
SAMPLE,p01-candidate,restore,4,publicCompactDiff,255023,35984,-1,-1,-1,-1,-1,-1,-1,-1
SAMPLE,p01-candidate,restore,4,publicMaterializedDiff,140286,35928,-1,-1,-1,-1,-1,-1,-1,-1
SAMPLE,p01-candidate,restore,4,replayRead,182340,18520,-1,-1,-1,-1,-1,-1,-1,-1
SAMPLE,p01-candidate,restore,4,restorationPublicDiff,260722,45392,-1,-1,-1,-1,-1,-1,-1,-1
SAMPLE,p01-candidate,restore,4,revisionCopy,8861222,3934160,-1,-1,-1,-1,-1,-1,-1,-1
SAMPLE,p01-candidate,restore,5,sourceMutationCommit,3035825,1304360,-1,-1,-1,-1,-1,-1,-1,-1
SAMPLE,p01-candidate,restore,5,publicCompactDiff,265190,35984,-1,-1,-1,-1,-1,-1,-1,-1
SAMPLE,p01-candidate,restore,5,publicMaterializedDiff,169002,35928,-1,-1,-1,-1,-1,-1,-1,-1
SAMPLE,p01-candidate,restore,5,replayRead,178545,18520,-1,-1,-1,-1,-1,-1,-1,-1
SAMPLE,p01-candidate,restore,5,restorationPublicDiff,221977,45392,-1,-1,-1,-1,-1,-1,-1,-1
SAMPLE,p01-candidate,restore,5,revisionCopy,8957933,3934792,-1,-1,-1,-1,-1,-1,-1,-1
SAMPLE,p01-candidate,restore,6,sourceMutationCommit,3156882,1304296,-1,-1,-1,-1,-1,-1,-1,-1
SAMPLE,p01-candidate,restore,6,publicCompactDiff,283848,35984,-1,-1,-1,-1,-1,-1,-1,-1
SAMPLE,p01-candidate,restore,6,publicMaterializedDiff,135495,35928,-1,-1,-1,-1,-1,-1,-1,-1
SAMPLE,p01-candidate,restore,6,replayRead,284405,18520,-1,-1,-1,-1,-1,-1,-1,-1
SAMPLE,p01-candidate,restore,6,restorationPublicDiff,249274,45392,-1,-1,-1,-1,-1,-1,-1,-1
SAMPLE,p01-candidate,restore,6,revisionCopy,7722368,3933760,-1,-1,-1,-1,-1,-1,-1,-1
SAMPLE,p01-candidate,restore,7,sourceMutationCommit,2964952,1304360,-1,-1,-1,-1,-1,-1,-1,-1
SAMPLE,p01-candidate,restore,7,publicCompactDiff,248352,35984,-1,-1,-1,-1,-1,-1,-1,-1
SAMPLE,p01-candidate,restore,7,publicMaterializedDiff,154027,35928,-1,-1,-1,-1,-1,-1,-1,-1
SAMPLE,p01-candidate,restore,7,replayRead,175261,18520,-1,-1,-1,-1,-1,-1,-1,-1
SAMPLE,p01-candidate,restore,7,restorationPublicDiff,245753,45392,-1,-1,-1,-1,-1,-1,-1,-1
SAMPLE,p01-candidate,restore,7,revisionCopy,7576772,3934296,-1,-1,-1,-1,-1,-1,-1,-1
SAMPLE,p01-candidate,restore,8,sourceMutationCommit,2729224,1304592,-1,-1,-1,-1,-1,-1,-1,-1
SAMPLE,p01-candidate,restore,8,publicCompactDiff,353922,35984,-1,-1,-1,-1,-1,-1,-1,-1
SAMPLE,p01-candidate,restore,8,publicMaterializedDiff,149406,35928,-1,-1,-1,-1,-1,-1,-1,-1
SAMPLE,p01-candidate,restore,8,replayRead,166396,18520,-1,-1,-1,-1,-1,-1,-1,-1
SAMPLE,p01-candidate,restore,8,restorationPublicDiff,336578,45392,-1,-1,-1,-1,-1,-1,-1,-1
SAMPLE,p01-candidate,restore,8,revisionCopy,7371852,3923360,-1,-1,-1,-1,-1,-1,-1,-1
END,p01-candidate,sink=1014178911
# [StorageProfile] dump called: enabled=false byKind.size=0
