ADMITTED,2026-10-05T22:42:59Z
WARNING: Using incubator modules: jdk.incubator.vector
RUN,p01-baseline,pid=3009588,java=25.0.3,identity=false,warmups=8,samples=9
JVM,p01-baseline,maxHeap=3221225472,arguments=[-XX:ThreadPriorityPolicy=1, -XX:+UnlockExperimentalVMOptions, -XX:+EnableJVMCIProduct, -XX:+EnableJVMCI, -XX:-UnlockExperimentalVMOptions, -ea, -Xms512m, -Xmx3g, --add-opens=java.base/sun.nio.ch=ALL-UNNAMED, --add-opens=java.base/java.nio=ALL-UNNAMED, --add-modules=jdk.incubator.vector, --enable-native-access=ALL-UNNAMED, -XX:+EnableDynamicAgentLoading, -XX:+UnlockDiagnosticVMOptions, -XX:+DebugNonSafepoints, --add-modules=jdk.incubator.vector, -Dfile.encoding=UTF-8, -Djava.io.tmpdir=/home/johannes/.treehouse/sirix-cdde48/20/sirix/build/replay/tmp, -Dlogback.configurationFile=/home/johannes/.treehouse/sirix-cdde48/20/sirix/build/replay/latency/quiet.xml, -Dsirix.replay.workDiag=false, -Dsirix.hot.mergeDiag=false, -Dsirix.replay.bench.scenarios=unchanged,deep,moves,restore]
COLUMNS,label,scenario,iteration,metric,nanos,threadAllocatedBytes,recordVisits,createdIdentities,stagedRecords,ancestorSteps,sidecarReads,fallbackPages,pathSteps,bookkeepingOperations
WARNING: A terminally deprecated method in sun.misc.Unsafe has been called
WARNING: sun.misc.Unsafe::arrayBaseOffset has been called by net.openhft.hashing.UnsafeAccess (file:/home/johannes/.gradle/caches/modules-2/files-2.1/net.openhft/zero-allocation-hashing/2026.0/2447494f7842ca377b4ccdba2089a8da5c1d1b50/zero-allocation-hashing-2026.0.jar)
WARNING: Please consider reporting this to the maintainers of class net.openhft.hashing.UnsafeAccess
WARNING: sun.misc.Unsafe::arrayBaseOffset will be removed in a future release
SAMPLE,p01-baseline,unchanged,0,bulkAppendCommit,5764167,1441032,-1,-1,-1,-1,-1,-1,-1,-1
SAMPLE,p01-baseline,unchanged,0,publicCompactDiff,33377785,5778056,-1,-1,-1,-1,-1,-1,-1,-1
SAMPLE,p01-baseline,unchanged,0,publicMaterializedDiff,20544916,5713936,-1,-1,-1,-1,-1,-1,-1,-1
SAMPLE,p01-baseline,unchanged,0,replayRead,13897803,3891432,-1,-1,-1,-1,-1,-1,-1,-1
SAMPLE,p01-baseline,unchanged,0,unchangedPublicDiff,323668,17336,-1,-1,-1,-1,-1,-1,-1,-1
SAMPLE,p01-baseline,unchanged,0,revisionCopy,156390537,12680176,-1,-1,-1,-1,-1,-1,-1,-1
SAMPLE,p01-baseline,unchanged,1,bulkAppendCommit,5354561,1440904,-1,-1,-1,-1,-1,-1,-1,-1
SAMPLE,p01-baseline,unchanged,1,publicCompactDiff,30074848,5777992,-1,-1,-1,-1,-1,-1,-1,-1
SAMPLE,p01-baseline,unchanged,1,publicMaterializedDiff,11246364,5713936,-1,-1,-1,-1,-1,-1,-1,-1
SAMPLE,p01-baseline,unchanged,1,replayRead,14276806,3891432,-1,-1,-1,-1,-1,-1,-1,-1
SAMPLE,p01-baseline,unchanged,1,unchangedPublicDiff,278568,17336,-1,-1,-1,-1,-1,-1,-1,-1
SAMPLE,p01-baseline,unchanged,1,revisionCopy,132181103,12610688,-1,-1,-1,-1,-1,-1,-1,-1
SAMPLE,p01-baseline,unchanged,2,bulkAppendCommit,7296202,1441848,-1,-1,-1,-1,-1,-1,-1,-1
SAMPLE,p01-baseline,unchanged,2,publicCompactDiff,29677960,5778056,-1,-1,-1,-1,-1,-1,-1,-1
SAMPLE,p01-baseline,unchanged,2,publicMaterializedDiff,11586119,5714232,-1,-1,-1,-1,-1,-1,-1,-1
SAMPLE,p01-baseline,unchanged,2,replayRead,9707783,3891824,-1,-1,-1,-1,-1,-1,-1,-1
SAMPLE,p01-baseline,unchanged,2,unchangedPublicDiff,345535,17336,-1,-1,-1,-1,-1,-1,-1,-1
SAMPLE,p01-baseline,unchanged,2,revisionCopy,109951661,12613568,-1,-1,-1,-1,-1,-1,-1,-1
SAMPLE,p01-baseline,unchanged,3,bulkAppendCommit,5422451,1440568,-1,-1,-1,-1,-1,-1,-1,-1
SAMPLE,p01-baseline,unchanged,3,publicCompactDiff,31293240,5777928,-1,-1,-1,-1,-1,-1,-1,-1
SAMPLE,p01-baseline,unchanged,3,publicMaterializedDiff,11547538,5713872,-1,-1,-1,-1,-1,-1,-1,-1
SAMPLE,p01-baseline,unchanged,3,replayRead,9894128,3891336,-1,-1,-1,-1,-1,-1,-1,-1
SAMPLE,p01-baseline,unchanged,3,unchangedPublicDiff,312287,17272,-1,-1,-1,-1,-1,-1,-1,-1
SAMPLE,p01-baseline,unchanged,3,revisionCopy,95632188,12610648,-1,-1,-1,-1,-1,-1,-1,-1
SAMPLE,p01-baseline,unchanged,4,bulkAppendCommit,5010119,1440904,-1,-1,-1,-1,-1,-1,-1,-1
SAMPLE,p01-baseline,unchanged,4,publicCompactDiff,29679295,5778024,-1,-1,-1,-1,-1,-1,-1,-1
SAMPLE,p01-baseline,unchanged,4,publicMaterializedDiff,11217533,5713936,-1,-1,-1,-1,-1,-1,-1,-1
SAMPLE,p01-baseline,unchanged,4,replayRead,9745115,3891496,-1,-1,-1,-1,-1,-1,-1,-1
SAMPLE,p01-baseline,unchanged,4,unchangedPublicDiff,349856,17336,-1,-1,-1,-1,-1,-1,-1,-1
SAMPLE,p01-baseline,unchanged,4,revisionCopy,98342491,12609968,-1,-1,-1,-1,-1,-1,-1,-1
SAMPLE,p01-baseline,unchanged,5,bulkAppendCommit,5735422,1440136,-1,-1,-1,-1,-1,-1,-1,-1
SAMPLE,p01-baseline,unchanged,5,publicCompactDiff,30713019,5777960,-1,-1,-1,-1,-1,-1,-1,-1
SAMPLE,p01-baseline,unchanged,5,publicMaterializedDiff,11077560,5713872,-1,-1,-1,-1,-1,-1,-1,-1
SAMPLE,p01-baseline,unchanged,5,replayRead,9793866,3891336,-1,-1,-1,-1,-1,-1,-1,-1
SAMPLE,p01-baseline,unchanged,5,unchangedPublicDiff,256669,17272,-1,-1,-1,-1,-1,-1,-1,-1
SAMPLE,p01-baseline,unchanged,5,revisionCopy,105642845,12609672,-1,-1,-1,-1,-1,-1,-1,-1
SAMPLE,p01-baseline,unchanged,6,bulkAppendCommit,6298748,1440560,-1,-1,-1,-1,-1,-1,-1,-1
SAMPLE,p01-baseline,unchanged,6,publicCompactDiff,29637322,5778224,-1,-1,-1,-1,-1,-1,-1,-1
SAMPLE,p01-baseline,unchanged,6,publicMaterializedDiff,10949063,5713936,-1,-1,-1,-1,-1,-1,-1,-1
SAMPLE,p01-baseline,unchanged,6,replayRead,9921443,3891432,-1,-1,-1,-1,-1,-1,-1,-1
SAMPLE,p01-baseline,unchanged,6,unchangedPublicDiff,304059,17336,-1,-1,-1,-1,-1,-1,-1,-1
SAMPLE,p01-baseline,unchanged,6,revisionCopy,91362114,12609696,-1,-1,-1,-1,-1,-1,-1,-1
SAMPLE,p01-baseline,unchanged,7,bulkAppendCommit,5738548,1440048,-1,-1,-1,-1,-1,-1,-1,-1
SAMPLE,p01-baseline,unchanged,7,publicCompactDiff,30666441,5777992,-1,-1,-1,-1,-1,-1,-1,-1
SAMPLE,p01-baseline,unchanged,7,publicMaterializedDiff,10865755,5713976,-1,-1,-1,-1,-1,-1,-1,-1
SAMPLE,p01-baseline,unchanged,7,replayRead,9735715,3891336,-1,-1,-1,-1,-1,-1,-1,-1
SAMPLE,p01-baseline,unchanged,7,unchangedPublicDiff,358737,17272,-1,-1,-1,-1,-1,-1,-1,-1
SAMPLE,p01-baseline,unchanged,7,revisionCopy,94659327,12604816,-1,-1,-1,-1,-1,-1,-1,-1
SAMPLE,p01-baseline,unchanged,8,bulkAppendCommit,5012619,1437816,-1,-1,-1,-1,-1,-1,-1,-1
SAMPLE,p01-baseline,unchanged,8,publicCompactDiff,28464227,5770784,-1,-1,-1,-1,-1,-1,-1,-1
SAMPLE,p01-baseline,unchanged,8,publicMaterializedDiff,10436664,5708896,-1,-1,-1,-1,-1,-1,-1,-1
SAMPLE,p01-baseline,unchanged,8,replayRead,8933535,3886320,-1,-1,-1,-1,-1,-1,-1,-1
SAMPLE,p01-baseline,unchanged,8,unchangedPublicDiff,173606,17216,-1,-1,-1,-1,-1,-1,-1,-1
SAMPLE,p01-baseline,unchanged,8,revisionCopy,88107991,12597728,-1,-1,-1,-1,-1,-1,-1,-1
SAMPLE,p01-baseline,deep,0,bulkAppendCommit,4476484,1821424,-1,-1,-1,-1,-1,-1,-1,-1
SAMPLE,p01-baseline,deep,0,publicCompactDiff,693103,372664,-1,-1,-1,-1,-1,-1,-1,-1
SAMPLE,p01-baseline,deep,0,publicMaterializedDiff,563661,372608,-1,-1,-1,-1,-1,-1,-1,-1
SAMPLE,p01-baseline,deep,0,replayRead,588431,384040,-1,-1,-1,-1,-1,-1,-1,-1
SAMPLE,p01-baseline,deep,0,unchangedPublicDiff,101052,17624,-1,-1,-1,-1,-1,-1,-1,-1
SAMPLE,p01-baseline,deep,0,revisionCopy,12448975,4615440,-1,-1,-1,-1,-1,-1,-1,-1
SAMPLE,p01-baseline,deep,1,bulkAppendCommit,4531332,1821624,-1,-1,-1,-1,-1,-1,-1,-1
SAMPLE,p01-baseline,deep,1,publicCompactDiff,709428,372664,-1,-1,-1,-1,-1,-1,-1,-1
SAMPLE,p01-baseline,deep,1,publicMaterializedDiff,683526,372608,-1,-1,-1,-1,-1,-1,-1,-1
SAMPLE,p01-baseline,deep,1,replayRead,583932,381584,-1,-1,-1,-1,-1,-1,-1,-1
SAMPLE,p01-baseline,deep,1,unchangedPublicDiff,110126,17624,-1,-1,-1,-1,-1,-1,-1,-1
SAMPLE,p01-baseline,deep,1,revisionCopy,11105223,4615896,-1,-1,-1,-1,-1,-1,-1,-1
SAMPLE,p01-baseline,deep,2,bulkAppendCommit,4064915,1821512,-1,-1,-1,-1,-1,-1,-1,-1
SAMPLE,p01-baseline,deep,2,publicCompactDiff,719747,372664,-1,-1,-1,-1,-1,-1,-1,-1
SAMPLE,p01-baseline,deep,2,publicMaterializedDiff,565315,372608,-1,-1,-1,-1,-1,-1,-1,-1
SAMPLE,p01-baseline,deep,2,replayRead,552467,381584,-1,-1,-1,-1,-1,-1,-1,-1
SAMPLE,p01-baseline,deep,2,unchangedPublicDiff,106541,17624,-1,-1,-1,-1,-1,-1,-1,-1
SAMPLE,p01-baseline,deep,2,revisionCopy,10232277,4615920,-1,-1,-1,-1,-1,-1,-1,-1
SAMPLE,p01-baseline,deep,3,bulkAppendCommit,3749556,1821624,-1,-1,-1,-1,-1,-1,-1,-1
SAMPLE,p01-baseline,deep,3,publicCompactDiff,640152,372664,-1,-1,-1,-1,-1,-1,-1,-1
SAMPLE,p01-baseline,deep,3,publicMaterializedDiff,583419,372608,-1,-1,-1,-1,-1,-1,-1,-1
SAMPLE,p01-baseline,deep,3,replayRead,586464,381584,-1,-1,-1,-1,-1,-1,-1,-1
SAMPLE,p01-baseline,deep,3,unchangedPublicDiff,169346,17624,-1,-1,-1,-1,-1,-1,-1,-1
SAMPLE,p01-baseline,deep,3,revisionCopy,12045631,4615320,-1,-1,-1,-1,-1,-1,-1,-1
SAMPLE,p01-baseline,deep,4,bulkAppendCommit,4605514,1815360,-1,-1,-1,-1,-1,-1,-1,-1
SAMPLE,p01-baseline,deep,4,publicCompactDiff,1050738,366424,-1,-1,-1,-1,-1,-1,-1,-1
SAMPLE,p01-baseline,deep,4,publicMaterializedDiff,580765,366368,-1,-1,-1,-1,-1,-1,-1,-1
SAMPLE,p01-baseline,deep,4,replayRead,691277,375344,-1,-1,-1,-1,-1,-1,-1,-1
SAMPLE,p01-baseline,deep,4,unchangedPublicDiff,164011,17624,-1,-1,-1,-1,-1,-1,-1,-1
SAMPLE,p01-baseline,deep,4,revisionCopy,11971976,4608832,-1,-1,-1,-1,-1,-1,-1,-1
SAMPLE,p01-baseline,deep,5,bulkAppendCommit,4373770,1815184,-1,-1,-1,-1,-1,-1,-1,-1
SAMPLE,p01-baseline,deep,5,publicCompactDiff,657909,366424,-1,-1,-1,-1,-1,-1,-1,-1
SAMPLE,p01-baseline,deep,5,publicMaterializedDiff,527740,366368,-1,-1,-1,-1,-1,-1,-1,-1
SAMPLE,p01-baseline,deep,5,replayRead,876801,375344,-1,-1,-1,-1,-1,-1,-1,-1
SAMPLE,p01-baseline,deep,5,unchangedPublicDiff,235048,17624,-1,-1,-1,-1,-1,-1,-1,-1
SAMPLE,p01-baseline,deep,5,revisionCopy,11322221,4609256,-1,-1,-1,-1,-1,-1,-1,-1
SAMPLE,p01-baseline,deep,6,bulkAppendCommit,3877320,1816280,-1,-1,-1,-1,-1,-1,-1,-1
SAMPLE,p01-baseline,deep,6,publicCompactDiff,582216,366424,-1,-1,-1,-1,-1,-1,-1,-1
SAMPLE,p01-baseline,deep,6,publicMaterializedDiff,471355,366368,-1,-1,-1,-1,-1,-1,-1,-1
SAMPLE,p01-baseline,deep,6,replayRead,548200,375344,-1,-1,-1,-1,-1,-1,-1,-1
SAMPLE,p01-baseline,deep,6,unchangedPublicDiff,129601,17624,-1,-1,-1,-1,-1,-1,-1,-1
SAMPLE,p01-baseline,deep,6,revisionCopy,11981375,4608960,-1,-1,-1,-1,-1,-1,-1,-1
SAMPLE,p01-baseline,deep,7,bulkAppendCommit,4291153,1814944,-1,-1,-1,-1,-1,-1,-1,-1
SAMPLE,p01-baseline,deep,7,publicCompactDiff,566748,366424,-1,-1,-1,-1,-1,-1,-1,-1
SAMPLE,p01-baseline,deep,7,publicMaterializedDiff,446721,366368,-1,-1,-1,-1,-1,-1,-1,-1
SAMPLE,p01-baseline,deep,7,replayRead,813695,375344,-1,-1,-1,-1,-1,-1,-1,-1
SAMPLE,p01-baseline,deep,7,unchangedPublicDiff,216175,17624,-1,-1,-1,-1,-1,-1,-1,-1
SAMPLE,p01-baseline,deep,7,revisionCopy,11043724,4608480,-1,-1,-1,-1,-1,-1,-1,-1
SAMPLE,p01-baseline,deep,8,bulkAppendCommit,4866597,1815424,-1,-1,-1,-1,-1,-1,-1,-1
SAMPLE,p01-baseline,deep,8,publicCompactDiff,597568,366424,-1,-1,-1,-1,-1,-1,-1,-1
SAMPLE,p01-baseline,deep,8,publicMaterializedDiff,565567,366368,-1,-1,-1,-1,-1,-1,-1,-1
SAMPLE,p01-baseline,deep,8,replayRead,495980,375344,-1,-1,-1,-1,-1,-1,-1,-1
SAMPLE,p01-baseline,deep,8,unchangedPublicDiff,114821,17624,-1,-1,-1,-1,-1,-1,-1,-1
SAMPLE,p01-baseline,deep,8,revisionCopy,10865481,4608488,-1,-1,-1,-1,-1,-1,-1,-1
SAMPLE,p01-baseline,moves,0,sourceMutationCommit,3073987,1302304,-1,-1,-1,-1,-1,-1,-1,-1
SAMPLE,p01-baseline,moves,0,publicCompactDiff,390590,76632,-1,-1,-1,-1,-1,-1,-1,-1
SAMPLE,p01-baseline,moves,0,publicMaterializedDiff,395243,100208,-1,-1,-1,-1,-1,-1,-1,-1
SAMPLE,p01-baseline,moves,0,replayRead,491862,133040,-1,-1,-1,-1,-1,-1,-1,-1
SAMPLE,p01-baseline,moves,0,unchangedPublicDiff,121683,17584,-1,-1,-1,-1,-1,-1,-1,-1
SAMPLE,p01-baseline,moves,0,revisionCopy,8197670,3885256,-1,-1,-1,-1,-1,-1,-1,-1
SAMPLE,p01-baseline,moves,1,sourceMutationCommit,2928377,1302280,-1,-1,-1,-1,-1,-1,-1,-1
SAMPLE,p01-baseline,moves,1,publicCompactDiff,364249,76632,-1,-1,-1,-1,-1,-1,-1,-1
SAMPLE,p01-baseline,moves,1,publicMaterializedDiff,399369,100208,-1,-1,-1,-1,-1,-1,-1,-1
SAMPLE,p01-baseline,moves,1,replayRead,457459,133040,-1,-1,-1,-1,-1,-1,-1,-1
SAMPLE,p01-baseline,moves,1,unchangedPublicDiff,101966,17584,-1,-1,-1,-1,-1,-1,-1,-1
SAMPLE,p01-baseline,moves,1,revisionCopy,8127371,3885424,-1,-1,-1,-1,-1,-1,-1,-1
SAMPLE,p01-baseline,moves,2,sourceMutationCommit,2806792,1302480,-1,-1,-1,-1,-1,-1,-1,-1
SAMPLE,p01-baseline,moves,2,publicCompactDiff,332945,76632,-1,-1,-1,-1,-1,-1,-1,-1
SAMPLE,p01-baseline,moves,2,publicMaterializedDiff,388272,100208,-1,-1,-1,-1,-1,-1,-1,-1
SAMPLE,p01-baseline,moves,2,replayRead,459786,133040,-1,-1,-1,-1,-1,-1,-1,-1
SAMPLE,p01-baseline,moves,2,unchangedPublicDiff,95520,17584,-1,-1,-1,-1,-1,-1,-1,-1
SAMPLE,p01-baseline,moves,2,revisionCopy,7500353,3885424,-1,-1,-1,-1,-1,-1,-1,-1
SAMPLE,p01-baseline,moves,3,sourceMutationCommit,2987987,1302368,-1,-1,-1,-1,-1,-1,-1,-1
SAMPLE,p01-baseline,moves,3,publicCompactDiff,343832,76632,-1,-1,-1,-1,-1,-1,-1,-1
SAMPLE,p01-baseline,moves,3,publicMaterializedDiff,400483,100208,-1,-1,-1,-1,-1,-1,-1,-1
SAMPLE,p01-baseline,moves,3,replayRead,471311,133040,-1,-1,-1,-1,-1,-1,-1,-1
SAMPLE,p01-baseline,moves,3,unchangedPublicDiff,97022,17584,-1,-1,-1,-1,-1,-1,-1,-1
SAMPLE,p01-baseline,moves,3,revisionCopy,7977339,3885016,-1,-1,-1,-1,-1,-1,-1,-1
SAMPLE,p01-baseline,moves,4,sourceMutationCommit,5189794,1302328,-1,-1,-1,-1,-1,-1,-1,-1
SAMPLE,p01-baseline,moves,4,publicCompactDiff,428101,76632,-1,-1,-1,-1,-1,-1,-1,-1
SAMPLE,p01-baseline,moves,4,publicMaterializedDiff,606152,100208,-1,-1,-1,-1,-1,-1,-1,-1
SAMPLE,p01-baseline,moves,4,replayRead,573366,133040,-1,-1,-1,-1,-1,-1,-1,-1
SAMPLE,p01-baseline,moves,4,unchangedPublicDiff,144856,17584,-1,-1,-1,-1,-1,-1,-1,-1
SAMPLE,p01-baseline,moves,4,revisionCopy,8641081,3888064,-1,-1,-1,-1,-1,-1,-1,-1
SAMPLE,p01-baseline,moves,5,sourceMutationCommit,2821236,1302040,-1,-1,-1,-1,-1,-1,-1,-1
SAMPLE,p01-baseline,moves,5,publicCompactDiff,336055,82128,-1,-1,-1,-1,-1,-1,-1,-1
SAMPLE,p01-baseline,moves,5,publicMaterializedDiff,344087,100208,-1,-1,-1,-1,-1,-1,-1,-1
SAMPLE,p01-baseline,moves,5,replayRead,430263,133040,-1,-1,-1,-1,-1,-1,-1,-1
SAMPLE,p01-baseline,moves,5,unchangedPublicDiff,93015,17584,-1,-1,-1,-1,-1,-1,-1,-1
SAMPLE,p01-baseline,moves,5,revisionCopy,8130574,3885288,-1,-1,-1,-1,-1,-1,-1,-1
SAMPLE,p01-baseline,moves,6,sourceMutationCommit,2967833,1302192,-1,-1,-1,-1,-1,-1,-1,-1
SAMPLE,p01-baseline,moves,6,publicCompactDiff,472471,76632,-1,-1,-1,-1,-1,-1,-1,-1
SAMPLE,p01-baseline,moves,6,publicMaterializedDiff,568517,100208,-1,-1,-1,-1,-1,-1,-1,-1
SAMPLE,p01-baseline,moves,6,replayRead,701224,133040,-1,-1,-1,-1,-1,-1,-1,-1
SAMPLE,p01-baseline,moves,6,unchangedPublicDiff,143690,17584,-1,-1,-1,-1,-1,-1,-1,-1
SAMPLE,p01-baseline,moves,6,revisionCopy,7512903,3885592,-1,-1,-1,-1,-1,-1,-1,-1
SAMPLE,p01-baseline,moves,7,sourceMutationCommit,3213823,1302304,-1,-1,-1,-1,-1,-1,-1,-1
SAMPLE,p01-baseline,moves,7,publicCompactDiff,431498,76632,-1,-1,-1,-1,-1,-1,-1,-1
SAMPLE,p01-baseline,moves,7,publicMaterializedDiff,387571,100208,-1,-1,-1,-1,-1,-1,-1,-1
SAMPLE,p01-baseline,moves,7,replayRead,443708,133040,-1,-1,-1,-1,-1,-1,-1,-1
SAMPLE,p01-baseline,moves,7,unchangedPublicDiff,92674,17584,-1,-1,-1,-1,-1,-1,-1,-1
SAMPLE,p01-baseline,moves,7,revisionCopy,8073914,3886032,-1,-1,-1,-1,-1,-1,-1,-1
SAMPLE,p01-baseline,moves,8,sourceMutationCommit,2737729,1302304,-1,-1,-1,-1,-1,-1,-1,-1
SAMPLE,p01-baseline,moves,8,publicCompactDiff,384292,76632,-1,-1,-1,-1,-1,-1,-1,-1
SAMPLE,p01-baseline,moves,8,publicMaterializedDiff,356966,100208,-1,-1,-1,-1,-1,-1,-1,-1
SAMPLE,p01-baseline,moves,8,replayRead,415436,133040,-1,-1,-1,-1,-1,-1,-1,-1
SAMPLE,p01-baseline,moves,8,unchangedPublicDiff,92079,17584,-1,-1,-1,-1,-1,-1,-1,-1
SAMPLE,p01-baseline,moves,8,revisionCopy,7614464,3885768,-1,-1,-1,-1,-1,-1,-1,-1
SAMPLE,p01-baseline,restore,0,sourceMutationCommit,3366582,1299600,-1,-1,-1,-1,-1,-1,-1,-1
SAMPLE,p01-baseline,restore,0,publicCompactDiff,262593,35752,-1,-1,-1,-1,-1,-1,-1,-1
SAMPLE,p01-baseline,restore,0,publicMaterializedDiff,144586,35696,-1,-1,-1,-1,-1,-1,-1,-1
SAMPLE,p01-baseline,restore,0,replayRead,170632,47976,-1,-1,-1,-1,-1,-1,-1,-1
SAMPLE,p01-baseline,restore,0,restorationPublicDiff,214682,45088,-1,-1,-1,-1,-1,-1,-1,-1
SAMPLE,p01-baseline,restore,0,revisionCopy,9483137,3966072,-1,-1,-1,-1,-1,-1,-1,-1
SAMPLE,p01-baseline,restore,1,sourceMutationCommit,3337718,1298920,-1,-1,-1,-1,-1,-1,-1,-1
SAMPLE,p01-baseline,restore,1,publicCompactDiff,245292,35752,-1,-1,-1,-1,-1,-1,-1,-1
SAMPLE,p01-baseline,restore,1,publicMaterializedDiff,123974,35696,-1,-1,-1,-1,-1,-1,-1,-1
SAMPLE,p01-baseline,restore,1,replayRead,147232,47976,-1,-1,-1,-1,-1,-1,-1,-1
SAMPLE,p01-baseline,restore,1,restorationPublicDiff,183107,45088,-1,-1,-1,-1,-1,-1,-1,-1
SAMPLE,p01-baseline,restore,1,revisionCopy,8552452,3965984,-1,-1,-1,-1,-1,-1,-1,-1
SAMPLE,p01-baseline,restore,2,sourceMutationCommit,2707497,1299136,-1,-1,-1,-1,-1,-1,-1,-1
SAMPLE,p01-baseline,restore,2,publicCompactDiff,231503,35752,-1,-1,-1,-1,-1,-1,-1,-1
SAMPLE,p01-baseline,restore,2,publicMaterializedDiff,134014,35696,-1,-1,-1,-1,-1,-1,-1,-1
SAMPLE,p01-baseline,restore,2,replayRead,142145,47976,-1,-1,-1,-1,-1,-1,-1,-1
SAMPLE,p01-baseline,restore,2,restorationPublicDiff,207972,45088,-1,-1,-1,-1,-1,-1,-1,-1
SAMPLE,p01-baseline,restore,2,revisionCopy,13369868,3966008,-1,-1,-1,-1,-1,-1,-1,-1
SAMPLE,p01-baseline,restore,3,sourceMutationCommit,2718947,1299280,-1,-1,-1,-1,-1,-1,-1,-1
SAMPLE,p01-baseline,restore,3,publicCompactDiff,251692,35752,-1,-1,-1,-1,-1,-1,-1,-1
SAMPLE,p01-baseline,restore,3,publicMaterializedDiff,134801,35696,-1,-1,-1,-1,-1,-1,-1,-1
SAMPLE,p01-baseline,restore,3,replayRead,164481,47976,-1,-1,-1,-1,-1,-1,-1,-1
SAMPLE,p01-baseline,restore,3,restorationPublicDiff,186318,45088,-1,-1,-1,-1,-1,-1,-1,-1
SAMPLE,p01-baseline,restore,3,revisionCopy,8900477,3965936,-1,-1,-1,-1,-1,-1,-1,-1
SAMPLE,p01-baseline,restore,4,sourceMutationCommit,3153737,1299120,-1,-1,-1,-1,-1,-1,-1,-1
SAMPLE,p01-baseline,restore,4,publicCompactDiff,239788,35752,-1,-1,-1,-1,-1,-1,-1,-1
SAMPLE,p01-baseline,restore,4,publicMaterializedDiff,122472,35696,-1,-1,-1,-1,-1,-1,-1,-1
SAMPLE,p01-baseline,restore,4,replayRead,141760,47976,-1,-1,-1,-1,-1,-1,-1,-1
SAMPLE,p01-baseline,restore,4,restorationPublicDiff,217910,45256,-1,-1,-1,-1,-1,-1,-1,-1
SAMPLE,p01-baseline,restore,4,revisionCopy,8753558,3966032,-1,-1,-1,-1,-1,-1,-1,-1
SAMPLE,p01-baseline,restore,5,sourceMutationCommit,2350208,1298848,-1,-1,-1,-1,-1,-1,-1,-1
SAMPLE,p01-baseline,restore,5,publicCompactDiff,230127,35656,-1,-1,-1,-1,-1,-1,-1,-1
SAMPLE,p01-baseline,restore,5,publicMaterializedDiff,115043,35600,-1,-1,-1,-1,-1,-1,-1,-1
SAMPLE,p01-baseline,restore,5,replayRead,163573,47832,-1,-1,-1,-1,-1,-1,-1,-1
SAMPLE,p01-baseline,restore,5,restorationPublicDiff,214157,44920,-1,-1,-1,-1,-1,-1,-1,-1
SAMPLE,p01-baseline,restore,5,revisionCopy,9262207,3964072,-1,-1,-1,-1,-1,-1,-1,-1
SAMPLE,p01-baseline,restore,6,sourceMutationCommit,2972364,1298536,-1,-1,-1,-1,-1,-1,-1,-1
SAMPLE,p01-baseline,restore,6,publicCompactDiff,220042,35656,-1,-1,-1,-1,-1,-1,-1,-1
SAMPLE,p01-baseline,restore,6,publicMaterializedDiff,124675,35600,-1,-1,-1,-1,-1,-1,-1,-1
SAMPLE,p01-baseline,restore,6,replayRead,141743,47832,-1,-1,-1,-1,-1,-1,-1,-1
SAMPLE,p01-baseline,restore,6,restorationPublicDiff,171807,44920,-1,-1,-1,-1,-1,-1,-1,-1
SAMPLE,p01-baseline,restore,6,revisionCopy,8489600,3965312,-1,-1,-1,-1,-1,-1,-1,-1
SAMPLE,p01-baseline,restore,7,sourceMutationCommit,2555140,1298848,-1,-1,-1,-1,-1,-1,-1,-1
SAMPLE,p01-baseline,restore,7,publicCompactDiff,231480,35656,-1,-1,-1,-1,-1,-1,-1,-1
SAMPLE,p01-baseline,restore,7,publicMaterializedDiff,108991,35600,-1,-1,-1,-1,-1,-1,-1,-1
SAMPLE,p01-baseline,restore,7,replayRead,129854,47832,-1,-1,-1,-1,-1,-1,-1,-1
SAMPLE,p01-baseline,restore,7,restorationPublicDiff,179300,44920,-1,-1,-1,-1,-1,-1,-1,-1
SAMPLE,p01-baseline,restore,7,revisionCopy,7965209,3965744,-1,-1,-1,-1,-1,-1,-1,-1
SAMPLE,p01-baseline,restore,8,sourceMutationCommit,2381206,1298880,-1,-1,-1,-1,-1,-1,-1,-1
SAMPLE,p01-baseline,restore,8,publicCompactDiff,212892,35656,-1,-1,-1,-1,-1,-1,-1,-1
SAMPLE,p01-baseline,restore,8,publicMaterializedDiff,111885,35600,-1,-1,-1,-1,-1,-1,-1,-1
SAMPLE,p01-baseline,restore,8,replayRead,147645,47832,-1,-1,-1,-1,-1,-1,-1,-1
SAMPLE,p01-baseline,restore,8,restorationPublicDiff,184081,44920,-1,-1,-1,-1,-1,-1,-1,-1
SAMPLE,p01-baseline,restore,8,revisionCopy,7767459,3964592,-1,-1,-1,-1,-1,-1,-1,-1
END,p01-baseline,sink=555
# [StorageProfile] dump called: enabled=false byKind.size=0
