ADMITTED,2026-10-05T22:43:24Z
WARNING: Using incubator modules: jdk.incubator.vector
RUN,p02-candidate,pid=3021989,java=25.0.3,identity=true,warmups=8,samples=9
JVM,p02-candidate,maxHeap=3221225472,arguments=[-XX:ThreadPriorityPolicy=1, -XX:+UnlockExperimentalVMOptions, -XX:+EnableJVMCIProduct, -XX:+EnableJVMCI, -XX:-UnlockExperimentalVMOptions, -ea, -Xms512m, -Xmx3g, --add-opens=java.base/sun.nio.ch=ALL-UNNAMED, --add-opens=java.base/java.nio=ALL-UNNAMED, --add-modules=jdk.incubator.vector, --enable-native-access=ALL-UNNAMED, -XX:+EnableDynamicAgentLoading, -XX:+UnlockDiagnosticVMOptions, -XX:+DebugNonSafepoints, --add-modules=jdk.incubator.vector, -Dfile.encoding=UTF-8, -Djava.io.tmpdir=/home/johannes/.treehouse/sirix-cdde48/20/sirix/build/replay/tmp, -Dlogback.configurationFile=/home/johannes/.treehouse/sirix-cdde48/20/sirix/build/replay/latency/quiet.xml, -Dsirix.replay.workDiag=false, -Dsirix.hot.mergeDiag=false, -Dsirix.replay.bench.scenarios=unchanged,deep,moves,restore]
COLUMNS,label,scenario,iteration,metric,nanos,threadAllocatedBytes,recordVisits,createdIdentities,stagedRecords,ancestorSteps,sidecarReads,fallbackPages,pathSteps,bookkeepingOperations
WARNING: A terminally deprecated method in sun.misc.Unsafe has been called
WARNING: sun.misc.Unsafe::arrayBaseOffset has been called by net.openhft.hashing.UnsafeAccess (file:/home/johannes/.gradle/caches/modules-2/files-2.1/net.openhft/zero-allocation-hashing/2026.0/2447494f7842ca377b4ccdba2089a8da5c1d1b50/zero-allocation-hashing-2026.0.jar)
WARNING: Please consider reporting this to the maintainers of class net.openhft.hashing.UnsafeAccess
WARNING: sun.misc.Unsafe::arrayBaseOffset will be removed in a future release
SAMPLE,p02-candidate,unchanged,0,bulkAppendCommit,10020428,1446816,-1,-1,-1,-1,-1,-1,-1,-1
SAMPLE,p02-candidate,unchanged,0,publicCompactDiff,60899449,5778024,-1,-1,-1,-1,-1,-1,-1,-1
SAMPLE,p02-candidate,unchanged,0,publicMaterializedDiff,28989139,5713936,-1,-1,-1,-1,-1,-1,-1,-1
SAMPLE,p02-candidate,unchanged,0,replayRead,2328195,623432,-1,-1,-1,-1,-1,-1,-1,-1
SAMPLE,p02-candidate,unchanged,0,unchangedPublicDiff,382755,17336,-1,-1,-1,-1,-1,-1,-1,-1
SAMPLE,p02-candidate,unchanged,0,revisionCopy,134106967,35577272,-1,-1,-1,-1,-1,-1,-1,-1
SAMPLE,p02-candidate,unchanged,1,bulkAppendCommit,8311449,1446360,-1,-1,-1,-1,-1,-1,-1,-1
SAMPLE,p02-candidate,unchanged,1,publicCompactDiff,59292049,5778832,-1,-1,-1,-1,-1,-1,-1,-1
SAMPLE,p02-candidate,unchanged,1,publicMaterializedDiff,28748388,5713936,-1,-1,-1,-1,-1,-1,-1,-1
SAMPLE,p02-candidate,unchanged,1,replayRead,4137993,623432,-1,-1,-1,-1,-1,-1,-1,-1
SAMPLE,p02-candidate,unchanged,1,unchangedPublicDiff,740906,17336,-1,-1,-1,-1,-1,-1,-1,-1
SAMPLE,p02-candidate,unchanged,1,revisionCopy,183153480,35534808,-1,-1,-1,-1,-1,-1,-1,-1
SAMPLE,p02-candidate,unchanged,2,bulkAppendCommit,6310786,1447176,-1,-1,-1,-1,-1,-1,-1,-1
SAMPLE,p02-candidate,unchanged,2,publicCompactDiff,59440729,5778088,-1,-1,-1,-1,-1,-1,-1,-1
SAMPLE,p02-candidate,unchanged,2,publicMaterializedDiff,29041494,5713936,-1,-1,-1,-1,-1,-1,-1,-1
SAMPLE,p02-candidate,unchanged,2,replayRead,4146607,623432,-1,-1,-1,-1,-1,-1,-1,-1
SAMPLE,p02-candidate,unchanged,2,unchangedPublicDiff,696502,17336,-1,-1,-1,-1,-1,-1,-1,-1
SAMPLE,p02-candidate,unchanged,2,revisionCopy,168844852,34756304,-1,-1,-1,-1,-1,-1,-1,-1
SAMPLE,p02-candidate,unchanged,3,bulkAppendCommit,9798466,1446312,-1,-1,-1,-1,-1,-1,-1,-1
SAMPLE,p02-candidate,unchanged,3,publicCompactDiff,64395962,5777960,-1,-1,-1,-1,-1,-1,-1,-1
SAMPLE,p02-candidate,unchanged,3,publicMaterializedDiff,14340918,5713872,-1,-1,-1,-1,-1,-1,-1,-1
SAMPLE,p02-candidate,unchanged,3,replayRead,2140909,623400,-1,-1,-1,-1,-1,-1,-1,-1
SAMPLE,p02-candidate,unchanged,3,unchangedPublicDiff,307119,17272,-1,-1,-1,-1,-1,-1,-1,-1
SAMPLE,p02-candidate,unchanged,3,revisionCopy,171576821,33995160,-1,-1,-1,-1,-1,-1,-1,-1
SAMPLE,p02-candidate,unchanged,4,bulkAppendCommit,7718206,1446688,-1,-1,-1,-1,-1,-1,-1,-1
SAMPLE,p02-candidate,unchanged,4,publicCompactDiff,48256490,5778088,-1,-1,-1,-1,-1,-1,-1,-1
SAMPLE,p02-candidate,unchanged,4,publicMaterializedDiff,15201779,5713936,-1,-1,-1,-1,-1,-1,-1,-1
SAMPLE,p02-candidate,unchanged,4,replayRead,2036102,623432,-1,-1,-1,-1,-1,-1,-1,-1
SAMPLE,p02-candidate,unchanged,4,unchangedPublicDiff,389346,17336,-1,-1,-1,-1,-1,-1,-1,-1
SAMPLE,p02-candidate,unchanged,4,revisionCopy,132341961,33859280,-1,-1,-1,-1,-1,-1,-1,-1
SAMPLE,p02-candidate,unchanged,5,bulkAppendCommit,7065908,1446104,-1,-1,-1,-1,-1,-1,-1,-1
SAMPLE,p02-candidate,unchanged,5,publicCompactDiff,39444715,5777992,-1,-1,-1,-1,-1,-1,-1,-1
SAMPLE,p02-candidate,unchanged,5,publicMaterializedDiff,14935588,5713872,-1,-1,-1,-1,-1,-1,-1,-1
SAMPLE,p02-candidate,unchanged,5,replayRead,2138826,623352,-1,-1,-1,-1,-1,-1,-1,-1
SAMPLE,p02-candidate,unchanged,5,unchangedPublicDiff,339092,17272,-1,-1,-1,-1,-1,-1,-1,-1
SAMPLE,p02-candidate,unchanged,5,revisionCopy,138421709,33889952,-1,-1,-1,-1,-1,-1,-1,-1
SAMPLE,p02-candidate,unchanged,6,bulkAppendCommit,6012959,1446664,-1,-1,-1,-1,-1,-1,-1,-1
SAMPLE,p02-candidate,unchanged,6,publicCompactDiff,38567694,5778056,-1,-1,-1,-1,-1,-1,-1,-1
SAMPLE,p02-candidate,unchanged,6,publicMaterializedDiff,16896338,5713936,-1,-1,-1,-1,-1,-1,-1,-1
SAMPLE,p02-candidate,unchanged,6,replayRead,2032014,623384,-1,-1,-1,-1,-1,-1,-1,-1
SAMPLE,p02-candidate,unchanged,6,unchangedPublicDiff,339819,17336,-1,-1,-1,-1,-1,-1,-1,-1
SAMPLE,p02-candidate,unchanged,6,revisionCopy,152896340,33468240,-1,-1,-1,-1,-1,-1,-1,-1
SAMPLE,p02-candidate,unchanged,7,bulkAppendCommit,6589374,1446088,-1,-1,-1,-1,-1,-1,-1,-1
SAMPLE,p02-candidate,unchanged,7,publicCompactDiff,41149691,5778272,-1,-1,-1,-1,-1,-1,-1,-1
SAMPLE,p02-candidate,unchanged,7,publicMaterializedDiff,14657565,5713872,-1,-1,-1,-1,-1,-1,-1,-1
SAMPLE,p02-candidate,unchanged,7,replayRead,2226205,623352,-1,-1,-1,-1,-1,-1,-1,-1
SAMPLE,p02-candidate,unchanged,7,unchangedPublicDiff,358299,17272,-1,-1,-1,-1,-1,-1,-1,-1
SAMPLE,p02-candidate,unchanged,7,revisionCopy,112084023,33466976,-1,-1,-1,-1,-1,-1,-1,-1
SAMPLE,p02-candidate,unchanged,8,bulkAppendCommit,8330782,1447312,-1,-1,-1,-1,-1,-1,-1,-1
SAMPLE,p02-candidate,unchanged,8,publicCompactDiff,32194094,5778040,-1,-1,-1,-1,-1,-1,-1,-1
SAMPLE,p02-candidate,unchanged,8,publicMaterializedDiff,13149396,5713840,-1,-1,-1,-1,-1,-1,-1,-1
SAMPLE,p02-candidate,unchanged,8,replayRead,1513552,623336,-1,-1,-1,-1,-1,-1,-1,-1
SAMPLE,p02-candidate,unchanged,8,unchangedPublicDiff,285456,17288,-1,-1,-1,-1,-1,-1,-1,-1
SAMPLE,p02-candidate,unchanged,8,revisionCopy,95358132,33932808,-1,-1,-1,-1,-1,-1,-1,-1
SAMPLE,p02-candidate,deep,0,bulkAppendCommit,6720093,1872624,-1,-1,-1,-1,-1,-1,-1,-1
SAMPLE,p02-candidate,deep,0,publicCompactDiff,1562375,372648,-1,-1,-1,-1,-1,-1,-1,-1
SAMPLE,p02-candidate,deep,0,publicMaterializedDiff,1197728,372592,-1,-1,-1,-1,-1,-1,-1,-1
SAMPLE,p02-candidate,deep,0,replayRead,528029,62104,-1,-1,-1,-1,-1,-1,-1,-1
SAMPLE,p02-candidate,deep,0,unchangedPublicDiff,204316,17552,-1,-1,-1,-1,-1,-1,-1,-1
SAMPLE,p02-candidate,deep,0,revisionCopy,11816105,4437336,-1,-1,-1,-1,-1,-1,-1,-1
SAMPLE,p02-candidate,deep,1,bulkAppendCommit,5546133,1872968,-1,-1,-1,-1,-1,-1,-1,-1
SAMPLE,p02-candidate,deep,1,publicCompactDiff,771805,372648,-1,-1,-1,-1,-1,-1,-1,-1
SAMPLE,p02-candidate,deep,1,publicMaterializedDiff,638943,372592,-1,-1,-1,-1,-1,-1,-1,-1
SAMPLE,p02-candidate,deep,1,replayRead,342025,62104,-1,-1,-1,-1,-1,-1,-1,-1
SAMPLE,p02-candidate,deep,1,unchangedPublicDiff,141893,17552,-1,-1,-1,-1,-1,-1,-1,-1
SAMPLE,p02-candidate,deep,1,revisionCopy,13260941,4432408,-1,-1,-1,-1,-1,-1,-1,-1
SAMPLE,p02-candidate,deep,2,bulkAppendCommit,5971373,1873184,-1,-1,-1,-1,-1,-1,-1,-1
SAMPLE,p02-candidate,deep,2,publicCompactDiff,776275,372648,-1,-1,-1,-1,-1,-1,-1,-1
SAMPLE,p02-candidate,deep,2,publicMaterializedDiff,794910,372592,-1,-1,-1,-1,-1,-1,-1,-1
SAMPLE,p02-candidate,deep,2,replayRead,350983,62104,-1,-1,-1,-1,-1,-1,-1,-1
SAMPLE,p02-candidate,deep,2,unchangedPublicDiff,125663,17552,-1,-1,-1,-1,-1,-1,-1,-1
SAMPLE,p02-candidate,deep,2,revisionCopy,14356963,4433640,-1,-1,-1,-1,-1,-1,-1,-1
SAMPLE,p02-candidate,deep,3,bulkAppendCommit,6476832,1873008,-1,-1,-1,-1,-1,-1,-1,-1
SAMPLE,p02-candidate,deep,3,publicCompactDiff,1409219,372648,-1,-1,-1,-1,-1,-1,-1,-1
SAMPLE,p02-candidate,deep,3,publicMaterializedDiff,1154434,372592,-1,-1,-1,-1,-1,-1,-1,-1
SAMPLE,p02-candidate,deep,3,replayRead,655111,62104,-1,-1,-1,-1,-1,-1,-1,-1
SAMPLE,p02-candidate,deep,3,unchangedPublicDiff,273331,17552,-1,-1,-1,-1,-1,-1,-1,-1
SAMPLE,p02-candidate,deep,3,revisionCopy,11607072,4435152,-1,-1,-1,-1,-1,-1,-1,-1
SAMPLE,p02-candidate,deep,4,bulkAppendCommit,5158949,1872688,-1,-1,-1,-1,-1,-1,-1,-1
SAMPLE,p02-candidate,deep,4,publicCompactDiff,869969,372648,-1,-1,-1,-1,-1,-1,-1,-1
SAMPLE,p02-candidate,deep,4,publicMaterializedDiff,923440,372592,-1,-1,-1,-1,-1,-1,-1,-1
SAMPLE,p02-candidate,deep,4,replayRead,376706,62104,-1,-1,-1,-1,-1,-1,-1,-1
SAMPLE,p02-candidate,deep,4,unchangedPublicDiff,140755,17552,-1,-1,-1,-1,-1,-1,-1,-1
SAMPLE,p02-candidate,deep,4,revisionCopy,11639942,4437120,-1,-1,-1,-1,-1,-1,-1,-1
SAMPLE,p02-candidate,deep,5,bulkAppendCommit,5048448,1872864,-1,-1,-1,-1,-1,-1,-1,-1
SAMPLE,p02-candidate,deep,5,publicCompactDiff,1009885,372648,-1,-1,-1,-1,-1,-1,-1,-1
SAMPLE,p02-candidate,deep,5,publicMaterializedDiff,685529,372592,-1,-1,-1,-1,-1,-1,-1,-1
SAMPLE,p02-candidate,deep,5,replayRead,328717,62104,-1,-1,-1,-1,-1,-1,-1,-1
SAMPLE,p02-candidate,deep,5,unchangedPublicDiff,124477,17552,-1,-1,-1,-1,-1,-1,-1,-1
SAMPLE,p02-candidate,deep,5,revisionCopy,12168578,4434408,-1,-1,-1,-1,-1,-1,-1,-1
SAMPLE,p02-candidate,deep,6,bulkAppendCommit,6549600,1873072,-1,-1,-1,-1,-1,-1,-1,-1
SAMPLE,p02-candidate,deep,6,publicCompactDiff,1180211,372648,-1,-1,-1,-1,-1,-1,-1,-1
SAMPLE,p02-candidate,deep,6,publicMaterializedDiff,979896,372592,-1,-1,-1,-1,-1,-1,-1,-1
SAMPLE,p02-candidate,deep,6,replayRead,443289,62104,-1,-1,-1,-1,-1,-1,-1,-1
SAMPLE,p02-candidate,deep,6,unchangedPublicDiff,199711,17552,-1,-1,-1,-1,-1,-1,-1,-1
SAMPLE,p02-candidate,deep,6,revisionCopy,15224659,4431912,-1,-1,-1,-1,-1,-1,-1,-1
SAMPLE,p02-candidate,deep,7,bulkAppendCommit,9070461,1872592,-1,-1,-1,-1,-1,-1,-1,-1
SAMPLE,p02-candidate,deep,7,publicCompactDiff,1304090,372648,-1,-1,-1,-1,-1,-1,-1,-1
SAMPLE,p02-candidate,deep,7,publicMaterializedDiff,1455996,372592,-1,-1,-1,-1,-1,-1,-1,-1
SAMPLE,p02-candidate,deep,7,replayRead,385529,62104,-1,-1,-1,-1,-1,-1,-1,-1
SAMPLE,p02-candidate,deep,7,unchangedPublicDiff,147674,17552,-1,-1,-1,-1,-1,-1,-1,-1
SAMPLE,p02-candidate,deep,7,revisionCopy,15823681,4432648,-1,-1,-1,-1,-1,-1,-1,-1
SAMPLE,p02-candidate,deep,8,bulkAppendCommit,7167776,1866896,-1,-1,-1,-1,-1,-1,-1,-1
SAMPLE,p02-candidate,deep,8,publicCompactDiff,1156025,366408,-1,-1,-1,-1,-1,-1,-1,-1
SAMPLE,p02-candidate,deep,8,publicMaterializedDiff,973133,366352,-1,-1,-1,-1,-1,-1,-1,-1
SAMPLE,p02-candidate,deep,8,replayRead,447717,62104,-1,-1,-1,-1,-1,-1,-1,-1
SAMPLE,p02-candidate,deep,8,unchangedPublicDiff,212594,17552,-1,-1,-1,-1,-1,-1,-1,-1
SAMPLE,p02-candidate,deep,8,revisionCopy,14019448,4432664,-1,-1,-1,-1,-1,-1,-1,-1
SAMPLE,p02-candidate,moves,0,sourceMutationCommit,3933867,1308536,-1,-1,-1,-1,-1,-1,-1,-1
SAMPLE,p02-candidate,moves,0,publicCompactDiff,736007,76568,-1,-1,-1,-1,-1,-1,-1,-1
SAMPLE,p02-candidate,moves,0,publicMaterializedDiff,759354,100096,-1,-1,-1,-1,-1,-1,-1,-1
SAMPLE,p02-candidate,moves,0,replayRead,247715,21624,-1,-1,-1,-1,-1,-1,-1,-1
SAMPLE,p02-candidate,moves,0,unchangedPublicDiff,223140,17512,-1,-1,-1,-1,-1,-1,-1,-1
SAMPLE,p02-candidate,moves,0,revisionCopy,11041532,3869704,-1,-1,-1,-1,-1,-1,-1,-1
SAMPLE,p02-candidate,moves,1,sourceMutationCommit,3308908,1308616,-1,-1,-1,-1,-1,-1,-1,-1
SAMPLE,p02-candidate,moves,1,publicCompactDiff,402062,76568,-1,-1,-1,-1,-1,-1,-1,-1
SAMPLE,p02-candidate,moves,1,publicMaterializedDiff,490253,100096,-1,-1,-1,-1,-1,-1,-1,-1
SAMPLE,p02-candidate,moves,1,replayRead,152249,21624,-1,-1,-1,-1,-1,-1,-1,-1
SAMPLE,p02-candidate,moves,1,unchangedPublicDiff,122227,17512,-1,-1,-1,-1,-1,-1,-1,-1
SAMPLE,p02-candidate,moves,1,revisionCopy,8452129,3869896,-1,-1,-1,-1,-1,-1,-1,-1
SAMPLE,p02-candidate,moves,2,sourceMutationCommit,4658410,1308360,-1,-1,-1,-1,-1,-1,-1,-1
SAMPLE,p02-candidate,moves,2,publicCompactDiff,473617,76568,-1,-1,-1,-1,-1,-1,-1,-1
SAMPLE,p02-candidate,moves,2,publicMaterializedDiff,494770,100096,-1,-1,-1,-1,-1,-1,-1,-1
SAMPLE,p02-candidate,moves,2,replayRead,153930,21624,-1,-1,-1,-1,-1,-1,-1,-1
SAMPLE,p02-candidate,moves,2,unchangedPublicDiff,129945,17512,-1,-1,-1,-1,-1,-1,-1,-1
SAMPLE,p02-candidate,moves,2,revisionCopy,9507060,3870528,-1,-1,-1,-1,-1,-1,-1,-1
SAMPLE,p02-candidate,moves,3,sourceMutationCommit,4559442,1308552,-1,-1,-1,-1,-1,-1,-1,-1
SAMPLE,p02-candidate,moves,3,publicCompactDiff,534431,76568,-1,-1,-1,-1,-1,-1,-1,-1
SAMPLE,p02-candidate,moves,3,publicMaterializedDiff,517782,100096,-1,-1,-1,-1,-1,-1,-1,-1
SAMPLE,p02-candidate,moves,3,replayRead,216059,21624,-1,-1,-1,-1,-1,-1,-1,-1
SAMPLE,p02-candidate,moves,3,unchangedPublicDiff,197361,17512,-1,-1,-1,-1,-1,-1,-1,-1
SAMPLE,p02-candidate,moves,3,revisionCopy,10887927,3869232,-1,-1,-1,-1,-1,-1,-1,-1
SAMPLE,p02-candidate,moves,4,sourceMutationCommit,3520259,1308704,-1,-1,-1,-1,-1,-1,-1,-1
SAMPLE,p02-candidate,moves,4,publicCompactDiff,607086,76568,-1,-1,-1,-1,-1,-1,-1,-1
SAMPLE,p02-candidate,moves,4,publicMaterializedDiff,918264,100096,-1,-1,-1,-1,-1,-1,-1,-1
SAMPLE,p02-candidate,moves,4,replayRead,239280,21624,-1,-1,-1,-1,-1,-1,-1,-1
SAMPLE,p02-candidate,moves,4,unchangedPublicDiff,275097,17512,-1,-1,-1,-1,-1,-1,-1,-1
SAMPLE,p02-candidate,moves,4,revisionCopy,9019564,3869248,-1,-1,-1,-1,-1,-1,-1,-1
SAMPLE,p02-candidate,moves,5,sourceMutationCommit,4282387,1308664,-1,-1,-1,-1,-1,-1,-1,-1
SAMPLE,p02-candidate,moves,5,publicCompactDiff,667449,76568,-1,-1,-1,-1,-1,-1,-1,-1
SAMPLE,p02-candidate,moves,5,publicMaterializedDiff,960691,100096,-1,-1,-1,-1,-1,-1,-1,-1
SAMPLE,p02-candidate,moves,5,replayRead,252535,21624,-1,-1,-1,-1,-1,-1,-1,-1
SAMPLE,p02-candidate,moves,5,unchangedPublicDiff,234408,17512,-1,-1,-1,-1,-1,-1,-1,-1
SAMPLE,p02-candidate,moves,5,revisionCopy,10930771,3870976,-1,-1,-1,-1,-1,-1,-1,-1
SAMPLE,p02-candidate,moves,6,sourceMutationCommit,4443436,1308552,-1,-1,-1,-1,-1,-1,-1,-1
SAMPLE,p02-candidate,moves,6,publicCompactDiff,708424,76568,-1,-1,-1,-1,-1,-1,-1,-1
SAMPLE,p02-candidate,moves,6,publicMaterializedDiff,830389,100096,-1,-1,-1,-1,-1,-1,-1,-1
SAMPLE,p02-candidate,moves,6,replayRead,174379,21624,-1,-1,-1,-1,-1,-1,-1,-1
SAMPLE,p02-candidate,moves,6,unchangedPublicDiff,140877,17512,-1,-1,-1,-1,-1,-1,-1,-1
SAMPLE,p02-candidate,moves,6,revisionCopy,15666308,3870944,-1,-1,-1,-1,-1,-1,-1,-1
SAMPLE,p02-candidate,moves,7,sourceMutationCommit,4843334,1309744,-1,-1,-1,-1,-1,-1,-1,-1
SAMPLE,p02-candidate,moves,7,publicCompactDiff,668738,76568,-1,-1,-1,-1,-1,-1,-1,-1
SAMPLE,p02-candidate,moves,7,publicMaterializedDiff,573421,100096,-1,-1,-1,-1,-1,-1,-1,-1
SAMPLE,p02-candidate,moves,7,replayRead,336051,21624,-1,-1,-1,-1,-1,-1,-1,-1
SAMPLE,p02-candidate,moves,7,unchangedPublicDiff,194776,17512,-1,-1,-1,-1,-1,-1,-1,-1
SAMPLE,p02-candidate,moves,7,revisionCopy,8530862,3869184,-1,-1,-1,-1,-1,-1,-1,-1
SAMPLE,p02-candidate,moves,8,sourceMutationCommit,2987683,1308336,-1,-1,-1,-1,-1,-1,-1,-1
SAMPLE,p02-candidate,moves,8,publicCompactDiff,635736,76568,-1,-1,-1,-1,-1,-1,-1,-1
SAMPLE,p02-candidate,moves,8,publicMaterializedDiff,760015,100096,-1,-1,-1,-1,-1,-1,-1,-1
SAMPLE,p02-candidate,moves,8,replayRead,251654,21624,-1,-1,-1,-1,-1,-1,-1,-1
SAMPLE,p02-candidate,moves,8,unchangedPublicDiff,212701,17512,-1,-1,-1,-1,-1,-1,-1,-1
SAMPLE,p02-candidate,moves,8,revisionCopy,11726768,3869920,-1,-1,-1,-1,-1,-1,-1,-1
SAMPLE,p02-candidate,restore,0,sourceMutationCommit,3143138,1303760,-1,-1,-1,-1,-1,-1,-1,-1
SAMPLE,p02-candidate,restore,0,publicCompactDiff,275123,35888,-1,-1,-1,-1,-1,-1,-1,-1
SAMPLE,p02-candidate,restore,0,publicMaterializedDiff,172856,35832,-1,-1,-1,-1,-1,-1,-1,-1
SAMPLE,p02-candidate,restore,0,replayRead,163314,18472,-1,-1,-1,-1,-1,-1,-1,-1
SAMPLE,p02-candidate,restore,0,restorationPublicDiff,237214,45224,-1,-1,-1,-1,-1,-1,-1,-1
SAMPLE,p02-candidate,restore,0,revisionCopy,12463292,3931824,-1,-1,-1,-1,-1,-1,-1,-1
SAMPLE,p02-candidate,restore,1,sourceMutationCommit,4167659,1303896,-1,-1,-1,-1,-1,-1,-1,-1
SAMPLE,p02-candidate,restore,1,publicCompactDiff,443248,35888,-1,-1,-1,-1,-1,-1,-1,-1
SAMPLE,p02-candidate,restore,1,publicMaterializedDiff,247298,35832,-1,-1,-1,-1,-1,-1,-1,-1
SAMPLE,p02-candidate,restore,1,replayRead,218986,18472,-1,-1,-1,-1,-1,-1,-1,-1
SAMPLE,p02-candidate,restore,1,restorationPublicDiff,466920,45224,-1,-1,-1,-1,-1,-1,-1,-1
SAMPLE,p02-candidate,restore,1,revisionCopy,9266256,3931768,-1,-1,-1,-1,-1,-1,-1,-1
SAMPLE,p02-candidate,restore,2,sourceMutationCommit,3517124,1303264,-1,-1,-1,-1,-1,-1,-1,-1
SAMPLE,p02-candidate,restore,2,publicCompactDiff,441150,35888,-1,-1,-1,-1,-1,-1,-1,-1
SAMPLE,p02-candidate,restore,2,publicMaterializedDiff,237372,35832,-1,-1,-1,-1,-1,-1,-1,-1
SAMPLE,p02-candidate,restore,2,replayRead,238728,18472,-1,-1,-1,-1,-1,-1,-1,-1
SAMPLE,p02-candidate,restore,2,restorationPublicDiff,400947,45224,-1,-1,-1,-1,-1,-1,-1,-1
SAMPLE,p02-candidate,restore,2,revisionCopy,11947537,3932608,-1,-1,-1,-1,-1,-1,-1,-1
SAMPLE,p02-candidate,restore,3,sourceMutationCommit,4658095,1303504,-1,-1,-1,-1,-1,-1,-1,-1
SAMPLE,p02-candidate,restore,3,publicCompactDiff,494031,35952,-1,-1,-1,-1,-1,-1,-1,-1
SAMPLE,p02-candidate,restore,3,publicMaterializedDiff,289286,35832,-1,-1,-1,-1,-1,-1,-1,-1
SAMPLE,p02-candidate,restore,3,replayRead,189062,18472,-1,-1,-1,-1,-1,-1,-1,-1
SAMPLE,p02-candidate,restore,3,restorationPublicDiff,311852,45224,-1,-1,-1,-1,-1,-1,-1,-1
SAMPLE,p02-candidate,restore,3,revisionCopy,11064358,3931936,-1,-1,-1,-1,-1,-1,-1,-1
SAMPLE,p02-candidate,restore,4,sourceMutationCommit,4279754,1303936,-1,-1,-1,-1,-1,-1,-1,-1
SAMPLE,p02-candidate,restore,4,publicCompactDiff,409431,35888,-1,-1,-1,-1,-1,-1,-1,-1
SAMPLE,p02-candidate,restore,4,publicMaterializedDiff,282468,35832,-1,-1,-1,-1,-1,-1,-1,-1
SAMPLE,p02-candidate,restore,4,replayRead,247391,18472,-1,-1,-1,-1,-1,-1,-1,-1
SAMPLE,p02-candidate,restore,4,restorationPublicDiff,422716,45224,-1,-1,-1,-1,-1,-1,-1,-1
SAMPLE,p02-candidate,restore,4,revisionCopy,10740514,3933592,-1,-1,-1,-1,-1,-1,-1,-1
SAMPLE,p02-candidate,restore,5,sourceMutationCommit,6460127,1303736,-1,-1,-1,-1,-1,-1,-1,-1
SAMPLE,p02-candidate,restore,5,publicCompactDiff,792574,35888,-1,-1,-1,-1,-1,-1,-1,-1
SAMPLE,p02-candidate,restore,5,publicMaterializedDiff,317410,35832,-1,-1,-1,-1,-1,-1,-1,-1
SAMPLE,p02-candidate,restore,5,replayRead,412356,18472,-1,-1,-1,-1,-1,-1,-1,-1
SAMPLE,p02-candidate,restore,5,restorationPublicDiff,408154,45224,-1,-1,-1,-1,-1,-1,-1,-1
SAMPLE,p02-candidate,restore,5,revisionCopy,9039900,3933392,-1,-1,-1,-1,-1,-1,-1,-1
SAMPLE,p02-candidate,restore,6,sourceMutationCommit,3612783,1303544,-1,-1,-1,-1,-1,-1,-1,-1
SAMPLE,p02-candidate,restore,6,publicCompactDiff,428957,35888,-1,-1,-1,-1,-1,-1,-1,-1
SAMPLE,p02-candidate,restore,6,publicMaterializedDiff,180247,35832,-1,-1,-1,-1,-1,-1,-1,-1
SAMPLE,p02-candidate,restore,6,replayRead,254232,18472,-1,-1,-1,-1,-1,-1,-1,-1
SAMPLE,p02-candidate,restore,6,restorationPublicDiff,520843,45224,-1,-1,-1,-1,-1,-1,-1,-1
SAMPLE,p02-candidate,restore,6,revisionCopy,9927896,3931424,-1,-1,-1,-1,-1,-1,-1,-1
SAMPLE,p02-candidate,restore,7,sourceMutationCommit,3263665,1303856,-1,-1,-1,-1,-1,-1,-1,-1
SAMPLE,p02-candidate,restore,7,publicCompactDiff,364733,35888,-1,-1,-1,-1,-1,-1,-1,-1
SAMPLE,p02-candidate,restore,7,publicMaterializedDiff,130969,35832,-1,-1,-1,-1,-1,-1,-1,-1
SAMPLE,p02-candidate,restore,7,replayRead,160267,18472,-1,-1,-1,-1,-1,-1,-1,-1
SAMPLE,p02-candidate,restore,7,restorationPublicDiff,273199,45224,-1,-1,-1,-1,-1,-1,-1,-1
SAMPLE,p02-candidate,restore,7,revisionCopy,9067126,3931928,-1,-1,-1,-1,-1,-1,-1,-1
SAMPLE,p02-candidate,restore,8,sourceMutationCommit,2918467,1299312,-1,-1,-1,-1,-1,-1,-1,-1
SAMPLE,p02-candidate,restore,8,publicCompactDiff,251056,35888,-1,-1,-1,-1,-1,-1,-1,-1
SAMPLE,p02-candidate,restore,8,publicMaterializedDiff,256915,35832,-1,-1,-1,-1,-1,-1,-1,-1
SAMPLE,p02-candidate,restore,8,replayRead,157489,18472,-1,-1,-1,-1,-1,-1,-1,-1
SAMPLE,p02-candidate,restore,8,restorationPublicDiff,259571,45224,-1,-1,-1,-1,-1,-1,-1,-1
SAMPLE,p02-candidate,restore,8,revisionCopy,7752379,3921312,-1,-1,-1,-1,-1,-1,-1,-1
END,p02-candidate,sink=687667380
# [StorageProfile] dump called: enabled=false byKind.size=0
