ADMITTED,2026-10-05T22:43:10Z
WARNING: Using incubator modules: jdk.incubator.vector
RUN,p02-baseline,pid=3009989,java=25.0.3,identity=false,warmups=8,samples=9
JVM,p02-baseline,maxHeap=3221225472,arguments=[-XX:ThreadPriorityPolicy=1, -XX:+UnlockExperimentalVMOptions, -XX:+EnableJVMCIProduct, -XX:+EnableJVMCI, -XX:-UnlockExperimentalVMOptions, -ea, -Xms512m, -Xmx3g, --add-opens=java.base/sun.nio.ch=ALL-UNNAMED, --add-opens=java.base/java.nio=ALL-UNNAMED, --add-modules=jdk.incubator.vector, --enable-native-access=ALL-UNNAMED, -XX:+EnableDynamicAgentLoading, -XX:+UnlockDiagnosticVMOptions, -XX:+DebugNonSafepoints, --add-modules=jdk.incubator.vector, -Dfile.encoding=UTF-8, -Djava.io.tmpdir=/home/johannes/.treehouse/sirix-cdde48/20/sirix/build/replay/tmp, -Dlogback.configurationFile=/home/johannes/.treehouse/sirix-cdde48/20/sirix/build/replay/latency/quiet.xml, -Dsirix.replay.workDiag=false, -Dsirix.hot.mergeDiag=false, -Dsirix.replay.bench.scenarios=unchanged,deep,moves,restore]
COLUMNS,label,scenario,iteration,metric,nanos,threadAllocatedBytes,recordVisits,createdIdentities,stagedRecords,ancestorSteps,sidecarReads,fallbackPages,pathSteps,bookkeepingOperations
WARNING: A terminally deprecated method in sun.misc.Unsafe has been called
WARNING: sun.misc.Unsafe::arrayBaseOffset has been called by net.openhft.hashing.UnsafeAccess (file:/home/johannes/.gradle/caches/modules-2/files-2.1/net.openhft/zero-allocation-hashing/2026.0/2447494f7842ca377b4ccdba2089a8da5c1d1b50/zero-allocation-hashing-2026.0.jar)
WARNING: Please consider reporting this to the maintainers of class net.openhft.hashing.UnsafeAccess
WARNING: sun.misc.Unsafe::arrayBaseOffset will be removed in a future release
SAMPLE,p02-baseline,unchanged,0,bulkAppendCommit,7436914,1440352,-1,-1,-1,-1,-1,-1,-1,-1
SAMPLE,p02-baseline,unchanged,0,publicCompactDiff,32386953,5778056,-1,-1,-1,-1,-1,-1,-1,-1
SAMPLE,p02-baseline,unchanged,0,publicMaterializedDiff,17146773,5713936,-1,-1,-1,-1,-1,-1,-1,-1
SAMPLE,p02-baseline,unchanged,0,replayRead,12251712,3892176,-1,-1,-1,-1,-1,-1,-1,-1
SAMPLE,p02-baseline,unchanged,0,unchangedPublicDiff,617617,17336,-1,-1,-1,-1,-1,-1,-1,-1
SAMPLE,p02-baseline,unchanged,0,revisionCopy,214464120,12707768,-1,-1,-1,-1,-1,-1,-1,-1
SAMPLE,p02-baseline,unchanged,1,bulkAppendCommit,10541657,1440848,-1,-1,-1,-1,-1,-1,-1,-1
SAMPLE,p02-baseline,unchanged,1,publicCompactDiff,57833589,5777992,-1,-1,-1,-1,-1,-1,-1,-1
SAMPLE,p02-baseline,unchanged,1,publicMaterializedDiff,15371551,5713872,-1,-1,-1,-1,-1,-1,-1,-1
SAMPLE,p02-baseline,unchanged,1,replayRead,18699206,3891336,-1,-1,-1,-1,-1,-1,-1,-1
SAMPLE,p02-baseline,unchanged,1,unchangedPublicDiff,683294,17272,-1,-1,-1,-1,-1,-1,-1,-1
SAMPLE,p02-baseline,unchanged,1,revisionCopy,211870799,12656624,-1,-1,-1,-1,-1,-1,-1,-1
SAMPLE,p02-baseline,unchanged,2,bulkAppendCommit,15100769,1440616,-1,-1,-1,-1,-1,-1,-1,-1
SAMPLE,p02-baseline,unchanged,2,publicCompactDiff,53356898,5777992,-1,-1,-1,-1,-1,-1,-1,-1
SAMPLE,p02-baseline,unchanged,2,publicMaterializedDiff,21531904,5713936,-1,-1,-1,-1,-1,-1,-1,-1
SAMPLE,p02-baseline,unchanged,2,replayRead,16734341,3891496,-1,-1,-1,-1,-1,-1,-1,-1
SAMPLE,p02-baseline,unchanged,2,unchangedPublicDiff,611210,17336,-1,-1,-1,-1,-1,-1,-1,-1
SAMPLE,p02-baseline,unchanged,2,revisionCopy,195246597,12784136,-1,-1,-1,-1,-1,-1,-1,-1
SAMPLE,p02-baseline,unchanged,3,bulkAppendCommit,7494826,1440184,-1,-1,-1,-1,-1,-1,-1,-1
SAMPLE,p02-baseline,unchanged,3,publicCompactDiff,53486250,5778056,-1,-1,-1,-1,-1,-1,-1,-1
SAMPLE,p02-baseline,unchanged,3,publicMaterializedDiff,23379239,5713936,-1,-1,-1,-1,-1,-1,-1,-1
SAMPLE,p02-baseline,unchanged,3,replayRead,19905870,3891432,-1,-1,-1,-1,-1,-1,-1,-1
SAMPLE,p02-baseline,unchanged,3,unchangedPublicDiff,738832,17336,-1,-1,-1,-1,-1,-1,-1,-1
SAMPLE,p02-baseline,unchanged,3,revisionCopy,184362372,12731192,-1,-1,-1,-1,-1,-1,-1,-1
SAMPLE,p02-baseline,unchanged,4,bulkAppendCommit,5741790,1440488,-1,-1,-1,-1,-1,-1,-1,-1
SAMPLE,p02-baseline,unchanged,4,publicCompactDiff,32740074,5777992,-1,-1,-1,-1,-1,-1,-1,-1
SAMPLE,p02-baseline,unchanged,4,publicMaterializedDiff,14373411,5713936,-1,-1,-1,-1,-1,-1,-1,-1
SAMPLE,p02-baseline,unchanged,4,replayRead,11723299,3891432,-1,-1,-1,-1,-1,-1,-1,-1
SAMPLE,p02-baseline,unchanged,4,unchangedPublicDiff,420468,17336,-1,-1,-1,-1,-1,-1,-1,-1
SAMPLE,p02-baseline,unchanged,4,revisionCopy,139563959,12704784,-1,-1,-1,-1,-1,-1,-1,-1
SAMPLE,p02-baseline,unchanged,5,bulkAppendCommit,7375432,1440584,-1,-1,-1,-1,-1,-1,-1,-1
SAMPLE,p02-baseline,unchanged,5,publicCompactDiff,54300188,5777992,-1,-1,-1,-1,-1,-1,-1,-1
SAMPLE,p02-baseline,unchanged,5,publicMaterializedDiff,22583744,5713872,-1,-1,-1,-1,-1,-1,-1,-1
SAMPLE,p02-baseline,unchanged,5,replayRead,20402529,3891336,-1,-1,-1,-1,-1,-1,-1,-1
SAMPLE,p02-baseline,unchanged,5,unchangedPublicDiff,493469,17272,-1,-1,-1,-1,-1,-1,-1,-1
SAMPLE,p02-baseline,unchanged,5,revisionCopy,135793081,12608728,-1,-1,-1,-1,-1,-1,-1,-1
SAMPLE,p02-baseline,unchanged,6,bulkAppendCommit,7210022,1440176,-1,-1,-1,-1,-1,-1,-1,-1
SAMPLE,p02-baseline,unchanged,6,publicCompactDiff,53924060,5778056,-1,-1,-1,-1,-1,-1,-1,-1
SAMPLE,p02-baseline,unchanged,6,publicMaterializedDiff,22755757,5713936,-1,-1,-1,-1,-1,-1,-1,-1
SAMPLE,p02-baseline,unchanged,6,replayRead,19473885,3891432,-1,-1,-1,-1,-1,-1,-1,-1
SAMPLE,p02-baseline,unchanged,6,unchangedPublicDiff,435268,17336,-1,-1,-1,-1,-1,-1,-1,-1
SAMPLE,p02-baseline,unchanged,6,revisionCopy,165166753,12609760,-1,-1,-1,-1,-1,-1,-1,-1
SAMPLE,p02-baseline,unchanged,7,bulkAppendCommit,8077317,1439792,-1,-1,-1,-1,-1,-1,-1,-1
SAMPLE,p02-baseline,unchanged,7,publicCompactDiff,53694970,5778096,-1,-1,-1,-1,-1,-1,-1,-1
SAMPLE,p02-baseline,unchanged,7,publicMaterializedDiff,22348307,5713872,-1,-1,-1,-1,-1,-1,-1,-1
SAMPLE,p02-baseline,unchanged,7,replayRead,19052262,3891336,-1,-1,-1,-1,-1,-1,-1,-1
SAMPLE,p02-baseline,unchanged,7,unchangedPublicDiff,461492,17272,-1,-1,-1,-1,-1,-1,-1,-1
SAMPLE,p02-baseline,unchanged,7,revisionCopy,175567235,12607544,-1,-1,-1,-1,-1,-1,-1,-1
SAMPLE,p02-baseline,unchanged,8,bulkAppendCommit,7274099,1438264,-1,-1,-1,-1,-1,-1,-1,-1
SAMPLE,p02-baseline,unchanged,8,publicCompactDiff,53355671,5773048,-1,-1,-1,-1,-1,-1,-1,-1
SAMPLE,p02-baseline,unchanged,8,publicMaterializedDiff,22609270,5708992,-1,-1,-1,-1,-1,-1,-1,-1
SAMPLE,p02-baseline,unchanged,8,replayRead,19506496,3886464,-1,-1,-1,-1,-1,-1,-1,-1
SAMPLE,p02-baseline,unchanged,8,unchangedPublicDiff,411254,17288,-1,-1,-1,-1,-1,-1,-1,-1
SAMPLE,p02-baseline,unchanged,8,revisionCopy,147813850,12601792,-1,-1,-1,-1,-1,-1,-1,-1
SAMPLE,p02-baseline,deep,0,bulkAppendCommit,7608216,1822456,-1,-1,-1,-1,-1,-1,-1,-1
SAMPLE,p02-baseline,deep,0,publicCompactDiff,1495409,372760,-1,-1,-1,-1,-1,-1,-1,-1
SAMPLE,p02-baseline,deep,0,publicMaterializedDiff,1281296,372704,-1,-1,-1,-1,-1,-1,-1,-1
SAMPLE,p02-baseline,deep,0,replayRead,1261863,381728,-1,-1,-1,-1,-1,-1,-1,-1
SAMPLE,p02-baseline,deep,0,unchangedPublicDiff,289834,17696,-1,-1,-1,-1,-1,-1,-1,-1
SAMPLE,p02-baseline,deep,0,revisionCopy,19311681,4616848,-1,-1,-1,-1,-1,-1,-1,-1
SAMPLE,p02-baseline,deep,1,bulkAppendCommit,6055804,1821920,-1,-1,-1,-1,-1,-1,-1,-1
SAMPLE,p02-baseline,deep,1,publicCompactDiff,758257,372760,-1,-1,-1,-1,-1,-1,-1,-1
SAMPLE,p02-baseline,deep,1,publicMaterializedDiff,611288,372704,-1,-1,-1,-1,-1,-1,-1,-1
SAMPLE,p02-baseline,deep,1,replayRead,604699,381728,-1,-1,-1,-1,-1,-1,-1,-1
SAMPLE,p02-baseline,deep,1,unchangedPublicDiff,137216,17696,-1,-1,-1,-1,-1,-1,-1,-1
SAMPLE,p02-baseline,deep,1,revisionCopy,14928907,4617632,-1,-1,-1,-1,-1,-1,-1,-1
SAMPLE,p02-baseline,deep,2,bulkAppendCommit,6738053,1822304,-1,-1,-1,-1,-1,-1,-1,-1
SAMPLE,p02-baseline,deep,2,publicCompactDiff,1357656,372760,-1,-1,-1,-1,-1,-1,-1,-1
SAMPLE,p02-baseline,deep,2,publicMaterializedDiff,1184657,372704,-1,-1,-1,-1,-1,-1,-1,-1
SAMPLE,p02-baseline,deep,2,replayRead,1231992,381728,-1,-1,-1,-1,-1,-1,-1,-1
SAMPLE,p02-baseline,deep,2,unchangedPublicDiff,298494,17696,-1,-1,-1,-1,-1,-1,-1,-1
SAMPLE,p02-baseline,deep,2,revisionCopy,17171133,4617368,-1,-1,-1,-1,-1,-1,-1,-1
SAMPLE,p02-baseline,deep,3,bulkAppendCommit,6419319,1816064,-1,-1,-1,-1,-1,-1,-1,-1
SAMPLE,p02-baseline,deep,3,publicCompactDiff,631113,366520,-1,-1,-1,-1,-1,-1,-1,-1
SAMPLE,p02-baseline,deep,3,publicMaterializedDiff,530704,366464,-1,-1,-1,-1,-1,-1,-1,-1
SAMPLE,p02-baseline,deep,3,replayRead,523307,375488,-1,-1,-1,-1,-1,-1,-1,-1
SAMPLE,p02-baseline,deep,3,unchangedPublicDiff,173066,17696,-1,-1,-1,-1,-1,-1,-1,-1
SAMPLE,p02-baseline,deep,3,revisionCopy,16110632,4610672,-1,-1,-1,-1,-1,-1,-1,-1
SAMPLE,p02-baseline,deep,4,bulkAppendCommit,6116398,1817960,-1,-1,-1,-1,-1,-1,-1,-1
SAMPLE,p02-baseline,deep,4,publicCompactDiff,1259750,366520,-1,-1,-1,-1,-1,-1,-1,-1
SAMPLE,p02-baseline,deep,4,publicMaterializedDiff,1043443,366464,-1,-1,-1,-1,-1,-1,-1,-1
SAMPLE,p02-baseline,deep,4,replayRead,1060946,375488,-1,-1,-1,-1,-1,-1,-1,-1
SAMPLE,p02-baseline,deep,4,unchangedPublicDiff,314736,17696,-1,-1,-1,-1,-1,-1,-1,-1
SAMPLE,p02-baseline,deep,4,revisionCopy,13987549,4610888,-1,-1,-1,-1,-1,-1,-1,-1
SAMPLE,p02-baseline,deep,5,bulkAppendCommit,4819651,1816128,-1,-1,-1,-1,-1,-1,-1,-1
SAMPLE,p02-baseline,deep,5,publicCompactDiff,1253415,366520,-1,-1,-1,-1,-1,-1,-1,-1
SAMPLE,p02-baseline,deep,5,publicMaterializedDiff,1038581,366464,-1,-1,-1,-1,-1,-1,-1,-1
SAMPLE,p02-baseline,deep,5,replayRead,1040678,375488,-1,-1,-1,-1,-1,-1,-1,-1
SAMPLE,p02-baseline,deep,5,unchangedPublicDiff,412484,17696,-1,-1,-1,-1,-1,-1,-1,-1
SAMPLE,p02-baseline,deep,5,revisionCopy,15972082,4611472,-1,-1,-1,-1,-1,-1,-1,-1
SAMPLE,p02-baseline,deep,6,bulkAppendCommit,5981489,1816984,-1,-1,-1,-1,-1,-1,-1,-1
SAMPLE,p02-baseline,deep,6,publicCompactDiff,1013413,366520,-1,-1,-1,-1,-1,-1,-1,-1
SAMPLE,p02-baseline,deep,6,publicMaterializedDiff,828735,366464,-1,-1,-1,-1,-1,-1,-1,-1
SAMPLE,p02-baseline,deep,6,replayRead,865438,375488,-1,-1,-1,-1,-1,-1,-1,-1
SAMPLE,p02-baseline,deep,6,unchangedPublicDiff,206006,17696,-1,-1,-1,-1,-1,-1,-1,-1
SAMPLE,p02-baseline,deep,6,revisionCopy,16328789,4611248,-1,-1,-1,-1,-1,-1,-1,-1
SAMPLE,p02-baseline,deep,7,bulkAppendCommit,4631826,1816240,-1,-1,-1,-1,-1,-1,-1,-1
SAMPLE,p02-baseline,deep,7,publicCompactDiff,667389,366520,-1,-1,-1,-1,-1,-1,-1,-1
SAMPLE,p02-baseline,deep,7,publicMaterializedDiff,611096,366464,-1,-1,-1,-1,-1,-1,-1,-1
SAMPLE,p02-baseline,deep,7,replayRead,1181474,375488,-1,-1,-1,-1,-1,-1,-1,-1
SAMPLE,p02-baseline,deep,7,unchangedPublicDiff,427992,17696,-1,-1,-1,-1,-1,-1,-1,-1
SAMPLE,p02-baseline,deep,7,revisionCopy,13868296,4611192,-1,-1,-1,-1,-1,-1,-1,-1
SAMPLE,p02-baseline,deep,8,bulkAppendCommit,7868868,1816264,-1,-1,-1,-1,-1,-1,-1,-1
SAMPLE,p02-baseline,deep,8,publicCompactDiff,1273694,366520,-1,-1,-1,-1,-1,-1,-1,-1
SAMPLE,p02-baseline,deep,8,publicMaterializedDiff,1119063,366464,-1,-1,-1,-1,-1,-1,-1,-1
SAMPLE,p02-baseline,deep,8,replayRead,1294250,375488,-1,-1,-1,-1,-1,-1,-1,-1
SAMPLE,p02-baseline,deep,8,unchangedPublicDiff,325468,17696,-1,-1,-1,-1,-1,-1,-1,-1
SAMPLE,p02-baseline,deep,8,revisionCopy,16924039,4610608,-1,-1,-1,-1,-1,-1,-1,-1
SAMPLE,p02-baseline,moves,0,sourceMutationCommit,3615438,1303048,-1,-1,-1,-1,-1,-1,-1,-1
SAMPLE,p02-baseline,moves,0,publicCompactDiff,491742,76728,-1,-1,-1,-1,-1,-1,-1,-1
SAMPLE,p02-baseline,moves,0,publicMaterializedDiff,473423,100376,-1,-1,-1,-1,-1,-1,-1,-1
SAMPLE,p02-baseline,moves,0,replayRead,602494,133328,-1,-1,-1,-1,-1,-1,-1,-1
SAMPLE,p02-baseline,moves,0,unchangedPublicDiff,158926,17656,-1,-1,-1,-1,-1,-1,-1,-1
SAMPLE,p02-baseline,moves,0,revisionCopy,13555934,3887440,-1,-1,-1,-1,-1,-1,-1,-1
SAMPLE,p02-baseline,moves,1,sourceMutationCommit,4220845,1302960,-1,-1,-1,-1,-1,-1,-1,-1
SAMPLE,p02-baseline,moves,1,publicCompactDiff,640796,76728,-1,-1,-1,-1,-1,-1,-1,-1
SAMPLE,p02-baseline,moves,1,publicMaterializedDiff,713868,100376,-1,-1,-1,-1,-1,-1,-1,-1
SAMPLE,p02-baseline,moves,1,replayRead,807677,133328,-1,-1,-1,-1,-1,-1,-1,-1
SAMPLE,p02-baseline,moves,1,unchangedPublicDiff,185235,17656,-1,-1,-1,-1,-1,-1,-1,-1
SAMPLE,p02-baseline,moves,1,revisionCopy,10975800,3887432,-1,-1,-1,-1,-1,-1,-1,-1
SAMPLE,p02-baseline,moves,2,sourceMutationCommit,4959011,1303008,-1,-1,-1,-1,-1,-1,-1,-1
SAMPLE,p02-baseline,moves,2,publicCompactDiff,617172,76728,-1,-1,-1,-1,-1,-1,-1,-1
SAMPLE,p02-baseline,moves,2,publicMaterializedDiff,691707,100376,-1,-1,-1,-1,-1,-1,-1,-1
SAMPLE,p02-baseline,moves,2,replayRead,797842,133328,-1,-1,-1,-1,-1,-1,-1,-1
SAMPLE,p02-baseline,moves,2,unchangedPublicDiff,182019,17656,-1,-1,-1,-1,-1,-1,-1,-1
SAMPLE,p02-baseline,moves,2,revisionCopy,12966308,3887696,-1,-1,-1,-1,-1,-1,-1,-1
SAMPLE,p02-baseline,moves,3,sourceMutationCommit,4608487,1303200,-1,-1,-1,-1,-1,-1,-1,-1
SAMPLE,p02-baseline,moves,3,publicCompactDiff,629018,76728,-1,-1,-1,-1,-1,-1,-1,-1
SAMPLE,p02-baseline,moves,3,publicMaterializedDiff,452399,100376,-1,-1,-1,-1,-1,-1,-1,-1
SAMPLE,p02-baseline,moves,3,replayRead,534848,133328,-1,-1,-1,-1,-1,-1,-1,-1
SAMPLE,p02-baseline,moves,3,unchangedPublicDiff,133070,17656,-1,-1,-1,-1,-1,-1,-1,-1
SAMPLE,p02-baseline,moves,3,revisionCopy,12717623,3882200,-1,-1,-1,-1,-1,-1,-1,-1
SAMPLE,p02-baseline,moves,4,sourceMutationCommit,5564800,1301216,-1,-1,-1,-1,-1,-1,-1,-1
SAMPLE,p02-baseline,moves,4,publicCompactDiff,749990,76472,-1,-1,-1,-1,-1,-1,-1,-1
SAMPLE,p02-baseline,moves,4,publicMaterializedDiff,894527,99928,-1,-1,-1,-1,-1,-1,-1,-1
SAMPLE,p02-baseline,moves,4,replayRead,858346,132560,-1,-1,-1,-1,-1,-1,-1,-1
SAMPLE,p02-baseline,moves,4,unchangedPublicDiff,177463,17464,-1,-1,-1,-1,-1,-1,-1,-1
SAMPLE,p02-baseline,moves,4,revisionCopy,11288953,3882656,-1,-1,-1,-1,-1,-1,-1,-1
SAMPLE,p02-baseline,moves,5,sourceMutationCommit,4241564,1301000,-1,-1,-1,-1,-1,-1,-1,-1
SAMPLE,p02-baseline,moves,5,publicCompactDiff,693098,76472,-1,-1,-1,-1,-1,-1,-1,-1
SAMPLE,p02-baseline,moves,5,publicMaterializedDiff,645059,99928,-1,-1,-1,-1,-1,-1,-1,-1
SAMPLE,p02-baseline,moves,5,replayRead,780266,132560,-1,-1,-1,-1,-1,-1,-1,-1
SAMPLE,p02-baseline,moves,5,unchangedPublicDiff,180867,17464,-1,-1,-1,-1,-1,-1,-1,-1
SAMPLE,p02-baseline,moves,5,revisionCopy,12184060,3882496,-1,-1,-1,-1,-1,-1,-1,-1
SAMPLE,p02-baseline,moves,6,sourceMutationCommit,4829465,1301304,-1,-1,-1,-1,-1,-1,-1,-1
SAMPLE,p02-baseline,moves,6,publicCompactDiff,586889,76472,-1,-1,-1,-1,-1,-1,-1,-1
SAMPLE,p02-baseline,moves,6,publicMaterializedDiff,760745,99928,-1,-1,-1,-1,-1,-1,-1,-1
SAMPLE,p02-baseline,moves,6,replayRead,991484,132560,-1,-1,-1,-1,-1,-1,-1,-1
SAMPLE,p02-baseline,moves,6,unchangedPublicDiff,139800,17464,-1,-1,-1,-1,-1,-1,-1,-1
SAMPLE,p02-baseline,moves,6,revisionCopy,8454285,3882528,-1,-1,-1,-1,-1,-1,-1,-1
SAMPLE,p02-baseline,moves,7,sourceMutationCommit,3443359,1301304,-1,-1,-1,-1,-1,-1,-1,-1
SAMPLE,p02-baseline,moves,7,publicCompactDiff,648882,76472,-1,-1,-1,-1,-1,-1,-1,-1
SAMPLE,p02-baseline,moves,7,publicMaterializedDiff,695252,99928,-1,-1,-1,-1,-1,-1,-1,-1
SAMPLE,p02-baseline,moves,7,replayRead,800706,132560,-1,-1,-1,-1,-1,-1,-1,-1
SAMPLE,p02-baseline,moves,7,unchangedPublicDiff,192026,17464,-1,-1,-1,-1,-1,-1,-1,-1
SAMPLE,p02-baseline,moves,7,revisionCopy,12188743,3882312,-1,-1,-1,-1,-1,-1,-1,-1
SAMPLE,p02-baseline,moves,8,sourceMutationCommit,4419294,1300800,-1,-1,-1,-1,-1,-1,-1,-1
SAMPLE,p02-baseline,moves,8,publicCompactDiff,675346,76472,-1,-1,-1,-1,-1,-1,-1,-1
SAMPLE,p02-baseline,moves,8,publicMaterializedDiff,625390,99928,-1,-1,-1,-1,-1,-1,-1,-1
SAMPLE,p02-baseline,moves,8,replayRead,746010,132560,-1,-1,-1,-1,-1,-1,-1,-1
SAMPLE,p02-baseline,moves,8,unchangedPublicDiff,183111,17464,-1,-1,-1,-1,-1,-1,-1,-1
SAMPLE,p02-baseline,moves,8,revisionCopy,12091320,3882440,-1,-1,-1,-1,-1,-1,-1,-1
SAMPLE,p02-baseline,restore,0,sourceMutationCommit,4168406,1299608,-1,-1,-1,-1,-1,-1,-1,-1
SAMPLE,p02-baseline,restore,0,publicCompactDiff,421822,35848,-1,-1,-1,-1,-1,-1,-1,-1
SAMPLE,p02-baseline,restore,0,publicMaterializedDiff,234940,35792,-1,-1,-1,-1,-1,-1,-1,-1
SAMPLE,p02-baseline,restore,0,replayRead,295187,48120,-1,-1,-1,-1,-1,-1,-1,-1
SAMPLE,p02-baseline,restore,0,restorationPublicDiff,361543,45256,-1,-1,-1,-1,-1,-1,-1,-1
SAMPLE,p02-baseline,restore,0,revisionCopy,13173929,3968544,-1,-1,-1,-1,-1,-1,-1,-1
SAMPLE,p02-baseline,restore,1,sourceMutationCommit,3165517,1299248,-1,-1,-1,-1,-1,-1,-1,-1
SAMPLE,p02-baseline,restore,1,publicCompactDiff,281997,35848,-1,-1,-1,-1,-1,-1,-1,-1
SAMPLE,p02-baseline,restore,1,publicMaterializedDiff,129242,35792,-1,-1,-1,-1,-1,-1,-1,-1
SAMPLE,p02-baseline,restore,1,replayRead,174203,48120,-1,-1,-1,-1,-1,-1,-1,-1
SAMPLE,p02-baseline,restore,1,restorationPublicDiff,257275,45256,-1,-1,-1,-1,-1,-1,-1,-1
SAMPLE,p02-baseline,restore,1,revisionCopy,10361113,3967304,-1,-1,-1,-1,-1,-1,-1,-1
SAMPLE,p02-baseline,restore,2,sourceMutationCommit,3663327,1299304,-1,-1,-1,-1,-1,-1,-1,-1
SAMPLE,p02-baseline,restore,2,publicCompactDiff,333325,35848,-1,-1,-1,-1,-1,-1,-1,-1
SAMPLE,p02-baseline,restore,2,publicMaterializedDiff,311907,35792,-1,-1,-1,-1,-1,-1,-1,-1
SAMPLE,p02-baseline,restore,2,replayRead,309076,48120,-1,-1,-1,-1,-1,-1,-1,-1
SAMPLE,p02-baseline,restore,2,restorationPublicDiff,338796,45256,-1,-1,-1,-1,-1,-1,-1,-1
SAMPLE,p02-baseline,restore,2,revisionCopy,19324098,3967080,-1,-1,-1,-1,-1,-1,-1,-1
SAMPLE,p02-baseline,restore,3,sourceMutationCommit,3869244,1299400,-1,-1,-1,-1,-1,-1,-1,-1
SAMPLE,p02-baseline,restore,3,publicCompactDiff,408757,35848,-1,-1,-1,-1,-1,-1,-1,-1
SAMPLE,p02-baseline,restore,3,publicMaterializedDiff,215703,35792,-1,-1,-1,-1,-1,-1,-1,-1
SAMPLE,p02-baseline,restore,3,replayRead,311243,48120,-1,-1,-1,-1,-1,-1,-1,-1
SAMPLE,p02-baseline,restore,3,restorationPublicDiff,333385,45256,-1,-1,-1,-1,-1,-1,-1,-1
SAMPLE,p02-baseline,restore,3,revisionCopy,12931608,3967728,-1,-1,-1,-1,-1,-1,-1,-1
SAMPLE,p02-baseline,restore,4,sourceMutationCommit,4305729,1299608,-1,-1,-1,-1,-1,-1,-1,-1
SAMPLE,p02-baseline,restore,4,publicCompactDiff,466583,35848,-1,-1,-1,-1,-1,-1,-1,-1
SAMPLE,p02-baseline,restore,4,publicMaterializedDiff,259494,35792,-1,-1,-1,-1,-1,-1,-1,-1
SAMPLE,p02-baseline,restore,4,replayRead,291412,48120,-1,-1,-1,-1,-1,-1,-1,-1
SAMPLE,p02-baseline,restore,4,restorationPublicDiff,344442,45256,-1,-1,-1,-1,-1,-1,-1,-1
SAMPLE,p02-baseline,restore,4,revisionCopy,14674125,3966936,-1,-1,-1,-1,-1,-1,-1,-1
SAMPLE,p02-baseline,restore,5,sourceMutationCommit,4566612,1299056,-1,-1,-1,-1,-1,-1,-1,-1
SAMPLE,p02-baseline,restore,5,publicCompactDiff,477166,35848,-1,-1,-1,-1,-1,-1,-1,-1
SAMPLE,p02-baseline,restore,5,publicMaterializedDiff,244919,35792,-1,-1,-1,-1,-1,-1,-1,-1
SAMPLE,p02-baseline,restore,5,replayRead,259952,48120,-1,-1,-1,-1,-1,-1,-1,-1
SAMPLE,p02-baseline,restore,5,restorationPublicDiff,355864,45256,-1,-1,-1,-1,-1,-1,-1,-1
SAMPLE,p02-baseline,restore,5,revisionCopy,13990360,3968736,-1,-1,-1,-1,-1,-1,-1,-1
SAMPLE,p02-baseline,restore,6,sourceMutationCommit,4013866,1299608,-1,-1,-1,-1,-1,-1,-1,-1
SAMPLE,p02-baseline,restore,6,publicCompactDiff,409629,35848,-1,-1,-1,-1,-1,-1,-1,-1
SAMPLE,p02-baseline,restore,6,publicMaterializedDiff,229621,35792,-1,-1,-1,-1,-1,-1,-1,-1
SAMPLE,p02-baseline,restore,6,replayRead,260023,48120,-1,-1,-1,-1,-1,-1,-1,-1
SAMPLE,p02-baseline,restore,6,restorationPublicDiff,320932,45256,-1,-1,-1,-1,-1,-1,-1,-1
SAMPLE,p02-baseline,restore,6,revisionCopy,13805990,3967320,-1,-1,-1,-1,-1,-1,-1,-1
SAMPLE,p02-baseline,restore,7,sourceMutationCommit,4261149,1299640,-1,-1,-1,-1,-1,-1,-1,-1
SAMPLE,p02-baseline,restore,7,publicCompactDiff,399539,35848,-1,-1,-1,-1,-1,-1,-1,-1
SAMPLE,p02-baseline,restore,7,publicMaterializedDiff,199252,35792,-1,-1,-1,-1,-1,-1,-1,-1
SAMPLE,p02-baseline,restore,7,replayRead,237497,48120,-1,-1,-1,-1,-1,-1,-1,-1
SAMPLE,p02-baseline,restore,7,restorationPublicDiff,329445,45256,-1,-1,-1,-1,-1,-1,-1,-1
SAMPLE,p02-baseline,restore,7,revisionCopy,14158905,3968856,-1,-1,-1,-1,-1,-1,-1,-1
SAMPLE,p02-baseline,restore,8,sourceMutationCommit,3908011,1299608,-1,-1,-1,-1,-1,-1,-1,-1
SAMPLE,p02-baseline,restore,8,publicCompactDiff,398387,35848,-1,-1,-1,-1,-1,-1,-1,-1
SAMPLE,p02-baseline,restore,8,publicMaterializedDiff,200559,35792,-1,-1,-1,-1,-1,-1,-1,-1
SAMPLE,p02-baseline,restore,8,replayRead,269838,48120,-1,-1,-1,-1,-1,-1,-1,-1
SAMPLE,p02-baseline,restore,8,restorationPublicDiff,317772,45256,-1,-1,-1,-1,-1,-1,-1,-1
SAMPLE,p02-baseline,restore,8,revisionCopy,11846322,3967824,-1,-1,-1,-1,-1,-1,-1,-1
END,p02-baseline,sink=555
# [StorageProfile] dump called: enabled=false byKind.size=0
