ADMITTED,2026-10-05T22:43:37Z
WARNING: Using incubator modules: jdk.incubator.vector
RUN,p03-candidate,pid=3031594,java=25.0.3,identity=true,warmups=8,samples=9
JVM,p03-candidate,maxHeap=3221225472,arguments=[-XX:ThreadPriorityPolicy=1, -XX:+UnlockExperimentalVMOptions, -XX:+EnableJVMCIProduct, -XX:+EnableJVMCI, -XX:-UnlockExperimentalVMOptions, -ea, -Xms512m, -Xmx3g, --add-opens=java.base/sun.nio.ch=ALL-UNNAMED, --add-opens=java.base/java.nio=ALL-UNNAMED, --add-modules=jdk.incubator.vector, --enable-native-access=ALL-UNNAMED, -XX:+EnableDynamicAgentLoading, -XX:+UnlockDiagnosticVMOptions, -XX:+DebugNonSafepoints, --add-modules=jdk.incubator.vector, -Dfile.encoding=UTF-8, -Djava.io.tmpdir=/home/johannes/.treehouse/sirix-cdde48/20/sirix/build/replay/tmp, -Dlogback.configurationFile=/home/johannes/.treehouse/sirix-cdde48/20/sirix/build/replay/latency/quiet.xml, -Dsirix.replay.workDiag=false, -Dsirix.hot.mergeDiag=false, -Dsirix.replay.bench.scenarios=unchanged,deep,moves,restore]
COLUMNS,label,scenario,iteration,metric,nanos,threadAllocatedBytes,recordVisits,createdIdentities,stagedRecords,ancestorSteps,sidecarReads,fallbackPages,pathSteps,bookkeepingOperations
WARNING: A terminally deprecated method in sun.misc.Unsafe has been called
WARNING: sun.misc.Unsafe::arrayBaseOffset has been called by net.openhft.hashing.UnsafeAccess (file:/home/johannes/.gradle/caches/modules-2/files-2.1/net.openhft/zero-allocation-hashing/2026.0/2447494f7842ca377b4ccdba2089a8da5c1d1b50/zero-allocation-hashing-2026.0.jar)
WARNING: Please consider reporting this to the maintainers of class net.openhft.hashing.UnsafeAccess
WARNING: sun.misc.Unsafe::arrayBaseOffset will be removed in a future release
SAMPLE,p03-candidate,unchanged,0,bulkAppendCommit,10082735,1446640,-1,-1,-1,-1,-1,-1,-1,-1
SAMPLE,p03-candidate,unchanged,0,publicCompactDiff,62322683,5778088,-1,-1,-1,-1,-1,-1,-1,-1
SAMPLE,p03-candidate,unchanged,0,publicMaterializedDiff,31407858,5713936,-1,-1,-1,-1,-1,-1,-1,-1
SAMPLE,p03-candidate,unchanged,0,replayRead,5100500,623432,-1,-1,-1,-1,-1,-1,-1,-1
SAMPLE,p03-candidate,unchanged,0,unchangedPublicDiff,605514,17336,-1,-1,-1,-1,-1,-1,-1,-1
SAMPLE,p03-candidate,unchanged,0,revisionCopy,191893875,34670968,-1,-1,-1,-1,-1,-1,-1,-1
SAMPLE,p03-candidate,unchanged,1,bulkAppendCommit,8249631,1446400,-1,-1,-1,-1,-1,-1,-1,-1
SAMPLE,p03-candidate,unchanged,1,publicCompactDiff,40143376,5778024,-1,-1,-1,-1,-1,-1,-1,-1
SAMPLE,p03-candidate,unchanged,1,publicMaterializedDiff,20319397,5713872,-1,-1,-1,-1,-1,-1,-1,-1
SAMPLE,p03-candidate,unchanged,1,replayRead,4331422,623400,-1,-1,-1,-1,-1,-1,-1,-1
SAMPLE,p03-candidate,unchanged,1,unchangedPublicDiff,751944,17272,-1,-1,-1,-1,-1,-1,-1,-1
SAMPLE,p03-candidate,unchanged,1,revisionCopy,146527257,34766040,-1,-1,-1,-1,-1,-1,-1,-1
SAMPLE,p03-candidate,unchanged,2,bulkAppendCommit,8355913,1446752,-1,-1,-1,-1,-1,-1,-1,-1
SAMPLE,p03-candidate,unchanged,2,publicCompactDiff,38219910,5778088,-1,-1,-1,-1,-1,-1,-1,-1
SAMPLE,p03-candidate,unchanged,2,publicMaterializedDiff,15618951,5713936,-1,-1,-1,-1,-1,-1,-1,-1
SAMPLE,p03-candidate,unchanged,2,replayRead,3275653,623432,-1,-1,-1,-1,-1,-1,-1,-1
SAMPLE,p03-candidate,unchanged,2,unchangedPublicDiff,503057,17336,-1,-1,-1,-1,-1,-1,-1,-1
SAMPLE,p03-candidate,unchanged,2,revisionCopy,115249752,34740744,-1,-1,-1,-1,-1,-1,-1,-1
SAMPLE,p03-candidate,unchanged,3,bulkAppendCommit,11033340,1446224,-1,-1,-1,-1,-1,-1,-1,-1
SAMPLE,p03-candidate,unchanged,3,publicCompactDiff,68748387,5778024,-1,-1,-1,-1,-1,-1,-1,-1
SAMPLE,p03-candidate,unchanged,3,publicMaterializedDiff,25165198,5713872,-1,-1,-1,-1,-1,-1,-1,-1
SAMPLE,p03-candidate,unchanged,3,replayRead,2350404,623400,-1,-1,-1,-1,-1,-1,-1,-1
SAMPLE,p03-candidate,unchanged,3,unchangedPublicDiff,317185,17272,-1,-1,-1,-1,-1,-1,-1,-1
SAMPLE,p03-candidate,unchanged,3,revisionCopy,111904062,34796160,-1,-1,-1,-1,-1,-1,-1,-1
SAMPLE,p03-candidate,unchanged,4,bulkAppendCommit,8350088,1447440,-1,-1,-1,-1,-1,-1,-1,-1
SAMPLE,p03-candidate,unchanged,4,publicCompactDiff,37363943,5778056,-1,-1,-1,-1,-1,-1,-1,-1
SAMPLE,p03-candidate,unchanged,4,publicMaterializedDiff,14046037,5713936,-1,-1,-1,-1,-1,-1,-1,-1
SAMPLE,p03-candidate,unchanged,4,replayRead,2160608,623432,-1,-1,-1,-1,-1,-1,-1,-1
SAMPLE,p03-candidate,unchanged,4,unchangedPublicDiff,401609,17336,-1,-1,-1,-1,-1,-1,-1,-1
SAMPLE,p03-candidate,unchanged,4,revisionCopy,108937902,34780272,-1,-1,-1,-1,-1,-1,-1,-1
SAMPLE,p03-candidate,unchanged,5,bulkAppendCommit,7218454,1445984,-1,-1,-1,-1,-1,-1,-1,-1
SAMPLE,p03-candidate,unchanged,5,publicCompactDiff,49314032,5777960,-1,-1,-1,-1,-1,-1,-1,-1
SAMPLE,p03-candidate,unchanged,5,publicMaterializedDiff,13814072,5713872,-1,-1,-1,-1,-1,-1,-1,-1
SAMPLE,p03-candidate,unchanged,5,replayRead,2155154,623400,-1,-1,-1,-1,-1,-1,-1,-1
SAMPLE,p03-candidate,unchanged,5,unchangedPublicDiff,358036,17304,-1,-1,-1,-1,-1,-1,-1,-1
SAMPLE,p03-candidate,unchanged,5,revisionCopy,109046559,34764080,-1,-1,-1,-1,-1,-1,-1,-1
SAMPLE,p03-candidate,unchanged,6,bulkAppendCommit,5899526,1446808,-1,-1,-1,-1,-1,-1,-1,-1
SAMPLE,p03-candidate,unchanged,6,publicCompactDiff,57929611,5778088,-1,-1,-1,-1,-1,-1,-1,-1
SAMPLE,p03-candidate,unchanged,6,publicMaterializedDiff,26783742,5714184,-1,-1,-1,-1,-1,-1,-1,-1
SAMPLE,p03-candidate,unchanged,6,replayRead,3008645,623432,-1,-1,-1,-1,-1,-1,-1,-1
SAMPLE,p03-candidate,unchanged,6,unchangedPublicDiff,493223,17336,-1,-1,-1,-1,-1,-1,-1,-1
SAMPLE,p03-candidate,unchanged,6,revisionCopy,151461960,34085112,-1,-1,-1,-1,-1,-1,-1,-1
SAMPLE,p03-candidate,unchanged,7,bulkAppendCommit,8652290,1445904,-1,-1,-1,-1,-1,-1,-1,-1
SAMPLE,p03-candidate,unchanged,7,publicCompactDiff,61547553,5778024,-1,-1,-1,-1,-1,-1,-1,-1
SAMPLE,p03-candidate,unchanged,7,publicMaterializedDiff,30024445,5713872,-1,-1,-1,-1,-1,-1,-1,-1
SAMPLE,p03-candidate,unchanged,7,replayRead,3054048,623400,-1,-1,-1,-1,-1,-1,-1,-1
SAMPLE,p03-candidate,unchanged,7,unchangedPublicDiff,598403,17272,-1,-1,-1,-1,-1,-1,-1,-1
SAMPLE,p03-candidate,unchanged,7,revisionCopy,102878159,33958888,-1,-1,-1,-1,-1,-1,-1,-1
SAMPLE,p03-candidate,unchanged,8,bulkAppendCommit,8116599,1446448,-1,-1,-1,-1,-1,-1,-1,-1
SAMPLE,p03-candidate,unchanged,8,publicCompactDiff,54675825,5778088,-1,-1,-1,-1,-1,-1,-1,-1
SAMPLE,p03-candidate,unchanged,8,publicMaterializedDiff,25472984,5713936,-1,-1,-1,-1,-1,-1,-1,-1
SAMPLE,p03-candidate,unchanged,8,replayRead,2757409,623384,-1,-1,-1,-1,-1,-1,-1,-1
SAMPLE,p03-candidate,unchanged,8,unchangedPublicDiff,419515,17288,-1,-1,-1,-1,-1,-1,-1,-1
SAMPLE,p03-candidate,unchanged,8,revisionCopy,157443144,33799760,-1,-1,-1,-1,-1,-1,-1,-1
SAMPLE,p03-candidate,deep,0,bulkAppendCommit,4948737,1873032,-1,-1,-1,-1,-1,-1,-1,-1
SAMPLE,p03-candidate,deep,0,publicCompactDiff,955144,372648,-1,-1,-1,-1,-1,-1,-1,-1
SAMPLE,p03-candidate,deep,0,publicMaterializedDiff,757501,372592,-1,-1,-1,-1,-1,-1,-1,-1
SAMPLE,p03-candidate,deep,0,replayRead,328668,62104,-1,-1,-1,-1,-1,-1,-1,-1
SAMPLE,p03-candidate,deep,0,unchangedPublicDiff,142225,17552,-1,-1,-1,-1,-1,-1,-1,-1
SAMPLE,p03-candidate,deep,0,revisionCopy,13332330,4428248,-1,-1,-1,-1,-1,-1,-1,-1
SAMPLE,p03-candidate,deep,1,bulkAppendCommit,5458500,1873184,-1,-1,-1,-1,-1,-1,-1,-1
SAMPLE,p03-candidate,deep,1,publicCompactDiff,798378,372648,-1,-1,-1,-1,-1,-1,-1,-1
SAMPLE,p03-candidate,deep,1,publicMaterializedDiff,677142,372592,-1,-1,-1,-1,-1,-1,-1,-1
SAMPLE,p03-candidate,deep,1,replayRead,341283,62104,-1,-1,-1,-1,-1,-1,-1,-1
SAMPLE,p03-candidate,deep,1,unchangedPublicDiff,122806,17552,-1,-1,-1,-1,-1,-1,-1,-1
SAMPLE,p03-candidate,deep,1,revisionCopy,13022406,4432712,-1,-1,-1,-1,-1,-1,-1,-1
SAMPLE,p03-candidate,deep,2,bulkAppendCommit,6449431,1875280,-1,-1,-1,-1,-1,-1,-1,-1
SAMPLE,p03-candidate,deep,2,publicCompactDiff,776766,372648,-1,-1,-1,-1,-1,-1,-1,-1
SAMPLE,p03-candidate,deep,2,publicMaterializedDiff,673109,372592,-1,-1,-1,-1,-1,-1,-1,-1
SAMPLE,p03-candidate,deep,2,replayRead,320457,62104,-1,-1,-1,-1,-1,-1,-1,-1
SAMPLE,p03-candidate,deep,2,unchangedPublicDiff,115173,17552,-1,-1,-1,-1,-1,-1,-1,-1
SAMPLE,p03-candidate,deep,2,revisionCopy,11637509,4437416,-1,-1,-1,-1,-1,-1,-1,-1
SAMPLE,p03-candidate,deep,3,bulkAppendCommit,6027643,1873144,-1,-1,-1,-1,-1,-1,-1,-1
SAMPLE,p03-candidate,deep,3,publicCompactDiff,878200,372648,-1,-1,-1,-1,-1,-1,-1,-1
SAMPLE,p03-candidate,deep,3,publicMaterializedDiff,694827,372592,-1,-1,-1,-1,-1,-1,-1,-1
SAMPLE,p03-candidate,deep,3,replayRead,309667,62104,-1,-1,-1,-1,-1,-1,-1,-1
SAMPLE,p03-candidate,deep,3,unchangedPublicDiff,132399,17552,-1,-1,-1,-1,-1,-1,-1,-1
SAMPLE,p03-candidate,deep,3,revisionCopy,10352348,4427944,-1,-1,-1,-1,-1,-1,-1,-1
SAMPLE,p03-candidate,deep,4,bulkAppendCommit,5113867,1872960,-1,-1,-1,-1,-1,-1,-1,-1
SAMPLE,p03-candidate,deep,4,publicCompactDiff,1449168,372648,-1,-1,-1,-1,-1,-1,-1,-1
SAMPLE,p03-candidate,deep,4,publicMaterializedDiff,1382189,372592,-1,-1,-1,-1,-1,-1,-1,-1
SAMPLE,p03-candidate,deep,4,replayRead,481966,62104,-1,-1,-1,-1,-1,-1,-1,-1
SAMPLE,p03-candidate,deep,4,unchangedPublicDiff,221568,17552,-1,-1,-1,-1,-1,-1,-1,-1
SAMPLE,p03-candidate,deep,4,revisionCopy,15758640,4432544,-1,-1,-1,-1,-1,-1,-1,-1
SAMPLE,p03-candidate,deep,5,bulkAppendCommit,6498930,1873144,-1,-1,-1,-1,-1,-1,-1,-1
SAMPLE,p03-candidate,deep,5,publicCompactDiff,799926,372648,-1,-1,-1,-1,-1,-1,-1,-1
SAMPLE,p03-candidate,deep,5,publicMaterializedDiff,650177,372592,-1,-1,-1,-1,-1,-1,-1,-1
SAMPLE,p03-candidate,deep,5,replayRead,271079,62104,-1,-1,-1,-1,-1,-1,-1,-1
SAMPLE,p03-candidate,deep,5,unchangedPublicDiff,116875,17552,-1,-1,-1,-1,-1,-1,-1,-1
SAMPLE,p03-candidate,deep,5,revisionCopy,10074355,4427864,-1,-1,-1,-1,-1,-1,-1,-1
SAMPLE,p03-candidate,deep,6,bulkAppendCommit,4524521,1867048,-1,-1,-1,-1,-1,-1,-1,-1
SAMPLE,p03-candidate,deep,6,publicCompactDiff,798298,366408,-1,-1,-1,-1,-1,-1,-1,-1
SAMPLE,p03-candidate,deep,6,publicMaterializedDiff,610737,366352,-1,-1,-1,-1,-1,-1,-1,-1
SAMPLE,p03-candidate,deep,6,replayRead,262208,62104,-1,-1,-1,-1,-1,-1,-1,-1
SAMPLE,p03-candidate,deep,6,unchangedPublicDiff,145389,17552,-1,-1,-1,-1,-1,-1,-1,-1
SAMPLE,p03-candidate,deep,6,revisionCopy,12579636,4427344,-1,-1,-1,-1,-1,-1,-1,-1
SAMPLE,p03-candidate,deep,7,bulkAppendCommit,4810858,1867072,-1,-1,-1,-1,-1,-1,-1,-1
SAMPLE,p03-candidate,deep,7,publicCompactDiff,729652,366408,-1,-1,-1,-1,-1,-1,-1,-1
SAMPLE,p03-candidate,deep,7,publicMaterializedDiff,679529,366352,-1,-1,-1,-1,-1,-1,-1,-1
SAMPLE,p03-candidate,deep,7,replayRead,467299,62104,-1,-1,-1,-1,-1,-1,-1,-1
SAMPLE,p03-candidate,deep,7,unchangedPublicDiff,304848,17552,-1,-1,-1,-1,-1,-1,-1,-1
SAMPLE,p03-candidate,deep,7,revisionCopy,16129803,4432024,-1,-1,-1,-1,-1,-1,-1,-1
SAMPLE,p03-candidate,deep,8,bulkAppendCommit,5099645,1866872,-1,-1,-1,-1,-1,-1,-1,-1
SAMPLE,p03-candidate,deep,8,publicCompactDiff,945604,366408,-1,-1,-1,-1,-1,-1,-1,-1
SAMPLE,p03-candidate,deep,8,publicMaterializedDiff,1009834,366352,-1,-1,-1,-1,-1,-1,-1,-1
SAMPLE,p03-candidate,deep,8,replayRead,475950,62104,-1,-1,-1,-1,-1,-1,-1,-1
SAMPLE,p03-candidate,deep,8,unchangedPublicDiff,259252,17552,-1,-1,-1,-1,-1,-1,-1,-1
SAMPLE,p03-candidate,deep,8,revisionCopy,11128101,4432008,-1,-1,-1,-1,-1,-1,-1,-1
SAMPLE,p03-candidate,moves,0,sourceMutationCommit,3476250,1308272,-1,-1,-1,-1,-1,-1,-1,-1
SAMPLE,p03-candidate,moves,0,publicCompactDiff,468245,76568,-1,-1,-1,-1,-1,-1,-1,-1
SAMPLE,p03-candidate,moves,0,publicMaterializedDiff,420908,100096,-1,-1,-1,-1,-1,-1,-1,-1
SAMPLE,p03-candidate,moves,0,replayRead,157766,21624,-1,-1,-1,-1,-1,-1,-1,-1
SAMPLE,p03-candidate,moves,0,unchangedPublicDiff,138972,17512,-1,-1,-1,-1,-1,-1,-1,-1
SAMPLE,p03-candidate,moves,0,revisionCopy,9929799,3869768,-1,-1,-1,-1,-1,-1,-1,-1
SAMPLE,p03-candidate,moves,1,sourceMutationCommit,3807676,1308728,-1,-1,-1,-1,-1,-1,-1,-1
SAMPLE,p03-candidate,moves,1,publicCompactDiff,594089,76568,-1,-1,-1,-1,-1,-1,-1,-1
SAMPLE,p03-candidate,moves,1,publicMaterializedDiff,752267,100096,-1,-1,-1,-1,-1,-1,-1,-1
SAMPLE,p03-candidate,moves,1,replayRead,224244,21624,-1,-1,-1,-1,-1,-1,-1,-1
SAMPLE,p03-candidate,moves,1,unchangedPublicDiff,186281,17512,-1,-1,-1,-1,-1,-1,-1,-1
SAMPLE,p03-candidate,moves,1,revisionCopy,9650180,3869680,-1,-1,-1,-1,-1,-1,-1,-1
SAMPLE,p03-candidate,moves,2,sourceMutationCommit,4851128,1308536,-1,-1,-1,-1,-1,-1,-1,-1
SAMPLE,p03-candidate,moves,2,publicCompactDiff,587759,76568,-1,-1,-1,-1,-1,-1,-1,-1
SAMPLE,p03-candidate,moves,2,publicMaterializedDiff,683215,100096,-1,-1,-1,-1,-1,-1,-1,-1
SAMPLE,p03-candidate,moves,2,replayRead,213764,21624,-1,-1,-1,-1,-1,-1,-1,-1
SAMPLE,p03-candidate,moves,2,unchangedPublicDiff,185731,17512,-1,-1,-1,-1,-1,-1,-1,-1
SAMPLE,p03-candidate,moves,2,revisionCopy,11860460,3870696,-1,-1,-1,-1,-1,-1,-1,-1
SAMPLE,p03-candidate,moves,3,sourceMutationCommit,4539524,1308304,-1,-1,-1,-1,-1,-1,-1,-1
SAMPLE,p03-candidate,moves,3,publicCompactDiff,864743,76568,-1,-1,-1,-1,-1,-1,-1,-1
SAMPLE,p03-candidate,moves,3,publicMaterializedDiff,1145343,100096,-1,-1,-1,-1,-1,-1,-1,-1
SAMPLE,p03-candidate,moves,3,replayRead,363522,21624,-1,-1,-1,-1,-1,-1,-1,-1
SAMPLE,p03-candidate,moves,3,unchangedPublicDiff,240608,17512,-1,-1,-1,-1,-1,-1,-1,-1
SAMPLE,p03-candidate,moves,3,revisionCopy,9652213,3870344,-1,-1,-1,-1,-1,-1,-1,-1
SAMPLE,p03-candidate,moves,4,sourceMutationCommit,4071397,1308360,-1,-1,-1,-1,-1,-1,-1,-1
SAMPLE,p03-candidate,moves,4,publicCompactDiff,545690,76568,-1,-1,-1,-1,-1,-1,-1,-1
SAMPLE,p03-candidate,moves,4,publicMaterializedDiff,601784,100096,-1,-1,-1,-1,-1,-1,-1,-1
SAMPLE,p03-candidate,moves,4,replayRead,204030,21624,-1,-1,-1,-1,-1,-1,-1,-1
SAMPLE,p03-candidate,moves,4,unchangedPublicDiff,163724,17512,-1,-1,-1,-1,-1,-1,-1,-1
SAMPLE,p03-candidate,moves,4,revisionCopy,8198845,3870168,-1,-1,-1,-1,-1,-1,-1,-1
SAMPLE,p03-candidate,moves,5,sourceMutationCommit,3507477,1308816,-1,-1,-1,-1,-1,-1,-1,-1
SAMPLE,p03-candidate,moves,5,publicCompactDiff,440666,76568,-1,-1,-1,-1,-1,-1,-1,-1
SAMPLE,p03-candidate,moves,5,publicMaterializedDiff,495147,100096,-1,-1,-1,-1,-1,-1,-1,-1
SAMPLE,p03-candidate,moves,5,replayRead,143827,21624,-1,-1,-1,-1,-1,-1,-1,-1
SAMPLE,p03-candidate,moves,5,unchangedPublicDiff,119210,17512,-1,-1,-1,-1,-1,-1,-1,-1
SAMPLE,p03-candidate,moves,5,revisionCopy,7959245,3870256,-1,-1,-1,-1,-1,-1,-1,-1
SAMPLE,p03-candidate,moves,6,sourceMutationCommit,2946705,1308528,-1,-1,-1,-1,-1,-1,-1,-1
SAMPLE,p03-candidate,moves,6,publicCompactDiff,375254,76568,-1,-1,-1,-1,-1,-1,-1,-1
SAMPLE,p03-candidate,moves,6,publicMaterializedDiff,547632,100096,-1,-1,-1,-1,-1,-1,-1,-1
SAMPLE,p03-candidate,moves,6,replayRead,141023,21624,-1,-1,-1,-1,-1,-1,-1,-1
SAMPLE,p03-candidate,moves,6,unchangedPublicDiff,113274,17512,-1,-1,-1,-1,-1,-1,-1,-1
SAMPLE,p03-candidate,moves,6,revisionCopy,8688348,3870992,-1,-1,-1,-1,-1,-1,-1,-1
SAMPLE,p03-candidate,moves,7,sourceMutationCommit,5162132,1308704,-1,-1,-1,-1,-1,-1,-1,-1
SAMPLE,p03-candidate,moves,7,publicCompactDiff,420574,76568,-1,-1,-1,-1,-1,-1,-1,-1
SAMPLE,p03-candidate,moves,7,publicMaterializedDiff,452527,100096,-1,-1,-1,-1,-1,-1,-1,-1
SAMPLE,p03-candidate,moves,7,replayRead,150755,21624,-1,-1,-1,-1,-1,-1,-1,-1
SAMPLE,p03-candidate,moves,7,unchangedPublicDiff,120000,17512,-1,-1,-1,-1,-1,-1,-1,-1
SAMPLE,p03-candidate,moves,7,revisionCopy,7670648,3869896,-1,-1,-1,-1,-1,-1,-1,-1
SAMPLE,p03-candidate,moves,8,sourceMutationCommit,3447159,1308600,-1,-1,-1,-1,-1,-1,-1,-1
SAMPLE,p03-candidate,moves,8,publicCompactDiff,465230,76568,-1,-1,-1,-1,-1,-1,-1,-1
SAMPLE,p03-candidate,moves,8,publicMaterializedDiff,425778,100096,-1,-1,-1,-1,-1,-1,-1,-1
SAMPLE,p03-candidate,moves,8,replayRead,244524,21624,-1,-1,-1,-1,-1,-1,-1,-1
SAMPLE,p03-candidate,moves,8,unchangedPublicDiff,142453,17512,-1,-1,-1,-1,-1,-1,-1,-1
SAMPLE,p03-candidate,moves,8,revisionCopy,7737639,3870880,-1,-1,-1,-1,-1,-1,-1,-1
SAMPLE,p03-candidate,restore,0,sourceMutationCommit,3685606,1304048,-1,-1,-1,-1,-1,-1,-1,-1
SAMPLE,p03-candidate,restore,0,publicCompactDiff,310265,35984,-1,-1,-1,-1,-1,-1,-1,-1
SAMPLE,p03-candidate,restore,0,publicMaterializedDiff,149469,35928,-1,-1,-1,-1,-1,-1,-1,-1
SAMPLE,p03-candidate,restore,0,replayRead,168203,18520,-1,-1,-1,-1,-1,-1,-1,-1
SAMPLE,p03-candidate,restore,0,restorationPublicDiff,316756,45392,-1,-1,-1,-1,-1,-1,-1,-1
SAMPLE,p03-candidate,restore,0,revisionCopy,8931161,3933568,-1,-1,-1,-1,-1,-1,-1,-1
SAMPLE,p03-candidate,restore,1,sourceMutationCommit,3839278,1304368,-1,-1,-1,-1,-1,-1,-1,-1
SAMPLE,p03-candidate,restore,1,publicCompactDiff,280522,35984,-1,-1,-1,-1,-1,-1,-1,-1
SAMPLE,p03-candidate,restore,1,publicMaterializedDiff,151665,35928,-1,-1,-1,-1,-1,-1,-1,-1
SAMPLE,p03-candidate,restore,1,replayRead,174513,18520,-1,-1,-1,-1,-1,-1,-1,-1
SAMPLE,p03-candidate,restore,1,restorationPublicDiff,247451,45392,-1,-1,-1,-1,-1,-1,-1,-1
SAMPLE,p03-candidate,restore,1,revisionCopy,9048310,3933224,-1,-1,-1,-1,-1,-1,-1,-1
SAMPLE,p03-candidate,restore,2,sourceMutationCommit,3191342,1304216,-1,-1,-1,-1,-1,-1,-1,-1
SAMPLE,p03-candidate,restore,2,publicCompactDiff,307296,35984,-1,-1,-1,-1,-1,-1,-1,-1
SAMPLE,p03-candidate,restore,2,publicMaterializedDiff,169596,35928,-1,-1,-1,-1,-1,-1,-1,-1
SAMPLE,p03-candidate,restore,2,replayRead,189534,18520,-1,-1,-1,-1,-1,-1,-1,-1
SAMPLE,p03-candidate,restore,2,restorationPublicDiff,378912,45392,-1,-1,-1,-1,-1,-1,-1,-1
SAMPLE,p03-candidate,restore,2,revisionCopy,8419448,3933872,-1,-1,-1,-1,-1,-1,-1,-1
SAMPLE,p03-candidate,restore,3,sourceMutationCommit,3653747,1304192,-1,-1,-1,-1,-1,-1,-1,-1
SAMPLE,p03-candidate,restore,3,publicCompactDiff,347807,35984,-1,-1,-1,-1,-1,-1,-1,-1
SAMPLE,p03-candidate,restore,3,publicMaterializedDiff,206268,35928,-1,-1,-1,-1,-1,-1,-1,-1
SAMPLE,p03-candidate,restore,3,replayRead,187727,18520,-1,-1,-1,-1,-1,-1,-1,-1
SAMPLE,p03-candidate,restore,3,restorationPublicDiff,324436,45392,-1,-1,-1,-1,-1,-1,-1,-1
SAMPLE,p03-candidate,restore,3,revisionCopy,9571624,3934024,-1,-1,-1,-1,-1,-1,-1,-1
SAMPLE,p03-candidate,restore,4,sourceMutationCommit,3293816,1304392,-1,-1,-1,-1,-1,-1,-1,-1
SAMPLE,p03-candidate,restore,4,publicCompactDiff,424272,35984,-1,-1,-1,-1,-1,-1,-1,-1
SAMPLE,p03-candidate,restore,4,publicMaterializedDiff,222146,35928,-1,-1,-1,-1,-1,-1,-1,-1
SAMPLE,p03-candidate,restore,4,replayRead,223804,18520,-1,-1,-1,-1,-1,-1,-1,-1
SAMPLE,p03-candidate,restore,4,restorationPublicDiff,371175,45392,-1,-1,-1,-1,-1,-1,-1,-1
SAMPLE,p03-candidate,restore,4,revisionCopy,13506118,3933168,-1,-1,-1,-1,-1,-1,-1,-1
SAMPLE,p03-candidate,restore,5,sourceMutationCommit,5039460,1304800,-1,-1,-1,-1,-1,-1,-1,-1
SAMPLE,p03-candidate,restore,5,publicCompactDiff,617658,35984,-1,-1,-1,-1,-1,-1,-1,-1
SAMPLE,p03-candidate,restore,5,publicMaterializedDiff,499812,35928,-1,-1,-1,-1,-1,-1,-1,-1
SAMPLE,p03-candidate,restore,5,replayRead,260732,18520,-1,-1,-1,-1,-1,-1,-1,-1
SAMPLE,p03-candidate,restore,5,restorationPublicDiff,471959,45392,-1,-1,-1,-1,-1,-1,-1,-1
SAMPLE,p03-candidate,restore,5,revisionCopy,9415491,3934088,-1,-1,-1,-1,-1,-1,-1,-1
SAMPLE,p03-candidate,restore,6,sourceMutationCommit,4286589,1304384,-1,-1,-1,-1,-1,-1,-1,-1
SAMPLE,p03-candidate,restore,6,publicCompactDiff,486234,35984,-1,-1,-1,-1,-1,-1,-1,-1
SAMPLE,p03-candidate,restore,6,publicMaterializedDiff,261864,35928,-1,-1,-1,-1,-1,-1,-1,-1
SAMPLE,p03-candidate,restore,6,replayRead,385734,18520,-1,-1,-1,-1,-1,-1,-1,-1
SAMPLE,p03-candidate,restore,6,restorationPublicDiff,407172,45392,-1,-1,-1,-1,-1,-1,-1,-1
SAMPLE,p03-candidate,restore,6,revisionCopy,9922432,3934608,-1,-1,-1,-1,-1,-1,-1,-1
SAMPLE,p03-candidate,restore,7,sourceMutationCommit,3719993,1303648,-1,-1,-1,-1,-1,-1,-1,-1
SAMPLE,p03-candidate,restore,7,publicCompactDiff,472964,35888,-1,-1,-1,-1,-1,-1,-1,-1
SAMPLE,p03-candidate,restore,7,publicMaterializedDiff,206196,35832,-1,-1,-1,-1,-1,-1,-1,-1
SAMPLE,p03-candidate,restore,7,replayRead,216034,18472,-1,-1,-1,-1,-1,-1,-1,-1
SAMPLE,p03-candidate,restore,7,restorationPublicDiff,319796,45368,-1,-1,-1,-1,-1,-1,-1,-1
SAMPLE,p03-candidate,restore,7,revisionCopy,8786988,3932240,-1,-1,-1,-1,-1,-1,-1,-1
SAMPLE,p03-candidate,restore,8,sourceMutationCommit,2976689,1303768,-1,-1,-1,-1,-1,-1,-1,-1
SAMPLE,p03-candidate,restore,8,publicCompactDiff,273337,35888,-1,-1,-1,-1,-1,-1,-1,-1
SAMPLE,p03-candidate,restore,8,publicMaterializedDiff,248332,35832,-1,-1,-1,-1,-1,-1,-1,-1
SAMPLE,p03-candidate,restore,8,replayRead,224607,18472,-1,-1,-1,-1,-1,-1,-1,-1
SAMPLE,p03-candidate,restore,8,restorationPublicDiff,312405,45224,-1,-1,-1,-1,-1,-1,-1,-1
SAMPLE,p03-candidate,restore,8,revisionCopy,8856458,3932744,-1,-1,-1,-1,-1,-1,-1,-1
END,p03-candidate,sink=1624426606
# [StorageProfile] dump called: enabled=false byKind.size=0
