ADMITTED,2026-10-05T22:43:50Z
WARNING: Using incubator modules: jdk.incubator.vector
RUN,p03-baseline,pid=3037021,java=25.0.3,identity=false,warmups=8,samples=9
JVM,p03-baseline,maxHeap=3221225472,arguments=[-XX:ThreadPriorityPolicy=1, -XX:+UnlockExperimentalVMOptions, -XX:+EnableJVMCIProduct, -XX:+EnableJVMCI, -XX:-UnlockExperimentalVMOptions, -ea, -Xms512m, -Xmx3g, --add-opens=java.base/sun.nio.ch=ALL-UNNAMED, --add-opens=java.base/java.nio=ALL-UNNAMED, --add-modules=jdk.incubator.vector, --enable-native-access=ALL-UNNAMED, -XX:+EnableDynamicAgentLoading, -XX:+UnlockDiagnosticVMOptions, -XX:+DebugNonSafepoints, --add-modules=jdk.incubator.vector, -Dfile.encoding=UTF-8, -Djava.io.tmpdir=/home/johannes/.treehouse/sirix-cdde48/20/sirix/build/replay/tmp, -Dlogback.configurationFile=/home/johannes/.treehouse/sirix-cdde48/20/sirix/build/replay/latency/quiet.xml, -Dsirix.replay.workDiag=false, -Dsirix.hot.mergeDiag=false, -Dsirix.replay.bench.scenarios=unchanged,deep,moves,restore]
COLUMNS,label,scenario,iteration,metric,nanos,threadAllocatedBytes,recordVisits,createdIdentities,stagedRecords,ancestorSteps,sidecarReads,fallbackPages,pathSteps,bookkeepingOperations
WARNING: A terminally deprecated method in sun.misc.Unsafe has been called
WARNING: sun.misc.Unsafe::arrayBaseOffset has been called by net.openhft.hashing.UnsafeAccess (file:/home/johannes/.gradle/caches/modules-2/files-2.1/net.openhft/zero-allocation-hashing/2026.0/2447494f7842ca377b4ccdba2089a8da5c1d1b50/zero-allocation-hashing-2026.0.jar)
WARNING: Please consider reporting this to the maintainers of class net.openhft.hashing.UnsafeAccess
WARNING: sun.misc.Unsafe::arrayBaseOffset will be removed in a future release
SAMPLE,p03-baseline,unchanged,0,bulkAppendCommit,7869651,1440448,-1,-1,-1,-1,-1,-1,-1,-1
SAMPLE,p03-baseline,unchanged,0,publicCompactDiff,32208444,5778024,-1,-1,-1,-1,-1,-1,-1,-1
SAMPLE,p03-baseline,unchanged,0,publicMaterializedDiff,13287471,5713936,-1,-1,-1,-1,-1,-1,-1,-1
SAMPLE,p03-baseline,unchanged,0,replayRead,13767417,3891432,-1,-1,-1,-1,-1,-1,-1,-1
SAMPLE,p03-baseline,unchanged,0,unchangedPublicDiff,396866,17336,-1,-1,-1,-1,-1,-1,-1,-1
SAMPLE,p03-baseline,unchanged,0,revisionCopy,174521197,12610912,-1,-1,-1,-1,-1,-1,-1,-1
SAMPLE,p03-baseline,unchanged,1,bulkAppendCommit,8398847,1439944,-1,-1,-1,-1,-1,-1,-1,-1
SAMPLE,p03-baseline,unchanged,1,publicCompactDiff,50220820,5777960,-1,-1,-1,-1,-1,-1,-1,-1
SAMPLE,p03-baseline,unchanged,1,publicMaterializedDiff,17850679,5713872,-1,-1,-1,-1,-1,-1,-1,-1
SAMPLE,p03-baseline,unchanged,1,replayRead,13033175,3891336,-1,-1,-1,-1,-1,-1,-1,-1
SAMPLE,p03-baseline,unchanged,1,unchangedPublicDiff,338955,17272,-1,-1,-1,-1,-1,-1,-1,-1
SAMPLE,p03-baseline,unchanged,1,revisionCopy,135630745,12611032,-1,-1,-1,-1,-1,-1,-1,-1
SAMPLE,p03-baseline,unchanged,2,bulkAppendCommit,8257478,1440848,-1,-1,-1,-1,-1,-1,-1,-1
SAMPLE,p03-baseline,unchanged,2,publicCompactDiff,32960496,5778056,-1,-1,-1,-1,-1,-1,-1,-1
SAMPLE,p03-baseline,unchanged,2,publicMaterializedDiff,13021122,5713936,-1,-1,-1,-1,-1,-1,-1,-1
SAMPLE,p03-baseline,unchanged,2,replayRead,10682349,3891432,-1,-1,-1,-1,-1,-1,-1,-1
SAMPLE,p03-baseline,unchanged,2,unchangedPublicDiff,341652,17336,-1,-1,-1,-1,-1,-1,-1,-1
SAMPLE,p03-baseline,unchanged,2,revisionCopy,148907222,12609584,-1,-1,-1,-1,-1,-1,-1,-1
SAMPLE,p03-baseline,unchanged,3,bulkAppendCommit,6393289,1440120,-1,-1,-1,-1,-1,-1,-1,-1
SAMPLE,p03-baseline,unchanged,3,publicCompactDiff,32601732,5777992,-1,-1,-1,-1,-1,-1,-1,-1
SAMPLE,p03-baseline,unchanged,3,publicMaterializedDiff,15763364,5713872,-1,-1,-1,-1,-1,-1,-1,-1
SAMPLE,p03-baseline,unchanged,3,replayRead,10512612,3891336,-1,-1,-1,-1,-1,-1,-1,-1
SAMPLE,p03-baseline,unchanged,3,unchangedPublicDiff,351174,17272,-1,-1,-1,-1,-1,-1,-1,-1
SAMPLE,p03-baseline,unchanged,3,revisionCopy,111291531,12610168,-1,-1,-1,-1,-1,-1,-1,-1
SAMPLE,p03-baseline,unchanged,4,bulkAppendCommit,6285579,1440376,-1,-1,-1,-1,-1,-1,-1,-1
SAMPLE,p03-baseline,unchanged,4,publicCompactDiff,39980223,5777960,-1,-1,-1,-1,-1,-1,-1,-1
SAMPLE,p03-baseline,unchanged,4,publicMaterializedDiff,16426770,5716536,-1,-1,-1,-1,-1,-1,-1,-1
SAMPLE,p03-baseline,unchanged,4,replayRead,11013802,3891496,-1,-1,-1,-1,-1,-1,-1,-1
SAMPLE,p03-baseline,unchanged,4,unchangedPublicDiff,470421,17336,-1,-1,-1,-1,-1,-1,-1,-1
SAMPLE,p03-baseline,unchanged,4,revisionCopy,125230040,12609632,-1,-1,-1,-1,-1,-1,-1,-1
SAMPLE,p03-baseline,unchanged,5,bulkAppendCommit,6759688,1439960,-1,-1,-1,-1,-1,-1,-1,-1
SAMPLE,p03-baseline,unchanged,5,publicCompactDiff,35204590,5778272,-1,-1,-1,-1,-1,-1,-1,-1
SAMPLE,p03-baseline,unchanged,5,publicMaterializedDiff,13616321,5714144,-1,-1,-1,-1,-1,-1,-1,-1
SAMPLE,p03-baseline,unchanged,5,replayRead,9811658,3891336,-1,-1,-1,-1,-1,-1,-1,-1
SAMPLE,p03-baseline,unchanged,5,unchangedPublicDiff,234365,17272,-1,-1,-1,-1,-1,-1,-1,-1
SAMPLE,p03-baseline,unchanged,5,revisionCopy,102349458,12608872,-1,-1,-1,-1,-1,-1,-1,-1
SAMPLE,p03-baseline,unchanged,6,bulkAppendCommit,7473789,1440464,-1,-1,-1,-1,-1,-1,-1,-1
SAMPLE,p03-baseline,unchanged,6,publicCompactDiff,33153186,5778056,-1,-1,-1,-1,-1,-1,-1,-1
SAMPLE,p03-baseline,unchanged,6,publicMaterializedDiff,13252726,5713936,-1,-1,-1,-1,-1,-1,-1,-1
SAMPLE,p03-baseline,unchanged,6,replayRead,9670720,3891432,-1,-1,-1,-1,-1,-1,-1,-1
SAMPLE,p03-baseline,unchanged,6,unchangedPublicDiff,214073,17336,-1,-1,-1,-1,-1,-1,-1,-1
SAMPLE,p03-baseline,unchanged,6,revisionCopy,106012322,12608336,-1,-1,-1,-1,-1,-1,-1,-1
SAMPLE,p03-baseline,unchanged,7,bulkAppendCommit,7840339,1438080,-1,-1,-1,-1,-1,-1,-1,-1
SAMPLE,p03-baseline,unchanged,7,publicCompactDiff,56870910,5773048,-1,-1,-1,-1,-1,-1,-1,-1
SAMPLE,p03-baseline,unchanged,7,publicMaterializedDiff,26534467,5708928,-1,-1,-1,-1,-1,-1,-1,-1
SAMPLE,p03-baseline,unchanged,7,replayRead,18747322,3886368,-1,-1,-1,-1,-1,-1,-1,-1
SAMPLE,p03-baseline,unchanged,7,unchangedPublicDiff,388739,17408,-1,-1,-1,-1,-1,-1,-1,-1
SAMPLE,p03-baseline,unchanged,7,revisionCopy,177956612,12606912,-1,-1,-1,-1,-1,-1,-1,-1
SAMPLE,p03-baseline,unchanged,8,bulkAppendCommit,6359482,1438432,-1,-1,-1,-1,-1,-1,-1,-1
SAMPLE,p03-baseline,unchanged,8,publicCompactDiff,39954401,5773048,-1,-1,-1,-1,-1,-1,-1,-1
SAMPLE,p03-baseline,unchanged,8,publicMaterializedDiff,12893528,5708992,-1,-1,-1,-1,-1,-1,-1,-1
SAMPLE,p03-baseline,unchanged,8,replayRead,9526186,3886464,-1,-1,-1,-1,-1,-1,-1,-1
SAMPLE,p03-baseline,unchanged,8,unchangedPublicDiff,263938,17288,-1,-1,-1,-1,-1,-1,-1,-1
SAMPLE,p03-baseline,unchanged,8,revisionCopy,111613986,12608040,-1,-1,-1,-1,-1,-1,-1,-1
SAMPLE,p03-baseline,deep,0,bulkAppendCommit,6661421,1820128,-1,-1,-1,-1,-1,-1,-1,-1
SAMPLE,p03-baseline,deep,0,publicCompactDiff,1270544,372504,-1,-1,-1,-1,-1,-1,-1,-1
SAMPLE,p03-baseline,deep,0,publicMaterializedDiff,1147368,372448,-1,-1,-1,-1,-1,-1,-1,-1
SAMPLE,p03-baseline,deep,0,replayRead,1131173,381344,-1,-1,-1,-1,-1,-1,-1,-1
SAMPLE,p03-baseline,deep,0,unchangedPublicDiff,201300,17504,-1,-1,-1,-1,-1,-1,-1,-1
SAMPLE,p03-baseline,deep,0,revisionCopy,16570493,4612200,-1,-1,-1,-1,-1,-1,-1,-1
SAMPLE,p03-baseline,deep,1,bulkAppendCommit,6635644,1820392,-1,-1,-1,-1,-1,-1,-1,-1
SAMPLE,p03-baseline,deep,1,publicCompactDiff,1433816,372504,-1,-1,-1,-1,-1,-1,-1,-1
SAMPLE,p03-baseline,deep,1,publicMaterializedDiff,1297809,372448,-1,-1,-1,-1,-1,-1,-1,-1
SAMPLE,p03-baseline,deep,1,replayRead,1268596,381344,-1,-1,-1,-1,-1,-1,-1,-1
SAMPLE,p03-baseline,deep,1,unchangedPublicDiff,191610,17504,-1,-1,-1,-1,-1,-1,-1,-1
SAMPLE,p03-baseline,deep,1,revisionCopy,16598472,4612304,-1,-1,-1,-1,-1,-1,-1,-1
SAMPLE,p03-baseline,deep,2,bulkAppendCommit,5969430,1820128,-1,-1,-1,-1,-1,-1,-1,-1
SAMPLE,p03-baseline,deep,2,publicCompactDiff,1178247,372504,-1,-1,-1,-1,-1,-1,-1,-1
SAMPLE,p03-baseline,deep,2,publicMaterializedDiff,1044231,372448,-1,-1,-1,-1,-1,-1,-1,-1
SAMPLE,p03-baseline,deep,2,replayRead,1015830,381344,-1,-1,-1,-1,-1,-1,-1,-1
SAMPLE,p03-baseline,deep,2,unchangedPublicDiff,207487,17504,-1,-1,-1,-1,-1,-1,-1,-1
SAMPLE,p03-baseline,deep,2,revisionCopy,16698262,4606416,-1,-1,-1,-1,-1,-1,-1,-1
SAMPLE,p03-baseline,deep,3,bulkAppendCommit,4627763,1816304,-1,-1,-1,-1,-1,-1,-1,-1
SAMPLE,p03-baseline,deep,3,publicCompactDiff,1086914,366264,-1,-1,-1,-1,-1,-1,-1,-1
SAMPLE,p03-baseline,deep,3,publicMaterializedDiff,1043025,366208,-1,-1,-1,-1,-1,-1,-1,-1
SAMPLE,p03-baseline,deep,3,replayRead,1079997,375104,-1,-1,-1,-1,-1,-1,-1,-1
SAMPLE,p03-baseline,deep,3,unchangedPublicDiff,305773,17504,-1,-1,-1,-1,-1,-1,-1,-1
SAMPLE,p03-baseline,deep,3,revisionCopy,17663233,4605608,-1,-1,-1,-1,-1,-1,-1,-1
SAMPLE,p03-baseline,deep,4,bulkAppendCommit,6211901,1813976,-1,-1,-1,-1,-1,-1,-1,-1
SAMPLE,p03-baseline,deep,4,publicCompactDiff,1093777,366264,-1,-1,-1,-1,-1,-1,-1,-1
SAMPLE,p03-baseline,deep,4,publicMaterializedDiff,907244,366208,-1,-1,-1,-1,-1,-1,-1,-1
SAMPLE,p03-baseline,deep,4,replayRead,950867,375104,-1,-1,-1,-1,-1,-1,-1,-1
SAMPLE,p03-baseline,deep,4,unchangedPublicDiff,215653,17504,-1,-1,-1,-1,-1,-1,-1,-1
SAMPLE,p03-baseline,deep,4,revisionCopy,19423715,4605096,-1,-1,-1,-1,-1,-1,-1,-1
SAMPLE,p03-baseline,deep,5,bulkAppendCommit,5541295,1814016,-1,-1,-1,-1,-1,-1,-1,-1
SAMPLE,p03-baseline,deep,5,publicCompactDiff,1185329,366264,-1,-1,-1,-1,-1,-1,-1,-1
SAMPLE,p03-baseline,deep,5,publicMaterializedDiff,945742,366208,-1,-1,-1,-1,-1,-1,-1,-1
SAMPLE,p03-baseline,deep,5,replayRead,973250,375104,-1,-1,-1,-1,-1,-1,-1,-1
SAMPLE,p03-baseline,deep,5,unchangedPublicDiff,239767,17504,-1,-1,-1,-1,-1,-1,-1,-1
SAMPLE,p03-baseline,deep,5,revisionCopy,16167016,4605648,-1,-1,-1,-1,-1,-1,-1,-1
SAMPLE,p03-baseline,deep,6,bulkAppendCommit,5536643,1813816,-1,-1,-1,-1,-1,-1,-1,-1
SAMPLE,p03-baseline,deep,6,publicCompactDiff,1091095,366264,-1,-1,-1,-1,-1,-1,-1,-1
SAMPLE,p03-baseline,deep,6,publicMaterializedDiff,905228,366208,-1,-1,-1,-1,-1,-1,-1,-1
SAMPLE,p03-baseline,deep,6,replayRead,993175,375104,-1,-1,-1,-1,-1,-1,-1,-1
SAMPLE,p03-baseline,deep,6,unchangedPublicDiff,216252,17504,-1,-1,-1,-1,-1,-1,-1,-1
SAMPLE,p03-baseline,deep,6,revisionCopy,16649026,4605624,-1,-1,-1,-1,-1,-1,-1,-1
SAMPLE,p03-baseline,deep,7,bulkAppendCommit,6344323,1813816,-1,-1,-1,-1,-1,-1,-1,-1
SAMPLE,p03-baseline,deep,7,publicCompactDiff,1058810,366264,-1,-1,-1,-1,-1,-1,-1,-1
SAMPLE,p03-baseline,deep,7,publicMaterializedDiff,528425,366208,-1,-1,-1,-1,-1,-1,-1,-1
SAMPLE,p03-baseline,deep,7,replayRead,809568,375104,-1,-1,-1,-1,-1,-1,-1,-1
SAMPLE,p03-baseline,deep,7,unchangedPublicDiff,341533,17504,-1,-1,-1,-1,-1,-1,-1,-1
SAMPLE,p03-baseline,deep,7,revisionCopy,16738069,4605800,-1,-1,-1,-1,-1,-1,-1,-1
SAMPLE,p03-baseline,deep,8,bulkAppendCommit,5630545,1813840,-1,-1,-1,-1,-1,-1,-1,-1
SAMPLE,p03-baseline,deep,8,publicCompactDiff,1283873,366264,-1,-1,-1,-1,-1,-1,-1,-1
SAMPLE,p03-baseline,deep,8,publicMaterializedDiff,960880,366208,-1,-1,-1,-1,-1,-1,-1,-1
SAMPLE,p03-baseline,deep,8,replayRead,956964,375104,-1,-1,-1,-1,-1,-1,-1,-1
SAMPLE,p03-baseline,deep,8,unchangedPublicDiff,240047,17504,-1,-1,-1,-1,-1,-1,-1,-1
SAMPLE,p03-baseline,deep,8,revisionCopy,19398344,4605632,-1,-1,-1,-1,-1,-1,-1,-1
SAMPLE,p03-baseline,moves,0,sourceMutationCommit,4585080,1301112,-1,-1,-1,-1,-1,-1,-1,-1
SAMPLE,p03-baseline,moves,0,publicCompactDiff,608712,76472,-1,-1,-1,-1,-1,-1,-1,-1
SAMPLE,p03-baseline,moves,0,publicMaterializedDiff,743068,99928,-1,-1,-1,-1,-1,-1,-1,-1
SAMPLE,p03-baseline,moves,0,replayRead,780318,132560,-1,-1,-1,-1,-1,-1,-1,-1
SAMPLE,p03-baseline,moves,0,unchangedPublicDiff,195486,17464,-1,-1,-1,-1,-1,-1,-1,-1
SAMPLE,p03-baseline,moves,0,revisionCopy,12959135,3882368,-1,-1,-1,-1,-1,-1,-1,-1
SAMPLE,p03-baseline,moves,1,sourceMutationCommit,4682786,1301064,-1,-1,-1,-1,-1,-1,-1,-1
SAMPLE,p03-baseline,moves,1,publicCompactDiff,662318,76184,-1,-1,-1,-1,-1,-1,-1,-1
SAMPLE,p03-baseline,moves,1,publicMaterializedDiff,881083,99640,-1,-1,-1,-1,-1,-1,-1,-1
SAMPLE,p03-baseline,moves,1,replayRead,785051,132272,-1,-1,-1,-1,-1,-1,-1,-1
SAMPLE,p03-baseline,moves,1,unchangedPublicDiff,236660,17464,-1,-1,-1,-1,-1,-1,-1,-1
SAMPLE,p03-baseline,moves,1,revisionCopy,11915226,3882600,-1,-1,-1,-1,-1,-1,-1,-1
SAMPLE,p03-baseline,moves,2,sourceMutationCommit,4339885,1301216,-1,-1,-1,-1,-1,-1,-1,-1
SAMPLE,p03-baseline,moves,2,publicCompactDiff,704614,76184,-1,-1,-1,-1,-1,-1,-1,-1
SAMPLE,p03-baseline,moves,2,publicMaterializedDiff,621002,99640,-1,-1,-1,-1,-1,-1,-1,-1
SAMPLE,p03-baseline,moves,2,replayRead,775233,132272,-1,-1,-1,-1,-1,-1,-1,-1
SAMPLE,p03-baseline,moves,2,unchangedPublicDiff,174888,17464,-1,-1,-1,-1,-1,-1,-1,-1
SAMPLE,p03-baseline,moves,2,revisionCopy,11146749,3882480,-1,-1,-1,-1,-1,-1,-1,-1
SAMPLE,p03-baseline,moves,3,sourceMutationCommit,4436230,1301280,-1,-1,-1,-1,-1,-1,-1,-1
SAMPLE,p03-baseline,moves,3,publicCompactDiff,591988,76184,-1,-1,-1,-1,-1,-1,-1,-1
SAMPLE,p03-baseline,moves,3,publicMaterializedDiff,829101,99640,-1,-1,-1,-1,-1,-1,-1,-1
SAMPLE,p03-baseline,moves,3,replayRead,778274,132272,-1,-1,-1,-1,-1,-1,-1,-1
SAMPLE,p03-baseline,moves,3,unchangedPublicDiff,181926,17464,-1,-1,-1,-1,-1,-1,-1,-1
SAMPLE,p03-baseline,moves,3,revisionCopy,12309277,3882008,-1,-1,-1,-1,-1,-1,-1,-1
SAMPLE,p03-baseline,moves,4,sourceMutationCommit,3193113,1301080,-1,-1,-1,-1,-1,-1,-1,-1
SAMPLE,p03-baseline,moves,4,publicCompactDiff,1280646,76184,-1,-1,-1,-1,-1,-1,-1,-1
SAMPLE,p03-baseline,moves,4,publicMaterializedDiff,1046194,99640,-1,-1,-1,-1,-1,-1,-1,-1
SAMPLE,p03-baseline,moves,4,replayRead,1011807,132272,-1,-1,-1,-1,-1,-1,-1,-1
SAMPLE,p03-baseline,moves,4,unchangedPublicDiff,394960,17464,-1,-1,-1,-1,-1,-1,-1,-1
SAMPLE,p03-baseline,moves,4,revisionCopy,12926267,3882120,-1,-1,-1,-1,-1,-1,-1,-1
SAMPLE,p03-baseline,moves,5,sourceMutationCommit,4196634,1301216,-1,-1,-1,-1,-1,-1,-1,-1
SAMPLE,p03-baseline,moves,5,publicCompactDiff,394689,76184,-1,-1,-1,-1,-1,-1,-1,-1
SAMPLE,p03-baseline,moves,5,publicMaterializedDiff,401830,99640,-1,-1,-1,-1,-1,-1,-1,-1
SAMPLE,p03-baseline,moves,5,replayRead,494895,132272,-1,-1,-1,-1,-1,-1,-1,-1
SAMPLE,p03-baseline,moves,5,unchangedPublicDiff,105532,17464,-1,-1,-1,-1,-1,-1,-1,-1
SAMPLE,p03-baseline,moves,5,revisionCopy,10076312,3882248,-1,-1,-1,-1,-1,-1,-1,-1
SAMPLE,p03-baseline,moves,6,sourceMutationCommit,3841265,1301016,-1,-1,-1,-1,-1,-1,-1,-1
SAMPLE,p03-baseline,moves,6,publicCompactDiff,465199,76184,-1,-1,-1,-1,-1,-1,-1,-1
SAMPLE,p03-baseline,moves,6,publicMaterializedDiff,353923,99640,-1,-1,-1,-1,-1,-1,-1,-1
SAMPLE,p03-baseline,moves,6,replayRead,579945,132272,-1,-1,-1,-1,-1,-1,-1,-1
SAMPLE,p03-baseline,moves,6,unchangedPublicDiff,203055,17464,-1,-1,-1,-1,-1,-1,-1,-1
SAMPLE,p03-baseline,moves,6,revisionCopy,11013644,3882392,-1,-1,-1,-1,-1,-1,-1,-1
SAMPLE,p03-baseline,moves,7,sourceMutationCommit,4113796,1301040,-1,-1,-1,-1,-1,-1,-1,-1
SAMPLE,p03-baseline,moves,7,publicCompactDiff,655014,76184,-1,-1,-1,-1,-1,-1,-1,-1
SAMPLE,p03-baseline,moves,7,publicMaterializedDiff,587711,99640,-1,-1,-1,-1,-1,-1,-1,-1
SAMPLE,p03-baseline,moves,7,replayRead,724245,132272,-1,-1,-1,-1,-1,-1,-1,-1
SAMPLE,p03-baseline,moves,7,unchangedPublicDiff,163703,17464,-1,-1,-1,-1,-1,-1,-1,-1
SAMPLE,p03-baseline,moves,7,revisionCopy,11196964,3882512,-1,-1,-1,-1,-1,-1,-1,-1
SAMPLE,p03-baseline,moves,8,sourceMutationCommit,4311432,1301016,-1,-1,-1,-1,-1,-1,-1,-1
SAMPLE,p03-baseline,moves,8,publicCompactDiff,570293,76184,-1,-1,-1,-1,-1,-1,-1,-1
SAMPLE,p03-baseline,moves,8,publicMaterializedDiff,589352,99640,-1,-1,-1,-1,-1,-1,-1,-1
SAMPLE,p03-baseline,moves,8,replayRead,718150,132272,-1,-1,-1,-1,-1,-1,-1,-1
SAMPLE,p03-baseline,moves,8,unchangedPublicDiff,163788,17464,-1,-1,-1,-1,-1,-1,-1,-1
SAMPLE,p03-baseline,moves,8,revisionCopy,12101807,3882016,-1,-1,-1,-1,-1,-1,-1,-1
SAMPLE,p03-baseline,restore,0,sourceMutationCommit,3660769,1298936,-1,-1,-1,-1,-1,-1,-1,-1
SAMPLE,p03-baseline,restore,0,publicCompactDiff,438072,35752,-1,-1,-1,-1,-1,-1,-1,-1
SAMPLE,p03-baseline,restore,0,publicMaterializedDiff,257195,35696,-1,-1,-1,-1,-1,-1,-1,-1
SAMPLE,p03-baseline,restore,0,replayRead,324275,47976,-1,-1,-1,-1,-1,-1,-1,-1
SAMPLE,p03-baseline,restore,0,restorationPublicDiff,392198,45088,-1,-1,-1,-1,-1,-1,-1,-1
SAMPLE,p03-baseline,restore,0,revisionCopy,12295455,3966264,-1,-1,-1,-1,-1,-1,-1,-1
SAMPLE,p03-baseline,restore,1,sourceMutationCommit,2823871,1298968,-1,-1,-1,-1,-1,-1,-1,-1
SAMPLE,p03-baseline,restore,1,publicCompactDiff,266122,35752,-1,-1,-1,-1,-1,-1,-1,-1
SAMPLE,p03-baseline,restore,1,publicMaterializedDiff,120767,35696,-1,-1,-1,-1,-1,-1,-1,-1
SAMPLE,p03-baseline,restore,1,replayRead,141936,47976,-1,-1,-1,-1,-1,-1,-1,-1
SAMPLE,p03-baseline,restore,1,restorationPublicDiff,204675,45088,-1,-1,-1,-1,-1,-1,-1,-1
SAMPLE,p03-baseline,restore,1,revisionCopy,10499939,3966200,-1,-1,-1,-1,-1,-1,-1,-1
SAMPLE,p03-baseline,restore,2,sourceMutationCommit,3776251,1299000,-1,-1,-1,-1,-1,-1,-1,-1
SAMPLE,p03-baseline,restore,2,publicCompactDiff,389882,35752,-1,-1,-1,-1,-1,-1,-1,-1
SAMPLE,p03-baseline,restore,2,publicMaterializedDiff,230786,35696,-1,-1,-1,-1,-1,-1,-1,-1
SAMPLE,p03-baseline,restore,2,replayRead,249381,47976,-1,-1,-1,-1,-1,-1,-1,-1
SAMPLE,p03-baseline,restore,2,restorationPublicDiff,480632,45088,-1,-1,-1,-1,-1,-1,-1,-1
SAMPLE,p03-baseline,restore,2,revisionCopy,13827653,3965504,-1,-1,-1,-1,-1,-1,-1,-1
SAMPLE,p03-baseline,restore,3,sourceMutationCommit,4317712,1298880,-1,-1,-1,-1,-1,-1,-1,-1
SAMPLE,p03-baseline,restore,3,publicCompactDiff,300208,35752,-1,-1,-1,-1,-1,-1,-1,-1
SAMPLE,p03-baseline,restore,3,publicMaterializedDiff,120241,35696,-1,-1,-1,-1,-1,-1,-1,-1
SAMPLE,p03-baseline,restore,3,replayRead,162602,47976,-1,-1,-1,-1,-1,-1,-1,-1
SAMPLE,p03-baseline,restore,3,restorationPublicDiff,214132,45088,-1,-1,-1,-1,-1,-1,-1,-1
SAMPLE,p03-baseline,restore,3,revisionCopy,11366865,3965400,-1,-1,-1,-1,-1,-1,-1,-1
SAMPLE,p03-baseline,restore,4,sourceMutationCommit,5895244,1298760,-1,-1,-1,-1,-1,-1,-1,-1
SAMPLE,p03-baseline,restore,4,publicCompactDiff,418844,35752,-1,-1,-1,-1,-1,-1,-1,-1
SAMPLE,p03-baseline,restore,4,publicMaterializedDiff,299365,35696,-1,-1,-1,-1,-1,-1,-1,-1
SAMPLE,p03-baseline,restore,4,replayRead,271122,47976,-1,-1,-1,-1,-1,-1,-1,-1
SAMPLE,p03-baseline,restore,4,restorationPublicDiff,509571,45088,-1,-1,-1,-1,-1,-1,-1,-1
SAMPLE,p03-baseline,restore,4,revisionCopy,12907474,3965008,-1,-1,-1,-1,-1,-1,-1,-1
SAMPLE,p03-baseline,restore,5,sourceMutationCommit,2622169,1294616,-1,-1,-1,-1,-1,-1,-1,-1
SAMPLE,p03-baseline,restore,5,publicCompactDiff,366935,35752,-1,-1,-1,-1,-1,-1,-1,-1
SAMPLE,p03-baseline,restore,5,publicMaterializedDiff,223023,35760,-1,-1,-1,-1,-1,-1,-1,-1
SAMPLE,p03-baseline,restore,5,replayRead,268555,47976,-1,-1,-1,-1,-1,-1,-1,-1
SAMPLE,p03-baseline,restore,5,restorationPublicDiff,187030,45088,-1,-1,-1,-1,-1,-1,-1,-1
SAMPLE,p03-baseline,restore,5,revisionCopy,13137467,3956792,-1,-1,-1,-1,-1,-1,-1,-1
SAMPLE,p03-baseline,restore,6,sourceMutationCommit,3451921,1294648,-1,-1,-1,-1,-1,-1,-1,-1
SAMPLE,p03-baseline,restore,6,publicCompactDiff,420891,35752,-1,-1,-1,-1,-1,-1,-1,-1
SAMPLE,p03-baseline,restore,6,publicMaterializedDiff,251373,35696,-1,-1,-1,-1,-1,-1,-1,-1
SAMPLE,p03-baseline,restore,6,replayRead,291307,47976,-1,-1,-1,-1,-1,-1,-1,-1
SAMPLE,p03-baseline,restore,6,restorationPublicDiff,369639,45088,-1,-1,-1,-1,-1,-1,-1,-1
SAMPLE,p03-baseline,restore,6,revisionCopy,9493604,3956232,-1,-1,-1,-1,-1,-1,-1,-1
SAMPLE,p03-baseline,restore,7,sourceMutationCommit,2747562,1294616,-1,-1,-1,-1,-1,-1,-1,-1
SAMPLE,p03-baseline,restore,7,publicCompactDiff,232084,35752,-1,-1,-1,-1,-1,-1,-1,-1
SAMPLE,p03-baseline,restore,7,publicMaterializedDiff,108326,35696,-1,-1,-1,-1,-1,-1,-1,-1
SAMPLE,p03-baseline,restore,7,replayRead,167826,47976,-1,-1,-1,-1,-1,-1,-1,-1
SAMPLE,p03-baseline,restore,7,restorationPublicDiff,220573,45088,-1,-1,-1,-1,-1,-1,-1,-1
SAMPLE,p03-baseline,restore,7,revisionCopy,10526676,3957448,-1,-1,-1,-1,-1,-1,-1,-1
SAMPLE,p03-baseline,restore,8,sourceMutationCommit,2601545,1294648,-1,-1,-1,-1,-1,-1,-1,-1
SAMPLE,p03-baseline,restore,8,publicCompactDiff,228657,35752,-1,-1,-1,-1,-1,-1,-1,-1
SAMPLE,p03-baseline,restore,8,publicMaterializedDiff,135740,35696,-1,-1,-1,-1,-1,-1,-1,-1
SAMPLE,p03-baseline,restore,8,replayRead,132597,47976,-1,-1,-1,-1,-1,-1,-1,-1
SAMPLE,p03-baseline,restore,8,restorationPublicDiff,171777,45088,-1,-1,-1,-1,-1,-1,-1,-1
SAMPLE,p03-baseline,restore,8,revisionCopy,8466434,3955648,-1,-1,-1,-1,-1,-1,-1,-1
END,p03-baseline,sink=555
# [StorageProfile] dump called: enabled=false byKind.size=0
