ADMITTED,2026-10-05T22:44:16Z
WARNING: Using incubator modules: jdk.incubator.vector
RUN,p04-candidate,pid=3038791,java=25.0.3,identity=true,warmups=8,samples=9
JVM,p04-candidate,maxHeap=3221225472,arguments=[-XX:ThreadPriorityPolicy=1, -XX:+UnlockExperimentalVMOptions, -XX:+EnableJVMCIProduct, -XX:+EnableJVMCI, -XX:-UnlockExperimentalVMOptions, -ea, -Xms512m, -Xmx3g, --add-opens=java.base/sun.nio.ch=ALL-UNNAMED, --add-opens=java.base/java.nio=ALL-UNNAMED, --add-modules=jdk.incubator.vector, --enable-native-access=ALL-UNNAMED, -XX:+EnableDynamicAgentLoading, -XX:+UnlockDiagnosticVMOptions, -XX:+DebugNonSafepoints, --add-modules=jdk.incubator.vector, -Dfile.encoding=UTF-8, -Djava.io.tmpdir=/home/johannes/.treehouse/sirix-cdde48/20/sirix/build/replay/tmp, -Dlogback.configurationFile=/home/johannes/.treehouse/sirix-cdde48/20/sirix/build/replay/latency/quiet.xml, -Dsirix.replay.workDiag=false, -Dsirix.hot.mergeDiag=false, -Dsirix.replay.bench.scenarios=unchanged,deep,moves,restore]
COLUMNS,label,scenario,iteration,metric,nanos,threadAllocatedBytes,recordVisits,createdIdentities,stagedRecords,ancestorSteps,sidecarReads,fallbackPages,pathSteps,bookkeepingOperations
WARNING: A terminally deprecated method in sun.misc.Unsafe has been called
WARNING: sun.misc.Unsafe::arrayBaseOffset has been called by net.openhft.hashing.UnsafeAccess (file:/home/johannes/.gradle/caches/modules-2/files-2.1/net.openhft/zero-allocation-hashing/2026.0/2447494f7842ca377b4ccdba2089a8da5c1d1b50/zero-allocation-hashing-2026.0.jar)
WARNING: Please consider reporting this to the maintainers of class net.openhft.hashing.UnsafeAccess
WARNING: sun.misc.Unsafe::arrayBaseOffset will be removed in a future release
SAMPLE,p04-candidate,unchanged,0,bulkAppendCommit,9912636,1446512,-1,-1,-1,-1,-1,-1,-1,-1
SAMPLE,p04-candidate,unchanged,0,publicCompactDiff,55649594,4991624,-1,-1,-1,-1,-1,-1,-1,-1
SAMPLE,p04-candidate,unchanged,0,publicMaterializedDiff,29346944,4927504,-1,-1,-1,-1,-1,-1,-1,-1
SAMPLE,p04-candidate,unchanged,0,replayRead,4450388,623432,-1,-1,-1,-1,-1,-1,-1,-1
SAMPLE,p04-candidate,unchanged,0,unchangedPublicDiff,679080,17312,-1,-1,-1,-1,-1,-1,-1,-1
SAMPLE,p04-candidate,unchanged,0,revisionCopy,199827908,33519056,-1,-1,-1,-1,-1,-1,-1,-1
SAMPLE,p04-candidate,unchanged,1,bulkAppendCommit,9536296,1446312,-1,-1,-1,-1,-1,-1,-1,-1
SAMPLE,p04-candidate,unchanged,1,publicCompactDiff,56032658,4991592,-1,-1,-1,-1,-1,-1,-1,-1
SAMPLE,p04-candidate,unchanged,1,publicMaterializedDiff,29055894,4927440,-1,-1,-1,-1,-1,-1,-1,-1
SAMPLE,p04-candidate,unchanged,1,replayRead,4024257,623400,-1,-1,-1,-1,-1,-1,-1,-1
SAMPLE,p04-candidate,unchanged,1,unchangedPublicDiff,675134,17248,-1,-1,-1,-1,-1,-1,-1,-1
SAMPLE,p04-candidate,unchanged,1,revisionCopy,197405097,33800992,-1,-1,-1,-1,-1,-1,-1,-1
SAMPLE,p04-candidate,unchanged,2,bulkAppendCommit,8327406,1446752,-1,-1,-1,-1,-1,-1,-1,-1
SAMPLE,p04-candidate,unchanged,2,publicCompactDiff,49624475,4991656,-1,-1,-1,-1,-1,-1,-1,-1
SAMPLE,p04-candidate,unchanged,2,publicMaterializedDiff,25904189,4927504,-1,-1,-1,-1,-1,-1,-1,-1
SAMPLE,p04-candidate,unchanged,2,replayRead,2696181,623432,-1,-1,-1,-1,-1,-1,-1,-1
SAMPLE,p04-candidate,unchanged,2,unchangedPublicDiff,577207,17312,-1,-1,-1,-1,-1,-1,-1,-1
SAMPLE,p04-candidate,unchanged,2,revisionCopy,165511391,33800768,-1,-1,-1,-1,-1,-1,-1,-1
SAMPLE,p04-candidate,unchanged,3,bulkAppendCommit,10939477,1447248,-1,-1,-1,-1,-1,-1,-1,-1
SAMPLE,p04-candidate,unchanged,3,publicCompactDiff,62557274,4991592,-1,-1,-1,-1,-1,-1,-1,-1
SAMPLE,p04-candidate,unchanged,3,publicMaterializedDiff,40571081,4927440,-1,-1,-1,-1,-1,-1,-1,-1
SAMPLE,p04-candidate,unchanged,3,replayRead,8753895,623400,-1,-1,-1,-1,-1,-1,-1,-1
SAMPLE,p04-candidate,unchanged,3,unchangedPublicDiff,891402,17248,-1,-1,-1,-1,-1,-1,-1,-1
SAMPLE,p04-candidate,unchanged,3,revisionCopy,224337327,33800552,-1,-1,-1,-1,-1,-1,-1,-1
SAMPLE,p04-candidate,unchanged,4,bulkAppendCommit,11292477,1446792,-1,-1,-1,-1,-1,-1,-1,-1
SAMPLE,p04-candidate,unchanged,4,publicCompactDiff,66214428,4991656,-1,-1,-1,-1,-1,-1,-1,-1
SAMPLE,p04-candidate,unchanged,4,publicMaterializedDiff,29293292,4927504,-1,-1,-1,-1,-1,-1,-1,-1
SAMPLE,p04-candidate,unchanged,4,replayRead,3734830,623432,-1,-1,-1,-1,-1,-1,-1,-1
SAMPLE,p04-candidate,unchanged,4,unchangedPublicDiff,817262,17312,-1,-1,-1,-1,-1,-1,-1,-1
SAMPLE,p04-candidate,unchanged,4,revisionCopy,191446885,33561320,-1,-1,-1,-1,-1,-1,-1,-1
SAMPLE,p04-candidate,unchanged,5,bulkAppendCommit,10408597,1446760,-1,-1,-1,-1,-1,-1,-1,-1
SAMPLE,p04-candidate,unchanged,5,publicCompactDiff,54267533,4991592,-1,-1,-1,-1,-1,-1,-1,-1
SAMPLE,p04-candidate,unchanged,5,publicMaterializedDiff,22770317,4927440,-1,-1,-1,-1,-1,-1,-1,-1
SAMPLE,p04-candidate,unchanged,5,replayRead,3518168,623400,-1,-1,-1,-1,-1,-1,-1,-1
SAMPLE,p04-candidate,unchanged,5,unchangedPublicDiff,705840,17248,-1,-1,-1,-1,-1,-1,-1,-1
SAMPLE,p04-candidate,unchanged,5,revisionCopy,185460696,34110680,-1,-1,-1,-1,-1,-1,-1,-1
SAMPLE,p04-candidate,unchanged,6,bulkAppendCommit,7820462,1446608,-1,-1,-1,-1,-1,-1,-1,-1
SAMPLE,p04-candidate,unchanged,6,publicCompactDiff,50507963,4991688,-1,-1,-1,-1,-1,-1,-1,-1
SAMPLE,p04-candidate,unchanged,6,publicMaterializedDiff,24764805,4927568,-1,-1,-1,-1,-1,-1,-1,-1
SAMPLE,p04-candidate,unchanged,6,replayRead,3026771,623464,-1,-1,-1,-1,-1,-1,-1,-1
SAMPLE,p04-candidate,unchanged,6,unchangedPublicDiff,522017,17312,-1,-1,-1,-1,-1,-1,-1,-1
SAMPLE,p04-candidate,unchanged,6,revisionCopy,164180840,33973264,-1,-1,-1,-1,-1,-1,-1,-1
SAMPLE,p04-candidate,unchanged,7,bulkAppendCommit,7293688,1446600,-1,-1,-1,-1,-1,-1,-1,-1
SAMPLE,p04-candidate,unchanged,7,publicCompactDiff,35107472,4991592,-1,-1,-1,-1,-1,-1,-1,-1
SAMPLE,p04-candidate,unchanged,7,publicMaterializedDiff,16489764,4927440,-1,-1,-1,-1,-1,-1,-1,-1
SAMPLE,p04-candidate,unchanged,7,replayRead,2086016,623352,-1,-1,-1,-1,-1,-1,-1,-1
SAMPLE,p04-candidate,unchanged,7,unchangedPublicDiff,414023,17248,-1,-1,-1,-1,-1,-1,-1,-1
SAMPLE,p04-candidate,unchanged,7,revisionCopy,145951912,34369544,-1,-1,-1,-1,-1,-1,-1,-1
SAMPLE,p04-candidate,unchanged,8,bulkAppendCommit,9729329,1443312,-1,-1,-1,-1,-1,-1,-1,-1
SAMPLE,p04-candidate,unchanged,8,publicCompactDiff,34364282,4985304,-1,-1,-1,-1,-1,-1,-1,-1
SAMPLE,p04-candidate,unchanged,8,publicMaterializedDiff,14437529,4927248,-1,-1,-1,-1,-1,-1,-1,-1
SAMPLE,p04-candidate,unchanged,8,replayRead,2252597,623256,-1,-1,-1,-1,-1,-1,-1,-1
SAMPLE,p04-candidate,unchanged,8,unchangedPublicDiff,410562,17120,-1,-1,-1,-1,-1,-1,-1,-1
SAMPLE,p04-candidate,unchanged,8,revisionCopy,104749290,33445760,-1,-1,-1,-1,-1,-1,-1,-1
SAMPLE,p04-candidate,deep,0,bulkAppendCommit,9580157,1873248,-1,-1,-1,-1,-1,-1,-1,-1
SAMPLE,p04-candidate,deep,0,publicCompactDiff,1695936,372624,-1,-1,-1,-1,-1,-1,-1,-1
SAMPLE,p04-candidate,deep,0,publicMaterializedDiff,1609819,372568,-1,-1,-1,-1,-1,-1,-1,-1
SAMPLE,p04-candidate,deep,0,replayRead,710354,62104,-1,-1,-1,-1,-1,-1,-1,-1
SAMPLE,p04-candidate,deep,0,unchangedPublicDiff,268583,17528,-1,-1,-1,-1,-1,-1,-1,-1
SAMPLE,p04-candidate,deep,0,revisionCopy,18271610,4434216,-1,-1,-1,-1,-1,-1,-1,-1
SAMPLE,p04-candidate,deep,1,bulkAppendCommit,7258271,1873248,-1,-1,-1,-1,-1,-1,-1,-1
SAMPLE,p04-candidate,deep,1,publicCompactDiff,1169316,372624,-1,-1,-1,-1,-1,-1,-1,-1
SAMPLE,p04-candidate,deep,1,publicMaterializedDiff,1104307,372568,-1,-1,-1,-1,-1,-1,-1,-1
SAMPLE,p04-candidate,deep,1,replayRead,599133,62104,-1,-1,-1,-1,-1,-1,-1,-1
SAMPLE,p04-candidate,deep,1,unchangedPublicDiff,285067,17528,-1,-1,-1,-1,-1,-1,-1,-1
SAMPLE,p04-candidate,deep,1,revisionCopy,14629097,4432648,-1,-1,-1,-1,-1,-1,-1,-1
SAMPLE,p04-candidate,deep,2,bulkAppendCommit,7391295,1868696,-1,-1,-1,-1,-1,-1,-1,-1
SAMPLE,p04-candidate,deep,2,publicCompactDiff,1380079,372624,-1,-1,-1,-1,-1,-1,-1,-1
SAMPLE,p04-candidate,deep,2,publicMaterializedDiff,1251501,372568,-1,-1,-1,-1,-1,-1,-1,-1
SAMPLE,p04-candidate,deep,2,replayRead,491818,62104,-1,-1,-1,-1,-1,-1,-1,-1
SAMPLE,p04-candidate,deep,2,unchangedPublicDiff,223458,17528,-1,-1,-1,-1,-1,-1,-1,-1
SAMPLE,p04-candidate,deep,2,revisionCopy,17166112,4428608,-1,-1,-1,-1,-1,-1,-1,-1
SAMPLE,p04-candidate,deep,3,bulkAppendCommit,7016906,1869112,-1,-1,-1,-1,-1,-1,-1,-1
SAMPLE,p04-candidate,deep,3,publicCompactDiff,1499957,372624,-1,-1,-1,-1,-1,-1,-1,-1
SAMPLE,p04-candidate,deep,3,publicMaterializedDiff,1262244,372568,-1,-1,-1,-1,-1,-1,-1,-1
SAMPLE,p04-candidate,deep,3,replayRead,496126,62104,-1,-1,-1,-1,-1,-1,-1,-1
SAMPLE,p04-candidate,deep,3,unchangedPublicDiff,207840,17528,-1,-1,-1,-1,-1,-1,-1,-1
SAMPLE,p04-candidate,deep,3,revisionCopy,15226600,4419256,-1,-1,-1,-1,-1,-1,-1,-1
SAMPLE,p04-candidate,deep,4,bulkAppendCommit,7320223,1868712,-1,-1,-1,-1,-1,-1,-1,-1
SAMPLE,p04-candidate,deep,4,publicCompactDiff,2064270,372624,-1,-1,-1,-1,-1,-1,-1,-1
SAMPLE,p04-candidate,deep,4,publicMaterializedDiff,1445830,372568,-1,-1,-1,-1,-1,-1,-1,-1
SAMPLE,p04-candidate,deep,4,replayRead,520567,62104,-1,-1,-1,-1,-1,-1,-1,-1
SAMPLE,p04-candidate,deep,4,unchangedPublicDiff,245827,17528,-1,-1,-1,-1,-1,-1,-1,-1
SAMPLE,p04-candidate,deep,4,revisionCopy,15477391,4424424,-1,-1,-1,-1,-1,-1,-1,-1
SAMPLE,p04-candidate,deep,5,bulkAppendCommit,6673813,1868648,-1,-1,-1,-1,-1,-1,-1,-1
SAMPLE,p04-candidate,deep,5,publicCompactDiff,1490338,372624,-1,-1,-1,-1,-1,-1,-1,-1
SAMPLE,p04-candidate,deep,5,publicMaterializedDiff,1383775,372568,-1,-1,-1,-1,-1,-1,-1,-1
SAMPLE,p04-candidate,deep,5,replayRead,505001,62104,-1,-1,-1,-1,-1,-1,-1,-1
SAMPLE,p04-candidate,deep,5,unchangedPublicDiff,262653,17528,-1,-1,-1,-1,-1,-1,-1,-1
SAMPLE,p04-candidate,deep,5,revisionCopy,16964546,4423856,-1,-1,-1,-1,-1,-1,-1,-1
SAMPLE,p04-candidate,deep,6,bulkAppendCommit,6583218,1862472,-1,-1,-1,-1,-1,-1,-1,-1
SAMPLE,p04-candidate,deep,6,publicCompactDiff,1171445,366384,-1,-1,-1,-1,-1,-1,-1,-1
SAMPLE,p04-candidate,deep,6,publicMaterializedDiff,935930,366328,-1,-1,-1,-1,-1,-1,-1,-1
SAMPLE,p04-candidate,deep,6,replayRead,439999,62104,-1,-1,-1,-1,-1,-1,-1,-1
SAMPLE,p04-candidate,deep,6,unchangedPublicDiff,218716,17528,-1,-1,-1,-1,-1,-1,-1,-1
SAMPLE,p04-candidate,deep,6,revisionCopy,14811674,4423992,-1,-1,-1,-1,-1,-1,-1,-1
SAMPLE,p04-candidate,deep,7,bulkAppendCommit,7002274,1862448,-1,-1,-1,-1,-1,-1,-1,-1
SAMPLE,p04-candidate,deep,7,publicCompactDiff,1200097,366384,-1,-1,-1,-1,-1,-1,-1,-1
SAMPLE,p04-candidate,deep,7,publicMaterializedDiff,1739063,366328,-1,-1,-1,-1,-1,-1,-1,-1
SAMPLE,p04-candidate,deep,7,replayRead,622640,62104,-1,-1,-1,-1,-1,-1,-1,-1
SAMPLE,p04-candidate,deep,7,unchangedPublicDiff,330493,17528,-1,-1,-1,-1,-1,-1,-1,-1
SAMPLE,p04-candidate,deep,7,revisionCopy,19883026,4419664,-1,-1,-1,-1,-1,-1,-1,-1
SAMPLE,p04-candidate,deep,8,bulkAppendCommit,9971239,1862304,-1,-1,-1,-1,-1,-1,-1,-1
SAMPLE,p04-candidate,deep,8,publicCompactDiff,1346430,366384,-1,-1,-1,-1,-1,-1,-1,-1
SAMPLE,p04-candidate,deep,8,publicMaterializedDiff,910090,366328,-1,-1,-1,-1,-1,-1,-1,-1
SAMPLE,p04-candidate,deep,8,replayRead,373165,62104,-1,-1,-1,-1,-1,-1,-1,-1
SAMPLE,p04-candidate,deep,8,unchangedPublicDiff,183064,17528,-1,-1,-1,-1,-1,-1,-1,-1
SAMPLE,p04-candidate,deep,8,revisionCopy,19187298,4423952,-1,-1,-1,-1,-1,-1,-1,-1
SAMPLE,p04-candidate,moves,0,sourceMutationCommit,4482530,1304264,-1,-1,-1,-1,-1,-1,-1,-1
SAMPLE,p04-candidate,moves,0,publicCompactDiff,642992,76544,-1,-1,-1,-1,-1,-1,-1,-1
SAMPLE,p04-candidate,moves,0,publicMaterializedDiff,463011,100072,-1,-1,-1,-1,-1,-1,-1,-1
SAMPLE,p04-candidate,moves,0,replayRead,157020,21624,-1,-1,-1,-1,-1,-1,-1,-1
SAMPLE,p04-candidate,moves,0,unchangedPublicDiff,132359,17488,-1,-1,-1,-1,-1,-1,-1,-1
SAMPLE,p04-candidate,moves,0,revisionCopy,10665458,3862856,-1,-1,-1,-1,-1,-1,-1,-1
SAMPLE,p04-candidate,moves,1,sourceMutationCommit,3645451,1304136,-1,-1,-1,-1,-1,-1,-1,-1
SAMPLE,p04-candidate,moves,1,publicCompactDiff,526304,76544,-1,-1,-1,-1,-1,-1,-1,-1
SAMPLE,p04-candidate,moves,1,publicMaterializedDiff,526223,100072,-1,-1,-1,-1,-1,-1,-1,-1
SAMPLE,p04-candidate,moves,1,replayRead,186566,21624,-1,-1,-1,-1,-1,-1,-1,-1
SAMPLE,p04-candidate,moves,1,unchangedPublicDiff,121725,17488,-1,-1,-1,-1,-1,-1,-1,-1
SAMPLE,p04-candidate,moves,1,revisionCopy,8567600,3863008,-1,-1,-1,-1,-1,-1,-1,-1
SAMPLE,p04-candidate,moves,2,sourceMutationCommit,4375762,1304240,-1,-1,-1,-1,-1,-1,-1,-1
SAMPLE,p04-candidate,moves,2,publicCompactDiff,707325,76544,-1,-1,-1,-1,-1,-1,-1,-1
SAMPLE,p04-candidate,moves,2,publicMaterializedDiff,775949,100072,-1,-1,-1,-1,-1,-1,-1,-1
SAMPLE,p04-candidate,moves,2,replayRead,216619,21624,-1,-1,-1,-1,-1,-1,-1,-1
SAMPLE,p04-candidate,moves,2,unchangedPublicDiff,192448,17488,-1,-1,-1,-1,-1,-1,-1,-1
SAMPLE,p04-candidate,moves,2,revisionCopy,11250430,3863008,-1,-1,-1,-1,-1,-1,-1,-1
SAMPLE,p04-candidate,moves,3,sourceMutationCommit,4858629,1304240,-1,-1,-1,-1,-1,-1,-1,-1
SAMPLE,p04-candidate,moves,3,publicCompactDiff,686853,76616,-1,-1,-1,-1,-1,-1,-1,-1
SAMPLE,p04-candidate,moves,3,publicMaterializedDiff,772101,100072,-1,-1,-1,-1,-1,-1,-1,-1
SAMPLE,p04-candidate,moves,3,replayRead,201090,21624,-1,-1,-1,-1,-1,-1,-1,-1
SAMPLE,p04-candidate,moves,3,unchangedPublicDiff,190930,17488,-1,-1,-1,-1,-1,-1,-1,-1
SAMPLE,p04-candidate,moves,3,revisionCopy,7696108,3862984,-1,-1,-1,-1,-1,-1,-1,-1
SAMPLE,p04-candidate,moves,4,sourceMutationCommit,4201313,1304304,-1,-1,-1,-1,-1,-1,-1,-1
SAMPLE,p04-candidate,moves,4,publicCompactDiff,546873,76544,-1,-1,-1,-1,-1,-1,-1,-1
SAMPLE,p04-candidate,moves,4,publicMaterializedDiff,602598,100072,-1,-1,-1,-1,-1,-1,-1,-1
SAMPLE,p04-candidate,moves,4,replayRead,241894,21624,-1,-1,-1,-1,-1,-1,-1,-1
SAMPLE,p04-candidate,moves,4,unchangedPublicDiff,177053,17488,-1,-1,-1,-1,-1,-1,-1,-1
SAMPLE,p04-candidate,moves,4,revisionCopy,9069575,3862920,-1,-1,-1,-1,-1,-1,-1,-1
SAMPLE,p04-candidate,moves,5,sourceMutationCommit,4495339,1304216,-1,-1,-1,-1,-1,-1,-1,-1
SAMPLE,p04-candidate,moves,5,publicCompactDiff,658769,76544,-1,-1,-1,-1,-1,-1,-1,-1
SAMPLE,p04-candidate,moves,5,publicMaterializedDiff,870850,100072,-1,-1,-1,-1,-1,-1,-1,-1
SAMPLE,p04-candidate,moves,5,replayRead,222675,21624,-1,-1,-1,-1,-1,-1,-1,-1
SAMPLE,p04-candidate,moves,5,unchangedPublicDiff,225466,17488,-1,-1,-1,-1,-1,-1,-1,-1
SAMPLE,p04-candidate,moves,5,revisionCopy,9208682,3861856,-1,-1,-1,-1,-1,-1,-1,-1
SAMPLE,p04-candidate,moves,6,sourceMutationCommit,3380124,1304240,-1,-1,-1,-1,-1,-1,-1,-1
SAMPLE,p04-candidate,moves,6,publicCompactDiff,537152,76472,-1,-1,-1,-1,-1,-1,-1,-1
SAMPLE,p04-candidate,moves,6,publicMaterializedDiff,413607,99904,-1,-1,-1,-1,-1,-1,-1,-1
SAMPLE,p04-candidate,moves,6,replayRead,162132,21576,-1,-1,-1,-1,-1,-1,-1,-1
SAMPLE,p04-candidate,moves,6,unchangedPublicDiff,111517,17416,-1,-1,-1,-1,-1,-1,-1,-1
SAMPLE,p04-candidate,moves,6,revisionCopy,7655729,3861528,-1,-1,-1,-1,-1,-1,-1,-1
SAMPLE,p04-candidate,moves,7,sourceMutationCommit,3724324,1303944,-1,-1,-1,-1,-1,-1,-1,-1
SAMPLE,p04-candidate,moves,7,publicCompactDiff,509271,76448,-1,-1,-1,-1,-1,-1,-1,-1
SAMPLE,p04-candidate,moves,7,publicMaterializedDiff,413296,99904,-1,-1,-1,-1,-1,-1,-1,-1
SAMPLE,p04-candidate,moves,7,replayRead,149617,21576,-1,-1,-1,-1,-1,-1,-1,-1
SAMPLE,p04-candidate,moves,7,unchangedPublicDiff,118994,17416,-1,-1,-1,-1,-1,-1,-1,-1
SAMPLE,p04-candidate,moves,7,revisionCopy,12230994,3860488,-1,-1,-1,-1,-1,-1,-1,-1
SAMPLE,p04-candidate,moves,8,sourceMutationCommit,3690246,1303784,-1,-1,-1,-1,-1,-1,-1,-1
SAMPLE,p04-candidate,moves,8,publicCompactDiff,456877,76592,-1,-1,-1,-1,-1,-1,-1,-1
SAMPLE,p04-candidate,moves,8,publicMaterializedDiff,429407,99904,-1,-1,-1,-1,-1,-1,-1,-1
SAMPLE,p04-candidate,moves,8,replayRead,144979,21576,-1,-1,-1,-1,-1,-1,-1,-1
SAMPLE,p04-candidate,moves,8,unchangedPublicDiff,114261,17416,-1,-1,-1,-1,-1,-1,-1,-1
SAMPLE,p04-candidate,moves,8,revisionCopy,8592401,3861552,-1,-1,-1,-1,-1,-1,-1,-1
SAMPLE,p04-candidate,restore,0,sourceMutationCommit,3457037,1298072,-1,-1,-1,-1,-1,-1,-1,-1
SAMPLE,p04-candidate,restore,0,publicCompactDiff,451335,41080,-1,-1,-1,-1,-1,-1,-1,-1
SAMPLE,p04-candidate,restore,0,publicMaterializedDiff,239721,35528,-1,-1,-1,-1,-1,-1,-1,-1
SAMPLE,p04-candidate,restore,0,replayRead,226148,18344,-1,-1,-1,-1,-1,-1,-1,-1
SAMPLE,p04-candidate,restore,0,restorationPublicDiff,376265,44728,-1,-1,-1,-1,-1,-1,-1,-1
SAMPLE,p04-candidate,restore,0,revisionCopy,12197260,3916904,-1,-1,-1,-1,-1,-1,-1,-1
SAMPLE,p04-candidate,restore,1,sourceMutationCommit,4048174,1298072,-1,-1,-1,-1,-1,-1,-1,-1
SAMPLE,p04-candidate,restore,1,publicCompactDiff,441192,35584,-1,-1,-1,-1,-1,-1,-1,-1
SAMPLE,p04-candidate,restore,1,publicMaterializedDiff,253721,35528,-1,-1,-1,-1,-1,-1,-1,-1
SAMPLE,p04-candidate,restore,1,replayRead,268840,18344,-1,-1,-1,-1,-1,-1,-1,-1
SAMPLE,p04-candidate,restore,1,restorationPublicDiff,482603,44728,-1,-1,-1,-1,-1,-1,-1,-1
SAMPLE,p04-candidate,restore,1,revisionCopy,9336077,3916968,-1,-1,-1,-1,-1,-1,-1,-1
SAMPLE,p04-candidate,restore,2,sourceMutationCommit,3074286,1298248,-1,-1,-1,-1,-1,-1,-1,-1
SAMPLE,p04-candidate,restore,2,publicCompactDiff,283013,35584,-1,-1,-1,-1,-1,-1,-1,-1
SAMPLE,p04-candidate,restore,2,publicMaterializedDiff,127688,35528,-1,-1,-1,-1,-1,-1,-1,-1
SAMPLE,p04-candidate,restore,2,replayRead,160938,18344,-1,-1,-1,-1,-1,-1,-1,-1
SAMPLE,p04-candidate,restore,2,restorationPublicDiff,302055,44728,-1,-1,-1,-1,-1,-1,-1,-1
SAMPLE,p04-candidate,restore,2,revisionCopy,8562316,3917032,-1,-1,-1,-1,-1,-1,-1,-1
SAMPLE,p04-candidate,restore,3,sourceMutationCommit,4456963,1298248,-1,-1,-1,-1,-1,-1,-1,-1
SAMPLE,p04-candidate,restore,3,publicCompactDiff,318277,35584,-1,-1,-1,-1,-1,-1,-1,-1
SAMPLE,p04-candidate,restore,3,publicMaterializedDiff,134453,35528,-1,-1,-1,-1,-1,-1,-1,-1
SAMPLE,p04-candidate,restore,3,replayRead,154783,18344,-1,-1,-1,-1,-1,-1,-1,-1
SAMPLE,p04-candidate,restore,3,restorationPublicDiff,227198,44728,-1,-1,-1,-1,-1,-1,-1,-1
SAMPLE,p04-candidate,restore,3,revisionCopy,11237727,3916664,-1,-1,-1,-1,-1,-1,-1,-1
SAMPLE,p04-candidate,restore,4,sourceMutationCommit,4207504,1298248,-1,-1,-1,-1,-1,-1,-1,-1
SAMPLE,p04-candidate,restore,4,publicCompactDiff,372131,35584,-1,-1,-1,-1,-1,-1,-1,-1
SAMPLE,p04-candidate,restore,4,publicMaterializedDiff,149573,35528,-1,-1,-1,-1,-1,-1,-1,-1
SAMPLE,p04-candidate,restore,4,replayRead,168568,18344,-1,-1,-1,-1,-1,-1,-1,-1
SAMPLE,p04-candidate,restore,4,restorationPublicDiff,243016,44728,-1,-1,-1,-1,-1,-1,-1,-1
SAMPLE,p04-candidate,restore,4,revisionCopy,11875584,3916696,-1,-1,-1,-1,-1,-1,-1,-1
SAMPLE,p04-candidate,restore,5,sourceMutationCommit,3413958,1298312,-1,-1,-1,-1,-1,-1,-1,-1
SAMPLE,p04-candidate,restore,5,publicCompactDiff,326528,35584,-1,-1,-1,-1,-1,-1,-1,-1
SAMPLE,p04-candidate,restore,5,publicMaterializedDiff,161553,35528,-1,-1,-1,-1,-1,-1,-1,-1
SAMPLE,p04-candidate,restore,5,replayRead,170265,18344,-1,-1,-1,-1,-1,-1,-1,-1
SAMPLE,p04-candidate,restore,5,restorationPublicDiff,235432,44728,-1,-1,-1,-1,-1,-1,-1,-1
SAMPLE,p04-candidate,restore,5,revisionCopy,9188667,3917432,-1,-1,-1,-1,-1,-1,-1,-1
SAMPLE,p04-candidate,restore,6,sourceMutationCommit,3459185,1298048,-1,-1,-1,-1,-1,-1,-1,-1
SAMPLE,p04-candidate,restore,6,publicCompactDiff,430529,35584,-1,-1,-1,-1,-1,-1,-1,-1
SAMPLE,p04-candidate,restore,6,publicMaterializedDiff,228835,35560,-1,-1,-1,-1,-1,-1,-1,-1
SAMPLE,p04-candidate,restore,6,replayRead,295551,18344,-1,-1,-1,-1,-1,-1,-1,-1
SAMPLE,p04-candidate,restore,6,restorationPublicDiff,258851,44728,-1,-1,-1,-1,-1,-1,-1,-1
SAMPLE,p04-candidate,restore,6,revisionCopy,9852214,3920608,-1,-1,-1,-1,-1,-1,-1,-1
SAMPLE,p04-candidate,restore,7,sourceMutationCommit,3608013,1298072,-1,-1,-1,-1,-1,-1,-1,-1
SAMPLE,p04-candidate,restore,7,publicCompactDiff,304799,35584,-1,-1,-1,-1,-1,-1,-1,-1
SAMPLE,p04-candidate,restore,7,publicMaterializedDiff,131135,35528,-1,-1,-1,-1,-1,-1,-1,-1
SAMPLE,p04-candidate,restore,7,replayRead,179866,18344,-1,-1,-1,-1,-1,-1,-1,-1
SAMPLE,p04-candidate,restore,7,restorationPublicDiff,236103,44728,-1,-1,-1,-1,-1,-1,-1,-1
SAMPLE,p04-candidate,restore,7,revisionCopy,10427053,3915984,-1,-1,-1,-1,-1,-1,-1,-1
SAMPLE,p04-candidate,restore,8,sourceMutationCommit,3003434,1298072,-1,-1,-1,-1,-1,-1,-1,-1
SAMPLE,p04-candidate,restore,8,publicCompactDiff,331849,35584,-1,-1,-1,-1,-1,-1,-1,-1
SAMPLE,p04-candidate,restore,8,publicMaterializedDiff,150437,35528,-1,-1,-1,-1,-1,-1,-1,-1
SAMPLE,p04-candidate,restore,8,replayRead,175295,18344,-1,-1,-1,-1,-1,-1,-1,-1
SAMPLE,p04-candidate,restore,8,restorationPublicDiff,235638,44728,-1,-1,-1,-1,-1,-1,-1,-1
SAMPLE,p04-candidate,restore,8,revisionCopy,11095222,3916912,-1,-1,-1,-1,-1,-1,-1,-1
END,p04-candidate,sink=406482769
# [StorageProfile] dump called: enabled=false byKind.size=0
