ADMITTED,2026-10-05T22:44:04Z
WARNING: Using incubator modules: jdk.incubator.vector
RUN,p04-baseline,pid=3038349,java=25.0.3,identity=false,warmups=8,samples=9
JVM,p04-baseline,maxHeap=3221225472,arguments=[-XX:ThreadPriorityPolicy=1, -XX:+UnlockExperimentalVMOptions, -XX:+EnableJVMCIProduct, -XX:+EnableJVMCI, -XX:-UnlockExperimentalVMOptions, -ea, -Xms512m, -Xmx3g, --add-opens=java.base/sun.nio.ch=ALL-UNNAMED, --add-opens=java.base/java.nio=ALL-UNNAMED, --add-modules=jdk.incubator.vector, --enable-native-access=ALL-UNNAMED, -XX:+EnableDynamicAgentLoading, -XX:+UnlockDiagnosticVMOptions, -XX:+DebugNonSafepoints, --add-modules=jdk.incubator.vector, -Dfile.encoding=UTF-8, -Djava.io.tmpdir=/home/johannes/.treehouse/sirix-cdde48/20/sirix/build/replay/tmp, -Dlogback.configurationFile=/home/johannes/.treehouse/sirix-cdde48/20/sirix/build/replay/latency/quiet.xml, -Dsirix.replay.workDiag=false, -Dsirix.hot.mergeDiag=false, -Dsirix.replay.bench.scenarios=unchanged,deep,moves,restore]
COLUMNS,label,scenario,iteration,metric,nanos,threadAllocatedBytes,recordVisits,createdIdentities,stagedRecords,ancestorSteps,sidecarReads,fallbackPages,pathSteps,bookkeepingOperations
WARNING: A terminally deprecated method in sun.misc.Unsafe has been called
WARNING: sun.misc.Unsafe::arrayBaseOffset has been called by net.openhft.hashing.UnsafeAccess (file:/home/johannes/.gradle/caches/modules-2/files-2.1/net.openhft/zero-allocation-hashing/2026.0/2447494f7842ca377b4ccdba2089a8da5c1d1b50/zero-allocation-hashing-2026.0.jar)
WARNING: Please consider reporting this to the maintainers of class net.openhft.hashing.UnsafeAccess
WARNING: sun.misc.Unsafe::arrayBaseOffset will be removed in a future release
SAMPLE,p04-baseline,unchanged,0,bulkAppendCommit,6289603,1440936,-1,-1,-1,-1,-1,-1,-1,-1
SAMPLE,p04-baseline,unchanged,0,publicCompactDiff,39644855,5777992,-1,-1,-1,-1,-1,-1,-1,-1
SAMPLE,p04-baseline,unchanged,0,publicMaterializedDiff,14139620,5713936,-1,-1,-1,-1,-1,-1,-1,-1
SAMPLE,p04-baseline,unchanged,0,replayRead,13412923,3891432,-1,-1,-1,-1,-1,-1,-1,-1
SAMPLE,p04-baseline,unchanged,0,unchangedPublicDiff,366857,17336,-1,-1,-1,-1,-1,-1,-1,-1
SAMPLE,p04-baseline,unchanged,0,revisionCopy,129489179,12705456,-1,-1,-1,-1,-1,-1,-1,-1
SAMPLE,p04-baseline,unchanged,1,bulkAppendCommit,6147768,1440856,-1,-1,-1,-1,-1,-1,-1,-1
SAMPLE,p04-baseline,unchanged,1,publicCompactDiff,30759456,5778056,-1,-1,-1,-1,-1,-1,-1,-1
SAMPLE,p04-baseline,unchanged,1,publicMaterializedDiff,13102379,5713872,-1,-1,-1,-1,-1,-1,-1,-1
SAMPLE,p04-baseline,unchanged,1,replayRead,10097067,3891384,-1,-1,-1,-1,-1,-1,-1,-1
SAMPLE,p04-baseline,unchanged,1,unchangedPublicDiff,364229,17664,-1,-1,-1,-1,-1,-1,-1,-1
SAMPLE,p04-baseline,unchanged,1,revisionCopy,121963691,12708832,-1,-1,-1,-1,-1,-1,-1,-1
SAMPLE,p04-baseline,unchanged,2,bulkAppendCommit,6254062,1440584,-1,-1,-1,-1,-1,-1,-1,-1
SAMPLE,p04-baseline,unchanged,2,publicCompactDiff,30190752,5778024,-1,-1,-1,-1,-1,-1,-1,-1
SAMPLE,p04-baseline,unchanged,2,publicMaterializedDiff,13084919,5713936,-1,-1,-1,-1,-1,-1,-1,-1
SAMPLE,p04-baseline,unchanged,2,replayRead,9834746,3891432,-1,-1,-1,-1,-1,-1,-1,-1
SAMPLE,p04-baseline,unchanged,2,unchangedPublicDiff,364391,17336,-1,-1,-1,-1,-1,-1,-1,-1
SAMPLE,p04-baseline,unchanged,2,revisionCopy,112464749,12704584,-1,-1,-1,-1,-1,-1,-1,-1
SAMPLE,p04-baseline,unchanged,3,bulkAppendCommit,5838036,1440760,-1,-1,-1,-1,-1,-1,-1,-1
SAMPLE,p04-baseline,unchanged,3,publicCompactDiff,30792432,5777992,-1,-1,-1,-1,-1,-1,-1,-1
SAMPLE,p04-baseline,unchanged,3,publicMaterializedDiff,13298936,5713872,-1,-1,-1,-1,-1,-1,-1,-1
SAMPLE,p04-baseline,unchanged,3,replayRead,10038287,3891336,-1,-1,-1,-1,-1,-1,-1,-1
SAMPLE,p04-baseline,unchanged,3,unchangedPublicDiff,265578,17272,-1,-1,-1,-1,-1,-1,-1,-1
SAMPLE,p04-baseline,unchanged,3,revisionCopy,104297315,12707696,-1,-1,-1,-1,-1,-1,-1,-1
SAMPLE,p04-baseline,unchanged,4,bulkAppendCommit,5833576,1441184,-1,-1,-1,-1,-1,-1,-1,-1
SAMPLE,p04-baseline,unchanged,4,publicCompactDiff,30598645,5778056,-1,-1,-1,-1,-1,-1,-1,-1
SAMPLE,p04-baseline,unchanged,4,publicMaterializedDiff,13101789,5713936,-1,-1,-1,-1,-1,-1,-1,-1
SAMPLE,p04-baseline,unchanged,4,replayRead,9961566,3891432,-1,-1,-1,-1,-1,-1,-1,-1
SAMPLE,p04-baseline,unchanged,4,unchangedPublicDiff,322950,17336,-1,-1,-1,-1,-1,-1,-1,-1
SAMPLE,p04-baseline,unchanged,4,revisionCopy,109682158,12682752,-1,-1,-1,-1,-1,-1,-1,-1
SAMPLE,p04-baseline,unchanged,5,bulkAppendCommit,5179005,1442496,-1,-1,-1,-1,-1,-1,-1,-1
SAMPLE,p04-baseline,unchanged,5,publicCompactDiff,29356635,5778240,-1,-1,-1,-1,-1,-1,-1,-1
SAMPLE,p04-baseline,unchanged,5,publicMaterializedDiff,14405008,5713872,-1,-1,-1,-1,-1,-1,-1,-1
SAMPLE,p04-baseline,unchanged,5,replayRead,9795446,3891336,-1,-1,-1,-1,-1,-1,-1,-1
SAMPLE,p04-baseline,unchanged,5,unchangedPublicDiff,232020,17272,-1,-1,-1,-1,-1,-1,-1,-1
SAMPLE,p04-baseline,unchanged,5,revisionCopy,99230933,12609168,-1,-1,-1,-1,-1,-1,-1,-1
SAMPLE,p04-baseline,unchanged,6,bulkAppendCommit,5534200,1441408,-1,-1,-1,-1,-1,-1,-1,-1
SAMPLE,p04-baseline,unchanged,6,publicCompactDiff,30048917,5778160,-1,-1,-1,-1,-1,-1,-1,-1
SAMPLE,p04-baseline,unchanged,6,publicMaterializedDiff,15164524,5713936,-1,-1,-1,-1,-1,-1,-1,-1
SAMPLE,p04-baseline,unchanged,6,replayRead,9969611,3891432,-1,-1,-1,-1,-1,-1,-1,-1
SAMPLE,p04-baseline,unchanged,6,unchangedPublicDiff,252435,17336,-1,-1,-1,-1,-1,-1,-1,-1
SAMPLE,p04-baseline,unchanged,6,revisionCopy,91408809,12609792,-1,-1,-1,-1,-1,-1,-1,-1
SAMPLE,p04-baseline,unchanged,7,bulkAppendCommit,7108925,1439960,-1,-1,-1,-1,-1,-1,-1,-1
SAMPLE,p04-baseline,unchanged,7,publicCompactDiff,31183986,5777896,-1,-1,-1,-1,-1,-1,-1,-1
SAMPLE,p04-baseline,unchanged,7,publicMaterializedDiff,14355147,5713872,-1,-1,-1,-1,-1,-1,-1,-1
SAMPLE,p04-baseline,unchanged,7,replayRead,10007438,3891336,-1,-1,-1,-1,-1,-1,-1,-1
SAMPLE,p04-baseline,unchanged,7,unchangedPublicDiff,267467,17272,-1,-1,-1,-1,-1,-1,-1,-1
SAMPLE,p04-baseline,unchanged,7,revisionCopy,109121569,12607776,-1,-1,-1,-1,-1,-1,-1,-1
SAMPLE,p04-baseline,unchanged,8,bulkAppendCommit,4750263,1440960,-1,-1,-1,-1,-1,-1,-1,-1
SAMPLE,p04-baseline,unchanged,8,publicCompactDiff,17323945,5778232,-1,-1,-1,-1,-1,-1,-1,-1
SAMPLE,p04-baseline,unchanged,8,publicMaterializedDiff,12710084,5713936,-1,-1,-1,-1,-1,-1,-1,-1
SAMPLE,p04-baseline,unchanged,8,replayRead,9468014,3891432,-1,-1,-1,-1,-1,-1,-1,-1
SAMPLE,p04-baseline,unchanged,8,unchangedPublicDiff,199791,17336,-1,-1,-1,-1,-1,-1,-1,-1
SAMPLE,p04-baseline,unchanged,8,revisionCopy,92878089,12607352,-1,-1,-1,-1,-1,-1,-1,-1
SAMPLE,p04-baseline,deep,0,bulkAppendCommit,4979332,1823160,-1,-1,-1,-1,-1,-1,-1,-1
SAMPLE,p04-baseline,deep,0,publicCompactDiff,705626,372760,-1,-1,-1,-1,-1,-1,-1,-1
SAMPLE,p04-baseline,deep,0,publicMaterializedDiff,607498,372704,-1,-1,-1,-1,-1,-1,-1,-1
SAMPLE,p04-baseline,deep,0,replayRead,655761,381728,-1,-1,-1,-1,-1,-1,-1,-1
SAMPLE,p04-baseline,deep,0,unchangedPublicDiff,114512,17696,-1,-1,-1,-1,-1,-1,-1,-1
SAMPLE,p04-baseline,deep,0,revisionCopy,11074835,4617320,-1,-1,-1,-1,-1,-1,-1,-1
SAMPLE,p04-baseline,deep,1,bulkAppendCommit,4657165,1822240,-1,-1,-1,-1,-1,-1,-1,-1
SAMPLE,p04-baseline,deep,1,publicCompactDiff,658650,372760,-1,-1,-1,-1,-1,-1,-1,-1
SAMPLE,p04-baseline,deep,1,publicMaterializedDiff,579907,372704,-1,-1,-1,-1,-1,-1,-1,-1
SAMPLE,p04-baseline,deep,1,replayRead,577258,381728,-1,-1,-1,-1,-1,-1,-1,-1
SAMPLE,p04-baseline,deep,1,unchangedPublicDiff,108882,17696,-1,-1,-1,-1,-1,-1,-1,-1
SAMPLE,p04-baseline,deep,1,revisionCopy,10550616,4617240,-1,-1,-1,-1,-1,-1,-1,-1
SAMPLE,p04-baseline,deep,2,bulkAppendCommit,4153749,1822440,-1,-1,-1,-1,-1,-1,-1,-1
SAMPLE,p04-baseline,deep,2,publicCompactDiff,750804,372760,-1,-1,-1,-1,-1,-1,-1,-1
SAMPLE,p04-baseline,deep,2,publicMaterializedDiff,604302,372704,-1,-1,-1,-1,-1,-1,-1,-1
SAMPLE,p04-baseline,deep,2,replayRead,613622,381728,-1,-1,-1,-1,-1,-1,-1,-1
SAMPLE,p04-baseline,deep,2,unchangedPublicDiff,121065,17696,-1,-1,-1,-1,-1,-1,-1,-1
SAMPLE,p04-baseline,deep,2,revisionCopy,12691944,4617352,-1,-1,-1,-1,-1,-1,-1,-1
SAMPLE,p04-baseline,deep,3,bulkAppendCommit,4905689,1822264,-1,-1,-1,-1,-1,-1,-1,-1
SAMPLE,p04-baseline,deep,3,publicCompactDiff,893939,372760,-1,-1,-1,-1,-1,-1,-1,-1
SAMPLE,p04-baseline,deep,3,publicMaterializedDiff,1018856,372704,-1,-1,-1,-1,-1,-1,-1,-1
SAMPLE,p04-baseline,deep,3,replayRead,1104714,381728,-1,-1,-1,-1,-1,-1,-1,-1
SAMPLE,p04-baseline,deep,3,unchangedPublicDiff,231206,17696,-1,-1,-1,-1,-1,-1,-1,-1
SAMPLE,p04-baseline,deep,3,revisionCopy,12535766,4617544,-1,-1,-1,-1,-1,-1,-1,-1
SAMPLE,p04-baseline,deep,4,bulkAppendCommit,3967481,1816176,-1,-1,-1,-1,-1,-1,-1,-1
SAMPLE,p04-baseline,deep,4,publicCompactDiff,727992,366520,-1,-1,-1,-1,-1,-1,-1,-1
SAMPLE,p04-baseline,deep,4,publicMaterializedDiff,593786,366464,-1,-1,-1,-1,-1,-1,-1,-1
SAMPLE,p04-baseline,deep,4,replayRead,593508,375488,-1,-1,-1,-1,-1,-1,-1,-1
SAMPLE,p04-baseline,deep,4,unchangedPublicDiff,119909,17696,-1,-1,-1,-1,-1,-1,-1,-1
SAMPLE,p04-baseline,deep,4,revisionCopy,13775492,4610752,-1,-1,-1,-1,-1,-1,-1,-1
SAMPLE,p04-baseline,deep,5,bulkAppendCommit,3787110,1816352,-1,-1,-1,-1,-1,-1,-1,-1
SAMPLE,p04-baseline,deep,5,publicCompactDiff,586113,366520,-1,-1,-1,-1,-1,-1,-1,-1
SAMPLE,p04-baseline,deep,5,publicMaterializedDiff,466765,366464,-1,-1,-1,-1,-1,-1,-1,-1
SAMPLE,p04-baseline,deep,5,replayRead,470639,375488,-1,-1,-1,-1,-1,-1,-1,-1
SAMPLE,p04-baseline,deep,5,unchangedPublicDiff,106596,17696,-1,-1,-1,-1,-1,-1,-1,-1
SAMPLE,p04-baseline,deep,5,revisionCopy,10258113,4611408,-1,-1,-1,-1,-1,-1,-1,-1
SAMPLE,p04-baseline,deep,6,bulkAppendCommit,4877431,1817312,-1,-1,-1,-1,-1,-1,-1,-1
SAMPLE,p04-baseline,deep,6,publicCompactDiff,591399,366520,-1,-1,-1,-1,-1,-1,-1,-1
SAMPLE,p04-baseline,deep,6,publicMaterializedDiff,453239,366464,-1,-1,-1,-1,-1,-1,-1,-1
SAMPLE,p04-baseline,deep,6,replayRead,453668,375488,-1,-1,-1,-1,-1,-1,-1,-1
SAMPLE,p04-baseline,deep,6,unchangedPublicDiff,151832,17696,-1,-1,-1,-1,-1,-1,-1,-1
SAMPLE,p04-baseline,deep,6,revisionCopy,11843526,4611144,-1,-1,-1,-1,-1,-1,-1,-1
SAMPLE,p04-baseline,deep,7,bulkAppendCommit,4634606,1816064,-1,-1,-1,-1,-1,-1,-1,-1
SAMPLE,p04-baseline,deep,7,publicCompactDiff,599615,366520,-1,-1,-1,-1,-1,-1,-1,-1
SAMPLE,p04-baseline,deep,7,publicMaterializedDiff,460803,366464,-1,-1,-1,-1,-1,-1,-1,-1
SAMPLE,p04-baseline,deep,7,replayRead,511655,375488,-1,-1,-1,-1,-1,-1,-1,-1
SAMPLE,p04-baseline,deep,7,unchangedPublicDiff,120282,17696,-1,-1,-1,-1,-1,-1,-1,-1
SAMPLE,p04-baseline,deep,7,revisionCopy,11674831,4610824,-1,-1,-1,-1,-1,-1,-1,-1
SAMPLE,p04-baseline,deep,8,bulkAppendCommit,4116581,1816264,-1,-1,-1,-1,-1,-1,-1,-1
SAMPLE,p04-baseline,deep,8,publicCompactDiff,687280,366520,-1,-1,-1,-1,-1,-1,-1,-1
SAMPLE,p04-baseline,deep,8,publicMaterializedDiff,488347,366464,-1,-1,-1,-1,-1,-1,-1,-1
SAMPLE,p04-baseline,deep,8,replayRead,512425,375488,-1,-1,-1,-1,-1,-1,-1,-1
SAMPLE,p04-baseline,deep,8,unchangedPublicDiff,115759,17696,-1,-1,-1,-1,-1,-1,-1,-1
SAMPLE,p04-baseline,deep,8,revisionCopy,11145177,4611016,-1,-1,-1,-1,-1,-1,-1,-1
SAMPLE,p04-baseline,moves,0,sourceMutationCommit,3279492,1303120,-1,-1,-1,-1,-1,-1,-1,-1
SAMPLE,p04-baseline,moves,0,publicCompactDiff,472816,76728,-1,-1,-1,-1,-1,-1,-1,-1
SAMPLE,p04-baseline,moves,0,publicMaterializedDiff,483753,100376,-1,-1,-1,-1,-1,-1,-1,-1
SAMPLE,p04-baseline,moves,0,replayRead,570320,133328,-1,-1,-1,-1,-1,-1,-1,-1
SAMPLE,p04-baseline,moves,0,unchangedPublicDiff,147900,17656,-1,-1,-1,-1,-1,-1,-1,-1
SAMPLE,p04-baseline,moves,0,revisionCopy,11365018,3888120,-1,-1,-1,-1,-1,-1,-1,-1
SAMPLE,p04-baseline,moves,1,sourceMutationCommit,2921051,1303184,-1,-1,-1,-1,-1,-1,-1,-1
SAMPLE,p04-baseline,moves,1,publicCompactDiff,385974,76728,-1,-1,-1,-1,-1,-1,-1,-1
SAMPLE,p04-baseline,moves,1,publicMaterializedDiff,402980,100376,-1,-1,-1,-1,-1,-1,-1,-1
SAMPLE,p04-baseline,moves,1,replayRead,471433,133328,-1,-1,-1,-1,-1,-1,-1,-1
SAMPLE,p04-baseline,moves,1,unchangedPublicDiff,141403,17656,-1,-1,-1,-1,-1,-1,-1,-1
SAMPLE,p04-baseline,moves,1,revisionCopy,7788735,3887680,-1,-1,-1,-1,-1,-1,-1,-1
SAMPLE,p04-baseline,moves,2,sourceMutationCommit,3364662,1303184,-1,-1,-1,-1,-1,-1,-1,-1
SAMPLE,p04-baseline,moves,2,publicCompactDiff,645684,76728,-1,-1,-1,-1,-1,-1,-1,-1
SAMPLE,p04-baseline,moves,2,publicMaterializedDiff,734240,100376,-1,-1,-1,-1,-1,-1,-1,-1
SAMPLE,p04-baseline,moves,2,replayRead,884443,133328,-1,-1,-1,-1,-1,-1,-1,-1
SAMPLE,p04-baseline,moves,2,unchangedPublicDiff,181391,17656,-1,-1,-1,-1,-1,-1,-1,-1
SAMPLE,p04-baseline,moves,2,revisionCopy,8361307,3888304,-1,-1,-1,-1,-1,-1,-1,-1
SAMPLE,p04-baseline,moves,3,sourceMutationCommit,3063113,1303296,-1,-1,-1,-1,-1,-1,-1,-1
SAMPLE,p04-baseline,moves,3,publicCompactDiff,395090,76728,-1,-1,-1,-1,-1,-1,-1,-1
SAMPLE,p04-baseline,moves,3,publicMaterializedDiff,553224,100376,-1,-1,-1,-1,-1,-1,-1,-1
SAMPLE,p04-baseline,moves,3,replayRead,497689,133328,-1,-1,-1,-1,-1,-1,-1,-1
SAMPLE,p04-baseline,moves,3,unchangedPublicDiff,109047,17656,-1,-1,-1,-1,-1,-1,-1,-1
SAMPLE,p04-baseline,moves,3,revisionCopy,7971894,3887832,-1,-1,-1,-1,-1,-1,-1,-1
SAMPLE,p04-baseline,moves,4,sourceMutationCommit,3074370,1303120,-1,-1,-1,-1,-1,-1,-1,-1
SAMPLE,p04-baseline,moves,4,publicCompactDiff,789588,76728,-1,-1,-1,-1,-1,-1,-1,-1
SAMPLE,p04-baseline,moves,4,publicMaterializedDiff,503932,100376,-1,-1,-1,-1,-1,-1,-1,-1
SAMPLE,p04-baseline,moves,4,replayRead,591940,133328,-1,-1,-1,-1,-1,-1,-1,-1
SAMPLE,p04-baseline,moves,4,unchangedPublicDiff,228828,17656,-1,-1,-1,-1,-1,-1,-1,-1
SAMPLE,p04-baseline,moves,4,revisionCopy,8318570,3887528,-1,-1,-1,-1,-1,-1,-1,-1
SAMPLE,p04-baseline,moves,5,sourceMutationCommit,2837933,1303208,-1,-1,-1,-1,-1,-1,-1,-1
SAMPLE,p04-baseline,moves,5,publicCompactDiff,352396,76728,-1,-1,-1,-1,-1,-1,-1,-1
SAMPLE,p04-baseline,moves,5,publicMaterializedDiff,397700,100376,-1,-1,-1,-1,-1,-1,-1,-1
SAMPLE,p04-baseline,moves,5,replayRead,477700,133328,-1,-1,-1,-1,-1,-1,-1,-1
SAMPLE,p04-baseline,moves,5,unchangedPublicDiff,134150,17656,-1,-1,-1,-1,-1,-1,-1,-1
SAMPLE,p04-baseline,moves,5,revisionCopy,8235393,3887768,-1,-1,-1,-1,-1,-1,-1,-1
SAMPLE,p04-baseline,moves,6,sourceMutationCommit,2933187,1308680,-1,-1,-1,-1,-1,-1,-1,-1
SAMPLE,p04-baseline,moves,6,publicCompactDiff,383777,76728,-1,-1,-1,-1,-1,-1,-1,-1
SAMPLE,p04-baseline,moves,6,publicMaterializedDiff,434839,100376,-1,-1,-1,-1,-1,-1,-1,-1
SAMPLE,p04-baseline,moves,6,replayRead,495849,133328,-1,-1,-1,-1,-1,-1,-1,-1
SAMPLE,p04-baseline,moves,6,unchangedPublicDiff,132732,17656,-1,-1,-1,-1,-1,-1,-1,-1
SAMPLE,p04-baseline,moves,6,revisionCopy,8714847,3887576,-1,-1,-1,-1,-1,-1,-1,-1
SAMPLE,p04-baseline,moves,7,sourceMutationCommit,3010142,1303120,-1,-1,-1,-1,-1,-1,-1,-1
SAMPLE,p04-baseline,moves,7,publicCompactDiff,425857,76728,-1,-1,-1,-1,-1,-1,-1,-1
SAMPLE,p04-baseline,moves,7,publicMaterializedDiff,387019,100376,-1,-1,-1,-1,-1,-1,-1,-1
SAMPLE,p04-baseline,moves,7,replayRead,493232,133328,-1,-1,-1,-1,-1,-1,-1,-1
SAMPLE,p04-baseline,moves,7,unchangedPublicDiff,100537,17656,-1,-1,-1,-1,-1,-1,-1,-1
SAMPLE,p04-baseline,moves,7,revisionCopy,8340565,3887208,-1,-1,-1,-1,-1,-1,-1,-1
SAMPLE,p04-baseline,moves,8,sourceMutationCommit,3059778,1303296,-1,-1,-1,-1,-1,-1,-1,-1
SAMPLE,p04-baseline,moves,8,publicCompactDiff,337469,76728,-1,-1,-1,-1,-1,-1,-1,-1
SAMPLE,p04-baseline,moves,8,publicMaterializedDiff,388759,100376,-1,-1,-1,-1,-1,-1,-1,-1
SAMPLE,p04-baseline,moves,8,replayRead,438820,133328,-1,-1,-1,-1,-1,-1,-1,-1
SAMPLE,p04-baseline,moves,8,unchangedPublicDiff,101651,17656,-1,-1,-1,-1,-1,-1,-1,-1
SAMPLE,p04-baseline,moves,8,revisionCopy,8349981,3887944,-1,-1,-1,-1,-1,-1,-1,-1
SAMPLE,p04-baseline,restore,0,sourceMutationCommit,2695079,1297688,-1,-1,-1,-1,-1,-1,-1,-1
SAMPLE,p04-baseline,restore,0,publicCompactDiff,381836,35616,-1,-1,-1,-1,-1,-1,-1,-1
SAMPLE,p04-baseline,restore,0,publicMaterializedDiff,146586,35560,-1,-1,-1,-1,-1,-1,-1,-1
SAMPLE,p04-baseline,restore,0,replayRead,176735,47760,-1,-1,-1,-1,-1,-1,-1,-1
SAMPLE,p04-baseline,restore,0,restorationPublicDiff,210874,44832,-1,-1,-1,-1,-1,-1,-1,-1
SAMPLE,p04-baseline,restore,0,revisionCopy,10085031,3960456,-1,-1,-1,-1,-1,-1,-1,-1
SAMPLE,p04-baseline,restore,1,sourceMutationCommit,3511152,1297440,-1,-1,-1,-1,-1,-1,-1,-1
SAMPLE,p04-baseline,restore,1,publicCompactDiff,257830,35616,-1,-1,-1,-1,-1,-1,-1,-1
SAMPLE,p04-baseline,restore,1,publicMaterializedDiff,135599,35560,-1,-1,-1,-1,-1,-1,-1,-1
SAMPLE,p04-baseline,restore,1,replayRead,158775,47760,-1,-1,-1,-1,-1,-1,-1,-1
SAMPLE,p04-baseline,restore,1,restorationPublicDiff,199141,44832,-1,-1,-1,-1,-1,-1,-1,-1
SAMPLE,p04-baseline,restore,1,revisionCopy,9361074,3961120,-1,-1,-1,-1,-1,-1,-1,-1
SAMPLE,p04-baseline,restore,2,sourceMutationCommit,2667661,1297688,-1,-1,-1,-1,-1,-1,-1,-1
SAMPLE,p04-baseline,restore,2,publicCompactDiff,251000,35616,-1,-1,-1,-1,-1,-1,-1,-1
SAMPLE,p04-baseline,restore,2,publicMaterializedDiff,158295,35560,-1,-1,-1,-1,-1,-1,-1,-1
SAMPLE,p04-baseline,restore,2,replayRead,162711,47760,-1,-1,-1,-1,-1,-1,-1,-1
SAMPLE,p04-baseline,restore,2,restorationPublicDiff,282382,44832,-1,-1,-1,-1,-1,-1,-1,-1
SAMPLE,p04-baseline,restore,2,revisionCopy,11964575,3961032,-1,-1,-1,-1,-1,-1,-1,-1
SAMPLE,p04-baseline,restore,3,sourceMutationCommit,3093052,1297424,-1,-1,-1,-1,-1,-1,-1,-1
SAMPLE,p04-baseline,restore,3,publicCompactDiff,486782,35616,-1,-1,-1,-1,-1,-1,-1,-1
SAMPLE,p04-baseline,restore,3,publicMaterializedDiff,303994,35560,-1,-1,-1,-1,-1,-1,-1,-1
SAMPLE,p04-baseline,restore,3,replayRead,458905,47760,-1,-1,-1,-1,-1,-1,-1,-1
SAMPLE,p04-baseline,restore,3,restorationPublicDiff,402369,44832,-1,-1,-1,-1,-1,-1,-1,-1
SAMPLE,p04-baseline,restore,3,revisionCopy,10851939,3960600,-1,-1,-1,-1,-1,-1,-1,-1
SAMPLE,p04-baseline,restore,4,sourceMutationCommit,3256746,1297520,-1,-1,-1,-1,-1,-1,-1,-1
SAMPLE,p04-baseline,restore,4,publicCompactDiff,275207,35616,-1,-1,-1,-1,-1,-1,-1,-1
SAMPLE,p04-baseline,restore,4,publicMaterializedDiff,153153,35560,-1,-1,-1,-1,-1,-1,-1,-1
SAMPLE,p04-baseline,restore,4,replayRead,167341,47760,-1,-1,-1,-1,-1,-1,-1,-1
SAMPLE,p04-baseline,restore,4,restorationPublicDiff,252000,44832,-1,-1,-1,-1,-1,-1,-1,-1
SAMPLE,p04-baseline,restore,4,revisionCopy,8887258,3960672,-1,-1,-1,-1,-1,-1,-1,-1
SAMPLE,p04-baseline,restore,5,sourceMutationCommit,2949696,1297480,-1,-1,-1,-1,-1,-1,-1,-1
SAMPLE,p04-baseline,restore,5,publicCompactDiff,236621,35616,-1,-1,-1,-1,-1,-1,-1,-1
SAMPLE,p04-baseline,restore,5,publicMaterializedDiff,132061,35560,-1,-1,-1,-1,-1,-1,-1,-1
SAMPLE,p04-baseline,restore,5,replayRead,166248,47760,-1,-1,-1,-1,-1,-1,-1,-1
SAMPLE,p04-baseline,restore,5,restorationPublicDiff,200018,44832,-1,-1,-1,-1,-1,-1,-1,-1
SAMPLE,p04-baseline,restore,5,revisionCopy,9072157,3960904,-1,-1,-1,-1,-1,-1,-1,-1
SAMPLE,p04-baseline,restore,6,sourceMutationCommit,3506020,1297280,-1,-1,-1,-1,-1,-1,-1,-1
SAMPLE,p04-baseline,restore,6,publicCompactDiff,449188,35616,-1,-1,-1,-1,-1,-1,-1,-1
SAMPLE,p04-baseline,restore,6,publicMaterializedDiff,268602,35560,-1,-1,-1,-1,-1,-1,-1,-1
SAMPLE,p04-baseline,restore,6,replayRead,279914,47760,-1,-1,-1,-1,-1,-1,-1,-1
SAMPLE,p04-baseline,restore,6,restorationPublicDiff,342041,44832,-1,-1,-1,-1,-1,-1,-1,-1
SAMPLE,p04-baseline,restore,6,revisionCopy,12699045,3960864,-1,-1,-1,-1,-1,-1,-1,-1
SAMPLE,p04-baseline,restore,7,sourceMutationCommit,3894028,1297728,-1,-1,-1,-1,-1,-1,-1,-1
SAMPLE,p04-baseline,restore,7,publicCompactDiff,438269,35616,-1,-1,-1,-1,-1,-1,-1,-1
SAMPLE,p04-baseline,restore,7,publicMaterializedDiff,228488,35560,-1,-1,-1,-1,-1,-1,-1,-1
SAMPLE,p04-baseline,restore,7,replayRead,281390,47760,-1,-1,-1,-1,-1,-1,-1,-1
SAMPLE,p04-baseline,restore,7,restorationPublicDiff,361881,44832,-1,-1,-1,-1,-1,-1,-1,-1
SAMPLE,p04-baseline,restore,7,revisionCopy,11941938,3961616,-1,-1,-1,-1,-1,-1,-1,-1
SAMPLE,p04-baseline,restore,8,sourceMutationCommit,3660925,1297648,-1,-1,-1,-1,-1,-1,-1,-1
SAMPLE,p04-baseline,restore,8,publicCompactDiff,476215,35616,-1,-1,-1,-1,-1,-1,-1,-1
SAMPLE,p04-baseline,restore,8,publicMaterializedDiff,239377,35560,-1,-1,-1,-1,-1,-1,-1,-1
SAMPLE,p04-baseline,restore,8,replayRead,254729,47760,-1,-1,-1,-1,-1,-1,-1,-1
SAMPLE,p04-baseline,restore,8,restorationPublicDiff,337355,44832,-1,-1,-1,-1,-1,-1,-1,-1
SAMPLE,p04-baseline,restore,8,revisionCopy,12177936,3960888,-1,-1,-1,-1,-1,-1,-1,-1
END,p04-baseline,sink=555
# [StorageProfile] dump called: enabled=false byKind.size=0
