ADMITTED,2026-10-05T22:44:30Z
WARNING: Using incubator modules: jdk.incubator.vector
RUN,p05-candidate,pid=3049666,java=25.0.3,identity=true,warmups=8,samples=9
JVM,p05-candidate,maxHeap=3221225472,arguments=[-XX:ThreadPriorityPolicy=1, -XX:+UnlockExperimentalVMOptions, -XX:+EnableJVMCIProduct, -XX:+EnableJVMCI, -XX:-UnlockExperimentalVMOptions, -ea, -Xms512m, -Xmx3g, --add-opens=java.base/sun.nio.ch=ALL-UNNAMED, --add-opens=java.base/java.nio=ALL-UNNAMED, --add-modules=jdk.incubator.vector, --enable-native-access=ALL-UNNAMED, -XX:+EnableDynamicAgentLoading, -XX:+UnlockDiagnosticVMOptions, -XX:+DebugNonSafepoints, --add-modules=jdk.incubator.vector, -Dfile.encoding=UTF-8, -Djava.io.tmpdir=/home/johannes/.treehouse/sirix-cdde48/20/sirix/build/replay/tmp, -Dlogback.configurationFile=/home/johannes/.treehouse/sirix-cdde48/20/sirix/build/replay/latency/quiet.xml, -Dsirix.replay.workDiag=false, -Dsirix.hot.mergeDiag=false, -Dsirix.replay.bench.scenarios=unchanged,deep,moves,restore]
COLUMNS,label,scenario,iteration,metric,nanos,threadAllocatedBytes,recordVisits,createdIdentities,stagedRecords,ancestorSteps,sidecarReads,fallbackPages,pathSteps,bookkeepingOperations
WARNING: A terminally deprecated method in sun.misc.Unsafe has been called
WARNING: sun.misc.Unsafe::arrayBaseOffset has been called by net.openhft.hashing.UnsafeAccess (file:/home/johannes/.gradle/caches/modules-2/files-2.1/net.openhft/zero-allocation-hashing/2026.0/2447494f7842ca377b4ccdba2089a8da5c1d1b50/zero-allocation-hashing-2026.0.jar)
WARNING: Please consider reporting this to the maintainers of class net.openhft.hashing.UnsafeAccess
WARNING: sun.misc.Unsafe::arrayBaseOffset will be removed in a future release
SAMPLE,p05-candidate,unchanged,0,bulkAppendCommit,9562550,1446552,-1,-1,-1,-1,-1,-1,-1,-1
SAMPLE,p05-candidate,unchanged,0,publicCompactDiff,57984855,4991656,-1,-1,-1,-1,-1,-1,-1,-1
SAMPLE,p05-candidate,unchanged,0,publicMaterializedDiff,27757510,4927504,-1,-1,-1,-1,-1,-1,-1,-1
SAMPLE,p05-candidate,unchanged,0,replayRead,5272183,623432,-1,-1,-1,-1,-1,-1,-1,-1
SAMPLE,p05-candidate,unchanged,0,unchangedPublicDiff,646749,17312,-1,-1,-1,-1,-1,-1,-1,-1
SAMPLE,p05-candidate,unchanged,0,revisionCopy,212611004,33884312,-1,-1,-1,-1,-1,-1,-1,-1
SAMPLE,p05-candidate,unchanged,1,bulkAppendCommit,7555110,1447024,-1,-1,-1,-1,-1,-1,-1,-1
SAMPLE,p05-candidate,unchanged,1,publicCompactDiff,45732580,4991592,-1,-1,-1,-1,-1,-1,-1,-1
SAMPLE,p05-candidate,unchanged,1,publicMaterializedDiff,14118342,4927440,-1,-1,-1,-1,-1,-1,-1,-1
SAMPLE,p05-candidate,unchanged,1,replayRead,2728356,623400,-1,-1,-1,-1,-1,-1,-1,-1
SAMPLE,p05-candidate,unchanged,1,unchangedPublicDiff,375199,17248,-1,-1,-1,-1,-1,-1,-1,-1
SAMPLE,p05-candidate,unchanged,1,revisionCopy,178940974,33849192,-1,-1,-1,-1,-1,-1,-1,-1
SAMPLE,p05-candidate,unchanged,2,bulkAppendCommit,8124098,1446664,-1,-1,-1,-1,-1,-1,-1,-1
SAMPLE,p05-candidate,unchanged,2,publicCompactDiff,33154517,4991656,-1,-1,-1,-1,-1,-1,-1,-1
SAMPLE,p05-candidate,unchanged,2,publicMaterializedDiff,14338174,4927504,-1,-1,-1,-1,-1,-1,-1,-1
SAMPLE,p05-candidate,unchanged,2,replayRead,2256536,623432,-1,-1,-1,-1,-1,-1,-1,-1
SAMPLE,p05-candidate,unchanged,2,unchangedPublicDiff,432206,17312,-1,-1,-1,-1,-1,-1,-1,-1
SAMPLE,p05-candidate,unchanged,2,revisionCopy,189613744,33724552,-1,-1,-1,-1,-1,-1,-1,-1
SAMPLE,p05-candidate,unchanged,3,bulkAppendCommit,8276245,1446848,-1,-1,-1,-1,-1,-1,-1,-1
SAMPLE,p05-candidate,unchanged,3,publicCompactDiff,41750078,4991592,-1,-1,-1,-1,-1,-1,-1,-1
SAMPLE,p05-candidate,unchanged,3,publicMaterializedDiff,15445909,4927440,-1,-1,-1,-1,-1,-1,-1,-1
SAMPLE,p05-candidate,unchanged,3,replayRead,2468123,623400,-1,-1,-1,-1,-1,-1,-1,-1
SAMPLE,p05-candidate,unchanged,3,unchangedPublicDiff,377905,17248,-1,-1,-1,-1,-1,-1,-1,-1
SAMPLE,p05-candidate,unchanged,3,revisionCopy,149999585,33469360,-1,-1,-1,-1,-1,-1,-1,-1
SAMPLE,p05-candidate,unchanged,4,bulkAppendCommit,8299199,1446816,-1,-1,-1,-1,-1,-1,-1,-1
SAMPLE,p05-candidate,unchanged,4,publicCompactDiff,56512379,4991592,-1,-1,-1,-1,-1,-1,-1,-1
SAMPLE,p05-candidate,unchanged,4,publicMaterializedDiff,25517920,4927504,-1,-1,-1,-1,-1,-1,-1,-1
SAMPLE,p05-candidate,unchanged,4,replayRead,3796526,624176,-1,-1,-1,-1,-1,-1,-1,-1
SAMPLE,p05-candidate,unchanged,4,unchangedPublicDiff,844496,17312,-1,-1,-1,-1,-1,-1,-1,-1
SAMPLE,p05-candidate,unchanged,4,revisionCopy,149112557,33929664,-1,-1,-1,-1,-1,-1,-1,-1
SAMPLE,p05-candidate,unchanged,5,bulkAppendCommit,6823500,1447136,-1,-1,-1,-1,-1,-1,-1,-1
SAMPLE,p05-candidate,unchanged,5,publicCompactDiff,32570875,4991592,-1,-1,-1,-1,-1,-1,-1,-1
SAMPLE,p05-candidate,unchanged,5,publicMaterializedDiff,13076984,4927440,-1,-1,-1,-1,-1,-1,-1,-1
SAMPLE,p05-candidate,unchanged,5,replayRead,2337261,623400,-1,-1,-1,-1,-1,-1,-1,-1
SAMPLE,p05-candidate,unchanged,5,unchangedPublicDiff,540564,17248,-1,-1,-1,-1,-1,-1,-1,-1
SAMPLE,p05-candidate,unchanged,5,revisionCopy,112225379,33929624,-1,-1,-1,-1,-1,-1,-1,-1
SAMPLE,p05-candidate,unchanged,6,bulkAppendCommit,6800875,1447000,-1,-1,-1,-1,-1,-1,-1,-1
SAMPLE,p05-candidate,unchanged,6,publicCompactDiff,37893773,4991624,-1,-1,-1,-1,-1,-1,-1,-1
SAMPLE,p05-candidate,unchanged,6,publicMaterializedDiff,13305557,4927504,-1,-1,-1,-1,-1,-1,-1,-1
SAMPLE,p05-candidate,unchanged,6,replayRead,2184102,623384,-1,-1,-1,-1,-1,-1,-1,-1
SAMPLE,p05-candidate,unchanged,6,unchangedPublicDiff,389404,17312,-1,-1,-1,-1,-1,-1,-1,-1
SAMPLE,p05-candidate,unchanged,6,revisionCopy,103520385,33908656,-1,-1,-1,-1,-1,-1,-1,-1
SAMPLE,p05-candidate,unchanged,7,bulkAppendCommit,6361563,1446016,-1,-1,-1,-1,-1,-1,-1,-1
SAMPLE,p05-candidate,unchanged,7,publicCompactDiff,42939551,4991904,-1,-1,-1,-1,-1,-1,-1,-1
SAMPLE,p05-candidate,unchanged,7,publicMaterializedDiff,18234389,4927504,-1,-1,-1,-1,-1,-1,-1,-1
SAMPLE,p05-candidate,unchanged,7,replayRead,3282160,623384,-1,-1,-1,-1,-1,-1,-1,-1
SAMPLE,p05-candidate,unchanged,7,unchangedPublicDiff,523472,17312,-1,-1,-1,-1,-1,-1,-1,-1
SAMPLE,p05-candidate,unchanged,7,revisionCopy,114574610,34062176,-1,-1,-1,-1,-1,-1,-1,-1
SAMPLE,p05-candidate,unchanged,8,bulkAppendCommit,7886563,1447288,-1,-1,-1,-1,-1,-1,-1,-1
SAMPLE,p05-candidate,unchanged,8,publicCompactDiff,34018447,4991560,-1,-1,-1,-1,-1,-1,-1,-1
SAMPLE,p05-candidate,unchanged,8,publicMaterializedDiff,14860375,4927408,-1,-1,-1,-1,-1,-1,-1,-1
SAMPLE,p05-candidate,unchanged,8,replayRead,1553415,623336,-1,-1,-1,-1,-1,-1,-1,-1
SAMPLE,p05-candidate,unchanged,8,unchangedPublicDiff,297075,17264,-1,-1,-1,-1,-1,-1,-1,-1
SAMPLE,p05-candidate,unchanged,8,revisionCopy,113049763,33897656,-1,-1,-1,-1,-1,-1,-1,-1
SAMPLE,p05-candidate,deep,0,bulkAppendCommit,6394583,1874544,-1,-1,-1,-1,-1,-1,-1,-1
SAMPLE,p05-candidate,deep,0,publicCompactDiff,1507071,372784,-1,-1,-1,-1,-1,-1,-1,-1
SAMPLE,p05-candidate,deep,0,publicMaterializedDiff,1341046,372728,-1,-1,-1,-1,-1,-1,-1,-1
SAMPLE,p05-candidate,deep,0,replayRead,611772,62184,-1,-1,-1,-1,-1,-1,-1,-1
SAMPLE,p05-candidate,deep,0,unchangedPublicDiff,253859,17648,-1,-1,-1,-1,-1,-1,-1,-1
SAMPLE,p05-candidate,deep,0,revisionCopy,11174580,4436496,-1,-1,-1,-1,-1,-1,-1,-1
SAMPLE,p05-candidate,deep,1,bulkAppendCommit,5292578,1874544,-1,-1,-1,-1,-1,-1,-1,-1
SAMPLE,p05-candidate,deep,1,publicCompactDiff,1214136,372784,-1,-1,-1,-1,-1,-1,-1,-1
SAMPLE,p05-candidate,deep,1,publicMaterializedDiff,924538,372728,-1,-1,-1,-1,-1,-1,-1,-1
SAMPLE,p05-candidate,deep,1,replayRead,381423,62184,-1,-1,-1,-1,-1,-1,-1,-1
SAMPLE,p05-candidate,deep,1,unchangedPublicDiff,142231,17648,-1,-1,-1,-1,-1,-1,-1,-1
SAMPLE,p05-candidate,deep,1,revisionCopy,14663006,4436736,-1,-1,-1,-1,-1,-1,-1,-1
SAMPLE,p05-candidate,deep,2,bulkAppendCommit,5116687,1873800,-1,-1,-1,-1,-1,-1,-1,-1
SAMPLE,p05-candidate,deep,2,publicCompactDiff,806529,372784,-1,-1,-1,-1,-1,-1,-1,-1
SAMPLE,p05-candidate,deep,2,publicMaterializedDiff,682204,372728,-1,-1,-1,-1,-1,-1,-1,-1
SAMPLE,p05-candidate,deep,2,replayRead,296960,62184,-1,-1,-1,-1,-1,-1,-1,-1
SAMPLE,p05-candidate,deep,2,unchangedPublicDiff,121132,17648,-1,-1,-1,-1,-1,-1,-1,-1
SAMPLE,p05-candidate,deep,2,revisionCopy,11727842,4441384,-1,-1,-1,-1,-1,-1,-1,-1
SAMPLE,p05-candidate,deep,3,bulkAppendCommit,5827413,1874296,-1,-1,-1,-1,-1,-1,-1,-1
SAMPLE,p05-candidate,deep,3,publicCompactDiff,1182872,372784,-1,-1,-1,-1,-1,-1,-1,-1
SAMPLE,p05-candidate,deep,3,publicMaterializedDiff,1472645,372728,-1,-1,-1,-1,-1,-1,-1,-1
SAMPLE,p05-candidate,deep,3,replayRead,564220,62184,-1,-1,-1,-1,-1,-1,-1,-1
SAMPLE,p05-candidate,deep,3,unchangedPublicDiff,277553,17648,-1,-1,-1,-1,-1,-1,-1,-1
SAMPLE,p05-candidate,deep,3,revisionCopy,14660680,4437200,-1,-1,-1,-1,-1,-1,-1,-1
SAMPLE,p05-candidate,deep,4,bulkAppendCommit,5624097,1874024,-1,-1,-1,-1,-1,-1,-1,-1
SAMPLE,p05-candidate,deep,4,publicCompactDiff,1453676,372784,-1,-1,-1,-1,-1,-1,-1,-1
SAMPLE,p05-candidate,deep,4,publicMaterializedDiff,1364325,372728,-1,-1,-1,-1,-1,-1,-1,-1
SAMPLE,p05-candidate,deep,4,replayRead,477381,62184,-1,-1,-1,-1,-1,-1,-1,-1
SAMPLE,p05-candidate,deep,4,unchangedPublicDiff,207922,17648,-1,-1,-1,-1,-1,-1,-1,-1
SAMPLE,p05-candidate,deep,4,revisionCopy,13778290,4431520,-1,-1,-1,-1,-1,-1,-1,-1
SAMPLE,p05-candidate,deep,5,bulkAppendCommit,7324748,1874472,-1,-1,-1,-1,-1,-1,-1,-1
SAMPLE,p05-candidate,deep,5,publicCompactDiff,1449383,372784,-1,-1,-1,-1,-1,-1,-1,-1
SAMPLE,p05-candidate,deep,5,publicMaterializedDiff,1379220,372728,-1,-1,-1,-1,-1,-1,-1,-1
SAMPLE,p05-candidate,deep,5,replayRead,441250,62184,-1,-1,-1,-1,-1,-1,-1,-1
SAMPLE,p05-candidate,deep,5,unchangedPublicDiff,236064,17648,-1,-1,-1,-1,-1,-1,-1,-1
SAMPLE,p05-candidate,deep,5,revisionCopy,14151583,4436760,-1,-1,-1,-1,-1,-1,-1,-1
SAMPLE,p05-candidate,deep,6,bulkAppendCommit,5353468,1868232,-1,-1,-1,-1,-1,-1,-1,-1
SAMPLE,p05-candidate,deep,6,publicCompactDiff,1216836,366544,-1,-1,-1,-1,-1,-1,-1,-1
SAMPLE,p05-candidate,deep,6,publicMaterializedDiff,912416,366488,-1,-1,-1,-1,-1,-1,-1,-1
SAMPLE,p05-candidate,deep,6,replayRead,273920,62184,-1,-1,-1,-1,-1,-1,-1,-1
SAMPLE,p05-candidate,deep,6,unchangedPublicDiff,131419,17648,-1,-1,-1,-1,-1,-1,-1,-1
SAMPLE,p05-candidate,deep,6,revisionCopy,14669247,4436632,-1,-1,-1,-1,-1,-1,-1,-1
SAMPLE,p05-candidate,deep,7,bulkAppendCommit,6746868,1867912,-1,-1,-1,-1,-1,-1,-1,-1
SAMPLE,p05-candidate,deep,7,publicCompactDiff,1420510,366544,-1,-1,-1,-1,-1,-1,-1,-1
SAMPLE,p05-candidate,deep,7,publicMaterializedDiff,1162366,366488,-1,-1,-1,-1,-1,-1,-1,-1
SAMPLE,p05-candidate,deep,7,replayRead,530040,62184,-1,-1,-1,-1,-1,-1,-1,-1
SAMPLE,p05-candidate,deep,7,unchangedPublicDiff,228501,17648,-1,-1,-1,-1,-1,-1,-1,-1
SAMPLE,p05-candidate,deep,7,revisionCopy,24823748,4437168,-1,-1,-1,-1,-1,-1,-1,-1
SAMPLE,p05-candidate,deep,8,bulkAppendCommit,8894252,1868256,-1,-1,-1,-1,-1,-1,-1,-1
SAMPLE,p05-candidate,deep,8,publicCompactDiff,1505883,366544,-1,-1,-1,-1,-1,-1,-1,-1
SAMPLE,p05-candidate,deep,8,publicMaterializedDiff,1257117,366488,-1,-1,-1,-1,-1,-1,-1,-1
SAMPLE,p05-candidate,deep,8,replayRead,1004761,62184,-1,-1,-1,-1,-1,-1,-1,-1
SAMPLE,p05-candidate,deep,8,unchangedPublicDiff,277165,17648,-1,-1,-1,-1,-1,-1,-1,-1
SAMPLE,p05-candidate,deep,8,revisionCopy,18143115,4437152,-1,-1,-1,-1,-1,-1,-1,-1
SAMPLE,p05-candidate,moves,0,sourceMutationCommit,4210771,1309808,-1,-1,-1,-1,-1,-1,-1,-1
SAMPLE,p05-candidate,moves,0,publicCompactDiff,452348,76704,-1,-1,-1,-1,-1,-1,-1,-1
SAMPLE,p05-candidate,moves,0,publicMaterializedDiff,480357,100352,-1,-1,-1,-1,-1,-1,-1,-1
SAMPLE,p05-candidate,moves,0,replayRead,159972,21704,-1,-1,-1,-1,-1,-1,-1,-1
SAMPLE,p05-candidate,moves,0,unchangedPublicDiff,140025,17608,-1,-1,-1,-1,-1,-1,-1,-1
SAMPLE,p05-candidate,moves,0,revisionCopy,11225264,3874496,-1,-1,-1,-1,-1,-1,-1,-1
SAMPLE,p05-candidate,moves,1,sourceMutationCommit,3223226,1309616,-1,-1,-1,-1,-1,-1,-1,-1
SAMPLE,p05-candidate,moves,1,publicCompactDiff,473882,76704,-1,-1,-1,-1,-1,-1,-1,-1
SAMPLE,p05-candidate,moves,1,publicMaterializedDiff,431928,100352,-1,-1,-1,-1,-1,-1,-1,-1
SAMPLE,p05-candidate,moves,1,replayRead,155209,21704,-1,-1,-1,-1,-1,-1,-1,-1
SAMPLE,p05-candidate,moves,1,unchangedPublicDiff,125447,17608,-1,-1,-1,-1,-1,-1,-1,-1
SAMPLE,p05-candidate,moves,1,revisionCopy,8901865,3873672,-1,-1,-1,-1,-1,-1,-1,-1
SAMPLE,p05-candidate,moves,2,sourceMutationCommit,4659987,1309552,-1,-1,-1,-1,-1,-1,-1,-1
SAMPLE,p05-candidate,moves,2,publicCompactDiff,462026,76704,-1,-1,-1,-1,-1,-1,-1,-1
SAMPLE,p05-candidate,moves,2,publicMaterializedDiff,481216,100352,-1,-1,-1,-1,-1,-1,-1,-1
SAMPLE,p05-candidate,moves,2,replayRead,150311,21704,-1,-1,-1,-1,-1,-1,-1,-1
SAMPLE,p05-candidate,moves,2,unchangedPublicDiff,131353,17608,-1,-1,-1,-1,-1,-1,-1,-1
SAMPLE,p05-candidate,moves,2,revisionCopy,9027895,3873056,-1,-1,-1,-1,-1,-1,-1,-1
SAMPLE,p05-candidate,moves,3,sourceMutationCommit,3771919,1309808,-1,-1,-1,-1,-1,-1,-1,-1
SAMPLE,p05-candidate,moves,3,publicCompactDiff,635607,76776,-1,-1,-1,-1,-1,-1,-1,-1
SAMPLE,p05-candidate,moves,3,publicMaterializedDiff,651192,100352,-1,-1,-1,-1,-1,-1,-1,-1
SAMPLE,p05-candidate,moves,3,replayRead,221755,21704,-1,-1,-1,-1,-1,-1,-1,-1
SAMPLE,p05-candidate,moves,3,unchangedPublicDiff,172670,17608,-1,-1,-1,-1,-1,-1,-1,-1
SAMPLE,p05-candidate,moves,3,revisionCopy,11952887,3873080,-1,-1,-1,-1,-1,-1,-1,-1
SAMPLE,p05-candidate,moves,4,sourceMutationCommit,4144083,1309872,-1,-1,-1,-1,-1,-1,-1,-1
SAMPLE,p05-candidate,moves,4,publicCompactDiff,553571,76704,-1,-1,-1,-1,-1,-1,-1,-1
SAMPLE,p05-candidate,moves,4,publicMaterializedDiff,851404,100352,-1,-1,-1,-1,-1,-1,-1,-1
SAMPLE,p05-candidate,moves,4,replayRead,220010,21704,-1,-1,-1,-1,-1,-1,-1,-1
SAMPLE,p05-candidate,moves,4,unchangedPublicDiff,191932,17608,-1,-1,-1,-1,-1,-1,-1,-1
SAMPLE,p05-candidate,moves,4,revisionCopy,12006051,3872712,-1,-1,-1,-1,-1,-1,-1,-1
SAMPLE,p05-candidate,moves,5,sourceMutationCommit,4374502,1309808,-1,-1,-1,-1,-1,-1,-1,-1
SAMPLE,p05-candidate,moves,5,publicCompactDiff,629691,76704,-1,-1,-1,-1,-1,-1,-1,-1
SAMPLE,p05-candidate,moves,5,publicMaterializedDiff,646513,100352,-1,-1,-1,-1,-1,-1,-1,-1
SAMPLE,p05-candidate,moves,5,replayRead,206354,21704,-1,-1,-1,-1,-1,-1,-1,-1
SAMPLE,p05-candidate,moves,5,unchangedPublicDiff,214553,17608,-1,-1,-1,-1,-1,-1,-1,-1
SAMPLE,p05-candidate,moves,5,revisionCopy,10561453,3874424,-1,-1,-1,-1,-1,-1,-1,-1
SAMPLE,p05-candidate,moves,6,sourceMutationCommit,4854528,1309592,-1,-1,-1,-1,-1,-1,-1,-1
SAMPLE,p05-candidate,moves,6,publicCompactDiff,659401,76704,-1,-1,-1,-1,-1,-1,-1,-1
SAMPLE,p05-candidate,moves,6,publicMaterializedDiff,698342,100352,-1,-1,-1,-1,-1,-1,-1,-1
SAMPLE,p05-candidate,moves,6,replayRead,213256,21704,-1,-1,-1,-1,-1,-1,-1,-1
SAMPLE,p05-candidate,moves,6,unchangedPublicDiff,156132,17608,-1,-1,-1,-1,-1,-1,-1,-1
SAMPLE,p05-candidate,moves,6,revisionCopy,15021221,3874496,-1,-1,-1,-1,-1,-1,-1,-1
SAMPLE,p05-candidate,moves,7,sourceMutationCommit,3847843,1309784,-1,-1,-1,-1,-1,-1,-1,-1
SAMPLE,p05-candidate,moves,7,publicCompactDiff,495416,76704,-1,-1,-1,-1,-1,-1,-1,-1
SAMPLE,p05-candidate,moves,7,publicMaterializedDiff,515247,100352,-1,-1,-1,-1,-1,-1,-1,-1
SAMPLE,p05-candidate,moves,7,replayRead,155042,21704,-1,-1,-1,-1,-1,-1,-1,-1
SAMPLE,p05-candidate,moves,7,unchangedPublicDiff,166359,17608,-1,-1,-1,-1,-1,-1,-1,-1
SAMPLE,p05-candidate,moves,7,revisionCopy,10754655,3873488,-1,-1,-1,-1,-1,-1,-1,-1
SAMPLE,p05-candidate,moves,8,sourceMutationCommit,3358234,1309656,-1,-1,-1,-1,-1,-1,-1,-1
SAMPLE,p05-candidate,moves,8,publicCompactDiff,463640,76848,-1,-1,-1,-1,-1,-1,-1,-1
SAMPLE,p05-candidate,moves,8,publicMaterializedDiff,433343,100352,-1,-1,-1,-1,-1,-1,-1,-1
SAMPLE,p05-candidate,moves,8,replayRead,152096,21704,-1,-1,-1,-1,-1,-1,-1,-1
SAMPLE,p05-candidate,moves,8,unchangedPublicDiff,143556,17608,-1,-1,-1,-1,-1,-1,-1,-1
SAMPLE,p05-candidate,moves,8,revisionCopy,10548064,3874320,-1,-1,-1,-1,-1,-1,-1,-1
SAMPLE,p05-candidate,restore,0,sourceMutationCommit,3793530,1303072,-1,-1,-1,-1,-1,-1,-1,-1
SAMPLE,p05-candidate,restore,0,publicCompactDiff,494298,35744,-1,-1,-1,-1,-1,-1,-1,-1
SAMPLE,p05-candidate,restore,0,publicMaterializedDiff,287978,35688,-1,-1,-1,-1,-1,-1,-1,-1
SAMPLE,p05-candidate,restore,0,replayRead,296920,18424,-1,-1,-1,-1,-1,-1,-1,-1
SAMPLE,p05-candidate,restore,0,restorationPublicDiff,452814,45008,-1,-1,-1,-1,-1,-1,-1,-1
SAMPLE,p05-candidate,restore,0,revisionCopy,11961837,3928816,-1,-1,-1,-1,-1,-1,-1,-1
SAMPLE,p05-candidate,restore,1,sourceMutationCommit,4155429,1302728,-1,-1,-1,-1,-1,-1,-1,-1
SAMPLE,p05-candidate,restore,1,publicCompactDiff,432675,35744,-1,-1,-1,-1,-1,-1,-1,-1
SAMPLE,p05-candidate,restore,1,publicMaterializedDiff,232790,35688,-1,-1,-1,-1,-1,-1,-1,-1
SAMPLE,p05-candidate,restore,1,replayRead,225590,18424,-1,-1,-1,-1,-1,-1,-1,-1
SAMPLE,p05-candidate,restore,1,restorationPublicDiff,378045,45008,-1,-1,-1,-1,-1,-1,-1,-1
SAMPLE,p05-candidate,restore,1,revisionCopy,12693827,3928840,-1,-1,-1,-1,-1,-1,-1,-1
SAMPLE,p05-candidate,restore,2,sourceMutationCommit,3857521,1302728,-1,-1,-1,-1,-1,-1,-1,-1
SAMPLE,p05-candidate,restore,2,publicCompactDiff,407184,35744,-1,-1,-1,-1,-1,-1,-1,-1
SAMPLE,p05-candidate,restore,2,publicMaterializedDiff,252890,35688,-1,-1,-1,-1,-1,-1,-1,-1
SAMPLE,p05-candidate,restore,2,replayRead,238660,18424,-1,-1,-1,-1,-1,-1,-1,-1
SAMPLE,p05-candidate,restore,2,restorationPublicDiff,373469,45008,-1,-1,-1,-1,-1,-1,-1,-1
SAMPLE,p05-candidate,restore,2,revisionCopy,11383523,3928520,-1,-1,-1,-1,-1,-1,-1,-1
SAMPLE,p05-candidate,restore,3,sourceMutationCommit,3898792,1302704,-1,-1,-1,-1,-1,-1,-1,-1
SAMPLE,p05-candidate,restore,3,publicCompactDiff,445832,35744,-1,-1,-1,-1,-1,-1,-1,-1
SAMPLE,p05-candidate,restore,3,publicMaterializedDiff,298448,35752,-1,-1,-1,-1,-1,-1,-1,-1
SAMPLE,p05-candidate,restore,3,replayRead,253472,18424,-1,-1,-1,-1,-1,-1,-1,-1
SAMPLE,p05-candidate,restore,3,restorationPublicDiff,397950,45008,-1,-1,-1,-1,-1,-1,-1,-1
SAMPLE,p05-candidate,restore,3,revisionCopy,10820216,3928776,-1,-1,-1,-1,-1,-1,-1,-1
SAMPLE,p05-candidate,restore,4,sourceMutationCommit,4621439,1302704,-1,-1,-1,-1,-1,-1,-1,-1
SAMPLE,p05-candidate,restore,4,publicCompactDiff,423093,35744,-1,-1,-1,-1,-1,-1,-1,-1
SAMPLE,p05-candidate,restore,4,publicMaterializedDiff,254602,35688,-1,-1,-1,-1,-1,-1,-1,-1
SAMPLE,p05-candidate,restore,4,replayRead,236844,18424,-1,-1,-1,-1,-1,-1,-1,-1
SAMPLE,p05-candidate,restore,4,restorationPublicDiff,427248,45008,-1,-1,-1,-1,-1,-1,-1,-1
SAMPLE,p05-candidate,restore,4,revisionCopy,12441560,3930520,-1,-1,-1,-1,-1,-1,-1,-1
SAMPLE,p05-candidate,restore,5,sourceMutationCommit,3080408,1302856,-1,-1,-1,-1,-1,-1,-1,-1
SAMPLE,p05-candidate,restore,5,publicCompactDiff,315587,35744,-1,-1,-1,-1,-1,-1,-1,-1
SAMPLE,p05-candidate,restore,5,publicMaterializedDiff,163072,35688,-1,-1,-1,-1,-1,-1,-1,-1
SAMPLE,p05-candidate,restore,5,replayRead,157333,18424,-1,-1,-1,-1,-1,-1,-1,-1
SAMPLE,p05-candidate,restore,5,restorationPublicDiff,262260,45008,-1,-1,-1,-1,-1,-1,-1,-1
SAMPLE,p05-candidate,restore,5,revisionCopy,10038669,3929616,-1,-1,-1,-1,-1,-1,-1,-1
SAMPLE,p05-candidate,restore,6,sourceMutationCommit,3772000,1302752,-1,-1,-1,-1,-1,-1,-1,-1
SAMPLE,p05-candidate,restore,6,publicCompactDiff,462404,35744,-1,-1,-1,-1,-1,-1,-1,-1
SAMPLE,p05-candidate,restore,6,publicMaterializedDiff,231396,35688,-1,-1,-1,-1,-1,-1,-1,-1
SAMPLE,p05-candidate,restore,6,replayRead,366018,18424,-1,-1,-1,-1,-1,-1,-1,-1
SAMPLE,p05-candidate,restore,6,restorationPublicDiff,418429,45008,-1,-1,-1,-1,-1,-1,-1,-1
SAMPLE,p05-candidate,restore,6,revisionCopy,11680093,3928256,-1,-1,-1,-1,-1,-1,-1,-1
SAMPLE,p05-candidate,restore,7,sourceMutationCommit,3672727,1302696,-1,-1,-1,-1,-1,-1,-1,-1
SAMPLE,p05-candidate,restore,7,publicCompactDiff,411837,35744,-1,-1,-1,-1,-1,-1,-1,-1
SAMPLE,p05-candidate,restore,7,publicMaterializedDiff,264318,35688,-1,-1,-1,-1,-1,-1,-1,-1
SAMPLE,p05-candidate,restore,7,replayRead,207952,18424,-1,-1,-1,-1,-1,-1,-1,-1
SAMPLE,p05-candidate,restore,7,restorationPublicDiff,331143,45008,-1,-1,-1,-1,-1,-1,-1,-1
SAMPLE,p05-candidate,restore,7,revisionCopy,10160815,3928384,-1,-1,-1,-1,-1,-1,-1,-1
SAMPLE,p05-candidate,restore,8,sourceMutationCommit,3527404,1302952,-1,-1,-1,-1,-1,-1,-1,-1
SAMPLE,p05-candidate,restore,8,publicCompactDiff,488727,35744,-1,-1,-1,-1,-1,-1,-1,-1
SAMPLE,p05-candidate,restore,8,publicMaterializedDiff,276259,35688,-1,-1,-1,-1,-1,-1,-1,-1
SAMPLE,p05-candidate,restore,8,replayRead,220304,18424,-1,-1,-1,-1,-1,-1,-1,-1
SAMPLE,p05-candidate,restore,8,restorationPublicDiff,395991,45008,-1,-1,-1,-1,-1,-1,-1,-1
SAMPLE,p05-candidate,restore,8,revisionCopy,11338547,3927824,-1,-1,-1,-1,-1,-1,-1,-1
END,p05-candidate,sink=1014178911
# [StorageProfile] dump called: enabled=false byKind.size=0
