ADMITTED,2026-10-05T22:44:45Z
WARNING: Using incubator modules: jdk.incubator.vector
RUN,p05-baseline,pid=3060525,java=25.0.3,identity=false,warmups=8,samples=9
JVM,p05-baseline,maxHeap=3221225472,arguments=[-XX:ThreadPriorityPolicy=1, -XX:+UnlockExperimentalVMOptions, -XX:+EnableJVMCIProduct, -XX:+EnableJVMCI, -XX:-UnlockExperimentalVMOptions, -ea, -Xms512m, -Xmx3g, --add-opens=java.base/sun.nio.ch=ALL-UNNAMED, --add-opens=java.base/java.nio=ALL-UNNAMED, --add-modules=jdk.incubator.vector, --enable-native-access=ALL-UNNAMED, -XX:+EnableDynamicAgentLoading, -XX:+UnlockDiagnosticVMOptions, -XX:+DebugNonSafepoints, --add-modules=jdk.incubator.vector, -Dfile.encoding=UTF-8, -Djava.io.tmpdir=/home/johannes/.treehouse/sirix-cdde48/20/sirix/build/replay/tmp, -Dlogback.configurationFile=/home/johannes/.treehouse/sirix-cdde48/20/sirix/build/replay/latency/quiet.xml, -Dsirix.replay.workDiag=false, -Dsirix.hot.mergeDiag=false, -Dsirix.replay.bench.scenarios=unchanged,deep,moves,restore]
COLUMNS,label,scenario,iteration,metric,nanos,threadAllocatedBytes,recordVisits,createdIdentities,stagedRecords,ancestorSteps,sidecarReads,fallbackPages,pathSteps,bookkeepingOperations
WARNING: A terminally deprecated method in sun.misc.Unsafe has been called
WARNING: sun.misc.Unsafe::arrayBaseOffset has been called by net.openhft.hashing.UnsafeAccess (file:/home/johannes/.gradle/caches/modules-2/files-2.1/net.openhft/zero-allocation-hashing/2026.0/2447494f7842ca377b4ccdba2089a8da5c1d1b50/zero-allocation-hashing-2026.0.jar)
WARNING: Please consider reporting this to the maintainers of class net.openhft.hashing.UnsafeAccess
WARNING: sun.misc.Unsafe::arrayBaseOffset will be removed in a future release
SAMPLE,p05-baseline,unchanged,0,bulkAppendCommit,7578191,1440560,-1,-1,-1,-1,-1,-1,-1,-1
SAMPLE,p05-baseline,unchanged,0,publicCompactDiff,31938834,5777992,-1,-1,-1,-1,-1,-1,-1,-1
SAMPLE,p05-baseline,unchanged,0,publicMaterializedDiff,20784480,5713936,-1,-1,-1,-1,-1,-1,-1,-1
SAMPLE,p05-baseline,unchanged,0,replayRead,19726251,3891432,-1,-1,-1,-1,-1,-1,-1,-1
SAMPLE,p05-baseline,unchanged,0,unchangedPublicDiff,550891,17336,-1,-1,-1,-1,-1,-1,-1,-1
SAMPLE,p05-baseline,unchanged,0,revisionCopy,207058127,12656296,-1,-1,-1,-1,-1,-1,-1,-1
SAMPLE,p05-baseline,unchanged,1,bulkAppendCommit,7751874,1440848,-1,-1,-1,-1,-1,-1,-1,-1
SAMPLE,p05-baseline,unchanged,1,publicCompactDiff,31135465,5777992,-1,-1,-1,-1,-1,-1,-1,-1
SAMPLE,p05-baseline,unchanged,1,publicMaterializedDiff,11784585,5713872,-1,-1,-1,-1,-1,-1,-1,-1
SAMPLE,p05-baseline,unchanged,1,replayRead,13114366,3891336,-1,-1,-1,-1,-1,-1,-1,-1
SAMPLE,p05-baseline,unchanged,1,unchangedPublicDiff,324309,17272,-1,-1,-1,-1,-1,-1,-1,-1
SAMPLE,p05-baseline,unchanged,1,revisionCopy,187452813,12609976,-1,-1,-1,-1,-1,-1,-1,-1
SAMPLE,p05-baseline,unchanged,2,bulkAppendCommit,9661074,1440384,-1,-1,-1,-1,-1,-1,-1,-1
SAMPLE,p05-baseline,unchanged,2,publicCompactDiff,48924284,5778056,-1,-1,-1,-1,-1,-1,-1,-1
SAMPLE,p05-baseline,unchanged,2,publicMaterializedDiff,20401558,5713936,-1,-1,-1,-1,-1,-1,-1,-1
SAMPLE,p05-baseline,unchanged,2,replayRead,20569114,3891432,-1,-1,-1,-1,-1,-1,-1,-1
SAMPLE,p05-baseline,unchanged,2,unchangedPublicDiff,551335,17336,-1,-1,-1,-1,-1,-1,-1,-1
SAMPLE,p05-baseline,unchanged,2,revisionCopy,196205990,12609464,-1,-1,-1,-1,-1,-1,-1,-1
SAMPLE,p05-baseline,unchanged,3,bulkAppendCommit,8559068,1440056,-1,-1,-1,-1,-1,-1,-1,-1
SAMPLE,p05-baseline,unchanged,3,publicCompactDiff,49406676,5777992,-1,-1,-1,-1,-1,-1,-1,-1
SAMPLE,p05-baseline,unchanged,3,publicMaterializedDiff,21802207,5713872,-1,-1,-1,-1,-1,-1,-1,-1
SAMPLE,p05-baseline,unchanged,3,replayRead,21230457,3891336,-1,-1,-1,-1,-1,-1,-1,-1
SAMPLE,p05-baseline,unchanged,3,unchangedPublicDiff,523490,17272,-1,-1,-1,-1,-1,-1,-1,-1
SAMPLE,p05-baseline,unchanged,3,revisionCopy,171021789,12607280,-1,-1,-1,-1,-1,-1,-1,-1
SAMPLE,p05-baseline,unchanged,4,bulkAppendCommit,6899342,1440784,-1,-1,-1,-1,-1,-1,-1,-1
SAMPLE,p05-baseline,unchanged,4,publicCompactDiff,45433484,5778024,-1,-1,-1,-1,-1,-1,-1,-1
SAMPLE,p05-baseline,unchanged,4,publicMaterializedDiff,20373055,5713936,-1,-1,-1,-1,-1,-1,-1,-1
SAMPLE,p05-baseline,unchanged,4,replayRead,19643876,3891496,-1,-1,-1,-1,-1,-1,-1,-1
SAMPLE,p05-baseline,unchanged,4,unchangedPublicDiff,479673,17336,-1,-1,-1,-1,-1,-1,-1,-1
SAMPLE,p05-baseline,unchanged,4,revisionCopy,172818255,12609520,-1,-1,-1,-1,-1,-1,-1,-1
SAMPLE,p05-baseline,unchanged,5,bulkAppendCommit,7876790,1440640,-1,-1,-1,-1,-1,-1,-1,-1
SAMPLE,p05-baseline,unchanged,5,publicCompactDiff,30009185,5777992,-1,-1,-1,-1,-1,-1,-1,-1
SAMPLE,p05-baseline,unchanged,5,publicMaterializedDiff,10755670,5713872,-1,-1,-1,-1,-1,-1,-1,-1
SAMPLE,p05-baseline,unchanged,5,replayRead,9743975,3891336,-1,-1,-1,-1,-1,-1,-1,-1
SAMPLE,p05-baseline,unchanged,5,unchangedPublicDiff,226499,17272,-1,-1,-1,-1,-1,-1,-1,-1
SAMPLE,p05-baseline,unchanged,5,revisionCopy,94522427,12606584,-1,-1,-1,-1,-1,-1,-1,-1
SAMPLE,p05-baseline,unchanged,6,bulkAppendCommit,7831363,1440200,-1,-1,-1,-1,-1,-1,-1,-1
SAMPLE,p05-baseline,unchanged,6,publicCompactDiff,31745375,5778224,-1,-1,-1,-1,-1,-1,-1,-1
SAMPLE,p05-baseline,unchanged,6,publicMaterializedDiff,11667162,5713936,-1,-1,-1,-1,-1,-1,-1,-1
SAMPLE,p05-baseline,unchanged,6,replayRead,11863082,3891432,-1,-1,-1,-1,-1,-1,-1,-1
SAMPLE,p05-baseline,unchanged,6,unchangedPublicDiff,442501,17336,-1,-1,-1,-1,-1,-1,-1,-1
SAMPLE,p05-baseline,unchanged,6,revisionCopy,113255686,12608408,-1,-1,-1,-1,-1,-1,-1,-1
SAMPLE,p05-baseline,unchanged,7,bulkAppendCommit,7725838,1440240,-1,-1,-1,-1,-1,-1,-1,-1
SAMPLE,p05-baseline,unchanged,7,publicCompactDiff,31389603,5777896,-1,-1,-1,-1,-1,-1,-1,-1
SAMPLE,p05-baseline,unchanged,7,publicMaterializedDiff,13587522,5713872,-1,-1,-1,-1,-1,-1,-1,-1
SAMPLE,p05-baseline,unchanged,7,replayRead,15937081,3891336,-1,-1,-1,-1,-1,-1,-1,-1
SAMPLE,p05-baseline,unchanged,7,unchangedPublicDiff,256609,17272,-1,-1,-1,-1,-1,-1,-1,-1
SAMPLE,p05-baseline,unchanged,7,revisionCopy,107481002,12609912,-1,-1,-1,-1,-1,-1,-1,-1
SAMPLE,p05-baseline,unchanged,8,bulkAppendCommit,7178242,1438952,-1,-1,-1,-1,-1,-1,-1,-1
SAMPLE,p05-baseline,unchanged,8,publicCompactDiff,30406332,5773216,-1,-1,-1,-1,-1,-1,-1,-1
SAMPLE,p05-baseline,unchanged,8,publicMaterializedDiff,20177104,5708992,-1,-1,-1,-1,-1,-1,-1,-1
SAMPLE,p05-baseline,unchanged,8,replayRead,11172389,3886464,-1,-1,-1,-1,-1,-1,-1,-1
SAMPLE,p05-baseline,unchanged,8,unchangedPublicDiff,244329,17288,-1,-1,-1,-1,-1,-1,-1,-1
SAMPLE,p05-baseline,unchanged,8,revisionCopy,150576926,12603728,-1,-1,-1,-1,-1,-1,-1,-1
SAMPLE,p05-baseline,deep,0,bulkAppendCommit,6993469,1822512,-1,-1,-1,-1,-1,-1,-1,-1
SAMPLE,p05-baseline,deep,0,publicCompactDiff,1352129,372760,-1,-1,-1,-1,-1,-1,-1,-1
SAMPLE,p05-baseline,deep,0,publicMaterializedDiff,1288120,372704,-1,-1,-1,-1,-1,-1,-1,-1
SAMPLE,p05-baseline,deep,0,replayRead,1230238,381728,-1,-1,-1,-1,-1,-1,-1,-1
SAMPLE,p05-baseline,deep,0,unchangedPublicDiff,214612,17696,-1,-1,-1,-1,-1,-1,-1,-1
SAMPLE,p05-baseline,deep,0,revisionCopy,18827386,4611144,-1,-1,-1,-1,-1,-1,-1,-1
SAMPLE,p05-baseline,deep,1,bulkAppendCommit,6809802,1815568,-1,-1,-1,-1,-1,-1,-1,-1
SAMPLE,p05-baseline,deep,1,publicCompactDiff,1291415,366520,-1,-1,-1,-1,-1,-1,-1,-1
SAMPLE,p05-baseline,deep,1,publicMaterializedDiff,1080614,366464,-1,-1,-1,-1,-1,-1,-1,-1
SAMPLE,p05-baseline,deep,1,replayRead,1032809,375488,-1,-1,-1,-1,-1,-1,-1,-1
SAMPLE,p05-baseline,deep,1,unchangedPublicDiff,231957,17696,-1,-1,-1,-1,-1,-1,-1,-1
SAMPLE,p05-baseline,deep,1,revisionCopy,18615334,4610408,-1,-1,-1,-1,-1,-1,-1,-1
SAMPLE,p05-baseline,deep,2,bulkAppendCommit,7065446,1815680,-1,-1,-1,-1,-1,-1,-1,-1
SAMPLE,p05-baseline,deep,2,publicCompactDiff,1262533,366520,-1,-1,-1,-1,-1,-1,-1,-1
SAMPLE,p05-baseline,deep,2,publicMaterializedDiff,1165353,366464,-1,-1,-1,-1,-1,-1,-1,-1
SAMPLE,p05-baseline,deep,2,replayRead,1183133,375488,-1,-1,-1,-1,-1,-1,-1,-1
SAMPLE,p05-baseline,deep,2,unchangedPublicDiff,274964,17696,-1,-1,-1,-1,-1,-1,-1,-1
SAMPLE,p05-baseline,deep,2,revisionCopy,16788828,4611912,-1,-1,-1,-1,-1,-1,-1,-1
SAMPLE,p05-baseline,deep,3,bulkAppendCommit,6217363,1818752,-1,-1,-1,-1,-1,-1,-1,-1
SAMPLE,p05-baseline,deep,3,publicCompactDiff,1102217,366520,-1,-1,-1,-1,-1,-1,-1,-1
SAMPLE,p05-baseline,deep,3,publicMaterializedDiff,1130234,366464,-1,-1,-1,-1,-1,-1,-1,-1
SAMPLE,p05-baseline,deep,3,replayRead,1047734,375488,-1,-1,-1,-1,-1,-1,-1,-1
SAMPLE,p05-baseline,deep,3,unchangedPublicDiff,267478,17696,-1,-1,-1,-1,-1,-1,-1,-1
SAMPLE,p05-baseline,deep,3,revisionCopy,17295618,4610576,-1,-1,-1,-1,-1,-1,-1,-1
SAMPLE,p05-baseline,deep,4,bulkAppendCommit,6230947,1815360,-1,-1,-1,-1,-1,-1,-1,-1
SAMPLE,p05-baseline,deep,4,publicCompactDiff,1129446,366424,-1,-1,-1,-1,-1,-1,-1,-1
SAMPLE,p05-baseline,deep,4,publicMaterializedDiff,920238,366368,-1,-1,-1,-1,-1,-1,-1,-1
SAMPLE,p05-baseline,deep,4,replayRead,952484,375344,-1,-1,-1,-1,-1,-1,-1,-1
SAMPLE,p05-baseline,deep,4,unchangedPublicDiff,252826,17624,-1,-1,-1,-1,-1,-1,-1,-1
SAMPLE,p05-baseline,deep,4,revisionCopy,17458613,4608856,-1,-1,-1,-1,-1,-1,-1,-1
SAMPLE,p05-baseline,deep,5,bulkAppendCommit,5766997,1815104,-1,-1,-1,-1,-1,-1,-1,-1
SAMPLE,p05-baseline,deep,5,publicCompactDiff,1093196,366424,-1,-1,-1,-1,-1,-1,-1,-1
SAMPLE,p05-baseline,deep,5,publicMaterializedDiff,919311,366368,-1,-1,-1,-1,-1,-1,-1,-1
SAMPLE,p05-baseline,deep,5,replayRead,957566,375344,-1,-1,-1,-1,-1,-1,-1,-1
SAMPLE,p05-baseline,deep,5,unchangedPublicDiff,267207,17624,-1,-1,-1,-1,-1,-1,-1,-1
SAMPLE,p05-baseline,deep,5,revisionCopy,15043658,4608784,-1,-1,-1,-1,-1,-1,-1,-1
SAMPLE,p05-baseline,deep,6,bulkAppendCommit,6676399,1815208,-1,-1,-1,-1,-1,-1,-1,-1
SAMPLE,p05-baseline,deep,6,publicCompactDiff,1029230,366424,-1,-1,-1,-1,-1,-1,-1,-1
SAMPLE,p05-baseline,deep,6,publicMaterializedDiff,854407,366368,-1,-1,-1,-1,-1,-1,-1,-1
SAMPLE,p05-baseline,deep,6,replayRead,901183,375344,-1,-1,-1,-1,-1,-1,-1,-1
SAMPLE,p05-baseline,deep,6,unchangedPublicDiff,293879,17624,-1,-1,-1,-1,-1,-1,-1,-1
SAMPLE,p05-baseline,deep,6,revisionCopy,16802053,4609344,-1,-1,-1,-1,-1,-1,-1,-1
SAMPLE,p05-baseline,deep,7,bulkAppendCommit,4455271,1815032,-1,-1,-1,-1,-1,-1,-1,-1
SAMPLE,p05-baseline,deep,7,publicCompactDiff,621039,366424,-1,-1,-1,-1,-1,-1,-1,-1
SAMPLE,p05-baseline,deep,7,publicMaterializedDiff,490701,366368,-1,-1,-1,-1,-1,-1,-1,-1
SAMPLE,p05-baseline,deep,7,replayRead,524492,375344,-1,-1,-1,-1,-1,-1,-1,-1
SAMPLE,p05-baseline,deep,7,unchangedPublicDiff,179619,17624,-1,-1,-1,-1,-1,-1,-1,-1
SAMPLE,p05-baseline,deep,7,revisionCopy,15480480,4608944,-1,-1,-1,-1,-1,-1,-1,-1
SAMPLE,p05-baseline,deep,8,bulkAppendCommit,5809521,1815376,-1,-1,-1,-1,-1,-1,-1,-1
SAMPLE,p05-baseline,deep,8,publicCompactDiff,1107078,366424,-1,-1,-1,-1,-1,-1,-1,-1
SAMPLE,p05-baseline,deep,8,publicMaterializedDiff,918708,366368,-1,-1,-1,-1,-1,-1,-1,-1
SAMPLE,p05-baseline,deep,8,replayRead,894443,375344,-1,-1,-1,-1,-1,-1,-1,-1
SAMPLE,p05-baseline,deep,8,unchangedPublicDiff,200530,17624,-1,-1,-1,-1,-1,-1,-1,-1
SAMPLE,p05-baseline,deep,8,revisionCopy,17071889,4608128,-1,-1,-1,-1,-1,-1,-1,-1
SAMPLE,p05-baseline,moves,0,sourceMutationCommit,4796730,1302280,-1,-1,-1,-1,-1,-1,-1,-1
SAMPLE,p05-baseline,moves,0,publicCompactDiff,561935,76344,-1,-1,-1,-1,-1,-1,-1,-1
SAMPLE,p05-baseline,moves,0,publicMaterializedDiff,582546,99920,-1,-1,-1,-1,-1,-1,-1,-1
SAMPLE,p05-baseline,moves,0,replayRead,642229,132752,-1,-1,-1,-1,-1,-1,-1,-1
SAMPLE,p05-baseline,moves,0,unchangedPublicDiff,184825,17584,-1,-1,-1,-1,-1,-1,-1,-1
SAMPLE,p05-baseline,moves,0,revisionCopy,14173974,3886072,-1,-1,-1,-1,-1,-1,-1,-1
SAMPLE,p05-baseline,moves,1,sourceMutationCommit,4163718,1302256,-1,-1,-1,-1,-1,-1,-1,-1
SAMPLE,p05-baseline,moves,1,publicCompactDiff,643467,76344,-1,-1,-1,-1,-1,-1,-1,-1
SAMPLE,p05-baseline,moves,1,publicMaterializedDiff,644790,99920,-1,-1,-1,-1,-1,-1,-1,-1
SAMPLE,p05-baseline,moves,1,replayRead,754861,132752,-1,-1,-1,-1,-1,-1,-1,-1
SAMPLE,p05-baseline,moves,1,unchangedPublicDiff,161497,17584,-1,-1,-1,-1,-1,-1,-1,-1
SAMPLE,p05-baseline,moves,1,revisionCopy,12601823,3885344,-1,-1,-1,-1,-1,-1,-1,-1
SAMPLE,p05-baseline,moves,2,sourceMutationCommit,4500422,1303888,-1,-1,-1,-1,-1,-1,-1,-1
SAMPLE,p05-baseline,moves,2,publicCompactDiff,629820,76344,-1,-1,-1,-1,-1,-1,-1,-1
SAMPLE,p05-baseline,moves,2,publicMaterializedDiff,3030400,99920,-1,-1,-1,-1,-1,-1,-1,-1
SAMPLE,p05-baseline,moves,2,replayRead,982989,132752,-1,-1,-1,-1,-1,-1,-1,-1
SAMPLE,p05-baseline,moves,2,unchangedPublicDiff,190166,17584,-1,-1,-1,-1,-1,-1,-1,-1
SAMPLE,p05-baseline,moves,2,revisionCopy,11023449,3885360,-1,-1,-1,-1,-1,-1,-1,-1
SAMPLE,p05-baseline,moves,3,sourceMutationCommit,6518754,1302344,-1,-1,-1,-1,-1,-1,-1,-1
SAMPLE,p05-baseline,moves,3,publicCompactDiff,674629,76344,-1,-1,-1,-1,-1,-1,-1,-1
SAMPLE,p05-baseline,moves,3,publicMaterializedDiff,725475,99920,-1,-1,-1,-1,-1,-1,-1,-1
SAMPLE,p05-baseline,moves,3,replayRead,797856,132752,-1,-1,-1,-1,-1,-1,-1,-1
SAMPLE,p05-baseline,moves,3,unchangedPublicDiff,177390,17584,-1,-1,-1,-1,-1,-1,-1,-1
SAMPLE,p05-baseline,moves,3,revisionCopy,12148742,3885680,-1,-1,-1,-1,-1,-1,-1,-1
SAMPLE,p05-baseline,moves,4,sourceMutationCommit,6966242,1302320,-1,-1,-1,-1,-1,-1,-1,-1
SAMPLE,p05-baseline,moves,4,publicCompactDiff,784415,76344,-1,-1,-1,-1,-1,-1,-1,-1
SAMPLE,p05-baseline,moves,4,publicMaterializedDiff,705482,99920,-1,-1,-1,-1,-1,-1,-1,-1
SAMPLE,p05-baseline,moves,4,replayRead,2480217,132752,-1,-1,-1,-1,-1,-1,-1,-1
SAMPLE,p05-baseline,moves,4,unchangedPublicDiff,280602,17584,-1,-1,-1,-1,-1,-1,-1,-1
SAMPLE,p05-baseline,moves,4,revisionCopy,10952801,3885240,-1,-1,-1,-1,-1,-1,-1,-1
SAMPLE,p05-baseline,moves,5,sourceMutationCommit,6645571,1302208,-1,-1,-1,-1,-1,-1,-1,-1
SAMPLE,p05-baseline,moves,5,publicCompactDiff,626340,76344,-1,-1,-1,-1,-1,-1,-1,-1
SAMPLE,p05-baseline,moves,5,publicMaterializedDiff,602994,99920,-1,-1,-1,-1,-1,-1,-1,-1
SAMPLE,p05-baseline,moves,5,replayRead,746349,132752,-1,-1,-1,-1,-1,-1,-1,-1
SAMPLE,p05-baseline,moves,5,unchangedPublicDiff,175235,17584,-1,-1,-1,-1,-1,-1,-1,-1
SAMPLE,p05-baseline,moves,5,revisionCopy,16681358,3885624,-1,-1,-1,-1,-1,-1,-1,-1
SAMPLE,p05-baseline,moves,6,sourceMutationCommit,4272217,1302344,-1,-1,-1,-1,-1,-1,-1,-1
SAMPLE,p05-baseline,moves,6,publicCompactDiff,502351,76344,-1,-1,-1,-1,-1,-1,-1,-1
SAMPLE,p05-baseline,moves,6,publicMaterializedDiff,584595,99920,-1,-1,-1,-1,-1,-1,-1,-1
SAMPLE,p05-baseline,moves,6,replayRead,615707,132752,-1,-1,-1,-1,-1,-1,-1,-1
SAMPLE,p05-baseline,moves,6,unchangedPublicDiff,194512,17584,-1,-1,-1,-1,-1,-1,-1,-1
SAMPLE,p05-baseline,moves,6,revisionCopy,12015887,3886848,-1,-1,-1,-1,-1,-1,-1,-1
SAMPLE,p05-baseline,moves,7,sourceMutationCommit,3763594,1302344,-1,-1,-1,-1,-1,-1,-1,-1
SAMPLE,p05-baseline,moves,7,publicCompactDiff,513028,76344,-1,-1,-1,-1,-1,-1,-1,-1
SAMPLE,p05-baseline,moves,7,publicMaterializedDiff,368613,99920,-1,-1,-1,-1,-1,-1,-1,-1
SAMPLE,p05-baseline,moves,7,replayRead,455950,132752,-1,-1,-1,-1,-1,-1,-1,-1
SAMPLE,p05-baseline,moves,7,unchangedPublicDiff,100213,17584,-1,-1,-1,-1,-1,-1,-1,-1
SAMPLE,p05-baseline,moves,7,revisionCopy,12215058,3885192,-1,-1,-1,-1,-1,-1,-1,-1
SAMPLE,p05-baseline,moves,8,sourceMutationCommit,3212636,1302456,-1,-1,-1,-1,-1,-1,-1,-1
SAMPLE,p05-baseline,moves,8,publicCompactDiff,354405,76344,-1,-1,-1,-1,-1,-1,-1,-1
SAMPLE,p05-baseline,moves,8,publicMaterializedDiff,334072,99920,-1,-1,-1,-1,-1,-1,-1,-1
SAMPLE,p05-baseline,moves,8,replayRead,392670,132752,-1,-1,-1,-1,-1,-1,-1,-1
SAMPLE,p05-baseline,moves,8,unchangedPublicDiff,88586,17584,-1,-1,-1,-1,-1,-1,-1,-1
SAMPLE,p05-baseline,moves,8,revisionCopy,10159096,3885648,-1,-1,-1,-1,-1,-1,-1,-1
SAMPLE,p05-baseline,restore,0,sourceMutationCommit,4066646,1298472,-1,-1,-1,-1,-1,-1,-1,-1
SAMPLE,p05-baseline,restore,0,publicCompactDiff,390565,35752,-1,-1,-1,-1,-1,-1,-1,-1
SAMPLE,p05-baseline,restore,0,publicMaterializedDiff,215532,35696,-1,-1,-1,-1,-1,-1,-1,-1
SAMPLE,p05-baseline,restore,0,replayRead,290729,47976,-1,-1,-1,-1,-1,-1,-1,-1
SAMPLE,p05-baseline,restore,0,restorationPublicDiff,348397,45088,-1,-1,-1,-1,-1,-1,-1,-1
SAMPLE,p05-baseline,restore,0,revisionCopy,13320063,3965040,-1,-1,-1,-1,-1,-1,-1,-1
SAMPLE,p05-baseline,restore,1,sourceMutationCommit,3981143,1298704,-1,-1,-1,-1,-1,-1,-1,-1
SAMPLE,p05-baseline,restore,1,publicCompactDiff,398280,35752,-1,-1,-1,-1,-1,-1,-1,-1
SAMPLE,p05-baseline,restore,1,publicMaterializedDiff,196399,35696,-1,-1,-1,-1,-1,-1,-1,-1
SAMPLE,p05-baseline,restore,1,replayRead,237226,47976,-1,-1,-1,-1,-1,-1,-1,-1
SAMPLE,p05-baseline,restore,1,restorationPublicDiff,307071,45088,-1,-1,-1,-1,-1,-1,-1,-1
SAMPLE,p05-baseline,restore,1,revisionCopy,12167751,3964936,-1,-1,-1,-1,-1,-1,-1,-1
SAMPLE,p05-baseline,restore,2,sourceMutationCommit,3422159,1297896,-1,-1,-1,-1,-1,-1,-1,-1
SAMPLE,p05-baseline,restore,2,publicCompactDiff,336848,35656,-1,-1,-1,-1,-1,-1,-1,-1
SAMPLE,p05-baseline,restore,2,publicMaterializedDiff,194855,35600,-1,-1,-1,-1,-1,-1,-1,-1
SAMPLE,p05-baseline,restore,2,replayRead,163649,47832,-1,-1,-1,-1,-1,-1,-1,-1
SAMPLE,p05-baseline,restore,2,restorationPublicDiff,203253,44920,-1,-1,-1,-1,-1,-1,-1,-1
SAMPLE,p05-baseline,restore,2,revisionCopy,22956651,3962104,-1,-1,-1,-1,-1,-1,-1,-1
SAMPLE,p05-baseline,restore,3,sourceMutationCommit,4269494,1297536,-1,-1,-1,-1,-1,-1,-1,-1
SAMPLE,p05-baseline,restore,3,publicCompactDiff,401018,35656,-1,-1,-1,-1,-1,-1,-1,-1
SAMPLE,p05-baseline,restore,3,publicMaterializedDiff,215873,35600,-1,-1,-1,-1,-1,-1,-1,-1
SAMPLE,p05-baseline,restore,3,replayRead,229460,47832,-1,-1,-1,-1,-1,-1,-1,-1
SAMPLE,p05-baseline,restore,3,restorationPublicDiff,280459,44920,-1,-1,-1,-1,-1,-1,-1,-1
SAMPLE,p05-baseline,restore,3,revisionCopy,14056307,3962696,-1,-1,-1,-1,-1,-1,-1,-1
SAMPLE,p05-baseline,restore,4,sourceMutationCommit,4313756,1298088,-1,-1,-1,-1,-1,-1,-1,-1
SAMPLE,p05-baseline,restore,4,publicCompactDiff,407429,35656,-1,-1,-1,-1,-1,-1,-1,-1
SAMPLE,p05-baseline,restore,4,publicMaterializedDiff,217948,35600,-1,-1,-1,-1,-1,-1,-1,-1
SAMPLE,p05-baseline,restore,4,replayRead,223346,47832,-1,-1,-1,-1,-1,-1,-1,-1
SAMPLE,p05-baseline,restore,4,restorationPublicDiff,368957,44920,-1,-1,-1,-1,-1,-1,-1,-1
SAMPLE,p05-baseline,restore,4,revisionCopy,13938362,3963192,-1,-1,-1,-1,-1,-1,-1,-1
SAMPLE,p05-baseline,restore,5,sourceMutationCommit,4208731,1298056,-1,-1,-1,-1,-1,-1,-1,-1
SAMPLE,p05-baseline,restore,5,publicCompactDiff,429098,35656,-1,-1,-1,-1,-1,-1,-1,-1
SAMPLE,p05-baseline,restore,5,publicMaterializedDiff,232207,35664,-1,-1,-1,-1,-1,-1,-1,-1
SAMPLE,p05-baseline,restore,5,replayRead,240197,47832,-1,-1,-1,-1,-1,-1,-1,-1
SAMPLE,p05-baseline,restore,5,restorationPublicDiff,358576,44920,-1,-1,-1,-1,-1,-1,-1,-1
SAMPLE,p05-baseline,restore,5,revisionCopy,13105127,3963384,-1,-1,-1,-1,-1,-1,-1,-1
SAMPLE,p05-baseline,restore,6,sourceMutationCommit,3953514,1297912,-1,-1,-1,-1,-1,-1,-1,-1
SAMPLE,p05-baseline,restore,6,publicCompactDiff,374679,35656,-1,-1,-1,-1,-1,-1,-1,-1
SAMPLE,p05-baseline,restore,6,publicMaterializedDiff,201809,35600,-1,-1,-1,-1,-1,-1,-1,-1
SAMPLE,p05-baseline,restore,6,replayRead,263823,47832,-1,-1,-1,-1,-1,-1,-1,-1
SAMPLE,p05-baseline,restore,6,restorationPublicDiff,302552,44920,-1,-1,-1,-1,-1,-1,-1,-1
SAMPLE,p05-baseline,restore,6,revisionCopy,12317653,3962536,-1,-1,-1,-1,-1,-1,-1,-1
SAMPLE,p05-baseline,restore,7,sourceMutationCommit,3820514,1297752,-1,-1,-1,-1,-1,-1,-1,-1
SAMPLE,p05-baseline,restore,7,publicCompactDiff,353979,35656,-1,-1,-1,-1,-1,-1,-1,-1
SAMPLE,p05-baseline,restore,7,publicMaterializedDiff,171161,35600,-1,-1,-1,-1,-1,-1,-1,-1
SAMPLE,p05-baseline,restore,7,replayRead,213617,47832,-1,-1,-1,-1,-1,-1,-1,-1
SAMPLE,p05-baseline,restore,7,restorationPublicDiff,281501,44920,-1,-1,-1,-1,-1,-1,-1,-1
SAMPLE,p05-baseline,restore,7,revisionCopy,12086970,3963448,-1,-1,-1,-1,-1,-1,-1,-1
SAMPLE,p05-baseline,restore,8,sourceMutationCommit,3613519,1298088,-1,-1,-1,-1,-1,-1,-1,-1
SAMPLE,p05-baseline,restore,8,publicCompactDiff,352880,35656,-1,-1,-1,-1,-1,-1,-1,-1
SAMPLE,p05-baseline,restore,8,publicMaterializedDiff,186874,35600,-1,-1,-1,-1,-1,-1,-1,-1
SAMPLE,p05-baseline,restore,8,replayRead,216086,47832,-1,-1,-1,-1,-1,-1,-1,-1
SAMPLE,p05-baseline,restore,8,restorationPublicDiff,276955,44920,-1,-1,-1,-1,-1,-1,-1,-1
SAMPLE,p05-baseline,restore,8,revisionCopy,13105967,3962648,-1,-1,-1,-1,-1,-1,-1,-1
END,p05-baseline,sink=555
# [StorageProfile] dump called: enabled=false byKind.size=0
