[groupBudget] budget=13451922 stride=7 perGroup=112 liveMB=9132 latestGcMB=9540 poolsGcMB=9132 usedMB=10442 maxMB=14336 shareMB=1301 pooledMB=543
[proj] groupAgg pass aborted: passes=1 range=[0,1024) spilled=13844438 abandoned=0 estimated=24555637 budget=13451922 completedSeed=false leaves=97737
[proj] groupAgg restart: passes=1 -> 2 estimated=24555637 budget=13451922 aborts=1
[proj] groupAgg pass done (composite): 1/2 range=[0,512) ms=876 scanMs=770 mergeMs=105 workerMs=759/765/769 slowest=16 spilled=11519249 leaves=97737 sharedHint=25179 sharedRehashes=0 retainedMB=865 pool=93976/11791 pooled=7917 dropped=0 sliceReuse=0
[proj] groupAgg pass done (composite): 2/2 range=[512,1024) ms=464 scanMs=313 mergeMs=150 workerMs=308/310/313 slowest=2 spilled=11417518 leaves=97737 sharedHint=25179 sharedRehashes=0 retainedMB=865 pool=112829/11791 pooled=7917 dropped=0 sliceReuse=0
# q16 try 1: wall=3.118 s cpu=47.6 s util=15.3/20 gc=5 pauses 0.23 s

[groupBudget] budget=13673435 stride=7 perGroup=112 liveMB=9360 latestGcMB=9360 poolsGcMB=9360 usedMB=10073 maxMB=14336 shareMB=1244 pooledMB=865
[proj] groupAgg pass done (composite): 1/2 range=[0,512) ms=413 scanMs=309 mergeMs=104 workerMs=300/304/308 slowest=7 spilled=11524719 leaves=97737 sharedHint=24681 sharedRehashes=0 retainedMB=865 pool=131772/11791 pooled=7917 dropped=0 sliceReuse=0
[proj] groupAgg pass done (composite): 2/2 range=[512,1024) ms=413 scanMs=308 mergeMs=104 workerMs=300/304/308 slowest=3 spilled=11368097 leaves=97737 sharedHint=24681 sharedRehashes=0 retainedMB=865 pool=150505/11791 pooled=7917 dropped=0 sliceReuse=0
# q16 try 2: wall=1.520 s cpu=22.6 s util=14.9/20 gc=1 pauses 0.03 s

[groupBudget] budget=15818451 stride=7 perGroup=112 liveMB=8443 latestGcMB=9331 poolsGcMB=8443 usedMB=9355 maxMB=14336 shareMB=1473 pooledMB=865
[proj] groupAgg pass done (composite): 1/2 range=[0,512) ms=415 scanMs=312 mergeMs=103 workerMs=301/307/311 slowest=5 spilled=11572038 leaves=97737 sharedHint=24681 sharedRehashes=0 retainedMB=865 pool=169454/11791 pooled=7917 dropped=0 sliceReuse=0
[proj] groupAgg pass done (composite): 2/2 range=[512,1024) ms=412 scanMs=310 mergeMs=102 workerMs=300/305/309 slowest=7 spilled=11654910 leaves=97737 sharedHint=24681 sharedRehashes=0 retainedMB=865 pool=188403/11791 pooled=7917 dropped=0 sliceReuse=0
# q16 try 3: wall=1.555 s cpu=23.3 s util=15.0/20 gc=3 pauses 0.02 s

[groupBudget] budget=11874436 stride=8 perGroup=128 liveMB=9403 latestGcMB=9731 poolsGcMB=9403 usedMB=10627 maxMB=14336 shareMB=1233 pooledMB=865
[proj] groupAgg pass aborted: passes=1 range=[0,1024) spilled=13067610 abandoned=0 estimated=54376234 budget=11874436 completedSeed=false leaves=97737
[groupBudget] refreshed by gc: 11874436 -> 14680064 groups=54376234 liveMB=7751 latestGcMB=7751 poolsGcMB=7751 usedMB=7753 maxMB=14336 shareMB=1646 pooledMB=901
[proj] groupAgg restart: passes=1 -> 4 estimated=54376234 budget=14680064 aborts=1
[proj] groupAgg pass done (composite): 1/4 range=[0,256) ms=984 scanMs=834 mergeMs=149 workerMs=828/831/833 slowest=15 spilled=13494327 leaves=97737 sharedHint=55756 sharedRehashes=0 retainedMB=919 pool=32226/7354 pooled=7354 dropped=0 sliceReuse=0
[proj] groupAgg pass done (composite): 2/4 range=[256,512) ms=567 scanMs=418 mergeMs=149 workerMs=413/415/417 slowest=7 spilled=13348550 leaves=97737 sharedHint=55756 sharedRehashes=0 retainedMB=919 pool=52906/7354 pooled=7354 dropped=0 sliceReuse=0
[proj] groupAgg pass done (composite): 3/4 range=[512,768) ms=577 scanMs=425 mergeMs=152 workerMs=415/420/424 slowest=12 spilled=13412646 leaves=97737 sharedHint=55756 sharedRehashes=0 retainedMB=920 pool=73655/7361 pooled=7361 dropped=0 sliceReuse=0
[proj] groupAgg pass done (composite): 4/4 range=[768,1024) ms=551 scanMs=400 mergeMs=150 workerMs=394/397/399 slowest=4 spilled=13426460 leaves=97737 sharedHint=55756 sharedRehashes=0 retainedMB=922 pool=94393/7380 pooled=7380 dropped=0 sliceReuse=0
# q18 try 1: wall=5.593 s cpu=81.7 s util=14.6/20 gc=7 pauses 0.47 s

[groupBudget] budget=14680064 stride=8 perGroup=128 liveMB=8013 latestGcMB=8013 poolsGcMB=8013 usedMB=8910 maxMB=14336 shareMB=1580 pooledMB=922
[proj] groupAgg pass done (composite): 1/4 range=[0,256) ms=584 scanMs=434 mergeMs=150 workerMs=422/432/433 slowest=8 spilled=13374260 leaves=97737 sharedHint=57816 sharedRehashes=0 retainedMB=922 pool=115122/7380 pooled=7380 dropped=0 sliceReuse=0
[proj] groupAgg pass done (composite): 2/4 range=[256,512) ms=567 scanMs=418 mergeMs=148 workerMs=412/416/418 slowest=1 spilled=13268376 leaves=97737 sharedHint=57816 sharedRehashes=0 retainedMB=922 pool=135672/7380 pooled=7380 dropped=0 sliceReuse=0
[proj] groupAgg pass done (composite): 3/4 range=[512,768) ms=568 scanMs=419 mergeMs=148 workerMs=411/414/418 slowest=15 spilled=13483918 leaves=97737 sharedHint=57816 sharedRehashes=0 retainedMB=922 pool=156442/7380 pooled=7380 dropped=0 sliceReuse=0
[proj] groupAgg pass done (composite): 4/4 range=[768,1024) ms=551 scanMs=401 mergeMs=149 workerMs=393/395/400 slowest=12 spilled=13250911 leaves=97737 sharedHint=57816 sharedRehashes=0 retainedMB=922 pool=176982/7380 pooled=7380 dropped=0 sliceReuse=0
# q18 try 2: wall=3.003 s cpu=50.7 s util=16.9/20 gc=3 pauses 0.02 s

[groupBudget] budget=14680064 stride=8 perGroup=128 liveMB=8003 latestGcMB=8003 poolsGcMB=8003 usedMB=8610 maxMB=14336 shareMB=1583 pooledMB=922
[proj] groupAgg pass done (composite): 1/4 range=[0,256) ms=549 scanMs=398 mergeMs=150 workerMs=390/393/397 slowest=13 spilled=13292918 leaves=97737 sharedHint=57816 sharedRehashes=0 retainedMB=922 pool=197571/7380 pooled=7380 dropped=0 sliceReuse=0
[proj] groupAgg pass done (composite): 2/4 range=[256,512) ms=570 scanMs=420 mergeMs=150 workerMs=409/415/419 slowest=0 spilled=13243546 leaves=97737 sharedHint=57816 sharedRehashes=0 retainedMB=922 pool=218095/7380 pooled=7380 dropped=0 sliceReuse=0
[proj] groupAgg pass done (composite): 3/4 range=[512,768) ms=570 scanMs=422 mergeMs=148 workerMs=414/418/421 slowest=4 spilled=13426594 leaves=97737 sharedHint=57816 sharedRehashes=0 retainedMB=922 pool=238847/7380 pooled=7380 dropped=0 sliceReuse=0
[proj] groupAgg pass done (composite): 4/4 range=[768,1024) ms=548 scanMs=399 mergeMs=149 workerMs=393/396/398 slowest=0 spilled=13419636 leaves=97737 sharedHint=57816 sharedRehashes=0 retainedMB=922 pool=259604/7380 pooled=7380 dropped=0 sliceReuse=0
# q18 try 3: wall=2.973 s cpu=49.7 s util=16.7/20 gc=1 pauses 0.02 s

[groupBudget] budget=14680064 stride=11 perGroup=128 liveMB=6347 latestGcMB=7035 poolsGcMB=6347 usedMB=7869 maxMB=14336 shareMB=1792 pooledMB=1086
[proj] groupAgg pass aborted: passes=1 range=[0,1024) spilled=15716861 abandoned=0 estimated=100007737 budget=14680064 completedSeed=false leaves=97737
[proj] groupAgg restart: passes=1 -> 7 estimated=100007737 budget=14680064 aborts=1
[proj] groupAgg pass done (composite): 1/7 range=[0,146) ms=560 scanMs=361 mergeMs=198 workerMs=352/356/360 slowest=3 spilled=13466493 leaves=97737 sharedHint=100548 sharedRehashes=0 retainedMB=1426 pool=284306/16620 pooled=16600 dropped=0 sliceReuse=2829695
[proj] groupAgg pass done (composite): 2/7 range=[146,292) ms=571 scanMs=370 mergeMs=200 workerMs=362/365/369 slowest=17 spilled=13422275 leaves=97737 sharedHint=100548 sharedRehashes=0 retainedMB=1426 pool=325348/16620 pooled=16600 dropped=0 sliceReuse=2829695
[proj] groupAgg pass done (composite): 3/7 range=[292,438) ms=605 scanMs=402 mergeMs=202 workerMs=393/395/401 slowest=0 spilled=13629779 leaves=97737 sharedHint=100548 sharedRehashes=0 retainedMB=1426 pool=366627/16620 pooled=16600 dropped=0 sliceReuse=2829695
[proj] groupAgg pass done (composite): 4/7 range=[438,585) ms=590 scanMs=390 mergeMs=200 workerMs=381/385/388 slowest=1 spilled=13622223 leaves=97737 sharedHint=99864 sharedRehashes=0 retainedMB=1426 pool=408124/16620 pooled=16600 dropped=0 sliceReuse=2829695
[proj] groupAgg pass done (composite): 5/7 range=[585,731) ms=586 scanMs=387 mergeMs=198 workerMs=380/382/387 slowest=3 spilled=13650012 leaves=97737 sharedHint=100548 sharedRehashes=0 retainedMB=1426 pool=449429/16620 pooled=16600 dropped=0 sliceReuse=2829695
[proj] groupAgg pass done (composite): 6/7 range=[731,877) ms=574 scanMs=374 mergeMs=200 workerMs=363/368/373 slowest=9 spilled=13566302 leaves=97737 sharedHint=100548 sharedRehashes=0 retainedMB=1426 pool=490626/16620 pooled=16600 dropped=0 sliceReuse=2829695
[proj] groupAgg pass done (composite): 7/7 range=[877,1024) ms=678 scanMs=477 mergeMs=200 workerMs=355/360/476 slowest=0 spilled=13691619 leaves=97737 sharedHint=99864 sharedRehashes=0 retainedMB=1426 pool=532183/16620 pooled=16600 dropped=0 sliceReuse=2829695
# q32 try 1: wall=5.319 s cpu=92.6 s util=17.4/20 gc=4 pauses 0.20 s

[groupBudget] budget=14680064 stride=11 perGroup=128 liveMB=8155 latestGcMB=8155 poolsGcMB=8155 usedMB=8273 maxMB=14336 shareMB=1545 pooledMB=1426
[proj] groupAgg pass done (composite): 1/7 range=[0,146) ms=557 scanMs=358 mergeMs=199 workerMs=350/352/356 slowest=5 spilled=13465833 leaves=97737 sharedHint=102535 sharedRehashes=0 retainedMB=1426 pool=573303/16620 pooled=16600 dropped=0 sliceReuse=2829695
[proj] groupAgg pass done (composite): 2/7 range=[146,292) ms=567 scanMs=370 mergeMs=197 workerMs=360/365/369 slowest=11 spilled=13506578 leaves=97737 sharedHint=102535 sharedRehashes=0 retainedMB=1426 pool=614454/16620 pooled=16600 dropped=0 sliceReuse=2829695
[proj] groupAgg pass done (composite): 3/7 range=[292,438) ms=579 scanMs=378 mergeMs=200 workerMs=371/373/378 slowest=4 spilled=13526603 leaves=97737 sharedHint=102535 sharedRehashes=0 retainedMB=1426 pool=655620/16620 pooled=16600 dropped=0 sliceReuse=2829695
[proj] groupAgg pass done (composite): 4/7 range=[438,585) ms=585 scanMs=387 mergeMs=198 workerMs=375/380/387 slowest=5 spilled=13736876 leaves=97737 sharedHint=102535 sharedRehashes=0 retainedMB=1426 pool=697237/16620 pooled=16600 dropped=0 sliceReuse=2829695
[proj] groupAgg pass done (composite): 5/7 range=[585,731) ms=580 scanMs=385 mergeMs=194 workerMs=373/379/384 slowest=4 spilled=13734763 leaves=97737 sharedHint=102535 sharedRehashes=0 retainedMB=1426 pool=738610/16620 pooled=16600 dropped=0 sliceReuse=2829695
[proj] groupAgg pass done (composite): 6/7 range=[731,877) ms=574 scanMs=376 mergeMs=197 workerMs=365/369/375 slowest=6 spilled=13612318 leaves=97737 sharedHint=102535 sharedRehashes=0 retainedMB=1426 pool=779863/16620 pooled=16600 dropped=0 sliceReuse=2829695
[proj] groupAgg pass done (composite): 7/7 range=[877,1024) ms=561 scanMs=365 mergeMs=195 workerMs=356/359/365 slowest=0 spilled=13812353 leaves=97737 sharedHint=102535 sharedRehashes=0 retainedMB=1426 pool=821533/16620 pooled=16600 dropped=0 sliceReuse=2829695
# q32 try 2: wall=4.030 s cpu=75.5 s util=18.7/20 gc=0 pauses 0.00 s

[groupBudget] budget=14680064 stride=11 perGroup=128 liveMB=8155 latestGcMB=8155 poolsGcMB=8155 usedMB=9091 maxMB=14336 shareMB=1545 pooledMB=1426
[proj] groupAgg pass done (composite): 1/7 range=[0,146) ms=560 scanMs=363 mergeMs=197 workerMs=352/357/362 slowest=2 spilled=13521407 leaves=97737 sharedHint=102535 sharedRehashes=0 retainedMB=1426 pool=862707/16620 pooled=16600 dropped=0 sliceReuse=2829695
[proj] groupAgg pass done (composite): 2/7 range=[146,292) ms=585 scanMs=378 mergeMs=207 workerMs=369/375/377 slowest=14 spilled=13450138 leaves=97737 sharedHint=102535 sharedRehashes=0 retainedMB=1426 pool=903796/16620 pooled=16600 dropped=0 sliceReuse=2829695
[proj] groupAgg pass done (composite): 3/7 range=[292,438) ms=627 scanMs=420 mergeMs=206 workerMs=409/413/420 slowest=5 spilled=13751327 leaves=97737 sharedHint=102535 sharedRehashes=0 retainedMB=1426 pool=945180/16620 pooled=16600 dropped=0 sliceReuse=2829695
[proj] groupAgg pass done (composite): 4/7 range=[438,585) ms=641 scanMs=423 mergeMs=218 workerMs=408/416/421 slowest=1 spilled=13745643 leaves=97737 sharedHint=102535 sharedRehashes=0 retainedMB=1426 pool=986814/16620 pooled=16600 dropped=0 sliceReuse=2829695
[proj] groupAgg pass done (composite): 5/7 range=[585,731) ms=619 scanMs=415 mergeMs=204 workerMs=403/406/414 slowest=8 spilled=13753582 leaves=97737 sharedHint=102535 sharedRehashes=0 retainedMB=1426 pool=1028213/16620 pooled=16600 dropped=0 sliceReuse=2829695
[proj] groupAgg pass done (composite): 6/7 range=[731,877) ms=596 scanMs=388 mergeMs=207 workerMs=379/382/385 slowest=19 spilled=13501221 leaves=97737 sharedHint=102535 sharedRehashes=0 retainedMB=1426 pool=1069363/16620 pooled=16600 dropped=0 sliceReuse=2829695
[proj] groupAgg pass done (composite): 7/7 range=[877,1024) ms=574 scanMs=376 mergeMs=198 workerMs=365/372/376 slowest=3 spilled=13673526 leaves=97737 sharedHint=102535 sharedRehashes=0 retainedMB=1426 pool=1110895/16620 pooled=16600 dropped=0 sliceReuse=2829695
# q32 try 3: wall=4.230 s cpu=74.2 s util=17.5/20 gc=0 pauses 0.00 s

