[0.005s][debug][gc,heap] Minimum heap 5368709120  Initial heap 5368709120  Maximum heap 12884901888
[0.005s][info ][gc,init] Initializing The Z Garbage Collector
[0.005s][info ][gc,init] Version: 25+37-LTS-jvmci-b01 (release)
[0.005s][info ][gc,init] NUMA Support: Disabled
[0.005s][info ][gc,init] CPUs: 20 total, 20 available
[0.005s][info ][gc,init] Memory: 31764M
[0.005s][info ][gc,init] Large Page Support: Disabled
[0.005s][info ][gc,init] Address Space Size: unlimited
[0.005s][debug][gc,init] Reserved Space: limit 4096G, desired 192G, requested 192G
[0.005s][info ][gc,init] Reserved Space Type: Contiguous/Unrestricted/Complete
[0.005s][info ][gc,init] Reserved Space Size: 192G
[0.005s][info ][gc,init] Heap Backing File: /memfd:java_heap
[0.005s][info ][gc,init] Heap Backing Filesystem: tmpfs (0x1021994)
[0.005s][info ][gc,init] Min Capacity: 5120M
[0.005s][info ][gc,init] Initial Capacity: 5120M
[0.005s][info ][gc,init] Max Capacity: 12288M
[0.005s][info ][gc,init] Soft Max Capacity: 12288M
[0.005s][info ][gc,init] Page Size Medium: Range [4M, 32M]
[0.005s][info ][gc,init] Pre-touch: Enabled
[0.005s][info ][gc,init] Available space on backing filesystem: N/A
[0.006s][info ][gc,init] Uncommit: Enabled
[0.006s][info ][gc,init] Uncommit Delay: 300s
[0.006s][info ][gc,init] GC Workers for Old Generation: 5 (dynamic)
[0.006s][info ][gc,init] GC Workers for Young Generation: 5 (dynamic)
[0.729s][debug][gc,task] Executing ZPreTouchTask using ZWorkerOld with 5 workers
[0.993s][info ][gc,init] GC Workers Max: 5 (dynamic)
[0.994s][info ][gc,init] Runtime Workers: 12
[0.994s][info ][gc     ] Using The Z Garbage Collector
[0.994s][info ][gc,metaspace] CDS archive(s) not mapped
[0.995s][info ][gc,metaspace] Compressed class space mapped at: 0x0000000069000000-0x00000000a9000000, reserved size: 1073741824
[0.995s][info ][gc,metaspace] UseCompressedClassPointers 1, UseCompactObjectHeaders 0
[0.995s][info ][gc,metaspace] Narrow klass pointer bits 32, Max shift 3
[0.995s][info ][gc,metaspace] Narrow klass base: 0x0000000000000000, Narrow klass shift: 0
[0.995s][info ][gc,metaspace] Encoding Range: [0x0000000000000000 - 0x0000000100000000), (4294967296 bytes)
[0.995s][info ][gc,metaspace] Klass Range:    [0x0000000069000000 - 0x00000000a9000000), (1073741824 bytes)
[0.995s][info ][gc,metaspace] Klass ID Range:  [1761607680 - 2835349497) (1073741817)
[0.995s][info ][gc,metaspace] No protection zone.
[1,008s][debug][gc,heap     ] Uncommitter (0) Timeout: 300000ms
[1,009s][debug][gc,nmethod  ] Register NMethod: jdk.internal.util.ArraysSupport.unsignedHashCode (0x000074dd1f400008) [0x000074dd1f400100, 0x000074dd1f400310] Compiler: c1, Barriers: 0, Oops: 0, ImmediateOops: 0, NonImmediateOops: No
[1,009s][debug][gc,nmethod  ] Rebuilding NMethod Table: 0->1024 entries, 0(0%->0%) registered, 0(0%->0%) unregistered
[1,009s][debug][gc,nmethod  ] Register NMethod: java.lang.Object.<init> (0x000074dd1f400388) [0x000074dd1f400480, 0x000074dd1f400580] Compiler: c1, Barriers: 0, Oops: 0, ImmediateOops: 0, NonImmediateOops: No
[1,009s][debug][gc,nmethod  ] Register NMethod: java.lang.Byte.toUnsignedInt (0x000074dd1f400688) [0x000074dd1f400780, 0x000074dd1f400868] Compiler: c1, Barriers: 0, Oops: 0, ImmediateOops: 0, NonImmediateOops: No
[1,009s][debug][gc,nmethod  ] Register NMethod: java.lang.String.hashCode (0x000074dd1f400988) [0x000074dd1f400a80, 0x000074dd1f401028] Compiler: c1, Barriers: 2, Oops: 0, ImmediateOops: 0, NonImmediateOops: No
[1,010s][debug][gc,nmethod  ] Register NMethod: jdk.internal.misc.Unsafe.getReferenceVolatile (0x000074dd3ebe5008) [0x000074dd3ebe5100, 0x000074dd3ebe5430] Compiler: , Barriers: 0, Oops: 0, ImmediateOops: 0, NonImmediateOops: No
[1,012s][debug][gc,nmethod  ] Register NMethod: java.util.ImmutableCollections$SetN.probe (0x000074dd1f401088) [0x000074dd1f401180, 0x000074dd1f4019a8] Compiler: c1, Barriers: 4, Oops: 0, ImmediateOops: 0, NonImmediateOops: No
[1,012s][debug][gc,nmethod  ] Register NMethod: java.lang.StringLatin1.equals (0x000074dd1f401a08) [0x000074dd1f401b00, 0x000074dd1f401d68] Compiler: c1, Barriers: 0, Oops: 0, ImmediateOops: 0, NonImmediateOops: No
[1,012s][debug][gc,nmethod  ] Register NMethod: java.lang.Math.floorMod (0x000074dd1f401d88) [0x000074dd1f401e80, 0x000074dd1f402010] Compiler: c1, Barriers: 0, Oops: 0, ImmediateOops: 0, NonImmediateOops: No
[1,013s][debug][gc,nmethod  ] Register NMethod: jdk.internal.util.ArraysSupport.vectorizedHashCode (0x000074dd1f402088) [0x000074dd1f402180, 0x000074dd1f403fd8] Compiler: c1, Barriers: 0, Oops: 1, ImmediateOops: 2, NonImmediateOops: No
[1,014s][debug][gc,nmethod  ] Register NMethod: java.util.ImmutableCollections$SetN.hashCode (0x000074dd1f404008) [0x000074dd1f404100, 0x000074dd1f404570] Compiler: c1, Barriers: 2, Oops: 0, ImmediateOops: 0, NonImmediateOops: No
[1,014s][debug][gc,nmethod  ] Register NMethod: java.lang.module.ModuleDescriptor.modsHashCode (0x000074dd1f404588) [0x000074dd1f404680, 0x000074dd1f405438] Compiler: c1, Barriers: 1, Oops: 0, ImmediateOops: 0, NonImmediateOops: No
[1,014s][debug][gc,nmethod  ] Register NMethod: jdk.internal.util.ArraysSupport.hashCodeOfUnsigned (0x000074dd1f405488) [0x000074dd1f405580, 0x000074dd1f4057f8] Compiler: c1, Barriers: 0, Oops: 0, ImmediateOops: 0, NonImmediateOops: No
[1,014s][debug][gc,nmethod  ] Register NMethod: java.util.ImmutableCollections$SetN.<init> (0x000074dd1f405808) [0x000074dd1f405900, 0x000074dd1f4071d0] Compiler: c1, Barriers: 8, Oops: 1, ImmediateOops: 3, NonImmediateOops: No
[1,014s][debug][gc,nmethod  ] Register NMethod: java.util.Objects.requireNonNull (0x000074dd1f407208) [0x000074dd1f407300, 0x000074dd1f4074d0] Compiler: c1, Barriers: 0, Oops: 0, ImmediateOops: 0, NonImmediateOops: No
[1,014s][debug][gc,nmethod  ] Register NMethod: java.util.ImmutableCollections$SetN.iterator (0x000074dd1f407508) [0x000074dd1f407600, 0x000074dd1f4077a0] Compiler: c1, Barriers: 0, Oops: 0, ImmediateOops: 0, NonImmediateOops: No
[1,014s][debug][gc,nmethod  ] Register NMethod: java.lang.String.equals (0x000074dd1f407808) [0x000074dd1f407900, 0x000074dd1f407fc0] Compiler: c1, Barriers: 2, Oops: 0, ImmediateOops: 0, NonImmediateOops: No
[1,014s][debug][gc,nmethod  ] Register NMethod: java.util.Set.of (0x000074dd1f408008) [0x000074dd1f408100, 0x000074dd1f4081e8] Compiler: c1, Barriers: 0, Oops: 0, ImmediateOops: 1, NonImmediateOops: No
[1,015s][debug][gc,nmethod  ] Register NMethod: java.util.AbstractCollection.<init> (0x000074dd1f408308) [0x000074dd1f408400, 0x000074dd1f408558] Compiler: c1, Barriers: 0, Oops: 0, ImmediateOops: 0, NonImmediateOops: No
[1,015s][debug][gc,nmethod  ] Register NMethod: java.util.ImmutableCollections$AbstractImmutableCollection.<init> (0x000074dd1f408608) [0x000074dd1f408700, 0x000074dd1f4088b8] Compiler: c1, Barriers: 0, Oops: 0, ImmediateOops: 0, NonImmediateOops: No
[1,015s][debug][gc,nmethod  ] Register NMethod: java.util.ImmutableCollections$SetN$SetNIterator.<init> (0x000074dd1f408908) [0x000074dd1f408a00, 0x000074dd1f408d80] Compiler: c1, Barriers: 4, Oops: 0, ImmediateOops: 0, NonImmediateOops: No
[1,015s][debug][gc,nmethod  ] Register NMethod: java.lang.System.arraycopy (0x000074dd3ebe5488) [0x000074dd3ebe5580, 0x000074dd3ebe5700] Compiler: , Barriers: 0, Oops: 0, ImmediateOops: 1, NonImmediateOops: No
[1,015s][debug][gc,nmethod  ] Register NMethod: java.lang.module.ModuleDescriptor$Exports.<init> (0x000074dd1f408d88) [0x000074dd1f408e80, 0x000074dd1f409140] Compiler: c1, Barriers: 9, Oops: 0, ImmediateOops: 0, NonImmediateOops: No
[1,015s][debug][gc,nmethod  ] Register NMethod: java.util.ImmutableCollections$AbstractImmutableSet.<init> (0x000074dd1f409188) [0x000074dd1f409280, 0x000074dd1f409498] Compiler: c1, Barriers: 0, Oops: 0, ImmediateOops: 0, NonImmediateOops: No
[1,015s][debug][gc,nmethod  ] Register NMethod: java.util.ImmutableCollections$SetN$SetNIterator.hasNext (0x000074dd1f409508) [0x000074dd1f409600, 0x000074dd1f409750] Compiler: c1, Barriers: 0, Oops: 0, ImmediateOops: 0, NonImmediateOops: No
[1,015s][debug][gc,nmethod  ] Register NMethod: java.util.Set.of (0x000074dd1f409808) [0x000074dd1f409900, 0x000074dd1f40a170] Compiler: c1, Barriers: 9, Oops: 0, ImmediateOops: 2, NonImmediateOops: No
[1,015s][debug][gc,nmethod  ] Register NMethod: java.util.Objects.hashCode (0x000074dd1f40a188) [0x000074dd1f40a280, 0x000074dd1f40a5d0] Compiler: c1, Barriers: 0, Oops: 0, ImmediateOops: 0, NonImmediateOops: No
[1,015s][debug][gc,nmethod  ] Register NMethod: java.util.Objects.equals (0x000074dd1f40a608) [0x000074dd1f40a700, 0x000074dd1f40aa88] Compiler: c1, Barriers: 0, Oops: 0, ImmediateOops: 0, NonImmediateOops: No
[1,015s][debug][gc,nmethod  ] Register NMethod: jdk.internal.module.Builder.newExports (0x000074dd1f40ab08) [0x000074dd1f40ac00, 0x000074dd1f40ad40] Compiler: c1, Barriers: 0, Oops: 0, ImmediateOops: 1, NonImmediateOops: No
[1,015s][debug][gc,nmethod  ] Register NMethod: java.lang.module.ModuleDescriptor$Exports.hashCode (0x000074dd1f40ae08) [0x000074dd1f40af00, 0x000074dd1f40b518] Compiler: c1, Barriers: 3, Oops: 0, ImmediateOops: 0, NonImmediateOops: No
[1,015s][debug][gc,nmethod  ] Register NMethod: java.lang.String.isLatin1 (0x000074dd1f40b588) [0x000074dd1f40b680, 0x000074dd1f40b7e0] Compiler: c1, Barriers: 0, Oops: 0, ImmediateOops: 0, NonImmediateOops: No
[1,015s][debug][gc,nmethod  ] Register NMethod: java.lang.module.ModuleDescriptor$1.newExports (0x000074dd1f40b888) [0x000074dd1f40b980, 0x000074dd1f40bcf8] Compiler: c1, Barriers: 9, Oops: 0, ImmediateOops: 0, NonImmediateOops: No
[1,015s][debug][gc,nmethod  ] Register NMethod: java.util.ImmutableCollections$ListN.get (0x000074dd1f40bd08) [0x000074dd1f40be00, 0x000074dd1f40bf88] Compiler: c1, Barriers: 2, Oops: 0, ImmediateOops: 0, NonImmediateOops: No
[1,015s][debug][gc,nmethod  ] Register NMethod: java.lang.String.coder (0x000074dd1f40c008) [0x000074dd1f40c100, 0x000074dd1f40c228] Compiler: c1, Barriers: 0, Oops: 0, ImmediateOops: 0, NonImmediateOops: No
[1,015s][debug][gc,nmethod  ] Register NMethod: java.lang.String.length (0x000074dd1f40c308) [0x000074dd1f40c400, 0x000074dd1f40c780] Compiler: c1, Barriers: 1, Oops: 0, ImmediateOops: 0, NonImmediateOops: No
[1,015s][debug][gc,nmethod  ] Register NMethod: java.net.URI.hash (0x000074dd1f40c788) [0x000074dd1f40c880, 0x000074dd1f40ce40] Compiler: c1, Barriers: 0, Oops: 0, ImmediateOops: 0, NonImmediateOops: No
[1,015s][debug][gc,nmethod  ] Register NMethod: java.lang.module.ModuleReference.descriptor (0x000074dd3ebe5788) [0x000074dd3ebe5880, 0x000074dd3ebe5968] Compiler: c1, Barriers: 1, Oops: 0, ImmediateOops: 0, NonImmediateOops: No
[1,015s][debug][gc,nmethod  ] Register NMethod: java.lang.String.charAt (0x000074dd1f40ce88) [0x000074dd1f40cf80, 0x000074dd1f40d510] Compiler: c1, Barriers: 2, Oops: 1, ImmediateOops: 1, NonImmediateOops: No
[1,016s][debug][gc,nmethod  ] Register NMethod: java.lang.module.ModuleDescriptor.name (0x000074dd3ebe5a88) [0x000074dd3ebe5b80, 0x000074dd3ebe5c68] Compiler: c1, Barriers: 1, Oops: 0, ImmediateOops: 0, NonImmediateOops: No
[1,016s][debug][gc,nmethod  ] Register NMethod: java.lang.String.checkIndex (0x000074dd1f40d588) [0x000074dd1f40d680, 0x000074dd1f40d7a8] Compiler: c1, Barriers: 0, Oops: 1, ImmediateOops: 1, NonImmediateOops: No
[1,016s][debug][gc,nmethod  ] Register NMethod: java.lang.module.ModuleDescriptor$Exports.equals (0x000074dd1f40d888) [0x000074dd1f40d980, 0x000074dd1f40e7f8] Compiler: c1, Barriers: 6, Oops: 0, ImmediateOops: 0, NonImmediateOops: No
[1,016s][debug][gc,nmethod  ] Register NMethod: java.lang.StringLatin1.charAt (0x000074dd1f40e808) [0x000074dd1f40e900, 0x000074dd1f40eac0] Compiler: c1, Barriers: 0, Oops: 1, ImmediateOops: 1, NonImmediateOops: No
[1,016s][debug][gc,nmethod  ] Register NMethod: jdk.internal.util.Preconditions.checkIndex (0x000074dd1f40eb08) [0x000074dd1f40ec00, 0x000074dd1f40ed88] Compiler: c1, Barriers: 0, Oops: 0, ImmediateOops: 0, NonImmediateOops: No
[1,017s][debug][gc,nmethod  ] Register NMethod: java.lang.StringLatin1.indexOfChar (0x000074dd1f40ee08) [0x000074dd1f40ef00, 0x000074dd1f40f100] Compiler: c1, Barriers: 0, Oops: 0, ImmediateOops: 0, NonImmediateOops: No
[1,017s][debug][gc,nmethod  ] Register NMethod: java.lang.Object.getClass (0x000074dd3ebe5d88) [0x000074dd3ebe5e80, 0x000074dd3ebe61a0] Compiler: , Barriers: 0, Oops: 0, ImmediateOops: 0, NonImmediateOops: No
[1,017s][debug][gc,nmethod  ] Register NMethod: java.io.File.getPath (0x000074dd3ebe6208) [0x000074dd3ebe6300, 0x000074dd3ebe63e8] Compiler: c1, Barriers: 1, Oops: 0, ImmediateOops: 0, NonImmediateOops: No
[1,017s][debug][gc,nmethod  ] Register NMethod: jdk.internal.misc.Unsafe.getLong (0x000074dd3ebe6508) [0x000074dd3ebe6600, 0x000074dd3ebe6768] Compiler: , Barriers: 0, Oops: 0, ImmediateOops: 0, NonImmediateOops: No
[1,017s][debug][gc,nmethod  ] Register NMethod: java.lang.String.indexOf (0x000074dd1f40f108) [0x000074dd1f40f200, 0x000074dd1f40f828] Compiler: c1, Barriers: 2, Oops: 0, ImmediateOops: 0, NonImmediateOops: No
[1,018s][debug][gc,nmethod  ] Register NMethod: java.lang.String.startsWith (0x000074dd1f40f888) [0x000074dd1f40f980, 0x000074dd1f410c00] Compiler: c1, Barriers: 2, Oops: 0, ImmediateOops: 0, NonImmediateOops: No
[1,018s][debug][gc,nmethod  ] Register NMethod: java.lang.String.startsWith (0x000074dd1f410c08) [0x000074dd1f410d00, 0x000074dd1f410ff8] Compiler: c1, Barriers: 0, Oops: 0, ImmediateOops: 0, NonImmediateOops: No
[1,018s][debug][gc,nmethod  ] Register NMethod: java.lang.String.isEmpty (0x000074dd1f411008) [0x000074dd1f411100, 0x000074dd1f411288] Compiler: c1, Barriers: 1, Oops: 0, ImmediateOops: 0, NonImmediateOops: No
[1,018s][debug][gc,nmethod  ] Register NMethod: java.lang.StringLatin1.indexOf (0x000074dd1f411308) [0x000074dd1f411400, 0x000074dd1f411888] Compiler: c1, Barriers: 0, Oops: 0, ImmediateOops: 0, NonImmediateOops: No
[1,018s][debug][gc,nmethod  ] Register NMethod: jdk.internal.misc.Unsafe.getInt (0x000074dd3ebe6808) [0x000074dd3ebe6900, 0x000074dd3ebe6a68] Compiler: , Barriers: 0, Oops: 0, ImmediateOops: 0, NonImmediateOops: No
[1,018s][debug][gc,nmethod  ] Register NMethod: jdk.internal.util.ArraysSupport.mismatch (0x000074dd1f411908) [0x000074dd1f411a00, 0x000074dd1f411de0] Compiler: c1, Barriers: 0, Oops: 0, ImmediateOops: 0, NonImmediateOops: No
[1,018s][debug][gc,nmethod  ] Register NMethod: java.io.File.getPrefixLength (0x000074dd3ebe6b08) [0x000074dd3ebe6c00, 0x000074dd3ebe6cc0] Compiler: c1, Barriers: 0, Oops: 0, ImmediateOops: 0, NonImmediateOops: No
[1,018s][debug][gc,nmethod  ] Register NMethod: jdk.internal.misc.Unsafe.getLongUnaligned (0x000074dd1f411e08) [0x000074dd1f411f00, 0x000074dd1f4122b0] Compiler: c1, Barriers: 0, Oops: 0, ImmediateOops: 0, NonImmediateOops: No
[1,018s][debug][gc,director ] Rule Major: Warmup 10%, Used: 10MB, UsedThreshold: 1228MB
[1,019s][debug][gc,nmethod  ] Register NMethod: java.lang.StringLatin1.lastIndexOf (0x000074dd1f412308) [0x000074dd1f412400, 0x000074dd1f4127c8] Compiler: c1, Barriers: 0, Oops: 0, ImmediateOops: 0, NonImmediateOops: No
[1,019s][debug][gc,nmethod  ] Register NMethod: sun.net.www.ParseUtil.firstEncodeIndex (0x000074dd1f412808) [0x000074dd1f412900, 0x000074dd1f4137d8] Compiler: c1, Barriers: 3, Oops: 1, ImmediateOops: 1, NonImmediateOops: No
[1,019s][debug][gc,nmethod  ] Register NMethod: jdk.internal.misc.Unsafe.compareAndSetLong (0x000074dd3ebe6e08) [0x000074dd3ebe6f00, 0x000074dd3ebe7070] Compiler: , Barriers: 0, Oops: 0, ImmediateOops: 0, NonImmediateOops: No
[1,020s][debug][gc,nmethod  ] Register NMethod: jdk.internal.misc.Unsafe.compareAndSetReference (0x000074dd3ebe7108) [0x000074dd3ebe7200, 0x000074dd3ebe7398] Compiler: , Barriers: 0, Oops: 0, ImmediateOops: 0, NonImmediateOops: No
[1,020s][debug][gc,nmethod  ] Register NMethod: jdk.internal.misc.Unsafe.getReferenceAcquire (0x000074dd1f413808) [0x000074dd1f413900, 0x000074dd1f413a30] Compiler: c1, Barriers: 1, Oops: 0, ImmediateOops: 0, NonImmediateOops: No
[1,020s][debug][gc,nmethod  ] Register NMethod: java.util.concurrent.ConcurrentHashMap.tabAt (0x000074dd1f413b08) [0x000074dd1f413c00, 0x000074dd1f414148] Compiler: c1, Barriers: 1, Oops: 1, ImmediateOops: 1, NonImmediateOops: No
[1,020s][debug][gc,nmethod  ] Register NMethod: java.util.concurrent.ConcurrentHashMap.spread (0x000074dd1f414188) [0x000074dd1f414280, 0x000074dd1f414370] Compiler: c1, Barriers: 0, Oops: 0, ImmediateOops: 0, NonImmediateOops: No
[1,020s][debug][gc,nmethod  ] Register NMethod: java.util.concurrent.ConcurrentHashMap$Node.<init> (0x000074dd1f414488) [0x000074dd1f414580, 0x000074dd1f4147d0] Compiler: c1, Barriers: 6, Oops: 0, ImmediateOops: 0, NonImmediateOops: No
[1,020s][debug][gc,nmethod  ] Register NMethod: java.util.ImmutableCollections$SetN$SetNIterator.next (0x000074dd1f414808) [0x000074dd1f414900, 0x000074dd1f414c78] Compiler: c1, Barriers: 3, Oops: 0, ImmediateOops: 0, NonImmediateOops: No
[1,020s][debug][gc,nmethod  ] Register NMethod: java.lang.Object.<init> (0x000074dd3ebe7408) [0x000074dd3ebe7500, 0x000074dd3ebe7580] Compiler: jvmci, Barriers: 0, Oops: 0, ImmediateOops: 0, NonImmediateOops: No
[1,020s][debug][gc,nmethod  ] Register NMethod: java.util.concurrent.ConcurrentHashMap.addCount (0x000074dd1f414c88) [0x000074dd1f414d80, 0x000074dd1f415a20] Compiler: c1, Barriers: 4, Oops: 0, ImmediateOops: 0, NonImmediateOops: No
[1,021s][debug][gc,nmethod  ] Register NMethod: java.util.concurrent.ConcurrentHashMap.putVal (0x000074dd1f415a88) [0x000074dd1f415b80, 0x000074dd1f418078] Compiler: c1, Barriers: 28, Oops: 0, ImmediateOops: 1, NonImmediateOops: No
[1,023s][debug][gc,nmethod  ] Register NMethod: java.lang.invoke.MethodHandle.linkToStatic (0x000074dd3ebe7708) [0x000074dd3ebe7800, 0x000074dd3ebe78f0] Compiler: , Barriers: 0, Oops: 0, ImmediateOops: 0, NonImmediateOops: No
[1,025s][debug][gc,nmethod  ] Register NMethod: java.lang.Enum.ordinal (0x000074dd3ebe7a08) [0x000074dd3ebe7b00, 0x000074dd3ebe7bc0] Compiler: c1, Barriers: 0, Oops: 0, ImmediateOops: 0, NonImmediateOops: No
[1,025s][debug][gc,nmethod  ] Register NMethod: java.lang.Object.hashCode (0x000074dd3ebe7d08) [0x000074dd3ebe7e00, 0x000074dd3ebe7f70] Compiler: , Barriers: 0, Oops: 0, ImmediateOops: 0, NonImmediateOops: No
[1,025s][debug][gc,nmethod  ] Register NMethod: java.lang.Class.isPrimitive (0x000074dd3ebe8008) [0x000074dd3ebe8100, 0x000074dd3ebe81c0] Compiler: c1, Barriers: 0, Oops: 0, ImmediateOops: 0, NonImmediateOops: No
[1,025s][debug][gc,nmethod  ] Register NMethod: java.lang.invoke.MethodHandle.linkToStatic (0x000074dd3ebe8308) [0x000074dd3ebe8400, 0x000074dd3ebe84f0] Compiler: , Barriers: 0, Oops: 0, ImmediateOops: 0, NonImmediateOops: No
[1,026s][debug][gc,nmethod  ] Register NMethod: java.lang.invoke.MethodHandle.linkToStatic (0x000074dd3ebe8608) [0x000074dd3ebe8700, 0x000074dd3ebe87f0] Compiler: , Barriers: 0, Oops: 0, ImmediateOops: 0, NonImmediateOops: No
[1,026s][debug][gc,nmethod  ] Register NMethod: jdk.internal.util.ArraysSupport.unsignedHashCode (0x000074dd3ebe8908) [0x000074dd3ebe8a20, 0x000074dd3ebe8c18] Compiler: jvmci, Barriers: 0, Oops: 0, ImmediateOops: 0, NonImmediateOops: No
[1,026s][debug][gc,nmethod  ] Register NMethod: java.lang.invoke.MethodHandle.invokeBasic (0x000074dd3ebe8c88) [0x000074dd3ebe8d80, 0x000074dd3ebe9018] Compiler: , Barriers: 0, Oops: 0, ImmediateOops: 0, NonImmediateOops: No
[1,026s][debug][gc,nmethod  ] Register NMethod: java.lang.invoke.MethodHandle.linkToSpecial (0x000074dd3ebe9088) [0x000074dd3ebe9180, 0x000074dd3ebe9278] Compiler: , Barriers: 0, Oops: 0, ImmediateOops: 0, NonImmediateOops: No
[1,027s][debug][gc,nmethod  ] Register NMethod: java.lang.String.charAt (0x000074dd3ebe9388) [0x000074dd3ebe9480, 0x000074dd3ebe95b0] Compiler: jvmci, Barriers: 1, Oops: 0, ImmediateOops: 0, NonImmediateOops: No
[1,029s][debug][gc,director ] Rule Major: Warmup 10%, Used: 10MB, UsedThreshold: 1228MB
[1,029s][debug][gc,nmethod  ] Register NMethod: java.lang.Enum.<init> (0x000074dd1f418088) [0x000074dd1f418180, 0x000074dd1f418358] Compiler: c1, Barriers: 3, Oops: 0, ImmediateOops: 0, NonImmediateOops: No
[1,030s][debug][gc,nmethod  ] Register NMethod: java.lang.String.hashCode (0x000074dd3ebe9688) [0x000074dd3ebe9780, 0x000074dd3ebe9920] Compiler: jvmci, Barriers: 1, Oops: 0, ImmediateOops: 0, NonImmediateOops: No
[1,031s][debug][gc,nmethod  ] Register NMethod: java.lang.invoke.MethodHandle.invokeBasic (0x000074dd3ebe9988) [0x000074dd3ebe9a80, 0x000074dd3ebe9d18] Compiler: , Barriers: 0, Oops: 0, ImmediateOops: 0, NonImmediateOops: No
[1,031s][debug][gc,nmethod  ] Register NMethod: java.lang.invoke.MethodHandle.linkToSpecial (0x000074dd3ebe9d88) [0x000074dd3ebe9e80, 0x000074dd3ebe9f78] Compiler: , Barriers: 0, Oops: 0, ImmediateOops: 0, NonImmediateOops: No
[1,031s][debug][gc,nmethod  ] Register NMethod: jdk.internal.util.StrongReferenceKey.get (0x000074dd3ebea088) [0x000074dd3ebea180, 0x000074dd3ebea268] Compiler: c1, Barriers: 1, Oops: 0, ImmediateOops: 0, NonImmediateOops: No
[1,031s][debug][gc,nmethod  ] Register NMethod: java.lang.invoke.MethodHandle.linkToStatic (0x000074dd3ebea388) [0x000074dd3ebea480, 0x000074dd3ebea578] Compiler: , Barriers: 0, Oops: 0, ImmediateOops: 0, NonImmediateOops: No
[1,031s][debug][gc,nmethod  ] Register NMethod: java.lang.Object.clone (0x000074dd3ebea688) [0x000074dd3ebea780, 0x000074dd3ebeaaa0] Compiler: , Barriers: 0, Oops: 0, ImmediateOops: 0, NonImmediateOops: No
[1,031s][debug][gc,nmethod  ] Register NMethod: java.lang.invoke.MethodHandle.linkToStatic (0x000074dd3ebeab08) [0x000074dd3ebeac00, 0x000074dd3ebeacf0] Compiler: , Barriers: 0, Oops: 0, ImmediateOops: 0, NonImmediateOops: No
[1,032s][debug][gc,nmethod  ] Register NMethod: java.lang.Class.getClassLoader (0x000074dd3ebeae08) [0x000074dd3ebeaf00, 0x000074dd3ebeafe8] Compiler: c1, Barriers: 1, Oops: 0, ImmediateOops: 0, NonImmediateOops: No
[1,032s][debug][gc,nmethod  ] Register NMethod: java.lang.invoke.MethodType.returnType (0x000074dd3ebeb108) [0x000074dd3ebeb200, 0x000074dd3ebeb2e8] Compiler: c1, Barriers: 1, Oops: 0, ImmediateOops: 0, NonImmediateOops: No
[1,032s][debug][gc,nmethod  ] Register NMethod: java.lang.invoke.MethodHandle.invokeBasic (0x000074dd3ebeb408) [0x000074dd3ebeb500, 0x000074dd3ebeb798] Compiler: , Barriers: 0, Oops: 0, ImmediateOops: 0, NonImmediateOops: No
[1,032s][debug][gc,nmethod  ] Register NMethod: java.util.concurrent.ConcurrentHashMap.putIfAbsent (0x000074dd1f418388) [0x000074dd1f418480, 0x000074dd1f418780] Compiler: c1, Barriers: 0, Oops: 0, ImmediateOops: 0, NonImmediateOops: No
[1,032s][debug][gc,nmethod  ] Register NMethod: jdk.internal.classfile.impl.AbstractPoolEntry.index (0x000074dd3ebeb808) [0x000074dd3ebeb900, 0x000074dd3ebeb9c0] Compiler: c1, Barriers: 0, Oops: 0, ImmediateOops: 0, NonImmediateOops: No
[1,033s][debug][gc,nmethod  ] Register NMethod: jdk.internal.classfile.impl.SplitConstantPool.size (0x000074dd3ebebb08) [0x000074dd3ebebc00, 0x000074dd3ebebcc0] Compiler: c1, Barriers: 0, Oops: 0, ImmediateOops: 0, NonImmediateOops: No
[1,033s][debug][gc,nmethod  ] Register NMethod: java.lang.invoke.MethodHandle.linkToSpecial (0x000074dd3ebebe08) [0x000074dd3ebebf00, 0x000074dd3ebebff8] Compiler: , Barriers: 0, Oops: 0, ImmediateOops: 0, NonImmediateOops: No
[1,033s][debug][gc,nmethod  ] Register NMethod: java.lang.ref.ReferenceQueue.poll (0x000074dd1f418788) [0x000074dd1f418880, 0x000074dd1f418ca0] Compiler: c1, Barriers: 2, Oops: 0, ImmediateOops: 0, NonImmediateOops: No
[1,033s][debug][gc,nmethod  ] Register NMethod: java.lang.String.<init> (0x000074dd1f418d08) [0x000074dd1f418e00, 0x000074dd1f418fd8] Compiler: c1, Barriers: 3, Oops: 0, ImmediateOops: 0, NonImmediateOops: No
[1,033s][debug][gc,nmethod  ] Register NMethod: java.lang.String.getBytes (0x000074dd1f419008) [0x000074dd1f419100, 0x000074dd1f419608] Compiler: c1, Barriers: 2, Oops: 0, ImmediateOops: 0, NonImmediateOops: No
[1,033s][debug][gc,nmethod  ] Register NMethod: jdk.internal.classfile.impl.AbstractPoolEntry.width (0x000074dd3ebec108) [0x000074dd3ebec200, 0x000074dd3ebec2c0] Compiler: c1, Barriers: 0, Oops: 0, ImmediateOops: 0, NonImmediateOops: No
[1,033s][debug][gc,nmethod  ] Register NMethod: java.lang.Math.min (0x000074dd1f419688) [0x000074dd1f419780, 0x000074dd1f4198a8] Compiler: c1, Barriers: 0, Oops: 0, ImmediateOops: 0, NonImmediateOops: No
[1,033s][debug][gc,nmethod  ] Register NMethod: java.lang.invoke.MethodHandle.linkToStatic (0x000074dd3ebec408) [0x000074dd3ebec500, 0x000074dd3ebec5f0] Compiler: , Barriers: 0, Oops: 0, ImmediateOops: 0, NonImmediateOops: No
[1,034s][debug][gc,nmethod  ] Register NMethod: jdk.internal.util.ReferencedKeyMap.removeStaleReferences (0x000074dd1f419988) [0x000074dd1f419a80, 0x000074dd1f41a0a0] Compiler: c1, Barriers: 2, Oops: 0, ImmediateOops: 0, NonImmediateOops: No
[1,034s][debug][gc,nmethod  ] Register NMethod: java.lang.invoke.MethodHandle.linkToSpecial (0x000074dd3ebec708) [0x000074dd3ebec800, 0x000074dd3ebec8f8] Compiler: , Barriers: 0, Oops: 0, ImmediateOops: 0, NonImmediateOops: No
[1,034s][debug][gc,nmethod  ] Register NMethod: jdk.internal.classfile.impl.BufWriterImpl.reserveSpace (0x000074dd1f41a108) [0x000074dd1f41a200, 0x000074dd1f41a518] Compiler: c1, Barriers: 4, Oops: 0, ImmediateOops: 0, NonImmediateOops: No
[1,034s][debug][gc,nmethod  ] Register NMethod: java.lang.invoke.MemberName.getDeclaringClass (0x000074dd3ebeca08) [0x000074dd3ebecb00, 0x000074dd3ebecbe8] Compiler: c1, Barriers: 1, Oops: 0, ImmediateOops: 0, NonImmediateOops: No
[1,034s][debug][gc,nmethod  ] Register NMethod: jdk.internal.classfile.impl.RawBytecodeHelper.bci (0x000074dd3ebecd08) [0x000074dd3ebece00, 0x000074dd3ebecec0] Compiler: c1, Barriers: 0, Oops: 0, ImmediateOops: 0, NonImmediateOops: No
[1,034s][debug][gc,nmethod  ] Register NMethod: jdk.internal.classfile.impl.SplitConstantPool.map (0x000074dd1f41a588) [0x000074dd1f41a6a0, 0x000074dd1f41bda0] Compiler: c1, Barriers: 9, Oops: 0, ImmediateOops: 0, NonImmediateOops: No
[1,034s][debug][gc,nmethod  ] Register NMethod: java.lang.String.isLatin1 (0x000074dd3ebed008) [0x000074dd3ebed100, 0x000074dd3ebed1c0] Compiler: jvmci, Barriers: 0, Oops: 0, ImmediateOops: 0, NonImmediateOops: No
[1,035s][debug][gc,nmethod  ] Register NMethod: java.util.concurrent.ConcurrentHashMap.get (0x000074dd1f41be08) [0x000074dd1f41bf00, 0x000074dd1f41cf18] Compiler: c1, Barriers: 7, Oops: 0, ImmediateOops: 0, NonImmediateOops: No
[1,035s][debug][gc,nmethod  ] Register NMethod: java.lang.invoke.MethodType.hashCode (0x000074dd1f41cf88) [0x000074dd1f41d080, 0x000074dd1f41d700] Compiler: c1, Barriers: 3, Oops: 0, ImmediateOops: 0, NonImmediateOops: No
[1,035s][debug][gc,nmethod  ] Register NMethod: java.lang.invoke.MemberName.isInvocable (0x000074dd1f41d708) [0x000074dd1f41d800, 0x000074dd1f41d9b8] Compiler: c1, Barriers: 0, Oops: 0, ImmediateOops: 0, NonImmediateOops: No
[1,035s][debug][gc,nmethod  ] Register NMethod: java.lang.invoke.MemberName.anyFlagSet (0x000074dd1f41da08) [0x000074dd1f41db00, 0x000074dd1f41dc50] Compiler: c1, Barriers: 0, Oops: 0, ImmediateOops: 0, NonImmediateOops: No
[1,035s][debug][gc,nmethod  ] Register NMethod: jdk.internal.util.ReferencedKeyMap.lookupKey (0x000074dd1f41dd08) [0x000074dd1f41de00, 0x000074dd1f41e088] Compiler: c1, Barriers: 3, Oops: 0, ImmediateOops: 0, NonImmediateOops: No
[1,035s][debug][gc,nmethod  ] Register NMethod: jdk.internal.util.StrongReferenceKey.<init> (0x000074dd1f41e108) [0x000074dd1f41e200, 0x000074dd1f41e3d0] Compiler: c1, Barriers: 3, Oops: 0, ImmediateOops: 0, NonImmediateOops: No
[1,035s][debug][gc,nmethod  ] Register NMethod: jdk.internal.classfile.impl.AbstractPoolEntry.constantPool (0x000074dd3ebed308) [0x000074dd3ebed400, 0x000074dd3ebed4e8] Compiler: c1, Barriers: 1, Oops: 0, ImmediateOops: 0, NonImmediateOops: No
[1,035s][debug][gc,nmethod  ] Register NMethod: jdk.internal.util.StrongReferenceKey.hashCode (0x000074dd1f41e408) [0x000074dd1f41e500, 0x000074dd1f41ea10] Compiler: c1, Barriers: 1, Oops: 0, ImmediateOops: 0, NonImmediateOops: No
[1,035s][debug][gc,nmethod  ] Register NMethod: java.lang.invoke.MethodHandle.linkToInterface (0x000074dd3ebed608) [0x000074dd3ebed700, 0x000074dd3ebed830] Compiler: , Barriers: 0, Oops: 0, ImmediateOops: 0, NonImmediateOops: No
[1,036s][debug][gc,nmethod  ] Register NMethod: java.lang.Class.isArray (0x000074dd1f41ea88) [0x000074dd1f41eb80, 0x000074dd1f41ed00] Compiler: c1, Barriers: 1, Oops: 0, ImmediateOops: 0, NonImmediateOops: No
[1,036s][debug][gc,nmethod  ] Register NMethod: java.lang.String.checkBoundsBeginEnd (0x000074dd1f41ed88) [0x000074dd1f41ee80, 0x000074dd1f41f098] Compiler: c1, Barriers: 0, Oops: 1, ImmediateOops: 1, NonImmediateOops: No
[1,036s][debug][gc,nmethod  ] Register NMethod: jdk.internal.util.Preconditions.checkFromToIndex (0x000074dd1f41f108) [0x000074dd1f41f200, 0x000074dd1f41f3b8] Compiler: c1, Barriers: 0, Oops: 0, ImmediateOops: 0, NonImmediateOops: No
[1,036s][debug][gc,nmethod  ] Register NMethod: java.lang.StringCoding.countNonZeroAsciiLatin1 (0x000074dd1f41f408) [0x000074dd1f41f500, 0x000074dd1f41f708] Compiler: c1, Barriers: 0, Oops: 0, ImmediateOops: 0, NonImmediateOops: No
[1,036s][debug][gc,nmethod  ] Register NMethod: java.lang.invoke.MethodHandle.linkToStatic (0x000074dd3ebed908) [0x000074dd3ebeda00, 0x000074dd3ebedaf0] Compiler: , Barriers: 0, Oops: 0, ImmediateOops: 0, NonImmediateOops: No
[1,036s][debug][gc,nmethod  ] Register NMethod: jdk.internal.classfile.impl.AbstractPoolEntry.hashString (0x000074dd1f41f788) [0x000074dd1f41f880, 0x000074dd1f41f968] Compiler: c1, Barriers: 0, Oops: 0, ImmediateOops: 0, NonImmediateOops: No
[1,037s][debug][gc,nmethod  ] Register NMethod: java.lang.String.coder (0x000074dd3ebedc08) [0x000074dd3ebedd00, 0x000074dd3ebedd88] Compiler: jvmci, Barriers: 0, Oops: 0, ImmediateOops: 0, NonImmediateOops: No
[1,037s][debug][gc,nmethod  ] Register NMethod: jdk.internal.classfile.impl.BufWriterImpl.size (0x000074dd3ebedf08) [0x000074dd3ebee000, 0x000074dd3ebee0c0] Compiler: c1, Barriers: 0, Oops: 0, ImmediateOops: 0, NonImmediateOops: No
[1,037s][debug][gc,nmethod  ] Register NMethod: jdk.internal.classfile.impl.SplitConstantPool.entryByIndex (0x000074dd1f41fa88) [0x000074dd1f41fb80, 0x000074dd1f421c30] Compiler: c1, Barriers: 3, Oops: 2, ImmediateOops: 5, NonImmediateOops: No
[1,037s][debug][gc,nmethod  ] Register NMethod: java.lang.String.value (0x000074dd3ebee208) [0x000074dd3ebee300, 0x000074dd3ebee3e8] Compiler: c1, Barriers: 1, Oops: 0, ImmediateOops: 0, NonImmediateOops: No
[1,037s][debug][gc,nmethod  ] Register NMethod: java.lang.invoke.MethodType.form (0x000074dd3ebee508) [0x000074dd3ebee600, 0x000074dd3ebee6e8] Compiler: c1, Barriers: 1, Oops: 0, ImmediateOops: 0, NonImmediateOops: No
[1,037s][debug][gc,nmethod  ] Register NMethod: jdk.internal.classfile.impl.EntryMap.firstToken (0x000074dd1f421c88) [0x000074dd1f421d80, 0x000074dd1f422270] Compiler: c1, Barriers: 1, Oops: 0, ImmediateOops: 1, NonImmediateOops: No
[1,037s][debug][gc,nmethod  ] Register NMethod: java.lang.invoke.MethodHandle.linkToSpecial (0x000074dd3ebee808) [0x000074dd3ebee900, 0x000074dd3ebee9f8] Compiler: , Barriers: 0, Oops: 0, ImmediateOops: 0, NonImmediateOops: No
[1,037s][debug][gc,nmethod  ] Register NMethod: java.util.Objects.requireNonNull (0x000074dd1f422288) [0x000074dd1f422380, 0x000074dd1f422558] Compiler: c1, Barriers: 0, Oops: 0, ImmediateOops: 0, NonImmediateOops: No
[1,038s][debug][gc,nmethod  ] Register NMethod: jdk.internal.classfile.impl.AbstractPoolEntry.<init> (0x000074dd1f422588) [0x000074dd1f422680, 0x000074dd1f422858] Compiler: c1, Barriers: 3, Oops: 0, ImmediateOops: 0, NonImmediateOops: No
[1,038s][debug][gc,nmethod  ] Register NMethod: jdk.internal.constant.ClassOrInterfaceDescImpl.descriptorString (0x000074dd3ebeeb08) [0x000074dd3ebeec00, 0x000074dd3ebeece8] Compiler: c1, Barriers: 1, Oops: 0, ImmediateOops: 0, NonImmediateOops: No
[1,038s][debug][gc,nmethod  ] Register NMethod: jdk.internal.util.ReferencedKeyMap.getNoCheckStale (0x000074dd1f422888) [0x000074dd1f422980, 0x000074dd1f423000] Compiler: c1, Barriers: 4, Oops: 1, ImmediateOops: 1, NonImmediateOops: No
[1,038s][debug][gc,nmethod  ] Register NMethod: java.lang.invoke.MethodType.parameterCount (0x000074dd1f423088) [0x000074dd1f423180, 0x000074dd1f4232b8] Compiler: c1, Barriers: 1, Oops: 0, ImmediateOops: 0, NonImmediateOops: No
[1,038s][debug][gc,nmethod  ] Register NMethod: jdk.internal.util.ReferencedKeyMap.get (0x000074dd1f423388) [0x000074dd1f423480, 0x000074dd1f4242a8] Compiler: c1, Barriers: 6, Oops: 1, ImmediateOops: 1, NonImmediateOops: No
[1,038s][debug][gc,nmethod  ] Register NMethod: java.lang.StringConcatHelper.newArray (0x000074dd1f424308) [0x000074dd1f424400, 0x000074dd1f4249d8] Compiler: c1, Barriers: 0, Oops: 0, ImmediateOops: 3, NonImmediateOops: No
[1,038s][debug][gc,nmethod  ] Register NMethod: jdk.internal.misc.Unsafe.allocateUninitializedArray (0x000074dd1f424a08) [0x000074dd1f424b00, 0x000074dd1f4250c8] Compiler: c1, Barriers: 0, Oops: 0, ImmediateOops: 3, NonImmediateOops: No
[1,038s][debug][gc,nmethod  ] Register NMethod: jdk.internal.classfile.impl.SplitConstantPool.internalAdd (0x000074dd1f425108) [0x000074dd1f425200, 0x000074dd1f425558] Compiler: c1, Barriers: 0, Oops: 0, ImmediateOops: 0, NonImmediateOops: No
[1,038s][debug][gc,nmethod  ] Register NMethod: jdk.internal.misc.Unsafe.allocateUninitializedArray0 (0x000074dd1f425588) [0x000074dd1f425680, 0x000074dd1f425ea0] Compiler: c1, Barriers: 0, Oops: 0, ImmediateOops: 8, NonImmediateOops: No
[1,038s][debug][gc,nmethod  ] Register NMethod: jdk.internal.classfile.impl.SplitConstantPool.internalAdd (0x000074dd1f425f08) [0x000074dd1f426000, 0x000074dd1f426de8] Compiler: c1, Barriers: 8, Oops: 0, ImmediateOops: 1, NonImmediateOops: No
[1,038s][debug][gc,nmethod  ] Register NMethod: java.util.HashMap.hash (0x000074dd1f426e08) [0x000074dd1f426f00, 0x000074dd1f427238] Compiler: c1, Barriers: 0, Oops: 0, ImmediateOops: 0, NonImmediateOops: No
[1,038s][debug][gc,nmethod  ] Register NMethod: jdk.internal.classfile.impl.EntryMap.put (0x000074dd1f427288) [0x000074dd1f427380, 0x000074dd1f427a50] Compiler: c1, Barriers: 1, Oops: 0, ImmediateOops: 1, NonImmediateOops: No
[1,038s][debug][gc,nmethod  ] Register NMethod: java.util.stream.FindOps$FindSink.cancellationRequested (0x000074dd3ebeee08) [0x000074dd3ebeef00, 0x000074dd3ebeefc0] Compiler: c1, Barriers: 0, Oops: 0, ImmediateOops: 0, NonImmediateOops: No
[1,038s][debug][gc,nmethod  ] Register NMethod: java.util.stream.Sink$ChainedReference.cancellationRequested (0x000074dd1f427a88) [0x000074dd1f427b80, 0x000074dd1f427ec8] Compiler: c1, Barriers: 1, Oops: 0, ImmediateOops: 0, NonImmediateOops: No
[1,038s][debug][gc,nmethod  ] Register NMethod: java.util.stream.ReferencePipeline$2$1.accept (0x000074dd1f427f08) [0x000074dd1f428000, 0x000074dd1f4285c0] Compiler: c1, Barriers: 2, Oops: 0, ImmediateOops: 0, NonImmediateOops: No
[1,039s][debug][gc,nmethod  ] Register NMethod: java.lang.module.ModuleDescriptor$Exports.isQualified (0x000074dd1f428608) [0x000074dd1f428700, 0x000074dd1f428a90] Compiler: c1, Barriers: 1, Oops: 0, ImmediateOops: 0, NonImmediateOops: No
[1,039s][debug][gc,nmethod  ] Register NMethod: jdk.internal.module.DefaultRoots.lambda$exportsAPI$0 (0x000074dd1f428b08) [0x000074dd1f428c00, 0x000074dd1f4291d8] Compiler: c1, Barriers: 1, Oops: 0, ImmediateOops: 0, NonImmediateOops: No
[1,039s][debug][gc,nmethod  ] Register NMethod: jdk.internal.module.DefaultRoots$$Lambda/0x0000000069057da8.test (0x000074dd1f429208) [0x000074dd1f429300, 0x000074dd1f429b58] Compiler: c1, Barriers: 1, Oops: 0, ImmediateOops: 0, NonImmediateOops: No
[1,039s][debug][gc,director ] Rule Major: Warmup 10%, Used: 12MB, UsedThreshold: 1228MB
[1,039s][debug][gc,nmethod  ] Register NMethod: java.util.Spliterators$IteratorSpliterator.tryAdvance (0x000074dd1f429b88) [0x000074dd1f429c80, 0x000074dd1f42aab0] Compiler: c1, Barriers: 8, Oops: 0, ImmediateOops: 0, NonImmediateOops: No
[1,039s][debug][gc,nmethod  ] Register NMethod: java.util.ImmutableCollections$SetN.isEmpty (0x000074dd1f42ab08) [0x000074dd1f42ac00, 0x000074dd1f42ad50] Compiler: c1, Barriers: 0, Oops: 0, ImmediateOops: 0, NonImmediateOops: No
[1,039s][debug][gc,nmethod  ] Register NMethod: java.util.HashMap.afterNodeInsertion (0x000074dd1f42ae08) [0x000074dd1f42af00, 0x000074dd1f42b000] Compiler: c1, Barriers: 0, Oops: 0, ImmediateOops: 0, NonImmediateOops: No
[1,039s][debug][gc,nmethod  ] Register NMethod: java.util.HashMap$Node.<init> (0x000074dd1f42b108) [0x000074dd1f42b200, 0x000074dd1f42b4c0] Compiler: c1, Barriers: 9, Oops: 0, ImmediateOops: 0, NonImmediateOops: No
[1,039s][debug][gc,nmethod  ] Register NMethod: java.util.HashMap.newNode (0x000074dd1f42b508) [0x000074dd1f42b600, 0x000074dd1f42b980] Compiler: c1, Barriers: 9, Oops: 0, ImmediateOops: 0, NonImmediateOops: No
[1,039s][debug][gc,nmethod  ] Register NMethod: java.util.HashMap.put (0x000074dd1f42b988) [0x000074dd1f42ba80, 0x000074dd1f42c068] Compiler: c1, Barriers: 0, Oops: 0, ImmediateOops: 0, NonImmediateOops: No
[1,039s][debug][gc,nmethod  ] Register NMethod: java.util.ImmutableCollections$MapN.get (0x000074dd1f42c088) [0x000074dd1f42c180, 0x000074dd1f42c558] Compiler: c1, Barriers: 2, Oops: 0, ImmediateOops: 0, NonImmediateOops: No
[1,039s][debug][gc,nmethod  ] Register NMethod: java.util.Optional.<init> (0x000074dd1f42c588) [0x000074dd1f42c680, 0x000074dd1f42c850] Compiler: c1, Barriers: 3, Oops: 0, ImmediateOops: 0, NonImmediateOops: No
[1,039s][debug][gc,nmethod  ] Register NMethod: java.util.ImmutableCollections$Set12$1.hasNext (0x000074dd1f42c888) [0x000074dd1f42c980, 0x000074dd1f42cad0] Compiler: c1, Barriers: 0, Oops: 0, ImmediateOops: 0, NonImmediateOops: No
[1,039s][debug][gc,nmethod  ] Register NMethod: jdk.internal.module.ModuleReferenceImpl.moduleResolution (0x000074dd3ebef108) [0x000074dd3ebef200, 0x000074dd3ebef2e8] Compiler: c1, Barriers: 1, Oops: 0, ImmediateOops: 0, NonImmediateOops: No
[1,039s][debug][gc,nmethod  ] Register NMethod: java.util.ImmutableCollections$MapN.probe (0x000074dd1f42cb88) [0x000074dd1f42cc80, 0x000074dd1f42d4b0] Compiler: c1, Barriers: 4, Oops: 0, ImmediateOops: 0, NonImmediateOops: No
[1,039s][debug][gc,nmethod  ] Register NMethod: java.util.HashMap.putVal (0x000074dd1f42d508) [0x000074dd1f42d600, 0x000074dd1f42f2f0] Compiler: c1, Barriers: 15, Oops: 0, ImmediateOops: 0, NonImmediateOops: No
[1,039s][debug][gc,nmethod  ] Register NMethod: java.util.HashMap.getNode (0x000074dd1f42f308) [0x000074dd1f42f400, 0x000074dd1f430710] Compiler: c1, Barriers: 6, Oops: 0, ImmediateOops: 0, NonImmediateOops: No
[1,040s][debug][gc,nmethod  ] Register NMethod: java.util.HashSet.add (0x000074dd1f430788) [0x000074dd1f430880, 0x000074dd1f430a60] Compiler: c1, Barriers: 1, Oops: 0, ImmediateOops: 1, NonImmediateOops: No
[1,040s][debug][gc,nmethod  ] Register NMethod: java.util.HashMap$HashIterator.hasNext (0x000074dd1f430a88) [0x000074dd1f430b80, 0x000074dd1f430d00] Compiler: c1, Barriers: 1, Oops: 0, ImmediateOops: 0, NonImmediateOops: No
[1,040s][debug][gc,nmethod  ] Register NMethod: java.util.HashMap.get (0x000074dd1f430d88) [0x000074dd1f430e80, 0x000074dd1f431218] Compiler: c1, Barriers: 1, Oops: 0, ImmediateOops: 0, NonImmediateOops: No
[1,040s][debug][gc,nmethod  ] Register NMethod: java.lang.module.ModuleDescriptor$Requires.modifiers (0x000074dd3ebef408) [0x000074dd3ebef500, 0x000074dd3ebef5e8] Compiler: c1, Barriers: 1, Oops: 0, ImmediateOops: 0, NonImmediateOops: No
[1,040s][debug][gc,nmethod  ] Register NMethod: java.util.HashMap$HashIterator.nextNode (0x000074dd1f431288) [0x000074dd1f431380, 0x000074dd1f431998] Compiler: c1, Barriers: 14, Oops: 0, ImmediateOops: 0, NonImmediateOops: No
[1,040s][debug][gc,nmethod  ] Register NMethod: java.util.Optional.ofNullable (0x000074dd1f431a08) [0x000074dd1f431b00, 0x000074dd1f431db8] Compiler: c1, Barriers: 3, Oops: 0, ImmediateOops: 1, NonImmediateOops: No
[1,040s][debug][gc,nmethod  ] Register NMethod: java.lang.module.ModuleDescriptor$Requires.name (0x000074dd3ebef708) [0x000074dd3ebef800, 0x000074dd3ebef8e8] Compiler: c1, Barriers: 1, Oops: 0, ImmediateOops: 0, NonImmediateOops: No
[1,040s][debug][gc,nmethod  ] Register NMethod: java.lang.module.Resolver.isTracing (0x000074dd1f431e08) [0x000074dd1f431f00, 0x000074dd1f432080] Compiler: c1, Barriers: 1, Oops: 0, ImmediateOops: 0, NonImmediateOops: No
[1,040s][debug][gc,nmethod  ] Register NMethod: jdk.internal.module.SystemModuleFinders$SystemModuleFinder.find (0x000074dd1f432108) [0x000074dd1f432200, 0x000074dd1f432ad0] Compiler: c1, Barriers: 4, Oops: 0, ImmediateOops: 1, NonImmediateOops: No
[1,040s][debug][gc,nmethod  ] Register NMethod: java.util.HashMap.containsKey (0x000074dd1f432b08) [0x000074dd1f432c00, 0x000074dd1f432f40] Compiler: c1, Barriers: 0, Oops: 0, ImmediateOops: 0, NonImmediateOops: No
[1,040s][debug][gc,nmethod  ] Register NMethod: java.util.HashMap.get (0x000074dd1f432f88) [0x000074dd1f433080, 0x000074dd1f433418] Compiler: c1, Barriers: 1, Oops: 0, ImmediateOops: 0, NonImmediateOops: No
[1,040s][debug][gc,nmethod  ] Register NMethod: java.util.HashSet.add (0x000074dd1f433488) [0x000074dd1f433580, 0x000074dd1f433910] Compiler: c1, Barriers: 1, Oops: 0, ImmediateOops: 1, NonImmediateOops: No
[1,040s][debug][gc,nmethod  ] Register NMethod: java.util.HashMap.put (0x000074dd1f433988) [0x000074dd1f433a80, 0x000074dd1f434068] Compiler: c1, Barriers: 0, Oops: 0, ImmediateOops: 0, NonImmediateOops: No
[1,040s][debug][gc,nmethod  ] Register NMethod: java.util.ImmutableCollections$Set12$1.next (0x000074dd1f434088) [0x000074dd1f434180, 0x000074dd1f4344b0] Compiler: c1, Barriers: 4, Oops: 0, ImmediateOops: 0, NonImmediateOops: No
[1,040s][debug][gc,nmethod  ] Register NMethod: java.lang.module.ModuleDescriptor.hashCode (0x000074dd1f434508) [0x000074dd1f434600, 0x000074dd1f435e78] Compiler: c1, Barriers: 12, Oops: 0, ImmediateOops: 0, NonImmediateOops: No
[1,040s][debug][gc,nmethod  ] Register NMethod: java.lang.module.ModuleDescriptor.requires (0x000074dd3ebefa08) [0x000074dd3ebefb00, 0x000074dd3ebefbe8] Compiler: c1, Barriers: 1, Oops: 0, ImmediateOops: 0, NonImmediateOops: No
[1,040s][debug][gc,nmethod  ] Register NMethod: java.util.HashMap$KeyIterator.next (0x000074dd1f435e88) [0x000074dd1f435f80, 0x000074dd1f4362b0] Compiler: c1, Barriers: 1, Oops: 0, ImmediateOops: 0, NonImmediateOops: No
[1,041s][debug][gc,nmethod  ] Register NMethod: java.util.ImmutableCollections$SetN.contains (0x000074dd1f436308) [0x000074dd1f436400, 0x000074dd1f436700] Compiler: c1, Barriers: 0, Oops: 0, ImmediateOops: 0, NonImmediateOops: No
[1,041s][debug][gc,nmethod  ] Register NMethod: java.util.ImmutableCollections$Set12.iterator (0x000074dd1f436708) [0x000074dd1f436800, 0x000074dd1f4369a0] Compiler: c1, Barriers: 0, Oops: 0, ImmediateOops: 0, NonImmediateOops: No
[1,041s][debug][gc,nmethod  ] Register NMethod: jdk.internal.module.ModuleReferenceImpl.hashCode (0x000074dd1f436a08) [0x000074dd1f436b00, 0x000074dd1f437488] Compiler: c1, Barriers: 3, Oops: 0, ImmediateOops: 0, NonImmediateOops: No
[1,041s][debug][gc,nmethod  ] Register NMethod: java.lang.module.ResolvedModule.hashCode (0x000074dd1f437508) [0x000074dd1f437600, 0x000074dd1f4379d0] Compiler: c1, Barriers: 2, Oops: 0, ImmediateOops: 0, NonImmediateOops: No
[1,041s][debug][gc,nmethod  ] Register NMethod: java.util.HashMap.putVal (0x000074dd1f437a08) [0x000074dd1f437b00, 0x000074dd1f439e90] Compiler: c1, Barriers: 15, Oops: 0, ImmediateOops: 0, NonImmediateOops: No
[1,041s][debug][gc,nmethod  ] Register NMethod: java.lang.Object.equals (0x000074dd1f439f08) [0x000074dd1f43a000, 0x000074dd1f43a150] Compiler: c1, Barriers: 0, Oops: 0, ImmediateOops: 0, NonImmediateOops: No
[1,041s][debug][gc,nmethod  ] Register NMethod: java.util.AbstractSet.<init> (0x000074dd1f43a208) [0x000074dd1f43a300, 0x000074dd1f43a4b8] Compiler: c1, Barriers: 0, Oops: 0, ImmediateOops: 0, NonImmediateOops: No
[1,041s][debug][gc,nmethod  ] Register NMethod: java.util.AbstractMap.<init> (0x000074dd1f43a508) [0x000074dd1f43a600, 0x000074dd1f43a758] Compiler: c1, Barriers: 0, Oops: 0, ImmediateOops: 0, NonImmediateOops: No
[1,041s][debug][gc,nmethod  ] Register NMethod: java.util.HashMap$ValueIterator.next (0x000074dd1f43a808) [0x000074dd1f43a900, 0x000074dd1f43ac30] Compiler: c1, Barriers: 1, Oops: 0, ImmediateOops: 0, NonImmediateOops: No
[1,041s][debug][gc,nmethod  ] Register NMethod: java.lang.module.ModuleDescriptor.isAutomatic (0x000074dd3ebefd08) [0x000074dd3ebefe00, 0x000074dd3ebefec0] Compiler: c1, Barriers: 0, Oops: 0, ImmediateOops: 0, NonImmediateOops: No
[1,041s][debug][gc,nmethod  ] Register NMethod: java.util.ImmutableCollections$Set12$1.<init> (0x000074dd1f43ac88) [0x000074dd1f43ad80, 0x000074dd1f43b130] Compiler: c1, Barriers: 4, Oops: 0, ImmediateOops: 1, NonImmediateOops: No
[1,041s][debug][gc,nmethod  ] Register NMethod: java.util.HashMap$Node.getKey (0x000074dd3ebf0008) [0x000074dd3ebf0100, 0x000074dd3ebf01e8] Compiler: c1, Barriers: 1, Oops: 0, ImmediateOops: 0, NonImmediateOops: No
[1,041s][debug][gc,nmethod  ] Register NMethod: java.util.HashMap$Node.getValue (0x000074dd3ebf0308) [0x000074dd3ebf0400, 0x000074dd3ebf04e8] Compiler: c1, Barriers: 1, Oops: 0, ImmediateOops: 0, NonImmediateOops: No
[1,041s][debug][gc,nmethod  ] Register NMethod: java.util.HashSet.contains (0x000074dd1f43b188) [0x000074dd1f43b280, 0x000074dd1f43b818] Compiler: c1, Barriers: 1, Oops: 0, ImmediateOops: 0, NonImmediateOops: No
[1,041s][debug][gc,nmethod  ] Register NMethod: java.util.HashMap$HashIterator.<init> (0x000074dd1f43b888) [0x000074dd1f43b980, 0x000074dd1f43bfd0] Compiler: c1, Barriers: 14, Oops: 0, ImmediateOops: 0, NonImmediateOops: No
[1,041s][debug][gc,nmethod  ] Register NMethod: java.util.HashMap.keySet (0x000074dd1f43c008) [0x000074dd1f43c100, 0x000074dd1f43c588] Compiler: c1, Barriers: 7, Oops: 0, ImmediateOops: 0, NonImmediateOops: No
[1,041s][debug][gc,nmethod  ] Register NMethod: java.util.HashMap$KeyIterator.<init> (0x000074dd1f43c608) [0x000074dd1f43c700, 0x000074dd1f43c980] Compiler: c1, Barriers: 0, Oops: 0, ImmediateOops: 0, NonImmediateOops: No
[1,041s][debug][gc,nmethod  ] Register NMethod: java.util.HashSet.iterator (0x000074dd1f43c988) [0x000074dd1f43ca80, 0x000074dd1f43cfc8] Compiler: c1, Barriers: 1, Oops: 0, ImmediateOops: 0, NonImmediateOops: No
[1,041s][debug][gc,nmethod  ] Register NMethod: java.util.HashMap$KeySet.iterator (0x000074dd1f43d008) [0x000074dd1f43d100, 0x000074dd1f43d480] Compiler: c1, Barriers: 1, Oops: 0, ImmediateOops: 0, NonImmediateOops: No
[1,041s][debug][gc,nmethod  ] Register NMethod: java.util.ImmutableCollections$Set12.isEmpty (0x000074dd3ebf0608) [0x000074dd3ebf0700, 0x000074dd3ebf07c0] Compiler: c1, Barriers: 0, Oops: 0, ImmediateOops: 0, NonImmediateOops: No
[1,041s][debug][gc,nmethod  ] Register NMethod: java.util.Objects.requireNonNull (0x000074dd3ebf0908) [0x000074dd3ebf0a00, 0x000074dd3ebf0a98] Compiler: jvmci, Barriers: 0, Oops: 0, ImmediateOops: 0, NonImmediateOops: No
[1,041s][debug][gc,nmethod  ] Register NMethod: java.lang.module.ModuleDescriptor$Exports.source (0x000074dd3ebf0c08) [0x000074dd3ebf0d00, 0x000074dd3ebf0de8] Compiler: c1, Barriers: 1, Oops: 0, ImmediateOops: 0, NonImmediateOops: No
[1,041s][debug][gc,nmethod  ] Register NMethod: java.util.ImmutableCollections$Set12.contains (0x000074dd1f43d488) [0x000074dd1f43d580, 0x000074dd1f43db88] Compiler: c1, Barriers: 2, Oops: 0, ImmediateOops: 0, NonImmediateOops: No
[1,041s][debug][gc,nmethod  ] Register NMethod: java.lang.module.ModuleDescriptor$Exports.targets (0x000074dd3ebf0f08) [0x000074dd3ebf1000, 0x000074dd3ebf10e8] Compiler: c1, Barriers: 1, Oops: 0, ImmediateOops: 0, NonImmediateOops: No
[1,041s][debug][gc,nmethod  ] Register NMethod: java.util.HashMap.putIfAbsent (0x000074dd1f43dc08) [0x000074dd1f43dd00, 0x000074dd1f43e2e8] Compiler: c1, Barriers: 0, Oops: 0, ImmediateOops: 0, NonImmediateOops: No
[1,042s][debug][gc,nmethod  ] Register NMethod: java.util.HashMap.<init> (0x000074dd1f43e308) [0x000074dd1f43e400, 0x000074dd1f43e5c0] Compiler: c1, Barriers: 0, Oops: 0, ImmediateOops: 0, NonImmediateOops: No
[1,042s][debug][gc,nmethod  ] Register NMethod: java.util.HashMap.resize (0x000074dd1f43e608) [0x000074dd1f43e720, 0x000074dd1f440400] Compiler: c1, Barriers: 31, Oops: 0, ImmediateOops: 0, NonImmediateOops: No
[1,042s][debug][gc,nmethod  ] Register NMethod: java.lang.module.ModuleDescriptor.provides (0x000074dd3ebf1208) [0x000074dd3ebf1300, 0x000074dd3ebf13e8] Compiler: c1, Barriers: 1, Oops: 0, ImmediateOops: 0, NonImmediateOops: No
[1,042s][debug][gc,nmethod  ] Register NMethod: java.util.Arrays.copyOfRange (0x000074dd1f440408) [0x000074dd1f440500, 0x000074dd1f4417d0] Compiler: c1, Barriers: 0, Oops: 1, ImmediateOops: 2, NonImmediateOops: No
[1,042s][debug][gc,nmethod  ] Register NMethod: java.util.HashMap.afterNodeInsertion (0x000074dd3ebf1508) [0x000074dd3ebf1600, 0x000074dd3ebf1680] Compiler: jvmci, Barriers: 0, Oops: 0, ImmediateOops: 0, NonImmediateOops: No
[1,042s][debug][gc,nmethod  ] Register NMethod: java.lang.module.ModuleDescriptor.exports (0x000074dd3ebf1808) [0x000074dd3ebf1900, 0x000074dd3ebf19e8] Compiler: c1, Barriers: 1, Oops: 0, ImmediateOops: 0, NonImmediateOops: No
[1,042s][debug][gc,nmethod  ] Register NMethod: java.lang.module.ModuleDescriptor$Provides.service (0x000074dd3ebf1b08) [0x000074dd3ebf1c00, 0x000074dd3ebf1ce8] Compiler: c1, Barriers: 1, Oops: 0, ImmediateOops: 0, NonImmediateOops: No
[1,042s][debug][gc,nmethod  ] Register NMethod: java.lang.module.ModuleDescriptor.uses (0x000074dd3ebf1e08) [0x000074dd3ebf1f00, 0x000074dd3ebf1fe8] Compiler: c1, Barriers: 1, Oops: 0, ImmediateOops: 0, NonImmediateOops: No
[1,042s][debug][gc,nmethod  ] Register NMethod: java.lang.StringLatin1.newString (0x000074dd1f441808) [0x000074dd1f441900, 0x000074dd1f441c20] Compiler: c1, Barriers: 3, Oops: 0, ImmediateOops: 1, NonImmediateOops: No
[1,042s][debug][gc,nmethod  ] Register NMethod: java.util.ImmutableCollections$SetN$SetNIterator.hasNext (0x000074dd3ebf2108) [0x000074dd3ebf2200, 0x000074dd3ebf2290] Compiler: jvmci, Barriers: 0, Oops: 0, ImmediateOops: 0, NonImmediateOops: No
[1,042s][debug][gc,nmethod  ] Register NMethod: java.lang.String.substring (0x000074dd1f441c88) [0x000074dd1f441d80, 0x000074dd1f4428a0] Compiler: c1, Barriers: 1, Oops: 1, ImmediateOops: 1, NonImmediateOops: No
[1,042s][debug][gc,nmethod  ] Register NMethod: java.lang.module.ResolvedModule.descriptor (0x000074dd1f442908) [0x000074dd1f442a00, 0x000074dd1f442d40] Compiler: c1, Barriers: 2, Oops: 0, ImmediateOops: 0, NonImmediateOops: No
[1,043s][debug][gc,nmethod  ] Register NMethod: java.util.HashMap$EntryIterator.next (0x000074dd1f442d88) [0x000074dd1f442e80, 0x000074dd1f443178] Compiler: c1, Barriers: 0, Oops: 0, ImmediateOops: 0, NonImmediateOops: No
[1,043s][debug][gc,nmethod  ] Register NMethod: java.util.HashMap$EntryIterator.next (0x000074dd1f443188) [0x000074dd1f443280, 0x000074dd1f443790] Compiler: c1, Barriers: 0, Oops: 0, ImmediateOops: 0, NonImmediateOops: No
[1,043s][debug][gc,nmethod  ] Register NMethod: java.util.HashSet.<init> (0x000074dd1f443808) [0x000074dd1f443900, 0x000074dd1f443d08] Compiler: c1, Barriers: 3, Oops: 0, ImmediateOops: 0, NonImmediateOops: No
[1,043s][debug][gc,nmethod  ] Register NMethod: java.lang.StringLatin1.lastIndexOf (0x000074dd1f443d88) [0x000074dd1f443e80, 0x000074dd1f4442a0] Compiler: c1, Barriers: 0, Oops: 0, ImmediateOops: 0, NonImmediateOops: No
[1,043s][debug][gc,nmethod  ] Register NMethod: java.util.KeyValueHolder.getKey (0x000074dd3ebf2408) [0x000074dd3ebf2500, 0x000074dd3ebf25e8] Compiler: c1, Barriers: 1, Oops: 0, ImmediateOops: 0, NonImmediateOops: No
[1,043s][debug][gc,nmethod  ] Register NMethod: java.util.KeyValueHolder.getValue (0x000074dd3ebf2708) [0x000074dd3ebf2800, 0x000074dd3ebf28e8] Compiler: c1, Barriers: 1, Oops: 0, ImmediateOops: 0, NonImmediateOops: No
[1,044s][debug][gc,nmethod  ] Register NMethod: java.util.ImmutableCollections$SetN$SetNIterator.next (0x000074dd3ebf2a08) [0x000074dd3ebf2b00, 0x000074dd3ebf2d10] Compiler: jvmci, Barriers: 3, Oops: 0, ImmediateOops: 0, NonImmediateOops: No
[1,044s][debug][gc,nmethod  ] Register NMethod: java.lang.module.ModuleDescriptor.packages (0x000074dd3ebf2d88) [0x000074dd3ebf2e80, 0x000074dd3ebf2f68] Compiler: c1, Barriers: 1, Oops: 0, ImmediateOops: 0, NonImmediateOops: No
[1,044s][debug][gc,nmethod  ] Register NMethod: java.util.concurrent.ConcurrentHashMap.casTabAt (0x000074dd1f444308) [0x000074dd1f444400, 0x000074dd1f444570] Compiler: c1, Barriers: 5, Oops: 0, ImmediateOops: 0, NonImmediateOops: No
[1,044s][debug][gc,nmethod  ] Register NMethod: java.util.Optional.orElse (0x000074dd1f444608) [0x000074dd1f444700, 0x000074dd1f444898] Compiler: c1, Barriers: 1, Oops: 0, ImmediateOops: 0, NonImmediateOops: No
[1,044s][debug][gc,nmethod  ] Register NMethod: java.lang.module.ResolvedModule.reference (0x000074dd3ebf3088) [0x000074dd3ebf3180, 0x000074dd3ebf3268] Compiler: c1, Barriers: 1, Oops: 0, ImmediateOops: 0, NonImmediateOops: No
[1,044s][debug][gc,nmethod  ] Register NMethod: java.lang.module.ResolvedModule.name (0x000074dd1f444908) [0x000074dd1f444a00, 0x000074dd1f444f48] Compiler: c1, Barriers: 3, Oops: 0, ImmediateOops: 0, NonImmediateOops: No
[1,044s][debug][gc,nmethod  ] Register NMethod: java.lang.AbstractStringBuilder.length (0x000074dd3ebf3388) [0x000074dd3ebf3480, 0x000074dd3ebf3540] Compiler: c1, Barriers: 0, Oops: 0, ImmediateOops: 0, NonImmediateOops: No
[1,044s][debug][gc,nmethod  ] Register NMethod: java.lang.module.ModuleDescriptor$Version.toString (0x000074dd3ebf3688) [0x000074dd3ebf3780, 0x000074dd3ebf3868] Compiler: c1, Barriers: 1, Oops: 0, ImmediateOops: 0, NonImmediateOops: No
[1,045s][debug][gc,nmethod  ] Register NMethod: java.lang.AbstractStringBuilder.needsNewBuffer (0x000074dd1f444f88) [0x000074dd1f445080, 0x000074dd1f445220] Compiler: c1, Barriers: 0, Oops: 0, ImmediateOops: 0, NonImmediateOops: No
[1,045s][debug][gc,nmethod  ] Register NMethod: java.lang.Module.addExports0 (0x000074dd3ebf3988) [0x000074dd3ebf3a80, 0x000074dd3ebf3c00] Compiler: , Barriers: 0, Oops: 0, ImmediateOops: 1, NonImmediateOops: No
[1,045s][debug][gc,nmethod  ] Register NMethod: java.util.ImmutableCollections$ListItr.hasNext (0x000074dd1f445288) [0x000074dd1f445380, 0x000074dd1f4454d0] Compiler: c1, Barriers: 0, Oops: 0, ImmediateOops: 0, NonImmediateOops: No
[1,045s][debug][gc,nmethod  ] Register NMethod: java.util.ImmutableCollections$List12.size (0x000074dd1f445588) [0x000074dd1f445680, 0x000074dd1f445828] Compiler: c1, Barriers: 1, Oops: 0, ImmediateOops: 1, NonImmediateOops: No
[1,045s][debug][gc,nmethod  ] Register NMethod: java.util.ImmutableCollections$List12.get (0x000074dd1f445888) [0x000074dd1f445980, 0x000074dd1f445d98] Compiler: c1, Barriers: 2, Oops: 0, ImmediateOops: 1, NonImmediateOops: No
[1,045s][debug][gc,nmethod  ] Register NMethod: java.util.ImmutableCollections$ListItr.next (0x000074dd1f445e08) [0x000074dd1f445f00, 0x000074dd1f4462f0] Compiler: c1, Barriers: 1, Oops: 0, ImmediateOops: 0, NonImmediateOops: No
[1,045s][debug][gc,nmethod  ] Register NMethod: java.util.ImmutableCollections$AbstractImmutableList.iterator (0x000074dd1f446308) [0x000074dd1f446400, 0x000074dd1f4468b0] Compiler: c1, Barriers: 3, Oops: 0, ImmediateOops: 0, NonImmediateOops: No
[1,045s][debug][gc,nmethod  ] Register NMethod: java.lang.Module.addExportsToAll0 (0x000074dd3ebf3c88) [0x000074dd3ebf3d80, 0x000074dd3ebf3ef0] Compiler: , Barriers: 0, Oops: 0, ImmediateOops: 1, NonImmediateOops: No
[1,045s][debug][gc,nmethod  ] Register NMethod: java.util.Optional.empty (0x000074dd1f446908) [0x000074dd1f446a00, 0x000074dd1f446ae8] Compiler: c1, Barriers: 0, Oops: 0, ImmediateOops: 1, NonImmediateOops: No
[1,045s][debug][gc,nmethod  ] Register NMethod: java.util.HashMap.isEmpty (0x000074dd1f446c08) [0x000074dd1f446d00, 0x000074dd1f446e50] Compiler: c1, Barriers: 0, Oops: 0, ImmediateOops: 0, NonImmediateOops: No
[1,045s][debug][gc,nmethod  ] Register NMethod: java.lang.Module.findModule (0x000074dd1f446f08) [0x000074dd1f447000, 0x000074dd1f448928] Compiler: c1, Barriers: 1, Oops: 0, ImmediateOops: 0, NonImmediateOops: No
[1,045s][debug][gc,nmethod  ] Register NMethod: java.util.ImmutableCollections$ListItr.<init> (0x000074dd1f448988) [0x000074dd1f448a80, 0x000074dd1f448c60] Compiler: c1, Barriers: 3, Oops: 0, ImmediateOops: 0, NonImmediateOops: No
[1,046s][debug][gc,nmethod  ] Register NMethod: java.util.HashSet.isEmpty (0x000074dd1f448c88) [0x000074dd1f448d80, 0x000074dd1f449128] Compiler: c1, Barriers: 1, Oops: 0, ImmediateOops: 0, NonImmediateOops: No
[1,046s][debug][gc,nmethod  ] Register NMethod: java.lang.ModuleLayer.findModule (0x000074dd1f449188) [0x000074dd1f449280, 0x000074dd1f44ad18] Compiler: c1, Barriers: 4, Oops: 0, ImmediateOops: 3, NonImmediateOops: No
[1,046s][debug][gc,nmethod  ] Register NMethod: java.lang.Double.doubleToRawLongBits (0x000074dd3ebf3f88) [0x000074dd3ebf4080, 0x000074dd3ebf41d8] Compiler: , Barriers: 0, Oops: 0, ImmediateOops: 1, NonImmediateOops: No
[1,046s][debug][gc,nmethod  ] Register NMethod: java.lang.Module.addReads0 (0x000074dd3ebf4288) [0x000074dd3ebf4380, 0x000074dd3ebf44f0] Compiler: , Barriers: 0, Oops: 0, ImmediateOops: 1, NonImmediateOops: No
[1,046s][debug][gc,nmethod  ] Register NMethod: java.lang.module.ResolvedModule.configuration (0x000074dd3ebf4588) [0x000074dd3ebf4680, 0x000074dd3ebf4768] Compiler: c1, Barriers: 1, Oops: 0, ImmediateOops: 0, NonImmediateOops: No
[1,046s][debug][gc,nmethod  ] Register NMethod: java.lang.Math.max (0x000074dd1f44ad88) [0x000074dd1f44ae80, 0x000074dd1f44afa8] Compiler: c1, Barriers: 0, Oops: 0, ImmediateOops: 0, NonImmediateOops: No
[1,046s][debug][gc,nmethod  ] Register NMethod: java.lang.module.ModuleDescriptor.isOpen (0x000074dd3ebf4888) [0x000074dd3ebf4980, 0x000074dd3ebf4a40] Compiler: c1, Barriers: 0, Oops: 0, ImmediateOops: 0, NonImmediateOops: No
[1,046s][debug][gc,nmethod  ] Register NMethod: java.util.HashMap.size (0x000074dd3ebf4b88) [0x000074dd3ebf4c80, 0x000074dd3ebf4d40] Compiler: c1, Barriers: 0, Oops: 0, ImmediateOops: 0, NonImmediateOops: No
[1,046s][debug][gc,nmethod  ] Register NMethod: jdk.internal.module.ServicesCatalog$ServiceProvider.<init> (0x000074dd1f44b088) [0x000074dd1f44b180, 0x000074dd1f44b3c8] Compiler: c1, Barriers: 6, Oops: 0, ImmediateOops: 0, NonImmediateOops: No
[1,047s][debug][gc,nmethod  ] Register NMethod: jdk.internal.classfile.impl.AbstractPoolEntry.maybeClone (0x000074dd1f44b408) [0x000074dd1f44b500, 0x000074dd1f44be68] Compiler: c1, Barriers: 0, Oops: 0, ImmediateOops: 0, NonImmediateOops: No
[1,047s][debug][gc,nmethod  ] Register NMethod: jdk.internal.classfile.impl.RawBytecodeHelper.endBci (0x000074dd1f44be88) [0x000074dd1f44bf80, 0x000074dd1f44c0b8] Compiler: c1, Barriers: 1, Oops: 0, ImmediateOops: 0, NonImmediateOops: No
[1,047s][debug][gc,nmethod  ] Register NMethod: jdk.internal.classfile.impl.SplitConstantPool.canWriteDirect (0x000074dd1f44c188) [0x000074dd1f44c280, 0x000074dd1f44c578] Compiler: c1, Barriers: 1, Oops: 0, ImmediateOops: 0, NonImmediateOops: No
[1,047s][debug][gc,nmethod  ] Register NMethod: java.lang.invoke.MethodType.ptypes (0x000074dd3ebf4e88) [0x000074dd3ebf4f80, 0x000074dd3ebf5068] Compiler: c1, Barriers: 1, Oops: 0, ImmediateOops: 0, NonImmediateOops: No
[1,047s][debug][gc,nmethod  ] Register NMethod: jdk.internal.classfile.impl.RawBytecodeHelper.next (0x000074dd1f44c588) [0x000074dd1f44c680, 0x000074dd1f44cdf8] Compiler: c1, Barriers: 2, Oops: 0, ImmediateOops: 1, NonImmediateOops: No
[1,047s][debug][gc,nmethod  ] Register NMethod: java.lang.StringLatin1.indexOf (0x000074dd1f44ce08) [0x000074dd1f44cf00, 0x000074dd1f44d258] Compiler: c1, Barriers: 0, Oops: 0, ImmediateOops: 0, NonImmediateOops: No
[1,047s][debug][gc,nmethod  ] Register NMethod: java.lang.invoke.MethodTypeForm.canonicalize (0x000074dd1f44d288) [0x000074dd1f44d380, 0x000074dd1f44dfd8] Compiler: c1, Barriers: 1, Oops: 0, ImmediateOops: 2, NonImmediateOops: No
[1,047s][debug][gc,nmethod  ] Register NMethod: java.lang.Class.isInstance (0x000074dd3ebf5188) [0x000074dd3ebf5280, 0x000074dd3ebf53f0] Compiler: , Barriers: 0, Oops: 0, ImmediateOops: 0, NonImmediateOops: No
[1,047s][debug][gc,nmethod  ] Register NMethod: jdk.internal.classfile.impl.RawBytecodeHelper.opcode (0x000074dd1f44e008) [0x000074dd1f44e100, 0x000074dd1f44e208] Compiler: c1, Barriers: 0, Oops: 0, ImmediateOops: 0, NonImmediateOops: No
[1,048s][debug][gc,nmethod  ] Register NMethod: java.lang.invoke.MethodType.parameterType (0x000074dd1f44e308) [0x000074dd1f44e400, 0x000074dd1f44e588] Compiler: c1, Barriers: 2, Oops: 0, ImmediateOops: 0, NonImmediateOops: No
[1,048s][debug][gc,nmethod  ] Register NMethod: java.lang.AbstractStringBuilder.isLatin1 (0x000074dd1f44e608) [0x000074dd1f44e700, 0x000074dd1f44e840] Compiler: c1, Barriers: 0, Oops: 0, ImmediateOops: 0, NonImmediateOops: No
[1,048s][debug][gc,nmethod  ] Register NMethod: jdk.internal.vm.Continuation.enterSpecial (0x000074dd3ebf5488) [0x000074dd3ebf5580, 0x000074dd3ebf5778] Compiler: , Barriers: 0, Oops: 0, ImmediateOops: 0, NonImmediateOops: No
[1,048s][debug][gc,nmethod  ] Register NMethod: jdk.internal.vm.Continuation.doYield (0x000074dd3ebf5788) [0x000074dd3ebf5880, 0x000074dd3ebf5948] Compiler: , Barriers: 0, Oops: 0, ImmediateOops: 0, NonImmediateOops: No
[1,049s][debug][gc,director ] Rule Major: Warmup 10%, Used: 14MB, UsedThreshold: 1228MB
[1,052s][debug][gc,nmethod  ] Register NMethod: java.lang.AbstractStringBuilder.getValue (0x000074dd3ebf5a88) [0x000074dd3ebf5b80, 0x000074dd3ebf5c68] Compiler: c1, Barriers: 1, Oops: 0, ImmediateOops: 0, NonImmediateOops: No
[1,053s][debug][gc,nmethod  ] Register NMethod: java.lang.StringBuilder.append (0x000074dd1f44e908) [0x000074dd1f44ea00, 0x000074dd1f44eb48] Compiler: c1, Barriers: 0, Oops: 0, ImmediateOops: 0, NonImmediateOops: No
[1,053s][debug][gc,nmethod  ] Register NMethod: java.lang.AbstractStringBuilder.append (0x000074dd1f44ec08) [0x000074dd1f44ed00, 0x000074dd1f44f950] Compiler: c1, Barriers: 5, Oops: 0, ImmediateOops: 0, NonImmediateOops: No
[1,053s][debug][gc,nmethod  ] Register NMethod: java.lang.StringLatin1.equals (0x000074dd3ebf5d88) [0x000074dd3ebf5e80, 0x000074dd3ebf6118] Compiler: jvmci, Barriers: 0, Oops: 0, ImmediateOops: 0, NonImmediateOops: No
[1,057s][debug][gc,nmethod  ] Register NMethod: jdk.internal.misc.Unsafe.getByte (0x000074dd3ebf6188) [0x000074dd3ebf6280, 0x000074dd3ebf63e8] Compiler: , Barriers: 0, Oops: 0, ImmediateOops: 0, NonImmediateOops: No
[1,057s][debug][gc,nmethod  ] Register NMethod: jdk.internal.misc.Unsafe.getShort (0x000074dd3ebf6488) [0x000074dd3ebf6580, 0x000074dd3ebf66e8] Compiler: , Barriers: 0, Oops: 0, ImmediateOops: 0, NonImmediateOops: No
[1,057s][debug][gc,nmethod  ] Register NMethod: jdk.internal.misc.Unsafe.toUnsignedInt (0x000074dd1f44f988) [0x000074dd1f44fa80, 0x000074dd1f44fb68] Compiler: c1, Barriers: 0, Oops: 0, ImmediateOops: 0, NonImmediateOops: No
[1,057s][debug][gc,nmethod  ] Register NMethod: jdk.internal.misc.Unsafe.pickPos (0x000074dd1f44fc88) [0x000074dd1f44fd80, 0x000074dd1f44fe70] Compiler: c1, Barriers: 0, Oops: 0, ImmediateOops: 0, NonImmediateOops: No
[1,057s][debug][gc,nmethod  ] Register NMethod: java.util.zip.ZipUtils.get16 (0x000074dd1f44ff88) [0x000074dd1f450080, 0x000074dd1f450480] Compiler: c1, Barriers: 0, Oops: 1, ImmediateOops: 2, NonImmediateOops: No
[1,057s][debug][gc,nmethod  ] Register NMethod: jdk.internal.misc.Unsafe.getShortUnaligned (0x000074dd1f450508) [0x000074dd1f450600, 0x000074dd1f450990] Compiler: c1, Barriers: 0, Oops: 0, ImmediateOops: 0, NonImmediateOops: No
[1,057s][debug][gc,nmethod  ] Register NMethod: java.lang.Short.toUnsignedInt (0x000074dd1f450a08) [0x000074dd1f450b00, 0x000074dd1f450be8] Compiler: c1, Barriers: 0, Oops: 0, ImmediateOops: 0, NonImmediateOops: No
[1,057s][debug][gc,nmethod  ] Register NMethod: jdk.internal.misc.Unsafe.getShortUnaligned (0x000074dd1f450d08) [0x000074dd1f450e00, 0x000074dd1f451028] Compiler: c1, Barriers: 0, Oops: 0, ImmediateOops: 0, NonImmediateOops: No
[1,057s][debug][gc,nmethod  ] Register NMethod: jdk.internal.misc.Unsafe.convEndian (0x000074dd1f451088) [0x000074dd1f451180, 0x000074dd1f451320] Compiler: c1, Barriers: 0, Oops: 0, ImmediateOops: 0, NonImmediateOops: No
[1,057s][debug][gc,nmethod  ] Register NMethod: jdk.internal.misc.Unsafe.getIntUnaligned (0x000074dd1f451388) [0x000074dd1f451480, 0x000074dd1f4518d0] Compiler: c1, Barriers: 0, Oops: 0, ImmediateOops: 0, NonImmediateOops: No
[1,058s][debug][gc,nmethod  ] Register NMethod: java.lang.StringBuilder.length (0x000074dd1f451908) [0x000074dd1f451a00, 0x000074dd1f451b18] Compiler: c1, Barriers: 0, Oops: 0, ImmediateOops: 0, NonImmediateOops: No
[1,059s][debug][gc,director ] Rule Major: Warmup 10%, Used: 14MB, UsedThreshold: 1228MB
[1,060s][debug][gc,nmethod  ] Register NMethod: java.util.HashMap.putVal (0x000074dd3ebf6788) [0x000074dd3ebf68a0, 0x000074dd3ebf8120] Compiler: jvmci, Barriers: 78, Oops: 0, ImmediateOops: 0, NonImmediateOops: No
[1,061s][debug][gc,nmethod  ] Register NMethod: java.lang.invoke.MethodType.checkSlotCount (0x000074dd1f451c08) [0x000074dd1f451d00, 0x000074dd1f452a38] Compiler: c1, Barriers: 0, Oops: 1, ImmediateOops: 2, NonImmediateOops: No
[1,061s][debug][gc,nmethod  ] Register NMethod: jdk.internal.util.WeakReferenceKey.hashCode (0x000074dd3ebf8188) [0x000074dd3ebf8280, 0x000074dd3ebf8340] Compiler: c1, Barriers: 0, Oops: 0, ImmediateOops: 0, NonImmediateOops: No
[1,061s][debug][gc,nmethod  ] Register NMethod: java.lang.invoke.MethodHandle.linkToStatic (0x000074dd3ebf8488) [0x000074dd3ebf8580, 0x000074dd3ebf8670] Compiler: , Barriers: 0, Oops: 0, ImmediateOops: 0, NonImmediateOops: No
[1,062s][debug][gc,nmethod  ] Register NMethod: java.util.HashMap.resize (0x000074dd3ebf8788) [0x000074dd3ebf88a0, 0x000074dd3ebf93e0] Compiler: jvmci, Barriers: 33, Oops: 0, ImmediateOops: 0, NonImmediateOops: No
[1,062s][debug][gc,nmethod  ] Register NMethod: java.io.BufferedInputStream.getBufIfOpen (0x000074dd1f452a88) [0x000074dd1f452b80, 0x000074dd1f452cb8] Compiler: c1, Barriers: 0, Oops: 0, ImmediateOops: 0, NonImmediateOops: No
[1,062s][debug][gc,nmethod  ] Register NMethod: java.io.BufferedInputStream.getBufIfOpen (0x000074dd1f452d88) [0x000074dd1f452e80, 0x000074dd1f453298] Compiler: c1, Barriers: 7, Oops: 0, ImmediateOops: 3, NonImmediateOops: No
[1,062s][debug][gc,nmethod  ] Register NMethod: java.io.BufferedInputStream.read (0x000074dd1f453308) [0x000074dd1f453400, 0x000074dd1f453858] Compiler: c1, Barriers: 0, Oops: 0, ImmediateOops: 0, NonImmediateOops: No
[1,062s][debug][gc,nmethod  ] Register NMethod: java.lang.Class.getName (0x000074dd1f453888) [0x000074dd1f453980, 0x000074dd1f453b30] Compiler: c1, Barriers: 1, Oops: 0, ImmediateOops: 0, NonImmediateOops: No
[1,062s][debug][gc,nmethod  ] Register NMethod: worker.org.gradle.internal.stream.EncodedStream$EncodedInput.hexToByte (0x000074dd1f453b88) [0x000074dd1f453c80, 0x000074dd1f4543c8] Compiler: c1, Barriers: 3, Oops: 2, ImmediateOops: 1, NonImmediateOops: No
[1,062s][debug][gc,nmethod  ] Register NMethod: worker.org.gradle.internal.stream.EncodedStream$EncodedInput.read (0x000074dd1f454408) [0x000074dd1f454500, 0x000074dd1f454c58] Compiler: c1, Barriers: 2, Oops: 1, ImmediateOops: 1, NonImmediateOops: No
[1,062s][debug][gc,nmethod  ] Register NMethod: jdk.internal.util.Preconditions.checkFromIndexSize (0x000074dd1f454c88) [0x000074dd1f454d80, 0x000074dd1f454f18] Compiler: c1, Barriers: 0, Oops: 0, ImmediateOops: 0, NonImmediateOops: No
[1,062s][debug][gc,nmethod  ] Register NMethod: java.net.URL.getHost (0x000074dd3ebf9408) [0x000074dd3ebf9500, 0x000074dd3ebf95e8] Compiler: c1, Barriers: 1, Oops: 0, ImmediateOops: 0, NonImmediateOops: No
[1,062s][debug][gc,nmethod  ] Register NMethod: sun.net.util.IPAddressUtil.earlyURLParsing (0x000074dd1f454f88) [0x000074dd1f455080, 0x000074dd1f455188] Compiler: c1, Barriers: 0, Oops: 0, ImmediateOops: 0, NonImmediateOops: No
[1,062s][debug][gc,nmethod  ] Register NMethod: java.net.URL.getUserInfo (0x000074dd3ebf9708) [0x000074dd3ebf9800, 0x000074dd3ebf98e8] Compiler: c1, Barriers: 1, Oops: 0, ImmediateOops: 0, NonImmediateOops: No
[1,063s][debug][gc,nmethod  ] Register NMethod: java.lang.Record.<init> (0x000074dd1f455288) [0x000074dd1f455380, 0x000074dd1f4554d8] Compiler: c1, Barriers: 0, Oops: 0, ImmediateOops: 0, NonImmediateOops: No
[1,063s][debug][gc,nmethod  ] Register NMethod: java.lang.StringLatin1.indexOfChar (0x000074dd3ebf9a08) [0x000074dd3ebf9b00, 0x000074dd3ebf9d70] Compiler: jvmci, Barriers: 0, Oops: 0, ImmediateOops: 0, NonImmediateOops: No
[1,063s][debug][gc,nmethod  ] Register NMethod: java.lang.StringLatin1.replace (0x000074dd1f455588) [0x000074dd1f455680, 0x000074dd1f456720] Compiler: c1, Barriers: 6, Oops: 0, ImmediateOops: 3, NonImmediateOops: No
[1,064s][debug][gc,nmethod  ] Register NMethod: java.lang.module.ModuleDescriptor$Exports.isQualified (0x000074dd3ebf9d88) [0x000074dd3ebf9e80, 0x000074dd3ebf9fd8] Compiler: jvmci, Barriers: 1, Oops: 0, ImmediateOops: 0, NonImmediateOops: No
[1,064s][debug][gc,nmethod  ] Register NMethod: java.lang.String.lastIndexOf (0x000074dd1f456788) [0x000074dd1f456880, 0x000074dd1f456d20] Compiler: c1, Barriers: 2, Oops: 0, ImmediateOops: 0, NonImmediateOops: No
[1,064s][debug][gc,nmethod  ] Register NMethod: jdk.internal.misc.Unsafe.putReferenceVolatile (0x000074dd3ebfa088) [0x000074dd3ebfa180, 0x000074dd3ebfa2f0] Compiler: , Barriers: 0, Oops: 0, ImmediateOops: 0, NonImmediateOops: No
[1,064s][debug][gc,nmethod  ] Register NMethod: java.lang.Byte.toUnsignedInt (0x000074dd3ebfa388) [0x000074dd3ebfa480, 0x000074dd3ebfa4e8] Compiler: jvmci, Barriers: 0, Oops: 0, ImmediateOops: 0, NonImmediateOops: No
[1,064s][debug][gc,nmethod  ] Register NMethod: java.lang.String.lastIndexOf (0x000074dd1f456d88) [0x000074dd1f456e80, 0x000074dd1f457978] Compiler: c1, Barriers: 1, Oops: 0, ImmediateOops: 0, NonImmediateOops: No
[1,064s][debug][gc,nmethod  ] Register NMethod: java.lang.Integer.toUnsignedLong (0x000074dd1f457988) [0x000074dd1f457a80, 0x000074dd1f457b70] Compiler: c1, Barriers: 0, Oops: 0, ImmediateOops: 0, NonImmediateOops: No
[1,064s][debug][gc,nmethod  ] Register NMethod: jdk.internal.misc.Unsafe.getIntUnaligned (0x000074dd1f457c88) [0x000074dd1f457d80, 0x000074dd1f457fc8] Compiler: c1, Barriers: 0, Oops: 0, ImmediateOops: 0, NonImmediateOops: No
[1,064s][debug][gc,nmethod  ] Register NMethod: jdk.internal.misc.Unsafe.convEndian (0x000074dd1f458008) [0x000074dd1f458100, 0x000074dd1f4582a8] Compiler: c1, Barriers: 0, Oops: 0, ImmediateOops: 0, NonImmediateOops: No
[1,065s][debug][gc,nmethod  ] Register NMethod: java.util.zip.ZipUtils.get32 (0x000074dd1f458308) [0x000074dd1f458400, 0x000074dd1f458808] Compiler: c1, Barriers: 0, Oops: 1, ImmediateOops: 2, NonImmediateOops: No
[1,065s][debug][gc,nmethod  ] Register NMethod: java.util.HashMap.newNode (0x000074dd3ebfa688) [0x000074dd3ebfa780, 0x000074dd3ebfa8e0] Compiler: jvmci, Barriers: 6, Oops: 0, ImmediateOops: 0, NonImmediateOops: No
[1,065s][debug][gc,nmethod  ] Register NMethod: java.io.BufferedInputStream.getBufIfOpen (0x000074dd3ebfa988) [0x000074dd3ebfaa80, 0x000074dd3ebfabb0] Compiler: jvmci, Barriers: 1, Oops: 0, ImmediateOops: 1, NonImmediateOops: No
[1,065s][debug][gc,nmethod  ] Register NMethod: java.lang.invoke.MethodType.<init> (0x000074dd1f458888) [0x000074dd1f458980, 0x000074dd1f458bc8] Compiler: c1, Barriers: 6, Oops: 0, ImmediateOops: 0, NonImmediateOops: No
[1,065s][debug][gc,nmethod  ] Register NMethod: worker.org.gradle.internal.stream.EncodedStream$EncodedInput.hexToByte (0x000074dd3ebfac88) [0x000074dd3ebfad80, 0x000074dd3ebfae68] Compiler: jvmci, Barriers: 0, Oops: 1, ImmediateOops: 0, NonImmediateOops: No
[1,065s][debug][gc,nmethod  ] Register NMethod: java.lang.Class.isHidden (0x000074dd3ebfaf88) [0x000074dd3ebfb080, 0x000074dd3ebfb1e0] Compiler: , Barriers: 0, Oops: 0, ImmediateOops: 0, NonImmediateOops: No
[1,066s][debug][gc,nmethod  ] Register NMethod: jdk.internal.util.ReferencedKeySet.get (0x000074dd1f458c08) [0x000074dd1f458d00, 0x000074dd1f45a200] Compiler: c1, Barriers: 7, Oops: 1, ImmediateOops: 1, NonImmediateOops: No
[1,066s][debug][gc,nmethod  ] Register NMethod: java.lang.invoke.MethodType.makeImpl (0x000074dd1f45a288) [0x000074dd1f45a380, 0x000074dd1f45cb30] Compiler: c1, Barriers: 23, Oops: 2, ImmediateOops: 3, NonImmediateOops: No
[1,066s][debug][gc,nmethod  ] Register NMethod: java.lang.invoke.MethodType.methodType (0x000074dd1f45cb88) [0x000074dd1f45cc80, 0x000074dd1f45d160] Compiler: c1, Barriers: 2, Oops: 0, ImmediateOops: 4, NonImmediateOops: No
[1,066s][debug][gc,nmethod  ] Register NMethod: jdk.internal.classfile.impl.AbstractDirectBuilder.constantPool (0x000074dd3ebfb288) [0x000074dd3ebfb380, 0x000074dd3ebfb468] Compiler: c1, Barriers: 1, Oops: 0, ImmediateOops: 0, NonImmediateOops: No
[1,066s][debug][gc,nmethod  ] Register NMethod: java.util.ArrayList.size (0x000074dd3ebfb588) [0x000074dd3ebfb680, 0x000074dd3ebfb740] Compiler: c1, Barriers: 0, Oops: 0, ImmediateOops: 0, NonImmediateOops: No
[1,066s][debug][gc,nmethod  ] Register NMethod: java.lang.invoke.MethodHandle.linkToStatic (0x000074dd3ebfb888) [0x000074dd3ebfb980, 0x000074dd3ebfba70] Compiler: , Barriers: 0, Oops: 0, ImmediateOops: 0, NonImmediateOops: No
[1,066s][debug][gc,nmethod  ] Register NMethod: java.lang.invoke.MemberName.allFlagsSet (0x000074dd1f45d188) [0x000074dd1f45d280, 0x000074dd1f45d3d0] Compiler: c1, Barriers: 0, Oops: 0, ImmediateOops: 0, NonImmediateOops: No
[1,066s][debug][gc,nmethod  ] Register NMethod: jdk.internal.classfile.impl.SplitConstantPool.tryFindUtf8 (0x000074dd1f45d488) [0x000074dd1f45d580, 0x000074dd1f45edb8] Compiler: c1, Barriers: 1, Oops: 0, ImmediateOops: 0, NonImmediateOops: No
[1,067s][debug][gc,nmethod  ] Register NMethod: jdk.internal.classfile.impl.AbstractPoolEntry$Utf8EntryImpl.contentHash (0x000074dd1f45ee08) [0x000074dd1f45ef00, 0x000074dd1f45f0b8] Compiler: c1, Barriers: 1, Oops: 0, ImmediateOops: 1, NonImmediateOops: No
[1,067s][debug][gc,nmethod  ] Register NMethod: jdk.internal.classfile.impl.BufWriterImpl.writeU2 (0x000074dd1f45f108) [0x000074dd1f45f200, 0x000074dd1f45f670] Compiler: c1, Barriers: 2, Oops: 0, ImmediateOops: 0, NonImmediateOops: No
[1,067s][debug][gc,nmethod  ] Register NMethod: java.lang.invoke.MethodHandle.linkToInterface (0x000074dd3ebfbb88) [0x000074dd3ebfbc80, 0x000074dd3ebfbdb0] Compiler: , Barriers: 0, Oops: 0, ImmediateOops: 0, NonImmediateOops: No
[1,067s][debug][gc,nmethod  ] Register NMethod: jdk.internal.classfile.impl.AbstractPoolEntry$Utf8EntryImpl.hashCode (0x000074dd1f45f688) [0x000074dd1f45f780, 0x000074dd1f45fbb0] Compiler: c1, Barriers: 1, Oops: 0, ImmediateOops: 1, NonImmediateOops: No
[1,068s][debug][gc,nmethod  ] Register NMethod: jdk.internal.classfile.impl.AbstractPoolEntry$Utf8EntryImpl.<init> (0x000074dd1f45fc08) [0x000074dd1f45fd00, 0x000074dd1f460568] Compiler: c1, Barriers: 13, Oops: 0, ImmediateOops: 1, NonImmediateOops: No
[1,068s][debug][gc,nmethod  ] Register NMethod: jdk.internal.classfile.impl.AbstractPoolEntry$Utf8EntryImpl.writeTo (0x000074dd1f460588) [0x000074dd1f460680, 0x000074dd1f460e90] Compiler: c1, Barriers: 3, Oops: 0, ImmediateOops: 0, NonImmediateOops: No
[1,068s][debug][gc,nmethod  ] Register NMethod: jdk.internal.classfile.impl.BufWriterImpl.cpIndex (0x000074dd1f460f08) [0x000074dd1f461000, 0x000074dd1f462ff8] Compiler: c1, Barriers: 1, Oops: 1, ImmediateOops: 3, NonImmediateOops: No
[1,068s][debug][gc,nmethod  ] Register NMethod: java.lang.System$1.countNonZeroAscii (0x000074dd1f463008) [0x000074dd1f463100, 0x000074dd1f463c00] Compiler: c1, Barriers: 1, Oops: 0, ImmediateOops: 0, NonImmediateOops: No
[1,068s][debug][gc,nmethod  ] Register NMethod: java.lang.StringCoding.countNonZeroAscii (0x000074dd1f463c08) [0x000074dd1f463d00, 0x000074dd1f464890] Compiler: c1, Barriers: 1, Oops: 0, ImmediateOops: 0, NonImmediateOops: No
[1,068s][debug][gc,nmethod  ] Register NMethod: java.lang.String.checkBoundsOffCount (0x000074dd1f464908) [0x000074dd1f464a00, 0x000074dd1f464bf8] Compiler: c1, Barriers: 0, Oops: 1, ImmediateOops: 1, NonImmediateOops: No
[1,068s][debug][gc,nmethod  ] Register NMethod: jdk.internal.util.ModifiedUtf.utfLen (0x000074dd1f464c08) [0x000074dd1f464d00, 0x000074dd1f465aa0] Compiler: c1, Barriers: 3, Oops: 1, ImmediateOops: 1, NonImmediateOops: No
[1,068s][debug][gc,nmethod  ] Register NMethod: java.lang.StringLatin1.getBytes (0x000074dd1f465b08) [0x000074dd1f465c00, 0x000074dd1f465d98] Compiler: c1, Barriers: 0, Oops: 0, ImmediateOops: 0, NonImmediateOops: No
[1,068s][debug][gc,nmethod  ] Register NMethod: java.lang.String.getBytes (0x000074dd1f465e08) [0x000074dd1f465f00, 0x000074dd1f466c88] Compiler: c1, Barriers: 1, Oops: 1, ImmediateOops: 2, NonImmediateOops: No
[1,068s][debug][gc,nmethod  ] Register NMethod: jdk.internal.classfile.impl.AbstractPoolEntry$ClassEntryImpl.tag (0x000074dd3ebfbe88) [0x000074dd3ebfbf80, 0x000074dd3ebfc040] Compiler: c1, Barriers: 0, Oops: 0, ImmediateOops: 0, NonImmediateOops: No
[1,068s][debug][gc,nmethod  ] Register NMethod: jdk.internal.classfile.impl.BufWriterImpl.writeUtfEntry (0x000074dd1f466d08) [0x000074dd1f466e00, 0x000074dd1f469bc0] Compiler: c1, Barriers: 8, Oops: 1, ImmediateOops: 4, NonImmediateOops: No
[1,068s][debug][gc,nmethod  ] Register NMethod: java.lang.invoke.MethodHandle.linkToSpecial (0x000074dd3ebfc188) [0x000074dd3ebfc280, 0x000074dd3ebfc378] Compiler: , Barriers: 0, Oops: 0, ImmediateOops: 0, NonImmediateOops: No
[1,069s][debug][gc,nmethod  ] Register NMethod: jdk.internal.classfile.impl.SplitConstantPool.utf8Entry (0x000074dd1f469c08) [0x000074dd1f469d00, 0x000074dd1f46a7f8] Compiler: c1, Barriers: 1, Oops: 0, ImmediateOops: 1, NonImmediateOops: No
[1,069s][debug][gc,nmethod  ] Register NMethod: jdk.internal.constant.ClassOrInterfaceDescImpl.isClassOrInterface (0x000074dd3ebfc488) [0x000074dd3ebfc580, 0x000074dd3ebfc640] Compiler: c1, Barriers: 0, Oops: 0, ImmediateOops: 0, NonImmediateOops: No
[1,069s][debug][gc,nmethod  ] Register NMethod: jdk.internal.classfile.impl.AbstractPoolEntry.hash1 (0x000074dd1f46a808) [0x000074dd1f46a900, 0x000074dd1f46a9f0] Compiler: c1, Barriers: 0, Oops: 0, ImmediateOops: 0, NonImmediateOops: No
[1,069s][debug][gc,nmethod  ] Register NMethod: java.lang.String.equals (0x000074dd3ebfc788) [0x000074dd3ebfc880, 0x000074dd3ebfcbe8] Compiler: jvmci, Barriers: 2, Oops: 0, ImmediateOops: 0, NonImmediateOops: No
[1,069s][debug][gc,nmethod  ] Register NMethod: java.lang.invoke.MethodHandle.linkToSpecial (0x000074dd3ebfcc08) [0x000074dd3ebfcd00, 0x000074dd3ebfcdf8] Compiler: , Barriers: 0, Oops: 0, ImmediateOops: 0, NonImmediateOops: No
[1,069s][debug][gc,nmethod  ] Register NMethod: java.lang.invoke.MethodHandle.invokeBasic (0x000074dd3ebfcf08) [0x000074dd3ebfd000, 0x000074dd3ebfd298] Compiler: , Barriers: 0, Oops: 0, ImmediateOops: 0, NonImmediateOops: No
[1,069s][debug][gc,nmethod  ] Register NMethod: java.lang.invoke.MethodHandle.linkToSpecial (0x000074dd3ebfd308) [0x000074dd3ebfd400, 0x000074dd3ebfd4f8] Compiler: , Barriers: 0, Oops: 0, ImmediateOops: 0, NonImmediateOops: No
[1,069s][debug][gc,director ] Rule Major: Warmup 10%, Used: 14MB, UsedThreshold: 1228MB
[1,069s][debug][gc,nmethod  ] Register NMethod: java.lang.invoke.MemberName.initResolved (0x000074dd1f46ab08) [0x000074dd1f46ac00, 0x000074dd1f46adc0] Compiler: c1, Barriers: 3, Oops: 0, ImmediateOops: 0, NonImmediateOops: No
[1,069s][debug][gc,nmethod  ] Register NMethod: java.lang.ref.Reference.<init> (0x000074dd1f46ae08) [0x000074dd1f46af00, 0x000074dd1f46b198] Compiler: c1, Barriers: 6, Oops: 0, ImmediateOops: 1, NonImmediateOops: No
[1,069s][debug][gc,nmethod  ] Register NMethod: java.lang.String.intern (0x000074dd3ebfd608) [0x000074dd3ebfd700, 0x000074dd3ebfda20] Compiler: , Barriers: 0, Oops: 0, ImmediateOops: 0, NonImmediateOops: No
[1,069s][debug][gc,nmethod  ] Register NMethod: java.lang.String.replace (0x000074dd1f46b208) [0x000074dd1f46b300, 0x000074dd1f46b808] Compiler: c1, Barriers: 2, Oops: 0, ImmediateOops: 0, NonImmediateOops: No
[1,069s][debug][gc,nmethod  ] Register NMethod: jdk.internal.misc.Unsafe.putReferenceRelease (0x000074dd1f46b888) [0x000074dd1f46b980, 0x000074dd1f46baf8] Compiler: c1, Barriers: 3, Oops: 0, ImmediateOops: 0, NonImmediateOops: No
[1,069s][debug][gc,nmethod  ] Register NMethod: jdk.internal.misc.Unsafe.allocateInstance (0x000074dd3ebfda88) [0x000074dd3ebfdb80, 0x000074dd3ebfdeb0] Compiler: , Barriers: 0, Oops: 0, ImmediateOops: 0, NonImmediateOops: No
[1,069s][debug][gc,nmethod  ] Register NMethod: java.util.concurrent.ConcurrentHashMap.setTabAt (0x000074dd1f46bb88) [0x000074dd1f46bc80, 0x000074dd1f46bf80] Compiler: c1, Barriers: 0, Oops: 0, ImmediateOops: 1, NonImmediateOops: No
[1,069s][debug][gc,nmethod  ] Register NMethod: java.lang.String.length (0x000074dd3ebfdf08) [0x000074dd3ebfe000, 0x000074dd3ebfe0e8] Compiler: jvmci, Barriers: 1, Oops: 0, ImmediateOops: 0, NonImmediateOops: No
[1,069s][debug][gc,nmethod  ] Register NMethod: java.lang.invoke.MemberName.getMethodType (0x000074dd1f46bf88) [0x000074dd1f46c080, 0x000074dd1f46e578] Compiler: c1, Barriers: 16, Oops: 1, ImmediateOops: 1, NonImmediateOops: No
[1,070s][debug][gc,nmethod  ] Register NMethod: java.net.URL.getProtocol (0x000074dd3ebfe208) [0x000074dd3ebfe300, 0x000074dd3ebfe3e8] Compiler: c1, Barriers: 1, Oops: 0, ImmediateOops: 0, NonImmediateOops: No
[1,070s][debug][gc,nmethod  ] Register NMethod: java.lang.StringLatin1.indexOf (0x000074dd1f46e588) [0x000074dd1f46e680, 0x000074dd1f46e8c0] Compiler: c1, Barriers: 0, Oops: 0, ImmediateOops: 0, NonImmediateOops: No
[1,070s][debug][gc,nmethod  ] Register NMethod: java.util.concurrent.ConcurrentHashMap.casTabAt (0x000074dd3ebfe508) [0x000074dd3ebfe600, 0x000074dd3ebfe6d8] Compiler: jvmci, Barriers: 5, Oops: 0, ImmediateOops: 0, NonImmediateOops: No
[1,070s][debug][gc,nmethod  ] Register NMethod: java.util.ArrayDeque.inc (0x000074dd1f46e908) [0x000074dd1f46ea00, 0x000074dd1f46eb18] Compiler: c1, Barriers: 0, Oops: 0, ImmediateOops: 0, NonImmediateOops: No
[1,070s][debug][gc,nmethod  ] Register NMethod: java.util.ArrayList.add (0x000074dd1f46ec08) [0x000074dd1f46ed00, 0x000074dd1f46f270] Compiler: c1, Barriers: 4, Oops: 0, ImmediateOops: 0, NonImmediateOops: No
[1,070s][debug][gc,nmethod  ] Register NMethod: java.io.BufferedInputStream.read (0x000074dd3ebfe808) [0x000074dd3ebfe900, 0x000074dd3ebfec20] Compiler: jvmci, Barriers: 1, Oops: 0, ImmediateOops: 1, NonImmediateOops: No
[1,070s][debug][gc,nmethod  ] Register NMethod: java.util.ArrayList.add (0x000074dd1f46f288) [0x000074dd1f46f380, 0x000074dd1f46f840] Compiler: c1, Barriers: 3, Oops: 0, ImmediateOops: 0, NonImmediateOops: No
[1,070s][debug][gc,nmethod  ] Register NMethod: java.lang.StringCoding.countPositives (0x000074dd1f46f888) [0x000074dd1f46f980, 0x000074dd1f46fb88] Compiler: c1, Barriers: 0, Oops: 0, ImmediateOops: 0, NonImmediateOops: No
[1,071s][debug][gc,nmethod  ] Register NMethod: java.util.zip.ZipCoder$UTF8ZipCoder.isUTF8 (0x000074dd3ebfec88) [0x000074dd3ebfed80, 0x000074dd3ebfee40] Compiler: c1, Barriers: 0, Oops: 0, ImmediateOops: 0, NonImmediateOops: No
[1,071s][debug][gc,nmethod  ] Register NMethod: sun.nio.fs.UnixPath.checkNotNul (0x000074dd1f46fc08) [0x000074dd1f46fd00, 0x000074dd1f46fea0] Compiler: c1, Barriers: 0, Oops: 0, ImmediateOops: 1, NonImmediateOops: No
[1,071s][debug][gc,nmethod  ] Register NMethod: java.util.zip.ZipUtils.CENEXT (0x000074dd1f46ff08) [0x000074dd1f470000, 0x000074dd1f470110] Compiler: c1, Barriers: 0, Oops: 0, ImmediateOops: 0, NonImmediateOops: No
[1,071s][debug][gc,nmethod  ] Register NMethod: java.util.zip.ZipUtils.CENCOM (0x000074dd1f470208) [0x000074dd1f470300, 0x000074dd1f470410] Compiler: c1, Barriers: 0, Oops: 0, ImmediateOops: 0, NonImmediateOops: No
[1,072s][debug][gc,nmethod  ] Register NMethod: java.util.zip.Inflater$InflaterZStreamRef.address (0x000074dd3ebfef88) [0x000074dd3ebff080, 0x000074dd3ebff140] Compiler: c1, Barriers: 0, Oops: 0, ImmediateOops: 0, NonImmediateOops: No
[1,072s][debug][gc,nmethod  ] Register NMethod: java.util.zip.ZipUtils.CENSIZ (0x000074dd1f470508) [0x000074dd1f470600, 0x000074dd1f470710] Compiler: c1, Barriers: 0, Oops: 0, ImmediateOops: 0, NonImmediateOops: No
[1,072s][debug][gc,nmethod  ] Register NMethod: java.util.zip.ZipUtils.CENNAM (0x000074dd1f470808) [0x000074dd1f470900, 0x000074dd1f470a10] Compiler: c1, Barriers: 0, Oops: 0, ImmediateOops: 0, NonImmediateOops: No
[1,072s][debug][gc,nmethod  ] Register NMethod: java.util.zip.ZipUtils.CENHOW (0x000074dd1f470b08) [0x000074dd1f470c00, 0x000074dd1f470d10] Compiler: c1, Barriers: 0, Oops: 0, ImmediateOops: 0, NonImmediateOops: No
[1,072s][debug][gc,nmethod  ] Register NMethod: java.util.zip.ZipUtils.CENLEN (0x000074dd1f470e08) [0x000074dd1f470f00, 0x000074dd1f471010] Compiler: c1, Barriers: 0, Oops: 0, ImmediateOops: 0, NonImmediateOops: No
[1,072s][debug][gc,nmethod  ] Register NMethod: java.lang.System$1.uncheckedCountPositives (0x000074dd1f471108) [0x000074dd1f471200, 0x000074dd1f471458] Compiler: c1, Barriers: 0, Oops: 0, ImmediateOops: 0, NonImmediateOops: No
[1,072s][debug][gc,nmethod  ] Register NMethod: java.util.zip.ZipUtils.CENOFF (0x000074dd1f471488) [0x000074dd1f471580, 0x000074dd1f471690] Compiler: c1, Barriers: 0, Oops: 0, ImmediateOops: 0, NonImmediateOops: No
[1,072s][debug][gc,nmethod  ] Register NMethod: java.util.zip.ZipUtils.CENSIG (0x000074dd1f471788) [0x000074dd1f471880, 0x000074dd1f471990] Compiler: c1, Barriers: 0, Oops: 0, ImmediateOops: 0, NonImmediateOops: No
[1,072s][debug][gc,nmethod  ] Register NMethod: java.util.zip.ZipFile.zipCoderFor (0x000074dd1f471a88) [0x000074dd1f471b80, 0x000074dd1f471fd0] Compiler: c1, Barriers: 0, Oops: 0, ImmediateOops: 1, NonImmediateOops: No
[1,072s][debug][gc,nmethod  ] Register NMethod: java.util.zip.ZipUtils.CENFLG (0x000074dd1f472008) [0x000074dd1f472100, 0x000074dd1f472210] Compiler: c1, Barriers: 0, Oops: 0, ImmediateOops: 0, NonImmediateOops: No
[1,072s][debug][gc,nmethod  ] Register NMethod: java.util.zip.ZipUtils.CENDSK (0x000074dd1f472308) [0x000074dd1f472400, 0x000074dd1f472510] Compiler: c1, Barriers: 0, Oops: 0, ImmediateOops: 0, NonImmediateOops: No
[1,072s][debug][gc,nmethod  ] Register NMethod: java.util.zip.ZipFile$Source.nextEntryPos (0x000074dd1f472608) [0x000074dd1f472700, 0x000074dd1f4729b8] Compiler: c1, Barriers: 2, Oops: 0, ImmediateOops: 0, NonImmediateOops: No
[1,072s][debug][gc,nmethod  ] Register NMethod: java.util.zip.ZipCoder$UTF8ZipCoder.checkedHash (0x000074dd1f472a08) [0x000074dd1f472b00, 0x000074dd1f472f20] Compiler: c1, Barriers: 0, Oops: 0, ImmediateOops: 2, NonImmediateOops: No
[1,072s][debug][gc,nmethod  ] Register NMethod: java.util.zip.ZipFile$Source.isMetaName (0x000074dd1f472f88) [0x000074dd1f473080, 0x000074dd1f4734e0] Compiler: c1, Barriers: 0, Oops: 0, ImmediateOops: 0, NonImmediateOops: No
[1,073s][debug][gc,nmethod  ] Register NMethod: java.util.zip.ZipFile$Source.checkAndAddEntry (0x000074dd1f473508) [0x000074dd1f473600, 0x000074dd1f475900] Compiler: c1, Barriers: 3, Oops: 7, ImmediateOops: 8, NonImmediateOops: No
[1,073s][debug][gc,nmethod  ] Register NMethod: java.lang.String.endsWith (0x000074dd1f475988) [0x000074dd1f475a80, 0x000074dd1f4766b0] Compiler: c1, Barriers: 2, Oops: 0, ImmediateOops: 0, NonImmediateOops: No
[1,073s][debug][gc,nmethod  ] Register NMethod: java.util.Arrays.copyOf (0x000074dd1f476708) [0x000074dd1f476800, 0x000074dd1f476bc8] Compiler: c1, Barriers: 0, Oops: 0, ImmediateOops: 0, NonImmediateOops: No
[1,073s][debug][gc,nmethod  ] Register NMethod: java.lang.AbstractStringBuilder.ensureCapacityNewCoder (0x000074dd1f476c08) [0x000074dd1f476d00, 0x000074dd1f477010] Compiler: c1, Barriers: 0, Oops: 0, ImmediateOops: 0, NonImmediateOops: No
[1,074s][debug][gc,nmethod  ] Register NMethod: java.io.UnixFileSystem.prefixLength (0x000074dd1f477088) [0x000074dd1f477180, 0x000074dd1f477718] Compiler: c1, Barriers: 0, Oops: 1, ImmediateOops: 1, NonImmediateOops: No
[1,074s][debug][gc,nmethod  ] Register NMethod: jdk.internal.misc.Unsafe.getShortUnaligned (0x000074dd3ebff288) [0x000074dd3ebff380, 0x000074dd3ebff440] Compiler: jvmci, Barriers: 0, Oops: 0, ImmediateOops: 0, NonImmediateOops: No
[1,074s][debug][gc,nmethod  ] Register NMethod: java.lang.AbstractStringBuilder.isLatin1 (0x000074dd1f477788) [0x000074dd1f477880, 0x000074dd1f477a40] Compiler: c1, Barriers: 0, Oops: 0, ImmediateOops: 0, NonImmediateOops: No
[1,074s][debug][gc,nmethod  ] Register NMethod: java.io.UnixFileSystem.getBooleanAttributes0 (0x000074dd3ebff588) [0x000074dd3ebff680, 0x000074dd3ebff7e8] Compiler: , Barriers: 0, Oops: 0, ImmediateOops: 0, NonImmediateOops: No
[1,074s][debug][gc,nmethod  ] Register NMethod: java.lang.AbstractStringBuilder.<init> (0x000074dd1f477a88) [0x000074dd1f477b80, 0x000074dd1f477e08] Compiler: c1, Barriers: 3, Oops: 0, ImmediateOops: 0, NonImmediateOops: No
[1,074s][debug][gc,nmethod  ] Register NMethod: java.lang.ref.Reference.reachabilityFence (0x000074dd1f477e88) [0x000074dd1f477f80, 0x000074dd1f478060] Compiler: c1, Barriers: 0, Oops: 0, ImmediateOops: 0, NonImmediateOops: No
[1,074s][debug][gc,nmethod  ] Register NMethod: java.io.RandomAccessFile.readBytes0 (0x000074dd3ebff888) [0x000074dd3ebff980, 0x000074dd3ebffae8] Compiler: , Barriers: 0, Oops: 0, ImmediateOops: 0, NonImmediateOops: No
[1,074s][debug][gc,nmethod  ] Register NMethod: java.lang.StringBuilder.toString (0x000074dd1f478188) [0x000074dd1f478280, 0x000074dd1f4786b8] Compiler: c1, Barriers: 0, Oops: 0, ImmediateOops: 1, NonImmediateOops: No
[1,074s][debug][gc,nmethod  ] Register NMethod: java.io.RandomAccessFile.seek0 (0x000074dd3ebffb88) [0x000074dd3ebffc80, 0x000074dd3ebffdc8] Compiler: , Barriers: 0, Oops: 0, ImmediateOops: 0, NonImmediateOops: No
[1,074s][debug][gc,nmethod  ] Register NMethod: java.util.zip.ZipUtils.get16 (0x000074dd3ebffe88) [0x000074dd3ebfff80, 0x000074dd3ec00058] Compiler: jvmci, Barriers: 0, Oops: 0, ImmediateOops: 0, NonImmediateOops: No
[1,074s][debug][gc,nmethod  ] Register NMethod: java.io.File.isInvalid (0x000074dd1f478708) [0x000074dd1f478800, 0x000074dd1f478db0] Compiler: c1, Barriers: 5, Oops: 0, ImmediateOops: 4, NonImmediateOops: No
[1,074s][debug][gc,nmethod  ] Register NMethod: java.lang.String.<init> (0x000074dd1f478e08) [0x000074dd1f478f00, 0x000074dd1f4798a0] Compiler: c1, Barriers: 10, Oops: 0, ImmediateOops: 0, NonImmediateOops: No
[1,074s][debug][gc,nmethod  ] Register NMethod: jdk.internal.util.ArraysSupport.newLength (0x000074dd1f479908) [0x000074dd1f479a00, 0x000074dd1f479c38] Compiler: c1, Barriers: 0, Oops: 0, ImmediateOops: 0, NonImmediateOops: No
[1,075s][debug][gc,nmethod  ] Register NMethod: java.lang.StringBuilder.<init> (0x000074dd1f479c88) [0x000074dd1f479d80, 0x000074dd1f479eb8] Compiler: c1, Barriers: 0, Oops: 0, ImmediateOops: 0, NonImmediateOops: No
[1,076s][debug][gc,nmethod  ] Register NMethod: java.lang.StringCoding.countPositives (0x000074dd3ec00188) [0x000074dd3ec00280, 0x000074dd3ec004e8] Compiler: jvmci, Barriers: 0, Oops: 0, ImmediateOops: 0, NonImmediateOops: No
[1,076s][debug][gc,nmethod  ] Register NMethod: java.util.HashMap.putVal (0x000074dd1f479f88) [0x000074dd1f47a080, 0x000074dd1f47c410] Compiler: c1, Barriers: 15, Oops: 0, ImmediateOops: 0, NonImmediateOops: No
[1,076s][debug][gc,nmethod  ] Register NMethod: java.util.zip.ZipFile$Source.getEntryHash (0x000074dd1f47c488) [0x000074dd1f47c580, 0x000074dd1f47c6d8] Compiler: c1, Barriers: 1, Oops: 0, ImmediateOops: 0, NonImmediateOops: No
[1,076s][debug][gc,nmethod  ] Register NMethod: java.util.ArrayList.elementData (0x000074dd1f47c788) [0x000074dd1f47c880, 0x000074dd1f47ca10] Compiler: c1, Barriers: 2, Oops: 0, ImmediateOops: 0, NonImmediateOops: No
[1,076s][debug][gc,nmethod  ] Register NMethod: java.util.Objects.checkIndex (0x000074dd1f47ca88) [0x000074dd1f47cb80, 0x000074dd1f47ccb0] Compiler: c1, Barriers: 0, Oops: 0, ImmediateOops: 0, NonImmediateOops: No
[1,076s][debug][gc,nmethod  ] Register NMethod: java.util.ArrayList.get (0x000074dd1f47cd88) [0x000074dd1f47ce80, 0x000074dd1f47d128] Compiler: c1, Barriers: 2, Oops: 0, ImmediateOops: 0, NonImmediateOops: No
[1,076s][debug][gc,nmethod  ] Register NMethod: java.util.Objects.checkFromIndexSize (0x000074dd1f47d188) [0x000074dd1f47d280, 0x000074dd1f47d478] Compiler: c1, Barriers: 0, Oops: 0, ImmediateOops: 0, NonImmediateOops: No
[1,076s][debug][gc,nmethod  ] Register NMethod: java.util.zip.ZipFile$Source.getEntryNext (0x000074dd1f47d488) [0x000074dd1f47d580, 0x000074dd1f47d6d8] Compiler: c1, Barriers: 1, Oops: 0, ImmediateOops: 0, NonImmediateOops: No
[1,076s][debug][gc,nmethod  ] Register NMethod: java.util.zip.ZipFile.ensureOpen (0x000074dd1f47d788) [0x000074dd1f47d880, 0x000074dd1f47db50] Compiler: c1, Barriers: 2, Oops: 0, ImmediateOops: 2, NonImmediateOops: No
[1,076s][debug][gc,nmethod  ] Register NMethod: jdk.internal.misc.Unsafe.getIntUnaligned (0x000074dd3ec00508) [0x000074dd3ec00600, 0x000074dd3ec006c0] Compiler: jvmci, Barriers: 0, Oops: 0, ImmediateOops: 0, NonImmediateOops: No
[1,077s][debug][gc,nmethod  ] Register NMethod: jdk.internal.ref.CleanerImpl.getCleanerImpl (0x000074dd1f47db88) [0x000074dd1f47dc80, 0x000074dd1f47e1b8] Compiler: c1, Barriers: 1, Oops: 0, ImmediateOops: 1, NonImmediateOops: No
[1,077s][debug][gc,nmethod  ] Register NMethod: java.lang.ref.Cleaner$1.apply (0x000074dd1f47e208) [0x000074dd1f47e300, 0x000074dd1f47e430] Compiler: c1, Barriers: 1, Oops: 0, ImmediateOops: 0, NonImmediateOops: No
[1,077s][debug][gc,nmethod  ] Register NMethod: java.lang.ref.Cleaner$1.apply (0x000074dd1f47e508) [0x000074dd1f47e600, 0x000074dd1f47e9b0] Compiler: c1, Barriers: 1, Oops: 0, ImmediateOops: 0, NonImmediateOops: No
[1,077s][debug][gc,nmethod  ] Register NMethod: java.net.URL.getFile (0x000074dd3ec00808) [0x000074dd3ec00900, 0x000074dd3ec009e8] Compiler: c1, Barriers: 1, Oops: 0, ImmediateOops: 0, NonImmediateOops: No
[1,077s][debug][gc,nmethod  ] Register NMethod: java.lang.Class.getComponentType (0x000074dd3ec00b08) [0x000074dd3ec00c00, 0x000074dd3ec00ce8] Compiler: c1, Barriers: 1, Oops: 0, ImmediateOops: 0, NonImmediateOops: No
[1,077s][debug][gc,nmethod  ] Register NMethod: java.util.zip.ZipUtils.get32 (0x000074dd3ec00e08) [0x000074dd3ec00f00, 0x000074dd3ec00fd0] Compiler: jvmci, Barriers: 0, Oops: 0, ImmediateOops: 0, NonImmediateOops: No
[1,077s][debug][gc,nmethod  ] Register NMethod: java.lang.ref.Reference.refersTo0 (0x000074dd3ec01108) [0x000074dd3ec01200, 0x000074dd3ec01370] Compiler: , Barriers: 0, Oops: 0, ImmediateOops: 0, NonImmediateOops: No
[1,078s][debug][gc,nmethod  ] Register NMethod: java.lang.invoke.MethodHandleNatives.resolve (0x000074dd3ec01408) [0x000074dd3ec01500, 0x000074dd3ec01850] Compiler: , Barriers: 0, Oops: 0, ImmediateOops: 1, NonImmediateOops: No
[1,078s][debug][gc,nmethod  ] Register NMethod: java.lang.StringLatin1.indexOfChar (0x000074dd3ec01888) [0x000074dd3ec01980, 0x000074dd3ec01bd8] Compiler: jvmci, Barriers: 0, Oops: 0, ImmediateOops: 0, NonImmediateOops: No
[1,078s][debug][gc,nmethod  ] Register NMethod: java.lang.ref.WeakReference.<init> (0x000074dd1f47ea08) [0x000074dd1f47eb00, 0x000074dd1f47edf0] Compiler: c1, Barriers: 6, Oops: 0, ImmediateOops: 1, NonImmediateOops: No
[1,078s][debug][gc,nmethod  ] Register NMethod: java.lang.invoke.MethodHandle.linkToStatic (0x000074dd3ec01c08) [0x000074dd3ec01d00, 0x000074dd3ec01df0] Compiler: , Barriers: 0, Oops: 0, ImmediateOops: 0, NonImmediateOops: No
[1,078s][debug][gc,nmethod  ] Register NMethod: java.lang.invoke.MethodHandles$Lookup.lookupClass (0x000074dd3ec01f08) [0x000074dd3ec02000, 0x000074dd3ec020e8] Compiler: c1, Barriers: 1, Oops: 0, ImmediateOops: 0, NonImmediateOops: No
[1,078s][debug][gc,nmethod  ] Register NMethod: java.lang.invoke.MethodTypeForm.erasedType (0x000074dd3ec02208) [0x000074dd3ec02300, 0x000074dd3ec023e8] Compiler: c1, Barriers: 1, Oops: 0, ImmediateOops: 0, NonImmediateOops: No
[1,078s][debug][gc,nmethod  ] Register NMethod: java.lang.invoke.MemberName.getReferenceKind (0x000074dd1f47ee08) [0x000074dd1f47ef00, 0x000074dd1f47f010] Compiler: c1, Barriers: 0, Oops: 0, ImmediateOops: 0, NonImmediateOops: No
[1,078s][debug][gc,nmethod  ] Register NMethod: java.lang.invoke.MethodHandle.invokeBasic (0x000074dd3ec02508) [0x000074dd3ec02600, 0x000074dd3ec02898] Compiler: , Barriers: 0, Oops: 0, ImmediateOops: 0, NonImmediateOops: No
[1,078s][debug][gc,nmethod  ] Register NMethod: java.lang.Class.isAssignableFrom (0x000074dd3ec02908) [0x000074dd3ec02a00, 0x000074dd3ec02b70] Compiler: , Barriers: 0, Oops: 0, ImmediateOops: 0, NonImmediateOops: No
[1,078s][debug][gc,nmethod  ] Register NMethod: jdk.internal.classfile.impl.AbstractPoolEntry.hash2 (0x000074dd1f47f108) [0x000074dd1f47f200, 0x000074dd1f47f300] Compiler: c1, Barriers: 0, Oops: 0, ImmediateOops: 0, NonImmediateOops: No
[1,078s][debug][gc,nmethod  ] Register NMethod: java.util.Arrays.copyOf (0x000074dd1f47f408) [0x000074dd1f47f500, 0x000074dd1f47fd80] Compiler: c1, Barriers: 1, Oops: 0, ImmediateOops: 1, NonImmediateOops: No
[1,078s][debug][gc,nmethod  ] Register NMethod: java.lang.invoke.MethodHandle.type (0x000074dd3ec02c08) [0x000074dd3ec02d00, 0x000074dd3ec02de8] Compiler: c1, Barriers: 1, Oops: 0, ImmediateOops: 0, NonImmediateOops: No
[1,078s][debug][gc,nmethod  ] Register NMethod: jdk.internal.classfile.impl.AbstractPoolEntry.hashCode (0x000074dd3ec02f08) [0x000074dd3ec03000, 0x000074dd3ec030c0] Compiler: c1, Barriers: 0, Oops: 0, ImmediateOops: 0, NonImmediateOops: No
[1,079s][debug][gc,nmethod  ] Register NMethod: jdk.internal.classfile.impl.RawBytecodeHelper.isStoreIntoLocal (0x000074dd1f47fd88) [0x000074dd1f47fe80, 0x000074dd1f47ffd8] Compiler: c1, Barriers: 0, Oops: 0, ImmediateOops: 0, NonImmediateOops: No
[1,079s][debug][gc,nmethod  ] Register NMethod: java.lang.AbstractStringBuilder.newCapacity (0x000074dd1f480088) [0x000074dd1f480180, 0x000074dd1f480518] Compiler: c1, Barriers: 0, Oops: 0, ImmediateOops: 1, NonImmediateOops: No
[1,079s][debug][gc,director ] Rule Major: Warmup 10%, Used: 14MB, UsedThreshold: 1228MB
[1,079s][debug][gc,nmethod  ] Register NMethod: java.lang.System.nanoTime (0x000074dd3ec03208) [0x000074dd3ec03300, 0x000074dd3ec03458] Compiler: , Barriers: 0, Oops: 0, ImmediateOops: 1, NonImmediateOops: No
[1,080s][debug][gc,nmethod  ] Register NMethod: java.io.RandomAccessFile.read (0x000074dd1f480588) [0x000074dd1f480680, 0x000074dd1f480938] Compiler: c1, Barriers: 0, Oops: 0, ImmediateOops: 1, NonImmediateOops: No
[1,080s][debug][gc,nmethod  ] Register NMethod: java.io.RandomAccessFile.readBytes (0x000074dd1f480988) [0x000074dd1f480a80, 0x000074dd1f480cd8] Compiler: c1, Barriers: 0, Oops: 0, ImmediateOops: 1, NonImmediateOops: No
[1,080s][debug][gc,nmethod  ] Register NMethod: java.lang.ClassLoader.findLoadedClass0 (0x000074dd3ec03508) [0x000074dd3ec03600, 0x000074dd3ec03930] Compiler: , Barriers: 0, Oops: 0, ImmediateOops: 0, NonImmediateOops: No
[1,080s][debug][gc,nmethod  ] Register NMethod: java.security.ProtectionDomain.getCodeSource (0x000074dd3ec03988) [0x000074dd3ec03a80, 0x000074dd3ec03b68] Compiler: c1, Barriers: 1, Oops: 0, ImmediateOops: 0, NonImmediateOops: No
[1,080s][debug][gc,nmethod  ] Register NMethod: jdk.internal.loader.URLClassPath$JarLoader.ensureOpen (0x000074dd1f480d08) [0x000074dd1f480e00, 0x000074dd1f481068] Compiler: c1, Barriers: 5, Oops: 0, ImmediateOops: 0, NonImmediateOops: No
[1,080s][debug][gc,nmethod  ] Register NMethod: java.lang.ClassLoader.checkName (0x000074dd1f481088) [0x000074dd1f481180, 0x000074dd1f481ec8] Compiler: c1, Barriers: 3, Oops: 1, ImmediateOops: 1, NonImmediateOops: No
[1,080s][debug][gc,nmethod  ] Register NMethod: java.io.RandomAccessFile.seek (0x000074dd1f481f08) [0x000074dd1f482000, 0x000074dd1f482248] Compiler: c1, Barriers: 0, Oops: 0, ImmediateOops: 1, NonImmediateOops: No
[1,080s][debug][gc,nmethod  ] Register NMethod: java.lang.Integer.intValue (0x000074dd3ec03c88) [0x000074dd3ec03d80, 0x000074dd3ec03e40] Compiler: c1, Barriers: 0, Oops: 0, ImmediateOops: 0, NonImmediateOops: No
[1,081s][debug][gc,nmethod  ] Register NMethod: java.util.jar.JarFile.checkForSpecialAttributes (0x000074dd1f482288) [0x000074dd1f482380, 0x000074dd1f4838e8] Compiler: c1, Barriers: 10, Oops: 1, ImmediateOops: 8, NonImmediateOops: No
[1,081s][debug][gc,nmethod  ] Register NMethod: java.util.jar.JarFile.checkForSpecialAttributes (0x000074dd1f482288) [0x000074dd1f482380, 0x000074dd1f4838e8] Compiler: c1, Barriers: 10, Oops: 1, ImmediateOops: 8, NonImmediateOops: No
[1,081s][debug][gc,nmethod  ] Register NMethod: java.util.jar.JarFile.checkForSpecialAttributes (0x000074dd1f482288) [0x000074dd1f482380, 0x000074dd1f4838e8] Compiler: c1, Barriers: 10, Oops: 1, ImmediateOops: 8, NonImmediateOops: No
[1,081s][debug][gc,nmethod  ] Register NMethod: java.util.jar.JarFile.checkForSpecialAttributes (0x000074dd1f482288) [0x000074dd1f482380, 0x000074dd1f4838e8] Compiler: c1, Barriers: 10, Oops: 1, ImmediateOops: 8, NonImmediateOops: No
[1,081s][debug][gc,nmethod  ] Register NMethod: java.util.zip.ZipFile$Source.getEntryPos (0x000074dd1f483908) [0x000074dd1f483a00, 0x000074dd1f4856a8] Compiler: c1, Barriers: 12, Oops: 1, ImmediateOops: 3, NonImmediateOops: No
[1,081s][debug][gc,nmethod  ] Register NMethod: java.util.LinkedHashMap.removeEldestEntry (0x000074dd3ec03f88) [0x000074dd3ec04080, 0x000074dd3ec04140] Compiler: c1, Barriers: 0, Oops: 0, ImmediateOops: 0, NonImmediateOops: No
[1,081s][debug][gc,nmethod  ] Register NMethod: java.lang.StringCoding.countPositives (0x000074dd3ec04288) [0x000074dd3ec04380, 0x000074dd3ec04708] Compiler: jvmci, Barriers: 0, Oops: 0, ImmediateOops: 0, NonImmediateOops: No
[1,081s][debug][gc,nmethod  ] Register NMethod: java.util.jar.Attributes$Name.hashCode (0x000074dd3ec04788) [0x000074dd3ec04880, 0x000074dd3ec04940] Compiler: c1, Barriers: 0, Oops: 0, ImmediateOops: 0, NonImmediateOops: No
[1,081s][debug][gc,nmethod  ] Register NMethod: java.util.jar.JarFile.isMultiRelease (0x000074dd1f485708) [0x000074dd1f485800, 0x000074dd1f4859f8] Compiler: c1, Barriers: 0, Oops: 0, ImmediateOops: 0, NonImmediateOops: No
[1,082s][debug][gc,nmethod  ] Register NMethod: java.util.jar.Manifest$FastInputStream.readLine (0x000074dd1f485a08) [0x000074dd1f485b00, 0x000074dd1f486358] Compiler: c1, Barriers: 1, Oops: 0, ImmediateOops: 0, NonImmediateOops: No
[1,082s][debug][gc,nmethod  ] Register NMethod: jdk.internal.misc.Unsafe.putLong (0x000074dd3ec04a88) [0x000074dd3ec04b80, 0x000074dd3ec04cd8] Compiler: , Barriers: 0, Oops: 0, ImmediateOops: 0, NonImmediateOops: No
[1,082s][debug][gc,nmethod  ] Register NMethod: java.nio.Buffer.session (0x000074dd1f486388) [0x000074dd1f486480, 0x000074dd1f486888] Compiler: c1, Barriers: 1, Oops: 0, ImmediateOops: 0, NonImmediateOops: No
[1,082s][debug][gc,nmethod  ] Register NMethod: java.nio.Buffer.checkIndex (0x000074dd1f486908) [0x000074dd1f486a00, 0x000074dd1f486b50] Compiler: c1, Barriers: 0, Oops: 1, ImmediateOops: 1, NonImmediateOops: No
[1,082s][debug][gc,nmethod  ] Register NMethod: java.util.zip.ZipFile.getEntry (0x000074dd1f486c08) [0x000074dd1f486d00, 0x000074dd1f4872c8] Compiler: c1, Barriers: 4, Oops: 1, ImmediateOops: 1, NonImmediateOops: No
[1,082s][debug][gc,nmethod  ] Register NMethod: java.nio.DirectLongBufferU.ix (0x000074dd1f487308) [0x000074dd1f487400, 0x000074dd1f487510] Compiler: c1, Barriers: 0, Oops: 0, ImmediateOops: 0, NonImmediateOops: No
[1,082s][debug][gc,nmethod  ] Register NMethod: java.util.zip.ZipCoder.hash (0x000074dd1f487608) [0x000074dd1f487700, 0x000074dd1f488538] Compiler: c1, Barriers: 1, Oops: 1, ImmediateOops: 1, NonImmediateOops: No
[1,082s][debug][gc,nmethod  ] Register NMethod: jdk.internal.loader.URLClassPath$JarLoader.getResource (0x000074dd1f488588) [0x000074dd1f488680, 0x000074dd1f488c60] Compiler: c1, Barriers: 1, Oops: 0, ImmediateOops: 0, NonImmediateOops: No
[1,082s][debug][gc,nmethod  ] Register NMethod: java.util.jar.JarFile.getJarEntry (0x000074dd1f488c88) [0x000074dd1f488d80, 0x000074dd1f489628] Compiler: c1, Barriers: 0, Oops: 0, ImmediateOops: 0, NonImmediateOops: No
[1,082s][debug][gc,nmethod  ] Register NMethod: java.util.jar.JarFile.getEntry (0x000074dd1f489688) [0x000074dd1f489780, 0x000074dd1f489ec8] Compiler: c1, Barriers: 0, Oops: 0, ImmediateOops: 0, NonImmediateOops: No
[1,083s][debug][gc,nmethod  ] Register NMethod: java.util.WeakHashMap.maskNull (0x000074dd1f489f08) [0x000074dd1f48a000, 0x000074dd1f48a128] Compiler: c1, Barriers: 0, Oops: 0, ImmediateOops: 1, NonImmediateOops: No
[1,083s][debug][gc,nmethod  ] Register NMethod: java.util.WeakHashMap.hash (0x000074dd1f48a208) [0x000074dd1f48a300, 0x000074dd1f48a628] Compiler: c1, Barriers: 0, Oops: 0, ImmediateOops: 0, NonImmediateOops: No
[1,083s][debug][gc,nmethod  ] Register NMethod: java.util.WeakHashMap.getTable (0x000074dd1f48a688) [0x000074dd1f48a780, 0x000074dd1f48a8f8] Compiler: c1, Barriers: 1, Oops: 0, ImmediateOops: 0, NonImmediateOops: No
[1,083s][debug][gc,nmethod  ] Register NMethod: java.util.WeakHashMap.indexFor (0x000074dd1f48a988) [0x000074dd1f48aa80, 0x000074dd1f48ab68] Compiler: c1, Barriers: 0, Oops: 0, ImmediateOops: 0, NonImmediateOops: No
[1,083s][debug][gc,nmethod  ] Register NMethod: java.lang.Class.getModule (0x000074dd3ec04d88) [0x000074dd3ec04e80, 0x000074dd3ec04f68] Compiler: c1, Barriers: 1, Oops: 0, ImmediateOops: 0, NonImmediateOops: No
[1,083s][debug][gc,nmethod  ] Register NMethod: jdk.internal.loader.URLClassPath.getLoader (0x000074dd1f48ac88) [0x000074dd1f48ad80, 0x000074dd1f48cc28] Compiler: c1, Barriers: 12, Oops: 0, ImmediateOops: 0, NonImmediateOops: No
[1,083s][debug][gc,nmethod  ] Register NMethod: java.util.WeakHashMap.expungeStaleEntries (0x000074dd1f48cc88) [0x000074dd1f48cd80, 0x000074dd1f48db18] Compiler: c1, Barriers: 14, Oops: 0, ImmediateOops: 0, NonImmediateOops: No
[1,084s][debug][gc,nmethod  ] Register NMethod: java.lang.Class.getPackageName (0x000074dd1f48db88) [0x000074dd1f48dc80, 0x000074dd1f48fe88] Compiler: c1, Barriers: 8, Oops: 0, ImmediateOops: 2, NonImmediateOops: No
[1,084s][debug][gc,nmethod  ] Register NMethod: java.util.zip.Inflater.inflateBytesBytes (0x000074dd3ec05088) [0x000074dd3ec05180, 0x000074dd3ec05318] Compiler: , Barriers: 0, Oops: 0, ImmediateOops: 0, NonImmediateOops: No
[1,085s][debug][gc,nmethod  ] Register NMethod: java.lang.ClassLoader.findBootstrapClass (0x000074dd3ec05388) [0x000074dd3ec05480, 0x000074dd3ec057b8] Compiler: , Barriers: 0, Oops: 0, ImmediateOops: 1, NonImmediateOops: No
[1,085s][debug][gc,nmethod  ] Register NMethod: java.security.CodeSource.getLocationNoFragString (0x000074dd3ec05808) [0x000074dd3ec05900, 0x000074dd3ec059e8] Compiler: c1, Barriers: 1, Oops: 0, ImmediateOops: 0, NonImmediateOops: No
[1,086s][debug][gc,nmethod  ] Register NMethod: java.lang.Module.getDescriptor (0x000074dd3ec05b08) [0x000074dd3ec05c00, 0x000074dd3ec05ce8] Compiler: c1, Barriers: 1, Oops: 0, ImmediateOops: 0, NonImmediateOops: No
[1,086s][debug][gc,nmethod  ] Register NMethod: java.util.concurrent.CopyOnWriteArrayList.setArray (0x000074dd3ec05e08) [0x000074dd3ec05f00, 0x000074dd3ec06030] Compiler: c1, Barriers: 3, Oops: 0, ImmediateOops: 0, NonImmediateOops: No
[1,086s][debug][gc,nmethod  ] Register NMethod: java.lang.module.ModuleDescriptor$Provides.providers (0x000074dd3ec06108) [0x000074dd3ec06200, 0x000074dd3ec062e8] Compiler: c1, Barriers: 1, Oops: 0, ImmediateOops: 0, NonImmediateOops: No
[1,086s][debug][gc,nmethod  ] Register NMethod: java.lang.Class.initClassName (0x000074dd3ec06408) [0x000074dd3ec06500, 0x000074dd3ec06820] Compiler: , Barriers: 0, Oops: 0, ImmediateOops: 0, NonImmediateOops: No
[1,086s][debug][gc,nmethod  ] Register NMethod: java.lang.StringBuilder.append (0x000074dd1f48ff08) [0x000074dd1f490000, 0x000074dd1f490148] Compiler: c1, Barriers: 0, Oops: 0, ImmediateOops: 0, NonImmediateOops: No
[1,086s][debug][gc,nmethod  ] Register NMethod: java.lang.StringLatin1.coderFromChar (0x000074dd1f490208) [0x000074dd1f490300, 0x000074dd1f4903f0] Compiler: c1, Barriers: 0, Oops: 0, ImmediateOops: 0, NonImmediateOops: No
[1,086s][debug][gc,nmethod  ] Register NMethod: java.lang.AbstractStringBuilder.append (0x000074dd1f490508) [0x000074dd1f490600, 0x000074dd1f490ab8] Compiler: c1, Barriers: 4, Oops: 0, ImmediateOops: 0, NonImmediateOops: No
[1,087s][debug][gc,nmethod  ] Register NMethod: java.nio.DirectByteBuffer.ix (0x000074dd1f490b08) [0x000074dd1f490c00, 0x000074dd1f490d08] Compiler: c1, Barriers: 0, Oops: 0, ImmediateOops: 0, NonImmediateOops: No
[1,088s][debug][gc,nmethod  ] Register NMethod: java.lang.ref.Reference.reachabilityFence (0x000074dd3ec06888) [0x000074dd3ec06980, 0x000074dd3ec069e0] Compiler: jvmci, Barriers: 0, Oops: 0, ImmediateOops: 0, NonImmediateOops: No
[1,088s][debug][gc,nmethod  ] Register NMethod: jdk.internal.misc.ScopedMemoryAccess.getByteInternal (0x000074dd1f490e08) [0x000074dd1f490f00, 0x000074dd1f491150] Compiler: c1, Barriers: 0, Oops: 0, ImmediateOops: 0, NonImmediateOops: No
[1,088s][debug][gc,nmethod  ] Register NMethod: jdk.internal.misc.ScopedMemoryAccess.getByte (0x000074dd1f491188) [0x000074dd1f491280, 0x000074dd1f491598] Compiler: c1, Barriers: 0, Oops: 0, ImmediateOops: 0, NonImmediateOops: No
[1,088s][debug][gc,nmethod  ] Register NMethod: java.nio.DirectByteBuffer.get (0x000074dd1f491608) [0x000074dd1f491700, 0x000074dd1f492500] Compiler: c1, Barriers: 1, Oops: 2, ImmediateOops: 2, NonImmediateOops: No
[1,088s][debug][gc,nmethod  ] Register NMethod: java.util.concurrent.ConcurrentHashMap.tabAt (0x000074dd3ec06b88) [0x000074dd3ec06c80, 0x000074dd3ec06d18] Compiler: jvmci, Barriers: 1, Oops: 0, ImmediateOops: 0, NonImmediateOops: No
[1,089s][debug][gc,nmethod  ] Register NMethod: java.lang.invoke.LambdaForm$Name.<init> (0x000074dd1f492588) [0x000074dd1f492680, 0x000074dd1f4929e8] Compiler: c1, Barriers: 12, Oops: 0, ImmediateOops: 0, NonImmediateOops: No
[1,089s][debug][gc,nmethod  ] Register NMethod: jdk.internal.constant.MethodTypeDescImpl.parameterCount (0x000074dd1f492a08) [0x000074dd1f492b00, 0x000074dd1f492c38] Compiler: c1, Barriers: 1, Oops: 0, ImmediateOops: 0, NonImmediateOops: No
[1,089s][debug][gc,director ] Rule Major: Warmup 10%, Used: 16MB, UsedThreshold: 1228MB
[1,089s][debug][gc,nmethod  ] Register NMethod: java.lang.Class.desiredAssertionStatus0 (0x000074dd3ec06e88) [0x000074dd3ec06f80, 0x000074dd3ec070f0] Compiler: , Barriers: 0, Oops: 0, ImmediateOops: 1, NonImmediateOops: No
[1,090s][debug][gc,nmethod  ] Register NMethod: jdk.internal.classfile.impl.StackMapGenerator.processBlock (0x000074dd1f492d08) [0x000074dd1f492e00, 0x000074dd1f4c20c8] Compiler: c1, Barriers: 287, Oops: 4, ImmediateOops: 158, NonImmediateOops: No
[1,091s][debug][gc,nmethod  ] Register NMethod: jdk.internal.loader.URLClassPath$JarLoader.getResource (0x000074dd1f4c2108) [0x000074dd1f4c2200, 0x000074dd1f4c2b30] Compiler: c1, Barriers: 1, Oops: 0, ImmediateOops: 0, NonImmediateOops: No
[1,092s][debug][gc,nmethod  ] Register NMethod: java.io.RandomAccessFile.readFully (0x000074dd1f4c2b88) [0x000074dd1f4c2c80, 0x000074dd1f4c3158] Compiler: c1, Barriers: 0, Oops: 0, ImmediateOops: 1, NonImmediateOops: No
[1,092s][debug][gc,nmethod  ] Register NMethod: jdk.internal.misc.Unsafe.compareAndSetInt (0x000074dd3ec07188) [0x000074dd3ec07280, 0x000074dd3ec073f0] Compiler: , Barriers: 0, Oops: 0, ImmediateOops: 0, NonImmediateOops: No
[1,092s][debug][gc,nmethod  ] Register NMethod: java.net.URL.getRef (0x000074dd3ec07488) [0x000074dd3ec07580, 0x000074dd3ec07668] Compiler: c1, Barriers: 1, Oops: 0, ImmediateOops: 0, NonImmediateOops: No
[1,092s][debug][gc,nmethod  ] Register NMethod: java.util.jar.JarFile.getEntry (0x000074dd1f4c3188) [0x000074dd1f4c3280, 0x000074dd1f4c39c8] Compiler: c1, Barriers: 0, Oops: 0, ImmediateOops: 0, NonImmediateOops: No
[1,092s][debug][gc,nmethod  ] Register NMethod: java.net.URL.getPath (0x000074dd3ec07788) [0x000074dd3ec07880, 0x000074dd3ec07968] Compiler: c1, Barriers: 1, Oops: 0, ImmediateOops: 0, NonImmediateOops: No
[1,092s][debug][gc,nmethod  ] Register NMethod: java.net.URL.getPort (0x000074dd3ec07a88) [0x000074dd3ec07b80, 0x000074dd3ec07c40] Compiler: c1, Barriers: 0, Oops: 0, ImmediateOops: 0, NonImmediateOops: No
[1,092s][debug][gc,nmethod  ] Register NMethod: java.net.URL.getAuthority (0x000074dd3ec07d88) [0x000074dd3ec07e80, 0x000074dd3ec07f68] Compiler: c1, Barriers: 1, Oops: 0, ImmediateOops: 0, NonImmediateOops: No
[1,092s][debug][gc,nmethod  ] Register NMethod: java.lang.CharacterDataLatin1.equalsIgnoreCase (0x000074dd1f4c3a08) [0x000074dd1f4c3b00, 0x000074dd1f4c3d98] Compiler: c1, Barriers: 0, Oops: 0, ImmediateOops: 0, NonImmediateOops: No
[1,092s][debug][gc,nmethod  ] Register NMethod: java.net.URL.getQuery (0x000074dd3ec08088) [0x000074dd3ec08180, 0x000074dd3ec08268] Compiler: c1, Barriers: 1, Oops: 0, ImmediateOops: 0, NonImmediateOops: No
[1,092s][debug][gc,nmethod  ] Register NMethod: java.util.zip.Inflater.ensureOpen (0x000074dd1f4c3e08) [0x000074dd1f4c3f00, 0x000074dd1f4c4188] Compiler: c1, Barriers: 1, Oops: 0, ImmediateOops: 1, NonImmediateOops: No
[1,093s][debug][gc,nmethod  ] Register NMethod: java.util.ArrayDeque.addLast (0x000074dd1f4c4208) [0x000074dd1f4c4300, 0x000074dd1f4c48e0] Compiler: c1, Barriers: 4, Oops: 0, ImmediateOops: 0, NonImmediateOops: No
[1,093s][debug][gc,nmethod  ] Register NMethod: java.lang.StringLatin1.regionMatchesCI (0x000074dd1f4c4908) [0x000074dd1f4c4a00, 0x000074dd1f4c4ca0] Compiler: c1, Barriers: 0, Oops: 0, ImmediateOops: 0, NonImmediateOops: No
[1,093s][debug][gc,nmethod  ] Register NMethod: java.lang.String.regionMatches (0x000074dd1f4c4d08) [0x000074dd1f4c4e00, 0x000074dd1f4c61f8] Compiler: c1, Barriers: 2, Oops: 0, ImmediateOops: 0, NonImmediateOops: No
[1,093s][debug][gc,nmethod  ] Register NMethod: java.util.zip.ZipFile$Source.readFullyAt (0x000074dd1f4c6208) [0x000074dd1f4c6300, 0x000074dd1f4c6b98] Compiler: c1, Barriers: 3, Oops: 0, ImmediateOops: 1, NonImmediateOops: No
[1,093s][debug][gc,nmethod  ] Register NMethod: java.util.jar.JarFile.checkForSpecialAttributes (0x000074dd1f4c6c08) [0x000074dd1f4c6d00, 0x000074dd1f4c82e0] Compiler: c1, Barriers: 13, Oops: 1, ImmediateOops: 8, NonImmediateOops: No
[1,093s][debug][gc,nmethod  ] Register NMethod: java.lang.ClassLoader.findLoadedClass (0x000074dd1f4c8308) [0x000074dd1f4c8400, 0x000074dd1f4c85d0] Compiler: c1, Barriers: 0, Oops: 0, ImmediateOops: 0, NonImmediateOops: No
[1,093s][debug][gc,nmethod  ] Register NMethod: java.lang.ClassLoader.getClassLoadingLock (0x000074dd1f4c8608) [0x000074dd1f4c8700, 0x000074dd1f4c8bd0] Compiler: c1, Barriers: 1, Oops: 0, ImmediateOops: 0, NonImmediateOops: No
[1,094s][debug][gc,nmethod  ] Register NMethod: java.util.ArrayDeque.add (0x000074dd1f4c8c08) [0x000074dd1f4c8d00, 0x000074dd1f4c8e50] Compiler: c1, Barriers: 0, Oops: 0, ImmediateOops: 0, NonImmediateOops: No
[1,094s][debug][gc,nmethod  ] Register NMethod: java.security.CodeSource.getLocation (0x000074dd3ec08388) [0x000074dd3ec08480, 0x000074dd3ec08568] Compiler: c1, Barriers: 1, Oops: 0, ImmediateOops: 0, NonImmediateOops: No
[1,094s][debug][gc,nmethod  ] Register NMethod: jdk.internal.perf.PerfCounter.get (0x000074dd1f4c8f08) [0x000074dd1f4c9000, 0x000074dd1f4c92e0] Compiler: c1, Barriers: 1, Oops: 0, ImmediateOops: 0, NonImmediateOops: No
[1,094s][debug][gc,nmethod  ] Register NMethod: jdk.internal.perf.PerfCounter.add (0x000074dd1f4c9308) [0x000074dd1f4c9400, 0x000074dd1f4c9960] Compiler: c1, Barriers: 2, Oops: 0, ImmediateOops: 0, NonImmediateOops: No
[1,094s][debug][gc,nmethod  ] Register NMethod: jdk.internal.misc.ScopedMemoryAccess.getLongInternal (0x000074dd1f4c9988) [0x000074dd1f4c9a80, 0x000074dd1f4c9cd0] Compiler: c1, Barriers: 0, Oops: 0, ImmediateOops: 0, NonImmediateOops: No
[1,094s][debug][gc,nmethod  ] Register NMethod: jdk.internal.misc.ScopedMemoryAccess.getLong (0x000074dd1f4c9d08) [0x000074dd1f4c9e00, 0x000074dd1f4ca110] Compiler: c1, Barriers: 0, Oops: 0, ImmediateOops: 0, NonImmediateOops: No
[1,094s][debug][gc,nmethod  ] Register NMethod: java.nio.DirectLongBufferU.get (0x000074dd1f4ca188) [0x000074dd1f4ca280, 0x000074dd1f4cb070] Compiler: c1, Barriers: 1, Oops: 2, ImmediateOops: 2, NonImmediateOops: No
[1,094s][debug][gc,nmethod  ] Register NMethod: jdk.internal.misc.ScopedMemoryAccess.putLongInternal (0x000074dd1f4cb088) [0x000074dd1f4cb180, 0x000074dd1f4cb3e0] Compiler: c1, Barriers: 0, Oops: 0, ImmediateOops: 0, NonImmediateOops: No
[1,094s][debug][gc,nmethod  ] Register NMethod: jdk.internal.misc.ScopedMemoryAccess.putLong (0x000074dd1f4cb408) [0x000074dd1f4cb500, 0x000074dd1f4cb850] Compiler: c1, Barriers: 0, Oops: 0, ImmediateOops: 0, NonImmediateOops: No
[1,094s][debug][gc,nmethod  ] Register NMethod: java.nio.DirectLongBufferU.put (0x000074dd1f4cb888) [0x000074dd1f4cb980, 0x000074dd1f4cc7c0] Compiler: c1, Barriers: 1, Oops: 2, ImmediateOops: 2, NonImmediateOops: No
[1,095s][debug][gc,nmethod  ] Register NMethod: jdk.internal.misc.Unsafe.putReferenceRelease (0x000074dd3ec08688) [0x000074dd3ec08780, 0x000074dd3ec08870] Compiler: jvmci, Barriers: 3, Oops: 0, ImmediateOops: 0, NonImmediateOops: No
[1,095s][debug][gc,nmethod  ] Register NMethod: java.lang.ClassLoader.loadClass (0x000074dd1f4cc808) [0x000074dd1f4cc900, 0x000074dd1f4ccc08] Compiler: c1, Barriers: 0, Oops: 0, ImmediateOops: 0, NonImmediateOops: No
[1,095s][debug][gc,nmethod  ] Register NMethod: java.net.URL.isBuiltinStreamHandler (0x000074dd1f4ccc88) [0x000074dd1f4ccd80, 0x000074dd1f4cd2b0] Compiler: c1, Barriers: 0, Oops: 1, ImmediateOops: 1, NonImmediateOops: No
[1,095s][debug][gc,nmethod  ] Register NMethod: sun.net.util.IPAddressUtil.checkHostString (0x000074dd1f4cd308) [0x000074dd1f4cd400, 0x000074dd1f4cd600] Compiler: c1, Barriers: 0, Oops: 0, ImmediateOops: 0, NonImmediateOops: No
[1,095s][debug][gc,nmethod  ] Register NMethod: java.net.URL.isBuiltinStreamHandler (0x000074dd1f4cd608) [0x000074dd1f4cd700, 0x000074dd1f4ce5e8] Compiler: c1, Barriers: 3, Oops: 1, ImmediateOops: 2, NonImmediateOops: No
[1,096s][debug][gc,nmethod  ] Register NMethod: java.lang.ref.PhantomReference.clear0 (0x000074dd3ec08988) [0x000074dd3ec08a80, 0x000074dd3ec08bc8] Compiler: , Barriers: 0, Oops: 0, ImmediateOops: 0, NonImmediateOops: No
[1,096s][debug][gc,nmethod  ] Register NMethod: java.util.Arrays.rangeCheck (0x000074dd1f4ce608) [0x000074dd1f4ce700, 0x000074dd1f4cfce8] Compiler: c1, Barriers: 0, Oops: 3, ImmediateOops: 4, NonImmediateOops: No
[1,096s][debug][gc,nmethod  ] Register NMethod: java.util.zip.Inflater.reset (0x000074dd3ec08c88) [0x000074dd3ec08d80, 0x000074dd3ec08ed0] Compiler: , Barriers: 0, Oops: 0, ImmediateOops: 1, NonImmediateOops: No
[1,096s][debug][gc,nmethod  ] Register NMethod: java.io.InputStream.<init> (0x000074dd1f4cfd08) [0x000074dd1f4cfe00, 0x000074dd1f4cff58] Compiler: c1, Barriers: 0, Oops: 0, ImmediateOops: 0, NonImmediateOops: No
[1,096s][debug][gc,nmethod  ] Register NMethod: sun.net.util.IPAddressUtil.scan (0x000074dd1f4d0008) [0x000074dd1f4d0100, 0x000074dd1f4d1358] Compiler: c1, Barriers: 3, Oops: 1, ImmediateOops: 2, NonImmediateOops: No
[1,096s][debug][gc,nmethod  ] Register NMethod: java.util.zip.Inflater.hasPendingOutput (0x000074dd3ec08f88) [0x000074dd3ec09080, 0x000074dd3ec09140] Compiler: c1, Barriers: 0, Oops: 0, ImmediateOops: 0, NonImmediateOops: No
[1,096s][debug][gc,nmethod  ] Register NMethod: java.util.Collections$SetFromMap.remove (0x000074dd1f4d1388) [0x000074dd1f4d1480, 0x000074dd1f4d1810] Compiler: c1, Barriers: 1, Oops: 0, ImmediateOops: 0, NonImmediateOops: No
[1,096s][debug][gc,nmethod  ] Register NMethod: java.util.zip.ZipFile$ZipFileInputStream.close (0x000074dd1f4d1888) [0x000074dd1f4d1980, 0x000074dd1f4d1fc8] Compiler: c1, Barriers: 6, Oops: 0, ImmediateOops: 0, NonImmediateOops: No
[1,096s][debug][gc,nmethod  ] Register NMethod: java.lang.Throwable.fillInStackTrace (0x000074dd3ec09288) [0x000074dd3ec09380, 0x000074dd3ec096a0] Compiler: , Barriers: 0, Oops: 0, ImmediateOops: 0, NonImmediateOops: No
[1,096s][debug][gc,nmethod  ] Register NMethod: java.util.WeakHashMap.remove (0x000074dd1f4d2008) [0x000074dd1f4d2100, 0x000074dd1f4d3510] Compiler: c1, Barriers: 12, Oops: 0, ImmediateOops: 1, NonImmediateOops: No
[1,096s][debug][gc,nmethod  ] Register NMethod: java.lang.StringConcatHelper.doConcat (0x000074dd1f4d3588) [0x000074dd1f4d3680, 0x000074dd1f4d5620] Compiler: c1, Barriers: 6, Oops: 0, ImmediateOops: 4, NonImmediateOops: No
[1,096s][debug][gc,nmethod  ] Register NMethod: sun.net.util.IPAddressUtil.checkHost (0x000074dd1f4d5688) [0x000074dd1f4d5780, 0x000074dd1f4da568] Compiler: c1, Barriers: 7, Oops: 5, ImmediateOops: 13, NonImmediateOops: No
[1,097s][debug][gc,nmethod  ] Register NMethod: java.lang.String.concat (0x000074dd1f4da608) [0x000074dd1f4da700, 0x000074dd1f4dca00] Compiler: c1, Barriers: 6, Oops: 0, ImmediateOops: 4, NonImmediateOops: No
[1,097s][debug][gc,nmethod  ] Register NMethod: java.lang.StringConcatHelper.checkOverflow (0x000074dd1f4dca08) [0x000074dd1f4dcb00, 0x000074dd1f4dccd8] Compiler: c1, Barriers: 0, Oops: 0, ImmediateOops: 1, NonImmediateOops: No
[1,097s][debug][gc,nmethod  ] Register NMethod: java.util.jar.JarFile.maybeInstantiateVerifier (0x000074dd1f4dcd08) [0x000074dd1f4dce00, 0x000074dd1f4dd2d0] Compiler: c1, Barriers: 1, Oops: 0, ImmediateOops: 1, NonImmediateOops: No
[1,097s][debug][gc,nmethod  ] Register NMethod: java.util.ArrayDeque.elementAt (0x000074dd1f4dd308) [0x000074dd1f4dd400, 0x000074dd1f4dd538] Compiler: c1, Barriers: 1, Oops: 0, ImmediateOops: 0, NonImmediateOops: No
[1,098s][debug][gc,nmethod  ] Register NMethod: java.lang.ref.PhantomReference.<init> (0x000074dd1f4dd608) [0x000074dd1f4dd700, 0x000074dd1f4dd9f0] Compiler: c1, Barriers: 6, Oops: 0, ImmediateOops: 1, NonImmediateOops: No
[1,098s][debug][gc,nmethod  ] Register NMethod: java.lang.String.indexOf (0x000074dd1f4dda08) [0x000074dd1f4ddb00, 0x000074dd1f4de4b8] Compiler: c1, Barriers: 2, Oops: 0, ImmediateOops: 0, NonImmediateOops: No
[1,098s][debug][gc,nmethod  ] Register NMethod: jdk.internal.ref.CleanerFactory.cleaner (0x000074dd1f4de508) [0x000074dd1f4de600, 0x000074dd1f4de6e8] Compiler: c1, Barriers: 0, Oops: 0, ImmediateOops: 1, NonImmediateOops: No
[1,098s][debug][gc,nmethod  ] Register NMethod: java.util.zip.ZipEntry.getSize (0x000074dd3ec09708) [0x000074dd3ec09800, 0x000074dd3ec098c0] Compiler: c1, Barriers: 0, Oops: 0, ImmediateOops: 0, NonImmediateOops: No
[1,098s][debug][gc,nmethod  ] Register NMethod: java.net.URLStreamHandler.getDefaultPort (0x000074dd3ec09a08) [0x000074dd3ec09b00, 0x000074dd3ec09bc0] Compiler: c1, Barriers: 0, Oops: 0, ImmediateOops: 0, NonImmediateOops: No
[1,098s][debug][gc,nmethod  ] Register NMethod: jdk.internal.ref.CleanerImpl$CleanableList.insert (0x000074dd1f4de808) [0x000074dd1f4de900, 0x000074dd1f4df380] Compiler: c1, Barriers: 22, Oops: 0, ImmediateOops: 0, NonImmediateOops: No
[1,098s][debug][gc,nmethod  ] Register NMethod: jdk.internal.ref.PhantomCleanable.<init> (0x000074dd1f4df388) [0x000074dd1f4df480, 0x000074dd1f4e0670] Compiler: c1, Barriers: 13, Oops: 0, ImmediateOops: 3, NonImmediateOops: No
[1,098s][debug][gc,nmethod  ] Register NMethod: java.lang.NamedPackage.module (0x000074dd3ec09d08) [0x000074dd3ec09e00, 0x000074dd3ec09ee8] Compiler: c1, Barriers: 1, Oops: 0, ImmediateOops: 0, NonImmediateOops: No
[1,099s][debug][gc,nmethod  ] Register NMethod: java.util.LinkedHashMap.get (0x000074dd1f4e0688) [0x000074dd1f4e0780, 0x000074dd1f4e0b98] Compiler: c1, Barriers: 1, Oops: 0, ImmediateOops: 0, NonImmediateOops: No
[1,099s][debug][gc,nmethod  ] Register NMethod: java.util.zip.InflaterInputStream.ensureOpen (0x000074dd1f4e0c08) [0x000074dd1f4e0d00, 0x000074dd1f4e0f08] Compiler: c1, Barriers: 0, Oops: 0, ImmediateOops: 1, NonImmediateOops: No
[1,099s][debug][gc,nmethod  ] Register NMethod: java.util.zip.Inflater.finished (0x000074dd1f4e0f88) [0x000074dd1f4e1080, 0x000074dd1f4e1330] Compiler: c1, Barriers: 1, Oops: 0, ImmediateOops: 0, NonImmediateOops: No
[1,099s][debug][gc,nmethod  ] Register NMethod: java.lang.StringLatin1.lastIndexOf (0x000074dd3ec0a008) [0x000074dd3ec0a100, 0x000074dd3ec0a370] Compiler: jvmci, Barriers: 0, Oops: 0, ImmediateOops: 0, NonImmediateOops: No
[1,099s][debug][gc,nmethod  ] Register NMethod: java.lang.String.<init> (0x000074dd1f4e1388) [0x000074dd1f4e1480, 0x000074dd1f4e18b8] Compiler: c1, Barriers: 0, Oops: 1, ImmediateOops: 1, NonImmediateOops: No
[1,099s][debug][gc,nmethod  ] Register NMethod: java.util.zip.InflaterInputStream.read (0x000074dd1f4e1908) [0x000074dd1f4e1a00, 0x000074dd1f4e2a88] Compiler: c1, Barriers: 7, Oops: 0, ImmediateOops: 2, NonImmediateOops: No
[1,099s][debug][gc,director ] Rule Major: Warmup 10%, Used: 16MB, UsedThreshold: 1228MB
[1,100s][debug][gc,nmethod  ] Register NMethod: java.lang.String.<init> (0x000074dd1f4e2b08) [0x000074dd1f4e2c00, 0x000074dd1f4e6a70] Compiler: c1, Barriers: 45, Oops: 1, ImmediateOops: 12, NonImmediateOops: No
[1,101s][debug][gc,nmethod  ] Register NMethod: java.lang.reflect.Array.newArray (0x000074dd3ec0a388) [0x000074dd3ec0a480, 0x000074dd3ec0a7b8] Compiler: , Barriers: 0, Oops: 0, ImmediateOops: 1, NonImmediateOops: No
[1,101s][debug][gc,nmethod  ] Register NMethod: jdk.internal.classfile.impl.AbstractDirectBuilder.setOriginal (0x000074dd3ec0a808) [0x000074dd3ec0a900, 0x000074dd3ec0aa30] Compiler: c1, Barriers: 3, Oops: 0, ImmediateOops: 0, NonImmediateOops: No
[1,101s][debug][gc,nmethod  ] Register NMethod: java.lang.CharacterDataLatin1.getProperties (0x000074dd1f4e6a88) [0x000074dd1f4e6b80, 0x000074dd1f4e6cb0] Compiler: c1, Barriers: 0, Oops: 0, ImmediateOops: 1, NonImmediateOops: No
[1,101s][debug][gc,nmethod  ] Register NMethod: java.lang.CharacterData.of (0x000074dd1f4e6d88) [0x000074dd1f4e6e80, 0x000074dd1f4e75c0] Compiler: c1, Barriers: 7, Oops: 0, ImmediateOops: 1, NonImmediateOops: No
[1,101s][debug][gc,nmethod  ] Register NMethod: java.lang.Integer.numberOfLeadingZeros (0x000074dd1f4e7608) [0x000074dd1f4e7700, 0x000074dd1f4e7980] Compiler: c1, Barriers: 0, Oops: 0, ImmediateOops: 0, NonImmediateOops: No
[1,101s][debug][gc,nmethod  ] Register NMethod: jdk.internal.constant.ClassOrInterfaceDescImpl.<init> (0x000074dd1f4e7988) [0x000074dd1f4e7a80, 0x000074dd1f4e7c50] Compiler: c1, Barriers: 3, Oops: 0, ImmediateOops: 0, NonImmediateOops: No
[1,101s][debug][gc,nmethod  ] Register NMethod: jdk.internal.constant.ClassOrInterfaceDescImpl.ofValidated (0x000074dd1f4e7c88) [0x000074dd1f4e7d80, 0x000074dd1f4e8008] Compiler: c1, Barriers: 3, Oops: 0, ImmediateOops: 0, NonImmediateOops: No
[1,102s][debug][gc,nmethod  ] Register NMethod: jdk.internal.classfile.impl.DirectMethodBuilder.methodFlags (0x000074dd3ec0ab08) [0x000074dd3ec0ac00, 0x000074dd3ec0acc0] Compiler: c1, Barriers: 0, Oops: 0, ImmediateOops: 0, NonImmediateOops: No
[1,102s][debug][gc,nmethod  ] Register NMethod: jdk.internal.classfile.impl.DirectMethodBuilder.methodType (0x000074dd3ec0ae08) [0x000074dd3ec0af00, 0x000074dd3ec0afe8] Compiler: c1, Barriers: 1, Oops: 0, ImmediateOops: 0, NonImmediateOops: No
[1,102s][debug][gc,nmethod  ] Register NMethod: jdk.internal.classfile.impl.SplitConstantPool.utf8Entry (0x000074dd1f4e8088) [0x000074dd1f4e8180, 0x000074dd1f4e8478] Compiler: c1, Barriers: 0, Oops: 0, ImmediateOops: 0, NonImmediateOops: No
[1,102s][debug][gc,nmethod  ] Register NMethod: java.lang.String.toString (0x000074dd1f4e8488) [0x000074dd1f4e8580, 0x000074dd1f4e8680] Compiler: c1, Barriers: 0, Oops: 0, ImmediateOops: 0, NonImmediateOops: No
[1,103s][debug][gc,nmethod  ] Register NMethod: jdk.internal.classfile.impl.AbstractPoolEntry$Utf8EntryImpl.tag (0x000074dd3ec0b108) [0x000074dd3ec0b200, 0x000074dd3ec0b2c0] Compiler: c1, Barriers: 0, Oops: 0, ImmediateOops: 0, NonImmediateOops: No
[1,103s][debug][gc,nmethod  ] Register NMethod: jdk.internal.classfile.impl.BufWriterImpl.writeU1U2 (0x000074dd1f4e8788) [0x000074dd1f4e8880, 0x000074dd1f4e8d18] Compiler: c1, Barriers: 2, Oops: 0, ImmediateOops: 0, NonImmediateOops: No
[1,103s][debug][gc,nmethod  ] Register NMethod: java.lang.constant.ClassDesc.isPrimitive (0x000074dd3ec0b408) [0x000074dd3ec0b500, 0x000074dd3ec0b5c0] Compiler: c1, Barriers: 0, Oops: 0, ImmediateOops: 0, NonImmediateOops: No
[1,103s][debug][gc,nmethod  ] Register NMethod: java.util.AbstractList.<init> (0x000074dd1f4e8d88) [0x000074dd1f4e8e80, 0x000074dd1f4e9040] Compiler: c1, Barriers: 0, Oops: 0, ImmediateOops: 0, NonImmediateOops: No
[1,103s][debug][gc,nmethod  ] Register NMethod: java.lang.StringConcatHelper.stringOf (0x000074dd1f4e9088) [0x000074dd1f4e9180, 0x000074dd1f4e94d8] Compiler: c1, Barriers: 0, Oops: 0, ImmediateOops: 1, NonImmediateOops: No
[1,103s][debug][gc,nmethod  ] Register NMethod: jdk.internal.classfile.impl.SplitConstantPool.maybeCloneUtf8Entry (0x000074dd1f4e9508) [0x000074dd1f4e9600, 0x000074dd1f4ea6a0] Compiler: c1, Barriers: 4, Oops: 0, ImmediateOops: 2, NonImmediateOops: No
[1,104s][debug][gc,nmethod  ] Register NMethod: java.lang.StringConcatHelper.newArrayWithSuffix (0x000074dd1f4ea708) [0x000074dd1f4ea800, 0x000074dd1f4eb750] Compiler: c1, Barriers: 1, Oops: 0, ImmediateOops: 3, NonImmediateOops: No
[1,104s][debug][gc,nmethod  ] Register NMethod: java.lang.StringConcatHelper.prepend (0x000074dd1f4eb788) [0x000074dd1f4eb880, 0x000074dd1f4ecfd0] Compiler: c1, Barriers: 3, Oops: 0, ImmediateOops: 0, NonImmediateOops: No
[1,104s][debug][gc,nmethod  ] Register NMethod: jdk.internal.classfile.impl.AbstractElement.<init> (0x000074dd1f4ed008) [0x000074dd1f4ed100, 0x000074dd1f4ed258] Compiler: c1, Barriers: 0, Oops: 0, ImmediateOops: 0, NonImmediateOops: No
[1,104s][debug][gc,nmethod  ] Register NMethod: jdk.internal.classfile.impl.AbstractPoolEntry$Utf8EntryImpl.stringValue (0x000074dd1f4ed308) [0x000074dd1f4ed400, 0x000074dd1f4ed6f8] Compiler: c1, Barriers: 0, Oops: 0, ImmediateOops: 0, NonImmediateOops: No
[1,104s][debug][gc,nmethod  ] Register NMethod: java.util.Arrays.copyOf (0x000074dd1f4ed708) [0x000074dd1f4ed800, 0x000074dd1f4edb20] Compiler: c1, Barriers: 1, Oops: 0, ImmediateOops: 0, NonImmediateOops: No
[1,104s][debug][gc,nmethod  ] Register NMethod: jdk.internal.classfile.impl.StackMapGenerator$Type.<init> (0x000074dd1f4edb88) [0x000074dd1f4edc80, 0x000074dd1f4edeb8] Compiler: c1, Barriers: 3, Oops: 0, ImmediateOops: 0, NonImmediateOops: No
[1,104s][debug][gc,nmethod  ] Register NMethod: jdk.internal.classfile.impl.AbstractPoolEntry$Utf8EntryImpl.toString (0x000074dd1f4edf08) [0x000074dd1f4ee000, 0x000074dd1f4ee548] Compiler: c1, Barriers: 11, Oops: 0, ImmediateOops: 5, NonImmediateOops: No
[1,104s][debug][gc,nmethod  ] Register NMethod: java.lang.StringConcatHelper.concat0 (0x000074dd1f4ee588) [0x000074dd1f4ee680, 0x000074dd1f4f0868] Compiler: c1, Barriers: 6, Oops: 0, ImmediateOops: 3, NonImmediateOops: No
[1,104s][debug][gc,nmethod  ] Register NMethod: java.lang.StringConcatHelper.concat (0x000074dd1f4f0888) [0x000074dd1f4f0980, 0x000074dd1f4f2f28] Compiler: c1, Barriers: 6, Oops: 0, ImmediateOops: 6, NonImmediateOops: No
[1,104s][debug][gc,nmethod  ] Register NMethod: jdk.internal.constant.MethodTypeDescImpl.parameterType (0x000074dd1f4f2f88) [0x000074dd1f4f3080, 0x000074dd1f4f3208] Compiler: c1, Barriers: 2, Oops: 0, ImmediateOops: 0, NonImmediateOops: No
[1,104s][debug][gc,nmethod  ] Register NMethod: jdk.internal.classfile.impl.AbstractPoolEntry$ClassEntryImpl.hashCode (0x000074dd1f4f3288) [0x000074dd1f4f3380, 0x000074dd1f4f4278] Compiler: c1, Barriers: 4, Oops: 0, ImmediateOops: 2, NonImmediateOops: No
[1,104s][debug][gc,nmethod  ] Register NMethod: sun.invoke.util.VerifyAccess.ensureTypeVisible (0x000074dd1f4f4288) [0x000074dd1f4f4380, 0x000074dd1f4f5510] Compiler: c1, Barriers: 4, Oops: 0, ImmediateOops: 1, NonImmediateOops: No
[1,105s][debug][gc,nmethod  ] Register NMethod: jdk.internal.classfile.impl.SplitConstantPool.findEntry (0x000074dd1f4f5588) [0x000074dd1f4f5680, 0x000074dd1f4f6d88] Compiler: c1, Barriers: 3, Oops: 0, ImmediateOops: 0, NonImmediateOops: No
[1,105s][debug][gc,nmethod  ] Register NMethod: java.util.HashMap.getNode (0x000074dd3ec0b708) [0x000074dd3ec0b800, 0x000074dd3ec0bfb8] Compiler: jvmci, Barriers: 11, Oops: 0, ImmediateOops: 0, NonImmediateOops: No
[1,105s][debug][gc,nmethod  ] Register NMethod: jdk.internal.classfile.impl.BufWriterImpl.writeU1 (0x000074dd1f4f6e08) [0x000074dd1f4f6f00, 0x000074dd1f4f7348] Compiler: c1, Barriers: 2, Oops: 0, ImmediateOops: 0, NonImmediateOops: No
[1,105s][debug][gc,nmethod  ] Register NMethod: java.lang.invoke.MethodTypeForm.basicType (0x000074dd3ec0c008) [0x000074dd3ec0c100, 0x000074dd3ec0c1e8] Compiler: c1, Barriers: 1, Oops: 0, ImmediateOops: 0, NonImmediateOops: No
[1,105s][debug][gc,nmethod  ] Register NMethod: java.lang.invoke.MethodType.equals (0x000074dd1f4f7388) [0x000074dd1f4f7480, 0x000074dd1f4f7c20] Compiler: c1, Barriers: 4, Oops: 0, ImmediateOops: 0, NonImmediateOops: No
[1,105s][debug][gc,nmethod  ] Register NMethod: jdk.internal.classfile.impl.StackMapGenerator$Frame.checkStack (0x000074dd1f4f7c88) [0x000074dd1f4f7d80, 0x000074dd1f4f89c8] Compiler: c1, Barriers: 11, Oops: 1, ImmediateOops: 2, NonImmediateOops: No
[1,105s][debug][gc,nmethod  ] Register NMethod: java.lang.reflect.Modifier.isProtected (0x000074dd1f4f8a08) [0x000074dd1f4f8b00, 0x000074dd1f4f8c30] Compiler: c1, Barriers: 0, Oops: 0, ImmediateOops: 0, NonImmediateOops: No
[1,106s][debug][gc,nmethod  ] Register NMethod: jdk.internal.classfile.impl.AbstractPoolEntry$Utf8EntryImpl.methodTypeSymbol (0x000074dd1f4f8d08) [0x000074dd1f4f8e00, 0x000074dd1f4f98d0] Compiler: c1, Barriers: 4, Oops: 0, ImmediateOops: 0, NonImmediateOops: No
[1,106s][debug][gc,nmethod  ] Register NMethod: jdk.internal.classfile.impl.Util.methodTypeSymbol (0x000074dd1f4f9908) [0x000074dd1f4f9a00, 0x000074dd1f4fa8c0] Compiler: c1, Barriers: 4, Oops: 0, ImmediateOops: 0, NonImmediateOops: No
[1,106s][debug][gc,nmethod  ] Register NMethod: java.lang.Math.max (0x000074dd1f4fa908) [0x000074dd1f4faa00, 0x000074dd1f4fab28] Compiler: c1, Barriers: 0, Oops: 0, ImmediateOops: 0, NonImmediateOops: No
[1,106s][debug][gc,nmethod  ] Register NMethod: jdk.internal.classfile.impl.AbstractPoolEntry$AbstractRefEntry.<init> (0x000074dd1f4fac08) [0x000074dd1f4fad00, 0x000074dd1f4fb258] Compiler: c1, Barriers: 6, Oops: 0, ImmediateOops: 0, NonImmediateOops: No
[1,106s][debug][gc,nmethod  ] Register NMethod: jdk.internal.classfile.impl.AbstractPoolEntry$NameAndTypeEntryImpl.tag (0x000074dd3ec0c308) [0x000074dd3ec0c400, 0x000074dd3ec0c4c0] Compiler: c1, Barriers: 0, Oops: 0, ImmediateOops: 0, NonImmediateOops: No
[1,106s][debug][gc,nmethod  ] Register NMethod: jdk.internal.classfile.impl.AbstractPoolEntry$AbstractNamedEntry.<init> (0x000074dd1f4fb288) [0x000074dd1f4fb380, 0x000074dd1f4fb4b0] Compiler: c1, Barriers: 0, Oops: 0, ImmediateOops: 0, NonImmediateOops: No
[1,106s][debug][gc,nmethod  ] Register NMethod: java.lang.invoke.MethodType.checkPtypes (0x000074dd1f4fb588) [0x000074dd1f4fb680, 0x000074dd1f4fc858] Compiler: c1, Barriers: 1, Oops: 2, ImmediateOops: 6, NonImmediateOops: No
[1,106s][debug][gc,nmethod  ] Register NMethod: jdk.internal.classfile.impl.Util.parameterSlots (0x000074dd1f4fc888) [0x000074dd1f4fc980, 0x000074dd1f4fce10] Compiler: c1, Barriers: 3, Oops: 0, ImmediateOops: 2, NonImmediateOops: No
[1,106s][debug][gc,nmethod  ] Register NMethod: jdk.internal.classfile.impl.AbstractPoolEntry$AbstractRefsEntry.<init> (0x000074dd1f4fce88) [0x000074dd1f4fcf80, 0x000074dd1f4fd780] Compiler: c1, Barriers: 9, Oops: 0, ImmediateOops: 0, NonImmediateOops: No
[1,107s][debug][gc,nmethod  ] Register NMethod: java.lang.Class.descriptorString (0x000074dd1f4fd788) [0x000074dd1f4fd880, 0x000074dd1f505410] Compiler: c1, Barriers: 14, Oops: 3, ImmediateOops: 21, NonImmediateOops: No
[1,107s][debug][gc,nmethod  ] Register NMethod: jdk.internal.classfile.impl.LabelImpl.labelContext (0x000074dd3ec0c608) [0x000074dd3ec0c700, 0x000074dd3ec0c7e8] Compiler: c1, Barriers: 1, Oops: 0, ImmediateOops: 0, NonImmediateOops: No
[1,107s][debug][gc,nmethod  ] Register NMethod: jdk.internal.classfile.impl.LabelImpl.getBCI (0x000074dd3ec0c908) [0x000074dd3ec0ca00, 0x000074dd3ec0cac0] Compiler: c1, Barriers: 0, Oops: 0, ImmediateOops: 0, NonImmediateOops: No
[1,107s][debug][gc,nmethod  ] Register NMethod: java.util.ArrayDeque.poll (0x000074dd1f505488) [0x000074dd1f505580, 0x000074dd1f5056c8] Compiler: c1, Barriers: 0, Oops: 0, ImmediateOops: 0, NonImmediateOops: No
[1,107s][debug][gc,nmethod  ] Register NMethod: jdk.internal.misc.Unsafe.getChar (0x000074dd3ec0cc08) [0x000074dd3ec0cd00, 0x000074dd3ec0ce68] Compiler: , Barriers: 0, Oops: 0, ImmediateOops: 0, NonImmediateOops: No
[1,107s][debug][gc,nmethod  ] Register NMethod: jdk.internal.classfile.impl.RawBytecodeHelper.getU1Unchecked (0x000074dd1f505788) [0x000074dd1f505880, 0x000074dd1f505a70] Compiler: c1, Barriers: 2, Oops: 0, ImmediateOops: 0, NonImmediateOops: No
[1,107s][debug][gc,nmethod  ] Register NMethod: java.util.ArrayDeque.pollFirst (0x000074dd1f505a88) [0x000074dd1f505b80, 0x000074dd1f5060e0] Compiler: c1, Barriers: 5, Oops: 0, ImmediateOops: 0, NonImmediateOops: No
[1,107s][debug][gc,nmethod  ] Register NMethod: jdk.internal.classfile.impl.AbstractPoolEntry$AbstractRefsEntry.writeTo (0x000074dd1f506108) [0x000074dd1f506200, 0x000074dd1f506ba0] Compiler: c1, Barriers: 2, Oops: 0, ImmediateOops: 0, NonImmediateOops: No
[1,107s][debug][gc,nmethod  ] Register NMethod: jdk.internal.classfile.impl.BufWriterImpl.writeU1U2U2 (0x000074dd1f506c08) [0x000074dd1f506d00, 0x000074dd1f5071f8] Compiler: c1, Barriers: 2, Oops: 0, ImmediateOops: 0, NonImmediateOops: No
[1,107s][debug][gc,nmethod  ] Register NMethod: java.lang.invoke.MemberName.clone (0x000074dd1f507208) [0x000074dd1f507300, 0x000074dd1f507770] Compiler: c1, Barriers: 0, Oops: 0, ImmediateOops: 0, NonImmediateOops: No
[1,109s][debug][gc,nmethod  ] Register NMethod: java.lang.ref.Reference.refersToImpl (0x000074dd1f507788) [0x000074dd1f507880, 0x000074dd1f5079b8] Compiler: c1, Barriers: 0, Oops: 0, ImmediateOops: 0, NonImmediateOops: No
[1,109s][debug][gc,nmethod  ] Register NMethod: jdk.internal.access.SharedSecrets.javaUtilJarAccess (0x000074dd1f507a88) [0x000074dd1f507b80, 0x000074dd1f508260] Compiler: c1, Barriers: 2, Oops: 1, ImmediateOops: 4, NonImmediateOops: No
[1,109s][debug][gc,director ] Rule Major: Warmup 10%, Used: 18MB, UsedThreshold: 1228MB
[1,110s][debug][gc,nmethod  ] Register NMethod: java.lang.invoke.MethodHandle.linkToStatic (0x000074dd3ec0cf08) [0x000074dd3ec0d000, 0x000074dd3ec0d0f0] Compiler: , Barriers: 0, Oops: 0, ImmediateOops: 0, NonImmediateOops: No
[1,112s][debug][gc,nmethod  ] Register NMethod: jdk.internal.ref.CleanerImpl$PhantomCleanableRef.<init> (0x000074dd1f508288) [0x000074dd1f508380, 0x000074dd1f508540] Compiler: c1, Barriers: 3, Oops: 0, ImmediateOops: 0, NonImmediateOops: No
[1,112s][debug][gc,nmethod  ] Register NMethod: java.lang.ref.Cleaner.register (0x000074dd1f508588) [0x000074dd1f508680, 0x000074dd1f508b98] Compiler: c1, Barriers: 3, Oops: 2, ImmediateOops: 2, NonImmediateOops: No
[1,113s][debug][gc,nmethod  ] Register NMethod: java.nio.Buffer.limit (0x000074dd3ec0d208) [0x000074dd3ec0d300, 0x000074dd3ec0d3c0] Compiler: c1, Barriers: 0, Oops: 0, ImmediateOops: 0, NonImmediateOops: No
[1,115s][debug][gc,nmethod  ] Register NMethod: java.lang.invoke.MemberName.getModifiers (0x000074dd1f508c08) [0x000074dd1f508d00, 0x000074dd1f508e08] Compiler: c1, Barriers: 0, Oops: 0, ImmediateOops: 0, NonImmediateOops: No
[1,115s][debug][gc,nmethod  ] Register NMethod: sun.invoke.util.VerifyAccess.isSamePackage (0x000074dd1f508f08) [0x000074dd1f509000, 0x000074dd1f5099e0] Compiler: c1, Barriers: 2, Oops: 0, ImmediateOops: 0, NonImmediateOops: No
[1,115s][debug][gc,nmethod  ] Register NMethod: java.util.Properties$LineReader.readLine (0x000074dd1f509a08) [0x000074dd1f509b00, 0x000074dd1f50d530] Compiler: c1, Barriers: 14, Oops: 0, ImmediateOops: 0, NonImmediateOops: No
[1,115s][debug][gc,nmethod  ] Register NMethod: jdk.internal.loader.URLClassPath$Loader.getBaseURL (0x000074dd3ec0d508) [0x000074dd3ec0d600, 0x000074dd3ec0d6e8] Compiler: c1, Barriers: 1, Oops: 0, ImmediateOops: 0, NonImmediateOops: No
[1,115s][debug][gc,nmethod  ] Register NMethod: java.lang.ClassLoader.defineClass1 (0x000074dd3ec0d808) [0x000074dd3ec0d900, 0x000074dd3ec0dc98] Compiler: , Barriers: 0, Oops: 0, ImmediateOops: 1, NonImmediateOops: No
[1,116s][debug][gc,nmethod  ] Register NMethod: java.util.zip.ZipEntry.getCrc (0x000074dd3ec0dd08) [0x000074dd3ec0de00, 0x000074dd3ec0dec0] Compiler: c1, Barriers: 0, Oops: 0, ImmediateOops: 0, NonImmediateOops: No
[1,116s][debug][gc,nmethod  ] Register NMethod: jdk.internal.perf.PerfCounter.addElapsedTimeFrom (0x000074dd1f50d588) [0x000074dd1f50d680, 0x000074dd1f50d808] Compiler: c1, Barriers: 0, Oops: 0, ImmediateOops: 0, NonImmediateOops: No
[1,116s][debug][gc,nmethod  ] Register NMethod: jdk.internal.loader.Resource.cachedInputStream (0x000074dd1f50d888) [0x000074dd1f50d980, 0x000074dd1f50dff8] Compiler: c1, Barriers: 8, Oops: 0, ImmediateOops: 0, NonImmediateOops: No
[1,116s][debug][gc,nmethod  ] Register NMethod: java.security.CodeSource.getCertificates (0x000074dd1f50e008) [0x000074dd1f50e100, 0x000074dd1f50f2d8] Compiler: c1, Barriers: 10, Oops: 0, ImmediateOops: 1, NonImmediateOops: No
[1,116s][debug][gc,nmethod  ] Register NMethod: java.lang.invoke.MethodHandle.linkToSpecial (0x000074dd3ec0e008) [0x000074dd3ec0e100, 0x000074dd3ec0e1f8] Compiler: , Barriers: 0, Oops: 0, ImmediateOops: 0, NonImmediateOops: No
[1,116s][debug][gc,nmethod  ] Register NMethod: jdk.internal.classfile.impl.UnboundAttribute.attributeMapper (0x000074dd3ec0e308) [0x000074dd3ec0e400, 0x000074dd3ec0e4e8] Compiler: c1, Barriers: 1, Oops: 0, ImmediateOops: 0, NonImmediateOops: No
[1,116s][debug][gc,nmethod  ] Register NMethod: java.lang.invoke.MemberName.isConstructor (0x000074dd1f50f308) [0x000074dd1f50f400, 0x000074dd1f50f5b8] Compiler: c1, Barriers: 0, Oops: 0, ImmediateOops: 0, NonImmediateOops: No
[1,117s][debug][gc,nmethod  ] Register NMethod: java.lang.reflect.Modifier.isPublic (0x000074dd1f50f608) [0x000074dd1f50f700, 0x000074dd1f50f830] Compiler: c1, Barriers: 0, Oops: 0, ImmediateOops: 0, NonImmediateOops: No
[1,117s][debug][gc,nmethod  ] Register NMethod: jdk.internal.classfile.impl.SplitConstantPool.classEntry (0x000074dd1f50f908) [0x000074dd1f50fa00, 0x000074dd1f5116b8] Compiler: c1, Barriers: 4, Oops: 1, ImmediateOops: 2, NonImmediateOops: No
[1,117s][debug][gc,nmethod  ] Register NMethod: java.lang.Class.isInterface (0x000074dd1f511708) [0x000074dd1f511800, 0x000074dd1f5119b8] Compiler: c1, Barriers: 0, Oops: 0, ImmediateOops: 0, NonImmediateOops: No
[1,117s][debug][gc,nmethod  ] Register NMethod: java.lang.reflect.Modifier.isInterface (0x000074dd1f511a08) [0x000074dd1f511b00, 0x000074dd1f511c30] Compiler: c1, Barriers: 0, Oops: 0, ImmediateOops: 0, NonImmediateOops: No
[1,117s][debug][gc,nmethod  ] Register NMethod: jdk.internal.classfile.impl.SplitConstantPool.classEntryForClassOrInterface (0x000074dd1f511d08) [0x000074dd1f511e00, 0x000074dd1f514390] Compiler: c1, Barriers: 7, Oops: 0, ImmediateOops: 1, NonImmediateOops: No
[1,117s][debug][gc,nmethod  ] Register NMethod: jdk.internal.classfile.impl.SplitConstantPool.tryFindClassOrInterface (0x000074dd1f514408) [0x000074dd1f514500, 0x000074dd1f5170b8] Compiler: c1, Barriers: 12, Oops: 0, ImmediateOops: 0, NonImmediateOops: No
[1,117s][debug][gc,nmethod  ] Register NMethod: java.lang.invoke.MethodTypeForm.parameterSlotCount (0x000074dd3ec0e608) [0x000074dd3ec0e700, 0x000074dd3ec0e7c0] Compiler: c1, Barriers: 0, Oops: 0, ImmediateOops: 0, NonImmediateOops: No
[1,117s][debug][gc,nmethod  ] Register NMethod: java.lang.invoke.MethodTypeForm.canonicalizeAll (0x000074dd1f517108) [0x000074dd1f517200, 0x000074dd1f517bb8] Compiler: c1, Barriers: 4, Oops: 0, ImmediateOops: 1, NonImmediateOops: No
[1,117s][debug][gc,nmethod  ] Register NMethod: java.lang.classfile.Opcode.bytecode (0x000074dd3ec0e908) [0x000074dd3ec0ea00, 0x000074dd3ec0eac0] Compiler: c1, Barriers: 0, Oops: 0, ImmediateOops: 0, NonImmediateOops: No
[1,117s][debug][gc,nmethod  ] Register NMethod: jdk.internal.classfile.impl.AttributeHolder.<init> (0x000074dd1f517c08) [0x000074dd1f517d00, 0x000074dd1f517ee0] Compiler: c1, Barriers: 3, Oops: 0, ImmediateOops: 1, NonImmediateOops: No
[1,117s][debug][gc,nmethod  ] Register NMethod: jdk.internal.classfile.impl.AbstractDirectBuilder.<init> (0x000074dd1f517f08) [0x000074dd1f518000, 0x000074dd1f518450] Compiler: c1, Barriers: 12, Oops: 0, ImmediateOops: 1, NonImmediateOops: No
[1,117s][debug][gc,nmethod  ] Register NMethod: java.util.ArrayList.isEmpty (0x000074dd1f518488) [0x000074dd1f518580, 0x000074dd1f5186d0] Compiler: c1, Barriers: 0, Oops: 0, ImmediateOops: 0, NonImmediateOops: No
[1,117s][debug][gc,nmethod  ] Register NMethod: java.lang.invoke.MethodHandles$Lookup.lookupClassOrNull (0x000074dd1f518788) [0x000074dd1f518880, 0x000074dd1f518a20] Compiler: c1, Barriers: 1, Oops: 0, ImmediateOops: 0, NonImmediateOops: No
[1,117s][debug][gc,nmethod  ] Register NMethod: jdk.internal.constant.ConstantUtils.referenceClassDesc (0x000074dd1f518a88) [0x000074dd1f518b80, 0x000074dd1f519560] Compiler: c1, Barriers: 2, Oops: 1, ImmediateOops: 2, NonImmediateOops: No
[1,117s][debug][gc,nmethod  ] Register NMethod: jdk.internal.classfile.impl.AttributeHolder.writeTo (0x000074dd1f519588) [0x000074dd1f519680, 0x000074dd1f519e80] Compiler: c1, Barriers: 4, Oops: 0, ImmediateOops: 0, NonImmediateOops: No
[1,118s][debug][gc,nmethod  ] Register NMethod: jdk.internal.util.StrongReferenceKey.equals (0x000074dd1f519e88) [0x000074dd1f519f80, 0x000074dd1f51ac08] Compiler: c1, Barriers: 1, Oops: 0, ImmediateOops: 0, NonImmediateOops: No
[1,118s][debug][gc,nmethod  ] Register NMethod: jdk.internal.jimage.ImageStringsReader.unmaskedHashCode (0x000074dd1f51ac88) [0x000074dd1f51ad80, 0x000074dd1f51bf80] Compiler: c1, Barriers: 3, Oops: 1, ImmediateOops: 2, NonImmediateOops: No
[1,118s][debug][gc,nmethod  ] Register NMethod: jdk.internal.jimage.ImageLocation.readValue (0x000074dd1f51c008) [0x000074dd1f51c100, 0x000074dd1f51c5d0] Compiler: c1, Barriers: 0, Oops: 0, ImmediateOops: 1, NonImmediateOops: No
[1,119s][debug][gc,nmethod  ] Register NMethod: java.lang.StringLatin1.indexOf (0x000074dd1f51c608) [0x000074dd1f51c700, 0x000074dd1f51c8e0] Compiler: c1, Barriers: 0, Oops: 0, ImmediateOops: 0, NonImmediateOops: No
[1,119s][debug][gc,nmethod  ] Register NMethod: java.nio.DirectByteBuffer.ix (0x000074dd3ec0ec08) [0x000074dd3ec0ed00, 0x000074dd3ec0ed88] Compiler: jvmci, Barriers: 0, Oops: 0, ImmediateOops: 0, NonImmediateOops: No
[1,119s][debug][gc,nmethod  ] Register NMethod: java.lang.String.indexOf (0x000074dd1f51c908) [0x000074dd1f51ca00, 0x000074dd1f51d500] Compiler: c1, Barriers: 6, Oops: 0, ImmediateOops: 0, NonImmediateOops: No
[1,119s][debug][gc,director ] Rule Major: Warmup 10%, Used: 18MB, UsedThreshold: 1228MB
[1,120s][debug][gc,nmethod  ] Register NMethod: jdk.internal.misc.Unsafe.putByte (0x000074dd3ec0ef08) [0x000074dd3ec0f000, 0x000074dd3ec0f158] Compiler: , Barriers: 0, Oops: 0, ImmediateOops: 0, NonImmediateOops: No
[1,120s][debug][gc,nmethod  ] Register NMethod: sun.nio.fs.NativeBuffer.address (0x000074dd3ec0f208) [0x000074dd3ec0f300, 0x000074dd3ec0f3c0] Compiler: c1, Barriers: 0, Oops: 0, ImmediateOops: 0, NonImmediateOops: No
[1,120s][debug][gc,nmethod  ] Register NMethod: java.io.UnixFileSystem.normalize (0x000074dd1f51d508) [0x000074dd1f51d600, 0x000074dd1f51ebf8] Compiler: c1, Barriers: 2, Oops: 1, ImmediateOops: 3, NonImmediateOops: No
[1,120s][debug][gc,nmethod  ] Register NMethod: java.io.FilterInputStream.<init> (0x000074dd1f51ec08) [0x000074dd1f51ed00, 0x000074dd1f51ef38] Compiler: c1, Barriers: 3, Oops: 0, ImmediateOops: 0, NonImmediateOops: No
[1,121s][debug][gc,nmethod  ] Register NMethod: worker.org.gradle.internal.stream.EncodedStream$EncodedInput.read (0x000074dd3ec0f508) [0x000074dd3ec0f600, 0x000074dd3ec0fe50] Compiler: jvmci, Barriers: 4, Oops: 1, ImmediateOops: 1, NonImmediateOops: No
[1,124s][debug][gc,nmethod  ] Register NMethod: java.lang.Long.hashCode (0x000074dd1f51ef88) [0x000074dd1f51f080, 0x000074dd1f51f170] Compiler: c1, Barriers: 0, Oops: 0, ImmediateOops: 0, NonImmediateOops: No
[1,125s][debug][gc,nmethod  ] Register NMethod: java.lang.Thread.currentCarrierThread (0x000074dd3ec0fe88) [0x000074dd3ec0ff80, 0x000074dd3ec102a8] Compiler: , Barriers: 0, Oops: 0, ImmediateOops: 1, NonImmediateOops: No
[1,125s][debug][gc,nmethod  ] Register NMethod: java.io.File.<init> (0x000074dd1f51f288) [0x000074dd1f51f380, 0x000074dd1f51fc10] Compiler: c1, Barriers: 6, Oops: 1, ImmediateOops: 2, NonImmediateOops: No
[1,125s][debug][gc,nmethod  ] Register NMethod: java.lang.String.equalsIgnoreCase (0x000074dd1f51fc88) [0x000074dd1f51fd80, 0x000074dd1f520f08] Compiler: c1, Barriers: 2, Oops: 0, ImmediateOops: 0, NonImmediateOops: No
[1,126s][debug][gc,nmethod  ] Register NMethod: java.lang.ref.Reference.refersTo (0x000074dd1f520f88) [0x000074dd1f521080, 0x000074dd1f521380] Compiler: c1, Barriers: 0, Oops: 0, ImmediateOops: 0, NonImmediateOops: No
[1,126s][debug][gc,nmethod  ] Register NMethod: java.lang.String.isASCII (0x000074dd1f521388) [0x000074dd1f521480, 0x000074dd1f5216a0] Compiler: c1, Barriers: 0, Oops: 0, ImmediateOops: 0, NonImmediateOops: No
[1,126s][debug][gc,nmethod  ] Register NMethod: java.lang.String.getBytesNoRepl (0x000074dd1f521708) [0x000074dd1f521800, 0x000074dd1f522480] Compiler: c1, Barriers: 1, Oops: 0, ImmediateOops: 0, NonImmediateOops: No
[1,126s][debug][gc,nmethod  ] Register NMethod: java.lang.System$1.uncheckedGetBytesNoRepl (0x000074dd1f522488) [0x000074dd1f522580, 0x000074dd1f523280] Compiler: c1, Barriers: 1, Oops: 0, ImmediateOops: 0, NonImmediateOops: No
[1,126s][debug][gc,nmethod  ] Register NMethod: java.lang.String.getBytesNoRepl1 (0x000074dd1f523288) [0x000074dd1f523380, 0x000074dd1f523fd8] Compiler: c1, Barriers: 1, Oops: 0, ImmediateOops: 3, NonImmediateOops: No
[1,126s][debug][gc,nmethod  ] Register NMethod: java.util.jar.JarFile.match (0x000074dd1f524008) [0x000074dd1f524100, 0x000074dd1f524610] Compiler: c1, Barriers: 0, Oops: 0, ImmediateOops: 0, NonImmediateOops: No
[1,127s][debug][gc,nmethod  ] Register NMethod: java.util.zip.ZipUtils.LOCSIG (0x000074dd1f524688) [0x000074dd1f524780, 0x000074dd1f524898] Compiler: c1, Barriers: 0, Oops: 0, ImmediateOops: 0, NonImmediateOops: No
[1,127s][debug][gc,nmethod  ] Register NMethod: java.lang.Math.abs (0x000074dd1f524988) [0x000074dd1f524a80, 0x000074dd1f524bd8] Compiler: c1, Barriers: 0, Oops: 0, ImmediateOops: 0, NonImmediateOops: No
[1,127s][debug][gc,nmethod  ] Register NMethod: jdk.internal.util.ArraysSupport.vectorizedHashCode (0x000074dd3ec10308) [0x000074dd3ec10420, 0x000074dd3ec106d8] Compiler: jvmci, Barriers: 0, Oops: 0, ImmediateOops: 0, NonImmediateOops: No
[1,127s][debug][gc,nmethod  ] Register NMethod: java.lang.StringLatin1.indexOf (0x000074dd3ec10708) [0x000074dd3ec10800, 0x000074dd3ec10d58] Compiler: jvmci, Barriers: 0, Oops: 0, ImmediateOops: 0, NonImmediateOops: No
[1,128s][debug][gc,nmethod  ] Register NMethod: java.util.zip.ZipFile.zipCoderFor (0x000074dd3ec10d88) [0x000074dd3ec10e80, 0x000074dd3ec10f40] Compiler: jvmci, Barriers: 0, Oops: 0, ImmediateOops: 0, NonImmediateOops: No
[1,129s][debug][gc,nmethod  ] Register NMethod: java.util.zip.ZipCoder$UTF8ZipCoder.checkedHash (0x000074dd3ec11088) [0x000074dd3ec11180, 0x000074dd3ec11390] Compiler: jvmci, Barriers: 0, Oops: 0, ImmediateOops: 0, NonImmediateOops: No
[1,129s][debug][gc,nmethod  ] Register NMethod: sun.nio.fs.UnixPath.getFileSystem (0x000074dd3ec11408) [0x000074dd3ec11500, 0x000074dd3ec115e8] Compiler: c1, Barriers: 1, Oops: 0, ImmediateOops: 0, NonImmediateOops: No
[1,130s][debug][gc,director ] Rule Major: Warmup 10%, Used: 50MB, UsedThreshold: 1228MB
[1,130s][debug][gc,nmethod  ] Register NMethod: java.nio.charset.Charset.name (0x000074dd3ec11708) [0x000074dd3ec11800, 0x000074dd3ec118e8] Compiler: c1, Barriers: 1, Oops: 0, ImmediateOops: 0, NonImmediateOops: No
[1,131s][debug][gc,nmethod  ] Register NMethod: jdk.internal.util.ArraysSupport.hashCodeOfUnsigned (0x000074dd3ec11a08) [0x000074dd3ec11b00, 0x000074dd3ec11c30] Compiler: jvmci, Barriers: 0, Oops: 0, ImmediateOops: 0, NonImmediateOops: No
[1,131s][debug][gc,nmethod  ] Register NMethod: java.util.jar.Manifest$FastInputStream.readLine (0x000074dd1f524c88) [0x000074dd1f524d80, 0x000074dd1f524ed8] Compiler: c1, Barriers: 0, Oops: 0, ImmediateOops: 0, NonImmediateOops: No
[1,131s][debug][gc,nmethod  ] Register NMethod: java.util.zip.ZipFile$Source.isMetaName (0x000074dd3ec11d08) [0x000074dd3ec11e00, 0x000074dd3ec12130] Compiler: jvmci, Barriers: 0, Oops: 0, ImmediateOops: 0, NonImmediateOops: No
[1,132s][debug][gc,nmethod  ] Register NMethod: java.util.zip.ZipFile$Source.checkExtraFields (0x000074dd1f524f88) [0x000074dd1f525080, 0x000074dd1f526710] Compiler: c1, Barriers: 15, Oops: 3, ImmediateOops: 5, NonImmediateOops: No
[1,132s][debug][gc,nmethod  ] Register NMethod: java.util.LinkedHashMap.newNode (0x000074dd1f526788) [0x000074dd1f526880, 0x000074dd1f526a68] Compiler: c1, Barriers: 0, Oops: 0, ImmediateOops: 0, NonImmediateOops: No
[1,132s][debug][gc,nmethod  ] Register NMethod: java.util.LinkedHashMap$Entry.<init> (0x000074dd1f526a88) [0x000074dd1f526b80, 0x000074dd1f526ea0] Compiler: c1, Barriers: 9, Oops: 0, ImmediateOops: 0, NonImmediateOops: No
[1,132s][debug][gc,nmethod  ] Register NMethod: java.util.LinkedHashMap.linkNodeAtEnd (0x000074dd1f526f08) [0x000074dd1f527000, 0x000074dd1f527638] Compiler: c1, Barriers: 26, Oops: 0, ImmediateOops: 0, NonImmediateOops: No
[1,132s][debug][gc,nmethod  ] Register NMethod: java.util.LinkedHashMap.afterNodeInsertion (0x000074dd1f527688) [0x000074dd1f527780, 0x000074dd1f527988] Compiler: c1, Barriers: 1, Oops: 0, ImmediateOops: 0, NonImmediateOops: No
[1,132s][debug][gc,nmethod  ] Register NMethod: java.util.zip.ZipUtils.CENSIZ (0x000074dd3ec12188) [0x000074dd3ec12280, 0x000074dd3ec12358] Compiler: jvmci, Barriers: 0, Oops: 0, ImmediateOops: 0, NonImmediateOops: No
[1,132s][debug][gc,nmethod  ] Register NMethod: java.util.zip.ZipFile$Source.nextEntryPos (0x000074dd3ec12488) [0x000074dd3ec12580, 0x000074dd3ec126d0] Compiler: jvmci, Barriers: 1, Oops: 0, ImmediateOops: 0, NonImmediateOops: No
[1,132s][debug][gc,nmethod  ] Register NMethod: java.util.zip.ZipFile$Source.checkAndAddEntry (0x000074dd3ec12788) [0x000074dd3ec12880, 0x000074dd3ec133e0] Compiler: jvmci, Barriers: 3, Oops: 0, ImmediateOops: 0, NonImmediateOops: No
[1,132s][debug][gc,nmethod  ] Register NMethod: java.util.jar.Manifest$FastInputStream.peek (0x000074dd1f527a08) [0x000074dd1f527b00, 0x000074dd1f527d30] Compiler: c1, Barriers: 1, Oops: 0, ImmediateOops: 0, NonImmediateOops: No
[1,133s][debug][gc,nmethod  ] Register NMethod: sun.nio.fs.UnixPath.checkNotNul (0x000074dd3ec13408) [0x000074dd3ec13500, 0x000074dd3ec13598] Compiler: jvmci, Barriers: 0, Oops: 0, ImmediateOops: 0, NonImmediateOops: No
[1,133s][debug][gc,nmethod  ] Register NMethod: java.lang.Math.max (0x000074dd3ec13708) [0x000074dd3ec13800, 0x000074dd3ec13868] Compiler: jvmci, Barriers: 0, Oops: 0, ImmediateOops: 0, NonImmediateOops: No
[1,133s][debug][gc,nmethod  ] Register NMethod: java.lang.StringCoding.countPositives (0x000074dd1f527d88) [0x000074dd1f527e80, 0x000074dd1f528088] Compiler: c1, Barriers: 0, Oops: 0, ImmediateOops: 0, NonImmediateOops: No
[1,133s][debug][gc,nmethod  ] Register NMethod: java.util.jar.Attributes$Name.hash (0x000074dd1f528108) [0x000074dd1f528200, 0x000074dd1f529588] Compiler: c1, Barriers: 3, Oops: 2, ImmediateOops: 3, NonImmediateOops: No
[1,133s][debug][gc,nmethod  ] Register NMethod: java.util.BitSet.wordIndex (0x000074dd1f529608) [0x000074dd1f529700, 0x000074dd1f5297e8] Compiler: c1, Barriers: 0, Oops: 0, ImmediateOops: 0, NonImmediateOops: No
[1,133s][debug][gc,nmethod  ] Register NMethod: java.util.BitSet.checkInvariants (0x000074dd1f529908) [0x000074dd1f529a00, 0x000074dd1f529b30] Compiler: c1, Barriers: 0, Oops: 0, ImmediateOops: 0, NonImmediateOops: No
[1,133s][debug][gc,nmethod  ] Register NMethod: java.util.zip.ZipFile$Source.isManifestName (0x000074dd1f529c08) [0x000074dd1f529d00, 0x000074dd1f52a208] Compiler: c1, Barriers: 1, Oops: 0, ImmediateOops: 0, NonImmediateOops: No
[1,133s][debug][gc,nmethod  ] Register NMethod: java.lang.Number.<init> (0x000074dd1f52a288) [0x000074dd1f52a380, 0x000074dd1f52a4d8] Compiler: c1, Barriers: 0, Oops: 0, ImmediateOops: 0, NonImmediateOops: No
[1,133s][debug][gc,nmethod  ] Register NMethod: java.util.zip.ZipUtils.CENNAM (0x000074dd3ec13a08) [0x000074dd3ec13b00, 0x000074dd3ec13bd8] Compiler: jvmci, Barriers: 0, Oops: 0, ImmediateOops: 0, NonImmediateOops: No
[1,133s][debug][gc,nmethod  ] Register NMethod: java.lang.Integer.<init> (0x000074dd1f52a588) [0x000074dd1f52a680, 0x000074dd1f52a840] Compiler: c1, Barriers: 0, Oops: 0, ImmediateOops: 0, NonImmediateOops: No
[1,133s][debug][gc,nmethod  ] Register NMethod: java.util.zip.ZipFile$Source.isSignatureRelated (0x000074dd1f52a888) [0x000074dd1f52a980, 0x000074dd1f52af88] Compiler: c1, Barriers: 1, Oops: 0, ImmediateOops: 0, NonImmediateOops: No
[1,133s][debug][gc,nmethod  ] Register NMethod: java.lang.Integer.valueOf (0x000074dd1f52b008) [0x000074dd1f52b100, 0x000074dd1f52b418] Compiler: c1, Barriers: 1, Oops: 0, ImmediateOops: 1, NonImmediateOops: No
[1,133s][debug][gc,nmethod  ] Register NMethod: java.util.zip.ZipFile$Source.getMetaVersion (0x000074dd1f52b488) [0x000074dd1f52b580, 0x000074dd1f52bc48] Compiler: c1, Barriers: 1, Oops: 0, ImmediateOops: 0, NonImmediateOops: No
[1,133s][debug][gc,nmethod  ] Register NMethod: java.util.BitSet.expandTo (0x000074dd1f52bc88) [0x000074dd1f52bd80, 0x000074dd1f52bf08] Compiler: c1, Barriers: 0, Oops: 0, ImmediateOops: 0, NonImmediateOops: No
[1,133s][debug][gc,nmethod  ] Register NMethod: java.lang.invoke.LambdaForm$Holder.constant_L (0x000074dd1f52bf88) [0x000074dd1f52c080, 0x000074dd1f52c3a0] Compiler: c1, Barriers: 1, Oops: 0, ImmediateOops: 0, NonImmediateOops: No
[1,134s][debug][gc,nmethod  ] Register NMethod: java.lang.invoke.Invokers$Holder.linkToTargetMethod (0x000074dd1f52c408) [0x000074dd1f52c500, 0x000074dd1f52c9e8] Compiler: c1, Barriers: 0, Oops: 0, ImmediateOops: 0, NonImmediateOops: No
[1,134s][debug][gc,nmethod  ] Register NMethod: jdk.internal.util.DecimalDigits.stringSize (0x000074dd1f52ca08) [0x000074dd1f52cb00, 0x000074dd1f52cd28] Compiler: c1, Barriers: 0, Oops: 0, ImmediateOops: 0, NonImmediateOops: No
[1,134s][debug][gc,nmethod  ] Register NMethod: java.lang.Integer.hashCode (0x000074dd1f52cd88) [0x000074dd1f52ce80, 0x000074dd1f52cf60] Compiler: c1, Barriers: 0, Oops: 0, ImmediateOops: 0, NonImmediateOops: No
[1,134s][debug][gc,nmethod  ] Register NMethod: java.lang.Integer.hashCode (0x000074dd1f52d088) [0x000074dd1f52d180, 0x000074dd1f52d2d8] Compiler: c1, Barriers: 0, Oops: 0, ImmediateOops: 0, NonImmediateOops: No
[1,134s][debug][gc,nmethod  ] Register NMethod: java.util.BitSet.initWords (0x000074dd1f52d388) [0x000074dd1f52d480, 0x000074dd1f52d6e0] Compiler: c1, Barriers: 3, Oops: 0, ImmediateOops: 0, NonImmediateOops: No
[1,134s][debug][gc,nmethod  ] Register NMethod: java.util.BitSet.set (0x000074dd1f52d708) [0x000074dd1f52d800, 0x000074dd1f52e748] Compiler: c1, Barriers: 1, Oops: 1, ImmediateOops: 2, NonImmediateOops: No
[1,134s][debug][gc,nmethod  ] Register NMethod: java.util.zip.ZipFile$Source$$Lambda/0x000000006907b820.apply (0x000074dd1f52e788) [0x000074dd1f52e880, 0x000074dd1f52eeb0] Compiler: c1, Barriers: 3, Oops: 0, ImmediateOops: 0, NonImmediateOops: No
[1,134s][debug][gc,nmethod  ] Register NMethod: java.util.BitSet.<init> (0x000074dd1f52ef08) [0x000074dd1f52f000, 0x000074dd1f52f328] Compiler: c1, Barriers: 3, Oops: 0, ImmediateOops: 0, NonImmediateOops: No
[1,134s][debug][gc,nmethod  ] Register NMethod: java.util.BitSet.ensureCapacity (0x000074dd1f52f388) [0x000074dd1f52f480, 0x000074dd1f52f740] Compiler: c1, Barriers: 4, Oops: 0, ImmediateOops: 0, NonImmediateOops: No
[1,134s][debug][gc,nmethod  ] Register NMethod: java.util.zip.ZipFile$Source.lambda$initCEN$0 (0x000074dd1f52f788) [0x000074dd1f52f880, 0x000074dd1f52fc30] Compiler: c1, Barriers: 3, Oops: 0, ImmediateOops: 0, NonImmediateOops: No
[1,134s][debug][gc,nmethod  ] Register NMethod: java.util.HashMap.computeIfAbsent (0x000074dd1f52fc88) [0x000074dd1f52fd80, 0x000074dd1f532588] Compiler: c1, Barriers: 11, Oops: 0, ImmediateOops: 0, NonImmediateOops: No
[1,135s][debug][gc,nmethod  ] Register NMethod: java.util.HashMap.hash (0x000074dd3ec13d08) [0x000074dd3ec13e00, 0x000074dd3ec13fb8] Compiler: jvmci, Barriers: 1, Oops: 0, ImmediateOops: 0, NonImmediateOops: No
[1,136s][debug][gc,nmethod  ] Register NMethod: java.lang.Runtime$Version.feature (0x000074dd1f532608) [0x000074dd1f532700, 0x000074dd1f532e20] Compiler: c1, Barriers: 1, Oops: 0, ImmediateOops: 0, NonImmediateOops: No
[1,138s][debug][gc,nmethod  ] Register NMethod: sun.nio.fs.UnixPath.normalizeAndCheck (0x000074dd1f532e88) [0x000074dd1f532f80, 0x000074dd1f534278] Compiler: c1, Barriers: 3, Oops: 1, ImmediateOops: 3, NonImmediateOops: No
[1,138s][debug][gc,nmethod  ] Register NMethod: java.nio.DirectLongBufferU.ix (0x000074dd3ec14008) [0x000074dd3ec14100, 0x000074dd3ec14190] Compiler: jvmci, Barriers: 0, Oops: 0, ImmediateOops: 0, NonImmediateOops: No
[1,138s][debug][gc,nmethod  ] Register NMethod: java.util.Collections$SetFromMap.add (0x000074dd1f534288) [0x000074dd1f534380, 0x000074dd1f534718] Compiler: c1, Barriers: 1, Oops: 0, ImmediateOops: 1, NonImmediateOops: No
[1,138s][debug][gc,nmethod  ] Register NMethod: java.util.Arrays.fill (0x000074dd1f534788) [0x000074dd1f534880, 0x000074dd1f534a08] Compiler: c1, Barriers: 0, Oops: 0, ImmediateOops: 0, NonImmediateOops: No
[1,138s][debug][gc,nmethod  ] Register NMethod: java.lang.StringLatin1.indexOf (0x000074dd3ec14308) [0x000074dd3ec14400, 0x000074dd3ec14948] Compiler: jvmci, Barriers: 0, Oops: 0, ImmediateOops: 0, NonImmediateOops: No
[1,138s][debug][gc,nmethod  ] Register NMethod: java.util.WeakHashMap$Entry.<init> (0x000074dd1f534a88) [0x000074dd1f534b80, 0x000074dd1f534fb8] Compiler: c1, Barriers: 12, Oops: 0, ImmediateOops: 1, NonImmediateOops: No
[1,139s][debug][gc,nmethod  ] Register NMethod: java.util.WeakHashMap.put (0x000074dd1f535008) [0x000074dd1f535100, 0x000074dd1f536a40] Compiler: c1, Barriers: 26, Oops: 0, ImmediateOops: 2, NonImmediateOops: No
[1,139s][debug][gc,nmethod  ] Register NMethod: java.util.zip.Inflater.needsInput (0x000074dd1f536a88) [0x000074dd1f536b80, 0x000074dd1f5371a8] Compiler: c1, Barriers: 2, Oops: 0, ImmediateOops: 0, NonImmediateOops: No
[1,139s][debug][gc,nmethod  ] Register NMethod: java.net.URL.lowerCaseProtocol (0x000074dd1f537208) [0x000074dd1f537300, 0x000074dd1f5380b0] Compiler: c1, Barriers: 2, Oops: 1, ImmediateOops: 8, NonImmediateOops: No
[1,139s][debug][gc,nmethod  ] Register NMethod: java.lang.ThreadLocal.getMap (0x000074dd1f538108) [0x000074dd1f538200, 0x000074dd1f5389f0] Compiler: c1, Barriers: 3, Oops: 0, ImmediateOops: 0, NonImmediateOops: No
[1,139s][debug][gc,nmethod  ] Register NMethod: java.lang.Thread.terminatingThreadLocals (0x000074dd1f538a08) [0x000074dd1f538b00, 0x000074dd1f538c68] Compiler: c1, Barriers: 2, Oops: 0, ImmediateOops: 0, NonImmediateOops: No
[1,139s][debug][gc,nmethod  ] Register NMethod: java.lang.System$1.getCarrierThreadLocal (0x000074dd1f538d08) [0x000074dd1f538e00, 0x000074dd1f5391c0] Compiler: c1, Barriers: 1, Oops: 0, ImmediateOops: 0, NonImmediateOops: No
[1,139s][debug][gc,nmethod  ] Register NMethod: jdk.internal.misc.CarrierThreadLocal.get (0x000074dd1f539208) [0x000074dd1f539300, 0x000074dd1f539720] Compiler: c1, Barriers: 1, Oops: 0, ImmediateOops: 1, NonImmediateOops: No
[1,139s][debug][gc,nmethod  ] Register NMethod: java.lang.ThreadLocal.getCarrierThreadLocal (0x000074dd1f539788) [0x000074dd1f539880, 0x000074dd1f539a18] Compiler: c1, Barriers: 1, Oops: 0, ImmediateOops: 0, NonImmediateOops: No
[1,139s][debug][gc,nmethod  ] Register NMethod: java.lang.ThreadLocal.get (0x000074dd1f539a88) [0x000074dd1f539b80, 0x000074dd1f539fc8] Compiler: c1, Barriers: 1, Oops: 0, ImmediateOops: 0, NonImmediateOops: No
[1,139s][debug][gc,nmethod  ] Register NMethod: java.lang.ThreadLocal$ThreadLocalMap.getEntry (0x000074dd1f53a008) [0x000074dd1f53a100, 0x000074dd1f53a800] Compiler: c1, Barriers: 2, Oops: 0, ImmediateOops: 0, NonImmediateOops: No
[1,139s][debug][gc,nmethod  ] Register NMethod: java.util.Arrays.mismatch (0x000074dd1f53a808) [0x000074dd1f53a900, 0x000074dd1f53abf8] Compiler: c1, Barriers: 0, Oops: 0, ImmediateOops: 0, NonImmediateOops: No
[1,139s][debug][gc,nmethod  ] Register NMethod: java.util.zip.ZipCoder$UTF8ZipCoder.compare (0x000074dd1f53ac08) [0x000074dd1f53ad00, 0x000074dd1f53bdc8] Compiler: c1, Barriers: 1, Oops: 1, ImmediateOops: 2, NonImmediateOops: No
[1,140s][debug][gc,nmethod  ] Register NMethod: jdk.internal.ref.PhantomCleanable.clean (0x000074dd1f53be08) [0x000074dd1f53bf00, 0x000074dd1f53c720] Compiler: c1, Barriers: 1, Oops: 0, ImmediateOops: 0, NonImmediateOops: No
[1,140s][debug][gc,nmethod  ] Register NMethod: java.lang.ref.Reference.clear (0x000074dd1f53c788) [0x000074dd1f53c880, 0x000074dd1f53cb80] Compiler: c1, Barriers: 0, Oops: 0, ImmediateOops: 0, NonImmediateOops: No
[1,140s][debug][gc,nmethod  ] Rebuilding NMethod Table: 1024->2048 entries, 717(70%->35%) registered, 0(0%->0%) unregistered
[1,140s][debug][gc,nmethod  ] Register NMethod: jdk.internal.misc.Unsafe.copyMemory0 (0x000074dd3ec14988) [0x000074dd3ec14a80, 0x000074dd3ec14bf0] Compiler: , Barriers: 0, Oops: 0, ImmediateOops: 0, NonImmediateOops: No
[1,140s][debug][gc,nmethod  ] Register NMethod: jdk.internal.ref.CleanerImpl$CleanableList.remove (0x000074dd1f53cb88) [0x000074dd1f53cc80, 0x000074dd1f53dab0] Compiler: c1, Barriers: 30, Oops: 0, ImmediateOops: 0, NonImmediateOops: No
[1,140s][debug][gc,director ] Rule Major: Warmup 10%, Used: 54MB, UsedThreshold: 1228MB
[1,140s][debug][gc,nmethod  ] Register NMethod: java.lang.ref.PhantomReference.clearImpl (0x000074dd1f53db08) [0x000074dd1f53dc00, 0x000074dd1f53dd30] Compiler: c1, Barriers: 0, Oops: 0, ImmediateOops: 0, NonImmediateOops: No
[1,140s][debug][gc,nmethod  ] Register NMethod: jdk.internal.ref.CleanerImpl$PhantomCleanableRef.performCleanup (0x000074dd1f53de08) [0x000074dd1f53df00, 0x000074dd1f53e240] Compiler: c1, Barriers: 1, Oops: 0, ImmediateOops: 0, NonImmediateOops: No
[1,140s][debug][gc,nmethod  ] Register NMethod: java.util.zip.Inflater.inflate (0x000074dd1f53e288) [0x000074dd1f53e380, 0x000074dd1f541170] Compiler: c1, Barriers: 10, Oops: 1, ImmediateOops: 5, NonImmediateOops: No
[1,140s][debug][gc,nmethod  ] Register NMethod: java.util.zip.ZipFile$ZipFileInputStream.<init> (0x000074dd1f541188) [0x000074dd1f541280, 0x000074dd1f541960] Compiler: c1, Barriers: 5, Oops: 0, ImmediateOops: 0, NonImmediateOops: No
[1,140s][debug][gc,nmethod  ] Register NMethod: java.util.zip.ZipFile$Source.initCEN (0x000074dd1f541988) [0x000074dd1f541a80, 0x000074dd1f545608] Compiler: c1, Barriers: 39, Oops: 8, ImmediateOops: 13, NonImmediateOops: No
[1,140s][debug][gc,nmethod  ] Register NMethod: java.util.zip.ZipFile.ensureOpenOrZipException (0x000074dd1f545688) [0x000074dd1f545780, 0x000074dd1f545938] Compiler: c1, Barriers: 0, Oops: 0, ImmediateOops: 1, NonImmediateOops: No
[1,140s][debug][gc,nmethod  ] Register NMethod: java.util.zip.ZipFile$ZipFileInputStream.read (0x000074dd1f545988) [0x000074dd1f545a80, 0x000074dd1f5462d0] Compiler: c1, Barriers: 5, Oops: 0, ImmediateOops: 1, NonImmediateOops: No
[1,141s][debug][gc,nmethod  ] Register NMethod: jdk.internal.misc.Unsafe.checkPrimitivePointer (0x000074dd1f546308) [0x000074dd1f546400, 0x000074dd1f546e68] Compiler: c1, Barriers: 2, Oops: 0, ImmediateOops: 0, NonImmediateOops: No
[1,141s][debug][gc,nmethod  ] Register NMethod: java.util.zip.ZipFile$ZipFileInputStream.initDataOffset (0x000074dd1f546e88) [0x000074dd1f546f80, 0x000074dd1f5475b8] Compiler: c1, Barriers: 3, Oops: 0, ImmediateOops: 2, NonImmediateOops: No
[1,141s][debug][gc,nmethod  ] Register NMethod: jdk.internal.misc.Unsafe.checkPointer (0x000074dd1f547608) [0x000074dd1f547700, 0x000074dd1f547a70] Compiler: c1, Barriers: 0, Oops: 0, ImmediateOops: 0, NonImmediateOops: No
[1,141s][debug][gc,nmethod  ] Register NMethod: java.util.zip.ZipFile.getInputStream (0x000074dd1f547a88) [0x000074dd1f547b80, 0x000074dd1f5490f8] Compiler: c1, Barriers: 11, Oops: 1, ImmediateOops: 2, NonImmediateOops: No
[1,141s][debug][gc,nmethod  ] Register NMethod: java.util.zip.ZipUtils.LOCNAM (0x000074dd1f549108) [0x000074dd1f549200, 0x000074dd1f549318] Compiler: c1, Barriers: 0, Oops: 0, ImmediateOops: 0, NonImmediateOops: No
[1,141s][debug][gc,nmethod  ] Register NMethod: java.util.zip.ZipUtils.LOCEXT (0x000074dd1f549408) [0x000074dd1f549500, 0x000074dd1f549618] Compiler: c1, Barriers: 0, Oops: 0, ImmediateOops: 0, NonImmediateOops: No
[1,141s][debug][gc,nmethod  ] Register NMethod: sun.nio.fs.UnixFileAttributes$UnixAsBasicFileAttributes.lastModifiedTime (0x000074dd1f549708) [0x000074dd1f549800, 0x000074dd1f5499e8] Compiler: c1, Barriers: 1, Oops: 0, ImmediateOops: 0, NonImmediateOops: No
[1,141s][debug][gc,nmethod  ] Register NMethod: java.nio.file.attribute.FileTime.from (0x000074dd1f549a08) [0x000074dd1f549b00, 0x000074dd1f549ed8] Compiler: c1, Barriers: 3, Oops: 1, ImmediateOops: 1, NonImmediateOops: No
[1,141s][debug][gc,nmethod  ] Register NMethod: sun.nio.fs.UnixFileAttributes.lastModifiedTime (0x000074dd1f549f08) [0x000074dd1f54a000, 0x000074dd1f54a140] Compiler: c1, Barriers: 0, Oops: 0, ImmediateOops: 0, NonImmediateOops: No
[1,141s][debug][gc,nmethod  ] Register NMethod: java.nio.file.attribute.FileTime.<init> (0x000074dd1f54a208) [0x000074dd1f54a300, 0x000074dd1f54a550] Compiler: c1, Barriers: 6, Oops: 0, ImmediateOops: 0, NonImmediateOops: No
[1,141s][debug][gc,nmethod  ] Register NMethod: java.lang.Math.addExact (0x000074dd1f54a588) [0x000074dd1f54a680, 0x000074dd1f54a870] Compiler: c1, Barriers: 0, Oops: 0, ImmediateOops: 1, NonImmediateOops: No
[1,141s][debug][gc,nmethod  ] Register NMethod: java.util.zip.ZipFile$Source.readAt (0x000074dd1f54a888) [0x000074dd1f54a980, 0x000074dd1f54b0a0] Compiler: c1, Barriers: 3, Oops: 0, ImmediateOops: 2, NonImmediateOops: No
[1,141s][debug][gc,nmethod  ] Register NMethod: sun.nio.fs.UnixFileAttributes.toFileTime (0x000074dd1f54b108) [0x000074dd1f54b200, 0x000074dd1f54b4f0] Compiler: c1, Barriers: 0, Oops: 0, ImmediateOops: 3, NonImmediateOops: No
[1,141s][debug][gc,nmethod  ] Register NMethod: java.util.zip.ZipFile$ZipFileInflaterInputStream.<init> (0x000074dd1f54b508) [0x000074dd1f54b600, 0x000074dd1f54b7a8] Compiler: c1, Barriers: 0, Oops: 0, ImmediateOops: 0, NonImmediateOops: No
[1,141s][debug][gc,nmethod  ] Register NMethod: java.lang.Math.multiplyExact (0x000074dd1f54b808) [0x000074dd1f54b900, 0x000074dd1f54bda0] Compiler: c1, Barriers: 0, Oops: 0, ImmediateOops: 1, NonImmediateOops: No
[1,141s][debug][gc,nmethod  ] Register NMethod: java.util.zip.ZipFile$ZipFileInflaterInputStream.close (0x000074dd1f54be08) [0x000074dd1f54bf00, 0x000074dd1f54d210] Compiler: c1, Barriers: 10, Oops: 0, ImmediateOops: 0, NonImmediateOops: No
[1,141s][debug][gc,nmethod  ] Register NMethod: java.util.zip.ZipFile$InflaterCleanupAction.<init> (0x000074dd1f54d288) [0x000074dd1f54d380, 0x000074dd1f54d5c8] Compiler: c1, Barriers: 6, Oops: 0, ImmediateOops: 0, NonImmediateOops: No
[1,141s][debug][gc,nmethod  ] Register NMethod: java.util.HashMap.tableSizeFor (0x000074dd1f54d608) [0x000074dd1f54d700, 0x000074dd1f54d8f0] Compiler: c1, Barriers: 0, Oops: 0, ImmediateOops: 0, NonImmediateOops: No
[1,141s][debug][gc,nmethod  ] Register NMethod: java.util.zip.InflaterInputStream.<init> (0x000074dd1f54d908) [0x000074dd1f54da00, 0x000074dd1f54e120] Compiler: c1, Barriers: 12, Oops: 0, ImmediateOops: 1, NonImmediateOops: No
[1,141s][debug][gc,nmethod  ] Register NMethod: java.util.zip.ZipFile$CleanableResource.getInflater (0x000074dd1f54e188) [0x000074dd1f54e280, 0x000074dd1f54e9b0] Compiler: c1, Barriers: 2, Oops: 0, ImmediateOops: 0, NonImmediateOops: No
[1,142s][debug][gc,nmethod  ] Register NMethod: java.util.zip.ZipFile$ZipFileInflaterInputStream.fill (0x000074dd1f54ea08) [0x000074dd1f54eb00, 0x000074dd1f54f0f8] Compiler: c1, Barriers: 5, Oops: 0, ImmediateOops: 1, NonImmediateOops: No
[1,142s][debug][gc,nmethod  ] Register NMethod: java.util.zip.ZipFile$InflaterCleanupAction.run (0x000074dd1f54f108) [0x000074dd1f54f200, 0x000074dd1f54f3c0] Compiler: c1, Barriers: 2, Oops: 0, ImmediateOops: 0, NonImmediateOops: No
[1,142s][debug][gc,nmethod  ] Register NMethod: java.util.zip.ZipFile$ZipFileInflaterInputStream.<init> (0x000074dd1f54f408) [0x000074dd1f54f500, 0x000074dd1f54fd10] Compiler: c1, Barriers: 12, Oops: 1, ImmediateOops: 1, NonImmediateOops: No
[1,142s][debug][gc,nmethod  ] Register NMethod: java.util.zip.InflaterInputStream.close (0x000074dd1f54fd88) [0x000074dd1f54fe80, 0x000074dd1f5502b0] Compiler: c1, Barriers: 2, Oops: 0, ImmediateOops: 0, NonImmediateOops: No
[1,142s][debug][gc,nmethod  ] Register NMethod: java.util.zip.Inflater.setInput (0x000074dd1f550308) [0x000074dd1f550400, 0x000074dd1f5508f0] Compiler: c1, Barriers: 7, Oops: 1, ImmediateOops: 1, NonImmediateOops: No
[1,142s][debug][gc,nmethod  ] Register NMethod: java.lang.Float.isNaN (0x000074dd1f550908) [0x000074dd1f550a00, 0x000074dd1f550b50] Compiler: c1, Barriers: 0, Oops: 0, ImmediateOops: 0, NonImmediateOops: No
[1,142s][debug][gc,nmethod  ] Register NMethod: java.net.URL.getDefaultPort (0x000074dd1f550c08) [0x000074dd1f550d00, 0x000074dd1f551050] Compiler: c1, Barriers: 1, Oops: 0, ImmediateOops: 0, NonImmediateOops: No
[1,142s][debug][gc,nmethod  ] Register NMethod: sun.nio.fs.UnixNativeDispatcher.stat0 (0x000074dd3ec14c88) [0x000074dd3ec14d80, 0x000074dd3ec14ef0] Compiler: , Barriers: 0, Oops: 0, ImmediateOops: 1, NonImmediateOops: No
[1,142s][debug][gc,nmethod  ] Register NMethod: java.util.zip.Inflater.reset (0x000074dd1f551088) [0x000074dd1f551180, 0x000074dd1f551648] Compiler: c1, Barriers: 8, Oops: 0, ImmediateOops: 1, NonImmediateOops: No
[1,142s][debug][gc,nmethod  ] Register NMethod: java.util.zip.ZipFile$CleanableResource.releaseInflater (0x000074dd1f551688) [0x000074dd1f551780, 0x000074dd1f551cd8] Compiler: c1, Barriers: 2, Oops: 0, ImmediateOops: 0, NonImmediateOops: No
[1,142s][debug][gc,nmethod  ] Register NMethod: java.util.zip.ZipEntry.isCENHeaderValid (0x000074dd1f551d08) [0x000074dd1f551e00, 0x000074dd1f552920] Compiler: c1, Barriers: 2, Oops: 0, ImmediateOops: 0, NonImmediateOops: No
[1,142s][debug][gc,nmethod  ] Register NMethod: java.io.ByteArrayOutputStream.ensureCapacity (0x000074dd1f552988) [0x000074dd1f552a80, 0x000074dd1f552e48] Compiler: c1, Barriers: 4, Oops: 0, ImmediateOops: 0, NonImmediateOops: No
[1,142s][debug][gc,nmethod  ] Register NMethod: java.io.ByteArrayOutputStream.write (0x000074dd1f552e88) [0x000074dd1f552f80, 0x000074dd1f5534c0] Compiler: c1, Barriers: 1, Oops: 0, ImmediateOops: 0, NonImmediateOops: No
[1,142s][debug][gc,nmethod  ] Register NMethod: sun.net.www.protocol.jar.Handler.checkNestedProtocol (0x000074dd1f553508) [0x000074dd1f553600, 0x000074dd1f553988] Compiler: c1, Barriers: 0, Oops: 0, ImmediateOops: 2, NonImmediateOops: No
[1,142s][debug][gc,nmethod  ] Register NMethod: java.util.jar.Attributes.put (0x000074dd1f553a08) [0x000074dd1f553b00, 0x000074dd1f554248] Compiler: c1, Barriers: 1, Oops: 0, ImmediateOops: 0, NonImmediateOops: No
[1,142s][debug][gc,nmethod  ] Register NMethod: java.net.URL.toExternalForm (0x000074dd1f554288) [0x000074dd1f554380, 0x000074dd1f5546b8] Compiler: c1, Barriers: 1, Oops: 0, ImmediateOops: 0, NonImmediateOops: No
[1,142s][debug][gc,nmethod  ] Register NMethod: java.net.URL.toString (0x000074dd1f554708) [0x000074dd1f554800, 0x000074dd1f554d50] Compiler: c1, Barriers: 1, Oops: 0, ImmediateOops: 0, NonImmediateOops: No
[1,142s][debug][gc,nmethod  ] Register NMethod: java.util.jar.Attributes.putValue (0x000074dd1f554d88) [0x000074dd1f554e80, 0x000074dd1f555d18] Compiler: c1, Barriers: 4, Oops: 0, ImmediateOops: 1, NonImmediateOops: No
[1,142s][debug][gc,nmethod  ] Register NMethod: sun.nio.fs.UnixFileSystem.provider (0x000074dd3ec14f88) [0x000074dd3ec15080, 0x000074dd3ec15168] Compiler: c1, Barriers: 1, Oops: 0, ImmediateOops: 0, NonImmediateOops: No
[1,142s][debug][gc,nmethod  ] Register NMethod: java.io.RandomAccessFile.open0 (0x000074dd3ec15288) [0x000074dd3ec15380, 0x000074dd3ec154d8] Compiler: , Barriers: 0, Oops: 0, ImmediateOops: 0, NonImmediateOops: No
[1,142s][debug][gc,nmethod  ] Register NMethod: sun.nio.fs.UnixFileAttributes$UnixAsBasicFileAttributes.fileKey (0x000074dd1f555d88) [0x000074dd1f555e80, 0x000074dd1f556008] Compiler: c1, Barriers: 1, Oops: 0, ImmediateOops: 0, NonImmediateOops: No
[1,142s][debug][gc,nmethod  ] Register NMethod: java.io.RandomAccessFile.length0 (0x000074dd3ec15588) [0x000074dd3ec15680, 0x000074dd3ec157d8] Compiler: , Barriers: 0, Oops: 0, ImmediateOops: 0, NonImmediateOops: No
[1,142s][debug][gc,nmethod  ] Register NMethod: java.util.jar.Attributes$Name.of (0x000074dd1f556088) [0x000074dd1f556180, 0x000074dd1f5569f8] Compiler: c1, Barriers: 4, Oops: 1, ImmediateOops: 3, NonImmediateOops: No
[1,142s][debug][gc,nmethod  ] Register NMethod: java.lang.StringLatin1.indexOf (0x000074dd3ec15888) [0x000074dd3ec15980, 0x000074dd3ec15c70] Compiler: jvmci, Barriers: 0, Oops: 0, ImmediateOops: 0, NonImmediateOops: No
[1,142s][debug][gc,nmethod  ] Register NMethod: java.util.concurrent.TimeUnit.toMillis (0x000074dd1f556a08) [0x000074dd1f556b00, 0x000074dd1f556db8] Compiler: c1, Barriers: 0, Oops: 0, ImmediateOops: 0, NonImmediateOops: No
[1,142s][debug][gc,nmethod  ] Register NMethod: sun.nio.fs.UnixFileAttributes.fileKey (0x000074dd1f556e08) [0x000074dd1f556f00, 0x000074dd1f557438] Compiler: c1, Barriers: 6, Oops: 0, ImmediateOops: 0, NonImmediateOops: No
[1,142s][debug][gc,nmethod  ] Register NMethod: java.nio.charset.Charset.hashCode (0x000074dd1f557488) [0x000074dd1f557580, 0x000074dd1f557a80] Compiler: c1, Barriers: 1, Oops: 0, ImmediateOops: 0, NonImmediateOops: No
[1,142s][debug][gc,nmethod  ] Register NMethod: jdk.internal.loader.FileURLMapper.getPath (0x000074dd1f557a88) [0x000074dd1f557b80, 0x000074dd1f558958] Compiler: c1, Barriers: 14, Oops: 0, ImmediateOops: 1, NonImmediateOops: No
[1,142s][debug][gc,nmethod  ] Register NMethod: sun.nio.fs.UnixFileSystem.needToResolveAgainstDefaultDirectory (0x000074dd3ec15c88) [0x000074dd3ec15d80, 0x000074dd3ec15e40] Compiler: c1, Barriers: 0, Oops: 0, ImmediateOops: 0, NonImmediateOops: No
[1,142s][debug][gc,nmethod  ] Register NMethod: sun.nio.fs.NativeBuffer.size (0x000074dd3ec15f88) [0x000074dd3ec16080, 0x000074dd3ec16140] Compiler: c1, Barriers: 0, Oops: 0, ImmediateOops: 0, NonImmediateOops: No
[1,142s][debug][gc,nmethod  ] Register NMethod: sun.nio.fs.UnixFileKey.hashCode (0x000074dd1f558988) [0x000074dd1f558a80, 0x000074dd1f558c00] Compiler: c1, Barriers: 0, Oops: 0, ImmediateOops: 0, NonImmediateOops: No
[1,143s][debug][gc,nmethod  ] Register NMethod: sun.nio.fs.NativeBuffer.owner (0x000074dd3ec16288) [0x000074dd3ec16380, 0x000074dd3ec16468] Compiler: c1, Barriers: 1, Oops: 0, ImmediateOops: 0, NonImmediateOops: No
[1,143s][debug][gc,nmethod  ] Register NMethod: java.util.zip.ZipFile$Source$Key.hashCode (0x000074dd1f558c88) [0x000074dd1f558d80, 0x000074dd1f55a178] Compiler: c1, Barriers: 6, Oops: 0, ImmediateOops: 1, NonImmediateOops: No
[1,143s][debug][gc,nmethod  ] Register NMethod: sun.nio.fs.NativeBuffer.setOwner (0x000074dd3ec16588) [0x000074dd3ec16680, 0x000074dd3ec167b0] Compiler: c1, Barriers: 3, Oops: 0, ImmediateOops: 0, NonImmediateOops: No
[1,143s][debug][gc,nmethod  ] Register NMethod: java.nio.file.attribute.FileTime.toMillis (0x000074dd1f55a188) [0x000074dd1f55a280, 0x000074dd1f55a948] Compiler: c1, Barriers: 3, Oops: 0, ImmediateOops: 0, NonImmediateOops: No
[1,143s][debug][gc,nmethod  ] Register NMethod: java.util.zip.Inflater.init (0x000074dd3ec16888) [0x000074dd3ec16980, 0x000074dd3ec16ae0] Compiler: , Barriers: 0, Oops: 0, ImmediateOops: 1, NonImmediateOops: No
[1,143s][debug][gc,nmethod  ] Register NMethod: java.net.URLStreamHandler.toExternalForm (0x000074dd1f55a988) [0x000074dd1f55aa80, 0x000074dd1f55eec0] Compiler: c1, Barriers: 6, Oops: 1, ImmediateOops: 9, NonImmediateOops: No
[1,143s][debug][gc,nmethod  ] Register NMethod: java.util.jar.JarEntry.<init> (0x000074dd1f55ef08) [0x000074dd1f55f000, 0x000074dd1f55f130] Compiler: c1, Barriers: 0, Oops: 0, ImmediateOops: 0, NonImmediateOops: No
[1,143s][debug][gc,nmethod  ] Register NMethod: java.util.jar.JarFile.entryFor (0x000074dd1f55f208) [0x000074dd1f55f300, 0x000074dd1f55f6e8] Compiler: c1, Barriers: 6, Oops: 0, ImmediateOops: 0, NonImmediateOops: No
[1,143s][debug][gc,nmethod  ] Register NMethod: java.util.jar.JarFile$JarFileEntry.<init> (0x000074dd1f55f708) [0x000074dd1f55f800, 0x000074dd1f55fbf0] Compiler: c1, Barriers: 6, Oops: 0, ImmediateOops: 0, NonImmediateOops: No
[1,143s][debug][gc,nmethod  ] Register NMethod: java.util.jar.JavaUtilJarAccessImpl.entryFor (0x000074dd1f55fc08) [0x000074dd1f55fd00, 0x000074dd1f5603e8] Compiler: c1, Barriers: 6, Oops: 0, ImmediateOops: 0, NonImmediateOops: No
[1,143s][debug][gc,nmethod  ] Register NMethod: java.util.zip.ZipUtils.CENTIM (0x000074dd1f560408) [0x000074dd1f560500, 0x000074dd1f560610] Compiler: c1, Barriers: 0, Oops: 0, ImmediateOops: 0, NonImmediateOops: No
[1,143s][debug][gc,nmethod  ] Register NMethod: java.util.zip.ZipUtils.CENCRC (0x000074dd1f560708) [0x000074dd1f560800, 0x000074dd1f560910] Compiler: c1, Barriers: 0, Oops: 0, ImmediateOops: 0, NonImmediateOops: No
[1,143s][debug][gc,nmethod  ] Register NMethod: java.util.zip.ZipCoder.charset (0x000074dd3ec16b88) [0x000074dd3ec16c80, 0x000074dd3ec16d68] Compiler: c1, Barriers: 1, Oops: 0, ImmediateOops: 0, NonImmediateOops: No
[1,143s][debug][gc,nmethod  ] Register NMethod: java.util.zip.ZipUtils.CENVEM_FA (0x000074dd1f560a08) [0x000074dd1f560b00, 0x000074dd1f560c68] Compiler: c1, Barriers: 0, Oops: 0, ImmediateOops: 0, NonImmediateOops: No
[1,143s][debug][gc,nmethod  ] Register NMethod: java.util.zip.ZipEntry.<init> (0x000074dd1f560d08) [0x000074dd1f560e00, 0x000074dd1f5612b0] Compiler: c1, Barriers: 3, Oops: 1, ImmediateOops: 2, NonImmediateOops: No
[1,143s][debug][gc,nmethod  ] Register NMethod: java.io.UnixFileSystem.getFileForSysCalls (0x000074dd1f561308) [0x000074dd1f561400, 0x000074dd1f561940] Compiler: c1, Barriers: 3, Oops: 0, ImmediateOops: 0, NonImmediateOops: No
[1,143s][debug][gc,nmethod  ] Register NMethod: java.io.UnixFileSystem.hasBooleanAttributes (0x000074dd1f561988) [0x000074dd1f561a80, 0x000074dd1f562608] Compiler: c1, Barriers: 3, Oops: 1, ImmediateOops: 1, NonImmediateOops: No
[1,145s][debug][gc,nmethod  ] Register NMethod: java.lang.invoke.MemberName.isResolved (0x000074dd1f562688) [0x000074dd1f562780, 0x000074dd1f562900] Compiler: c1, Barriers: 1, Oops: 0, ImmediateOops: 0, NonImmediateOops: No
[1,145s][debug][gc,nmethod  ] Register NMethod: java.lang.Class.cast (0x000074dd1f562988) [0x000074dd1f562a80, 0x000074dd1f562ed8] Compiler: c1, Barriers: 0, Oops: 0, ImmediateOops: 0, NonImmediateOops: No
[1,145s][debug][gc,nmethod  ] Register NMethod: jdk.internal.util.WeakReferenceKey.<init> (0x000074dd1f562f08) [0x000074dd1f563000, 0x000074dd1f563608] Compiler: c1, Barriers: 6, Oops: 0, ImmediateOops: 1, NonImmediateOops: No
[1,145s][debug][gc,nmethod  ] Register NMethod: jdk.internal.util.ReferencedKeyMap.entryKey (0x000074dd1f563688) [0x000074dd1f563780, 0x000074dd1f563f98] Compiler: c1, Barriers: 8, Oops: 0, ImmediateOops: 1, NonImmediateOops: No
[1,145s][debug][gc,nmethod  ] Register NMethod: java.lang.StringUTF16.compress (0x000074dd1f564008) [0x000074dd1f564100, 0x000074dd1f564330] Compiler: c1, Barriers: 0, Oops: 0, ImmediateOops: 0, NonImmediateOops: No
[1,145s][debug][gc,nmethod  ] Register NMethod: java.lang.Math.min (0x000074dd1f564388) [0x000074dd1f564480, 0x000074dd1f5645a8] Compiler: c1, Barriers: 0, Oops: 0, ImmediateOops: 0, NonImmediateOops: No
[1,146s][debug][gc,nmethod  ] Register NMethod: java.util.jar.Attributes.getValue (0x000074dd1f564688) [0x000074dd1f564780, 0x000074dd1f564d20] Compiler: c1, Barriers: 1, Oops: 0, ImmediateOops: 0, NonImmediateOops: No
[1,146s][debug][gc,nmethod  ] Register NMethod: java.util.jar.Attributes.get (0x000074dd1f564d88) [0x000074dd1f564e80, 0x000074dd1f5651c0] Compiler: c1, Barriers: 1, Oops: 0, ImmediateOops: 0, NonImmediateOops: No
[1,147s][debug][gc,nmethod  ] Register NMethod: jdk.internal.perf.PerfCounter.increment (0x000074dd1f565208) [0x000074dd1f565300, 0x000074dd1f565448] Compiler: c1, Barriers: 0, Oops: 0, ImmediateOops: 0, NonImmediateOops: No
[1,147s][debug][gc,nmethod  ] Register NMethod: jdk.internal.loader.BuiltinClassLoader.loadClassOrNull (0x000074dd1f565508) [0x000074dd1f565600, 0x000074dd1f565908] Compiler: c1, Barriers: 0, Oops: 0, ImmediateOops: 0, NonImmediateOops: No
[1,147s][debug][gc,nmethod  ] Register NMethod: jdk.internal.loader.BuiltinClassLoader.findLoadedModule (0x000074dd1f565988) [0x000074dd1f565a80, 0x000074dd1f566c40] Compiler: c1, Barriers: 1, Oops: 0, ImmediateOops: 1, NonImmediateOops: No
[1,147s][debug][gc,nmethod  ] Register NMethod: jdk.internal.loader.BuiltinClassLoader.loadClassOrNull (0x000074dd1f566c88) [0x000074dd1f566d80, 0x000074dd1f568818] Compiler: c1, Barriers: 3, Oops: 0, ImmediateOops: 2, NonImmediateOops: No
[1,148s][debug][gc,nmethod  ] Register NMethod: java.lang.invoke.MethodHandles$Lookup.previousLookupClass (0x000074dd3ec16e88) [0x000074dd3ec16f80, 0x000074dd3ec17068] Compiler: c1, Barriers: 1, Oops: 0, ImmediateOops: 0, NonImmediateOops: No
[1,148s][debug][gc,nmethod  ] Register NMethod: jdk.internal.classfile.impl.StackMapGenerator$Type.referenceType (0x000074dd1f568888) [0x000074dd1f568980, 0x000074dd1f568c50] Compiler: c1, Barriers: 3, Oops: 0, ImmediateOops: 0, NonImmediateOops: No
[1,148s][debug][gc,nmethod  ] Register NMethod: jdk.internal.classfile.impl.StackMapGenerator$Frame.pushStack (0x000074dd1f568c88) [0x000074dd1f568d80, 0x000074dd1f5691e0] Compiler: c1, Barriers: 4, Oops: 0, ImmediateOops: 0, NonImmediateOops: No
[1,148s][debug][gc,nmethod  ] Register NMethod: jdk.internal.classfile.impl.DirectClassBuilder.constantPool (0x000074dd1f569208) [0x000074dd1f569300, 0x000074dd1f569440] Compiler: c1, Barriers: 1, Oops: 0, ImmediateOops: 0, NonImmediateOops: No
[1,148s][debug][gc,nmethod  ] Register NMethod: jdk.internal.classfile.impl.RawBytecodeHelper.getU2Unchecked (0x000074dd1f569508) [0x000074dd1f569600, 0x000074dd1f569988] Compiler: c1, Barriers: 2, Oops: 0, ImmediateOops: 1, NonImmediateOops: No
[1,148s][debug][gc,nmethod  ] Register NMethod: jdk.internal.classfile.impl.RawBytecodeHelper.getIndexU2 (0x000074dd1f569a08) [0x000074dd1f569b00, 0x000074dd1f569df8] Compiler: c1, Barriers: 0, Oops: 0, ImmediateOops: 0, NonImmediateOops: No
[1,148s][debug][gc,nmethod  ] Register NMethod: jdk.internal.classfile.impl.AbstractPoolEntry$AbstractRefEntry.writeTo (0x000074dd1f569e08) [0x000074dd1f569f00, 0x000074dd1f56a658] Compiler: c1, Barriers: 1, Oops: 0, ImmediateOops: 0, NonImmediateOops: No
[1,148s][debug][gc,nmethod  ] Register NMethod: java.lang.invoke.MethodHandle.linkToSpecial (0x000074dd3ec17188) [0x000074dd3ec17280, 0x000074dd3ec17378] Compiler: , Barriers: 0, Oops: 0, ImmediateOops: 0, NonImmediateOops: No
[1,148s][debug][gc,nmethod  ] Register NMethod: java.lang.invoke.MethodHandle.invokeBasic (0x000074dd3ec17488) [0x000074dd3ec17580, 0x000074dd3ec17818] Compiler: , Barriers: 0, Oops: 0, ImmediateOops: 0, NonImmediateOops: No
[1,148s][debug][gc,nmethod  ] Register NMethod: java.lang.invoke.LambdaForm$Name.withIndex (0x000074dd1f56a688) [0x000074dd1f56a780, 0x000074dd1f56aa68] Compiler: c1, Barriers: 4, Oops: 0, ImmediateOops: 0, NonImmediateOops: No
[1,148s][debug][gc,nmethod  ] Register NMethod: jdk.internal.classfile.impl.StackMapGenerator$Frame.checkLocal (0x000074dd1f56aa88) [0x000074dd1f56ab80, 0x000074dd1f56b7d8] Compiler: c1, Barriers: 11, Oops: 1, ImmediateOops: 2, NonImmediateOops: No
[1,148s][debug][gc,nmethod  ] Register NMethod: jdk.internal.classfile.impl.BufWriterImpl.writeIndex (0x000074dd1f56b808) [0x000074dd1f56b900, 0x000074dd1f56dd28] Compiler: c1, Barriers: 1, Oops: 1, ImmediateOops: 3, NonImmediateOops: No
[1,149s][debug][gc,nmethod  ] Register NMethod: java.lang.reflect.Modifier.isStatic (0x000074dd1f56dd88) [0x000074dd1f56de80, 0x000074dd1f56dfb0] Compiler: c1, Barriers: 0, Oops: 0, ImmediateOops: 0, NonImmediateOops: No
[1,149s][debug][gc,nmethod  ] Register NMethod: sun.invoke.util.VerifyAccess.isClassAccessible (0x000074dd1f56e088) [0x000074dd1f56e180, 0x000074dd1f570100] Compiler: c1, Barriers: 4, Oops: 0, ImmediateOops: 3, NonImmediateOops: No
[1,149s][debug][gc,nmethod  ] Register NMethod: jdk.internal.classfile.impl.AbstractAttributeMapper.allowMultiple (0x000074dd3ec17888) [0x000074dd3ec17980, 0x000074dd3ec17a40] Compiler: c1, Barriers: 0, Oops: 0, ImmediateOops: 0, NonImmediateOops: No
[1,149s][debug][gc,nmethod  ] Register NMethod: jdk.internal.constant.MethodTypeDescImpl.returnType (0x000074dd3ec17b88) [0x000074dd3ec17c80, 0x000074dd3ec17d68] Compiler: c1, Barriers: 1, Oops: 0, ImmediateOops: 0, NonImmediateOops: No
[1,149s][debug][gc,nmethod  ] Register NMethod: jdk.internal.classfile.impl.StackMapGenerator$Frame.decStack (0x000074dd1f570108) [0x000074dd1f570200, 0x000074dd1f570460] Compiler: c1, Barriers: 2, Oops: 1, ImmediateOops: 1, NonImmediateOops: No
[1,149s][debug][gc,nmethod  ] Register NMethod: jdk.internal.classfile.impl.RawBytecodeHelper.opcode (0x000074dd3ec17e88) [0x000074dd3ec17f80, 0x000074dd3ec18008] Compiler: jvmci, Barriers: 0, Oops: 0, ImmediateOops: 0, NonImmediateOops: No
[1,149s][debug][gc,nmethod  ] Register NMethod: java.lang.reflect.Method.getName (0x000074dd3ec18188) [0x000074dd3ec18280, 0x000074dd3ec18368] Compiler: c1, Barriers: 1, Oops: 0, ImmediateOops: 0, NonImmediateOops: No
[1,149s][debug][gc,nmethod  ] Register NMethod: java.util.WeakHashMap.getTable (0x000074dd1f570488) [0x000074dd1f570580, 0x000074dd1f5706f8] Compiler: c1, Barriers: 1, Oops: 0, ImmediateOops: 0, NonImmediateOops: No
[1,149s][debug][gc,nmethod  ] Register NMethod: java.lang.Long.<init> (0x000074dd1f570788) [0x000074dd1f570880, 0x000074dd1f570a40] Compiler: c1, Barriers: 0, Oops: 0, ImmediateOops: 0, NonImmediateOops: No
[1,150s][debug][gc,nmethod  ] Register NMethod: java.lang.invoke.MethodHandle.linkToStatic (0x000074dd3ec18488) [0x000074dd3ec18580, 0x000074dd3ec18670] Compiler: , Barriers: 0, Oops: 0, ImmediateOops: 0, NonImmediateOops: No
[1,150s][debug][gc,nmethod  ] Register NMethod: java.lang.invoke.MethodTypeForm.canonicalize (0x000074dd1f570a88) [0x000074dd1f570b80, 0x000074dd1f571230] Compiler: c1, Barriers: 2, Oops: 0, ImmediateOops: 0, NonImmediateOops: No
[1,150s][debug][gc,nmethod  ] Register NMethod: java.lang.ref.SoftReference.get (0x000074dd1f571288) [0x000074dd1f571380, 0x000074dd1f571540] Compiler: c1, Barriers: 2, Oops: 0, ImmediateOops: 1, NonImmediateOops: No
[1,150s][debug][gc,director ] Rule Major: Warmup 10%, Used: 56MB, UsedThreshold: 1228MB
[1,150s][debug][gc,nmethod  ] Register NMethod: jdk.internal.util.ReferencedKeyMap.existingKey (0x000074dd1f571588) [0x000074dd1f571680, 0x000074dd1f573390] Compiler: c1, Barriers: 11, Oops: 1, ImmediateOops: 0, NonImmediateOops: No
[1,150s][debug][gc,nmethod  ] Register NMethod: jdk.internal.util.ReferencedKeyMap.internKey (0x000074dd1f573408) [0x000074dd1f573500, 0x000074dd1f574ca8] Compiler: c1, Barriers: 5, Oops: 0, ImmediateOops: 0, NonImmediateOops: No
[1,150s][debug][gc,nmethod  ] Register NMethod: java.lang.String.getBytes (0x000074dd3ec18788) [0x000074dd3ec18880, 0x000074dd3ec18bc0] Compiler: jvmci, Barriers: 1, Oops: 0, ImmediateOops: 0, NonImmediateOops: No
[1,150s][debug][gc,nmethod  ] Register NMethod: java.util.jar.Manifest$FastInputStream.readLine (0x000074dd3ec18c08) [0x000074dd3ec18d00, 0x000074dd3ec19648] Compiler: jvmci, Barriers: 3, Oops: 0, ImmediateOops: 0, NonImmediateOops: No
[1,151s][debug][gc,nmethod  ] Register NMethod: jdk.internal.classfile.impl.Util.powerOctal (0x000074dd1f574d08) [0x000074dd1f574e00, 0x000074dd1f574fc0] Compiler: c1, Barriers: 0, Oops: 1, ImmediateOops: 1, NonImmediateOops: No
[1,151s][debug][gc,nmethod  ] Register NMethod: java.lang.Character.reverseBytes (0x000074dd1f575008) [0x000074dd1f575100, 0x000074dd1f5751f8] Compiler: c1, Barriers: 0, Oops: 0, ImmediateOops: 0, NonImmediateOops: No
[1,151s][debug][gc,nmethod  ] Register NMethod: jdk.internal.misc.Unsafe.getCharUnaligned (0x000074dd1f575308) [0x000074dd1f575400, 0x000074dd1f575790] Compiler: c1, Barriers: 0, Oops: 0, ImmediateOops: 0, NonImmediateOops: No
[1,151s][debug][gc,nmethod  ] Register NMethod: jdk.internal.misc.Unsafe.convEndian (0x000074dd1f575808) [0x000074dd1f575900, 0x000074dd1f575aa0] Compiler: c1, Barriers: 0, Oops: 0, ImmediateOops: 0, NonImmediateOops: No
[1,151s][debug][gc,nmethod  ] Register NMethod: java.lang.CharacterDataLatin1.toLowerCase (0x000074dd1f575b08) [0x000074dd1f575c00, 0x000074dd1f575e40] Compiler: c1, Barriers: 0, Oops: 0, ImmediateOops: 0, NonImmediateOops: No
[1,152s][debug][gc,nmethod  ] Register NMethod: java.lang.Math.clamp (0x000074dd1f575e88) [0x000074dd1f575f80, 0x000074dd1f577048] Compiler: c1, Barriers: 0, Oops: 1, ImmediateOops: 2, NonImmediateOops: No
[1,153s][debug][gc,nmethod  ] Register NMethod: java.lang.Enum.name (0x000074dd3ec19688) [0x000074dd3ec19780, 0x000074dd3ec19868] Compiler: c1, Barriers: 1, Oops: 0, ImmediateOops: 0, NonImmediateOops: No
[1,154s][debug][gc,nmethod  ] Register NMethod: java.lang.StringLatin1.canEncode (0x000074dd1f577088) [0x000074dd1f577180, 0x000074dd1f5772e0] Compiler: c1, Barriers: 0, Oops: 0, ImmediateOops: 0, NonImmediateOops: No
[1,154s][debug][gc,nmethod  ] Register NMethod: java.lang.CharacterDataLatin1.toUpperCaseEx (0x000074dd1f577388) [0x000074dd1f577480, 0x000074dd1f5778b0] Compiler: c1, Barriers: 0, Oops: 0, ImmediateOops: 1, NonImmediateOops: No
[1,154s][debug][gc,nmethod  ] Register NMethod: java.util.concurrent.ConcurrentHashMap.put (0x000074dd1f577908) [0x000074dd1f577a00, 0x000074dd1f577d00] Compiler: c1, Barriers: 0, Oops: 0, ImmediateOops: 0, NonImmediateOops: No
[1,154s][debug][gc,nmethod  ] Register NMethod: sun.util.locale.BaseLocale.getLanguage (0x000074dd3ec19988) [0x000074dd3ec19a80, 0x000074dd3ec19b68] Compiler: c1, Barriers: 1, Oops: 0, ImmediateOops: 0, NonImmediateOops: No
[1,154s][debug][gc,nmethod  ] Register NMethod: java.util.concurrent.ConcurrentHashMap$Node.<init> (0x000074dd1f577d08) [0x000074dd1f577e00, 0x000074dd1f578128] Compiler: c1, Barriers: 9, Oops: 0, ImmediateOops: 0, NonImmediateOops: No
[1,154s][debug][gc,nmethod  ] Register NMethod: java.lang.StringLatin1.toUpperCase (0x000074dd1f578188) [0x000074dd1f578280, 0x000074dd1f579348] Compiler: c1, Barriers: 5, Oops: 0, ImmediateOops: 4, NonImmediateOops: No
[1,154s][debug][gc,nmethod  ] Register NMethod: java.util.Objects.nonNull (0x000074dd1f579388) [0x000074dd1f579480, 0x000074dd1f5795b0] Compiler: c1, Barriers: 0, Oops: 0, ImmediateOops: 0, NonImmediateOops: No
[1,154s][debug][gc,nmethod  ] Register NMethod: java.lang.StringLatin1.canEncode (0x000074dd3ec19c88) [0x000074dd3ec19d80, 0x000074dd3ec19e20] Compiler: jvmci, Barriers: 0, Oops: 0, ImmediateOops: 0, NonImmediateOops: No
[1,154s][debug][gc,nmethod  ] Register NMethod: java.lang.String.toUpperCase (0x000074dd1f579688) [0x000074dd1f579780, 0x000074dd1f579c30] Compiler: c1, Barriers: 2, Oops: 0, ImmediateOops: 0, NonImmediateOops: No
[1,155s][debug][gc,nmethod  ] Register NMethod: java.util.Locale.getLanguage (0x000074dd1f579c88) [0x000074dd1f579d80, 0x000074dd1f57a0c0] Compiler: c1, Barriers: 2, Oops: 0, ImmediateOops: 0, NonImmediateOops: No
[1,155s][debug][gc,nmethod  ] Register NMethod: java.util.ArrayList$Itr.hasNext (0x000074dd1f57a108) [0x000074dd1f57a200, 0x000074dd1f57a390] Compiler: c1, Barriers: 1, Oops: 0, ImmediateOops: 0, NonImmediateOops: No
[1,155s][debug][gc,nmethod  ] Register NMethod: java.util.Properties.put (0x000074dd1f57a408) [0x000074dd1f57a500, 0x000074dd1f57aa00] Compiler: c1, Barriers: 1, Oops: 0, ImmediateOops: 0, NonImmediateOops: No
[1,155s][debug][gc,nmethod  ] Register NMethod: java.security.Provider$Service.getType (0x000074dd3ec19f88) [0x000074dd3ec1a080, 0x000074dd3ec1a168] Compiler: c1, Barriers: 1, Oops: 0, ImmediateOops: 0, NonImmediateOops: No
[1,155s][debug][gc,nmethod  ] Register NMethod: java.security.Provider$Service.getAlgorithm (0x000074dd3ec1a288) [0x000074dd3ec1a380, 0x000074dd3ec1a468] Compiler: c1, Barriers: 1, Oops: 0, ImmediateOops: 0, NonImmediateOops: No
[1,155s][debug][gc,nmethod  ] Register NMethod: java.util.ArrayList$Itr.checkForComodification (0x000074dd1f57aa08) [0x000074dd1f57ab00, 0x000074dd1f57ace8] Compiler: c1, Barriers: 1, Oops: 0, ImmediateOops: 0, NonImmediateOops: No
[1,155s][debug][gc,nmethod  ] Register NMethod: java.util.ArrayList$Itr.next (0x000074dd1f57ad08) [0x000074dd1f57ae00, 0x000074dd1f57b3f0] Compiler: c1, Barriers: 3, Oops: 0, ImmediateOops: 0, NonImmediateOops: No
[1,156s][debug][gc,nmethod  ] Register NMethod: java.security.Provider$Service.getAliases (0x000074dd3ec1a588) [0x000074dd3ec1a680, 0x000074dd3ec1a768] Compiler: c1, Barriers: 1, Oops: 0, ImmediateOops: 0, NonImmediateOops: No
[1,156s][debug][gc,nmethod  ] Register NMethod: sun.security.util.KnownOIDs.register (0x000074dd1f57b408) [0x000074dd1f57b500, 0x000074dd1f583e88] Compiler: c1, Barriers: 24, Oops: 6, ImmediateOops: 22, NonImmediateOops: No
[1,156s][debug][gc,nmethod  ] Register NMethod: java.lang.Integer.rotateLeft (0x000074dd1f583f08) [0x000074dd1f584000, 0x000074dd1f5840f0] Compiler: c1, Barriers: 0, Oops: 0, ImmediateOops: 0, NonImmediateOops: No
[1,156s][debug][gc,nmethod  ] Register NMethod: jdk.internal.misc.Unsafe.getIntUnaligned (0x000074dd1f584208) [0x000074dd1f584300, 0x000074dd1f584548] Compiler: c1, Barriers: 0, Oops: 0, ImmediateOops: 0, NonImmediateOops: No
[1,156s][debug][gc,nmethod  ] Register NMethod: java.lang.invoke.MemberName.getMethodOrFieldType (0x000074dd1f584588) [0x000074dd1f584680, 0x000074dd1f586b18] Compiler: c1, Barriers: 0, Oops: 2, ImmediateOops: 5, NonImmediateOops: No
[1,156s][debug][gc,nmethod  ] Register NMethod: java.lang.invoke.VarForm.getMemberName (0x000074dd1f586b88) [0x000074dd1f586c80, 0x000074dd1f587400] Compiler: c1, Barriers: 4, Oops: 0, ImmediateOops: 1, NonImmediateOops: No
[1,156s][debug][gc,nmethod  ] Register NMethod: java.lang.invoke.VarHandle.checkAccessModeThenIsDirect (0x000074dd1f587408) [0x000074dd1f587500, 0x000074dd1f5886a8] Compiler: c1, Barriers: 10, Oops: 0, ImmediateOops: 1, NonImmediateOops: No
[1,156s][debug][gc,nmethod  ] Register NMethod: java.lang.invoke.VarHandleByteArrayAsInts$ArrayHandle.index (0x000074dd1f588708) [0x000074dd1f588800, 0x000074dd1f588938] Compiler: c1, Barriers: 0, Oops: 1, ImmediateOops: 1, NonImmediateOops: No
[1,156s][debug][gc,nmethod  ] Register NMethod: java.lang.invoke.MethodHandle.invokeBasic (0x000074dd3ec1a888) [0x000074dd3ec1a980, 0x000074dd3ec1ac18] Compiler: , Barriers: 0, Oops: 0, ImmediateOops: 0, NonImmediateOops: No
[1,156s][debug][gc,nmethod  ] Register NMethod: java.lang.invoke.VarHandleByteArrayAsInts$ArrayHandle.get (0x000074dd1f588a08) [0x000074dd1f588b00, 0x000074dd1f5892b0] Compiler: c1, Barriers: 0, Oops: 2, ImmediateOops: 2, NonImmediateOops: No
[1,156s][debug][gc,nmethod  ] Register NMethod: java.lang.Integer.rotateLeft (0x000074dd3ec1ac88) [0x000074dd3ec1ad80, 0x000074dd3ec1adf0] Compiler: jvmci, Barriers: 0, Oops: 0, ImmediateOops: 0, NonImmediateOops: No
[1,157s][debug][gc,nmethod  ] Register NMethod: java.lang.invoke.VarHandle.accessModeType (0x000074dd1f589308) [0x000074dd1f589400, 0x000074dd1f58a2a8] Compiler: c1, Barriers: 9, Oops: 0, ImmediateOops: 1, NonImmediateOops: No
[1,157s][debug][gc,nmethod  ] Register NMethod: java.lang.invoke.VarHandleGuards.guard_LI_I (0x000074dd1f58a308) [0x000074dd1f58a400, 0x000074dd1f58d2d8] Compiler: c1, Barriers: 28, Oops: 0, ImmediateOops: 2, NonImmediateOops: No
[1,157s][debug][gc,nmethod  ] Register NMethod: java.lang.String.indexOf (0x000074dd1f58d308) [0x000074dd1f58d400, 0x000074dd1f58dc20] Compiler: c1, Barriers: 1, Oops: 0, ImmediateOops: 0, NonImmediateOops: No
[1,157s][debug][gc,nmethod  ] Register NMethod: java.lang.String.indexOf (0x000074dd1f58dc88) [0x000074dd1f58dd80, 0x000074dd1f58e838] Compiler: c1, Barriers: 1, Oops: 0, ImmediateOops: 0, NonImmediateOops: No
[1,157s][debug][gc,nmethod  ] Register NMethod: java.lang.Throwable.fillInStackTrace (0x000074dd1f58e888) [0x000074dd1f58e980, 0x000074dd1f58ed58] Compiler: c1, Barriers: 5, Oops: 0, ImmediateOops: 1, NonImmediateOops: No
[1,158s][debug][gc,nmethod  ] Register NMethod: java.lang.AbstractStringBuilder.needsNewBuffer (0x000074dd3ec1af88) [0x000074dd3ec1b080, 0x000074dd3ec1b168] Compiler: jvmci, Barriers: 0, Oops: 0, ImmediateOops: 0, NonImmediateOops: No
[1,158s][debug][gc,nmethod  ] Register NMethod: java.io.ObjectStreamField.getName (0x000074dd3ec1b288) [0x000074dd3ec1b380, 0x000074dd3ec1b468] Compiler: c1, Barriers: 1, Oops: 0, ImmediateOops: 0, NonImmediateOops: No
[1,159s][debug][gc,nmethod  ] Register NMethod: java.lang.invoke.MethodHandle.invokeBasic (0x000074dd3ec1b588) [0x000074dd3ec1b680, 0x000074dd3ec1b918] Compiler: , Barriers: 0, Oops: 0, ImmediateOops: 0, NonImmediateOops: No
[1,159s][debug][gc,nmethod  ] Register NMethod: java.lang.invoke.MethodHandle.linkToSpecial (0x000074dd3ec1b988) [0x000074dd3ec1ba80, 0x000074dd3ec1bb78] Compiler: , Barriers: 0, Oops: 0, ImmediateOops: 0, NonImmediateOops: No
[1,159s][debug][gc,nmethod  ] Register NMethod: sun.invoke.util.Wrapper.basicTypeChar (0x000074dd1f58ed88) [0x000074dd1f58ee80, 0x000074dd1f58f3b0] Compiler: c1, Barriers: 0, Oops: 0, ImmediateOops: 0, NonImmediateOops: No
[1,159s][debug][gc,nmethod  ] Register NMethod: java.lang.invoke.LambdaForm$BasicType.basicType (0x000074dd1f58f408) [0x000074dd1f58f500, 0x000074dd1f58fa98] Compiler: c1, Barriers: 0, Oops: 0, ImmediateOops: 0, NonImmediateOops: No
[1,159s][debug][gc,nmethod  ] Register NMethod: java.lang.invoke.MemberName.flagsMods (0x000074dd1f58fb08) [0x000074dd1f58fc00, 0x000074dd1f58fd00] Compiler: c1, Barriers: 0, Oops: 0, ImmediateOops: 0, NonImmediateOops: No
[1,159s][debug][gc,nmethod  ] Register NMethod: java.lang.invoke.MemberName.init (0x000074dd1f58fe08) [0x000074dd1f58ff00, 0x000074dd1f590178] Compiler: c1, Barriers: 9, Oops: 0, ImmediateOops: 0, NonImmediateOops: No
[1,159s][debug][gc,nmethod  ] Register NMethod: java.lang.invoke.LambdaForm$BasicType.basicType (0x000074dd1f590188) [0x000074dd1f590280, 0x000074dd1f591588] Compiler: c1, Barriers: 0, Oops: 2, ImmediateOops: 10, NonImmediateOops: No
[1,160s][debug][gc,nmethod  ] Register NMethod: java.lang.invoke.MethodHandle.invokeBasic (0x000074dd3ec1bc88) [0x000074dd3ec1bd80, 0x000074dd3ec1c018] Compiler: , Barriers: 0, Oops: 0, ImmediateOops: 0, NonImmediateOops: No
[1,160s][debug][gc,nmethod  ] Register NMethod: java.lang.invoke.MemberName.isStatic (0x000074dd1f591608) [0x000074dd1f591700, 0x000074dd1f5918b0] Compiler: c1, Barriers: 0, Oops: 0, ImmediateOops: 0, NonImmediateOops: No
[1,160s][debug][gc,director ] Rule Major: Warmup 10%, Used: 58MB, UsedThreshold: 1228MB
[1,160s][debug][gc,nmethod  ] Register NMethod: java.lang.invoke.MethodType.genericMethodType (0x000074dd1f591908) [0x000074dd1f591a00, 0x000074dd1f593050] Compiler: c1, Barriers: 7, Oops: 1, ImmediateOops: 7, NonImmediateOops: No
[1,160s][debug][gc,nmethod  ] Register NMethod: sun.invoke.util.Wrapper.forPrimitiveType (0x000074dd1f593088) [0x000074dd1f593180, 0x000074dd1f594510] Compiler: c1, Barriers: 0, Oops: 1, ImmediateOops: 21, NonImmediateOops: No
[1,160s][debug][gc,nmethod  ] Register NMethod: jdk.internal.classfile.impl.AbstractPoolEntry$MethodRefEntryImpl.tag (0x000074dd3ec1c088) [0x000074dd3ec1c180, 0x000074dd3ec1c240] Compiler: c1, Barriers: 0, Oops: 0, ImmediateOops: 0, NonImmediateOops: No
[1,160s][debug][gc,nmethod  ] Register NMethod: java.util.Arrays.equals (0x000074dd1f594588) [0x000074dd1f594680, 0x000074dd1f594d50] Compiler: c1, Barriers: 2, Oops: 0, ImmediateOops: 0, NonImmediateOops: No
[1,161s][debug][gc,nmethod  ] Register NMethod: java.lang.invoke.MethodHandle.linkToStatic (0x000074dd3ec1c388) [0x000074dd3ec1c480, 0x000074dd3ec1c570] Compiler: , Barriers: 0, Oops: 0, ImmediateOops: 0, NonImmediateOops: No
[1,161s][debug][gc,nmethod  ] Register NMethod: java.lang.StringCoding.countNonZeroAsciiLatin1 (0x000074dd3ec1c688) [0x000074dd3ec1c7a0, 0x000074dd3ec1cb28] Compiler: jvmci, Barriers: 0, Oops: 0, ImmediateOops: 0, NonImmediateOops: No
[1,161s][debug][gc,nmethod  ] Register NMethod: java.lang.invoke.MethodHandle.invokeBasic (0x000074dd3ec1cb88) [0x000074dd3ec1cc80, 0x000074dd3ec1cf18] Compiler: , Barriers: 0, Oops: 0, ImmediateOops: 0, NonImmediateOops: No
[1,161s][debug][gc,nmethod  ] Register NMethod: jdk.internal.classfile.impl.AbstractPoolEntry$AbstractMemberRefEntry.nameAndType (0x000074dd1f594d88) [0x000074dd1f594e80, 0x000074dd1f5951b8] Compiler: c1, Barriers: 1, Oops: 0, ImmediateOops: 0, NonImmediateOops: No
[1,161s][debug][gc,nmethod  ] Register NMethod: jdk.internal.classfile.impl.AbstractPoolEntry$AbstractMemberRefEntry.nameAndType (0x000074dd1f595208) [0x000074dd1f595300, 0x000074dd1f595850] Compiler: c1, Barriers: 1, Oops: 0, ImmediateOops: 0, NonImmediateOops: No
[1,161s][debug][gc,nmethod  ] Register NMethod: jdk.internal.classfile.impl.AttributeHolder.withAttribute (0x000074dd1f595888) [0x000074dd1f595980, 0x000074dd1f596be8] Compiler: c1, Barriers: 9, Oops: 0, ImmediateOops: 0, NonImmediateOops: No
[1,161s][debug][gc,nmethod  ] Register NMethod: jdk.internal.classfile.impl.LabelImpl.setBCI (0x000074dd3ec1cf88) [0x000074dd3ec1d080, 0x000074dd3ec1d140] Compiler: c1, Barriers: 0, Oops: 0, ImmediateOops: 0, NonImmediateOops: No
[1,162s][debug][gc,nmethod  ] Register NMethod: jdk.internal.classfile.impl.AbstractPoolEntry$NameAndTypeEntryImpl.type (0x000074dd1f596c08) [0x000074dd1f596d00, 0x000074dd1f597050] Compiler: c1, Barriers: 1, Oops: 0, ImmediateOops: 0, NonImmediateOops: No
[1,163s][debug][gc,nmethod  ] Register NMethod: java.lang.invoke.LambdaForm.forceInterpretation (0x000074dd1f597088) [0x000074dd1f597180, 0x000074dd1f5972d0] Compiler: c1, Barriers: 0, Oops: 0, ImmediateOops: 0, NonImmediateOops: No
[1,163s][debug][gc,nmethod  ] Register NMethod: java.lang.Class.getSuperclass (0x000074dd3ec1d288) [0x000074dd3ec1d380, 0x000074dd3ec1d6a0] Compiler: , Barriers: 0, Oops: 0, ImmediateOops: 0, NonImmediateOops: No
[1,163s][debug][gc,nmethod  ] Register NMethod: jdk.internal.constant.MethodTypeDescImpl.descriptorString (0x000074dd1f597388) [0x000074dd1f597480, 0x000074dd1f597640] Compiler: c1, Barriers: 1, Oops: 0, ImmediateOops: 0, NonImmediateOops: No
[1,163s][debug][gc,nmethod  ] Register NMethod: java.lang.invoke.MemberName$Factory.resolve (0x000074dd1f597688) [0x000074dd1f597780, 0x000074dd1f5986e8] Compiler: c1, Barriers: 7, Oops: 0, ImmediateOops: 0, NonImmediateOops: No
[1,163s][debug][gc,nmethod  ] Register NMethod: jdk.internal.classfile.impl.SplitConstantPool.utf8Entry (0x000074dd1f598708) [0x000074dd1f598800, 0x000074dd1f598d20] Compiler: c1, Barriers: 5, Oops: 0, ImmediateOops: 0, NonImmediateOops: No
[1,163s][debug][gc,nmethod  ] Register NMethod: jdk.internal.classfile.impl.DirectMethodBuilder.methodTypeSymbol (0x000074dd1f598d88) [0x000074dd1f598e80, 0x000074dd1f5995e8] Compiler: c1, Barriers: 1, Oops: 0, ImmediateOops: 0, NonImmediateOops: No
[1,163s][debug][gc,nmethod  ] Register NMethod: java.lang.invoke.LambdaForm$Name.index (0x000074dd3ec1d708) [0x000074dd3ec1d800, 0x000074dd3ec1d8c0] Compiler: c1, Barriers: 0, Oops: 0, ImmediateOops: 0, NonImmediateOops: No
[1,163s][debug][gc,nmethod  ] Register NMethod: java.lang.invoke.LambdaForm.argument (0x000074dd1f599608) [0x000074dd1f599700, 0x000074dd1f599b70] Compiler: c1, Barriers: 2, Oops: 0, ImmediateOops: 1, NonImmediateOops: No
[1,163s][debug][gc,nmethod  ] Register NMethod: java.lang.invoke.MemberName.getName (0x000074dd1f599b88) [0x000074dd1f599c80, 0x000074dd1f59a268] Compiler: c1, Barriers: 5, Oops: 0, ImmediateOops: 0, NonImmediateOops: No
[1,164s][debug][gc,nmethod  ] Register NMethod: jdk.internal.classfile.impl.DirectCodeBuilder.curPc (0x000074dd1f59a288) [0x000074dd1f59a380, 0x000074dd1f59a690] Compiler: c1, Barriers: 1, Oops: 0, ImmediateOops: 0, NonImmediateOops: No
[1,164s][debug][gc,nmethod  ] Register NMethod: jdk.internal.classfile.impl.LabelImpl.<init> (0x000074dd1f59a708) [0x000074dd1f59a800, 0x000074dd1f59aa38] Compiler: c1, Barriers: 3, Oops: 0, ImmediateOops: 0, NonImmediateOops: No
[1,164s][debug][gc,nmethod  ] Register NMethod: java.lang.invoke.LambdaForm$BasicType.basicTypeKind (0x000074dd3ec1da08) [0x000074dd3ec1db00, 0x000074dd3ec1dbe8] Compiler: c1, Barriers: 1, Oops: 0, ImmediateOops: 0, NonImmediateOops: No
[1,164s][debug][gc,nmethod  ] Register NMethod: jdk.internal.classfile.impl.BufWriterImpl.thisClass (0x000074dd3ec1dd08) [0x000074dd3ec1de00, 0x000074dd3ec1dee8] Compiler: c1, Barriers: 1, Oops: 0, ImmediateOops: 0, NonImmediateOops: No
[1,164s][debug][gc,nmethod  ] Register NMethod: jdk.internal.classfile.impl.DirectMethodBuilder.methodName (0x000074dd3ec1e008) [0x000074dd3ec1e100, 0x000074dd3ec1e1e8] Compiler: c1, Barriers: 1, Oops: 0, ImmediateOops: 0, NonImmediateOops: No
[1,164s][debug][gc,nmethod  ] Register NMethod: jdk.internal.classfile.impl.AbstractPoolEntry$ClassEntryImpl.asSymbol (0x000074dd1f59aa88) [0x000074dd1f59ab80, 0x000074dd1f59f110] Compiler: c1, Barriers: 16, Oops: 2, ImmediateOops: 11, NonImmediateOops: No
[1,164s][debug][gc,nmethod  ] Register NMethod: java.lang.ClassLoader.findBootstrapClassOrNull (0x000074dd1f59f188) [0x000074dd1f59f280, 0x000074dd1f59f420] Compiler: c1, Barriers: 0, Oops: 0, ImmediateOops: 0, NonImmediateOops: No
[1,164s][debug][gc,nmethod  ] Register NMethod: java.lang.reflect.Field.getName (0x000074dd3ec1e308) [0x000074dd3ec1e400, 0x000074dd3ec1e4e8] Compiler: c1, Barriers: 1, Oops: 0, ImmediateOops: 0, NonImmediateOops: No
[1,164s][debug][gc,nmethod  ] Register NMethod: java.lang.System$1.findBootstrapClassOrNull (0x000074dd1f59f488) [0x000074dd1f59f580, 0x000074dd1f59f788] Compiler: c1, Barriers: 0, Oops: 0, ImmediateOops: 0, NonImmediateOops: No
[1,165s][debug][gc,nmethod  ] Register NMethod: java.io.ObjectStreamField.getSignature (0x000074dd1f59f808) [0x000074dd1f59f900, 0x000074dd1f59ff98] Compiler: c1, Barriers: 6, Oops: 0, ImmediateOops: 0, NonImmediateOops: No
[1,165s][debug][gc,nmethod  ] Register NMethod: java.lang.invoke.LambdaForm.uncustomize (0x000074dd1f5a0008) [0x000074dd1f5a0100, 0x000074dd1f5a0578] Compiler: c1, Barriers: 2, Oops: 0, ImmediateOops: 0, NonImmediateOops: No
[1,165s][debug][gc,nmethod  ] Register NMethod: java.util.ArrayList.<init> (0x000074dd1f5a0588) [0x000074dd1f5a0680, 0x000074dd1f5a0920] Compiler: c1, Barriers: 3, Oops: 0, ImmediateOops: 1, NonImmediateOops: No
[1,166s][debug][gc,nmethod  ] Register NMethod: jdk.internal.loader.BuiltinClassLoader.loadClass (0x000074dd1f5a0988) [0x000074dd1f5a0a80, 0x000074dd1f5a0e58] Compiler: c1, Barriers: 0, Oops: 0, ImmediateOops: 0, NonImmediateOops: No
[1,166s][debug][gc,nmethod  ] Register NMethod: jdk.internal.loader.ClassLoaders$BootClassLoader.loadClassOrNull (0x000074dd1f5a0e88) [0x000074dd1f5a0f80, 0x000074dd1f5a1200] Compiler: c1, Barriers: 0, Oops: 0, ImmediateOops: 1, NonImmediateOops: No
[1,166s][debug][gc,nmethod  ] Register NMethod: sun.net.www.ParseUtil.encodePath (0x000074dd1f5a1208) [0x000074dd1f5a1300, 0x000074dd1f5a14e8] Compiler: c1, Barriers: 0, Oops: 0, ImmediateOops: 0, NonImmediateOops: No
[1,166s][debug][gc,nmethod  ] Register NMethod: java.lang.ReflectiveOperationException.<init> (0x000074dd1f5a1508) [0x000074dd1f5a1600, 0x000074dd1f5a1790] Compiler: c1, Barriers: 0, Oops: 0, ImmediateOops: 0, NonImmediateOops: No
[1,166s][debug][gc,nmethod  ] Register NMethod: worker.org.gradle.internal.classloader.FilteringClassLoader$TrieSet.find (0x000074dd1f5a1808) [0x000074dd1f5a1900, 0x000074dd1f5a1a88] Compiler: c1, Barriers: 1, Oops: 1, ImmediateOops: 0, NonImmediateOops: No
[1,166s][debug][gc,nmethod  ] Register NMethod: java.lang.Exception.<init> (0x000074dd1f5a1b08) [0x000074dd1f5a1c00, 0x000074dd1f5a1d30] Compiler: c1, Barriers: 0, Oops: 0, ImmediateOops: 0, NonImmediateOops: No
[1,166s][debug][gc,nmethod  ] Register NMethod: java.util.jar.Manifest.getEntries (0x000074dd3ec1e608) [0x000074dd3ec1e700, 0x000074dd3ec1e7e8] Compiler: c1, Barriers: 1, Oops: 0, ImmediateOops: 0, NonImmediateOops: No
[1,166s][debug][gc,nmethod  ] Register NMethod: java.util.jar.Manifest.getMainAttributes (0x000074dd3ec1e908) [0x000074dd3ec1ea00, 0x000074dd3ec1eae8] Compiler: c1, Barriers: 1, Oops: 0, ImmediateOops: 0, NonImmediateOops: No
[1,166s][debug][gc,nmethod  ] Register NMethod: worker.org.gradle.internal.classloader.FilteringClassLoader$Trie.find (0x000074dd1f5a1e08) [0x000074dd1f5a1f00, 0x000074dd1f5a2bc0] Compiler: c1, Barriers: 2, Oops: 1, ImmediateOops: 0, NonImmediateOops: No
[1,167s][debug][gc,nmethod  ] Register NMethod: java.lang.Throwable.<init> (0x000074dd1f5a2c08) [0x000074dd1f5a2d00, 0x000074dd1f5a3540] Compiler: c1, Barriers: 16, Oops: 0, ImmediateOops: 3, NonImmediateOops: No
[1,167s][debug][gc,nmethod  ] Register NMethod: java.lang.StringLatin1.replace (0x000074dd3ec1ec08) [0x000074dd3ec1ed00, 0x000074dd3ec1f2d0] Compiler: jvmci, Barriers: 2, Oops: 0, ImmediateOops: 0, NonImmediateOops: No
[1,168s][debug][gc,nmethod  ] Register NMethod: java.util.WeakHashMap.remove (0x000074dd1f5a3588) [0x000074dd1f5a3680, 0x000074dd1f5a4a90] Compiler: c1, Barriers: 12, Oops: 0, ImmediateOops: 1, NonImmediateOops: No
[1,169s][debug][gc,nmethod  ] Register NMethod: java.util.concurrent.ConcurrentHashMap.computeIfAbsent (0x000074dd1f5a4b08) [0x000074dd1f5a4c00, 0x000074dd1f5a7da0] Compiler: c1, Barriers: 24, Oops: 0, ImmediateOops: 2, NonImmediateOops: No
[1,169s][debug][gc,nmethod  ] Register NMethod: jdk.internal.loader.URLClassPath.getResource (0x000074dd1f5a7e08) [0x000074dd1f5a7f00, 0x000074dd1f5a8368] Compiler: c1, Barriers: 0, Oops: 0, ImmediateOops: 0, NonImmediateOops: No
[1,170s][debug][gc,director ] Rule Major: Warmup 10%, Used: 58MB, UsedThreshold: 1228MB
[1,171s][debug][gc,nmethod  ] Register NMethod: java.util.zip.ZipFile.getZipEntry (0x000074dd1f5a8388) [0x000074dd1f5a8480, 0x000074dd1f5aa318] Compiler: c1, Barriers: 17, Oops: 0, ImmediateOops: 2, NonImmediateOops: No
[1,171s][debug][gc,nmethod  ] Register NMethod: sun.net.util.URLUtil.urlNoFragString (0x000074dd1f5aa388) [0x000074dd1f5aa480, 0x000074dd1f5ad568] Compiler: c1, Barriers: 7, Oops: 3, ImmediateOops: 10, NonImmediateOops: No
[1,171s][debug][gc,nmethod  ] Register NMethod: worker.org.gradle.internal.classloader.FilteringClassLoader.loadClass (0x000074dd1f5ad588) [0x000074dd1f5ad680, 0x000074dd1f5aee98] Compiler: c1, Barriers: 0, Oops: 3, ImmediateOops: 3, NonImmediateOops: No
[1,172s][debug][gc,nmethod  ] Register NMethod: jdk.internal.classfile.impl.DirectCodeBuilder.aload (0x000074dd1f5aef08) [0x000074dd1f5af000, 0x000074dd1f5af3f0] Compiler: c1, Barriers: 1, Oops: 0, ImmediateOops: 0, NonImmediateOops: No
[1,172s][debug][gc,nmethod  ] Register NMethod: java.lang.ClassLoader.loadClass (0x000074dd1f5af408) [0x000074dd1f5af500, 0x000074dd1f5b0940] Compiler: c1, Barriers: 1, Oops: 2, ImmediateOops: 3, NonImmediateOops: No
[1,172s][debug][gc,nmethod  ] Register NMethod: java.lang.invoke.MethodHandle.<init> (0x000074dd1f5b0988) [0x000074dd1f5b0a80, 0x000074dd1f5b0ff8] Compiler: c1, Barriers: 6, Oops: 0, ImmediateOops: 0, NonImmediateOops: No
[1,173s][debug][gc,nmethod  ] Register NMethod: java.lang.invoke.LambdaForm.prepare (0x000074dd1f5b1008) [0x000074dd1f5b1100, 0x000074dd1f5b1fe0] Compiler: c1, Barriers: 6, Oops: 0, ImmediateOops: 0, NonImmediateOops: No
[1,173s][debug][gc,nmethod  ] Register NMethod: java.lang.System.identityHashCode (0x000074dd3ec1f308) [0x000074dd3ec1f400, 0x000074dd3ec1f590] Compiler: , Barriers: 0, Oops: 0, ImmediateOops: 1, NonImmediateOops: No
[1,173s][debug][gc,nmethod  ] Register NMethod: java.util.ImmutableCollections$AbstractImmutableList.<init> (0x000074dd1f5b2008) [0x000074dd1f5b2100, 0x000074dd1f5b2318] Compiler: c1, Barriers: 0, Oops: 0, ImmediateOops: 0, NonImmediateOops: No
[1,173s][debug][gc,nmethod  ] Register NMethod: jdk.internal.classfile.impl.SplitConstantPool.nameAndTypeEntry (0x000074dd1f5b2388) [0x000074dd1f5b2480, 0x000074dd1f5b2778] Compiler: c1, Barriers: 0, Oops: 0, ImmediateOops: 0, NonImmediateOops: No
[1,173s][debug][gc,nmethod  ] Register NMethod: jdk.internal.classfile.impl.BufWriterImpl.constantPool (0x000074dd3ec1f608) [0x000074dd3ec1f700, 0x000074dd3ec1f7e8] Compiler: c1, Barriers: 1, Oops: 0, ImmediateOops: 0, NonImmediateOops: No
[1,173s][debug][gc,nmethod  ] Register NMethod: java.util.ImmutableCollections$ListN.size (0x000074dd1f5b2788) [0x000074dd1f5b2880, 0x000074dd1f5b29b8] Compiler: c1, Barriers: 1, Oops: 0, ImmediateOops: 0, NonImmediateOops: No
[1,173s][debug][gc,nmethod  ] Register NMethod: jdk.internal.classfile.impl.SplitConstantPool.nameAndTypeEntry (0x000074dd1f5b2a88) [0x000074dd1f5b2b80, 0x000074dd1f5b3880] Compiler: c1, Barriers: 0, Oops: 0, ImmediateOops: 0, NonImmediateOops: No
[1,173s][debug][gc,nmethod  ] Register NMethod: jdk.internal.classfile.impl.AbstractAttributeMapper.name (0x000074dd3ec1f908) [0x000074dd3ec1fa00, 0x000074dd3ec1fae8] Compiler: c1, Barriers: 1, Oops: 0, ImmediateOops: 0, NonImmediateOops: No
[1,174s][debug][gc,nmethod  ] Register NMethod: java.lang.CharacterDataLatin1.getProperties (0x000074dd3ec1fc08) [0x000074dd3ec1fd00, 0x000074dd3ec1fdd0] Compiler: jvmci, Barriers: 0, Oops: 0, ImmediateOops: 1, NonImmediateOops: No
[1,174s][debug][gc,nmethod  ] Register NMethod: jdk.internal.classfile.impl.BufWriterImpl.setLabelContext (0x000074dd1f5b3888) [0x000074dd1f5b3980, 0x000074dd1f5b3af8] Compiler: c1, Barriers: 3, Oops: 0, ImmediateOops: 0, NonImmediateOops: No
[1,174s][debug][gc,nmethod  ] Register NMethod: jdk.internal.misc.Unsafe.getCharUnaligned (0x000074dd1f5b3b88) [0x000074dd1f5b3c80, 0x000074dd1f5b3ea8] Compiler: c1, Barriers: 0, Oops: 0, ImmediateOops: 0, NonImmediateOops: No
[1,174s][debug][gc,nmethod  ] Register NMethod: java.util.BitSet.wordIndex (0x000074dd3ec1ff08) [0x000074dd3ec20000, 0x000074dd3ec20068] Compiler: jvmci, Barriers: 0, Oops: 0, ImmediateOops: 0, NonImmediateOops: No
[1,174s][debug][gc,nmethod  ] Register NMethod: jdk.internal.classfile.impl.BufWriterImpl.writeU2U2U2 (0x000074dd1f5b3f08) [0x000074dd1f5b4000, 0x000074dd1f5b4520] Compiler: c1, Barriers: 2, Oops: 0, ImmediateOops: 0, NonImmediateOops: No
[1,175s][debug][gc,nmethod  ] Register NMethod: java.lang.reflect.Method.getModifiers (0x000074dd3ec20208) [0x000074dd3ec20300, 0x000074dd3ec203c0] Compiler: c1, Barriers: 0, Oops: 0, ImmediateOops: 0, NonImmediateOops: No
[1,175s][debug][gc,nmethod  ] Register NMethod: java.lang.Class.reflectionData (0x000074dd1f5b4588) [0x000074dd1f5b4680, 0x000074dd1f5b4cd8] Compiler: c1, Barriers: 1, Oops: 0, ImmediateOops: 0, NonImmediateOops: No
[1,175s][debug][gc,nmethod  ] Register NMethod: java.lang.Module.isNamed (0x000074dd1f5b4d08) [0x000074dd1f5b4e00, 0x000074dd1f5b4f80] Compiler: c1, Barriers: 1, Oops: 0, ImmediateOops: 0, NonImmediateOops: No
[1,175s][debug][gc,nmethod  ] Register NMethod: jdk.internal.classfile.impl.BufWriterImpl.<init> (0x000074dd1f5b5008) [0x000074dd1f5b5100, 0x000074dd1f5b54d0] Compiler: c1, Barriers: 12, Oops: 0, ImmediateOops: 0, NonImmediateOops: No
[1,175s][debug][gc,nmethod  ] Register NMethod: java.lang.StringBuilder.append (0x000074dd3ec20508) [0x000074dd3ec20600, 0x000074dd3ec20db0] Compiler: jvmci, Barriers: 5, Oops: 0, ImmediateOops: 0, NonImmediateOops: No
[1,175s][debug][gc,nmethod  ] Register NMethod: jdk.internal.constant.ClassOrInterfaceDescImpl.equals (0x000074dd1f5b5508) [0x000074dd1f5b5600, 0x000074dd1f5b5e28] Compiler: c1, Barriers: 2, Oops: 0, ImmediateOops: 0, NonImmediateOops: No
[1,175s][debug][gc,nmethod  ] Register NMethod: jdk.internal.classfile.impl.AbstractPoolEntry$ClassEntryImpl.<init> (0x000074dd1f5b5e88) [0x000074dd1f5b5f80, 0x000074dd1f5b6168] Compiler: c1, Barriers: 3, Oops: 0, ImmediateOops: 0, NonImmediateOops: No
[1,175s][debug][gc,nmethod  ] Register NMethod: jdk.internal.classfile.impl.DirectCodeBuilder.constantPool (0x000074dd1f5b6188) [0x000074dd1f5b6280, 0x000074dd1f5b63c0] Compiler: c1, Barriers: 1, Oops: 0, ImmediateOops: 0, NonImmediateOops: No
[1,175s][debug][gc,nmethod  ] Register NMethod: jdk.internal.classfile.impl.StackCounter.addStackSlot (0x000074dd1f5b6488) [0x000074dd1f5b6580, 0x000074dd1f5b66b8] Compiler: c1, Barriers: 0, Oops: 0, ImmediateOops: 0, NonImmediateOops: No
[1,175s][debug][gc,nmethod  ] Register NMethod: jdk.internal.classfile.impl.StackMapDecoder$StackMapFrameImpl.stack (0x000074dd3ec20e08) [0x000074dd3ec20f00, 0x000074dd3ec20fe8] Compiler: c1, Barriers: 1, Oops: 0, ImmediateOops: 0, NonImmediateOops: No
[1,175s][debug][gc,nmethod  ] Register NMethod: java.lang.reflect.Array.newInstance (0x000074dd1f5b6788) [0x000074dd1f5b6880, 0x000074dd1f5b6990] Compiler: c1, Barriers: 0, Oops: 0, ImmediateOops: 0, NonImmediateOops: No
[1,175s][debug][gc,nmethod  ] Register NMethod: jdk.internal.classfile.impl.RawBytecodeHelper.<init> (0x000074dd1f5b6a88) [0x000074dd1f5b6b80, 0x000074dd1f5b6d50] Compiler: c1, Barriers: 3, Oops: 0, ImmediateOops: 0, NonImmediateOops: No
[1,175s][debug][gc,nmethod  ] Register NMethod: jdk.internal.classfile.impl.DirectCodeBuilder.labelToBci (0x000074dd1f5b6d88) [0x000074dd1f5b6e80, 0x000074dd1f5b75f0] Compiler: c1, Barriers: 1, Oops: 0, ImmediateOops: 0, NonImmediateOops: No
[1,175s][debug][gc,nmethod  ] Register NMethod: jdk.internal.classfile.impl.RawBytecodeHelper$CodeRange.start (0x000074dd1f5b7608) [0x000074dd1f5b7700, 0x000074dd1f5b7988] Compiler: c1, Barriers: 3, Oops: 0, ImmediateOops: 0, NonImmediateOops: No
[1,176s][debug][gc,nmethod  ] Register NMethod: java.lang.reflect.Method.getSharedParameterTypes (0x000074dd3ec21108) [0x000074dd3ec21200, 0x000074dd3ec212e8] Compiler: c1, Barriers: 1, Oops: 0, ImmediateOops: 0, NonImmediateOops: No
[1,176s][debug][gc,nmethod  ] Register NMethod: jdk.internal.classfile.impl.BufWriterImpl.writeIndex (0x000074dd1f5b7a08) [0x000074dd1f5b7b00, 0x000074dd1f5ba298] Compiler: c1, Barriers: 3, Oops: 1, ImmediateOops: 3, NonImmediateOops: No
[1,176s][debug][gc,nmethod  ] Register NMethod: java.util.WeakHashMap.put (0x000074dd1f5ba308) [0x000074dd1f5ba400, 0x000074dd1f5bbee8] Compiler: c1, Barriers: 26, Oops: 0, ImmediateOops: 2, NonImmediateOops: No
[1,176s][debug][gc,nmethod  ] Register NMethod: java.lang.invoke.DirectMethodHandle.constructorMethod (0x000074dd1f5bbf08) [0x000074dd1f5bc000, 0x000074dd1f5bc320] Compiler: c1, Barriers: 1, Oops: 0, ImmediateOops: 0, NonImmediateOops: No
[1,176s][debug][gc,nmethod  ] Register NMethod: java.lang.invoke.DirectMethodHandle.allocateInstance (0x000074dd1f5bc388) [0x000074dd1f5bc480, 0x000074dd1f5bc9a0] Compiler: c1, Barriers: 1, Oops: 0, ImmediateOops: 1, NonImmediateOops: No
[1,176s][debug][gc,nmethod  ] Register NMethod: java.lang.Character.isWhitespace (0x000074dd1f5bca08) [0x000074dd1f5bcb00, 0x000074dd1f5bce30] Compiler: c1, Barriers: 0, Oops: 0, ImmediateOops: 0, NonImmediateOops: No
[1,176s][debug][gc,nmethod  ] Register NMethod: java.lang.Character.isWhitespace (0x000074dd1f5bce88) [0x000074dd1f5bcf80, 0x000074dd1f5bd308] Compiler: c1, Barriers: 0, Oops: 0, ImmediateOops: 0, NonImmediateOops: No
[1,177s][debug][gc,nmethod  ] Register NMethod: java.lang.CharacterDataLatin1.isWhitespace (0x000074dd1f5bd388) [0x000074dd1f5bd480, 0x000074dd1f5bd820] Compiler: c1, Barriers: 0, Oops: 0, ImmediateOops: 1, NonImmediateOops: No
[1,177s][debug][gc,nmethod  ] Register NMethod: java.lang.reflect.Method.getReturnType (0x000074dd3ec21408) [0x000074dd3ec21500, 0x000074dd3ec215e8] Compiler: c1, Barriers: 1, Oops: 0, ImmediateOops: 0, NonImmediateOops: No
[1,177s][debug][gc,nmethod  ] Register NMethod: sun.reflect.generics.parser.SignatureParser.advance (0x000074dd1f5bd888) [0x000074dd1f5bd980, 0x000074dd1f5bdf98] Compiler: c1, Barriers: 2, Oops: 0, ImmediateOops: 0, NonImmediateOops: No
[1,177s][debug][gc,nmethod  ] Register NMethod: java.lang.Class.getModifiers (0x000074dd3ec21708) [0x000074dd3ec21800, 0x000074dd3ec218c0] Compiler: c1, Barriers: 0, Oops: 0, ImmediateOops: 0, NonImmediateOops: No
[1,177s][debug][gc,nmethod  ] Register NMethod: sun.reflect.generics.parser.SignatureParser.current (0x000074dd1f5be008) [0x000074dd1f5be100, 0x000074dd1f5bef10] Compiler: c1, Barriers: 2, Oops: 1, ImmediateOops: 2, NonImmediateOops: No
[1,177s][debug][gc,nmethod  ] Register NMethod: java.lang.ClassLoader.getDefinedPackage (0x000074dd1f5bef88) [0x000074dd1f5bf080, 0x000074dd1f5bf9d8] Compiler: c1, Barriers: 2, Oops: 1, ImmediateOops: 1, NonImmediateOops: No
[1,178s][debug][gc,nmethod  ] Register NMethod: java.util.ArrayList.iterator (0x000074dd1f5bfa08) [0x000074dd1f5bfb00, 0x000074dd1f5bfe00] Compiler: c1, Barriers: 3, Oops: 0, ImmediateOops: 0, NonImmediateOops: No
[1,178s][debug][gc,nmethod  ] Register NMethod: java.lang.invoke.MethodHandle.linkToStatic (0x000074dd3ec21a08) [0x000074dd3ec21b00, 0x000074dd3ec21bf0] Compiler: , Barriers: 0, Oops: 0, ImmediateOops: 0, NonImmediateOops: No
[1,178s][debug][gc,nmethod  ] Register NMethod: java.util.ArrayList$Itr.<init> (0x000074dd1f5bfe08) [0x000074dd1f5bff00, 0x000074dd1f5c0230] Compiler: c1, Barriers: 3, Oops: 0, ImmediateOops: 0, NonImmediateOops: No
[1,178s][debug][gc,nmethod  ] Register NMethod: java.lang.invoke.MethodHandle.linkToStatic (0x000074dd3ec21d08) [0x000074dd3ec21e00, 0x000074dd3ec21ef0] Compiler: , Barriers: 0, Oops: 0, ImmediateOops: 0, NonImmediateOops: No
[1,178s][debug][gc,nmethod  ] Register NMethod: java.lang.invoke.MethodHandle.linkToVirtual (0x000074dd3ec22008) [0x000074dd3ec22100, 0x000074dd3ec22128] Compiler: , Barriers: 0, Oops: 0, ImmediateOops: 0, NonImmediateOops: No
[1,178s][debug][gc,nmethod  ] Register NMethod: java.lang.invoke.MethodHandle.linkToVirtual (0x000074dd3ec22308) [0x000074dd3ec22400, 0x000074dd3ec22428] Compiler: , Barriers: 0, Oops: 0, ImmediateOops: 0, NonImmediateOops: No
[1,179s][debug][gc,nmethod  ] Register NMethod: jdk.internal.classfile.impl.AbstractPoolEntry$AbstractMemberRefEntry.<init> (0x000074dd1f5c0288) [0x000074dd1f5c0380, 0x000074dd1f5c04b0] Compiler: c1, Barriers: 0, Oops: 0, ImmediateOops: 0, NonImmediateOops: No
[1,179s][debug][gc,nmethod  ] Register NMethod: java.lang.invoke.InvokerBytecodeGenerator.classDesc (0x000074dd1f5c0588) [0x000074dd1f5c0680, 0x000074dd1f5c1990] Compiler: c1, Barriers: 3, Oops: 1, ImmediateOops: 12, NonImmediateOops: No
[1,179s][debug][gc,nmethod  ] Register NMethod: java.lang.invoke.LambdaForm$BasicType.basicTypeClass (0x000074dd3ec22608) [0x000074dd3ec22700, 0x000074dd3ec227e8] Compiler: c1, Barriers: 1, Oops: 0, ImmediateOops: 0, NonImmediateOops: No
[1,179s][debug][gc,nmethod  ] Register NMethod: java.util.HashMap.get (0x000074dd3ec22908) [0x000074dd3ec22a00, 0x000074dd3ec231e8] Compiler: jvmci, Barriers: 12, Oops: 0, ImmediateOops: 0, NonImmediateOops: No
[1,179s][debug][gc,nmethod  ] Register NMethod: jdk.internal.classfile.impl.ClassReaderImpl.checkType (0x000074dd1f5c1a08) [0x000074dd1f5c1b00, 0x000074dd1f5c25e0] Compiler: c1, Barriers: 0, Oops: 0, ImmediateOops: 0, NonImmediateOops: No
[1,179s][debug][gc,nmethod  ] Register NMethod: jdk.internal.classfile.impl.SplitConstantPool.entryByIndex (0x000074dd1f5c2608) [0x000074dd1f5c2700, 0x000074dd1f5c3450] Compiler: c1, Barriers: 0, Oops: 0, ImmediateOops: 0, NonImmediateOops: No
[1,179s][debug][gc,nmethod  ] Register NMethod: jdk.internal.classfile.impl.BufWriterImpl.writeU2U2 (0x000074dd1f5c3488) [0x000074dd1f5c3580, 0x000074dd1f5c3a48] Compiler: c1, Barriers: 2, Oops: 0, ImmediateOops: 0, NonImmediateOops: No
[1,179s][debug][gc,nmethod  ] Register NMethod: java.lang.invoke.LambdaForm$NamedFunction.methodType (0x000074dd1f5c3a88) [0x000074dd1f5c3b80, 0x000074dd1f5c4268] Compiler: c1, Barriers: 7, Oops: 0, ImmediateOops: 0, NonImmediateOops: No
[1,179s][debug][gc,nmethod  ] Register NMethod: java.lang.invoke.MethodType.erase (0x000074dd1f5c4288) [0x000074dd1f5c4380, 0x000074dd1f5c46c0] Compiler: c1, Barriers: 2, Oops: 0, ImmediateOops: 0, NonImmediateOops: No
[1,179s][debug][gc,nmethod  ] Register NMethod: java.lang.ClassNotFoundException.<init> (0x000074dd1f5c4708) [0x000074dd1f5c4800, 0x000074dd1f5c4a00] Compiler: c1, Barriers: 0, Oops: 0, ImmediateOops: 0, NonImmediateOops: No
[1,180s][debug][gc,nmethod  ] Register NMethod: java.net.URL.<init> (0x000074dd1f5c4a08) [0x000074dd1f5c4b00, 0x000074dd1f5c4c40] Compiler: c1, Barriers: 0, Oops: 0, ImmediateOops: 0, NonImmediateOops: No
[1,180s][debug][gc,nmethod  ] Register NMethod: java.net.URL.set (0x000074dd1f5c4d08) [0x000074dd1f5c4e00, 0x000074dd1f5c62f8] Compiler: c1, Barriers: 27, Oops: 1, ImmediateOops: 2, NonImmediateOops: No
[1,180s][debug][gc,director ] Rule Major: Warmup 10%, Used: 58MB, UsedThreshold: 1228MB
[1,180s][debug][gc,nmethod  ] Register NMethod: java.net.URLStreamHandler.setURL (0x000074dd1f5c6308) [0x000074dd1f5c6400, 0x000074dd1f5c8038] Compiler: c1, Barriers: 5, Oops: 1, ImmediateOops: 3, NonImmediateOops: No
[1,182s][debug][gc,nmethod  ] Register NMethod: java.net.URL.<init> (0x000074dd1f5c8088) [0x000074dd1f5c8180, 0x000074dd1f5ce898] Compiler: c1, Barriers: 55, Oops: 4, ImmediateOops: 14, NonImmediateOops: No
[1,182s][debug][gc,nmethod  ] Register NMethod: java.util.Arrays.fill (0x000074dd1f5ce908) [0x000074dd1f5cea00, 0x000074dd1f5cee28] Compiler: c1, Barriers: 3, Oops: 0, ImmediateOops: 0, NonImmediateOops: No
[1,182s][debug][gc,nmethod  ] Register NMethod: java.lang.Double.longBitsToDouble (0x000074dd3ec23208) [0x000074dd3ec23300, 0x000074dd3ec23460] Compiler: , Barriers: 0, Oops: 0, ImmediateOops: 1, NonImmediateOops: No
[1,182s][debug][gc,nmethod  ] Register NMethod: java.lang.invoke.MethodTypeForm.cachedLambdaForm (0x000074dd1f5cee88) [0x000074dd1f5cef80, 0x000074dd1f5cf578] Compiler: c1, Barriers: 2, Oops: 0, ImmediateOops: 0, NonImmediateOops: No
[1,182s][debug][gc,nmethod  ] Register NMethod: java.lang.invoke.InnerClassLambdaMetafactory.classDesc (0x000074dd1f5cf588) [0x000074dd1f5cf680, 0x000074dd1f5d0738] Compiler: c1, Barriers: 3, Oops: 1, ImmediateOops: 2, NonImmediateOops: No
[1,182s][debug][gc,nmethod  ] Register NMethod: jdk.internal.classfile.impl.BufWriterImpl.getMajorVersion (0x000074dd3ec23508) [0x000074dd3ec23600, 0x000074dd3ec236c0] Compiler: c1, Barriers: 0, Oops: 0, ImmediateOops: 0, NonImmediateOops: No
[1,182s][debug][gc,nmethod  ] Register NMethod: jdk.internal.classfile.impl.RawBytecodeHelper$CodeRange.length (0x000074dd3ec23808) [0x000074dd3ec23900, 0x000074dd3ec239c0] Compiler: c1, Barriers: 0, Oops: 0, ImmediateOops: 0, NonImmediateOops: No
[1,182s][debug][gc,nmethod  ] Register NMethod: jdk.internal.classfile.impl.StackMapGenerator.maxStack (0x000074dd3ec23b08) [0x000074dd3ec23c00, 0x000074dd3ec23cc0] Compiler: c1, Barriers: 0, Oops: 0, ImmediateOops: 0, NonImmediateOops: No
[1,182s][debug][gc,nmethod  ] Register NMethod: jdk.internal.classfile.impl.StackMapGenerator.maxLocals (0x000074dd3ec23e08) [0x000074dd3ec23f00, 0x000074dd3ec23fc0] Compiler: c1, Barriers: 0, Oops: 0, ImmediateOops: 0, NonImmediateOops: No
[1,182s][debug][gc,nmethod  ] Register NMethod: java.lang.invoke.MethodType.basicType (0x000074dd1f5d0788) [0x000074dd1f5d0880, 0x000074dd1f5d0bc0] Compiler: c1, Barriers: 2, Oops: 0, ImmediateOops: 0, NonImmediateOops: No
[1,183s][debug][gc,nmethod  ] Register NMethod: java.lang.invoke.MethodHandle.linkToSpecial (0x000074dd3ec24108) [0x000074dd3ec24200, 0x000074dd3ec242f8] Compiler: , Barriers: 0, Oops: 0, ImmediateOops: 0, NonImmediateOops: No
[1,184s][debug][gc,nmethod  ] Register NMethod: java.lang.invoke.MethodType.parameterSlotCount (0x000074dd1f5d0c08) [0x000074dd1f5d0d00, 0x000074dd1f5d1010] Compiler: c1, Barriers: 1, Oops: 0, ImmediateOops: 0, NonImmediateOops: No
[1,184s][debug][gc,nmethod  ] Register NMethod: java.lang.invoke.MethodType.parameterType (0x000074dd3ec24408) [0x000074dd3ec24500, 0x000074dd3ec24640] Compiler: jvmci, Barriers: 2, Oops: 0, ImmediateOops: 0, NonImmediateOops: No
[1,185s][debug][gc,nmethod  ] Register NMethod: jdk.internal.util.ClassFileDumper.isEnabled (0x000074dd3ec24708) [0x000074dd3ec24800, 0x000074dd3ec248c0] Compiler: c1, Barriers: 0, Oops: 0, ImmediateOops: 0, NonImmediateOops: No
[1,186s][debug][gc,nmethod  ] Register NMethod: java.util.Properties$LineReader.readLine (0x000074dd1f5d1088) [0x000074dd1f5d1180, 0x000074dd1f5d4688] Compiler: c1, Barriers: 14, Oops: 0, ImmediateOops: 0, NonImmediateOops: No
[1,186s][debug][gc,nmethod  ] Register NMethod: java.lang.invoke.MethodType.parameterCount (0x000074dd3ec24a08) [0x000074dd3ec24b00, 0x000074dd3ec24be0] Compiler: jvmci, Barriers: 1, Oops: 0, ImmediateOops: 0, NonImmediateOops: No
[1,186s][debug][gc,nmethod  ] Register NMethod: java.lang.Class.getReflectionFactory (0x000074dd1f5d4708) [0x000074dd1f5d4800, 0x000074dd1f5d4a78] Compiler: c1, Barriers: 4, Oops: 0, ImmediateOops: 4, NonImmediateOops: No
[1,187s][debug][gc,nmethod  ] Register NMethod: java.lang.AbstractStringBuilder.append (0x000074dd3ec24d08) [0x000074dd3ec24e00, 0x000074dd3ec255b0] Compiler: jvmci, Barriers: 5, Oops: 0, ImmediateOops: 0, NonImmediateOops: No
[1,189s][debug][gc,nmethod  ] Register NMethod: java.util.concurrent.ConcurrentHashMap.setTabAt (0x000074dd3ec25608) [0x000074dd3ec25700, 0x000074dd3ec257d0] Compiler: jvmci, Barriers: 3, Oops: 0, ImmediateOops: 0, NonImmediateOops: No
[1,190s][debug][gc,director ] Rule Major: Warmup 10%, Used: 60MB, UsedThreshold: 1228MB
[1,191s][debug][gc,nmethod  ] Register NMethod: java.lang.StringCoding.countPositives (0x000074dd3ec25908) [0x000074dd3ec25a00, 0x000074dd3ec25c78] Compiler: jvmci, Barriers: 0, Oops: 0, ImmediateOops: 0, NonImmediateOops: No
[1,192s][debug][gc,nmethod  ] Register NMethod: sun.net.www.protocol.jar.Handler.indexOfBangSlash (0x000074dd1f5d4a88) [0x000074dd1f5d4b80, 0x000074dd1f5d6480] Compiler: c1, Barriers: 4, Oops: 1, ImmediateOops: 2, NonImmediateOops: No
[1,192s][debug][gc,nmethod  ] Register NMethod: sun.net.www.protocol.jar.Handler.canonicalizeString (0x000074dd1f5d6508) [0x000074dd1f5d6600, 0x000074dd1f5d8cb0] Compiler: c1, Barriers: 4, Oops: 1, ImmediateOops: 4, NonImmediateOops: No
[1,193s][debug][gc,nmethod  ] Register NMethod: sun.net.www.protocol.jar.Handler.parseContextSpec (0x000074dd1f5d8d08) [0x000074dd1f5d8e00, 0x000074dd1f5dcbb0] Compiler: c1, Barriers: 11, Oops: 3, ImmediateOops: 8, NonImmediateOops: No
[1,193s][debug][gc,nmethod  ] Register NMethod: sun.net.www.protocol.jar.Handler.parseURL (0x000074dd1f5dcc08) [0x000074dd1f5dcd00, 0x000074dd1f5de818] Compiler: c1, Barriers: 3, Oops: 0, ImmediateOops: 3, NonImmediateOops: No
[1,193s][debug][gc,nmethod  ] Register NMethod: java.net.URLStreamHandler.setURL (0x000074dd1f5de888) [0x000074dd1f5de980, 0x000074dd1f5e2d30] Compiler: c1, Barriers: 5, Oops: 1, ImmediateOops: 2, NonImmediateOops: No
[1,193s][debug][gc,nmethod  ] Register NMethod: jdk.internal.loader.Resource.<init> (0x000074dd1f5e2d88) [0x000074dd1f5e2e80, 0x000074dd1f5e2fd8] Compiler: c1, Barriers: 0, Oops: 0, ImmediateOops: 0, NonImmediateOops: No
[1,193s][debug][gc,nmethod  ] Register NMethod: jdk.internal.loader.URLClassPath$JarLoader$1.getCodeSourceURL (0x000074dd1f5e3088) [0x000074dd1f5e3180, 0x000074dd1f5e32e8] Compiler: c1, Barriers: 2, Oops: 0, ImmediateOops: 0, NonImmediateOops: No
[1,193s][debug][gc,nmethod  ] Register NMethod: jdk.internal.loader.URLClassPath$JarLoader$1.<init> (0x000074dd1f5e3388) [0x000074dd1f5e3480, 0x000074dd1f5e39e0] Compiler: c1, Barriers: 15, Oops: 0, ImmediateOops: 0, NonImmediateOops: No
[1,193s][debug][gc,nmethod  ] Register NMethod: java.lang.ClassLoader.addClass (0x000074dd1f5e3a08) [0x000074dd1f5e3b00, 0x000074dd1f5e4300] Compiler: c1, Barriers: 6, Oops: 0, ImmediateOops: 0, NonImmediateOops: No
[1,193s][debug][gc,nmethod  ] Register NMethod: java.util.jar.JarFile.getInputStream (0x000074dd1f5e4308) [0x000074dd1f5e4400, 0x000074dd1f5e4d50] Compiler: c1, Barriers: 3, Oops: 1, ImmediateOops: 1, NonImmediateOops: No
[1,193s][debug][gc,nmethod  ] Register NMethod: java.util.jar.JavaUtilJarAccessImpl.ensureInitialization (0x000074dd1f5e4d88) [0x000074dd1f5e4e80, 0x000074dd1f5e5180] Compiler: c1, Barriers: 0, Oops: 0, ImmediateOops: 0, NonImmediateOops: No
[1,193s][debug][gc,nmethod  ] Register NMethod: java.util.jar.JarFile.getManifest (0x000074dd1f5e5188) [0x000074dd1f5e5280, 0x000074dd1f5e53b0] Compiler: c1, Barriers: 0, Oops: 0, ImmediateOops: 0, NonImmediateOops: No
[1,193s][debug][gc,nmethod  ] Register NMethod: jdk.internal.loader.Resource.getBytes (0x000074dd1f5e5488) [0x000074dd1f5e5580, 0x000074dd1f5e6a70] Compiler: c1, Barriers: 9, Oops: 0, ImmediateOops: 1, NonImmediateOops: No
[1,193s][debug][gc,nmethod  ] Register NMethod: jdk.internal.loader.Resource.getByteBuffer (0x000074dd1f5e6a88) [0x000074dd1f5e6b80, 0x000074dd1f5e78f8] Compiler: c1, Barriers: 8, Oops: 0, ImmediateOops: 0, NonImmediateOops: No
[1,193s][debug][gc,nmethod  ] Register NMethod: jdk.internal.loader.URLClassPath$JarLoader$1.getManifest (0x000074dd1f5e7908) [0x000074dd1f5e7a00, 0x000074dd1f5e86f0] Compiler: c1, Barriers: 6, Oops: 1, ImmediateOops: 4, NonImmediateOops: No
[1,193s][debug][gc,nmethod  ] Register NMethod: java.util.jar.JarFile.ensureInitialization (0x000074dd1f5e8708) [0x000074dd1f5e8800, 0x000074dd1f5e8ff0] Compiler: c1, Barriers: 4, Oops: 0, ImmediateOops: 0, NonImmediateOops: No
[1,193s][debug][gc,nmethod  ] Register NMethod: java.util.zip.CRC32.<init> (0x000074dd1f5e9008) [0x000074dd1f5e9100, 0x000074dd1f5e9258] Compiler: c1, Barriers: 0, Oops: 0, ImmediateOops: 0, NonImmediateOops: No
[1,193s][debug][gc,nmethod  ] Register NMethod: java.util.zip.Checksum.update (0x000074dd1f5e9308) [0x000074dd1f5e9400, 0x000074dd1f5e9588] Compiler: c1, Barriers: 0, Oops: 0, ImmediateOops: 0, NonImmediateOops: No
[1,193s][debug][gc,nmethod  ] Register NMethod: jdk.internal.loader.URLClassPath$JarLoader$1.getBytes (0x000074dd1f5e9608) [0x000074dd1f5e9700, 0x000074dd1f5e9fd8] Compiler: c1, Barriers: 4, Oops: 0, ImmediateOops: 1, NonImmediateOops: No
[1,194s][debug][gc,nmethod  ] Register NMethod: java.util.zip.CRC32.updateBytesCheck (0x000074dd1f5ea008) [0x000074dd1f5ea100, 0x000074dd1f5ea420] Compiler: c1, Barriers: 0, Oops: 1, ImmediateOops: 1, NonImmediateOops: No
[1,194s][debug][gc,nmethod  ] Register NMethod: java.util.zip.CRC32.getValue (0x000074dd1f5ea488) [0x000074dd1f5ea580, 0x000074dd1f5ea690] Compiler: c1, Barriers: 0, Oops: 0, ImmediateOops: 0, NonImmediateOops: No
[1,194s][debug][gc,nmethod  ] Register NMethod: java.util.zip.CRC32.updateBytes (0x000074dd1f5ea788) [0x000074dd1f5ea880, 0x000074dd1f5eac18] Compiler: c1, Barriers: 0, Oops: 1, ImmediateOops: 1, NonImmediateOops: No
[1,194s][debug][gc,nmethod  ] Register NMethod: jdk.internal.loader.URLClassPath$JarLoader$1.getContentLength (0x000074dd1f5eac88) [0x000074dd1f5ead80, 0x000074dd1f5eb098] Compiler: c1, Barriers: 1, Oops: 0, ImmediateOops: 0, NonImmediateOops: No
[1,194s][debug][gc,nmethod  ] Register NMethod: java.util.zip.CRC32.update (0x000074dd1f5eb108) [0x000074dd1f5eb200, 0x000074dd1f5eb5f8] Compiler: c1, Barriers: 0, Oops: 1, ImmediateOops: 1, NonImmediateOops: No
[1,194s][debug][gc,nmethod  ] Register NMethod: java.util.jar.JarFile.getManifestFromReference (0x000074dd1f5eb608) [0x000074dd1f5eb700, 0x000074dd1f5ed918] Compiler: c1, Barriers: 23, Oops: 0, ImmediateOops: 4, NonImmediateOops: No
[1,194s][debug][gc,nmethod  ] Register NMethod: jdk.internal.loader.URLClassPath$JarLoader$1.getCodeSigners (0x000074dd1f5ed988) [0x000074dd1f5eda80, 0x000074dd1f5eddc0] Compiler: c1, Barriers: 1, Oops: 0, ImmediateOops: 0, NonImmediateOops: No
[1,194s][debug][gc,nmethod  ] Register NMethod: java.security.SecureClassLoader$CodeSourceKey.<init> (0x000074dd1f5ede08) [0x000074dd1f5edf00, 0x000074dd1f5ee130] Compiler: c1, Barriers: 3, Oops: 0, ImmediateOops: 0, NonImmediateOops: No
[1,194s][debug][gc,nmethod  ] Register NMethod: java.security.SecureClassLoader.defineClass (0x000074dd1f5ee188) [0x000074dd1f5ee280, 0x000074dd1f5ee5e8] Compiler: c1, Barriers: 0, Oops: 0, ImmediateOops: 0, NonImmediateOops: No
[1,194s][debug][gc,nmethod  ] Register NMethod: java.security.CodeSource.<init> (0x000074dd1f5ee608) [0x000074dd1f5ee700, 0x000074dd1f5eee58] Compiler: c1, Barriers: 18, Oops: 0, ImmediateOops: 0, NonImmediateOops: No
[1,194s][debug][gc,nmethod  ] Register NMethod: java.security.SecureClassLoader.getProtectionDomain (0x000074dd1f5eee88) [0x000074dd1f5eef80, 0x000074dd1f5ef8f8] Compiler: c1, Barriers: 7, Oops: 0, ImmediateOops: 0, NonImmediateOops: No
[1,194s][debug][gc,nmethod  ] Register NMethod: java.util.jar.JarFile$JarFileEntry.getCodeSigners (0x000074dd1f5ef908) [0x000074dd1f5efa00, 0x000074dd1f5f01a0] Compiler: c1, Barriers: 8, Oops: 0, ImmediateOops: 0, NonImmediateOops: No
[1,194s][debug][gc,nmethod  ] Register NMethod: java.security.SecureClassLoader$1.<init> (0x000074dd1f5f0208) [0x000074dd1f5f0300, 0x000074dd1f5f0628] Compiler: c1, Barriers: 3, Oops: 0, ImmediateOops: 0, NonImmediateOops: No
[1,194s][debug][gc,nmethod  ] Register NMethod: java.lang.invoke.MethodHandle.linkToVirtual (0x000074dd3ec25c88) [0x000074dd3ec25d80, 0x000074dd3ec25da8] Compiler: , Barriers: 0, Oops: 0, ImmediateOops: 0, NonImmediateOops: No
[1,194s][debug][gc,nmethod  ] Register NMethod: java.security.SecureClassLoader$CodeSourceKey.hashCode (0x000074dd1f5f0688) [0x000074dd1f5f0780, 0x000074dd1f5f0a18] Compiler: c1, Barriers: 2, Oops: 0, ImmediateOops: 0, NonImmediateOops: No
[1,194s][debug][gc,nmethod  ] Register NMethod: java.lang.ClassLoader.defineClassSourceLocation (0x000074dd1f5f0a88) [0x000074dd1f5f0b80, 0x000074dd1f5f1948] Compiler: c1, Barriers: 3, Oops: 0, ImmediateOops: 0, NonImmediateOops: No
[1,194s][debug][gc,nmethod  ] Register NMethod: java.lang.ClassLoader.defineClass (0x000074dd1f5f1988) [0x000074dd1f5f1a80, 0x000074dd1f5f29e8] Compiler: c1, Barriers: 3, Oops: 0, ImmediateOops: 0, NonImmediateOops: No
[1,194s][debug][gc,nmethod  ] Register NMethod: java.lang.reflect.Method.getDeclaringClass (0x000074dd3ec25f88) [0x000074dd3ec26080, 0x000074dd3ec26168] Compiler: c1, Barriers: 1, Oops: 0, ImmediateOops: 0, NonImmediateOops: No
[1,195s][debug][gc,nmethod  ] Register NMethod: java.lang.ClassLoader.checkCerts (0x000074dd1f5f2a08) [0x000074dd1f5f2b00, 0x000074dd1f5f50d0] Compiler: c1, Barriers: 2, Oops: 2, ImmediateOops: 5, NonImmediateOops: No
[1,195s][debug][gc,nmethod  ] Register NMethod: java.lang.ClassLoader.getNamedPackage (0x000074dd1f5f5108) [0x000074dd1f5f5200, 0x000074dd1f5f5b88] Compiler: c1, Barriers: 2, Oops: 0, ImmediateOops: 0, NonImmediateOops: No
[1,195s][debug][gc,nmethod  ] Register NMethod: java.lang.ClassLoader.preDefineClass (0x000074dd1f5f5c08) [0x000074dd1f5f5d00, 0x000074dd1f5f8ce0] Compiler: c1, Barriers: 3, Oops: 3, ImmediateOops: 6, NonImmediateOops: No
[1,195s][debug][gc,nmethod  ] Register NMethod: java.util.Arrays.copyOfRange (0x000074dd3ec26288) [0x000074dd3ec26380, 0x000074dd3ec267d0] Compiler: jvmci, Barriers: 0, Oops: 0, ImmediateOops: 0, NonImmediateOops: No
[1,195s][debug][gc,nmethod  ] Register NMethod: java.lang.ClassLoader.postDefineClass (0x000074dd1f5f8d08) [0x000074dd1f5f8e00, 0x000074dd1f5fa300] Compiler: c1, Barriers: 6, Oops: 0, ImmediateOops: 0, NonImmediateOops: No
[1,195s][debug][gc,nmethod  ] Register NMethod: java.lang.invoke.LambdaForm$Name.type (0x000074dd3ec26808) [0x000074dd3ec26900, 0x000074dd3ec269e8] Compiler: c1, Barriers: 1, Oops: 0, ImmediateOops: 0, NonImmediateOops: No
[1,196s][debug][gc,nmethod  ] Register NMethod: java.lang.invoke.MethodHandle.linkToStatic (0x000074dd3ec26b08) [0x000074dd3ec26c00, 0x000074dd3ec26cf0] Compiler: , Barriers: 0, Oops: 0, ImmediateOops: 0, NonImmediateOops: No
[1,196s][debug][gc,nmethod  ] Register NMethod: java.lang.invoke.MethodHandle.invokeBasic (0x000074dd3ec26e08) [0x000074dd3ec26f00, 0x000074dd3ec27198] Compiler: , Barriers: 0, Oops: 0, ImmediateOops: 0, NonImmediateOops: No
[1,196s][debug][gc,nmethod  ] Register NMethod: java.lang.invoke.MethodHandle.linkToSpecial (0x000074dd3ec27208) [0x000074dd3ec27300, 0x000074dd3ec273f8] Compiler: , Barriers: 0, Oops: 0, ImmediateOops: 0, NonImmediateOops: No
[1,196s][debug][gc,nmethod  ] Register NMethod: jdk.internal.classfile.impl.Util.writeAttribute (0x000074dd1f5fa308) [0x000074dd1f5fa400, 0x000074dd1f5fb1c0] Compiler: c1, Barriers: 0, Oops: 0, ImmediateOops: 0, NonImmediateOops: No
[1,196s][debug][gc,nmethod  ] Register NMethod: java.lang.invoke.MethodHandle.linkToStatic (0x000074dd3ec27508) [0x000074dd3ec27600, 0x000074dd3ec276f0] Compiler: , Barriers: 0, Oops: 0, ImmediateOops: 0, NonImmediateOops: No
[1,197s][debug][gc,nmethod  ] Register NMethod: java.lang.invoke.MethodHandle.invokeBasic (0x000074dd3ec27808) [0x000074dd3ec27900, 0x000074dd3ec27b98] Compiler: , Barriers: 0, Oops: 0, ImmediateOops: 0, NonImmediateOops: No
[1,197s][debug][gc,nmethod  ] Register NMethod: java.lang.invoke.MethodHandle.linkToSpecial (0x000074dd3ec27c08) [0x000074dd3ec27d00, 0x000074dd3ec27df8] Compiler: , Barriers: 0, Oops: 0, ImmediateOops: 0, NonImmediateOops: No
[1,197s][debug][gc,nmethod  ] Register NMethod: jdk.internal.classfile.impl.BufWriterImpl.skip (0x000074dd1f5fb208) [0x000074dd1f5fb300, 0x000074dd1f5fb6f8] Compiler: c1, Barriers: 1, Oops: 0, ImmediateOops: 0, NonImmediateOops: No
[1,197s][debug][gc,nmethod  ] Register NMethod: jdk.internal.constant.MethodTypeDescImpl.<init> (0x000074dd1f5fb708) [0x000074dd1f5fb800, 0x000074dd1f5fba48] Compiler: c1, Barriers: 6, Oops: 0, ImmediateOops: 0, NonImmediateOops: No
[1,197s][debug][gc,nmethod  ] Register NMethod: jdk.internal.classfile.impl.AbstractDirectBuilder.writeAttribute (0x000074dd1f5fba88) [0x000074dd1f5fbb80, 0x000074dd1f5fbdb8] Compiler: c1, Barriers: 2, Oops: 0, ImmediateOops: 0, NonImmediateOops: No
[1,197s][debug][gc,nmethod  ] Register NMethod: jdk.internal.constant.MethodTypeDescImpl.ofValidated (0x000074dd1f5fbe08) [0x000074dd1f5fbf00, 0x000074dd1f5fc448] Compiler: c1, Barriers: 12, Oops: 1, ImmediateOops: 1, NonImmediateOops: No
[1,197s][debug][gc,nmethod  ] Register NMethod: jdk.internal.classfile.impl.Util.isAttributeAllowed (0x000074dd1f5fc488) [0x000074dd1f5fc580, 0x000074dd1f5fd4c8] Compiler: c1, Barriers: 3, Oops: 0, ImmediateOops: 0, NonImmediateOops: No
[1,197s][debug][gc,nmethod  ] Register NMethod: jdk.internal.classfile.impl.BufWriterImpl.patchInt (0x000074dd1f5fd508) [0x000074dd1f5fd600, 0x000074dd1f5fd7e0] Compiler: c1, Barriers: 1, Oops: 0, ImmediateOops: 0, NonImmediateOops: No
[1,197s][debug][gc,nmethod  ] Register NMethod: java.lang.invoke.MethodHandle.invokeBasic (0x000074dd3ec27f08) [0x000074dd3ec28000, 0x000074dd3ec28298] Compiler: , Barriers: 0, Oops: 0, ImmediateOops: 0, NonImmediateOops: No
[1,197s][debug][gc,nmethod  ] Register NMethod: java.lang.invoke.MethodHandle.linkToSpecial (0x000074dd3ec28308) [0x000074dd3ec28400, 0x000074dd3ec284f8] Compiler: , Barriers: 0, Oops: 0, ImmediateOops: 0, NonImmediateOops: No
[1,197s][debug][gc,nmethod  ] Register NMethod: jdk.internal.constant.PrimitiveClassDescImpl.descriptorString (0x000074dd3ec28608) [0x000074dd3ec28700, 0x000074dd3ec287e8] Compiler: c1, Barriers: 1, Oops: 0, ImmediateOops: 0, NonImmediateOops: No
[1,197s][debug][gc,nmethod  ] Register NMethod: java.lang.invoke.LambdaForm$NamedFunction.returnType (0x000074dd1f5fd808) [0x000074dd1f5fd900, 0x000074dd1f5fe760] Compiler: c1, Barriers: 8, Oops: 0, ImmediateOops: 0, NonImmediateOops: No
[1,198s][debug][gc,nmethod  ] Register NMethod: java.util.ArrayList.<init> (0x000074dd1f5fe788) [0x000074dd1f5fe880, 0x000074dd1f5ff898] Compiler: c1, Barriers: 6, Oops: 1, ImmediateOops: 3, NonImmediateOops: No
[1,198s][debug][gc,nmethod  ] Register NMethod: java.lang.Math.ceil (0x000074dd1f5ff908) [0x000074dd1f5ffa00, 0x000074dd1f5ffb10] Compiler: c1, Barriers: 0, Oops: 0, ImmediateOops: 0, NonImmediateOops: No
[1,198s][debug][gc,nmethod  ] Register NMethod: java.lang.StrictMath.ceil (0x000074dd1f5ffc08) [0x000074dd1f5ffd20, 0x000074dd1f5ffe48] Compiler: c1, Barriers: 0, Oops: 0, ImmediateOops: 0, NonImmediateOops: No
[1,198s][debug][gc,nmethod  ] Register NMethod: java.lang.invoke.LambdaForm.internArgument (0x000074dd1f5fff08) [0x000074dd1f600000, 0x000074dd1f6005b0] Compiler: c1, Barriers: 4, Oops: 0, ImmediateOops: 1, NonImmediateOops: No
[1,198s][debug][gc,nmethod  ] Register NMethod: java.lang.Math.getExponent (0x000074dd1f600608) [0x000074dd1f600700, 0x000074dd1f600820] Compiler: c1, Barriers: 0, Oops: 0, ImmediateOops: 0, NonImmediateOops: No
[1,198s][debug][gc,nmethod  ] Register NMethod: java.lang.invoke.LambdaForm$Name.replaceNames (0x000074dd1f600908) [0x000074dd1f600a00, 0x000074dd1f601c80] Compiler: c1, Barriers: 10, Oops: 0, ImmediateOops: 0, NonImmediateOops: No
[1,198s][debug][gc,nmethod  ] Register NMethod: sun.invoke.util.VerifyType.isNullConversion (0x000074dd1f601c88) [0x000074dd1f601d80, 0x000074dd1f605850] Compiler: c1, Barriers: 0, Oops: 0, ImmediateOops: 5, NonImmediateOops: No
[1,198s][debug][gc,nmethod  ] Register NMethod: jdk.internal.classfile.impl.AbstractPoolEntry$FieldRefEntryImpl.tag (0x000074dd3ec28908) [0x000074dd3ec28a00, 0x000074dd3ec28ac0] Compiler: c1, Barriers: 0, Oops: 0, ImmediateOops: 0, NonImmediateOops: No
[1,198s][debug][gc,nmethod  ] Register NMethod: jdk.internal.classfile.impl.BufWriterImpl.writeInt (0x000074dd1f605888) [0x000074dd1f605980, 0x000074dd1f605e48] Compiler: c1, Barriers: 2, Oops: 0, ImmediateOops: 0, NonImmediateOops: No
[1,198s][debug][gc,nmethod  ] Register NMethod: java.lang.StrictMath.floorOrCeil (0x000074dd1f605e88) [0x000074dd1f605f80, 0x000074dd1f6063b0] Compiler: c1, Barriers: 0, Oops: 0, ImmediateOops: 0, NonImmediateOops: No
[1,199s][debug][gc,nmethod  ] Register NMethod: worker.org.gradle.internal.classloader.FilteringClassLoader$TrieSet.contains (0x000074dd1f606408) [0x000074dd1f606500, 0x000074dd1f606848] Compiler: c1, Barriers: 1, Oops: 1, ImmediateOops: 0, NonImmediateOops: No
[1,199s][debug][gc,nmethod  ] Register NMethod: java.util.jar.JavaUtilJarAccessImpl.getTrustedAttributes (0x000074dd1f606888) [0x000074dd1f606980, 0x000074dd1f606ad8] Compiler: c1, Barriers: 0, Oops: 0, ImmediateOops: 0, NonImmediateOops: No
[1,199s][debug][gc,nmethod  ] Register NMethod: java.util.jar.Manifest.getAttributes (0x000074dd1f606b88) [0x000074dd1f606c80, 0x000074dd1f6071e8] Compiler: c1, Barriers: 1, Oops: 0, ImmediateOops: 0, NonImmediateOops: No
[1,199s][debug][gc,nmethod  ] Register NMethod: jdk.internal.perf.PerfCounter.getReadClassBytesTime (0x000074dd1f607208) [0x000074dd1f607300, 0x000074dd1f6073e8] Compiler: c1, Barriers: 0, Oops: 0, ImmediateOops: 1, NonImmediateOops: No
[1,199s][debug][gc,nmethod  ] Register NMethod: java.net.URLClassLoader.findClass (0x000074dd1f607508) [0x000074dd1f607600, 0x000074dd1f60a220] Compiler: c1, Barriers: 7, Oops: 1, ImmediateOops: 8, NonImmediateOops: No
[1,199s][debug][gc,nmethod  ] Register NMethod: java.util.jar.Manifest.getTrustedAttributes (0x000074dd1f60a288) [0x000074dd1f60a380, 0x000074dd1f60b680] Compiler: c1, Barriers: 2, Oops: 1, ImmediateOops: 2, NonImmediateOops: No
[1,199s][debug][gc,nmethod  ] Register NMethod: java.net.URLClassLoader.getAndVerifyPackage (0x000074dd1f60b708) [0x000074dd1f60b800, 0x000074dd1f60e358] Compiler: c1, Barriers: 4, Oops: 4, ImmediateOops: 6, NonImmediateOops: No
[1,199s][debug][gc,nmethod  ] Register NMethod: jdk.internal.classfile.impl.SplitConstantPool.map (0x000074dd3ec28c08) [0x000074dd3ec28d20, 0x000074dd3ec291b0] Compiler: jvmci, Barriers: 6, Oops: 1, ImmediateOops: 0, NonImmediateOops: No
[1,200s][debug][gc,nmethod  ] Register NMethod: java.lang.reflect.AccessibleObject.<init> (0x000074dd1f60e388) [0x000074dd1f60e480, 0x000074dd1f60e5d8] Compiler: c1, Barriers: 0, Oops: 0, ImmediateOops: 0, NonImmediateOops: No
[1,200s][debug][gc,nmethod  ] Register NMethod: java.net.URLClassLoader.defineClass (0x000074dd1f60e688) [0x000074dd1f60e780, 0x000074dd1f613018] Compiler: c1, Barriers: 19, Oops: 2, ImmediateOops: 8, NonImmediateOops: No
[1,200s][debug][gc,nmethod  ] Register NMethod: java.util.Collections$1.hasNext (0x000074dd3ec29208) [0x000074dd3ec29300, 0x000074dd3ec293c0] Compiler: c1, Barriers: 0, Oops: 0, ImmediateOops: 0, NonImmediateOops: No
[1,200s][debug][gc,nmethod  ] Register NMethod: java.util.HashMap.resize (0x000074dd1f613088) [0x000074dd1f6131a0, 0x000074dd1f614e80] Compiler: c1, Barriers: 31, Oops: 0, ImmediateOops: 0, NonImmediateOops: No
[1,200s][debug][gc,director ] Rule Major: Warmup 10%, Used: 62MB, UsedThreshold: 1228MB
[1,201s][debug][gc,nmethod  ] Register NMethod: java.security.SecureClassLoader$CodeSourceKey.equals (0x000074dd1f614e88) [0x000074dd1f614f80, 0x000074dd1f6158d8] Compiler: c1, Barriers: 6, Oops: 0, ImmediateOops: 0, NonImmediateOops: No
[1,201s][debug][gc,nmethod  ] Register NMethod: java.security.CodeSource.matchCerts (0x000074dd1f615908) [0x000074dd1f615a00, 0x000074dd1f6168b0] Compiler: c1, Barriers: 17, Oops: 0, ImmediateOops: 0, NonImmediateOops: No
[1,201s][debug][gc,nmethod  ] Register NMethod: jdk.internal.loader.URLClassPath$JarLoader.createResource (0x000074dd1f616908) [0x000074dd1f616a00, 0x000074dd1f617520] Compiler: c1, Barriers: 2, Oops: 0, ImmediateOops: 0, NonImmediateOops: No
[1,202s][debug][gc,nmethod  ] Register NMethod: jdk.internal.access.SharedSecrets.getJavaLangAccess (0x000074dd1f617588) [0x000074dd1f617680, 0x000074dd1f6177a8] Compiler: c1, Barriers: 1, Oops: 0, ImmediateOops: 1, NonImmediateOops: No
[1,203s][debug][gc,nmethod  ] Register NMethod: java.lang.invoke.MemberName$Factory.resolveOrFail (0x000074dd1f617888) [0x000074dd1f617980, 0x000074dd1f618968] Compiler: c1, Barriers: 1, Oops: 0, ImmediateOops: 0, NonImmediateOops: No
[1,204s][debug][gc,nmethod  ] Register NMethod: java.lang.invoke.MethodType.insertParameterTypes (0x000074dd1f618988) [0x000074dd1f618a80, 0x000074dd1f61a4f8] Compiler: c1, Barriers: 6, Oops: 1, ImmediateOops: 3, NonImmediateOops: No
[1,204s][debug][gc,nmethod  ] Register NMethod: jdk.internal.classfile.impl.StackMapGenerator$Frame.pushStack (0x000074dd1f61a508) [0x000074dd1f61a600, 0x000074dd1f61b120] Compiler: c1, Barriers: 0, Oops: 0, ImmediateOops: 10, NonImmediateOops: No
[1,204s][debug][gc,nmethod  ] Register NMethod: java.lang.invoke.MethodType.rtype (0x000074dd3ec29508) [0x000074dd3ec29600, 0x000074dd3ec296e8] Compiler: c1, Barriers: 1, Oops: 0, ImmediateOops: 0, NonImmediateOops: No
[1,204s][debug][gc,nmethod  ] Register NMethod: jdk.internal.classfile.impl.DirectCodeBuilder.loadLocal (0x000074dd1f61b188) [0x000074dd1f61b280, 0x000074dd1f61d108] Compiler: c1, Barriers: 5, Oops: 0, ImmediateOops: 2, NonImmediateOops: No
[1,205s][debug][gc,nmethod  ] Register NMethod: java.lang.invoke.VarHandleByteArrayAsShorts$ArrayHandle.index (0x000074dd1f61d188) [0x000074dd1f61d280, 0x000074dd1f61d3b8] Compiler: c1, Barriers: 0, Oops: 1, ImmediateOops: 1, NonImmediateOops: No
[1,206s][debug][gc,nmethod  ] Register NMethod: java.io.BufferedInputStream.getBufIfOpen (0x000074dd1f61d488) [0x000074dd1f61d580, 0x000074dd1f61d998] Compiler: c1, Barriers: 7, Oops: 0, ImmediateOops: 3, NonImmediateOops: No
[1,206s][debug][gc,nmethod  ] Register NMethod: java.io.BufferedInputStream.ensureOpen (0x000074dd1f61da08) [0x000074dd1f61db00, 0x000074dd1f61dd40] Compiler: c1, Barriers: 1, Oops: 0, ImmediateOops: 1, NonImmediateOops: No
[1,206s][debug][gc,nmethod  ] Register NMethod: java.io.DataInputStream.readFully (0x000074dd1f61dd88) [0x000074dd1f61de80, 0x000074dd1f61e530] Compiler: c1, Barriers: 1, Oops: 0, ImmediateOops: 0, NonImmediateOops: No
[1,206s][debug][gc,nmethod  ] Register NMethod: java.io.DataInputStream.readUTF (0x000074dd1f61e588) [0x000074dd1f61e680, 0x000074dd1f61e7b0] Compiler: c1, Barriers: 0, Oops: 0, ImmediateOops: 0, NonImmediateOops: No
[1,206s][debug][gc,nmethod  ] Register NMethod: java.io.BufferedInputStream.read (0x000074dd1f61e888) [0x000074dd1f61e980, 0x000074dd1f61f4b8] Compiler: c1, Barriers: 2, Oops: 0, ImmediateOops: 1, NonImmediateOops: No
[1,206s][debug][gc,nmethod  ] Register NMethod: java.lang.invoke.VarHandleByteArrayAsShorts$ArrayHandle.get (0x000074dd1f61f508) [0x000074dd1f61f600, 0x000074dd1f61fdb0] Compiler: c1, Barriers: 0, Oops: 2, ImmediateOops: 2, NonImmediateOops: No
[1,206s][debug][gc,nmethod  ] Register NMethod: java.lang.System$1.uncheckedNewStringNoRepl (0x000074dd1f61fe08) [0x000074dd1f61ff00, 0x000074dd1f620038] Compiler: c1, Barriers: 0, Oops: 0, ImmediateOops: 0, NonImmediateOops: No
[1,206s][debug][gc,nmethod  ] Register NMethod: java.lang.Short.toUnsignedInt (0x000074dd3ec29808) [0x000074dd3ec29900, 0x000074dd3ec29968] Compiler: jvmci, Barriers: 0, Oops: 0, ImmediateOops: 0, NonImmediateOops: No
[1,206s][debug][gc,nmethod  ] Register NMethod: java.io.BufferedInputStream.read1 (0x000074dd1f620108) [0x000074dd1f620200, 0x000074dd1f620ad0] Compiler: c1, Barriers: 1, Oops: 0, ImmediateOops: 1, NonImmediateOops: No
[1,206s][debug][gc,nmethod  ] Register NMethod: java.lang.String.newStringNoRepl (0x000074dd1f620b08) [0x000074dd1f620c00, 0x000074dd1f621880] Compiler: c1, Barriers: 1, Oops: 0, ImmediateOops: 0, NonImmediateOops: No
[1,206s][debug][gc,nmethod  ] Register NMethod: java.io.DataInputStream.readUnsignedShort (0x000074dd1f621888) [0x000074dd1f621980, 0x000074dd1f6225d8] Compiler: c1, Barriers: 2, Oops: 5, ImmediateOops: 4, NonImmediateOops: No
[1,206s][debug][gc,nmethod  ] Register NMethod: jdk.internal.util.ByteArray.getUnsignedShort (0x000074dd1f622608) [0x000074dd1f622700, 0x000074dd1f623070] Compiler: c1, Barriers: 0, Oops: 5, ImmediateOops: 4, NonImmediateOops: No
[1,206s][debug][gc,nmethod  ] Register NMethod: java.lang.System$1.uncheckedCountPositives (0x000074dd3ec29b08) [0x000074dd3ec29c00, 0x000074dd3ec29d08] Compiler: jvmci, Barriers: 0, Oops: 0, ImmediateOops: 0, NonImmediateOops: No
[1,206s][debug][gc,nmethod  ] Register NMethod: java.io.DataInputStream.readFully (0x000074dd1f623108) [0x000074dd1f623200, 0x000074dd1f623508] Compiler: c1, Barriers: 0, Oops: 0, ImmediateOops: 0, NonImmediateOops: No
[1,206s][debug][gc,nmethod  ] Register NMethod: jdk.internal.util.ByteArray.getShort (0x000074dd1f623588) [0x000074dd1f623680, 0x000074dd1f623f90] Compiler: c1, Barriers: 0, Oops: 5, ImmediateOops: 4, NonImmediateOops: No
[1,206s][debug][gc,nmethod  ] Register NMethod: java.io.DataInputStream.readShort (0x000074dd1f624008) [0x000074dd1f624100, 0x000074dd1f624d00] Compiler: c1, Barriers: 2, Oops: 5, ImmediateOops: 4, NonImmediateOops: No
[1,207s][debug][gc,nmethod  ] Register NMethod: java.io.DataInputStream.readUTF (0x000074dd1f624d88) [0x000074dd1f624e80, 0x000074dd1f6292b0] Compiler: c1, Barriers: 9, Oops: 2, ImmediateOops: 13, NonImmediateOops: No
[1,207s][debug][gc,nmethod  ] Register NMethod: java.io.ByteArrayInputStream.read (0x000074dd1f629308) [0x000074dd1f629400, 0x000074dd1f629708] Compiler: c1, Barriers: 1, Oops: 0, ImmediateOops: 0, NonImmediateOops: No
[1,207s][debug][gc,nmethod  ] Register NMethod: java.io.DataInputStream.readUnsignedByte (0x000074dd1f629788) [0x000074dd1f629880, 0x000074dd1f629cc0] Compiler: c1, Barriers: 1, Oops: 0, ImmediateOops: 0, NonImmediateOops: No
[1,207s][debug][gc,nmethod  ] Register NMethod: java.lang.String.newStringNoRepl1 (0x000074dd1f629d08) [0x000074dd1f629e00, 0x000074dd1f62b890] Compiler: c1, Barriers: 12, Oops: 0, ImmediateOops: 4, NonImmediateOops: No
[1,207s][debug][gc,nmethod  ] Register NMethod: java.io.DataInputStream.readByte (0x000074dd1f62b908) [0x000074dd1f62ba00, 0x000074dd1f62c058] Compiler: c1, Barriers: 1, Oops: 0, ImmediateOops: 0, NonImmediateOops: No
[1,207s][debug][gc,nmethod  ] Register NMethod: sun.util.calendar.ZoneInfoFile.indexOf (0x000074dd1f62c088) [0x000074dd1f62c180, 0x000074dd1f62c3a8] Compiler: c1, Barriers: 0, Oops: 0, ImmediateOops: 0, NonImmediateOops: No
[1,207s][debug][gc,nmethod  ] Register NMethod: sun.util.calendar.ZoneInfoFile.addTrans (0x000074dd1f62c408) [0x000074dd1f62c500, 0x000074dd1f62c9f0] Compiler: c1, Barriers: 0, Oops: 0, ImmediateOops: 0, NonImmediateOops: No
[1,207s][debug][gc,nmethod  ] Register NMethod: java.util.zip.Checksum.update (0x000074dd1f62ca08) [0x000074dd1f62cb00, 0x000074dd1f62ce38] Compiler: c1, Barriers: 0, Oops: 0, ImmediateOops: 0, NonImmediateOops: No
[1,207s][debug][gc,nmethod  ] Register NMethod: sun.util.calendar.ZoneInfoFile$Checksum.update (0x000074dd1f62ce88) [0x000074dd1f62cf80, 0x000074dd1f62d548] Compiler: c1, Barriers: 0, Oops: 0, ImmediateOops: 0, NonImmediateOops: No
[1,207s][debug][gc,nmethod  ] Register NMethod: sun.util.calendar.ZoneInfoFile$Checksum.update (0x000074dd1f62d588) [0x000074dd1f62d680, 0x000074dd1f62dca0] Compiler: c1, Barriers: 0, Oops: 0, ImmediateOops: 0, NonImmediateOops: No
[1,208s][debug][gc,nmethod  ] Register NMethod: sun.util.locale.LocaleUtils.isUpper (0x000074dd1f62dd08) [0x000074dd1f62de00, 0x000074dd1f62df58] Compiler: c1, Barriers: 0, Oops: 0, ImmediateOops: 0, NonImmediateOops: No
[1,208s][debug][gc,nmethod  ] Register NMethod: jdk.internal.util.ReferencedKeyMap.internKey (0x000074dd1f573408) [0x000074dd1f573500, 0x000074dd1f574ca8] Compiler: c1, Barriers: 5, Oops: 0, ImmediateOops: 0, NonImmediateOops: No
[1,209s][debug][gc,nmethod  ] Register NMethod: jdk.internal.util.ReferencedKeyMap.entryKey (0x000074dd1f563688) [0x000074dd1f563780, 0x000074dd1f563f98] Compiler: c1, Barriers: 8, Oops: 0, ImmediateOops: 1, NonImmediateOops: No
[1,209s][debug][gc,nmethod  ] Register NMethod: jdk.internal.util.ReferencedKeySet.intern (0x000074dd1f62e008) [0x000074dd1f62e100, 0x000074dd1f62e338] Compiler: c1, Barriers: 1, Oops: 0, ImmediateOops: 0, NonImmediateOops: No
[1,210s][debug][gc,nmethod  ] Register NMethod: java.io.BufferedInputStream.getBufIfOpen (0x000074dd3ec29e08) [0x000074dd3ec29f00, 0x000074dd3ec2a238] Compiler: jvmci, Barriers: 6, Oops: 0, ImmediateOops: 1, NonImmediateOops: No
[1,210s][debug][gc,nmethod  ] Register NMethod: java.lang.invoke.MethodHandle.linkToStatic (0x000074dd3ec2a288) [0x000074dd3ec2a380, 0x000074dd3ec2a470] Compiler: , Barriers: 0, Oops: 0, ImmediateOops: 0, NonImmediateOops: No
[1,210s][debug][gc,nmethod  ] Register NMethod: java.lang.invoke.MethodHandle.linkToSpecial (0x000074dd3ec2a588) [0x000074dd3ec2a680, 0x000074dd3ec2a778] Compiler: , Barriers: 0, Oops: 0, ImmediateOops: 0, NonImmediateOops: No
[1,210s][debug][gc,nmethod  ] Register NMethod: java.lang.invoke.MethodHandle.invokeBasic (0x000074dd3ec2a888) [0x000074dd3ec2a980, 0x000074dd3ec2ac18] Compiler: , Barriers: 0, Oops: 0, ImmediateOops: 0, NonImmediateOops: No
[1,210s][debug][gc,nmethod  ] Register NMethod: java.lang.invoke.MethodHandle.linkToSpecial (0x000074dd3ec2ac88) [0x000074dd3ec2ad80, 0x000074dd3ec2ae78] Compiler: , Barriers: 0, Oops: 0, ImmediateOops: 0, NonImmediateOops: No
[1,210s][debug][gc,director ] Rule Major: Warmup 10%, Used: 64MB, UsedThreshold: 1228MB
[1,210s][debug][gc,nmethod  ] Register NMethod: java.lang.invoke.LambdaForm.parameter (0x000074dd1f62e388) [0x000074dd1f62e480, 0x000074dd1f62e618] Compiler: c1, Barriers: 2, Oops: 0, ImmediateOops: 0, NonImmediateOops: No
[1,210s][debug][gc,nmethod  ] Register NMethod: java.lang.invoke.MemberName.<init> (0x000074dd1f62e688) [0x000074dd1f62e780, 0x000074dd1f62ee00] Compiler: c1, Barriers: 0, Oops: 0, ImmediateOops: 1, NonImmediateOops: No
[1,211s][debug][gc,nmethod  ] Register NMethod: java.util.regex.Pattern.lambda$Single$0 (0x000074dd1f62ee08) [0x000074dd1f62ef00, 0x000074dd1f62f030] Compiler: c1, Barriers: 0, Oops: 0, ImmediateOops: 0, NonImmediateOops: No
[1,211s][debug][gc,nmethod  ] Register NMethod: java.util.regex.Pattern$$Lambda/0x00000000690b27a0.is (0x000074dd1f62f108) [0x000074dd1f62f200, 0x000074dd1f62f3b0] Compiler: c1, Barriers: 0, Oops: 0, ImmediateOops: 0, NonImmediateOops: No
[1,211s][debug][gc,nmethod  ] Register NMethod: java.util.regex.Matcher.hasMatch (0x000074dd1f62f408) [0x000074dd1f62f500, 0x000074dd1f62f650] Compiler: c1, Barriers: 0, Oops: 0, ImmediateOops: 0, NonImmediateOops: No
[1,211s][debug][gc,nmethod  ] Register NMethod: java.util.regex.Matcher.checkMatch (0x000074dd1f62f708) [0x000074dd1f62f800, 0x000074dd1f62fc70] Compiler: c1, Barriers: 0, Oops: 0, ImmediateOops: 1, NonImmediateOops: No
[1,211s][debug][gc,nmethod  ] Register NMethod: java.util.regex.Pattern$BmpCharPropertyGreedy.match (0x000074dd1f62fc88) [0x000074dd1f62fd80, 0x000074dd1f630700] Compiler: c1, Barriers: 2, Oops: 0, ImmediateOops: 0, NonImmediateOops: No
[1,211s][debug][gc,nmethod  ] Register NMethod: java.util.regex.Matcher.start (0x000074dd1f630708) [0x000074dd1f630800, 0x000074dd1f630cd8] Compiler: c1, Barriers: 0, Oops: 0, ImmediateOops: 1, NonImmediateOops: No
[1,211s][debug][gc,nmethod  ] Register NMethod: java.util.regex.Pattern$LastNode.match (0x000074dd1f630d08) [0x000074dd1f630e00, 0x000074dd1f631010] Compiler: c1, Barriers: 1, Oops: 0, ImmediateOops: 0, NonImmediateOops: No
[1,211s][debug][gc,nmethod  ] Register NMethod: java.util.regex.Matcher.end (0x000074dd1f631088) [0x000074dd1f631180, 0x000074dd1f631658] Compiler: c1, Barriers: 0, Oops: 0, ImmediateOops: 1, NonImmediateOops: No
[1,211s][debug][gc,nmethod  ] Register NMethod: java.util.regex.Matcher.find (0x000074dd1f631688) [0x000074dd1f631780, 0x000074dd1f631c18] Compiler: c1, Barriers: 1, Oops: 0, ImmediateOops: 0, NonImmediateOops: No
[1,211s][debug][gc,nmethod  ] Register NMethod: java.util.regex.Matcher.search (0x000074dd1f631c88) [0x000074dd1f631d80, 0x000074dd1f632650] Compiler: c1, Barriers: 6, Oops: 0, ImmediateOops: 0, NonImmediateOops: No
[1,211s][debug][gc,nmethod  ] Register NMethod: java.util.regex.Pattern$Start.match (0x000074dd1f632688) [0x000074dd1f632780, 0x000074dd1f632ce0] Compiler: c1, Barriers: 2, Oops: 0, ImmediateOops: 0, NonImmediateOops: No
[1,211s][debug][gc,nmethod  ] Register NMethod: java.lang.String.subSequence (0x000074dd1f632d08) [0x000074dd1f632e00, 0x000074dd1f6330f8] Compiler: c1, Barriers: 0, Oops: 0, ImmediateOops: 0, NonImmediateOops: No
[1,211s][debug][gc,nmethod  ] Register NMethod: java.lang.String.toString (0x000074dd3ec2af88) [0x000074dd3ec2b080, 0x000074dd3ec2b108] Compiler: jvmci, Barriers: 0, Oops: 0, ImmediateOops: 0, NonImmediateOops: No
[1,213s][debug][gc,nmethod  ] Register NMethod: jdk.internal.classfile.impl.UnboundAttribute.<init> (0x000074dd1f633108) [0x000074dd1f633200, 0x000074dd1f633430] Compiler: c1, Barriers: 3, Oops: 0, ImmediateOops: 0, NonImmediateOops: No
[1,214s][debug][gc,nmethod  ] Register NMethod: java.lang.invoke.MemberName.getType (0x000074dd1f633488) [0x000074dd1f633580, 0x000074dd1f633d88] Compiler: c1, Barriers: 0, Oops: 0, ImmediateOops: 0, NonImmediateOops: No
[1,214s][debug][gc,nmethod  ] Register NMethod: sun.util.locale.StringTokenIterator.isDone (0x000074dd3ec2b288) [0x000074dd3ec2b380, 0x000074dd3ec2b440] Compiler: c1, Barriers: 0, Oops: 0, ImmediateOops: 0, NonImmediateOops: No
[1,214s][debug][gc,nmethod  ] Register NMethod: sun.util.locale.LocaleUtils.toLower (0x000074dd1f633e08) [0x000074dd1f633f00, 0x000074dd1f634100] Compiler: c1, Barriers: 0, Oops: 0, ImmediateOops: 0, NonImmediateOops: No
[1,214s][debug][gc,nmethod  ] Register NMethod: sun.util.locale.StringTokenIterator.current (0x000074dd3ec2b588) [0x000074dd3ec2b680, 0x000074dd3ec2b768] Compiler: c1, Barriers: 1, Oops: 0, ImmediateOops: 0, NonImmediateOops: No
[1,214s][debug][gc,nmethod  ] Register NMethod: java.text.ParsePosition.getErrorIndex (0x000074dd3ec2b888) [0x000074dd3ec2b980, 0x000074dd3ec2ba40] Compiler: c1, Barriers: 0, Oops: 0, ImmediateOops: 0, NonImmediateOops: No
[1,214s][debug][gc,nmethod  ] Register NMethod: java.util.Collections$EmptyList.isEmpty (0x000074dd3ec2bb88) [0x000074dd3ec2bc80, 0x000074dd3ec2bd40] Compiler: c1, Barriers: 0, Oops: 0, ImmediateOops: 0, NonImmediateOops: No
[1,214s][debug][gc,nmethod  ] Register NMethod: sun.util.locale.LocaleUtils.isAlpha (0x000074dd1f634108) [0x000074dd1f634200, 0x000074dd1f6343b0] Compiler: c1, Barriers: 0, Oops: 0, ImmediateOops: 0, NonImmediateOops: No
[1,214s][debug][gc,nmethod  ] Register NMethod: sun.util.locale.StringTokenIterator.currentEnd (0x000074dd3ec2be88) [0x000074dd3ec2bf80, 0x000074dd3ec2c040] Compiler: c1, Barriers: 0, Oops: 0, ImmediateOops: 0, NonImmediateOops: No
[1,214s][debug][gc,nmethod  ] Register NMethod: java.text.ParsePosition.setIndex (0x000074dd3ec2c188) [0x000074dd3ec2c280, 0x000074dd3ec2c340] Compiler: c1, Barriers: 0, Oops: 0, ImmediateOops: 0, NonImmediateOops: No
[1,214s][debug][gc,nmethod  ] Register NMethod: jdk.internal.util.SoftReferenceKey.hashCode (0x000074dd3ec2c488) [0x000074dd3ec2c580, 0x000074dd3ec2c640] Compiler: c1, Barriers: 0, Oops: 0, ImmediateOops: 0, NonImmediateOops: No
[1,214s][debug][gc,nmethod  ] Register NMethod: java.util.stream.ReferencePipeline$3$1.accept (0x000074dd1f634408) [0x000074dd1f634500, 0x000074dd1f634a88] Compiler: c1, Barriers: 2, Oops: 0, ImmediateOops: 0, NonImmediateOops: No
[1,215s][debug][gc,nmethod  ] Register NMethod: sun.util.locale.BaseLocale.hashCode (0x000074dd1f634b08) [0x000074dd1f634c00, 0x000074dd1f638a88] Compiler: c1, Barriers: 20, Oops: 1, ImmediateOops: 8, NonImmediateOops: No
[1,215s][debug][gc,nmethod  ] Register NMethod: java.util.regex.Pattern$BmpCharPropertyGreedy.match (0x000074dd3ec2c788) [0x000074dd3ec2c880, 0x000074dd3ec2cc50] Compiler: jvmci, Barriers: 4, Oops: 0, ImmediateOops: 0, NonImmediateOops: No
[1,215s][debug][gc,nmethod  ] Register NMethod: java.lang.String.isEmpty (0x000074dd3ec2cc88) [0x000074dd3ec2cd80, 0x000074dd3ec2ce68] Compiler: jvmci, Barriers: 1, Oops: 0, ImmediateOops: 0, NonImmediateOops: No
[1,215s][debug][gc,nmethod  ] Register NMethod: sun.util.locale.StringTokenIterator.hasNext (0x000074dd1f638b08) [0x000074dd1f638c00, 0x000074dd1f639228] Compiler: c1, Barriers: 2, Oops: 0, ImmediateOops: 0, NonImmediateOops: No
[1,215s][debug][gc,nmethod  ] Register NMethod: sun.util.locale.StringTokenIterator.next (0x000074dd1f639288) [0x000074dd1f639380, 0x000074dd1f639e08] Compiler: c1, Barriers: 10, Oops: 0, ImmediateOops: 0, NonImmediateOops: No
[1,215s][debug][gc,nmethod  ] Register NMethod: sun.util.locale.LocaleUtils.toLowerString (0x000074dd1f639e88) [0x000074dd1f639f80, 0x000074dd1f63bb20] Compiler: c1, Barriers: 5, Oops: 1, ImmediateOops: 4, NonImmediateOops: No
[1,215s][debug][gc,nmethod  ] Register NMethod: java.lang.ref.SoftReference.<init> (0x000074dd1f63bb88) [0x000074dd1f63bc80, 0x000074dd1f63bf88] Compiler: c1, Barriers: 6, Oops: 0, ImmediateOops: 2, NonImmediateOops: No
[1,215s][debug][gc,nmethod  ] Register NMethod: java.util.Objects.requireNonNull (0x000074dd3ec2cf88) [0x000074dd3ec2d080, 0x000074dd3ec2d118] Compiler: jvmci, Barriers: 0, Oops: 0, ImmediateOops: 0, NonImmediateOops: No
[1,216s][debug][gc,nmethod  ] Register NMethod: sun.util.locale.LocaleUtils.isAlphaString (0x000074dd1f63c008) [0x000074dd1f63c100, 0x000074dd1f63d0e8] Compiler: c1, Barriers: 3, Oops: 1, ImmediateOops: 2, NonImmediateOops: No
[1,216s][debug][gc,nmethod  ] Register NMethod: sun.util.locale.StringTokenIterator.nextDelimiter (0x000074dd1f63d108) [0x000074dd1f63d200, 0x000074dd1f63f958] Compiler: c1, Barriers: 13, Oops: 1, ImmediateOops: 6, NonImmediateOops: No
[1,216s][debug][gc,nmethod  ] Register NMethod: sun.util.locale.InternalLocaleBuilder.clearExtensions (0x000074dd1f63f988) [0x000074dd1f63fa80, 0x000074dd1f6402d8] Compiler: c1, Barriers: 3, Oops: 0, ImmediateOops: 0, NonImmediateOops: No
[1,216s][debug][gc,nmethod  ] Register NMethod: sun.util.locale.BaseLocale.getVariant (0x000074dd3ec2d288) [0x000074dd3ec2d380, 0x000074dd3ec2d468] Compiler: c1, Barriers: 1, Oops: 0, ImmediateOops: 0, NonImmediateOops: No
[1,216s][debug][gc,nmethod  ] Register NMethod: sun.util.locale.LocaleUtils.isLower (0x000074dd1f640308) [0x000074dd1f640400, 0x000074dd1f640558] Compiler: c1, Barriers: 0, Oops: 0, ImmediateOops: 0, NonImmediateOops: No
[1,216s][debug][gc,nmethod  ] Register NMethod: sun.util.locale.LocaleUtils.isEmpty (0x000074dd1f640608) [0x000074dd1f640700, 0x000074dd1f640a60] Compiler: c1, Barriers: 0, Oops: 0, ImmediateOops: 0, NonImmediateOops: No
[1,216s][debug][gc,nmethod  ] Register NMethod: sun.util.locale.LanguageTag.extlangs (0x000074dd3ec2d588) [0x000074dd3ec2d680, 0x000074dd3ec2d768] Compiler: c1, Barriers: 1, Oops: 0, ImmediateOops: 0, NonImmediateOops: No
[1,216s][debug][gc,nmethod  ] Register NMethod: sun.util.locale.LanguageTag.region (0x000074dd3ec2d888) [0x000074dd3ec2d980, 0x000074dd3ec2da68] Compiler: c1, Barriers: 1, Oops: 0, ImmediateOops: 0, NonImmediateOops: No
[1,216s][debug][gc,nmethod  ] Register NMethod: sun.util.locale.LanguageTag.variants (0x000074dd3ec2db88) [0x000074dd3ec2dc80, 0x000074dd3ec2dd68] Compiler: c1, Barriers: 1, Oops: 0, ImmediateOops: 0, NonImmediateOops: No
[1,216s][debug][gc,nmethod  ] Register NMethod: sun.util.locale.LanguageTag.extensions (0x000074dd3ec2de88) [0x000074dd3ec2df80, 0x000074dd3ec2e068] Compiler: c1, Barriers: 1, Oops: 0, ImmediateOops: 0, NonImmediateOops: No
[1,216s][debug][gc,nmethod  ] Register NMethod: sun.util.locale.LanguageTag.language (0x000074dd3ec2e188) [0x000074dd3ec2e280, 0x000074dd3ec2e368] Compiler: c1, Barriers: 1, Oops: 0, ImmediateOops: 0, NonImmediateOops: No
[1,216s][debug][gc,nmethod  ] Register NMethod: sun.util.locale.LanguageTag.script (0x000074dd3ec2e488) [0x000074dd3ec2e580, 0x000074dd3ec2e668] Compiler: c1, Barriers: 1, Oops: 0, ImmediateOops: 0, NonImmediateOops: No
[1,216s][debug][gc,nmethod  ] Register NMethod: sun.util.locale.LanguageTag.privateuse (0x000074dd3ec2e788) [0x000074dd3ec2e880, 0x000074dd3ec2e968] Compiler: c1, Barriers: 1, Oops: 0, ImmediateOops: 0, NonImmediateOops: No
[1,216s][debug][gc,nmethod  ] Register NMethod: jdk.internal.util.SoftReferenceKey.<init> (0x000074dd1f640a88) [0x000074dd1f640b80, 0x000074dd1f641198] Compiler: c1, Barriers: 6, Oops: 0, ImmediateOops: 2, NonImmediateOops: No
[1,216s][debug][gc,nmethod  ] Register NMethod: java.lang.StringUTF16.coderFromArrayLen (0x000074dd1f641208) [0x000074dd1f641300, 0x000074dd1f6413f8] Compiler: c1, Barriers: 0, Oops: 0, ImmediateOops: 0, NonImmediateOops: No
[1,216s][debug][gc,nmethod  ] Register NMethod: java.lang.StringUTF16.compress (0x000074dd1f641508) [0x000074dd1f641600, 0x000074dd1f641948] Compiler: c1, Barriers: 0, Oops: 0, ImmediateOops: 0, NonImmediateOops: No
[1,216s][debug][gc,nmethod  ] Register NMethod: java.lang.String.<init> (0x000074dd1f641988) [0x000074dd1f641a80, 0x000074dd1f642058] Compiler: c1, Barriers: 6, Oops: 0, ImmediateOops: 1, NonImmediateOops: No
[1,216s][debug][gc,nmethod  ] Register NMethod: java.util.stream.Nodes$SpinedNodeBuilder.accept (0x000074dd1f642088) [0x000074dd1f642180, 0x000074dd1f6422c0] Compiler: c1, Barriers: 0, Oops: 0, ImmediateOops: 0, NonImmediateOops: No
[1,216s][debug][gc,nmethod  ] Register NMethod: sun.util.locale.BaseLocale.getInstance (0x000074dd1f642388) [0x000074dd1f642480, 0x000074dd1f644650] Compiler: c1, Barriers: 19, Oops: 2, ImmediateOops: 6, NonImmediateOops: No
[1,217s][debug][gc,nmethod  ] Register NMethod: java.util.stream.SpinedBuffer.accept (0x000074dd1f644688) [0x000074dd1f644780, 0x000074dd1f645570] Compiler: c1, Barriers: 22, Oops: 0, ImmediateOops: 0, NonImmediateOops: No
[1,217s][debug][gc,nmethod  ] Register NMethod: java.util.Locale.<init> (0x000074dd1f645588) [0x000074dd1f645680, 0x000074dd1f6458c8] Compiler: c1, Barriers: 6, Oops: 0, ImmediateOops: 0, NonImmediateOops: No
[1,217s][debug][gc,nmethod  ] Register NMethod: sun.util.locale.InternalLocaleBuilder.<init> (0x000074dd1f645908) [0x000074dd1f645a00, 0x000074dd1f645d68] Compiler: c1, Barriers: 12, Oops: 0, ImmediateOops: 5, NonImmediateOops: No
[1,217s][debug][gc,nmethod  ] Register NMethod: java.util.Locale.hashCode (0x000074dd1f645d88) [0x000074dd1f645e80, 0x000074dd1f646298] Compiler: c1, Barriers: 2, Oops: 0, ImmediateOops: 0, NonImmediateOops: No
[1,217s][debug][gc,nmethod  ] Register NMethod: java.text.ParsePosition.<init> (0x000074dd1f646308) [0x000074dd1f646400, 0x000074dd1f646568] Compiler: c1, Barriers: 0, Oops: 0, ImmediateOops: 0, NonImmediateOops: No
[1,217s][debug][gc,nmethod  ] Register NMethod: java.util.Locale.getInstance (0x000074dd1f646608) [0x000074dd1f646700, 0x000074dd1f647870] Compiler: c1, Barriers: 1, Oops: 1, ImmediateOops: 5, NonImmediateOops: No
[1,217s][debug][gc,nmethod  ] Register NMethod: java.util.ImmutableCollections$SetN.probe (0x000074dd3ec2ea88) [0x000074dd3ec2eb80, 0x000074dd3ec2f218] Compiler: jvmci, Barriers: 6, Oops: 0, ImmediateOops: 0, NonImmediateOops: No
[1,217s][debug][gc,nmethod  ] Register NMethod: sun.util.locale.StringTokenIterator.<init> (0x000074dd1f647888) [0x000074dd1f647980, 0x000074dd1f648958] Compiler: c1, Barriers: 10, Oops: 1, ImmediateOops: 2, NonImmediateOops: No
[1,217s][debug][gc,nmethod  ] Register NMethod: sun.util.locale.LanguageTag.parseVariants (0x000074dd1f648988) [0x000074dd1f648a80, 0x000074dd1f649218] Compiler: c1, Barriers: 1, Oops: 0, ImmediateOops: 2, NonImmediateOops: No
[1,217s][debug][gc,nmethod  ] Register NMethod: java.util.Locale.forLanguageTag (0x000074dd1f649288) [0x000074dd1f649380, 0x000074dd1f64ac28] Compiler: c1, Barriers: 17, Oops: 0, ImmediateOops: 5, NonImmediateOops: No
[1,217s][debug][gc,nmethod  ] Register NMethod: sun.util.locale.StringTokenIterator.setStart (0x000074dd1f64ac88) [0x000074dd1f64ad80, 0x000074dd1f64b740] Compiler: c1, Barriers: 6, Oops: 0, ImmediateOops: 0, NonImmediateOops: No
[1,217s][debug][gc,nmethod  ] Register NMethod: sun.util.locale.LanguageTag.parseLanguage (0x000074dd1f64b788) [0x000074dd1f64b880, 0x000074dd1f64c148] Compiler: c1, Barriers: 2, Oops: 0, ImmediateOops: 2, NonImmediateOops: No
[1,218s][debug][gc,nmethod  ] Register NMethod: sun.util.locale.LanguageTag.<init> (0x000074dd1f64c188) [0x000074dd1f64c280, 0x000074dd1f64c780] Compiler: c1, Barriers: 21, Oops: 0, ImmediateOops: 0, NonImmediateOops: No
[1,218s][debug][gc,nmethod  ] Register NMethod: sun.util.locale.LanguageTag.isLanguage (0x000074dd1f64c788) [0x000074dd1f64c880, 0x000074dd1f64dd98] Compiler: c1, Barriers: 3, Oops: 1, ImmediateOops: 2, NonImmediateOops: No
[1,218s][debug][gc,nmethod  ] Register NMethod: sun.util.locale.LanguageTag.parsePrivateuse (0x000074dd1f64de08) [0x000074dd1f64df00, 0x000074dd1f64fdc0] Compiler: c1, Barriers: 4, Oops: 2, ImmediateOops: 6, NonImmediateOops: No
[1,218s][debug][gc,nmethod  ] Register NMethod: java.lang.ref.ReferenceQueue.poll (0x000074dd3ec2f288) [0x000074dd3ec2f380, 0x000074dd3ec2f468] Compiler: jvmci, Barriers: 1, Oops: 0, ImmediateOops: 0, NonImmediateOops: No
[1,218s][debug][gc,nmethod  ] Register NMethod: sun.util.locale.LanguageTag.parseExtlangs (0x000074dd1f64fe08) [0x000074dd1f64ff00, 0x000074dd1f650e48] Compiler: c1, Barriers: 2, Oops: 0, ImmediateOops: 2, NonImmediateOops: No
[1,218s][debug][gc,nmethod  ] Register NMethod: sun.util.locale.LanguageTag.parse (0x000074dd1f650e88) [0x000074dd1f650f80, 0x000074dd1f653308] Compiler: c1, Barriers: 5, Oops: 3, ImmediateOops: 11, NonImmediateOops: No
[1,218s][debug][gc,nmethod  ] Register NMethod: sun.util.locale.LocaleUtils.toUpperString (0x000074dd1f653388) [0x000074dd1f653480, 0x000074dd1f655020] Compiler: c1, Barriers: 5, Oops: 1, ImmediateOops: 4, NonImmediateOops: No
[1,218s][debug][gc,nmethod  ] Register NMethod: sun.util.locale.InternalLocaleBuilder.clear (0x000074dd1f655088) [0x000074dd1f655180, 0x000074dd1f655688] Compiler: c1, Barriers: 12, Oops: 0, ImmediateOops: 5, NonImmediateOops: No
[1,218s][debug][gc,nmethod  ] Register NMethod: sun.util.locale.LocaleUtils.isEmpty (0x000074dd1f655708) [0x000074dd1f655800, 0x000074dd1f655b60] Compiler: c1, Barriers: 0, Oops: 0, ImmediateOops: 0, NonImmediateOops: No
[1,219s][debug][gc,nmethod  ] Register NMethod: sun.util.locale.LocaleUtils.toTitleString (0x000074dd1f655b88) [0x000074dd1f655c80, 0x000074dd1f658358] Compiler: c1, Barriers: 5, Oops: 1, ImmediateOops: 6, NonImmediateOops: No
[1,219s][debug][gc,nmethod  ] Register NMethod: sun.util.locale.InternalLocaleBuilder.setLanguageTag (0x000074dd1f658388) [0x000074dd1f658480, 0x000074dd1f65bf40] Compiler: c1, Barriers: 35, Oops: 1, ImmediateOops: 8, NonImmediateOops: No
[1,219s][debug][gc,nmethod  ] Register NMethod: sun.util.locale.LocaleUtils.isEmpty (0x000074dd1f65bf88) [0x000074dd1f65c080, 0x000074dd1f65c3e0] Compiler: c1, Barriers: 0, Oops: 0, ImmediateOops: 0, NonImmediateOops: No
[1,219s][debug][gc,nmethod  ] Register NMethod: sun.util.locale.InternalLocaleBuilder.getLocaleExtensions (0x000074dd1f65c408) [0x000074dd1f65c500, 0x000074dd1f65d1a8] Compiler: c1, Barriers: 6, Oops: 0, ImmediateOops: 0, NonImmediateOops: No
[1,219s][debug][gc,nmethod  ] Register NMethod: sun.util.locale.LanguageTag.parseRegion (0x000074dd1f65d208) [0x000074dd1f65d300, 0x000074dd1f65d610] Compiler: c1, Barriers: 1, Oops: 0, ImmediateOops: 2, NonImmediateOops: No
[1,219s][debug][gc,nmethod  ] Register NMethod: sun.util.locale.provider.LocaleProviderAdapter$$Lambda/0x00000000690b6ec8.apply (0x000074dd1f65d688) [0x000074dd1f65d780, 0x000074dd1f65dac0] Compiler: c1, Barriers: 0, Oops: 0, ImmediateOops: 0, NonImmediateOops: No
[1,219s][debug][gc,nmethod  ] Register NMethod: sun.util.locale.LanguageTag.parseScript (0x000074dd1f65db08) [0x000074dd1f65dc00, 0x000074dd1f65e490] Compiler: c1, Barriers: 2, Oops: 0, ImmediateOops: 2, NonImmediateOops: No
[1,219s][debug][gc,nmethod  ] Register NMethod: sun.util.locale.provider.LocaleProviderAdapter.lambda$toLocaleArray$0 (0x000074dd1f65e508) [0x000074dd1f65e600, 0x000074dd1f65f318] Compiler: c1, Barriers: 3, Oops: 0, ImmediateOops: 3, NonImmediateOops: No
[1,219s][debug][gc,nmethod  ] Register NMethod: sun.util.locale.InternalLocaleBuilder.getBaseLocale (0x000074dd1f65f388) [0x000074dd1f65f480, 0x000074dd1f661c90] Compiler: c1, Barriers: 7, Oops: 2, ImmediateOops: 7, NonImmediateOops: No
[1,220s][debug][gc,nmethod  ] Register NMethod: java.util.stream.DistinctOps$1$2.accept (0x000074dd1f661d08) [0x000074dd1f661e00, 0x000074dd1f6623c0] Compiler: c1, Barriers: 2, Oops: 0, ImmediateOops: 0, NonImmediateOops: No
[1,220s][debug][gc,nmethod  ] Register NMethod: java.util.Locale$LocaleCache.apply (0x000074dd1f662408) [0x000074dd1f662500, 0x000074dd1f6627f8] Compiler: c1, Barriers: 0, Oops: 0, ImmediateOops: 0, NonImmediateOops: No
[1,220s][debug][gc,nmethod  ] Register NMethod: sun.util.locale.BaseLocale.convertOldISOCodes (0x000074dd1f662808) [0x000074dd1f662900, 0x000074dd1f663b80] Compiler: c1, Barriers: 0, Oops: 0, ImmediateOops: 9, NonImmediateOops: No
[1,220s][debug][gc,nmethod  ] Register NMethod: java.util.Map.computeIfAbsent (0x000074dd1f663b88) [0x000074dd1f663c80, 0x000074dd1f664588] Compiler: c1, Barriers: 0, Oops: 0, ImmediateOops: 0, NonImmediateOops: No
[1,220s][debug][gc,nmethod  ] Register NMethod: jdk.internal.util.ReferencedKeyMap.put (0x000074dd1f664608) [0x000074dd1f664700, 0x000074dd1f665fe8] Compiler: c1, Barriers: 5, Oops: 2, ImmediateOops: 3, NonImmediateOops: No
[1,220s][debug][gc,nmethod  ] Register NMethod: java.util.Locale$LocaleCache.apply (0x000074dd1f666008) [0x000074dd1f666100, 0x000074dd1f666cf0] Compiler: c1, Barriers: 11, Oops: 0, ImmediateOops: 0, NonImmediateOops: No
[1,220s][debug][gc,nmethod  ] Register NMethod: java.lang.String.<init> (0x000074dd1f666d08) [0x000074dd1f666e00, 0x000074dd1f666f50] Compiler: c1, Barriers: 0, Oops: 0, ImmediateOops: 0, NonImmediateOops: No
[1,220s][debug][gc,nmethod  ] Register NMethod: sun.util.locale.LanguageTag.parseExtensions (0x000074dd1f667008) [0x000074dd1f667100, 0x000074dd1f669918] Compiler: c1, Barriers: 4, Oops: 3, ImmediateOops: 7, NonImmediateOops: No
[1,220s][debug][gc,director ] Rule Major: Warmup 10%, Used: 64MB, UsedThreshold: 1228MB
[1,220s][debug][gc,nmethod  ] Register NMethod: sun.util.locale.LanguageTag.isScript (0x000074dd1f669988) [0x000074dd1f669a80, 0x000074dd1f66af70] Compiler: c1, Barriers: 3, Oops: 1, ImmediateOops: 2, NonImmediateOops: No
[1,221s][debug][gc,nmethod  ] Register NMethod: sun.util.locale.LanguageTag.isExtlang (0x000074dd1f66af88) [0x000074dd1f66b080, 0x000074dd1f66c570] Compiler: c1, Barriers: 3, Oops: 1, ImmediateOops: 2, NonImmediateOops: No
[1,221s][debug][gc,nmethod  ] Register NMethod: sun.util.locale.InternalLocaleBuilder.setExtensions (0x000074dd1f66c588) [0x000074dd1f66c6a0, 0x000074dd1f672260] Compiler: c1, Barriers: 20, Oops: 1, ImmediateOops: 5, NonImmediateOops: No
[1,221s][debug][gc,nmethod  ] Register NMethod: sun.util.locale.LanguageTag.isRegion (0x000074dd1f672288) [0x000074dd1f672380, 0x000074dd1f674bd8] Compiler: c1, Barriers: 6, Oops: 1, ImmediateOops: 4, NonImmediateOops: No
[1,221s][debug][gc,nmethod  ] Register NMethod: java.util.Locale.hasExtensions (0x000074dd1f674c08) [0x000074dd1f674d00, 0x000074dd1f674e80] Compiler: c1, Barriers: 1, Oops: 0, ImmediateOops: 0, NonImmediateOops: No
[1,221s][debug][gc,nmethod  ] Register NMethod: java.util.Locale.stripExtensions (0x000074dd1f674f08) [0x000074dd1f675000, 0x000074dd1f675478] Compiler: c1, Barriers: 2, Oops: 0, ImmediateOops: 0, NonImmediateOops: No
[1,221s][debug][gc,nmethod  ] Register NMethod: java.util.Locale.equals (0x000074dd1f675488) [0x000074dd1f675580, 0x000074dd1f676388] Compiler: c1, Barriers: 5, Oops: 0, ImmediateOops: 0, NonImmediateOops: No
[1,221s][debug][gc,nmethod  ] Register NMethod: sun.util.locale.BaseLocale.equals (0x000074dd1f676408) [0x000074dd1f676500, 0x000074dd1f676fd8] Compiler: c1, Barriers: 8, Oops: 0, ImmediateOops: 0, NonImmediateOops: No
[1,222s][debug][gc,nmethod  ] Register NMethod: sun.util.locale.LocaleUtils.caseIgnoreMatch (0x000074dd1f677008) [0x000074dd1f677100, 0x000074dd1f6790e8] Compiler: c1, Barriers: 6, Oops: 1, ImmediateOops: 4, NonImmediateOops: No
[1,223s][debug][gc,nmethod  ] Register NMethod: java.lang.invoke.MethodHandles$Lookup.checkAccess (0x000074dd1f679108) [0x000074dd1f679200, 0x000074dd1f67ad18] Compiler: c1, Barriers: 5, Oops: 0, ImmediateOops: 1, NonImmediateOops: No
[1,224s][debug][gc,nmethod  ] Register NMethod: java.lang.String.substring (0x000074dd3ec2f588) [0x000074dd3ec2f680, 0x000074dd3ec2fb48] Compiler: jvmci, Barriers: 3, Oops: 0, ImmediateOops: 1, NonImmediateOops: No
[1,226s][debug][gc,nmethod  ] Register NMethod: java.lang.StringUTF16.getChar (0x000074dd1f67ad88) [0x000074dd1f67ae80, 0x000074dd1f67afe0] Compiler: c1, Barriers: 0, Oops: 0, ImmediateOops: 0, NonImmediateOops: No
[1,227s][debug][gc,nmethod  ] Register NMethod: java.lang.CharacterData.of (0x000074dd1f4e6d88) [0x000074dd1f4e6e80, 0x000074dd1f4e75c0] Compiler: c1, Barriers: 7, Oops: 0, ImmediateOops: 3, NonImmediateOops: No
[1,227s][debug][gc,nmethod  ] Register NMethod: java.lang.CharacterData.of (0x000074dd1f4e6d88) [0x000074dd1f4e6e80, 0x000074dd1f4e75c0] Compiler: c1, Barriers: 7, Oops: 0, ImmediateOops: 3, NonImmediateOops: No
[1,228s][debug][gc,nmethod  ] Register NMethod: java.lang.String.charAt (0x000074dd1f67b088) [0x000074dd1f67b180, 0x000074dd1f67b8b8] Compiler: c1, Barriers: 2, Oops: 1, ImmediateOops: 2, NonImmediateOops: No
[1,229s][debug][gc,nmethod  ] Register NMethod: java.lang.invoke.MethodHandle.linkToVirtual (0x000074dd3ec2fb88) [0x000074dd3ec2fc80, 0x000074dd3ec2fca8] Compiler: , Barriers: 0, Oops: 0, ImmediateOops: 0, NonImmediateOops: No
[1,229s][debug][gc,nmethod  ] Register NMethod: jdk.internal.classfile.impl.AbstractPoolEntry$NameAndTypeEntryImpl.<init> (0x000074dd1f67b908) [0x000074dd1f67ba00, 0x000074dd1f67bb50] Compiler: c1, Barriers: 0, Oops: 0, ImmediateOops: 0, NonImmediateOops: No
[1,229s][debug][gc,nmethod  ] Register NMethod: java.lang.invoke.LambdaForm.parameterType (0x000074dd1f67bc08) [0x000074dd1f67bd00, 0x000074dd1f67be80] Compiler: c1, Barriers: 1, Oops: 0, ImmediateOops: 0, NonImmediateOops: No
[1,230s][debug][gc,nmethod  ] Register NMethod: java.util.concurrent.ConcurrentHashMap.putVal (0x000074dd3ec2fe88) [0x000074dd3ec2ff80, 0x000074dd3ec31088] Compiler: jvmci, Barriers: 28, Oops: 0, ImmediateOops: 0, NonImmediateOops: No
[1,230s][debug][gc,nmethod  ] Register NMethod: java.lang.classfile.constantpool.ConstantPoolBuilder.nameAndTypeEntry (0x000074dd1f67bf08) [0x000074dd1f67c000, 0x000074dd1f67c720] Compiler: c1, Barriers: 0, Oops: 0, ImmediateOops: 0, NonImmediateOops: No
[1,230s][debug][gc,nmethod  ] Register NMethod: jdk.internal.classfile.impl.SplitConstantPool.methodRefEntry (0x000074dd1f67c788) [0x000074dd1f67c880, 0x000074dd1f67f1d8] Compiler: c1, Barriers: 6, Oops: 0, ImmediateOops: 0, NonImmediateOops: No
[1,230s][debug][gc,nmethod  ] Register NMethod: java.util.ArrayList.grow (0x000074dd1f67f208) [0x000074dd1f67f300, 0x000074dd1f67fb50] Compiler: c1, Barriers: 9, Oops: 0, ImmediateOops: 1, NonImmediateOops: No
[1,230s][debug][gc,nmethod  ] Register NMethod: java.lang.AbstractStringBuilder.needsNewBuffer (0x000074dd1f67fb88) [0x000074dd1f67fc80, 0x000074dd1f67fe20] Compiler: c1, Barriers: 0, Oops: 0, ImmediateOops: 0, NonImmediateOops: No
[1,231s][debug][gc,director ] Rule Major: Warmup 10%, Used: 66MB, UsedThreshold: 1228MB
[1,231s][debug][gc,nmethod  ] Register NMethod: java.lang.invoke.InvokerBytecodeGenerator.emitImplicitConversion (0x000074dd1f67fe88) [0x000074dd1f67ff80, 0x000074dd1f6823b0] Compiler: c1, Barriers: 3, Oops: 2, ImmediateOops: 10, NonImmediateOops: No
[1,231s][debug][gc,nmethod  ] Register NMethod: sun.util.locale.BaseLocale.hashCode (0x000074dd3ec31108) [0x000074dd3ec31200, 0x000074dd3ec31a50] Compiler: jvmci, Barriers: 13, Oops: 0, ImmediateOops: 0, NonImmediateOops: No
[1,232s][debug][gc,nmethod  ] Register NMethod: worker.org.gradle.internal.classloader.FilteringClassLoader.classAllowed (0x000074dd1f682408) [0x000074dd1f682500, 0x000074dd1f683708] Compiler: c1, Barriers: 8, Oops: 3, ImmediateOops: 2, NonImmediateOops: No
[1,232s][debug][gc,nmethod  ] Register NMethod: java.lang.StringUTF16.getChar (0x000074dd3ec31a88) [0x000074dd3ec31b80, 0x000074dd3ec31c68] Compiler: jvmci, Barriers: 0, Oops: 0, ImmediateOops: 0, NonImmediateOops: No
[1,232s][debug][gc,nmethod  ] Register NMethod: jdk.internal.jimage.ImageHeader.getTableLength (0x000074dd3ec31d88) [0x000074dd3ec31e80, 0x000074dd3ec31f40] Compiler: c1, Barriers: 0, Oops: 0, ImmediateOops: 0, NonImmediateOops: No
[1,232s][debug][gc,nmethod  ] Register NMethod: java.nio.DirectIntBufferU.ix (0x000074dd1f683788) [0x000074dd1f683880, 0x000074dd1f683990] Compiler: c1, Barriers: 0, Oops: 0, ImmediateOops: 0, NonImmediateOops: No
[1,232s][debug][gc,nmethod  ] Register NMethod: jdk.internal.misc.ScopedMemoryAccess.getInt (0x000074dd1f683a88) [0x000074dd1f683b80, 0x000074dd1f683e90] Compiler: c1, Barriers: 0, Oops: 0, ImmediateOops: 0, NonImmediateOops: No
[1,232s][debug][gc,nmethod  ] Register NMethod: java.util.concurrent.ConcurrentHashMap$Traverser.advance (0x000074dd1f683f08) [0x000074dd1f684000, 0x000074dd1f6850f8] Compiler: c1, Barriers: 15, Oops: 0, ImmediateOops: 0, NonImmediateOops: No
[1,232s][debug][gc,nmethod  ] Register NMethod: jdk.internal.misc.ScopedMemoryAccess.getIntInternal (0x000074dd1f685108) [0x000074dd1f685200, 0x000074dd1f685450] Compiler: c1, Barriers: 0, Oops: 0, ImmediateOops: 0, NonImmediateOops: No
[1,232s][debug][gc,nmethod  ] Register NMethod: java.util.concurrent.ConcurrentHashMap$BaseIterator.hasNext (0x000074dd1f685488) [0x000074dd1f685580, 0x000074dd1f685700] Compiler: c1, Barriers: 1, Oops: 0, ImmediateOops: 0, NonImmediateOops: No
[1,233s][debug][gc,nmethod  ] Register NMethod: java.nio.DirectIntBufferU.get (0x000074dd1f685788) [0x000074dd1f685880, 0x000074dd1f686670] Compiler: c1, Barriers: 1, Oops: 2, ImmediateOops: 2, NonImmediateOops: No
[1,233s][debug][gc,nmethod  ] Register NMethod: sun.util.locale.LocaleUtils.toLower (0x000074dd3ec32088) [0x000074dd3ec32180, 0x000074dd3ec321f8] Compiler: jvmci, Barriers: 0, Oops: 0, ImmediateOops: 0, NonImmediateOops: No
[1,233s][debug][gc,nmethod  ] Register NMethod: jdk.internal.loader.URLClassPath$JarLoader.findResource (0x000074dd1f686688) [0x000074dd1f686780, 0x000074dd1f686988] Compiler: c1, Barriers: 1, Oops: 0, ImmediateOops: 0, NonImmediateOops: No
[1,234s][debug][gc,nmethod  ] Register NMethod: java.util.concurrent.ConcurrentHashMap$ValueIterator.next (0x000074dd1f686a08) [0x000074dd1f686b00, 0x000074dd1f686fe0] Compiler: c1, Barriers: 5, Oops: 0, ImmediateOops: 0, NonImmediateOops: No
[1,235s][debug][gc,nmethod  ] Register NMethod: java.util.HashMap.put (0x000074dd3ec32388) [0x000074dd3ec324a0, 0x000074dd3ec33ca8] Compiler: jvmci, Barriers: 59, Oops: 0, ImmediateOops: 0, NonImmediateOops: No
[1,236s][debug][gc,nmethod  ] Register NMethod: java.lang.String.charAt (0x000074dd3ec33d08) [0x000074dd3ec33e00, 0x000074dd3ec33f60] Compiler: jvmci, Barriers: 1, Oops: 0, ImmediateOops: 0, NonImmediateOops: No
[1,237s][debug][gc,nmethod  ] Register NMethod: java.lang.ClassLoader.definePackage (0x000074dd1f687008) [0x000074dd1f687100, 0x000074dd1f689558] Compiler: c1, Barriers: 10, Oops: 2, ImmediateOops: 5, NonImmediateOops: No
[1,238s][debug][gc,nmethod  ] Register NMethod: jdk.internal.reflect.Reflection.getCallerClass (0x000074dd3ec34008) [0x000074dd3ec34100, 0x000074dd3ec34428] Compiler: , Barriers: 0, Oops: 0, ImmediateOops: 1, NonImmediateOops: No
[1,238s][debug][gc,nmethod  ] Register NMethod: java.lang.invoke.MethodHandles$Lookup.isClassAccessible (0x000074dd1f689588) [0x000074dd1f689680, 0x000074dd1f689fa8] Compiler: c1, Barriers: 3, Oops: 0, ImmediateOops: 0, NonImmediateOops: No
[1,239s][debug][gc,nmethod  ] Register NMethod: java.lang.invoke.MemberName.ensureTypeVisible (0x000074dd1f68a008) [0x000074dd1f68a100, 0x000074dd1f68e9a0] Compiler: c1, Barriers: 10, Oops: 3, ImmediateOops: 10, NonImmediateOops: No
[1,241s][debug][gc,director ] Rule Major: Warmup 10%, Used: 66MB, UsedThreshold: 1228MB
[1,241s][debug][gc,nmethod  ] Register NMethod: java.util.zip.ZipCoder.hash (0x000074dd3ec34488) [0x000074dd3ec34580, 0x000074dd3ec347f0] Compiler: jvmci, Barriers: 1, Oops: 0, ImmediateOops: 0, NonImmediateOops: No
[1,242s][debug][gc,nmethod  ] Register NMethod: java.lang.invoke.MethodHandle.linkToStatic (0x000074dd3ec34808) [0x000074dd3ec34900, 0x000074dd3ec349f0] Compiler: , Barriers: 0, Oops: 0, ImmediateOops: 0, NonImmediateOops: No
[1,242s][debug][gc,nmethod  ] Register NMethod: java.lang.invoke.MethodType.changeReturnType (0x000074dd1f68ea08) [0x000074dd1f68eb00, 0x000074dd1f68eed0] Compiler: c1, Barriers: 2, Oops: 0, ImmediateOops: 0, NonImmediateOops: No
[1,242s][debug][gc,nmethod  ] Register NMethod: java.util.zip.CRC32.<init> (0x000074dd1f68ef08) [0x000074dd1f68f000, 0x000074dd1f68f158] Compiler: c1, Barriers: 0, Oops: 0, ImmediateOops: 0, NonImmediateOops: No
[1,243s][debug][gc,nmethod  ] Register NMethod: jdk.internal.loader.URLClassPath$JarLoader$1.getBytes (0x000074dd1f68f208) [0x000074dd1f68f300, 0x000074dd1f68ff40] Compiler: c1, Barriers: 4, Oops: 0, ImmediateOops: 1, NonImmediateOops: No
[1,243s][debug][gc,nmethod  ] Register NMethod: java.util.concurrent.ConcurrentHashMap.addCount (0x000074dd3ec34b08) [0x000074dd3ec34c00, 0x000074dd3ec360e0] Compiler: jvmci, Barriers: 56, Oops: 0, ImmediateOops: 0, NonImmediateOops: No
[1,243s][debug][gc,nmethod  ] Register NMethod: jdk.internal.loader.URLClassPath$JarLoader.ensureOpen (0x000074dd3ec36108) [0x000074dd3ec36200, 0x000074dd3ec363b8] Compiler: jvmci, Barriers: 5, Oops: 0, ImmediateOops: 0, NonImmediateOops: No
[1,243s][debug][gc,nmethod  ] Register NMethod: java.util.concurrent.ConcurrentHashMap.get (0x000074dd3ec36408) [0x000074dd3ec36500, 0x000074dd3ec374a8] Compiler: jvmci, Barriers: 20, Oops: 0, ImmediateOops: 0, NonImmediateOops: No
[1,244s][debug][gc,nmethod  ] Register NMethod: java.lang.String.valueOf (0x000074dd1f68ff88) [0x000074dd1f690080, 0x000074dd1f6903b8] Compiler: c1, Barriers: 0, Oops: 0, ImmediateOops: 1, NonImmediateOops: No
[1,244s][debug][gc,nmethod  ] Register NMethod: java.util.zip.ZipFile.ensureOpen (0x000074dd3ec37508) [0x000074dd3ec37600, 0x000074dd3ec37760] Compiler: jvmci, Barriers: 2, Oops: 0, ImmediateOops: 0, NonImmediateOops: No
[1,244s][debug][gc,nmethod  ] Register NMethod: java.lang.classfile.TypeKind.slotSize (0x000074dd3ec37808) [0x000074dd3ec37900, 0x000074dd3ec379c0] Compiler: c1, Barriers: 0, Oops: 0, ImmediateOops: 0, NonImmediateOops: No
[1,244s][debug][gc,nmethod  ] Register NMethod: jdk.internal.classfile.impl.DirectCodeBuilder.setLabelTarget (0x000074dd1f690408) [0x000074dd1f690500, 0x000074dd1f690f38] Compiler: c1, Barriers: 1, Oops: 0, ImmediateOops: 1, NonImmediateOops: No
[1,244s][debug][gc,nmethod  ] Register NMethod: jdk.internal.classfile.impl.StackMapDecoder$StackMapFrameImpl.target (0x000074dd3ec37b08) [0x000074dd3ec37c00, 0x000074dd3ec37ce8] Compiler: c1, Barriers: 1, Oops: 0, ImmediateOops: 0, NonImmediateOops: No
[1,244s][debug][gc,nmethod  ] Register NMethod: jdk.internal.classfile.impl.StackMapDecoder$StackMapFrameImpl.locals (0x000074dd3ec37e08) [0x000074dd3ec37f00, 0x000074dd3ec37fe8] Compiler: c1, Barriers: 1, Oops: 0, ImmediateOops: 0, NonImmediateOops: No
[1,244s][debug][gc,nmethod  ] Register NMethod: jdk.internal.classfile.impl.AbstractPseudoInstruction$ExceptionCatchImpl.catchTypeEntry (0x000074dd3ec38108) [0x000074dd3ec38200, 0x000074dd3ec382e8] Compiler: c1, Barriers: 1, Oops: 0, ImmediateOops: 0, NonImmediateOops: No
[1,245s][debug][gc,nmethod  ] Register NMethod: java.util.jar.JarFile.checkForSpecialAttributes (0x000074dd3ec38408) [0x000074dd3ec38500, 0x000074dd3ec38e58] Compiler: jvmci, Barriers: 7, Oops: 2, ImmediateOops: 8, NonImmediateOops: No
[1,246s][debug][gc,nmethod  ] Register NMethod: java.lang.ClassLoader.compareCerts (0x000074dd1f690f88) [0x000074dd1f691080, 0x000074dd1f691bc0] Compiler: c1, Barriers: 4, Oops: 0, ImmediateOops: 0, NonImmediateOops: No
[1,246s][debug][gc,nmethod  ] Register NMethod: jdk.internal.loader.AbstractClassLoaderValue$Sub.parent (0x000074dd3ec38e88) [0x000074dd3ec38f80, 0x000074dd3ec39068] Compiler: c1, Barriers: 1, Oops: 0, ImmediateOops: 0, NonImmediateOops: No
[1,246s][debug][gc,nmethod  ] Register NMethod: java.lang.invoke.DirectMethodHandle.internalMemberName (0x000074dd1f691c08) [0x000074dd1f691d00, 0x000074dd1f692020] Compiler: c1, Barriers: 1, Oops: 0, ImmediateOops: 0, NonImmediateOops: No
[1,247s][debug][gc,nmethod  ] Register NMethod: java.lang.reflect.Method.getRoot (0x000074dd3ec39188) [0x000074dd3ec39280, 0x000074dd3ec39368] Compiler: c1, Barriers: 1, Oops: 0, ImmediateOops: 0, NonImmediateOops: No
[1,248s][debug][gc,nmethod  ] Register NMethod: java.lang.invoke.MemberName.getInvocationType (0x000074dd1f692088) [0x000074dd1f692180, 0x000074dd1f693780] Compiler: c1, Barriers: 7, Oops: 0, ImmediateOops: 0, NonImmediateOops: No
[1,248s][debug][gc,nmethod  ] Register NMethod: java.lang.invoke.MethodHandle.linkToSpecial (0x000074dd3ec39488) [0x000074dd3ec39580, 0x000074dd3ec39678] Compiler: , Barriers: 0, Oops: 0, ImmediateOops: 0, NonImmediateOops: No
[1,248s][debug][gc,nmethod  ] Register NMethod: java.net.URLClassLoader.isSealed (0x000074dd1f693788) [0x000074dd1f693880, 0x000074dd1f697330] Compiler: c1, Barriers: 10, Oops: 3, ImmediateOops: 15, NonImmediateOops: No
[1,248s][debug][gc,nmethod  ] Register NMethod: java.lang.invoke.MethodHandle.linkToSpecial (0x000074dd3ec39788) [0x000074dd3ec39880, 0x000074dd3ec39978] Compiler: , Barriers: 0, Oops: 0, ImmediateOops: 0, NonImmediateOops: No
[1,248s][debug][gc,nmethod  ] Register NMethod: sun.invoke.util.Wrapper.stackSlots (0x000074dd1f697388) [0x000074dd1f697480, 0x000074dd1f697588] Compiler: c1, Barriers: 0, Oops: 0, ImmediateOops: 0, NonImmediateOops: No
[1,249s][debug][gc,nmethod  ] Register NMethod: java.lang.invoke.LambdaForm$BasicType.basicTypeSlots (0x000074dd1f697688) [0x000074dd1f697780, 0x000074dd1f697ad8] Compiler: c1, Barriers: 1, Oops: 0, ImmediateOops: 0, NonImmediateOops: No
[1,249s][debug][gc,nmethod  ] Register NMethod: jdk.internal.classfile.impl.BufWriterImpl.writeU1U1 (0x000074dd1f697b08) [0x000074dd1f697c00, 0x000074dd1f698070] Compiler: c1, Barriers: 2, Oops: 0, ImmediateOops: 0, NonImmediateOops: No
[1,249s][debug][gc,nmethod  ] Register NMethod: java.lang.invoke.InvokerBytecodeGenerator.emitPushArgument (0x000074dd1f698088) [0x000074dd1f698180, 0x000074dd1f69ad48] Compiler: c1, Barriers: 6, Oops: 1, ImmediateOops: 5, NonImmediateOops: No
[1,249s][debug][gc,nmethod  ] Register NMethod: java.lang.invoke.MethodHandle.linkToStatic (0x000074dd3ec39a88) [0x000074dd3ec39b80, 0x000074dd3ec39c78] Compiler: , Barriers: 0, Oops: 0, ImmediateOops: 0, NonImmediateOops: No
[1,249s][debug][gc,nmethod  ] Register NMethod: jdk.internal.constant.MethodTypeDescImpl.parameterCount (0x000074dd3ec39d88) [0x000074dd3ec39e80, 0x000074dd3ec39f60] Compiler: jvmci, Barriers: 1, Oops: 0, ImmediateOops: 0, NonImmediateOops: No
[1,250s][debug][gc,nmethod  ] Register NMethod: java.lang.invoke.MethodHandles$Lookup.checkSymbolicClass (0x000074dd1f69ad88) [0x000074dd1f69ae80, 0x000074dd1f69b468] Compiler: c1, Barriers: 0, Oops: 0, ImmediateOops: 1, NonImmediateOops: No
[1,250s][debug][gc,nmethod  ] Register NMethod: java.lang.invoke.MethodHandle.invokeBasic (0x000074dd3ec3a088) [0x000074dd3ec3a180, 0x000074dd3ec3a418] Compiler: , Barriers: 0, Oops: 0, ImmediateOops: 0, NonImmediateOops: No
[1,250s][debug][gc,nmethod  ] Register NMethod: java.lang.invoke.LambdaForm$Name.isParam (0x000074dd1f69b488) [0x000074dd1f69b580, 0x000074dd1f69b700] Compiler: c1, Barriers: 1, Oops: 0, ImmediateOops: 0, NonImmediateOops: No
[1,250s][debug][gc,nmethod  ] Register NMethod: java.lang.invoke.DirectMethodHandle.<init> (0x000074dd1f69b788) [0x000074dd1f69b880, 0x000074dd1f69dd10] Compiler: c1, Barriers: 9, Oops: 2, ImmediateOops: 2, NonImmediateOops: No
[1,250s][debug][gc,nmethod  ] Register NMethod: java.lang.classfile.constantpool.ConstantPoolBuilder.methodRefEntry (0x000074dd1f69dd88) [0x000074dd1f69de80, 0x000074dd1f69e5b0] Compiler: c1, Barriers: 0, Oops: 0, ImmediateOops: 0, NonImmediateOops: No
[1,250s][debug][gc,nmethod  ] Register NMethod: jdk.internal.classfile.impl.StackMapGenerator$Frame.getLocalRawInternal (0x000074dd1f69e608) [0x000074dd1f69e700, 0x000074dd1f69ea98] Compiler: c1, Barriers: 2, Oops: 0, ImmediateOops: 0, NonImmediateOops: No
[1,250s][debug][gc,nmethod  ] Register NMethod: jdk.internal.constant.MethodTypeDescImpl.buildDescriptorString (0x000074dd1f69eb08) [0x000074dd1f69ec00, 0x000074dd1f6a58a0] Compiler: c1, Barriers: 18, Oops: 3, ImmediateOops: 27, NonImmediateOops: No
[1,250s][debug][gc,nmethod  ] Register NMethod: java.lang.classfile.constantpool.MemberRefEntry.type (0x000074dd1f6a5908) [0x000074dd1f6a5a00, 0x000074dd1f6a6460] Compiler: c1, Barriers: 2, Oops: 0, ImmediateOops: 0, NonImmediateOops: No
[1,250s][debug][gc,nmethod  ] Register NMethod: java.lang.invoke.LambdaForm$Name.<init> (0x000074dd1f6a6488) [0x000074dd1f6a6580, 0x000074dd1f6a7548] Compiler: c1, Barriers: 8, Oops: 0, ImmediateOops: 1, NonImmediateOops: No
[1,251s][debug][gc,nmethod  ] Register NMethod: java.lang.invoke.LambdaForm.useCount (0x000074dd1f6a7588) [0x000074dd1f6a7680, 0x000074dd1f6a7b28] Compiler: c1, Barriers: 4, Oops: 0, ImmediateOops: 0, NonImmediateOops: No
[1,251s][debug][gc,director ] Rule Major: Warmup 10%, Used: 66MB, UsedThreshold: 1228MB
[1,251s][debug][gc,nmethod  ] Register NMethod: jdk.internal.classfile.impl.SplitConstantPool.entryByIndex (0x000074dd3ec3a488) [0x000074dd3ec3a580, 0x000074dd3ec3a740] Compiler: jvmci, Barriers: 2, Oops: 0, ImmediateOops: 0, NonImmediateOops: No
[1,252s][debug][gc,nmethod  ] Register NMethod: java.util.List.copyOf (0x000074dd1f6a7b88) [0x000074dd1f6a7c80, 0x000074dd1f6a7d90] Compiler: c1, Barriers: 0, Oops: 0, ImmediateOops: 0, NonImmediateOops: No
[1,252s][debug][gc,nmethod  ] Register NMethod: jdk.internal.classfile.impl.AbstractPoolEntry$Utf8EntryImpl.clone (0x000074dd1f6a7e88) [0x000074dd1f6a7f80, 0x000074dd1f6a8278] Compiler: c1, Barriers: 0, Oops: 0, ImmediateOops: 0, NonImmediateOops: No
[1,252s][debug][gc,nmethod  ] Register NMethod: java.util.ImmutableCollections.listCopy (0x000074dd1f6a8288) [0x000074dd1f6a8380, 0x000074dd1f6a9238] Compiler: c1, Barriers: 0, Oops: 0, ImmediateOops: 1, NonImmediateOops: No
[1,252s][debug][gc,nmethod  ] Register NMethod: jdk.internal.classfile.impl.AbstractPoolEntry$Utf8EntryImpl.clone (0x000074dd1f6a9288) [0x000074dd1f6a9380, 0x000074dd1f6a9ee8] Compiler: c1, Barriers: 8, Oops: 0, ImmediateOops: 1, NonImmediateOops: No
[1,253s][debug][gc,nmethod  ] Register NMethod: java.lang.StringLatin1.getChar (0x000074dd1f6a9f08) [0x000074dd1f6aa000, 0x000074dd1f6aa110] Compiler: c1, Barriers: 0, Oops: 0, ImmediateOops: 0, NonImmediateOops: No
[1,254s][debug][gc,nmethod  ] Register NMethod: java.lang.Math.min (0x000074dd3ec3a788) [0x000074dd3ec3a880, 0x000074dd3ec3a8e8] Compiler: jvmci, Barriers: 0, Oops: 0, ImmediateOops: 0, NonImmediateOops: No
[1,255s][debug][gc,nmethod  ] Register NMethod: java.lang.reflect.Executable.<init> (0x000074dd1f6aa208) [0x000074dd1f6aa300, 0x000074dd1f6aa4b8] Compiler: c1, Barriers: 0, Oops: 0, ImmediateOops: 0, NonImmediateOops: No
[1,255s][debug][gc,nmethod  ] Register NMethod: java.util.ImmutableCollections$List12.<init> (0x000074dd1f6aa508) [0x000074dd1f6aa600, 0x000074dd1f6aaab0] Compiler: c1, Barriers: 6, Oops: 0, ImmediateOops: 1, NonImmediateOops: No
[1,255s][debug][gc,nmethod  ] Register NMethod: jdk.internal.classfile.impl.SplitConstantPool.utf8Entry (0x000074dd1f6aab08) [0x000074dd1f6aac00, 0x000074dd1f6ab400] Compiler: c1, Barriers: 4, Oops: 0, ImmediateOops: 0, NonImmediateOops: No
[1,255s][debug][gc,nmethod  ] Register NMethod: java.lang.classfile.Opcode.sizeIfFixed (0x000074dd3ec3aa88) [0x000074dd3ec3ab80, 0x000074dd3ec3ac40] Compiler: c1, Barriers: 0, Oops: 0, ImmediateOops: 0, NonImmediateOops: No
[1,256s][debug][gc,nmethod  ] Register NMethod: jdk.internal.classfile.impl.Util.isDoubleSlot (0x000074dd1f6ab408) [0x000074dd1f6ab500, 0x000074dd1f6ab670] Compiler: c1, Barriers: 0, Oops: 0, ImmediateOops: 2, NonImmediateOops: No
[1,256s][debug][gc,nmethod  ] Register NMethod: java.util.BitSet.get (0x000074dd1f6ab708) [0x000074dd1f6ab800, 0x000074dd1f6ac6a8] Compiler: c1, Barriers: 1, Oops: 1, ImmediateOops: 2, NonImmediateOops: No
[1,256s][debug][gc,nmethod  ] Register NMethod: java.lang.PublicMethods$Key.matches (0x000074dd1f6ac708) [0x000074dd1f6ac800, 0x000074dd1f6acef0] Compiler: c1, Barriers: 2, Oops: 1, ImmediateOops: 2, NonImmediateOops: No
[1,258s][debug][gc,nmethod  ] Register NMethod: java.lang.ref.Reference.<init> (0x000074dd1f6acf08) [0x000074dd1f6ad000, 0x000074dd1f6ad2d8] Compiler: c1, Barriers: 6, Oops: 0, ImmediateOops: 1, NonImmediateOops: No
[1,260s][debug][gc,nmethod  ] Register NMethod: java.util.zip.ZipFile$Source.getEntryPos (0x000074dd3ec3ad88) [0x000074dd3ec3ae80, 0x000074dd3ec3b5f8] Compiler: jvmci, Barriers: 6, Oops: 0, ImmediateOops: 0, NonImmediateOops: No
[1,261s][debug][gc,director ] Rule Major: Warmup 10%, Used: 70MB, UsedThreshold: 1228MB
[1,262s][debug][gc,nmethod  ] Register NMethod: jdk.internal.loader.URLClassPath.getLoader (0x000074dd3ec3b608) [0x000074dd3ec3b700, 0x000074dd3ec3c3f8] Compiler: jvmci, Barriers: 12, Oops: 0, ImmediateOops: 0, NonImmediateOops: No
[1,262s][debug][gc,nmethod  ] Register NMethod: java.util.zip.ZipFile.getEntry (0x000074dd3ec3c408) [0x000074dd3ec3c500, 0x000074dd3ec3cf60] Compiler: jvmci, Barriers: 7, Oops: 0, ImmediateOops: 0, NonImmediateOops: No
[1,263s][debug][gc,nmethod  ] Register NMethod: jdk.internal.loader.NativeLibrary.findEntry0 (0x000074dd3ec3cf88) [0x000074dd3ec3d080, 0x000074dd3ec3d1f0] Compiler: , Barriers: 0, Oops: 0, ImmediateOops: 1, NonImmediateOops: No
[1,263s][debug][gc,nmethod  ] Register NMethod: java.lang.Class.forName0 (0x000074dd3ec3d288) [0x000074dd3ec3d380, 0x000074dd3ec3d6e0] Compiler: , Barriers: 0, Oops: 0, ImmediateOops: 1, NonImmediateOops: No
[1,263s][debug][gc,nmethod  ] Register NMethod: java.lang.invoke.MethodHandle.linkToInterface (0x000074dd3ec3d708) [0x000074dd3ec3d800, 0x000074dd3ec3d930] Compiler: , Barriers: 0, Oops: 0, ImmediateOops: 0, NonImmediateOops: No
[1,264s][debug][gc,nmethod  ] Register NMethod: java.lang.invoke.MethodHandle.invokeBasic (0x000074dd3ec3da08) [0x000074dd3ec3db00, 0x000074dd3ec3dd98] Compiler: , Barriers: 0, Oops: 0, ImmediateOops: 0, NonImmediateOops: No
[1,264s][debug][gc,nmethod  ] Register NMethod: java.lang.invoke.DirectMethodHandle.internalMemberName (0x000074dd3ec3de08) [0x000074dd3ec3df00, 0x000074dd3ec3dfe8] Compiler: c1, Barriers: 1, Oops: 0, ImmediateOops: 0, NonImmediateOops: No
[1,264s][debug][gc,nmethod  ] Register NMethod: java.lang.ref.SoftReference.<init> (0x000074dd1f6ad308) [0x000074dd1f6ad400, 0x000074dd1f6ad748] Compiler: c1, Barriers: 6, Oops: 0, ImmediateOops: 2, NonImmediateOops: No
[1,264s][debug][gc,nmethod  ] Register NMethod: jdk.internal.classfile.impl.AnnotationImpl.elements (0x000074dd3ec3e108) [0x000074dd3ec3e200, 0x000074dd3ec3e2e8] Compiler: c1, Barriers: 1, Oops: 0, ImmediateOops: 0, NonImmediateOops: No
[1,264s][debug][gc,nmethod  ] Register NMethod: jdk.internal.classfile.impl.AnnotationImpl.className (0x000074dd3ec3e408) [0x000074dd3ec3e500, 0x000074dd3ec3e5e8] Compiler: c1, Barriers: 1, Oops: 0, ImmediateOops: 0, NonImmediateOops: No
[1,265s][debug][gc,nmethod  ] Register NMethod: jdk.internal.classfile.impl.AbstractPoolEntry$Utf8EntryImpl.fieldTypeSymbol (0x000074dd1f6ad788) [0x000074dd1f6ad880, 0x000074dd1f6ae878] Compiler: c1, Barriers: 5, Oops: 0, ImmediateOops: 0, NonImmediateOops: No
[1,265s][debug][gc,nmethod  ] Register NMethod: jdk.internal.classfile.impl.StackMapGenerator$Type.equals (0x000074dd1f6ae888) [0x000074dd1f6ae980, 0x000074dd1f6af2d0] Compiler: c1, Barriers: 2, Oops: 0, ImmediateOops: 0, NonImmediateOops: No
[1,265s][debug][gc,nmethod  ] Register NMethod: java.lang.invoke.MethodHandle.isBuiltinLoader (0x000074dd1f6af308) [0x000074dd1f6af400, 0x000074dd1f6af650] Compiler: c1, Barriers: 0, Oops: 0, ImmediateOops: 2, NonImmediateOops: No
[1,265s][debug][gc,nmethod  ] Register NMethod: jdk.internal.classfile.impl.SplitConstantPool.writeTo (0x000074dd1f6af688) [0x000074dd1f6af780, 0x000074dd1f6b1f60] Compiler: c1, Barriers: 10, Oops: 1, ImmediateOops: 2, NonImmediateOops: No
[1,265s][debug][gc,nmethod  ] Register NMethod: java.lang.Character.charCount (0x000074dd1f6b1f88) [0x000074dd1f6b2080, 0x000074dd1f6b21d0] Compiler: c1, Barriers: 0, Oops: 0, ImmediateOops: 0, NonImmediateOops: No
[1,266s][debug][gc,nmethod  ] Register NMethod: java.lang.Character$Subset.<init> (0x000074dd1f6b2288) [0x000074dd1f6b2380, 0x000074dd1f6b2648] Compiler: c1, Barriers: 3, Oops: 0, ImmediateOops: 1, NonImmediateOops: No
[1,267s][debug][gc,nmethod  ] Register NMethod: java.lang.Character$UnicodeBlock.<init> (0x000074dd1f6b2688) [0x000074dd1f6b2780, 0x000074dd1f6b2d30] Compiler: c1, Barriers: 4, Oops: 0, ImmediateOops: 1, NonImmediateOops: No
[1,267s][debug][gc,nmethod  ] Register NMethod: java.lang.invoke.MethodHandle.linkToStatic (0x000074dd3ec3e708) [0x000074dd3ec3e800, 0x000074dd3ec3e8f0] Compiler: , Barriers: 0, Oops: 0, ImmediateOops: 0, NonImmediateOops: No
[1,267s][debug][gc,nmethod  ] Register NMethod: sun.net.util.IPAddressUtil.scan (0x000074dd1f6b2d88) [0x000074dd1f6b2e80, 0x000074dd1f6b3ed0] Compiler: c1, Barriers: 3, Oops: 1, ImmediateOops: 2, NonImmediateOops: No
[1,268s][debug][gc,nmethod  ] Register NMethod: jdk.internal.loader.URLClassPath$JarLoader.getResource (0x000074dd3ec3ea08) [0x000074dd3ec3eb00, 0x000074dd3ec40238] Compiler: jvmci, Barriers: 19, Oops: 2, ImmediateOops: 8, NonImmediateOops: No
[1,269s][debug][gc,nmethod  ] Register NMethod: jdk.internal.util.ArraysSupport.mismatch (0x000074dd3ec40288) [0x000074dd3ec40380, 0x000074dd3ec40610] Compiler: jvmci, Barriers: 0, Oops: 0, ImmediateOops: 0, NonImmediateOops: No
[1,269s][debug][gc,nmethod  ] Register NMethod: java.util.concurrent.ConcurrentHashMap.putVal (0x000074dd1f6b3f08) [0x000074dd1f6b4000, 0x000074dd1f6b6548] Compiler: c1, Barriers: 28, Oops: 0, ImmediateOops: 1, NonImmediateOops: No
[1,271s][debug][gc,nmethod  ] Register NMethod: jdk.internal.classfile.impl.DirectClassBuilder.withMethod (0x000074dd1f6b6588) [0x000074dd1f6b6680, 0x000074dd1f6b6ee0] Compiler: c1, Barriers: 2, Oops: 0, ImmediateOops: 0, NonImmediateOops: No
[1,271s][debug][gc,nmethod  ] Register NMethod: jdk.internal.classfile.impl.DirectMethodBuilder.<init> (0x000074dd1f6b6f08) [0x000074dd1f6b7000, 0x000074dd1f6b7ec8] Compiler: c1, Barriers: 21, Oops: 0, ImmediateOops: 1, NonImmediateOops: No
[1,271s][debug][gc,nmethod  ] Register NMethod: jdk.internal.classfile.impl.DirectMethodBuilder.run (0x000074dd1f6b7f08) [0x000074dd1f6b8000, 0x000074dd1f6b8318] Compiler: c1, Barriers: 0, Oops: 0, ImmediateOops: 0, NonImmediateOops: No
[1,271s][debug][gc,nmethod  ] Register NMethod: java.lang.classfile.ClassBuilder.withMethod (0x000074dd1f6b8388) [0x000074dd1f6b8480, 0x000074dd1f6b8f00] Compiler: c1, Barriers: 7, Oops: 0, ImmediateOops: 0, NonImmediateOops: No
[1,271s][debug][gc,nmethod  ] Register NMethod: jdk.internal.classfile.impl.DirectMethodBuilder.withCode (0x000074dd1f6b8f08) [0x000074dd1f6b9000, 0x000074dd1f6b9140] Compiler: c1, Barriers: 0, Oops: 0, ImmediateOops: 0, NonImmediateOops: No
[1,271s][debug][gc,nmethod  ] Register NMethod: jdk.internal.classfile.impl.DirectCodeBuilder.processDeferredLabels (0x000074dd1f6b9208) [0x000074dd1f6b9300, 0x000074dd1f6b9d10] Compiler: c1, Barriers: 5, Oops: 0, ImmediateOops: 0, NonImmediateOops: No
[1,271s][debug][gc,nmethod  ] Register NMethod: jdk.internal.classfile.impl.DirectMethodBuilder.withCode (0x000074dd1f6b9d88) [0x000074dd1f6b9e80, 0x000074dd1f6ba380] Compiler: c1, Barriers: 4, Oops: 0, ImmediateOops: 0, NonImmediateOops: No
[1,271s][debug][gc,nmethod  ] Register NMethod: jdk.internal.classfile.impl.ClassFileImpl.fixShortJumps (0x000074dd1f6ba388) [0x000074dd1f6ba480, 0x000074dd1f6ba6c0] Compiler: c1, Barriers: 2, Oops: 0, ImmediateOops: 0, NonImmediateOops: No
[1,271s][debug][gc,nmethod  ] Register NMethod: jdk.internal.classfile.impl.BufWriterImpl.<init> (0x000074dd1f6ba708) [0x000074dd1f6ba800, 0x000074dd1f6ba950] Compiler: c1, Barriers: 0, Oops: 0, ImmediateOops: 0, NonImmediateOops: No
[1,271s][debug][gc,director ] Rule Major: Warmup 10%, Used: 70MB, UsedThreshold: 1228MB
[1,271s][debug][gc,nmethod  ] Register NMethod: jdk.internal.classfile.impl.DirectCodeBuilder.build (0x000074dd1f6baa08) [0x000074dd1f6bab00, 0x000074dd1f6bb668] Compiler: c1, Barriers: 3, Oops: 0, ImmediateOops: 0, NonImmediateOops: No
[1,271s][debug][gc,nmethod  ] Register NMethod: jdk.internal.module.SystemModuleFinders$SystemImage.reader (0x000074dd1f6bb688) [0x000074dd1f6bb780, 0x000074dd1f6bb868] Compiler: c1, Barriers: 0, Oops: 0, ImmediateOops: 1, NonImmediateOops: No
[1,271s][debug][gc,nmethod  ] Register NMethod: jdk.internal.jimage.ImageStringsReader.hashCode (0x000074dd1f6bb988) [0x000074dd1f6bba80, 0x000074dd1f6bbbe0] Compiler: c1, Barriers: 0, Oops: 0, ImmediateOops: 0, NonImmediateOops: No
[1,271s][debug][gc,nmethod  ] Register NMethod: java.lang.String.startsWith (0x000074dd3ec40688) [0x000074dd3ec40780, 0x000074dd3ec40a98] Compiler: jvmci, Barriers: 2, Oops: 0, ImmediateOops: 0, NonImmediateOops: No
[1,271s][debug][gc,nmethod  ] Register NMethod: jdk.internal.classfile.impl.Util.maxLocals (0x000074dd1f6bbc88) [0x000074dd1f6bbd80, 0x000074dd1f6bbef0] Compiler: c1, Barriers: 0, Oops: 0, ImmediateOops: 0, NonImmediateOops: No
[1,271s][debug][gc,nmethod  ] Register NMethod: jdk.internal.jimage.ImageReader.requireOpen (0x000074dd1f6bbf88) [0x000074dd1f6bc080, 0x000074dd1f6bc288] Compiler: c1, Barriers: 0, Oops: 0, ImmediateOops: 1, NonImmediateOops: No
[1,271s][debug][gc,nmethod  ] Register NMethod: jdk.internal.classfile.impl.TerminalCodeBuilder.setupTopLocal (0x000074dd1f6bc308) [0x000074dd1f6bc400, 0x000074dd1f6be988] Compiler: c1, Barriers: 1, Oops: 1, ImmediateOops: 3, NonImmediateOops: No
[1,272s][debug][gc,nmethod  ] Register NMethod: jdk.internal.classfile.impl.DirectCodeBuilder.<init> (0x000074dd1f6bea08) [0x000074dd1f6beb00, 0x000074dd1f6c07b0] Compiler: c1, Barriers: 56, Oops: 0, ImmediateOops: 6, NonImmediateOops: No
[1,272s][debug][gc,nmethod  ] Register NMethod: jdk.internal.jimage.ImageStringsReader.hashCode (0x000074dd1f6c0808) [0x000074dd1f6c0900, 0x000074dd1f6c0ab0] Compiler: c1, Barriers: 0, Oops: 0, ImmediateOops: 0, NonImmediateOops: No
[1,272s][debug][gc,nmethod  ] Register NMethod: jdk.internal.jimage.BasicImageReader.getLocationIndex (0x000074dd1f6c0b08) [0x000074dd1f6c0c00, 0x000074dd1f6c13c8] Compiler: c1, Barriers: 2, Oops: 0, ImmediateOops: 0, NonImmediateOops: No
[1,272s][debug][gc,nmethod  ] Register NMethod: jdk.internal.jimage.ImageReader.verifyLocation (0x000074dd1f6c1408) [0x000074dd1f6c1500, 0x000074dd1f6c19b0] Compiler: c1, Barriers: 1, Oops: 0, ImmediateOops: 1, NonImmediateOops: No
[1,272s][debug][gc,nmethod  ] Register NMethod: jdk.internal.loader.BuiltinClassLoader.moduleReaderFor (0x000074dd1f6c1a08) [0x000074dd1f6c1b00, 0x000074dd1f6c2708] Compiler: c1, Barriers: 5, Oops: 0, ImmediateOops: 0, NonImmediateOops: No
[1,272s][debug][gc,nmethod  ] Register NMethod: jdk.internal.module.SystemModuleFinders$SystemModuleReader.containsImageLocation (0x000074dd1f6c2788) [0x000074dd1f6c2880, 0x000074dd1f6c3260] Compiler: c1, Barriers: 2, Oops: 1, ImmediateOops: 4, NonImmediateOops: No
[1,272s][debug][gc,nmethod  ] Register NMethod: jdk.internal.module.SystemModuleFinders$SystemModuleReader.find (0x000074dd1f6c3288) [0x000074dd1f6c3380, 0x000074dd1f6c49f0] Compiler: c1, Barriers: 5, Oops: 2, ImmediateOops: 4, NonImmediateOops: No
[1,272s][debug][gc,nmethod  ] Register NMethod: jdk.internal.jimage.BasicImageReader.verifyLocation (0x000074dd1f6c4a08) [0x000074dd1f6c4b00, 0x000074dd1f6c4f98] Compiler: c1, Barriers: 3, Oops: 0, ImmediateOops: 0, NonImmediateOops: No
[1,272s][debug][gc,nmethod  ] Register NMethod: java.lang.classfile.Attributes.code (0x000074dd1f6c5008) [0x000074dd1f6c5100, 0x000074dd1f6c51e8] Compiler: c1, Barriers: 0, Oops: 0, ImmediateOops: 1, NonImmediateOops: No
[1,272s][debug][gc,nmethod  ] Register NMethod: jdk.internal.classfile.impl.DirectCodeBuilder.setLabelTarget (0x000074dd1f6c5308) [0x000074dd1f6c5400, 0x000074dd1f6c5b18] Compiler: c1, Barriers: 1, Oops: 0, ImmediateOops: 0, NonImmediateOops: No
[1,272s][debug][gc,nmethod  ] Register NMethod: jdk.internal.classfile.impl.DirectCodeBuilder$4.<init> (0x000074dd1f6c5b88) [0x000074dd1f6c5c80, 0x000074dd1f6c6140] Compiler: c1, Barriers: 6, Oops: 0, ImmediateOops: 0, NonImmediateOops: No
[1,272s][debug][gc,nmethod  ] Register NMethod: jdk.internal.classfile.impl.ClassFileImpl.passDebugElements (0x000074dd1f6c6188) [0x000074dd1f6c6280, 0x000074dd1f6c64c0] Compiler: c1, Barriers: 2, Oops: 0, ImmediateOops: 0, NonImmediateOops: No
[1,272s][debug][gc,nmethod  ] Register NMethod: jdk.internal.classfile.impl.UnboundAttribute$AdHocAttribute.<init> (0x000074dd1f6c6508) [0x000074dd1f6c6600, 0x000074dd1f6c6890] Compiler: c1, Barriers: 3, Oops: 0, ImmediateOops: 0, NonImmediateOops: No
[1,272s][debug][gc,nmethod  ] Register NMethod: jdk.internal.classfile.impl.DirectClassBuilder.withMethod (0x000074dd1f6c6908) [0x000074dd1f6c6a00, 0x000074dd1f6c73b8] Compiler: c1, Barriers: 9, Oops: 0, ImmediateOops: 0, NonImmediateOops: No
[1,272s][debug][gc,nmethod  ] Register NMethod: jdk.internal.classfile.impl.ClassFileImpl.stackMapsWhenRequired (0x000074dd1f6c7408) [0x000074dd1f6c7500, 0x000074dd1f6c76b8] Compiler: c1, Barriers: 1, Oops: 0, ImmediateOops: 1, NonImmediateOops: No
[1,273s][debug][gc,nmethod  ] Register NMethod: jdk.internal.classfile.impl.DirectCodeBuilder.buildContent (0x000074dd1f6c7708) [0x000074dd1f6c7800, 0x000074dd1f6c9200] Compiler: c1, Barriers: 23, Oops: 1, ImmediateOops: 2, NonImmediateOops: No
[1,273s][debug][gc,nmethod  ] Register NMethod: jdk.internal.classfile.impl.BufWriterImpl.bytecodeView (0x000074dd1f6c9288) [0x000074dd1f6c9380, 0x000074dd1f6c9700] Compiler: c1, Barriers: 4, Oops: 0, ImmediateOops: 0, NonImmediateOops: No
[1,273s][debug][gc,nmethod  ] Register NMethod: jdk.internal.classfile.impl.UnboundAttribute$AdHocAttribute.writeTo (0x000074dd1f6c9708) [0x000074dd1f6c9800, 0x000074dd1f6cb240] Compiler: c1, Barriers: 5, Oops: 0, ImmediateOops: 0, NonImmediateOops: No
[1,273s][debug][gc,nmethod  ] Register NMethod: jdk.internal.classfile.impl.RawBytecodeHelper$CodeRange.<init> (0x000074dd1f6cb288) [0x000074dd1f6cb380, 0x000074dd1f6cb5b8] Compiler: c1, Barriers: 3, Oops: 0, ImmediateOops: 0, NonImmediateOops: No
[1,273s][debug][gc,nmethod  ] Register NMethod: jdk.internal.classfile.impl.EntryMap.firstToken (0x000074dd3ec40b08) [0x000074dd3ec40c00, 0x000074dd3ec40e20] Compiler: jvmci, Barriers: 1, Oops: 0, ImmediateOops: 0, NonImmediateOops: No
[1,273s][debug][gc,nmethod  ] Register NMethod: jdk.internal.classfile.impl.RawBytecodeHelper.of (0x000074dd1f6cb608) [0x000074dd1f6cb700, 0x000074dd1f6cb9c8] Compiler: c1, Barriers: 3, Oops: 0, ImmediateOops: 0, NonImmediateOops: No
[1,273s][debug][gc,nmethod  ] Register NMethod: java.io.File.exists (0x000074dd1f6cba08) [0x000074dd1f6cbb00, 0x000074dd1f6cbeb0] Compiler: c1, Barriers: 0, Oops: 0, ImmediateOops: 1, NonImmediateOops: No
[1,273s][debug][gc,nmethod  ] Register NMethod: jdk.internal.classfile.impl.BufWriterImpl.writeBytes (0x000074dd1f6cbf08) [0x000074dd1f6cc000, 0x000074dd1f6cc340] Compiler: c1, Barriers: 1, Oops: 0, ImmediateOops: 0, NonImmediateOops: No
[1,273s][debug][gc,nmethod  ] Register NMethod: java.lang.StringBuilder.<init> (0x000074dd1f6cc388) [0x000074dd1f6cc480, 0x000074dd1f6cc5b0] Compiler: c1, Barriers: 0, Oops: 0, ImmediateOops: 0, NonImmediateOops: No
[1,273s][debug][gc,nmethod  ] Register NMethod: jdk.internal.classfile.impl.DirectMethodBuilder.writeTo (0x000074dd1f6cc688) [0x000074dd1f6cc780, 0x000074dd1f6d0d90] Compiler: c1, Barriers: 5, Oops: 1, ImmediateOops: 6, NonImmediateOops: No
[1,273s][debug][gc,nmethod  ] Register NMethod: jdk.internal.classfile.impl.DirectCodeBuilder.writeExceptionHandlers (0x000074dd1f6d0e08) [0x000074dd1f6d0f00, 0x000074dd1f6d1a20] Compiler: c1, Barriers: 3, Oops: 0, ImmediateOops: 0, NonImmediateOops: No
[1,273s][debug][gc,nmethod  ] Register NMethod: java.lang.String.codePointAt (0x000074dd1f6d1a88) [0x000074dd1f6d1b80, 0x000074dd1f6d21d8] Compiler: c1, Barriers: 2, Oops: 1, ImmediateOops: 2, NonImmediateOops: No
[1,273s][debug][gc,nmethod  ] Register NMethod: java.util.zip.ZipFile.getManifestName (0x000074dd1f6d2208) [0x000074dd1f6d2300, 0x000074dd1f6d27c8] Compiler: c1, Barriers: 3, Oops: 0, ImmediateOops: 0, NonImmediateOops: No
[1,274s][debug][gc,nmethod  ] Register NMethod: jdk.internal.reflect.Reflection.getClassAccessFlags (0x000074dd3ec40e88) [0x000074dd3ec40f80, 0x000074dd3ec410e8] Compiler: , Barriers: 0, Oops: 0, ImmediateOops: 1, NonImmediateOops: No
[1,274s][debug][gc,nmethod  ] Register NMethod: jdk.internal.classfile.impl.DirectCodeBuilder$4.writeBody (0x000074dd1f6d2808) [0x000074dd1f6d2900, 0x000074dd1f6d68e8] Compiler: c1, Barriers: 31, Oops: 1, ImmediateOops: 6, NonImmediateOops: No
[1,274s][debug][gc,nmethod  ] Register NMethod: jdk.internal.misc.Unsafe.fullFence (0x000074dd3ec41188) [0x000074dd3ec41280, 0x000074dd3ec413c8] Compiler: , Barriers: 0, Oops: 0, ImmediateOops: 0, NonImmediateOops: No
[1,276s][debug][gc,nmethod  ] Register NMethod: java.lang.Package.isSealed (0x000074dd1f6d6908) [0x000074dd1f6d6a00, 0x000074dd1f6d7088] Compiler: c1, Barriers: 4, Oops: 0, ImmediateOops: 0, NonImmediateOops: No
[1,277s][debug][gc,nmethod  ] Register NMethod: java.lang.invoke.MethodHandle.linkToStatic (0x000074dd3ec41488) [0x000074dd3ec41580, 0x000074dd3ec41670] Compiler: , Barriers: 0, Oops: 0, ImmediateOops: 0, NonImmediateOops: No
[1,277s][debug][gc,nmethod  ] Register NMethod: java.lang.invoke.MethodHandleNatives.refKindIsField (0x000074dd1f6d7108) [0x000074dd1f6d7200, 0x000074dd1f6d7340] Compiler: c1, Barriers: 0, Oops: 0, ImmediateOops: 0, NonImmediateOops: No
[1,278s][debug][gc,nmethod  ] Register NMethod: java.util.logging.LogManager$LoggerContext.getOwner (0x000074dd3ec41788) [0x000074dd3ec41880, 0x000074dd3ec41968] Compiler: c1, Barriers: 1, Oops: 0, ImmediateOops: 0, NonImmediateOops: No
[1,278s][debug][gc,nmethod  ] Register NMethod: java.lang.AbstractStringBuilder.<init> (0x000074dd3ec41a88) [0x000074dd3ec41b80, 0x000074dd3ec41df0] Compiler: jvmci, Barriers: 3, Oops: 0, ImmediateOops: 0, NonImmediateOops: No
[1,278s][debug][gc,nmethod  ] Register NMethod: sun.net.www.ParseUtil.firstEncodeIndex (0x000074dd3ec41e08) [0x000074dd3ec41f00, 0x000074dd3ec424d8] Compiler: jvmci, Barriers: 1, Oops: 0, ImmediateOops: 0, NonImmediateOops: No
[1,278s][debug][gc,nmethod  ] Register NMethod: java.util.jar.JarFile.getVersionedEntry (0x000074dd1f6d7408) [0x000074dd1f6d7500, 0x000074dd1f6d9030] Compiler: c1, Barriers: 3, Oops: 3, ImmediateOops: 5, NonImmediateOops: No
[1,278s][debug][gc,nmethod  ] Register NMethod: java.util.jar.JarFile.getEntry (0x000074dd3ec42508) [0x000074dd3ec42600, 0x000074dd3ec43af0] Compiler: jvmci, Barriers: 14, Oops: 2, ImmediateOops: 8, NonImmediateOops: No
[1,278s][debug][gc,nmethod  ] Register NMethod: java.lang.invoke.MemberName.getReferenceKind (0x000074dd3ec43b08) [0x000074dd3ec43c00, 0x000074dd3ec43c90] Compiler: jvmci, Barriers: 0, Oops: 0, ImmediateOops: 0, NonImmediateOops: No
[1,279s][debug][gc,nmethod  ] Register NMethod: jdk.internal.jimage.ImageStringsReader.match (0x000074dd1f6d9088) [0x000074dd1f6d9180, 0x000074dd1f6d94b0] Compiler: c1, Barriers: 1, Oops: 0, ImmediateOops: 0, NonImmediateOops: No
[1,279s][debug][gc,nmethod  ] Register NMethod: jdk.internal.jimage.BasicImageReader.match (0x000074dd1f6d9508) [0x000074dd1f6d9600, 0x000074dd1f6d9a58] Compiler: c1, Barriers: 1, Oops: 0, ImmediateOops: 1, NonImmediateOops: No
[1,279s][debug][gc,nmethod  ] Register NMethod: java.lang.invoke.MemberName.isCallerSensitive (0x000074dd1f6d9a88) [0x000074dd1f6d9b80, 0x000074dd1f6d9d38] Compiler: c1, Barriers: 0, Oops: 0, ImmediateOops: 0, NonImmediateOops: No
[1,279s][debug][gc,nmethod  ] Register NMethod: jdk.internal.jimage.ImageStringsReader.stringFromByteBufferMatches (0x000074dd1f6d9d88) [0x000074dd1f6d9e80, 0x000074dd1f6dbd70] Compiler: c1, Barriers: 5, Oops: 1, ImmediateOops: 4, NonImmediateOops: No
[1,279s][debug][gc,nmethod  ] Register NMethod: jdk.internal.jimage.ImageLocation.verifyName (0x000074dd1f6dbd88) [0x000074dd1f6dbe80, 0x000074dd1f6de458] Compiler: c1, Barriers: 9, Oops: 1, ImmediateOops: 4, NonImmediateOops: No
[1,279s][debug][gc,nmethod  ] Register NMethod: java.lang.invoke.Invokers$Holder.linkToTargetMethod (0x000074dd1f6de488) [0x000074dd1f6de580, 0x000074dd1f6dea78] Compiler: c1, Barriers: 0, Oops: 0, ImmediateOops: 0, NonImmediateOops: No
[1,279s][debug][gc,nmethod  ] Register NMethod: java.util.Properties.getProperty (0x000074dd1f6dea88) [0x000074dd1f6deb80, 0x000074dd1f6df420] Compiler: c1, Barriers: 2, Oops: 0, ImmediateOops: 0, NonImmediateOops: No
[1,280s][debug][gc,nmethod  ] Register NMethod: sun.net.www.protocol.file.Handler.parseURL (0x000074dd1f6df488) [0x000074dd1f6df580, 0x000074dd1f6df8f0] Compiler: c1, Barriers: 0, Oops: 0, ImmediateOops: 0, NonImmediateOops: No
[1,280s][debug][gc,nmethod  ] Register NMethod: jdk.internal.misc.Unsafe.shouldBeInitialized0 (0x000074dd3ec43e08) [0x000074dd3ec43f00, 0x000074dd3ec44070] Compiler: , Barriers: 0, Oops: 0, ImmediateOops: 0, NonImmediateOops: No
[1,280s][debug][gc,nmethod  ] Register NMethod: java.lang.invoke.MethodHandle.linkToStatic (0x000074dd3ec44108) [0x000074dd3ec44200, 0x000074dd3ec442f0] Compiler: , Barriers: 0, Oops: 0, ImmediateOops: 0, NonImmediateOops: No
[1,281s][debug][gc,nmethod  ] Register NMethod: java.lang.String.indexOf (0x000074dd3ec44408) [0x000074dd3ec44500, 0x000074dd3ec44648] Compiler: jvmci, Barriers: 1, Oops: 0, ImmediateOops: 0, NonImmediateOops: No
[1,281s][debug][gc,nmethod  ] Register NMethod: jdk.internal.jimage.ImageStringsReader.unmaskedHashCode (0x000074dd3ec44708) [0x000074dd3ec44800, 0x000074dd3ec44cb0] Compiler: jvmci, Barriers: 1, Oops: 0, ImmediateOops: 0, NonImmediateOops: No
[1,281s][debug][gc,nmethod  ] Register NMethod: jdk.internal.jimage.ImageLocation.verify (0x000074dd1f6df908) [0x000074dd1f6dfa00, 0x000074dd1f6e1470] Compiler: c1, Barriers: 1, Oops: 1, ImmediateOops: 2, NonImmediateOops: No
[1,281s][debug][gc,director ] Rule Major: Warmup 10%, Used: 72MB, UsedThreshold: 1228MB
[1,281s][debug][gc,nmethod  ] Register NMethod: java.nio.DirectByteBuffer.get (0x000074dd3ec44d08) [0x000074dd3ec44e00, 0x000074dd3ec44f28] Compiler: jvmci, Barriers: 1, Oops: 0, ImmediateOops: 0, NonImmediateOops: No
[1,282s][debug][gc,nmethod  ] Register NMethod: java.lang.invoke.BoundMethodHandle.<init> (0x000074dd1f6e1488) [0x000074dd1f6e1580, 0x000074dd1f6e16d8] Compiler: c1, Barriers: 0, Oops: 0, ImmediateOops: 0, NonImmediateOops: No
[1,282s][debug][gc,nmethod  ] Register NMethod: java.util.stream.AbstractPipeline.getStreamAndOpFlags (0x000074dd3ec45008) [0x000074dd3ec45100, 0x000074dd3ec451c0] Compiler: c1, Barriers: 0, Oops: 0, ImmediateOops: 0, NonImmediateOops: No
[1,283s][debug][gc,nmethod  ] Register NMethod: jdk.internal.loader.BuiltinClassLoader.hasClassPath (0x000074dd1f6e1788) [0x000074dd1f6e1880, 0x000074dd1f6e1a08] Compiler: c1, Barriers: 1, Oops: 0, ImmediateOops: 0, NonImmediateOops: No
[1,283s][debug][gc,nmethod  ] Register NMethod: java.nio.Buffer.position (0x000074dd3ec45308) [0x000074dd3ec45400, 0x000074dd3ec454c0] Compiler: c1, Barriers: 0, Oops: 0, ImmediateOops: 0, NonImmediateOops: No
[1,283s][debug][gc,nmethod  ] Register NMethod: java.lang.Character.isJavaIdentifierPart (0x000074dd1f6e1a88) [0x000074dd1f6e1b80, 0x000074dd1f6e1eb0] Compiler: c1, Barriers: 0, Oops: 0, ImmediateOops: 0, NonImmediateOops: No
[1,283s][debug][gc,nmethod  ] Register NMethod: java.lang.CharacterDataLatin1.isJavaIdentifierPart (0x000074dd1f6e1f08) [0x000074dd1f6e2000, 0x000074dd1f6e2398] Compiler: c1, Barriers: 0, Oops: 0, ImmediateOops: 1, NonImmediateOops: No
[1,283s][debug][gc,nmethod  ] Register NMethod: jdk.internal.classfile.impl.StackMapGenerator.processInvokeInstructions (0x000074dd1f6e2408) [0x000074dd1f6e2500, 0x000074dd1f6e8fd0] Compiler: c1, Barriers: 19, Oops: 5, ImmediateOops: 17, NonImmediateOops: No
[1,283s][debug][gc,nmethod  ] Register NMethod: java.lang.invoke.InfoFromMemberName.getReferenceKind (0x000074dd3ec45608) [0x000074dd3ec45700, 0x000074dd3ec457c0] Compiler: c1, Barriers: 0, Oops: 0, ImmediateOops: 0, NonImmediateOops: No
[1,283s][debug][gc,nmethod  ] Register NMethod: java.lang.classfile.ClassFile.latestMinorVersion (0x000074dd3ec45908) [0x000074dd3ec45a00, 0x000074dd3ec45aa0] Compiler: c1, Barriers: 0, Oops: 0, ImmediateOops: 0, NonImmediateOops: No
[1,283s][debug][gc,nmethod  ] Register NMethod: jdk.internal.classfile.impl.DirectClassBuilder.setFlags (0x000074dd3ec45c08) [0x000074dd3ec45d00, 0x000074dd3ec45dc0] Compiler: c1, Barriers: 0, Oops: 0, ImmediateOops: 0, NonImmediateOops: No
[1,283s][debug][gc,nmethod  ] Register NMethod: java.lang.classfile.ClassFile.latestMajorVersion (0x000074dd3ec45f08) [0x000074dd3ec46000, 0x000074dd3ec460a0] Compiler: c1, Barriers: 0, Oops: 0, ImmediateOops: 0, NonImmediateOops: No
[1,284s][debug][gc,nmethod  ] Register NMethod: jdk.internal.classfile.impl.AbstractPoolEntry$MethodRefEntryImpl.<init> (0x000074dd1f6e9008) [0x000074dd1f6e9100, 0x000074dd1f6e9250] Compiler: c1, Barriers: 0, Oops: 0, ImmediateOops: 0, NonImmediateOops: No
[1,284s][debug][gc,nmethod  ] Rebuilding NMethod Table: 2048->4096 entries, 1434(70%->35%) registered, 0(0%->0%) unregistered
[1,284s][debug][gc,nmethod  ] Register NMethod: jdk.internal.classfile.impl.StackMapGenerator$Frame.popStack (0x000074dd1f6e9308) [0x000074dd1f6e9400, 0x000074dd1f6e96f8] Compiler: c1, Barriers: 4, Oops: 1, ImmediateOops: 1, NonImmediateOops: No
[1,284s][debug][gc,nmethod  ] Register NMethod: jdk.internal.classfile.impl.BufWriterImpl.writeBytes (0x000074dd1f6e9708) [0x000074dd1f6e9800, 0x000074dd1f6e9cf0] Compiler: c1, Barriers: 2, Oops: 0, ImmediateOops: 0, NonImmediateOops: No
[1,284s][debug][gc,nmethod  ] Register NMethod: jdk.internal.classfile.impl.BufWriterImpl.copyTo (0x000074dd1f6e9d08) [0x000074dd1f6e9e00, 0x000074dd1f6ea1c0] Compiler: c1, Barriers: 1, Oops: 0, ImmediateOops: 0, NonImmediateOops: No
[1,284s][debug][gc,nmethod  ] Register NMethod: jdk.internal.classfile.impl.Util.writeList (0x000074dd1f6ea208) [0x000074dd1f6ea300, 0x000074dd1f6eac90] Compiler: c1, Barriers: 3, Oops: 0, ImmediateOops: 0, NonImmediateOops: No
[1,284s][debug][gc,nmethod  ] Register NMethod: sun.net.www.ParseUtil.firstEncodeIndex (0x000074dd3ec46208) [0x000074dd3ec46300, 0x000074dd3ec46760] Compiler: jvmci, Barriers: 1, Oops: 0, ImmediateOops: 0, NonImmediateOops: No
[1,284s][debug][gc,nmethod  ] Register NMethod: java.io.UnixFileSystem.trimSeparator (0x000074dd1f6ead08) [0x000074dd1f6eae00, 0x000074dd1f6ebdf0] Compiler: c1, Barriers: 1, Oops: 1, ImmediateOops: 2, NonImmediateOops: No
[1,284s][debug][gc,nmethod  ] Register NMethod: java.lang.invoke.MethodHandles$Lookup.<init> (0x000074dd1f6ebe08) [0x000074dd1f6ebf00, 0x000074dd1f6ec170] Compiler: c1, Barriers: 6, Oops: 0, ImmediateOops: 0, NonImmediateOops: No
[1,284s][debug][gc,nmethod  ] Register NMethod: java.io.UnixFileSystem.resolve (0x000074dd1f6ec188) [0x000074dd1f6ec280, 0x000074dd1f6ef710] Compiler: c1, Barriers: 1, Oops: 1, ImmediateOops: 7, NonImmediateOops: No
[1,284s][debug][gc,nmethod  ] Register NMethod: jdk.internal.classfile.impl.RawBytecodeHelper.next (0x000074dd3ec46788) [0x000074dd3ec46880, 0x000074dd3ec46aa8] Compiler: jvmci, Barriers: 2, Oops: 0, ImmediateOops: 1, NonImmediateOops: No
[1,285s][debug][gc,nmethod  ] Register NMethod: jdk.internal.classfile.impl.DirectCodeBuilder.checkcast (0x000074dd1f6ef788) [0x000074dd1f6ef880, 0x000074dd1f6effd0] Compiler: c1, Barriers: 1, Oops: 0, ImmediateOops: 0, NonImmediateOops: No
[1,285s][debug][gc,nmethod  ] Register NMethod: java.lang.classfile.CodeBuilder.checkcast (0x000074dd1f6f0008) [0x000074dd1f6f0100, 0x000074dd1f6f0a38] Compiler: c1, Barriers: 2, Oops: 0, ImmediateOops: 0, NonImmediateOops: No
[1,285s][debug][gc,nmethod  ] Register NMethod: java.util.HashMap.getOrDefault (0x000074dd1f6f0a88) [0x000074dd1f6f0b80, 0x000074dd1f6f0ef8] Compiler: c1, Barriers: 1, Oops: 0, ImmediateOops: 0, NonImmediateOops: No
[1,285s][debug][gc,nmethod  ] Register NMethod: java.io.File.<init> (0x000074dd1f6f0f08) [0x000074dd1f6f1000, 0x000074dd1f6f1ec8] Compiler: c1, Barriers: 15, Oops: 2, ImmediateOops: 6, NonImmediateOops: No
[1,285s][debug][gc,nmethod  ] Register NMethod: jdk.internal.loader.URLClassPath$FileLoader.getResource (0x000074dd1f6f1f08) [0x000074dd1f6f2000, 0x000074dd1f6f4218] Compiler: c1, Barriers: 9, Oops: 1, ImmediateOops: 2, NonImmediateOops: No
[1,285s][debug][gc,nmethod  ] Register NMethod: java.lang.invoke.DirectMethodHandle.preparedLambdaForm (0x000074dd1f6f4288) [0x000074dd1f6f4380, 0x000074dd1f6f5210] Compiler: c1, Barriers: 4, Oops: 0, ImmediateOops: 0, NonImmediateOops: No
[1,286s][debug][gc,nmethod  ] Register NMethod: sun.net.util.IPAddressUtil.checkAuth (0x000074dd1f6f5288) [0x000074dd1f6f5380, 0x000074dd1f6f68c8] Compiler: c1, Barriers: 2, Oops: 2, ImmediateOops: 4, NonImmediateOops: No
[1,286s][debug][gc,nmethod  ] Register NMethod: java.lang.invoke.MethodHandleImpl.isCompileConstant (0x000074dd3ec46b08) [0x000074dd3ec46c00, 0x000074dd3ec46ca0] Compiler: c1, Barriers: 0, Oops: 0, ImmediateOops: 0, NonImmediateOops: No
[1,286s][debug][gc,nmethod  ] Register NMethod: java.net.URLStreamHandler.parseURL (0x000074dd1f6f6908) [0x000074dd1f6f6a00, 0x000074dd1f715918] Compiler: c1, Barriers: 68, Oops: 8, ImmediateOops: 75, NonImmediateOops: No
[1,286s][debug][gc,nmethod  ] Register NMethod: jdk.internal.loader.URLClassPath$FileLoader.getResource (0x000074dd1f6f1f08) [0x000074dd1f6f2000, 0x000074dd1f6f4218] Compiler: c1, Barriers: 9, Oops: 1, ImmediateOops: 2, NonImmediateOops: No
[1,287s][debug][gc,nmethod  ] Register NMethod: java.util.BitSet.length (0x000074dd1f715988) [0x000074dd1f715a80, 0x000074dd1f715d58] Compiler: c1, Barriers: 1, Oops: 0, ImmediateOops: 0, NonImmediateOops: No
[1,288s][debug][gc,nmethod  ] Register NMethod: java.lang.String.startsWith (0x000074dd3ec46e08) [0x000074dd3ec46f00, 0x000074dd3ec471f8] Compiler: jvmci, Barriers: 2, Oops: 0, ImmediateOops: 0, NonImmediateOops: No
[1,288s][debug][gc,nmethod  ] Register NMethod: java.util.concurrent.locks.AbstractQueuedSynchronizer.getState (0x000074dd3ec47208) [0x000074dd3ec47300, 0x000074dd3ec473c0] Compiler: c1, Barriers: 0, Oops: 0, ImmediateOops: 0, NonImmediateOops: No
[1,289s][debug][gc,nmethod  ] Register NMethod: java.lang.ClassLoader.defineClass0 (0x000074dd3ec47508) [0x000074dd3ec47600, 0x000074dd3ec479b8] Compiler: , Barriers: 0, Oops: 0, ImmediateOops: 1, NonImmediateOops: No
[1,289s][debug][gc,nmethod  ] Register NMethod: jdk.internal.classfile.impl.ClassFileImpl.classHierarchyResolver (0x000074dd1f715d88) [0x000074dd1f715e80, 0x000074dd1f716280] Compiler: c1, Barriers: 1, Oops: 0, ImmediateOops: 1, NonImmediateOops: No
[1,290s][debug][gc,nmethod  ] Register NMethod: jdk.internal.classfile.impl.ClassHierarchyImpl.<init> (0x000074dd1f716288) [0x000074dd1f716380, 0x000074dd1f716af0] Compiler: c1, Barriers: 3, Oops: 0, ImmediateOops: 0, NonImmediateOops: No
[1,290s][debug][gc,nmethod  ] Register NMethod: jdk.internal.classfile.impl.StackMapGenerator.of (0x000074dd1f716b08) [0x000074dd1f716c00, 0x000074dd1f718170] Compiler: c1, Barriers: 14, Oops: 0, ImmediateOops: 0, NonImmediateOops: No
[1,290s][debug][gc,nmethod  ] Register NMethod: jdk.internal.classfile.impl.StackMapGenerator.<init> (0x000074dd1f718188) [0x000074dd1f718280, 0x000074dd1f71a070] Compiler: c1, Barriers: 42, Oops: 0, ImmediateOops: 2, NonImmediateOops: No
[1,290s][debug][gc,nmethod  ] Register NMethod: java.lang.invoke.DirectMethodHandle.preparedLambdaForm (0x000074dd1f71a088) [0x000074dd1f71a180, 0x000074dd1f71cbe8] Compiler: c1, Barriers: 10, Oops: 0, ImmediateOops: 0, NonImmediateOops: No
[1,290s][debug][gc,nmethod  ] Register NMethod: java.lang.classfile.ClassHierarchyResolver.cached (0x000074dd1f71cc08) [0x000074dd1f71cd00, 0x000074dd1f71d008] Compiler: c1, Barriers: 0, Oops: 0, ImmediateOops: 1, NonImmediateOops: No
[1,290s][debug][gc,nmethod  ] Register NMethod: java.lang.classfile.ClassHierarchyResolver$1Factory.get (0x000074dd1f71d088) [0x000074dd1f71d180, 0x000074dd1f71d610] Compiler: c1, Barriers: 0, Oops: 0, ImmediateOops: 0, NonImmediateOops: No
[1,290s][debug][gc,nmethod  ] Register NMethod: java.lang.classfile.ClassHierarchyResolver.cached (0x000074dd1f71d688) [0x000074dd1f71d780, 0x000074dd1f71dd50] Compiler: c1, Barriers: 0, Oops: 0, ImmediateOops: 0, NonImmediateOops: No
[1,290s][debug][gc,nmethod  ] Register NMethod: jdk.internal.classfile.impl.StackMapGenerator$Frame.setLocalsFromArg (0x000074dd1f71dd88) [0x000074dd1f71de80, 0x000074dd1f7203e0] Compiler: c1, Barriers: 24, Oops: 1, ImmediateOops: 13, NonImmediateOops: No
[1,290s][debug][gc,nmethod  ] Register NMethod: java.lang.classfile.ClassHierarchyResolver$1Factory.get (0x000074dd1f720408) [0x000074dd1f720500, 0x000074dd1f720780] Compiler: c1, Barriers: 0, Oops: 0, ImmediateOops: 0, NonImmediateOops: No
[1,290s][debug][gc,nmethod  ] Register NMethod: jdk.internal.classfile.impl.ClassFileImpl.patchDeadCode (0x000074dd1f720788) [0x000074dd1f720880, 0x000074dd1f720ac0] Compiler: c1, Barriers: 2, Oops: 0, ImmediateOops: 0, NonImmediateOops: No
[1,290s][debug][gc,nmethod  ] Register NMethod: jdk.internal.classfile.impl.ClassHierarchyImpl$CachedClassHierarchyResolver$1.<init> (0x000074dd1f720b08) [0x000074dd1f720c00, 0x000074dd1f720f28] Compiler: c1, Barriers: 3, Oops: 0, ImmediateOops: 0, NonImmediateOops: No
[1,290s][debug][gc,nmethod  ] Register NMethod: jdk.internal.classfile.impl.ClassHierarchyImpl$CachedClassHierarchyResolver.<init> (0x000074dd1f720f88) [0x000074dd1f721080, 0x000074dd1f7214b8] Compiler: c1, Barriers: 9, Oops: 0, ImmediateOops: 0, NonImmediateOops: No
[1,290s][debug][gc,nmethod  ] Register NMethod: jdk.internal.classfile.impl.ClassFileImpl.dropDeadLabels (0x000074dd1f721508) [0x000074dd1f721600, 0x000074dd1f721840] Compiler: c1, Barriers: 2, Oops: 0, ImmediateOops: 0, NonImmediateOops: No
[1,290s][debug][gc,nmethod  ] Register NMethod: jdk.internal.classfile.impl.StackMapGenerator$Frame.<init> (0x000074dd1f721888) [0x000074dd1f721980, 0x000074dd1f721ae8] Compiler: c1, Barriers: 0, Oops: 0, ImmediateOops: 0, NonImmediateOops: No
[1,290s][debug][gc,nmethod  ] Register NMethod: jdk.internal.classfile.impl.StackMapGenerator.processMethod (0x000074dd1f721b88) [0x000074dd1f721c80, 0x000074dd1f7241d8] Compiler: c1, Barriers: 15, Oops: 3, ImmediateOops: 4, NonImmediateOops: No
[1,290s][debug][gc,nmethod  ] Register NMethod: jdk.internal.classfile.impl.StackMapGenerator.detectFrames (0x000074dd1f724208) [0x000074dd1f724300, 0x000074dd1f727958] Compiler: c1, Barriers: 7, Oops: 1, ImmediateOops: 2, NonImmediateOops: No
[1,291s][debug][gc,nmethod  ] Register NMethod: jdk.internal.classfile.impl.StackMapGenerator.isAnyFrameDirty (0x000074dd1f727988) [0x000074dd1f727a80, 0x000074dd1f727d18] Compiler: c1, Barriers: 2, Oops: 0, ImmediateOops: 0, NonImmediateOops: No
[1,291s][debug][gc,nmethod  ] Register NMethod: java.util.stream.AbstractPipeline.isParallel (0x000074dd1f727d88) [0x000074dd1f727e80, 0x000074dd1f727fb8] Compiler: c1, Barriers: 1, Oops: 0, ImmediateOops: 0, NonImmediateOops: No
[1,291s][debug][gc,nmethod  ] Register NMethod: java.lang.invoke.MemberName.changeReferenceKind (0x000074dd1f728088) [0x000074dd1f728180, 0x000074dd1f7282a0] Compiler: c1, Barriers: 0, Oops: 0, ImmediateOops: 0, NonImmediateOops: No
[1,291s][debug][gc,nmethod  ] Register NMethod: jdk.internal.classfile.impl.StackMapGenerator.stackMapTableAttribute (0x000074dd1f728388) [0x000074dd1f728480, 0x000074dd1f7286b8] Compiler: c1, Barriers: 0, Oops: 0, ImmediateOops: 1, NonImmediateOops: No
[1,291s][debug][gc,nmethod  ] Register NMethod: jdk.internal.classfile.impl.StackMapGenerator$Frame.<init> (0x000074dd1f728708) [0x000074dd1f728800, 0x000074dd1f728cd0] Compiler: c1, Barriers: 12, Oops: 0, ImmediateOops: 0, NonImmediateOops: No
[1,291s][debug][gc,nmethod  ] Register NMethod: jdk.internal.classfile.impl.StackMapGenerator.generate (0x000074dd1f728d08) [0x000074dd1f728e00, 0x000074dd1f7298c0] Compiler: c1, Barriers: 7, Oops: 0, ImmediateOops: 0, NonImmediateOops: No
[1,291s][debug][gc,nmethod  ] Register NMethod: java.net.URLClassLoader.findClass (0x000074dd1f729908) [0x000074dd1f729a00, 0x000074dd1f72c9a0] Compiler: c1, Barriers: 6, Oops: 1, ImmediateOops: 8, NonImmediateOops: No
[1,291s][debug][gc,director ] Rule Major: Warmup 10%, Used: 74MB, UsedThreshold: 1228MB
[1,292s][debug][gc,nmethod  ] Register NMethod: java.net.URLClassLoader.defineClass (0x000074dd1f72ca08) [0x000074dd1f72cb00, 0x000074dd1f7309a0] Compiler: c1, Barriers: 6, Oops: 1, ImmediateOops: 4, NonImmediateOops: No
[1,293s][debug][gc,nmethod  ] Register NMethod: java.util.regex.Pattern.has (0x000074dd1f730a08) [0x000074dd1f730b00, 0x000074dd1f730c50] Compiler: c1, Barriers: 0, Oops: 0, ImmediateOops: 0, NonImmediateOops: No
[1,294s][debug][gc,nmethod  ] Register NMethod: jdk.internal.loader.URLClassPath$JarLoader.findResource (0x000074dd1f730d08) [0x000074dd1f730e00, 0x000074dd1f731190] Compiler: c1, Barriers: 0, Oops: 0, ImmediateOops: 0, NonImmediateOops: No
[1,294s][debug][gc,nmethod  ] Register NMethod: java.lang.invoke.DirectMethodHandle.preparedLambdaForm (0x000074dd1f731208) [0x000074dd1f731300, 0x000074dd1f731418] Compiler: c1, Barriers: 0, Oops: 0, ImmediateOops: 0, NonImmediateOops: No
[1,294s][debug][gc,nmethod  ] Register NMethod: java.lang.invoke.MemberName.isVarargs (0x000074dd1f731508) [0x000074dd1f731600, 0x000074dd1f731af8] Compiler: c1, Barriers: 0, Oops: 0, ImmediateOops: 0, NonImmediateOops: No
[1,294s][debug][gc,nmethod  ] Register NMethod: java.lang.invoke.MethodHandles$Lookup.isArrayClone (0x000074dd1f731b08) [0x000074dd1f731c00, 0x000074dd1f732e78] Compiler: c1, Barriers: 7, Oops: 0, ImmediateOops: 2, NonImmediateOops: No
[1,295s][debug][gc,nmethod  ] Register NMethod: java.lang.invoke.MethodHandle.setVarargs (0x000074dd1f732e88) [0x000074dd1f732f80, 0x000074dd1f734a98] Compiler: c1, Barriers: 0, Oops: 2, ImmediateOops: 4, NonImmediateOops: No
[1,295s][debug][gc,nmethod  ] Register NMethod: sun.invoke.util.VerifyAccess.isMemberAccessible (0x000074dd1f734b08) [0x000074dd1f734c00, 0x000074dd1f7371e8] Compiler: c1, Barriers: 0, Oops: 1, ImmediateOops: 2, NonImmediateOops: No
[1,296s][debug][gc,nmethod  ] Register NMethod: java.util.zip.ZipFile.getMetaInfVersions (0x000074dd1f737208) [0x000074dd1f737300, 0x000074dd1f737d50] Compiler: c1, Barriers: 4, Oops: 0, ImmediateOops: 2, NonImmediateOops: No
[1,296s][debug][gc,nmethod  ] Register NMethod: java.util.BitSet.previousSetBit (0x000074dd1f737d88) [0x000074dd1f737e80, 0x000074dd1f739000] Compiler: c1, Barriers: 1, Oops: 1, ImmediateOops: 2, NonImmediateOops: No
[1,297s][debug][gc,nmethod  ] Register NMethod: java.lang.invoke.MethodHandleNatives.findMethodHandleType (0x000074dd1f739088) [0x000074dd1f739180, 0x000074dd1f739298] Compiler: c1, Barriers: 0, Oops: 0, ImmediateOops: 0, NonImmediateOops: No
[1,297s][debug][gc,nmethod  ] Register NMethod: java.lang.invoke.MethodHandle.linkToVirtual (0x000074dd3ec47a08) [0x000074dd3ec47b00, 0x000074dd3ec47b28] Compiler: , Barriers: 0, Oops: 0, ImmediateOops: 0, NonImmediateOops: No
[1,297s][debug][gc,nmethod  ] Register NMethod: jdk.internal.constant.ConstantUtils.concat (0x000074dd1f739388) [0x000074dd1f739480, 0x000074dd1f73bae8] Compiler: c1, Barriers: 6, Oops: 0, ImmediateOops: 7, NonImmediateOops: No
[1,297s][debug][gc,nmethod  ] Register NMethod: java.lang.System$1.concat (0x000074dd1f73bb08) [0x000074dd1f73bc00, 0x000074dd1f73e218] Compiler: c1, Barriers: 6, Oops: 0, ImmediateOops: 6, NonImmediateOops: No
[1,297s][debug][gc,nmethod  ] Register NMethod: jdk.internal.classfile.impl.Util.fieldTypeSymbol (0x000074dd1f73e288) [0x000074dd1f73e380, 0x000074dd1f73f788] Compiler: c1, Barriers: 5, Oops: 0, ImmediateOops: 0, NonImmediateOops: No
[1,298s][debug][gc,nmethod  ] Register NMethod: jdk.internal.classfile.impl.BufWriterImpl.cpIndexOrZero (0x000074dd1f73f808) [0x000074dd1f73f900, 0x000074dd1f741db0] Compiler: c1, Barriers: 1, Oops: 1, ImmediateOops: 3, NonImmediateOops: No
[1,298s][debug][gc,nmethod  ] Register NMethod: jdk.internal.classfile.impl.SplitConstantPool.canWriteDirect (0x000074dd3ec47d08) [0x000074dd3ec47e00, 0x000074dd3ec47f48] Compiler: jvmci, Barriers: 1, Oops: 0, ImmediateOops: 0, NonImmediateOops: No
[1,298s][debug][gc,nmethod  ] Register NMethod: java.lang.String.isLatin1 (0x000074dd3ec48008) [0x000074dd3ec48100, 0x000074dd3ec48190] Compiler: jvmci, Barriers: 0, Oops: 0, ImmediateOops: 0, NonImmediateOops: No
[1,298s][debug][gc,nmethod  ] Register NMethod: java.lang.Character.isSurrogate (0x000074dd1f741e08) [0x000074dd1f741f00, 0x000074dd1f742060] Compiler: c1, Barriers: 0, Oops: 0, ImmediateOops: 0, NonImmediateOops: No
[1,298s][debug][gc,nmethod  ] Register NMethod: java.util.regex.Pattern.isSupplementary (0x000074dd1f742108) [0x000074dd1f742200, 0x000074dd1f742438] Compiler: c1, Barriers: 0, Oops: 0, ImmediateOops: 0, NonImmediateOops: No
[1,298s][debug][gc,nmethod  ] Register NMethod: java.lang.invoke.MethodHandleNatives.refKindIsMethod (0x000074dd1f742488) [0x000074dd1f742580, 0x000074dd1f742790] Compiler: c1, Barriers: 0, Oops: 0, ImmediateOops: 0, NonImmediateOops: No
[1,300s][debug][gc,nmethod  ] Register NMethod: jdk.internal.classfile.impl.Util$1WithCodeMethodHandler.<init> (0x000074dd1f742808) [0x000074dd1f742900, 0x000074dd1f742b30] Compiler: c1, Barriers: 3, Oops: 0, ImmediateOops: 0, NonImmediateOops: No
[1,300s][debug][gc,nmethod  ] Register NMethod: jdk.internal.classfile.impl.Util.buildingCode (0x000074dd1f742b88) [0x000074dd1f742c80, 0x000074dd1f742f40] Compiler: c1, Barriers: 3, Oops: 0, ImmediateOops: 0, NonImmediateOops: No
[1,300s][debug][gc,nmethod  ] Register NMethod: java.lang.classfile.ClassBuilder.withMethodBody (0x000074dd1f742f88) [0x000074dd1f743080, 0x000074dd1f7435f8] Compiler: c1, Barriers: 3, Oops: 0, ImmediateOops: 0, NonImmediateOops: No
[1,300s][debug][gc,nmethod  ] Register NMethod: jdk.internal.classfile.impl.Util$1WithCodeMethodHandler.accept (0x000074dd1f743608) [0x000074dd1f743700, 0x000074dd1f743d50] Compiler: c1, Barriers: 1, Oops: 0, ImmediateOops: 0, NonImmediateOops: No
[1,300s][debug][gc,nmethod  ] Register NMethod: jdk.internal.classfile.impl.Util$1WithCodeMethodHandler.accept (0x000074dd1f743d88) [0x000074dd1f743e80, 0x000074dd1f7440a0] Compiler: c1, Barriers: 1, Oops: 0, ImmediateOops: 0, NonImmediateOops: No
[1,300s][debug][gc,nmethod  ] Register NMethod: java.lang.invoke.MethodHandleNatives.refKindHasReceiver (0x000074dd1f744108) [0x000074dd1f744200, 0x000074dd1f744340] Compiler: c1, Barriers: 0, Oops: 0, ImmediateOops: 0, NonImmediateOops: No
[1,301s][debug][gc,nmethod  ] Register NMethod: java.lang.ref.Reference.<init> (0x000074dd3ec48308) [0x000074dd3ec48400, 0x000074dd3ec48608] Compiler: jvmci, Barriers: 9, Oops: 0, ImmediateOops: 1, NonImmediateOops: No
[1,301s][debug][gc,director ] Rule Major: Warmup 10%, Used: 74MB, UsedThreshold: 1228MB
[1,301s][debug][gc,nmethod  ] Register NMethod: jdk.internal.loader.URLClassPath$JarLoader.getResource (0x000074dd3ec48688) [0x000074dd3ec48780, 0x000074dd3ec49ec0] Compiler: jvmci, Barriers: 19, Oops: 2, ImmediateOops: 8, NonImmediateOops: No
[1,302s][debug][gc,nmethod  ] Register NMethod: jdk.internal.classfile.impl.EntryMap.put (0x000074dd3ec49f08) [0x000074dd3ec4a000, 0x000074dd3ec4a2e0] Compiler: jvmci, Barriers: 1, Oops: 0, ImmediateOops: 0, NonImmediateOops: No
[1,302s][debug][gc,nmethod  ] Register NMethod: java.math.BigInteger.implMulAdd (0x000074dd1f744408) [0x000074dd1f744500, 0x000074dd1f744720] Compiler: c1, Barriers: 0, Oops: 0, ImmediateOops: 0, NonImmediateOops: No
[1,302s][debug][gc,nmethod  ] Register NMethod: java.math.BigInteger.mulAdd (0x000074dd1f744788) [0x000074dd1f744880, 0x000074dd1f744a10] Compiler: c1, Barriers: 0, Oops: 0, ImmediateOops: 0, NonImmediateOops: No
[1,302s][debug][gc,nmethod  ] Register NMethod: java.math.BigInteger.addOne (0x000074dd1f744a88) [0x000074dd1f744b80, 0x000074dd1f744e98] Compiler: c1, Barriers: 0, Oops: 0, ImmediateOops: 0, NonImmediateOops: No
[1,303s][debug][gc,nmethod  ] Register NMethod: java.math.BigInteger.implMulAddCheck (0x000074dd1f744f08) [0x000074dd1f745000, 0x000074dd1f748f90] Compiler: c1, Barriers: 0, Oops: 5, ImmediateOops: 11, NonImmediateOops: No
[1,304s][debug][gc,nmethod  ] Register NMethod: java.util.jar.JarFile.getJarEntry (0x000074dd3ec4a308) [0x000074dd3ec4a400, 0x000074dd3ec4ba18] Compiler: jvmci, Barriers: 14, Oops: 2, ImmediateOops: 8, NonImmediateOops: No
[1,304s][debug][gc,nmethod  ] Register NMethod: java.math.BigInteger.<init> (0x000074dd1f749008) [0x000074dd1f749100, 0x000074dd1f749608] Compiler: c1, Barriers: 4, Oops: 0, ImmediateOops: 1, NonImmediateOops: No
[1,305s][debug][gc,nmethod  ] Register NMethod: java.math.BigInteger.add (0x000074dd1f749688) [0x000074dd1f749780, 0x000074dd1f749f18] Compiler: c1, Barriers: 0, Oops: 0, ImmediateOops: 0, NonImmediateOops: No
[1,305s][debug][gc,nmethod  ] Register NMethod: java.math.BigInteger.trustedStripLeadingZeroInts (0x000074dd1f749f88) [0x000074dd1f74a080, 0x000074dd1f74a198] Compiler: c1, Barriers: 0, Oops: 0, ImmediateOops: 0, NonImmediateOops: No
[1,305s][debug][gc,nmethod  ] Register NMethod: java.math.BigInteger.stripLeadingZeroInts (0x000074dd1f74a288) [0x000074dd1f74a380, 0x000074dd1f74a600] Compiler: c1, Barriers: 0, Oops: 0, ImmediateOops: 0, NonImmediateOops: No
[1,305s][debug][gc,nmethod  ] Register NMethod: java.math.BigInteger.shiftLeftImplWorker (0x000074dd1f74a608) [0x000074dd1f74a700, 0x000074dd1f74a918] Compiler: c1, Barriers: 0, Oops: 0, ImmediateOops: 0, NonImmediateOops: No
[1,306s][debug][gc,nmethod  ] Register NMethod: java.math.BigInteger.subtract (0x000074dd1f74a988) [0x000074dd1f74aa80, 0x000074dd1f74af78] Compiler: c1, Barriers: 0, Oops: 0, ImmediateOops: 0, NonImmediateOops: No
[1,306s][debug][gc,nmethod  ] Register NMethod: java.math.BigInteger.mulAdd (0x000074dd3ec4ba88) [0x000074dd3ec4bb80, 0x000074dd3ec4bcb8] Compiler: jvmci, Barriers: 0, Oops: 0, ImmediateOops: 0, NonImmediateOops: No
[1,306s][debug][gc,nmethod  ] Register NMethod: java.math.BigInteger.implSquareToLen (0x000074dd1f74af88) [0x000074dd1f74b080, 0x000074dd1f74b518] Compiler: c1, Barriers: 0, Oops: 0, ImmediateOops: 0, NonImmediateOops: No
[1,306s][debug][gc,nmethod  ] Register NMethod: java.math.BigInteger.implMulAddCheck (0x000074dd3ec4bd88) [0x000074dd3ec4be80, 0x000074dd3ec4bfa8] Compiler: jvmci, Barriers: 0, Oops: 0, ImmediateOops: 0, NonImmediateOops: No
[1,306s][debug][gc,nmethod  ] Register NMethod: java.math.BigInteger.addOne (0x000074dd3ec4c088) [0x000074dd3ec4c180, 0x000074dd3ec4c330] Compiler: jvmci, Barriers: 0, Oops: 0, ImmediateOops: 0, NonImmediateOops: No
[1,306s][debug][gc,nmethod  ] Register NMethod: jdk.internal.misc.Unsafe.getIntVolatile (0x000074dd3ec4c388) [0x000074dd3ec4c480, 0x000074dd3ec4c5e8] Compiler: , Barriers: 0, Oops: 0, ImmediateOops: 0, NonImmediateOops: No
[1,306s][debug][gc,nmethod  ] Register NMethod: java.util.Objects.checkFromToIndex (0x000074dd1f74b588) [0x000074dd1f74b680, 0x000074dd1f74b898] Compiler: c1, Barriers: 0, Oops: 0, ImmediateOops: 0, NonImmediateOops: No
[1,307s][debug][gc,nmethod  ] Register NMethod: java.util.concurrent.RecursiveTask.getRawResult (0x000074dd3ec4c688) [0x000074dd3ec4c780, 0x000074dd3ec4c868] Compiler: c1, Barriers: 1, Oops: 0, ImmediateOops: 0, NonImmediateOops: No
[1,307s][debug][gc,nmethod  ] Register NMethod: java.math.BigInteger.add (0x000074dd1f74b908) [0x000074dd1f74ba00, 0x000074dd1f74c2c0] Compiler: c1, Barriers: 6, Oops: 0, ImmediateOops: 1, NonImmediateOops: No
[1,307s][debug][gc,nmethod  ] Register NMethod: java.math.BigInteger.subtract (0x000074dd1f74c308) [0x000074dd1f74c400, 0x000074dd1f74cdf8] Compiler: c1, Barriers: 7, Oops: 0, ImmediateOops: 1, NonImmediateOops: No
[1,307s][debug][gc,nmethod  ] Register NMethod: java.math.BigInteger.implMulAdd (0x000074dd3ec4c988) [0x000074dd3ec4ca80, 0x000074dd3ec4ce58] Compiler: jvmci, Barriers: 0, Oops: 0, ImmediateOops: 0, NonImmediateOops: No
[1,307s][debug][gc,nmethod  ] Register NMethod: java.math.BigInteger.square (0x000074dd1f74ce08) [0x000074dd1f74cf00, 0x000074dd1f74d508] Compiler: c1, Barriers: 1, Oops: 0, ImmediateOops: 2, NonImmediateOops: No
[1,307s][debug][gc,nmethod  ] Register NMethod: java.math.BigInteger.compareMagnitude (0x000074dd1f74d588) [0x000074dd1f74d680, 0x000074dd1f74db48] Compiler: c1, Barriers: 2, Oops: 0, ImmediateOops: 0, NonImmediateOops: No
[1,308s][debug][gc,nmethod  ] Register NMethod: java.math.BigInteger.shiftLeft (0x000074dd1f74db88) [0x000074dd1f74dc80, 0x000074dd1f74dfd0] Compiler: c1, Barriers: 1, Oops: 0, ImmediateOops: 1, NonImmediateOops: No
[1,308s][debug][gc,nmethod  ] Register NMethod: java.math.BigInteger.shiftLeft (0x000074dd1f74e008) [0x000074dd1f74e100, 0x000074dd1f74ea18] Compiler: c1, Barriers: 0, Oops: 0, ImmediateOops: 0, NonImmediateOops: No
[1,308s][debug][gc,nmethod  ] Register NMethod: java.lang.constant.ClassDesc.isArray (0x000074dd3ec4ce88) [0x000074dd3ec4cf80, 0x000074dd3ec4d040] Compiler: c1, Barriers: 0, Oops: 0, ImmediateOops: 0, NonImmediateOops: No
[1,310s][debug][gc,nmethod  ] Register NMethod: java.lang.classfile.TypeKind.from (0x000074dd1f74ea88) [0x000074dd1f74eb80, 0x000074dd1f74f110] Compiler: c1, Barriers: 0, Oops: 0, ImmediateOops: 1, NonImmediateOops: No
[1,311s][debug][gc,nmethod  ] Register NMethod: java.lang.classfile.constantpool.ConstantPoolBuilder.nameAndTypeEntry (0x000074dd1f74f188) [0x000074dd1f74f280, 0x000074dd1f74f9a0] Compiler: c1, Barriers: 0, Oops: 0, ImmediateOops: 0, NonImmediateOops: No
[1,311s][debug][gc,nmethod  ] Register NMethod: java.lang.invoke.MethodHandles$Lookup.in (0x000074dd1f74fa08) [0x000074dd1f74fb00, 0x000074dd1f753710] Compiler: c1, Barriers: 9, Oops: 2, ImmediateOops: 6, NonImmediateOops: No
[1,311s][debug][gc,nmethod  ] Register NMethod: jdk.internal.classfile.impl.SplitConstantPool.fieldRefEntry (0x000074dd1f753788) [0x000074dd1f753880, 0x000074dd1f7561b8] Compiler: c1, Barriers: 6, Oops: 0, ImmediateOops: 0, NonImmediateOops: No
[1,311s][debug][gc,nmethod  ] Register NMethod: jdk.internal.loader.Resource.cachedInputStream (0x000074dd1f756208) [0x000074dd1f756300, 0x000074dd1f756860] Compiler: c1, Barriers: 5, Oops: 0, ImmediateOops: 0, NonImmediateOops: No
[1,311s][debug][gc,nmethod  ] Register NMethod: jdk.internal.loader.URLClassPath$JarLoader$1.getInputStream (0x000074dd1f756888) [0x000074dd1f756980, 0x000074dd1f756d28] Compiler: c1, Barriers: 3, Oops: 0, ImmediateOops: 0, NonImmediateOops: No
[1,311s][debug][gc,director ] Rule Major: Warmup 10%, Used: 76MB, UsedThreshold: 1228MB
[1,312s][debug][gc,nmethod  ] Register NMethod: java.math.BigInteger.subtract (0x000074dd3ec4d188) [0x000074dd3ec4d280, 0x000074dd3ec4d750] Compiler: jvmci, Barriers: 0, Oops: 0, ImmediateOops: 0, NonImmediateOops: No
[1,312s][debug][gc,nmethod  ] Register NMethod: java.util.stream.PipelineHelper.<init> (0x000074dd1f756d88) [0x000074dd1f756e80, 0x000074dd1f756fd8] Compiler: c1, Barriers: 0, Oops: 0, ImmediateOops: 0, NonImmediateOops: No
[1,312s][debug][gc,nmethod  ] Register NMethod: java.lang.invoke.AbstractValidatingLambdaMetafactory.isAdaptableTo (0x000074dd1f757088) [0x000074dd1f757180, 0x000074dd1f758d50] Compiler: c1, Barriers: 2, Oops: 0, ImmediateOops: 0, NonImmediateOops: No
[1,313s][debug][gc,nmethod  ] Register NMethod: java.util.Arrays.hashCode (0x000074dd1f758d88) [0x000074dd1f758e80, 0x000074dd1f759000] Compiler: c1, Barriers: 0, Oops: 0, ImmediateOops: 0, NonImmediateOops: No
[1,313s][debug][gc,nmethod  ] Register NMethod: jdk.internal.util.ArraysSupport.hashCode (0x000074dd1f759088) [0x000074dd1f759180, 0x000074dd1f759630] Compiler: c1, Barriers: 1, Oops: 0, ImmediateOops: 0, NonImmediateOops: No
[1,313s][debug][gc,nmethod  ] Register NMethod: jdk.internal.loader.Resource.getBytes (0x000074dd1f759688) [0x000074dd1f759780, 0x000074dd1f75aae0] Compiler: c1, Barriers: 5, Oops: 0, ImmediateOops: 1, NonImmediateOops: No
[1,313s][debug][gc,nmethod  ] Register NMethod: jdk.internal.classfile.impl.BufWriterImpl.grow (0x000074dd1f75ab08) [0x000074dd1f75ac00, 0x000074dd1f75ae90] Compiler: c1, Barriers: 4, Oops: 0, ImmediateOops: 0, NonImmediateOops: No
[1,314s][debug][gc,nmethod  ] Register NMethod: jdk.internal.loader.Resource.getByteBuffer (0x000074dd1f75af08) [0x000074dd1f75b000, 0x000074dd1f75bc80] Compiler: c1, Barriers: 5, Oops: 0, ImmediateOops: 0, NonImmediateOops: No
[1,317s][debug][gc,nmethod  ] Register NMethod: jdk.internal.classfile.impl.SplitConstantPool.internalAdd (0x000074dd3ec4d788) [0x000074dd3ec4d8a0, 0x000074dd3ec4e3d8] Compiler: jvmci, Barriers: 11, Oops: 1, ImmediateOops: 0, NonImmediateOops: No
[1,317s][debug][gc,nmethod  ] Register NMethod: java.math.BigInteger.add (0x000074dd3ec4e408) [0x000074dd3ec4e500, 0x000074dd3ec4edc0] Compiler: jvmci, Barriers: 0, Oops: 0, ImmediateOops: 0, NonImmediateOops: No
[1,317s][debug][gc,nmethod  ] Register NMethod: jdk.internal.classfile.impl.DirectCodeBuilder.fieldAccess (0x000074dd1f75bc88) [0x000074dd1f75bd80, 0x000074dd1f75c6b8] Compiler: c1, Barriers: 1, Oops: 0, ImmediateOops: 0, NonImmediateOops: No
[1,317s][debug][gc,nmethod  ] Register NMethod: jdk.internal.constant.ClassOrInterfaceDescImpl.internalName (0x000074dd1f75c708) [0x000074dd1f75c800, 0x000074dd1f75d120] Compiler: c1, Barriers: 6, Oops: 0, ImmediateOops: 0, NonImmediateOops: No
[1,317s][debug][gc,nmethod  ] Register NMethod: java.lang.invoke.MethodHandleNatives.isCallerSensitive (0x000074dd1f75d188) [0x000074dd1f75d280, 0x000074dd1f75da08] Compiler: c1, Barriers: 0, Oops: 0, ImmediateOops: 0, NonImmediateOops: No
[1,317s][debug][gc,nmethod  ] Register NMethod: java.lang.invoke.MethodHandleNatives.canBeCalledVirtual (0x000074dd1f75da88) [0x000074dd1f75db80, 0x000074dd1f75e618] Compiler: c1, Barriers: 5, Oops: 0, ImmediateOops: 2, NonImmediateOops: No
[1,319s][debug][gc,nmethod  ] Register NMethod: jdk.internal.classfile.impl.DirectCodeBuilder$4.tryGenerateStackMaps (0x000074dd1f75e688) [0x000074dd1f75e780, 0x000074dd1f75ede0] Compiler: c1, Barriers: 0, Oops: 0, ImmediateOops: 0, NonImmediateOops: No
[1,320s][debug][gc,nmethod  ] Register NMethod: jdk.internal.classfile.impl.DirectCodeBuilder$4.generateStackMaps (0x000074dd1f75ee08) [0x000074dd1f75ef00, 0x000074dd1f75fa20] Compiler: c1, Barriers: 2, Oops: 0, ImmediateOops: 1, NonImmediateOops: No
[1,320s][debug][gc,nmethod  ] Register NMethod: java.lang.invoke.DirectMethodHandle$Holder.newInvokeSpecial (0x000074dd1f75fa88) [0x000074dd1f75fb80, 0x000074dd1f7603f8] Compiler: c1, Barriers: 2, Oops: 0, ImmediateOops: 1, NonImmediateOops: No
[1,320s][debug][gc,nmethod  ] Register NMethod: java.util.logging.Logger.getName (0x000074dd3ec4ee08) [0x000074dd3ec4ef00, 0x000074dd3ec4efe8] Compiler: c1, Barriers: 1, Oops: 0, ImmediateOops: 0, NonImmediateOops: No
[1,321s][debug][gc,nmethod  ] Register NMethod: jdk.internal.classfile.impl.DirectClassBuilder.setInterfaces (0x000074dd3ec4f108) [0x000074dd3ec4f200, 0x000074dd3ec4f330] Compiler: c1, Barriers: 3, Oops: 0, ImmediateOops: 0, NonImmediateOops: No
[1,321s][debug][gc,nmethod  ] Register NMethod: java.lang.invoke.MethodHandleNatives.isPullModeBSM (0x000074dd3ec4f408) [0x000074dd3ec4f500, 0x000074dd3ec4f5a0] Compiler: c1, Barriers: 0, Oops: 0, ImmediateOops: 0, NonImmediateOops: No
[1,321s][debug][gc,nmethod  ] Register NMethod: java.lang.invoke.ConstantCallSite.getTarget (0x000074dd1f760408) [0x000074dd1f760500, 0x000074dd1f760738] Compiler: c1, Barriers: 1, Oops: 0, ImmediateOops: 0, NonImmediateOops: No
[1,322s][debug][gc,director ] Rule Major: Warmup 10%, Used: 78MB, UsedThreshold: 1228MB
[1,322s][debug][gc,nmethod  ] Register NMethod: java.util.LinkedHashMap$LinkedHashIterator.hasNext (0x000074dd1f760788) [0x000074dd1f760880, 0x000074dd1f760a00] Compiler: c1, Barriers: 1, Oops: 0, ImmediateOops: 0, NonImmediateOops: No
[1,322s][debug][gc,nmethod  ] Register NMethod: jdk.internal.classfile.impl.StackCounter$Target.<init> (0x000074dd1f760a88) [0x000074dd1f760b80, 0x000074dd1f760d40] Compiler: c1, Barriers: 0, Oops: 0, ImmediateOops: 0, NonImmediateOops: No
[1,323s][debug][gc,nmethod  ] Register NMethod: jdk.internal.classfile.impl.AbstractPseudoInstruction$ExceptionCatchImpl.tryStart (0x000074dd3ec4f708) [0x000074dd3ec4f800, 0x000074dd3ec4f8e8] Compiler: c1, Barriers: 1, Oops: 0, ImmediateOops: 0, NonImmediateOops: No
[1,323s][debug][gc,nmethod  ] Register NMethod: jdk.internal.classfile.impl.AbstractPseudoInstruction$ExceptionCatchImpl.tryEnd (0x000074dd3ec4fa08) [0x000074dd3ec4fb00, 0x000074dd3ec4fbe8] Compiler: c1, Barriers: 1, Oops: 0, ImmediateOops: 0, NonImmediateOops: No
[1,323s][debug][gc,nmethod  ] Register NMethod: jdk.internal.classfile.impl.AbstractPseudoInstruction$ExceptionCatchImpl.handler (0x000074dd3ec4fd08) [0x000074dd3ec4fe00, 0x000074dd3ec4fee8] Compiler: c1, Barriers: 1, Oops: 0, ImmediateOops: 0, NonImmediateOops: No
[1,323s][debug][gc,nmethod  ] Register NMethod: jdk.internal.classfile.impl.AbstractPoolEntry$StringEntryImpl.tag (0x000074dd3ec50008) [0x000074dd3ec50100, 0x000074dd3ec501c0] Compiler: c1, Barriers: 0, Oops: 0, ImmediateOops: 0, NonImmediateOops: No
[1,323s][debug][gc,nmethod  ] Register NMethod: jdk.internal.classfile.impl.StackCounter.next (0x000074dd1f760d88) [0x000074dd1f760e80, 0x000074dd1f762180] Compiler: c1, Barriers: 6, Oops: 1, ImmediateOops: 2, NonImmediateOops: No
[1,325s][debug][gc,nmethod  ] Register NMethod: java.util.LinkedHashMap$LinkedHashIterator.nextNode (0x000074dd1f762208) [0x000074dd1f762300, 0x000074dd1f7627c0] Compiler: c1, Barriers: 10, Oops: 0, ImmediateOops: 0, NonImmediateOops: No
[1,326s][debug][gc,nmethod  ] Register NMethod: sun.reflect.generics.parser.SignatureParser.skipIdentifier (0x000074dd1f762808) [0x000074dd1f762900, 0x000074dd1f762f78] Compiler: c1, Barriers: 0, Oops: 0, ImmediateOops: 0, NonImmediateOops: No
[1,326s][debug][gc,nmethod  ] Register NMethod: jdk.internal.classfile.impl.Util.slotSize (0x000074dd1f762f88) [0x000074dd1f763080, 0x000074dd1f763320] Compiler: c1, Barriers: 0, Oops: 0, ImmediateOops: 3, NonImmediateOops: No
[1,327s][debug][gc,nmethod  ] Register NMethod: jdk.internal.reflect.ReflectionFactory.copyMethod (0x000074dd1f763388) [0x000074dd1f763480, 0x000074dd1f763858] Compiler: c1, Barriers: 1, Oops: 0, ImmediateOops: 0, NonImmediateOops: No
[1,327s][debug][gc,nmethod  ] Register NMethod: java.lang.reflect.ReflectAccess.copyMethod (0x000074dd1f763888) [0x000074dd1f763980, 0x000074dd1f763c80] Compiler: c1, Barriers: 0, Oops: 0, ImmediateOops: 0, NonImmediateOops: No
[1,327s][debug][gc,nmethod  ] Register NMethod: java.lang.reflect.Method.<init> (0x000074dd1f763c88) [0x000074dd1f763d80, 0x000074dd1f7643f0] Compiler: c1, Barriers: 27, Oops: 0, ImmediateOops: 0, NonImmediateOops: No
[1,327s][debug][gc,nmethod  ] Register NMethod: java.lang.reflect.Method.copy (0x000074dd1f764408) [0x000074dd1f764500, 0x000074dd1f764c00] Compiler: c1, Barriers: 21, Oops: 0, ImmediateOops: 1, NonImmediateOops: No
[1,327s][debug][gc,nmethod  ] Register NMethod: java.util.BitSet.checkInvariants (0x000074dd3ec50308) [0x000074dd3ec50400, 0x000074dd3ec50480] Compiler: jvmci, Barriers: 0, Oops: 0, ImmediateOops: 0, NonImmediateOops: No
[1,327s][debug][gc,nmethod  ] Register NMethod: java.lang.reflect.ReflectAccess.getExecutableSharedParameterTypes (0x000074dd1f764c08) [0x000074dd1f764d00, 0x000074dd1f765008] Compiler: c1, Barriers: 0, Oops: 0, ImmediateOops: 0, NonImmediateOops: No
[1,327s][debug][gc,nmethod  ] Register NMethod: jdk.internal.reflect.ReflectionFactory.getExecutableSharedParameterTypes (0x000074dd1f765088) [0x000074dd1f765180, 0x000074dd1f765550] Compiler: c1, Barriers: 1, Oops: 0, ImmediateOops: 0, NonImmediateOops: No
[1,327s][debug][gc,nmethod  ] Register NMethod: java.util.LinkedHashMap$LinkedValueIterator.next (0x000074dd1f765588) [0x000074dd1f765680, 0x000074dd1f7659b0] Compiler: c1, Barriers: 1, Oops: 0, ImmediateOops: 0, NonImmediateOops: No
[1,327s][debug][gc,nmethod  ] Register NMethod: jdk.internal.classfile.impl.DirectCodeBuilder.startLabel (0x000074dd3ec50608) [0x000074dd3ec50700, 0x000074dd3ec507e8] Compiler: c1, Barriers: 1, Oops: 0, ImmediateOops: 0, NonImmediateOops: No
[1,327s][debug][gc,nmethod  ] Register NMethod: java.util.ImmutableCollections$List12.isEmpty (0x000074dd3ec50908) [0x000074dd3ec50a00, 0x000074dd3ec50ac0] Compiler: c1, Barriers: 0, Oops: 0, ImmediateOops: 0, NonImmediateOops: No
[1,328s][debug][gc,nmethod  ] Register NMethod: jdk.internal.classfile.impl.AbstractAttributeMapper.writeAttribute (0x000074dd1f765a08) [0x000074dd1f765b00, 0x000074dd1f767480] Compiler: c1, Barriers: 2, Oops: 0, ImmediateOops: 0, NonImmediateOops: No
[1,328s][debug][gc,nmethod  ] Register NMethod: jdk.internal.classfile.impl.UnboundAttribute$UnboundStackMapTableAttribute.entries (0x000074dd3ec50c08) [0x000074dd3ec50d00, 0x000074dd3ec50de8] Compiler: c1, Barriers: 1, Oops: 0, ImmediateOops: 0, NonImmediateOops: No
[1,328s][debug][gc,nmethod  ] Register NMethod: java.util.Arrays.copyOf (0x000074dd3ec50f08) [0x000074dd3ec51000, 0x000074dd3ec513d0] Compiler: jvmci, Barriers: 0, Oops: 0, ImmediateOops: 0, NonImmediateOops: No
[1,328s][debug][gc,nmethod  ] Register NMethod: jdk.internal.classfile.impl.AbstractPoolEntry$Utf8EntryImpl.charAt (0x000074dd1f767488) [0x000074dd1f767580, 0x000074dd1f768120] Compiler: c1, Barriers: 6, Oops: 1, ImmediateOops: 4, NonImmediateOops: No
[1,328s][debug][gc,nmethod  ] Register NMethod: jdk.internal.classfile.impl.RawBytecodeHelper.getIndexU1 (0x000074dd1f768188) [0x000074dd1f768280, 0x000074dd1f768698] Compiler: c1, Barriers: 2, Oops: 0, ImmediateOops: 0, NonImmediateOops: No
[1,328s][debug][gc,nmethod  ] Register NMethod: java.lang.String.<init> (0x000074dd3ec51408) [0x000074dd3ec51500, 0x000074dd3ec518e0] Compiler: jvmci, Barriers: 4, Oops: 0, ImmediateOops: 0, NonImmediateOops: No
[1,332s][debug][gc,director ] Rule Major: Warmup 10%, Used: 80MB, UsedThreshold: 1228MB
[1,332s][debug][gc,nmethod  ] Register NMethod: org.junit.runners.model.FrameworkMethod.getName (0x000074dd1f768708) [0x000074dd1f768800, 0x000074dd1f768b40] Compiler: c1, Barriers: 2, Oops: 1, ImmediateOops: 0, NonImmediateOops: No
[1,332s][debug][gc,nmethod  ] Register NMethod: java.lang.Class.getAnnotationType (0x000074dd3ec51908) [0x000074dd3ec51a00, 0x000074dd3ec51af0] Compiler: c1, Barriers: 1, Oops: 0, ImmediateOops: 0, NonImmediateOops: No
[1,333s][debug][gc,nmethod  ] Register NMethod: java.lang.reflect.Executable.declaredAnnotations (0x000074dd1f768b88) [0x000074dd1f768c80, 0x000074dd1f769e60] Compiler: c1, Barriers: 6, Oops: 0, ImmediateOops: 1, NonImmediateOops: No
[1,333s][debug][gc,nmethod  ] Register NMethod: jdk.internal.classfile.impl.AbstractPoolEntry$Utf8EntryImpl.length (0x000074dd1f769e88) [0x000074dd1f769f80, 0x000074dd1f76a138] Compiler: c1, Barriers: 1, Oops: 0, ImmediateOops: 1, NonImmediateOops: No
[1,333s][debug][gc,nmethod  ] Register NMethod: jdk.internal.classfile.impl.StackMapDecoder$ObjectVerificationTypeInfoImpl.tag (0x000074dd3ec51c08) [0x000074dd3ec51d00, 0x000074dd3ec51dc0] Compiler: c1, Barriers: 0, Oops: 0, ImmediateOops: 0, NonImmediateOops: No
[1,333s][debug][gc,nmethod  ] Register NMethod: jdk.internal.classfile.impl.StackMapDecoder$ObjectVerificationTypeInfoImpl.className (0x000074dd3ec51f08) [0x000074dd3ec52000, 0x000074dd3ec520e8] Compiler: c1, Barriers: 1, Oops: 0, ImmediateOops: 0, NonImmediateOops: No
[1,333s][debug][gc,nmethod  ] Register NMethod: java.lang.invoke.MethodHandle.linkToInterface (0x000074dd3ec52208) [0x000074dd3ec52300, 0x000074dd3ec52430] Compiler: , Barriers: 0, Oops: 0, ImmediateOops: 0, NonImmediateOops: No
[1,334s][debug][gc,nmethod  ] Register NMethod: java.lang.invoke.DirectMethodHandle.isCrackable (0x000074dd3ec52508) [0x000074dd3ec52600, 0x000074dd3ec526c0] Compiler: c1, Barriers: 0, Oops: 0, ImmediateOops: 0, NonImmediateOops: No
[1,334s][debug][gc,nmethod  ] Register NMethod: jdk.internal.reflect.Reflection.areNestMates (0x000074dd3ec52808) [0x000074dd3ec52900, 0x000074dd3ec52a88] Compiler: , Barriers: 0, Oops: 0, ImmediateOops: 1, NonImmediateOops: No
[1,334s][debug][gc,nmethod  ] Register NMethod: java.nio.HeapByteBuffer.byteOffset (0x000074dd1f76a188) [0x000074dd1f76a280, 0x000074dd1f76a388] Compiler: c1, Barriers: 0, Oops: 0, ImmediateOops: 0, NonImmediateOops: No
[1,334s][debug][gc,nmethod  ] Register NMethod: java.nio.Buffer.nextGetIndex (0x000074dd1f76a488) [0x000074dd1f76a580, 0x000074dd1f76a740] Compiler: c1, Barriers: 0, Oops: 0, ImmediateOops: 0, NonImmediateOops: No
[1,334s][debug][gc,nmethod  ] Register NMethod: jdk.internal.misc.ScopedMemoryAccess.getShortUnalignedInternal (0x000074dd1f76a788) [0x000074dd1f76a880, 0x000074dd1f76acd8] Compiler: c1, Barriers: 0, Oops: 0, ImmediateOops: 1, NonImmediateOops: No
[1,334s][debug][gc,nmethod  ] Register NMethod: jdk.internal.misc.ScopedMemoryAccess.getShortUnaligned (0x000074dd1f76ad08) [0x000074dd1f76ae00, 0x000074dd1f76b338] Compiler: c1, Barriers: 0, Oops: 0, ImmediateOops: 1, NonImmediateOops: No
[1,335s][debug][gc,nmethod  ] Register NMethod: java.lang.invoke.InnerClassLambdaMetafactory.methodDesc (0x000074dd1f76b388) [0x000074dd1f76b480, 0x000074dd1f76e4d8] Compiler: c1, Barriers: 25, Oops: 2, ImmediateOops: 5, NonImmediateOops: No
[1,335s][debug][gc,nmethod  ] Register NMethod: java.nio.HeapByteBuffer.getShort (0x000074dd1f76e508) [0x000074dd1f76e600, 0x000074dd1f76f608] Compiler: c1, Barriers: 2, Oops: 1, ImmediateOops: 2, NonImmediateOops: No
[1,335s][debug][gc,nmethod  ] Register NMethod: java.lang.Integer.compare (0x000074dd1f76f688) [0x000074dd1f76f780, 0x000074dd1f76f930] Compiler: c1, Barriers: 0, Oops: 0, ImmediateOops: 0, NonImmediateOops: No
[1,335s][debug][gc,nmethod  ] Register NMethod: jdk.internal.classfile.impl.DirectCodeBuilder.with (0x000074dd1f76f988) [0x000074dd1f76fa80, 0x000074dd1f770ca0] Compiler: c1, Barriers: 2, Oops: 0, ImmediateOops: 0, NonImmediateOops: No
[1,335s][debug][gc,nmethod  ] Register NMethod: jdk.internal.classfile.impl.DirectCodeBuilder.with (0x000074dd1f770d08) [0x000074dd1f770e00, 0x000074dd1f771be0] Compiler: c1, Barriers: 2, Oops: 0, ImmediateOops: 0, NonImmediateOops: No
[1,335s][debug][gc,nmethod  ] Register NMethod: java.util.Collections$SingletonList.size (0x000074dd3ec52b08) [0x000074dd3ec52c00, 0x000074dd3ec52cc0] Compiler: c1, Barriers: 0, Oops: 0, ImmediateOops: 0, NonImmediateOops: No
[1,335s][debug][gc,nmethod  ] Register NMethod: java.lang.Class.forName (0x000074dd1f771c08) [0x000074dd1f771d00, 0x000074dd1f771e20] Compiler: c1, Barriers: 0, Oops: 0, ImmediateOops: 0, NonImmediateOops: No
[1,335s][debug][gc,nmethod  ] Register NMethod: java.lang.reflect.Method.getSharedExceptionTypes (0x000074dd3ec52e08) [0x000074dd3ec52f00, 0x000074dd3ec52fe8] Compiler: c1, Barriers: 1, Oops: 0, ImmediateOops: 0, NonImmediateOops: No
[1,335s][debug][gc,nmethod  ] Register NMethod: jdk.internal.classfile.impl.UnboundAttribute.writeTo (0x000074dd1f771f08) [0x000074dd1f772000, 0x000074dd1f772368] Compiler: c1, Barriers: 1, Oops: 0, ImmediateOops: 0, NonImmediateOops: No
[1,335s][debug][gc,nmethod  ] Register NMethod: jdk.internal.classfile.impl.StackCounter.ensureLocalSlot (0x000074dd1f772388) [0x000074dd1f772480, 0x000074dd1f7725b0] Compiler: c1, Barriers: 0, Oops: 0, ImmediateOops: 0, NonImmediateOops: No
[1,336s][debug][gc,nmethod  ] Register NMethod: java.lang.Class.getConstantPool (0x000074dd3ec53108) [0x000074dd3ec53200, 0x000074dd3ec53520] Compiler: , Barriers: 0, Oops: 0, ImmediateOops: 0, NonImmediateOops: No
[1,336s][debug][gc,nmethod  ] Register NMethod: java.lang.Class.privateGetDeclaredMethods (0x000074dd1f772688) [0x000074dd1f772780, 0x000074dd1f773300] Compiler: c1, Barriers: 10, Oops: 0, ImmediateOops: 2, NonImmediateOops: No
[1,336s][debug][gc,nmethod  ] Register NMethod: java.lang.StringConcatHelper.newArray (0x000074dd3ec53588) [0x000074dd3ec53680, 0x000074dd3ec537d0] Compiler: jvmci, Barriers: 0, Oops: 0, ImmediateOops: 0, NonImmediateOops: No
[1,337s][debug][gc,nmethod  ] Register NMethod: jdk.internal.misc.Unsafe.allocateUninitializedArray (0x000074dd3ec53888) [0x000074dd3ec53980, 0x000074dd3ec53be8] Compiler: jvmci, Barriers: 0, Oops: 0, ImmediateOops: 1, NonImmediateOops: No
[1,337s][debug][gc,nmethod  ] Register NMethod: java.util.concurrent.ConcurrentHashMap.get (0x000074dd1f773308) [0x000074dd1f773400, 0x000074dd1f774418] Compiler: c1, Barriers: 7, Oops: 0, ImmediateOops: 0, NonImmediateOops: No
[1,338s][debug][gc,nmethod  ] Register NMethod: java.util.HashMap.put (0x000074dd1f774488) [0x000074dd1f774580, 0x000074dd1f774b68] Compiler: c1, Barriers: 0, Oops: 0, ImmediateOops: 0, NonImmediateOops: No
[1,338s][debug][gc,nmethod  ] Register NMethod: java.lang.PublicMethods$Key.hashCode (0x000074dd1f774b88) [0x000074dd1f774c80, 0x000074dd1f774f18] Compiler: c1, Barriers: 2, Oops: 0, ImmediateOops: 0, NonImmediateOops: No
[1,338s][debug][gc,nmethod  ] Register NMethod: jdk.internal.classfile.impl.DirectClassBuilder.with (0x000074dd1f774f88) [0x000074dd1f775080, 0x000074dd1f7762a0] Compiler: c1, Barriers: 2, Oops: 0, ImmediateOops: 0, NonImmediateOops: No
[1,338s][debug][gc,nmethod  ] Register NMethod: jdk.internal.classfile.impl.DirectClassBuilder.with (0x000074dd1f776308) [0x000074dd1f776400, 0x000074dd1f7771e0] Compiler: c1, Barriers: 2, Oops: 0, ImmediateOops: 0, NonImmediateOops: No
[1,338s][debug][gc,nmethod  ] Register NMethod: java.util.ArrayDeque.<init> (0x000074dd1f777208) [0x000074dd1f777300, 0x000074dd1f7775c0] Compiler: c1, Barriers: 3, Oops: 0, ImmediateOops: 0, NonImmediateOops: No
[1,338s][debug][gc,nmethod  ] Register NMethod: jdk.internal.reflect.ConstantPool.getUTF8At0 (0x000074dd3ec53c08) [0x000074dd3ec53d00, 0x000074dd3ec54030] Compiler: , Barriers: 0, Oops: 0, ImmediateOops: 0, NonImmediateOops: No
[1,339s][debug][gc,nmethod  ] Register NMethod: sun.reflect.generics.visitor.Reifier.getFactory (0x000074dd3ec54088) [0x000074dd3ec54180, 0x000074dd3ec54268] Compiler: c1, Barriers: 1, Oops: 0, ImmediateOops: 0, NonImmediateOops: No
[1,339s][debug][gc,nmethod  ] Register NMethod: sun.reflect.generics.tree.SimpleClassTypeSignature.getName (0x000074dd3ec54388) [0x000074dd3ec54480, 0x000074dd3ec54568] Compiler: c1, Barriers: 1, Oops: 0, ImmediateOops: 0, NonImmediateOops: No
[1,339s][debug][gc,nmethod  ] Register NMethod: sun.reflect.generics.tree.ClassTypeSignature.getPath (0x000074dd3ec54688) [0x000074dd3ec54780, 0x000074dd3ec54868] Compiler: c1, Barriers: 1, Oops: 0, ImmediateOops: 0, NonImmediateOops: No
[1,339s][debug][gc,nmethod  ] Register NMethod: sun.reflect.generics.tree.SimpleClassTypeSignature.getDollar (0x000074dd3ec54988) [0x000074dd3ec54a80, 0x000074dd3ec54b40] Compiler: c1, Barriers: 0, Oops: 0, ImmediateOops: 0, NonImmediateOops: No
[1,339s][debug][gc,nmethod  ] Register NMethod: sun.reflect.generics.tree.SimpleClassTypeSignature.getTypeArguments (0x000074dd3ec54c88) [0x000074dd3ec54d80, 0x000074dd3ec54e68] Compiler: c1, Barriers: 1, Oops: 0, ImmediateOops: 0, NonImmediateOops: No
[1,339s][debug][gc,nmethod  ] Register NMethod: java.lang.reflect.Method.getParameterCount (0x000074dd1f777608) [0x000074dd1f777700, 0x000074dd1f777838] Compiler: c1, Barriers: 1, Oops: 0, ImmediateOops: 0, NonImmediateOops: No
[1,340s][debug][gc,nmethod  ] Register NMethod: sun.reflect.generics.parser.SignatureParser.current (0x000074dd3ec54f88) [0x000074dd3ec55080, 0x000074dd3ec55248] Compiler: jvmci, Barriers: 2, Oops: 0, ImmediateOops: 0, NonImmediateOops: No
[1,341s][debug][gc,nmethod  ] Register NMethod: java.util.concurrent.locks.AbstractOwnableSynchronizer.getExclusiveOwnerThread (0x000074dd3ec55288) [0x000074dd3ec55380, 0x000074dd3ec55468] Compiler: c1, Barriers: 1, Oops: 0, ImmediateOops: 0, NonImmediateOops: No
[1,341s][debug][gc,nmethod  ] Register NMethod: java.util.regex.Pattern.peek (0x000074dd1f777908) [0x000074dd1f777a00, 0x000074dd1f777c80] Compiler: c1, Barriers: 1, Oops: 0, ImmediateOops: 0, NonImmediateOops: No
[1,341s][debug][gc,nmethod  ] Register NMethod: java.lang.AbstractStringBuilder.ensureCapacitySameCoder (0x000074dd1f777c88) [0x000074dd1f777d80, 0x000074dd1f777f28] Compiler: c1, Barriers: 0, Oops: 0, ImmediateOops: 0, NonImmediateOops: No
[1,341s][debug][gc,nmethod  ] Register NMethod: jdk.internal.util.Preconditions.checkFromToIndex (0x000074dd3ec55588) [0x000074dd3ec55680, 0x000074dd3ec55728] Compiler: jvmci, Barriers: 0, Oops: 0, ImmediateOops: 0, NonImmediateOops: No
[1,341s][debug][gc,nmethod  ] Register NMethod: java.lang.invoke.DirectMethodHandle$Constructor.<init> (0x000074dd1f777f88) [0x000074dd1f778080, 0x000074dd1f7782d0] Compiler: c1, Barriers: 6, Oops: 0, ImmediateOops: 0, NonImmediateOops: No
[1,341s][debug][gc,nmethod  ] Register NMethod: java.lang.classfile.CodeBuilder.invoke (0x000074dd1f778308) [0x000074dd1f778400, 0x000074dd1f778b98] Compiler: c1, Barriers: 2, Oops: 0, ImmediateOops: 0, NonImmediateOops: No
[1,341s][debug][gc,nmethod  ] Register NMethod: jdk.internal.classfile.impl.DirectCodeBuilder.invoke (0x000074dd1f778c08) [0x000074dd1f778d00, 0x000074dd1f77bb48] Compiler: c1, Barriers: 7, Oops: 0, ImmediateOops: 1, NonImmediateOops: No
[1,342s][debug][gc,nmethod  ] Register NMethod: java.lang.invoke.MethodHandle.keepsAlive (0x000074dd1f77bb88) [0x000074dd1f77bc80, 0x000074dd1f77c880] Compiler: c1, Barriers: 2, Oops: 0, ImmediateOops: 6, NonImmediateOops: No
[1,342s][debug][gc,director ] Rule Major: Warmup 10%, Used: 80MB, UsedThreshold: 1228MB
[1,342s][debug][gc,nmethod  ] Register NMethod: java.lang.invoke.TypeConvertingMethodAdapter.convertType (0x000074dd1f77c888) [0x000074dd1f77c980, 0x000074dd1f784e68] Compiler: c1, Barriers: 12, Oops: 3, ImmediateOops: 31, NonImmediateOops: No
[1,343s][debug][gc,nmethod  ] Register NMethod: sun.invoke.util.VerifyAccess.ensureTypeVisible (0x000074dd1f784e88) [0x000074dd1f784f80, 0x000074dd1f785950] Compiler: c1, Barriers: 4, Oops: 0, ImmediateOops: 0, NonImmediateOops: No
[1,343s][debug][gc,nmethod  ] Register NMethod: jdk.internal.loader.ClassLoaders$AppClassLoader.defineOrCheckPackage (0x000074dd1f785988) [0x000074dd1f785a80, 0x000074dd1f785bb0] Compiler: c1, Barriers: 0, Oops: 0, ImmediateOops: 0, NonImmediateOops: No
[1,344s][debug][gc,nmethod  ] Register NMethod: java.lang.invoke.MemberName.isMethod (0x000074dd1f785c88) [0x000074dd1f785d80, 0x000074dd1f785f38] Compiler: c1, Barriers: 0, Oops: 0, ImmediateOops: 0, NonImmediateOops: No
[1,344s][debug][gc,nmethod  ] Register NMethod: jdk.internal.loader.BuiltinClassLoader.defineOrCheckPackage (0x000074dd1f785f88) [0x000074dd1f786080, 0x000074dd1f7871b8] Compiler: c1, Barriers: 0, Oops: 1, ImmediateOops: 2, NonImmediateOops: No
[1,344s][debug][gc,nmethod  ] Register NMethod: jdk.internal.loader.BuiltinClassLoader.getAndVerifyPackage (0x000074dd1f787208) [0x000074dd1f787300, 0x000074dd1f789e58] Compiler: c1, Barriers: 4, Oops: 4, ImmediateOops: 6, NonImmediateOops: No
[1,344s][debug][gc,nmethod  ] Register NMethod: jdk.internal.loader.BuiltinClassLoader.defineClass (0x000074dd1f789e88) [0x000074dd1f789f80, 0x000074dd1f78ce88] Compiler: c1, Barriers: 6, Oops: 0, ImmediateOops: 0, NonImmediateOops: No
[1,346s][debug][gc,nmethod  ] Register NMethod: java.lang.invoke.MethodHandle.linkToStatic (0x000074dd3ec55888) [0x000074dd3ec55980, 0x000074dd3ec55a70] Compiler: , Barriers: 0, Oops: 0, ImmediateOops: 0, NonImmediateOops: No
[1,346s][debug][gc,nmethod  ] Register NMethod: jdk.internal.classfile.impl.SplitConstantPool.tryFindUtf8 (0x000074dd3ec55b88) [0x000074dd3ec55ca0, 0x000074dd3ec565a8] Compiler: jvmci, Barriers: 12, Oops: 0, ImmediateOops: 2, NonImmediateOops: No
[1,346s][debug][gc,nmethod  ] Register NMethod: java.util.Collections.emptyList (0x000074dd1f78cf08) [0x000074dd1f78d000, 0x000074dd1f78d0e8] Compiler: c1, Barriers: 0, Oops: 0, ImmediateOops: 1, NonImmediateOops: No
[1,347s][debug][gc,nmethod  ] Register NMethod: jdk.internal.classfile.impl.StackMapGenerator.processFieldInstructions (0x000074dd1f78d208) [0x000074dd1f78d300, 0x000074dd1f790eb8] Compiler: c1, Barriers: 10, Oops: 2, ImmediateOops: 13, NonImmediateOops: No
[1,347s][debug][gc,nmethod  ] Register NMethod: jdk.internal.classfile.impl.DirectCodeBuilder.return_ (0x000074dd1f790f08) [0x000074dd1f791000, 0x000074dd1f791348] Compiler: c1, Barriers: 1, Oops: 0, ImmediateOops: 0, NonImmediateOops: No
[1,348s][debug][gc,nmethod  ] Register NMethod: java.lang.invoke.InnerClassLambdaMetafactory.argName (0x000074dd1f791388) [0x000074dd1f791480, 0x000074dd1f792110] Compiler: c1, Barriers: 1, Oops: 1, ImmediateOops: 3, NonImmediateOops: No
[1,348s][debug][gc,nmethod  ] Register NMethod: java.lang.reflect.Field.getModifiers (0x000074dd3ec56608) [0x000074dd3ec56700, 0x000074dd3ec567c0] Compiler: c1, Barriers: 0, Oops: 0, ImmediateOops: 0, NonImmediateOops: No
[1,348s][debug][gc,nmethod  ] Register NMethod: jdk.internal.classfile.impl.DirectCodeBuilder.parameterSlot (0x000074dd1f792188) [0x000074dd1f792280, 0x000074dd1f792438] Compiler: c1, Barriers: 1, Oops: 0, ImmediateOops: 0, NonImmediateOops: No
[1,348s][debug][gc,nmethod  ] Register NMethod: jdk.internal.classfile.impl.DirectMethodBuilder.parameterSlot (0x000074dd1f792488) [0x000074dd1f792580, 0x000074dd1f793300] Compiler: c1, Barriers: 6, Oops: 0, ImmediateOops: 0, NonImmediateOops: No
[1,349s][debug][gc,nmethod  ] Register NMethod: java.util.LinkedHashMap.afterNodeInsertion (0x000074dd1f793308) [0x000074dd1f793400, 0x000074dd1f793ce0] Compiler: c1, Barriers: 2, Oops: 0, ImmediateOops: 0, NonImmediateOops: No
[1,350s][debug][gc,nmethod  ] Register NMethod: java.util.Objects.hash (0x000074dd1f793d08) [0x000074dd1f793e00, 0x000074dd1f793fc0] Compiler: c1, Barriers: 0, Oops: 0, ImmediateOops: 0, NonImmediateOops: No
[1,350s][debug][gc,nmethod  ] Register NMethod: java.util.List.of (0x000074dd1f794008) [0x000074dd1f794100, 0x000074dd1f794650] Compiler: c1, Barriers: 6, Oops: 0, ImmediateOops: 1, NonImmediateOops: No
[1,350s][debug][gc,nmethod  ] Register NMethod: jdk.internal.classfile.impl.BufWriterImpl.cpIndex (0x000074dd3ec56908) [0x000074dd3ec56a00, 0x000074dd3ec56e88] Compiler: jvmci, Barriers: 5, Oops: 0, ImmediateOops: 0, NonImmediateOops: No
[1,350s][debug][gc,nmethod  ] Register NMethod: java.lang.Byte.hashCode (0x000074dd1f794688) [0x000074dd1f794780, 0x000074dd1f7948d8] Compiler: c1, Barriers: 0, Oops: 0, ImmediateOops: 0, NonImmediateOops: No
[1,350s][debug][gc,nmethod  ] Register NMethod: java.lang.Byte.hashCode (0x000074dd1f794988) [0x000074dd1f794a80, 0x000074dd1f794b60] Compiler: c1, Barriers: 0, Oops: 0, ImmediateOops: 0, NonImmediateOops: No
[1,350s][debug][gc,nmethod  ] Register NMethod: java.lang.Byte.<init> (0x000074dd1f794c88) [0x000074dd1f794d80, 0x000074dd1f794f40] Compiler: c1, Barriers: 0, Oops: 0, ImmediateOops: 0, NonImmediateOops: No
[1,350s][debug][gc,nmethod  ] Register NMethod: java.lang.invoke.MemberName.<init> (0x000074dd1f794f88) [0x000074dd1f795080, 0x000074dd1f796f88] Compiler: c1, Barriers: 0, Oops: 4, ImmediateOops: 6, NonImmediateOops: No
[1,350s][debug][gc,nmethod  ] Register NMethod: java.lang.invoke.MemberName.hashCode (0x000074dd1f797008) [0x000074dd1f797100, 0x000074dd1f798b20] Compiler: c1, Barriers: 14, Oops: 0, ImmediateOops: 0, NonImmediateOops: No
[1,350s][debug][gc,nmethod  ] Register NMethod: java.util.stream.StreamOpFlag.combineOpFlags (0x000074dd1f798b88) [0x000074dd1f798c80, 0x000074dd1f798e20] Compiler: c1, Barriers: 0, Oops: 0, ImmediateOops: 0, NonImmediateOops: No
[1,351s][debug][gc,nmethod  ] Register NMethod: java.util.stream.StreamOpFlag.getMask (0x000074dd1f798e88) [0x000074dd1f798f80, 0x000074dd1f7990e0] Compiler: c1, Barriers: 0, Oops: 0, ImmediateOops: 0, NonImmediateOops: No
[1,351s][debug][gc,nmethod  ] Register NMethod: java.util.stream.MatchOps$BooleanTerminalSink.cancellationRequested (0x000074dd3ec56f08) [0x000074dd3ec57000, 0x000074dd3ec570c0] Compiler: c1, Barriers: 0, Oops: 0, ImmediateOops: 0, NonImmediateOops: No
[1,351s][debug][gc,nmethod  ] Register NMethod: java.util.ArrayList$ArrayListSpliterator.getFence (0x000074dd1f799188) [0x000074dd1f799280, 0x000074dd1f7993f0] Compiler: c1, Barriers: 1, Oops: 0, ImmediateOops: 0, NonImmediateOops: No
[1,351s][debug][gc,nmethod  ] Register NMethod: java.lang.reflect.Method.getParameterTypes (0x000074dd1f799488) [0x000074dd1f799580, 0x000074dd1f799af8] Compiler: c1, Barriers: 1, Oops: 0, ImmediateOops: 0, NonImmediateOops: No
[1,351s][debug][gc,nmethod  ] Register NMethod: java.util.stream.MatchOps$1MatchSink.accept (0x000074dd1f799b08) [0x000074dd1f799c00, 0x000074dd1f799ff0] Compiler: c1, Barriers: 2, Oops: 0, ImmediateOops: 0, NonImmediateOops: No
[1,351s][debug][gc,nmethod  ] Register NMethod: java.util.ArrayList$ArrayListSpliterator.tryAdvance (0x000074dd1f79a008) [0x000074dd1f79a100, 0x000074dd1f79a7e8] Compiler: c1, Barriers: 5, Oops: 0, ImmediateOops: 0, NonImmediateOops: No
[1,351s][debug][gc,nmethod  ] Register NMethod: org.junit.platform.commons.util.ReflectionUtils$$Lambda/0x0000000069187018.test (0x000074dd1f79a808) [0x000074dd1f79a900, 0x000074dd1f79b5f8] Compiler: c1, Barriers: 3, Oops: 1, ImmediateOops: 0, NonImmediateOops: No
[1,351s][debug][gc,nmethod  ] Register NMethod: org.junit.platform.commons.util.ReflectionUtils.isMethodShadowedBy (0x000074dd1f79b608) [0x000074dd1f79b700, 0x000074dd1f79c0d8] Compiler: c1, Barriers: 2, Oops: 1, ImmediateOops: 0, NonImmediateOops: No
[1,351s][debug][gc,nmethod  ] Register NMethod: org.junit.platform.commons.util.ReflectionUtils.lambda$isMethodShadowedByLocalMethods$34 (0x000074dd1f79c108) [0x000074dd1f79c200, 0x000074dd1f79cc38] Compiler: c1, Barriers: 2, Oops: 1, ImmediateOops: 0, NonImmediateOops: No
[1,351s][debug][gc,nmethod  ] Register NMethod: java.util.stream.Collectors$CollectorImpl.characteristics (0x000074dd3ec57208) [0x000074dd3ec57300, 0x000074dd3ec573e8] Compiler: c1, Barriers: 1, Oops: 0, ImmediateOops: 0, NonImmediateOops: No
[1,351s][debug][gc,nmethod  ] Register NMethod: java.util.ArrayList$ArrayListSpliterator.characteristics (0x000074dd3ec57508) [0x000074dd3ec57600, 0x000074dd3ec576c0] Compiler: c1, Barriers: 0, Oops: 0, ImmediateOops: 0, NonImmediateOops: No
[1,351s][debug][gc,nmethod  ] Register NMethod: sun.invoke.util.VerifyAccess.getClassModifiers (0x000074dd1f79cc88) [0x000074dd1f79cd80, 0x000074dd1f79d560] Compiler: c1, Barriers: 1, Oops: 0, ImmediateOops: 0, NonImmediateOops: No
[1,351s][debug][gc,nmethod  ] Register NMethod: org.junit.platform.commons.util.ReflectionUtils.hasCompatibleSignature (0x000074dd1f79d588) [0x000074dd1f79d680, 0x000074dd1f79f050] Compiler: c1, Barriers: 5, Oops: 1, ImmediateOops: 0, NonImmediateOops: No
[1,351s][debug][gc,nmethod  ] Register NMethod: java.lang.Module.allows (0x000074dd1f79f088) [0x000074dd1f79f180, 0x000074dd1f79fce8] Compiler: c1, Barriers: 1, Oops: 0, ImmediateOops: 3, NonImmediateOops: No
[1,351s][debug][gc,nmethod  ] Register NMethod: jdk.internal.classfile.impl.AbstractPoolEntry$Utf8EntryImpl.equalsString (0x000074dd1f79fd08) [0x000074dd1f79fe00, 0x000074dd1f7a2ad0] Compiler: c1, Barriers: 23, Oops: 1, ImmediateOops: 8, NonImmediateOops: No
[1,351s][debug][gc,nmethod  ] Register NMethod: java.util.stream.ReduceOps$3ReducingSink.accept (0x000074dd1f7a2b08) [0x000074dd1f7a2c00, 0x000074dd1f7a2f78] Compiler: c1, Barriers: 2, Oops: 0, ImmediateOops: 0, NonImmediateOops: No
[1,352s][debug][gc,director ] Rule Major: Warmup 10%, Used: 82MB, UsedThreshold: 1228MB
[1,352s][debug][gc,nmethod  ] Register NMethod: java.lang.classfile.TypeKind.fromDescriptor (0x000074dd1f7a2f88) [0x000074dd1f7a3080, 0x000074dd1f7a4b70] Compiler: c1, Barriers: 0, Oops: 1, ImmediateOops: 14, NonImmediateOops: No
[1,352s][debug][gc,nmethod  ] Register NMethod: java.lang.invoke.MethodHandle.linkToStatic (0x000074dd3ec57808) [0x000074dd3ec57900, 0x000074dd3ec579f0] Compiler: , Barriers: 0, Oops: 0, ImmediateOops: 0, NonImmediateOops: No
[1,354s][debug][gc,nmethod  ] Register NMethod: java.util.function.Predicate.lambda$isEqual$0 (0x000074dd1f7a4b88) [0x000074dd1f7a4c80, 0x000074dd1f7a4f68] Compiler: c1, Barriers: 0, Oops: 0, ImmediateOops: 0, NonImmediateOops: No
[1,354s][debug][gc,nmethod  ] Register NMethod: java.util.function.Predicate$$Lambda/0x000000006911a970.test (0x000074dd1f7a4f88) [0x000074dd1f7a5080, 0x000074dd1f7a5420] Compiler: c1, Barriers: 1, Oops: 0, ImmediateOops: 0, NonImmediateOops: No
[1,354s][debug][gc,nmethod  ] Register NMethod: org.junit.vintage.engine.descriptor.TestSourceProvider$$Lambda/0x00000000691876d0.apply (0x000074dd1f7a5488) [0x000074dd1f7a5580, 0x000074dd1f7a5a98] Compiler: c1, Barriers: 1, Oops: 1, ImmediateOops: 0, NonImmediateOops: No
[1,354s][debug][gc,nmethod  ] Register NMethod: org.junit.platform.commons.util.FunctionUtils.lambda$where$0 (0x000074dd1f7a5b08) [0x000074dd1f7a5c00, 0x000074dd1f7a6100] Compiler: c1, Barriers: 0, Oops: 1, ImmediateOops: 0, NonImmediateOops: No
[1,354s][debug][gc,nmethod  ] Register NMethod: org.junit.platform.commons.util.FunctionUtils$$Lambda/0x0000000069187b28.test (0x000074dd1f7a6188) [0x000074dd1f7a6280, 0x000074dd1f7a6868] Compiler: c1, Barriers: 2, Oops: 1, ImmediateOops: 0, NonImmediateOops: No
[1,354s][debug][gc,nmethod  ] Register NMethod: org.junit.platform.commons.util.Preconditions.condition (0x000074dd1f7a6888) [0x000074dd1f7a6980, 0x000074dd1f7a6b60] Compiler: c1, Barriers: 0, Oops: 1, ImmediateOops: 0, NonImmediateOops: No
[1,354s][debug][gc,nmethod  ] Register NMethod: java.util.stream.AbstractPipeline.evaluate (0x000074dd1f7a6b88) [0x000074dd1f7a6c80, 0x000074dd1f7a7d70] Compiler: c1, Barriers: 1, Oops: 0, ImmediateOops: 1, NonImmediateOops: No
[1,355s][debug][gc,nmethod  ] Register NMethod: java.util.HashMap.<init> (0x000074dd1f7a7d88) [0x000074dd1f7a7e80, 0x000074dd1f7a9ac8] Compiler: c1, Barriers: 0, Oops: 2, ImmediateOops: 4, NonImmediateOops: No
[1,355s][debug][gc,nmethod  ] Register NMethod: jdk.internal.classfile.impl.BufWriterImpl.<init> (0x000074dd1f7a9b08) [0x000074dd1f7a9c00, 0x000074dd1f7a9d48] Compiler: c1, Barriers: 0, Oops: 0, ImmediateOops: 0, NonImmediateOops: No
[1,355s][debug][gc,nmethod  ] Register NMethod: java.util.jar.JarFile.checkForSpecialAttributes (0x000074dd3ec57b08) [0x000074dd3ec57c00, 0x000074dd3ec58558] Compiler: jvmci, Barriers: 7, Oops: 2, ImmediateOops: 8, NonImmediateOops: No
[1,357s][debug][gc,nmethod  ] Register NMethod: jdk.internal.loader.BuiltinClassLoader.findClassOnClassPathOrNull (0x000074dd1f7a9e08) [0x000074dd1f7a9f00, 0x000074dd1f7ac6c0] Compiler: c1, Barriers: 6, Oops: 1, ImmediateOops: 8, NonImmediateOops: No
[1,358s][debug][gc,nmethod  ] Register NMethod: java.lang.String.replace (0x000074dd3ec58588) [0x000074dd3ec58680, 0x000074dd3ec58d38] Compiler: jvmci, Barriers: 3, Oops: 0, ImmediateOops: 0, NonImmediateOops: No
[1,358s][debug][gc,nmethod  ] Register NMethod: java.util.LinkedHashMap.newNode (0x000074dd1f7ac708) [0x000074dd1f7ac800, 0x000074dd1f7ac9e8] Compiler: c1, Barriers: 0, Oops: 0, ImmediateOops: 0, NonImmediateOops: No
[1,358s][debug][gc,nmethod  ] Register NMethod: java.lang.invoke.MemberName.getModifiers (0x000074dd3ec58d88) [0x000074dd3ec58e80, 0x000074dd3ec58f08] Compiler: jvmci, Barriers: 0, Oops: 0, ImmediateOops: 0, NonImmediateOops: No
[1,360s][debug][gc,nmethod  ] Register NMethod: java.lang.ClassLoader.getUnnamedModule (0x000074dd3ec59088) [0x000074dd3ec59180, 0x000074dd3ec59268] Compiler: c1, Barriers: 1, Oops: 0, ImmediateOops: 0, NonImmediateOops: No
[1,360s][debug][gc,nmethod  ] Register NMethod: java.util.LinkedHashMap.get (0x000074dd1f7aca08) [0x000074dd1f7acb00, 0x000074dd1f7ad0c0] Compiler: c1, Barriers: 1, Oops: 0, ImmediateOops: 0, NonImmediateOops: No
[1,360s][debug][gc,nmethod  ] Register NMethod: java.util.jar.JarFile.getEntry (0x000074dd3ec59388) [0x000074dd3ec59480, 0x000074dd3ec5a988] Compiler: jvmci, Barriers: 14, Oops: 2, ImmediateOops: 8, NonImmediateOops: No
[1,361s][debug][gc,nmethod  ] Register NMethod: java.lang.invoke.MethodHandle.linkToSpecial (0x000074dd3ec5aa08) [0x000074dd3ec5ab00, 0x000074dd3ec5abf8] Compiler: , Barriers: 0, Oops: 0, ImmediateOops: 0, NonImmediateOops: No
[1,362s][debug][gc,director ] Rule Major: Warmup 10%, Used: 84MB, UsedThreshold: 1228MB
[1,362s][debug][gc,nmethod  ] Register NMethod: org.junit.platform.commons.util.Preconditions.notNull (0x000074dd1f7ad108) [0x000074dd1f7ad200, 0x000074dd1f7ad490] Compiler: c1, Barriers: 0, Oops: 1, ImmediateOops: 0, NonImmediateOops: No
[1,364s][debug][gc,nmethod  ] Register NMethod: jdk.internal.misc.VM.isSystemDomainLoader (0x000074dd1f7ad508) [0x000074dd1f7ad600, 0x000074dd1f7ad870] Compiler: c1, Barriers: 0, Oops: 0, ImmediateOops: 1, NonImmediateOops: No
[1,364s][debug][gc,nmethod  ] Register NMethod: java.util.stream.StreamOpFlag.isKnown (0x000074dd1f7ad888) [0x000074dd1f7ad980, 0x000074dd1f7adad8] Compiler: c1, Barriers: 0, Oops: 0, ImmediateOops: 0, NonImmediateOops: No
[1,364s][debug][gc,nmethod  ] Register NMethod: jdk.internal.loader.URLClassPath$JarLoader.getResource (0x000074dd3ec5ad08) [0x000074dd3ec5ae00, 0x000074dd3ec5c540] Compiler: jvmci, Barriers: 19, Oops: 2, ImmediateOops: 8, NonImmediateOops: No
[1,365s][debug][gc,nmethod  ] Register NMethod: java.nio.Buffer.position (0x000074dd1f7adb88) [0x000074dd1f7adc80, 0x000074dd1f7adec0] Compiler: c1, Barriers: 0, Oops: 0, ImmediateOops: 0, NonImmediateOops: No
[1,365s][debug][gc,nmethod  ] Register NMethod: jdk.internal.util.ReferencedKeyMap.removeStaleReferences (0x000074dd3ec5c588) [0x000074dd3ec5c680, 0x000074dd3ec5c7b8] Compiler: jvmci, Barriers: 2, Oops: 0, ImmediateOops: 0, NonImmediateOops: No
[1,365s][debug][gc,nmethod  ] Register NMethod: java.lang.classfile.constantpool.LoadableConstantEntry.typeKind (0x000074dd1f7adf08) [0x000074dd1f7ae000, 0x000074dd1f7ae108] Compiler: c1, Barriers: 0, Oops: 0, ImmediateOops: 1, NonImmediateOops: No
[1,365s][debug][gc,nmethod  ] Register NMethod: jdk.internal.classfile.impl.BytecodeHelpers.ldcOpcode (0x000074dd1f7ae208) [0x000074dd1f7ae300, 0x000074dd1f7aeab0] Compiler: c1, Barriers: 0, Oops: 0, ImmediateOops: 3, NonImmediateOops: No
[1,365s][debug][gc,nmethod  ] Register NMethod: java.lang.classfile.Attributes.stackMapTable (0x000074dd1f7aeb08) [0x000074dd1f7aec00, 0x000074dd1f7aece8] Compiler: c1, Barriers: 0, Oops: 0, ImmediateOops: 1, NonImmediateOops: No
[1,365s][debug][gc,nmethod  ] Register NMethod: jdk.internal.classfile.impl.DirectCodeBuilder.ldc (0x000074dd1f7aee08) [0x000074dd1f7aef00, 0x000074dd1f7afdb8] Compiler: c1, Barriers: 2, Oops: 0, ImmediateOops: 0, NonImmediateOops: No
[1,365s][debug][gc,nmethod  ] Register NMethod: jdk.internal.classfile.impl.DirectCodeBuilder.writeDirectLoadConstant (0x000074dd1f7afe08) [0x000074dd1f7aff00, 0x000074dd1f7b1018] Compiler: c1, Barriers: 4, Oops: 0, ImmediateOops: 0, NonImmediateOops: No
[1,365s][debug][gc,nmethod  ] Register NMethod: java.util.List.of (0x000074dd1f7b1088) [0x000074dd1f7b1180, 0x000074dd1f7b1e88] Compiler: c1, Barriers: 15, Oops: 0, ImmediateOops: 2, NonImmediateOops: No
[1,366s][debug][gc,nmethod  ] Register NMethod: jdk.internal.classfile.impl.AbstractPseudoInstruction.<init> (0x000074dd1f7b1f08) [0x000074dd1f7b2000, 0x000074dd1f7b21b8] Compiler: c1, Barriers: 0, Oops: 0, ImmediateOops: 0, NonImmediateOops: No
[1,366s][debug][gc,nmethod  ] Register NMethod: jdk.internal.classfile.impl.AbstractPseudoInstruction$ExceptionCatchImpl.writeTo (0x000074dd1f7b2208) [0x000074dd1f7b2300, 0x000074dd1f7b2600] Compiler: c1, Barriers: 0, Oops: 0, ImmediateOops: 0, NonImmediateOops: No
[1,366s][debug][gc,nmethod  ] Register NMethod: jdk.internal.classfile.impl.AbstractPseudoInstruction$ExceptionCatchImpl.<init> (0x000074dd1f7b2608) [0x000074dd1f7b2700, 0x000074dd1f7b3510] Compiler: c1, Barriers: 12, Oops: 0, ImmediateOops: 0, NonImmediateOops: No
[1,366s][debug][gc,nmethod  ] Register NMethod: java.util.BitSet.set (0x000074dd3ec5c888) [0x000074dd3ec5c980, 0x000074dd3ec5caf0] Compiler: jvmci, Barriers: 1, Oops: 0, ImmediateOops: 0, NonImmediateOops: No
[1,366s][debug][gc,nmethod  ] Register NMethod: jdk.internal.classfile.impl.BufWriterImpl.writeIndexOrZero (0x000074dd1f7b3588) [0x000074dd1f7b3680, 0x000074dd1f7b4390] Compiler: c1, Barriers: 2, Oops: 0, ImmediateOops: 0, NonImmediateOops: No
[1,366s][debug][gc,nmethod  ] Register NMethod: jdk.internal.constant.ConstantUtils.referenceClassDesc (0x000074dd1f7b4408) [0x000074dd1f7b4500, 0x000074dd1f7b5140] Compiler: c1, Barriers: 2, Oops: 1, ImmediateOops: 2, NonImmediateOops: No
[1,366s][debug][gc,nmethod  ] Register NMethod: java.lang.PublicMethods$MethodList.<init> (0x000074dd1f7b5188) [0x000074dd1f7b5280, 0x000074dd1f7b5450] Compiler: c1, Barriers: 3, Oops: 0, ImmediateOops: 0, NonImmediateOops: No
[1,366s][debug][gc,nmethod  ] Register NMethod: jdk.internal.classfile.impl.DirectCodeBuilder.addHandler (0x000074dd1f7b5488) [0x000074dd1f7b5580, 0x000074dd1f7b7188] Compiler: c1, Barriers: 9, Oops: 0, ImmediateOops: 0, NonImmediateOops: No
[1,366s][debug][gc,nmethod  ] Register NMethod: java.util.jar.JarFile.isMultiRelease (0x000074dd3ec5cb88) [0x000074dd3ec5cc80, 0x000074dd3ec5d620] Compiler: jvmci, Barriers: 7, Oops: 2, ImmediateOops: 8, NonImmediateOops: No
[1,366s][debug][gc,nmethod  ] Register NMethod: org.junit.platform.commons.util.ReflectionUtils$$Lambda/0x00000000691778e0.compare (0x000074dd1f7b7208) [0x000074dd1f7b7300, 0x000074dd1f7b7840] Compiler: c1, Barriers: 0, Oops: 1, ImmediateOops: 0, NonImmediateOops: No
[1,366s][debug][gc,nmethod  ] Register NMethod: java.lang.reflect.Modifier.isPrivate (0x000074dd1f7b7888) [0x000074dd1f7b7980, 0x000074dd1f7b7ab0] Compiler: c1, Barriers: 0, Oops: 0, ImmediateOops: 0, NonImmediateOops: No
[1,366s][debug][gc,nmethod  ] Register NMethod: java.lang.reflect.Method.getRoot (0x000074dd1f7b7b88) [0x000074dd1f7b7c80, 0x000074dd1f7b7f80] Compiler: c1, Barriers: 1, Oops: 0, ImmediateOops: 0, NonImmediateOops: No
[1,367s][debug][gc,nmethod  ] Register NMethod: java.util.Optional.isPresent (0x000074dd1f7b7f88) [0x000074dd1f7b8080, 0x000074dd1f7b8200] Compiler: c1, Barriers: 1, Oops: 0, ImmediateOops: 0, NonImmediateOops: No
[1,367s][debug][gc,nmethod  ] Register NMethod: org.junit.platform.commons.util.ReflectionUtils.defaultMethodSorter (0x000074dd1f7b8288) [0x000074dd1f7b8380, 0x000074dd1f7b9598] Compiler: c1, Barriers: 2, Oops: 1, ImmediateOops: 0, NonImmediateOops: No
[1,367s][debug][gc,nmethod  ] Register NMethod: java.util.LinkedHashMap.values (0x000074dd1f7b9608) [0x000074dd1f7b9700, 0x000074dd1f7b99f8] Compiler: c1, Barriers: 0, Oops: 0, ImmediateOops: 0, NonImmediateOops: No
[1,367s][debug][gc,nmethod  ] Register NMethod: sun.reflect.annotation.AnnotationParser.toArray (0x000074dd1f7b9a08) [0x000074dd1f7b9b00, 0x000074dd1f7ba210] Compiler: c1, Barriers: 0, Oops: 0, ImmediateOops: 1, NonImmediateOops: No
[1,367s][debug][gc,nmethod  ] Register NMethod: java.util.LinkedHashMap.sequencedValues (0x000074dd1f7ba288) [0x000074dd1f7ba380, 0x000074dd1f7ba9f0] Compiler: c1, Barriers: 7, Oops: 0, ImmediateOops: 0, NonImmediateOops: No
[1,367s][debug][gc,nmethod  ] Register NMethod: java.lang.Class.getInterfaces (0x000074dd1f7baa08) [0x000074dd1f7bab00, 0x000074dd1f7bb1d8] Compiler: c1, Barriers: 4, Oops: 0, ImmediateOops: 0, NonImmediateOops: No
[1,367s][debug][gc,nmethod  ] Register NMethod: org.junit.platform.commons.util.AnnotationUtils.isInJavaLangAnnotationPackage (0x000074dd1f7bb208) [0x000074dd1f7bb300, 0x000074dd1f7bbb48] Compiler: c1, Barriers: 1, Oops: 2, ImmediateOops: 1, NonImmediateOops: No
[1,367s][debug][gc,nmethod  ] Register NMethod: java.util.LinkedHashMap$LinkedValues.toArray (0x000074dd1f7bbb88) [0x000074dd1f7bbc80, 0x000074dd1f7bc1b8] Compiler: c1, Barriers: 1, Oops: 0, ImmediateOops: 0, NonImmediateOops: No
[1,367s][debug][gc,nmethod  ] Register NMethod: sun.reflect.annotation.AnnotationInvocationHandler.invoke (0x000074dd1f7bc208) [0x000074dd1f7bc300, 0x000074dd1f7be590] Compiler: c1, Barriers: 10, Oops: 0, ImmediateOops: 7, NonImmediateOops: No
[1,367s][debug][gc,nmethod  ] Register NMethod: java.util.HashMap.prepareArray (0x000074dd1f7be608) [0x000074dd1f7be700, 0x000074dd1f7bf1f8] Compiler: c1, Barriers: 5, Oops: 0, ImmediateOops: 0, NonImmediateOops: No
[1,367s][debug][gc,nmethod  ] Register NMethod: java.util.LinkedHashMap.valuesToArray (0x000074dd1f7bf208) [0x000074dd1f7bf300, 0x000074dd1f7bfc68] Compiler: c1, Barriers: 12, Oops: 0, ImmediateOops: 0, NonImmediateOops: No
[1,367s][debug][gc,nmethod  ] Register NMethod: java.lang.Class.getName (0x000074dd3ec5d688) [0x000074dd3ec5d780, 0x000074dd3ec5d888] Compiler: jvmci, Barriers: 1, Oops: 0, ImmediateOops: 0, NonImmediateOops: No
[1,368s][debug][gc,nmethod  ] Register NMethod: java.lang.classfile.constantpool.ConstantPoolBuilder.of (0x000074dd1f7bfc88) [0x000074dd1f7bfd80, 0x000074dd1f7bff00] Compiler: c1, Barriers: 0, Oops: 0, ImmediateOops: 0, NonImmediateOops: No
[1,368s][debug][gc,nmethod  ] Register NMethod: jdk.internal.classfile.impl.SplitConstantPool.<init> (0x000074dd1f7bff88) [0x000074dd1f7c0080, 0x000074dd1f7c0488] Compiler: c1, Barriers: 9, Oops: 0, ImmediateOops: 0, NonImmediateOops: No
[1,368s][debug][gc,nmethod  ] Register NMethod: jdk.internal.classfile.impl.EntryMap.nextPowerOfTwo (0x000074dd1f7c0508) [0x000074dd1f7c0600, 0x000074dd1f7c0800] Compiler: c1, Barriers: 0, Oops: 0, ImmediateOops: 0, NonImmediateOops: No
[1,368s][debug][gc,nmethod  ] Register NMethod: jdk.internal.classfile.impl.DirectCodeBuilder.return_ (0x000074dd1f7c0808) [0x000074dd1f7c0900, 0x000074dd1f7c0f18] Compiler: c1, Barriers: 1, Oops: 0, ImmediateOops: 0, NonImmediateOops: No
[1,368s][debug][gc,nmethod  ] Register NMethod: jdk.internal.classfile.impl.BytecodeHelpers.returnBytecode (0x000074dd1f7c0f88) [0x000074dd1f7c1080, 0x000074dd1f7c13e0] Compiler: c1, Barriers: 0, Oops: 0, ImmediateOops: 0, NonImmediateOops: No
[1,368s][debug][gc,nmethod  ] Register NMethod: java.lang.Module.implIsExportedOrOpen (0x000074dd1f7c1408) [0x000074dd1f7c1500, 0x000074dd1f7c27a0] Compiler: c1, Barriers: 5, Oops: 0, ImmediateOops: 0, NonImmediateOops: No
[1,368s][debug][gc,nmethod  ] Register NMethod: jdk.internal.classfile.impl.EntryMap.arraySize (0x000074dd1f7c2808) [0x000074dd1f7c2900, 0x000074dd1f7c3ea0] Compiler: c1, Barriers: 0, Oops: 3, ImmediateOops: 4, NonImmediateOops: No
[1,368s][debug][gc,nmethod  ] Register NMethod: jdk.internal.classfile.impl.ClassFileImpl.build (0x000074dd1f7c3f08) [0x000074dd1f7c4000, 0x000074dd1f7c52a0] Compiler: c1, Barriers: 0, Oops: 0, ImmediateOops: 0, NonImmediateOops: No
[1,368s][debug][gc,nmethod  ] Register NMethod: jdk.internal.classfile.impl.DirectClassBuilder.withFlags (0x000074dd1f7c5308) [0x000074dd1f7c5400, 0x000074dd1f7c56d8] Compiler: c1, Barriers: 0, Oops: 0, ImmediateOops: 0, NonImmediateOops: No
[1,369s][debug][gc,nmethod  ] Register NMethod: java.util.jar.JarFile.getJarEntry (0x000074dd3ec5d988) [0x000074dd3ec5da80, 0x000074dd3ec5f0d0] Compiler: jvmci, Barriers: 14, Oops: 2, ImmediateOops: 8, NonImmediateOops: No
[1,369s][debug][gc,nmethod  ] Register NMethod: jdk.internal.classfile.impl.DirectClassBuilder.<init> (0x000074dd1f7c5708) [0x000074dd1f7c5800, 0x000074dd1f7c6ba0] Compiler: c1, Barriers: 28, Oops: 0, ImmediateOops: 5, NonImmediateOops: No
[1,369s][debug][gc,nmethod  ] Register NMethod: jdk.internal.classfile.impl.BufWriterImpl.join (0x000074dd1f7c6c08) [0x000074dd1f7c6d00, 0x000074dd1f7c77f8] Compiler: c1, Barriers: 0, Oops: 0, ImmediateOops: 0, NonImmediateOops: No
[1,369s][debug][gc,nmethod  ] Register NMethod: jdk.internal.classfile.impl.SplitConstantPool.writeBootstrapMethods (0x000074dd1f7c7808) [0x000074dd1f7c7900, 0x000074dd1f7c8cf0] Compiler: c1, Barriers: 2, Oops: 0, ImmediateOops: 0, NonImmediateOops: No
[1,370s][debug][gc,nmethod  ] Register NMethod: jdk.internal.classfile.impl.AbstractPoolEntry$FieldRefEntryImpl.<init> (0x000074dd1f7c8d08) [0x000074dd1f7c8e00, 0x000074dd1f7c8f50] Compiler: c1, Barriers: 0, Oops: 0, ImmediateOops: 0, NonImmediateOops: No
[1,370s][debug][gc,nmethod  ] Register NMethod: java.lang.invoke.MethodHandleNatives.linkMethodHandleConstant (0x000074dd1f7c9008) [0x000074dd1f7c9100, 0x000074dd1f7c9670] Compiler: c1, Barriers: 0, Oops: 0, ImmediateOops: 1, NonImmediateOops: No
[1,371s][debug][gc,nmethod  ] Register NMethod: jdk.internal.classfile.impl.DirectClassBuilder.build (0x000074dd1f7c9688) [0x000074dd1f7c9780, 0x000074dd1f7d1a40] Compiler: c1, Barriers: 26, Oops: 2, ImmediateOops: 6, NonImmediateOops: No
[1,371s][debug][gc,nmethod  ] Register NMethod: java.lang.invoke.MemberName.asSpecial (0x000074dd1f7d1a88) [0x000074dd1f7d1b80, 0x000074dd1f7d33c8] Compiler: c1, Barriers: 0, Oops: 0, ImmediateOops: 0, NonImmediateOops: No
[1,371s][debug][gc,nmethod  ] Register NMethod: java.lang.invoke.MethodHandles$Lookup.resolveOrFail (0x000074dd1f7d3408) [0x000074dd1f7d3500, 0x000074dd1f7d4280] Compiler: c1, Barriers: 1, Oops: 1, ImmediateOops: 3, NonImmediateOops: No
[1,371s][debug][gc,nmethod  ] Register NMethod: java.lang.invoke.MethodHandles$Lookup.checkMethodName (0x000074dd1f7d4308) [0x000074dd1f7d4400, 0x000074dd1f7d5568] Compiler: c1, Barriers: 0, Oops: 2, ImmediateOops: 3, NonImmediateOops: No
[1,372s][debug][gc,nmethod  ] Register NMethod: java.lang.invoke.MethodHandles$Lookup.linkMethodHandleConstant (0x000074dd1f7d5588) [0x000074dd1f7d5680, 0x000074dd1f7d8ef8] Compiler: c1, Barriers: 12, Oops: 0, ImmediateOops: 6, NonImmediateOops: No
[1,372s][debug][gc,nmethod  ] Register NMethod: jdk.internal.classfile.impl.StackCounter.<init> (0x000074dd1f7d8f08) [0x000074dd1f7d9000, 0x000074dd1f7ef9d0] Compiler: c1, Barriers: 95, Oops: 2, ImmediateOops: 18, NonImmediateOops: No
[1,372s][debug][gc,director ] Rule Major: Warmup 10%, Used: 84MB, UsedThreshold: 1228MB
[1,372s][debug][gc,nmethod  ] Register NMethod: java.lang.invoke.MemberName.isField (0x000074dd1f7efa08) [0x000074dd1f7efb00, 0x000074dd1f7efcb8] Compiler: c1, Barriers: 0, Oops: 0, ImmediateOops: 0, NonImmediateOops: No
[1,372s][debug][gc,nmethod  ] Register NMethod: jdk.internal.classfile.impl.StackMapGenerator$Frame.initializeObject (0x000074dd1f7efd08) [0x000074dd1f7efe00, 0x000074dd1f7f0c28] Compiler: c1, Barriers: 12, Oops: 0, ImmediateOops: 1, NonImmediateOops: No
[1,373s][debug][gc,nmethod  ] Register NMethod: jdk.internal.classfile.impl.DirectClassBuilder.withField (0x000074dd1f7f0c88) [0x000074dd1f7f0d80, 0x000074dd1f7f11a0] Compiler: c1, Barriers: 2, Oops: 0, ImmediateOops: 0, NonImmediateOops: No
[1,373s][debug][gc,nmethod  ] Register NMethod: jdk.internal.classfile.impl.DirectClassBuilder.withField (0x000074dd1f7f1208) [0x000074dd1f7f1300, 0x000074dd1f7f1cb8] Compiler: c1, Barriers: 9, Oops: 0, ImmediateOops: 0, NonImmediateOops: No
[1,373s][debug][gc,nmethod  ] Register NMethod: java.lang.invoke.DirectMethodHandle.make (0x000074dd1f7f1d08) [0x000074dd1f7f1e00, 0x000074dd1f7f4648] Compiler: c1, Barriers: 4, Oops: 0, ImmediateOops: 1, NonImmediateOops: No
[1,373s][debug][gc,nmethod  ] Register NMethod: jdk.internal.classfile.impl.DirectFieldBuilder.<init> (0x000074dd1f7f4688) [0x000074dd1f7f4780, 0x000074dd1f7f5648] Compiler: c1, Barriers: 21, Oops: 0, ImmediateOops: 1, NonImmediateOops: No
[1,373s][debug][gc,nmethod  ] Register NMethod: java.lang.classfile.ClassFile.of (0x000074dd1f7f5688) [0x000074dd1f7f5780, 0x000074dd1f7f5868] Compiler: c1, Barriers: 0, Oops: 0, ImmediateOops: 1, NonImmediateOops: No
[1,373s][debug][gc,nmethod  ] Register NMethod: jdk.internal.classfile.impl.DirectFieldBuilder.writeTo (0x000074dd1f7f5988) [0x000074dd1f7f5a80, 0x000074dd1f7fa090] Compiler: c1, Barriers: 5, Oops: 1, ImmediateOops: 6, NonImmediateOops: No
[1,373s][debug][gc,nmethod  ] Register NMethod: jdk.internal.classfile.impl.TemporaryConstantPool.utf8Entry (0x000074dd1f7fa108) [0x000074dd1f7fa200, 0x000074dd1f7fa3b0] Compiler: c1, Barriers: 0, Oops: 0, ImmediateOops: 0, NonImmediateOops: No
[1,373s][debug][gc,nmethod  ] Register NMethod: jdk.internal.classfile.impl.AbstractPoolEntry$Utf8EntryImpl.<init> (0x000074dd1f7fa408) [0x000074dd1f7fa500, 0x000074dd1f7fa858] Compiler: c1, Barriers: 0, Oops: 0, ImmediateOops: 0, NonImmediateOops: No
[1,374s][debug][gc,nmethod  ] Register NMethod: java.lang.System$1.defineClass (0x000074dd1f7fa888) [0x000074dd1f7fa980, 0x000074dd1f7faaf0] Compiler: c1, Barriers: 0, Oops: 0, ImmediateOops: 0, NonImmediateOops: No
[1,374s][debug][gc,nmethod  ] Register NMethod: java.lang.invoke.MethodHandles$Lookup$ClassDefiner.<init> (0x000074dd1f7fab88) [0x000074dd1f7fac80, 0x000074dd1f7fb020] Compiler: c1, Barriers: 12, Oops: 0, ImmediateOops: 0, NonImmediateOops: No
[1,374s][debug][gc,nmethod  ] Register NMethod: java.lang.invoke.MethodHandles$Lookup.makeHiddenClassDefiner (0x000074dd1f7fb088) [0x000074dd1f7fb180, 0x000074dd1f7fb7a8] Compiler: c1, Barriers: 2, Oops: 0, ImmediateOops: 1, NonImmediateOops: No
[1,374s][debug][gc,nmethod  ] Register NMethod: java.util.Collections$UnmodifiableCollection$1.hasNext (0x000074dd1f7fb808) [0x000074dd1f7fb900, 0x000074dd1f7fbc48] Compiler: c1, Barriers: 1, Oops: 0, ImmediateOops: 0, NonImmediateOops: No
[1,374s][debug][gc,nmethod  ] Register NMethod: java.lang.invoke.MethodHandles$Lookup$ClassDefiner.defineClass (0x000074dd1f7fbc88) [0x000074dd1f7fbd80, 0x000074dd1f7fdac8] Compiler: c1, Barriers: 21, Oops: 0, ImmediateOops: 2, NonImmediateOops: No
[1,374s][debug][gc,nmethod  ] Register NMethod: java.util.HashMap.calculateHashMapCapacity (0x000074dd1f7fdb08) [0x000074dd1f7fdc20, 0x000074dd1f7fddb8] Compiler: c1, Barriers: 0, Oops: 0, ImmediateOops: 0, NonImmediateOops: No
[1,374s][debug][gc,nmethod  ] Register NMethod: jdk.internal.util.StrongReferenceKey.hashCode (0x000074dd3ec5f108) [0x000074dd3ec5f200, 0x000074dd3ec5f760] Compiler: jvmci, Barriers: 8, Oops: 0, ImmediateOops: 0, NonImmediateOops: No
[1,375s][debug][gc,nmethod  ] Register NMethod: java.lang.invoke.DirectMethodHandle.make (0x000074dd1f7fde08) [0x000074dd1f7fdf00, 0x000074dd1f7fe778] Compiler: c1, Barriers: 2, Oops: 0, ImmediateOops: 0, NonImmediateOops: No
[1,375s][debug][gc,nmethod  ] Register NMethod: java.lang.invoke.MemberName.asConstructor (0x000074dd1f7fe788) [0x000074dd1f7fe880, 0x000074dd1f7ff4b0] Compiler: c1, Barriers: 0, Oops: 0, ImmediateOops: 0, NonImmediateOops: No
[1,375s][debug][gc,nmethod  ] Register NMethod: java.util.LinkedHashMap$LinkedHashIterator.<init> (0x000074dd1f7ff508) [0x000074dd1f7ff600, 0x000074dd1f7ffad8] Compiler: c1, Barriers: 11, Oops: 0, ImmediateOops: 0, NonImmediateOops: No
[1,375s][debug][gc,nmethod  ] Register NMethod: java.lang.invoke.DirectMethodHandle.makeAllocator (0x000074dd1f7ffb08) [0x000074dd1f7ffc00, 0x000074dd1f800968] Compiler: c1, Barriers: 2, Oops: 0, ImmediateOops: 0, NonImmediateOops: No
[1,375s][debug][gc,nmethod  ] Register NMethod: java.util.stream.StreamOpFlag.fromCharacteristics (0x000074dd1f800988) [0x000074dd1f800a80, 0x000074dd1f801008] Compiler: c1, Barriers: 0, Oops: 0, ImmediateOops: 0, NonImmediateOops: No
[1,375s][debug][gc,nmethod  ] Register NMethod: java.util.stream.StreamSupport.stream (0x000074dd1f801088) [0x000074dd1f801180, 0x000074dd1f801570] Compiler: c1, Barriers: 0, Oops: 0, ImmediateOops: 0, NonImmediateOops: No
[1,375s][debug][gc,nmethod  ] Register NMethod: java.util.stream.ReferencePipeline$Head.<init> (0x000074dd1f801588) [0x000074dd1f801680, 0x000074dd1f801810] Compiler: c1, Barriers: 0, Oops: 0, ImmediateOops: 0, NonImmediateOops: No
[1,376s][debug][gc,nmethod  ] Register NMethod: jdk.internal.misc.Unsafe.storeFence (0x000074dd1f801888) [0x000074dd1f801980, 0x000074dd1f801c58] Compiler: c1, Barriers: 0, Oops: 0, ImmediateOops: 0, NonImmediateOops: No
[1,376s][debug][gc,nmethod  ] Register NMethod: java.lang.StringLatin1.compareTo (0x000074dd1f801c88) [0x000074dd1f801d80, 0x000074dd1f801eb0] Compiler: c1, Barriers: 0, Oops: 0, ImmediateOops: 0, NonImmediateOops: No
[1,376s][debug][gc,nmethod  ] Register NMethod: java.util.Spliterators$ArraySpliterator.characteristics (0x000074dd3ec5f788) [0x000074dd3ec5f880, 0x000074dd3ec5f940] Compiler: c1, Barriers: 0, Oops: 0, ImmediateOops: 0, NonImmediateOops: No
[1,376s][debug][gc,nmethod  ] Register NMethod: java.lang.StringLatin1.compareTo (0x000074dd1f801f88) [0x000074dd1f802080, 0x000074dd1f8023d0] Compiler: c1, Barriers: 0, Oops: 0, ImmediateOops: 0, NonImmediateOops: No
[1,376s][debug][gc,nmethod  ] Register NMethod: jdk.internal.util.ArraysSupport.mismatch (0x000074dd1f802408) [0x000074dd1f802500, 0x000074dd1f8028b8] Compiler: c1, Barriers: 0, Oops: 0, ImmediateOops: 0, NonImmediateOops: No
[1,376s][debug][gc,nmethod  ] Register NMethod: jdk.internal.classfile.impl.AbstractPoolEntry$Utf8EntryImpl.<init> (0x000074dd3ec5fa88) [0x000074dd3ec5fb80, 0x000074dd3ec5fe60] Compiler: jvmci, Barriers: 12, Oops: 0, ImmediateOops: 1, NonImmediateOops: No
[1,377s][debug][gc,nmethod  ] Register NMethod: java.io.ObjectStreamField.getField (0x000074dd3ec5fe88) [0x000074dd3ec5ff80, 0x000074dd3ec60068] Compiler: c1, Barriers: 1, Oops: 0, ImmediateOops: 0, NonImmediateOops: No
[1,377s][debug][gc,nmethod  ] Register NMethod: java.lang.reflect.Field.getType (0x000074dd3ec60188) [0x000074dd3ec60280, 0x000074dd3ec60368] Compiler: c1, Barriers: 1, Oops: 0, ImmediateOops: 0, NonImmediateOops: No
[1,377s][debug][gc,nmethod  ] Register NMethod: java.io.ObjectStreamField.getTypeCode (0x000074dd1f802908) [0x000074dd1f802a00, 0x000074dd1f803390] Compiler: c1, Barriers: 2, Oops: 1, ImmediateOops: 2, NonImmediateOops: No
[1,377s][debug][gc,nmethod  ] Register NMethod: java.util.Collections$UnmodifiableCollection$1.next (0x000074dd1f803408) [0x000074dd1f803500, 0x000074dd1f803840] Compiler: c1, Barriers: 1, Oops: 0, ImmediateOops: 0, NonImmediateOops: No
[1,377s][debug][gc,nmethod  ] Register NMethod: jdk.internal.classfile.impl.TemporaryConstantPool.classEntry (0x000074dd1f803888) [0x000074dd1f803980, 0x000074dd1f803d38] Compiler: c1, Barriers: 0, Oops: 0, ImmediateOops: 0, NonImmediateOops: No
[1,377s][debug][gc,nmethod  ] Register NMethod: jdk.internal.classfile.impl.AbstractPoolEntry$ClassEntryImpl.<init> (0x000074dd1f803d88) [0x000074dd1f803e80, 0x000074dd1f803fc8] Compiler: c1, Barriers: 0, Oops: 0, ImmediateOops: 0, NonImmediateOops: No
[1,377s][debug][gc,nmethod  ] Register NMethod: java.lang.classfile.constantpool.ConstantPoolBuilder.classEntry (0x000074dd1f804088) [0x000074dd1f804180, 0x000074dd1f8072b8] Compiler: c1, Barriers: 9, Oops: 1, ImmediateOops: 2, NonImmediateOops: No
[1,378s][debug][gc,nmethod  ] Register NMethod: java.lang.invoke.MethodHandle.linkToStatic (0x000074dd3ec60488) [0x000074dd3ec60580, 0x000074dd3ec60670] Compiler: , Barriers: 0, Oops: 0, ImmediateOops: 0, NonImmediateOops: No
[1,378s][debug][gc,nmethod  ] Register NMethod: java.util.AbstractCollection.addAll (0x000074dd1f807308) [0x000074dd1f807400, 0x000074dd1f807e08] Compiler: c1, Barriers: 0, Oops: 0, ImmediateOops: 0, NonImmediateOops: No
[1,378s][debug][gc,nmethod  ] Register NMethod: java.lang.String.getBytes (0x000074dd3ec60788) [0x000074dd3ec60880, 0x000074dd3ec60c20] Compiler: jvmci, Barriers: 1, Oops: 0, ImmediateOops: 0, NonImmediateOops: No
[1,378s][debug][gc,nmethod  ] Register NMethod: java.lang.invoke.MethodHandles$Lookup.getDirectConstructor (0x000074dd1f807e88) [0x000074dd1f807f80, 0x000074dd1f8080b0] Compiler: c1, Barriers: 0, Oops: 0, ImmediateOops: 0, NonImmediateOops: No
[1,378s][debug][gc,nmethod  ] Register NMethod: java.lang.invoke.MethodHandle.linkToInterface (0x000074dd3ec60c88) [0x000074dd3ec60d80, 0x000074dd3ec60eb0] Compiler: , Barriers: 0, Oops: 0, ImmediateOops: 0, NonImmediateOops: No
[1,379s][debug][gc,nmethod  ] Register NMethod: java.lang.invoke.MethodHandles$Lookup.getDirectConstructorCommon (0x000074dd1f808188) [0x000074dd1f808280, 0x000074dd1f808f98] Compiler: c1, Barriers: 2, Oops: 0, ImmediateOops: 0, NonImmediateOops: No
[1,379s][debug][gc,nmethod  ] Register NMethod: java.lang.String.substring (0x000074dd1f809008) [0x000074dd1f809100, 0x000074dd1f809898] Compiler: c1, Barriers: 1, Oops: 0, ImmediateOops: 0, NonImmediateOops: No
[1,381s][debug][gc,nmethod  ] Register NMethod: java.util.zip.ZipFile$CleanableResource.getInflater (0x000074dd1f809908) [0x000074dd1f809a00, 0x000074dd1f80a260] Compiler: c1, Barriers: 2, Oops: 0, ImmediateOops: 0, NonImmediateOops: No
[1,381s][debug][gc,nmethod  ] Register NMethod: jdk.internal.constant.ConstantUtils.internalNameToDesc (0x000074dd1f80a288) [0x000074dd1f80a380, 0x000074dd1f80c798] Compiler: c1, Barriers: 4, Oops: 2, ImmediateOops: 12, NonImmediateOops: No
[1,381s][debug][gc,nmethod  ] Register NMethod: java.util.zip.ZipFile$CleanableResource.releaseInflater (0x000074dd1f80c808) [0x000074dd1f80c900, 0x000074dd1f80cf78] Compiler: c1, Barriers: 2, Oops: 0, ImmediateOops: 0, NonImmediateOops: No
[1,382s][debug][gc,nmethod  ] Register NMethod: java.util.ImmutableCollections$ListN.size (0x000074dd3ec60f88) [0x000074dd3ec61080, 0x000074dd3ec61160] Compiler: jvmci, Barriers: 1, Oops: 0, ImmediateOops: 0, NonImmediateOops: No
[1,382s][debug][gc,nmethod  ] Register NMethod: jdk.internal.classfile.impl.SplitConstantPool.utf8Entry (0x000074dd3ec61288) [0x000074dd3ec613a0, 0x000074dd3ec627e8] Compiler: jvmci, Barriers: 31, Oops: 0, ImmediateOops: 2, NonImmediateOops: No
[1,382s][debug][gc,director ] Rule Major: Warmup 10%, Used: 86MB, UsedThreshold: 1228MB
[1,382s][debug][gc,nmethod  ] Register NMethod: java.lang.invoke.TypeConvertingMethodAdapter.classDesc (0x000074dd1f80cf88) [0x000074dd1f80d080, 0x000074dd1f80e228] Compiler: c1, Barriers: 3, Oops: 1, ImmediateOops: 6, NonImmediateOops: No
[1,383s][debug][gc,nmethod  ] Register NMethod: java.util.LinkedHashMap$LinkedKeyIterator.next (0x000074dd1f80e288) [0x000074dd1f80e380, 0x000074dd1f80e880] Compiler: c1, Barriers: 1, Oops: 0, ImmediateOops: 0, NonImmediateOops: No
[1,384s][debug][gc,nmethod  ] Register NMethod: java.lang.invoke.InfoFromMemberName.getModifiers (0x000074dd1f80e888) [0x000074dd1f80e980, 0x000074dd1f80ecd8] Compiler: c1, Barriers: 1, Oops: 0, ImmediateOops: 0, NonImmediateOops: No
[1,384s][debug][gc,nmethod  ] Register NMethod: java.lang.invoke.BoundMethodHandle$Species_L.<init> (0x000074dd1f80ed08) [0x000074dd1f80ee00, 0x000074dd1f80f040] Compiler: c1, Barriers: 3, Oops: 0, ImmediateOops: 0, NonImmediateOops: No
[1,384s][debug][gc,nmethod  ] Register NMethod: jdk.internal.classfile.impl.InterfacesImpl.writeTo (0x000074dd1f80f088) [0x000074dd1f80f180, 0x000074dd1f80f508] Compiler: c1, Barriers: 4, Oops: 0, ImmediateOops: 0, NonImmediateOops: No
[1,384s][debug][gc,nmethod  ] Register NMethod: jdk.internal.classfile.impl.InterfacesImpl.<init> (0x000074dd1f80f588) [0x000074dd1f80f680, 0x000074dd1f80f948] Compiler: c1, Barriers: 3, Oops: 0, ImmediateOops: 0, NonImmediateOops: No
[1,384s][debug][gc,nmethod  ] Register NMethod: java.lang.classfile.ClassBuilder.withInterfaces (0x000074dd1f80f988) [0x000074dd1f80fa80, 0x000074dd1f810310] Compiler: c1, Barriers: 3, Oops: 0, ImmediateOops: 0, NonImmediateOops: No
[1,384s][debug][gc,nmethod  ] Register NMethod: java.lang.classfile.Interfaces.of (0x000074dd1f810388) [0x000074dd1f810480, 0x000074dd1f8107d8] Compiler: c1, Barriers: 3, Oops: 0, ImmediateOops: 0, NonImmediateOops: No
[1,387s][debug][gc,nmethod  ] Register NMethod: jdk.internal.classfile.impl.StackCounter.maxStack (0x000074dd3ec62808) [0x000074dd3ec62900, 0x000074dd3ec629c0] Compiler: c1, Barriers: 0, Oops: 0, ImmediateOops: 0, NonImmediateOops: No
[1,387s][debug][gc,nmethod  ] Register NMethod: jdk.internal.classfile.impl.StackCounter.maxLocals (0x000074dd3ec62b08) [0x000074dd3ec62c00, 0x000074dd3ec62cc0] Compiler: c1, Barriers: 0, Oops: 0, ImmediateOops: 0, NonImmediateOops: No
[1,387s][debug][gc,nmethod  ] Register NMethod: sun.reflect.generics.parser.SignatureParser.advance (0x000074dd3ec62e08) [0x000074dd3ec62f00, 0x000074dd3ec63078] Compiler: jvmci, Barriers: 2, Oops: 0, ImmediateOops: 0, NonImmediateOops: No
[1,388s][debug][gc,nmethod  ] Register NMethod: java.util.Spliterator.getExactSizeIfKnown (0x000074dd1f810808) [0x000074dd1f810900, 0x000074dd1f810e50] Compiler: c1, Barriers: 0, Oops: 0, ImmediateOops: 0, NonImmediateOops: No
[1,388s][debug][gc,nmethod  ] Register NMethod: java.util.stream.AbstractPipeline.wrapAndCopyInto (0x000074dd1f810e88) [0x000074dd1f810f80, 0x000074dd1f8117f0] Compiler: c1, Barriers: 0, Oops: 0, ImmediateOops: 0, NonImmediateOops: No
[1,388s][debug][gc,nmethod  ] Register NMethod: java.lang.Character.isHighSurrogate (0x000074dd1f811808) [0x000074dd1f811900, 0x000074dd1f811a60] Compiler: c1, Barriers: 0, Oops: 0, ImmediateOops: 0, NonImmediateOops: No
[1,388s][debug][gc,nmethod  ] Register NMethod: java.util.stream.AbstractPipeline.wrapSink (0x000074dd1f811b08) [0x000074dd1f811c00, 0x000074dd1f812178] Compiler: c1, Barriers: 2, Oops: 0, ImmediateOops: 0, NonImmediateOops: No
[1,388s][debug][gc,nmethod  ] Register NMethod: java.util.regex.Pattern.lambda$ALL$0 (0x000074dd3ec63108) [0x000074dd3ec63200, 0x000074dd3ec632a0] Compiler: c1, Barriers: 0, Oops: 0, ImmediateOops: 0, NonImmediateOops: No
[1,388s][debug][gc,nmethod  ] Register NMethod: java.lang.Character.codePointAt (0x000074dd1f812188) [0x000074dd1f812280, 0x000074dd1f812c50] Compiler: c1, Barriers: 0, Oops: 0, ImmediateOops: 0, NonImmediateOops: No
[1,388s][debug][gc,nmethod  ] Register NMethod: java.util.stream.AbstractPipeline.copyInto (0x000074dd1f812c88) [0x000074dd1f812d80, 0x000074dd1f813ea0] Compiler: c1, Barriers: 0, Oops: 1, ImmediateOops: 1, NonImmediateOops: No
[1,389s][debug][gc,nmethod  ] Register NMethod: jdk.internal.classfile.impl.AbstractPoolEntry$Utf8EntryImpl.writeTo (0x000074dd3ec63408) [0x000074dd3ec63520, 0x000074dd3ec64090] Compiler: jvmci, Barriers: 7, Oops: 0, ImmediateOops: 0, NonImmediateOops: No
[1,389s][debug][gc,nmethod  ] Register NMethod: java.util.stream.Sink.end (0x000074dd1f813f08) [0x000074dd1f814000, 0x000074dd1f814100] Compiler: c1, Barriers: 0, Oops: 0, ImmediateOops: 0, NonImmediateOops: No
[1,389s][debug][gc,nmethod  ] Register NMethod: java.util.Spliterators$IteratorSpliterator.characteristics (0x000074dd3ec64108) [0x000074dd3ec64200, 0x000074dd3ec642c0] Compiler: c1, Barriers: 0, Oops: 0, ImmediateOops: 0, NonImmediateOops: No
[1,389s][debug][gc,nmethod  ] Register NMethod: jdk.internal.classfile.impl.SplitConstantPool.tryFindClassEntry (0x000074dd1f814208) [0x000074dd1f814300, 0x000074dd1f815960] Compiler: c1, Barriers: 2, Oops: 0, ImmediateOops: 0, NonImmediateOops: No
[1,389s][debug][gc,nmethod  ] Register NMethod: java.lang.invoke.MethodHandles$Lookup.getDirectMethod (0x000074dd1f815988) [0x000074dd1f815a80, 0x000074dd1f815bc0] Compiler: c1, Barriers: 0, Oops: 0, ImmediateOops: 0, NonImmediateOops: No
[1,389s][debug][gc,nmethod  ] Register NMethod: java.lang.invoke.MethodHandles$Lookup.findBoundCallerLookup (0x000074dd1f815c88) [0x000074dd1f815d80, 0x000074dd1f8168d0] Compiler: c1, Barriers: 0, Oops: 0, ImmediateOops: 1, NonImmediateOops: No
[1,389s][debug][gc,nmethod  ] Register NMethod: java.lang.invoke.MethodHandle.linkToInterface (0x000074dd3ec64408) [0x000074dd3ec64500, 0x000074dd3ec64630] Compiler: , Barriers: 0, Oops: 0, ImmediateOops: 0, NonImmediateOops: No
[1,390s][debug][gc,nmethod  ] Register NMethod: java.lang.invoke.MethodHandles$Lookup.checkMethod (0x000074dd1f816908) [0x000074dd1f816a00, 0x000074dd1f8178e8] Compiler: c1, Barriers: 0, Oops: 0, ImmediateOops: 4, NonImmediateOops: No
[1,390s][debug][gc,nmethod  ] Register NMethod: java.lang.invoke.MethodHandles$Lookup.maybeBindCaller (0x000074dd1f817908) [0x000074dd1f817a00, 0x000074dd1f818690] Compiler: c1, Barriers: 1, Oops: 0, ImmediateOops: 1, NonImmediateOops: No
[1,390s][debug][gc,nmethod  ] Register NMethod: java.lang.invoke.MethodHandle.invokeBasic (0x000074dd3ec64708) [0x000074dd3ec64800, 0x000074dd3ec64a98] Compiler: , Barriers: 0, Oops: 0, ImmediateOops: 0, NonImmediateOops: No
[1,390s][debug][gc,nmethod  ] Register NMethod: java.lang.invoke.LambdaFormBuffer.ownedCount (0x000074dd1f818708) [0x000074dd1f818800, 0x000074dd1f818908] Compiler: c1, Barriers: 0, Oops: 0, ImmediateOops: 0, NonImmediateOops: No
[1,390s][debug][gc,nmethod  ] Register NMethod: java.lang.invoke.MethodHandles$Lookup.getDirectMethodCommon (0x000074dd1f818a08) [0x000074dd1f818b00, 0x000074dd1f81bf70] Compiler: c1, Barriers: 11, Oops: 1, ImmediateOops: 1, NonImmediateOops: No
[1,391s][debug][gc,nmethod  ] Register NMethod: jdk.internal.misc.Unsafe.ensureClassInitialized0 (0x000074dd3ec64b08) [0x000074dd3ec64c00, 0x000074dd3ec64d58] Compiler: , Barriers: 0, Oops: 0, ImmediateOops: 0, NonImmediateOops: No
[1,391s][debug][gc,nmethod  ] Register NMethod: java.lang.invoke.LambdaForm$NamedFunction.intrinsicName (0x000074dd1f81bf88) [0x000074dd1f81c080, 0x000074dd1f81c428] Compiler: c1, Barriers: 1, Oops: 0, ImmediateOops: 1, NonImmediateOops: No
[1,391s][debug][gc,nmethod  ] Register NMethod: java.lang.invoke.InvokerBytecodeGenerator.emitStoreResult (0x000074dd1f81c488) [0x000074dd1f81c580, 0x000074dd1f81cc38] Compiler: c1, Barriers: 3, Oops: 0, ImmediateOops: 1, NonImmediateOops: No
[1,391s][debug][gc,nmethod  ] Register NMethod: java.lang.invoke.InvokerBytecodeGenerator.emitPushArguments (0x000074dd1f81cc88) [0x000074dd1f81cd80, 0x000074dd1f81d9a0] Compiler: c1, Barriers: 12, Oops: 0, ImmediateOops: 0, NonImmediateOops: No
[1,391s][debug][gc,nmethod  ] Register NMethod: jdk.internal.misc.Unsafe.putReference (0x000074dd3ec64e08) [0x000074dd3ec64f00, 0x000074dd3ec65070] Compiler: , Barriers: 0, Oops: 0, ImmediateOops: 0, NonImmediateOops: No
[1,391s][debug][gc,nmethod  ] Register NMethod: java.lang.invoke.MemberName.getFieldType (0x000074dd1f81da08) [0x000074dd1f81db00, 0x000074dd1f820398] Compiler: c1, Barriers: 12, Oops: 2, ImmediateOops: 3, NonImmediateOops: No
[1,391s][debug][gc,nmethod  ] Register NMethod: java.util.ArrayList.add (0x000074dd3ec65108) [0x000074dd3ec65200, 0x000074dd3ec65958] Compiler: jvmci, Barriers: 16, Oops: 0, ImmediateOops: 1, NonImmediateOops: No
[1,392s][debug][gc,director ] Rule Major: Warmup 10%, Used: 88MB, UsedThreshold: 1228MB
[1,392s][debug][gc,nmethod  ] Register NMethod: java.util.Objects.equals (0x000074dd3ec65988) [0x000074dd3ec65a80, 0x000074dd3ec65f20] Compiler: jvmci, Barriers: 8, Oops: 0, ImmediateOops: 0, NonImmediateOops: No
[1,393s][debug][gc,nmethod  ] Register NMethod: java.lang.invoke.MethodHandleNatives.staticArgumentsPulled (0x000074dd1f820408) [0x000074dd1f820500, 0x000074dd1f8207e8] Compiler: c1, Barriers: 0, Oops: 0, ImmediateOops: 0, NonImmediateOops: No
[1,393s][debug][gc,nmethod  ] Register NMethod: java.lang.invoke.MethodHandleNatives.linkCallSite (0x000074dd1f820808) [0x000074dd1f820900, 0x000074dd1f821470] Compiler: c1, Barriers: 0, Oops: 0, ImmediateOops: 0, NonImmediateOops: No
[1,393s][debug][gc,nmethod  ] Register NMethod: java.lang.invoke.MethodHandleNatives.linkCallSiteImpl (0x000074dd1f821488) [0x000074dd1f821580, 0x000074dd1f822408] Compiler: c1, Barriers: 9, Oops: 0, ImmediateOops: 0, NonImmediateOops: No
[1,393s][debug][gc,nmethod  ] Register NMethod: java.lang.invoke.ConstantCallSite.<init> (0x000074dd1f822488) [0x000074dd1f822580, 0x000074dd1f822b98] Compiler: c1, Barriers: 4, Oops: 0, ImmediateOops: 1, NonImmediateOops: No
[1,393s][debug][gc,nmethod  ] Register NMethod: java.lang.invoke.CallSite.<init> (0x000074dd1f822c08) [0x000074dd1f822d00, 0x000074dd1f8230e0] Compiler: c1, Barriers: 4, Oops: 0, ImmediateOops: 0, NonImmediateOops: No
[1,393s][debug][gc,nmethod  ] Register NMethod: jdk.internal.misc.Unsafe.storeStoreFence (0x000074dd1f823108) [0x000074dd1f823200, 0x000074dd1f8234d0] Compiler: c1, Barriers: 0, Oops: 0, ImmediateOops: 0, NonImmediateOops: No
[1,393s][debug][gc,nmethod  ] Register NMethod: java.lang.invoke.DirectMethodHandle$Holder.invokeStatic (0x000074dd1f823508) [0x000074dd1f823600, 0x000074dd1f8239d8] Compiler: c1, Barriers: 1, Oops: 0, ImmediateOops: 0, NonImmediateOops: No
[1,393s][debug][gc,nmethod  ] Register NMethod: jdk.internal.misc.CDS.isDumpingArchive (0x000074dd1f823a08) [0x000074dd1f823b00, 0x000074dd1f823bf8] Compiler: c1, Barriers: 0, Oops: 0, ImmediateOops: 0, NonImmediateOops: No
[1,393s][debug][gc,nmethod  ] Register NMethod: java.lang.invoke.BootstrapMethodInvoker.widenAndCast (0x000074dd1f823d08) [0x000074dd1f823e00, 0x000074dd1f825530] Compiler: c1, Barriers: 0, Oops: 0, ImmediateOops: 0, NonImmediateOops: No
[1,394s][debug][gc,nmethod  ] Register NMethod: java.util.ImmutableCollections.listFromTrustedArray (0x000074dd1f825588) [0x000074dd1f825680, 0x000074dd1f826860] Compiler: c1, Barriers: 19, Oops: 0, ImmediateOops: 2, NonImmediateOops: No
[1,394s][debug][gc,nmethod  ] Register NMethod: java.lang.invoke.CallSite.makeSite (0x000074dd1f826888) [0x000074dd1f826980, 0x000074dd1f8291a0] Compiler: c1, Barriers: 7, Oops: 1, ImmediateOops: 7, NonImmediateOops: No
[1,394s][debug][gc,nmethod  ] Register NMethod: java.lang.invoke.LambdaMetafactory.metafactory (0x000074dd1f829208) [0x000074dd1f829300, 0x000074dd1f829eb8] Compiler: c1, Barriers: 0, Oops: 0, ImmediateOops: 2, NonImmediateOops: No
[1,394s][debug][gc,nmethod  ] Register NMethod: jdk.internal.classfile.impl.Util.entryList (0x000074dd1f829f08) [0x000074dd1f82a000, 0x000074dd1f82adf8] Compiler: c1, Barriers: 3, Oops: 1, ImmediateOops: 1, NonImmediateOops: No
[1,394s][debug][gc,nmethod  ] Register NMethod: java.lang.invoke.BootstrapMethodInvoker.invoke (0x000074dd1f82ae08) [0x000074dd1f82af00, 0x000074dd1f834d18] Compiler: c1, Barriers: 54, Oops: 0, ImmediateOops: 9, NonImmediateOops: No
[1,394s][debug][gc,nmethod  ] Register NMethod: jdk.internal.classfile.impl.Util.pow31 (0x000074dd1f834d88) [0x000074dd1f834e80, 0x000074dd1f835130] Compiler: c1, Barriers: 0, Oops: 1, ImmediateOops: 1, NonImmediateOops: No
[1,395s][debug][gc,nmethod  ] Register NMethod: java.lang.invoke.InnerClassLambdaMetafactory.convertArgumentTypes (0x000074dd1f835188) [0x000074dd1f835280, 0x000074dd1f836548] Compiler: c1, Barriers: 12, Oops: 0, ImmediateOops: 1, NonImmediateOops: No
[1,395s][debug][gc,nmethod  ] Register NMethod: java.util.regex.Pattern$$Lambda/0x00000000690b27a0.is (0x000074dd3ec65f88) [0x000074dd3ec66080, 0x000074dd3ec66110] Compiler: jvmci, Barriers: 0, Oops: 0, ImmediateOops: 0, NonImmediateOops: No
[1,395s][debug][gc,nmethod  ] Register NMethod: java.lang.invoke.InnerClassLambdaMetafactory$1.accept (0x000074dd1f836588) [0x000074dd1f836680, 0x000074dd1f839f48] Compiler: c1, Barriers: 41, Oops: 0, ImmediateOops: 0, NonImmediateOops: No
[1,395s][debug][gc,nmethod  ] Register NMethod: java.lang.invoke.AbstractValidatingLambdaMetafactory.checkDescriptor (0x000074dd1f839f88) [0x000074dd1f83a080, 0x000074dd1f83e620] Compiler: c1, Barriers: 37, Oops: 3, ImmediateOops: 7, NonImmediateOops: No
[1,396s][debug][gc,nmethod  ] Register NMethod: java.util.regex.Pattern$$Lambda/0x0000000069111b68.is (0x000074dd1f83e688) [0x000074dd1f83e780, 0x000074dd1f83e8e0] Compiler: c1, Barriers: 0, Oops: 0, ImmediateOops: 0, NonImmediateOops: No
[1,396s][debug][gc,nmethod  ] Register NMethod: java.lang.invoke.InnerClassLambdaMetafactory$3.accept (0x000074dd1f83e988) [0x000074dd1f83ea80, 0x000074dd1f841018] Compiler: c1, Barriers: 18, Oops: 1, ImmediateOops: 5, NonImmediateOops: No
[1,396s][debug][gc,nmethod  ] Register NMethod: java.util.regex.Pattern$BmpCharProperty.match (0x000074dd1f841088) [0x000074dd1f841180, 0x000074dd1f841a18] Compiler: c1, Barriers: 2, Oops: 0, ImmediateOops: 0, NonImmediateOops: No
[1,396s][debug][gc,nmethod  ] Register NMethod: java.util.regex.Pattern$GroupTail.match (0x000074dd1f841a88) [0x000074dd1f841b80, 0x000074dd1f842118] Compiler: c1, Barriers: 4, Oops: 0, ImmediateOops: 0, NonImmediateOops: No
[1,396s][debug][gc,nmethod  ] Register NMethod: java.lang.Character.isLowSurrogate (0x000074dd1f842188) [0x000074dd1f842280, 0x000074dd1f8423e0] Compiler: c1, Barriers: 0, Oops: 0, ImmediateOops: 0, NonImmediateOops: No
[1,396s][debug][gc,nmethod  ] Register NMethod: java.util.concurrent.ConcurrentHashMap.putIfAbsent (0x000074dd3ec66288) [0x000074dd3ec66380, 0x000074dd3ec68ba8] Compiler: jvmci, Barriers: 92, Oops: 0, ImmediateOops: 0, NonImmediateOops: No
[1,396s][debug][gc,nmethod  ] Register NMethod: java.util.Optional.isEmpty (0x000074dd1f842488) [0x000074dd1f842580, 0x000074dd1f842700] Compiler: c1, Barriers: 1, Oops: 0, ImmediateOops: 0, NonImmediateOops: No
[1,396s][debug][gc,nmethod  ] Register NMethod: java.lang.Character.codePointBefore (0x000074dd1f842788) [0x000074dd1f842880, 0x000074dd1f843048] Compiler: c1, Barriers: 0, Oops: 0, ImmediateOops: 0, NonImmediateOops: No
[1,396s][debug][gc,nmethod  ] Register NMethod: java.lang.invoke.MethodHandles$Lookup.hasFullPrivilegeAccess (0x000074dd1f843088) [0x000074dd1f843180, 0x000074dd1f8432d8] Compiler: c1, Barriers: 0, Oops: 0, ImmediateOops: 0, NonImmediateOops: No
[1,397s][debug][gc,nmethod  ] Register NMethod: java.lang.invoke.MethodHandle.linkToVirtual (0x000074dd3ec68c08) [0x000074dd3ec68d00, 0x000074dd3ec68d28] Compiler: , Barriers: 0, Oops: 0, ImmediateOops: 0, NonImmediateOops: No
[1,397s][debug][gc,nmethod  ] Register NMethod: java.lang.invoke.InnerClassLambdaMetafactory$6.accept (0x000074dd1f843388) [0x000074dd1f843480, 0x000074dd1f8497b0] Compiler: c1, Barriers: 44, Oops: 4, ImmediateOops: 10, NonImmediateOops: No
[1,397s][debug][gc,nmethod  ] Register NMethod: java.lang.invoke.InfoFromMemberName.<init> (0x000074dd1f849808) [0x000074dd1f849900, 0x000074dd1f849af8] Compiler: c1, Barriers: 3, Oops: 0, ImmediateOops: 0, NonImmediateOops: No
[1,397s][debug][gc,nmethod  ] Register NMethod: java.lang.invoke.MethodHandles$Lookup.revealDirect (0x000074dd1f849b08) [0x000074dd1f849c00, 0x000074dd1f84c928] Compiler: c1, Barriers: 2, Oops: 2, ImmediateOops: 4, NonImmediateOops: No
[1,397s][debug][gc,nmethod  ] Register NMethod: java.lang.invoke.InnerClassLambdaMetafactory.<init> (0x000074dd1f84c988) [0x000074dd1f84ca80, 0x000074dd1f856a78] Compiler: c1, Barriers: 79, Oops: 7, ImmediateOops: 32, NonImmediateOops: No
[1,397s][debug][gc,nmethod  ] Register NMethod: java.lang.invoke.InnerClassLambdaMetafactory.implClassDesc (0x000074dd1f856b08) [0x000074dd1f856c00, 0x000074dd1f857aa8] Compiler: c1, Barriers: 2, Oops: 1, ImmediateOops: 2, NonImmediateOops: No
[1,398s][debug][gc,nmethod  ] Register NMethod: java.lang.invoke.AbstractValidatingLambdaMetafactory.validateMetafactoryArgs (0x000074dd1f857b08) [0x000074dd1f857c00, 0x000074dd1f865b50] Compiler: c1, Barriers: 156, Oops: 7, ImmediateOops: 25, NonImmediateOops: No
[1,398s][debug][gc,nmethod  ] Register NMethod: java.lang.invoke.InfoFromMemberName.getMethodType (0x000074dd1f865c08) [0x000074dd1f865d00, 0x000074dd1f866030] Compiler: c1, Barriers: 1, Oops: 0, ImmediateOops: 0, NonImmediateOops: No
[1,398s][debug][gc,nmethod  ] Register NMethod: java.lang.invoke.AbstractValidatingLambdaMetafactory.isAdaptableToAsReturn (0x000074dd1f866088) [0x000074dd1f866180, 0x000074dd1f866860] Compiler: c1, Barriers: 0, Oops: 1, ImmediateOops: 2, NonImmediateOops: No
[1,398s][debug][gc,nmethod  ] Register NMethod: java.lang.invoke.InfoFromMemberName.getName (0x000074dd1f866888) [0x000074dd1f866980, 0x000074dd1f8671b8] Compiler: c1, Barriers: 6, Oops: 0, ImmediateOops: 0, NonImmediateOops: No
[1,398s][debug][gc,nmethod  ] Register NMethod: java.lang.invoke.InnerClassLambdaMetafactory.sanitizedTargetClassName (0x000074dd1f867208) [0x000074dd1f867300, 0x000074dd1f867ce0] Compiler: c1, Barriers: 1, Oops: 0, ImmediateOops: 0, NonImmediateOops: No
[1,398s][debug][gc,nmethod  ] Register NMethod: java.lang.invoke.AbstractValidatingLambdaMetafactory.isAdaptableToAsReturnStrict (0x000074dd1f867d08) [0x000074dd1f867e00, 0x000074dd1f868728] Compiler: c1, Barriers: 0, Oops: 1, ImmediateOops: 2, NonImmediateOops: No
[1,398s][debug][gc,nmethod  ] Register NMethod: jdk.internal.misc.CDS.isUsingArchive (0x000074dd1f868788) [0x000074dd1f868880, 0x000074dd1f868978] Compiler: c1, Barriers: 0, Oops: 0, ImmediateOops: 0, NonImmediateOops: No
[1,398s][debug][gc,nmethod  ] Register NMethod: java.lang.invoke.InnerClassLambdaMetafactory.spinInnerClass (0x000074dd1f868a88) [0x000074dd1f868b80, 0x000074dd1f868df8] Compiler: c1, Barriers: 0, Oops: 0, ImmediateOops: 0, NonImmediateOops: No
[1,398s][debug][gc,nmethod  ] Register NMethod: java.lang.invoke.InnerClassLambdaMetafactory$1.<init> (0x000074dd1f868e08) [0x000074dd1f868f00, 0x000074dd1f869298] Compiler: c1, Barriers: 6, Oops: 0, ImmediateOops: 0, NonImmediateOops: No
[1,398s][debug][gc,nmethod  ] Register NMethod: java.lang.invoke.InnerClassLambdaMetafactory$1.accept (0x000074dd1f869308) [0x000074dd1f869400, 0x000074dd1f869768] Compiler: c1, Barriers: 0, Oops: 0, ImmediateOops: 0, NonImmediateOops: No
[1,399s][debug][gc,nmethod  ] Register NMethod: java.lang.invoke.InnerClassLambdaMetafactory.lambdaClassName (0x000074dd1f869788) [0x000074dd1f869880, 0x000074dd1f86c618] Compiler: c1, Barriers: 6, Oops: 1, ImmediateOops: 8, NonImmediateOops: No
[1,399s][debug][gc,nmethod  ] Register NMethod: jdk.internal.access.SharedSecrets.getJavaUtilCollectionAccess (0x000074dd1f86c688) [0x000074dd1f86c780, 0x000074dd1f86ca10] Compiler: c1, Barriers: 2, Oops: 1, ImmediateOops: 3, NonImmediateOops: No
[1,399s][debug][gc,nmethod  ] Register NMethod: java.lang.invoke.InnerClassLambdaMetafactory.buildCallSite (0x000074dd1f86ca88) [0x000074dd1f86cb80, 0x000074dd1f86eb28] Compiler: c1, Barriers: 16, Oops: 1, ImmediateOops: 6, NonImmediateOops: No
[1,399s][debug][gc,nmethod  ] Register NMethod: java.lang.classfile.ClassBuilder.withInterfaceSymbols (0x000074dd1f86eb88) [0x000074dd1f86ec80, 0x000074dd1f86f788] Compiler: c1, Barriers: 3, Oops: 0, ImmediateOops: 0, NonImmediateOops: No
[1,399s][debug][gc,nmethod  ] Register NMethod: java.util.ImmutableCollections$Access$1.listFromTrustedArray (0x000074dd1f86f808) [0x000074dd1f86f900, 0x000074dd1f86fa30] Compiler: c1, Barriers: 0, Oops: 0, ImmediateOops: 0, NonImmediateOops: No
[1,399s][debug][gc,nmethod  ] Register NMethod: java.lang.invoke.InnerClassLambdaMetafactory$3.<init> (0x000074dd1f86fb08) [0x000074dd1f86fc00, 0x000074dd1f86ff28] Compiler: c1, Barriers: 3, Oops: 0, ImmediateOops: 0, NonImmediateOops: No
[1,399s][debug][gc,nmethod  ] Register NMethod: java.lang.invoke.InnerClassLambdaMetafactory$3.accept (0x000074dd1f86ff88) [0x000074dd1f870080, 0x000074dd1f8703e8] Compiler: c1, Barriers: 0, Oops: 0, ImmediateOops: 0, NonImmediateOops: No
[1,399s][debug][gc,nmethod  ] Register NMethod: java.lang.invoke.InnerClassLambdaMetafactory.generateConstructor (0x000074dd1f870408) [0x000074dd1f870500, 0x000074dd1f870a78] Compiler: c1, Barriers: 4, Oops: 1, ImmediateOops: 1, NonImmediateOops: No
[1,399s][debug][gc,nmethod  ] Register NMethod: java.lang.invoke.InnerClassLambdaMetafactory.forwardingMethod (0x000074dd1f870a88) [0x000074dd1f870b80, 0x000074dd1f870ee8] Compiler: c1, Barriers: 6, Oops: 0, ImmediateOops: 0, NonImmediateOops: No
[1,399s][debug][gc,nmethod  ] Register NMethod: jdk.internal.classfile.impl.DirectCodeBuilder.invokespecial (0x000074dd1f870f08) [0x000074dd1f871000, 0x000074dd1f871b70] Compiler: c1, Barriers: 2, Oops: 0, ImmediateOops: 0, NonImmediateOops: No
[1,399s][debug][gc,nmethod  ] Register NMethod: java.lang.invoke.InnerClassLambdaMetafactory$6.<init> (0x000074dd1f871b88) [0x000074dd1f871c80, 0x000074dd1f872010] Compiler: c1, Barriers: 6, Oops: 0, ImmediateOops: 0, NonImmediateOops: No
[1,399s][debug][gc,nmethod  ] Register NMethod: java.lang.invoke.AbstractValidatingLambdaMetafactory.<init> (0x000074dd1f872088) [0x000074dd1f872180, 0x000074dd1f87d268] Compiler: c1, Barriers: 117, Oops: 5, ImmediateOops: 13, NonImmediateOops: No
[1,400s][debug][gc,nmethod  ] Register NMethod: java.lang.invoke.InnerClassLambdaMetafactory.generateInnerClass (0x000074dd1f87d308) [0x000074dd1f87d400, 0x000074dd1f881508] Compiler: c1, Barriers: 30, Oops: 2, ImmediateOops: 11, NonImmediateOops: No
[1,400s][debug][gc,nmethod  ] Register NMethod: java.lang.invoke.InnerClassLambdaMetafactory$6.accept (0x000074dd1f881588) [0x000074dd1f881680, 0x000074dd1f8819e8] Compiler: c1, Barriers: 0, Oops: 0, ImmediateOops: 0, NonImmediateOops: No
[1,400s][debug][gc,nmethod  ] Register NMethod: java.lang.invoke.MethodHandleStatics.dumper (0x000074dd1f881a08) [0x000074dd1f881b00, 0x000074dd1f881be8] Compiler: c1, Barriers: 0, Oops: 0, ImmediateOops: 1, NonImmediateOops: No
[1,400s][debug][gc,nmethod  ] Register NMethod: java.util.LinkedHashMap.keySet (0x000074dd1f881d08) [0x000074dd1f881e00, 0x000074dd1f8820f8] Compiler: c1, Barriers: 0, Oops: 0, ImmediateOops: 0, NonImmediateOops: No
[1,400s][debug][gc,nmethod  ] Register NMethod: java.lang.invoke.MethodHandles$Lookup.makeHiddenClassDefiner (0x000074dd1f882108) [0x000074dd1f882200, 0x000074dd1f8824a8] Compiler: c1, Barriers: 0, Oops: 0, ImmediateOops: 0, NonImmediateOops: No
[1,400s][debug][gc,nmethod  ] Register NMethod: java.util.LinkedHashMap.sequencedKeySet (0x000074dd1f882508) [0x000074dd1f882600, 0x000074dd1f882cd8] Compiler: c1, Barriers: 7, Oops: 0, ImmediateOops: 0, NonImmediateOops: No
[1,400s][debug][gc,nmethod  ] Register NMethod: java.util.LinkedHashMap$LinkedKeyIterator.<init> (0x000074dd1f882d08) [0x000074dd1f882e00, 0x000074dd1f883088] Compiler: c1, Barriers: 0, Oops: 0, ImmediateOops: 0, NonImmediateOops: No
[1,400s][debug][gc,nmethod  ] Register NMethod: jdk.internal.util.DecimalDigits.uncheckedPutCharLatin1 (0x000074dd1f883108) [0x000074dd1f883200, 0x000074dd1f883300] Compiler: c1, Barriers: 0, Oops: 0, ImmediateOops: 0, NonImmediateOops: No
[1,400s][debug][gc,nmethod  ] Register NMethod: java.util.LinkedHashMap$LinkedKeySet.iterator (0x000074dd1f883408) [0x000074dd1f883500, 0x000074dd1f883890] Compiler: c1, Barriers: 1, Oops: 0, ImmediateOops: 0, NonImmediateOops: No
[1,400s][debug][gc,nmethod  ] Register NMethod: java.lang.invoke.InnerClassLambdaMetafactory.invocationOpcode (0x000074dd1f883908) [0x000074dd1f883a00, 0x000074dd1f8848a8] Compiler: c1, Barriers: 0, Oops: 1, ImmediateOops: 7, NonImmediateOops: No
[1,400s][debug][gc,nmethod  ] Register NMethod: java.lang.invoke.MethodHandles$Lookup.findConstructor (0x000074dd1f884908) [0x000074dd1f884a00, 0x000074dd1f885f28] Compiler: c1, Barriers: 2, Oops: 1, ImmediateOops: 3, NonImmediateOops: No
[1,402s][debug][gc,director ] Rule Major: Warmup 10%, Used: 88MB, UsedThreshold: 1228MB
[1,405s][debug][gc,nmethod  ] Register NMethod: java.lang.String.indexOf (0x000074dd3ec68f08) [0x000074dd3ec69000, 0x000074dd3ec692e0] Compiler: jvmci, Barriers: 2, Oops: 0, ImmediateOops: 0, NonImmediateOops: No
[1,406s][debug][gc,nmethod  ] Register NMethod: jdk.internal.loader.BuiltinClassLoader.isSealed (0x000074dd1f885f88) [0x000074dd1f886080, 0x000074dd1f889b30] Compiler: c1, Barriers: 10, Oops: 3, ImmediateOops: 15, NonImmediateOops: No
[1,412s][debug][gc,nmethod  ] Register NMethod: java.lang.invoke.MethodHandle.linkToStatic (0x000074dd3ec69308) [0x000074dd3ec69400, 0x000074dd3ec694f0] Compiler: , Barriers: 0, Oops: 0, ImmediateOops: 0, NonImmediateOops: No
[1,412s][debug][gc,nmethod  ] Register NMethod: java.util.Properties.loadConvert (0x000074dd1f889b88) [0x000074dd1f889c80, 0x000074dd1f88baf0] Compiler: c1, Barriers: 0, Oops: 0, ImmediateOops: 3, NonImmediateOops: No
[1,412s][debug][gc,nmethod  ] Register NMethod: java.lang.invoke.BoundMethodHandle$Species_L.make (0x000074dd1f88bb08) [0x000074dd1f88bc00, 0x000074dd1f88be68] Compiler: c1, Barriers: 3, Oops: 0, ImmediateOops: 0, NonImmediateOops: No
[1,412s][debug][gc,nmethod  ] Register NMethod: jdk.internal.misc.Unsafe.shouldBeInitialized (0x000074dd1f88be88) [0x000074dd1f88bf80, 0x000074dd1f88c1a0] Compiler: c1, Barriers: 0, Oops: 0, ImmediateOops: 0, NonImmediateOops: No
[1,412s][debug][gc,director ] Rule Major: Warmup 10%, Used: 90MB, UsedThreshold: 1228MB
[1,414s][debug][gc,nmethod  ] Register NMethod: java.nio.DirectIntBufferU.ix (0x000074dd3ec69608) [0x000074dd3ec69700, 0x000074dd3ec69790] Compiler: jvmci, Barriers: 0, Oops: 0, ImmediateOops: 0, NonImmediateOops: No
[1,415s][debug][gc,nmethod  ] Register NMethod: java.lang.AbstractStringBuilder.append (0x000074dd3ec69908) [0x000074dd3ec69a00, 0x000074dd3ec6a230] Compiler: jvmci, Barriers: 4, Oops: 0, ImmediateOops: 0, NonImmediateOops: No
[1,419s][debug][gc,nmethod  ] Register NMethod: java.lang.String.startsWith (0x000074dd1f88c208) [0x000074dd1f88c300, 0x000074dd1f88d520] Compiler: c1, Barriers: 2, Oops: 0, ImmediateOops: 0, NonImmediateOops: No
[1,419s][debug][gc,nmethod  ] Register NMethod: jdk.internal.util.ArraysSupport.vectorizedMismatch (0x000074dd1f88d588) [0x000074dd1f88d680, 0x000074dd1f88da90] Compiler: c1, Barriers: 0, Oops: 0, ImmediateOops: 0, NonImmediateOops: No
[1,419s][debug][gc,nmethod  ] Register NMethod: java.lang.String.startsWith (0x000074dd1f88db08) [0x000074dd1f88dc00, 0x000074dd1f88def8] Compiler: c1, Barriers: 0, Oops: 0, ImmediateOops: 0, NonImmediateOops: No
[1,419s][debug][gc,nmethod  ] Register NMethod: jdk.internal.util.ArraysSupport.mismatch (0x000074dd1f88df08) [0x000074dd1f88e000, 0x000074dd1f88e3e0] Compiler: c1, Barriers: 0, Oops: 0, ImmediateOops: 0, NonImmediateOops: No
[1,420s][debug][gc,nmethod  ] Register NMethod: java.util.ArrayList.indexOfRange (0x000074dd1f88e408) [0x000074dd1f88e500, 0x000074dd1f88eb38] Compiler: c1, Barriers: 3, Oops: 0, ImmediateOops: 0, NonImmediateOops: No
[1,420s][debug][gc,nmethod  ] Register NMethod: java.util.ArrayList.indexOf (0x000074dd1f88eb88) [0x000074dd1f88ec80, 0x000074dd1f88edd0] Compiler: c1, Barriers: 0, Oops: 0, ImmediateOops: 0, NonImmediateOops: No
[1,420s][debug][gc,nmethod  ] Register NMethod: java.util.ArrayList.contains (0x000074dd1f88ee88) [0x000074dd1f88ef80, 0x000074dd1f88f198] Compiler: c1, Barriers: 0, Oops: 0, ImmediateOops: 0, NonImmediateOops: No
[1,420s][debug][gc,nmethod  ] Register NMethod: java.lang.Boolean.booleanValue (0x000074dd3ec6a288) [0x000074dd3ec6a380, 0x000074dd3ec6a440] Compiler: c1, Barriers: 0, Oops: 0, ImmediateOops: 0, NonImmediateOops: No
[1,421s][debug][gc,nmethod  ] Register NMethod: java.util.Arrays.fill (0x000074dd1f88f208) [0x000074dd1f88f300, 0x000074dd1f88f508] Compiler: c1, Barriers: 0, Oops: 0, ImmediateOops: 0, NonImmediateOops: No
[1,421s][debug][gc,nmethod  ] Register NMethod: com.sun.org.apache.xerces.internal.util.Status.isExceptional (0x000074dd3ec6a588) [0x000074dd3ec6a680, 0x000074dd3ec6a740] Compiler: c1, Barriers: 0, Oops: 0, ImmediateOops: 0, NonImmediateOops: No
[1,422s][debug][gc,nmethod  ] Register NMethod: com.sun.org.apache.xerces.internal.util.XMLChar.isValid (0x000074dd1f88f588) [0x000074dd1f88f680, 0x000074dd1f88f868] Compiler: c1, Barriers: 0, Oops: 0, ImmediateOops: 1, NonImmediateOops: No
[1,422s][debug][gc,nmethod  ] Register NMethod: com.sun.org.apache.xerces.internal.util.XMLChar.isInvalid (0x000074dd1f88f888) [0x000074dd1f88f980, 0x000074dd1f88fc10] Compiler: c1, Barriers: 0, Oops: 0, ImmediateOops: 1, NonImmediateOops: No
[1,423s][debug][gc,director ] Rule Major: Warmup 10%, Used: 90MB, UsedThreshold: 1228MB
[1,423s][debug][gc,nmethod  ] Register NMethod: java.util.Arrays.fill (0x000074dd3ec6a888) [0x000074dd3ec6a980, 0x000074dd3ec6ab78] Compiler: jvmci, Barriers: 0, Oops: 0, ImmediateOops: 0, NonImmediateOops: No
[1,423s][debug][gc,nmethod  ] Register NMethod: java.lang.CharacterDataLatin1.getPropertiesEx (0x000074dd1f88fc88) [0x000074dd1f88fd80, 0x000074dd1f88feb0] Compiler: c1, Barriers: 0, Oops: 0, ImmediateOops: 1, NonImmediateOops: No
[1,423s][debug][gc,nmethod  ] Register NMethod: java.lang.CharacterDataLatin1.isUpperCase (0x000074dd1f88ff88) [0x000074dd1f890080, 0x000074dd1f890418] Compiler: c1, Barriers: 0, Oops: 0, ImmediateOops: 1, NonImmediateOops: No
[1,424s][debug][gc,nmethod  ] Register NMethod: java.lang.StringLatin1.toLowerCase (0x000074dd1f890488) [0x000074dd1f890580, 0x000074dd1f891850] Compiler: c1, Barriers: 5, Oops: 1, ImmediateOops: 6, NonImmediateOops: No
[1,425s][debug][gc,nmethod  ] Register NMethod: java.lang.String.toLowerCase (0x000074dd1f891888) [0x000074dd1f891980, 0x000074dd1f891e30] Compiler: c1, Barriers: 2, Oops: 0, ImmediateOops: 0, NonImmediateOops: No
[1,428s][debug][gc,nmethod  ] Register NMethod: java.lang.CharacterDataLatin1.equalsIgnoreCase (0x000074dd3ec6ab88) [0x000074dd3ec6ac80, 0x000074dd3ec6ad90] Compiler: jvmci, Barriers: 0, Oops: 0, ImmediateOops: 0, NonImmediateOops: No
[1,429s][debug][gc,nmethod  ] Register NMethod: java.lang.StringLatin1.regionMatchesCI (0x000074dd3ec6ae88) [0x000074dd3ec6af80, 0x000074dd3ec6b150] Compiler: jvmci, Barriers: 0, Oops: 0, ImmediateOops: 0, NonImmediateOops: No
[1,431s][debug][gc,nmethod  ] Register NMethod: ch.qos.logback.core.joran.spi.ElementPath.size (0x000074dd1f891e88) [0x000074dd1f891f80, 0x000074dd1f8920e0] Compiler: c1, Barriers: 1, Oops: 1, ImmediateOops: 0, NonImmediateOops: No
[1,431s][debug][gc,nmethod  ] Register NMethod: ch.qos.logback.core.joran.spi.ElementPath.get (0x000074dd1f892188) [0x000074dd1f892280, 0x000074dd1f8927c0] Compiler: c1, Barriers: 3, Oops: 1, ImmediateOops: 0, NonImmediateOops: No
[1,431s][debug][gc,nmethod  ] Register NMethod: java.lang.String.regionMatches (0x000074dd3ec6b188) [0x000074dd3ec6b280, 0x000074dd3ec6b5c8] Compiler: jvmci, Barriers: 2, Oops: 0, ImmediateOops: 0, NonImmediateOops: No
[1,432s][debug][gc,nmethod  ] Register NMethod: java.lang.PublicMethods$MethodList.length (0x000074dd1f892808) [0x000074dd1f892900, 0x000074dd1f892b08] Compiler: c1, Barriers: 2, Oops: 0, ImmediateOops: 0, NonImmediateOops: No
[1,432s][debug][gc,nmethod  ] Register NMethod: java.lang.PublicMethods$Key.<init> (0x000074dd1f892b88) [0x000074dd1f892c80, 0x000074dd1f893200] Compiler: c1, Barriers: 8, Oops: 1, ImmediateOops: 2, NonImmediateOops: No
[1,432s][debug][gc,nmethod  ] Register NMethod: java.lang.PublicMethods.merge (0x000074dd1f893288) [0x000074dd1f893380, 0x000074dd1f894420] Compiler: c1, Barriers: 14, Oops: 1, ImmediateOops: 2, NonImmediateOops: No
[1,432s][debug][gc,nmethod  ] Register NMethod: java.lang.PublicMethods$MethodList.merge (0x000074dd1f894488) [0x000074dd1f894580, 0x000074dd1f8964a0] Compiler: c1, Barriers: 25, Oops: 0, ImmediateOops: 0, NonImmediateOops: No
[1,433s][debug][gc,director ] Rule Major: Warmup 10%, Used: 92MB, UsedThreshold: 1228MB
[1,433s][debug][gc,nmethod  ] Register NMethod: java.lang.CharacterData.of (0x000074dd3ec6b608) [0x000074dd3ec6b700, 0x000074dd3ec6b7e8] Compiler: jvmci, Barriers: 0, Oops: 0, ImmediateOops: 2, NonImmediateOops: No
[1,433s][debug][gc,nmethod  ] Register NMethod: java.util.StringJoiner.checkAddLength (0x000074dd1f896508) [0x000074dd1f896600, 0x000074dd1f8971c0] Compiler: c1, Barriers: 4, Oops: 0, ImmediateOops: 1, NonImmediateOops: No
[1,433s][debug][gc,nmethod  ] Register NMethod: java.util.ArrayList.get (0x000074dd3ec6b908) [0x000074dd3ec6ba00, 0x000074dd3ec6bb68] Compiler: jvmci, Barriers: 2, Oops: 0, ImmediateOops: 0, NonImmediateOops: No
[1,436s][debug][gc,nmethod  ] Register NMethod: java.lang.ClassLoader.checkName (0x000074dd3ec6bc08) [0x000074dd3ec6bd00, 0x000074dd3ec6be88] Compiler: jvmci, Barriers: 1, Oops: 0, ImmediateOops: 0, NonImmediateOops: No
[1,438s][debug][gc,nmethod  ] Register NMethod: jdk.internal.loader.URLClassPath.getResource (0x000074dd3ec6bf08) [0x000074dd3ec6c000, 0x000074dd3ec6ebe8] Compiler: jvmci, Barriers: 37, Oops: 2, ImmediateOops: 8, NonImmediateOops: No
[1,438s][debug][gc,nmethod  ] Register NMethod: jdk.internal.util.ArraysSupport.mismatch (0x000074dd3ec6ec08) [0x000074dd3ec6ed00, 0x000074dd3ec6ef98] Compiler: jvmci, Barriers: 0, Oops: 0, ImmediateOops: 0, NonImmediateOops: No
[1,438s][debug][gc,nmethod  ] Register NMethod: java.lang.String.startsWith (0x000074dd3ec6f008) [0x000074dd3ec6f100, 0x000074dd3ec6f400] Compiler: jvmci, Barriers: 2, Oops: 0, ImmediateOops: 0, NonImmediateOops: No
[1,438s][debug][gc,nmethod  ] Register NMethod: java.lang.reflect.Constructor.getModifiers (0x000074dd3ec6f408) [0x000074dd3ec6f500, 0x000074dd3ec6f5c0] Compiler: c1, Barriers: 0, Oops: 0, ImmediateOops: 0, NonImmediateOops: No
[1,440s][debug][gc,nmethod  ] Register NMethod: java.lang.StringBuilder.length (0x000074dd3ec6f708) [0x000074dd3ec6f800, 0x000074dd3ec6f888] Compiler: jvmci, Barriers: 0, Oops: 0, ImmediateOops: 0, NonImmediateOops: No
[1,440s][debug][gc,nmethod  ] Register NMethod: java.util.Calendar.internalSet (0x000074dd1f897208) [0x000074dd1f897300, 0x000074dd1f897458] Compiler: c1, Barriers: 1, Oops: 0, ImmediateOops: 0, NonImmediateOops: No
[1,441s][debug][gc,nmethod  ] Register NMethod: java.lang.StringBuilder.<init> (0x000074dd3ec6fa08) [0x000074dd3ec6fb00, 0x000074dd3ec6fca8] Compiler: jvmci, Barriers: 3, Oops: 0, ImmediateOops: 0, NonImmediateOops: No
[1,441s][debug][gc,nmethod  ] Register NMethod: java.lang.String.<init> (0x000074dd1f897508) [0x000074dd1f897600, 0x000074dd1f8981c0] Compiler: c1, Barriers: 10, Oops: 0, ImmediateOops: 0, NonImmediateOops: No
[1,441s][debug][gc,nmethod  ] Register NMethod: java.lang.AbstractStringBuilder.isLatin1 (0x000074dd3ec6fd08) [0x000074dd3ec6fe00, 0x000074dd3ec6fe90] Compiler: jvmci, Barriers: 0, Oops: 0, ImmediateOops: 0, NonImmediateOops: No
[1,441s][debug][gc,nmethod  ] Register NMethod: org.gradle.internal.io.StreamByteBuffer.access$000 (0x000074dd3ec70008) [0x000074dd3ec70100, 0x000074dd3ec701d0] Compiler: c1, Barriers: 1, Oops: 1, ImmediateOops: 0, NonImmediateOops: No
[1,442s][debug][gc,nmethod  ] Register NMethod: java.util.concurrent.locks.AbstractOwnableSynchronizer.setExclusiveOwnerThread (0x000074dd3ec70308) [0x000074dd3ec70400, 0x000074dd3ec70530] Compiler: c1, Barriers: 3, Oops: 0, ImmediateOops: 0, NonImmediateOops: No
[1,442s][debug][gc,nmethod  ] Register NMethod: org.gradle.internal.io.StreamByteBuffer$StreamByteBufferOutputStream.write (0x000074dd1f898208) [0x000074dd1f898300, 0x000074dd1f898560] Compiler: c1, Barriers: 3, Oops: 1, ImmediateOops: 0, NonImmediateOops: No
[1,442s][debug][gc,nmethod  ] Register NMethod: org.gradle.internal.io.StreamByteBuffer$StreamByteBufferChunk.spaceLeft (0x000074dd1f898588) [0x000074dd1f898680, 0x000074dd1f898788] Compiler: c1, Barriers: 0, Oops: 1, ImmediateOops: 0, NonImmediateOops: No
[1,442s][debug][gc,nmethod  ] Register NMethod: org.gradle.internal.io.LineBufferingOutputStream.endsWithLineSeparator (0x000074dd1f898888) [0x000074dd1f898980, 0x000074dd1f898b08] Compiler: c1, Barriers: 0, Oops: 1, ImmediateOops: 0, NonImmediateOops: No
[1,442s][debug][gc,nmethod  ] Register NMethod: java.nio.ByteBuffer.position (0x000074dd1f898b88) [0x000074dd1f898c80, 0x000074dd1f898dc8] Compiler: c1, Barriers: 0, Oops: 0, ImmediateOops: 0, NonImmediateOops: No
[1,442s][debug][gc,nmethod  ] Register NMethod: org.gradle.internal.io.LineBufferingOutputStream.write (0x000074dd1f898e88) [0x000074dd1f898f80, 0x000074dd1f89a768] Compiler: c1, Barriers: 4, Oops: 1, ImmediateOops: 2, NonImmediateOops: No
[1,442s][debug][gc,nmethod  ] Register NMethod: java.util.concurrent.locks.AbstractQueuedSynchronizer.setState (0x000074dd3ec70608) [0x000074dd3ec70700, 0x000074dd3ec707c8] Compiler: c1, Barriers: 0, Oops: 0, ImmediateOops: 0, NonImmediateOops: No
[1,442s][debug][gc,nmethod  ] Register NMethod: org.gradle.internal.io.StreamByteBuffer.allocateSpace (0x000074dd1f89a788) [0x000074dd1f89a880, 0x000074dd1f89b058] Compiler: c1, Barriers: 9, Oops: 1, ImmediateOops: 0, NonImmediateOops: No
[1,442s][debug][gc,nmethod  ] Register NMethod: org.gradle.internal.io.StreamByteBuffer$StreamByteBufferChunk.spaceLeft (0x000074dd3ec70908) [0x000074dd3ec70a00, 0x000074dd3ec70a88] Compiler: jvmci, Barriers: 0, Oops: 1, ImmediateOops: 0, NonImmediateOops: No
[1,442s][debug][gc,nmethod  ] Register NMethod: org.gradle.internal.io.StreamByteBuffer$StreamByteBufferChunk.write (0x000074dd1f89b088) [0x000074dd1f89b180, 0x000074dd1f89b348] Compiler: c1, Barriers: 1, Oops: 1, ImmediateOops: 0, NonImmediateOops: No
[1,442s][debug][gc,nmethod  ] Register NMethod: java.nio.Buffer.hasRemaining (0x000074dd1f89b388) [0x000074dd1f89b480, 0x000074dd1f89b5d0] Compiler: c1, Barriers: 0, Oops: 0, ImmediateOops: 0, NonImmediateOops: No
[1,443s][debug][gc,nmethod  ] Register NMethod: java.lang.String.regionMatches (0x000074dd1f89b688) [0x000074dd1f89b780, 0x000074dd1f89cb78] Compiler: c1, Barriers: 2, Oops: 0, ImmediateOops: 0, NonImmediateOops: No
[1,443s][debug][gc,director ] Rule Major: Warmup 10%, Used: 92MB, UsedThreshold: 1228MB
[1,445s][debug][gc,nmethod  ] Register NMethod: java.lang.NamedPackage.<init> (0x000074dd1f89cb88) [0x000074dd1f89cc80, 0x000074dd1f89e538] Compiler: c1, Barriers: 8, Oops: 1, ImmediateOops: 3, NonImmediateOops: No
[1,446s][debug][gc,nmethod  ] Register NMethod: java.lang.String.indexOf (0x000074dd3ec70c08) [0x000074dd3ec70d00, 0x000074dd3ec70e58] Compiler: jvmci, Barriers: 1, Oops: 0, ImmediateOops: 0, NonImmediateOops: No
[1,447s][debug][gc,nmethod  ] Register NMethod: com.sun.org.apache.xerces.internal.xni.QName.clear (0x000074dd1f89e588) [0x000074dd1f89e680, 0x000074dd1f89e980] Compiler: c1, Barriers: 12, Oops: 0, ImmediateOops: 0, NonImmediateOops: No
[1,448s][debug][gc,nmethod  ] Register NMethod: com.sun.org.apache.xerces.internal.xni.QName.<init> (0x000074dd1f89e988) [0x000074dd1f89ea80, 0x000074dd1f89ee48] Compiler: c1, Barriers: 12, Oops: 0, ImmediateOops: 0, NonImmediateOops: No
[1,448s][debug][gc,nmethod  ] Register NMethod: jdk.xml.internal.XMLSecurityManager$Limit.systemProperty (0x000074dd3ec70f08) [0x000074dd3ec71000, 0x000074dd3ec710e8] Compiler: c1, Barriers: 1, Oops: 0, ImmediateOops: 0, NonImmediateOops: No
[1,452s][debug][gc,nmethod  ] Register NMethod: java.lang.Module.isExported (0x000074dd1f89ee88) [0x000074dd1f89ef80, 0x000074dd1f89f348] Compiler: c1, Barriers: 0, Oops: 0, ImmediateOops: 0, NonImmediateOops: No
[1,453s][debug][gc,director ] Rule Major: Warmup 10%, Used: 94MB, UsedThreshold: 1228MB
[1,453s][debug][gc,nmethod  ] Register NMethod: java.lang.StringLatin1.inflate (0x000074dd1f89f388) [0x000074dd1f89f480, 0x000074dd1f89f670] Compiler: c1, Barriers: 0, Oops: 0, ImmediateOops: 0, NonImmediateOops: No
[1,454s][info ][gc          ] GC(0) Major Collection (Metadata GC Threshold)
[1,454s][info ][gc,task     ] GC(0) Using 1 Workers for Young Generation
[1,454s][info ][gc,task     ] GC(0) Using 1 Workers for Old Generation
[1,454s][debug][gc,heap     ] GC(0) Y: Heap Before GC invocations=0 (full 0):
[1,454s][debug][gc,heap     ] GC(0) Y:  ZHeap           used 94M, capacity 5120M, max capacity 12288M
[1,454s][debug][gc,heap     ] GC(0) Y:   Cache          5026M (1)
[1,454s][debug][gc,heap     ] GC(0) Y:    size classes  4G (1)
[1,454s][debug][gc,metaspace] GC(0) Y: Metaspace Before GC invocations=0 (full 0):
[1,454s][debug][gc,metaspace] GC(0) Y:  Metaspace       used 21323K, committed 21568K, reserved 1114112K
[1,454s][debug][gc,metaspace] GC(0) Y:   class space    used 1789K, committed 1920K, reserved 1048576K
[1,454s][info ][gc,phases   ] GC(0) Y: Young Generation
[1,454s][debug][gc,reloc    ] Synchronize all workers 1 _nworkers: 0 _nsynchronized: 0
[1,454s][debug][gc,reloc    ] Synchronize all workers 1 _nworkers: 0 _nsynchronized: 0
[1,454s][debug][gc,phases,start] GC(0) Y: Pause Mark Start (Major)
[1,454s][debug][gc,tlab        ] GC(0) Y: TLAB usage update: used 0M -> 62M, capacity: 0M -> 62M
[1,454s][debug][gc,marking     ] GC(0) Y: Using 1 mark stripes
[1,454s][debug][gc,marking     ] GC(0) Y: Mark Worker/Stripe Distribution
[1,454s][debug][gc,marking     ] GC(0) Y:   Worker 0(1) -> Stripe 0(1)
[1,454s][debug][gc,marking     ] GC(0) Y: Using 1 mark stripes
[1,454s][debug][gc,marking     ] GC(0) Y: Mark Worker/Stripe Distribution
[1,454s][debug][gc,marking     ] GC(0) Y:   Worker 0(1) -> Stripe 0(1)
[1,454s][info ][gc,phases      ] GC(0) Y: Pause Mark Start (Major) 0,087ms
[1,454s][debug][gc,reloc       ] Desynchronize all workers _nworkers: 0 _nsynchronized: 0
[1,454s][debug][gc,reloc       ] Desynchronize all workers _nworkers: 0 _nsynchronized: 0
[1,454s][debug][gc,marking     ] Resurrection broke termination
[1,454s][debug][gc,phases,start] GC(0) Y: Concurrent Mark
[1,454s][debug][gc,phases,start] GC(0) Y: Concurrent Mark Roots
[1,454s][debug][gc,task        ] GC(0) Y: Executing ZMarkYoungRootsTask using ZWorkerYoung with 1 workers
[1,455s][debug][gc,nmethod     ] Register NMethod: java.lang.invoke.MethodHandle.linkToStatic (0x000074dd3ec71208) [0x000074dd3ec71300, 0x000074dd3ec713f0] Compiler: , Barriers: 0, Oops: 0, ImmediateOops: 0, NonImmediateOops: No
[1,456s][debug][gc,nmethod     ] Register NMethod: java.lang.invoke.MethodHandle.linkToStatic (0x000074dd3ec71508) [0x000074dd3ec71600, 0x000074dd3ec716f0] Compiler: , Barriers: 0, Oops: 0, ImmediateOops: 0, NonImmediateOops: No
[1,456s][debug][gc,nmethod     ] Register NMethod: java.lang.invoke.MemberName.isPrivate (0x000074dd1f89f688) [0x000074dd1f89f780, 0x000074dd1f89f930] Compiler: c1, Barriers: 0, Oops: 0, ImmediateOops: 0, NonImmediateOops: No
[1,456s][debug][gc,nmethod     ] Register NMethod: java.lang.invoke.LambdaForm$NamedFunction.member (0x000074dd1f89f988) [0x000074dd1f89fa80, 0x000074dd1f89fbc0] Compiler: c1, Barriers: 1, Oops: 0, ImmediateOops: 0, NonImmediateOops: No
[1,456s][debug][gc,nmethod     ] Register NMethod: java.lang.invoke.MethodHandle.linkToStatic (0x000074dd3ec71808) [0x000074dd3ec71900, 0x000074dd3ec719f0] Compiler: , Barriers: 0, Oops: 0, ImmediateOops: 0, NonImmediateOops: No
[1,456s][debug][gc,nmethod     ] Register NMethod: java.lang.invoke.InvokerBytecodeGenerator.refKindOpcode (0x000074dd1f89fc88) [0x000074dd1f89fd80, 0x000074dd1f8a0ca0] Compiler: c1, Barriers: 0, Oops: 1, ImmediateOops: 10, NonImmediateOops: No
[1,457s][debug][gc,nmethod     ] Register NMethod: java.lang.invoke.InvokerBytecodeGenerator.emitStaticInvoke (0x000074dd1f8a0d08) [0x000074dd1f8a0e00, 0x000074dd1f8a34e8] Compiler: c1, Barriers: 9, Oops: 0, ImmediateOops: 2, NonImmediateOops: No
[1,457s][debug][gc,nmethod     ] Register NMethod: java.lang.invoke.InvokerBytecodeGenerator.isStaticallyInvocable (0x000074dd1f8a3508) [0x000074dd1f8a3600, 0x000074dd1f8a64f8] Compiler: c1, Barriers: 4, Oops: 0, ImmediateOops: 3, NonImmediateOops: No
[1,457s][debug][gc,tlab        ] GC(0) Y: TLAB totals: thrds: 12  refills: 190 max: 178 slow allocs: 83 max 83 waste:  5,8% gc: 2637640B max: 261840B slow: 185888B max: 185280B
[1,457s][debug][gc,phases      ] GC(0) Y: Concurrent Mark Roots 2,873ms
[1,457s][debug][gc,phases,start] GC(0) Y: Concurrent Mark Follow
[1,457s][debug][gc,marking     ] GC(0) Y: Using 1 mark stripes
[1,457s][debug][gc,task        ] GC(0) Y: Executing ZRememberedScanMarkFollowTask using ZWorkerYoung with 1 workers
[1,457s][debug][gc,nmethod     ] Register NMethod: java.lang.invoke.MethodHandle.linkToSpecial (0x000074dd3ec71b08) [0x000074dd3ec71c00, 0x000074dd3ec71cf8] Compiler: , Barriers: 0, Oops: 0, ImmediateOops: 0, NonImmediateOops: No
[1,457s][debug][gc,nmethod     ] Register NMethod: java.lang.invoke.MethodHandle.invokeBasic (0x000074dd3ec71e08) [0x000074dd3ec71f00, 0x000074dd3ec72198] Compiler: , Barriers: 0, Oops: 0, ImmediateOops: 0, NonImmediateOops: No
[1,457s][debug][gc,nmethod     ] Register NMethod: java.lang.invoke.MethodHandle.linkToSpecial (0x000074dd3ec72208) [0x000074dd3ec72300, 0x000074dd3ec723f8] Compiler: , Barriers: 0, Oops: 0, ImmediateOops: 0, NonImmediateOops: No
[1,458s][debug][gc,nmethod     ] Register NMethod: java.lang.invoke.MethodHandle.isAncestorLoaderOf (0x000074dd1f8a6508) [0x000074dd1f8a6600, 0x000074dd1f8a6db8] Compiler: c1, Barriers: 1, Oops: 0, ImmediateOops: 4, NonImmediateOops: No
[1,458s][debug][gc,nmethod     ] Register NMethod: java.lang.invoke.MethodHandle.linkToStatic (0x000074dd3ec72508) [0x000074dd3ec72600, 0x000074dd3ec726f0] Compiler: , Barriers: 0, Oops: 0, ImmediateOops: 0, NonImmediateOops: No
[1,458s][debug][gc,nmethod     ] Register NMethod: java.lang.invoke.MethodHandle.linkToStatic (0x000074dd3ec72808) [0x000074dd3ec72900, 0x000074dd3ec729f0] Compiler: , Barriers: 0, Oops: 0, ImmediateOops: 0, NonImmediateOops: No
[1,459s][debug][gc,nmethod     ] Register NMethod: java.util.KeyValueHolder.<init> (0x000074dd1f8a6e08) [0x000074dd1f8a6f00, 0x000074dd1f8a73c8] Compiler: c1, Barriers: 6, Oops: 0, ImmediateOops: 0, NonImmediateOops: No
[1,459s][debug][gc,nmethod     ] Register NMethod: jdk.internal.classfile.impl.AbstractPoolEntry$Utf8EntryImpl.<init> (0x000074dd1f8a7408) [0x000074dd1f8a7500, 0x000074dd1f8a7ab8] Compiler: c1, Barriers: 23, Oops: 0, ImmediateOops: 0, NonImmediateOops: No
[1,459s][debug][gc,nmethod     ] Register NMethod: jdk.internal.classfile.impl.SplitConstantPool.tryFindUtf8 (0x000074dd1f8a7b08) [0x000074dd1f8a7c00, 0x000074dd1f8a9028] Compiler: c1, Barriers: 1, Oops: 0, ImmediateOops: 0, NonImmediateOops: No
[1,461s][debug][gc,nmethod     ] Register NMethod: java.lang.invoke.MethodHandle.linkToStatic (0x000074dd3ec72b08) [0x000074dd3ec72c00, 0x000074dd3ec72cf8] Compiler: , Barriers: 0, Oops: 0, ImmediateOops: 0, NonImmediateOops: No
[1,462s][debug][gc,nmethod     ] Register NMethod: java.lang.invoke.MethodHandle.linkToSpecial (0x000074dd3ec72e08) [0x000074dd3ec72f00, 0x000074dd3ec72ff8] Compiler: , Barriers: 0, Oops: 0, ImmediateOops: 0, NonImmediateOops: No
[1,462s][debug][gc,nmethod     ] Register NMethod: java.lang.invoke.MethodHandle.invokeBasic (0x000074dd3ec73108) [0x000074dd3ec73200, 0x000074dd3ec73498] Compiler: , Barriers: 0, Oops: 0, ImmediateOops: 0, NonImmediateOops: No
[1,462s][debug][gc,nmethod     ] Register NMethod: java.lang.invoke.MethodHandle.linkToSpecial (0x000074dd3ec73508) [0x000074dd3ec73600, 0x000074dd3ec736f8] Compiler: , Barriers: 0, Oops: 0, ImmediateOops: 0, NonImmediateOops: No
[1,462s][debug][gc,nmethod     ] Register NMethod: java.lang.invoke.MethodHandle.linkToStatic (0x000074dd3ec73808) [0x000074dd3ec73900, 0x000074dd3ec739f8] Compiler: , Barriers: 0, Oops: 0, ImmediateOops: 0, NonImmediateOops: No
[1,462s][debug][gc,nmethod     ] Register NMethod: java.lang.invoke.InnerClassLambdaMetafactory.argName (0x000074dd1f791388) [0x000074dd1f791480, 0x000074dd1f792110] Compiler: c1, Barriers: 1, Oops: 1, ImmediateOops: 3, NonImmediateOops: No
[1,462s][debug][gc,nmethod     ] Register NMethod: sun.invoke.util.Wrapper.isSubwordOrInt (0x000074dd1f8a9088) [0x000074dd1f8a9180, 0x000074dd1f8a9a60] Compiler: c1, Barriers: 0, Oops: 0, ImmediateOops: 0, NonImmediateOops: No
[1,462s][debug][gc,nmethod     ] Register NMethod: sun.invoke.util.Wrapper.isNumeric (0x000074dd1f8a9a88) [0x000074dd1f8a9b80, 0x000074dd1f8a9cd0] Compiler: c1, Barriers: 0, Oops: 0, ImmediateOops: 0, NonImmediateOops: No
[1,462s][debug][gc,nmethod     ] Register NMethod: jdk.internal.classfile.impl.BufWriterImpl.writeU1U2 (0x000074dd3ec73b08) [0x000074dd3ec73c00, 0x000074dd3ec74100] Compiler: jvmci, Barriers: 4, Oops: 0, ImmediateOops: 0, NonImmediateOops: No
[1,463s][debug][gc,alloc       ] Mutator Allocation Rate: 204,9MB/s Predicted: 204,9MB/s, Avg: 204,9(+/-0,0)MB/s
[1,463s][debug][gc,nmethod     ] Register NMethod: sun.invoke.util.Wrapper.isIntegral (0x000074dd1f8a9d88) [0x000074dd1f8a9e80, 0x000074dd1f8aa268] Compiler: c1, Barriers: 0, Oops: 0, ImmediateOops: 0, NonImmediateOops: No
[1,463s][debug][gc,nmethod     ] Register NMethod: java.lang.invoke.MethodHandle.linkToSpecial (0x000074dd3ec74108) [0x000074dd3ec74200, 0x000074dd3ec742f8] Compiler: , Barriers: 0, Oops: 0, ImmediateOops: 0, NonImmediateOops: No
[1,463s][debug][gc,nmethod     ] Register NMethod: java.lang.invoke.MethodHandle.invokeBasic (0x000074dd3ec74408) [0x000074dd3ec74500, 0x000074dd3ec74798] Compiler: , Barriers: 0, Oops: 0, ImmediateOops: 0, NonImmediateOops: No
[1,463s][debug][gc,nmethod     ] Register NMethod: java.lang.invoke.MethodHandle.linkToSpecial (0x000074dd3ec74808) [0x000074dd3ec74900, 0x000074dd3ec749f8] Compiler: , Barriers: 0, Oops: 0, ImmediateOops: 0, NonImmediateOops: No
[1,463s][debug][gc,nmethod     ] Register NMethod: jdk.internal.classfile.impl.DirectCodeBuilder.localAccess (0x000074dd1f8aa288) [0x000074dd1f8aa380, 0x000074dd1f8ad280] Compiler: c1, Barriers: 8, Oops: 1, ImmediateOops: 13, NonImmediateOops: No
[1,463s][debug][gc,nmethod     ] Register NMethod: java.lang.invoke.LambdaForm.normalizeNames (0x000074dd1f8ad308) [0x000074dd1f8ad400, 0x000074dd1f8af098] Compiler: c1, Barriers: 14, Oops: 0, ImmediateOops: 0, NonImmediateOops: No
[1,464s][debug][gc,nmethod     ] Register NMethod: java.lang.invoke.MethodHandle.invokeBasic (0x000074dd3ec74b08) [0x000074dd3ec74c00, 0x000074dd3ec74e98] Compiler: , Barriers: 0, Oops: 0, ImmediateOops: 0, NonImmediateOops: No
[1,464s][debug][gc,nmethod     ] Register NMethod: java.lang.invoke.MethodHandle.linkToSpecial (0x000074dd3ec74f08) [0x000074dd3ec75000, 0x000074dd3ec750f8] Compiler: , Barriers: 0, Oops: 0, ImmediateOops: 0, NonImmediateOops: No
[1,465s][debug][gc,nmethod     ] Register NMethod: jdk.internal.classfile.impl.AbstractPoolEntry$Utf8EntryImpl.mayBeArrayDescriptor (0x000074dd1f8af108) [0x000074dd1f8af200, 0x000074dd1f8af6e0] Compiler: c1, Barriers: 2, Oops: 0, ImmediateOops: 1, NonImmediateOops: No
[1,465s][debug][gc,nmethod     ] Register NMethod: jdk.internal.classfile.impl.Util.descriptorStringHash (0x000074dd1f8af708) [0x000074dd1f8af800, 0x000074dd1f8b1de8] Compiler: c1, Barriers: 4, Oops: 1, ImmediateOops: 9, NonImmediateOops: No
[1,466s][debug][gc,remset      ] GC(0) Y: Remset forwarding retained: 0,000ms count: 0 ZWorkerYoung#1
[1,466s][debug][gc,remset      ] GC(0) Y: Remset forwarding released: 0,000ms count: 0 ZWorkerYoung#1
[1,466s][debug][gc,marking     ] GC(0) Y: Try terminate after resurrection
[1,466s][debug][gc,phases      ] GC(0) Y: Concurrent Mark Follow 9,119ms
[1,466s][info ][gc,phases      ] GC(0) Y: Concurrent Mark 12,037ms
[1,466s][debug][gc,reloc       ] Synchronize all workers 1 _nworkers: 0 _nsynchronized: 0
[1,466s][debug][gc,reloc       ] Synchronize all workers 1 _nworkers: 0 _nsynchronized: 0
[1,466s][debug][gc,phases,start] GC(0) Y: Pause Mark End
[1,466s][info ][gc,phases      ] GC(0) Y: Pause Mark End 0,018ms
[1,466s][debug][gc,reloc       ] Desynchronize all workers _nworkers: 0 _nsynchronized: 0
[1,466s][debug][gc,reloc       ] Desynchronize all workers _nworkers: 0 _nsynchronized: 0
[1,466s][debug][gc,phases,start] GC(0) Y: Concurrent Mark Free
[1,466s][info ][gc,phases      ] GC(0) Y: Concurrent Mark Free 0,019ms
[1,466s][debug][gc,phases,start] GC(0) Y: Concurrent Reset Relocation Set
[1,466s][info ][gc,phases      ] GC(0) Y: Concurrent Reset Relocation Set 0,012ms
[1,466s][debug][gc,phases,start] GC(0) Y: Concurrent Select Relocation Set
[1,467s][debug][gc,reloc       ] GC(0) Y: Relocation Set (Medium Pages): 0->0, 1 skipped, 0 forwarding entries
[1,467s][debug][gc,reloc       ] GC(0) Y: Relocation Set (Small Pages): 29->4, 0 skipped, 290608 forwarding entries
[1,467s][debug][gc,reloc       ] GC(0) Y: Allocated To Garbage: 8388608,0
[1,467s][debug][gc,reloc       ] GC(0) Y: Young Log Residency: 2,5
[1,467s][debug][gc,reloc       ] GC(0) Y: Life Decay Factor: 1,0
[1,467s][info ][gc,reloc       ] GC(0) Y: Using tenuring threshold: 1 (Computed)
[1,467s][debug][gc,task        ] GC(0) Y: Executing ZRelocationSetInstallTask using ZWorkerYoung with 1 workers
[1,467s][debug][gc,nmethod     ] Register NMethod: java.lang.invoke.MethodHandle.linkToInterface (0x000074dd3ec75208) [0x000074dd3ec75300, 0x000074dd3ec75430] Compiler: , Barriers: 0, Oops: 0, ImmediateOops: 0, NonImmediateOops: No
[1,467s][debug][gc,nmethod     ] Register NMethod: jdk.internal.classfile.impl.DirectCodeBuilder.astore (0x000074dd1f8b1e08) [0x000074dd1f8b1f00, 0x000074dd1f8b22f0] Compiler: c1, Barriers: 1, Oops: 0, ImmediateOops: 0, NonImmediateOops: No
[1,468s][debug][gc,task        ] GC(0) Y: Executing ZPromotePagesTask using ZWorkerYoung with 1 workers
[1,468s][debug][gc,nmethod     ] Register NMethod: java.util.List.of (0x000074dd1f8b2308) [0x000074dd1f8b2400, 0x000074dd1f8b24e8] Compiler: c1, Barriers: 0, Oops: 0, ImmediateOops: 1, NonImmediateOops: No
[1,468s][debug][gc,task        ] GC(0) Y: Executing ZPromotePagesTask using ZWorkerYoung with 1 workers
[1,468s][debug][gc,task        ] GC(0) Y: Executing ZPromotePagesTask using ZWorkerYoung with 1 workers
[1,468s][info ][gc,phases      ] GC(0) Y: Concurrent Select Relocation Set 1,473ms
[1,468s][debug][gc,reloc       ] Synchronize all workers 1 _nworkers: 0 _nsynchronized: 0
[1,468s][debug][gc,reloc       ] Synchronize all workers 1 _nworkers: 0 _nsynchronized: 0
[1,468s][debug][gc,phases,start] GC(0) Y: Pause Relocate Start
[1,468s][debug][gc,reloc       ] GC(0) Y: Joining workers: 1
[1,468s][info ][gc,phases      ] GC(0) Y: Pause Relocate Start 0,024ms
[1,468s][debug][gc,reloc       ] Desynchronize all workers _nworkers: 0 _nsynchronized: 0
[1,468s][debug][gc,reloc       ] Desynchronize all workers _nworkers: 1 _nsynchronized: 0
[1,468s][debug][gc,phases,start] GC(0) Y: Concurrent Relocate
[1,468s][debug][gc,task        ] GC(0) Y: Executing ZRelocateStoreBufferInstallBasePointersTask using ZWorkerYoung with 1 workers
[1,468s][debug][gc,task        ] GC(0) Y: Executing ZRelocateTask using ZWorkerYoung with 1 workers
[1,468s][debug][gc,nmethod     ] Register NMethod: java.lang.invoke.DirectMethodHandle.shouldBeInitialized (0x000074dd1f8b2608) [0x000074dd1f8b2700, 0x000074dd1f8b3838] Compiler: c1, Barriers: 1, Oops: 1, ImmediateOops: 9, NonImmediateOops: No
[1,468s][debug][gc,nmethod     ] Register NMethod: jdk.internal.classfile.impl.DirectCodeBuilder.labelBinding (0x000074dd1f8b3888) [0x000074dd1f8b3980, 0x000074dd1f8b40b0] Compiler: c1, Barriers: 1, Oops: 0, ImmediateOops: 0, NonImmediateOops: No
[1,468s][debug][gc,nmethod     ] Register NMethod: jdk.internal.classfile.impl.DirectCodeBuilder.newLabel (0x000074dd1f8b4108) [0x000074dd1f8b4200, 0x000074dd1f8b44e8] Compiler: c1, Barriers: 3, Oops: 0, ImmediateOops: 0, NonImmediateOops: No
[1,469s][debug][gc,nmethod     ] Register NMethod: java.lang.Enum.equals (0x000074dd1f8b4508) [0x000074dd1f8b4600, 0x000074dd1f8b4750] Compiler: c1, Barriers: 0, Oops: 0, ImmediateOops: 0, NonImmediateOops: No
[1,469s][debug][gc,nmethod     ] Register NMethod: java.util.stream.ReferencePipeline.<init> (0x000074dd1f8b4808) [0x000074dd1f8b4900, 0x000074dd1f8b4a30] Compiler: c1, Barriers: 0, Oops: 0, ImmediateOops: 0, NonImmediateOops: No
[1,469s][debug][gc,nmethod     ] Register NMethod: java.util.stream.AbstractPipeline.<init> (0x000074dd1f8b4b08) [0x000074dd1f8b4c00, 0x000074dd1f8b5190] Compiler: c1, Barriers: 10, Oops: 0, ImmediateOops: 1, NonImmediateOops: No
[1,469s][debug][gc,nmethod     ] Register NMethod: jdk.internal.classfile.impl.BufWriterImpl.patchInt (0x000074dd3ec75508) [0x000074dd3ec75600, 0x000074dd3ec75768] Compiler: jvmci, Barriers: 1, Oops: 0, ImmediateOops: 0, NonImmediateOops: No
[1,470s][debug][gc,nmethod     ] Register NMethod: java.util.stream.Sink$ChainedReference.<init> (0x000074dd1f8b5208) [0x000074dd1f8b5300, 0x000074dd1f8b5838] Compiler: c1, Barriers: 3, Oops: 0, ImmediateOops: 0, NonImmediateOops: No
[1,470s][debug][gc,nmethod     ] Register NMethod: java.util.stream.ReferencePipeline$StatelessOp.<init> (0x000074dd1f8b5888) [0x000074dd1f8b5980, 0x000074dd1f8b5b38] Compiler: c1, Barriers: 0, Oops: 0, ImmediateOops: 0, NonImmediateOops: No
[1,470s][debug][gc,nmethod     ] Register NMethod: jdk.internal.classfile.impl.AbstractPoolEntry$ClassEntryImpl.clone (0x000074dd1f8b5b88) [0x000074dd1f8b5c80, 0x000074dd1f8b6180] Compiler: c1, Barriers: 0, Oops: 0, ImmediateOops: 0, NonImmediateOops: No
[1,470s][debug][gc,nmethod     ] Register NMethod: jdk.internal.classfile.impl.AbstractPoolEntry$ClassEntryImpl.clone (0x000074dd1f8b6188) [0x000074dd1f8b6280, 0x000074dd1f8b69a0] Compiler: c1, Barriers: 0, Oops: 0, ImmediateOops: 0, NonImmediateOops: No
[1,471s][debug][gc,nmethod     ] Register NMethod: jdk.internal.classfile.impl.SplitConstantPool.cloneClassEntry (0x000074dd1f8b6a08) [0x000074dd1f8b6b00, 0x000074dd1f8b7c28] Compiler: c1, Barriers: 8, Oops: 0, ImmediateOops: 0, NonImmediateOops: No
[1,471s][debug][gc,nmethod     ] Register NMethod: java.lang.invoke.MethodHandle.linkToVirtual (0x000074dd3ec75808) [0x000074dd3ec75900, 0x000074dd3ec75928] Compiler: , Barriers: 0, Oops: 0, ImmediateOops: 0, NonImmediateOops: No
[1,471s][debug][gc,nmethod     ] Register NMethod: jdk.internal.classfile.impl.TerminalCodeBuilder.setupTopLocal (0x000074dd1f8b7c88) [0x000074dd1f8b7d80, 0x000074dd1f8b9fe0] Compiler: c1, Barriers: 0, Oops: 1, ImmediateOops: 3, NonImmediateOops: No
[1,472s][debug][gc,nmethod     ] Register NMethod: jdk.internal.classfile.impl.DirectCodeBuilder.parameterSlot (0x000074dd1f8ba008) [0x000074dd1f8ba100, 0x000074dd1f8ba440] Compiler: c1, Barriers: 1, Oops: 0, ImmediateOops: 0, NonImmediateOops: No
[1,472s][debug][gc,nmethod     ] Register NMethod: jdk.internal.classfile.impl.StackMapGenerator.of (0x000074dd1f8ba488) [0x000074dd1f8ba580, 0x000074dd1f8bb908] Compiler: c1, Barriers: 12, Oops: 0, ImmediateOops: 0, NonImmediateOops: No
[1,472s][debug][gc,nmethod     ] Register NMethod: java.util.stream.Sink$ChainedReference.end (0x000074dd1f8bb988) [0x000074dd1f8bba80, 0x000074dd1f8bbdc0] Compiler: c1, Barriers: 1, Oops: 0, ImmediateOops: 0, NonImmediateOops: No
[1,472s][debug][gc,reloc       ] GC(0) Y: Leaving workers: left: 0 _synchronize: 0 _nsynchronized: 0
[1,472s][debug][gc,phases,start] GC(0) Y: Concurrent Relocate Remset FP
[1,472s][debug][gc,task        ] GC(0) Y: Executing ZRelocateAddRemsetForFlipPromoted using ZWorkerYoung with 1 workers
[1,472s][debug][gc,phases      ] GC(0) Y: Concurrent Relocate Remset FP 0,078ms
[1,472s][info ][gc,phases      ] GC(0) Y: Concurrent Relocate 4,058ms
[1,472s][debug][gc,heap        ] GC(0) Y: Heap After GC invocations=1 (full 1):
[1,472s][debug][gc,heap        ] GC(0) Y:  ZHeap           used 64M, capacity 5120M, max capacity 12288M
[1,472s][debug][gc,heap        ] GC(0) Y:   Cache          5056M (3)
[1,472s][debug][gc,heap        ] GC(0) Y:    size classes  4M (1), 32M (1), 4G (1)
[1,472s][debug][gc,metaspace   ] GC(0) Y: Metaspace After GC invocations=1 (full 1):
[1,472s][debug][gc,metaspace   ] GC(0) Y:  Metaspace       used 22334K, committed 22528K, reserved 1114112K
[1,472s][debug][gc,metaspace   ] GC(0) Y:   class space    used 1896K, committed 1984K, reserved 1048576K
[1,472s][info ][gc,alloc       ] GC(0) Y:                         Mark Start        Mark End      Relocate Start    Relocate End   
[1,472s][info ][gc,alloc       ] GC(0) Y: Allocation Stalls:          0                0                0                0         
[1,472s][info ][gc,load        ] GC(0) Y: Load: 2,33 (12%) / 2,13 (11%) / 2,02 (10%)
[1,472s][debug][gc,nmethod     ] Register NMethod: java.lang.invoke.MethodHandle.linkToStatic (0x000074dd3ec75b08) [0x000074dd3ec75c00, 0x000074dd3ec75cf8] Compiler: , Barriers: 0, Oops: 0, ImmediateOops: 0, NonImmediateOops: No
[1,472s][info ][gc,mmu         ] GC(0) Y: MMU: 2ms/95,7%, 5ms/98,3%, 10ms/99,1%, 20ms/99,4%, 50ms/99,7%, 100ms/99,9%
[1,472s][info ][gc,marking     ] GC(0) Y: Mark: 1 stripe(s), 2 proactive flush(es), 1 terminate flush(es), 0 completion(s), 0 continuation(s) 
[1,472s][info ][gc,nmethod     ] GC(0) Y: NMethods: 2035 registered, 0 unregistered
[1,472s][info ][gc,metaspace   ] GC(0) Y: Metaspace: 21M used, 22M committed, 1088M reserved
[1,472s][info ][gc,reloc       ] GC(0) Y:                        Candidates     Selected     In-Place         Size        Empty    Relocated 
[1,472s][info ][gc,reloc       ] GC(0) Y: Small Pages:                   31           25            0          62M           0M           4M 
[1,472s][info ][gc,reloc       ] GC(0) Y: Medium Pages:                   1            0            0          32M           0M           0M 
[1,472s][info ][gc,reloc       ] GC(0) Y: Large Pages:                    0            0            0           0M           0M           0M 
[1,472s][info ][gc,reloc       ] GC(0) Y: Forwarding Usage: 2M
[1,472s][info ][gc,reloc       ] GC(0) Y: Age Table:
[1,472s][info ][gc,reloc       ] GC(0) Y:                    Live             Garbage             Small              Medium             Large        
[1,472s][debug][gc,nmethod     ] Register NMethod: sun.invoke.util.Wrapper.isDoubleWord (0x000074dd1f8bbe08) [0x000074dd1f8bbf00, 0x000074dd1f8bc050] Compiler: c1, Barriers: 0, Oops: 0, ImmediateOops: 0, NonImmediateOops: No
[1,472s][info ][gc,reloc       ] GC(0) Y: Eden              12M (0%)           81M (1%)          31 / 25             1 / 0              0 / 0        
[1,472s][info ][gc,heap        ] GC(0) Y: Min Capacity: 5120M(42%)
[1,472s][info ][gc,heap        ] GC(0) Y: Max Capacity: 12288M(100%)
[1,472s][info ][gc,heap        ] GC(0) Y: Soft Max Capacity: 12288M(100%)
[1,472s][info ][gc,heap        ] GC(0) Y: Heap Statistics:
[1,472s][info ][gc,heap        ] GC(0) Y:                Mark Start          Mark End        Relocate Start      Relocate End           High               Low         
[1,472s][info ][gc,heap        ] GC(0) Y:  Capacity:     5120M (42%)        5120M (42%)        5120M (42%)        5120M (42%)        5120M (42%)        5120M (42%)    
[1,472s][info ][gc,heap        ] GC(0) Y:      Free:    12194M (99%)       12186M (99%)       12186M (99%)       12224M (99%)       12224M (99%)       12176M (99%)    
[1,472s][info ][gc,heap        ] GC(0) Y:      Used:       94M (1%)          102M (1%)          102M (1%)           64M (1%)          112M (1%)           64M (1%)     
[1,472s][info ][gc,heap        ] GC(0) Y: Young Generation Statistics:
[1,472s][info ][gc,heap        ] GC(0) Y:                Mark Start          Mark End        Relocate Start      Relocate End    
[1,472s][info ][gc,heap        ] GC(0) Y:      Used:       94M (1%)          102M (1%)          102M (1%)           64M (1%)     
[1,472s][info ][gc,heap        ] GC(0) Y:      Live:         -                12M (0%)           12M (0%)           12M (0%)     
[1,472s][info ][gc,heap        ] GC(0) Y:   Garbage:         -                81M (1%)           81M (1%)           29M (0%)     
[1,472s][info ][gc,heap        ] GC(0) Y: Allocated:         -                 8M (0%)            8M (0%)           21M (0%)     
[1,473s][info ][gc,heap        ] GC(0) Y: Reclaimed:         -                  -                 0M (0%)           51M (0%)     
[1,473s][info ][gc,heap        ] GC(0) Y:  Promoted:         -                  -                 0M (0%)            0M (0%)     
[1,473s][info ][gc,heap        ] GC(0) Y: Compacted:         -                  -                  -                 6M (0%)     
[1,473s][info ][gc,phases      ] GC(0) Y: Young Generation 94M(1%)->64M(1%) 0,018s
[1,472s][debug][gc,nmethod     ] Register NMethod: jdk.internal.classfile.impl.DirectCodeBuilder$4.writeBody (0x000074dd1f8bc108) [0x000074dd1f8bc200, 0x000074dd1f8c0ab8] Compiler: c1, Barriers: 36, Oops: 1, ImmediateOops: 7, NonImmediateOops: No
[1,473s][debug][gc,heap        ] GC(0) O: Heap Before GC invocations=1 (full 1):
[1,473s][debug][gc,heap        ] GC(0) O:  ZHeap           used 64M, capacity 5120M, max capacity 12288M
[1,473s][debug][gc,heap        ] GC(0) O:   Cache          5056M (3)
[1,473s][debug][gc,heap        ] GC(0) O:    size classes  4M (1), 32M (1), 4G (1)
[1,473s][debug][gc,metaspace   ] GC(0) O: Metaspace Before GC invocations=1 (full 1):
[1,473s][debug][gc,metaspace   ] GC(0) O:  Metaspace       used 22336K, committed 22528K, reserved 1114112K
[1,473s][debug][gc,metaspace   ] GC(0) O:   class space    used 1897K, committed 1984K, reserved 1048576K
[1,473s][info ][gc,phases      ] GC(0) O: Old Generation
[1,473s][debug][gc,phases,start] GC(0) O: Concurrent Mark
[1,473s][debug][gc,phases,start] GC(0) O: Concurrent Mark Roots
[1,473s][debug][gc,task        ] GC(0) O: Executing ZMarkOldRootsTask using ZWorkerOld with 1 workers
[1,473s][debug][gc,nmethod     ] Register NMethod: java.lang.invoke.MethodHandle.linkToSpecial (0x000074dd3ec75e08) [0x000074dd3ec75f00, 0x000074dd3ec75ff8] Compiler: , Barriers: 0, Oops: 0, ImmediateOops: 0, NonImmediateOops: No
[1,473s][debug][gc,nmethod     ] Register NMethod: java.lang.invoke.MethodHandle.invokeBasic (0x000074dd3ec76108) [0x000074dd3ec76200, 0x000074dd3ec76498] Compiler: , Barriers: 0, Oops: 0, ImmediateOops: 0, NonImmediateOops: No
[1,473s][debug][gc,nmethod     ] Register NMethod: java.lang.invoke.MethodHandle.linkToSpecial (0x000074dd3ec76508) [0x000074dd3ec76600, 0x000074dd3ec766f8] Compiler: , Barriers: 0, Oops: 0, ImmediateOops: 0, NonImmediateOops: No
[1,473s][debug][gc,tlab        ] GC(0) O: TLAB totals: thrds: 4  refills: 9 max: 6 slow allocs: 1 max 1 waste:  1,4% gc: 14192B max: 6424B slow: 8472B max: 8472B
[1,473s][debug][gc,phases      ] GC(0) O: Concurrent Mark Roots 0,305ms
[1,473s][debug][gc,phases,start] GC(0) O: Concurrent Mark Follow
[1,473s][debug][gc,marking     ] GC(0) O: Using 1 mark stripes
[1,473s][debug][gc,task        ] GC(0) O: Executing ZMarkTask using ZWorkerOld with 1 workers
[1,473s][debug][gc,nmethod     ] Register NMethod: java.lang.invoke.MemberName$Factory.resolveOrNull (0x000074dd1f8c0b08) [0x000074dd1f8c0c00, 0x000074dd1f8c1078] Compiler: c1, Barriers: 1, Oops: 0, ImmediateOops: 0, NonImmediateOops: No
[1,473s][debug][gc,phases      ] GC(0) O: Concurrent Mark Follow 0,322ms
[1,473s][info ][gc,phases      ] GC(0) O: Concurrent Mark 0,657ms
[1,473s][debug][gc,reloc       ] Synchronize all workers 1 _nworkers: 0 _nsynchronized: 0
[1,473s][debug][gc,reloc       ] Synchronize all workers 1 _nworkers: 0 _nsynchronized: 0
[1,473s][debug][gc,phases,start] GC(0) O: Pause Mark End
[1,473s][info ][gc,phases      ] GC(0) O: Pause Mark End 0,020ms
[1,473s][debug][gc,reloc       ] Desynchronize all workers _nworkers: 0 _nsynchronized: 0
[1,473s][debug][gc,reloc       ] Desynchronize all workers _nworkers: 0 _nsynchronized: 0
[1,473s][debug][gc,phases,start] GC(0) O: Concurrent Mark Free
[1,473s][info ][gc,phases      ] GC(0) O: Concurrent Mark Free 0,011ms
[1,474s][debug][gc,phases,start] GC(0) O: Concurrent Process Non-Strong
[1,474s][debug][gc,phases,start] GC(0) O: Concurrent References Process
[1,474s][debug][gc,task        ] GC(0) O: Executing ZReferenceProcessorTask using ZWorkerOld with 1 workers
[1,474s][debug][gc,phases      ] GC(0) O: Concurrent References Process 0,028ms
[1,474s][debug][gc,nmethod     ] Register NMethod: java.lang.Short.<init> (0x000074dd1f8c1088) [0x000074dd1f8c1180, 0x000074dd1f8c1340] Compiler: c1, Barriers: 0, Oops: 0, ImmediateOops: 0, NonImmediateOops: No
[1,474s][debug][gc,task        ] GC(0) O: Executing ZProcessWeakRootsTask using ZWorkerOld with 1 workers
[1,474s][debug][gc,nmethod     ] Register NMethod: java.lang.invoke.MethodHandle.linkToStatic (0x000074dd3ec76808) [0x000074dd3ec76900, 0x000074dd3ec769f0] Compiler: , Barriers: 0, Oops: 0, ImmediateOops: 0, NonImmediateOops: No
[1,474s][debug][gc,nmethod     ] Register NMethod: java.lang.invoke.MethodHandle.linkToSpecial (0x000074dd3ec76b08) [0x000074dd3ec76c00, 0x000074dd3ec76cf8] Compiler: , Barriers: 0, Oops: 0, ImmediateOops: 0, NonImmediateOops: No
[1,474s][debug][gc,nmethod     ] Register NMethod: java.lang.Number.<init> (0x000074dd3ec76e08) [0x000074dd3ec76f00, 0x000074dd3ec76f80] Compiler: jvmci, Barriers: 0, Oops: 0, ImmediateOops: 0, NonImmediateOops: No
[1,474s][debug][gc,nmethod     ] Register NMethod: java.lang.invoke.MethodHandle.invokeBasic (0x000074dd3ec77108) [0x000074dd3ec77200, 0x000074dd3ec77498] Compiler: , Barriers: 0, Oops: 0, ImmediateOops: 0, NonImmediateOops: No
[1,474s][debug][gc,nmethod     ] Register NMethod: java.lang.invoke.MethodHandle.linkToSpecial (0x000074dd3ec77508) [0x000074dd3ec77600, 0x000074dd3ec776f8] Compiler: , Barriers: 0, Oops: 0, ImmediateOops: 0, NonImmediateOops: No
[1,474s][debug][gc,nmethod     ] Register NMethod: jdk.internal.classfile.impl.DirectClassBuilder.buildInterfaceEnties (0x000074dd1f8c1388) [0x000074dd1f8c1480, 0x000074dd1f8c2988] Compiler: c1, Barriers: 6, Oops: 0, ImmediateOops: 0, NonImmediateOops: No
[1,474s][debug][gc,nmethod     ] Register NMethod: java.lang.invoke.MethodHandle.linkToNative (0x000074dd3ec77808) [0x000074dd3ec77900, 0x000074dd3ec77910] Compiler: , Barriers: 0, Oops: 0, ImmediateOops: 0, NonImmediateOops: No
[1,474s][debug][gc,phases,start] GC(0) O: Concurrent Classes Unlink
[1,474s][debug][gc,phases,start] GC(0) O: ClassLoaderData
[1,474s][debug][gc,phases      ] GC(0) O: ClassLoaderData 0,014ms
[1,474s][debug][gc,phases,start] GC(0) O: Trigger cleanups
[1,474s][debug][gc,phases      ] GC(0) O: Trigger cleanups 0,010ms
[1,474s][debug][gc,nmethod     ] Register NMethod: jdk.internal.constant.PrimitiveClassDescImpl.isPrimitive (0x000074dd3ec77b08) [0x000074dd3ec77c00, 0x000074dd3ec77cc0] Compiler: c1, Barriers: 0, Oops: 0, ImmediateOops: 0, NonImmediateOops: No
[1,474s][debug][gc,task        ] GC(0) O: Executing ZNMethodUnlinkTask using ZWorkerOld with 1 workers
[1,474s][debug][gc,nmethod     ] Register NMethod: java.util.ImmutableCollections$ListN.get (0x000074dd3ec77e08) [0x000074dd3ec77f00, 0x000074dd3ec78040] Compiler: jvmci, Barriers: 2, Oops: 0, ImmediateOops: 0, NonImmediateOops: No
[1,475s][debug][gc,nmethod     ] GC(0) O: Unregister NMethod: java.lang.String.substring (0x000074dd1f441c88) [0x000074dd1f441d80, 0x000074dd1f4428a0] 
[1,475s][debug][gc,nmethod     ] GC(0) O: Unregister NMethod: jdk.internal.classfile.impl.AbstractPoolEntry$Utf8EntryImpl.<init> (0x000074dd1f45fc08) [0x000074dd1f45fd00, 0x000074dd1f460568] 
[1,475s][debug][gc,nmethod     ] GC(0) O: Unregister NMethod: java.util.HashMap.putVal (0x000074dd1f437a08) [0x000074dd1f437b00, 0x000074dd1f439e90] 
[1,475s][debug][gc,nmethod     ] GC(0) O: Unregister NMethod: sun.util.locale.BaseLocale.hashCode (0x000074dd1f634b08) [0x000074dd1f634c00, 0x000074dd1f638a88] 
[1,475s][debug][gc,nmethod     ] GC(0) O: Unregister NMethod: jdk.internal.util.ArraysSupport.unsignedHashCode (0x000074dd1f400008) [0x000074dd1f400100, 0x000074dd1f400310] 
[1,475s][debug][gc,nmethod     ] GC(0) O: Unregister NMethod: java.lang.String.<init> (0x000074dd3ec51408) [0x000074dd3ec51500, 0x000074dd3ec518e0] 
[1,475s][debug][gc,nmethod     ] GC(0) O: Unregister NMethod: java.lang.String.isEmpty (0x000074dd1f411008) [0x000074dd1f411100, 0x000074dd1f411288] 
[1,475s][debug][gc,nmethod     ] GC(0) O: Unregister NMethod: java.util.zip.ZipFile.ensureOpen (0x000074dd1f47d788) [0x000074dd1f47d880, 0x000074dd1f47db50] 
[1,475s][debug][gc,nmethod     ] GC(0) O: Unregister NMethod: java.nio.DirectByteBuffer.ix (0x000074dd1f490b08) [0x000074dd1f490c00, 0x000074dd1f490d08] 
[1,475s][debug][gc,nmethod     ] GC(0) O: Unregister NMethod: java.util.jar.JarFile.getEntry (0x000074dd3ec42508) [0x000074dd3ec42600, 0x000074dd3ec43af0] 
[1,475s][debug][gc,nmethod     ] GC(0) O: Unregister NMethod: java.util.regex.Pattern$BmpCharPropertyGreedy.match (0x000074dd3ec2c788) [0x000074dd3ec2c880, 0x000074dd3ec2cc50] 
[1,475s][debug][gc,nmethod     ] GC(0) O: Unregister NMethod: java.util.HashMap.putVal (0x000074dd3ebf6788) [0x000074dd3ebf68a0, 0x000074dd3ebf8120] 
[1,475s][debug][gc,nmethod     ] GC(0) O: Unregister NMethod: java.lang.module.ModuleDescriptor$Exports.isQualified (0x000074dd1f428608) [0x000074dd1f428700, 0x000074dd1f428a90] 
[1,475s][debug][gc,nmethod     ] GC(0) O: Unregister NMethod: java.nio.DirectIntBufferU.ix (0x000074dd1f683788) [0x000074dd1f683880, 0x000074dd1f683990] 
[1,475s][debug][gc,nmethod     ] GC(0) O: Unregister NMethod: jdk.internal.loader.Resource.cachedInputStream (0x000074dd1f50d888) [0x000074dd1f50d980, 0x000074dd1f50dff8] 
[1,475s][debug][gc,nmethod     ] GC(0) O: Unregister NMethod: java.util.zip.ZipCoder.hash (0x000074dd1f487608) [0x000074dd1f487700, 0x000074dd1f488538] 
[1,475s][debug][gc,nmethod     ] GC(0) O: Unregister NMethod: java.util.zip.ZipFile$Source.nextEntryPos (0x000074dd1f472608) [0x000074dd1f472700, 0x000074dd1f4729b8] 
[1,475s][debug][gc,nmethod     ] GC(0) O: Unregister NMethod: jdk.internal.classfile.impl.DirectCodeBuilder.parameterSlot (0x000074dd1f792188) [0x000074dd1f792280, 0x000074dd1f792438] 
[1,475s][debug][gc,nmethod     ] GC(0) O: Unregister NMethod: java.lang.CharacterDataLatin1.equalsIgnoreCase (0x000074dd3ec6ab88) [0x000074dd3ec6ac80, 0x000074dd3ec6ad90] 
[1,475s][debug][gc,nmethod     ] GC(0) O: Unregister NMethod: java.util.ImmutableCollections$ListN.size (0x000074dd1f5b2788) [0x000074dd1f5b2880, 0x000074dd1f5b29b8] 
[1,475s][debug][gc,nmethod     ] GC(0) O: Unregister NMethod: java.util.HashMap.put (0x000074dd1f42b988) [0x000074dd1f42ba80, 0x000074dd1f42c068] 
[1,475s][debug][gc,nmethod     ] GC(0) O: Unregister NMethod: java.lang.String.equals (0x000074dd1f407808) [0x000074dd1f407900, 0x000074dd1f407fc0] 
[1,475s][debug][gc,nmethod     ] GC(0) O: Unregister NMethod: java.lang.AbstractStringBuilder.<init> (0x000074dd1f477a88) [0x000074dd1f477b80, 0x000074dd1f477e08] 
[1,475s][debug][gc,nmethod     ] GC(0) O: Unregister NMethod: java.io.BufferedInputStream.read (0x000074dd1f453308) [0x000074dd1f453400, 0x000074dd1f453858] 
[1,475s][debug][gc,nmethod     ] GC(0) O: Unregister NMethod: sun.util.locale.LocaleUtils.toLower (0x000074dd1f633e08) [0x000074dd1f633f00, 0x000074dd1f634100] 
[1,475s][debug][gc,nmethod     ] GC(0) O: Unregister NMethod: java.math.BigInteger.implMulAdd (0x000074dd1f744408) [0x000074dd1f744500, 0x000074dd1f744720] 
[1,475s][debug][gc,nmethod     ] GC(0) O: Unregister NMethod: java.util.jar.Manifest$FastInputStream.readLine (0x000074dd1f485a08) [0x000074dd1f485b00, 0x000074dd1f486358] 
[1,475s][debug][gc,nmethod     ] GC(0) O: Unregister NMethod: org.gradle.internal.io.StreamByteBuffer$StreamByteBufferChunk.spaceLeft (0x000074dd1f898588) [0x000074dd1f898680, 0x000074dd1f898788] 
[1,475s][debug][gc,nmethod     ] GC(0) O: Unregister NMethod: java.util.LinkedHashMap.newNode (0x000074dd1f526788) [0x000074dd1f526880, 0x000074dd1f526a68] 
[1,475s][debug][gc,nmethod     ] GC(0) O: Unregister NMethod: java.lang.StringLatin1.regionMatchesCI (0x000074dd1f4c4908) [0x000074dd1f4c4a00, 0x000074dd1f4c4ca0] 
[1,475s][debug][gc,nmethod     ] GC(0) O: Unregister NMethod: jdk.internal.jimage.ImageStringsReader.unmaskedHashCode (0x000074dd1f51ac88) [0x000074dd1f51ad80, 0x000074dd1f51bf80] 
[1,475s][debug][gc,nmethod     ] GC(0) O: Unregister NMethod: java.net.URLClassLoader.findClass (0x000074dd1f607508) [0x000074dd1f607600, 0x000074dd1f60a220] 
[1,475s][debug][gc,nmethod     ] GC(0) O: Unregister NMethod: java.util.ImmutableCollections$SetN.probe (0x000074dd1f401088) [0x000074dd1f401180, 0x000074dd1f4019a8] 
[1,475s][debug][gc,nmethod     ] GC(0) O: Unregister NMethod: java.lang.StringLatin1.indexOfChar (0x000074dd1f40ee08) [0x000074dd1f40ef00, 0x000074dd1f40f100] 
[1,475s][debug][gc,nmethod     ] GC(0) O: Unregister NMethod: java.lang.Short.toUnsignedInt (0x000074dd1f450a08) [0x000074dd1f450b00, 0x000074dd1f450be8] 
[1,475s][debug][gc,nmethod     ] GC(0) O: Unregister NMethod: java.util.zip.CRC32.<init> (0x000074dd1f5e9008) [0x000074dd1f5e9100, 0x000074dd1f5e9258] 
[1,475s][debug][gc,nmethod     ] GC(0) O: Unregister NMethod: java.util.concurrent.ConcurrentHashMap.addCount (0x000074dd1f414c88) [0x000074dd1f414d80, 0x000074dd1f415a20] 
[1,475s][debug][gc,nmethod     ] GC(0) O: Unregister NMethod: java.lang.String.coder (0x000074dd1f40c008) [0x000074dd1f40c100, 0x000074dd1f40c228] 
[1,475s][debug][gc,nmethod     ] GC(0) O: Unregister NMethod: java.lang.Integer.rotateLeft (0x000074dd1f583f08) [0x000074dd1f584000, 0x000074dd1f5840f0] 
[1,475s][debug][gc,nmethod     ] GC(0) O: Unregister NMethod: java.lang.StringLatin1.equals (0x000074dd1f401a08) [0x000074dd1f401b00, 0x000074dd1f401d68] 
[1,475s][debug][gc,nmethod     ] GC(0) O: Unregister NMethod: java.util.jar.JarFile.getEntry (0x000074dd1f4c3188) [0x000074dd1f4c3280, 0x000074dd1f4c39c8] 
[1,475s][debug][gc,nmethod     ] GC(0) O: Unregister NMethod: java.util.BitSet.set (0x000074dd1f52d708) [0x000074dd1f52d800, 0x000074dd1f52e748] 
[1,475s][debug][gc,nmethod     ] GC(0) O: Unregister NMethod: java.lang.Math.min (0x000074dd1f419688) [0x000074dd1f419780, 0x000074dd1f4198a8] 
[1,475s][debug][gc,nmethod     ] GC(0) O: Unregister NMethod: jdk.internal.loader.URLClassPath.getLoader (0x000074dd1f48ac88) [0x000074dd1f48ad80, 0x000074dd1f48cc28] 
[1,475s][debug][gc,nmethod     ] GC(0) O: Unregister NMethod: java.util.concurrent.ConcurrentHashMap.get (0x000074dd1f41be08) [0x000074dd1f41bf00, 0x000074dd1f41cf18] 
[1,475s][debug][gc,nmethod     ] GC(0) O: Unregister NMethod: worker.org.gradle.internal.stream.EncodedStream$EncodedInput.hexToByte (0x000074dd1f453b88) [0x000074dd1f453c80, 0x000074dd1f4543c8] 
[1,475s][debug][gc,nmethod     ] GC(0) O: Unregister NMethod: jdk.internal.classfile.impl.SplitConstantPool.tryFindUtf8 (0x000074dd1f45d488) [0x000074dd1f45d580, 0x000074dd1f45edb8] 
[1,475s][debug][gc,nmethod     ] GC(0) O: Unregister NMethod: java.util.BitSet.checkInvariants (0x000074dd1f529908) [0x000074dd1f529a00, 0x000074dd1f529b30] 
[1,475s][debug][gc,nmethod     ] GC(0) O: Unregister NMethod: java.util.ArrayList.get (0x000074dd1f47cd88) [0x000074dd1f47ce80, 0x000074dd1f47d128] 
[1,475s][debug][gc,nmethod     ] GC(0) O: Unregister NMethod: java.util.concurrent.ConcurrentHashMap.putVal (0x000074dd3ec2fe88) [0x000074dd3ec2ff80, 0x000074dd3ec31088] 
[1,475s][debug][gc,nmethod     ] GC(0) O: Unregister NMethod: java.lang.String.startsWith (0x000074dd1f410c08) [0x000074dd1f410d00, 0x000074dd1f410ff8] 
[1,475s][debug][gc,nmethod     ] GC(0) O: Unregister NMethod: sun.reflect.generics.parser.SignatureParser.advance (0x000074dd1f5bd888) [0x000074dd1f5bd980, 0x000074dd1f5bdf98] 
[1,475s][debug][gc,nmethod     ] GC(0) O: Unregister NMethod: jdk.internal.loader.Resource.getByteBuffer (0x000074dd1f5e6a88) [0x000074dd1f5e6b80, 0x000074dd1f5e78f8] 
[1,475s][debug][gc,nmethod     ] GC(0) O: Unregister NMethod: java.util.ImmutableCollections$SetN$SetNIterator.next (0x000074dd1f414808) [0x000074dd1f414900, 0x000074dd1f414c78] 
[1,475s][debug][gc,nmethod     ] GC(0) O: Unregister NMethod: java.util.zip.ZipUtils.get16 (0x000074dd1f44ff88) [0x000074dd1f450080, 0x000074dd1f450480] 
[1,475s][debug][gc,nmethod     ] GC(0) O: Unregister NMethod: java.lang.ref.Reference.reachabilityFence (0x000074dd1f477e88) [0x000074dd1f477f80, 0x000074dd1f478060] 
[1,475s][debug][gc,nmethod     ] GC(0) O: Unregister NMethod: java.lang.StringLatin1.lastIndexOf (0x000074dd1f412308) [0x000074dd1f412400, 0x000074dd1f4127c8] 
[1,475s][debug][gc,nmethod     ] GC(0) O: Unregister NMethod: java.lang.StringCoding.countPositives (0x000074dd3ec04288) [0x000074dd3ec04380, 0x000074dd3ec04708] 
[1,475s][debug][gc,nmethod     ] GC(0) O: Unregister NMethod: java.util.zip.ZipUtils.CENSIZ (0x000074dd1f470508) [0x000074dd1f470600, 0x000074dd1f470710] 
[1,475s][debug][gc,nmethod     ] GC(0) O: Unregister NMethod: jdk.internal.classfile.impl.RawBytecodeHelper.next (0x000074dd1f44c588) [0x000074dd1f44c680, 0x000074dd1f44cdf8] 
[1,475s][debug][gc,nmethod     ] GC(0) O: Unregister NMethod: sun.net.www.ParseUtil.firstEncodeIndex (0x000074dd1f412808) [0x000074dd1f412900, 0x000074dd1f4137d8] 
[1,475s][debug][gc,nmethod     ] GC(0) O: Unregister NMethod: java.util.zip.ZipUtils.CENNAM (0x000074dd1f470808) [0x000074dd1f470900, 0x000074dd1f470a10] 
[1,475s][debug][gc,nmethod     ] GC(0) O: Unregister NMethod: jdk.internal.loader.Resource.getBytes (0x000074dd1f5e5488) [0x000074dd1f5e5580, 0x000074dd1f5e6a70] 
[1,475s][debug][gc,nmethod     ] GC(0) O: Unregister NMethod: java.util.zip.ZipFile.zipCoderFor (0x000074dd1f471a88) [0x000074dd1f471b80, 0x000074dd1f471fd0] 
[1,475s][debug][gc,nmethod     ] GC(0) O: Unregister NMethod: java.util.WeakHashMap.getTable (0x000074dd1f48a688) [0x000074dd1f48a780, 0x000074dd1f48a8f8] 
[1,475s][debug][gc,nmethod     ] GC(0) O: Unregister NMethod: java.lang.CharacterDataLatin1.getProperties (0x000074dd1f4e6a88) [0x000074dd1f4e6b80, 0x000074dd1f4e6cb0] 
[1,475s][debug][gc,nmethod     ] GC(0) O: Unregister NMethod: java.util.zip.ZipFile$CleanableResource.releaseInflater (0x000074dd1f551688) [0x000074dd1f551780, 0x000074dd1f551cd8] 
[1,475s][debug][gc,nmethod     ] GC(0) O: Unregister NMethod: java.util.concurrent.ConcurrentHashMap.putVal (0x000074dd1f415a88) [0x000074dd1f415b80, 0x000074dd1f418078] 
[1,476s][debug][gc,nmethod     ] GC(0) O: Unregister NMethod: java.lang.invoke.MemberName.getReferenceKind (0x000074dd1f47ee08) [0x000074dd1f47ef00, 0x000074dd1f47f010] 
[1,476s][debug][gc,nmethod     ] GC(0) O: Unregister NMethod: java.lang.StringBuilder.<init> (0x000074dd1f479c88) [0x000074dd1f479d80, 0x000074dd1f479eb8] 
[1,476s][debug][gc,nmethod     ] GC(0) O: Unregister NMethod: java.util.LinkedHashMap.get (0x000074dd1f4e0688) [0x000074dd1f4e0780, 0x000074dd1f4e0b98] 
[1,476s][debug][gc,nmethod     ] GC(0) O: Unregister NMethod: java.util.concurrent.ConcurrentHashMap.tabAt (0x000074dd1f413b08) [0x000074dd1f413c00, 0x000074dd1f414148] 
[1,476s][debug][gc,nmethod     ] Register NMethod: java.lang.invoke.MethodHandleImpl.countNonNull (0x000074dd1f8c2a08) [0x000074dd1f8c2b00, 0x000074dd1f8c2d48] Compiler: c1, Barriers: 1, Oops: 0, ImmediateOops: 0, NonImmediateOops: No
[1,476s][debug][gc,nmethod     ] GC(0) O: Unregister NMethod: java.lang.StringCoding.countNonZeroAsciiLatin1 (0x000074dd1f41f408) [0x000074dd1f41f500, 0x000074dd1f41f708] 
[1,476s][debug][gc,nmethod     ] GC(0) O: Unregister NMethod: java.lang.AbstractStringBuilder.needsNewBuffer (0x000074dd3ec1af88) [0x000074dd3ec1b080, 0x000074dd3ec1b168] 
[1,476s][debug][gc,nmethod     ] GC(0) O: Unregister NMethod: java.util.HashMap.putVal (0x000074dd1f42d508) [0x000074dd1f42d600, 0x000074dd1f42f2f0] 
[1,476s][debug][gc,nmethod     ] GC(0) O: Unregister NMethod: java.util.regex.Pattern$BmpCharPropertyGreedy.match (0x000074dd1f62fc88) [0x000074dd1f62fd80, 0x000074dd1f630700] 
[1,476s][debug][gc,nmethod     ] Register NMethod: java.lang.invoke.MethodHandle.setAsTypeCache (0x000074dd1f8c2d88) [0x000074dd1f8c2e80, 0x000074dd1f8c3758] Compiler: c1, Barriers: 14, Oops: 0, ImmediateOops: 2, NonImmediateOops: No
[1,476s][debug][gc,nmethod     ] GC(0) O: Unregister NMethod: jdk.internal.misc.Unsafe.getIntUnaligned (0x000074dd3ec00508) [0x000074dd3ec00600, 0x000074dd3ec006c0] 
[1,476s][debug][gc,nmethod     ] GC(0) O: Unregister NMethod: java.lang.String.getBytes (0x000074dd1f465e08) [0x000074dd1f465f00, 0x000074dd1f466c88] 
[1,476s][debug][gc,nmethod     ] GC(0) O: Unregister NMethod: java.util.jar.JarFile.getEntry (0x000074dd1f489688) [0x000074dd1f489780, 0x000074dd1f489ec8] 
[1,476s][debug][gc,nmethod     ] GC(0) O: Unregister NMethod: java.lang.String.indexOf (0x000074dd1f51c908) [0x000074dd1f51ca00, 0x000074dd1f51d500] 
[1,476s][debug][gc,nmethod     ] GC(0) O: Unregister NMethod: java.util.zip.ZipFile$CleanableResource.getInflater (0x000074dd1f54e188) [0x000074dd1f54e280, 0x000074dd1f54e9b0] 
[1,476s][debug][gc,nmethod     ] GC(0) O: Unregister NMethod: java.util.concurrent.ConcurrentHashMap.get (0x000074dd3ec36408) [0x000074dd3ec36500, 0x000074dd3ec374a8] 
[1,476s][debug][gc,nmethod     ] Register NMethod: java.lang.invoke.MethodHandleImpl.computeValueConversions (0x000074dd1f8c3788) [0x000074dd1f8c3880, 0x000074dd1f8c4b60] Compiler: c1, Barriers: 10, Oops: 0, ImmediateOops: 0, NonImmediateOops: No
[1,476s][debug][gc,nmethod     ] GC(0) O: Unregister NMethod: java.util.Objects.requireNonNull (0x000074dd1f422288) [0x000074dd1f422380, 0x000074dd1f422558] 
[1,476s][debug][gc,nmethod     ] GC(0) O: Unregister NMethod: java.util.HashMap.resize (0x000074dd3ebf8788) [0x000074dd3ebf88a0, 0x000074dd3ebf93e0] 
[1,476s][debug][gc,nmethod     ] GC(0) O: Unregister NMethod: jdk.internal.classfile.impl.SplitConstantPool.utf8Entry (0x000074dd1f469c08) [0x000074dd1f469d00, 0x000074dd1f46a7f8] 
[1,476s][debug][gc,nmethod     ] GC(0) O: Unregister NMethod: jdk.internal.util.ArraysSupport.vectorizedHashCode (0x000074dd3ec10308) [0x000074dd3ec10420, 0x000074dd3ec106d8] 
[1,476s][debug][gc,nmethod     ] GC(0) O: Unregister NMethod: java.lang.String.startsWith (0x000074dd3ec46e08) [0x000074dd3ec46f00, 0x000074dd3ec471f8] 
[1,476s][debug][gc,nmethod     ] GC(0) O: Unregister NMethod: java.util.HashMap.resize (0x000074dd1f43e608) [0x000074dd1f43e720, 0x000074dd1f440400] 
[1,476s][debug][gc,nmethod     ] GC(0) O: Unregister NMethod: jdk.internal.classfile.impl.SplitConstantPool.internalAdd (0x000074dd1f425f08) [0x000074dd1f426000, 0x000074dd1f426de8] 
[1,476s][debug][gc,nmethod     ] Register NMethod: java.lang.invoke.MethodHandle.asTypeUncached (0x000074dd1f8c4b88) [0x000074dd1f8c4c80, 0x000074dd1f8c6898] Compiler: c1, Barriers: 1, Oops: 2, ImmediateOops: 4, NonImmediateOops: No
[1,476s][debug][gc,nmethod     ] GC(0) O: Unregister NMethod: jdk.internal.loader.URLClassPath$JarLoader.getResource (0x000074dd1f4c2108) [0x000074dd1f4c2200, 0x000074dd1f4c2b30] 
[1,476s][debug][gc,nmethod     ] Register NMethod: java.lang.invoke.MethodHandle.getApproximateCommonClassLoader (0x000074dd1f8c6908) [0x000074dd1f8c6a00, 0x000074dd1f8c7b50] Compiler: c1, Barriers: 6, Oops: 0, ImmediateOops: 4, NonImmediateOops: No
[1,476s][debug][gc,nmethod     ] GC(0) O: Unregister NMethod: jdk.internal.misc.Unsafe.putReferenceRelease (0x000074dd1f46b888) [0x000074dd1f46b980, 0x000074dd1f46baf8] 
[1,476s][debug][gc,nmethod     ] GC(0) O: Unregister NMethod: jdk.internal.loader.URLClassPath$JarLoader.getResource (0x000074dd3ec3ea08) [0x000074dd3ec3eb00, 0x000074dd3ec40238] 
[1,476s][debug][gc,nmethod     ] GC(0) O: Unregister NMethod: java.lang.CharacterDataLatin1.equalsIgnoreCase (0x000074dd1f4c3a08) [0x000074dd1f4c3b00, 0x000074dd1f4c3d98] 
[1,476s][debug][gc,nmethod     ] GC(0) O: Unregister NMethod: jdk.internal.loader.URLClassPath$JarLoader.getResource (0x000074dd1f488588) [0x000074dd1f488680, 0x000074dd1f488c60] 
[1,476s][debug][gc,nmethod     ] GC(0) O: Unregister NMethod: worker.org.gradle.internal.stream.EncodedStream$EncodedInput.read (0x000074dd1f454408) [0x000074dd1f454500, 0x000074dd1f454c58] 
[1,476s][debug][gc,nmethod     ] GC(0) O: Unregister NMethod: java.util.HashSet.add (0x000074dd1f430788) [0x000074dd1f430880, 0x000074dd1f430a60] 
[1,476s][debug][gc,nmethod     ] Register NMethod: java.lang.classfile.attribute.StackMapFrameInfo.of (0x000074dd1f8c7b88) [0x000074dd1f8c7c80, 0x000074dd1f8c7e18] Compiler: c1, Barriers: 0, Oops: 0, ImmediateOops: 0, NonImmediateOops: No
[1,476s][debug][gc,nmethod     ] GC(0) O: Unregister NMethod: java.util.zip.ZipUtils.get32 (0x000074dd1f458308) [0x000074dd1f458400, 0x000074dd1f458808] 
[1,476s][debug][gc,nmethod     ] GC(0) O: Unregister NMethod: java.lang.invoke.MethodType.parameterType (0x000074dd1f44e308) [0x000074dd1f44e400, 0x000074dd1f44e588] 
[1,476s][debug][gc,nmethod     ] GC(0) O: Unregister NMethod: java.lang.AbstractStringBuilder.isLatin1 (0x000074dd1f477788) [0x000074dd1f477880, 0x000074dd1f477a40] 
[1,476s][debug][gc,nmethod     ] Register NMethod: java.lang.invoke.MethodHandle.keepsAlive (0x000074dd1f8c7e88) [0x000074dd1f8c7f80, 0x000074dd1f8c8f48] Compiler: c1, Barriers: 5, Oops: 0, ImmediateOops: 4, NonImmediateOops: No
[1,476s][debug][gc,nmethod     ] GC(0) O: Unregister NMethod: java.net.URLClassLoader.defineClass (0x000074dd1f60e688) [0x000074dd1f60e780, 0x000074dd1f613018] 
[1,476s][debug][gc,nmethod     ] GC(0) O: Unregister NMethod: java.util.jar.JarFile.getJarEntry (0x000074dd3ec4a308) [0x000074dd3ec4a400, 0x000074dd3ec4ba18] 
[1,476s][debug][gc,nmethod     ] GC(0) O: Unregister NMethod: java.util.HashMap.getNode (0x000074dd1f42f308) [0x000074dd1f42f400, 0x000074dd1f430710] 
[1,476s][debug][gc,nmethod     ] GC(0) O: Unregister NMethod: java.util.regex.Pattern$$Lambda/0x00000000690b27a0.is (0x000074dd1f62f108) [0x000074dd1f62f200, 0x000074dd1f62f3b0] 
[1,476s][debug][gc,nmethod     ] GC(0) O: Unregister NMethod: java.lang.String.charAt (0x000074dd1f67b088) [0x000074dd1f67b180, 0x000074dd1f67b8b8] 
[1,476s][debug][gc,nmethod     ] Register NMethod: jdk.internal.classfile.impl.StackMapDecoder$StackMapFrameImpl.<init> (0x000074dd1f8c8f88) [0x000074dd1f8c9080, 0x000074dd1f8c9620] Compiler: c1, Barriers: 9, Oops: 0, ImmediateOops: 0, NonImmediateOops: No
[1,476s][debug][gc,nmethod     ] GC(0) O: Unregister NMethod: java.lang.String.charAt (0x000074dd1f40ce88) [0x000074dd1f40cf80, 0x000074dd1f40d510] 
[1,476s][debug][gc,nmethod     ] Register NMethod: java.lang.invoke.MethodHandleImpl.makePairwiseConvert (0x000074dd1f8c9688) [0x000074dd1f8c9780, 0x000074dd1f8c9898] Compiler: c1, Barriers: 0, Oops: 0, ImmediateOops: 0, NonImmediateOops: No
[1,476s][debug][gc,nmethod     ] GC(0) O: Unregister NMethod: java.lang.String.startsWith (0x000074dd1f40f888) [0x000074dd1f40f980, 0x000074dd1f410c00] 
[1,476s][debug][gc,nmethod     ] GC(0) O: Unregister NMethod: java.util.Objects.requireNonNull (0x000074dd1f407208) [0x000074dd1f407300, 0x000074dd1f4074d0] 
[1,476s][debug][gc,nmethod     ] GC(0) O: Unregister NMethod: java.util.jar.JarFile.checkForSpecialAttributes (0x000074dd1f4c6c08) [0x000074dd1f4c6d00, 0x000074dd1f4c82e0] 
[1,476s][debug][gc,nmethod     ] GC(0) O: Unregister NMethod: java.lang.invoke.MethodType.parameterCount (0x000074dd1f423088) [0x000074dd1f423180, 0x000074dd1f4232b8] 
[1,476s][debug][gc,nmethod     ] GC(0) O: Unregister NMethod: java.util.LinkedHashMap.afterNodeInsertion (0x000074dd1f527688) [0x000074dd1f527780, 0x000074dd1f527988] 
[1,476s][debug][gc,nmethod     ] GC(0) O: Unregister NMethod: java.math.BigInteger.addOne (0x000074dd1f744a88) [0x000074dd1f744b80, 0x000074dd1f744e98] 
[1,476s][debug][gc,nmethod     ] Register NMethod: java.lang.invoke.MethodHandle.isSafeToCache (0x000074dd1f8c9988) [0x000074dd1f8c9a80, 0x000074dd1f8c9c28] Compiler: c1, Barriers: 1, Oops: 0, ImmediateOops: 0, NonImmediateOops: No
[1,476s][debug][gc,nmethod     ] GC(0) O: Unregister NMethod: jdk.internal.util.ArraysSupport.mismatch (0x000074dd1f411908) [0x000074dd1f411a00, 0x000074dd1f411de0] 
[1,476s][debug][gc,nmethod     ] Register NMethod: java.lang.invoke.MethodHandleImpl.makePairwiseConvert (0x000074dd1f8c9c88) [0x000074dd1f8c9d80, 0x000074dd1f8ca0f0] Compiler: c1, Barriers: 1, Oops: 0, ImmediateOops: 0, NonImmediateOops: No
[1,476s][debug][gc,nmethod     ] GC(0) O: Unregister NMethod: java.lang.String.indexOf (0x000074dd1f4dda08) [0x000074dd1f4ddb00, 0x000074dd1f4de4b8] 
[1,476s][debug][gc,nmethod     ] GC(0) O: Unregister NMethod: jdk.internal.classfile.impl.BufWriterImpl.cpIndex (0x000074dd1f460f08) [0x000074dd1f461000, 0x000074dd1f462ff8] 
[1,476s][debug][gc,nmethod     ] GC(0) O: Unregister NMethod: java.lang.String.replace (0x000074dd1f46b208) [0x000074dd1f46b300, 0x000074dd1f46b808] 
[1,476s][debug][gc,nmethod     ] GC(0) O: Unregister NMethod: java.lang.StringUTF16.getChar (0x000074dd1f67ad88) [0x000074dd1f67ae80, 0x000074dd1f67afe0] 
[1,476s][debug][gc,nmethod     ] GC(0) O: Unregister NMethod: java.lang.StringConcatHelper.newArray (0x000074dd1f424308) [0x000074dd1f424400, 0x000074dd1f4249d8] 
[1,476s][debug][gc,nmethod     ] GC(0) O: Unregister NMethod: java.util.WeakHashMap.remove (0x000074dd1f4d2008) [0x000074dd1f4d2100, 0x000074dd1f4d3510] 
[1,477s][debug][gc,nmethod     ] GC(0) O: Unregister NMethod: java.util.ArrayList.add (0x000074dd1f46ec08) [0x000074dd1f46ed00, 0x000074dd1f46f270] 
[1,477s][debug][gc,nmethod     ] GC(0) O: Unregister NMethod: jdk.internal.loader.URLClassPath.getResource (0x000074dd1f5a7e08) [0x000074dd1f5a7f00, 0x000074dd1f5a8368] 
[1,477s][debug][gc,nmethod     ] GC(0) O: Unregister NMethod: java.util.HashMap.get (0x000074dd1f432f88) [0x000074dd1f433080, 0x000074dd1f433418] 
[1,477s][debug][gc,nmethod     ] GC(0) O: Unregister NMethod: java.util.Arrays.copyOf (0x000074dd1f476708) [0x000074dd1f476800, 0x000074dd1f476bc8] 
[1,477s][debug][gc,nmethod     ] GC(0) O: Unregister NMethod: java.util.HashMap.put (0x000074dd3ec32388) [0x000074dd3ec324a0, 0x000074dd3ec33ca8] 
[1,477s][debug][gc,nmethod     ] Register NMethod: java.lang.invoke.MethodType.methodType (0x000074dd1f8ca108) [0x000074dd1f8ca200, 0x000074dd1f8ca3b0] Compiler: c1, Barriers: 0, Oops: 0, ImmediateOops: 2, NonImmediateOops: No
[1,477s][debug][gc,nmethod     ] GC(0) O: Unregister NMethod: jdk.internal.classfile.impl.SplitConstantPool.canWriteDirect (0x000074dd1f44c188) [0x000074dd1f44c280, 0x000074dd1f44c578] 
[1,477s][debug][gc,nmethod     ] GC(0) O: Unregister NMethod: java.util.jar.JarFile.getJarEntry (0x000074dd1f488c88) [0x000074dd1f488d80, 0x000074dd1f489628] 
[1,477s][debug][gc,nmethod     ] GC(0) O: Unregister NMethod: java.lang.String.toString (0x000074dd1f4e8488) [0x000074dd1f4e8580, 0x000074dd1f4e8680] 
[1,477s][debug][gc,nmethod     ] GC(0) O: Unregister NMethod: java.lang.Class.getName (0x000074dd1f453888) [0x000074dd1f453980, 0x000074dd1f453b30] 
[1,477s][debug][gc,nmethod     ] GC(0) O: Unregister NMethod: java.util.Objects.equals (0x000074dd1f40a608) [0x000074dd1f40a700, 0x000074dd1f40aa88] 
[1,477s][debug][gc,nmethod     ] Register NMethod: java.lang.invoke.MethodType.isConvertibleTo (0x000074dd1f8ca408) [0x000074dd1f8ca500, 0x000074dd1f8cba60] Compiler: c1, Barriers: 12, Oops: 0, ImmediateOops: 0, NonImmediateOops: No
[1,477s][debug][gc,nmethod     ] GC(0) O: Unregister NMethod: java.lang.StringLatin1.replace (0x000074dd1f455588) [0x000074dd1f455680, 0x000074dd1f456720] 
[1,477s][debug][gc,nmethod     ] GC(0) O: Unregister NMethod: java.lang.ref.Reference.<init> (0x000074dd1f46ae08) [0x000074dd1f46af00, 0x000074dd1f46b198] 
[1,477s][debug][gc,nmethod     ] GC(0) O: Unregister NMethod: java.lang.StringBuilder.length (0x000074dd1f451908) [0x000074dd1f451a00, 0x000074dd1f451b18] 
[1,477s][debug][gc,nmethod     ] GC(0) O: Unregister NMethod: jdk.internal.util.StrongReferenceKey.hashCode (0x000074dd1f41e408) [0x000074dd1f41e500, 0x000074dd1f41ea10] 
[1,477s][debug][gc,nmethod     ] GC(0) O: Unregister NMethod: java.util.ImmutableCollections$SetN$SetNIterator.hasNext (0x000074dd1f409508) [0x000074dd1f409600, 0x000074dd1f409750] 
[1,477s][debug][gc,nmethod     ] GC(0) O: Unregister NMethod: java.lang.String.length (0x000074dd1f40c308) [0x000074dd1f40c400, 0x000074dd1f40c780] 
[1,477s][debug][gc,nmethod     ] GC(0) O: Unregister NMethod: java.math.BigInteger.implMulAddCheck (0x000074dd1f744f08) [0x000074dd1f745000, 0x000074dd1f748f90] 
[1,477s][debug][gc,nmethod     ] GC(0) O: Unregister NMethod: jdk.internal.loader.URLClassPath$JarLoader$1.getBytes (0x000074dd1f5e9608) [0x000074dd1f5e9700, 0x000074dd1f5e9fd8] 
[1,477s][debug][gc,nmethod     ] GC(0) O: Unregister NMethod: jdk.internal.classfile.impl.AbstractPoolEntry$Utf8EntryImpl.writeTo (0x000074dd1f460588) [0x000074dd1f460680, 0x000074dd1f460e90] 
[1,477s][debug][gc,nmethod     ] GC(0) O: Unregister NMethod: jdk.internal.constant.MethodTypeDescImpl.parameterCount (0x000074dd1f492a08) [0x000074dd1f492b00, 0x000074dd1f492c38] 
[1,477s][debug][gc,nmethod     ] GC(0) O: Unregister NMethod: java.util.HashMap.newNode (0x000074dd1f42b508) [0x000074dd1f42b600, 0x000074dd1f42b980] 
[1,477s][debug][gc,nmethod     ] GC(0) O: Unregister NMethod: jdk.internal.classfile.impl.RawBytecodeHelper.opcode (0x000074dd1f44e008) [0x000074dd1f44e100, 0x000074dd1f44e208] 
[1,477s][debug][gc,nmethod     ] GC(0) O: Unregister NMethod: java.util.concurrent.ConcurrentHashMap.setTabAt (0x000074dd1f46bb88) [0x000074dd1f46bc80, 0x000074dd1f46bf80] 
[1,477s][debug][gc,nmethod     ] GC(0) O: Unregister NMethod: java.lang.String.startsWith (0x000074dd3ec40688) [0x000074dd3ec40780, 0x000074dd3ec40a98] 
[1,477s][debug][gc,nmethod     ] Register NMethod: jdk.internal.classfile.impl.StackMapDecoder.writeFrame (0x000074dd1f8cba88) [0x000074dd1f8cbb80, 0x000074dd1f8d0708] Compiler: c1, Barriers: 15, Oops: 0, ImmediateOops: 1, NonImmediateOops: No
[1,477s][debug][gc,nmethod     ] GC(0) O: Unregister NMethod: sun.reflect.generics.parser.SignatureParser.current (0x000074dd1f5be008) [0x000074dd1f5be100, 0x000074dd1f5bef10] 
[1,477s][debug][gc,nmethod     ] GC(0) O: Unregister NMethod: jdk.internal.util.ArraysSupport.hashCodeOfUnsigned (0x000074dd1f405488) [0x000074dd1f405580, 0x000074dd1f4057f8] 
[1,477s][debug][gc,nmethod     ] GC(0) O: Unregister NMethod: java.nio.DirectLongBufferU.ix (0x000074dd1f487308) [0x000074dd1f487400, 0x000074dd1f487510] 
[1,477s][debug][gc,nmethod     ] GC(0) O: Unregister NMethod: java.lang.Byte.toUnsignedInt (0x000074dd1f400688) [0x000074dd1f400780, 0x000074dd1f400868] 
[1,477s][debug][gc,nmethod     ] GC(0) O: Unregister NMethod: jdk.internal.classfile.impl.SplitConstantPool.map (0x000074dd1f41a588) [0x000074dd1f41a6a0, 0x000074dd1f41bda0] 
[1,477s][debug][gc,nmethod     ] GC(0) O: Unregister NMethod: java.util.zip.ZipFile.getEntry (0x000074dd1f486c08) [0x000074dd1f486d00, 0x000074dd1f4872c8] 
[1,477s][debug][gc,nmethod     ] GC(0) O: Unregister NMethod: java.lang.String.regionMatches (0x000074dd3ec6b188) [0x000074dd3ec6b280, 0x000074dd3ec6b5c8] 
[1,477s][debug][gc,nmethod     ] GC(0) O: Unregister NMethod: java.lang.AbstractStringBuilder.needsNewBuffer (0x000074dd1f444f88) [0x000074dd1f445080, 0x000074dd1f445220] 
[1,477s][debug][gc,nmethod     ] GC(0) O: Unregister NMethod: jdk.internal.classfile.impl.EntryMap.put (0x000074dd1f427288) [0x000074dd1f427380, 0x000074dd1f427a50] 
[1,477s][debug][gc,nmethod     ] GC(0) O: Unregister NMethod: java.util.HashMap.afterNodeInsertion (0x000074dd1f42ae08) [0x000074dd1f42af00, 0x000074dd1f42b000] 
[1,477s][debug][gc,nmethod     ] GC(0) O: Unregister NMethod: java.lang.AbstractStringBuilder.append (0x000074dd1f44ec08) [0x000074dd1f44ed00, 0x000074dd1f44f950] 
[1,477s][debug][gc,nmethod     ] GC(0) O: Unregister NMethod: jdk.internal.loader.URLClassPath$JarLoader.getResource (0x000074dd3ec48688) [0x000074dd3ec48780, 0x000074dd3ec49ec0] 
[1,477s][debug][gc,nmethod     ] GC(0) O: Unregister NMethod: jdk.internal.util.Preconditions.checkFromToIndex (0x000074dd1f41f108) [0x000074dd1f41f200, 0x000074dd1f41f3b8] 
[1,477s][debug][gc,nmethod     ] GC(0) O: Unregister NMethod: java.io.BufferedInputStream.getBufIfOpen (0x000074dd1f452a88) [0x000074dd1f452b80, 0x000074dd1f452cb8] 
[1,477s][debug][gc,nmethod     ] GC(0) O: Unregister NMethod: java.lang.invoke.MemberName.getModifiers (0x000074dd1f508c08) [0x000074dd1f508d00, 0x000074dd1f508e08] 
[1,477s][debug][gc,nmethod     ] GC(0) O: Unregister NMethod: jdk.internal.classfile.impl.EntryMap.firstToken (0x000074dd1f421c88) [0x000074dd1f421d80, 0x000074dd1f422270] 
[1,477s][debug][gc,nmethod     ] GC(0) O: Unregister NMethod: java.lang.String.regionMatches (0x000074dd1f4c4d08) [0x000074dd1f4c4e00, 0x000074dd1f4c61f8] 
[1,477s][debug][gc,nmethod     ] GC(0) O: Unregister NMethod: jdk.internal.util.ReferencedKeyMap.removeStaleReferences (0x000074dd1f419988) [0x000074dd1f419a80, 0x000074dd1f41a0a0] 
[1,477s][debug][gc,nmethod     ] GC(0) O: Unregister NMethod: java.io.BufferedInputStream.getBufIfOpen (0x000074dd3ebfa988) [0x000074dd3ebfaa80, 0x000074dd3ebfabb0] 
[1,477s][debug][gc,nmethod     ] GC(0) O: Unregister NMethod: java.util.HashMap.hash (0x000074dd1f426e08) [0x000074dd1f426f00, 0x000074dd1f427238] 
[1,477s][debug][gc,nmethod     ] GC(0) O: Unregister NMethod: java.lang.System$1.uncheckedCountPositives (0x000074dd1f471108) [0x000074dd1f471200, 0x000074dd1f471458] 
[1,477s][debug][gc,nmethod     ] GC(0) O: Unregister NMethod: sun.nio.fs.UnixPath.checkNotNul (0x000074dd1f46fc08) [0x000074dd1f46fd00, 0x000074dd1f46fea0] 
[1,477s][debug][gc,nmethod     ] GC(0) O: Unregister NMethod: java.lang.String.hashCode (0x000074dd1f400988) [0x000074dd1f400a80, 0x000074dd1f401028] 
[1,477s][debug][gc,nmethod     ] GC(0) O: Unregister NMethod: java.util.jar.JarFile.isMultiRelease (0x000074dd1f485708) [0x000074dd1f485800, 0x000074dd1f4859f8] 
[1,477s][debug][gc,nmethod     ] GC(0) O: Unregister NMethod: java.lang.String.getBytes (0x000074dd1f419008) [0x000074dd1f419100, 0x000074dd1f419608] 
[1,477s][debug][gc,nmethod     ] GC(0) O: Unregister NMethod: java.util.concurrent.ConcurrentHashMap.casTabAt (0x000074dd1f444308) [0x000074dd1f444400, 0x000074dd1f444570] 
[1,477s][debug][gc,nmethod     ] GC(0) O: Unregister NMethod: java.lang.StringLatin1.indexOf (0x000074dd1f411308) [0x000074dd1f411400, 0x000074dd1f411888] 
[1,477s][debug][gc,nmethod     ] GC(0) O: Unregister NMethod: java.lang.String.startsWith (0x000074dd1f88c208) [0x000074dd1f88c300, 0x000074dd1f88d520] 
[1,477s][debug][gc,nmethod     ] GC(0) O: Unregister NMethod: java.lang.Math.max (0x000074dd1f44ad88) [0x000074dd1f44ae80, 0x000074dd1f44afa8] 
[1,477s][debug][gc,nmethod     ] GC(0) O: Unregister NMethod: java.util.zip.ZipFile$Source.checkAndAddEntry (0x000074dd1f473508) [0x000074dd1f473600, 0x000074dd1f475900] 
[1,477s][debug][gc,nmethod     ] Register NMethod: java.util.concurrent.ConcurrentHashMap.get (0x000074dd3ec78108) [0x000074dd3ec78200, 0x000074dd3ec78fe8] Compiler: jvmci, Barriers: 22, Oops: 0, ImmediateOops: 1, NonImmediateOops: No
[1,477s][debug][gc,nmethod     ] GC(0) O: Unregister NMethod: java.util.zip.Checksum.update (0x000074dd1f5e9308) [0x000074dd1f5e9400, 0x000074dd1f5e9588] 
[1,477s][debug][gc,nmethod     ] GC(0) O: Unregister NMethod: java.nio.DirectByteBuffer.get (0x000074dd1f491608) [0x000074dd1f491700, 0x000074dd1f492500] 
[1,477s][debug][gc,nmethod     ] GC(0) O: Unregister NMethod: java.util.HashMap.get (0x000074dd1f430d88) [0x000074dd1f430e80, 0x000074dd1f431218] 
[1,477s][debug][gc,nmethod     ] GC(0) O: Unregister NMethod: jdk.internal.util.ArraysSupport.mismatch (0x000074dd3ec40288) [0x000074dd3ec40380, 0x000074dd3ec40610] 
[1,477s][debug][gc,nmethod     ] GC(0) O: Unregister NMethod: java.lang.StringCoding.countPositives (0x000074dd1f46f888) [0x000074dd1f46f980, 0x000074dd1f46fb88] 
[1,477s][debug][gc,nmethod     ] Register NMethod: java.lang.invoke.MethodHandle.linkToStatic (0x000074dd3ec79008) [0x000074dd3ec79100, 0x000074dd3ec791f0] Compiler: , Barriers: 0, Oops: 0, ImmediateOops: 0, NonImmediateOops: No
[1,477s][debug][gc,nmethod     ] GC(0) O: Unregister NMethod: jdk.internal.misc.Unsafe.getShortUnaligned (0x000074dd1f450d08) [0x000074dd1f450e00, 0x000074dd1f451028] 
[1,477s][debug][gc,nmethod     ] GC(0) O: Unregister NMethod: java.util.zip.ZipFile$Source.getEntryPos (0x000074dd1f483908) [0x000074dd1f483a00, 0x000074dd1f4856a8] 
[1,477s][debug][gc,nmethod     ] GC(0) O: Unregister NMethod: java.util.BitSet.wordIndex (0x000074dd1f529608) [0x000074dd1f529700, 0x000074dd1f5297e8] 
[1,477s][debug][gc,nmethod     ] GC(0) O: Unregister NMethod: java.lang.AbstractStringBuilder.append (0x000074dd1f490508) [0x000074dd1f490600, 0x000074dd1f490ab8] 
[1,477s][debug][gc,nmethod     ] GC(0) O: Unregister NMethod: java.lang.ClassLoader.checkName (0x000074dd1f481088) [0x000074dd1f481180, 0x000074dd1f481ec8] 
[1,478s][debug][gc,nmethod     ] GC(0) O: Unregister NMethod: java.util.zip.ZipFile$Source.isMetaName (0x000074dd1f472f88) [0x000074dd1f473080, 0x000074dd1f4734e0] 
[1,478s][debug][gc,nmethod     ] GC(0) O: Unregister NMethod: java.util.WeakHashMap.put (0x000074dd1f535008) [0x000074dd1f535100, 0x000074dd1f536a40] 
[1,478s][debug][gc,nmethod     ] GC(0) O: Unregister NMethod: jdk.internal.misc.Unsafe.getIntUnaligned (0x000074dd1f457c88) [0x000074dd1f457d80, 0x000074dd1f457fc8] 
[1,478s][debug][gc,nmethod     ] GC(0) O: Unregister NMethod: java.util.HashMap.put (0x000074dd1f433988) [0x000074dd1f433a80, 0x000074dd1f434068] 
[1,478s][debug][gc,nmethod     ] GC(0) O: Unregister NMethod: java.util.jar.JarFile.checkForSpecialAttributes (0x000074dd3ec38408) [0x000074dd3ec38500, 0x000074dd3ec38e58] 
[1,478s][debug][gc,nmethod     ] GC(0) O: Unregister NMethod: jdk.internal.classfile.impl.SplitConstantPool.entryByIndex (0x000074dd1f41fa88) [0x000074dd1f41fb80, 0x000074dd1f421c30] 
[1,478s][debug][gc,nmethod     ] GC(0) O: Unregister NMethod: jdk.internal.loader.URLClassPath$JarLoader.findResource (0x000074dd1f686688) [0x000074dd1f686780, 0x000074dd1f686988] 
[1,478s][debug][gc,nmethod     ] GC(0) O: Unregister NMethod: java.io.BufferedInputStream.getBufIfOpen (0x000074dd1f452d88) [0x000074dd1f452e80, 0x000074dd1f453298] 
[1,478s][debug][gc,nmethod     ] GC(0) O: Unregister NMethod: java.lang.StringBuilder.append (0x000074dd1f44e908) [0x000074dd1f44ea00, 0x000074dd1f44eb48] 
[1,478s][debug][gc,nmethod     ] GC(0) O: Unregister NMethod: jdk.internal.loader.URLClassPath$JarLoader.ensureOpen (0x000074dd1f480d08) [0x000074dd1f480e00, 0x000074dd1f481068] 
[1,478s][debug][gc,nmethod     ] GC(0) O: Unregister NMethod: java.lang.String.charAt (0x000074dd3ebe9388) [0x000074dd3ebe9480, 0x000074dd3ebe95b0] 
[1,478s][debug][gc,nmethod     ] GC(0) O: Unregister NMethod: java.util.jar.JarFile.checkForSpecialAttributes (0x000074dd1f482288) [0x000074dd1f482380, 0x000074dd1f4838e8] 
[1,478s][debug][gc,nmethod     ] GC(0) O: Unregister NMethod: java.lang.String.<init> (0x000074dd1f478e08) [0x000074dd1f478f00, 0x000074dd1f4798a0] 
[1,478s][debug][gc,nmethod     ] GC(0) O: Unregister NMethod: java.util.Arrays.copyOfRange (0x000074dd1f440408) [0x000074dd1f440500, 0x000074dd1f4417d0] 
[1,478s][debug][gc,nmethod     ] GC(0) O: Unregister NMethod: jdk.internal.util.ArraysSupport.vectorizedHashCode (0x000074dd1f402088) [0x000074dd1f402180, 0x000074dd1f403fd8] 
[1,478s][debug][gc,nmethod     ] GC(0) O: Unregister NMethod: java.lang.ref.ReferenceQueue.poll (0x000074dd1f418788) [0x000074dd1f418880, 0x000074dd1f418ca0] 
[1,478s][debug][gc,nmethod     ] GC(0) O: Unregister NMethod: java.util.concurrent.ConcurrentHashMap.putIfAbsent (0x000074dd1f418388) [0x000074dd1f418480, 0x000074dd1f418780] 
[1,478s][debug][gc,nmethod     ] GC(0) O: Unregister NMethod: java.lang.Object.<init> (0x000074dd1f400388) [0x000074dd1f400480, 0x000074dd1f400580] 
[1,478s][debug][gc,nmethod     ] GC(0) O: Unregister NMethod: java.lang.String.isLatin1 (0x000074dd1f40b588) [0x000074dd1f40b680, 0x000074dd1f40b7e0] 
[1,478s][debug][gc,nmethod     ] GC(0) O: Unregister NMethod: java.math.BigInteger.mulAdd (0x000074dd1f744788) [0x000074dd1f744880, 0x000074dd1f744a10] 
[1,478s][debug][gc,nmethod     ] GC(0) O: Unregister NMethod: java.util.zip.ZipCoder$UTF8ZipCoder.checkedHash (0x000074dd1f472a08) [0x000074dd1f472b00, 0x000074dd1f472f20] 
[1,478s][debug][gc,nmethod     ] GC(0) O: Unregister NMethod: java.lang.String.indexOf (0x000074dd1f40f108) [0x000074dd1f40f200, 0x000074dd1f40f828] 
[1,478s][debug][gc,nmethod     ] GC(0) O: Unregister NMethod: java.lang.CharacterData.of (0x000074dd1f4e6d88) [0x000074dd1f4e6e80, 0x000074dd1f4e75c0] 
[1,478s][debug][gc,nmethod     ] GC(0) O: Unregister NMethod: java.lang.StringLatin1.canEncode (0x000074dd1f577088) [0x000074dd1f577180, 0x000074dd1f5772e0] 
[1,478s][debug][gc,nmethod     ] GC(0) O: Unregister NMethod: java.lang.String.isLatin1 (0x000074dd3ebed008) [0x000074dd3ebed100, 0x000074dd3ebed1c0] 
[1,478s][debug][gc,nmethod     ] GC(0) O: Unregister NMethod: java.lang.StringCoding.countPositives (0x000074dd1f527d88) [0x000074dd1f527e80, 0x000074dd1f528088] 
[1,478s][debug][gc,nmethod     ] GC(0) O: Unregister NMethod: java.lang.StringLatin1.indexOf (0x000074dd1f44ce08) [0x000074dd1f44cf00, 0x000074dd1f44d258] 
[1,478s][debug][gc,nmethod     ] GC(0) O: Unregister NMethod: jdk.internal.misc.Unsafe.allocateUninitializedArray (0x000074dd1f424a08) [0x000074dd1f424b00, 0x000074dd1f4250c8] 
[1,478s][debug][gc,nmethod     ] GC(0) O: Unregister NMethod: jdk.internal.util.ArraysSupport.mismatch (0x000074dd1f88df08) [0x000074dd1f88e000, 0x000074dd1f88e3e0] 
[1,478s][debug][gc,phases      ] GC(0) O: Concurrent Classes Unlink 3,551ms
[1,478s][debug][gc,phases,start] GC(0) O: Concurrent Classes Purge
[1,478s][debug][gc,nmethod     ] GC(0) O: Purge NMethod: java.lang.String.substring (0x000074dd1f441c88) [0x000074dd1f441d80, 0x000074dd1f4428a0] 
[1,478s][debug][gc,nmethod     ] GC(0) O: Purge NMethod: jdk.internal.classfile.impl.AbstractPoolEntry$Utf8EntryImpl.<init> (0x000074dd1f45fc08) [0x000074dd1f45fd00, 0x000074dd1f460568] 
[1,478s][debug][gc,nmethod     ] GC(0) O: Purge NMethod: java.util.HashMap.putVal (0x000074dd1f437a08) [0x000074dd1f437b00, 0x000074dd1f439e90] 
[1,478s][debug][gc,nmethod     ] GC(0) O: Purge NMethod: sun.util.locale.BaseLocale.hashCode (0x000074dd1f634b08) [0x000074dd1f634c00, 0x000074dd1f638a88] 
[1,478s][debug][gc,nmethod     ] GC(0) O: Purge NMethod: jdk.internal.util.ArraysSupport.unsignedHashCode (0x000074dd1f400008) [0x000074dd1f400100, 0x000074dd1f400310] 
[1,478s][debug][gc,nmethod     ] GC(0) O: Purge NMethod: java.lang.String.<init> (0x000074dd3ec51408) [0x000074dd3ec51500, 0x000074dd3ec518e0] 
[1,478s][debug][gc,nmethod     ] GC(0) O: Purge NMethod: java.lang.String.isEmpty (0x000074dd1f411008) [0x000074dd1f411100, 0x000074dd1f411288] 
[1,478s][debug][gc,nmethod     ] GC(0) O: Purge NMethod: java.util.zip.ZipFile.ensureOpen (0x000074dd1f47d788) [0x000074dd1f47d880, 0x000074dd1f47db50] 
[1,478s][debug][gc,nmethod     ] GC(0) O: Purge NMethod: java.nio.DirectByteBuffer.ix (0x000074dd1f490b08) [0x000074dd1f490c00, 0x000074dd1f490d08] 
[1,478s][debug][gc,nmethod     ] GC(0) O: Purge NMethod: java.util.jar.JarFile.getEntry (0x000074dd3ec42508) [0x000074dd3ec42600, 0x000074dd3ec43af0] 
[1,478s][debug][gc,nmethod     ] GC(0) O: Purge NMethod: java.util.regex.Pattern$BmpCharPropertyGreedy.match (0x000074dd3ec2c788) [0x000074dd3ec2c880, 0x000074dd3ec2cc50] 
[1,478s][debug][gc,nmethod     ] GC(0) O: Purge NMethod: java.util.HashMap.putVal (0x000074dd3ebf6788) [0x000074dd3ebf68a0, 0x000074dd3ebf8120] 
[1,478s][debug][gc,nmethod     ] GC(0) O: Purge NMethod: java.lang.module.ModuleDescriptor$Exports.isQualified (0x000074dd1f428608) [0x000074dd1f428700, 0x000074dd1f428a90] 
[1,478s][debug][gc,nmethod     ] GC(0) O: Purge NMethod: java.nio.DirectIntBufferU.ix (0x000074dd1f683788) [0x000074dd1f683880, 0x000074dd1f683990] 
[1,478s][debug][gc,nmethod     ] GC(0) O: Purge NMethod: jdk.internal.loader.Resource.cachedInputStream (0x000074dd1f50d888) [0x000074dd1f50d980, 0x000074dd1f50dff8] 
[1,478s][debug][gc,nmethod     ] GC(0) O: Purge NMethod: java.util.zip.ZipCoder.hash (0x000074dd1f487608) [0x000074dd1f487700, 0x000074dd1f488538] 
[1,478s][debug][gc,nmethod     ] GC(0) O: Purge NMethod: java.util.zip.ZipFile$Source.nextEntryPos (0x000074dd1f472608) [0x000074dd1f472700, 0x000074dd1f4729b8] 
[1,478s][debug][gc,nmethod     ] GC(0) O: Purge NMethod: jdk.internal.classfile.impl.DirectCodeBuilder.parameterSlot (0x000074dd1f792188) [0x000074dd1f792280, 0x000074dd1f792438] 
[1,478s][debug][gc,nmethod     ] GC(0) O: Purge NMethod: java.lang.CharacterDataLatin1.equalsIgnoreCase (0x000074dd3ec6ab88) [0x000074dd3ec6ac80, 0x000074dd3ec6ad90] 
[1,478s][debug][gc,nmethod     ] GC(0) O: Purge NMethod: java.util.ImmutableCollections$ListN.size (0x000074dd1f5b2788) [0x000074dd1f5b2880, 0x000074dd1f5b29b8] 
[1,478s][debug][gc,nmethod     ] GC(0) O: Purge NMethod: java.util.HashMap.put (0x000074dd1f42b988) [0x000074dd1f42ba80, 0x000074dd1f42c068] 
[1,478s][debug][gc,nmethod     ] GC(0) O: Purge NMethod: java.lang.String.equals (0x000074dd1f407808) [0x000074dd1f407900, 0x000074dd1f407fc0] 
[1,478s][debug][gc,nmethod     ] GC(0) O: Purge NMethod: java.lang.AbstractStringBuilder.<init> (0x000074dd1f477a88) [0x000074dd1f477b80, 0x000074dd1f477e08] 
[1,479s][debug][gc,nmethod     ] GC(0) O: Purge NMethod: java.io.BufferedInputStream.read (0x000074dd1f453308) [0x000074dd1f453400, 0x000074dd1f453858] 
[1,479s][debug][gc,nmethod     ] GC(0) O: Purge NMethod: sun.util.locale.LocaleUtils.toLower (0x000074dd1f633e08) [0x000074dd1f633f00, 0x000074dd1f634100] 
[1,479s][debug][gc,nmethod     ] GC(0) O: Purge NMethod: java.math.BigInteger.implMulAdd (0x000074dd1f744408) [0x000074dd1f744500, 0x000074dd1f744720] 
[1,479s][debug][gc,nmethod     ] GC(0) O: Purge NMethod: java.util.jar.Manifest$FastInputStream.readLine (0x000074dd1f485a08) [0x000074dd1f485b00, 0x000074dd1f486358] 
[1,479s][debug][gc,nmethod     ] GC(0) O: Purge NMethod: org.gradle.internal.io.StreamByteBuffer$StreamByteBufferChunk.spaceLeft (0x000074dd1f898588) [0x000074dd1f898680, 0x000074dd1f898788] 
[1,479s][debug][gc,nmethod     ] GC(0) O: Purge NMethod: java.util.LinkedHashMap.newNode (0x000074dd1f526788) [0x000074dd1f526880, 0x000074dd1f526a68] 
[1,479s][debug][gc,nmethod     ] GC(0) O: Purge NMethod: java.lang.StringLatin1.regionMatchesCI (0x000074dd1f4c4908) [0x000074dd1f4c4a00, 0x000074dd1f4c4ca0] 
[1,479s][debug][gc,nmethod     ] GC(0) O: Purge NMethod: jdk.internal.jimage.ImageStringsReader.unmaskedHashCode (0x000074dd1f51ac88) [0x000074dd1f51ad80, 0x000074dd1f51bf80] 
[1,479s][debug][gc,nmethod     ] GC(0) O: Purge NMethod: java.net.URLClassLoader.findClass (0x000074dd1f607508) [0x000074dd1f607600, 0x000074dd1f60a220] 
[1,479s][debug][gc,nmethod     ] GC(0) O: Purge NMethod: java.util.ImmutableCollections$SetN.probe (0x000074dd1f401088) [0x000074dd1f401180, 0x000074dd1f4019a8] 
[1,479s][debug][gc,nmethod     ] GC(0) O: Purge NMethod: java.lang.StringLatin1.indexOfChar (0x000074dd1f40ee08) [0x000074dd1f40ef00, 0x000074dd1f40f100] 
[1,479s][debug][gc,nmethod     ] GC(0) O: Purge NMethod: java.lang.Short.toUnsignedInt (0x000074dd1f450a08) [0x000074dd1f450b00, 0x000074dd1f450be8] 
[1,479s][debug][gc,nmethod     ] GC(0) O: Purge NMethod: java.util.zip.CRC32.<init> (0x000074dd1f5e9008) [0x000074dd1f5e9100, 0x000074dd1f5e9258] 
[1,479s][debug][gc,nmethod     ] GC(0) O: Purge NMethod: java.util.concurrent.ConcurrentHashMap.addCount (0x000074dd1f414c88) [0x000074dd1f414d80, 0x000074dd1f415a20] 
[1,479s][debug][gc,nmethod     ] GC(0) O: Purge NMethod: java.lang.String.coder (0x000074dd1f40c008) [0x000074dd1f40c100, 0x000074dd1f40c228] 
[1,479s][debug][gc,nmethod     ] GC(0) O: Purge NMethod: java.lang.Integer.rotateLeft (0x000074dd1f583f08) [0x000074dd1f584000, 0x000074dd1f5840f0] 
[1,479s][debug][gc,nmethod     ] GC(0) O: Purge NMethod: java.lang.StringLatin1.equals (0x000074dd1f401a08) [0x000074dd1f401b00, 0x000074dd1f401d68] 
[1,479s][debug][gc,nmethod     ] GC(0) O: Purge NMethod: java.util.jar.JarFile.getEntry (0x000074dd1f4c3188) [0x000074dd1f4c3280, 0x000074dd1f4c39c8] 
[1,479s][debug][gc,nmethod     ] GC(0) O: Purge NMethod: java.util.BitSet.set (0x000074dd1f52d708) [0x000074dd1f52d800, 0x000074dd1f52e748] 
[1,479s][debug][gc,nmethod     ] GC(0) O: Purge NMethod: java.lang.Math.min (0x000074dd1f419688) [0x000074dd1f419780, 0x000074dd1f4198a8] 
[1,479s][debug][gc,nmethod     ] GC(0) O: Purge NMethod: jdk.internal.loader.URLClassPath.getLoader (0x000074dd1f48ac88) [0x000074dd1f48ad80, 0x000074dd1f48cc28] 
[1,479s][debug][gc,nmethod     ] GC(0) O: Purge NMethod: java.util.concurrent.ConcurrentHashMap.get (0x000074dd1f41be08) [0x000074dd1f41bf00, 0x000074dd1f41cf18] 
[1,479s][debug][gc,nmethod     ] GC(0) O: Purge NMethod: worker.org.gradle.internal.stream.EncodedStream$EncodedInput.hexToByte (0x000074dd1f453b88) [0x000074dd1f453c80, 0x000074dd1f4543c8] 
[1,479s][debug][gc,nmethod     ] GC(0) O: Purge NMethod: jdk.internal.classfile.impl.SplitConstantPool.tryFindUtf8 (0x000074dd1f45d488) [0x000074dd1f45d580, 0x000074dd1f45edb8] 
[1,479s][debug][gc,nmethod     ] GC(0) O: Purge NMethod: java.util.BitSet.checkInvariants (0x000074dd1f529908) [0x000074dd1f529a00, 0x000074dd1f529b30] 
[1,479s][debug][gc,nmethod     ] GC(0) O: Purge NMethod: java.util.ArrayList.get (0x000074dd1f47cd88) [0x000074dd1f47ce80, 0x000074dd1f47d128] 
[1,479s][debug][gc,nmethod     ] GC(0) O: Purge NMethod: java.util.concurrent.ConcurrentHashMap.putVal (0x000074dd3ec2fe88) [0x000074dd3ec2ff80, 0x000074dd3ec31088] 
[1,479s][debug][gc,nmethod     ] GC(0) O: Purge NMethod: java.lang.String.startsWith (0x000074dd1f410c08) [0x000074dd1f410d00, 0x000074dd1f410ff8] 
[1,479s][debug][gc,nmethod     ] GC(0) O: Purge NMethod: sun.reflect.generics.parser.SignatureParser.advance (0x000074dd1f5bd888) [0x000074dd1f5bd980, 0x000074dd1f5bdf98] 
[1,479s][debug][gc,nmethod     ] GC(0) O: Purge NMethod: jdk.internal.loader.Resource.getByteBuffer (0x000074dd1f5e6a88) [0x000074dd1f5e6b80, 0x000074dd1f5e78f8] 
[1,479s][debug][gc,nmethod     ] GC(0) O: Purge NMethod: java.util.ImmutableCollections$SetN$SetNIterator.next (0x000074dd1f414808) [0x000074dd1f414900, 0x000074dd1f414c78] 
[1,479s][debug][gc,nmethod     ] GC(0) O: Purge NMethod: java.util.zip.ZipUtils.get16 (0x000074dd1f44ff88) [0x000074dd1f450080, 0x000074dd1f450480] 
[1,479s][debug][gc,nmethod     ] GC(0) O: Purge NMethod: java.lang.ref.Reference.reachabilityFence (0x000074dd1f477e88) [0x000074dd1f477f80, 0x000074dd1f478060] 
[1,479s][debug][gc,nmethod     ] GC(0) O: Purge NMethod: java.lang.StringLatin1.lastIndexOf (0x000074dd1f412308) [0x000074dd1f412400, 0x000074dd1f4127c8] 
[1,479s][debug][gc,nmethod     ] GC(0) O: Purge NMethod: java.lang.StringCoding.countPositives (0x000074dd3ec04288) [0x000074dd3ec04380, 0x000074dd3ec04708] 
[1,479s][debug][gc,nmethod     ] GC(0) O: Purge NMethod: java.util.zip.ZipUtils.CENSIZ (0x000074dd1f470508) [0x000074dd1f470600, 0x000074dd1f470710] 
[1,479s][debug][gc,nmethod     ] GC(0) O: Purge NMethod: jdk.internal.classfile.impl.RawBytecodeHelper.next (0x000074dd1f44c588) [0x000074dd1f44c680, 0x000074dd1f44cdf8] 
[1,479s][debug][gc,nmethod     ] GC(0) O: Purge NMethod: sun.net.www.ParseUtil.firstEncodeIndex (0x000074dd1f412808) [0x000074dd1f412900, 0x000074dd1f4137d8] 
[1,479s][debug][gc,nmethod     ] GC(0) O: Purge NMethod: java.util.zip.ZipUtils.CENNAM (0x000074dd1f470808) [0x000074dd1f470900, 0x000074dd1f470a10] 
[1,479s][debug][gc,nmethod     ] GC(0) O: Purge NMethod: jdk.internal.loader.Resource.getBytes (0x000074dd1f5e5488) [0x000074dd1f5e5580, 0x000074dd1f5e6a70] 
[1,479s][debug][gc,nmethod     ] GC(0) O: Purge NMethod: java.util.zip.ZipFile.zipCoderFor (0x000074dd1f471a88) [0x000074dd1f471b80, 0x000074dd1f471fd0] 
[1,479s][debug][gc,nmethod     ] GC(0) O: Purge NMethod: java.util.WeakHashMap.getTable (0x000074dd1f48a688) [0x000074dd1f48a780, 0x000074dd1f48a8f8] 
[1,479s][debug][gc,nmethod     ] GC(0) O: Purge NMethod: java.lang.CharacterDataLatin1.getProperties (0x000074dd1f4e6a88) [0x000074dd1f4e6b80, 0x000074dd1f4e6cb0] 
[1,479s][debug][gc,nmethod     ] GC(0) O: Purge NMethod: java.util.zip.ZipFile$CleanableResource.releaseInflater (0x000074dd1f551688) [0x000074dd1f551780, 0x000074dd1f551cd8] 
[1,479s][debug][gc,nmethod     ] GC(0) O: Purge NMethod: java.util.concurrent.ConcurrentHashMap.putVal (0x000074dd1f415a88) [0x000074dd1f415b80, 0x000074dd1f418078] 
[1,479s][debug][gc,nmethod     ] GC(0) O: Purge NMethod: java.lang.invoke.MemberName.getReferenceKind (0x000074dd1f47ee08) [0x000074dd1f47ef00, 0x000074dd1f47f010] 
[1,479s][debug][gc,nmethod     ] GC(0) O: Purge NMethod: java.lang.StringBuilder.<init> (0x000074dd1f479c88) [0x000074dd1f479d80, 0x000074dd1f479eb8] 
[1,479s][debug][gc,nmethod     ] GC(0) O: Purge NMethod: java.util.LinkedHashMap.get (0x000074dd1f4e0688) [0x000074dd1f4e0780, 0x000074dd1f4e0b98] 
[1,479s][debug][gc,nmethod     ] GC(0) O: Purge NMethod: java.util.concurrent.ConcurrentHashMap.tabAt (0x000074dd1f413b08) [0x000074dd1f413c00, 0x000074dd1f414148] 
[1,479s][debug][gc,nmethod     ] GC(0) O: Purge NMethod: java.lang.StringCoding.countNonZeroAsciiLatin1 (0x000074dd1f41f408) [0x000074dd1f41f500, 0x000074dd1f41f708] 
[1,479s][debug][gc,nmethod     ] GC(0) O: Purge NMethod: java.lang.AbstractStringBuilder.needsNewBuffer (0x000074dd3ec1af88) [0x000074dd3ec1b080, 0x000074dd3ec1b168] 
[1,479s][debug][gc,nmethod     ] GC(0) O: Purge NMethod: java.util.HashMap.putVal (0x000074dd1f42d508) [0x000074dd1f42d600, 0x000074dd1f42f2f0] 
[1,479s][debug][gc,nmethod     ] GC(0) O: Purge NMethod: java.util.regex.Pattern$BmpCharPropertyGreedy.match (0x000074dd1f62fc88) [0x000074dd1f62fd80, 0x000074dd1f630700] 
[1,479s][debug][gc,nmethod     ] GC(0) O: Purge NMethod: jdk.internal.misc.Unsafe.getIntUnaligned (0x000074dd3ec00508) [0x000074dd3ec00600, 0x000074dd3ec006c0] 
[1,479s][debug][gc,nmethod     ] GC(0) O: Purge NMethod: java.lang.String.getBytes (0x000074dd1f465e08) [0x000074dd1f465f00, 0x000074dd1f466c88] 
[1,479s][debug][gc,nmethod     ] GC(0) O: Purge NMethod: java.util.jar.JarFile.getEntry (0x000074dd1f489688) [0x000074dd1f489780, 0x000074dd1f489ec8] 
[1,479s][debug][gc,nmethod     ] GC(0) O: Purge NMethod: java.lang.String.indexOf (0x000074dd1f51c908) [0x000074dd1f51ca00, 0x000074dd1f51d500] 
[1,479s][debug][gc,nmethod     ] GC(0) O: Purge NMethod: java.util.zip.ZipFile$CleanableResource.getInflater (0x000074dd1f54e188) [0x000074dd1f54e280, 0x000074dd1f54e9b0] 
[1,479s][debug][gc,nmethod     ] GC(0) O: Purge NMethod: java.util.concurrent.ConcurrentHashMap.get (0x000074dd3ec36408) [0x000074dd3ec36500, 0x000074dd3ec374a8] 
[1,479s][debug][gc,nmethod     ] GC(0) O: Purge NMethod: java.util.Objects.requireNonNull (0x000074dd1f422288) [0x000074dd1f422380, 0x000074dd1f422558] 
[1,479s][debug][gc,nmethod     ] GC(0) O: Purge NMethod: java.util.HashMap.resize (0x000074dd3ebf8788) [0x000074dd3ebf88a0, 0x000074dd3ebf93e0] 
[1,479s][debug][gc,nmethod     ] GC(0) O: Purge NMethod: jdk.internal.classfile.impl.SplitConstantPool.utf8Entry (0x000074dd1f469c08) [0x000074dd1f469d00, 0x000074dd1f46a7f8] 
[1,479s][debug][gc,nmethod     ] GC(0) O: Purge NMethod: jdk.internal.util.ArraysSupport.vectorizedHashCode (0x000074dd3ec10308) [0x000074dd3ec10420, 0x000074dd3ec106d8] 
[1,479s][debug][gc,nmethod     ] GC(0) O: Purge NMethod: java.lang.String.startsWith (0x000074dd3ec46e08) [0x000074dd3ec46f00, 0x000074dd3ec471f8] 
[1,479s][debug][gc,nmethod     ] GC(0) O: Purge NMethod: java.util.HashMap.resize (0x000074dd1f43e608) [0x000074dd1f43e720, 0x000074dd1f440400] 
[1,479s][debug][gc,nmethod     ] GC(0) O: Purge NMethod: jdk.internal.classfile.impl.SplitConstantPool.internalAdd (0x000074dd1f425f08) [0x000074dd1f426000, 0x000074dd1f426de8] 
[1,479s][debug][gc,nmethod     ] GC(0) O: Purge NMethod: jdk.internal.loader.URLClassPath$JarLoader.getResource (0x000074dd1f4c2108) [0x000074dd1f4c2200, 0x000074dd1f4c2b30] 
[1,479s][debug][gc,nmethod     ] GC(0) O: Purge NMethod: jdk.internal.misc.Unsafe.putReferenceRelease (0x000074dd1f46b888) [0x000074dd1f46b980, 0x000074dd1f46baf8] 
[1,479s][debug][gc,nmethod     ] GC(0) O: Purge NMethod: jdk.internal.loader.URLClassPath$JarLoader.getResource (0x000074dd3ec3ea08) [0x000074dd3ec3eb00, 0x000074dd3ec40238] 
[1,479s][debug][gc,nmethod     ] GC(0) O: Purge NMethod: java.lang.CharacterDataLatin1.equalsIgnoreCase (0x000074dd1f4c3a08) [0x000074dd1f4c3b00, 0x000074dd1f4c3d98] 
[1,479s][debug][gc,nmethod     ] GC(0) O: Purge NMethod: jdk.internal.loader.URLClassPath$JarLoader.getResource (0x000074dd1f488588) [0x000074dd1f488680, 0x000074dd1f488c60] 
[1,479s][debug][gc,nmethod     ] GC(0) O: Purge NMethod: worker.org.gradle.internal.stream.EncodedStream$EncodedInput.read (0x000074dd1f454408) [0x000074dd1f454500, 0x000074dd1f454c58] 
[1,479s][debug][gc,nmethod     ] GC(0) O: Purge NMethod: java.util.HashSet.add (0x000074dd1f430788) [0x000074dd1f430880, 0x000074dd1f430a60] 
[1,479s][debug][gc,nmethod     ] GC(0) O: Purge NMethod: java.util.zip.ZipUtils.get32 (0x000074dd1f458308) [0x000074dd1f458400, 0x000074dd1f458808] 
[1,479s][debug][gc,nmethod     ] GC(0) O: Purge NMethod: java.lang.invoke.MethodType.parameterType (0x000074dd1f44e308) [0x000074dd1f44e400, 0x000074dd1f44e588] 
[1,479s][debug][gc,nmethod     ] GC(0) O: Purge NMethod: java.lang.AbstractStringBuilder.isLatin1 (0x000074dd1f477788) [0x000074dd1f477880, 0x000074dd1f477a40] 
[1,479s][debug][gc,nmethod     ] GC(0) O: Purge NMethod: java.net.URLClassLoader.defineClass (0x000074dd1f60e688) [0x000074dd1f60e780, 0x000074dd1f613018] 
[1,479s][debug][gc,nmethod     ] GC(0) O: Purge NMethod: java.util.jar.JarFile.getJarEntry (0x000074dd3ec4a308) [0x000074dd3ec4a400, 0x000074dd3ec4ba18] 
[1,479s][debug][gc,nmethod     ] GC(0) O: Purge NMethod: java.util.HashMap.getNode (0x000074dd1f42f308) [0x000074dd1f42f400, 0x000074dd1f430710] 
[1,479s][debug][gc,nmethod     ] GC(0) O: Purge NMethod: java.util.regex.Pattern$$Lambda/0x00000000690b27a0.is (0x000074dd1f62f108) [0x000074dd1f62f200, 0x000074dd1f62f3b0] 
[1,479s][debug][gc,nmethod     ] GC(0) O: Purge NMethod: java.lang.String.charAt (0x000074dd1f67b088) [0x000074dd1f67b180, 0x000074dd1f67b8b8] 
[1,479s][debug][gc,nmethod     ] GC(0) O: Purge NMethod: java.lang.String.charAt (0x000074dd1f40ce88) [0x000074dd1f40cf80, 0x000074dd1f40d510] 
[1,479s][debug][gc,nmethod     ] GC(0) O: Purge NMethod: java.lang.String.startsWith (0x000074dd1f40f888) [0x000074dd1f40f980, 0x000074dd1f410c00] 
[1,479s][debug][gc,nmethod     ] GC(0) O: Purge NMethod: java.util.Objects.requireNonNull (0x000074dd1f407208) [0x000074dd1f407300, 0x000074dd1f4074d0] 
[1,479s][debug][gc,nmethod     ] GC(0) O: Purge NMethod: java.util.jar.JarFile.checkForSpecialAttributes (0x000074dd1f4c6c08) [0x000074dd1f4c6d00, 0x000074dd1f4c82e0] 
[1,479s][debug][gc,nmethod     ] GC(0) O: Purge NMethod: java.lang.invoke.MethodType.parameterCount (0x000074dd1f423088) [0x000074dd1f423180, 0x000074dd1f4232b8] 
[1,479s][debug][gc,nmethod     ] GC(0) O: Purge NMethod: java.util.LinkedHashMap.afterNodeInsertion (0x000074dd1f527688) [0x000074dd1f527780, 0x000074dd1f527988] 
[1,479s][debug][gc,nmethod     ] GC(0) O: Purge NMethod: java.math.BigInteger.addOne (0x000074dd1f744a88) [0x000074dd1f744b80, 0x000074dd1f744e98] 
[1,480s][debug][gc,nmethod     ] GC(0) O: Purge NMethod: jdk.internal.util.ArraysSupport.mismatch (0x000074dd1f411908) [0x000074dd1f411a00, 0x000074dd1f411de0] 
[1,480s][debug][gc,nmethod     ] GC(0) O: Purge NMethod: java.lang.String.indexOf (0x000074dd1f4dda08) [0x000074dd1f4ddb00, 0x000074dd1f4de4b8] 
[1,480s][debug][gc,nmethod     ] GC(0) O: Purge NMethod: jdk.internal.classfile.impl.BufWriterImpl.cpIndex (0x000074dd1f460f08) [0x000074dd1f461000, 0x000074dd1f462ff8] 
[1,480s][debug][gc,nmethod     ] GC(0) O: Purge NMethod: java.lang.String.replace (0x000074dd1f46b208) [0x000074dd1f46b300, 0x000074dd1f46b808] 
[1,480s][debug][gc,nmethod     ] GC(0) O: Purge NMethod: java.lang.StringUTF16.getChar (0x000074dd1f67ad88) [0x000074dd1f67ae80, 0x000074dd1f67afe0] 
[1,480s][debug][gc,nmethod     ] GC(0) O: Purge NMethod: java.lang.StringConcatHelper.newArray (0x000074dd1f424308) [0x000074dd1f424400, 0x000074dd1f4249d8] 
[1,480s][debug][gc,nmethod     ] GC(0) O: Purge NMethod: java.util.WeakHashMap.remove (0x000074dd1f4d2008) [0x000074dd1f4d2100, 0x000074dd1f4d3510] 
[1,480s][debug][gc,nmethod     ] GC(0) O: Purge NMethod: java.util.ArrayList.add (0x000074dd1f46ec08) [0x000074dd1f46ed00, 0x000074dd1f46f270] 
[1,480s][debug][gc,nmethod     ] GC(0) O: Purge NMethod: jdk.internal.loader.URLClassPath.getResource (0x000074dd1f5a7e08) [0x000074dd1f5a7f00, 0x000074dd1f5a8368] 
[1,480s][debug][gc,nmethod     ] GC(0) O: Purge NMethod: java.util.HashMap.get (0x000074dd1f432f88) [0x000074dd1f433080, 0x000074dd1f433418] 
[1,480s][debug][gc,nmethod     ] GC(0) O: Purge NMethod: java.util.Arrays.copyOf (0x000074dd1f476708) [0x000074dd1f476800, 0x000074dd1f476bc8] 
[1,480s][debug][gc,nmethod     ] GC(0) O: Purge NMethod: java.util.HashMap.put (0x000074dd3ec32388) [0x000074dd3ec324a0, 0x000074dd3ec33ca8] 
[1,480s][debug][gc,nmethod     ] GC(0) O: Purge NMethod: jdk.internal.classfile.impl.SplitConstantPool.canWriteDirect (0x000074dd1f44c188) [0x000074dd1f44c280, 0x000074dd1f44c578] 
[1,480s][debug][gc,nmethod     ] GC(0) O: Purge NMethod: java.util.jar.JarFile.getJarEntry (0x000074dd1f488c88) [0x000074dd1f488d80, 0x000074dd1f489628] 
[1,480s][debug][gc,nmethod     ] GC(0) O: Purge NMethod: java.lang.String.toString (0x000074dd1f4e8488) [0x000074dd1f4e8580, 0x000074dd1f4e8680] 
[1,480s][debug][gc,nmethod     ] GC(0) O: Purge NMethod: java.lang.Class.getName (0x000074dd1f453888) [0x000074dd1f453980, 0x000074dd1f453b30] 
[1,480s][debug][gc,nmethod     ] GC(0) O: Purge NMethod: java.util.Objects.equals (0x000074dd1f40a608) [0x000074dd1f40a700, 0x000074dd1f40aa88] 
[1,480s][debug][gc,nmethod     ] GC(0) O: Purge NMethod: java.lang.StringLatin1.replace (0x000074dd1f455588) [0x000074dd1f455680, 0x000074dd1f456720] 
[1,480s][debug][gc,nmethod     ] GC(0) O: Purge NMethod: java.lang.ref.Reference.<init> (0x000074dd1f46ae08) [0x000074dd1f46af00, 0x000074dd1f46b198] 
[1,480s][debug][gc,nmethod     ] GC(0) O: Purge NMethod: java.lang.StringBuilder.length (0x000074dd1f451908) [0x000074dd1f451a00, 0x000074dd1f451b18] 
[1,480s][debug][gc,nmethod     ] GC(0) O: Purge NMethod: jdk.internal.util.StrongReferenceKey.hashCode (0x000074dd1f41e408) [0x000074dd1f41e500, 0x000074dd1f41ea10] 
[1,480s][debug][gc,nmethod     ] GC(0) O: Purge NMethod: java.util.ImmutableCollections$SetN$SetNIterator.hasNext (0x000074dd1f409508) [0x000074dd1f409600, 0x000074dd1f409750] 
[1,480s][debug][gc,nmethod     ] GC(0) O: Purge NMethod: java.lang.String.length (0x000074dd1f40c308) [0x000074dd1f40c400, 0x000074dd1f40c780] 
[1,480s][debug][gc,nmethod     ] GC(0) O: Purge NMethod: java.math.BigInteger.implMulAddCheck (0x000074dd1f744f08) [0x000074dd1f745000, 0x000074dd1f748f90] 
[1,480s][debug][gc,nmethod     ] GC(0) O: Purge NMethod: jdk.internal.loader.URLClassPath$JarLoader$1.getBytes (0x000074dd1f5e9608) [0x000074dd1f5e9700, 0x000074dd1f5e9fd8] 
[1,480s][debug][gc,nmethod     ] GC(0) O: Purge NMethod: jdk.internal.classfile.impl.AbstractPoolEntry$Utf8EntryImpl.writeTo (0x000074dd1f460588) [0x000074dd1f460680, 0x000074dd1f460e90] 
[1,480s][debug][gc,nmethod     ] GC(0) O: Purge NMethod: jdk.internal.constant.MethodTypeDescImpl.parameterCount (0x000074dd1f492a08) [0x000074dd1f492b00, 0x000074dd1f492c38] 
[1,480s][debug][gc,nmethod     ] GC(0) O: Purge NMethod: java.util.HashMap.newNode (0x000074dd1f42b508) [0x000074dd1f42b600, 0x000074dd1f42b980] 
[1,480s][debug][gc,nmethod     ] GC(0) O: Purge NMethod: jdk.internal.classfile.impl.RawBytecodeHelper.opcode (0x000074dd1f44e008) [0x000074dd1f44e100, 0x000074dd1f44e208] 
[1,480s][debug][gc,nmethod     ] GC(0) O: Purge NMethod: java.util.concurrent.ConcurrentHashMap.setTabAt (0x000074dd1f46bb88) [0x000074dd1f46bc80, 0x000074dd1f46bf80] 
[1,480s][debug][gc,nmethod     ] GC(0) O: Purge NMethod: java.lang.String.startsWith (0x000074dd3ec40688) [0x000074dd3ec40780, 0x000074dd3ec40a98] 
[1,480s][debug][gc,nmethod     ] GC(0) O: Purge NMethod: sun.reflect.generics.parser.SignatureParser.current (0x000074dd1f5be008) [0x000074dd1f5be100, 0x000074dd1f5bef10] 
[1,480s][debug][gc,nmethod     ] GC(0) O: Purge NMethod: jdk.internal.util.ArraysSupport.hashCodeOfUnsigned (0x000074dd1f405488) [0x000074dd1f405580, 0x000074dd1f4057f8] 
[1,480s][debug][gc,nmethod     ] GC(0) O: Purge NMethod: java.nio.DirectLongBufferU.ix (0x000074dd1f487308) [0x000074dd1f487400, 0x000074dd1f487510] 
[1,480s][debug][gc,nmethod     ] GC(0) O: Purge NMethod: java.lang.Byte.toUnsignedInt (0x000074dd1f400688) [0x000074dd1f400780, 0x000074dd1f400868] 
[1,480s][debug][gc,nmethod     ] GC(0) O: Purge NMethod: jdk.internal.classfile.impl.SplitConstantPool.map (0x000074dd1f41a588) [0x000074dd1f41a6a0, 0x000074dd1f41bda0] 
[1,480s][debug][gc,nmethod     ] GC(0) O: Purge NMethod: java.util.zip.ZipFile.getEntry (0x000074dd1f486c08) [0x000074dd1f486d00, 0x000074dd1f4872c8] 
[1,480s][debug][gc,nmethod     ] GC(0) O: Purge NMethod: java.lang.String.regionMatches (0x000074dd3ec6b188) [0x000074dd3ec6b280, 0x000074dd3ec6b5c8] 
[1,480s][debug][gc,nmethod     ] GC(0) O: Purge NMethod: java.lang.AbstractStringBuilder.needsNewBuffer (0x000074dd1f444f88) [0x000074dd1f445080, 0x000074dd1f445220] 
[1,480s][debug][gc,nmethod     ] GC(0) O: Purge NMethod: jdk.internal.classfile.impl.EntryMap.put (0x000074dd1f427288) [0x000074dd1f427380, 0x000074dd1f427a50] 
[1,480s][debug][gc,nmethod     ] GC(0) O: Purge NMethod: java.util.HashMap.afterNodeInsertion (0x000074dd1f42ae08) [0x000074dd1f42af00, 0x000074dd1f42b000] 
[1,480s][debug][gc,nmethod     ] GC(0) O: Purge NMethod: java.lang.AbstractStringBuilder.append (0x000074dd1f44ec08) [0x000074dd1f44ed00, 0x000074dd1f44f950] 
[1,480s][debug][gc,nmethod     ] GC(0) O: Purge NMethod: jdk.internal.loader.URLClassPath$JarLoader.getResource (0x000074dd3ec48688) [0x000074dd3ec48780, 0x000074dd3ec49ec0] 
[1,480s][debug][gc,nmethod     ] GC(0) O: Purge NMethod: jdk.internal.util.Preconditions.checkFromToIndex (0x000074dd1f41f108) [0x000074dd1f41f200, 0x000074dd1f41f3b8] 
[1,480s][debug][gc,nmethod     ] GC(0) O: Purge NMethod: java.io.BufferedInputStream.getBufIfOpen (0x000074dd1f452a88) [0x000074dd1f452b80, 0x000074dd1f452cb8] 
[1,480s][debug][gc,nmethod     ] GC(0) O: Purge NMethod: java.lang.invoke.MemberName.getModifiers (0x000074dd1f508c08) [0x000074dd1f508d00, 0x000074dd1f508e08] 
[1,480s][debug][gc,nmethod     ] GC(0) O: Purge NMethod: jdk.internal.classfile.impl.EntryMap.firstToken (0x000074dd1f421c88) [0x000074dd1f421d80, 0x000074dd1f422270] 
[1,480s][debug][gc,nmethod     ] GC(0) O: Purge NMethod: java.lang.String.regionMatches (0x000074dd1f4c4d08) [0x000074dd1f4c4e00, 0x000074dd1f4c61f8] 
[1,480s][debug][gc,nmethod     ] GC(0) O: Purge NMethod: jdk.internal.util.ReferencedKeyMap.removeStaleReferences (0x000074dd1f419988) [0x000074dd1f419a80, 0x000074dd1f41a0a0] 
[1,480s][debug][gc,nmethod     ] GC(0) O: Purge NMethod: java.io.BufferedInputStream.getBufIfOpen (0x000074dd3ebfa988) [0x000074dd3ebfaa80, 0x000074dd3ebfabb0] 
[1,480s][debug][gc,nmethod     ] GC(0) O: Purge NMethod: java.util.HashMap.hash (0x000074dd1f426e08) [0x000074dd1f426f00, 0x000074dd1f427238] 
[1,480s][debug][gc,nmethod     ] GC(0) O: Purge NMethod: java.lang.System$1.uncheckedCountPositives (0x000074dd1f471108) [0x000074dd1f471200, 0x000074dd1f471458] 
[1,480s][debug][gc,nmethod     ] GC(0) O: Purge NMethod: sun.nio.fs.UnixPath.checkNotNul (0x000074dd1f46fc08) [0x000074dd1f46fd00, 0x000074dd1f46fea0] 
[1,480s][debug][gc,nmethod     ] GC(0) O: Purge NMethod: java.lang.String.hashCode (0x000074dd1f400988) [0x000074dd1f400a80, 0x000074dd1f401028] 
[1,480s][debug][gc,nmethod     ] GC(0) O: Purge NMethod: java.util.jar.JarFile.isMultiRelease (0x000074dd1f485708) [0x000074dd1f485800, 0x000074dd1f4859f8] 
[1,480s][debug][gc,nmethod     ] GC(0) O: Purge NMethod: java.lang.String.getBytes (0x000074dd1f419008) [0x000074dd1f419100, 0x000074dd1f419608] 
[1,480s][debug][gc,nmethod     ] GC(0) O: Purge NMethod: java.util.concurrent.ConcurrentHashMap.casTabAt (0x000074dd1f444308) [0x000074dd1f444400, 0x000074dd1f444570] 
[1,480s][debug][gc,nmethod     ] GC(0) O: Purge NMethod: java.lang.StringLatin1.indexOf (0x000074dd1f411308) [0x000074dd1f411400, 0x000074dd1f411888] 
[1,480s][debug][gc,nmethod     ] GC(0) O: Purge NMethod: java.lang.String.startsWith (0x000074dd1f88c208) [0x000074dd1f88c300, 0x000074dd1f88d520] 
[1,480s][debug][gc,nmethod     ] GC(0) O: Purge NMethod: java.lang.Math.max (0x000074dd1f44ad88) [0x000074dd1f44ae80, 0x000074dd1f44afa8] 
[1,480s][debug][gc,nmethod     ] GC(0) O: Purge NMethod: java.util.zip.ZipFile$Source.checkAndAddEntry (0x000074dd1f473508) [0x000074dd1f473600, 0x000074dd1f475900] 
[1,480s][debug][gc,nmethod     ] GC(0) O: Purge NMethod: java.util.zip.Checksum.update (0x000074dd1f5e9308) [0x000074dd1f5e9400, 0x000074dd1f5e9588] 
[1,480s][debug][gc,nmethod     ] GC(0) O: Purge NMethod: java.nio.DirectByteBuffer.get (0x000074dd1f491608) [0x000074dd1f491700, 0x000074dd1f492500] 
[1,480s][debug][gc,nmethod     ] GC(0) O: Purge NMethod: java.util.HashMap.get (0x000074dd1f430d88) [0x000074dd1f430e80, 0x000074dd1f431218] 
[1,480s][debug][gc,nmethod     ] GC(0) O: Purge NMethod: jdk.internal.util.ArraysSupport.mismatch (0x000074dd3ec40288) [0x000074dd3ec40380, 0x000074dd3ec40610] 
[1,480s][debug][gc,nmethod     ] GC(0) O: Purge NMethod: java.lang.StringCoding.countPositives (0x000074dd1f46f888) [0x000074dd1f46f980, 0x000074dd1f46fb88] 
[1,480s][debug][gc,nmethod     ] GC(0) O: Purge NMethod: jdk.internal.misc.Unsafe.getShortUnaligned (0x000074dd1f450d08) [0x000074dd1f450e00, 0x000074dd1f451028] 
[1,480s][debug][gc,nmethod     ] GC(0) O: Purge NMethod: java.util.zip.ZipFile$Source.getEntryPos (0x000074dd1f483908) [0x000074dd1f483a00, 0x000074dd1f4856a8] 
[1,480s][debug][gc,nmethod     ] GC(0) O: Purge NMethod: java.util.BitSet.wordIndex (0x000074dd1f529608) [0x000074dd1f529700, 0x000074dd1f5297e8] 
[1,480s][debug][gc,nmethod     ] GC(0) O: Purge NMethod: java.lang.AbstractStringBuilder.append (0x000074dd1f490508) [0x000074dd1f490600, 0x000074dd1f490ab8] 
[1,480s][debug][gc,nmethod     ] GC(0) O: Purge NMethod: java.lang.ClassLoader.checkName (0x000074dd1f481088) [0x000074dd1f481180, 0x000074dd1f481ec8] 
[1,480s][debug][gc,nmethod     ] GC(0) O: Purge NMethod: java.util.zip.ZipFile$Source.isMetaName (0x000074dd1f472f88) [0x000074dd1f473080, 0x000074dd1f4734e0] 
[1,480s][debug][gc,nmethod     ] GC(0) O: Purge NMethod: java.util.WeakHashMap.put (0x000074dd1f535008) [0x000074dd1f535100, 0x000074dd1f536a40] 
[1,480s][debug][gc,nmethod     ] GC(0) O: Purge NMethod: jdk.internal.misc.Unsafe.getIntUnaligned (0x000074dd1f457c88) [0x000074dd1f457d80, 0x000074dd1f457fc8] 
[1,480s][debug][gc,nmethod     ] GC(0) O: Purge NMethod: java.util.HashMap.put (0x000074dd1f433988) [0x000074dd1f433a80, 0x000074dd1f434068] 
[1,480s][debug][gc,nmethod     ] GC(0) O: Purge NMethod: java.util.jar.JarFile.checkForSpecialAttributes (0x000074dd3ec38408) [0x000074dd3ec38500, 0x000074dd3ec38e58] 
[1,480s][debug][gc,nmethod     ] GC(0) O: Purge NMethod: jdk.internal.classfile.impl.SplitConstantPool.entryByIndex (0x000074dd1f41fa88) [0x000074dd1f41fb80, 0x000074dd1f421c30] 
[1,480s][debug][gc,nmethod     ] GC(0) O: Purge NMethod: jdk.internal.loader.URLClassPath$JarLoader.findResource (0x000074dd1f686688) [0x000074dd1f686780, 0x000074dd1f686988] 
[1,480s][debug][gc,nmethod     ] GC(0) O: Purge NMethod: java.io.BufferedInputStream.getBufIfOpen (0x000074dd1f452d88) [0x000074dd1f452e80, 0x000074dd1f453298] 
[1,480s][debug][gc,nmethod     ] GC(0) O: Purge NMethod: java.lang.StringBuilder.append (0x000074dd1f44e908) [0x000074dd1f44ea00, 0x000074dd1f44eb48] 
[1,480s][debug][gc,nmethod     ] GC(0) O: Purge NMethod: jdk.internal.loader.URLClassPath$JarLoader.ensureOpen (0x000074dd1f480d08) [0x000074dd1f480e00, 0x000074dd1f481068] 
[1,480s][debug][gc,nmethod     ] GC(0) O: Purge NMethod: java.lang.String.charAt (0x000074dd3ebe9388) [0x000074dd3ebe9480, 0x000074dd3ebe95b0] 
[1,480s][debug][gc,nmethod     ] GC(0) O: Purge NMethod: java.util.jar.JarFile.checkForSpecialAttributes (0x000074dd1f482288) [0x000074dd1f482380, 0x000074dd1f4838e8] 
[1,480s][debug][gc,nmethod     ] GC(0) O: Purge NMethod: java.lang.String.<init> (0x000074dd1f478e08) [0x000074dd1f478f00, 0x000074dd1f4798a0] 
[1,480s][debug][gc,nmethod     ] GC(0) O: Purge NMethod: java.util.Arrays.copyOfRange (0x000074dd1f440408) [0x000074dd1f440500, 0x000074dd1f4417d0] 
[1,480s][debug][gc,nmethod     ] GC(0) O: Purge NMethod: jdk.internal.util.ArraysSupport.vectorizedHashCode (0x000074dd1f402088) [0x000074dd1f402180, 0x000074dd1f403fd8] 
[1,480s][debug][gc,nmethod     ] GC(0) O: Purge NMethod: java.lang.ref.ReferenceQueue.poll (0x000074dd1f418788) [0x000074dd1f418880, 0x000074dd1f418ca0] 
[1,480s][debug][gc,nmethod     ] GC(0) O: Purge NMethod: java.util.concurrent.ConcurrentHashMap.putIfAbsent (0x000074dd1f418388) [0x000074dd1f418480, 0x000074dd1f418780] 
[1,480s][debug][gc,nmethod     ] GC(0) O: Purge NMethod: java.lang.Object.<init> (0x000074dd1f400388) [0x000074dd1f400480, 0x000074dd1f400580] 
[1,480s][debug][gc,nmethod     ] GC(0) O: Purge NMethod: java.lang.String.isLatin1 (0x000074dd1f40b588) [0x000074dd1f40b680, 0x000074dd1f40b7e0] 
[1,481s][debug][gc,nmethod     ] GC(0) O: Purge NMethod: java.math.BigInteger.mulAdd (0x000074dd1f744788) [0x000074dd1f744880, 0x000074dd1f744a10] 
[1,481s][debug][gc,nmethod     ] GC(0) O: Purge NMethod: java.util.zip.ZipCoder$UTF8ZipCoder.checkedHash (0x000074dd1f472a08) [0x000074dd1f472b00, 0x000074dd1f472f20] 
[1,481s][debug][gc,nmethod     ] GC(0) O: Purge NMethod: java.lang.String.indexOf (0x000074dd1f40f108) [0x000074dd1f40f200, 0x000074dd1f40f828] 
[1,481s][debug][gc,nmethod     ] GC(0) O: Purge NMethod: java.lang.CharacterData.of (0x000074dd1f4e6d88) [0x000074dd1f4e6e80, 0x000074dd1f4e75c0] 
[1,481s][debug][gc,nmethod     ] GC(0) O: Purge NMethod: java.lang.StringLatin1.canEncode (0x000074dd1f577088) [0x000074dd1f577180, 0x000074dd1f5772e0] 
[1,481s][debug][gc,nmethod     ] GC(0) O: Purge NMethod: java.lang.String.isLatin1 (0x000074dd3ebed008) [0x000074dd3ebed100, 0x000074dd3ebed1c0] 
[1,481s][debug][gc,nmethod     ] GC(0) O: Purge NMethod: java.lang.StringCoding.countPositives (0x000074dd1f527d88) [0x000074dd1f527e80, 0x000074dd1f528088] 
[1,481s][debug][gc,nmethod     ] GC(0) O: Purge NMethod: java.lang.StringLatin1.indexOf (0x000074dd1f44ce08) [0x000074dd1f44cf00, 0x000074dd1f44d258] 
[1,481s][debug][gc,nmethod     ] GC(0) O: Purge NMethod: jdk.internal.misc.Unsafe.allocateUninitializedArray (0x000074dd1f424a08) [0x000074dd1f424b00, 0x000074dd1f4250c8] 
[1,481s][debug][gc,nmethod     ] GC(0) O: Purge NMethod: jdk.internal.util.ArraysSupport.mismatch (0x000074dd1f88df08) [0x000074dd1f88e000, 0x000074dd1f88e3e0] 
[1,481s][debug][gc,nmethod     ] Register NMethod: jdk.internal.classfile.impl.AnnotationReader.writeAnnotation (0x000074dd1f8d0788) [0x000074dd1f8d0880, 0x000074dd1f8d4680] Compiler: c1, Barriers: 5, Oops: 1, ImmediateOops: 3, NonImmediateOops: No
[1,481s][debug][gc,phases      ] GC(0) O: Concurrent Classes Purge 2,506ms
[1,481s][debug][gc,phases,start] GC(0) O: Concurrent References Enqueue
[1,481s][debug][gc,phases      ] GC(0) O: Concurrent References Enqueue 0,009ms
[1,481s][info ][gc,phases      ] GC(0) O: Concurrent Process Non-Strong 7,263ms
[1,481s][debug][gc,phases,start] GC(0) O: Concurrent Reset Relocation Set
[1,481s][info ][gc,phases      ] GC(0) O: Concurrent Reset Relocation Set 0,010ms
[1,481s][debug][gc,phases,start] GC(0) O: Concurrent Select Relocation Set
[1,481s][debug][gc,reloc       ] Synchronize all workers 1 _nworkers: 0 _nsynchronized: 0
[1,481s][debug][gc,reloc       ] Synchronize all workers 1 _nworkers: 0 _nsynchronized: 0
[1,481s][debug][gc,nmethod     ] Register NMethod: java.lang.invoke.MethodHandleImpl.makePairwiseConvertByEditor (0x000074dd1f8d4708) [0x000074dd1f8d4800, 0x000074dd1f8df978] Compiler: c1, Barriers: 43, Oops: 3, ImmediateOops: 15, NonImmediateOops: No
[1,481s][debug][gc,reloc       ] GC(0) O: Relocation Set (Medium Pages): 0->0, 0 skipped, 0 forwarding entries
[1,481s][debug][gc,reloc       ] GC(0) O: Relocation Set (Small Pages): 0->0, 0 skipped, 0 forwarding entries
[1,481s][debug][gc,task        ] GC(0) O: Executing ZRelocationSetInstallTask using ZWorkerOld with 1 workers
[1,481s][debug][gc,reloc       ] Desynchronize all workers _nworkers: 0 _nsynchronized: 0
[1,481s][debug][gc,reloc       ] Desynchronize all workers _nworkers: 0 _nsynchronized: 0
[1,481s][info ][gc,phases      ] GC(0) O: Concurrent Select Relocation Set 0,458ms
[1,481s][debug][gc,phases,start] GC(0) O: Concurrent Remap Roots
[1,481s][info ][gc,task        ] GC(0) O: Using 2 Workers for Old Generation
[1,481s][debug][gc,task        ] GC(0) O: Executing ZRemapYoungRootsTask using ZWorkerOld with 2 workers
[1,482s][debug][gc,nmethod     ] Register NMethod: jdk.internal.classfile.impl.StackMapGenerator.detectFrames (0x000074dd1f724208) [0x000074dd1f724300, 0x000074dd1f727958] Compiler: c1, Barriers: 7, Oops: 1, ImmediateOops: 2, NonImmediateOops: No
[1,482s][info ][gc,task        ] GC(0) O: Using 1 Workers for Old Generation
[1,482s][info ][gc,phases      ] GC(0) O: Concurrent Remap Roots 0,481ms
[1,482s][debug][gc,reloc       ] Synchronize all workers 1 _nworkers: 0 _nsynchronized: 0
[1,482s][debug][gc,reloc       ] Synchronize all workers 1 _nworkers: 0 _nsynchronized: 0
[1,482s][debug][gc,nmethod     ] Register NMethod: jdk.internal.classfile.impl.DirectCodeBuilder$4.generateStackMaps (0x000074dd1f75ee08) [0x000074dd1f75ef00, 0x000074dd1f75fa20] Compiler: c1, Barriers: 2, Oops: 0, ImmediateOops: 1, NonImmediateOops: No
[1,482s][debug][gc,phases,start] GC(0) O: Pause Relocate Start
[1,482s][debug][gc,reloc       ] GC(0) O: Joining workers: 1
[1,482s][info ][gc,phases      ] GC(0) O: Pause Relocate Start 0,028ms
[1,482s][debug][gc,reloc       ] Desynchronize all workers _nworkers: 1 _nsynchronized: 0
[1,482s][debug][gc,reloc       ] Desynchronize all workers _nworkers: 0 _nsynchronized: 0
[1,482s][debug][gc,nmethod     ] Register NMethod: jdk.internal.classfile.impl.StackMapGenerator$Frame.setLocalRawInternal (0x000074dd1f4c2108) [0x000074dd1f4c2200, 0x000074dd1f4c2b10] Compiler: c1, Barriers: 6, Oops: 0, ImmediateOops: 0, NonImmediateOops: No
[1,482s][debug][gc,phases,start] GC(0) O: Concurrent Relocate
[1,482s][debug][gc,task        ] GC(0) O: Executing ZRelocateStoreBufferInstallBasePointersTask using ZWorkerOld with 1 workers
[1,482s][debug][gc,task        ] GC(0) O: Executing ZRelocateTask using ZWorkerOld with 1 workers
[1,482s][debug][gc,reloc       ] GC(0) O: Leaving workers: left: 0 _synchronize: 0 _nsynchronized: 0
[1,482s][info ][gc,phases      ] GC(0) O: Concurrent Relocate 0,075ms
[1,482s][debug][gc,heap        ] GC(0) O: Heap After GC invocations=1 (full 1):
[1,482s][debug][gc,heap        ] GC(0) O:  ZHeap           used 66M, capacity 5120M, max capacity 12288M
[1,482s][debug][gc,heap        ] GC(0) O:   Cache          5054M (3)
[1,482s][debug][gc,heap        ] GC(0) O:    size classes  4M (1), 32M (1), 4G (1)
[1,482s][debug][gc,metaspace   ] GC(0) O: Metaspace After GC invocations=1 (full 1):
[1,482s][debug][gc,metaspace   ] GC(0) O:  Metaspace       used 22567K, committed 22848K, reserved 1114112K
[1,482s][debug][gc,metaspace   ] GC(0) O:   class space    used 1918K, committed 2048K, reserved 1048576K
[1,482s][info ][gc,alloc       ] GC(0) O:                         Mark Start        Mark End      Relocate Start    Relocate End   
[1,482s][info ][gc,alloc       ] GC(0) O: Allocation Stalls:          0                0                0                0         
[1,482s][debug][gc,nmethod     ] Register NMethod: jdk.internal.classfile.impl.StackMapGenerator$Frame.merge (0x000074dd1f477788) [0x000074dd1f477880, 0x000074dd1f478138] Compiler: c1, Barriers: 5, Oops: 0, ImmediateOops: 0, NonImmediateOops: No
[1,482s][info ][gc,load        ] GC(0) O: Load: 2,33 (12%) / 2,13 (11%) / 2,02 (10%)
[1,482s][info ][gc,mmu         ] GC(0) O: MMU: 2ms/95,7%, 5ms/98,3%, 10ms/99,1%, 20ms/99,3%, 50ms/99,6%, 100ms/99,8%
[1,482s][info ][gc,marking     ] GC(0) O: Mark: 1 stripe(s), 1 proactive flush(es), 1 terminate flush(es), 0 completion(s), 0 continuation(s) 
[1,482s][info ][gc,nmethod     ] GC(0) O: NMethods: 1860 registered, 211 unregistered
[1,482s][info ][gc,metaspace   ] GC(0) O: Metaspace: 22M used, 22M committed, 1088M reserved
[1,482s][info ][gc,ref         ] GC(0) O:                       Encountered   Discovered     Enqueued 
[1,482s][info ][gc,ref         ] GC(0) O: Soft References:             2726            0            0 
[1,482s][info ][gc,ref         ] GC(0) O: Weak References:             1342            0            0 
[1,482s][info ][gc,ref         ] GC(0) O: Final References:               0            0            0 
[1,482s][info ][gc,ref         ] GC(0) O: Phantom References:           424            0            0 
[1,482s][info ][gc,heap        ] GC(0) O: Min Capacity: 5120M(42%)
[1,482s][info ][gc,heap        ] GC(0) O: Max Capacity: 12288M(100%)
[1,482s][info ][gc,heap        ] GC(0) O: Soft Max Capacity: 12288M(100%)
[1,482s][info ][gc,heap        ] GC(0) O: Heap Statistics:
[1,482s][info ][gc,heap        ] GC(0) O:                Mark Start          Mark End        Relocate Start      Relocate End           High               Low         
[1,482s][debug][gc,nmethod     ] Register NMethod: jdk.internal.classfile.impl.StackMapGenerator$Type.mergeFrom (0x000074dd1f469c08) [0x000074dd1f469d00, 0x000074dd1f46a7a8] Compiler: c1, Barriers: 0, Oops: 0, ImmediateOops: 6, NonImmediateOops: No
[1,482s][info ][gc,heap        ] GC(0) O:  Capacity:     5120M (42%)        5120M (42%)        5120M (42%)        5120M (42%)        5120M (42%)        5120M (42%)    
[1,482s][info ][gc,heap        ] GC(0) O:      Free:    12194M (99%)       12224M (99%)       12222M (99%)       12222M (99%)       12224M (99%)       12176M (99%)    
[1,482s][info ][gc,heap        ] GC(0) O:      Used:       94M (1%)           64M (1%)           66M (1%)           66M (1%)          112M (1%)           64M (1%)     
[1,482s][info ][gc,heap        ] GC(0) O: Old Generation Statistics:
[1,482s][info ][gc,heap        ] GC(0) O:                Mark Start          Mark End        Relocate Start      Relocate End    
[1,482s][debug][gc,nmethod     ] Register NMethod: jdk.internal.classfile.impl.SplitConstantPool.writeBootstrapMethods (0x000074dd1f7c7808) [0x000074dd1f7c7900, 0x000074dd1f7c8cf0] Compiler: c1, Barriers: 2, Oops: 0, ImmediateOops: 0, NonImmediateOops: No
[1,482s][info ][gc,heap        ] GC(0) O:      Used:        0M (0%)            0M (0%)            0M (0%)            0M (0%)     
[1,482s][info ][gc,heap        ] GC(0) O:      Live:         -                 0M (0%)            0M (0%)            0M (0%)     
[1,482s][info ][gc,heap        ] GC(0) O:   Garbage:         -                 0M (0%)            0M (0%)            0M (0%)     
[1,482s][info ][gc,heap        ] GC(0) O: Allocated:         -                 0M (0%)            0M (0%)            0M (0%)     
[1,482s][info ][gc,heap        ] GC(0) O: Reclaimed:         -                  -                 0M (0%)            0M (0%)     
[1,482s][info ][gc,heap        ] GC(0) O: Compacted:         -                  -                  -                 0M (0%)     
[1,482s][info ][gc,phases      ] GC(0) O: Old Generation 64M(1%)->66M(1%) 0,009s
[1,482s][debug][gc,nmethod     ] Register NMethod: jdk.internal.classfile.impl.SplitConstantPool.writeBootstrapMethods (0x000074dd1f7c7808) [0x000074dd1f7c7900, 0x000074dd1f7c8cf0] Compiler: c1, Barriers: 2, Oops: 0, ImmediateOops: 2, NonImmediateOops: No
[1,482s][debug][gc,nmethod     ] Register NMethod: jdk.internal.classfile.impl.SplitConstantPool.writeBootstrapMethods (0x000074dd1f7c7808) [0x000074dd1f7c7900, 0x000074dd1f7c8cf0] Compiler: c1, Barriers: 2, Oops: 0, ImmediateOops: 2, NonImmediateOops: No
[1,482s][info ][gc             ] GC(0) Major Collection (Metadata GC Threshold) 94M(1%)->66M(1%) 0,029s
[1,483s][debug][gc,nmethod     ] Register NMethod: java.lang.invoke.MethodHandle.linkToStatic (0x000074dd3ebe9388) [0x000074dd3ebe9480, 0x000074dd3ebe9578] Compiler: , Barriers: 0, Oops: 0, ImmediateOops: 0, NonImmediateOops: No
[1,483s][debug][gc,director    ] Rule Major: Warmup 10%, Used: 66MB, UsedThreshold: 1228MB
[1,483s][debug][gc,nmethod     ] Register NMethod: java.lang.invoke.LambdaForm.returnType (0x000074dd1f405488) [0x000074dd1f405580, 0x000074dd1f4057a0] Compiler: c1, Barriers: 3, Oops: 0, ImmediateOops: 1, NonImmediateOops: No
[1,483s][debug][gc,nmethod     ] Register NMethod: java.lang.invoke.MethodHandle.invokeBasic (0x000074dd3ec10308) [0x000074dd3ec10400, 0x000074dd3ec10698] Compiler: , Barriers: 0, Oops: 0, ImmediateOops: 0, NonImmediateOops: No
[1,483s][debug][gc,nmethod     ] Register NMethod: java.lang.invoke.MethodHandle.linkToSpecial (0x000074dd3ebed008) [0x000074dd3ebed100, 0x000074dd3ebed1f8] Compiler: , Barriers: 0, Oops: 0, ImmediateOops: 0, NonImmediateOops: No
[1,484s][debug][gc,nmethod     ] Register NMethod: java.lang.invoke.InvokerBytecodeGenerator.emitLoadInsn (0x000074dd1f40a608) [0x000074dd1f40a700, 0x000074dd1f40aa70] Compiler: c1, Barriers: 1, Oops: 0, ImmediateOops: 0, NonImmediateOops: No
[1,484s][debug][gc,nmethod     ] Register NMethod: java.lang.invoke.InvokerBytecodeGenerator.emitReferenceCast (0x000074dd1f400008) [0x000074dd1f400100, 0x000074dd1f401c68] Compiler: c1, Barriers: 2, Oops: 1, ImmediateOops: 6, NonImmediateOops: No
[1,484s][debug][gc,nmethod     ] Register NMethod: jdk.internal.classfile.impl.StackMapGenerator$Frame.setLocal (0x000074dd1f40ce88) [0x000074dd1f40cf80, 0x000074dd1f40d558] Compiler: c1, Barriers: 2, Oops: 0, ImmediateOops: 6, NonImmediateOops: No
[1,484s][debug][gc,nmethod     ] Register NMethod: java.lang.invoke.InvokerBytecodeGenerator.emitPushArgument (0x000074dd1f437a08) [0x000074dd1f437b00, 0x000074dd1f439ea8] Compiler: c1, Barriers: 5, Oops: 0, ImmediateOops: 4, NonImmediateOops: No
[1,485s][debug][gc,nmethod     ] Register NMethod: java.util.Collection.stream (0x000074dd1f428608) [0x000074dd1f428700, 0x000074dd1f428a38] Compiler: c1, Barriers: 0, Oops: 0, ImmediateOops: 0, NonImmediateOops: No
[1,485s][debug][gc,nmethod     ] Register NMethod: java.lang.invoke.MethodHandle.linkToNative (0x000074dd3ebfa988) [0x000074dd3ebfaa80, 0x000074dd3ebfaa88] Compiler: , Barriers: 0, Oops: 0, ImmediateOops: 0, NonImmediateOops: No
[1,485s][debug][gc,nmethod     ] Register NMethod: java.util.ArrayList.addAll (0x000074dd1f433988) [0x000074dd1f433a80, 0x000074dd1f434020] Compiler: c1, Barriers: 1, Oops: 0, ImmediateOops: 0, NonImmediateOops: No
[1,485s][debug][gc,nmethod     ] Register NMethod: java.lang.invoke.MethodHandle.linkToStatic (0x000074dd3ec00508) [0x000074dd3ec00600, 0x000074dd3ec006f0] Compiler: , Barriers: 0, Oops: 0, ImmediateOops: 0, NonImmediateOops: No
[1,485s][debug][gc,nmethod     ] Register NMethod: jdk.internal.classfile.impl.ClassReaderImpl.readU1 (0x000074dd1f47cd88) [0x000074dd1f47ce80, 0x000074dd1f47d128] Compiler: c1, Barriers: 1, Oops: 0, ImmediateOops: 1, NonImmediateOops: No
[1,486s][debug][gc,nmethod     ] Register NMethod: java.lang.invoke.MethodHandle.invokeBasic (0x000074dd3ec46e08) [0x000074dd3ec46f00, 0x000074dd3ec47198] Compiler: , Barriers: 0, Oops: 0, ImmediateOops: 0, NonImmediateOops: No
[1,486s][debug][gc,nmethod     ] Register NMethod: java.lang.invoke.MethodHandle.linkToSpecial (0x000074dd3ec1af88) [0x000074dd3ec1b080, 0x000074dd3ec1b178] Compiler: , Barriers: 0, Oops: 0, ImmediateOops: 0, NonImmediateOops: No
[1,486s][debug][gc,nmethod     ] Register NMethod: java.lang.classfile.CodeBuilder.checkcast (0x000074dd1f54e188) [0x000074dd1f54e280, 0x000074dd1f54e9a0] Compiler: c1, Barriers: 0, Oops: 0, ImmediateOops: 0, NonImmediateOops: No
[1,487s][debug][gc,nmethod     ] Register NMethod: java.lang.invoke.MethodHandle.linkToNative (0x000074dd3ec6ab88) [0x000074dd3ec6ac80, 0x000074dd3ec6ac88] Compiler: , Barriers: 0, Oops: 0, ImmediateOops: 0, NonImmediateOops: No
[1,487s][debug][gc,nmethod     ] Register NMethod: sun.invoke.util.Wrapper.basicClassDescriptor (0x000074dd3ec6b188) [0x000074dd3ec6b280, 0x000074dd3ec6b368] Compiler: c1, Barriers: 1, Oops: 0, ImmediateOops: 0, NonImmediateOops: No
[1,487s][debug][gc,nmethod     ] Register NMethod: jdk.internal.classfile.impl.StackMapGenerator$Type.isCategory2_2nd (0x000074dd1f407208) [0x000074dd1f407300, 0x000074dd1f407490] Compiler: c1, Barriers: 0, Oops: 0, ImmediateOops: 2, NonImmediateOops: No
[1,487s][debug][gc,nmethod     ] Register NMethod: java.lang.invoke.MethodHandle.linkToStatic (0x000074dd3ec04288) [0x000074dd3ec04380, 0x000074dd3ec04470] Compiler: , Barriers: 0, Oops: 0, ImmediateOops: 0, NonImmediateOops: No
[1,487s][debug][gc,nmethod     ] Register NMethod: jdk.internal.classfile.impl.ClassReaderImpl.readU2 (0x000074dd1f47d788) [0x000074dd1f47d880, 0x000074dd1f47db58] Compiler: c1, Barriers: 1, Oops: 0, ImmediateOops: 1, NonImmediateOops: No
[1,487s][debug][gc,nmethod     ] Register NMethod: java.lang.invoke.MethodHandle.invokeBasic (0x000074dd3ec2c788) [0x000074dd3ec2c880, 0x000074dd3ec2cb18] Compiler: , Barriers: 0, Oops: 0, ImmediateOops: 0, NonImmediateOops: No
[1,487s][debug][gc,nmethod     ] Register NMethod: java.lang.invoke.MethodHandle.linkToSpecial (0x000074dd3ec51408) [0x000074dd3ec51500, 0x000074dd3ec515f8] Compiler: , Barriers: 0, Oops: 0, ImmediateOops: 0, NonImmediateOops: No
[1,487s][debug][gc,nmethod     ] Register NMethod: jdk.internal.classfile.impl.DirectClassBuilder.setSuperclass (0x000074dd3ec38b88) [0x000074dd3ec38c80, 0x000074dd3ec38db0] Compiler: c1, Barriers: 3, Oops: 0, ImmediateOops: 0, NonImmediateOops: No
[1,488s][debug][gc,nmethod     ] Register NMethod: jdk.internal.classfile.impl.AbstractPoolEntry$NameAndTypeEntryImpl.name (0x000074dd1f430d88) [0x000074dd1f430e80, 0x000074dd1f4311d0] Compiler: c1, Barriers: 1, Oops: 0, ImmediateOops: 0, NonImmediateOops: No
[1,488s][debug][gc,nmethod     ] Register NMethod: java.lang.invoke.InvokerBytecodeGenerator.emitStoreResult (0x000074dd1f418388) [0x000074dd1f418480, 0x000074dd1f418cc8] Compiler: c1, Barriers: 3, Oops: 0, ImmediateOops: 1, NonImmediateOops: No
[1,488s][debug][gc,nmethod     ] Register NMethod: java.util.stream.AbstractPipeline.<init> (0x000074dd1f432f88) [0x000074dd1f433080, 0x000074dd1f4333c8] Compiler: c1, Barriers: 9, Oops: 0, ImmediateOops: 0, NonImmediateOops: No
[1,488s][debug][gc,nmethod     ] Register NMethod: java.lang.Long.valueOf (0x000074dd1f476708) [0x000074dd1f476800, 0x000074dd1f476b40] Compiler: c1, Barriers: 1, Oops: 0, ImmediateOops: 1, NonImmediateOops: No
[1,488s][debug][gc,nmethod     ] Register NMethod: java.lang.invoke.InvokerBytecodeGenerator.methodDesc (0x000074dd1f51ac88) [0x000074dd1f51ad80, 0x000074dd1f51be88] Compiler: c1, Barriers: 19, Oops: 1, ImmediateOops: 1, NonImmediateOops: No
[1,489s][debug][gc,nmethod     ] Register NMethod: java.lang.invoke.MethodHandle.linkToNative (0x000074dd3ec38888) [0x000074dd3ec38980, 0x000074dd3ec38988] Compiler: , Barriers: 0, Oops: 0, ImmediateOops: 0, NonImmediateOops: No
[1,489s][debug][gc,nmethod     ] Register NMethod: java.util.stream.AbstractPipeline.sourceSpliterator (0x000074dd1f402408) [0x000074dd1f402500, 0x000074dd1f403fc8] Compiler: c1, Barriers: 14, Oops: 1, ImmediateOops: 2, NonImmediateOops: No
[1,489s][debug][gc,nmethod     ] Register NMethod: java.lang.invoke.MethodHandle.invokeBasic (0x000074dd3ec38408) [0x000074dd3ec38500, 0x000074dd3ec38798] Compiler: , Barriers: 0, Oops: 0, ImmediateOops: 0, NonImmediateOops: No
[1,489s][debug][gc,nmethod     ] Register NMethod: java.lang.invoke.MethodHandle.linkToSpecial (0x000074dd3ebf9108) [0x000074dd3ebf9200, 0x000074dd3ebf92f8] Compiler: , Barriers: 0, Oops: 0, ImmediateOops: 0, NonImmediateOops: No
[1,489s][debug][gc,nmethod     ] Register NMethod: jdk.internal.classfile.impl.UnboundAttribute$AdHocAttribute.writeTo (0x000074dd1f48af88) [0x000074dd1f48b080, 0x000074dd1f48cc70] Compiler: c1, Barriers: 5, Oops: 0, ImmediateOops: 0, NonImmediateOops: No
[1,489s][debug][gc,nmethod     ] Register NMethod: java.util.Arrays.fill (0x000074dd3ebf8e08) [0x000074dd3ebf8f00, 0x000074dd3ebf9098] Compiler: jvmci, Barriers: 3, Oops: 0, ImmediateOops: 0, NonImmediateOops: No
[1,490s][debug][gc,nmethod     ] Register NMethod: java.lang.invoke.InvokerBytecodeGenerator.emitStaticInvoke (0x000074dd1f41a588) [0x000074dd1f41a680, 0x000074dd1f41cd00] Compiler: c1, Barriers: 9, Oops: 0, ImmediateOops: 2, NonImmediateOops: No
[1,490s][debug][gc,nmethod     ] Register NMethod: java.lang.invoke.MethodHandle.intrinsicName (0x000074dd1f409508) [0x000074dd1f409600, 0x000074dd1f409708] Compiler: c1, Barriers: 0, Oops: 0, ImmediateOops: 1, NonImmediateOops: No
[1,490s][debug][gc,nmethod     ] Register NMethod: java.util.Collections$EmptyList.size (0x000074dd3ebf8b08) [0x000074dd3ebf8c00, 0x000074dd3ebf8cc0] Compiler: c1, Barriers: 0, Oops: 0, ImmediateOops: 0, NonImmediateOops: No
[1,490s][debug][gc,nmethod     ] Register NMethod: jdk.internal.util.DecimalDigits.uncheckedGetCharsLatin1 (0x000074dd1f88df08) [0x000074dd1f88e000, 0x000074dd1f88e3c0] Compiler: c1, Barriers: 0, Oops: 0, ImmediateOops: 0, NonImmediateOops: No
[1,490s][debug][gc,nmethod     ] Register NMethod: java.lang.invoke.MethodHandle.invokeBasic (0x000074dd3ec37108) [0x000074dd3ec37200, 0x000074dd3ec37498] Compiler: , Barriers: 0, Oops: 0, ImmediateOops: 0, NonImmediateOops: No
[1,490s][debug][gc,nmethod     ] Register NMethod: java.lang.invoke.MethodHandle.linkToSpecial (0x000074dd3ebf8788) [0x000074dd3ebf8880, 0x000074dd3ebf8978] Compiler: , Barriers: 0, Oops: 0, ImmediateOops: 0, NonImmediateOops: No
[1,491s][debug][gc,nmethod     ] Register NMethod: jdk.internal.classfile.impl.UnboundAttribute$UnboundRuntimeVisibleAnnotationsAttribute.annotations (0x000074dd3ec36e08) [0x000074dd3ec36f00, 0x000074dd3ec36fe8] Compiler: c1, Barriers: 1, Oops: 0, ImmediateOops: 0, NonImmediateOops: No
[1,491s][debug][gc,nmethod     ] Register NMethod: java.lang.invoke.BootstrapMethodInvoker.invoke (0x000074dd1f82ae08) [0x000074dd1f82af00, 0x000074dd1f834d18] Compiler: c1, Barriers: 54, Oops: 0, ImmediateOops: 10, NonImmediateOops: No
[1,491s][debug][gc,nmethod     ] Register NMethod: java.lang.invoke.MethodHandle.invokeBasic (0x000074dd3ec36a08) [0x000074dd3ec36b00, 0x000074dd3ec36d98] Compiler: , Barriers: 0, Oops: 0, ImmediateOops: 0, NonImmediateOops: No
[1,491s][debug][gc,nmethod     ] Register NMethod: java.lang.invoke.MethodHandle.linkToSpecial (0x000074dd3ec36708) [0x000074dd3ec36800, 0x000074dd3ec368f8] Compiler: , Barriers: 0, Oops: 0, ImmediateOops: 0, NonImmediateOops: No
[1,491s][debug][gc,nmethod     ] Register NMethod: jdk.internal.classfile.impl.DirectCodeBuilder.storeLocal (0x000074dd1f452a88) [0x000074dd1f452b80, 0x000074dd1f454a08] Compiler: c1, Barriers: 5, Oops: 0, ImmediateOops: 2, NonImmediateOops: No
[1,491s][debug][gc,nmethod     ] Register NMethod: java.nio.Buffer.limit (0x000074dd1f402088) [0x000074dd1f402180, 0x000074dd1f4023f0] Compiler: c1, Barriers: 0, Oops: 0, ImmediateOops: 0, NonImmediateOops: No
[1,492s][debug][gc,nmethod     ] Register NMethod: java.lang.String.rangeCheck (0x000074dd1f457c88) [0x000074dd1f457d80, 0x000074dd1f457fe8] Compiler: c1, Barriers: 0, Oops: 1, ImmediateOops: 1, NonImmediateOops: No
[1,492s][debug][gc,nmethod     ] Register NMethod: java.lang.String.<init> (0x000074dd1f44ff88) [0x000074dd1f450080, 0x000074dd1f4503c0] Compiler: c1, Barriers: 0, Oops: 1, ImmediateOops: 1, NonImmediateOops: No
[1,492s][debug][gc,nmethod     ] Register NMethod: jdk.internal.classfile.impl.StackMapGenerator.processBlock (0x000074dd3ec3ea08) [0x000074dd3ec3eb00, 0x000074dd3ec40828] Compiler: jvmci, Barriers: 32, Oops: 1, ImmediateOops: 14, NonImmediateOops: No
[1,492s][debug][gc,nmethod     ] Register NMethod: java.lang.invoke.MethodHandle.invokeBasic (0x000074dd3ec30d08) [0x000074dd3ec30e00, 0x000074dd3ec31098] Compiler: , Barriers: 0, Oops: 0, ImmediateOops: 0, NonImmediateOops: No
[1,492s][debug][gc,nmethod     ] Register NMethod: java.lang.invoke.MethodHandle.linkToSpecial (0x000074dd3ec36408) [0x000074dd3ec36500, 0x000074dd3ec365f8] Compiler: , Barriers: 0, Oops: 0, ImmediateOops: 0, NonImmediateOops: No
[1,492s][debug][gc,nmethod     ] Register NMethod: java.lang.Class.getClassData (0x000074dd3ec30a08) [0x000074dd3ec30b00, 0x000074dd3ec30be8] Compiler: c1, Barriers: 1, Oops: 0, ImmediateOops: 0, NonImmediateOops: No
[1,492s][debug][gc,nmethod     ] Register NMethod: jdk.internal.classfile.impl.UnboundAttribute$UnboundSourceFileAttribute.sourceFile (0x000074dd3ec30708) [0x000074dd3ec30800, 0x000074dd3ec308e8] Compiler: c1, Barriers: 1, Oops: 0, ImmediateOops: 0, NonImmediateOops: No
[1,492s][debug][gc,nmethod     ] Register NMethod: java.lang.invoke.MethodHandle.invokeBasic (0x000074dd3ec30308) [0x000074dd3ec30400, 0x000074dd3ec30698] Compiler: , Barriers: 0, Oops: 0, ImmediateOops: 0, NonImmediateOops: No
[1,492s][debug][gc,nmethod     ] Register NMethod: java.lang.invoke.MethodHandle.linkToSpecial (0x000074dd3ec2fe88) [0x000074dd3ec2ff80, 0x000074dd3ec30078] Compiler: , Barriers: 0, Oops: 0, ImmediateOops: 0, NonImmediateOops: No
[1,493s][debug][gc,nmethod     ] Register NMethod: java.lang.Class.getEnclosingMethod0 (0x000074dd3ec43688) [0x000074dd3ec43780, 0x000074dd3ec43aa0] Compiler: , Barriers: 0, Oops: 0, ImmediateOops: 0, NonImmediateOops: No
[1,493s][debug][gc,nmethod     ] Register NMethod: sun.invoke.util.Wrapper.basicTypeChar (0x000074dd3ec43388) [0x000074dd3ec43480, 0x000074dd3ec43548] Compiler: c1, Barriers: 0, Oops: 0, ImmediateOops: 0, NonImmediateOops: No
[1,493s][debug][gc,nmethod     ] Register NMethod: sun.invoke.util.Wrapper.forBasicType (0x000074dd1f458308) [0x000074dd1f458400, 0x000074dd1f458878] Compiler: c1, Barriers: 0, Oops: 0, ImmediateOops: 19, NonImmediateOops: No
[1,493s][debug][gc,director    ] Rule Major: Warmup 10%, Used: 68MB, UsedThreshold: 1228MB
[1,493s][debug][gc,nmethod     ] Register NMethod: java.lang.invoke.MethodHandle.invokeBasic (0x000074dd3ec42f88) [0x000074dd3ec43080, 0x000074dd3ec43318] Compiler: , Barriers: 0, Oops: 0, ImmediateOops: 0, NonImmediateOops: No
[1,493s][debug][gc,nmethod     ] Register NMethod: jdk.internal.misc.Unsafe.getUnsafe (0x000074dd1f40b588) [0x000074dd1f40b680, 0x000074dd1f40b768] Compiler: c1, Barriers: 0, Oops: 0, ImmediateOops: 1, NonImmediateOops: No
[1,493s][debug][gc,nmethod     ] Register NMethod: java.lang.invoke.VarHandleReferences$FieldInstanceReadWrite.set (0x000074dd1f46ae08) [0x000074dd1f46af00, 0x000074dd1f46bf28] Compiler: c1, Barriers: 5, Oops: 1, ImmediateOops: 0, NonImmediateOops: No
[1,493s][debug][gc,nmethod     ] Register NMethod: jdk.internal.misc.Unsafe.addressSize (0x000074dd1f423088) [0x000074dd1f423180, 0x000074dd1f423288] Compiler: c1, Barriers: 0, Oops: 0, ImmediateOops: 0, NonImmediateOops: No
[1,493s][debug][gc,nmethod     ] Register NMethod: java.util.concurrent.ConcurrentLinkedDeque$Node.<init> (0x000074dd1f42ae08) [0x000074dd1f42af00, 0x000074dd1f42b058] Compiler: c1, Barriers: 0, Oops: 0, ImmediateOops: 0, NonImmediateOops: No
[1,493s][debug][gc,nmethod     ] Register NMethod: java.lang.invoke.VarHandleReferences$FieldInstanceReadWrite.compareAndSet (0x000074dd1f4c6c08) [0x000074dd1f4c6d00, 0x000074dd1f4c82b8] Compiler: c1, Barriers: 7, Oops: 1, ImmediateOops: 0, NonImmediateOops: No
[1,493s][debug][gc,nmethod     ] Register NMethod: jdk.internal.foreign.NativeMemorySegmentImpl.<init> (0x000074dd1f44e008) [0x000074dd1f44e100, 0x000074dd1f44e5c8] Compiler: c1, Barriers: 3, Oops: 0, ImmediateOops: 1, NonImmediateOops: No
[1,494s][debug][gc,nmethod     ] Register NMethod: jdk.internal.foreign.AbstractMemorySegmentImpl.<init> (0x000074dd1f444308) [0x000074dd1f444400, 0x000074dd1f4445e0] Compiler: c1, Barriers: 3, Oops: 0, ImmediateOops: 0, NonImmediateOops: No
[1,494s][debug][gc,nmethod     ] Register NMethod: jdk.internal.foreign.AbstractMemorySegmentImpl.asSlice (0x000074dd1f471a88) [0x000074dd1f471b80, 0x000074dd1f471e78] Compiler: c1, Barriers: 0, Oops: 0, ImmediateOops: 0, NonImmediateOops: No
[1,494s][debug][gc,nmethod     ] Register NMethod: jdk.internal.foreign.AbstractMemorySegmentImpl.asSlice (0x000074dd1f470508) [0x000074dd1f470600, 0x000074dd1f470af8] Compiler: c1, Barriers: 0, Oops: 0, ImmediateOops: 0, NonImmediateOops: No
[1,494s][debug][gc,nmethod     ] Register NMethod: jdk.internal.foreign.AbstractMemorySegmentImpl.checkBounds (0x000074dd1f4e0688) [0x000074dd1f4e0780, 0x000074dd1f4e0a10] Compiler: c1, Barriers: 0, Oops: 0, ImmediateOops: 0, NonImmediateOops: No
[1,494s][debug][gc,nmethod     ] Register NMethod: java.util.Arrays.fill (0x000074dd3ec42c08) [0x000074dd3ec42d00, 0x000074dd3ec42f28] Compiler: jvmci, Barriers: 6, Oops: 0, ImmediateOops: 0, NonImmediateOops: No
[1,494s][debug][gc,nmethod     ] Register NMethod: jdk.internal.util.Preconditions.checkIndex (0x000074dd1f444f88) [0x000074dd1f445080, 0x000074dd1f445210] Compiler: c1, Barriers: 0, Oops: 0, ImmediateOops: 0, NonImmediateOops: No
[1,494s][debug][gc,nmethod     ] Register NMethod: java.lang.invoke.VarHandleGuards.guard_LL_V (0x000074dd1f8dfa08) [0x000074dd1f8dfb00, 0x000074dd1f8e46e8] Compiler: c1, Barriers: 46, Oops: 1, ImmediateOops: 6, NonImmediateOops: No
[1,494s][debug][gc,nmethod     ] Register NMethod: java.lang.invoke.VarHandleGuards.guard_LLL_Z (0x000074dd1f40ee08) [0x000074dd1f40ef00, 0x000074dd1f411e00] Compiler: c1, Barriers: 28, Oops: 0, ImmediateOops: 2, NonImmediateOops: No
[1,494s][debug][gc,nmethod     ] Register NMethod: jdk.internal.foreign.AbstractMemorySegmentImpl.asSliceNoCheck (0x000074dd1f5a7e08) [0x000074dd1f5a7f00, 0x000074dd1f5a8240] Compiler: c1, Barriers: 1, Oops: 0, ImmediateOops: 0, NonImmediateOops: No
[1,494s][debug][gc,nmethod     ] Register NMethod: java.util.concurrent.ConcurrentLinkedDeque.offerLast (0x000074dd1f44ad88) [0x000074dd1f44ae80, 0x000074dd1f44afb8] Compiler: c1, Barriers: 0, Oops: 0, ImmediateOops: 0, NonImmediateOops: No
[1,494s][debug][gc,nmethod     ] Register NMethod: java.util.concurrent.ConcurrentLinkedDeque.offer (0x000074dd1f451908) [0x000074dd1f451a00, 0x000074dd1f451b98] Compiler: c1, Barriers: 0, Oops: 0, ImmediateOops: 0, NonImmediateOops: No
[1,494s][debug][gc,nmethod     ] Register NMethod: jdk.internal.foreign.NativeMemorySegmentImpl.dup (0x000074dd1f40c008) [0x000074dd1f40c100, 0x000074dd1f40c6f8] Compiler: c1, Barriers: 3, Oops: 0, ImmediateOops: 1, NonImmediateOops: No
[1,494s][debug][gc,nmethod     ] Register NMethod: jdk.internal.foreign.NativeMemorySegmentImpl.dup (0x000074dd1f50d888) [0x000074dd1f50d980, 0x000074dd1f50df18] Compiler: c1, Barriers: 3, Oops: 0, ImmediateOops: 1, NonImmediateOops: No
[1,494s][debug][gc,nmethod     ] Register NMethod: java.lang.Class.cast (0x000074dd3ec42908) [0x000074dd3ec42a00, 0x000074dd3ec42bf0] Compiler: jvmci, Barriers: 0, Oops: 0, ImmediateOops: 0, NonImmediateOops: No
[1,494s][debug][gc,nmethod     ] Register NMethod: jdk.internal.misc.Unsafe.weakCompareAndSetReference (0x000074dd1f479c88) [0x000074dd1f479d80, 0x000074dd1f479f00] Compiler: c1, Barriers: 5, Oops: 0, ImmediateOops: 0, NonImmediateOops: No
[1,495s][debug][gc,nmethod     ] Register NMethod: java.util.concurrent.ConcurrentLinkedDeque.newNode (0x000074dd1f88c208) [0x000074dd1f88c300, 0x000074dd1f88d4d0] Compiler: c1, Barriers: 3, Oops: 6, ImmediateOops: 7, NonImmediateOops: No
[1,495s][debug][gc,nmethod     ] Register NMethod: java.lang.invoke.VarHandleReferences$FieldInstanceReadWrite.weakCompareAndSet (0x000074dd1f4c4908) [0x000074dd1f4c4a00, 0x000074dd1f4c6138] Compiler: c1, Barriers: 2, Oops: 1, ImmediateOops: 1, NonImmediateOops: No
[1,495s][debug][gc,nmethod     ] Register NMethod: java.lang.invoke.VarForm.getMemberName (0x000074dd3ec42508) [0x000074dd3ec42600, 0x000074dd3ec427c0] Compiler: jvmci, Barriers: 2, Oops: 0, ImmediateOops: 0, NonImmediateOops: No
[1,495s][debug][gc,nmethod     ] Register NMethod: java.util.concurrent.ConcurrentLinkedDeque.linkLast (0x000074dd1f8e4708) [0x000074dd1f8e4800, 0x000074dd1f8e98f8] Compiler: c1, Barriers: 16, Oops: 13, ImmediateOops: 33, NonImmediateOops: No
[1,495s][debug][gc,nmethod     ] Register NMethod: jdk.internal.misc.Unsafe.weakCompareAndSetReference (0x000074dd3ec4b788) [0x000074dd3ec4b880, 0x000074dd3ec4b970] Compiler: jvmci, Barriers: 5, Oops: 0, ImmediateOops: 0, NonImmediateOops: No
[1,498s][debug][gc,nmethod     ] Register NMethod: java.lang.StringUTF16.compress (0x000074dd3ec4b108) [0x000074dd3ec4b2c0, 0x000074dd3ec4b718] Compiler: jvmci, Barriers: 0, Oops: 0, ImmediateOops: 0, NonImmediateOops: No
[1,498s][debug][gc,nmethod     ] Register NMethod: java.lang.invoke.VarHandle.checkAccessModeThenIsDirect (0x000074dd3ec4aa88) [0x000074dd3ec4ab80, 0x000074dd3ec4b0e8] Compiler: jvmci, Barriers: 15, Oops: 0, ImmediateOops: 2, NonImmediateOops: No
[1,499s][debug][gc,nmethod     ] Register NMethod: java.lang.invoke.VarHandleGuards.guard_LL_V (0x000074dd3ec49508) [0x000074dd3ec49600, 0x000074dd3ec49e90] Compiler: jvmci, Barriers: 26, Oops: 0, ImmediateOops: 5, NonImmediateOops: No
[1,500s][debug][gc,nmethod     ] Register NMethod: jdk.internal.foreign.AbstractMemorySegmentImpl.asSlice (0x000074dd3ec4a788) [0x000074dd3ec4a880, 0x000074dd3ec4aa68] Compiler: jvmci, Barriers: 3, Oops: 0, ImmediateOops: 0, NonImmediateOops: No
[1,500s][debug][gc,nmethod     ] Register NMethod: jdk.internal.classfile.impl.SplitConstantPool.utf8Entry (0x000074dd3ec32388) [0x000074dd3ec324a0, 0x000074dd3ec33a08] Compiler: jvmci, Barriers: 36, Oops: 0, ImmediateOops: 2, NonImmediateOops: No
[1,502s][debug][gc,nmethod     ] Register NMethod: io.sirix.cache.LinuxMemorySegmentAllocator.partitionVirtualRegion (0x000074dd1f419008) [0x000074dd1f419100, 0x000074dd1f41a080] Compiler: c1, Barriers: 7, Oops: 4, ImmediateOops: 5, NonImmediateOops: No
[1,502s][debug][gc,nmethod     ] Register NMethod: io.sirix.cache.LinuxMemorySegmentAllocator.partitionVirtualRegion (0x000074dd1f491608) [0x000074dd1f491700, 0x000074dd1f492518] Compiler: c1, Barriers: 7, Oops: 4, ImmediateOops: 5, NonImmediateOops: No
[1,502s][debug][gc,nmethod     ] Register NMethod: java.util.concurrent.ConcurrentLinkedDeque.linkLast (0x000074dd3ec49008) [0x000074dd3ec49100, 0x000074dd3ec494d8] Compiler: jvmci, Barriers: 18, Oops: 1, ImmediateOops: 0, NonImmediateOops: No
[1,503s][debug][gc,nmethod     ] Register NMethod: jdk.internal.foreign.AbstractMemorySegmentImpl.asSlice (0x000074dd3ec4a308) [0x000074dd3ec4a400, 0x000074dd3ec4a5e8] Compiler: jvmci, Barriers: 3, Oops: 0, ImmediateOops: 0, NonImmediateOops: No
[1,503s][debug][gc,director    ] Rule Major: Warmup 10%, Used: 80MB, UsedThreshold: 1228MB
[1,503s][debug][gc,nmethod     ] Register NMethod: jdk.internal.foreign.AbstractMemorySegmentImpl.asSliceNoCheck (0x000074dd3ec48d08) [0x000074dd3ec48e00, 0x000074dd3ec48f78] Compiler: jvmci, Barriers: 3, Oops: 0, ImmediateOops: 0, NonImmediateOops: No
[1,503s][debug][gc,nmethod     ] Register NMethod: java.util.concurrent.ConcurrentLinkedDeque.offer (0x000074dd3ec48688) [0x000074dd3ec48780, 0x000074dd3ec48b58] Compiler: jvmci, Barriers: 18, Oops: 1, ImmediateOops: 0, NonImmediateOops: No
[1,504s][debug][gc,nmethod     ] Register NMethod: jdk.internal.foreign.NativeMemorySegmentImpl.dup (0x000074dd3ebf7e88) [0x000074dd3ebf7fa0, 0x000074dd3ebf80f0] Compiler: jvmci, Barriers: 2, Oops: 0, ImmediateOops: 0, NonImmediateOops: No
[1,504s][debug][gc,nmethod     ] Register NMethod: java.lang.invoke.VarHandleGuards.guard_LLL_Z (0x000074dd3ebf7408) [0x000074dd3ebf7520, 0x000074dd3ebf7e08] Compiler: jvmci, Barriers: 26, Oops: 0, ImmediateOops: 5, NonImmediateOops: No
[1,511s][debug][gc,nmethod     ] Register NMethod: io.sirix.cache.LinuxMemorySegmentAllocator.partitionVirtualRegion (0x000074dd3ec79308) [0x000074dd3ec79400, 0x000074dd3ec7a368] Compiler: jvmci, Barriers: 57, Oops: 3, ImmediateOops: 0, NonImmediateOops: No
[1,513s][debug][gc,director    ] Rule Major: Warmup 10%, Used: 116MB, UsedThreshold: 1228MB
[1,521s][debug][gc,alloc       ] Mutator Allocation Rate: 364,5MB/s Predicted: 524,2MB/s, Avg: 284,7(+/-79,8)MB/s
[1,521s][debug][gc,director    ] Rule Major: Warmup 10%, Used: 146MB, UsedThreshold: 1228MB
[1,523s][debug][gc,nmethod     ] Register NMethod: java.util.concurrent.CopyOnWriteArrayList.getArray (0x000074dd3ebf7108) [0x000074dd3ebf7200, 0x000074dd3ebf72e8] Compiler: c1, Barriers: 1, Oops: 0, ImmediateOops: 0, NonImmediateOops: No
[1,531s][debug][gc,director    ] Rule Major: Warmup 10%, Used: 186MB, UsedThreshold: 1228MB
[1,534s][debug][gc,nmethod     ] Register NMethod: io.sirix.cache.LinuxMemorySegmentAllocator.partitionVirtualRegion (0x000074dd3ec7a388) [0x000074dd3ec7a480, 0x000074dd3ec7b5c0] Compiler: jvmci, Barriers: 60, Oops: 10, ImmediateOops: 2, NonImmediateOops: No
[1,541s][debug][gc,director    ] Rule Major: Warmup 10%, Used: 226MB, UsedThreshold: 1228MB
[1,542s][debug][gc,nmethod     ] Register NMethod: io.sirix.cache.LinuxMemorySegmentAllocator.partitionVirtualRegion (0x000074dd3ec7b688) [0x000074dd3ec7b780, 0x000074dd3ec7c5e8] Compiler: jvmci, Barriers: 43, Oops: 12, ImmediateOops: 2, NonImmediateOops: No
[1,544s][debug][gc,nmethod     ] Register NMethod: java.lang.Module.canRead (0x000074dd1f43e608) [0x000074dd1f43e700, 0x000074dd1f441650] Compiler: c1, Barriers: 16, Oops: 3, ImmediateOops: 10, NonImmediateOops: No
[1,546s][debug][gc,nmethod     ] Register NMethod: java.lang.classfile.CodeBuilder.invoke (0x000074dd1f424308) [0x000074dd1f424400, 0x000074dd1f424f90] Compiler: c1, Barriers: 0, Oops: 0, ImmediateOops: 0, NonImmediateOops: No
[1,549s][debug][gc,nmethod     ] Register NMethod: java.lang.invoke.MethodHandle.linkToSpecial (0x000074dd3ebf6e08) [0x000074dd3ebf6f00, 0x000074dd3ebf6ff8] Compiler: , Barriers: 0, Oops: 0, ImmediateOops: 0, NonImmediateOops: No
[1,549s][debug][gc,nmethod     ] Register NMethod: java.lang.reflect.Modifier.isFinal (0x000074dd1f47ee08) [0x000074dd1f47ef00, 0x000074dd1f47f030] Compiler: c1, Barriers: 0, Oops: 0, ImmediateOops: 0, NonImmediateOops: No
[1,549s][debug][gc,nmethod     ] Register NMethod: java.util.logging.LogManager.getProperty (0x000074dd1f529608) [0x000074dd1f529700, 0x000074dd1f529a40] Compiler: c1, Barriers: 1, Oops: 0, ImmediateOops: 0, NonImmediateOops: No
[1,549s][debug][gc,nmethod     ] Register NMethod: java.lang.invoke.DirectMethodHandle$Holder.invokeStatic (0x000074dd1f413b08) [0x000074dd1f413c00, 0x000074dd1f413fc8] Compiler: c1, Barriers: 1, Oops: 0, ImmediateOops: 0, NonImmediateOops: No
[1,549s][debug][gc,nmethod     ] Register NMethod: java.lang.invoke.LambdaForm$MH/0x000000006909cc00.invoke (0x000074dd1f490508) [0x000074dd1f490600, 0x000074dd1f490d68] Compiler: c1, Barriers: 2, Oops: 1, ImmediateOops: 0, NonImmediateOops: No
[1,549s][debug][gc,nmethod     ] Register NMethod: java.lang.invoke.MethodHandle.invokeBasic (0x000074dd3ebf6788) [0x000074dd3ebf6880, 0x000074dd3ebf6b18] Compiler: , Barriers: 0, Oops: 0, ImmediateOops: 0, NonImmediateOops: No
[1,549s][debug][gc,nmethod     ] Register NMethod: java.lang.invoke.MethodHandle.linkToSpecial (0x000074dd3ec7c688) [0x000074dd3ec7c780, 0x000074dd3ec7c878] Compiler: , Barriers: 0, Oops: 0, ImmediateOops: 0, NonImmediateOops: No
[1,550s][debug][gc,nmethod     ] Register NMethod: java.lang.invoke.InvokerBytecodeGenerator.isStaticallyNameable (0x000074dd1f45d488) [0x000074dd1f45d580, 0x000074dd1f45ebd0] Compiler: c1, Barriers: 3, Oops: 1, ImmediateOops: 5, NonImmediateOops: No
[1,550s][debug][gc,nmethod     ] Register NMethod: java.lang.StringConcatHelper.simpleConcat (0x000074dd1f487108) [0x000074dd1f487200, 0x000074dd1f489eb0] Compiler: c1, Barriers: 6, Oops: 0, ImmediateOops: 6, NonImmediateOops: No
[1,551s][debug][gc,nmethod     ] Register NMethod: jdk.internal.loader.URLClassPath$JarLoader$1.getCodeSourceURL (0x000074dd3ec7c988) [0x000074dd3ec7ca80, 0x000074dd3ec7cb88] Compiler: jvmci, Barriers: 2, Oops: 0, ImmediateOops: 0, NonImmediateOops: No
[1,551s][debug][gc,director    ] Rule Major: Warmup 10%, Used: 232MB, UsedThreshold: 1228MB
[1,552s][debug][gc,nmethod     ] Register NMethod: java.lang.invoke.MethodHandle.linkToStatic (0x000074dd3ec7cc88) [0x000074dd3ec7cd80, 0x000074dd3ec7ce70] Compiler: , Barriers: 0, Oops: 0, ImmediateOops: 0, NonImmediateOops: No
[1,555s][debug][gc,nmethod     ] Register NMethod: java.lang.invoke.Invokers.maybeCustomize (0x000074dd1f486c08) [0x000074dd1f486d00, 0x000074dd1f486fd8] Compiler: c1, Barriers: 0, Oops: 0, ImmediateOops: 0, NonImmediateOops: No
[1,555s][debug][gc,nmethod     ] Register NMethod: java.lang.invoke.MethodHandle.maybeCustomize (0x000074dd1f407808) [0x000074dd1f407900, 0x000074dd1f407f98] Compiler: c1, Barriers: 2, Oops: 0, ImmediateOops: 0, NonImmediateOops: No
[1,555s][debug][gc,nmethod     ] Register NMethod: java.lang.invoke.Invokers.checkCustomized (0x000074dd1f471108) [0x000074dd1f471200, 0x000074dd1f471420] Compiler: c1, Barriers: 2, Oops: 0, ImmediateOops: 0, NonImmediateOops: No
[1,556s][debug][gc,nmethod     ] Register NMethod: java.lang.invoke.TypeConvertingMethodAdapter.convertType (0x000074dd1f8e9988) [0x000074dd1f8e9a80, 0x000074dd1f8eedb8] Compiler: c1, Barriers: 0, Oops: 3, ImmediateOops: 31, NonImmediateOops: No
[1,556s][debug][gc,alloc       ] Mutator Allocation Rate: 551,2MB/s Predicted: 719,8MB/s, Avg: 373,5(+/-141,5)MB/s
[1,557s][debug][gc,director    ] Rule Major: Warmup 10%, Used: 264MB, UsedThreshold: 1228MB
[1,558s][debug][gc,nmethod     ] Register NMethod: java.lang.Object.<init> (0x000074dd3ec7cf88) [0x000074dd3ec7d080, 0x000074dd3ec7d138] Compiler: jvmci, Barriers: 0, Oops: 0, ImmediateOops: 0, NonImmediateOops: No
[1,560s][debug][gc,nmethod     ] Register NMethod: java.lang.Integer.hashCode (0x000074dd3ec7d288) [0x000074dd3ec7d380, 0x000074dd3ec7d408] Compiler: jvmci, Barriers: 0, Oops: 0, ImmediateOops: 0, NonImmediateOops: No
[1,560s][debug][gc,nmethod     ] Register NMethod: java.net.URL.<init> (0x000074dd3ec7d588) [0x000074dd3ec7d680, 0x000074dd3ec7e940] Compiler: jvmci, Barriers: 52, Oops: 1, ImmediateOops: 0, NonImmediateOops: No
[1,566s][debug][gc,nmethod     ] Register NMethod: java.lang.invoke.MethodHandle.asTypeCached (0x000074dd1f62fc88) [0x000074dd1f62fd80, 0x000074dd1f6304a0] Compiler: c1, Barriers: 4, Oops: 0, ImmediateOops: 0, NonImmediateOops: No
[1,567s][debug][gc,director    ] Rule Major: Warmup 10%, Used: 266MB, UsedThreshold: 1228MB
[1,567s][debug][gc,nmethod     ] Register NMethod: java.lang.reflect.Constructor.getDeclaringClass (0x000074dd3ec7e988) [0x000074dd3ec7ea80, 0x000074dd3ec7eb68] Compiler: c1, Barriers: 1, Oops: 0, ImmediateOops: 0, NonImmediateOops: No
[1,568s][debug][gc,nmethod     ] Register NMethod: java.lang.invoke.Invokers.checkExactType (0x000074dd1f41e408) [0x000074dd1f41e500, 0x000074dd1f41e860] Compiler: c1, Barriers: 1, Oops: 0, ImmediateOops: 0, NonImmediateOops: No
[1,571s][debug][gc,nmethod     ] Register NMethod: java.util.RegularEnumSet.contains (0x000074dd1f51c908) [0x000074dd1f51ca00, 0x000074dd1f51d4a0] Compiler: c1, Barriers: 3, Oops: 0, ImmediateOops: 0, NonImmediateOops: No
[1,572s][debug][gc,nmethod     ] Register NMethod: jdk.internal.classfile.impl.StackMapGenerator$Frame.getLocal (0x000074dd1f41f108) [0x000074dd1f41f200, 0x000074dd1f41f630] Compiler: c1, Barriers: 2, Oops: 0, ImmediateOops: 0, NonImmediateOops: No
[1,572s][debug][gc,nmethod     ] Register NMethod: jdk.internal.classfile.impl.RawBytecodeHelper.isStoreIntoLocal (0x000074dd3ec7ec88) [0x000074dd3ec7ed80, 0x000074dd3ec7edf8] Compiler: jvmci, Barriers: 0, Oops: 0, ImmediateOops: 0, NonImmediateOops: No
[1,574s][debug][gc,nmethod     ] Register NMethod: java.lang.invoke.MethodHandles$Lookup.resolveOrFail (0x000074dd1f5e5a08) [0x000074dd1f5e5b00, 0x000074dd1f5e78f0] Compiler: c1, Barriers: 7, Oops: 1, ImmediateOops: 3, NonImmediateOops: No
[1,574s][debug][gc,nmethod     ] Register NMethod: java.lang.invoke.MethodHandles$Lookup.getDirectMethodForConstant (0x000074dd1f420308) [0x000074dd1f420400, 0x000074dd1f422520] Compiler: c1, Barriers: 0, Oops: 1, ImmediateOops: 4, NonImmediateOops: No
[1,575s][debug][gc,nmethod     ] Register NMethod: java.util.Arrays.fill (0x000074dd3ec7ef88) [0x000074dd3ec7f080, 0x000074dd3ec7f318] Compiler: jvmci, Barriers: 3, Oops: 0, ImmediateOops: 0, NonImmediateOops: No
[1,576s][debug][gc,nmethod     ] Register NMethod: java.lang.invoke.MethodHandles$Lookup.canBeCached (0x000074dd1f607908) [0x000074dd1f607a00, 0x000074dd1f60a240] Compiler: c1, Barriers: 8, Oops: 1, ImmediateOops: 1, NonImmediateOops: No
[1,576s][debug][gc,nmethod     ] Register NMethod: java.lang.invoke.MethodHandle.linkToStatic (0x000074dd3ec7f388) [0x000074dd3ec7f480, 0x000074dd3ec7f570] Compiler: , Barriers: 0, Oops: 0, ImmediateOops: 0, NonImmediateOops: No
[1,576s][debug][gc,nmethod     ] Register NMethod: java.lang.invoke.MethodHandle.linkToSpecial (0x000074dd3ec7f688) [0x000074dd3ec7f780, 0x000074dd3ec7f878] Compiler: , Barriers: 0, Oops: 0, ImmediateOops: 0, NonImmediateOops: No
[1,577s][debug][gc,nmethod     ] Register NMethod: java.lang.invoke.MethodHandle.invokeBasic (0x000074dd3ec7f988) [0x000074dd3ec7fa80, 0x000074dd3ec7fd18] Compiler: , Barriers: 0, Oops: 0, ImmediateOops: 0, NonImmediateOops: No
[1,577s][debug][gc,nmethod     ] Register NMethod: java.lang.invoke.MethodHandle.linkToSpecial (0x000074dd3ec7fd88) [0x000074dd3ec7fe80, 0x000074dd3ec7ff78] Compiler: , Barriers: 0, Oops: 0, ImmediateOops: 0, NonImmediateOops: No
[1,577s][debug][gc,director    ] Rule Major: Warmup 10%, Used: 268MB, UsedThreshold: 1228MB
[1,577s][debug][gc,nmethod     ] Register NMethod: java.lang.Long.numberOfLeadingZeros (0x000074dd1f48a688) [0x000074dd1f48a780, 0x000074dd1f48a928] Compiler: c1, Barriers: 0, Oops: 0, ImmediateOops: 0, NonImmediateOops: No
[1,577s][debug][gc,nmethod     ] Register NMethod: java.util.Formatter$Flags.contains (0x000074dd1f48ac88) [0x000074dd1f48ad80, 0x000074dd1f48aeb0] Compiler: c1, Barriers: 0, Oops: 0, ImmediateOops: 0, NonImmediateOops: No
[1,577s][debug][gc,nmethod     ] Register NMethod: jdk.internal.misc.Unsafe.putInt (0x000074dd3ec80088) [0x000074dd3ec80180, 0x000074dd3ec802d8] Compiler: , Barriers: 0, Oops: 0, ImmediateOops: 0, NonImmediateOops: No
[1,577s][debug][gc,nmethod     ] Register NMethod: java.nio.ByteBuffer.arrayOffset (0x000074dd1f607508) [0x000074dd1f607600, 0x000074dd1f6078e0] Compiler: c1, Barriers: 1, Oops: 0, ImmediateOops: 0, NonImmediateOops: No
[1,578s][debug][gc,nmethod     ] Register NMethod: java.nio.CharBuffer.arrayOffset (0x000074dd1f5e5488) [0x000074dd1f5e5580, 0x000074dd1f5e5860] Compiler: c1, Barriers: 1, Oops: 0, ImmediateOops: 0, NonImmediateOops: No
[1,578s][debug][gc,nmethod     ] Register NMethod: java.nio.ByteBuffer.position (0x000074dd1f450a08) [0x000074dd1f450b00, 0x000074dd1f450e00] Compiler: c1, Barriers: 0, Oops: 0, ImmediateOops: 0, NonImmediateOops: No
[1,578s][debug][gc,nmethod     ] Register NMethod: java.nio.charset.CoderResult.isUnderflow (0x000074dd1f492a08) [0x000074dd1f492b00, 0x000074dd1f492c50] Compiler: c1, Barriers: 0, Oops: 0, ImmediateOops: 0, NonImmediateOops: No
[1,578s][debug][gc,nmethod     ] Register NMethod: java.nio.Buffer.<init> (0x000074dd1f425f08) [0x000074dd1f426000, 0x000074dd1f4279f8] Compiler: c1, Barriers: 3, Oops: 3, ImmediateOops: 4, NonImmediateOops: No
[1,578s][debug][gc,nmethod     ] Register NMethod: java.nio.Buffer.capacity (0x000074dd3ec80388) [0x000074dd3ec80480, 0x000074dd3ec80540] Compiler: c1, Barriers: 0, Oops: 0, ImmediateOops: 0, NonImmediateOops: No
[1,578s][debug][gc,nmethod     ] Register NMethod: java.lang.String.checkBoundsOffCount (0x000074dd3ec80688) [0x000074dd3ec80780, 0x000074dd3ec80830] Compiler: jvmci, Barriers: 0, Oops: 0, ImmediateOops: 0, NonImmediateOops: No
[1,578s][debug][gc,nmethod     ] Register NMethod: sun.nio.fs.UnixPath.toUnixPath (0x000074dd1f41fa88) [0x000074dd1f41fb80, 0x000074dd1f420200] Compiler: c1, Barriers: 0, Oops: 0, ImmediateOops: 0, NonImmediateOops: No
[1,578s][debug][gc,nmethod     ] Register NMethod: sun.nio.fs.UnixPath.<init> (0x000074dd1f527688) [0x000074dd1f527780, 0x000074dd1f5279c8] Compiler: c1, Barriers: 6, Oops: 0, ImmediateOops: 0, NonImmediateOops: No
[1,581s][debug][gc,nmethod     ] Register NMethod: jdk.internal.classfile.impl.StackMapGenerator.processBlock (0x000074dd1f8eee08) [0x000074dd1f8eef00, 0x000074dd1f91eda0] Compiler: c1, Barriers: 294, Oops: 4, ImmediateOops: 159, NonImmediateOops: No
[1,582s][debug][gc,nmethod     ] Register NMethod: sun.net.util.IPAddressUtil.checkHostString (0x000074dd3ec80988) [0x000074dd3ec80a80, 0x000074dd3ec80be8] Compiler: jvmci, Barriers: 1, Oops: 0, ImmediateOops: 0, NonImmediateOops: No
[1,585s][debug][gc,nmethod     ] Register NMethod: java.lang.Math.clamp (0x000074dd3ec80c88) [0x000074dd3ec80d80, 0x000074dd3ec80e30] Compiler: jvmci, Barriers: 0, Oops: 0, ImmediateOops: 0, NonImmediateOops: No
[1,587s][debug][gc,director    ] Rule Major: Warmup 10%, Used: 270MB, UsedThreshold: 1228MB
[1,588s][debug][gc,nmethod     ] Register NMethod: java.lang.String.indexOf (0x000074dd3ec80f88) [0x000074dd3ec81080, 0x000074dd3ec812d8] Compiler: jvmci, Barriers: 1, Oops: 0, ImmediateOops: 0, NonImmediateOops: No
[1,589s][debug][gc,nmethod     ] Register NMethod: java.util.Locale.getDefault (0x000074dd1f4e8488) [0x000074dd1f4e8580, 0x000074dd1f4e86a8] Compiler: c1, Barriers: 1, Oops: 0, ImmediateOops: 1, NonImmediateOops: No
[1,589s][debug][gc,nmethod     ] Register NMethod: java.lang.String.toLowerCase (0x000074dd1f478e08) [0x000074dd1f478f00, 0x000074dd1f479668] Compiler: c1, Barriers: 3, Oops: 0, ImmediateOops: 1, NonImmediateOops: No
[1,591s][debug][gc,nmethod     ] Register NMethod: com.google.protobuf.GeneratedMessageV3$Builder.onChanged (0x000074dd1f46ec08) [0x000074dd1f46ed00, 0x000074dd1f46f0a0] Compiler: c1, Barriers: 1, Oops: 1, ImmediateOops: 0, NonImmediateOops: No
[1,592s][debug][gc,nmethod     ] Register NMethod: java.nio.CharBuffer.position (0x000074dd1f46f888) [0x000074dd1f46f980, 0x000074dd1f46fce0] Compiler: c1, Barriers: 0, Oops: 0, ImmediateOops: 0, NonImmediateOops: No
[1,592s][debug][gc,nmethod     ] Register NMethod: java.nio.CharBuffer.position (0x000074dd1f508c08) [0x000074dd1f508d00, 0x000074dd1f508e48] Compiler: c1, Barriers: 0, Oops: 0, ImmediateOops: 0, NonImmediateOops: No
[1,592s][debug][gc,nmethod     ] Register NMethod: java.nio.Buffer.remaining (0x000074dd1f526788) [0x000074dd1f526880, 0x000074dd1f5269f0] Compiler: c1, Barriers: 0, Oops: 0, ImmediateOops: 0, NonImmediateOops: No
[1,592s][debug][gc,nmethod     ] Register NMethod: sun.net.www.ParseUtil.encodePath (0x000074dd3ec81308) [0x000074dd3ec81400, 0x000074dd3ec81880] Compiler: jvmci, Barriers: 1, Oops: 0, ImmediateOops: 0, NonImmediateOops: No
[1,592s][debug][gc,nmethod     ] Register NMethod: java.lang.Float.floatToRawIntBits (0x000074dd3ec81888) [0x000074dd3ec81980, 0x000074dd3ec81ad8] Compiler: , Barriers: 0, Oops: 0, ImmediateOops: 1, NonImmediateOops: No
[1,592s][debug][gc,nmethod     ] Register NMethod: java.nio.charset.CharsetEncoder.maxBytesPerChar (0x000074dd3ec81b88) [0x000074dd3ec81c80, 0x000074dd3ec81d40] Compiler: c1, Barriers: 0, Oops: 0, ImmediateOops: 0, NonImmediateOops: No
[1,592s][debug][gc,nmethod     ] Register NMethod: java.lang.StringCoding.implEncodeAsciiArray (0x000074dd1f527d88) [0x000074dd1f527e80, 0x000074dd1f5280a8] Compiler: c1, Barriers: 0, Oops: 0, ImmediateOops: 0, NonImmediateOops: No
[1,593s][debug][gc,nmethod     ] Register NMethod: java.nio.ByteBuffer.array (0x000074dd1f551688) [0x000074dd1f551780, 0x000074dd1f551a60] Compiler: c1, Barriers: 1, Oops: 0, ImmediateOops: 0, NonImmediateOops: No
[1,593s][debug][gc,nmethod     ] Register NMethod: java.nio.ByteBuffer.hasArray (0x000074dd1f577088) [0x000074dd1f577180, 0x000074dd1f577330] Compiler: c1, Barriers: 1, Oops: 0, ImmediateOops: 0, NonImmediateOops: No
[1,593s][debug][gc,nmethod     ] Register NMethod: java.nio.CharBuffer.hasArray (0x000074dd1f583f08) [0x000074dd1f584000, 0x000074dd1f5841b0] Compiler: c1, Barriers: 1, Oops: 0, ImmediateOops: 0, NonImmediateOops: No
[1,593s][debug][gc,nmethod     ] Register NMethod: java.nio.charset.CoderResult.isOverflow (0x000074dd1f5b2788) [0x000074dd1f5b2880, 0x000074dd1f5b29d0] Compiler: c1, Barriers: 0, Oops: 0, ImmediateOops: 0, NonImmediateOops: No
[1,593s][debug][gc,nmethod     ] Register NMethod: sun.nio.cs.UTF_8.updatePositions (0x000074dd1f4dda08) [0x000074dd1f4ddb00, 0x000074dd1f4de428] Compiler: c1, Barriers: 0, Oops: 0, ImmediateOops: 0, NonImmediateOops: No
[1,593s][debug][gc,nmethod     ] Register NMethod: java.nio.CharBuffer.array (0x000074dd1f42bc88) [0x000074dd1f42bd80, 0x000074dd1f42c060] Compiler: c1, Barriers: 1, Oops: 0, ImmediateOops: 0, NonImmediateOops: No
[1,593s][debug][gc,nmethod     ] Register NMethod: java.nio.CharBuffer.limit (0x000074dd1f42b808) [0x000074dd1f42b900, 0x000074dd1f42bc60] Compiler: c1, Barriers: 0, Oops: 0, ImmediateOops: 0, NonImmediateOops: No
[1,593s][debug][gc,nmethod     ] Register NMethod: java.nio.CharBuffer.limit (0x000074dd1f42b508) [0x000074dd1f42b600, 0x000074dd1f42b748] Compiler: c1, Barriers: 0, Oops: 0, ImmediateOops: 0, NonImmediateOops: No
[1,593s][debug][gc,nmethod     ] Register NMethod: java.nio.CharBuffer.<init> (0x000074dd1f62f108) [0x000074dd1f62f200, 0x000074dd1f62f3d0] Compiler: c1, Barriers: 3, Oops: 0, ImmediateOops: 0, NonImmediateOops: No
[1,594s][debug][gc,nmethod     ] Register NMethod: com.google.gson.stream.JsonReader.nextNonWhitespace (0x000074dd1f634b08) [0x000074dd1f634c00, 0x000074dd1f6388a8] Compiler: c1, Barriers: 1, Oops: 4, ImmediateOops: 9, NonImmediateOops: No
[1,595s][debug][gc,nmethod     ] Register NMethod: java.net.URLStreamHandler.setURL (0x000074dd3ec81e88) [0x000074dd3ec81f80, 0x000074dd3ec82c30] Compiler: jvmci, Barriers: 32, Oops: 1, ImmediateOops: 1, NonImmediateOops: No
[1,597s][debug][gc,director    ] Rule Major: Warmup 10%, Used: 272MB, UsedThreshold: 1228MB
[1,601s][debug][gc,nmethod     ] Register NMethod: sun.nio.fs.UnixPath.getFileSystem (0x000074dd1f633e08) [0x000074dd1f633f00, 0x000074dd1f634058] Compiler: c1, Barriers: 1, Oops: 0, ImmediateOops: 0, NonImmediateOops: No
[1,601s][debug][gc,nmethod     ] Register NMethod: java.util.WeakHashMap.hash (0x000074dd3ec82c88) [0x000074dd3ec82d80, 0x000074dd3ec82ed0] Compiler: jvmci, Barriers: 0, Oops: 0, ImmediateOops: 0, NonImmediateOops: No
[1,604s][debug][gc,nmethod     ] Register NMethod: java.util.zip.Inflater.ensureOpen (0x000074dd3ec82f88) [0x000074dd3ec83080, 0x000074dd3ec83188] Compiler: jvmci, Barriers: 1, Oops: 0, ImmediateOops: 0, NonImmediateOops: No
[1,605s][debug][gc,nmethod     ] Register NMethod: jdk.internal.misc.Unsafe.putLongUnaligned (0x000074dd1f4e7088) [0x000074dd1f4e7180, 0x000074dd1f4e75b8] Compiler: c1, Barriers: 0, Oops: 0, ImmediateOops: 0, NonImmediateOops: No
[1,606s][debug][gc,nmethod     ] Register NMethod: java.lang.invoke.MethodHandle.linkToSpecial (0x000074dd3ec83288) [0x000074dd3ec83380, 0x000074dd3ec83478] Compiler: , Barriers: 0, Oops: 0, ImmediateOops: 0, NonImmediateOops: No
[1,607s][debug][gc,director    ] Rule Major: Warmup 10%, Used: 272MB, UsedThreshold: 1228MB
[1,611s][debug][gc,nmethod     ] Register NMethod: java.lang.Class.desiredAssertionStatus (0x000074dd1f67ad88) [0x000074dd1f67ae80, 0x000074dd1f67b7e0] Compiler: c1, Barriers: 4, Oops: 0, ImmediateOops: 0, NonImmediateOops: No
[1,617s][debug][gc,director    ] Rule Major: Warmup 10%, Used: 274MB, UsedThreshold: 1228MB
[1,619s][debug][gc,nmethod     ] Register NMethod: java.lang.invoke.MethodHandle.linkToSpecial (0x000074dd3ec83588) [0x000074dd3ec83680, 0x000074dd3ec83778] Compiler: , Barriers: 0, Oops: 0, ImmediateOops: 0, NonImmediateOops: No
[1,619s][debug][gc,nmethod     ] Register NMethod: java.lang.invoke.MethodHandle.linkToSpecial (0x000074dd3ec83888) [0x000074dd3ec83980, 0x000074dd3ec83a78] Compiler: , Barriers: 0, Oops: 0, ImmediateOops: 0, NonImmediateOops: No
[1,619s][debug][gc,nmethod     ] Register NMethod: java.lang.invoke.MethodHandle.linkToSpecial (0x000074dd3ec83b88) [0x000074dd3ec83c80, 0x000074dd3ec83d78] Compiler: , Barriers: 0, Oops: 0, ImmediateOops: 0, NonImmediateOops: No
[1,619s][debug][gc,nmethod     ] Register NMethod: java.lang.invoke.MemberName.getFactory (0x000074dd1f683788) [0x000074dd1f683880, 0x000074dd1f683968] Compiler: c1, Barriers: 0, Oops: 0, ImmediateOops: 1, NonImmediateOops: No
[1,622s][debug][gc,nmethod     ] Register NMethod: java.lang.String.indexOf (0x000074dd3ec83e88) [0x000074dd3ec83f80, 0x000074dd3ec84258] Compiler: jvmci, Barriers: 2, Oops: 0, ImmediateOops: 0, NonImmediateOops: No
[1,623s][debug][gc,nmethod     ] Register NMethod: java.lang.Long.hashCode (0x000074dd1f792188) [0x000074dd1f792280, 0x000074dd1f7923b8] Compiler: c1, Barriers: 0, Oops: 0, ImmediateOops: 0, NonImmediateOops: No
[1,624s][debug][gc,nmethod     ] Register NMethod: java.util.concurrent.atomic.AtomicLong.get (0x000074dd3ec84288) [0x000074dd3ec84380, 0x000074dd3ec84448] Compiler: c1, Barriers: 0, Oops: 0, ImmediateOops: 0, NonImmediateOops: No
[1,625s][debug][gc,nmethod     ] Register NMethod: java.lang.invoke.MethodHandle.linkToSpecial (0x000074dd3ec84588) [0x000074dd3ec84680, 0x000074dd3ec84778] Compiler: , Barriers: 0, Oops: 0, ImmediateOops: 0, NonImmediateOops: No
[1,625s][debug][gc,nmethod     ] Register NMethod: jdk.internal.misc.Unsafe.putLongUnaligned (0x000074dd3ec84888) [0x000074dd3ec84980, 0x000074dd3ec84a40] Compiler: jvmci, Barriers: 0, Oops: 0, ImmediateOops: 0, NonImmediateOops: No
[1,625s][debug][gc,nmethod     ] Register NMethod: java.lang.invoke.MethodHandle.linkToSpecial (0x000074dd3ec84b88) [0x000074dd3ec84c80, 0x000074dd3ec84d78] Compiler: , Barriers: 0, Oops: 0, ImmediateOops: 0, NonImmediateOops: No
[1,625s][debug][gc,nmethod     ] Register NMethod: jdk.internal.classfile.impl.Util.paramSlotSize (0x000074dd1f686688) [0x000074dd1f686780, 0x000074dd1f6869b0] Compiler: c1, Barriers: 0, Oops: 0, ImmediateOops: 2, NonImmediateOops: No
[1,626s][debug][gc,nmethod     ] Register NMethod: java.lang.invoke.MethodHandle.invokeBasic (0x000074dd3ec84e88) [0x000074dd3ec84f80, 0x000074dd3ec85218] Compiler: , Barriers: 0, Oops: 0, ImmediateOops: 0, NonImmediateOops: No
[1,626s][debug][gc,nmethod     ] Register NMethod: java.lang.invoke.MethodHandle.linkToSpecial (0x000074dd3ec85288) [0x000074dd3ec85380, 0x000074dd3ec85478] Compiler: , Barriers: 0, Oops: 0, ImmediateOops: 0, NonImmediateOops: No
[1,627s][debug][gc,director    ] Rule Major: Warmup 10%, Used: 274MB, UsedThreshold: 1228MB
[1,629s][debug][gc,nmethod     ] Register NMethod: java.io.File.isInvalid (0x000074dd3ec85588) [0x000074dd3ec85680, 0x000074dd3ec85910] Compiler: jvmci, Barriers: 6, Oops: 0, ImmediateOops: 2, NonImmediateOops: No
[1,631s][debug][gc,nmethod     ] Register NMethod: java.io.UnixFileSystem.normalize (0x000074dd3ec85988) [0x000074dd3ec85a80, 0x000074dd3ec85c68] Compiler: jvmci, Barriers: 1, Oops: 0, ImmediateOops: 0, NonImmediateOops: No
[1,633s][debug][gc,nmethod     ] Register NMethod: java.lang.invoke.MethodHandle.linkToSpecial (0x000074dd3ec85c88) [0x000074dd3ec85d80, 0x000074dd3ec85e78] Compiler: , Barriers: 0, Oops: 0, ImmediateOops: 0, NonImmediateOops: No
[1,633s][debug][gc,nmethod     ] Register NMethod: java.lang.invoke.MethodHandle.linkToStatic (0x000074dd3ec85f88) [0x000074dd3ec86080, 0x000074dd3ec86170] Compiler: , Barriers: 0, Oops: 0, ImmediateOops: 0, NonImmediateOops: No
[1,634s][debug][gc,nmethod     ] Register NMethod: java.lang.invoke.MethodHandle.linkToStatic (0x000074dd3ec86288) [0x000074dd3ec86380, 0x000074dd3ec86470] Compiler: , Barriers: 0, Oops: 0, ImmediateOops: 0, NonImmediateOops: No
[1,634s][debug][gc,nmethod     ] Register NMethod: java.lang.invoke.MethodHandle.linkToStatic (0x000074dd3ec86588) [0x000074dd3ec86680, 0x000074dd3ec86770] Compiler: , Barriers: 0, Oops: 0, ImmediateOops: 0, NonImmediateOops: No
[1,634s][debug][gc,nmethod     ] Register NMethod: java.lang.invoke.MethodHandle.linkToStatic (0x000074dd3ec86888) [0x000074dd3ec86980, 0x000074dd3ec86a70] Compiler: , Barriers: 0, Oops: 0, ImmediateOops: 0, NonImmediateOops: No
[1,634s][debug][gc,nmethod     ] Register NMethod: java.lang.invoke.MethodHandle.linkToStatic (0x000074dd3ec86b88) [0x000074dd3ec86c80, 0x000074dd3ec86d70] Compiler: , Barriers: 0, Oops: 0, ImmediateOops: 0, NonImmediateOops: No
[1,634s][debug][gc,nmethod     ] Register NMethod: java.lang.invoke.MethodHandle.linkToStatic (0x000074dd3ec86e88) [0x000074dd3ec86f80, 0x000074dd3ec87070] Compiler: , Barriers: 0, Oops: 0, ImmediateOops: 0, NonImmediateOops: No
[1,634s][debug][gc,nmethod     ] Register NMethod: java.lang.invoke.MethodHandle.linkToStatic (0x000074dd3ec87188) [0x000074dd3ec87280, 0x000074dd3ec87370] Compiler: , Barriers: 0, Oops: 0, ImmediateOops: 0, NonImmediateOops: No
[1,634s][debug][gc,nmethod     ] Register NMethod: java.lang.Module.isExplicitlyExportedOrOpened (0x000074dd1f465e08) [0x000074dd1f465f00, 0x000074dd1f466a90] Compiler: c1, Barriers: 2, Oops: 0, ImmediateOops: 0, NonImmediateOops: No
[1,634s][debug][gc,nmethod     ] Register NMethod: java.lang.invoke.MethodHandle.linkToStatic (0x000074dd3ec87488) [0x000074dd3ec87580, 0x000074dd3ec87670] Compiler: , Barriers: 0, Oops: 0, ImmediateOops: 0, NonImmediateOops: No
[1,634s][debug][gc,nmethod     ] Register NMethod: java.lang.invoke.MethodHandle.linkToStatic (0x000074dd3ec87788) [0x000074dd3ec87880, 0x000074dd3ec87970] Compiler: , Barriers: 0, Oops: 0, ImmediateOops: 0, NonImmediateOops: No
[1,634s][debug][gc,nmethod     ] Register NMethod: java.lang.invoke.MethodHandle.invokeBasic (0x000074dd3ec87a88) [0x000074dd3ec87b80, 0x000074dd3ec87e18] Compiler: , Barriers: 0, Oops: 0, ImmediateOops: 0, NonImmediateOops: No
[1,634s][debug][gc,nmethod     ] Register NMethod: java.lang.invoke.MethodHandle.linkToSpecial (0x000074dd3ec87e88) [0x000074dd3ec87f80, 0x000074dd3ec88078] Compiler: , Barriers: 0, Oops: 0, ImmediateOops: 0, NonImmediateOops: No
[1,635s][debug][gc,nmethod     ] Register NMethod: java.lang.invoke.MethodHandle.invokeBasic (0x000074dd3ec88188) [0x000074dd3ec88280, 0x000074dd3ec88518] Compiler: , Barriers: 0, Oops: 0, ImmediateOops: 0, NonImmediateOops: No
[1,635s][debug][gc,nmethod     ] Register NMethod: java.lang.invoke.MethodHandle.linkToSpecial (0x000074dd3ec88588) [0x000074dd3ec88680, 0x000074dd3ec88778] Compiler: , Barriers: 0, Oops: 0, ImmediateOops: 0, NonImmediateOops: No
[1,635s][debug][gc,nmethod     ] Register NMethod: java.lang.invoke.LambdaForm.<init> (0x000074dd1f4e6a88) [0x000074dd1f4e6b80, 0x000074dd1f4e6ee0] Compiler: c1, Barriers: 12, Oops: 0, ImmediateOops: 0, NonImmediateOops: No
[1,635s][debug][gc,nmethod     ] Register NMethod: java.lang.invoke.MethodHandle.invokeBasic (0x000074dd3ec88888) [0x000074dd3ec88980, 0x000074dd3ec88c18] Compiler: , Barriers: 0, Oops: 0, ImmediateOops: 0, NonImmediateOops: No
[1,635s][debug][gc,nmethod     ] Register NMethod: java.lang.invoke.LambdaForm.fixResult (0x000074dd1f442588) [0x000074dd1f442680, 0x000074dd1f442890] Compiler: c1, Barriers: 2, Oops: 0, ImmediateOops: 1, NonImmediateOops: No
[1,635s][debug][gc,nmethod     ] Register NMethod: java.lang.invoke.MethodHandle.linkToSpecial (0x000074dd3ec88c88) [0x000074dd3ec88d80, 0x000074dd3ec88e78] Compiler: , Barriers: 0, Oops: 0, ImmediateOops: 0, NonImmediateOops: No
[1,635s][debug][gc,nmethod     ] Register NMethod: java.lang.invoke.InvokerBytecodeGenerator.generateCustomizedCode (0x000074dd1f442188) [0x000074dd1f442280, 0x000074dd1f442528] Compiler: c1, Barriers: 0, Oops: 0, ImmediateOops: 1, NonImmediateOops: No
[1,635s][debug][gc,nmethod     ] Register NMethod: java.lang.invoke.LambdaForm.create (0x000074dd1f4c3488) [0x000074dd1f4c3580, 0x000074dd1f4c3dd8] Compiler: c1, Barriers: 2, Oops: 0, ImmediateOops: 1, NonImmediateOops: No
[1,635s][debug][gc,nmethod     ] Register NMethod: java.util.Arrays.fill (0x000074dd1f5e9a08) [0x000074dd1f5e9b00, 0x000074dd1f5e9fa8] Compiler: c1, Barriers: 3, Oops: 0, ImmediateOops: 0, NonImmediateOops: No
[1,635s][debug][gc,nmethod     ] Register NMethod: java.lang.invoke.MethodHandle.invokeBasic (0x000074dd3ec88f88) [0x000074dd3ec89080, 0x000074dd3ec89318] Compiler: , Barriers: 0, Oops: 0, ImmediateOops: 0, NonImmediateOops: No
[1,635s][debug][gc,nmethod     ] Register NMethod: java.lang.invoke.MethodHandle.linkToSpecial (0x000074dd3ec89388) [0x000074dd3ec89480, 0x000074dd3ec89578] Compiler: , Barriers: 0, Oops: 0, ImmediateOops: 0, NonImmediateOops: No
[1,636s][debug][gc,nmethod     ] Register NMethod: java.lang.invoke.LambdaForm$Name.<init> (0x000074dd1f412308) [0x000074dd1f412400, 0x000074dd1f4136b8] Compiler: c1, Barriers: 11, Oops: 0, ImmediateOops: 0, NonImmediateOops: No
[1,636s][debug][gc,nmethod     ] Register NMethod: java.lang.invoke.MethodTypeForm.canonicalize (0x000074dd3ec89688) [0x000074dd3ec89780, 0x000074dd3ec898a8] Compiler: jvmci, Barriers: 0, Oops: 0, ImmediateOops: 1, NonImmediateOops: No
[1,636s][debug][gc,nmethod     ] Register NMethod: java.lang.invoke.LambdaFormBuffer.changeName (0x000074dd1f44ee08) [0x000074dd1f44ef00, 0x000074dd1f44f970] Compiler: c1, Barriers: 10, Oops: 0, ImmediateOops: 0, NonImmediateOops: No
[1,636s][debug][gc,nmethod     ] Register NMethod: java.lang.invoke.InvokerBytecodeGenerator.lookupPregenerated (0x000074dd1f472608) [0x000074dd1f472700, 0x000074dd1f475928] Compiler: c1, Barriers: 10, Oops: 1, ImmediateOops: 13, NonImmediateOops: No
[1,638s][debug][gc,director    ] Rule Major: Warmup 10%, Used: 276MB, UsedThreshold: 1228MB
[1,639s][debug][gc,nmethod     ] Register NMethod: jdk.internal.classfile.impl.SplitConstantPool.maybeCloneUtf8Entry (0x000074dd3ec89988) [0x000074dd3ec89a80, 0x000074dd3ec89fc0] Compiler: jvmci, Barriers: 20, Oops: 0, ImmediateOops: 1, NonImmediateOops: No
[1,640s][debug][gc,nmethod     ] Register NMethod: java.lang.Class.getPackageName (0x000074dd3ec8a008) [0x000074dd3ec8a100, 0x000074dd3ec8a7c8] Compiler: jvmci, Barriers: 9, Oops: 0, ImmediateOops: 1, NonImmediateOops: No
[1,642s][debug][gc,nmethod     ] Register NMethod: jdk.internal.access.SharedSecrets.getJavaLangAccess (0x000074dd3ec8a808) [0x000074dd3ec8a900, 0x000074dd3ec8a9a8] Compiler: jvmci, Barriers: 1, Oops: 0, ImmediateOops: 1, NonImmediateOops: No
[1,642s][debug][gc,nmethod     ] Register NMethod: jdk.internal.misc.Unsafe.getLongVolatile (0x000074dd3ec8ab08) [0x000074dd3ec8ac00, 0x000074dd3ec8ad68] Compiler: , Barriers: 0, Oops: 0, ImmediateOops: 0, NonImmediateOops: No
[1,642s][debug][gc,nmethod     ] Register NMethod: jdk.internal.misc.Unsafe.weakCompareAndSetInt (0x000074dd1f4c3188) [0x000074dd1f4c3280, 0x000074dd1f4c3398] Compiler: c1, Barriers: 0, Oops: 0, ImmediateOops: 0, NonImmediateOops: No
[1,643s][debug][gc,nmethod     ] Register NMethod: java.lang.Thread.onSpinWait (0x000074dd1f898588) [0x000074dd1f898680, 0x000074dd1f898760] Compiler: c1, Barriers: 0, Oops: 0, ImmediateOops: 0, NonImmediateOops: No
[1,645s][debug][gc,nmethod     ] Register NMethod: java.lang.invoke.MethodHandle.linkToStatic (0x000074dd3ec8ae08) [0x000074dd3ec8af00, 0x000074dd3ec8aff0] Compiler: , Barriers: 0, Oops: 0, ImmediateOops: 0, NonImmediateOops: No
[1,646s][debug][gc,nmethod     ] Register NMethod: jdk.internal.classfile.impl.UnboundAttribute.writeTo (0x000074dd1f5e9488) [0x000074dd1f5e9580, 0x000074dd1f5e99c8] Compiler: c1, Barriers: 2, Oops: 0, ImmediateOops: 0, NonImmediateOops: No
[1,646s][debug][gc,nmethod     ] Register NMethod: jdk.internal.classfile.impl.DirectMethodBuilder.with (0x000074dd1f52d708) [0x000074dd1f52d800, 0x000074dd1f52e5e0] Compiler: c1, Barriers: 2, Oops: 0, ImmediateOops: 0, NonImmediateOops: No
[1,646s][debug][gc,nmethod     ] Register NMethod: jdk.internal.classfile.impl.DirectMethodBuilder.with (0x000074dd1f4d2008) [0x000074dd1f4d2100, 0x000074dd1f4d3320] Compiler: c1, Barriers: 2, Oops: 0, ImmediateOops: 0, NonImmediateOops: No
[1,646s][debug][gc,nmethod     ] Register NMethod: java.lang.invoke.MethodHandle.linkToInterface (0x000074dd3ec8b108) [0x000074dd3ec8b200, 0x000074dd3ec8b330] Compiler: , Barriers: 0, Oops: 0, ImmediateOops: 0, NonImmediateOops: No
[1,647s][debug][gc,nmethod     ] Register NMethod: java.lang.invoke.MethodHandle.linkToInterface (0x000074dd3ec8b408) [0x000074dd3ec8b500, 0x000074dd3ec8b630] Compiler: , Barriers: 0, Oops: 0, ImmediateOops: 0, NonImmediateOops: No
[1,647s][debug][gc,nmethod     ] Register NMethod: java.lang.invoke.MethodHandle.linkToStatic (0x000074dd3ec8b708) [0x000074dd3ec8b800, 0x000074dd3ec8b8f0] Compiler: , Barriers: 0, Oops: 0, ImmediateOops: 0, NonImmediateOops: No
[1,647s][debug][gc,nmethod     ] Register NMethod: java.util.Arrays.copyOfRange (0x000074dd1f535008) [0x000074dd1f535100, 0x000074dd1f536838] Compiler: c1, Barriers: 1, Oops: 1, ImmediateOops: 3, NonImmediateOops: No
[1,647s][debug][gc,nmethod     ] Register NMethod: java.lang.invoke.MethodHandle.linkToStatic (0x000074dd3ec8ba08) [0x000074dd3ec8bb00, 0x000074dd3ec8bbf0] Compiler: , Barriers: 0, Oops: 0, ImmediateOops: 0, NonImmediateOops: No
[1,648s][debug][gc,nmethod     ] Register NMethod: java.util.jar.JarFile.maybeInstantiateVerifier (0x000074dd3ec8bd08) [0x000074dd3ec8be00, 0x000074dd3ec8c308] Compiler: jvmci, Barriers: 4, Oops: 0, ImmediateOops: 0, NonImmediateOops: No
[1,648s][debug][gc,director    ] Rule Major: Warmup 10%, Used: 288MB, UsedThreshold: 1228MB
[1,649s][debug][gc,nmethod     ] Register NMethod: java.lang.invoke.MethodHandle.linkToStatic (0x000074dd3ec8c388) [0x000074dd3ec8c480, 0x000074dd3ec8c570] Compiler: , Barriers: 0, Oops: 0, ImmediateOops: 0, NonImmediateOops: No
[1,649s][debug][gc,nmethod     ] Register NMethod: java.lang.invoke.Invokers.callSiteForm (0x000074dd1f460488) [0x000074dd1f460580, 0x000074dd1f462fb8] Compiler: c1, Barriers: 23, Oops: 1, ImmediateOops: 5, NonImmediateOops: No
[1,649s][debug][gc,nmethod     ] Register NMethod: java.lang.invoke.MethodTypeForm.<init> (0x000074dd1f42d988) [0x000074dd1f42da80, 0x000074dd1f430a10] Compiler: c1, Barriers: 28, Oops: 1, ImmediateOops: 7, NonImmediateOops: No
[1,649s][debug][gc,nmethod     ] Register NMethod: jdk.internal.misc.Unsafe.checkSize (0x000074dd1f42d508) [0x000074dd1f42d600, 0x000074dd1f42d860] Compiler: c1, Barriers: 0, Oops: 0, ImmediateOops: 0, NonImmediateOops: No
[1,649s][debug][gc,nmethod     ] Register NMethod: jdk.internal.foreign.NativeMemorySegmentImpl.unsafeGetOffset (0x000074dd3ec8c688) [0x000074dd3ec8c780, 0x000074dd3ec8c840] Compiler: c1, Barriers: 0, Oops: 0, ImmediateOops: 0, NonImmediateOops: No
[1,649s][debug][gc,nmethod     ] Register NMethod: jdk.internal.foreign.layout.AbstractLayout.byteSize (0x000074dd3ec8c988) [0x000074dd3ec8ca80, 0x000074dd3ec8cb40] Compiler: c1, Barriers: 0, Oops: 0, ImmediateOops: 0, NonImmediateOops: No
[1,649s][debug][gc,nmethod     ] Register NMethod: jdk.internal.foreign.NativeMemorySegmentImpl.unsafeGetBase (0x000074dd3ec8cc88) [0x000074dd3ec8cd80, 0x000074dd3ec8ce48] Compiler: c1, Barriers: 0, Oops: 0, ImmediateOops: 0, NonImmediateOops: No
[1,649s][debug][gc,nmethod     ] Register NMethod: jdk.internal.foreign.layout.AbstractLayout.byteAlignment (0x000074dd3ec8cf88) [0x000074dd3ec8d080, 0x000074dd3ec8d140] Compiler: c1, Barriers: 0, Oops: 0, ImmediateOops: 0, NonImmediateOops: No
[1,650s][debug][gc,nmethod     ] Register NMethod: jdk.internal.foreign.AbstractMemorySegmentImpl.sessionImpl (0x000074dd3ec8d288) [0x000074dd3ec8d380, 0x000074dd3ec8d468] Compiler: c1, Barriers: 1, Oops: 0, ImmediateOops: 0, NonImmediateOops: No
[1,650s][debug][gc,nmethod     ] Register NMethod: java.lang.invoke.MethodHandle.linkToStatic (0x000074dd3ec8d588) [0x000074dd3ec8d680, 0x000074dd3ec8d770] Compiler: , Barriers: 0, Oops: 0, ImmediateOops: 0, NonImmediateOops: No
[1,650s][debug][gc,nmethod     ] Register NMethod: java.util.concurrent.ConcurrentHashMap.putIfAbsent (0x000074dd1f5e9008) [0x000074dd1f5e9100, 0x000074dd1f5e9400] Compiler: c1, Barriers: 0, Oops: 0, ImmediateOops: 0, NonImmediateOops: No
[1,650s][debug][gc,nmethod     ] Register NMethod: jdk.internal.foreign.NativeMemorySegmentImpl.maxAlignMask (0x000074dd3ec8d888) [0x000074dd3ec8d980, 0x000074dd3ec8da40] Compiler: c1, Barriers: 0, Oops: 0, ImmediateOops: 0, NonImmediateOops: No
[1,650s][debug][gc,nmethod     ] Register NMethod: java.lang.invoke.MethodHandle.linkToStatic (0x000074dd3ec8db88) [0x000074dd3ec8dc80, 0x000074dd3ec8dd70] Compiler: , Barriers: 0, Oops: 0, ImmediateOops: 0, NonImmediateOops: No
[1,651s][debug][gc,nmethod     ] Register NMethod: jdk.internal.foreign.MemorySessionImpl.checkValidStateRaw (0x000074dd1f441c88) [0x000074dd1f441d80, 0x000074dd1f441fb0] Compiler: c1, Barriers: 2, Oops: 0, ImmediateOops: 2, NonImmediateOops: No
[1,651s][debug][gc,nmethod     ] Register NMethod: java.lang.invoke.MethodHandleNatives.getCharType (0x000074dd1f44e908) [0x000074dd1f44ea00, 0x000074dd1f44ecf8] Compiler: c1, Barriers: 0, Oops: 0, ImmediateOops: 0, NonImmediateOops: No
[1,651s][debug][gc,nmethod     ] Register NMethod: jdk.internal.classfile.impl.AbstractPoolEntry.hashClassFromDescriptor (0x000074dd1f460188) [0x000074dd1f460280, 0x000074dd1f4603c8] Compiler: c1, Barriers: 0, Oops: 0, ImmediateOops: 0, NonImmediateOops: No
[1,652s][debug][gc,nmethod     ] Register NMethod: jdk.internal.classfile.impl.StackMapDecoder$1.compare (0x000074dd1f44c988) [0x000074dd1f44ca80, 0x000074dd1f44d240] Compiler: c1, Barriers: 4, Oops: 0, ImmediateOops: 0, NonImmediateOops: No
[1,652s][debug][gc,nmethod     ] Register NMethod: jdk.internal.foreign.AbstractMemorySegmentImpl.checkBounds (0x000074dd3ec8de88) [0x000074dd3ec8df80, 0x000074dd3ec8e078] Compiler: jvmci, Barriers: 0, Oops: 0, ImmediateOops: 0, NonImmediateOops: No
[1,652s][debug][gc,nmethod     ] Register NMethod: java.lang.classfile.CodeBuilder.loadConstant (0x000074dd1f416288) [0x000074dd1f416380, 0x000074dd1f418040] Compiler: c1, Barriers: 0, Oops: 0, ImmediateOops: 0, NonImmediateOops: No
[1,652s][debug][gc,nmethod     ] Register NMethod: jdk.internal.classfile.impl.StackMapDecoder$1.compare (0x000074dd1f455a08) [0x000074dd1f455b00, 0x000074dd1f456770] Compiler: c1, Barriers: 4, Oops: 0, ImmediateOops: 0, NonImmediateOops: No
[1,652s][debug][gc,nmethod     ] Register NMethod: jdk.internal.classfile.impl.AbstractPoolEntry.hashClassFromUtf8 (0x000074dd1f481608) [0x000074dd1f481700, 0x000074dd1f481ea8] Compiler: c1, Barriers: 2, Oops: 0, ImmediateOops: 2, NonImmediateOops: No
[1,652s][debug][gc,nmethod     ] Register NMethod: jdk.internal.classfile.impl.DirectCodeBuilder$DeferredLabel.<init> (0x000074dd1f455588) [0x000074dd1f455680, 0x000074dd1f4558c0] Compiler: c1, Barriers: 3, Oops: 0, ImmediateOops: 0, NonImmediateOops: No
[1,652s][debug][gc,nmethod     ] Register NMethod: io.sirix.page.KeyValueLeafPage.isSlotSet (0x000074dd1f45fc08) [0x000074dd1f45fd00, 0x000074dd1f45fea8] Compiler: c1, Barriers: 1, Oops: 1, ImmediateOops: 0, NonImmediateOops: No
[1,652s][debug][gc,nmethod     ] Register NMethod: jdk.internal.foreign.AbstractMemorySegmentImpl.checkBounds (0x000074dd1f44c588) [0x000074dd1f44c680, 0x000074dd1f44c910] Compiler: c1, Barriers: 0, Oops: 0, ImmediateOops: 0, NonImmediateOops: No
[1,652s][debug][gc,nmethod     ] Register NMethod: jdk.internal.misc.Unsafe.putShort (0x000074dd3ec8e188) [0x000074dd3ec8e280, 0x000074dd3ec8e3d8] Compiler: , Barriers: 0, Oops: 0, ImmediateOops: 0, NonImmediateOops: No
[1,652s][debug][gc,nmethod     ] Register NMethod: jdk.internal.foreign.AbstractMemorySegmentImpl.byteSize (0x000074dd3ec8e488) [0x000074dd3ec8e580, 0x000074dd3ec8e640] Compiler: c1, Barriers: 0, Oops: 0, ImmediateOops: 0, NonImmediateOops: No
[1,653s][debug][gc,nmethod     ] Register NMethod: jdk.internal.classfile.impl.DirectCodeBuilder.addLabel (0x000074dd1f5be488) [0x000074dd1f5be580, 0x000074dd1f5bef50] Compiler: c1, Barriers: 9, Oops: 0, ImmediateOops: 0, NonImmediateOops: No
[1,653s][debug][gc,nmethod     ] Register NMethod: io.sirix.page.KeyValueLeafPage.getDeweyId (0x000074dd1f91ee08) [0x000074dd1f91ef00, 0x000074dd1f923fb8] Compiler: c1, Barriers: 21, Oops: 7, ImmediateOops: 12, NonImmediateOops: No
[1,653s][debug][gc,nmethod     ] Register NMethod: io.sirix.page.KeyValueLeafPage.getDeweyIdAsByteArray (0x000074dd1f480d08) [0x000074dd1f480e00, 0x000074dd1f481388] Compiler: c1, Barriers: 0, Oops: 1, ImmediateOops: 1, NonImmediateOops: No
[1,653s][debug][gc,nmethod     ] Register NMethod: java.util.HashMap.<init> (0x000074dd1f44c188) [0x000074dd1f44c2a0, 0x000074dd1f44c3d8] Compiler: c1, Barriers: 0, Oops: 0, ImmediateOops: 0, NonImmediateOops: No
[1,653s][debug][gc,nmethod     ] Register NMethod: jdk.internal.classfile.impl.AbstractElement.<init> (0x000074dd3ec8e788) [0x000074dd3ec8e880, 0x000074dd3ec8e900] Compiler: jvmci, Barriers: 0, Oops: 0, ImmediateOops: 0, NonImmediateOops: No
[1,653s][debug][gc,nmethod     ] Register NMethod: jdk.internal.classfile.impl.DirectCodeBuilder.methodInfo (0x000074dd3ec8ea88) [0x000074dd3ec8eb80, 0x000074dd3ec8ec68] Compiler: c1, Barriers: 1, Oops: 0, ImmediateOops: 0, NonImmediateOops: No
[1,653s][debug][gc,nmethod     ] Register NMethod: io.sirix.node.GrowingMemorySegment.ensureCapacity (0x000074dd1f5be188) [0x000074dd1f5be280, 0x000074dd1f5be3e0] Compiler: c1, Barriers: 0, Oops: 1, ImmediateOops: 0, NonImmediateOops: No
[1,653s][debug][gc,nmethod     ] Register NMethod: jdk.internal.foreign.AbstractMemorySegmentImpl.checkReadOnly (0x000074dd1f5bde08) [0x000074dd1f5bdf00, 0x000074dd1f5be128] Compiler: c1, Barriers: 0, Oops: 0, ImmediateOops: 1, NonImmediateOops: No
[1,653s][debug][gc,nmethod     ] Register NMethod: jdk.internal.classfile.impl.BufWriterImpl.labelContext (0x000074dd3ec8ed88) [0x000074dd3ec8ee80, 0x000074dd3ec8ef68] Compiler: c1, Barriers: 1, Oops: 0, ImmediateOops: 0, NonImmediateOops: No
[1,653s][debug][gc,nmethod     ] Register NMethod: jdk.internal.foreign.AbstractMemorySegmentImpl.checkAccess (0x000074dd1f415908) [0x000074dd1f415a00, 0x000074dd1f416210] Compiler: c1, Barriers: 0, Oops: 0, ImmediateOops: 1, NonImmediateOops: No
[1,653s][debug][gc,nmethod     ] Register NMethod: io.sirix.page.KeyValueLeafPage.isSlotSet (0x000074dd3ec8f088) [0x000074dd3ec8f180, 0x000074dd3ec8f298] Compiler: jvmci, Barriers: 1, Oops: 1, ImmediateOops: 0, NonImmediateOops: No
[1,654s][debug][gc,nmethod     ] Register NMethod: jdk.internal.constant.ConstantUtils.classDesc (0x000074dd1f485108) [0x000074dd1f485200, 0x000074dd1f486300] Compiler: c1, Barriers: 3, Oops: 1, ImmediateOops: 2, NonImmediateOops: No
[1,654s][debug][gc,nmethod     ] Register NMethod: jdk.internal.misc.Unsafe.copyMemory (0x000074dd1f483a08) [0x000074dd1f483b00, 0x000074dd1f4850c0] Compiler: c1, Barriers: 4, Oops: 0, ImmediateOops: 0, NonImmediateOops: No
[1,654s][debug][gc,nmethod     ] Register NMethod: java.lang.invoke.DirectMethodHandle$Holder.newInvokeSpecial (0x000074dd1f414f88) [0x000074dd1f415080, 0x000074dd1f4158f0] Compiler: c1, Barriers: 2, Oops: 0, ImmediateOops: 1, NonImmediateOops: No
[1,654s][debug][gc,nmethod     ] Register NMethod: jdk.internal.foreign.AbstractMemorySegmentImpl.isAlignedForElement (0x000074dd1f5bd888) [0x000074dd1f5bd980, 0x000074dd1f5bdb50] Compiler: c1, Barriers: 0, Oops: 0, ImmediateOops: 0, NonImmediateOops: No
[1,654s][debug][gc,nmethod     ] Register NMethod: jdk.internal.misc.Unsafe.copyMemoryChecks (0x000074dd1f482288) [0x000074dd1f482380, 0x000074dd1f483938] Compiler: c1, Barriers: 4, Oops: 0, ImmediateOops: 0, NonImmediateOops: No
[1,654s][debug][gc,nmethod     ] Register NMethod: jdk.internal.foreign.AbstractMemorySegmentImpl.isAlignedForElement (0x000074dd1f414808) [0x000074dd1f414900, 0x000074dd1f414f28] Compiler: c1, Barriers: 0, Oops: 0, ImmediateOops: 0, NonImmediateOops: No
[1,654s][debug][gc,nmethod     ] Register NMethod: jdk.internal.classfile.impl.BufWriterImpl.writeU1 (0x000074dd3ec8f388) [0x000074dd3ec8f480, 0x000074dd3ec8f8a0] Compiler: jvmci, Barriers: 4, Oops: 0, ImmediateOops: 0, NonImmediateOops: No
[1,655s][debug][gc,nmethod     ] Register NMethod: java.lang.invoke.MethodHandle.invokeBasic (0x000074dd3ec8f908) [0x000074dd3ec8fa00, 0x000074dd3ec8fc98] Compiler: , Barriers: 0, Oops: 0, ImmediateOops: 0, NonImmediateOops: No
[1,655s][debug][gc,nmethod     ] Register NMethod: java.lang.invoke.InnerClassLambdaMetafactory$3.accept (0x000074dd1f611188) [0x000074dd1f611280, 0x000074dd1f613008] Compiler: c1, Barriers: 13, Oops: 0, ImmediateOops: 4, NonImmediateOops: No
[1,655s][debug][gc,nmethod     ] Register NMethod: java.lang.invoke.InnerClassLambdaMetafactory.convertArgumentTypes (0x000074dd1f60fb08) [0x000074dd1f60fc00, 0x000074dd1f611118] Compiler: c1, Barriers: 11, Oops: 0, ImmediateOops: 1, NonImmediateOops: No
[1,655s][debug][gc,nmethod     ] Register NMethod: jdk.internal.classfile.impl.SplitConstantPool.maybeCloneUtf8Entry (0x000074dd1f60e688) [0x000074dd1f60e780, 0x000074dd1f60f820] Compiler: c1, Barriers: 4, Oops: 0, ImmediateOops: 2, NonImmediateOops: No
[1,655s][debug][gc,nmethod     ] Register NMethod: jdk.internal.foreign.Utils$BaseAndScale.scale (0x000074dd3ec8fd08) [0x000074dd3ec8fe00, 0x000074dd3ec8fec0] Compiler: c1, Barriers: 0, Oops: 0, ImmediateOops: 0, NonImmediateOops: No
[1,655s][debug][gc,nmethod     ] Register NMethod: java.lang.invoke.InnerClassLambdaMetafactory$6.accept (0x000074dd1f745588) [0x000074dd1f745680, 0x000074dd1f748fa8] Compiler: c1, Barriers: 30, Oops: 2, ImmediateOops: 7, NonImmediateOops: No
[1,656s][debug][gc,nmethod     ] Register NMethod: java.lang.invoke.VarHandleGuards.guard_LJI_V (0x000074dd1f924008) [0x000074dd1f924100, 0x000074dd1f928d08] Compiler: c1, Barriers: 46, Oops: 1, ImmediateOops: 6, NonImmediateOops: No
[1,656s][debug][gc,nmethod     ] Register NMethod: jdk.internal.misc.Unsafe.checkOffset (0x000074dd1f745208) [0x000074dd1f745300, 0x000074dd1f745560] Compiler: c1, Barriers: 0, Oops: 0, ImmediateOops: 0, NonImmediateOops: No
[1,656s][debug][gc,nmethod     ] Register NMethod: java.lang.invoke.SegmentVarHandle.offset (0x000074dd1f744e08) [0x000074dd1f744f00, 0x000074dd1f745200] Compiler: c1, Barriers: 0, Oops: 0, ImmediateOops: 0, NonImmediateOops: No
[1,656s][debug][gc,nmethod     ] Register NMethod: io.sirix.page.KeyValueLeafPage.getSlotAsByteArray (0x000074dd1f744408) [0x000074dd1f744500, 0x000074dd1f744b98] Compiler: c1, Barriers: 0, Oops: 1, ImmediateOops: 1, NonImmediateOops: No
[1,656s][debug][gc,nmethod     ] Register NMethod: jdk.internal.foreign.layout.ValueLayouts$AbstractValueLayout.varHandle (0x000074dd1f928d88) [0x000074dd1f928e80, 0x000074dd1f929838] Compiler: c1, Barriers: 4, Oops: 3, ImmediateOops: 3, NonImmediateOops: No
[1,657s][debug][gc,nmethod     ] Register NMethod: jdk.internal.foreign.AbstractMemorySegmentImpl.checkEnclosingLayout (0x000074dd1f929888) [0x000074dd1f929980, 0x000074dd1f92ccd8] Compiler: c1, Barriers: 19, Oops: 1, ImmediateOops: 3, NonImmediateOops: No
[1,657s][debug][gc,nmethod     ] Register NMethod: java.lang.invoke.SegmentVarHandle.checkSegment (0x000074dd1f92cd08) [0x000074dd1f92ce00, 0x000074dd1f930718] Compiler: c1, Barriers: 20, Oops: 1, ImmediateOops: 3, NonImmediateOops: No
[1,658s][debug][gc,nmethod     ] Register NMethod: java.nio.ByteOrder.nativeOrder (0x000074dd1f930788) [0x000074dd1f930880, 0x000074dd1f930968] Compiler: c1, Barriers: 0, Oops: 0, ImmediateOops: 1, NonImmediateOops: No
[1,658s][debug][gc,nmethod     ] Register NMethod: java.lang.Integer.rotateRight (0x000074dd1f930a88) [0x000074dd1f930b80, 0x000074dd1f930c70] Compiler: c1, Barriers: 0, Oops: 0, ImmediateOops: 0, NonImmediateOops: No
[1,658s][debug][gc,nmethod     ] Register NMethod: java.util.Objects.checkFromIndexSize (0x000074dd3ec90008) [0x000074dd3ec90100, 0x000074dd3ec901b0] Compiler: jvmci, Barriers: 0, Oops: 0, ImmediateOops: 0, NonImmediateOops: No
[1,658s][debug][gc,director    ] Rule Major: Warmup 10%, Used: 290MB, UsedThreshold: 1228MB
[1,658s][debug][gc,nmethod     ] Register NMethod: java.lang.String.concat (0x000074dd3ec90308) [0x000074dd3ec90400, 0x000074dd3ec90ad0] Compiler: jvmci, Barriers: 4, Oops: 0, ImmediateOops: 0, NonImmediateOops: No
[1,658s][debug][gc,nmethod     ] Register NMethod: jdk.internal.misc.Unsafe.putIntUnaligned (0x000074dd1f930d88) [0x000074dd1f930e80, 0x000074dd1f9310b0] Compiler: c1, Barriers: 0, Oops: 0, ImmediateOops: 0, NonImmediateOops: No
[1,658s][debug][gc,nmethod     ] Register NMethod: jdk.internal.misc.Unsafe.putIntUnaligned (0x000074dd1f931108) [0x000074dd1f931200, 0x000074dd1f9314a0] Compiler: c1, Barriers: 0, Oops: 0, ImmediateOops: 0, NonImmediateOops: No
[1,658s][debug][gc,nmethod     ] Register NMethod: java.lang.Integer.rotateRight (0x000074dd3ec90b08) [0x000074dd3ec90c00, 0x000074dd3ec90c70] Compiler: jvmci, Barriers: 0, Oops: 0, ImmediateOops: 0, NonImmediateOops: No
[1,659s][debug][gc,nmethod     ] Register NMethod: java.lang.invoke.MethodHandle.invokeBasic (0x000074dd3ec90e08) [0x000074dd3ec90f00, 0x000074dd3ec91198] Compiler: , Barriers: 0, Oops: 0, ImmediateOops: 0, NonImmediateOops: No
[1,659s][debug][gc,nmethod     ] Register NMethod: jdk.internal.misc.Unsafe.convEndian (0x000074dd3ec91208) [0x000074dd3ec91300, 0x000074dd3ec91398] Compiler: jvmci, Barriers: 0, Oops: 0, ImmediateOops: 0, NonImmediateOops: No
[1,659s][debug][gc,nmethod     ] Register NMethod: java.util.concurrent.ConcurrentHashMap.addCount (0x000074dd1f931508) [0x000074dd1f931600, 0x000074dd1f932358] Compiler: c1, Barriers: 5, Oops: 1, ImmediateOops: 1, NonImmediateOops: No
[1,659s][debug][gc,nmethod     ] Register NMethod: java.io.UnixFileSystem.hasBooleanAttributes (0x000074dd3ec91508) [0x000074dd3ec91600, 0x000074dd3ec91800] Compiler: jvmci, Barriers: 2, Oops: 0, ImmediateOops: 0, NonImmediateOops: No
[1,660s][debug][gc,nmethod     ] Register NMethod: java.lang.invoke.VarHandleGuards.guard_LII_V (0x000074dd1f932388) [0x000074dd1f932480, 0x000074dd1f937080] Compiler: c1, Barriers: 46, Oops: 1, ImmediateOops: 6, NonImmediateOops: No
[1,661s][debug][gc,nmethod     ] Register NMethod: java.lang.StringBuilder.append (0x000074dd1f937108) [0x000074dd1f937200, 0x000074dd1f937348] Compiler: c1, Barriers: 0, Oops: 0, ImmediateOops: 0, NonImmediateOops: No
[1,661s][debug][gc,nmethod     ] Register NMethod: java.lang.AbstractStringBuilder.append (0x000074dd1f937408) [0x000074dd1f937500, 0x000074dd1f9378d8] Compiler: c1, Barriers: 4, Oops: 0, ImmediateOops: 0, NonImmediateOops: No
[1,661s][debug][gc,nmethod     ] Register NMethod: java.util.ArrayList.toArray (0x000074dd1f937908) [0x000074dd1f937a00, 0x000074dd1f937de0] Compiler: c1, Barriers: 2, Oops: 0, ImmediateOops: 0, NonImmediateOops: No
[1,662s][debug][gc,nmethod     ] Register NMethod: java.lang.invoke.MethodHandle.linkToStatic (0x000074dd3ec91808) [0x000074dd3ec91900, 0x000074dd3ec919f0] Compiler: , Barriers: 0, Oops: 0, ImmediateOops: 0, NonImmediateOops: No
[1,662s][debug][gc,nmethod     ] Register NMethod: java.lang.invoke.MethodHandle.invokeBasic (0x000074dd3ec91b08) [0x000074dd3ec91c00, 0x000074dd3ec91e98] Compiler: , Barriers: 0, Oops: 0, ImmediateOops: 0, NonImmediateOops: No
[1,663s][debug][gc,nmethod     ] Register NMethod: io.sirix.page.KeyValueLeafPage.getSlot (0x000074dd1f937e08) [0x000074dd1f937f00, 0x000074dd1f94e120] Compiler: c1, Barriers: 194, Oops: 13, ImmediateOops: 50, NonImmediateOops: No
[1,665s][debug][gc,nmethod     ] Register NMethod: java.io.UnixFileSystem.canonicalize0 (0x000074dd3ec91f08) [0x000074dd3ec92000, 0x000074dd3ec92330] Compiler: , Barriers: 0, Oops: 0, ImmediateOops: 0, NonImmediateOops: No
[1,666s][debug][gc,nmethod     ] Register NMethod: jdk.internal.classfile.impl.StackMapGenerator$Frame.checkStack (0x000074dd3ec92388) [0x000074dd3ec92480, 0x000074dd3ec92b30] Compiler: jvmci, Barriers: 17, Oops: 1, ImmediateOops: 2, NonImmediateOops: No
[1,668s][debug][gc,director    ] Rule Major: Warmup 10%, Used: 290MB, UsedThreshold: 1228MB
[1,669s][debug][gc,nmethod     ] Register NMethod: jdk.internal.misc.Unsafe.putLongUnaligned (0x000074dd1f94e208) [0x000074dd1f94e300, 0x000074dd1f94e738] Compiler: c1, Barriers: 0, Oops: 0, ImmediateOops: 0, NonImmediateOops: No
[1,669s][debug][gc,nmethod     ] Register NMethod: jdk.internal.foreign.AbstractMemorySegmentImpl.isAlignedForElement (0x000074dd1f94e788) [0x000074dd1f94e880, 0x000074dd1f94ee10] Compiler: c1, Barriers: 0, Oops: 0, ImmediateOops: 0, NonImmediateOops: No
[1,669s][debug][gc,nmethod     ] Register NMethod: jdk.internal.foreign.AbstractMemorySegmentImpl.isAlignedForElement (0x000074dd1f94ee88) [0x000074dd1f94ef80, 0x000074dd1f94f940] Compiler: c1, Barriers: 0, Oops: 0, ImmediateOops: 0, NonImmediateOops: No
[1,669s][debug][gc,nmethod     ] Register NMethod: java.lang.invoke.MethodHandle.invokeBasic (0x000074dd3ec92b88) [0x000074dd3ec92c80, 0x000074dd3ec92f18] Compiler: , Barriers: 0, Oops: 0, ImmediateOops: 0, NonImmediateOops: No
[1,669s][debug][gc,nmethod     ] Register NMethod: java.lang.invoke.MethodHandle.linkToSpecial (0x000074dd3ec92f88) [0x000074dd3ec93080, 0x000074dd3ec93178] Compiler: , Barriers: 0, Oops: 0, ImmediateOops: 0, NonImmediateOops: No
[1,669s][debug][gc,nmethod     ] Register NMethod: java.lang.Thread.onSpinWait (0x000074dd3ec93288) [0x000074dd3ec93380, 0x000074dd3ec933e0] Compiler: jvmci, Barriers: 0, Oops: 0, ImmediateOops: 0, NonImmediateOops: No
[1,670s][debug][gc,nmethod     ] Register NMethod: java.lang.invoke.MethodHandle.invokeBasic (0x000074dd3ec93588) [0x000074dd3ec93680, 0x000074dd3ec93918] Compiler: , Barriers: 0, Oops: 0, ImmediateOops: 0, NonImmediateOops: No
[1,670s][debug][gc,nmethod     ] Register NMethod: java.lang.invoke.MethodHandle.linkToSpecial (0x000074dd3ec93988) [0x000074dd3ec93a80, 0x000074dd3ec93b78] Compiler: , Barriers: 0, Oops: 0, ImmediateOops: 0, NonImmediateOops: No
[1,671s][debug][gc,nmethod     ] Register NMethod: java.lang.Long.longValue (0x000074dd3ec93c88) [0x000074dd3ec93d80, 0x000074dd3ec93e40] Compiler: c1, Barriers: 0, Oops: 0, ImmediateOops: 0, NonImmediateOops: No
[1,671s][debug][gc,nmethod     ] Register NMethod: java.lang.reflect.Array.getLength (0x000074dd3ec93f88) [0x000074dd3ec94080, 0x000074dd3ec941e8] Compiler: , Barriers: 0, Oops: 0, ImmediateOops: 1, NonImmediateOops: No
[1,672s][debug][gc,nmethod     ] Register NMethod: jdk.internal.foreign.layout.ValueLayouts$AbstractValueLayout.carrier (0x000074dd3ec94288) [0x000074dd3ec94380, 0x000074dd3ec94468] Compiler: c1, Barriers: 1, Oops: 0, ImmediateOops: 0, NonImmediateOops: No
[1,672s][debug][gc,nmethod     ] Register NMethod: jdk.internal.foreign.Utils$BaseAndScale.base (0x000074dd3ec94588) [0x000074dd3ec94680, 0x000074dd3ec94740] Compiler: c1, Barriers: 0, Oops: 0, ImmediateOops: 0, NonImmediateOops: No
[1,672s][debug][gc,nmethod     ] Register NMethod: jdk.internal.misc.Unsafe.checkNativeAddress (0x000074dd1f94f988) [0x000074dd1f94fa80, 0x000074dd1f94fb90] Compiler: c1, Barriers: 0, Oops: 0, ImmediateOops: 0, NonImmediateOops: No
[1,672s][debug][gc,nmethod     ] Register NMethod: java.nio.ByteBuffer.limit (0x000074dd1f94fc88) [0x000074dd1f94fd80, 0x000074dd1f94fec8] Compiler: c1, Barriers: 0, Oops: 0, ImmediateOops: 0, NonImmediateOops: No
[1,673s][debug][gc,nmethod     ] Register NMethod: jdk.internal.misc.Unsafe.pick (0x000074dd1f94ff88) [0x000074dd1f950080, 0x000074dd1f950178] Compiler: c1, Barriers: 0, Oops: 0, ImmediateOops: 0, NonImmediateOops: No
[1,673s][debug][gc,nmethod     ] Register NMethod: java.lang.invoke.MethodHandle.linkToStatic (0x000074dd3ec94888) [0x000074dd3ec94980, 0x000074dd3ec94a70] Compiler: , Barriers: 0, Oops: 0, ImmediateOops: 0, NonImmediateOops: No
[1,675s][debug][gc,nmethod     ] Register NMethod: java.lang.invoke.MethodHandle.linkToSpecial (0x000074dd3ec94b88) [0x000074dd3ec94c80, 0x000074dd3ec94d78] Compiler: , Barriers: 0, Oops: 0, ImmediateOops: 0, NonImmediateOops: No
[1,675s][debug][gc,nmethod     ] Register NMethod: java.util.concurrent.ForkJoinPool.slotOffset (0x000074dd1f950288) [0x000074dd1f950380, 0x000074dd1f950478] Compiler: c1, Barriers: 0, Oops: 0, ImmediateOops: 0, NonImmediateOops: No
[1,675s][debug][gc,nmethod     ] Register NMethod: java.lang.invoke.MethodHandle.linkToSpecial (0x000074dd3ec94e88) [0x000074dd3ec94f80, 0x000074dd3ec95078] Compiler: , Barriers: 0, Oops: 0, ImmediateOops: 0, NonImmediateOops: No
[1,675s][debug][gc,nmethod     ] Register NMethod: java.lang.invoke.MethodHandle.invokeBasic (0x000074dd3ec95188) [0x000074dd3ec95280, 0x000074dd3ec95518] Compiler: , Barriers: 0, Oops: 0, ImmediateOops: 0, NonImmediateOops: No
[1,675s][debug][gc,nmethod     ] Register NMethod: java.lang.invoke.MethodHandle.linkToSpecial (0x000074dd3ec95588) [0x000074dd3ec95680, 0x000074dd3ec95778] Compiler: , Barriers: 0, Oops: 0, ImmediateOops: 0, NonImmediateOops: No
[1,676s][debug][gc,nmethod     ] Register NMethod: java.lang.invoke.MethodHandle.linkToSpecial (0x000074dd3ec95888) [0x000074dd3ec95980, 0x000074dd3ec95a78] Compiler: , Barriers: 0, Oops: 0, ImmediateOops: 0, NonImmediateOops: No
[1,676s][debug][gc,nmethod     ] Register NMethod: java.lang.invoke.MethodHandle.linkToSpecial (0x000074dd3ec95b88) [0x000074dd3ec95c80, 0x000074dd3ec95d78] Compiler: , Barriers: 0, Oops: 0, ImmediateOops: 0, NonImmediateOops: No
[1,676s][debug][gc,nmethod     ] Register NMethod: java.lang.invoke.MethodHandle.invokeBasic (0x000074dd3ec95e88) [0x000074dd3ec95f80, 0x000074dd3ec96218] Compiler: , Barriers: 0, Oops: 0, ImmediateOops: 0, NonImmediateOops: No
[1,676s][debug][gc,nmethod     ] Register NMethod: java.lang.invoke.MethodHandle.linkToSpecial (0x000074dd3ec96288) [0x000074dd3ec96380, 0x000074dd3ec96478] Compiler: , Barriers: 0, Oops: 0, ImmediateOops: 0, NonImmediateOops: No
[1,676s][debug][gc,nmethod     ] Register NMethod: java.nio.Buffer.session (0x000074dd1f486388) [0x000074dd1f486480, 0x000074dd1f486888] Compiler: c1, Barriers: 1, Oops: 0, ImmediateOops: 0, NonImmediateOops: No
[1,676s][debug][gc,nmethod     ] Register NMethod: jdk.internal.classfile.impl.SplitConstantPool.findEntry (0x000074dd3ec96588) [0x000074dd3ec966a0, 0x000074dd3ec96f58] Compiler: jvmci, Barriers: 10, Oops: 0, ImmediateOops: 0, NonImmediateOops: No
[1,677s][debug][gc,nmethod     ] Register NMethod: java.lang.invoke.LambdaForm.methodType (0x000074dd1f950588) [0x000074dd1f950680, 0x000074dd1f950e78] Compiler: c1, Barriers: 9, Oops: 0, ImmediateOops: 1, NonImmediateOops: No
[1,677s][debug][gc,nmethod     ] Register NMethod: jdk.internal.classfile.impl.StackMapGenerator$Frame.pushStack (0x000074dd3ec96f88) [0x000074dd3ec97080, 0x000074dd3ec977f0] Compiler: jvmci, Barriers: 20, Oops: 1, ImmediateOops: 2, NonImmediateOops: No
[1,677s][debug][gc,nmethod     ] Register NMethod: java.lang.invoke.VarHandleByteArrayAsInts$ArrayHandle.set (0x000074dd1f950e88) [0x000074dd1f950f80, 0x000074dd1f951730] Compiler: c1, Barriers: 0, Oops: 2, ImmediateOops: 2, NonImmediateOops: No
[1,678s][debug][gc,nmethod     ] Register NMethod: java.lang.invoke.MethodHandle.linkToStatic (0x000074dd3ec97808) [0x000074dd3ec97900, 0x000074dd3ec979f0] Compiler: , Barriers: 0, Oops: 0, ImmediateOops: 0, NonImmediateOops: No
[1,678s][debug][gc,director    ] Rule Major: Warmup 10%, Used: 292MB, UsedThreshold: 1228MB
[1,678s][debug][gc,nmethod     ] Register NMethod: java.lang.invoke.MethodHandle.linkToStatic (0x000074dd3ec97b08) [0x000074dd3ec97c00, 0x000074dd3ec97cf0] Compiler: , Barriers: 0, Oops: 0, ImmediateOops: 0, NonImmediateOops: No
[1,679s][debug][gc,nmethod     ] Register NMethod: jdk.internal.misc.Unsafe.weakCompareAndSetLong (0x000074dd1f951788) [0x000074dd1f951880, 0x000074dd1f9519a0] Compiler: c1, Barriers: 0, Oops: 0, ImmediateOops: 0, NonImmediateOops: No
[1,680s][debug][gc,nmethod     ] Register NMethod: ch.qos.logback.classic.Logger.getName (0x000074dd3ec97e08) [0x000074dd3ec97f00, 0x000074dd3ec97fe8] Compiler: c1, Barriers: 1, Oops: 1, ImmediateOops: 0, NonImmediateOops: No
[1,682s][debug][gc,nmethod     ] Register NMethod: sun.nio.fs.UnixPath.isEmpty (0x000074dd1f951a88) [0x000074dd1f951b80, 0x000074dd1f951d08] Compiler: c1, Barriers: 1, Oops: 0, ImmediateOops: 0, NonImmediateOops: No
[1,684s][debug][gc,nmethod     ] Register NMethod: java.lang.String.startsWith (0x000074dd3ec98108) [0x000074dd3ec98200, 0x000074dd3ec984f0] Compiler: jvmci, Barriers: 2, Oops: 0, ImmediateOops: 0, NonImmediateOops: No
[1,684s][debug][gc,nmethod     ] Register NMethod: jdk.internal.misc.Unsafe.getAndAddLong (0x000074dd1f951d88) [0x000074dd1f951e80, 0x000074dd1f952270] Compiler: c1, Barriers: 0, Oops: 0, ImmediateOops: 0, NonImmediateOops: No
[1,685s][debug][gc,nmethod     ] Register NMethod: java.lang.invoke.MethodHandle.linkToStatic (0x000074dd3ec98508) [0x000074dd3ec98600, 0x000074dd3ec986f0] Compiler: , Barriers: 0, Oops: 0, ImmediateOops: 0, NonImmediateOops: No
[1,686s][debug][gc,nmethod     ] Register NMethod: org.magicwerk.brownies.collections.GapList.size (0x000074dd3ec98808) [0x000074dd3ec98900, 0x000074dd3ec989c0] Compiler: c1, Barriers: 0, Oops: 1, ImmediateOops: 0, NonImmediateOops: No
[1,686s][debug][gc,nmethod     ] Register NMethod: java.lang.invoke.MethodHandle.linkToSpecial (0x000074dd3ec98b08) [0x000074dd3ec98c00, 0x000074dd3ec98cf8] Compiler: , Barriers: 0, Oops: 0, ImmediateOops: 0, NonImmediateOops: No
[1,686s][debug][gc,nmethod     ] Register NMethod: java.lang.classfile.CodeBuilder.putfield (0x000074dd1f952288) [0x000074dd1f952380, 0x000074dd1f952690] Compiler: c1, Barriers: 0, Oops: 0, ImmediateOops: 1, NonImmediateOops: No
[1,686s][debug][gc,nmethod     ] Register NMethod: java.lang.invoke.MemberName.equals (0x000074dd1f952708) [0x000074dd1f952800, 0x000074dd1f954610] Compiler: c1, Barriers: 4, Oops: 0, ImmediateOops: 0, NonImmediateOops: No
[1,686s][debug][gc,nmethod     ] Register NMethod: java.lang.invoke.MethodHandle.linkToSpecial (0x000074dd3ec98e08) [0x000074dd3ec98f00, 0x000074dd3ec98ff8] Compiler: , Barriers: 0, Oops: 0, ImmediateOops: 0, NonImmediateOops: No
[1,686s][debug][gc,nmethod     ] Register NMethod: java.lang.classfile.CodeBuilder.getfield (0x000074dd1f954688) [0x000074dd1f954780, 0x000074dd1f954a90] Compiler: c1, Barriers: 0, Oops: 0, ImmediateOops: 1, NonImmediateOops: No
[1,686s][debug][gc,nmethod     ] Register NMethod: java.lang.invoke.MethodHandle.invokeBasic (0x000074dd3ec99108) [0x000074dd3ec99200, 0x000074dd3ec99498] Compiler: , Barriers: 0, Oops: 0, ImmediateOops: 0, NonImmediateOops: No
[1,686s][debug][gc,nmethod     ] Register NMethod: java.lang.invoke.MethodHandle.linkToSpecial (0x000074dd3ec99508) [0x000074dd3ec99600, 0x000074dd3ec996f8] Compiler: , Barriers: 0, Oops: 0, ImmediateOops: 0, NonImmediateOops: No
[1,687s][debug][gc,nmethod     ] Register NMethod: java.lang.classfile.CodeBuilder.putstatic (0x000074dd1f954b08) [0x000074dd1f954c00, 0x000074dd1f954f10] Compiler: c1, Barriers: 0, Oops: 0, ImmediateOops: 1, NonImmediateOops: No
[1,687s][debug][gc,nmethod     ] Register NMethod: jdk.internal.misc.Unsafe.ensureClassInitialized (0x000074dd1f954f88) [0x000074dd1f955080, 0x000074dd1f9552a0] Compiler: c1, Barriers: 0, Oops: 0, ImmediateOops: 0, NonImmediateOops: No
[1,687s][debug][gc,nmethod     ] Register NMethod: java.lang.invoke.MethodHandle.linkToSpecial (0x000074dd3ec99808) [0x000074dd3ec99900, 0x000074dd3ec999f8] Compiler: , Barriers: 0, Oops: 0, ImmediateOops: 0, NonImmediateOops: No
[1,687s][debug][gc,nmethod     ] Register NMethod: java.lang.invoke.MethodHandle.linkToSpecial (0x000074dd3ec99b08) [0x000074dd3ec99c00, 0x000074dd3ec99cf8] Compiler: , Barriers: 0, Oops: 0, ImmediateOops: 0, NonImmediateOops: No
[1,687s][debug][gc,nmethod     ] Register NMethod: java.lang.invoke.MethodHandle.invokeBasic (0x000074dd3ec99e08) [0x000074dd3ec99f00, 0x000074dd3ec9a198] Compiler: , Barriers: 0, Oops: 0, ImmediateOops: 0, NonImmediateOops: No
[1,687s][debug][gc,nmethod     ] Register NMethod: java.lang.invoke.MethodHandle.linkToSpecial (0x000074dd3ec9a208) [0x000074dd3ec9a300, 0x000074dd3ec9a3f8] Compiler: , Barriers: 0, Oops: 0, ImmediateOops: 0, NonImmediateOops: No
[1,688s][debug][gc,nmethod     ] Register NMethod: java.lang.invoke.DirectMethodHandle$Holder.invokeStatic (0x000074dd1f955308) [0x000074dd1f955400, 0x000074dd1f9557c8] Compiler: c1, Barriers: 1, Oops: 0, ImmediateOops: 0, NonImmediateOops: No
[1,688s][debug][gc,director    ] Rule Major: Warmup 10%, Used: 292MB, UsedThreshold: 1228MB
[1,688s][debug][gc,nmethod     ] Register NMethod: java.lang.invoke.MethodHandle.linkToStatic (0x000074dd3ec9a508) [0x000074dd3ec9a600, 0x000074dd3ec9a6f0] Compiler: , Barriers: 0, Oops: 0, ImmediateOops: 0, NonImmediateOops: No
[1,689s][debug][gc,nmethod     ] Register NMethod: jdk.internal.classfile.impl.StackMapGenerator.processLdc (0x000074dd1f955808) [0x000074dd1f955900, 0x000074dd1f95b528] Compiler: c1, Barriers: 31, Oops: 2, ImmediateOops: 20, NonImmediateOops: No
[1,689s][debug][gc,nmethod     ] Register NMethod: java.lang.String.<init> (0x000074dd3ec9a808) [0x000074dd3ec9a900, 0x000074dd3ec9ae78] Compiler: jvmci, Barriers: 4, Oops: 0, ImmediateOops: 0, NonImmediateOops: No
[1,689s][debug][gc,nmethod     ] Register NMethod: java.lang.invoke.Invokers$Holder.linkToTargetMethod (0x000074dd1f95b588) [0x000074dd1f95b680, 0x000074dd1f95bb78] Compiler: c1, Barriers: 0, Oops: 0, ImmediateOops: 0, NonImmediateOops: No
[1,689s][debug][gc,nmethod     ] Register NMethod: jdk.internal.misc.Unsafe.toUnsignedLong (0x000074dd1f95bb88) [0x000074dd1f95bc80, 0x000074dd1f95bd70] Compiler: c1, Barriers: 0, Oops: 0, ImmediateOops: 0, NonImmediateOops: No
[1,691s][debug][gc,nmethod     ] Register NMethod: jdk.internal.misc.ScopedMemoryAccess.copyMemoryInternal (0x000074dd1f95be88) [0x000074dd1f95bf80, 0x000074dd1f95cbe0] Compiler: c1, Barriers: 4, Oops: 0, ImmediateOops: 5, NonImmediateOops: No
[1,691s][debug][gc,nmethod     ] Register NMethod: java.lang.StringBuilder.append (0x000074dd3ec9ae88) [0x000074dd3ec9af80, 0x000074dd3ec9b7b0] Compiler: jvmci, Barriers: 4, Oops: 0, ImmediateOops: 0, NonImmediateOops: No
[1,691s][debug][gc,nmethod     ] Register NMethod: jdk.internal.misc.ScopedMemoryAccess.copyMemory (0x000074dd1f95cc08) [0x000074dd1f95cd00, 0x000074dd1f95e078] Compiler: c1, Barriers: 5, Oops: 0, ImmediateOops: 5, NonImmediateOops: No
[1,691s][debug][gc,nmethod     ] Register NMethod: jdk.internal.misc.Unsafe.getReference (0x000074dd3ec9b808) [0x000074dd3ec9b900, 0x000074dd3ec9bc30] Compiler: , Barriers: 0, Oops: 0, ImmediateOops: 0, NonImmediateOops: No
[1,693s][debug][gc,nmethod     ] Register NMethod: jdk.internal.classfile.impl.StackMapGenerator$Frame.checkLocal (0x000074dd3ec9bc88) [0x000074dd3ec9bd80, 0x000074dd3ec9c440] Compiler: jvmci, Barriers: 17, Oops: 1, ImmediateOops: 2, NonImmediateOops: No
[1,693s][debug][gc,nmethod     ] Register NMethod: java.lang.invoke.MethodHandle.linkToSpecial (0x000074dd3ec9c488) [0x000074dd3ec9c580, 0x000074dd3ec9c678] Compiler: , Barriers: 0, Oops: 0, ImmediateOops: 0, NonImmediateOops: No
[1,693s][debug][gc,nmethod     ] Register NMethod: java.lang.invoke.MethodHandle.invokeBasic (0x000074dd3ec9c788) [0x000074dd3ec9c880, 0x000074dd3ec9cb18] Compiler: , Barriers: 0, Oops: 0, ImmediateOops: 0, NonImmediateOops: No
[1,693s][debug][gc,nmethod     ] Register NMethod: java.lang.invoke.MethodHandle.linkToSpecial (0x000074dd3ec9cb88) [0x000074dd3ec9cc80, 0x000074dd3ec9cd78] Compiler: , Barriers: 0, Oops: 0, ImmediateOops: 0, NonImmediateOops: No
[1,694s][debug][gc,nmethod     ] Register NMethod: jdk.internal.misc.Unsafe.putLongUnaligned (0x000074dd3ec9ce88) [0x000074dd3ec9cf80, 0x000074dd3ec9d0c8] Compiler: jvmci, Barriers: 0, Oops: 0, ImmediateOops: 0, NonImmediateOops: No
[1,694s][debug][gc,nmethod     ] Register NMethod: java.lang.invoke.MethodHandle.invokeBasic (0x000074dd3ec9d188) [0x000074dd3ec9d280, 0x000074dd3ec9d518] Compiler: , Barriers: 0, Oops: 0, ImmediateOops: 0, NonImmediateOops: No
[1,696s][debug][gc,nmethod     ] Register NMethod: java.lang.invoke.MethodHandle.invokeBasic (0x000074dd3ec9d588) [0x000074dd3ec9d680, 0x000074dd3ec9d918] Compiler: , Barriers: 0, Oops: 0, ImmediateOops: 0, NonImmediateOops: No
[1,696s][debug][gc,nmethod     ] Register NMethod: java.lang.invoke.MethodHandle.linkToSpecial (0x000074dd3ec9d988) [0x000074dd3ec9da80, 0x000074dd3ec9db78] Compiler: , Barriers: 0, Oops: 0, ImmediateOops: 0, NonImmediateOops: No
[1,696s][debug][gc,nmethod     ] Register NMethod: jdk.internal.constant.ArrayClassDescImpl.descriptorString (0x000074dd1f95e088) [0x000074dd1f95e180, 0x000074dd1f960c60] Compiler: c1, Barriers: 11, Oops: 0, ImmediateOops: 5, NonImmediateOops: No
[1,696s][debug][gc,nmethod     ] Register NMethod: java.lang.invoke.LambdaForm.compileToBytecode (0x000074dd1f960c88) [0x000074dd1f960d80, 0x000074dd1f961760] Compiler: c1, Barriers: 9, Oops: 1, ImmediateOops: 4, NonImmediateOops: No
[1,697s][debug][gc,nmethod     ] Register NMethod: java.util.concurrent.ThreadLocalRandom.getProbe (0x000074dd1f961788) [0x000074dd1f961880, 0x000074dd1f961a10] Compiler: c1, Barriers: 1, Oops: 1, ImmediateOops: 1, NonImmediateOops: No
[1,697s][debug][gc,nmethod     ] Register NMethod: java.lang.Thread.isVirtual (0x000074dd1f961a88) [0x000074dd1f961b80, 0x000074dd1f961e88] Compiler: c1, Barriers: 0, Oops: 0, ImmediateOops: 0, NonImmediateOops: No
[1,697s][debug][gc,nmethod     ] Register NMethod: java.lang.invoke.MethodHandle.invokeBasic (0x000074dd3ec9dc88) [0x000074dd3ec9dd80, 0x000074dd3ec9e018] Compiler: , Barriers: 0, Oops: 0, ImmediateOops: 0, NonImmediateOops: No
[1,698s][debug][gc,nmethod     ] Register NMethod: java.nio.ByteBuffer.<init> (0x000074dd1f961f08) [0x000074dd1f962000, 0x000074dd1f962248] Compiler: c1, Barriers: 3, Oops: 0, ImmediateOops: 0, NonImmediateOops: No
[1,698s][debug][gc,nmethod     ] Register NMethod: java.lang.Long.hashCode (0x000074dd3ec9e088) [0x000074dd3ec9e180, 0x000074dd3ec9e1f0] Compiler: jvmci, Barriers: 0, Oops: 0, ImmediateOops: 0, NonImmediateOops: No
[1,698s][debug][gc,nmethod     ] Register NMethod: java.lang.invoke.VarHandleGuards.guard_LJ_I (0x000074dd1f962288) [0x000074dd1f962380, 0x000074dd1f965240] Compiler: c1, Barriers: 28, Oops: 0, ImmediateOops: 2, NonImmediateOops: No
[1,698s][debug][gc,director    ] Rule Major: Warmup 10%, Used: 292MB, UsedThreshold: 1228MB
[1,699s][debug][gc,nmethod     ] Register NMethod: jdk.internal.util.Architecture.isLittleEndian (0x000074dd3ec9e388) [0x000074dd3ec9e480, 0x000074dd3ec9e520] Compiler: c1, Barriers: 0, Oops: 0, ImmediateOops: 0, NonImmediateOops: No
[1,700s][debug][gc,nmethod     ] Register NMethod: io.sirix.page.KeyValueLeafPage.alignOffset (0x000074dd1f965288) [0x000074dd1f965380, 0x000074dd1f965468] Compiler: c1, Barriers: 0, Oops: 1, ImmediateOops: 0, NonImmediateOops: No
[1,700s][debug][gc,nmethod     ] Register NMethod: jdk.internal.foreign.Utils.checkElementAlignment (0x000074dd1f965588) [0x000074dd1f965680, 0x000074dd1f965d28] Compiler: c1, Barriers: 0, Oops: 0, ImmediateOops: 0, NonImmediateOops: No
[1,700s][debug][gc,nmethod     ] Register NMethod: io.sirix.page.KeyValueLeafPage.getDeweyId (0x000074dd3ec9e688) [0x000074dd3ec9e780, 0x000074dd3ec9e8b8] Compiler: jvmci, Barriers: 1, Oops: 1, ImmediateOops: 0, NonImmediateOops: No
[1,700s][debug][gc,nmethod     ] Register NMethod: java.util.BitSet.<init> (0x000074dd1f965d88) [0x000074dd1f965e80, 0x000074dd1f966dc8] Compiler: c1, Barriers: 3, Oops: 1, ImmediateOops: 2, NonImmediateOops: No
[1,700s][debug][gc,nmethod     ] Register NMethod: jdk.internal.misc.ScopedMemoryAccess.getIntUnaligned (0x000074dd1f966e08) [0x000074dd1f966f00, 0x000074dd1f967d68] Compiler: c1, Barriers: 3, Oops: 0, ImmediateOops: 3, NonImmediateOops: No
[1,701s][debug][gc,nmethod     ] Register NMethod: jdk.internal.misc.ScopedMemoryAccess.getIntUnalignedInternal (0x000074dd1f967d88) [0x000074dd1f967e80, 0x000074dd1f9685f8] Compiler: c1, Barriers: 2, Oops: 0, ImmediateOops: 3, NonImmediateOops: No
[1,701s][debug][gc,nmethod     ] Register NMethod: io.sirix.page.PageReference.setPage (0x000074dd3ec9e988) [0x000074dd3ec9ea80, 0x000074dd3ec9ebb0] Compiler: c1, Barriers: 3, Oops: 1, ImmediateOops: 0, NonImmediateOops: No
[1,701s][debug][gc,nmethod     ] Register NMethod: jdk.internal.misc.ScopedMemoryAccess.getScopedMemoryAccess (0x000074dd1f968608) [0x000074dd1f968700, 0x000074dd1f9687e8] Compiler: c1, Barriers: 0, Oops: 0, ImmediateOops: 1, NonImmediateOops: No
[1,701s][debug][gc,nmethod     ] Register NMethod: jdk.internal.misc.Unsafe.getReferenceAcquire (0x000074dd3ec9ec88) [0x000074dd3ec9ed80, 0x000074dd3ec9ee30] Compiler: jvmci, Barriers: 1, Oops: 0, ImmediateOops: 0, NonImmediateOops: No
[1,701s][debug][gc,nmethod     ] Register NMethod: java.io.ByteArrayInputStream.read (0x000074dd1f968908) [0x000074dd1f968a00, 0x000074dd1f9690e8] Compiler: c1, Barriers: 1, Oops: 0, ImmediateOops: 0, NonImmediateOops: No
[1,701s][debug][gc,nmethod     ] Register NMethod: com.github.benmanes.caffeine.cache.BoundedLocalCache.expiresVariable (0x000074dd3ec9ef88) [0x000074dd3ec9f080, 0x000074dd3ec9f140] Compiler: c1, Barriers: 0, Oops: 1, ImmediateOops: 0, NonImmediateOops: No
[1,702s][debug][gc,nmethod     ] Register NMethod: jdk.internal.foreign.AbstractMemorySegmentImpl.get (0x000074dd1f969108) [0x000074dd1f969200, 0x000074dd1f96cb30] Compiler: c1, Barriers: 27, Oops: 5, ImmediateOops: 12, NonImmediateOops: No
[1,702s][debug][gc,nmethod     ] Register NMethod: io.sirix.page.KeyValueLeafPage.getSlot (0x000074dd1f96cb88) [0x000074dd1f96cc80, 0x000074dd1f982e88] Compiler: c1, Barriers: 194, Oops: 13, ImmediateOops: 50, NonImmediateOops: No
[1,702s][debug][gc,nmethod     ] Register NMethod: com.github.benmanes.caffeine.cache.BoundedLocalCache$BoundedLocalManualCache.cache (0x000074dd3ec9f288) [0x000074dd3ec9f380, 0x000074dd3ec9f468] Compiler: c1, Barriers: 1, Oops: 1, ImmediateOops: 0, NonImmediateOops: No
[1,703s][debug][gc,nmethod     ] Register NMethod: java.lang.invoke.VarHandleSegmentAsInts.get (0x000074dd1f982f08) [0x000074dd1f983000, 0x000074dd1f988228] Compiler: c1, Barriers: 24, Oops: 2, ImmediateOops: 6, NonImmediateOops: No
[1,703s][debug][gc,nmethod     ] Register NMethod: java.lang.invoke.VarHandleSegmentAsInts.get (0x000074dd1f988288) [0x000074dd1f988380, 0x000074dd1f98d820] Compiler: c1, Barriers: 24, Oops: 2, ImmediateOops: 6, NonImmediateOops: No
[1,703s][debug][gc,nmethod     ] Register NMethod: io.sirix.access.trx.page.NodePageReadOnlyTrx.assertNotClosed (0x000074dd1f98d888) [0x000074dd1f98d980, 0x000074dd1f98db98] Compiler: c1, Barriers: 0, Oops: 1, ImmediateOops: 1, NonImmediateOops: No
[1,703s][debug][gc,nmethod     ] Register NMethod: jdk.internal.misc.Unsafe.getAndAddInt (0x000074dd1f98dc08) [0x000074dd1f98dd00, 0x000074dd1f98e0d8] Compiler: c1, Barriers: 0, Oops: 0, ImmediateOops: 0, NonImmediateOops: No
[1,703s][debug][gc,nmethod     ] Register NMethod: com.github.benmanes.caffeine.cache.BoundedLocalCache.expiresAfterWrite (0x000074dd3ec9f588) [0x000074dd3ec9f680, 0x000074dd3ec9f740] Compiler: c1, Barriers: 0, Oops: 1, ImmediateOops: 0, NonImmediateOops: No
[1,703s][debug][gc,nmethod     ] Register NMethod: java.util.concurrent.ConcurrentHashMap.<init> (0x000074dd1f98e108) [0x000074dd1f98e200, 0x000074dd1f98e3b8] Compiler: c1, Barriers: 0, Oops: 0, ImmediateOops: 0, NonImmediateOops: No
[1,703s][debug][gc,nmethod     ] Register NMethod: jdk.internal.misc.Unsafe.convEndian (0x000074dd1f98e408) [0x000074dd1f98e500, 0x000074dd1f98e658] Compiler: c1, Barriers: 0, Oops: 0, ImmediateOops: 0, NonImmediateOops: No
[1,703s][debug][gc,nmethod     ] Register NMethod: com.github.benmanes.caffeine.cache.DisabledTicker.read (0x000074dd3ec9f888) [0x000074dd3ec9f980, 0x000074dd3ec9fa40] Compiler: c1, Barriers: 0, Oops: 1, ImmediateOops: 0, NonImmediateOops: No
[1,703s][debug][gc,nmethod     ] Register NMethod: java.util.Arrays.fill (0x000074dd3ec9fb88) [0x000074dd3ec9fc80, 0x000074dd3ec9fe78] Compiler: jvmci, Barriers: 0, Oops: 0, ImmediateOops: 0, NonImmediateOops: No
[1,704s][debug][gc,nmethod     ] Register NMethod: java.util.concurrent.atomic.AtomicLong.incrementAndGet (0x000074dd1f98e708) [0x000074dd1f98e800, 0x000074dd1f98e918] Compiler: c1, Barriers: 0, Oops: 0, ImmediateOops: 0, NonImmediateOops: No
[1,704s][debug][gc,nmethod     ] Register NMethod: java.lang.Class.componentType (0x000074dd1f98ea08) [0x000074dd1f98eb00, 0x000074dd1f98ee00] Compiler: c1, Barriers: 1, Oops: 0, ImmediateOops: 0, NonImmediateOops: No
[1,704s][debug][gc,nmethod     ] Register NMethod: jdk.internal.foreign.Utils$BaseAndScale$$TypeSwitch/0x000000006924c368.typeSwitch (0x000074dd1f98ee08) [0x000074dd1f98ef00, 0x000074dd1f990228] Compiler: c1, Barriers: 0, Oops: 0, ImmediateOops: 0, NonImmediateOops: No
[1,704s][debug][gc,nmethod     ] Register NMethod: java.util.concurrent.ForkJoinPool.slotOffset (0x000074dd3ec9fe88) [0x000074dd3ec9ff80, 0x000074dd3ec9fff0] Compiler: jvmci, Barriers: 0, Oops: 0, ImmediateOops: 0, NonImmediateOops: No
[1,704s][debug][gc,nmethod     ] Register NMethod: jdk.internal.foreign.Utils$BaseAndScale.of (0x000074dd1f990288) [0x000074dd1f990380, 0x000074dd1f991998] Compiler: c1, Barriers: 1, Oops: 2, ImmediateOops: 10, NonImmediateOops: No
[1,705s][debug][gc,nmethod     ] Register NMethod: jdk.internal.foreign.AbstractMemorySegmentImpl.asSliceNoCheck (0x000074dd3eca0188) [0x000074dd3eca0280, 0x000074dd3eca0430] Compiler: jvmci, Barriers: 3, Oops: 0, ImmediateOops: 0, NonImmediateOops: No
[1,707s][debug][gc,nmethod     ] Register NMethod: sun.net.www.protocol.file.Handler.parseURL (0x000074dd3eca0488) [0x000074dd3eca0580, 0x000074dd3eca0650] Compiler: jvmci, Barriers: 0, Oops: 0, ImmediateOops: 0, NonImmediateOops: No
[1,708s][debug][gc,director    ] Rule Major: Warmup 10%, Used: 294MB, UsedThreshold: 1228MB
[1,710s][debug][gc,nmethod     ] Register NMethod: java.lang.Package$VersionInfo.getInstance (0x000074dd1f991a08) [0x000074dd1f991b00, 0x000074dd1f991e48] Compiler: c1, Barriers: 0, Oops: 0, ImmediateOops: 1, NonImmediateOops: No
[1,710s][debug][gc,nmethod     ] Register NMethod: java.lang.Package.<init> (0x000074dd1f991e88) [0x000074dd1f991f80, 0x000074dd1f9925b8] Compiler: c1, Barriers: 4, Oops: 0, ImmediateOops: 1, NonImmediateOops: No
[1,711s][debug][gc,nmethod     ] Register NMethod: io.sirix.page.KeyValueLeafPage.getSlot (0x000074dd3eca0788) [0x000074dd3eca0880, 0x000074dd3eca0fd0] Compiler: jvmci, Barriers: 9, Oops: 4, ImmediateOops: 0, NonImmediateOops: No
[1,711s][debug][gc,nmethod     ] Register NMethod: io.sirix.settings.Fixed.getStandardProperty (0x000074dd3eca1008) [0x000074dd3eca1100, 0x000074dd3eca11c0] Compiler: c1, Barriers: 0, Oops: 1, ImmediateOops: 0, NonImmediateOops: No
[1,712s][debug][gc,nmethod     ] Register NMethod: jdk.internal.foreign.NativeMemorySegmentImpl.address (0x000074dd3eca1308) [0x000074dd3eca1400, 0x000074dd3eca14c0] Compiler: c1, Barriers: 0, Oops: 0, ImmediateOops: 0, NonImmediateOops: No
[1,712s][debug][gc,nmethod     ] Register NMethod: jdk.internal.misc.ScopedMemoryAccess.putIntUnalignedInternal (0x000074dd1f992608) [0x000074dd1f992700, 0x000074dd1f992e88] Compiler: c1, Barriers: 2, Oops: 0, ImmediateOops: 3, NonImmediateOops: No
[1,712s][debug][gc,nmethod     ] Register NMethod: jdk.internal.misc.ScopedMemoryAccess.putIntUnaligned (0x000074dd1f992f08) [0x000074dd1f993000, 0x000074dd1f993e88] Compiler: c1, Barriers: 3, Oops: 0, ImmediateOops: 3, NonImmediateOops: No
[1,713s][debug][gc,nmethod     ] Register NMethod: io.sirix.page.RevisionRootPage.delegate (0x000074dd3eca1608) [0x000074dd3eca1700, 0x000074dd3eca17e8] Compiler: c1, Barriers: 1, Oops: 1, ImmediateOops: 0, NonImmediateOops: No
[1,714s][debug][gc,nmethod     ] Register NMethod: jdk.internal.foreign.layout.AbstractLayout.name (0x000074dd3eca1908) [0x000074dd3eca1a00, 0x000074dd3eca1ae8] Compiler: c1, Barriers: 1, Oops: 0, ImmediateOops: 0, NonImmediateOops: No
[1,714s][debug][gc,nmethod     ] Register NMethod: jdk.internal.foreign.layout.AbstractGroupLayout.memberLayouts (0x000074dd3eca1c08) [0x000074dd3eca1d00, 0x000074dd3eca1de8] Compiler: c1, Barriers: 1, Oops: 0, ImmediateOops: 0, NonImmediateOops: No
[1,714s][debug][gc,nmethod     ] Register NMethod: java.util.Arrays.fill (0x000074dd3eca1f08) [0x000074dd3eca2000, 0x000074dd3eca21b0] Compiler: jvmci, Barriers: 0, Oops: 0, ImmediateOops: 0, NonImmediateOops: No
[1,714s][debug][gc,nmethod     ] Register NMethod: java.lang.invoke.MethodHandle.invokeBasic (0x000074dd3eca2208) [0x000074dd3eca2300, 0x000074dd3eca2598] Compiler: , Barriers: 0, Oops: 0, ImmediateOops: 0, NonImmediateOops: No
[1,714s][debug][gc,nmethod     ] Register NMethod: jdk.internal.misc.Unsafe.getIntOpaque (0x000074dd1f993f08) [0x000074dd1f994000, 0x000074dd1f994100] Compiler: c1, Barriers: 0, Oops: 0, ImmediateOops: 0, NonImmediateOops: No
[1,714s][debug][gc,nmethod     ] Register NMethod: java.lang.System.currentTimeMillis (0x000074dd3eca2608) [0x000074dd3eca2700, 0x000074dd3eca2858] Compiler: , Barriers: 0, Oops: 0, ImmediateOops: 1, NonImmediateOops: No
[1,715s][debug][gc,nmethod     ] Register NMethod: com.github.benmanes.caffeine.cache.BLCHeader$DrainStatusRef.drainStatusOpaque (0x000074dd1f994208) [0x000074dd1f994300, 0x000074dd1f995140] Compiler: c1, Barriers: 0, Oops: 6, ImmediateOops: 6, NonImmediateOops: No
[1,715s][debug][gc,nmethod     ] Register NMethod: java.lang.invoke.VarHandleInts$FieldInstanceReadOnly.getOpaque (0x000074dd1f995188) [0x000074dd1f995280, 0x000074dd1f995e90] Compiler: c1, Barriers: 1, Oops: 1, ImmediateOops: 1, NonImmediateOops: No
[1,715s][debug][gc,nmethod     ] Register NMethod: java.lang.invoke.VarHandleGuards.guard_L_I (0x000074dd1f995f08) [0x000074dd1f996000, 0x000074dd1f998ea0] Compiler: c1, Barriers: 28, Oops: 0, ImmediateOops: 2, NonImmediateOops: No
[1,715s][debug][gc,nmethod     ] Register NMethod: java.util.WeakHashMap.expungeStaleEntries (0x000074dd3eca2908) [0x000074dd3eca2a00, 0x000074dd3eca2b38] Compiler: jvmci, Barriers: 2, Oops: 0, ImmediateOops: 0, NonImmediateOops: No
[1,716s][debug][gc,nmethod     ] Register NMethod: io.sirix.page.RevisionRootPage.getRevision (0x000074dd3eca2c08) [0x000074dd3eca2d00, 0x000074dd3eca2dc0] Compiler: c1, Barriers: 0, Oops: 1, ImmediateOops: 0, NonImmediateOops: No
[1,718s][debug][gc,director    ] Rule Major: Warmup 10%, Used: 294MB, UsedThreshold: 1228MB
[1,719s][debug][gc,nmethod     ] Register NMethod: java.util.BitSet.recalculateWordsInUse (0x000074dd1f998f08) [0x000074dd1f999000, 0x000074dd1f999240] Compiler: c1, Barriers: 1, Oops: 0, ImmediateOops: 0, NonImmediateOops: No
[1,720s][debug][gc,nmethod     ] Register NMethod: io.sirix.page.PageReference.getPage (0x000074dd3eca2f08) [0x000074dd3eca3000, 0x000074dd3eca30e8] Compiler: c1, Barriers: 1, Oops: 1, ImmediateOops: 0, NonImmediateOops: No
[1,720s][debug][gc,nmethod     ] Register NMethod: jdk.internal.misc.Unsafe.getBooleanVolatile (0x000074dd3eca3208) [0x000074dd3eca3300, 0x000074dd3eca3470] Compiler: , Barriers: 0, Oops: 0, ImmediateOops: 0, NonImmediateOops: No
[1,720s][debug][gc,nmethod     ] Register NMethod: jdk.internal.misc.Unsafe.getLongUnaligned (0x000074dd1f999288) [0x000074dd1f999380, 0x000074dd1f999560] Compiler: c1, Barriers: 0, Oops: 0, ImmediateOops: 0, NonImmediateOops: No
[1,720s][debug][gc,nmethod     ] Register NMethod: io.sirix.page.KeyValueLeafPage.isClosed (0x000074dd3eca3508) [0x000074dd3eca3600, 0x000074dd3eca36c0] Compiler: c1, Barriers: 0, Oops: 1, ImmediateOops: 0, NonImmediateOops: No
[1,720s][debug][gc,nmethod     ] Register NMethod: jdk.internal.misc.ScopedMemoryAccess.getLongUnaligned (0x000074dd1f999588) [0x000074dd1f999680, 0x000074dd1f99a4e8] Compiler: c1, Barriers: 3, Oops: 0, ImmediateOops: 3, NonImmediateOops: No
[1,720s][debug][gc,nmethod     ] Register NMethod: jdk.internal.misc.ScopedMemoryAccess.getLongUnalignedInternal (0x000074dd1f99a508) [0x000074dd1f99a600, 0x000074dd1f99ad78] Compiler: c1, Barriers: 2, Oops: 0, ImmediateOops: 3, NonImmediateOops: No
[1,720s][debug][gc,nmethod     ] Register NMethod: io.sirix.cache.PageContainer.getModified (0x000074dd3eca3808) [0x000074dd3eca3900, 0x000074dd3eca39e8] Compiler: c1, Barriers: 1, Oops: 1, ImmediateOops: 0, NonImmediateOops: No
[1,721s][debug][gc,nmethod     ] Register NMethod: java.io.UnixFileSystem.resolve (0x000074dd3eca3b08) [0x000074dd3eca3d00, 0x000074dd3eca4b50] Compiler: jvmci, Barriers: 6, Oops: 0, ImmediateOops: 2, NonImmediateOops: No
[1,721s][debug][gc,nmethod     ] Register NMethod: jdk.internal.misc.Unsafe.putLongUnaligned (0x000074dd1f99ad88) [0x000074dd1f99ae80, 0x000074dd1f99b088] Compiler: c1, Barriers: 0, Oops: 0, ImmediateOops: 0, NonImmediateOops: No
[1,722s][debug][gc,nmethod     ] Register NMethod: java.util.Optional.get (0x000074dd1f99b108) [0x000074dd1f99b200, 0x000074dd1f99b440] Compiler: c1, Barriers: 1, Oops: 0, ImmediateOops: 1, NonImmediateOops: No
[1,722s][debug][gc,nmethod     ] Register NMethod: jdk.internal.misc.ScopedMemoryAccess.putLongUnalignedInternal (0x000074dd1f99b488) [0x000074dd1f99b580, 0x000074dd1f99bd08] Compiler: c1, Barriers: 2, Oops: 0, ImmediateOops: 3, NonImmediateOops: No
[1,722s][debug][gc,nmethod     ] Register NMethod: jdk.internal.foreign.AbstractMemorySegmentImpl.set (0x000074dd1f99bd88) [0x000074dd1f99be80, 0x000074dd1f9a1400] Compiler: c1, Barriers: 42, Oops: 6, ImmediateOops: 18, NonImmediateOops: No
[1,722s][debug][gc,nmethod     ] Register NMethod: jdk.internal.misc.ScopedMemoryAccess.putLongUnaligned (0x000074dd1f9a1488) [0x000074dd1f9a1580, 0x000074dd1f9a2408] Compiler: c1, Barriers: 3, Oops: 0, ImmediateOops: 3, NonImmediateOops: No
[1,722s][debug][gc,nmethod     ] Register NMethod: java.lang.invoke.VarHandleSegmentAsInts.set (0x000074dd1f9a2488) [0x000074dd1f9a2580, 0x000074dd1f9a7b50] Compiler: c1, Barriers: 24, Oops: 2, ImmediateOops: 7, NonImmediateOops: No
[1,722s][debug][gc,nmethod     ] Register NMethod: java.io.File.<init> (0x000074dd3eca4b88) [0x000074dd3eca4d80, 0x000074dd3eca5a68] Compiler: jvmci, Barriers: 15, Oops: 1, ImmediateOops: 4, NonImmediateOops: No
[1,723s][debug][gc,nmethod     ] Register NMethod: java.lang.invoke.VarHandleSegmentAsInts.set (0x000074dd1f9a7b88) [0x000074dd1f9a7c80, 0x000074dd1f9acfd8] Compiler: c1, Barriers: 24, Oops: 2, ImmediateOops: 7, NonImmediateOops: No
[1,723s][debug][gc,nmethod     ] Register NMethod: io.sirix.node.delegates.NodeDelegate.getNodeKey (0x000074dd3eca5a88) [0x000074dd3eca5b80, 0x000074dd3eca5c40] Compiler: c1, Barriers: 0, Oops: 1, ImmediateOops: 0, NonImmediateOops: No
[1,723s][debug][gc,nmethod     ] Register NMethod: io.sirix.access.trx.node.AbstractNodeReadOnlyTrx.assertNotClosed (0x000074dd1f9ad008) [0x000074dd1f9ad100, 0x000074dd1f9ad308] Compiler: c1, Barriers: 0, Oops: 1, ImmediateOops: 1, NonImmediateOops: No
[1,723s][debug][gc,nmethod     ] Register NMethod: io.sirix.access.trx.node.AbstractNodeReadOnlyTrx.getCurrentNode (0x000074dd3eca5d88) [0x000074dd3eca5e80, 0x000074dd3eca5f68] Compiler: c1, Barriers: 1, Oops: 1, ImmediateOops: 0, NonImmediateOops: No
[1,723s][debug][gc,nmethod     ] Register NMethod: io.sirix.node.xml.ElementNode.getNodeKey (0x000074dd3eca6088) [0x000074dd3eca6180, 0x000074dd3eca6240] Compiler: c1, Barriers: 0, Oops: 1, ImmediateOops: 0, NonImmediateOops: No
[1,723s][debug][gc,nmethod     ] Register NMethod: io.sirix.cache.PageContainer.getComplete (0x000074dd3eca6388) [0x000074dd3eca6480, 0x000074dd3eca6568] Compiler: c1, Barriers: 1, Oops: 1, ImmediateOops: 0, NonImmediateOops: No
[1,723s][debug][gc,nmethod     ] Register NMethod: java.util.concurrent.locks.AbstractQueuedSynchronizer.compareAndSetState (0x000074dd1f9ad388) [0x000074dd1f9ad480, 0x000074dd1f9ad598] Compiler: c1, Barriers: 0, Oops: 0, ImmediateOops: 0, NonImmediateOops: No
[1,723s][debug][gc,nmethod     ] Register NMethod: java.lang.invoke.MethodHandle.invokeBasic (0x000074dd3eca6688) [0x000074dd3eca6780, 0x000074dd3eca6a18] Compiler: , Barriers: 0, Oops: 0, ImmediateOops: 0, NonImmediateOops: No
[1,723s][debug][gc,nmethod     ] Register NMethod: java.lang.invoke.MethodHandle.invokeBasic (0x000074dd3eca6a88) [0x000074dd3eca6b80, 0x000074dd3eca6e18] Compiler: , Barriers: 0, Oops: 0, ImmediateOops: 0, NonImmediateOops: No
[1,724s][debug][gc,nmethod     ] Register NMethod: java.lang.invoke.VarHandleGuards.guard_LJ_J (0x000074dd1f9ad688) [0x000074dd1f9ad780, 0x000074dd1f9b0640] Compiler: c1, Barriers: 28, Oops: 0, ImmediateOops: 2, NonImmediateOops: No
[1,724s][debug][gc,nmethod     ] Register NMethod: java.lang.invoke.VarHandleSegmentAsLongs.get (0x000074dd1f9b0688) [0x000074dd1f9b0780, 0x000074dd1f9b5c20] Compiler: c1, Barriers: 24, Oops: 2, ImmediateOops: 6, NonImmediateOops: No
[1,724s][debug][gc,nmethod     ] Register NMethod: jdk.internal.foreign.NativeMemorySegmentImpl.<init> (0x000074dd3eca6e88) [0x000074dd3eca6fa0, 0x000074dd3eca70a0] Compiler: jvmci, Barriers: 3, Oops: 0, ImmediateOops: 0, NonImmediateOops: No
[1,724s][debug][gc,nmethod     ] Register NMethod: java.lang.invoke.VarHandleGuards.guard_LJJ_V (0x000074dd1f9b5c88) [0x000074dd1f9b5d80, 0x000074dd1f9ba950] Compiler: c1, Barriers: 46, Oops: 1, ImmediateOops: 6, NonImmediateOops: No
[1,724s][debug][gc,nmethod     ] Register NMethod: java.lang.invoke.VarHandleSegmentAsLongs.set (0x000074dd1f9ba988) [0x000074dd1f9baa80, 0x000074dd1f9c0050] Compiler: c1, Barriers: 24, Oops: 2, ImmediateOops: 7, NonImmediateOops: No
[1,724s][debug][gc,nmethod     ] Register NMethod: jdk.internal.foreign.SegmentFactories.initNativeMemory (0x000074dd1f9c0088) [0x000074dd1f9c0180, 0x000074dd1f9c03a0] Compiler: c1, Barriers: 0, Oops: 0, ImmediateOops: 0, NonImmediateOops: No
[1,724s][debug][gc,nmethod     ] Register NMethod: java.lang.invoke.VarHandleSegmentAsLongs.get (0x000074dd1f9c0408) [0x000074dd1f9c0500, 0x000074dd1f9c5728] Compiler: c1, Barriers: 24, Oops: 2, ImmediateOops: 6, NonImmediateOops: No
[1,724s][debug][gc,nmethod     ] Register NMethod: sun.misc.Unsafe.isMemoryAccessWarned (0x000074dd1f9c5788) [0x000074dd1f9c5880, 0x000074dd1f9c5980] Compiler: c1, Barriers: 0, Oops: 0, ImmediateOops: 1, NonImmediateOops: No
[1,724s][debug][gc,nmethod     ] Register NMethod: sun.misc.Unsafe.beforeMemoryAccess (0x000074dd1f9c5a88) [0x000074dd1f9c5b80, 0x000074dd1f9c5d88] Compiler: c1, Barriers: 0, Oops: 0, ImmediateOops: 1, NonImmediateOops: No
[1,724s][debug][gc,nmethod     ] Register NMethod: net.openhft.hashing.Access.i64 (0x000074dd1f9c5e08) [0x000074dd1f9c5f00, 0x000074dd1f9c6200] Compiler: c1, Barriers: 0, Oops: 1, ImmediateOops: 0, NonImmediateOops: No
[1,724s][debug][gc,nmethod     ] Register NMethod: sun.misc.Unsafe.getLong (0x000074dd1f9c6288) [0x000074dd1f9c6380, 0x000074dd1f9c65f8] Compiler: c1, Barriers: 0, Oops: 0, ImmediateOops: 1, NonImmediateOops: No
[1,724s][debug][gc,nmethod     ] Register NMethod: io.sirix.api.PageReadOnlyTrx.recordPageOffset (0x000074dd1f9c6608) [0x000074dd1f9c6700, 0x000074dd1f9c67f8] Compiler: c1, Barriers: 0, Oops: 1, ImmediateOops: 0, NonImmediateOops: No
[1,724s][debug][gc,nmethod     ] Register NMethod: io.sirix.access.trx.page.NodePageReadOnlyTrx.pageKey (0x000074dd1f9c6908) [0x000074dd1f9c6a00, 0x000074dd1f9c7180] Compiler: c1, Barriers: 0, Oops: 1, ImmediateOops: 2, NonImmediateOops: No
[1,724s][debug][gc,nmethod     ] Register NMethod: net.openhft.hashing.UnsafeAccess.getLong (0x000074dd1f9c7208) [0x000074dd1f9c7300, 0x000074dd1f9c77a0] Compiler: c1, Barriers: 0, Oops: 1, ImmediateOops: 2, NonImmediateOops: No
[1,724s][debug][gc,nmethod     ] Register NMethod: io.sirix.access.trx.page.NodePageTrx.getMostRecentPageContainer (0x000074dd1f9c7808) [0x000074dd1f9c7900, 0x000074dd1f9c7f30] Compiler: c1, Barriers: 9, Oops: 1, ImmediateOops: 1, NonImmediateOops: No
[1,724s][debug][gc,nmethod     ] Register NMethod: io.sirix.page.KeyValueLeafPage.getRecord (0x000074dd1f9c7f88) [0x000074dd1f9c8080, 0x000074dd1f9c8210] Compiler: c1, Barriers: 2, Oops: 1, ImmediateOops: 0, NonImmediateOops: No
[1,724s][debug][gc,nmethod     ] Register NMethod: io.sirix.index.path.summary.PathNode.delegate (0x000074dd3eca7188) [0x000074dd3eca7280, 0x000074dd3eca7368] Compiler: c1, Barriers: 1, Oops: 1, ImmediateOops: 0, NonImmediateOops: No
[1,724s][debug][gc,nmethod     ] Register NMethod: io.sirix.index.path.summary.PathSummaryReader.assertNotClosed (0x000074dd1f9c8288) [0x000074dd1f9c8380, 0x000074dd1f9c8588] Compiler: c1, Barriers: 0, Oops: 1, ImmediateOops: 1, NonImmediateOops: No
[1,725s][debug][gc,nmethod     ] Register NMethod: io.sirix.node.MemorySegmentBytesOut.writeLong (0x000074dd1f9c8608) [0x000074dd1f9c8700, 0x000074dd1f9c8898] Compiler: c1, Barriers: 1, Oops: 1, ImmediateOops: 0, NonImmediateOops: No
[1,725s][debug][gc,nmethod     ] Register NMethod: io.sirix.node.AbstractForwardingNode.getNodeKey (0x000074dd1f9c8908) [0x000074dd1f9c8a00, 0x000074dd1f9c8d30] Compiler: c1, Barriers: 0, Oops: 1, ImmediateOops: 0, NonImmediateOops: No
[1,725s][debug][gc,nmethod     ] Register NMethod: io.sirix.access.trx.page.NodePageTrx.delegate (0x000074dd3eca7488) [0x000074dd3eca7580, 0x000074dd3eca7668] Compiler: c1, Barriers: 1, Oops: 1, ImmediateOops: 0, NonImmediateOops: No
[1,725s][debug][gc,nmethod     ] Register NMethod: io.sirix.access.trx.page.NodePageReadOnlyTrx.getValue (0x000074dd1f9c8d88) [0x000074dd1f9c8e80, 0x000074dd1f9ca9e0] Compiler: c1, Barriers: 6, Oops: 1, ImmediateOops: 1, NonImmediateOops: No
[1,725s][debug][gc,nmethod     ] Register NMethod: io.sirix.access.trx.node.AbstractNodeReadOnlyTrx.setCurrentNode (0x000074dd1f9caa08) [0x000074dd1f9cab00, 0x000074dd1f9cafa0] Compiler: c1, Barriers: 3, Oops: 1, ImmediateOops: 1, NonImmediateOops: No
[1,725s][debug][gc,nmethod     ] Register NMethod: jdk.internal.foreign.SegmentFactories.initNativeMemory (0x000074dd1f9cb008) [0x000074dd1f9cb100, 0x000074dd1f9cb2a0] Compiler: c1, Barriers: 0, Oops: 0, ImmediateOops: 0, NonImmediateOops: No
[1,725s][debug][gc,nmethod     ] Register NMethod: java.lang.invoke.VarHandleSegmentAsLongs.set (0x000074dd1f9cb308) [0x000074dd1f9cb400, 0x000074dd1f9d0758] Compiler: c1, Barriers: 24, Oops: 2, ImmediateOops: 7, NonImmediateOops: No
[1,725s][debug][gc,nmethod     ] Register NMethod: com.google.common.base.Preconditions.checkArgument (0x000074dd1f9d0788) [0x000074dd1f9d0880, 0x000074dd1f9d0d00] Compiler: c1, Barriers: 0, Oops: 1, ImmediateOops: 1, NonImmediateOops: No
[1,725s][debug][gc,nmethod     ] Register NMethod: io.sirix.node.MemorySegmentBytesOut.writeInt (0x000074dd1f9d0d88) [0x000074dd1f9d0e80, 0x000074dd1f9d1018] Compiler: c1, Barriers: 1, Oops: 1, ImmediateOops: 0, NonImmediateOops: No
[1,725s][debug][gc,nmethod     ] Register NMethod: io.sirix.cache.PageContainer.getModifiedAsUnorderedKeyValuePage (0x000074dd1f9d1088) [0x000074dd1f9d1180, 0x000074dd1f9d14b8] Compiler: c1, Barriers: 1, Oops: 1, ImmediateOops: 0, NonImmediateOops: No
[1,725s][debug][gc,nmethod     ] Register NMethod: it.unimi.dsi.fastutil.HashCommon.mix (0x000074dd1f9d1508) [0x000074dd1f9d1600, 0x000074dd1f9d16f0] Compiler: c1, Barriers: 0, Oops: 1, ImmediateOops: 0, NonImmediateOops: No
[1,725s][debug][gc,nmethod     ] Register NMethod: com.sun.org.apache.xerces.internal.util.XMLChar.isContent (0x000074dd1f9d1808) [0x000074dd1f9d1900, 0x000074dd1f9d1ae8] Compiler: c1, Barriers: 0, Oops: 0, ImmediateOops: 1, NonImmediateOops: No
[1,725s][debug][gc,nmethod     ] Register NMethod: io.sirix.node.GrowingMemorySegment.writeLong (0x000074dd1f9d1b08) [0x000074dd1f9d1c00, 0x000074dd1f9d5a40] Compiler: c1, Barriers: 5, Oops: 6, ImmediateOops: 11, NonImmediateOops: No
[1,725s][debug][gc,nmethod     ] Register NMethod: io.sirix.node.xml.ElementNode.getKind (0x000074dd1f9d5a88) [0x000074dd1f9d5b80, 0x000074dd1f9d5c88] Compiler: c1, Barriers: 0, Oops: 1, ImmediateOops: 1, NonImmediateOops: No
[1,725s][debug][gc,nmethod     ] Register NMethod: io.sirix.node.xml.TextNode.getNodeKey (0x000074dd3eca7788) [0x000074dd3eca7880, 0x000074dd3eca7940] Compiler: c1, Barriers: 0, Oops: 1, ImmediateOops: 0, NonImmediateOops: No
[1,725s][debug][gc,nmethod     ] Register NMethod: io.sirix.node.xml.XmlDocumentRootNode.delegate (0x000074dd3eca7a88) [0x000074dd3eca7b80, 0x000074dd3eca7c68] Compiler: c1, Barriers: 1, Oops: 1, ImmediateOops: 0, NonImmediateOops: No
[1,726s][debug][gc,nmethod     ] Register NMethod: jdk.internal.misc.ScopedMemoryAccess.putByteInternal (0x000074dd1f9d5d88) [0x000074dd1f9d5e80, 0x000074dd1f9d63f8] Compiler: c1, Barriers: 2, Oops: 0, ImmediateOops: 2, NonImmediateOops: No
[1,726s][debug][gc,nmethod     ] Register NMethod: java.util.concurrent.locks.AbstractQueuedSynchronizer.release (0x000074dd1f9d6408) [0x000074dd1f9d6500, 0x000074dd1f9d7338] Compiler: c1, Barriers: 3, Oops: 0, ImmediateOops: 2, NonImmediateOops: No
[1,726s][debug][gc,nmethod     ] Register NMethod: io.sirix.access.trx.page.NodePageTrx.prepareRecordPage (0x000074dd1f9d7388) [0x000074dd1f9d7480, 0x000074dd1f9d9a28] Compiler: c1, Barriers: 38, Oops: 4, ImmediateOops: 3, NonImmediateOops: No
[1,726s][debug][gc,nmethod     ] Register NMethod: jdk.internal.misc.ScopedMemoryAccess.putByte (0x000074dd1f9d9a88) [0x000074dd1f9d9b80, 0x000074dd1f9da7f8] Compiler: c1, Barriers: 3, Oops: 0, ImmediateOops: 2, NonImmediateOops: No
[1,726s][debug][gc,nmethod     ] Register NMethod: io.sirix.access.trx.node.xml.XmlNodeTrxImpl.nodeReadOnlyTrxDelegate (0x000074dd1f9da808) [0x000074dd1f9da900, 0x000074dd1f9dac50] Compiler: c1, Barriers: 1, Oops: 1, ImmediateOops: 0, NonImmediateOops: No
[1,726s][debug][gc,nmethod     ] Register NMethod: java.util.concurrent.locks.ReentrantLock$Sync.tryRelease (0x000074dd1f9dac88) [0x000074dd1f9dad80, 0x000074dd1f9db880] Compiler: c1, Barriers: 5, Oops: 0, ImmediateOops: 0, NonImmediateOops: No
[1,726s][debug][gc,nmethod     ] Register NMethod: io.sirix.access.trx.node.AbstractNodeReadOnlyTrx.moveTo (0x000074dd1f9db888) [0x000074dd1f9db980, 0x000074dd1f9dd4f8] Compiler: c1, Barriers: 11, Oops: 1, ImmediateOops: 4, NonImmediateOops: No
[1,726s][debug][gc,nmethod     ] Register NMethod: io.sirix.access.trx.page.NodePageTrx.prepareRecordForModification (0x000074dd1f9dd508) [0x000074dd1f9dd600, 0x000074dd1f9df488] Compiler: c1, Barriers: 7, Oops: 2, ImmediateOops: 4, NonImmediateOops: No
[1,726s][debug][gc,nmethod     ] Register NMethod: jdk.internal.foreign.AbstractMemorySegmentImpl.set (0x000074dd1f9df508) [0x000074dd1f9df600, 0x000074dd1f9e4b80] Compiler: c1, Barriers: 42, Oops: 6, ImmediateOops: 18, NonImmediateOops: No
[1,726s][debug][gc,nmethod     ] Register NMethod: io.sirix.node.xml.ElementNode.getHash (0x000074dd1f9e4c08) [0x000074dd1f9e4d00, 0x000074dd1f9e8570] Compiler: c1, Barriers: 7, Oops: 6, ImmediateOops: 10, NonImmediateOops: No
[1,727s][debug][gc,nmethod     ] Register NMethod: com.google.common.base.Preconditions.checkArgument (0x000074dd1f9e8608) [0x000074dd1f9e8700, 0x000074dd1f9e88d0] Compiler: c1, Barriers: 0, Oops: 1, ImmediateOops: 0, NonImmediateOops: No
[1,727s][debug][gc,nmethod     ] Register NMethod: io.sirix.access.trx.page.NodePageReadOnlyTrx.checkItemIfDeleted (0x000074dd1f9e8908) [0x000074dd1f9e8a00, 0x000074dd1f9e8d60] Compiler: c1, Barriers: 0, Oops: 1, ImmediateOops: 0, NonImmediateOops: No
[1,727s][debug][gc,nmethod     ] Register NMethod: io.sirix.node.GrowingMemorySegment.writeInt (0x000074dd1f9e8d88) [0x000074dd1f9e8e80, 0x000074dd1f9eccb0] Compiler: c1, Barriers: 5, Oops: 6, ImmediateOops: 11, NonImmediateOops: No
[1,727s][debug][gc,nmethod     ] Register NMethod: jdk.internal.foreign.AbstractMemorySegmentImpl.asSlice (0x000074dd3eca7d88) [0x000074dd3eca7e80, 0x000074dd3eca8198] Compiler: jvmci, Barriers: 5, Oops: 0, ImmediateOops: 0, NonImmediateOops: No
[1,727s][debug][gc,nmethod     ] Register NMethod: io.sirix.access.trx.node.xml.XmlNodeHashing.getCurrentNode (0x000074dd1f9ecd08) [0x000074dd1f9ece00, 0x000074dd1f9ed5a8] Compiler: c1, Barriers: 2, Oops: 1, ImmediateOops: 0, NonImmediateOops: No
[1,727s][debug][gc,nmethod     ] Register NMethod: io.sirix.node.xml.TextNode.getKind (0x000074dd1f9ed608) [0x000074dd1f9ed700, 0x000074dd1f9ed808] Compiler: c1, Barriers: 0, Oops: 1, ImmediateOops: 1, NonImmediateOops: No
[1,727s][debug][gc,nmethod     ] Register NMethod: io.sirix.access.trx.node.xml.XmlNodeHashing.getCurrentNode (0x000074dd1f9ed908) [0x000074dd1f9eda00, 0x000074dd1f9edf90] Compiler: c1, Barriers: 2, Oops: 1, ImmediateOops: 0, NonImmediateOops: No
[1,727s][debug][gc,nmethod     ] Register NMethod: io.sirix.access.trx.node.AbstractNodeTrxImpl.getCurrentNode (0x000074dd1f9ee008) [0x000074dd1f9ee100, 0x000074dd1f9ee470] Compiler: c1, Barriers: 2, Oops: 1, ImmediateOops: 0, NonImmediateOops: No
[1,727s][debug][gc,nmethod     ] Register NMethod: io.sirix.access.trx.page.NodePageTrx.getPageContainer (0x000074dd1f9ee488) [0x000074dd1f9ee580, 0x000074dd1f9ef6c0] Compiler: c1, Barriers: 12, Oops: 4, ImmediateOops: 2, NonImmediateOops: No
[1,727s][debug][gc,nmethod     ] Register NMethod: io.sirix.access.ResourceConfiguration.storeChildCount (0x000074dd3eca8208) [0x000074dd3eca8300, 0x000074dd3eca83c0] Compiler: c1, Barriers: 0, Oops: 1, ImmediateOops: 0, NonImmediateOops: No
[1,727s][debug][gc,nmethod     ] Register NMethod: com.sun.org.apache.xerces.internal.impl.XMLEntityScanner.checkEntityLimit (0x000074dd1f9ef708) [0x000074dd1f9ef800, 0x000074dd1f9efaf8] Compiler: c1, Barriers: 0, Oops: 0, ImmediateOops: 4, NonImmediateOops: No
[1,727s][debug][gc,nmethod     ] Register NMethod: java.util.concurrent.locks.ReentrantLock.unlock (0x000074dd1f9efb08) [0x000074dd1f9efc00, 0x000074dd1f9f0218] Compiler: c1, Barriers: 2, Oops: 0, ImmediateOops: 0, NonImmediateOops: No
[1,727s][debug][gc,nmethod     ] Register NMethod: io.sirix.access.trx.page.NodePageTrx.getRecord (0x000074dd1f9f0288) [0x000074dd1f9f0380, 0x000074dd1f9f2320] Compiler: c1, Barriers: 8, Oops: 1, ImmediateOops: 2, NonImmediateOops: No
[1,727s][debug][gc,nmethod     ] Register NMethod: com.sun.org.apache.xerces.internal.impl.XMLDocumentFragmentScannerImpl.setScannerState (0x000074dd3eca8508) [0x000074dd3eca8600, 0x000074dd3eca86c0] Compiler: c1, Barriers: 0, Oops: 0, ImmediateOops: 0, NonImmediateOops: No
[1,727s][debug][gc,nmethod     ] Register NMethod: io.sirix.node.xml.ElementNode.getParentKey (0x000074dd1f9f2388) [0x000074dd1f9f2480, 0x000074dd1f9f7468] Compiler: c1, Barriers: 19, Oops: 7, ImmediateOops: 11, NonImmediateOops: No
[1,727s][debug][gc,nmethod     ] Register NMethod: jdk.internal.misc.Unsafe.allocateMemory0 (0x000074dd3eca8808) [0x000074dd3eca8900, 0x000074dd3eca8a58] Compiler: , Barriers: 0, Oops: 0, ImmediateOops: 0, NonImmediateOops: No
[1,727s][debug][gc,nmethod     ] Register NMethod: io.sirix.access.trx.node.AbstractNodeHashing.setAddDescendants (0x000074dd1f9f7508) [0x000074dd1f9f7600, 0x000074dd1f9f8188] Compiler: c1, Barriers: 0, Oops: 1, ImmediateOops: 0, NonImmediateOops: No
[1,728s][debug][gc,nmethod     ] Register NMethod: io.sirix.index.path.summary.PathNode.structDelegate (0x000074dd3eca8b08) [0x000074dd3eca8c00, 0x000074dd3eca8ce8] Compiler: c1, Barriers: 1, Oops: 1, ImmediateOops: 0, NonImmediateOops: No
[1,728s][debug][gc,nmethod     ] Register NMethod: io.sirix.node.xml.XmlDocumentRootNode.structDelegate (0x000074dd3eca8e08) [0x000074dd3eca8f00, 0x000074dd3eca8fe8] Compiler: c1, Barriers: 1, Oops: 1, ImmediateOops: 0, NonImmediateOops: No
[1,728s][debug][gc,nmethod     ] Register NMethod: it.unimi.dsi.fastutil.longs.LongArrayList.size (0x000074dd3eca9108) [0x000074dd3eca9200, 0x000074dd3eca92c0] Compiler: c1, Barriers: 0, Oops: 1, ImmediateOops: 0, NonImmediateOops: No
[1,728s][debug][gc,nmethod     ] Register NMethod: net.openhft.hashing.Maths.unsignedLongMulXorFold (0x000074dd1f9f8208) [0x000074dd1f9f8300, 0x000074dd1f9f8438] Compiler: c1, Barriers: 0, Oops: 1, ImmediateOops: 1, NonImmediateOops: No
[1,728s][debug][gc,nmethod     ] Register NMethod: java.lang.Math.multiplyHigh (0x000074dd1f9f8508) [0x000074dd1f9f8600, 0x000074dd1f9f8758] Compiler: c1, Barriers: 0, Oops: 0, ImmediateOops: 0, NonImmediateOops: No
[1,728s][debug][gc,nmethod     ] Register NMethod: net.openhft.hashing.MathsJDK9.unsignedLongMulXorFoldImp (0x000074dd1f9f8808) [0x000074dd1f9f8900, 0x000074dd1f9f8a80] Compiler: c1, Barriers: 0, Oops: 1, ImmediateOops: 0, NonImmediateOops: No
[1,728s][debug][gc,nmethod     ] Register NMethod: io.sirix.node.MemorySegmentBytesOut.writeByte (0x000074dd1f9f8b08) [0x000074dd1f9f8c00, 0x000074dd1f9f8d98] Compiler: c1, Barriers: 1, Oops: 1, ImmediateOops: 0, NonImmediateOops: No
[1,728s][debug][gc,nmethod     ] Register NMethod: io.sirix.node.xml.TextNode.getParentKey (0x000074dd1f9f8e08) [0x000074dd1f9f8f00, 0x000074dd1f9fdee8] Compiler: c1, Barriers: 19, Oops: 7, ImmediateOops: 11, NonImmediateOops: No
[1,728s][debug][gc,nmethod     ] Register NMethod: io.sirix.node.xml.ElementNode.setHash (0x000074dd1f9fdf88) [0x000074dd1f9fe080, 0x000074dd1fa01a08] Compiler: c1, Barriers: 7, Oops: 6, ImmediateOops: 11, NonImmediateOops: No
[1,728s][debug][gc,nmethod     ] Register NMethod: org.magicwerk.brownies.collections.GapList.get (0x000074dd1fa01a88) [0x000074dd1fa01b80, 0x000074dd1fa03578] Compiler: c1, Barriers: 0, Oops: 4, ImmediateOops: 4, NonImmediateOops: No
[1,728s][debug][gc,nmethod     ] Register NMethod: net.openhft.hashing.XXH3.XXH3_mix16B (0x000074dd1fa03608) [0x000074dd1fa03700, 0x000074dd1fa05090] Compiler: c1, Barriers: 0, Oops: 3, ImmediateOops: 8, NonImmediateOops: No
[1,728s][debug][gc,nmethod     ] Register NMethod: jdk.internal.foreign.MemorySessionImpl.checkValidState (0x000074dd1fa05108) [0x000074dd1fa05200, 0x000074dd1fa05ce8] Compiler: c1, Barriers: 3, Oops: 0, ImmediateOops: 2, NonImmediateOops: No
[1,728s][debug][gc,nmethod     ] Register NMethod: org.magicwerk.brownies.collections.GapList.doGet (0x000074dd1fa05d08) [0x000074dd1fa05e00, 0x000074dd1fa06138] Compiler: c1, Barriers: 2, Oops: 1, ImmediateOops: 0, NonImmediateOops: No
[1,729s][debug][gc,nmethod     ] Register NMethod: jdk.internal.foreign.AbstractMemorySegmentImpl.asSlice (0x000074dd3eca9408) [0x000074dd3eca9500, 0x000074dd3eca9818] Compiler: jvmci, Barriers: 5, Oops: 0, ImmediateOops: 0, NonImmediateOops: No
[1,729s][debug][gc,director    ] Rule Major: Warmup 10%, Used: 294MB, UsedThreshold: 1228MB
[1,729s][debug][gc,nmethod     ] Register NMethod: io.sirix.node.xml.ElementNode.getDescendantCount (0x000074dd1fa06188) [0x000074dd1fa06280, 0x000074dd1fa09af8] Compiler: c1, Barriers: 7, Oops: 6, ImmediateOops: 10, NonImmediateOops: No
[1,729s][debug][gc,nmethod     ] Register NMethod: io.sirix.axis.filter.AbstractFilter.getTrx (0x000074dd3eca9888) [0x000074dd3eca9980, 0x000074dd3eca9a68] Compiler: c1, Barriers: 1, Oops: 1, ImmediateOops: 0, NonImmediateOops: No
[1,729s][debug][gc,nmethod     ] Register NMethod: io.brackit.query.atomic.QNm.getPrefix (0x000074dd3eca9b88) [0x000074dd3eca9c80, 0x000074dd3eca9d68] Compiler: c1, Barriers: 1, Oops: 1, ImmediateOops: 0, NonImmediateOops: No
[1,729s][debug][gc,nmethod     ] Register NMethod: io.sirix.axis.AbstractAxis.getCursor (0x000074dd3eca9e88) [0x000074dd3eca9f80, 0x000074dd3ecaa068] Compiler: c1, Barriers: 1, Oops: 1, ImmediateOops: 0, NonImmediateOops: No
[1,729s][debug][gc,nmethod     ] Register NMethod: java.util.BitSet.cardinality (0x000074dd1fa09b88) [0x000074dd1fa09c80, 0x000074dd1fa09ee0] Compiler: c1, Barriers: 1, Oops: 0, ImmediateOops: 0, NonImmediateOops: No
[1,729s][debug][gc,nmethod     ] Register NMethod: io.brackit.query.atomic.QNm.getLocalName (0x000074dd3ecaa188) [0x000074dd3ecaa280, 0x000074dd3ecaa368] Compiler: c1, Barriers: 1, Oops: 1, ImmediateOops: 0, NonImmediateOops: No
[1,729s][debug][gc,nmethod     ] Register NMethod: io.sirix.page.AbstractForwardingPage.getOrCreateReference (0x000074dd1fa09f08) [0x000074dd1fa0a000, 0x000074dd1fa0a510] Compiler: c1, Barriers: 0, Oops: 1, ImmediateOops: 0, NonImmediateOops: No
[1,729s][debug][gc,nmethod     ] Register NMethod: io.sirix.node.xml.XmlDocumentRootNode.getHash (0x000074dd3ecaa488) [0x000074dd3ecaa580, 0x000074dd3ecaa640] Compiler: c1, Barriers: 0, Oops: 1, ImmediateOops: 0, NonImmediateOops: No
[1,729s][debug][gc,nmethod     ] Register NMethod: io.sirix.node.GrowingMemorySegment.writeByte (0x000074dd1fa0a588) [0x000074dd1fa0a680, 0x000074dd1fa0e2a0] Compiler: c1, Barriers: 5, Oops: 6, ImmediateOops: 10, NonImmediateOops: No
[1,729s][debug][gc,nmethod     ] Register NMethod: java.lang.ref.Cleaner$1.apply (0x000074dd3ecaa788) [0x000074dd3ecaa880, 0x000074dd3ecaa9c0] Compiler: jvmci, Barriers: 1, Oops: 0, ImmediateOops: 0, NonImmediateOops: No
[1,729s][debug][gc,nmethod     ] Register NMethod: java.lang.StringCoding.hasNegatives (0x000074dd1fa0e308) [0x000074dd1fa0e400, 0x000074dd1fa0e568] Compiler: c1, Barriers: 0, Oops: 0, ImmediateOops: 0, NonImmediateOops: No
[1,729s][debug][gc,nmethod     ] Register NMethod: io.sirix.index.path.summary.PathSummaryReader.getNodeKey (0x000074dd1fa0e608) [0x000074dd1fa0e700, 0x000074dd1fa0ebb0] Compiler: c1, Barriers: 1, Oops: 1, ImmediateOops: 1, NonImmediateOops: No
[1,730s][debug][gc,nmethod     ] Register NMethod: jdk.internal.foreign.AbstractMemorySegmentImpl.set (0x000074dd1fa0ec08) [0x000074dd1fa0ed00, 0x000074dd1fa14280] Compiler: c1, Barriers: 42, Oops: 6, ImmediateOops: 18, NonImmediateOops: No
[1,730s][debug][gc,nmethod     ] Register NMethod: io.sirix.access.trx.node.AbstractResourceSession.assertNotClosed (0x000074dd1fa14308) [0x000074dd1fa14400, 0x000074dd1fa14608] Compiler: c1, Barriers: 0, Oops: 1, ImmediateOops: 1, NonImmediateOops: No
[1,730s][debug][gc,nmethod     ] Register NMethod: io.sirix.access.trx.node.AbstractResourceSession.getResourceConfig (0x000074dd1fa14688) [0x000074dd1fa14780, 0x000074dd1fa14a20] Compiler: c1, Barriers: 1, Oops: 1, ImmediateOops: 1, NonImmediateOops: No
[1,730s][debug][gc,nmethod     ] Register NMethod: java.lang.invoke.MethodType.makeImpl (0x000074dd3ecaaa88) [0x000074dd3ecaab80, 0x000074dd3ecad4e0] Compiler: jvmci, Barriers: 81, Oops: 7, ImmediateOops: 11, NonImmediateOops: No
[1,730s][debug][gc,nmethod     ] Register NMethod: com.sun.org.apache.xerces.internal.util.XMLAttributesImpl.getLength (0x000074dd3ecad588) [0x000074dd3ecad680, 0x000074dd3ecad740] Compiler: c1, Barriers: 0, Oops: 0, ImmediateOops: 0, NonImmediateOops: No
[1,730s][debug][gc,nmethod     ] Register NMethod: io.sirix.node.xml.ElementNode.setDescendantCount (0x000074dd1fa14a88) [0x000074dd1fa14b80, 0x000074dd1fa18510] Compiler: c1, Barriers: 7, Oops: 6, ImmediateOops: 11, NonImmediateOops: No
[1,730s][debug][gc,nmethod     ] Register NMethod: java.lang.invoke.VarHandleGuards.guard_L_L (0x000074dd1fa18588) [0x000074dd1fa18680, 0x000074dd1fa1bb00] Compiler: c1, Barriers: 29, Oops: 0, ImmediateOops: 2, NonImmediateOops: No
[1,730s][debug][gc,nmethod     ] Register NMethod: com.sun.org.apache.xerces.internal.impl.XMLEntityScanner.checkBeforeLoad (0x000074dd1fa1bb08) [0x000074dd1fa1bc00, 0x000074dd1fa1c158] Compiler: c1, Barriers: 4, Oops: 0, ImmediateOops: 1, NonImmediateOops: No
[1,730s][debug][gc,nmethod     ] Register NMethod: java.util.BitSet.size (0x000074dd1fa1c188) [0x000074dd1fa1c280, 0x000074dd1fa1c3b8] Compiler: c1, Barriers: 1, Oops: 0, ImmediateOops: 0, NonImmediateOops: No
[1,730s][debug][gc,nmethod     ] Register NMethod: io.sirix.api.PageReadOnlyTrx.recordPageOffset (0x000074dd3ecad888) [0x000074dd3ecad980, 0x000074dd3ecad9f0] Compiler: jvmci, Barriers: 0, Oops: 1, ImmediateOops: 0, NonImmediateOops: No
[1,730s][debug][gc,nmethod     ] Register NMethod: java.lang.invoke.VarHandleSegmentAsBytes.set (0x000074dd1fa1c488) [0x000074dd1fa1c580, 0x000074dd1fa21920] Compiler: c1, Barriers: 24, Oops: 2, ImmediateOops: 6, NonImmediateOops: No
[1,730s][debug][gc,nmethod     ] Register NMethod: java.util.BitSet.and (0x000074dd1fa21988) [0x000074dd1fa21a80, 0x000074dd1fa21ed0] Compiler: c1, Barriers: 3, Oops: 0, ImmediateOops: 0, NonImmediateOops: No
[1,730s][debug][gc,nmethod     ] Register NMethod: java.util.BitSet.checkRange (0x000074dd1fa21f08) [0x000074dd1fa22000, 0x000074dd1fa24988] Compiler: c1, Barriers: 0, Oops: 4, ImmediateOops: 7, NonImmediateOops: No
[1,730s][debug][gc,nmethod     ] Register NMethod: io.sirix.page.delegates.BitmapReferencesPage.index (0x000074dd1fa24a08) [0x000074dd1fa24b00, 0x000074dd1fa25088] Compiler: c1, Barriers: 4, Oops: 1, ImmediateOops: 0, NonImmediateOops: No
[1,731s][debug][gc,nmethod     ] Register NMethod: io.sirix.page.delegates.BitmapReferencesPage.getOrCreateReference (0x000074dd1fa25108) [0x000074dd1fa25200, 0x000074dd1fa258b8] Compiler: c1, Barriers: 2, Oops: 1, ImmediateOops: 0, NonImmediateOops: No
[1,731s][debug][gc,nmethod     ] Register NMethod: java.util.BitSet.clear (0x000074dd1fa25908) [0x000074dd1fa25a00, 0x000074dd1fa25c00] Compiler: c1, Barriers: 1, Oops: 0, ImmediateOops: 0, NonImmediateOops: No
[1,731s][debug][gc,nmethod     ] Register NMethod: java.util.BitSet.flip (0x000074dd1fa25c08) [0x000074dd1fa25d00, 0x000074dd1fa26308] Compiler: c1, Barriers: 2, Oops: 0, ImmediateOops: 0, NonImmediateOops: No
[1,731s][debug][gc,nmethod     ] Register NMethod: java.util.concurrent.locks.ReentrantLock$NonfairSync.initialTryLock (0x000074dd1fa26388) [0x000074dd1fa26480, 0x000074dd1fa27170] Compiler: c1, Barriers: 5, Oops: 0, ImmediateOops: 1, NonImmediateOops: No
[1,731s][debug][gc,nmethod     ] Register NMethod: io.sirix.node.delegates.StructNodeDelegate.getRightSiblingKey (0x000074dd3ecadb88) [0x000074dd3ecadc80, 0x000074dd3ecadd40] Compiler: c1, Barriers: 0, Oops: 1, ImmediateOops: 0, NonImmediateOops: No
[1,731s][debug][gc,nmethod     ] Register NMethod: java.util.concurrent.locks.ReentrantLock$Sync.lock (0x000074dd1fa27188) [0x000074dd1fa27280, 0x000074dd1fa277f8] Compiler: c1, Barriers: 0, Oops: 0, ImmediateOops: 0, NonImmediateOops: No
[1,731s][debug][gc,nmethod     ] Register NMethod: java.util.concurrent.locks.ReentrantLock.lock (0x000074dd1fa27808) [0x000074dd1fa27900, 0x000074dd1fa280d0] Compiler: c1, Barriers: 1, Oops: 0, ImmediateOops: 0, NonImmediateOops: No
[1,731s][debug][gc,nmethod     ] Register NMethod: java.lang.Math.max (0x000074dd3ecade88) [0x000074dd3ecadf80, 0x000074dd3ecadff0] Compiler: jvmci, Barriers: 0, Oops: 0, ImmediateOops: 0, NonImmediateOops: No
[1,731s][debug][gc,nmethod     ] Register NMethod: io.sirix.utils.XMLToken.cl (0x000074dd1fa28108) [0x000074dd1fa28200, 0x000074dd1fa28360] Compiler: c1, Barriers: 0, Oops: 1, ImmediateOops: 1, NonImmediateOops: No
[1,732s][debug][gc,nmethod     ] Register NMethod: io.sirix.utils.XMLToken.isNCStartChar (0x000074dd1fa28408) [0x000074dd1fa28500, 0x000074dd1fa28b70] Compiler: c1, Barriers: 0, Oops: 1, ImmediateOops: 0, NonImmediateOops: No
[1,732s][debug][gc,nmethod     ] Register NMethod: io.sirix.utils.XMLToken.cp (0x000074dd1fa28b88) [0x000074dd1fa28c80, 0x000074dd1fa290b8] Compiler: c1, Barriers: 0, Oops: 1, ImmediateOops: 1, NonImmediateOops: No
[1,732s][debug][gc,nmethod     ] Register NMethod: io.sirix.utils.XMLToken.cl (0x000074dd1fa29108) [0x000074dd1fa29200, 0x000074dd1fa293e0] Compiler: c1, Barriers: 0, Oops: 1, ImmediateOops: 1, NonImmediateOops: No
[1,732s][debug][gc,nmethod     ] Register NMethod: com.google.common.base.Preconditions.checkState (0x000074dd1fa29408) [0x000074dd1fa29500, 0x000074dd1fa296e0] Compiler: c1, Barriers: 0, Oops: 1, ImmediateOops: 0, NonImmediateOops: No
[1,732s][debug][gc,nmethod     ] Register NMethod: io.sirix.node.MemorySegmentBytesOut.clear (0x000074dd1fa29708) [0x000074dd1fa29800, 0x000074dd1fa299b8] Compiler: c1, Barriers: 1, Oops: 1, ImmediateOops: 0, NonImmediateOops: No
[1,732s][debug][gc,nmethod     ] Register NMethod: io.sirix.node.GrowingMemorySegment.reset (0x000074dd1fa29a08) [0x000074dd1fa29b00, 0x000074dd1fa29c08] Compiler: c1, Barriers: 0, Oops: 1, ImmediateOops: 0, NonImmediateOops: No
[1,732s][debug][gc,nmethod     ] Register NMethod: io.sirix.axis.AbstractAxis.hasNext (0x000074dd1fa29d08) [0x000074dd1fa29e00, 0x000074dd1fa2a8c8] Compiler: c1, Barriers: 2, Oops: 1, ImmediateOops: 1, NonImmediateOops: No
[1,732s][debug][gc,nmethod     ] Register NMethod: io.sirix.node.delegates.NodeDelegate.getParentKey (0x000074dd3ecae188) [0x000074dd3ecae280, 0x000074dd3ecae340] Compiler: c1, Barriers: 0, Oops: 1, ImmediateOops: 0, NonImmediateOops: No
[1,732s][debug][gc,nmethod     ] Register NMethod: it.unimi.dsi.fastutil.longs.LongArrayList.isEmpty (0x000074dd1fa2a908) [0x000074dd1fa2aa00, 0x000074dd1fa2ab50] Compiler: c1, Barriers: 0, Oops: 1, ImmediateOops: 0, NonImmediateOops: No
[1,732s][debug][gc,nmethod     ] Register NMethod: io.brackit.query.sequence.AbstractSequence.<init> (0x000074dd1fa2ac08) [0x000074dd1fa2ad00, 0x000074dd1fa2ae58] Compiler: c1, Barriers: 0, Oops: 1, ImmediateOops: 0, NonImmediateOops: No
[1,732s][debug][gc,nmethod     ] Register NMethod: io.brackit.query.jdm.AbstractItem.<init> (0x000074dd1fa2af08) [0x000074dd1fa2b000, 0x000074dd1fa2b1b8] Compiler: c1, Barriers: 0, Oops: 1, ImmediateOops: 0, NonImmediateOops: No
[1,732s][debug][gc,nmethod     ] Register NMethod: io.sirix.index.path.summary.PathSummaryReader.moveTo (0x000074dd1fa2b208) [0x000074dd1fa2b300, 0x000074dd1fa2c008] Compiler: c1, Barriers: 13, Oops: 1, ImmediateOops: 2, NonImmediateOops: No
[1,733s][debug][gc,nmethod     ] Register NMethod: io.sirix.node.NodeKind.getId (0x000074dd3ecae488) [0x000074dd3ecae580, 0x000074dd3ecae648] Compiler: c1, Barriers: 0, Oops: 1, ImmediateOops: 0, NonImmediateOops: No
[1,733s][debug][gc,nmethod     ] Register NMethod: io.sirix.utils.XMLToken.isNCChar (0x000074dd1fa2c088) [0x000074dd1fa2c180, 0x000074dd1fa2c568] Compiler: c1, Barriers: 0, Oops: 1, ImmediateOops: 0, NonImmediateOops: No
[1,733s][debug][gc,nmethod     ] Register NMethod: io.sirix.node.delegates.StructNodeDelegate.getFirstChildKey (0x000074dd3ecae788) [0x000074dd3ecae880, 0x000074dd3ecae940] Compiler: c1, Barriers: 0, Oops: 1, ImmediateOops: 0, NonImmediateOops: No
[1,733s][debug][gc,nmethod     ] Register NMethod: io.sirix.index.path.summary.PathSummaryReader.getStructuralNode (0x000074dd1fa2c588) [0x000074dd1fa2c680, 0x000074dd1fa2ca38] Compiler: c1, Barriers: 1, Oops: 1, ImmediateOops: 0, NonImmediateOops: No
[1,733s][debug][gc,nmethod     ] Register NMethod: java.util.concurrent.atomic.AtomicLong.compareAndSet (0x000074dd1fa2ca88) [0x000074dd1fa2cb80, 0x000074dd1fa2cca0] Compiler: c1, Barriers: 0, Oops: 0, ImmediateOops: 0, NonImmediateOops: No
[1,733s][debug][gc,nmethod     ] Register NMethod: io.sirix.access.trx.node.AbstractNodeReadOnlyTrx.getKind (0x000074dd1fa2cd88) [0x000074dd1fa2ce80, 0x000074dd1fa2d4e8] Compiler: c1, Barriers: 1, Oops: 1, ImmediateOops: 1, NonImmediateOops: No
[1,733s][debug][gc,nmethod     ] Register NMethod: io.sirix.node.xml.ElementNode.getDeweyID (0x000074dd3ecaea88) [0x000074dd3ecaeb80, 0x000074dd3ecaec68] Compiler: c1, Barriers: 1, Oops: 1, ImmediateOops: 0, NonImmediateOops: No
[1,734s][debug][gc,nmethod     ] Register NMethod: java.util.ArrayList.getFirst (0x000074dd1fa2d508) [0x000074dd1fa2d600, 0x000074dd1fa2d900] Compiler: c1, Barriers: 2, Oops: 0, ImmediateOops: 0, NonImmediateOops: No
[1,734s][debug][gc,nmethod     ] Register NMethod: io.sirix.node.GrowingMemorySegment.position (0x000074dd3ecaed88) [0x000074dd3ecaee80, 0x000074dd3ecaef40] Compiler: c1, Barriers: 0, Oops: 1, ImmediateOops: 0, NonImmediateOops: No
[1,734s][debug][gc,nmethod     ] Register NMethod: io.sirix.node.GrowingMemorySegment.getUsedSegment (0x000074dd1fa2d908) [0x000074dd1fa2da00, 0x000074dd1fa2dff0] Compiler: c1, Barriers: 2, Oops: 1, ImmediateOops: 0, NonImmediateOops: No
[1,734s][debug][gc,nmethod     ] Register NMethod: java.util.concurrent.atomic.AtomicLong.addAndGet (0x000074dd1fa2e008) [0x000074dd1fa2e100, 0x000074dd1fa2e210] Compiler: c1, Barriers: 0, Oops: 0, ImmediateOops: 0, NonImmediateOops: No
[1,734s][debug][gc,nmethod     ] Register NMethod: java.lang.invoke.Invokers$Holder.linkToTargetMethod (0x000074dd1fa2e308) [0x000074dd1fa2e400, 0x000074dd1fa2e8f8] Compiler: c1, Barriers: 0, Oops: 0, ImmediateOops: 0, NonImmediateOops: No
[1,734s][debug][gc,nmethod     ] Register NMethod: io.sirix.page.RevisionRootPage.getMaxNodeKeyInDocumentIndex (0x000074dd3ecaf088) [0x000074dd3ecaf180, 0x000074dd3ecaf240] Compiler: c1, Barriers: 0, Oops: 1, ImmediateOops: 0, NonImmediateOops: No
[1,734s][debug][gc,nmethod     ] Register NMethod: java.nio.MappedByteBuffer.limit (0x000074dd1fa2e908) [0x000074dd1fa2ea00, 0x000074dd1fa2eba0] Compiler: c1, Barriers: 0, Oops: 0, ImmediateOops: 0, NonImmediateOops: No
[1,734s][debug][gc,nmethod     ] Register NMethod: java.nio.MappedByteBuffer.position (0x000074dd1fa2ec08) [0x000074dd1fa2ed00, 0x000074dd1fa2eea0] Compiler: c1, Barriers: 0, Oops: 0, ImmediateOops: 0, NonImmediateOops: No
[1,734s][debug][gc,nmethod     ] Register NMethod: io.sirix.node.xml.XmlDocumentRootNode.setHash (0x000074dd3ecaf388) [0x000074dd3ecaf480, 0x000074dd3ecaf540] Compiler: c1, Barriers: 0, Oops: 1, ImmediateOops: 0, NonImmediateOops: No
[1,734s][debug][gc,nmethod     ] Register NMethod: io.brackit.query.atomic.QNm.getNamespaceURI (0x000074dd3ecaf688) [0x000074dd3ecaf780, 0x000074dd3ecaf868] Compiler: c1, Barriers: 1, Oops: 1, ImmediateOops: 0, NonImmediateOops: No
[1,734s][debug][gc,nmethod     ] Register NMethod: io.sirix.access.trx.node.AbstractNodeTrxImpl.getDeweyID (0x000074dd1fa2ef08) [0x000074dd1fa2f000, 0x000074dd1fa2fb28] Compiler: c1, Barriers: 3, Oops: 1, ImmediateOops: 1, NonImmediateOops: No
[1,735s][debug][gc,nmethod     ] Register NMethod: com.sun.org.apache.xerces.internal.impl.XMLEntityScanner.skipChar (0x000074dd1fa2fb88) [0x000074dd1fa2fc80, 0x000074dd1fa301c8] Compiler: c1, Barriers: 3, Oops: 0, ImmediateOops: 0, NonImmediateOops: No
[1,735s][debug][gc,nmethod     ] Register NMethod: io.sirix.access.trx.page.NodePageReadOnlyTrx.getPage (0x000074dd1fa30208) [0x000074dd1fa30300, 0x000074dd1fa306a0] Compiler: c1, Barriers: 3, Oops: 1, ImmediateOops: 0, NonImmediateOops: No
[1,735s][debug][gc,nmethod     ] Register NMethod: com.sun.org.apache.xerces.internal.impl.XMLEntityScanner.peekChar (0x000074dd1fa30708) [0x000074dd1fa30800, 0x000074dd1fa30cb8] Compiler: c1, Barriers: 3, Oops: 0, ImmediateOops: 0, NonImmediateOops: No
[1,735s][debug][gc,nmethod     ] Register NMethod: jdk.internal.foreign.AbstractMemorySegmentImpl.isAlignedForElement (0x000074dd3ecaf988) [0x000074dd3ecafa80, 0x000074dd3ecafd20] Compiler: jvmci, Barriers: 0, Oops: 0, ImmediateOops: 0, NonImmediateOops: No
[1,735s][debug][gc,nmethod     ] Register NMethod: io.sirix.node.delegates.StructNodeDelegate.getDescendantCount (0x000074dd3ecafd88) [0x000074dd3ecafe80, 0x000074dd3ecaff40] Compiler: c1, Barriers: 0, Oops: 1, ImmediateOops: 0, NonImmediateOops: No
[1,735s][debug][gc,nmethod     ] Register NMethod: io.sirix.page.KeyValueLeafPage.setRecord (0x000074dd1fa30d08) [0x000074dd1fa30e00, 0x000074dd1fa31438] Compiler: c1, Barriers: 4, Oops: 1, ImmediateOops: 0, NonImmediateOops: No
[1,735s][debug][gc,nmethod     ] Register NMethod: io.sirix.access.trx.node.xml.ForwardingXmlNodeReadOnlyTrx.getNodeKey (0x000074dd1fa31488) [0x000074dd1fa31580, 0x000074dd1fa31b78] Compiler: c1, Barriers: 1, Oops: 1, ImmediateOops: 0, NonImmediateOops: No
[1,735s][debug][gc,nmethod     ] Register NMethod: io.sirix.access.trx.node.AbstractNodeReadOnlyTrx.getStructuralNode (0x000074dd1fa31b88) [0x000074dd1fa31c80, 0x000074dd1fa32738] Compiler: c1, Barriers: 4, Oops: 1, ImmediateOops: 0, NonImmediateOops: No
[1,735s][debug][gc,nmethod     ] Register NMethod: io.sirix.access.trx.node.AbstractNodeReadOnlyTrx.getNodeKey (0x000074dd1fa32788) [0x000074dd1fa32880, 0x000074dd1fa32ee8] Compiler: c1, Barriers: 1, Oops: 1, ImmediateOops: 1, NonImmediateOops: No
[1,735s][debug][gc,nmethod     ] Register NMethod: io.sirix.access.trx.page.NodePageReadOnlyTrx.loadPage (0x000074dd1fa32f08) [0x000074dd1fa33000, 0x000074dd1fa34ea0] Compiler: c1, Barriers: 15, Oops: 2, ImmediateOops: 2, NonImmediateOops: No
[1,735s][debug][gc,nmethod     ] Register NMethod: jdk.internal.misc.Unsafe.getLongUnaligned (0x000074dd3ecb0088) [0x000074dd3ecb0180, 0x000074dd3ecb0240] Compiler: jvmci, Barriers: 0, Oops: 0, ImmediateOops: 0, NonImmediateOops: No
[1,735s][debug][gc,nmethod     ] Register NMethod: io.sirix.node.delegates.NameNodeDelegate.getLocalNameKey (0x000074dd3ecb0388) [0x000074dd3ecb0480, 0x000074dd3ecb0540] Compiler: c1, Barriers: 0, Oops: 1, ImmediateOops: 0, NonImmediateOops: No
[1,735s][debug][gc,nmethod     ] Register NMethod: io.sirix.node.xml.TextNode.getLeftSiblingKey (0x000074dd1fa34f08) [0x000074dd1fa35000, 0x000074dd1fa39ff0] Compiler: c1, Barriers: 19, Oops: 7, ImmediateOops: 11, NonImmediateOops: No
[1,736s][debug][gc,nmethod     ] Register NMethod: io.sirix.node.delegates.StructNodeDelegate.setDescendantCount (0x000074dd3ecb0688) [0x000074dd3ecb0780, 0x000074dd3ecb0840] Compiler: c1, Barriers: 0, Oops: 1, ImmediateOops: 0, NonImmediateOops: No
[1,736s][debug][gc,nmethod     ] Register NMethod: io.sirix.node.xml.ElementNode.getKind (0x000074dd3ecb0988) [0x000074dd3ecb0a80, 0x000074dd3ecb0b10] Compiler: jvmci, Barriers: 0, Oops: 1, ImmediateOops: 1, NonImmediateOops: No
[1,736s][debug][gc,nmethod     ] Register NMethod: io.sirix.node.xml.TextNode.getDeweyID (0x000074dd3ecb0c88) [0x000074dd3ecb0d80, 0x000074dd3ecb0e68] Compiler: c1, Barriers: 1, Oops: 1, ImmediateOops: 0, NonImmediateOops: No
[1,736s][debug][gc,nmethod     ] Register NMethod: io.sirix.access.trx.node.AbstractNodeReadOnlyTrx.assertNotClosed (0x000074dd3ecb0f88) [0x000074dd3ecb1080, 0x000074dd3ecb1140] Compiler: jvmci, Barriers: 0, Oops: 1, ImmediateOops: 0, NonImmediateOops: No
[1,736s][debug][gc,nmethod     ] Register NMethod: com.sun.org.apache.xerces.internal.impl.XMLEntityScanner.scanContent (0x000074dd1fa3a088) [0x000074dd1fa3a180, 0x000074dd1fa3b138] Compiler: c1, Barriers: 11, Oops: 0, ImmediateOops: 1, NonImmediateOops: No
[1,737s][debug][gc,nmethod     ] Register NMethod: io.sirix.node.xml.TextNode.getRightSiblingKey (0x000074dd1fa3b188) [0x000074dd1fa3b280, 0x000074dd1fa40270] Compiler: c1, Barriers: 19, Oops: 7, ImmediateOops: 11, NonImmediateOops: No
[1,737s][debug][gc,nmethod     ] Register NMethod: java.util.Arrays.copyOf (0x000074dd1fa40308) [0x000074dd1fa40400, 0x000074dd1fa407c8] Compiler: c1, Barriers: 0, Oops: 0, ImmediateOops: 0, NonImmediateOops: No
[1,737s][debug][gc,nmethod     ] Register NMethod: java.util.concurrent.locks.AbstractQueuedSynchronizer.signalNext (0x000074dd1fa40808) [0x000074dd1fa40900, 0x000074dd1fa41b78] Compiler: c1, Barriers: 2, Oops: 0, ImmediateOops: 2, NonImmediateOops: No
[1,737s][debug][gc,nmethod     ] Register NMethod: jdk.internal.foreign.Utils.checkNonNegativeIndex (0x000074dd1fa41b88) [0x000074dd1fa41c80, 0x000074dd1fa42e48] Compiler: c1, Barriers: 0, Oops: 2, ImmediateOops: 3, NonImmediateOops: No
[1,737s][debug][gc,nmethod     ] Register NMethod: io.sirix.node.xml.AttributeNode.getNodeKey (0x000074dd3ecb1288) [0x000074dd3ecb1380, 0x000074dd3ecb1440] Compiler: c1, Barriers: 0, Oops: 1, ImmediateOops: 0, NonImmediateOops: No
[1,737s][debug][gc,nmethod     ] Register NMethod: jdk.internal.foreign.SegmentFactories.ensureInitialized (0x000074dd1fa42e88) [0x000074dd1fa42f80, 0x000074dd1fa43060] Compiler: c1, Barriers: 0, Oops: 0, ImmediateOops: 0, NonImmediateOops: No
[1,738s][debug][gc,nmethod     ] Register NMethod: io.brackit.query.atomic.AbstractAtomic.<init> (0x000074dd1fa43188) [0x000074dd1fa43280, 0x000074dd1fa43498] Compiler: c1, Barriers: 0, Oops: 1, ImmediateOops: 0, NonImmediateOops: No
[1,738s][debug][gc,nmethod     ] Register NMethod: io.sirix.axis.AbstractAxis.resetToLastKey (0x000074dd1fa43508) [0x000074dd1fa43600, 0x000074dd1fa43bb8] Compiler: c1, Barriers: 2, Oops: 1, ImmediateOops: 0, NonImmediateOops: No
[1,738s][debug][gc,nmethod     ] Register NMethod: jdk.internal.misc.Unsafe.alignToHeapWordSize (0x000074dd1fa43c08) [0x000074dd1fa43d00, 0x000074dd1fa43f70] Compiler: c1, Barriers: 0, Oops: 0, ImmediateOops: 0, NonImmediateOops: No
[1,738s][debug][gc,nmethod     ] Register NMethod: io.sirix.axis.AbstractAxis.tryToComputeNext (0x000074dd1fa43f88) [0x000074dd1fa44080, 0x000074dd1fa447b0] Compiler: c1, Barriers: 10, Oops: 1, ImmediateOops: 5, NonImmediateOops: No
[1,738s][debug][gc,nmethod     ] Register NMethod: jdk.internal.misc.Unsafe.allocateMemoryChecks (0x000074dd1fa44808) [0x000074dd1fa44900, 0x000074dd1fa44bb8] Compiler: c1, Barriers: 0, Oops: 0, ImmediateOops: 0, NonImmediateOops: No
[1,738s][debug][gc,nmethod     ] Register NMethod: jdk.internal.misc.Unsafe.allocateMemory (0x000074dd1fa44c08) [0x000074dd1fa44d00, 0x000074dd1fa45fb0] Compiler: c1, Barriers: 0, Oops: 2, ImmediateOops: 3, NonImmediateOops: No
[1,738s][debug][gc,nmethod     ] Register NMethod: com.sun.org.apache.xerces.internal.impl.XMLDocumentScannerImpl.next (0x000074dd1fa46008) [0x000074dd1fa46100, 0x000074dd1fa46448] Compiler: c1, Barriers: 1, Oops: 0, ImmediateOops: 0, NonImmediateOops: No
[1,738s][debug][gc,nmethod     ] Register NMethod: com.sun.org.apache.xerces.internal.impl.XMLNSDocumentScannerImpl.next (0x000074dd1fa46488) [0x000074dd1fa46580, 0x000074dd1fa46a68] Compiler: c1, Barriers: 2, Oops: 0, ImmediateOops: 0, NonImmediateOops: No
[1,739s][debug][gc,nmethod     ] Register NMethod: io.sirix.access.trx.page.NodePageTrx.createRecord (0x000074dd1fa46a88) [0x000074dd1fa46b80, 0x000074dd1fa4cfd8] Compiler: c1, Barriers: 30, Oops: 1, ImmediateOops: 6, NonImmediateOops: No
[1,739s][debug][gc,nmethod     ] Register NMethod: jdk.internal.misc.VM.isDirectMemoryPageAligned (0x000074dd1fa4d008) [0x000074dd1fa4d100, 0x000074dd1fa4d3e0] Compiler: c1, Barriers: 0, Oops: 0, ImmediateOops: 1, NonImmediateOops: No
[1,739s][debug][gc,director    ] Rule Major: Warmup 10%, Used: 294MB, UsedThreshold: 1228MB
[1,739s][debug][gc,nmethod     ] Register NMethod: it.unimi.dsi.fastutil.longs.LongArrayList.add (0x000074dd1fa4d408) [0x000074dd1fa4d500, 0x000074dd1fa4d7d8] Compiler: c1, Barriers: 1, Oops: 1, ImmediateOops: 0, NonImmediateOops: No
[1,739s][debug][gc,nmethod     ] Register NMethod: jdk.xml.internal.XMLSecurityManager.isOverLimit (0x000074dd1fa4d808) [0x000074dd1fa4d900, 0x000074dd1fa4ddd8] Compiler: c1, Barriers: 0, Oops: 0, ImmediateOops: 0, NonImmediateOops: No
[1,739s][debug][gc,nmethod     ] Register NMethod: it.unimi.dsi.fastutil.longs.LongArrayList.grow (0x000074dd1fa4de08) [0x000074dd1fa4df00, 0x000074dd1fa4e460] Compiler: c1, Barriers: 5, Oops: 1, ImmediateOops: 1, NonImmediateOops: No
[1,739s][debug][gc,nmethod     ] Register NMethod: java.lang.invoke.VarHandleReferences$FieldInstanceReadWrite.compareAndSet (0x000074dd3ecb1588) [0x000074dd3ecb1680, 0x000074dd3ecb1db8] Compiler: jvmci, Barriers: 7, Oops: 0, ImmediateOops: 0, NonImmediateOops: No
[1,740s][debug][gc,nmethod     ] Register NMethod: jdk.xml.internal.XMLSecurityManager.isOverLimit (0x000074dd1fa4e488) [0x000074dd1fa4e580, 0x000074dd1fa4fb60] Compiler: c1, Barriers: 4, Oops: 0, ImmediateOops: 7, NonImmediateOops: No
[1,740s][debug][gc,nmethod     ] Register NMethod: jdk.xml.internal.XMLLimitAnalyzer.getTotalValue (0x000074dd1fa4fb88) [0x000074dd1fa4fc80, 0x000074dd1fa4fdd8] Compiler: c1, Barriers: 1, Oops: 0, ImmediateOops: 0, NonImmediateOops: No
[1,740s][debug][gc,nmethod     ] Register NMethod: java.nio.Bits.tryReserveMemory (0x000074dd1fa4fe88) [0x000074dd1fa4ff80, 0x000074dd1fa50970] Compiler: c1, Barriers: 0, Oops: 0, ImmediateOops: 5, NonImmediateOops: No
[1,740s][debug][gc,nmethod     ] Register NMethod: io.sirix.node.xml.ElementNode.getLeftSiblingKey (0x000074dd1fa50988) [0x000074dd1fa50a80, 0x000074dd1fa55a70] Compiler: c1, Barriers: 19, Oops: 7, ImmediateOops: 11, NonImmediateOops: No
[1,740s][debug][gc,nmethod     ] Register NMethod: io.sirix.node.xml.TextNode.getKind (0x000074dd3ecb1e08) [0x000074dd3ecb1f00, 0x000074dd3ecb1f90] Compiler: jvmci, Barriers: 0, Oops: 1, ImmediateOops: 1, NonImmediateOops: No
[1,740s][debug][gc,nmethod     ] Register NMethod: java.lang.foreign.MemorySegment.copy (0x000074dd1fa55b08) [0x000074dd1fa55c00, 0x000074dd1fa5dbf0] Compiler: c1, Barriers: 10, Oops: 3, ImmediateOops: 15, NonImmediateOops: No
[1,740s][debug][gc,nmethod     ] Register NMethod: jdk.internal.foreign.AbstractMemorySegmentImpl.copy (0x000074dd1fa5dc88) [0x000074dd1fa5dd80, 0x000074dd1fa65968] Compiler: c1, Barriers: 10, Oops: 3, ImmediateOops: 15, NonImmediateOops: No
[1,740s][debug][gc,nmethod     ] Register NMethod: io.sirix.access.trx.node.xml.XmlNodeReadOnlyTrxImpl.getNode (0x000074dd1fa65988) [0x000074dd1fa65a80, 0x000074dd1fa65d78] Compiler: c1, Barriers: 0, Oops: 1, ImmediateOops: 0, NonImmediateOops: No
[1,740s][debug][gc,nmethod     ] Register NMethod: java.lang.String.encode (0x000074dd1fa65d88) [0x000074dd1fa65e80, 0x000074dd1fa661b8] Compiler: c1, Barriers: 0, Oops: 0, ImmediateOops: 3, NonImmediateOops: No
[1,740s][debug][gc,nmethod     ] Register NMethod: it.unimi.dsi.fastutil.longs.AbstractLongList.push (0x000074dd1fa66208) [0x000074dd1fa66300, 0x000074dd1fa66448] Compiler: c1, Barriers: 0, Oops: 1, ImmediateOops: 0, NonImmediateOops: No
[1,741s][debug][gc,nmethod     ] Register NMethod: java.lang.String.encodeUTF8 (0x000074dd1fa66508) [0x000074dd1fa66600, 0x000074dd1fa66c88] Compiler: c1, Barriers: 0, Oops: 0, ImmediateOops: 0, NonImmediateOops: No
[1,741s][debug][gc,nmethod     ] Register NMethod: io.sirix.node.MemorySegmentBytesIn.<init> (0x000074dd1fa66d08) [0x000074dd1fa66e00, 0x000074dd1fa66fe0] Compiler: c1, Barriers: 3, Oops: 1, ImmediateOops: 0, NonImmediateOops: No
[1,741s][debug][gc,nmethod     ] Register NMethod: io.sirix.node.immutable.xml.ImmutableElement.<init> (0x000074dd1fa67008) [0x000074dd1fa67100, 0x000074dd1fa67420] Compiler: c1, Barriers: 3, Oops: 1, ImmediateOops: 0, NonImmediateOops: No
[1,741s][debug][gc,nmethod     ] Register NMethod: io.sirix.node.immutable.xml.ImmutableElement.of (0x000074dd1fa67488) [0x000074dd1fa67580, 0x000074dd1fa67928] Compiler: c1, Barriers: 3, Oops: 1, ImmediateOops: 0, NonImmediateOops: No
[1,741s][debug][gc,nmethod     ] Register NMethod: jdk.internal.foreign.MemorySessionImpl.<init> (0x000074dd1fa67988) [0x000074dd1fa67a80, 0x000074dd1fa67cc8] Compiler: c1, Barriers: 6, Oops: 0, ImmediateOops: 0, NonImmediateOops: No
[1,741s][debug][gc,nmethod     ] Register NMethod: java.nio.Bits.reserveMemory (0x000074dd1fa67d08) [0x000074dd1fa67e00, 0x000074dd1fa6ad40] Compiler: c1, Barriers: 4, Oops: 4, ImmediateOops: 13, NonImmediateOops: No
[1,742s][debug][gc,nmethod     ] Register NMethod: io.sirix.access.trx.node.xml.XmlNodeReadOnlyTrxImpl.getNode (0x000074dd1fa6ad88) [0x000074dd1fa6ae80, 0x000074dd1fa6d400] Compiler: c1, Barriers: 7, Oops: 2, ImmediateOops: 3, NonImmediateOops: No
[1,742s][debug][gc,nmethod     ] Register NMethod: io.sirix.node.xml.ElementNode.getRightSiblingKey (0x000074dd1fa6d488) [0x000074dd1fa6d580, 0x000074dd1fa72570] Compiler: c1, Barriers: 19, Oops: 7, ImmediateOops: 11, NonImmediateOops: No
[1,742s][debug][gc,nmethod     ] Register NMethod: io.brackit.query.node.parser.SAX2SubtreeHandlerAdapter$TrimmingStringBuilder.length (0x000074dd1fa72608) [0x000074dd1fa72700, 0x000074dd1fa72808] Compiler: c1, Barriers: 0, Oops: 1, ImmediateOops: 0, NonImmediateOops: No
[1,742s][debug][gc,nmethod     ] Register NMethod: io.sirix.node.xml.ElementNode.getChildCount (0x000074dd1fa72908) [0x000074dd1fa72a00, 0x000074dd1fa76408] Compiler: c1, Barriers: 6, Oops: 6, ImmediateOops: 9, NonImmediateOops: No
[1,742s][debug][gc,nmethod     ] Register NMethod: com.sun.org.apache.xerces.internal.impl.XMLDocumentFragmentScannerImpl$FragmentContentDriver.next (0x000074dd1fa76488) [0x000074dd1fa76580, 0x000074dd1fa840b0] Compiler: c1, Barriers: 140, Oops: 1, ImmediateOops: 14, NonImmediateOops: No
[1,742s][debug][gc,nmethod     ] Register NMethod: it.unimi.dsi.fastutil.longs.AbstractLongList.topLong (0x000074dd1fa84108) [0x000074dd1fa84200, 0x000074dd1fa84528] Compiler: c1, Barriers: 0, Oops: 1, ImmediateOops: 0, NonImmediateOops: No
[1,742s][debug][gc,nmethod     ] Register NMethod: jdk.internal.misc.Unsafe.putLongUnaligned (0x000074dd3ecb2108) [0x000074dd3ecb2200, 0x000074dd3ecb22c0] Compiler: jvmci, Barriers: 0, Oops: 0, ImmediateOops: 0, NonImmediateOops: No
[1,742s][debug][gc,nmethod     ] Register NMethod: jdk.internal.foreign.MemorySessionImpl$ResourceList$ResourceCleanup.<init> (0x000074dd1fa84588) [0x000074dd1fa84680, 0x000074dd1fa847d8] Compiler: c1, Barriers: 0, Oops: 0, ImmediateOops: 0, NonImmediateOops: No
[1,742s][debug][gc,nmethod     ] Register NMethod: it.unimi.dsi.fastutil.longs.AbstractLongList.popLong (0x000074dd1fa84888) [0x000074dd1fa84980, 0x000074dd1fa84ca8] Compiler: c1, Barriers: 0, Oops: 1, ImmediateOops: 0, NonImmediateOops: No
[1,742s][debug][gc,nmethod     ] Register NMethod: jdk.internal.foreign.MemorySessionImpl.addOrCleanupIfFail (0x000074dd1fa84d08) [0x000074dd1fa84e00, 0x000074dd1fa85350] Compiler: c1, Barriers: 0, Oops: 0, ImmediateOops: 0, NonImmediateOops: No
[1,742s][debug][gc,nmethod     ] Register NMethod: jdk.internal.foreign.Utils.checkNonNegativeArgument (0x000074dd1fa85388) [0x000074dd1fa85480, 0x000074dd1fa86648] Compiler: c1, Barriers: 0, Oops: 2, ImmediateOops: 3, NonImmediateOops: No
[1,742s][debug][gc,nmethod     ] Register NMethod: jdk.internal.foreign.MemorySessionImpl.addInternal (0x000074dd1fa86688) [0x000074dd1fa86780, 0x000074dd1fa876f0] Compiler: c1, Barriers: 4, Oops: 0, ImmediateOops: 2, NonImmediateOops: No
[1,742s][debug][gc,nmethod     ] Register NMethod: it.unimi.dsi.fastutil.longs.LongArrayList.getLong (0x000074dd1fa87708) [0x000074dd1fa87800, 0x000074dd1fa88c90] Compiler: c1, Barriers: 1, Oops: 4, ImmediateOops: 4, NonImmediateOops: No
[1,743s][debug][gc,nmethod     ] Register NMethod: io.sirix.node.AbstractForwardingNode.getParentKey (0x000074dd1fa88d08) [0x000074dd1fa88e00, 0x000074dd1fa89130] Compiler: c1, Barriers: 0, Oops: 1, ImmediateOops: 0, NonImmediateOops: No
[1,743s][debug][gc,nmethod     ] Register NMethod: io.sirix.access.trx.page.NodePageTrx.getActualRevisionRootPage (0x000074dd1fa89188) [0x000074dd1fa89280, 0x000074dd1fa89728] Compiler: c1, Barriers: 2, Oops: 1, ImmediateOops: 1, NonImmediateOops: No
[1,743s][debug][gc,nmethod     ] Register NMethod: it.unimi.dsi.fastutil.longs.LongArrayList.removeLong (0x000074dd1fa89788) [0x000074dd1fa89880, 0x000074dd1fa8afb0] Compiler: c1, Barriers: 2, Oops: 4, ImmediateOops: 4, NonImmediateOops: No
[1,743s][debug][gc,nmethod     ] Register NMethod: jdk.internal.foreign.MemorySessionImpl.asArena (0x000074dd1fa8b008) [0x000074dd1fa8b100, 0x000074dd1fa8b590] Compiler: c1, Barriers: 3, Oops: 0, ImmediateOops: 0, NonImmediateOops: No
[1,743s][debug][gc,nmethod     ] Register NMethod: jdk.internal.foreign.ArenaImpl.<init> (0x000074dd1fa8b608) [0x000074dd1fa8b700, 0x000074dd1fa8bae0] Compiler: c1, Barriers: 3, Oops: 0, ImmediateOops: 0, NonImmediateOops: No
[1,743s][debug][gc,nmethod     ] Register NMethod: java.lang.invoke.VarHandleGuards.guard_LJ_J (0x000074dd3ecb2408) [0x000074dd3ecb2500, 0x000074dd3ecb2c40] Compiler: jvmci, Barriers: 23, Oops: 0, ImmediateOops: 5, NonImmediateOops: No
[1,743s][debug][gc,nmethod     ] Register NMethod: jdk.internal.foreign.ArenaImpl.allocate (0x000074dd1fa8bb08) [0x000074dd1fa8bc00, 0x000074dd1fa8bd80] Compiler: c1, Barriers: 1, Oops: 0, ImmediateOops: 0, NonImmediateOops: No
[1,743s][debug][gc,nmethod     ] Register NMethod: jdk.internal.foreign.MemorySessionImpl$ResourceList.<init> (0x000074dd1fa8be08) [0x000074dd1fa8bf00, 0x000074dd1fa8c058] Compiler: c1, Barriers: 0, Oops: 0, ImmediateOops: 0, NonImmediateOops: No
[1,743s][debug][gc,nmethod     ] Register NMethod: jdk.internal.foreign.SegmentFactories$1.<init> (0x000074dd1fa8c108) [0x000074dd1fa8c200, 0x000074dd1fa8c3d0] Compiler: c1, Barriers: 0, Oops: 0, ImmediateOops: 0, NonImmediateOops: No
[1,743s][debug][gc,nmethod     ] Register NMethod: io.sirix.node.GrowingMemorySegment.<init> (0x000074dd1fa8c408) [0x000074dd1fa8c500, 0x000074dd1fa8c978] Compiler: c1, Barriers: 6, Oops: 1, ImmediateOops: 0, NonImmediateOops: No
[1,743s][debug][gc,nmethod     ] Register NMethod: jdk.internal.foreign.ArenaImpl.allocate (0x000074dd1fa8c988) [0x000074dd1fa8ca80, 0x000074dd1fa8cd78] Compiler: c1, Barriers: 0, Oops: 0, ImmediateOops: 0, NonImmediateOops: No
[1,743s][debug][gc,nmethod     ] Register NMethod: jdk.internal.foreign.SegmentFactories.allocateMemoryWrapper (0x000074dd1fa8cd88) [0x000074dd1fa8ce80, 0x000074dd1fa8d238] Compiler: c1, Barriers: 0, Oops: 0, ImmediateOops: 1, NonImmediateOops: No
[1,743s][debug][gc,nmethod     ] Register NMethod: jdk.internal.foreign.SegmentFactories.allocateNativeSegment (0x000074dd1fa8d288) [0x000074dd1fa8d380, 0x000074dd1fa8d940] Compiler: c1, Barriers: 3, Oops: 0, ImmediateOops: 1, NonImmediateOops: No
[1,743s][debug][gc,nmethod     ] Register NMethod: jdk.internal.foreign.Utils.checkAlign (0x000074dd1fa8d988) [0x000074dd1fa8da80, 0x000074dd1fa8e7d8] Compiler: c1, Barriers: 0, Oops: 1, ImmediateOops: 2, NonImmediateOops: No
[1,743s][debug][gc,nmethod     ] Register NMethod: jdk.internal.foreign.Utils.alignUp (0x000074dd1fa8e808) [0x000074dd1fa8e900, 0x000074dd1fa8e9f8] Compiler: c1, Barriers: 0, Oops: 0, ImmediateOops: 0, NonImmediateOops: No
[1,743s][debug][gc,nmethod     ] Register NMethod: jdk.internal.foreign.Utils.checkAllocationSizeAndAlign (0x000074dd1fa8eb08) [0x000074dd1fa8ec00, 0x000074dd1fa8fe90] Compiler: c1, Barriers: 0, Oops: 3, ImmediateOops: 4, NonImmediateOops: No
[1,743s][debug][gc,nmethod     ] Register NMethod: io.sirix.node.MemorySegmentBytesOut.getDestination (0x000074dd1fa8ff08) [0x000074dd1fa90000, 0x000074dd1fa90188] Compiler: c1, Barriers: 1, Oops: 1, ImmediateOops: 0, NonImmediateOops: No
[1,744s][debug][gc,nmethod     ] Register NMethod: java.lang.foreign.Arena.ofAuto (0x000074dd1fa90208) [0x000074dd1fa90300, 0x000074dd1fa90e08] Compiler: c1, Barriers: 6, Oops: 1, ImmediateOops: 1, NonImmediateOops: No
[1,744s][debug][gc,nmethod     ] Register NMethod: java.lang.invoke.VarHandleReferences$FieldInstanceReadOnly.getVolatile (0x000074dd1fa90e88) [0x000074dd1fa90f80, 0x000074dd1fa919a8] Compiler: c1, Barriers: 2, Oops: 1, ImmediateOops: 0, NonImmediateOops: No
[1,744s][debug][gc,nmethod     ] Register NMethod: io.sirix.node.xml.TextNode.hasLeftSibling (0x000074dd1fa91a08) [0x000074dd1fa91b00, 0x000074dd1fa96f38] Compiler: c1, Barriers: 19, Oops: 7, ImmediateOops: 12, NonImmediateOops: No
[1,744s][debug][gc,nmethod     ] Register NMethod: jdk.internal.foreign.ImplicitSession.<init> (0x000074dd1fa96f88) [0x000074dd1fa97080, 0x000074dd1fa97710] Compiler: c1, Barriers: 6, Oops: 0, ImmediateOops: 0, NonImmediateOops: No
[1,744s][debug][gc,nmethod     ] Register NMethod: jdk.internal.foreign.SharedSession$SharedResourceList.<init> (0x000074dd1fa97788) [0x000074dd1fa97880, 0x000074dd1fa97a38] Compiler: c1, Barriers: 0, Oops: 0, ImmediateOops: 0, NonImmediateOops: No
[1,744s][debug][gc,nmethod     ] Register NMethod: jdk.internal.foreign.SharedSession.<init> (0x000074dd1fa97a88) [0x000074dd1fa97b80, 0x000074dd1fa97f98] Compiler: c1, Barriers: 6, Oops: 0, ImmediateOops: 0, NonImmediateOops: No
[1,744s][debug][gc,nmethod     ] Register NMethod: jdk.internal.foreign.SegmentFactories.allocateNativeInternal (0x000074dd1fa98008) [0x000074dd1fa98100, 0x000074dd1fa9b558] Compiler: c1, Barriers: 3, Oops: 3, ImmediateOops: 11, NonImmediateOops: No
[1,744s][debug][gc,nmethod     ] Register NMethod: java.lang.Math.multiplyHigh (0x000074dd3ecb2c88) [0x000074dd3ecb2d80, 0x000074dd3ecb2e30] Compiler: jvmci, Barriers: 0, Oops: 0, ImmediateOops: 0, NonImmediateOops: No
[1,744s][debug][gc,nmethod     ] Register NMethod: java.nio.Buffer$2.reserveMemory (0x000074dd1fa9b588) [0x000074dd1fa9b680, 0x000074dd1fa9b7b8] Compiler: c1, Barriers: 0, Oops: 0, ImmediateOops: 0, NonImmediateOops: No
[1,744s][debug][gc,nmethod     ] Register NMethod: io.sirix.node.GrowingMemorySegment.<init> (0x000074dd1fa9b888) [0x000074dd1fa9b980, 0x000074dd1fa9c550] Compiler: c1, Barriers: 6, Oops: 2, ImmediateOops: 1, NonImmediateOops: No
[1,744s][debug][gc,nmethod     ] Register NMethod: jdk.internal.foreign.MemorySessionImpl.createImplicit (0x000074dd1fa9c588) [0x000074dd1fa9c680, 0x000074dd1fa9cd38] Compiler: c1, Barriers: 3, Oops: 0, ImmediateOops: 0, NonImmediateOops: No
[1,744s][debug][gc,nmethod     ] Register NMethod: io.sirix.node.BytesOut.asBytesIn (0x000074dd1fa9cd88) [0x000074dd1fa9ce80, 0x000074dd1fa9db28] Compiler: c1, Barriers: 4, Oops: 1, ImmediateOops: 0, NonImmediateOops: No
[1,744s][debug][gc,nmethod     ] Register NMethod: io.sirix.node.MemorySegmentBytesOut.write (0x000074dd1fa9db88) [0x000074dd1fa9dc80, 0x000074dd1fa9de18] Compiler: c1, Barriers: 1, Oops: 1, ImmediateOops: 0, NonImmediateOops: No
[1,744s][debug][gc,nmethod     ] Register NMethod: jdk.internal.foreign.SharedSession$SharedResourceList.add (0x000074dd1fa9de88) [0x000074dd1fa9df80, 0x000074dd1faa0a68] Compiler: c1, Barriers: 9, Oops: 7, ImmediateOops: 21, NonImmediateOops: No
[1,744s][debug][gc,nmethod     ] Register NMethod: io.sirix.node.MemorySegmentBytesOut.write (0x000074dd1faa0b08) [0x000074dd1faa0c00, 0x000074dd1faa0e08] Compiler: c1, Barriers: 1, Oops: 1, ImmediateOops: 0, NonImmediateOops: No
[1,744s][debug][gc,nmethod     ] Register NMethod: net.openhft.hashing.XXH3.XXH3_avalanche (0x000074dd1faa0e88) [0x000074dd1faa0f80, 0x000074dd1faa1090] Compiler: c1, Barriers: 0, Oops: 1, ImmediateOops: 0, NonImmediateOops: No
[1,745s][debug][gc,nmethod     ] Register NMethod: io.sirix.node.Bytes.elasticOffHeapByteBuffer (0x000074dd1faa1188) [0x000074dd1faa1280, 0x000074dd1faa1bc8] Compiler: c1, Barriers: 6, Oops: 2, ImmediateOops: 1, NonImmediateOops: No
[1,745s][debug][gc,nmethod     ] Register NMethod: io.sirix.axis.AbstractAxis.nextLong (0x000074dd1faa1c08) [0x000074dd1faa1d00, 0x000074dd1faa2790] Compiler: c1, Barriers: 5, Oops: 1, ImmediateOops: 1, NonImmediateOops: No
[1,745s][debug][gc,nmethod     ] Register NMethod: io.sirix.node.MemorySegmentBytesOut.<init> (0x000074dd1faa2808) [0x000074dd1faa2900, 0x000074dd1faa36d0] Compiler: c1, Barriers: 9, Oops: 2, ImmediateOops: 1, NonImmediateOops: No
[1,745s][debug][gc,nmethod     ] Register NMethod: io.sirix.node.GrowingMemorySegment.<init> (0x000074dd1faa3708) [0x000074dd1faa3800, 0x000074dd1faa4430] Compiler: c1, Barriers: 6, Oops: 2, ImmediateOops: 1, NonImmediateOops: No
[1,745s][debug][gc,nmethod     ] Register NMethod: com.sun.org.apache.xerces.internal.util.XMLChar.isSpace (0x000074dd1faa4488) [0x000074dd1faa4580, 0x000074dd1faa4708] Compiler: c1, Barriers: 0, Oops: 0, ImmediateOops: 1, NonImmediateOops: No
[1,745s][debug][gc,nmethod     ] Register NMethod: io.sirix.access.trx.node.AbstractNodeHashing.rollingAdd (0x000074dd1faa4788) [0x000074dd1faa4880, 0x000074dd1faa9be0] Compiler: c1, Barriers: 15, Oops: 1, ImmediateOops: 2, NonImmediateOops: No
[1,745s][debug][gc,nmethod     ] Register NMethod: net.openhft.hashing.UnsafeAccess.byteOrder (0x000074dd1faa9c08) [0x000074dd1faa9d00, 0x000074dd1faa9e60] Compiler: c1, Barriers: 0, Oops: 1, ImmediateOops: 1, NonImmediateOops: No
[1,745s][debug][gc,nmethod     ] Register NMethod: net.openhft.hashing.Access.byteOrder (0x000074dd1faa9f08) [0x000074dd1faaa000, 0x000074dd1faaa558] Compiler: c1, Barriers: 0, Oops: 1, ImmediateOops: 0, NonImmediateOops: No
[1,745s][debug][gc,nmethod     ] Register NMethod: java.nio.ByteBuffer.order (0x000074dd1faaa588) [0x000074dd1faaa680, 0x000074dd1faaa8a0] Compiler: c1, Barriers: 0, Oops: 0, ImmediateOops: 1, NonImmediateOops: No
[1,745s][debug][gc,nmethod     ] Register NMethod: java.nio.ByteOrder.nativeOrder (0x000074dd3ecb2f88) [0x000074dd3ecb3080, 0x000074dd3ecb30f0] Compiler: jvmci, Barriers: 0, Oops: 0, ImmediateOops: 1, NonImmediateOops: No
[1,745s][debug][gc,nmethod     ] Register NMethod: net.openhft.hashing.Access.i64 (0x000074dd3ecb3288) [0x000074dd3ecb3380, 0x000074dd3ecb3440] Compiler: jvmci, Barriers: 0, Oops: 1, ImmediateOops: 0, NonImmediateOops: No
[1,745s][debug][gc,nmethod     ] Register NMethod: net.openhft.hashing.UnsafeAccess.getLong (0x000074dd3ecb3588) [0x000074dd3ecb3680, 0x000074dd3ecb3708] Compiler: jvmci, Barriers: 0, Oops: 1, ImmediateOops: 0, NonImmediateOops: No
[1,746s][debug][gc,nmethod     ] Register NMethod: io.sirix.node.GrowingMemorySegment.write (0x000074dd1faaa908) [0x000074dd1faaaa00, 0x000074dd1fab05b0] Compiler: c1, Barriers: 7, Oops: 6, ImmediateOops: 13, NonImmediateOops: No
[1,746s][debug][gc,nmethod     ] Register NMethod: io.sirix.access.trx.node.xml.ForwardingXmlNodeReadOnlyTrx.storeDeweyIDs (0x000074dd1fab0608) [0x000074dd1fab0700, 0x000074dd1fab0d00] Compiler: c1, Barriers: 1, Oops: 1, ImmediateOops: 0, NonImmediateOops: No
[1,746s][debug][gc,nmethod     ] Register NMethod: io.sirix.access.trx.node.AbstractNodeTrxImpl.assertRunning (0x000074dd1fab0d88) [0x000074dd1fab0e80, 0x000074dd1fab1400] Compiler: c1, Barriers: 3, Oops: 1, ImmediateOops: 2, NonImmediateOops: No
[1,746s][debug][gc,nmethod     ] Register NMethod: io.sirix.access.trx.page.NodePageReadOnlyTrx.pageKey (0x000074dd3ecb3888) [0x000074dd3ecb3980, 0x000074dd3ecb3ad0] Compiler: jvmci, Barriers: 0, Oops: 1, ImmediateOops: 0, NonImmediateOops: No
[1,746s][debug][gc,nmethod     ] Register NMethod: io.sirix.access.trx.node.AbstractNodeTrxImpl.checkAccessAndCommit (0x000074dd1fab1488) [0x000074dd1fab1580, 0x000074dd1fab2108] Compiler: c1, Barriers: 4, Oops: 1, ImmediateOops: 3, NonImmediateOops: No
[1,746s][debug][gc,nmethod     ] Register NMethod: io.sirix.access.trx.node.AbstractNodeReadOnlyTrx.storeDeweyIDs (0x000074dd1fab2188) [0x000074dd1fab2280, 0x000074dd1fab27b0] Compiler: c1, Barriers: 2, Oops: 1, ImmediateOops: 1, NonImmediateOops: No
[1,746s][debug][gc,nmethod     ] Register NMethod: io.sirix.node.MemorySegmentBytesIn.getUnderlying (0x000074dd1fab2808) [0x000074dd1fab2900, 0x000074dd1fab2ee8] Compiler: c1, Barriers: 1, Oops: 1, ImmediateOops: 0, NonImmediateOops: No
[1,746s][debug][gc,nmethod     ] Register NMethod: io.sirix.access.trx.node.AbstractNodeTrxImpl.intermediateCommitIfRequired (0x000074dd1fab2f08) [0x000074dd1fab3000, 0x000074dd1fab3d78] Compiler: c1, Barriers: 1, Oops: 3, ImmediateOops: 4, NonImmediateOops: No
[1,746s][debug][gc,nmethod     ] Register NMethod: io.sirix.node.MemorySegmentBytesIn.getUnderlying (0x000074dd1fab3e08) [0x000074dd1fab3f00, 0x000074dd1fab4480] Compiler: c1, Barriers: 1, Oops: 1, ImmediateOops: 0, NonImmediateOops: No
[1,746s][debug][gc,nmethod     ] Register NMethod: jdk.internal.foreign.AbstractMemorySegmentImpl.asSlice (0x000074dd1fab4508) [0x000074dd1fab4600, 0x000074dd1fab48f8] Compiler: c1, Barriers: 0, Oops: 0, ImmediateOops: 0, NonImmediateOops: No
[1,746s][debug][gc,nmethod     ] Register NMethod: io.sirix.access.trx.node.xml.XmlNodeHashing.getStructuralNode (0x000074dd1fab4908) [0x000074dd1fab4a00, 0x000074dd1fab4d60] Compiler: c1, Barriers: 1, Oops: 1, ImmediateOops: 0, NonImmediateOops: No
[1,746s][debug][gc,nmethod     ] Register NMethod: jdk.internal.foreign.AbstractMemorySegmentImpl.asSlice (0x000074dd1fab4d88) [0x000074dd1fab4e80, 0x000074dd1fab52c0] Compiler: c1, Barriers: 0, Oops: 0, ImmediateOops: 0, NonImmediateOops: No
[1,746s][debug][gc,nmethod     ] Register NMethod: io.sirix.access.trx.node.AbstractNodeHashing.adaptHashesWithAdd (0x000074dd1fab5308) [0x000074dd1fab5400, 0x000074dd1fab58d8] Compiler: c1, Barriers: 1, Oops: 1, ImmediateOops: 1, NonImmediateOops: No
[1,746s][debug][gc,nmethod     ] Register NMethod: net.openhft.hashing.LongHashFunction.unsafeHash (0x000074dd1fab5908) [0x000074dd1fab5a00, 0x000074dd1fab5d10] Compiler: c1, Barriers: 0, Oops: 1, ImmediateOops: 1, NonImmediateOops: No
[1,746s][debug][gc,nmethod     ] Register NMethod: net.openhft.hashing.XXH3.access$100 (0x000074dd1fab5d88) [0x000074dd1fab5e80, 0x000074dd1fab5f68] Compiler: c1, Barriers: 0, Oops: 1, ImmediateOops: 1, NonImmediateOops: No
[1,746s][debug][gc,nmethod     ] Register NMethod: net.openhft.hashing.XXH3.access$500 (0x000074dd1fab6088) [0x000074dd1fab6180, 0x000074dd1fab6290] Compiler: c1, Barriers: 0, Oops: 1, ImmediateOops: 0, NonImmediateOops: No
[1,746s][debug][gc,nmethod     ] Register NMethod: io.sirix.access.trx.node.AbstractNodeHashing.isValueNode (0x000074dd1fab6388) [0x000074dd1fab6480, 0x000074dd1fab8048] Compiler: c1, Barriers: 0, Oops: 1, ImmediateOops: 12, NonImmediateOops: No
[1,747s][debug][gc,nmethod     ] Register NMethod: net.openhft.hashing.XXH3$AsLongHashFunction.hash (0x000074dd1fab8088) [0x000074dd1fab8180, 0x000074dd1fab89d0] Compiler: c1, Barriers: 0, Oops: 3, ImmediateOops: 2, NonImmediateOops: No
[1,747s][debug][gc,nmethod     ] Register NMethod: io.sirix.axis.ChildAxis.nextKey (0x000074dd1fab8a08) [0x000074dd1fab8b00, 0x000074dd1fab9b30] Compiler: c1, Barriers: 1, Oops: 1, ImmediateOops: 1, NonImmediateOops: No
[1,747s][debug][gc,nmethod     ] Register NMethod: io.sirix.access.trx.node.xml.XmlNodeHashing.setCurrentNode (0x000074dd1fab9b88) [0x000074dd1fab9c80, 0x000074dd1faba7e8] Compiler: c1, Barriers: 4, Oops: 1, ImmediateOops: 1, NonImmediateOops: No
[1,747s][debug][gc,nmethod     ] Register NMethod: io.sirix.access.trx.node.xml.XmlNodeHashing.setCurrentNode (0x000074dd1faba808) [0x000074dd1faba900, 0x000074dd1fabb028] Compiler: c1, Barriers: 4, Oops: 1, ImmediateOops: 1, NonImmediateOops: No
[1,747s][debug][gc,nmethod     ] Register NMethod: com.sun.org.apache.xerces.internal.impl.XMLEntityScanner.skipSpaces (0x000074dd1fabb088) [0x000074dd1fabb180, 0x000074dd1fabc420] Compiler: c1, Barriers: 16, Oops: 0, ImmediateOops: 2, NonImmediateOops: No
[1,747s][debug][gc,nmethod     ] Register NMethod: io.brackit.query.jdm.node.AbstractTemporalNode.<init> (0x000074dd1fabc488) [0x000074dd1fabc580, 0x000074dd1fabc7f8] Compiler: c1, Barriers: 0, Oops: 1, ImmediateOops: 0, NonImmediateOops: No
[1,747s][debug][gc,nmethod     ] Register NMethod: io.sirix.access.trx.node.AbstractIndexController.notifyChange (0x000074dd1fabc808) [0x000074dd1fabc900, 0x000074dd1fabd7b8] Compiler: c1, Barriers: 2, Oops: 1, ImmediateOops: 0, NonImmediateOops: No
[1,747s][debug][gc,nmethod     ] Register NMethod: io.sirix.access.trx.page.NodePageReadOnlyTrx.getValue (0x000074dd3ecb3b88) [0x000074dd3ecb3c80, 0x000074dd3ecb3e20] Compiler: jvmci, Barriers: 2, Oops: 1, ImmediateOops: 0, NonImmediateOops: No
[1,747s][debug][gc,nmethod     ] Register NMethod: io.brackit.query.node.AbstractNode.<init> (0x000074dd1fabd808) [0x000074dd1fabd900, 0x000074dd1fabdb18] Compiler: c1, Barriers: 0, Oops: 1, ImmediateOops: 0, NonImmediateOops: No
[1,747s][debug][gc,nmethod     ] Register NMethod: io.sirix.access.trx.node.xml.ForwardingXmlNodeReadOnlyTrx.getResourceSession (0x000074dd1fabdb88) [0x000074dd1fabdc80, 0x000074dd1fabe278] Compiler: c1, Barriers: 1, Oops: 1, ImmediateOops: 0, NonImmediateOops: No
[1,747s][debug][gc,nmethod     ] Register NMethod: io.sirix.access.trx.node.xml.ForwardingXmlNodeReadOnlyTrx.getKind (0x000074dd1fabe288) [0x000074dd1fabe380, 0x000074dd1fabe978] Compiler: c1, Barriers: 1, Oops: 1, ImmediateOops: 0, NonImmediateOops: No
[1,747s][debug][gc,nmethod     ] Register NMethod: io.sirix.access.trx.node.xml.XmlNodeReadOnlyTrxImpl.getResourceSession (0x000074dd1fabe988) [0x000074dd1fabea80, 0x000074dd1fabf0f8] Compiler: c1, Barriers: 1, Oops: 1, ImmediateOops: 1, NonImmediateOops: No
[1,747s][debug][gc,nmethod     ] Register NMethod: java.lang.Long.bitCount (0x000074dd1fabf108) [0x000074dd1fabf200, 0x000074dd1fabf368] Compiler: c1, Barriers: 0, Oops: 0, ImmediateOops: 0, NonImmediateOops: No
[1,747s][debug][gc,nmethod     ] Register NMethod: io.sirix.query.node.XmlDBNode.<init> (0x000074dd1fabf408) [0x000074dd1fabf500, 0x000074dd1fac0d90] Compiler: c1, Barriers: 16, Oops: 1, ImmediateOops: 1, NonImmediateOops: No
[1,747s][debug][gc,nmethod     ] Register NMethod: java.util.ArrayList$Itr.hasNext (0x000074dd3ecb3e88) [0x000074dd3ecb3f80, 0x000074dd3ecb4068] Compiler: jvmci, Barriers: 1, Oops: 0, ImmediateOops: 0, NonImmediateOops: No
[1,747s][debug][gc,nmethod     ] Register NMethod: io.sirix.node.xml.AbstractStructForwardingNode.getDescendantCount (0x000074dd1fac0e08) [0x000074dd1fac0f00, 0x000074dd1fac1230] Compiler: c1, Barriers: 0, Oops: 1, ImmediateOops: 0, NonImmediateOops: No
[1,748s][debug][gc,nmethod     ] Register NMethod: io.sirix.access.trx.node.xml.ForwardingXmlNodeReadOnlyTrx.moveTo (0x000074dd1fac1288) [0x000074dd1fac1380, 0x000074dd1fac1980] Compiler: c1, Barriers: 1, Oops: 1, ImmediateOops: 0, NonImmediateOops: No
[1,748s][debug][gc,nmethod     ] Register NMethod: io.sirix.index.path.summary.PathSummaryReader.isNameNode (0x000074dd1fac1a08) [0x000074dd1fac1b00, 0x000074dd1fac1fc0] Compiler: c1, Barriers: 1, Oops: 1, ImmediateOops: 1, NonImmediateOops: No
[1,748s][debug][gc,nmethod     ] Register NMethod: io.sirix.index.path.summary.PathSummaryReader.getLocalNameKey (0x000074dd1fac2008) [0x000074dd1fac2100, 0x000074dd1fac2a38] Compiler: c1, Barriers: 1, Oops: 1, ImmediateOops: 1, NonImmediateOops: No
[1,748s][debug][gc,nmethod     ] Register NMethod: io.sirix.axis.filter.PathNameFilter.filter (0x000074dd1fac2a88) [0x000074dd1fac2b80, 0x000074dd1fac5380] Compiler: c1, Barriers: 5, Oops: 1, ImmediateOops: 3, NonImmediateOops: No
[1,748s][debug][gc,nmethod     ] Register NMethod: io.sirix.index.path.summary.PathNode.getLocalNameKey (0x000074dd1fac5408) [0x000074dd1fac5500, 0x000074dd1fac5660] Compiler: c1, Barriers: 1, Oops: 1, ImmediateOops: 0, NonImmediateOops: No
[1,748s][debug][gc,nmethod     ] Register NMethod: io.sirix.node.xml.ElementNode.incrementChildCount (0x000074dd1fac5708) [0x000074dd1fac5800, 0x000074dd1fac5f30] Compiler: c1, Barriers: 1, Oops: 1, ImmediateOops: 0, NonImmediateOops: No
[1,748s][debug][gc,nmethod     ] Register NMethod: io.sirix.node.xml.ElementNode.getPathNodeKey (0x000074dd1fac5f88) [0x000074dd1fac6080, 0x000074dd1facb070] Compiler: c1, Barriers: 19, Oops: 7, ImmediateOops: 11, NonImmediateOops: No
[1,748s][debug][gc,nmethod     ] Register NMethod: io.sirix.access.trx.node.xml.XmlNodeTrxImpl.adaptForInsert (0x000074dd1facb108) [0x000074dd1facb200, 0x000074dd1facdfc8] Compiler: c1, Barriers: 3, Oops: 1, ImmediateOops: 3, NonImmediateOops: No
[1,748s][debug][gc,nmethod     ] Register NMethod: io.sirix.node.xml.AbstractStructForwardingNode.setDescendantCount (0x000074dd1face008) [0x000074dd1face100, 0x000074dd1face440] Compiler: c1, Barriers: 0, Oops: 1, ImmediateOops: 0, NonImmediateOops: No
[1,749s][debug][gc,nmethod     ] Register NMethod: io.sirix.page.RevisionRootPage.incrementAndGetMaxNodeKeyInDocumentIndex (0x000074dd1face488) [0x000074dd1face580, 0x000074dd1face690] Compiler: c1, Barriers: 0, Oops: 1, ImmediateOops: 0, NonImmediateOops: No
[1,749s][debug][gc,director    ] Rule Major: Warmup 10%, Used: 296MB, UsedThreshold: 1228MB
[1,749s][debug][gc,nmethod     ] Register NMethod: com.sun.org.apache.xerces.internal.impl.XMLEntityScanner.normalizeNewlines (0x000074dd1face788) [0x000074dd1face880, 0x000074dd1facfba0] Compiler: c1, Barriers: 17, Oops: 0, ImmediateOops: 0, NonImmediateOops: No
[1,749s][debug][gc,nmethod     ] Register NMethod: java.lang.String.getBytes (0x000074dd1facfc08) [0x000074dd1facfd00, 0x000074dd1fad0198] Compiler: c1, Barriers: 1, Oops: 0, ImmediateOops: 0, NonImmediateOops: No
[1,749s][debug][gc,nmethod     ] Register NMethod: io.sirix.node.xml.ElementNode.setChildCount (0x000074dd1fad0208) [0x000074dd1fad0300, 0x000074dd1fad3e20] Compiler: c1, Barriers: 6, Oops: 6, ImmediateOops: 10, NonImmediateOops: No
[1,749s][debug][gc,nmethod     ] Register NMethod: io.sirix.axis.filter.AbstractFilter.<init> (0x000074dd1fad3e88) [0x000074dd1fad3f80, 0x000074dd1fad44b8] Compiler: c1, Barriers: 3, Oops: 1, ImmediateOops: 0, NonImmediateOops: No
[1,749s][debug][gc,nmethod     ] Register NMethod: io.sirix.node.xml.TextNode.hasRightSibling (0x000074dd1fad4508) [0x000074dd1fad4600, 0x000074dd1fad9a38] Compiler: c1, Barriers: 19, Oops: 7, ImmediateOops: 12, NonImmediateOops: No
[1,749s][debug][gc,nmethod     ] Register NMethod: io.sirix.axis.AbstractAxis.reset (0x000074dd1fad9a88) [0x000074dd1fad9b80, 0x000074dd1fad9d08] Compiler: c1, Barriers: 3, Oops: 1, ImmediateOops: 1, NonImmediateOops: No
[1,749s][debug][gc,nmethod     ] Register NMethod: io.sirix.axis.filter.AbstractFilter.getTrx (0x000074dd1fad9d88) [0x000074dd1fad9e80, 0x000074dd1fada180] Compiler: c1, Barriers: 1, Oops: 1, ImmediateOops: 0, NonImmediateOops: No
[1,749s][debug][gc,nmethod     ] Register NMethod: io.sirix.index.path.summary.PathSummaryReader.getPathNode (0x000074dd1fada208) [0x000074dd1fada300, 0x000074dd1fadaa00] Compiler: c1, Barriers: 1, Oops: 1, ImmediateOops: 1, NonImmediateOops: No
[1,749s][debug][gc,nmethod     ] Register NMethod: java.nio.MappedByteBuffer.limit (0x000074dd1fadaa88) [0x000074dd1fadab80, 0x000074dd1fadaf40] Compiler: c1, Barriers: 0, Oops: 0, ImmediateOops: 0, NonImmediateOops: No
[1,749s][debug][gc,nmethod     ] Register NMethod: io.sirix.axis.AbstractAxis.<init> (0x000074dd1fadaf88) [0x000074dd1fadb080, 0x000074dd1fadbad0] Compiler: c1, Barriers: 9, Oops: 1, ImmediateOops: 2, NonImmediateOops: No
[1,749s][debug][gc,nmethod     ] Register NMethod: java.nio.ByteBuffer.<init> (0x000074dd1fadbb08) [0x000074dd1fadbc00, 0x000074dd1fadbd48] Compiler: c1, Barriers: 0, Oops: 0, ImmediateOops: 0, NonImmediateOops: No
[1,750s][debug][gc,nmethod     ] Register NMethod: jdk.xml.internal.XMLLimitAnalyzer.addValue (0x000074dd1fadbe08) [0x000074dd1fadbf00, 0x000074dd1fadc3d0] Compiler: c1, Barriers: 0, Oops: 0, ImmediateOops: 0, NonImmediateOops: No
[1,750s][debug][gc,nmethod     ] Register NMethod: java.nio.MappedByteBuffer.position (0x000074dd1fadc408) [0x000074dd1fadc500, 0x000074dd1fadc8c0] Compiler: c1, Barriers: 0, Oops: 0, ImmediateOops: 0, NonImmediateOops: No
[1,750s][debug][gc,nmethod     ] Register NMethod: net.openhft.hashing.XXH3.XXH3_64bits_internal (0x000074dd1fadc908) [0x000074dd1fadca00, 0x000074dd1fafb3c8] Compiler: c1, Barriers: 0, Oops: 3, ImmediateOops: 136, NonImmediateOops: No
[1,750s][debug][gc,nmethod     ] Register NMethod: java.nio.MappedByteBuffer.limit (0x000074dd1fafb408) [0x000074dd1fafb500, 0x000074dd1fafb8c0] Compiler: c1, Barriers: 0, Oops: 0, ImmediateOops: 0, NonImmediateOops: No
[1,750s][debug][gc,nmethod     ] Register NMethod: java.nio.MappedByteBuffer.<init> (0x000074dd1fafb908) [0x000074dd1fafba00, 0x000074dd1fafbbd0] Compiler: c1, Barriers: 3, Oops: 0, ImmediateOops: 0, NonImmediateOops: No
[1,750s][debug][gc,nmethod     ] Register NMethod: io.sirix.node.SirixDeweyID.<init> (0x000074dd1fafbc08) [0x000074dd1fafbd00, 0x000074dd1fafbf30] Compiler: c1, Barriers: 3, Oops: 1, ImmediateOops: 0, NonImmediateOops: No
[1,750s][debug][gc,nmethod     ] Register NMethod: io.sirix.node.xml.ElementNode.getFirstChildKey (0x000074dd1fafbf88) [0x000074dd1fafc080, 0x000074dd1fb01070] Compiler: c1, Barriers: 19, Oops: 7, ImmediateOops: 11, NonImmediateOops: No
[1,750s][debug][gc,nmethod     ] Register NMethod: io.sirix.access.trx.page.NodePageTrx.getMostRecentPageContainer (0x000074dd3ecb4188) [0x000074dd3ecb4280, 0x000074dd3ecb4698] Compiler: jvmci, Barriers: 9, Oops: 1, ImmediateOops: 1, NonImmediateOops: No
[1,750s][debug][gc,nmethod     ] Register NMethod: java.nio.MappedByteBuffer.rewind (0x000074dd1fb01108) [0x000074dd1fb01200, 0x000074dd1fb015e8] Compiler: c1, Barriers: 0, Oops: 0, ImmediateOops: 0, NonImmediateOops: No
[1,750s][debug][gc,nmethod     ] Register NMethod: jdk.xml.internal.XMLLimitAnalyzer.addValue (0x000074dd1fb01608) [0x000074dd1fb01720, 0x000074dd1fb04840] Compiler: c1, Barriers: 17, Oops: 0, ImmediateOops: 12, NonImmediateOops: No
[1,750s][debug][gc,nmethod     ] Register NMethod: java.nio.Buffer.rewind (0x000074dd1fb04888) [0x000074dd1fb04980, 0x000074dd1fb04a90] Compiler: c1, Barriers: 0, Oops: 0, ImmediateOops: 0, NonImmediateOops: No
[1,750s][debug][gc,nmethod     ] Register NMethod: java.nio.MappedByteBuffer.rewind (0x000074dd1fb04b88) [0x000074dd1fb04c80, 0x000074dd1fb04e50] Compiler: c1, Barriers: 0, Oops: 0, ImmediateOops: 0, NonImmediateOops: No
[1,750s][debug][gc,nmethod     ] Register NMethod: io.sirix.node.xml.TextNode.getDescendantCount (0x000074dd3ecb4708) [0x000074dd3ecb4800, 0x000074dd3ecb48c0] Compiler: c1, Barriers: 0, Oops: 1, ImmediateOops: 0, NonImmediateOops: No
[1,750s][debug][gc,nmethod     ] Register NMethod: io.brackit.query.atomic.Una.stringValue (0x000074dd3ecb4a08) [0x000074dd3ecb4b00, 0x000074dd3ecb4be8] Compiler: c1, Barriers: 1, Oops: 1, ImmediateOops: 0, NonImmediateOops: No
[1,750s][debug][gc,nmethod     ] Register NMethod: java.nio.ByteBuffer.rewind (0x000074dd1fb04e88) [0x000074dd1fb04f80, 0x000074dd1fb050e8] Compiler: c1, Barriers: 0, Oops: 0, ImmediateOops: 0, NonImmediateOops: No
[1,750s][debug][gc,nmethod     ] Register NMethod: jdk.internal.foreign.MemorySessionImpl.ownerThread (0x000074dd3ecb4d08) [0x000074dd3ecb4e00, 0x000074dd3ecb4ee8] Compiler: c1, Barriers: 1, Oops: 0, ImmediateOops: 0, NonImmediateOops: No
[1,750s][debug][gc,nmethod     ] Register NMethod: jdk.internal.foreign.Utils.isAligned (0x000074dd1fb05188) [0x000074dd1fb05280, 0x000074dd1fb053c0] Compiler: c1, Barriers: 0, Oops: 0, ImmediateOops: 0, NonImmediateOops: No
[1,750s][debug][gc,nmethod     ] Register NMethod: com.sun.org.apache.xerces.internal.util.XMLChar.isNameStart (0x000074dd1fb05488) [0x000074dd1fb05580, 0x000074dd1fb05710] Compiler: c1, Barriers: 0, Oops: 0, ImmediateOops: 1, NonImmediateOops: No
[1,750s][debug][gc,nmethod     ] Register NMethod: java.lang.String.<init> (0x000074dd1fb05788) [0x000074dd1fb05880, 0x000074dd1fb05b20] Compiler: c1, Barriers: 0, Oops: 0, ImmediateOops: 0, NonImmediateOops: No
[1,751s][debug][gc,nmethod     ] Register NMethod: io.sirix.access.trx.node.AbstractNodeReadOnlyTrx.moveToParent (0x000074dd1fb05b88) [0x000074dd1fb05c80, 0x000074dd1fb064e0] Compiler: c1, Barriers: 1, Oops: 1, ImmediateOops: 1, NonImmediateOops: No
[1,751s][debug][gc,nmethod     ] Register NMethod: io.sirix.access.trx.node.xml.ForwardingXmlNodeReadOnlyTrx.moveToParent (0x000074dd1fb06508) [0x000074dd1fb06600, 0x000074dd1fb06c00] Compiler: c1, Barriers: 1, Oops: 1, ImmediateOops: 0, NonImmediateOops: No
[1,751s][debug][gc,nmethod     ] Register NMethod: io.brackit.query.atomic.QNm.<init> (0x000074dd1fb06c88) [0x000074dd1fb06d80, 0x000074dd1fb07228] Compiler: c1, Barriers: 9, Oops: 1, ImmediateOops: 3, NonImmediateOops: No
[1,751s][debug][gc,nmethod     ] Register NMethod: java.util.ArrayDeque.isEmpty (0x000074dd1fb07288) [0x000074dd1fb07380, 0x000074dd1fb074d0] Compiler: c1, Barriers: 0, Oops: 0, ImmediateOops: 0, NonImmediateOops: No
[1,751s][debug][gc,nmethod     ] Register NMethod: io.sirix.node.delegates.StructNodeDelegate.hasRightSibling (0x000074dd1fb07588) [0x000074dd1fb07680, 0x000074dd1fb079d8] Compiler: c1, Barriers: 0, Oops: 1, ImmediateOops: 1, NonImmediateOops: No
[1,751s][debug][gc,nmethod     ] Rebuilding NMethod Table: 4096->4096 entries, 2657(65%->65%) registered, 211(5%->0%) unregistered
[1,751s][debug][gc,nmethod     ] Register NMethod: io.sirix.node.xml.AbstractStructForwardingNode.hasRightSibling (0x000074dd1fb07a08) [0x000074dd1fb07b00, 0x000074dd1fb080c8] Compiler: c1, Barriers: 0, Oops: 1, ImmediateOops: 1, NonImmediateOops: No
[1,751s][debug][gc,nmethod     ] Register NMethod: io.sirix.index.path.summary.PathNode.getLevel (0x000074dd3ecb5008) [0x000074dd3ecb5100, 0x000074dd3ecb51c0] Compiler: c1, Barriers: 0, Oops: 1, ImmediateOops: 0, NonImmediateOops: No
[1,751s][debug][gc,nmethod     ] Register NMethod: java.util.ArrayDeque.push (0x000074dd1fb08108) [0x000074dd1fb08200, 0x000074dd1fb08348] Compiler: c1, Barriers: 0, Oops: 0, ImmediateOops: 0, NonImmediateOops: No
[1,751s][debug][gc,nmethod     ] Register NMethod: io.sirix.index.IndexType.getID (0x000074dd3ecb5308) [0x000074dd3ecb5400, 0x000074dd3ecb54c8] Compiler: c1, Barriers: 0, Oops: 1, ImmediateOops: 0, NonImmediateOops: No
[1,751s][debug][gc,nmethod     ] Register NMethod: java.util.ArrayDeque.dec (0x000074dd1fb08408) [0x000074dd1fb08500, 0x000074dd1fb08618] Compiler: c1, Barriers: 0, Oops: 0, ImmediateOops: 0, NonImmediateOops: No
[1,751s][debug][gc,nmethod     ] Register NMethod: jdk.internal.foreign.SegmentFactories.initNativeMemory (0x000074dd3ecb5608) [0x000074dd3ecb5700, 0x000074dd3ecb59a8] Compiler: jvmci, Barriers: 0, Oops: 0, ImmediateOops: 0, NonImmediateOops: No
[1,751s][debug][gc,nmethod     ] Register NMethod: com.sun.org.apache.xerces.internal.util.NamespaceSupport.getDeclaredPrefixCount (0x000074dd1fb08708) [0x000074dd1fb08800, 0x000074dd1fb08988] Compiler: c1, Barriers: 1, Oops: 0, ImmediateOops: 0, NonImmediateOops: No
[1,751s][debug][gc,nmethod     ] Register NMethod: com.sun.org.apache.xerces.internal.parsers.AbstractSAXParser$AttributesProxy.setAttributes (0x000074dd3ecb5a08) [0x000074dd3ecb5b00, 0x000074dd3ecb5c30] Compiler: c1, Barriers: 3, Oops: 0, ImmediateOops: 0, NonImmediateOops: No
[1,751s][debug][gc,nmethod     ] Register NMethod: it.unimi.dsi.fastutil.longs.LongArrayList.<init> (0x000074dd1fb08a08) [0x000074dd1fb08b00, 0x000074dd1fb08df8] Compiler: c1, Barriers: 3, Oops: 1, ImmediateOops: 1, NonImmediateOops: No
[1,751s][debug][gc,nmethod     ] Register NMethod: it.unimi.dsi.fastutil.longs.AbstractLongList.<init> (0x000074dd1fb08e08) [0x000074dd1fb08f00, 0x000074dd1fb09118] Compiler: c1, Barriers: 0, Oops: 1, ImmediateOops: 0, NonImmediateOops: No
[1,751s][debug][gc,nmethod     ] Register NMethod: java.util.ArrayDeque.addFirst (0x000074dd1fb09188) [0x000074dd1fb09280, 0x000074dd1fb09860] Compiler: c1, Barriers: 4, Oops: 0, ImmediateOops: 0, NonImmediateOops: No
[1,751s][debug][gc,nmethod     ] Register NMethod: it.unimi.dsi.fastutil.longs.AbstractLongCollection.<init> (0x000074dd1fb09888) [0x000074dd1fb09980, 0x000074dd1fb09b38] Compiler: c1, Barriers: 0, Oops: 1, ImmediateOops: 0, NonImmediateOops: No
[1,751s][debug][gc,nmethod     ] Register NMethod: jdk.internal.foreign.NativeMemorySegmentImpl.makeByteBuffer (0x000074dd1fb09b88) [0x000074dd1fb09c80, 0x000074dd1fb09df0] Compiler: c1, Barriers: 0, Oops: 0, ImmediateOops: 1, NonImmediateOops: No
[1,751s][debug][gc,nmethod     ] Register NMethod: io.sirix.node.MemorySegmentBytesOut.underlyingObject (0x000074dd1fb09e88) [0x000074dd1fb09f80, 0x000074dd1fb0aa38] Compiler: c1, Barriers: 1, Oops: 1, ImmediateOops: 2, NonImmediateOops: No
[1,751s][debug][gc,nmethod     ] Register NMethod: jdk.internal.foreign.AbstractMemorySegmentImpl.asByteBuffer (0x000074dd1fb0aa88) [0x000074dd1fb0ab80, 0x000074dd1fb0b108] Compiler: c1, Barriers: 0, Oops: 0, ImmediateOops: 1, NonImmediateOops: No
[1,751s][debug][gc,nmethod     ] Register NMethod: java.nio.Buffer$2.newDirectByteBuffer (0x000074dd1fb0b188) [0x000074dd1fb0b280, 0x000074dd1fb0b430] Compiler: c1, Barriers: 0, Oops: 0, ImmediateOops: 0, NonImmediateOops: No
[1,751s][debug][gc,nmethod     ] Register NMethod: java.nio.DirectByteBuffer.<init> (0x000074dd1fb0b488) [0x000074dd1fb0b580, 0x000074dd1fb0b7f8] Compiler: c1, Barriers: 6, Oops: 0, ImmediateOops: 0, NonImmediateOops: No
[1,751s][debug][gc,nmethod     ] Register NMethod: io.sirix.node.MemorySegmentBytesOut.readLimit (0x000074dd1fb0b808) [0x000074dd1fb0b900, 0x000074dd1fb0ba60] Compiler: c1, Barriers: 1, Oops: 1, ImmediateOops: 0, NonImmediateOops: No
[1,751s][debug][gc,nmethod     ] Register NMethod: io.brackit.query.atomic.Una.<init> (0x000074dd1fb0bb08) [0x000074dd1fb0bc00, 0x000074dd1fb0bf20] Compiler: c1, Barriers: 3, Oops: 1, ImmediateOops: 1, NonImmediateOops: No
[1,751s][debug][gc,nmethod     ] Register NMethod: io.sirix.access.trx.node.xml.XmlNodeTrxImpl.getBytes (0x000074dd1fb0bf88) [0x000074dd1fb0c080, 0x000074dd1fb0c648] Compiler: c1, Barriers: 1, Oops: 2, ImmediateOops: 1, NonImmediateOops: No
[1,751s][debug][gc,nmethod     ] Register NMethod: net.openhft.hashing.LongHashFunction.hashBytes (0x000074dd1fb0c688) [0x000074dd1fb0c780, 0x000074dd1fb0cd00] Compiler: c1, Barriers: 0, Oops: 1, ImmediateOops: 0, NonImmediateOops: No
[1,752s][debug][gc,nmethod     ] Register NMethod: jdk.internal.foreign.AbstractMemorySegmentImpl.checkArraySize (0x000074dd1fb0cd88) [0x000074dd1fb0ce80, 0x000074dd1fb0fc80] Compiler: c1, Barriers: 27, Oops: 2, ImmediateOops: 5, NonImmediateOops: No
[1,752s][debug][gc,nmethod     ] Register NMethod: net.openhft.hashing.LongHashFunction.hashByteBuffer (0x000074dd1fb0fd08) [0x000074dd1fb0fe00, 0x000074dd1fb11368] Compiler: c1, Barriers: 2, Oops: 1, ImmediateOops: 0, NonImmediateOops: No
[1,752s][debug][gc,nmethod     ] Register NMethod: java.nio.DirectByteBuffer.address (0x000074dd1fb11388) [0x000074dd1fb11480, 0x000074dd1fb12dc0] Compiler: c1, Barriers: 5, Oops: 0, ImmediateOops: 3, NonImmediateOops: No
[1,752s][debug][gc,nmethod     ] Register NMethod: jdk.internal.foreign.MemorySessionImpl.isCloseable (0x000074dd1fb12e08) [0x000074dd1fb12f00, 0x000074dd1fb13050] Compiler: c1, Barriers: 0, Oops: 0, ImmediateOops: 0, NonImmediateOops: No
[1,752s][debug][gc,nmethod     ] Register NMethod: it.unimi.dsi.fastutil.ints.Int2LongOpenHashMap.get (0x000074dd1fb13108) [0x000074dd1fb13200, 0x000074dd1fb13750] Compiler: c1, Barriers: 4, Oops: 1, ImmediateOops: 0, NonImmediateOops: No
[1,752s][debug][gc,nmethod     ] Register NMethod: io.sirix.access.trx.node.xml.ForwardingXmlNodeReadOnlyTrx.hasRightSibling (0x000074dd1fb13788) [0x000074dd1fb13880, 0x000074dd1fb13e80] Compiler: c1, Barriers: 1, Oops: 1, ImmediateOops: 0, NonImmediateOops: No
[1,752s][debug][gc,nmethod     ] Register NMethod: io.sirix.node.xml.ElementNode.getLastChildKey (0x000074dd1fb13f08) [0x000074dd1fb14000, 0x000074dd1fb18ff0] Compiler: c1, Barriers: 19, Oops: 7, ImmediateOops: 11, NonImmediateOops: No
[1,752s][debug][gc,nmethod     ] Register NMethod: io.sirix.access.trx.node.AbstractNodeReadOnlyTrx.hasRightSibling (0x000074dd1fb19088) [0x000074dd1fb19180, 0x000074dd1fb199a0] Compiler: c1, Barriers: 0, Oops: 1, ImmediateOops: 1, NonImmediateOops: No
[1,752s][debug][gc,nmethod     ] Register NMethod: io.sirix.access.trx.node.AbstractDeweyIDManager.newRightSiblingID (0x000074dd1fb19a08) [0x000074dd1fb19b00, 0x000074dd1fb1cad8] Compiler: c1, Barriers: 13, Oops: 1, ImmediateOops: 2, NonImmediateOops: No
[1,752s][debug][gc,nmethod     ] Register NMethod: com.sun.org.apache.xerces.internal.impl.XMLDocumentFragmentScannerImpl.getCharacterData (0x000074dd1fb1cb08) [0x000074dd1fb1cc00, 0x000074dd1fb1cdc8] Compiler: c1, Barriers: 2, Oops: 0, ImmediateOops: 0, NonImmediateOops: No
[1,753s][debug][gc,nmethod     ] Register NMethod: io.sirix.node.xml.ElementNode.hasRightSibling (0x000074dd1fb1ce08) [0x000074dd1fb1cf00, 0x000074dd1fb22338] Compiler: c1, Barriers: 19, Oops: 7, ImmediateOops: 12, NonImmediateOops: No
[1,753s][debug][gc,nmethod     ] Register NMethod: io.sirix.node.xml.ElementNode.hasLeftSibling (0x000074dd1fb22388) [0x000074dd1fb22480, 0x000074dd1fb278b8] Compiler: c1, Barriers: 19, Oops: 7, ImmediateOops: 12, NonImmediateOops: No
[1,753s][debug][gc,nmethod     ] Register NMethod: io.sirix.node.xml.AttributeNode.getKind (0x000074dd1fb27908) [0x000074dd1fb27a00, 0x000074dd1fb27b08] Compiler: c1, Barriers: 0, Oops: 1, ImmediateOops: 1, NonImmediateOops: No
[1,753s][debug][gc,nmethod     ] Register NMethod: com.sun.org.apache.xerces.internal.parsers.AbstractSAXParser.characters (0x000074dd1fb27c08) [0x000074dd1fb27d00, 0x000074dd1fb282a8] Compiler: c1, Barriers: 4, Oops: 0, ImmediateOops: 0, NonImmediateOops: No
[1,753s][debug][gc,nmethod     ] Register NMethod: io.sirix.utils.NamePageHash.generateHashForString (0x000074dd1fb28308) [0x000074dd1fb28400, 0x000074dd1fb286d8] Compiler: c1, Barriers: 0, Oops: 1, ImmediateOops: 0, NonImmediateOops: No
[1,753s][debug][gc,nmethod     ] Register NMethod: io.sirix.node.SirixDeweyID.newBetween (0x000074dd1fb28708) [0x000074dd1fb28800, 0x000074dd1fb2ba18] Compiler: c1, Barriers: 19, Oops: 1, ImmediateOops: 2, NonImmediateOops: No
[1,753s][debug][gc,nmethod     ] Register NMethod: io.sirix.node.xml.AbstractStructForwardingNode.getRightSiblingKey (0x000074dd1fb2ba88) [0x000074dd1fb2bb80, 0x000074dd1fb2beb0] Compiler: c1, Barriers: 0, Oops: 1, ImmediateOops: 0, NonImmediateOops: No
[1,753s][debug][gc,nmethod     ] Register NMethod: io.sirix.index.path.summary.PathSummaryReader.hasRightSibling (0x000074dd1fb2bf08) [0x000074dd1fb2c000, 0x000074dd1fb2c798] Compiler: c1, Barriers: 1, Oops: 1, ImmediateOops: 1, NonImmediateOops: No
[1,753s][debug][gc,nmethod     ] Register NMethod: io.brackit.query.node.parser.SAX2SubtreeHandlerAdapter.characters (0x000074dd1fb2c808) [0x000074dd1fb2c900, 0x000074dd1fb2cc20] Compiler: c1, Barriers: 1, Oops: 1, ImmediateOops: 0, NonImmediateOops: No
[1,754s][debug][gc,nmethod     ] Register NMethod: io.brackit.query.node.parser.SAX2SubtreeHandlerAdapter$TrimmingStringBuilder.append (0x000074dd1fb2cc88) [0x000074dd1fb2cd80, 0x000074dd1fb2d210] Compiler: c1, Barriers: 5, Oops: 1, ImmediateOops: 0, NonImmediateOops: No
[1,754s][debug][gc,nmethod     ] Register NMethod: io.brackit.query.node.parser.SAX2SubtreeHandlerAdapter$TrimmingStringBuilder.toString (0x000074dd1fb2d288) [0x000074dd1fb2d380, 0x000074dd1fb2d560] Compiler: c1, Barriers: 1, Oops: 1, ImmediateOops: 0, NonImmediateOops: No
[1,754s][debug][gc,nmethod     ] Register NMethod: java.lang.Integer.valueOf (0x000074dd3ecb5d08) [0x000074dd3ecb5e00, 0x000074dd3ecb5f70] Compiler: jvmci, Barriers: 1, Oops: 0, ImmediateOops: 1, NonImmediateOops: No
[1,754s][debug][gc,nmethod     ] Register NMethod: io.sirix.query.node.SubtreeBuilder.text (0x000074dd1fb2d588) [0x000074dd1fb2d680, 0x000074dd1fb2e018] Compiler: c1, Barriers: 3, Oops: 1, ImmediateOops: 0, NonImmediateOops: No
[1,754s][debug][gc,nmethod     ] Register NMethod: io.brackit.query.node.parser.SAX2SubtreeHandlerAdapter.handleText (0x000074dd1fb2e088) [0x000074dd1fb2e180, 0x000074dd1fb2eab0] Compiler: c1, Barriers: 8, Oops: 1, ImmediateOops: 1, NonImmediateOops: No
[1,754s][debug][gc,nmethod     ] Register NMethod: jdk.internal.foreign.AbstractMemorySegmentImpl.copy (0x000074dd1fb2eb08) [0x000074dd1fb2ec00, 0x000074dd1fb377d8] Compiler: c1, Barriers: 10, Oops: 6, ImmediateOops: 18, NonImmediateOops: No
[1,754s][debug][gc,nmethod     ] Register NMethod: java.lang.foreign.MemorySegment.copy (0x000074dd1fb37888) [0x000074dd1fb37980, 0x000074dd1fb40968] Compiler: c1, Barriers: 10, Oops: 6, ImmediateOops: 18, NonImmediateOops: No
[1,754s][debug][gc,nmethod     ] Register NMethod: io.sirix.access.trx.node.xml.ForwardingXmlNodeReadOnlyTrx.hasNode (0x000074dd1fb40a08) [0x000074dd1fb40b00, 0x000074dd1fb41100] Compiler: c1, Barriers: 1, Oops: 1, ImmediateOops: 0, NonImmediateOops: No
[1,754s][debug][gc,nmethod     ] Register NMethod: io.sirix.access.trx.node.AbstractNodeReadOnlyTrx.hasNode (0x000074dd1fb41188) [0x000074dd1fb41280, 0x000074dd1fb41eb0] Compiler: c1, Barriers: 4, Oops: 1, ImmediateOops: 2, NonImmediateOops: No
[1,754s][debug][gc,nmethod     ] Register NMethod: io.sirix.node.xml.TextNode.<init> (0x000074dd1fb41f08) [0x000074dd1fb42000, 0x000074dd1fb42820] Compiler: c1, Barriers: 21, Oops: 1, ImmediateOops: 0, NonImmediateOops: No
[1,754s][debug][gc,nmethod     ] Register NMethod: io.sirix.node.xml.TextNode.getRawValue (0x000074dd1fb42888) [0x000074dd1fb42980, 0x000074dd1fb42c98] Compiler: c1, Barriers: 9, Oops: 1, ImmediateOops: 0, NonImmediateOops: No
[1,754s][debug][gc,nmethod     ] Register NMethod: io.sirix.node.xml.AttributeNode.getParentKey (0x000074dd1fb42d08) [0x000074dd1fb42e00, 0x000074dd1fb47de8] Compiler: c1, Barriers: 19, Oops: 7, ImmediateOops: 11, NonImmediateOops: No
[1,755s][debug][gc,nmethod     ] Register NMethod: io.sirix.index.path.summary.PathSummaryReader.getRightSiblingKey (0x000074dd1fb47e88) [0x000074dd1fb47f80, 0x000074dd1fb48710] Compiler: c1, Barriers: 1, Oops: 1, ImmediateOops: 1, NonImmediateOops: No
[1,755s][debug][gc,nmethod     ] Register NMethod: io.sirix.service.xml.shredder.AbstractShredder.processText (0x000074dd1fb48788) [0x000074dd1fb48880, 0x000074dd1fb4ab30] Compiler: c1, Barriers: 8, Oops: 1, ImmediateOops: 1, NonImmediateOops: No
[1,755s][debug][gc,nmethod     ] Register NMethod: io.brackit.query.node.parser.SAX2SubtreeHandlerAdapter$TrimmingStringBuilder.clear (0x000074dd1fb4ab88) [0x000074dd1fb4ac80, 0x000074dd1fb4ad90] Compiler: c1, Barriers: 0, Oops: 1, ImmediateOops: 0, NonImmediateOops: No
[1,755s][debug][gc,nmethod     ] Register NMethod: io.sirix.node.delegates.NameNodeDelegate.getPrefixKey (0x000074dd3ecb6008) [0x000074dd3ecb6100, 0x000074dd3ecb61c0] Compiler: c1, Barriers: 0, Oops: 1, ImmediateOops: 0, NonImmediateOops: No
[1,755s][debug][gc,nmethod     ] Register NMethod: io.sirix.query.node.SubtreeProcessor.notifyText (0x000074dd1fb4ae88) [0x000074dd1fb4af80, 0x000074dd1fb4b9e0] Compiler: c1, Barriers: 1, Oops: 1, ImmediateOops: 0, NonImmediateOops: No
[1,755s][debug][gc,nmethod     ] Register NMethod: io.sirix.access.trx.node.xml.XmlNodeFactoryImpl.createTextNode (0x000074dd1fb4ba08) [0x000074dd1fb4bb00, 0x000074dd1fb4db48] Compiler: c1, Barriers: 13, Oops: 2, ImmediateOops: 3, NonImmediateOops: No
[1,755s][debug][gc,nmethod     ] Register NMethod: io.sirix.index.path.summary.PathNode.getPathKind (0x000074dd3ecb6308) [0x000074dd3ecb6400, 0x000074dd3ecb64e8] Compiler: c1, Barriers: 1, Oops: 1, ImmediateOops: 0, NonImmediateOops: No
[1,755s][debug][gc,nmethod     ] Register NMethod: io.sirix.page.RevisionRootPage.getNamePageReference (0x000074dd1fb4db88) [0x000074dd1fb4dc80, 0x000074dd1fb4e1f0] Compiler: c1, Barriers: 1, Oops: 1, ImmediateOops: 0, NonImmediateOops: No
[1,755s][debug][gc,nmethod     ] Register NMethod: com.sun.org.apache.xerces.internal.impl.XMLEntityScanner.checkNodeCount (0x000074dd1fb4e208) [0x000074dd1fb4e300, 0x000074dd1fb4e4c8] Compiler: c1, Barriers: 0, Oops: 0, ImmediateOops: 1, NonImmediateOops: No
[1,755s][debug][gc,nmethod     ] Register NMethod: io.sirix.access.trx.page.NodePageReadOnlyTrx.getNamePage (0x000074dd1fb4e508) [0x000074dd1fb4e600, 0x000074dd1fb4f5d8] Compiler: c1, Barriers: 4, Oops: 1, ImmediateOops: 1, NonImmediateOops: No
[1,755s][debug][gc,nmethod     ] Register NMethod: io.sirix.index.path.summary.PathSummaryReader.putMapping (0x000074dd1fb4f608) [0x000074dd1fb4f700, 0x000074dd1fb50138] Compiler: c1, Barriers: 9, Oops: 1, ImmediateOops: 0, NonImmediateOops: No
[1,755s][debug][gc,nmethod     ] Register NMethod: com.sun.org.apache.xerces.internal.impl.XMLEntityScanner.scanChar (0x000074dd1fb50188) [0x000074dd1fb50280, 0x000074dd1fb50ca8] Compiler: c1, Barriers: 8, Oops: 0, ImmediateOops: 0, NonImmediateOops: No
[1,755s][debug][gc,nmethod     ] Register NMethod: java.nio.CharBuffer.wrap (0x000074dd1fb50d08) [0x000074dd1fb50e00, 0x000074dd1fb51070] Compiler: c1, Barriers: 0, Oops: 0, ImmediateOops: 0, NonImmediateOops: No
[1,755s][debug][gc,nmethod     ] Register NMethod: java.nio.HeapCharBuffer.<init> (0x000074dd1fb51088) [0x000074dd1fb51180, 0x000074dd1fb512f8] Compiler: c1, Barriers: 0, Oops: 0, ImmediateOops: 0, NonImmediateOops: No
[1,755s][debug][gc,nmethod     ] Register NMethod: it.unimi.dsi.fastutil.ints.Int2IntOpenHashMap.find (0x000074dd1fb51388) [0x000074dd1fb51480, 0x000074dd1fb518e8] Compiler: c1, Barriers: 1, Oops: 1, ImmediateOops: 0, NonImmediateOops: No
[1,755s][debug][gc,nmethod     ] Register NMethod: it.unimi.dsi.fastutil.ints.Int2IntOpenHashMap.put (0x000074dd1fb51908) [0x000074dd1fb51a00, 0x000074dd1fb51c68] Compiler: c1, Barriers: 1, Oops: 1, ImmediateOops: 0, NonImmediateOops: No
[1,755s][debug][gc,nmethod     ] Register NMethod: jdk.internal.foreign.SegmentFactories.initNativeMemory (0x000074dd3ecb6608) [0x000074dd3ecb6700, 0x000074dd3ecb68a8] Compiler: jvmci, Barriers: 0, Oops: 0, ImmediateOops: 0, NonImmediateOops: No
[1,756s][debug][gc,nmethod     ] Register NMethod: java.util.ArrayDeque.removeFirst (0x000074dd1fb51c88) [0x000074dd1fb51d80, 0x000074dd1fb51fc8] Compiler: c1, Barriers: 0, Oops: 0, ImmediateOops: 0, NonImmediateOops: No
[1,756s][debug][gc,nmethod     ] Register NMethod: it.unimi.dsi.fastutil.ints.Int2ObjectOpenHashMap.get (0x000074dd1fb52008) [0x000074dd1fb52100, 0x000074dd1fb52770] Compiler: c1, Barriers: 10, Oops: 1, ImmediateOops: 0, NonImmediateOops: No
[1,756s][debug][gc,nmethod     ] Register NMethod: io.sirix.page.NamePage.setName (0x000074dd1fb52788) [0x000074dd1fb52880, 0x000074dd1fb53e40] Compiler: c1, Barriers: 25, Oops: 1, ImmediateOops: 2, NonImmediateOops: No
[1,756s][debug][gc,nmethod     ] Register NMethod: io.sirix.access.trx.page.AbstractForwardingPageReadOnlyTrx.getNamePage (0x000074dd1fb53e88) [0x000074dd1fb53f80, 0x000074dd1fb55028] Compiler: c1, Barriers: 5, Oops: 1, ImmediateOops: 1, NonImmediateOops: No
[1,756s][debug][gc,nmethod     ] Register NMethod: io.sirix.access.trx.page.NodePageTrx.createNameKey (0x000074dd1fb55088) [0x000074dd1fb55180, 0x000074dd1fb56be0] Compiler: c1, Barriers: 7, Oops: 1, ImmediateOops: 3, NonImmediateOops: No
[1,756s][debug][gc,nmethod     ] Register NMethod: com.sun.org.apache.xerces.internal.util.SymbolTable.addSymbol (0x000074dd1fb56c08) [0x000074dd1fb56d00, 0x000074dd1fb57240] Compiler: c1, Barriers: 5, Oops: 0, ImmediateOops: 0, NonImmediateOops: No
[1,757s][debug][gc,nmethod     ] Register NMethod: io.sirix.node.xml.AbstractStructForwardingNode.getFirstChildKey (0x000074dd1fb57288) [0x000074dd1fb57380, 0x000074dd1fb576b0] Compiler: c1, Barriers: 0, Oops: 1, ImmediateOops: 0, NonImmediateOops: No
[1,757s][debug][gc,nmethod     ] Register NMethod: it.unimi.dsi.fastutil.ints.Int2IntOpenHashMap.get (0x000074dd1fb57708) [0x000074dd1fb57800, 0x000074dd1fb57d60] Compiler: c1, Barriers: 4, Oops: 1, ImmediateOops: 0, NonImmediateOops: No
[1,757s][debug][gc,nmethod     ] Register NMethod: java.lang.String.compareTo (0x000074dd1fb57d88) [0x000074dd1fb57e80, 0x000074dd1fb586b0] Compiler: c1, Barriers: 2, Oops: 0, ImmediateOops: 0, NonImmediateOops: No
[1,757s][debug][gc,nmethod     ] Register NMethod: io.sirix.index.path.summary.PathSummaryReader.getFirstChildKey (0x000074dd1fb58708) [0x000074dd1fb58800, 0x000074dd1fb58f90] Compiler: c1, Barriers: 1, Oops: 1, ImmediateOops: 1, NonImmediateOops: No
[1,757s][debug][gc,nmethod     ] Register NMethod: io.brackit.query.atomic.QNm.atomicCode (0x000074dd3ecb6908) [0x000074dd3ecb6a00, 0x000074dd3ecb6ac0] Compiler: c1, Barriers: 0, Oops: 1, ImmediateOops: 0, NonImmediateOops: No
[1,757s][debug][gc,nmethod     ] Register NMethod: io.sirix.node.xml.TextNode.computeHash (0x000074dd1fb59008) [0x000074dd1fb59100, 0x000074dd1fb6a8a8] Compiler: c1, Barriers: 75, Oops: 9, ImmediateOops: 36, NonImmediateOops: No
[1,758s][debug][gc,nmethod     ] Register NMethod: io.sirix.index.name.Names.setName (0x000074dd1fb6a908) [0x000074dd1fb6aa00, 0x000074dd1fb6cc50] Compiler: c1, Barriers: 12, Oops: 2, ImmediateOops: 4, NonImmediateOops: No
[1,758s][debug][gc,nmethod     ] Register NMethod: java.nio.charset.Charset.defaultCharset (0x000074dd1fb6cc88) [0x000074dd1fb6cd80, 0x000074dd1fb6ce78] Compiler: c1, Barriers: 0, Oops: 0, ImmediateOops: 1, NonImmediateOops: No
[1,758s][debug][gc,nmethod     ] Register NMethod: java.util.ArrayDeque.pop (0x000074dd1fb6cf88) [0x000074dd1fb6d080, 0x000074dd1fb6d320] Compiler: c1, Barriers: 0, Oops: 0, ImmediateOops: 0, NonImmediateOops: No
[1,758s][debug][gc,nmethod     ] Register NMethod: io.sirix.access.trx.page.NodePageReadOnlyTrx.getResourceSession (0x000074dd1fb6d388) [0x000074dd1fb6d480, 0x000074dd1fb6d8f0] Compiler: c1, Barriers: 1, Oops: 1, ImmediateOops: 1, NonImmediateOops: No
[1,759s][debug][gc,nmethod     ] Register NMethod: io.sirix.node.delegates.StructNodeDelegate.hasFirstChild (0x000074dd1fb6d908) [0x000074dd1fb6da00, 0x000074dd1fb6dd58] Compiler: c1, Barriers: 0, Oops: 1, ImmediateOops: 1, NonImmediateOops: No
[1,759s][debug][gc,nmethod     ] Register NMethod: io.sirix.node.xml.AbstractStructForwardingNode.hasFirstChild (0x000074dd1fb6dd88) [0x000074dd1fb6de80, 0x000074dd1fb6e448] Compiler: c1, Barriers: 0, Oops: 1, ImmediateOops: 1, NonImmediateOops: No
[1,759s][debug][gc,nmethod     ] Register NMethod: com.sun.org.apache.xerces.internal.xni.QName.setValues (0x000074dd1fb6e488) [0x000074dd1fb6e580, 0x000074dd1fb6e858] Compiler: c1, Barriers: 12, Oops: 0, ImmediateOops: 0, NonImmediateOops: No
[1,759s][debug][gc,director    ] Rule Major: Warmup 10%, Used: 296MB, UsedThreshold: 1228MB
[1,759s][debug][gc,nmethod     ] Register NMethod: com.sun.org.apache.xerces.internal.util.NamespaceSupport.getURI (0x000074dd1fb6e888) [0x000074dd1fb6e980, 0x000074dd1fb6ec70] Compiler: c1, Barriers: 3, Oops: 0, ImmediateOops: 0, NonImmediateOops: No
[1,759s][debug][gc,nmethod     ] Register NMethod: com.sun.org.apache.xerces.internal.impl.XMLDocumentFragmentScannerImpl.seekCloseOfStartTag (0x000074dd1fb6ec88) [0x000074dd1fb6ed80, 0x000074dd1fb70350] Compiler: c1, Barriers: 15, Oops: 1, ImmediateOops: 4, NonImmediateOops: No
[1,759s][debug][gc,nmethod     ] Register NMethod: com.sun.org.apache.xerces.internal.parsers.AbstractSAXParser$AttributesProxy.getLength (0x000074dd1fb70388) [0x000074dd1fb70480, 0x000074dd1fb707c0] Compiler: c1, Barriers: 1, Oops: 0, ImmediateOops: 0, NonImmediateOops: No
[1,759s][debug][gc,nmethod     ] Register NMethod: java.lang.String.getBytes (0x000074dd1fb70808) [0x000074dd1fb70900, 0x000074dd1fb70ce8] Compiler: c1, Barriers: 1, Oops: 0, ImmediateOops: 0, NonImmediateOops: No
[1,760s][debug][gc,nmethod     ] Register NMethod: com.sun.org.apache.xerces.internal.impl.XMLEntityScanner.scanQName (0x000074dd1fb70d08) [0x000074dd1fb70e00, 0x000074dd1fb730a0] Compiler: c1, Barriers: 55, Oops: 2, ImmediateOops: 10, NonImmediateOops: No
[1,760s][debug][gc,nmethod     ] Register NMethod: io.sirix.utils.XMLToken.isNCName (0x000074dd1fb73108) [0x000074dd1fb73200, 0x000074dd1fb733a0] Compiler: c1, Barriers: 0, Oops: 1, ImmediateOops: 0, NonImmediateOops: No
[1,760s][debug][gc,nmethod     ] Register NMethod: io.sirix.axis.filter.FilterAxis.nextKey (0x000074dd1fb73408) [0x000074dd1fb73500, 0x000074dd1fb74b10] Compiler: c1, Barriers: 3, Oops: 1, ImmediateOops: 1, NonImmediateOops: No
[1,760s][debug][gc,nmethod     ] Register NMethod: io.sirix.utils.XMLToken.ncName (0x000074dd1fb74b88) [0x000074dd1fb74c80, 0x000074dd1fb750d8] Compiler: c1, Barriers: 0, Oops: 1, ImmediateOops: 1, NonImmediateOops: No
[1,760s][debug][gc,nmethod     ] Register NMethod: io.sirix.utils.XMLToken.isValidQName (0x000074dd1fb75108) [0x000074dd1fb75200, 0x000074dd1fb76750] Compiler: c1, Barriers: 6, Oops: 1, ImmediateOops: 0, NonImmediateOops: No
[1,760s][debug][gc,nmethod     ] Register NMethod: io.sirix.axis.ChildAxis.<init> (0x000074dd1fb76788) [0x000074dd1fb76880, 0x000074dd1fb769b0] Compiler: c1, Barriers: 0, Oops: 1, ImmediateOops: 0, NonImmediateOops: No
[1,760s][debug][gc,nmethod     ] Register NMethod: io.sirix.axis.ChildAxis.reset (0x000074dd1fb76a88) [0x000074dd1fb76b80, 0x000074dd1fb76d68] Compiler: c1, Barriers: 3, Oops: 1, ImmediateOops: 1, NonImmediateOops: No
[1,760s][debug][gc,nmethod     ] Register NMethod: io.sirix.axis.filter.FilterAxis.<init> (0x000074dd1fb76d88) [0x000074dd1fb76e80, 0x000074dd1fb79a18] Compiler: c1, Barriers: 24, Oops: 1, ImmediateOops: 3, NonImmediateOops: No
[1,760s][debug][gc,nmethod     ] Register NMethod: io.sirix.access.Utils.buildName (0x000074dd1fb79a88) [0x000074dd1fb79b80, 0x000074dd1fb7ab78] Compiler: c1, Barriers: 4, Oops: 2, ImmediateOops: 2, NonImmediateOops: No
[1,760s][debug][gc,nmethod     ] Register NMethod: io.sirix.index.path.summary.PathSummaryReader.keyForName (0x000074dd1fb7ac08) [0x000074dd1fb7ad00, 0x000074dd1fb7b1c8] Compiler: c1, Barriers: 0, Oops: 1, ImmediateOops: 1, NonImmediateOops: No
[1,760s][debug][gc,nmethod     ] Register NMethod: io.sirix.axis.filter.FilterAxis.reset (0x000074dd1fb7b208) [0x000074dd1fb7b300, 0x000074dd1fb7b750] Compiler: c1, Barriers: 4, Oops: 1, ImmediateOops: 1, NonImmediateOops: No
[1,760s][debug][gc,nmethod     ] Register NMethod: io.sirix.axis.filter.PathNameFilter.<init> (0x000074dd1fb7b788) [0x000074dd1fb7b880, 0x000074dd1fb7d508] Compiler: c1, Barriers: 4, Oops: 1, ImmediateOops: 3, NonImmediateOops: No
[1,760s][debug][gc,nmethod     ] Register NMethod: io.sirix.index.path.summary.PathSummaryWriter.getPathNodeKey (0x000074dd1fb7d588) [0x000074dd1fb7d680, 0x000074dd1fb814f8] Compiler: c1, Barriers: 25, Oops: 1, ImmediateOops: 8, NonImmediateOops: No
[1,760s][debug][gc,nmethod     ] Register NMethod: io.sirix.axis.filter.PathKindFilter.<init> (0x000074dd1fb81508) [0x000074dd1fb81600, 0x000074dd1fb81d40] Compiler: c1, Barriers: 6, Oops: 1, ImmediateOops: 0, NonImmediateOops: No
[1,760s][debug][gc,nmethod     ] Register NMethod: io.sirix.node.immutable.xml.ImmutableElement.getKind (0x000074dd1fb81d88) [0x000074dd1fb81e80, 0x000074dd1fb821d8] Compiler: c1, Barriers: 1, Oops: 1, ImmediateOops: 1, NonImmediateOops: No
[1,760s][debug][gc,nmethod     ] Register NMethod: java.util.ArrayList.getLast (0x000074dd1fb82208) [0x000074dd1fb82300, 0x000074dd1fb82608] Compiler: c1, Barriers: 2, Oops: 0, ImmediateOops: 0, NonImmediateOops: No
[1,761s][debug][gc,nmethod     ] Register NMethod: io.sirix.index.path.summary.PathSummaryReader.hasFirstChild (0x000074dd1fb82688) [0x000074dd1fb82780, 0x000074dd1fb82f18] Compiler: c1, Barriers: 1, Oops: 1, ImmediateOops: 1, NonImmediateOops: No
[1,761s][debug][gc,nmethod     ] Register NMethod: io.sirix.access.trx.page.AbstractForwardingPageReadOnlyTrx.getResourceSession (0x000074dd1fb82f88) [0x000074dd1fb83080, 0x000074dd1fb835b8] Compiler: c1, Barriers: 2, Oops: 1, ImmediateOops: 1, NonImmediateOops: No
[1,761s][debug][gc,nmethod     ] Register NMethod: java.util.LinkedHashMap.afterNodeAccess (0x000074dd1fb83608) [0x000074dd1fb83700, 0x000074dd1fb847b0] Compiler: c1, Barriers: 54, Oops: 0, ImmediateOops: 0, NonImmediateOops: No
[1,761s][debug][gc,nmethod     ] Register NMethod: io.sirix.node.MemorySegmentBytesOut.toByteArray (0x000074dd1fb84808) [0x000074dd1fb84900, 0x000074dd1fb84a88] Compiler: c1, Barriers: 1, Oops: 1, ImmediateOops: 0, NonImmediateOops: No
[1,761s][debug][gc,nmethod     ] Register NMethod: io.sirix.node.xml.ElementNode.getHash (0x000074dd3ecb6c08) [0x000074dd3ecb6d00, 0x000074dd3ecb71b0] Compiler: jvmci, Barriers: 6, Oops: 3, ImmediateOops: 1, NonImmediateOops: No
[1,761s][debug][gc,nmethod     ] Register NMethod: io.sirix.node.MemorySegmentBytesOut.writeLong (0x000074dd3ecb7208) [0x000074dd3ecb7300, 0x000074dd3ecb7820] Compiler: jvmci, Barriers: 5, Oops: 3, ImmediateOops: 0, NonImmediateOops: No
[1,761s][debug][gc,nmethod     ] Register NMethod: io.sirix.node.immutable.xml.ImmutableElement.getPathNodeKey (0x000074dd1fb84b08) [0x000074dd1fb84c00, 0x000074dd1fb89e48] Compiler: c1, Barriers: 20, Oops: 7, ImmediateOops: 11, NonImmediateOops: No
[1,762s][debug][gc,nmethod     ] Register NMethod: com.sun.org.apache.xerces.internal.impl.XMLEntityScanner.checkLimit (0x000074dd1fb89e88) [0x000074dd1fb89f80, 0x000074dd1fb923e0] Compiler: c1, Barriers: 73, Oops: 3, ImmediateOops: 18, NonImmediateOops: No
[1,762s][debug][gc,nmethod     ] Register NMethod: io.sirix.index.path.summary.PathNode.getName (0x000074dd3ecb7888) [0x000074dd3ecb7980, 0x000074dd3ecb7a68] Compiler: c1, Barriers: 1, Oops: 1, ImmediateOops: 0, NonImmediateOops: No
[1,762s][debug][gc,nmethod     ] Register NMethod: io.sirix.node.GrowingMemorySegment.toByteArray (0x000074dd1fb92408) [0x000074dd1fb92500, 0x000074dd1fb99018] Compiler: c1, Barriers: 7, Oops: 9, ImmediateOops: 16, NonImmediateOops: No
[1,763s][debug][gc,nmethod     ] Register NMethod: com.sun.org.apache.xerces.internal.util.NamespaceSupport.pushContext (0x000074dd1fb99088) [0x000074dd1fb99180, 0x000074dd1fb994f0] Compiler: c1, Barriers: 5, Oops: 0, ImmediateOops: 0, NonImmediateOops: No
[1,763s][debug][gc,nmethod     ] Register NMethod: io.sirix.cache.IndexLogKey.hashCode (0x000074dd1fb99508) [0x000074dd1fb99600, 0x000074dd1fb999a8] Compiler: c1, Barriers: 1, Oops: 1, ImmediateOops: 0, NonImmediateOops: No
[1,763s][debug][gc,nmethod     ] Register NMethod: io.sirix.access.trx.page.NodePageTrx.prepareRecordPage (0x000074dd3ecb7b88) [0x000074dd3ecb7c80, 0x000074dd3ecb8838] Compiler: jvmci, Barriers: 32, Oops: 3, ImmediateOops: 1, NonImmediateOops: No
[1,763s][debug][gc,nmethod     ] Register NMethod: com.sun.org.apache.xerces.internal.impl.XMLDocumentFragmentScannerImpl$ElementStack.nextElement (0x000074dd1fb99a08) [0x000074dd1fb99b00, 0x000074dd1fb9a500] Compiler: c1, Barriers: 13, Oops: 0, ImmediateOops: 0, NonImmediateOops: No
[1,763s][debug][gc,nmethod     ] Register NMethod: com.sun.org.apache.xerces.internal.util.XMLAttributesImpl.removeAllAttributes (0x000074dd1fb9a508) [0x000074dd1fb9a600, 0x000074dd1fb9a708] Compiler: c1, Barriers: 0, Oops: 0, ImmediateOops: 0, NonImmediateOops: No
[1,763s][debug][gc,nmethod     ] Register NMethod: com.sun.org.apache.xerces.internal.util.XMLAttributesIteratorImpl.removeAllAttributes (0x000074dd1fb9a808) [0x000074dd1fb9a900, 0x000074dd1fb9aa68] Compiler: c1, Barriers: 0, Oops: 0, ImmediateOops: 0, NonImmediateOops: No
[1,763s][debug][gc,nmethod     ] Register NMethod: com.sun.org.apache.xerces.internal.impl.XMLDocumentFragmentScannerImpl$ElementStack.popElement (0x000074dd1fb9ab08) [0x000074dd1fb9ac00, 0x000074dd1fb9af50] Compiler: c1, Barriers: 6, Oops: 0, ImmediateOops: 0, NonImmediateOops: No
[1,763s][debug][gc,nmethod     ] Register NMethod: com.sun.org.apache.xerces.internal.parsers.AbstractSAXParser.startNamespaceMapping (0x000074dd1fb9af88) [0x000074dd1fb9b080, 0x000074dd1fb9b8a8] Compiler: c1, Barriers: 7, Oops: 0, ImmediateOops: 1, NonImmediateOops: No
[1,763s][debug][gc,nmethod     ] Register NMethod: java.lang.Object.equals (0x000074dd3ecb8888) [0x000074dd3ecb8980, 0x000074dd3ecb8a10] Compiler: jvmci, Barriers: 0, Oops: 0, ImmediateOops: 0, NonImmediateOops: No
[1,763s][debug][gc,nmethod     ] Register NMethod: com.sun.org.apache.xerces.internal.impl.XMLDocumentFragmentScannerImpl.checkDepth (0x000074dd1fb9b908) [0x000074dd1fb9ba00, 0x000074dd1fb9ec58] Compiler: c1, Barriers: 26, Oops: 2, ImmediateOops: 8, NonImmediateOops: No
[1,763s][debug][gc,nmethod     ] Register NMethod: com.sun.org.apache.xerces.internal.parsers.AbstractSAXParser.startElement (0x000074dd1fb9ec88) [0x000074dd1fb9ed80, 0x000074dd1fba1068] Compiler: c1, Barriers: 44, Oops: 0, ImmediateOops: 10, NonImmediateOops: No
[1,763s][debug][gc,nmethod     ] Register NMethod: com.sun.org.apache.xerces.internal.parsers.AbstractSAXParser.endElement (0x000074dd1fba1088) [0x000074dd1fba1180, 0x000074dd1fba1a78] Compiler: c1, Barriers: 9, Oops: 0, ImmediateOops: 2, NonImmediateOops: No
[1,764s][debug][gc,nmethod     ] Register NMethod: io.sirix.query.node.SubtreeBuilder.startElement (0x000074dd1fba1a88) [0x000074dd1fba1b80, 0x000074dd1fba43a0] Compiler: c1, Barriers: 14, Oops: 1, ImmediateOops: 1, NonImmediateOops: No
[1,764s][debug][gc,nmethod     ] Register NMethod: io.brackit.query.node.parser.SAX2SubtreeHandlerAdapter.startElement (0x000074dd1fba4408) [0x000074dd1fba4500, 0x000074dd1fba61f8] Compiler: c1, Barriers: 6, Oops: 1, ImmediateOops: 3, NonImmediateOops: No
[1,764s][debug][gc,nmethod     ] Register NMethod: io.sirix.node.xml.ElementNode.<init> (0x000074dd1fba6208) [0x000074dd1fba6300, 0x000074dd1fba7310] Compiler: c1, Barriers: 19, Oops: 1, ImmediateOops: 3, NonImmediateOops: No
[1,764s][debug][gc,nmethod     ] Register NMethod: io.sirix.service.xml.shredder.AbstractShredder.processStartTag (0x000074dd1fba7388) [0x000074dd1fba7480, 0x000074dd1fbad1b0] Compiler: c1, Barriers: 27, Oops: 1, ImmediateOops: 11, NonImmediateOops: No
[1,764s][debug][gc,nmethod     ] Register NMethod: com.sun.org.apache.xerces.internal.impl.XMLNSDocumentScannerImpl.scanStartElement (0x000074dd1fbad208) [0x000074dd1fbad300, 0x000074dd1fbb55e0] Compiler: c1, Barriers: 176, Oops: 11, ImmediateOops: 26, NonImmediateOops: No
[1,765s][debug][gc,nmethod     ] Register NMethod: com.sun.org.apache.xerces.internal.parsers.AbstractSAXParser.endNamespaceMapping (0x000074dd1fbb5688) [0x000074dd1fbb5780, 0x000074dd1fbb5ec8] Compiler: c1, Barriers: 7, Oops: 0, ImmediateOops: 0, NonImmediateOops: No
[1,765s][debug][gc,nmethod     ] Register NMethod: com.sun.org.apache.xerces.internal.util.SymbolTable.hash (0x000074dd1fbb5f08) [0x000074dd1fbb6000, 0x000074dd1fbb62a0] Compiler: c1, Barriers: 1, Oops: 0, ImmediateOops: 0, NonImmediateOops: No
[1,765s][debug][gc,nmethod     ] Register NMethod: java.lang.String.<init> (0x000074dd1fbb6308) [0x000074dd1fbb6400, 0x000074dd1fbb6628] Compiler: c1, Barriers: 4, Oops: 0, ImmediateOops: 0, NonImmediateOops: No
[1,765s][debug][gc,nmethod     ] Register NMethod: io.sirix.index.path.summary.PathNode.getPrefixKey (0x000074dd1fbb6688) [0x000074dd1fbb6780, 0x000074dd1fbb68e0] Compiler: c1, Barriers: 1, Oops: 1, ImmediateOops: 0, NonImmediateOops: No
[1,765s][debug][gc,nmethod     ] Register NMethod: io.sirix.access.trx.node.AbstractNodeReadOnlyTrx.moveTo (0x000074dd3ecb8b88) [0x000074dd3ecb8c80, 0x000074dd3ecb9768] Compiler: jvmci, Barriers: 23, Oops: 2, ImmediateOops: 1, NonImmediateOops: No
[1,765s][debug][gc,nmethod     ] Register NMethod: io.sirix.axis.filter.PathKindFilter.filter (0x000074dd1fbb6988) [0x000074dd1fbb6a80, 0x000074dd1fbb7a18] Compiler: c1, Barriers: 4, Oops: 1, ImmediateOops: 2, NonImmediateOops: No
[1,765s][debug][gc,nmethod     ] Register NMethod: io.sirix.node.xml.ElementNode.getPrefixKey (0x000074dd1fbb7a88) [0x000074dd1fbb7b80, 0x000074dd1fbbcb70] Compiler: c1, Barriers: 19, Oops: 7, ImmediateOops: 11, NonImmediateOops: No
[1,765s][debug][gc,nmethod     ] Register NMethod: io.sirix.index.path.summary.PathSummaryReader.getPathKind (0x000074dd1fbbcc08) [0x000074dd1fbbcd00, 0x000074dd1fbbd610] Compiler: c1, Barriers: 2, Oops: 1, ImmediateOops: 2, NonImmediateOops: No
[1,765s][debug][gc,nmethod     ] Register NMethod: io.sirix.node.xml.ElementNode.getLocalNameKey (0x000074dd1fbbd688) [0x000074dd1fbbd780, 0x000074dd1fbc2770] Compiler: c1, Barriers: 19, Oops: 7, ImmediateOops: 11, NonImmediateOops: No
[1,765s][debug][gc,nmethod     ] Register NMethod: io.sirix.query.node.SubtreeProcessor.notifyEndElement (0x000074dd1fbc2808) [0x000074dd1fbc2900, 0x000074dd1fbc3360] Compiler: c1, Barriers: 1, Oops: 1, ImmediateOops: 0, NonImmediateOops: No
[1,765s][debug][gc,nmethod     ] Register NMethod: io.sirix.service.xml.shredder.AbstractShredder.processEndTag (0x000074dd1fbc3388) [0x000074dd1fbc3480, 0x000074dd1fbc4600] Compiler: c1, Barriers: 4, Oops: 1, ImmediateOops: 0, NonImmediateOops: No
[1,766s][debug][gc,nmethod     ] Register NMethod: io.sirix.query.node.SubtreeBuilder.endElement (0x000074dd1fbc4688) [0x000074dd1fbc4780, 0x000074dd1fbc5fe0] Compiler: c1, Barriers: 6, Oops: 1, ImmediateOops: 0, NonImmediateOops: No
[1,766s][debug][gc,nmethod     ] Register NMethod: io.sirix.query.node.SubtreeProcessor.notifyStartElement (0x000074dd1fbc6008) [0x000074dd1fbc6100, 0x000074dd1fbc6b60] Compiler: c1, Barriers: 1, Oops: 1, ImmediateOops: 0, NonImmediateOops: No
[1,766s][debug][gc,nmethod     ] Register NMethod: io.sirix.access.trx.node.xml.XmlNodeFactoryImpl.createElementNode (0x000074dd1fbc6b88) [0x000074dd1fbc6c80, 0x000074dd1fbcb4e0] Compiler: c1, Barriers: 40, Oops: 2, ImmediateOops: 13, NonImmediateOops: No
[1,766s][debug][gc,nmethod     ] Register NMethod: io.sirix.node.xml.ElementNode.getHashFunction (0x000074dd1fbcb508) [0x000074dd1fbcb600, 0x000074dd1fbcb768] Compiler: c1, Barriers: 2, Oops: 1, ImmediateOops: 0, NonImmediateOops: No
[1,766s][debug][gc,nmethod     ] Register NMethod: io.sirix.node.xml.ElementNode.getParentKey (0x000074dd3ecb9788) [0x000074dd3ecb9880, 0x000074dd3ecb9c98] Compiler: jvmci, Barriers: 4, Oops: 3, ImmediateOops: 0, NonImmediateOops: No
[1,766s][debug][gc,nmethod     ] Register NMethod: net.openhft.hashing.LongHashFunction.hashBytes (0x000074dd1fbcb808) [0x000074dd1fbcb900, 0x000074dd1fbcba48] Compiler: c1, Barriers: 0, Oops: 1, ImmediateOops: 0, NonImmediateOops: No
[1,766s][debug][gc,nmethod     ] Register NMethod: io.sirix.access.trx.node.xml.ForwardingXmlNodeReadOnlyTrx.isDocumentRoot (0x000074dd1fbcbb08) [0x000074dd1fbcbc00, 0x000074dd1fbcc1e8] Compiler: c1, Barriers: 1, Oops: 1, ImmediateOops: 0, NonImmediateOops: No
[1,766s][debug][gc,nmethod     ] Register NMethod: io.brackit.query.node.parser.SAX2SubtreeHandlerAdapter.endElement (0x000074dd1fbcc208) [0x000074dd1fbcc300, 0x000074dd1fbcdf48] Compiler: c1, Barriers: 8, Oops: 1, ImmediateOops: 0, NonImmediateOops: No
[1,766s][debug][gc,nmethod     ] Register NMethod: io.sirix.access.trx.node.xml.XmlNodeReadOnlyTrxImpl.isDocumentRoot (0x000074dd1fbcdf88) [0x000074dd1fbce080, 0x000074dd1fbceb28] Compiler: c1, Barriers: 1, Oops: 1, ImmediateOops: 2, NonImmediateOops: No
[1,766s][debug][gc,nmethod     ] Register NMethod: io.sirix.node.GrowingMemorySegment.writeLong (0x000074dd3ecb9d08) [0x000074dd3ecb9e00, 0x000074dd3ecba298] Compiler: jvmci, Barriers: 4, Oops: 3, ImmediateOops: 0, NonImmediateOops: No
[1,766s][debug][gc,nmethod     ] Register NMethod: java.lang.invoke.DelegatingMethodHandle$Holder.reinvoke_L (0x000074dd1fbceb88) [0x000074dd1fbcec80, 0x000074dd1fbcf3b0] Compiler: c1, Barriers: 1, Oops: 0, ImmediateOops: 0, NonImmediateOops: No
[1,767s][debug][gc,nmethod     ] Register NMethod: io.sirix.node.xml.ElementNode.getURIKey (0x000074dd1fbcf408) [0x000074dd1fbcf500, 0x000074dd1fbd44f0] Compiler: c1, Barriers: 19, Oops: 7, ImmediateOops: 11, NonImmediateOops: No
[1,767s][debug][gc,nmethod     ] Register NMethod: io.sirix.access.trx.node.xml.XmlNodeTrxImpl.insertElementAsRightSibling (0x000074dd1fbd4588) [0x000074dd1fbd4680, 0x000074dd1fbdb3c8] Compiler: c1, Barriers: 31, Oops: 1, ImmediateOops: 7, NonImmediateOops: No
[1,767s][debug][gc,nmethod     ] Register NMethod: com.sun.org.apache.xerces.internal.impl.XMLEntityScanner.arrangeCapacity (0x000074dd1fbdb408) [0x000074dd1fbdb500, 0x000074dd1fbdbe58] Compiler: c1, Barriers: 10, Oops: 0, ImmediateOops: 0, NonImmediateOops: No
[1,767s][debug][gc,nmethod     ] Register NMethod: io.sirix.cache.IndexLogKey.equals (0x000074dd1fbdbe88) [0x000074dd1fbdbf80, 0x000074dd1fbdc8c8] Compiler: c1, Barriers: 4, Oops: 1, ImmediateOops: 0, NonImmediateOops: No
[1,767s][debug][gc,nmethod     ] Register NMethod: io.sirix.access.trx.node.xml.ForwardingXmlNodeReadOnlyTrx.isElement (0x000074dd1fbdc908) [0x000074dd1fbdca00, 0x000074dd1fbdd000] Compiler: c1, Barriers: 1, Oops: 1, ImmediateOops: 0, NonImmediateOops: No
[1,767s][debug][gc,nmethod     ] Register NMethod: com.sun.org.apache.xerces.internal.impl.XMLEntityScanner.skipString (0x000074dd1fbdd088) [0x000074dd1fbdd180, 0x000074dd1fbde2a0] Compiler: c1, Barriers: 6, Oops: 1, ImmediateOops: 2, NonImmediateOops: No
[1,767s][debug][gc,nmethod     ] Register NMethod: io.sirix.access.trx.node.xml.XmlNodeReadOnlyTrxImpl.isElement (0x000074dd1fbde308) [0x000074dd1fbde400, 0x000074dd1fbdeea8] Compiler: c1, Barriers: 1, Oops: 1, ImmediateOops: 2, NonImmediateOops: No
[1,767s][debug][gc,nmethod     ] Register NMethod: io.sirix.access.trx.node.xml.ForwardingXmlNodeReadOnlyTrx.getNameNode (0x000074dd1fbdef08) [0x000074dd1fbdf000, 0x000074dd1fbdf5f8] Compiler: c1, Barriers: 1, Oops: 1, ImmediateOops: 0, NonImmediateOops: No
[1,767s][debug][gc,nmethod     ] Register NMethod: io.sirix.node.xml.TextNode.setRightSiblingKey (0x000074dd1fbdf608) [0x000074dd1fbdf700, 0x000074dd1fbe4828] Compiler: c1, Barriers: 19, Oops: 7, ImmediateOops: 12, NonImmediateOops: No
[1,768s][debug][gc,nmethod     ] Register NMethod: io.sirix.index.path.summary.PathSummaryWriter.movePathSummary (0x000074dd1fbe4888) [0x000074dd1fbe4980, 0x000074dd1fbe7058] Compiler: c1, Barriers: 11, Oops: 1, ImmediateOops: 3, NonImmediateOops: No
[1,768s][debug][gc,nmethod     ] Register NMethod: io.sirix.index.path.summary.PathSummaryReader.getLevel (0x000074dd1fbe7088) [0x000074dd1fbe7180, 0x000074dd1fbe88f0] Compiler: c1, Barriers: 1, Oops: 1, ImmediateOops: 3, NonImmediateOops: No
[1,768s][debug][gc,nmethod     ] Register NMethod: io.sirix.access.trx.node.xml.ForwardingXmlNodeReadOnlyTrx.hasFirstChild (0x000074dd1fbe8908) [0x000074dd1fbe8a00, 0x000074dd1fbe9000] Compiler: c1, Barriers: 1, Oops: 1, ImmediateOops: 0, NonImmediateOops: No
[1,768s][debug][gc,nmethod     ] Register NMethod: io.sirix.access.trx.node.AbstractNodeReadOnlyTrx.hasFirstChild (0x000074dd1fbe9088) [0x000074dd1fbe9180, 0x000074dd1fbe99a0] Compiler: c1, Barriers: 0, Oops: 1, ImmediateOops: 1, NonImmediateOops: No
[1,768s][debug][gc,nmethod     ] Register NMethod: io.sirix.node.SirixDeweyID.getNewChildID (0x000074dd1fbe9a08) [0x000074dd1fbe9b00, 0x000074dd1fbe9d90] Compiler: c1, Barriers: 0, Oops: 1, ImmediateOops: 0, NonImmediateOops: No
[1,768s][debug][gc,nmethod     ] Register NMethod: io.sirix.node.SirixDeweyID.<init> (0x000074dd1fbe9e08) [0x000074dd1fbe9f00, 0x000074dd1fbea368] Compiler: c1, Barriers: 7, Oops: 1, ImmediateOops: 0, NonImmediateOops: No
[1,768s][debug][gc,nmethod     ] Register NMethod: io.sirix.access.trx.node.AbstractDeweyIDManager.newFirstChildID (0x000074dd1fbea388) [0x000074dd1fbea480, 0x000074dd1fbed360] Compiler: c1, Barriers: 12, Oops: 1, ImmediateOops: 2, NonImmediateOops: No
[1,768s][debug][gc,nmethod     ] Register NMethod: io.sirix.node.xml.ElementNode.setRightSiblingKey (0x000074dd1fbed388) [0x000074dd1fbed480, 0x000074dd1fbf25a8] Compiler: c1, Barriers: 19, Oops: 7, ImmediateOops: 12, NonImmediateOops: No
[1,768s][debug][gc,nmethod     ] Register NMethod: io.sirix.access.trx.page.NodePageTrx.getMostRecentPageContainer (0x000074dd1fbf2608) [0x000074dd1fbf2700, 0x000074dd1fbf2d30] Compiler: c1, Barriers: 9, Oops: 1, ImmediateOops: 1, NonImmediateOops: No
[1,768s][debug][gc,nmethod     ] Register NMethod: com.google.common.collect.ForwardingObject.<init> (0x000074dd1fbf2d88) [0x000074dd1fbf2e80, 0x000074dd1fbf2ff0] Compiler: c1, Barriers: 0, Oops: 1, ImmediateOops: 0, NonImmediateOops: No
[1,768s][debug][gc,nmethod     ] Register NMethod: java.util.HashMap.afterNodeAccess (0x000074dd1fbf3088) [0x000074dd1fbf3180, 0x000074dd1fbf3280] Compiler: c1, Barriers: 0, Oops: 0, ImmediateOops: 0, NonImmediateOops: No
[1,769s][debug][gc,director    ] Rule Major: Warmup 10%, Used: 296MB, UsedThreshold: 1228MB
[1,769s][debug][gc,nmethod     ] Register NMethod: io.sirix.access.trx.page.NodePageTrx.prepareRecordPage (0x000074dd1fbf3388) [0x000074dd1fbf3480, 0x000074dd1fbf5a28] Compiler: c1, Barriers: 38, Oops: 4, ImmediateOops: 3, NonImmediateOops: No
[1,769s][debug][gc,nmethod     ] Register NMethod: io.sirix.access.trx.node.xml.XmlNodeTrxImpl.insertTextAsRightSibling (0x000074dd1fbf5a88) [0x000074dd1fbf5b80, 0x000074dd1fc045d8] Compiler: c1, Barriers: 52, Oops: 5, ImmediateOops: 18, NonImmediateOops: No
[1,769s][debug][gc,nmethod     ] Register NMethod: io.sirix.node.xml.ElementNode.hasFirstChild (0x000074dd1fc04608) [0x000074dd1fc04700, 0x000074dd1fc09b38] Compiler: c1, Barriers: 19, Oops: 7, ImmediateOops: 12, NonImmediateOops: No
[1,769s][debug][gc,nmethod     ] Register NMethod: io.sirix.access.trx.node.AbstractNodeReadOnlyTrx.moveTo (0x000074dd1fc09b88) [0x000074dd1fc09c80, 0x000074dd1fc0b7e8] Compiler: c1, Barriers: 11, Oops: 1, ImmediateOops: 4, NonImmediateOops: No
[1,770s][debug][gc,nmethod     ] Register NMethod: io.sirix.service.xml.xpath.ItemListImpl.size (0x000074dd1fc0b808) [0x000074dd1fc0b900, 0x000074dd1fc0bc40] Compiler: c1, Barriers: 1, Oops: 1, ImmediateOops: 0, NonImmediateOops: No
[1,770s][debug][gc,nmethod     ] Register NMethod: io.sirix.access.trx.page.NodePageTrx$$Lambda/0x000000006928dda0.<init> (0x000074dd1fc0bc88) [0x000074dd1fc0bd80, 0x000074dd1fc0bfd0] Compiler: c1, Barriers: 6, Oops: 1, ImmediateOops: 0, NonImmediateOops: No
[1,770s][debug][gc,nmethod     ] Register NMethod: io.sirix.access.trx.page.NodePageTrx$IndexLogKeyToPageContainer.<init> (0x000074dd1fc0c008) [0x000074dd1fc0c100, 0x000074dd1fc0c3b0] Compiler: c1, Barriers: 6, Oops: 1, ImmediateOops: 0, NonImmediateOops: No
[1,770s][debug][gc,nmethod     ] Register NMethod: com.sun.org.apache.xerces.internal.util.NamespaceSupport.popContext (0x000074dd1fc0c408) [0x000074dd1fc0c500, 0x000074dd1fc0c668] Compiler: c1, Barriers: 1, Oops: 0, ImmediateOops: 0, NonImmediateOops: No
[1,770s][debug][gc,nmethod     ] Register NMethod: io.sirix.node.AbstractForwardingNode.<init> (0x000074dd1fc0c708) [0x000074dd1fc0c800, 0x000074dd1fc0c9b8] Compiler: c1, Barriers: 0, Oops: 1, ImmediateOops: 0, NonImmediateOops: No
[1,770s][debug][gc,nmethod     ] Register NMethod: io.sirix.access.trx.node.xml.XmlNodeReadOnlyTrxImpl.getNameNode (0x000074dd1fc0ca08) [0x000074dd1fc0cb00, 0x000074dd1fc0d348] Compiler: c1, Barriers: 1, Oops: 1, ImmediateOops: 1, NonImmediateOops: No
[1,770s][debug][gc,nmethod     ] Register NMethod: io.sirix.access.trx.page.NodePageTrx.prepareRecordForModification (0x000074dd3ecba308) [0x000074dd3ecba400, 0x000074dd3ecbb430] Compiler: jvmci, Barriers: 39, Oops: 3, ImmediateOops: 1, NonImmediateOops: No
[1,770s][debug][gc,nmethod     ] Register NMethod: java.lang.invoke.VarHandleSegmentAsLongs.set (0x000074dd3ecbb488) [0x000074dd3ecbb580, 0x000074dd3ecbbcf0] Compiler: jvmci, Barriers: 4, Oops: 0, ImmediateOops: 0, NonImmediateOops: No
[1,770s][debug][gc,nmethod     ] Register NMethod: io.sirix.node.xml.ElementNode.setFirstChildKey (0x000074dd1fc0d388) [0x000074dd1fc0d480, 0x000074dd1fc125a8] Compiler: c1, Barriers: 19, Oops: 7, ImmediateOops: 12, NonImmediateOops: No
[1,770s][debug][gc,nmethod     ] Register NMethod: java.lang.invoke.VarHandleGuards.guard_LJJ_V (0x000074dd3ecbbd08) [0x000074dd3ecbbe00, 0x000074dd3ecbc558] Compiler: jvmci, Barriers: 23, Oops: 0, ImmediateOops: 5, NonImmediateOops: No
[1,770s][debug][gc,nmethod     ] Register NMethod: java.util.concurrent.locks.AbstractQueuedSynchronizer.compareAndSetState (0x000074dd3ecbc588) [0x000074dd3ecbc680, 0x000074dd3ecbc710] Compiler: jvmci, Barriers: 0, Oops: 0, ImmediateOops: 0, NonImmediateOops: No
[1,770s][debug][gc,nmethod     ] Register NMethod: java.util.concurrent.atomic.AtomicLong.incrementAndGet (0x000074dd3ecbc888) [0x000074dd3ecbc980, 0x000074dd3ecbca10] Compiler: jvmci, Barriers: 0, Oops: 0, ImmediateOops: 0, NonImmediateOops: No
[1,771s][debug][gc,nmethod     ] Register NMethod: io.sirix.access.trx.page.NodePageTrx.prepareRecordForModification (0x000074dd1fc12608) [0x000074dd1fc12700, 0x000074dd1fc14588] Compiler: c1, Barriers: 7, Oops: 2, ImmediateOops: 4, NonImmediateOops: No
[1,771s][debug][gc,nmethod     ] Register NMethod: com.sun.org.apache.xerces.internal.impl.XMLDocumentFragmentScannerImpl.scanEndElement (0x000074dd1fc14608) [0x000074dd1fc14700, 0x000074dd1fc15e28] Compiler: c1, Barriers: 17, Oops: 3, ImmediateOops: 4, NonImmediateOops: No
[1,771s][debug][gc,nmethod     ] Register NMethod: io.sirix.access.trx.node.xml.XmlNodeTrxImpl.insertTextAsFirstChild (0x000074dd1fc15e88) [0x000074dd1fc15f80, 0x000074dd1fc1df40] Compiler: c1, Barriers: 35, Oops: 2, ImmediateOops: 8, NonImmediateOops: No
[1,771s][debug][gc,nmethod     ] Register NMethod: io.sirix.access.trx.node.AbstractNodeReadOnlyTrx.setCurrentNode (0x000074dd3ecbcb88) [0x000074dd3ecbcc80, 0x000074dd3ecbcda8] Compiler: jvmci, Barriers: 3, Oops: 1, ImmediateOops: 0, NonImmediateOops: No
[1,771s][debug][gc,nmethod     ] Register NMethod: io.sirix.access.trx.node.AbstractNodeTrxImpl.getCurrentNode (0x000074dd3ecbce88) [0x000074dd3ecbcf80, 0x000074dd3ecbd0b8] Compiler: jvmci, Barriers: 2, Oops: 1, ImmediateOops: 0, NonImmediateOops: No
[1,771s][debug][gc,nmethod     ] Register NMethod: java.util.concurrent.atomic.AtomicLong.addAndGet (0x000074dd3ecbd188) [0x000074dd3ecbd280, 0x000074dd3ecbd310] Compiler: jvmci, Barriers: 0, Oops: 0, ImmediateOops: 0, NonImmediateOops: No
[1,772s][debug][gc,nmethod     ] Register NMethod: io.sirix.access.trx.page.NodePageTrx.getRecord (0x000074dd3ecbd488) [0x000074dd3ecbd580, 0x000074dd3ecbdd68] Compiler: jvmci, Barriers: 16, Oops: 1, ImmediateOops: 1, NonImmediateOops: No
[1,772s][debug][gc,nmethod     ] Register NMethod: io.sirix.page.RevisionRootPage.incrementAndGetMaxNodeKeyInDocumentIndex (0x000074dd3ecbdd88) [0x000074dd3ecbde80, 0x000074dd3ecbdf10] Compiler: jvmci, Barriers: 0, Oops: 1, ImmediateOops: 0, NonImmediateOops: No
[1,772s][debug][gc,nmethod     ] Register NMethod: java.util.concurrent.atomic.AtomicLong.compareAndSet (0x000074dd3ecbe088) [0x000074dd3ecbe180, 0x000074dd3ecbe210] Compiler: jvmci, Barriers: 0, Oops: 0, ImmediateOops: 0, NonImmediateOops: No
[1,772s][debug][gc,nmethod     ] Register NMethod: io.sirix.access.trx.page.NodePageTrx.getRecord (0x000074dd1fc1df88) [0x000074dd1fc1e080, 0x000074dd1fc20020] Compiler: c1, Barriers: 8, Oops: 1, ImmediateOops: 2, NonImmediateOops: No
[1,772s][debug][gc,nmethod     ] Register NMethod: io.sirix.node.AbstractForwardingNode.getNodeKey (0x000074dd3ecbe388) [0x000074dd3ecbe480, 0x000074dd3ecbe5d0] Compiler: jvmci, Barriers: 2, Oops: 1, ImmediateOops: 0, NonImmediateOops: No
[1,773s][debug][gc,nmethod     ] Register NMethod: net.openhft.hashing.XXH3.XXH3_avalanche (0x000074dd3ecbe688) [0x000074dd3ecbe780, 0x000074dd3ecbe808] Compiler: jvmci, Barriers: 0, Oops: 1, ImmediateOops: 0, NonImmediateOops: No
[1,774s][debug][gc,nmethod     ] Register NMethod: com.sun.org.apache.xerces.internal.xni.XMLString.setValues (0x000074dd1fc20088) [0x000074dd1fc20180, 0x000074dd1fc20300] Compiler: c1, Barriers: 3, Oops: 0, ImmediateOops: 0, NonImmediateOops: No
[1,774s][debug][gc,nmethod     ] Register NMethod: com.sun.org.apache.xerces.internal.xni.QName.setValues (0x000074dd1fc20388) [0x000074dd1fc20480, 0x000074dd1fc20838] Compiler: c1, Barriers: 16, Oops: 0, ImmediateOops: 0, NonImmediateOops: No
[1,775s][debug][gc,nmethod     ] Register NMethod: io.sirix.access.trx.page.NodePageTrx.getPageContainer (0x000074dd3ecbe988) [0x000074dd3ecbea80, 0x000074dd3ecbf168] Compiler: jvmci, Barriers: 17, Oops: 3, ImmediateOops: 1, NonImmediateOops: No
[1,775s][debug][gc,nmethod     ] Register NMethod: io.sirix.node.xml.ElementNode.setHash (0x000074dd3ecbf188) [0x000074dd3ecbf280, 0x000074dd3ecbf770] Compiler: jvmci, Barriers: 6, Oops: 3, ImmediateOops: 1, NonImmediateOops: No
[1,775s][debug][gc,nmethod     ] Register NMethod: io.sirix.node.xml.TextNode.getParentKey (0x000074dd3ecbf808) [0x000074dd3ecbf900, 0x000074dd3ecbfd18] Compiler: jvmci, Barriers: 4, Oops: 3, ImmediateOops: 0, NonImmediateOops: No
[1,777s][debug][gc,nmethod     ] Register NMethod: io.sirix.node.xml.ElementNode.computeHash (0x000074dd1fc20888) [0x000074dd1fc20980, 0x000074dd1fc4ffc8] Compiler: c1, Barriers: 186, Oops: 16, ImmediateOops: 101, NonImmediateOops: No
[1,777s][debug][gc,nmethod     ] Rebuilding NMethod Table: 4096->8192 entries, 2868(70%->35%) registered, 0(0%->0%) unregistered
[1,777s][debug][gc,nmethod     ] Register NMethod: io.sirix.access.trx.page.NodePageTrx.getMostRecentPageContainer (0x000074dd3ecbfd88) [0x000074dd3ecbfe80, 0x000074dd3ecc0280] Compiler: jvmci, Barriers: 9, Oops: 1, ImmediateOops: 1, NonImmediateOops: No
[1,777s][debug][gc,nmethod     ] Register NMethod: com.google.common.base.Objects.hashCode (0x000074dd1fc50088) [0x000074dd1fc50180, 0x000074dd1fc50340] Compiler: c1, Barriers: 0, Oops: 1, ImmediateOops: 0, NonImmediateOops: No
[1,777s][debug][gc,nmethod     ] Register NMethod: com.sun.org.apache.xerces.internal.xni.XMLString.setValues (0x000074dd3ecc0308) [0x000074dd3ecc0400, 0x000074dd3ecc04f0] Compiler: jvmci, Barriers: 3, Oops: 0, ImmediateOops: 0, NonImmediateOops: No
[1,778s][debug][gc,nmethod     ] Register NMethod: com.sun.org.apache.xerces.internal.util.XMLChar.isContent (0x000074dd3ecc0608) [0x000074dd3ecc0700, 0x000074dd3ecc07c8] Compiler: jvmci, Barriers: 0, Oops: 0, ImmediateOops: 1, NonImmediateOops: No
[1,778s][debug][gc,nmethod     ] Register NMethod: java.lang.StringLatin1.inflate (0x000074dd3ecc0908) [0x000074dd3ecc0a00, 0x000074dd3ecc0cb0] Compiler: jvmci, Barriers: 0, Oops: 0, ImmediateOops: 0, NonImmediateOops: No
[1,778s][debug][gc,nmethod     ] Register NMethod: jdk.internal.util.Preconditions.checkFromIndexSize (0x000074dd3ecc0d08) [0x000074dd3ecc0e00, 0x000074dd3ecc0eb0] Compiler: jvmci, Barriers: 0, Oops: 0, ImmediateOops: 0, NonImmediateOops: No
[1,778s][debug][gc,nmethod     ] Register NMethod: io.sirix.node.xml.ElementNode.getAttributeCount (0x000074dd1fc50388) [0x000074dd1fc50480, 0x000074dd1fc50610] Compiler: c1, Barriers: 1, Oops: 1, ImmediateOops: 0, NonImmediateOops: No
[1,778s][debug][gc,nmethod     ] Register NMethod: io.sirix.node.NullNode.getDescendantCount (0x000074dd3ecc1008) [0x000074dd3ecc1100, 0x000074dd3ecc11c0] Compiler: c1, Barriers: 0, Oops: 1, ImmediateOops: 0, NonImmediateOops: No
[1,779s][debug][gc,director    ] Rule Major: Warmup 10%, Used: 298MB, UsedThreshold: 1228MB
[1,780s][debug][gc,nmethod     ] Register NMethod: io.sirix.node.xml.ElementNode.getDescendantCount (0x000074dd3ecc1308) [0x000074dd3ecc1400, 0x000074dd3ecc18b0] Compiler: jvmci, Barriers: 6, Oops: 3, ImmediateOops: 1, NonImmediateOops: No
[1,780s][debug][gc,nmethod     ] Register NMethod: io.sirix.node.xml.ElementNode.setDescendantCount (0x000074dd3ecc1908) [0x000074dd3ecc1a00, 0x000074dd3ecc1ef8] Compiler: jvmci, Barriers: 6, Oops: 3, ImmediateOops: 1, NonImmediateOops: No
[1,784s][debug][gc,nmethod     ] Register NMethod: net.openhft.hashing.XXH3.XXH3_mix2Accs (0x000074dd1fc50688) [0x000074dd1fc50780, 0x000074dd1fc51880] Compiler: c1, Barriers: 0, Oops: 2, ImmediateOops: 6, NonImmediateOops: No
[1,786s][debug][gc,nmethod     ] Register NMethod: io.sirix.access.trx.node.AbstractNodeHashing.setAddDescendants (0x000074dd3ecc1f88) [0x000074dd3ecc2080, 0x000074dd3ecc30d0] Compiler: jvmci, Barriers: 21, Oops: 3, ImmediateOops: 1, NonImmediateOops: No
[1,787s][debug][gc,nmethod     ] Register NMethod: io.sirix.access.trx.page.NodePageTrx.prepareRecordForModification (0x000074dd3ecc3108) [0x000074dd3ecc3200, 0x000074dd3ecc4218] Compiler: jvmci, Barriers: 39, Oops: 3, ImmediateOops: 1, NonImmediateOops: No
[1,788s][debug][gc,nmethod     ] Register NMethod: io.sirix.access.trx.node.AbstractNodeReadOnlyTrx.moveTo (0x000074dd3ecc4288) [0x000074dd3ecc4380, 0x000074dd3ecc50f0] Compiler: jvmci, Barriers: 30, Oops: 4, ImmediateOops: 1, NonImmediateOops: No
[1,788s][debug][gc,nmethod     ] Register NMethod: io.sirix.node.xml.AttributeNode.getKind (0x000074dd3ecc5188) [0x000074dd3ecc5280, 0x000074dd3ecc5310] Compiler: jvmci, Barriers: 0, Oops: 1, ImmediateOops: 1, NonImmediateOops: No
[1,789s][debug][gc,nmethod     ] Register NMethod: com.sun.org.apache.xerces.internal.impl.XMLEntityScanner.scanContent (0x000074dd3ecc5488) [0x000074dd3ecc5620, 0x000074dd3ecc5f70] Compiler: jvmci, Barriers: 5, Oops: 0, ImmediateOops: 1, NonImmediateOops: No
[1,789s][debug][gc,director    ] Rule Major: Warmup 10%, Used: 300MB, UsedThreshold: 1228MB
[1,790s][debug][gc,nmethod     ] Register NMethod: java.lang.Long.bitCount (0x000074dd3ecc5f88) [0x000074dd3ecc6080, 0x000074dd3ecc6150] Compiler: jvmci, Barriers: 0, Oops: 0, ImmediateOops: 0, NonImmediateOops: No
[1,790s][debug][gc,nmethod     ] Register NMethod: net.openhft.hashing.Maths.unsignedLongMulXorFold (0x000074dd3ecc6288) [0x000074dd3ecc6380, 0x000074dd3ecc6410] Compiler: jvmci, Barriers: 0, Oops: 1, ImmediateOops: 0, NonImmediateOops: No
[1,790s][debug][gc,nmethod     ] Register NMethod: net.openhft.hashing.MathsJDK9.unsignedLongMulXorFoldImp (0x000074dd3ecc6588) [0x000074dd3ecc6680, 0x000074dd3ecc6730] Compiler: jvmci, Barriers: 0, Oops: 1, ImmediateOops: 0, NonImmediateOops: No
[1,791s][debug][gc,nmethod     ] Register NMethod: jdk.internal.misc.Unsafe.putIntUnaligned (0x000074dd3ecc6888) [0x000074dd3ecc6980, 0x000074dd3ecc6a38] Compiler: jvmci, Barriers: 0, Oops: 0, ImmediateOops: 0, NonImmediateOops: No
[1,791s][debug][gc,nmethod     ] Register NMethod: com.sun.org.apache.xerces.internal.impl.XMLScanner.isValidNameStartChar (0x000074dd1fc51908) [0x000074dd1fc51a00, 0x000074dd1fc51c08] Compiler: c1, Barriers: 0, Oops: 0, ImmediateOops: 1, NonImmediateOops: No
[1,792s][debug][gc,nmethod     ] Register NMethod: net.openhft.hashing.XXH3.XXH3_mix16B (0x000074dd3ecc6b88) [0x000074dd3ecc6c80, 0x000074dd3ecc6d98] Compiler: jvmci, Barriers: 0, Oops: 1, ImmediateOops: 1, NonImmediateOops: No
[1,792s][debug][gc,nmethod     ] Register NMethod: io.sirix.node.delegates.StructNodeDelegate.setFirstChildKey (0x000074dd3ecc6e88) [0x000074dd3ecc6f80, 0x000074dd3ecc7040] Compiler: c1, Barriers: 0, Oops: 1, ImmediateOops: 0, NonImmediateOops: No
[1,793s][debug][gc,nmethod     ] Register NMethod: io.sirix.node.delegates.StructNodeDelegate.getLeftSiblingKey (0x000074dd3ecc7188) [0x000074dd3ecc7280, 0x000074dd3ecc7340] Compiler: c1, Barriers: 0, Oops: 1, ImmediateOops: 0, NonImmediateOops: No
[1,793s][debug][gc,nmethod     ] Register NMethod: io.brackit.query.atomic.QNm.hashCode (0x000074dd1fc51c88) [0x000074dd1fc51d80, 0x000074dd1fc522f0] Compiler: c1, Barriers: 2, Oops: 1, ImmediateOops: 0, NonImmediateOops: No
[1,795s][debug][gc,nmethod     ] Register NMethod: it.unimi.dsi.fastutil.ints.Int2LongOpenHashMap.find (0x000074dd1fc52308) [0x000074dd1fc52400, 0x000074dd1fc52868] Compiler: c1, Barriers: 1, Oops: 1, ImmediateOops: 0, NonImmediateOops: No
[1,795s][debug][gc,nmethod     ] Register NMethod: com.sun.org.apache.xerces.internal.impl.XMLEntityScanner.scanLiteral (0x000074dd1fc52888) [0x000074dd1fc52980, 0x000074dd1fc53bc8] Compiler: c1, Barriers: 13, Oops: 0, ImmediateOops: 2, NonImmediateOops: No
[1,796s][debug][gc,nmethod     ] Register NMethod: io.brackit.query.atomic.AbstractAtomic.atomicCmp (0x000074dd1fc53c08) [0x000074dd1fc53d00, 0x000074dd1fc54530] Compiler: c1, Barriers: 0, Oops: 1, ImmediateOops: 0, NonImmediateOops: No
[1,796s][debug][gc,nmethod     ] Register NMethod: io.brackit.query.atomic.AbstractAtomic.equals (0x000074dd1fc54588) [0x000074dd1fc54680, 0x000074dd1fc54e50] Compiler: c1, Barriers: 0, Oops: 1, ImmediateOops: 0, NonImmediateOops: No
[1,796s][debug][gc,nmethod     ] Register NMethod: io.sirix.access.trx.page.NodePageTrx.prepareRecordPage (0x000074dd3ecc7488) [0x000074dd3ecc7580, 0x000074dd3ecc8108] Compiler: jvmci, Barriers: 32, Oops: 3, ImmediateOops: 1, NonImmediateOops: No
[1,796s][debug][gc,nmethod     ] Register NMethod: io.sirix.node.MemorySegmentBytesOut.writeInt (0x000074dd3ecc8188) [0x000074dd3ecc8280, 0x000074dd3ecc8878] Compiler: jvmci, Barriers: 6, Oops: 3, ImmediateOops: 0, NonImmediateOops: No
[1,796s][debug][gc,nmethod     ] Register NMethod: io.brackit.query.atomic.QNm.atomicCmpInternal (0x000074dd1fc54e88) [0x000074dd1fc54f80, 0x000074dd1fc557b0] Compiler: c1, Barriers: 4, Oops: 1, ImmediateOops: 0, NonImmediateOops: No
[1,796s][debug][gc,nmethod     ] Register NMethod: com.sun.org.apache.xerces.internal.xni.XMLString.append (0x000074dd1fc55808) [0x000074dd1fc55900, 0x000074dd1fc55dd8] Compiler: c1, Barriers: 5, Oops: 0, ImmediateOops: 0, NonImmediateOops: No
[1,796s][debug][gc,nmethod     ] Register NMethod: java.lang.StringLatin1.inflate (0x000074dd3ecc8908) [0x000074dd3ecc8a00, 0x000074dd3ecc8c78] Compiler: jvmci, Barriers: 0, Oops: 0, ImmediateOops: 0, NonImmediateOops: No
[1,797s][debug][gc,nmethod     ] Register NMethod: com.sun.org.apache.xerces.internal.util.NamespaceSupport.popContext (0x000074dd3ecc8c88) [0x000074dd3ecc8d80, 0x000074dd3ecc8ea8] Compiler: jvmci, Barriers: 1, Oops: 0, ImmediateOops: 0, NonImmediateOops: No
[1,797s][debug][gc,nmethod     ] Register NMethod: io.sirix.access.trx.page.NodePageTrx.getRecord (0x000074dd3ecc8f88) [0x000074dd3ecc9080, 0x000074dd3ecc9bd0] Compiler: jvmci, Barriers: 23, Oops: 3, ImmediateOops: 1, NonImmediateOops: No
[1,797s][debug][gc,nmethod     ] Register NMethod: java.util.LinkedHashMap.afterNodeAccess (0x000074dd3ecc9c08) [0x000074dd3ecc9d00, 0x000074dd3ecca200] Compiler: jvmci, Barriers: 23, Oops: 0, ImmediateOops: 0, NonImmediateOops: No
[1,797s][debug][gc,nmethod     ] Register NMethod: com.sun.org.apache.xerces.internal.xni.XMLString.toString (0x000074dd1fc55e08) [0x000074dd1fc55f00, 0x000074dd1fc56148] Compiler: c1, Barriers: 1, Oops: 0, ImmediateOops: 1, NonImmediateOops: No
[1,797s][debug][gc,nmethod     ] Register NMethod: com.sun.org.apache.xerces.internal.util.AugmentationsImpl.removeAllItems (0x000074dd1fc56188) [0x000074dd1fc56280, 0x000074dd1fc56408] Compiler: c1, Barriers: 1, Oops: 0, ImmediateOops: 0, NonImmediateOops: No
[1,798s][debug][gc,nmethod     ] Register NMethod: com.sun.org.apache.xerces.internal.util.AugmentationsImpl$SmallContainer.clear (0x000074dd1fc56488) [0x000074dd1fc56580, 0x000074dd1fc56d00] Compiler: c1, Barriers: 7, Oops: 0, ImmediateOops: 0, NonImmediateOops: No
[1,798s][debug][gc,nmethod     ] Register NMethod: io.sirix.cache.IndexLogKey.equals (0x000074dd3ecca208) [0x000074dd3ecca300, 0x000074dd3ecca4a8] Compiler: jvmci, Barriers: 2, Oops: 1, ImmediateOops: 0, NonImmediateOops: No
[1,798s][debug][gc,nmethod     ] Register NMethod: io.sirix.cache.IndexLogKey.hashCode (0x000074dd3ecca508) [0x000074dd3ecca600, 0x000074dd3ecca738] Compiler: jvmci, Barriers: 1, Oops: 1, ImmediateOops: 0, NonImmediateOops: No
[1,798s][debug][gc,nmethod     ] Register NMethod: com.sun.org.apache.xerces.internal.impl.XMLEntityScanner.checkEntityLimit (0x000074dd3ecca808) [0x000074dd3ecca900, 0x000074dd3ecca9e0] Compiler: jvmci, Barriers: 0, Oops: 0, ImmediateOops: 0, NonImmediateOops: No
[1,798s][debug][gc,nmethod     ] Register NMethod: com.sun.org.apache.xerces.internal.impl.XMLDocumentFragmentScannerImpl.getString (0x000074dd1fc56d08) [0x000074dd1fc56e00, 0x000074dd1fc57a30] Compiler: c1, Barriers: 8, Oops: 0, ImmediateOops: 0, NonImmediateOops: No
[1,798s][debug][gc,nmethod     ] Register NMethod: com.sun.org.apache.xerces.internal.util.XMLAttributesImpl.setValue (0x000074dd1fc57a88) [0x000074dd1fc57b80, 0x000074dd1fc57e78] Compiler: c1, Barriers: 11, Oops: 0, ImmediateOops: 0, NonImmediateOops: No
[1,798s][debug][gc,nmethod     ] Register NMethod: com.sun.org.apache.xerces.internal.util.XMLAttributesImpl.setSpecified (0x000074dd1fc57e88) [0x000074dd1fc57f80, 0x000074dd1fc58118] Compiler: c1, Barriers: 2, Oops: 0, ImmediateOops: 0, NonImmediateOops: No
[1,798s][debug][gc,nmethod     ] Register NMethod: com.sun.org.apache.xerces.internal.parsers.AbstractSAXParser$AttributesProxy.getQName (0x000074dd1fc58188) [0x000074dd1fc58280, 0x000074dd1fc585e0] Compiler: c1, Barriers: 1, Oops: 0, ImmediateOops: 0, NonImmediateOops: No
[1,798s][debug][gc,nmethod     ] Register NMethod: com.sun.org.apache.xerces.internal.util.XMLAttributesImpl.getQName (0x000074dd1fc58608) [0x000074dd1fc58700, 0x000074dd1fc589d0] Compiler: c1, Barriers: 4, Oops: 0, ImmediateOops: 1, NonImmediateOops: No
[1,798s][debug][gc,nmethod     ] Register NMethod: com.sun.org.apache.xerces.internal.parsers.AbstractSAXParser$AttributesProxy.getURI (0x000074dd1fc58a08) [0x000074dd1fc58b00, 0x000074dd1fc59050] Compiler: c1, Barriers: 5, Oops: 0, ImmediateOops: 1, NonImmediateOops: No
[1,798s][debug][gc,nmethod     ] Register NMethod: com.sun.org.apache.xerces.internal.parsers.AbstractSAXParser$AttributesProxy.getLocalName (0x000074dd1fc59088) [0x000074dd1fc59180, 0x000074dd1fc594e0] Compiler: c1, Barriers: 1, Oops: 0, ImmediateOops: 0, NonImmediateOops: No
[1,798s][debug][gc,nmethod     ] Register NMethod: com.sun.org.apache.xerces.internal.parsers.AbstractSAXParser$AttributesProxy.getValue (0x000074dd1fc59508) [0x000074dd1fc59600, 0x000074dd1fc59960] Compiler: c1, Barriers: 1, Oops: 0, ImmediateOops: 0, NonImmediateOops: No
[1,798s][debug][gc,nmethod     ] Register NMethod: com.sun.org.apache.xerces.internal.util.XMLAttributesImpl.getURI (0x000074dd1fc59988) [0x000074dd1fc59a80, 0x000074dd1fc59d08] Compiler: c1, Barriers: 4, Oops: 0, ImmediateOops: 0, NonImmediateOops: No
[1,798s][debug][gc,nmethod     ] Register NMethod: com.sun.org.apache.xerces.internal.util.XMLAttributesImpl.getLocalName (0x000074dd1fc59d88) [0x000074dd1fc59e80, 0x000074dd1fc5a168] Compiler: c1, Barriers: 4, Oops: 0, ImmediateOops: 1, NonImmediateOops: No
[1,798s][debug][gc,nmethod     ] Register NMethod: com.sun.org.apache.xerces.internal.util.XMLAttributesImpl.getValue (0x000074dd1fc5a188) [0x000074dd1fc5a280, 0x000074dd1fc5a8b0] Compiler: c1, Barriers: 10, Oops: 0, ImmediateOops: 0, NonImmediateOops: No
[1,799s][debug][gc,nmethod     ] Register NMethod: com.sun.org.apache.xerces.internal.util.XMLAttributesImpl.addAttributeNS (0x000074dd1fc5a908) [0x000074dd1fc5aa00, 0x000074dd1fc5bef0] Compiler: c1, Barriers: 47, Oops: 0, ImmediateOops: 0, NonImmediateOops: No
[1,799s][debug][gc,nmethod     ] Register NMethod: io.sirix.utils.XMLToken.cp (0x000074dd3eccab08) [0x000074dd3eccac00, 0x000074dd3eccace0] Compiler: jvmci, Barriers: 0, Oops: 1, ImmediateOops: 0, NonImmediateOops: No
[1,799s][debug][gc,nmethod     ] Register NMethod: net.openhft.hashing.LongHashFunction.xx3 (0x000074dd1fc5bf08) [0x000074dd1fc5c000, 0x000074dd1fc5c1a0] Compiler: c1, Barriers: 0, Oops: 1, ImmediateOops: 1, NonImmediateOops: No
[1,799s][debug][gc,nmethod     ] Register NMethod: net.openhft.hashing.XXH3.asLongHashFunctionWithoutSeed (0x000074dd1fc5c208) [0x000074dd1fc5c300, 0x000074dd1fc5c440] Compiler: c1, Barriers: 0, Oops: 1, ImmediateOops: 1, NonImmediateOops: No
[1,799s][debug][gc,nmethod     ] Register NMethod: net.openhft.hashing.XXH3$AsLongHashFunction.access$000 (0x000074dd1fc5c508) [0x000074dd1fc5c600, 0x000074dd1fc5c6e8] Compiler: c1, Barriers: 0, Oops: 1, ImmediateOops: 1, NonImmediateOops: No
[1,799s][debug][gc,nmethod     ] Register NMethod: java.util.ArrayList.iterator (0x000074dd3eccae08) [0x000074dd3eccaf00, 0x000074dd3eccb040] Compiler: jvmci, Barriers: 2, Oops: 0, ImmediateOops: 0, NonImmediateOops: No
[1,799s][debug][gc,nmethod     ] Register NMethod: io.sirix.index.path.summary.PathSummaryReader.getNodeKey (0x000074dd3eccb108) [0x000074dd3eccb200, 0x000074dd3eccb380] Compiler: jvmci, Barriers: 2, Oops: 1, ImmediateOops: 0, NonImmediateOops: No
[1,799s][debug][gc,director    ] Rule Major: Warmup 10%, Used: 302MB, UsedThreshold: 1228MB
[1,799s][debug][gc,nmethod     ] Register NMethod: io.sirix.utils.XMLToken.isNCStartChar (0x000074dd3eccb408) [0x000074dd3eccb500, 0x000074dd3eccb5e0] Compiler: jvmci, Barriers: 0, Oops: 1, ImmediateOops: 0, NonImmediateOops: No
[1,800s][debug][gc,nmethod     ] Register NMethod: io.sirix.node.xml.AttributeNode.getURIKey (0x000074dd1fc5c808) [0x000074dd1fc5c900, 0x000074dd1fc618f0] Compiler: c1, Barriers: 19, Oops: 7, ImmediateOops: 11, NonImmediateOops: No
[1,800s][debug][gc,nmethod     ] Register NMethod: io.sirix.access.trx.node.xml.XmlNodeTrxImpl.insertAttribute (0x000074dd1fc61988) [0x000074dd1fc61a80, 0x000074dd1fc61d80] Compiler: c1, Barriers: 0, Oops: 1, ImmediateOops: 1, NonImmediateOops: No
[1,800s][debug][gc,nmethod     ] Register NMethod: java.util.ArrayList$Itr.next (0x000074dd3eccb708) [0x000074dd3eccb800, 0x000074dd3eccb9e0] Compiler: jvmci, Barriers: 3, Oops: 0, ImmediateOops: 0, NonImmediateOops: No
[1,800s][debug][gc,nmethod     ] Register NMethod: io.sirix.node.xml.AttributeNode.getPrefixKey (0x000074dd1fc61e08) [0x000074dd1fc61f00, 0x000074dd1fc66ef0] Compiler: c1, Barriers: 19, Oops: 7, ImmediateOops: 11, NonImmediateOops: No
[1,800s][debug][gc,nmethod     ] Register NMethod: io.sirix.node.xml.AttributeNode.getLocalNameKey (0x000074dd1fc66f88) [0x000074dd1fc67080, 0x000074dd1fc6c070] Compiler: c1, Barriers: 19, Oops: 7, ImmediateOops: 11, NonImmediateOops: No
[1,800s][debug][gc,nmethod     ] Register NMethod: io.sirix.access.trx.node.xml.ForwardingXmlNodeReadOnlyTrx.hasAttributes (0x000074dd1fc6c108) [0x000074dd1fc6c200, 0x000074dd1fc6c800] Compiler: c1, Barriers: 1, Oops: 1, ImmediateOops: 0, NonImmediateOops: No
[1,800s][debug][gc,nmethod     ] Register NMethod: io.sirix.axis.AbstractAxis.hasNext (0x000074dd3eccba08) [0x000074dd3eccbb00, 0x000074dd3eccbec0] Compiler: jvmci, Barriers: 5, Oops: 1, ImmediateOops: 1, NonImmediateOops: No
[1,800s][debug][gc,nmethod     ] Register NMethod: io.sirix.access.trx.node.xml.XmlNodeReadOnlyTrxImpl.hasAttributes (0x000074dd1fc6c888) [0x000074dd1fc6c980, 0x000074dd1fc6d900] Compiler: c1, Barriers: 2, Oops: 1, ImmediateOops: 2, NonImmediateOops: No
[1,800s][debug][gc,nmethod     ] Register NMethod: io.sirix.access.trx.node.xml.XmlDeweyIDManager.newAttributeID (0x000074dd1fc6d988) [0x000074dd1fc6da80, 0x000074dd1fc71ca8] Compiler: c1, Barriers: 17, Oops: 1, ImmediateOops: 2, NonImmediateOops: No
[1,800s][debug][gc,nmethod     ] Register NMethod: io.sirix.node.xml.ElementNode.insertAttribute (0x000074dd1fc71d08) [0x000074dd1fc71e00, 0x000074dd1fc71fb8] Compiler: c1, Barriers: 1, Oops: 1, ImmediateOops: 0, NonImmediateOops: No
[1,801s][debug][gc,nmethod     ] Register NMethod: io.sirix.node.xml.AttributeNode.<init> (0x000074dd1fc72008) [0x000074dd1fc72100, 0x000074dd1fc72770] Compiler: c1, Barriers: 12, Oops: 1, ImmediateOops: 0, NonImmediateOops: No
[1,801s][debug][gc,nmethod     ] Register NMethod: jdk.internal.misc.Unsafe.checkSize (0x000074dd3eccbf08) [0x000074dd3eccc000, 0x000074dd3eccc0b8] Compiler: jvmci, Barriers: 0, Oops: 0, ImmediateOops: 0, NonImmediateOops: No
[1,801s][debug][gc,nmethod     ] Register NMethod: io.sirix.access.trx.node.AbstractNodeReadOnlyTrx.getKind (0x000074dd3eccc208) [0x000074dd3eccc300, 0x000074dd3eccc480] Compiler: jvmci, Barriers: 1, Oops: 1, ImmediateOops: 2, NonImmediateOops: No
[1,801s][debug][gc,nmethod     ] Register NMethod: io.sirix.query.node.SubtreeProcessor.notifyAttribute (0x000074dd1fc72788) [0x000074dd1fc72880, 0x000074dd1fc732e0] Compiler: c1, Barriers: 1, Oops: 1, ImmediateOops: 0, NonImmediateOops: No
[1,801s][debug][gc,nmethod     ] Register NMethod: io.sirix.index.path.summary.PathSummaryReader.moveTo (0x000074dd3eccc508) [0x000074dd3eccc600, 0x000074dd3eccc840] Compiler: jvmci, Barriers: 5, Oops: 1, ImmediateOops: 0, NonImmediateOops: No
[1,801s][debug][gc,nmethod     ] Register NMethod: com.sun.org.apache.xerces.internal.impl.XMLScanner.scanAttributeValue (0x000074dd1fc73308) [0x000074dd1fc73400, 0x000074dd1fc7db00] Compiler: c1, Barriers: 92, Oops: 8, ImmediateOops: 16, NonImmediateOops: No
[1,801s][debug][gc,nmethod     ] Register NMethod: it.unimi.dsi.fastutil.ints.Int2LongOpenHashMap.put (0x000074dd1fc7db88) [0x000074dd1fc7dc80, 0x000074dd1fc7dee8] Compiler: c1, Barriers: 1, Oops: 1, ImmediateOops: 0, NonImmediateOops: No
[1,801s][debug][gc,nmethod     ] Register NMethod: jdk.internal.misc.Unsafe.getIntUnaligned (0x000074dd3eccc888) [0x000074dd3eccc980, 0x000074dd3eccca40] Compiler: jvmci, Barriers: 0, Oops: 0, ImmediateOops: 0, NonImmediateOops: No
[1,801s][debug][gc,nmethod     ] Register NMethod: io.sirix.access.trx.node.AbstractNodeTrxImpl.getDeweyID (0x000074dd3ecccb88) [0x000074dd3ecccc80, 0x000074dd3ecccf20] Compiler: jvmci, Barriers: 5, Oops: 1, ImmediateOops: 0, NonImmediateOops: No
[1,801s][debug][gc,nmethod     ] Register NMethod: io.sirix.node.GrowingMemorySegment.writeInt (0x000074dd3ecccf88) [0x000074dd3eccd080, 0x000074dd3eccd5f8] Compiler: jvmci, Barriers: 5, Oops: 3, ImmediateOops: 0, NonImmediateOops: No
[1,801s][debug][gc,nmethod     ] Register NMethod: com.sun.org.apache.xerces.internal.impl.XMLEntityScanner.checkBeforeLoad (0x000074dd3eccd688) [0x000074dd3eccd780, 0x000074dd3eccd870] Compiler: jvmci, Barriers: 0, Oops: 0, ImmediateOops: 0, NonImmediateOops: No
[1,801s][debug][gc,nmethod     ] Register NMethod: io.sirix.access.trx.node.xml.XmlNodeFactoryImpl.createAttributeNode (0x000074dd1fc7df08) [0x000074dd1fc7e000, 0x000074dd1fc80800] Compiler: c1, Barriers: 21, Oops: 2, ImmediateOops: 6, NonImmediateOops: No
[1,802s][debug][gc,nmethod     ] Register NMethod: io.sirix.utils.XMLToken.isNCChar (0x000074dd3eccd988) [0x000074dd3eccda80, 0x000074dd3eccdb60] Compiler: jvmci, Barriers: 0, Oops: 1, ImmediateOops: 0, NonImmediateOops: No
[1,802s][debug][gc,nmethod     ] Register NMethod: io.sirix.cache.IndexLogKey.equals (0x000074dd1fc80888) [0x000074dd1fc80980, 0x000074dd1fc812c8] Compiler: c1, Barriers: 4, Oops: 1, ImmediateOops: 0, NonImmediateOops: No
[1,803s][debug][gc,nmethod     ] Register NMethod: com.sun.org.apache.xerces.internal.impl.XMLScanner.isValidNameStartHighSurrogate (0x000074dd3eccdc88) [0x000074dd3eccdd80, 0x000074dd3eccde40] Compiler: c1, Barriers: 0, Oops: 0, ImmediateOops: 0, NonImmediateOops: No
[1,803s][debug][gc,nmethod     ] Register NMethod: io.sirix.access.trx.node.AbstractNodeReadOnlyTrx.getNodeKey (0x000074dd3eccdf88) [0x000074dd3ecce080, 0x000074dd3ecce1d0] Compiler: jvmci, Barriers: 1, Oops: 1, ImmediateOops: 0, NonImmediateOops: No
[1,803s][debug][gc,nmethod     ] Register NMethod: it.unimi.dsi.fastutil.longs.LongArrays.forceCapacity (0x000074dd1fc81308) [0x000074dd1fc81400, 0x000074dd1fc81618] Compiler: c1, Barriers: 0, Oops: 1, ImmediateOops: 0, NonImmediateOops: No
[1,803s][debug][gc,nmethod     ] Register NMethod: io.sirix.access.trx.node.AbstractNodeReadOnlyTrx.getStructuralNode (0x000074dd3ecce288) [0x000074dd3ecce380, 0x000074dd3ecce690] Compiler: jvmci, Barriers: 3, Oops: 1, ImmediateOops: 0, NonImmediateOops: No
[1,804s][debug][gc,nmethod     ] Register NMethod: io.sirix.access.trx.node.xml.XmlNodeTrxImpl.insertAttribute (0x000074dd1fc81688) [0x000074dd1fc81780, 0x000074dd1fc91860] Compiler: c1, Barriers: 58, Oops: 8, ImmediateOops: 23, NonImmediateOops: No
[1,804s][debug][gc,nmethod     ] Register NMethod: java.nio.Buffer.limit (0x000074dd3ecce708) [0x000074dd3ecce800, 0x000074dd3ecce910] Compiler: jvmci, Barriers: 0, Oops: 0, ImmediateOops: 0, NonImmediateOops: No
[1,805s][debug][gc,nmethod     ] Register NMethod: io.sirix.node.xml.AttributeNode.computeHash (0x000074dd1fc91908) [0x000074dd1fc91a00, 0x000074dd1fca8260] Compiler: c1, Barriers: 86, Oops: 13, ImmediateOops: 49, NonImmediateOops: No
[1,806s][debug][gc,nmethod     ] Register NMethod: io.sirix.node.GrowingMemorySegment.getUsedSegment (0x000074dd3eccea08) [0x000074dd3ecceb00, 0x000074dd3eccee70] Compiler: jvmci, Barriers: 6, Oops: 1, ImmediateOops: 0, NonImmediateOops: No
[1,808s][debug][gc,nmethod     ] Register NMethod: java.util.Arrays.copyOf (0x000074dd3eccee88) [0x000074dd3eccef80, 0x000074dd3eccf398] Compiler: jvmci, Barriers: 0, Oops: 0, ImmediateOops: 0, NonImmediateOops: No
[1,808s][debug][gc,nmethod     ] Register NMethod: jdk.internal.ref.CleanerImpl$CleanableList.insert (0x000074dd3eccf408) [0x000074dd3eccf500, 0x000074dd3eccfbf8] Compiler: jvmci, Barriers: 22, Oops: 0, ImmediateOops: 0, NonImmediateOops: No
[1,808s][debug][gc,nmethod     ] Register NMethod: java.util.HashMap.computeIfAbsent (0x000074dd3eccfc08) [0x000074dd3eccfd20, 0x000074dd3ecd1ee0] Compiler: jvmci, Barriers: 92, Oops: 1, ImmediateOops: 0, NonImmediateOops: No
[1,809s][debug][gc,nmethod     ] Register NMethod: com.sun.org.apache.xerces.internal.impl.XMLEntityScanner.peekChar (0x000074dd3ecd1f08) [0x000074dd3ecd2000, 0x000074dd3ecd21b8] Compiler: jvmci, Barriers: 2, Oops: 0, ImmediateOops: 0, NonImmediateOops: No
[1,809s][debug][gc,nmethod     ] Register NMethod: io.sirix.query.node.SubtreeBuilder.attribute (0x000074dd1fca8308) [0x000074dd1fca8400, 0x000074dd1fca9600] Compiler: c1, Barriers: 6, Oops: 1, ImmediateOops: 1, NonImmediateOops: No
[1,809s][debug][gc,nmethod     ] Register NMethod: com.sun.org.apache.xerces.internal.xni.XMLString.append (0x000074dd1fca9688) [0x000074dd1fca9780, 0x000074dd1fca9ac0] Compiler: c1, Barriers: 1, Oops: 0, ImmediateOops: 0, NonImmediateOops: No
[1,809s][debug][gc,director    ] Rule Major: Warmup 10%, Used: 304MB, UsedThreshold: 1228MB
[1,809s][debug][gc,nmethod     ] Register NMethod: com.sun.org.apache.xerces.internal.parsers.AbstractXMLDocumentParser.emptyElement (0x000074dd1fca9b08) [0x000074dd1fca9c00, 0x000074dd1fcaa118] Compiler: c1, Barriers: 0, Oops: 0, ImmediateOops: 0, NonImmediateOops: No
[1,810s][debug][gc,nmethod     ] Register NMethod: io.sirix.axis.AbstractAxis.tryToComputeNext (0x000074dd3ecd2208) [0x000074dd3ecd2300, 0x000074dd3ecd2890] Compiler: jvmci, Barriers: 15, Oops: 1, ImmediateOops: 3, NonImmediateOops: No
[1,811s][debug][gc,nmethod     ] Register NMethod: com.sun.org.apache.xerces.internal.impl.XMLNSDocumentScannerImpl.scanAttribute (0x000074dd1fcaa188) [0x000074dd1fcaa280, 0x000074dd1fcb2320] Compiler: c1, Barriers: 128, Oops: 9, ImmediateOops: 41, NonImmediateOops: No
[1,811s][debug][gc,nmethod     ] Register NMethod: io.sirix.node.xml.TextNode.getLeftSiblingKey (0x000074dd3ecd2908) [0x000074dd3ecd2a00, 0x000074dd3ecd2e18] Compiler: jvmci, Barriers: 4, Oops: 3, ImmediateOops: 0, NonImmediateOops: No
[1,811s][debug][gc,nmethod     ] Register NMethod: com.sun.org.apache.xerces.internal.impl.XMLEntityScanner.skipChar (0x000074dd3ecd2e88) [0x000074dd3ecd2f80, 0x000074dd3ecd3378] Compiler: jvmci, Barriers: 4, Oops: 0, ImmediateOops: 0, NonImmediateOops: No
[1,814s][debug][gc,nmethod     ] Register NMethod: java.lang.ref.Cleaner.register (0x000074dd3ecd3388) [0x000074dd3ecd3480, 0x000074dd3ecd4088] Compiler: jvmci, Barriers: 40, Oops: 0, ImmediateOops: 2, NonImmediateOops: No
[1,814s][debug][gc,nmethod     ] Register NMethod: jdk.internal.ref.PhantomCleanable.<init> (0x000074dd3ecd4108) [0x000074dd3ecd4200, 0x000074dd3ecd4cd0] Compiler: jvmci, Barriers: 37, Oops: 0, ImmediateOops: 2, NonImmediateOops: No
[1,815s][debug][gc,nmethod     ] Register NMethod: io.sirix.node.SirixDeweyID.getNewAttributeID (0x000074dd1fcb2388) [0x000074dd1fcb2480, 0x000074dd1fcb2868] Compiler: c1, Barriers: 5, Oops: 1, ImmediateOops: 0, NonImmediateOops: No
[1,815s][debug][gc,nmethod     ] Register NMethod: io.sirix.access.trx.node.xml.ForwardingXmlNodeReadOnlyTrx.getNodeKey (0x000074dd3ecd4d08) [0x000074dd3ecd4e00, 0x000074dd3ecd4ff0] Compiler: jvmci, Barriers: 2, Oops: 1, ImmediateOops: 0, NonImmediateOops: No
[1,816s][debug][gc,nmethod     ] Register NMethod: it.unimi.dsi.fastutil.longs.LongArrayList.add (0x000074dd3ecd5008) [0x000074dd3ecd5100, 0x000074dd3ecd5600] Compiler: jvmci, Barriers: 4, Oops: 1, ImmediateOops: 1, NonImmediateOops: No
[1,816s][debug][gc,nmethod     ] Register NMethod: io.sirix.axis.AbstractAxis.nextLong (0x000074dd3ecd5688) [0x000074dd3ecd5780, 0x000074dd3ecd5d78] Compiler: jvmci, Barriers: 13, Oops: 1, ImmediateOops: 2, NonImmediateOops: No
[1,816s][debug][gc,nmethod     ] Register NMethod: it.unimi.dsi.fastutil.longs.LongArrayList.getLong (0x000074dd3ecd5d88) [0x000074dd3ecd5e80, 0x000074dd3ecd5fb0] Compiler: jvmci, Barriers: 1, Oops: 1, ImmediateOops: 0, NonImmediateOops: No
[1,817s][debug][gc,nmethod     ] Register NMethod: it.unimi.dsi.fastutil.longs.LongArrayList.removeLong (0x000074dd3ecd6088) [0x000074dd3ecd6180, 0x000074dd3ecd6300] Compiler: jvmci, Barriers: 1, Oops: 1, ImmediateOops: 0, NonImmediateOops: No
[1,819s][debug][gc,director    ] Rule Major: Warmup 10%, Used: 306MB, UsedThreshold: 1228MB
[1,820s][debug][gc,nmethod     ] Register NMethod: io.sirix.node.xml.TextNode.hasLeftSibling (0x000074dd3ecd6388) [0x000074dd3ecd6480, 0x000074dd3ecd68a8] Compiler: jvmci, Barriers: 4, Oops: 3, ImmediateOops: 0, NonImmediateOops: No
[1,820s][debug][gc,nmethod     ] Register NMethod: io.sirix.node.xml.ElementNode.getChildCount (0x000074dd3ecd6908) [0x000074dd3ecd6a00, 0x000074dd3ecd6e78] Compiler: jvmci, Barriers: 5, Oops: 3, ImmediateOops: 0, NonImmediateOops: No
[1,820s][debug][gc,nmethod     ] Register NMethod: it.unimi.dsi.fastutil.longs.LongArrayList.grow (0x000074dd3ecd6f08) [0x000074dd3ecd7000, 0x000074dd3ecd7470] Compiler: jvmci, Barriers: 4, Oops: 1, ImmediateOops: 1, NonImmediateOops: No
[1,822s][debug][gc,nmethod     ] Register NMethod: com.sun.org.apache.xerces.internal.impl.XMLDocumentFragmentScannerImpl$FragmentContentDriver.startOfMarkup (0x000074dd1fcb2888) [0x000074dd1fcb2980, 0x000074dd1fcb49e8] Compiler: c1, Barriers: 16, Oops: 0, ImmediateOops: 7, NonImmediateOops: No
[1,822s][debug][gc,nmethod     ] Register NMethod: com.sun.org.apache.xerces.internal.impl.XMLDocumentFragmentScannerImpl$FragmentContentDriver.next (0x000074dd3ecd7488) [0x000074dd3ecd7580, 0x000074dd3ecd8de0] Compiler: jvmci, Barriers: 35, Oops: 1, ImmediateOops: 1, NonImmediateOops: No
[1,822s][debug][gc,nmethod     ] Register NMethod: com.sun.org.apache.xerces.internal.impl.XMLDocumentFragmentScannerImpl.scanContent (0x000074dd1fcb4a08) [0x000074dd1fcb4b00, 0x000074dd1fcb60f0] Compiler: c1, Barriers: 11, Oops: 0, ImmediateOops: 1, NonImmediateOops: No
[1,823s][debug][gc,nmethod     ] Register NMethod: io.sirix.access.trx.node.xml.XmlNodeReadOnlyTrxImpl.getNode (0x000074dd3ecd8e08) [0x000074dd3ecd8f00, 0x000074dd3ecd90e0] Compiler: jvmci, Barriers: 3, Oops: 1, ImmediateOops: 0, NonImmediateOops: No
[1,823s][debug][gc,nmethod     ] Register NMethod: java.util.BitSet.recalculateWordsInUse (0x000074dd3ecd9108) [0x000074dd3ecd9200, 0x000074dd3ecd9378] Compiler: jvmci, Barriers: 1, Oops: 0, ImmediateOops: 0, NonImmediateOops: No
[1,823s][debug][gc,nmethod     ] Register NMethod: java.util.HashMap.computeIfAbsent (0x000074dd1fcb6108) [0x000074dd1fcb6200, 0x000074dd1fcb8a08] Compiler: c1, Barriers: 11, Oops: 0, ImmediateOops: 0, NonImmediateOops: No
[1,824s][debug][gc,nmethod     ] Register NMethod: jdk.xml.internal.XMLSecurityManager.isOverLimit (0x000074dd3ecd9408) [0x000074dd3ecd9500, 0x000074dd3ecd9768] Compiler: jvmci, Barriers: 2, Oops: 0, ImmediateOops: 0, NonImmediateOops: No
[1,824s][debug][gc,nmethod     ] Register NMethod: jdk.internal.misc.Unsafe.checkNativeAddress (0x000074dd3ecd9788) [0x000074dd3ecd9880, 0x000074dd3ecd9900] Compiler: jvmci, Barriers: 0, Oops: 0, ImmediateOops: 0, NonImmediateOops: No
[1,825s][debug][gc,nmethod     ] Register NMethod: io.sirix.access.trx.node.xml.XmlNodeReadOnlyTrxImpl.getNode (0x000074dd3ecd9a88) [0x000074dd3ecd9b80, 0x000074dd3ecd9d60] Compiler: jvmci, Barriers: 3, Oops: 1, ImmediateOops: 0, NonImmediateOops: No
[1,825s][debug][gc,nmethod     ] Register NMethod: io.sirix.cache.IndexLogKey.equals (0x000074dd3ecd9d88) [0x000074dd3ecd9e80, 0x000074dd3ecda018] Compiler: jvmci, Barriers: 2, Oops: 1, ImmediateOops: 0, NonImmediateOops: No
[1,825s][debug][gc,nmethod     ] Register NMethod: java.util.HashSet.isEmpty (0x000074dd3ecda088) [0x000074dd3ecda180, 0x000074dd3ecda268] Compiler: jvmci, Barriers: 1, Oops: 0, ImmediateOops: 0, NonImmediateOops: No
[1,825s][debug][gc,nmethod     ] Register NMethod: jdk.internal.misc.Unsafe.checkOffset (0x000074dd3ecda388) [0x000074dd3ecda480, 0x000074dd3ecda538] Compiler: jvmci, Barriers: 0, Oops: 0, ImmediateOops: 0, NonImmediateOops: No
[1,826s][debug][gc,nmethod     ] Register NMethod: io.sirix.index.path.summary.PathNode.getLocalNameKey (0x000074dd3ecda688) [0x000074dd3ecda780, 0x000074dd3ecda860] Compiler: jvmci, Barriers: 1, Oops: 1, ImmediateOops: 0, NonImmediateOops: No
[1,827s][debug][gc,nmethod     ] Register NMethod: java.lang.String.encodeUTF8 (0x000074dd3ecda988) [0x000074dd3ecdaa80, 0x000074dd3ecdac38] Compiler: jvmci, Barriers: 0, Oops: 0, ImmediateOops: 0, NonImmediateOops: No
[1,827s][debug][gc,nmethod     ] Register NMethod: io.sirix.axis.filter.PathNameFilter.filter (0x000074dd3ecdac88) [0x000074dd3ecdad80, 0x000074dd3ecdb280] Compiler: jvmci, Barriers: 6, Oops: 1, ImmediateOops: 0, NonImmediateOops: No
[1,827s][debug][gc,nmethod     ] Register NMethod: jdk.internal.foreign.Utils$BaseAndScale.of (0x000074dd3ecdb308) [0x000074dd3ecdb400, 0x000074dd3ecdb4c8] Compiler: jvmci, Barriers: 0, Oops: 0, ImmediateOops: 1, NonImmediateOops: No
[1,827s][debug][gc,nmethod     ] Register NMethod: jdk.internal.foreign.Utils$BaseAndScale$$TypeSwitch/0x000000006924c368.typeSwitch (0x000074dd3ecdb608) [0x000074dd3ecdb700, 0x000074dd3ecdb7f8] Compiler: jvmci, Barriers: 0, Oops: 0, ImmediateOops: 0, NonImmediateOops: No
[1,827s][debug][gc,nmethod     ] Register NMethod: com.sun.org.apache.xerces.internal.impl.XMLNSDocumentScannerImpl.next (0x000074dd3ecdb908) [0x000074dd3ecdba00, 0x000074dd3ecdd288] Compiler: jvmci, Barriers: 34, Oops: 1, ImmediateOops: 1, NonImmediateOops: No
[1,827s][debug][gc,nmethod     ] Register NMethod: java.util.concurrent.locks.AbstractQueuedSynchronizer.signalNext (0x000074dd3ecdd308) [0x000074dd3ecdd400, 0x000074dd3ecdd498] Compiler: jvmci, Barriers: 0, Oops: 0, ImmediateOops: 0, NonImmediateOops: No
[1,828s][debug][gc,nmethod     ] Register NMethod: java.util.concurrent.locks.ReentrantLock$Sync.tryRelease (0x000074dd3ecdd608) [0x000074dd3ecdd700, 0x000074dd3ecdd8d0] Compiler: jvmci, Barriers: 4, Oops: 0, ImmediateOops: 0, NonImmediateOops: No
[1,828s][debug][gc,nmethod     ] Register NMethod: java.util.concurrent.locks.ReentrantLock$NonfairSync.initialTryLock (0x000074dd3ecdd908) [0x000074dd3ecdda00, 0x000074dd3ecddb68] Compiler: jvmci, Barriers: 4, Oops: 0, ImmediateOops: 0, NonImmediateOops: No
[1,828s][debug][gc,nmethod     ] Register NMethod: java.lang.String.encode (0x000074dd3ecddc08) [0x000074dd3ecddd00, 0x000074dd3ecdded8] Compiler: jvmci, Barriers: 0, Oops: 0, ImmediateOops: 1, NonImmediateOops: No
[1,829s][debug][gc,nmethod     ] Register NMethod: jdk.internal.misc.Unsafe.allocateMemory (0x000074dd3ecddf08) [0x000074dd3ecde000, 0x000074dd3ecde148] Compiler: jvmci, Barriers: 0, Oops: 0, ImmediateOops: 0, NonImmediateOops: No
[1,829s][debug][gc,nmethod     ] Register NMethod: com.sun.org.apache.xerces.internal.util.SymbolTable.addSymbol (0x000074dd3ecde208) [0x000074dd3ecde300, 0x000074dd3ecdeb80] Compiler: jvmci, Barriers: 7, Oops: 0, ImmediateOops: 0, NonImmediateOops: No
[1,829s][debug][gc,director    ] Rule Major: Warmup 10%, Used: 310MB, UsedThreshold: 1228MB
[1,830s][debug][gc,nmethod     ] Register NMethod: jdk.internal.misc.Unsafe.copyMemory (0x000074dd3ecdeb88) [0x000074dd3ecdec80, 0x000074dd3ecdef60] Compiler: jvmci, Barriers: 4, Oops: 0, ImmediateOops: 0, NonImmediateOops: No
[1,830s][debug][gc,nmethod     ] Register NMethod: com.sun.org.apache.xerces.internal.impl.XMLEntityScanner.skipSpaces (0x000074dd3ecdef88) [0x000074dd3ecdf080, 0x000074dd3ecdf380] Compiler: jvmci, Barriers: 2, Oops: 0, ImmediateOops: 1, NonImmediateOops: No
[1,830s][debug][gc,nmethod     ] Register NMethod: io.sirix.page.KeyValueLeafPage.setRecord (0x000074dd3ecdf388) [0x000074dd3ecdf480, 0x000074dd3ecdf800] Compiler: jvmci, Barriers: 4, Oops: 1, ImmediateOops: 0, NonImmediateOops: No
[1,831s][debug][gc,nmethod     ] Register NMethod: java.util.concurrent.locks.ReentrantLock.unlock (0x000074dd3ecdf888) [0x000074dd3ecdf980, 0x000074dd3ecdfbf8] Compiler: jvmci, Barriers: 6, Oops: 0, ImmediateOops: 0, NonImmediateOops: No
[1,832s][debug][gc,nmethod     ] Register NMethod: com.sun.org.apache.xerces.internal.impl.XMLEntityScanner.peekChar (0x000074dd1fcb8a88) [0x000074dd1fcb8b80, 0x000074dd1fcb9038] Compiler: c1, Barriers: 3, Oops: 0, ImmediateOops: 0, NonImmediateOops: No
[1,832s][debug][gc,nmethod     ] Register NMethod: com.sun.org.apache.xerces.internal.util.XMLStringBuffer.clear (0x000074dd1fcb9088) [0x000074dd1fcb9180, 0x000074dd1fcb9290] Compiler: c1, Barriers: 0, Oops: 0, ImmediateOops: 0, NonImmediateOops: No
[1,832s][debug][gc,nmethod     ] Register NMethod: com.sun.org.apache.xerces.internal.impl.XMLNSDocumentScannerImpl.next (0x000074dd1fcb9388) [0x000074dd1fcb9480, 0x000074dd1fcb9950] Compiler: c1, Barriers: 2, Oops: 0, ImmediateOops: 0, NonImmediateOops: No
[1,832s][debug][gc,nmethod     ] Register NMethod: java.nio.Bits.tryReserveMemory (0x000074dd3ecdfc08) [0x000074dd3ecdfd00, 0x000074dd3ecdfe28] Compiler: jvmci, Barriers: 0, Oops: 0, ImmediateOops: 4, NonImmediateOops: No
[1,832s][debug][gc,nmethod     ] Register NMethod: io.sirix.node.AbstractForwardingNode.getParentKey (0x000074dd3ecdff08) [0x000074dd3ece0000, 0x000074dd3ece01a0] Compiler: jvmci, Barriers: 2, Oops: 1, ImmediateOops: 0, NonImmediateOops: No
[1,833s][debug][gc,nmethod     ] Register NMethod: java.nio.Bits.reserveMemory (0x000074dd3ece0208) [0x000074dd3ece0300, 0x000074dd3ece0450] Compiler: jvmci, Barriers: 0, Oops: 0, ImmediateOops: 4, NonImmediateOops: No
[1,834s][debug][gc,nmethod     ] Register NMethod: jdk.internal.foreign.MemorySessionImpl.addInternal (0x000074dd3ece0508) [0x000074dd3ece0600, 0x000074dd3ece0ab8] Compiler: jvmci, Barriers: 21, Oops: 0, ImmediateOops: 1, NonImmediateOops: No
[1,835s][debug][gc,nmethod     ] Register NMethod: io.sirix.node.GrowingMemorySegment.writeByte (0x000074dd3ece0b08) [0x000074dd3ece0c00, 0x000074dd3ece1170] Compiler: jvmci, Barriers: 5, Oops: 2, ImmediateOops: 0, NonImmediateOops: No
[1,836s][debug][gc,nmethod     ] Register NMethod: com.sun.org.apache.xerces.internal.impl.XMLScanner.isInvalidLiteral (0x000074dd1fcb9988) [0x000074dd1fcb9a80, 0x000074dd1fcb9c68] Compiler: c1, Barriers: 0, Oops: 0, ImmediateOops: 0, NonImmediateOops: No
[1,837s][debug][gc,nmethod     ] Register NMethod: com.sun.org.apache.xerces.internal.impl.XMLDocumentFragmentScannerImpl$FragmentContentDriver.next (0x000074dd1fcb9c88) [0x000074dd1fcb9d80, 0x000074dd1fcc7840] Compiler: c1, Barriers: 140, Oops: 1, ImmediateOops: 14, NonImmediateOops: No
[1,839s][debug][gc,nmethod     ] Register NMethod: java.util.concurrent.locks.ReentrantLock.lock (0x000074dd3ece1188) [0x000074dd3ece1280, 0x000074dd3ece1468] Compiler: jvmci, Barriers: 5, Oops: 0, ImmediateOops: 0, NonImmediateOops: No
[1,840s][debug][gc,director    ] Rule Major: Warmup 10%, Used: 312MB, UsedThreshold: 1228MB
[1,840s][debug][gc,nmethod     ] Register NMethod: jdk.internal.foreign.ArenaImpl.allocate (0x000074dd3ece1488) [0x000074dd3ece1580, 0x000074dd3ece1eb8] Compiler: jvmci, Barriers: 16, Oops: 1, ImmediateOops: 6, NonImmediateOops: No
[1,840s][debug][gc,nmethod     ] Register NMethod: com.sun.org.apache.xerces.internal.impl.XMLEntityScanner.checkBeforeLoad (0x000074dd1fcc7888) [0x000074dd1fcc7980, 0x000074dd1fcc7eb0] Compiler: c1, Barriers: 4, Oops: 0, ImmediateOops: 1, NonImmediateOops: No
[1,840s][debug][gc,nmethod     ] Register NMethod: jdk.internal.foreign.ArenaImpl.<init> (0x000074dd3ece1f08) [0x000074dd3ece2000, 0x000074dd3ece2120] Compiler: jvmci, Barriers: 3, Oops: 0, ImmediateOops: 0, NonImmediateOops: No
[1,841s][debug][gc,nmethod     ] Register NMethod: io.sirix.node.GrowingMemorySegment.<init> (0x000074dd3ece2208) [0x000074dd3ece2300, 0x000074dd3ece2da8] Compiler: jvmci, Barriers: 22, Oops: 2, ImmediateOops: 6, NonImmediateOops: No
[1,842s][debug][gc,nmethod     ] Register NMethod: io.sirix.node.delegates.StructNodeDelegate.setLeftSiblingKey (0x000074dd3ece2e08) [0x000074dd3ece2f00, 0x000074dd3ece2fc0] Compiler: c1, Barriers: 0, Oops: 1, ImmediateOops: 0, NonImmediateOops: No
[1,843s][debug][gc,nmethod     ] Register NMethod: jdk.internal.foreign.ArenaImpl.allocate (0x000074dd3ece3108) [0x000074dd3ece3200, 0x000074dd3ece3b38] Compiler: jvmci, Barriers: 16, Oops: 1, ImmediateOops: 6, NonImmediateOops: No
[1,844s][debug][gc,nmethod     ] Register NMethod: io.sirix.node.BytesOut.asBytesIn (0x000074dd3ece3b88) [0x000074dd3ece3c80, 0x000074dd3ece4258] Compiler: jvmci, Barriers: 13, Oops: 1, ImmediateOops: 0, NonImmediateOops: No
[1,844s][debug][gc,nmethod     ] Register NMethod: net.openhft.hashing.UnsafeAccess.byteOrder (0x000074dd3ece4288) [0x000074dd3ece4380, 0x000074dd3ece4410] Compiler: jvmci, Barriers: 0, Oops: 1, ImmediateOops: 1, NonImmediateOops: No
[1,845s][debug][gc,nmethod     ] Register NMethod: io.sirix.access.trx.node.AbstractNodeTrxImpl.checkAccessAndCommit (0x000074dd3ece4588) [0x000074dd3ece4680, 0x000074dd3ece48f8] Compiler: jvmci, Barriers: 3, Oops: 1, ImmediateOops: 1, NonImmediateOops: No
[1,846s][debug][gc,nmethod     ] Register NMethod: jdk.internal.foreign.ImplicitSession.<init> (0x000074dd3ece4908) [0x000074dd3ece4a00, 0x000074dd3ece5788] Compiler: jvmci, Barriers: 46, Oops: 1, ImmediateOops: 2, NonImmediateOops: No
[1,846s][debug][gc,nmethod     ] Register NMethod: io.sirix.access.trx.page.NodePageTrx.createRecord (0x000074dd3ece5808) [0x000074dd3ece5900, 0x000074dd3ece6d60] Compiler: jvmci, Barriers: 42, Oops: 3, ImmediateOops: 1, NonImmediateOops: No
[1,847s][debug][gc,nmethod     ] Register NMethod: io.sirix.access.trx.node.AbstractNodeReadOnlyTrx.storeDeweyIDs (0x000074dd3ece6d88) [0x000074dd3ece6e80, 0x000074dd3ece7018] Compiler: jvmci, Barriers: 2, Oops: 1, ImmediateOops: 0, NonImmediateOops: No
[1,847s][debug][gc,nmethod     ] Register NMethod: java.util.HashMap.computeIfAbsent (0x000074dd3ece7088) [0x000074dd3ece7180, 0x000074dd3ece8660] Compiler: jvmci, Barriers: 47, Oops: 1, ImmediateOops: 0, NonImmediateOops: No
[1,847s][debug][gc,nmethod     ] Register NMethod: io.sirix.access.trx.node.AbstractNodeHashing.isValueNode (0x000074dd3ece8688) [0x000074dd3ece8780, 0x000074dd3ece89a0] Compiler: jvmci, Barriers: 0, Oops: 1, ImmediateOops: 5, NonImmediateOops: No
[1,848s][debug][gc,nmethod     ] Register NMethod: jdk.internal.foreign.AbstractMemorySegmentImpl.asSlice (0x000074dd3ece8a08) [0x000074dd3ece8b00, 0x000074dd3ece8ce8] Compiler: jvmci, Barriers: 3, Oops: 0, ImmediateOops: 0, NonImmediateOops: No
[1,848s][debug][gc,nmethod     ] Register NMethod: java.nio.HeapByteBuffer.ix (0x000074dd1fcc7f08) [0x000074dd1fcc8000, 0x000074dd1fcc8108] Compiler: c1, Barriers: 0, Oops: 0, ImmediateOops: 0, NonImmediateOops: No
[1,850s][debug][gc,director    ] Rule Major: Warmup 10%, Used: 316MB, UsedThreshold: 1228MB
[1,850s][debug][gc,nmethod     ] Register NMethod: io.sirix.utils.XMLToken.ncName (0x000074dd3ece8d08) [0x000074dd3ece8e00, 0x000074dd3ece9158] Compiler: jvmci, Barriers: 0, Oops: 1, ImmediateOops: 0, NonImmediateOops: No
[1,850s][debug][gc,nmethod     ] Register NMethod: net.openhft.hashing.XXH3$AsLongHashFunction.hash (0x000074dd3ece9188) [0x000074dd3ece9280, 0x000074dd3ece93a8] Compiler: jvmci, Barriers: 0, Oops: 1, ImmediateOops: 1, NonImmediateOops: No
[1,850s][debug][gc,nmethod     ] Register NMethod: net.openhft.hashing.LongHashFunction.unsafeHash (0x000074dd3ece9488) [0x000074dd3ece9580, 0x000074dd3ece9688] Compiler: jvmci, Barriers: 0, Oops: 1, ImmediateOops: 2, NonImmediateOops: No
[1,851s][debug][gc,nmethod     ] Register NMethod: io.sirix.access.trx.node.AbstractIndexController.notifyChange (0x000074dd3ece9788) [0x000074dd3ece9880, 0x000074dd3ece9a00] Compiler: jvmci, Barriers: 2, Oops: 1, ImmediateOops: 0, NonImmediateOops: No
[1,852s][debug][gc,nmethod     ] Register NMethod: io.sirix.access.trx.node.xml.ForwardingXmlNodeReadOnlyTrx.getKind (0x000074dd3ece9a88) [0x000074dd3ece9b80, 0x000074dd3ece9da0] Compiler: jvmci, Barriers: 2, Oops: 1, ImmediateOops: 2, NonImmediateOops: No
[1,853s][debug][gc,nmethod     ] Register NMethod: net.openhft.hashing.XXH3.access$500 (0x000074dd3ece9e08) [0x000074dd3ece9f00, 0x000074dd3ece9f88] Compiler: jvmci, Barriers: 0, Oops: 1, ImmediateOops: 0, NonImmediateOops: No
[1,854s][debug][gc,nmethod     ] Register NMethod: io.sirix.access.trx.node.AbstractNodeHashing.adaptHashesWithAdd (0x000074dd3ecea108) [0x000074dd3ecea200, 0x000074dd3ecea360] Compiler: jvmci, Barriers: 1, Oops: 1, ImmediateOops: 0, NonImmediateOops: No
[1,854s][debug][gc,nmethod     ] Register NMethod: io.sirix.access.trx.node.xml.ForwardingXmlNodeReadOnlyTrx.getResourceSession (0x000074dd3ecea408) [0x000074dd3ecea500, 0x000074dd3ecea6c0] Compiler: jvmci, Barriers: 2, Oops: 1, ImmediateOops: 0, NonImmediateOops: No
[1,854s][debug][gc,nmethod     ] Register NMethod: io.sirix.access.trx.node.xml.XmlNodeReadOnlyTrxImpl.getResourceSession (0x000074dd3ecea708) [0x000074dd3ecea800, 0x000074dd3ecea920] Compiler: jvmci, Barriers: 1, Oops: 1, ImmediateOops: 0, NonImmediateOops: No
[1,854s][debug][gc,nmethod     ] Register NMethod: io.sirix.query.node.XmlDBNode.<init> (0x000074dd3eceaa08) [0x000074dd3eceab00, 0x000074dd3eceb598] Compiler: jvmci, Barriers: 27, Oops: 1, ImmediateOops: 2, NonImmediateOops: No
[1,856s][debug][gc,nmethod     ] Register NMethod: io.sirix.node.xml.TextNode.hasRightSibling (0x000074dd3eceb608) [0x000074dd3eceb700, 0x000074dd3ecebb58] Compiler: jvmci, Barriers: 4, Oops: 3, ImmediateOops: 0, NonImmediateOops: No
[1,857s][debug][gc,nmethod     ] Register NMethod: io.sirix.node.xml.ElementNode.getPathNodeKey (0x000074dd3ecebb88) [0x000074dd3ecebc80, 0x000074dd3ecec098] Compiler: jvmci, Barriers: 4, Oops: 3, ImmediateOops: 0, NonImmediateOops: No
[1,858s][debug][gc,nmethod     ] Register NMethod: io.sirix.node.xml.ElementNode.incrementChildCount (0x000074dd3ecec108) [0x000074dd3ecec200, 0x000074dd3ececaf0] Compiler: jvmci, Barriers: 10, Oops: 3, ImmediateOops: 0, NonImmediateOops: No
[1,858s][debug][gc,nmethod     ] Register NMethod: io.sirix.access.trx.node.AbstractNodeTrxImpl.intermediateCommitIfRequired (0x000074dd3ececb88) [0x000074dd3ececc80, 0x000074dd3ececdf0] Compiler: jvmci, Barriers: 1, Oops: 1, ImmediateOops: 0, NonImmediateOops: No
[1,859s][debug][gc,nmethod     ] Register NMethod: java.nio.Buffer.position (0x000074dd3ecece88) [0x000074dd3ececf80, 0x000074dd3eced060] Compiler: jvmci, Barriers: 0, Oops: 0, ImmediateOops: 0, NonImmediateOops: No
[1,859s][debug][gc,nmethod     ] Register NMethod: io.sirix.node.xml.ElementNode.setChildCount (0x000074dd3eced188) [0x000074dd3eced280, 0x000074dd3eced740] Compiler: jvmci, Barriers: 5, Oops: 3, ImmediateOops: 0, NonImmediateOops: No
[1,859s][debug][gc,nmethod     ] Register NMethod: io.sirix.access.trx.node.AbstractResourceSession.getResourceConfig (0x000074dd3eced788) [0x000074dd3eced880, 0x000074dd3eced968] Compiler: jvmci, Barriers: 1, Oops: 1, ImmediateOops: 0, NonImmediateOops: No
[1,860s][debug][gc,director    ] Rule Major: Warmup 10%, Used: 320MB, UsedThreshold: 1228MB
[1,860s][debug][gc,nmethod     ] Register NMethod: java.io.FileInputStream.readBytes (0x000074dd3eceda88) [0x000074dd3ecedb80, 0x000074dd3ecedce8] Compiler: , Barriers: 0, Oops: 0, ImmediateOops: 0, NonImmediateOops: No
[1,860s][debug][gc,nmethod     ] Register NMethod: io.sirix.axis.AbstractAxis.<init> (0x000074dd3ecedd88) [0x000074dd3ecede80, 0x000074dd3ecee248] Compiler: jvmci, Barriers: 12, Oops: 1, ImmediateOops: 2, NonImmediateOops: No
[1,861s][debug][gc,nmethod     ] Register NMethod: com.sun.org.apache.xerces.internal.impl.XMLEntityScanner.scanQName (0x000074dd3ecee288) [0x000074dd3ecee380, 0x000074dd3ecef738] Compiler: jvmci, Barriers: 30, Oops: 1, ImmediateOops: 3, NonImmediateOops: No
[1,861s][debug][gc,nmethod     ] Register NMethod: jdk.xml.internal.XMLLimitAnalyzer.addValue (0x000074dd3ecef788) [0x000074dd3ecef880, 0x000074dd3ecefa88] Compiler: jvmci, Barriers: 2, Oops: 0, ImmediateOops: 0, NonImmediateOops: No
[1,861s][debug][gc,nmethod     ] Register NMethod: java.lang.String.<init> (0x000074dd3ecefb08) [0x000074dd3ecefc00, 0x000074dd3eceff48] Compiler: jvmci, Barriers: 3, Oops: 0, ImmediateOops: 0, NonImmediateOops: No
[1,861s][debug][gc,nmethod     ] Register NMethod: io.brackit.query.atomic.QNm.<init> (0x000074dd3eceff88) [0x000074dd3ecf0080, 0x000074dd3ecf02a8] Compiler: jvmci, Barriers: 9, Oops: 1, ImmediateOops: 1, NonImmediateOops: No
[1,864s][debug][gc,nmethod     ] Register NMethod: java.nio.Buffer.<init> (0x000074dd3ecf0308) [0x000074dd3ecf0400, 0x000074dd3ecf0798] Compiler: jvmci, Barriers: 3, Oops: 0, ImmediateOops: 0, NonImmediateOops: No
[1,864s][debug][gc,nmethod     ] Register NMethod: io.sirix.node.xml.AbstractStructForwardingNode.<init> (0x000074dd1fcc8208) [0x000074dd1fcc8300, 0x000074dd1fcc8518] Compiler: c1, Barriers: 0, Oops: 1, ImmediateOops: 0, NonImmediateOops: No
[1,864s][debug][gc,nmethod     ] Register NMethod: io.sirix.node.delegates.StructNodeDelegate.<init> (0x000074dd1fcc8588) [0x000074dd1fcc8680, 0x000074dd1fcc8c20] Compiler: c1, Barriers: 3, Oops: 1, ImmediateOops: 2, NonImmediateOops: No
[1,868s][debug][gc,nmethod     ] Register NMethod: io.sirix.page.PageReference.getLogKey (0x000074dd3ecf0808) [0x000074dd3ecf0900, 0x000074dd3ecf09c0] Compiler: c1, Barriers: 0, Oops: 1, ImmediateOops: 0, NonImmediateOops: No
[1,869s][debug][gc,nmethod     ] Register NMethod: com.sun.org.apache.xerces.internal.impl.XMLEntityScanner.peekChar (0x000074dd3ecf0b08) [0x000074dd3ecf0c00, 0x000074dd3ecf0f18] Compiler: jvmci, Barriers: 4, Oops: 0, ImmediateOops: 0, NonImmediateOops: No
[1,870s][debug][gc,nmethod     ] Register NMethod: jdk.internal.foreign.SegmentFactories.allocateNativeInternal (0x000074dd3ecf0f88) [0x000074dd3ecf10a0, 0x000074dd3ecf1960] Compiler: jvmci, Barriers: 13, Oops: 1, ImmediateOops: 6, NonImmediateOops: No
[1,870s][debug][gc,nmethod     ] Register NMethod: io.sirix.access.trx.page.NodePageReadOnlyTrx.assertNotClosed (0x000074dd3ecf1988) [0x000074dd3ecf1a80, 0x000074dd3ecf1b40] Compiler: jvmci, Barriers: 0, Oops: 1, ImmediateOops: 0, NonImmediateOops: No
[1,870s][debug][gc,director    ] Rule Major: Warmup 10%, Used: 324MB, UsedThreshold: 1228MB
[1,871s][debug][gc,nmethod     ] Register NMethod: io.sirix.access.trx.node.AbstractNodeReadOnlyTrx.moveToParent (0x000074dd3ecf1c88) [0x000074dd3ecf1d80, 0x000074dd3ecf3010] Compiler: jvmci, Barriers: 37, Oops: 6, ImmediateOops: 1, NonImmediateOops: No
[1,871s][debug][gc,nmethod     ] Register NMethod: net.openhft.hashing.XXH3.XXH3_64bits_internal (0x000074dd3ecf3088) [0x000074dd3ecf3180, 0x000074dd3ecf5650] Compiler: jvmci, Barriers: 0, Oops: 1, ImmediateOops: 0, NonImmediateOops: No
[1,872s][debug][gc,nmethod     ] Register NMethod: io.sirix.node.delegates.StructNodeDelegate.incrementChildCount (0x000074dd1fcc8c88) [0x000074dd1fcc8d80, 0x000074dd1fcc8e90] Compiler: c1, Barriers: 0, Oops: 1, ImmediateOops: 0, NonImmediateOops: No
[1,872s][debug][gc,nmethod     ] Register NMethod: io.sirix.node.xml.AbstractStructForwardingNode.incrementChildCount (0x000074dd1fcc8f88) [0x000074dd1fcc9080, 0x000074dd1fcc93d0] Compiler: c1, Barriers: 0, Oops: 1, ImmediateOops: 0, NonImmediateOops: No
[1,872s][debug][gc,nmethod     ] Register NMethod: io.sirix.page.PathSummaryPage.getMaxNodeKey (0x000074dd1fcc9408) [0x000074dd1fcc9500, 0x000074dd1fcc96b8] Compiler: c1, Barriers: 1, Oops: 1, ImmediateOops: 0, NonImmediateOops: No
[1,872s][debug][gc,nmethod     ] Register NMethod: io.sirix.node.xml.AbstractStructForwardingNode.setFirstChildKey (0x000074dd1fcc9708) [0x000074dd1fcc9800, 0x000074dd1fcc9b40] Compiler: c1, Barriers: 0, Oops: 1, ImmediateOops: 0, NonImmediateOops: No
[1,872s][debug][gc,nmethod     ] Register NMethod: io.sirix.access.trx.page.AbstractForwardingPageReadOnlyTrx.getPathSummaryPage (0x000074dd1fcc9b88) [0x000074dd1fcc9c80, 0x000074dd1fccad28] Compiler: c1, Barriers: 5, Oops: 1, ImmediateOops: 1, NonImmediateOops: No
[1,872s][debug][gc,nmethod     ] Register NMethod: io.sirix.node.delegates.NodeDelegate.<init> (0x000074dd1fccad88) [0x000074dd1fccae80, 0x000074dd1fccb3d8] Compiler: c1, Barriers: 6, Oops: 1, ImmediateOops: 1, NonImmediateOops: No
[1,872s][debug][gc,nmethod     ] Register NMethod: io.sirix.node.delegates.NameNodeDelegate.<init> (0x000074dd1fccb408) [0x000074dd1fccb500, 0x000074dd1fccb8b0] Compiler: c1, Barriers: 3, Oops: 1, ImmediateOops: 1, NonImmediateOops: No
[1,872s][debug][gc,nmethod     ] Register NMethod: java.lang.String.<init> (0x000074dd3ecf5688) [0x000074dd3ecf5780, 0x000074dd3ecf5b00] Compiler: jvmci, Barriers: 3, Oops: 0, ImmediateOops: 0, NonImmediateOops: No
[1,872s][debug][gc,nmethod     ] Register NMethod: io.sirix.index.path.summary.PathSummaryReader$$Lambda/0x00000000692b0ed8.<init> (0x000074dd1fccb908) [0x000074dd1fccba00, 0x000074dd1fccbbd0] Compiler: c1, Barriers: 3, Oops: 1, ImmediateOops: 0, NonImmediateOops: No
[1,872s][debug][gc,nmethod     ] Register NMethod: io.sirix.index.path.summary.PathSummaryReader.removeFromCache (0x000074dd1fccbc08) [0x000074dd1fccbd00, 0x000074dd1fccc710] Compiler: c1, Barriers: 4, Oops: 2, ImmediateOops: 2, NonImmediateOops: No
[1,872s][debug][gc,nmethod     ] Register NMethod: java.util.Collection.removeIf (0x000074dd1fccc788) [0x000074dd1fccc880, 0x000074dd1fccd628] Compiler: c1, Barriers: 0, Oops: 0, ImmediateOops: 0, NonImmediateOops: No
[1,872s][debug][gc,nmethod     ] Register NMethod: io.sirix.index.path.summary.PathNode.<init> (0x000074dd1fccd688) [0x000074dd1fccd780, 0x000074dd1fcce3c8] Compiler: c1, Barriers: 15, Oops: 2, ImmediateOops: 2, NonImmediateOops: No
[1,873s][debug][gc,nmethod     ] Register NMethod: io.sirix.index.path.summary.PathSummaryWriter.adaptForInsert (0x000074dd1fcce408) [0x000074dd1fcce500, 0x000074dd1fcd1a00] Compiler: c1, Barriers: 6, Oops: 1, ImmediateOops: 3, NonImmediateOops: No
[1,873s][debug][gc,nmethod     ] Register NMethod: io.sirix.node.delegates.StructNodeDelegate.hasLeftSibling (0x000074dd1fcd1a88) [0x000074dd1fcd1b80, 0x000074dd1fcd1ed8] Compiler: c1, Barriers: 0, Oops: 1, ImmediateOops: 1, NonImmediateOops: No
[1,873s][debug][gc,nmethod     ] Register NMethod: io.sirix.node.xml.AbstractStructForwardingNode.hasLeftSibling (0x000074dd1fcd1f08) [0x000074dd1fcd2000, 0x000074dd1fcd25c8] Compiler: c1, Barriers: 0, Oops: 1, ImmediateOops: 1, NonImmediateOops: No
[1,873s][debug][gc,nmethod     ] Register NMethod: io.sirix.index.path.summary.PathSummaryReader.putQNameMapping (0x000074dd1fcd2608) [0x000074dd1fcd2700, 0x000074dd1fcd3390] Compiler: c1, Barriers: 2, Oops: 2, ImmediateOops: 1, NonImmediateOops: No
[1,873s][debug][gc,nmethod     ] Register NMethod: io.sirix.index.path.summary.PathNode.hashCode (0x000074dd1fcd3408) [0x000074dd1fcd3500, 0x000074dd1fcd3d40] Compiler: c1, Barriers: 8, Oops: 1, ImmediateOops: 0, NonImmediateOops: No
[1,873s][debug][gc,nmethod     ] Register NMethod: io.sirix.access.trx.node.xml.XmlNodeFactoryImpl.createPathNode (0x000074dd1fcd3d88) [0x000074dd1fcd3e80, 0x000074dd1fcd6ff8] Compiler: c1, Barriers: 16, Oops: 1, ImmediateOops: 4, NonImmediateOops: No
[1,873s][debug][gc,nmethod     ] Register NMethod: io.sirix.node.delegates.NodeDelegate.hashCode (0x000074dd1fcd7008) [0x000074dd1fcd7100, 0x000074dd1fcd7e68] Compiler: c1, Barriers: 10, Oops: 1, ImmediateOops: 1, NonImmediateOops: No
[1,873s][debug][gc,nmethod     ] Register NMethod: io.sirix.index.path.summary.PathSummaryReader.getName (0x000074dd1fcd7e88) [0x000074dd1fcd7f80, 0x000074dd1fcdaf68] Compiler: c1, Barriers: 12, Oops: 1, ImmediateOops: 5, NonImmediateOops: No
[1,873s][debug][gc,nmethod     ] Register NMethod: io.sirix.node.delegates.NameNodeDelegate.hashCode (0x000074dd1fcdaf88) [0x000074dd1fcdb080, 0x000074dd1fcdc258] Compiler: c1, Barriers: 12, Oops: 1, ImmediateOops: 3, NonImmediateOops: No
[1,874s][debug][gc,nmethod     ] Register NMethod: io.sirix.node.xml.TextNode.getRightSiblingKey (0x000074dd3ecf5b08) [0x000074dd3ecf5c00, 0x000074dd3ecf6018] Compiler: jvmci, Barriers: 4, Oops: 3, ImmediateOops: 0, NonImmediateOops: No
[1,874s][debug][gc,nmethod     ] Register NMethod: io.sirix.page.RevisionRootPage.getPathSummaryPageReference (0x000074dd1fcdc288) [0x000074dd1fcdc380, 0x000074dd1fcdc8f0] Compiler: c1, Barriers: 1, Oops: 1, ImmediateOops: 0, NonImmediateOops: No
[1,874s][debug][gc,nmethod     ] Register NMethod: io.sirix.page.PathSummaryPage.incrementAndGetMaxNodeKey (0x000074dd1fcdc908) [0x000074dd1fcdca00, 0x000074dd1fcdcc78] Compiler: c1, Barriers: 2, Oops: 1, ImmediateOops: 0, NonImmediateOops: No
[1,874s][debug][gc,nmethod     ] Register NMethod: io.sirix.access.trx.page.NodePageReadOnlyTrx.getPathSummaryPage (0x000074dd1fcdcc88) [0x000074dd1fcdcd80, 0x000074dd1fcddd58] Compiler: c1, Barriers: 4, Oops: 1, ImmediateOops: 1, NonImmediateOops: No
[1,874s][debug][gc,nmethod     ] Register NMethod: com.sun.org.apache.xerces.internal.impl.XMLEntityScanner.scanContent (0x000074dd1fcddd88) [0x000074dd1fcdde80, 0x000074dd1fcdee78] Compiler: c1, Barriers: 11, Oops: 0, ImmediateOops: 1, NonImmediateOops: No
[1,875s][debug][gc,nmethod     ] Register NMethod: com.sun.org.apache.xerces.internal.impl.XMLEntityScanner.scanContent (0x000074dd1fcdee88) [0x000074dd1fcdef80, 0x000074dd1fcdfef8] Compiler: c1, Barriers: 11, Oops: 0, ImmediateOops: 1, NonImmediateOops: No
[1,875s][debug][gc,nmethod     ] Register NMethod: java.nio.ByteBuffer.order (0x000074dd3ecf6088) [0x000074dd3ecf6180, 0x000074dd3ecf6250] Compiler: jvmci, Barriers: 0, Oops: 0, ImmediateOops: 1, NonImmediateOops: No
[1,875s][debug][gc,nmethod     ] Register NMethod: java.nio.ByteBuffer.<init> (0x000074dd3ecf6388) [0x000074dd3ecf6480, 0x000074dd3ecf6880] Compiler: jvmci, Barriers: 9, Oops: 0, ImmediateOops: 0, NonImmediateOops: No
[1,877s][debug][gc,nmethod     ] Register NMethod: java.nio.MappedByteBuffer.<init> (0x000074dd3ecf6888) [0x000074dd3ecf6980, 0x000074dd3ecf6c40] Compiler: jvmci, Barriers: 7, Oops: 0, ImmediateOops: 0, NonImmediateOops: No
[1,877s][debug][gc,nmethod     ] Register NMethod: java.nio.ByteBuffer.<init> (0x000074dd3ecf6c88) [0x000074dd3ecf6d80, 0x000074dd3ecf7150] Compiler: jvmci, Barriers: 7, Oops: 0, ImmediateOops: 0, NonImmediateOops: No
[1,877s][debug][gc,nmethod     ] Register NMethod: io.sirix.node.xml.ElementNode.getFirstChildKey (0x000074dd3ecf7188) [0x000074dd3ecf7280, 0x000074dd3ecf7698] Compiler: jvmci, Barriers: 4, Oops: 3, ImmediateOops: 0, NonImmediateOops: No
[1,878s][debug][gc,nmethod     ] Register NMethod: sun.misc.Unsafe.isMemoryAccessWarned (0x000074dd3ecf7708) [0x000074dd3ecf7800, 0x000074dd3ecf7868] Compiler: jvmci, Barriers: 0, Oops: 0, ImmediateOops: 0, NonImmediateOops: No
[1,879s][debug][gc,nmethod     ] Register NMethod: io.sirix.utils.XMLToken.isNCChar (0x000074dd1fcdff08) [0x000074dd1fce0000, 0x000074dd1fce03e8] Compiler: c1, Barriers: 0, Oops: 1, ImmediateOops: 0, NonImmediateOops: No
[1,879s][debug][gc,nmethod     ] Register NMethod: io.sirix.utils.XMLToken.isNCStartChar (0x000074dd1fce0408) [0x000074dd1fce0500, 0x000074dd1fce0b70] Compiler: c1, Barriers: 0, Oops: 1, ImmediateOops: 0, NonImmediateOops: No
[1,879s][debug][gc,nmethod     ] Register NMethod: java.nio.MappedByteBuffer.limit (0x000074dd3ecf7a08) [0x000074dd3ecf7b00, 0x000074dd3ecf7c10] Compiler: jvmci, Barriers: 0, Oops: 0, ImmediateOops: 0, NonImmediateOops: No
[1,879s][debug][gc,nmethod     ] Register NMethod: io.sirix.index.path.summary.PathSummaryWriter.insertPathAsFirstChild (0x000074dd1fce0b88) [0x000074dd1fce0c80, 0x000074dd1fce3bd8] Compiler: c1, Barriers: 17, Oops: 2, ImmediateOops: 5, NonImmediateOops: No
[1,879s][debug][gc,nmethod     ] Register NMethod: io.sirix.utils.XMLToken.ncName (0x000074dd1fce3c08) [0x000074dd1fce3d00, 0x000074dd1fce4158] Compiler: c1, Barriers: 0, Oops: 1, ImmediateOops: 1, NonImmediateOops: No
[1,880s][debug][gc,nmethod     ] Register NMethod: java.nio.MappedByteBuffer.rewind (0x000074dd3ecf7d08) [0x000074dd3ecf7e00, 0x000074dd3ecf7e98] Compiler: jvmci, Barriers: 0, Oops: 0, ImmediateOops: 0, NonImmediateOops: No
[1,880s][debug][gc,director    ] Rule Major: Warmup 10%, Used: 328MB, UsedThreshold: 1228MB
[1,880s][debug][gc,nmethod     ] Register NMethod: com.sun.org.apache.xerces.internal.impl.XMLEntityScanner.scanQName (0x000074dd1fce4188) [0x000074dd1fce4280, 0x000074dd1fce64b8] Compiler: c1, Barriers: 55, Oops: 2, ImmediateOops: 10, NonImmediateOops: No
[1,880s][debug][gc,nmethod     ] Register NMethod: it.unimi.dsi.fastutil.HashCommon.mix (0x000074dd3ecf8008) [0x000074dd3ecf8100, 0x000074dd3ecf8170] Compiler: jvmci, Barriers: 0, Oops: 1, ImmediateOops: 0, NonImmediateOops: No
[1,880s][debug][gc,nmethod     ] Register NMethod: io.sirix.node.GrowingMemorySegment.write (0x000074dd3ecf8308) [0x000074dd3ecf8400, 0x000074dd3ecf89e0] Compiler: jvmci, Barriers: 6, Oops: 3, ImmediateOops: 0, NonImmediateOops: No
[1,880s][debug][gc,nmethod     ] Register NMethod: com.sun.org.apache.xerces.internal.impl.XMLNSDocumentScannerImpl.next (0x000074dd3ecf8a08) [0x000074dd3ecf8b00, 0x000074dd3ecf8d60] Compiler: jvmci, Barriers: 3, Oops: 0, ImmediateOops: 0, NonImmediateOops: No
[1,881s][debug][gc,nmethod     ] Register NMethod: jdk.internal.foreign.AbstractMemorySegmentImpl.checkArraySize (0x000074dd3ecf8d88) [0x000074dd3ecf8e80, 0x000074dd3ecf8f68] Compiler: jvmci, Barriers: 0, Oops: 0, ImmediateOops: 0, NonImmediateOops: No
[1,882s][debug][gc,nmethod     ] Register NMethod: java.nio.Buffer$2.newDirectByteBuffer (0x000074dd3ecf9088) [0x000074dd3ecf9180, 0x000074dd3ecf9320] Compiler: jvmci, Barriers: 4, Oops: 0, ImmediateOops: 0, NonImmediateOops: No
[1,883s][debug][gc,nmethod     ] Register NMethod: java.nio.DirectByteBuffer.<init> (0x000074dd3ecf9388) [0x000074dd3ecf9480, 0x000074dd3ecf9760] Compiler: jvmci, Barriers: 12, Oops: 0, ImmediateOops: 0, NonImmediateOops: No
[1,883s][debug][gc,nmethod     ] Register NMethod: jdk.internal.foreign.NativeMemorySegmentImpl.makeByteBuffer (0x000074dd3ecf9788) [0x000074dd3ecf9880, 0x000074dd3ecf9a18] Compiler: jvmci, Barriers: 2, Oops: 0, ImmediateOops: 0, NonImmediateOops: No
[1,884s][debug][gc,nmethod     ] Register NMethod: java.nio.DirectByteBuffer.address (0x000074dd3ecf9a88) [0x000074dd3ecf9b80, 0x000074dd3ecf9d48] Compiler: jvmci, Barriers: 3, Oops: 0, ImmediateOops: 0, NonImmediateOops: No
[1,885s][debug][gc,nmethod     ] Register NMethod: com.sun.org.apache.xerces.internal.impl.XMLDocumentFragmentScannerImpl$FragmentContentDriver.next (0x000074dd3ecf9d88) [0x000074dd3ecf9e80, 0x000074dd3ecfbb18] Compiler: jvmci, Barriers: 43, Oops: 1, ImmediateOops: 1, NonImmediateOops: No
[1,887s][debug][gc,nmethod     ] Register NMethod: com.sun.org.apache.xerces.internal.impl.XMLEntityScanner.checkBeforeLoad (0x000074dd3ecfbb88) [0x000074dd3ecfbc80, 0x000074dd3ecfc228] Compiler: jvmci, Barriers: 6, Oops: 1, ImmediateOops: 0, NonImmediateOops: No
[1,888s][debug][gc,nmethod     ] Register NMethod: io.sirix.node.SirixDeweyID.newBetween (0x000074dd3ecfc288) [0x000074dd3ecfc380, 0x000074dd3ecfc7d8] Compiler: jvmci, Barriers: 3, Oops: 1, ImmediateOops: 0, NonImmediateOops: No
[1,890s][debug][gc,director    ] Rule Major: Warmup 10%, Used: 332MB, UsedThreshold: 1228MB
[1,894s][debug][gc,nmethod     ] Register NMethod: net.openhft.hashing.LongHashFunction.hashByteBuffer (0x000074dd3ecfc808) [0x000074dd3ecfc900, 0x000074dd3ecfcbc0] Compiler: jvmci, Barriers: 4, Oops: 1, ImmediateOops: 2, NonImmediateOops: No
[1,900s][debug][gc,director    ] Rule Major: Warmup 10%, Used: 336MB, UsedThreshold: 1228MB
[1,900s][debug][gc,nmethod     ] Register NMethod: io.sirix.utils.XMLToken.isNCStartChar (0x000074dd3ecfcc08) [0x000074dd3ecfcd00, 0x000074dd3ecfce10] Compiler: jvmci, Barriers: 0, Oops: 1, ImmediateOops: 0, NonImmediateOops: No
[1,901s][debug][gc,nmethod     ] Register NMethod: com.sun.org.apache.xerces.internal.impl.XMLEntityScanner.scanContent (0x000074dd3ecfcf08) [0x000074dd3ecfd0a0, 0x000074dd3ecfdb50] Compiler: jvmci, Barriers: 8, Oops: 0, ImmediateOops: 1, NonImmediateOops: No
[1,901s][debug][gc,nmethod     ] Register NMethod: io.sirix.utils.XMLToken.isNCChar (0x000074dd3ecfdb88) [0x000074dd3ecfdc80, 0x000074dd3ecfdd90] Compiler: jvmci, Barriers: 0, Oops: 1, ImmediateOops: 0, NonImmediateOops: No
[1,902s][debug][gc,nmethod     ] Register NMethod: com.sun.org.apache.xerces.internal.impl.XMLEntityScanner.skipString (0x000074dd3ecfde88) [0x000074dd3ecfdf80, 0x000074dd3ecfec48] Compiler: jvmci, Barriers: 9, Oops: 0, ImmediateOops: 0, NonImmediateOops: No
[1,904s][debug][gc,nmethod     ] Register NMethod: com.sun.org.apache.xerces.internal.impl.XMLEntityScanner.scanContent (0x000074dd1fce6508) [0x000074dd1fce6600, 0x000074dd1fce7578] Compiler: c1, Barriers: 11, Oops: 0, ImmediateOops: 1, NonImmediateOops: No
[1,904s][debug][gc,nmethod     ] Register NMethod: io.sirix.node.xml.AttributeNode.getParentKey (0x000074dd3ecfec88) [0x000074dd3ecfed80, 0x000074dd3ecff198] Compiler: jvmci, Barriers: 4, Oops: 3, ImmediateOops: 0, NonImmediateOops: No
[1,904s][debug][gc,nmethod     ] Register NMethod: java.lang.String.<init> (0x000074dd3ecff208) [0x000074dd3ecff300, 0x000074dd3ed00a48] Compiler: jvmci, Barriers: 9, Oops: 0, ImmediateOops: 3, NonImmediateOops: No
[1,905s][debug][gc,nmethod     ] Register NMethod: io.sirix.axis.filter.FilterAxis.nextKey (0x000074dd3ed00a88) [0x000074dd3ed00b80, 0x000074dd3ed04f30] Compiler: jvmci, Barriers: 152, Oops: 2, ImmediateOops: 4, NonImmediateOops: No
[1,906s][debug][gc,nmethod     ] Register NMethod: it.unimi.dsi.fastutil.ints.Int2LongOpenHashMap.get (0x000074dd3ed04f88) [0x000074dd3ed05080, 0x000074dd3ed053e0] Compiler: jvmci, Barriers: 2, Oops: 1, ImmediateOops: 0, NonImmediateOops: No
[1,906s][debug][gc,nmethod     ] Register NMethod: io.sirix.node.xml.ElementNode.hasLeftSibling (0x000074dd3ed05408) [0x000074dd3ed05500, 0x000074dd3ed05958] Compiler: jvmci, Barriers: 4, Oops: 3, ImmediateOops: 0, NonImmediateOops: No
[1,907s][debug][gc,nmethod     ] Register NMethod: io.sirix.node.xml.ElementNode.hasRightSibling (0x000074dd3ed05988) [0x000074dd3ed05a80, 0x000074dd3ed05ed8] Compiler: jvmci, Barriers: 4, Oops: 3, ImmediateOops: 0, NonImmediateOops: No
[1,907s][debug][gc,nmethod     ] Register NMethod: com.sun.org.apache.xerces.internal.impl.XMLEntityScanner.checkNodeCount (0x000074dd3ed05f08) [0x000074dd3ed06000, 0x000074dd3ed060e0] Compiler: jvmci, Barriers: 0, Oops: 0, ImmediateOops: 0, NonImmediateOops: No
[1,908s][debug][gc,nmethod     ] Register NMethod: com.sun.org.apache.xerces.internal.impl.XMLDocumentFragmentScannerImpl.getCharacterData (0x000074dd3ed06208) [0x000074dd3ed06300, 0x000074dd3ed06418] Compiler: jvmci, Barriers: 2, Oops: 0, ImmediateOops: 0, NonImmediateOops: No
[1,909s][debug][gc,nmethod     ] Register NMethod: java.util.BitSet.cardinality (0x000074dd3ed06508) [0x000074dd3ed06600, 0x000074dd3ed06760] Compiler: jvmci, Barriers: 1, Oops: 0, ImmediateOops: 0, NonImmediateOops: No
[1,909s][debug][gc,nmethod     ] Register NMethod: it.unimi.dsi.fastutil.ints.Int2ObjectOpenHashMap.get (0x000074dd3ed06808) [0x000074dd3ed06900, 0x000074dd3ed06d68] Compiler: jvmci, Barriers: 7, Oops: 1, ImmediateOops: 0, NonImmediateOops: No
[1,910s][debug][gc,director    ] Rule Major: Warmup 10%, Used: 342MB, UsedThreshold: 1228MB
[1,911s][debug][gc,nmethod     ] Register NMethod: it.unimi.dsi.fastutil.ints.Int2IntOpenHashMap.find (0x000074dd3ed06d88) [0x000074dd3ed06e80, 0x000074dd3ed07118] Compiler: jvmci, Barriers: 1, Oops: 1, ImmediateOops: 0, NonImmediateOops: No
[1,912s][debug][gc,nmethod     ] Register NMethod: io.sirix.access.trx.node.AbstractNodeReadOnlyTrx.hasRightSibling (0x000074dd3ed07188) [0x000074dd3ed07280, 0x000074dd3ed07d08] Compiler: jvmci, Barriers: 11, Oops: 5, ImmediateOops: 0, NonImmediateOops: No
[1,913s][debug][gc,nmethod     ] Register NMethod: io.sirix.access.trx.node.xml.ForwardingXmlNodeReadOnlyTrx.hasRightSibling (0x000074dd3ed07d88) [0x000074dd3ed07e80, 0x000074dd3ed089b0] Compiler: jvmci, Barriers: 12, Oops: 5, ImmediateOops: 0, NonImmediateOops: No
[1,916s][debug][gc,nmethod     ] Register NMethod: com.sun.org.apache.xerces.internal.impl.XMLEntityScanner.skipSpaces (0x000074dd1fce7588) [0x000074dd1fce7680, 0x000074dd1fce8910] Compiler: c1, Barriers: 16, Oops: 0, ImmediateOops: 2, NonImmediateOops: No
[1,916s][debug][gc,nmethod     ] Register NMethod: io.sirix.access.trx.node.xml.XmlNodeTrxImpl.adaptForInsert (0x000074dd3ed08a08) [0x000074dd3ed08b00, 0x000074dd3ed0e370] Compiler: jvmci, Barriers: 136, Oops: 17, ImmediateOops: 1, NonImmediateOops: No
[1,916s][debug][gc,nmethod     ] Register NMethod: java.util.BitSet.and (0x000074dd3ed0e408) [0x000074dd3ed0e540, 0x000074dd3ed0ea60] Compiler: jvmci, Barriers: 2, Oops: 0, ImmediateOops: 0, NonImmediateOops: No
[1,917s][debug][gc,nmethod     ] Register NMethod: io.sirix.access.trx.node.AbstractDeweyIDManager.newRightSiblingID (0x000074dd3ed0ea88) [0x000074dd3ed0eb80, 0x000074dd3ed10078] Compiler: jvmci, Barriers: 26, Oops: 5, ImmediateOops: 0, NonImmediateOops: No
[1,917s][debug][gc,nmethod     ] Register NMethod: io.brackit.query.node.parser.SAX2SubtreeHandlerAdapter.characters (0x000074dd3ed10108) [0x000074dd3ed10200, 0x000074dd3ed108b0] Compiler: jvmci, Barriers: 5, Oops: 1, ImmediateOops: 0, NonImmediateOops: No
[1,918s][debug][gc,nmethod     ] Register NMethod: io.brackit.query.node.parser.SAX2SubtreeHandlerAdapter$TrimmingStringBuilder.append (0x000074dd3ed10908) [0x000074dd3ed10a00, 0x000074dd3ed11030] Compiler: jvmci, Barriers: 4, Oops: 1, ImmediateOops: 0, NonImmediateOops: No
[1,919s][debug][gc,nmethod     ] Register NMethod: it.unimi.dsi.fastutil.ints.Int2IntOpenHashMap.get (0x000074dd3ed11088) [0x000074dd3ed11180, 0x000074dd3ed114e0] Compiler: jvmci, Barriers: 2, Oops: 1, ImmediateOops: 0, NonImmediateOops: No
[1,920s][debug][gc,director    ] Rule Major: Warmup 10%, Used: 346MB, UsedThreshold: 1228MB
[1,921s][debug][gc,nmethod     ] Register NMethod: io.brackit.query.node.parser.SAX2SubtreeHandlerAdapter$TrimmingStringBuilder.toString (0x000074dd3ed11508) [0x000074dd3ed11600, 0x000074dd3ed119e0] Compiler: jvmci, Barriers: 3, Oops: 2, ImmediateOops: 0, NonImmediateOops: No
[1,922s][debug][gc,nmethod     ] Register NMethod: com.sun.org.apache.xerces.internal.parsers.AbstractSAXParser.characters (0x000074dd3ed11a08) [0x000074dd3ed11b00, 0x000074dd3ed122c0] Compiler: jvmci, Barriers: 8, Oops: 1, ImmediateOops: 0, NonImmediateOops: No
[1,923s][debug][gc,nmethod     ] Register NMethod: com.sun.org.apache.xerces.internal.util.SymbolTable.addSymbol (0x000074dd1fce8988) [0x000074dd1fce8a80, 0x000074dd1fce8fc0] Compiler: c1, Barriers: 5, Oops: 0, ImmediateOops: 0, NonImmediateOops: No
[1,923s][debug][gc,nmethod     ] Register NMethod: io.sirix.query.node.SubtreeProcessor.notifyText (0x000074dd3ed12308) [0x000074dd3ed12400, 0x000074dd3ed12530] Compiler: jvmci, Barriers: 1, Oops: 1, ImmediateOops: 0, NonImmediateOops: No
[1,924s][debug][gc,nmethod     ] Register NMethod: io.sirix.access.trx.node.AbstractNodeReadOnlyTrx.hasNode (0x000074dd3ed12608) [0x000074dd3ed12700, 0x000074dd3ed13630] Compiler: jvmci, Barriers: 37, Oops: 4, ImmediateOops: 1, NonImmediateOops: No
[1,925s][debug][gc,nmethod     ] Register NMethod: io.sirix.node.xml.TextNode.<init> (0x000074dd3ed13688) [0x000074dd3ed137a0, 0x000074dd3ed13af0] Compiler: jvmci, Barriers: 14, Oops: 1, ImmediateOops: 0, NonImmediateOops: No
[1,926s][debug][gc,nmethod     ] Register NMethod: io.sirix.utils.XMLToken.ncName (0x000074dd3ed13b08) [0x000074dd3ed13c00, 0x000074dd3ed13f50] Compiler: jvmci, Barriers: 0, Oops: 1, ImmediateOops: 0, NonImmediateOops: No
[1,930s][debug][gc,director    ] Rule Major: Warmup 10%, Used: 352MB, UsedThreshold: 1228MB
[1,931s][debug][gc,nmethod     ] Register NMethod: io.sirix.query.node.SubtreeBuilder.text (0x000074dd3ed13f88) [0x000074dd3ed14080, 0x000074dd3ed15540] Compiler: jvmci, Barriers: 30, Oops: 2, ImmediateOops: 3, NonImmediateOops: No
[1,936s][debug][gc,nmethod     ] Register NMethod: io.sirix.service.xml.shredder.AbstractShredder.processText (0x000074dd3ed15588) [0x000074dd3ed15680, 0x000074dd3ed16218] Compiler: jvmci, Barriers: 13, Oops: 1, ImmediateOops: 1, NonImmediateOops: No
[1,936s][debug][gc,nmethod     ] Register NMethod: io.brackit.query.node.parser.SAX2SubtreeHandlerAdapter.handleText (0x000074dd3ed16288) [0x000074dd3ed16380, 0x000074dd3ed17d98] Compiler: jvmci, Barriers: 36, Oops: 3, ImmediateOops: 3, NonImmediateOops: No
[1,936s][debug][gc,nmethod     ] Register NMethod: io.sirix.page.PageReference.getKey (0x000074dd3ed17e08) [0x000074dd3ed17f00, 0x000074dd3ed17fc0] Compiler: c1, Barriers: 0, Oops: 1, ImmediateOops: 0, NonImmediateOops: No
[1,938s][debug][gc,nmethod     ] Register NMethod: com.sun.org.apache.xerces.internal.util.NamespaceSupport.getURI (0x000074dd3ed18108) [0x000074dd3ed18200, 0x000074dd3ed183e8] Compiler: jvmci, Barriers: 2, Oops: 0, ImmediateOops: 0, NonImmediateOops: No
[1,938s][debug][gc,nmethod     ] Register NMethod: com.sun.org.apache.xerces.internal.impl.XMLEntityScanner.scanQName (0x000074dd3ed18408) [0x000074dd3ed18500, 0x000074dd3ed197d8] Compiler: jvmci, Barriers: 31, Oops: 1, ImmediateOops: 3, NonImmediateOops: No
[1,938s][debug][gc,nmethod     ] Register NMethod: java.util.BitSet.get (0x000074dd3ed19808) [0x000074dd3ed19900, 0x000074dd3ed19a88] Compiler: jvmci, Barriers: 1, Oops: 0, ImmediateOops: 0, NonImmediateOops: No
[1,938s][debug][gc,nmethod     ] Register NMethod: io.sirix.node.xml.ElementNode.getRightSiblingKey (0x000074dd3ed19b08) [0x000074dd3ed19c00, 0x000074dd3ed1a018] Compiler: jvmci, Barriers: 4, Oops: 3, ImmediateOops: 0, NonImmediateOops: No
[1,939s][debug][gc,nmethod     ] Register NMethod: org.magicwerk.brownies.collections.GapList.get (0x000074dd3ed1a088) [0x000074dd3ed1a180, 0x000074dd3ed1a318] Compiler: jvmci, Barriers: 2, Oops: 1, ImmediateOops: 0, NonImmediateOops: No
[1,939s][debug][gc,nmethod     ] Register NMethod: org.magicwerk.brownies.collections.GapList.doGet (0x000074dd3ed1a388) [0x000074dd3ed1a480, 0x000074dd3ed1a618] Compiler: jvmci, Barriers: 2, Oops: 1, ImmediateOops: 0, NonImmediateOops: No
[1,939s][debug][gc,nmethod     ] Register NMethod: java.util.BitSet.checkRange (0x000074dd3ed1a688) [0x000074dd3ed1a780, 0x000074dd3ed1a838] Compiler: jvmci, Barriers: 0, Oops: 0, ImmediateOops: 0, NonImmediateOops: No
[1,940s][debug][gc,nmethod     ] Register NMethod: java.lang.System$1.uncheckedDecodeASCII (0x000074dd1fce9008) [0x000074dd1fce9100, 0x000074dd1fce9240] Compiler: c1, Barriers: 0, Oops: 0, ImmediateOops: 0, NonImmediateOops: No
[1,940s][debug][gc,nmethod     ] Register NMethod: java.lang.String.decodeASCII (0x000074dd1fce9308) [0x000074dd1fce9400, 0x000074dd1fce9690] Compiler: c1, Barriers: 0, Oops: 0, ImmediateOops: 0, NonImmediateOops: No
[1,940s][debug][gc,nmethod     ] Register NMethod: sun.nio.cs.UTF_8$Decoder.decodeLoop (0x000074dd1fce9708) [0x000074dd1fce9800, 0x000074dd1fce9f88] Compiler: c1, Barriers: 2, Oops: 0, ImmediateOops: 0, NonImmediateOops: No
[1,940s][debug][gc,nmethod     ] Register NMethod: sun.nio.cs.UTF_8$Decoder.xflow (0x000074dd1fcea008) [0x000074dd1fcea100, 0x000074dd1fceab30] Compiler: c1, Barriers: 0, Oops: 0, ImmediateOops: 2, NonImmediateOops: No
[1,940s][debug][gc,nmethod     ] Register NMethod: java.util.BitSet.<init> (0x000074dd3ed1a988) [0x000074dd3ed1aa80, 0x000074dd3ed1ad40] Compiler: jvmci, Barriers: 3, Oops: 0, ImmediateOops: 0, NonImmediateOops: No
[1,941s][debug][gc,director    ] Rule Major: Warmup 10%, Used: 358MB, UsedThreshold: 1228MB
[1,941s][debug][gc,nmethod     ] Register NMethod: com.sun.org.apache.xerces.internal.impl.XMLEntityScanner.scanContent (0x000074dd3ed1ad88) [0x000074dd3ed1af20, 0x000074dd3ed1bb50] Compiler: jvmci, Barriers: 11, Oops: 0, ImmediateOops: 1, NonImmediateOops: No
[1,941s][debug][gc,nmethod     ] Register NMethod: java.nio.charset.CharsetDecoder.decode (0x000074dd1fceab88) [0x000074dd1fceac80, 0x000074dd1fcee170] Compiler: c1, Barriers: 6, Oops: 0, ImmediateOops: 5, NonImmediateOops: No
[1,941s][debug][gc,nmethod     ] Register NMethod: io.sirix.access.trx.page.NodePageReadOnlyTrx.loadPage (0x000074dd3ed1bb88) [0x000074dd3ed1bc80, 0x000074dd3ed1bd80] Compiler: jvmci, Barriers: 1, Oops: 1, ImmediateOops: 0, NonImmediateOops: No
[1,941s][debug][gc,nmethod     ] Register NMethod: java.util.BitSet.flip (0x000074dd3ed1be88) [0x000074dd3ed1bf80, 0x000074dd3ed1c238] Compiler: jvmci, Barriers: 1, Oops: 0, ImmediateOops: 0, NonImmediateOops: No
[1,942s][debug][gc,nmethod     ] Register NMethod: sun.nio.cs.UTF_8$Decoder.decodeArrayLoop (0x000074dd1fcee188) [0x000074dd1fcee280, 0x000074dd1fcf8170] Compiler: c1, Barriers: 2, Oops: 1, ImmediateOops: 10, NonImmediateOops: No
[1,942s][debug][gc,nmethod     ] Register NMethod: com.sun.org.apache.xerces.internal.impl.XMLEntityScanner.scanChar (0x000074dd3ed1c288) [0x000074dd3ed1c380, 0x000074dd3ed1c5a8] Compiler: jvmci, Barriers: 2, Oops: 0, ImmediateOops: 0, NonImmediateOops: No
[1,945s][debug][gc,nmethod     ] Register NMethod: com.github.benmanes.caffeine.cache.BoundedLocalCache$BoundedLocalManualCache.cache (0x000074dd1fcf8188) [0x000074dd1fcf8280, 0x000074dd1fcf83d8] Compiler: c1, Barriers: 1, Oops: 1, ImmediateOops: 0, NonImmediateOops: No
[1,945s][debug][gc,nmethod     ] Register NMethod: it.unimi.dsi.fastutil.ints.Int2IntOpenHashMap.put (0x000074dd3ed1c608) [0x000074dd3ed1c700, 0x000074dd3ed1c9f8] Compiler: jvmci, Barriers: 2, Oops: 1, ImmediateOops: 0, NonImmediateOops: No
[1,945s][debug][gc,alloc       ] Mutator Allocation Rate: 427,0MB/s Predicted: 600,2MB/s, Avg: 386,9(+/-124,7)MB/s
[1,945s][debug][gc,director    ] Rule Major: Warmup 10%, Used: 360MB, UsedThreshold: 1228MB
[1,945s][debug][gc,nmethod     ] Register NMethod: io.sirix.page.delegates.BitmapReferencesPage.index (0x000074dd3ed1ca08) [0x000074dd3ed1cb00, 0x000074dd3ed1d098] Compiler: jvmci, Barriers: 2, Oops: 2, ImmediateOops: 0, NonImmediateOops: No
[1,948s][debug][gc,nmethod     ] Register NMethod: io.sirix.cache.SegmentAllocators.getIndexForSize (0x000074dd1fcf8488) [0x000074dd1fcf8580, 0x000074dd1fcf8ab8] Compiler: c1, Barriers: 0, Oops: 1, ImmediateOops: 2, NonImmediateOops: No
[1,950s][debug][gc,nmethod     ] Register NMethod: io.sirix.page.delegates.BitmapReferencesPage.getOrCreateReference (0x000074dd3ed1d108) [0x000074dd3ed1d200, 0x000074dd3ed1d9e8] Compiler: jvmci, Barriers: 5, Oops: 2, ImmediateOops: 0, NonImmediateOops: No
[1,952s][debug][gc,nmethod     ] Register NMethod: io.sirix.page.NamePage.setName (0x000074dd3ed1da08) [0x000074dd3ed1db00, 0x000074dd3ed1ddd0] Compiler: jvmci, Barriers: 3, Oops: 1, ImmediateOops: 0, NonImmediateOops: No
[1,953s][debug][gc,nmethod     ] Register NMethod: io.sirix.access.trx.page.NodePageTrx.createNameKey (0x000074dd3ed1de08) [0x000074dd3ed1df00, 0x000074dd3ed1e870] Compiler: jvmci, Barriers: 16, Oops: 1, ImmediateOops: 0, NonImmediateOops: No
[1,954s][debug][gc,nmethod     ] Register NMethod: java.lang.String.<init> (0x000074dd3ed1e888) [0x000074dd3ed1e980, 0x000074dd3ed1f898] Compiler: jvmci, Barriers: 6, Oops: 0, ImmediateOops: 2, NonImmediateOops: No
[1,955s][debug][gc,nmethod     ] Register NMethod: io.sirix.index.path.summary.PathSummaryReader.putMapping (0x000074dd3ed1f908) [0x000074dd3ed1fa00, 0x000074dd3ed1fd18] Compiler: jvmci, Barriers: 4, Oops: 1, ImmediateOops: 0, NonImmediateOops: No
[1,955s][debug][gc,director    ] Rule Major: Warmup 10%, Used: 362MB, UsedThreshold: 1228MB
[1,955s][debug][gc,nmethod     ] Register NMethod: java.util.ArrayDeque.pollFirst (0x000074dd3ed1fd88) [0x000074dd3ed1fe80, 0x000074dd3ed20080] Compiler: jvmci, Barriers: 4, Oops: 0, ImmediateOops: 0, NonImmediateOops: No
[1,955s][debug][gc,nmethod     ] Register NMethod: java.util.ArrayList.getFirst (0x000074dd3ed20088) [0x000074dd3ed20180, 0x000074dd3ed202d8] Compiler: jvmci, Barriers: 2, Oops: 0, ImmediateOops: 0, NonImmediateOops: No
[1,956s][debug][gc,nmethod     ] Register NMethod: java.nio.charset.Charset.defaultCharset (0x000074dd3ed20388) [0x000074dd3ed20480, 0x000074dd3ed204f0] Compiler: jvmci, Barriers: 0, Oops: 0, ImmediateOops: 1, NonImmediateOops: No
[1,956s][debug][gc,nmethod     ] Register NMethod: io.sirix.axis.filter.FilterAxis.<init> (0x000074dd3ed20688) [0x000074dd3ed20780, 0x000074dd3ed21898] Compiler: jvmci, Barriers: 50, Oops: 1, ImmediateOops: 3, NonImmediateOops: No
[1,957s][debug][gc,nmethod     ] Register NMethod: com.sun.org.apache.xerces.internal.parsers.AbstractSAXParser$AttributesProxy.getLength (0x000074dd3ed21908) [0x000074dd3ed21a00, 0x000074dd3ed21b10] Compiler: jvmci, Barriers: 1, Oops: 0, ImmediateOops: 0, NonImmediateOops: No
[1,958s][debug][gc,nmethod     ] Register NMethod: java.util.ArrayList.grow (0x000074dd3ed21c08) [0x000074dd3ed21d00, 0x000074dd3ed222a8] Compiler: jvmci, Barriers: 13, Oops: 0, ImmediateOops: 1, NonImmediateOops: No
[1,961s][debug][gc,nmethod     ] Register NMethod: com.sun.org.apache.xerces.internal.impl.XMLDocumentFragmentScannerImpl.seekCloseOfStartTag (0x000074dd3ed22308) [0x000074dd3ed22400, 0x000074dd3ed23218] Compiler: jvmci, Barriers: 18, Oops: 1, ImmediateOops: 2, NonImmediateOops: No
[1,961s][debug][gc,nmethod     ] Register NMethod: io.sirix.utils.XMLToken.isValidQName (0x000074dd3ed23288) [0x000074dd3ed23380, 0x000074dd3ed238e8] Compiler: jvmci, Barriers: 4, Oops: 1, ImmediateOops: 0, NonImmediateOops: No
[1,962s][debug][gc,nmethod     ] Register NMethod: java.nio.Buffer.flip (0x000074dd1fcf8b08) [0x000074dd1fcf8c00, 0x000074dd1fcf8d18] Compiler: c1, Barriers: 0, Oops: 0, ImmediateOops: 0, NonImmediateOops: No
[1,962s][debug][gc,nmethod     ] Register NMethod: io.sirix.access.Utils.buildName (0x000074dd3ed23908) [0x000074dd3ed23a00, 0x000074dd3ed23b90] Compiler: jvmci, Barriers: 3, Oops: 1, ImmediateOops: 0, NonImmediateOops: No
[1,963s][debug][gc,nmethod     ] Register NMethod: java.io.FileInputStream.available0 (0x000074dd3ed23c08) [0x000074dd3ed23d00, 0x000074dd3ed23e58] Compiler: , Barriers: 0, Oops: 0, ImmediateOops: 0, NonImmediateOops: No
[1,964s][debug][gc,nmethod     ] Register NMethod: com.sun.org.apache.xerces.internal.impl.XMLEntityScanner.skipSpaces (0x000074dd3ed23f08) [0x000074dd3ed24000, 0x000074dd3ed24568] Compiler: jvmci, Barriers: 4, Oops: 0, ImmediateOops: 2, NonImmediateOops: No
[1,965s][debug][gc,director    ] Rule Major: Warmup 10%, Used: 368MB, UsedThreshold: 1228MB
[1,967s][debug][gc,nmethod     ] Register NMethod: java.util.concurrent.atomic.AtomicInteger.decrementAndGet (0x000074dd1fcf8e08) [0x000074dd1fcf8f00, 0x000074dd1fcf9010] Compiler: c1, Barriers: 0, Oops: 0, ImmediateOops: 0, NonImmediateOops: No
[1,969s][debug][gc,nmethod     ] Register NMethod: io.sirix.index.name.Names.setName (0x000074dd3ed24588) [0x000074dd3ed24680, 0x000074dd3ed26c48] Compiler: jvmci, Barriers: 60, Oops: 5, ImmediateOops: 2, NonImmediateOops: No
[1,971s][debug][gc,nmethod     ] Register NMethod: io.sirix.page.PageReference.hashCode (0x000074dd1fcf9108) [0x000074dd1fcf9200, 0x000074dd1fcfa280] Compiler: c1, Barriers: 13, Oops: 1, ImmediateOops: 1, NonImmediateOops: No
[1,974s][debug][gc,nmethod     ] Register NMethod: java.util.concurrent.ConcurrentHashMap$KeySetView.add (0x000074dd1fcfa308) [0x000074dd1fcfa400, 0x000074dd1fcfa8a8] Compiler: c1, Barriers: 2, Oops: 0, ImmediateOops: 0, NonImmediateOops: No
[1,974s][debug][gc,nmethod     ] Register NMethod: java.lang.invoke.VarHandleReferences$FieldInstanceReadWrite.setRelease (0x000074dd1fcfa908) [0x000074dd1fcfaa00, 0x000074dd1fcfbbb0] Compiler: c1, Barriers: 2, Oops: 1, ImmediateOops: 1, NonImmediateOops: No
[1,975s][debug][gc,director    ] Rule Major: Warmup 10%, Used: 374MB, UsedThreshold: 1228MB
[1,978s][debug][gc,nmethod     ] Register NMethod: com.sun.org.apache.xerces.internal.impl.XMLNSDocumentScannerImpl.scanStartElement (0x000074dd3ed26c88) [0x000074dd3ed26d80, 0x000074dd3ed29410] Compiler: jvmci, Barriers: 108, Oops: 2, ImmediateOops: 3, NonImmediateOops: No
[1,981s][debug][gc,nmethod     ] Register NMethod: io.sirix.axis.filter.PathNameFilter.<init> (0x000074dd3ed29488) [0x000074dd3ed29580, 0x000074dd3ed29890] Compiler: jvmci, Barriers: 4, Oops: 1, ImmediateOops: 0, NonImmediateOops: No
[1,983s][debug][gc,nmethod     ] Register NMethod: sun.nio.cs.StreamDecoder.ensureOpen (0x000074dd1fcfbc08) [0x000074dd1fcfbd00, 0x000074dd1fcfbec0] Compiler: c1, Barriers: 0, Oops: 0, ImmediateOops: 1, NonImmediateOops: No
[1,984s][debug][gc,nmethod     ] Register NMethod: io.sirix.node.xml.TextNode.computeHash (0x000074dd3ed29908) [0x000074dd3ed29a00, 0x000074dd3ed2d640] Compiler: jvmci, Barriers: 72, Oops: 9, ImmediateOops: 1, NonImmediateOops: No
[1,985s][debug][gc,nmethod     ] Register NMethod: io.sirix.access.trx.node.AbstractNodeHashing.rollingAdd (0x000074dd3ed2d708) [0x000074dd3ed2d800, 0x000074dd3ed3e6d0] Compiler: jvmci, Barriers: 422, Oops: 13, ImmediateOops: 2, NonImmediateOops: No
[1,985s][debug][gc,director    ] Rule Major: Warmup 10%, Used: 382MB, UsedThreshold: 1228MB
[1,986s][debug][gc,nmethod     ] Register NMethod: io.sirix.index.path.summary.PathSummaryReader.getLevel (0x000074dd3ed3e788) [0x000074dd3ed3e880, 0x000074dd3ed3e9a0] Compiler: jvmci, Barriers: 1, Oops: 1, ImmediateOops: 0, NonImmediateOops: No
[1,986s][debug][gc,nmethod     ] Register NMethod: io.sirix.node.immutable.xml.ImmutableElement.getKind (0x000074dd3ed3ea88) [0x000074dd3ed3eb80, 0x000074dd3ed3ec68] Compiler: jvmci, Barriers: 1, Oops: 1, ImmediateOops: 1, NonImmediateOops: No
[1,986s][debug][gc,nmethod     ] Register NMethod: java.util.concurrent.ConcurrentLinkedDeque.poll (0x000074dd1fcfbf08) [0x000074dd1fcfc000, 0x000074dd1fcfc148] Compiler: c1, Barriers: 0, Oops: 0, ImmediateOops: 0, NonImmediateOops: No
[1,986s][debug][gc,nmethod     ] Register NMethod: java.util.concurrent.ConcurrentLinkedDeque.first (0x000074dd1fcfc208) [0x000074dd1fcfc300, 0x000074dd1fcfc900] Compiler: c1, Barriers: 4, Oops: 1, ImmediateOops: 1, NonImmediateOops: No
[1,986s][debug][gc,nmethod     ] Register NMethod: java.util.ArrayDeque.isEmpty (0x000074dd3ed3ed88) [0x000074dd3ed3ee80, 0x000074dd3ed3ef40] Compiler: jvmci, Barriers: 0, Oops: 0, ImmediateOops: 0, NonImmediateOops: No
[1,986s][debug][gc,nmethod     ] Register NMethod: java.util.concurrent.ConcurrentLinkedDeque.pollFirst (0x000074dd1fcfc988) [0x000074dd1fcfca80, 0x000074dd1fcfe498] Compiler: c1, Barriers: 9, Oops: 6, ImmediateOops: 9, NonImmediateOops: No
[1,987s][debug][gc,nmethod     ] Register NMethod: java.util.concurrent.ConcurrentLinkedDeque.unlink (0x000074dd1fcfe508) [0x000074dd1fcfe600, 0x000074dd1fd01b78] Compiler: c1, Barriers: 14, Oops: 6, ImmediateOops: 20, NonImmediateOops: No
[1,987s][debug][gc,nmethod     ] Register NMethod: java.util.ArrayDeque.push (0x000074dd3ed3f088) [0x000074dd3ed3f180, 0x000074dd3ed3f388] Compiler: jvmci, Barriers: 4, Oops: 0, ImmediateOops: 0, NonImmediateOops: No
[1,988s][debug][gc,nmethod     ] Register NMethod: java.util.ArrayDeque.addFirst (0x000074dd3ed3f408) [0x000074dd3ed3f500, 0x000074dd3ed3f708] Compiler: jvmci, Barriers: 4, Oops: 0, ImmediateOops: 0, NonImmediateOops: No
[1,988s][debug][gc,nmethod     ] Register NMethod: java.util.ArrayDeque.pop (0x000074dd3ed3f788) [0x000074dd3ed3f880, 0x000074dd3ed3fa68] Compiler: jvmci, Barriers: 4, Oops: 0, ImmediateOops: 0, NonImmediateOops: No
[1,989s][debug][gc,nmethod     ] Register NMethod: io.sirix.cache.LinuxMemorySegmentAllocator.allocate (0x000074dd1fd01c08) [0x000074dd1fd01d20, 0x000074dd1fd0cce8] Compiler: c1, Barriers: 112, Oops: 10, ImmediateOops: 23, NonImmediateOops: No
[1,989s][debug][gc,nmethod     ] Register NMethod: io.sirix.index.path.summary.PathSummaryWriter.movePathSummary (0x000074dd3ed3fa88) [0x000074dd3ed3fb80, 0x000074dd3ed40ca8] Compiler: jvmci, Barriers: 29, Oops: 3, ImmediateOops: 6, NonImmediateOops: No
[1,990s][debug][gc,nmethod     ] Register NMethod: io.sirix.node.immutable.xml.ImmutableElement.getPathNodeKey (0x000074dd3ed40d08) [0x000074dd3ed40e00, 0x000074dd3ed41268] Compiler: jvmci, Barriers: 5, Oops: 3, ImmediateOops: 0, NonImmediateOops: No
[1,990s][debug][gc,nmethod     ] Register NMethod: io.sirix.index.path.summary.PathSummaryWriter.getPathNodeKey (0x000074dd3ed41288) [0x000074dd3ed41380, 0x000074dd3ed43228] Compiler: jvmci, Barriers: 64, Oops: 14, ImmediateOops: 2, NonImmediateOops: No
[1,991s][debug][gc,nmethod     ] Register NMethod: io.sirix.node.NullNode.<init> (0x000074dd1fd0cd88) [0x000074dd1fd0ce80, 0x000074dd1fd0d3b8] Compiler: c1, Barriers: 3, Oops: 1, ImmediateOops: 0, NonImmediateOops: No
[1,991s][debug][gc,nmethod     ] Register NMethod: com.sun.org.apache.xerces.internal.parsers.AbstractSAXParser.endNamespaceMapping (0x000074dd3ed43308) [0x000074dd3ed43400, 0x000074dd3ed435b8] Compiler: jvmci, Barriers: 2, Oops: 0, ImmediateOops: 0, NonImmediateOops: No
[1,991s][debug][gc,nmethod     ] Register NMethod: java.lang.String.<init> (0x000074dd3ed43608) [0x000074dd3ed43700, 0x000074dd3ed43860] Compiler: jvmci, Barriers: 4, Oops: 0, ImmediateOops: 0, NonImmediateOops: No
[1,992s][debug][gc,nmethod     ] Register NMethod: com.sun.org.apache.xerces.internal.impl.XMLDocumentFragmentScannerImpl.scanDocument (0x000074dd1fd0d408) [0x000074dd1fd0d500, 0x000074dd1fd100f8] Compiler: c1, Barriers: 29, Oops: 0, ImmediateOops: 0, NonImmediateOops: No
[1,992s][debug][gc,nmethod     ] Register NMethod: java.io.BufferedReader.read1 (0x000074dd1fd10108) [0x000074dd1fd10200, 0x000074dd1fd10a40] Compiler: c1, Barriers: 4, Oops: 0, ImmediateOops: 0, NonImmediateOops: No
[1,992s][debug][gc,nmethod     ] Register NMethod: java.nio.ByteBuffer.flip (0x000074dd1fd10a88) [0x000074dd1fd10b80, 0x000074dd1fd10cf8] Compiler: c1, Barriers: 0, Oops: 0, ImmediateOops: 0, NonImmediateOops: No
[1,993s][debug][gc,nmethod     ] Register NMethod: io.sirix.node.GrowingMemorySegment.toByteArray (0x000074dd3ed43908) [0x000074dd3ed43a00, 0x000074dd3ed43e90] Compiler: jvmci, Barriers: 4, Oops: 1, ImmediateOops: 0, NonImmediateOops: No
[1,993s][debug][gc,nmethod     ] Register NMethod: com.github.benmanes.caffeine.cache.NodeFactory.newLookupKey (0x000074dd1fd10d88) [0x000074dd1fd10e80, 0x000074dd1fd10f80] Compiler: c1, Barriers: 0, Oops: 1, ImmediateOops: 0, NonImmediateOops: No
[1,994s][debug][gc,nmethod     ] Register NMethod: com.sun.org.apache.xerces.internal.impl.XMLDocumentFragmentScannerImpl.scanDocument (0x000074dd1fd11088) [0x000074dd1fd11180, 0x000074dd1fd13c28] Compiler: c1, Barriers: 29, Oops: 0, ImmediateOops: 0, NonImmediateOops: No
[1,995s][debug][gc,director    ] Rule Major: Warmup 10%, Used: 388MB, UsedThreshold: 1228MB
[1,996s][debug][gc,nmethod     ] Register NMethod: io.sirix.access.trx.node.xml.XmlNodeFactoryImpl.createTextNode (0x000074dd3ed43f08) [0x000074dd3ed44000, 0x000074dd3ed47b60] Compiler: jvmci, Barriers: 163, Oops: 14, ImmediateOops: 10, NonImmediateOops: No
[1,999s][debug][gc,nmethod     ] Register NMethod: com.sun.org.apache.xerces.internal.parsers.AbstractSAXParser.startElement (0x000074dd3ed47c08) [0x000074dd3ed47d00, 0x000074dd3ed4b7b0] Compiler: jvmci, Barriers: 125, Oops: 6, ImmediateOops: 5, NonImmediateOops: No
[2,000s][debug][gc,nmethod     ] Register NMethod: io.sirix.query.node.SubtreeProcessor.notifyStartElement (0x000074dd3ed4b808) [0x000074dd3ed4b900, 0x000074dd3ed4ba30] Compiler: jvmci, Barriers: 1, Oops: 1, ImmediateOops: 0, NonImmediateOops: No
[2,000s][debug][gc,nmethod     ] Register NMethod: java.util.concurrent.ConcurrentHashMap.computeIfPresent (0x000074dd1fd13c88) [0x000074dd1fd13d80, 0x000074dd1fd16050] Compiler: c1, Barriers: 17, Oops: 0, ImmediateOops: 1, NonImmediateOops: No
[2,000s][debug][gc,nmethod     ] Register NMethod: io.sirix.query.node.SubtreeBuilder.startElement (0x000074dd3ed4bb08) [0x000074dd3ed4bc00, 0x000074dd3ed4d298] Compiler: jvmci, Barriers: 42, Oops: 2, ImmediateOops: 2, NonImmediateOops: No
[2,000s][debug][gc,nmethod     ] Register NMethod: io.sirix.node.xml.ElementNode.<init> (0x000074dd3ed4d308) [0x000074dd3ed4d400, 0x000074dd3ed4d880] Compiler: jvmci, Barriers: 19, Oops: 1, ImmediateOops: 1, NonImmediateOops: No
[2,001s][debug][gc,nmethod     ] Register NMethod: io.sirix.node.GrowingMemorySegment.<init> (0x000074dd1fd16088) [0x000074dd1fd16180, 0x000074dd1fd165f8] Compiler: c1, Barriers: 6, Oops: 1, ImmediateOops: 0, NonImmediateOops: No
[2,001s][debug][gc,nmethod     ] Register NMethod: jdk.internal.foreign.MemorySessionImpl.addInternal (0x000074dd1fd16608) [0x000074dd1fd16700, 0x000074dd1fd17670] Compiler: c1, Barriers: 4, Oops: 0, ImmediateOops: 2, NonImmediateOops: No
[2,001s][debug][gc,nmethod     ] Register NMethod: jdk.internal.foreign.ArenaImpl.allocate (0x000074dd1fd17688) [0x000074dd1fd17780, 0x000074dd1fd17a78] Compiler: c1, Barriers: 0, Oops: 0, ImmediateOops: 0, NonImmediateOops: No
[2,002s][debug][gc,nmethod     ] Register NMethod: net.jpountz.util.SafeUtils.checkRange (0x000074dd1fd17a88) [0x000074dd1fd17b80, 0x000074dd1fd17d80] Compiler: c1, Barriers: 0, Oops: 1, ImmediateOops: 0, NonImmediateOops: No
[2,002s][debug][gc,nmethod     ] Register NMethod: io.sirix.query.node.SubtreeProcessor.notifyEndElement (0x000074dd3ed4d908) [0x000074dd3ed4da00, 0x000074dd3ed4db30] Compiler: jvmci, Barriers: 1, Oops: 1, ImmediateOops: 0, NonImmediateOops: No
[2,002s][debug][gc,nmethod     ] Register NMethod: io.sirix.node.GrowingMemorySegment.writeLong (0x000074dd1fd17e08) [0x000074dd1fd17f00, 0x000074dd1fd18638] Compiler: c1, Barriers: 5, Oops: 4, ImmediateOops: 4, NonImmediateOops: No
[2,002s][debug][gc,nmethod     ] Register NMethod: io.sirix.page.KeyValueLeafPage.getLastIndex (0x000074dd1fd18688) [0x000074dd1fd18780, 0x000074dd1fd188d8] Compiler: c1, Barriers: 0, Oops: 1, ImmediateOops: 0, NonImmediateOops: No
[2,002s][debug][gc,nmethod     ] Register NMethod: io.sirix.node.MemorySegmentBytesOut.writeStopBit (0x000074dd1fd18988) [0x000074dd1fd18a80, 0x000074dd1fd18e48] Compiler: c1, Barriers: 2, Oops: 1, ImmediateOops: 0, NonImmediateOops: No
[2,003s][debug][gc,nmethod     ] Register NMethod: jdk.internal.foreign.SegmentFactories.allocateNativeInternal (0x000074dd1fd18e88) [0x000074dd1fd18f80, 0x000074dd1fd1c3c8] Compiler: c1, Barriers: 3, Oops: 3, ImmediateOops: 11, NonImmediateOops: No
[2,003s][debug][gc,nmethod     ] Register NMethod: io.sirix.node.MemorySegmentBytesOut.position (0x000074dd1fd1c408) [0x000074dd1fd1c500, 0x000074dd1fd1c650] Compiler: c1, Barriers: 1, Oops: 1, ImmediateOops: 0, NonImmediateOops: No
[2,004s][debug][gc,nmethod     ] Register NMethod: io.sirix.service.xml.shredder.AbstractShredder.processStartTag (0x000074dd3ed4dc08) [0x000074dd3ed4dd00, 0x000074dd3ed4eae0] Compiler: jvmci, Barriers: 14, Oops: 1, ImmediateOops: 2, NonImmediateOops: No
[2,006s][debug][gc,director    ] Rule Major: Warmup 10%, Used: 398MB, UsedThreshold: 1228MB
[2,006s][debug][gc,nmethod     ] Register NMethod: jdk.internal.foreign.ArenaImpl.allocate (0x000074dd1fd1c708) [0x000074dd1fd1c800, 0x000074dd1fd1c980] Compiler: c1, Barriers: 1, Oops: 0, ImmediateOops: 0, NonImmediateOops: No
[2,007s][debug][gc,nmethod     ] Register NMethod: io.sirix.node.json.JsonNodeSerializer.writeEndPadding (0x000074dd1fd1ca08) [0x000074dd1fd1cb00, 0x000074dd1fd1cda0] Compiler: c1, Barriers: 2, Oops: 1, ImmediateOops: 0, NonImmediateOops: No
[2,007s][debug][gc,nmethod     ] Register NMethod: io.brackit.query.node.parser.SAX2SubtreeHandlerAdapter.startElement (0x000074dd3ed4eb08) [0x000074dd3ed4ec00, 0x000074dd3ed52280] Compiler: jvmci, Barriers: 103, Oops: 6, ImmediateOops: 5, NonImmediateOops: No
[2,008s][debug][gc,nmethod     ] Register NMethod: io.sirix.page.KeyValueLeafPage.getAvailableSpace (0x000074dd1fd1ce08) [0x000074dd1fd1cf00, 0x000074dd1fd229c0] Compiler: c1, Barriers: 19, Oops: 7, ImmediateOops: 12, NonImmediateOops: No
[2,008s][debug][gc,nmethod     ] Register NMethod: io.sirix.node.MemorySegmentBytesOut.writePosition (0x000074dd1fd22a08) [0x000074dd1fd22b00, 0x000074dd1fd22cb0] Compiler: c1, Barriers: 1, Oops: 1, ImmediateOops: 0, NonImmediateOops: No
[2,008s][debug][gc,nmethod     ] Register NMethod: io.sirix.node.MemorySegmentBytesOut.position (0x000074dd1fd22d08) [0x000074dd1fd22e00, 0x000074dd1fd22f50] Compiler: c1, Barriers: 1, Oops: 1, ImmediateOops: 0, NonImmediateOops: No
[2,010s][debug][gc,nmethod     ] Register NMethod: io.sirix.node.MemorySegmentBytesOut.writePosition (0x000074dd1fd23008) [0x000074dd1fd23100, 0x000074dd1fd232b0] Compiler: c1, Barriers: 1, Oops: 1, ImmediateOops: 0, NonImmediateOops: No
[2,010s][debug][gc,nmethod     ] Register NMethod: java.lang.foreign.MemorySegment.copy (0x000074dd1fd23308) [0x000074dd1fd23400, 0x000074dd1fd33d08] Compiler: c1, Barriers: 39, Oops: 4, ImmediateOops: 41, NonImmediateOops: No
[2,010s][debug][gc,nmethod     ] Register NMethod: jdk.internal.foreign.MemorySessionImpl.checkValidStateRaw (0x000074dd3ed52308) [0x000074dd3ed52400, 0x000074dd3ed52578] Compiler: jvmci, Barriers: 2, Oops: 0, ImmediateOops: 0, NonImmediateOops: No
[2,011s][debug][gc,nmethod     ] Register NMethod: jdk.internal.foreign.SegmentBulkOperations.copy (0x000074dd1fd33d88) [0x000074dd1fd33e80, 0x000074dd1fd44340] Compiler: c1, Barriers: 39, Oops: 4, ImmediateOops: 41, NonImmediateOops: No
[2,011s][debug][gc,nmethod     ] Register NMethod: io.sirix.node.xml.TextNode.isCompressed (0x000074dd3ed52608) [0x000074dd3ed52700, 0x000074dd3ed527c0] Compiler: c1, Barriers: 0, Oops: 1, ImmediateOops: 0, NonImmediateOops: No
[2,012s][debug][gc,nmethod     ] Register NMethod: jdk.internal.foreign.AbstractMemorySegmentImpl.checkAccess (0x000074dd3ed52908) [0x000074dd3ed52a00, 0x000074dd3ed52b78] Compiler: jvmci, Barriers: 0, Oops: 0, ImmediateOops: 0, NonImmediateOops: No
[2,012s][debug][gc,nmethod     ] Register NMethod: io.sirix.node.GrowingMemorySegment.writeLong (0x000074dd3ed52c08) [0x000074dd3ed52d00, 0x000074dd3ed53288] Compiler: jvmci, Barriers: 5, Oops: 3, ImmediateOops: 0, NonImmediateOops: No
[2,012s][debug][gc,nmethod     ] Register NMethod: io.sirix.node.xml.TextNode.getLastModifiedRevisionNumber (0x000074dd1fd44388) [0x000074dd1fd44480, 0x000074dd1fd49470] Compiler: c1, Barriers: 19, Oops: 7, ImmediateOops: 11, NonImmediateOops: No
[2,013s][debug][gc,nmethod     ] Register NMethod: io.sirix.node.json.JsonNodeSerializer.updateSizePrefix (0x000074dd1fd49508) [0x000074dd1fd49600, 0x000074dd1fd498a0] Compiler: c1, Barriers: 2, Oops: 1, ImmediateOops: 0, NonImmediateOops: No
[2,013s][debug][gc,nmethod     ] Register NMethod: io.sirix.node.json.JsonNodeSerializer.writeSizePrefix (0x000074dd1fd49908) [0x000074dd1fd49a00, 0x000074dd1fd49d88] Compiler: c1, Barriers: 4, Oops: 1, ImmediateOops: 0, NonImmediateOops: No
[2,013s][debug][gc,nmethod     ] Register NMethod: io.sirix.node.NodeKind.writeHash (0x000074dd1fd49e08) [0x000074dd1fd49f00, 0x000074dd1fd4a070] Compiler: c1, Barriers: 1, Oops: 1, ImmediateOops: 0, NonImmediateOops: No
[2,013s][debug][gc,nmethod     ] Register NMethod: jdk.internal.misc.ScopedMemoryAccess.getLongUnaligned (0x000074dd3ed53308) [0x000074dd3ed53400, 0x000074dd3ed535c0] Compiler: jvmci, Barriers: 2, Oops: 0, ImmediateOops: 0, NonImmediateOops: No
[2,013s][debug][gc,nmethod     ] Register NMethod: io.sirix.node.xml.TextNode.getPreviousRevisionNumber (0x000074dd1fd4a108) [0x000074dd1fd4a200, 0x000074dd1fd4f1f0] Compiler: c1, Barriers: 19, Oops: 7, ImmediateOops: 11, NonImmediateOops: No
[2,013s][debug][gc,nmethod     ] Register NMethod: io.sirix.node.xml.ElementNode.getKind (0x000074dd1fd4f288) [0x000074dd1fd4f380, 0x000074dd1fd4f488] Compiler: c1, Barriers: 0, Oops: 1, ImmediateOops: 1, NonImmediateOops: No
[2,014s][debug][gc,nmethod     ] Register NMethod: io.sirix.node.xml.ElementNode.getLastModifiedRevisionNumber (0x000074dd1fd4f588) [0x000074dd1fd4f680, 0x000074dd1fd502c8] Compiler: c1, Barriers: 19, Oops: 5, ImmediateOops: 5, NonImmediateOops: No
[2,014s][debug][gc,nmethod     ] Register NMethod: io.sirix.node.GrowingMemorySegment.setPosition (0x000074dd3ed53608) [0x000074dd3ed53700, 0x000074dd3ed537c0] Compiler: c1, Barriers: 0, Oops: 1, ImmediateOops: 0, NonImmediateOops: No
[2,015s][debug][gc,nmethod     ] Register NMethod: io.sirix.node.xml.ElementNode.getAttributeKey (0x000074dd1fd50308) [0x000074dd1fd50400, 0x000074dd1fd505f8] Compiler: c1, Barriers: 1, Oops: 1, ImmediateOops: 1, NonImmediateOops: No
[2,015s][debug][gc,nmethod     ] Register NMethod: com.sun.org.apache.xerces.internal.impl.XMLEntityScanner.scanLiteral (0x000074dd3ed53908) [0x000074dd3ed53a00, 0x000074dd3ed548a0] Compiler: jvmci, Barriers: 10, Oops: 0, ImmediateOops: 1, NonImmediateOops: No
[2,020s][debug][gc,director    ] Rule Major: Warmup 10%, Used: 398MB, UsedThreshold: 1228MB
[2,022s][debug][gc,nmethod     ] Register NMethod: io.sirix.node.xml.ElementNode.getPreviousRevisionNumber (0x000074dd1fd50608) [0x000074dd1fd50700, 0x000074dd1fd51348] Compiler: c1, Barriers: 19, Oops: 5, ImmediateOops: 5, NonImmediateOops: No
[2,022s][debug][gc,nmethod     ] Register NMethod: io.sirix.node.json.JsonNodeSerializer.writeEndPadding (0x000074dd1fd51388) [0x000074dd1fd51480, 0x000074dd1fd518c8] Compiler: c1, Barriers: 2, Oops: 1, ImmediateOops: 0, NonImmediateOops: No
[2,022s][debug][gc,nmethod     ] Register NMethod: io.sirix.node.xml.AttributeNode.getKind (0x000074dd1fd51908) [0x000074dd1fd51a00, 0x000074dd1fd51b08] Compiler: c1, Barriers: 0, Oops: 1, ImmediateOops: 1, NonImmediateOops: No
[2,022s][debug][gc,nmethod     ] Register NMethod: io.sirix.node.xml.AttributeNode.isCompressed (0x000074dd3ed54908) [0x000074dd3ed54a00, 0x000074dd3ed54ac0] Compiler: c1, Barriers: 0, Oops: 1, ImmediateOops: 0, NonImmediateOops: No
[2,022s][debug][gc,nmethod     ] Register NMethod: java.lang.invoke.VarHandleGuards.guard_LJ_I (0x000074dd3ed54c08) [0x000074dd3ed54d00, 0x000074dd3ed55440] Compiler: jvmci, Barriers: 23, Oops: 0, ImmediateOops: 5, NonImmediateOops: No
[2,025s][debug][gc,nmethod     ] Register NMethod: jdk.internal.misc.ScopedMemoryAccess.putLongUnaligned (0x000074dd3ed55488) [0x000074dd3ed55580, 0x000074dd3ed55740] Compiler: jvmci, Barriers: 2, Oops: 0, ImmediateOops: 0, NonImmediateOops: No
[2,026s][debug][gc,nmethod     ] Register NMethod: io.sirix.page.KeyValueLeafPage.alignOffset (0x000074dd3ed55788) [0x000074dd3ed55880, 0x000074dd3ed558e8] Compiler: jvmci, Barriers: 0, Oops: 1, ImmediateOops: 0, NonImmediateOops: No
[2,026s][debug][gc,nmethod     ] Register NMethod: io.sirix.node.MemorySegmentBytesOut.writeLong (0x000074dd3ed55a88) [0x000074dd3ed55b80, 0x000074dd3ed56190] Compiler: jvmci, Barriers: 6, Oops: 3, ImmediateOops: 0, NonImmediateOops: No
[2,027s][debug][gc,nmethod     ] Register NMethod: io.sirix.node.NodeKind$4.serialize (0x000074dd1fd51c08) [0x000074dd1fd51d00, 0x000074dd1fd6c478] Compiler: c1, Barriers: 110, Oops: 13, ImmediateOops: 55, NonImmediateOops: No
[2,027s][debug][gc,nmethod     ] Register NMethod: java.lang.invoke.VarHandleSegmentAsInts.get (0x000074dd3ed56208) [0x000074dd3ed56300, 0x000074dd3ed56b40] Compiler: jvmci, Barriers: 5, Oops: 0, ImmediateOops: 0, NonImmediateOops: No
[2,027s][debug][gc,nmethod     ] Register NMethod: io.sirix.node.xml.AttributeNode.getPreviousRevisionNumber (0x000074dd1fd6c508) [0x000074dd1fd6c600, 0x000074dd1fd6d248] Compiler: c1, Barriers: 19, Oops: 5, ImmediateOops: 5, NonImmediateOops: No
[2,027s][debug][gc,nmethod     ] Register NMethod: io.sirix.node.NodeKind$2.serialize (0x000074dd1fd6d288) [0x000074dd1fd6d380, 0x000074dd1fd728f8] Compiler: c1, Barriers: 145, Oops: 11, ImmediateOops: 35, NonImmediateOops: No
[2,027s][debug][gc,nmethod     ] Register NMethod: io.sirix.node.json.JsonNodeSerializer.updateSizePrefix (0x000074dd1fd72988) [0x000074dd1fd72a80, 0x000074dd1fd730f0] Compiler: c1, Barriers: 2, Oops: 1, ImmediateOops: 0, NonImmediateOops: No
[2,028s][debug][gc,nmethod     ] Register NMethod: io.sirix.node.GrowingMemorySegment.grow (0x000074dd1fd73108) [0x000074dd1fd73200, 0x000074dd1fd84048] Compiler: c1, Barriers: 44, Oops: 5, ImmediateOops: 42, NonImmediateOops: No
[2,028s][debug][gc,nmethod     ] Register NMethod: io.sirix.node.xml.ElementNode.getKind (0x000074dd1fd84088) [0x000074dd1fd84180, 0x000074dd1fd844a0] Compiler: c1, Barriers: 0, Oops: 1, ImmediateOops: 1, NonImmediateOops: No
[2,029s][debug][gc,nmethod     ] Register NMethod: io.sirix.node.NodeKind$1.serialize (0x000074dd1fd84508) [0x000074dd1fd84600, 0x000074dd1fd8d0c0] Compiler: c1, Barriers: 235, Oops: 15, ImmediateOops: 58, NonImmediateOops: No
[2,029s][debug][gc,nmethod     ] Register NMethod: io.sirix.node.NodeKind.writeHash (0x000074dd1fd8d188) [0x000074dd1fd8d280, 0x000074dd1fd8d470] Compiler: c1, Barriers: 1, Oops: 1, ImmediateOops: 0, NonImmediateOops: No
[2,029s][debug][gc,nmethod     ] Register NMethod: io.sirix.node.Utils.putVarLong (0x000074dd1fd8d488) [0x000074dd1fd8d580, 0x000074dd1fd8d6b0] Compiler: c1, Barriers: 0, Oops: 1, ImmediateOops: 0, NonImmediateOops: No
[2,029s][debug][gc,nmethod     ] Register NMethod: jdk.internal.foreign.ConfinedSession$ConfinedResourceList.add (0x000074dd1fd8d788) [0x000074dd1fd8d880, 0x000074dd1fd8dc48] Compiler: c1, Barriers: 11, Oops: 0, ImmediateOops: 2, NonImmediateOops: No
[2,029s][debug][gc,nmethod     ] Register NMethod: io.sirix.node.json.JsonNodeSerializer.writeSizePrefix (0x000074dd1fd8dc88) [0x000074dd1fd8dd80, 0x000074dd1fd8e3a8] Compiler: c1, Barriers: 4, Oops: 1, ImmediateOops: 0, NonImmediateOops: No
[2,030s][debug][gc,nmethod     ] Register NMethod: io.sirix.node.xml.ElementNode.getLastModifiedRevisionNumber (0x000074dd1fd8e408) [0x000074dd1fd8e500, 0x000074dd1fd934f0] Compiler: c1, Barriers: 19, Oops: 7, ImmediateOops: 11, NonImmediateOops: No
[2,030s][debug][gc,nmethod     ] Register NMethod: io.sirix.node.AbstractForwardingNode.getNodeDelegate (0x000074dd1fd93588) [0x000074dd1fd93680, 0x000074dd1fd937a0] Compiler: c1, Barriers: 0, Oops: 1, ImmediateOops: 0, NonImmediateOops: No
[2,030s][debug][gc,nmethod     ] Register NMethod: io.sirix.node.NodeKind.serializeDelegateWithoutIDs (0x000074dd1fd93888) [0x000074dd1fd93980, 0x000074dd1fd93c08] Compiler: c1, Barriers: 2, Oops: 1, ImmediateOops: 0, NonImmediateOops: No
[2,030s][debug][gc,nmethod     ] Register NMethod: io.sirix.node.xml.AbstractStructForwardingNode.getStructNodeDelegate (0x000074dd1fd93c88) [0x000074dd1fd93d80, 0x000074dd1fd93ea0] Compiler: c1, Barriers: 0, Oops: 1, ImmediateOops: 0, NonImmediateOops: No
[2,030s][debug][gc,director    ] Rule Major: Warmup 10%, Used: 398MB, UsedThreshold: 1228MB
[2,031s][debug][gc,nmethod     ] Register NMethod: io.sirix.node.NodeKind.serializeStructDelegate (0x000074dd1fd93f88) [0x000074dd1fd94080, 0x000074dd1fd945f8] Compiler: c1, Barriers: 7, Oops: 1, ImmediateOops: 5, NonImmediateOops: No
[2,031s][debug][gc,nmethod     ] Register NMethod: io.sirix.index.path.summary.PathNode.getKind (0x000074dd1fd94608) [0x000074dd1fd94700, 0x000074dd1fd94808] Compiler: c1, Barriers: 0, Oops: 1, ImmediateOops: 1, NonImmediateOops: No
[2,031s][debug][gc,nmethod     ] Register NMethod: io.sirix.index.path.summary.PathNode.getKind (0x000074dd1fd94908) [0x000074dd1fd94a00, 0x000074dd1fd94b08] Compiler: c1, Barriers: 0, Oops: 1, ImmediateOops: 1, NonImmediateOops: No
[2,031s][debug][gc,nmethod     ] Register NMethod: io.sirix.node.delegates.NameNodeDelegate.getPathNodeKey (0x000074dd3ed56b88) [0x000074dd3ed56c80, 0x000074dd3ed56d40] Compiler: c1, Barriers: 0, Oops: 1, ImmediateOops: 0, NonImmediateOops: No
[2,031s][debug][gc,nmethod     ] Register NMethod: io.sirix.index.path.summary.PathNode.getReferences (0x000074dd3ed56e88) [0x000074dd3ed56f80, 0x000074dd3ed57040] Compiler: c1, Barriers: 0, Oops: 1, ImmediateOops: 0, NonImmediateOops: No
[2,031s][debug][gc,nmethod     ] Register NMethod: io.sirix.index.path.summary.PathNode.getNameNodeDelegate (0x000074dd3ed57188) [0x000074dd3ed57280, 0x000074dd3ed57368] Compiler: c1, Barriers: 1, Oops: 1, ImmediateOops: 0, NonImmediateOops: No
[2,031s][debug][gc,nmethod     ] Register NMethod: io.sirix.node.delegates.StructNodeDelegate.getLastChildKey (0x000074dd3ed57488) [0x000074dd3ed57580, 0x000074dd3ed57640] Compiler: c1, Barriers: 0, Oops: 1, ImmediateOops: 0, NonImmediateOops: No
[2,032s][debug][gc,nmethod     ] Register NMethod: io.sirix.node.delegates.StructNodeDelegate.getChildCount (0x000074dd3ed57788) [0x000074dd3ed57880, 0x000074dd3ed57940] Compiler: c1, Barriers: 0, Oops: 1, ImmediateOops: 0, NonImmediateOops: No
[2,032s][debug][gc,nmethod     ] Register NMethod: io.sirix.page.KeyValueLeafPage.hasEnoughSpace (0x000074dd1fd94c08) [0x000074dd1fd94d00, 0x000074dd1fd94e68] Compiler: c1, Barriers: 0, Oops: 1, ImmediateOops: 0, NonImmediateOops: No
[2,032s][debug][gc,nmethod     ] Register NMethod: io.sirix.node.MemorySegmentBytesOut.<init> (0x000074dd1fd94f08) [0x000074dd1fd95000, 0x000074dd1fd95210] Compiler: c1, Barriers: 3, Oops: 1, ImmediateOops: 0, NonImmediateOops: No
[2,032s][debug][gc,nmethod     ] Register NMethod: io.sirix.node.NodeSerializerImpl.serialize (0x000074dd1fd95288) [0x000074dd1fd95380, 0x000074dd1fd955d8] Compiler: c1, Barriers: 1, Oops: 1, ImmediateOops: 0, NonImmediateOops: No
[2,033s][debug][gc,nmethod     ] Register NMethod: io.sirix.node.delegates.NameNodeDelegate.getURIKey (0x000074dd3ed57a88) [0x000074dd3ed57b80, 0x000074dd3ed57c40] Compiler: c1, Barriers: 0, Oops: 1, ImmediateOops: 0, NonImmediateOops: No
[2,033s][debug][gc,nmethod     ] Register NMethod: io.sirix.page.KeyValueLeafPage.setSlot (0x000074dd1fd95608) [0x000074dd1fd95700, 0x000074dd1fd95888] Compiler: c1, Barriers: 2, Oops: 1, ImmediateOops: 0, NonImmediateOops: No
[2,033s][debug][gc,nmethod     ] Register NMethod: io.sirix.page.KeyValueLeafPage.updateLastSlotIndex (0x000074dd1fd95908) [0x000074dd1fd95a00, 0x000074dd1fd95ca0] Compiler: c1, Barriers: 2, Oops: 1, ImmediateOops: 0, NonImmediateOops: No
[2,033s][debug][gc,nmethod     ] Register NMethod: jdk.internal.foreign.AbstractMemorySegmentImpl.overlaps (0x000074dd1fd95d08) [0x000074dd1fd95e00, 0x000074dd1fd96050] Compiler: c1, Barriers: 0, Oops: 0, ImmediateOops: 0, NonImmediateOops: No
[2,033s][debug][gc,nmethod     ] Register NMethod: io.sirix.page.KeyValueLeafPage.updateFreeSpaceStart (0x000074dd1fd96088) [0x000074dd1fd96180, 0x000074dd1fd96330] Compiler: c1, Barriers: 0, Oops: 1, ImmediateOops: 0, NonImmediateOops: No
[2,033s][debug][gc,nmethod     ] Register NMethod: io.sirix.node.MemorySegmentBytesOut.writeByte (0x000074dd3ed57d88) [0x000074dd3ed57e80, 0x000074dd3ed58480] Compiler: jvmci, Barriers: 6, Oops: 2, ImmediateOops: 0, NonImmediateOops: No
[2,033s][debug][gc,nmethod     ] Register NMethod: io.sirix.page.KeyValueLeafPage.findFreeSpaceForSlots (0x000074dd1fd96388) [0x000074dd1fd96480, 0x000074dd1fd968a8] Compiler: c1, Barriers: 4, Oops: 1, ImmediateOops: 0, NonImmediateOops: No
[2,034s][debug][gc,nmethod     ] Register NMethod: io.sirix.node.NodeKind.serializeNameDelegate (0x000074dd1fd96908) [0x000074dd1fd96a00, 0x000074dd1fd96d18] Compiler: c1, Barriers: 3, Oops: 1, ImmediateOops: 0, NonImmediateOops: No
[2,034s][debug][gc,nmethod     ] Register NMethod: jdk.internal.misc.Unsafe.freeMemory0 (0x000074dd3ed58508) [0x000074dd3ed58600, 0x000074dd3ed58748] Compiler: , Barriers: 0, Oops: 0, ImmediateOops: 0, NonImmediateOops: No
[2,034s][debug][gc,nmethod     ] Register NMethod: io.sirix.node.xml.TextNode.getKind (0x000074dd1fd96d88) [0x000074dd1fd96e80, 0x000074dd1fd96f88] Compiler: c1, Barriers: 0, Oops: 1, ImmediateOops: 1, NonImmediateOops: No
[2,034s][debug][gc,nmethod     ] Register NMethod: io.sirix.node.delegates.NodeDelegate.getLastModifiedRevisionNumber (0x000074dd3ed58808) [0x000074dd3ed58900, 0x000074dd3ed589c0] Compiler: c1, Barriers: 0, Oops: 1, ImmediateOops: 0, NonImmediateOops: No
[2,034s][debug][gc,nmethod     ] Register NMethod: io.sirix.node.xml.ElementNode.getNamespaceCount (0x000074dd1fd97088) [0x000074dd1fd97180, 0x000074dd1fd972e0] Compiler: c1, Barriers: 1, Oops: 1, ImmediateOops: 0, NonImmediateOops: No
[2,034s][debug][gc,nmethod     ] Register NMethod: jdk.internal.misc.Unsafe.putShortUnaligned (0x000074dd1fd97388) [0x000074dd1fd97480, 0x000074dd1fd975f8] Compiler: c1, Barriers: 0, Oops: 0, ImmediateOops: 0, NonImmediateOops: No
[2,034s][debug][gc,nmethod     ] Register NMethod: jdk.internal.misc.Unsafe.putShortUnaligned (0x000074dd1fd97688) [0x000074dd1fd97780, 0x000074dd1fd978b8] Compiler: c1, Barriers: 0, Oops: 0, ImmediateOops: 0, NonImmediateOops: No
[2,035s][debug][gc,nmethod     ] Register NMethod: jdk.internal.foreign.MemorySessionImpl$ResourceList.cleanupSingle (0x000074dd1fd97988) [0x000074dd1fd97a80, 0x000074dd1fd97c08] Compiler: c1, Barriers: 0, Oops: 0, ImmediateOops: 0, NonImmediateOops: No
[2,035s][debug][gc,nmethod     ] Register NMethod: jdk.internal.misc.Unsafe.freeMemory (0x000074dd1fd97c88) [0x000074dd1fd97d80, 0x000074dd1fd97f20] Compiler: c1, Barriers: 0, Oops: 0, ImmediateOops: 0, NonImmediateOops: No
[2,035s][debug][gc,nmethod     ] Register NMethod: jdk.internal.misc.Unsafe.freeMemoryChecks (0x000074dd1fd97f88) [0x000074dd1fd98080, 0x000074dd1fd98188] Compiler: c1, Barriers: 0, Oops: 0, ImmediateOops: 0, NonImmediateOops: No
[2,035s][debug][gc,nmethod     ] Register NMethod: io.sirix.node.NodeKind$13.serialize (0x000074dd1fd98288) [0x000074dd1fd98380, 0x000074dd1fd987f8] Compiler: c1, Barriers: 7, Oops: 1, ImmediateOops: 0, NonImmediateOops: No
[2,037s][debug][gc,nmethod     ] Register NMethod: io.sirix.node.GrowingMemorySegment.ensureCapacity (0x000074dd3ed58b08) [0x000074dd3ed58c00, 0x000074dd3ed58ce0] Compiler: jvmci, Barriers: 0, Oops: 1, ImmediateOops: 0, NonImmediateOops: No
[2,037s][debug][gc,nmethod     ] Register NMethod: io.sirix.node.delegates.NodeDelegate.getPreviousRevisionNumber (0x000074dd3ed58e08) [0x000074dd3ed58f00, 0x000074dd3ed58fc0] Compiler: c1, Barriers: 0, Oops: 1, ImmediateOops: 0, NonImmediateOops: No
[2,037s][debug][gc,nmethod     ] Register NMethod: jdk.internal.foreign.MemorySessionImpl$ResourceList.cleanupSingle (0x000074dd1fd98808) [0x000074dd1fd98900, 0x000074dd1fd98ea8] Compiler: c1, Barriers: 0, Oops: 0, ImmediateOops: 0, NonImmediateOops: No
[2,038s][debug][gc,nmethod     ] Register NMethod: jdk.internal.misc.Unsafe.freeMemory (0x000074dd1fd98f08) [0x000074dd1fd99000, 0x000074dd1fd992c8] Compiler: c1, Barriers: 0, Oops: 0, ImmediateOops: 0, NonImmediateOops: No
[2,038s][debug][gc,nmethod     ] Register NMethod: io.sirix.node.SirixDeweyID.setDivisionBitArray (0x000074dd1fd99308) [0x000074dd1fd99400, 0x000074dd1fd998c8] Compiler: c1, Barriers: 2, Oops: 1, ImmediateOops: 5, NonImmediateOops: No
[2,038s][debug][gc,nmethod     ] Register NMethod: io.sirix.node.AbstractForwardingNode.getDeweyID (0x000074dd1fd99908) [0x000074dd1fd99a00, 0x000074dd1fd99e68] Compiler: c1, Barriers: 6, Oops: 1, ImmediateOops: 0, NonImmediateOops: No
[2,038s][debug][gc,nmethod     ] Register NMethod: jdk.internal.foreign.HeapMemorySegmentImpl$OfByte.unsafeGetBase (0x000074dd1fd99e88) [0x000074dd1fd99f80, 0x000074dd1fd9a188] Compiler: c1, Barriers: 1, Oops: 0, ImmediateOops: 0, NonImmediateOops: No
[2,038s][debug][gc,nmethod     ] Register NMethod: jdk.internal.foreign.HeapMemorySegmentImpl$OfByte.unsafeGetBase (0x000074dd1fd9a208) [0x000074dd1fd9a300, 0x000074dd1fd9a508] Compiler: c1, Barriers: 1, Oops: 0, ImmediateOops: 0, NonImmediateOops: No
[2,038s][debug][gc,nmethod     ] Register NMethod: jdk.internal.foreign.HeapMemorySegmentImpl.unsafeGetOffset (0x000074dd3ed59108) [0x000074dd3ed59200, 0x000074dd3ed592c0] Compiler: c1, Barriers: 0, Oops: 0, ImmediateOops: 0, NonImmediateOops: No
[2,038s][debug][gc,nmethod     ] Register NMethod: jdk.internal.foreign.HeapMemorySegmentImpl$OfByte.unsafeGetOffset (0x000074dd1fd9a588) [0x000074dd1fd9a680, 0x000074dd1fd9a780] Compiler: c1, Barriers: 0, Oops: 0, ImmediateOops: 0, NonImmediateOops: No
[2,038s][debug][gc,nmethod     ] Register NMethod: java.lang.foreign.MemorySegment.ofArray (0x000074dd1fd9a888) [0x000074dd1fd9a980, 0x000074dd1fd9aa78] Compiler: c1, Barriers: 0, Oops: 0, ImmediateOops: 0, NonImmediateOops: No
[2,039s][debug][gc,nmethod     ] Register NMethod: jdk.internal.foreign.SegmentFactories.fromArray (0x000074dd1fd9ab88) [0x000074dd1fd9ac80, 0x000074dd1fd9b078] Compiler: c1, Barriers: 3, Oops: 0, ImmediateOops: 0, NonImmediateOops: No
[2,039s][debug][gc,nmethod     ] Register NMethod: jdk.internal.foreign.MemorySessionImpl.createHeap (0x000074dd1fd9b088) [0x000074dd1fd9b180, 0x000074dd1fd9b3f8] Compiler: c1, Barriers: 3, Oops: 0, ImmediateOops: 0, NonImmediateOops: No
[2,039s][debug][gc,nmethod     ] Register NMethod: jdk.internal.foreign.GlobalSession$HeapSession.<init> (0x000074dd1fd9b408) [0x000074dd1fd9b500, 0x000074dd1fd9b830] Compiler: c1, Barriers: 9, Oops: 0, ImmediateOops: 0, NonImmediateOops: No
[2,039s][debug][gc,nmethod     ] Register NMethod: jdk.internal.foreign.HeapMemorySegmentImpl$OfByte.<init> (0x000074dd1fd9b888) [0x000074dd1fd9b980, 0x000074dd1fd9bb80] Compiler: c1, Barriers: 6, Oops: 0, ImmediateOops: 0, NonImmediateOops: No
[2,039s][debug][gc,nmethod     ] Register NMethod: jdk.internal.foreign.HeapMemorySegmentImpl.<init> (0x000074dd1fd9bb88) [0x000074dd1fd9bc80, 0x000074dd1fd9be70] Compiler: c1, Barriers: 6, Oops: 0, ImmediateOops: 0, NonImmediateOops: No
[2,039s][debug][gc,nmethod     ] Register NMethod: jdk.internal.foreign.layout.MemoryLayoutUtil.requireByteSizeValid (0x000074dd1fd9be88) [0x000074dd1fd9bf80, 0x000074dd1fd9c320] Compiler: c1, Barriers: 0, Oops: 0, ImmediateOops: 2, NonImmediateOops: No
[2,040s][debug][gc,nmethod     ] Register NMethod: jdk.internal.foreign.layout.AbstractLayout.requirePowerOfTwoAndGreaterOrEqualToOne (0x000074dd1fd9c388) [0x000074dd1fd9c480, 0x000074dd1fd9c828] Compiler: c1, Barriers: 0, Oops: 0, ImmediateOops: 2, NonImmediateOops: No
[2,040s][debug][gc,nmethod     ] Register NMethod: jdk.internal.foreign.MemorySessionImpl.addInternal (0x000074dd3ed59408) [0x000074dd3ed59500, 0x000074dd3ed59a88] Compiler: jvmci, Barriers: 23, Oops: 0, ImmediateOops: 1, NonImmediateOops: No
[2,041s][debug][gc,director    ] Rule Major: Warmup 10%, Used: 400MB, UsedThreshold: 1228MB
[2,042s][debug][gc,nmethod     ] Register NMethod: jdk.internal.foreign.SegmentFactories$1.cleanup (0x000074dd1fd9c888) [0x000074dd1fd9c980, 0x000074dd1fd9cb48] Compiler: c1, Barriers: 0, Oops: 1, ImmediateOops: 2, NonImmediateOops: No
[2,042s][debug][gc,nmethod     ] Register NMethod: io.sirix.node.SirixDeweyID.getDivisionBits (0x000074dd1fd9cb88) [0x000074dd1fd9cc80, 0x000074dd1fd9d100] Compiler: c1, Barriers: 1, Oops: 1, ImmediateOops: 17, NonImmediateOops: No
[2,043s][debug][gc,nmethod     ] Register NMethod: io.sirix.node.SirixDeweyID.setDivisionBitArray (0x000074dd1fd9d188) [0x000074dd1fd9d280, 0x000074dd1fd9da28] Compiler: c1, Barriers: 2, Oops: 1, ImmediateOops: 5, NonImmediateOops: No
[2,043s][debug][gc,nmethod     ] Register NMethod: io.sirix.node.SirixDeweyID.toBytes (0x000074dd1fd9da88) [0x000074dd1fd9db80, 0x000074dd1fd9dcd0] Compiler: c1, Barriers: 1, Oops: 1, ImmediateOops: 0, NonImmediateOops: No
[2,043s][debug][gc,nmethod     ] Register NMethod: jdk.internal.foreign.layout.ValueLayouts$OfByteImpl.<init> (0x000074dd1fd9dd88) [0x000074dd1fd9de80, 0x000074dd1fd9dfb8] Compiler: c1, Barriers: 0, Oops: 0, ImmediateOops: 1, NonImmediateOops: No
[2,044s][debug][gc,nmethod     ] Register NMethod: io.sirix.node.SirixDeweyID.setDivisionBitArray (0x000074dd1fd9e088) [0x000074dd1fd9e180, 0x000074dd1fd9e7b0] Compiler: c1, Barriers: 2, Oops: 1, ImmediateOops: 5, NonImmediateOops: No
[2,044s][debug][gc,nmethod     ] Register NMethod: io.sirix.node.SirixDeweyID.getDivisionBits (0x000074dd1fd9e808) [0x000074dd1fd9e900, 0x000074dd1fd9ee98] Compiler: c1, Barriers: 1, Oops: 1, ImmediateOops: 17, NonImmediateOops: No
[2,044s][debug][gc,nmethod     ] Register NMethod: jdk.internal.foreign.HeapMemorySegmentImpl$OfByte.unsafeGetBase (0x000074dd1fd9ef08) [0x000074dd1fd9f000, 0x000074dd1fd9f690] Compiler: c1, Barriers: 1, Oops: 0, ImmediateOops: 0, NonImmediateOops: No
[2,045s][debug][gc,nmethod     ] Register NMethod: jdk.internal.foreign.ArenaImpl.allocate (0x000074dd3ed59b08) [0x000074dd3ed59c00, 0x000074dd3ed5a788] Compiler: jvmci, Barriers: 26, Oops: 1, ImmediateOops: 6, NonImmediateOops: No
[2,047s][debug][gc,nmethod     ] Register NMethod: jdk.internal.foreign.HeapMemorySegmentImpl$OfByte.unsafeGetOffset (0x000074dd1fd9f708) [0x000074dd1fd9f800, 0x000074dd1fd9f918] Compiler: c1, Barriers: 0, Oops: 0, ImmediateOops: 0, NonImmediateOops: No
[2,048s][debug][gc,nmethod     ] Register NMethod: jdk.internal.foreign.HeapMemorySegmentImpl$OfByte.<init> (0x000074dd1fd9fa08) [0x000074dd1fd9fb00, 0x000074dd1fd9fe18] Compiler: c1, Barriers: 6, Oops: 0, ImmediateOops: 0, NonImmediateOops: No
[2,048s][debug][gc,nmethod     ] Register NMethod: jdk.internal.foreign.SegmentFactories.fromArray (0x000074dd1fd9fe88) [0x000074dd1fd9ff80, 0x000074dd1fda0a80] Compiler: c1, Barriers: 3, Oops: 0, ImmediateOops: 1, NonImmediateOops: No
[2,049s][debug][gc,nmethod     ] Register NMethod: sun.security.provider.SHA2.implCompress0 (0x000074dd1fda0a88) [0x000074dd1fda0b80, 0x000074dd1fda13f0] Compiler: c1, Barriers: 8, Oops: 0, ImmediateOops: 1, NonImmediateOops: No
[2,049s][debug][gc,nmethod     ] Register NMethod: jdk.internal.foreign.layout.AbstractLayout.<init> (0x000074dd1fda1408) [0x000074dd1fda1500, 0x000074dd1fda1790] Compiler: c1, Barriers: 3, Oops: 0, ImmediateOops: 0, NonImmediateOops: No
[2,049s][debug][gc,nmethod     ] Register NMethod: jdk.internal.foreign.Utils.isPowerOfTwo (0x000074dd1fda1808) [0x000074dd1fda1900, 0x000074dd1fda1a08] Compiler: c1, Barriers: 0, Oops: 0, ImmediateOops: 0, NonImmediateOops: No
[2,049s][debug][gc,nmethod     ] Register NMethod: jdk.internal.foreign.layout.ValueLayouts$AbstractValueLayout.<init> (0x000074dd1fda1b08) [0x000074dd1fda1c00, 0x000074dd1fda1fe8] Compiler: c1, Barriers: 9, Oops: 0, ImmediateOops: 0, NonImmediateOops: No
[2,050s][debug][gc,nmethod     ] Register NMethod: sun.security.provider.SHA2.implCompress0 (0x000074dd1fda2008) [0x000074dd1fda2100, 0x000074dd1fda2f20] Compiler: c1, Barriers: 8, Oops: 0, ImmediateOops: 1, NonImmediateOops: No
[2,050s][debug][gc,nmethod     ] Register NMethod: io.sirix.node.SirixDeweyID.toBytes (0x000074dd1fda2f88) [0x000074dd1fda3080, 0x000074dd1fda31e8] Compiler: c1, Barriers: 1, Oops: 1, ImmediateOops: 0, NonImmediateOops: No
[2,051s][debug][gc,nmethod     ] Register NMethod: sun.security.provider.ByteArrayAccess.b2iBig64 (0x000074dd1fda3288) [0x000074dd1fda3380, 0x000074dd1fda3ef8] Compiler: c1, Barriers: 0, Oops: 3, ImmediateOops: 2, NonImmediateOops: No
[2,051s][debug][gc,nmethod     ] Register NMethod: jdk.internal.foreign.GlobalSession.<init> (0x000074dd1fda3f88) [0x000074dd1fda4080, 0x000074dd1fda4280] Compiler: c1, Barriers: 6, Oops: 0, ImmediateOops: 0, NonImmediateOops: No
[2,051s][debug][gc,nmethod     ] Register NMethod: sun.security.provider.SHA2.implCompress (0x000074dd1fda4288) [0x000074dd1fda4380, 0x000074dd1fda45d8] Compiler: c1, Barriers: 0, Oops: 0, ImmediateOops: 1, NonImmediateOops: No
[2,052s][debug][gc,nmethod     ] Register NMethod: sun.security.provider.SHA2.implCompressCheck (0x000074dd1fda4608) [0x000074dd1fda4700, 0x000074dd1fda4918] Compiler: c1, Barriers: 0, Oops: 0, ImmediateOops: 1, NonImmediateOops: No
[2,052s][debug][gc,nmethod     ] Register NMethod: jdk.internal.misc.ScopedMemoryAccess.putShortUnalignedInternal (0x000074dd1fda4988) [0x000074dd1fda4a80, 0x000074dd1fda4cb8] Compiler: c1, Barriers: 2, Oops: 0, ImmediateOops: 3, NonImmediateOops: No
[2,052s][debug][gc,nmethod     ] Register NMethod: jdk.internal.misc.ScopedMemoryAccess.putShortUnaligned (0x000074dd1fda4d08) [0x000074dd1fda4e00, 0x000074dd1fda5108] Compiler: c1, Barriers: 3, Oops: 0, ImmediateOops: 3, NonImmediateOops: No
[2,052s][debug][gc,nmethod     ] Register NMethod: io.sirix.node.SirixDeweyID.toBytes (0x000074dd1fda5188) [0x000074dd1fda5280, 0x000074dd1fda5968] Compiler: c1, Barriers: 4, Oops: 1, ImmediateOops: 17, NonImmediateOops: No
[2,052s][debug][gc,director    ] Rule Major: Warmup 10%, Used: 400MB, UsedThreshold: 1228MB
[2,052s][debug][gc,nmethod     ] Register NMethod: jdk.internal.foreign.AbstractMemorySegmentImpl.get (0x000074dd3ed5a808) [0x000074dd3ed5a900, 0x000074dd3ed5afb8] Compiler: jvmci, Barriers: 14, Oops: 1, ImmediateOops: 4, NonImmediateOops: No
[2,053s][debug][gc,nmethod     ] Register NMethod: io.sirix.node.xml.AttributeNode.getDeweyID (0x000074dd1fda5988) [0x000074dd1fda5a80, 0x000074dd1fda5d48] Compiler: c1, Barriers: 6, Oops: 1, ImmediateOops: 0, NonImmediateOops: No
[2,053s][debug][gc,nmethod     ] Register NMethod: jdk.internal.foreign.layout.ValueLayouts$AbstractValueLayout.assertCarrierSize (0x000074dd1fda5d88) [0x000074dd1fda5e80, 0x000074dd1fda5f58] Compiler: c1, Barriers: 0, Oops: 0, ImmediateOops: 0, NonImmediateOops: No
[2,053s][debug][gc,nmethod     ] Register NMethod: java.lang.Class.getSimpleName (0x000074dd1fda6088) [0x000074dd1fda6180, 0x000074dd1fda6388] Compiler: c1, Barriers: 4, Oops: 0, ImmediateOops: 0, NonImmediateOops: No
[2,053s][debug][gc,nmethod     ] Register NMethod: jdk.internal.foreign.AbstractMemorySegmentImpl.toArray (0x000074dd1fda6408) [0x000074dd1fda6500, 0x000074dd1fda6670] Compiler: c1, Barriers: 0, Oops: 0, ImmediateOops: 3, NonImmediateOops: No
[2,054s][debug][gc,nmethod     ] Register NMethod: jdk.internal.foreign.SegmentFactories.allocateNativeInternal (0x000074dd3ed5b008) [0x000074dd3ed5b120, 0x000074dd3ed5bc18] Compiler: jvmci, Barriers: 23, Oops: 1, ImmediateOops: 6, NonImmediateOops: No
[2,055s][debug][gc,nmethod     ] Register NMethod: jdk.internal.foreign.AbstractMemorySegmentImpl.toArray (0x000074dd1fda6708) [0x000074dd1fda6800, 0x000074dd1fda83c0] Compiler: c1, Barriers: 14, Oops: 4, ImmediateOops: 21, NonImmediateOops: No
[2,055s][debug][gc,nmethod     ] Register NMethod: jdk.internal.foreign.AbstractMemorySegmentImpl$$Lambda/0x000000006924fe48.apply (0x000074dd1fda8408) [0x000074dd1fda8500, 0x000074dd1fda8680] Compiler: c1, Barriers: 0, Oops: 0, ImmediateOops: 0, NonImmediateOops: No
[2,055s][debug][gc,nmethod     ] Register NMethod: jdk.internal.foreign.AbstractMemorySegmentImpl.lambda$toArray$0 (0x000074dd1fda8708) [0x000074dd1fda8800, 0x000074dd1fda8960] Compiler: c1, Barriers: 0, Oops: 0, ImmediateOops: 0, NonImmediateOops: No
[2,056s][debug][gc,nmethod     ] Register NMethod: jdk.internal.foreign.AbstractMemorySegmentImpl$$Lambda/0x0000000069250d80.apply (0x000074dd1fda8a08) [0x000074dd1fda8b00, 0x000074dd1fda8c48] Compiler: c1, Barriers: 0, Oops: 0, ImmediateOops: 0, NonImmediateOops: No
[2,056s][debug][gc,nmethod     ] Register NMethod: jdk.internal.foreign.layout.ValueLayouts$OfByteImpl.withOrder (0x000074dd1fda8d08) [0x000074dd1fda8e00, 0x000074dd1fda8f60] Compiler: c1, Barriers: 0, Oops: 0, ImmediateOops: 0, NonImmediateOops: No
[2,056s][debug][gc,nmethod     ] Register NMethod: jdk.internal.foreign.layout.ValueLayouts$AbstractValueLayout.withOrder (0x000074dd1fda9008) [0x000074dd1fda9100, 0x000074dd1fda9320] Compiler: c1, Barriers: 1, Oops: 0, ImmediateOops: 0, NonImmediateOops: No
[2,056s][debug][gc,nmethod     ] Register NMethod: jdk.internal.foreign.layout.ValueLayouts$OfByteImpl.dup (0x000074dd1fda9388) [0x000074dd1fda9480, 0x000074dd1fda9598] Compiler: c1, Barriers: 0, Oops: 0, ImmediateOops: 0, NonImmediateOops: No
[2,058s][debug][gc,nmethod     ] Register NMethod: io.sirix.node.xml.AttributeNode.getLastModifiedRevisionNumber (0x000074dd1fda9688) [0x000074dd1fda9780, 0x000074dd1fdaa3c8] Compiler: c1, Barriers: 19, Oops: 5, ImmediateOops: 5, NonImmediateOops: No
[2,059s][debug][gc,nmethod     ] Register NMethod: io.sirix.page.KeyValueLeafPage.setDeweyId (0x000074dd1fdaa408) [0x000074dd1fdaa500, 0x000074dd1fdaa748] Compiler: c1, Barriers: 5, Oops: 1, ImmediateOops: 0, NonImmediateOops: No
[2,060s][debug][gc,nmethod     ] Register NMethod: jdk.internal.foreign.layout.ValueLayouts$OfByteImpl.dup (0x000074dd1fdaa788) [0x000074dd1fdaa880, 0x000074dd1fdaaa10] Compiler: c1, Barriers: 0, Oops: 0, ImmediateOops: 0, NonImmediateOops: No
[2,060s][debug][gc,nmethod     ] Register NMethod: java.util.ArrayList$ArrayListSpliterator.estimateSize (0x000074dd1fdaaa88) [0x000074dd1fdaab80, 0x000074dd1fdaad58] Compiler: c1, Barriers: 1, Oops: 0, ImmediateOops: 0, NonImmediateOops: No
[2,060s][debug][gc,nmethod     ] Register NMethod: io.sirix.node.delegates.NodeDelegate.getDeweyID (0x000074dd1fdaad88) [0x000074dd1fdaae80, 0x000074dd1fdab280] Compiler: c1, Barriers: 6, Oops: 1, ImmediateOops: 0, NonImmediateOops: No
[2,061s][debug][gc,nmethod     ] Register NMethod: jdk.internal.foreign.AbstractMemorySegmentImpl.copy (0x000074dd1fdab308) [0x000074dd1fdab400, 0x000074dd1fdaccc0] Compiler: c1, Barriers: 14, Oops: 4, ImmediateOops: 20, NonImmediateOops: No
[2,061s][debug][gc,nmethod     ] Register NMethod: io.sirix.node.xml.AttributeNode.getRawValue (0x000074dd3ed5bc88) [0x000074dd3ed5bd80, 0x000074dd3ed5be68] Compiler: c1, Barriers: 1, Oops: 1, ImmediateOops: 0, NonImmediateOops: No
[2,061s][debug][gc,nmethod     ] Register NMethod: io.sirix.node.HashCountEntryNode.getNodeKey (0x000074dd3ed5bf88) [0x000074dd3ed5c080, 0x000074dd3ed5c140] Compiler: c1, Barriers: 0, Oops: 1, ImmediateOops: 0, NonImmediateOops: No
[2,061s][debug][gc,nmethod     ] Register NMethod: io.sirix.node.HashEntryNode.getNodeKey (0x000074dd3ed5c288) [0x000074dd3ed5c380, 0x000074dd3ed5c440] Compiler: c1, Barriers: 0, Oops: 1, ImmediateOops: 0, NonImmediateOops: No
[2,061s][debug][gc,nmethod     ] Register NMethod: jdk.internal.foreign.NativeMemorySegmentImpl.isNative (0x000074dd3ed5c588) [0x000074dd3ed5c680, 0x000074dd3ed5c740] Compiler: c1, Barriers: 0, Oops: 0, ImmediateOops: 0, NonImmediateOops: No
[2,061s][debug][gc,nmethod     ] Register NMethod: java.lang.foreign.MemorySegment.copy (0x000074dd1fdacd08) [0x000074dd1fdace00, 0x000074dd1fdae988] Compiler: c1, Barriers: 14, Oops: 4, ImmediateOops: 20, NonImmediateOops: No
[2,063s][debug][gc,director    ] Rule Major: Warmup 10%, Used: 400MB, UsedThreshold: 1228MB
[2,064s][debug][gc,nmethod     ] Register NMethod: io.sirix.page.KeyValueLeafPage.setData (0x000074dd1fdaea08) [0x000074dd1fdaeb00, 0x000074dd1fdb88e0] Compiler: c1, Barriers: 182, Oops: 8, ImmediateOops: 108, NonImmediateOops: No
[2,065s][debug][gc,nmethod     ] Register NMethod: com.sun.org.apache.xerces.internal.parsers.AbstractSAXParser.endElement (0x000074dd3ed5c888) [0x000074dd3ed5c980, 0x000074dd3ed5fdb8] Compiler: jvmci, Barriers: 85, Oops: 8, ImmediateOops: 6, NonImmediateOops: No
[2,065s][debug][gc,nmethod     ] Register NMethod: io.sirix.node.MemorySegmentBytesOut.writeStopBit (0x000074dd3ed5fe08) [0x000074dd3ed5ff00, 0x000074dd3ed60b98] Compiler: jvmci, Barriers: 15, Oops: 2, ImmediateOops: 0, NonImmediateOops: No
[2,065s][debug][gc,nmethod     ] Register NMethod: io.sirix.node.xml.AttributeNode.getPathNodeKey (0x000074dd1fdb8988) [0x000074dd1fdb8a80, 0x000074dd1fdb96c8] Compiler: c1, Barriers: 19, Oops: 5, ImmediateOops: 5, NonImmediateOops: No
[2,067s][debug][gc,nmethod     ] Register NMethod: io.sirix.node.SirixDeweyID.setDivisionBitArray (0x000074dd3ed60c08) [0x000074dd3ed60d00, 0x000074dd3ed61508] Compiler: jvmci, Barriers: 4, Oops: 1, ImmediateOops: 3, NonImmediateOops: No
[2,067s][debug][gc,nmethod     ] Register NMethod: jdk.internal.foreign.ArenaImpl.allocate (0x000074dd3ed61588) [0x000074dd3ed61680, 0x000074dd3ed62208] Compiler: jvmci, Barriers: 26, Oops: 1, ImmediateOops: 6, NonImmediateOops: No
[2,072s][debug][gc,nmethod     ] Register NMethod: io.sirix.node.xml.ElementNode.getLeftSiblingKey (0x000074dd3ed62288) [0x000074dd3ed62380, 0x000074dd3ed62798] Compiler: jvmci, Barriers: 4, Oops: 3, ImmediateOops: 0, NonImmediateOops: No
[2,072s][debug][gc,nmethod     ] Register NMethod: jdk.internal.foreign.SegmentFactories.ensureInitialized (0x000074dd3ed62808) [0x000074dd3ed62900, 0x000074dd3ed62960] Compiler: jvmci, Barriers: 0, Oops: 0, ImmediateOops: 0, NonImmediateOops: No
[2,073s][debug][gc,director    ] Rule Major: Warmup 10%, Used: 400MB, UsedThreshold: 1228MB
[2,074s][debug][gc,nmethod     ] Register NMethod: io.sirix.node.NodeKind$1.serialize (0x000074dd1fdb9708) [0x000074dd1fdb9800, 0x000074dd1fdf46b8] Compiler: c1, Barriers: 235, Oops: 19, ImmediateOops: 124, NonImmediateOops: No
[2,074s][debug][gc,nmethod     ] Register NMethod: io.sirix.node.xml.AttributeNode.getDeweyID (0x000074dd1fdf4788) [0x000074dd1fdf4880, 0x000074dd1fdf4ba8] Compiler: c1, Barriers: 6, Oops: 1, ImmediateOops: 0, NonImmediateOops: No
[2,075s][debug][gc,nmethod     ] Register NMethod: jdk.internal.foreign.HeapMemorySegmentImpl$OfByte.maxAlignMask (0x000074dd1fdf4c08) [0x000074dd1fdf4d00, 0x000074dd1fdf4e00] Compiler: c1, Barriers: 0, Oops: 0, ImmediateOops: 0, NonImmediateOops: No
[2,075s][debug][gc,nmethod     ] Register NMethod: io.sirix.node.NodeSerializerImpl.serializeDeweyID (0x000074dd1fdf4f08) [0x000074dd1fdf5000, 0x000074dd1fdf5378] Compiler: c1, Barriers: 2, Oops: 1, ImmediateOops: 0, NonImmediateOops: No
[2,075s][debug][gc,nmethod     ] Register NMethod: io.sirix.node.NodeSerializerImpl.writeDeweyID (0x000074dd1fdf5388) [0x000074dd1fdf5480, 0x000074dd1fdf57a0] Compiler: c1, Barriers: 3, Oops: 1, ImmediateOops: 0, NonImmediateOops: No
[2,075s][debug][gc,nmethod     ] Register NMethod: jdk.internal.foreign.layout.ValueLayouts$OfByteImpl.<init> (0x000074dd1fdf5808) [0x000074dd1fdf5900, 0x000074dd1fdf5a58] Compiler: c1, Barriers: 0, Oops: 0, ImmediateOops: 1, NonImmediateOops: No
[2,075s][debug][gc,nmethod     ] Register NMethod: jdk.internal.foreign.Utils.checkNonNegativeIndex (0x000074dd3ed62b08) [0x000074dd3ed62c00, 0x000074dd3ed62c98] Compiler: jvmci, Barriers: 0, Oops: 0, ImmediateOops: 0, NonImmediateOops: No
[2,076s][debug][gc,nmethod     ] Register NMethod: jdk.internal.foreign.layout.MemoryLayoutUtil.requireByteSizeValid (0x000074dd1fdf5b08) [0x000074dd1fdf5c00, 0x000074dd1fdf6968] Compiler: c1, Barriers: 0, Oops: 1, ImmediateOops: 2, NonImmediateOops: No
[2,076s][debug][gc,nmethod     ] Register NMethod: io.sirix.page.KeyValueLeafPage.setDeweyId (0x000074dd1fdf6988) [0x000074dd1fdf6a80, 0x000074dd1fdf6d68] Compiler: c1, Barriers: 5, Oops: 1, ImmediateOops: 0, NonImmediateOops: No
[2,076s][debug][gc,nmethod     ] Register NMethod: jdk.internal.foreign.layout.AbstractLayout.requirePowerOfTwoAndGreaterOrEqualToOne (0x000074dd1fdf6d88) [0x000074dd1fdf6e80, 0x000074dd1fdf7c00] Compiler: c1, Barriers: 0, Oops: 1, ImmediateOops: 2, NonImmediateOops: No
[2,076s][debug][gc,nmethod     ] Register NMethod: java.lang.Class.getSimpleName (0x000074dd1fdf7c88) [0x000074dd1fdf7d80, 0x000074dd1fdf7fe0] Compiler: c1, Barriers: 4, Oops: 0, ImmediateOops: 0, NonImmediateOops: No
[2,076s][debug][gc,nmethod     ] Register NMethod: io.sirix.node.GrowingMemorySegment.<init> (0x000074dd3ed62e08) [0x000074dd3ed62f00, 0x000074dd3ed63cc0] Compiler: jvmci, Barriers: 32, Oops: 2, ImmediateOops: 6, NonImmediateOops: No
[2,076s][debug][gc,nmethod     ] Register NMethod: io.sirix.page.KeyValueLeafPage.getDeweyId (0x000074dd1fdf8008) [0x000074dd1fdf8100, 0x000074dd1fdfd8b0] Compiler: c1, Barriers: 21, Oops: 7, ImmediateOops: 12, NonImmediateOops: No
[2,081s][debug][gc,nmethod     ] Register NMethod: jdk.internal.foreign.layout.ValueLayouts$AbstractValueLayout.<init> (0x000074dd1fdfd908) [0x000074dd1fdfda00, 0x000074dd1fdfdf68] Compiler: c1, Barriers: 9, Oops: 0, ImmediateOops: 0, NonImmediateOops: No
[2,081s][debug][gc,nmethod     ] Register NMethod: io.sirix.node.NodeSerializerImpl.serializeDeweyID (0x000074dd1fdfdf88) [0x000074dd1fdfe080, 0x000074dd1fdfe640] Compiler: c1, Barriers: 2, Oops: 1, ImmediateOops: 0, NonImmediateOops: No
[2,081s][debug][gc,nmethod     ] Register NMethod: jdk.internal.foreign.Utils.isPowerOfTwo (0x000074dd1fdfe688) [0x000074dd1fdfe780, 0x000074dd1fdfe8c0] Compiler: c1, Barriers: 0, Oops: 0, ImmediateOops: 0, NonImmediateOops: No
[2,081s][debug][gc,nmethod     ] Register NMethod: jdk.internal.foreign.layout.ValueLayouts$AbstractValueLayout.assertCarrierSize (0x000074dd1fdfe988) [0x000074dd1fdfea80, 0x000074dd1fdfeb90] Compiler: c1, Barriers: 0, Oops: 0, ImmediateOops: 0, NonImmediateOops: No
[2,081s][debug][gc,nmethod     ] Register NMethod: jdk.internal.foreign.AbstractMemorySegmentImpl$$Lambda/0x000000006924fe48.apply (0x000074dd1fdfec88) [0x000074dd1fdfed80, 0x000074dd1fdfef60] Compiler: c1, Barriers: 0, Oops: 0, ImmediateOops: 0, NonImmediateOops: No
[2,081s][debug][gc,nmethod     ] Register NMethod: jdk.internal.foreign.AbstractMemorySegmentImpl$$Lambda/0x0000000069250d80.apply (0x000074dd1fdfef88) [0x000074dd1fdff080, 0x000074dd1fdff418] Compiler: c1, Barriers: 0, Oops: 0, ImmediateOops: 0, NonImmediateOops: No
[2,081s][debug][gc,nmethod     ] Register NMethod: jdk.internal.foreign.layout.ValueLayouts$OfByteImpl.withOrder (0x000074dd1fdff488) [0x000074dd1fdff580, 0x000074dd1fdff8d0] Compiler: c1, Barriers: 0, Oops: 0, ImmediateOops: 0, NonImmediateOops: No
[2,081s][debug][gc,nmethod     ] Register NMethod: jdk.internal.foreign.layout.ValueLayouts$OfByteImpl.dup (0x000074dd1fdff908) [0x000074dd1fdffa00, 0x000074dd1fdffcf8] Compiler: c1, Barriers: 0, Oops: 0, ImmediateOops: 0, NonImmediateOops: No
[2,082s][debug][gc,nmethod     ] Register NMethod: jdk.internal.foreign.layout.ValueLayouts$OfByteImpl.dup (0x000074dd1fdffd08) [0x000074dd1fdffe00, 0x000074dd1fdfffb0] Compiler: c1, Barriers: 0, Oops: 0, ImmediateOops: 0, NonImmediateOops: No
[2,082s][debug][gc,nmethod     ] Register NMethod: io.sirix.node.NodeSerializerImpl.writeDeweyID (0x000074dd1fe00008) [0x000074dd1fe00100, 0x000074dd1fe005f0] Compiler: c1, Barriers: 3, Oops: 1, ImmediateOops: 0, NonImmediateOops: No
[2,082s][debug][gc,nmethod     ] Register NMethod: io.sirix.page.KeyValueLeafPage.getAvailableSpace (0x000074dd3ed63d08) [0x000074dd3ed63e00, 0x000074dd3ed644c0] Compiler: jvmci, Barriers: 6, Oops: 3, ImmediateOops: 0, NonImmediateOops: No
[2,083s][debug][gc,nmethod     ] Register NMethod: jdk.internal.misc.ScopedMemoryAccess.putLongUnaligned (0x000074dd3ed64508) [0x000074dd3ed64600, 0x000074dd3ed647e8] Compiler: jvmci, Barriers: 2, Oops: 0, ImmediateOops: 0, NonImmediateOops: No
[2,084s][debug][gc,nmethod     ] Register NMethod: jdk.internal.foreign.AbstractMemorySegmentImpl.toArray (0x000074dd1fe00608) [0x000074dd1fe00700, 0x000074dd1fe00be0] Compiler: c1, Barriers: 0, Oops: 4, ImmediateOops: 3, NonImmediateOops: No
[2,084s][debug][gc,director    ] Rule Major: Warmup 10%, Used: 402MB, UsedThreshold: 1228MB
[2,086s][debug][gc,nmethod     ] Register NMethod: jdk.internal.foreign.HeapMemorySegmentImpl$OfByte.unsafeGetBase (0x000074dd3ed64808) [0x000074dd3ed64900, 0x000074dd3ed64a08] Compiler: jvmci, Barriers: 1, Oops: 0, ImmediateOops: 0, NonImmediateOops: No
[2,087s][debug][gc,nmethod     ] Register NMethod: jdk.internal.foreign.HeapMemorySegmentImpl$OfByte.unsafeGetOffset (0x000074dd3ed64b08) [0x000074dd3ed64c00, 0x000074dd3ed64c88] Compiler: jvmci, Barriers: 0, Oops: 0, ImmediateOops: 0, NonImmediateOops: No
[2,087s][debug][gc,nmethod     ] Register NMethod: sun.security.provider.SHA2.implCompress0 (0x000074dd1fe00c08) [0x000074dd1fe00d00, 0x000074dd1fe01ca0] Compiler: c1, Barriers: 9, Oops: 0, ImmediateOops: 1, NonImmediateOops: No
[2,087s][debug][gc,nmethod     ] Register NMethod: sun.security.provider.SHA2.implCompress (0x000074dd1fe01d08) [0x000074dd1fe01e00, 0x000074dd1fe02210] Compiler: c1, Barriers: 0, Oops: 1, ImmediateOops: 1, NonImmediateOops: No
[2,088s][debug][gc,nmethod     ] Register NMethod: sun.security.provider.SHA2.implCompress0 (0x000074dd1fe02288) [0x000074dd1fe02380, 0x000074dd1fe03030] Compiler: c1, Barriers: 8, Oops: 0, ImmediateOops: 1, NonImmediateOops: No
[2,088s][debug][gc,nmethod     ] Register NMethod: java.nio.Buffer.nextPutIndex (0x000074dd1fe03088) [0x000074dd1fe03180, 0x000074dd1fe032f8] Compiler: c1, Barriers: 0, Oops: 0, ImmediateOops: 0, NonImmediateOops: No
[2,088s][debug][gc,nmethod     ] Register NMethod: java.nio.HeapByteBuffer.putLong (0x000074dd1fe03388) [0x000074dd1fe03480, 0x000074dd1fe03958] Compiler: c1, Barriers: 6, Oops: 1, ImmediateOops: 3, NonImmediateOops: No
[2,089s][debug][gc,nmethod     ] Register NMethod: jdk.internal.misc.Unsafe.putIntVolatile (0x000074dd3ed64e08) [0x000074dd3ed64f00, 0x000074dd3ed65058] Compiler: , Barriers: 0, Oops: 0, ImmediateOops: 0, NonImmediateOops: No
[2,090s][debug][gc,nmethod     ] Register NMethod: jdk.internal.foreign.layout.ValueLayouts$AbstractValueLayout.withOrder (0x000074dd1fe03988) [0x000074dd1fe03a80, 0x000074dd1fe042b0] Compiler: c1, Barriers: 1, Oops: 0, ImmediateOops: 0, NonImmediateOops: No
[2,090s][debug][gc,nmethod     ] Register NMethod: io.sirix.node.MemorySegmentBytesOut.write (0x000074dd3ed65108) [0x000074dd3ed65200, 0x000074dd3ed657e8] Compiler: jvmci, Barriers: 7, Oops: 4, ImmediateOops: 1, NonImmediateOops: No
[2,092s][debug][gc,nmethod     ] Register NMethod: jdk.internal.foreign.AbstractMemorySegmentImpl.set (0x000074dd3ed65888) [0x000074dd3ed65980, 0x000074dd3ed66070] Compiler: jvmci, Barriers: 14, Oops: 1, ImmediateOops: 4, NonImmediateOops: No
[2,094s][debug][gc,director    ] Rule Major: Warmup 10%, Used: 404MB, UsedThreshold: 1228MB
[2,094s][debug][gc,nmethod     ] Register NMethod: jdk.internal.foreign.AbstractMemorySegmentImpl.toArray (0x000074dd1fe04308) [0x000074dd1fe04400, 0x000074dd1fe0f0f0] Compiler: c1, Barriers: 14, Oops: 6, ImmediateOops: 23, NonImmediateOops: No
[2,094s][debug][gc,nmethod     ] Register NMethod: java.lang.invoke.VarHandleSegmentAsInts.set (0x000074dd3ed66088) [0x000074dd3ed66180, 0x000074dd3ed66898] Compiler: jvmci, Barriers: 4, Oops: 0, ImmediateOops: 0, NonImmediateOops: No
[2,095s][debug][gc,nmethod     ] Register NMethod: sun.security.provider.ByteArrayAccess.b2iBig64 (0x000074dd1fe0f188) [0x000074dd1fe0f280, 0x000074dd1fe19bc0] Compiler: c1, Barriers: 0, Oops: 5, ImmediateOops: 80, NonImmediateOops: No
[2,095s][debug][gc,nmethod     ] Register NMethod: io.sirix.page.KeyValueLeafPage.getDeweyId (0x000074dd3ed66908) [0x000074dd3ed66a00, 0x000074dd3ed670f0] Compiler: jvmci, Barriers: 9, Oops: 3, ImmediateOops: 0, NonImmediateOops: No
[2,098s][debug][gc,nmethod     ] Register NMethod: jdk.internal.foreign.SegmentFactories.fromArray (0x000074dd3ed67188) [0x000074dd3ed67280, 0x000074dd3ed67500] Compiler: jvmci, Barriers: 7, Oops: 0, ImmediateOops: 0, NonImmediateOops: No
[2,099s][debug][gc,nmethod     ] Register NMethod: java.nio.HeapByteBuffer.put (0x000074dd1fe19c08) [0x000074dd1fe19d00, 0x000074dd1fe19ee8] Compiler: c1, Barriers: 1, Oops: 0, ImmediateOops: 0, NonImmediateOops: No
[2,099s][debug][gc,nmethod     ] Register NMethod: java.nio.Buffer.nextPutIndex (0x000074dd1fe19f08) [0x000074dd1fe1a000, 0x000074dd1fe1a178] Compiler: c1, Barriers: 0, Oops: 0, ImmediateOops: 0, NonImmediateOops: No
[2,099s][debug][gc,nmethod     ] Register NMethod: io.sirix.page.PageKind$1.serializePage (0x000074dd1fe1a208) [0x000074dd1fe1a300, 0x000074dd1fe28020] Compiler: c1, Barriers: 65, Oops: 7, ImmediateOops: 10, NonImmediateOops: No
[2,099s][debug][gc,nmethod     ] Register NMethod: java.util.concurrent.ConcurrentHashMap.sumCount (0x000074dd1fe28088) [0x000074dd1fe28180, 0x000074dd1fe28388] Compiler: c1, Barriers: 2, Oops: 0, ImmediateOops: 0, NonImmediateOops: No
[2,101s][debug][gc,nmethod     ] Register NMethod: io.sirix.node.xml.TextNode.getRawValue (0x000074dd3ed67508) [0x000074dd3ed67600, 0x000074dd3ed676e0] Compiler: jvmci, Barriers: 1, Oops: 1, ImmediateOops: 0, NonImmediateOops: No
[2,101s][debug][gc,nmethod     ] Register NMethod: jdk.internal.foreign.HeapMemorySegmentImpl$OfByte.<init> (0x000074dd3ed67808) [0x000074dd3ed67920, 0x000074dd3ed67a88] Compiler: jvmci, Barriers: 6, Oops: 0, ImmediateOops: 0, NonImmediateOops: No
[2,103s][debug][gc,nmethod     ] Register NMethod: jdk.internal.foreign.MemorySessionImpl$ResourceList.cleanupSingle (0x000074dd3ed67b08) [0x000074dd3ed67c00, 0x000074dd3ed67d58] Compiler: jvmci, Barriers: 0, Oops: 0, ImmediateOops: 1, NonImmediateOops: No
[2,104s][debug][gc,nmethod     ] Register NMethod: sun.security.provider.SHA2.implCompress0 (0x000074dd3ed67e08) [0x000074dd3ed67f00, 0x000074dd3ed687c8] Compiler: jvmci, Barriers: 2, Oops: 0, ImmediateOops: 1, NonImmediateOops: No
[2,104s][debug][gc,director    ] Rule Major: Warmup 10%, Used: 412MB, UsedThreshold: 1228MB
[2,108s][debug][gc,nmethod     ] Register NMethod: jdk.internal.misc.ScopedMemoryAccess.copyMemory (0x000074dd3ed68808) [0x000074dd3ed68900, 0x000074dd3ed68da0] Compiler: jvmci, Barriers: 7, Oops: 1, ImmediateOops: 0, NonImmediateOops: No
[2,110s][debug][gc,nmethod     ] Register NMethod: io.sirix.page.PageKind$1.serializePage (0x000074dd1fe28408) [0x000074dd1fe28500, 0x000074dd1fe35dd0] Compiler: c1, Barriers: 65, Oops: 7, ImmediateOops: 10, NonImmediateOops: No
[2,110s][debug][gc,nmethod     ] Register NMethod: java.lang.ref.SoftReference.get (0x000074dd3ed68e08) [0x000074dd3ed68f00, 0x000074dd3ed69038] Compiler: jvmci, Barriers: 2, Oops: 0, ImmediateOops: 1, NonImmediateOops: No
[2,112s][debug][gc,nmethod     ] Register NMethod: jdk.internal.foreign.Utils.checkElementAlignment (0x000074dd3ed69108) [0x000074dd3ed69200, 0x000074dd3ed692e0] Compiler: jvmci, Barriers: 0, Oops: 0, ImmediateOops: 0, NonImmediateOops: No
[2,113s][debug][gc,nmethod     ] Register NMethod: io.sirix.node.xml.ElementNode.computeHash (0x000074dd3ed69408) [0x000074dd3ed69500, 0x000074dd3ed6f960] Compiler: jvmci, Barriers: 112, Oops: 19, ImmediateOops: 2, NonImmediateOops: No
[2,115s][debug][gc,nmethod     ] Register NMethod: io.sirix.access.trx.node.xml.XmlNodeFactoryImpl.createElementNode (0x000074dd3ed6fa08) [0x000074dd3ed6fb00, 0x000074dd3ed77830] Compiler: jvmci, Barriers: 173, Oops: 6, ImmediateOops: 4, NonImmediateOops: No
[2,115s][debug][gc,director    ] Rule Major: Warmup 10%, Used: 420MB, UsedThreshold: 1228MB
[2,122s][debug][gc,nmethod     ] Register NMethod: jdk.internal.foreign.AbstractMemorySegmentImpl$$Lambda/0x0000000069250d80.apply (0x000074dd3ed77888) [0x000074dd3ed77980, 0x000074dd3ed77c78] Compiler: jvmci, Barriers: 7, Oops: 0, ImmediateOops: 0, NonImmediateOops: No
[2,123s][debug][gc,nmethod     ] Register NMethod: java.lang.Class.reflectionData (0x000074dd3ed77c88) [0x000074dd3ed77d80, 0x000074dd3ed78378] Compiler: jvmci, Barriers: 17, Oops: 0, ImmediateOops: 2, NonImmediateOops: No
[2,126s][debug][gc,nmethod     ] Register NMethod: jdk.internal.foreign.SegmentBulkOperations.copy (0x000074dd3ed78388) [0x000074dd3ed78480, 0x000074dd3ed79a68] Compiler: jvmci, Barriers: 30, Oops: 1, ImmediateOops: 0, NonImmediateOops: No
[2,127s][debug][gc,director    ] Rule Major: Warmup 10%, Used: 420MB, UsedThreshold: 1228MB
[2,129s][debug][gc,nmethod     ] Register NMethod: jdk.internal.foreign.layout.ValueLayouts$OfByteImpl.<init> (0x000074dd3ed79a88) [0x000074dd3ed79b80, 0x000074dd3ed79dd0] Compiler: jvmci, Barriers: 9, Oops: 1, ImmediateOops: 1, NonImmediateOops: No
[2,130s][debug][gc,nmethod     ] Register NMethod: java.lang.Class.getSimpleName (0x000074dd3ed79e08) [0x000074dd3ed79f00, 0x000074dd3ed7a5d8] Compiler: jvmci, Barriers: 19, Oops: 0, ImmediateOops: 2, NonImmediateOops: No
[2,130s][debug][gc,nmethod     ] Register NMethod: jdk.internal.foreign.layout.MemoryLayoutUtil.requireByteSizeValid (0x000074dd3ed7a608) [0x000074dd3ed7a700, 0x000074dd3ed7a7b0] Compiler: jvmci, Barriers: 0, Oops: 0, ImmediateOops: 0, NonImmediateOops: No
[2,131s][debug][gc,nmethod     ] Register NMethod: io.sirix.node.NodeSerializerImpl.serializeDeweyID (0x000074dd3ed7a908) [0x000074dd3ed7aa00, 0x000074dd3ed7bd30] Compiler: jvmci, Barriers: 13, Oops: 2, ImmediateOops: 0, NonImmediateOops: No
[2,134s][debug][gc,nmethod     ] Register NMethod: jdk.internal.foreign.Utils.isPowerOfTwo (0x000074dd3ed7bd88) [0x000074dd3ed7be80, 0x000074dd3ed7bf28] Compiler: jvmci, Barriers: 0, Oops: 0, ImmediateOops: 0, NonImmediateOops: No
[2,135s][debug][gc,nmethod     ] Register NMethod: jdk.internal.foreign.AbstractMemorySegmentImpl$$Lambda/0x000000006924fe48.apply (0x000074dd3ed7c088) [0x000074dd3ed7c180, 0x000074dd3ed7c380] Compiler: jvmci, Barriers: 0, Oops: 0, ImmediateOops: 0, NonImmediateOops: No
[2,135s][debug][gc,nmethod     ] Register NMethod: jdk.internal.foreign.layout.ValueLayouts$AbstractValueLayout.<init> (0x000074dd3ed7c388) [0x000074dd3ed7c480, 0x000074dd3ed7c700] Compiler: jvmci, Barriers: 9, Oops: 0, ImmediateOops: 0, NonImmediateOops: No
[2,137s][debug][gc,director    ] Rule Major: Warmup 10%, Used: 420MB, UsedThreshold: 1228MB
[2,140s][debug][gc,nmethod     ] Register NMethod: jdk.internal.foreign.layout.ValueLayouts$AbstractValueLayout.withOrder (0x000074dd3ed7c708) [0x000074dd3ed7c800, 0x000074dd3ed7ca70] Compiler: jvmci, Barriers: 7, Oops: 0, ImmediateOops: 1, NonImmediateOops: No
[2,141s][debug][gc,nmethod     ] Register NMethod: jdk.internal.foreign.layout.ValueLayouts$OfByteImpl.withOrder (0x000074dd3ed7ca88) [0x000074dd3ed7cb80, 0x000074dd3ed7cdd0] Compiler: jvmci, Barriers: 7, Oops: 0, ImmediateOops: 1, NonImmediateOops: No
[2,142s][debug][gc,nmethod     ] Register NMethod: jdk.internal.foreign.layout.ValueLayouts$AbstractValueLayout.assertCarrierSize (0x000074dd3ed7ce08) [0x000074dd3ed7cf00, 0x000074dd3ed7cf60] Compiler: jvmci, Barriers: 0, Oops: 0, ImmediateOops: 0, NonImmediateOops: No
[2,142s][debug][gc,nmethod     ] Register NMethod: jdk.internal.foreign.AbstractMemorySegmentImpl.toArray (0x000074dd3ed7d108) [0x000074dd3ed7d200, 0x000074dd3ed7dcf0] Compiler: jvmci, Barriers: 22, Oops: 3, ImmediateOops: 3, NonImmediateOops: No
[2,143s][debug][gc,nmethod     ] Register NMethod: jdk.internal.foreign.layout.ValueLayouts$OfByteImpl.dup (0x000074dd3ed7dd88) [0x000074dd3ed7de80, 0x000074dd3ed7e078] Compiler: jvmci, Barriers: 6, Oops: 0, ImmediateOops: 1, NonImmediateOops: No
[2,143s][debug][gc,nmethod     ] Register NMethod: jdk.internal.foreign.layout.AbstractLayout.requirePowerOfTwoAndGreaterOrEqualToOne (0x000074dd3ed7e088) [0x000074dd3ed7e180, 0x000074dd3ed7e238] Compiler: jvmci, Barriers: 0, Oops: 0, ImmediateOops: 0, NonImmediateOops: No
[2,143s][debug][gc,nmethod     ] Register NMethod: jdk.internal.foreign.Utils.checkAlign (0x000074dd3ed7e388) [0x000074dd3ed7e480, 0x000074dd3ed7e528] Compiler: jvmci, Barriers: 0, Oops: 0, ImmediateOops: 0, NonImmediateOops: No
[2,145s][debug][gc,nmethod     ] Register NMethod: jdk.internal.foreign.layout.ValueLayouts$OfByteImpl.dup (0x000074dd3ed7e688) [0x000074dd3ed7e780, 0x000074dd3ed7e978] Compiler: jvmci, Barriers: 6, Oops: 0, ImmediateOops: 1, NonImmediateOops: No
[2,146s][debug][gc,nmethod     ] Register NMethod: jdk.internal.foreign.Utils.alignUp (0x000074dd3ed7e988) [0x000074dd3ed7ea80, 0x000074dd3ed7eaf0] Compiler: jvmci, Barriers: 0, Oops: 0, ImmediateOops: 0, NonImmediateOops: No
[2,148s][debug][gc,director    ] Rule Major: Warmup 10%, Used: 420MB, UsedThreshold: 1228MB
[2,148s][debug][gc,nmethod     ] Register NMethod: io.sirix.node.MemorySegmentBytesOut.getDestination (0x000074dd3ed7ec88) [0x000074dd3ed7ed80, 0x000074dd3ed7f140] Compiler: jvmci, Barriers: 7, Oops: 1, ImmediateOops: 0, NonImmediateOops: No
[2,149s][debug][gc,nmethod     ] Register NMethod: sun.security.provider.SHA2.implCompress0 (0x000074dd3ed7f188) [0x000074dd3ed7f280, 0x000074dd3ed7ffe8] Compiler: jvmci, Barriers: 5, Oops: 0, ImmediateOops: 1, NonImmediateOops: No
[2,149s][debug][gc,nmethod     ] Register NMethod: java.nio.Buffer.session (0x000074dd3ed80008) [0x000074dd3ed80100, 0x000074dd3ed80258] Compiler: jvmci, Barriers: 2, Oops: 0, ImmediateOops: 0, NonImmediateOops: No
[2,149s][debug][gc,nmethod     ] Register NMethod: io.sirix.node.xml.ElementNode.getLastChildKey (0x000074dd3ed80308) [0x000074dd3ed80400, 0x000074dd3ed80738] Compiler: jvmci, Barriers: 4, Oops: 1, ImmediateOops: 0, NonImmediateOops: No
[2,150s][debug][gc,nmethod     ] Register NMethod: net.jpountz.xxhash.XXHashJNI.XXH32_init (0x000074dd3ed80788) [0x000074dd3ed80880, 0x000074dd3ed809e8] Compiler: , Barriers: 0, Oops: 1, ImmediateOops: 1, NonImmediateOops: No
[2,154s][debug][gc,nmethod     ] Register NMethod: io.sirix.node.xml.ElementNode.getURIKey (0x000074dd3ed80a88) [0x000074dd3ed80b80, 0x000074dd3ed80f60] Compiler: jvmci, Barriers: 4, Oops: 3, ImmediateOops: 0, NonImmediateOops: No
[2,156s][debug][gc,nmethod     ] Register NMethod: sun.security.provider.SHA2.implCompress (0x000074dd3ed80f88) [0x000074dd3ed81080, 0x000074dd3ed811b8] Compiler: jvmci, Barriers: 1, Oops: 0, ImmediateOops: 0, NonImmediateOops: No
[2,156s][debug][gc,nmethod     ] Register NMethod: io.sirix.node.xml.AttributeNode.getKind (0x000074dd1fe35e88) [0x000074dd1fe35f80, 0x000074dd1fe362a0] Compiler: c1, Barriers: 0, Oops: 1, ImmediateOops: 1, NonImmediateOops: No
[2,156s][debug][gc,nmethod     ] Register NMethod: java.util.stream.Sink.begin (0x000074dd1fe36308) [0x000074dd1fe36400, 0x000074dd1fe364f8] Compiler: c1, Barriers: 0, Oops: 0, ImmediateOops: 0, NonImmediateOops: No
[2,157s][debug][gc,nmethod     ] Register NMethod: io.sirix.node.xml.ElementNode.getPrefixKey (0x000074dd3ed81288) [0x000074dd3ed81380, 0x000074dd3ed81760] Compiler: jvmci, Barriers: 4, Oops: 3, ImmediateOops: 0, NonImmediateOops: No
[2,158s][debug][gc,director    ] Rule Major: Warmup 10%, Used: 432MB, UsedThreshold: 1228MB
[2,162s][debug][gc,nmethod     ] Register NMethod: io.sirix.node.xml.ElementNode.getLocalNameKey (0x000074dd3ed81788) [0x000074dd3ed81880, 0x000074dd3ed81c60] Compiler: jvmci, Barriers: 4, Oops: 3, ImmediateOops: 0, NonImmediateOops: No
[2,163s][debug][gc,nmethod     ] Register NMethod: java.lang.foreign.MemorySegment.copy (0x000074dd3ed81c88) [0x000074dd3ed81d80, 0x000074dd3ed82ec0] Compiler: jvmci, Barriers: 18, Oops: 1, ImmediateOops: 0, NonImmediateOops: No
[2,164s][debug][gc,nmethod     ] Register NMethod: net.jpountz.lz4.LZ4BlockOutputStream.writeIntLE (0x000074dd1fe36608) [0x000074dd1fe36700, 0x000074dd1fe36880] Compiler: c1, Barriers: 0, Oops: 1, ImmediateOops: 0, NonImmediateOops: No
[2,164s][debug][gc,nmethod     ] Register NMethod: net.jpountz.xxhash.StreamingXXHash32JNI.checkState (0x000074dd1fe36908) [0x000074dd1fe36a00, 0x000074dd1fe36bd0] Compiler: c1, Barriers: 0, Oops: 1, ImmediateOops: 1, NonImmediateOops: No
[2,164s][debug][gc,nmethod     ] Register NMethod: net.jpountz.util.SafeUtils.checkLength (0x000074dd1fe36c08) [0x000074dd1fe36d00, 0x000074dd1fe36ea0] Compiler: c1, Barriers: 0, Oops: 1, ImmediateOops: 1, NonImmediateOops: No
[2,164s][debug][gc,nmethod     ] Register NMethod: net.jpountz.util.SafeUtils.checkRange (0x000074dd1fe36f08) [0x000074dd1fe37000, 0x000074dd1fe37330] Compiler: c1, Barriers: 0, Oops: 1, ImmediateOops: 1, NonImmediateOops: No
[2,165s][debug][gc,nmethod     ] Register NMethod: jdk.internal.foreign.SegmentFactories.allocateNativeSegment (0x000074dd3ed82f08) [0x000074dd3ed83020, 0x000074dd3ed83c48] Compiler: jvmci, Barriers: 25, Oops: 1, ImmediateOops: 6, NonImmediateOops: No
[2,165s][debug][gc,nmethod     ] Register NMethod: java.util.stream.ReferencePipeline$2$1.begin (0x000074dd1fe37388) [0x000074dd1fe37480, 0x000074dd1fe375e0] Compiler: c1, Barriers: 1, Oops: 0, ImmediateOops: 0, NonImmediateOops: No
[2,168s][debug][gc,director    ] Rule Major: Warmup 10%, Used: 432MB, UsedThreshold: 1228MB
[2,170s][debug][gc,nmethod     ] Register NMethod: io.sirix.page.KeyValueLeafPage.getDeweyIdAsByteArray (0x000074dd3ed83c88) [0x000074dd3ed83d80, 0x000074dd3ed84b28] Compiler: jvmci, Barriers: 25, Oops: 6, ImmediateOops: 3, NonImmediateOops: No
[2,172s][debug][gc,nmethod     ] Register NMethod: io.sirix.page.KeyValueLeafPage.getSlotAsByteArray (0x000074dd3ed84b88) [0x000074dd3ed84c80, 0x000074dd3ed85be0] Compiler: jvmci, Barriers: 27, Oops: 8, ImmediateOops: 3, NonImmediateOops: No
[2,173s][debug][gc,nmethod     ] Register NMethod: net.openhft.hashing.LongHashFunction.hashBytes (0x000074dd3ed85c88) [0x000074dd3ed85d80, 0x000074dd3ed85ea8] Compiler: jvmci, Barriers: 0, Oops: 1, ImmediateOops: 2, NonImmediateOops: No
[2,173s][debug][gc,nmethod     ] Register NMethod: io.sirix.node.NodeSerializerImpl.serializeDeweyID (0x000074dd1fe37688) [0x000074dd1fe37780, 0x000074dd1fe37e00] Compiler: c1, Barriers: 2, Oops: 1, ImmediateOops: 0, NonImmediateOops: No
[2,174s][debug][gc,nmethod     ] Register NMethod: java.util.concurrent.ForkJoinTask.noUserHelp (0x000074dd1fe37e88) [0x000074dd1fe37f80, 0x000074dd1fe38088] Compiler: c1, Barriers: 0, Oops: 0, ImmediateOops: 0, NonImmediateOops: No
[2,174s][debug][gc,nmethod     ] Register NMethod: java.util.concurrent.ForkJoinTask.doExec (0x000074dd1fe38188) [0x000074dd1fe38280, 0x000074dd1fe384b8] Compiler: c1, Barriers: 0, Oops: 0, ImmediateOops: 0, NonImmediateOops: No
[2,178s][debug][gc,nmethod     ] Register NMethod: io.sirix.node.NodeSerializerImpl.serializeDeweyID (0x000074dd1fe38508) [0x000074dd1fe38600, 0x000074dd1fe38bc0] Compiler: c1, Barriers: 2, Oops: 1, ImmediateOops: 0, NonImmediateOops: No
[2,178s][debug][gc,director    ] Rule Major: Warmup 10%, Used: 434MB, UsedThreshold: 1228MB
[2,180s][debug][gc,nmethod     ] Register NMethod: java.util.BitSet.toByteArray (0x000074dd1fe38c08) [0x000074dd1fe38d00, 0x000074dd1fe392b8] Compiler: c1, Barriers: 3, Oops: 0, ImmediateOops: 1, NonImmediateOops: No
[2,189s][debug][gc,nmethod     ] Register NMethod: jdk.internal.foreign.MemorySessionImpl$ResourceList.cleanup (0x000074dd1fe39308) [0x000074dd1fe39400, 0x000074dd1fe39b98] Compiler: c1, Barriers: 1, Oops: 0, ImmediateOops: 0, NonImmediateOops: No
[2,189s][debug][gc,director    ] Rule Major: Warmup 10%, Used: 438MB, UsedThreshold: 1228MB
[2,190s][debug][gc,nmethod     ] Register NMethod: jdk.internal.foreign.MemorySessionImpl$ResourceList.cleanup (0x000074dd1fe39c08) [0x000074dd1fe39d00, 0x000074dd1fe3a430] Compiler: c1, Barriers: 1, Oops: 0, ImmediateOops: 0, NonImmediateOops: No
[2,191s][debug][gc,nmethod     ] Register NMethod: io.sirix.node.json.JsonNodeSerializer.writeEndPadding (0x000074dd3ed85f88) [0x000074dd3ed86080, 0x000074dd3ed86c60] Compiler: jvmci, Barriers: 14, Oops: 2, ImmediateOops: 0, NonImmediateOops: No
[2,191s][debug][gc,nmethod     ] Register NMethod: io.sirix.node.NodeKind$2.serialize (0x000074dd1fe3a488) [0x000074dd1fe3a580, 0x000074dd1fe5ef00] Compiler: c1, Barriers: 145, Oops: 15, ImmediateOops: 77, NonImmediateOops: No
[2,193s][debug][gc,nmethod     ] Register NMethod: sun.security.provider.DigestBase.engineGetDigestLength (0x000074dd3ed86c88) [0x000074dd3ed86d80, 0x000074dd3ed86e40] Compiler: c1, Barriers: 0, Oops: 0, ImmediateOops: 0, NonImmediateOops: No
[2,194s][debug][gc,nmethod     ] Register NMethod: net.jpountz.xxhash.XXHashJNI.XXH32_update (0x000074dd3ed86f88) [0x000074dd3ed87080, 0x000074dd3ed871f0] Compiler: , Barriers: 0, Oops: 1, ImmediateOops: 1, NonImmediateOops: No
[2,194s][debug][gc,nmethod     ] Register NMethod: net.jpountz.xxhash.XXHashJNI.XXH32_digest (0x000074dd3ed87288) [0x000074dd3ed87380, 0x000074dd3ed874e8] Compiler: , Barriers: 0, Oops: 1, ImmediateOops: 1, NonImmediateOops: No
[2,196s][debug][gc,nmethod     ] Register NMethod: net.jpountz.xxhash.XXHashJNI.XXH32_free (0x000074dd3ed87588) [0x000074dd3ed87680, 0x000074dd3ed877d8] Compiler: , Barriers: 0, Oops: 1, ImmediateOops: 1, NonImmediateOops: No
[2,199s][debug][gc,director    ] Rule Major: Warmup 10%, Used: 442MB, UsedThreshold: 1228MB
[2,202s][debug][gc,nmethod     ] Register NMethod: sun.security.provider.DigestBase.implCompressMultiBlock0 (0x000074dd1fe5ef88) [0x000074dd1fe5f080, 0x000074dd1fe5f4e8] Compiler: c1, Barriers: 0, Oops: 0, ImmediateOops: 0, NonImmediateOops: No
[2,202s][debug][gc,nmethod     ] Register NMethod: java.io.OutputStream.<init> (0x000074dd1fe5f508) [0x000074dd1fe5f600, 0x000074dd1fe5f6f8] Compiler: c1, Barriers: 0, Oops: 0, ImmediateOops: 0, NonImmediateOops: No
[2,202s][debug][gc,nmethod     ] Register NMethod: java.util.concurrent.ForkJoinPool.deactivate (0x000074dd1fe5f808) [0x000074dd1fe5f900, 0x000074dd1fe5ffb0] Compiler: c1, Barriers: 4, Oops: 0, ImmediateOops: 0, NonImmediateOops: No
[2,203s][debug][gc,nmethod     ] Register NMethod: java.util.concurrent.ConcurrentHashMap$EntrySpliterator.characteristics (0x000074dd3ed87888) [0x000074dd3ed87980, 0x000074dd3ed87a40] Compiler: c1, Barriers: 0, Oops: 0, ImmediateOops: 0, NonImmediateOops: No
[2,203s][debug][gc,nmethod     ] Register NMethod: sun.security.provider.DigestBase.implCompressMultiBlock0 (0x000074dd1fe60008) [0x000074dd1fe60100, 0x000074dd1fe604d0] Compiler: c1, Barriers: 0, Oops: 0, ImmediateOops: 0, NonImmediateOops: No
[2,204s][debug][gc,nmethod     ] Register NMethod: io.sirix.node.SirixDeweyID.toBytes (0x000074dd3ed87b88) [0x000074dd3ed87c80, 0x000074dd3ed88f88] Compiler: jvmci, Barriers: 10, Oops: 1, ImmediateOops: 3, NonImmediateOops: No
[2,206s][debug][gc,nmethod     ] Register NMethod: java.util.concurrent.ConcurrentHashMap$Traverser.<init> (0x000074dd1fe60508) [0x000074dd1fe60600, 0x000074dd1fe60800] Compiler: c1, Barriers: 6, Oops: 0, ImmediateOops: 0, NonImmediateOops: No
[2,206s][debug][gc,nmethod     ] Register NMethod: jdk.internal.foreign.GlobalSession.acquire0 (0x000074dd1fe60808) [0x000074dd1fe60900, 0x000074dd1fe609f8] Compiler: c1, Barriers: 0, Oops: 0, ImmediateOops: 0, NonImmediateOops: No
[2,206s][debug][gc,nmethod     ] Register NMethod: jdk.internal.foreign.GlobalSession.release0 (0x000074dd1fe60b08) [0x000074dd1fe60c00, 0x000074dd1fe60cf8] Compiler: c1, Barriers: 0, Oops: 0, ImmediateOops: 0, NonImmediateOops: No
[2,206s][debug][gc,nmethod     ] Register NMethod: jdk.internal.foreign.abi.SharedUtils.checkNative (0x000074dd1fe60e08) [0x000074dd1fe60f00, 0x000074dd1fe612e0] Compiler: c1, Barriers: 0, Oops: 0, ImmediateOops: 3, NonImmediateOops: No
[2,206s][debug][gc,nmethod     ] Register NMethod: java.lang.invoke.MethodHandle.maybeCustomize (0x000074dd1f407808) [0x000074dd1f407900, 0x000074dd1f407f98] Compiler: c1, Barriers: 2, Oops: 0, ImmediateOops: 0, NonImmediateOops: No
[2,206s][debug][gc,nmethod     ] Register NMethod: io.sirix.node.NodeSerializerImpl.serializeDeweyID (0x000074dd3ed89008) [0x000074dd3ed89100, 0x000074dd3ed8a050] Compiler: jvmci, Barriers: 13, Oops: 1, ImmediateOops: 0, NonImmediateOops: No
[2,209s][debug][gc,nmethod     ] Register NMethod: java.lang.Thread.isInterrupted (0x000074dd3ed8a088) [0x000074dd3ed8a180, 0x000074dd3ed8a240] Compiler: c1, Barriers: 0, Oops: 0, ImmediateOops: 0, NonImmediateOops: No
[2,209s][debug][gc,nmethod     ] Register NMethod: java.nio.channels.spi.AbstractInterruptibleChannel.isOpen (0x000074dd1fe61308) [0x000074dd1fe61400, 0x000074dd1fe61510] Compiler: c1, Barriers: 0, Oops: 0, ImmediateOops: 0, NonImmediateOops: No
[2,209s][debug][gc,nmethod     ] Register NMethod: sun.nio.ch.NativeThread.current0 (0x000074dd3ed8a388) [0x000074dd3ed8a480, 0x000074dd3ed8a5d8] Compiler: , Barriers: 0, Oops: 0, ImmediateOops: 1, NonImmediateOops: No
[2,210s][debug][gc,director    ] Rule Major: Warmup 10%, Used: 454MB, UsedThreshold: 1228MB
[2,210s][debug][gc,nmethod     ] Register NMethod: java.util.concurrent.atomic.AtomicInteger.incrementAndGet (0x000074dd1fe61608) [0x000074dd1fe61700, 0x000074dd1fe61810] Compiler: c1, Barriers: 0, Oops: 0, ImmediateOops: 0, NonImmediateOops: No
[2,211s][debug][gc,nmethod     ] Register NMethod: java.nio.channels.spi.AbstractInterruptibleChannel.blockedOn (0x000074dd1fe61908) [0x000074dd1fe61a00, 0x000074dd1fe61db8] Compiler: c1, Barriers: 6, Oops: 0, ImmediateOops: 1, NonImmediateOops: No
[2,211s][debug][gc,nmethod     ] Register NMethod: java.lang.System$1.blockedOn (0x000074dd1fe61e08) [0x000074dd1fe61f00, 0x000074dd1fe62260] Compiler: c1, Barriers: 5, Oops: 0, ImmediateOops: 0, NonImmediateOops: No
[2,211s][debug][gc,nmethod     ] Register NMethod: java.lang.Thread.blockedOn (0x000074dd1fe62288) [0x000074dd1fe62380, 0x000074dd1fe626a0] Compiler: c1, Barriers: 4, Oops: 0, ImmediateOops: 0, NonImmediateOops: No
[2,211s][debug][gc,nmethod     ] Register NMethod: io.sirix.page.KeyValueLeafPage.setDeweyId (0x000074dd3ed8a688) [0x000074dd3ed8a780, 0x000074dd3ed8aaf0] Compiler: jvmci, Barriers: 9, Oops: 1, ImmediateOops: 0, NonImmediateOops: No
[2,211s][debug][gc,nmethod     ] Register NMethod: java.util.concurrent.ConcurrentHashMap.remove (0x000074dd1fe62708) [0x000074dd1fe62800, 0x000074dd1fe62930] Compiler: c1, Barriers: 0, Oops: 0, ImmediateOops: 0, NonImmediateOops: No
[2,212s][debug][gc,nmethod     ] Register NMethod: io.sirix.node.GrowingMemorySegment.grow (0x000074dd3ed8ab08) [0x000074dd3ed8ac00, 0x000074dd3ed8c7d0] Compiler: jvmci, Barriers: 44, Oops: 4, ImmediateOops: 6, NonImmediateOops: No
[2,212s][debug][gc,nmethod     ] Register NMethod: jdk.internal.foreign.AbstractMemorySegmentImpl.equals (0x000074dd1fe62a08) [0x000074dd1fe62b00, 0x000074dd1fe62d70] Compiler: c1, Barriers: 0, Oops: 0, ImmediateOops: 0, NonImmediateOops: No
[2,212s][debug][gc,nmethod     ] Register NMethod: java.util.concurrent.ConcurrentHashMap.replaceNode (0x000074dd1fe62d88) [0x000074dd1fe62e80, 0x000074dd1fe63dc8] Compiler: c1, Barriers: 18, Oops: 0, ImmediateOops: 1, NonImmediateOops: No
[2,212s][debug][gc,nmethod     ] Register NMethod: java.lang.invoke.LambdaForm$DMH/0x00000000691d6000.invokeStatic (0x000074dd1fe63e08) [0x000074dd1fe63f00, 0x000074dd1fe64078] Compiler: c1, Barriers: 1, Oops: 1, ImmediateOops: 0, NonImmediateOops: No
[2,212s][debug][gc,nmethod     ] Register NMethod: jdk.internal.foreign.abi.SharedUtils.checkSymbol (0x000074dd1fe64108) [0x000074dd1fe64200, 0x000074dd1fe646d8] Compiler: c1, Barriers: 0, Oops: 0, ImmediateOops: 4, NonImmediateOops: No
[2,212s][debug][gc,nmethod     ] Register NMethod: java.lang.invoke.NativeMethodHandle.internalNativeEntryPoint (0x000074dd1fe64708) [0x000074dd1fe64800, 0x000074dd1fe64940] Compiler: c1, Barriers: 1, Oops: 0, ImmediateOops: 0, NonImmediateOops: No
[2,212s][debug][gc,alloc       ] Mutator Allocation Rate: 412,1MB/s Predicted: 535,0MB/s, Avg: 391,9(+/-112,0)MB/s
[2,212s][debug][gc,director    ] Rule Major: Warmup 10%, Used: 456MB, UsedThreshold: 1228MB
[2,212s][debug][gc,nmethod     ] Register NMethod: jdk.internal.foreign.abi.SharedUtils$1.close (0x000074dd1fe64a08) [0x000074dd1fe64b00, 0x000074dd1fe64bf8] Compiler: c1, Barriers: 0, Oops: 0, ImmediateOops: 0, NonImmediateOops: No
[2,212s][debug][gc,nmethod     ] Register NMethod: java.util.concurrent.ConcurrentHashMap$KeySetView.remove (0x000074dd1fe64d08) [0x000074dd1fe64e00, 0x000074dd1fe64f88] Compiler: c1, Barriers: 1, Oops: 0, ImmediateOops: 0, NonImmediateOops: No
[2,212s][debug][gc,nmethod     ] Register NMethod: java.lang.Long.equals (0x000074dd1fe65008) [0x000074dd1fe65100, 0x000074dd1fe652b8] Compiler: c1, Barriers: 0, Oops: 0, ImmediateOops: 0, NonImmediateOops: No
[2,213s][debug][gc,nmethod     ] Register NMethod: java.lang.invoke.LambdaForm$MH/0x000000006929ac00.invokeExact_MT (0x000074dd1fe65308) [0x000074dd1fe65400, 0x000074dd1fe656b0] Compiler: c1, Barriers: 3, Oops: 1, ImmediateOops: 0, NonImmediateOops: No
[2,213s][debug][gc,nmethod     ] Register NMethod: java.lang.invoke.LambdaForm$MH/0x00000000692a0400.invokeExact_MT (0x000074dd1fe65708) [0x000074dd1fe65800, 0x000074dd1fe65ac0] Compiler: c1, Barriers: 3, Oops: 1, ImmediateOops: 0, NonImmediateOops: No
[2,213s][debug][gc,nmethod     ] Register NMethod: java.lang.invoke.LambdaForm$DMH/0x00000000691dec00.invokeStatic (0x000074dd1fe65b08) [0x000074dd1fe65c00, 0x000074dd1fe65d88] Compiler: c1, Barriers: 1, Oops: 1, ImmediateOops: 0, NonImmediateOops: No
[2,213s][debug][gc,nmethod     ] Register NMethod: java.lang.invoke.DirectMethodHandle.internalMemberName (0x000074dd3ed8c808) [0x000074dd3ed8c900, 0x000074dd3ed8c9f8] Compiler: jvmci, Barriers: 1, Oops: 0, ImmediateOops: 0, NonImmediateOops: No
[2,213s][debug][gc,nmethod     ] Register NMethod: jdk.internal.foreign.abi.DowncallStub/0x00000000691de800.invoke (0x000074dd1fe65e08) [0x000074dd1fe65f00, 0x000074dd1fe66580] Compiler: c1, Barriers: 2, Oops: 4, ImmediateOops: 1, NonImmediateOops: No
[2,213s][debug][gc,nmethod     ] Register NMethod: io.brackit.query.node.parser.SAX2SubtreeHandlerAdapter.endElement (0x000074dd3ed8cb08) [0x000074dd3ed8cc00, 0x000074dd3ed8e998] Compiler: jvmci, Barriers: 51, Oops: 4, ImmediateOops: 5, NonImmediateOops: No
[2,214s][debug][gc,nmethod     ] Register NMethod: io.sirix.page.PageReference.getPageFragments (0x000074dd3ed8ea08) [0x000074dd3ed8eb00, 0x000074dd3ed8ebe8] Compiler: c1, Barriers: 1, Oops: 1, ImmediateOops: 0, NonImmediateOops: No
[2,214s][debug][gc,nmethod     ] Register NMethod: io.sirix.cache.LinuxMemorySegmentAllocator.release (0x000074dd1fe66608) [0x000074dd1fe66700, 0x000074dd1fe69a48] Compiler: c1, Barriers: 95, Oops: 21, ImmediateOops: 30, NonImmediateOops: No
[2,214s][debug][gc,nmethod     ] Register NMethod: io.sirix.page.PageReference.getHash (0x000074dd3ed8ed08) [0x000074dd3ed8ee00, 0x000074dd3ed8eee8] Compiler: c1, Barriers: 1, Oops: 1, ImmediateOops: 0, NonImmediateOops: No
[2,215s][debug][gc,nmethod     ] Register NMethod: net.jpountz.lz4.LZ4JNI.LZ4_compress_limitedOutput (0x000074dd3ed8f008) [0x000074dd3ed8f100, 0x000074dd3ed8f2d0] Compiler: , Barriers: 0, Oops: 1, ImmediateOops: 1, NonImmediateOops: No
[2,216s][debug][gc,nmethod     ] Register NMethod: java.io.OutputStream.flush (0x000074dd1fe69b08) [0x000074dd1fe69c00, 0x000074dd1fe69cf8] Compiler: c1, Barriers: 0, Oops: 0, ImmediateOops: 0, NonImmediateOops: No
[2,216s][debug][gc,nmethod     ] Register NMethod: io.sirix.access.trx.node.xml.XmlNodeTrxImpl.insertElementAsRightSibling (0x000074dd3ed8f308) [0x000074dd3ed8f400, 0x000074dd3ed91bd8] Compiler: jvmci, Barriers: 68, Oops: 3, ImmediateOops: 5, NonImmediateOops: No
[2,216s][debug][gc,nmethod     ] Register NMethod: io.sirix.node.MemorySegmentBytesOut.clear (0x000074dd3ed91c08) [0x000074dd3ed91d00, 0x000074dd3ed91de8] Compiler: jvmci, Barriers: 1, Oops: 1, ImmediateOops: 0, NonImmediateOops: No
[2,217s][debug][gc,nmethod     ] Register NMethod: java.util.ArrayList.<init> (0x000074dd3ed91f08) [0x000074dd3ed92000, 0x000074dd3ed920f8] Compiler: jvmci, Barriers: 3, Oops: 0, ImmediateOops: 1, NonImmediateOops: No
[2,217s][debug][gc,nmethod     ] Register NMethod: io.sirix.access.trx.node.xml.XmlNodeReadOnlyTrxImpl.isDocumentRoot (0x000074dd3ed92208) [0x000074dd3ed92300, 0x000074dd3ed92448] Compiler: jvmci, Barriers: 1, Oops: 1, ImmediateOops: 0, NonImmediateOops: No
[2,218s][debug][gc,nmethod     ] Register NMethod: io.sirix.access.trx.node.xml.XmlNodeReadOnlyTrxImpl.isElement (0x000074dd3ed92508) [0x000074dd3ed92600, 0x000074dd3ed92748] Compiler: jvmci, Barriers: 1, Oops: 1, ImmediateOops: 0, NonImmediateOops: No
[2,219s][debug][gc,nmethod     ] Register NMethod: io.sirix.access.trx.node.xml.XmlNodeReadOnlyTrxImpl.getNameNode (0x000074dd3ed92808) [0x000074dd3ed92900, 0x000074dd3ed92a40] Compiler: jvmci, Barriers: 1, Oops: 1, ImmediateOops: 0, NonImmediateOops: No
[2,219s][debug][gc,nmethod     ] Register NMethod: com.sun.org.apache.xerces.internal.impl.XMLDocumentFragmentScannerImpl$ElementStack.popElement (0x000074dd3ed92b08) [0x000074dd3ed92c00, 0x000074dd3ed92de0] Compiler: jvmci, Barriers: 3, Oops: 0, ImmediateOops: 0, NonImmediateOops: No
[2,220s][debug][gc,nmethod     ] Register NMethod: java.util.ArrayList.getLast (0x000074dd3ed92e08) [0x000074dd3ed92f00, 0x000074dd3ed93050] Compiler: jvmci, Barriers: 2, Oops: 0, ImmediateOops: 0, NonImmediateOops: No
[2,220s][debug][gc,nmethod     ] Register NMethod: com.sun.org.apache.xerces.internal.parsers.AbstractSAXParser.startNamespaceMapping (0x000074dd3ed93108) [0x000074dd3ed93200, 0x000074dd3ed933b8] Compiler: jvmci, Barriers: 2, Oops: 0, ImmediateOops: 0, NonImmediateOops: No
[2,222s][debug][gc,nmethod     ] Register NMethod: io.sirix.access.trx.node.xml.XmlNodeTrxImpl.insertTextAsRightSibling (0x000074dd3ed93408) [0x000074dd3ed93500, 0x000074dd3ed95cc8] Compiler: jvmci, Barriers: 65, Oops: 5, ImmediateOops: 3, NonImmediateOops: No
[2,222s][debug][gc,director    ] Rule Major: Warmup 10%, Used: 456MB, UsedThreshold: 1228MB
[2,223s][debug][gc,nmethod     ] Register NMethod: com.sun.org.apache.xerces.internal.impl.XMLDocumentFragmentScannerImpl$ElementStack.nextElement (0x000074dd3ed95d08) [0x000074dd3ed95e00, 0x000074dd3ed95fd8] Compiler: jvmci, Barriers: 3, Oops: 0, ImmediateOops: 0, NonImmediateOops: No
[2,223s][debug][gc,nmethod     ] Register NMethod: io.sirix.node.json.JsonNodeSerializer.updateSizePrefix (0x000074dd3ed96008) [0x000074dd3ed96100, 0x000074dd3ed96838] Compiler: jvmci, Barriers: 9, Oops: 3, ImmediateOops: 0, NonImmediateOops: No
[2,224s][debug][gc,nmethod     ] Register NMethod: com.sun.org.apache.xerces.internal.impl.XMLDocumentFragmentScannerImpl.checkDepth (0x000074dd3ed96888) [0x000074dd3ed96980, 0x000074dd3ed96c98] Compiler: jvmci, Barriers: 6, Oops: 0, ImmediateOops: 0, NonImmediateOops: No
[2,224s][debug][gc,nmethod     ] Register NMethod: com.sun.org.apache.xerces.internal.util.NamespaceSupport.pushContext (0x000074dd3ed96d08) [0x000074dd3ed96e00, 0x000074dd3ed96f40] Compiler: jvmci, Barriers: 1, Oops: 0, ImmediateOops: 0, NonImmediateOops: No
[2,226s][debug][gc,nmethod     ] Register NMethod: io.sirix.node.NodeKind$4.serialize (0x000074dd3ed97008) [0x000074dd3ed97100, 0x000074dd3ed9b990] Compiler: jvmci, Barriers: 85, Oops: 12, ImmediateOops: 0, NonImmediateOops: No
[2,226s][debug][gc,nmethod     ] Register NMethod: io.sirix.node.NodeSerializerImpl.writeDeweyID (0x000074dd3ed9ba08) [0x000074dd3ed9bb00, 0x000074dd3ed9cde0] Compiler: jvmci, Barriers: 21, Oops: 3, ImmediateOops: 0, NonImmediateOops: No
[2,228s][debug][gc,nmethod     ] Register NMethod: com.github.benmanes.caffeine.cache.BoundedLocalCache.expiresAfterAccess (0x000074dd3ed9ce08) [0x000074dd3ed9cf00, 0x000074dd3ed9cfc0] Compiler: c1, Barriers: 0, Oops: 1, ImmediateOops: 0, NonImmediateOops: No
[2,229s][debug][gc,nmethod     ] Register NMethod: sun.nio.fs.UnixPath.getByteArrayForSysCalls (0x000074dd1fe69e08) [0x000074dd1fe69f00, 0x000074dd1fe6a6f8] Compiler: c1, Barriers: 4, Oops: 0, ImmediateOops: 0, NonImmediateOops: No
[2,229s][debug][gc,nmethod     ] Register NMethod: java.util.stream.Collectors$CollectorImpl.supplier (0x000074dd3ed9d108) [0x000074dd3ed9d200, 0x000074dd3ed9d2e8] Compiler: c1, Barriers: 1, Oops: 0, ImmediateOops: 0, NonImmediateOops: No
[2,229s][debug][gc,nmethod     ] Register NMethod: java.util.stream.Collectors$CollectorImpl.accumulator (0x000074dd3ed9d408) [0x000074dd3ed9d500, 0x000074dd3ed9d5e8] Compiler: c1, Barriers: 1, Oops: 0, ImmediateOops: 0, NonImmediateOops: No
[2,230s][debug][gc,nmethod     ] Register NMethod: java.util.stream.ReduceOps$Box.get (0x000074dd3ed9d708) [0x000074dd3ed9d800, 0x000074dd3ed9d8e8] Compiler: c1, Barriers: 1, Oops: 0, ImmediateOops: 0, NonImmediateOops: No
[2,230s][debug][gc,nmethod     ] Register NMethod: java.util.stream.Collectors$CollectorImpl.combiner (0x000074dd3ed9da08) [0x000074dd3ed9db00, 0x000074dd3ed9dbe8] Compiler: c1, Barriers: 1, Oops: 0, ImmediateOops: 0, NonImmediateOops: No
[2,230s][debug][gc,nmethod     ] Register NMethod: io.sirix.access.trx.node.AbstractNodeReadOnlyTrx.hasFirstChild (0x000074dd3ed9dd08) [0x000074dd3ed9de00, 0x000074dd3ed9e378] Compiler: jvmci, Barriers: 6, Oops: 3, ImmediateOops: 0, NonImmediateOops: No
[2,230s][debug][gc,nmethod     ] Register NMethod: io.sirix.node.SirixDeweyID.<init> (0x000074dd3ed9e408) [0x000074dd3ed9e500, 0x000074dd3ed9e958] Compiler: jvmci, Barriers: 5, Oops: 1, ImmediateOops: 0, NonImmediateOops: No
[2,230s][debug][gc,nmethod     ] Register NMethod: io.sirix.access.trx.node.xml.ForwardingXmlNodeReadOnlyTrx.hasFirstChild (0x000074dd3ed9e988) [0x000074dd3ed9ea80, 0x000074dd3ed9f098] Compiler: jvmci, Barriers: 7, Oops: 3, ImmediateOops: 0, NonImmediateOops: No
[2,231s][debug][gc,nmethod     ] Register NMethod: jdk.internal.misc.ScopedMemoryAccess.getByte (0x000074dd3ed9f108) [0x000074dd3ed9f200, 0x000074dd3ed9f360] Compiler: jvmci, Barriers: 2, Oops: 0, ImmediateOops: 0, NonImmediateOops: No
[2,232s][debug][gc,nmethod     ] Register NMethod: java.lang.String.getBytes (0x000074dd1fe6a708) [0x000074dd1fe6a800, 0x000074dd1fe6ad08] Compiler: c1, Barriers: 2, Oops: 0, ImmediateOops: 0, NonImmediateOops: No
[2,232s][debug][gc,nmethod     ] Register NMethod: com.sun.org.apache.xerces.internal.xni.QName.setValues (0x000074dd3ed9f408) [0x000074dd3ed9f500, 0x000074dd3ed9f818] Compiler: jvmci, Barriers: 16, Oops: 0, ImmediateOops: 0, NonImmediateOops: No
[2,232s][debug][gc,nmethod     ] Register NMethod: io.sirix.node.xml.ElementNode.hasFirstChild (0x000074dd3ed9f888) [0x000074dd3ed9f980, 0x000074dd3ed9fcf8] Compiler: jvmci, Barriers: 4, Oops: 1, ImmediateOops: 0, NonImmediateOops: No
[2,232s][debug][gc,director    ] Rule Major: Warmup 10%, Used: 458MB, UsedThreshold: 1228MB
[2,233s][debug][gc,nmethod     ] Register NMethod: java.nio.MappedByteBuffer.position (0x000074dd3ed9fd08) [0x000074dd3ed9fe00, 0x000074dd3ed9fee0] Compiler: jvmci, Barriers: 0, Oops: 0, ImmediateOops: 0, NonImmediateOops: No
[2,233s][debug][gc,nmethod     ] Register NMethod: java.nio.MappedByteBuffer.limit (0x000074dd3eda0008) [0x000074dd3eda0100, 0x000074dd3eda0210] Compiler: jvmci, Barriers: 0, Oops: 0, ImmediateOops: 0, NonImmediateOops: No
[2,233s][debug][gc,nmethod     ] Register NMethod: io.sirix.access.trx.node.AbstractDeweyIDManager.newFirstChildID (0x000074dd3eda0308) [0x000074dd3eda0400, 0x000074dd3eda1200] Compiler: jvmci, Barriers: 21, Oops: 4, ImmediateOops: 0, NonImmediateOops: No
[2,233s][debug][gc,nmethod     ] Register NMethod: java.lang.StringUTF16.putChar (0x000074dd1fe6ad88) [0x000074dd1fe6ae80, 0x000074dd1fe6afc0] Compiler: c1, Barriers: 0, Oops: 0, ImmediateOops: 0, NonImmediateOops: No
[2,234s][debug][gc,nmethod     ] Register NMethod: io.sirix.node.json.JsonNodeSerializer.writeSizePrefix (0x000074dd3eda1288) [0x000074dd3eda1380, 0x000074dd3eda2e80] Compiler: jvmci, Barriers: 34, Oops: 4, ImmediateOops: 0, NonImmediateOops: No
[2,234s][debug][gc,nmethod     ] Register NMethod: io.sirix.page.KeyValueLeafPage.updateLastSlotIndex (0x000074dd3eda2f08) [0x000074dd3eda3000, 0x000074dd3eda3190] Compiler: jvmci, Barriers: 1, Oops: 1, ImmediateOops: 0, NonImmediateOops: No
[2,235s][debug][gc,nmethod     ] Register NMethod: java.lang.ref.Finalizer.register (0x000074dd1fe6b088) [0x000074dd1fe6b180, 0x000074dd1fe6b320] Compiler: c1, Barriers: 0, Oops: 0, ImmediateOops: 0, NonImmediateOops: No
[2,235s][debug][gc,nmethod     ] Register NMethod: io.sirix.page.PageReference.setKey (0x000074dd1fe6b388) [0x000074dd1fe6b480, 0x000074dd1fe6b590] Compiler: c1, Barriers: 0, Oops: 1, ImmediateOops: 0, NonImmediateOops: No
[2,235s][debug][gc,nmethod     ] Register NMethod: java.lang.ref.Finalizer.<init> (0x000074dd1fe6b688) [0x000074dd1fe6b780, 0x000074dd1fe6bea8] Compiler: c1, Barriers: 17, Oops: 1, ImmediateOops: 7, NonImmediateOops: No
[2,236s][debug][gc,nmethod     ] Register NMethod: java.lang.ref.FinalReference.<init> (0x000074dd1fe6bf08) [0x000074dd1fe6c000, 0x000074dd1fe6c2f0] Compiler: c1, Barriers: 6, Oops: 0, ImmediateOops: 1, NonImmediateOops: No
[2,236s][debug][gc,nmethod     ] Register NMethod: io.sirix.page.PageReference.setHash (0x000074dd3eda3208) [0x000074dd3eda3300, 0x000074dd3eda3430] Compiler: c1, Barriers: 3, Oops: 1, ImmediateOops: 0, NonImmediateOops: No
[2,236s][debug][gc,nmethod     ] Register NMethod: java.nio.HeapByteBuffer.<init> (0x000074dd1fe6c308) [0x000074dd1fe6c400, 0x000074dd1fe6c578] Compiler: c1, Barriers: 0, Oops: 0, ImmediateOops: 0, NonImmediateOops: No
[2,236s][debug][gc,nmethod     ] Register NMethod: io.sirix.page.KeyValueLeafPage.findFreeSpaceForSlots (0x000074dd3eda3508) [0x000074dd3eda3600, 0x000074dd3eda3758] Compiler: jvmci, Barriers: 1, Oops: 1, ImmediateOops: 0, NonImmediateOops: No
[2,236s][debug][gc,nmethod     ] Register NMethod: it.unimi.dsi.fastutil.ints.Int2IntOpenHashMap.find (0x000074dd1fe6c608) [0x000074dd1fe6c700, 0x000074dd1fe6cb68] Compiler: c1, Barriers: 1, Oops: 1, ImmediateOops: 0, NonImmediateOops: No
[2,236s][debug][gc,nmethod     ] Register NMethod: com.github.benmanes.caffeine.cache.SSLSMW.evicts (0x000074dd3eda3808) [0x000074dd3eda3900, 0x000074dd3eda39c0] Compiler: c1, Barriers: 0, Oops: 1, ImmediateOops: 0, NonImmediateOops: No
[2,237s][debug][gc,nmethod     ] Register NMethod: com.github.benmanes.caffeine.cache.LocalManualCache.invalidate (0x000074dd1fe6cb88) [0x000074dd1fe6cc80, 0x000074dd1fe6d068] Compiler: c1, Barriers: 1, Oops: 1, ImmediateOops: 0, NonImmediateOops: No
[2,237s][debug][gc,nmethod     ] Register NMethod: jdk.internal.misc.Unsafe.compareAndExchangeLong (0x000074dd3eda3b08) [0x000074dd3eda3c00, 0x000074dd3eda3d68] Compiler: , Barriers: 0, Oops: 0, ImmediateOops: 0, NonImmediateOops: No
[2,237s][debug][gc,nmethod     ] Register NMethod: io.sirix.node.MemorySegmentBytesIn.readByte (0x000074dd1fe6d088) [0x000074dd1fe6d180, 0x000074dd1fe70ba0] Compiler: c1, Barriers: 5, Oops: 6, ImmediateOops: 9, NonImmediateOops: No
[2,237s][debug][gc,nmethod     ] Register NMethod: jdk.internal.misc.Unsafe.park (0x000074dd3eda3e08) [0x000074dd3eda3f00, 0x000074dd3eda4048] Compiler: , Barriers: 0, Oops: 0, ImmediateOops: 0, NonImmediateOops: No
[2,237s][debug][gc,nmethod     ] Register NMethod: com.github.benmanes.caffeine.cache.AbstractLinkedDeque.peekFirst (0x000074dd3eda4108) [0x000074dd3eda4200, 0x000074dd3eda42e8] Compiler: c1, Barriers: 1, Oops: 1, ImmediateOops: 0, NonImmediateOops: No
[2,237s][debug][gc,nmethod     ] Register NMethod: jdk.internal.foreign.AbstractMemorySegmentImpl.get (0x000074dd1fe70c08) [0x000074dd1fe70d00, 0x000074dd1fe74610] Compiler: c1, Barriers: 27, Oops: 5, ImmediateOops: 12, NonImmediateOops: No
[2,237s][debug][gc,nmethod     ] Register NMethod: java.lang.invoke.Invokers$Holder.linkToTargetMethod (0x000074dd1fe74688) [0x000074dd1fe74780, 0x000074dd1fe74ca0] Compiler: c1, Barriers: 0, Oops: 0, ImmediateOops: 0, NonImmediateOops: No
[2,237s][debug][gc,nmethod     ] Register NMethod: com.github.benmanes.caffeine.cache.BoundedLocalCache$$Lambda/0x000000006923e680.<init> (0x000074dd1fe74d08) [0x000074dd1fe74e00, 0x000074dd1fe752a0] Compiler: c1, Barriers: 21, Oops: 1, ImmediateOops: 0, NonImmediateOops: No
[2,237s][debug][gc,nmethod     ] Register NMethod: java.lang.invoke.LambdaForm$DMH/0x0000000069280000.newInvokeSpecial (0x000074dd1fe75308) [0x000074dd1fe75400, 0x000074dd1fe75d10] Compiler: c1, Barriers: 2, Oops: 1, ImmediateOops: 1, NonImmediateOops: No
[2,237s][debug][gc,nmethod     ] Register NMethod: com.github.benmanes.caffeine.cache.BoundedLocalCache.remove (0x000074dd1fe75d88) [0x000074dd1fe75e80, 0x000074dd1fe77070] Compiler: c1, Barriers: 14, Oops: 3, ImmediateOops: 4, NonImmediateOops: No
[2,237s][debug][gc,nmethod     ] Register NMethod: java.lang.invoke.VarHandleSegmentAsBytes.get (0x000074dd1fe77108) [0x000074dd1fe77200, 0x000074dd1fe7c220] Compiler: c1, Barriers: 24, Oops: 2, ImmediateOops: 5, NonImmediateOops: No
[2,238s][debug][gc,nmethod     ] Register NMethod: sun.nio.fs.NativeBuffer.close (0x000074dd1fe7c288) [0x000074dd1fe7c380, 0x000074dd1fe7c520] Compiler: c1, Barriers: 0, Oops: 0, ImmediateOops: 0, NonImmediateOops: No
[2,238s][debug][gc,nmethod     ] Register NMethod: sun.nio.fs.NativeBuffer.release (0x000074dd1fe7c588) [0x000074dd1fe7c680, 0x000074dd1fe7c7b0] Compiler: c1, Barriers: 0, Oops: 0, ImmediateOops: 0, NonImmediateOops: No
[2,238s][debug][gc,nmethod     ] Register NMethod: io.sirix.cache.BufferManagerImpl.getRecordPageFragmentCache (0x000074dd3eda4408) [0x000074dd3eda4500, 0x000074dd3eda45e8] Compiler: c1, Barriers: 1, Oops: 1, ImmediateOops: 0, NonImmediateOops: No
[2,238s][debug][gc,nmethod     ] Register NMethod: sun.nio.fs.NativeBuffers.getNativeBufferFromCache (0x000074dd1fe7c888) [0x000074dd1fe7c980, 0x000074dd1fe7d588] Compiler: c1, Barriers: 4, Oops: 1, ImmediateOops: 2, NonImmediateOops: No
[2,238s][debug][gc,nmethod     ] Register NMethod: java.lang.invoke.VarHandleSegmentAsBytes.get (0x000074dd1fe7d608) [0x000074dd1fe7d700, 0x000074dd1fe82988] Compiler: c1, Barriers: 24, Oops: 2, ImmediateOops: 5, NonImmediateOops: No
[2,238s][debug][gc,nmethod     ] Register NMethod: sun.nio.fs.UnixNativeDispatcher.copyToNativeBuffer (0x000074dd1fe82a08) [0x000074dd1fe82b00, 0x000074dd1fe82fb0] Compiler: c1, Barriers: 4, Oops: 0, ImmediateOops: 0, NonImmediateOops: No
[2,239s][debug][gc,nmethod     ] Register NMethod: sun.nio.fs.NativeBuffers.releaseNativeBuffer (0x000074dd1fe83008) [0x000074dd1fe83100, 0x000074dd1fe86638] Compiler: c1, Barriers: 15, Oops: 2, ImmediateOops: 7, NonImmediateOops: No
[2,241s][debug][gc,nmethod     ] Register NMethod: java.lang.invoke.MethodHandle.linkToStatic (0x000074dd3eda4708) [0x000074dd3eda4800, 0x000074dd3eda48f0] Compiler: , Barriers: 0, Oops: 0, ImmediateOops: 0, NonImmediateOops: No
[2,241s][debug][gc,nmethod     ] Register NMethod: io.sirix.page.KeyValueLeafPage.updateFreeSpaceStart (0x000074dd3eda4a08) [0x000074dd3eda4b00, 0x000074dd3eda4ff0] Compiler: jvmci, Barriers: 4, Oops: 3, ImmediateOops: 0, NonImmediateOops: No
[2,242s][debug][gc,nmethod     ] Register NMethod: java.lang.invoke.SegmentVarHandle.checkSegment (0x000074dd3eda5088) [0x000074dd3eda5180, 0x000074dd3eda5720] Compiler: jvmci, Barriers: 1, Oops: 0, ImmediateOops: 0, NonImmediateOops: No
[2,242s][debug][gc,nmethod     ] Register NMethod: java.lang.AbstractStringBuilder.append (0x000074dd1fe86688) [0x000074dd1fe86780, 0x000074dd1fe873d0] Compiler: c1, Barriers: 5, Oops: 0, ImmediateOops: 0, NonImmediateOops: No
[2,242s][debug][gc,nmethod     ] Register NMethod: java.util.concurrent.ConcurrentHashMap.spread (0x000074dd3eda5788) [0x000074dd3eda5880, 0x000074dd3eda58f0] Compiler: jvmci, Barriers: 0, Oops: 0, ImmediateOops: 0, NonImmediateOops: No
[2,242s][debug][gc,director    ] Rule Major: Warmup 10%, Used: 458MB, UsedThreshold: 1228MB
[2,243s][debug][gc,nmethod     ] Register NMethod: java.lang.invoke.MethodHandle.linkToSpecial (0x000074dd3eda5a88) [0x000074dd3eda5b80, 0x000074dd3eda5c78] Compiler: , Barriers: 0, Oops: 0, ImmediateOops: 0, NonImmediateOops: No
[2,243s][debug][gc,nmethod     ] Register NMethod: jdk.internal.foreign.SegmentFactories$1.cleanup (0x000074dd3eda5d88) [0x000074dd3eda5e80, 0x000074dd3eda5fa0] Compiler: jvmci, Barriers: 0, Oops: 0, ImmediateOops: 1, NonImmediateOops: No
[2,243s][debug][gc,nmethod     ] Register NMethod: jdk.internal.misc.CDS.isLoggingLambdaFormInvokers (0x000074dd1fe87408) [0x000074dd1fe87500, 0x000074dd1fe875f8] Compiler: c1, Barriers: 0, Oops: 0, ImmediateOops: 0, NonImmediateOops: No
[2,244s][debug][gc,nmethod     ] Register NMethod: java.lang.invoke.MethodHandle.linkToInterface (0x000074dd3eda6088) [0x000074dd3eda6180, 0x000074dd3eda62b0] Compiler: , Barriers: 0, Oops: 0, ImmediateOops: 0, NonImmediateOops: No
[2,245s][debug][gc,nmethod     ] Register NMethod: java.lang.foreign.MemorySegment.ofArray (0x000074dd3eda6388) [0x000074dd3eda6480, 0x000074dd3eda6700] Compiler: jvmci, Barriers: 7, Oops: 0, ImmediateOops: 0, NonImmediateOops: No
[2,246s][debug][gc,nmethod     ] Register NMethod: jdk.internal.classfile.impl.DirectCodeBuilder.iload (0x000074dd1fe87708) [0x000074dd1fe87800, 0x000074dd1fe87bf0] Compiler: c1, Barriers: 1, Oops: 0, ImmediateOops: 0, NonImmediateOops: No
[2,246s][debug][gc,nmethod     ] Register NMethod: jdk.internal.classfile.impl.DirectCodeBuilder.invokestatic (0x000074dd1fe87c08) [0x000074dd1fe87d00, 0x000074dd1fe88870] Compiler: c1, Barriers: 2, Oops: 0, ImmediateOops: 0, NonImmediateOops: No
[2,247s][debug][gc,nmethod     ] Register NMethod: java.lang.invoke.MethodHandle.linkToSpecial (0x000074dd3eda6708) [0x000074dd3eda6800, 0x000074dd3eda68f8] Compiler: , Barriers: 0, Oops: 0, ImmediateOops: 0, NonImmediateOops: No
[2,247s][debug][gc,nmethod     ] Register NMethod: java.lang.invoke.MethodHandle.invokeBasic (0x000074dd3eda6a08) [0x000074dd3eda6b00, 0x000074dd3eda6d98] Compiler: , Barriers: 0, Oops: 0, ImmediateOops: 0, NonImmediateOops: No
[2,247s][debug][gc,nmethod     ] Register NMethod: java.lang.invoke.MethodHandle.linkToSpecial (0x000074dd3eda6e08) [0x000074dd3eda6f00, 0x000074dd3eda6ff8] Compiler: , Barriers: 0, Oops: 0, ImmediateOops: 0, NonImmediateOops: No
[2,248s][debug][gc,nmethod     ] Register NMethod: java.lang.invoke.MethodHandle.invokeBasic (0x000074dd3eda7108) [0x000074dd3eda7200, 0x000074dd3eda7498] Compiler: , Barriers: 0, Oops: 0, ImmediateOops: 0, NonImmediateOops: No
[2,249s][debug][gc,nmethod     ] Register NMethod: com.github.benmanes.caffeine.cache.SSLMW.evicts (0x000074dd3eda7508) [0x000074dd3eda7600, 0x000074dd3eda76c0] Compiler: c1, Barriers: 0, Oops: 1, ImmediateOops: 0, NonImmediateOops: No
[2,249s][debug][gc,nmethod     ] Register NMethod: io.sirix.page.KeyValueLeafPage.setSlot (0x000074dd3eda7808) [0x000074dd3eda7900, 0x000074dd3eda7a00] Compiler: jvmci, Barriers: 2, Oops: 1, ImmediateOops: 0, NonImmediateOops: No
[2,249s][debug][gc,nmethod     ] Register NMethod: jdk.internal.misc.Unsafe.putReferenceOpaque (0x000074dd1fe88888) [0x000074dd1fe88980, 0x000074dd1fe88af8] Compiler: c1, Barriers: 3, Oops: 0, ImmediateOops: 0, NonImmediateOops: No
[2,249s][debug][gc,nmethod     ] Register NMethod: java.util.concurrent.locks.LockSupport.setCurrentBlocker (0x000074dd1fe88b88) [0x000074dd1fe88c80, 0x000074dd1fe88fb8] Compiler: c1, Barriers: 1, Oops: 0, ImmediateOops: 1, NonImmediateOops: No
[2,250s][debug][gc,nmethod     ] Register NMethod: io.sirix.node.MemorySegmentBytesIn.readInt (0x000074dd1fe89008) [0x000074dd1fe89100, 0x000074dd1fe8cd10] Compiler: c1, Barriers: 5, Oops: 6, ImmediateOops: 10, NonImmediateOops: No
[2,250s][debug][gc,nmethod     ] Register NMethod: java.util.concurrent.atomic.AtomicInteger.get (0x000074dd3eda7b08) [0x000074dd3eda7c00, 0x000074dd3eda7cc0] Compiler: c1, Barriers: 0, Oops: 0, ImmediateOops: 0, NonImmediateOops: No
[2,251s][debug][gc,nmethod     ] Register NMethod: java.util.concurrent.locks.ReentrantLock.unlock (0x000074dd1fe8cd88) [0x000074dd1fe8ce80, 0x000074dd1fe8d498] Compiler: c1, Barriers: 2, Oops: 0, ImmediateOops: 0, NonImmediateOops: No
[2,251s][debug][gc,nmethod     ] Register NMethod: it.unimi.dsi.fastutil.shorts.ShortArrayList$1.hasNext (0x000074dd1fe8d508) [0x000074dd1fe8d600, 0x000074dd1fe8d790] Compiler: c1, Barriers: 1, Oops: 1, ImmediateOops: 0, NonImmediateOops: No
[2,251s][debug][gc,nmethod     ] Register NMethod: jdk.internal.misc.Unsafe.unpark (0x000074dd3eda7e08) [0x000074dd3eda7f00, 0x000074dd3eda8058] Compiler: , Barriers: 0, Oops: 0, ImmediateOops: 0, NonImmediateOops: No
[2,251s][debug][gc,nmethod     ] Register NMethod: io.sirix.utils.OS.isWindows (0x000074dd1fe8d808) [0x000074dd1fe8d900, 0x000074dd1fe8d9e8] Compiler: c1, Barriers: 0, Oops: 1, ImmediateOops: 0, NonImmediateOops: No
[2,251s][debug][gc,nmethod     ] Register NMethod: com.github.benmanes.caffeine.cache.SSLMW.frequencySketch (0x000074dd3eda8108) [0x000074dd3eda8200, 0x000074dd3eda82f0] Compiler: c1, Barriers: 1, Oops: 1, ImmediateOops: 0, NonImmediateOops: No
[2,251s][debug][gc,nmethod     ] Register NMethod: java.lang.Short.shortValue (0x000074dd3eda8408) [0x000074dd3eda8500, 0x000074dd3eda85c8] Compiler: c1, Barriers: 0, Oops: 0, ImmediateOops: 0, NonImmediateOops: No
[2,252s][debug][gc,nmethod     ] Register NMethod: io.sirix.cache.LinuxMemorySegmentAllocator.getInstance (0x000074dd1fe8db08) [0x000074dd1fe8dc00, 0x000074dd1fe8dce8] Compiler: c1, Barriers: 0, Oops: 1, ImmediateOops: 1, NonImmediateOops: No
[2,252s][debug][gc,nmethod     ] Register NMethod: java.lang.invoke.VarHandleReferences$FieldInstanceReadOnly.get (0x000074dd1fe8de08) [0x000074dd1fe8df00, 0x000074dd1fe8e928] Compiler: c1, Barriers: 2, Oops: 1, ImmediateOops: 0, NonImmediateOops: No
[2,252s][debug][gc,nmethod     ] Register NMethod: java.lang.Long.numberOfTrailingZeros (0x000074dd1fe8e988) [0x000074dd1fe8ea80, 0x000074dd1fe8ec28] Compiler: c1, Barriers: 0, Oops: 0, ImmediateOops: 0, NonImmediateOops: No
[2,252s][debug][gc,nmethod     ] Register NMethod: io.sirix.node.MemorySegmentBytesIn.read (0x000074dd1fe8ec88) [0x000074dd1fe8ed80, 0x000074dd1fe8eec8] Compiler: c1, Barriers: 0, Oops: 1, ImmediateOops: 0, NonImmediateOops: No
[2,252s][debug][gc,nmethod     ] Register NMethod: java.lang.Integer.numberOfTrailingZeros (0x000074dd1fe8ef88) [0x000074dd1fe8f080, 0x000074dd1fe8f298] Compiler: c1, Barriers: 0, Oops: 0, ImmediateOops: 0, NonImmediateOops: No
[2,252s][debug][gc,nmethod     ] Register NMethod: java.nio.file.Files.provider (0x000074dd1fe8f308) [0x000074dd1fe8f400, 0x000074dd1fe8f7d8] Compiler: c1, Barriers: 2, Oops: 0, ImmediateOops: 0, NonImmediateOops: No
[2,252s][debug][gc,nmethod     ] Register NMethod: java.util.concurrent.ForkJoinPool.deactivate (0x000074dd1fe8f808) [0x000074dd1fe8f900, 0x000074dd1fe90618] Compiler: c1, Barriers: 4, Oops: 0, ImmediateOops: 0, NonImmediateOops: No
[2,252s][debug][gc,nmethod     ] Register NMethod: io.sirix.access.trx.page.NodePageReadOnlyTrx.loadPage (0x000074dd1fe90688) [0x000074dd1fe90780, 0x000074dd1fe925f0] Compiler: c1, Barriers: 15, Oops: 2, ImmediateOops: 2, NonImmediateOops: No
[2,252s][debug][gc,nmethod     ] Register NMethod: com.github.benmanes.caffeine.cache.Ticker.disabledTicker (0x000074dd1fe92608) [0x000074dd1fe92700, 0x000074dd1fe927e8] Compiler: c1, Barriers: 0, Oops: 1, ImmediateOops: 1, NonImmediateOops: No
[2,252s][debug][gc,nmethod     ] Register NMethod: com.github.benmanes.caffeine.cache.BoundedLocalCache.expirationTicker (0x000074dd1fe92908) [0x000074dd1fe92a00, 0x000074dd1fe92b60] Compiler: c1, Barriers: 0, Oops: 1, ImmediateOops: 1, NonImmediateOops: No
[2,252s][debug][gc,director    ] Rule Major: Warmup 10%, Used: 458MB, UsedThreshold: 1228MB
[2,253s][debug][gc,nmethod     ] Register NMethod: io.sirix.page.KeyValueLeafPage.setDeweyId (0x000074dd1fe92c08) [0x000074dd1fe92d00, 0x000074dd1fe92f58] Compiler: c1, Barriers: 5, Oops: 1, ImmediateOops: 0, NonImmediateOops: No
[2,253s][debug][gc,nmethod     ] Register NMethod: io.sirix.access.trx.node.xml.XmlNodeTrxImpl.insertTextAsFirstChild (0x000074dd3eda8708) [0x000074dd3eda8800, 0x000074dd3edaab00] Compiler: jvmci, Barriers: 60, Oops: 5, ImmediateOops: 2, NonImmediateOops: No
[2,253s][debug][gc,nmethod     ] Register NMethod: io.sirix.cache.IndexLogKey.getIndexType (0x000074dd3edaab88) [0x000074dd3edaac80, 0x000074dd3edaad68] Compiler: c1, Barriers: 1, Oops: 1, ImmediateOops: 0, NonImmediateOops: No
[2,253s][debug][gc,nmethod     ] Register NMethod: io.sirix.cache.IndexLogKey.getRecordPageKey (0x000074dd3edaae88) [0x000074dd3edaaf80, 0x000074dd3edab040] Compiler: c1, Barriers: 0, Oops: 1, ImmediateOops: 0, NonImmediateOops: No
[2,253s][debug][gc,nmethod     ] Register NMethod: it.unimi.dsi.fastutil.shorts.ShortArrayList.size (0x000074dd3edab188) [0x000074dd3edab280, 0x000074dd3edab340] Compiler: c1, Barriers: 0, Oops: 1, ImmediateOops: 0, NonImmediateOops: No
[2,253s][debug][gc,nmethod     ] Register NMethod: java.lang.String.encode (0x000074dd1fe92f88) [0x000074dd1fe93080, 0x000074dd1fe933b8] Compiler: c1, Barriers: 0, Oops: 0, ImmediateOops: 3, NonImmediateOops: No
[2,253s][debug][gc,nmethod     ] Register NMethod: io.sirix.cache.TransactionIntentLog.get (0x000074dd1fe93408) [0x000074dd1fe93500, 0x000074dd1fe93ca0] Compiler: c1, Barriers: 1, Oops: 1, ImmediateOops: 0, NonImmediateOops: No
[2,253s][debug][gc,nmethod     ] Register NMethod: io.sirix.node.MemorySegmentBytesIn.read (0x000074dd1fe93d08) [0x000074dd1fe93e00, 0x000074dd1fe9a8f8] Compiler: c1, Barriers: 7, Oops: 9, ImmediateOops: 16, NonImmediateOops: No
[2,254s][debug][gc,nmethod     ] Register NMethod: io.sirix.access.trx.page.NodePageReadOnlyTrx.getValue (0x000074dd1fe9a988) [0x000074dd1fe9aa80, 0x000074dd1fe9c5e0] Compiler: c1, Barriers: 6, Oops: 1, ImmediateOops: 1, NonImmediateOops: No
[2,254s][debug][gc,nmethod     ] Register NMethod: it.unimi.dsi.fastutil.shorts.ShortListIterator.next (0x000074dd1fe9c608) [0x000074dd1fe9c700, 0x000074dd1fe9c968] Compiler: c1, Barriers: 0, Oops: 1, ImmediateOops: 0, NonImmediateOops: No
[2,254s][debug][gc,nmethod     ] Register NMethod: java.lang.Short.valueOf (0x000074dd1fe9c988) [0x000074dd1fe9ca80, 0x000074dd1fe9cd98] Compiler: c1, Barriers: 1, Oops: 0, ImmediateOops: 1, NonImmediateOops: No
[2,254s][debug][gc,nmethod     ] Register NMethod: io.sirix.access.trx.page.NodePageTrx.getRecord (0x000074dd1fe9ce08) [0x000074dd1fe9cf00, 0x000074dd1fe9eea0] Compiler: c1, Barriers: 8, Oops: 1, ImmediateOops: 2, NonImmediateOops: No
[2,254s][debug][gc,nmethod     ] Register NMethod: it.unimi.dsi.fastutil.shorts.ShortListIterator.next (0x000074dd1fe9ef08) [0x000074dd1fe9f000, 0x000074dd1fe9f4a8] Compiler: c1, Barriers: 0, Oops: 1, ImmediateOops: 0, NonImmediateOops: No
[2,254s][debug][gc,nmethod     ] Register NMethod: com.sun.org.apache.xerces.internal.impl.XMLDocumentFragmentScannerImpl.scanEndElement (0x000074dd3edab488) [0x000074dd3edab580, 0x000074dd3edad200] Compiler: jvmci, Barriers: 40, Oops: 2, ImmediateOops: 2, NonImmediateOops: No
[2,254s][debug][gc,nmethod     ] Register NMethod: it.unimi.dsi.fastutil.shorts.ShortIterator.next (0x000074dd1fe9f508) [0x000074dd1fe9f600, 0x000074dd1fe9f798] Compiler: c1, Barriers: 0, Oops: 1, ImmediateOops: 0, NonImmediateOops: No
[2,254s][debug][gc,nmethod     ] Register NMethod: io.sirix.cache.IndexLogKey.getIndexNumber (0x000074dd3edad288) [0x000074dd3edad380, 0x000074dd3edad440] Compiler: c1, Barriers: 0, Oops: 1, ImmediateOops: 0, NonImmediateOops: No
[2,254s][debug][gc,nmethod     ] Register NMethod: java.lang.invoke.LambdaForm$Holder.constant_L (0x000074dd3edad588) [0x000074dd3edad680, 0x000074dd3edad7a0] Compiler: jvmci, Barriers: 1, Oops: 0, ImmediateOops: 0, NonImmediateOops: No
[2,254s][debug][gc,nmethod     ] Register NMethod: io.sirix.node.HashCountEntryNode.getValue (0x000074dd3edad888) [0x000074dd3edad980, 0x000074dd3edada40] Compiler: c1, Barriers: 0, Oops: 1, ImmediateOops: 0, NonImmediateOops: No
[2,254s][debug][gc,nmethod     ] Register NMethod: io.sirix.page.NamePage.delegate (0x000074dd3edadb88) [0x000074dd3edadc80, 0x000074dd3edadd68] Compiler: c1, Barriers: 1, Oops: 1, ImmediateOops: 0, NonImmediateOops: No
[2,254s][debug][gc,nmethod     ] Register NMethod: io.sirix.cache.IndexLogKey.<init> (0x000074dd1fe9f808) [0x000074dd1fe9f900, 0x000074dd1fe9fae0] Compiler: c1, Barriers: 3, Oops: 1, ImmediateOops: 0, NonImmediateOops: No
[2,254s][debug][gc,nmethod     ] Register NMethod: it.unimi.dsi.fastutil.shorts.ShortArrayList$1.nextShort (0x000074dd1fe9fb08) [0x000074dd1fe9fc00, 0x000074dd1fe9ff58] Compiler: c1, Barriers: 2, Oops: 1, ImmediateOops: 0, NonImmediateOops: No
[2,254s][debug][gc,nmethod     ] Register NMethod: it.unimi.dsi.fastutil.ints.Int2IntOpenHashMap.put (0x000074dd1fe9ff88) [0x000074dd1fea0080, 0x000074dd1fea02e8] Compiler: c1, Barriers: 1, Oops: 1, ImmediateOops: 0, NonImmediateOops: No
[2,254s][debug][gc,nmethod     ] Register NMethod: io.sirix.node.HashEntryNode.getKey (0x000074dd3edade88) [0x000074dd3edadf80, 0x000074dd3edae040] Compiler: c1, Barriers: 0, Oops: 1, ImmediateOops: 0, NonImmediateOops: No
[2,254s][debug][gc,nmethod     ] Register NMethod: io.sirix.node.HashEntryNode.getValue (0x000074dd3edae188) [0x000074dd3edae280, 0x000074dd3edae368] Compiler: c1, Barriers: 1, Oops: 1, ImmediateOops: 0, NonImmediateOops: No
[2,254s][debug][gc,nmethod     ] Register NMethod: io.sirix.cache.IndexLogKey.getRevisionNumber (0x000074dd3edae488) [0x000074dd3edae580, 0x000074dd3edae640] Compiler: c1, Barriers: 0, Oops: 1, ImmediateOops: 0, NonImmediateOops: No
[2,254s][debug][gc,nmethod     ] Register NMethod: io.sirix.access.trx.page.NodePageReadOnlyTrx$RecordPage.page (0x000074dd3edae788) [0x000074dd3edae880, 0x000074dd3edae968] Compiler: c1, Barriers: 1, Oops: 1, ImmediateOops: 0, NonImmediateOops: No
[2,255s][debug][gc,nmethod     ] Register NMethod: java.lang.Record.<init> (0x000074dd3edaea88) [0x000074dd3edaeb80, 0x000074dd3edaec00] Compiler: jvmci, Barriers: 0, Oops: 0, ImmediateOops: 0, NonImmediateOops: No
[2,255s][debug][gc,nmethod     ] Register NMethod: io.sirix.page.UberPage.getPageCountExp (0x000074dd1fea0308) [0x000074dd1fea0400, 0x000074dd1fea0948] Compiler: c1, Barriers: 0, Oops: 1, ImmediateOops: 4, NonImmediateOops: No
[2,255s][debug][gc,nmethod     ] Register NMethod: com.github.benmanes.caffeine.cache.BaseMpscLinkedArrayQueue.modifiedCalcElementOffset (0x000074dd1fea0988) [0x000074dd1fea0a80, 0x000074dd1fea0b70] Compiler: c1, Barriers: 0, Oops: 1, ImmediateOops: 0, NonImmediateOops: No
[2,255s][debug][gc,nmethod     ] Register NMethod: com.github.benmanes.caffeine.cache.SSLMW.weightedSize (0x000074dd3edaed88) [0x000074dd3edaee80, 0x000074dd3edaef40] Compiler: c1, Barriers: 0, Oops: 1, ImmediateOops: 0, NonImmediateOops: No
[2,255s][debug][gc,nmethod     ] Register NMethod: com.github.benmanes.caffeine.cache.FrequencySketch.isNotInitialized (0x000074dd1fea0c88) [0x000074dd1fea0d80, 0x000074dd1fea0f00] Compiler: c1, Barriers: 1, Oops: 1, ImmediateOops: 0, NonImmediateOops: No
[2,255s][debug][gc,nmethod     ] Register NMethod: java.lang.String.encodeUTF8 (0x000074dd1fea0f88) [0x000074dd1fea1080, 0x000074dd1fea1708] Compiler: c1, Barriers: 0, Oops: 0, ImmediateOops: 0, NonImmediateOops: No
[2,255s][debug][gc,nmethod     ] Register NMethod: jdk.internal.foreign.HeapMemorySegmentImpl$OfByte.maxAlignMask (0x000074dd3edaf088) [0x000074dd3edaf180, 0x000074dd3edaf208] Compiler: jvmci, Barriers: 0, Oops: 0, ImmediateOops: 0, NonImmediateOops: No
[2,255s][debug][gc,nmethod     ] Register NMethod: io.sirix.node.xml.TextNode.getKind (0x000074dd3edaf388) [0x000074dd3edaf480, 0x000074dd3edaf510] Compiler: jvmci, Barriers: 0, Oops: 1, ImmediateOops: 1, NonImmediateOops: No
[2,255s][debug][gc,nmethod     ] Register NMethod: jdk.internal.misc.Unsafe.putShortUnaligned (0x000074dd3edaf688) [0x000074dd3edaf780, 0x000074dd3edaf840] Compiler: jvmci, Barriers: 0, Oops: 0, ImmediateOops: 0, NonImmediateOops: No
[2,256s][debug][gc,nmethod     ] Register NMethod: java.util.concurrent.ForkJoinTask.<init> (0x000074dd1fea1788) [0x000074dd1fea1880, 0x000074dd1fea19d8] Compiler: c1, Barriers: 0, Oops: 0, ImmediateOops: 0, NonImmediateOops: No
[2,256s][debug][gc,nmethod     ] Register NMethod: io.sirix.access.trx.page.NodePageReadOnlyTrx.getCurrentMaxIndirectPageTreeLevel (0x000074dd1fea1a88) [0x000074dd1fea1b80, 0x000074dd1fea9358] Compiler: c1, Barriers: 20, Oops: 1, ImmediateOops: 6, NonImmediateOops: No
[2,256s][debug][gc,nmethod     ] Register NMethod: io.sirix.access.trx.page.NodePageReadOnlyTrx.getPageReference (0x000074dd1fea9388) [0x000074dd1fea9480, 0x000074dd1feb2538] Compiler: c1, Barriers: 28, Oops: 1, ImmediateOops: 7, NonImmediateOops: No
[2,256s][debug][gc,nmethod     ] Register NMethod: com.github.benmanes.caffeine.cache.PSMW.getPolicyWeight (0x000074dd3edaf988) [0x000074dd3edafa80, 0x000074dd3edafb40] Compiler: c1, Barriers: 0, Oops: 1, ImmediateOops: 0, NonImmediateOops: No
[2,257s][debug][gc,nmethod     ] Register NMethod: com.github.benmanes.caffeine.cache.PSMW.getPreviousInAccessOrder (0x000074dd3edafc88) [0x000074dd3edafd80, 0x000074dd3edafe68] Compiler: c1, Barriers: 1, Oops: 1, ImmediateOops: 0, NonImmediateOops: No
[2,257s][debug][gc,nmethod     ] Register NMethod: jdk.internal.foreign.ConfinedSession$ConfinedResourceList.add (0x000074dd3edaff88) [0x000074dd3edb0080, 0x000074dd3edb0338] Compiler: jvmci, Barriers: 11, Oops: 0, ImmediateOops: 1, NonImmediateOops: No
[2,257s][debug][gc,nmethod     ] Register NMethod: net.jpountz.util.SafeUtils.readIntLE (0x000074dd1feb2588) [0x000074dd1feb2680, 0x000074dd1feb2820] Compiler: c1, Barriers: 0, Oops: 1, ImmediateOops: 0, NonImmediateOops: No
[2,257s][debug][gc,nmethod     ] Register NMethod: io.sirix.page.KeyValueLeafPage.setSlot (0x000074dd1feb2888) [0x000074dd1feb2980, 0x000074dd1feb2b28] Compiler: c1, Barriers: 2, Oops: 1, ImmediateOops: 0, NonImmediateOops: No
[2,257s][debug][gc,nmethod     ] Register NMethod: java.util.BitSet.nextSetBit (0x000074dd1feb2b88) [0x000074dd1feb2c80, 0x000074dd1feb3c70] Compiler: c1, Barriers: 1, Oops: 1, ImmediateOops: 2, NonImmediateOops: No
[2,257s][debug][gc,nmethod     ] Register NMethod: io.sirix.node.MemorySegmentBytesOut.<init> (0x000074dd3edb0388) [0x000074dd3edb0480, 0x000074dd3edb1308] Compiler: jvmci, Barriers: 34, Oops: 3, ImmediateOops: 6, NonImmediateOops: No
[2,257s][debug][gc,nmethod     ] Register NMethod: java.util.Collections$EmptyIterator.hasNext (0x000074dd3edb1388) [0x000074dd3edb1480, 0x000074dd3edb1540] Compiler: c1, Barriers: 0, Oops: 0, ImmediateOops: 0, NonImmediateOops: No
[2,258s][debug][gc,nmethod     ] Register NMethod: java.lang.Thread.interrupted (0x000074dd1feb3c88) [0x000074dd1feb3d80, 0x000074dd1feb40b8] Compiler: c1, Barriers: 1, Oops: 0, ImmediateOops: 0, NonImmediateOops: No
[2,258s][debug][gc,nmethod     ] Register NMethod: java.lang.Thread.getAndClearInterrupt (0x000074dd1feb4108) [0x000074dd1feb4200, 0x000074dd1feb4380] Compiler: c1, Barriers: 0, Oops: 0, ImmediateOops: 0, NonImmediateOops: No
[2,258s][debug][gc,nmethod     ] Register NMethod: jdk.internal.misc.Unsafe.putByte (0x000074dd1feb4408) [0x000074dd1feb4500, 0x000074dd1feb4610] Compiler: c1, Barriers: 0, Oops: 0, ImmediateOops: 0, NonImmediateOops: No
[2,258s][debug][gc,nmethod     ] Register NMethod: java.nio.Buffer.remaining (0x000074dd3edb1688) [0x000074dd3edb1780, 0x000074dd3edb1818] Compiler: jvmci, Barriers: 0, Oops: 0, ImmediateOops: 0, NonImmediateOops: No
[2,258s][debug][gc,nmethod     ] Register NMethod: jdk.internal.misc.ScopedMemoryAccess.getShortUnaligned (0x000074dd3edb1988) [0x000074dd3edb1a80, 0x000074dd3edb1c20] Compiler: jvmci, Barriers: 2, Oops: 0, ImmediateOops: 0, NonImmediateOops: No
[2,259s][debug][gc,nmethod     ] Register NMethod: com.github.benmanes.caffeine.cache.PSMW.getQueueType (0x000074dd3edb1c88) [0x000074dd3edb1d80, 0x000074dd3edb1e40] Compiler: c1, Barriers: 0, Oops: 1, ImmediateOops: 0, NonImmediateOops: No
[2,259s][debug][gc,nmethod     ] Register NMethod: com.github.benmanes.caffeine.cache.BoundedLocalCache.collectValues (0x000074dd3edb1f88) [0x000074dd3edb2080, 0x000074dd3edb2140] Compiler: c1, Barriers: 0, Oops: 1, ImmediateOops: 0, NonImmediateOops: No
[2,259s][debug][gc,nmethod     ] Register NMethod: com.github.benmanes.caffeine.cache.SSLMW.maximum (0x000074dd3edb2288) [0x000074dd3edb2380, 0x000074dd3edb2440] Compiler: c1, Barriers: 0, Oops: 1, ImmediateOops: 0, NonImmediateOops: No
[2,259s][debug][gc,nmethod     ] Register NMethod: java.lang.invoke.Invokers$Holder.linkToTargetMethod (0x000074dd3edb2588) [0x000074dd3edb2680, 0x000074dd3edb2770] Compiler: jvmci, Barriers: 0, Oops: 0, ImmediateOops: 0, NonImmediateOops: No
[2,259s][debug][gc,nmethod     ] Register NMethod: java.lang.String.indexOf (0x000074dd1feb4708) [0x000074dd1feb4800, 0x000074dd1feb5020] Compiler: c1, Barriers: 1, Oops: 0, ImmediateOops: 0, NonImmediateOops: No
[2,260s][debug][gc,nmethod     ] Register NMethod: io.sirix.index.path.summary.PathSummaryReader.getName (0x000074dd1fcd7e88) [0x000074dd1fcd7f80, 0x000074dd1fcdaf68] Compiler: c1, Barriers: 12, Oops: 1, ImmediateOops: 5, NonImmediateOops: No
[2,260s][debug][gc,nmethod     ] Register NMethod: java.lang.String.indexOf (0x000074dd1feb5088) [0x000074dd1feb5180, 0x000074dd1feb5c38] Compiler: c1, Barriers: 1, Oops: 0, ImmediateOops: 0, NonImmediateOops: No
[2,260s][debug][gc,nmethod     ] Register NMethod: it.unimi.dsi.fastutil.shorts.AbstractShortList.listIterator (0x000074dd1feb5c88) [0x000074dd1feb5d80, 0x000074dd1feb6280] Compiler: c1, Barriers: 3, Oops: 1, ImmediateOops: 0, NonImmediateOops: No
[2,260s][debug][gc,nmethod     ] Register NMethod: it.unimi.dsi.fastutil.shorts.AbstractShortList.iterator (0x000074dd1feb6308) [0x000074dd1feb6400, 0x000074dd1feb6a18] Compiler: c1, Barriers: 0, Oops: 1, ImmediateOops: 0, NonImmediateOops: No
[2,260s][debug][gc,nmethod     ] Register NMethod: it.unimi.dsi.fastutil.shorts.ShortArrayList.listIterator (0x000074dd1feb6a88) [0x000074dd1feb6b80, 0x000074dd1feb7020] Compiler: c1, Barriers: 3, Oops: 1, ImmediateOops: 0, NonImmediateOops: No
[2,260s][debug][gc,nmethod     ] Register NMethod: it.unimi.dsi.fastutil.shorts.ShortArrayList$1.<init> (0x000074dd1feb7088) [0x000074dd1feb7180, 0x000074dd1feb7360] Compiler: c1, Barriers: 3, Oops: 1, ImmediateOops: 0, NonImmediateOops: No
[2,261s][debug][gc,nmethod     ] Register NMethod: io.sirix.access.trx.page.NodePageTrx$$Lambda/0x0000000069287a18.apply (0x000074dd1feb7388) [0x000074dd1feb7480, 0x000074dd1feb7848] Compiler: c1, Barriers: 2, Oops: 1, ImmediateOops: 0, NonImmediateOops: No
[2,261s][debug][gc,nmethod     ] Register NMethod: io.sirix.page.delegates.ReferencesPage4.getOrCreateReference (0x000074dd1feb7888) [0x000074dd1feb7980, 0x000074dd1feb9398] Compiler: c1, Barriers: 5, Oops: 1, ImmediateOops: 0, NonImmediateOops: No
[2,261s][debug][gc,nmethod     ] Register NMethod: it.unimi.dsi.fastutil.shorts.AbstractShortList.ensureIndex (0x000074dd1feb9408) [0x000074dd1feb9500, 0x000074dd1febb7e0] Compiler: c1, Barriers: 0, Oops: 5, ImmediateOops: 7, NonImmediateOops: No
[2,261s][debug][gc,nmethod     ] Register NMethod: io.sirix.access.trx.page.NodePageReadOnlyTrx.checkItemIfDeleted (0x000074dd3edb2888) [0x000074dd3edb2980, 0x000074dd3edb2a48] Compiler: jvmci, Barriers: 0, Oops: 1, ImmediateOops: 0, NonImmediateOops: No
[2,261s][debug][gc,nmethod     ] Register NMethod: io.sirix.access.trx.page.NodePageTrx.getMostRecentPageContainer (0x000074dd1febb888) [0x000074dd1febb980, 0x000074dd1febbfb0] Compiler: c1, Barriers: 9, Oops: 1, ImmediateOops: 1, NonImmediateOops: No
[2,261s][debug][gc,nmethod     ] Register NMethod: io.sirix.index.path.summary.PathSummaryReader.moveTo (0x000074dd1febc008) [0x000074dd1febc100, 0x000074dd1febce08] Compiler: c1, Barriers: 13, Oops: 1, ImmediateOops: 2, NonImmediateOops: No
[2,261s][debug][gc,nmethod     ] Register NMethod: io.sirix.access.trx.page.NodePageReadOnlyTrx.getReferenceToLeafOfSubtree (0x000074dd1febce88) [0x000074dd1febcf80, 0x000074dd1febe0b0] Compiler: c1, Barriers: 1, Oops: 1, ImmediateOops: 2, NonImmediateOops: No
[2,261s][debug][gc,nmethod     ] Register NMethod: java.lang.invoke.LambdaForm$MH/0x0000000069281000.linkToTargetMethod (0x000074dd1febe108) [0x000074dd1febe200, 0x000074dd1febe708] Compiler: c1, Barriers: 0, Oops: 1, ImmediateOops: 0, NonImmediateOops: No
[2,261s][debug][gc,nmethod     ] Register NMethod: java.lang.invoke.LambdaForm$DMH/0x0000000069280800.newInvokeSpecial (0x000074dd1febe788) [0x000074dd1febe880, 0x000074dd1febf128] Compiler: c1, Barriers: 2, Oops: 1, ImmediateOops: 1, NonImmediateOops: No
[2,261s][debug][gc,nmethod     ] Register NMethod: io.sirix.access.trx.page.NodePageTrx.getPageContainer (0x000074dd1febf188) [0x000074dd1febf280, 0x000074dd1fec03c0] Compiler: c1, Barriers: 12, Oops: 4, ImmediateOops: 2, NonImmediateOops: No
[2,261s][debug][gc,nmethod     ] Register NMethod: io.sirix.access.trx.page.NodePageTrx$$Lambda/0x0000000069287a18.<init> (0x000074dd1fec0408) [0x000074dd1fec0500, 0x000074dd1fec0750] Compiler: c1, Barriers: 6, Oops: 1, ImmediateOops: 0, NonImmediateOops: No
[2,261s][debug][gc,nmethod     ] Register NMethod: io.sirix.access.trx.page.NodePageTrx.lambda$getPageContainer$0 (0x000074dd1fec0788) [0x000074dd1fec0880, 0x000074dd1fec1778] Compiler: c1, Barriers: 6, Oops: 1, ImmediateOops: 0, NonImmediateOops: No
[2,262s][debug][gc,nmethod     ] Register NMethod: io.sirix.cache.IndexLogKey.<init> (0x000074dd3edb2b88) [0x000074dd3edb2c80, 0x000074dd3edb2d78] Compiler: jvmci, Barriers: 3, Oops: 1, ImmediateOops: 0, NonImmediateOops: No
[2,262s][debug][gc,nmethod     ] Register NMethod: io.sirix.access.trx.page.NodePageReadOnlyTrx.getLeafPageReference (0x000074dd1fec1788) [0x000074dd1fec1880, 0x000074dd1fec1b78] Compiler: c1, Barriers: 0, Oops: 1, ImmediateOops: 0, NonImmediateOops: No
[2,262s][debug][gc,nmethod     ] Register NMethod: io.sirix.access.trx.page.NodePageReadOnlyTrx$PageReferenceToPage.<init> (0x000074dd1fec1b88) [0x000074dd1fec1c80, 0x000074dd1fec1f28] Compiler: c1, Barriers: 6, Oops: 1, ImmediateOops: 0, NonImmediateOops: No
[2,262s][debug][gc,nmethod     ] Register NMethod: io.sirix.node.NodeKind.getKind (0x000074dd1fec1f88) [0x000074dd1fec2080, 0x000074dd1fec21b8] Compiler: c1, Barriers: 1, Oops: 1, ImmediateOops: 1, NonImmediateOops: No
[2,262s][debug][gc,nmethod     ] Register NMethod: io.sirix.access.trx.page.NodePageReadOnlyTrx.getRecord (0x000074dd1fec2288) [0x000074dd1fec2380, 0x000074dd1fec3db8] Compiler: c1, Barriers: 4, Oops: 1, ImmediateOops: 3, NonImmediateOops: No
[2,262s][debug][gc,nmethod     ] Register NMethod: io.sirix.index.name.Names.getName (0x000074dd1fec3e08) [0x000074dd1fec3f00, 0x000074dd1fec43a8] Compiler: c1, Barriers: 1, Oops: 1, ImmediateOops: 1, NonImmediateOops: No
[2,262s][debug][gc,nmethod     ] Register NMethod: io.sirix.page.NamePage.getName (0x000074dd1fec4408) [0x000074dd1fec4500, 0x000074dd1fec5b70] Compiler: c1, Barriers: 25, Oops: 1, ImmediateOops: 4, NonImmediateOops: No
[2,262s][debug][gc,nmethod     ] Register NMethod: com.google.common.base.Preconditions.checkArgument (0x000074dd3edb2e88) [0x000074dd3edb2f80, 0x000074dd3edb3018] Compiler: jvmci, Barriers: 0, Oops: 1, ImmediateOops: 0, NonImmediateOops: No
[2,262s][debug][gc,nmethod     ] Register NMethod: io.sirix.node.MemorySegmentBytesIn.readStopBit (0x000074dd1fec5b88) [0x000074dd1fec5c80, 0x000074dd1fec5eb0] Compiler: c1, Barriers: 0, Oops: 1, ImmediateOops: 0, NonImmediateOops: No
[2,262s][debug][gc,nmethod     ] Register NMethod: io.sirix.node.MemorySegmentBytesIn.readLong (0x000074dd1fec5f08) [0x000074dd1fec6000, 0x000074dd1fec9c10] Compiler: c1, Barriers: 5, Oops: 6, ImmediateOops: 10, NonImmediateOops: No
[2,263s][debug][gc,nmethod     ] Register NMethod: io.sirix.node.NodeSerializerImpl.deserialize (0x000074dd1fec9c88) [0x000074dd1fec9d80, 0x000074dd1feca1e8] Compiler: c1, Barriers: 1, Oops: 1, ImmediateOops: 1, NonImmediateOops: No
[2,263s][debug][gc,director    ] Rule Major: Warmup 10%, Used: 460MB, UsedThreshold: 1228MB
[2,263s][debug][gc,nmethod     ] Register NMethod: jdk.internal.foreign.AbstractMemorySegmentImpl.get (0x000074dd1feca208) [0x000074dd1feca300, 0x000074dd1fecdc30] Compiler: c1, Barriers: 27, Oops: 5, ImmediateOops: 12, NonImmediateOops: No
[2,263s][debug][gc,nmethod     ] Register NMethod: io.sirix.access.trx.page.NodePageReadOnlyTrx.getRecordPage (0x000074dd1fecdc88) [0x000074dd1fecdd80, 0x000074dd1fed30d0] Compiler: c1, Barriers: 45, Oops: 2, ImmediateOops: 5, NonImmediateOops: No
[2,263s][debug][gc,nmethod     ] Register NMethod: it.unimi.dsi.fastutil.ints.Int2IntOpenHashMap.getOrDefault (0x000074dd1fed3108) [0x000074dd1fed3200, 0x000074dd1fed3770] Compiler: c1, Barriers: 4, Oops: 1, ImmediateOops: 0, NonImmediateOops: No
[2,263s][debug][gc,nmethod     ] Register NMethod: io.sirix.page.KeyValueLeafPage.hasEnoughSpace (0x000074dd3edb3188) [0x000074dd3edb3280, 0x000074dd3edb3778] Compiler: jvmci, Barriers: 4, Oops: 3, ImmediateOops: 0, NonImmediateOops: No
[2,263s][debug][gc,nmethod     ] Register NMethod: io.sirix.node.Utils.getVarLong (0x000074dd1fed3788) [0x000074dd1fed3880, 0x000074dd1fed39e0] Compiler: c1, Barriers: 0, Oops: 1, ImmediateOops: 0, NonImmediateOops: No
[2,263s][debug][gc,nmethod     ] Register NMethod: io.sirix.index.path.summary.PathNode.getRightSibling (0x000074dd3edb3808) [0x000074dd3edb3900, 0x000074dd3edb39e8] Compiler: c1, Barriers: 1, Oops: 1, ImmediateOops: 0, NonImmediateOops: No
[2,263s][debug][gc,nmethod     ] Register NMethod: io.sirix.access.trx.page.NodePageReadOnlyTrx.isMostRecentlyReadPathSummaryPage (0x000074dd1fed3a88) [0x000074dd1fed3b80, 0x000074dd1fed4318] Compiler: c1, Barriers: 1, Oops: 1, ImmediateOops: 0, NonImmediateOops: No
[2,263s][debug][gc,nmethod     ] Register NMethod: java.util.ArrayDeque.isEmpty (0x000074dd1fed4388) [0x000074dd1fed4480, 0x000074dd1fed45d0] Compiler: c1, Barriers: 0, Oops: 0, ImmediateOops: 0, NonImmediateOops: No
[2,263s][debug][gc,nmethod     ] Register NMethod: io.sirix.index.path.summary.PathNode.getParent (0x000074dd3edb3b08) [0x000074dd3edb3c00, 0x000074dd3edb3ce8] Compiler: c1, Barriers: 1, Oops: 1, ImmediateOops: 0, NonImmediateOops: No
[2,263s][debug][gc,nmethod     ] Register NMethod: io.sirix.index.path.summary.PathNode.setParent (0x000074dd3edb3e08) [0x000074dd3edb3f00, 0x000074dd3edb4030] Compiler: c1, Barriers: 3, Oops: 1, ImmediateOops: 0, NonImmediateOops: No
[2,263s][debug][gc,nmethod     ] Register NMethod: io.sirix.access.trx.page.NodePageReadOnlyTrx.getDataRecord (0x000074dd1fed4688) [0x000074dd1fed4780, 0x000074dd1fed5588] Compiler: c1, Barriers: 6, Oops: 1, ImmediateOops: 1, NonImmediateOops: No
[2,263s][debug][gc,nmethod     ] Register NMethod: io.sirix.index.path.summary.PathNode.getFirstChild (0x000074dd3edb4108) [0x000074dd3edb4200, 0x000074dd3edb42e8] Compiler: c1, Barriers: 1, Oops: 1, ImmediateOops: 0, NonImmediateOops: No
[2,263s][debug][gc,nmethod     ] Register NMethod: io.sirix.index.path.summary.PathNode.getURIKey (0x000074dd1fed5608) [0x000074dd1fed5700, 0x000074dd1fed5860] Compiler: c1, Barriers: 1, Oops: 1, ImmediateOops: 0, NonImmediateOops: No
[2,264s][debug][gc,nmethod     ] Register NMethod: io.sirix.page.KeyValueLeafPage.setData (0x000074dd3edb4408) [0x000074dd3edb4500, 0x000074dd3edb6ca0] Compiler: jvmci, Barriers: 32, Oops: 2, ImmediateOops: 0, NonImmediateOops: No
[2,264s][debug][gc,nmethod     ] Register NMethod: io.sirix.index.path.summary.PathNode.setRightSibling (0x000074dd3edb6d08) [0x000074dd3edb6e00, 0x000074dd3edb6f30] Compiler: c1, Barriers: 3, Oops: 1, ImmediateOops: 0, NonImmediateOops: No
[2,264s][debug][gc,nmethod     ] Register NMethod: io.sirix.index.path.summary.PathNode.getLeftSibling (0x000074dd3edb7008) [0x000074dd3edb7100, 0x000074dd3edb71e8] Compiler: c1, Barriers: 1, Oops: 1, ImmediateOops: 0, NonImmediateOops: No
[2,264s][debug][gc,nmethod     ] Register NMethod: io.sirix.index.path.summary.PathNode.setLeftSibling (0x000074dd3edb7308) [0x000074dd3edb7400, 0x000074dd3edb7530] Compiler: c1, Barriers: 3, Oops: 1, ImmediateOops: 0, NonImmediateOops: No
[2,264s][debug][gc,nmethod     ] Register NMethod: io.sirix.axis.pathsummary.AbstractAxis.hasNext (0x000074dd1fed5908) [0x000074dd1fed5a00, 0x000074dd1fed60a8] Compiler: c1, Barriers: 2, Oops: 1, ImmediateOops: 1, NonImmediateOops: No
[2,264s][debug][gc,nmethod     ] Register NMethod: io.sirix.access.trx.page.NodePageTrx.getName (0x000074dd1fed6108) [0x000074dd1fed6200, 0x000074dd1fed8568] Compiler: c1, Barriers: 11, Oops: 1, ImmediateOops: 3, NonImmediateOops: No
[2,264s][debug][gc,nmethod     ] Register NMethod: io.sirix.node.delegates.StructNodeDelegate.<init> (0x000074dd1fed8588) [0x000074dd1fed8680, 0x000074dd1fed8a48] Compiler: c1, Barriers: 3, Oops: 1, ImmediateOops: 1, NonImmediateOops: No
[2,264s][debug][gc,nmethod     ] Register NMethod: io.sirix.node.NodeKind.deserializeNodeDelegateWithoutIDs (0x000074dd1fed8a88) [0x000074dd1fed8b80, 0x000074dd1fed8f58] Compiler: c1, Barriers: 1, Oops: 1, ImmediateOops: 0, NonImmediateOops: No
[2,264s][debug][gc,nmethod     ] Register NMethod: io.sirix.node.NodeKind$13.deserialize (0x000074dd1fed8f88) [0x000074dd1fed9080, 0x000074dd1fed95a8] Compiler: c1, Barriers: 1, Oops: 1, ImmediateOops: 1, NonImmediateOops: No
[2,264s][debug][gc,nmethod     ] Register NMethod: io.sirix.node.NodeKind.deserializeNameDelegate (0x000074dd1fed9608) [0x000074dd1fed9700, 0x000074dd1fed9ac8] Compiler: c1, Barriers: 0, Oops: 1, ImmediateOops: 0, NonImmediateOops: No
[2,264s][debug][gc,nmethod     ] Register NMethod: io.sirix.node.NodeKind.deserializeStructDel (0x000074dd1fed9b08) [0x000074dd1fed9c00, 0x000074dd1feda8e0] Compiler: c1, Barriers: 1, Oops: 1, ImmediateOops: 6, NonImmediateOops: No
[2,264s][debug][gc,nmethod     ] Register NMethod: io.sirix.index.path.summary.PathNode.setFirstChild (0x000074dd3edb7608) [0x000074dd3edb7700, 0x000074dd3edb7830] Compiler: c1, Barriers: 3, Oops: 1, ImmediateOops: 0, NonImmediateOops: No
[2,264s][debug][gc,nmethod     ] Register NMethod: io.sirix.access.trx.page.AbstractForwardingPageReadOnlyTrx.getResourceSession (0x000074dd3edb7908) [0x000074dd3edb7a00, 0x000074dd3edb7b38] Compiler: jvmci, Barriers: 2, Oops: 1, ImmediateOops: 0, NonImmediateOops: No
[2,264s][debug][gc,nmethod     ] Register NMethod: io.sirix.axis.pathsummary.AbstractAxis.next (0x000074dd1feda908) [0x000074dd1fedaa00, 0x000074dd1fedaeb0] Compiler: c1, Barriers: 4, Oops: 1, ImmediateOops: 1, NonImmediateOops: No
[2,264s][debug][gc,nmethod     ] Register NMethod: io.sirix.index.path.summary.PathSummaryReader.getStructuralNode (0x000074dd3edb7c08) [0x000074dd3edb7d00, 0x000074dd3edb7de0] Compiler: jvmci, Barriers: 1, Oops: 1, ImmediateOops: 0, NonImmediateOops: No
[2,265s][debug][gc,nmethod     ] Register NMethod: io.sirix.axis.pathsummary.AbstractAxis.tryToComputeNext (0x000074dd1fedaf08) [0x000074dd1fedb000, 0x000074dd1fedb400] Compiler: c1, Barriers: 13, Oops: 1, ImmediateOops: 4, NonImmediateOops: No
[2,265s][debug][gc,nmethod     ] Register NMethod: io.sirix.axis.pathsummary.LevelOrderSettingInMemoryInstancesAxis.nextNode (0x000074dd1fedb488) [0x000074dd1fedb580, 0x000074dd1fee18c0] Compiler: c1, Barriers: 30, Oops: 1, ImmediateOops: 11, NonImmediateOops: No
[2,265s][debug][gc,nmethod     ] Register NMethod: net.jpountz.util.Native.isLoaded (0x000074dd1fee1908) [0x000074dd1fee1a00, 0x000074dd1fee1c48] Compiler: c1, Barriers: 0, Oops: 1, ImmediateOops: 2, NonImmediateOops: No
[2,265s][debug][gc,nmethod     ] Register NMethod: io.sirix.node.NodeSerializerImpl.serialize (0x000074dd3edb7f08) [0x000074dd3edb8000, 0x000074dd3edb86d8] Compiler: jvmci, Barriers: 6, Oops: 1, ImmediateOops: 4, NonImmediateOops: No
[2,266s][debug][gc,nmethod     ] Register NMethod: java.lang.invoke.DirectMethodHandle$Holder.newInvokeSpecial (0x000074dd1fee1c88) [0x000074dd1fee1d80, 0x000074dd1fee2600] Compiler: c1, Barriers: 2, Oops: 0, ImmediateOops: 1, NonImmediateOops: No
[2,266s][debug][gc,nmethod     ] Register NMethod: java.lang.invoke.MethodHandle.linkToStatic (0x000074dd3edb8708) [0x000074dd3edb8800, 0x000074dd3edb88f0] Compiler: , Barriers: 0, Oops: 0, ImmediateOops: 0, NonImmediateOops: No
[2,266s][debug][gc,nmethod     ] Register NMethod: java.util.HashMap.entrySet (0x000074dd1fee2608) [0x000074dd1fee2700, 0x000074dd1fee2bc8] Compiler: c1, Barriers: 7, Oops: 0, ImmediateOops: 0, NonImmediateOops: No
[2,266s][debug][gc,nmethod     ] Register NMethod: java.util.HashMap$EntryIterator.<init> (0x000074dd1fee2c08) [0x000074dd1fee2d00, 0x000074dd1fee2f80] Compiler: c1, Barriers: 0, Oops: 0, ImmediateOops: 0, NonImmediateOops: No
[2,266s][debug][gc,nmethod     ] Register NMethod: java.util.HashMap$EntrySet.iterator (0x000074dd1fee2f88) [0x000074dd1fee3080, 0x000074dd1fee3400] Compiler: c1, Barriers: 1, Oops: 0, ImmediateOops: 0, NonImmediateOops: No
[2,266s][debug][gc,nmethod     ] Register NMethod: jdk.internal.foreign.layout.ValueLayouts$AbstractValueLayout.varHandle (0x000074dd3edb8a08) [0x000074dd3edb8b00, 0x000074dd3edb8c90] Compiler: jvmci, Barriers: 4, Oops: 0, ImmediateOops: 1, NonImmediateOops: No
[2,266s][debug][gc,nmethod     ] Register NMethod: com.github.benmanes.caffeine.cache.SSLSMW.frequencySketch (0x000074dd3edb8d08) [0x000074dd3edb8e00, 0x000074dd3edb8ef0] Compiler: c1, Barriers: 1, Oops: 1, ImmediateOops: 0, NonImmediateOops: No
[2,266s][debug][gc,nmethod     ] Register NMethod: java.util.Collections$UnmodifiableCollection.contains (0x000074dd1fee3408) [0x000074dd1fee3500, 0x000074dd1fee3848] Compiler: c1, Barriers: 1, Oops: 0, ImmediateOops: 0, NonImmediateOops: No
[2,267s][debug][gc,nmethod     ] Register NMethod: java.lang.invoke.DirectMethodHandle$Constructor.viewAsType (0x000074dd1fee3888) [0x000074dd1fee3980, 0x000074dd1fee3c20] Compiler: c1, Barriers: 4, Oops: 0, ImmediateOops: 0, NonImmediateOops: No
[2,267s][debug][gc,nmethod     ] Register NMethod: java.util.concurrent.ConcurrentHashMap.replaceNode (0x000074dd1fe62d88) [0x000074dd1fe62e80, 0x000074dd1fe63dc8] Compiler: c1, Barriers: 18, Oops: 0, ImmediateOops: 1, NonImmediateOops: No
[2,267s][debug][gc,nmethod     ] Register NMethod: java.util.concurrent.ConcurrentHashMap.replaceNode (0x000074dd1fe62d88) [0x000074dd1fe62e80, 0x000074dd1fe63dc8] Compiler: c1, Barriers: 18, Oops: 0, ImmediateOops: 1, NonImmediateOops: No
[2,267s][debug][gc,nmethod     ] Register NMethod: java.util.concurrent.ConcurrentHashMap.replaceNode (0x000074dd1fe62d88) [0x000074dd1fe62e80, 0x000074dd1fe63dc8] Compiler: c1, Barriers: 18, Oops: 0, ImmediateOops: 1, NonImmediateOops: No
[2,267s][debug][gc,nmethod     ] Register NMethod: java.util.concurrent.ConcurrentHashMap.replaceNode (0x000074dd1fe62d88) [0x000074dd1fe62e80, 0x000074dd1fe63dc8] Compiler: c1, Barriers: 18, Oops: 0, ImmediateOops: 1, NonImmediateOops: No
[2,267s][debug][gc,nmethod     ] Register NMethod: java.lang.invoke.VarHandleLongs$FieldInstanceReadOnly.getVolatile (0x000074dd1fee3c88) [0x000074dd1fee3d80, 0x000074dd1fee4778] Compiler: c1, Barriers: 1, Oops: 1, ImmediateOops: 0, NonImmediateOops: No
[2,267s][debug][gc,nmethod     ] Register NMethod: com.github.benmanes.caffeine.cache.SSLMW.accessOrderWindowDeque (0x000074dd3edb9008) [0x000074dd3edb9100, 0x000074dd3edb91f0] Compiler: c1, Barriers: 1, Oops: 1, ImmediateOops: 0, NonImmediateOops: No
[2,267s][debug][gc,nmethod     ] Register NMethod: java.lang.invoke.MethodHandle.invokeBasic (0x000074dd3edb9308) [0x000074dd3edb9400, 0x000074dd3edb9698] Compiler: , Barriers: 0, Oops: 0, ImmediateOops: 0, NonImmediateOops: No
[2,267s][debug][gc,nmethod     ] Register NMethod: com.github.benmanes.caffeine.cache.SSLMW.windowWeightedSize (0x000074dd3edb9708) [0x000074dd3edb9800, 0x000074dd3edb98c0] Compiler: c1, Barriers: 0, Oops: 1, ImmediateOops: 0, NonImmediateOops: No
[2,267s][debug][gc,nmethod     ] Register NMethod: java.util.concurrent.locks.AbstractQueuedLongSynchronizer.getState (0x000074dd3edb9a08) [0x000074dd3edb9b00, 0x000074dd3edb9bc8] Compiler: c1, Barriers: 0, Oops: 0, ImmediateOops: 0, NonImmediateOops: No
[2,268s][debug][gc,nmethod     ] Register NMethod: java.util.concurrent.locks.ReentrantLock$NonfairSync.initialTryLock (0x000074dd1fee4788) [0x000074dd1fee4880, 0x000074dd1fee5570] Compiler: c1, Barriers: 5, Oops: 0, ImmediateOops: 1, NonImmediateOops: No
[2,268s][debug][gc,nmethod     ] Register NMethod: java.lang.invoke.VarHandleGuards.guard_L_J (0x000074dd1fee5588) [0x000074dd1fee5680, 0x000074dd1fee8520] Compiler: c1, Barriers: 28, Oops: 0, ImmediateOops: 2, NonImmediateOops: No
[2,268s][debug][gc,nmethod     ] Register NMethod: java.lang.AbstractStringBuilder.isLatin1 (0x000074dd3edb9d08) [0x000074dd3edb9e00, 0x000074dd3edb9e68] Compiler: jvmci, Barriers: 0, Oops: 0, ImmediateOops: 0, NonImmediateOops: No
[2,268s][debug][gc,nmethod     ] Register NMethod: java.lang.invoke.Invokers$Holder.linkToTargetMethod (0x000074dd3edba008) [0x000074dd3edba100, 0x000074dd3edba210] Compiler: jvmci, Barriers: 0, Oops: 0, ImmediateOops: 0, NonImmediateOops: No
[2,268s][debug][gc,nmethod     ] Register NMethod: java.lang.StringBuilder.append (0x000074dd1fee8588) [0x000074dd1fee8680, 0x000074dd1fee87c8] Compiler: c1, Barriers: 0, Oops: 0, ImmediateOops: 0, NonImmediateOops: No
[2,269s][debug][gc,nmethod     ] Register NMethod: java.util.concurrent.locks.AbstractQueuedSynchronizer.signalNext (0x000074dd1fee8888) [0x000074dd1fee8980, 0x000074dd1fee9bf8] Compiler: c1, Barriers: 2, Oops: 0, ImmediateOops: 2, NonImmediateOops: No
[2,269s][debug][gc,nmethod     ] Register NMethod: java.lang.String.<init> (0x000074dd1fee9c08) [0x000074dd1fee9d00, 0x000074dd1feea8c0] Compiler: c1, Barriers: 10, Oops: 0, ImmediateOops: 0, NonImmediateOops: No
[2,269s][debug][gc,nmethod     ] Register NMethod: com.google.gson.stream.JsonReader.nextQuotedValue (0x000074dd1feea908) [0x000074dd1feeaa00, 0x000074dd1feecf60] Compiler: c1, Barriers: 1, Oops: 2, ImmediateOops: 3, NonImmediateOops: No
[2,269s][debug][gc,nmethod     ] Register NMethod: java.lang.Class.isArray (0x000074dd3edba308) [0x000074dd3edba400, 0x000074dd3edba4b8] Compiler: jvmci, Barriers: 1, Oops: 0, ImmediateOops: 0, NonImmediateOops: No
[2,269s][debug][gc,nmethod     ] Register NMethod: java.util.concurrent.locks.ReentrantLock.lock (0x000074dd1feecf88) [0x000074dd1feed080, 0x000074dd1feed850] Compiler: c1, Barriers: 1, Oops: 0, ImmediateOops: 0, NonImmediateOops: No
[2,269s][debug][gc,nmethod     ] Register NMethod: ch.qos.logback.core.pattern.Converter.getNext (0x000074dd3edba608) [0x000074dd3edba700, 0x000074dd3edba7e8] Compiler: c1, Barriers: 1, Oops: 1, ImmediateOops: 0, NonImmediateOops: No
[2,269s][debug][gc,nmethod     ] Register NMethod: java.lang.StringUTF16.compress (0x000074dd1feed888) [0x000074dd1feed980, 0x000074dd1feedbb0] Compiler: c1, Barriers: 0, Oops: 0, ImmediateOops: 0, NonImmediateOops: No
[2,270s][debug][gc,nmethod     ] Register NMethod: java.lang.String.checkBoundsBeginEnd (0x000074dd3edba908) [0x000074dd3edbaa00, 0x000074dd3edbaaa8] Compiler: jvmci, Barriers: 0, Oops: 0, ImmediateOops: 0, NonImmediateOops: No
[2,270s][debug][gc,nmethod     ] Register NMethod: java.lang.invoke.MethodHandle.linkToSpecial (0x000074dd3edbac08) [0x000074dd3edbad00, 0x000074dd3edbadf8] Compiler: , Barriers: 0, Oops: 0, ImmediateOops: 0, NonImmediateOops: No
[2,270s][debug][gc,nmethod     ] Register NMethod: java.lang.String.<init> (0x000074dd1feedc08) [0x000074dd1feedd00, 0x000074dd1feee2d8] Compiler: c1, Barriers: 6, Oops: 0, ImmediateOops: 1, NonImmediateOops: No
[2,270s][debug][gc,nmethod     ] Register NMethod: com.esotericsoftware.kryo.io.Output.require (0x000074dd1feee308) [0x000074dd1feee400, 0x000074dd1fef0b40] Compiler: c1, Barriers: 4, Oops: 4, ImmediateOops: 6, NonImmediateOops: No
[2,271s][debug][gc,nmethod     ] Register NMethod: org.gradle.internal.io.StreamByteBuffer.allocateSpace (0x000074dd3edbaf08) [0x000074dd3edbb000, 0x000074dd3edbb110] Compiler: jvmci, Barriers: 1, Oops: 1, ImmediateOops: 0, NonImmediateOops: No
[2,271s][debug][gc,nmethod     ] Register NMethod: java.lang.AbstractStringBuilder.needsNewBuffer (0x000074dd3edbb208) [0x000074dd3edbb300, 0x000074dd3edbb3d8] Compiler: jvmci, Barriers: 0, Oops: 0, ImmediateOops: 0, NonImmediateOops: No
[2,271s][debug][gc,nmethod     ] Register NMethod: java.lang.invoke.VarHandleSegmentAsLongs.get (0x000074dd3edbb508) [0x000074dd3edbb600, 0x000074dd3edbbdc0] Compiler: jvmci, Barriers: 4, Oops: 0, ImmediateOops: 0, NonImmediateOops: No
[2,271s][debug][gc,nmethod     ] Register NMethod: jdk.internal.misc.Unsafe.putLongVolatile (0x000074dd3edbbe08) [0x000074dd3edbbf00, 0x000074dd3edbc058] Compiler: , Barriers: 0, Oops: 0, ImmediateOops: 0, NonImmediateOops: No
[2,271s][debug][gc,nmethod     ] Register NMethod: sun.nio.ch.NativeThread.current (0x000074dd1fef0b88) [0x000074dd1fef0c80, 0x000074dd1fef1260] Compiler: c1, Barriers: 1, Oops: 0, ImmediateOops: 0, NonImmediateOops: No
[2,271s][debug][gc,nmethod     ] Register NMethod: sun.nio.ch.FileChannelImpl.ensureOpen (0x000074dd1fef1288) [0x000074dd1fef1380, 0x000074dd1fef1798] Compiler: c1, Barriers: 0, Oops: 0, ImmediateOops: 0, NonImmediateOops: No
[2,271s][debug][gc,nmethod     ] Register NMethod: sun.nio.ch.FileChannelImpl.beginBlocking (0x000074dd1fef1808) [0x000074dd1fef1900, 0x000074dd1fef1c28] Compiler: c1, Barriers: 0, Oops: 0, ImmediateOops: 0, NonImmediateOops: No
[2,271s][debug][gc,nmethod     ] Register NMethod: sun.nio.ch.NativeThread.isNativeThread (0x000074dd1fef1c88) [0x000074dd1fef1d80, 0x000074dd1fef1ee8] Compiler: c1, Barriers: 0, Oops: 0, ImmediateOops: 0, NonImmediateOops: No
[2,271s][debug][gc,nmethod     ] Register NMethod: java.util.stream.AbstractPipeline.isParallel (0x000074dd3edbc108) [0x000074dd3edbc200, 0x000074dd3edbc2e0] Compiler: jvmci, Barriers: 1, Oops: 0, ImmediateOops: 0, NonImmediateOops: No
[2,271s][debug][gc,nmethod     ] Register NMethod: sun.nio.ch.FileChannelImpl.endBlocking (0x000074dd1fef1f88) [0x000074dd1fef2080, 0x000074dd1fef23a8] Compiler: c1, Barriers: 0, Oops: 0, ImmediateOops: 0, NonImmediateOops: No
[2,271s][debug][gc,nmethod     ] Register NMethod: sun.nio.ch.NativeThreadSet.remove (0x000074dd1fef2408) [0x000074dd1fef2500, 0x000074dd1fef2ba8] Compiler: c1, Barriers: 1, Oops: 0, ImmediateOops: 0, NonImmediateOops: No
[2,271s][debug][gc,nmethod     ] Register NMethod: java.lang.invoke.MethodHandleStatics.traceLambdaForm (0x000074dd1fef2c08) [0x000074dd1fef2d00, 0x000074dd1fef2e68] Compiler: c1, Barriers: 0, Oops: 0, ImmediateOops: 0, NonImmediateOops: No
[2,272s][debug][gc,nmethod     ] Register NMethod: com.google.gson.stream.JsonReader.doPeek (0x000074dd1fef2f08) [0x000074dd1fef3000, 0x000074dd1ff00f88] Compiler: c1, Barriers: 4, Oops: 8, ImmediateOops: 33, NonImmediateOops: No
[2,272s][debug][gc,nmethod     ] Register NMethod: sun.nio.ch.NativeThreadSet.add (0x000074dd1ff01008) [0x000074dd1ff01100, 0x000074dd1ff02010] Compiler: c1, Barriers: 9, Oops: 0, ImmediateOops: 0, NonImmediateOops: No
[2,272s][debug][gc,nmethod     ] Register NMethod: java.lang.invoke.MethodHandle.invokeBasic (0x000074dd3edbc408) [0x000074dd3edbc500, 0x000074dd3edbc798] Compiler: , Barriers: 0, Oops: 0, ImmediateOops: 0, NonImmediateOops: No
[2,272s][debug][gc,nmethod     ] Register NMethod: java.lang.invoke.MethodHandle.linkToSpecial (0x000074dd3edbc808) [0x000074dd3edbc900, 0x000074dd3edbc9f8] Compiler: , Barriers: 0, Oops: 0, ImmediateOops: 0, NonImmediateOops: No
[2,273s][debug][gc,nmethod     ] Register NMethod: java.lang.invoke.MethodHandle.invokeBasic (0x000074dd3edbcb08) [0x000074dd3edbcc00, 0x000074dd3edbce98] Compiler: , Barriers: 0, Oops: 0, ImmediateOops: 0, NonImmediateOops: No
[2,273s][debug][gc,director    ] Rule Major: Warmup 10%, Used: 460MB, UsedThreshold: 1228MB
[2,273s][debug][gc,nmethod     ] Register NMethod: io.sirix.node.SirixDeweyID.toBytes (0x000074dd3edbcf08) [0x000074dd3edbd000, 0x000074dd3edbe5b8] Compiler: jvmci, Barriers: 11, Oops: 1, ImmediateOops: 3, NonImmediateOops: No
[2,274s][debug][gc,nmethod     ] Register NMethod: org.gradle.internal.io.LineBufferingOutputStream.write (0x000074dd3edbe608) [0x000074dd3edbe700, 0x000074dd3edbea10] Compiler: jvmci, Barriers: 4, Oops: 1, ImmediateOops: 0, NonImmediateOops: No
[2,274s][debug][gc,nmethod     ] Register NMethod: java.lang.invoke.LambdaFormEditor$TransformKey.inRange (0x000074dd1ff02088) [0x000074dd1ff02180, 0x000074dd1ff022c0] Compiler: c1, Barriers: 0, Oops: 0, ImmediateOops: 0, NonImmediateOops: No
[2,274s][debug][gc,nmethod     ] Register NMethod: java.lang.invoke.LambdaFormEditor$TransformKey.<init> (0x000074dd1ff02388) [0x000074dd1ff02480, 0x000074dd1ff02660] Compiler: c1, Barriers: 3, Oops: 0, ImmediateOops: 0, NonImmediateOops: No
[2,274s][debug][gc,nmethod     ] Register NMethod: java.lang.invoke.InvokerBytecodeGenerator.assertStaticType (0x000074dd1ff02688) [0x000074dd1ff02780, 0x000074dd1ff03318] Compiler: c1, Barriers: 6, Oops: 0, ImmediateOops: 0, NonImmediateOops: No
[2,274s][debug][gc,nmethod     ] Register NMethod: java.lang.invoke.LambdaForm$MH/0x0000000069084400.invoke (0x000074dd1ff03388) [0x000074dd1ff03480, 0x000074dd1ff03bf0] Compiler: c1, Barriers: 2, Oops: 1, ImmediateOops: 0, NonImmediateOops: No
[2,274s][debug][gc,nmethod     ] Register NMethod: java.lang.invoke.DirectMethodHandle$Holder.invokeSpecial (0x000074dd1ff03c08) [0x000074dd1ff03d00, 0x000074dd1ff040c8] Compiler: c1, Barriers: 1, Oops: 0, ImmediateOops: 0, NonImmediateOops: No
[2,274s][debug][gc,nmethod     ] Register NMethod: java.lang.invoke.LambdaFormEditor.getInCache (0x000074dd1ff04108) [0x000074dd1ff04200, 0x000074dd1ff05a30] Compiler: c1, Barriers: 7, Oops: 0, ImmediateOops: 0, NonImmediateOops: No
[2,276s][debug][gc,nmethod     ] Register NMethod: java.lang.invoke.MethodHandle.linkToStatic (0x000074dd3edbea88) [0x000074dd3edbeb80, 0x000074dd3edbec70] Compiler: , Barriers: 0, Oops: 0, ImmediateOops: 0, NonImmediateOops: No
[2,276s][debug][gc,nmethod     ] Register NMethod: jdk.internal.classfile.impl.AbstractPoolEntry$AbstractRefsEntry.<init> (0x000074dd3edbed88) [0x000074dd3edbee80, 0x000074dd3edbf158] Compiler: jvmci, Barriers: 9, Oops: 0, ImmediateOops: 0, NonImmediateOops: No
[2,276s][debug][gc,nmethod     ] Register NMethod: java.lang.invoke.MethodHandle.invokeBasic (0x000074dd3edbf188) [0x000074dd3edbf280, 0x000074dd3edbf518] Compiler: , Barriers: 0, Oops: 0, ImmediateOops: 0, NonImmediateOops: No
[2,276s][debug][gc,nmethod     ] Register NMethod: java.lang.invoke.MethodHandle.linkToSpecial (0x000074dd3edbf588) [0x000074dd3edbf680, 0x000074dd3edbf778] Compiler: , Barriers: 0, Oops: 0, ImmediateOops: 0, NonImmediateOops: No
[2,277s][debug][gc,nmethod     ] Register NMethod: java.lang.invoke.MethodHandle.invokeBasic (0x000074dd3edbf888) [0x000074dd3edbf980, 0x000074dd3edbfc18] Compiler: , Barriers: 0, Oops: 0, ImmediateOops: 0, NonImmediateOops: No
[2,277s][debug][gc,nmethod     ] Register NMethod: java.lang.invoke.LambdaForm$Name.internArguments (0x000074dd1ff05a88) [0x000074dd1ff05b80, 0x000074dd1ff067a8] Compiler: c1, Barriers: 6, Oops: 0, ImmediateOops: 0, NonImmediateOops: No
[2,277s][debug][gc,nmethod     ] Register NMethod: sun.nio.fs.Util.followLinks (0x000074dd1ff06808) [0x000074dd1ff06900, 0x000074dd1ff06ce8] Compiler: c1, Barriers: 1, Oops: 0, ImmediateOops: 2, NonImmediateOops: No
[2,278s][debug][gc,nmethod     ] Register NMethod: sun.nio.ch.UnixFileDispatcherImpl.size0 (0x000074dd3edbfc88) [0x000074dd3edbfd80, 0x000074dd3edbfee8] Compiler: , Barriers: 0, Oops: 0, ImmediateOops: 1, NonImmediateOops: No
[2,278s][debug][gc,nmethod     ] Register NMethod: java.util.concurrent.atomic.AtomicReference.get (0x000074dd3edbff88) [0x000074dd3edc0080, 0x000074dd3edc0168] Compiler: c1, Barriers: 1, Oops: 0, ImmediateOops: 0, NonImmediateOops: No
[2,278s][debug][gc,nmethod     ] Register NMethod: org.magicwerk.brownies.collections.IList$Iter.hasNext (0x000074dd1ff06d08) [0x000074dd1ff06e00, 0x000074dd1ff07210] Compiler: c1, Barriers: 1, Oops: 1, ImmediateOops: 0, NonImmediateOops: No
[2,278s][debug][gc,nmethod     ] Register NMethod: io.sirix.page.PageReference.setDatabaseId (0x000074dd1ff07288) [0x000074dd1ff07380, 0x000074dd1ff07490] Compiler: c1, Barriers: 0, Oops: 1, ImmediateOops: 0, NonImmediateOops: No
[2,278s][debug][gc,nmethod     ] Register NMethod: jdk.internal.classfile.impl.BufWriterImpl.writeU1U2U2 (0x000074dd3edc0288) [0x000074dd3edc0380, 0x000074dd3edc0910] Compiler: jvmci, Barriers: 4, Oops: 0, ImmediateOops: 0, NonImmediateOops: No
[2,278s][debug][gc,nmethod     ] Register NMethod: io.sirix.page.PageReference.setResourceId (0x000074dd1ff07588) [0x000074dd1ff07680, 0x000074dd1ff07790] Compiler: c1, Barriers: 0, Oops: 1, ImmediateOops: 0, NonImmediateOops: No
[2,278s][debug][gc,nmethod     ] Register NMethod: java.io.FileDescriptor.<init> (0x000074dd1ff07888) [0x000074dd1ff07980, 0x000074dd1ff07af0] Compiler: c1, Barriers: 0, Oops: 0, ImmediateOops: 0, NonImmediateOops: No
[2,279s][debug][gc,nmethod     ] Register NMethod: com.github.benmanes.caffeine.cache.BoundedLocalCache.refreshAfterWrite (0x000074dd3edc0988) [0x000074dd3edc0a80, 0x000074dd3edc0b40] Compiler: c1, Barriers: 0, Oops: 1, ImmediateOops: 0, NonImmediateOops: No
[2,279s][debug][gc,nmethod     ] Register NMethod: com.github.benmanes.caffeine.cache.BoundedLocalCache.expiry (0x000074dd3edc0c88) [0x000074dd3edc0d80, 0x000074dd3edc0e48] Compiler: c1, Barriers: 0, Oops: 1, ImmediateOops: 0, NonImmediateOops: No
[2,279s][debug][gc,nmethod     ] Register NMethod: org.magicwerk.brownies.collections.IList$Iter.next (0x000074dd1ff07b88) [0x000074dd1ff07c80, 0x000074dd1ff08478] Compiler: c1, Barriers: 2, Oops: 1, ImmediateOops: 0, NonImmediateOops: No
[2,279s][debug][gc,nmethod     ] Register NMethod: io.sirix.page.PageReference.<init> (0x000074dd1ff08488) [0x000074dd1ff08580, 0x000074dd1ff089d0] Compiler: c1, Barriers: 6, Oops: 1, ImmediateOops: 1, NonImmediateOops: No
[2,279s][debug][gc,nmethod     ] Register NMethod: java.lang.invoke.MethodHandle.invokeBasic (0x000074dd3edc0f88) [0x000074dd3edc1080, 0x000074dd3edc1318] Compiler: , Barriers: 0, Oops: 0, ImmediateOops: 0, NonImmediateOops: No
[2,280s][debug][gc,nmethod     ] Register NMethod: com.github.benmanes.caffeine.cache.PSMW.getWeight (0x000074dd3edc1388) [0x000074dd3edc1480, 0x000074dd3edc1540] Compiler: c1, Barriers: 0, Oops: 1, ImmediateOops: 0, NonImmediateOops: No
[2,280s][debug][gc,nmethod     ] Register NMethod: sun.nio.fs.NativeBuffers.copyCStringToNativeBuffer (0x000074dd1ff08a08) [0x000074dd1ff08b00, 0x000074dd1ff090c0] Compiler: c1, Barriers: 0, Oops: 1, ImmediateOops: 1, NonImmediateOops: No
[2,280s][debug][gc,nmethod     ] Register NMethod: jdk.internal.classfile.impl.AbstractPoolEntry$AbstractRefsEntry.writeTo (0x000074dd3edc1688) [0x000074dd3edc1780, 0x000074dd3edc1f00] Compiler: jvmci, Barriers: 6, Oops: 0, ImmediateOops: 0, NonImmediateOops: No
[2,280s][debug][gc,nmethod     ] Register NMethod: java.lang.invoke.VarHandleGuards.guard_LJJ_Z (0x000074dd1ff09108) [0x000074dd1ff09200, 0x000074dd1ff0c0e0] Compiler: c1, Barriers: 28, Oops: 0, ImmediateOops: 2, NonImmediateOops: No
[2,281s][debug][gc,nmethod     ] Register NMethod: io.sirix.page.SerializationType.readHash (0x000074dd1ff0c108) [0x000074dd1ff0c200, 0x000074dd1ff0c768] Compiler: c1, Barriers: 3, Oops: 1, ImmediateOops: 0, NonImmediateOops: No
[2,281s][debug][gc,nmethod     ] Register NMethod: io.sirix.page.SerializationType.readPageFragments (0x000074dd1ff0c788) [0x000074dd1ff0c880, 0x000074dd1ff0d480] Compiler: c1, Barriers: 1, Oops: 1, ImmediateOops: 0, NonImmediateOops: No
[2,281s][debug][gc,nmethod     ] Register NMethod: java.lang.invoke.MethodType.methodType (0x000074dd3edc1f08) [0x000074dd3edc2000, 0x000074dd3edc2de0] Compiler: jvmci, Barriers: 25, Oops: 3, ImmediateOops: 9, NonImmediateOops: No
[2,281s][debug][gc,nmethod     ] Register NMethod: org.magicwerk.brownies.collections.GapList.add (0x000074dd1ff0d508) [0x000074dd1ff0d600, 0x000074dd1ff0db18] Compiler: c1, Barriers: 0, Oops: 1, ImmediateOops: 0, NonImmediateOops: No
[2,281s][debug][gc,nmethod     ] Register NMethod: com.github.benmanes.caffeine.cache.SSLSMW.weightedSize (0x000074dd3edc2e08) [0x000074dd3edc2f00, 0x000074dd3edc2fc0] Compiler: c1, Barriers: 0, Oops: 1, ImmediateOops: 0, NonImmediateOops: No
[2,281s][debug][gc,nmethod     ] Register NMethod: org.magicwerk.brownies.collections.GapList.doEnsureCapacity (0x000074dd1ff0db88) [0x000074dd1ff0dc80, 0x000074dd1ff0e528] Compiler: c1, Barriers: 6, Oops: 1, ImmediateOops: 0, NonImmediateOops: No
[2,281s][debug][gc,nmethod     ] Register NMethod: org.magicwerk.brownies.collections.IList.checkIndexAdd (0x000074dd1ff0e588) [0x000074dd1ff0e680, 0x000074dd1ff0fe88] Compiler: c1, Barriers: 0, Oops: 4, ImmediateOops: 4, NonImmediateOops: No
[2,281s][debug][gc,nmethod     ] Register NMethod: java.util.concurrent.ForkJoinPool.deactivate (0x000074dd1ff0ff08) [0x000074dd1ff10000, 0x000074dd1ff10aa8] Compiler: c1, Barriers: 4, Oops: 0, ImmediateOops: 0, NonImmediateOops: No
[2,281s][debug][gc,nmethod     ] Register NMethod: java.nio.ByteBuffer.wrap (0x000074dd1ff10b08) [0x000074dd1ff10c00, 0x000074dd1ff10e70] Compiler: c1, Barriers: 0, Oops: 0, ImmediateOops: 0, NonImmediateOops: No
[2,281s][debug][gc,nmethod     ] Register NMethod: io.sirix.page.KeyValueLeafPage.updateLastSlotIndex (0x000074dd1ff10e88) [0x000074dd1ff10f80, 0x000074dd1ff11300] Compiler: c1, Barriers: 2, Oops: 1, ImmediateOops: 0, NonImmediateOops: No
[2,281s][debug][gc,nmethod     ] Register NMethod: io.sirix.page.KeyValueLeafPage.updateFreeSpaceStart (0x000074dd1ff11388) [0x000074dd1ff11480, 0x000074dd1ff11a08] Compiler: c1, Barriers: 0, Oops: 1, ImmediateOops: 0, NonImmediateOops: No
[2,282s][debug][gc,nmethod     ] Register NMethod: java.nio.ByteBuffer.wrap (0x000074dd1ff11a88) [0x000074dd1ff11b80, 0x000074dd1ff11ca0] Compiler: c1, Barriers: 0, Oops: 0, ImmediateOops: 0, NonImmediateOops: No
[2,282s][debug][gc,nmethod     ] Register NMethod: java.nio.ByteBuffer.put (0x000074dd1ff11d88) [0x000074dd1ff11e80, 0x000074dd1ff12190] Compiler: c1, Barriers: 0, Oops: 0, ImmediateOops: 0, NonImmediateOops: No
[2,282s][debug][gc,nmethod     ] Register NMethod: io.sirix.page.KeyValueLeafPage.findFreeSpaceForSlots (0x000074dd1ff12208) [0x000074dd1ff12300, 0x000074dd1ff12fe0] Compiler: c1, Barriers: 4, Oops: 1, ImmediateOops: 0, NonImmediateOops: No
[2,282s][debug][gc,nmethod     ] Register NMethod: java.nio.Buffer.checkSession (0x000074dd1ff13008) [0x000074dd1ff13100, 0x000074dd1ff144c0] Compiler: c1, Barriers: 5, Oops: 0, ImmediateOops: 2, NonImmediateOops: No
[2,282s][debug][gc,nmethod     ] Register NMethod: org.magicwerk.brownies.collections.GapList.doAdd (0x000074dd1ff14508) [0x000074dd1ff14600, 0x000074dd1ff165c0] Compiler: c1, Barriers: 13, Oops: 1, ImmediateOops: 0, NonImmediateOops: No
[2,282s][debug][gc,nmethod     ] Register NMethod: java.nio.HeapByteBuffer.put (0x000074dd1ff16608) [0x000074dd1ff16700, 0x000074dd1ff186d0] Compiler: c1, Barriers: 6, Oops: 0, ImmediateOops: 2, NonImmediateOops: No
[2,282s][debug][gc,nmethod     ] Register NMethod: io.sirix.node.NodeSerializerImpl.deserializeDeweyID (0x000074dd1ff18708) [0x000074dd1ff18800, 0x000074dd1ff19788] Compiler: c1, Barriers: 0, Oops: 1, ImmediateOops: 0, NonImmediateOops: No
[2,282s][debug][gc,nmethod     ] Register NMethod: java.nio.ByteBuffer.position (0x000074dd3edc3108) [0x000074dd3edc3200, 0x000074dd3edc32e0] Compiler: jvmci, Barriers: 0, Oops: 0, ImmediateOops: 0, NonImmediateOops: No
[2,282s][debug][gc,nmethod     ] Register NMethod: java.nio.HeapByteBuffer.ix (0x000074dd3edc3408) [0x000074dd3edc3500, 0x000074dd3edc3588] Compiler: jvmci, Barriers: 0, Oops: 0, ImmediateOops: 0, NonImmediateOops: No
[2,282s][debug][gc,nmethod     ] Register NMethod: java.lang.invoke.MemberName.getMethodType (0x000074dd3edc3708) [0x000074dd3edc3800, 0x000074dd3edc3d48] Compiler: jvmci, Barriers: 8, Oops: 0, ImmediateOops: 0, NonImmediateOops: No
[2,283s][debug][gc,director    ] Rule Major: Warmup 10%, Used: 462MB, UsedThreshold: 1228MB
[2,283s][debug][gc,nmethod     ] Register NMethod: jdk.internal.misc.ScopedMemoryAccess.getLongUnaligned (0x000074dd1ff19808) [0x000074dd1ff19900, 0x000074dd1ff1a768] Compiler: c1, Barriers: 3, Oops: 0, ImmediateOops: 3, NonImmediateOops: No
[2,284s][debug][gc,nmethod     ] Register NMethod: java.util.concurrent.locks.ReentrantLock$Sync.tryRelease (0x000074dd1ff1a788) [0x000074dd1ff1a880, 0x000074dd1ff1b380] Compiler: c1, Barriers: 5, Oops: 0, ImmediateOops: 0, NonImmediateOops: No
[2,285s][debug][gc,nmethod     ] Register NMethod: java.lang.invoke.MethodHandle.invokeBasic (0x000074dd3edc3d88) [0x000074dd3edc3e80, 0x000074dd3edc4118] Compiler: , Barriers: 0, Oops: 0, ImmediateOops: 0, NonImmediateOops: No
[2,286s][debug][gc,nmethod     ] Register NMethod: java.lang.invoke.VarHandleGuards.guard_LIL_V (0x000074dd1ff1b388) [0x000074dd1ff1b480, 0x000074dd1ff20048] Compiler: c1, Barriers: 46, Oops: 1, ImmediateOops: 6, NonImmediateOops: No
[2,287s][debug][gc,nmethod     ] Register NMethod: java.lang.foreign.MemorySegment.copy (0x000074dd3edc4188) [0x000074dd3edc4280, 0x000074dd3edc4838] Compiler: jvmci, Barriers: 7, Oops: 1, ImmediateOops: 0, NonImmediateOops: No
[2,287s][debug][gc,nmethod     ] Register NMethod: io.sirix.node.MemorySegmentBytesIn.readInt (0x000074dd3edc4888) [0x000074dd3edc4980, 0x000074dd3edc4d98] Compiler: jvmci, Barriers: 4, Oops: 3, ImmediateOops: 0, NonImmediateOops: No
[2,289s][debug][gc,nmethod     ] Register NMethod: java.util.regex.Pattern.next (0x000074dd1ff20088) [0x000074dd1ff20180, 0x000074dd1ff20400] Compiler: c1, Barriers: 1, Oops: 0, ImmediateOops: 0, NonImmediateOops: No
[2,289s][debug][gc,nmethod     ] Register NMethod: java.lang.Character.digit (0x000074dd1ff20408) [0x000074dd1ff20500, 0x000074dd1ff20830] Compiler: c1, Barriers: 0, Oops: 0, ImmediateOops: 0, NonImmediateOops: No
[2,289s][debug][gc,nmethod     ] Register NMethod: java.lang.Character.digit (0x000074dd1ff20888) [0x000074dd1ff20980, 0x000074dd1ff20d08] Compiler: c1, Barriers: 0, Oops: 0, ImmediateOops: 0, NonImmediateOops: No
[2,289s][debug][gc,nmethod     ] Register NMethod: java.lang.CharacterDataLatin1.digit (0x000074dd1ff20d88) [0x000074dd1ff20e80, 0x000074dd1ff21098] Compiler: c1, Barriers: 0, Oops: 0, ImmediateOops: 1, NonImmediateOops: No
[2,290s][debug][gc,nmethod     ] Register NMethod: io.sirix.page.KeyValueLeafPage.setData (0x000074dd1ff21108) [0x000074dd1ff21200, 0x000074dd1ff46540] Compiler: c1, Barriers: 104, Oops: 13, ImmediateOops: 82, NonImmediateOops: No
[2,290s][debug][gc,nmethod     ] Register NMethod: java.util.regex.Pattern$Node.<init> (0x000074dd1ff46608) [0x000074dd1ff46700, 0x000074dd1ff468e0] Compiler: c1, Barriers: 3, Oops: 0, ImmediateOops: 1, NonImmediateOops: No
[2,290s][debug][gc,nmethod     ] Register NMethod: java.lang.StringUTF16.codePointAt (0x000074dd1ff46908) [0x000074dd1ff46a00, 0x000074dd1ff470e8] Compiler: c1, Barriers: 0, Oops: 1, ImmediateOops: 2, NonImmediateOops: No
[2,292s][debug][gc,nmethod     ] Register NMethod: java.util.concurrent.ConcurrentHashMap$BaseIterator.<init> (0x000074dd1ff47108) [0x000074dd1ff47200, 0x000074dd1ff475a8] Compiler: c1, Barriers: 3, Oops: 0, ImmediateOops: 0, NonImmediateOops: No
[2,293s][debug][gc,director    ] Rule Major: Warmup 10%, Used: 464MB, UsedThreshold: 1228MB
[2,294s][debug][gc,nmethod     ] Register NMethod: io.brackit.query.jdm.AbstractItem.<init> (0x000074dd3edc4e08) [0x000074dd3edc4f00, 0x000074dd3edc4f80] Compiler: jvmci, Barriers: 0, Oops: 1, ImmediateOops: 0, NonImmediateOops: No
[2,296s][debug][gc,nmethod     ] Register NMethod: io.brackit.query.function.AbstractFunction.getName (0x000074dd3edc5108) [0x000074dd3edc5200, 0x000074dd3edc52e8] Compiler: c1, Barriers: 1, Oops: 1, ImmediateOops: 0, NonImmediateOops: No
[2,296s][debug][gc,nmethod     ] Register NMethod: io.brackit.query.jdm.type.SequenceType.<init> (0x000074dd1ff47608) [0x000074dd1ff47700, 0x000074dd1ff47948] Compiler: c1, Barriers: 6, Oops: 1, ImmediateOops: 0, NonImmediateOops: No
[2,298s][debug][gc,nmethod     ] Register NMethod: io.sirix.page.KeyValueLeafPage.resizeMemorySegment (0x000074dd3edc5408) [0x000074dd3edc5500, 0x000074dd3edc5e88] Compiler: jvmci, Barriers: 6, Oops: 3, ImmediateOops: 0, NonImmediateOops: No
[2,301s][debug][gc,nmethod     ] Register NMethod: java.io.FileDescriptor.valid (0x000074dd1ff47988) [0x000074dd1ff47a80, 0x000074dd1ff47c08] Compiler: c1, Barriers: 0, Oops: 0, ImmediateOops: 0, NonImmediateOops: No
[2,302s][debug][gc,nmethod     ] Register NMethod: java.io.FileInputStream.read (0x000074dd1ff47c88) [0x000074dd1ff47d80, 0x000074dd1ff47fd8] Compiler: c1, Barriers: 0, Oops: 0, ImmediateOops: 1, NonImmediateOops: No
[2,302s][debug][gc,nmethod     ] Register NMethod: io.brackit.query.function.AbstractFunction.<init> (0x000074dd1ff48008) [0x000074dd1ff48100, 0x000074dd1ff48410] Compiler: c1, Barriers: 6, Oops: 1, ImmediateOops: 0, NonImmediateOops: No
[2,302s][debug][gc,nmethod     ] Register NMethod: io.brackit.query.module.Functions.predefine (0x000074dd1ff48488) [0x000074dd1ff48580, 0x000074dd1ff49d10] Compiler: c1, Barriers: 10, Oops: 3, ImmediateOops: 3, NonImmediateOops: No
[2,303s][debug][gc,nmethod     ] Register NMethod: java.util.concurrent.ConcurrentHashMap.transfer (0x000074dd3edc5f08) [0x000074dd3edc6000, 0x000074dd3edc7a50] Compiler: jvmci, Barriers: 71, Oops: 1, ImmediateOops: 0, NonImmediateOops: No
[2,303s][debug][gc,nmethod     ] Register NMethod: io.brackit.query.jdm.Signature.<init> (0x000074dd1ff49d88) [0x000074dd1ff49e80, 0x000074dd1ff4a150] Compiler: c1, Barriers: 9, Oops: 1, ImmediateOops: 0, NonImmediateOops: No
[2,303s][debug][gc,nmethod     ] Register NMethod: java.io.FileDescriptor.close0 (0x000074dd3edc7a88) [0x000074dd3edc7b80, 0x000074dd3edc7cc8] Compiler: , Barriers: 0, Oops: 0, ImmediateOops: 0, NonImmediateOops: No
[2,303s][debug][gc,director    ] Rule Major: Warmup 10%, Used: 464MB, UsedThreshold: 1228MB
[2,306s][debug][gc,nmethod     ] Register NMethod: java.util.Arrays.copyOf (0x000074dd3edc7d88) [0x000074dd3edc7e80, 0x000074dd3edc8480] Compiler: jvmci, Barriers: 1, Oops: 0, ImmediateOops: 2, NonImmediateOops: No
[2,307s][debug][gc,nmethod     ] Register NMethod: java.lang.String.getBytes (0x000074dd3edc8488) [0x000074dd3edc8580, 0x000074dd3edc8910] Compiler: jvmci, Barriers: 1, Oops: 0, ImmediateOops: 0, NonImmediateOops: No
[2,307s][debug][gc,nmethod     ] Register NMethod: java.lang.AbstractStringBuilder.newCapacity (0x000074dd3edc8988) [0x000074dd3edc8a80, 0x000074dd3edc8b70] Compiler: jvmci, Barriers: 0, Oops: 0, ImmediateOops: 0, NonImmediateOops: No
[2,307s][debug][gc,nmethod     ] Register NMethod: java.lang.invoke.MethodType.hashCode (0x000074dd3edc8c88) [0x000074dd3edc8d80, 0x000074dd3edc8fe8] Compiler: jvmci, Barriers: 3, Oops: 0, ImmediateOops: 0, NonImmediateOops: No
[2,309s][debug][gc,nmethod     ] Register NMethod: java.lang.AbstractStringBuilder.ensureCapacityNewCoder (0x000074dd3edc9008) [0x000074dd3edc9100, 0x000074dd3edc96b8] Compiler: jvmci, Barriers: 0, Oops: 0, ImmediateOops: 0, NonImmediateOops: No
[2,310s][debug][gc,nmethod     ] Register NMethod: java.io.FileDescriptor.attach (0x000074dd1ff4a188) [0x000074dd1ff4a280, 0x000074dd1ff4b270] Compiler: c1, Barriers: 16, Oops: 0, ImmediateOops: 1, NonImmediateOops: No
[2,313s][debug][gc,director    ] Rule Major: Warmup 10%, Used: 466MB, UsedThreshold: 1228MB
[2,315s][debug][gc,nmethod     ] Register NMethod: io.brackit.query.atomic.QNm.<init> (0x000074dd1ff4b288) [0x000074dd1ff4b380, 0x000074dd1ff4b828] Compiler: c1, Barriers: 9, Oops: 1, ImmediateOops: 3, NonImmediateOops: No
[2,315s][debug][gc,nmethod     ] Register NMethod: io.brackit.query.compiler.parser.Tokenizer.ws (0x000074dd1ff4b888) [0x000074dd1ff4b980, 0x000074dd1ff4bdd8] Compiler: c1, Barriers: 1, Oops: 1, ImmediateOops: 0, NonImmediateOops: No
[2,315s][debug][gc,nmethod     ] Register NMethod: io.brackit.query.compiler.parser.Tokenizer.laSkipWS (0x000074dd1ff4be08) [0x000074dd1ff4bf00, 0x000074dd1ff4d0c8] Compiler: c1, Barriers: 7, Oops: 2, ImmediateOops: 2, NonImmediateOops: No
[2,318s][debug][gc,nmethod     ] Register NMethod: io.brackit.query.compiler.AST.getType (0x000074dd3edc9708) [0x000074dd3edc9800, 0x000074dd3edc98c0] Compiler: c1, Barriers: 0, Oops: 1, ImmediateOops: 0, NonImmediateOops: No
[2,319s][debug][gc,nmethod     ] Register NMethod: jdk.internal.loader.URLClassPath$FileLoader.getResource (0x000074dd3edc9a08) [0x000074dd3edc9b00, 0x000074dd3edca920] Compiler: jvmci, Barriers: 15, Oops: 1, ImmediateOops: 3, NonImmediateOops: No
[2,319s][debug][gc,nmethod     ] Register NMethod: java.io.FileDescriptor$1.get (0x000074dd1ff4d108) [0x000074dd1ff4d200, 0x000074dd1ff4d308] Compiler: c1, Barriers: 0, Oops: 0, ImmediateOops: 0, NonImmediateOops: No
[2,319s][debug][gc,nmethod     ] Register NMethod: java.io.FileDescriptor$1.getHandle (0x000074dd1ff4d408) [0x000074dd1ff4d500, 0x000074dd1ff4d608] Compiler: c1, Barriers: 0, Oops: 0, ImmediateOops: 0, NonImmediateOops: No
[2,320s][debug][gc,nmethod     ] Register NMethod: java.io.FileCleanable.<init> (0x000074dd1ff4d708) [0x000074dd1ff4d800, 0x000074dd1ff4d960] Compiler: c1, Barriers: 0, Oops: 0, ImmediateOops: 0, NonImmediateOops: No
[2,320s][debug][gc,nmethod     ] Register NMethod: java.io.FileCleanable.register (0x000074dd1ff4da08) [0x000074dd1ff4db00, 0x000074dd1ff4e868] Compiler: c1, Barriers: 4, Oops: 2, ImmediateOops: 2, NonImmediateOops: No
[2,320s][debug][gc,nmethod     ] Register NMethod: io.brackit.query.compiler.AST.getChildCount (0x000074dd1ff4e888) [0x000074dd1ff4e980, 0x000074dd1ff4eb20] Compiler: c1, Barriers: 1, Oops: 1, ImmediateOops: 0, NonImmediateOops: No
[2,320s][debug][gc,nmethod     ] Register NMethod: java.io.FileDescriptor.registerCleanup (0x000074dd1ff4eb88) [0x000074dd1ff4ec80, 0x000074dd1ff4f308] Compiler: c1, Barriers: 4, Oops: 1, ImmediateOops: 1, NonImmediateOops: No
[2,321s][debug][gc,nmethod     ] Register NMethod: io.brackit.query.compiler.AST.getChild (0x000074dd1ff4f388) [0x000074dd1ff4f480, 0x000074dd1ff50ab0] Compiler: c1, Barriers: 13, Oops: 2, ImmediateOops: 3, NonImmediateOops: No
[2,322s][debug][gc,nmethod     ] Register NMethod: io.brackit.query.compiler.optimizer.walker.Walker.walkInternal (0x000074dd1ff50b08) [0x000074dd1ff50c00, 0x000074dd1ff51948] Compiler: c1, Barriers: 2, Oops: 1, ImmediateOops: 0, NonImmediateOops: No
[2,323s][debug][gc,nmethod     ] Register NMethod: io.brackit.query.compiler.optimizer.walker.topdown.ScopeWalker.walkInspect (0x000074dd1ff51988) [0x000074dd1ff51a80, 0x000074dd1ff51e48] Compiler: c1, Barriers: 1, Oops: 1, ImmediateOops: 0, NonImmediateOops: No
[2,323s][debug][gc,director    ] Rule Major: Warmup 10%, Used: 468MB, UsedThreshold: 1228MB
[2,323s][debug][gc,nmethod     ] Register NMethod: io.brackit.query.compiler.optimizer.walker.topdown.ScopeWalker.inspect (0x000074dd1ff51e88) [0x000074dd1ff51f80, 0x000074dd1ff53168] Compiler: c1, Barriers: 12, Oops: 1, ImmediateOops: 0, NonImmediateOops: No
[2,326s][debug][gc,nmethod     ] Register NMethod: java.io.FileInputStream.open0 (0x000074dd3edca988) [0x000074dd3edcaa80, 0x000074dd3edcabd8] Compiler: , Barriers: 0, Oops: 0, ImmediateOops: 0, NonImmediateOops: No
[2,331s][debug][gc,nmethod     ] Register NMethod: java.util.logging.Level.intValue (0x000074dd3edcac88) [0x000074dd3edcad80, 0x000074dd3edcae40] Compiler: c1, Barriers: 0, Oops: 0, ImmediateOops: 0, NonImmediateOops: No
[2,333s][debug][gc,nmethod     ] Register NMethod: io.sirix.page.PageKind$1.serializePage (0x000074dd3edcaf88) [0x000074dd3edcb080, 0x000074dd3edd2508] Compiler: jvmci, Barriers: 156, Oops: 15, ImmediateOops: 5, NonImmediateOops: No
[2,333s][debug][gc,director    ] Rule Major: Warmup 10%, Used: 468MB, UsedThreshold: 1228MB
[2,334s][debug][gc,nmethod     ] Register NMethod: io.sirix.axis.AbstractAxis.hasNext (0x000074dd1ff53188) [0x000074dd1ff53280, 0x000074dd1ff53d48] Compiler: c1, Barriers: 2, Oops: 1, ImmediateOops: 1, NonImmediateOops: No
[2,336s][debug][gc,nmethod     ] Register NMethod: io.sirix.page.KeyValueLeafPage.updateLastSlotIndex (0x000074dd3edd2588) [0x000074dd3edd2680, 0x000074dd3edd2898] Compiler: jvmci, Barriers: 2, Oops: 1, ImmediateOops: 0, NonImmediateOops: No
[2,336s][debug][gc,nmethod     ] Register NMethod: java.util.concurrent.ForkJoinPool.compareAndSetCtl (0x000074dd1ff53d88) [0x000074dd1ff53e80, 0x000074dd1ff53fa0] Compiler: c1, Barriers: 0, Oops: 0, ImmediateOops: 0, NonImmediateOops: No
[2,337s][debug][gc,nmethod     ] Register NMethod: java.lang.invoke.VarHandleReferences$Array.runtimeTypeCheck (0x000074dd1ff54088) [0x000074dd1ff54180, 0x000074dd1ff55550] Compiler: c1, Barriers: 5, Oops: 0, ImmediateOops: 0, NonImmediateOops: No
[2,337s][debug][gc,nmethod     ] Register NMethod: java.lang.invoke.VarHandleReferences$Array.setRelease (0x000074dd1ff55588) [0x000074dd1ff55680, 0x000074dd1ff576e8] Compiler: c1, Barriers: 5, Oops: 2, ImmediateOops: 2, NonImmediateOops: No
[2,338s][debug][gc,nmethod     ] Register NMethod: com.github.benmanes.caffeine.cache.PS.getKeyReference (0x000074dd1ff57708) [0x000074dd1ff57800, 0x000074dd1ff589d8] Compiler: c1, Barriers: 1, Oops: 7, ImmediateOops: 8, NonImmediateOops: No
[2,338s][debug][gc,nmethod     ] Register NMethod: java.util.concurrent.ForkJoinPool.signalWork (0x000074dd1ff58a88) [0x000074dd1ff58b80, 0x000074dd1ff59438] Compiler: c1, Barriers: 3, Oops: 0, ImmediateOops: 1, NonImmediateOops: No
[2,338s][debug][gc,nmethod     ] Register NMethod: io.sirix.page.KeyValueLeafPage.findFreeSpaceForSlots (0x000074dd3edd2908) [0x000074dd3edd2a00, 0x000074dd3edd2c08] Compiler: jvmci, Barriers: 2, Oops: 1, ImmediateOops: 0, NonImmediateOops: No
[2,339s][debug][gc,nmethod     ] Register NMethod: io.sirix.query.node.XmlDBNode.<init> (0x000074dd1ff59488) [0x000074dd1ff59580, 0x000074dd1ff5ae10] Compiler: c1, Barriers: 16, Oops: 1, ImmediateOops: 1, NonImmediateOops: No
[2,339s][debug][gc,nmethod     ] Register NMethod: java.net.URLStreamHandler.parseURL (0x000074dd3edd2c88) [0x000074dd3edd2d80, 0x000074dd3edd5c18] Compiler: jvmci, Barriers: 55, Oops: 2, ImmediateOops: 4, NonImmediateOops: No
[2,340s][debug][gc,nmethod     ] Register NMethod: io.sirix.page.KeyValueLeafPage.updateFreeSpaceStart (0x000074dd3edd5c88) [0x000074dd3edd5d80, 0x000074dd3edd6218] Compiler: jvmci, Barriers: 4, Oops: 3, ImmediateOops: 0, NonImmediateOops: No
[2,340s][debug][gc,nmethod     ] Register NMethod: io.sirix.access.trx.node.AbstractNodeReadOnlyTrx.getNodeKey (0x000074dd1ff5ae88) [0x000074dd1ff5af80, 0x000074dd1ff5b5e8] Compiler: c1, Barriers: 1, Oops: 1, ImmediateOops: 1, NonImmediateOops: No
[2,340s][debug][gc,nmethod     ] Register NMethod: io.sirix.node.MemorySegmentBytesIn.readByte (0x000074dd3edd6288) [0x000074dd3edd6380, 0x000074dd3edd6700] Compiler: jvmci, Barriers: 4, Oops: 2, ImmediateOops: 0, NonImmediateOops: No
[2,340s][debug][gc,nmethod     ] Register NMethod: net.jpountz.lz4.LZ4BlockInputStream.tryReadFully (0x000074dd1ff5b608) [0x000074dd1ff5b700, 0x000074dd1ff5bc80] Compiler: c1, Barriers: 1, Oops: 1, ImmediateOops: 0, NonImmediateOops: No
[2,340s][debug][gc,nmethod     ] Register NMethod: java.lang.ClassLoader.getClassLoadingLock (0x000074dd3edd6788) [0x000074dd3edd6880, 0x000074dd3edd7d60] Compiler: jvmci, Barriers: 39, Oops: 1, ImmediateOops: 0, NonImmediateOops: No
[2,341s][debug][gc,nmethod     ] Register NMethod: java.lang.Long.numberOfTrailingZeros (0x000074dd3edd7d88) [0x000074dd3edd7e80, 0x000074dd3edd7f00] Compiler: jvmci, Barriers: 0, Oops: 0, ImmediateOops: 0, NonImmediateOops: No
[2,341s][debug][gc,nmethod     ] Register NMethod: java.util.BitSet.nextSetBit (0x000074dd3edd8088) [0x000074dd3edd8180, 0x000074dd3edd8300] Compiler: jvmci, Barriers: 1, Oops: 0, ImmediateOops: 0, NonImmediateOops: No
[2,341s][debug][gc,nmethod     ] Register NMethod: com.github.benmanes.caffeine.cache.PSMW.getNextInAccessOrder (0x000074dd3edd8388) [0x000074dd3edd8480, 0x000074dd3edd8568] Compiler: c1, Barriers: 1, Oops: 1, ImmediateOops: 0, NonImmediateOops: No
[2,342s][debug][gc,nmethod     ] Register NMethod: com.github.benmanes.caffeine.cache.BoundedLocalCache.collectKeys (0x000074dd3edd8688) [0x000074dd3edd8780, 0x000074dd3edd8840] Compiler: c1, Barriers: 0, Oops: 1, ImmediateOops: 0, NonImmediateOops: No
[2,342s][debug][gc,nmethod     ] Register NMethod: com.github.benmanes.caffeine.cache.BoundedLocalCache.pacer (0x000074dd3edd8988) [0x000074dd3edd8a80, 0x000074dd3edd8b48] Compiler: c1, Barriers: 0, Oops: 1, ImmediateOops: 0, NonImmediateOops: No
[2,343s][debug][gc,nmethod     ] Register NMethod: com.github.benmanes.caffeine.cache.BaseMpscLinkedArrayQueue.lvProducerIndex (0x000074dd1ff5bd08) [0x000074dd1ff5be00, 0x000074dd1ff5cb08] Compiler: c1, Barriers: 0, Oops: 6, ImmediateOops: 5, NonImmediateOops: No
[2,343s][debug][gc,nmethod     ] Register NMethod: java.lang.invoke.VarHandleReferences$Array.getVolatile (0x000074dd1ff5cb88) [0x000074dd1ff5cc80, 0x000074dd1ff5d7e8] Compiler: c1, Barriers: 2, Oops: 2, ImmediateOops: 1, NonImmediateOops: No
[2,343s][debug][gc,nmethod     ] Register NMethod: com.github.benmanes.caffeine.cache.BaseMpscLinkedArrayQueue.lvElement (0x000074dd1ff5d808) [0x000074dd1ff5d900, 0x000074dd1ff5eac8] Compiler: c1, Barriers: 1, Oops: 8, ImmediateOops: 9, NonImmediateOops: No
[2,343s][debug][gc,nmethod     ] Register NMethod: io.sirix.access.trx.node.AbstractNodeReadOnlyTrx.getKind (0x000074dd1ff5eb88) [0x000074dd1ff5ec80, 0x000074dd1ff5f2e8] Compiler: c1, Barriers: 1, Oops: 1, ImmediateOops: 1, NonImmediateOops: No
[2,343s][debug][gc,nmethod     ] Register NMethod: io.sirix.axis.AbstractAxis.tryToComputeNext (0x000074dd1ff5f308) [0x000074dd1ff5f400, 0x000074dd1ff5fb30] Compiler: c1, Barriers: 10, Oops: 1, ImmediateOops: 5, NonImmediateOops: No
[2,343s][debug][gc,director    ] Rule Major: Warmup 10%, Used: 470MB, UsedThreshold: 1228MB
[2,344s][debug][gc,nmethod     ] Register NMethod: io.sirix.access.trx.node.AbstractNodeReadOnlyTrx.moveTo (0x000074dd1ff5fb88) [0x000074dd1ff5fc80, 0x000074dd1ff617e8] Compiler: c1, Barriers: 11, Oops: 1, ImmediateOops: 4, NonImmediateOops: No
[2,344s][debug][gc,nmethod     ] Register NMethod: io.sirix.access.trx.node.AbstractNodeReadOnlyTrx.hasRightSibling (0x000074dd1ff61808) [0x000074dd1ff61900, 0x000074dd1ff62120] Compiler: c1, Barriers: 0, Oops: 1, ImmediateOops: 1, NonImmediateOops: No
[2,344s][debug][gc,nmethod     ] Register NMethod: java.lang.invoke.VarHandleGuards.guard_LI_V (0x000074dd1ff62188) [0x000074dd1ff62280, 0x000074dd1ff66e28] Compiler: c1, Barriers: 46, Oops: 1, ImmediateOops: 6, NonImmediateOops: No
[2,344s][debug][gc,nmethod     ] Register NMethod: com.github.benmanes.caffeine.cache.BaseMpscLinkedArrayQueue.soElement (0x000074dd1ff66e88) [0x000074dd1ff66f80, 0x000074dd1ff69088] Compiler: c1, Barriers: 3, Oops: 8, ImmediateOops: 11, NonImmediateOops: No
[2,344s][debug][gc,nmethod     ] Register NMethod: java.lang.invoke.VarHandleGuards.guard_LI_L (0x000074dd1ff69108) [0x000074dd1ff69200, 0x000074dd1ff6c698] Compiler: c1, Barriers: 29, Oops: 0, ImmediateOops: 2, NonImmediateOops: No
[2,344s][debug][gc,nmethod     ] Register NMethod: io.sirix.axis.AbstractAxis.<init> (0x000074dd1ff6c708) [0x000074dd1ff6c800, 0x000074dd1ff6d250] Compiler: c1, Barriers: 9, Oops: 1, ImmediateOops: 2, NonImmediateOops: No
[2,344s][debug][gc,nmethod     ] Register NMethod: io.sirix.axis.filter.FilterAxis.nextKey (0x000074dd1ff6d288) [0x000074dd1ff6d380, 0x000074dd1ff6e990] Compiler: c1, Barriers: 3, Oops: 1, ImmediateOops: 1, NonImmediateOops: No
[2,344s][debug][gc,nmethod     ] Register NMethod: io.sirix.axis.filter.FilterAxis.reset (0x000074dd3edd8c88) [0x000074dd3edd8d80, 0x000074dd3edd8ee8] Compiler: jvmci, Barriers: 4, Oops: 1, ImmediateOops: 1, NonImmediateOops: No
[2,344s][debug][gc,nmethod     ] Register NMethod: io.sirix.node.MemorySegmentBytesIn.position (0x000074dd3edd8f88) [0x000074dd3edd9080, 0x000074dd3edd9140] Compiler: c1, Barriers: 0, Oops: 1, ImmediateOops: 0, NonImmediateOops: No
[2,344s][debug][gc,nmethod     ] Register NMethod: io.sirix.axis.AbstractAxis.nextLong (0x000074dd1ff6ea08) [0x000074dd1ff6eb00, 0x000074dd1ff6f590] Compiler: c1, Barriers: 5, Oops: 1, ImmediateOops: 1, NonImmediateOops: No
[2,345s][debug][gc,nmethod     ] Register NMethod: com.github.benmanes.caffeine.cache.SSLMW.windowMaximum (0x000074dd3edd9288) [0x000074dd3edd9380, 0x000074dd3edd9440] Compiler: c1, Barriers: 0, Oops: 1, ImmediateOops: 0, NonImmediateOops: No
[2,345s][debug][gc,nmethod     ] Register NMethod: io.sirix.access.trx.page.NodePageReadOnlyTrx.getMostRecentPage (0x000074dd1ff6f608) [0x000074dd1ff6f700, 0x000074dd1ff70008] Compiler: c1, Barriers: 11, Oops: 1, ImmediateOops: 1, NonImmediateOops: No
[2,345s][debug][gc,nmethod     ] Register NMethod: com.github.benmanes.caffeine.cache.BaseMpscLinkedArrayQueue.lvProducerLimit (0x000074dd3edd9588) [0x000074dd3edd9680, 0x000074dd3edd9748] Compiler: c1, Barriers: 0, Oops: 1, ImmediateOops: 0, NonImmediateOops: No
[2,346s][debug][gc,nmethod     ] Register NMethod: io.sirix.node.MemorySegmentBytesIn.read (0x000074dd3edd9888) [0x000074dd3edd9980, 0x000074dd3edda108] Compiler: jvmci, Barriers: 4, Oops: 3, ImmediateOops: 0, NonImmediateOops: No
[2,346s][debug][gc,nmethod     ] Register NMethod: java.util.concurrent.ForkJoinPool$WorkQueue.push (0x000074dd1ff70088) [0x000074dd1ff70180, 0x000074dd1ff70e28] Compiler: c1, Barriers: 9, Oops: 0, ImmediateOops: 1, NonImmediateOops: No
[2,346s][debug][gc,nmethod     ] Register NMethod: java.lang.invoke.MethodHandle.invokeBasic (0x000074dd3edda188) [0x000074dd3edda280, 0x000074dd3edda518] Compiler: , Barriers: 0, Oops: 0, ImmediateOops: 0, NonImmediateOops: No
[2,346s][debug][gc,nmethod     ] Register NMethod: io.sirix.node.MemorySegmentBytesIn.read (0x000074dd3edda588) [0x000074dd3edda680, 0x000074dd3eddac80] Compiler: jvmci, Barriers: 4, Oops: 3, ImmediateOops: 0, NonImmediateOops: No
[2,347s][debug][gc,nmethod     ] Register NMethod: java.lang.invoke.VarHandleGuards.guard_LII_Z (0x000074dd1ff70e88) [0x000074dd1ff70f80, 0x000074dd1ff73e58] Compiler: c1, Barriers: 28, Oops: 0, ImmediateOops: 2, NonImmediateOops: No
[2,347s][debug][gc,nmethod     ] Register NMethod: io.sirix.cache.BufferManagerImpl.getRecordPageCache (0x000074dd3eddad08) [0x000074dd3eddae00, 0x000074dd3eddaee8] Compiler: c1, Barriers: 1, Oops: 1, ImmediateOops: 0, NonImmediateOops: No
[2,347s][debug][gc,nmethod     ] Register NMethod: com.github.benmanes.caffeine.cache.BaseMpscLinkedArrayQueue.poll (0x000074dd1ff73e88) [0x000074dd1ff73f80, 0x000074dd1ff79948] Compiler: c1, Barriers: 6, Oops: 16, ImmediateOops: 39, NonImmediateOops: No
[2,347s][debug][gc,nmethod     ] Register NMethod: java.lang.invoke.VarHandleInts$FieldInstanceReadWrite.compareAndSet (0x000074dd1ff79a08) [0x000074dd1ff79b00, 0x000074dd1ff7a530] Compiler: c1, Barriers: 1, Oops: 1, ImmediateOops: 0, NonImmediateOops: No
[2,347s][debug][gc,nmethod     ] Register NMethod: io.sirix.axis.AbstractAxis.done (0x000074dd1ff7a588) [0x000074dd1ff7a680, 0x000074dd1ff7a968] Compiler: c1, Barriers: 0, Oops: 1, ImmediateOops: 1, NonImmediateOops: No
[2,347s][debug][gc,nmethod     ] Register NMethod: io.sirix.node.MemorySegmentBytesIn.position (0x000074dd3eddb008) [0x000074dd3eddb100, 0x000074dd3eddb1c0] Compiler: c1, Barriers: 0, Oops: 1, ImmediateOops: 0, NonImmediateOops: No
[2,347s][debug][gc,nmethod     ] Register NMethod: java.util.concurrent.ForkJoinPool$WorkQueue.nextLocalTask (0x000074dd1ff7a988) [0x000074dd1ff7aa80, 0x000074dd1ff7bad8] Compiler: c1, Barriers: 9, Oops: 1, ImmediateOops: 1, NonImmediateOops: No
[2,347s][debug][gc,nmethod     ] Register NMethod: io.sirix.axis.AbstractAxis.resetToLastKey (0x000074dd3eddb308) [0x000074dd3eddb400, 0x000074dd3eddb758] Compiler: jvmci, Barriers: 4, Oops: 1, ImmediateOops: 0, NonImmediateOops: No
[2,347s][debug][gc,nmethod     ] Register NMethod: io.sirix.node.SirixDeweyID.<init> (0x000074dd1ff7bb08) [0x000074dd1ff7bc00, 0x000074dd1ff7c7a0] Compiler: c1, Barriers: 3, Oops: 1, ImmediateOops: 2, NonImmediateOops: No
[2,347s][debug][gc,nmethod     ] Register NMethod: com.github.benmanes.caffeine.cache.BLCHeader$DrainStatusRef.casDrainStatus (0x000074dd1ff7c808) [0x000074dd1ff7c900, 0x000074dd1ff7d550] Compiler: c1, Barriers: 0, Oops: 6, ImmediateOops: 5, NonImmediateOops: No
[2,347s][debug][gc,nmethod     ] Register NMethod: io.sirix.axis.AbstractAxis.asXmlNodeReadTrx (0x000074dd1ff7d588) [0x000074dd1ff7d680, 0x000074dd1ff7dce0] Compiler: c1, Barriers: 1, Oops: 1, ImmediateOops: 1, NonImmediateOops: No
[2,348s][debug][gc,nmethod     ] Register NMethod: io.brackit.query.atomic.AbstractAtomic.<init> (0x000074dd3eddb788) [0x000074dd3eddb880, 0x000074dd3eddb900] Compiler: jvmci, Barriers: 0, Oops: 1, ImmediateOops: 0, NonImmediateOops: No
[2,348s][debug][gc,nmethod     ] Register NMethod: jdk.internal.foreign.SegmentBulkOperations.copy (0x000074dd3eddba88) [0x000074dd3eddbb80, 0x000074dd3eddcd30] Compiler: jvmci, Barriers: 27, Oops: 1, ImmediateOops: 0, NonImmediateOops: No
[2,348s][debug][gc,nmethod     ] Register NMethod: jdk.internal.util.DecimalDigits.uncheckedPutPairLatin1 (0x000074dd1ff7dd08) [0x000074dd1ff7de00, 0x000074dd1ff7df88] Compiler: c1, Barriers: 0, Oops: 0, ImmediateOops: 1, NonImmediateOops: No
[2,348s][debug][gc,nmethod     ] Register NMethod: io.sirix.node.xml.TextNode.hasRightSibling (0x000074dd1ff7e008) [0x000074dd1ff7e100, 0x000074dd1ff83538] Compiler: c1, Barriers: 19, Oops: 7, ImmediateOops: 12, NonImmediateOops: No
[2,349s][debug][gc,nmethod     ] Register NMethod: java.nio.HeapByteBuffer.<init> (0x000074dd3eddcd88) [0x000074dd3eddce80, 0x000074dd3eddd0c0] Compiler: jvmci, Barriers: 6, Oops: 0, ImmediateOops: 0, NonImmediateOops: No
[2,350s][debug][gc,nmethod     ] Register NMethod: com.github.benmanes.caffeine.cache.BoundedLocalCache.valueReferenceQueue (0x000074dd3eddd108) [0x000074dd3eddd200, 0x000074dd3eddd2c8] Compiler: c1, Barriers: 0, Oops: 1, ImmediateOops: 0, NonImmediateOops: No
[2,350s][debug][gc,nmethod     ] Register NMethod: jdk.internal.misc.Unsafe.putIntRelease (0x000074dd1ff83588) [0x000074dd1ff83680, 0x000074dd1ff83788] Compiler: c1, Barriers: 0, Oops: 0, ImmediateOops: 0, NonImmediateOops: No
[2,350s][debug][gc,nmethod     ] Register NMethod: java.lang.invoke.VarHandleInts$FieldInstanceReadWrite.setRelease (0x000074dd1ff83888) [0x000074dd1ff83980, 0x000074dd1ff84580] Compiler: c1, Barriers: 1, Oops: 1, ImmediateOops: 1, NonImmediateOops: No
[2,350s][debug][gc,nmethod     ] Register NMethod: io.brackit.query.jdm.AbstractItem$1.next (0x000074dd1ff84608) [0x000074dd1ff84700, 0x000074dd1ff84890] Compiler: c1, Barriers: 1, Oops: 1, ImmediateOops: 0, NonImmediateOops: No
[2,350s][debug][gc,nmethod     ] Register NMethod: com.github.benmanes.caffeine.cache.BLCHeader$DrainStatusRef.setDrainStatusRelease (0x000074dd1ff84908) [0x000074dd1ff84a00, 0x000074dd1ff85860] Compiler: c1, Barriers: 0, Oops: 6, ImmediateOops: 6, NonImmediateOops: No
[2,350s][debug][gc,nmethod     ] Register NMethod: io.sirix.access.trx.node.AbstractNodeReadOnlyTrx.moveToParent (0x000074dd1ff85908) [0x000074dd1ff85a00, 0x000074dd1ff86260] Compiler: c1, Barriers: 1, Oops: 1, ImmediateOops: 1, NonImmediateOops: No
[2,350s][debug][gc,nmethod     ] Register NMethod: java.nio.HeapByteBuffer.put (0x000074dd3eddd408) [0x000074dd3eddd500, 0x000074dd3eddd950] Compiler: jvmci, Barriers: 3, Oops: 0, ImmediateOops: 0, NonImmediateOops: No
[2,350s][debug][gc,nmethod     ] Register NMethod: com.github.benmanes.caffeine.cache.BoundedLocalCache.isComputingAsync (0x000074dd1ff86288) [0x000074dd1ff86380, 0x000074dd1ff87b20] Compiler: c1, Barriers: 1, Oops: 7, ImmediateOops: 8, NonImmediateOops: No
[2,351s][debug][gc,nmethod     ] Register NMethod: java.nio.ByteBuffer.wrap (0x000074dd3eddd988) [0x000074dd3eddda80, 0x000074dd3edddc60] Compiler: jvmci, Barriers: 2, Oops: 0, ImmediateOops: 0, NonImmediateOops: No
[2,352s][debug][gc,nmethod     ] Register NMethod: java.util.concurrent.CopyOnWriteArrayList.size (0x000074dd1ff87b88) [0x000074dd1ff87c80, 0x000074dd1ff87f88] Compiler: c1, Barriers: 1, Oops: 0, ImmediateOops: 0, NonImmediateOops: No
[2,352s][debug][gc,nmethod     ] Register NMethod: com.github.benmanes.caffeine.cache.PSMW.setPreviousInAccessOrder (0x000074dd3edddc88) [0x000074dd3edddd80, 0x000074dd3edddeb0] Compiler: c1, Barriers: 3, Oops: 1, ImmediateOops: 0, NonImmediateOops: No
[2,352s][debug][gc,nmethod     ] Register NMethod: com.github.benmanes.caffeine.cache.PSMW.setNextInAccessOrder (0x000074dd3edddf88) [0x000074dd3edde080, 0x000074dd3edde1b0] Compiler: c1, Barriers: 3, Oops: 1, ImmediateOops: 0, NonImmediateOops: No
[2,352s][debug][gc,nmethod     ] Register NMethod: com.github.benmanes.caffeine.cache.SSLSMW.windowWeightedSize (0x000074dd3edde288) [0x000074dd3edde380, 0x000074dd3edde440] Compiler: c1, Barriers: 0, Oops: 1, ImmediateOops: 0, NonImmediateOops: No
[2,352s][debug][gc,nmethod     ] Register NMethod: io.brackit.query.sequence.BaseIter.<init> (0x000074dd1ff88008) [0x000074dd1ff88100, 0x000074dd1ff88258] Compiler: c1, Barriers: 0, Oops: 1, ImmediateOops: 0, NonImmediateOops: No
[2,352s][debug][gc,nmethod     ] Register NMethod: io.sirix.query.stream.node.SirixNodeStream.next (0x000074dd1ff88308) [0x000074dd1ff88400, 0x000074dd1ff886f8] Compiler: c1, Barriers: 0, Oops: 1, ImmediateOops: 0, NonImmediateOops: No
[2,352s][debug][gc,nmethod     ] Register NMethod: io.brackit.query.jdm.Type.instanceOf (0x000074dd1ff88708) [0x000074dd1ff88800, 0x000074dd1ff88a30] Compiler: c1, Barriers: 1, Oops: 1, ImmediateOops: 0, NonImmediateOops: No
[2,352s][debug][gc,nmethod     ] Register NMethod: io.brackit.query.expr.StepExpr$AxisStepSequenceIter.next (0x000074dd1ff88a88) [0x000074dd1ff88b80, 0x000074dd1ff89318] Compiler: c1, Barriers: 9, Oops: 1, ImmediateOops: 0, NonImmediateOops: No
[2,352s][debug][gc,nmethod     ] Register NMethod: io.sirix.query.stream.node.SirixNodeStream.next (0x000074dd1ff89388) [0x000074dd1ff89480, 0x000074dd1ff8a368] Compiler: c1, Barriers: 5, Oops: 1, ImmediateOops: 1, NonImmediateOops: No
[2,352s][debug][gc,nmethod     ] Register NMethod: java.util.concurrent.ForkJoinPool.awaitWork (0x000074dd1ff8a388) [0x000074dd1ff8a480, 0x000074dd1ff8b190] Compiler: c1, Barriers: 2, Oops: 0, ImmediateOops: 1, NonImmediateOops: No
[2,353s][debug][gc,nmethod     ] Register NMethod: java.lang.invoke.VarHandleGuards.guard_L_L (0x000074dd3edde588) [0x000074dd3edde680, 0x000074dd3eddf218] Compiler: jvmci, Barriers: 28, Oops: 0, ImmediateOops: 5, NonImmediateOops: No
[2,353s][debug][gc,nmethod     ] Register NMethod: io.sirix.page.KeyValueLeafPage.setDeweyId (0x000074dd3eddf288) [0x000074dd3eddf380, 0x000074dd3eddf4c0] Compiler: jvmci, Barriers: 2, Oops: 1, ImmediateOops: 0, NonImmediateOops: No
[2,353s][debug][gc,nmethod     ] Register NMethod: io.sirix.page.KeyValueLeafPage.setSlot (0x000074dd3eddf588) [0x000074dd3eddf680, 0x000074dd3eddf780] Compiler: jvmci, Barriers: 2, Oops: 1, ImmediateOops: 0, NonImmediateOops: No
[2,353s][debug][gc,nmethod     ] Register NMethod: io.sirix.page.KeyValueLeafPage.getPageKey (0x000074dd3eddf888) [0x000074dd3eddf980, 0x000074dd3eddfa40] Compiler: c1, Barriers: 0, Oops: 1, ImmediateOops: 0, NonImmediateOops: No
[2,353s][debug][gc,director    ] Rule Major: Warmup 10%, Used: 474MB, UsedThreshold: 1228MB
[2,354s][debug][gc,nmethod     ] Register NMethod: java.util.concurrent.atomic.AtomicInteger.<init> (0x000074dd1ff8b208) [0x000074dd1ff8b300, 0x000074dd1ff8b4c0] Compiler: c1, Barriers: 0, Oops: 0, ImmediateOops: 0, NonImmediateOops: No
[2,354s][debug][gc,nmethod     ] Register NMethod: com.github.benmanes.caffeine.cache.SSLSMW.maximum (0x000074dd3eddfb88) [0x000074dd3eddfc80, 0x000074dd3eddfd40] Compiler: c1, Barriers: 0, Oops: 1, ImmediateOops: 0, NonImmediateOops: No
[2,355s][debug][gc,nmethod     ] Register NMethod: io.brackit.query.expr.Accessor.getAxis (0x000074dd3eddfe88) [0x000074dd3eddff80, 0x000074dd3ede0068] Compiler: c1, Barriers: 1, Oops: 1, ImmediateOops: 0, NonImmediateOops: No
[2,355s][debug][gc,nmethod     ] Register NMethod: it.unimi.dsi.fastutil.longs.LongArrayList.<init> (0x000074dd1ff8b508) [0x000074dd1ff8b600, 0x000074dd1ff8b8a8] Compiler: c1, Barriers: 0, Oops: 1, ImmediateOops: 0, NonImmediateOops: No
[2,355s][debug][gc,nmethod     ] Register NMethod: io.sirix.access.trx.node.xml.XmlNodeReadOnlyTrxImpl.getAttributeCount (0x000074dd1ff8b908) [0x000074dd1ff8ba00, 0x000074dd1ff8c960] Compiler: c1, Barriers: 2, Oops: 1, ImmediateOops: 2, NonImmediateOops: No
[2,355s][debug][gc,nmethod     ] Register NMethod: io.sirix.axis.filter.xml.ElementFilter.filter (0x000074dd1ff8c988) [0x000074dd1ff8ca80, 0x000074dd1ff8d200] Compiler: c1, Barriers: 1, Oops: 1, ImmediateOops: 1, NonImmediateOops: No
[2,355s][debug][gc,nmethod     ] Register NMethod: io.sirix.access.trx.node.AbstractNodeReadOnlyTrx.getRightSiblingKey (0x000074dd1ff8d288) [0x000074dd1ff8d380, 0x000074dd1ff8dba0] Compiler: c1, Barriers: 0, Oops: 1, ImmediateOops: 1, NonImmediateOops: No
[2,355s][debug][gc,nmethod     ] Register NMethod: io.sirix.node.xml.ElementNode.getAttributeCount (0x000074dd3ede0188) [0x000074dd3ede0280, 0x000074dd3ede0390] Compiler: jvmci, Barriers: 1, Oops: 1, ImmediateOops: 0, NonImmediateOops: No
[2,355s][debug][gc,nmethod     ] Register NMethod: it.unimi.dsi.fastutil.longs.LongArrayList.initArrayFromCapacity (0x000074dd1ff8dc08) [0x000074dd1ff8dd00, 0x000074dd1ff8ee48] Compiler: c1, Barriers: 6, Oops: 3, ImmediateOops: 4, NonImmediateOops: No
[2,355s][debug][gc,nmethod     ] Register NMethod: io.brackit.query.jdm.type.SequenceType.getItemType (0x000074dd3ede0488) [0x000074dd3ede0580, 0x000074dd3ede0668] Compiler: c1, Barriers: 1, Oops: 1, ImmediateOops: 0, NonImmediateOops: No
[2,355s][debug][gc,nmethod     ] Register NMethod: io.sirix.query.node.XmlDBNode.moveRtx (0x000074dd1ff8ee88) [0x000074dd1ff8ef80, 0x000074dd1ff8f2c0] Compiler: c1, Barriers: 1, Oops: 1, ImmediateOops: 0, NonImmediateOops: No
[2,355s][debug][gc,nmethod     ] Register NMethod: io.brackit.query.atomic.QNm.<init> (0x000074dd1ff8f308) [0x000074dd1ff8f400, 0x000074dd1ff8f838] Compiler: c1, Barriers: 9, Oops: 1, ImmediateOops: 4, NonImmediateOops: No
[2,356s][debug][gc,nmethod     ] Register NMethod: io.brackit.query.jdm.type.AnyItemType.matches (0x000074dd3ede0788) [0x000074dd3ede0880, 0x000074dd3ede0940] Compiler: c1, Barriers: 0, Oops: 1, ImmediateOops: 0, NonImmediateOops: No
[2,356s][debug][gc,nmethod     ] Register NMethod: io.brackit.query.jdm.Axis.isForward (0x000074dd3ede0a88) [0x000074dd3ede0b80, 0x000074dd3ede0c40] Compiler: c1, Barriers: 0, Oops: 1, ImmediateOops: 0, NonImmediateOops: No
[2,356s][debug][gc,nmethod     ] Register NMethod: io.sirix.query.node.XmlDBNode.getCollection (0x000074dd3ede0d88) [0x000074dd3ede0e80, 0x000074dd3ede0f68] Compiler: c1, Barriers: 1, Oops: 1, ImmediateOops: 0, NonImmediateOops: No
[2,356s][debug][gc,nmethod     ] Register NMethod: io.sirix.node.xml.ElementNode.hasRightSibling (0x000074dd1ff8f888) [0x000074dd1ff8f980, 0x000074dd1ff94db8] Compiler: c1, Barriers: 19, Oops: 7, ImmediateOops: 12, NonImmediateOops: No
[2,356s][debug][gc,nmethod     ] Register NMethod: io.sirix.axis.filter.FilterAxis.<init> (0x000074dd1ff94e08) [0x000074dd1ff94f00, 0x000074dd1ff97a88] Compiler: c1, Barriers: 24, Oops: 1, ImmediateOops: 3, NonImmediateOops: No
[2,356s][debug][gc,nmethod     ] Register NMethod: java.nio.HeapByteBuffer.getLong (0x000074dd1ff97b08) [0x000074dd1ff97c00, 0x000074dd1ff996c8] Compiler: c1, Barriers: 6, Oops: 1, ImmediateOops: 4, NonImmediateOops: No
[2,357s][debug][gc,nmethod     ] Register NMethod: com.github.benmanes.caffeine.cache.SSLSMW.accessOrderWindowDeque (0x000074dd3ede1088) [0x000074dd3ede1180, 0x000074dd3ede1270] Compiler: c1, Barriers: 1, Oops: 1, ImmediateOops: 0, NonImmediateOops: No
[2,357s][debug][gc,nmethod     ] Register NMethod: io.sirix.node.json.JsonNodeSerializer.readSizePrefix (0x000074dd1ff99708) [0x000074dd1ff99800, 0x000074dd1ff99a20] Compiler: c1, Barriers: 0, Oops: 1, ImmediateOops: 0, NonImmediateOops: No
[2,357s][debug][gc,nmethod     ] Register NMethod: io.sirix.axis.filter.xml.XmlNameFilter.filter (0x000074dd1ff99a88) [0x000074dd1ff99b80, 0x000074dd1ff9afc8] Compiler: c1, Barriers: 3, Oops: 1, ImmediateOops: 0, NonImmediateOops: No
[2,358s][debug][gc,nmethod     ] Register NMethod: io.sirix.access.trx.node.xml.XmlNodeReadOnlyTrxImpl.isNameNode (0x000074dd1ff9b008) [0x000074dd1ff9b100, 0x000074dd1ff9b950] Compiler: c1, Barriers: 1, Oops: 1, ImmediateOops: 1, NonImmediateOops: No
[2,358s][debug][gc,nmethod     ] Register NMethod: io.sirix.node.MemorySegmentBytesIn.getUnderlying (0x000074dd3ede1388) [0x000074dd3ede1480, 0x000074dd3ede16c0] Compiler: jvmci, Barriers: 4, Oops: 1, ImmediateOops: 0, NonImmediateOops: No
[2,358s][debug][gc,nmethod     ] Register NMethod: io.sirix.access.trx.node.xml.XmlNodeReadOnlyTrxImpl.getLocalNameKey (0x000074dd1ff9b988) [0x000074dd1ff9ba80, 0x000074dd1ff9c960] Compiler: c1, Barriers: 1, Oops: 1, ImmediateOops: 1, NonImmediateOops: No
[2,358s][debug][gc,nmethod     ] Register NMethod: io.sirix.access.trx.node.AbstractNodeReadOnlyTrx.getDeweyID (0x000074dd1ff9c988) [0x000074dd1ff9ca80, 0x000074dd1ff9d0e8] Compiler: c1, Barriers: 1, Oops: 1, ImmediateOops: 1, NonImmediateOops: No
[2,358s][debug][gc,nmethod     ] Register NMethod: io.brackit.query.atomic.Str.stringValue (0x000074dd3ede1708) [0x000074dd3ede1800, 0x000074dd3ede18e8] Compiler: c1, Barriers: 1, Oops: 1, ImmediateOops: 0, NonImmediateOops: No
[2,358s][debug][gc,nmethod     ] Register NMethod: io.sirix.access.trx.node.xml.XmlNodeReadOnlyTrxImpl.getPrefixKey (0x000074dd1ff9d108) [0x000074dd1ff9d200, 0x000074dd1ff9e0e0] Compiler: c1, Barriers: 1, Oops: 1, ImmediateOops: 1, NonImmediateOops: No
[2,358s][debug][gc,nmethod     ] Register NMethod: io.brackit.query.jdm.type.AttributeType.getQName (0x000074dd3ede1a08) [0x000074dd3ede1b00, 0x000074dd3ede1be8] Compiler: c1, Barriers: 1, Oops: 1, ImmediateOops: 0, NonImmediateOops: No
[2,358s][debug][gc,nmethod     ] Register NMethod: io.brackit.query.jdm.Type.isNumeric (0x000074dd3ede1d08) [0x000074dd3ede1e00, 0x000074dd3ede1ec0] Compiler: c1, Barriers: 0, Oops: 1, ImmediateOops: 0, NonImmediateOops: No
[2,358s][debug][gc,nmethod     ] Register NMethod: io.brackit.query.atomic.Una.<init> (0x000074dd3ede2008) [0x000074dd3ede2100, 0x000074dd3ede2218] Compiler: jvmci, Barriers: 3, Oops: 1, ImmediateOops: 0, NonImmediateOops: No
[2,358s][debug][gc,nmethod     ] Register NMethod: io.brackit.query.jdm.AbstractItem$1.close (0x000074dd1ff9e108) [0x000074dd1ff9e200, 0x000074dd1ff9e300] Compiler: c1, Barriers: 0, Oops: 1, ImmediateOops: 0, NonImmediateOops: No
[2,358s][debug][gc,nmethod     ] Register NMethod: io.brackit.query.jdm.AbstractItem$1.<init> (0x000074dd1ff9e408) [0x000074dd1ff9e500, 0x000074dd1ff9e738] Compiler: c1, Barriers: 3, Oops: 1, ImmediateOops: 0, NonImmediateOops: No
[2,358s][debug][gc,nmethod     ] Register NMethod: io.brackit.query.atomic.Bool.booleanValue (0x000074dd3ede2308) [0x000074dd3ede2400, 0x000074dd3ede24c0] Compiler: c1, Barriers: 0, Oops: 1, ImmediateOops: 0, NonImmediateOops: No
[2,359s][debug][gc,nmethod     ] Register NMethod: io.brackit.query.jdm.AbstractItem.iterate (0x000074dd1ff9e788) [0x000074dd1ff9e880, 0x000074dd1ff9eb68] Compiler: c1, Barriers: 3, Oops: 1, ImmediateOops: 0, NonImmediateOops: No
[2,359s][debug][gc,nmethod     ] Register NMethod: io.sirix.axis.AttributeAxis.nextKey (0x000074dd1ff9eb88) [0x000074dd1ff9ec80, 0x000074dd1ffa1b70] Compiler: c1, Barriers: 4, Oops: 1, ImmediateOops: 7, NonImmediateOops: No
[2,360s][debug][gc,nmethod     ] Register NMethod: net.jpountz.lz4.LZ4BlockInputStream.read (0x000074dd1ffa1b88) [0x000074dd1ffa1c80, 0x000074dd1ffa2560] Compiler: c1, Barriers: 1, Oops: 1, ImmediateOops: 1, NonImmediateOops: No
[2,362s][debug][gc,nmethod     ] Register NMethod: io.sirix.page.KeyValueLeafPage.getPinCount (0x000074dd1ffa2588) [0x000074dd1ffa2680, 0x000074dd1ffa2990] Compiler: c1, Barriers: 1, Oops: 1, ImmediateOops: 0, NonImmediateOops: No
[2,364s][debug][gc,director    ] Rule Major: Warmup 10%, Used: 476MB, UsedThreshold: 1228MB
[2,365s][debug][gc,nmethod     ] Register NMethod: java.util.concurrent.ForkJoinPool$WorkQueue.topLevelExec (0x000074dd1ffa2a08) [0x000074dd1ffa2b00, 0x000074dd1ffa38c0] Compiler: c1, Barriers: 0, Oops: 0, ImmediateOops: 0, NonImmediateOops: No
[2,365s][debug][gc,nmethod     ] Register NMethod: com.github.benmanes.caffeine.cache.SSLMW.setHitsInSample (0x000074dd3ede2608) [0x000074dd3ede2700, 0x000074dd3ede27c0] Compiler: c1, Barriers: 0, Oops: 1, ImmediateOops: 0, NonImmediateOops: No
[2,366s][debug][gc,nmethod     ] Register NMethod: com.github.benmanes.caffeine.cache.PSMW.getPreviousInAccessOrder (0x000074dd1ffa3908) [0x000074dd1ffa3a00, 0x000074dd1ffa3d00] Compiler: c1, Barriers: 1, Oops: 1, ImmediateOops: 0, NonImmediateOops: No
[2,366s][debug][gc,nmethod     ] Register NMethod: io.sirix.page.KeyValueLeafPage.resizeMemorySegment (0x000074dd3ede2908) [0x000074dd3ede2a00, 0x000074dd3ede4488] Compiler: jvmci, Barriers: 27, Oops: 2, ImmediateOops: 0, NonImmediateOops: No
[2,366s][debug][gc,nmethod     ] Register NMethod: io.sirix.node.MemorySegmentBytesIn.readLong (0x000074dd3ede4508) [0x000074dd3ede4600, 0x000074dd3ede49a0] Compiler: jvmci, Barriers: 4, Oops: 3, ImmediateOops: 0, NonImmediateOops: No
[2,367s][debug][gc,nmethod     ] Register NMethod: com.github.benmanes.caffeine.cache.SSLSMW.windowMaximum (0x000074dd3ede4a08) [0x000074dd3ede4b00, 0x000074dd3ede4bc0] Compiler: c1, Barriers: 0, Oops: 1, ImmediateOops: 0, NonImmediateOops: No
[2,369s][debug][gc,nmethod     ] Register NMethod: io.brackit.query.atomic.AbstractNumeric.<init> (0x000074dd1ffa3d88) [0x000074dd1ffa3e80, 0x000074dd1ffa40f8] Compiler: c1, Barriers: 0, Oops: 1, ImmediateOops: 0, NonImmediateOops: No
[2,369s][debug][gc,nmethod     ] Register NMethod: io.brackit.query.sequence.LazySequence.<init> (0x000074dd1ffa4108) [0x000074dd1ffa4200, 0x000074dd1ffa43b8] Compiler: c1, Barriers: 0, Oops: 1, ImmediateOops: 0, NonImmediateOops: No
[2,369s][debug][gc,nmethod     ] Register NMethod: io.brackit.query.atomic.Int32.<init> (0x000074dd1ffa4408) [0x000074dd1ffa4500, 0x000074dd1ffa47d8] Compiler: c1, Barriers: 0, Oops: 1, ImmediateOops: 0, NonImmediateOops: No
[2,370s][debug][gc,nmethod     ] Register NMethod: io.sirix.node.xml.TextNode.<init> (0x000074dd1ffa4808) [0x000074dd1ffa4900, 0x000074dd1ffa4be8] Compiler: c1, Barriers: 3, Oops: 1, ImmediateOops: 0, NonImmediateOops: No
[2,370s][debug][gc,nmethod     ] Register NMethod: io.sirix.node.xml.ElementNode.<init> (0x000074dd1ffa4c08) [0x000074dd1ffa4d00, 0x000074dd1ffa5000] Compiler: c1, Barriers: 3, Oops: 1, ImmediateOops: 0, NonImmediateOops: No
[2,370s][debug][gc,nmethod     ] Register NMethod: io.sirix.access.trx.node.AbstractNodeReadOnlyTrx.equals (0x000074dd1ffa5088) [0x000074dd1ffa5180, 0x000074dd1ffa6300] Compiler: c1, Barriers: 6, Oops: 1, ImmediateOops: 0, NonImmediateOops: No
[2,370s][debug][gc,nmethod     ] Register NMethod: io.brackit.query.operator.TupleImpl.<init> (0x000074dd1ffa6388) [0x000074dd1ffa6480, 0x000074dd1ffa6b20] Compiler: c1, Barriers: 4, Oops: 1, ImmediateOops: 0, NonImmediateOops: No
[2,370s][debug][gc,nmethod     ] Register NMethod: io.brackit.query.operator.TupleImpl.get (0x000074dd1ffa6b88) [0x000074dd1ffa6c80, 0x000074dd1ffa7238] Compiler: c1, Barriers: 4, Oops: 1, ImmediateOops: 1, NonImmediateOops: No
[2,370s][debug][gc,nmethod     ] Register NMethod: io.sirix.node.NodeKind$4.deserialize (0x000074dd1ffa7288) [0x000074dd1ffa7380, 0x000074dd1ffa8f38] Compiler: c1, Barriers: 10, Oops: 2, ImmediateOops: 1, NonImmediateOops: No
[2,370s][debug][gc,nmethod     ] Register NMethod: io.sirix.node.Bytes.elasticOffHeapByteBuffer (0x000074dd3ede4d08) [0x000074dd3ede4e00, 0x000074dd3ede6560] Compiler: jvmci, Barriers: 75, Oops: 7, ImmediateOops: 9, NonImmediateOops: No
[2,370s][debug][gc,nmethod     ] Register NMethod: io.brackit.query.expr.BoundVariable.evaluate (0x000074dd1ffa8f88) [0x000074dd1ffa9080, 0x000074dd1ffaa9e8] Compiler: c1, Barriers: 16, Oops: 2, ImmediateOops: 3, NonImmediateOops: No
[2,371s][debug][gc,nmethod     ] Register NMethod: io.brackit.query.sequence.TypedSequence.toTypedSequence (0x000074dd1ffaaa08) [0x000074dd1ffaab00, 0x000074dd1ffacca8] Compiler: c1, Barriers: 19, Oops: 2, ImmediateOops: 4, NonImmediateOops: No
[2,371s][debug][gc,nmethod     ] Register NMethod: io.sirix.node.NodeKind$1.deserialize (0x000074dd1ffacd08) [0x000074dd1fface00, 0x000074dd1ffb0448] Compiler: c1, Barriers: 28, Oops: 3, ImmediateOops: 7, NonImmediateOops: No
[2,371s][debug][gc,nmethod     ] Register NMethod: io.brackit.query.expr.StepExpr$AxisStepSequence.<init> (0x000074dd1ffb0488) [0x000074dd1ffb0580, 0x000074dd1ffb0888] Compiler: c1, Barriers: 6, Oops: 1, ImmediateOops: 0, NonImmediateOops: No
[2,371s][debug][gc,nmethod     ] Register NMethod: io.brackit.query.operator.TupleImpl.concat (0x000074dd1ffb0908) [0x000074dd1ffb0a00, 0x000074dd1ffb17f8] Compiler: c1, Barriers: 7, Oops: 1, ImmediateOops: 0, NonImmediateOops: No
[2,371s][debug][gc,nmethod     ] Register NMethod: io.brackit.query.expr.StepExpr.evaluate (0x000074dd1ffb1808) [0x000074dd1ffb1900, 0x000074dd1ffb6568] Compiler: c1, Barriers: 21, Oops: 3, ImmediateOops: 2, NonImmediateOops: No
[2,371s][debug][gc,nmethod     ] Register NMethod: io.brackit.query.expr.StepExpr$AxisStepSequence.iterate (0x000074dd1ffb6588) [0x000074dd1ffb6680, 0x000074dd1ffb6a48] Compiler: c1, Barriers: 8, Oops: 1, ImmediateOops: 0, NonImmediateOops: No
[2,371s][debug][gc,nmethod     ] Register NMethod: io.brackit.query.expr.StepExpr$AxisStepSequenceIter.<init> (0x000074dd1ffb6a88) [0x000074dd1ffb6b80, 0x000074dd1ffb6e28] Compiler: c1, Barriers: 6, Oops: 1, ImmediateOops: 0, NonImmediateOops: No
[2,371s][debug][gc,nmethod     ] Register NMethod: io.sirix.query.node.XmlDBNode.getTrx (0x000074dd1ffb6e88) [0x000074dd1ffb6f80, 0x000074dd1ffb7358] Compiler: c1, Barriers: 2, Oops: 1, ImmediateOops: 0, NonImmediateOops: No
[2,371s][debug][gc,nmethod     ] Register NMethod: io.sirix.access.trx.node.AbstractNodeReadOnlyTrx.keyForName (0x000074dd1ffb7388) [0x000074dd1ffb7480, 0x000074dd1ffb7b00] Compiler: c1, Barriers: 0, Oops: 1, ImmediateOops: 1, NonImmediateOops: No
[2,371s][debug][gc,nmethod     ] Register NMethod: io.sirix.query.stream.node.SirixNodeStream.<init> (0x000074dd1ffb7b88) [0x000074dd1ffb7c80, 0x000074dd1ffb8368] Compiler: c1, Barriers: 6, Oops: 1, ImmediateOops: 0, NonImmediateOops: No
[2,371s][debug][gc,nmethod     ] Register NMethod: com.github.benmanes.caffeine.cache.PSMW.setPolicyWeight (0x000074dd3ede6608) [0x000074dd3ede6700, 0x000074dd3ede67c0] Compiler: c1, Barriers: 0, Oops: 1, ImmediateOops: 0, NonImmediateOops: No
[2,371s][debug][gc,nmethod     ] Register NMethod: io.sirix.axis.filter.xml.XmlNameFilter.<init> (0x000074dd1ffb8388) [0x000074dd1ffb8480, 0x000074dd1ffb9280] Compiler: c1, Barriers: 6, Oops: 1, ImmediateOops: 0, NonImmediateOops: No
[2,373s][debug][gc,nmethod     ] Register NMethod: io.sirix.query.stream.node.SirixNodeStream.close (0x000074dd1ffb9308) [0x000074dd1ffb9400, 0x000074dd1ffb9500] Compiler: c1, Barriers: 0, Oops: 1, ImmediateOops: 0, NonImmediateOops: No
[2,373s][debug][gc,nmethod     ] Register NMethod: io.brackit.query.expr.StepExpr$AxisStepSequenceIter.close (0x000074dd1ffb9608) [0x000074dd1ffb9700, 0x000074dd1ffb9900] Compiler: c1, Barriers: 1, Oops: 1, ImmediateOops: 0, NonImmediateOops: No
[2,373s][debug][gc,nmethod     ] Register NMethod: io.sirix.access.trx.node.xml.XmlNodeReadOnlyTrxImpl.getValue (0x000074dd1ffb9988) [0x000074dd1ffb9a80, 0x000074dd1ffbb168] Compiler: c1, Barriers: 2, Oops: 1, ImmediateOops: 5, NonImmediateOops: No
[2,373s][debug][gc,nmethod     ] Register NMethod: io.sirix.query.node.XmlDBNode.getValue (0x000074dd1ffbb188) [0x000074dd1ffbb280, 0x000074dd1ffbc1a0] Compiler: c1, Barriers: 7, Oops: 1, ImmediateOops: 4, NonImmediateOops: No
[2,373s][debug][gc,nmethod     ] Register NMethod: com.github.benmanes.caffeine.cache.PS.isAlive (0x000074dd1ffbc208) [0x000074dd1ffbc300, 0x000074dd1ffbd778] Compiler: c1, Barriers: 1, Oops: 7, ImmediateOops: 10, NonImmediateOops: No
[2,374s][debug][gc,director    ] Rule Major: Warmup 10%, Used: 478MB, UsedThreshold: 1228MB
[2,375s][debug][gc,nmethod     ] Register NMethod: com.github.benmanes.caffeine.cache.BoundedLocalCache.skipReadBuffer (0x000074dd1ffbd808) [0x000074dd1ffbd900, 0x000074dd1ffbe118] Compiler: c1, Barriers: 1, Oops: 1, ImmediateOops: 0, NonImmediateOops: No
[2,378s][debug][gc,nmethod     ] Register NMethod: com.github.benmanes.caffeine.cache.SSLMW.fastpath (0x000074dd3ede6908) [0x000074dd3ede6a00, 0x000074dd3ede6ac0] Compiler: c1, Barriers: 0, Oops: 1, ImmediateOops: 0, NonImmediateOops: No
[2,378s][debug][gc,nmethod     ] Register NMethod: com.github.benmanes.caffeine.cache.SSLSMW.setMissesInSample (0x000074dd3ede6c08) [0x000074dd3ede6d00, 0x000074dd3ede6dc0] Compiler: c1, Barriers: 0, Oops: 1, ImmediateOops: 0, NonImmediateOops: No
[2,378s][debug][gc,nmethod     ] Register NMethod: java.util.concurrent.ForkJoinWorkerThread$InnocuousForkJoinWorkerThread.onThreadLocalReset (0x000074dd1ffbe188) [0x000074dd1ffbe280, 0x000074dd1ffbe488] Compiler: c1, Barriers: 3, Oops: 0, ImmediateOops: 0, NonImmediateOops: No
[2,380s][debug][gc,nmethod     ] Register NMethod: com.github.benmanes.caffeine.cache.PS.getKey (0x000074dd1ffbe508) [0x000074dd1ffbe600, 0x000074dd1ffbf7d8] Compiler: c1, Barriers: 1, Oops: 7, ImmediateOops: 8, NonImmediateOops: No
[2,380s][debug][gc,nmethod     ] Register NMethod: java.util.stream.ReduceOps$ReduceOp.<init> (0x000074dd1ffbf888) [0x000074dd1ffbf980, 0x000074dd1ffbfb50] Compiler: c1, Barriers: 3, Oops: 0, ImmediateOops: 0, NonImmediateOops: No
[2,380s][debug][gc,nmethod     ] Register NMethod: java.util.stream.ReduceOps$ReduceOp.evaluateSequential (0x000074dd1ffbfb88) [0x000074dd1ffbfc80, 0x000074dd1ffc05b8] Compiler: c1, Barriers: 0, Oops: 0, ImmediateOops: 0, NonImmediateOops: No
[2,380s][debug][gc,nmethod     ] Register NMethod: com.github.benmanes.caffeine.cache.BoundedLocalCache.hasExpired (0x000074dd1ffc0608) [0x000074dd1ffc0700, 0x000074dd1ffc27a8] Compiler: c1, Barriers: 1, Oops: 7, ImmediateOops: 8, NonImmediateOops: No
[2,380s][debug][gc,nmethod     ] Register NMethod: java.util.stream.ReduceOps$Box.<init> (0x000074dd1ffc2808) [0x000074dd1ffc2900, 0x000074dd1ffc2a58] Compiler: c1, Barriers: 0, Oops: 0, ImmediateOops: 0, NonImmediateOops: No
[2,380s][debug][gc,nmethod     ] Register NMethod: java.util.stream.Collectors$CollectorImpl.<init> (0x000074dd1ffc2b08) [0x000074dd1ffc2c00, 0x000074dd1ffc3000] Compiler: c1, Barriers: 15, Oops: 0, ImmediateOops: 0, NonImmediateOops: No
[2,380s][debug][gc,nmethod     ] Register NMethod: java.util.stream.ReduceOps.makeRef (0x000074dd1ffc3008) [0x000074dd1ffc3100, 0x000074dd1ffc3ac8] Compiler: c1, Barriers: 18, Oops: 1, ImmediateOops: 1, NonImmediateOops: No
[2,380s][debug][gc,nmethod     ] Register NMethod: java.util.stream.ReduceOps$3.makeSink (0x000074dd1ffc3b08) [0x000074dd1ffc3c00, 0x000074dd1ffc3d48] Compiler: c1, Barriers: 0, Oops: 0, ImmediateOops: 0, NonImmediateOops: No
[2,380s][debug][gc,nmethod     ] Register NMethod: java.util.stream.ReduceOps$3.<init> (0x000074dd1ffc3e08) [0x000074dd1ffc3f00, 0x000074dd1ffc4308] Compiler: c1, Barriers: 15, Oops: 0, ImmediateOops: 0, NonImmediateOops: No
[2,380s][debug][gc,nmethod     ] Register NMethod: java.util.stream.ReduceOps$3.getOpFlags (0x000074dd1ffc4388) [0x000074dd1ffc4480, 0x000074dd1ffc48c0] Compiler: c1, Barriers: 2, Oops: 0, ImmediateOops: 1, NonImmediateOops: No
[2,380s][debug][gc,nmethod     ] Register NMethod: java.util.stream.ReduceOps$3.makeSink (0x000074dd1ffc4908) [0x000074dd1ffc4a00, 0x000074dd1ffc4e78] Compiler: c1, Barriers: 12, Oops: 0, ImmediateOops: 0, NonImmediateOops: No
[2,380s][debug][gc,nmethod     ] Register NMethod: java.util.stream.ReduceOps$3ReducingSink.begin (0x000074dd1ffc4e88) [0x000074dd1ffc4f80, 0x000074dd1ffc5340] Compiler: c1, Barriers: 4, Oops: 0, ImmediateOops: 0, NonImmediateOops: No
[2,381s][debug][gc,nmethod     ] Register NMethod: java.util.stream.ReduceOps$3ReducingSink.<init> (0x000074dd1ffc5388) [0x000074dd1ffc5480, 0x000074dd1ffc57a0] Compiler: c1, Barriers: 9, Oops: 0, ImmediateOops: 0, NonImmediateOops: No
[2,381s][debug][gc,nmethod     ] Register NMethod: java.util.stream.ReferencePipeline.collect (0x000074dd1ffc5808) [0x000074dd1ffc5900, 0x000074dd1ffc7458] Compiler: c1, Barriers: 7, Oops: 1, ImmediateOops: 4, NonImmediateOops: No
[2,381s][debug][gc,nmethod     ] Register NMethod: io.sirix.page.KeyValueLeafPage.getIndexType (0x000074dd3ede6f08) [0x000074dd3ede7000, 0x000074dd3ede70e8] Compiler: c1, Barriers: 1, Oops: 1, ImmediateOops: 0, NonImmediateOops: No
[2,381s][debug][gc,nmethod     ] Register NMethod: com.github.benmanes.caffeine.cache.PS.getValue (0x000074dd1ffc7488) [0x000074dd1ffc7580, 0x000074dd1ffc8758] Compiler: c1, Barriers: 1, Oops: 7, ImmediateOops: 8, NonImmediateOops: No
[2,381s][debug][gc,nmethod     ] Register NMethod: java.util.stream.Collectors.castingIdentity (0x000074dd1ffc8808) [0x000074dd1ffc8900, 0x000074dd1ffc8aa0] Compiler: c1, Barriers: 0, Oops: 1, ImmediateOops: 1, NonImmediateOops: No
[2,381s][debug][gc,nmethod     ] Register NMethod: java.lang.invoke.MethodHandle.linkToSpecial (0x000074dd3ede7208) [0x000074dd3ede7300, 0x000074dd3ede73f8] Compiler: , Barriers: 0, Oops: 0, ImmediateOops: 0, NonImmediateOops: No
[2,381s][debug][gc,nmethod     ] Register NMethod: java.util.stream.Collectors$CollectorImpl.<init> (0x000074dd1ffc8b08) [0x000074dd1ffc8c00, 0x000074dd1ffc9178] Compiler: c1, Barriers: 15, Oops: 2, ImmediateOops: 1, NonImmediateOops: No
[2,381s][debug][gc,nmethod     ] Register NMethod: java.lang.invoke.MethodHandle.invokeBasic (0x000074dd3ede7508) [0x000074dd3ede7600, 0x000074dd3ede7898] Compiler: , Barriers: 0, Oops: 0, ImmediateOops: 0, NonImmediateOops: No
[2,381s][debug][gc,nmethod     ] Register NMethod: java.lang.invoke.MethodHandle.linkToSpecial (0x000074dd3ede7908) [0x000074dd3ede7a00, 0x000074dd3ede7af8] Compiler: , Barriers: 0, Oops: 0, ImmediateOops: 0, NonImmediateOops: No
[2,381s][debug][gc,nmethod     ] Register NMethod: java.lang.invoke.MethodHandle.invokeBasic (0x000074dd3ede7c08) [0x000074dd3ede7d00, 0x000074dd3ede7f98] Compiler: , Barriers: 0, Oops: 0, ImmediateOops: 0, NonImmediateOops: No
[2,381s][debug][gc,nmethod     ] Register NMethod: io.sirix.node.SirixDeweyID.<init> (0x000074dd3ede8008) [0x000074dd3ede8100, 0x000074dd3ede8938] Compiler: jvmci, Barriers: 3, Oops: 1, ImmediateOops: 2, NonImmediateOops: No
[2,382s][debug][gc,nmethod     ] Register NMethod: com.github.benmanes.caffeine.cache.BoundedLocalCache$EntryIterator.hasNext (0x000074dd1ffc9208) [0x000074dd1ffc9300, 0x000074dd1ffce840] Compiler: c1, Barriers: 30, Oops: 10, ImmediateOops: 27, NonImmediateOops: No
[2,382s][debug][gc,nmethod     ] Register NMethod: java.util.AbstractMap$SimpleEntry.getValue (0x000074dd3ede8988) [0x000074dd3ede8a80, 0x000074dd3ede8b68] Compiler: c1, Barriers: 1, Oops: 0, ImmediateOops: 0, NonImmediateOops: No
[2,382s][debug][gc,nmethod     ] Register NMethod: java.util.AbstractMap$SimpleEntry.getKey (0x000074dd3ede8c88) [0x000074dd3ede8d80, 0x000074dd3ede8e68] Compiler: c1, Barriers: 1, Oops: 0, ImmediateOops: 0, NonImmediateOops: No
[2,382s][debug][gc,nmethod     ] Register NMethod: java.util.concurrent.ConcurrentHashMap.entrySet (0x000074dd1ffce908) [0x000074dd1ffcea00, 0x000074dd1ffcedd8] Compiler: c1, Barriers: 7, Oops: 0, ImmediateOops: 0, NonImmediateOops: No
[2,383s][debug][gc,nmethod     ] Register NMethod: java.util.concurrent.ConcurrentHashMap$EntrySetView.spliterator (0x000074dd1ffcee08) [0x000074dd1ffcef00, 0x000074dd1ffcf3c0] Compiler: c1, Barriers: 2, Oops: 0, ImmediateOops: 0, NonImmediateOops: No
[2,383s][debug][gc,nmethod     ] Register NMethod: java.util.concurrent.ConcurrentHashMap$EntrySpliterator.<init> (0x000074dd1ffcf408) [0x000074dd1ffcf500, 0x000074dd1ffcf6d0] Compiler: c1, Barriers: 3, Oops: 0, ImmediateOops: 0, NonImmediateOops: No
[2,383s][debug][gc,nmethod     ] Register NMethod: java.util.concurrent.ConcurrentHashMap.values (0x000074dd1ffcf708) [0x000074dd1ffcf800, 0x000074dd1ffcfbd8] Compiler: c1, Barriers: 7, Oops: 0, ImmediateOops: 0, NonImmediateOops: No
[2,383s][debug][gc,nmethod     ] Register NMethod: java.util.concurrent.ConcurrentHashMap$ValuesView.iterator (0x000074dd1ffcfc08) [0x000074dd1ffcfd00, 0x000074dd1ffcff70] Compiler: c1, Barriers: 2, Oops: 0, ImmediateOops: 0, NonImmediateOops: No
[2,383s][debug][gc,nmethod     ] Register NMethod: java.util.concurrent.ConcurrentHashMap$ValueIterator.<init> (0x000074dd1ffcff88) [0x000074dd1ffd0080, 0x000074dd1ffd01b0] Compiler: c1, Barriers: 0, Oops: 0, ImmediateOops: 0, NonImmediateOops: No
[2,383s][debug][gc,nmethod     ] Register NMethod: java.util.concurrent.ConcurrentHashMap$EntrySpliterator.forEachRemaining (0x000074dd1ffd0288) [0x000074dd1ffd0380, 0x000074dd1ffd0d40] Compiler: c1, Barriers: 12, Oops: 0, ImmediateOops: 0, NonImmediateOops: No
[2,383s][debug][gc,nmethod     ] Register NMethod: io.sirix.node.NodeSerializerImpl.deserializeDeweyID (0x000074dd3ede8f88) [0x000074dd3ede9080, 0x000074dd3edea198] Compiler: jvmci, Barriers: 6, Oops: 2, ImmediateOops: 0, NonImmediateOops: No
[2,383s][debug][gc,nmethod     ] Register NMethod: com.github.benmanes.caffeine.cache.BoundedLocalCache$EntryIterator.next (0x000074dd1ffd0d88) [0x000074dd1ffd0e80, 0x000074dd1ffd1178] Compiler: c1, Barriers: 0, Oops: 1, ImmediateOops: 0, NonImmediateOops: No
[2,383s][debug][gc,nmethod     ] Register NMethod: java.util.AbstractMap$SimpleEntry.<init> (0x000074dd1ffd1188) [0x000074dd1ffd1280, 0x000074dd1ffd14c8] Compiler: c1, Barriers: 6, Oops: 0, ImmediateOops: 0, NonImmediateOops: No
[2,383s][debug][gc,nmethod     ] Register NMethod: com.github.benmanes.caffeine.cache.BoundedLocalCache$EntryIterator.advance (0x000074dd1ffd1508) [0x000074dd1ffd1600, 0x000074dd1ffd1880] Compiler: c1, Barriers: 9, Oops: 1, ImmediateOops: 0, NonImmediateOops: No
[2,383s][debug][gc,nmethod     ] Register NMethod: com.github.benmanes.caffeine.cache.WriteThroughEntry.<init> (0x000074dd1ffd1908) [0x000074dd1ffd1a00, 0x000074dd1ffd2078] Compiler: c1, Barriers: 9, Oops: 1, ImmediateOops: 0, NonImmediateOops: No
[2,384s][debug][gc,nmethod     ] Register NMethod: com.github.benmanes.caffeine.cache.BoundedLocalCache$EntryIterator.next (0x000074dd1ffd2088) [0x000074dd1ffd2180, 0x000074dd1ffd2e68] Compiler: c1, Barriers: 24, Oops: 1, ImmediateOops: 0, NonImmediateOops: No
[2,384s][debug][gc,nmethod     ] Register NMethod: java.util.stream.Collectors$$Lambda/0x000000006911f830.<init> (0x000074dd1ffd2e88) [0x000074dd1ffd2f80, 0x000074dd1ffd31c8] Compiler: c1, Barriers: 6, Oops: 0, ImmediateOops: 0, NonImmediateOops: No
[2,384s][debug][gc,nmethod     ] Register NMethod: java.util.stream.Collectors.uniqKeysMapMerger (0x000074dd1ffd3208) [0x000074dd1ffd3300, 0x000074dd1ffd34a0] Compiler: c1, Barriers: 0, Oops: 1, ImmediateOops: 1, NonImmediateOops: No
[2,384s][debug][gc,director    ] Rule Major: Warmup 10%, Used: 480MB, UsedThreshold: 1228MB
[2,384s][debug][gc,nmethod     ] Register NMethod: java.util.concurrent.ConcurrentHashMap$MapEntry.getKey (0x000074dd3edea208) [0x000074dd3edea300, 0x000074dd3edea3e8] Compiler: c1, Barriers: 1, Oops: 0, ImmediateOops: 0, NonImmediateOops: No
[2,384s][debug][gc,nmethod     ] Register NMethod: java.util.stream.Collectors$$Lambda/0x000000006911f608.get (0x000074dd1ffd3508) [0x000074dd1ffd3600, 0x000074dd1ffd3880] Compiler: c1, Barriers: 0, Oops: 0, ImmediateOops: 0, NonImmediateOops: No
[2,384s][debug][gc,nmethod     ] Register NMethod: java.util.concurrent.ConcurrentHashMap$MapEntry.getValue (0x000074dd3edea508) [0x000074dd3edea600, 0x000074dd3edea6e8] Compiler: c1, Barriers: 1, Oops: 0, ImmediateOops: 0, NonImmediateOops: No
[2,384s][debug][gc,nmethod     ] Register NMethod: java.util.stream.Collectors.toMap (0x000074dd1ffd3888) [0x000074dd1ffd3980, 0x000074dd1ffd4288] Compiler: c1, Barriers: 6, Oops: 4, ImmediateOops: 5, NonImmediateOops: No
[2,384s][debug][gc,nmethod     ] Register NMethod: java.util.stream.Collectors.uniqKeysMapAccumulator (0x000074dd1ffd4308) [0x000074dd1ffd4400, 0x000074dd1ffd4a30] Compiler: c1, Barriers: 6, Oops: 1, ImmediateOops: 2, NonImmediateOops: No
[2,384s][debug][gc,nmethod     ] Register NMethod: org.gradle.internal.remote.internal.hub.MessageHub.access$300 (0x000074dd3edea808) [0x000074dd3edea900, 0x000074dd3edea9d0] Compiler: c1, Barriers: 1, Oops: 1, ImmediateOops: 0, NonImmediateOops: No
[2,384s][debug][gc,nmethod     ] Register NMethod: java.lang.System$1.uncheckedEncodeASCII (0x000074dd1ffd4a88) [0x000074dd1ffd4b80, 0x000074dd1ffd4cc0] Compiler: c1, Barriers: 0, Oops: 0, ImmediateOops: 0, NonImmediateOops: No
[2,384s][debug][gc,nmethod     ] Register NMethod: io.sirix.page.KeyValueLeafPage.getPinCountByTransaction (0x000074dd1ffd4d88) [0x000074dd1ffd4e80, 0x000074dd1ffd5808] Compiler: c1, Barriers: 1, Oops: 4, ImmediateOops: 2, NonImmediateOops: No
[2,384s][debug][gc,nmethod     ] Register NMethod: sun.nio.cs.UTF_8$Encoder.encodeLoop (0x000074dd1ffd5888) [0x000074dd1ffd5980, 0x000074dd1ffd6108] Compiler: c1, Barriers: 2, Oops: 0, ImmediateOops: 0, NonImmediateOops: No
[2,384s][debug][gc,nmethod     ] Register NMethod: java.lang.StringUTF16.putChar (0x000074dd3edeab08) [0x000074dd3edeac00, 0x000074dd3edeace0] Compiler: jvmci, Barriers: 0, Oops: 0, ImmediateOops: 0, NonImmediateOops: No
[2,385s][debug][gc,nmethod     ] Register NMethod: java.nio.MappedByteBuffer.position (0x000074dd1ffd6188) [0x000074dd1ffd6280, 0x000074dd1ffd6640] Compiler: c1, Barriers: 0, Oops: 0, ImmediateOops: 0, NonImmediateOops: No
[2,385s][debug][gc,nmethod     ] Register NMethod: java.lang.System.checkKey (0x000074dd1ffd6688) [0x000074dd1ffd6780, 0x000074dd1ffd6ce8] Compiler: c1, Barriers: 1, Oops: 0, ImmediateOops: 2, NonImmediateOops: No
[2,385s][debug][gc,nmethod     ] Register NMethod: sun.nio.cs.UTF_8$Encoder.encodeArrayLoop (0x000074dd1ffd6d08) [0x000074dd1ffd6e00, 0x000074dd1ffd9ac0] Compiler: c1, Barriers: 2, Oops: 1, ImmediateOops: 2, NonImmediateOops: No
[2,385s][debug][gc,nmethod     ] Register NMethod: java.nio.charset.CharsetEncoder.encode (0x000074dd1ffd9b08) [0x000074dd1ffd9c00, 0x000074dd1ffdc9c8] Compiler: c1, Barriers: 5, Oops: 0, ImmediateOops: 5, NonImmediateOops: No
[2,385s][debug][gc,nmethod     ] Register NMethod: com.github.benmanes.caffeine.cache.PSMW.getNextInAccessOrder (0x000074dd1ffdca08) [0x000074dd1ffdcb00, 0x000074dd1ffdce00] Compiler: c1, Barriers: 1, Oops: 1, ImmediateOops: 0, NonImmediateOops: No
[2,386s][debug][gc,nmethod     ] Register NMethod: io.sirix.access.trx.page.NodePageReadOnlyTrx.unpinRecordPage (0x000074dd1ffdce88) [0x000074dd1ffdcf80, 0x000074dd1ffe0470] Compiler: c1, Barriers: 11, Oops: 5, ImmediateOops: 6, NonImmediateOops: No
[2,386s][debug][gc,nmethod     ] Register NMethod: com.github.benmanes.caffeine.cache.Node.inWindow (0x000074dd1ffe0508) [0x000074dd1ffe0600, 0x000074dd1ffe0948] Compiler: c1, Barriers: 0, Oops: 1, ImmediateOops: 0, NonImmediateOops: No
[2,386s][debug][gc,nmethod     ] Register NMethod: java.lang.invoke.VarHandleLongs$FieldInstanceReadWrite.compareAndSet (0x000074dd1ffe0988) [0x000074dd1ffe0a80, 0x000074dd1ffe14c0] Compiler: c1, Barriers: 1, Oops: 1, ImmediateOops: 0, NonImmediateOops: No
[2,386s][debug][gc,nmethod     ] Register NMethod: com.github.benmanes.caffeine.cache.LocalManualCache.asMap (0x000074dd1ffe1508) [0x000074dd1ffe1600, 0x000074dd1ffe17e0] Compiler: c1, Barriers: 1, Oops: 1, ImmediateOops: 0, NonImmediateOops: No
[2,386s][debug][gc,nmethod     ] Register NMethod: com.github.benmanes.caffeine.cache.AccessOrderDeque.contains (0x000074dd1ffe1808) [0x000074dd1ffe1900, 0x000074dd1ffe1ef8] Compiler: c1, Barriers: 1, Oops: 1, ImmediateOops: 0, NonImmediateOops: No
[2,386s][debug][gc,nmethod     ] Register NMethod: com.github.benmanes.caffeine.cache.AccessOrderDeque.setPrevious (0x000074dd1ffe1f08) [0x000074dd1ffe2000, 0x000074dd1ffe2310] Compiler: c1, Barriers: 0, Oops: 1, ImmediateOops: 0, NonImmediateOops: No
[2,386s][debug][gc,nmethod     ] Register NMethod: com.github.benmanes.caffeine.cache.AccessOrderDeque.setPrevious (0x000074dd1ffe2388) [0x000074dd1ffe2480, 0x000074dd1ffe2de0] Compiler: c1, Barriers: 0, Oops: 1, ImmediateOops: 0, NonImmediateOops: No
[2,386s][debug][gc,nmethod     ] Register NMethod: com.github.benmanes.caffeine.cache.PSMW.setPreviousInAccessOrder (0x000074dd1ffe2e08) [0x000074dd1ffe2f00, 0x000074dd1ffe3450] Compiler: c1, Barriers: 3, Oops: 1, ImmediateOops: 0, NonImmediateOops: No
[2,386s][debug][gc,nmethod     ] Register NMethod: com.github.benmanes.caffeine.cache.AccessOrderDeque.setNext (0x000074dd1ffe3488) [0x000074dd1ffe3580, 0x000074dd1ffe3ee0] Compiler: c1, Barriers: 0, Oops: 1, ImmediateOops: 0, NonImmediateOops: No
[2,386s][debug][gc,nmethod     ] Register NMethod: com.github.benmanes.caffeine.cache.PSMW.setNextInAccessOrder (0x000074dd1ffe3f08) [0x000074dd1ffe4000, 0x000074dd1ffe4550] Compiler: c1, Barriers: 3, Oops: 1, ImmediateOops: 0, NonImmediateOops: No
[2,386s][debug][gc,nmethod     ] Register NMethod: jdk.internal.misc.Unsafe.weakCompareAndSetInt (0x000074dd3edeae08) [0x000074dd3edeaf00, 0x000074dd3edeaf90] Compiler: jvmci, Barriers: 0, Oops: 0, ImmediateOops: 0, NonImmediateOops: No
[2,386s][debug][gc,nmethod     ] Register NMethod: com.github.benmanes.caffeine.cache.AccessOrderDeque.setNext (0x000074dd1ffe4588) [0x000074dd1ffe4680, 0x000074dd1ffe4990] Compiler: c1, Barriers: 0, Oops: 1, ImmediateOops: 0, NonImmediateOops: No
[2,386s][debug][gc,nmethod     ] Register NMethod: java.util.concurrent.ForkJoinPool.execute (0x000074dd1ffe4a08) [0x000074dd1ffe4b00, 0x000074dd1ffe5638] Compiler: c1, Barriers: 3, Oops: 0, ImmediateOops: 0, NonImmediateOops: No
[2,386s][debug][gc,nmethod     ] Register NMethod: com.github.benmanes.caffeine.cache.SSLMW.setMissesInSample (0x000074dd3edeb108) [0x000074dd3edeb200, 0x000074dd3edeb2c0] Compiler: c1, Barriers: 0, Oops: 1, ImmediateOops: 0, NonImmediateOops: No
[2,386s][debug][gc,nmethod     ] Register NMethod: java.util.concurrent.ForkJoinPool$WorkQueue.tryLockPhase (0x000074dd1ffe5688) [0x000074dd1ffe5780, 0x000074dd1ffe5928] Compiler: c1, Barriers: 0, Oops: 0, ImmediateOops: 0, NonImmediateOops: No
[2,386s][debug][gc,nmethod     ] Register NMethod: com.github.benmanes.caffeine.cache.SSLMW.accessOrderProbationDeque (0x000074dd3edeb408) [0x000074dd3edeb500, 0x000074dd3edeb5f0] Compiler: c1, Barriers: 1, Oops: 1, ImmediateOops: 0, NonImmediateOops: No
[2,386s][debug][gc,nmethod     ] Register NMethod: com.github.benmanes.caffeine.cache.SSLSMW.fastpath (0x000074dd3edeb708) [0x000074dd3edeb800, 0x000074dd3edeb8c0] Compiler: c1, Barriers: 0, Oops: 1, ImmediateOops: 0, NonImmediateOops: No
[2,387s][debug][gc,nmethod     ] Register NMethod: java.lang.StringUTF16.length (0x000074dd1ffe5988) [0x000074dd1ffe5a80, 0x000074dd1ffe5b68] Compiler: c1, Barriers: 0, Oops: 0, ImmediateOops: 0, NonImmediateOops: No
[2,387s][debug][gc,nmethod     ] Register NMethod: java.util.concurrent.ForkJoinPool.poolSubmit (0x000074dd1ffe5c88) [0x000074dd1ffe5d80, 0x000074dd1ffe6800] Compiler: c1, Barriers: 4, Oops: 1, ImmediateOops: 2, NonImmediateOops: No
[2,387s][debug][gc,nmethod     ] Register NMethod: java.util.concurrent.ForkJoinPool.submissionQueue (0x000074dd1ffe6888) [0x000074dd1ffe6980, 0x000074dd1ffe7b60] Compiler: c1, Barriers: 8, Oops: 1, ImmediateOops: 1, NonImmediateOops: No
[2,387s][debug][gc,nmethod     ] Register NMethod: org.gradle.internal.io.StreamByteBuffer.hasRemaining (0x000074dd1ffe7b88) [0x000074dd1ffe7c80, 0x000074dd1ffe8070] Compiler: c1, Barriers: 0, Oops: 1, ImmediateOops: 0, NonImmediateOops: No
[2,387s][debug][gc,nmethod     ] Register NMethod: java.util.concurrent.ConcurrentHashMap.replaceNode (0x000074dd1ffe8088) [0x000074dd1ffe8180, 0x000074dd1ffea770] Compiler: c1, Barriers: 18, Oops: 0, ImmediateOops: 1, NonImmediateOops: No
[2,387s][debug][gc,nmethod     ] Register NMethod: java.lang.StringUTF16.indexOfLatin1Unsafe (0x000074dd1ffea788) [0x000074dd1ffea880, 0x000074dd1ffead08] Compiler: c1, Barriers: 0, Oops: 0, ImmediateOops: 0, NonImmediateOops: No
[2,387s][debug][gc,nmethod     ] Register NMethod: jdk.internal.util.DecimalDigits.stringSize (0x000074dd1ffead88) [0x000074dd1ffeae80, 0x000074dd1ffeb0b8] Compiler: c1, Barriers: 0, Oops: 0, ImmediateOops: 0, NonImmediateOops: No
[2,388s][debug][gc,nmethod     ] Register NMethod: jdk.internal.util.DecimalDigits.uncheckedGetCharsLatin1 (0x000074dd1ffeb108) [0x000074dd1ffeb200, 0x000074dd1ffeb710] Compiler: c1, Barriers: 0, Oops: 0, ImmediateOops: 0, NonImmediateOops: No
[2,388s][debug][gc,nmethod     ] Register NMethod: java.lang.StringBuilder.append (0x000074dd1ffeb788) [0x000074dd1ffeb880, 0x000074dd1ffeb9c8] Compiler: c1, Barriers: 0, Oops: 0, ImmediateOops: 0, NonImmediateOops: No
[2,388s][debug][gc,nmethod     ] Register NMethod: io.sirix.page.KeyValueLeafPage.setData (0x000074dd3edeba08) [0x000074dd3edebb00, 0x000074dd3edee7e8] Compiler: jvmci, Barriers: 38, Oops: 3, ImmediateOops: 2, NonImmediateOops: No
[2,389s][debug][gc,nmethod     ] Register NMethod: java.lang.AbstractStringBuilder.append (0x000074dd1ffeba88) [0x000074dd1ffebb80, 0x000074dd1ffec690] Compiler: c1, Barriers: 4, Oops: 1, ImmediateOops: 2, NonImmediateOops: No
[2,389s][debug][gc,nmethod     ] Register NMethod: java.util.concurrent.ConcurrentHashMap$Traverser.advance (0x000074dd3edee808) [0x000074dd3edee900, 0x000074dd3edeecc0] Compiler: jvmci, Barriers: 10, Oops: 0, ImmediateOops: 0, NonImmediateOops: No
[2,389s][debug][gc,nmethod     ] Register NMethod: java.lang.AbstractStringBuilder.appendChars (0x000074dd1ffec708) [0x000074dd1ffec800, 0x000074dd1ffee2d8] Compiler: c1, Barriers: 5, Oops: 1, ImmediateOops: 2, NonImmediateOops: No
[2,390s][debug][gc,nmethod     ] Register NMethod: jdk.internal.classfile.impl.Util.parameterSlots (0x000074dd3edeed08) [0x000074dd3edeee00, 0x000074dd3edeefc8] Compiler: jvmci, Barriers: 2, Oops: 0, ImmediateOops: 2, NonImmediateOops: No
[2,390s][debug][gc,nmethod     ] Register NMethod: java.util.AbstractMap$SimpleImmutableEntry.getKey (0x000074dd3edef008) [0x000074dd3edef100, 0x000074dd3edef1e8] Compiler: c1, Barriers: 1, Oops: 0, ImmediateOops: 0, NonImmediateOops: No
[2,390s][debug][gc,nmethod     ] Register NMethod: java.lang.Character.hashCode (0x000074dd1ffee308) [0x000074dd1ffee400, 0x000074dd1ffee4e0] Compiler: c1, Barriers: 0, Oops: 0, ImmediateOops: 0, NonImmediateOops: No
[2,390s][debug][gc,nmethod     ] Register NMethod: java.lang.Character.hashCode (0x000074dd1ffee608) [0x000074dd1ffee700, 0x000074dd1ffee858] Compiler: c1, Barriers: 0, Oops: 0, ImmediateOops: 0, NonImmediateOops: No
[2,390s][debug][gc,nmethod     ] Register NMethod: java.lang.String.trim (0x000074dd1ffee908) [0x000074dd1ffeea00, 0x000074dd1ffeeed8] Compiler: c1, Barriers: 2, Oops: 0, ImmediateOops: 0, NonImmediateOops: No
[2,390s][debug][gc,nmethod     ] Register NMethod: java.lang.Character.valueOf (0x000074dd1ffeef08) [0x000074dd1ffef000, 0x000074dd1ffef2a0] Compiler: c1, Barriers: 1, Oops: 0, ImmediateOops: 1, NonImmediateOops: No
[2,390s][debug][gc,nmethod     ] Register NMethod: java.lang.StringLatin1.trim (0x000074dd1ffef308) [0x000074dd1ffef400, 0x000074dd1ffef778] Compiler: c1, Barriers: 0, Oops: 0, ImmediateOops: 0, NonImmediateOops: No
[2,390s][debug][gc,nmethod     ] Register NMethod: org.junit.platform.engine.UniqueId.hashCode (0x000074dd1ffef788) [0x000074dd1ffef880, 0x000074dd1ffefc30] Compiler: c1, Barriers: 1, Oops: 1, ImmediateOops: 0, NonImmediateOops: No
[2,390s][debug][gc,nmethod     ] Register NMethod: java.lang.invoke.Invokers$Holder.linkToTargetMethod (0x000074dd1ffefc88) [0x000074dd1ffefd80, 0x000074dd1fff0278] Compiler: c1, Barriers: 0, Oops: 0, ImmediateOops: 0, NonImmediateOops: No
[2,391s][debug][gc,nmethod     ] Register NMethod: org.junit.platform.commons.util.Preconditions.condition (0x000074dd1fff0288) [0x000074dd1fff0380, 0x000074dd1fff0970] Compiler: c1, Barriers: 0, Oops: 1, ImmediateOops: 0, NonImmediateOops: No
[2,391s][debug][gc,nmethod     ] Register NMethod: java.lang.invoke.LambdaForm$DMH/0x0000000069194800.newInvokeSpecial (0x000074dd1fff0988) [0x000074dd1fff0a80, 0x000074dd1fff1300] Compiler: c1, Barriers: 2, Oops: 1, ImmediateOops: 1, NonImmediateOops: No
[2,391s][debug][gc,nmethod     ] Register NMethod: jdk.internal.classfile.impl.StackMapGenerator$Type.referenceType (0x000074dd3edef308) [0x000074dd3edef400, 0x000074dd3edef518] Compiler: jvmci, Barriers: 2, Oops: 0, ImmediateOops: 0, NonImmediateOops: No
[2,391s][debug][gc,nmethod     ] Register NMethod: java.lang.System.getProperty (0x000074dd1fff1388) [0x000074dd1fff1480, 0x000074dd1fff1ca0] Compiler: c1, Barriers: 2, Oops: 0, ImmediateOops: 3, NonImmediateOops: No
[2,392s][debug][gc,nmethod     ] Register NMethod: java.lang.String.<init> (0x000074dd1fff1d08) [0x000074dd1fff1e00, 0x000074dd1fff2140] Compiler: c1, Barriers: 0, Oops: 1, ImmediateOops: 1, NonImmediateOops: No
[2,392s][debug][gc,nmethod     ] Register NMethod: java.util.concurrent.locks.ReentrantReadWriteLock.readLock (0x000074dd3edef608) [0x000074dd3edef700, 0x000074dd3edef7e8] Compiler: c1, Barriers: 1, Oops: 0, ImmediateOops: 0, NonImmediateOops: No
[2,393s][debug][gc,nmethod     ] Register NMethod: sun.nio.cs.StreamEncoder.ensureOpen (0x000074dd1fff2188) [0x000074dd1fff2280, 0x000074dd1fff2478] Compiler: c1, Barriers: 0, Oops: 0, ImmediateOops: 1, NonImmediateOops: No
[2,393s][debug][gc,nmethod     ] Register NMethod: sun.nio.cs.StreamEncoder.implWrite (0x000074dd1fff2488) [0x000074dd1fff2580, 0x000074dd1fff28b8] Compiler: c1, Barriers: 0, Oops: 0, ImmediateOops: 0, NonImmediateOops: No
[2,393s][debug][gc,nmethod     ] Register NMethod: java.lang.Math.round (0x000074dd1fff2908) [0x000074dd1fff2a00, 0x000074dd1fff2bc8] Compiler: c1, Barriers: 0, Oops: 0, ImmediateOops: 0, NonImmediateOops: No
[2,393s][debug][gc,nmethod     ] Register NMethod: sun.nio.cs.StreamEncoder.write (0x000074dd1fff2c08) [0x000074dd1fff2d00, 0x000074dd1fff37e8] Compiler: c1, Barriers: 1, Oops: 0, ImmediateOops: 1, NonImmediateOops: No
[2,393s][debug][gc,nmethod     ] Register NMethod: sun.nio.cs.StreamEncoder.growByteBufferIfNeeded (0x000074dd1fff3808) [0x000074dd1fff3900, 0x000074dd1fff44b0] Compiler: c1, Barriers: 6, Oops: 0, ImmediateOops: 0, NonImmediateOops: No
[2,393s][debug][gc,nmethod     ] Register NMethod: sun.nio.cs.StreamEncoder.implWrite (0x000074dd1fff4508) [0x000074dd1fff4600, 0x000074dd1fff6028] Compiler: c1, Barriers: 3, Oops: 0, ImmediateOops: 0, NonImmediateOops: No
[2,394s][debug][gc,nmethod     ] Register NMethod: io.sirix.cache.BufferManagerImpl.getPageCache (0x000074dd3edef908) [0x000074dd3edefa00, 0x000074dd3edefae8] Compiler: c1, Barriers: 1, Oops: 1, ImmediateOops: 0, NonImmediateOops: No
[2,394s][debug][gc,director    ] Rule Major: Warmup 10%, Used: 482MB, UsedThreshold: 1228MB
[2,394s][debug][gc,nmethod     ] Register NMethod: sun.nio.fs.UnixNativeDispatcher.access0 (0x000074dd3edefc08) [0x000074dd3edefd00, 0x000074dd3edefe60] Compiler: , Barriers: 0, Oops: 0, ImmediateOops: 1, NonImmediateOops: No
[2,395s][debug][gc,nmethod     ] Register NMethod: java.util.stream.Sink$ChainedReference.begin (0x000074dd1fff6088) [0x000074dd1fff6180, 0x000074dd1fff64c0] Compiler: c1, Barriers: 1, Oops: 0, ImmediateOops: 0, NonImmediateOops: No
[2,395s][debug][gc,nmethod     ] Register NMethod: io.sirix.index.name.Names.setName (0x000074dd1fff6508) [0x000074dd1fff6600, 0x000074dd1fff87f0] Compiler: c1, Barriers: 12, Oops: 2, ImmediateOops: 4, NonImmediateOops: No
[2,395s][debug][gc,nmethod     ] Register NMethod: io.sirix.page.KeyValueLeafPage.processEntries (0x000074dd1fff8808) [0x000074dd1fff8900, 0x000074dd1fffb640] Compiler: c1, Barriers: 17, Oops: 1, ImmediateOops: 0, NonImmediateOops: No
[2,395s][debug][gc,nmethod     ] Register NMethod: io.sirix.page.KeyValueLeafPage.addReferences (0x000074dd1fffb688) [0x000074dd1fffb780, 0x000074dd1fffc8a0] Compiler: c1, Barriers: 6, Oops: 1, ImmediateOops: 0, NonImmediateOops: No
[2,396s][debug][gc,nmethod     ] Register NMethod: java.lang.System$1.blockedOn (0x000074dd1fffc908) [0x000074dd1fffca00, 0x000074dd1fffcd58] Compiler: c1, Barriers: 1, Oops: 0, ImmediateOops: 0, NonImmediateOops: No
[2,396s][debug][gc,nmethod     ] Register NMethod: java.nio.channels.spi.AbstractInterruptibleChannel.blockedOn (0x000074dd1fffcd88) [0x000074dd1fffce80, 0x000074dd1fffd2e8] Compiler: c1, Barriers: 2, Oops: 0, ImmediateOops: 1, NonImmediateOops: No
[2,396s][debug][gc,nmethod     ] Register NMethod: io.sirix.node.GrowingMemorySegment.writeShort (0x000074dd1fffd308) [0x000074dd1fffd400, 0x000074dd20001230] Compiler: c1, Barriers: 5, Oops: 6, ImmediateOops: 11, NonImmediateOops: No
[2,396s][debug][gc,nmethod     ] Register NMethod: net.jpountz.xxhash.StreamingXXHash32JNI.getValue (0x000074dd20001288) [0x000074dd20001380, 0x000074dd20001778] Compiler: c1, Barriers: 0, Oops: 1, ImmediateOops: 1, NonImmediateOops: No
[2,396s][debug][gc,nmethod     ] Register NMethod: net.jpountz.xxhash.StreamingXXHash32JNI.update (0x000074dd20001788) [0x000074dd20001880, 0x000074dd20001c88] Compiler: c1, Barriers: 0, Oops: 1, ImmediateOops: 1, NonImmediateOops: No
[2,396s][debug][gc,nmethod     ] Register NMethod: net.jpountz.xxhash.StreamingXXHash32$1.update (0x000074dd20001d08) [0x000074dd20001e00, 0x000074dd20001f88] Compiler: c1, Barriers: 1, Oops: 1, ImmediateOops: 0, NonImmediateOops: No
[2,396s][debug][gc,nmethod     ] Register NMethod: net.jpountz.xxhash.StreamingXXHash32JNI.reset (0x000074dd20002008) [0x000074dd20002100, 0x000074dd20002540] Compiler: c1, Barriers: 0, Oops: 1, ImmediateOops: 1, NonImmediateOops: No
[2,396s][debug][gc,nmethod     ] Register NMethod: net.jpountz.xxhash.StreamingXXHash32$1.reset (0x000074dd20002588) [0x000074dd20002680, 0x000074dd20002b90] Compiler: c1, Barriers: 1, Oops: 1, ImmediateOops: 1, NonImmediateOops: No
[2,396s][debug][gc,nmethod     ] Register NMethod: org.magicwerk.brownies.collections.GapList.doGet (0x000074dd20002c08) [0x000074dd20002d00, 0x000074dd20003038] Compiler: c1, Barriers: 2, Oops: 1, ImmediateOops: 0, NonImmediateOops: No
[2,396s][debug][gc,nmethod     ] Register NMethod: net.jpountz.xxhash.StreamingXXHash32$1.getValue (0x000074dd20003088) [0x000074dd20003180, 0x000074dd20003670] Compiler: c1, Barriers: 1, Oops: 1, ImmediateOops: 1, NonImmediateOops: No
[2,396s][debug][gc,nmethod     ] Register NMethod: org.magicwerk.brownies.collections.GapList.get (0x000074dd20003688) [0x000074dd20003780, 0x000074dd20005178] Compiler: c1, Barriers: 0, Oops: 4, ImmediateOops: 4, NonImmediateOops: No
[2,397s][debug][gc,nmethod     ] Register NMethod: java.lang.StringBuilder.append (0x000074dd3edeff08) [0x000074dd3edf0000, 0x000074dd3edf0b30] Compiler: jvmci, Barriers: 6, Oops: 0, ImmediateOops: 0, NonImmediateOops: No
[2,404s][debug][gc,director    ] Rule Major: Warmup 10%, Used: 482MB, UsedThreshold: 1228MB
[2,414s][debug][gc,nmethod     ] Register NMethod: sun.nio.ch.NativeDispatcher.needsPositionLock (0x000074dd3edf0b88) [0x000074dd3edf0c80, 0x000074dd3edf0d40] Compiler: c1, Barriers: 0, Oops: 0, ImmediateOops: 0, NonImmediateOops: No
[2,414s][debug][gc,nmethod     ] Register NMethod: io.sirix.access.DatabaseConfiguration.getDatabaseId (0x000074dd3edf0e88) [0x000074dd3edf0f80, 0x000074dd3edf1040] Compiler: c1, Barriers: 0, Oops: 1, ImmediateOops: 0, NonImmediateOops: No
[2,414s][debug][gc,nmethod     ] Register NMethod: io.sirix.access.ResourceConfiguration.getID (0x000074dd3edf1188) [0x000074dd3edf1280, 0x000074dd3edf1340] Compiler: c1, Barriers: 0, Oops: 1, ImmediateOops: 0, NonImmediateOops: No
[2,414s][debug][gc,nmethod     ] Register NMethod: com.github.benmanes.caffeine.cache.SSLS.statsCounter (0x000074dd3edf1488) [0x000074dd3edf1580, 0x000074dd3edf1670] Compiler: c1, Barriers: 1, Oops: 1, ImmediateOops: 0, NonImmediateOops: No
[2,414s][debug][gc,director    ] Rule Major: Warmup 10%, Used: 482MB, UsedThreshold: 1228MB
[2,414s][debug][gc,nmethod     ] Register NMethod: java.util.concurrent.ForkJoinPool.compareAndExchangeCtl (0x000074dd20005208) [0x000074dd20005300, 0x000074dd20005610] Compiler: c1, Barriers: 0, Oops: 0, ImmediateOops: 1, NonImmediateOops: No
[2,414s][debug][gc,nmethod     ] Register NMethod: com.github.benmanes.caffeine.cache.BoundedLocalCache.discardRefresh (0x000074dd20005688) [0x000074dd20005780, 0x000074dd20005d30] Compiler: c1, Barriers: 1, Oops: 1, ImmediateOops: 0, NonImmediateOops: No
[2,415s][debug][gc,nmethod     ] Register NMethod: com.github.benmanes.caffeine.cache.BoundedLocalCache.keyReferenceQueue (0x000074dd3edf1788) [0x000074dd3edf1880, 0x000074dd3edf1948] Compiler: c1, Barriers: 0, Oops: 1, ImmediateOops: 0, NonImmediateOops: No
[2,415s][debug][gc,nmethod     ] Register NMethod: com.github.benmanes.caffeine.cache.SSLSMW.accessOrderProbationDeque (0x000074dd3edf1a88) [0x000074dd3edf1b80, 0x000074dd3edf1c70] Compiler: c1, Barriers: 1, Oops: 1, ImmediateOops: 0, NonImmediateOops: No
[2,415s][debug][gc,nmethod     ] Register NMethod: com.github.benmanes.caffeine.cache.SSLSMW.setHitsInSample (0x000074dd3edf1d88) [0x000074dd3edf1e80, 0x000074dd3edf1f40] Compiler: c1, Barriers: 0, Oops: 1, ImmediateOops: 0, NonImmediateOops: No
[2,415s][debug][gc,nmethod     ] Register NMethod: java.nio.HeapByteBuffer.<init> (0x000074dd20005d88) [0x000074dd20005e80, 0x000074dd20006080] Compiler: c1, Barriers: 0, Oops: 0, ImmediateOops: 0, NonImmediateOops: No
[2,415s][debug][gc,nmethod     ] Register NMethod: sun.nio.fs.UnixPath.resolve (0x000074dd20006088) [0x000074dd20006180, 0x000074dd20006748] Compiler: c1, Barriers: 0, Oops: 0, ImmediateOops: 0, NonImmediateOops: No
[2,416s][debug][gc,nmethod     ] Register NMethod: io.sirix.access.trx.page.NodePageReadOnlyTrx$PageFragmentsResult.pages (0x000074dd3edf2088) [0x000074dd3edf2180, 0x000074dd3edf2268] Compiler: c1, Barriers: 1, Oops: 1, ImmediateOops: 0, NonImmediateOops: No
[2,416s][debug][gc,nmethod     ] Register NMethod: jdk.internal.misc.Unsafe.weakCompareAndSetLongRelease (0x000074dd20006788) [0x000074dd20006880, 0x000074dd200069a0] Compiler: c1, Barriers: 0, Oops: 0, ImmediateOops: 0, NonImmediateOops: No
[2,416s][debug][gc,nmethod     ] Register NMethod: java.util.concurrent.atomic.LongAdder.add (0x000074dd20006a88) [0x000074dd20006b80, 0x000074dd200074f8] Compiler: c1, Barriers: 3, Oops: 1, ImmediateOops: 2, NonImmediateOops: No
[2,416s][debug][gc,nmethod     ] Register NMethod: java.lang.invoke.VarHandleLongs$FieldInstanceReadWrite.weakCompareAndSetRelease (0x000074dd20007508) [0x000074dd20007600, 0x000074dd20008228] Compiler: c1, Barriers: 1, Oops: 1, ImmediateOops: 1, NonImmediateOops: No
[2,416s][debug][gc,nmethod     ] Register NMethod: java.util.concurrent.atomic.Striped64.casBase (0x000074dd20008288) [0x000074dd20008380, 0x000074dd200091f0] Compiler: c1, Barriers: 0, Oops: 5, ImmediateOops: 6, NonImmediateOops: No
[2,416s][debug][gc,nmethod     ] Register NMethod: io.sirix.page.delegates.BitmapReferencesPage.index (0x000074dd20009288) [0x000074dd20009380, 0x000074dd200098a0] Compiler: c1, Barriers: 4, Oops: 1, ImmediateOops: 0, NonImmediateOops: No
[2,416s][debug][gc,nmethod     ] Register NMethod: java.util.BitSet.and (0x000074dd20009908) [0x000074dd20009a00, 0x000074dd20009e50] Compiler: c1, Barriers: 3, Oops: 0, ImmediateOops: 0, NonImmediateOops: No
[2,417s][debug][gc,nmethod     ] Register NMethod: io.sirix.page.KeyValueLeafPage.getNumberOfNonNullEntries (0x000074dd20009e88) [0x000074dd20009f80, 0x000074dd2000a530] Compiler: c1, Barriers: 2, Oops: 1, ImmediateOops: 0, NonImmediateOops: No
[2,417s][debug][gc,nmethod     ] Register NMethod: java.lang.ref.PhantomReference.<init> (0x000074dd3edf2388) [0x000074dd3edf2480, 0x000074dd3edf2688] Compiler: jvmci, Barriers: 9, Oops: 0, ImmediateOops: 1, NonImmediateOops: No
[2,417s][debug][gc,nmethod     ] Register NMethod: java.nio.ByteBuffer.wrap (0x000074dd3edf2708) [0x000074dd3edf2800, 0x000074dd3edf2970] Compiler: jvmci, Barriers: 2, Oops: 0, ImmediateOops: 0, NonImmediateOops: No
[2,417s][debug][gc,nmethod     ] Register NMethod: com.github.benmanes.caffeine.cache.BoundedLocalCache.setAccessTime (0x000074dd2000a588) [0x000074dd2000a680, 0x000074dd2000a9a8] Compiler: c1, Barriers: 0, Oops: 1, ImmediateOops: 0, NonImmediateOops: No
[2,417s][debug][gc,nmethod     ] Register NMethod: io.sirix.page.KeyValueLeafPage.getNumberOfNonNullEntries (0x000074dd2000aa08) [0x000074dd2000ab00, 0x000074dd2000b020] Compiler: c1, Barriers: 2, Oops: 1, ImmediateOops: 0, NonImmediateOops: No
[2,417s][debug][gc,nmethod     ] Register NMethod: java.util.concurrent.ForkJoinPool$WorkQueue.unlockPhase (0x000074dd2000b088) [0x000074dd2000b180, 0x000074dd2000b290] Compiler: c1, Barriers: 0, Oops: 0, ImmediateOops: 0, NonImmediateOops: No
[2,417s][debug][gc,nmethod     ] Register NMethod: java.nio.HeapByteBuffer.isReadOnly (0x000074dd3edf2a08) [0x000074dd3edf2b00, 0x000074dd3edf2bc0] Compiler: c1, Barriers: 0, Oops: 0, ImmediateOops: 0, NonImmediateOops: No
[2,417s][debug][gc,nmethod     ] Register NMethod: java.util.concurrent.ForkJoinWorkerThread.resetThreadLocals (0x000074dd2000b388) [0x000074dd2000b480, 0x000074dd2000b950] Compiler: c1, Barriers: 8, Oops: 0, ImmediateOops: 0, NonImmediateOops: No
[2,417s][debug][gc,nmethod     ] Register NMethod: jdk.internal.misc.Unsafe.putLongRelease (0x000074dd2000b988) [0x000074dd2000ba80, 0x000074dd2000bb98] Compiler: c1, Barriers: 0, Oops: 0, ImmediateOops: 0, NonImmediateOops: No
[2,418s][debug][gc,nmethod     ] Register NMethod: com.github.benmanes.caffeine.cache.SSLMW.setWindowWeightedSize (0x000074dd3edf2d08) [0x000074dd3edf2e00, 0x000074dd3edf2ec0] Compiler: c1, Barriers: 0, Oops: 1, ImmediateOops: 0, NonImmediateOops: No
[2,418s][debug][gc,nmethod     ] Register NMethod: java.util.concurrent.ConcurrentLinkedDeque.updateHead (0x000074dd2000bc88) [0x000074dd2000bd80, 0x000074dd2000c480] Compiler: c1, Barriers: 6, Oops: 1, ImmediateOops: 1, NonImmediateOops: No
[2,418s][debug][gc,nmethod     ] Register NMethod: java.util.concurrent.ConcurrentLinkedDeque.updateTail (0x000074dd2000c508) [0x000074dd2000c600, 0x000074dd2000cd00] Compiler: c1, Barriers: 6, Oops: 1, ImmediateOops: 1, NonImmediateOops: No
[2,418s][debug][gc,nmethod     ] Register NMethod: java.util.concurrent.ConcurrentLinkedDeque.skipDeletedSuccessors (0x000074dd2000cd88) [0x000074dd2000ce80, 0x000074dd2000ebb0] Compiler: c1, Barriers: 11, Oops: 5, ImmediateOops: 11, NonImmediateOops: No
[2,418s][debug][gc,nmethod     ] Register NMethod: com.github.benmanes.caffeine.cache.BaseMpscLinkedArrayQueue.casProducerIndex (0x000074dd2000ec08) [0x000074dd2000ed00, 0x000074dd2000fa30] Compiler: c1, Barriers: 0, Oops: 6, ImmediateOops: 5, NonImmediateOops: No
[2,418s][debug][gc,nmethod     ] Register NMethod: com.github.benmanes.caffeine.cache.SSLMW.setWeightedSize (0x000074dd3edf3008) [0x000074dd3edf3100, 0x000074dd3edf31c0] Compiler: c1, Barriers: 0, Oops: 1, ImmediateOops: 0, NonImmediateOops: No
[2,418s][debug][gc,nmethod     ] Register NMethod: java.util.concurrent.ConcurrentLinkedDeque.skipDeletedPredecessors (0x000074dd2000fa88) [0x000074dd2000fb80, 0x000074dd200118b0] Compiler: c1, Barriers: 11, Oops: 5, ImmediateOops: 11, NonImmediateOops: No
[2,418s][debug][gc,nmethod     ] Register NMethod: com.github.benmanes.caffeine.cache.BoundedLocalCache.scheduleAfterWrite (0x000074dd20011908) [0x000074dd20011a00, 0x000074dd20014fe0] Compiler: c1, Barriers: 0, Oops: 7, ImmediateOops: 17, NonImmediateOops: No
[2,419s][debug][gc,nmethod     ] Register NMethod: com.github.benmanes.caffeine.cache.SSLSMW.setWeightedSize (0x000074dd3edf3308) [0x000074dd3edf3400, 0x000074dd3edf34c0] Compiler: c1, Barriers: 0, Oops: 1, ImmediateOops: 0, NonImmediateOops: No
[2,419s][debug][gc,nmethod     ] Register NMethod: com.github.benmanes.caffeine.cache.BaseMpscLinkedArrayQueue.offer (0x000074dd20015088) [0x000074dd20015180, 0x000074dd20018490] Compiler: c1, Barriers: 4, Oops: 12, ImmediateOops: 16, NonImmediateOops: No
[2,419s][debug][gc,nmethod     ] Register NMethod: io.sirix.page.delegates.BitmapReferencesPage.getOrCreateReference (0x000074dd20018508) [0x000074dd20018600, 0x000074dd20018ca8] Compiler: c1, Barriers: 2, Oops: 1, ImmediateOops: 0, NonImmediateOops: No
[2,419s][debug][gc,nmethod     ] Register NMethod: it.unimi.dsi.fastutil.ints.Int2LongOpenHashMap.get (0x000074dd20018d08) [0x000074dd20018e00, 0x000074dd20019350] Compiler: c1, Barriers: 4, Oops: 1, ImmediateOops: 0, NonImmediateOops: No
[2,419s][debug][gc,nmethod     ] Register NMethod: io.sirix.index.path.summary.PathSummaryReader.putMapping (0x000074dd20019388) [0x000074dd20019480, 0x000074dd20019eb8] Compiler: c1, Barriers: 9, Oops: 1, ImmediateOops: 0, NonImmediateOops: No
[2,420s][debug][gc,nmethod     ] Register NMethod: io.sirix.access.trx.node.xml.XmlNodeReadOnlyTrxImpl.getNode (0x000074dd20019f08) [0x000074dd2001a000, 0x000074dd2001a2f8] Compiler: c1, Barriers: 0, Oops: 1, ImmediateOops: 0, NonImmediateOops: No
[2,420s][debug][gc,nmethod     ] Register NMethod: io.sirix.page.NamePage.setName (0x000074dd2001a308) [0x000074dd2001a400, 0x000074dd2001b9c0] Compiler: c1, Barriers: 25, Oops: 1, ImmediateOops: 2, NonImmediateOops: No
[2,420s][debug][gc,nmethod     ] Register NMethod: io.sirix.axis.AbstractAxis.resetToLastKey (0x000074dd2001ba08) [0x000074dd2001bb00, 0x000074dd2001c0b8] Compiler: c1, Barriers: 2, Oops: 1, ImmediateOops: 0, NonImmediateOops: No
[2,420s][debug][gc,nmethod     ] Register NMethod: io.sirix.index.path.summary.PathSummaryReader.getNodeKey (0x000074dd2001c108) [0x000074dd2001c200, 0x000074dd2001c6b0] Compiler: c1, Barriers: 1, Oops: 1, ImmediateOops: 1, NonImmediateOops: No
[2,420s][debug][gc,nmethod     ] Register NMethod: io.sirix.access.trx.page.NodePageTrx.prepareRecordPage (0x000074dd2001c708) [0x000074dd2001c800, 0x000074dd2001eda8] Compiler: c1, Barriers: 38, Oops: 4, ImmediateOops: 3, NonImmediateOops: No
[2,420s][debug][gc,nmethod     ] Register NMethod: io.sirix.access.trx.node.xml.XmlNodeReadOnlyTrxImpl.getNode (0x000074dd2001ee08) [0x000074dd2001ef00, 0x000074dd20021480] Compiler: c1, Barriers: 7, Oops: 2, ImmediateOops: 3, NonImmediateOops: No
[2,420s][debug][gc,nmethod     ] Register NMethod: io.sirix.axis.ChildAxis.reset (0x000074dd3edf3608) [0x000074dd3edf3700, 0x000074dd3edf3800] Compiler: jvmci, Barriers: 3, Oops: 1, ImmediateOops: 1, NonImmediateOops: No
[2,420s][debug][gc,nmethod     ] Register NMethod: it.unimi.dsi.fastutil.ints.Int2IntOpenHashMap.insert (0x000074dd20021508) [0x000074dd20021600, 0x000074dd200218b0] Compiler: c1, Barriers: 2, Oops: 1, ImmediateOops: 0, NonImmediateOops: No
[2,421s][debug][gc,nmethod     ] Register NMethod: io.sirix.node.xml.AbstractStructForwardingNode.setLeftSiblingKey (0x000074dd20021908) [0x000074dd20021a00, 0x000074dd20021d40] Compiler: c1, Barriers: 0, Oops: 1, ImmediateOops: 0, NonImmediateOops: No
[2,421s][debug][gc,nmethod     ] Register NMethod: io.sirix.cache.PageContainer.getModifiedAsUnorderedKeyValuePage (0x000074dd3edf3908) [0x000074dd3edf3a00, 0x000074dd3edf3af8] Compiler: jvmci, Barriers: 1, Oops: 1, ImmediateOops: 0, NonImmediateOops: No
[2,421s][debug][gc,nmethod     ] Register NMethod: it.unimi.dsi.fastutil.ints.Int2LongOpenHashMap.insert (0x000074dd20021d88) [0x000074dd20021e80, 0x000074dd20022130] Compiler: c1, Barriers: 2, Oops: 1, ImmediateOops: 0, NonImmediateOops: No
[2,421s][debug][gc,nmethod     ] Register NMethod: io.sirix.access.trx.page.NodePageTrx.prepareRecordForModification (0x000074dd20022188) [0x000074dd20022280, 0x000074dd20024108] Compiler: c1, Barriers: 7, Oops: 2, ImmediateOops: 4, NonImmediateOops: No
[2,421s][debug][gc,nmethod     ] Register NMethod: io.sirix.access.trx.node.AbstractNodeHashing.rollingAdd (0x000074dd20024188) [0x000074dd20024280, 0x000074dd20029580] Compiler: c1, Barriers: 15, Oops: 1, ImmediateOops: 2, NonImmediateOops: No
[2,421s][debug][gc,nmethod     ] Register NMethod: io.sirix.index.path.summary.PathSummaryWriter.getPathNodeKey (0x000074dd20029608) [0x000074dd20029700, 0x000074dd2002d560] Compiler: c1, Barriers: 25, Oops: 1, ImmediateOops: 8, NonImmediateOops: No
[2,421s][debug][gc,nmethod     ] Register NMethod: io.sirix.node.immutable.xml.ImmutableElement.of (0x000074dd3edf3c08) [0x000074dd3edf3d00, 0x000074dd3edf3e30] Compiler: jvmci, Barriers: 2, Oops: 1, ImmediateOops: 0, NonImmediateOops: No
[2,421s][debug][gc,nmethod     ] Register NMethod: io.sirix.index.path.summary.PathNode.incrementReferenceCount (0x000074dd3edf3f08) [0x000074dd3edf4000, 0x000074dd3edf4088] Compiler: jvmci, Barriers: 0, Oops: 1, ImmediateOops: 0, NonImmediateOops: No
[2,422s][debug][gc,nmethod     ] Register NMethod: com.sun.org.apache.xerces.internal.parsers.AbstractSAXParser.startElement (0x000074dd2002d588) [0x000074dd2002d680, 0x000074dd2002f948] Compiler: c1, Barriers: 44, Oops: 0, ImmediateOops: 10, NonImmediateOops: No
[2,422s][debug][gc,nmethod     ] Register NMethod: io.brackit.query.node.parser.SAX2SubtreeHandlerAdapter.handleText (0x000074dd2002f988) [0x000074dd2002fa80, 0x000074dd20030920] Compiler: c1, Barriers: 11, Oops: 1, ImmediateOops: 2, NonImmediateOops: No
[2,422s][debug][gc,nmethod     ] Register NMethod: io.sirix.access.trx.node.xml.XmlNodeTrxImpl.adaptForInsert (0x000074dd20030988) [0x000074dd20030a80, 0x000074dd20033828] Compiler: c1, Barriers: 3, Oops: 1, ImmediateOops: 3, NonImmediateOops: No
[2,422s][debug][gc,nmethod     ] Register NMethod: io.sirix.access.trx.page.NodePageTrx.createRecord (0x000074dd20033888) [0x000074dd20033980, 0x000074dd20039dc8] Compiler: c1, Barriers: 30, Oops: 1, ImmediateOops: 6, NonImmediateOops: No
[2,422s][debug][gc,nmethod     ] Register NMethod: jdk.xml.internal.XMLSecurityManager.isNoLimit (0x000074dd20039e08) [0x000074dd20039f00, 0x000074dd2003a050] Compiler: c1, Barriers: 0, Oops: 0, ImmediateOops: 0, NonImmediateOops: No
[2,422s][debug][gc,nmethod     ] Register NMethod: com.sun.org.apache.xerces.internal.parsers.AbstractSAXParser.characters (0x000074dd2003a108) [0x000074dd2003a200, 0x000074dd2003a7a8] Compiler: c1, Barriers: 4, Oops: 0, ImmediateOops: 0, NonImmediateOops: No
[2,422s][debug][gc,nmethod     ] Register NMethod: com.sun.org.apache.xerces.internal.impl.XMLEntityScanner.scanChar (0x000074dd2003a808) [0x000074dd2003a900, 0x000074dd2003b328] Compiler: c1, Barriers: 8, Oops: 0, ImmediateOops: 0, NonImmediateOops: No
[2,423s][debug][gc,nmethod     ] Register NMethod: java.util.ArrayDeque.push (0x000074dd2003b388) [0x000074dd2003b480, 0x000074dd2003b5b0] Compiler: c1, Barriers: 0, Oops: 0, ImmediateOops: 0, NonImmediateOops: No
[2,423s][debug][gc,nmethod     ] Register NMethod: java.util.ArrayDeque.addFirst (0x000074dd2003b688) [0x000074dd2003b780, 0x000074dd2003bd60] Compiler: c1, Barriers: 4, Oops: 0, ImmediateOops: 0, NonImmediateOops: No
[2,423s][debug][gc,nmethod     ] Register NMethod: io.brackit.query.node.parser.SAX2SubtreeHandlerAdapter.characters (0x000074dd2003bd88) [0x000074dd2003be80, 0x000074dd2003c190] Compiler: c1, Barriers: 1, Oops: 1, ImmediateOops: 0, NonImmediateOops: No
[2,423s][debug][gc,nmethod     ] Register NMethod: it.unimi.dsi.fastutil.ints.Int2ObjectOpenHashMap.get (0x000074dd2003c208) [0x000074dd2003c300, 0x000074dd2003c970] Compiler: c1, Barriers: 10, Oops: 1, ImmediateOops: 0, NonImmediateOops: No
[2,423s][debug][gc,nmethod     ] Register NMethod: io.brackit.query.node.parser.SAX2SubtreeHandlerAdapter$TrimmingStringBuilder.append (0x000074dd2003c988) [0x000074dd2003ca80, 0x000074dd2003cf10] Compiler: c1, Barriers: 5, Oops: 1, ImmediateOops: 0, NonImmediateOops: No
[2,423s][debug][gc,nmethod     ] Register NMethod: io.brackit.query.node.parser.SAX2SubtreeHandlerAdapter.startElement (0x000074dd2003cf88) [0x000074dd2003d080, 0x000074dd2003f068] Compiler: c1, Barriers: 6, Oops: 1, ImmediateOops: 3, NonImmediateOops: No
[2,423s][debug][gc,nmethod     ] Register NMethod: io.sirix.query.node.SubtreeBuilder.startElement (0x000074dd2003f088) [0x000074dd2003f180, 0x000074dd20041988] Compiler: c1, Barriers: 14, Oops: 1, ImmediateOops: 1, NonImmediateOops: No
[2,424s][debug][gc,nmethod     ] Register NMethod: io.sirix.node.xml.ElementNode.hasLeftSibling (0x000074dd20041a08) [0x000074dd20041b00, 0x000074dd20046f38] Compiler: c1, Barriers: 19, Oops: 7, ImmediateOops: 12, NonImmediateOops: No
[2,424s][debug][gc,nmethod     ] Register NMethod: com.sun.org.apache.xerces.internal.util.XMLChar.isNameStart (0x000074dd3edf4208) [0x000074dd3edf4300, 0x000074dd3edf43c8] Compiler: jvmci, Barriers: 0, Oops: 0, ImmediateOops: 1, NonImmediateOops: No
[2,424s][debug][gc,nmethod     ] Register NMethod: com.sun.org.apache.xerces.internal.util.NamespaceSupport.pushContext (0x000074dd20046f88) [0x000074dd20047080, 0x000074dd200473f0] Compiler: c1, Barriers: 5, Oops: 0, ImmediateOops: 0, NonImmediateOops: No
[2,424s][debug][gc,director    ] Rule Major: Warmup 10%, Used: 484MB, UsedThreshold: 1228MB
[2,425s][debug][gc,nmethod     ] Register NMethod: com.sun.org.apache.xerces.internal.impl.XMLDocumentFragmentScannerImpl.bufferContent (0x000074dd20047408) [0x000074dd20047500, 0x000074dd20047b40] Compiler: c1, Barriers: 4, Oops: 0, ImmediateOops: 0, NonImmediateOops: No
[2,425s][debug][gc,nmethod     ] Register NMethod: io.sirix.access.trx.page.NodePageReadOnlyTrx.loadPage (0x000074dd3edf4508) [0x000074dd3edf4600, 0x000074dd3edf4d50] Compiler: jvmci, Barriers: 14, Oops: 1, ImmediateOops: 0, NonImmediateOops: No
[2,425s][debug][gc,nmethod     ] Register NMethod: io.sirix.access.trx.page.NodePageTrx.getMostRecentPageContainer (0x000074dd3edf4d88) [0x000074dd3edf4e80, 0x000074dd3edf5288] Compiler: jvmci, Barriers: 9, Oops: 1, ImmediateOops: 1, NonImmediateOops: No
[2,425s][debug][gc,nmethod     ] Register NMethod: io.sirix.node.xml.TextNode.setRightSiblingKey (0x000074dd3edf5308) [0x000074dd3edf5400, 0x000074dd3edf57f8] Compiler: jvmci, Barriers: 4, Oops: 3, ImmediateOops: 0, NonImmediateOops: No
[2,425s][debug][gc,nmethod     ] Register NMethod: io.sirix.node.xml.ElementNode.setRightSiblingKey (0x000074dd3edf5888) [0x000074dd3edf5980, 0x000074dd3edf5d78] Compiler: jvmci, Barriers: 4, Oops: 3, ImmediateOops: 0, NonImmediateOops: No
[2,426s][debug][gc,nmethod     ] Register NMethod: io.sirix.access.trx.page.NodePageTrx.createNameKey (0x000074dd20047b88) [0x000074dd20047c80, 0x000074dd200496b8] Compiler: c1, Barriers: 7, Oops: 1, ImmediateOops: 3, NonImmediateOops: No
[2,426s][debug][gc,nmethod     ] Register NMethod: com.sun.org.apache.xerces.internal.impl.XMLEntityScanner.skipSpaces (0x000074dd20049708) [0x000074dd20049800, 0x000074dd2004aa80] Compiler: c1, Barriers: 16, Oops: 0, ImmediateOops: 2, NonImmediateOops: No
[2,426s][debug][gc,nmethod     ] Register NMethod: com.sun.org.apache.xerces.internal.impl.XMLNSDocumentScannerImpl.scanStartElement (0x000074dd2004aa88) [0x000074dd2004ab80, 0x000074dd20052de0] Compiler: c1, Barriers: 176, Oops: 11, ImmediateOops: 26, NonImmediateOops: No
[2,426s][debug][gc,nmethod     ] Register NMethod: com.sun.org.apache.xerces.internal.impl.XMLDocumentFragmentScannerImpl$FragmentContentDriver.next (0x000074dd20052e88) [0x000074dd20052f80, 0x000074dd20060a40] Compiler: c1, Barriers: 140, Oops: 1, ImmediateOops: 14, NonImmediateOops: No
[2,428s][debug][gc,nmethod     ] Register NMethod: io.sirix.access.trx.page.NodePageReadOnlyTrx.getValue (0x000074dd3edf5e08) [0x000074dd3edf5f00, 0x000074dd3edf6380] Compiler: jvmci, Barriers: 4, Oops: 1, ImmediateOops: 1, NonImmediateOops: No
[2,433s][debug][gc,nmethod     ] Register NMethod: io.sirix.axis.AbstractAxis.hasNext (0x000074dd3edf6408) [0x000074dd3edf6500, 0x000074dd3edf6ba8] Compiler: jvmci, Barriers: 16, Oops: 1, ImmediateOops: 3, NonImmediateOops: No
[2,433s][debug][gc,nmethod     ] Register NMethod: io.sirix.access.trx.page.NodePageTrx.getPageContainer (0x000074dd3edf6c08) [0x000074dd3edf6d00, 0x000074dd3edf73c8] Compiler: jvmci, Barriers: 17, Oops: 3, ImmediateOops: 1, NonImmediateOops: No
[2,433s][debug][gc,nmethod     ] Register NMethod: com.sun.org.apache.xerces.internal.util.XMLChar.isSpace (0x000074dd3edf7408) [0x000074dd3edf7500, 0x000074dd3edf7608] Compiler: jvmci, Barriers: 0, Oops: 0, ImmediateOops: 1, NonImmediateOops: No
[2,434s][debug][gc,director    ] Rule Major: Warmup 10%, Used: 488MB, UsedThreshold: 1228MB
[2,437s][debug][gc,nmethod     ] Register NMethod: io.sirix.access.trx.page.NodePageTrx.prepareRecordPage (0x000074dd3edf7708) [0x000074dd3edf7800, 0x000074dd3edf84e8] Compiler: jvmci, Barriers: 35, Oops: 3, ImmediateOops: 1, NonImmediateOops: No
[2,437s][debug][gc,nmethod     ] Register NMethod: io.sirix.access.trx.page.NodePageTrx.getRecord (0x000074dd3edf8508) [0x000074dd3edf8600, 0x000074dd3edf9b08] Compiler: jvmci, Barriers: 37, Oops: 4, ImmediateOops: 3, NonImmediateOops: No
[2,437s][debug][gc,nmethod     ] Register NMethod: io.sirix.index.path.summary.PathSummaryReader.moveTo (0x000074dd3edf9b88) [0x000074dd3edf9c80, 0x000074dd3edfa648] Compiler: jvmci, Barriers: 17, Oops: 2, ImmediateOops: 1, NonImmediateOops: No
[2,438s][debug][gc,nmethod     ] Register NMethod: io.sirix.index.path.summary.PathSummaryReader.getNodeKey (0x000074dd3edfa688) [0x000074dd3edfa780, 0x000074dd3edfa940] Compiler: jvmci, Barriers: 2, Oops: 1, ImmediateOops: 0, NonImmediateOops: No
[2,439s][debug][gc,nmethod     ] Register NMethod: com.sun.org.apache.xerces.internal.util.XMLAttributesIteratorImpl.removeAllAttributes (0x000074dd3edfa988) [0x000074dd3edfaa80, 0x000074dd3edfab10] Compiler: jvmci, Barriers: 0, Oops: 0, ImmediateOops: 0, NonImmediateOops: No
[2,441s][debug][gc,nmethod     ] Register NMethod: io.sirix.access.trx.node.AbstractNodeReadOnlyTrx.moveTo (0x000074dd3edfac88) [0x000074dd3edfad80, 0x000074dd3edfc0d0] Compiler: jvmci, Barriers: 37, Oops: 4, ImmediateOops: 1, NonImmediateOops: No
[2,443s][debug][gc,nmethod     ] Register NMethod: io.sirix.node.SirixDeweyID.getNewChildID (0x000074dd3edfc108) [0x000074dd3edfc200, 0x000074dd3edfc5d0] Compiler: jvmci, Barriers: 3, Oops: 2, ImmediateOops: 0, NonImmediateOops: No
[2,444s][debug][gc,nmethod     ] Register NMethod: io.sirix.access.trx.page.NodePageTrx.prepareRecordForModification (0x000074dd3edfc608) [0x000074dd3edfc700, 0x000074dd3edfdb70] Compiler: jvmci, Barriers: 45, Oops: 3, ImmediateOops: 2, NonImmediateOops: No
[2,444s][debug][gc,nmethod     ] Register NMethod: io.sirix.axis.filter.PathKindFilter.filter (0x000074dd3edfdc08) [0x000074dd3edfdd00, 0x000074dd3edfdf40] Compiler: jvmci, Barriers: 4, Oops: 1, ImmediateOops: 0, NonImmediateOops: No
[2,444s][debug][gc,nmethod     ] Register NMethod: io.sirix.service.xml.shredder.AbstractShredder.processEndTag (0x000074dd3edfdf88) [0x000074dd3edfe080, 0x000074dd3edfed78] Compiler: jvmci, Barriers: 21, Oops: 2, ImmediateOops: 1, NonImmediateOops: No
[2,444s][debug][gc,director    ] Rule Major: Warmup 10%, Used: 492MB, UsedThreshold: 1228MB
[2,447s][debug][gc,nmethod     ] Register NMethod: io.sirix.node.MemorySegmentBytesOut.<init> (0x000074dd3edfee08) [0x000074dd3edfef00, 0x000074dd3ee006b8] Compiler: jvmci, Barriers: 75, Oops: 6, ImmediateOops: 9, NonImmediateOops: No
[2,448s][debug][gc,nmethod     ] Register NMethod: io.sirix.service.xml.xpath.ItemListImpl.size (0x000074dd3ee00708) [0x000074dd3ee00800, 0x000074dd3ee00910] Compiler: jvmci, Barriers: 1, Oops: 1, ImmediateOops: 0, NonImmediateOops: No
[2,449s][debug][gc,nmethod     ] Register NMethod: java.util.concurrent.locks.ReentrantLock.lock (0x000074dd3ee00a08) [0x000074dd3ee00b00, 0x000074dd3ee00db8] Compiler: jvmci, Barriers: 6, Oops: 0, ImmediateOops: 0, NonImmediateOops: No
[2,449s][debug][gc,nmethod     ] Register NMethod: io.sirix.node.xml.AbstractStructForwardingNode.hasRightSibling (0x000074dd3ee00e08) [0x000074dd3ee00f00, 0x000074dd3ee01018] Compiler: jvmci, Barriers: 1, Oops: 1, ImmediateOops: 0, NonImmediateOops: No
[2,449s][debug][gc,nmethod     ] Register NMethod: io.sirix.node.xml.AbstractStructForwardingNode.getRightSiblingKey (0x000074dd3ee01108) [0x000074dd3ee01200, 0x000074dd3ee01310] Compiler: jvmci, Barriers: 1, Oops: 1, ImmediateOops: 0, NonImmediateOops: No
[2,450s][debug][gc,nmethod     ] Register NMethod: io.sirix.index.path.summary.PathSummaryReader.hasRightSibling (0x000074dd3ee01408) [0x000074dd3ee01500, 0x000074dd3ee01690] Compiler: jvmci, Barriers: 2, Oops: 1, ImmediateOops: 0, NonImmediateOops: No
[2,450s][debug][gc,nmethod     ] Register NMethod: io.sirix.index.path.summary.PathSummaryReader.getRightSiblingKey (0x000074dd3ee01708) [0x000074dd3ee01800, 0x000074dd3ee01980] Compiler: jvmci, Barriers: 2, Oops: 1, ImmediateOops: 0, NonImmediateOops: No
[2,451s][debug][gc,nmethod     ] Register NMethod: java.util.HashMap.afterNodeAccess (0x000074dd3ee01a08) [0x000074dd3ee01b00, 0x000074dd3ee01b80] Compiler: jvmci, Barriers: 0, Oops: 0, ImmediateOops: 0, NonImmediateOops: No
[2,451s][debug][gc,nmethod     ] Register NMethod: java.io.BufferedReader.ensureOpen (0x000074dd20060a88) [0x000074dd20060b80, 0x000074dd20060db0] Compiler: c1, Barriers: 1, Oops: 0, ImmediateOops: 1, NonImmediateOops: No
[2,453s][debug][gc,nmethod     ] Register NMethod: io.sirix.axis.AbstractAxis.nextLong (0x000074dd3ee01d08) [0x000074dd3ee01e00, 0x000074dd3ee02780] Compiler: jvmci, Barriers: 19, Oops: 1, ImmediateOops: 3, NonImmediateOops: No
[2,453s][debug][gc,nmethod     ] Register NMethod: io.sirix.axis.ChildAxis.nextKey (0x000074dd3ee02808) [0x000074dd3ee02900, 0x000074dd3ee036a8] Compiler: jvmci, Barriers: 15, Oops: 1, ImmediateOops: 0, NonImmediateOops: No
[2,454s][debug][gc,nmethod     ] Register NMethod: it.unimi.dsi.fastutil.ints.Int2LongOpenHashMap.getOrDefault (0x000074dd20060e08) [0x000074dd20060f00, 0x000074dd20061458] Compiler: c1, Barriers: 4, Oops: 1, ImmediateOops: 0, NonImmediateOops: No
[2,454s][debug][gc,nmethod     ] Register NMethod: java.nio.Buffer.discardMark (0x000074dd20061488) [0x000074dd20061580, 0x000074dd20061688] Compiler: c1, Barriers: 0, Oops: 0, ImmediateOops: 0, NonImmediateOops: No
[2,454s][debug][gc,nmethod     ] Register NMethod: io.sirix.node.xml.ElementNode.setFirstChildKey (0x000074dd3ee03708) [0x000074dd3ee03800, 0x000074dd3ee03bf8] Compiler: jvmci, Barriers: 4, Oops: 3, ImmediateOops: 0, NonImmediateOops: No
[2,454s][debug][gc,director    ] Rule Major: Warmup 10%, Used: 496MB, UsedThreshold: 1228MB
[2,457s][debug][gc,nmethod     ] Register NMethod: io.sirix.node.xml.ElementNode.hasLeftSibling (0x000074dd3ee03c88) [0x000074dd3ee03d80, 0x000074dd3ee04178] Compiler: jvmci, Barriers: 4, Oops: 3, ImmediateOops: 0, NonImmediateOops: No
[2,458s][debug][gc,nmethod     ] Register NMethod: io.sirix.axis.AbstractAxis.<init> (0x000074dd3ee04208) [0x000074dd3ee04300, 0x000074dd3ee04a90] Compiler: jvmci, Barriers: 22, Oops: 1, ImmediateOops: 2, NonImmediateOops: No
[2,460s][debug][gc,nmethod     ] Register NMethod: com.sun.org.apache.xerces.internal.impl.XMLDocumentFragmentScannerImpl$FragmentContentDriver.next (0x000074dd3ee04b08) [0x000074dd3ee04c00, 0x000074dd3ee069c0] Compiler: jvmci, Barriers: 44, Oops: 1, ImmediateOops: 1, NonImmediateOops: No
[2,462s][debug][gc,nmethod     ] Register NMethod: io.sirix.node.xml.TextNode.hasRightSibling (0x000074dd3ee06a08) [0x000074dd3ee06b00, 0x000074dd3ee06ef8] Compiler: jvmci, Barriers: 4, Oops: 3, ImmediateOops: 0, NonImmediateOops: No
[2,465s][debug][gc,director    ] Rule Major: Warmup 10%, Used: 502MB, UsedThreshold: 1228MB
[2,465s][debug][gc,nmethod     ] Register NMethod: com.sun.org.apache.xerces.internal.parsers.AbstractSAXParser.characters (0x000074dd3ee06f88) [0x000074dd3ee07080, 0x000074dd3ee07830] Compiler: jvmci, Barriers: 8, Oops: 1, ImmediateOops: 0, NonImmediateOops: No
[2,470s][debug][gc,nmethod     ] Register NMethod: java.util.BitSet.and (0x000074dd3ee07888) [0x000074dd3ee079c0, 0x000074dd3ee07f78] Compiler: jvmci, Barriers: 2, Oops: 0, ImmediateOops: 0, NonImmediateOops: No
[2,471s][debug][gc,nmethod     ] Register NMethod: io.brackit.query.node.parser.SAX2SubtreeHandlerAdapter.characters (0x000074dd3ee07f88) [0x000074dd3ee08080, 0x000074dd3ee08718] Compiler: jvmci, Barriers: 5, Oops: 1, ImmediateOops: 0, NonImmediateOops: No
[2,472s][debug][gc,nmethod     ] Register NMethod: io.sirix.page.delegates.BitmapReferencesPage.getOrCreateReference (0x000074dd3ee08788) [0x000074dd3ee08880, 0x000074dd3ee090f8] Compiler: jvmci, Barriers: 6, Oops: 2, ImmediateOops: 0, NonImmediateOops: No
[2,472s][debug][gc,nmethod     ] Register NMethod: it.unimi.dsi.fastutil.ints.Int2LongOpenHashMap.get (0x000074dd3ee09188) [0x000074dd3ee09280, 0x000074dd3ee095d0] Compiler: jvmci, Barriers: 2, Oops: 1, ImmediateOops: 0, NonImmediateOops: No
[2,473s][debug][gc,nmethod     ] Register NMethod: org.magicwerk.brownies.collections.GapList.get (0x000074dd3ee09608) [0x000074dd3ee09700, 0x000074dd3ee09900] Compiler: jvmci, Barriers: 3, Oops: 1, ImmediateOops: 0, NonImmediateOops: No
[2,474s][debug][gc,nmethod     ] Register NMethod: it.unimi.dsi.fastutil.ints.Int2IntOpenHashMap.find (0x000074dd3ee09988) [0x000074dd3ee09a80, 0x000074dd3ee09d10] Compiler: jvmci, Barriers: 1, Oops: 1, ImmediateOops: 0, NonImmediateOops: No
[2,475s][debug][gc,director    ] Rule Major: Warmup 10%, Used: 506MB, UsedThreshold: 1228MB
[2,475s][debug][gc,nmethod     ] Register NMethod: io.sirix.page.PageKind$1.serializePage (0x000074dd3ee09d88) [0x000074dd3ee09e80, 0x000074dd3ee0ef10] Compiler: jvmci, Barriers: 130, Oops: 19, ImmediateOops: 10, NonImmediateOops: No
[2,475s][debug][gc,nmethod     ] Register NMethod: it.unimi.dsi.fastutil.ints.Int2ObjectOpenHashMap.get (0x000074dd3ee0f008) [0x000074dd3ee0f100, 0x000074dd3ee0f568] Compiler: jvmci, Barriers: 8, Oops: 1, ImmediateOops: 0, NonImmediateOops: No
[2,476s][debug][gc,nmethod     ] Register NMethod: org.magicwerk.brownies.collections.GapList.doGet (0x000074dd3ee0f588) [0x000074dd3ee0f680, 0x000074dd3ee0f880] Compiler: jvmci, Barriers: 3, Oops: 1, ImmediateOops: 0, NonImmediateOops: No
[2,479s][debug][gc,nmethod     ] Register NMethod: io.sirix.page.NamePage.setName (0x000074dd3ee0f908) [0x000074dd3ee0fa00, 0x000074dd3ee100b8] Compiler: jvmci, Barriers: 16, Oops: 1, ImmediateOops: 0, NonImmediateOops: No
[2,480s][debug][gc,nmethod     ] Register NMethod: io.sirix.page.delegates.BitmapReferencesPage.index (0x000074dd3ee10108) [0x000074dd3ee10200, 0x000074dd3ee107b8] Compiler: jvmci, Barriers: 2, Oops: 2, ImmediateOops: 0, NonImmediateOops: No
[2,482s][debug][gc,nmethod     ] Register NMethod: it.unimi.dsi.fastutil.ints.Int2IntOpenHashMap.put (0x000074dd3ee10808) [0x000074dd3ee10900, 0x000074dd3ee10bf0] Compiler: jvmci, Barriers: 2, Oops: 1, ImmediateOops: 0, NonImmediateOops: No
[2,485s][debug][gc,director    ] Rule Major: Warmup 10%, Used: 512MB, UsedThreshold: 1228MB
[2,487s][debug][gc,nmethod     ] Register NMethod: io.sirix.access.trx.node.xml.XmlNodeTrxImpl.adaptForInsert (0x000074dd3ee10c08) [0x000074dd3ee10d00, 0x000074dd3ee13d98] Compiler: jvmci, Barriers: 60, Oops: 2, ImmediateOops: 1, NonImmediateOops: No
[2,487s][debug][gc,nmethod     ] Register NMethod: io.sirix.index.path.summary.PathSummaryReader.putMapping (0x000074dd3ee13e08) [0x000074dd3ee13f00, 0x000074dd3ee14630] Compiler: jvmci, Barriers: 16, Oops: 1, ImmediateOops: 0, NonImmediateOops: No
[2,492s][debug][gc,nmethod     ] Register NMethod: java.io.InputStreamReader.read (0x000074dd20061788) [0x000074dd20061880, 0x000074dd20061a08] Compiler: c1, Barriers: 1, Oops: 0, ImmediateOops: 0, NonImmediateOops: No
[2,493s][debug][gc,nmethod     ] Register NMethod: java.nio.HeapByteBuffer.compact (0x000074dd20061a88) [0x000074dd20061b80, 0x000074dd20062b18] Compiler: c1, Barriers: 1, Oops: 0, ImmediateOops: 0, NonImmediateOops: No
[2,493s][debug][gc,nmethod     ] Register NMethod: sun.nio.cs.StreamDecoder.readBytes (0x000074dd20062b88) [0x000074dd20062c80, 0x000074dd20065100] Compiler: c1, Barriers: 12, Oops: 0, ImmediateOops: 1, NonImmediateOops: No
[2,493s][debug][gc,nmethod     ] Register NMethod: sun.nio.cs.StreamDecoder.read (0x000074dd20065108) [0x000074dd20065200, 0x000074dd20066138] Compiler: c1, Barriers: 2, Oops: 0, ImmediateOops: 1, NonImmediateOops: No
[2,493s][debug][gc,nmethod     ] Register NMethod: sun.nio.cs.StreamDecoder.implRead (0x000074dd20066188) [0x000074dd20066280, 0x000074dd20068578] Compiler: c1, Barriers: 4, Oops: 0, ImmediateOops: 0, NonImmediateOops: No
[2,493s][debug][gc,nmethod     ] Register NMethod: io.brackit.query.node.parser.SAX2SubtreeHandlerAdapter$TrimmingStringBuilder.append (0x000074dd3ee14688) [0x000074dd3ee14780, 0x000074dd3ee14d88] Compiler: jvmci, Barriers: 4, Oops: 1, ImmediateOops: 0, NonImmediateOops: No
[2,494s][debug][gc,nmethod     ] Register NMethod: io.sirix.query.node.XmlDBNode.<init> (0x000074dd3ee14e08) [0x000074dd3ee14f00, 0x000074dd3ee15f40] Compiler: jvmci, Barriers: 35, Oops: 1, ImmediateOops: 5, NonImmediateOops: No
[2,494s][debug][gc,nmethod     ] Register NMethod: java.io.FileInputStream.available (0x000074dd20068588) [0x000074dd20068680, 0x000074dd200687b0] Compiler: c1, Barriers: 0, Oops: 0, ImmediateOops: 0, NonImmediateOops: No
[2,495s][debug][gc,director    ] Rule Major: Warmup 10%, Used: 518MB, UsedThreshold: 1228MB
[2,498s][debug][gc,nmethod     ] Register NMethod: io.sirix.axis.filter.FilterAxis.<init> (0x000074dd3ee15f88) [0x000074dd3ee16080, 0x000074dd3ee17ad0] Compiler: jvmci, Barriers: 63, Oops: 1, ImmediateOops: 3, NonImmediateOops: No
[2,500s][debug][gc,nmethod     ] Register NMethod: io.sirix.access.trx.node.AbstractNodeReadOnlyTrx.moveToParent (0x000074dd3ee17b08) [0x000074dd3ee17c00, 0x000074dd3ee19150] Compiler: jvmci, Barriers: 41, Oops: 4, ImmediateOops: 1, NonImmediateOops: No
[2,500s][debug][gc,nmethod     ] Register NMethod: io.sirix.index.name.Names.setName (0x000074dd3ee19188) [0x000074dd3ee19280, 0x000074dd3ee1bc58] Compiler: jvmci, Barriers: 65, Oops: 5, ImmediateOops: 3, NonImmediateOops: No
[2,501s][debug][gc,nmethod     ] Register NMethod: io.sirix.axis.filter.FilterAxis.nextKey (0x000074dd3ee1bc88) [0x000074dd3ee1bd80, 0x000074dd3ee1e4d0] Compiler: jvmci, Barriers: 86, Oops: 2, ImmediateOops: 5, NonImmediateOops: No
[2,504s][debug][gc,nmethod     ] Register NMethod: java.lang.StringUTF16.compress (0x000074dd3ee1e508) [0x000074dd3ee1e600, 0x000074dd3ee1e8d8] Compiler: jvmci, Barriers: 0, Oops: 0, ImmediateOops: 0, NonImmediateOops: No
[2,504s][debug][gc,nmethod     ] Register NMethod: io.sirix.access.trx.page.NodePageTrx.createRecord (0x000074dd3ee1e908) [0x000074dd3ee1ea00, 0x000074dd3ee20028] Compiler: jvmci, Barriers: 45, Oops: 3, ImmediateOops: 1, NonImmediateOops: No
[2,505s][debug][gc,director    ] Rule Major: Warmup 10%, Used: 526MB, UsedThreshold: 1228MB
[2,505s][debug][gc,nmethod     ] Register NMethod: io.sirix.page.NamePage.incrementAndGetMaxNodeKey (0x000074dd20068888) [0x000074dd20068980, 0x000074dd20068bf8] Compiler: c1, Barriers: 2, Oops: 1, ImmediateOops: 0, NonImmediateOops: No
[2,505s][debug][gc,nmethod     ] Register NMethod: it.unimi.dsi.fastutil.ints.Int2ObjectOpenHashMap.find (0x000074dd20068c08) [0x000074dd20068d00, 0x000074dd20069168] Compiler: c1, Barriers: 1, Oops: 1, ImmediateOops: 0, NonImmediateOops: No
[2,505s][debug][gc,nmethod     ] Register NMethod: it.unimi.dsi.fastutil.ints.Int2ObjectOpenHashMap.insert (0x000074dd20069188) [0x000074dd20069280, 0x000074dd200697d8] Compiler: c1, Barriers: 5, Oops: 1, ImmediateOops: 0, NonImmediateOops: No
[2,507s][debug][gc,nmethod     ] Register NMethod: com.sun.org.apache.xerces.internal.parsers.AbstractSAXParser.startElement (0x000074dd3ee20088) [0x000074dd3ee20180, 0x000074dd3ee20b30] Compiler: jvmci, Barriers: 34, Oops: 1, ImmediateOops: 2, NonImmediateOops: No
[2,508s][debug][gc,nmethod     ] Register NMethod: java.util.ArrayDeque.isEmpty (0x000074dd3ee20b88) [0x000074dd3ee20c80, 0x000074dd3ee20d10] Compiler: jvmci, Barriers: 0, Oops: 0, ImmediateOops: 0, NonImmediateOops: No
[2,509s][debug][gc,nmethod     ] Register NMethod: java.util.ArrayDeque.push (0x000074dd3ee20e88) [0x000074dd3ee20f80, 0x000074dd3ee211a8] Compiler: jvmci, Barriers: 4, Oops: 0, ImmediateOops: 0, NonImmediateOops: No
[2,510s][debug][gc,nmethod     ] Register NMethod: java.util.ArrayDeque.addFirst (0x000074dd3ee21208) [0x000074dd3ee21300, 0x000074dd3ee21528] Compiler: jvmci, Barriers: 4, Oops: 0, ImmediateOops: 0, NonImmediateOops: No
[2,510s][debug][gc,nmethod     ] Register NMethod: io.sirix.page.KeyValueLeafPage.<init> (0x000074dd20069808) [0x000074dd20069900, 0x000074dd2006aa10] Compiler: c1, Barriers: 41, Oops: 1, ImmediateOops: 3, NonImmediateOops: No
[2,513s][debug][gc,nmethod     ] Register NMethod: com.sun.org.apache.xerces.internal.util.NamespaceSupport.pushContext (0x000074dd3ee21588) [0x000074dd3ee21680, 0x000074dd3ee21a70] Compiler: jvmci, Barriers: 4, Oops: 0, ImmediateOops: 0, NonImmediateOops: No
[2,513s][debug][gc,nmethod     ] Register NMethod: io.brackit.query.node.parser.SAX2SubtreeHandlerAdapter.startElement (0x000074dd3ee21a88) [0x000074dd3ee21b80, 0x000074dd3ee23288] Compiler: jvmci, Barriers: 42, Oops: 5, ImmediateOops: 1, NonImmediateOops: No
[2,514s][debug][gc,nmethod     ] Register NMethod: io.brackit.query.atomic.QNm.<init> (0x000074dd3ee23308) [0x000074dd3ee23400, 0x000074dd3ee237c8] Compiler: jvmci, Barriers: 18, Oops: 1, ImmediateOops: 2, NonImmediateOops: No
[2,515s][debug][gc,director    ] Rule Major: Warmup 10%, Used: 534MB, UsedThreshold: 1228MB
[2,515s][debug][gc,nmethod     ] Register NMethod: java.util.concurrent.locks.ReentrantLock.unlock (0x000074dd3ee23808) [0x000074dd3ee23900, 0x000074dd3ee23ca8] Compiler: jvmci, Barriers: 8, Oops: 1, ImmediateOops: 0, NonImmediateOops: No
[2,515s][debug][gc,nmethod     ] Register NMethod: com.sun.org.apache.xerces.internal.impl.XMLDocumentFragmentScannerImpl.refresh (0x000074dd2006aa88) [0x000074dd2006ab80, 0x000074dd2006b7c0] Compiler: c1, Barriers: 5, Oops: 0, ImmediateOops: 0, NonImmediateOops: No
[2,515s][debug][gc,nmethod     ] Register NMethod: com.sun.org.apache.xerces.internal.impl.XMLDocumentScannerImpl.refresh (0x000074dd2006b808) [0x000074dd2006b900, 0x000074dd2006cb58] Compiler: c1, Barriers: 9, Oops: 0, ImmediateOops: 0, NonImmediateOops: No
[2,516s][debug][gc,nmethod     ] Register NMethod: java.lang.String.encode (0x000074dd3ee23d08) [0x000074dd3ee23e00, 0x000074dd3ee24020] Compiler: jvmci, Barriers: 0, Oops: 0, ImmediateOops: 1, NonImmediateOops: No
[2,517s][debug][gc,nmethod     ] Register NMethod: io.sirix.query.node.SubtreeBuilder.startElement (0x000074dd3ee24088) [0x000074dd3ee24180, 0x000074dd3ee256c8] Compiler: jvmci, Barriers: 46, Oops: 2, ImmediateOops: 3, NonImmediateOops: No
[2,517s][debug][gc,nmethod     ] Register NMethod: java.util.concurrent.locks.AbstractQueuedSynchronizer.signalNext (0x000074dd3ee25708) [0x000074dd3ee25800, 0x000074dd3ee25a10] Compiler: jvmci, Barriers: 2, Oops: 1, ImmediateOops: 1, NonImmediateOops: No
[2,518s][debug][gc,nmethod     ] Register NMethod: java.lang.String.encodeUTF8 (0x000074dd3ee25a88) [0x000074dd3ee25b80, 0x000074dd3ee25d80] Compiler: jvmci, Barriers: 0, Oops: 0, ImmediateOops: 0, NonImmediateOops: No
[2,518s][debug][gc,nmethod     ] Register NMethod: java.util.concurrent.locks.ReentrantLock$Sync.tryRelease (0x000074dd3ee25d88) [0x000074dd3ee25e80, 0x000074dd3ee260b8] Compiler: jvmci, Barriers: 4, Oops: 0, ImmediateOops: 0, NonImmediateOops: No
[2,519s][debug][gc,nmethod     ] Register NMethod: io.brackit.query.node.parser.SAX2SubtreeHandlerAdapter.handleText (0x000074dd3ee26108) [0x000074dd3ee26200, 0x000074dd3ee27ae0] Compiler: jvmci, Barriers: 30, Oops: 3, ImmediateOops: 3, NonImmediateOops: No
[2,520s][debug][gc,nmethod     ] Register NMethod: net.openhft.hashing.XXH3.XXH3_mix2Accs (0x000074dd3ee27b08) [0x000074dd3ee27c00, 0x000074dd3ee27ca0] Compiler: jvmci, Barriers: 0, Oops: 1, ImmediateOops: 0, NonImmediateOops: No
[2,520s][debug][gc,nmethod     ] Register NMethod: io.sirix.access.trx.node.xml.XmlNodeReadOnlyTrxImpl.getNode (0x000074dd3ee27e08) [0x000074dd3ee27f00, 0x000074dd3ee283f0] Compiler: jvmci, Barriers: 5, Oops: 2, ImmediateOops: 1, NonImmediateOops: No
[2,520s][debug][gc,nmethod     ] Register NMethod: io.sirix.access.trx.node.xml.XmlNodeReadOnlyTrxImpl.getNode (0x000074dd3ee28408) [0x000074dd3ee28500, 0x000074dd3ee289f0] Compiler: jvmci, Barriers: 5, Oops: 2, ImmediateOops: 1, NonImmediateOops: No
[2,523s][debug][gc,nmethod     ] Register NMethod: com.sun.org.apache.xerces.internal.impl.XMLEntityScanner.skipSpaces (0x000074dd3ee28a08) [0x000074dd3ee28b00, 0x000074dd3ee291f0] Compiler: jvmci, Barriers: 8, Oops: 0, ImmediateOops: 1, NonImmediateOops: No
[2,523s][debug][gc,nmethod     ] Register NMethod: com.sun.org.apache.xerces.internal.impl.XMLNSDocumentScannerImpl.scanStartElement (0x000074dd3ee29208) [0x000074dd3ee29300, 0x000074dd3ee2b320] Compiler: jvmci, Barriers: 76, Oops: 1, ImmediateOops: 4, NonImmediateOops: No
[2,524s][debug][gc,nmethod     ] Register NMethod: com.sun.org.apache.xerces.internal.impl.XMLEntityScanner.invokeListeners (0x000074dd2006cb88) [0x000074dd2006cc80, 0x000074dd2006d4b0] Compiler: c1, Barriers: 3, Oops: 0, ImmediateOops: 0, NonImmediateOops: No
[2,525s][debug][gc,director    ] Rule Major: Warmup 10%, Used: 542MB, UsedThreshold: 1228MB
[2,525s][debug][gc,nmethod     ] Register NMethod: com.sun.org.apache.xerces.internal.impl.XMLEntityScanner.scanChar (0x000074dd3ee2b388) [0x000074dd3ee2b480, 0x000074dd3ee2b6c8] Compiler: jvmci, Barriers: 2, Oops: 0, ImmediateOops: 0, NonImmediateOops: No
[2,525s][debug][gc,nmethod     ] Register NMethod: com.sun.org.apache.xerces.internal.parsers.AbstractXMLDocumentParser.emptyElement (0x000074dd3ee2b708) [0x000074dd3ee2b800, 0x000074dd3ee2b8e8] Compiler: jvmci, Barriers: 0, Oops: 0, ImmediateOops: 0, NonImmediateOops: No
[2,529s][debug][gc,nmethod     ] Register NMethod: io.sirix.access.trx.page.NodePageReadOnlyTrx.getNamePage (0x000074dd3ee2ba08) [0x000074dd3ee2bb00, 0x000074dd3ee2cd28] Compiler: jvmci, Barriers: 34, Oops: 2, ImmediateOops: 0, NonImmediateOops: No
[2,531s][debug][gc,nmethod     ] Register NMethod: java.io.BufferedReader.read (0x000074dd2006d508) [0x000074dd2006d600, 0x000074dd2006e1b8] Compiler: c1, Barriers: 3, Oops: 0, ImmediateOops: 1, NonImmediateOops: No
[2,533s][debug][gc,nmethod     ] Register NMethod: com.sun.org.apache.xerces.internal.impl.XMLEntityScanner.load (0x000074dd2006e208) [0x000074dd2006e300, 0x000074dd2006ec48] Compiler: c1, Barriers: 7, Oops: 0, ImmediateOops: 1, NonImmediateOops: No
[2,533s][debug][gc,nmethod     ] Register NMethod: java.io.BufferedReader.fill (0x000074dd2006ec88) [0x000074dd2006ed80, 0x000074dd2006f588] Compiler: c1, Barriers: 6, Oops: 0, ImmediateOops: 0, NonImmediateOops: No
[2,533s][debug][gc,nmethod     ] Register NMethod: io.sirix.node.xml.AttributeNode.<init> (0x000074dd3ee2cd88) [0x000074dd3ee2cea0, 0x000074dd3ee2d168] Compiler: jvmci, Barriers: 12, Oops: 1, ImmediateOops: 0, NonImmediateOops: No
[2,535s][debug][gc,nmethod     ] Register NMethod: java.io.InputStreamReader.ready (0x000074dd2006f608) [0x000074dd2006f700, 0x000074dd2006f888] Compiler: c1, Barriers: 1, Oops: 0, ImmediateOops: 0, NonImmediateOops: No
[2,535s][debug][gc,nmethod     ] Register NMethod: sun.nio.cs.StreamDecoder.ready (0x000074dd2006f908) [0x000074dd2006fa00, 0x000074dd20070240] Compiler: c1, Barriers: 2, Oops: 0, ImmediateOops: 1, NonImmediateOops: No
[2,535s][debug][gc,director    ] Rule Major: Warmup 10%, Used: 550MB, UsedThreshold: 1228MB
[2,535s][debug][gc,nmethod     ] Register NMethod: io.sirix.access.trx.page.NodePageTrx.createNameKey (0x000074dd3ee2d188) [0x000074dd3ee2d280, 0x000074dd3ee2da48] Compiler: jvmci, Barriers: 19, Oops: 1, ImmediateOops: 0, NonImmediateOops: No
[2,536s][debug][gc,alloc       ] Mutator Allocation Rate: 387,9MB/s Predicted: 484,6MB/s, Avg: 391,3(+/-102,3)MB/s
[2,536s][debug][gc,director    ] Rule Major: Warmup 10%, Used: 552MB, UsedThreshold: 1228MB
[2,541s][debug][gc,nmethod     ] Register NMethod: com.sun.org.apache.xerces.internal.util.AugmentationsImpl$SmallContainer.clear (0x000074dd3ee2da88) [0x000074dd3ee2db80, 0x000074dd3ee2dda8] Compiler: jvmci, Barriers: 5, Oops: 0, ImmediateOops: 0, NonImmediateOops: No
[2,543s][debug][gc,nmethod     ] Register NMethod: com.sun.org.apache.xerces.internal.impl.XMLNSDocumentScannerImpl.scanAttribute (0x000074dd3ee2de08) [0x000074dd3ee2df00, 0x000074dd3ee2fd40] Compiler: jvmci, Barriers: 77, Oops: 3, ImmediateOops: 5, NonImmediateOops: No
[2,543s][debug][gc,nmethod     ] Register NMethod: com.sun.org.apache.xerces.internal.xni.XMLString.toString (0x000074dd3ee2fd88) [0x000074dd3ee2fe80, 0x000074dd3ee30500] Compiler: jvmci, Barriers: 5, Oops: 1, ImmediateOops: 0, NonImmediateOops: No
[2,546s][debug][gc,director    ] Rule Major: Warmup 10%, Used: 558MB, UsedThreshold: 1228MB
[2,548s][debug][gc,nmethod     ] Register NMethod: com.sun.org.apache.xerces.internal.util.XMLAttributesImpl.getValue (0x000074dd3ee30588) [0x000074dd3ee30680, 0x000074dd3ee30f80] Compiler: jvmci, Barriers: 15, Oops: 1, ImmediateOops: 0, NonImmediateOops: No
[2,551s][debug][gc,nmethod     ] Register NMethod: io.sirix.index.path.summary.PathSummaryWriter.getPathNodeKey (0x000074dd3ee31008) [0x000074dd3ee31100, 0x000074dd3ee33f00] Compiler: jvmci, Barriers: 76, Oops: 14, ImmediateOops: 4, NonImmediateOops: No
[2,552s][debug][gc,nmethod     ] Register NMethod: sun.nio.fs.UnixFileSystem.normalizeNativePath (0x000074dd20070288) [0x000074dd20070380, 0x000074dd20070480] Compiler: c1, Barriers: 0, Oops: 0, ImmediateOops: 0, NonImmediateOops: No
[2,553s][debug][gc,nmethod     ] Register NMethod: sun.nio.fs.UnixPath.<init> (0x000074dd20070588) [0x000074dd20070680, 0x000074dd200709a8] Compiler: c1, Barriers: 6, Oops: 0, ImmediateOops: 0, NonImmediateOops: No
[2,553s][debug][gc,nmethod     ] Register NMethod: sun.nio.fs.Util.jnuEncoding (0x000074dd20070a08) [0x000074dd20070b00, 0x000074dd20070be8] Compiler: c1, Barriers: 0, Oops: 0, ImmediateOops: 1, NonImmediateOops: No
[2,553s][debug][gc,nmethod     ] Register NMethod: java.util.ArrayList$ArrayListSpliterator.<init> (0x000074dd20070d08) [0x000074dd20070e00, 0x000074dd20071140] Compiler: c1, Barriers: 3, Oops: 0, ImmediateOops: 0, NonImmediateOops: No
[2,553s][debug][gc,nmethod     ] Register NMethod: io.sirix.node.NodeSerializerImpl.serialize (0x000074dd20071188) [0x000074dd20071280, 0x000074dd20071ca0] Compiler: c1, Barriers: 1, Oops: 1, ImmediateOops: 0, NonImmediateOops: No
[2,553s][debug][gc,nmethod     ] Register NMethod: io.sirix.node.GrowingMemorySegment.grow (0x000074dd20071d08) [0x000074dd20071e00, 0x000074dd200729b0] Compiler: c1, Barriers: 5, Oops: 1, ImmediateOops: 1, NonImmediateOops: No
[2,556s][debug][gc,nmethod     ] Register NMethod: sun.nio.fs.UnixPath.encode (0x000074dd20072a08) [0x000074dd20072b00, 0x000074dd20073bd0] Compiler: c1, Barriers: 1, Oops: 2, ImmediateOops: 3, NonImmediateOops: No
[2,557s][debug][gc,nmethod     ] Register NMethod: io.sirix.node.HashCountEntryNode.getDeweyID (0x000074dd3ee33f88) [0x000074dd3ee34080, 0x000074dd3ee34148] Compiler: c1, Barriers: 0, Oops: 1, ImmediateOops: 0, NonImmediateOops: No
[2,557s][debug][gc,nmethod     ] Register NMethod: io.sirix.node.HashEntryNode.getDeweyID (0x000074dd3ee34288) [0x000074dd3ee34380, 0x000074dd3ee34448] Compiler: c1, Barriers: 0, Oops: 1, ImmediateOops: 0, NonImmediateOops: No
[2,557s][debug][gc,nmethod     ] Register NMethod: io.sirix.node.HashEntryNode.getKind (0x000074dd20073c08) [0x000074dd20073d00, 0x000074dd20074020] Compiler: c1, Barriers: 0, Oops: 1, ImmediateOops: 1, NonImmediateOops: No
[2,557s][debug][gc,nmethod     ] Register NMethod: io.sirix.node.HashEntryNode.getKind (0x000074dd20074088) [0x000074dd20074180, 0x000074dd20074288] Compiler: c1, Barriers: 0, Oops: 1, ImmediateOops: 1, NonImmediateOops: No
[2,557s][debug][gc,director    ] Rule Major: Warmup 10%, Used: 566MB, UsedThreshold: 1228MB
[2,558s][debug][gc,nmethod     ] Register NMethod: io.sirix.page.KeyValueLeafPage.processEntries (0x000074dd20074388) [0x000074dd20074480, 0x000074dd200778a0] Compiler: c1, Barriers: 21, Oops: 1, ImmediateOops: 0, NonImmediateOops: No
[2,561s][debug][gc,nmethod     ] Register NMethod: jdk.internal.util.ArraysSupport.hashCode (0x000074dd3ee34588) [0x000074dd3ee34680, 0x000074dd3ee34b28] Compiler: jvmci, Barriers: 5, Oops: 0, ImmediateOops: 0, NonImmediateOops: No
[2,566s][debug][gc,nmethod     ] Register NMethod: io.sirix.access.trx.node.xml.XmlDeweyIDManager.newAttributeID (0x000074dd3ee34b88) [0x000074dd3ee34c80, 0x000074dd3ee35c28] Compiler: jvmci, Barriers: 23, Oops: 1, ImmediateOops: 0, NonImmediateOops: No
[2,566s][debug][gc,nmethod     ] Register NMethod: io.sirix.page.KeyValueLeafPage.addReferences (0x000074dd20077908) [0x000074dd20077a00, 0x000074dd20078ba0] Compiler: c1, Barriers: 6, Oops: 1, ImmediateOops: 0, NonImmediateOops: No
[2,567s][debug][gc,director    ] Rule Major: Warmup 10%, Used: 566MB, UsedThreshold: 1228MB
[2,568s][debug][gc,nmethod     ] Register NMethod: java.util.TimSort.sort (0x000074dd20078c08) [0x000074dd20078d00, 0x000074dd20079418] Compiler: c1, Barriers: 2, Oops: 0, ImmediateOops: 0, NonImmediateOops: No
[2,571s][debug][gc,nmethod     ] Register NMethod: com.sun.org.apache.xerces.internal.impl.XMLScanner.scanAttributeValue (0x000074dd3ee35c88) [0x000074dd3ee35d80, 0x000074dd3ee37880] Compiler: jvmci, Barriers: 30, Oops: 1, ImmediateOops: 1, NonImmediateOops: No
[2,573s][debug][gc,nmethod     ] Register NMethod: java.util.stream.Node.getChildCount (0x000074dd3ee37908) [0x000074dd3ee37a00, 0x000074dd3ee37ac0] Compiler: c1, Barriers: 0, Oops: 0, ImmediateOops: 0, NonImmediateOops: No
[2,576s][debug][gc,nmethod     ] Register NMethod: io.sirix.query.node.SubtreeBuilder.attribute (0x000074dd3ee37c08) [0x000074dd3ee37d00, 0x000074dd3ee3a430] Compiler: jvmci, Barriers: 64, Oops: 5, ImmediateOops: 8, NonImmediateOops: No
[2,578s][debug][gc,director    ] Rule Major: Warmup 10%, Used: 576MB, UsedThreshold: 1228MB
[2,585s][debug][gc,nmethod     ] Register NMethod: sun.security.provider.DigestBase.engineUpdate (0x000074dd20079488) [0x000074dd20079580, 0x000074dd2007a760] Compiler: c1, Barriers: 4, Oops: 1, ImmediateOops: 1, NonImmediateOops: No
[2,586s][debug][gc,nmethod     ] Register NMethod: sun.security.provider.ByteArrayAccess.i2bBig4 (0x000074dd2007a788) [0x000074dd2007a880, 0x000074dd2007b3f0] Compiler: c1, Barriers: 0, Oops: 5, ImmediateOops: 5, NonImmediateOops: No
[2,588s][debug][gc,director    ] Rule Major: Warmup 10%, Used: 592MB, UsedThreshold: 1228MB
[2,588s][debug][gc,nmethod     ] Register NMethod: io.sirix.node.NodeSerializerImpl.serialize (0x000074dd3ee3a488) [0x000074dd3ee3a580, 0x000074dd3ee3abf8] Compiler: jvmci, Barriers: 6, Oops: 1, ImmediateOops: 2, NonImmediateOops: No
[2,589s][debug][gc,nmethod     ] Register NMethod: io.sirix.node.MemorySegmentBytesOut.<init> (0x000074dd2007b488) [0x000074dd2007b580, 0x000074dd2007c2f8] Compiler: c1, Barriers: 9, Oops: 2, ImmediateOops: 1, NonImmediateOops: No
[2,591s][debug][gc,nmethod     ] Register NMethod: java.nio.HeapByteBuffer.putLong (0x000074dd2007c388) [0x000074dd2007c480, 0x000074dd2007df90] Compiler: c1, Barriers: 6, Oops: 1, ImmediateOops: 4, NonImmediateOops: No
[2,591s][debug][gc,nmethod     ] Register NMethod: net.jpountz.lz4.LZ4Factory.fastCompressor (0x000074dd3ee3ac08) [0x000074dd3ee3ad00, 0x000074dd3ee3ade8] Compiler: c1, Barriers: 1, Oops: 1, ImmediateOops: 0, NonImmediateOops: No
[2,593s][debug][gc,nmethod     ] Register NMethod: java.util.stream.AbstractSpinedBuffer.count (0x000074dd2007e008) [0x000074dd2007e100, 0x000074dd2007e2d8] Compiler: c1, Barriers: 1, Oops: 0, ImmediateOops: 0, NonImmediateOops: No
[2,593s][debug][gc,nmethod     ] Register NMethod: net.jpountz.lz4.LZ4BlockOutputStream.ensureNotFinished (0x000074dd2007e308) [0x000074dd2007e400, 0x000074dd2007e608] Compiler: c1, Barriers: 0, Oops: 1, ImmediateOops: 1, NonImmediateOops: No
[2,593s][debug][gc,nmethod     ] Register NMethod: net.jpountz.lz4.LZ4BlockOutputStream.flush (0x000074dd2007e688) [0x000074dd2007e780, 0x000074dd2007eb90] Compiler: c1, Barriers: 2, Oops: 1, ImmediateOops: 0, NonImmediateOops: No
[2,598s][debug][gc,director    ] Rule Major: Warmup 10%, Used: 600MB, UsedThreshold: 1228MB
[2,603s][debug][gc,nmethod     ] Register NMethod: net.jpountz.xxhash.XXHashFactory.newStreamingHash32 (0x000074dd2007ec08) [0x000074dd2007ed00, 0x000074dd2007f0b0] Compiler: c1, Barriers: 1, Oops: 1, ImmediateOops: 0, NonImmediateOops: No
[2,603s][debug][gc,nmethod     ] Register NMethod: net.jpountz.lz4.LZ4Factory.nativeInstance (0x000074dd2007f108) [0x000074dd2007f200, 0x000074dd2007f770] Compiler: c1, Barriers: 5, Oops: 2, ImmediateOops: 5, NonImmediateOops: No
[2,604s][debug][gc,nmethod     ] Register NMethod: net.jpountz.xxhash.XXHashFactory.nativeInstance (0x000074dd2007f788) [0x000074dd2007f880, 0x000074dd2007fdf0] Compiler: c1, Barriers: 5, Oops: 2, ImmediateOops: 5, NonImmediateOops: No
[2,605s][debug][gc,nmethod     ] Register NMethod: net.jpountz.xxhash.XXHashFactory.fastestInstance (0x000074dd2007fe08) [0x000074dd2007ff00, 0x000074dd200829a8] Compiler: c1, Barriers: 35, Oops: 5, ImmediateOops: 38, NonImmediateOops: No
[2,605s][debug][gc,nmethod     ] Register NMethod: net.jpountz.lz4.LZ4Factory.fastestInstance (0x000074dd20082a08) [0x000074dd20082b00, 0x000074dd200855a8] Compiler: c1, Barriers: 35, Oops: 5, ImmediateOops: 38, NonImmediateOops: No
[2,605s][debug][gc,nmethod     ] Register NMethod: net.jpountz.xxhash.StreamingXXHash32.asChecksum (0x000074dd20085608) [0x000074dd20085700, 0x000074dd20085988] Compiler: c1, Barriers: 3, Oops: 1, ImmediateOops: 0, NonImmediateOops: No
[2,606s][debug][gc,nmethod     ] Register NMethod: net.jpountz.xxhash.StreamingXXHash32JNI$Factory.newStreamingHash (0x000074dd20085a08) [0x000074dd20085b00, 0x000074dd20085dd8] Compiler: c1, Barriers: 0, Oops: 1, ImmediateOops: 0, NonImmediateOops: No
[2,608s][debug][gc,director    ] Rule Major: Warmup 10%, Used: 608MB, UsedThreshold: 1228MB
[2,610s][debug][gc,nmethod     ] Register NMethod: io.sirix.node.GrowingMemorySegment.grow (0x000074dd3ee3af08) [0x000074dd3ee3b000, 0x000074dd3ee3cb18] Compiler: jvmci, Barriers: 44, Oops: 4, ImmediateOops: 6, NonImmediateOops: No
[2,611s][debug][gc,nmethod     ] Register NMethod: java.io.FilterOutputStream.<init> (0x000074dd20085e08) [0x000074dd20085f00, 0x000074dd20086258] Compiler: c1, Barriers: 6, Oops: 0, ImmediateOops: 0, NonImmediateOops: No
[2,612s][debug][gc,nmethod     ] Register NMethod: net.jpountz.lz4.LZ4Compressor.compress (0x000074dd20086288) [0x000074dd20086380, 0x000074dd20086688] Compiler: c1, Barriers: 0, Oops: 1, ImmediateOops: 0, NonImmediateOops: No
[2,612s][debug][gc,nmethod     ] Register NMethod: java.io.ByteArrayOutputStream.<init> (0x000074dd20086708) [0x000074dd20086800, 0x000074dd200876c8] Compiler: c1, Barriers: 3, Oops: 1, ImmediateOops: 2, NonImmediateOops: No
[2,612s][debug][gc,nmethod     ] Register NMethod: io.sirix.page.IndirectPage.delegate (0x000074dd3ee3cb88) [0x000074dd3ee3cc80, 0x000074dd3ee3cd68] Compiler: c1, Barriers: 1, Oops: 1, ImmediateOops: 0, NonImmediateOops: No
[2,613s][debug][gc,nmethod     ] Register NMethod: net.jpountz.lz4.LZ4JNICompressor.compress (0x000074dd20087708) [0x000074dd20087800, 0x000074dd20088440] Compiler: c1, Barriers: 0, Oops: 1, ImmediateOops: 3, NonImmediateOops: No
[2,614s][debug][gc,nmethod     ] Register NMethod: java.nio.channels.spi.AbstractInterruptibleChannel.begin (0x000074dd20088488) [0x000074dd20088580, 0x000074dd20089198] Compiler: c1, Barriers: 6, Oops: 0, ImmediateOops: 1, NonImmediateOops: No
[2,614s][debug][gc,nmethod     ] Register NMethod: java.nio.channels.spi.AbstractInterruptibleChannel.end (0x000074dd20089208) [0x000074dd20089300, 0x000074dd20089da0] Compiler: c1, Barriers: 8, Oops: 0, ImmediateOops: 1, NonImmediateOops: No
[2,615s][debug][gc,nmethod     ] Register NMethod: java.util.concurrent.ConcurrentHashMap.clear (0x000074dd20089e08) [0x000074dd20089f00, 0x000074dd2008ac70] Compiler: c1, Barriers: 3, Oops: 0, ImmediateOops: 0, NonImmediateOops: No
[2,615s][debug][gc,nmethod     ] Register NMethod: io.sirix.page.KeyValueLeafPage.close (0x000074dd2008ac88) [0x000074dd2008ad80, 0x000074dd2008b6c0] Compiler: c1, Barriers: 18, Oops: 3, ImmediateOops: 2, NonImmediateOops: No
[2,616s][debug][gc,nmethod     ] Register NMethod: java.io.ByteArrayOutputStream.close (0x000074dd2008b708) [0x000074dd2008b800, 0x000074dd2008b900] Compiler: c1, Barriers: 0, Oops: 0, ImmediateOops: 0, NonImmediateOops: No
[2,616s][debug][gc,nmethod     ] Register NMethod: io.sirix.page.KeyValueLeafPage.getHashCode (0x000074dd3ee3ce88) [0x000074dd3ee3cf80, 0x000074dd3ee3d070] Compiler: c1, Barriers: 1, Oops: 1, ImmediateOops: 0, NonImmediateOops: No
[2,617s][debug][gc,nmethod     ] Register NMethod: java.io.DataOutputStream.flush (0x000074dd2008ba08) [0x000074dd2008bb00, 0x000074dd2008be40] Compiler: c1, Barriers: 1, Oops: 0, ImmediateOops: 0, NonImmediateOops: No
[2,617s][debug][gc,nmethod     ] Register NMethod: com.google.common.base.Preconditions.checkState (0x000074dd2008be88) [0x000074dd2008bf80, 0x000074dd2008c418] Compiler: c1, Barriers: 0, Oops: 1, ImmediateOops: 1, NonImmediateOops: No
[2,617s][debug][gc,nmethod     ] Register NMethod: com.google.common.hash.MessageDigestHashFunction$MessageDigestHasher.checkNotDone (0x000074dd2008c488) [0x000074dd2008c580, 0x000074dd2008c908] Compiler: c1, Barriers: 0, Oops: 2, ImmediateOops: 2, NonImmediateOops: No
[2,617s][debug][gc,nmethod     ] Register NMethod: java.io.DataOutputStream.incCount (0x000074dd2008c988) [0x000074dd2008ca80, 0x000074dd2008cbb8] Compiler: c1, Barriers: 0, Oops: 0, ImmediateOops: 0, NonImmediateOops: No
[2,617s][debug][gc,nmethod     ] Register NMethod: com.google.common.base.Preconditions.checkPositionIndexes (0x000074dd2008cc88) [0x000074dd2008cd80, 0x000074dd2008cfe8] Compiler: c1, Barriers: 0, Oops: 1, ImmediateOops: 0, NonImmediateOops: No
[2,617s][debug][gc,nmethod     ] Register NMethod: sun.nio.ch.UnixFileDispatcherImpl.size (0x000074dd2008d008) [0x000074dd2008d100, 0x000074dd2008d230] Compiler: c1, Barriers: 0, Oops: 0, ImmediateOops: 0, NonImmediateOops: No
[2,617s][debug][gc,nmethod     ] Register NMethod: jdk.internal.foreign.MemorySessionImpl$ResourceList.cleanup (0x000074dd3ee3d188) [0x000074dd3ee3d280, 0x000074dd3ee3dc68] Compiler: jvmci, Barriers: 9, Oops: 1, ImmediateOops: 2, NonImmediateOops: No
[2,617s][debug][gc,nmethod     ] Register NMethod: java.io.DataOutputStream.write (0x000074dd2008d308) [0x000074dd2008d400, 0x000074dd2008d930] Compiler: c1, Barriers: 1, Oops: 0, ImmediateOops: 0, NonImmediateOops: No
[2,618s][debug][gc,director    ] Rule Major: Warmup 10%, Used: 624MB, UsedThreshold: 1228MB
[2,618s][debug][gc,director    ] Rule Minor: High Usage, Free: 11622MB(94,6%)
[2,619s][debug][gc,nmethod     ] Register NMethod: sun.security.provider.DigestBase.implCompressMultiBlock0 (0x000074dd3ee3dc88) [0x000074dd3ee3dd80, 0x000074dd3ee3e0b0] Compiler: jvmci, Barriers: 1, Oops: 0, ImmediateOops: 0, NonImmediateOops: No
[2,620s][debug][gc,nmethod     ] Register NMethod: io.sirix.node.MemorySegmentBytesOut.readLimit (0x000074dd3ee3e108) [0x000074dd3ee3e200, 0x000074dd3ee3e2e0] Compiler: jvmci, Barriers: 1, Oops: 1, ImmediateOops: 0, NonImmediateOops: No
[2,620s][debug][gc,nmethod     ] Register NMethod: io.sirix.node.xml.ElementNode.getKind (0x000074dd3ee3e408) [0x000074dd3ee3e500, 0x000074dd3ee3e590] Compiler: jvmci, Barriers: 0, Oops: 1, ImmediateOops: 1, NonImmediateOops: No
[2,620s][debug][gc,nmethod     ] Register NMethod: io.sirix.node.xml.AttributeNode.getDeweyID (0x000074dd3ee3e708) [0x000074dd3ee3e800, 0x000074dd3ee3e8e0] Compiler: jvmci, Barriers: 1, Oops: 1, ImmediateOops: 0, NonImmediateOops: No
[2,621s][debug][gc,nmethod     ] Register NMethod: io.sirix.access.trx.node.xml.XmlNodeReadOnlyTrxImpl.hasAttributes (0x000074dd3ee3ea08) [0x000074dd3ee3eb00, 0x000074dd3ee3ecc0] Compiler: jvmci, Barriers: 2, Oops: 1, ImmediateOops: 0, NonImmediateOops: No
[2,627s][debug][gc,nmethod     ] Register NMethod: io.sirix.access.trx.node.AbstractNodeHashing.rollingAdd (0x000074dd3ee3ed08) [0x000074dd3ee3ee00, 0x000074dd3ee4e940] Compiler: jvmci, Barriers: 420, Oops: 9, ImmediateOops: 5, NonImmediateOops: No
[2,628s][debug][gc,director    ] Rule Major: Warmup 10%, Used: 624MB, UsedThreshold: 1228MB
[2,628s][debug][gc,director    ] Rule Minor: High Usage, Free: 11622MB(94,6%)
[2,630s][debug][gc,nmethod     ] Register NMethod: sun.nio.ch.UnixFileDispatcherImpl.pread0 (0x000074dd3ee4ea08) [0x000074dd3ee4eb00, 0x000074dd3ee4ec78] Compiler: , Barriers: 0, Oops: 0, ImmediateOops: 1, NonImmediateOops: No
[2,630s][debug][gc,nmethod     ] Register NMethod: java.text.StringBufFactory$StringBuilderImpl.length (0x000074dd2008d988) [0x000074dd2008da80, 0x000074dd2008ddf0] Compiler: c1, Barriers: 1, Oops: 0, ImmediateOops: 0, NonImmediateOops: No
[2,632s][debug][gc,nmethod     ] Register NMethod: io.sirix.access.trx.node.xml.XmlNodeTrxImpl.insertAttribute (0x000074dd3ee4ed08) [0x000074dd3ee4ee00, 0x000074dd3ee53b20] Compiler: jvmci, Barriers: 133, Oops: 7, ImmediateOops: 5, NonImmediateOops: No
[2,633s][debug][gc,nmethod     ] Register NMethod: sun.nio.ch.IOStatus.normalize (0x000074dd2008de08) [0x000074dd2008df00, 0x000074dd2008e038] Compiler: c1, Barriers: 0, Oops: 0, ImmediateOops: 0, NonImmediateOops: No
[2,633s][debug][gc,nmethod     ] Register NMethod: sun.nio.ch.IOUtil.bufferAddress (0x000074dd2008e108) [0x000074dd2008e200, 0x000074dd2008e360] Compiler: c1, Barriers: 0, Oops: 0, ImmediateOops: 1, NonImmediateOops: No
[2,633s][debug][gc,nmethod     ] Register NMethod: java.nio.DirectByteBuffer.base (0x000074dd3ee53b88) [0x000074dd3ee53c80, 0x000074dd3ee53d48] Compiler: c1, Barriers: 0, Oops: 0, ImmediateOops: 0, NonImmediateOops: No
[2,634s][debug][gc,nmethod     ] Register NMethod: java.nio.DirectByteBuffer.isReadOnly (0x000074dd3ee53e88) [0x000074dd3ee53f80, 0x000074dd3ee54040] Compiler: c1, Barriers: 0, Oops: 0, ImmediateOops: 0, NonImmediateOops: No
[2,634s][debug][gc,nmethod     ] Register NMethod: sun.nio.ch.IOUtil.releaseScope (0x000074dd2008e408) [0x000074dd2008e500, 0x000074dd2008f120] Compiler: c1, Barriers: 2, Oops: 0, ImmediateOops: 1, NonImmediateOops: No
[2,634s][debug][gc,nmethod     ] Register NMethod: sun.nio.fs.UnixFileSystem.getPath (0x000074dd2008f188) [0x000074dd2008f280, 0x000074dd20090bb0] Compiler: c1, Barriers: 8, Oops: 0, ImmediateOops: 1, NonImmediateOops: No
[2,634s][debug][gc,nmethod     ] Register NMethod: sun.nio.ch.IOUtil.acquireScope (0x000074dd20090c08) [0x000074dd20090d00, 0x000074dd200921f8] Compiler: c1, Barriers: 5, Oops: 0, ImmediateOops: 3, NonImmediateOops: No
[2,634s][debug][gc,nmethod     ] Register NMethod: com.github.benmanes.caffeine.cache.SSLSMW.setWindowWeightedSize (0x000074dd3ee54188) [0x000074dd3ee54280, 0x000074dd3ee54340] Compiler: c1, Barriers: 0, Oops: 1, ImmediateOops: 0, NonImmediateOops: No
[2,634s][debug][gc,nmethod     ] Register NMethod: io.sirix.io.bytepipe.ByteHandler.supportsMemorySegments (0x000074dd3ee54488) [0x000074dd3ee54580, 0x000074dd3ee54640] Compiler: c1, Barriers: 0, Oops: 1, ImmediateOops: 0, NonImmediateOops: No
[2,634s][debug][gc,nmethod     ] Register NMethod: net.jpountz.lz4.LZ4Factory.fastDecompressor (0x000074dd3ee54788) [0x000074dd3ee54880, 0x000074dd3ee54968] Compiler: c1, Barriers: 1, Oops: 1, ImmediateOops: 0, NonImmediateOops: No
[2,634s][debug][gc,nmethod     ] Register NMethod: com.github.benmanes.caffeine.cache.SSLSMW.mainProtectedWeightedSize (0x000074dd3ee54a88) [0x000074dd3ee54b80, 0x000074dd3ee54c40] Compiler: c1, Barriers: 0, Oops: 1, ImmediateOops: 0, NonImmediateOops: No
[2,634s][debug][gc,nmethod     ] Register NMethod: java.nio.Buffer$2.acquireSession (0x000074dd20092208) [0x000074dd20092300, 0x000074dd20092cd8] Compiler: c1, Barriers: 2, Oops: 0, ImmediateOops: 0, NonImmediateOops: No
[2,635s][debug][gc,nmethod     ] Register NMethod: com.github.benmanes.caffeine.cache.SSLMW.setPreviousSampleHitRate (0x000074dd3ee54d88) [0x000074dd3ee54e80, 0x000074dd3ee54f40] Compiler: c1, Barriers: 0, Oops: 1, ImmediateOops: 0, NonImmediateOops: No
[2,635s][debug][gc,nmethod     ] Register NMethod: com.github.benmanes.caffeine.cache.SSLMW.mainProtectedMaximum (0x000074dd3ee55088) [0x000074dd3ee55180, 0x000074dd3ee55240] Compiler: c1, Barriers: 0, Oops: 1, ImmediateOops: 0, NonImmediateOops: No
[2,635s][debug][gc,nmethod     ] Register NMethod: com.github.benmanes.caffeine.cache.SSLMW.mainProtectedWeightedSize (0x000074dd3ee55388) [0x000074dd3ee55480, 0x000074dd3ee55540] Compiler: c1, Barriers: 0, Oops: 1, ImmediateOops: 0, NonImmediateOops: No
[2,636s][debug][gc,nmethod     ] Register NMethod: com.github.benmanes.caffeine.cache.SSLMW.adjustment (0x000074dd3ee55688) [0x000074dd3ee55780, 0x000074dd3ee55840] Compiler: c1, Barriers: 0, Oops: 1, ImmediateOops: 0, NonImmediateOops: No
[2,636s][debug][gc,nmethod     ] Register NMethod: com.github.benmanes.caffeine.cache.BoundedLocalCache.drainKeyReferences (0x000074dd20092d08) [0x000074dd20092e00, 0x000074dd20093128] Compiler: c1, Barriers: 0, Oops: 1, ImmediateOops: 0, NonImmediateOops: No
[2,636s][debug][gc,nmethod     ] Register NMethod: com.github.benmanes.caffeine.cache.BoundedLocalCache.drainReadBuffer (0x000074dd20093188) [0x000074dd20093280, 0x000074dd20093f68] Compiler: c1, Barriers: 3, Oops: 1, ImmediateOops: 0, NonImmediateOops: No
[2,636s][debug][gc,nmethod     ] Register NMethod: com.github.benmanes.caffeine.cache.BoundedLocalCache.drainWriteBuffer (0x000074dd20093f88) [0x000074dd20094080, 0x000074dd20095848] Compiler: c1, Barriers: 1, Oops: 6, ImmediateOops: 6, NonImmediateOops: No
[2,636s][debug][gc,nmethod     ] Register NMethod: com.github.benmanes.caffeine.cache.BoundedLocalCache.performCleanUp (0x000074dd20095888) [0x000074dd20095980, 0x000074dd200976b0] Compiler: c1, Barriers: 8, Oops: 1, ImmediateOops: 0, NonImmediateOops: No
[2,636s][debug][gc,nmethod     ] Register NMethod: com.github.benmanes.caffeine.cache.BoundedLocalCache.evictFromWindow (0x000074dd20097708) [0x000074dd20097800, 0x000074dd2009a8d8] Compiler: c1, Barriers: 1, Oops: 1, ImmediateOops: 0, NonImmediateOops: No
[2,636s][debug][gc,nmethod     ] Register NMethod: com.github.benmanes.caffeine.cache.BoundedLocalCache.drainValueReferences (0x000074dd2009a908) [0x000074dd2009aa00, 0x000074dd2009ad28] Compiler: c1, Barriers: 0, Oops: 1, ImmediateOops: 0, NonImmediateOops: No
[2,636s][debug][gc,nmethod     ] Register NMethod: com.github.benmanes.caffeine.cache.BoundedLocalCache.climb (0x000074dd2009ad88) [0x000074dd2009ae80, 0x000074dd2009bc80] Compiler: c1, Barriers: 0, Oops: 1, ImmediateOops: 0, NonImmediateOops: No
[2,637s][debug][gc,nmethod     ] Register NMethod: com.github.benmanes.caffeine.cache.BoundedLocalCache.expireAfterAccessEntries (0x000074dd2009bd08) [0x000074dd2009be00, 0x000074dd2009c128] Compiler: c1, Barriers: 0, Oops: 1, ImmediateOops: 0, NonImmediateOops: No
[2,637s][debug][gc,nmethod     ] Register NMethod: com.github.benmanes.caffeine.cache.BoundedLocalCache.expireVariableEntries (0x000074dd2009c188) [0x000074dd2009c280, 0x000074dd2009c5a8] Compiler: c1, Barriers: 0, Oops: 1, ImmediateOops: 0, NonImmediateOops: No
[2,637s][debug][gc,nmethod     ] Register NMethod: com.github.benmanes.caffeine.cache.BoundedLocalCache.expireEntries (0x000074dd2009c608) [0x000074dd2009c700, 0x000074dd2009d560] Compiler: c1, Barriers: 0, Oops: 1, ImmediateOops: 1, NonImmediateOops: No
[2,637s][debug][gc,nmethod     ] Register NMethod: com.github.benmanes.caffeine.cache.BoundedLocalCache.demoteFromMainProtected (0x000074dd2009d588) [0x000074dd2009d680, 0x000074dd2009fdf0] Compiler: c1, Barriers: 1, Oops: 1, ImmediateOops: 0, NonImmediateOops: No
[2,637s][debug][gc,nmethod     ] Register NMethod: com.github.benmanes.caffeine.cache.BoundedLocalCache.expireAfterWriteEntries (0x000074dd2009fe08) [0x000074dd2009ff00, 0x000074dd200a0228] Compiler: c1, Barriers: 0, Oops: 1, ImmediateOops: 0, NonImmediateOops: No
[2,637s][debug][gc,nmethod     ] Register NMethod: com.github.benmanes.caffeine.cache.BoundedLocalCache.evictEntries (0x000074dd200a0288) [0x000074dd200a0380, 0x000074dd200a0ac8] Compiler: c1, Barriers: 0, Oops: 1, ImmediateOops: 0, NonImmediateOops: No
[2,637s][debug][gc,nmethod     ] Register NMethod: com.github.benmanes.caffeine.cache.BoundedLocalCache.maintenance (0x000074dd200a0b08) [0x000074dd200a0c00, 0x000074dd200a9768] Compiler: c1, Barriers: 3, Oops: 9, ImmediateOops: 40, NonImmediateOops: No
[2,637s][debug][gc,nmethod     ] Register NMethod: com.github.benmanes.caffeine.cache.BoundedLocalCache.rescheduleCleanUpIfIncomplete (0x000074dd200a9808) [0x000074dd200a9900, 0x000074dd200aaed0] Compiler: c1, Barriers: 1, Oops: 6, ImmediateOops: 7, NonImmediateOops: No
[2,638s][debug][gc,nmethod     ] Register NMethod: com.github.benmanes.caffeine.cache.BoundedLocalCache.determineAdjustment (0x000074dd200aaf08) [0x000074dd200ab020, 0x000074dd200ad8c0] Compiler: c1, Barriers: 1, Oops: 1, ImmediateOops: 0, NonImmediateOops: No
[2,638s][debug][gc,nmethod     ] Register NMethod: java.util.ArrayList$ArrayListSpliterator.forEachRemaining (0x000074dd200ad908) [0x000074dd200ada00, 0x000074dd200ae158] Compiler: c1, Barriers: 4, Oops: 0, ImmediateOops: 0, NonImmediateOops: No
[2,638s][debug][gc,director    ] Rule Major: Warmup 10%, Used: 624MB, UsedThreshold: 1228MB
[2,638s][debug][gc,director    ] Rule Minor: High Usage, Free: 11622MB(94,6%)
[2,638s][debug][gc,nmethod     ] Register NMethod: io.sirix.node.MemorySegmentBytesIn.readShort (0x000074dd200ae188) [0x000074dd200ae280, 0x000074dd200b1eb8] Compiler: c1, Barriers: 5, Oops: 6, ImmediateOops: 10, NonImmediateOops: No
[2,639s][debug][gc,nmethod     ] Register NMethod: jdk.internal.foreign.AbstractMemorySegmentImpl.get (0x000074dd200b1f08) [0x000074dd200b2000, 0x000074dd200b5910] Compiler: c1, Barriers: 27, Oops: 5, ImmediateOops: 12, NonImmediateOops: No
[2,639s][debug][gc,nmethod     ] Register NMethod: io.sirix.node.HashEntryNode.<init> (0x000074dd200b5988) [0x000074dd200b5a80, 0x000074dd200b5da8] Compiler: c1, Barriers: 3, Oops: 1, ImmediateOops: 0, NonImmediateOops: No
[2,639s][debug][gc,nmethod     ] Register NMethod: it.unimi.dsi.fastutil.ints.Int2ObjectOpenHashMap.put (0x000074dd200b5e08) [0x000074dd200b5f00, 0x000074dd200b6468] Compiler: c1, Barriers: 6, Oops: 1, ImmediateOops: 0, NonImmediateOops: No
[2,639s][debug][gc,nmethod     ] Register NMethod: io.sirix.node.HashCountEntryNode.<init> (0x000074dd200b6488) [0x000074dd200b6580, 0x000074dd200b66e0] Compiler: c1, Barriers: 0, Oops: 1, ImmediateOops: 0, NonImmediateOops: No
[2,639s][debug][gc,nmethod     ] Register NMethod: com.github.benmanes.caffeine.cache.SSLSMW.mainProtectedMaximum (0x000074dd3ee55988) [0x000074dd3ee55a80, 0x000074dd3ee55b40] Compiler: c1, Barriers: 0, Oops: 1, ImmediateOops: 0, NonImmediateOops: No
[2,639s][debug][gc,nmethod     ] Register NMethod: com.github.benmanes.caffeine.cache.SSLSMW.setPreviousSampleHitRate (0x000074dd3ee55c88) [0x000074dd3ee55d80, 0x000074dd3ee55e40] Compiler: c1, Barriers: 0, Oops: 1, ImmediateOops: 0, NonImmediateOops: No
[2,639s][debug][gc,nmethod     ] Register NMethod: com.github.benmanes.caffeine.cache.SSLSMW.adjustment (0x000074dd3ee55f88) [0x000074dd3ee56080, 0x000074dd3ee56140] Compiler: c1, Barriers: 0, Oops: 1, ImmediateOops: 0, NonImmediateOops: No
[2,639s][debug][gc,nmethod     ] Register NMethod: java.lang.invoke.VarHandleSegmentAsShorts.get (0x000074dd200b6788) [0x000074dd200b6880, 0x000074dd200bbd38] Compiler: c1, Barriers: 24, Oops: 2, ImmediateOops: 6, NonImmediateOops: No
[2,640s][debug][gc,nmethod     ] Register NMethod: com.github.benmanes.caffeine.cache.BoundedLocalCache.evictFromMain (0x000074dd200bbd88) [0x000074dd200bbe80, 0x000074dd200c76c8] Compiler: c1, Barriers: 8, Oops: 8, ImmediateOops: 46, NonImmediateOops: No
[2,640s][debug][gc,nmethod     ] Register NMethod: java.lang.invoke.VarHandleSegmentAsShorts.get (0x000074dd200c7788) [0x000074dd200c7880, 0x000074dd200ccab8] Compiler: c1, Barriers: 24, Oops: 2, ImmediateOops: 6, NonImmediateOops: No
[2,640s][debug][gc,nmethod     ] Register NMethod: java.util.concurrent.locks.ReentrantLock.tryLock (0x000074dd200ccb08) [0x000074dd200ccc00, 0x000074dd200ccf38] Compiler: c1, Barriers: 1, Oops: 0, ImmediateOops: 0, NonImmediateOops: No
[2,640s][debug][gc,nmethod     ] Register NMethod: com.github.benmanes.caffeine.cache.BoundedLocalCache$PerformCleanupTask.run (0x000074dd200ccf88) [0x000074dd200cd080, 0x000074dd200cd800] Compiler: c1, Barriers: 3, Oops: 1, ImmediateOops: 0, NonImmediateOops: No
[2,641s][debug][gc,nmethod     ] Register NMethod: com.github.benmanes.caffeine.cache.BoundedLocalCache$PerformCleanupTask.exec (0x000074dd200cd888) [0x000074dd200cd980, 0x000074dd200ce428] Compiler: c1, Barriers: 4, Oops: 2, ImmediateOops: 2, NonImmediateOops: No
[2,641s][debug][gc,nmethod     ] Register NMethod: java.util.concurrent.locks.ReentrantLock$Sync.tryLock (0x000074dd200ce488) [0x000074dd200ce580, 0x000074dd200cf378] Compiler: c1, Barriers: 5, Oops: 0, ImmediateOops: 1, NonImmediateOops: No
[2,641s][debug][gc,nmethod     ] Register NMethod: java.util.concurrent.ForkJoinTask$InterruptibleTask.postExec (0x000074dd3ee56288) [0x000074dd3ee56380, 0x000074dd3ee56440] Compiler: c1, Barriers: 0, Oops: 0, ImmediateOops: 0, NonImmediateOops: No
[2,641s][debug][gc,nmethod     ] Register NMethod: com.github.benmanes.caffeine.cache.BoundedLocalCache.afterWrite (0x000074dd200cf388) [0x000074dd200cf480, 0x000074dd200d1a20] Compiler: c1, Barriers: 11, Oops: 2, ImmediateOops: 2, NonImmediateOops: No
[2,641s][debug][gc,nmethod     ] Register NMethod: jdk.internal.misc.Blocker.end (0x000074dd200d1a88) [0x000074dd200d1b80, 0x000074dd200d1ff8] Compiler: c1, Barriers: 1, Oops: 0, ImmediateOops: 1, NonImmediateOops: No
[2,643s][debug][gc,nmethod     ] Register NMethod: java.util.concurrent.ForkJoinPool.deactivate (0x000074dd3ee56588) [0x000074dd3ee56680, 0x000074dd3ee571d0] Compiler: jvmci, Barriers: 21, Oops: 0, ImmediateOops: 1, NonImmediateOops: No
[2,643s][debug][gc,nmethod     ] Register NMethod: com.github.benmanes.caffeine.cache.PSMW.setWeight (0x000074dd3ee57208) [0x000074dd3ee57300, 0x000074dd3ee573c0] Compiler: c1, Barriers: 0, Oops: 1, ImmediateOops: 0, NonImmediateOops: No
[2,644s][debug][gc,nmethod     ] Register NMethod: io.sirix.index.path.summary.PathSummaryReader.moveToRightSibling (0x000074dd200d2008) [0x000074dd200d2100, 0x000074dd200d3bb0] Compiler: c1, Barriers: 6, Oops: 1, ImmediateOops: 1, NonImmediateOops: No
[2,644s][debug][gc,nmethod     ] Register NMethod: io.sirix.query.node.SubtreeProcessor.notifyAttribute (0x000074dd3ee57508) [0x000074dd3ee57600, 0x000074dd3ee57730] Compiler: jvmci, Barriers: 1, Oops: 1, ImmediateOops: 0, NonImmediateOops: No
[2,644s][debug][gc,nmethod     ] Register NMethod: io.sirix.axis.pathsummary.LevelOrderSettingInMemoryInstancesAxis.getRightSibling (0x000074dd200d3c08) [0x000074dd200d3d00, 0x000074dd200d5880] Compiler: c1, Barriers: 18, Oops: 1, ImmediateOops: 1, NonImmediateOops: No
[2,644s][debug][gc,nmethod     ] Register NMethod: io.sirix.index.path.summary.PathSummaryReader.moveToFirstChild (0x000074dd200d5908) [0x000074dd200d5a00, 0x000074dd200d74b0] Compiler: c1, Barriers: 6, Oops: 1, ImmediateOops: 1, NonImmediateOops: No
[2,645s][debug][gc,nmethod     ] Register NMethod: io.sirix.axis.pathsummary.LevelOrderSettingInMemoryInstancesAxis.getFirstChild (0x000074dd200d7508) [0x000074dd200d7600, 0x000074dd200d8d28] Compiler: c1, Barriers: 14, Oops: 1, ImmediateOops: 1, NonImmediateOops: No
[2,646s][debug][gc,nmethod     ] Register NMethod: io.sirix.access.trx.node.xml.XmlNodeFactoryImpl.createAttributeNode (0x000074dd3ee57808) [0x000074dd3ee57900, 0x000074dd3ee598a8] Compiler: jvmci, Barriers: 76, Oops: 8, ImmediateOops: 6, NonImmediateOops: No
[2,647s][debug][gc,nmethod     ] Register NMethod: com.github.benmanes.caffeine.cache.BoundedLocalCache.isRecordingStats (0x000074dd3ee59908) [0x000074dd3ee59a00, 0x000074dd3ee59ac0] Compiler: c1, Barriers: 0, Oops: 1, ImmediateOops: 0, NonImmediateOops: No
[2,648s][debug][gc,nmethod     ] Register NMethod: com.github.benmanes.caffeine.cache.SSL.hasRemovalListener (0x000074dd3ee59c08) [0x000074dd3ee59d00, 0x000074dd3ee59dc0] Compiler: c1, Barriers: 0, Oops: 1, ImmediateOops: 0, NonImmediateOops: No
[2,648s][debug][gc,nmethod     ] Register NMethod: com.github.benmanes.caffeine.cache.SSL.removalListener (0x000074dd3ee59f08) [0x000074dd3ee5a000, 0x000074dd3ee5a0f0] Compiler: c1, Barriers: 1, Oops: 1, ImmediateOops: 0, NonImmediateOops: No
[2,648s][debug][gc,nmethod     ] Register NMethod: com.sun.org.apache.xerces.internal.impl.XMLDocumentFragmentScannerImpl.getString (0x000074dd3ee5a208) [0x000074dd3ee5a300, 0x000074dd3ee5a530] Compiler: jvmci, Barriers: 3, Oops: 0, ImmediateOops: 0, NonImmediateOops: No
[2,648s][debug][gc,nmethod     ] Register NMethod: jdk.internal.misc.Unsafe.getAndBitwiseOrInt (0x000074dd200d8d88) [0x000074dd200d8e80, 0x000074dd200d9258] Compiler: c1, Barriers: 0, Oops: 0, ImmediateOops: 0, NonImmediateOops: No
[2,648s][debug][gc,nmethod     ] Register NMethod: java.util.concurrent.ConcurrentHashMap.containsKey (0x000074dd200d9288) [0x000074dd200d9380, 0x000074dd200d9500] Compiler: c1, Barriers: 0, Oops: 0, ImmediateOops: 0, NonImmediateOops: No
[2,648s][debug][gc,nmethod     ] Register NMethod: java.nio.ByteBuffer.allocate (0x000074dd200d9588) [0x000074dd200d9680, 0x000074dd200d9878] Compiler: c1, Barriers: 0, Oops: 0, ImmediateOops: 0, NonImmediateOops: No
[2,648s][debug][gc,nmethod     ] Register NMethod: sun.nio.fs.UnixPath.resolve (0x000074dd200d9888) [0x000074dd200d9980, 0x000074dd200da638] Compiler: c1, Barriers: 9, Oops: 0, ImmediateOops: 0, NonImmediateOops: No
[2,648s][debug][gc,director    ] Rule Major: Warmup 10%, Used: 626MB, UsedThreshold: 1228MB
[2,648s][debug][gc,director    ] Rule Minor: High Usage, Free: 11620MB(94,6%)
[2,648s][debug][gc,nmethod     ] Register NMethod: io.sirix.node.SirixDeweyID.getNewAttributeID (0x000074dd3ee5a588) [0x000074dd3ee5a680, 0x000074dd3ee5abb0] Compiler: jvmci, Barriers: 3, Oops: 1, ImmediateOops: 0, NonImmediateOops: No
[2,649s][debug][gc,nmethod     ] Register NMethod: io.sirix.page.KeyValueLeafPage.setData (0x000074dd200da688) [0x000074dd200da780, 0x000074dd200ffac0] Compiler: c1, Barriers: 104, Oops: 13, ImmediateOops: 82, NonImmediateOops: No
[2,649s][debug][gc,nmethod     ] Register NMethod: org.gradle.internal.io.StreamByteBuffer$StreamByteBufferChunk.bytesUnread (0x000074dd200ffb88) [0x000074dd200ffc80, 0x000074dd200ffd88] Compiler: c1, Barriers: 0, Oops: 1, ImmediateOops: 0, NonImmediateOops: No
[2,649s][debug][gc,nmethod     ] Register NMethod: java.util.concurrent.ConcurrentHashMap.compute (0x000074dd200ffe88) [0x000074dd200fff80, 0x000074dd201038e8] Compiler: c1, Barriers: 33, Oops: 0, ImmediateOops: 2, NonImmediateOops: No
[2,649s][debug][gc,nmethod     ] Register NMethod: com.github.benmanes.caffeine.cache.BoundedLocalCache.setVariableTime (0x000074dd20103908) [0x000074dd20103a00, 0x000074dd20103d28] Compiler: c1, Barriers: 0, Oops: 1, ImmediateOops: 0, NonImmediateOops: No
[2,650s][debug][gc,nmethod     ] Register NMethod: net.jpountz.lz4.LZ4JNI.LZ4_decompress_fast (0x000074dd3ee5ac08) [0x000074dd3ee5ad00, 0x000074dd3ee5aec8] Compiler: , Barriers: 0, Oops: 1, ImmediateOops: 1, NonImmediateOops: No
[2,650s][debug][gc,nmethod     ] Register NMethod: com.github.benmanes.caffeine.cache.BoundedLocalCache.setWriteTime (0x000074dd20103d88) [0x000074dd20103e80, 0x000074dd201043d0] Compiler: c1, Barriers: 0, Oops: 1, ImmediateOops: 0, NonImmediateOops: No
[2,650s][debug][gc,nmethod     ] Register NMethod: java.lang.invoke.LambdaForm$MH/0x00000000692a8800.linkToTargetMethod (0x000074dd20104408) [0x000074dd20104500, 0x000074dd20104ab0] Compiler: c1, Barriers: 0, Oops: 1, ImmediateOops: 0, NonImmediateOops: No
[2,650s][debug][gc,nmethod     ] Register NMethod: com.github.benmanes.caffeine.cache.BoundedLocalCache$$Lambda/0x00000000692a5ec8.<init> (0x000074dd20104b08) [0x000074dd20104c00, 0x000074dd20105310] Compiler: c1, Barriers: 36, Oops: 1, ImmediateOops: 0, NonImmediateOops: No
[2,650s][debug][gc,nmethod     ] Register NMethod: java.lang.invoke.LambdaForm$DMH/0x00000000692a8000.newInvokeSpecial (0x000074dd20105388) [0x000074dd20105480, 0x000074dd20105db8] Compiler: c1, Barriers: 2, Oops: 1, ImmediateOops: 1, NonImmediateOops: No
[2,650s][debug][gc,nmethod     ] Register NMethod: com.github.benmanes.caffeine.cache.LocalCache.statsAware (0x000074dd20105e08) [0x000074dd20105f00, 0x000074dd201067d0] Compiler: c1, Barriers: 6, Oops: 4, ImmediateOops: 2, NonImmediateOops: No
[2,650s][debug][gc,nmethod     ] Register NMethod: sun.nio.fs.UnixFileAttributes.<init> (0x000074dd20106808) [0x000074dd20106900, 0x000074dd20106a58] Compiler: c1, Barriers: 0, Oops: 0, ImmediateOops: 0, NonImmediateOops: No
[2,650s][debug][gc,nmethod     ] Register NMethod: com.github.benmanes.caffeine.cache.BoundedLocalCache$$Lambda/0x00000000692a5ec8.apply (0x000074dd20106b08) [0x000074dd20106c00, 0x000074dd201072a8] Compiler: c1, Barriers: 12, Oops: 1, ImmediateOops: 0, NonImmediateOops: No
[2,650s][debug][gc,nmethod     ] Register NMethod: sun.nio.fs.UnixFileAttributes.get (0x000074dd20107308) [0x000074dd20107400, 0x000074dd201076c0] Compiler: c1, Barriers: 0, Oops: 0, ImmediateOops: 0, NonImmediateOops: No
[2,650s][debug][gc,nmethod     ] Register NMethod: java.util.concurrent.ForkJoinTask.getAndBitwiseOrStatus (0x000074dd20107708) [0x000074dd20107800, 0x000074dd20107df8] Compiler: c1, Barriers: 0, Oops: 1, ImmediateOops: 2, NonImmediateOops: No
[2,651s][debug][gc,nmethod     ] Register NMethod: sun.nio.fs.UnixNativeDispatcher.open0 (0x000074dd3ee5af08) [0x000074dd3ee5b000, 0x000074dd3ee5b160] Compiler: , Barriers: 0, Oops: 0, ImmediateOops: 1, NonImmediateOops: No
[2,651s][debug][gc,nmethod     ] Register NMethod: com.github.benmanes.caffeine.cache.SSLS.statsTicker (0x000074dd20107e08) [0x000074dd20107f00, 0x000074dd20108060] Compiler: c1, Barriers: 0, Oops: 1, ImmediateOops: 1, NonImmediateOops: No
[2,651s][debug][gc,nmethod     ] Register NMethod: java.util.UUID.parse4Nibbles (0x000074dd20108108) [0x000074dd20108200, 0x000074dd2010a5a8] Compiler: c1, Barriers: 8, Oops: 2, ImmediateOops: 9, NonImmediateOops: No
[2,651s][debug][gc,nmethod     ] Register NMethod: com.github.benmanes.caffeine.cache.Ticker.systemTicker (0x000074dd2010a608) [0x000074dd2010a700, 0x000074dd2010a7e8] Compiler: c1, Barriers: 0, Oops: 1, ImmediateOops: 1, NonImmediateOops: No
[2,651s][debug][gc,nmethod     ] Register NMethod: com.github.benmanes.caffeine.cache.SystemTicker.read (0x000074dd2010a908) [0x000074dd2010aa00, 0x000074dd2010ab20] Compiler: c1, Barriers: 0, Oops: 1, ImmediateOops: 0, NonImmediateOops: No
[2,651s][debug][gc,nmethod     ] Register NMethod: com.github.benmanes.caffeine.cache.BoundedLocalCache.remap (0x000074dd2010ac08) [0x000074dd2010ad00, 0x000074dd2010dc68] Compiler: c1, Barriers: 31, Oops: 4, ImmediateOops: 4, NonImmediateOops: No
[2,651s][debug][gc,nmethod     ] Register NMethod: java.io.FileDescriptor.close (0x000074dd2010dd08) [0x000074dd2010de00, 0x000074dd2010e6f8] Compiler: c1, Barriers: 4, Oops: 0, ImmediateOops: 0, NonImmediateOops: No
[2,651s][debug][gc,nmethod     ] Register NMethod: java.io.FileDescriptor.unregisterCleanup (0x000074dd2010e708) [0x000074dd2010e800, 0x000074dd2010ed38] Compiler: c1, Barriers: 4, Oops: 0, ImmediateOops: 0, NonImmediateOops: No
[2,651s][debug][gc,nmethod     ] Register NMethod: java.lang.invoke.DirectMethodHandle.fieldOffset (0x000074dd2010ed88) [0x000074dd2010ee80, 0x000074dd2010f170] Compiler: c1, Barriers: 0, Oops: 0, ImmediateOops: 0, NonImmediateOops: No
[2,651s][debug][gc,nmethod     ] Register NMethod: java.lang.invoke.DirectMethodHandle.checkBase (0x000074dd2010f188) [0x000074dd2010f280, 0x000074dd2010f4b0] Compiler: c1, Barriers: 0, Oops: 0, ImmediateOops: 0, NonImmediateOops: No
[2,651s][debug][gc,nmethod     ] Register NMethod: com.github.benmanes.caffeine.cache.Caffeine.requireArgument (0x000074dd2010f508) [0x000074dd2010f600, 0x000074dd2010f7d0] Compiler: c1, Barriers: 0, Oops: 1, ImmediateOops: 0, NonImmediateOops: No
[2,651s][debug][gc,nmethod     ] Register NMethod: net.jpountz.lz4.LZ4BlockInputStream.refill (0x000074dd2010f808) [0x000074dd2010f900, 0x000074dd20111910] Compiler: c1, Barriers: 22, Oops: 1, ImmediateOops: 11, NonImmediateOops: No
[2,651s][debug][gc,nmethod     ] Register NMethod: java.util.concurrent.ForkJoinTask.signalWaiters (0x000074dd20111988) [0x000074dd20111a80, 0x000074dd20112d40] Compiler: c1, Barriers: 4, Oops: 0, ImmediateOops: 2, NonImmediateOops: No
[2,651s][debug][gc,nmethod     ] Register NMethod: io.sirix.node.MemorySegmentBytesIn.readUtf8 (0x000074dd20112d88) [0x000074dd20112e80, 0x000074dd20113378] Compiler: c1, Barriers: 0, Oops: 1, ImmediateOops: 1, NonImmediateOops: No
[2,651s][debug][gc,nmethod     ] Register NMethod: java.nio.file.Files.readAttributes (0x000074dd20113388) [0x000074dd20113480, 0x000074dd20113908] Compiler: c1, Barriers: 2, Oops: 0, ImmediateOops: 0, NonImmediateOops: No
[2,652s][debug][gc,nmethod     ] Register NMethod: sun.nio.fs.LinuxFileSystemProvider.readAttributes (0x000074dd20113988) [0x000074dd20113a80, 0x000074dd20114088] Compiler: c1, Barriers: 0, Oops: 0, ImmediateOops: 2, NonImmediateOops: No
[2,652s][debug][gc,nmethod     ] Register NMethod: sun.nio.fs.UnixFileSystemProvider.readAttributes (0x000074dd20114108) [0x000074dd20114200, 0x000074dd20114860] Compiler: c1, Barriers: 0, Oops: 0, ImmediateOops: 3, NonImmediateOops: No
[2,652s][debug][gc,nmethod     ] Register NMethod: sun.nio.fs.UnixFileSystemProvider.getFileAttributeView (0x000074dd20114888) [0x000074dd20114980, 0x000074dd20115820] Compiler: c1, Barriers: 3, Oops: 0, ImmediateOops: 1, NonImmediateOops: No
[2,652s][debug][gc,nmethod     ] Register NMethod: sun.nio.fs.UnixFileAttributeViews.createBasicView (0x000074dd20115888) [0x000074dd20115980, 0x000074dd20115c50] Compiler: c1, Barriers: 3, Oops: 0, ImmediateOops: 0, NonImmediateOops: No
[2,652s][debug][gc,nmethod     ] Register NMethod: sun.nio.fs.LinuxFileSystemProvider.getFileAttributeView (0x000074dd20115c88) [0x000074dd20115d80, 0x000074dd20116ce0] Compiler: c1, Barriers: 0, Oops: 0, ImmediateOops: 2, NonImmediateOops: No
[2,652s][debug][gc,nmethod     ] Register NMethod: sun.nio.fs.AbstractBasicFileAttributeView.<init> (0x000074dd20116d08) [0x000074dd20116e00, 0x000074dd20116f58] Compiler: c1, Barriers: 0, Oops: 0, ImmediateOops: 0, NonImmediateOops: No
[2,652s][debug][gc,nmethod     ] Register NMethod: sun.nio.fs.UnixFileAttributeViews$Basic.<init> (0x000074dd20117008) [0x000074dd20117100, 0x000074dd20117338] Compiler: c1, Barriers: 3, Oops: 0, ImmediateOops: 0, NonImmediateOops: No
[2,652s][debug][gc,nmethod     ] Register NMethod: sun.nio.fs.UnixFileAttributes.asBasicFileAttributes (0x000074dd20117388) [0x000074dd20117480, 0x000074dd20117760] Compiler: c1, Barriers: 3, Oops: 0, ImmediateOops: 0, NonImmediateOops: No
[2,652s][debug][gc,nmethod     ] Register NMethod: com.github.benmanes.caffeine.cache.SSLS.isRecordingStats (0x000074dd3ee5b208) [0x000074dd3ee5b300, 0x000074dd3ee5b3c0] Compiler: c1, Barriers: 0, Oops: 1, ImmediateOops: 0, NonImmediateOops: No
[2,652s][debug][gc,nmethod     ] Register NMethod: sun.nio.fs.UnixFileAttributes$UnixAsBasicFileAttributes.wrap (0x000074dd20117788) [0x000074dd20117880, 0x000074dd20117ae8] Compiler: c1, Barriers: 3, Oops: 0, ImmediateOops: 0, NonImmediateOops: No
[2,652s][debug][gc,nmethod     ] Register NMethod: sun.nio.fs.UnixFileAttributes$UnixAsBasicFileAttributes.<init> (0x000074dd20117b08) [0x000074dd20117c00, 0x000074dd20117dd0] Compiler: c1, Barriers: 3, Oops: 0, ImmediateOops: 0, NonImmediateOops: No
[2,652s][debug][gc,nmethod     ] Register NMethod: com.sun.org.apache.xerces.internal.util.XMLAttributesImpl.addAttributeNS (0x000074dd3ee5b508) [0x000074dd3ee5b600, 0x000074dd3ee5be20] Compiler: jvmci, Barriers: 35, Oops: 0, ImmediateOops: 0, NonImmediateOops: No
[2,652s][debug][gc,nmethod     ] Register NMethod: java.lang.Byte.valueOf (0x000074dd20117e08) [0x000074dd20117f00, 0x000074dd20118040] Compiler: c1, Barriers: 1, Oops: 0, ImmediateOops: 1, NonImmediateOops: No
[2,652s][debug][gc,nmethod     ] Register NMethod: java.lang.invoke.MethodHandleImpl$CountingWrapper.getTarget (0x000074dd3ee5be88) [0x000074dd3ee5bf80, 0x000074dd3ee5c068] Compiler: c1, Barriers: 1, Oops: 0, ImmediateOops: 0, NonImmediateOops: No
[2,652s][debug][gc,nmethod     ] Register NMethod: java.util.concurrent.ForkJoinPool.tryTrim (0x000074dd20118108) [0x000074dd20118200, 0x000074dd201189c0] Compiler: c1, Barriers: 3, Oops: 0, ImmediateOops: 1, NonImmediateOops: No
[2,653s][debug][gc,nmethod     ] Register NMethod: sun.nio.fs.UnixFileAttributeViews$Basic.readAttributes (0x000074dd20118a08) [0x000074dd20118b00, 0x000074dd20119378] Compiler: c1, Barriers: 8, Oops: 0, ImmediateOops: 0, NonImmediateOops: No
[2,653s][debug][gc,nmethod     ] Register NMethod: com.github.benmanes.caffeine.cache.BoundedWeigher.weigh (0x000074dd20119388) [0x000074dd20119480, 0x000074dd20119950] Compiler: c1, Barriers: 1, Oops: 1, ImmediateOops: 0, NonImmediateOops: No
[2,654s][debug][gc,nmethod     ] Register NMethod: io.sirix.access.trx.page.NodePageReadOnlyTrx.getRevisionNumber (0x000074dd20119988) [0x000074dd20119a80, 0x000074dd2011a0c0] Compiler: c1, Barriers: 1, Oops: 1, ImmediateOops: 1, NonImmediateOops: No
[2,654s][debug][gc,nmethod     ] Register NMethod: com.github.benmanes.caffeine.cache.BoundedLocalCache.lambda$remap$16 (0x000074dd2011a108) [0x000074dd2011a200, 0x000074dd20128600] Compiler: c1, Barriers: 64, Oops: 12, ImmediateOops: 54, NonImmediateOops: No
[2,655s][debug][gc,nmethod     ] Register NMethod: ch.qos.logback.classic.LoggerContext.getTurboFilterChainDecision_0_3OrMore (0x000074dd20128688) [0x000074dd20128780, 0x000074dd20128f78] Compiler: c1, Barriers: 3, Oops: 1, ImmediateOops: 1, NonImmediateOops: No
[2,655s][debug][gc,nmethod     ] Register NMethod: io.brackit.query.compiler.parser.Tokenizer.laSkipWS (0x000074dd20128f88) [0x000074dd20129080, 0x000074dd201291b8] Compiler: c1, Barriers: 0, Oops: 1, ImmediateOops: 0, NonImmediateOops: No
[2,655s][debug][gc,nmethod     ] Register NMethod: io.brackit.query.compiler.parser.Tokenizer.laSymSkipWS (0x000074dd20129288) [0x000074dd20129380, 0x000074dd20129518] Compiler: c1, Barriers: 0, Oops: 1, ImmediateOops: 0, NonImmediateOops: No
[2,655s][debug][gc,nmethod     ] Register NMethod: io.brackit.query.jdm.XMLChar.isNameStartChar (0x000074dd20129588) [0x000074dd20129680, 0x000074dd20129cd8] Compiler: c1, Barriers: 0, Oops: 1, ImmediateOops: 0, NonImmediateOops: No
[2,655s][debug][gc,nmethod     ] Register NMethod: io.brackit.query.jdm.XMLChar.isNameChar (0x000074dd20129d08) [0x000074dd20129e00, 0x000074dd2012a100] Compiler: c1, Barriers: 0, Oops: 1, ImmediateOops: 0, NonImmediateOops: No
[2,655s][debug][gc,nmethod     ] Register NMethod: io.brackit.query.compiler.parser.Tokenizer.laSym (0x000074dd2012a188) [0x000074dd2012a280, 0x000074dd2012b820] Compiler: c1, Barriers: 8, Oops: 2, ImmediateOops: 2, NonImmediateOops: No
[2,655s][debug][gc,nmethod     ] Register NMethod: io.brackit.query.compiler.parser.Tokenizer.attemptSkipWS (0x000074dd2012b888) [0x000074dd2012b980, 0x000074dd2012bd20] Compiler: c1, Barriers: 0, Oops: 1, ImmediateOops: 0, NonImmediateOops: No
[2,656s][debug][gc,nmethod     ] Register NMethod: io.brackit.query.compiler.parser.Tokenizer.attemptSymSkipWS (0x000074dd2012bd88) [0x000074dd2012be80, 0x000074dd2012c2c8] Compiler: c1, Barriers: 0, Oops: 1, ImmediateOops: 0, NonImmediateOops: No
[2,656s][debug][gc,nmethod     ] Register NMethod: java.lang.StringBuilder.toString (0x000074dd3ee5c188) [0x000074dd3ee5c280, 0x000074dd3ee5c9e8] Compiler: jvmci, Barriers: 5, Oops: 1, ImmediateOops: 1, NonImmediateOops: No
[2,656s][debug][gc,nmethod     ] Register NMethod: io.brackit.query.compiler.optimizer.walker.topdown.ScopeWalker$Scope$Node.<init> (0x000074dd2012c308) [0x000074dd2012c400, 0x000074dd2012c790] Compiler: c1, Barriers: 12, Oops: 1, ImmediateOops: 0, NonImmediateOops: No
[2,656s][debug][gc,nmethod     ] Register NMethod: io.brackit.query.compiler.optimizer.walker.topdown.ScopeWalker$BindingTable.bind (0x000074dd2012c808) [0x000074dd2012c900, 0x000074dd2012ca78] Compiler: c1, Barriers: 1, Oops: 1, ImmediateOops: 0, NonImmediateOops: No
[2,656s][debug][gc,nmethod     ] Register NMethod: io.brackit.query.compiler.optimizer.walker.topdown.ScopeWalker$Var.<init> (0x000074dd2012cb08) [0x000074dd2012cc00, 0x000074dd2012cec0] Compiler: c1, Barriers: 9, Oops: 1, ImmediateOops: 0, NonImmediateOops: No
[2,656s][debug][gc,nmethod     ] Register NMethod: io.brackit.query.compiler.optimizer.walker.topdown.ScopeWalker$Scope.bind (0x000074dd2012cf08) [0x000074dd2012d000, 0x000074dd2012dbf0] Compiler: c1, Barriers: 27, Oops: 1, ImmediateOops: 0, NonImmediateOops: No
[2,656s][debug][gc,nmethod     ] Register NMethod: io.brackit.query.compiler.optimizer.walker.topdown.ScopeWalker$BindingTable.closeScope (0x000074dd2012dc08) [0x000074dd2012dd00, 0x000074dd2012dee0] Compiler: c1, Barriers: 5, Oops: 1, ImmediateOops: 0, NonImmediateOops: No
[2,656s][debug][gc,nmethod     ] Register NMethod: io.brackit.query.compiler.optimizer.walker.topdown.ScopeWalker$Scope.<init> (0x000074dd2012df08) [0x000074dd2012e000, 0x000074dd2012e258] Compiler: c1, Barriers: 6, Oops: 1, ImmediateOops: 0, NonImmediateOops: No
[2,656s][debug][gc,nmethod     ] Register NMethod: io.brackit.query.compiler.optimizer.walker.topdown.ScopeWalker$Scope.open (0x000074dd2012e288) [0x000074dd2012e380, 0x000074dd2012eb00] Compiler: c1, Barriers: 20, Oops: 1, ImmediateOops: 0, NonImmediateOops: No
[2,656s][debug][gc,nmethod     ] Register NMethod: io.brackit.query.compiler.optimizer.walker.topdown.ScopeWalker$BindingTable.openScope (0x000074dd2012eb88) [0x000074dd2012ec80, 0x000074dd2012f0c8] Compiler: c1, Barriers: 5, Oops: 1, ImmediateOops: 0, NonImmediateOops: No
[2,657s][debug][gc,nmethod     ] Register NMethod: it.unimi.dsi.fastutil.HashCommon.nextPowerOfTwo (0x000074dd2012f108) [0x000074dd2012f200, 0x000074dd2012f400] Compiler: c1, Barriers: 0, Oops: 1, ImmediateOops: 0, NonImmediateOops: No
[2,657s][debug][gc,nmethod     ] Register NMethod: it.unimi.dsi.fastutil.HashCommon.maxFill (0x000074dd2012f488) [0x000074dd2012f580, 0x000074dd2012f7e0] Compiler: c1, Barriers: 0, Oops: 1, ImmediateOops: 0, NonImmediateOops: No
[2,658s][debug][gc,director    ] Rule Major: Warmup 10%, Used: 628MB, UsedThreshold: 1228MB
[2,658s][debug][gc,director    ] Rule Minor: High Usage, Free: 11618MB(94,5%)
[2,662s][debug][gc,nmethod     ] Register NMethod: io.brackit.query.sequence.AbstractSequence.evaluate (0x000074dd2012f808) [0x000074dd2012f900, 0x000074dd2012fa00] Compiler: c1, Barriers: 0, Oops: 1, ImmediateOops: 0, NonImmediateOops: No
[2,663s][debug][gc,nmethod     ] Register NMethod: io.sirix.access.trx.node.AbstractNodeReadOnlyTrx.hasFirstChild (0x000074dd2012fb08) [0x000074dd2012fc00, 0x000074dd20130420] Compiler: c1, Barriers: 0, Oops: 1, ImmediateOops: 1, NonImmediateOops: No
[2,664s][debug][gc,nmethod     ] Register NMethod: io.sirix.node.xml.ElementNode.hasFirstChild (0x000074dd20130488) [0x000074dd20130580, 0x000074dd201359b8] Compiler: c1, Barriers: 19, Oops: 7, ImmediateOops: 12, NonImmediateOops: No
[2,665s][debug][gc,nmethod     ] Register NMethod: java.lang.StringLatin1.getChars (0x000074dd20135a08) [0x000074dd20135b00, 0x000074dd20135c20] Compiler: c1, Barriers: 0, Oops: 0, ImmediateOops: 0, NonImmediateOops: No
[2,666s][debug][gc,nmethod     ] Register NMethod: java.lang.String.getChars (0x000074dd20135d08) [0x000074dd20135e00, 0x000074dd20136a40] Compiler: c1, Barriers: 1, Oops: 1, ImmediateOops: 2, NonImmediateOops: No
[2,667s][debug][gc,nmethod     ] Register NMethod: com.github.benmanes.caffeine.cache.FrequencySketch.increment (0x000074dd20136a88) [0x000074dd20136b80, 0x000074dd201381c8] Compiler: c1, Barriers: 1, Oops: 1, ImmediateOops: 0, NonImmediateOops: No
[2,667s][debug][gc,nmethod     ] Register NMethod: java.util.concurrent.ForkJoinPool.deactivate (0x000074dd3ee5ca08) [0x000074dd3ee5cb00, 0x000074dd3ee5da50] Compiler: jvmci, Barriers: 28, Oops: 0, ImmediateOops: 1, NonImmediateOops: No
[2,667s][debug][gc,nmethod     ] Register NMethod: io.brackit.query.jdm.type.ElementType.getQName (0x000074dd3ee5da88) [0x000074dd3ee5db80, 0x000074dd3ee5dc68] Compiler: c1, Barriers: 1, Oops: 1, ImmediateOops: 0, NonImmediateOops: No
[2,668s][debug][gc,nmethod     ] Register NMethod: io.sirix.axis.AbstractAxis.hasNext (0x000074dd20138208) [0x000074dd20138300, 0x000074dd20138dc8] Compiler: c1, Barriers: 2, Oops: 1, ImmediateOops: 1, NonImmediateOops: No
[2,668s][debug][gc,nmethod     ] Register NMethod: com.github.benmanes.caffeine.cache.BoundedLocalCache.scheduleDrainBuffers (0x000074dd20138e08) [0x000074dd20138f00, 0x000074dd2013e6f0] Compiler: c1, Barriers: 17, Oops: 8, ImmediateOops: 20, NonImmediateOops: No
[2,669s][debug][gc,director    ] Rule Major: Warmup 10%, Used: 630MB, UsedThreshold: 1228MB
[2,669s][debug][gc,director    ] Rule Minor: High Usage, Free: 11616MB(94,5%)
[2,670s][debug][gc,nmethod     ] Register NMethod: java.lang.invoke.VarHandleReferences$FieldInstanceReadWrite.set (0x000074dd3ee5dd88) [0x000074dd3ee5de80, 0x000074dd3ee5e418] Compiler: jvmci, Barriers: 5, Oops: 0, ImmediateOops: 0, NonImmediateOops: No
[2,671s][debug][gc,nmethod     ] Register NMethod: io.sirix.axis.filter.AbstractFilter.<init> (0x000074dd3ee5e488) [0x000074dd3ee5e580, 0x000074dd3ee5e758] Compiler: jvmci, Barriers: 3, Oops: 1, ImmediateOops: 0, NonImmediateOops: No
[2,671s][debug][gc,nmethod     ] Register NMethod: jdk.internal.foreign.MemorySessionImpl$ResourceList$ResourceCleanup.<init> (0x000074dd3ee5e788) [0x000074dd3ee5e880, 0x000074dd3ee5e900] Compiler: jvmci, Barriers: 0, Oops: 0, ImmediateOops: 0, NonImmediateOops: No
[2,673s][debug][gc,nmethod     ] Register NMethod: ch.qos.logback.classic.Logger.filterAndLog_0_Or3Plus (0x000074dd2013e788) [0x000074dd2013e880, 0x000074dd2013ed70] Compiler: c1, Barriers: 1, Oops: 1, ImmediateOops: 2, NonImmediateOops: No
[2,674s][debug][gc,nmethod     ] Register NMethod: java.io.BufferedWriter.ensureOpen (0x000074dd2013ed88) [0x000074dd2013ee80, 0x000074dd2013f0b0] Compiler: c1, Barriers: 1, Oops: 0, ImmediateOops: 1, NonImmediateOops: No
[2,677s][debug][gc,nmethod     ] Register NMethod: java.io.BufferedWriter.min (0x000074dd2013f108) [0x000074dd2013f200, 0x000074dd2013f358] Compiler: c1, Barriers: 0, Oops: 0, ImmediateOops: 0, NonImmediateOops: No
[2,677s][debug][gc,nmethod     ] Register NMethod: java.io.BufferedWriter.growIfNeeded (0x000074dd2013f408) [0x000074dd2013f500, 0x000074dd2013f818] Compiler: c1, Barriers: 4, Oops: 0, ImmediateOops: 0, NonImmediateOops: No
[2,677s][debug][gc,nmethod     ] Register NMethod: java.io.BufferedWriter.write (0x000074dd2013f888) [0x000074dd2013f980, 0x000074dd20140270] Compiler: c1, Barriers: 3, Oops: 0, ImmediateOops: 1, NonImmediateOops: No
[2,677s][debug][gc,nmethod     ] Register NMethod: java.lang.Boolean.valueOf (0x000074dd20140288) [0x000074dd20140380, 0x000074dd201404d8] Compiler: c1, Barriers: 0, Oops: 0, ImmediateOops: 2, NonImmediateOops: No
[2,677s][debug][gc,nmethod     ] Register NMethod: java.io.PrintWriter.ensureOpen (0x000074dd20140588) [0x000074dd20140680, 0x000074dd201408b0] Compiler: c1, Barriers: 1, Oops: 0, ImmediateOops: 1, NonImmediateOops: No
[2,677s][debug][gc,nmethod     ] Register NMethod: java.io.PrintWriter.write (0x000074dd20140908) [0x000074dd20140a00, 0x000074dd20140ff8] Compiler: c1, Barriers: 1, Oops: 0, ImmediateOops: 0, NonImmediateOops: No
[2,678s][debug][gc,nmethod     ] Register NMethod: java.io.PrintWriter.write (0x000074dd20141008) [0x000074dd20141100, 0x000074dd20141a60] Compiler: c1, Barriers: 3, Oops: 0, ImmediateOops: 1, NonImmediateOops: No
[2,678s][debug][gc,nmethod     ] Register NMethod: io.sirix.access.trx.page.NodePageReadOnlyTrx.getRecordPage (0x000074dd3ee5ea88) [0x000074dd3ee5eb80, 0x000074dd3ee5fa10] Compiler: jvmci, Barriers: 35, Oops: 1, ImmediateOops: 1, NonImmediateOops: No
[2,679s][debug][gc,director    ] Rule Major: Warmup 10%, Used: 634MB, UsedThreshold: 1228MB
[2,679s][debug][gc,director    ] Rule Minor: High Usage, Free: 11612MB(94,5%)
[2,680s][debug][gc,nmethod     ] Register NMethod: java.lang.Long.valueOf (0x000074dd3ee5fa88) [0x000074dd3ee5fb80, 0x000074dd3ee5fd28] Compiler: jvmci, Barriers: 1, Oops: 0, ImmediateOops: 1, NonImmediateOops: No
[2,681s][debug][gc,nmethod     ] Register NMethod: java.lang.Long.hashCode (0x000074dd3ee5fd88) [0x000074dd3ee5fe80, 0x000074dd3ee5ff18] Compiler: jvmci, Barriers: 0, Oops: 0, ImmediateOops: 0, NonImmediateOops: No
[2,684s][debug][gc,nmethod     ] Register NMethod: io.brackit.query.expr.PathStepExpr$SequenceContextPathStepIter.next (0x000074dd20141a88) [0x000074dd20141b80, 0x000074dd20144ca8] Compiler: c1, Barriers: 39, Oops: 2, ImmediateOops: 4, NonImmediateOops: No
[2,685s][debug][gc,nmethod     ] Register NMethod: java.util.concurrent.ConcurrentHashMap.initTable (0x000074dd20144d08) [0x000074dd20144e00, 0x000074dd20145a58] Compiler: c1, Barriers: 6, Oops: 0, ImmediateOops: 0, NonImmediateOops: No
[2,686s][debug][gc,nmethod     ] Register NMethod: io.sirix.node.xml.AttributeNode.computeHash (0x000074dd3ee60088) [0x000074dd3ee60180, 0x000074dd3ee63808] Compiler: jvmci, Barriers: 69, Oops: 9, ImmediateOops: 2, NonImmediateOops: No
[2,689s][debug][gc,director    ] Rule Major: Warmup 10%, Used: 636MB, UsedThreshold: 1228MB
[2,689s][debug][gc,director    ] Rule Minor: High Usage, Free: 11610MB(94,5%)
[2,689s][debug][gc,nmethod     ] Register NMethod: io.sirix.page.KeyValueLeafPage.setData (0x000074dd3ee63888) [0x000074dd3ee63980, 0x000074dd3ee66cf0] Compiler: jvmci, Barriers: 48, Oops: 4, ImmediateOops: 5, NonImmediateOops: No
[2,690s][debug][gc,nmethod     ] Register NMethod: io.brackit.query.jdm.type.ElementType.getNodeKind (0x000074dd20145a88) [0x000074dd20145b80, 0x000074dd20145c88] Compiler: c1, Barriers: 0, Oops: 1, ImmediateOops: 1, NonImmediateOops: No
[2,691s][debug][gc,nmethod     ] Register NMethod: io.sirix.settings.VersioningType$4.combineRecordPages (0x000074dd20145d88) [0x000074dd20145e80, 0x000074dd2014ada8] Compiler: c1, Barriers: 9, Oops: 1, ImmediateOops: 0, NonImmediateOops: No
[2,693s][debug][gc,nmethod     ] Register NMethod: java.io.PrintWriter.print (0x000074dd2014ae08) [0x000074dd2014af00, 0x000074dd2014b670] Compiler: c1, Barriers: 1, Oops: 0, ImmediateOops: 1, NonImmediateOops: No
[2,693s][debug][gc,nmethod     ] Register NMethod: io.sirix.page.KeyValueLeafPage.getNumberOfNonNullEntries (0x000074dd3ee66d88) [0x000074dd3ee66e80, 0x000074dd3ee67268] Compiler: jvmci, Barriers: 3, Oops: 1, ImmediateOops: 0, NonImmediateOops: No
[2,693s][debug][gc,nmethod     ] Register NMethod: io.sirix.settings.VersioningType$4.combineRecordPages (0x000074dd2014b688) [0x000074dd2014b780, 0x000074dd201503e0] Compiler: c1, Barriers: 9, Oops: 1, ImmediateOops: 0, NonImmediateOops: No
[2,694s][debug][gc,nmethod     ] Register NMethod: java.util.BitSet.valueOf (0x000074dd20150408) [0x000074dd20150500, 0x000074dd20151ea8] Compiler: c1, Barriers: 3, Oops: 0, ImmediateOops: 1, NonImmediateOops: No
[2,695s][debug][gc,nmethod     ] Register NMethod: io.brackit.query.expr.PathStepExpr$PathStepSequence.<init> (0x000074dd20151f08) [0x000074dd20152000, 0x000074dd20152460] Compiler: c1, Barriers: 15, Oops: 1, ImmediateOops: 0, NonImmediateOops: No
[2,695s][debug][gc,nmethod     ] Register NMethod: io.brackit.query.expr.PathStepExpr$PathStepSequence.iterate (0x000074dd20152488) [0x000074dd20152580, 0x000074dd20153308] Compiler: c1, Barriers: 20, Oops: 1, ImmediateOops: 0, NonImmediateOops: No
[2,696s][debug][gc,nmethod     ] Register NMethod: io.brackit.query.expr.PathStepExpr.evaluate (0x000074dd20153388) [0x000074dd20153480, 0x000074dd201542b8] Compiler: c1, Barriers: 16, Oops: 1, ImmediateOops: 0, NonImmediateOops: No
[2,696s][debug][gc,nmethod     ] Register NMethod: io.sirix.page.PageKind$1.deserializePage (0x000074dd20154308) [0x000074dd20154400, 0x000074dd20158748] Compiler: c1, Barriers: 3, Oops: 3, ImmediateOops: 5, NonImmediateOops: No
[2,697s][debug][gc,nmethod     ] Register NMethod: com.github.benmanes.caffeine.cache.AccessOrderDeque.contains (0x000074dd20158788) [0x000074dd20158880, 0x000074dd20159540] Compiler: c1, Barriers: 1, Oops: 1, ImmediateOops: 0, NonImmediateOops: No
[2,697s][debug][gc,nmethod     ] Register NMethod: io.sirix.access.trx.page.NodePageReadOnlyTrx.getRecord (0x000074dd3ee67288) [0x000074dd3ee67380, 0x000074dd3ee683c8] Compiler: jvmci, Barriers: 20, Oops: 2, ImmediateOops: 7, NonImmediateOops: No
[2,698s][debug][gc,nmethod     ] Register NMethod: io.sirix.page.PageKind$1.deserializePage (0x000074dd20159588) [0x000074dd20159680, 0x000074dd2015d9b0] Compiler: c1, Barriers: 3, Oops: 3, ImmediateOops: 5, NonImmediateOops: No
[2,698s][debug][gc,nmethod     ] Register NMethod: io.brackit.query.node.d2linked.ElementD2Node.getKind (0x000074dd2015da08) [0x000074dd2015db00, 0x000074dd2015dc08] Compiler: c1, Barriers: 0, Oops: 1, ImmediateOops: 1, NonImmediateOops: No
[2,699s][debug][gc,director    ] Rule Major: Warmup 10%, Used: 638MB, UsedThreshold: 1228MB
[2,699s][debug][gc,director    ] Rule Minor: High Usage, Free: 11608MB(94,5%)
[2,699s][debug][gc,nmethod     ] Register NMethod: io.sirix.access.trx.node.AbstractNodeReadOnlyTrx.getFirstChildKey (0x000074dd2015dd08) [0x000074dd2015de00, 0x000074dd2015e620] Compiler: c1, Barriers: 0, Oops: 1, ImmediateOops: 1, NonImmediateOops: No
[2,699s][debug][gc,nmethod     ] Register NMethod: java.io.PrintWriter.print (0x000074dd2015e688) [0x000074dd2015e780, 0x000074dd2015f0a8] Compiler: c1, Barriers: 1, Oops: 0, ImmediateOops: 1, NonImmediateOops: No
[2,699s][debug][gc,nmethod     ] Register NMethod: io.sirix.query.node.XmlDBNode.getKind (0x000074dd2015f108) [0x000074dd2015f200, 0x000074dd2015fd28] Compiler: c1, Barriers: 2, Oops: 2, ImmediateOops: 9, NonImmediateOops: No
[2,700s][debug][gc,nmethod     ] Register NMethod: io.sirix.query.compiler.translator.SirixTranslator.getAxis (0x000074dd2015fd88) [0x000074dd2015fe80, 0x000074dd20164738] Compiler: c1, Barriers: 21, Oops: 2, ImmediateOops: 1, NonImmediateOops: No
[2,700s][debug][gc,nmethod     ] Register NMethod: io.sirix.query.compiler.translator.SirixTranslator$Child.performStep (0x000074dd20164788) [0x000074dd20164880, 0x000074dd20168af0] Compiler: c1, Barriers: 22, Oops: 1, ImmediateOops: 6, NonImmediateOops: No
[2,700s][debug][gc,nmethod     ] Register NMethod: io.sirix.page.PageKind$1.deserializePage (0x000074dd20168b08) [0x000074dd20168c00, 0x000074dd2016cba8] Compiler: c1, Barriers: 3, Oops: 3, ImmediateOops: 5, NonImmediateOops: No
[2,702s][debug][gc,nmethod     ] Register NMethod: java.util.concurrent.locks.ReentrantLock$NonfairSync.initialTryLock (0x000074dd3ee68408) [0x000074dd3ee68500, 0x000074dd3ee68718] Compiler: jvmci, Barriers: 5, Oops: 0, ImmediateOops: 0, NonImmediateOops: No
[2,704s][debug][gc,nmethod     ] Register NMethod: io.sirix.node.xml.ElementNode.hasRightSibling (0x000074dd3ee68788) [0x000074dd3ee68880, 0x000074dd3ee68c78] Compiler: jvmci, Barriers: 4, Oops: 3, ImmediateOops: 0, NonImmediateOops: No
[2,705s][debug][gc,nmethod     ] Register NMethod: io.sirix.page.PageReference.equals (0x000074dd2016cc08) [0x000074dd2016cd00, 0x000074dd2016d350] Compiler: c1, Barriers: 0, Oops: 1, ImmediateOops: 0, NonImmediateOops: No
[2,705s][debug][gc,nmethod     ] Register NMethod: com.github.benmanes.caffeine.cache.AbstractLinkedDeque.linkLast (0x000074dd2016d388) [0x000074dd2016d480, 0x000074dd2016e8a0] Compiler: c1, Barriers: 7, Oops: 1, ImmediateOops: 0, NonImmediateOops: No
[2,706s][debug][gc,nmethod     ] Register NMethod: net.jpountz.util.SafeUtils.readIntLE (0x000074dd3ee68d08) [0x000074dd3ee68e00, 0x000074dd3ee68f18] Compiler: jvmci, Barriers: 0, Oops: 1, ImmediateOops: 0, NonImmediateOops: No
[2,707s][debug][gc,nmethod     ] Register NMethod: io.sirix.page.KeyValueLeafPage.getNumberOfNonNullEntries (0x000074dd3ee69008) [0x000074dd3ee69100, 0x000074dd3ee69300] Compiler: jvmci, Barriers: 2, Oops: 1, ImmediateOops: 0, NonImmediateOops: No
[2,708s][debug][gc,nmethod     ] Register NMethod: java.lang.StringConcatHelper.stringSize (0x000074dd2016e908) [0x000074dd2016ea00, 0x000074dd2016ec68] Compiler: c1, Barriers: 0, Oops: 0, ImmediateOops: 1, NonImmediateOops: No
[2,708s][debug][gc,nmethod     ] Register NMethod: java.lang.StringConcatHelper.prepend (0x000074dd2016ec88) [0x000074dd2016ed80, 0x000074dd2016fca8] Compiler: c1, Barriers: 2, Oops: 0, ImmediateOops: 0, NonImmediateOops: No
[2,708s][debug][gc,nmethod     ] Register NMethod: java.util.stream.Sink.end (0x000074dd3ee69388) [0x000074dd3ee69480, 0x000074dd3ee69500] Compiler: jvmci, Barriers: 0, Oops: 0, ImmediateOops: 0, NonImmediateOops: No
[2,708s][debug][gc,nmethod     ] Register NMethod: org.gradle.internal.dispatch.MethodInvocation.getMethod (0x000074dd3ee69688) [0x000074dd3ee69780, 0x000074dd3ee69868] Compiler: c1, Barriers: 1, Oops: 1, ImmediateOops: 0, NonImmediateOops: No
[2,708s][debug][gc,nmethod     ] Register NMethod: org.gradle.internal.dispatch.MethodInvocation.getArguments (0x000074dd3ee69988) [0x000074dd3ee69a80, 0x000074dd3ee69b68] Compiler: c1, Barriers: 1, Oops: 1, ImmediateOops: 0, NonImmediateOops: No
[2,709s][debug][gc,director    ] Rule Major: Warmup 10%, Used: 642MB, UsedThreshold: 1228MB
[2,709s][debug][gc,director    ] Rule Minor: High Usage, Free: 11604MB(94,4%)
[2,710s][debug][gc,nmethod     ] Register NMethod: org.gradle.internal.serialize.kryo.KryoBackedEncoder.writeSmallInt (0x000074dd2016fd08) [0x000074dd2016fe00, 0x000074dd2016fff8] Compiler: c1, Barriers: 1, Oops: 1, ImmediateOops: 0, NonImmediateOops: No
[2,710s][debug][gc,nmethod     ] Register NMethod: com.esotericsoftware.kryo.io.Output.writeInt (0x000074dd20170008) [0x000074dd20170100, 0x000074dd20170230] Compiler: c1, Barriers: 0, Oops: 1, ImmediateOops: 0, NonImmediateOops: No
[2,711s][debug][gc,nmethod     ] Register NMethod: java.util.ArrayDeque.removeFirst (0x000074dd3ee69c88) [0x000074dd3ee69d80, 0x000074dd3ee69f68] Compiler: jvmci, Barriers: 4, Oops: 0, ImmediateOops: 0, NonImmediateOops: No
[2,711s][debug][gc,nmethod     ] Register NMethod: com.github.benmanes.caffeine.cache.AccessOrderDeque.getPrevious (0x000074dd20170308) [0x000074dd20170400, 0x000074dd20170708] Compiler: c1, Barriers: 0, Oops: 1, ImmediateOops: 0, NonImmediateOops: No
[2,711s][debug][gc,nmethod     ] Register NMethod: com.github.benmanes.caffeine.cache.AccessOrderDeque.getPrevious (0x000074dd20170788) [0x000074dd20170880, 0x000074dd20170fc0] Compiler: c1, Barriers: 0, Oops: 1, ImmediateOops: 0, NonImmediateOops: No
[2,712s][debug][gc,nmethod     ] Register NMethod: com.github.benmanes.caffeine.cache.AccessOrderDeque.getNext (0x000074dd20171008) [0x000074dd20171100, 0x000074dd20171408] Compiler: c1, Barriers: 0, Oops: 1, ImmediateOops: 0, NonImmediateOops: No
[2,712s][debug][gc,nmethod     ] Register NMethod: java.util.concurrent.atomic.AtomicInteger.decrementAndGet (0x000074dd3ee69f88) [0x000074dd3ee6a080, 0x000074dd3ee6a110] Compiler: jvmci, Barriers: 0, Oops: 0, ImmediateOops: 0, NonImmediateOops: No
[2,712s][debug][gc,nmethod     ] Register NMethod: com.github.benmanes.caffeine.cache.RemovalCause$1.wasEvicted (0x000074dd3ee6a288) [0x000074dd3ee6a380, 0x000074dd3ee6a440] Compiler: c1, Barriers: 0, Oops: 1, ImmediateOops: 0, NonImmediateOops: No
[2,712s][debug][gc,nmethod     ] Register NMethod: com.github.benmanes.caffeine.cache.AccessOrderDeque.getNext (0x000074dd20171488) [0x000074dd20171580, 0x000074dd20171cc0] Compiler: c1, Barriers: 0, Oops: 1, ImmediateOops: 0, NonImmediateOops: No
[2,712s][debug][gc,nmethod     ] Register NMethod: java.lang.invoke.Invokers$Holder.linkToTargetMethod (0x000074dd20171d08) [0x000074dd20171e00, 0x000074dd20172308] Compiler: c1, Barriers: 0, Oops: 0, ImmediateOops: 0, NonImmediateOops: No
[2,712s][debug][gc,nmethod     ] Register NMethod: java.lang.invoke.LambdaForm$DMH/0x0000000069148000.newInvokeSpecial (0x000074dd20172388) [0x000074dd20172480, 0x000074dd20172d28] Compiler: c1, Barriers: 2, Oops: 1, ImmediateOops: 1, NonImmediateOops: No
[2,712s][debug][gc,nmethod     ] Register NMethod: com.github.benmanes.caffeine.cache.AbstractLinkedDeque.unlink (0x000074dd20172d88) [0x000074dd20172e80, 0x000074dd20175d50] Compiler: c1, Barriers: 6, Oops: 1, ImmediateOops: 0, NonImmediateOops: No
[2,713s][debug][gc,nmethod     ] Register NMethod: java.lang.StringLatin1.canEncode (0x000074dd20175d88) [0x000074dd20175e80, 0x000074dd20175fb0] Compiler: c1, Barriers: 0, Oops: 0, ImmediateOops: 0, NonImmediateOops: No
[2,713s][debug][gc,nmethod     ] Register NMethod: java.util.LinkedList.size (0x000074dd3ee6a588) [0x000074dd3ee6a680, 0x000074dd3ee6a740] Compiler: c1, Barriers: 0, Oops: 0, ImmediateOops: 0, NonImmediateOops: No
[2,713s][debug][gc,nmethod     ] Register NMethod: org.junit.platform.engine.UniqueIdFormat$$Lambda/0x0000000069197400.<init> (0x000074dd20176088) [0x000074dd20176180, 0x000074dd20176358] Compiler: c1, Barriers: 3, Oops: 1, ImmediateOops: 0, NonImmediateOops: No
[2,713s][debug][gc,nmethod     ] Register NMethod: java.util.concurrent.ForkJoinPool.runWorker (0x000074dd20176388) [0x000074dd20176480, 0x000074dd201781c0] Compiler: c1, Barriers: 13, Oops: 1, ImmediateOops: 1, NonImmediateOops: No
[2,713s][debug][gc,nmethod     ] Register NMethod: org.junit.platform.engine.UniqueIdFormat.checkDoesNotContain (0x000074dd20178208) [0x000074dd20178300, 0x000074dd201790a8] Compiler: c1, Barriers: 3, Oops: 3, ImmediateOops: 2, NonImmediateOops: No
[2,713s][debug][gc,nmethod     ] Register NMethod: java.lang.Long.toString (0x000074dd20179108) [0x000074dd20179200, 0x000074dd20179580] Compiler: c1, Barriers: 3, Oops: 0, ImmediateOops: 0, NonImmediateOops: No
[2,713s][debug][gc,nmethod     ] Register NMethod: java.lang.StringUTF16.checkBoundsBeginEnd (0x000074dd20179588) [0x000074dd20179680, 0x000074dd20179960] Compiler: c1, Barriers: 0, Oops: 1, ImmediateOops: 1, NonImmediateOops: No
[2,714s][debug][gc,nmethod     ] Register NMethod: java.lang.StringUTF16.indexOfLatin1 (0x000074dd20179988) [0x000074dd20179a80, 0x000074dd20179f68] Compiler: c1, Barriers: 0, Oops: 1, ImmediateOops: 2, NonImmediateOops: No
[2,714s][debug][gc,nmethod     ] Register NMethod: org.slf4j.helpers.MessageFormatter.isEscapedDelimeter (0x000074dd20179f88) [0x000074dd2017a080, 0x000074dd2017aa58] Compiler: c1, Barriers: 2, Oops: 2, ImmediateOops: 2, NonImmediateOops: No
[2,714s][debug][gc,nmethod     ] Register NMethod: org.slf4j.helpers.MessageFormatter.deeplyAppendParameter (0x000074dd2017aa88) [0x000074dd2017ab80, 0x000074dd2017db80] Compiler: c1, Barriers: 2, Oops: 2, ImmediateOops: 1, NonImmediateOops: No
[2,714s][debug][gc,nmethod     ] Register NMethod: java.lang.Throwable.<init> (0x000074dd2017dc08) [0x000074dd2017dd00, 0x000074dd2017e4c0] Compiler: c1, Barriers: 13, Oops: 0, ImmediateOops: 3, NonImmediateOops: No
[2,714s][debug][gc,nmethod     ] Register NMethod: ch.qos.logback.core.pattern.FormattingConverter.write (0x000074dd2017e508) [0x000074dd2017e600, 0x000074dd20180570] Compiler: c1, Barriers: 2, Oops: 1, ImmediateOops: 0, NonImmediateOops: No
[2,714s][debug][gc,nmethod     ] Register NMethod: java.nio.MappedByteBuffer.flip (0x000074dd20180588) [0x000074dd20180680, 0x000074dd20180858] Compiler: c1, Barriers: 0, Oops: 0, ImmediateOops: 0, NonImmediateOops: No
[2,714s][debug][gc,nmethod     ] Register NMethod: org.slf4j.helpers.MessageFormatter.safeObjectAppend (0x000074dd20180888) [0x000074dd20180980, 0x000074dd20182ae0] Compiler: c1, Barriers: 4, Oops: 4, ImmediateOops: 6, NonImmediateOops: No
[2,714s][debug][gc,nmethod     ] Register NMethod: java.lang.Long.toString (0x000074dd20182b08) [0x000074dd20182c00, 0x000074dd20182d38] Compiler: c1, Barriers: 0, Oops: 0, ImmediateOops: 0, NonImmediateOops: No
[2,715s][debug][gc,nmethod     ] Register NMethod: sun.nio.fs.UnixPath.resolve (0x000074dd20182e08) [0x000074dd20182f00, 0x000074dd20183048] Compiler: c1, Barriers: 0, Oops: 0, ImmediateOops: 0, NonImmediateOops: No
[2,715s][debug][gc,nmethod     ] Register NMethod: java.lang.Enum.compareTo (0x000074dd20183108) [0x000074dd20183200, 0x000074dd20184520] Compiler: c1, Barriers: 4, Oops: 0, ImmediateOops: 2, NonImmediateOops: No
[2,715s][debug][gc,nmethod     ] Register NMethod: java.util.concurrent.ForkJoinPool.runWorker (0x000074dd20184588) [0x000074dd20184680, 0x000074dd20186190] Compiler: c1, Barriers: 13, Oops: 1, ImmediateOops: 1, NonImmediateOops: No
[2,715s][debug][gc,nmethod     ] Register NMethod: org.gradle.internal.serialize.kryo.KryoBackedEncoder.writeLong (0x000074dd20186208) [0x000074dd20186300, 0x000074dd20186488] Compiler: c1, Barriers: 1, Oops: 1, ImmediateOops: 0, NonImmediateOops: No
[2,715s][debug][gc,nmethod     ] Register NMethod: com.esotericsoftware.kryo.io.Output.writeLong (0x000074dd20186508) [0x000074dd20186600, 0x000074dd20186948] Compiler: c1, Barriers: 1, Oops: 1, ImmediateOops: 0, NonImmediateOops: No
[2,716s][debug][gc,nmethod     ] Register NMethod: java.util.concurrent.locks.AbstractQueuedLongSynchronizer.compareAndSetState (0x000074dd20186988) [0x000074dd20186a80, 0x000074dd20186ba0] Compiler: c1, Barriers: 0, Oops: 0, ImmediateOops: 0, NonImmediateOops: No
[2,716s][debug][gc,nmethod     ] Register NMethod: sun.nio.fs.UnixNativeDispatcher.readdir0 (0x000074dd3ee6a888) [0x000074dd3ee6a980, 0x000074dd3ee6aca8] Compiler: , Barriers: 0, Oops: 0, ImmediateOops: 1, NonImmediateOops: No
[2,716s][debug][gc,nmethod     ] Register NMethod: com.google.gson.stream.JsonReader.nextName (0x000074dd20186c88) [0x000074dd20186d80, 0x000074dd20188730] Compiler: c1, Barriers: 4, Oops: 2, ImmediateOops: 3, NonImmediateOops: No
[2,716s][debug][gc,nmethod     ] Register NMethod: sun.nio.fs.UnixDirectoryStream.readLock (0x000074dd20188788) [0x000074dd20188880, 0x000074dd20188a10] Compiler: c1, Barriers: 2, Oops: 0, ImmediateOops: 0, NonImmediateOops: No
[2,717s][debug][gc,nmethod     ] Register NMethod: java.io.OutputStreamWriter.write (0x000074dd20188a88) [0x000074dd20188b80, 0x000074dd20188eb0] Compiler: c1, Barriers: 1, Oops: 0, ImmediateOops: 0, NonImmediateOops: No
[2,718s][debug][gc,nmethod     ] Register NMethod: sun.nio.cs.StreamEncoder.write (0x000074dd20188f08) [0x000074dd20189000, 0x000074dd20189398] Compiler: c1, Barriers: 0, Oops: 0, ImmediateOops: 0, NonImmediateOops: No
[2,718s][debug][gc,nmethod     ] Register NMethod: sun.nio.cs.StreamEncoder.write (0x000074dd20189408) [0x000074dd20189500, 0x000074dd20189b98] Compiler: c1, Barriers: 0, Oops: 0, ImmediateOops: 0, NonImmediateOops: No
[2,719s][debug][gc,nmethod     ] Register NMethod: java.lang.ref.WeakReference.<init> (0x000074dd20189c08) [0x000074dd20189d00, 0x000074dd2018a038] Compiler: c1, Barriers: 6, Oops: 0, ImmediateOops: 1, NonImmediateOops: No
[2,719s][debug][gc,nmethod     ] Register NMethod: io.sirix.access.DatabaseConfiguration$DatabasePaths.getFile (0x000074dd3ee6ad08) [0x000074dd3ee6ae00, 0x000074dd3ee6aee8] Compiler: c1, Barriers: 1, Oops: 1, ImmediateOops: 0, NonImmediateOops: No
[2,719s][debug][gc,nmethod     ] Register NMethod: sun.nio.fs.UnixPath.toString (0x000074dd2018a088) [0x000074dd2018a180, 0x000074dd2018a6f8] Compiler: c1, Barriers: 6, Oops: 0, ImmediateOops: 1, NonImmediateOops: No
[2,719s][debug][gc,director    ] Rule Major: Warmup 10%, Used: 644MB, UsedThreshold: 1228MB
[2,719s][debug][gc,director    ] Rule Minor: High Usage, Free: 11602MB(94,4%)
[2,719s][debug][gc,nmethod     ] Register NMethod: io.sirix.access.trx.node.AbstractResourceSession.assertNotClosed (0x000074dd3ee6b008) [0x000074dd3ee6b100, 0x000074dd3ee6b1c0] Compiler: jvmci, Barriers: 0, Oops: 1, ImmediateOops: 0, NonImmediateOops: No
[2,720s][debug][gc,nmethod     ] Register NMethod: io.sirix.node.MemorySegmentBytesIn.remaining (0x000074dd2018a708) [0x000074dd2018a800, 0x000074dd2018ab48] Compiler: c1, Barriers: 1, Oops: 1, ImmediateOops: 0, NonImmediateOops: No
[2,723s][debug][gc,nmethod     ] Register NMethod: io.sirix.node.NodeKind$1.serialize (0x000074dd3ee6b308) [0x000074dd3ee6b400, 0x000074dd3ee72480] Compiler: jvmci, Barriers: 152, Oops: 10, ImmediateOops: 1, NonImmediateOops: No
[2,723s][debug][gc,nmethod     ] Register NMethod: jdk.internal.misc.Blocker.begin (0x000074dd2018ab88) [0x000074dd2018ac80, 0x000074dd2018add8] Compiler: c1, Barriers: 0, Oops: 0, ImmediateOops: 0, NonImmediateOops: No
[2,725s][debug][gc,nmethod     ] Register NMethod: io.sirix.page.PageReference.getResourceId (0x000074dd3ee72508) [0x000074dd3ee72600, 0x000074dd3ee726c0] Compiler: c1, Barriers: 0, Oops: 1, ImmediateOops: 0, NonImmediateOops: No
[2,725s][debug][gc,nmethod     ] Register NMethod: io.sirix.page.PageReference.getDatabaseId (0x000074dd3ee72808) [0x000074dd3ee72900, 0x000074dd3ee729c0] Compiler: c1, Barriers: 0, Oops: 1, ImmediateOops: 0, NonImmediateOops: No
[2,725s][debug][gc,nmethod     ] Register NMethod: com.github.benmanes.caffeine.cache.NodeFactory.newReferenceKey (0x000074dd2018ae88) [0x000074dd2018af80, 0x000074dd2018b080] Compiler: c1, Barriers: 0, Oops: 1, ImmediateOops: 0, NonImmediateOops: No
[2,726s][debug][gc,nmethod     ] Register NMethod: com.github.benmanes.caffeine.cache.LocalCache.compute (0x000074dd2018b188) [0x000074dd2018b280, 0x000074dd2018b7b0] Compiler: c1, Barriers: 0, Oops: 1, ImmediateOops: 0, NonImmediateOops: No
[2,726s][debug][gc,nmethod     ] Register NMethod: com.github.benmanes.caffeine.cache.BoundedLocalCache.compute (0x000074dd2018b808) [0x000074dd2018b900, 0x000074dd2018cf40] Compiler: c1, Barriers: 1, Oops: 4, ImmediateOops: 4, NonImmediateOops: No
[2,726s][debug][gc,nmethod     ] Register NMethod: java.nio.HeapByteBuffer.<init> (0x000074dd2018cf88) [0x000074dd2018d080, 0x000074dd2018d208] Compiler: c1, Barriers: 0, Oops: 0, ImmediateOops: 0, NonImmediateOops: No
[2,726s][debug][gc,nmethod     ] Register NMethod: java.nio.HeapByteBuffer.slice (0x000074dd2018d288) [0x000074dd2018d380, 0x000074dd2018d9a8] Compiler: c1, Barriers: 2, Oops: 0, ImmediateOops: 0, NonImmediateOops: No
[2,728s][debug][gc,nmethod     ] Register NMethod: jdk.internal.misc.Unsafe.setMemory0 (0x000074dd3ee72b08) [0x000074dd3ee72c00, 0x000074dd3ee72d58] Compiler: , Barriers: 0, Oops: 0, ImmediateOops: 0, NonImmediateOops: No
[2,729s][debug][gc,nmethod     ] Register NMethod: com.sun.org.apache.xerces.internal.util.PropertyState.isExceptional (0x000074dd2018da08) [0x000074dd2018db00, 0x000074dd2018de18] Compiler: c1, Barriers: 1, Oops: 0, ImmediateOops: 0, NonImmediateOops: No
[2,729s][debug][gc,nmethod     ] Register NMethod: jdk.xml.internal.XMLSecurityManager$Limit.is (0x000074dd2018de88) [0x000074dd2018df80, 0x000074dd2018e590] Compiler: c1, Barriers: 2, Oops: 0, ImmediateOops: 0, NonImmediateOops: No
[2,729s][debug][gc,director    ] Rule Major: Warmup 10%, Used: 646MB, UsedThreshold: 1228MB
[2,729s][debug][gc,director    ] Rule Minor: High Usage, Free: 11600MB(94,4%)
[2,730s][debug][gc,nmethod     ] Register NMethod: com.github.benmanes.caffeine.cache.BoundedLocalCache.requireIsAlive (0x000074dd2018e608) [0x000074dd2018e700, 0x000074dd201901c0] Compiler: c1, Barriers: 1, Oops: 7, ImmediateOops: 10, NonImmediateOops: No
[2,731s][debug][gc,nmethod     ] Register NMethod: it.unimi.dsi.fastutil.HashCommon.arraySize (0x000074dd20190208) [0x000074dd20190300, 0x000074dd201918a0] Compiler: c1, Barriers: 0, Oops: 4, ImmediateOops: 4, NonImmediateOops: No
[2,731s][debug][gc,nmethod     ] Register NMethod: java.util.concurrent.locks.ReentrantLock.unlock (0x000074dd20191908) [0x000074dd20191a00, 0x000074dd20192018] Compiler: c1, Barriers: 2, Oops: 0, ImmediateOops: 0, NonImmediateOops: No
[2,731s][debug][gc,nmethod     ] Register NMethod: io.sirix.service.xml.shredder.AbstractShredder.processStartTag (0x000074dd20192088) [0x000074dd20192180, 0x000074dd20197e98] Compiler: c1, Barriers: 27, Oops: 1, ImmediateOops: 11, NonImmediateOops: No
[2,732s][debug][gc,nmethod     ] Register NMethod: io.sirix.page.KeyValueLeafPage.addReferences (0x000074dd3ee72e08) [0x000074dd3ee72f00, 0x000074dd3ee76eb8] Compiler: jvmci, Barriers: 49, Oops: 5, ImmediateOops: 3, NonImmediateOops: No
[2,734s][debug][gc,alloc       ] Mutator Allocation Rate: 398,7MB/s Predicted: 462,2MB/s, Avg: 392,3(+/-94,7)MB/s
[2,735s][debug][gc,director    ] Rule Major: Warmup 10%, Used: 648MB, UsedThreshold: 1228MB
[2,735s][debug][gc,director    ] Rule Minor: High Usage, Free: 11598MB(94,4%)
[2,735s][debug][gc,nmethod     ] Register NMethod: java.util.HashMap$HashIterator.hasNext (0x000074dd3ee76f08) [0x000074dd3ee77000, 0x000074dd3ee770b8] Compiler: jvmci, Barriers: 1, Oops: 0, ImmediateOops: 0, NonImmediateOops: No
[2,737s][debug][gc,nmethod     ] Register NMethod: jdk.internal.util.ArraysSupport.mismatch (0x000074dd3ee77208) [0x000074dd3ee77300, 0x000074dd3ee775a8] Compiler: jvmci, Barriers: 0, Oops: 0, ImmediateOops: 0, NonImmediateOops: No
[2,738s][debug][gc,nmethod     ] Register NMethod: java.lang.String.compareTo (0x000074dd3ee77608) [0x000074dd3ee77700, 0x000074dd3ee778b8] Compiler: jvmci, Barriers: 2, Oops: 0, ImmediateOops: 0, NonImmediateOops: No
[2,739s][debug][gc,nmethod     ] Register NMethod: java.lang.StringLatin1.compareTo (0x000074dd3ee77908) [0x000074dd3ee77a00, 0x000074dd3ee77c50] Compiler: jvmci, Barriers: 0, Oops: 0, ImmediateOops: 0, NonImmediateOops: No
[2,739s][debug][gc,nmethod     ] Register NMethod: io.sirix.page.PageReference.setLogKey (0x000074dd20197f08) [0x000074dd20198000, 0x000074dd20198110] Compiler: c1, Barriers: 0, Oops: 1, ImmediateOops: 0, NonImmediateOops: No
[2,739s][debug][gc,nmethod     ] Register NMethod: io.sirix.access.trx.node.AbstractNodeReadOnlyTrx.getNodeKey (0x000074dd3ee77c88) [0x000074dd3ee77d80, 0x000074dd3ee77ef8] Compiler: jvmci, Barriers: 1, Oops: 1, ImmediateOops: 0, NonImmediateOops: No
[2,741s][debug][gc,nmethod     ] Register NMethod: com.sun.org.apache.xerces.internal.impl.XMLDocumentFragmentScannerImpl.scanDocument (0x000074dd3ee77f88) [0x000074dd3ee78080, 0x000074dd3ee88220] Compiler: jvmci, Barriers: 397, Oops: 6, ImmediateOops: 11, NonImmediateOops: No
[2,741s][debug][gc,nmethod     ] Register NMethod: java.lang.StringLatin1.compareTo (0x000074dd3ee88288) [0x000074dd3ee88380, 0x000074dd3ee88620] Compiler: jvmci, Barriers: 0, Oops: 0, ImmediateOops: 0, NonImmediateOops: No
[2,743s][debug][gc,nmethod     ] Register NMethod: java.util.HashMap.put (0x000074dd3ee88688) [0x000074dd3ee887a0, 0x000074dd3ee897b0] Compiler: jvmci, Barriers: 36, Oops: 0, ImmediateOops: 0, NonImmediateOops: No
[2,745s][debug][gc,director    ] Rule Major: Warmup 10%, Used: 656MB, UsedThreshold: 1228MB
[2,745s][debug][gc,director    ] Rule Minor: High Usage, Free: 11590MB(94,3%)
[2,747s][debug][gc,nmethod     ] Register NMethod: java.util.HashMap.putVal (0x000074dd3ee89808) [0x000074dd3ee89900, 0x000074dd3ee8a650] Compiler: jvmci, Barriers: 32, Oops: 0, ImmediateOops: 0, NonImmediateOops: No
[2,748s][debug][gc,nmethod     ] Register NMethod: com.sun.org.apache.xerces.internal.xni.XMLString.append (0x000074dd3ee8a688) [0x000074dd3ee8a780, 0x000074dd3ee8adf0] Compiler: jvmci, Barriers: 4, Oops: 0, ImmediateOops: 0, NonImmediateOops: No
[2,749s][debug][gc,nmethod     ] Register NMethod: io.sirix.access.trx.page.NodePageReadOnlyTrx.getPathSummaryPage (0x000074dd3ee8ae08) [0x000074dd3ee8af00, 0x000074dd3ee8c100] Compiler: jvmci, Barriers: 34, Oops: 2, ImmediateOops: 0, NonImmediateOops: No
[2,749s][debug][gc,nmethod     ] Register NMethod: com.sun.org.apache.xerces.internal.impl.XMLEntityScanner.skipString (0x000074dd20198208) [0x000074dd20198300, 0x000074dd20199420] Compiler: c1, Barriers: 6, Oops: 1, ImmediateOops: 2, NonImmediateOops: No
[2,751s][debug][gc,nmethod     ] Register NMethod: com.sun.org.apache.xerces.internal.util.XMLAttributesImpl.getQName (0x000074dd3ee8c188) [0x000074dd3ee8c280, 0x000074dd3ee8c4a8] Compiler: jvmci, Barriers: 4, Oops: 0, ImmediateOops: 0, NonImmediateOops: No
[2,751s][debug][gc,nmethod     ] Register NMethod: com.sun.org.apache.xerces.internal.parsers.AbstractSAXParser$AttributesProxy.getQName (0x000074dd3ee8c508) [0x000074dd3ee8c600, 0x000074dd3ee8c898] Compiler: jvmci, Barriers: 5, Oops: 0, ImmediateOops: 0, NonImmediateOops: No
[2,753s][debug][gc,nmethod     ] Register NMethod: sun.nio.cs.StreamDecoder.inReady (0x000074dd20199488) [0x000074dd20199580, 0x000074dd20199be8] Compiler: c1, Barriers: 2, Oops: 0, ImmediateOops: 0, NonImmediateOops: No
[2,754s][debug][gc,nmethod     ] Register NMethod: io.sirix.cache.RecordPageFragmentCache.remove (0x000074dd20199c08) [0x000074dd20199d00, 0x000074dd2019a040] Compiler: c1, Barriers: 1, Oops: 1, ImmediateOops: 0, NonImmediateOops: No
[2,754s][debug][gc,nmethod     ] Register NMethod: io.sirix.cache.RecordPageFragmentCache.remove (0x000074dd2019a088) [0x000074dd2019a180, 0x000074dd2019a8e0] Compiler: c1, Barriers: 1, Oops: 1, ImmediateOops: 0, NonImmediateOops: No
[2,755s][debug][gc,director    ] Rule Major: Warmup 10%, Used: 664MB, UsedThreshold: 1228MB
[2,755s][debug][gc,director    ] Rule Minor: High Usage, Free: 11582MB(94,3%)
[2,755s][debug][gc,nmethod     ] Register NMethod: com.sun.org.apache.xerces.internal.parsers.AbstractSAXParser$AttributesProxy.getValue (0x000074dd3ee8c908) [0x000074dd3ee8ca00, 0x000074dd3ee8d370] Compiler: jvmci, Barriers: 16, Oops: 1, ImmediateOops: 0, NonImmediateOops: No
[2,759s][debug][gc,nmethod     ] Register NMethod: java.util.concurrent.locks.ReentrantLock.unlock (0x000074dd3ee8d388) [0x000074dd3ee8d480, 0x000074dd3ee8d808] Compiler: jvmci, Barriers: 8, Oops: 1, ImmediateOops: 0, NonImmediateOops: No
[2,765s][debug][gc,director    ] Rule Major: Warmup 10%, Used: 672MB, UsedThreshold: 1228MB
[2,765s][debug][gc,director    ] Rule Minor: High Usage, Free: 11574MB(94,2%)
[2,775s][debug][gc,director    ] Rule Major: Warmup 10%, Used: 682MB, UsedThreshold: 1228MB
[2,775s][debug][gc,director    ] Rule Minor: High Usage, Free: 11564MB(94,1%)
[2,775s][debug][gc,nmethod     ] Register NMethod: io.sirix.node.delegates.StructNodeDelegate.incrementChildCount (0x000074dd3ee8d888) [0x000074dd3ee8d980, 0x000074dd3ee8da08] Compiler: jvmci, Barriers: 0, Oops: 1, ImmediateOops: 0, NonImmediateOops: No
[2,775s][debug][gc,nmethod     ] Register NMethod: io.sirix.service.xml.shredder.AbstractShredder.processStartTag (0x000074dd3ee8db88) [0x000074dd3ee8dc80, 0x000074dd3ee8eba8] Compiler: jvmci, Barriers: 15, Oops: 1, ImmediateOops: 2, NonImmediateOops: No
[2,777s][debug][gc,nmethod     ] Register NMethod: com.sun.org.apache.xerces.internal.impl.XMLEntityScanner.skipString (0x000074dd3ee8ec08) [0x000074dd3ee8ed00, 0x000074dd3ee8f968] Compiler: jvmci, Barriers: 9, Oops: 0, ImmediateOops: 0, NonImmediateOops: No
[2,785s][debug][gc,director    ] Rule Major: Warmup 10%, Used: 694MB, UsedThreshold: 1228MB
[2,785s][debug][gc,director    ] Rule Minor: High Usage, Free: 11552MB(94,0%)
[2,790s][debug][gc,nmethod     ] Register NMethod: io.sirix.cache.PageCache.remove (0x000074dd2019a908) [0x000074dd2019aa00, 0x000074dd2019ad40] Compiler: c1, Barriers: 1, Oops: 1, ImmediateOops: 0, NonImmediateOops: No
[2,795s][debug][gc,director    ] Rule Major: Warmup 10%, Used: 704MB, UsedThreshold: 1228MB
[2,796s][debug][gc,director    ] Rule Minor: High Usage, Free: 11542MB(93,9%)
[2,799s][debug][gc,nmethod     ] Register NMethod: io.sirix.page.PageKind$1.serializePage (0x000074dd3ee8f988) [0x000074dd3ee8fa80, 0x000074dd3ee94100] Compiler: jvmci, Barriers: 96, Oops: 17, ImmediateOops: 10, NonImmediateOops: No
[2,799s][debug][gc,nmethod     ] Register NMethod: io.sirix.cache.PageContainer.<init> (0x000074dd2019ad88) [0x000074dd2019ae80, 0x000074dd2019b0c8] Compiler: c1, Barriers: 6, Oops: 1, ImmediateOops: 0, NonImmediateOops: No
[2,801s][debug][gc,nmethod     ] Register NMethod: io.sirix.cache.RecordPageCache.remove (0x000074dd2019b108) [0x000074dd2019b200, 0x000074dd2019b960] Compiler: c1, Barriers: 1, Oops: 1, ImmediateOops: 0, NonImmediateOops: No
[2,801s][debug][gc,nmethod     ] Register NMethod: io.sirix.cache.PageCache.remove (0x000074dd2019b988) [0x000074dd2019ba80, 0x000074dd2019c1e0] Compiler: c1, Barriers: 1, Oops: 1, ImmediateOops: 0, NonImmediateOops: No
[2,801s][debug][gc,nmethod     ] Register NMethod: io.sirix.cache.PageContainer.getInstance (0x000074dd2019c208) [0x000074dd2019c300, 0x000074dd2019c800] Compiler: c1, Barriers: 6, Oops: 1, ImmediateOops: 0, NonImmediateOops: No
[2,801s][debug][gc,nmethod     ] Register NMethod: io.sirix.cache.RecordPageCache.remove (0x000074dd2019c888) [0x000074dd2019c980, 0x000074dd2019ccc0] Compiler: c1, Barriers: 1, Oops: 1, ImmediateOops: 0, NonImmediateOops: No
[2,801s][debug][gc,nmethod     ] Register NMethod: io.sirix.cache.TransactionIntentLog.put (0x000074dd2019cd08) [0x000074dd2019ce00, 0x000074dd201a0408] Compiler: c1, Barriers: 17, Oops: 1, ImmediateOops: 0, NonImmediateOops: No
[2,806s][debug][gc,director    ] Rule Major: Warmup 10%, Used: 716MB, UsedThreshold: 1228MB
[2,806s][debug][gc,director    ] Rule Minor: High Usage, Free: 11530MB(93,8%)
[2,813s][debug][gc,nmethod     ] Register NMethod: sun.security.provider.DigestBase.engineUpdate (0x000074dd201a0488) [0x000074dd201a0580, 0x000074dd201a1428] Compiler: c1, Barriers: 4, Oops: 1, ImmediateOops: 1, NonImmediateOops: No
[2,813s][debug][gc,nmethod     ] Register NMethod: io.sirix.node.HashCountEntryNode.getKind (0x000074dd201a1488) [0x000074dd201a1580, 0x000074dd201a1688] Compiler: c1, Barriers: 0, Oops: 1, ImmediateOops: 1, NonImmediateOops: No
[2,813s][debug][gc,nmethod     ] Register NMethod: io.sirix.node.NodeKind$32.serialize (0x000074dd201a1788) [0x000074dd201a1880, 0x000074dd201a1e80] Compiler: c1, Barriers: 1, Oops: 1, ImmediateOops: 0, NonImmediateOops: No
[2,813s][debug][gc,nmethod     ] Register NMethod: io.sirix.node.MemorySegmentBytesOut.writeUtf8 (0x000074dd201a1f08) [0x000074dd201a2000, 0x000074dd201a2980] Compiler: c1, Barriers: 4, Oops: 2, ImmediateOops: 1, NonImmediateOops: No
[2,814s][debug][gc,nmethod     ] Register NMethod: io.sirix.node.HashCountEntryNode.getKind (0x000074dd201a2a08) [0x000074dd201a2b00, 0x000074dd201a2e20] Compiler: c1, Barriers: 0, Oops: 1, ImmediateOops: 1, NonImmediateOops: No
[2,814s][debug][gc,nmethod     ] Register NMethod: io.sirix.node.NodeKind$31.serialize (0x000074dd201a2e88) [0x000074dd201a2f80, 0x000074dd201a3810] Compiler: c1, Barriers: 2, Oops: 1, ImmediateOops: 0, NonImmediateOops: No
[2,815s][debug][gc,nmethod     ] Register NMethod: io.sirix.node.MemorySegmentBytesIn.toByteArray (0x000074dd201a3888) [0x000074dd201a3980, 0x000074dd201aa7d0] Compiler: c1, Barriers: 7, Oops: 9, ImmediateOops: 16, NonImmediateOops: No
[2,815s][debug][gc,alloc       ] Mutator Allocation Rate: 433,7MB/s Predicted: 465,5MB/s, Avg: 397,5(+/-89,7)MB/s
[2,816s][debug][gc,director    ] Rule Major: Warmup 10%, Used: 746MB, UsedThreshold: 1228MB
[2,816s][debug][gc,director    ] Rule Minor: High Usage, Free: 11500MB(93,6%)
[2,817s][debug][gc,nmethod     ] Register NMethod: java.nio.HeapByteBuffer.put (0x000074dd201aa888) [0x000074dd201aa980, 0x000074dd201aae28] Compiler: c1, Barriers: 1, Oops: 0, ImmediateOops: 0, NonImmediateOops: No
[2,817s][debug][gc,nmethod     ] Register NMethod: jdk.internal.foreign.abi.SharedUtils.checkNative (0x000074dd201aae88) [0x000074dd201aaf80, 0x000074dd201ac320] Compiler: c1, Barriers: 0, Oops: 1, ImmediateOops: 3, NonImmediateOops: No
[2,818s][debug][gc,nmethod     ] Register NMethod: net.jpountz.lz4.LZ4BlockOutputStream.flushBufferedData (0x000074dd201ac388) [0x000074dd201ac480, 0x000074dd201ad520] Compiler: c1, Barriers: 14, Oops: 1, ImmediateOops: 0, NonImmediateOops: No
[2,818s][debug][gc,nmethod     ] Register NMethod: sun.security.provider.DigestBase.implCompressMultiBlock0 (0x000074dd3ee94208) [0x000074dd3ee94300, 0x000074dd3ee944e0] Compiler: jvmci, Barriers: 1, Oops: 0, ImmediateOops: 0, NonImmediateOops: No
[2,818s][debug][gc,nmethod     ] Register NMethod: io.sirix.node.Bytes.elasticOffHeapByteBuffer (0x000074dd201ad588) [0x000074dd201ad680, 0x000074dd201ae488] Compiler: c1, Barriers: 9, Oops: 2, ImmediateOops: 1, NonImmediateOops: No
[2,820s][debug][gc,nmethod     ] Register NMethod: io.sirix.node.xml.AttributeNode.getKind (0x000074dd3ee94508) [0x000074dd3ee94600, 0x000074dd3ee94690] Compiler: jvmci, Barriers: 0, Oops: 1, ImmediateOops: 1, NonImmediateOops: No
[2,824s][debug][gc,nmethod     ] Register NMethod: java.util.concurrent.ConcurrentHashMap$Traverser.<init> (0x000074dd201ae508) [0x000074dd201ae600, 0x000074dd201ae860] Compiler: c1, Barriers: 6, Oops: 0, ImmediateOops: 0, NonImmediateOops: No
[2,824s][debug][gc,nmethod     ] Register NMethod: java.lang.foreign.MemorySegment.copy (0x000074dd3ee94808) [0x000074dd3ee94900, 0x000074dd3ee95340] Compiler: jvmci, Barriers: 7, Oops: 1, ImmediateOops: 0, NonImmediateOops: No
[2,825s][debug][gc,nmethod     ] Register NMethod: sun.nio.ch.IOStatus.normalize (0x000074dd201ae888) [0x000074dd201ae980, 0x000074dd201aeac0] Compiler: c1, Barriers: 0, Oops: 0, ImmediateOops: 0, NonImmediateOops: No
[2,825s][debug][gc,nmethod     ] Register NMethod: jdk.internal.foreign.MemorySessionImpl$ResourceList.cleanup (0x000074dd3ee95388) [0x000074dd3ee95480, 0x000074dd3ee95c40] Compiler: jvmci, Barriers: 7, Oops: 1, ImmediateOops: 2, NonImmediateOops: No
[2,825s][debug][gc,nmethod     ] Register NMethod: io.sirix.node.xml.ElementNode.getAttributeKey (0x000074dd3ee95c88) [0x000074dd3ee95d80, 0x000074dd3ee95f20] Compiler: jvmci, Barriers: 2, Oops: 1, ImmediateOops: 0, NonImmediateOops: No
[2,825s][debug][gc,nmethod     ] Register NMethod: sun.nio.ch.FileChannelImpl.size (0x000074dd201aeb88) [0x000074dd201aec80, 0x000074dd201b0a28] Compiler: c1, Barriers: 6, Oops: 0, ImmediateOops: 1, NonImmediateOops: No
[2,826s][debug][gc,director    ] Rule Major: Warmup 10%, Used: 774MB, UsedThreshold: 1228MB
[2,826s][debug][gc,director    ] Rule Minor: High Usage, Free: 11472MB(93,4%)
[2,827s][debug][gc,nmethod     ] Register NMethod: io.sirix.page.SerializationType.serializeBitSet (0x000074dd201b0a88) [0x000074dd201b0b80, 0x000074dd201b0f48] Compiler: c1, Barriers: 2, Oops: 1, ImmediateOops: 0, NonImmediateOops: No
[2,827s][debug][gc,nmethod     ] Register NMethod: io.sirix.page.delegates.ReferencesPage4.getReferences (0x000074dd3ee95f88) [0x000074dd3ee96080, 0x000074dd3ee96168] Compiler: c1, Barriers: 1, Oops: 1, ImmediateOops: 0, NonImmediateOops: No
[2,827s][debug][gc,nmethod     ] Register NMethod: com.github.benmanes.caffeine.cache.UnboundedLocalCache$UnboundedLocalAsyncCache.cache (0x000074dd3ee96288) [0x000074dd3ee96380, 0x000074dd3ee96468] Compiler: c1, Barriers: 1, Oops: 1, ImmediateOops: 0, NonImmediateOops: No
[2,827s][debug][gc,nmethod     ] Register NMethod: java.security.MessageDigest$Delegate.engineDigest (0x000074dd201b0f88) [0x000074dd201b1080, 0x000074dd201b13c0] Compiler: c1, Barriers: 1, Oops: 0, ImmediateOops: 0, NonImmediateOops: No
[2,827s][debug][gc,nmethod     ] Register NMethod: java.security.MessageDigest.digest (0x000074dd201b1408) [0x000074dd201b1500, 0x000074dd201b1a68] Compiler: c1, Barriers: 1, Oops: 0, ImmediateOops: 0, NonImmediateOops: No
[2,828s][debug][gc,nmethod     ] Register NMethod: sun.security.provider.DigestBase.engineDigest (0x000074dd201b1a88) [0x000074dd201b1b80, 0x000074dd201b1fc8] Compiler: c1, Barriers: 0, Oops: 0, ImmediateOops: 1, NonImmediateOops: No
[2,828s][debug][gc,nmethod     ] Register NMethod: sun.security.provider.ByteArrayAccess.i2bBig (0x000074dd201b2008) [0x000074dd201b2100, 0x000074dd201b2d60] Compiler: c1, Barriers: 0, Oops: 5, ImmediateOops: 5, NonImmediateOops: No
[2,828s][debug][gc,nmethod     ] Register NMethod: java.lang.Integer.numberOfLeadingZeros (0x000074dd3ee96588) [0x000074dd3ee96680, 0x000074dd3ee96780] Compiler: jvmci, Barriers: 0, Oops: 0, ImmediateOops: 0, NonImmediateOops: No
[2,828s][debug][gc,nmethod     ] Register NMethod: sun.security.provider.DigestBase.engineDigest (0x000074dd201b2e08) [0x000074dd201b2f00, 0x000074dd201b4ba0] Compiler: c1, Barriers: 2, Oops: 3, ImmediateOops: 5, NonImmediateOops: No
[2,829s][debug][gc,nmethod     ] Register NMethod: java.nio.DirectByteBuffer.attachment (0x000074dd3ee96888) [0x000074dd3ee96980, 0x000074dd3ee96a68] Compiler: c1, Barriers: 1, Oops: 0, ImmediateOops: 0, NonImmediateOops: No
[2,829s][debug][gc,nmethod     ] Register NMethod: java.lang.ThreadLocal.get (0x000074dd201b4c08) [0x000074dd201b4d00, 0x000074dd201b4e80] Compiler: c1, Barriers: 1, Oops: 0, ImmediateOops: 0, NonImmediateOops: No
[2,831s][debug][gc,nmethod     ] Register NMethod: io.sirix.access.ResourceConfiguration.getDatabaseId (0x000074dd201b4f08) [0x000074dd201b5000, 0x000074dd201b5358] Compiler: c1, Barriers: 1, Oops: 1, ImmediateOops: 0, NonImmediateOops: No
[2,831s][debug][gc,nmethod     ] Register NMethod: java.util.concurrent.ForkJoinTask.setNoUserHelp (0x000074dd201b5388) [0x000074dd201b5480, 0x000074dd201b5590] Compiler: c1, Barriers: 0, Oops: 0, ImmediateOops: 0, NonImmediateOops: No
[2,833s][debug][gc,nmethod     ] Register NMethod: sun.nio.ch.IOUtil.read (0x000074dd201b5688) [0x000074dd201b5780, 0x000074dd201b6708] Compiler: c1, Barriers: 0, Oops: 0, ImmediateOops: 1, NonImmediateOops: No
[2,833s][debug][gc,nmethod     ] Register NMethod: com.github.benmanes.caffeine.cache.NodeFactory.newLookupKey (0x000074dd3ee96b88) [0x000074dd3ee96c80, 0x000074dd3ee96d08] Compiler: jvmci, Barriers: 0, Oops: 1, ImmediateOops: 0, NonImmediateOops: No
[2,833s][debug][gc,nmethod     ] Register NMethod: sun.nio.ch.IOUtil.readIntoNativeBuffer (0x000074dd201b6788) [0x000074dd201b6880, 0x000074dd201b8f38] Compiler: c1, Barriers: 4, Oops: 0, ImmediateOops: 4, NonImmediateOops: No
[2,833s][debug][gc,nmethod     ] Register NMethod: sun.nio.ch.IOUtil.read (0x000074dd201b8f88) [0x000074dd201b9080, 0x000074dd201b91a8] Compiler: c1, Barriers: 0, Oops: 0, ImmediateOops: 0, NonImmediateOops: No
[2,833s][debug][gc,nmethod     ] Register NMethod: java.nio.MappedByteBuffer.flip (0x000074dd201b9288) [0x000074dd201b9380, 0x000074dd201b9770] Compiler: c1, Barriers: 0, Oops: 0, ImmediateOops: 0, NonImmediateOops: No
[2,834s][debug][gc,nmethod     ] Register NMethod: com.github.benmanes.caffeine.cache.SSLMW.hitsInSample (0x000074dd3ee96e88) [0x000074dd3ee96f80, 0x000074dd3ee97040] Compiler: c1, Barriers: 0, Oops: 1, ImmediateOops: 0, NonImmediateOops: No
[2,834s][debug][gc,nmethod     ] Register NMethod: io.sirix.node.NodeKind$32.deserialize (0x000074dd201b9788) [0x000074dd201b9880, 0x000074dd201b9b30] Compiler: c1, Barriers: 0, Oops: 1, ImmediateOops: 0, NonImmediateOops: No
[2,834s][debug][gc,nmethod     ] Register NMethod: io.sirix.node.NodeKind$31.deserialize (0x000074dd201b9b88) [0x000074dd201b9c80, 0x000074dd201ba190] Compiler: c1, Barriers: 3, Oops: 1, ImmediateOops: 0, NonImmediateOops: No
[2,834s][debug][gc,nmethod     ] Register NMethod: com.github.benmanes.caffeine.cache.AccessOrderDeque.remove (0x000074dd201ba208) [0x000074dd201ba300, 0x000074dd201bad60] Compiler: c1, Barriers: 1, Oops: 1, ImmediateOops: 0, NonImmediateOops: No
[2,835s][debug][gc,nmethod     ] Register NMethod: java.util.ArrayList.<init> (0x000074dd201bad88) [0x000074dd201bae80, 0x000074dd201bb750] Compiler: c1, Barriers: 9, Oops: 0, ImmediateOops: 3, NonImmediateOops: No
[2,836s][debug][gc,nmethod     ] Register NMethod: java.io.ByteArrayInputStream.<init> (0x000074dd201bb788) [0x000074dd201bb880, 0x000074dd201bbac8] Compiler: c1, Barriers: 3, Oops: 0, ImmediateOops: 0, NonImmediateOops: No
[2,836s][debug][gc,nmethod     ] Register NMethod: com.github.benmanes.caffeine.cache.AbstractLinkedDeque.offerLast (0x000074dd201bbb08) [0x000074dd201bbc00, 0x000074dd201bc678] Compiler: c1, Barriers: 0, Oops: 1, ImmediateOops: 0, NonImmediateOops: No
[2,836s][debug][gc,nmethod     ] Register NMethod: io.sirix.page.KeyValueLeafPage.decrementPinCount (0x000074dd201bc688) [0x000074dd201bc780, 0x000074dd201bdb58] Compiler: c1, Barriers: 5, Oops: 1, ImmediateOops: 2, NonImmediateOops: No
[2,837s][debug][gc,director    ] Rule Major: Warmup 10%, Used: 778MB, UsedThreshold: 1228MB
[2,837s][debug][gc,director    ] Rule Minor: High Usage, Free: 11468MB(93,3%)
[2,837s][debug][gc,nmethod     ] Register NMethod: java.lang.Short.valueOf (0x000074dd3ee97188) [0x000074dd3ee97280, 0x000074dd3ee97360] Compiler: jvmci, Barriers: 1, Oops: 0, ImmediateOops: 1, NonImmediateOops: No
[2,837s][debug][gc,nmethod     ] Register NMethod: it.unimi.dsi.fastutil.shorts.ShortArrayList$1.nextShort (0x000074dd3ee97488) [0x000074dd3ee97580, 0x000074dd3ee97718] Compiler: jvmci, Barriers: 2, Oops: 1, ImmediateOops: 0, NonImmediateOops: No
[2,838s][debug][gc,nmethod     ] Register NMethod: java.text.StringBufFactory$StringBuilderImpl.append (0x000074dd201bdb88) [0x000074dd201bdc80, 0x000074dd201be020] Compiler: c1, Barriers: 1, Oops: 0, ImmediateOops: 0, NonImmediateOops: No
[2,838s][debug][gc,nmethod     ] Register NMethod: ch.qos.logback.classic.Logger.appendLoopOnAppenders (0x000074dd201be088) [0x000074dd201be180, 0x000074dd201be360] Compiler: c1, Barriers: 1, Oops: 1, ImmediateOops: 0, NonImmediateOops: No
[2,838s][debug][gc,nmethod     ] Register NMethod: java.lang.reflect.Constructor.newInstanceWithCaller (0x000074dd201be388) [0x000074dd201be480, 0x000074dd201bea98] Compiler: c1, Barriers: 2, Oops: 0, ImmediateOops: 0, NonImmediateOops: No
[2,839s][debug][gc,nmethod     ] Register NMethod: java.nio.file.Files.exists (0x000074dd201beb08) [0x000074dd201bec00, 0x000074dd201bf3c8] Compiler: c1, Barriers: 2, Oops: 0, ImmediateOops: 0, NonImmediateOops: No
[2,839s][debug][gc,nmethod     ] Register NMethod: com.esotericsoftware.kryo.io.Output.writeString (0x000074dd201bf408) [0x000074dd201bf500, 0x000074dd201bfdc0] Compiler: c1, Barriers: 1, Oops: 1, ImmediateOops: 0, NonImmediateOops: No
[2,839s][debug][gc,nmethod     ] Register NMethod: jdk.internal.reflect.DirectConstructorHandleAccessor.invokeImpl (0x000074dd201bfe08) [0x000074dd201bff00, 0x000074dd201c1d50] Compiler: c1, Barriers: 20, Oops: 3, ImmediateOops: 6, NonImmediateOops: No
[2,839s][debug][gc,nmethod     ] Register NMethod: java.lang.ThreadLocal$ThreadLocalMap.set (0x000074dd201c1d88) [0x000074dd201c1e80, 0x000074dd201c3300] Compiler: c1, Barriers: 12, Oops: 0, ImmediateOops: 0, NonImmediateOops: No
[2,839s][debug][gc,nmethod     ] Register NMethod: sun.nio.fs.UnixFileSystemProvider.exists (0x000074dd201c3308) [0x000074dd201c3400, 0x000074dd201c3c50] Compiler: c1, Barriers: 0, Oops: 0, ImmediateOops: 0, NonImmediateOops: No
[2,839s][debug][gc,nmethod     ] Register NMethod: sun.nio.fs.UnixNativeDispatcher.access (0x000074dd201c3c88) [0x000074dd201c3d80, 0x000074dd201c43a8] Compiler: c1, Barriers: 0, Oops: 0, ImmediateOops: 0, NonImmediateOops: No
[2,840s][debug][gc,nmethod     ] Register NMethod: jdk.internal.reflect.DirectConstructorHandleAccessor.newInstance (0x000074dd201c4408) [0x000074dd201c4500, 0x000074dd201c7b40] Compiler: c1, Barriers: 20, Oops: 5, ImmediateOops: 12, NonImmediateOops: No
[2,840s][debug][gc,nmethod     ] Register NMethod: java.util.Collections.emptySet (0x000074dd201c7b88) [0x000074dd201c7c80, 0x000074dd201c7d68] Compiler: c1, Barriers: 0, Oops: 0, ImmediateOops: 1, NonImmediateOops: No
[2,840s][debug][gc,nmethod     ] Register NMethod: java.io.FilterInputStream.close (0x000074dd201c7e88) [0x000074dd201c7f80, 0x000074dd201c82c0] Compiler: c1, Barriers: 1, Oops: 0, ImmediateOops: 0, NonImmediateOops: No
[2,840s][debug][gc,nmethod     ] Register NMethod: java.util.concurrent.locks.ReentrantLock$Sync.isHeldExclusively (0x000074dd201c8308) [0x000074dd201c8400, 0x000074dd201c8798] Compiler: c1, Barriers: 2, Oops: 0, ImmediateOops: 0, NonImmediateOops: No
[2,840s][debug][gc,nmethod     ] Register NMethod: java.util.ArrayList.clear (0x000074dd201c8808) [0x000074dd201c8900, 0x000074dd201c8db8] Compiler: c1, Barriers: 4, Oops: 0, ImmediateOops: 0, NonImmediateOops: No
[2,840s][debug][gc,nmethod     ] Register NMethod: java.util.concurrent.locks.ReentrantLock.lock (0x000074dd201c8e08) [0x000074dd201c8f00, 0x000074dd201c96d0] Compiler: c1, Barriers: 1, Oops: 0, ImmediateOops: 0, NonImmediateOops: No
[2,840s][debug][gc,nmethod     ] Register NMethod: io.sirix.page.delegates.BitmapReferencesPage.getReferences (0x000074dd3ee97788) [0x000074dd3ee97880, 0x000074dd3ee97968] Compiler: c1, Barriers: 1, Oops: 1, ImmediateOops: 0, NonImmediateOops: No
[2,840s][debug][gc,nmethod     ] Register NMethod: io.sirix.BinaryEncodingVersion.values (0x000074dd201c9708) [0x000074dd201c9800, 0x000074dd201c9ce0] Compiler: c1, Barriers: 0, Oops: 1, ImmediateOops: 1, NonImmediateOops: No
[2,840s][debug][gc,nmethod     ] Register NMethod: org.gradle.internal.io.StreamByteBuffer.prepareRead (0x000074dd201c9d08) [0x000074dd201c9e00, 0x000074dd201ca980] Compiler: c1, Barriers: 10, Oops: 1, ImmediateOops: 0, NonImmediateOops: No
[2,840s][debug][gc,nmethod     ] Register NMethod: java.io.ByteArrayInputStream.close (0x000074dd201caa08) [0x000074dd201cab00, 0x000074dd201cac00] Compiler: c1, Barriers: 0, Oops: 0, ImmediateOops: 0, NonImmediateOops: No
[2,840s][debug][gc,nmethod     ] Register NMethod: com.esotericsoftware.kryo.io.Output.writeVarInt (0x000074dd201cad08) [0x000074dd201cae00, 0x000074dd201cb668] Compiler: c1, Barriers: 5, Oops: 1, ImmediateOops: 0, NonImmediateOops: No
[2,840s][debug][gc,nmethod     ] Register NMethod: io.sirix.io.bytepipe.ByteHandlerPipeline.deserialize (0x000074dd201cb688) [0x000074dd201cb780, 0x000074dd201cc3a0] Compiler: c1, Barriers: 1, Oops: 1, ImmediateOops: 0, NonImmediateOops: No
[2,841s][debug][gc,nmethod     ] Register NMethod: sun.nio.ch.UnixFileDispatcherImpl.allocationGranularity0 (0x000074dd3ee97a88) [0x000074dd3ee97b80, 0x000074dd3ee97cd8] Compiler: , Barriers: 0, Oops: 0, ImmediateOops: 1, NonImmediateOops: No
[2,841s][debug][gc,nmethod     ] Register NMethod: sun.nio.ch.UnixFileDispatcherImpl.map0 (0x000074dd3ee97d88) [0x000074dd3ee97e80, 0x000074dd3ee97ff8] Compiler: , Barriers: 0, Oops: 0, ImmediateOops: 1, NonImmediateOops: No
[2,841s][debug][gc,nmethod     ] Register NMethod: io.sirix.io.bytepipe.LZ4Compressor.deserialize (0x000074dd201cc408) [0x000074dd201cc500, 0x000074dd201cf2f0] Compiler: c1, Barriers: 36, Oops: 5, ImmediateOops: 38, NonImmediateOops: No
[2,841s][debug][gc,nmethod     ] Register NMethod: net.jpountz.lz4.LZ4BlockInputStream.<init> (0x000074dd201cf388) [0x000074dd201cf480, 0x000074dd201cfa20] Compiler: c1, Barriers: 15, Oops: 1, ImmediateOops: 0, NonImmediateOops: No
[2,841s][debug][gc,nmethod     ] Register NMethod: java.io.InputStream.readAllBytes (0x000074dd201cfa88) [0x000074dd201cfb80, 0x000074dd201cfe88] Compiler: c1, Barriers: 0, Oops: 0, ImmediateOops: 0, NonImmediateOops: No
[2,841s][debug][gc,nmethod     ] Register NMethod: io.sirix.io.AbstractReader.deserialize (0x000074dd201cff08) [0x000074dd201d0000, 0x000074dd201d2f18] Compiler: c1, Barriers: 15, Oops: 2, ImmediateOops: 2, NonImmediateOops: No
[2,841s][debug][gc,nmethod     ] Register NMethod: java.io.InputStream.readNBytes (0x000074dd201d2f88) [0x000074dd201d3080, 0x000074dd201d5128] Compiler: c1, Barriers: 6, Oops: 1, ImmediateOops: 5, NonImmediateOops: No
[2,841s][debug][gc,nmethod     ] Register NMethod: net.jpountz.lz4.LZ4BlockInputStream.<init> (0x000074dd201d5188) [0x000074dd201d5280, 0x000074dd201d7fa8] Compiler: c1, Barriers: 36, Oops: 5, ImmediateOops: 38, NonImmediateOops: No
[2,842s][debug][gc,nmethod     ] Register NMethod: net.jpountz.lz4.LZ4BlockInputStream.<init> (0x000074dd201d8008) [0x000074dd201d8100, 0x000074dd201db488] Compiler: c1, Barriers: 39, Oops: 5, ImmediateOops: 38, NonImmediateOops: No
[2,842s][debug][gc,nmethod     ] Register NMethod: java.util.Collections.emptyIterator (0x000074dd201db508) [0x000074dd201db600, 0x000074dd201db6e8] Compiler: c1, Barriers: 0, Oops: 0, ImmediateOops: 1, NonImmediateOops: No
[2,842s][debug][gc,nmethod     ] Register NMethod: io.sirix.page.PagePersister.deserializePage (0x000074dd201db808) [0x000074dd201db900, 0x000074dd201dc558] Compiler: c1, Barriers: 2, Oops: 2, ImmediateOops: 2, NonImmediateOops: No
[2,842s][debug][gc,nmethod     ] Register NMethod: java.lang.invoke.DirectMethodHandle$Holder.fieldAccess (0x000074dd201dc588) [0x000074dd201dc680, 0x000074dd201dcb78] Compiler: c1, Barriers: 0, Oops: 0, ImmediateOops: 0, NonImmediateOops: No
[2,842s][debug][gc,nmethod     ] Register NMethod: sun.nio.fs.UnixFileAttributes.size (0x000074dd3ee98088) [0x000074dd3ee98180, 0x000074dd3ee98240] Compiler: c1, Barriers: 0, Oops: 0, ImmediateOops: 0, NonImmediateOops: No
[2,842s][debug][gc,nmethod     ] Register NMethod: it.unimi.dsi.fastutil.shorts.ShortArrayList.grow (0x000074dd201dcb88) [0x000074dd201dcc80, 0x000074dd201dd2c8] Compiler: c1, Barriers: 8, Oops: 1, ImmediateOops: 0, NonImmediateOops: No
[2,842s][debug][gc,nmethod     ] Register NMethod: com.github.benmanes.caffeine.cache.LocalCache$$Lambda/0x00000000692a5c88.<init> (0x000074dd201dd308) [0x000074dd201dd400, 0x000074dd201dd658] Compiler: c1, Barriers: 6, Oops: 1, ImmediateOops: 0, NonImmediateOops: No
[2,842s][debug][gc,nmethod     ] Register NMethod: com.github.benmanes.caffeine.cache.BoundedLocalCache.expireAfterUpdate (0x000074dd201dd688) [0x000074dd201dd780, 0x000074dd201ddab0] Compiler: c1, Barriers: 0, Oops: 1, ImmediateOops: 0, NonImmediateOops: No
[2,842s][debug][gc,nmethod     ] Register NMethod: jdk.internal.foreign.ArenaImpl.scope (0x000074dd3ee98388) [0x000074dd3ee98480, 0x000074dd3ee98568] Compiler: c1, Barriers: 1, Oops: 0, ImmediateOops: 0, NonImmediateOops: No
[2,842s][debug][gc,nmethod     ] Register NMethod: io.sirix.page.PageKind.getKind (0x000074dd201ddb08) [0x000074dd201ddc00, 0x000074dd201de540] Compiler: c1, Barriers: 2, Oops: 2, ImmediateOops: 2, NonImmediateOops: No
[2,842s][debug][gc,nmethod     ] Register NMethod: com.github.benmanes.caffeine.cache.BoundedLocalCache.notifyRemoval (0x000074dd201de588) [0x000074dd201de680, 0x000074dd201df5b8] Compiler: c1, Barriers: 14, Oops: 4, ImmediateOops: 4, NonImmediateOops: No
[2,842s][debug][gc,nmethod     ] Register NMethod: com.github.benmanes.caffeine.cache.LocalCache$$Lambda/0x00000000692a5c88.apply (0x000074dd201df608) [0x000074dd201df700, 0x000074dd201dfad8] Compiler: c1, Barriers: 2, Oops: 1, ImmediateOops: 0, NonImmediateOops: No
[2,842s][debug][gc,nmethod     ] Register NMethod: java.util.concurrent.atomic.LongAdder.increment (0x000074dd201dfb08) [0x000074dd201dfc00, 0x000074dd201dfd48] Compiler: c1, Barriers: 0, Oops: 0, ImmediateOops: 0, NonImmediateOops: No
[2,842s][debug][gc,nmethod     ] Register NMethod: java.util.concurrent.ForkJoinTask$RunnableExecuteAction.compute (0x000074dd201dfe08) [0x000074dd201dff00, 0x000074dd201e0460] Compiler: c1, Barriers: 1, Oops: 0, ImmediateOops: 0, NonImmediateOops: No
[2,842s][debug][gc,nmethod     ] Register NMethod: it.unimi.dsi.fastutil.shorts.ShortArrayList.add (0x000074dd201e0488) [0x000074dd201e0580, 0x000074dd201e0858] Compiler: c1, Barriers: 1, Oops: 1, ImmediateOops: 0, NonImmediateOops: No
[2,842s][debug][gc,nmethod     ] Register NMethod: com.github.benmanes.caffeine.cache.LocalCache.lambda$statsAware$3 (0x000074dd201e0888) [0x000074dd201e0980, 0x000074dd201e2630] Compiler: c1, Barriers: 0, Oops: 1, ImmediateOops: 0, NonImmediateOops: No
[2,843s][debug][gc,nmethod     ] Register NMethod: java.nio.HeapByteBuffer.get (0x000074dd201e2688) [0x000074dd201e2780, 0x000074dd201e2c38] Compiler: c1, Barriers: 1, Oops: 0, ImmediateOops: 0, NonImmediateOops: No
[2,843s][debug][gc,nmethod     ] Register NMethod: java.util.concurrent.ForkJoinTask$RunnableExecuteAction.setRawResult (0x000074dd201e2c88) [0x000074dd201e2d80, 0x000074dd201e2e80] Compiler: c1, Barriers: 0, Oops: 0, ImmediateOops: 0, NonImmediateOops: No
[2,843s][debug][gc,nmethod     ] Register NMethod: java.util.concurrent.ForkJoinTask$RunnableExecuteAction.setRawResult (0x000074dd201e2f88) [0x000074dd201e3080, 0x000074dd201e3598] Compiler: c1, Barriers: 0, Oops: 0, ImmediateOops: 0, NonImmediateOops: No
[2,843s][debug][gc,nmethod     ] Register NMethod: java.util.concurrent.ForkJoinPool.poolIsStopping (0x000074dd201e3608) [0x000074dd201e3700, 0x000074dd201e3878] Compiler: c1, Barriers: 0, Oops: 0, ImmediateOops: 0, NonImmediateOops: No
[2,843s][debug][gc,nmethod     ] Register NMethod: java.util.concurrent.ForkJoinTask$RunnableExecuteAction.compute (0x000074dd201e3908) [0x000074dd201e3a00, 0x000074dd201e3d50] Compiler: c1, Barriers: 1, Oops: 0, ImmediateOops: 0, NonImmediateOops: No
[2,843s][debug][gc,nmethod     ] Register NMethod: sun.nio.ch.Util.isBufferTooLarge (0x000074dd201e3d88) [0x000074dd201e3e80, 0x000074dd201e3fc0] Compiler: c1, Barriers: 0, Oops: 0, ImmediateOops: 0, NonImmediateOops: No
[2,843s][debug][gc,nmethod     ] Register NMethod: io.brackit.query.compiler.parser.Tokenizer.laSymSkipWS (0x000074dd201e4088) [0x000074dd201e4180, 0x000074dd201e4370] Compiler: c1, Barriers: 0, Oops: 1, ImmediateOops: 0, NonImmediateOops: No
[2,843s][debug][gc,nmethod     ] Register NMethod: io.brackit.query.compiler.parser.Tokenizer$Token.<init> (0x000074dd201e4388) [0x000074dd201e4480, 0x000074dd201e4660] Compiler: c1, Barriers: 3, Oops: 1, ImmediateOops: 0, NonImmediateOops: No
[2,843s][debug][gc,nmethod     ] Register NMethod: java.util.concurrent.ForkJoinTask$InterruptibleTask.exec (0x000074dd201e4688) [0x000074dd201e4780, 0x000074dd201e6c98] Compiler: c1, Barriers: 13, Oops: 0, ImmediateOops: 0, NonImmediateOops: No
[2,844s][debug][gc,nmethod     ] Register NMethod: java.lang.invoke.VarHandleSegmentAsBytes.get (0x000074dd3ee98688) [0x000074dd3ee98780, 0x000074dd3ee98df0] Compiler: jvmci, Barriers: 4, Oops: 0, ImmediateOops: 0, NonImmediateOops: No
[2,845s][debug][gc,nmethod     ] Register NMethod: io.brackit.query.compiler.AST.getValue (0x000074dd3ee98e08) [0x000074dd3ee98f00, 0x000074dd3ee98fe8] Compiler: c1, Barriers: 1, Oops: 1, ImmediateOops: 0, NonImmediateOops: No
[2,845s][debug][gc,nmethod     ] Register NMethod: jdk.internal.foreign.AbstractMemorySegmentImpl.get (0x000074dd3ee99108) [0x000074dd3ee99200, 0x000074dd3ee999e8] Compiler: jvmci, Barriers: 17, Oops: 1, ImmediateOops: 4, NonImmediateOops: No
[2,846s][debug][gc,nmethod     ] Register NMethod: java.util.logging.Logger.isLoggable (0x000074dd201e6d08) [0x000074dd201e6e00, 0x000074dd201e71a0] Compiler: c1, Barriers: 1, Oops: 0, ImmediateOops: 0, NonImmediateOops: No
[2,846s][debug][gc,nmethod     ] Register NMethod: java.nio.Buffer.checkIndex (0x000074dd3ee99a08) [0x000074dd3ee99b00, 0x000074dd3ee99bc8] Compiler: jvmci, Barriers: 0, Oops: 0, ImmediateOops: 0, NonImmediateOops: No
[2,846s][debug][gc,nmethod     ] Register NMethod: io.brackit.query.util.log.UtilLogger.isTraceEnabled (0x000074dd201e7208) [0x000074dd201e7300, 0x000074dd201e78d8] Compiler: c1, Barriers: 2, Oops: 2, ImmediateOops: 1, NonImmediateOops: No
[2,846s][debug][gc,nmethod     ] Register NMethod: io.sirix.page.PageReference.setDatabaseId (0x000074dd3ee99d08) [0x000074dd3ee99e00, 0x000074dd3ee99e90] Compiler: jvmci, Barriers: 0, Oops: 1, ImmediateOops: 0, NonImmediateOops: No
[2,847s][debug][gc,nmethod     ] Register NMethod: io.sirix.page.PageReference.setResourceId (0x000074dd3ee9a008) [0x000074dd3ee9a100, 0x000074dd3ee9a190] Compiler: jvmci, Barriers: 0, Oops: 1, ImmediateOops: 0, NonImmediateOops: No
[2,847s][debug][gc,director    ] Rule Major: Warmup 10%, Used: 780MB, UsedThreshold: 1228MB
[2,847s][debug][gc,director    ] Rule Minor: High Usage, Free: 11466MB(93,3%)
[2,847s][debug][gc,nmethod     ] Register NMethod: com.google.common.collect.ForwardingObject.<init> (0x000074dd3ee9a308) [0x000074dd3ee9a400, 0x000074dd3ee9a4b8] Compiler: jvmci, Barriers: 0, Oops: 1, ImmediateOops: 0, NonImmediateOops: No
[2,847s][debug][gc,nmethod     ] Register NMethod: net.jpountz.lz4.LZ4JNIFastDecompressor.decompress (0x000074dd201e7908) [0x000074dd201e7a00, 0x000074dd201e9090] Compiler: c1, Barriers: 0, Oops: 3, ImmediateOops: 4, NonImmediateOops: No
[2,848s][debug][gc,nmethod     ] Register NMethod: com.github.benmanes.caffeine.cache.BoundedLocalCache.afterRead (0x000074dd201e9108) [0x000074dd201e9200, 0x000074dd201ea958] Compiler: c1, Barriers: 2, Oops: 1, ImmediateOops: 0, NonImmediateOops: No
[2,849s][debug][gc,nmethod     ] Register NMethod: io.brackit.query.expr.VCmpExpr.evaluate (0x000074dd201ea988) [0x000074dd201eaa80, 0x000074dd201ead80] Compiler: c1, Barriers: 0, Oops: 1, ImmediateOops: 0, NonImmediateOops: No
[2,849s][debug][gc,nmethod     ] Register NMethod: io.brackit.query.expr.GCmpExpr.evaluateToItem (0x000074dd201eae08) [0x000074dd201eaf00, 0x000074dd201eb6f0] Compiler: c1, Barriers: 3, Oops: 1, ImmediateOops: 0, NonImmediateOops: No
[2,849s][debug][gc,nmethod     ] Register NMethod: io.brackit.query.atomic.AbstractAtomic.atomize (0x000074dd201eb708) [0x000074dd201eb800, 0x000074dd201eb900] Compiler: c1, Barriers: 0, Oops: 1, ImmediateOops: 0, NonImmediateOops: No
[2,849s][debug][gc,nmethod     ] Register NMethod: io.brackit.query.node.AbstractNode.atomize (0x000074dd201eba08) [0x000074dd201ebb00, 0x000074dd201ebe00] Compiler: c1, Barriers: 0, Oops: 1, ImmediateOops: 0, NonImmediateOops: No
[2,849s][debug][gc,nmethod     ] Register NMethod: io.brackit.query.atomic.Una.type (0x000074dd201ebe88) [0x000074dd201ebf80, 0x000074dd201ec088] Compiler: c1, Barriers: 0, Oops: 1, ImmediateOops: 1, NonImmediateOops: No
[2,850s][debug][gc,nmethod     ] Register NMethod: io.sirix.page.UberPage.getPageCountExp (0x000074dd3ee9a608) [0x000074dd3ee9a700, 0x000074dd3ee9a880] Compiler: jvmci, Barriers: 0, Oops: 1, ImmediateOops: 2, NonImmediateOops: No
[2,850s][debug][gc,nmethod     ] Register NMethod: io.sirix.access.trx.page.NodePageReadOnlyTrx.getPageReference (0x000074dd3ee9a908) [0x000074dd3ee9aa00, 0x000074dd3ee9ad60] Compiler: jvmci, Barriers: 3, Oops: 1, ImmediateOops: 0, NonImmediateOops: No
[2,851s][debug][gc,nmethod     ] Register NMethod: io.brackit.query.atomic.Int32.inc (0x000074dd201ec188) [0x000074dd201ec280, 0x000074dd201eca00] Compiler: c1, Barriers: 1, Oops: 1, ImmediateOops: 1, NonImmediateOops: No
[2,851s][debug][gc,nmethod     ] Register NMethod: io.brackit.query.util.Cmp.gCmp (0x000074dd201eca88) [0x000074dd201ecb80, 0x000074dd201ef7b0] Compiler: c1, Barriers: 0, Oops: 1, ImmediateOops: 0, NonImmediateOops: No
[2,851s][debug][gc,nmethod     ] Register NMethod: io.brackit.query.util.Cmp.aCmp (0x000074dd201ef808) [0x000074dd201ef900, 0x000074dd201f0350] Compiler: c1, Barriers: 0, Oops: 1, ImmediateOops: 8, NonImmediateOops: No
[2,851s][debug][gc,nmethod     ] Register NMethod: io.brackit.query.expr.PredicateExpr$DependentFilterSeq$1.predicate (0x000074dd201f0388) [0x000074dd201f0480, 0x000074dd201f3730] Compiler: c1, Barriers: 25, Oops: 1, ImmediateOops: 0, NonImmediateOops: No
[2,852s][debug][gc,nmethod     ] Register NMethod: io.brackit.query.expr.PathStepExpr$SequenceContextPathStepIter.close (0x000074dd201f3788) [0x000074dd201f3880, 0x000074dd201f3e30] Compiler: c1, Barriers: 2, Oops: 1, ImmediateOops: 0, NonImmediateOops: No
[2,852s][debug][gc,nmethod     ] Register NMethod: io.sirix.access.trx.node.AbstractNodeReadOnlyTrx.getChildCount (0x000074dd201f3e88) [0x000074dd201f3f80, 0x000074dd201f47a0] Compiler: c1, Barriers: 0, Oops: 1, ImmediateOops: 1, NonImmediateOops: No
[2,853s][debug][gc,nmethod     ] Register NMethod: io.brackit.query.expr.PathStepExpr$ItemContextPathStepIter.next (0x000074dd201f4808) [0x000074dd201f4900, 0x000074dd201f5ab8] Compiler: c1, Barriers: 15, Oops: 1, ImmediateOops: 4, NonImmediateOops: No
[2,853s][debug][gc,nmethod     ] Register NMethod: java.lang.StringConcatHelper.stringSize (0x000074dd201f5b08) [0x000074dd201f5c00, 0x000074dd201f5e68] Compiler: c1, Barriers: 0, Oops: 0, ImmediateOops: 1, NonImmediateOops: No
[2,854s][debug][gc,nmethod     ] Register NMethod: java.lang.StringConcatHelper.prepend (0x000074dd201f5e88) [0x000074dd201f5f80, 0x000074dd201f6ea8] Compiler: c1, Barriers: 2, Oops: 0, ImmediateOops: 0, NonImmediateOops: No
[2,854s][debug][gc,nmethod     ] Register NMethod: io.brackit.query.BrackitQueryContext.getNodeFactory (0x000074dd3ee9ad88) [0x000074dd3ee9ae80, 0x000074dd3ee9af68] Compiler: c1, Barriers: 1, Oops: 1, ImmediateOops: 0, NonImmediateOops: No
[2,855s][debug][gc,nmethod     ] Register NMethod: io.brackit.query.jdm.type.TextType.getNodeKind (0x000074dd201f6f08) [0x000074dd201f7000, 0x000074dd201f7108] Compiler: c1, Barriers: 0, Oops: 1, ImmediateOops: 1, NonImmediateOops: No
[2,855s][debug][gc,nmethod     ] Register NMethod: io.brackit.query.expr.PathStepExpr$SequenceContextPathStepIter.<init> (0x000074dd201f7208) [0x000074dd201f7300, 0x000074dd201f7780] Compiler: c1, Barriers: 18, Oops: 1, ImmediateOops: 1, NonImmediateOops: No
[2,855s][debug][gc,nmethod     ] Register NMethod: io.brackit.query.expr.SequenceExpr$EvalSequence.sequence (0x000074dd201f7808) [0x000074dd201f7900, 0x000074dd201f8468] Compiler: c1, Barriers: 13, Oops: 1, ImmediateOops: 0, NonImmediateOops: No
[2,856s][debug][gc,nmethod     ] Register NMethod: com.github.benmanes.caffeine.cache.BoundedLocalCache.onAccess (0x000074dd201f8488) [0x000074dd201f8580, 0x000074dd201fd148] Compiler: c1, Barriers: 3, Oops: 7, ImmediateOops: 8, NonImmediateOops: No
[2,857s][debug][gc,director    ] Rule Major: Warmup 10%, Used: 782MB, UsedThreshold: 1228MB
[2,857s][debug][gc,director    ] Rule Minor: High Usage, Free: 11464MB(93,3%)
[2,858s][debug][gc,nmethod     ] Register NMethod: com.github.benmanes.caffeine.cache.stats.ConcurrentStatsCounter.recordLoadSuccess (0x000074dd201fd188) [0x000074dd201fd280, 0x000074dd201fd508] Compiler: c1, Barriers: 2, Oops: 1, ImmediateOops: 0, NonImmediateOops: No
[2,858s][debug][gc,nmethod     ] Register NMethod: java.lang.Long.compare (0x000074dd201fd588) [0x000074dd201fd680, 0x000074dd201fd848] Compiler: c1, Barriers: 0, Oops: 0, ImmediateOops: 0, NonImmediateOops: No
[2,858s][debug][gc,nmethod     ] Register NMethod: io.brackit.query.atomic.Int32.longValue (0x000074dd201fd888) [0x000074dd201fd980, 0x000074dd201fda88] Compiler: c1, Barriers: 0, Oops: 1, ImmediateOops: 0, NonImmediateOops: No
[2,858s][debug][gc,nmethod     ] Register NMethod: io.brackit.query.atomic.Counter.inc (0x000074dd201fdb88) [0x000074dd201fdc80, 0x000074dd201fe0a8] Compiler: c1, Barriers: 8, Oops: 1, ImmediateOops: 1, NonImmediateOops: No
[2,858s][debug][gc,nmethod     ] Register NMethod: io.brackit.query.node.d2linked.D2Node.<init> (0x000074dd201fe108) [0x000074dd201fe200, 0x000074dd201fe5f8] Compiler: c1, Barriers: 6, Oops: 1, ImmediateOops: 0, NonImmediateOops: No
[2,861s][debug][gc,nmethod     ] Register NMethod: java.util.HashSet.add (0x000074dd3ee9b088) [0x000074dd3ee9b1a0, 0x000074dd3ee9c188] Compiler: jvmci, Barriers: 33, Oops: 2, ImmediateOops: 1, NonImmediateOops: No
[2,862s][debug][gc,nmethod     ] Register NMethod: java.util.stream.Collectors$$Lambda/0x000000006911f830.accept (0x000074dd201fe608) [0x000074dd201fe700, 0x000074dd201fead0] Compiler: c1, Barriers: 2, Oops: 0, ImmediateOops: 0, NonImmediateOops: No
[2,862s][debug][gc,nmethod     ] Register NMethod: java.util.stream.Collectors.lambda$uniqKeysMapAccumulator$0 (0x000074dd201feb08) [0x000074dd201fec00, 0x000074dd201ff4e0] Compiler: c1, Barriers: 0, Oops: 0, ImmediateOops: 0, NonImmediateOops: No
[2,862s][debug][gc,nmethod     ] Register NMethod: io.sirix.access.trx.node.AbstractNodeReadOnlyTrx.getKind (0x000074dd3ee9c208) [0x000074dd3ee9c300, 0x000074dd3ee9c490] Compiler: jvmci, Barriers: 1, Oops: 1, ImmediateOops: 3, NonImmediateOops: No
[2,863s][debug][gc,nmethod     ] Register NMethod: jdk.internal.math.FloatingDecimal.isDigit (0x000074dd201ff508) [0x000074dd201ff600, 0x000074dd201ff7e0] Compiler: c1, Barriers: 0, Oops: 0, ImmediateOops: 0, NonImmediateOops: No
[2,864s][debug][gc,nmethod     ] Register NMethod: com.github.benmanes.caffeine.cache.BoundedLocalCache$UpdateTask.run (0x000074dd201ff808) [0x000074dd201ff900, 0x000074dd20206c08] Compiler: c1, Barriers: 38, Oops: 2, ImmediateOops: 6, NonImmediateOops: No
[2,864s][debug][gc,nmethod     ] Register NMethod: io.sirix.page.KeyValueLeafPage$$Lambda/0x00000000692b6c58.apply (0x000074dd20206c88) [0x000074dd20206d80, 0x000074dd202072a0] Compiler: c1, Barriers: 0, Oops: 1, ImmediateOops: 0, NonImmediateOops: No
[2,864s][debug][gc,nmethod     ] Register NMethod: io.sirix.page.KeyValueLeafPage$$Lambda/0x00000000692b6ea0.apply (0x000074dd20207308) [0x000074dd20207400, 0x000074dd20207d90] Compiler: c1, Barriers: 0, Oops: 1, ImmediateOops: 0, NonImmediateOops: No
[2,864s][debug][gc,nmethod     ] Register NMethod: io.sirix.page.KeyValueLeafPage.lambda$getPinCountByTransaction$0 (0x000074dd20207e08) [0x000074dd20207f00, 0x000074dd20208848] Compiler: c1, Barriers: 1, Oops: 1, ImmediateOops: 1, NonImmediateOops: No
[2,865s][debug][gc,nmethod     ] Register NMethod: io.brackit.query.sequence.FlatteningSequence$FlatteningIter.next (0x000074dd20208888) [0x000074dd20208980, 0x000074dd202098f0] Compiler: c1, Barriers: 13, Oops: 1, ImmediateOops: 0, NonImmediateOops: No
[2,865s][debug][gc,nmethod     ] Register NMethod: io.brackit.query.atomic.Int64.type (0x000074dd20209908) [0x000074dd20209a00, 0x000074dd20209b08] Compiler: c1, Barriers: 0, Oops: 1, ImmediateOops: 1, NonImmediateOops: No
[2,865s][debug][gc,nmethod     ] Register NMethod: io.brackit.query.jdm.type.AtomicType.matches (0x000074dd20209c08) [0x000074dd20209d00, 0x000074dd2020a830] Compiler: c1, Barriers: 2, Oops: 1, ImmediateOops: 0, NonImmediateOops: No
[2,866s][debug][gc,nmethod     ] Register NMethod: io.brackit.query.atomic.Int64.cmp (0x000074dd2020a888) [0x000074dd2020a980, 0x000074dd2020d5e8] Compiler: c1, Barriers: 7, Oops: 2, ImmediateOops: 2, NonImmediateOops: No
[2,866s][debug][gc,nmethod     ] Register NMethod: io.brackit.query.util.ExprUtil.materialize (0x000074dd2020d608) [0x000074dd2020d700, 0x000074dd20210068] Compiler: c1, Barriers: 14, Oops: 2, ImmediateOops: 3, NonImmediateOops: No
[2,867s][debug][gc,nmethod     ] Register NMethod: io.sirix.node.MemorySegmentBytesIn.readStopBit (0x000074dd3ee9c508) [0x000074dd3ee9c600, 0x000074dd3ee9c9e0] Compiler: jvmci, Barriers: 4, Oops: 1, ImmediateOops: 0, NonImmediateOops: No
[2,867s][debug][gc,nmethod     ] Register NMethod: com.github.benmanes.caffeine.cache.SSLSMW.hitsInSample (0x000074dd3ee9ca08) [0x000074dd3ee9cb00, 0x000074dd3ee9cbc0] Compiler: c1, Barriers: 0, Oops: 1, ImmediateOops: 0, NonImmediateOops: No
[2,867s][debug][gc,director    ] Rule Major: Warmup 10%, Used: 786MB, UsedThreshold: 1228MB
[2,867s][debug][gc,director    ] Rule Minor: High Usage, Free: 11460MB(93,3%)
[2,867s][debug][gc,nmethod     ] Register NMethod: com.github.benmanes.caffeine.cache.LocalManualCache.getIfPresent (0x000074dd20210088) [0x000074dd20210180, 0x000074dd20210568] Compiler: c1, Barriers: 1, Oops: 1, ImmediateOops: 0, NonImmediateOops: No
[2,867s][debug][gc,nmethod     ] Register NMethod: io.sirix.page.KeyValueLeafPage.lambda$incrementPinCount$0 (0x000074dd20210588) [0x000074dd20210680, 0x000074dd202108c8] Compiler: c1, Barriers: 0, Oops: 1, ImmediateOops: 0, NonImmediateOops: No
[2,867s][debug][gc,nmethod     ] Register NMethod: io.sirix.page.KeyValueLeafPage$$Lambda/0x00000000692a7498.apply (0x000074dd20210908) [0x000074dd20210a00, 0x000074dd20210ec0] Compiler: c1, Barriers: 0, Oops: 1, ImmediateOops: 0, NonImmediateOops: No
[2,868s][debug][gc,nmethod     ] Register NMethod: io.brackit.query.atomic.QNm.toString (0x000074dd20210f08) [0x000074dd20211000, 0x000074dd202114e8] Compiler: c1, Barriers: 4, Oops: 1, ImmediateOops: 0, NonImmediateOops: No
[2,869s][debug][gc,nmethod     ] Register NMethod: com.github.benmanes.caffeine.cache.BoundedLocalCache.getIfPresent (0x000074dd20211508) [0x000074dd20211600, 0x000074dd202177b0] Compiler: c1, Barriers: 4, Oops: 11, ImmediateOops: 23, NonImmediateOops: No
[2,870s][debug][gc,nmethod     ] Register NMethod: jdk.internal.math.FloatingDecimal.check (0x000074dd20217888) [0x000074dd20217980, 0x000074dd2021a5d0] Compiler: c1, Barriers: 2, Oops: 3, ImmediateOops: 5, NonImmediateOops: No
[2,872s][debug][gc,nmethod     ] Register NMethod: io.brackit.query.expr.PathStepExpr$ItemContextPathStepIter.close (0x000074dd2021a608) [0x000074dd2021a700, 0x000074dd2021aa68] Compiler: c1, Barriers: 1, Oops: 1, ImmediateOops: 0, NonImmediateOops: No
[2,872s][debug][gc,nmethod     ] Register NMethod: io.brackit.query.atomic.Counter.<init> (0x000074dd2021aa88) [0x000074dd2021ab80, 0x000074dd2021acd8] Compiler: c1, Barriers: 0, Oops: 1, ImmediateOops: 0, NonImmediateOops: No
[2,873s][debug][gc,nmethod     ] Register NMethod: io.sirix.access.trx.node.AbstractNodeReadOnlyTrx.hasRightSibling (0x000074dd3ee9cd08) [0x000074dd3ee9ce00, 0x000074dd3ee9d600] Compiler: jvmci, Barriers: 11, Oops: 1, ImmediateOops: 0, NonImmediateOops: No
[2,874s][debug][gc,nmethod     ] Register NMethod: io.brackit.query.expr.PathStepExpr$ItemContextPathStepIter.performStep (0x000074dd2021ad88) [0x000074dd2021ae80, 0x000074dd2021c7c8] Compiler: c1, Barriers: 20, Oops: 2, ImmediateOops: 3, NonImmediateOops: No
[2,874s][debug][gc,nmethod     ] Register NMethod: io.sirix.axis.filter.xml.ElementFilter.filter (0x000074dd3ee9d688) [0x000074dd3ee9d780, 0x000074dd3ee9d9a8] Compiler: jvmci, Barriers: 2, Oops: 1, ImmediateOops: 3, NonImmediateOops: No
[2,876s][debug][gc,nmethod     ] Register NMethod: io.sirix.axis.filter.xml.TextFilter.filter (0x000074dd2021c808) [0x000074dd2021c900, 0x000074dd2021d080] Compiler: c1, Barriers: 1, Oops: 1, ImmediateOops: 1, NonImmediateOops: No
[2,877s][debug][gc,nmethod     ] Register NMethod: com.github.benmanes.caffeine.cache.BoundedLocalCache.computeIfPresent (0x000074dd2021d108) [0x000074dd2021d200, 0x000074dd202203a0] Compiler: c1, Barriers: 3, Oops: 10, ImmediateOops: 12, NonImmediateOops: No
[2,877s][debug][gc,nmethod     ] Register NMethod: io.sirix.axis.AbstractAxis.tryToComputeNext (0x000074dd3ee9da08) [0x000074dd3ee9db00, 0x000074dd3ee9fd20] Compiler: jvmci, Barriers: 61, Oops: 2, ImmediateOops: 6, NonImmediateOops: No
[2,877s][debug][gc,director    ] Rule Major: Warmup 10%, Used: 792MB, UsedThreshold: 1228MB
[2,877s][debug][gc,director    ] Rule Minor: High Usage, Free: 11454MB(93,2%)
[2,877s][debug][gc,nmethod     ] Register NMethod: io.brackit.query.jdm.Type.isCastPrimitive (0x000074dd3ee9fd88) [0x000074dd3ee9fe80, 0x000074dd3ee9ff40] Compiler: c1, Barriers: 0, Oops: 1, ImmediateOops: 0, NonImmediateOops: No
[2,877s][debug][gc,nmethod     ] Register NMethod: jdk.internal.math.FloatingDecimal.skipWhitespaces (0x000074dd20220408) [0x000074dd20220500, 0x000074dd20221390] Compiler: c1, Barriers: 3, Oops: 1, ImmediateOops: 2, NonImmediateOops: No
[2,877s][debug][gc,nmethod     ] Register NMethod: jdk.internal.misc.Unsafe.putIntRelease (0x000074dd3eea0088) [0x000074dd3eea0180, 0x000074dd3eea0210] Compiler: jvmci, Barriers: 0, Oops: 0, ImmediateOops: 0, NonImmediateOops: No
[2,878s][debug][gc,nmethod     ] Register NMethod: io.brackit.query.jdm.type.ElementType.getNodeKind (0x000074dd3eea0388) [0x000074dd3eea0480, 0x000074dd3eea0510] Compiler: jvmci, Barriers: 0, Oops: 1, ImmediateOops: 1, NonImmediateOops: No
[2,878s][debug][gc,nmethod     ] Register NMethod: io.sirix.cache.RecordPageCache.lambda$new$1 (0x000074dd20221408) [0x000074dd20221500, 0x000074dd20221c58] Compiler: c1, Barriers: 1, Oops: 1, ImmediateOops: 0, NonImmediateOops: No
[2,878s][debug][gc,nmethod     ] Register NMethod: io.sirix.cache.RecordPageCache$$Lambda/0x000000006920d5a0.weigh (0x000074dd20221c88) [0x000074dd20221d80, 0x000074dd20222940] Compiler: c1, Barriers: 1, Oops: 1, ImmediateOops: 0, NonImmediateOops: No
[2,880s][debug][gc,nmethod     ] Register NMethod: io.sirix.access.trx.node.AbstractNodeReadOnlyTrx.getRightSiblingKey (0x000074dd3eea0688) [0x000074dd3eea0780, 0x000074dd3eea0f88] Compiler: jvmci, Barriers: 11, Oops: 1, ImmediateOops: 0, NonImmediateOops: No
[2,884s][debug][gc,nmethod     ] Register NMethod: io.brackit.query.atomic.Dbl.<init> (0x000074dd20222988) [0x000074dd20222a80, 0x000074dd20222d58] Compiler: c1, Barriers: 0, Oops: 1, ImmediateOops: 0, NonImmediateOops: No
[2,885s][debug][gc,nmethod     ] Register NMethod: com.github.benmanes.caffeine.cache.SSLSMW.missesInSample (0x000074dd3eea1008) [0x000074dd3eea1100, 0x000074dd3eea11c0] Compiler: c1, Barriers: 0, Oops: 1, ImmediateOops: 0, NonImmediateOops: No
[2,885s][debug][gc,nmethod     ] Register NMethod: io.sirix.cache.RecordPageFragmentCache.lambda$new$1 (0x000074dd20222d88) [0x000074dd20222e80, 0x000074dd202235d8] Compiler: c1, Barriers: 1, Oops: 1, ImmediateOops: 0, NonImmediateOops: No
[2,885s][debug][gc,nmethod     ] Register NMethod: io.sirix.cache.RecordPageFragmentCache$$Lambda/0x000000006920dc78.weigh (0x000074dd20223608) [0x000074dd20223700, 0x000074dd202242c0] Compiler: c1, Barriers: 1, Oops: 1, ImmediateOops: 0, NonImmediateOops: No
[2,885s][debug][gc,nmethod     ] Register NMethod: io.sirix.page.KeyValueLeafPage.incrementPinCount (0x000074dd20224308) [0x000074dd20224400, 0x000074dd20225058] Compiler: c1, Barriers: 3, Oops: 2, ImmediateOops: 2, NonImmediateOops: No
[2,887s][debug][gc,director    ] Rule Major: Warmup 10%, Used: 796MB, UsedThreshold: 1228MB
[2,887s][debug][gc,nmethod     ] Register NMethod: io.sirix.node.NodeSerializerImpl.deserialize (0x000074dd3eea1308) [0x000074dd3eea1400, 0x000074dd3eea18d8] Compiler: jvmci, Barriers: 6, Oops: 2, ImmediateOops: 1, NonImmediateOops: No
[2,887s][debug][gc,director    ] Rule Minor: High Usage, Free: 11450MB(93,2%)
[2,889s][debug][gc,nmethod     ] Register NMethod: jdk.internal.misc.Unsafe.putIntOpaque (0x000074dd20225088) [0x000074dd20225180, 0x000074dd20225288] Compiler: c1, Barriers: 0, Oops: 0, ImmediateOops: 0, NonImmediateOops: No
[2,890s][debug][gc,nmethod     ] Register NMethod: io.brackit.query.atomic.Int32.asIntNumeric (0x000074dd20225388) [0x000074dd20225480, 0x000074dd20225580] Compiler: c1, Barriers: 0, Oops: 1, ImmediateOops: 0, NonImmediateOops: No
[2,890s][debug][gc,nmethod     ] Register NMethod: io.brackit.query.atomic.Int32.cmp (0x000074dd20225688) [0x000074dd20225780, 0x000074dd20226c10] Compiler: c1, Barriers: 7, Oops: 2, ImmediateOops: 2, NonImmediateOops: No
[2,891s][debug][gc,nmethod     ] Register NMethod: io.brackit.query.sequence.LazySequence.get (0x000074dd20226c88) [0x000074dd20226d80, 0x000074dd20228a60] Compiler: c1, Barriers: 8, Oops: 2, ImmediateOops: 2, NonImmediateOops: No
[2,892s][debug][gc,nmethod     ] Register NMethod: io.brackit.query.atomic.Una.asUna (0x000074dd20228a88) [0x000074dd20228b80, 0x000074dd20228c80] Compiler: c1, Barriers: 0, Oops: 1, ImmediateOops: 0, NonImmediateOops: No
[2,894s][debug][gc,nmethod     ] Register NMethod: java.util.concurrent.ConcurrentHashMap.sumCount (0x000074dd20228d88) [0x000074dd20228e80, 0x000074dd20229110] Compiler: c1, Barriers: 2, Oops: 0, ImmediateOops: 0, NonImmediateOops: No
[2,894s][debug][gc,nmethod     ] Register NMethod: io.sirix.access.trx.page.NodePageReadOnlyTrx.getDataRecord (0x000074dd3eea1908) [0x000074dd3eea1a00, 0x000074dd3eea2958] Compiler: jvmci, Barriers: 22, Oops: 2, ImmediateOops: 5, NonImmediateOops: No
[2,895s][debug][gc,nmethod     ] Register NMethod: java.util.concurrent.locks.AbstractQueuedSynchronizer$ConditionNode.isReleasable (0x000074dd20229188) [0x000074dd20229280, 0x000074dd20229648] Compiler: c1, Barriers: 1, Oops: 0, ImmediateOops: 0, NonImmediateOops: No
[2,895s][debug][gc,nmethod     ] Register NMethod: java.io.OutputStream.write (0x000074dd20229688) [0x000074dd20229780, 0x000074dd20229cf8] Compiler: c1, Barriers: 0, Oops: 0, ImmediateOops: 0, NonImmediateOops: No
[2,895s][debug][gc,nmethod     ] Register NMethod: java.lang.reflect.Method.hashCode (0x000074dd20229d08) [0x000074dd20229e00, 0x000074dd2022aa10] Compiler: c1, Barriers: 3, Oops: 0, ImmediateOops: 0, NonImmediateOops: No
[2,896s][debug][gc,nmethod     ] Register NMethod: sun.nio.ch.UnixFileDispatcherImpl.unmap0 (0x000074dd3eea2988) [0x000074dd3eea2a80, 0x000074dd3eea2be0] Compiler: , Barriers: 0, Oops: 0, ImmediateOops: 1, NonImmediateOops: No
[2,896s][debug][gc,nmethod     ] Register NMethod: org.gradle.internal.io.StreamByteBuffer.totalBytesUnread (0x000074dd2022aa88) [0x000074dd2022ab80, 0x000074dd2022ae68] Compiler: c1, Barriers: 2, Oops: 1, ImmediateOops: 0, NonImmediateOops: No
[2,897s][debug][gc,nmethod     ] Register NMethod: it.unimi.dsi.fastutil.longs.LongArrayList.initArrayFromCapacity (0x000074dd3eea2c88) [0x000074dd3eea2d80, 0x000074dd3eea30a0] Compiler: jvmci, Barriers: 6, Oops: 1, ImmediateOops: 1, NonImmediateOops: No
[2,897s][debug][gc,director    ] Rule Major: Warmup 10%, Used: 800MB, UsedThreshold: 1228MB
[2,897s][debug][gc,director    ] Rule Minor: High Usage, Free: 11446MB(93,1%)
[2,898s][debug][gc,nmethod     ] Register NMethod: com.github.benmanes.caffeine.cache.BoundedLocalCache$$Lambda/0x00000000692a6be8.run (0x000074dd2022ae88) [0x000074dd2022af80, 0x000074dd2022b198] Compiler: c1, Barriers: 4, Oops: 1, ImmediateOops: 0, NonImmediateOops: No
[2,898s][debug][gc,nmethod     ] Register NMethod: com.github.benmanes.caffeine.cache.BoundedLocalCache.lambda$notifyRemoval$1 (0x000074dd2022b208) [0x000074dd2022b300, 0x000074dd2022b948] Compiler: c1, Barriers: 1, Oops: 2, ImmediateOops: 2, NonImmediateOops: No
[2,899s][debug][gc,nmethod     ] Register NMethod: com.github.benmanes.caffeine.cache.PS.retire (0x000074dd2022b988) [0x000074dd2022ba80, 0x000074dd2022cca0] Compiler: c1, Barriers: 3, Oops: 8, ImmediateOops: 11, NonImmediateOops: No
[2,899s][debug][gc,nmethod     ] Register NMethod: ch.qos.logback.core.UnsynchronizedAppenderBase.isStarted (0x000074dd3eea3108) [0x000074dd3eea3200, 0x000074dd3eea32c0] Compiler: c1, Barriers: 0, Oops: 1, ImmediateOops: 0, NonImmediateOops: No
[2,899s][debug][gc,nmethod     ] Register NMethod: java.util.stream.ReferencePipeline.filter (0x000074dd2022cd08) [0x000074dd2022ce00, 0x000074dd2022d310] Compiler: c1, Barriers: 3, Oops: 1, ImmediateOops: 0, NonImmediateOops: No
[2,899s][debug][gc,nmethod     ] Register NMethod: org.junit.platform.commons.util.StringUtils.isNotBlank (0x000074dd2022d388) [0x000074dd2022d480, 0x000074dd2022db20] Compiler: c1, Barriers: 1, Oops: 1, ImmediateOops: 0, NonImmediateOops: No
[2,899s][debug][gc,nmethod     ] Register NMethod: ch.qos.logback.core.pattern.LiteralConverter.convert (0x000074dd2022db88) [0x000074dd2022dc80, 0x000074dd2022ddb0] Compiler: c1, Barriers: 1, Oops: 1, ImmediateOops: 0, NonImmediateOops: No
[2,899s][debug][gc,nmethod     ] Register NMethod: org.junit.platform.commons.util.StringUtils.isBlank (0x000074dd2022de88) [0x000074dd2022df80, 0x000074dd2022e978] Compiler: c1, Barriers: 3, Oops: 1, ImmediateOops: 0, NonImmediateOops: No
[2,899s][debug][gc,nmethod     ] Register NMethod: ch.qos.logback.core.pattern.Converter.write (0x000074dd2022e988) [0x000074dd2022ea80, 0x000074dd2022efe8] Compiler: c1, Barriers: 0, Oops: 1, ImmediateOops: 0, NonImmediateOops: No
[2,900s][debug][gc,nmethod     ] Register NMethod: java.util.stream.Collectors$$Lambda/0x000000006910ff00.accept (0x000074dd2022f008) [0x000074dd2022f100, 0x000074dd2022f8f0] Compiler: c1, Barriers: 4, Oops: 0, ImmediateOops: 0, NonImmediateOops: No
[2,900s][debug][gc,nmethod     ] Register NMethod: java.io.PrintStream.ensureOpen (0x000074dd2022f908) [0x000074dd2022fa00, 0x000074dd2022fc30] Compiler: c1, Barriers: 1, Oops: 0, ImmediateOops: 1, NonImmediateOops: No
[2,900s][debug][gc,nmethod     ] Register NMethod: org.junit.platform.commons.util.Preconditions.notBlank (0x000074dd2022fc88) [0x000074dd2022fd80, 0x000074dd202305e8] Compiler: c1, Barriers: 1, Oops: 1, ImmediateOops: 0, NonImmediateOops: No
[2,900s][debug][gc,nmethod     ] Register NMethod: java.util.Optional.map (0x000074dd20230608) [0x000074dd20230700, 0x000074dd202310e8] Compiler: c1, Barriers: 4, Oops: 0, ImmediateOops: 2, NonImmediateOops: No
[2,900s][debug][gc,nmethod     ] Register NMethod: java.util.regex.Pattern$CharPropertyGreedy.match (0x000074dd20231108) [0x000074dd20231200, 0x000074dd20231f50] Compiler: c1, Barriers: 2, Oops: 0, ImmediateOops: 0, NonImmediateOops: No
[2,900s][debug][gc,nmethod     ] Register NMethod: java.lang.ThreadLocal.set (0x000074dd20231f88) [0x000074dd20232080, 0x000074dd20232648] Compiler: c1, Barriers: 0, Oops: 0, ImmediateOops: 0, NonImmediateOops: No
[2,900s][debug][gc,nmethod     ] Register NMethod: java.lang.ThreadLocal.set (0x000074dd20232688) [0x000074dd20232780, 0x000074dd20232de8] Compiler: c1, Barriers: 1, Oops: 0, ImmediateOops: 0, NonImmediateOops: No
[2,902s][debug][gc,nmethod     ] Register NMethod: org.gradle.internal.remote.internal.hub.protocol.ChannelMessage.getChannel (0x000074dd3eea3408) [0x000074dd3eea3500, 0x000074dd3eea35e8] Compiler: c1, Barriers: 1, Oops: 1, ImmediateOops: 0, NonImmediateOops: No
[2,902s][debug][gc,nmethod     ] Register NMethod: org.gradle.internal.id.CompositeIdGenerator$CompositeId.getScope (0x000074dd3eea3708) [0x000074dd3eea3800, 0x000074dd3eea38e8] Compiler: c1, Barriers: 1, Oops: 1, ImmediateOops: 0, NonImmediateOops: No
[2,902s][debug][gc,nmethod     ] Register NMethod: org.gradle.internal.id.CompositeIdGenerator$CompositeId.getId (0x000074dd3eea3a08) [0x000074dd3eea3b00, 0x000074dd3eea3be8] Compiler: c1, Barriers: 1, Oops: 1, ImmediateOops: 0, NonImmediateOops: No
[2,902s][debug][gc,nmethod     ] Register NMethod: java.lang.StringUTF16.newBytesLength (0x000074dd20232e08) [0x000074dd20232f00, 0x000074dd202341b0] Compiler: c1, Barriers: 0, Oops: 2, ImmediateOops: 3, NonImmediateOops: No
[2,902s][debug][gc,nmethod     ] Register NMethod: com.esotericsoftware.kryo.io.Output.writeString_slow (0x000074dd20234208) [0x000074dd20234300, 0x000074dd20234b98] Compiler: c1, Barriers: 5, Oops: 1, ImmediateOops: 0, NonImmediateOops: No
[2,902s][debug][gc,nmethod     ] Register NMethod: java.lang.StringUTF16.toBytes (0x000074dd20234c08) [0x000074dd20234d00, 0x000074dd20234fe0] Compiler: c1, Barriers: 0, Oops: 0, ImmediateOops: 0, NonImmediateOops: No
[2,903s][debug][gc,nmethod     ] Register NMethod: com.github.benmanes.caffeine.cache.BoundedLocalCache$EntryIterator.<init> (0x000074dd20235008) [0x000074dd20235100, 0x000074dd202355f8] Compiler: c1, Barriers: 7, Oops: 1, ImmediateOops: 0, NonImmediateOops: No
[2,903s][debug][gc,nmethod     ] Register NMethod: com.github.benmanes.caffeine.cache.BoundedLocalCache.entrySet (0x000074dd20235608) [0x000074dd20235700, 0x000074dd20235bd0] Compiler: c1, Barriers: 7, Oops: 1, ImmediateOops: 0, NonImmediateOops: No
[2,903s][debug][gc,nmethod     ] Register NMethod: com.github.benmanes.caffeine.cache.BoundedLocalCache$EntrySetView.iterator (0x000074dd20235c08) [0x000074dd20235d00, 0x000074dd202362e8] Compiler: c1, Barriers: 8, Oops: 1, ImmediateOops: 0, NonImmediateOops: No
[2,903s][debug][gc,nmethod     ] Register NMethod: java.util.concurrent.locks.ReentrantReadWriteLock$Sync.exclusiveCount (0x000074dd20236308) [0x000074dd20236400, 0x000074dd202364f0] Compiler: c1, Barriers: 0, Oops: 0, ImmediateOops: 0, NonImmediateOops: No
[2,903s][debug][gc,nmethod     ] Register NMethod: jdk.internal.misc.VM.isModuleSystemInited (0x000074dd20236608) [0x000074dd20236700, 0x000074dd20236840] Compiler: c1, Barriers: 0, Oops: 0, ImmediateOops: 1, NonImmediateOops: No
[2,905s][debug][gc,nmethod     ] Register NMethod: io.sirix.access.ResourceConfiguration$ResourcePaths.getPath (0x000074dd3eea3d08) [0x000074dd3eea3e00, 0x000074dd3eea3ee8] Compiler: c1, Barriers: 1, Oops: 1, ImmediateOops: 0, NonImmediateOops: No
[2,905s][debug][gc,nmethod     ] Register NMethod: com.google.gson.stream.JsonWriter.string (0x000074dd20236908) [0x000074dd20236a00, 0x000074dd20238700] Compiler: c1, Barriers: 9, Oops: 2, ImmediateOops: 6, NonImmediateOops: No
[2,906s][debug][gc,nmethod     ] Register NMethod: com.google.gson.stream.JsonWriter.peek (0x000074dd20238788) [0x000074dd20238880, 0x000074dd20238ae8] Compiler: c1, Barriers: 1, Oops: 1, ImmediateOops: 1, NonImmediateOops: No
[2,906s][debug][gc,nmethod     ] Register NMethod: io.sirix.page.KeyValueLeafPage.addReferences (0x000074dd3eea4008) [0x000074dd3eea4100, 0x000074dd3eea7eb8] Compiler: jvmci, Barriers: 42, Oops: 5, ImmediateOops: 3, NonImmediateOops: No
[2,906s][debug][gc,nmethod     ] Register NMethod: sun.nio.fs.UnixPath.initOffsets (0x000074dd20238b08) [0x000074dd20238c00, 0x000074dd202395e8] Compiler: c1, Barriers: 8, Oops: 0, ImmediateOops: 0, NonImmediateOops: No
[2,907s][debug][gc,nmethod     ] Register NMethod: io.sirix.node.NodeKind$2.serialize (0x000074dd3eea7f08) [0x000074dd3eea8000, 0x000074dd3eeac850] Compiler: jvmci, Barriers: 90, Oops: 11, ImmediateOops: 0, NonImmediateOops: No
[2,907s][debug][gc,nmethod     ] Register NMethod: java.util.stream.ForEachOps$ForEachOp$OfRef.accept (0x000074dd20239608) [0x000074dd20239700, 0x000074dd20239a40] Compiler: c1, Barriers: 1, Oops: 0, ImmediateOops: 0, NonImmediateOops: No
[2,907s][debug][gc,nmethod     ] Register NMethod: io.sirix.access.trx.node.xml.XmlNodeReadOnlyTrxImpl.isNameNode (0x000074dd3eeac908) [0x000074dd3eeaca00, 0x000074dd3eeacb90] Compiler: jvmci, Barriers: 1, Oops: 1, ImmediateOops: 0, NonImmediateOops: No
[2,907s][debug][gc,director    ] Rule Major: Warmup 10%, Used: 800MB, UsedThreshold: 1228MB
[2,907s][debug][gc,director    ] Rule Minor: High Usage, Free: 11446MB(93,1%)
[2,908s][debug][gc,nmethod     ] Register NMethod: java.util.concurrent.atomic.AtomicInteger.incrementAndGet (0x000074dd3eeacc08) [0x000074dd3eeacd00, 0x000074dd3eeacd90] Compiler: jvmci, Barriers: 0, Oops: 0, ImmediateOops: 0, NonImmediateOops: No
[2,908s][debug][gc,nmethod     ] Register NMethod: io.sirix.axis.filter.xml.XmlNameFilter.filter (0x000074dd3eeacf08) [0x000074dd3eead000, 0x000074dd3eeadf50] Compiler: jvmci, Barriers: 14, Oops: 4, ImmediateOops: 0, NonImmediateOops: No
[2,908s][debug][gc,nmethod     ] Register NMethod: java.util.stream.AbstractPipeline.exactOutputSizeIfKnown (0x000074dd20239a88) [0x000074dd20239b80, 0x000074dd2023ab98] Compiler: c1, Barriers: 3, Oops: 2, ImmediateOops: 2, NonImmediateOops: No
[2,908s][debug][gc,nmethod     ] Register NMethod: com.google.common.base.Preconditions.checkNotNull (0x000074dd2023ac08) [0x000074dd2023ad00, 0x000074dd2023aed0] Compiler: c1, Barriers: 0, Oops: 1, ImmediateOops: 0, NonImmediateOops: No
[2,908s][debug][gc,nmethod     ] Register NMethod: java.security.MessageDigest$Delegate.engineUpdate (0x000074dd2023af08) [0x000074dd2023b000, 0x000074dd2023b340] Compiler: c1, Barriers: 1, Oops: 0, ImmediateOops: 0, NonImmediateOops: No
[2,908s][debug][gc,nmethod     ] Register NMethod: java.security.MessageDigestSpi.<init> (0x000074dd2023b388) [0x000074dd2023b480, 0x000074dd2023b5d8] Compiler: c1, Barriers: 0, Oops: 0, ImmediateOops: 0, NonImmediateOops: No
[2,909s][debug][gc,nmethod     ] Register NMethod: java.security.MessageDigest$Delegate.engineGetDigestLength (0x000074dd2023b688) [0x000074dd2023b780, 0x000074dd2023bac0] Compiler: c1, Barriers: 1, Oops: 0, ImmediateOops: 0, NonImmediateOops: No
[2,909s][debug][gc,nmethod     ] Register NMethod: net.jpountz.lz4.LZ4Compressor.maxCompressedLength (0x000074dd2023bb08) [0x000074dd2023bc00, 0x000074dd2023bd30] Compiler: c1, Barriers: 0, Oops: 1, ImmediateOops: 0, NonImmediateOops: No
[2,909s][debug][gc,nmethod     ] Register NMethod: java.security.MessageDigest.getDigestLength (0x000074dd2023be08) [0x000074dd2023bf00, 0x000074dd2023cfb0] Compiler: c1, Barriers: 2, Oops: 0, ImmediateOops: 0, NonImmediateOops: No
[2,909s][debug][gc,nmethod     ] Register NMethod: io.sirix.page.KeyValueLeafPage.processEntries (0x000074dd3eeadf88) [0x000074dd3eeae080, 0x000074dd3eeb3710] Compiler: jvmci, Barriers: 144, Oops: 10, ImmediateOops: 8, NonImmediateOops: No
[2,909s][debug][gc,nmethod     ] Register NMethod: net.jpountz.lz4.LZ4Utils.maxCompressedLength (0x000074dd2023d008) [0x000074dd2023d100, 0x000074dd2023df08] Compiler: c1, Barriers: 0, Oops: 2, ImmediateOops: 3, NonImmediateOops: No
[2,909s][debug][gc,nmethod     ] Register NMethod: sun.security.provider.SHA2.clone (0x000074dd2023df88) [0x000074dd2023e080, 0x000074dd2023ea28] Compiler: c1, Barriers: 14, Oops: 0, ImmediateOops: 0, NonImmediateOops: No
[2,909s][debug][gc,nmethod     ] Register NMethod: net.jpountz.lz4.LZ4BlockOutputStream.<init> (0x000074dd2023ea88) [0x000074dd2023eb80, 0x000074dd2023f588] Compiler: c1, Barriers: 18, Oops: 1, ImmediateOops: 1, NonImmediateOops: No
[2,909s][debug][gc,nmethod     ] Register NMethod: net.jpountz.lz4.LZ4BlockOutputStream.compressionLevel (0x000074dd2023f608) [0x000074dd2023f700, 0x000074dd20241438] Compiler: c1, Barriers: 0, Oops: 3, ImmediateOops: 4, NonImmediateOops: No
[2,909s][debug][gc,nmethod     ] Register NMethod: net.jpountz.lz4.LZ4BlockOutputStream.write (0x000074dd20241488) [0x000074dd20241580, 0x000074dd20242028] Compiler: c1, Barriers: 2, Oops: 1, ImmediateOops: 2, NonImmediateOops: No
[2,910s][debug][gc,nmethod     ] Register NMethod: sun.security.provider.DigestBase.clone (0x000074dd20242088) [0x000074dd20242180, 0x000074dd202426c0] Compiler: c1, Barriers: 7, Oops: 0, ImmediateOops: 0, NonImmediateOops: No
[2,910s][debug][gc,nmethod     ] Register NMethod: java.security.MessageDigestSpi.clone (0x000074dd20242708) [0x000074dd20242800, 0x000074dd20243058] Compiler: c1, Barriers: 5, Oops: 0, ImmediateOops: 0, NonImmediateOops: No
[2,910s][debug][gc,nmethod     ] Register NMethod: io.sirix.page.PageKind.getKind (0x000074dd20243088) [0x000074dd20243180, 0x000074dd20243a08] Compiler: c1, Barriers: 1, Oops: 2, ImmediateOops: 1, NonImmediateOops: No
[2,910s][debug][gc,nmethod     ] Register NMethod: io.sirix.page.PagePersister.serializePage (0x000074dd20243a88) [0x000074dd20243b80, 0x000074dd202448b0] Compiler: c1, Barriers: 1, Oops: 2, ImmediateOops: 1, NonImmediateOops: No
[2,910s][debug][gc,nmethod     ] Register NMethod: com.google.common.hash.HashCode.fromBytesNoCopy (0x000074dd20244908) [0x000074dd20244a00, 0x000074dd20244e10] Compiler: c1, Barriers: 3, Oops: 1, ImmediateOops: 0, NonImmediateOops: No
[2,910s][debug][gc,nmethod     ] Register NMethod: com.google.common.hash.HashCode$BytesHashCode.<init> (0x000074dd20244e88) [0x000074dd20244f80, 0x000074dd202452f8] Compiler: c1, Barriers: 3, Oops: 1, ImmediateOops: 0, NonImmediateOops: No
[2,910s][debug][gc,nmethod     ] Register NMethod: com.google.common.hash.HashCode.<init> (0x000074dd20245308) [0x000074dd20245400, 0x000074dd20245558] Compiler: c1, Barriers: 0, Oops: 1, ImmediateOops: 0, NonImmediateOops: No
[2,910s][debug][gc,nmethod     ] Register NMethod: io.sirix.io.bytepipe.LZ4Compressor.serialize (0x000074dd20245608) [0x000074dd20245700, 0x000074dd20245bb8] Compiler: c1, Barriers: 1, Oops: 1, ImmediateOops: 0, NonImmediateOops: No
[2,910s][debug][gc,nmethod     ] Register NMethod: net.jpountz.lz4.LZ4BlockOutputStream.close (0x000074dd20245c08) [0x000074dd20245d00, 0x000074dd20246178] Compiler: c1, Barriers: 4, Oops: 1, ImmediateOops: 0, NonImmediateOops: No
[2,911s][debug][gc,nmethod     ] Register NMethod: java.security.MessageDigest.<init> (0x000074dd20246188) [0x000074dd20246280, 0x000074dd20246530] Compiler: c1, Barriers: 6, Oops: 0, ImmediateOops: 0, NonImmediateOops: No
[2,911s][debug][gc,nmethod     ] Register NMethod: net.jpountz.lz4.LZ4BlockOutputStream.<init> (0x000074dd20246588) [0x000074dd20246680, 0x000074dd20249a18] Compiler: c1, Barriers: 39, Oops: 5, ImmediateOops: 38, NonImmediateOops: No
[2,911s][debug][gc,nmethod     ] Register NMethod: com.google.common.hash.AbstractByteHasher.<init> (0x000074dd20249a88) [0x000074dd20249b80, 0x000074dd20249ff0] Compiler: c1, Barriers: 3, Oops: 1, ImmediateOops: 1, NonImmediateOops: No
[2,911s][debug][gc,nmethod     ] Register NMethod: com.google.common.hash.AbstractHasher.<init> (0x000074dd2024a008) [0x000074dd2024a100, 0x000074dd2024a258] Compiler: c1, Barriers: 0, Oops: 1, ImmediateOops: 0, NonImmediateOops: No
[2,911s][debug][gc,nmethod     ] Register NMethod: net.jpountz.lz4.LZ4BlockOutputStream.<init> (0x000074dd2024a308) [0x000074dd2024a400, 0x000074dd2024d140] Compiler: c1, Barriers: 36, Oops: 5, ImmediateOops: 38, NonImmediateOops: No
[2,911s][debug][gc,nmethod     ] Register NMethod: net.jpountz.lz4.LZ4BlockOutputStream.finish (0x000074dd2024d188) [0x000074dd2024d280, 0x000074dd2024db88] Compiler: c1, Barriers: 6, Oops: 1, ImmediateOops: 1, NonImmediateOops: No
[2,912s][debug][gc,nmethod     ] Register NMethod: net.jpountz.lz4.LZ4BlockOutputStream.<init> (0x000074dd2024dc08) [0x000074dd2024dd00, 0x000074dd20250a90] Compiler: c1, Barriers: 36, Oops: 5, ImmediateOops: 38, NonImmediateOops: No
[2,912s][debug][gc,nmethod     ] Register NMethod: java.security.MessageDigest$Delegate.<init> (0x000074dd20250b08) [0x000074dd20250c00, 0x000074dd20250f80] Compiler: c1, Barriers: 9, Oops: 0, ImmediateOops: 0, NonImmediateOops: No
[2,912s][debug][gc,nmethod     ] Register NMethod: java.security.MessageDigest$Delegate$CloneableDelegate.<init> (0x000074dd20250f88) [0x000074dd20251080, 0x000074dd20251468] Compiler: c1, Barriers: 9, Oops: 0, ImmediateOops: 0, NonImmediateOops: No
[2,912s][debug][gc,nmethod     ] Register NMethod: sun.security.provider.SHA2.implDigest (0x000074dd20251488) [0x000074dd20251580, 0x000074dd20253718] Compiler: c1, Barriers: 4, Oops: 5, ImmediateOops: 12, NonImmediateOops: No
[2,912s][debug][gc,nmethod     ] Register NMethod: io.sirix.io.filechannel.FileChannelWriter.writePageReference (0x000074dd20253788) [0x000074dd20253880, 0x000074dd2025ca10] Compiler: c1, Barriers: 52, Oops: 5, ImmediateOops: 14, NonImmediateOops: No
[2,913s][debug][gc,nmethod     ] Register NMethod: io.sirix.access.trx.node.xml.XmlNodeReadOnlyTrxImpl.getLocalNameKey (0x000074dd3eeb3788) [0x000074dd3eeb3880, 0x000074dd3eeb3ec0] Compiler: jvmci, Barriers: 5, Oops: 3, ImmediateOops: 0, NonImmediateOops: No
[2,915s][debug][gc,nmethod     ] Register NMethod: java.lang.reflect.Constructor.newInstance (0x000074dd2025ca88) [0x000074dd2025cb80, 0x000074dd2025cf60] Compiler: c1, Barriers: 0, Oops: 0, ImmediateOops: 0, NonImmediateOops: No
[2,916s][debug][gc,nmethod     ] Register NMethod: io.sirix.io.filechannel.FileChannelWriter.delegate (0x000074dd3eeb3f08) [0x000074dd3eeb4000, 0x000074dd3eeb40e8] Compiler: c1, Barriers: 1, Oops: 1, ImmediateOops: 0, NonImmediateOops: No
[2,916s][debug][gc,nmethod     ] Register NMethod: sun.nio.ch.FileChannelImpl.read (0x000074dd2025cf88) [0x000074dd2025d080, 0x000074dd2025d2c8] Compiler: c1, Barriers: 0, Oops: 0, ImmediateOops: 1, NonImmediateOops: No
[2,916s][debug][gc,nmethod     ] Register NMethod: sun.nio.ch.UnixFileDispatcherImpl.pread (0x000074dd2025d308) [0x000074dd2025d400, 0x000074dd2025d540] Compiler: c1, Barriers: 0, Oops: 0, ImmediateOops: 0, NonImmediateOops: No
[2,916s][debug][gc,nmethod     ] Register NMethod: com.github.benmanes.caffeine.cache.BoundedLocalCache.expireAfterCreate (0x000074dd2025d608) [0x000074dd2025d700, 0x000074dd2025da30] Compiler: c1, Barriers: 0, Oops: 1, ImmediateOops: 0, NonImmediateOops: No
[2,916s][debug][gc,nmethod     ] Register NMethod: sun.nio.ch.FileChannelImpl.implRead (0x000074dd2025da88) [0x000074dd2025db80, 0x000074dd2025e578] Compiler: c1, Barriers: 0, Oops: 0, ImmediateOops: 2, NonImmediateOops: No
[2,916s][debug][gc,nmethod     ] Register NMethod: java.nio.ByteBuffer.base (0x000074dd3eeb4208) [0x000074dd3eeb4300, 0x000074dd3eeb43e8] Compiler: c1, Barriers: 1, Oops: 0, ImmediateOops: 0, NonImmediateOops: No
[2,917s][debug][gc,nmethod     ] Register NMethod: sun.nio.ch.FileChannelImpl.readInternal (0x000074dd2025e588) [0x000074dd2025e680, 0x000074dd202606a0] Compiler: c1, Barriers: 7, Oops: 0, ImmediateOops: 3, NonImmediateOops: No
[2,917s][debug][gc,nmethod     ] Register NMethod: com.github.benmanes.caffeine.cache.Node.<init> (0x000074dd20260708) [0x000074dd20260800, 0x000074dd20260958] Compiler: c1, Barriers: 0, Oops: 1, ImmediateOops: 0, NonImmediateOops: No
[2,917s][debug][gc,nmethod     ] Register NMethod: java.util.concurrent.ConcurrentHashMap.size (0x000074dd20260a08) [0x000074dd20260b00, 0x000074dd20260ed0] Compiler: c1, Barriers: 0, Oops: 0, ImmediateOops: 0, NonImmediateOops: No
[2,917s][debug][gc,director    ] Rule Major: Warmup 10%, Used: 802MB, UsedThreshold: 1228MB
[2,917s][debug][gc,director    ] Rule Minor: High Usage, Free: 11444MB(93,1%)
[2,918s][debug][gc,nmethod     ] Register NMethod: ch.qos.logback.classic.Logger.debug (0x000074dd20260f08) [0x000074dd20261000, 0x000074dd20261170] Compiler: c1, Barriers: 0, Oops: 1, ImmediateOops: 2, NonImmediateOops: No
[2,918s][debug][gc,nmethod     ] Register NMethod: io.sirix.access.trx.page.NodePageReadOnlyTrx$PageFragmentsResult.storageKeyForFirstFragment (0x000074dd3eeb4508) [0x000074dd3eeb4600, 0x000074dd3eeb46c0] Compiler: c1, Barriers: 0, Oops: 1, ImmediateOops: 0, NonImmediateOops: No
[2,918s][debug][gc,nmethod     ] Register NMethod: io.sirix.access.trx.page.NodePageReadOnlyTrx$PageFragmentsResult.originalKeys (0x000074dd3eeb4808) [0x000074dd3eeb4900, 0x000074dd3eeb49e8] Compiler: c1, Barriers: 1, Oops: 1, ImmediateOops: 0, NonImmediateOops: No
[2,918s][debug][gc,nmethod     ] Register NMethod: io.sirix.BinaryEncodingVersion.fromByte (0x000074dd20261208) [0x000074dd20261300, 0x000074dd20261a80] Compiler: c1, Barriers: 1, Oops: 1, ImmediateOops: 1, NonImmediateOops: No
[2,919s][debug][gc,nmethod     ] Register NMethod: com.sun.org.apache.xerces.internal.xni.XMLString.<init> (0x000074dd20261b08) [0x000074dd20261c00, 0x000074dd20261d58] Compiler: c1, Barriers: 0, Oops: 0, ImmediateOops: 0, NonImmediateOops: No
[2,919s][debug][gc,nmethod     ] Register NMethod: com.sun.org.apache.xerces.internal.util.FeatureState.isExceptional (0x000074dd20261e08) [0x000074dd20261f00, 0x000074dd20262218] Compiler: c1, Barriers: 1, Oops: 0, ImmediateOops: 0, NonImmediateOops: No
[2,919s][debug][gc,nmethod     ] Register NMethod: io.sirix.page.KeyValueLeafPage.getRevision (0x000074dd3eeb4b08) [0x000074dd3eeb4c00, 0x000074dd3eeb4cc0] Compiler: c1, Barriers: 0, Oops: 1, ImmediateOops: 0, NonImmediateOops: No
[2,919s][debug][gc,nmethod     ] Register NMethod: com.github.benmanes.caffeine.cache.LocalCache.notifyOnReplace (0x000074dd20262288) [0x000074dd20262380, 0x000074dd20263a28] Compiler: c1, Barriers: 12, Oops: 3, ImmediateOops: 3, NonImmediateOops: No
[2,919s][debug][gc,nmethod     ] Register NMethod: com.github.benmanes.caffeine.cache.PS.<init> (0x000074dd20263a88) [0x000074dd20263b80, 0x000074dd20265f60] Compiler: c1, Barriers: 6, Oops: 9, ImmediateOops: 16, NonImmediateOops: No
[2,919s][debug][gc,nmethod     ] Register NMethod: com.github.benmanes.caffeine.cache.PS.isDead (0x000074dd20266008) [0x000074dd20266100, 0x000074dd20267540] Compiler: c1, Barriers: 1, Oops: 7, ImmediateOops: 9, NonImmediateOops: No
[2,919s][debug][gc,nmethod     ] Register NMethod: com.github.benmanes.caffeine.cache.BoundedLocalCache$RemovalTask.run (0x000074dd20267588) [0x000074dd20267680, 0x000074dd2026a988] Compiler: c1, Barriers: 13, Oops: 1, ImmediateOops: 0, NonImmediateOops: No
[2,920s][debug][gc,nmethod     ] Register NMethod: com.github.benmanes.caffeine.cache.PS.die (0x000074dd2026aa08) [0x000074dd2026ab00, 0x000074dd2026cad8] Compiler: c1, Barriers: 6, Oops: 10, ImmediateOops: 17, NonImmediateOops: No
[2,920s][debug][gc,nmethod     ] Register NMethod: com.sun.org.apache.xerces.internal.util.SymbolTable$Entry.<init> (0x000074dd2026cb88) [0x000074dd2026cc80, 0x000074dd2026d358] Compiler: c1, Barriers: 10, Oops: 0, ImmediateOops: 0, NonImmediateOops: No
[2,920s][debug][gc,nmethod     ] Register NMethod: it.unimi.dsi.fastutil.ints.Int2ObjectOpenHashMap.containsKey (0x000074dd2026d388) [0x000074dd2026d480, 0x000074dd2026d880] Compiler: c1, Barriers: 1, Oops: 1, ImmediateOops: 0, NonImmediateOops: No
[2,920s][debug][gc,nmethod     ] Register NMethod: io.sirix.index.path.summary.PathSummaryReader.lambda$putQNameMapping$0 (0x000074dd2026d908) [0x000074dd2026da00, 0x000074dd2026de98] Compiler: c1, Barriers: 3, Oops: 1, ImmediateOops: 0, NonImmediateOops: No
[2,920s][debug][gc,nmethod     ] Register NMethod: io.sirix.index.path.summary.PathSummaryReader$$Lambda/0x00000000692b1138.apply (0x000074dd2026df08) [0x000074dd2026e000, 0x000074dd2026e720] Compiler: c1, Barriers: 3, Oops: 1, ImmediateOops: 0, NonImmediateOops: No
[2,920s][debug][gc,nmethod     ] Register NMethod: com.github.benmanes.caffeine.cache.BoundedLocalCache.makeDead (0x000074dd2026e788) [0x000074dd2026e880, 0x000074dd20274338] Compiler: c1, Barriers: 7, Oops: 11, ImmediateOops: 26, NonImmediateOops: No
[2,921s][debug][gc,nmethod     ] Register NMethod: io.sirix.page.AbstractForwardingPage.getOrCreateReference (0x000074dd3eeb4e08) [0x000074dd3eeb4f00, 0x000074dd3eeb54b8] Compiler: jvmci, Barriers: 8, Oops: 1, ImmediateOops: 0, NonImmediateOops: No
[2,921s][debug][gc,nmethod     ] Register NMethod: com.github.benmanes.caffeine.cache.BoundedLocalCache$AddTask.run (0x000074dd20274408) [0x000074dd20274500, 0x000074dd20280e50] Compiler: c1, Barriers: 37, Oops: 11, ImmediateOops: 38, NonImmediateOops: No
[2,925s][debug][gc,nmethod     ] Register NMethod: java.lang.StringConcatHelper.newArrayWithSuffix (0x000074dd3eeb5508) [0x000074dd3eeb5600, 0x000074dd3eeb5c90] Compiler: jvmci, Barriers: 1, Oops: 0, ImmediateOops: 0, NonImmediateOops: No
[2,928s][debug][gc,director    ] Rule Major: Warmup 10%, Used: 808MB, UsedThreshold: 1228MB
[2,928s][debug][gc,director    ] Rule Minor: High Usage, Free: 11438MB(93,1%)
[2,931s][debug][gc,nmethod     ] Register NMethod: io.sirix.page.IndirectPage.getOrCreateReference (0x000074dd20280f08) [0x000074dd20281000, 0x000074dd20282500] Compiler: c1, Barriers: 8, Oops: 1, ImmediateOops: 0, NonImmediateOops: No
[2,932s][debug][gc,nmethod     ] Register NMethod: java.util.concurrent.locks.ReentrantLock.lock (0x000074dd3eeb5d08) [0x000074dd3eeb5e00, 0x000074dd3eeb6198] Compiler: jvmci, Barriers: 10, Oops: 0, ImmediateOops: 0, NonImmediateOops: No
[2,933s][debug][gc,nmethod     ] Register NMethod: io.sirix.node.NullNode.<init> (0x000074dd3eeb6208) [0x000074dd3eeb6300, 0x000074dd3eeb6448] Compiler: jvmci, Barriers: 3, Oops: 1, ImmediateOops: 0, NonImmediateOops: No
[2,938s][debug][gc,director    ] Rule Major: Warmup 10%, Used: 818MB, UsedThreshold: 1228MB
[2,938s][debug][gc,director    ] Rule Minor: High Usage, Free: 11428MB(93,0%)
[2,939s][debug][gc,nmethod     ] Register NMethod: io.sirix.page.PageKind$1.deserializePage (0x000074dd3eeb6508) [0x000074dd3eeb6600, 0x000074dd3eeb9ab8] Compiler: jvmci, Barriers: 35, Oops: 7, ImmediateOops: 1, NonImmediateOops: No
[2,943s][debug][gc,nmethod     ] Register NMethod: io.sirix.access.trx.node.xml.XmlNodeTrxImpl.nodeReadOnlyTrxDelegate (0x000074dd3eeb9b08) [0x000074dd3eeb9c00, 0x000074dd3eeb9d08] Compiler: jvmci, Barriers: 1, Oops: 1, ImmediateOops: 0, NonImmediateOops: No
[2,945s][debug][gc,nmethod     ] Register NMethod: io.sirix.node.xml.AbstractStructForwardingNode.getFirstChildKey (0x000074dd3eeb9e08) [0x000074dd3eeb9f00, 0x000074dd3eeba0a0] Compiler: jvmci, Barriers: 2, Oops: 1, ImmediateOops: 0, NonImmediateOops: No
[2,946s][debug][gc,nmethod     ] Register NMethod: io.sirix.page.PageKind$1.serializePage (0x000074dd3eeba108) [0x000074dd3eeba200, 0x000074dd3eec21a8] Compiler: jvmci, Barriers: 126, Oops: 12, ImmediateOops: 5, NonImmediateOops: No
[2,947s][debug][gc,nmethod     ] Register NMethod: com.sun.org.apache.xerces.internal.util.SymbolTable.addSymbol0 (0x000074dd20282588) [0x000074dd20282680, 0x000074dd20283148] Compiler: c1, Barriers: 14, Oops: 0, ImmediateOops: 0, NonImmediateOops: No
[2,948s][debug][gc,director    ] Rule Major: Warmup 10%, Used: 826MB, UsedThreshold: 1228MB
[2,948s][debug][gc,director    ] Rule Minor: High Usage, Free: 11420MB(92,9%)
[2,953s][debug][gc,nmethod     ] Register NMethod: sun.nio.cs.UTF_8$Decoder.decodeArrayLoop (0x000074dd3eec2288) [0x000074dd3eec2380, 0x000074dd3eec39c0] Compiler: jvmci, Barriers: 2, Oops: 0, ImmediateOops: 1, NonImmediateOops: No
[2,958s][debug][gc,director    ] Rule Major: Warmup 10%, Used: 838MB, UsedThreshold: 1228MB
[2,958s][debug][gc,director    ] Rule Minor: High Usage, Free: 11408MB(92,8%)
[2,959s][debug][gc,alloc       ] Mutator Allocation Rate: 450,8MB/s Predicted: 474,0MB/s, Avg: 403,4(+/-86,2)MB/s
[2,959s][debug][gc,director    ] Rule Major: Warmup 10%, Used: 840MB, UsedThreshold: 1228MB
[2,959s][debug][gc,director    ] Rule Minor: High Usage, Free: 11406MB(92,8%)
[2,961s][debug][gc,nmethod     ] Register NMethod: java.util.concurrent.ForkJoinPool.runWorker (0x000074dd3eec3a08) [0x000074dd3eec3b00, 0x000074dd3eec7620] Compiler: jvmci, Barriers: 101, Oops: 1, ImmediateOops: 1, NonImmediateOops: No
[2,963s][debug][gc,nmethod     ] Register NMethod: io.brackit.query.atomic.QNm.hashCode (0x000074dd3eec7688) [0x000074dd3eec7780, 0x000074dd3eec7ab8] Compiler: jvmci, Barriers: 4, Oops: 1, ImmediateOops: 0, NonImmediateOops: No
[2,970s][debug][gc,director    ] Rule Major: Warmup 10%, Used: 850MB, UsedThreshold: 1228MB
[2,970s][debug][gc,director    ] Rule Minor: High Usage, Free: 11396MB(92,7%)
[2,973s][debug][gc,nmethod     ] Register NMethod: io.sirix.utils.OS.isWindows (0x000074dd3eec7b08) [0x000074dd3eec7c00, 0x000074dd3eec7c68] Compiler: jvmci, Barriers: 0, Oops: 1, ImmediateOops: 0, NonImmediateOops: No
[2,978s][debug][gc,nmethod     ] Register NMethod: io.sirix.access.trx.page.NodePageReadOnlyTrx.getUberPage (0x000074dd20283188) [0x000074dd20283280, 0x000074dd202836f0] Compiler: c1, Barriers: 1, Oops: 1, ImmediateOops: 1, NonImmediateOops: No
[2,980s][debug][gc,director    ] Rule Major: Warmup 10%, Used: 858MB, UsedThreshold: 1228MB
[2,980s][debug][gc,director    ] Rule Minor: High Usage, Free: 11388MB(92,7%)
[2,985s][debug][gc,nmethod     ] Register NMethod: com.sun.org.apache.xerces.internal.util.SymbolTable.hash (0x000074dd20283708) [0x000074dd20283800, 0x000074dd20283bb8] Compiler: c1, Barriers: 1, Oops: 0, ImmediateOops: 0, NonImmediateOops: No
[2,987s][debug][gc,nmethod     ] Register NMethod: io.sirix.access.trx.page.NodePageTrx$1.removeEldestEntry (0x000074dd20283c08) [0x000074dd20283d00, 0x000074dd20284468] Compiler: c1, Barriers: 0, Oops: 1, ImmediateOops: 0, NonImmediateOops: No
[2,988s][debug][gc,nmethod     ] Register NMethod: io.sirix.access.trx.page.AbstractForwardingPageReadOnlyTrx.getUberPage (0x000074dd20284488) [0x000074dd20284580, 0x000074dd20284ab8] Compiler: c1, Barriers: 2, Oops: 1, ImmediateOops: 1, NonImmediateOops: No
[2,990s][debug][gc,director    ] Rule Major: Warmup 10%, Used: 868MB, UsedThreshold: 1228MB
[2,990s][debug][gc,director    ] Rule Minor: High Usage, Free: 11378MB(92,6%)
[2,995s][debug][gc,nmethod     ] Register NMethod: java.util.concurrent.CountedCompleter.<init> (0x000074dd20284b08) [0x000074dd20284c00, 0x000074dd20284e30] Compiler: c1, Barriers: 3, Oops: 0, ImmediateOops: 0, NonImmediateOops: No
[2,995s][debug][gc,nmethod     ] Register NMethod: java.util.concurrent.CountedCompleter.addToPendingCount (0x000074dd20284e88) [0x000074dd20284f80, 0x000074dd20285088] Compiler: c1, Barriers: 0, Oops: 0, ImmediateOops: 0, NonImmediateOops: No
[2,995s][debug][gc,nmethod     ] Register NMethod: java.util.concurrent.ForkJoinTask.fork (0x000074dd20285188) [0x000074dd20285280, 0x000074dd20285cb8] Compiler: c1, Barriers: 3, Oops: 1, ImmediateOops: 1, NonImmediateOops: No
[2,995s][debug][gc,nmethod     ] Register NMethod: io.sirix.access.trx.page.NodePageTrx$$Lambda/0x0000000069296a80.test (0x000074dd20285d08) [0x000074dd20285e00, 0x000074dd20286388] Compiler: c1, Barriers: 0, Oops: 1, ImmediateOops: 0, NonImmediateOops: No
[2,995s][debug][gc,nmethod     ] Register NMethod: java.util.ArrayList$ArrayListSpliterator.trySplit (0x000074dd20286408) [0x000074dd20286500, 0x000074dd20286a90] Compiler: c1, Barriers: 5, Oops: 0, ImmediateOops: 0, NonImmediateOops: No
[2,996s][debug][gc,nmethod     ] Register NMethod: java.util.concurrent.CountedCompleter.exec (0x000074dd20286b08) [0x000074dd20286c00, 0x000074dd20286d50] Compiler: c1, Barriers: 0, Oops: 0, ImmediateOops: 0, NonImmediateOops: No
[2,996s][debug][gc,nmethod     ] Register NMethod: io.sirix.access.trx.page.NodePageTrx$$Lambda/0x0000000069296838.apply (0x000074dd20286e08) [0x000074dd20286f00, 0x000074dd20287418] Compiler: c1, Barriers: 1, Oops: 1, ImmediateOops: 0, NonImmediateOops: No
[2,996s][debug][gc,nmethod     ] Register NMethod: sun.security.provider.SHA2$SHA256.clone (0x000074dd20287488) [0x000074dd20287580, 0x000074dd20287f90] Compiler: c1, Barriers: 14, Oops: 0, ImmediateOops: 0, NonImmediateOops: No
[2,996s][debug][gc,nmethod     ] Register NMethod: java.util.stream.AbstractPipeline.evaluate (0x000074dd20288008) [0x000074dd20288100, 0x000074dd20289890] Compiler: c1, Barriers: 1, Oops: 0, ImmediateOops: 0, NonImmediateOops: No
[2,996s][debug][gc,nmethod     ] Register NMethod: java.util.stream.ReferencePipeline.makeNodeBuilder (0x000074dd20289908) [0x000074dd20289a00, 0x000074dd20289b38] Compiler: c1, Barriers: 0, Oops: 0, ImmediateOops: 0, NonImmediateOops: No
[2,997s][debug][gc,nmethod     ] Register NMethod: java.util.stream.Nodes.builder (0x000074dd20289c08) [0x000074dd20289d00, 0x000074dd2028a2d8] Compiler: c1, Barriers: 3, Oops: 0, ImmediateOops: 0, NonImmediateOops: No
[2,997s][debug][gc,nmethod     ] Register NMethod: java.util.ArrayList$ArrayListSpliterator.trySplit (0x000074dd2028a308) [0x000074dd2028a400, 0x000074dd2028a6f8] Compiler: c1, Barriers: 0, Oops: 0, ImmediateOops: 0, NonImmediateOops: No
[2,997s][debug][gc,nmethod     ] Register NMethod: java.util.stream.ForEachOps$ForEachTask.<init> (0x000074dd2028a708) [0x000074dd2028a800, 0x000074dd2028ac68] Compiler: c1, Barriers: 14, Oops: 0, ImmediateOops: 0, NonImmediateOops: No
[2,997s][debug][gc,nmethod     ] Register NMethod: java.util.stream.SpinedBuffer.capacity (0x000074dd2028ac88) [0x000074dd2028ad80, 0x000074dd2028b020] Compiler: c1, Barriers: 4, Oops: 0, ImmediateOops: 0, NonImmediateOops: No
[2,997s][debug][gc,nmethod     ] Register NMethod: sun.security.provider.DigestBase.implCompressMultiBlockCheck (0x000074dd2028b088) [0x000074dd2028b180, 0x000074dd2028b590] Compiler: c1, Barriers: 0, Oops: 1, ImmediateOops: 1, NonImmediateOops: No
[2,998s][debug][gc,nmethod     ] Register NMethod: java.util.concurrent.CountedCompleter.weakCompareAndSetPendingCount (0x000074dd2028b608) [0x000074dd2028b700, 0x000074dd2028ba10] Compiler: c1, Barriers: 0, Oops: 0, ImmediateOops: 1, NonImmediateOops: No
[2,998s][debug][gc,nmethod     ] Register NMethod: java.util.Arrays.sort (0x000074dd2028ba88) [0x000074dd2028bb80, 0x000074dd2028bdb0] Compiler: c1, Barriers: 0, Oops: 0, ImmediateOops: 0, NonImmediateOops: No
[2,998s][debug][gc,nmethod     ] Register NMethod: java.util.stream.ForEachOps$ForEachTask.compute (0x000074dd2028be08) [0x000074dd2028bf00, 0x000074dd2028dd98] Compiler: c1, Barriers: 21, Oops: 1, ImmediateOops: 1, NonImmediateOops: No
[2,998s][debug][gc,nmethod     ] Register NMethod: java.util.stream.SortedOps$AbstractRefSortingSink.<init> (0x000074dd2028de08) [0x000074dd2028df00, 0x000074dd2028e510] Compiler: c1, Barriers: 6, Oops: 0, ImmediateOops: 0, NonImmediateOops: No
[2,998s][debug][gc,nmethod     ] Register NMethod: java.util.stream.ReferencePipeline$StatefulOp.<init> (0x000074dd2028e588) [0x000074dd2028e680, 0x000074dd2028e838] Compiler: c1, Barriers: 0, Oops: 0, ImmediateOops: 0, NonImmediateOops: No
[2,998s][debug][gc,nmethod     ] Register NMethod: java.util.stream.SortedOps$OfRef.opWrapSink (0x000074dd2028e888) [0x000074dd2028e980, 0x000074dd2028fe90] Compiler: c1, Barriers: 14, Oops: 2, ImmediateOops: 2, NonImmediateOops: No
[2,998s][debug][gc,nmethod     ] Register NMethod: net.jpountz.lz4.LZ4BlockOutputStream.writeIntLE (0x000074dd3eec7e08) [0x000074dd3eec7f00, 0x000074dd3eec8018] Compiler: jvmci, Barriers: 0, Oops: 1, ImmediateOops: 0, NonImmediateOops: No
[2,998s][debug][gc,nmethod     ] Register NMethod: com.google.common.hash.MessageDigestHashFunction$MessageDigestHasher.<init> (0x000074dd2028ff08) [0x000074dd20290000, 0x000074dd20290558] Compiler: c1, Barriers: 6, Oops: 1, ImmediateOops: 1, NonImmediateOops: No
[3,000s][debug][gc,nmethod     ] Register NMethod: io.sirix.io.bytepipe.ByteHandlerPipeline.serialize (0x000074dd20290588) [0x000074dd20290680, 0x000074dd202912a0] Compiler: c1, Barriers: 1, Oops: 1, ImmediateOops: 0, NonImmediateOops: No
[3,000s][debug][gc,nmethod     ] Register NMethod: java.util.ArrayList.forEach (0x000074dd20291308) [0x000074dd20291400, 0x000074dd20291b00] Compiler: c1, Barriers: 2, Oops: 0, ImmediateOops: 0, NonImmediateOops: No
[3,000s][debug][gc,director    ] Rule Major: Warmup 10%, Used: 900MB, UsedThreshold: 1228MB
[3,000s][debug][gc,director    ] Rule Minor: High Usage, Free: 11346MB(92,3%)
[3,001s][debug][gc,nmethod     ] Register NMethod: com.google.common.hash.MessageDigestHashFunction$MessageDigestHasher.<init> (0x000074dd20291b08) [0x000074dd20291c00, 0x000074dd202921c0] Compiler: c1, Barriers: 6, Oops: 1, ImmediateOops: 1, NonImmediateOops: No
[3,001s][debug][gc,nmethod     ] Register NMethod: java.util.stream.Nodes$SpinedNodeBuilder.begin (0x000074dd20292208) [0x000074dd20292300, 0x000074dd20292818] Compiler: c1, Barriers: 0, Oops: 0, ImmediateOops: 0, NonImmediateOops: No
[3,001s][debug][gc,nmethod     ] Register NMethod: java.util.stream.Nodes$SpinedNodeBuilder.end (0x000074dd20292888) [0x000074dd20292980, 0x000074dd20292a98] Compiler: c1, Barriers: 0, Oops: 0, ImmediateOops: 0, NonImmediateOops: No
[3,001s][debug][gc,nmethod     ] Register NMethod: java.io.FilterOutputStream.close (0x000074dd20292b88) [0x000074dd20292c80, 0x000074dd20293c68] Compiler: c1, Barriers: 4, Oops: 0, ImmediateOops: 0, NonImmediateOops: No
[3,002s][debug][gc,nmethod     ] Register NMethod: java.security.MessageDigest.update (0x000074dd20293c88) [0x000074dd20293d80, 0x000074dd202944c0] Compiler: c1, Barriers: 1, Oops: 0, ImmediateOops: 2, NonImmediateOops: No
[3,002s][debug][gc,nmethod     ] Register NMethod: com.google.common.hash.MessageDigestHashFunction$MessageDigestHasher.hash (0x000074dd20294508) [0x000074dd20294600, 0x000074dd20297100] Compiler: c1, Barriers: 13, Oops: 2, ImmediateOops: 2, NonImmediateOops: No
[3,002s][debug][gc,nmethod     ] Register NMethod: java.util.stream.SpinedBuffer.copyInto (0x000074dd20297188) [0x000074dd20297280, 0x000074dd20297e78] Compiler: c1, Barriers: 7, Oops: 0, ImmediateOops: 1, NonImmediateOops: No
[3,002s][debug][gc,nmethod     ] Register NMethod: java.util.stream.SpinedBuffer.clear (0x000074dd20297e88) [0x000074dd20297f80, 0x000074dd20298a00] Compiler: c1, Barriers: 19, Oops: 0, ImmediateOops: 0, NonImmediateOops: No
[3,002s][debug][gc,nmethod     ] Register NMethod: java.util.stream.Nodes$SpinedNodeBuilder.copyInto (0x000074dd20298a08) [0x000074dd20298b00, 0x000074dd20298c40] Compiler: c1, Barriers: 0, Oops: 0, ImmediateOops: 0, NonImmediateOops: No
[3,002s][debug][gc,nmethod     ] Register NMethod: java.util.stream.Nodes$SpinedNodeBuilder.asArray (0x000074dd20298d08) [0x000074dd20298e00, 0x000074dd20298f40] Compiler: c1, Barriers: 0, Oops: 0, ImmediateOops: 0, NonImmediateOops: No
[3,003s][debug][gc,nmethod     ] Register NMethod: java.util.stream.Nodes$SpinedNodeBuilder.build (0x000074dd20299008) [0x000074dd20299100, 0x000074dd20299210] Compiler: c1, Barriers: 0, Oops: 0, ImmediateOops: 0, NonImmediateOops: No
[3,003s][debug][gc,nmethod     ] Register NMethod: java.util.stream.ReferencePipeline$$Lambda/0x00000000691f1bf0.apply (0x000074dd20299308) [0x000074dd20299400, 0x000074dd202995e0] Compiler: c1, Barriers: 0, Oops: 0, ImmediateOops: 0, NonImmediateOops: No
[3,003s][debug][gc,nmethod     ] Register NMethod: com.google.common.hash.MessageDigestHashFunction.newHasher (0x000074dd20299608) [0x000074dd20299700, 0x000074dd2029abb0] Compiler: c1, Barriers: 15, Oops: 1, ImmediateOops: 2, NonImmediateOops: No
[3,003s][debug][gc,nmethod     ] Register NMethod: java.util.stream.SpinedBuffer.asArray (0x000074dd2029ac08) [0x000074dd2029ad00, 0x000074dd2029b7f0] Compiler: c1, Barriers: 1, Oops: 0, ImmediateOops: 1, NonImmediateOops: No
[3,003s][debug][gc,nmethod     ] Register NMethod: java.util.stream.ReferencePipeline.lambda$toArray$0 (0x000074dd2029b808) [0x000074dd2029b900, 0x000074dd2029ba68] Compiler: c1, Barriers: 0, Oops: 0, ImmediateOops: 0, NonImmediateOops: No
[3,003s][debug][gc,nmethod     ] Register NMethod: io.sirix.access.trx.page.NodePageTrx.lambda$parallelSerializationOfKeyValuePages$0 (0x000074dd2029bb08) [0x000074dd2029bc00, 0x000074dd2029bee8] Compiler: c1, Barriers: 0, Oops: 1, ImmediateOops: 0, NonImmediateOops: No
[3,003s][debug][gc,nmethod     ] Register NMethod: java.util.stream.SortedOps$RefSortingSink$$Lambda/0x00000000691ffae8.<init> (0x000074dd2029bf08) [0x000074dd2029c000, 0x000074dd2029c1d0] Compiler: c1, Barriers: 3, Oops: 0, ImmediateOops: 0, NonImmediateOops: No
[3,003s][debug][gc,nmethod     ] Register NMethod: java.util.stream.SortedOps.makeRef (0x000074dd2029c208) [0x000074dd2029c300, 0x000074dd2029c490] Compiler: c1, Barriers: 0, Oops: 0, ImmediateOops: 0, NonImmediateOops: No
[3,003s][debug][gc,nmethod     ] Register NMethod: java.util.ArrayList.sortRange (0x000074dd2029c508) [0x000074dd2029c600, 0x000074dd2029c830] Compiler: c1, Barriers: 1, Oops: 0, ImmediateOops: 0, NonImmediateOops: No
[3,003s][debug][gc,nmethod     ] Register NMethod: java.util.stream.ReferencePipeline.sorted (0x000074dd2029c888) [0x000074dd2029c980, 0x000074dd2029cb88] Compiler: c1, Barriers: 0, Oops: 0, ImmediateOops: 0, NonImmediateOops: No
[3,003s][debug][gc,nmethod     ] Register NMethod: java.util.stream.SortedOps$RefSortingSink.begin (0x000074dd2029cc08) [0x000074dd2029cd00, 0x000074dd2029d2c0] Compiler: c1, Barriers: 6, Oops: 0, ImmediateOops: 2, NonImmediateOops: No
[3,003s][debug][gc,nmethod     ] Register NMethod: java.util.stream.SpinedBuffer.ensureCapacity (0x000074dd2029d308) [0x000074dd2029d400, 0x000074dd2029ec00] Compiler: c1, Barriers: 26, Oops: 0, ImmediateOops: 0, NonImmediateOops: No
[3,004s][debug][gc,nmethod     ] Register NMethod: java.util.ArrayList.sort (0x000074dd2029ec08) [0x000074dd2029ed00, 0x000074dd2029ee60] Compiler: c1, Barriers: 0, Oops: 0, ImmediateOops: 0, NonImmediateOops: No
[3,004s][debug][gc,nmethod     ] Register NMethod: java.util.stream.SortedOps$OfRef.<init> (0x000074dd2029ef08) [0x000074dd2029f000, 0x000074dd2029f610] Compiler: c1, Barriers: 3, Oops: 1, ImmediateOops: 0, NonImmediateOops: No
[3,004s][debug][gc,nmethod     ] Register NMethod: io.sirix.access.trx.page.NodePageTrx.lambda$parallelSerializationOfKeyValuePages$1 (0x000074dd2029f688) [0x000074dd2029f780, 0x000074dd202a0248] Compiler: c1, Barriers: 6, Oops: 2, ImmediateOops: 3, NonImmediateOops: No
[3,004s][debug][gc,nmethod     ] Register NMethod: jdk.internal.misc.Unsafe.putReferenceOpaque (0x000074dd3eec8108) [0x000074dd3eec8200, 0x000074dd3eec82f0] Compiler: jvmci, Barriers: 3, Oops: 0, ImmediateOops: 0, NonImmediateOops: No
[3,004s][debug][gc,nmethod     ] Register NMethod: java.util.stream.SortedOps$RefSortingSink.end (0x000074dd202a0288) [0x000074dd202a0380, 0x000074dd202a1c98] Compiler: c1, Barriers: 20, Oops: 1, ImmediateOops: 2, NonImmediateOops: No
[3,004s][debug][gc,nmethod     ] Register NMethod: io.sirix.access.trx.page.NodePageTrx$$Lambda/0x0000000069296cd8.accept (0x000074dd202a1d08) [0x000074dd202a1e00, 0x000074dd202a2190] Compiler: c1, Barriers: 1, Oops: 1, ImmediateOops: 0, NonImmediateOops: No
[3,004s][debug][gc,nmethod     ] Register NMethod: jdk.internal.foreign.ConfinedSession.justClose (0x000074dd202a2208) [0x000074dd202a2300, 0x000074dd202a3bb8] Compiler: c1, Barriers: 3, Oops: 5, ImmediateOops: 7, NonImmediateOops: No
[3,004s][debug][gc,nmethod     ] Register NMethod: jdk.internal.foreign.ConfinedSession$ConfinedResourceList.cleanup (0x000074dd202a3c08) [0x000074dd202a3d00, 0x000074dd202a43b0] Compiler: c1, Barriers: 5, Oops: 0, ImmediateOops: 4, NonImmediateOops: No
[3,004s][debug][gc,nmethod     ] Register NMethod: java.lang.invoke.VarHandleInts$FieldInstanceReadOnly.getVolatile (0x000074dd202a4408) [0x000074dd202a4500, 0x000074dd202a4ef0] Compiler: c1, Barriers: 1, Oops: 1, ImmediateOops: 0, NonImmediateOops: No
[3,005s][debug][gc,nmethod     ] Register NMethod: io.sirix.io.filechannel.FileChannelWriter.write (0x000074dd202a4f08) [0x000074dd202a5000, 0x000074dd202a52f8] Compiler: c1, Barriers: 0, Oops: 1, ImmediateOops: 0, NonImmediateOops: No
[3,005s][debug][gc,nmethod     ] Register NMethod: io.sirix.io.filechannel.FileChannelWriter.getOffset (0x000074dd202a5308) [0x000074dd202a5400, 0x000074dd202a58a8] Compiler: c1, Barriers: 3, Oops: 1, ImmediateOops: 0, NonImmediateOops: No
[3,005s][debug][gc,nmethod     ] Register NMethod: io.sirix.io.filechannel.FileChannelWriter.write (0x000074dd202a5908) [0x000074dd202a5a00, 0x000074dd202a5ca8] Compiler: c1, Barriers: 0, Oops: 1, ImmediateOops: 0, NonImmediateOops: No
[3,005s][debug][gc,nmethod     ] Register NMethod: io.sirix.access.trx.page.NodePageTrx.commit (0x000074dd202a5d08) [0x000074dd202a5e00, 0x000074dd202a8088] Compiler: c1, Barriers: 12, Oops: 1, ImmediateOops: 2, NonImmediateOops: No
[3,008s][debug][gc,nmethod     ] Register NMethod: io.sirix.page.SerializationType.writeHash (0x000074dd202a8108) [0x000074dd202a8200, 0x000074dd202a8d10] Compiler: c1, Barriers: 5, Oops: 1, ImmediateOops: 0, NonImmediateOops: No
[3,008s][debug][gc,nmethod     ] Register NMethod: io.sirix.page.SerializationType.writePageFragments (0x000074dd202a8d88) [0x000074dd202a8e80, 0x000074dd202aa320] Compiler: c1, Barriers: 5, Oops: 1, ImmediateOops: 0, NonImmediateOops: No
[3,009s][debug][gc,nmethod     ] Register NMethod: io.sirix.page.KeyValueLeafPage.commit (0x000074dd202aa388) [0x000074dd202aa480, 0x000074dd202ac3a8] Compiler: c1, Barriers: 5, Oops: 1, ImmediateOops: 2, NonImmediateOops: No
[3,009s][debug][gc,nmethod     ] Register NMethod: jdk.internal.foreign.GlobalSession.release0 (0x000074dd3eec8408) [0x000074dd3eec8500, 0x000074dd3eec8580] Compiler: jvmci, Barriers: 0, Oops: 0, ImmediateOops: 0, NonImmediateOops: No
[3,009s][debug][gc,nmethod     ] Register NMethod: jdk.internal.foreign.GlobalSession.acquire0 (0x000074dd3eec8708) [0x000074dd3eec8800, 0x000074dd3eec8880] Compiler: jvmci, Barriers: 0, Oops: 0, ImmediateOops: 0, NonImmediateOops: No
[3,010s][debug][gc,director    ] Rule Major: Warmup 10%, Used: 920MB, UsedThreshold: 1228MB
[3,010s][debug][gc,director    ] Rule Minor: High Usage, Free: 11326MB(92,2%)
[3,011s][debug][gc,nmethod     ] Register NMethod: org.gradle.internal.remote.internal.hub.protocol.ChannelMessage.getPayload (0x000074dd3eec8a08) [0x000074dd3eec8b00, 0x000074dd3eec8be8] Compiler: c1, Barriers: 1, Oops: 1, ImmediateOops: 0, NonImmediateOops: No
[3,014s][debug][gc,nmethod     ] Register NMethod: com.github.benmanes.caffeine.cache.PSMW.newNode (0x000074dd202ac408) [0x000074dd202ac500, 0x000074dd202ac6b0] Compiler: c1, Barriers: 0, Oops: 1, ImmediateOops: 0, NonImmediateOops: No
[3,014s][debug][gc,nmethod     ] Register NMethod: com.github.benmanes.caffeine.cache.PSMW.<init> (0x000074dd202ac708) [0x000074dd202ac800, 0x000074dd202aec48] Compiler: c1, Barriers: 6, Oops: 9, ImmediateOops: 16, NonImmediateOops: No
[3,015s][debug][gc,nmethod     ] Register NMethod: com.github.benmanes.caffeine.cache.BoundedLocalCache.refreshIfNeeded (0x000074dd202aed08) [0x000074dd202aee00, 0x000074dd202af140] Compiler: c1, Barriers: 0, Oops: 1, ImmediateOops: 0, NonImmediateOops: No
[3,015s][debug][gc,nmethod     ] Register NMethod: com.github.benmanes.caffeine.cache.BLCHeader$DrainStatusRef.shouldDrainBuffers (0x000074dd202af188) [0x000074dd202af280, 0x000074dd202b0558] Compiler: c1, Barriers: 0, Oops: 6, ImmediateOops: 6, NonImmediateOops: No
[3,016s][debug][gc,nmethod     ] Register NMethod: io.sirix.access.trx.page.AbstractForwardingPageReadOnlyTrx.getCurrentMaxIndirectPageTreeLevel (0x000074dd202b0608) [0x000074dd202b0700, 0x000074dd202b08b0] Compiler: c1, Barriers: 1, Oops: 1, ImmediateOops: 0, NonImmediateOops: No
[3,016s][debug][gc,nmethod     ] Register NMethod: java.util.stream.ReferencePipeline$3.<init> (0x000074dd202b0908) [0x000074dd202b0a00, 0x000074dd202b0de0] Compiler: c1, Barriers: 3, Oops: 0, ImmediateOops: 0, NonImmediateOops: No
[3,017s][debug][gc,nmethod     ] Register NMethod: java.util.stream.ReferencePipeline$3$1.<init> (0x000074dd202b0e08) [0x000074dd202b0f00, 0x000074dd202b1658] Compiler: c1, Barriers: 6, Oops: 0, ImmediateOops: 0, NonImmediateOops: No
[3,017s][debug][gc,nmethod     ] Register NMethod: java.util.stream.ReferencePipeline$3.opWrapSink (0x000074dd202b1688) [0x000074dd202b1780, 0x000074dd202b1ef8] Compiler: c1, Barriers: 7, Oops: 0, ImmediateOops: 0, NonImmediateOops: No
[3,017s][debug][gc,nmethod     ] Register NMethod: io.sirix.page.PageFragmentKeyImpl.key (0x000074dd3eec8d08) [0x000074dd3eec8e00, 0x000074dd3eec8ec0] Compiler: c1, Barriers: 0, Oops: 1, ImmediateOops: 0, NonImmediateOops: No
[3,017s][debug][gc,nmethod     ] Register NMethod: java.util.stream.ReferencePipeline.map (0x000074dd202b1f08) [0x000074dd202b2000, 0x000074dd202b2510] Compiler: c1, Barriers: 3, Oops: 1, ImmediateOops: 0, NonImmediateOops: No
[3,017s][debug][gc,nmethod     ] Register NMethod: io.sirix.access.trx.page.TreeModifierImpl.prepareLeafOfTree (0x000074dd202b2588) [0x000074dd202b2680, 0x000074dd202b5fb8] Compiler: c1, Barriers: 20, Oops: 1, ImmediateOops: 2, NonImmediateOops: No
[3,017s][debug][gc,nmethod     ] Register NMethod: java.util.concurrent.ForkJoinPool.runWorker (0x000074dd202b6008) [0x000074dd202b6100, 0x000074dd202b7e40] Compiler: c1, Barriers: 13, Oops: 1, ImmediateOops: 1, NonImmediateOops: No
[3,018s][debug][gc,nmethod     ] Register NMethod: io.sirix.index.path.summary.PathSummaryReader.lambda$new$0 (0x000074dd202b7e88) [0x000074dd202b7f80, 0x000074dd202b8418] Compiler: c1, Barriers: 3, Oops: 1, ImmediateOops: 0, NonImmediateOops: No
[3,018s][debug][gc,nmethod     ] Register NMethod: io.sirix.index.path.summary.PathSummaryReader$$Lambda/0x00000000692be008.apply (0x000074dd202b8488) [0x000074dd202b8580, 0x000074dd202b8ca0] Compiler: c1, Barriers: 3, Oops: 1, ImmediateOops: 0, NonImmediateOops: No
[3,018s][debug][gc,nmethod     ] Register NMethod: it.unimi.dsi.fastutil.ints.Int2IntOpenHashMap.getOrDefault (0x000074dd3eec9008) [0x000074dd3eec9100, 0x000074dd3eec9250] Compiler: jvmci, Barriers: 1, Oops: 1, ImmediateOops: 0, NonImmediateOops: No
[3,019s][debug][gc,nmethod     ] Register NMethod: io.sirix.access.trx.page.NodePageTrx.lambda$prepareRecordPage$0 (0x000074dd202b8d08) [0x000074dd202b8e00, 0x000074dd202bebc8] Compiler: c1, Barriers: 26, Oops: 2, ImmediateOops: 15, NonImmediateOops: No
[3,019s][debug][gc,nmethod     ] Register NMethod: java.util.concurrent.ConcurrentHashMap.addCount (0x000074dd3eec9308) [0x000074dd3eec9400, 0x000074dd3eec97f8] Compiler: jvmci, Barriers: 4, Oops: 0, ImmediateOops: 0, NonImmediateOops: No
[3,020s][debug][gc,nmethod     ] Register NMethod: java.lang.ThreadLocal.initialValue (0x000074dd3eec9808) [0x000074dd3eec9900, 0x000074dd3eec99c8] Compiler: c1, Barriers: 0, Oops: 0, ImmediateOops: 0, NonImmediateOops: No
[3,020s][debug][gc,nmethod     ] Register NMethod: org.gradle.internal.remote.internal.hub.MessageHub.access$700 (0x000074dd3eec9b08) [0x000074dd3eec9c00, 0x000074dd3eec9cd0] Compiler: c1, Barriers: 1, Oops: 1, ImmediateOops: 0, NonImmediateOops: No
[3,020s][debug][gc,nmethod     ] Register NMethod: org.gradle.internal.serialize.kryo.TypeSafeSerializer.access$000 (0x000074dd3eec9e08) [0x000074dd3eec9f00, 0x000074dd3eec9fd0] Compiler: c1, Barriers: 1, Oops: 1, ImmediateOops: 0, NonImmediateOops: No
[3,020s][debug][gc,director    ] Rule Major: Warmup 10%, Used: 922MB, UsedThreshold: 1228MB
[3,020s][debug][gc,director    ] Rule Minor: High Usage, Free: 11324MB(92,2%)
[3,021s][debug][gc,nmethod     ] Register NMethod: sun.nio.fs.UnixNativeDispatcher.open (0x000074dd202bec08) [0x000074dd202bed00, 0x000074dd202bf358] Compiler: c1, Barriers: 0, Oops: 0, ImmediateOops: 0, NonImmediateOops: No
[3,021s][debug][gc,nmethod     ] Register NMethod: sun.nio.ch.SocketDispatcher.write0 (0x000074dd3eeca108) [0x000074dd3eeca200, 0x000074dd3eeca370] Compiler: , Barriers: 0, Oops: 0, ImmediateOops: 1, NonImmediateOops: No
[3,021s][debug][gc,nmethod     ] Register NMethod: org.gradle.internal.remote.internal.hub.queue.MultiEndPointQueue.flush (0x000074dd202bf388) [0x000074dd202bf480, 0x000074dd202c33e0] Compiler: c1, Barriers: 14, Oops: 5, ImmediateOops: 6, NonImmediateOops: No
[3,021s][debug][gc,nmethod     ] Register NMethod: jdk.internal.event.SocketWriteEvent.enabled (0x000074dd3eeca408) [0x000074dd3eeca500, 0x000074dd3eeca5a0] Compiler: c1, Barriers: 0, Oops: 0, ImmediateOops: 0, NonImmediateOops: No
[3,021s][debug][gc,nmethod     ] Register NMethod: org.gradle.internal.io.BufferCaster.cast (0x000074dd202c3488) [0x000074dd202c3580, 0x000074dd202c3660] Compiler: c1, Barriers: 0, Oops: 1, ImmediateOops: 0, NonImmediateOops: No
[3,021s][debug][gc,nmethod     ] Register NMethod: java.lang.ThreadLocal$ThreadLocalMap.nextIndex (0x000074dd202c3788) [0x000074dd202c3880, 0x000074dd202c39a8] Compiler: c1, Barriers: 0, Oops: 0, ImmediateOops: 0, NonImmediateOops: No
[3,021s][debug][gc,nmethod     ] Register NMethod: java.lang.Math.addExact (0x000074dd202c3a88) [0x000074dd202c3b80, 0x000074dd202c3d68] Compiler: c1, Barriers: 0, Oops: 0, ImmediateOops: 1, NonImmediateOops: No
[3,022s][debug][gc,nmethod     ] Register NMethod: org.gradle.api.internal.tasks.testing.DefaultTestOutputEvent.getLogTime (0x000074dd3eeca708) [0x000074dd3eeca800, 0x000074dd3eeca8c0] Compiler: c1, Barriers: 0, Oops: 1, ImmediateOops: 0, NonImmediateOops: No
[3,022s][debug][gc,nmethod     ] Register NMethod: org.gradle.api.internal.tasks.testing.DefaultTestOutputEvent.getDestination (0x000074dd3eecaa08) [0x000074dd3eecab00, 0x000074dd3eecabe8] Compiler: c1, Barriers: 1, Oops: 1, ImmediateOops: 0, NonImmediateOops: No
[3,022s][debug][gc,nmethod     ] Register NMethod: org.gradle.api.internal.tasks.testing.DefaultTestOutputEvent.getMessage (0x000074dd3eecad08) [0x000074dd3eecae00, 0x000074dd3eecaee8] Compiler: c1, Barriers: 1, Oops: 1, ImmediateOops: 0, NonImmediateOops: No
[3,022s][debug][gc,nmethod     ] Register NMethod: io.sirix.page.UberPage.getRevisionNumber (0x000074dd202c3d88) [0x000074dd202c3e80, 0x000074dd202c3f88] Compiler: c1, Barriers: 0, Oops: 1, ImmediateOops: 0, NonImmediateOops: No
[3,022s][debug][gc,nmethod     ] Register NMethod: java.nio.HeapByteBuffer.get (0x000074dd202c4088) [0x000074dd202c4180, 0x000074dd202c45c0] Compiler: c1, Barriers: 1, Oops: 1, ImmediateOops: 1, NonImmediateOops: No
[3,022s][debug][gc,nmethod     ] Register NMethod: java.lang.invoke.DirectMethodHandle$Holder.invokeStatic (0x000074dd202c4608) [0x000074dd202c4700, 0x000074dd202c4ac8] Compiler: c1, Barriers: 1, Oops: 0, ImmediateOops: 0, NonImmediateOops: No
[3,023s][debug][gc,nmethod     ] Register NMethod: jdk.internal.foreign.MemorySessionImpl.checkValidState (0x000074dd3eecb008) [0x000074dd3eecb100, 0x000074dd3eecb278] Compiler: jvmci, Barriers: 2, Oops: 0, ImmediateOops: 0, NonImmediateOops: No
[3,023s][debug][gc,nmethod     ] Register NMethod: sun.nio.fs.UnixFileModeAttribute.toUnixMode (0x000074dd202c4b08) [0x000074dd202c4c00, 0x000074dd202c68f8] Compiler: c1, Barriers: 1, Oops: 2, ImmediateOops: 5, NonImmediateOops: No
[3,023s][debug][gc,nmethod     ] Register NMethod: it.unimi.dsi.fastutil.shorts.AbstractShortList.ensureIndex (0x000074dd3eecb308) [0x000074dd3eecb400, 0x000074dd3eecb4c8] Compiler: jvmci, Barriers: 0, Oops: 1, ImmediateOops: 0, NonImmediateOops: No
[3,023s][debug][gc,nmethod     ] Register NMethod: java.lang.invoke.MethodHandleImpl.profileBoolean (0x000074dd202c6988) [0x000074dd202c6a80, 0x000074dd202c6e48] Compiler: c1, Barriers: 0, Oops: 0, ImmediateOops: 1, NonImmediateOops: No
[3,023s][debug][gc,nmethod     ] Register NMethod: io.sirix.access.trx.page.NodePageReadOnlyTrx.getCurrentMaxIndirectPageTreeLevel (0x000074dd3eecb608) [0x000074dd3eecb700, 0x000074dd3eecba50] Compiler: jvmci, Barriers: 2, Oops: 1, ImmediateOops: 0, NonImmediateOops: No
[3,024s][debug][gc,nmethod     ] Register NMethod: it.unimi.dsi.fastutil.shorts.ShortArrayList$1.<init> (0x000074dd3eecba88) [0x000074dd3eecbb80, 0x000074dd3eecbc78] Compiler: jvmci, Barriers: 3, Oops: 1, ImmediateOops: 0, NonImmediateOops: No
[3,024s][debug][gc,nmethod     ] Register NMethod: com.github.benmanes.caffeine.cache.SSMS.frequencySketch (0x000074dd3eecbd88) [0x000074dd3eecbe80, 0x000074dd3eecbf70] Compiler: c1, Barriers: 1, Oops: 1, ImmediateOops: 0, NonImmediateOops: No
[3,024s][debug][gc,nmethod     ] Register NMethod: io.sirix.access.trx.page.NodePageReadOnlyTrx.getReferenceToLeafOfSubtree (0x000074dd3eecc088) [0x000074dd3eecc180, 0x000074dd3eecc830] Compiler: jvmci, Barriers: 3, Oops: 2, ImmediateOops: 2, NonImmediateOops: No
[3,024s][debug][gc,nmethod     ] Register NMethod: io.sirix.access.trx.node.AbstractResourceSession.getMostRecentRevisionNumber (0x000074dd202c6e88) [0x000074dd202c6f80, 0x000074dd202c7858] Compiler: c1, Barriers: 2, Oops: 1, ImmediateOops: 1, NonImmediateOops: No
[3,025s][debug][gc,nmethod     ] Register NMethod: io.sirix.page.delegates.ReferencesPage4.getOrCreateReference (0x000074dd3eecc888) [0x000074dd3eecc980, 0x000074dd3eecd008] Compiler: jvmci, Barriers: 10, Oops: 2, ImmediateOops: 1, NonImmediateOops: No
[3,025s][debug][gc,nmethod     ] Register NMethod: com.github.benmanes.caffeine.cache.RemovalCause$2.wasEvicted (0x000074dd3eecd088) [0x000074dd3eecd180, 0x000074dd3eecd240] Compiler: c1, Barriers: 0, Oops: 1, ImmediateOops: 0, NonImmediateOops: No
[3,025s][debug][gc,nmethod     ] Register NMethod: com.github.benmanes.caffeine.cache.BoundedLocalCache.isAsync (0x000074dd3eecd388) [0x000074dd3eecd480, 0x000074dd3eecd548] Compiler: c1, Barriers: 0, Oops: 1, ImmediateOops: 0, NonImmediateOops: No
[3,026s][debug][gc,nmethod     ] Register NMethod: io.brackit.query.compiler.AST.<init> (0x000074dd202c7888) [0x000074dd202c7980, 0x000074dd202c7b58] Compiler: c1, Barriers: 3, Oops: 1, ImmediateOops: 0, NonImmediateOops: No
[3,027s][debug][gc,nmethod     ] Register NMethod: io.brackit.query.compiler.AST.addChild (0x000074dd202c7b88) [0x000074dd202c7c80, 0x000074dd202c8bf8] Compiler: c1, Barriers: 17, Oops: 1, ImmediateOops: 0, NonImmediateOops: No
[3,027s][debug][gc,nmethod     ] Register NMethod: io.brackit.query.compiler.AST.<init> (0x000074dd202c8c08) [0x000074dd202c8d00, 0x000074dd202c8f90] Compiler: c1, Barriers: 4, Oops: 1, ImmediateOops: 1, NonImmediateOops: No
[3,027s][debug][gc,nmethod     ] Register NMethod: io.brackit.query.compiler.parser.Tokenizer.consume (0x000074dd202c9008) [0x000074dd202c9100, 0x000074dd202ca020] Compiler: c1, Barriers: 3, Oops: 3, ImmediateOops: 5, NonImmediateOops: No
[3,027s][debug][gc,nmethod     ] Register NMethod: io.brackit.query.compiler.AST.<init> (0x000074dd202ca088) [0x000074dd202ca180, 0x000074dd202ca440] Compiler: c1, Barriers: 9, Oops: 1, ImmediateOops: 0, NonImmediateOops: No
[3,027s][debug][gc,nmethod     ] Register NMethod: io.brackit.query.compiler.AST.copyTree (0x000074dd202ca488) [0x000074dd202ca580, 0x000074dd202cadd8] Compiler: c1, Barriers: 15, Oops: 1, ImmediateOops: 0, NonImmediateOops: No
[3,027s][debug][gc,nmethod     ] Register NMethod: io.brackit.query.compiler.parser.Tokenizer.la (0x000074dd202cae08) [0x000074dd202caf00, 0x000074dd202cc060] Compiler: c1, Barriers: 7, Oops: 2, ImmediateOops: 2, NonImmediateOops: No
[3,028s][debug][gc,nmethod     ] Register NMethod: io.brackit.query.compiler.AST.copy (0x000074dd202cc088) [0x000074dd202cc180, 0x000074dd202cc9c0] Compiler: c1, Barriers: 12, Oops: 1, ImmediateOops: 0, NonImmediateOops: No
[3,028s][debug][gc,nmethod     ] Register NMethod: io.brackit.query.compiler.optimizer.walker.DoSNStepMerger.visit (0x000074dd202cca08) [0x000074dd202ccb00, 0x000074dd202cdbe8] Compiler: c1, Barriers: 14, Oops: 1, ImmediateOops: 1, NonImmediateOops: No
[3,028s][debug][gc,nmethod     ] Register NMethod: io.brackit.query.compiler.optimizer.walker.topdown.TopDownPipeline.visit (0x000074dd202cdc08) [0x000074dd202cdd00, 0x000074dd202ce510] Compiler: c1, Barriers: 9, Oops: 1, ImmediateOops: 1, NonImmediateOops: No
[3,028s][debug][gc,nmethod     ] Register NMethod: io.brackit.query.compiler.optimizer.walker.topdown.PredicateSplit.visit (0x000074dd202ce588) [0x000074dd202ce680, 0x000074dd202ceff0] Compiler: c1, Barriers: 4, Oops: 1, ImmediateOops: 1, NonImmediateOops: No
[3,028s][debug][gc,nmethod     ] Register NMethod: io.brackit.query.compiler.optimizer.walker.topdown.LetBindToLeftJoin.visit (0x000074dd202cf008) [0x000074dd202cf100, 0x000074dd202cf3b0] Compiler: c1, Barriers: 0, Oops: 1, ImmediateOops: 0, NonImmediateOops: No
[3,029s][debug][gc,nmethod     ] Register NMethod: io.brackit.query.compiler.optimizer.walker.topdown.SelectPullup.visit (0x000074dd202cf408) [0x000074dd202cf500, 0x000074dd202d0e50] Compiler: c1, Barriers: 8, Oops: 1, ImmediateOops: 0, NonImmediateOops: No
[3,029s][debug][gc,nmethod     ] Register NMethod: io.brackit.query.compiler.optimizer.walker.topdown.ScopeWalker.stepExpr (0x000074dd202d0e88) [0x000074dd202d0f80, 0x000074dd202d1d58] Compiler: c1, Barriers: 22, Oops: 4, ImmediateOops: 4, NonImmediateOops: No
[3,029s][debug][gc,nmethod     ] Register NMethod: io.brackit.query.compiler.optimizer.walker.topdown.JoinRewriter.visit (0x000074dd202d1d88) [0x000074dd202d1e80, 0x000074dd202d3d88] Compiler: c1, Barriers: 9, Oops: 1, ImmediateOops: 0, NonImmediateOops: No
[3,029s][debug][gc,nmethod     ] Register NMethod: io.brackit.query.compiler.optimizer.walker.topdown.LeftJoinUnnesting.visit (0x000074dd202d3e08) [0x000074dd202d3f00, 0x000074dd202d4680] Compiler: c1, Barriers: 5, Oops: 1, ImmediateOops: 1, NonImmediateOops: No
[3,029s][debug][gc,nmethod     ] Register NMethod: io.brackit.query.compiler.optimizer.walker.PathDDOElimination.visit (0x000074dd202d4708) [0x000074dd202d4800, 0x000074dd202d6d98] Compiler: c1, Barriers: 16, Oops: 4, ImmediateOops: 6, NonImmediateOops: No
[3,030s][debug][gc,nmethod     ] Register NMethod: io.brackit.query.compiler.optimizer.walker.topdown.PredicateMerge.visit (0x000074dd202d6e08) [0x000074dd202d6f00, 0x000074dd202d7650] Compiler: c1, Barriers: 4, Oops: 1, ImmediateOops: 1, NonImmediateOops: No
[3,030s][debug][gc,nmethod     ] Register NMethod: io.sirix.access.trx.page.NodePageReadOnlyTrx.getLeafPageReference (0x000074dd3eecd688) [0x000074dd3eecd780, 0x000074dd3eecde30] Compiler: jvmci, Barriers: 3, Oops: 2, ImmediateOops: 2, NonImmediateOops: No
[3,030s][debug][gc,nmethod     ] Register NMethod: io.brackit.query.compiler.optimizer.walker.topdown.LeftJoinRemoval.visit (0x000074dd202d7688) [0x000074dd202d7780, 0x000074dd202d8f38] Compiler: c1, Barriers: 7, Oops: 1, ImmediateOops: 2, NonImmediateOops: No
[3,030s][debug][gc,nmethod     ] Register NMethod: io.brackit.query.compiler.optimizer.walker.topdown.JoinToSelectConversion.visit (0x000074dd202d8f88) [0x000074dd202d9080, 0x000074dd202da6b0] Compiler: c1, Barriers: 17, Oops: 2, ImmediateOops: 4, NonImmediateOops: No
[3,030s][debug][gc,nmethod     ] Register NMethod: io.sirix.access.trx.page.NodePageTrx.lambda$getPageContainer$0 (0x000074dd3eecde88) [0x000074dd3eecdf80, 0x000074dd3eece9f8] Compiler: jvmci, Barriers: 11, Oops: 2, ImmediateOops: 2, NonImmediateOops: No
[3,030s][debug][gc,nmethod     ] Register NMethod: io.brackit.query.compiler.optimizer.walker.topdown.LeftJoinLifting.visit (0x000074dd202da708) [0x000074dd202da800, 0x000074dd202ddf48] Compiler: c1, Barriers: 35, Oops: 5, ImmediateOops: 11, NonImmediateOops: No
[3,030s][debug][gc,director    ] Rule Major: Warmup 10%, Used: 924MB, UsedThreshold: 1228MB
[3,030s][debug][gc,director    ] Rule Minor: High Usage, Free: 11322MB(92,1%)
[3,030s][debug][gc,nmethod     ] Register NMethod: io.brackit.query.compiler.optimizer.walker.topdown.GroupByAggregates.visit (0x000074dd202ddf88) [0x000074dd202de080, 0x000074dd202df8a8] Compiler: c1, Barriers: 7, Oops: 1, ImmediateOops: 1, NonImmediateOops: No
[3,031s][debug][gc,nmethod     ] Register NMethod: io.brackit.query.compiler.AST.getChild (0x000074dd3eecea88) [0x000074dd3eeceb80, 0x000074dd3eececc0] Compiler: jvmci, Barriers: 2, Oops: 1, ImmediateOops: 0, NonImmediateOops: No
[3,031s][debug][gc,nmethod     ] Register NMethod: io.sirix.query.compiler.optimizer.walker.json.JsonPathStep.visit (0x000074dd202df908) [0x000074dd202dfa00, 0x000074dd202dfe48] Compiler: c1, Barriers: 0, Oops: 1, ImmediateOops: 0, NonImmediateOops: No
[3,031s][debug][gc,nmethod     ] Register NMethod: io.brackit.query.compiler.optimizer.walker.topdown.JoinGroupDemarcation.visit (0x000074dd202dfe88) [0x000074dd202dff80, 0x000074dd202e25a8] Compiler: c1, Barriers: 27, Oops: 2, ImmediateOops: 3, NonImmediateOops: No
[3,031s][debug][gc,nmethod     ] Register NMethod: io.sirix.query.compiler.optimizer.walker.json.JsonObjectKeyNameStep.visit (0x000074dd202e2608) [0x000074dd202e2700, 0x000074dd202e2af8] Compiler: c1, Barriers: 0, Oops: 1, ImmediateOops: 0, NonImmediateOops: No
[3,031s][debug][gc,nmethod     ] Register NMethod: io.sirix.query.compiler.optimizer.walker.json.JsonCASStep.visit (0x000074dd202e2b08) [0x000074dd202e2c00, 0x000074dd202e4c08] Compiler: c1, Barriers: 6, Oops: 1, ImmediateOops: 8, NonImmediateOops: No
[3,031s][debug][gc,nmethod     ] Register NMethod: io.brackit.query.compiler.optimizer.walker.topdown.TrivialLeftJoinRemoval.visit (0x000074dd202e4c88) [0x000074dd202e4d80, 0x000074dd202e76e8] Compiler: c1, Barriers: 25, Oops: 2, ImmediateOops: 5, NonImmediateOops: No
[3,031s][debug][gc,nmethod     ] Register NMethod: io.brackit.query.compiler.translator.Binding.isReferenced (0x000074dd202e7708) [0x000074dd202e7800, 0x000074dd202e7950] Compiler: c1, Barriers: 0, Oops: 1, ImmediateOops: 0, NonImmediateOops: No
[3,031s][debug][gc,nmethod     ] Register NMethod: io.brackit.query.expr.BoundVariable.isUpdating (0x000074dd3eeced88) [0x000074dd3eecee80, 0x000074dd3eecef40] Compiler: c1, Barriers: 0, Oops: 1, ImmediateOops: 0, NonImmediateOops: No
[3,032s][debug][gc,nmethod     ] Register NMethod: io.brackit.query.compiler.optimizer.walker.topdown.PullEvaluation.visit (0x000074dd202e7a08) [0x000074dd202e7b00, 0x000074dd202ead28] Compiler: c1, Barriers: 39, Oops: 2, ImmediateOops: 8, NonImmediateOops: No
[3,032s][debug][gc,nmethod     ] Register NMethod: io.sirix.axis.AttributeAxis.<init> (0x000074dd202ead88) [0x000074dd202eae80, 0x000074dd202eafb0] Compiler: c1, Barriers: 0, Oops: 1, ImmediateOops: 0, NonImmediateOops: No
[3,033s][debug][gc,nmethod     ] Register NMethod: io.brackit.query.atomic.Str.type (0x000074dd202eb088) [0x000074dd202eb180, 0x000074dd202eb288] Compiler: c1, Barriers: 0, Oops: 1, ImmediateOops: 1, NonImmediateOops: No
[3,033s][debug][gc,nmethod     ] Register NMethod: io.sirix.query.compiler.translator.SirixTranslator$Attribute.performStep (0x000074dd202eb388) [0x000074dd202eb480, 0x000074dd202ec778] Compiler: c1, Barriers: 9, Oops: 1, ImmediateOops: 0, NonImmediateOops: No
[3,033s][debug][gc,nmethod     ] Register NMethod: io.sirix.node.xml.AttributeNode.<init> (0x000074dd202ec788) [0x000074dd202ec880, 0x000074dd202ecb68] Compiler: c1, Barriers: 3, Oops: 1, ImmediateOops: 0, NonImmediateOops: No
[3,033s][debug][gc,nmethod     ] Register NMethod: io.sirix.access.trx.node.xml.XmlNodeReadOnlyTrxImpl.getAttributeKey (0x000074dd202ecb88) [0x000074dd202ecc80, 0x000074dd202ede68] Compiler: c1, Barriers: 2, Oops: 1, ImmediateOops: 3, NonImmediateOops: No
[3,033s][debug][gc,nmethod     ] Register NMethod: io.brackit.query.atomic.AbstractAtomic.eq (0x000074dd202ede88) [0x000074dd202edf80, 0x000074dd202ee2c8] Compiler: c1, Barriers: 0, Oops: 1, ImmediateOops: 0, NonImmediateOops: No
[3,033s][debug][gc,nmethod     ] Register NMethod: java.lang.Class.getSimpleName (0x000074dd202ee308) [0x000074dd202ee400, 0x000074dd202ee660] Compiler: c1, Barriers: 4, Oops: 0, ImmediateOops: 0, NonImmediateOops: No
[3,033s][debug][gc,nmethod     ] Register NMethod: io.brackit.query.atomic.Una.cmp (0x000074dd202ee688) [0x000074dd202ee780, 0x000074dd202efb00] Compiler: c1, Barriers: 8, Oops: 2, ImmediateOops: 2, NonImmediateOops: No
[3,033s][debug][gc,nmethod     ] Register NMethod: io.brackit.query.util.Cmp.gCmpAsBool (0x000074dd202efb88) [0x000074dd202efc80, 0x000074dd202f0070] Compiler: c1, Barriers: 0, Oops: 1, ImmediateOops: 2, NonImmediateOops: No
[3,034s][debug][gc,nmethod     ] Register NMethod: io.sirix.node.NodeKind$2.deserialize (0x000074dd202f0088) [0x000074dd202f0180, 0x000074dd202f24e0] Compiler: c1, Barriers: 20, Oops: 3, ImmediateOops: 6, NonImmediateOops: No
[3,034s][debug][gc,nmethod     ] Register NMethod: io.brackit.query.function.AbstractFunction.getSignature (0x000074dd3eecf088) [0x000074dd3eecf180, 0x000074dd3eecf268] Compiler: c1, Barriers: 1, Oops: 1, ImmediateOops: 0, NonImmediateOops: No
[3,035s][debug][gc,nmethod     ] Register NMethod: io.brackit.query.expr.PredicateExpr$DependentFilterSeq$1.next (0x000074dd202f2508) [0x000074dd202f2600, 0x000074dd202f3c40] Compiler: c1, Barriers: 21, Oops: 1, ImmediateOops: 2, NonImmediateOops: No
[3,035s][debug][gc,nmethod     ] Register NMethod: io.brackit.query.jdm.Signature.getParams (0x000074dd3eecf388) [0x000074dd3eecf480, 0x000074dd3eecf568] Compiler: c1, Barriers: 1, Oops: 1, ImmediateOops: 0, NonImmediateOops: No
[3,035s][debug][gc,nmethod     ] Register NMethod: io.brackit.query.util.Cmp.compareLeftAndRightAtomic (0x000074dd202f3c88) [0x000074dd202f3d80, 0x000074dd202f63d0] Compiler: c1, Barriers: 7, Oops: 3, ImmediateOops: 5, NonImmediateOops: No
[3,035s][debug][gc,nmethod     ] Register NMethod: io.brackit.query.function.AbstractFunction.isBuiltIn (0x000074dd3eecf688) [0x000074dd3eecf780, 0x000074dd3eecf840] Compiler: c1, Barriers: 0, Oops: 1, ImmediateOops: 0, NonImmediateOops: No
[3,035s][debug][gc,nmethod     ] Register NMethod: io.brackit.query.operator.ForBind$ForBindCursor.next (0x000074dd202f6408) [0x000074dd202f6500, 0x000074dd202f9048] Compiler: c1, Barriers: 48, Oops: 1, ImmediateOops: 1, NonImmediateOops: No
[3,036s][debug][gc,nmethod     ] Register NMethod: io.sirix.access.trx.page.NodePageTrx$$Lambda/0x0000000069287a18.apply (0x000074dd3eecf988) [0x000074dd3eecfa80, 0x000074dd3eed0598] Compiler: jvmci, Barriers: 13, Oops: 2, ImmediateOops: 2, NonImmediateOops: No
[3,037s][debug][gc,nmethod     ] Register NMethod: io.brackit.query.jdm.type.AnyItemType.isAnyItem (0x000074dd3eed0608) [0x000074dd3eed0700, 0x000074dd3eed07c0] Compiler: c1, Barriers: 0, Oops: 1, ImmediateOops: 0, NonImmediateOops: No
[3,037s][debug][gc,nmethod     ] Register NMethod: io.brackit.query.jdm.type.SequenceType.getCardinality (0x000074dd3eed0908) [0x000074dd3eed0a00, 0x000074dd3eed0ae8] Compiler: c1, Barriers: 1, Oops: 1, ImmediateOops: 0, NonImmediateOops: No
[3,038s][debug][gc,nmethod     ] Register NMethod: io.brackit.query.operator.TupleImpl.concat (0x000074dd202f9088) [0x000074dd202f9180, 0x000074dd202fa0d0] Compiler: c1, Barriers: 10, Oops: 1, ImmediateOops: 0, NonImmediateOops: No
[3,041s][debug][gc,director    ] Rule Major: Warmup 10%, Used: 928MB, UsedThreshold: 1228MB
[3,041s][debug][gc,director    ] Rule Minor: High Usage, Free: 11318MB(92,1%)
[3,043s][debug][gc,nmethod     ] Register NMethod: java.lang.AbstractStringBuilder.append (0x000074dd3eed0c08) [0x000074dd3eed0d00, 0x000074dd3eed1830] Compiler: jvmci, Barriers: 6, Oops: 0, ImmediateOops: 0, NonImmediateOops: No
[3,044s][debug][gc,nmethod     ] Register NMethod: io.sirix.index.name.Names.getName (0x000074dd3eed1888) [0x000074dd3eed1980, 0x000074dd3eed2cb0] Compiler: jvmci, Barriers: 13, Oops: 2, ImmediateOops: 1, NonImmediateOops: No
[3,044s][debug][gc,nmethod     ] Register NMethod: io.brackit.query.expr.PredicateExpr$DependentFilterSeq$1.<init> (0x000074dd202fa108) [0x000074dd202fa200, 0x000074dd202fa430] Compiler: c1, Barriers: 3, Oops: 1, ImmediateOops: 0, NonImmediateOops: No
[3,044s][debug][gc,nmethod     ] Register NMethod: io.brackit.query.expr.PredicateExpr$DependentFilterSeq.iterate (0x000074dd202fa488) [0x000074dd202fa580, 0x000074dd202fa868] Compiler: c1, Barriers: 3, Oops: 1, ImmediateOops: 0, NonImmediateOops: No
[3,044s][debug][gc,nmethod     ] Register NMethod: io.brackit.query.expr.PredicateExpr$DependentFilterSeq$1.close (0x000074dd202fa888) [0x000074dd202fa980, 0x000074dd202face8] Compiler: c1, Barriers: 1, Oops: 1, ImmediateOops: 0, NonImmediateOops: No
[3,044s][debug][gc,nmethod     ] Register NMethod: io.brackit.query.expr.PredicateExpr$DependentFilterSeq.<init> (0x000074dd202fad08) [0x000074dd202fae00, 0x000074dd202fb570] Compiler: c1, Barriers: 16, Oops: 1, ImmediateOops: 2, NonImmediateOops: No
[3,044s][debug][gc,nmethod     ] Register NMethod: com.github.benmanes.caffeine.cache.SSLMW.missesInSample (0x000074dd3eed2d08) [0x000074dd3eed2e00, 0x000074dd3eed2ec0] Compiler: c1, Barriers: 0, Oops: 1, ImmediateOops: 0, NonImmediateOops: No
[3,045s][debug][gc,nmethod     ] Register NMethod: jdk.internal.foreign.AbstractMemorySegmentImpl.toArray (0x000074dd3eed3008) [0x000074dd3eed3100, 0x000074dd3eed3c20] Compiler: jvmci, Barriers: 11, Oops: 5, ImmediateOops: 1, NonImmediateOops: No
[3,047s][debug][gc,nmethod     ] Register NMethod: io.sirix.node.xml.AttributeNode.getPrefixKey (0x000074dd3eed3c88) [0x000074dd3eed3d80, 0x000074dd3eed4160] Compiler: jvmci, Barriers: 4, Oops: 3, ImmediateOops: 0, NonImmediateOops: No
[3,047s][debug][gc,nmethod     ] Register NMethod: jdk.internal.misc.Unsafe.weakCompareAndSetLongRelease (0x000074dd3eed4188) [0x000074dd3eed4280, 0x000074dd3eed4310] Compiler: jvmci, Barriers: 0, Oops: 0, ImmediateOops: 0, NonImmediateOops: No
[3,047s][debug][gc,nmethod     ] Register NMethod: java.util.concurrent.ForkJoinPool$WorkQueue.unlockPhase (0x000074dd3eed4488) [0x000074dd3eed4580, 0x000074dd3eed4610] Compiler: jvmci, Barriers: 0, Oops: 0, ImmediateOops: 0, NonImmediateOops: No
[3,047s][debug][gc,nmethod     ] Register NMethod: io.sirix.node.xml.AttributeNode.getLocalNameKey (0x000074dd3eed4788) [0x000074dd3eed4880, 0x000074dd3eed4c60] Compiler: jvmci, Barriers: 4, Oops: 3, ImmediateOops: 0, NonImmediateOops: No
[3,050s][debug][gc,nmethod     ] Register NMethod: io.brackit.query.jdm.AbstractItem$1.close (0x000074dd3eed4c88) [0x000074dd3eed4d80, 0x000074dd3eed4e00] Compiler: jvmci, Barriers: 0, Oops: 1, ImmediateOops: 0, NonImmediateOops: No
[3,051s][debug][gc,director    ] Rule Major: Warmup 10%, Used: 932MB, UsedThreshold: 1228MB
[3,051s][debug][gc,director    ] Rule Minor: High Usage, Free: 11314MB(92,1%)
[3,052s][debug][gc,nmethod     ] Register NMethod: com.github.benmanes.caffeine.cache.BoundedLocalCache.tryExpireAfterRead (0x000074dd202fb588) [0x000074dd202fb680, 0x000074dd202fb9a8] Compiler: c1, Barriers: 0, Oops: 1, ImmediateOops: 0, NonImmediateOops: No
[3,053s][debug][gc,nmethod     ] Register NMethod: java.lang.invoke.DirectMethodHandle.allocateInstance (0x000074dd3eed4f88) [0x000074dd3eed5080, 0x000074dd3eed53e0] Compiler: jvmci, Barriers: 2, Oops: 0, ImmediateOops: 1, NonImmediateOops: No
[3,055s][debug][gc,alloc       ] Mutator Allocation Rate: 476,6MB/s Predicted: 489,2MB/s, Avg: 410,7(+/-84,6)MB/s
[3,055s][debug][gc,director    ] Rule Major: Warmup 10%, Used: 936MB, UsedThreshold: 1228MB
[3,055s][debug][gc,director    ] Rule Minor: High Usage, Free: 11310MB(92,0%)
[3,055s][debug][gc,nmethod     ] Register NMethod: com.github.benmanes.caffeine.cache.PSMW.setQueueType (0x000074dd3eed5408) [0x000074dd3eed5500, 0x000074dd3eed55c0] Compiler: c1, Barriers: 0, Oops: 1, ImmediateOops: 0, NonImmediateOops: No
[3,063s][debug][gc,nmethod     ] Register NMethod: java.util.concurrent.ForkJoinPool.deactivate (0x000074dd202fba08) [0x000074dd202fbb00, 0x000074dd202fc5a8] Compiler: c1, Barriers: 4, Oops: 0, ImmediateOops: 0, NonImmediateOops: No
[3,064s][debug][gc,nmethod     ] Register NMethod: io.sirix.page.PageUtils.fixupPageReferenceIds (0x000074dd202fc608) [0x000074dd202fc700, 0x000074dd202fd7e8] Compiler: c1, Barriers: 0, Oops: 1, ImmediateOops: 0, NonImmediateOops: No
[3,065s][debug][gc,director    ] Rule Major: Warmup 10%, Used: 940MB, UsedThreshold: 1228MB
[3,065s][debug][gc,director    ] Rule Minor: High Usage, Free: 11306MB(92,0%)
[3,067s][debug][gc,nmethod     ] Register NMethod: io.sirix.settings.VersioningType$4.combineRecordPages (0x000074dd3eed5708) [0x000074dd3eed5800, 0x000074dd3eedde58] Compiler: jvmci, Barriers: 122, Oops: 6, ImmediateOops: 2, NonImmediateOops: No
[3,067s][debug][gc,nmethod     ] Register NMethod: io.sirix.page.KeyValueLeafPage.getActualMemorySize (0x000074dd202fd808) [0x000074dd202fd900, 0x000074dd202fdee8] Compiler: c1, Barriers: 2, Oops: 1, ImmediateOops: 0, NonImmediateOops: No
[3,067s][debug][gc,nmethod     ] Register NMethod: io.sirix.page.KeyValueLeafPage.newInstance (0x000074dd202fdf08) [0x000074dd202fe000, 0x000074dd202febb0] Compiler: c1, Barriers: 1, Oops: 2, ImmediateOops: 3, NonImmediateOops: No
[3,069s][debug][gc,nmethod     ] Register NMethod: io.sirix.page.NamePage.getName (0x000074dd3eeddf08) [0x000074dd3eede000, 0x000074dd3eee0878] Compiler: jvmci, Barriers: 33, Oops: 2, ImmediateOops: 2, NonImmediateOops: No
[3,072s][debug][gc,nmethod     ] Register NMethod: io.sirix.page.KeyValueLeafPage.size (0x000074dd202fec08) [0x000074dd202fed00, 0x000074dd202ff0c8] Compiler: c1, Barriers: 2, Oops: 1, ImmediateOops: 0, NonImmediateOops: No
[3,074s][debug][gc,nmethod     ] Register NMethod: io.brackit.query.expr.PipeExpr$PipeSequence$1.next (0x000074dd202ff108) [0x000074dd202ff200, 0x000074dd20300c70] Compiler: c1, Barriers: 24, Oops: 1, ImmediateOops: 0, NonImmediateOops: No
[3,075s][debug][gc,nmethod     ] Register NMethod: io.sirix.node.json.JsonNodeSerializer.readSizePrefix (0x000074dd3eee0908) [0x000074dd3eee0a00, 0x000074dd3eee0e30] Compiler: jvmci, Barriers: 4, Oops: 3, ImmediateOops: 0, NonImmediateOops: No
[3,075s][debug][gc,director    ] Rule Major: Warmup 10%, Used: 946MB, UsedThreshold: 1228MB
[3,075s][debug][gc,director    ] Rule Minor: High Usage, Free: 11300MB(92,0%)
[3,077s][debug][gc,nmethod     ] Register NMethod: io.sirix.access.trx.page.NodePageReadOnlyTrx$RecordPage.<init> (0x000074dd20300c88) [0x000074dd20300d80, 0x000074dd203010b8] Compiler: c1, Barriers: 9, Oops: 1, ImmediateOops: 0, NonImmediateOops: No
[3,078s][debug][gc,nmethod     ] Register NMethod: io.sirix.node.xml.TextNode.<init> (0x000074dd3eee0e88) [0x000074dd3eee0fa0, 0x000074dd3eee1b48] Compiler: jvmci, Barriers: 19, Oops: 2, ImmediateOops: 2, NonImmediateOops: No
[3,081s][debug][gc,nmethod     ] Register NMethod: sun.nio.ch.IOUtil.write (0x000074dd20301108) [0x000074dd20301200, 0x000074dd20302428] Compiler: c1, Barriers: 0, Oops: 0, ImmediateOops: 0, NonImmediateOops: No
[3,081s][debug][gc,nmethod     ] Register NMethod: java.util.ArrayDeque.peekFirst (0x000074dd20302488) [0x000074dd20302580, 0x000074dd20302770] Compiler: c1, Barriers: 2, Oops: 0, ImmediateOops: 0, NonImmediateOops: No
[3,081s][debug][gc,nmethod     ] Register NMethod: sun.nio.ch.IOUtil.writeFromNativeBuffer (0x000074dd20302788) [0x000074dd20302880, 0x000074dd20304f38] Compiler: c1, Barriers: 4, Oops: 0, ImmediateOops: 4, NonImmediateOops: No
[3,082s][debug][gc,nmethod     ] Register NMethod: io.sirix.axis.AbstractAxis.resetToLastKey (0x000074dd3eee1b88) [0x000074dd3eee1c80, 0x000074dd3eee2038] Compiler: jvmci, Barriers: 5, Oops: 1, ImmediateOops: 0, NonImmediateOops: No
[3,082s][debug][gc,nmethod     ] Register NMethod: java.util.concurrent.locks.AbstractQueuedSynchronizer$ConditionObject.canReacquire (0x000074dd20304f88) [0x000074dd20305080, 0x000074dd20305650] Compiler: c1, Barriers: 5, Oops: 0, ImmediateOops: 0, NonImmediateOops: No
[3,083s][debug][gc,nmethod     ] Register NMethod: io.sirix.axis.AbstractAxis.hasNext (0x000074dd3eee2088) [0x000074dd3eee2180, 0x000074dd3eee2888] Compiler: jvmci, Barriers: 17, Oops: 1, ImmediateOops: 3, NonImmediateOops: No
[3,083s][debug][gc,nmethod     ] Register NMethod: ch.qos.logback.classic.Logger.trace (0x000074dd20305688) [0x000074dd20305780, 0x000074dd203058e8] Compiler: c1, Barriers: 0, Oops: 1, ImmediateOops: 2, NonImmediateOops: No
[3,083s][debug][gc,nmethod     ] Register NMethod: ch.qos.logback.classic.LoggerContext.getTurboFilterChainDecision_2 (0x000074dd20305988) [0x000074dd20305a80, 0x000074dd20306870] Compiler: c1, Barriers: 9, Oops: 1, ImmediateOops: 1, NonImmediateOops: No
[3,083s][debug][gc,nmethod     ] Register NMethod: ch.qos.logback.classic.Logger.filterAndLog_2 (0x000074dd20306888) [0x000074dd20306980, 0x000074dd20307458] Compiler: c1, Barriers: 7, Oops: 1, ImmediateOops: 2, NonImmediateOops: No
[3,084s][debug][gc,nmethod     ] Register NMethod: java.util.Collections$UnmodifiableCollection.<init> (0x000074dd20307488) [0x000074dd20307580, 0x000074dd20307840] Compiler: c1, Barriers: 3, Oops: 0, ImmediateOops: 0, NonImmediateOops: No
[3,085s][debug][gc,nmethod     ] Register NMethod: java.lang.StringUTF16.checkBoundsOffCount (0x000074dd20307888) [0x000074dd20307980, 0x000074dd20307c48] Compiler: c1, Barriers: 0, Oops: 1, ImmediateOops: 1, NonImmediateOops: No
[3,085s][debug][gc,nmethod     ] Register NMethod: jdk.xml.internal.JdkXmlConfig.getJaxpConfig (0x000074dd3eee2908) [0x000074dd3eee2a00, 0x000074dd3eee2ae8] Compiler: c1, Barriers: 1, Oops: 0, ImmediateOops: 0, NonImmediateOops: No
[3,085s][debug][gc,director    ] Rule Major: Warmup 10%, Used: 948MB, UsedThreshold: 1228MB
[3,085s][debug][gc,director    ] Rule Minor: High Usage, Free: 11298MB(91,9%)
[3,086s][debug][gc,nmethod     ] Register NMethod: org.gradle.internal.io.StreamByteBuffer.readAsString (0x000074dd20307c88) [0x000074dd20307d80, 0x000074dd20308878] Compiler: c1, Barriers: 0, Oops: 1, ImmediateOops: 1, NonImmediateOops: No
[3,086s][debug][gc,nmethod     ] Register NMethod: org.gradle.internal.io.StreamByteBuffer.doReadAsString (0x000074dd20308888) [0x000074dd20308980, 0x000074dd20309320] Compiler: c1, Barriers: 0, Oops: 1, ImmediateOops: 1, NonImmediateOops: No
[3,086s][debug][gc,nmethod     ] Register NMethod: org.gradle.internal.io.LineBufferingOutputStream.flush (0x000074dd20309388) [0x000074dd20309480, 0x000074dd2030a738] Compiler: c1, Barriers: 3, Oops: 1, ImmediateOops: 1, NonImmediateOops: No
[3,086s][debug][gc,nmethod     ] Register NMethod: org.gradle.internal.io.StreamByteBuffer.readAsString (0x000074dd2030a788) [0x000074dd2030a880, 0x000074dd2030b2d8] Compiler: c1, Barriers: 0, Oops: 1, ImmediateOops: 1, NonImmediateOops: No
[3,086s][debug][gc,nmethod     ] Register NMethod: java.lang.StringUTF16.newBytesFor (0x000074dd2030b308) [0x000074dd2030b400, 0x000074dd2030b598] Compiler: c1, Barriers: 0, Oops: 0, ImmediateOops: 0, NonImmediateOops: No
[3,087s][debug][gc,nmethod     ] Register NMethod: java.lang.String.encodeUTF8_UTF16 (0x000074dd2030b608) [0x000074dd2030b700, 0x000074dd2030c3d8] Compiler: c1, Barriers: 0, Oops: 0, ImmediateOops: 1, NonImmediateOops: No
[3,087s][debug][gc,nmethod     ] Register NMethod: java.util.concurrent.locks.AbstractQueuedLongSynchronizer.hasQueuedPredecessors (0x000074dd2030c408) [0x000074dd2030c500, 0x000074dd2030cad0] Compiler: c1, Barriers: 5, Oops: 0, ImmediateOops: 0, NonImmediateOops: No
[3,087s][debug][gc,nmethod     ] Register NMethod: java.util.concurrent.locks.AbstractQueuedLongSynchronizer.signalNext (0x000074dd2030cb08) [0x000074dd2030cc00, 0x000074dd2030dd30] Compiler: c1, Barriers: 2, Oops: 0, ImmediateOops: 2, NonImmediateOops: No
[3,089s][debug][gc,nmethod     ] Register NMethod: com.google.gson.stream.JsonWriter.replaceTop (0x000074dd2030dd88) [0x000074dd2030de80, 0x000074dd2030dfe0] Compiler: c1, Barriers: 1, Oops: 1, ImmediateOops: 0, NonImmediateOops: No
[3,089s][debug][gc,nmethod     ] Register NMethod: java.io.Writer.write (0x000074dd2030e088) [0x000074dd2030e180, 0x000074dd2030e930] Compiler: c1, Barriers: 1, Oops: 0, ImmediateOops: 0, NonImmediateOops: No
[3,090s][debug][gc,nmethod     ] Register NMethod: java.io.OutputStreamWriter.write (0x000074dd2030e988) [0x000074dd2030ea80, 0x000074dd2030edb0] Compiler: c1, Barriers: 1, Oops: 0, ImmediateOops: 0, NonImmediateOops: No
[3,091s][debug][gc,nmethod     ] Register NMethod: java.util.stream.AbstractPipeline.evaluateToArrayNode (0x000074dd2030ee08) [0x000074dd2030ef00, 0x000074dd2030fea8] Compiler: c1, Barriers: 3, Oops: 0, ImmediateOops: 1, NonImmediateOops: No
[3,092s][debug][gc,nmethod     ] Register NMethod: sun.nio.ch.UnixFileDispatcherImpl.pwrite0 (0x000074dd3eee2c08) [0x000074dd3eee2d00, 0x000074dd3eee2e78] Compiler: , Barriers: 0, Oops: 0, ImmediateOops: 1, NonImmediateOops: No
[3,094s][debug][gc,nmethod     ] Register NMethod: java.lang.Thread.blockedOn (0x000074dd2030ff08) [0x000074dd20310000, 0x000074dd20310338] Compiler: c1, Barriers: 4, Oops: 0, ImmediateOops: 0, NonImmediateOops: No
[3,095s][debug][gc,nmethod     ] Register NMethod: java.nio.channels.spi.AbstractInterruptibleChannel.close (0x000074dd20310388) [0x000074dd20310480, 0x000074dd20310a08] Compiler: c1, Barriers: 1, Oops: 0, ImmediateOops: 0, NonImmediateOops: No
[3,095s][debug][gc,director    ] Rule Major: Warmup 10%, Used: 950MB, UsedThreshold: 1228MB
[3,095s][debug][gc,director    ] Rule Minor: High Usage, Free: 11296MB(91,9%)
[3,096s][debug][gc,nmethod     ] Register NMethod: jdk.internal.foreign.ArenaImpl.close (0x000074dd20310a88) [0x000074dd20310b80, 0x000074dd20311318] Compiler: c1, Barriers: 2, Oops: 0, ImmediateOops: 0, NonImmediateOops: No
[3,096s][debug][gc,nmethod     ] Register NMethod: jdk.internal.foreign.MemorySessionImpl.close (0x000074dd20311388) [0x000074dd20311480, 0x000074dd203119c0] Compiler: c1, Barriers: 1, Oops: 0, ImmediateOops: 0, NonImmediateOops: No
[3,096s][debug][gc,nmethod     ] Register NMethod: com.github.benmanes.caffeine.cache.BoundedLocalCache.scheduleAfterWrite (0x000074dd20011908) [0x000074dd20011a00, 0x000074dd20014fe0] Compiler: c1, Barriers: 0, Oops: 7, ImmediateOops: 18, NonImmediateOops: No
[3,099s][debug][gc,nmethod     ] Register NMethod: java.lang.runtime.ObjectMethods.hashCombiner (0x000074dd20311a08) [0x000074dd20311b00, 0x000074dd20311bf0] Compiler: c1, Barriers: 0, Oops: 0, ImmediateOops: 0, NonImmediateOops: No
[3,099s][debug][gc,nmethod     ] Register NMethod: java.lang.invoke.LambdaForm$MH/0x0000000069291800.invoke (0x000074dd20311d08) [0x000074dd20311e00, 0x000074dd20312db8] Compiler: c1, Barriers: 3, Oops: 1, ImmediateOops: 0, NonImmediateOops: No
[3,099s][debug][gc,nmethod     ] Register NMethod: com.sun.org.apache.xerces.internal.util.PropertyState.<init> (0x000074dd20312e08) [0x000074dd20312f00, 0x000074dd20313148] Compiler: c1, Barriers: 6, Oops: 0, ImmediateOops: 0, NonImmediateOops: No
[3,099s][debug][gc,nmethod     ] Register NMethod: com.sun.org.apache.xerces.internal.util.ParserConfigurationSettings.getPropertyState (0x000074dd20313188) [0x000074dd20313280, 0x000074dd20313d58] Compiler: c1, Barriers: 8, Oops: 1, ImmediateOops: 1, NonImmediateOops: No
[3,100s][debug][gc,nmethod     ] Register NMethod: com.sun.org.apache.xerces.internal.parsers.XML11Configuration.getPropertyState (0x000074dd20313d88) [0x000074dd20313e80, 0x000074dd20315038] Compiler: c1, Barriers: 15, Oops: 1, ImmediateOops: 3, NonImmediateOops: No
[3,100s][debug][gc,nmethod     ] Register NMethod: java.lang.invoke.Invokers$Holder.linkToTargetMethod (0x000074dd20315088) [0x000074dd20315180, 0x000074dd20315678] Compiler: c1, Barriers: 0, Oops: 0, ImmediateOops: 0, NonImmediateOops: No
[3,100s][debug][gc,nmethod     ] Register NMethod: com.sun.org.apache.xerces.internal.util.PropertyState.is (0x000074dd20315688) [0x000074dd20315780, 0x000074dd20315a68] Compiler: c1, Barriers: 6, Oops: 1, ImmediateOops: 1, NonImmediateOops: No
[3,100s][debug][gc,nmethod     ] Register NMethod: io.sirix.node.xml.ElementNode.<init> (0x000074dd3eee2f08) [0x000074dd3eee3000, 0x000074dd3eee3df8] Compiler: jvmci, Barriers: 24, Oops: 2, ImmediateOops: 3, NonImmediateOops: No
[3,100s][debug][gc,nmethod     ] Register NMethod: io.sirix.settings.VersioningType$4.combineRecordPagesForModification (0x000074dd20315a88) [0x000074dd20315b80, 0x000074dd2031f138] Compiler: c1, Barriers: 27, Oops: 1, ImmediateOops: 0, NonImmediateOops: No
[3,105s][debug][gc,director    ] Rule Major: Warmup 10%, Used: 954MB, UsedThreshold: 1228MB
[3,105s][debug][gc,director    ] Rule Minor: High Usage, Free: 11292MB(91,9%)
[3,105s][debug][gc,nmethod     ] Register NMethod: io.brackit.query.expr.StepExpr$AxisStepSequenceIter.next (0x000074dd3eee3e88) [0x000074dd3eee3f80, 0x000074dd3eee4260] Compiler: jvmci, Barriers: 8, Oops: 1, ImmediateOops: 0, NonImmediateOops: No
[3,109s][debug][gc,nmethod     ] Register NMethod: io.sirix.node.NodeKind$4.deserialize (0x000074dd3eee4288) [0x000074dd3eee4380, 0x000074dd3eee82a0] Compiler: jvmci, Barriers: 110, Oops: 12, ImmediateOops: 11, NonImmediateOops: No
[3,109s][debug][gc,nmethod     ] Register NMethod: jdk.internal.misc.Unsafe.putLongRelease (0x000074dd3eee8308) [0x000074dd3eee8400, 0x000074dd3eee8490] Compiler: jvmci, Barriers: 0, Oops: 0, ImmediateOops: 0, NonImmediateOops: No
[3,109s][debug][gc,nmethod     ] Register NMethod: io.brackit.query.atomic.AbstractAtomic.atomize (0x000074dd3eee8608) [0x000074dd3eee8700, 0x000074dd3eee8788] Compiler: jvmci, Barriers: 0, Oops: 1, ImmediateOops: 0, NonImmediateOops: No
[3,110s][debug][gc,nmethod     ] Register NMethod: io.brackit.query.sequence.AbstractSequence.evaluate (0x000074dd3eee8908) [0x000074dd3eee8a00, 0x000074dd3eee8a88] Compiler: jvmci, Barriers: 0, Oops: 1, ImmediateOops: 0, NonImmediateOops: No
[3,110s][debug][gc,nmethod     ] Register NMethod: io.brackit.query.atomic.Una.type (0x000074dd3eee8c08) [0x000074dd3eee8d00, 0x000074dd3eee8d90] Compiler: jvmci, Barriers: 0, Oops: 1, ImmediateOops: 1, NonImmediateOops: No
[3,111s][debug][gc,nmethod     ] Register NMethod: java.util.BitSet.set (0x000074dd2031f188) [0x000074dd2031f280, 0x000074dd2031f468] Compiler: c1, Barriers: 0, Oops: 0, ImmediateOops: 0, NonImmediateOops: No
[3,113s][debug][gc,nmethod     ] Register NMethod: io.sirix.page.KeyValueLeafPage.processEntries (0x000074dd3eee8f08) [0x000074dd3eee9000, 0x000074dd3eeef640] Compiler: jvmci, Barriers: 193, Oops: 12, ImmediateOops: 7, NonImmediateOops: No
[3,115s][debug][gc,director    ] Rule Major: Warmup 10%, Used: 962MB, UsedThreshold: 1228MB
[3,115s][debug][gc,director    ] Rule Minor: High Usage, Free: 11284MB(91,8%)
[3,117s][debug][gc,nmethod     ] Register NMethod: io.sirix.settings.VersioningType$4.combineRecordPages (0x000074dd3eeef708) [0x000074dd3eeef800, 0x000074dd3eef0d18] Compiler: jvmci, Barriers: 28, Oops: 1, ImmediateOops: 0, NonImmediateOops: No
[3,125s][debug][gc,director    ] Rule Major: Warmup 10%, Used: 968MB, UsedThreshold: 1228MB
[3,125s][debug][gc,director    ] Rule Minor: High Usage, Free: 11278MB(91,8%)
[3,126s][debug][gc,nmethod     ] Register NMethod: io.sirix.query.stream.node.SirixNodeStream.next (0x000074dd3eef0d88) [0x000074dd3eef0e80, 0x000074dd3eef2868] Compiler: jvmci, Barriers: 60, Oops: 2, ImmediateOops: 7, NonImmediateOops: No
[3,135s][debug][gc,nmethod     ] Register NMethod: com.sun.org.apache.xerces.internal.util.XMLChar.isValid (0x000074dd3eef2888) [0x000074dd3eef2980, 0x000074dd3eef2a50] Compiler: jvmci, Barriers: 0, Oops: 0, ImmediateOops: 1, NonImmediateOops: No
[3,135s][debug][gc,nmethod     ] Register NMethod: io.brackit.query.atomic.QNm.atomicCmpInternal (0x000074dd3eef2b88) [0x000074dd3eef2c80, 0x000074dd3eef3100] Compiler: jvmci, Barriers: 8, Oops: 1, ImmediateOops: 0, NonImmediateOops: No
[3,135s][debug][gc,nmethod     ] Register NMethod: io.brackit.query.atomic.AbstractAtomic.atomicCmp (0x000074dd3eef3188) [0x000074dd3eef3280, 0x000074dd3eef3728] Compiler: jvmci, Barriers: 8, Oops: 1, ImmediateOops: 0, NonImmediateOops: No
[3,136s][debug][gc,director    ] Rule Major: Warmup 10%, Used: 974MB, UsedThreshold: 1228MB
[3,136s][debug][gc,director    ] Rule Minor: High Usage, Free: 11272MB(91,7%)
[3,144s][debug][gc,nmethod     ] Register NMethod: io.sirix.node.NodeKind$1.deserialize (0x000074dd3eef3788) [0x000074dd3eef3880, 0x000074dd3eefae08] Compiler: jvmci, Barriers: 162, Oops: 7, ImmediateOops: 2, NonImmediateOops: No
[3,146s][debug][gc,director    ] Rule Major: Warmup 10%, Used: 986MB, UsedThreshold: 1228MB
[3,146s][debug][gc,director    ] Rule Minor: High Usage, Free: 11260MB(91,6%)
[3,156s][debug][gc,director    ] Rule Major: Warmup 10%, Used: 996MB, UsedThreshold: 1228MB
[3,156s][debug][gc,director    ] Rule Minor: High Usage, Free: 11250MB(91,6%)
[3,158s][debug][gc,nmethod     ] Register NMethod: com.sun.org.apache.xerces.internal.impl.XMLDocumentFragmentScannerImpl$FragmentContentDriver.startOfMarkup (0x000074dd3eefae88) [0x000074dd3eefaf80, 0x000074dd3eefb638] Compiler: jvmci, Barriers: 11, Oops: 1, ImmediateOops: 1, NonImmediateOops: No
[3,160s][debug][gc,nmethod     ] Register NMethod: com.sun.org.apache.xerces.internal.impl.XMLDocumentFragmentScannerImpl.scanDocument (0x000074dd3eefb688) [0x000074dd3eefb780, 0x000074dd3ef0a350] Compiler: jvmci, Barriers: 299, Oops: 10, ImmediateOops: 15, NonImmediateOops: No
[3,166s][debug][gc,nmethod     ] Register NMethod: io.sirix.page.delegates.BitmapReferencesPage.createNewReference (0x000074dd2031f488) [0x000074dd2031f580, 0x000074dd2031fb98] Compiler: c1, Barriers: 3, Oops: 1, ImmediateOops: 0, NonImmediateOops: No
[3,166s][debug][gc,director    ] Rule Major: Warmup 10%, Used: 1004MB, UsedThreshold: 1228MB
[3,166s][debug][gc,director    ] Rule Minor: High Usage, Free: 11242MB(91,5%)
[3,176s][debug][gc,director    ] Rule Major: Warmup 10%, Used: 1016MB, UsedThreshold: 1228MB
[3,176s][debug][gc,director    ] Rule Minor: High Usage, Free: 11230MB(91,4%)
[3,183s][debug][gc,nmethod     ] Register NMethod: java.util.stream.ReferencePipeline.toArray (0x000074dd2031fc08) [0x000074dd2031fd00, 0x000074dd20320518] Compiler: c1, Barriers: 0, Oops: 2, ImmediateOops: 1, NonImmediateOops: No
[3,183s][debug][gc,nmethod     ] Register NMethod: java.util.stream.ReferencePipeline.toArray (0x000074dd20320588) [0x000074dd20320680, 0x000074dd20320bc0] Compiler: c1, Barriers: 0, Oops: 0, ImmediateOops: 0, NonImmediateOops: No
[3,183s][debug][gc,nmethod     ] Register NMethod: java.util.ImmutableCollections$Access$1.listFromTrustedArrayNullsAllowed (0x000074dd20320c08) [0x000074dd20320d00, 0x000074dd20320e30] Compiler: c1, Barriers: 0, Oops: 0, ImmediateOops: 0, NonImmediateOops: No
[3,184s][debug][gc,alloc       ] Mutator Allocation Rate: 492,3MB/s Predicted: 504,6MB/s, Avg: 418,2(+/-84,0)MB/s
[3,184s][debug][gc,nmethod     ] Register NMethod: java.util.stream.Nodes.flatten (0x000074dd20320f08) [0x000074dd20321000, 0x000074dd20321d38] Compiler: c1, Barriers: 3, Oops: 0, ImmediateOops: 1, NonImmediateOops: No
[3,184s][debug][gc,nmethod     ] Register NMethod: io.sirix.index.path.summary.PathNode.getKind (0x000074dd20321d88) [0x000074dd20321e80, 0x000074dd203221a0] Compiler: c1, Barriers: 0, Oops: 1, ImmediateOops: 1, NonImmediateOops: No
[3,184s][debug][gc,nmethod     ] Register NMethod: io.sirix.node.NodeKind.serializeDelegateWithoutIDs (0x000074dd20322208) [0x000074dd20322300, 0x000074dd20322738] Compiler: c1, Barriers: 2, Oops: 1, ImmediateOops: 0, NonImmediateOops: No
[3,184s][debug][gc,nmethod     ] Register NMethod: java.util.stream.ReferencePipeline.toList (0x000074dd20322788) [0x000074dd20322880, 0x000074dd203233c0] Compiler: c1, Barriers: 0, Oops: 2, ImmediateOops: 1, NonImmediateOops: No
[3,184s][debug][gc,nmethod     ] Register NMethod: io.sirix.node.NodeKind.serializeNameDelegate (0x000074dd20323408) [0x000074dd20323500, 0x000074dd20323a38] Compiler: c1, Barriers: 3, Oops: 1, ImmediateOops: 0, NonImmediateOops: No
[3,185s][debug][gc,nmethod     ] Register NMethod: io.sirix.node.NodeKind.serializeStructDelegate (0x000074dd20323a88) [0x000074dd20323b80, 0x000074dd20324708] Compiler: c1, Barriers: 7, Oops: 1, ImmediateOops: 5, NonImmediateOops: No
[3,185s][debug][gc,nmethod     ] Register NMethod: io.sirix.node.AbstractForwardingNode.getDeweyID (0x000074dd20324788) [0x000074dd20324880, 0x000074dd20324f88] Compiler: c1, Barriers: 6, Oops: 1, ImmediateOops: 0, NonImmediateOops: No
[3,185s][debug][gc,nmethod     ] Register NMethod: java.util.ImmutableCollections.listFromTrustedArrayNullsAllowed (0x000074dd20325008) [0x000074dd20325100, 0x000074dd20325500] Compiler: c1, Barriers: 3, Oops: 0, ImmediateOops: 1, NonImmediateOops: No
[3,185s][debug][gc,nmethod     ] Register NMethod: io.sirix.node.NodeKind$13.serialize (0x000074dd20325508) [0x000074dd20325600, 0x000074dd20326b60] Compiler: c1, Barriers: 7, Oops: 1, ImmediateOops: 0, NonImmediateOops: No
[3,185s][debug][gc,nmethod     ] Register NMethod: io.sirix.node.Bytes.wrapForWrite (0x000074dd20326b88) [0x000074dd20326c80, 0x000074dd20327c60] Compiler: c1, Barriers: 9, Oops: 2, ImmediateOops: 1, NonImmediateOops: No
[3,185s][debug][gc,director    ] Rule Major: Warmup 10%, Used: 1048MB, UsedThreshold: 1228MB
[3,185s][debug][gc,director    ] Rule Minor: High Usage, Free: 11198MB(91,1%)
[3,187s][debug][gc,nmethod     ] Register NMethod: java.security.MessageDigest$Delegate.clone (0x000074dd20327c88) [0x000074dd20327d80, 0x000074dd20328a28] Compiler: c1, Barriers: 12, Oops: 0, ImmediateOops: 0, NonImmediateOops: No
[3,188s][debug][gc,nmethod     ] Register NMethod: java.util.concurrent.CountedCompleter.propagateCompletion (0x000074dd20328a88) [0x000074dd20328b80, 0x000074dd20329348] Compiler: c1, Barriers: 1, Oops: 0, ImmediateOops: 0, NonImmediateOops: No
[3,188s][debug][gc,nmethod     ] Register NMethod: java.util.concurrent.ConcurrentHashMap$KeySetView.remove (0x000074dd20329388) [0x000074dd20329480, 0x000074dd20329880] Compiler: c1, Barriers: 1, Oops: 0, ImmediateOops: 0, NonImmediateOops: No
[3,189s][debug][gc,nmethod     ] Register NMethod: jdk.internal.foreign.AbstractMemorySegmentImpl.equals (0x000074dd20329888) [0x000074dd20329980, 0x000074dd2032a758] Compiler: c1, Barriers: 0, Oops: 0, ImmediateOops: 0, NonImmediateOops: No
[3,189s][debug][gc,nmethod     ] Register NMethod: java.lang.Long.equals (0x000074dd2032a788) [0x000074dd2032a880, 0x000074dd2032b010] Compiler: c1, Barriers: 0, Oops: 0, ImmediateOops: 0, NonImmediateOops: No
[3,189s][debug][gc,nmethod     ] Register NMethod: java.nio.HeapByteBuffer.putLong (0x000074dd3ef0a408) [0x000074dd3ef0a500, 0x000074dd3ef0a868] Compiler: jvmci, Barriers: 5, Oops: 1, ImmediateOops: 0, NonImmediateOops: No
[3,193s][debug][gc,nmethod     ] Register NMethod: io.sirix.cache.LinuxMemorySegmentAllocator.release (0x000074dd2032b088) [0x000074dd2032b180, 0x000074dd20337580] Compiler: c1, Barriers: 95, Oops: 27, ImmediateOops: 37, NonImmediateOops: No
[3,195s][debug][gc,director    ] Rule Major: Warmup 10%, Used: 1070MB, UsedThreshold: 1228MB
[3,196s][debug][gc,director    ] Rule Minor: High Usage, Free: 11176MB(91,0%)
[3,198s][debug][gc,nmethod     ] Register NMethod: java.nio.channels.spi.AbstractInterruptibleChannel.<init> (0x000074dd20337688) [0x000074dd20337780, 0x000074dd20337c60] Compiler: c1, Barriers: 9, Oops: 0, ImmediateOops: 0, NonImmediateOops: No
[3,198s][debug][gc,nmethod     ] Register NMethod: sun.nio.fs.UnixChannelFactory.newFileChannel (0x000074dd20337c88) [0x000074dd20337d80, 0x000074dd20337ea8] Compiler: c1, Barriers: 0, Oops: 0, ImmediateOops: 0, NonImmediateOops: No
[3,198s][debug][gc,nmethod     ] Register NMethod: sun.nio.fs.UnixChannelFactory$Flags.<init> (0x000074dd20337f88) [0x000074dd20338080, 0x000074dd203381d8] Compiler: c1, Barriers: 0, Oops: 0, ImmediateOops: 0, NonImmediateOops: No
[3,198s][debug][gc,nmethod     ] Register NMethod: java.nio.channels.spi.AbstractInterruptibleChannel$1.<init> (0x000074dd20338288) [0x000074dd20338380, 0x000074dd203386a8] Compiler: c1, Barriers: 3, Oops: 0, ImmediateOops: 0, NonImmediateOops: No
[3,198s][debug][gc,nmethod     ] Register NMethod: com.github.benmanes.caffeine.cache.stats.DisabledStatsCounter.recordHits (0x000074dd20338708) [0x000074dd20338800, 0x000074dd20338900] Compiler: c1, Barriers: 0, Oops: 1, ImmediateOops: 0, NonImmediateOops: No
[3,198s][debug][gc,nmethod     ] Register NMethod: java.io.FileDescriptor$1.set (0x000074dd20338a08) [0x000074dd20338b00, 0x000074dd203392b0] Compiler: c1, Barriers: 4, Oops: 0, ImmediateOops: 0, NonImmediateOops: No
[3,198s][debug][gc,nmethod     ] Register NMethod: io.sirix.page.DeserializedReferencesPage4Tuple.references (0x000074dd3ef0a888) [0x000074dd3ef0a980, 0x000074dd3ef0aa68] Compiler: c1, Barriers: 1, Oops: 1, ImmediateOops: 0, NonImmediateOops: No
[3,198s][debug][gc,nmethod     ] Register NMethod: io.sirix.page.DeserializedReferencesPage4Tuple.offsets (0x000074dd3ef0ab88) [0x000074dd3ef0ac80, 0x000074dd3ef0ad68] Compiler: c1, Barriers: 1, Oops: 1, ImmediateOops: 0, NonImmediateOops: No
[3,199s][debug][gc,nmethod     ] Register NMethod: sun.nio.fs.UnixChannelFactory.newFileChannel (0x000074dd20339308) [0x000074dd20339400, 0x000074dd20339e70] Compiler: c1, Barriers: 6, Oops: 0, ImmediateOops: 3, NonImmediateOops: No
[3,199s][debug][gc,nmethod     ] Register NMethod: io.sirix.access.trx.page.NodePageReadOnlyTrx.getLeafPageReference (0x000074dd20339e88) [0x000074dd20339f80, 0x000074dd2033a508] Compiler: c1, Barriers: 2, Oops: 1, ImmediateOops: 0, NonImmediateOops: No
[3,199s][debug][gc,nmethod     ] Register NMethod: sun.nio.fs.UnixChannelFactory$Flags.toFlags (0x000074dd2033a588) [0x000074dd2033a680, 0x000074dd2033d138] Compiler: c1, Barriers: 1, Oops: 1, ImmediateOops: 5, NonImmediateOops: No
[3,199s][debug][gc,nmethod     ] Register NMethod: sun.nio.ch.FileChannelImpl.open (0x000074dd2033d188) [0x000074dd2033d280, 0x000074dd2033d438] Compiler: c1, Barriers: 0, Oops: 0, ImmediateOops: 0, NonImmediateOops: No
[3,199s][debug][gc,nmethod     ] Register NMethod: java.io.FileDescriptor$1.setAppend (0x000074dd2033d488) [0x000074dd2033d580, 0x000074dd2033d688] Compiler: c1, Barriers: 0, Oops: 0, ImmediateOops: 0, NonImmediateOops: No
[3,199s][debug][gc,nmethod     ] Register NMethod: java.io.FileDescriptor.set (0x000074dd2033d788) [0x000074dd2033d880, 0x000074dd2033ddf0] Compiler: c1, Barriers: 4, Oops: 0, ImmediateOops: 0, NonImmediateOops: No
[3,199s][debug][gc,nmethod     ] Register NMethod: sun.nio.fs.UnixFileSystemProvider.newFileChannel (0x000074dd2033de08) [0x000074dd2033df00, 0x000074dd2033e7f8] Compiler: c1, Barriers: 0, Oops: 0, ImmediateOops: 0, NonImmediateOops: No
[3,199s][debug][gc,nmethod     ] Register NMethod: java.nio.channels.FileChannel.<init> (0x000074dd2033e808) [0x000074dd2033e900, 0x000074dd2033ee48] Compiler: c1, Barriers: 9, Oops: 0, ImmediateOops: 0, NonImmediateOops: No
[3,199s][debug][gc,nmethod     ] Register NMethod: sun.nio.ch.NativeThreadSet.<init> (0x000074dd2033ee88) [0x000074dd2033ef80, 0x000074dd2033f0e0] Compiler: c1, Barriers: 0, Oops: 0, ImmediateOops: 0, NonImmediateOops: No
[3,200s][debug][gc,nmethod     ] Register NMethod: sun.nio.ch.FileChannelImpl.<init> (0x000074dd2033f188) [0x000074dd2033f280, 0x000074dd203403a0] Compiler: c1, Barriers: 30, Oops: 1, ImmediateOops: 2, NonImmediateOops: No
[3,200s][debug][gc,nmethod     ] Register NMethod: sun.nio.ch.FileChannelImpl$Closer.<init> (0x000074dd20340408) [0x000074dd20340500, 0x000074dd203406d0] Compiler: c1, Barriers: 3, Oops: 0, ImmediateOops: 0, NonImmediateOops: No
[3,200s][debug][gc,nmethod     ] Register NMethod: io.sirix.access.trx.page.NodePageReadOnlyTrx.getInMemoryPageInstance (0x000074dd20340708) [0x000074dd20340800, 0x000074dd20342000] Compiler: c1, Barriers: 6, Oops: 2, ImmediateOops: 3, NonImmediateOops: No
[3,200s][debug][gc,nmethod     ] Register NMethod: sun.nio.fs.UnixChannelFactory.open (0x000074dd20342088) [0x000074dd20342180, 0x000074dd20344488] Compiler: c1, Barriers: 10, Oops: 1, ImmediateOops: 5, NonImmediateOops: No
[3,200s][debug][gc,nmethod     ] Register NMethod: sun.nio.ch.NativeThreadSet.signalAndWait (0x000074dd20344508) [0x000074dd20344600, 0x000074dd20345150] Compiler: c1, Barriers: 2, Oops: 0, ImmediateOops: 0, NonImmediateOops: No
[3,200s][debug][gc,nmethod     ] Register NMethod: sun.nio.ch.FileChannelImpl$Closer.run (0x000074dd20345188) [0x000074dd20345280, 0x000074dd20345fb0] Compiler: c1, Barriers: 5, Oops: 0, ImmediateOops: 2, NonImmediateOops: No
[3,201s][debug][gc,nmethod     ] Register NMethod: java.io.FileDescriptor$1.close (0x000074dd20346008) [0x000074dd20346100, 0x000074dd20346c60] Compiler: c1, Barriers: 4, Oops: 0, ImmediateOops: 0, NonImmediateOops: No
[3,201s][debug][gc,nmethod     ] Register NMethod: sun.nio.ch.FileChannelImpl.implCloseChannel (0x000074dd20346c88) [0x000074dd20346d80, 0x000074dd20349138] Compiler: c1, Barriers: 8, Oops: 1, ImmediateOops: 1, NonImmediateOops: No
[3,201s][debug][gc,nmethod     ] Register NMethod: java.util.ArrayList.spliterator (0x000074dd20349188) [0x000074dd20349280, 0x000074dd20349590] Compiler: c1, Barriers: 3, Oops: 0, ImmediateOops: 0, NonImmediateOops: No
[3,202s][debug][gc,nmethod     ] Register NMethod: io.sirix.access.trx.page.NodePageReadOnlyTrx.setMostRecentlyReadRecordPage (0x000074dd20349608) [0x000074dd20349700, 0x000074dd2034e1f0] Compiler: c1, Barriers: 39, Oops: 2, ImmediateOops: 3, NonImmediateOops: No
[3,203s][debug][gc,nmethod     ] Register NMethod: io.sirix.page.NamePage.getCurrentMaxLevelOfIndirectPages (0x000074dd2034e208) [0x000074dd2034e300, 0x000074dd2034e4a8] Compiler: c1, Barriers: 1, Oops: 1, ImmediateOops: 0, NonImmediateOops: No
[3,203s][debug][gc,nmethod     ] Register NMethod: io.sirix.settings.VersioningType$4.combineRecordPagesForModification (0x000074dd2034e508) [0x000074dd2034e600, 0x000074dd20357580] Compiler: c1, Barriers: 27, Oops: 1, ImmediateOops: 0, NonImmediateOops: No
[3,203s][debug][gc,nmethod     ] Register NMethod: java.lang.System$1.currentCarrierThread (0x000074dd20357608) [0x000074dd20357700, 0x000074dd20357848] Compiler: c1, Barriers: 1, Oops: 0, ImmediateOops: 0, NonImmediateOops: No
[3,203s][debug][gc,nmethod     ] Register NMethod: java.util.LinkedHashMap.entrySet (0x000074dd20357908) [0x000074dd20357a00, 0x000074dd20357cf8] Compiler: c1, Barriers: 0, Oops: 0, ImmediateOops: 0, NonImmediateOops: No
[3,203s][debug][gc,nmethod     ] Register NMethod: java.util.LinkedHashMap.sequencedEntrySet (0x000074dd20357d08) [0x000074dd20357e00, 0x000074dd203584d8] Compiler: c1, Barriers: 7, Oops: 0, ImmediateOops: 0, NonImmediateOops: No
[3,203s][debug][gc,nmethod     ] Register NMethod: java.util.LinkedHashMap$LinkedEntryIterator.<init> (0x000074dd20358508) [0x000074dd20358600, 0x000074dd20358888] Compiler: c1, Barriers: 0, Oops: 0, ImmediateOops: 0, NonImmediateOops: No
[3,203s][debug][gc,nmethod     ] Register NMethod: java.util.LinkedHashMap$LinkedEntrySet.iterator (0x000074dd20358908) [0x000074dd20358a00, 0x000074dd20358d90] Compiler: c1, Barriers: 1, Oops: 0, ImmediateOops: 0, NonImmediateOops: No
[3,203s][debug][gc,nmethod     ] Register NMethod: jdk.internal.foreign.MemorySessionImpl.asArena (0x000074dd3ef0ae88) [0x000074dd3ef0af80, 0x000074dd3ef0b0c0] Compiler: jvmci, Barriers: 2, Oops: 0, ImmediateOops: 0, NonImmediateOops: No
[3,204s][debug][gc,nmethod     ] Register NMethod: io.sirix.io.memorymapped.MMStorage.getDataFilePath (0x000074dd3ef0b188) [0x000074dd3ef0b280, 0x000074dd3ef0b368] Compiler: c1, Barriers: 1, Oops: 1, ImmediateOops: 0, NonImmediateOops: No
[3,204s][debug][gc,nmethod     ] Register NMethod: sun.nio.fs.UnixNativeDispatcher.stat (0x000074dd20358e08) [0x000074dd20358f00, 0x000074dd20359610] Compiler: c1, Barriers: 0, Oops: 0, ImmediateOops: 0, NonImmediateOops: No
[3,205s][debug][gc,nmethod     ] Register NMethod: java.lang.invoke.Invokers$Holder.linkToTargetMethod (0x000074dd20359688) [0x000074dd20359780, 0x000074dd20359c78] Compiler: c1, Barriers: 0, Oops: 0, ImmediateOops: 0, NonImmediateOops: No
[3,205s][debug][gc,nmethod     ] Register NMethod: jdk.internal.misc.Unsafe.setMemory (0x000074dd20359c88) [0x000074dd20359d80, 0x000074dd2035a090] Compiler: c1, Barriers: 0, Oops: 0, ImmediateOops: 0, NonImmediateOops: No
[3,205s][debug][gc,nmethod     ] Register NMethod: java.nio.Bits.pageSize (0x000074dd2035a108) [0x000074dd2035a200, 0x000074dd2035a560] Compiler: c1, Barriers: 0, Oops: 0, ImmediateOops: 4, NonImmediateOops: No
[3,205s][debug][gc,nmethod     ] Register NMethod: java.nio.DirectByteBuffer$Deallocator.<init> (0x000074dd2035a588) [0x000074dd2035a680, 0x000074dd2035a858] Compiler: c1, Barriers: 0, Oops: 0, ImmediateOops: 0, NonImmediateOops: No
[3,205s][debug][gc,nmethod     ] Register NMethod: jdk.internal.ref.Cleaner.add (0x000074dd2035a888) [0x000074dd2035a980, 0x000074dd2035ada8] Compiler: c1, Barriers: 10, Oops: 0, ImmediateOops: 3, NonImmediateOops: No
[3,205s][debug][gc,nmethod     ] Register NMethod: jdk.internal.ref.Cleaner.<init> (0x000074dd2035ae08) [0x000074dd2035af00, 0x000074dd2035b398] Compiler: c1, Barriers: 15, Oops: 1, ImmediateOops: 1, NonImmediateOops: No
[3,205s][debug][gc,nmethod     ] Register NMethod: jdk.internal.ref.Cleaner.create (0x000074dd2035b408) [0x000074dd2035b500, 0x000074dd2035be68] Compiler: c1, Barriers: 25, Oops: 1, ImmediateOops: 4, NonImmediateOops: No
[3,205s][debug][gc,nmethod     ] Register NMethod: jdk.internal.misc.Unsafe.setMemoryChecks (0x000074dd2035be88) [0x000074dd2035bf80, 0x000074dd2035cbd8] Compiler: c1, Barriers: 2, Oops: 0, ImmediateOops: 0, NonImmediateOops: No
[3,205s][debug][gc,nmethod     ] Register NMethod: jdk.internal.misc.Unsafe.setMemory (0x000074dd2035cc08) [0x000074dd2035cd00, 0x000074dd2035d930] Compiler: c1, Barriers: 2, Oops: 0, ImmediateOops: 0, NonImmediateOops: No
[3,206s][debug][gc,director    ] Rule Major: Warmup 10%, Used: 1072MB, UsedThreshold: 1228MB
[3,206s][debug][gc,director    ] Rule Minor: High Usage, Free: 11174MB(90,9%)
[3,206s][debug][gc,nmethod     ] Register NMethod: com.google.gson.stream.JsonReader.isLiteral (0x000074dd2035d988) [0x000074dd2035da80, 0x000074dd2035eaa8] Compiler: c1, Barriers: 0, Oops: 2, ImmediateOops: 2, NonImmediateOops: No
[3,206s][debug][gc,nmethod     ] Register NMethod: com.google.gson.stream.JsonReader.peekKeyword (0x000074dd2035eb08) [0x000074dd2035ec00, 0x000074dd20360918] Compiler: c1, Barriers: 8, Oops: 2, ImmediateOops: 10, NonImmediateOops: No
[3,206s][debug][gc,nmethod     ] Register NMethod: com.github.benmanes.caffeine.cache.UnboundedLocalCache$UnboundedLocalAsyncCache.cache (0x000074dd20360988) [0x000074dd20360a80, 0x000074dd20360d80] Compiler: c1, Barriers: 1, Oops: 1, ImmediateOops: 0, NonImmediateOops: No
[3,206s][debug][gc,nmethod     ] Register NMethod: java.util.Collections$EmptySet.iterator (0x000074dd20360e08) [0x000074dd20360f00, 0x000074dd20361060] Compiler: c1, Barriers: 0, Oops: 0, ImmediateOops: 1, NonImmediateOops: No
[3,207s][debug][gc,nmethod     ] Register NMethod: java.util.HashMap.<init> (0x000074dd3ef0b488) [0x000074dd3ef0b5a0, 0x000074dd3ef0b630] Compiler: jvmci, Barriers: 0, Oops: 0, ImmediateOops: 0, NonImmediateOops: No
[3,207s][debug][gc,nmethod     ] Register NMethod: java.lang.invoke.LambdaForm$MH/0x00000000692c0400.guard (0x000074dd20361108) [0x000074dd20361200, 0x000074dd203624a0] Compiler: c1, Barriers: 4, Oops: 1, ImmediateOops: 0, NonImmediateOops: No
[3,208s][debug][gc,nmethod     ] Register NMethod: io.sirix.page.AbstractForwardingPage.getReferences (0x000074dd20362508) [0x000074dd20362600, 0x000074dd20362b00] Compiler: c1, Barriers: 0, Oops: 1, ImmediateOops: 0, NonImmediateOops: No
[3,208s][debug][gc,nmethod     ] Register NMethod: io.sirix.io.memorymapped.MMStorage.getRevisionFilePath (0x000074dd3ef0b788) [0x000074dd3ef0b880, 0x000074dd3ef0b968] Compiler: c1, Barriers: 1, Oops: 1, ImmediateOops: 0, NonImmediateOops: No
[3,208s][debug][gc,nmethod     ] Register NMethod: com.github.benmanes.caffeine.cache.UnboundedLocalCache.statsTicker (0x000074dd3ef0ba88) [0x000074dd3ef0bb80, 0x000074dd3ef0bc68] Compiler: c1, Barriers: 1, Oops: 1, ImmediateOops: 0, NonImmediateOops: No
[3,208s][debug][gc,nmethod     ] Register NMethod: java.nio.channels.FileChannel.open (0x000074dd20362b88) [0x000074dd20362c80, 0x000074dd20363268] Compiler: c1, Barriers: 2, Oops: 0, ImmediateOops: 0, NonImmediateOops: No
[3,208s][debug][gc,nmethod     ] Register NMethod: java.nio.channels.FileChannel.open (0x000074dd20363288) [0x000074dd20363380, 0x000074dd20363950] Compiler: c1, Barriers: 3, Oops: 0, ImmediateOops: 2, NonImmediateOops: No
[3,209s][debug][gc,nmethod     ] Register NMethod: java.io.Writer.<init> (0x000074dd20363988) [0x000074dd20363a80, 0x000074dd20363d40] Compiler: c1, Barriers: 3, Oops: 0, ImmediateOops: 0, NonImmediateOops: No
[3,210s][debug][gc,nmethod     ] Register NMethod: io.sirix.cache.RecordPageFragmentCache.get (0x000074dd20363d88) [0x000074dd20363e80, 0x000074dd203645d8] Compiler: c1, Barriers: 1, Oops: 1, ImmediateOops: 0, NonImmediateOops: No
[3,210s][debug][gc,nmethod     ] Register NMethod: io.sirix.cache.RecordPageFragmentCache.get (0x000074dd20364608) [0x000074dd20364700, 0x000074dd20365270] Compiler: c1, Barriers: 1, Oops: 1, ImmediateOops: 0, NonImmediateOops: No
[3,212s][debug][gc,nmethod     ] Register NMethod: java.lang.Long.numberOfLeadingZeros (0x000074dd3ef0bd88) [0x000074dd3ef0be80, 0x000074dd3ef0bf28] Compiler: jvmci, Barriers: 0, Oops: 0, ImmediateOops: 0, NonImmediateOops: No
[3,212s][debug][gc,nmethod     ] Register NMethod: io.sirix.access.trx.page.NodePageReadOnlyTrx.setMostRecentPage (0x000074dd20365288) [0x000074dd20365380, 0x000074dd20366790] Compiler: c1, Barriers: 35, Oops: 1, ImmediateOops: 1, NonImmediateOops: No
[3,212s][debug][gc,nmethod     ] Register NMethod: io.brackit.query.compiler.parser.Tokenizer.ws (0x000074dd3ef0c088) [0x000074dd3ef0c180, 0x000074dd3ef0c410] Compiler: jvmci, Barriers: 1, Oops: 1, ImmediateOops: 0, NonImmediateOops: No
[3,212s][debug][gc,nmethod     ] Register NMethod: com.github.benmanes.caffeine.cache.BaseMpscLinkedArrayQueue.offerSlowPath (0x000074dd20366808) [0x000074dd20366900, 0x000074dd203679f0] Compiler: c1, Barriers: 0, Oops: 6, ImmediateOops: 5, NonImmediateOops: No
[3,212s][debug][gc,nmethod     ] Register NMethod: java.util.concurrent.ForkJoinPool.deactivate (0x000074dd3ef0c488) [0x000074dd3ef0c580, 0x000074dd3ef0d418] Compiler: jvmci, Barriers: 28, Oops: 0, ImmediateOops: 1, NonImmediateOops: No
[3,212s][debug][gc,nmethod     ] Register NMethod: io.brackit.query.operator.ForBind$ForBindCursor.emit (0x000074dd20367a88) [0x000074dd20367b80, 0x000074dd20369028] Compiler: c1, Barriers: 17, Oops: 1, ImmediateOops: 0, NonImmediateOops: No
[3,214s][debug][gc,nmethod     ] Register NMethod: java.lang.Double.parseDouble (0x000074dd20369088) [0x000074dd20369180, 0x000074dd203694f8] Compiler: c1, Barriers: 0, Oops: 0, ImmediateOops: 0, NonImmediateOops: No
[3,214s][debug][gc,nmethod     ] Register NMethod: jdk.internal.math.FloatingDecimal.parseDouble (0x000074dd20369508) [0x000074dd20369600, 0x000074dd20369920] Compiler: c1, Barriers: 0, Oops: 0, ImmediateOops: 0, NonImmediateOops: No
[3,214s][debug][gc,nmethod     ] Register NMethod: io.brackit.query.util.Whitespace.collapseTrimOnly (0x000074dd20369988) [0x000074dd20369a80, 0x000074dd2036b5d8] Compiler: c1, Barriers: 5, Oops: 2, ImmediateOops: 4, NonImmediateOops: No
[3,216s][debug][gc,nmethod     ] Register NMethod: jdk.internal.math.FloatingDecimal$ASCIIToBinaryBuffer.doubleValue (0x000074dd2036b608) [0x000074dd2036b760, 0x000074dd2036d800] Compiler: c1, Barriers: 2, Oops: 0, ImmediateOops: 9, NonImmediateOops: No
[3,216s][debug][gc,nmethod     ] Register NMethod: jdk.internal.math.FloatingDecimal.readJavaFormatString (0x000074dd2036d808) [0x000074dd2036d900, 0x000074dd203779f0] Compiler: c1, Barriers: 29, Oops: 1, ImmediateOops: 50, NonImmediateOops: No
[3,216s][debug][gc,director    ] Rule Major: Warmup 10%, Used: 1082MB, UsedThreshold: 1228MB
[3,216s][debug][gc,director    ] Rule Minor: High Usage, Free: 11164MB(90,9%)
[3,216s][debug][gc,nmethod     ] Register NMethod: java.lang.invoke.Invokers$Holder.linkToTargetMethod (0x000074dd20377a08) [0x000074dd20377b00, 0x000074dd20377ff8] Compiler: c1, Barriers: 0, Oops: 0, ImmediateOops: 0, NonImmediateOops: No
[3,216s][debug][gc,nmethod     ] Register NMethod: java.lang.invoke.LambdaForm$MH/0x00000000692a9000.invoke (0x000074dd20378008) [0x000074dd20378100, 0x000074dd20378870] Compiler: c1, Barriers: 2, Oops: 1, ImmediateOops: 0, NonImmediateOops: No
[3,216s][debug][gc,nmethod     ] Register NMethod: java.lang.invoke.DirectMethodHandle$Holder.invokeSpecial (0x000074dd20378888) [0x000074dd20378980, 0x000074dd20378d50] Compiler: c1, Barriers: 1, Oops: 0, ImmediateOops: 0, NonImmediateOops: No
[3,216s][debug][gc,nmethod     ] Register NMethod: java.lang.String$$StringConcat/0x00000000692a8c00.length (0x000074dd20378d88) [0x000074dd20378e80, 0x000074dd20379308] Compiler: c1, Barriers: 0, Oops: 1, ImmediateOops: 2, NonImmediateOops: No
[3,216s][debug][gc,nmethod     ] Register NMethod: java.lang.String$$StringConcat/0x00000000692a8c00.prepend (0x000074dd20379388) [0x000074dd20379480, 0x000074dd20379688] Compiler: c1, Barriers: 2, Oops: 1, ImmediateOops: 0, NonImmediateOops: No
[3,217s][debug][gc,nmethod     ] Register NMethod: java.lang.String$$StringConcat/0x00000000692a8c00.concat (0x000074dd20379708) [0x000074dd20379800, 0x000074dd2037b460] Compiler: c1, Barriers: 8, Oops: 1, ImmediateOops: 5, NonImmediateOops: No
[3,217s][debug][gc,nmethod     ] Register NMethod: io.brackit.query.compiler.optimizer.walker.Walker.walkInternal (0x000074dd3ef0d488) [0x000074dd3ef0d580, 0x000074dd3ef0dbf0] Compiler: jvmci, Barriers: 6, Oops: 1, ImmediateOops: 1, NonImmediateOops: No
[3,218s][debug][gc,nmethod     ] Register NMethod: io.sirix.cache.RecordPageFragmentCache.asMap (0x000074dd2037b488) [0x000074dd2037b580, 0x000074dd2037b8c0] Compiler: c1, Barriers: 1, Oops: 1, ImmediateOops: 0, NonImmediateOops: No
[3,219s][debug][gc,nmethod     ] Register NMethod: java.util.RegularEnumSet.contains (0x000074dd3ef0dc08) [0x000074dd3ef0dd00, 0x000074dd3ef0de60] Compiler: jvmci, Barriers: 1, Oops: 0, ImmediateOops: 1, NonImmediateOops: No
[3,219s][debug][gc,nmethod     ] Register NMethod: org.gradle.internal.Cast.uncheckedNonnullCast (0x000074dd2037b908) [0x000074dd2037ba00, 0x000074dd2037bae0] Compiler: c1, Barriers: 0, Oops: 1, ImmediateOops: 0, NonImmediateOops: No
[3,220s][debug][gc,nmethod     ] Register NMethod: java.util.concurrent.atomic.AtomicBoolean.get (0x000074dd2037bc08) [0x000074dd2037bd00, 0x000074dd2037be50] Compiler: c1, Barriers: 0, Oops: 0, ImmediateOops: 0, NonImmediateOops: No
[3,220s][debug][gc,nmethod     ] Register NMethod: java.util.stream.FindOps$FindOp.getOpFlags (0x000074dd3ef0df08) [0x000074dd3ef0e000, 0x000074dd3ef0e0c0] Compiler: c1, Barriers: 0, Oops: 0, ImmediateOops: 0, NonImmediateOops: No
[3,220s][debug][gc,nmethod     ] Register NMethod: java.util.Collections$UnmodifiableCollection.contains (0x000074dd3ef0e208) [0x000074dd3ef0e300, 0x000074dd3ef0e508] Compiler: jvmci, Barriers: 2, Oops: 0, ImmediateOops: 1, NonImmediateOops: No
[3,221s][debug][gc,nmethod     ] Register NMethod: java.net.URLDecoder.decode (0x000074dd2037bf08) [0x000074dd2037c000, 0x000074dd2037fae0] Compiler: c1, Barriers: 5, Oops: 3, ImmediateOops: 9, NonImmediateOops: No
[3,221s][debug][gc,nmethod     ] Register NMethod: java.lang.StringUTF16.toBytes (0x000074dd3ef0e588) [0x000074dd3ef0e680, 0x000074dd3ef0e8f0] Compiler: jvmci, Barriers: 0, Oops: 0, ImmediateOops: 0, NonImmediateOops: No
[3,221s][debug][gc,nmethod     ] Register NMethod: dagger.internal.DoubleCheck.get (0x000074dd2037fb08) [0x000074dd2037fc00, 0x000074dd20380318] Compiler: c1, Barriers: 10, Oops: 1, ImmediateOops: 2, NonImmediateOops: No
[3,222s][debug][gc,nmethod     ] Register NMethod: java.util.concurrent.locks.ReentrantReadWriteLock$ReadLock.lock (0x000074dd20380388) [0x000074dd20380480, 0x000074dd203807b8] Compiler: c1, Barriers: 1, Oops: 0, ImmediateOops: 0, NonImmediateOops: No
[3,222s][debug][gc,nmethod     ] Register NMethod: java.util.concurrent.locks.AbstractQueuedLongSynchronizer.acquireShared (0x000074dd20380808) [0x000074dd20380900, 0x000074dd20380e68] Compiler: c1, Barriers: 0, Oops: 0, ImmediateOops: 0, NonImmediateOops: No
[3,222s][debug][gc,nmethod     ] Register NMethod: java.util.concurrent.locks.ReentrantReadWriteLock$Sync.sharedCount (0x000074dd20380e88) [0x000074dd20380f80, 0x000074dd20381070] Compiler: c1, Barriers: 0, Oops: 0, ImmediateOops: 0, NonImmediateOops: No
[3,222s][debug][gc,nmethod     ] Register NMethod: sun.nio.fs.UnixNativeDispatcher.readdir (0x000074dd20381188) [0x000074dd20381280, 0x000074dd20381390] Compiler: c1, Barriers: 0, Oops: 0, ImmediateOops: 0, NonImmediateOops: No
[3,222s][debug][gc,nmethod     ] Register NMethod: java.util.concurrent.locks.ReentrantReadWriteLock$FairSync.readerShouldBlock (0x000074dd20381488) [0x000074dd20381580, 0x000074dd20381878] Compiler: c1, Barriers: 0, Oops: 0, ImmediateOops: 0, NonImmediateOops: No
[3,222s][debug][gc,nmethod     ] Register NMethod: sun.nio.fs.UnixDirectoryStream.isOpen (0x000074dd20381888) [0x000074dd20381980, 0x000074dd20381ad0] Compiler: c1, Barriers: 0, Oops: 0, ImmediateOops: 0, NonImmediateOops: No
[3,222s][debug][gc,nmethod     ] Register NMethod: java.util.concurrent.locks.AbstractQueuedLongSynchronizer.setState (0x000074dd3ef0e908) [0x000074dd3ef0ea00, 0x000074dd3ef0ead0] Compiler: c1, Barriers: 0, Oops: 0, ImmediateOops: 0, NonImmediateOops: No
[3,222s][debug][gc,nmethod     ] Register NMethod: java.util.concurrent.locks.ReentrantReadWriteLock.writeLock (0x000074dd3ef0ec08) [0x000074dd3ef0ed00, 0x000074dd3ef0ede8] Compiler: c1, Barriers: 1, Oops: 0, ImmediateOops: 0, NonImmediateOops: No
[3,222s][debug][gc,nmethod     ] Register NMethod: java.util.concurrent.locks.ReentrantReadWriteLock$ReadLock.unlock (0x000074dd20381b88) [0x000074dd20381c80, 0x000074dd20382298] Compiler: c1, Barriers: 2, Oops: 0, ImmediateOops: 0, NonImmediateOops: No
[3,222s][debug][gc,nmethod     ] Register NMethod: java.util.concurrent.locks.AbstractQueuedLongSynchronizer.releaseShared (0x000074dd20382308) [0x000074dd20382400, 0x000074dd203830f8] Compiler: c1, Barriers: 3, Oops: 0, ImmediateOops: 2, NonImmediateOops: No
[3,223s][debug][gc,nmethod     ] Register NMethod: java.util.concurrent.locks.ReentrantReadWriteLock$Sync.tryAcquireShared (0x000074dd20383108) [0x000074dd20383200, 0x000074dd203859b8] Compiler: c1, Barriers: 17, Oops: 0, ImmediateOops: 0, NonImmediateOops: No
[3,223s][debug][gc,nmethod     ] Register NMethod: java.util.concurrent.locks.ReentrantReadWriteLock$Sync.tryReleaseShared (0x000074dd20385a08) [0x000074dd20385b00, 0x000074dd20387970] Compiler: c1, Barriers: 13, Oops: 0, ImmediateOops: 1, NonImmediateOops: No
[3,223s][debug][gc,nmethod     ] Register NMethod: java.nio.file.FileTreeWalker$Event.ioeException (0x000074dd3ef0ef08) [0x000074dd3ef0f000, 0x000074dd3ef0f0e8] Compiler: c1, Barriers: 1, Oops: 0, ImmediateOops: 0, NonImmediateOops: No
[3,223s][debug][gc,nmethod     ] Register NMethod: sun.nio.fs.UnixPath.compareTo (0x000074dd20387988) [0x000074dd20387a80, 0x000074dd20387e28] Compiler: c1, Barriers: 2, Oops: 0, ImmediateOops: 0, NonImmediateOops: No
[3,223s][debug][gc,nmethod     ] Register NMethod: java.util.Arrays.compareUnsigned (0x000074dd20387e88) [0x000074dd20387f80, 0x000074dd20388480] Compiler: c1, Barriers: 0, Oops: 0, ImmediateOops: 0, NonImmediateOops: No
[3,224s][debug][gc,nmethod     ] Register NMethod: java.lang.String.endsWith (0x000074dd3ef0f208) [0x000074dd3ef0f300, 0x000074dd3ef0f600] Compiler: jvmci, Barriers: 2, Oops: 0, ImmediateOops: 0, NonImmediateOops: No
[3,224s][debug][gc,nmethod     ] Register NMethod: io.sirix.access.DatabaseConfiguration.getDatabaseFile (0x000074dd3ef0f608) [0x000074dd3ef0f700, 0x000074dd3ef0f7e8] Compiler: c1, Barriers: 1, Oops: 1, ImmediateOops: 0, NonImmediateOops: No
[3,225s][debug][gc,nmethod     ] Register NMethod: java.nio.ByteBuffer.arrayOffset (0x000074dd3ef0f908) [0x000074dd3ef0fa00, 0x000074dd3ef0fb10] Compiler: jvmci, Barriers: 1, Oops: 0, ImmediateOops: 0, NonImmediateOops: No
[3,225s][debug][gc,nmethod     ] Register NMethod: java.nio.CharBuffer.arrayOffset (0x000074dd3ef0fc08) [0x000074dd3ef0fd00, 0x000074dd3ef0fe10] Compiler: jvmci, Barriers: 1, Oops: 0, ImmediateOops: 0, NonImmediateOops: No
[3,225s][debug][gc,nmethod     ] Register NMethod: java.lang.invoke.DirectMethodHandle$Holder.fieldAccess (0x000074dd20388488) [0x000074dd20388580, 0x000074dd20388a78] Compiler: c1, Barriers: 0, Oops: 0, ImmediateOops: 0, NonImmediateOops: No
[3,225s][debug][gc,nmethod     ] Register NMethod: io.sirix.BinaryEncodingVersion.byteVersion (0x000074dd3ef0ff08) [0x000074dd3ef10000, 0x000074dd3ef100c8] Compiler: c1, Barriers: 0, Oops: 1, ImmediateOops: 0, NonImmediateOops: No
[3,225s][debug][gc,nmethod     ] Register NMethod: io.sirix.access.ResourceConfiguration.getBinaryEncodingVersion (0x000074dd3ef10208) [0x000074dd3ef10300, 0x000074dd3ef103e8] Compiler: c1, Barriers: 1, Oops: 1, ImmediateOops: 0, NonImmediateOops: No
[3,225s][debug][gc,nmethod     ] Register NMethod: java.lang.Long.parallelSuffix (0x000074dd20388a88) [0x000074dd20388b80, 0x000074dd20388cb8] Compiler: c1, Barriers: 0, Oops: 0, ImmediateOops: 0, NonImmediateOops: No
[3,226s][debug][gc,nmethod     ] Register NMethod: com.github.benmanes.caffeine.cache.BoundedLocalCache$EntryIterator.hasNext (0x000074dd3ef10508) [0x000074dd3ef10600, 0x000074dd3ef10e88] Compiler: jvmci, Barriers: 28, Oops: 1, ImmediateOops: 2, NonImmediateOops: No
[3,226s][debug][gc,director    ] Rule Major: Warmup 10%, Used: 1086MB, UsedThreshold: 1228MB
[3,226s][debug][gc,director    ] Rule Minor: High Usage, Free: 11160MB(90,8%)
[3,228s][debug][gc,nmethod     ] Register NMethod: sun.nio.cs.UTF_8.newDecoder (0x000074dd20388d88) [0x000074dd20388ea0, 0x000074dd203890b0] Compiler: c1, Barriers: 0, Oops: 0, ImmediateOops: 0, NonImmediateOops: No
[3,228s][debug][gc,nmethod     ] Register NMethod: java.nio.charset.CharsetDecoder.<init> (0x000074dd20389108) [0x000074dd20389200, 0x000074dd20389340] Compiler: c1, Barriers: 0, Oops: 0, ImmediateOops: 1, NonImmediateOops: No
[3,228s][debug][gc,nmethod     ] Register NMethod: java.nio.charset.CharsetDecoder.implReplaceWith (0x000074dd20389408) [0x000074dd20389500, 0x000074dd20389600] Compiler: c1, Barriers: 0, Oops: 0, ImmediateOops: 0, NonImmediateOops: No
[3,228s][debug][gc,nmethod     ] Register NMethod: sun.nio.cs.UTF_8$Decoder.<init> (0x000074dd20389708) [0x000074dd20389820, 0x000074dd20389960] Compiler: c1, Barriers: 0, Oops: 0, ImmediateOops: 0, NonImmediateOops: No
[3,228s][debug][gc,nmethod     ] Register NMethod: java.nio.charset.CharsetDecoder.<init> (0x000074dd20389a08) [0x000074dd20389b00, 0x000074dd2038a370] Compiler: c1, Barriers: 12, Oops: 0, ImmediateOops: 6, NonImmediateOops: No
[3,228s][debug][gc,nmethod     ] Register NMethod: java.nio.charset.CharsetDecoder.replaceWith (0x000074dd2038a388) [0x000074dd2038a480, 0x000074dd2038af90] Compiler: c1, Barriers: 4, Oops: 0, ImmediateOops: 3, NonImmediateOops: No
[3,228s][debug][gc,nmethod     ] Register NMethod: com.github.benmanes.caffeine.cache.stats.StatsCounter.disabledStatsCounter (0x000074dd2038b008) [0x000074dd2038b100, 0x000074dd2038b1e8] Compiler: c1, Barriers: 0, Oops: 1, ImmediateOops: 1, NonImmediateOops: No
[3,228s][debug][gc,nmethod     ] Register NMethod: com.github.benmanes.caffeine.cache.BoundedLocalCache.statsCounter (0x000074dd2038b308) [0x000074dd2038b400, 0x000074dd2038b560] Compiler: c1, Barriers: 0, Oops: 1, ImmediateOops: 1, NonImmediateOops: No
[3,229s][debug][gc,nmethod     ] Register NMethod: com.sun.org.apache.xerces.internal.util.FeatureState.<init> (0x000074dd2038b608) [0x000074dd2038b700, 0x000074dd2038b8d8] Compiler: c1, Barriers: 3, Oops: 0, ImmediateOops: 0, NonImmediateOops: No
[3,229s][debug][gc,nmethod     ] Register NMethod: com.sun.org.apache.xerces.internal.util.ParserConfigurationSettings.getFeature (0x000074dd2038b908) [0x000074dd2038ba00, 0x000074dd2038bff8] Compiler: c1, Barriers: 1, Oops: 0, ImmediateOops: 0, NonImmediateOops: No
[3,230s][debug][gc,nmethod     ] Register NMethod: com.sun.org.apache.xerces.internal.parsers.XIncludeAwareParserConfiguration.getFeatureState (0x000074dd2038c008) [0x000074dd2038c100, 0x000074dd2038cb38] Compiler: c1, Barriers: 6, Oops: 1, ImmediateOops: 4, NonImmediateOops: No
[3,230s][debug][gc,nmethod     ] Register NMethod: jdk.internal.util.DecimalDigits.uncheckedPutCharLatin1 (0x000074dd3ef10f08) [0x000074dd3ef11000, 0x000074dd3ef11068] Compiler: jvmci, Barriers: 0, Oops: 0, ImmediateOops: 0, NonImmediateOops: No
[3,230s][debug][gc,nmethod     ] Register NMethod: io.sirix.cache.SegmentAllocators.roundUpToPowerOfTwo (0x000074dd2038cb88) [0x000074dd2038cc80, 0x000074dd2038eb20] Compiler: c1, Barriers: 3, Oops: 8, ImmediateOops: 12, NonImmediateOops: No
[3,236s][debug][gc,director    ] Rule Major: Warmup 10%, Used: 1092MB, UsedThreshold: 1228MB
[3,236s][debug][gc,director    ] Rule Minor: High Usage, Free: 11154MB(90,8%)
[3,242s][debug][gc,nmethod     ] Register NMethod: io.sirix.page.PageKind$1.deserializePage (0x000074dd3ef11208) [0x000074dd3ef11320, 0x000074dd3ef1b020] Compiler: jvmci, Barriers: 104, Oops: 10, ImmediateOops: 1, NonImmediateOops: No
[3,246s][debug][gc,director    ] Rule Major: Warmup 10%, Used: 1102MB, UsedThreshold: 1228MB
[3,246s][debug][gc,director    ] Rule Minor: High Usage, Free: 11144MB(90,7%)
[3,256s][debug][gc,director    ] Rule Major: Warmup 10%, Used: 1112MB, UsedThreshold: 1228MB
[3,256s][debug][gc,director    ] Rule Minor: High Usage, Free: 11134MB(90,6%)
[3,267s][debug][gc,director    ] Rule Major: Warmup 10%, Used: 1124MB, UsedThreshold: 1228MB
[3,267s][debug][gc,director    ] Rule Minor: High Usage, Free: 11122MB(90,5%)
[3,270s][debug][gc,alloc       ] Mutator Allocation Rate: 515,9MB/s Predicted: 522,8MB/s, Avg: 426,3(+/-84,9)MB/s
[3,270s][debug][gc,director    ] Rule Major: Warmup 10%, Used: 1128MB, UsedThreshold: 1228MB
[3,270s][debug][gc,director    ] Rule Minor: High Usage, Free: 11118MB(90,5%)
[3,274s][debug][gc,nmethod     ] Register NMethod: com.sun.org.apache.xerces.internal.impl.XMLDocumentFragmentScannerImpl.scanContent (0x000074dd3ef1b088) [0x000074dd3ef1b220, 0x000074dd3ef1c6c0] Compiler: jvmci, Barriers: 20, Oops: 0, ImmediateOops: 1, NonImmediateOops: No
[3,280s][debug][gc,director    ] Rule Major: Warmup 10%, Used: 1138MB, UsedThreshold: 1228MB
[3,280s][debug][gc,director    ] Rule Minor: High Usage, Free: 11108MB(90,4%)
[3,290s][debug][gc,director    ] Rule Major: Warmup 10%, Used: 1150MB, UsedThreshold: 1228MB
[3,290s][debug][gc,director    ] Rule Minor: High Usage, Free: 11096MB(90,3%)
[3,301s][debug][gc,nmethod     ] Register NMethod: java.util.BitSet.toByteArray (0x000074dd2038eb88) [0x000074dd2038ec80, 0x000074dd2038f9b0] Compiler: c1, Barriers: 3, Oops: 0, ImmediateOops: 1, NonImmediateOops: No
[3,301s][debug][gc,director    ] Rule Major: Warmup 10%, Used: 1188MB, UsedThreshold: 1228MB
[3,301s][debug][gc,director    ] Rule Minor: High Usage, Free: 11058MB(90,0%)
[3,307s][debug][gc,nmethod     ] Register NMethod: com.google.common.base.Preconditions.checkArgument (0x000074dd2038fa08) [0x000074dd2038fb00, 0x000074dd203902b8] Compiler: c1, Barriers: 4, Oops: 1, ImmediateOops: 1, NonImmediateOops: No
[3,309s][debug][gc,nmethod     ] Register NMethod: java.nio.ByteBuffer.allocateDirect (0x000074dd20390308) [0x000074dd20390400, 0x000074dd20390588] Compiler: c1, Barriers: 0, Oops: 0, ImmediateOops: 0, NonImmediateOops: No
[3,310s][debug][gc,nmethod     ] Register NMethod: java.nio.DirectByteBuffer.<init> (0x000074dd20390608) [0x000074dd20390700, 0x000074dd20392070] Compiler: c1, Barriers: 25, Oops: 2, ImmediateOops: 14, NonImmediateOops: No
[3,310s][debug][gc,nmethod     ] Register NMethod: java.lang.Enum.hashCode (0x000074dd20392088) [0x000074dd20392180, 0x000074dd203922f8] Compiler: c1, Barriers: 0, Oops: 0, ImmediateOops: 0, NonImmediateOops: No
[3,311s][debug][gc,director    ] Rule Major: Warmup 10%, Used: 1206MB, UsedThreshold: 1228MB
[3,311s][debug][gc,director    ] Rule Minor: High Usage, Free: 11040MB(89,8%)
[3,312s][debug][gc,nmethod     ] Register NMethod: java.lang.invoke.Invokers$Holder.linkToTargetMethod (0x000074dd20392388) [0x000074dd20392480, 0x000074dd20392980] Compiler: c1, Barriers: 0, Oops: 0, ImmediateOops: 0, NonImmediateOops: No
[3,312s][debug][gc,nmethod     ] Register NMethod: java.lang.invoke.DirectMethodHandle$Holder.newInvokeSpecial (0x000074dd20392988) [0x000074dd20392a80, 0x000074dd20393318] Compiler: c1, Barriers: 2, Oops: 0, ImmediateOops: 1, NonImmediateOops: No
[3,312s][debug][gc,nmethod     ] Register NMethod: java.lang.Thread.threadId (0x000074dd3ef1c708) [0x000074dd3ef1c800, 0x000074dd3ef1c8c0] Compiler: c1, Barriers: 0, Oops: 0, ImmediateOops: 0, NonImmediateOops: No
[3,313s][debug][gc,nmethod     ] Register NMethod: io.sirix.cache.RecordPageFragmentCache.get (0x000074dd20393388) [0x000074dd20393480, 0x000074dd20393de0] Compiler: c1, Barriers: 1, Oops: 1, ImmediateOops: 0, NonImmediateOops: No
[3,313s][debug][gc,nmethod     ] Register NMethod: io.sirix.cache.RecordPageFragmentCache.get (0x000074dd20393e08) [0x000074dd20393f00, 0x000074dd20394448] Compiler: c1, Barriers: 1, Oops: 1, ImmediateOops: 0, NonImmediateOops: No
[3,313s][debug][gc,nmethod     ] Register NMethod: java.lang.invoke.LambdaForm$MH/0x0000000069220800.invoke (0x000074dd20394488) [0x000074dd20394580, 0x000074dd20394cf0] Compiler: c1, Barriers: 2, Oops: 1, ImmediateOops: 0, NonImmediateOops: No
[3,313s][debug][gc,nmethod     ] Register NMethod: java.lang.invoke.DirectMethodHandle$Holder.invokeSpecial (0x000074dd20394d08) [0x000074dd20394e00, 0x000074dd203951c8] Compiler: c1, Barriers: 1, Oops: 0, ImmediateOops: 0, NonImmediateOops: No
[3,313s][debug][gc,nmethod     ] Register NMethod: java.lang.StringConcatHelper$Concat1.concat (0x000074dd20395208) [0x000074dd20395300, 0x000074dd20396c60] Compiler: c1, Barriers: 8, Oops: 0, ImmediateOops: 4, NonImmediateOops: No
[3,314s][debug][gc,nmethod     ] Register NMethod: io.sirix.cache.SegmentAllocators.getIndexForSize (0x000074dd3ef1ca08) [0x000074dd3ef1cb00, 0x000074dd3ef1cc70] Compiler: jvmci, Barriers: 0, Oops: 1, ImmediateOops: 1, NonImmediateOops: No
[3,316s][debug][gc,nmethod     ] Register NMethod: io.sirix.index.path.summary.PathNode.getPrefixKey (0x000074dd3ef1cd08) [0x000074dd3ef1ce00, 0x000074dd3ef1cee0] Compiler: jvmci, Barriers: 1, Oops: 1, ImmediateOops: 0, NonImmediateOops: No
[3,316s][debug][gc,nmethod     ] Register NMethod: io.sirix.node.delegates.NodeDelegate.<init> (0x000074dd3ef1d008) [0x000074dd3ef1d100, 0x000074dd3ef1d2b0] Compiler: jvmci, Barriers: 6, Oops: 1, ImmediateOops: 0, NonImmediateOops: No
[3,317s][debug][gc,nmethod     ] Register NMethod: java.nio.charset.CharsetDecoder.implOnMalformedInput (0x000074dd20396c88) [0x000074dd20396d80, 0x000074dd20396e80] Compiler: c1, Barriers: 0, Oops: 0, ImmediateOops: 0, NonImmediateOops: No
[3,317s][debug][gc,nmethod     ] Register NMethod: java.nio.charset.CharsetDecoder.onMalformedInput (0x000074dd20396f88) [0x000074dd20397080, 0x000074dd20397508] Compiler: c1, Barriers: 3, Oops: 0, ImmediateOops: 1, NonImmediateOops: No
[3,317s][debug][gc,nmethod     ] Register NMethod: java.nio.charset.CharsetDecoder.implOnUnmappableCharacter (0x000074dd20397588) [0x000074dd20397680, 0x000074dd20397780] Compiler: c1, Barriers: 0, Oops: 0, ImmediateOops: 0, NonImmediateOops: No
[3,317s][debug][gc,nmethod     ] Register NMethod: java.nio.charset.CharsetDecoder.onUnmappableCharacter (0x000074dd20397888) [0x000074dd20397980, 0x000074dd20397e08] Compiler: c1, Barriers: 3, Oops: 0, ImmediateOops: 1, NonImmediateOops: No
[3,317s][debug][gc,nmethod     ] Register NMethod: ch.qos.logback.classic.Level.toString (0x000074dd3ef1d308) [0x000074dd3ef1d400, 0x000074dd3ef1d4e8] Compiler: c1, Barriers: 1, Oops: 1, ImmediateOops: 0, NonImmediateOops: No
[3,317s][debug][gc,nmethod     ] Register NMethod: io.sirix.index.path.summary.PathSummaryReader.getName (0x000074dd3ef1d608) [0x000074dd3ef1d700, 0x000074dd3ef1d888] Compiler: jvmci, Barriers: 2, Oops: 1, ImmediateOops: 0, NonImmediateOops: No
[3,317s][debug][gc,nmethod     ] Register NMethod: java.nio.file.Path.resolve (0x000074dd20397e88) [0x000074dd20397f80, 0x000074dd203984d0] Compiler: c1, Barriers: 1, Oops: 0, ImmediateOops: 0, NonImmediateOops: No
[3,317s][debug][gc,nmethod     ] Register NMethod: sun.nio.fs.UnixFileAttributes$UnixAsBasicFileAttributes.size (0x000074dd20398508) [0x000074dd20398600, 0x000074dd20398760] Compiler: c1, Barriers: 1, Oops: 0, ImmediateOops: 0, NonImmediateOops: No
[3,317s][debug][gc,nmethod     ] Register NMethod: ch.qos.logback.classic.Logger.getLoggerContext (0x000074dd3ef1d908) [0x000074dd3ef1da00, 0x000074dd3ef1dae8] Compiler: c1, Barriers: 1, Oops: 1, ImmediateOops: 0, NonImmediateOops: No
[3,317s][debug][gc,nmethod     ] Register NMethod: ch.qos.logback.classic.LoggerContext.getLoggerContextRemoteView (0x000074dd3ef1dc08) [0x000074dd3ef1dd00, 0x000074dd3ef1dde8] Compiler: c1, Barriers: 1, Oops: 1, ImmediateOops: 0, NonImmediateOops: No
[3,317s][debug][gc,nmethod     ] Register NMethod: org.slf4j.helpers.FormattingTuple.getMessage (0x000074dd3ef1df08) [0x000074dd3ef1e000, 0x000074dd3ef1e0e8] Compiler: c1, Barriers: 1, Oops: 1, ImmediateOops: 0, NonImmediateOops: No
[3,317s][debug][gc,nmethod     ] Register NMethod: java.nio.file.Files.size (0x000074dd20398808) [0x000074dd20398900, 0x000074dd20399068] Compiler: c1, Barriers: 2, Oops: 1, ImmediateOops: 1, NonImmediateOops: No
[3,317s][debug][gc,nmethod     ] Register NMethod: ch.qos.logback.core.util.COWArrayList.isFresh (0x000074dd20399088) [0x000074dd20399180, 0x000074dd20399528] Compiler: c1, Barriers: 1, Oops: 1, ImmediateOops: 0, NonImmediateOops: No
[3,317s][debug][gc,nmethod     ] Register NMethod: java.lang.Thread.getName (0x000074dd3ef1e208) [0x000074dd3ef1e300, 0x000074dd3ef1e3e8] Compiler: c1, Barriers: 1, Oops: 0, ImmediateOops: 0, NonImmediateOops: No
[3,317s][debug][gc,nmethod     ] Register NMethod: ch.qos.logback.classic.spi.LoggingEvent.getTimeStamp (0x000074dd3ef1e508) [0x000074dd3ef1e600, 0x000074dd3ef1e6c0] Compiler: c1, Barriers: 0, Oops: 1, ImmediateOops: 0, NonImmediateOops: No
[3,317s][debug][gc,nmethod     ] Register NMethod: ch.qos.logback.core.LayoutBase.isStarted (0x000074dd3ef1e808) [0x000074dd3ef1e900, 0x000074dd3ef1e9c0] Compiler: c1, Barriers: 0, Oops: 1, ImmediateOops: 0, NonImmediateOops: No
[3,317s][debug][gc,nmethod     ] Register NMethod: ch.qos.logback.core.util.COWArrayList.refreshCopyIfNecessary (0x000074dd20399588) [0x000074dd20399680, 0x000074dd2039a078] Compiler: c1, Barriers: 7, Oops: 1, ImmediateOops: 0, NonImmediateOops: No
[3,317s][debug][gc,nmethod     ] Register NMethod: ch.qos.logback.core.util.COWArrayList.asTypedArray (0x000074dd2039a088) [0x000074dd2039a180, 0x000074dd2039ac08] Compiler: c1, Barriers: 8, Oops: 1, ImmediateOops: 0, NonImmediateOops: No
[3,318s][debug][gc,nmethod     ] Register NMethod: ch.qos.logback.classic.spi.LoggingEvent.getThreadName (0x000074dd2039ac88) [0x000074dd2039ad80, 0x000074dd2039b1d8] Compiler: c1, Barriers: 7, Oops: 1, ImmediateOops: 0, NonImmediateOops: No
[3,318s][debug][gc,nmethod     ] Register NMethod: ch.qos.logback.classic.spi.LoggingEvent.getLevel (0x000074dd3ef1eb08) [0x000074dd3ef1ec00, 0x000074dd3ef1ece8] Compiler: c1, Barriers: 1, Oops: 1, ImmediateOops: 0, NonImmediateOops: No
[3,318s][debug][gc,nmethod     ] Register NMethod: com.github.benmanes.caffeine.cache.FrequencySketch.incrementAt (0x000074dd2039b208) [0x000074dd2039b300, 0x000074dd2039b4e8] Compiler: c1, Barriers: 1, Oops: 1, ImmediateOops: 0, NonImmediateOops: No
[3,318s][debug][gc,nmethod     ] Register NMethod: com.github.benmanes.caffeine.cache.SSMS.evicts (0x000074dd3ef1ee08) [0x000074dd3ef1ef00, 0x000074dd3ef1efc0] Compiler: c1, Barriers: 0, Oops: 1, ImmediateOops: 0, NonImmediateOops: No
[3,318s][debug][gc,nmethod     ] Register NMethod: ch.qos.logback.classic.spi.LoggingEvent.getLoggerName (0x000074dd3ef1f108) [0x000074dd3ef1f200, 0x000074dd3ef1f2e8] Compiler: c1, Barriers: 1, Oops: 1, ImmediateOops: 0, NonImmediateOops: No
[3,318s][debug][gc,nmethod     ] Register NMethod: ch.qos.logback.classic.spi.LoggingEvent.getThrowableProxy (0x000074dd3ef1f408) [0x000074dd3ef1f500, 0x000074dd3ef1f5e8] Compiler: c1, Barriers: 1, Oops: 1, ImmediateOops: 0, NonImmediateOops: No
[3,318s][debug][gc,nmethod     ] Register NMethod: ch.qos.logback.classic.spi.LoggingEvent.getFormattedMessage (0x000074dd2039b508) [0x000074dd2039b600, 0x000074dd2039ba38] Compiler: c1, Barriers: 12, Oops: 1, ImmediateOops: 0, NonImmediateOops: No
[3,318s][debug][gc,nmethod     ] Register NMethod: io.sirix.page.AbstractForwardingPage.<init> (0x000074dd2039ba88) [0x000074dd2039bb80, 0x000074dd2039bd38] Compiler: c1, Barriers: 0, Oops: 1, ImmediateOops: 0, NonImmediateOops: No
[3,318s][debug][gc,nmethod     ] Register NMethod: it.unimi.dsi.fastutil.ints.AbstractInt2LongFunction.<init> (0x000074dd2039bd88) [0x000074dd2039be80, 0x000074dd2039bfd8] Compiler: c1, Barriers: 0, Oops: 1, ImmediateOops: 0, NonImmediateOops: No
[3,318s][debug][gc,nmethod     ] Register NMethod: it.unimi.dsi.fastutil.ints.AbstractInt2LongMap.<init> (0x000074dd2039c088) [0x000074dd2039c180, 0x000074dd2039c338] Compiler: c1, Barriers: 0, Oops: 1, ImmediateOops: 0, NonImmediateOops: No
[3,318s][debug][gc,nmethod     ] Register NMethod: it.unimi.dsi.fastutil.ints.AbstractInt2IntFunction.<init> (0x000074dd2039c388) [0x000074dd2039c480, 0x000074dd2039c5d8] Compiler: c1, Barriers: 0, Oops: 1, ImmediateOops: 0, NonImmediateOops: No
[3,318s][debug][gc,nmethod     ] Register NMethod: it.unimi.dsi.fastutil.ints.AbstractInt2IntMap.<init> (0x000074dd2039c688) [0x000074dd2039c780, 0x000074dd2039c938] Compiler: c1, Barriers: 0, Oops: 1, ImmediateOops: 0, NonImmediateOops: No
[3,318s][debug][gc,nmethod     ] Register NMethod: it.unimi.dsi.fastutil.ints.Int2LongOpenHashMap.<init> (0x000074dd2039c988) [0x000074dd2039caa0, 0x000074dd2039d340] Compiler: c1, Barriers: 6, Oops: 1, ImmediateOops: 2, NonImmediateOops: No
[3,318s][debug][gc,nmethod     ] Register NMethod: it.unimi.dsi.fastutil.ints.Int2IntOpenHashMap.<init> (0x000074dd2039d388) [0x000074dd2039d4a0, 0x000074dd2039dd40] Compiler: c1, Barriers: 6, Oops: 1, ImmediateOops: 2, NonImmediateOops: No
[3,319s][debug][gc,nmethod     ] Register NMethod: jdk.internal.foreign.MemorySessionImpl.toMemorySession (0x000074dd2039dd88) [0x000074dd2039de80, 0x000074dd2039e368] Compiler: c1, Barriers: 0, Oops: 0, ImmediateOops: 0, NonImmediateOops: No
[3,319s][debug][gc,nmethod     ] Register NMethod: sun.nio.ch.FileChannelImpl.toProt (0x000074dd2039e388) [0x000074dd2039e480, 0x000074dd2039e7b8] Compiler: c1, Barriers: 0, Oops: 0, ImmediateOops: 5, NonImmediateOops: No
[3,319s][debug][gc,nmethod     ] Register NMethod: sun.nio.ch.FileChannelImpl.isSync (0x000074dd2039e808) [0x000074dd2039e900, 0x000074dd2039eb88] Compiler: c1, Barriers: 0, Oops: 0, ImmediateOops: 3, NonImmediateOops: No
[3,319s][debug][gc,nmethod     ] Register NMethod: sun.nio.ch.UnixFileDispatcherImpl.allocationGranularity (0x000074dd2039ec08) [0x000074dd2039ed00, 0x000074dd2039ee30] Compiler: c1, Barriers: 0, Oops: 0, ImmediateOops: 0, NonImmediateOops: No
[3,319s][debug][gc,nmethod     ] Register NMethod: sun.nio.ch.UnixFileDispatcherImpl.map (0x000074dd2039ef08) [0x000074dd2039f000, 0x000074dd2039f140] Compiler: c1, Barriers: 0, Oops: 0, ImmediateOops: 0, NonImmediateOops: No
[3,319s][debug][gc,nmethod     ] Register NMethod: sun.nio.ch.FileChannelImpl.checkMode (0x000074dd2039f208) [0x000074dd2039f300, 0x000074dd2039f760] Compiler: c1, Barriers: 0, Oops: 0, ImmediateOops: 2, NonImmediateOops: No
[3,319s][debug][gc,nmethod     ] Register NMethod: sun.nio.ch.UnixFileDispatcherImpl.duplicateForMapping (0x000074dd2039f788) [0x000074dd2039f880, 0x000074dd2039faa8] Compiler: c1, Barriers: 0, Oops: 0, ImmediateOops: 0, NonImmediateOops: No
[3,319s][debug][gc,nmethod     ] Register NMethod: sun.nio.ch.FileChannelImpl$Unmapper.<init> (0x000074dd2039fb08) [0x000074dd2039fc00, 0x000074dd2039fdf0] Compiler: c1, Barriers: 3, Oops: 0, ImmediateOops: 0, NonImmediateOops: No
[3,319s][debug][gc,nmethod     ] Register NMethod: sun.nio.ch.FileChannelImpl$DefaultUnmapper.<init> (0x000074dd2039fe08) [0x000074dd2039ff00, 0x000074dd203a0238] Compiler: c1, Barriers: 0, Oops: 0, ImmediateOops: 0, NonImmediateOops: No
[3,319s][debug][gc,nmethod     ] Register NMethod: sun.nio.ch.FileChannelImpl$DefaultUnmapper.incrementStats (0x000074dd203a0288) [0x000074dd203a0380, 0x000074dd203a0688] Compiler: c1, Barriers: 0, Oops: 1, ImmediateOops: 3, NonImmediateOops: No
[3,320s][debug][gc,nmethod     ] Register NMethod: sun.nio.ch.IOStatus.checkAll (0x000074dd203a0708) [0x000074dd203a0800, 0x000074dd203a0968] Compiler: c1, Barriers: 0, Oops: 0, ImmediateOops: 0, NonImmediateOops: No
[3,320s][debug][gc,nmethod     ] Register NMethod: sun.nio.ch.FileChannelImpl$Unmapper.address (0x000074dd203a0a08) [0x000074dd203a0b00, 0x000074dd203a0c10] Compiler: c1, Barriers: 0, Oops: 0, ImmediateOops: 0, NonImmediateOops: No
[3,320s][debug][gc,nmethod     ] Register NMethod: sun.nio.ch.FileChannelImpl.map (0x000074dd203a0d08) [0x000074dd203a0e00, 0x000074dd203a2788] Compiler: c1, Barriers: 3, Oops: 2, ImmediateOops: 10, NonImmediateOops: No
[3,320s][debug][gc,nmethod     ] Register NMethod: jdk.internal.foreign.SegmentFactories$2.<init> (0x000074dd203a2808) [0x000074dd203a2900, 0x000074dd203a2b30] Compiler: c1, Barriers: 3, Oops: 0, ImmediateOops: 0, NonImmediateOops: No
[3,320s][debug][gc,nmethod     ] Register NMethod: jdk.internal.foreign.SegmentFactories.mapSegment (0x000074dd203a2b88) [0x000074dd203a2c80, 0x000074dd203a3b30] Compiler: c1, Barriers: 4, Oops: 0, ImmediateOops: 0, NonImmediateOops: No
[3,320s][debug][gc,nmethod     ] Register NMethod: io.sirix.page.DeserializedBitmapReferencesPageTuple.getReferences (0x000074dd3ef1f708) [0x000074dd3ef1f800, 0x000074dd3ef1f8e8] Compiler: c1, Barriers: 1, Oops: 1, ImmediateOops: 0, NonImmediateOops: No
[3,320s][debug][gc,nmethod     ] Register NMethod: jdk.internal.foreign.MappedMemorySegmentImpl.<init> (0x000074dd203a3b88) [0x000074dd203a3c80, 0x000074dd203a4220] Compiler: c1, Barriers: 6, Oops: 0, ImmediateOops: 1, NonImmediateOops: No
[3,320s][debug][gc,nmethod     ] Register NMethod: java.lang.invoke.DelegatingMethodHandle$Holder.delegate (0x000074dd203a4288) [0x000074dd203a4380, 0x000074dd203a4a88] Compiler: c1, Barriers: 0, Oops: 0, ImmediateOops: 0, NonImmediateOops: No
[3,320s][debug][gc,nmethod     ] Register NMethod: io.sirix.page.DeserializedBitmapReferencesPageTuple.getBitmap (0x000074dd3ef1fa08) [0x000074dd3ef1fb00, 0x000074dd3ef1fbe8] Compiler: c1, Barriers: 1, Oops: 1, ImmediateOops: 0, NonImmediateOops: No
[3,320s][debug][gc,nmethod     ] Register NMethod: io.sirix.access.trx.page.NodePageTrx.getName (0x000074dd3ef1fd08) [0x000074dd3ef1fe00, 0x000074dd3ef20408] Compiler: jvmci, Barriers: 9, Oops: 1, ImmediateOops: 0, NonImmediateOops: No
[3,321s][debug][gc,nmethod     ] Register NMethod: io.sirix.io.RevisionFileData.offset (0x000074dd3ef20488) [0x000074dd3ef20580, 0x000074dd3ef20640] Compiler: c1, Barriers: 0, Oops: 1, ImmediateOops: 0, NonImmediateOops: No
[3,321s][debug][gc,nmethod     ] Register NMethod: com.github.benmanes.caffeine.cache.LocalAsyncCache$CacheView.asyncCache (0x000074dd3ef20788) [0x000074dd3ef20880, 0x000074dd3ef20968] Compiler: c1, Barriers: 1, Oops: 1, ImmediateOops: 0, NonImmediateOops: No
[3,321s][debug][gc,nmethod     ] Register NMethod: io.sirix.node.MemorySegmentBytesIn.readBoolean (0x000074dd203a4b08) [0x000074dd203a4c00, 0x000074dd203a4d98] Compiler: c1, Barriers: 0, Oops: 1, ImmediateOops: 0, NonImmediateOops: No
[3,321s][debug][gc,nmethod     ] Register NMethod: io.sirix.node.GrowingMemorySegment.<init> (0x000074dd203a4e08) [0x000074dd203a4f00, 0x000074dd203a5378] Compiler: c1, Barriers: 6, Oops: 1, ImmediateOops: 0, NonImmediateOops: No
[3,321s][debug][gc,director    ] Rule Major: Warmup 10%, Used: 1208MB, UsedThreshold: 1228MB
[3,321s][debug][gc,director    ] Rule Minor: High Usage, Free: 11038MB(89,8%)
[3,321s][debug][gc,nmethod     ] Register NMethod: sun.nio.ch.FileChannelImpl.mapInternal (0x000074dd203a5388) [0x000074dd203a5480, 0x000074dd203aa6f8] Compiler: c1, Barriers: 14, Oops: 0, ImmediateOops: 14, NonImmediateOops: No
[3,323s][debug][gc,nmethod     ] Register NMethod: it.unimi.dsi.fastutil.ints.Int2LongOpenHashMap.find (0x000074dd3ef20a88) [0x000074dd3ef20b80, 0x000074dd3ef20df0] Compiler: jvmci, Barriers: 1, Oops: 1, ImmediateOops: 0, NonImmediateOops: No
[3,323s][debug][gc,nmethod     ] Register NMethod: io.brackit.query.compiler.parser.Tokenizer.laNCName (0x000074dd203aa708) [0x000074dd203aa800, 0x000074dd203aafd0] Compiler: c1, Barriers: 6, Oops: 1, ImmediateOops: 0, NonImmediateOops: No
[3,324s][debug][gc,nmethod     ] Register NMethod: io.brackit.query.expr.PathStepExpr.evaluate (0x000074dd20153388) [0x000074dd20153480, 0x000074dd201542b8] Compiler: c1, Barriers: 16, Oops: 1, ImmediateOops: 0, NonImmediateOops: No
[3,324s][debug][gc,nmethod     ] Register NMethod: java.lang.String.encodeUTF8_UTF16 (0x000074dd3ef20e08) [0x000074dd3ef20f00, 0x000074dd3ef21648] Compiler: jvmci, Barriers: 0, Oops: 0, ImmediateOops: 0, NonImmediateOops: No
[3,326s][debug][gc,nmethod     ] Register NMethod: java.lang.invoke.MethodHandle.linkToStatic (0x000074dd3ef21688) [0x000074dd3ef21780, 0x000074dd3ef21870] Compiler: , Barriers: 0, Oops: 0, ImmediateOops: 0, NonImmediateOops: No
[3,326s][debug][gc,nmethod     ] Register NMethod: java.lang.invoke.MethodHandle.linkToSpecial (0x000074dd3ef21988) [0x000074dd3ef21a80, 0x000074dd3ef21b78] Compiler: , Barriers: 0, Oops: 0, ImmediateOops: 0, NonImmediateOops: No
[3,327s][debug][gc,nmethod     ] Register NMethod: java.lang.invoke.MethodHandle.invokeBasic (0x000074dd3ef21c88) [0x000074dd3ef21d80, 0x000074dd3ef22018] Compiler: , Barriers: 0, Oops: 0, ImmediateOops: 0, NonImmediateOops: No
[3,327s][debug][gc,nmethod     ] Register NMethod: java.lang.invoke.MethodHandle.linkToSpecial (0x000074dd3ef22088) [0x000074dd3ef22180, 0x000074dd3ef22278] Compiler: , Barriers: 0, Oops: 0, ImmediateOops: 0, NonImmediateOops: No
[3,327s][debug][gc,nmethod     ] Register NMethod: java.lang.invoke.ClassSpecializer$SpeciesData.getterFunction (0x000074dd203ab008) [0x000074dd203ab100, 0x000074dd203ab670] Compiler: c1, Barriers: 1, Oops: 0, ImmediateOops: 0, NonImmediateOops: No
[3,327s][debug][gc,nmethod     ] Register NMethod: java.util.zip.Inflater.needsInput (0x000074dd3ef22388) [0x000074dd3ef22480, 0x000074dd3ef22748] Compiler: jvmci, Barriers: 2, Oops: 0, ImmediateOops: 0, NonImmediateOops: No
[3,327s][debug][gc,nmethod     ] Register NMethod: java.lang.invoke.LambdaFormEditor.lambdaFormEditor (0x000074dd203ab688) [0x000074dd203ab780, 0x000074dd203aba38] Compiler: c1, Barriers: 3, Oops: 0, ImmediateOops: 0, NonImmediateOops: No
[3,327s][debug][gc,nmethod     ] Register NMethod: java.lang.invoke.LambdaFormEditor.<init> (0x000074dd203aba88) [0x000074dd203abb80, 0x000074dd203abd50] Compiler: c1, Barriers: 3, Oops: 0, ImmediateOops: 0, NonImmediateOops: No
[3,327s][debug][gc,nmethod     ] Register NMethod: java.lang.invoke.LambdaForm.editor (0x000074dd203abd88) [0x000074dd203abe80, 0x000074dd203ac1a8] Compiler: c1, Barriers: 3, Oops: 0, ImmediateOops: 0, NonImmediateOops: No
[3,331s][debug][gc,nmethod     ] Register NMethod: java.lang.String.getBytes (0x000074dd3ef22788) [0x000074dd3ef22880, 0x000074dd3ef23cd8] Compiler: jvmci, Barriers: 1, Oops: 0, ImmediateOops: 1, NonImmediateOops: No
[3,332s][debug][gc,nmethod     ] Register NMethod: it.unimi.dsi.fastutil.ints.Int2LongOpenHashMap.put (0x000074dd3ef23d08) [0x000074dd3ef23e00, 0x000074dd3ef24930] Compiler: jvmci, Barriers: 10, Oops: 1, ImmediateOops: 0, NonImmediateOops: No
[3,332s][debug][gc,director    ] Rule Major: Warmup 10%, Used: 1210MB, UsedThreshold: 1228MB
[3,332s][debug][gc,director    ] Rule Minor: High Usage, Free: 11036MB(89,8%)
[3,333s][debug][gc,nmethod     ] Register NMethod: java.lang.invoke.DirectMethodHandle$Holder.invokeStatic (0x000074dd203ac208) [0x000074dd203ac300, 0x000074dd203ac6c8] Compiler: c1, Barriers: 1, Oops: 0, ImmediateOops: 0, NonImmediateOops: No
[3,333s][debug][gc,nmethod     ] Register NMethod: java.lang.invoke.LambdaForm$MH/0x0000000069290c00.invoke (0x000074dd203ac708) [0x000074dd203ac800, 0x000074dd203ad370] Compiler: c1, Barriers: 2, Oops: 1, ImmediateOops: 0, NonImmediateOops: No
[3,334s][debug][gc,nmethod     ] Register NMethod: io.sirix.index.path.summary.PathSummaryReader.moveTo (0x000074dd203ad388) [0x000074dd203ad480, 0x000074dd203ae188] Compiler: c1, Barriers: 13, Oops: 1, ImmediateOops: 2, NonImmediateOops: No
[3,334s][debug][gc,nmethod     ] Register NMethod: io.sirix.page.NamePage.getName (0x000074dd203ae208) [0x000074dd203ae300, 0x000074dd203af970] Compiler: c1, Barriers: 25, Oops: 1, ImmediateOops: 4, NonImmediateOops: No
[3,335s][debug][gc,nmethod     ] Register NMethod: io.sirix.index.path.summary.PathSummaryReader.assertNotClosed (0x000074dd3ef24988) [0x000074dd3ef24a80, 0x000074dd3ef24b38] Compiler: jvmci, Barriers: 0, Oops: 1, ImmediateOops: 0, NonImmediateOops: No
[3,335s][debug][gc,nmethod     ] Register NMethod: io.sirix.index.path.summary.PathNode.getURIKey (0x000074dd3ef24c88) [0x000074dd3ef24d80, 0x000074dd3ef24e60] Compiler: jvmci, Barriers: 1, Oops: 1, ImmediateOops: 0, NonImmediateOops: No
[3,335s][debug][gc,nmethod     ] Register NMethod: io.sirix.index.path.summary.PathNode.setName (0x000074dd3ef24f88) [0x000074dd3ef25080, 0x000074dd3ef251b0] Compiler: c1, Barriers: 3, Oops: 1, ImmediateOops: 0, NonImmediateOops: No
[3,335s][debug][gc,nmethod     ] Register NMethod: io.sirix.access.trx.page.NodePageReadOnlyTrx.getName (0x000074dd203af988) [0x000074dd203afa80, 0x000074dd203b0100] Compiler: c1, Barriers: 1, Oops: 1, ImmediateOops: 1, NonImmediateOops: No
[3,335s][debug][gc,nmethod     ] Register NMethod: io.sirix.index.path.summary.PathSummaryReader.getName (0x000074dd203b0188) [0x000074dd203b0280, 0x000074dd203b3248] Compiler: c1, Barriers: 12, Oops: 1, ImmediateOops: 5, NonImmediateOops: No
[3,335s][debug][gc,nmethod     ] Register NMethod: io.sirix.cache.RecordPageCache$$Lambda/0x00000000692be250.apply (0x000074dd203b3288) [0x000074dd203b3380, 0x000074dd203b38c0] Compiler: c1, Barriers: 0, Oops: 1, ImmediateOops: 0, NonImmediateOops: No
[3,336s][debug][gc,nmethod     ] Register NMethod: io.sirix.cache.RecordPageCache.lambda$unpinAndUpdateWeight$0 (0x000074dd203b3908) [0x000074dd203b3a00, 0x000074dd203b52b0] Compiler: c1, Barriers: 2, Oops: 4, ImmediateOops: 3, NonImmediateOops: No
[3,336s][debug][gc,nmethod     ] Register NMethod: io.sirix.node.xml.AbstractStructForwardingNode.hasFirstChild (0x000074dd3ef25288) [0x000074dd3ef25380, 0x000074dd3ef25538] Compiler: jvmci, Barriers: 2, Oops: 1, ImmediateOops: 0, NonImmediateOops: No
[3,338s][debug][gc,nmethod     ] Register NMethod: com.github.benmanes.caffeine.cache.BoundedLocalCache.hasExpired (0x000074dd3ef25588) [0x000074dd3ef25680, 0x000074dd3ef25740] Compiler: jvmci, Barriers: 0, Oops: 1, ImmediateOops: 0, NonImmediateOops: No
[3,338s][debug][gc,nmethod     ] Register NMethod: io.sirix.axis.pathsummary.AbstractAxis.hasNext (0x000074dd3ef25888) [0x000074dd3ef25980, 0x000074dd3ef25da8] Compiler: jvmci, Barriers: 15, Oops: 1, ImmediateOops: 3, NonImmediateOops: No
[3,339s][debug][gc,nmethod     ] Register NMethod: java.lang.invoke.MethodHandle.asType (0x000074dd203b5308) [0x000074dd203b5400, 0x000074dd203b5668] Compiler: c1, Barriers: 1, Oops: 0, ImmediateOops: 0, NonImmediateOops: No
[3,339s][debug][gc,nmethod     ] Register NMethod: java.lang.invoke.DelegatingMethodHandle.whichKind (0x000074dd203b5688) [0x000074dd203b5780, 0x000074dd203b5940] Compiler: c1, Barriers: 0, Oops: 0, ImmediateOops: 3, NonImmediateOops: No
[3,339s][debug][gc,nmethod     ] Register NMethod: java.lang.invoke.BoundMethodHandle$SpeciesData.extendWith (0x000074dd203b5988) [0x000074dd203b5a80, 0x000074dd203b7628] Compiler: c1, Barriers: 7, Oops: 1, ImmediateOops: 2, NonImmediateOops: No
[3,339s][debug][gc,nmethod     ] Register NMethod: java.util.BitSet.nextSetBit (0x000074dd203b7688) [0x000074dd203b7780, 0x000074dd203b8770] Compiler: c1, Barriers: 1, Oops: 1, ImmediateOops: 2, NonImmediateOops: No
[3,340s][debug][gc,nmethod     ] Register NMethod: java.lang.invoke.DelegatingMethodHandle.makeReinvokerForm (0x000074dd203b8788) [0x000074dd203b8880, 0x000074dd203bc3f0] Compiler: c1, Barriers: 37, Oops: 0, ImmediateOops: 2, NonImmediateOops: No
[3,340s][debug][gc,nmethod     ] Register NMethod: jdk.internal.misc.Unsafe.compareAndExchangeInt (0x000074dd3ef25e08) [0x000074dd3ef25f00, 0x000074dd3ef26068] Compiler: , Barriers: 0, Oops: 0, ImmediateOops: 0, NonImmediateOops: No
[3,340s][debug][gc,nmethod     ] Register NMethod: jdk.internal.misc.ScopedMemoryAccess.closeScope0 (0x000074dd3ef26108) [0x000074dd3ef26200, 0x000074dd3ef26370] Compiler: , Barriers: 0, Oops: 0, ImmediateOops: 0, NonImmediateOops: No
[3,341s][debug][gc,nmethod     ] Register NMethod: com.github.benmanes.caffeine.cache.stats.ConcurrentStatsCounter.recordHits (0x000074dd203bc408) [0x000074dd203bc500, 0x000074dd203bc688] Compiler: c1, Barriers: 1, Oops: 1, ImmediateOops: 0, NonImmediateOops: No
[3,342s][debug][gc,nmethod     ] Register NMethod: java.util.BitSet.valueOf (0x000074dd203bc708) [0x000074dd203bc800, 0x000074dd203bc9a8] Compiler: c1, Barriers: 0, Oops: 0, ImmediateOops: 0, NonImmediateOops: No
[3,342s][debug][gc,director    ] Rule Major: Warmup 10%, Used: 1216MB, UsedThreshold: 1228MB
[3,342s][debug][gc,nmethod     ] Register NMethod: io.sirix.page.SerializationType.deserializeBitSet (0x000074dd203bca08) [0x000074dd203bcb00, 0x000074dd203bcee0] Compiler: c1, Barriers: 0, Oops: 1, ImmediateOops: 0, NonImmediateOops: No
[3,342s][debug][gc,director    ] Rule Minor: High Usage, Free: 11030MB(89,8%)
[3,342s][debug][gc,nmethod     ] Register NMethod: io.sirix.access.trx.node.AbstractNodeReadOnlyTrx.hasNode (0x000074dd203bcf08) [0x000074dd203bd000, 0x000074dd203bdc30] Compiler: c1, Barriers: 4, Oops: 1, ImmediateOops: 2, NonImmediateOops: No
[3,342s][debug][gc,nmethod     ] Register NMethod: io.sirix.axis.AbstractAxis.hasNext (0x000074dd203bdc88) [0x000074dd203bdd80, 0x000074dd203be848] Compiler: c1, Barriers: 2, Oops: 1, ImmediateOops: 1, NonImmediateOops: No
[3,343s][debug][gc,nmethod     ] Register NMethod: io.sirix.service.xml.xpath.expr.UnionAxis.hasNext (0x000074dd203be888) [0x000074dd203be980, 0x000074dd203bf8a8] Compiler: c1, Barriers: 5, Oops: 1, ImmediateOops: 0, NonImmediateOops: No
[3,343s][debug][gc,nmethod     ] Register NMethod: io.sirix.service.xml.xpath.AbstractAxis.resetToLastKey (0x000074dd203bf908) [0x000074dd203bfa00, 0x000074dd203bfd58] Compiler: c1, Barriers: 1, Oops: 1, ImmediateOops: 0, NonImmediateOops: No
[3,343s][debug][gc,nmethod     ] Register NMethod: io.sirix.service.xml.xpath.AbstractAxis.nextLong (0x000074dd203bfd88) [0x000074dd203bfe80, 0x000074dd203c0a78] Compiler: c1, Barriers: 3, Oops: 1, ImmediateOops: 2, NonImmediateOops: No
[3,343s][debug][gc,nmethod     ] Register NMethod: io.sirix.axis.AbstractAxis.tryToComputeNext (0x000074dd203c0a88) [0x000074dd203c0b80, 0x000074dd203c12b0] Compiler: c1, Barriers: 10, Oops: 1, ImmediateOops: 5, NonImmediateOops: No
[3,343s][debug][gc,nmethod     ] Register NMethod: com.github.benmanes.caffeine.cache.SSLSMW.setMainProtectedWeightedSize (0x000074dd3ef26408) [0x000074dd3ef26500, 0x000074dd3ef265c0] Compiler: c1, Barriers: 0, Oops: 1, ImmediateOops: 0, NonImmediateOops: No
[3,343s][debug][gc,nmethod     ] Register NMethod: com.github.benmanes.caffeine.cache.SSLSMW.accessOrderProtectedDeque (0x000074dd3ef26708) [0x000074dd3ef26800, 0x000074dd3ef268f0] Compiler: c1, Barriers: 1, Oops: 1, ImmediateOops: 0, NonImmediateOops: No
[3,344s][debug][gc,nmethod     ] Register NMethod: io.sirix.cache.RecordPageCache$$Lambda/0x0000000069313bf0.apply (0x000074dd203c1308) [0x000074dd203c1400, 0x000074dd203c1b70] Compiler: c1, Barriers: 0, Oops: 1, ImmediateOops: 0, NonImmediateOops: No
[3,344s][debug][gc,nmethod     ] Register NMethod: io.sirix.cache.RecordPageCache.lambda$pinAndUpdateWeight$0 (0x000074dd203c1b88) [0x000074dd203c1c80, 0x000074dd203c1f70] Compiler: c1, Barriers: 0, Oops: 1, ImmediateOops: 0, NonImmediateOops: No
[3,344s][debug][gc,nmethod     ] Register NMethod: java.util.concurrent.ForkJoinPool$WorkQueue.updateTop (0x000074dd203c1f88) [0x000074dd203c2080, 0x000074dd203c2390] Compiler: c1, Barriers: 0, Oops: 0, ImmediateOops: 1, NonImmediateOops: No
[3,345s][debug][gc,nmethod     ] Register NMethod: io.sirix.query.stream.node.SirixNodeStream.next (0x000074dd203c2408) [0x000074dd203c2500, 0x000074dd203c2e00] Compiler: c1, Barriers: 4, Oops: 1, ImmediateOops: 0, NonImmediateOops: No
[3,346s][debug][gc,nmethod     ] Register NMethod: java.util.Spliterator.getExactSizeIfKnown (0x000074dd3ef26a08) [0x000074dd3ef26b00, 0x000074dd3ef26c90] Compiler: jvmci, Barriers: 1, Oops: 0, ImmediateOops: 0, NonImmediateOops: No
[3,348s][debug][gc,nmethod     ] Register NMethod: java.util.concurrent.ForkJoinTask.doExec (0x000074dd203c2e88) [0x000074dd203c2f80, 0x000074dd203c3a40] Compiler: c1, Barriers: 0, Oops: 0, ImmediateOops: 0, NonImmediateOops: No
[3,348s][debug][gc,nmethod     ] Register NMethod: java.util.concurrent.locks.ReentrantLock$NonfairSync.tryAcquire (0x000074dd203c3a88) [0x000074dd203c3b80, 0x000074dd203c4370] Compiler: c1, Barriers: 4, Oops: 0, ImmediateOops: 0, NonImmediateOops: No
[3,348s][debug][gc,nmethod     ] Register NMethod: java.util.stream.AbstractPipeline.<init> (0x000074dd3ef26d08) [0x000074dd3ef26e20, 0x000074dd3ef27000] Compiler: jvmci, Barriers: 8, Oops: 0, ImmediateOops: 0, NonImmediateOops: No
[3,349s][debug][gc,nmethod     ] Register NMethod: io.sirix.io.memorymapped.MMFileReader.read (0x000074dd203c4388) [0x000074dd203c4480, 0x000074dd203d0af0] Compiler: c1, Barriers: 26, Oops: 14, ImmediateOops: 28, NonImmediateOops: No
[3,349s][debug][gc,nmethod     ] Register NMethod: java.util.stream.StreamOpFlag.fromCharacteristics (0x000074dd3ef27008) [0x000074dd3ef27100, 0x000074dd3ef27228] Compiler: jvmci, Barriers: 0, Oops: 0, ImmediateOops: 0, NonImmediateOops: No
[3,350s][debug][gc,nmethod     ] Register NMethod: java.util.stream.AbstractPipeline.sourceSpliterator (0x000074dd3ef27308) [0x000074dd3ef27400, 0x000074dd3ef27690] Compiler: jvmci, Barriers: 4, Oops: 0, ImmediateOops: 0, NonImmediateOops: No
[3,350s][debug][gc,alloc       ] Mutator Allocation Rate: 539,1MB/s Predicted: 542,6MB/s, Avg: 435,0(+/-86,9)MB/s
[3,350s][debug][gc,director    ] Rule Major: Warmup 10%, Used: 1224MB, UsedThreshold: 1228MB
[3,350s][debug][gc,director    ] Rule Minor: High Usage, Free: 11022MB(89,7%)
[3,354s][debug][gc,nmethod     ] Register NMethod: io.sirix.page.PageReference.hashCode (0x000074dd3ef27708) [0x000074dd3ef27800, 0x000074dd3ef281d8] Compiler: jvmci, Barriers: 17, Oops: 1, ImmediateOops: 2, NonImmediateOops: No
[3,354s][debug][gc,nmethod     ] Register NMethod: cn.danielw.fop.PoolConfig.getShutdownWaitMilliseconds (0x000074dd3ef28208) [0x000074dd3ef28300, 0x000074dd3ef283c0] Compiler: c1, Barriers: 0, Oops: 1, ImmediateOops: 0, NonImmediateOops: No
[3,355s][debug][gc,nmethod     ] Register NMethod: java.util.concurrent.ArrayBlockingQueue.poll (0x000074dd203d0b88) [0x000074dd203d0c80, 0x000074dd203d25a0] Compiler: c1, Barriers: 6, Oops: 0, ImmediateOops: 0, NonImmediateOops: No
[3,355s][debug][gc,nmethod     ] Register NMethod: java.text.DontCareFieldPosition$1.formatted (0x000074dd203d2608) [0x000074dd203d2700, 0x000074dd203d2800] Compiler: c1, Barriers: 0, Oops: 0, ImmediateOops: 0, NonImmediateOops: No
[3,355s][debug][gc,nmethod     ] Register NMethod: java.util.stream.Collectors$$Lambda/0x000000006910fcd8.get (0x000074dd203d2908) [0x000074dd203d2a00, 0x000074dd203d2d48] Compiler: c1, Barriers: 3, Oops: 0, ImmediateOops: 1, NonImmediateOops: No
[3,356s][debug][gc,nmethod     ] Register NMethod: java.util.stream.Collectors.toList (0x000074dd203d2d88) [0x000074dd203d2e80, 0x000074dd203d3248] Compiler: c1, Barriers: 0, Oops: 5, ImmediateOops: 4, NonImmediateOops: No
[3,356s][debug][gc,nmethod     ] Register NMethod: java.util.HashMap.clear (0x000074dd203d3288) [0x000074dd203d3380, 0x000074dd203d3870] Compiler: c1, Barriers: 4, Oops: 0, ImmediateOops: 0, NonImmediateOops: No
[3,356s][debug][gc,nmethod     ] Register NMethod: java.lang.StringLatin1.inflate (0x000074dd203d3888) [0x000074dd203d3980, 0x000074dd203d3a90] Compiler: c1, Barriers: 0, Oops: 0, ImmediateOops: 0, NonImmediateOops: No
[3,356s][debug][gc,nmethod     ] Register NMethod: com.esotericsoftware.kryo.io.Output.writeUtf8Length (0x000074dd203d3b88) [0x000074dd203d3c80, 0x000074dd203d44d0] Compiler: c1, Barriers: 5, Oops: 1, ImmediateOops: 0, NonImmediateOops: No
[3,356s][debug][gc,nmethod     ] Register NMethod: java.text.NumberFormat.isGroupingUsed (0x000074dd3ef28508) [0x000074dd3ef28600, 0x000074dd3ef286c0] Compiler: c1, Barriers: 0, Oops: 0, ImmediateOops: 0, NonImmediateOops: No
[3,356s][debug][gc,nmethod     ] Register NMethod: java.lang.StringUTF16.inflate (0x000074dd203d4508) [0x000074dd203d4600, 0x000074dd203d4a28] Compiler: c1, Barriers: 0, Oops: 1, ImmediateOops: 1, NonImmediateOops: No
[3,356s][debug][gc,nmethod     ] Register NMethod: java.nio.file.FileSystems.getDefault (0x000074dd203d4a88) [0x000074dd203d4b80, 0x000074dd203d4fe0] Compiler: c1, Barriers: 1, Oops: 0, ImmediateOops: 3, NonImmediateOops: No
[3,356s][debug][gc,nmethod     ] Register NMethod: java.lang.ThreadLocal$ThreadLocalMap.cleanSomeSlots (0x000074dd203d5008) [0x000074dd203d5100, 0x000074dd203d5938] Compiler: c1, Barriers: 2, Oops: 0, ImmediateOops: 0, NonImmediateOops: No
[3,357s][debug][gc,nmethod     ] Register NMethod: java.util.concurrent.ForkJoinPool.runWorker (0x000074dd3ef28808) [0x000074dd3ef28900, 0x000074dd3ef2c4a8] Compiler: jvmci, Barriers: 101, Oops: 1, ImmediateOops: 1, NonImmediateOops: No
[3,358s][debug][gc,nmethod     ] Register NMethod: org.gradle.internal.serialize.kryo.KryoBackedEncoder.writeString (0x000074dd203d5988) [0x000074dd203d5a80, 0x000074dd203d5cf8] Compiler: c1, Barriers: 1, Oops: 1, ImmediateOops: 1, NonImmediateOops: No
[3,358s][debug][gc,nmethod     ] Register NMethod: java.nio.file.FileTreeWalker$Event.type (0x000074dd3ef2c508) [0x000074dd3ef2c600, 0x000074dd3ef2c6e8] Compiler: c1, Barriers: 1, Oops: 0, ImmediateOops: 0, NonImmediateOops: No
[3,358s][debug][gc,nmethod     ] Register NMethod: java.nio.file.FileTreeWalker$DirectoryNode.iterator (0x000074dd3ef2c808) [0x000074dd3ef2c900, 0x000074dd3ef2c9e8] Compiler: c1, Barriers: 1, Oops: 0, ImmediateOops: 0, NonImmediateOops: No
[3,358s][debug][gc,nmethod     ] Register NMethod: java.nio.file.FileTreeWalker$DirectoryNode.skipped (0x000074dd3ef2cb08) [0x000074dd3ef2cc00, 0x000074dd3ef2ccc0] Compiler: c1, Barriers: 0, Oops: 0, ImmediateOops: 0, NonImmediateOops: No
[3,359s][debug][gc,nmethod     ] Register NMethod: io.sirix.access.trx.page.NodePageReadOnlyTrx.unpinAllPagesForTransaction (0x000074dd203d5d08) [0x000074dd203d5e00, 0x000074dd203ead10] Compiler: c1, Barriers: 43, Oops: 18, ImmediateOops: 49, NonImmediateOops: No
[3,359s][debug][gc,nmethod     ] Register NMethod: sun.nio.fs.UnixDirectoryStream$UnixDirectoryIterator.isSelfOrParent (0x000074dd203eae08) [0x000074dd203eaf00, 0x000074dd203eb130] Compiler: c1, Barriers: 0, Oops: 0, ImmediateOops: 0, NonImmediateOops: No
[3,360s][debug][gc,nmethod     ] Register NMethod: com.google.gson.stream.JsonReader.nextString (0x000074dd203eb188) [0x000074dd203eb280, 0x000074dd203ecc78] Compiler: c1, Barriers: 6, Oops: 2, ImmediateOops: 3, NonImmediateOops: No
[3,360s][debug][gc,director    ] Rule Major: Warmup 10%, Used: 1226MB, UsedThreshold: 1228MB
[3,360s][debug][gc,director    ] Rule Minor: High Usage, Free: 11020MB(89,7%)
[3,361s][debug][gc,nmethod     ] Register NMethod: java.util.HashMap.resize (0x000074dd3ef2ce08) [0x000074dd3ef2cf20, 0x000074dd3ef2da88] Compiler: jvmci, Barriers: 33, Oops: 0, ImmediateOops: 0, NonImmediateOops: No
[3,361s][debug][gc,nmethod     ] Register NMethod: java.util.stream.AbstractPipeline.wrapSink (0x000074dd3ef2db08) [0x000074dd3ef2dc00, 0x000074dd3ef2e110] Compiler: jvmci, Barriers: 12, Oops: 0, ImmediateOops: 0, NonImmediateOops: No
[3,361s][debug][gc,nmethod     ] Register NMethod: java.lang.StringUTF16.indexOfLatin1Unsafe (0x000074dd3ef2e188) [0x000074dd3ef2e280, 0x000074dd3ef2e4e8] Compiler: jvmci, Barriers: 0, Oops: 0, ImmediateOops: 0, NonImmediateOops: No
[3,362s][debug][gc,nmethod     ] Register NMethod: java.lang.ref.Reference.refersToImpl (0x000074dd3ef2e508) [0x000074dd3ef2e600, 0x000074dd3ef2e6c0] Compiler: jvmci, Barriers: 2, Oops: 0, ImmediateOops: 0, NonImmediateOops: No
[3,363s][debug][gc,nmethod     ] Register NMethod: sun.nio.ch.Util.getTemporaryDirectBuffer (0x000074dd203ecd08) [0x000074dd203ece00, 0x000074dd203ee540] Compiler: c1, Barriers: 0, Oops: 2, ImmediateOops: 9, NonImmediateOops: No
[3,363s][debug][gc,nmethod     ] Register NMethod: sun.nio.ch.Util.offerFirstTemporaryDirectBuffer (0x000074dd203ee588) [0x000074dd203ee680, 0x000074dd203f0918] Compiler: c1, Barriers: 0, Oops: 2, ImmediateOops: 8, NonImmediateOops: No
[3,364s][debug][gc,nmethod     ] Register NMethod: java.util.stream.AbstractPipeline.evaluate (0x000074dd3ef2e808) [0x000074dd3ef2e900, 0x000074dd3ef2f890] Compiler: jvmci, Barriers: 43, Oops: 0, ImmediateOops: 2, NonImmediateOops: No
[3,364s][debug][gc,nmethod     ] Register NMethod: java.util.concurrent.ConcurrentHashMap$BaseIterator.hasNext (0x000074dd3ef2f908) [0x000074dd3ef2fa00, 0x000074dd3ef2fab8] Compiler: jvmci, Barriers: 1, Oops: 0, ImmediateOops: 0, NonImmediateOops: No
[3,365s][debug][gc,nmethod     ] Register NMethod: java.util.stream.StreamSupport.stream (0x000074dd3ef2fc08) [0x000074dd3ef2fd20, 0x000074dd3ef30048] Compiler: jvmci, Barriers: 8, Oops: 1, ImmediateOops: 0, NonImmediateOops: No
[3,365s][debug][gc,nmethod     ] Register NMethod: jdk.internal.misc.Unsafe.putIntOpaque (0x000074dd3ef30088) [0x000074dd3ef30180, 0x000074dd3ef30210] Compiler: jvmci, Barriers: 0, Oops: 0, ImmediateOops: 0, NonImmediateOops: No
[3,365s][debug][gc,nmethod     ] Register NMethod: java.util.HashMap.putIfAbsent (0x000074dd3ef30388) [0x000074dd3ef304a0, 0x000074dd3ef31538] Compiler: jvmci, Barriers: 36, Oops: 1, ImmediateOops: 0, NonImmediateOops: No
[3,366s][debug][gc,nmethod     ] Register NMethod: java.util.stream.AbstractPipeline.copyInto (0x000074dd3ef31588) [0x000074dd3ef316a0, 0x000074dd3ef326a0] Compiler: jvmci, Barriers: 35, Oops: 2, ImmediateOops: 2, NonImmediateOops: No
[3,366s][debug][gc,nmethod     ] Register NMethod: jdk.internal.misc.VM.isBooted (0x000074dd203f0988) [0x000074dd203f0a80, 0x000074dd203f0bc0] Compiler: c1, Barriers: 0, Oops: 0, ImmediateOops: 1, NonImmediateOops: No
[3,368s][debug][gc,nmethod     ] Register NMethod: java.nio.DirectByteBuffer.getInt (0x000074dd203f0c88) [0x000074dd203f0d80, 0x000074dd203f12b8] Compiler: c1, Barriers: 0, Oops: 0, ImmediateOops: 0, NonImmediateOops: No
[3,368s][debug][gc,nmethod     ] Register NMethod: sun.nio.ch.Util$BufferCache.next (0x000074dd203f1308) [0x000074dd203f1400, 0x000074dd203f1528] Compiler: c1, Barriers: 0, Oops: 0, ImmediateOops: 0, NonImmediateOops: No
[3,369s][debug][gc,nmethod     ] Register NMethod: java.nio.DirectByteBuffer.getInt (0x000074dd203f1608) [0x000074dd203f1700, 0x000074dd203f2f30] Compiler: c1, Barriers: 5, Oops: 1, ImmediateOops: 4, NonImmediateOops: No
[3,369s][debug][gc,nmethod     ] Register NMethod: io.sirix.access.trx.page.NodePageTrx.getRevisionNumber (0x000074dd203f2f88) [0x000074dd203f3080, 0x000074dd203f3700] Compiler: c1, Barriers: 2, Oops: 1, ImmediateOops: 1, NonImmediateOops: No
[3,369s][debug][gc,nmethod     ] Register NMethod: com.github.benmanes.caffeine.cache.LocalManualCache.put (0x000074dd203f3788) [0x000074dd203f3880, 0x000074dd203f3c68] Compiler: c1, Barriers: 1, Oops: 1, ImmediateOops: 0, NonImmediateOops: No
[3,370s][debug][gc,nmethod     ] Register NMethod: com.github.benmanes.caffeine.cache.BoundedLocalCache.put (0x000074dd203f3c88) [0x000074dd203f3d80, 0x000074dd203f42a8] Compiler: c1, Barriers: 0, Oops: 1, ImmediateOops: 0, NonImmediateOops: No
[3,370s][debug][gc,nmethod     ] Register NMethod: com.sun.org.apache.xerces.internal.util.ParserConfigurationSettings.getProperty (0x000074dd203f4308) [0x000074dd203f4400, 0x000074dd203f4aa8] Compiler: c1, Barriers: 3, Oops: 0, ImmediateOops: 0, NonImmediateOops: No
[3,370s][debug][gc,director    ] Rule Major: Warmup 10%, Used: 1228MB, UsedThreshold: 1228MB
[3,370s][debug][gc,director    ] Rule Minor: High Usage, Free: 11018MB(89,7%)
[3,370s][debug][gc,nmethod     ] Register NMethod: io.sirix.page.NamePage.incrementAndGetMaxNodeKey (0x000074dd203f4b08) [0x000074dd203f4c00, 0x000074dd203f51b0] Compiler: c1, Barriers: 2, Oops: 1, ImmediateOops: 0, NonImmediateOops: No
[3,372s][debug][gc,nmethod     ] Register NMethod: io.sirix.page.PathSummaryPage.getMaxNodeKey (0x000074dd203f5208) [0x000074dd203f5300, 0x000074dd203f5640] Compiler: c1, Barriers: 1, Oops: 1, ImmediateOops: 0, NonImmediateOops: No
[3,373s][debug][gc,nmethod     ] Register NMethod: io.sirix.node.SirixDeweyID.<init> (0x000074dd3ef32708) [0x000074dd3ef32800, 0x000074dd3ef32a78] Compiler: jvmci, Barriers: 3, Oops: 1, ImmediateOops: 0, NonImmediateOops: No
[3,375s][debug][gc,nmethod     ] Register NMethod: io.sirix.access.trx.node.xml.XmlNodeFactoryImpl.createPathNode (0x000074dd203f5688) [0x000074dd203f5780, 0x000074dd203f8a08] Compiler: c1, Barriers: 16, Oops: 1, ImmediateOops: 4, NonImmediateOops: No
[3,375s][debug][gc,nmethod     ] Register NMethod: io.sirix.page.PathSummaryPage.incrementAndGetMaxNodeKey (0x000074dd203f8a88) [0x000074dd203f8b80, 0x000074dd203f9128] Compiler: c1, Barriers: 2, Oops: 1, ImmediateOops: 0, NonImmediateOops: No
[3,376s][debug][gc,nmethod     ] Register NMethod: com.github.benmanes.caffeine.cache.BoundedLocalCache.put (0x000074dd203f9188) [0x000074dd203f9280, 0x000074dd2040f0e0] Compiler: c1, Barriers: 34, Oops: 10, ImmediateOops: 90, NonImmediateOops: No
[3,376s][debug][gc,nmethod     ] Register NMethod: com.github.benmanes.caffeine.cache.BaseMpscLinkedArrayQueue.poll (0x000074dd3ef32a88) [0x000074dd3ef32b80, 0x000074dd3ef33128] Compiler: jvmci, Barriers: 15, Oops: 1, ImmediateOops: 1, NonImmediateOops: No
[3,379s][debug][gc,nmethod     ] Register NMethod: java.lang.String.getBytes (0x000074dd3ef33188) [0x000074dd3ef33280, 0x000074dd3ef34680] Compiler: jvmci, Barriers: 1, Oops: 0, ImmediateOops: 0, NonImmediateOops: No
[3,380s][debug][gc,nmethod     ] Register NMethod: java.util.stream.AbstractPipeline.wrapAndCopyInto (0x000074dd3ef34688) [0x000074dd3ef347a0, 0x000074dd3ef35ba0] Compiler: jvmci, Barriers: 45, Oops: 2, ImmediateOops: 2, NonImmediateOops: No
[3,380s][debug][gc,director    ] Rule Major: Warmup 10%, Used: 1234MB, UsedThreshold: 1228MB
[3,380s][info ][gc             ] GC(1) Major Collection (Warmup)
[3,380s][info ][gc,task        ] GC(1) Using 5 Workers for Young Generation
[3,380s][info ][gc,task        ] GC(1) Using 3 Workers for Old Generation
[3,380s][debug][gc,heap        ] GC(1) Y: Heap Before GC invocations=1 (full 1):
[3,380s][debug][gc,heap        ] GC(1) Y:  ZHeap           used 1234M, capacity 5120M, max capacity 12288M
[3,380s][debug][gc,heap        ] GC(1) Y:   Cache          3886M (1)
[3,380s][debug][gc,heap        ] GC(1) Y:    size classes  2G (1)
[3,380s][debug][gc,metaspace   ] GC(1) Y: Metaspace Before GC invocations=1 (full 1):
[3,380s][debug][gc,metaspace   ] GC(1) Y:  Metaspace       used 34335K, committed 34752K, reserved 1114112K
[3,380s][debug][gc,metaspace   ] GC(1) Y:   class space    used 2991K, committed 3200K, reserved 1048576K
[3,380s][info ][gc,phases      ] GC(1) Y: Young Generation
[3,380s][debug][gc,reloc       ] Synchronize all workers 1 _nworkers: 0 _nsynchronized: 0
[3,380s][debug][gc,reloc       ] Synchronize all workers 1 _nworkers: 0 _nsynchronized: 0
[3,380s][debug][gc,phases,start] GC(1) Y: Pause Mark Start (Major)
[3,380s][debug][gc,tlab        ] GC(1) Y: TLAB usage update: used 62M -> 1146M, capacity: 62M -> 387M
[3,380s][debug][gc,marking     ] GC(1) Y: Using 4 mark stripes
[3,380s][debug][gc,marking     ] GC(1) Y: Mark Worker/Stripe Distribution
[3,380s][debug][gc,marking     ] GC(1) Y:   Worker 0(5) -> Stripe 0(4)
[3,380s][debug][gc,marking     ] GC(1) Y:   Worker 1(5) -> Stripe 1(4)
[3,380s][debug][gc,marking     ] GC(1) Y:   Worker 2(5) -> Stripe 2(4)
[3,380s][debug][gc,marking     ] GC(1) Y:   Worker 3(5) -> Stripe 3(4)
[3,381s][debug][gc,marking     ] GC(1) Y:   Worker 4(5) -> Stripe 0(4)
[3,381s][debug][gc,marking     ] GC(1) Y: Using 2 mark stripes
[3,381s][debug][gc,marking     ] GC(1) Y: Mark Worker/Stripe Distribution
[3,381s][debug][gc,marking     ] GC(1) Y:   Worker 0(3) -> Stripe 0(2)
[3,381s][debug][gc,marking     ] GC(1) Y:   Worker 1(3) -> Stripe 1(2)
[3,381s][debug][gc,marking     ] GC(1) Y:   Worker 2(3) -> Stripe 0(2)
[3,381s][info ][gc,phases      ] GC(1) Y: Pause Mark Start (Major) 0,134ms
[3,381s][debug][gc,reloc       ] Desynchronize all workers _nworkers: 0 _nsynchronized: 0
[3,381s][debug][gc,reloc       ] Desynchronize all workers _nworkers: 0 _nsynchronized: 0
[3,381s][debug][gc,marking     ] Resurrection broke termination
[3,381s][debug][gc,phases,start] GC(1) Y: Concurrent Mark
[3,381s][debug][gc,phases,start] GC(1) Y: Concurrent Mark Roots
[3,381s][debug][gc,task        ] GC(1) Y: Executing ZMarkYoungRootsTask using ZWorkerYoung with 5 workers
[3,382s][debug][gc,nmethod     ] Register NMethod: java.util.BitSet.set (0x000074dd2040f188) [0x000074dd2040f280, 0x000074dd204101c8] Compiler: c1, Barriers: 1, Oops: 1, ImmediateOops: 2, NonImmediateOops: No
[3,384s][debug][gc,tlab        ] GC(1) Y: TLAB totals: thrds: 31  refills: 4077 max: 3154 slow allocs: 2635 max 1422 waste:  0,6% gc: 3523208B max: 262048B slow: 3190104B max: 2489368B
[3,384s][debug][gc,phases      ] GC(1) Y: Concurrent Mark Roots 2,933ms
[3,384s][debug][gc,phases,start] GC(1) Y: Concurrent Mark Follow
[3,384s][debug][gc,marking     ] GC(1) Y: Using 4 mark stripes
[3,384s][debug][gc,task        ] GC(1) Y: Executing ZRememberedScanMarkFollowTask using ZWorkerYoung with 5 workers
[3,387s][debug][gc,nmethod     ] Register NMethod: java.util.concurrent.ConcurrentHashMap.putVal (0x000074dd3ef35c08) [0x000074dd3ef35d00, 0x000074dd3ef36e50] Compiler: jvmci, Barriers: 32, Oops: 0, ImmediateOops: 0, NonImmediateOops: No
[3,391s][debug][gc,nmethod     ] Register NMethod: io.sirix.index.path.summary.PathSummaryReader.moveTo (0x000074dd3ef36e88) [0x000074dd3ef36f80, 0x000074dd3ef37d38] Compiler: jvmci, Barriers: 22, Oops: 2, ImmediateOops: 1, NonImmediateOops: No
[3,406s][debug][gc,marking     ] GC(1) Y: Using 2 mark stripes
[3,406s][debug][gc,marking     ] GC(1) Y: Using 4 mark stripes
[3,419s][debug][gc,nmethod     ] Register NMethod: io.sirix.access.trx.page.TreeModifierImpl.prepareIndirectPage (0x000074dd20410208) [0x000074dd20410300, 0x000074dd20411fe0] Compiler: c1, Barriers: 11, Oops: 1, ImmediateOops: 0, NonImmediateOops: No
[3,424s][debug][gc,nmethod     ] Register NMethod: com.sun.org.apache.xerces.internal.impl.XMLDocumentFragmentScannerImpl.scanDocument (0x000074dd3ef37d88) [0x000074dd3ef37e80, 0x000074dd3ef46648] Compiler: jvmci, Barriers: 293, Oops: 10, ImmediateOops: 19, NonImmediateOops: No
[3,435s][debug][gc,marking     ] GC(1) Y: Using 2 mark stripes
[3,435s][debug][gc,marking     ] GC(1) Y: Using 1 mark stripes
[3,436s][debug][gc,marking     ] GC(1) Y: Using 2 mark stripes
[3,436s][debug][gc,marking     ] GC(1) Y: Using 1 mark stripes
[3,436s][debug][gc,marking     ] GC(1) Y: Using 2 mark stripes
[3,437s][debug][gc,marking     ] GC(1) Y: Using 1 mark stripes
[3,437s][debug][gc,marking     ] GC(1) Y: Using 2 mark stripes
[3,437s][debug][gc,marking     ] GC(1) Y: Using 1 mark stripes
[3,439s][debug][gc,marking     ] GC(1) Y: Using 2 mark stripes
[3,439s][debug][gc,marking     ] GC(1) Y: Using 1 mark stripes
[3,439s][debug][gc,marking     ] GC(1) Y: Using 2 mark stripes
[3,439s][debug][gc,marking     ] GC(1) Y: Using 1 mark stripes
[3,439s][debug][gc,marking     ] GC(1) Y: Using 2 mark stripes
[3,439s][debug][gc,marking     ] GC(1) Y: Using 1 mark stripes
[3,439s][debug][gc,marking     ] GC(1) Y: Using 2 mark stripes
[3,440s][debug][gc,marking     ] GC(1) Y: Using 1 mark stripes
[3,440s][debug][gc,marking     ] GC(1) Y: Using 2 mark stripes
[3,440s][debug][gc,marking     ] GC(1) Y: Using 1 mark stripes
[3,440s][debug][gc,marking     ] GC(1) Y: Using 2 mark stripes
[3,440s][debug][gc,marking     ] GC(1) Y: Using 1 mark stripes
[3,440s][debug][gc,marking     ] GC(1) Y: Using 2 mark stripes
[3,441s][debug][gc,marking     ] GC(1) Y: Using 1 mark stripes
[3,444s][debug][gc,marking     ] GC(1) Y: Using 2 mark stripes
[3,444s][debug][gc,marking     ] GC(1) Y: Using 1 mark stripes
[3,445s][debug][gc,marking     ] GC(1) Y: Using 2 mark stripes
[3,445s][debug][gc,marking     ] GC(1) Y: Using 1 mark stripes
[3,445s][debug][gc,marking     ] GC(1) Y: Using 2 mark stripes
[3,445s][debug][gc,marking     ] GC(1) Y: Using 1 mark stripes
[3,446s][debug][gc,marking     ] GC(1) Y: Using 2 mark stripes
[3,446s][debug][gc,marking     ] GC(1) Y: Using 1 mark stripes
[3,456s][debug][gc,alloc       ] Mutator Allocation Rate: 554,8MB/s Predicted: 561,5MB/s, Avg: 443,5(+/-89,3)MB/s
[3,456s][debug][gc,marking     ] GC(1) Y: Using 2 mark stripes
[3,457s][debug][gc,marking     ] GC(1) Y: Using 1 mark stripes
[3,457s][debug][gc,marking     ] GC(1) Y: Using 2 mark stripes
[3,457s][debug][gc,marking     ] GC(1) Y: Using 1 mark stripes
[3,458s][debug][gc,marking     ] GC(1) Y: Using 2 mark stripes
[3,458s][debug][gc,marking     ] GC(1) Y: Using 1 mark stripes
[3,459s][debug][gc,marking     ] GC(1) Y: Using 2 mark stripes
[3,460s][debug][gc,marking     ] GC(1) Y: Using 4 mark stripes
[3,460s][debug][gc,marking     ] GC(1) Y: Using 2 mark stripes
[3,460s][debug][gc,marking     ] GC(1) Y: Using 1 mark stripes
[3,461s][debug][gc,marking     ] GC(1) Y: Using 2 mark stripes
[3,461s][debug][gc,marking     ] GC(1) Y: Using 1 mark stripes
[3,462s][debug][gc,marking     ] GC(1) Y: Using 2 mark stripes
[3,462s][debug][gc,marking     ] GC(1) Y: Using 1 mark stripes
[3,463s][debug][gc,marking     ] GC(1) Y: Using 2 mark stripes
[3,464s][debug][gc,marking     ] GC(1) Y: Using 1 mark stripes
[3,484s][debug][gc,nmethod     ] Register NMethod: java.io.PrintStream.write (0x000074dd20412008) [0x000074dd20412100, 0x000074dd20412ca8] Compiler: c1, Barriers: 3, Oops: 0, ImmediateOops: 1, NonImmediateOops: No
[3,489s][debug][gc,nmethod     ] Register NMethod: java.nio.HeapByteBuffer.put (0x000074dd20412d08) [0x000074dd20412e00, 0x000074dd20414438] Compiler: c1, Barriers: 5, Oops: 0, ImmediateOops: 2, NonImmediateOops: No
[3,489s][debug][gc,nmethod     ] Register NMethod: java.nio.ByteBuffer.put (0x000074dd20414488) [0x000074dd20414580, 0x000074dd20415978] Compiler: c1, Barriers: 0, Oops: 0, ImmediateOops: 1, NonImmediateOops: No
[3,489s][debug][gc,nmethod     ] Register NMethod: java.nio.ByteBuffer.putBuffer (0x000074dd20415988) [0x000074dd20415a80, 0x000074dd20418378] Compiler: c1, Barriers: 9, Oops: 1, ImmediateOops: 6, NonImmediateOops: No
[3,490s][debug][gc,nmethod     ] Register NMethod: java.util.concurrent.CompletableFuture.join (0x000074dd20418388) [0x000074dd20418480, 0x000074dd20418658] Compiler: c1, Barriers: 1, Oops: 0, ImmediateOops: 1, NonImmediateOops: No
[3,490s][debug][gc,nmethod     ] Register NMethod: java.util.concurrent.CompletableFuture.reportJoin (0x000074dd20418688) [0x000074dd20418780, 0x000074dd204196f8] Compiler: c1, Barriers: 1, Oops: 0, ImmediateOops: 0, NonImmediateOops: No
[3,491s][debug][gc,nmethod     ] Register NMethod: io.sirix.page.NamePage.getCurrentMaxLevelOfIndirectPages (0x000074dd20419708) [0x000074dd20419800, 0x000074dd20419b40] Compiler: c1, Barriers: 1, Oops: 1, ImmediateOops: 0, NonImmediateOops: No
[3,492s][debug][gc,nmethod     ] Register NMethod: io.sirix.access.trx.page.NodePageReadOnlyTrx$$Lambda/0x00000000692a7058.<init> (0x000074dd20419b88) [0x000074dd20419c80, 0x000074dd20419ec8] Compiler: c1, Barriers: 6, Oops: 1, ImmediateOops: 0, NonImmediateOops: No
[3,492s][debug][gc,nmethod     ] Register NMethod: io.sirix.access.trx.page.NodePageReadOnlyTrx$$Lambda/0x00000000692a7058.apply (0x000074dd20419f08) [0x000074dd2041a000, 0x000074dd2041a5c8] Compiler: c1, Barriers: 2, Oops: 1, ImmediateOops: 0, NonImmediateOops: No
[3,492s][debug][gc,nmethod     ] Register NMethod: io.sirix.settings.VersioningType$4.convertIntegers (0x000074dd2041a608) [0x000074dd2041a700, 0x000074dd2041b338] Compiler: c1, Barriers: 0, Oops: 1, ImmediateOops: 0, NonImmediateOops: No
[3,492s][debug][gc,nmethod     ] Register NMethod: io.sirix.access.trx.page.NodePageReadOnlyTrx.lambda$getPageFragments$0 (0x000074dd2041b388) [0x000074dd2041b480, 0x000074dd2041c078] Compiler: c1, Barriers: 3, Oops: 1, ImmediateOops: 1, NonImmediateOops: No
[3,492s][debug][gc,nmethod     ] Register NMethod: java.lang.invoke.LambdaForm$MH/0x00000000692a9800.invoke (0x000074dd2041c088) [0x000074dd2041c180, 0x000074dd2041c8f0] Compiler: c1, Barriers: 2, Oops: 1, ImmediateOops: 0, NonImmediateOops: No
[3,492s][debug][gc,nmethod     ] Register NMethod: io.sirix.access.trx.page.NodePageReadOnlyTrx$PageFragmentsResult.<init> (0x000074dd2041c908) [0x000074dd2041ca00, 0x000074dd2041cca8] Compiler: c1, Barriers: 6, Oops: 1, ImmediateOops: 0, NonImmediateOops: No
[3,492s][debug][gc,nmethod     ] Register NMethod: java.lang.StringConcatHelper.checkOverflow (0x000074dd3ef46708) [0x000074dd3ef46800, 0x000074dd3ef46898] Compiler: jvmci, Barriers: 0, Oops: 0, ImmediateOops: 0, NonImmediateOops: No
[3,492s][debug][gc,nmethod     ] Register NMethod: io.sirix.settings.VersioningType$4.getRevisionRoots (0x000074dd2041cd08) [0x000074dd2041ce00, 0x000074dd2041d9b0] Compiler: c1, Barriers: 5, Oops: 1, ImmediateOops: 1, NonImmediateOops: No
[3,492s][debug][gc,nmethod     ] Register NMethod: java.lang.invoke.DirectMethodHandle$Holder.invokeSpecial (0x000074dd2041da08) [0x000074dd2041db00, 0x000074dd2041ded0] Compiler: c1, Barriers: 1, Oops: 0, ImmediateOops: 0, NonImmediateOops: No
[3,492s][debug][gc,nmethod     ] Register NMethod: java.util.concurrent.CompletableFuture.<init> (0x000074dd2041df08) [0x000074dd2041e000, 0x000074dd2041e158] Compiler: c1, Barriers: 0, Oops: 0, ImmediateOops: 0, NonImmediateOops: No
[3,492s][debug][gc,nmethod     ] Register NMethod: java.lang.StringConcatHelper.stringSize (0x000074dd2041e208) [0x000074dd2041e300, 0x000074dd2041e578] Compiler: c1, Barriers: 0, Oops: 0, ImmediateOops: 1, NonImmediateOops: No
[3,492s][debug][gc,nmethod     ] Register NMethod: java.lang.String$$StringConcat/0x00000000692a9400.prepend (0x000074dd2041e588) [0x000074dd2041e680, 0x000074dd2041e890] Compiler: c1, Barriers: 2, Oops: 1, ImmediateOops: 0, NonImmediateOops: No
[3,492s][debug][gc,nmethod     ] Register NMethod: java.lang.String$$StringConcat/0x00000000692a9400.length (0x000074dd2041e908) [0x000074dd2041ea00, 0x000074dd2041eeb0] Compiler: c1, Barriers: 0, Oops: 1, ImmediateOops: 2, NonImmediateOops: No
[3,493s][debug][gc,nmethod     ] Register NMethod: java.lang.StringConcatHelper.prepend (0x000074dd2041ef08) [0x000074dd2041f000, 0x000074dd20420108] Compiler: c1, Barriers: 2, Oops: 0, ImmediateOops: 0, NonImmediateOops: No
[3,493s][debug][gc,nmethod     ] Register NMethod: java.lang.String$$StringConcat/0x00000000692a9400.concat (0x000074dd20420188) [0x000074dd20420280, 0x000074dd20421f18] Compiler: c1, Barriers: 8, Oops: 1, ImmediateOops: 5, NonImmediateOops: No
[3,493s][debug][gc,nmethod     ] Register NMethod: io.sirix.access.trx.page.NodePageReadOnlyTrx.getPageFragments (0x000074dd20421f88) [0x000074dd20422080, 0x000074dd204257b0] Compiler: c1, Barriers: 32, Oops: 2, ImmediateOops: 3, NonImmediateOops: No
[3,494s][debug][gc,nmethod     ] Register NMethod: io.sirix.node.delegates.NameNodeDelegate.<init> (0x000074dd3ef46a08) [0x000074dd3ef46b00, 0x000074dd3ef46c28] Compiler: jvmci, Barriers: 3, Oops: 1, ImmediateOops: 0, NonImmediateOops: No
[3,494s][debug][gc,nmethod     ] Register NMethod: io.sirix.index.path.summary.PathNode.<init> (0x000074dd3ef46d08) [0x000074dd3ef46e00, 0x000074dd3ef471c0] Compiler: jvmci, Barriers: 15, Oops: 1, ImmediateOops: 0, NonImmediateOops: No
[3,495s][debug][gc,nmethod     ] Register NMethod: io.sirix.access.trx.page.NodePageReadOnlyTrx.unpinPageFragments (0x000074dd20425808) [0x000074dd20425900, 0x000074dd20430f90] Compiler: c1, Barriers: 31, Oops: 23, ImmediateOops: 37, NonImmediateOops: No
[3,495s][debug][gc,nmethod     ] Register NMethod: jdk.internal.misc.Unsafe.getAndBitwiseAndInt (0x000074dd20431088) [0x000074dd20431180, 0x000074dd20431558] Compiler: c1, Barriers: 0, Oops: 0, ImmediateOops: 0, NonImmediateOops: No
[3,496s][debug][gc,nmethod     ] Register NMethod: cn.danielw.fop.PoolConfig.getMinSize (0x000074dd3ef47208) [0x000074dd3ef47300, 0x000074dd3ef473c0] Compiler: c1, Barriers: 0, Oops: 1, ImmediateOops: 0, NonImmediateOops: No
[3,496s][debug][gc,nmethod     ] Register NMethod: java.util.Collections.emptyMap (0x000074dd20431588) [0x000074dd20431680, 0x000074dd20431768] Compiler: c1, Barriers: 0, Oops: 0, ImmediateOops: 1, NonImmediateOops: No
[3,496s][debug][gc,nmethod     ] Register NMethod: org.gradle.internal.dispatch.MethodInvocation.<init> (0x000074dd20431888) [0x000074dd20431980, 0x000074dd20431c10] Compiler: c1, Barriers: 6, Oops: 1, ImmediateOops: 1, NonImmediateOops: No
[3,497s][debug][gc,nmethod     ] Register NMethod: java.util.ArrayList.fastRemove (0x000074dd20431c88) [0x000074dd20431d80, 0x000074dd20432278] Compiler: c1, Barriers: 3, Oops: 0, ImmediateOops: 0, NonImmediateOops: No
[3,497s][debug][gc,nmethod     ] Register NMethod: java.util.AbstractCollection.<init> (0x000074dd3ef47508) [0x000074dd3ef47600, 0x000074dd3ef47680] Compiler: jvmci, Barriers: 0, Oops: 0, ImmediateOops: 0, NonImmediateOops: No
[3,497s][debug][gc,nmethod     ] Register NMethod: java.nio.MappedByteBuffer.limit (0x000074dd3ef47808) [0x000074dd3ef47900, 0x000074dd3ef47a10] Compiler: jvmci, Barriers: 0, Oops: 0, ImmediateOops: 0, NonImmediateOops: No
[3,499s][debug][gc,nmethod     ] Register NMethod: it.unimi.dsi.fastutil.ints.Int2IntOpenHashMap.<init> (0x000074dd20432288) [0x000074dd204323a0, 0x000074dd204324d8] Compiler: c1, Barriers: 0, Oops: 1, ImmediateOops: 0, NonImmediateOops: No
[3,499s][debug][gc,nmethod     ] Register NMethod: it.unimi.dsi.fastutil.ints.Int2LongOpenHashMap.<init> (0x000074dd20432588) [0x000074dd204326a0, 0x000074dd204327d8] Compiler: c1, Barriers: 0, Oops: 1, ImmediateOops: 0, NonImmediateOops: No
[3,500s][debug][gc,nmethod     ] Register NMethod: io.sirix.index.path.summary.PathNode.hashCode (0x000074dd3ef47b08) [0x000074dd3ef47c00, 0x000074dd3ef48198] Compiler: jvmci, Barriers: 11, Oops: 1, ImmediateOops: 0, NonImmediateOops: No
[3,500s][debug][gc,remset      ] GC(1) Y: Remset forwarding retained: 0,000ms count: 0 ZWorkerYoung#0
[3,500s][debug][gc,remset      ] GC(1) Y: Remset forwarding released: 0,000ms count: 0 ZWorkerYoung#0
[3,500s][debug][gc,remset      ] GC(1) Y: Remset forwarding retained: 0,000ms count: 0 ZWorkerYoung#1
[3,501s][debug][gc,remset      ] GC(1) Y: Remset forwarding released: 0,000ms count: 0 ZWorkerYoung#1
[3,500s][debug][gc,remset      ] GC(1) Y: Remset forwarding retained: 0,000ms count: 0 ZWorkerYoung#4
[3,500s][debug][gc,remset      ] GC(1) Y: Remset forwarding retained: 0,000ms count: 0 ZWorkerYoung#2
[3,501s][debug][gc,remset      ] GC(1) Y: Remset forwarding released: 0,000ms count: 0 ZWorkerYoung#2
[3,501s][debug][gc,remset      ] GC(1) Y: Remset forwarding released: 0,000ms count: 0 ZWorkerYoung#4
[3,500s][debug][gc,remset      ] GC(1) Y: Remset forwarding retained: 0,000ms count: 0 ZWorkerYoung#3
[3,501s][debug][gc,remset      ] GC(1) Y: Remset forwarding released: 0,000ms count: 0 ZWorkerYoung#3
[3,501s][debug][gc,marking     ] GC(1) Y: Try terminate after resurrection
[3,501s][debug][gc,nmethod     ] Register NMethod: io.brackit.query.compiler.parser.Tokenizer.isDelChar (0x000074dd20432888) [0x000074dd20432980, 0x000074dd20433058] Compiler: c1, Barriers: 0, Oops: 1, ImmediateOops: 0, NonImmediateOops: No
[3,501s][debug][gc,phases      ] GC(1) Y: Concurrent Mark Follow 117,072ms
[3,501s][info ][gc,phases      ] GC(1) Y: Concurrent Mark 120,058ms
[3,501s][debug][gc,reloc       ] Synchronize all workers 1 _nworkers: 0 _nsynchronized: 0
[3,501s][debug][gc,reloc       ] Synchronize all workers 1 _nworkers: 0 _nsynchronized: 0
[3,501s][debug][gc,phases,start] GC(1) Y: Pause Mark End
[3,501s][info ][gc,phases      ] GC(1) Y: Pause Mark End 0,026ms
[3,501s][debug][gc,reloc       ] Desynchronize all workers _nworkers: 0 _nsynchronized: 0
[3,501s][debug][gc,reloc       ] Desynchronize all workers _nworkers: 0 _nsynchronized: 0
[3,501s][debug][gc,phases,start] GC(1) Y: Concurrent Mark Free
[3,501s][debug][gc,nmethod     ] Register NMethod: io.brackit.query.compiler.parser.Tokenizer.laQName (0x000074dd20433088) [0x000074dd20433180, 0x000074dd20434d88] Compiler: c1, Barriers: 49, Oops: 1, ImmediateOops: 0, NonImmediateOops: No
[3,501s][info ][gc,phases      ] GC(1) Y: Concurrent Mark Free 0,014ms
[3,501s][debug][gc,phases,start] GC(1) Y: Concurrent Reset Relocation Set
[3,501s][info ][gc,phases      ] GC(1) Y: Concurrent Reset Relocation Set 0,012ms
[3,501s][debug][gc,phases,start] GC(1) Y: Concurrent Select Relocation Set
[3,501s][debug][gc,nmethod     ] Register NMethod: io.brackit.query.compiler.AST.getLastChild (0x000074dd20434e08) [0x000074dd20434f00, 0x000074dd204350e0] Compiler: c1, Barriers: 2, Oops: 1, ImmediateOops: 0, NonImmediateOops: No
[3,501s][debug][gc,reloc       ] GC(1) Y: Relocation Set (Medium Pages): 2->1, 0 skipped, 10 forwarding entries
[3,501s][debug][gc,reloc       ] GC(1) Y: Relocation Set (Small Pages): 499->52, 0 skipped, 4441502 forwarding entries
[3,501s][debug][gc,reloc       ] GC(1) Y: Allocated To Garbage: 1,6
[3,501s][debug][gc,reloc       ] GC(1) Y: Young Log Residency: 1,4
[3,501s][debug][gc,reloc       ] GC(1) Y: Life Decay Factor: 19,4
[3,501s][info ][gc,reloc       ] GC(1) Y: Using tenuring threshold: 2 (Computed)
[3,501s][debug][gc,task        ] GC(1) Y: Executing ZRelocationSetInstallTask using ZWorkerYoung with 5 workers
[3,502s][debug][gc,nmethod     ] Register NMethod: io.brackit.query.compiler.optimizer.walker.topdown.ScopeWalker$BindingTable.closeScope (0x000074dd3ef48208) [0x000074dd3ef48300, 0x000074dd3ef48470] Compiler: jvmci, Barriers: 5, Oops: 1, ImmediateOops: 0, NonImmediateOops: No
[3,502s][debug][gc,nmethod     ] Register NMethod: java.lang.StringUTF16.toBytes (0x000074dd3ef48508) [0x000074dd3ef48600, 0x000074dd3ef489f0] Compiler: jvmci, Barriers: 0, Oops: 0, ImmediateOops: 0, NonImmediateOops: No
[3,503s][debug][gc,nmethod     ] Register NMethod: java.util.concurrent.TimeUnit.toNanos (0x000074dd20435108) [0x000074dd20435200, 0x000074dd20435430] Compiler: c1, Barriers: 0, Oops: 0, ImmediateOops: 0, NonImmediateOops: No
[3,503s][debug][gc,nmethod     ] Register NMethod: io.sirix.node.delegates.NodeDelegate.hashCode (0x000074dd3ef48a08) [0x000074dd3ef48b00, 0x000074dd3ef49368] Compiler: jvmci, Barriers: 14, Oops: 1, ImmediateOops: 2, NonImmediateOops: No
[3,503s][debug][gc,nmethod     ] Register NMethod: java.util.concurrent.CompletableFuture.tryPushStack (0x000074dd20435488) [0x000074dd20435580, 0x000074dd20437f88] Compiler: c1, Barriers: 9, Oops: 8, ImmediateOops: 19, NonImmediateOops: No
[3,504s][debug][gc,nmethod     ] Register NMethod: jdk.internal.vm.ContinuationSupport.isSupported (0x000074dd20438008) [0x000074dd20438100, 0x000074dd204381e8] Compiler: c1, Barriers: 0, Oops: 0, ImmediateOops: 0, NonImmediateOops: No
[3,504s][debug][gc,nmethod     ] Register NMethod: it.unimi.dsi.fastutil.ints.Int2LongOpenHashMap$MapIterator.hasNext (0x000074dd20438308) [0x000074dd20438400, 0x000074dd20438550] Compiler: c1, Barriers: 0, Oops: 1, ImmediateOops: 0, NonImmediateOops: No
[3,504s][debug][gc,nmethod     ] Register NMethod: it.unimi.dsi.fastutil.ints.Int2IntOpenHashMap$MapIterator.hasNext (0x000074dd20438608) [0x000074dd20438700, 0x000074dd20438850] Compiler: c1, Barriers: 0, Oops: 1, ImmediateOops: 0, NonImmediateOops: No
[3,504s][debug][gc,nmethod     ] Register NMethod: it.unimi.dsi.fastutil.ints.Int2ObjectOpenHashMap$MapIterator.hasNext (0x000074dd20438908) [0x000074dd20438a00, 0x000074dd20438b50] Compiler: c1, Barriers: 0, Oops: 1, ImmediateOops: 0, NonImmediateOops: No
[3,504s][debug][gc,nmethod     ] Register NMethod: com.github.benmanes.caffeine.cache.SSMS.accessOrderWindowDeque (0x000074dd3ef49388) [0x000074dd3ef49480, 0x000074dd3ef49570] Compiler: c1, Barriers: 1, Oops: 1, ImmediateOops: 0, NonImmediateOops: No
[3,504s][debug][gc,task        ] GC(1) Y: Executing ZPromotePagesTask using ZWorkerYoung with 5 workers
[3,504s][debug][gc,task        ] GC(1) Y: Executing ZPromotePagesTask using ZWorkerYoung with 5 workers
[3,504s][debug][gc,task        ] GC(1) Y: Executing ZPromotePagesTask using ZWorkerYoung with 5 workers
[3,504s][info ][gc,phases      ] GC(1) Y: Concurrent Select Relocation Set 3,461ms
[3,504s][debug][gc,reloc       ] Synchronize all workers 1 _nworkers: 0 _nsynchronized: 0
[3,504s][debug][gc,reloc       ] Synchronize all workers 1 _nworkers: 0 _nsynchronized: 0
[3,504s][debug][gc,phases,start] GC(1) Y: Pause Relocate Start
[3,504s][debug][gc,reloc       ] GC(1) Y: Joining workers: 5
[3,504s][info ][gc,phases      ] GC(1) Y: Pause Relocate Start 0,029ms
[3,504s][debug][gc,reloc       ] Desynchronize all workers _nworkers: 0 _nsynchronized: 0
[3,505s][debug][gc,reloc       ] Desynchronize all workers _nworkers: 5 _nsynchronized: 0
[3,505s][debug][gc,phases,start] GC(1) Y: Concurrent Relocate
[3,505s][debug][gc,task        ] GC(1) Y: Executing ZRelocateStoreBufferInstallBasePointersTask using ZWorkerYoung with 5 workers
[3,505s][debug][gc             ] JNI Critical Stall (ForkJoinPool-1-worker-1) 0,096ms
[3,505s][debug][gc,task        ] GC(1) Y: Executing ZRelocateTask using ZWorkerYoung with 5 workers
[3,507s][debug][gc,nmethod     ] Register NMethod: io.sirix.index.path.summary.PathNode.<init> (0x000074dd20438c08) [0x000074dd20438d00, 0x000074dd20439948] Compiler: c1, Barriers: 15, Oops: 2, ImmediateOops: 2, NonImmediateOops: No
[3,508s][debug][gc,nmethod     ] Register NMethod: io.sirix.access.trx.page.NodePageReadOnlyTrx.getResourceSession (0x000074dd3ef49688) [0x000074dd3ef49780, 0x000074dd3ef49868] Compiler: jvmci, Barriers: 1, Oops: 1, ImmediateOops: 0, NonImmediateOops: No
[3,510s][debug][gc,nmethod     ] Register NMethod: java.util.concurrent.ConcurrentHashMap.sumCount (0x000074dd3ef49988) [0x000074dd3ef49a80, 0x000074dd3ef49bf8] Compiler: jvmci, Barriers: 2, Oops: 0, ImmediateOops: 0, NonImmediateOops: No
[3,510s][debug][gc,nmethod     ] Register NMethod: io.sirix.node.delegates.NameNodeDelegate.hashCode (0x000074dd3ef49c88) [0x000074dd3ef49d80, 0x000074dd3ef4a568] Compiler: jvmci, Barriers: 14, Oops: 1, ImmediateOops: 1, NonImmediateOops: No
[3,515s][debug][gc,nmethod     ] Register NMethod: it.unimi.dsi.fastutil.longs.LongIterator.next (0x000074dd20439988) [0x000074dd20439a80, 0x000074dd20439db8] Compiler: c1, Barriers: 0, Oops: 1, ImmediateOops: 0, NonImmediateOops: No
[3,515s][debug][gc,nmethod     ] Register NMethod: io.sirix.axis.NestedAxis.nextKey (0x000074dd20439e08) [0x000074dd20439f00, 0x000074dd2043c150] Compiler: c1, Barriers: 8, Oops: 1, ImmediateOops: 2, NonImmediateOops: No
[3,517s][debug][gc,nmethod     ] Register NMethod: java.util.concurrent.ConcurrentHashMap$EntrySpliterator.<init> (0x000074dd3ef4a588) [0x000074dd3ef4a680, 0x000074dd3ef4a858] Compiler: jvmci, Barriers: 8, Oops: 0, ImmediateOops: 0, NonImmediateOops: No
[3,518s][debug][gc,nmethod     ] Register NMethod: io.sirix.service.xml.xpath.AbstractAxis.asXmlNodeReadTrx (0x000074dd2043c188) [0x000074dd2043c280, 0x000074dd2043c8e0] Compiler: c1, Barriers: 1, Oops: 1, ImmediateOops: 1, NonImmediateOops: No
[3,518s][debug][gc,nmethod     ] Register NMethod: java.util.ArrayDeque.addLast (0x000074dd3ef4a888) [0x000074dd3ef4a980, 0x000074dd3ef4b248] Compiler: jvmci, Barriers: 24, Oops: 0, ImmediateOops: 0, NonImmediateOops: No
[3,519s][debug][gc,nmethod     ] Register NMethod: java.util.ArrayDeque.add (0x000074dd3ef4b288) [0x000074dd3ef4b380, 0x000074dd3ef4bc48] Compiler: jvmci, Barriers: 24, Oops: 0, ImmediateOops: 0, NonImmediateOops: No
[3,520s][debug][gc,nmethod     ] Register NMethod: java.util.stream.Collectors$CollectorImpl.<init> (0x000074dd3ef4bc88) [0x000074dd3ef4bd80, 0x000074dd3ef4c028] Compiler: jvmci, Barriers: 15, Oops: 0, ImmediateOops: 1, NonImmediateOops: No
[3,520s][debug][gc,nmethod     ] Register NMethod: java.util.stream.ReduceOps.makeRef (0x000074dd3ef4c088) [0x000074dd3ef4c180, 0x000074dd3ef4c3e0] Compiler: jvmci, Barriers: 13, Oops: 0, ImmediateOops: 1, NonImmediateOops: No
[3,521s][debug][gc,reloc       ] GC(1) Y: Leaving workers: left: 4 _synchronize: 0 _nsynchronized: 0
[3,521s][debug][gc,nmethod     ] Register NMethod: java.util.concurrent.ConcurrentHashMap$EntrySetView.spliterator (0x000074dd3ef4c408) [0x000074dd3ef4c500, 0x000074dd3ef4c968] Compiler: jvmci, Barriers: 11, Oops: 0, ImmediateOops: 0, NonImmediateOops: No
[3,521s][debug][gc,nmethod     ] Register NMethod: com.github.benmanes.caffeine.cache.PSMW.getPreviousInAccessOrder (0x000074dd3ef4c988) [0x000074dd3ef4ca80, 0x000074dd3ef4cb30] Compiler: jvmci, Barriers: 1, Oops: 1, ImmediateOops: 0, NonImmediateOops: No
[3,521s][debug][gc,reloc       ] GC(1) Y: Leaving workers: left: 3 _synchronize: 0 _nsynchronized: 0
[3,521s][debug][gc,nmethod     ] Register NMethod: java.util.concurrent.atomic.Striped64.casBase (0x000074dd3ef4cc88) [0x000074dd3ef4cd80, 0x000074dd3ef4ce10] Compiler: jvmci, Barriers: 0, Oops: 0, ImmediateOops: 0, NonImmediateOops: No
[3,522s][debug][gc,nmethod     ] Register NMethod: java.util.concurrent.atomic.LongAdder.add (0x000074dd3ef4cf88) [0x000074dd3ef4d080, 0x000074dd3ef4d1a0] Compiler: jvmci, Barriers: 1, Oops: 0, ImmediateOops: 0, NonImmediateOops: No
[3,522s][debug][gc,reloc       ] GC(1) Y: Leaving workers: left: 2 _synchronize: 0 _nsynchronized: 0
[3,522s][debug][gc,reloc       ] GC(1) Y: Leaving workers: left: 1 _synchronize: 0 _nsynchronized: 0
[3,522s][debug][gc,reloc       ] GC(1) Y: Leaving workers: left: 0 _synchronize: 0 _nsynchronized: 0
[3,522s][debug][gc,phases,start] GC(1) Y: Concurrent Relocate Remset FP
[3,522s][debug][gc,task        ] GC(1) Y: Executing ZRelocateAddRemsetForFlipPromoted using ZWorkerYoung with 5 workers
[3,522s][debug][gc,phases      ] GC(1) Y: Concurrent Relocate Remset FP 0,043ms
[3,522s][info ][gc,phases      ] GC(1) Y: Concurrent Relocate 17,496ms
[3,522s][debug][gc,heap        ] GC(1) Y: Heap After GC invocations=2 (full 2):
[3,522s][debug][gc,heap        ] GC(1) Y:  ZHeap           used 506M, capacity 5120M, max capacity 12288M
[3,522s][debug][gc,heap        ] GC(1) Y:   Cache          4614M (5)
[3,522s][debug][gc,heap        ] GC(1) Y:    size classes  2M (1), 32M (1), 256M (1), 512M (1), 2G (1)
[3,522s][debug][gc,metaspace   ] GC(1) Y: Metaspace After GC invocations=2 (full 2):
[3,522s][debug][gc,metaspace   ] GC(1) Y:  Metaspace       used 34382K, committed 34816K, reserved 1114112K
[3,522s][debug][gc,metaspace   ] GC(1) Y:   class space    used 2991K, committed 3200K, reserved 1048576K
[3,522s][info ][gc,alloc       ] GC(1) Y:                         Mark Start        Mark End      Relocate Start    Relocate End   
[3,522s][info ][gc,alloc       ] GC(1) Y: Allocation Stalls:          0                0                0                0         
[3,522s][info ][gc,load        ] GC(1) Y: Load: 4,15 (21%) / 2,51 (13%) / 2,14 (11%)
[3,522s][info ][gc,mmu         ] GC(1) Y: MMU: 2ms/93,3%, 5ms/97,3%, 10ms/98,7%, 20ms/99,3%, 50ms/99,6%, 100ms/99,8%
[3,522s][info ][gc,marking     ] GC(1) Y: Mark: 4 stripe(s), 10 proactive flush(es), 1 terminate flush(es), 0 completion(s), 0 continuation(s) 
[3,522s][info ][gc,nmethod     ] GC(1) Y: NMethods: 5684 registered, 0 unregistered
[3,522s][info ][gc,metaspace   ] GC(1) Y: Metaspace: 33M used, 34M committed, 1088M reserved
[3,522s][info ][gc,reloc       ] GC(1) Y:                        Candidates     Selected     In-Place         Size        Empty    Relocated 
[3,522s][info ][gc,reloc       ] GC(1) Y: Small Pages:                  585          447            0        1170M           4M          74M 
[3,522s][info ][gc,reloc       ] GC(1) Y: Medium Pages:                   2            1            0          64M           0M           3M 
[3,522s][info ][gc,reloc       ] GC(1) Y: Large Pages:                    0            0            0           0M           0M           0M 
[3,522s][info ][gc,reloc       ] GC(1) Y: Forwarding Usage: 33M
[3,522s][info ][gc,reloc       ] GC(1) Y: Age Table:
[3,522s][info ][gc,reloc       ] GC(1) Y:                    Live             Garbage             Small              Medium             Large        
[3,522s][info ][gc,reloc       ] GC(1) Y: Eden             248M (2%)          929M (8%)         573 / 441            1 / 0              0 / 0        
[3,522s][info ][gc,reloc       ] GC(1) Y: Survivor 1        12M (0%)           43M (0%)          12 / 6              1 / 1              0 / 0        
[3,522s][info ][gc,heap        ] GC(1) Y: Min Capacity: 5120M(42%)
[3,522s][info ][gc,heap        ] GC(1) Y: Max Capacity: 12288M(100%)
[3,522s][info ][gc,heap        ] GC(1) Y: Soft Max Capacity: 12288M(100%)
[3,522s][info ][gc,heap        ] GC(1) Y: Heap Statistics:
[3,522s][info ][gc,heap        ] GC(1) Y:                Mark Start          Mark End        Relocate Start      Relocate End           High               Low         
[3,522s][info ][gc,heap        ] GC(1) Y:  Capacity:     5120M (42%)        5120M (42%)        5120M (42%)        5120M (42%)        5120M (42%)        5120M (42%)    
[3,522s][info ][gc,heap        ] GC(1) Y:      Free:    11054M (90%)       10922M (89%)       10924M (89%)       11782M (96%)       11782M (96%)       10850M (88%)    
[3,522s][info ][gc,heap        ] GC(1) Y:      Used:     1234M (10%)        1366M (11%)        1364M (11%)         506M (4%)         1438M (12%)         506M (4%)     
[3,522s][info ][gc,heap        ] GC(1) Y: Young Generation Statistics:
[3,522s][info ][gc,heap        ] GC(1) Y:                Mark Start          Mark End        Relocate Start      Relocate End    
[3,522s][info ][gc,heap        ] GC(1) Y:      Used:     1234M (10%)        1366M (11%)        1364M (11%)         506M (4%)     
[3,522s][info ][gc,heap        ] GC(1) Y:      Live:         -               260M (2%)          260M (2%)          260M (2%)     
[3,522s][info ][gc,heap        ] GC(1) Y:   Garbage:         -               973M (8%)          969M (8%)            1M (0%)     
[3,522s][info ][gc,heap        ] GC(1) Y: Allocated:         -               132M (1%)          134M (1%)          243M (2%)     
[3,522s][info ][gc,heap        ] GC(1) Y: Reclaimed:         -                  -                 4M (0%)          971M (8%)     
[3,522s][info ][gc,heap        ] GC(1) Y:  Promoted:         -                  -                 0M (0%)            0M (0%)     
[3,522s][info ][gc,heap        ] GC(1) Y: Compacted:         -                  -                  -                94M (1%)     
[3,522s][info ][gc,phases      ] GC(1) Y: Young Generation 1234M(10%)->506M(4%) 0,142s
[3,522s][debug][gc,heap        ] GC(1) O: Heap Before GC invocations=2 (full 2):
[3,522s][debug][gc,heap        ] GC(1) O:  ZHeap           used 506M, capacity 5120M, max capacity 12288M
[3,522s][debug][gc,heap        ] GC(1) O:   Cache          4614M (5)
[3,523s][debug][gc,heap        ] GC(1) O:    size classes  2M (1), 32M (1), 256M (1), 512M (1), 2G (1)
[3,523s][debug][gc,metaspace   ] GC(1) O: Metaspace Before GC invocations=2 (full 2):
[3,523s][debug][gc,metaspace   ] GC(1) O:  Metaspace       used 34382K, committed 34816K, reserved 1114112K
[3,523s][debug][gc,metaspace   ] GC(1) O:   class space    used 2991K, committed 3200K, reserved 1048576K
[3,523s][info ][gc,phases      ] GC(1) O: Old Generation
[3,523s][debug][gc,phases,start] GC(1) O: Concurrent Mark
[3,523s][debug][gc,phases,start] GC(1) O: Concurrent Mark Roots
[3,523s][debug][gc,task        ] GC(1) O: Executing ZMarkOldRootsTask using ZWorkerOld with 3 workers
[3,523s][debug][gc,tlab        ] GC(1) O: TLAB totals: thrds: 23  refills: 401 max: 280 slow allocs: 314 max 104 waste:  2,5% gc: 2285984B max: 262104B slow: 288256B max: 207968B
[3,523s][debug][gc,phases      ] GC(1) O: Concurrent Mark Roots 0,357ms
[3,523s][debug][gc,phases,start] GC(1) O: Concurrent Mark Follow
[3,523s][debug][gc,marking     ] GC(1) O: Using 2 mark stripes
[3,523s][debug][gc,task        ] GC(1) O: Executing ZMarkTask using ZWorkerOld with 3 workers
[3,523s][debug][gc,nmethod     ] Register NMethod: com.github.benmanes.caffeine.cache.SSLS.statsTicker (0x000074dd3ef4d288) [0x000074dd3ef4d380, 0x000074dd3ef4d410] Compiler: jvmci, Barriers: 0, Oops: 1, ImmediateOops: 1, NonImmediateOops: No
[3,523s][debug][gc,marking     ] GC(1) O: Using 1 mark stripes
[3,523s][debug][gc,nmethod     ] Register NMethod: java.util.concurrent.ConcurrentHashMap.entrySet (0x000074dd3ef4d588) [0x000074dd3ef4d680, 0x000074dd3ef4d878] Compiler: jvmci, Barriers: 6, Oops: 0, ImmediateOops: 0, NonImmediateOops: No
[3,523s][debug][gc,phases      ] GC(1) O: Concurrent Mark Follow 0,289ms
[3,523s][info ][gc,phases      ] GC(1) O: Concurrent Mark 0,694ms
[3,523s][debug][gc,reloc       ] Synchronize all workers 1 _nworkers: 0 _nsynchronized: 0
[3,523s][debug][gc,reloc       ] Synchronize all workers 1 _nworkers: 0 _nsynchronized: 0
[3,523s][debug][gc,phases,start] GC(1) O: Pause Mark End
[3,523s][info ][gc,phases      ] GC(1) O: Pause Mark End 0,020ms
[3,523s][debug][gc,reloc       ] Desynchronize all workers _nworkers: 0 _nsynchronized: 0
[3,523s][debug][gc,reloc       ] Desynchronize all workers _nworkers: 0 _nsynchronized: 0
[3,523s][debug][gc,phases,start] GC(1) O: Concurrent Mark Free
[3,523s][info ][gc,phases      ] GC(1) O: Concurrent Mark Free 0,013ms
[3,523s][debug][gc,phases,start] GC(1) O: Concurrent Process Non-Strong
[3,523s][debug][gc,phases,start] GC(1) O: Concurrent References Process
[3,523s][debug][gc,task        ] GC(1) O: Executing ZReferenceProcessorTask using ZWorkerOld with 3 workers
[3,523s][debug][gc,phases      ] GC(1) O: Concurrent References Process 0,029ms
[3,523s][debug][gc,task        ] GC(1) O: Executing ZProcessWeakRootsTask using ZWorkerOld with 3 workers
[3,524s][debug][gc,phases,start] GC(1) O: Concurrent Classes Unlink
[3,524s][debug][gc,phases,start] GC(1) O: ClassLoaderData
[3,524s][debug][gc,phases      ] GC(1) O: ClassLoaderData 0,019ms
[3,524s][debug][gc,phases,start] GC(1) O: Trigger cleanups
[3,524s][debug][gc,phases      ] GC(1) O: Trigger cleanups 0,008ms
[3,524s][debug][gc,task        ] GC(1) O: Executing ZNMethodUnlinkTask using ZWorkerOld with 3 workers
[3,524s][debug][gc,nmethod     ] GC(1) O: Unregister NMethod: java.util.BitSet.flip (0x000074dd1fa25c08) [0x000074dd1fa25d00, 0x000074dd1fa26308] 
[3,524s][debug][gc,nmethod     ] GC(1) O: Unregister NMethod: io.sirix.node.SirixDeweyID.<init> (0x000074dd1fafbc08) [0x000074dd1fafbd00, 0x000074dd1fafbf30] 
[3,524s][debug][gc,nmethod     ] GC(1) O: Unregister NMethod: sun.security.provider.ByteArrayAccess.b2iBig64 (0x000074dd1fda3288) [0x000074dd1fda3380, 0x000074dd1fda3ef8] 
[3,524s][debug][gc,nmethod     ] GC(1) O: Unregister NMethod: jdk.internal.foreign.MemorySessionImpl.checkValidStateRaw (0x000074dd1f441c88) [0x000074dd1f441d80, 0x000074dd1f441fb0] 
[3,524s][debug][gc,nmethod     ] GC(1) O: Unregister NMethod: io.sirix.utils.XMLToken.cp (0x000074dd1fa28b88) [0x000074dd1fa28c80, 0x000074dd1fa290b8] 
[3,524s][debug][gc,nmethod     ] GC(1) O: Unregister NMethod: jdk.internal.foreign.HeapMemorySegmentImpl$OfByte.<init> (0x000074dd1fd9fa08) [0x000074dd1fd9fb00, 0x000074dd1fd9fe18] 
[3,524s][debug][gc,nmethod     ] GC(1) O: Unregister NMethod: sun.security.provider.SHA2.implCompress0 (0x000074dd1fe02288) [0x000074dd1fe02380, 0x000074dd1fe03030] 
[3,524s][debug][gc,nmethod     ] GC(1) O: Unregister NMethod: java.lang.ref.Cleaner.register (0x000074dd1f508588) [0x000074dd1f508680, 0x000074dd1f508b98] 
[3,524s][debug][gc,nmethod     ] GC(1) O: Unregister NMethod: io.sirix.access.trx.page.NodePageReadOnlyTrx.getValue (0x000074dd3ecb3b88) [0x000074dd3ecb3c80, 0x000074dd3ecb3e20] 
[3,524s][debug][gc,nmethod     ] GC(1) O: Unregister NMethod: io.sirix.node.MemorySegmentBytesIn.read (0x000074dd1fe8ec88) [0x000074dd1fe8ed80, 0x000074dd1fe8eec8] 
[3,524s][debug][gc,nmethod     ] GC(1) O: Unregister NMethod: sun.net.www.protocol.file.Handler.parseURL (0x000074dd1f6df488) [0x000074dd1f6df580, 0x000074dd1f6df8f0] 
[3,524s][debug][gc,nmethod     ] GC(1) O: Unregister NMethod: net.openhft.hashing.LongHashFunction.hashByteBuffer (0x000074dd1fb0fd08) [0x000074dd1fb0fe00, 0x000074dd1fb11368] 
[3,524s][debug][gc,nmethod     ] GC(1) O: Unregister NMethod: java.util.stream.Sink.end (0x000074dd1f813f08) [0x000074dd1f814000, 0x000074dd1f814100] 
[3,524s][debug][gc,nmethod     ] GC(1) O: Unregister NMethod: io.sirix.access.trx.node.AbstractDeweyIDManager.newFirstChildID (0x000074dd3eda0308) [0x000074dd3eda0400, 0x000074dd3eda1200] 
[3,524s][debug][gc,nmethod     ] GC(1) O: Unregister NMethod: jdk.internal.foreign.AbstractMemorySegmentImpl.toArray (0x000074dd1fe04308) [0x000074dd1fe04400, 0x000074dd1fe0f0f0] 
[3,524s][debug][gc,nmethod     ] GC(1) O: Unregister NMethod: io.sirix.node.MemorySegmentBytesOut.readLimit (0x000074dd1fb0b808) [0x000074dd1fb0b900, 0x000074dd1fb0ba60] 
[3,524s][debug][gc,nmethod     ] GC(1) O: Unregister NMethod: it.unimi.dsi.fastutil.shorts.ShortArrayList$1.nextShort (0x000074dd1fe9fb08) [0x000074dd1fe9fc00, 0x000074dd1fe9ff58] 
[3,524s][debug][gc,nmethod     ] GC(1) O: Unregister NMethod: io.sirix.access.trx.page.NodePageTrx.getMostRecentPageContainer (0x000074dd1fbf2608) [0x000074dd1fbf2700, 0x000074dd1fbf2d30] 
[3,524s][debug][gc,nmethod     ] GC(1) O: Unregister NMethod: io.sirix.node.xml.ElementNode.getURIKey (0x000074dd1fbcf408) [0x000074dd1fbcf500, 0x000074dd1fbd44f0] 
[3,524s][debug][gc,nmethod     ] GC(1) O: Unregister NMethod: io.sirix.node.GrowingMemorySegment.writeLong (0x000074dd1f9d1b08) [0x000074dd1f9d1c00, 0x000074dd1f9d5a40] 
[3,524s][debug][gc,nmethod     ] GC(1) O: Unregister NMethod: io.sirix.node.xml.ElementNode.getKind (0x000074dd1f9d5a88) [0x000074dd1f9d5b80, 0x000074dd1f9d5c88] 
[3,524s][debug][gc,nmethod     ] GC(1) O: Unregister NMethod: io.sirix.node.NodeSerializerImpl.serializeDeweyID (0x000074dd1fdfdf88) [0x000074dd1fdfe080, 0x000074dd1fdfe640] 
[3,524s][debug][gc,nmethod     ] GC(1) O: Unregister NMethod: io.sirix.node.GrowingMemorySegment.writeInt (0x000074dd1f9e8d88) [0x000074dd1f9e8e80, 0x000074dd1f9eccb0] 
[3,525s][debug][gc,nmethod     ] GC(1) O: Unregister NMethod: io.sirix.access.trx.node.AbstractNodeHashing.setAddDescendants (0x000074dd1f9f7508) [0x000074dd1f9f7600, 0x000074dd1f9f8188] 
[3,525s][debug][gc,nmethod     ] GC(1) O: Unregister NMethod: jdk.internal.foreign.layout.ValueLayouts$OfByteImpl.withOrder (0x000074dd1fda8d08) [0x000074dd1fda8e00, 0x000074dd1fda8f60] 
[3,525s][debug][gc,nmethod     ] GC(1) O: Unregister NMethod: jdk.internal.util.ArraysSupport.mismatch (0x000074dd1f802408) [0x000074dd1f802500, 0x000074dd1f8028b8] 
[3,525s][debug][gc,nmethod     ] GC(1) O: Unregister NMethod: io.sirix.access.trx.node.xml.XmlNodeTrxImpl.insertAttribute (0x000074dd1fc81688) [0x000074dd1fc81780, 0x000074dd1fc91860] 
[3,525s][debug][gc,nmethod     ] GC(1) O: Unregister NMethod: io.sirix.index.path.summary.PathSummaryReader.getRightSiblingKey (0x000074dd1fb47e88) [0x000074dd1fb47f80, 0x000074dd1fb48710] 
[3,525s][debug][gc,nmethod     ] GC(1) O: Unregister NMethod: java.util.concurrent.ForkJoinPool.deactivate (0x000074dd3ee5ca08) [0x000074dd3ee5cb00, 0x000074dd3ee5da50] 
[3,525s][debug][gc,nmethod     ] GC(1) O: Unregister NMethod: io.sirix.node.xml.ElementNode.getRightSiblingKey (0x000074dd1fa6d488) [0x000074dd1fa6d580, 0x000074dd1fa72570] 
[3,525s][debug][gc,nmethod     ] GC(1) O: Unregister NMethod: jdk.internal.foreign.SegmentFactories.allocateNativeInternal (0x000074dd1fd18e88) [0x000074dd1fd18f80, 0x000074dd1fd1c3c8] 
[3,525s][debug][gc,nmethod     ] GC(1) O: Unregister NMethod: java.util.stream.AbstractPipeline.wrapAndCopyInto (0x000074dd1f810e88) [0x000074dd1f810f80, 0x000074dd1f8117f0] 
[3,525s][debug][gc,nmethod     ] GC(1) O: Unregister NMethod: java.nio.HeapByteBuffer.put (0x000074dd1fe19c08) [0x000074dd1fe19d00, 0x000074dd1fe19ee8] 
[3,525s][debug][gc,nmethod     ] GC(1) O: Unregister NMethod: java.lang.String.startsWith (0x000074dd1f88db08) [0x000074dd1f88dc00, 0x000074dd1f88def8] 
[3,525s][debug][gc,nmethod     ] GC(1) O: Unregister NMethod: java.lang.String.endsWith (0x000074dd1f475988) [0x000074dd1f475a80, 0x000074dd1f4766b0] 
[3,525s][debug][gc,nmethod     ] GC(1) O: Unregister NMethod: jdk.internal.classfile.impl.AbstractPoolEntry$AbstractRefsEntry.<init> (0x000074dd1f4fce88) [0x000074dd1f4fcf80, 0x000074dd1f4fd780] 
[3,525s][debug][gc,nmethod     ] GC(1) O: Unregister NMethod: java.util.HashMap.put (0x000074dd1f774488) [0x000074dd1f774580, 0x000074dd1f774b68] 
[3,525s][debug][gc,nmethod     ] GC(1) O: Unregister NMethod: java.util.HashMap$HashIterator.hasNext (0x000074dd1f430a88) [0x000074dd1f430b80, 0x000074dd1f430d00] 
[3,525s][debug][gc,nmethod     ] GC(1) O: Unregister NMethod: io.sirix.access.trx.page.NodePageTrx.createRecord (0x000074dd20033888) [0x000074dd20033980, 0x000074dd20039dc8] 
[3,525s][debug][gc,nmethod     ] GC(1) O: Unregister NMethod: java.lang.StringBuilder.append (0x000074dd1fee8588) [0x000074dd1fee8680, 0x000074dd1fee87c8] 
[3,525s][debug][gc,nmethod     ] GC(1) O: Unregister NMethod: java.lang.AbstractStringBuilder.append (0x000074dd3ec24d08) [0x000074dd3ec24e00, 0x000074dd3ec255b0] 
[3,525s][debug][gc,nmethod     ] GC(1) O: Unregister NMethod: java.nio.DirectByteBuffer.<init> (0x000074dd1fb0b488) [0x000074dd1fb0b580, 0x000074dd1fb0b7f8] 
[3,525s][debug][gc,nmethod     ] GC(1) O: Unregister NMethod: java.lang.Long.hashCode (0x000074dd1f792188) [0x000074dd1f792280, 0x000074dd1f7923b8] 
[3,525s][debug][gc,nmethod     ] GC(1) O: Unregister NMethod: com.sun.org.apache.xerces.internal.xni.XMLString.setValues (0x000074dd1fc20088) [0x000074dd1fc20180, 0x000074dd1fc20300] 
[3,525s][debug][gc,nmethod     ] GC(1) O: Unregister NMethod: io.sirix.query.stream.node.SirixNodeStream.next (0x000074dd1ff89388) [0x000074dd1ff89480, 0x000074dd1ff8a368] 
[3,525s][debug][gc,nmethod     ] GC(1) O: Unregister NMethod: java.util.concurrent.ConcurrentHashMap.get (0x000074dd1f773308) [0x000074dd1f773400, 0x000074dd1f774418] 
[3,525s][debug][gc,nmethod     ] GC(1) O: Unregister NMethod: io.sirix.access.trx.node.xml.XmlNodeReadOnlyTrxImpl.getNode (0x000074dd3ecd8e08) [0x000074dd3ecd8f00, 0x000074dd3ecd90e0] 
[3,525s][debug][gc,nmethod     ] Register NMethod: com.github.benmanes.caffeine.cache.PSMW.setNextInAccessOrder (0x000074dd3ef4d888) [0x000074dd3ef4d980, 0x000074dd3ef4dac8] Compiler: jvmci, Barriers: 3, Oops: 1, ImmediateOops: 0, NonImmediateOops: No
[3,525s][debug][gc,nmethod     ] GC(1) O: Unregister NMethod: io.brackit.query.atomic.QNm.hashCode (0x000074dd1fc51c88) [0x000074dd1fc51d80, 0x000074dd1fc522f0] 
[3,525s][debug][gc,nmethod     ] GC(1) O: Unregister NMethod: io.sirix.access.trx.node.AbstractNodeReadOnlyTrx.assertNotClosed (0x000074dd1f9ad008) [0x000074dd1f9ad100, 0x000074dd1f9ad308] 
[3,525s][debug][gc,nmethod     ] Register NMethod: com.github.benmanes.caffeine.cache.PSMW.setPreviousInAccessOrder (0x000074dd3ef4db88) [0x000074dd3ef4dc80, 0x000074dd3ef4ddc8] Compiler: jvmci, Barriers: 3, Oops: 1, ImmediateOops: 0, NonImmediateOops: No
[3,525s][debug][gc,nmethod     ] GC(1) O: Unregister NMethod: io.sirix.node.xml.AbstractStructForwardingNode.getFirstChildKey (0x000074dd1fb57288) [0x000074dd1fb57380, 0x000074dd1fb576b0] 
[3,525s][debug][gc,nmethod     ] GC(1) O: Unregister NMethod: java.lang.invoke.MethodType.methodType (0x000074dd1f45cb88) [0x000074dd1f45cc80, 0x000074dd1f45d160] 
[3,525s][debug][gc,nmethod     ] GC(1) O: Unregister NMethod: java.lang.String.<init> (0x000074dd1f897508) [0x000074dd1f897600, 0x000074dd1f8981c0] 
[3,525s][debug][gc,nmethod     ] GC(1) O: Unregister NMethod: java.nio.ByteOrder.nativeOrder (0x000074dd1f930788) [0x000074dd1f930880, 0x000074dd1f930968] 
[3,525s][debug][gc,nmethod     ] GC(1) O: Unregister NMethod: java.util.HashSet.isEmpty (0x000074dd1f448c88) [0x000074dd1f448d80, 0x000074dd1f449128] 
[3,525s][debug][gc,nmethod     ] GC(1) O: Unregister NMethod: io.sirix.page.KeyValueLeafPage.getSlotAsByteArray (0x000074dd1f744408) [0x000074dd1f744500, 0x000074dd1f744b98] 
[3,525s][debug][gc,nmethod     ] Register NMethod: io.sirix.axis.filter.FilterAxis.reset (0x000074dd2043c908) [0x000074dd2043ca00, 0x000074dd2043ce50] Compiler: c1, Barriers: 4, Oops: 1, ImmediateOops: 1, NonImmediateOops: No
[3,525s][debug][gc,nmethod     ] GC(1) O: Unregister NMethod: java.lang.invoke.InnerClassLambdaMetafactory$3.accept (0x000074dd1f83e988) [0x000074dd1f83ea80, 0x000074dd1f841018] 
[3,525s][debug][gc,nmethod     ] GC(1) O: Unregister NMethod: com.sun.org.apache.xerces.internal.impl.XMLEntityScanner.skipString (0x000074dd20198208) [0x000074dd20198300, 0x000074dd20199420] 
[3,525s][debug][gc,nmethod     ] GC(1) O: Unregister NMethod: io.brackit.query.node.parser.SAX2SubtreeHandlerAdapter.handleText (0x000074dd3ed16288) [0x000074dd3ed16380, 0x000074dd3ed17d98] 
[3,525s][debug][gc,nmethod     ] GC(1) O: Unregister NMethod: jdk.internal.foreign.Utils.isPowerOfTwo (0x000074dd1fda1808) [0x000074dd1fda1900, 0x000074dd1fda1a08] 
[3,525s][debug][gc,nmethod     ] GC(1) O: Unregister NMethod: com.sun.org.apache.xerces.internal.util.NamespaceSupport.getURI (0x000074dd1fb6e888) [0x000074dd1fb6e980, 0x000074dd1fb6ec70] 
[3,525s][debug][gc,nmethod     ] GC(1) O: Unregister NMethod: io.sirix.access.trx.node.AbstractNodeReadOnlyTrx.hasFirstChild (0x000074dd3ed9dd08) [0x000074dd3ed9de00, 0x000074dd3ed9e378] 
[3,525s][debug][gc,nmethod     ] GC(1) O: Unregister NMethod: com.sun.org.apache.xerces.internal.impl.XMLDocumentFragmentScannerImpl$ElementStack.popElement (0x000074dd1fb9ab08) [0x000074dd1fb9ac00, 0x000074dd1fb9af50] 
[3,525s][debug][gc,nmethod     ] GC(1) O: Unregister NMethod: io.sirix.node.GrowingMemorySegment.grow (0x000074dd3ed8ab08) [0x000074dd3ed8ac00, 0x000074dd3ed8c7d0] 
[3,525s][debug][gc,nmethod     ] GC(1) O: Unregister NMethod: io.sirix.access.trx.node.AbstractNodeReadOnlyTrx.hasRightSibling (0x000074dd1fb19088) [0x000074dd1fb19180, 0x000074dd1fb199a0] 
[3,525s][debug][gc,nmethod     ] GC(1) O: Unregister NMethod: io.sirix.access.trx.node.xml.XmlDeweyIDManager.newAttributeID (0x000074dd1fc6d988) [0x000074dd1fc6da80, 0x000074dd1fc71ca8] 
[3,525s][debug][gc,nmethod     ] GC(1) O: Unregister NMethod: io.sirix.page.KeyValueLeafPage.hasEnoughSpace (0x000074dd1fd94c08) [0x000074dd1fd94d00, 0x000074dd1fd94e68] 
[3,525s][debug][gc,nmethod     ] GC(1) O: Unregister NMethod: java.lang.Integer.hashCode (0x000074dd1f52d088) [0x000074dd1f52d180, 0x000074dd1f52d2d8] 
[3,525s][debug][gc,nmethod     ] GC(1) O: Unregister NMethod: jdk.internal.foreign.HeapMemorySegmentImpl$OfByte.unsafeGetBase (0x000074dd1fd9ef08) [0x000074dd1fd9f000, 0x000074dd1fd9f690] 
[3,525s][debug][gc,nmethod     ] GC(1) O: Unregister NMethod: jdk.internal.classfile.impl.StackMapGenerator$Frame.checkLocal (0x000074dd1f56aa88) [0x000074dd1f56ab80, 0x000074dd1f56b7d8] 
[3,525s][debug][gc,nmethod     ] GC(1) O: Unregister NMethod: io.sirix.access.trx.page.NodePageTrx.createNameKey (0x000074dd3ed1de08) [0x000074dd3ed1df00, 0x000074dd3ed1e870] 
[3,525s][debug][gc,nmethod     ] GC(1) O: Unregister NMethod: io.sirix.access.trx.node.AbstractDeweyIDManager.newRightSiblingID (0x000074dd1fb19a08) [0x000074dd1fb19b00, 0x000074dd1fb1cad8] 
[3,525s][debug][gc,nmethod     ] GC(1) O: Unregister NMethod: io.sirix.index.path.summary.PathSummaryReader.moveTo (0x000074dd3eccc508) [0x000074dd3eccc600, 0x000074dd3eccc840] 
[3,525s][debug][gc,nmethod     ] GC(1) O: Unregister NMethod: java.nio.ByteBuffer.arrayOffset (0x000074dd1f607508) [0x000074dd1f607600, 0x000074dd1f6078e0] 
[3,525s][debug][gc,nmethod     ] GC(1) O: Unregister NMethod: java.util.concurrent.locks.AbstractQueuedSynchronizer.signalNext (0x000074dd1fee8888) [0x000074dd1fee8980, 0x000074dd1fee9bf8] 
[3,525s][debug][gc,nmethod     ] GC(1) O: Unregister NMethod: java.util.ArrayList$Itr.next (0x000074dd1f57ad08) [0x000074dd1f57ae00, 0x000074dd1f57b3f0] 
[3,525s][debug][gc,nmethod     ] GC(1) O: Unregister NMethod: java.util.concurrent.locks.ReentrantLock.unlock (0x000074dd20191908) [0x000074dd20191a00, 0x000074dd20192018] 
[3,525s][debug][gc,nmethod     ] GC(1) O: Unregister NMethod: io.sirix.node.immutable.xml.ImmutableElement.of (0x000074dd1fa67488) [0x000074dd1fa67580, 0x000074dd1fa67928] 
[3,525s][debug][gc,nmethod     ] GC(1) O: Unregister NMethod: java.util.concurrent.atomic.AtomicLong.incrementAndGet (0x000074dd1f98e708) [0x000074dd1f98e800, 0x000074dd1f98e918] 
[3,525s][debug][gc,nmethod     ] GC(1) O: Unregister NMethod: io.sirix.node.xml.AttributeNode.getParentKey (0x000074dd1fb42d08) [0x000074dd1fb42e00, 0x000074dd1fb47de8] 
[3,525s][debug][gc,nmethod     ] GC(1) O: Unregister NMethod: jdk.internal.foreign.AbstractMemorySegmentImpl.asSlice (0x000074dd3ec4a788) [0x000074dd3ec4a880, 0x000074dd3ec4aa68] 
[3,525s][debug][gc,nmethod     ] GC(1) O: Unregister NMethod: io.sirix.axis.AbstractAxis.tryToComputeNext (0x000074dd1ff5f308) [0x000074dd1ff5f400, 0x000074dd1ff5fb30] 
[3,525s][debug][gc,nmethod     ] GC(1) O: Unregister NMethod: java.util.concurrent.ConcurrentHashMap.putIfAbsent (0x000074dd3ec66288) [0x000074dd3ec66380, 0x000074dd3ec68ba8] 
[3,525s][debug][gc,nmethod     ] GC(1) O: Unregister NMethod: java.lang.String.encodeUTF8 (0x000074dd1fea0f88) [0x000074dd1fea1080, 0x000074dd1fea1708] 
[3,525s][debug][gc,nmethod     ] GC(1) O: Unregister NMethod: jdk.internal.util.Preconditions.checkFromIndexSize (0x000074dd1f454c88) [0x000074dd1f454d80, 0x000074dd1f454f18] 
[3,525s][debug][gc,nmethod     ] GC(1) O: Unregister NMethod: java.nio.Buffer$2.newDirectByteBuffer (0x000074dd1fb0b188) [0x000074dd1fb0b280, 0x000074dd1fb0b430] 
[3,525s][debug][gc,nmethod     ] GC(1) O: Unregister NMethod: io.brackit.query.atomic.AbstractAtomic.atomize (0x000074dd201eb708) [0x000074dd201eb800, 0x000074dd201eb900] 
[3,526s][debug][gc,nmethod     ] GC(1) O: Unregister NMethod: io.sirix.axis.AbstractAxis.hasNext (0x000074dd3eee2088) [0x000074dd3eee2180, 0x000074dd3eee2888] 
[3,526s][debug][gc,nmethod     ] GC(1) O: Unregister NMethod: java.lang.invoke.DirectMethodHandle.allocateInstance (0x000074dd1f5bc388) [0x000074dd1f5bc480, 0x000074dd1f5bc9a0] 
[3,526s][debug][gc,nmethod     ] GC(1) O: Unregister NMethod: jdk.internal.foreign.layout.ValueLayouts$OfByteImpl.<init> (0x000074dd1fdf5808) [0x000074dd1fdf5900, 0x000074dd1fdf5a58] 
[3,526s][debug][gc,nmethod     ] GC(1) O: Unregister NMethod: io.sirix.node.MemorySegmentBytesIn.readInt (0x000074dd1fe89008) [0x000074dd1fe89100, 0x000074dd1fe8cd10] 
[3,526s][debug][gc,nmethod     ] GC(1) O: Unregister NMethod: java.lang.Class.getSimpleName (0x000074dd1fdf7c88) [0x000074dd1fdf7d80, 0x000074dd1fdf7fe0] 
[3,526s][debug][gc,nmethod     ] GC(1) O: Unregister NMethod: com.sun.org.apache.xerces.internal.impl.XMLEntityScanner.checkBeforeLoad (0x000074dd1fcc7888) [0x000074dd1fcc7980, 0x000074dd1fcc7eb0] 
[3,526s][debug][gc,nmethod     ] GC(1) O: Unregister NMethod: java.nio.HeapByteBuffer.putLong (0x000074dd2007c388) [0x000074dd2007c480, 0x000074dd2007df90] 
[3,526s][debug][gc,nmethod     ] GC(1) O: Unregister NMethod: java.net.URL.<init> (0x000074dd1f5c8088) [0x000074dd1f5c8180, 0x000074dd1f5ce898] 
[3,526s][debug][gc,nmethod     ] GC(1) O: Unregister NMethod: java.util.stream.AbstractPipeline.isParallel (0x000074dd1f727d88) [0x000074dd1f727e80, 0x000074dd1f727fb8] 
[3,526s][debug][gc,nmethod     ] GC(1) O: Unregister NMethod: io.sirix.access.trx.node.xml.XmlNodeTrxImpl.adaptForInsert (0x000074dd3ed08a08) [0x000074dd3ed08b00, 0x000074dd3ed0e370] 
[3,526s][debug][gc,nmethod     ] GC(1) O: Unregister NMethod: org.magicwerk.brownies.collections.GapList.doGet (0x000074dd20002c08) [0x000074dd20002d00, 0x000074dd20003038] 
[3,526s][debug][gc,nmethod     ] GC(1) O: Unregister NMethod: java.nio.ByteBuffer.position (0x000074dd1f898b88) [0x000074dd1f898c80, 0x000074dd1f898dc8] 
[3,526s][debug][gc,nmethod     ] GC(1) O: Unregister NMethod: io.sirix.node.GrowingMemorySegment.getUsedSegment (0x000074dd1fa2d908) [0x000074dd1fa2da00, 0x000074dd1fa2dff0] 
[3,526s][debug][gc,nmethod     ] GC(1) O: Unregister NMethod: java.lang.invoke.VarHandleSegmentAsLongs.get (0x000074dd1f9b0688) [0x000074dd1f9b0780, 0x000074dd1f9b5c20] 
[3,526s][debug][gc,nmethod     ] GC(1) O: Unregister NMethod: com.sun.org.apache.xerces.internal.impl.XMLDocumentFragmentScannerImpl.getCharacterData (0x000074dd1fb1cb08) [0x000074dd1fb1cc00, 0x000074dd1fb1cdc8] 
[3,526s][debug][gc,nmethod     ] GC(1) O: Unregister NMethod: io.sirix.node.xml.ElementNode.hasLeftSibling (0x000074dd20041a08) [0x000074dd20041b00, 0x000074dd20046f38] 
[3,526s][debug][gc,nmethod     ] GC(1) O: Unregister NMethod: java.lang.invoke.VarHandleGuards.guard_LL_V (0x000074dd1f8dfa08) [0x000074dd1f8dfb00, 0x000074dd1f8e46e8] 
[3,526s][debug][gc,nmethod     ] GC(1) O: Unregister NMethod: java.util.HashMap.afterNodeAccess (0x000074dd1fbf3088) [0x000074dd1fbf3180, 0x000074dd1fbf3280] 
[3,526s][debug][gc,nmethod     ] GC(1) O: Unregister NMethod: io.sirix.cache.LinuxMemorySegmentAllocator.partitionVirtualRegion (0x000074dd3ec79308) [0x000074dd3ec79400, 0x000074dd3ec7a368] 
[3,526s][debug][gc,nmethod     ] GC(1) O: Unregister NMethod: java.lang.invoke.VarHandleSegmentAsLongs.set (0x000074dd1f9ba988) [0x000074dd1f9baa80, 0x000074dd1f9c0050] 
[3,526s][debug][gc,nmethod     ] GC(1) O: Unregister NMethod: jdk.internal.classfile.impl.BufWriterImpl.writeU1 (0x000074dd1f4f6e08) [0x000074dd1f4f6f00, 0x000074dd1f4f7348] 
[3,526s][debug][gc,nmethod     ] GC(1) O: Unregister NMethod: java.util.ArrayDeque.pop (0x000074dd1fb6cf88) [0x000074dd1fb6d080, 0x000074dd1fb6d320] 
[3,526s][debug][gc,nmethod     ] GC(1) O: Unregister NMethod: io.sirix.access.trx.node.AbstractDeweyIDManager.newFirstChildID (0x000074dd1fbea388) [0x000074dd1fbea480, 0x000074dd1fbed360] 
[3,526s][debug][gc,nmethod     ] GC(1) O: Unregister NMethod: io.sirix.query.node.SubtreeProcessor.notifyStartElement (0x000074dd1fbc6008) [0x000074dd1fbc6100, 0x000074dd1fbc6b60] 
[3,526s][debug][gc,nmethod     ] GC(1) O: Unregister NMethod: java.nio.HeapByteBuffer.<init> (0x000074dd1fe6c308) [0x000074dd1fe6c400, 0x000074dd1fe6c578] 
[3,526s][debug][gc,nmethod     ] GC(1) O: Unregister NMethod: java.lang.String.indexOf (0x000074dd3ec80f88) [0x000074dd3ec81080, 0x000074dd3ec812d8] 
[3,526s][debug][gc,nmethod     ] GC(1) O: Unregister NMethod: io.sirix.axis.filter.FilterAxis.<init> (0x000074dd1ff94e08) [0x000074dd1ff94f00, 0x000074dd1ff97a88] 
[3,526s][debug][gc,nmethod     ] GC(1) O: Unregister NMethod: io.sirix.access.trx.page.NodePageReadOnlyTrx.getReferenceToLeafOfSubtree (0x000074dd1febce88) [0x000074dd1febcf80, 0x000074dd1febe0b0] 
[3,526s][debug][gc,nmethod     ] GC(1) O: Unregister NMethod: com.sun.org.apache.xerces.internal.util.AugmentationsImpl$SmallContainer.clear (0x000074dd1fc56488) [0x000074dd1fc56580, 0x000074dd1fc56d00] 
[3,526s][debug][gc,nmethod     ] GC(1) O: Unregister NMethod: java.util.ArrayList.<init> (0x000074dd1f5a0588) [0x000074dd1f5a0680, 0x000074dd1f5a0920] 
[3,526s][debug][gc,nmethod     ] GC(1) O: Unregister NMethod: io.sirix.node.GrowingMemorySegment.grow (0x000074dd1fd73108) [0x000074dd1fd73200, 0x000074dd1fd84048] 
[3,526s][debug][gc,nmethod     ] GC(1) O: Unregister NMethod: java.util.BitSet.and (0x000074dd20009908) [0x000074dd20009a00, 0x000074dd20009e50] 
[3,526s][debug][gc,nmethod     ] GC(1) O: Unregister NMethod: java.lang.invoke.VarHandleGuards.guard_LJ_I (0x000074dd1f962288) [0x000074dd1f962380, 0x000074dd1f965240] 
[3,526s][debug][gc,nmethod     ] GC(1) O: Unregister NMethod: com.sun.org.apache.xerces.internal.impl.XMLDocumentFragmentScannerImpl.seekCloseOfStartTag (0x000074dd1fb6ec88) [0x000074dd1fb6ed80, 0x000074dd1fb70350] 
[3,526s][debug][gc,nmethod     ] GC(1) O: Unregister NMethod: jdk.internal.classfile.impl.SplitConstantPool.maybeCloneUtf8Entry (0x000074dd1f4e9508) [0x000074dd1f4e9600, 0x000074dd1f4ea6a0] 
[3,526s][debug][gc,nmethod     ] GC(1) O: Unregister NMethod: io.sirix.access.trx.node.AbstractNodeReadOnlyTrx.hasNode (0x000074dd3ed12608) [0x000074dd3ed12700, 0x000074dd3ed13630] 
[3,526s][debug][gc,nmethod     ] GC(1) O: Unregister NMethod: io.sirix.axis.AbstractAxis.hasNext (0x000074dd1ff53188) [0x000074dd1ff53280, 0x000074dd1ff53d48] 
[3,526s][debug][gc,nmethod     ] GC(1) O: Unregister NMethod: io.sirix.node.immutable.xml.ImmutableElement.getPathNodeKey (0x000074dd1fb84b08) [0x000074dd1fb84c00, 0x000074dd1fb89e48] 
[3,526s][debug][gc,nmethod     ] GC(1) O: Unregister NMethod: jdk.internal.classfile.impl.BufWriterImpl.writeU1U2U2 (0x000074dd1f506c08) [0x000074dd1f506d00, 0x000074dd1f5071f8] 
[3,526s][debug][gc,nmethod     ] GC(1) O: Unregister NMethod: jdk.internal.foreign.HeapMemorySegmentImpl$OfByte.unsafeGetBase (0x000074dd1fd99e88) [0x000074dd1fd99f80, 0x000074dd1fd9a188] 
[3,526s][debug][gc,nmethod     ] GC(1) O: Unregister NMethod: io.brackit.query.atomic.QNm.<init> (0x000074dd1fb06c88) [0x000074dd1fb06d80, 0x000074dd1fb07228] 
[3,526s][debug][gc,nmethod     ] GC(1) O: Unregister NMethod: jdk.internal.foreign.AbstractMemorySegmentImpl.isAlignedForElement (0x000074dd1f414808) [0x000074dd1f414900, 0x000074dd1f414f28] 
[3,526s][debug][gc,nmethod     ] GC(1) O: Unregister NMethod: com.sun.org.apache.xerces.internal.impl.XMLEntityScanner.scanLiteral (0x000074dd1fc52888) [0x000074dd1fc52980, 0x000074dd1fc53bc8] 
[3,526s][debug][gc,nmethod     ] GC(1) O: Unregister NMethod: com.sun.org.apache.xerces.internal.util.NamespaceSupport.pushContext (0x000074dd1fb99088) [0x000074dd1fb99180, 0x000074dd1fb994f0] 
[3,526s][debug][gc,nmethod     ] GC(1) O: Unregister NMethod: java.lang.String.encodeUTF8 (0x000074dd3ecda988) [0x000074dd3ecdaa80, 0x000074dd3ecdac38] 
[3,526s][debug][gc,nmethod     ] GC(1) O: Unregister NMethod: java.util.concurrent.locks.AbstractQueuedSynchronizer.signalNext (0x000074dd3ecdd308) [0x000074dd3ecdd400, 0x000074dd3ecdd498] 
[3,526s][debug][gc,nmethod     ] GC(1) O: Unregister NMethod: java.lang.AbstractStringBuilder.append (0x000074dd1fe86688) [0x000074dd1fe86780, 0x000074dd1fe873d0] 
[3,526s][debug][gc,nmethod     ] GC(1) O: Unregister NMethod: io.sirix.access.trx.node.xml.XmlNodeReadOnlyTrxImpl.isElement (0x000074dd1fbde308) [0x000074dd1fbde400, 0x000074dd1fbdeea8] 
[3,526s][debug][gc,nmethod     ] GC(1) O: Unregister NMethod: java.util.concurrent.locks.ReentrantLock$NonfairSync.initialTryLock (0x000074dd1fee4788) [0x000074dd1fee4880, 0x000074dd1fee5570] 
[3,526s][debug][gc,nmethod     ] GC(1) O: Unregister NMethod: jdk.internal.foreign.AbstractMemorySegmentImpl.isAlignedForElement (0x000074dd1f5bd888) [0x000074dd1f5bd980, 0x000074dd1f5bdb50] 
[3,526s][debug][gc,nmethod     ] GC(1) O: Unregister NMethod: io.sirix.axis.AbstractAxis.<init> (0x000074dd3ee04208) [0x000074dd3ee04300, 0x000074dd3ee04a90] 
[3,526s][debug][gc,nmethod     ] GC(1) O: Unregister NMethod: io.sirix.page.UberPage.getPageCountExp (0x000074dd1fea0308) [0x000074dd1fea0400, 0x000074dd1fea0948] 
[3,526s][debug][gc,nmethod     ] GC(1) O: Unregister NMethod: java.util.concurrent.ForkJoinPool.deactivate (0x000074dd202fba08) [0x000074dd202fbb00, 0x000074dd202fc5a8] 
[3,526s][debug][gc,nmethod     ] GC(1) O: Unregister NMethod: jdk.internal.classfile.impl.StackMapGenerator$Type.referenceType (0x000074dd1f568888) [0x000074dd1f568980, 0x000074dd1f568c50] 
[3,526s][debug][gc,nmethod     ] GC(1) O: Unregister NMethod: java.lang.String.<init> (0x000074dd1f44ff88) [0x000074dd1f450080, 0x000074dd1f4503c0] 
[3,526s][debug][gc,nmethod     ] GC(1) O: Unregister NMethod: java.util.concurrent.locks.ReentrantLock$NonfairSync.initialTryLock (0x000074dd1fa26388) [0x000074dd1fa26480, 0x000074dd1fa27170] 
[3,526s][debug][gc,nmethod     ] GC(1) O: Unregister NMethod: jdk.internal.foreign.SegmentFactories.allocateNativeSegment (0x000074dd1fa8d288) [0x000074dd1fa8d380, 0x000074dd1fa8d940] 
[3,526s][debug][gc,nmethod     ] GC(1) O: Unregister NMethod: java.util.concurrent.ForkJoinPool.deactivate (0x000074dd1ff0ff08) [0x000074dd1ff10000, 0x000074dd1ff10aa8] 
[3,526s][debug][gc,nmethod     ] GC(1) O: Unregister NMethod: io.sirix.node.AbstractForwardingNode.getDeweyID (0x000074dd1fd99908) [0x000074dd1fd99a00, 0x000074dd1fd99e68] 
[3,526s][debug][gc,nmethod     ] GC(1) O: Unregister NMethod: java.lang.invoke.VarHandleSegmentAsInts.set (0x000074dd1f9a2488) [0x000074dd1f9a2580, 0x000074dd1f9a7b50] 
[3,526s][debug][gc,nmethod     ] GC(1) O: Unregister NMethod: io.sirix.axis.ChildAxis.nextKey (0x000074dd1fab8a08) [0x000074dd1fab8b00, 0x000074dd1fab9b30] 
[3,526s][debug][gc,nmethod     ] GC(1) O: Unregister NMethod: io.sirix.node.xml.ElementNode.<init> (0x000074dd1ffa4c08) [0x000074dd1ffa4d00, 0x000074dd1ffa5000] 
[3,526s][debug][gc,nmethod     ] GC(1) O: Unregister NMethod: io.sirix.access.trx.page.NodePageReadOnlyTrx.getRecord (0x000074dd1fec2288) [0x000074dd1fec2380, 0x000074dd1fec3db8] 
[3,526s][debug][gc,nmethod     ] GC(1) O: Unregister NMethod: java.util.Collections$UnmodifiableCollection.contains (0x000074dd1fee3408) [0x000074dd1fee3500, 0x000074dd1fee3848] 
[3,526s][debug][gc,nmethod     ] GC(1) O: Unregister NMethod: io.sirix.node.NodeKind$2.serialize (0x000074dd1fe3a488) [0x000074dd1fe3a580, 0x000074dd1fe5ef00] 
[3,526s][debug][gc,nmethod     ] GC(1) O: Unregister NMethod: io.sirix.utils.XMLToken.isNCStartChar (0x000074dd3eccb408) [0x000074dd3eccb500, 0x000074dd3eccb5e0] 
[3,526s][debug][gc,nmethod     ] GC(1) O: Unregister NMethod: io.sirix.node.xml.AttributeNode.getLocalNameKey (0x000074dd1fc66f88) [0x000074dd1fc67080, 0x000074dd1fc6c070] 
[3,526s][debug][gc,nmethod     ] GC(1) O: Unregister NMethod: java.lang.invoke.MemberName.getMethodType (0x000074dd1f46bf88) [0x000074dd1f46c080, 0x000074dd1f46e578] 
[3,526s][debug][gc,nmethod     ] GC(1) O: Unregister NMethod: java.util.ArrayDeque.push (0x000074dd2003b388) [0x000074dd2003b480, 0x000074dd2003b5b0] 
[3,526s][debug][gc,nmethod     ] GC(1) O: Unregister NMethod: io.sirix.access.trx.node.xml.XmlNodeFactoryImpl.createTextNode (0x000074dd1fb4ba08) [0x000074dd1fb4bb00, 0x000074dd1fb4db48] 
[3,526s][debug][gc,nmethod     ] GC(1) O: Unregister NMethod: java.nio.ByteBuffer.wrap (0x000074dd1ff11a88) [0x000074dd1ff11b80, 0x000074dd1ff11ca0] 
[3,527s][debug][gc,nmethod     ] GC(1) O: Unregister NMethod: io.sirix.page.KeyValueLeafPage.setData (0x000074dd1ff21108) [0x000074dd1ff21200, 0x000074dd1ff46540] 
[3,527s][debug][gc,nmethod     ] GC(1) O: Unregister NMethod: java.lang.Class.reflectionData (0x000074dd1f5b4588) [0x000074dd1f5b4680, 0x000074dd1f5b4cd8] 
[3,526s][debug][gc,nmethod     ] GC(1) O: Unregister NMethod: io.sirix.query.node.SubtreeBuilder.startElement (0x000074dd3ed4bb08) [0x000074dd3ed4bc00, 0x000074dd3ed4d298] 
[3,527s][debug][gc,nmethod     ] GC(1) O: Unregister NMethod: io.sirix.access.trx.node.xml.XmlNodeTrxImpl.nodeReadOnlyTrxDelegate (0x000074dd1f9da808) [0x000074dd1f9da900, 0x000074dd1f9dac50] 
[3,527s][debug][gc,nmethod     ] GC(1) O: Unregister NMethod: java.lang.Integer.rotateRight (0x000074dd1f930a88) [0x000074dd1f930b80, 0x000074dd1f930c70] 
[3,527s][debug][gc,nmethod     ] GC(1) O: Unregister NMethod: jdk.internal.foreign.AbstractMemorySegmentImpl$$Lambda/0x0000000069250d80.apply (0x000074dd1fda8a08) [0x000074dd1fda8b00, 0x000074dd1fda8c48] 
[3,527s][debug][gc,nmethod     ] GC(1) O: Unregister NMethod: io.sirix.node.xml.TextNode.getRightSiblingKey (0x000074dd1fa3b188) [0x000074dd1fa3b280, 0x000074dd1fa40270] 
[3,527s][debug][gc,nmethod     ] GC(1) O: Unregister NMethod: io.sirix.node.xml.AttributeNode.getDeweyID (0x000074dd1fdf4788) [0x000074dd1fdf4880, 0x000074dd1fdf4ba8] 
[3,527s][debug][gc,nmethod     ] GC(1) O: Unregister NMethod: jdk.internal.foreign.layout.ValueLayouts$OfByteImpl.dup (0x000074dd1fdff908) [0x000074dd1fdffa00, 0x000074dd1fdffcf8] 
[3,527s][debug][gc,nmethod     ] GC(1) O: Unregister NMethod: jdk.internal.foreign.SegmentFactories.allocateNativeInternal (0x000074dd1fa98008) [0x000074dd1fa98100, 0x000074dd1fa9b558] 
[3,527s][debug][gc,nmethod     ] GC(1) O: Unregister NMethod: io.sirix.node.json.JsonNodeSerializer.writeSizePrefix (0x000074dd1fd49908) [0x000074dd1fd49a00, 0x000074dd1fd49d88] 
[3,527s][debug][gc,nmethod     ] GC(1) O: Unregister NMethod: io.sirix.node.xml.TextNode.hasLeftSibling (0x000074dd1fa91a08) [0x000074dd1fa91b00, 0x000074dd1fa96f38] 
[3,527s][debug][gc,nmethod     ] GC(1) O: Unregister NMethod: net.openhft.hashing.UnsafeAccess.byteOrder (0x000074dd1faa9c08) [0x000074dd1faa9d00, 0x000074dd1faa9e60] 
[3,527s][debug][gc,nmethod     ] GC(1) O: Unregister NMethod: jdk.internal.misc.Unsafe.weakCompareAndSetReference (0x000074dd1f479c88) [0x000074dd1f479d80, 0x000074dd1f479f00] 
[3,527s][debug][gc,nmethod     ] GC(1) O: Unregister NMethod: jdk.internal.foreign.AbstractMemorySegmentImpl$$Lambda/0x0000000069250d80.apply (0x000074dd1fdfef88) [0x000074dd1fdff080, 0x000074dd1fdff418] 
[3,527s][debug][gc,nmethod     ] GC(1) O: Unregister NMethod: java.util.Objects.checkFromIndexSize (0x000074dd1f47d188) [0x000074dd1f47d280, 0x000074dd1f47d478] 
[3,527s][debug][gc,nmethod     ] GC(1) O: Unregister NMethod: jdk.internal.classfile.impl.DirectCodeBuilder$4.writeBody (0x000074dd1f6d2808) [0x000074dd1f6d2900, 0x000074dd1f6d68e8] 
[3,527s][debug][gc,nmethod     ] GC(1) O: Unregister NMethod: java.util.concurrent.ConcurrentHashMap$KeySetView.remove (0x000074dd1fe64d08) [0x000074dd1fe64e00, 0x000074dd1fe64f88] 
[3,527s][debug][gc,nmethod     ] GC(1) O: Unregister NMethod: java.lang.StringLatin1.inflate (0x000074dd1f89f388) [0x000074dd1f89f480, 0x000074dd1f89f670] 
[3,527s][debug][gc,nmethod     ] GC(1) O: Unregister NMethod: jdk.internal.classfile.impl.Util.parameterSlots (0x000074dd1f4fc888) [0x000074dd1f4fc980, 0x000074dd1f4fce10] 
[3,527s][debug][gc,nmethod     ] GC(1) O: Unregister NMethod: jdk.internal.misc.Unsafe.checkSize (0x000074dd1f42d508) [0x000074dd1f42d600, 0x000074dd1f42d860] 
[3,527s][debug][gc,nmethod     ] GC(1) O: Unregister NMethod: io.sirix.access.trx.page.NodePageTrx.getPageContainer (0x000074dd3ecbe988) [0x000074dd3ecbea80, 0x000074dd3ecbf168] 
[3,527s][debug][gc,nmethod     ] GC(1) O: Unregister NMethod: jdk.internal.misc.Unsafe.putLongUnaligned (0x000074dd1f4e7088) [0x000074dd1f4e7180, 0x000074dd1f4e75b8] 
[3,527s][debug][gc,nmethod     ] GC(1) O: Unregister NMethod: java.util.concurrent.ForkJoinPool.deactivate (0x000074dd1fe8f808) [0x000074dd1fe8f900, 0x000074dd1fe90618] 
[3,527s][debug][gc,nmethod     ] GC(1) O: Unregister NMethod: com.sun.org.apache.xerces.internal.impl.XMLEntityScanner.peekChar (0x000074dd1fa30708) [0x000074dd1fa30800, 0x000074dd1fa30cb8] 
[3,527s][debug][gc,nmethod     ] GC(1) O: Unregister NMethod: jdk.internal.foreign.AbstractMemorySegmentImpl.set (0x000074dd1f99bd88) [0x000074dd1f99be80, 0x000074dd1f9a1400] 
[3,527s][debug][gc,nmethod     ] Register NMethod: java.util.stream.Collectors.toMap (0x000074dd3ef4de88) [0x000074dd3ef4df80, 0x000074dd3ef4e298] Compiler: jvmci, Barriers: 15, Oops: 0, ImmediateOops: 4, NonImmediateOops: No
[3,527s][debug][gc,nmethod     ] GC(1) O: Unregister NMethod: io.sirix.access.trx.page.NodePageReadOnlyTrx.getPageReference (0x000074dd1fea9388) [0x000074dd1fea9480, 0x000074dd1feb2538] 
[3,527s][debug][gc,nmethod     ] GC(1) O: Unregister NMethod: io.sirix.node.xml.TextNode.getRawValue (0x000074dd1fb42888) [0x000074dd1fb42980, 0x000074dd1fb42c98] 
[3,527s][debug][gc,nmethod     ] GC(1) O: Unregister NMethod: jdk.internal.misc.ScopedMemoryAccess.getShortUnaligned (0x000074dd1f76ad08) [0x000074dd1f76ae00, 0x000074dd1f76b338] 
[3,527s][debug][gc,nmethod     ] GC(1) O: Unregister NMethod: io.sirix.index.path.summary.PathSummaryReader.getName (0x000074dd1fcd7e88) [0x000074dd1fcd7f80, 0x000074dd1fcdaf68] 
[3,527s][debug][gc,nmethod     ] GC(1) O: Unregister NMethod: io.sirix.node.xml.ElementNode.getAttributeCount (0x000074dd1fc50388) [0x000074dd1fc50480, 0x000074dd1fc50610] 
[3,527s][debug][gc,nmethod     ] GC(1) O: Unregister NMethod: io.sirix.access.trx.node.AbstractResourceSession.getResourceConfig (0x000074dd1fa14688) [0x000074dd1fa14780, 0x000074dd1fa14a20] 
[3,527s][debug][gc,nmethod     ] GC(1) O: Unregister NMethod: java.nio.MappedByteBuffer.<init> (0x000074dd1fafb908) [0x000074dd1fafba00, 0x000074dd1fafbbd0] 
[3,527s][debug][gc,nmethod     ] GC(1) O: Unregister NMethod: jdk.internal.misc.Unsafe.weakCompareAndSetLongRelease (0x000074dd20006788) [0x000074dd20006880, 0x000074dd200069a0] 
[3,527s][debug][gc,nmethod     ] GC(1) O: Unregister NMethod: io.sirix.access.trx.node.AbstractNodeReadOnlyTrx.getNodeKey (0x000074dd1fa32788) [0x000074dd1fa32880, 0x000074dd1fa32ee8] 
[3,527s][debug][gc,nmethod     ] GC(1) O: Unregister NMethod: io.sirix.access.trx.node.xml.XmlNodeReadOnlyTrxImpl.getNode (0x000074dd3ecd9a88) [0x000074dd3ecd9b80, 0x000074dd3ecd9d60] 
[3,527s][debug][gc,nmethod     ] GC(1) O: Unregister NMethod: io.brackit.query.atomic.QNm.atomicCmpInternal (0x000074dd1fc54e88) [0x000074dd1fc54f80, 0x000074dd1fc557b0] 
[3,527s][debug][gc,nmethod     ] GC(1) O: Unregister NMethod: io.sirix.page.NamePage.setName (0x000074dd3ed1da08) [0x000074dd3ed1db00, 0x000074dd3ed1ddd0] 
[3,527s][debug][gc,nmethod     ] GC(1) O: Unregister NMethod: java.util.concurrent.ConcurrentHashMap.addCount (0x000074dd1f931508) [0x000074dd1f931600, 0x000074dd1f932358] 
[3,527s][debug][gc,nmethod     ] GC(1) O: Unregister NMethod: java.lang.Math.clamp (0x000074dd1f575e88) [0x000074dd1f575f80, 0x000074dd1f577048] 
[3,527s][debug][gc,nmethod     ] GC(1) O: Unregister NMethod: io.brackit.query.node.parser.SAX2SubtreeHandlerAdapter$TrimmingStringBuilder.toString (0x000074dd1fb2d288) [0x000074dd1fb2d380, 0x000074dd1fb2d560] 
[3,527s][debug][gc,nmethod     ] GC(1) O: Unregister NMethod: jdk.internal.ref.PhantomCleanable.<init> (0x000074dd1f4df388) [0x000074dd1f4df480, 0x000074dd1f4e0670] 
[3,527s][debug][gc,nmethod     ] GC(1) O: Unregister NMethod: java.lang.classfile.CodeBuilder.checkcast (0x000074dd1f6f0008) [0x000074dd1f6f0100, 0x000074dd1f6f0a38] 
[3,527s][debug][gc,nmethod     ] GC(1) O: Unregister NMethod: jdk.internal.misc.Unsafe.putShortUnaligned (0x000074dd1fd97688) [0x000074dd1fd97780, 0x000074dd1fd978b8] 
[3,527s][debug][gc,nmethod     ] GC(1) O: Unregister NMethod: io.sirix.page.delegates.BitmapReferencesPage.index (0x000074dd1fa24a08) [0x000074dd1fa24b00, 0x000074dd1fa25088] 
[3,527s][debug][gc,nmethod     ] GC(1) O: Unregister NMethod: io.sirix.access.trx.node.xml.XmlNodeReadOnlyTrxImpl.getNode (0x000074dd1fa6ad88) [0x000074dd1fa6ae80, 0x000074dd1fa6d400] 
[3,527s][debug][gc,nmethod     ] GC(1) O: Unregister NMethod: net.openhft.hashing.XXH3$AsLongHashFunction.hash (0x000074dd1fab8088) [0x000074dd1fab8180, 0x000074dd1fab89d0] 
[3,527s][debug][gc,nmethod     ] GC(1) O: Unregister NMethod: io.sirix.node.NodeKind.serializeNameDelegate (0x000074dd1fd96908) [0x000074dd1fd96a00, 0x000074dd1fd96d18] 
[3,527s][debug][gc,nmethod     ] GC(1) O: Unregister NMethod: io.sirix.access.trx.node.AbstractNodeReadOnlyTrx.moveTo (0x000074dd1ff5fb88) [0x000074dd1ff5fc80, 0x000074dd1ff617e8] 
[3,527s][debug][gc,nmethod     ] GC(1) O: Unregister NMethod: sun.security.provider.DigestBase.implCompressMultiBlock0 (0x000074dd1fe60008) [0x000074dd1fe60100, 0x000074dd1fe604d0] 
[3,527s][debug][gc,nmethod     ] GC(1) O: Unregister NMethod: io.sirix.node.MemorySegmentBytesOut.write (0x000074dd1faa0b08) [0x000074dd1faa0c00, 0x000074dd1faa0e08] 
[3,527s][debug][gc,nmethod     ] GC(1) O: Unregister NMethod: java.util.concurrent.atomic.AtomicInteger.incrementAndGet (0x000074dd1fe61608) [0x000074dd1fe61700, 0x000074dd1fe61810] 
[3,527s][debug][gc,nmethod     ] GC(1) O: Unregister NMethod: java.util.concurrent.ConcurrentHashMap.addCount (0x000074dd3ec34b08) [0x000074dd3ec34c00, 0x000074dd3ec360e0] 
[3,527s][debug][gc,nmethod     ] GC(1) O: Unregister NMethod: io.sirix.access.trx.page.NodePageReadOnlyTrx.loadPage (0x000074dd1fa32f08) [0x000074dd1fa33000, 0x000074dd1fa34ea0] 
[3,527s][debug][gc,nmethod     ] GC(1) O: Unregister NMethod: io.sirix.node.NodeKind$4.serialize (0x000074dd1fd51c08) [0x000074dd1fd51d00, 0x000074dd1fd6c478] 
[3,527s][debug][gc,nmethod     ] GC(1) O: Unregister NMethod: io.sirix.index.path.summary.PathSummaryReader.getNodeKey (0x000074dd2001c108) [0x000074dd2001c200, 0x000074dd2001c6b0] 
[3,527s][debug][gc,nmethod     ] GC(1) O: Unregister NMethod: com.sun.org.apache.xerces.internal.util.XMLAttributesImpl.getQName (0x000074dd1fc58608) [0x000074dd1fc58700, 0x000074dd1fc589d0] 
[3,527s][debug][gc,nmethod     ] GC(1) O: Unregister NMethod: java.net.URLStreamHandler.setURL (0x000074dd1f5c6308) [0x000074dd1f5c6400, 0x000074dd1f5c8038] 
[3,527s][debug][gc,nmethod     ] GC(1) O: Unregister NMethod: java.lang.StringBuilder.toString (0x000074dd1f478188) [0x000074dd1f478280, 0x000074dd1f4786b8] 
[3,527s][debug][gc,nmethod     ] GC(1) O: Unregister NMethod: java.lang.invoke.VarHandleGuards.guard_LJJ_V (0x000074dd1f9b5c88) [0x000074dd1f9b5d80, 0x000074dd1f9ba950] 
[3,527s][debug][gc,nmethod     ] GC(1) O: Unregister NMethod: io.sirix.page.KeyValueLeafPage.setSlot (0x000074dd1fd95608) [0x000074dd1fd95700, 0x000074dd1fd95888] 
[3,527s][debug][gc,nmethod     ] GC(1) O: Unregister NMethod: io.sirix.node.GrowingMemorySegment.<init> (0x000074dd1fd16088) [0x000074dd1fd16180, 0x000074dd1fd165f8] 
[3,527s][debug][gc,nmethod     ] GC(1) O: Unregister NMethod: jdk.internal.foreign.SegmentFactories$1.cleanup (0x000074dd1fd9c888) [0x000074dd1fd9c980, 0x000074dd1fd9cb48] 
[3,527s][debug][gc,nmethod     ] GC(1) O: Unregister NMethod: java.lang.AbstractStringBuilder.ensureCapacityNewCoder (0x000074dd1f476c08) [0x000074dd1f476d00, 0x000074dd1f477010] 
[3,527s][debug][gc,nmethod     ] GC(1) O: Unregister NMethod: jdk.internal.foreign.SegmentFactories.initNativeMemory (0x000074dd1f9c0088) [0x000074dd1f9c0180, 0x000074dd1f9c03a0] 
[3,528s][debug][gc,nmethod     ] GC(1) O: Unregister NMethod: java.util.ArrayDeque.removeFirst (0x000074dd1fb51c88) [0x000074dd1fb51d80, 0x000074dd1fb51fc8] 
[3,528s][debug][gc,nmethod     ] GC(1) O: Unregister NMethod: java.util.concurrent.ForkJoinPool.deactivate (0x000074dd1fe5f808) [0x000074dd1fe5f900, 0x000074dd1fe5ffb0] 
[3,528s][debug][gc,nmethod     ] GC(1) O: Unregister NMethod: jdk.internal.foreign.ImplicitSession.<init> (0x000074dd1fa96f88) [0x000074dd1fa97080, 0x000074dd1fa97710] 
[3,528s][debug][gc,nmethod     ] GC(1) O: Unregister NMethod: jdk.internal.foreign.ArenaImpl.allocate (0x000074dd1fd17688) [0x000074dd1fd17780, 0x000074dd1fd17a78] 
[3,528s][debug][gc,nmethod     ] GC(1) O: Unregister NMethod: io.brackit.query.expr.StepExpr$AxisStepSequenceIter.next (0x000074dd1ff88a88) [0x000074dd1ff88b80, 0x000074dd1ff89318] 
[3,528s][debug][gc,nmethod     ] GC(1) O: Unregister NMethod: jdk.internal.foreign.SegmentFactories.allocateNativeInternal (0x000074dd3ecf0f88) [0x000074dd3ecf10a0, 0x000074dd3ecf1960] 
[3,528s][debug][gc,nmethod     ] GC(1) O: Unregister NMethod: it.unimi.dsi.fastutil.ints.Int2IntOpenHashMap.getOrDefault (0x000074dd1fed3108) [0x000074dd1fed3200, 0x000074dd1fed3770] 
[3,528s][debug][gc,nmethod     ] GC(1) O: Unregister NMethod: java.nio.DirectByteBuffer.address (0x000074dd1fb11388) [0x000074dd1fb11480, 0x000074dd1fb12dc0] 
[3,528s][debug][gc,nmethod     ] GC(1) O: Unregister NMethod: java.util.stream.AbstractPipeline.copyInto (0x000074dd1f812c88) [0x000074dd1f812d80, 0x000074dd1f813ea0] 
[3,528s][debug][gc,nmethod     ] GC(1) O: Unregister NMethod: io.sirix.access.trx.node.xml.XmlNodeTrxImpl.adaptForInsert (0x000074dd20030988) [0x000074dd20030a80, 0x000074dd20033828] 
[3,528s][debug][gc,nmethod     ] GC(1) O: Unregister NMethod: com.sun.org.apache.xerces.internal.parsers.AbstractSAXParser.startElement (0x000074dd1fb9ec88) [0x000074dd1fb9ed80, 0x000074dd1fba1068] 
[3,528s][debug][gc,nmethod     ] GC(1) O: Unregister NMethod: java.lang.String.checkBoundsOffCount (0x000074dd1f464908) [0x000074dd1f464a00, 0x000074dd1f464bf8] 
[3,528s][debug][gc,nmethod     ] GC(1) O: Unregister NMethod: io.sirix.access.trx.node.xml.XmlNodeReadOnlyTrxImpl.getNode (0x000074dd1fa65988) [0x000074dd1fa65a80, 0x000074dd1fa65d78] 
[3,528s][debug][gc,nmethod     ] GC(1) O: Unregister NMethod: io.sirix.access.trx.page.NodePageTrx.getMostRecentPageContainer (0x000074dd1febb888) [0x000074dd1febb980, 0x000074dd1febbfb0] 
[3,528s][debug][gc,nmethod     ] GC(1) O: Unregister NMethod: java.util.BitSet.nextSetBit (0x000074dd1feb2b88) [0x000074dd1feb2c80, 0x000074dd1feb3c70] 
[3,528s][debug][gc,nmethod     ] GC(1) O: Unregister NMethod: java.util.Arrays.copyOf (0x000074dd1f47f408) [0x000074dd1f47f500, 0x000074dd1f47fd80] 
[3,528s][debug][gc,nmethod     ] GC(1) O: Unregister NMethod: io.sirix.index.path.summary.PathSummaryWriter.getPathNodeKey (0x000074dd3ed41288) [0x000074dd3ed41380, 0x000074dd3ed43228] 
[3,528s][debug][gc,nmethod     ] GC(1) O: Unregister NMethod: io.sirix.utils.OS.isWindows (0x000074dd1fe8d808) [0x000074dd1fe8d900, 0x000074dd1fe8d9e8] 
[3,528s][debug][gc,nmethod     ] GC(1) O: Unregister NMethod: io.sirix.access.trx.node.AbstractNodeReadOnlyTrx.moveToParent (0x000074dd1fb05b88) [0x000074dd1fb05c80, 0x000074dd1fb064e0] 
[3,528s][debug][gc,nmethod     ] GC(1) O: Unregister NMethod: sun.nio.cs.UTF_8$Decoder.decodeArrayLoop (0x000074dd1fcee188) [0x000074dd1fcee280, 0x000074dd1fcf8170] 
[3,528s][debug][gc,nmethod     ] GC(1) O: Unregister NMethod: io.brackit.query.atomic.AbstractAtomic.atomicCmp (0x000074dd1fc53c08) [0x000074dd1fc53d00, 0x000074dd1fc54530] 
[3,528s][debug][gc,nmethod     ] GC(1) O: Unregister NMethod: io.sirix.access.trx.page.NodePageReadOnlyTrx.getRecordPage (0x000074dd1fecdc88) [0x000074dd1fecdd80, 0x000074dd1fed30d0] 
[3,528s][debug][gc,nmethod     ] GC(1) O: Unregister NMethod: jdk.internal.classfile.impl.AbstractElement.<init> (0x000074dd1f4ed008) [0x000074dd1f4ed100, 0x000074dd1f4ed258] 
[3,528s][debug][gc,nmethod     ] GC(1) O: Unregister NMethod: com.sun.org.apache.xerces.internal.impl.XMLEntityScanner.skipSpaces (0x000074dd3ed23f08) [0x000074dd3ed24000, 0x000074dd3ed24568] 
[3,528s][debug][gc,nmethod     ] GC(1) O: Unregister NMethod: java.util.concurrent.ConcurrentHashMap$BaseIterator.hasNext (0x000074dd1f685488) [0x000074dd1f685580, 0x000074dd1f685700] 
[3,528s][debug][gc,nmethod     ] GC(1) O: Unregister NMethod: io.sirix.index.path.summary.PathNode.getURIKey (0x000074dd1fed5608) [0x000074dd1fed5700, 0x000074dd1fed5860] 
[3,528s][debug][gc,nmethod     ] GC(1) O: Unregister NMethod: java.util.BitSet.recalculateWordsInUse (0x000074dd1f998f08) [0x000074dd1f999000, 0x000074dd1f999240] 
[3,528s][debug][gc,nmethod     ] GC(1) O: Unregister NMethod: io.sirix.axis.pathsummary.AbstractAxis.hasNext (0x000074dd1fed5908) [0x000074dd1fed5a00, 0x000074dd1fed60a8] 
[3,528s][debug][gc,nmethod     ] GC(1) O: Unregister NMethod: java.lang.String.<init> (0x000074dd3ecf5688) [0x000074dd3ecf5780, 0x000074dd3ecf5b00] 
[3,528s][debug][gc,nmethod     ] GC(1) O: Unregister NMethod: io.sirix.access.trx.page.NodePageTrx.getMostRecentPageContainer (0x000074dd1f9c7808) [0x000074dd1f9c7900, 0x000074dd1f9c7f30] 
[3,528s][debug][gc,nmethod     ] GC(1) O: Unregister NMethod: java.lang.Class.cast (0x000074dd1f562988) [0x000074dd1f562a80, 0x000074dd1f562ed8] 
[3,528s][debug][gc,nmethod     ] GC(1) O: Unregister NMethod: io.sirix.node.NodeKind$1.serialize (0x000074dd1fdb9708) [0x000074dd1fdb9800, 0x000074dd1fdf46b8] 
[3,528s][debug][gc,nmethod     ] GC(1) O: Unregister NMethod: java.lang.invoke.SegmentVarHandle.checkSegment (0x000074dd1f92cd08) [0x000074dd1f92ce00, 0x000074dd1f930718] 
[3,528s][debug][gc,nmethod     ] GC(1) O: Unregister NMethod: io.sirix.node.SirixDeweyID.toBytes (0x000074dd1fda2f88) [0x000074dd1fda3080, 0x000074dd1fda31e8] 
[3,528s][debug][gc,nmethod     ] GC(1) O: Unregister NMethod: java.nio.MappedByteBuffer.rewind (0x000074dd1fb01108) [0x000074dd1fb01200, 0x000074dd1fb015e8] 
[3,528s][debug][gc,nmethod     ] GC(1) O: Unregister NMethod: it.unimi.dsi.fastutil.ints.Int2LongOpenHashMap.find (0x000074dd1fc52308) [0x000074dd1fc52400, 0x000074dd1fc52868] 
[3,528s][debug][gc,nmethod     ] GC(1) O: Unregister NMethod: com.sun.org.apache.xerces.internal.impl.XMLEntityScanner.scanChar (0x000074dd1fb50188) [0x000074dd1fb50280, 0x000074dd1fb50ca8] 
[3,528s][debug][gc,nmethod     ] GC(1) O: Unregister NMethod: org.magicwerk.brownies.collections.GapList.get (0x000074dd20003688) [0x000074dd20003780, 0x000074dd20005178] 
[3,528s][debug][gc,nmethod     ] GC(1) O: Unregister NMethod: io.sirix.node.MemorySegmentBytesOut.writeLong (0x000074dd1f9c8608) [0x000074dd1f9c8700, 0x000074dd1f9c8898] 
[3,528s][debug][gc,nmethod     ] GC(1) O: Unregister NMethod: io.sirix.page.NamePage.getName (0x000074dd3eeddf08) [0x000074dd3eede000, 0x000074dd3eee0878] 
[3,528s][debug][gc,nmethod     ] GC(1) O: Unregister NMethod: io.sirix.page.KeyValueLeafPage.getAvailableSpace (0x000074dd1fd1ce08) [0x000074dd1fd1cf00, 0x000074dd1fd229c0] 
[3,528s][debug][gc,nmethod     ] GC(1) O: Unregister NMethod: io.sirix.page.PathSummaryPage.getMaxNodeKey (0x000074dd1fcc9408) [0x000074dd1fcc9500, 0x000074dd1fcc96b8] 
[3,528s][debug][gc,nmethod     ] GC(1) O: Unregister NMethod: jdk.internal.foreign.abi.SharedUtils.checkNative (0x000074dd1fe60e08) [0x000074dd1fe60f00, 0x000074dd1fe612e0] 
[3,528s][debug][gc,nmethod     ] GC(1) O: Unregister NMethod: net.jpountz.lz4.LZ4BlockOutputStream.writeIntLE (0x000074dd1fe36608) [0x000074dd1fe36700, 0x000074dd1fe36880] 
[3,528s][debug][gc,nmethod     ] Register NMethod: com.github.benmanes.caffeine.cache.SystemTicker.read (0x000074dd3ef4e308) [0x000074dd3ef4e400, 0x000074dd3ef4e490] Compiler: jvmci, Barriers: 0, Oops: 1, ImmediateOops: 0, NonImmediateOops: No
[3,528s][debug][gc,nmethod     ] GC(1) O: Unregister NMethod: io.sirix.page.NamePage.setName (0x000074dd2001a308) [0x000074dd2001a400, 0x000074dd2001b9c0] 
[3,528s][debug][gc,nmethod     ] GC(1) O: Unregister NMethod: java.nio.HeapByteBuffer.ix (0x000074dd1fcc7f08) [0x000074dd1fcc8000, 0x000074dd1fcc8108] 
[3,528s][debug][gc,nmethod     ] GC(1) O: Unregister NMethod: java.nio.MappedByteBuffer.limit (0x000074dd1fafb408) [0x000074dd1fafb500, 0x000074dd1fafb8c0] 
[3,528s][debug][gc,nmethod     ] GC(1) O: Unregister NMethod: it.unimi.dsi.fastutil.ints.Int2ObjectOpenHashMap.get (0x000074dd1fb52008) [0x000074dd1fb52100, 0x000074dd1fb52770] 
[3,528s][debug][gc,nmethod     ] GC(1) O: Unregister NMethod: jdk.internal.foreign.layout.AbstractLayout.requirePowerOfTwoAndGreaterOrEqualToOne (0x000074dd1fdf6d88) [0x000074dd1fdf6e80, 0x000074dd1fdf7c00] 
[3,528s][debug][gc,nmethod     ] GC(1) O: Unregister NMethod: io.sirix.page.PageReference.hashCode (0x000074dd1fcf9108) [0x000074dd1fcf9200, 0x000074dd1fcfa280] 
[3,528s][debug][gc,nmethod     ] GC(1) O: Unregister NMethod: jdk.internal.foreign.AbstractMemorySegmentImpl.checkAccess (0x000074dd1f415908) [0x000074dd1f415a00, 0x000074dd1f416210] 
[3,528s][debug][gc,nmethod     ] GC(1) O: Unregister NMethod: java.lang.StringBuilder.append (0x000074dd3ec20508) [0x000074dd3ec20600, 0x000074dd3ec20db0] 
[3,528s][debug][gc,nmethod     ] GC(1) O: Unregister NMethod: io.sirix.node.MemorySegmentBytesOut.<init> (0x000074dd1faa2808) [0x000074dd1faa2900, 0x000074dd1faa36d0] 
[3,528s][debug][gc,nmethod     ] GC(1) O: Unregister NMethod: io.sirix.utils.XMLToken.isNCChar (0x000074dd1fa2c088) [0x000074dd1fa2c180, 0x000074dd1fa2c568] 
[3,528s][debug][gc,nmethod     ] GC(1) O: Unregister NMethod: io.sirix.service.xml.shredder.AbstractShredder.processStartTag (0x000074dd3ed4dc08) [0x000074dd3ed4dd00, 0x000074dd3ed4eae0] 
[3,528s][debug][gc,nmethod     ] GC(1) O: Unregister NMethod: com.sun.org.apache.xerces.internal.util.NamespaceSupport.pushContext (0x000074dd3ed96d08) [0x000074dd3ed96e00, 0x000074dd3ed96f40] 
[3,528s][debug][gc,nmethod     ] GC(1) O: Unregister NMethod: java.util.concurrent.ConcurrentHashMap.spread (0x000074dd1f414188) [0x000074dd1f414280, 0x000074dd1f414370] 
[3,528s][debug][gc,nmethod     ] GC(1) O: Unregister NMethod: io.sirix.access.trx.node.AbstractNodeReadOnlyTrx.moveToParent (0x000074dd1ff85908) [0x000074dd1ff85a00, 0x000074dd1ff86260] 
[3,529s][debug][gc,nmethod     ] GC(1) O: Unregister NMethod: io.sirix.node.SirixDeweyID.toBytes (0x000074dd1fd9da88) [0x000074dd1fd9db80, 0x000074dd1fd9dcd0] 
[3,529s][debug][gc,nmethod     ] GC(1) O: Unregister NMethod: com.google.common.base.Preconditions.checkArgument (0x000074dd1f9d0788) [0x000074dd1f9d0880, 0x000074dd1f9d0d00] 
[3,529s][debug][gc,nmethod     ] GC(1) O: Unregister NMethod: io.sirix.access.trx.page.NodePageTrx.lambda$getPageContainer$0 (0x000074dd1fec0788) [0x000074dd1fec0880, 0x000074dd1fec1778] 
[3,529s][debug][gc,nmethod     ] GC(1) O: Unregister NMethod: io.sirix.page.KeyValueLeafPage.alignOffset (0x000074dd1f965288) [0x000074dd1f965380, 0x000074dd1f965468] 
[3,529s][debug][gc,nmethod     ] GC(1) O: Unregister NMethod: io.brackit.query.atomic.QNm.<init> (0x000074dd3eceff88) [0x000074dd3ecf0080, 0x000074dd3ecf02a8] 
[3,529s][debug][gc,nmethod     ] GC(1) O: Unregister NMethod: com.sun.org.apache.xerces.internal.impl.XMLEntityScanner.scanContent (0x000074dd1fce6508) [0x000074dd1fce6600, 0x000074dd1fce7578] 
[3,529s][debug][gc,nmethod     ] GC(1) O: Unregister NMethod: io.sirix.access.trx.node.AbstractNodeHashing.rollingAdd (0x000074dd20024188) [0x000074dd20024280, 0x000074dd20029580] 
[3,529s][debug][gc,nmethod     ] GC(1) O: Unregister NMethod: io.brackit.query.compiler.optimizer.walker.Walker.walkInternal (0x000074dd1ff50b08) [0x000074dd1ff50c00, 0x000074dd1ff51948] 
[3,529s][debug][gc,nmethod     ] GC(1) O: Unregister NMethod: io.sirix.axis.AbstractAxis.hasNext (0x000074dd1fa29d08) [0x000074dd1fa29e00, 0x000074dd1fa2a8c8] 
[3,529s][debug][gc,nmethod     ] GC(1) O: Unregister NMethod: jdk.internal.misc.Unsafe.putLongRelease (0x000074dd2000b988) [0x000074dd2000ba80, 0x000074dd2000bb98] 
[3,529s][debug][gc,nmethod     ] GC(1) O: Unregister NMethod: java.util.Arrays.fill (0x000074dd1f5ce908) [0x000074dd1f5cea00, 0x000074dd1f5cee28] 
[3,529s][debug][gc,nmethod     ] GC(1) O: Unregister NMethod: io.sirix.access.trx.node.AbstractNodeTrxImpl.getCurrentNode (0x000074dd1f9ee008) [0x000074dd1f9ee100, 0x000074dd1f9ee470] 
[3,529s][debug][gc,nmethod     ] GC(1) O: Unregister NMethod: net.openhft.hashing.MathsJDK9.unsignedLongMulXorFoldImp (0x000074dd1f9f8808) [0x000074dd1f9f8900, 0x000074dd1f9f8a80] 
[3,529s][debug][gc,nmethod     ] GC(1) O: Unregister NMethod: java.util.ArrayList.getFirst (0x000074dd1fa2d508) [0x000074dd1fa2d600, 0x000074dd1fa2d900] 
[3,529s][debug][gc,nmethod     ] GC(1) O: Unregister NMethod: java.lang.StringLatin1.compareTo (0x000074dd1f801c88) [0x000074dd1f801d80, 0x000074dd1f801eb0] 
[3,529s][debug][gc,nmethod     ] GC(1) O: Unregister NMethod: io.sirix.axis.AbstractAxis.tryToComputeNext (0x000074dd1fa43f88) [0x000074dd1fa44080, 0x000074dd1fa447b0] 
[3,529s][debug][gc,nmethod     ] GC(1) O: Unregister NMethod: io.sirix.axis.filter.FilterAxis.nextKey (0x000074dd1fb73408) [0x000074dd1fb73500, 0x000074dd1fb74b10] 
[3,529s][debug][gc,nmethod     ] GC(1) O: Unregister NMethod: jdk.internal.loader.URLClassPath$JarLoader$1.getCodeSourceURL (0x000074dd1f5e3088) [0x000074dd1f5e3180, 0x000074dd1f5e32e8] 
[3,529s][debug][gc,nmethod     ] GC(1) O: Unregister NMethod: io.sirix.access.trx.page.NodePageTrx.getName (0x000074dd1fed6108) [0x000074dd1fed6200, 0x000074dd1fed8568] 
[3,529s][debug][gc,nmethod     ] GC(1) O: Unregister NMethod: io.sirix.node.GrowingMemorySegment.grow (0x000074dd20071d08) [0x000074dd20071e00, 0x000074dd200729b0] 
[3,529s][debug][gc,nmethod     ] GC(1) O: Unregister NMethod: io.sirix.index.name.Names.setName (0x000074dd3ed24588) [0x000074dd3ed24680, 0x000074dd3ed26c48] 
[3,529s][debug][gc,nmethod     ] GC(1) O: Unregister NMethod: net.openhft.hashing.XXH3.XXH3_avalanche (0x000074dd1faa0e88) [0x000074dd1faa0f80, 0x000074dd1faa1090] 
[3,529s][debug][gc,nmethod     ] GC(1) O: Unregister NMethod: io.sirix.node.GrowingMemorySegment.writeByte (0x000074dd1fa0a588) [0x000074dd1fa0a680, 0x000074dd1fa0e2a0] 
[3,529s][debug][gc,nmethod     ] GC(1) O: Unregister NMethod: java.lang.invoke.InvokerBytecodeGenerator.emitPushArgument (0x000074dd1f698088) [0x000074dd1f698180, 0x000074dd1f69ad48] 
[3,529s][debug][gc,nmethod     ] GC(1) O: Unregister NMethod: io.sirix.access.Utils.buildName (0x000074dd1fb79a88) [0x000074dd1fb79b80, 0x000074dd1fb7ab78] 
[3,529s][debug][gc,nmethod     ] GC(1) O: Unregister NMethod: io.sirix.cache.LinuxMemorySegmentAllocator.partitionVirtualRegion (0x000074dd3ec7b688) [0x000074dd3ec7b780, 0x000074dd3ec7c5e8] 
[3,529s][debug][gc,nmethod     ] GC(1) O: Unregister NMethod: java.lang.Long.valueOf (0x000074dd1f476708) [0x000074dd1f476800, 0x000074dd1f476b40] 
[3,529s][debug][gc,nmethod     ] GC(1) O: Unregister NMethod: io.sirix.access.trx.node.AbstractNodeReadOnlyTrx.getKind (0x000074dd3eccc208) [0x000074dd3eccc300, 0x000074dd3eccc480] 
[3,529s][debug][gc,nmethod     ] GC(1) O: Unregister NMethod: jdk.internal.foreign.ArenaImpl.allocate (0x000074dd3ece3108) [0x000074dd3ece3200, 0x000074dd3ece3b38] 
[3,529s][debug][gc,nmethod     ] GC(1) O: Unregister NMethod: jdk.internal.foreign.MemorySessionImpl$ResourceList$ResourceCleanup.<init> (0x000074dd1fa84588) [0x000074dd1fa84680, 0x000074dd1fa847d8] 
[3,529s][debug][gc,nmethod     ] GC(1) O: Unregister NMethod: io.sirix.node.xml.ElementNode.getHash (0x000074dd1f9e4c08) [0x000074dd1f9e4d00, 0x000074dd1f9e8570] 
[3,529s][debug][gc,nmethod     ] GC(1) O: Unregister NMethod: io.sirix.node.xml.ElementNode.getChildCount (0x000074dd1fa72908) [0x000074dd1fa72a00, 0x000074dd1fa76408] 
[3,529s][debug][gc,nmethod     ] GC(1) O: Unregister NMethod: java.nio.DirectByteBuffer.address (0x000074dd3ecf9a88) [0x000074dd3ecf9b80, 0x000074dd3ecf9d48] 
[3,529s][debug][gc,nmethod     ] GC(1) O: Unregister NMethod: io.sirix.node.xml.ElementNode.getAttributeKey (0x000074dd1fd50308) [0x000074dd1fd50400, 0x000074dd1fd505f8] 
[3,529s][debug][gc,nmethod     ] GC(1) O: Unregister NMethod: io.sirix.axis.AbstractAxis.nextLong (0x000074dd3ecd5688) [0x000074dd3ecd5780, 0x000074dd3ecd5d78] 
[3,529s][debug][gc,nmethod     ] GC(1) O: Unregister NMethod: com.sun.org.apache.xerces.internal.parsers.AbstractSAXParser.startNamespaceMapping (0x000074dd1fb9af88) [0x000074dd1fb9b080, 0x000074dd1fb9b8a8] 
[3,529s][debug][gc,nmethod     ] GC(1) O: Unregister NMethod: io.brackit.query.compiler.parser.Tokenizer.ws (0x000074dd1ff4b888) [0x000074dd1ff4b980, 0x000074dd1ff4bdd8] 
[3,529s][debug][gc,nmethod     ] GC(1) O: Unregister NMethod: java.lang.Long.numberOfTrailingZeros (0x000074dd1fe8e988) [0x000074dd1fe8ea80, 0x000074dd1fe8ec28] 
[3,529s][debug][gc,nmethod     ] GC(1) O: Unregister NMethod: java.lang.invoke.Invokers$Holder.linkToTargetMethod (0x000074dd1fa2e308) [0x000074dd1fa2e400, 0x000074dd1fa2e8f8] 
[3,529s][debug][gc,nmethod     ] GC(1) O: Unregister NMethod: java.util.stream.AbstractPipeline.<init> (0x000074dd1f432f88) [0x000074dd1f433080, 0x000074dd1f4333c8] 
[3,529s][debug][gc,nmethod     ] GC(1) O: Unregister NMethod: io.sirix.access.trx.page.NodePageReadOnlyTrx.assertNotClosed (0x000074dd1f98d888) [0x000074dd1f98d980, 0x000074dd1f98db98] 
[3,529s][debug][gc,nmethod     ] GC(1) O: Unregister NMethod: it.unimi.dsi.fastutil.longs.LongArrayList.grow (0x000074dd1fa4de08) [0x000074dd1fa4df00, 0x000074dd1fa4e460] 
[3,529s][debug][gc,nmethod     ] GC(1) O: Unregister NMethod: java.nio.Buffer.position (0x000074dd1f7adb88) [0x000074dd1f7adc80, 0x000074dd1f7adec0] 
[3,529s][debug][gc,nmethod     ] GC(1) O: Unregister NMethod: io.sirix.axis.AbstractAxis.<init> (0x000074dd1fadaf88) [0x000074dd1fadb080, 0x000074dd1fadbad0] 
[3,529s][debug][gc,nmethod     ] GC(1) O: Unregister NMethod: io.sirix.page.delegates.BitmapReferencesPage.getOrCreateReference (0x000074dd20018508) [0x000074dd20018600, 0x000074dd20018ca8] 
[3,529s][debug][gc,nmethod     ] GC(1) O: Unregister NMethod: java.lang.Long.hashCode (0x000074dd1f51ef88) [0x000074dd1f51f080, 0x000074dd1f51f170] 
[3,529s][debug][gc,nmethod     ] GC(1) O: Unregister NMethod: jdk.internal.classfile.impl.AbstractPoolEntry$AbstractRefsEntry.writeTo (0x000074dd1f506108) [0x000074dd1f506200, 0x000074dd1f506ba0] 
[3,529s][debug][gc,nmethod     ] GC(1) O: Unregister NMethod: java.util.Arrays.fill (0x000074dd1f534788) [0x000074dd1f534880, 0x000074dd1f534a08] 
[3,529s][debug][gc,nmethod     ] GC(1) O: Unregister NMethod: com.sun.org.apache.xerces.internal.impl.XMLEntityScanner.checkEntityLimit (0x000074dd1f9ef708) [0x000074dd1f9ef800, 0x000074dd1f9efaf8] 
[3,529s][debug][gc,nmethod     ] GC(1) O: Unregister NMethod: io.sirix.access.trx.node.xml.XmlNodeReadOnlyTrxImpl.getLocalNameKey (0x000074dd1ff9b988) [0x000074dd1ff9ba80, 0x000074dd1ff9c960] 
[3,529s][debug][gc,nmethod     ] GC(1) O: Unregister NMethod: java.lang.invoke.VarHandleGuards.guard_LJ_J (0x000074dd1f9ad688) [0x000074dd1f9ad780, 0x000074dd1f9b0640] 
[3,529s][debug][gc,nmethod     ] GC(1) O: Unregister NMethod: io.sirix.access.trx.page.NodePageTrx.createRecord (0x000074dd1fa46a88) [0x000074dd1fa46b80, 0x000074dd1fa4cfd8] 
[3,529s][debug][gc,nmethod     ] GC(1) O: Unregister NMethod: io.sirix.node.xml.TextNode.setRightSiblingKey (0x000074dd1fbdf608) [0x000074dd1fbdf700, 0x000074dd1fbe4828] 
[3,529s][debug][gc,nmethod     ] GC(1) O: Unregister NMethod: io.sirix.node.NodeSerializerImpl.writeDeweyID (0x000074dd1fe00008) [0x000074dd1fe00100, 0x000074dd1fe005f0] 
[3,529s][debug][gc,nmethod     ] GC(1) O: Unregister NMethod: java.lang.invoke.VarHandleReferences$FieldInstanceReadWrite.set (0x000074dd1f46ae08) [0x000074dd1f46af00, 0x000074dd1f46bf28] 
[3,529s][debug][gc,nmethod     ] GC(1) O: Unregister NMethod: io.sirix.index.path.summary.PathNode.getKind (0x000074dd1fd94608) [0x000074dd1fd94700, 0x000074dd1fd94808] 
[3,529s][debug][gc,nmethod     ] GC(1) O: Unregister NMethod: java.nio.ByteBuffer.<init> (0x000074dd1fadbb08) [0x000074dd1fadbc00, 0x000074dd1fadbd48] 
[3,529s][debug][gc,nmethod     ] GC(1) O: Unregister NMethod: io.sirix.access.trx.page.AbstractForwardingPageReadOnlyTrx.getResourceSession (0x000074dd1fb82f88) [0x000074dd1fb83080, 0x000074dd1fb835b8] 
[3,529s][debug][gc,nmethod     ] GC(1) O: Unregister NMethod: jdk.internal.foreign.AbstractMemorySegmentImpl$$Lambda/0x000000006924fe48.apply (0x000074dd1fda8408) [0x000074dd1fda8500, 0x000074dd1fda8680] 
[3,529s][debug][gc,nmethod     ] GC(1) O: Unregister NMethod: io.sirix.node.xml.AbstractStructForwardingNode.hasFirstChild (0x000074dd1fb6dd88) [0x000074dd1fb6de80, 0x000074dd1fb6e448] 
[3,529s][debug][gc,nmethod     ] GC(1) O: Unregister NMethod: java.util.HashMap.computeIfAbsent (0x000074dd1f52fc88) [0x000074dd1f52fd80, 0x000074dd1f532588] 
[3,529s][debug][gc,nmethod     ] GC(1) O: Unregister NMethod: jdk.internal.foreign.layout.ValueLayouts$OfByteImpl.dup (0x000074dd1fdaa788) [0x000074dd1fdaa880, 0x000074dd1fdaaa10] 
[3,529s][debug][gc,nmethod     ] GC(1) O: Unregister NMethod: jdk.internal.foreign.SegmentFactories.fromArray (0x000074dd1fd9ab88) [0x000074dd1fd9ac80, 0x000074dd1fd9b078] 
[3,529s][debug][gc,nmethod     ] GC(1) O: Unregister NMethod: java.lang.String.encode (0x000074dd1fe92f88) [0x000074dd1fe93080, 0x000074dd1fe933b8] 
[3,529s][debug][gc,nmethod     ] GC(1) O: Unregister NMethod: io.sirix.index.path.summary.PathSummaryWriter.getPathNodeKey (0x000074dd1fb7d588) [0x000074dd1fb7d680, 0x000074dd1fb814f8] 
[3,529s][debug][gc,nmethod     ] GC(1) O: Unregister NMethod: io.sirix.node.xml.ElementNode.getPrefixKey (0x000074dd1fbb7a88) [0x000074dd1fbb7b80, 0x000074dd1fbbcb70] 
[3,529s][debug][gc,nmethod     ] GC(1) O: Unregister NMethod: io.sirix.node.xml.AttributeNode.getKind (0x000074dd1fe35e88) [0x000074dd1fe35f80, 0x000074dd1fe362a0] 
[3,529s][debug][gc,nmethod     ] GC(1) O: Unregister NMethod: io.sirix.node.delegates.NodeDelegate.<init> (0x000074dd1fccad88) [0x000074dd1fccae80, 0x000074dd1fccb3d8] 
[3,529s][debug][gc,nmethod     ] GC(1) O: Unregister NMethod: jdk.internal.loader.URLClassPath$FileLoader.getResource (0x000074dd1f6f1f08) [0x000074dd1f6f2000, 0x000074dd1f6f4218] 
[3,529s][debug][gc,nmethod     ] GC(1) O: Unregister NMethod: com.sun.org.apache.xerces.internal.parsers.AbstractXMLDocumentParser.emptyElement (0x000074dd1fca9b08) [0x000074dd1fca9c00, 0x000074dd1fcaa118] 
[3,529s][debug][gc,nmethod     ] GC(1) O: Unregister NMethod: io.sirix.index.path.summary.PathSummaryReader.moveTo (0x000074dd3edf9b88) [0x000074dd3edf9c80, 0x000074dd3edfa648] 
[3,529s][debug][gc,nmethod     ] GC(1) O: Unregister NMethod: io.sirix.node.xml.ElementNode.hasLeftSibling (0x000074dd1fb22388) [0x000074dd1fb22480, 0x000074dd1fb278b8] 
[3,529s][debug][gc,nmethod     ] GC(1) O: Unregister NMethod: java.util.stream.StreamSupport.stream (0x000074dd1f801088) [0x000074dd1f801180, 0x000074dd1f801570] 
[3,529s][debug][gc,nmethod     ] GC(1) O: Unregister NMethod: io.sirix.index.path.summary.PathSummaryReader.assertNotClosed (0x000074dd1f9c8288) [0x000074dd1f9c8380, 0x000074dd1f9c8588] 
[3,529s][debug][gc,nmethod     ] GC(1) O: Unregister NMethod: io.sirix.index.path.summary.PathNode.getLocalNameKey (0x000074dd1fac5408) [0x000074dd1fac5500, 0x000074dd1fac5660] 
[3,530s][debug][gc,nmethod     ] GC(1) O: Unregister NMethod: java.lang.String.compareTo (0x000074dd1fb57d88) [0x000074dd1fb57e80, 0x000074dd1fb586b0] 
[3,530s][debug][gc,nmethod     ] GC(1) O: Unregister NMethod: io.sirix.node.xml.ElementNode.getFirstChildKey (0x000074dd1fafbf88) [0x000074dd1fafc080, 0x000074dd1fb01070] 
[3,530s][debug][gc,nmethod     ] GC(1) O: Unregister NMethod: io.sirix.access.trx.node.xml.XmlNodeReadOnlyTrxImpl.getNode (0x000074dd20019f08) [0x000074dd2001a000, 0x000074dd2001a2f8] 
[3,530s][debug][gc,nmethod     ] GC(1) O: Unregister NMethod: io.sirix.access.trx.page.NodePageTrx.getRecord (0x000074dd1fc1df88) [0x000074dd1fc1e080, 0x000074dd1fc20020] 
[3,530s][debug][gc,nmethod     ] GC(1) O: Unregister NMethod: jdk.internal.misc.Unsafe.checkOffset (0x000074dd1f745208) [0x000074dd1f745300, 0x000074dd1f745560] 
[3,530s][debug][gc,nmethod     ] GC(1) O: Unregister NMethod: org.magicwerk.brownies.collections.GapList.get (0x000074dd1fa01a88) [0x000074dd1fa01b80, 0x000074dd1fa03578] 
[3,530s][debug][gc,nmethod     ] GC(1) O: Unregister NMethod: jdk.internal.util.ArraysSupport.hashCode (0x000074dd1f759088) [0x000074dd1f759180, 0x000074dd1f759630] 
[3,530s][debug][gc,nmethod     ] GC(1) O: Unregister NMethod: io.sirix.access.trx.page.NodePageTrx.prepareRecordForModification (0x000074dd3ecba308) [0x000074dd3ecba400, 0x000074dd3ecbb430] 
[3,530s][debug][gc,nmethod     ] GC(1) O: Unregister NMethod: io.sirix.access.trx.node.xml.ForwardingXmlNodeReadOnlyTrx.getKind (0x000074dd1fabe288) [0x000074dd1fabe380, 0x000074dd1fabe978] 
[3,530s][debug][gc,nmethod     ] GC(1) O: Unregister NMethod: jdk.internal.classfile.impl.BufWriterImpl.patchInt (0x000074dd1f5fd508) [0x000074dd1f5fd600, 0x000074dd1f5fd7e0] 
[3,530s][debug][gc,nmethod     ] GC(1) O: Unregister NMethod: io.sirix.access.trx.page.NodePageTrx.prepareRecordForModification (0x000074dd20022188) [0x000074dd20022280, 0x000074dd20024108] 
[3,530s][debug][gc,nmethod     ] GC(1) O: Unregister NMethod: io.sirix.access.trx.page.NodePageReadOnlyTrx.getValue (0x000074dd1fe9a988) [0x000074dd1fe9aa80, 0x000074dd1fe9c5e0] 
[3,530s][debug][gc,nmethod     ] GC(1) O: Unregister NMethod: io.brackit.query.node.parser.SAX2SubtreeHandlerAdapter.characters (0x000074dd3ed10108) [0x000074dd3ed10200, 0x000074dd3ed108b0] 
[3,530s][debug][gc,nmethod     ] GC(1) O: Unregister NMethod: io.sirix.utils.XMLToken.ncName (0x000074dd1fb74b88) [0x000074dd1fb74c80, 0x000074dd1fb750d8] 
[3,530s][debug][gc,nmethod     ] GC(1) O: Unregister NMethod: io.brackit.query.node.parser.SAX2SubtreeHandlerAdapter.handleText (0x000074dd1fb2e088) [0x000074dd1fb2e180, 0x000074dd1fb2eab0] 
[3,530s][debug][gc,nmethod     ] GC(1) O: Unregister NMethod: jdk.internal.foreign.SegmentFactories.fromArray (0x000074dd1fd9fe88) [0x000074dd1fd9ff80, 0x000074dd1fda0a80] 
[3,530s][debug][gc,nmethod     ] GC(1) O: Unregister NMethod: com.sun.org.apache.xerces.internal.impl.XMLNSDocumentScannerImpl.next (0x000074dd1fcb9388) [0x000074dd1fcb9480, 0x000074dd1fcb9950] 
[3,530s][debug][gc,nmethod     ] GC(1) O: Unregister NMethod: com.sun.org.apache.xerces.internal.impl.XMLDocumentFragmentScannerImpl.scanContent (0x000074dd1fcb4a08) [0x000074dd1fcb4b00, 0x000074dd1fcb60f0] 
[3,530s][debug][gc,nmethod     ] GC(1) O: Unregister NMethod: io.sirix.cache.IndexLogKey.equals (0x000074dd3ecca208) [0x000074dd3ecca300, 0x000074dd3ecca4a8] 
[3,530s][debug][gc,nmethod     ] GC(1) O: Unregister NMethod: io.sirix.axis.filter.AbstractFilter.<init> (0x000074dd1fad3e88) [0x000074dd1fad3f80, 0x000074dd1fad44b8] 
[3,530s][debug][gc,nmethod     ] GC(1) O: Unregister NMethod: jdk.internal.foreign.HeapMemorySegmentImpl$OfByte.unsafeGetOffset (0x000074dd1fd9f708) [0x000074dd1fd9f800, 0x000074dd1fd9f918] 
[3,530s][debug][gc,nmethod     ] GC(1) O: Unregister NMethod: java.util.concurrent.locks.ReentrantLock.lock (0x000074dd201c8e08) [0x000074dd201c8f00, 0x000074dd201c96d0] 
[3,530s][debug][gc,nmethod     ] GC(1) O: Unregister NMethod: io.sirix.index.path.summary.PathSummaryWriter.getPathNodeKey (0x000074dd20029608) [0x000074dd20029700, 0x000074dd2002d560] 
[3,530s][debug][gc,nmethod     ] GC(1) O: Unregister NMethod: io.sirix.access.trx.node.xml.XmlNodeReadOnlyTrxImpl.isNameNode (0x000074dd1ff9b008) [0x000074dd1ff9b100, 0x000074dd1ff9b950] 
[3,530s][debug][gc,nmethod     ] GC(1) O: Unregister NMethod: io.sirix.page.KeyValueLeafPage.setDeweyId (0x000074dd1fdaa408) [0x000074dd1fdaa500, 0x000074dd1fdaa748] 
[3,530s][debug][gc,nmethod     ] GC(1) O: Unregister NMethod: it.unimi.dsi.fastutil.ints.Int2IntOpenHashMap.put (0x000074dd3ed1c608) [0x000074dd3ed1c700, 0x000074dd3ed1c9f8] 
[3,530s][debug][gc,nmethod     ] GC(1) O: Unregister NMethod: io.sirix.page.delegates.ReferencesPage4.getOrCreateReference (0x000074dd1feb7888) [0x000074dd1feb7980, 0x000074dd1feb9398] 
[3,530s][debug][gc,nmethod     ] GC(1) O: Unregister NMethod: jdk.internal.ref.CleanerImpl$CleanableList.insert (0x000074dd1f4de808) [0x000074dd1f4de900, 0x000074dd1f4df380] 
[3,530s][debug][gc,nmethod     ] GC(1) O: Unregister NMethod: io.sirix.node.SirixDeweyID.newBetween (0x000074dd1fb28708) [0x000074dd1fb28800, 0x000074dd1fb2ba18] 
[3,530s][debug][gc,nmethod     ] GC(1) O: Unregister NMethod: io.sirix.access.trx.node.AbstractNodeReadOnlyTrx.hasNode (0x000074dd1fb41188) [0x000074dd1fb41280, 0x000074dd1fb41eb0] 
[3,530s][debug][gc,nmethod     ] GC(1) O: Unregister NMethod: io.sirix.access.trx.node.xml.XmlNodeTrxImpl.insertTextAsRightSibling (0x000074dd1fbf5a88) [0x000074dd1fbf5b80, 0x000074dd1fc045d8] 
[3,530s][debug][gc,nmethod     ] GC(1) O: Unregister NMethod: jdk.internal.foreign.layout.ValueLayouts$AbstractValueLayout.assertCarrierSize (0x000074dd1fdfe988) [0x000074dd1fdfea80, 0x000074dd1fdfeb90] 
[3,530s][debug][gc,nmethod     ] GC(1) O: Unregister NMethod: com.sun.org.apache.xerces.internal.impl.XMLEntityScanner.skipSpaces (0x000074dd1fce7588) [0x000074dd1fce7680, 0x000074dd1fce8910] 
[3,530s][debug][gc,nmethod     ] GC(1) O: Unregister NMethod: jdk.internal.foreign.Utils$BaseAndScale.of (0x000074dd1f990288) [0x000074dd1f990380, 0x000074dd1f991998] 
[3,530s][debug][gc,nmethod     ] GC(1) O: Unregister NMethod: io.sirix.access.trx.page.NodePageReadOnlyTrx.loadPage (0x000074dd1fe90688) [0x000074dd1fe90780, 0x000074dd1fe925f0] 
[3,530s][debug][gc,nmethod     ] GC(1) O: Unregister NMethod: jdk.internal.foreign.layout.ValueLayouts$AbstractValueLayout.assertCarrierSize (0x000074dd1fda5d88) [0x000074dd1fda5e80, 0x000074dd1fda5f58] 
[3,530s][debug][gc,nmethod     ] GC(1) O: Unregister NMethod: java.lang.Integer.valueOf (0x000074dd1f52b008) [0x000074dd1f52b100, 0x000074dd1f52b418] 
[3,530s][debug][gc,nmethod     ] GC(1) O: Unregister NMethod: io.sirix.index.path.summary.PathSummaryReader.getNodeKey (0x000074dd1fa0e608) [0x000074dd1fa0e700, 0x000074dd1fa0ebb0] 
[3,530s][debug][gc,nmethod     ] GC(1) O: Unregister NMethod: java.util.ArrayList.iterator (0x000074dd1f5bfa08) [0x000074dd1f5bfb00, 0x000074dd1f5bfe00] 
[3,530s][debug][gc,nmethod     ] GC(1) O: Unregister NMethod: com.sun.org.apache.xerces.internal.impl.XMLDocumentFragmentScannerImpl.getString (0x000074dd1fc56d08) [0x000074dd1fc56e00, 0x000074dd1fc57a30] 
[3,530s][debug][gc,nmethod     ] GC(1) O: Unregister NMethod: io.sirix.query.node.XmlDBNode.<init> (0x000074dd1fabf408) [0x000074dd1fabf500, 0x000074dd1fac0d90] 
[3,530s][debug][gc,nmethod     ] GC(1) O: Unregister NMethod: io.sirix.access.trx.node.AbstractNodeReadOnlyTrx.hasFirstChild (0x000074dd1fbe9088) [0x000074dd1fbe9180, 0x000074dd1fbe99a0] 
[3,530s][debug][gc,nmethod     ] GC(1) O: Unregister NMethod: io.sirix.node.NodeKind$4.deserialize (0x000074dd1ffa7288) [0x000074dd1ffa7380, 0x000074dd1ffa8f38] 
[3,530s][debug][gc,nmethod     ] GC(1) O: Unregister NMethod: io.sirix.access.trx.node.xml.ForwardingXmlNodeReadOnlyTrx.getResourceSession (0x000074dd1fabdb88) [0x000074dd1fabdc80, 0x000074dd1fabe278] 
[3,530s][debug][gc,nmethod     ] GC(1) O: Unregister NMethod: com.sun.org.apache.xerces.internal.impl.XMLEntityScanner.skipString (0x000074dd3ecfde88) [0x000074dd3ecfdf80, 0x000074dd3ecfec48] 
[3,530s][debug][gc,nmethod     ] GC(1) O: Unregister NMethod: io.sirix.access.trx.node.xml.XmlNodeReadOnlyTrxImpl.getNode (0x000074dd2001ee08) [0x000074dd2001ef00, 0x000074dd20021480] 
[3,530s][debug][gc,nmethod     ] GC(1) O: Unregister NMethod: com.sun.org.apache.xerces.internal.impl.XMLDocumentFragmentScannerImpl.scanDocument (0x000074dd1fd0d408) [0x000074dd1fd0d500, 0x000074dd1fd100f8] 
[3,530s][debug][gc,nmethod     ] GC(1) O: Unregister NMethod: it.unimi.dsi.fastutil.ints.Int2LongOpenHashMap.get (0x000074dd1fb13108) [0x000074dd1fb13200, 0x000074dd1fb13750] 
[3,530s][debug][gc,nmethod     ] GC(1) O: Unregister NMethod: it.unimi.dsi.fastutil.shorts.AbstractShortList.ensureIndex (0x000074dd1feb9408) [0x000074dd1feb9500, 0x000074dd1febb7e0] 
[3,530s][debug][gc,nmethod     ] GC(1) O: Unregister NMethod: java.util.stream.AbstractPipeline.sourceSpliterator (0x000074dd1f402408) [0x000074dd1f402500, 0x000074dd1f403fc8] 
[3,530s][debug][gc,nmethod     ] GC(1) O: Unregister NMethod: io.sirix.page.KeyValueLeafPage.getDeweyId (0x000074dd1fdf8008) [0x000074dd1fdf8100, 0x000074dd1fdfd8b0] 
[3,530s][debug][gc,nmethod     ] GC(1) O: Unregister NMethod: java.util.HashMap.putIfAbsent (0x000074dd1f43dc08) [0x000074dd1f43dd00, 0x000074dd1f43e2e8] 
[3,530s][debug][gc,nmethod     ] GC(1) O: Unregister NMethod: com.sun.org.apache.xerces.internal.util.NamespaceSupport.popContext (0x000074dd1fc0c408) [0x000074dd1fc0c500, 0x000074dd1fc0c668] 
[3,530s][debug][gc,nmethod     ] GC(1) O: Unregister NMethod: jdk.internal.foreign.AbstractMemorySegmentImpl$$Lambda/0x000000006924fe48.apply (0x000074dd1fdfec88) [0x000074dd1fdfed80, 0x000074dd1fdfef60] 
[3,530s][debug][gc,nmethod     ] GC(1) O: Unregister NMethod: io.sirix.cache.LinuxMemorySegmentAllocator.partitionVirtualRegion (0x000074dd1f419008) [0x000074dd1f419100, 0x000074dd1f41a080] 
[3,530s][debug][gc,nmethod     ] GC(1) O: Unregister NMethod: io.brackit.query.node.parser.SAX2SubtreeHandlerAdapter.endElement (0x000074dd1fbcc208) [0x000074dd1fbcc300, 0x000074dd1fbcdf48] 
[3,530s][debug][gc,nmethod     ] GC(1) O: Unregister NMethod: io.sirix.page.NamePage.incrementAndGetMaxNodeKey (0x000074dd20068888) [0x000074dd20068980, 0x000074dd20068bf8] 
[3,530s][debug][gc,nmethod     ] GC(1) O: Unregister NMethod: java.util.ArrayDeque.isEmpty (0x000074dd1fb07288) [0x000074dd1fb07380, 0x000074dd1fb074d0] 
[3,530s][debug][gc,nmethod     ] GC(1) O: Unregister NMethod: io.brackit.query.node.parser.SAX2SubtreeHandlerAdapter$TrimmingStringBuilder.append (0x000074dd3ed10908) [0x000074dd3ed10a00, 0x000074dd3ed11030] 
[3,530s][debug][gc,nmethod     ] GC(1) O: Unregister NMethod: io.brackit.query.node.parser.SAX2SubtreeHandlerAdapter.startElement (0x000074dd1fba4408) [0x000074dd1fba4500, 0x000074dd1fba61f8] 
[3,530s][debug][gc,nmethod     ] GC(1) O: Unregister NMethod: io.sirix.access.trx.node.xml.XmlNodeFactoryImpl.createPathNode (0x000074dd1fcd3d88) [0x000074dd1fcd3e80, 0x000074dd1fcd6ff8] 
[3,530s][debug][gc,nmethod     ] GC(1) O: Unregister NMethod: jdk.internal.classfile.impl.StackMapGenerator.of (0x000074dd1f716b08) [0x000074dd1f716c00, 0x000074dd1f718170] 
[3,530s][debug][gc,nmethod     ] GC(1) O: Unregister NMethod: java.util.stream.AbstractPipeline.wrapSink (0x000074dd1f811b08) [0x000074dd1f811c00, 0x000074dd1f812178] 
[3,530s][debug][gc,nmethod     ] GC(1) O: Unregister NMethod: io.sirix.utils.XMLToken.isNCChar (0x000074dd3eccd988) [0x000074dd3eccda80, 0x000074dd3eccdb60] 
[3,530s][debug][gc,nmethod     ] GC(1) O: Unregister NMethod: com.sun.org.apache.xerces.internal.parsers.AbstractSAXParser$AttributesProxy.getLength (0x000074dd1fb70388) [0x000074dd1fb70480, 0x000074dd1fb707c0] 
[3,530s][debug][gc,nmethod     ] GC(1) O: Unregister NMethod: io.sirix.cache.LinuxMemorySegmentAllocator.partitionVirtualRegion (0x000074dd1f491608) [0x000074dd1f491700, 0x000074dd1f492518] 
[3,530s][debug][gc,nmethod     ] GC(1) O: Unregister NMethod: java.lang.Math.multiplyHigh (0x000074dd1f9f8508) [0x000074dd1f9f8600, 0x000074dd1f9f8758] 
[3,530s][debug][gc,nmethod     ] GC(1) O: Unregister NMethod: jdk.internal.foreign.HeapMemorySegmentImpl$OfByte.unsafeGetOffset (0x000074dd1fd9a588) [0x000074dd1fd9a680, 0x000074dd1fd9a780] 
[3,530s][debug][gc,nmethod     ] GC(1) O: Unregister NMethod: jdk.internal.foreign.Utils.checkNonNegativeIndex (0x000074dd1fa41b88) [0x000074dd1fa41c80, 0x000074dd1fa42e48] 
[3,531s][debug][gc,nmethod     ] Register NMethod: io.sirix.page.KeyValueLeafPage.getReferences (0x000074dd2043ce88) [0x000074dd2043cf80, 0x000074dd2043d790] Compiler: c1, Barriers: 1, Oops: 1, ImmediateOops: 0, NonImmediateOops: No
[3,531s][debug][gc,nmethod     ] GC(1) O: Unregister NMethod: com.sun.org.apache.xerces.internal.impl.XMLEntityScanner.skipChar (0x000074dd1fa2fb88) [0x000074dd1fa2fc80, 0x000074dd1fa301c8] 
[3,531s][debug][gc,nmethod     ] GC(1) O: Unregister NMethod: jdk.internal.classfile.impl.SplitConstantPool.findEntry (0x000074dd1f4f5588) [0x000074dd1f4f5680, 0x000074dd1f4f6d88] 
[3,531s][debug][gc,nmethod     ] GC(1) O: Unregister NMethod: io.brackit.query.atomic.Una.<init> (0x000074dd1fb0bb08) [0x000074dd1fb0bc00, 0x000074dd1fb0bf20] 
[3,531s][debug][gc,nmethod     ] GC(1) O: Unregister NMethod: java.util.concurrent.ConcurrentHashMap$Traverser.advance (0x000074dd1f683f08) [0x000074dd1f684000, 0x000074dd1f6850f8] 
[3,531s][debug][gc,nmethod     ] GC(1) O: Unregister NMethod: io.sirix.query.node.SubtreeProcessor.notifyAttribute (0x000074dd1fc72788) [0x000074dd1fc72880, 0x000074dd1fc732e0] 
[3,531s][debug][gc,nmethod     ] GC(1) O: Unregister NMethod: io.sirix.access.trx.node.AbstractNodeHashing.rollingAdd (0x000074dd1faa4788) [0x000074dd1faa4880, 0x000074dd1faa9be0] 
[3,531s][debug][gc,nmethod     ] GC(1) O: Unregister NMethod: jdk.internal.foreign.layout.AbstractLayout.requirePowerOfTwoAndGreaterOrEqualToOne (0x000074dd1fd9c388) [0x000074dd1fd9c480, 0x000074dd1fd9c828] 
[3,531s][debug][gc,nmethod     ] GC(1) O: Unregister NMethod: io.sirix.query.node.XmlDBNode.<init> (0x000074dd3eceaa08) [0x000074dd3eceab00, 0x000074dd3eceb598] 
[3,531s][debug][gc,nmethod     ] GC(1) O: Unregister NMethod: jdk.internal.foreign.MemorySessionImpl.addInternal (0x000074dd1fd16608) [0x000074dd1fd16700, 0x000074dd1fd17670] 
[3,531s][debug][gc,nmethod     ] GC(1) O: Unregister NMethod: jdk.internal.foreign.ConfinedSession$ConfinedResourceList.add (0x000074dd1fd8d788) [0x000074dd1fd8d880, 0x000074dd1fd8dc48] 
[3,531s][debug][gc,nmethod     ] GC(1) O: Unregister NMethod: com.sun.org.apache.xerces.internal.parsers.AbstractSAXParser.startElement (0x000074dd3ed47c08) [0x000074dd3ed47d00, 0x000074dd3ed4b7b0] 
[3,531s][debug][gc,nmethod     ] GC(1) O: Unregister NMethod: java.lang.foreign.MemorySegment.copy (0x000074dd1fd23308) [0x000074dd1fd23400, 0x000074dd1fd33d08] 
[3,531s][debug][gc,nmethod     ] GC(1) O: Unregister NMethod: com.sun.org.apache.xerces.internal.impl.XMLEntityScanner.scanContent (0x000074dd3ecfcf08) [0x000074dd3ecfd0a0, 0x000074dd3ecfdb50] 
[3,531s][debug][gc,nmethod     ] GC(1) O: Unregister NMethod: io.sirix.axis.filter.FilterAxis.<init> (0x000074dd3ed20688) [0x000074dd3ed20780, 0x000074dd3ed21898] 
[3,531s][debug][gc,nmethod     ] GC(1) O: Unregister NMethod: io.sirix.page.KeyValueLeafPage.updateLastSlotIndex (0x000074dd1ff10e88) [0x000074dd1ff10f80, 0x000074dd1ff11300] 
[3,531s][debug][gc,nmethod     ] GC(1) O: Unregister NMethod: io.sirix.node.json.JsonNodeSerializer.updateSizePrefix (0x000074dd1fd72988) [0x000074dd1fd72a80, 0x000074dd1fd730f0] 
[3,531s][debug][gc,nmethod     ] GC(1) O: Unregister NMethod: jdk.internal.classfile.impl.TerminalCodeBuilder.setupTopLocal (0x000074dd1f6bc308) [0x000074dd1f6bc400, 0x000074dd1f6be988] 
[3,531s][debug][gc,nmethod     ] GC(1) O: Unregister NMethod: io.sirix.axis.filter.xml.XmlNameFilter.filter (0x000074dd1ff99a88) [0x000074dd1ff99b80, 0x000074dd1ff9afc8] 
[3,531s][debug][gc,nmethod     ] GC(1) O: Unregister NMethod: java.lang.ClassLoader.getClassLoadingLock (0x000074dd1f4c8608) [0x000074dd1f4c8700, 0x000074dd1f4c8bd0] 
[3,531s][debug][gc,nmethod     ] GC(1) O: Unregister NMethod: io.sirix.page.KeyValueLeafPage.getNumberOfNonNullEntries (0x000074dd20009e88) [0x000074dd20009f80, 0x000074dd2000a530] 
[3,531s][debug][gc,nmethod     ] GC(1) O: Unregister NMethod: jdk.xml.internal.XMLSecurityManager.isOverLimit (0x000074dd1fa4e488) [0x000074dd1fa4e580, 0x000074dd1fa4fb60] 
[3,531s][debug][gc,nmethod     ] GC(1) O: Unregister NMethod: io.sirix.cache.SegmentAllocators.getIndexForSize (0x000074dd1fcf8488) [0x000074dd1fcf8580, 0x000074dd1fcf8ab8] 
[3,531s][debug][gc,nmethod     ] GC(1) O: Unregister NMethod: jdk.internal.misc.Unsafe.getLongUnaligned (0x000074dd1f999288) [0x000074dd1f999380, 0x000074dd1f999560] 
[3,531s][debug][gc,nmethod     ] GC(1) O: Unregister NMethod: jdk.internal.foreign.AbstractMemorySegmentImpl.asSlice (0x000074dd1fab4d88) [0x000074dd1fab4e80, 0x000074dd1fab52c0] 
[3,531s][debug][gc,nmethod     ] GC(1) O: Unregister NMethod: io.sirix.node.json.JsonNodeSerializer.writeEndPadding (0x000074dd1fd1ca08) [0x000074dd1fd1cb00, 0x000074dd1fd1cda0] 
[3,531s][debug][gc,nmethod     ] GC(1) O: Unregister NMethod: java.lang.String.getBytes (0x000074dd1fe6a708) [0x000074dd1fe6a800, 0x000074dd1fe6ad08] 
[3,531s][debug][gc,nmethod     ] GC(1) O: Unregister NMethod: java.util.BitSet.cardinality (0x000074dd1fa09b88) [0x000074dd1fa09c80, 0x000074dd1fa09ee0] 
[3,531s][debug][gc,nmethod     ] GC(1) O: Unregister NMethod: io.sirix.cache.IndexLogKey.equals (0x000074dd1fbdbe88) [0x000074dd1fbdbf80, 0x000074dd1fbdc8c8] 
[3,531s][debug][gc,nmethod     ] GC(1) O: Unregister NMethod: io.sirix.node.xml.TextNode.<init> (0x000074dd1fb41f08) [0x000074dd1fb42000, 0x000074dd1fb42820] 
[3,531s][debug][gc,nmethod     ] GC(1) O: Unregister NMethod: io.sirix.node.NodeSerializerImpl.writeDeweyID (0x000074dd1fdf5388) [0x000074dd1fdf5480, 0x000074dd1fdf57a0] 
[3,531s][debug][gc,nmethod     ] GC(1) O: Unregister NMethod: io.sirix.page.NamePage.getCurrentMaxLevelOfIndirectPages (0x000074dd2034e208) [0x000074dd2034e300, 0x000074dd2034e4a8] 
[3,531s][debug][gc,nmethod     ] GC(1) O: Unregister NMethod: com.sun.org.apache.xerces.internal.impl.XMLEntityScanner.peekChar (0x000074dd3ecd1f08) [0x000074dd3ecd2000, 0x000074dd3ecd21b8] 
[3,531s][debug][gc,nmethod     ] GC(1) O: Unregister NMethod: java.lang.StringUTF16.compress (0x000074dd1feed888) [0x000074dd1feed980, 0x000074dd1feedbb0] 
[3,531s][debug][gc,nmethod     ] GC(1) O: Unregister NMethod: com.sun.org.apache.xerces.internal.util.XMLAttributesImpl.getValue (0x000074dd1fc5a188) [0x000074dd1fc5a280, 0x000074dd1fc5a8b0] 
[3,531s][debug][gc,nmethod     ] GC(1) O: Unregister NMethod: com.sun.org.apache.xerces.internal.impl.XMLNSDocumentScannerImpl.scanStartElement (0x000074dd1fbad208) [0x000074dd1fbad300, 0x000074dd1fbb55e0] 
[3,531s][debug][gc,nmethod     ] GC(1) O: Unregister NMethod: io.sirix.axis.filter.FilterAxis.nextKey (0x000074dd3ed00a88) [0x000074dd3ed00b80, 0x000074dd3ed04f30] 
[3,531s][debug][gc,nmethod     ] GC(1) O: Unregister NMethod: com.sun.org.apache.xerces.internal.impl.XMLNSDocumentScannerImpl.scanAttribute (0x000074dd1fcaa188) [0x000074dd1fcaa280, 0x000074dd1fcb2320] 
[3,531s][debug][gc,nmethod     ] GC(1) O: Unregister NMethod: jdk.internal.foreign.Utils$BaseAndScale$$TypeSwitch/0x000000006924c368.typeSwitch (0x000074dd1f98ee08) [0x000074dd1f98ef00, 0x000074dd1f990228] 
[3,531s][debug][gc,nmethod     ] GC(1) O: Unregister NMethod: com.sun.org.apache.xerces.internal.impl.XMLEntityScanner.skipString (0x000074dd1fbdd088) [0x000074dd1fbdd180, 0x000074dd1fbde2a0] 
[3,531s][debug][gc,nmethod     ] GC(1) O: Unregister NMethod: jdk.internal.foreign.SegmentBulkOperations.copy (0x000074dd1fd33d88) [0x000074dd1fd33e80, 0x000074dd1fd44340] 
[3,531s][debug][gc,nmethod     ] GC(1) O: Unregister NMethod: io.brackit.query.jdm.type.ElementType.getNodeKind (0x000074dd20145a88) [0x000074dd20145b80, 0x000074dd20145c88] 
[3,531s][debug][gc,nmethod     ] GC(1) O: Unregister NMethod: jdk.internal.foreign.AbstractMemorySegmentImpl.asSliceNoCheck (0x000074dd3ec48d08) [0x000074dd3ec48e00, 0x000074dd3ec48f78] 
[3,531s][debug][gc,nmethod     ] GC(1) O: Unregister NMethod: java.lang.StringConcatHelper.newArrayWithSuffix (0x000074dd1f4ea708) [0x000074dd1f4ea800, 0x000074dd1f4eb750] 
[3,531s][debug][gc,nmethod     ] GC(1) O: Unregister NMethod: io.sirix.page.KeyValueLeafPage.getDeweyId (0x000074dd3ec9e688) [0x000074dd3ec9e780, 0x000074dd3ec9e8b8] 
[3,531s][debug][gc,nmethod     ] GC(1) O: Unregister NMethod: java.lang.foreign.MemorySegment.copy (0x000074dd1fb37888) [0x000074dd1fb37980, 0x000074dd1fb40968] 
[3,531s][debug][gc,nmethod     ] GC(1) O: Unregister NMethod: io.sirix.node.NodeSerializerImpl.serializeDeweyID (0x000074dd3ed7a908) [0x000074dd3ed7aa00, 0x000074dd3ed7bd30] 
[3,531s][debug][gc,nmethod     ] GC(1) O: Unregister NMethod: java.lang.String.<init> (0x000074dd1fbb6308) [0x000074dd1fbb6400, 0x000074dd1fbb6628] 
[3,531s][debug][gc,nmethod     ] GC(1) O: Unregister NMethod: io.sirix.page.PageKind$1.serializePage (0x000074dd3edcaf88) [0x000074dd3edcb080, 0x000074dd3edd2508] 
[3,531s][debug][gc,nmethod     ] GC(1) O: Unregister NMethod: jdk.internal.foreign.MemorySessionImpl.asArena (0x000074dd1fa8b008) [0x000074dd1fa8b100, 0x000074dd1fa8b590] 
[3,531s][debug][gc,nmethod     ] GC(1) O: Unregister NMethod: io.sirix.node.xml.AbstractStructForwardingNode.hasRightSibling (0x000074dd1fb07a08) [0x000074dd1fb07b00, 0x000074dd1fb080c8] 
[3,531s][debug][gc,nmethod     ] GC(1) O: Unregister NMethod: sun.security.provider.DigestBase.engineUpdate (0x000074dd20079488) [0x000074dd20079580, 0x000074dd2007a760] 
[3,531s][debug][gc,nmethod     ] GC(1) O: Unregister NMethod: java.util.HashMap.computeIfAbsent (0x000074dd1fcb6108) [0x000074dd1fcb6200, 0x000074dd1fcb8a08] 
[3,531s][debug][gc,nmethod     ] GC(1) O: Unregister NMethod: io.sirix.access.trx.node.xml.XmlNodeTrxImpl.adaptForInsert (0x000074dd1facb108) [0x000074dd1facb200, 0x000074dd1facdfc8] 
[3,531s][debug][gc,nmethod     ] GC(1) O: Unregister NMethod: java.lang.invoke.VarHandleSegmentAsInts.get (0x000074dd1f988288) [0x000074dd1f988380, 0x000074dd1f98d820] 
[3,531s][debug][gc,nmethod     ] GC(1) O: Unregister NMethod: io.sirix.page.KeyValueLeafPage.processEntries (0x000074dd20074388) [0x000074dd20074480, 0x000074dd200778a0] 
[3,531s][debug][gc,nmethod     ] GC(1) O: Unregister NMethod: io.sirix.page.KeyValueLeafPage.getDeweyIdAsByteArray (0x000074dd1f480d08) [0x000074dd1f480e00, 0x000074dd1f481388] 
[3,531s][debug][gc,nmethod     ] GC(1) O: Unregister NMethod: io.sirix.query.node.XmlDBNode.<init> (0x000074dd1ff59488) [0x000074dd1ff59580, 0x000074dd1ff5ae10] 
[3,531s][debug][gc,nmethod     ] GC(1) O: Unregister NMethod: io.sirix.access.trx.node.AbstractNodeReadOnlyTrx.moveTo (0x000074dd3ecb8b88) [0x000074dd3ecb8c80, 0x000074dd3ecb9768] 
[3,531s][debug][gc,nmethod     ] GC(1) O: Unregister NMethod: java.lang.StringUTF16.putChar (0x000074dd1fe6ad88) [0x000074dd1fe6ae80, 0x000074dd1fe6afc0] 
[3,531s][debug][gc,nmethod     ] GC(1) O: Unregister NMethod: com.sun.org.apache.xerces.internal.impl.XMLEntityScanner.peekChar (0x000074dd1fcb8a88) [0x000074dd1fcb8b80, 0x000074dd1fcb9038] 
[3,531s][debug][gc,nmethod     ] GC(1) O: Unregister NMethod: java.nio.Buffer.limit (0x000074dd1f402088) [0x000074dd1f402180, 0x000074dd1f4023f0] 
[3,531s][debug][gc,nmethod     ] GC(1) O: Unregister NMethod: com.sun.org.apache.xerces.internal.impl.XMLDocumentFragmentScannerImpl.scanEndElement (0x000074dd1fc14608) [0x000074dd1fc14700, 0x000074dd1fc15e28] 
[3,531s][debug][gc,nmethod     ] GC(1) O: Unregister NMethod: com.sun.org.apache.xerces.internal.impl.XMLDocumentFragmentScannerImpl$FragmentContentDriver.next (0x000074dd20052e88) [0x000074dd20052f80, 0x000074dd20060a40] 
[3,531s][debug][gc,nmethod     ] GC(1) O: Unregister NMethod: io.sirix.page.KeyValueLeafPage.updateFreeSpaceStart (0x000074dd1fd96088) [0x000074dd1fd96180, 0x000074dd1fd96330] 
[3,531s][debug][gc,nmethod     ] GC(1) O: Unregister NMethod: io.sirix.settings.VersioningType$4.combineRecordPages (0x000074dd2014b688) [0x000074dd2014b780, 0x000074dd201503e0] 
[3,531s][debug][gc,nmethod     ] GC(1) O: Unregister NMethod: java.lang.classfile.CodeBuilder.invoke (0x000074dd1f778308) [0x000074dd1f778400, 0x000074dd1f778b98] 
[3,531s][debug][gc,nmethod     ] GC(1) O: Unregister NMethod: jdk.internal.classfile.impl.SplitConstantPool.utf8Entry (0x000074dd1f4e8088) [0x000074dd1f4e8180, 0x000074dd1f4e8478] 
[3,531s][debug][gc,nmethod     ] GC(1) O: Unregister NMethod: io.sirix.access.trx.page.NodePageTrx.prepareRecordForModification (0x000074dd1fc12608) [0x000074dd1fc12700, 0x000074dd1fc14588] 
[3,531s][debug][gc,nmethod     ] GC(1) O: Unregister NMethod: io.sirix.page.PageKind$1.deserializePage (0x000074dd20154308) [0x000074dd20154400, 0x000074dd20158748] 
[3,532s][debug][gc,nmethod     ] GC(1) O: Unregister NMethod: java.util.HashMap.computeIfAbsent (0x000074dd3eccfc08) [0x000074dd3eccfd20, 0x000074dd3ecd1ee0] 
[3,532s][debug][gc,nmethod     ] GC(1) O: Unregister NMethod: io.brackit.query.atomic.AbstractAtomic.<init> (0x000074dd1fa43188) [0x000074dd1fa43280, 0x000074dd1fa43498] 
[3,532s][debug][gc,nmethod     ] GC(1) O: Unregister NMethod: io.sirix.access.trx.page.NodePageTrx.getPageContainer (0x000074dd1febf188) [0x000074dd1febf280, 0x000074dd1fec03c0] 
[3,532s][debug][gc,nmethod     ] GC(1) O: Unregister NMethod: io.sirix.node.xml.AttributeNode.getDeweyID (0x000074dd1fda5988) [0x000074dd1fda5a80, 0x000074dd1fda5d48] 
[3,532s][debug][gc,nmethod     ] GC(1) O: Unregister NMethod: io.sirix.page.AbstractForwardingPage.getOrCreateReference (0x000074dd1fa09f08) [0x000074dd1fa0a000, 0x000074dd1fa0a510] 
[3,532s][debug][gc,nmethod     ] GC(1) O: Unregister NMethod: io.sirix.query.node.SubtreeProcessor.notifyText (0x000074dd1fb4ae88) [0x000074dd1fb4af80, 0x000074dd1fb4b9e0] 
[3,532s][debug][gc,nmethod     ] GC(1) O: Unregister NMethod: jdk.internal.classfile.impl.StackMapGenerator.processBlock (0x000074dd1f492d08) [0x000074dd1f492e00, 0x000074dd1f4c20c8] 
[3,532s][debug][gc,nmethod     ] GC(1) O: Unregister NMethod: java.lang.StringLatin1.compareTo (0x000074dd1f801f88) [0x000074dd1f802080, 0x000074dd1f8023d0] 
[3,532s][debug][gc,nmethod     ] GC(1) O: Unregister NMethod: it.unimi.dsi.fastutil.ints.Int2IntOpenHashMap.put (0x000074dd1fb51908) [0x000074dd1fb51a00, 0x000074dd1fb51c68] 
[3,532s][debug][gc,nmethod     ] GC(1) O: Unregister NMethod: jdk.internal.foreign.GlobalSession.release0 (0x000074dd1fe60b08) [0x000074dd1fe60c00, 0x000074dd1fe60cf8] 
[3,532s][debug][gc,nmethod     ] GC(1) O: Unregister NMethod: io.sirix.node.xml.ElementNode.hasLeftSibling (0x000074dd3ed05408) [0x000074dd3ed05500, 0x000074dd3ed05958] 
[3,532s][debug][gc,nmethod     ] GC(1) O: Unregister NMethod: io.sirix.access.trx.node.xml.XmlNodeTrxImpl.insertElementAsRightSibling (0x000074dd1fbd4588) [0x000074dd1fbd4680, 0x000074dd1fbdb3c8] 
[3,532s][debug][gc,nmethod     ] GC(1) O: Unregister NMethod: io.sirix.access.trx.node.xml.ForwardingXmlNodeReadOnlyTrx.getNodeKey (0x000074dd1fa31488) [0x000074dd1fa31580, 0x000074dd1fa31b78] 
[3,532s][debug][gc,nmethod     ] GC(1) O: Unregister NMethod: io.sirix.access.trx.node.AbstractNodeHashing.rollingAdd (0x000074dd3ed2d708) [0x000074dd3ed2d800, 0x000074dd3ed3e6d0] 
[3,532s][debug][gc,nmethod     ] GC(1) O: Unregister NMethod: it.unimi.dsi.fastutil.ints.Int2ObjectOpenHashMap.get (0x000074dd3ed06808) [0x000074dd3ed06900, 0x000074dd3ed06d68] 
[3,532s][debug][gc,nmethod     ] GC(1) O: Unregister NMethod: java.util.ArrayDeque.pollFirst (0x000074dd1f505a88) [0x000074dd1f505b80, 0x000074dd1f5060e0] 
[3,532s][debug][gc,nmethod     ] GC(1) O: Unregister NMethod: com.sun.org.apache.xerces.internal.impl.XMLDocumentFragmentScannerImpl.scanDocument (0x000074dd3eefb688) [0x000074dd3eefb780, 0x000074dd3ef0a350] 
[3,532s][debug][gc,nmethod     ] GC(1) O: Unregister NMethod: com.sun.org.apache.xerces.internal.impl.XMLEntityScanner.scanQName (0x000074dd1fce4188) [0x000074dd1fce4280, 0x000074dd1fce64b8] 
[3,532s][debug][gc,nmethod     ] GC(1) O: Unregister NMethod: java.lang.invoke.VarHandleSegmentAsBytes.get (0x000074dd1fe7d608) [0x000074dd1fe7d700, 0x000074dd1fe82988] 
[3,532s][debug][gc,nmethod     ] GC(1) O: Unregister NMethod: it.unimi.dsi.fastutil.ints.Int2IntOpenHashMap.put (0x000074dd1fe9ff88) [0x000074dd1fea0080, 0x000074dd1fea02e8] 
[3,532s][debug][gc,nmethod     ] GC(1) O: Unregister NMethod: io.sirix.node.xml.AbstractStructForwardingNode.getRightSiblingKey (0x000074dd1fb2ba88) [0x000074dd1fb2bb80, 0x000074dd1fb2beb0] 
[3,532s][debug][gc,nmethod     ] GC(1) O: Unregister NMethod: java.io.File.<init> (0x000074dd1f6f0f08) [0x000074dd1f6f1000, 0x000074dd1f6f1ec8] 
[3,532s][debug][gc,nmethod     ] GC(1) O: Unregister NMethod: java.util.concurrent.ForkJoinPool$WorkQueue.unlockPhase (0x000074dd2000b088) [0x000074dd2000b180, 0x000074dd2000b290] 
[3,532s][debug][gc,nmethod     ] Register NMethod: java.util.Collection.stream (0x000074dd3ef4e608) [0x000074dd3ef4e700, 0x000074dd3ef4f0f0] Compiler: jvmci, Barriers: 27, Oops: 1, ImmediateOops: 0, NonImmediateOops: No
[3,532s][debug][gc,nmethod     ] GC(1) O: Unregister NMethod: com.sun.org.apache.xerces.internal.impl.XMLEntityScanner.checkNodeCount (0x000074dd1fb4e208) [0x000074dd1fb4e300, 0x000074dd1fb4e4c8] 
[3,532s][debug][gc,nmethod     ] GC(1) O: Unregister NMethod: io.sirix.access.trx.node.xml.XmlNodeReadOnlyTrxImpl.getNameNode (0x000074dd1fc0ca08) [0x000074dd1fc0cb00, 0x000074dd1fc0d348] 
[3,532s][debug][gc,nmethod     ] GC(1) O: Unregister NMethod: io.sirix.page.KeyValueLeafPage.setDeweyId (0x000074dd1fe92c08) [0x000074dd1fe92d00, 0x000074dd1fe92f58] 
[3,532s][debug][gc,nmethod     ] GC(1) O: Unregister NMethod: jdk.internal.foreign.layout.ValueLayouts$OfByteImpl.withOrder (0x000074dd1fdff488) [0x000074dd1fdff580, 0x000074dd1fdff8d0] 
[3,532s][debug][gc,nmethod     ] GC(1) O: Unregister NMethod: jdk.internal.foreign.ArenaImpl.allocate (0x000074dd1fa8bb08) [0x000074dd1fa8bc00, 0x000074dd1fa8bd80] 
[3,532s][debug][gc,nmethod     ] GC(1) O: Unregister NMethod: java.util.concurrent.atomic.AtomicLong.compareAndSet (0x000074dd1fa2ca88) [0x000074dd1fa2cb80, 0x000074dd1fa2cca0] 
[3,532s][debug][gc,nmethod     ] GC(1) O: Unregister NMethod: jdk.internal.misc.ScopedMemoryAccess.copyMemory (0x000074dd1f95cc08) [0x000074dd1f95cd00, 0x000074dd1f95e078] 
[3,532s][debug][gc,nmethod     ] GC(1) O: Unregister NMethod: io.sirix.access.trx.page.NodePageTrx.getMostRecentPageContainer (0x000074dd3ecb4188) [0x000074dd3ecb4280, 0x000074dd3ecb4698] 
[3,532s][debug][gc,nmethod     ] GC(1) O: Unregister NMethod: io.sirix.node.xml.ElementNode.hasRightSibling (0x000074dd3ed05988) [0x000074dd3ed05a80, 0x000074dd3ed05ed8] 
[3,532s][debug][gc,nmethod     ] GC(1) O: Unregister NMethod: io.sirix.node.MemorySegmentBytesOut.writeLong (0x000074dd3ecb7208) [0x000074dd3ecb7300, 0x000074dd3ecb7820] 
[3,532s][debug][gc,nmethod     ] GC(1) O: Unregister NMethod: com.sun.org.apache.xerces.internal.impl.XMLScanner.scanAttributeValue (0x000074dd1fc73308) [0x000074dd1fc73400, 0x000074dd1fc7db00] 
[3,532s][debug][gc,nmethod     ] GC(1) O: Unregister NMethod: com.sun.org.apache.xerces.internal.util.SymbolTable.addSymbol (0x000074dd3ecde208) [0x000074dd3ecde300, 0x000074dd3ecdeb80] 
[3,532s][debug][gc,nmethod     ] GC(1) O: Unregister NMethod: jdk.internal.foreign.AbstractMemorySegmentImpl.get (0x000074dd1f969108) [0x000074dd1f969200, 0x000074dd1f96cb30] 
[3,532s][debug][gc,nmethod     ] Register NMethod: com.github.benmanes.caffeine.cache.BaseMpscLinkedArrayQueue.casProducerLimit (0x000074dd2043d808) [0x000074dd2043d900, 0x000074dd2043e650] Compiler: c1, Barriers: 0, Oops: 6, ImmediateOops: 5, NonImmediateOops: No
[3,532s][debug][gc,nmethod     ] GC(1) O: Unregister NMethod: java.util.zip.Inflater.needsInput (0x000074dd1f536a88) [0x000074dd1f536b80, 0x000074dd1f5371a8] 
[3,532s][debug][gc,nmethod     ] GC(1) O: Unregister NMethod: com.sun.org.apache.xerces.internal.xni.QName.setValues (0x000074dd1fc20388) [0x000074dd1fc20480, 0x000074dd1fc20838] 
[3,532s][debug][gc,nmethod     ] GC(1) O: Unregister NMethod: java.util.LinkedHashMap.afterNodeAccess (0x000074dd1fb83608) [0x000074dd1fb83700, 0x000074dd1fb847b0] 
[3,532s][debug][gc,nmethod     ] GC(1) O: Unregister NMethod: io.sirix.node.GrowingMemorySegment.<init> (0x000074dd3ed62e08) [0x000074dd3ed62f00, 0x000074dd3ed63cc0] 
[3,532s][debug][gc,nmethod     ] GC(1) O: Unregister NMethod: com.sun.org.apache.xerces.internal.parsers.AbstractSAXParser.characters (0x000074dd3ed11a08) [0x000074dd3ed11b00, 0x000074dd3ed122c0] 
[3,532s][debug][gc,nmethod     ] GC(1) O: Unregister NMethod: io.sirix.access.trx.node.AbstractNodeHashing.adaptHashesWithAdd (0x000074dd1fab5308) [0x000074dd1fab5400, 0x000074dd1fab58d8] 
[3,532s][debug][gc,nmethod     ] GC(1) O: Unregister NMethod: java.nio.HeapByteBuffer.putLong (0x000074dd1fe03388) [0x000074dd1fe03480, 0x000074dd1fe03958] 
[3,532s][debug][gc,nmethod     ] GC(1) O: Unregister NMethod: io.sirix.axis.filter.FilterAxis.reset (0x000074dd1fb7b208) [0x000074dd1fb7b300, 0x000074dd1fb7b750] 
[3,532s][debug][gc,nmethod     ] GC(1) O: Unregister NMethod: io.sirix.node.xml.AttributeNode.<init> (0x000074dd1fc72008) [0x000074dd1fc72100, 0x000074dd1fc72770] 
[3,532s][debug][gc,nmethod     ] GC(1) O: Unregister NMethod: io.sirix.node.xml.TextNode.hasRightSibling (0x000074dd3eceb608) [0x000074dd3eceb700, 0x000074dd3ecebb58] 
[3,532s][debug][gc,nmethod     ] GC(1) O: Unregister NMethod: io.sirix.access.trx.page.NodePageTrx.prepareRecordForModification (0x000074dd1f9dd508) [0x000074dd1f9dd600, 0x000074dd1f9df488] 
[3,532s][debug][gc,nmethod     ] GC(1) O: Unregister NMethod: io.sirix.index.path.summary.PathSummaryReader.putMapping (0x000074dd1fb4f608) [0x000074dd1fb4f700, 0x000074dd1fb50138] 
[3,532s][debug][gc,nmethod     ] GC(1) O: Unregister NMethod: java.util.jar.JarFile.maybeInstantiateVerifier (0x000074dd1f4dcd08) [0x000074dd1f4dce00, 0x000074dd1f4dd2d0] 
[3,532s][debug][gc,nmethod     ] GC(1) O: Unregister NMethod: io.sirix.access.trx.page.NodePageReadOnlyTrx.getDataRecord (0x000074dd1fed4688) [0x000074dd1fed4780, 0x000074dd1fed5588] 
[3,532s][debug][gc,nmethod     ] GC(1) O: Unregister NMethod: jdk.internal.foreign.layout.ValueLayouts$AbstractValueLayout.<init> (0x000074dd1fda1b08) [0x000074dd1fda1c00, 0x000074dd1fda1fe8] 
[3,532s][debug][gc,nmethod     ] GC(1) O: Unregister NMethod: java.util.WeakHashMap.expungeStaleEntries (0x000074dd1f48cc88) [0x000074dd1f48cd80, 0x000074dd1f48db18] 
[3,532s][debug][gc,nmethod     ] GC(1) O: Unregister NMethod: com.sun.org.apache.xerces.internal.impl.XMLEntityScanner.skipSpaces (0x000074dd3ecdef88) [0x000074dd3ecdf080, 0x000074dd3ecdf380] 
[3,532s][debug][gc,nmethod     ] GC(1) O: Unregister NMethod: io.sirix.page.delegates.BitmapReferencesPage.getOrCreateReference (0x000074dd1fa25108) [0x000074dd1fa25200, 0x000074dd1fa258b8] 
[3,532s][debug][gc,nmethod     ] GC(1) O: Unregister NMethod: jdk.internal.misc.Unsafe.convEndian (0x000074dd1f458008) [0x000074dd1f458100, 0x000074dd1f4582a8] 
[3,532s][debug][gc,nmethod     ] GC(1) O: Unregister NMethod: io.sirix.node.xml.TextNode.hasRightSibling (0x000074dd1ff7e008) [0x000074dd1ff7e100, 0x000074dd1ff83538] 
[3,532s][debug][gc,nmethod     ] GC(1) O: Unregister NMethod: sun.security.provider.SHA2.implCompress (0x000074dd1fda4288) [0x000074dd1fda4380, 0x000074dd1fda45d8] 
[3,532s][debug][gc,nmethod     ] GC(1) O: Unregister NMethod: java.util.concurrent.atomic.AtomicLong.addAndGet (0x000074dd1fa2e008) [0x000074dd1fa2e100, 0x000074dd1fa2e210] 
[3,532s][debug][gc,nmethod     ] GC(1) O: Unregister NMethod: java.lang.StringUTF16.compress (0x000074dd3ec4b108) [0x000074dd3ec4b2c0, 0x000074dd3ec4b718] 
[3,532s][debug][gc,nmethod     ] GC(1) O: Unregister NMethod: io.brackit.query.atomic.Una.type (0x000074dd201ebe88) [0x000074dd201ebf80, 0x000074dd201ec088] 
[3,532s][debug][gc,nmethod     ] GC(1) O: Unregister NMethod: io.sirix.page.KeyValueLeafPage.isSlotSet (0x000074dd1f45fc08) [0x000074dd1f45fd00, 0x000074dd1f45fea8] 
[3,532s][debug][gc,nmethod     ] GC(1) O: Unregister NMethod: jdk.internal.foreign.AbstractMemorySegmentImpl.toArray (0x000074dd1fe00608) [0x000074dd1fe00700, 0x000074dd1fe00be0] 
[3,532s][debug][gc,nmethod     ] GC(1) O: Unregister NMethod: io.sirix.node.xml.ElementNode.getDescendantCount (0x000074dd1fa06188) [0x000074dd1fa06280, 0x000074dd1fa09af8] 
[3,532s][debug][gc,nmethod     ] GC(1) O: Unregister NMethod: java.lang.invoke.LambdaForm$Holder.constant_L (0x000074dd1f52bf88) [0x000074dd1f52c080, 0x000074dd1f52c3a0] 
[3,532s][debug][gc,nmethod     ] GC(1) O: Unregister NMethod: net.openhft.hashing.Access.i64 (0x000074dd1f9c5e08) [0x000074dd1f9c5f00, 0x000074dd1f9c6200] 
[3,532s][debug][gc,nmethod     ] GC(1) O: Unregister NMethod: it.unimi.dsi.fastutil.ints.Int2IntOpenHashMap.find (0x000074dd1fe6c608) [0x000074dd1fe6c700, 0x000074dd1fe6cb68] 
[3,532s][debug][gc,nmethod     ] GC(1) O: Unregister NMethod: io.sirix.utils.XMLToken.isNCStartChar (0x000074dd1fce0408) [0x000074dd1fce0500, 0x000074dd1fce0b70] 
[3,532s][debug][gc,nmethod     ] GC(1) O: Unregister NMethod: io.sirix.access.trx.node.AbstractNodeTrxImpl.checkAccessAndCommit (0x000074dd1fab1488) [0x000074dd1fab1580, 0x000074dd1fab2108] 
[3,532s][debug][gc,nmethod     ] GC(1) O: Unregister NMethod: io.sirix.page.KeyValueLeafPage.findFreeSpaceForSlots (0x000074dd1ff12208) [0x000074dd1ff12300, 0x000074dd1ff12fe0] 
[3,532s][debug][gc,nmethod     ] GC(1) O: Unregister NMethod: sun.net.util.IPAddressUtil.checkHostString (0x000074dd1f4cd308) [0x000074dd1f4cd400, 0x000074dd1f4cd600] 
[3,532s][debug][gc,nmethod     ] GC(1) O: Unregister NMethod: java.lang.Integer.numberOfLeadingZeros (0x000074dd1f4e7608) [0x000074dd1f4e7700, 0x000074dd1f4e7980] 
[3,532s][debug][gc,nmethod     ] GC(1) O: Unregister NMethod: io.sirix.page.KeyValueLeafPage.setRecord (0x000074dd1fa30d08) [0x000074dd1fa30e00, 0x000074dd1fa31438] 
[3,532s][debug][gc,nmethod     ] GC(1) O: Unregister NMethod: org.magicwerk.brownies.collections.GapList.get (0x000074dd3ed1a088) [0x000074dd3ed1a180, 0x000074dd3ed1a318] 
[3,532s][debug][gc,nmethod     ] GC(1) O: Unregister NMethod: java.lang.ref.Reference.refersToImpl (0x000074dd1f507788) [0x000074dd1f507880, 0x000074dd1f5079b8] 
[3,533s][debug][gc,nmethod     ] GC(1) O: Unregister NMethod: io.sirix.access.trx.page.NodePageTrx.getPageContainer (0x000074dd1f9ee488) [0x000074dd1f9ee580, 0x000074dd1f9ef6c0] 
[3,533s][debug][gc,nmethod     ] GC(1) O: Unregister NMethod: com.google.common.collect.ForwardingObject.<init> (0x000074dd1fbf2d88) [0x000074dd1fbf2e80, 0x000074dd1fbf2ff0] 
[3,533s][debug][gc,nmethod     ] GC(1) O: Unregister NMethod: jdk.internal.foreign.layout.ValueLayouts$OfByteImpl.<init> (0x000074dd1fd9dd88) [0x000074dd1fd9de80, 0x000074dd1fd9dfb8] 
[3,533s][debug][gc,nmethod     ] GC(1) O: Unregister NMethod: io.sirix.access.trx.page.NodePageTrx.prepareRecordPage (0x000074dd1f9d7388) [0x000074dd1f9d7480, 0x000074dd1f9d9a28] 
[3,532s][debug][gc,nmethod     ] GC(1) O: Unregister NMethod: java.util.concurrent.ForkJoinPool.runWorker (0x000074dd3eec3a08) [0x000074dd3eec3b00, 0x000074dd3eec7620] 
[3,533s][debug][gc,nmethod     ] GC(1) O: Unregister NMethod: java.util.concurrent.locks.ReentrantLock.lock (0x000074dd1fa27808) [0x000074dd1fa27900, 0x000074dd1fa280d0] 
[3,533s][debug][gc,nmethod     ] GC(1) O: Unregister NMethod: java.util.concurrent.locks.ReentrantLock$Sync.tryRelease (0x000074dd1f9dac88) [0x000074dd1f9dad80, 0x000074dd1f9db880] 
[3,533s][debug][gc,nmethod     ] GC(1) O: Unregister NMethod: com.sun.org.apache.xerces.internal.impl.XMLEntityScanner.scanContent (0x000074dd1fa3a088) [0x000074dd1fa3a180, 0x000074dd1fa3b138] 
[3,533s][debug][gc,nmethod     ] GC(1) O: Unregister NMethod: java.util.BitSet.checkRange (0x000074dd1fa21f08) [0x000074dd1fa22000, 0x000074dd1fa24988] 
[3,533s][debug][gc,nmethod     ] GC(1) O: Unregister NMethod: io.sirix.page.KeyValueLeafPage.getNumberOfNonNullEntries (0x000074dd2000aa08) [0x000074dd2000ab00, 0x000074dd2000b020] 
[3,533s][debug][gc,nmethod     ] GC(1) O: Unregister NMethod: io.sirix.query.stream.node.SirixNodeStream.next (0x000074dd3eef0d88) [0x000074dd3eef0e80, 0x000074dd3eef2868] 
[3,533s][debug][gc,nmethod     ] GC(1) O: Unregister NMethod: jdk.internal.foreign.layout.ValueLayouts$AbstractValueLayout.withOrder (0x000074dd1fda9008) [0x000074dd1fda9100, 0x000074dd1fda9320] 
[3,533s][debug][gc,nmethod     ] GC(1) O: Unregister NMethod: io.brackit.query.atomic.QNm.<init> (0x000074dd1ff4b288) [0x000074dd1ff4b380, 0x000074dd1ff4b828] 
[3,533s][debug][gc,nmethod     ] GC(1) O: Unregister NMethod: io.sirix.access.trx.node.xml.XmlNodeFactoryImpl.createAttributeNode (0x000074dd1fc7df08) [0x000074dd1fc7e000, 0x000074dd1fc80800] 
[3,533s][debug][gc,nmethod     ] GC(1) O: Unregister NMethod: java.util.concurrent.atomic.AtomicInteger.decrementAndGet (0x000074dd1fcf8e08) [0x000074dd1fcf8f00, 0x000074dd1fcf9010] 
[3,533s][debug][gc,nmethod     ] GC(1) O: Unregister NMethod: io.sirix.page.PageKind$1.serializePage (0x000074dd1fe1a208) [0x000074dd1fe1a300, 0x000074dd1fe28020] 
[3,533s][debug][gc,nmethod     ] GC(1) O: Unregister NMethod: java.util.BitSet.nextSetBit (0x000074dd3edd8088) [0x000074dd3edd8180, 0x000074dd3edd8300] 
[3,533s][debug][gc,nmethod     ] GC(1) O: Unregister NMethod: io.sirix.index.path.summary.PathSummaryReader.getLevel (0x000074dd1fbe7088) [0x000074dd1fbe7180, 0x000074dd1fbe88f0] 
[3,533s][debug][gc,nmethod     ] GC(1) O: Unregister NMethod: io.sirix.query.node.SubtreeBuilder.startElement (0x000074dd1fba1a88) [0x000074dd1fba1b80, 0x000074dd1fba43a0] 
[3,533s][debug][gc,nmethod     ] GC(1) O: Unregister NMethod: io.sirix.page.KeyValueLeafPage.updateFreeSpaceStart (0x000074dd1ff11388) [0x000074dd1ff11480, 0x000074dd1ff11a08] 
[3,533s][debug][gc,nmethod     ] GC(1) O: Unregister NMethod: io.sirix.node.Bytes.elasticOffHeapByteBuffer (0x000074dd1faa1188) [0x000074dd1faa1280, 0x000074dd1faa1bc8] 
[3,533s][debug][gc,nmethod     ] GC(1) O: Unregister NMethod: io.sirix.node.NodeKind$1.deserialize (0x000074dd1ffacd08) [0x000074dd1fface00, 0x000074dd1ffb0448] 
[3,533s][debug][gc,nmethod     ] GC(1) O: Unregister NMethod: sun.security.provider.SHA2.implCompress0 (0x000074dd1fda2008) [0x000074dd1fda2100, 0x000074dd1fda2f20] 
[3,533s][debug][gc,nmethod     ] GC(1) O: Unregister NMethod: io.sirix.node.xml.ElementNode.hasFirstChild (0x000074dd1fc04608) [0x000074dd1fc04700, 0x000074dd1fc09b38] 
[3,533s][debug][gc,nmethod     ] GC(1) O: Unregister NMethod: io.sirix.node.NodeSerializerImpl.serialize (0x000074dd1fd95288) [0x000074dd1fd95380, 0x000074dd1fd955d8] 
[3,533s][debug][gc,nmethod     ] GC(1) O: Unregister NMethod: io.sirix.access.trx.node.AbstractNodeTrxImpl.getDeweyID (0x000074dd1fa2ef08) [0x000074dd1fa2f000, 0x000074dd1fa2fb28] 
[3,533s][debug][gc,nmethod     ] GC(1) O: Unregister NMethod: jdk.internal.classfile.impl.StackMapGenerator$Frame.checkStack (0x000074dd1f4f7c88) [0x000074dd1f4f7d80, 0x000074dd1f4f89c8] 
[3,533s][debug][gc,nmethod     ] GC(1) O: Unregister NMethod: jdk.internal.misc.Unsafe.putLongUnaligned (0x000074dd1f94e208) [0x000074dd1f94e300, 0x000074dd1f94e738] 
[3,533s][debug][gc,nmethod     ] GC(1) O: Unregister NMethod: jdk.internal.foreign.AbstractMemorySegmentImpl.toArray (0x000074dd1fda6408) [0x000074dd1fda6500, 0x000074dd1fda6670] 
[3,533s][debug][gc,nmethod     ] GC(1) O: Unregister NMethod: java.nio.Bits.reserveMemory (0x000074dd1fa67d08) [0x000074dd1fa67e00, 0x000074dd1fa6ad40] 
[3,533s][debug][gc,nmethod     ] GC(1) O: Unregister NMethod: java.util.BitSet.<init> (0x000074dd1f965d88) [0x000074dd1f965e80, 0x000074dd1f966dc8] 
[3,533s][debug][gc,nmethod     ] GC(1) O: Unregister NMethod: io.sirix.node.xml.ElementNode.getLeftSiblingKey (0x000074dd1fa50988) [0x000074dd1fa50a80, 0x000074dd1fa55a70] 
[3,533s][debug][gc,nmethod     ] GC(1) O: Unregister NMethod: jdk.internal.foreign.AbstractMemorySegmentImpl.isAlignedForElement (0x000074dd1f94ee88) [0x000074dd1f94ef80, 0x000074dd1f94f940] 
[3,533s][debug][gc,nmethod     ] GC(1) O: Unregister NMethod: io.brackit.query.node.parser.SAX2SubtreeHandlerAdapter.characters (0x000074dd1fb2c808) [0x000074dd1fb2c900, 0x000074dd1fb2cc20] 
[3,533s][debug][gc,nmethod     ] GC(1) O: Unregister NMethod: com.sun.org.apache.xerces.internal.util.XMLAttributesIteratorImpl.removeAllAttributes (0x000074dd1fb9a808) [0x000074dd1fb9a900, 0x000074dd1fb9aa68] 
[3,533s][debug][gc,nmethod     ] GC(1) O: Unregister NMethod: io.sirix.cache.LinuxMemorySegmentAllocator.release (0x000074dd1fe66608) [0x000074dd1fe66700, 0x000074dd1fe69a48] 
[3,533s][debug][gc,nmethod     ] GC(1) O: Unregister NMethod: java.lang.Thread.onSpinWait (0x000074dd1f898588) [0x000074dd1f898680, 0x000074dd1f898760] 
[3,533s][debug][gc,nmethod     ] GC(1) O: Unregister NMethod: io.sirix.access.trx.page.NodePageReadOnlyTrx.loadPage (0x000074dd3ed1bb88) [0x000074dd3ed1bc80, 0x000074dd3ed1bd80] 
[3,533s][debug][gc,nmethod     ] GC(1) O: Unregister NMethod: java.util.concurrent.locks.ReentrantLock$NonfairSync.initialTryLock (0x000074dd3ecdd908) [0x000074dd3ecdda00, 0x000074dd3ecddb68] 
[3,533s][debug][gc,nmethod     ] GC(1) O: Unregister NMethod: io.sirix.access.trx.node.AbstractResourceSession.assertNotClosed (0x000074dd1fa14308) [0x000074dd1fa14400, 0x000074dd1fa14608] 
[3,533s][debug][gc,nmethod     ] GC(1) O: Unregister NMethod: java.nio.Buffer.remaining (0x000074dd1f526788) [0x000074dd1f526880, 0x000074dd1f5269f0] 
[3,533s][debug][gc,nmethod     ] Register NMethod: java.util.concurrent.locks.AbstractQueuedSynchronizer.acquire (0x000074dd2043e688) [0x000074dd2043e780, 0x000074dd20440be0] Compiler: c1, Barriers: 24, Oops: 0, ImmediateOops: 0, NonImmediateOops: No
[3,533s][debug][gc,nmethod     ] GC(1) O: Unregister NMethod: io.sirix.axis.AbstractAxis.hasNext (0x000074dd3eccba08) [0x000074dd3eccbb00, 0x000074dd3eccbec0] 
[3,533s][debug][gc,nmethod     ] GC(1) O: Unregister NMethod: jdk.internal.classfile.impl.RawBytecodeHelper.isStoreIntoLocal (0x000074dd1f47fd88) [0x000074dd1f47fe80, 0x000074dd1f47ffd8] 
[3,533s][debug][gc,nmethod     ] GC(1) O: Unregister NMethod: java.lang.String.concat (0x000074dd1f4da608) [0x000074dd1f4da700, 0x000074dd1f4dca00] 
[3,533s][debug][gc,nmethod     ] GC(1) O: Unregister NMethod: io.sirix.page.NamePage.setName (0x000074dd1fb52788) [0x000074dd1fb52880, 0x000074dd1fb53e40] 
[3,533s][debug][gc,nmethod     ] GC(1) O: Unregister NMethod: io.sirix.node.xml.ElementNode.getLastChildKey (0x000074dd1fb13f08) [0x000074dd1fb14000, 0x000074dd1fb18ff0] 
[3,533s][debug][gc,nmethod     ] GC(1) O: Unregister NMethod: io.sirix.access.trx.page.NodePageReadOnlyTrx.getCurrentMaxIndirectPageTreeLevel (0x000074dd1fea1a88) [0x000074dd1fea1b80, 0x000074dd1fea9358] 
[3,533s][debug][gc,nmethod     ] GC(1) O: Unregister NMethod: io.sirix.page.KeyValueLeafPage.updateLastSlotIndex (0x000074dd3eda2f08) [0x000074dd3eda3000, 0x000074dd3eda3190] 
[3,533s][debug][gc,nmethod     ] GC(1) O: Unregister NMethod: java.lang.invoke.VarHandleGuards.guard_LLL_Z (0x000074dd1f40ee08) [0x000074dd1f40ef00, 0x000074dd1f411e00] 
[3,533s][debug][gc,nmethod     ] GC(1) O: Unregister NMethod: it.unimi.dsi.fastutil.ints.Int2IntOpenHashMap.find (0x000074dd3ed06d88) [0x000074dd3ed06e80, 0x000074dd3ed07118] 
[3,533s][debug][gc,nmethod     ] GC(1) O: Unregister NMethod: java.lang.foreign.MemorySegment.copy (0x000074dd1fa55b08) [0x000074dd1fa55c00, 0x000074dd1fa5dbf0] 
[3,533s][debug][gc,nmethod     ] GC(1) O: Unregister NMethod: com.sun.org.apache.xerces.internal.util.XMLChar.isContent (0x000074dd1f9d1808) [0x000074dd1f9d1900, 0x000074dd1f9d1ae8] 
[3,533s][debug][gc,nmethod     ] GC(1) O: Unregister NMethod: java.util.ArrayDeque.push (0x000074dd3ed3f088) [0x000074dd3ed3f180, 0x000074dd3ed3f388] 
[3,533s][debug][gc,nmethod     ] GC(1) O: Unregister NMethod: io.sirix.axis.AbstractAxis.tryToComputeNext (0x000074dd3ee9da08) [0x000074dd3ee9db00, 0x000074dd3ee9fd20] 
[3,533s][debug][gc,nmethod     ] GC(1) O: Unregister NMethod: io.sirix.access.trx.node.AbstractNodeHashing.isValueNode (0x000074dd1fab6388) [0x000074dd1fab6480, 0x000074dd1fab8048] 
[3,533s][debug][gc,nmethod     ] GC(1) O: Unregister NMethod: com.sun.org.apache.xerces.internal.xni.XMLString.append (0x000074dd1fc55808) [0x000074dd1fc55900, 0x000074dd1fc55dd8] 
[3,533s][debug][gc,nmethod     ] GC(1) O: Unregister NMethod: java.util.Spliterator.getExactSizeIfKnown (0x000074dd1f810808) [0x000074dd1f810900, 0x000074dd1f810e50] 
[3,533s][debug][gc,nmethod     ] GC(1) O: Unregister NMethod: org.gradle.internal.io.StreamByteBuffer.allocateSpace (0x000074dd1f89a788) [0x000074dd1f89a880, 0x000074dd1f89b058] 
[3,533s][debug][gc,nmethod     ] GC(1) O: Unregister NMethod: io.sirix.axis.filter.PathKindFilter.filter (0x000074dd1fbb6988) [0x000074dd1fbb6a80, 0x000074dd1fbb7a18] 
[3,533s][debug][gc,nmethod     ] GC(1) O: Unregister NMethod: io.sirix.query.node.SubtreeBuilder.text (0x000074dd1fb2d588) [0x000074dd1fb2d680, 0x000074dd1fb2e018] 
[3,533s][debug][gc,nmethod     ] GC(1) O: Unregister NMethod: java.util.ImmutableCollections$ListN.get (0x000074dd1f40bd08) [0x000074dd1f40be00, 0x000074dd1f40bf88] 
[3,533s][debug][gc,nmethod     ] GC(1) O: Unregister NMethod: io.sirix.node.xml.ElementNode.setDescendantCount (0x000074dd1fa14a88) [0x000074dd1fa14b80, 0x000074dd1fa18510] 
[3,533s][debug][gc,nmethod     ] GC(1) O: Unregister NMethod: java.lang.invoke.VarForm.getMemberName (0x000074dd1f586b88) [0x000074dd1f586c80, 0x000074dd1f587400] 
[3,533s][debug][gc,nmethod     ] GC(1) O: Unregister NMethod: com.sun.org.apache.xerces.internal.impl.XMLDocumentFragmentScannerImpl$FragmentContentDriver.startOfMarkup (0x000074dd1fcb2888) [0x000074dd1fcb2980, 0x000074dd1fcb49e8] 
[3,533s][debug][gc,nmethod     ] GC(1) O: Unregister NMethod: io.sirix.node.xml.TextNode.getKind (0x000074dd1fd96d88) [0x000074dd1fd96e80, 0x000074dd1fd96f88] 
[3,533s][debug][gc,nmethod     ] GC(1) O: Unregister NMethod: io.sirix.node.NodeSerializerImpl.deserialize (0x000074dd1fec9c88) [0x000074dd1fec9d80, 0x000074dd1feca1e8] 
[3,533s][debug][gc,nmethod     ] GC(1) O: Unregister NMethod: jdk.internal.foreign.NativeMemorySegmentImpl.dup (0x000074dd1f40c008) [0x000074dd1f40c100, 0x000074dd1f40c6f8] 
[3,533s][debug][gc,nmethod     ] GC(1) O: Unregister NMethod: io.sirix.node.SirixDeweyID.<init> (0x000074dd1ff7bb08) [0x000074dd1ff7bc00, 0x000074dd1ff7c7a0] 
[3,533s][debug][gc,nmethod     ] GC(1) O: Unregister NMethod: jdk.internal.foreign.AbstractMemorySegmentImpl.get (0x000074dd1fe70c08) [0x000074dd1fe70d00, 0x000074dd1fe74610] 
[3,533s][debug][gc,nmethod     ] GC(1) O: Unregister NMethod: io.sirix.page.KeyValueLeafPage.updateFreeSpaceStart (0x000074dd3eda4a08) [0x000074dd3eda4b00, 0x000074dd3eda4ff0] 
[3,533s][debug][gc,nmethod     ] GC(1) O: Unregister NMethod: com.sun.org.apache.xerces.internal.impl.XMLEntityScanner.checkBeforeLoad (0x000074dd1fa1bb08) [0x000074dd1fa1bc00, 0x000074dd1fa1c158] 
[3,533s][debug][gc,nmethod     ] GC(1) O: Unregister NMethod: io.sirix.node.SirixDeweyID.setDivisionBitArray (0x000074dd1fd9e088) [0x000074dd1fd9e180, 0x000074dd1fd9e7b0] 
[3,533s][debug][gc,nmethod     ] GC(1) O: Unregister NMethod: io.sirix.node.xml.ElementNode.getParentKey (0x000074dd1f9f2388) [0x000074dd1f9f2480, 0x000074dd1f9f7468] 
[3,533s][debug][gc,nmethod     ] GC(1) O: Unregister NMethod: io.sirix.page.KeyValueLeafPage.getDeweyId (0x000074dd1f91ee08) [0x000074dd1f91ef00, 0x000074dd1f923fb8] 
[3,533s][debug][gc,nmethod     ] GC(1) O: Unregister NMethod: io.sirix.node.xml.AttributeNode.getKind (0x000074dd1fb27908) [0x000074dd1fb27a00, 0x000074dd1fb27b08] 
[3,533s][debug][gc,nmethod     ] GC(1) O: Unregister NMethod: it.unimi.dsi.fastutil.ints.Int2LongOpenHashMap.get (0x000074dd20018d08) [0x000074dd20018e00, 0x000074dd20019350] 
[3,533s][debug][gc,nmethod     ] GC(1) O: Unregister NMethod: io.sirix.page.delegates.BitmapReferencesPage.index (0x000074dd3ed1ca08) [0x000074dd3ed1cb00, 0x000074dd3ed1d098] 
[3,533s][debug][gc,nmethod     ] GC(1) O: Unregister NMethod: java.util.HashMap.resize (0x000074dd1f613088) [0x000074dd1f6131a0, 0x000074dd1f614e80] 
[3,533s][debug][gc,nmethod     ] GC(1) O: Unregister NMethod: it.unimi.dsi.fastutil.HashCommon.mix (0x000074dd1f9d1508) [0x000074dd1f9d1600, 0x000074dd1f9d16f0] 
[3,533s][debug][gc,nmethod     ] GC(1) O: Unregister NMethod: jdk.internal.misc.Unsafe.weakCompareAndSetInt (0x000074dd1f4c3188) [0x000074dd1f4c3280, 0x000074dd1f4c3398] 
[3,533s][debug][gc,nmethod     ] GC(1) O: Unregister NMethod: sun.net.www.ParseUtil.encodePath (0x000074dd1f5a1208) [0x000074dd1f5a1300, 0x000074dd1f5a14e8] 
[3,533s][debug][gc,nmethod     ] GC(1) O: Unregister NMethod: io.sirix.cache.IndexLogKey.equals (0x000074dd1fc80888) [0x000074dd1fc80980, 0x000074dd1fc812c8] 
[3,533s][debug][gc,nmethod     ] GC(1) O: Unregister NMethod: jdk.internal.classfile.impl.SplitConstantPool.maybeCloneUtf8Entry (0x000074dd3ec89988) [0x000074dd3ec89a80, 0x000074dd3ec89fc0] 
[3,533s][debug][gc,nmethod     ] GC(1) O: Unregister NMethod: java.util.concurrent.ConcurrentHashMap$Traverser.<init> (0x000074dd1fe60508) [0x000074dd1fe60600, 0x000074dd1fe60800] 
[3,534s][debug][gc,nmethod     ] GC(1) O: Unregister NMethod: java.util.BitSet.and (0x000074dd1fa21988) [0x000074dd1fa21a80, 0x000074dd1fa21ed0] 
[3,534s][debug][gc,nmethod     ] GC(1) O: Unregister NMethod: java.lang.Object.<init> (0x000074dd3ebe7408) [0x000074dd3ebe7500, 0x000074dd3ebe7580] 
[3,534s][debug][gc,nmethod     ] GC(1) O: Unregister NMethod: io.sirix.node.xml.ElementNode.setChildCount (0x000074dd1fad0208) [0x000074dd1fad0300, 0x000074dd1fad3e20] 
[3,534s][debug][gc,nmethod     ] GC(1) O: Unregister NMethod: io.sirix.page.KeyValueLeafPage.setData (0x000074dd200da688) [0x000074dd200da780, 0x000074dd200ffac0] 
[3,534s][debug][gc,nmethod     ] GC(1) O: Unregister NMethod: io.sirix.node.xml.TextNode.<init> (0x000074dd1ffa4808) [0x000074dd1ffa4900, 0x000074dd1ffa4be8] 
[3,534s][debug][gc,nmethod     ] GC(1) O: Unregister NMethod: io.sirix.axis.filter.FilterAxis.nextKey (0x000074dd1ff6d288) [0x000074dd1ff6d380, 0x000074dd1ff6e990] 
[3,534s][debug][gc,nmethod     ] GC(1) O: Unregister NMethod: io.sirix.node.MemorySegmentBytesIn.read (0x000074dd1fe93d08) [0x000074dd1fe93e00, 0x000074dd1fe9a8f8] 
[3,534s][debug][gc,nmethod     ] GC(1) O: Unregister NMethod: sun.misc.Unsafe.isMemoryAccessWarned (0x000074dd1f9c5788) [0x000074dd1f9c5880, 0x000074dd1f9c5980] 
[3,534s][debug][gc,nmethod     ] GC(1) O: Unregister NMethod: io.sirix.index.path.summary.PathSummaryWriter.movePathSummary (0x000074dd1fbe4888) [0x000074dd1fbe4980, 0x000074dd1fbe7058] 
[3,534s][debug][gc,nmethod     ] GC(1) O: Unregister NMethod: java.lang.invoke.DirectMethodHandle.internalMemberName (0x000074dd1f691c08) [0x000074dd1f691d00, 0x000074dd1f692020] 
[3,534s][debug][gc,nmethod     ] GC(1) O: Unregister NMethod: java.lang.String.indexOf (0x000074dd1f58dc88) [0x000074dd1f58dd80, 0x000074dd1f58e838] 
[3,534s][debug][gc,nmethod     ] GC(1) O: Unregister NMethod: io.sirix.axis.AbstractAxis.<init> (0x000074dd1ff6c708) [0x000074dd1ff6c800, 0x000074dd1ff6d250] 
[3,534s][debug][gc,nmethod     ] GC(1) O: Unregister NMethod: java.util.concurrent.ForkJoinTask.doExec (0x000074dd1fe38188) [0x000074dd1fe38280, 0x000074dd1fe384b8] 
[3,534s][debug][gc,nmethod     ] GC(1) O: Unregister NMethod: it.unimi.dsi.fastutil.ints.Int2LongOpenHashMap.get (0x000074dd3ed04f88) [0x000074dd3ed05080, 0x000074dd3ed053e0] 
[3,534s][debug][gc,alloc       ] Mutator Allocation Rate: 575,7MB/s Predicted: 581,0MB/s, Avg: 452,3(+/-92,3)MB/s
[3,534s][debug][gc,nmethod     ] GC(1) O: Unregister NMethod: io.sirix.access.trx.node.xml.XmlNodeTrxImpl.insertTextAsFirstChild (0x000074dd1fc15e88) [0x000074dd1fc15f80, 0x000074dd1fc1df40] 
[3,534s][debug][gc,nmethod     ] GC(1) O: Unregister NMethod: java.io.UnixFileSystem.normalize (0x000074dd1f51d508) [0x000074dd1f51d600, 0x000074dd1f51ebf8] 
[3,534s][debug][gc,nmethod     ] GC(1) O: Unregister NMethod: io.sirix.access.trx.node.AbstractNodeReadOnlyTrx.moveToParent (0x000074dd3ecf1c88) [0x000074dd3ecf1d80, 0x000074dd3ecf3010] 
[3,534s][debug][gc,nmethod     ] GC(1) O: Unregister NMethod: io.sirix.node.xml.ElementNode.getKind (0x000074dd1fd4f288) [0x000074dd1fd4f380, 0x000074dd1fd4f488] 
[3,534s][debug][gc,nmethod     ] GC(1) O: Unregister NMethod: io.sirix.node.xml.AttributeNode.getPrefixKey (0x000074dd1fc61e08) [0x000074dd1fc61f00, 0x000074dd1fc66ef0] 
[3,534s][debug][gc,nmethod     ] GC(1) O: Unregister NMethod: java.util.concurrent.locks.ReentrantLock.lock (0x000074dd3ee00a08) [0x000074dd3ee00b00, 0x000074dd3ee00db8] 
[3,534s][debug][gc,nmethod     ] GC(1) O: Unregister NMethod: jdk.internal.misc.Unsafe.putIntRelease (0x000074dd1ff83588) [0x000074dd1ff83680, 0x000074dd1ff83788] 
[3,534s][debug][gc,nmethod     ] GC(1) O: Unregister NMethod: io.sirix.index.path.summary.PathSummaryReader.getLevel (0x000074dd3ed3e788) [0x000074dd3ed3e880, 0x000074dd3ed3e9a0] 
[3,534s][debug][gc,nmethod     ] GC(1) O: Unregister NMethod: io.sirix.access.trx.node.xml.XmlNodeReadOnlyTrxImpl.getResourceSession (0x000074dd1fabe988) [0x000074dd1fabea80, 0x000074dd1fabf0f8] 
[3,534s][debug][gc,nmethod     ] Register NMethod: com.github.benmanes.caffeine.cache.PSMW.getNextInAccessOrder (0x000074dd3ef4f108) [0x000074dd3ef4f200, 0x000074dd3ef4f2b0] Compiler: jvmci, Barriers: 1, Oops: 1, ImmediateOops: 0, NonImmediateOops: No
[3,534s][debug][gc,nmethod     ] GC(1) O: Unregister NMethod: io.sirix.utils.XMLToken.ncName (0x000074dd1fce3c08) [0x000074dd1fce3d00, 0x000074dd1fce4158] 
[3,534s][debug][gc,nmethod     ] GC(1) O: Unregister NMethod: io.sirix.node.xml.ElementNode.setRightSiblingKey (0x000074dd1fbed388) [0x000074dd1fbed480, 0x000074dd1fbf25a8] 
[3,534s][debug][gc,nmethod     ] GC(1) O: Unregister NMethod: com.sun.org.apache.xerces.internal.impl.XMLEntityScanner.scanChar (0x000074dd2003a808) [0x000074dd2003a900, 0x000074dd2003b328] 
[3,534s][debug][gc,nmethod     ] GC(1) O: Unregister NMethod: java.lang.Long.bitCount (0x000074dd1fabf108) [0x000074dd1fabf200, 0x000074dd1fabf368] 
[3,534s][debug][gc,nmethod     ] GC(1) O: Unregister NMethod: com.sun.org.apache.xerces.internal.parsers.AbstractSAXParser.characters (0x000074dd2003a108) [0x000074dd2003a200, 0x000074dd2003a7a8] 
[3,534s][debug][gc,nmethod     ] GC(1) O: Unregister NMethod: java.lang.String.<init> (0x000074dd1f4e2b08) [0x000074dd1f4e2c00, 0x000074dd1f4e6a70] 
[3,534s][debug][gc,nmethod     ] GC(1) O: Unregister NMethod: jdk.internal.foreign.AbstractMemorySegmentImpl.asSlice (0x000074dd1f470508) [0x000074dd1f470600, 0x000074dd1f470af8] 
[3,534s][debug][gc,nmethod     ] GC(1) O: Unregister NMethod: io.sirix.cache.LinuxMemorySegmentAllocator.partitionVirtualRegion (0x000074dd3ec7a388) [0x000074dd3ec7a480, 0x000074dd3ec7b5c0] 
[3,534s][debug][gc,nmethod     ] GC(1) O: Unregister NMethod: java.util.Arrays.fill (0x000074dd3ec42c08) [0x000074dd3ec42d00, 0x000074dd3ec42f28] 
[3,534s][debug][gc,nmethod     ] GC(1) O: Unregister NMethod: jdk.internal.foreign.layout.ValueLayouts$AbstractValueLayout.withOrder (0x000074dd1fe03988) [0x000074dd1fe03a80, 0x000074dd1fe042b0] 
[3,534s][debug][gc,nmethod     ] GC(1) O: Unregister NMethod: io.sirix.node.MemorySegmentBytesIn.getUnderlying (0x000074dd1fab2808) [0x000074dd1fab2900, 0x000074dd1fab2ee8] 
[3,534s][debug][gc,nmethod     ] GC(1) O: Unregister NMethod: io.sirix.access.trx.node.AbstractNodeReadOnlyTrx.getKind (0x000074dd1fa2cd88) [0x000074dd1fa2ce80, 0x000074dd1fa2d4e8] 
[3,534s][debug][gc,nmethod     ] GC(1) O: Unregister NMethod: net.jpountz.util.SafeUtils.readIntLE (0x000074dd1feb2588) [0x000074dd1feb2680, 0x000074dd1feb2820] 
[3,534s][debug][gc,nmethod     ] GC(1) O: Unregister NMethod: java.nio.CharBuffer.arrayOffset (0x000074dd1f5e5488) [0x000074dd1f5e5580, 0x000074dd1f5e5860] 
[3,534s][debug][gc,nmethod     ] GC(1) O: Unregister NMethod: io.sirix.index.name.Names.setName (0x000074dd1fff6508) [0x000074dd1fff6600, 0x000074dd1fff87f0] 
[3,534s][debug][gc,nmethod     ] GC(1) O: Unregister NMethod: io.brackit.query.node.parser.SAX2SubtreeHandlerAdapter$TrimmingStringBuilder.append (0x000074dd2003c988) [0x000074dd2003ca80, 0x000074dd2003cf10] 
[3,534s][debug][gc,nmethod     ] GC(1) O: Unregister NMethod: jdk.internal.foreign.MemorySessionImpl.addInternal (0x000074dd3ece0508) [0x000074dd3ece0600, 0x000074dd3ece0ab8] 
[3,534s][debug][gc,nmethod     ] GC(1) O: Unregister NMethod: jdk.internal.misc.Unsafe.putLongUnaligned (0x000074dd1f99ad88) [0x000074dd1f99ae80, 0x000074dd1f99b088] 
[3,534s][debug][gc,nmethod     ] GC(1) O: Unregister NMethod: jdk.internal.foreign.AbstractMemorySegmentImpl.asSlice (0x000074dd1f471a88) [0x000074dd1f471b80, 0x000074dd1f471e78] 
[3,534s][debug][gc,nmethod     ] GC(1) O: Unregister NMethod: java.lang.Long.numberOfLeadingZeros (0x000074dd1f48a688) [0x000074dd1f48a780, 0x000074dd1f48a928] 
[3,534s][debug][gc,nmethod     ] GC(1) O: Unregister NMethod: jdk.internal.access.SharedSecrets.getJavaLangAccess (0x000074dd1f617588) [0x000074dd1f617680, 0x000074dd1f6177a8] 
[3,534s][debug][gc,nmethod     ] GC(1) O: Unregister NMethod: io.sirix.node.xml.ElementNode.getKind (0x000074dd1fd84088) [0x000074dd1fd84180, 0x000074dd1fd844a0] 
[3,534s][debug][gc,nmethod     ] GC(1) O: Unregister NMethod: java.nio.MappedByteBuffer.limit (0x000074dd1fadaa88) [0x000074dd1fadab80, 0x000074dd1fadaf40] 
[3,534s][debug][gc,nmethod     ] GC(1) O: Unregister NMethod: io.sirix.access.trx.node.AbstractNodeReadOnlyTrx.hasRightSibling (0x000074dd3ed07188) [0x000074dd3ed07280, 0x000074dd3ed07d08] 
[3,534s][debug][gc,nmethod     ] GC(1) O: Unregister NMethod: io.sirix.utils.XMLToken.isNCStartChar (0x000074dd1fa28408) [0x000074dd1fa28500, 0x000074dd1fa28b70] 
[3,534s][debug][gc,nmethod     ] GC(1) O: Unregister NMethod: com.sun.org.apache.xerces.internal.parsers.AbstractSAXParser.characters (0x000074dd1fb27c08) [0x000074dd1fb27d00, 0x000074dd1fb282a8] 
[3,534s][debug][gc,nmethod     ] GC(1) O: Unregister NMethod: com.sun.org.apache.xerces.internal.impl.XMLEntityScanner.scanContent (0x000074dd3ecc5488) [0x000074dd3ecc5620, 0x000074dd3ecc5f70] 
[3,534s][debug][gc,nmethod     ] GC(1) O: Unregister NMethod: java.lang.ref.Cleaner$1.apply (0x000074dd1f47e508) [0x000074dd1f47e600, 0x000074dd1f47e9b0] 
[3,534s][debug][gc,nmethod     ] GC(1) O: Unregister NMethod: java.util.ArrayDeque.addFirst (0x000074dd2003b688) [0x000074dd2003b780, 0x000074dd2003bd60] 
[3,534s][debug][gc,nmethod     ] GC(1) O: Unregister NMethod: io.sirix.access.trx.node.AbstractNodeReadOnlyTrx.hasRightSibling (0x000074dd1ff61808) [0x000074dd1ff61900, 0x000074dd1ff62120] 
[3,534s][debug][gc,nmethod     ] GC(1) O: Unregister NMethod: java.util.BitSet.set (0x000074dd3ec5c888) [0x000074dd3ec5c980, 0x000074dd3ec5caf0] 
[3,534s][debug][gc,nmethod     ] GC(1) O: Unregister NMethod: java.lang.StringUTF16.indexOfLatin1Unsafe (0x000074dd1ffea788) [0x000074dd1ffea880, 0x000074dd1ffead08] 
[3,534s][debug][gc,nmethod     ] GC(1) O: Unregister NMethod: io.sirix.axis.AbstractAxis.resetToLastKey (0x000074dd3eddb308) [0x000074dd3eddb400, 0x000074dd3eddb758] 
[3,534s][debug][gc,nmethod     ] GC(1) O: Unregister NMethod: java.lang.String.indexOf (0x000074dd1f58d308) [0x000074dd1f58d400, 0x000074dd1f58dc20] 
[3,534s][debug][gc,nmethod     ] GC(1) O: Unregister NMethod: io.sirix.access.trx.node.AbstractNodeReadOnlyTrx.getKind (0x000074dd1ff5eb88) [0x000074dd1ff5ec80, 0x000074dd1ff5f2e8] 
[3,534s][debug][gc,nmethod     ] GC(1) O: Unregister NMethod: io.sirix.index.path.summary.PathSummaryReader.putMapping (0x000074dd20019388) [0x000074dd20019480, 0x000074dd20019eb8] 
[3,534s][debug][gc,nmethod     ] GC(1) O: Unregister NMethod: io.sirix.node.xml.ElementNode.setFirstChildKey (0x000074dd1fc0d388) [0x000074dd1fc0d480, 0x000074dd1fc125a8] 
[3,534s][debug][gc,nmethod     ] Register NMethod: com.github.benmanes.caffeine.cache.LocalManualCache.asMap (0x000074dd3ef4f408) [0x000074dd3ef4f500, 0x000074dd3ef4f5e8] Compiler: jvmci, Barriers: 1, Oops: 1, ImmediateOops: 0, NonImmediateOops: No
[3,534s][debug][gc,nmethod     ] GC(1) O: Unregister NMethod: io.sirix.page.KeyValueLeafPage.setData (0x000074dd3edeba08) [0x000074dd3edebb00, 0x000074dd3edee7e8] 
[3,534s][debug][gc,nmethod     ] GC(1) O: Unregister NMethod: com.sun.org.apache.xerces.internal.impl.XMLDocumentFragmentScannerImpl$FragmentContentDriver.next (0x000074dd3ecf9d88) [0x000074dd3ecf9e80, 0x000074dd3ecfbb18] 
[3,534s][debug][gc,nmethod     ] GC(1) O: Unregister NMethod: java.util.ArrayDeque.addFirst (0x000074dd1fb09188) [0x000074dd1fb09280, 0x000074dd1fb09860] 
[3,534s][debug][gc,nmethod     ] GC(1) O: Unregister NMethod: net.openhft.hashing.XXH3.access$500 (0x000074dd1fab6088) [0x000074dd1fab6180, 0x000074dd1fab6290] 
[3,534s][debug][gc,nmethod     ] GC(1) O: Unregister NMethod: java.lang.String.encode (0x000074dd1fa65d88) [0x000074dd1fa65e80, 0x000074dd1fa661b8] 
[3,534s][debug][gc,nmethod     ] GC(1) O: Unregister NMethod: jdk.internal.foreign.AbstractMemorySegmentImpl.checkBounds (0x000074dd1f4e0688) [0x000074dd1f4e0780, 0x000074dd1f4e0a10] 
[3,534s][debug][gc,nmethod     ] GC(1) O: Unregister NMethod: io.brackit.query.jdm.AbstractItem.<init> (0x000074dd1fa2af08) [0x000074dd1fa2b000, 0x000074dd1fa2b1b8] 
[3,534s][debug][gc,nmethod     ] GC(1) O: Unregister NMethod: io.brackit.query.node.parser.SAX2SubtreeHandlerAdapter.handleText (0x000074dd2002f988) [0x000074dd2002fa80, 0x000074dd20030920] 
[3,534s][debug][gc,nmethod     ] GC(1) O: Unregister NMethod: io.sirix.index.path.summary.PathSummaryReader.getName (0x000074dd3ef1d608) [0x000074dd3ef1d700, 0x000074dd3ef1d888] 
[3,534s][debug][gc,nmethod     ] GC(1) O: Unregister NMethod: io.sirix.page.PathSummaryPage.incrementAndGetMaxNodeKey (0x000074dd1fcdc908) [0x000074dd1fcdca00, 0x000074dd1fcdcc78] 
[3,534s][debug][gc,nmethod     ] GC(1) O: Unregister NMethod: java.lang.AbstractStringBuilder.newCapacity (0x000074dd1f480088) [0x000074dd1f480180, 0x000074dd1f480518] 
[3,534s][debug][gc,nmethod     ] GC(1) O: Unregister NMethod: com.github.benmanes.caffeine.cache.BoundedLocalCache$EntryIterator.hasNext (0x000074dd1ffc9208) [0x000074dd1ffc9300, 0x000074dd1ffce840] 
[3,534s][debug][gc,nmethod     ] GC(1) O: Unregister NMethod: com.sun.org.apache.xerces.internal.parsers.AbstractSAXParser$AttributesProxy.getQName (0x000074dd1fc58188) [0x000074dd1fc58280, 0x000074dd1fc585e0] 
[3,534s][debug][gc,nmethod     ] GC(1) O: Unregister NMethod: net.openhft.hashing.UnsafeAccess.getLong (0x000074dd1f9c7208) [0x000074dd1f9c7300, 0x000074dd1f9c77a0] 
[3,534s][debug][gc,nmethod     ] GC(1) O: Unregister NMethod: jdk.internal.foreign.SegmentFactories.initNativeMemory (0x000074dd1f9cb008) [0x000074dd1f9cb100, 0x000074dd1f9cb2a0] 
[3,534s][debug][gc,nmethod     ] GC(1) O: Unregister NMethod: io.sirix.access.trx.page.NodePageTrx.prepareRecordPage (0x000074dd1fbf3388) [0x000074dd1fbf3480, 0x000074dd1fbf5a28] 
[3,534s][debug][gc,nmethod     ] GC(1) O: Unregister NMethod: io.sirix.page.delegates.BitmapReferencesPage.getOrCreateReference (0x000074dd3ed1d108) [0x000074dd3ed1d200, 0x000074dd3ed1d9e8] 
[3,534s][debug][gc,nmethod     ] GC(1) O: Unregister NMethod: io.sirix.axis.ChildAxis.reset (0x000074dd1fb76a88) [0x000074dd1fb76b80, 0x000074dd1fb76d68] 
[3,534s][debug][gc,nmethod     ] GC(1) O: Unregister NMethod: jdk.internal.foreign.NativeMemorySegmentImpl.dup (0x000074dd3ebf7e88) [0x000074dd3ebf7fa0, 0x000074dd3ebf80f0] 
[3,534s][debug][gc,nmethod     ] GC(1) O: Unregister NMethod: io.sirix.access.trx.node.xml.ForwardingXmlNodeReadOnlyTrx.hasFirstChild (0x000074dd1fbe8908) [0x000074dd1fbe8a00, 0x000074dd1fbe9000] 
[3,534s][debug][gc,nmethod     ] GC(1) O: Unregister NMethod: jdk.internal.misc.Unsafe.freeMemory (0x000074dd1fd97c88) [0x000074dd1fd97d80, 0x000074dd1fd97f20] 
[3,534s][debug][gc,nmethod     ] GC(1) O: Unregister NMethod: java.util.concurrent.locks.ReentrantLock.unlock (0x000074dd3ee23808) [0x000074dd3ee23900, 0x000074dd3ee23ca8] 
[3,534s][debug][gc,nmethod     ] GC(1) O: Unregister NMethod: java.lang.invoke.TypeConvertingMethodAdapter.convertType (0x000074dd1f77c888) [0x000074dd1f77c980, 0x000074dd1f784e68] 
[3,534s][debug][gc,nmethod     ] GC(1) O: Unregister NMethod: it.unimi.dsi.fastutil.longs.LongArrayList.getLong (0x000074dd1fa87708) [0x000074dd1fa87800, 0x000074dd1fa88c90] 
[3,534s][debug][gc,nmethod     ] GC(1) O: Unregister NMethod: java.util.ArrayList$Itr.hasNext (0x000074dd1f57a108) [0x000074dd1f57a200, 0x000074dd1f57a390] 
[3,534s][debug][gc,nmethod     ] GC(1) O: Unregister NMethod: io.brackit.query.compiler.AST.getChild (0x000074dd1ff4f388) [0x000074dd1ff4f480, 0x000074dd1ff50ab0] 
[3,534s][debug][gc,nmethod     ] GC(1) O: Unregister NMethod: io.sirix.node.xml.TextNode.getKind (0x000074dd1f9ed608) [0x000074dd1f9ed700, 0x000074dd1f9ed808] 
[3,534s][debug][gc,nmethod     ] GC(1) O: Unregister NMethod: java.util.ArrayList.getLast (0x000074dd1fb82208) [0x000074dd1fb82300, 0x000074dd1fb82608] 
[3,534s][debug][gc,nmethod     ] GC(1) O: Unregister NMethod: io.brackit.query.node.parser.SAX2SubtreeHandlerAdapter.characters (0x000074dd2003bd88) [0x000074dd2003be80, 0x000074dd2003c190] 
[3,534s][debug][gc,nmethod     ] GC(1) O: Unregister NMethod: it.unimi.dsi.fastutil.ints.Int2ObjectOpenHashMap.get (0x000074dd2003c208) [0x000074dd2003c300, 0x000074dd2003c970] 
[3,534s][debug][gc,nmethod     ] GC(1) O: Unregister NMethod: com.sun.org.apache.xerces.internal.parsers.AbstractSAXParser$AttributesProxy.getValue (0x000074dd1fc59508) [0x000074dd1fc59600, 0x000074dd1fc59960] 
[3,534s][debug][gc,nmethod     ] GC(1) O: Unregister NMethod: io.sirix.access.trx.node.AbstractNodeTrxImpl.intermediateCommitIfRequired (0x000074dd1fab2f08) [0x000074dd1fab3000, 0x000074dd1fab3d78] 
[3,534s][debug][gc,nmethod     ] GC(1) O: Unregister NMethod: io.brackit.query.expr.StepExpr$AxisStepSequenceIter.close (0x000074dd1ffb9608) [0x000074dd1ffb9700, 0x000074dd1ffb9900] 
[3,534s][debug][gc,nmethod     ] GC(1) O: Unregister NMethod: io.sirix.access.trx.node.xml.XmlNodeReadOnlyTrxImpl.hasAttributes (0x000074dd1fc6c888) [0x000074dd1fc6c980, 0x000074dd1fc6d900] 
[3,534s][debug][gc,nmethod     ] GC(1) O: Unregister NMethod: java.util.concurrent.locks.AbstractQueuedSynchronizer.compareAndSetState (0x000074dd1f9ad388) [0x000074dd1f9ad480, 0x000074dd1f9ad598] 
[3,535s][debug][gc,nmethod     ] GC(1) O: Unregister NMethod: java.nio.ByteBuffer.<init> (0x000074dd1f961f08) [0x000074dd1f962000, 0x000074dd1f962248] 
[3,535s][debug][gc,nmethod     ] GC(1) O: Unregister NMethod: java.util.concurrent.ForkJoinPool.slotOffset (0x000074dd1f950288) [0x000074dd1f950380, 0x000074dd1f950478] 
[3,535s][debug][gc,nmethod     ] GC(1) O: Unregister NMethod: java.util.RegularEnumSet.contains (0x000074dd1f51c908) [0x000074dd1f51ca00, 0x000074dd1f51d4a0] 
[3,535s][debug][gc,nmethod     ] GC(1) O: Unregister NMethod: io.sirix.page.RevisionRootPage.incrementAndGetMaxNodeKeyInDocumentIndex (0x000074dd1face488) [0x000074dd1face580, 0x000074dd1face690] 
[3,535s][debug][gc,nmethod     ] GC(1) O: Unregister NMethod: java.nio.charset.Charset.defaultCharset (0x000074dd1fb6cc88) [0x000074dd1fb6cd80, 0x000074dd1fb6ce78] 
[3,535s][debug][gc,nmethod     ] GC(1) O: Unregister NMethod: java.util.zip.Inflater.ensureOpen (0x000074dd1f4c3e08) [0x000074dd1f4c3f00, 0x000074dd1f4c4188] 
[3,535s][debug][gc,nmethod     ] GC(1) O: Unregister NMethod: jdk.internal.foreign.Utils.isPowerOfTwo (0x000074dd1fdfe688) [0x000074dd1fdfe780, 0x000074dd1fdfe8c0] 
[3,535s][debug][gc,nmethod     ] GC(1) O: Unregister NMethod: java.lang.Class.getSimpleName (0x000074dd3ed79e08) [0x000074dd3ed79f00, 0x000074dd3ed7a5d8] 
[3,535s][debug][gc,nmethod     ] GC(1) O: Unregister NMethod: io.sirix.page.PageKind$1.deserializePage (0x000074dd20168b08) [0x000074dd20168c00, 0x000074dd2016cba8] 
[3,535s][debug][gc,nmethod     ] GC(1) O: Unregister NMethod: jdk.internal.foreign.SegmentFactories.ensureInitialized (0x000074dd1fa42e88) [0x000074dd1fa42f80, 0x000074dd1fa43060] 
[3,535s][debug][gc,nmethod     ] GC(1) O: Unregister NMethod: com.sun.org.apache.xerces.internal.impl.XMLDocumentFragmentScannerImpl.scanDocument (0x000074dd3ee77f88) [0x000074dd3ee78080, 0x000074dd3ee88220] 
[3,535s][debug][gc,nmethod     ] GC(1) O: Unregister NMethod: io.sirix.node.BytesOut.asBytesIn (0x000074dd1fa9cd88) [0x000074dd1fa9ce80, 0x000074dd1fa9db28] 
[3,535s][debug][gc,nmethod     ] GC(1) O: Unregister NMethod: java.util.HashMap.putVal (0x000074dd1f479f88) [0x000074dd1f47a080, 0x000074dd1f47c410] 
[3,535s][debug][gc,nmethod     ] GC(1) O: Unregister NMethod: java.lang.String.getBytes (0x000074dd1facfc08) [0x000074dd1facfd00, 0x000074dd1fad0198] 
[3,535s][debug][gc,nmethod     ] GC(1) O: Unregister NMethod: java.util.ArrayDeque.isEmpty (0x000074dd3ed3ed88) [0x000074dd3ed3ee80, 0x000074dd3ed3ef40] 
[3,535s][debug][gc,nmethod     ] Register NMethod: com.github.benmanes.caffeine.cache.AccessOrderDeque.contains (0x000074dd3ef4f708) [0x000074dd3ef4f800, 0x000074dd3ef4fab0] Compiler: jvmci, Barriers: 5, Oops: 1, ImmediateOops: 0, NonImmediateOops: No
[3,535s][debug][gc,nmethod     ] GC(1) O: Unregister NMethod: io.sirix.node.SirixDeweyID.getDivisionBits (0x000074dd1fd9cb88) [0x000074dd1fd9cc80, 0x000074dd1fd9d100] 
[3,535s][debug][gc,nmethod     ] GC(1) O: Unregister NMethod: io.sirix.node.NodeKind.serializeStructDelegate (0x000074dd1fd93f88) [0x000074dd1fd94080, 0x000074dd1fd945f8] 
[3,535s][debug][gc,nmethod     ] GC(1) O: Unregister NMethod: com.sun.org.apache.xerces.internal.impl.XMLEntityScanner.scanQName (0x000074dd1fb70d08) [0x000074dd1fb70e00, 0x000074dd1fb730a0] 
[3,535s][debug][gc,nmethod     ] GC(1) O: Unregister NMethod: jdk.internal.foreign.ArenaImpl.allocate (0x000074dd1fd1c708) [0x000074dd1fd1c800, 0x000074dd1fd1c980] 
[3,535s][debug][gc,nmethod     ] GC(1) O: Unregister NMethod: io.sirix.page.KeyValueLeafPage.getSlot (0x000074dd1f937e08) [0x000074dd1f937f00, 0x000074dd1f94e120] 
[3,535s][debug][gc,nmethod     ] GC(1) O: Unregister NMethod: io.sirix.index.path.summary.PathSummaryReader.moveTo (0x000074dd1febc008) [0x000074dd1febc100, 0x000074dd1febce08] 
[3,535s][debug][gc,nmethod     ] GC(1) O: Unregister NMethod: io.sirix.query.node.SubtreeBuilder.attribute (0x000074dd1fca8308) [0x000074dd1fca8400, 0x000074dd1fca9600] 
[3,535s][debug][gc,nmethod     ] GC(1) O: Unregister NMethod: it.unimi.dsi.fastutil.longs.LongArrayList.initArrayFromCapacity (0x000074dd1ff8dc08) [0x000074dd1ff8dd00, 0x000074dd1ff8ee48] 
[3,535s][debug][gc,nmethod     ] GC(1) O: Unregister NMethod: jdk.internal.foreign.layout.MemoryLayoutUtil.requireByteSizeValid (0x000074dd1fdf5b08) [0x000074dd1fdf5c00, 0x000074dd1fdf6968] 
[3,535s][debug][gc,nmethod     ] GC(1) O: Unregister NMethod: com.sun.org.apache.xerces.internal.xni.XMLString.toString (0x000074dd1fc55e08) [0x000074dd1fc55f00, 0x000074dd1fc56148] 
[3,535s][debug][gc,nmethod     ] GC(1) O: Unregister NMethod: io.sirix.node.GrowingMemorySegment.<init> (0x000074dd1fa8c408) [0x000074dd1fa8c500, 0x000074dd1fa8c978] 
[3,535s][debug][gc,nmethod     ] GC(1) O: Unregister NMethod: java.nio.Buffer.<init> (0x000074dd1f425f08) [0x000074dd1f426000, 0x000074dd1f4279f8] 
[3,535s][debug][gc,nmethod     ] GC(1) O: Unregister NMethod: io.sirix.access.trx.page.NodePageReadOnlyTrx.getValue (0x000074dd1f9c8d88) [0x000074dd1f9c8e80, 0x000074dd1f9ca9e0] 
[3,535s][debug][gc,nmethod     ] GC(1) O: Unregister NMethod: java.lang.AbstractStringBuilder.isLatin1 (0x000074dd1f44e608) [0x000074dd1f44e700, 0x000074dd1f44e840] 
[3,535s][debug][gc,nmethod     ] GC(1) O: Unregister NMethod: io.sirix.access.trx.node.xml.ForwardingXmlNodeReadOnlyTrx.hasFirstChild (0x000074dd3ed9e988) [0x000074dd3ed9ea80, 0x000074dd3ed9f098] 
[3,535s][debug][gc,nmethod     ] GC(1) O: Unregister NMethod: java.util.concurrent.ConcurrentLinkedDeque.linkLast (0x000074dd1f8e4708) [0x000074dd1f8e4800, 0x000074dd1f8e98f8] 
[3,535s][debug][gc,nmethod     ] GC(1) O: Unregister NMethod: com.sun.org.apache.xerces.internal.impl.XMLEntityScanner.scanQName (0x000074dd3ecee288) [0x000074dd3ecee380, 0x000074dd3ecef738] 
[3,535s][debug][gc,nmethod     ] GC(1) O: Unregister NMethod: io.sirix.page.KeyValueLeafPage.setData (0x000074dd3edb4408) [0x000074dd3edb4500, 0x000074dd3edb6ca0] 
[3,535s][debug][gc,nmethod     ] GC(1) O: Unregister NMethod: io.sirix.node.NodeKind$13.serialize (0x000074dd1fd98288) [0x000074dd1fd98380, 0x000074dd1fd987f8] 
[3,535s][debug][gc,nmethod     ] GC(1) O: Unregister NMethod: io.sirix.access.trx.page.NodePageTrx$$Lambda/0x0000000069287a18.apply (0x000074dd1feb7388) [0x000074dd1feb7480, 0x000074dd1feb7848] 
[3,535s][debug][gc,nmethod     ] GC(1) O: Unregister NMethod: jdk.internal.foreign.GlobalSession.acquire0 (0x000074dd1fe60808) [0x000074dd1fe60900, 0x000074dd1fe609f8] 
[3,535s][debug][gc,nmethod     ] GC(1) O: Unregister NMethod: io.sirix.page.PageReference.setResourceId (0x000074dd1ff07588) [0x000074dd1ff07680, 0x000074dd1ff07790] 
[3,535s][debug][gc,nmethod     ] GC(1) O: Unregister NMethod: jdk.internal.classfile.impl.StackMapGenerator.processBlock (0x000074dd3ec3ea08) [0x000074dd3ec3eb00, 0x000074dd3ec40828] 
[3,535s][debug][gc,nmethod     ] GC(1) O: Unregister NMethod: io.brackit.query.node.parser.SAX2SubtreeHandlerAdapter$TrimmingStringBuilder.append (0x000074dd1fb2cc88) [0x000074dd1fb2cd80, 0x000074dd1fb2d210] 
[3,535s][debug][gc,nmethod     ] GC(1) O: Unregister NMethod: io.sirix.node.GrowingMemorySegment.ensureCapacity (0x000074dd1f5be188) [0x000074dd1f5be280, 0x000074dd1f5be3e0] 
[3,535s][debug][gc,nmethod     ] GC(1) O: Unregister NMethod: io.sirix.node.SirixDeweyID.toBytes (0x000074dd1fda5188) [0x000074dd1fda5280, 0x000074dd1fda5968] 
[3,535s][debug][gc,nmethod     ] GC(1) O: Unregister NMethod: jdk.internal.misc.ScopedMemoryAccess.getByte (0x000074dd1f491188) [0x000074dd1f491280, 0x000074dd1f491598] 
[3,535s][debug][gc,nmethod     ] GC(1) O: Unregister NMethod: com.sun.org.apache.xerces.internal.util.SymbolTable.addSymbol (0x000074dd1fb56c08) [0x000074dd1fb56d00, 0x000074dd1fb57240] 
[3,535s][debug][gc,nmethod     ] GC(1) O: Unregister NMethod: io.sirix.access.trx.page.NodePageTrx.prepareRecordPage (0x000074dd3ecc7488) [0x000074dd3ecc7580, 0x000074dd3ecc8108] 
[3,535s][debug][gc,nmethod     ] GC(1) O: Unregister NMethod: io.sirix.access.trx.node.AbstractNodeReadOnlyTrx.getRightSiblingKey (0x000074dd1ff8d288) [0x000074dd1ff8d380, 0x000074dd1ff8dba0] 
[3,535s][debug][gc,nmethod     ] GC(1) O: Unregister NMethod: io.sirix.node.GrowingMemorySegment.writeLong (0x000074dd1fd17e08) [0x000074dd1fd17f00, 0x000074dd1fd18638] 
[3,535s][debug][gc,nmethod     ] GC(1) O: Unregister NMethod: com.sun.org.apache.xerces.internal.impl.XMLDocumentFragmentScannerImpl.checkDepth (0x000074dd1fb9b908) [0x000074dd1fb9ba00, 0x000074dd1fb9ec58] 
[3,535s][debug][gc,nmethod     ] GC(1) O: Unregister NMethod: java.lang.String.encode (0x000074dd3ecddc08) [0x000074dd3ecddd00, 0x000074dd3ecdded8] 
[3,535s][debug][gc,nmethod     ] GC(1) O: Unregister NMethod: jdk.internal.foreign.MemorySessionImpl$ResourceList.cleanup (0x000074dd1fe39308) [0x000074dd1fe39400, 0x000074dd1fe39b98] 
[3,535s][debug][gc,nmethod     ] GC(1) O: Unregister NMethod: jdk.internal.foreign.AbstractMemorySegmentImpl.asSlice (0x000074dd3ec4a308) [0x000074dd3ec4a400, 0x000074dd3ec4a5e8] 
[3,535s][debug][gc,nmethod     ] GC(1) O: Unregister NMethod: java.util.zip.Checksum.update (0x000074dd1f62ca08) [0x000074dd1f62cb00, 0x000074dd1f62ce38] 
[3,535s][debug][gc,nmethod     ] GC(1) O: Unregister NMethod: io.sirix.page.KeyValueLeafPage.addReferences (0x000074dd1fffb688) [0x000074dd1fffb780, 0x000074dd1fffc8a0] 
[3,535s][debug][gc,nmethod     ] GC(1) O: Unregister NMethod: io.sirix.node.xml.ElementNode.computeHash (0x000074dd1fc20888) [0x000074dd1fc20980, 0x000074dd1fc4ffc8] 
[3,535s][debug][gc,nmethod     ] GC(1) O: Unregister NMethod: jdk.internal.foreign.ArenaImpl.allocate (0x000074dd3ece1488) [0x000074dd3ece1580, 0x000074dd3ece1eb8] 
[3,535s][debug][gc,nmethod     ] GC(1) O: Unregister NMethod: com.sun.org.apache.xerces.internal.impl.XMLDocumentFragmentScannerImpl$ElementStack.nextElement (0x000074dd1fb99a08) [0x000074dd1fb99b00, 0x000074dd1fb9a500] 
[3,535s][debug][gc,nmethod     ] GC(1) O: Unregister NMethod: java.lang.foreign.MemorySegment.ofArray (0x000074dd1fd9a888) [0x000074dd1fd9a980, 0x000074dd1fd9aa78] 
[3,535s][debug][gc,nmethod     ] GC(1) O: Unregister NMethod: io.sirix.node.NodeKind$2.serialize (0x000074dd1fd6d288) [0x000074dd1fd6d380, 0x000074dd1fd728f8] 
[3,535s][debug][gc,nmethod     ] GC(1) O: Unregister NMethod: java.util.concurrent.locks.ReentrantLock.lock (0x000074dd1feecf88) [0x000074dd1feed080, 0x000074dd1feed850] 
[3,535s][debug][gc,nmethod     ] GC(1) O: Unregister NMethod: sun.security.provider.SHA2.implCompress (0x000074dd1fe01d08) [0x000074dd1fe01e00, 0x000074dd1fe02210] 
[3,535s][debug][gc,nmethod     ] GC(1) O: Unregister NMethod: java.lang.invoke.MethodType.hashCode (0x000074dd1f41cf88) [0x000074dd1f41d080, 0x000074dd1f41d700] 
[3,535s][debug][gc,nmethod     ] GC(1) O: Unregister NMethod: java.util.Arrays.fill (0x000074dd3ebf8e08) [0x000074dd3ebf8f00, 0x000074dd3ebf9098] 
[3,535s][debug][gc,nmethod     ] GC(1) O: Unregister NMethod: io.sirix.node.xml.TextNode.hasRightSibling (0x000074dd1fad4508) [0x000074dd1fad4600, 0x000074dd1fad9a38] 
[3,535s][debug][gc,nmethod     ] GC(1) O: Unregister NMethod: io.sirix.node.xml.ElementNode.<init> (0x000074dd1fba6208) [0x000074dd1fba6300, 0x000074dd1fba7310] 
[3,535s][debug][gc,nmethod     ] GC(1) O: Unregister NMethod: java.lang.AbstractStringBuilder.needsNewBuffer (0x000074dd1f67fb88) [0x000074dd1f67fc80, 0x000074dd1f67fe20] 
[3,535s][debug][gc,nmethod     ] GC(1) O: Unregister NMethod: io.sirix.node.json.JsonNodeSerializer.readSizePrefix (0x000074dd1ff99708) [0x000074dd1ff99800, 0x000074dd1ff99a20] 
[3,535s][debug][gc,nmethod     ] GC(1) O: Unregister NMethod: io.sirix.index.path.summary.PathSummaryReader.getStructuralNode (0x000074dd1fa2c588) [0x000074dd1fa2c680, 0x000074dd1fa2ca38] 
[3,535s][debug][gc,nmethod     ] GC(1) O: Unregister NMethod: io.sirix.utils.XMLToken.ncName (0x000074dd3ece8d08) [0x000074dd3ece8e00, 0x000074dd3ece9158] 
[3,535s][debug][gc,nmethod     ] GC(1) O: Unregister NMethod: com.sun.org.apache.xerces.internal.impl.XMLNSDocumentScannerImpl.next (0x000074dd1fa46488) [0x000074dd1fa46580, 0x000074dd1fa46a68] 
[3,535s][debug][gc,nmethod     ] GC(1) O: Unregister NMethod: io.sirix.index.name.Names.getName (0x000074dd1fec3e08) [0x000074dd1fec3f00, 0x000074dd1fec43a8] 
[3,535s][debug][gc,nmethod     ] GC(1) O: Unregister NMethod: io.sirix.index.path.summary.PathSummaryReader.hasRightSibling (0x000074dd1fb2bf08) [0x000074dd1fb2c000, 0x000074dd1fb2c798] 
[3,535s][debug][gc,nmethod     ] GC(1) O: Unregister NMethod: io.sirix.node.MemorySegmentBytesOut.writeStopBit (0x000074dd1fd18988) [0x000074dd1fd18a80, 0x000074dd1fd18e48] 
[3,535s][debug][gc,nmethod     ] GC(1) O: Unregister NMethod: java.lang.ref.SoftReference.get (0x000074dd1f571288) [0x000074dd1f571380, 0x000074dd1f571540] 
[3,535s][debug][gc,nmethod     ] GC(1) O: Unregister NMethod: io.sirix.node.delegates.StructNodeDelegate.incrementChildCount (0x000074dd1fcc8c88) [0x000074dd1fcc8d80, 0x000074dd1fcc8e90] 
[3,535s][debug][gc,nmethod     ] GC(1) O: Unregister NMethod: io.sirix.service.xml.shredder.AbstractShredder.processEndTag (0x000074dd1fbc3388) [0x000074dd1fbc3480, 0x000074dd1fbc4600] 
[3,535s][debug][gc,nmethod     ] GC(1) O: Unregister NMethod: io.sirix.axis.AbstractAxis.nextLong (0x000074dd1ff6ea08) [0x000074dd1ff6eb00, 0x000074dd1ff6f590] 
[3,535s][debug][gc,nmethod     ] GC(1) O: Unregister NMethod: java.lang.invoke.VarHandleReferences$FieldInstanceReadWrite.compareAndSet (0x000074dd1f4c6c08) [0x000074dd1f4c6d00, 0x000074dd1f4c82b8] 
[3,535s][debug][gc,nmethod     ] GC(1) O: Unregister NMethod: io.sirix.access.trx.page.NodePageReadOnlyTrx.getNamePage (0x000074dd1fb4e508) [0x000074dd1fb4e600, 0x000074dd1fb4f5d8] 
[3,535s][debug][gc,nmethod     ] GC(1) O: Unregister NMethod: io.sirix.query.node.SubtreeBuilder.startElement (0x000074dd2003f088) [0x000074dd2003f180, 0x000074dd20041988] 
[3,535s][debug][gc,nmethod     ] GC(1) O: Unregister NMethod: com.sun.org.apache.xerces.internal.parsers.AbstractSAXParser.endElement (0x000074dd1fba1088) [0x000074dd1fba1180, 0x000074dd1fba1a78] 
[3,535s][debug][gc,nmethod     ] GC(1) O: Unregister NMethod: io.sirix.cache.IndexLogKey.<init> (0x000074dd1fe9f808) [0x000074dd1fe9f900, 0x000074dd1fe9fae0] 
[3,535s][debug][gc,nmethod     ] GC(1) O: Unregister NMethod: org.magicwerk.brownies.collections.GapList.doGet (0x000074dd3ed1a388) [0x000074dd3ed1a480, 0x000074dd3ed1a618] 
[3,535s][debug][gc,nmethod     ] GC(1) O: Unregister NMethod: io.sirix.node.SirixDeweyID.getNewAttributeID (0x000074dd1fcb2388) [0x000074dd1fcb2480, 0x000074dd1fcb2868] 
[3,535s][debug][gc,nmethod     ] GC(1) O: Unregister NMethod: io.sirix.access.trx.page.NodePageTrx.createNameKey (0x000074dd20047b88) [0x000074dd20047c80, 0x000074dd200496b8] 
[3,535s][debug][gc,nmethod     ] GC(1) O: Unregister NMethod: io.sirix.api.PageReadOnlyTrx.recordPageOffset (0x000074dd1f9c6608) [0x000074dd1f9c6700, 0x000074dd1f9c67f8] 
[3,535s][debug][gc,nmethod     ] GC(1) O: Unregister NMethod: jdk.internal.misc.Unsafe.putIntOpaque (0x000074dd20225088) [0x000074dd20225180, 0x000074dd20225288] 
[3,535s][debug][gc,nmethod     ] GC(1) O: Unregister NMethod: io.sirix.node.AbstractForwardingNode.getParentKey (0x000074dd1fa88d08) [0x000074dd1fa88e00, 0x000074dd1fa89130] 
[3,535s][debug][gc,nmethod     ] GC(1) O: Unregister NMethod: java.lang.invoke.InnerClassLambdaMetafactory.convertArgumentTypes (0x000074dd1f835188) [0x000074dd1f835280, 0x000074dd1f836548] 
[3,535s][debug][gc,nmethod     ] GC(1) O: Unregister NMethod: io.sirix.utils.XMLToken.isValidQName (0x000074dd1fb75108) [0x000074dd1fb75200, 0x000074dd1fb76750] 
[3,535s][debug][gc,nmethod     ] GC(1) O: Unregister NMethod: io.sirix.access.trx.page.NodePageTrx.getRecord (0x000074dd1fe9ce08) [0x000074dd1fe9cf00, 0x000074dd1fe9eea0] 
[3,536s][debug][gc,nmethod     ] GC(1) O: Unregister NMethod: java.util.HashMap.<init> (0x000074dd1f43e308) [0x000074dd1f43e400, 0x000074dd1f43e5c0] 
[3,536s][debug][gc,nmethod     ] GC(1) O: Unregister NMethod: io.sirix.node.NodeSerializerImpl.deserializeDeweyID (0x000074dd1ff18708) [0x000074dd1ff18800, 0x000074dd1ff19788] 
[3,536s][debug][gc,nmethod     ] GC(1) O: Unregister NMethod: io.sirix.page.delegates.BitmapReferencesPage.index (0x000074dd20009288) [0x000074dd20009380, 0x000074dd200098a0] 
[3,536s][debug][gc,nmethod     ] GC(1) O: Unregister NMethod: io.sirix.access.trx.page.NodePageTrx.prepareRecordPage (0x000074dd3ecb7b88) [0x000074dd3ecb7c80, 0x000074dd3ecb8838] 
[3,536s][debug][gc,nmethod     ] GC(1) O: Unregister NMethod: io.sirix.node.xml.ElementNode.setHash (0x000074dd1f9fdf88) [0x000074dd1f9fe080, 0x000074dd1fa01a08] 
[3,536s][debug][gc,nmethod     ] GC(1) O: Unregister NMethod: io.sirix.page.KeyValueLeafPage.findFreeSpaceForSlots (0x000074dd3eda3508) [0x000074dd3eda3600, 0x000074dd3eda3758] 
[3,536s][debug][gc,nmethod     ] GC(1) O: Unregister NMethod: com.sun.org.apache.xerces.internal.parsers.AbstractSAXParser.startElement (0x000074dd2002d588) [0x000074dd2002d680, 0x000074dd2002f948] 
[3,536s][debug][gc,nmethod     ] GC(1) O: Unregister NMethod: io.sirix.axis.AbstractAxis.resetToLastKey (0x000074dd1fa43508) [0x000074dd1fa43600, 0x000074dd1fa43bb8] 
[3,536s][debug][gc,nmethod     ] GC(1) O: Unregister NMethod: java.util.concurrent.locks.ReentrantLock$Sync.tryRelease (0x000074dd1ff1a788) [0x000074dd1ff1a880, 0x000074dd1ff1b380] 
[3,536s][debug][gc,nmethod     ] GC(1) O: Unregister NMethod: io.sirix.node.xml.AttributeNode.computeHash (0x000074dd1fc91908) [0x000074dd1fc91a00, 0x000074dd1fca8260] 
[3,536s][debug][gc,nmethod     ] GC(1) O: Unregister NMethod: sun.security.provider.SHA2.implCompress0 (0x000074dd1fda0a88) [0x000074dd1fda0b80, 0x000074dd1fda13f0] 
[3,536s][debug][gc,nmethod     ] GC(1) O: Unregister NMethod: io.sirix.node.GrowingMemorySegment.<init> (0x000074dd3ece2208) [0x000074dd3ece2300, 0x000074dd3ece2da8] 
[3,536s][debug][gc,nmethod     ] GC(1) O: Unregister NMethod: java.lang.invoke.VarHandleGuards.guard_L_L (0x000074dd1fa18588) [0x000074dd1fa18680, 0x000074dd1fa1bb00] 
[3,536s][debug][gc,nmethod     ] GC(1) O: Unregister NMethod: io.sirix.access.trx.page.NodePageTrx.getMostRecentPageContainer (0x000074dd3ecbfd88) [0x000074dd3ecbfe80, 0x000074dd3ecc0280] 
[3,536s][debug][gc,nmethod     ] GC(1) O: Unregister NMethod: io.sirix.access.trx.page.NodePageTrx.getRecord (0x000074dd3ecc8f88) [0x000074dd3ecc9080, 0x000074dd3ecc9bd0] 
[3,536s][debug][gc,nmethod     ] GC(1) O: Unregister NMethod: jdk.internal.foreign.Utils.checkAlign (0x000074dd1fa8d988) [0x000074dd1fa8da80, 0x000074dd1fa8e7d8] 
[3,536s][debug][gc,nmethod     ] GC(1) O: Unregister NMethod: io.sirix.access.trx.node.xml.XmlNodeFactoryImpl.createElementNode (0x000074dd1fbc6b88) [0x000074dd1fbc6c80, 0x000074dd1fbcb4e0] 
[3,536s][debug][gc,nmethod     ] GC(1) O: Unregister NMethod: java.util.ArrayList.grow (0x000074dd1f67f208) [0x000074dd1f67f300, 0x000074dd1f67fb50] 
[3,536s][debug][gc,nmethod     ] GC(1) O: Unregister NMethod: io.sirix.access.trx.node.AbstractNodeReadOnlyTrx.getNodeKey (0x000074dd1ff5ae88) [0x000074dd1ff5af80, 0x000074dd1ff5b5e8] 
[3,536s][debug][gc,nmethod     ] GC(1) O: Unregister NMethod: io.sirix.node.NodeSerializerImpl.serializeDeweyID (0x000074dd1fe38508) [0x000074dd1fe38600, 0x000074dd1fe38bc0] 
[3,536s][debug][gc,nmethod     ] GC(1) O: Unregister NMethod: jdk.internal.foreign.AbstractMemorySegmentImpl.asSliceNoCheck (0x000074dd1f5a7e08) [0x000074dd1f5a7f00, 0x000074dd1f5a8240] 
[3,536s][debug][gc,nmethod     ] GC(1) O: Unregister NMethod: io.sirix.service.xml.shredder.AbstractShredder.processText (0x000074dd1fb48788) [0x000074dd1fb48880, 0x000074dd1fb4ab30] 
[3,536s][debug][gc,nmethod     ] GC(1) O: Unregister NMethod: io.sirix.index.name.Names.setName (0x000074dd1fb6a908) [0x000074dd1fb6aa00, 0x000074dd1fb6cc50] 
[3,536s][debug][gc,nmethod     ] GC(1) O: Unregister NMethod: io.sirix.access.trx.page.NodePageTrx.getRecord (0x000074dd3ecbd488) [0x000074dd3ecbd580, 0x000074dd3ecbdd68] 
[3,536s][debug][gc,nmethod     ] GC(1) O: Unregister NMethod: java.lang.invoke.InvokerBytecodeGenerator.emitStoreResult (0x000074dd1f81c488) [0x000074dd1f81c580, 0x000074dd1f81cc38] 
[3,536s][debug][gc,nmethod     ] GC(1) O: Unregister NMethod: io.brackit.query.node.parser.SAX2SubtreeHandlerAdapter.startElement (0x000074dd2003cf88) [0x000074dd2003d080, 0x000074dd2003f068] 
[3,536s][debug][gc,nmethod     ] GC(1) O: Unregister NMethod: jdk.internal.foreign.Utils.alignUp (0x000074dd1fa8e808) [0x000074dd1fa8e900, 0x000074dd1fa8e9f8] 
[3,536s][debug][gc,nmethod     ] GC(1) O: Unregister NMethod: it.unimi.dsi.fastutil.longs.LongArrayList.removeLong (0x000074dd1fa89788) [0x000074dd1fa89880, 0x000074dd1fa8afb0] 
[3,536s][debug][gc,nmethod     ] GC(1) O: Unregister NMethod: io.sirix.node.xml.ElementNode.hasRightSibling (0x000074dd1fb1ce08) [0x000074dd1fb1cf00, 0x000074dd1fb22338] 
[3,536s][debug][gc,nmethod     ] GC(1) O: Unregister NMethod: java.util.concurrent.locks.ReentrantLock.lock (0x000074dd3ece1188) [0x000074dd3ece1280, 0x000074dd3ece1468] 
[3,536s][debug][gc,nmethod     ] GC(1) O: Unregister NMethod: io.brackit.query.node.parser.SAX2SubtreeHandlerAdapter.startElement (0x000074dd3ed4eb08) [0x000074dd3ed4ec00, 0x000074dd3ed52280] 
[3,536s][debug][gc,nmethod     ] GC(1) O: Unregister NMethod: io.sirix.node.MemorySegmentBytesIn.readLong (0x000074dd1fec5f08) [0x000074dd1fec6000, 0x000074dd1fec9c10] 
[3,536s][debug][gc,nmethod     ] GC(1) O: Unregister NMethod: jdk.internal.foreign.layout.ValueLayouts$OfByteImpl.dup (0x000074dd1fdffd08) [0x000074dd1fdffe00, 0x000074dd1fdfffb0] 
[3,536s][debug][gc,nmethod     ] GC(1) O: Unregister NMethod: io.sirix.access.trx.page.NodePageReadOnlyTrx.pageKey (0x000074dd1f9c6908) [0x000074dd1f9c6a00, 0x000074dd1f9c7180] 
[3,536s][debug][gc,nmethod     ] GC(1) O: Unregister NMethod: java.util.stream.StreamOpFlag.fromCharacteristics (0x000074dd1f800988) [0x000074dd1f800a80, 0x000074dd1f801008] 
[3,536s][debug][gc,nmethod     ] GC(1) O: Unregister NMethod: com.sun.org.apache.xerces.internal.impl.XMLEntityScanner.checkBeforeLoad (0x000074dd3eccd688) [0x000074dd3eccd780, 0x000074dd3eccd870] 
[3,536s][debug][gc,nmethod     ] GC(1) O: Unregister NMethod: java.lang.invoke.InnerClassLambdaMetafactory$6.accept (0x000074dd1f843388) [0x000074dd1f843480, 0x000074dd1f8497b0] 
[3,536s][debug][gc,nmethod     ] GC(1) O: Unregister NMethod: jdk.internal.misc.ScopedMemoryAccess.getLongUnaligned (0x000074dd3ed53308) [0x000074dd3ed53400, 0x000074dd3ed535c0] 
[3,536s][debug][gc,nmethod     ] GC(1) O: Unregister NMethod: java.io.File.isInvalid (0x000074dd1f478708) [0x000074dd1f478800, 0x000074dd1f478db0] 
[3,536s][debug][gc,nmethod     ] GC(1) O: Unregister NMethod: it.unimi.dsi.fastutil.ints.Int2IntOpenHashMap.get (0x000074dd1fb57708) [0x000074dd1fb57800, 0x000074dd1fb57d60] 
[3,536s][debug][gc,nmethod     ] GC(1) O: Unregister NMethod: com.sun.org.apache.xerces.internal.impl.XMLNSDocumentScannerImpl.next (0x000074dd3ecdb908) [0x000074dd3ecdba00, 0x000074dd3ecdd288] 
[3,536s][debug][gc,nmethod     ] GC(1) O: Unregister NMethod: io.sirix.access.trx.node.AbstractIndexController.notifyChange (0x000074dd1fabc808) [0x000074dd1fabc900, 0x000074dd1fabd7b8] 
[3,536s][debug][gc,nmethod     ] GC(1) O: Unregister NMethod: jdk.internal.foreign.NativeMemorySegmentImpl.makeByteBuffer (0x000074dd1fb09b88) [0x000074dd1fb09c80, 0x000074dd1fb09df0] 
[3,536s][debug][gc,nmethod     ] GC(1) O: Unregister NMethod: jdk.internal.foreign.MemorySessionImpl$ResourceList.cleanup (0x000074dd1fe39c08) [0x000074dd1fe39d00, 0x000074dd1fe3a430] 
[3,536s][debug][gc,nmethod     ] GC(1) O: Unregister NMethod: java.util.BitSet.and (0x000074dd3ed0e408) [0x000074dd3ed0e540, 0x000074dd3ed0ea60] 
[3,536s][debug][gc,nmethod     ] GC(1) O: Unregister NMethod: io.sirix.node.xml.AttributeNode.getKind (0x000074dd1fd51908) [0x000074dd1fd51a00, 0x000074dd1fd51b08] 
[3,536s][debug][gc,nmethod     ] GC(1) O: Unregister NMethod: io.sirix.node.NodeKind.writeHash (0x000074dd1fd49e08) [0x000074dd1fd49f00, 0x000074dd1fd4a070] 
[3,536s][debug][gc,nmethod     ] GC(1) O: Unregister NMethod: io.sirix.axis.filter.xml.ElementFilter.filter (0x000074dd1ff8c988) [0x000074dd1ff8ca80, 0x000074dd1ff8d200] 
[3,536s][debug][gc,nmethod     ] GC(1) O: Unregister NMethod: java.lang.Class.isArray (0x000074dd1f41ea88) [0x000074dd1f41eb80, 0x000074dd1f41ed00] 
[3,536s][debug][gc,nmethod     ] GC(1) O: Unregister NMethod: io.sirix.utils.XMLToken.isNCChar (0x000074dd1fcdff08) [0x000074dd1fce0000, 0x000074dd1fce03e8] 
[3,536s][debug][gc,nmethod     ] GC(1) O: Unregister NMethod: java.lang.String.<init> (0x000074dd1fb05788) [0x000074dd1fb05880, 0x000074dd1fb05b20] 
[3,536s][debug][gc,nmethod     ] GC(1) O: Unregister NMethod: java.util.concurrent.ConcurrentLinkedDeque.offer (0x000074dd1f451908) [0x000074dd1f451a00, 0x000074dd1f451b98] 
[3,536s][debug][gc,nmethod     ] GC(1) O: Unregister NMethod: com.sun.org.apache.xerces.internal.impl.XMLNSDocumentScannerImpl.scanStartElement (0x000074dd2004aa88) [0x000074dd2004ab80, 0x000074dd20052de0] 
[3,536s][debug][gc,nmethod     ] GC(1) O: Unregister NMethod: io.sirix.cache.PageContainer.getModifiedAsUnorderedKeyValuePage (0x000074dd1f9d1088) [0x000074dd1f9d1180, 0x000074dd1f9d14b8] 
[3,536s][debug][gc,nmethod     ] GC(1) O: Unregister NMethod: io.sirix.service.xml.shredder.AbstractShredder.processStartTag (0x000074dd1fba7388) [0x000074dd1fba7480, 0x000074dd1fbad1b0] 
[3,536s][debug][gc,nmethod     ] GC(1) O: Unregister NMethod: net.openhft.hashing.LongHashFunction.hashBytes (0x000074dd1fbcb808) [0x000074dd1fbcb900, 0x000074dd1fbcba48] 
[3,536s][debug][gc,nmethod     ] GC(1) O: Unregister NMethod: java.lang.String.<init> (0x000074dd1f641988) [0x000074dd1f641a80, 0x000074dd1f642058] 
[3,536s][debug][gc,nmethod     ] GC(1) O: Unregister NMethod: java.nio.MappedByteBuffer.position (0x000074dd1fadc408) [0x000074dd1fadc500, 0x000074dd1fadc8c0] 
[3,536s][debug][gc,nmethod     ] GC(1) O: Unregister NMethod: java.nio.channels.spi.AbstractInterruptibleChannel.blockedOn (0x000074dd1fe61908) [0x000074dd1fe61a00, 0x000074dd1fe61db8] 
[3,536s][debug][gc,nmethod     ] GC(1) O: Unregister NMethod: java.lang.invoke.VarHandle.checkAccessModeThenIsDirect (0x000074dd1f587408) [0x000074dd1f587500, 0x000074dd1f5886a8] 
[3,536s][debug][gc,nmethod     ] GC(1) O: Unregister NMethod: jdk.internal.misc.ScopedMemoryAccess.putLongUnaligned (0x000074dd3ed55488) [0x000074dd3ed55580, 0x000074dd3ed55740] 
[3,536s][debug][gc,nmethod     ] GC(1) O: Unregister NMethod: com.sun.org.apache.xerces.internal.util.XMLChar.isSpace (0x000074dd1faa4488) [0x000074dd1faa4580, 0x000074dd1faa4708] 
[3,536s][debug][gc,nmethod     ] GC(1) O: Unregister NMethod: java.lang.Class.getSimpleName (0x000074dd1fda6088) [0x000074dd1fda6180, 0x000074dd1fda6388] 
[3,536s][debug][gc,nmethod     ] GC(1) O: Unregister NMethod: jdk.internal.misc.Unsafe.putLongUnaligned (0x000074dd3ec84888) [0x000074dd3ec84980, 0x000074dd3ec84a40] 
[3,536s][debug][gc,nmethod     ] GC(1) O: Unregister NMethod: io.sirix.axis.AbstractAxis.tryToComputeNext (0x000074dd3ecd2208) [0x000074dd3ecd2300, 0x000074dd3ecd2890] 
[3,536s][debug][gc,nmethod     ] GC(1) O: Unregister NMethod: jdk.internal.foreign.layout.MemoryLayoutUtil.requireByteSizeValid (0x000074dd1fd9be88) [0x000074dd1fd9bf80, 0x000074dd1fd9c320] 
[3,536s][debug][gc,nmethod     ] GC(1) O: Unregister NMethod: java.nio.Buffer.session (0x000074dd1f486388) [0x000074dd1f486480, 0x000074dd1f486888] 
[3,536s][debug][gc,nmethod     ] GC(1) O: Unregister NMethod: io.sirix.access.trx.page.NodePageTrx.getRecord (0x000074dd1f9f0288) [0x000074dd1f9f0380, 0x000074dd1f9f2320] 
[3,536s][debug][gc,nmethod     ] GC(1) O: Unregister NMethod: com.sun.org.apache.xerces.internal.impl.XMLDocumentFragmentScannerImpl$FragmentContentDriver.next (0x000074dd3ecd7488) [0x000074dd3ecd7580, 0x000074dd3ecd8de0] 
[3,536s][debug][gc,nmethod     ] GC(1) O: Unregister NMethod: java.nio.Buffer.checkIndex (0x000074dd1f486908) [0x000074dd1f486a00, 0x000074dd1f486b50] 
[3,536s][debug][gc,nmethod     ] GC(1) O: Unregister NMethod: java.util.concurrent.locks.AbstractQueuedSynchronizer.signalNext (0x000074dd1fa40808) [0x000074dd1fa40900, 0x000074dd1fa41b78] 
[3,536s][debug][gc,nmethod     ] GC(1) O: Unregister NMethod: jdk.internal.foreign.NativeMemorySegmentImpl.<init> (0x000074dd1f44e008) [0x000074dd1f44e100, 0x000074dd1f44e5c8] 
[3,536s][debug][gc,nmethod     ] GC(1) O: Unregister NMethod: io.sirix.page.KeyValueLeafPage.findFreeSpaceForSlots (0x000074dd1fd96388) [0x000074dd1fd96480, 0x000074dd1fd968a8] 
[3,536s][debug][gc,nmethod     ] GC(1) O: Unregister NMethod: com.sun.org.apache.xerces.internal.impl.XMLNSDocumentScannerImpl.scanStartElement (0x000074dd3ed26c88) [0x000074dd3ed26d80, 0x000074dd3ed29410] 
[3,536s][debug][gc,nmethod     ] GC(1) O: Unregister NMethod: io.sirix.node.MemorySegmentBytesOut.writeInt (0x000074dd1f9d0d88) [0x000074dd1f9d0e80, 0x000074dd1f9d1018] 
[3,536s][debug][gc,nmethod     ] GC(1) O: Unregister NMethod: jdk.internal.foreign.AbstractMemorySegmentImpl.toArray (0x000074dd1fda6708) [0x000074dd1fda6800, 0x000074dd1fda83c0] 
[3,536s][debug][gc,nmethod     ] GC(1) O: Unregister NMethod: io.sirix.page.PageKind$1.serializePage (0x000074dd1fe28408) [0x000074dd1fe28500, 0x000074dd1fe35dd0] 
[3,536s][debug][gc,nmethod     ] GC(1) O: Unregister NMethod: java.util.BitSet.get (0x000074dd1f6ab708) [0x000074dd1f6ab800, 0x000074dd1f6ac6a8] 
[3,536s][debug][gc,nmethod     ] GC(1) O: Unregister NMethod: jdk.internal.classfile.impl.StackMapGenerator$Frame.pushStack (0x000074dd1f568c88) [0x000074dd1f568d80, 0x000074dd1f5691e0] 
[3,536s][debug][gc,nmethod     ] GC(1) O: Unregister NMethod: jdk.internal.foreign.HeapMemorySegmentImpl$OfByte.maxAlignMask (0x000074dd1fdf4c08) [0x000074dd1fdf4d00, 0x000074dd1fdf4e00] 
[3,536s][debug][gc,nmethod     ] GC(1) O: Unregister NMethod: jdk.internal.foreign.MemorySessionImpl$ResourceList.cleanupSingle (0x000074dd1fd97988) [0x000074dd1fd97a80, 0x000074dd1fd97c08] 
[3,536s][debug][gc,nmethod     ] GC(1) O: Unregister NMethod: io.sirix.node.json.JsonNodeSerializer.writeEndPadding (0x000074dd1fd51388) [0x000074dd1fd51480, 0x000074dd1fd518c8] 
[3,536s][debug][gc,nmethod     ] GC(1) O: Unregister NMethod: io.sirix.index.path.summary.PathNode.getPrefixKey (0x000074dd1fbb6688) [0x000074dd1fbb6780, 0x000074dd1fbb68e0] 
[3,536s][debug][gc,nmethod     ] GC(1) O: Unregister NMethod: java.lang.invoke.Invokers$Holder.linkToTargetMethod (0x000074dd1f52c408) [0x000074dd1f52c500, 0x000074dd1f52c9e8] 
[3,537s][debug][gc,nmethod     ] GC(1) O: Unregister NMethod: jdk.internal.foreign.ArenaImpl.<init> (0x000074dd1fa8b608) [0x000074dd1fa8b700, 0x000074dd1fa8bae0] 
[3,537s][debug][gc,nmethod     ] GC(1) O: Unregister NMethod: io.sirix.page.KeyValueLeafPage.updateLastSlotIndex (0x000074dd1fd95908) [0x000074dd1fd95a00, 0x000074dd1fd95ca0] 
[3,537s][debug][gc,nmethod     ] GC(1) O: Unregister NMethod: io.sirix.page.KeyValueLeafPage.setData (0x000074dd1fdaea08) [0x000074dd1fdaeb00, 0x000074dd1fdb88e0] 
[3,537s][debug][gc,nmethod     ] GC(1) O: Unregister NMethod: io.brackit.query.sequence.AbstractSequence.evaluate (0x000074dd2012f808) [0x000074dd2012f900, 0x000074dd2012fa00] 
[3,537s][debug][gc,nmethod     ] GC(1) O: Unregister NMethod: jdk.internal.foreign.layout.ValueLayouts$AbstractValueLayout.<init> (0x000074dd1fdfd908) [0x000074dd1fdfda00, 0x000074dd1fdfdf68] 
[3,537s][debug][gc,nmethod     ] GC(1) O: Unregister NMethod: com.sun.org.apache.xerces.internal.impl.XMLEntityScanner.skipSpaces (0x000074dd1fabb088) [0x000074dd1fabb180, 0x000074dd1fabc420] 
[3,537s][debug][gc,nmethod     ] GC(1) O: Unregister NMethod: com.sun.org.apache.xerces.internal.impl.XMLDocumentFragmentScannerImpl$FragmentContentDriver.next (0x000074dd1fcb9c88) [0x000074dd1fcb9d80, 0x000074dd1fcc7840] 
[3,537s][debug][gc,nmethod     ] GC(1) O: Unregister NMethod: jdk.internal.foreign.layout.ValueLayouts$AbstractValueLayout.varHandle (0x000074dd1f928d88) [0x000074dd1f928e80, 0x000074dd1f929838] 
[3,537s][debug][gc,nmethod     ] GC(1) O: Unregister NMethod: jdk.internal.foreign.AbstractMemorySegmentImpl.equals (0x000074dd1fe62a08) [0x000074dd1fe62b00, 0x000074dd1fe62d70] 
[3,537s][debug][gc,nmethod     ] GC(1) O: Unregister NMethod: io.sirix.index.path.summary.PathSummaryReader.getNodeKey (0x000074dd3eccb108) [0x000074dd3eccb200, 0x000074dd3eccb380] 
[3,537s][debug][gc,nmethod     ] GC(1) O: Unregister NMethod: jdk.internal.misc.ScopedMemoryAccess.putLongUnaligned (0x000074dd1f9a1488) [0x000074dd1f9a1580, 0x000074dd1f9a2408] 
[3,537s][debug][gc,nmethod     ] GC(1) O: Unregister NMethod: io.sirix.access.trx.node.AbstractNodeReadOnlyTrx.setCurrentNode (0x000074dd1f9caa08) [0x000074dd1f9cab00, 0x000074dd1f9cafa0] 
[3,537s][debug][gc,nmethod     ] GC(1) O: Unregister NMethod: io.sirix.access.trx.page.NodePageTrx.createNameKey (0x000074dd1fb55088) [0x000074dd1fb55180, 0x000074dd1fb56be0] 
[3,537s][debug][gc,nmethod     ] GC(1) O: Unregister NMethod: io.sirix.axis.AbstractAxis.nextLong (0x000074dd1faa1c08) [0x000074dd1faa1d00, 0x000074dd1faa2790] 
[3,537s][debug][gc,nmethod     ] GC(1) O: Unregister NMethod: java.util.Arrays.copyOf (0x000074dd1fa40308) [0x000074dd1fa40400, 0x000074dd1fa407c8] 
[3,537s][debug][gc,nmethod     ] GC(1) O: Unregister NMethod: com.sun.org.apache.xerces.internal.util.NamespaceSupport.pushContext (0x000074dd20046f88) [0x000074dd20047080, 0x000074dd200473f0] 
[3,537s][debug][gc,nmethod     ] GC(1) O: Unregister NMethod: net.openhft.hashing.LongHashFunction.unsafeHash (0x000074dd1fab5908) [0x000074dd1fab5a00, 0x000074dd1fab5d10] 
[3,537s][debug][gc,nmethod     ] GC(1) O: Unregister NMethod: jdk.internal.foreign.ArenaImpl.allocate (0x000074dd1fa8c988) [0x000074dd1fa8ca80, 0x000074dd1fa8cd78] 
[3,537s][debug][gc,nmethod     ] GC(1) O: Unregister NMethod: jdk.internal.classfile.impl.UnboundAttribute$AdHocAttribute.writeTo (0x000074dd1f6c9708) [0x000074dd1f6c9800, 0x000074dd1f6cb240] 
[3,537s][debug][gc,nmethod     ] GC(1) O: Unregister NMethod: net.openhft.hashing.Maths.unsignedLongMulXorFold (0x000074dd1f9f8208) [0x000074dd1f9f8300, 0x000074dd1f9f8438] 
[3,537s][debug][gc,nmethod     ] GC(1) O: Unregister NMethod: io.sirix.node.SirixDeweyID.<init> (0x000074dd1fbe9e08) [0x000074dd1fbe9f00, 0x000074dd1fbea368] 
[3,537s][debug][gc,nmethod     ] GC(1) O: Unregister NMethod: io.sirix.page.NamePage.getName (0x000074dd1fec4408) [0x000074dd1fec4500, 0x000074dd1fec5b70] 
[3,537s][debug][gc,nmethod     ] GC(1) O: Unregister NMethod: java.nio.ByteBuffer.wrap (0x000074dd1ff10b08) [0x000074dd1ff10c00, 0x000074dd1ff10e70] 
[3,537s][debug][gc,nmethod     ] GC(1) O: Unregister NMethod: io.sirix.node.MemorySegmentBytesOut.<init> (0x000074dd1fd94f08) [0x000074dd1fd95000, 0x000074dd1fd95210] 
[3,537s][debug][gc,nmethod     ] GC(1) O: Unregister NMethod: java.lang.System$1.blockedOn (0x000074dd1fe61e08) [0x000074dd1fe61f00, 0x000074dd1fe62260] 
[3,537s][debug][gc,nmethod     ] GC(1) O: Unregister NMethod: io.sirix.node.MemorySegmentBytesOut.getDestination (0x000074dd1fa8ff08) [0x000074dd1fa90000, 0x000074dd1fa90188] 
[3,537s][debug][gc,nmethod     ] GC(1) O: Unregister NMethod: net.openhft.hashing.XXH3.XXH3_mix2Accs (0x000074dd1fc50688) [0x000074dd1fc50780, 0x000074dd1fc51880] 
[3,537s][debug][gc,nmethod     ] GC(1) O: Unregister NMethod: it.unimi.dsi.fastutil.ints.Int2LongOpenHashMap.put (0x000074dd1fc7db88) [0x000074dd1fc7dc80, 0x000074dd1fc7dee8] 
[3,537s][debug][gc,nmethod     ] GC(1) O: Unregister NMethod: com.sun.org.apache.xerces.internal.impl.XMLEntityScanner.scanContent (0x000074dd1fcdee88) [0x000074dd1fcdef80, 0x000074dd1fcdfef8] 
[3,537s][debug][gc,nmethod     ] GC(1) O: Unregister NMethod: io.sirix.node.xml.ElementNode.hasFirstChild (0x000074dd3ed9f888) [0x000074dd3ed9f980, 0x000074dd3ed9fcf8] 
[3,537s][debug][gc,nmethod     ] GC(1) O: Unregister NMethod: com.sun.org.apache.xerces.internal.parsers.AbstractSAXParser.endNamespaceMapping (0x000074dd1fbb5688) [0x000074dd1fbb5780, 0x000074dd1fbb5ec8] 
[3,537s][debug][gc,nmethod     ] GC(1) O: Unregister NMethod: io.sirix.node.xml.ElementNode.incrementChildCount (0x000074dd1fac5708) [0x000074dd1fac5800, 0x000074dd1fac5f30] 
[3,537s][debug][gc,nmethod     ] GC(1) O: Unregister NMethod: jdk.xml.internal.XMLLimitAnalyzer.addValue (0x000074dd1fb01608) [0x000074dd1fb01720, 0x000074dd1fb04840] 
[3,537s][debug][gc,nmethod     ] GC(1) O: Unregister NMethod: io.sirix.axis.AbstractAxis.hasNext (0x000074dd3edf6408) [0x000074dd3edf6500, 0x000074dd3edf6ba8] 
[3,537s][debug][gc,nmethod     ] GC(1) O: Unregister NMethod: java.util.concurrent.locks.ReentrantLock$Sync.tryRelease (0x000074dd3ecdd608) [0x000074dd3ecdd700, 0x000074dd3ecdd8d0] 
[3,537s][debug][gc,nmethod     ] GC(1) O: Unregister NMethod: io.sirix.axis.filter.FilterAxis.reset (0x000074dd3edd8c88) [0x000074dd3edd8d80, 0x000074dd3edd8ee8] 
[3,537s][debug][gc,nmethod     ] GC(1) O: Unregister NMethod: jdk.internal.misc.Unsafe.getIntUnaligned (0x000074dd1f584208) [0x000074dd1f584300, 0x000074dd1f584548] 
[3,537s][debug][gc,nmethod     ] GC(1) O: Unregister NMethod: java.util.concurrent.locks.ReentrantLock.unlock (0x000074dd1fe8cd88) [0x000074dd1fe8ce80, 0x000074dd1fe8d498] 
[3,537s][debug][gc,nmethod     ] GC(1) O: Unregister NMethod: jdk.internal.misc.Unsafe.checkNativeAddress (0x000074dd1f94f988) [0x000074dd1f94fa80, 0x000074dd1f94fb90] 
[3,537s][debug][gc,nmethod     ] GC(1) O: Unregister NMethod: io.sirix.node.SirixDeweyID.setDivisionBitArray (0x000074dd1fd99308) [0x000074dd1fd99400, 0x000074dd1fd998c8] 
[3,537s][debug][gc,nmethod     ] GC(1) O: Unregister NMethod: sun.security.provider.DigestBase.implCompressMultiBlock0 (0x000074dd1fe5ef88) [0x000074dd1fe5f080, 0x000074dd1fe5f4e8] 
[3,537s][debug][gc,nmethod     ] GC(1) O: Unregister NMethod: io.sirix.node.GrowingMemorySegment.toByteArray (0x000074dd1fb92408) [0x000074dd1fb92500, 0x000074dd1fb99018] 
[3,537s][debug][gc,nmethod     ] GC(1) O: Unregister NMethod: java.util.WeakHashMap.hash (0x000074dd1f48a208) [0x000074dd1f48a300, 0x000074dd1f48a628] 
[3,537s][debug][gc,nmethod     ] GC(1) O: Unregister NMethod: io.sirix.node.xml.ElementNode.getLastModifiedRevisionNumber (0x000074dd1fd4f588) [0x000074dd1fd4f680, 0x000074dd1fd502c8] 
[3,537s][debug][gc,nmethod     ] GC(1) O: Unregister NMethod: io.sirix.page.KeyValueLeafPage.addReferences (0x000074dd20077908) [0x000074dd20077a00, 0x000074dd20078ba0] 
[3,537s][debug][gc,nmethod     ] GC(1) O: Unregister NMethod: jdk.internal.foreign.MemorySessionImpl.checkValidState (0x000074dd1fa05108) [0x000074dd1fa05200, 0x000074dd1fa05ce8] 
[3,537s][debug][gc,nmethod     ] GC(1) O: Unregister NMethod: java.io.UnixFileSystem.resolve (0x000074dd1f6ec188) [0x000074dd1f6ec280, 0x000074dd1f6ef710] 
[3,537s][debug][gc,nmethod     ] GC(1) O: Unregister NMethod: java.lang.Record.<init> (0x000074dd1f455288) [0x000074dd1f455380, 0x000074dd1f4554d8] 
[3,537s][debug][gc,nmethod     ] GC(1) O: Unregister NMethod: io.sirix.access.trx.page.NodePageTrx.prepareRecordPage (0x000074dd2001c708) [0x000074dd2001c800, 0x000074dd2001eda8] 
[3,537s][debug][gc,nmethod     ] GC(1) O: Unregister NMethod: io.sirix.node.NodeSerializerImpl.serialize (0x000074dd3edb7f08) [0x000074dd3edb8000, 0x000074dd3edb86d8] 
[3,537s][debug][gc,nmethod     ] GC(1) O: Unregister NMethod: jdk.internal.foreign.layout.ValueLayouts$OfByteImpl.dup (0x000074dd1fda9388) [0x000074dd1fda9480, 0x000074dd1fda9598] 
[3,537s][debug][gc,nmethod     ] GC(1) O: Unregister NMethod: com.sun.org.apache.xerces.internal.impl.XMLEntityScanner.scanChar (0x000074dd3ed1c288) [0x000074dd3ed1c380, 0x000074dd3ed1c5a8] 
[3,537s][debug][gc,nmethod     ] GC(1) O: Unregister NMethod: net.openhft.hashing.XXH3.XXH3_64bits_internal (0x000074dd1fadc908) [0x000074dd1fadca00, 0x000074dd1fafb3c8] 
[3,537s][debug][gc,nmethod     ] GC(1) O: Unregister NMethod: io.sirix.node.xml.ElementNode.getLocalNameKey (0x000074dd1fbbd688) [0x000074dd1fbbd780, 0x000074dd1fbc2770] 
[3,537s][debug][gc,nmethod     ] GC(1) O: Unregister NMethod: io.sirix.node.MemorySegmentBytesOut.clear (0x000074dd1fa29708) [0x000074dd1fa29800, 0x000074dd1fa299b8] 
[3,537s][debug][gc,nmethod     ] GC(1) O: Unregister NMethod: java.util.HashSet.add (0x000074dd1f433488) [0x000074dd1f433580, 0x000074dd1f433910] 
[3,537s][debug][gc,nmethod     ] GC(1) O: Unregister NMethod: io.brackit.query.jdm.AbstractItem$1.close (0x000074dd1ff9e108) [0x000074dd1ff9e200, 0x000074dd1ff9e300] 
[3,537s][debug][gc,nmethod     ] GC(1) O: Unregister NMethod: io.sirix.axis.AbstractAxis.resetToLastKey (0x000074dd2001ba08) [0x000074dd2001bb00, 0x000074dd2001c0b8] 
[3,537s][debug][gc,nmethod     ] GC(1) O: Unregister NMethod: java.lang.invoke.MethodType.makeImpl (0x000074dd1f45a288) [0x000074dd1f45a380, 0x000074dd1f45cb30] 
[3,537s][debug][gc,nmethod     ] GC(1) O: Unregister NMethod: java.lang.invoke.MethodTypeForm.canonicalize (0x000074dd1f44d288) [0x000074dd1f44d380, 0x000074dd1f44dfd8] 
[3,537s][debug][gc,nmethod     ] GC(1) O: Unregister NMethod: java.lang.String.indexOf (0x000074dd3ec83e88) [0x000074dd3ec83f80, 0x000074dd3ec84258] 
[3,537s][debug][gc,nmethod     ] GC(1) O: Unregister NMethod: java.nio.HeapByteBuffer.put (0x000074dd1ff16608) [0x000074dd1ff16700, 0x000074dd1ff186d0] 
[3,537s][debug][gc,nmethod     ] GC(1) O: Unregister NMethod: java.lang.Number.<init> (0x000074dd1f52a288) [0x000074dd1f52a380, 0x000074dd1f52a4d8] 
[3,537s][debug][gc,nmethod     ] GC(1) O: Unregister NMethod: java.lang.String.encodeUTF8 (0x000074dd1fa66508) [0x000074dd1fa66600, 0x000074dd1fa66c88] 
[3,537s][debug][gc,nmethod     ] GC(1) O: Unregister NMethod: io.sirix.settings.VersioningType$4.combineRecordPages (0x000074dd20145d88) [0x000074dd20145e80, 0x000074dd2014ada8] 
[3,537s][debug][gc,nmethod     ] GC(1) O: Unregister NMethod: jdk.internal.foreign.MemorySessionImpl$ResourceList.cleanupSingle (0x000074dd1fd98808) [0x000074dd1fd98900, 0x000074dd1fd98ea8] 
[3,537s][debug][gc,nmethod     ] GC(1) O: Unregister NMethod: com.github.benmanes.caffeine.cache.BaseMpscLinkedArrayQueue.poll (0x000074dd1ff73e88) [0x000074dd1ff73f80, 0x000074dd1ff79948] 
[3,537s][debug][gc,nmethod     ] GC(1) O: Unregister NMethod: java.lang.invoke.InvokerBytecodeGenerator.emitStaticInvoke (0x000074dd1f8a0d08) [0x000074dd1f8a0e00, 0x000074dd1f8a34e8] 
[3,537s][debug][gc,nmethod     ] GC(1) O: Unregister NMethod: jdk.internal.misc.Unsafe.putReferenceOpaque (0x000074dd1fe88888) [0x000074dd1fe88980, 0x000074dd1fe88af8] 
[3,537s][debug][gc,nmethod     ] GC(1) O: Unregister NMethod: java.nio.ByteBuffer.order (0x000074dd1faaa588) [0x000074dd1faaa680, 0x000074dd1faaa8a0] 
[3,537s][debug][gc,nmethod     ] GC(1) O: Unregister NMethod: jdk.internal.foreign.AbstractMemorySegmentImpl.checkBounds (0x000074dd3ec8de88) [0x000074dd3ec8df80, 0x000074dd3ec8e078] 
[3,537s][debug][gc,nmethod     ] GC(1) O: Unregister NMethod: io.sirix.node.MemorySegmentBytesOut.writeByte (0x000074dd1f9f8b08) [0x000074dd1f9f8c00, 0x000074dd1f9f8d98] 
[3,537s][debug][gc,nmethod     ] GC(1) O: Unregister NMethod: io.sirix.access.trx.node.xml.XmlNodeReadOnlyTrxImpl.isDocumentRoot (0x000074dd1fbcdf88) [0x000074dd1fbce080, 0x000074dd1fbceb28] 
[3,538s][debug][gc,nmethod     ] GC(1) O: Unregister NMethod: io.sirix.node.AbstractForwardingNode.getNodeKey (0x000074dd1f9c8908) [0x000074dd1f9c8a00, 0x000074dd1f9c8d30] 
[3,538s][debug][gc,nmethod     ] GC(1) O: Unregister NMethod: io.sirix.node.immutable.xml.ImmutableElement.getKind (0x000074dd1fb81d88) [0x000074dd1fb81e80, 0x000074dd1fb821d8] 
[3,538s][debug][gc,nmethod     ] GC(1) O: Unregister NMethod: io.sirix.access.trx.node.AbstractNodeReadOnlyTrx.moveTo (0x000074dd1fc09b88) [0x000074dd1fc09c80, 0x000074dd1fc0b7e8] 
[3,538s][debug][gc,nmethod     ] GC(1) O: Unregister NMethod: io.sirix.node.NullNode.<init> (0x000074dd1fd0cd88) [0x000074dd1fd0ce80, 0x000074dd1fd0d3b8] 
[3,538s][debug][gc,nmethod     ] GC(1) O: Unregister NMethod: java.lang.StringUTF16.compress (0x000074dd1f564008) [0x000074dd1f564100, 0x000074dd1f564330] 
[3,538s][debug][gc,nmethod     ] GC(1) O: Unregister NMethod: jdk.internal.util.DecimalDigits.uncheckedPutCharLatin1 (0x000074dd1f883108) [0x000074dd1f883200, 0x000074dd1f883300] 
[3,538s][debug][gc,nmethod     ] GC(1) O: Unregister NMethod: jdk.internal.foreign.MemorySessionImpl.addInternal (0x000074dd1fa86688) [0x000074dd1fa86780, 0x000074dd1fa876f0] 
[3,538s][debug][gc,nmethod     ] GC(1) O: Unregister NMethod: jdk.internal.foreign.AbstractMemorySegmentImpl.checkArraySize (0x000074dd1fb0cd88) [0x000074dd1fb0ce80, 0x000074dd1fb0fc80] 
[3,538s][debug][gc,nmethod     ] GC(1) O: Unregister NMethod: io.sirix.node.json.JsonNodeSerializer.updateSizePrefix (0x000074dd1fd49508) [0x000074dd1fd49600, 0x000074dd1fd498a0] 
[3,538s][debug][gc,nmethod     ] GC(1) O: Unregister NMethod: io.sirix.page.KeyValueLeafPage.getSlot (0x000074dd1f96cb88) [0x000074dd1f96cc80, 0x000074dd1f982e88] 
[3,538s][debug][gc,nmethod     ] GC(1) O: Unregister NMethod: jdk.internal.misc.Unsafe.allocateMemory (0x000074dd1fa44c08) [0x000074dd1fa44d00, 0x000074dd1fa45fb0] 
[3,538s][debug][gc,nmethod     ] GC(1) O: Unregister NMethod: jdk.internal.foreign.Utils.checkElementAlignment (0x000074dd1f965588) [0x000074dd1f965680, 0x000074dd1f965d28] 
[3,538s][debug][gc,nmethod     ] GC(1) O: Unregister NMethod: net.openhft.hashing.XXH3.XXH3_mix16B (0x000074dd1fa03608) [0x000074dd1fa03700, 0x000074dd1fa05090] 
[3,538s][debug][gc,nmethod     ] GC(1) O: Unregister NMethod: java.nio.Bits.tryReserveMemory (0x000074dd1fa4fe88) [0x000074dd1fa4ff80, 0x000074dd1fa50970] 
[3,538s][debug][gc,nmethod     ] GC(1) O: Unregister NMethod: io.sirix.access.trx.node.AbstractNodeReadOnlyTrx.getStructuralNode (0x000074dd1fa31b88) [0x000074dd1fa31c80, 0x000074dd1fa32738] 
[3,538s][debug][gc,nmethod     ] GC(1) O: Unregister NMethod: io.sirix.node.xml.TextNode.computeHash (0x000074dd1fb59008) [0x000074dd1fb59100, 0x000074dd1fb6a8a8] 
[3,538s][debug][gc,nmethod     ] GC(1) O: Unregister NMethod: jdk.internal.classfile.impl.BufWriterImpl.writeU1U2 (0x000074dd1f4e8788) [0x000074dd1f4e8880, 0x000074dd1f4e8d18] 
[3,538s][debug][gc,nmethod     ] GC(1) O: Unregister NMethod: io.sirix.node.NodeKind.serializeDelegateWithoutIDs (0x000074dd1fd93888) [0x000074dd1fd93980, 0x000074dd1fd93c08] 
[3,538s][debug][gc,nmethod     ] GC(1) O: Unregister NMethod: java.lang.Object.equals (0x000074dd1f439f08) [0x000074dd1f43a000, 0x000074dd1f43a150] 
[3,538s][debug][gc,nmethod     ] GC(1) O: Unregister NMethod: jdk.internal.misc.Unsafe.copyMemory (0x000074dd1f483a08) [0x000074dd1f483b00, 0x000074dd1f4850c0] 
[3,538s][debug][gc,nmethod     ] GC(1) O: Unregister NMethod: java.io.UnixFileSystem.hasBooleanAttributes (0x000074dd1f561988) [0x000074dd1f561a80, 0x000074dd1f562608] 
[3,538s][debug][gc,nmethod     ] GC(1) O: Unregister NMethod: jdk.internal.misc.ScopedMemoryAccess.getLongUnaligned (0x000074dd1f999588) [0x000074dd1f999680, 0x000074dd1f99a4e8] 
[3,538s][debug][gc,nmethod     ] GC(1) O: Unregister NMethod: java.lang.ref.PhantomReference.<init> (0x000074dd1f4dd608) [0x000074dd1f4dd700, 0x000074dd1f4dd9f0] 
[3,538s][debug][gc,nmethod     ] GC(1) O: Unregister NMethod: io.sirix.node.xml.ElementNode.hasRightSibling (0x000074dd1ff8f888) [0x000074dd1ff8f980, 0x000074dd1ff94db8] 
[3,538s][debug][gc,nmethod     ] GC(1) O: Unregister NMethod: io.sirix.access.trx.page.NodePageTrx.createRecord (0x000074dd3ece5808) [0x000074dd3ece5900, 0x000074dd3ece6d60] 
[3,538s][debug][gc,nmethod     ] GC(1) O: Unregister NMethod: java.lang.String.getBytes (0x000074dd3ec18788) [0x000074dd3ec18880, 0x000074dd3ec18bc0] 
[3,538s][debug][gc,nmethod     ] GC(1) O: Unregister NMethod: io.sirix.index.path.summary.PathSummaryReader.putMapping (0x000074dd3ed1f908) [0x000074dd3ed1fa00, 0x000074dd3ed1fd18] 
[3,538s][debug][gc,nmethod     ] GC(1) O: Unregister NMethod: io.sirix.node.xml.TextNode.getParentKey (0x000074dd1f9f8e08) [0x000074dd1f9f8f00, 0x000074dd1f9fdee8] 
[3,538s][debug][gc,nmethod     ] GC(1) O: Unregister NMethod: io.sirix.node.xml.TextNode.getLeftSiblingKey (0x000074dd1fa34f08) [0x000074dd1fa35000, 0x000074dd1fa39ff0] 
[3,538s][debug][gc,nmethod     ] GC(1) O: Unregister NMethod: io.sirix.cache.IndexLogKey.hashCode (0x000074dd1fb99508) [0x000074dd1fb99600, 0x000074dd1fb999a8] 
[3,538s][debug][gc,nmethod     ] GC(1) O: Unregister NMethod: io.sirix.page.PageReference.setDatabaseId (0x000074dd1ff07288) [0x000074dd1ff07380, 0x000074dd1ff07490] 
[3,538s][debug][gc,nmethod     ] GC(1) O: Unregister NMethod: java.lang.Class.getPackageName (0x000074dd1f48db88) [0x000074dd1f48dc80, 0x000074dd1f48fe88] 
[3,538s][debug][gc,nmethod     ] GC(1) O: Unregister NMethod: io.sirix.node.NodeKind$1.serialize (0x000074dd1fd84508) [0x000074dd1fd84600, 0x000074dd1fd8d0c0] 
[3,538s][debug][gc,nmethod     ] GC(1) O: Unregister NMethod: jdk.internal.foreign.HeapMemorySegmentImpl$OfByte.<init> (0x000074dd1fd9b888) [0x000074dd1fd9b980, 0x000074dd1fd9bb80] 
[3,538s][debug][gc,nmethod     ] GC(1) O: Unregister NMethod: io.sirix.node.NodeSerializerImpl.serializeDeweyID (0x000074dd1fdf4f08) [0x000074dd1fdf5000, 0x000074dd1fdf5378] 
[3,538s][debug][gc,nmethod     ] GC(1) O: Unregister NMethod: io.sirix.access.trx.node.AbstractNodeReadOnlyTrx.moveTo (0x000074dd1f9db888) [0x000074dd1f9db980, 0x000074dd1f9dd4f8] 
[3,538s][debug][gc,nmethod     ] GC(1) O: Unregister NMethod: java.lang.Thread.blockedOn (0x000074dd1fe62288) [0x000074dd1fe62380, 0x000074dd1fe626a0] 
[3,538s][debug][gc,nmethod     ] GC(1) O: Unregister NMethod: io.sirix.page.KeyValueLeafPage.processEntries (0x000074dd1fff8808) [0x000074dd1fff8900, 0x000074dd1fffb640] 
[3,538s][debug][gc,nmethod     ] GC(1) O: Unregister NMethod: io.sirix.node.GrowingMemorySegment.write (0x000074dd1faaa908) [0x000074dd1faaaa00, 0x000074dd1fab05b0] 
[3,538s][debug][gc,nmethod     ] GC(1) O: Unregister NMethod: java.lang.String.<init> (0x000074dd3ec9a808) [0x000074dd3ec9a900, 0x000074dd3ec9ae78] 
[3,538s][debug][gc,nmethod     ] GC(1) O: Unregister NMethod: io.sirix.access.trx.page.NodePageTrx.prepareRecordForModification (0x000074dd3ecc3108) [0x000074dd3ecc3200, 0x000074dd3ecc4218] 
[3,538s][debug][gc,nmethod     ] GC(1) O: Unregister NMethod: com.sun.org.apache.xerces.internal.util.XMLChar.isNameStart (0x000074dd1fb05488) [0x000074dd1fb05580, 0x000074dd1fb05710] 
[3,538s][debug][gc,nmethod     ] GC(1) O: Unregister NMethod: io.sirix.access.trx.page.NodePageReadOnlyTrx.getLeafPageReference (0x000074dd1fec1788) [0x000074dd1fec1880, 0x000074dd1fec1b78] 
[3,538s][debug][gc,nmethod     ] GC(1) O: Unregister NMethod: java.util.concurrent.ConcurrentHashMap.sumCount (0x000074dd1fe28088) [0x000074dd1fe28180, 0x000074dd1fe28388] 
[3,538s][debug][gc,nmethod     ] GC(1) O: Unregister NMethod: jdk.internal.misc.Unsafe.putIntUnaligned (0x000074dd1f930d88) [0x000074dd1f930e80, 0x000074dd1f9310b0] 
[3,538s][debug][gc,nmethod     ] GC(1) O: Unregister NMethod: io.sirix.access.trx.node.AbstractNodeReadOnlyTrx.getNodeKey (0x000074dd3eccdf88) [0x000074dd3ecce080, 0x000074dd3ecce1d0] 
[3,538s][debug][gc,nmethod     ] GC(1) O: Unregister NMethod: io.sirix.page.KeyValueLeafPage.setSlot (0x000074dd1feb2888) [0x000074dd1feb2980, 0x000074dd1feb2b28] 
[3,538s][debug][gc,nmethod     ] GC(1) O: Unregister NMethod: io.sirix.node.GrowingMemorySegment.writeLong (0x000074dd3ecb9d08) [0x000074dd3ecb9e00, 0x000074dd3ecba298] 
[3,538s][debug][gc,nmethod     ] GC(1) O: Unregister NMethod: io.sirix.axis.filter.PathNameFilter.<init> (0x000074dd1fb7b788) [0x000074dd1fb7b880, 0x000074dd1fb7d508] 
[3,538s][debug][gc,nmethod     ] GC(1) O: Unregister NMethod: com.sun.org.apache.xerces.internal.impl.XMLEntityScanner.skipSpaces (0x000074dd20049708) [0x000074dd20049800, 0x000074dd2004aa80] 
[3,538s][debug][gc,nmethod     ] GC(1) O: Unregister NMethod: com.github.benmanes.caffeine.cache.NodeFactory.newLookupKey (0x000074dd1fd10d88) [0x000074dd1fd10e80, 0x000074dd1fd10f80] 
[3,538s][debug][gc,nmethod     ] GC(1) O: Unregister NMethod: java.util.ArrayDeque.addFirst (0x000074dd3ed3f408) [0x000074dd3ed3f500, 0x000074dd3ed3f708] 
[3,538s][debug][gc,nmethod     ] GC(1) O: Unregister NMethod: java.lang.Math.max (0x000074dd1f4fa908) [0x000074dd1f4faa00, 0x000074dd1f4fab28] 
[3,538s][debug][gc,nmethod     ] GC(1) O: Unregister NMethod: io.sirix.node.NodeSerializerImpl.serialize (0x000074dd20071188) [0x000074dd20071280, 0x000074dd20071ca0] 
[3,538s][debug][gc,nmethod     ] GC(1) O: Unregister NMethod: io.sirix.node.xml.ElementNode.getPathNodeKey (0x000074dd1fac5f88) [0x000074dd1fac6080, 0x000074dd1facb070] 
[3,538s][debug][gc,nmethod     ] GC(1) O: Unregister NMethod: java.lang.Short.valueOf (0x000074dd1fe9c988) [0x000074dd1fe9ca80, 0x000074dd1fe9cd98] 
[3,538s][debug][gc,nmethod     ] GC(1) O: Unregister NMethod: java.util.concurrent.ConcurrentHashMap.replaceNode (0x000074dd1fe62d88) [0x000074dd1fe62e80, 0x000074dd1fe63dc8] 
[3,538s][debug][gc,nmethod     ] GC(1) O: Unregister NMethod: com.sun.org.apache.xerces.internal.util.XMLAttributesImpl.addAttributeNS (0x000074dd1fc5a908) [0x000074dd1fc5aa00, 0x000074dd1fc5bef0] 
[3,538s][debug][gc,nmethod     ] GC(1) O: Unregister NMethod: java.util.ArrayDeque.push (0x000074dd1fb08108) [0x000074dd1fb08200, 0x000074dd1fb08348] 
[3,538s][debug][gc,nmethod     ] GC(1) O: Unregister NMethod: io.sirix.query.node.SubtreeProcessor.notifyEndElement (0x000074dd1fbc2808) [0x000074dd1fbc2900, 0x000074dd1fbc3360] 
[3,538s][debug][gc,nmethod     ] GC(1) O: Unregister NMethod: java.util.stream.AbstractPipeline.evaluate (0x000074dd1f7a6b88) [0x000074dd1f7a6c80, 0x000074dd1f7a7d70] 
[3,538s][debug][gc,nmethod     ] GC(1) O: Unregister NMethod: java.net.URLStreamHandler.parseURL (0x000074dd1f6f6908) [0x000074dd1f6f6a00, 0x000074dd1f715918] 
[3,538s][debug][gc,nmethod     ] GC(1) O: Unregister NMethod: io.sirix.page.KeyValueLeafPage.setDeweyId (0x000074dd1fdf6988) [0x000074dd1fdf6a80, 0x000074dd1fdf6d68] 
[3,538s][debug][gc,nmethod     ] GC(1) O: Unregister NMethod: java.lang.String.getBytes (0x000074dd1fb70808) [0x000074dd1fb70900, 0x000074dd1fb70ce8] 
[3,538s][debug][gc,nmethod     ] GC(1) O: Unregister NMethod: java.util.concurrent.locks.ReentrantLock.unlock (0x000074dd3ecdf888) [0x000074dd3ecdf980, 0x000074dd3ecdfbf8] 
[3,538s][debug][gc,nmethod     ] GC(1) O: Unregister NMethod: java.util.concurrent.locks.ReentrantLock.unlock (0x000074dd1f9efb08) [0x000074dd1f9efc00, 0x000074dd1f9f0218] 
[3,538s][debug][gc,nmethod     ] GC(1) O: Unregister NMethod: io.sirix.service.xml.xpath.ItemListImpl.size (0x000074dd1fc0b808) [0x000074dd1fc0b900, 0x000074dd1fc0bc40] 
[3,538s][debug][gc,nmethod     ] GC(1) O: Unregister NMethod: it.unimi.dsi.fastutil.shorts.ShortArrayList$1.<init> (0x000074dd1feb7088) [0x000074dd1feb7180, 0x000074dd1feb7360] 
[3,538s][debug][gc,nmethod     ] GC(1) O: Unregister NMethod: org.gradle.internal.io.LineBufferingOutputStream.write (0x000074dd1f898e88) [0x000074dd1f898f80, 0x000074dd1f89a768] 
[3,538s][debug][gc,nmethod     ] GC(1) O: Unregister NMethod: io.sirix.axis.filter.FilterAxis.<init> (0x000074dd1fb76d88) [0x000074dd1fb76e80, 0x000074dd1fb79a18] 
[3,538s][debug][gc,nmethod     ] GC(1) O: Unregister NMethod: io.sirix.service.xml.shredder.AbstractShredder.processStartTag (0x000074dd20192088) [0x000074dd20192180, 0x000074dd20197e98] 
[3,538s][debug][gc,nmethod     ] GC(1) O: Unregister NMethod: java.lang.String.<init> (0x000074dd3ecefb08) [0x000074dd3ecefc00, 0x000074dd3eceff48] 
[3,538s][debug][gc,nmethod     ] GC(1) O: Unregister NMethod: io.sirix.axis.AbstractAxis.hasNext (0x000074dd20138208) [0x000074dd20138300, 0x000074dd20138dc8] 
[3,538s][debug][gc,nmethod     ] GC(1) O: Unregister NMethod: java.lang.Long.equals (0x000074dd1fe65008) [0x000074dd1fe65100, 0x000074dd1fe652b8] 
[3,539s][debug][gc,nmethod     ] GC(1) O: Unregister NMethod: io.sirix.node.SirixDeweyID.getNewChildID (0x000074dd1fbe9a08) [0x000074dd1fbe9b00, 0x000074dd1fbe9d90] 
[3,538s][debug][gc,nmethod     ] GC(1) O: Unregister NMethod: io.sirix.node.json.JsonNodeSerializer.writeSizePrefix (0x000074dd1fd8dc88) [0x000074dd1fd8dd80, 0x000074dd1fd8e3a8] 
[3,539s][debug][gc,nmethod     ] GC(1) O: Unregister NMethod: io.sirix.index.path.summary.PathSummaryReader.moveTo (0x000074dd1fa2b208) [0x000074dd1fa2b300, 0x000074dd1fa2c008] 
[3,539s][debug][gc,nmethod     ] GC(1) O: Unregister NMethod: io.sirix.access.trx.page.NodePageReadOnlyTrx.checkItemIfDeleted (0x000074dd1f9e8908) [0x000074dd1f9e8a00, 0x000074dd1f9e8d60] 
[3,539s][debug][gc,nmethod     ] GC(1) O: Unregister NMethod: io.sirix.node.MemorySegmentBytesIn.readByte (0x000074dd1fe6d088) [0x000074dd1fe6d180, 0x000074dd1fe70ba0] 
[3,539s][debug][gc,nmethod     ] GC(1) O: Unregister NMethod: io.sirix.access.trx.node.AbstractNodeReadOnlyTrx.storeDeweyIDs (0x000074dd1fab2188) [0x000074dd1fab2280, 0x000074dd1fab27b0] 
[3,539s][debug][gc,nmethod     ] GC(1) O: Unregister NMethod: io.sirix.axis.AbstractAxis.<init> (0x000074dd3ecedd88) [0x000074dd3ecede80, 0x000074dd3ecee248] 
[3,539s][debug][gc,nmethod     ] GC(1) O: Unregister NMethod: java.util.ArrayDeque.isEmpty (0x000074dd1fed4388) [0x000074dd1fed4480, 0x000074dd1fed45d0] 
[3,539s][debug][gc,nmethod     ] GC(1) O: Unregister NMethod: com.sun.org.apache.xerces.internal.util.XMLChar.isValid (0x000074dd1f88f588) [0x000074dd1f88f680, 0x000074dd1f88f868] 
[3,539s][debug][gc,nmethod     ] GC(1) O: Unregister NMethod: io.sirix.axis.filter.PathNameFilter.filter (0x000074dd1fac2a88) [0x000074dd1fac2b80, 0x000074dd1fac5380] 
[3,539s][debug][gc,nmethod     ] GC(1) O: Unregister NMethod: it.unimi.dsi.fastutil.ints.Int2IntOpenHashMap.find (0x000074dd1fb51388) [0x000074dd1fb51480, 0x000074dd1fb518e8] 
[3,539s][debug][gc,nmethod     ] GC(1) O: Unregister NMethod: it.unimi.dsi.fastutil.longs.LongArrayList.add (0x000074dd1fa4d408) [0x000074dd1fa4d500, 0x000074dd1fa4d7d8] 
[3,539s][debug][gc,nmethod     ] GC(1) O: Unregister NMethod: org.magicwerk.brownies.collections.GapList.doGet (0x000074dd1fa05d08) [0x000074dd1fa05e00, 0x000074dd1fa06138] 
[3,539s][debug][gc,nmethod     ] GC(1) O: Unregister NMethod: io.sirix.access.trx.node.AbstractNodeReadOnlyTrx.moveTo (0x000074dd3ecc4288) [0x000074dd3ecc4380, 0x000074dd3ecc50f0] 
[3,539s][debug][gc,nmethod     ] GC(1) O: Unregister NMethod: io.sirix.access.trx.page.NodePageReadOnlyTrx.getPathSummaryPage (0x000074dd1fcdcc88) [0x000074dd1fcdcd80, 0x000074dd1fcddd58] 
[3,539s][debug][gc,nmethod     ] GC(1) O: Unregister NMethod: io.sirix.node.MemorySegmentBytesIn.readStopBit (0x000074dd1fec5b88) [0x000074dd1fec5c80, 0x000074dd1fec5eb0] 
[3,539s][debug][gc,nmethod     ] GC(1) O: Unregister NMethod: com.sun.org.apache.xerces.internal.impl.XMLDocumentFragmentScannerImpl$FragmentContentDriver.next (0x000074dd1fa76488) [0x000074dd1fa76580, 0x000074dd1fa840b0] 
[3,539s][debug][gc,nmethod     ] GC(1) O: Unregister NMethod: io.sirix.access.trx.node.xml.ForwardingXmlNodeReadOnlyTrx.hasRightSibling (0x000074dd1fb13788) [0x000074dd1fb13880, 0x000074dd1fb13e80] 
[3,539s][debug][gc,nmethod     ] GC(1) O: Unregister NMethod: java.lang.StringBuilder.append (0x000074dd1f48ff08) [0x000074dd1f490000, 0x000074dd1f490148] 
[3,539s][debug][gc,nmethod     ] GC(1) O: Unregister NMethod: com.github.benmanes.caffeine.cache.BoundedLocalCache.hasExpired (0x000074dd1ffc0608) [0x000074dd1ffc0700, 0x000074dd1ffc27a8] 
[3,539s][debug][gc,nmethod     ] GC(1) O: Unregister NMethod: jdk.internal.misc.Unsafe.getReferenceAcquire (0x000074dd1f413808) [0x000074dd1f413900, 0x000074dd1f413a30] 
[3,539s][debug][gc,nmethod     ] GC(1) O: Unregister NMethod: java.lang.String.checkBoundsBeginEnd (0x000074dd1f41ed88) [0x000074dd1f41ee80, 0x000074dd1f41f098] 
[3,539s][debug][gc,phases      ] GC(1) O: Concurrent Classes Unlink 14,971ms
[3,539s][debug][gc,phases,start] GC(1) O: Concurrent Classes Purge
[3,539s][debug][gc,nmethod     ] GC(1) O: Purge NMethod: java.util.BitSet.flip (0x000074dd1fa25c08) [0x000074dd1fa25d00, 0x000074dd1fa26308] 
[3,539s][debug][gc,nmethod     ] GC(1) O: Purge NMethod: jdk.internal.foreign.HeapMemorySegmentImpl$OfByte.<init> (0x000074dd1fd9fa08) [0x000074dd1fd9fb00, 0x000074dd1fd9fe18] 
[3,539s][debug][gc,nmethod     ] GC(1) O: Purge NMethod: java.lang.ref.Cleaner.register (0x000074dd1f508588) [0x000074dd1f508680, 0x000074dd1f508b98] 
[3,539s][debug][gc,nmethod     ] GC(1) O: Purge NMethod: io.sirix.access.trx.page.NodePageReadOnlyTrx.getValue (0x000074dd3ecb3b88) [0x000074dd3ecb3c80, 0x000074dd3ecb3e20] 
[3,539s][debug][gc,nmethod     ] GC(1) O: Purge NMethod: net.openhft.hashing.LongHashFunction.hashByteBuffer (0x000074dd1fb0fd08) [0x000074dd1fb0fe00, 0x000074dd1fb11368] 
[3,539s][debug][gc,nmethod     ] GC(1) O: Purge NMethod: java.util.stream.Sink.end (0x000074dd1f813f08) [0x000074dd1f814000, 0x000074dd1f814100] 
[3,539s][debug][gc,nmethod     ] GC(1) O: Purge NMethod: io.sirix.node.MemorySegmentBytesOut.readLimit (0x000074dd1fb0b808) [0x000074dd1fb0b900, 0x000074dd1fb0ba60] 
[3,539s][debug][gc,nmethod     ] GC(1) O: Purge NMethod: it.unimi.dsi.fastutil.shorts.ShortArrayList$1.nextShort (0x000074dd1fe9fb08) [0x000074dd1fe9fc00, 0x000074dd1fe9ff58] 
[3,539s][debug][gc,nmethod     ] GC(1) O: Purge NMethod: io.sirix.access.trx.page.NodePageTrx.getMostRecentPageContainer (0x000074dd1fbf2608) [0x000074dd1fbf2700, 0x000074dd1fbf2d30] 
[3,539s][debug][gc,nmethod     ] GC(1) O: Purge NMethod: io.sirix.node.xml.ElementNode.getURIKey (0x000074dd1fbcf408) [0x000074dd1fbcf500, 0x000074dd1fbd44f0] 
[3,539s][debug][gc,nmethod     ] GC(1) O: Purge NMethod: io.sirix.node.GrowingMemorySegment.writeLong (0x000074dd1f9d1b08) [0x000074dd1f9d1c00, 0x000074dd1f9d5a40] 
[3,539s][debug][gc,nmethod     ] GC(1) O: Purge NMethod: io.sirix.node.GrowingMemorySegment.writeInt (0x000074dd1f9e8d88) [0x000074dd1f9e8e80, 0x000074dd1f9eccb0] 
[3,539s][debug][gc,nmethod     ] GC(1) O: Purge NMethod: jdk.internal.util.ArraysSupport.mismatch (0x000074dd1f802408) [0x000074dd1f802500, 0x000074dd1f8028b8] 
[3,539s][debug][gc,nmethod     ] GC(1) O: Purge NMethod: io.sirix.index.path.summary.PathSummaryReader.getRightSiblingKey (0x000074dd1fb47e88) [0x000074dd1fb47f80, 0x000074dd1fb48710] 
[3,539s][debug][gc,nmethod     ] GC(1) O: Purge NMethod: io.sirix.node.xml.ElementNode.getRightSiblingKey (0x000074dd1fa6d488) [0x000074dd1fa6d580, 0x000074dd1fa72570] 
[3,539s][debug][gc,nmethod     ] GC(1) O: Purge NMethod: java.nio.HeapByteBuffer.put (0x000074dd1fe19c08) [0x000074dd1fe19d00, 0x000074dd1fe19ee8] 
[3,539s][debug][gc,nmethod     ] GC(1) O: Purge NMethod: jdk.internal.classfile.impl.AbstractPoolEntry$AbstractRefsEntry.<init> (0x000074dd1f4fce88) [0x000074dd1f4fcf80, 0x000074dd1f4fd780] 
[3,539s][debug][gc,nmethod     ] GC(1) O: Purge NMethod: java.util.HashMap$HashIterator.hasNext (0x000074dd1f430a88) [0x000074dd1f430b80, 0x000074dd1f430d00] 
[3,539s][debug][gc,nmethod     ] GC(1) O: Purge NMethod: java.nio.DirectByteBuffer.<init> (0x000074dd1fb0b488) [0x000074dd1fb0b580, 0x000074dd1fb0b7f8] 
[3,539s][debug][gc,nmethod     ] GC(1) O: Purge NMethod: java.lang.Long.hashCode (0x000074dd1f792188) [0x000074dd1f792280, 0x000074dd1f7923b8] 
[3,539s][debug][gc,nmethod     ] GC(1) O: Purge NMethod: java.util.concurrent.ConcurrentHashMap.get (0x000074dd1f773308) [0x000074dd1f773400, 0x000074dd1f774418] 
[3,539s][debug][gc,nmethod     ] GC(1) O: Purge NMethod: io.brackit.query.atomic.QNm.hashCode (0x000074dd1fc51c88) [0x000074dd1fc51d80, 0x000074dd1fc522f0] 
[3,539s][debug][gc,nmethod     ] GC(1) O: Purge NMethod: java.lang.String.<init> (0x000074dd1f897508) [0x000074dd1f897600, 0x000074dd1f8981c0] 
[3,539s][debug][gc,nmethod     ] GC(1) O: Purge NMethod: io.sirix.page.KeyValueLeafPage.getSlotAsByteArray (0x000074dd1f744408) [0x000074dd1f744500, 0x000074dd1f744b98] 
[3,539s][debug][gc,nmethod     ] GC(1) O: Purge NMethod: com.sun.org.apache.xerces.internal.impl.XMLEntityScanner.skipString (0x000074dd20198208) [0x000074dd20198300, 0x000074dd20199420] 
[3,539s][debug][gc,nmethod     ] GC(1) O: Purge NMethod: com.sun.org.apache.xerces.internal.impl.XMLDocumentFragmentScannerImpl$ElementStack.popElement (0x000074dd1fb9ab08) [0x000074dd1fb9ac00, 0x000074dd1fb9af50] 
[3,539s][debug][gc,nmethod     ] GC(1) O: Purge NMethod: io.sirix.node.GrowingMemorySegment.grow (0x000074dd3ed8ab08) [0x000074dd3ed8ac00, 0x000074dd3ed8c7d0] 
[3,539s][debug][gc,nmethod     ] GC(1) O: Purge NMethod: io.sirix.page.KeyValueLeafPage.hasEnoughSpace (0x000074dd1fd94c08) [0x000074dd1fd94d00, 0x000074dd1fd94e68] 
[3,539s][debug][gc,nmethod     ] GC(1) O: Purge NMethod: jdk.internal.foreign.HeapMemorySegmentImpl$OfByte.unsafeGetBase (0x000074dd1fd9ef08) [0x000074dd1fd9f000, 0x000074dd1fd9f690] 
[3,539s][debug][gc,nmethod     ] GC(1) O: Purge NMethod: io.sirix.access.trx.node.AbstractDeweyIDManager.newRightSiblingID (0x000074dd1fb19a08) [0x000074dd1fb19b00, 0x000074dd1fb1cad8] 
[3,539s][debug][gc,nmethod     ] GC(1) O: Purge NMethod: java.util.ArrayList$Itr.next (0x000074dd1f57ad08) [0x000074dd1f57ae00, 0x000074dd1f57b3f0] 
[3,539s][debug][gc,nmethod     ] GC(1) O: Purge NMethod: io.sirix.node.immutable.xml.ImmutableElement.of (0x000074dd1fa67488) [0x000074dd1fa67580, 0x000074dd1fa67928] 
[3,539s][debug][gc,nmethod     ] GC(1) O: Purge NMethod: io.sirix.node.xml.AttributeNode.getParentKey (0x000074dd1fb42d08) [0x000074dd1fb42e00, 0x000074dd1fb47de8] 
[3,539s][debug][gc,nmethod     ] GC(1) O: Purge NMethod: io.sirix.axis.AbstractAxis.tryToComputeNext (0x000074dd1ff5f308) [0x000074dd1ff5f400, 0x000074dd1ff5fb30] 
[3,539s][debug][gc,nmethod     ] GC(1) O: Purge NMethod: java.nio.Buffer$2.newDirectByteBuffer (0x000074dd1fb0b188) [0x000074dd1fb0b280, 0x000074dd1fb0b430] 
[3,539s][debug][gc,nmethod     ] GC(1) O: Purge NMethod: jdk.internal.foreign.layout.ValueLayouts$OfByteImpl.<init> (0x000074dd1fdf5808) [0x000074dd1fdf5900, 0x000074dd1fdf5a58] 
[3,539s][debug][gc,nmethod     ] GC(1) O: Purge NMethod: io.sirix.node.MemorySegmentBytesIn.readInt (0x000074dd1fe89008) [0x000074dd1fe89100, 0x000074dd1fe8cd10] 
[3,539s][debug][gc,nmethod     ] GC(1) O: Purge NMethod: com.sun.org.apache.xerces.internal.impl.XMLEntityScanner.checkBeforeLoad (0x000074dd1fcc7888) [0x000074dd1fcc7980, 0x000074dd1fcc7eb0] 
[3,539s][debug][gc,nmethod     ] GC(1) O: Purge NMethod: java.util.stream.AbstractPipeline.isParallel (0x000074dd1f727d88) [0x000074dd1f727e80, 0x000074dd1f727fb8] 
[3,540s][debug][gc,nmethod     ] GC(1) O: Purge NMethod: java.nio.ByteBuffer.position (0x000074dd1f898b88) [0x000074dd1f898c80, 0x000074dd1f898dc8] 
[3,540s][debug][gc,nmethod     ] GC(1) O: Purge NMethod: com.sun.org.apache.xerces.internal.impl.XMLDocumentFragmentScannerImpl.getCharacterData (0x000074dd1fb1cb08) [0x000074dd1fb1cc00, 0x000074dd1fb1cdc8] 
[3,540s][debug][gc,nmethod     ] GC(1) O: Purge NMethod: java.util.HashMap.afterNodeAccess (0x000074dd1fbf3088) [0x000074dd1fbf3180, 0x000074dd1fbf3280] 
[3,540s][debug][gc,nmethod     ] GC(1) O: Purge NMethod: java.lang.invoke.VarHandleSegmentAsLongs.set (0x000074dd1f9ba988) [0x000074dd1f9baa80, 0x000074dd1f9c0050] 
[3,540s][debug][gc,nmethod     ] GC(1) O: Purge NMethod: io.sirix.access.trx.node.AbstractDeweyIDManager.newFirstChildID (0x000074dd1fbea388) [0x000074dd1fbea480, 0x000074dd1fbed360] 
[3,540s][debug][gc,nmethod     ] GC(1) O: Purge NMethod: java.nio.HeapByteBuffer.<init> (0x000074dd1fe6c308) [0x000074dd1fe6c400, 0x000074dd1fe6c578] 
[3,540s][debug][gc,nmethod     ] GC(1) O: Purge NMethod: io.sirix.access.trx.page.NodePageReadOnlyTrx.getReferenceToLeafOfSubtree (0x000074dd1febce88) [0x000074dd1febcf80, 0x000074dd1febe0b0] 
[3,540s][debug][gc,nmethod     ] GC(1) O: Purge NMethod: java.lang.invoke.VarHandleGuards.guard_LJ_I (0x000074dd1f962288) [0x000074dd1f962380, 0x000074dd1f965240] 
[3,540s][debug][gc,nmethod     ] GC(1) O: Purge NMethod: jdk.internal.classfile.impl.SplitConstantPool.maybeCloneUtf8Entry (0x000074dd1f4e9508) [0x000074dd1f4e9600, 0x000074dd1f4ea6a0] 
[3,540s][debug][gc,nmethod     ] GC(1) O: Purge NMethod: io.sirix.axis.AbstractAxis.hasNext (0x000074dd1ff53188) [0x000074dd1ff53280, 0x000074dd1ff53d48] 
[3,540s][debug][gc,nmethod     ] GC(1) O: Purge NMethod: jdk.internal.foreign.HeapMemorySegmentImpl$OfByte.unsafeGetBase (0x000074dd1fd99e88) [0x000074dd1fd99f80, 0x000074dd1fd9a188] 
[3,540s][debug][gc,nmethod     ] GC(1) O: Purge NMethod: io.brackit.query.atomic.QNm.<init> (0x000074dd1fb06c88) [0x000074dd1fb06d80, 0x000074dd1fb07228] 
[3,540s][debug][gc,nmethod     ] GC(1) O: Purge NMethod: com.sun.org.apache.xerces.internal.util.NamespaceSupport.pushContext (0x000074dd1fb99088) [0x000074dd1fb99180, 0x000074dd1fb994f0] 
[3,540s][debug][gc,nmethod     ] GC(1) O: Purge NMethod: jdk.internal.foreign.AbstractMemorySegmentImpl.isAlignedForElement (0x000074dd1f5bd888) [0x000074dd1f5bd980, 0x000074dd1f5bdb50] 
[3,540s][debug][gc,nmethod     ] GC(1) O: Purge NMethod: java.util.concurrent.ForkJoinPool.deactivate (0x000074dd202fba08) [0x000074dd202fbb00, 0x000074dd202fc5a8] 
[3,540s][debug][gc,nmethod     ] GC(1) O: Purge NMethod: io.sirix.node.AbstractForwardingNode.getDeweyID (0x000074dd1fd99908) [0x000074dd1fd99a00, 0x000074dd1fd99e68] 
[3,540s][debug][gc,nmethod     ] GC(1) O: Purge NMethod: io.sirix.axis.ChildAxis.nextKey (0x000074dd1fab8a08) [0x000074dd1fab8b00, 0x000074dd1fab9b30] 
[3,540s][debug][gc,nmethod     ] GC(1) O: Purge NMethod: java.util.Collections$UnmodifiableCollection.contains (0x000074dd1fee3408) [0x000074dd1fee3500, 0x000074dd1fee3848] 
[3,540s][debug][gc,nmethod     ] GC(1) O: Purge NMethod: io.sirix.node.xml.AttributeNode.getLocalNameKey (0x000074dd1fc66f88) [0x000074dd1fc67080, 0x000074dd1fc6c070] 
[3,540s][debug][gc,nmethod     ] GC(1) O: Purge NMethod: io.sirix.access.trx.node.xml.XmlNodeFactoryImpl.createTextNode (0x000074dd1fb4ba08) [0x000074dd1fb4bb00, 0x000074dd1fb4db48] 
[3,540s][debug][gc,nmethod     ] GC(1) O: Purge NMethod: java.lang.Class.reflectionData (0x000074dd1f5b4588) [0x000074dd1f5b4680, 0x000074dd1f5b4cd8] 
[3,540s][debug][gc,nmethod     ] GC(1) O: Purge NMethod: java.lang.Integer.rotateRight (0x000074dd1f930a88) [0x000074dd1f930b80, 0x000074dd1f930c70] 
[3,540s][debug][gc,nmethod     ] GC(1) O: Purge NMethod: io.sirix.node.xml.AttributeNode.getDeweyID (0x000074dd1fdf4788) [0x000074dd1fdf4880, 0x000074dd1fdf4ba8] 
[3,540s][debug][gc,nmethod     ] GC(1) O: Purge NMethod: jdk.internal.foreign.layout.ValueLayouts$OfByteImpl.dup (0x000074dd1fdff908) [0x000074dd1fdffa00, 0x000074dd1fdffcf8] 
[3,540s][debug][gc,nmethod     ] GC(1) O: Purge NMethod: io.sirix.node.xml.TextNode.hasLeftSibling (0x000074dd1fa91a08) [0x000074dd1fa91b00, 0x000074dd1fa96f38] 
[3,540s][debug][gc,nmethod     ] GC(1) O: Purge NMethod: jdk.internal.foreign.AbstractMemorySegmentImpl$$Lambda/0x0000000069250d80.apply (0x000074dd1fdfef88) [0x000074dd1fdff080, 0x000074dd1fdff418] 
[3,540s][debug][gc,nmethod     ] GC(1) O: Purge NMethod: java.util.concurrent.ConcurrentHashMap$KeySetView.remove (0x000074dd1fe64d08) [0x000074dd1fe64e00, 0x000074dd1fe64f88] 
[3,540s][debug][gc,nmethod     ] GC(1) O: Purge NMethod: jdk.internal.misc.Unsafe.checkSize (0x000074dd1f42d508) [0x000074dd1f42d600, 0x000074dd1f42d860] 
[3,540s][debug][gc,nmethod     ] GC(1) O: Purge NMethod: jdk.internal.misc.Unsafe.putLongUnaligned (0x000074dd1f4e7088) [0x000074dd1f4e7180, 0x000074dd1f4e75b8] 
[3,540s][debug][gc,nmethod     ] GC(1) O: Purge NMethod: jdk.internal.foreign.AbstractMemorySegmentImpl.set (0x000074dd1f99bd88) [0x000074dd1f99be80, 0x000074dd1f9a1400] 
[3,540s][debug][gc,nmethod     ] GC(1) O: Purge NMethod: io.sirix.node.xml.TextNode.getRawValue (0x000074dd1fb42888) [0x000074dd1fb42980, 0x000074dd1fb42c98] 
[3,540s][debug][gc,nmethod     ] GC(1) O: Purge NMethod: io.sirix.index.path.summary.PathSummaryReader.getName (0x000074dd1fcd7e88) [0x000074dd1fcd7f80, 0x000074dd1fcdaf68] 
[3,540s][debug][gc,nmethod     ] GC(1) O: Purge NMethod: java.nio.MappedByteBuffer.<init> (0x000074dd1fafb908) [0x000074dd1fafba00, 0x000074dd1fafbbd0] 
[3,540s][debug][gc,nmethod     ] GC(1) O: Purge NMethod: io.brackit.query.atomic.QNm.atomicCmpInternal (0x000074dd1fc54e88) [0x000074dd1fc54f80, 0x000074dd1fc557b0] 
[3,540s][debug][gc,nmethod     ] GC(1) O: Purge NMethod: io.brackit.query.node.parser.SAX2SubtreeHandlerAdapter$TrimmingStringBuilder.toString (0x000074dd1fb2d288) [0x000074dd1fb2d380, 0x000074dd1fb2d560] 
[3,540s][debug][gc,nmethod     ] GC(1) O: Purge NMethod: jdk.internal.ref.PhantomCleanable.<init> (0x000074dd1f4df388) [0x000074dd1f4df480, 0x000074dd1f4e0670] 
[3,540s][debug][gc,nmethod     ] GC(1) O: Purge NMethod: java.lang.classfile.CodeBuilder.checkcast (0x000074dd1f6f0008) [0x000074dd1f6f0100, 0x000074dd1f6f0a38] 
[3,540s][debug][gc,nmethod     ] GC(1) O: Purge NMethod: jdk.internal.misc.Unsafe.putShortUnaligned (0x000074dd1fd97688) [0x000074dd1fd97780, 0x000074dd1fd978b8] 
[3,540s][debug][gc,nmethod     ] GC(1) O: Purge NMethod: io.sirix.page.delegates.BitmapReferencesPage.index (0x000074dd1fa24a08) [0x000074dd1fa24b00, 0x000074dd1fa25088] 
[3,540s][debug][gc,nmethod     ] GC(1) O: Purge NMethod: io.sirix.access.trx.node.xml.XmlNodeReadOnlyTrxImpl.getNode (0x000074dd1fa6ad88) [0x000074dd1fa6ae80, 0x000074dd1fa6d400] 
[3,540s][debug][gc,nmethod     ] GC(1) O: Purge NMethod: io.sirix.node.NodeKind.serializeNameDelegate (0x000074dd1fd96908) [0x000074dd1fd96a00, 0x000074dd1fd96d18] 
[3,540s][debug][gc,nmethod     ] GC(1) O: Purge NMethod: io.sirix.access.trx.node.AbstractNodeReadOnlyTrx.moveTo (0x000074dd1ff5fb88) [0x000074dd1ff5fc80, 0x000074dd1ff617e8] 
[3,540s][debug][gc,nmethod     ] GC(1) O: Purge NMethod: io.sirix.node.MemorySegmentBytesOut.write (0x000074dd1faa0b08) [0x000074dd1faa0c00, 0x000074dd1faa0e08] 
[3,540s][debug][gc,nmethod     ] GC(1) O: Purge NMethod: java.util.concurrent.atomic.AtomicInteger.incrementAndGet (0x000074dd1fe61608) [0x000074dd1fe61700, 0x000074dd1fe61810] 
[3,540s][debug][gc,nmethod     ] GC(1) O: Purge NMethod: io.sirix.access.trx.page.NodePageReadOnlyTrx.loadPage (0x000074dd1fa32f08) [0x000074dd1fa33000, 0x000074dd1fa34ea0] 
[3,540s][debug][gc,nmethod     ] GC(1) O: Purge NMethod: com.sun.org.apache.xerces.internal.util.XMLAttributesImpl.getQName (0x000074dd1fc58608) [0x000074dd1fc58700, 0x000074dd1fc589d0] 
[3,540s][debug][gc,nmethod     ] GC(1) O: Purge NMethod: java.lang.StringBuilder.toString (0x000074dd1f478188) [0x000074dd1f478280, 0x000074dd1f4786b8] 
[3,540s][debug][gc,nmethod     ] GC(1) O: Purge NMethod: io.sirix.node.GrowingMemorySegment.<init> (0x000074dd1fd16088) [0x000074dd1fd16180, 0x000074dd1fd165f8] 
[3,540s][debug][gc,nmethod     ] GC(1) O: Purge NMethod: jdk.internal.foreign.SegmentFactories.initNativeMemory (0x000074dd1f9c0088) [0x000074dd1f9c0180, 0x000074dd1f9c03a0] 
[3,540s][debug][gc,nmethod     ] GC(1) O: Purge NMethod: java.util.concurrent.ForkJoinPool.deactivate (0x000074dd1fe5f808) [0x000074dd1fe5f900, 0x000074dd1fe5ffb0] 
[3,540s][debug][gc,nmethod     ] GC(1) O: Purge NMethod: jdk.internal.foreign.ArenaImpl.allocate (0x000074dd1fd17688) [0x000074dd1fd17780, 0x000074dd1fd17a78] 
[3,540s][debug][gc,nmethod     ] GC(1) O: Purge NMethod: it.unimi.dsi.fastutil.ints.Int2IntOpenHashMap.getOrDefault (0x000074dd1fed3108) [0x000074dd1fed3200, 0x000074dd1fed3770] 
[3,540s][debug][gc,nmethod     ] GC(1) O: Purge NMethod: java.util.stream.AbstractPipeline.copyInto (0x000074dd1f812c88) [0x000074dd1f812d80, 0x000074dd1f813ea0] 
[3,540s][debug][gc,nmethod     ] GC(1) O: Purge NMethod: java.lang.String.checkBoundsOffCount (0x000074dd1f464908) [0x000074dd1f464a00, 0x000074dd1f464bf8] 
[3,540s][debug][gc,nmethod     ] GC(1) O: Purge NMethod: java.util.Arrays.copyOf (0x000074dd1f47f408) [0x000074dd1f47f500, 0x000074dd1f47fd80] 
[3,540s][debug][gc,nmethod     ] GC(1) O: Purge NMethod: io.sirix.index.path.summary.PathSummaryWriter.getPathNodeKey (0x000074dd3ed41288) [0x000074dd3ed41380, 0x000074dd3ed43228] 
[3,540s][debug][gc,nmethod     ] GC(1) O: Purge NMethod: io.brackit.query.atomic.AbstractAtomic.atomicCmp (0x000074dd1fc53c08) [0x000074dd1fc53d00, 0x000074dd1fc54530] 
[3,540s][debug][gc,nmethod     ] GC(1) O: Purge NMethod: jdk.internal.classfile.impl.AbstractElement.<init> (0x000074dd1f4ed008) [0x000074dd1f4ed100, 0x000074dd1f4ed258] 
[3,540s][debug][gc,nmethod     ] GC(1) O: Purge NMethod: java.util.BitSet.recalculateWordsInUse (0x000074dd1f998f08) [0x000074dd1f999000, 0x000074dd1f999240] 
[3,540s][debug][gc,nmethod     ] GC(1) O: Purge NMethod: java.lang.String.<init> (0x000074dd3ecf5688) [0x000074dd3ecf5780, 0x000074dd3ecf5b00] 
[3,540s][debug][gc,nmethod     ] GC(1) O: Purge NMethod: io.sirix.node.NodeKind$1.serialize (0x000074dd1fdb9708) [0x000074dd1fdb9800, 0x000074dd1fdf46b8] 
[3,540s][debug][gc,nmethod     ] GC(1) O: Purge NMethod: java.nio.MappedByteBuffer.rewind (0x000074dd1fb01108) [0x000074dd1fb01200, 0x000074dd1fb015e8] 
[3,540s][debug][gc,nmethod     ] GC(1) O: Purge NMethod: io.sirix.page.NamePage.getName (0x000074dd3eeddf08) [0x000074dd3eede000, 0x000074dd3eee0878] 
[3,540s][debug][gc,nmethod     ] GC(1) O: Purge NMethod: jdk.internal.foreign.abi.SharedUtils.checkNative (0x000074dd1fe60e08) [0x000074dd1fe60f00, 0x000074dd1fe612e0] 
[3,540s][debug][gc,nmethod     ] GC(1) O: Purge NMethod: io.sirix.page.NamePage.setName (0x000074dd2001a308) [0x000074dd2001a400, 0x000074dd2001b9c0] 
[3,540s][debug][gc,nmethod     ] GC(1) O: Purge NMethod: it.unimi.dsi.fastutil.ints.Int2ObjectOpenHashMap.get (0x000074dd1fb52008) [0x000074dd1fb52100, 0x000074dd1fb52770] 
[3,540s][debug][gc,nmethod     ] GC(1) O: Purge NMethod: jdk.internal.foreign.AbstractMemorySegmentImpl.checkAccess (0x000074dd1f415908) [0x000074dd1f415a00, 0x000074dd1f416210] 
[3,540s][debug][gc,nmethod     ] GC(1) O: Purge NMethod: io.sirix.utils.XMLToken.isNCChar (0x000074dd1fa2c088) [0x000074dd1fa2c180, 0x000074dd1fa2c568] 
[3,540s][debug][gc,nmethod     ] GC(1) O: Purge NMethod: io.sirix.service.xml.shredder.AbstractShredder.processStartTag (0x000074dd3ed4dc08) [0x000074dd3ed4dd00, 0x000074dd3ed4eae0] 
[3,540s][debug][gc,nmethod     ] GC(1) O: Purge NMethod: io.sirix.access.trx.node.AbstractNodeReadOnlyTrx.moveToParent (0x000074dd1ff85908) [0x000074dd1ff85a00, 0x000074dd1ff86260] 
[3,540s][debug][gc,nmethod     ] GC(1) O: Purge NMethod: io.sirix.node.SirixDeweyID.toBytes (0x000074dd1fd9da88) [0x000074dd1fd9db80, 0x000074dd1fd9dcd0] 
[3,540s][debug][gc,nmethod     ] GC(1) O: Purge NMethod: io.sirix.page.KeyValueLeafPage.alignOffset (0x000074dd1f965288) [0x000074dd1f965380, 0x000074dd1f965468] 
[3,540s][debug][gc,nmethod     ] GC(1) O: Purge NMethod: io.brackit.query.atomic.QNm.<init> (0x000074dd3eceff88) [0x000074dd3ecf0080, 0x000074dd3ecf02a8] 
[3,540s][debug][gc,nmethod     ] GC(1) O: Purge NMethod: io.brackit.query.compiler.optimizer.walker.Walker.walkInternal (0x000074dd1ff50b08) [0x000074dd1ff50c00, 0x000074dd1ff51948] 
[3,541s][debug][gc,nmethod     ] GC(1) O: Purge NMethod: io.sirix.access.trx.node.AbstractNodeTrxImpl.getCurrentNode (0x000074dd1f9ee008) [0x000074dd1f9ee100, 0x000074dd1f9ee470] 
[3,541s][debug][gc,nmethod     ] GC(1) O: Purge NMethod: java.util.ArrayList.getFirst (0x000074dd1fa2d508) [0x000074dd1fa2d600, 0x000074dd1fa2d900] 
[3,541s][debug][gc,nmethod     ] GC(1) O: Purge NMethod: io.sirix.axis.filter.FilterAxis.nextKey (0x000074dd1fb73408) [0x000074dd1fb73500, 0x000074dd1fb74b10] 
[3,541s][debug][gc,nmethod     ] GC(1) O: Purge NMethod: io.sirix.node.GrowingMemorySegment.grow (0x000074dd20071d08) [0x000074dd20071e00, 0x000074dd200729b0] 
[3,541s][debug][gc,nmethod     ] GC(1) O: Purge NMethod: io.sirix.node.GrowingMemorySegment.writeByte (0x000074dd1fa0a588) [0x000074dd1fa0a680, 0x000074dd1fa0e2a0] 
[3,541s][debug][gc,nmethod     ] GC(1) O: Purge NMethod: io.sirix.cache.LinuxMemorySegmentAllocator.partitionVirtualRegion (0x000074dd3ec7b688) [0x000074dd3ec7b780, 0x000074dd3ec7c5e8] 
[3,541s][debug][gc,nmethod     ] GC(1) O: Purge NMethod: io.sirix.node.xml.ElementNode.getHash (0x000074dd1f9e4c08) [0x000074dd1f9e4d00, 0x000074dd1f9e8570] 
[3,541s][debug][gc,nmethod     ] GC(1) O: Purge NMethod: java.nio.DirectByteBuffer.address (0x000074dd3ecf9a88) [0x000074dd3ecf9b80, 0x000074dd3ecf9d48] 
[3,541s][debug][gc,nmethod     ] GC(1) O: Purge NMethod: io.sirix.node.xml.ElementNode.getAttributeKey (0x000074dd1fd50308) [0x000074dd1fd50400, 0x000074dd1fd505f8] 
[3,541s][debug][gc,nmethod     ] GC(1) O: Purge NMethod: io.brackit.query.compiler.parser.Tokenizer.ws (0x000074dd1ff4b888) [0x000074dd1ff4b980, 0x000074dd1ff4bdd8] 
[3,541s][debug][gc,nmethod     ] GC(1) O: Purge NMethod: java.util.stream.AbstractPipeline.<init> (0x000074dd1f432f88) [0x000074dd1f433080, 0x000074dd1f4333c8] 
[3,541s][debug][gc,nmethod     ] GC(1) O: Purge NMethod: java.nio.Buffer.position (0x000074dd1f7adb88) [0x000074dd1f7adc80, 0x000074dd1f7adec0] 
[3,541s][debug][gc,nmethod     ] GC(1) O: Purge NMethod: java.lang.invoke.VarHandleGuards.guard_LJ_J (0x000074dd1f9ad688) [0x000074dd1f9ad780, 0x000074dd1f9b0640] 
[3,541s][debug][gc,nmethod     ] GC(1) O: Purge NMethod: io.sirix.node.NodeSerializerImpl.writeDeweyID (0x000074dd1fe00008) [0x000074dd1fe00100, 0x000074dd1fe005f0] 
[3,541s][debug][gc,nmethod     ] GC(1) O: Purge NMethod: io.sirix.index.path.summary.PathNode.getKind (0x000074dd1fd94608) [0x000074dd1fd94700, 0x000074dd1fd94808] 
[3,541s][debug][gc,nmethod     ] GC(1) O: Purge NMethod: io.sirix.node.xml.AbstractStructForwardingNode.hasFirstChild (0x000074dd1fb6dd88) [0x000074dd1fb6de80, 0x000074dd1fb6e448] 
[3,541s][debug][gc,nmethod     ] GC(1) O: Purge NMethod: jdk.internal.foreign.SegmentFactories.fromArray (0x000074dd1fd9ab88) [0x000074dd1fd9ac80, 0x000074dd1fd9b078] 
[3,541s][debug][gc,nmethod     ] GC(1) O: Purge NMethod: io.sirix.node.xml.ElementNode.getPrefixKey (0x000074dd1fbb7a88) [0x000074dd1fbb7b80, 0x000074dd1fbbcb70] 
[3,541s][debug][gc,nmethod     ] GC(1) O: Purge NMethod: jdk.internal.loader.URLClassPath$FileLoader.getResource (0x000074dd1f6f1f08) [0x000074dd1f6f2000, 0x000074dd1f6f4218] 
[3,541s][debug][gc,nmethod     ] GC(1) O: Purge NMethod: io.sirix.index.path.summary.PathSummaryReader.assertNotClosed (0x000074dd1f9c8288) [0x000074dd1f9c8380, 0x000074dd1f9c8588] 
[3,541s][debug][gc,nmethod     ] GC(1) O: Purge NMethod: io.sirix.node.xml.ElementNode.getFirstChildKey (0x000074dd1fafbf88) [0x000074dd1fafc080, 0x000074dd1fb01070] 
[3,541s][debug][gc,nmethod     ] GC(1) O: Purge NMethod: jdk.internal.util.ArraysSupport.hashCode (0x000074dd1f759088) [0x000074dd1f759180, 0x000074dd1f759630] 
[3,541s][debug][gc,nmethod     ] GC(1) O: Purge NMethod: io.sirix.access.trx.node.xml.ForwardingXmlNodeReadOnlyTrx.getKind (0x000074dd1fabe288) [0x000074dd1fabe380, 0x000074dd1fabe978] 
[3,541s][debug][gc,nmethod     ] GC(1) O: Purge NMethod: io.sirix.access.trx.page.NodePageReadOnlyTrx.getValue (0x000074dd1fe9a988) [0x000074dd1fe9aa80, 0x000074dd1fe9c5e0] 
[3,541s][debug][gc,nmethod     ] GC(1) O: Purge NMethod: io.brackit.query.node.parser.SAX2SubtreeHandlerAdapter.handleText (0x000074dd1fb2e088) [0x000074dd1fb2e180, 0x000074dd1fb2eab0] 
[3,541s][debug][gc,nmethod     ] GC(1) O: Purge NMethod: com.sun.org.apache.xerces.internal.impl.XMLDocumentFragmentScannerImpl.scanContent (0x000074dd1fcb4a08) [0x000074dd1fcb4b00, 0x000074dd1fcb60f0] 
[3,541s][debug][gc,nmethod     ] GC(1) O: Purge NMethod: java.util.concurrent.locks.ReentrantLock.lock (0x000074dd201c8e08) [0x000074dd201c8f00, 0x000074dd201c96d0] 
[3,541s][debug][gc,nmethod     ] GC(1) O: Purge NMethod: io.sirix.page.KeyValueLeafPage.setDeweyId (0x000074dd1fdaa408) [0x000074dd1fdaa500, 0x000074dd1fdaa748] 
[3,541s][debug][gc,nmethod     ] GC(1) O: Purge NMethod: io.sirix.node.SirixDeweyID.newBetween (0x000074dd1fb28708) [0x000074dd1fb28800, 0x000074dd1fb2ba18] 
[3,541s][debug][gc,nmethod     ] GC(1) O: Purge NMethod: jdk.internal.foreign.layout.ValueLayouts$AbstractValueLayout.assertCarrierSize (0x000074dd1fdfe988) [0x000074dd1fdfea80, 0x000074dd1fdfeb90] 
[3,541s][debug][gc,nmethod     ] GC(1) O: Purge NMethod: jdk.internal.foreign.Utils$BaseAndScale.of (0x000074dd1f990288) [0x000074dd1f990380, 0x000074dd1f991998] 
[3,541s][debug][gc,nmethod     ] GC(1) O: Purge NMethod: io.sirix.access.trx.page.NodePageReadOnlyTrx.loadPage (0x000074dd1fe90688) [0x000074dd1fe90780, 0x000074dd1fe925f0] 
[3,541s][debug][gc,nmethod     ] GC(1) O: Purge NMethod: io.sirix.index.path.summary.PathSummaryReader.getNodeKey (0x000074dd1fa0e608) [0x000074dd1fa0e700, 0x000074dd1fa0ebb0] 
[3,541s][debug][gc,nmethod     ] GC(1) O: Purge NMethod: io.sirix.node.NodeKind$4.deserialize (0x000074dd1ffa7288) [0x000074dd1ffa7380, 0x000074dd1ffa8f38] 
[3,541s][debug][gc,nmethod     ] GC(1) O: Purge NMethod: it.unimi.dsi.fastutil.ints.Int2LongOpenHashMap.get (0x000074dd1fb13108) [0x000074dd1fb13200, 0x000074dd1fb13750] 
[3,541s][debug][gc,nmethod     ] GC(1) O: Purge NMethod: io.sirix.page.KeyValueLeafPage.getDeweyId (0x000074dd1fdf8008) [0x000074dd1fdf8100, 0x000074dd1fdfd8b0] 
[3,541s][debug][gc,nmethod     ] GC(1) O: Purge NMethod: jdk.internal.foreign.AbstractMemorySegmentImpl$$Lambda/0x000000006924fe48.apply (0x000074dd1fdfec88) [0x000074dd1fdfed80, 0x000074dd1fdfef60] 
[3,541s][debug][gc,nmethod     ] GC(1) O: Purge NMethod: io.sirix.page.NamePage.incrementAndGetMaxNodeKey (0x000074dd20068888) [0x000074dd20068980, 0x000074dd20068bf8] 
[3,541s][debug][gc,nmethod     ] GC(1) O: Purge NMethod: io.brackit.query.node.parser.SAX2SubtreeHandlerAdapter.startElement (0x000074dd1fba4408) [0x000074dd1fba4500, 0x000074dd1fba61f8] 
[3,541s][debug][gc,nmethod     ] GC(1) O: Purge NMethod: java.util.stream.AbstractPipeline.wrapSink (0x000074dd1f811b08) [0x000074dd1f811c00, 0x000074dd1f812178] 
[3,541s][debug][gc,nmethod     ] GC(1) O: Purge NMethod: com.sun.org.apache.xerces.internal.parsers.AbstractSAXParser$AttributesProxy.getLength (0x000074dd1fb70388) [0x000074dd1fb70480, 0x000074dd1fb707c0] 
[3,541s][debug][gc,nmethod     ] GC(1) O: Purge NMethod: jdk.internal.foreign.HeapMemorySegmentImpl$OfByte.unsafeGetOffset (0x000074dd1fd9a588) [0x000074dd1fd9a680, 0x000074dd1fd9a780] 
[3,541s][debug][gc,nmethod     ] GC(1) O: Purge NMethod: jdk.internal.classfile.impl.SplitConstantPool.findEntry (0x000074dd1f4f5588) [0x000074dd1f4f5680, 0x000074dd1f4f6d88] 
[3,541s][debug][gc,nmethod     ] GC(1) O: Purge NMethod: io.sirix.query.node.SubtreeProcessor.notifyAttribute (0x000074dd1fc72788) [0x000074dd1fc72880, 0x000074dd1fc732e0] 
[3,541s][debug][gc,nmethod     ] GC(1) O: Purge NMethod: io.sirix.query.node.XmlDBNode.<init> (0x000074dd3eceaa08) [0x000074dd3eceab00, 0x000074dd3eceb598] 
[3,541s][debug][gc,nmethod     ] GC(1) O: Purge NMethod: com.sun.org.apache.xerces.internal.parsers.AbstractSAXParser.startElement (0x000074dd3ed47c08) [0x000074dd3ed47d00, 0x000074dd3ed4b7b0] 
[3,541s][debug][gc,nmethod     ] GC(1) O: Purge NMethod: com.sun.org.apache.xerces.internal.impl.XMLEntityScanner.scanContent (0x000074dd3ecfcf08) [0x000074dd3ecfd0a0, 0x000074dd3ecfdb50] 
[3,541s][debug][gc,nmethod     ] GC(1) O: Purge NMethod: io.sirix.axis.filter.xml.XmlNameFilter.filter (0x000074dd1ff99a88) [0x000074dd1ff99b80, 0x000074dd1ff9afc8] 
[3,541s][debug][gc,nmethod     ] GC(1) O: Purge NMethod: io.sirix.page.KeyValueLeafPage.getNumberOfNonNullEntries (0x000074dd20009e88) [0x000074dd20009f80, 0x000074dd2000a530] 
[3,541s][debug][gc,nmethod     ] GC(1) O: Purge NMethod: jdk.internal.misc.Unsafe.getLongUnaligned (0x000074dd1f999288) [0x000074dd1f999380, 0x000074dd1f999560] 
[3,541s][debug][gc,nmethod     ] GC(1) O: Purge NMethod: com.sun.org.apache.xerces.internal.impl.XMLEntityScanner.peekChar (0x000074dd3ecd1f08) [0x000074dd3ecd2000, 0x000074dd3ecd21b8] 
[3,541s][debug][gc,nmethod     ] GC(1) O: Purge NMethod: com.sun.org.apache.xerces.internal.impl.XMLNSDocumentScannerImpl.scanAttribute (0x000074dd1fcaa188) [0x000074dd1fcaa280, 0x000074dd1fcb2320] 
[3,541s][debug][gc,nmethod     ] GC(1) O: Purge NMethod: com.sun.org.apache.xerces.internal.impl.XMLEntityScanner.skipString (0x000074dd1fbdd088) [0x000074dd1fbdd180, 0x000074dd1fbde2a0] 
[3,541s][debug][gc,nmethod     ] GC(1) O: Purge NMethod: jdk.internal.foreign.AbstractMemorySegmentImpl.asSliceNoCheck (0x000074dd3ec48d08) [0x000074dd3ec48e00, 0x000074dd3ec48f78] 
[3,541s][debug][gc,nmethod     ] GC(1) O: Purge NMethod: io.sirix.node.NodeSerializerImpl.serializeDeweyID (0x000074dd3ed7a908) [0x000074dd3ed7aa00, 0x000074dd3ed7bd30] 
[3,541s][debug][gc,nmethod     ] GC(1) O: Purge NMethod: jdk.internal.foreign.MemorySessionImpl.asArena (0x000074dd1fa8b008) [0x000074dd1fa8b100, 0x000074dd1fa8b590] 
[3,541s][debug][gc,nmethod     ] GC(1) O: Purge NMethod: io.sirix.node.xml.AbstractStructForwardingNode.hasRightSibling (0x000074dd1fb07a08) [0x000074dd1fb07b00, 0x000074dd1fb080c8] 
[3,541s][debug][gc,nmethod     ] GC(1) O: Purge NMethod: io.sirix.access.trx.node.xml.XmlNodeTrxImpl.adaptForInsert (0x000074dd1facb108) [0x000074dd1facb200, 0x000074dd1facdfc8] 
[3,541s][debug][gc,nmethod     ] GC(1) O: Purge NMethod: io.sirix.page.KeyValueLeafPage.getDeweyIdAsByteArray (0x000074dd1f480d08) [0x000074dd1f480e00, 0x000074dd1f481388] 
[3,541s][debug][gc,nmethod     ] GC(1) O: Purge NMethod: java.lang.StringUTF16.putChar (0x000074dd1fe6ad88) [0x000074dd1fe6ae80, 0x000074dd1fe6afc0] 
[3,541s][debug][gc,nmethod     ] GC(1) O: Purge NMethod: io.sirix.page.KeyValueLeafPage.updateFreeSpaceStart (0x000074dd1fd96088) [0x000074dd1fd96180, 0x000074dd1fd96330] 
[3,541s][debug][gc,nmethod     ] GC(1) O: Purge NMethod: io.sirix.page.PageKind$1.deserializePage (0x000074dd20154308) [0x000074dd20154400, 0x000074dd20158748] 
[3,541s][debug][gc,nmethod     ] GC(1) O: Purge NMethod: io.sirix.access.trx.page.NodePageTrx.getPageContainer (0x000074dd1febf188) [0x000074dd1febf280, 0x000074dd1fec03c0] 
[3,541s][debug][gc,nmethod     ] GC(1) O: Purge NMethod: jdk.internal.classfile.impl.StackMapGenerator.processBlock (0x000074dd1f492d08) [0x000074dd1f492e00, 0x000074dd1f4c20c8] 
[3,541s][debug][gc,nmethod     ] GC(1) O: Purge NMethod: jdk.internal.foreign.GlobalSession.release0 (0x000074dd1fe60b08) [0x000074dd1fe60c00, 0x000074dd1fe60cf8] 
[3,541s][debug][gc,nmethod     ] GC(1) O: Purge NMethod: io.sirix.access.trx.node.xml.XmlNodeTrxImpl.insertElementAsRightSibling (0x000074dd1fbd4588) [0x000074dd1fbd4680, 0x000074dd1fbdb3c8] 
[3,541s][debug][gc,nmethod     ] GC(1) O: Purge NMethod: it.unimi.dsi.fastutil.ints.Int2ObjectOpenHashMap.get (0x000074dd3ed06808) [0x000074dd3ed06900, 0x000074dd3ed06d68] 
[3,541s][debug][gc,nmethod     ] GC(1) O: Purge NMethod: com.sun.org.apache.xerces.internal.impl.XMLDocumentFragmentScannerImpl.scanDocument (0x000074dd3eefb688) [0x000074dd3eefb780, 0x000074dd3ef0a350] 
[3,541s][debug][gc,nmethod     ] GC(1) O: Purge NMethod: java.io.File.<init> (0x000074dd1f6f0f08) [0x000074dd1f6f1000, 0x000074dd1f6f1ec8] 
[3,541s][debug][gc,nmethod     ] GC(1) O: Purge NMethod: io.sirix.page.KeyValueLeafPage.setDeweyId (0x000074dd1fe92c08) [0x000074dd1fe92d00, 0x000074dd1fe92f58] 
[3,541s][debug][gc,nmethod     ] GC(1) O: Purge NMethod: java.util.concurrent.atomic.AtomicLong.compareAndSet (0x000074dd1fa2ca88) [0x000074dd1fa2cb80, 0x000074dd1fa2cca0] 
[3,541s][debug][gc,nmethod     ] GC(1) O: Purge NMethod: com.sun.org.apache.xerces.internal.impl.XMLScanner.scanAttributeValue (0x000074dd1fc73308) [0x000074dd1fc73400, 0x000074dd1fc7db00] 
[3,541s][debug][gc,nmethod     ] GC(1) O: Purge NMethod: java.util.zip.Inflater.needsInput (0x000074dd1f536a88) [0x000074dd1f536b80, 0x000074dd1f5371a8] 
[3,541s][debug][gc,nmethod     ] GC(1) O: Purge NMethod: io.sirix.axis.filter.FilterAxis.reset (0x000074dd1fb7b208) [0x000074dd1fb7b300, 0x000074dd1fb7b750] 
[3,541s][debug][gc,nmethod     ] GC(1) O: Purge NMethod: java.util.jar.JarFile.maybeInstantiateVerifier (0x000074dd1f4dcd08) [0x000074dd1f4dce00, 0x000074dd1f4dd2d0] 
[3,542s][debug][gc,nmethod     ] GC(1) O: Purge NMethod: java.util.WeakHashMap.expungeStaleEntries (0x000074dd1f48cc88) [0x000074dd1f48cd80, 0x000074dd1f48db18] 
[3,542s][debug][gc,nmethod     ] GC(1) O: Purge NMethod: jdk.internal.misc.Unsafe.convEndian (0x000074dd1f458008) [0x000074dd1f458100, 0x000074dd1f4582a8] 
[3,542s][debug][gc,nmethod     ] GC(1) O: Purge NMethod: io.sirix.node.xml.ElementNode.getDescendantCount (0x000074dd1fa06188) [0x000074dd1fa06280, 0x000074dd1fa09af8] 
[3,542s][debug][gc,nmethod     ] GC(1) O: Purge NMethod: io.sirix.utils.XMLToken.isNCStartChar (0x000074dd1fce0408) [0x000074dd1fce0500, 0x000074dd1fce0b70] 
[3,542s][debug][gc,nmethod     ] GC(1) O: Purge NMethod: sun.net.util.IPAddressUtil.checkHostString (0x000074dd1f4cd308) [0x000074dd1f4cd400, 0x000074dd1f4cd600] 
[3,542s][debug][gc,nmethod     ] GC(1) O: Purge NMethod: org.magicwerk.brownies.collections.GapList.get (0x000074dd3ed1a088) [0x000074dd3ed1a180, 0x000074dd3ed1a318] 
[3,542s][debug][gc,nmethod     ] GC(1) O: Purge NMethod: io.sirix.access.trx.page.NodePageTrx.prepareRecordPage (0x000074dd1f9d7388) [0x000074dd1f9d7480, 0x000074dd1f9d9a28] 
[3,542s][debug][gc,nmethod     ] GC(1) O: Purge NMethod: com.sun.org.apache.xerces.internal.impl.XMLEntityScanner.scanContent (0x000074dd1fa3a088) [0x000074dd1fa3a180, 0x000074dd1fa3b138] 
[3,542s][debug][gc,nmethod     ] GC(1) O: Purge NMethod: io.sirix.query.stream.node.SirixNodeStream.next (0x000074dd3eef0d88) [0x000074dd3eef0e80, 0x000074dd3eef2868] 
[3,542s][debug][gc,nmethod     ] GC(1) O: Purge NMethod: java.util.concurrent.atomic.AtomicInteger.decrementAndGet (0x000074dd1fcf8e08) [0x000074dd1fcf8f00, 0x000074dd1fcf9010] 
[3,542s][debug][gc,nmethod     ] GC(1) O: Purge NMethod: io.sirix.page.KeyValueLeafPage.updateFreeSpaceStart (0x000074dd1ff11388) [0x000074dd1ff11480, 0x000074dd1ff11a08] 
[3,542s][debug][gc,nmethod     ] GC(1) O: Purge NMethod: io.sirix.node.NodeKind$1.deserialize (0x000074dd1ffacd08) [0x000074dd1fface00, 0x000074dd1ffb0448] 
[3,542s][debug][gc,nmethod     ] GC(1) O: Purge NMethod: io.sirix.node.NodeSerializerImpl.serialize (0x000074dd1fd95288) [0x000074dd1fd95380, 0x000074dd1fd955d8] 
[3,542s][debug][gc,nmethod     ] GC(1) O: Purge NMethod: jdk.internal.foreign.AbstractMemorySegmentImpl.toArray (0x000074dd1fda6408) [0x000074dd1fda6500, 0x000074dd1fda6670] 
[3,542s][debug][gc,nmethod     ] GC(1) O: Purge NMethod: io.sirix.node.xml.ElementNode.getLeftSiblingKey (0x000074dd1fa50988) [0x000074dd1fa50a80, 0x000074dd1fa55a70] 
[3,542s][debug][gc,nmethod     ] GC(1) O: Purge NMethod: com.sun.org.apache.xerces.internal.util.XMLAttributesIteratorImpl.removeAllAttributes (0x000074dd1fb9a808) [0x000074dd1fb9a900, 0x000074dd1fb9aa68] 
[3,542s][debug][gc,nmethod     ] GC(1) O: Purge NMethod: java.util.concurrent.locks.ReentrantLock$NonfairSync.initialTryLock (0x000074dd3ecdd908) [0x000074dd3ecdda00, 0x000074dd3ecddb68] 
[3,542s][debug][gc,nmethod     ] GC(1) O: Purge NMethod: io.sirix.axis.AbstractAxis.hasNext (0x000074dd3eccba08) [0x000074dd3eccbb00, 0x000074dd3eccbec0] 
[3,542s][debug][gc,nmethod     ] GC(1) O: Purge NMethod: java.lang.String.concat (0x000074dd1f4da608) [0x000074dd1f4da700, 0x000074dd1f4dca00] 
[3,542s][debug][gc,nmethod     ] GC(1) O: Purge NMethod: io.sirix.access.trx.page.NodePageReadOnlyTrx.getCurrentMaxIndirectPageTreeLevel (0x000074dd1fea1a88) [0x000074dd1fea1b80, 0x000074dd1fea9358] 
[3,542s][debug][gc,nmethod     ] GC(1) O: Purge NMethod: it.unimi.dsi.fastutil.ints.Int2IntOpenHashMap.find (0x000074dd3ed06d88) [0x000074dd3ed06e80, 0x000074dd3ed07118] 
[3,542s][debug][gc,nmethod     ] GC(1) O: Purge NMethod: com.sun.org.apache.xerces.internal.util.XMLChar.isContent (0x000074dd1f9d1808) [0x000074dd1f9d1900, 0x000074dd1f9d1ae8] 
[3,542s][debug][gc,nmethod     ] GC(1) O: Purge NMethod: com.sun.org.apache.xerces.internal.xni.XMLString.append (0x000074dd1fc55808) [0x000074dd1fc55900, 0x000074dd1fc55dd8] 
[3,542s][debug][gc,nmethod     ] GC(1) O: Purge NMethod: io.sirix.axis.filter.PathKindFilter.filter (0x000074dd1fbb6988) [0x000074dd1fbb6a80, 0x000074dd1fbb7a18] 
[3,542s][debug][gc,nmethod     ] GC(1) O: Purge NMethod: io.sirix.node.xml.ElementNode.setDescendantCount (0x000074dd1fa14a88) [0x000074dd1fa14b80, 0x000074dd1fa18510] 
[3,542s][debug][gc,nmethod     ] GC(1) O: Purge NMethod: jdk.internal.foreign.AbstractMemorySegmentImpl.get (0x000074dd1fe70c08) [0x000074dd1fe70d00, 0x000074dd1fe74610] 
[3,542s][debug][gc,nmethod     ] GC(1) O: Purge NMethod: io.sirix.node.SirixDeweyID.setDivisionBitArray (0x000074dd1fd9e088) [0x000074dd1fd9e180, 0x000074dd1fd9e7b0] 
[3,542s][debug][gc,nmethod     ] GC(1) O: Purge NMethod: io.sirix.page.delegates.BitmapReferencesPage.index (0x000074dd3ed1ca08) [0x000074dd3ed1cb00, 0x000074dd3ed1d098] 
[3,542s][debug][gc,nmethod     ] GC(1) O: Purge NMethod: jdk.internal.misc.Unsafe.weakCompareAndSetInt (0x000074dd1f4c3188) [0x000074dd1f4c3280, 0x000074dd1f4c3398] 
[3,542s][debug][gc,nmethod     ] GC(1) O: Purge NMethod: jdk.internal.classfile.impl.SplitConstantPool.maybeCloneUtf8Entry (0x000074dd3ec89988) [0x000074dd3ec89a80, 0x000074dd3ec89fc0] 
[3,542s][debug][gc,nmethod     ] GC(1) O: Purge NMethod: java.util.BitSet.and (0x000074dd1fa21988) [0x000074dd1fa21a80, 0x000074dd1fa21ed0] 
[3,542s][debug][gc,nmethod     ] GC(1) O: Purge NMethod: io.sirix.node.xml.TextNode.<init> (0x000074dd1ffa4808) [0x000074dd1ffa4900, 0x000074dd1ffa4be8] 
[3,542s][debug][gc,nmethod     ] GC(1) O: Purge NMethod: sun.misc.Unsafe.isMemoryAccessWarned (0x000074dd1f9c5788) [0x000074dd1f9c5880, 0x000074dd1f9c5980] 
[3,542s][debug][gc,nmethod     ] GC(1) O: Purge NMethod: java.lang.invoke.DirectMethodHandle.internalMemberName (0x000074dd1f691c08) [0x000074dd1f691d00, 0x000074dd1f692020] 
[3,542s][debug][gc,nmethod     ] GC(1) O: Purge NMethod: it.unimi.dsi.fastutil.ints.Int2LongOpenHashMap.get (0x000074dd3ed04f88) [0x000074dd3ed05080, 0x000074dd3ed053e0] 
[3,542s][debug][gc,nmethod     ] GC(1) O: Purge NMethod: io.sirix.node.xml.AttributeNode.getPrefixKey (0x000074dd1fc61e08) [0x000074dd1fc61f00, 0x000074dd1fc66ef0] 
[3,542s][debug][gc,nmethod     ] GC(1) O: Purge NMethod: jdk.internal.misc.Unsafe.putIntRelease (0x000074dd1ff83588) [0x000074dd1ff83680, 0x000074dd1ff83788] 
[3,542s][debug][gc,nmethod     ] GC(1) O: Purge NMethod: java.lang.String.<init> (0x000074dd1f4e2b08) [0x000074dd1f4e2c00, 0x000074dd1f4e6a70] 
[3,542s][debug][gc,nmethod     ] GC(1) O: Purge NMethod: java.util.Arrays.fill (0x000074dd3ec42c08) [0x000074dd3ec42d00, 0x000074dd3ec42f28] 
[3,542s][debug][gc,nmethod     ] GC(1) O: Purge NMethod: io.sirix.access.trx.node.AbstractNodeReadOnlyTrx.getKind (0x000074dd1fa2cd88) [0x000074dd1fa2ce80, 0x000074dd1fa2d4e8] 
[3,542s][debug][gc,nmethod     ] GC(1) O: Purge NMethod: jdk.internal.foreign.MemorySessionImpl.addInternal (0x000074dd3ece0508) [0x000074dd3ece0600, 0x000074dd3ece0ab8] 
[3,542s][debug][gc,nmethod     ] GC(1) O: Purge NMethod: io.sirix.node.xml.ElementNode.getKind (0x000074dd1fd84088) [0x000074dd1fd84180, 0x000074dd1fd844a0] 
[3,542s][debug][gc,nmethod     ] GC(1) O: Purge NMethod: java.util.BitSet.set (0x000074dd3ec5c888) [0x000074dd3ec5c980, 0x000074dd3ec5caf0] 
[3,542s][debug][gc,nmethod     ] GC(1) O: Purge NMethod: java.lang.String.indexOf (0x000074dd1f58d308) [0x000074dd1f58d400, 0x000074dd1f58dc20] 
[3,542s][debug][gc,nmethod     ] GC(1) O: Purge NMethod: io.sirix.index.path.summary.PathSummaryReader.putMapping (0x000074dd20019388) [0x000074dd20019480, 0x000074dd20019eb8] 
[3,542s][debug][gc,nmethod     ] GC(1) O: Purge NMethod: io.sirix.page.KeyValueLeafPage.setData (0x000074dd3edeba08) [0x000074dd3edebb00, 0x000074dd3edee7e8] 
[3,542s][debug][gc,nmethod     ] GC(1) O: Purge NMethod: net.openhft.hashing.XXH3.access$500 (0x000074dd1fab6088) [0x000074dd1fab6180, 0x000074dd1fab6290] 
[3,542s][debug][gc,nmethod     ] GC(1) O: Purge NMethod: io.brackit.query.node.parser.SAX2SubtreeHandlerAdapter.handleText (0x000074dd2002f988) [0x000074dd2002fa80, 0x000074dd20030920] 
[3,542s][debug][gc,nmethod     ] GC(1) O: Purge NMethod: java.lang.AbstractStringBuilder.newCapacity (0x000074dd1f480088) [0x000074dd1f480180, 0x000074dd1f480518] 
[3,542s][debug][gc,nmethod     ] GC(1) O: Purge NMethod: net.openhft.hashing.UnsafeAccess.getLong (0x000074dd1f9c7208) [0x000074dd1f9c7300, 0x000074dd1f9c77a0] 
[3,542s][debug][gc,nmethod     ] GC(1) O: Purge NMethod: java.util.concurrent.locks.ReentrantLock.unlock (0x000074dd3ee23808) [0x000074dd3ee23900, 0x000074dd3ee23ca8] 
[3,542s][debug][gc,nmethod     ] GC(1) O: Purge NMethod: io.brackit.query.compiler.AST.getChild (0x000074dd1ff4f388) [0x000074dd1ff4f480, 0x000074dd1ff50ab0] 
[3,542s][debug][gc,nmethod     ] GC(1) O: Purge NMethod: io.brackit.query.node.parser.SAX2SubtreeHandlerAdapter.characters (0x000074dd2003bd88) [0x000074dd2003be80, 0x000074dd2003c190] 
[3,542s][debug][gc,nmethod     ] GC(1) O: Purge NMethod: io.sirix.access.trx.node.AbstractNodeTrxImpl.intermediateCommitIfRequired (0x000074dd1fab2f08) [0x000074dd1fab3000, 0x000074dd1fab3d78] 
[3,542s][debug][gc,nmethod     ] GC(1) O: Purge NMethod: java.util.concurrent.locks.AbstractQueuedSynchronizer.compareAndSetState (0x000074dd1f9ad388) [0x000074dd1f9ad480, 0x000074dd1f9ad598] 
[3,542s][debug][gc,nmethod     ] GC(1) O: Purge NMethod: java.util.RegularEnumSet.contains (0x000074dd1f51c908) [0x000074dd1f51ca00, 0x000074dd1f51d4a0] 
[3,542s][debug][gc,nmethod     ] GC(1) O: Purge NMethod: java.util.zip.Inflater.ensureOpen (0x000074dd1f4c3e08) [0x000074dd1f4c3f00, 0x000074dd1f4c4188] 
[3,542s][debug][gc,nmethod     ] GC(1) O: Purge NMethod: jdk.internal.foreign.SegmentFactories.ensureInitialized (0x000074dd1fa42e88) [0x000074dd1fa42f80, 0x000074dd1fa43060] 
[3,542s][debug][gc,nmethod     ] GC(1) O: Purge NMethod: java.lang.String.getBytes (0x000074dd1facfc08) [0x000074dd1facfd00, 0x000074dd1fad0198] 
[3,542s][debug][gc,nmethod     ] GC(1) O: Purge NMethod: io.sirix.index.path.summary.PathSummaryReader.moveTo (0x000074dd1febc008) [0x000074dd1febc100, 0x000074dd1febce08] 
[3,542s][debug][gc,nmethod     ] GC(1) O: Purge NMethod: jdk.internal.foreign.layout.MemoryLayoutUtil.requireByteSizeValid (0x000074dd1fdf5b08) [0x000074dd1fdf5c00, 0x000074dd1fdf6968] 
[3,542s][debug][gc,nmethod     ] GC(1) O: Purge NMethod: java.lang.AbstractStringBuilder.isLatin1 (0x000074dd1f44e608) [0x000074dd1f44e700, 0x000074dd1f44e840] 
[3,542s][debug][gc,nmethod     ] GC(1) O: Purge NMethod: java.util.concurrent.ConcurrentLinkedDeque.linkLast (0x000074dd1f8e4708) [0x000074dd1f8e4800, 0x000074dd1f8e98f8] 
[3,542s][debug][gc,nmethod     ] GC(1) O: Purge NMethod: io.sirix.node.NodeKind$13.serialize (0x000074dd1fd98288) [0x000074dd1fd98380, 0x000074dd1fd987f8] 
[3,542s][debug][gc,nmethod     ] GC(1) O: Purge NMethod: io.sirix.node.SirixDeweyID.toBytes (0x000074dd1fda5188) [0x000074dd1fda5280, 0x000074dd1fda5968] 
[3,542s][debug][gc,nmethod     ] GC(1) O: Purge NMethod: io.sirix.node.GrowingMemorySegment.writeLong (0x000074dd1fd17e08) [0x000074dd1fd17f00, 0x000074dd1fd18638] 
[3,542s][debug][gc,nmethod     ] GC(1) O: Purge NMethod: java.util.zip.Checksum.update (0x000074dd1f62ca08) [0x000074dd1f62cb00, 0x000074dd1f62ce38] 
[3,542s][debug][gc,nmethod     ] GC(1) O: Purge NMethod: com.sun.org.apache.xerces.internal.impl.XMLDocumentFragmentScannerImpl$ElementStack.nextElement (0x000074dd1fb99a08) [0x000074dd1fb99b00, 0x000074dd1fb9a500] 
[3,542s][debug][gc,nmethod     ] GC(1) O: Purge NMethod: java.util.concurrent.locks.ReentrantLock.lock (0x000074dd1feecf88) [0x000074dd1feed080, 0x000074dd1feed850] 
[3,542s][debug][gc,nmethod     ] GC(1) O: Purge NMethod: io.sirix.node.xml.TextNode.hasRightSibling (0x000074dd1fad4508) [0x000074dd1fad4600, 0x000074dd1fad9a38] 
[3,542s][debug][gc,nmethod     ] GC(1) O: Purge NMethod: io.sirix.node.json.JsonNodeSerializer.readSizePrefix (0x000074dd1ff99708) [0x000074dd1ff99800, 0x000074dd1ff99a20] 
[3,542s][debug][gc,nmethod     ] GC(1) O: Purge NMethod: java.lang.ref.SoftReference.get (0x000074dd1f571288) [0x000074dd1f571380, 0x000074dd1f571540] 
[3,542s][debug][gc,nmethod     ] GC(1) O: Purge NMethod: io.sirix.axis.AbstractAxis.nextLong (0x000074dd1ff6ea08) [0x000074dd1ff6eb00, 0x000074dd1ff6f590] 
[3,542s][debug][gc,nmethod     ] GC(1) O: Purge NMethod: com.sun.org.apache.xerces.internal.parsers.AbstractSAXParser.endElement (0x000074dd1fba1088) [0x000074dd1fba1180, 0x000074dd1fba1a78] 
[3,542s][debug][gc,nmethod     ] GC(1) O: Purge NMethod: org.magicwerk.brownies.collections.GapList.doGet (0x000074dd3ed1a388) [0x000074dd3ed1a480, 0x000074dd3ed1a618] 
[3,542s][debug][gc,nmethod     ] GC(1) O: Purge NMethod: java.lang.invoke.InnerClassLambdaMetafactory.convertArgumentTypes (0x000074dd1f835188) [0x000074dd1f835280, 0x000074dd1f836548] 
[3,542s][debug][gc,nmethod     ] GC(1) O: Purge NMethod: io.sirix.access.trx.page.NodePageTrx.prepareRecordPage (0x000074dd3ecb7b88) [0x000074dd3ecb7c80, 0x000074dd3ecb8838] 
[3,542s][debug][gc,nmethod     ] GC(1) O: Purge NMethod: io.sirix.axis.AbstractAxis.resetToLastKey (0x000074dd1fa43508) [0x000074dd1fa43600, 0x000074dd1fa43bb8] 
[3,543s][debug][gc,nmethod     ] GC(1) O: Purge NMethod: sun.security.provider.SHA2.implCompress0 (0x000074dd1fda0a88) [0x000074dd1fda0b80, 0x000074dd1fda13f0] 
[3,543s][debug][gc,nmethod     ] GC(1) O: Purge NMethod: io.sirix.access.trx.node.xml.XmlNodeFactoryImpl.createElementNode (0x000074dd1fbc6b88) [0x000074dd1fbc6c80, 0x000074dd1fbcb4e0] 
[3,543s][debug][gc,nmethod     ] GC(1) O: Purge NMethod: io.sirix.access.trx.page.NodePageTrx.getRecord (0x000074dd3ecbd488) [0x000074dd3ecbd580, 0x000074dd3ecbdd68] 
[3,543s][debug][gc,nmethod     ] GC(1) O: Purge NMethod: it.unimi.dsi.fastutil.longs.LongArrayList.removeLong (0x000074dd1fa89788) [0x000074dd1fa89880, 0x000074dd1fa8afb0] 
[3,543s][debug][gc,nmethod     ] GC(1) O: Purge NMethod: io.brackit.query.node.parser.SAX2SubtreeHandlerAdapter.startElement (0x000074dd3ed4eb08) [0x000074dd3ed4ec00, 0x000074dd3ed52280] 
[3,543s][debug][gc,nmethod     ] GC(1) O: Purge NMethod: jdk.internal.foreign.layout.ValueLayouts$OfByteImpl.dup (0x000074dd1fdffd08) [0x000074dd1fdffe00, 0x000074dd1fdfffb0] 
[3,543s][debug][gc,nmethod     ] GC(1) O: Purge NMethod: com.sun.org.apache.xerces.internal.impl.XMLEntityScanner.checkBeforeLoad (0x000074dd3eccd688) [0x000074dd3eccd780, 0x000074dd3eccd870] 
[3,543s][debug][gc,nmethod     ] GC(1) O: Purge NMethod: java.lang.invoke.InnerClassLambdaMetafactory$6.accept (0x000074dd1f843388) [0x000074dd1f843480, 0x000074dd1f8497b0] 
[3,543s][debug][gc,nmethod     ] GC(1) O: Purge NMethod: java.io.File.isInvalid (0x000074dd1f478708) [0x000074dd1f478800, 0x000074dd1f478db0] 
[3,543s][debug][gc,nmethod     ] GC(1) O: Purge NMethod: io.sirix.access.trx.node.AbstractIndexController.notifyChange (0x000074dd1fabc808) [0x000074dd1fabc900, 0x000074dd1fabd7b8] 
[3,543s][debug][gc,nmethod     ] GC(1) O: Purge NMethod: jdk.internal.foreign.NativeMemorySegmentImpl.makeByteBuffer (0x000074dd1fb09b88) [0x000074dd1fb09c80, 0x000074dd1fb09df0] 
[3,543s][debug][gc,nmethod     ] GC(1) O: Purge NMethod: net.openhft.hashing.LongHashFunction.hashBytes (0x000074dd1fbcb808) [0x000074dd1fbcb900, 0x000074dd1fbcba48] 
[3,543s][debug][gc,nmethod     ] GC(1) O: Purge NMethod: java.lang.Class.getSimpleName (0x000074dd1fda6088) [0x000074dd1fda6180, 0x000074dd1fda6388] 
[3,543s][debug][gc,nmethod     ] GC(1) O: Purge NMethod: jdk.internal.foreign.layout.MemoryLayoutUtil.requireByteSizeValid (0x000074dd1fd9be88) [0x000074dd1fd9bf80, 0x000074dd1fd9c320] 
[3,543s][debug][gc,nmethod     ] GC(1) O: Purge NMethod: com.sun.org.apache.xerces.internal.impl.XMLDocumentFragmentScannerImpl$FragmentContentDriver.next (0x000074dd3ecd7488) [0x000074dd3ecd7580, 0x000074dd3ecd8de0] 
[3,543s][debug][gc,nmethod     ] GC(1) O: Purge NMethod: jdk.internal.foreign.NativeMemorySegmentImpl.<init> (0x000074dd1f44e008) [0x000074dd1f44e100, 0x000074dd1f44e5c8] 
[3,543s][debug][gc,nmethod     ] GC(1) O: Purge NMethod: com.sun.org.apache.xerces.internal.impl.XMLNSDocumentScannerImpl.scanStartElement (0x000074dd3ed26c88) [0x000074dd3ed26d80, 0x000074dd3ed29410] 
[3,543s][debug][gc,nmethod     ] GC(1) O: Purge NMethod: io.sirix.page.PageKind$1.serializePage (0x000074dd1fe28408) [0x000074dd1fe28500, 0x000074dd1fe35dd0] 
[3,543s][debug][gc,nmethod     ] GC(1) O: Purge NMethod: jdk.internal.classfile.impl.StackMapGenerator$Frame.pushStack (0x000074dd1f568c88) [0x000074dd1f568d80, 0x000074dd1f5691e0] 
[3,543s][debug][gc,nmethod     ] GC(1) O: Purge NMethod: jdk.internal.foreign.HeapMemorySegmentImpl$OfByte.maxAlignMask (0x000074dd1fdf4c08) [0x000074dd1fdf4d00, 0x000074dd1fdf4e00] 
[3,543s][debug][gc,nmethod     ] GC(1) O: Purge NMethod: io.sirix.index.path.summary.PathNode.getPrefixKey (0x000074dd1fbb6688) [0x000074dd1fbb6780, 0x000074dd1fbb68e0] 
[3,543s][debug][gc,nmethod     ] GC(1) O: Purge NMethod: jdk.internal.foreign.ArenaImpl.<init> (0x000074dd1fa8b608) [0x000074dd1fa8b700, 0x000074dd1fa8bae0] 
[3,543s][debug][gc,nmethod     ] GC(1) O: Purge NMethod: io.brackit.query.sequence.AbstractSequence.evaluate (0x000074dd2012f808) [0x000074dd2012f900, 0x000074dd2012fa00] 
[3,543s][debug][gc,nmethod     ] GC(1) O: Purge NMethod: com.sun.org.apache.xerces.internal.impl.XMLDocumentFragmentScannerImpl$FragmentContentDriver.next (0x000074dd1fcb9c88) [0x000074dd1fcb9d80, 0x000074dd1fcc7840] 
[3,543s][debug][gc,nmethod     ] GC(1) O: Purge NMethod: jdk.internal.misc.ScopedMemoryAccess.putLongUnaligned (0x000074dd1f9a1488) [0x000074dd1f9a1580, 0x000074dd1f9a2408] 
[3,543s][debug][gc,nmethod     ] GC(1) O: Purge NMethod: jdk.internal.foreign.ArenaImpl.allocate (0x000074dd1fa8c988) [0x000074dd1fa8ca80, 0x000074dd1fa8cd78] 
[3,543s][debug][gc,nmethod     ] GC(1) O: Purge NMethod: io.sirix.node.SirixDeweyID.<init> (0x000074dd1fbe9e08) [0x000074dd1fbe9f00, 0x000074dd1fbea368] 
[3,543s][debug][gc,nmethod     ] GC(1) O: Purge NMethod: net.openhft.hashing.XXH3.XXH3_mix2Accs (0x000074dd1fc50688) [0x000074dd1fc50780, 0x000074dd1fc51880] 
[3,543s][debug][gc,nmethod     ] GC(1) O: Purge NMethod: it.unimi.dsi.fastutil.ints.Int2LongOpenHashMap.put (0x000074dd1fc7db88) [0x000074dd1fc7dc80, 0x000074dd1fc7dee8] 
[3,543s][debug][gc,nmethod     ] GC(1) O: Purge NMethod: com.sun.org.apache.xerces.internal.impl.XMLEntityScanner.scanContent (0x000074dd1fcdee88) [0x000074dd1fcdef80, 0x000074dd1fcdfef8] 
[3,543s][debug][gc,nmethod     ] GC(1) O: Purge NMethod: io.sirix.node.xml.ElementNode.incrementChildCount (0x000074dd1fac5708) [0x000074dd1fac5800, 0x000074dd1fac5f30] 
[3,543s][debug][gc,nmethod     ] GC(1) O: Purge NMethod: io.sirix.axis.AbstractAxis.hasNext (0x000074dd3edf6408) [0x000074dd3edf6500, 0x000074dd3edf6ba8] 
[3,543s][debug][gc,nmethod     ] GC(1) O: Purge NMethod: java.util.concurrent.locks.ReentrantLock$Sync.tryRelease (0x000074dd3ecdd608) [0x000074dd3ecdd700, 0x000074dd3ecdd8d0] 
[3,543s][debug][gc,nmethod     ] GC(1) O: Purge NMethod: io.sirix.node.GrowingMemorySegment.toByteArray (0x000074dd1fb92408) [0x000074dd1fb92500, 0x000074dd1fb99018] 
[3,543s][debug][gc,nmethod     ] GC(1) O: Purge NMethod: io.sirix.page.KeyValueLeafPage.addReferences (0x000074dd20077908) [0x000074dd20077a00, 0x000074dd20078ba0] 
[3,543s][debug][gc,nmethod     ] GC(1) O: Purge NMethod: io.sirix.node.NodeSerializerImpl.serialize (0x000074dd3edb7f08) [0x000074dd3edb8000, 0x000074dd3edb86d8] 
[3,543s][debug][gc,nmethod     ] GC(1) O: Purge NMethod: io.sirix.node.MemorySegmentBytesOut.clear (0x000074dd1fa29708) [0x000074dd1fa29800, 0x000074dd1fa299b8] 
[3,543s][debug][gc,nmethod     ] GC(1) O: Purge NMethod: java.lang.invoke.MethodTypeForm.canonicalize (0x000074dd1f44d288) [0x000074dd1f44d380, 0x000074dd1f44dfd8] 
[3,543s][debug][gc,nmethod     ] GC(1) O: Purge NMethod: java.lang.String.encodeUTF8 (0x000074dd1fa66508) [0x000074dd1fa66600, 0x000074dd1fa66c88] 
[3,543s][debug][gc,nmethod     ] GC(1) O: Purge NMethod: com.github.benmanes.caffeine.cache.BaseMpscLinkedArrayQueue.poll (0x000074dd1ff73e88) [0x000074dd1ff73f80, 0x000074dd1ff79948] 
[3,543s][debug][gc,nmethod     ] GC(1) O: Purge NMethod: io.sirix.access.trx.node.xml.XmlNodeReadOnlyTrxImpl.isDocumentRoot (0x000074dd1fbcdf88) [0x000074dd1fbce080, 0x000074dd1fbceb28] 
[3,543s][debug][gc,nmethod     ] GC(1) O: Purge NMethod: io.sirix.node.NullNode.<init> (0x000074dd1fd0cd88) [0x000074dd1fd0ce80, 0x000074dd1fd0d3b8] 
[3,543s][debug][gc,nmethod     ] GC(1) O: Purge NMethod: jdk.internal.foreign.MemorySessionImpl.addInternal (0x000074dd1fa86688) [0x000074dd1fa86780, 0x000074dd1fa876f0] 
[3,543s][debug][gc,nmethod     ] GC(1) O: Purge NMethod: io.sirix.page.KeyValueLeafPage.getSlot (0x000074dd1f96cb88) [0x000074dd1f96cc80, 0x000074dd1f982e88] 
[3,543s][debug][gc,nmethod     ] GC(1) O: Purge NMethod: java.nio.Bits.tryReserveMemory (0x000074dd1fa4fe88) [0x000074dd1fa4ff80, 0x000074dd1fa50970] 
[3,543s][debug][gc,nmethod     ] GC(1) O: Purge NMethod: io.sirix.node.NodeKind.serializeDelegateWithoutIDs (0x000074dd1fd93888) [0x000074dd1fd93980, 0x000074dd1fd93c08] 
[3,543s][debug][gc,nmethod     ] GC(1) O: Purge NMethod: java.io.UnixFileSystem.hasBooleanAttributes (0x000074dd1f561988) [0x000074dd1f561a80, 0x000074dd1f562608] 
[3,543s][debug][gc,nmethod     ] GC(1) O: Purge NMethod: io.sirix.node.xml.ElementNode.hasRightSibling (0x000074dd1ff8f888) [0x000074dd1ff8f980, 0x000074dd1ff94db8] 
[3,543s][debug][gc,nmethod     ] GC(1) O: Purge NMethod: io.sirix.index.path.summary.PathSummaryReader.putMapping (0x000074dd3ed1f908) [0x000074dd3ed1fa00, 0x000074dd3ed1fd18] 
[3,543s][debug][gc,nmethod     ] GC(1) O: Purge NMethod: io.sirix.page.PageReference.setDatabaseId (0x000074dd1ff07288) [0x000074dd1ff07380, 0x000074dd1ff07490] 
[3,543s][debug][gc,nmethod     ] GC(1) O: Purge NMethod: io.sirix.node.NodeSerializerImpl.serializeDeweyID (0x000074dd1fdf4f08) [0x000074dd1fdf5000, 0x000074dd1fdf5378] 
[3,543s][debug][gc,nmethod     ] GC(1) O: Purge NMethod: io.sirix.page.KeyValueLeafPage.processEntries (0x000074dd1fff8808) [0x000074dd1fff8900, 0x000074dd1fffb640] 
[3,543s][debug][gc,nmethod     ] GC(1) O: Purge NMethod: io.sirix.access.trx.page.NodePageTrx.prepareRecordForModification (0x000074dd3ecc3108) [0x000074dd3ecc3200, 0x000074dd3ecc4218] 
[3,543s][debug][gc,nmethod     ] GC(1) O: Purge NMethod: io.sirix.page.KeyValueLeafPage.setSlot (0x000074dd1feb2888) [0x000074dd1feb2980, 0x000074dd1feb2b28] 
[3,543s][debug][gc,nmethod     ] GC(1) O: Purge NMethod: io.sirix.axis.filter.PathNameFilter.<init> (0x000074dd1fb7b788) [0x000074dd1fb7b880, 0x000074dd1fb7d508] 
[3,543s][debug][gc,nmethod     ] GC(1) O: Purge NMethod: java.util.ArrayDeque.addFirst (0x000074dd3ed3f408) [0x000074dd3ed3f500, 0x000074dd3ed3f708] 
[3,543s][debug][gc,nmethod     ] GC(1) O: Purge NMethod: io.sirix.node.xml.ElementNode.getPathNodeKey (0x000074dd1fac5f88) [0x000074dd1fac6080, 0x000074dd1facb070] 
[3,543s][debug][gc,nmethod     ] GC(1) O: Purge NMethod: java.util.concurrent.ConcurrentHashMap.replaceNode (0x000074dd1fe62d88) [0x000074dd1fe62e80, 0x000074dd1fe63dc8] 
[3,543s][debug][gc,nmethod     ] GC(1) O: Purge NMethod: java.util.stream.AbstractPipeline.evaluate (0x000074dd1f7a6b88) [0x000074dd1f7a6c80, 0x000074dd1f7a7d70] 
[3,543s][debug][gc,nmethod     ] GC(1) O: Purge NMethod: java.lang.String.getBytes (0x000074dd1fb70808) [0x000074dd1fb70900, 0x000074dd1fb70ce8] 
[3,543s][debug][gc,nmethod     ] GC(1) O: Purge NMethod: io.sirix.service.xml.xpath.ItemListImpl.size (0x000074dd1fc0b808) [0x000074dd1fc0b900, 0x000074dd1fc0bc40] 
[3,543s][debug][gc,nmethod     ] GC(1) O: Purge NMethod: io.sirix.axis.filter.FilterAxis.<init> (0x000074dd1fb76d88) [0x000074dd1fb76e80, 0x000074dd1fb79a18] 
[3,543s][debug][gc,nmethod     ] GC(1) O: Purge NMethod: io.sirix.axis.AbstractAxis.hasNext (0x000074dd20138208) [0x000074dd20138300, 0x000074dd20138dc8] 
[3,543s][debug][gc,nmethod     ] GC(1) O: Purge NMethod: io.sirix.node.SirixDeweyID.getNewChildID (0x000074dd1fbe9a08) [0x000074dd1fbe9b00, 0x000074dd1fbe9d90] 
[3,543s][debug][gc,nmethod     ] GC(1) O: Purge NMethod: io.sirix.access.trx.page.NodePageReadOnlyTrx.checkItemIfDeleted (0x000074dd1f9e8908) [0x000074dd1f9e8a00, 0x000074dd1f9e8d60] 
[3,543s][debug][gc,nmethod     ] GC(1) O: Purge NMethod: io.sirix.axis.AbstractAxis.<init> (0x000074dd3ecedd88) [0x000074dd3ecede80, 0x000074dd3ecee248] 
[3,543s][debug][gc,nmethod     ] GC(1) O: Purge NMethod: io.sirix.axis.filter.PathNameFilter.filter (0x000074dd1fac2a88) [0x000074dd1fac2b80, 0x000074dd1fac5380] 
[3,543s][debug][gc,nmethod     ] GC(1) O: Purge NMethod: io.sirix.access.trx.page.NodePageReadOnlyTrx.getPathSummaryPage (0x000074dd1fcdcc88) [0x000074dd1fcdcd80, 0x000074dd1fcddd58] 
[3,543s][debug][gc,nmethod     ] GC(1) O: Purge NMethod: io.sirix.access.trx.node.xml.ForwardingXmlNodeReadOnlyTrx.hasRightSibling (0x000074dd1fb13788) [0x000074dd1fb13880, 0x000074dd1fb13e80] 
[3,543s][debug][gc,nmethod     ] GC(1) O: Purge NMethod: com.github.benmanes.caffeine.cache.BoundedLocalCache.hasExpired (0x000074dd1ffc0608) [0x000074dd1ffc0700, 0x000074dd1ffc27a8] 
[3,543s][debug][gc,nmethod     ] GC(1) O: Purge NMethod: java.lang.String.checkBoundsBeginEnd (0x000074dd1f41ed88) [0x000074dd1f41ee80, 0x000074dd1f41f098] 
[3,543s][debug][gc,nmethod     ] GC(1) O: Purge NMethod: io.sirix.node.SirixDeweyID.<init> (0x000074dd1fafbc08) [0x000074dd1fafbd00, 0x000074dd1fafbf30] 
[3,543s][debug][gc,nmethod     ] GC(1) O: Purge NMethod: sun.security.provider.ByteArrayAccess.b2iBig64 (0x000074dd1fda3288) [0x000074dd1fda3380, 0x000074dd1fda3ef8] 
[3,543s][debug][gc,nmethod     ] GC(1) O: Purge NMethod: io.sirix.utils.XMLToken.cp (0x000074dd1fa28b88) [0x000074dd1fa28c80, 0x000074dd1fa290b8] 
[3,543s][debug][gc,nmethod     ] GC(1) O: Purge NMethod: sun.net.www.protocol.file.Handler.parseURL (0x000074dd1f6df488) [0x000074dd1f6df580, 0x000074dd1f6df8f0] 
[3,543s][debug][gc,nmethod     ] GC(1) O: Purge NMethod: io.sirix.access.trx.node.AbstractDeweyIDManager.newFirstChildID (0x000074dd3eda0308) [0x000074dd3eda0400, 0x000074dd3eda1200] 
[3,543s][debug][gc,nmethod     ] GC(1) O: Purge NMethod: io.sirix.node.xml.ElementNode.getKind (0x000074dd1f9d5a88) [0x000074dd1f9d5b80, 0x000074dd1f9d5c88] 
[3,543s][debug][gc,nmethod     ] GC(1) O: Purge NMethod: io.sirix.access.trx.node.AbstractNodeHashing.setAddDescendants (0x000074dd1f9f7508) [0x000074dd1f9f7600, 0x000074dd1f9f8188] 
[3,543s][debug][gc,nmethod     ] GC(1) O: Purge NMethod: io.sirix.access.trx.node.xml.XmlNodeTrxImpl.insertAttribute (0x000074dd1fc81688) [0x000074dd1fc81780, 0x000074dd1fc91860] 
[3,543s][debug][gc,nmethod     ] GC(1) O: Purge NMethod: java.util.stream.AbstractPipeline.wrapAndCopyInto (0x000074dd1f810e88) [0x000074dd1f810f80, 0x000074dd1f8117f0] 
[3,543s][debug][gc,nmethod     ] GC(1) O: Purge NMethod: java.lang.String.endsWith (0x000074dd1f475988) [0x000074dd1f475a80, 0x000074dd1f4766b0] 
[3,543s][debug][gc,nmethod     ] GC(1) O: Purge NMethod: io.sirix.access.trx.page.NodePageTrx.createRecord (0x000074dd20033888) [0x000074dd20033980, 0x000074dd20039dc8] 
[3,543s][debug][gc,nmethod     ] GC(1) O: Purge NMethod: java.lang.AbstractStringBuilder.append (0x000074dd3ec24d08) [0x000074dd3ec24e00, 0x000074dd3ec255b0] 
[3,543s][debug][gc,nmethod     ] GC(1) O: Purge NMethod: com.sun.org.apache.xerces.internal.xni.XMLString.setValues (0x000074dd1fc20088) [0x000074dd1fc20180, 0x000074dd1fc20300] 
[3,543s][debug][gc,nmethod     ] GC(1) O: Purge NMethod: io.sirix.access.trx.node.xml.XmlNodeReadOnlyTrxImpl.getNode (0x000074dd3ecd8e08) [0x000074dd3ecd8f00, 0x000074dd3ecd90e0] 
[3,543s][debug][gc,nmethod     ] GC(1) O: Purge NMethod: io.sirix.node.xml.AbstractStructForwardingNode.getFirstChildKey (0x000074dd1fb57288) [0x000074dd1fb57380, 0x000074dd1fb576b0] 
[3,543s][debug][gc,nmethod     ] GC(1) O: Purge NMethod: java.nio.ByteOrder.nativeOrder (0x000074dd1f930788) [0x000074dd1f930880, 0x000074dd1f930968] 
[3,543s][debug][gc,nmethod     ] GC(1) O: Purge NMethod: java.lang.invoke.InnerClassLambdaMetafactory$3.accept (0x000074dd1f83e988) [0x000074dd1f83ea80, 0x000074dd1f841018] 
[3,543s][debug][gc,nmethod     ] GC(1) O: Purge NMethod: jdk.internal.foreign.Utils.isPowerOfTwo (0x000074dd1fda1808) [0x000074dd1fda1900, 0x000074dd1fda1a08] 
[3,543s][debug][gc,nmethod     ] GC(1) O: Purge NMethod: com.sun.org.apache.xerces.internal.util.NamespaceSupport.getURI (0x000074dd1fb6e888) [0x000074dd1fb6e980, 0x000074dd1fb6ec70] 
[3,543s][debug][gc,nmethod     ] GC(1) O: Purge NMethod: io.sirix.access.trx.node.AbstractNodeReadOnlyTrx.hasFirstChild (0x000074dd3ed9dd08) [0x000074dd3ed9de00, 0x000074dd3ed9e378] 
[3,543s][debug][gc,nmethod     ] GC(1) O: Purge NMethod: io.sirix.access.trx.node.xml.XmlDeweyIDManager.newAttributeID (0x000074dd1fc6d988) [0x000074dd1fc6da80, 0x000074dd1fc71ca8] 
[3,543s][debug][gc,nmethod     ] GC(1) O: Purge NMethod: jdk.internal.classfile.impl.StackMapGenerator$Frame.checkLocal (0x000074dd1f56aa88) [0x000074dd1f56ab80, 0x000074dd1f56b7d8] 
[3,543s][debug][gc,nmethod     ] GC(1) O: Purge NMethod: io.sirix.index.path.summary.PathSummaryReader.moveTo (0x000074dd3eccc508) [0x000074dd3eccc600, 0x000074dd3eccc840] 
[3,543s][debug][gc,nmethod     ] GC(1) O: Purge NMethod: java.nio.ByteBuffer.arrayOffset (0x000074dd1f607508) [0x000074dd1f607600, 0x000074dd1f6078e0] 
[3,543s][debug][gc,nmethod     ] GC(1) O: Purge NMethod: java.util.concurrent.locks.ReentrantLock.unlock (0x000074dd20191908) [0x000074dd20191a00, 0x000074dd20192018] 
[3,543s][debug][gc,nmethod     ] GC(1) O: Purge NMethod: jdk.internal.foreign.AbstractMemorySegmentImpl.asSlice (0x000074dd3ec4a788) [0x000074dd3ec4a880, 0x000074dd3ec4aa68] 
[3,543s][debug][gc,nmethod     ] GC(1) O: Purge NMethod: java.lang.String.encodeUTF8 (0x000074dd1fea0f88) [0x000074dd1fea1080, 0x000074dd1fea1708] 
[3,543s][debug][gc,nmethod     ] GC(1) O: Purge NMethod: jdk.internal.util.Preconditions.checkFromIndexSize (0x000074dd1f454c88) [0x000074dd1f454d80, 0x000074dd1f454f18] 
[3,543s][debug][gc,nmethod     ] GC(1) O: Purge NMethod: java.lang.invoke.DirectMethodHandle.allocateInstance (0x000074dd1f5bc388) [0x000074dd1f5bc480, 0x000074dd1f5bc9a0] 
[3,543s][debug][gc,nmethod     ] GC(1) O: Purge NMethod: java.lang.Class.getSimpleName (0x000074dd1fdf7c88) [0x000074dd1fdf7d80, 0x000074dd1fdf7fe0] 
[3,543s][debug][gc,nmethod     ] GC(1) O: Purge NMethod: java.net.URL.<init> (0x000074dd1f5c8088) [0x000074dd1f5c8180, 0x000074dd1f5ce898] 
[3,543s][debug][gc,nmethod     ] GC(1) O: Purge NMethod: io.sirix.access.trx.node.xml.XmlNodeTrxImpl.adaptForInsert (0x000074dd3ed08a08) [0x000074dd3ed08b00, 0x000074dd3ed0e370] 
[3,543s][debug][gc,nmethod     ] GC(1) O: Purge NMethod: io.sirix.node.GrowingMemorySegment.getUsedSegment (0x000074dd1fa2d908) [0x000074dd1fa2da00, 0x000074dd1fa2dff0] 
[3,543s][debug][gc,nmethod     ] GC(1) O: Purge NMethod: io.sirix.node.xml.ElementNode.hasLeftSibling (0x000074dd20041a08) [0x000074dd20041b00, 0x000074dd20046f38] 
[3,543s][debug][gc,nmethod     ] GC(1) O: Purge NMethod: io.sirix.cache.LinuxMemorySegmentAllocator.partitionVirtualRegion (0x000074dd3ec79308) [0x000074dd3ec79400, 0x000074dd3ec7a368] 
[3,543s][debug][gc,nmethod     ] GC(1) O: Purge NMethod: io.sirix.query.node.SubtreeProcessor.notifyStartElement (0x000074dd1fbc6008) [0x000074dd1fbc6100, 0x000074dd1fbc6b60] 
[3,543s][debug][gc,nmethod     ] GC(1) O: Purge NMethod: io.sirix.axis.filter.FilterAxis.<init> (0x000074dd1ff94e08) [0x000074dd1ff94f00, 0x000074dd1ff97a88] 
[3,543s][debug][gc,nmethod     ] GC(1) O: Purge NMethod: com.sun.org.apache.xerces.internal.util.AugmentationsImpl$SmallContainer.clear (0x000074dd1fc56488) [0x000074dd1fc56580, 0x000074dd1fc56d00] 
[3,543s][debug][gc,nmethod     ] GC(1) O: Purge NMethod: java.util.BitSet.and (0x000074dd20009908) [0x000074dd20009a00, 0x000074dd20009e50] 
[3,543s][debug][gc,nmethod     ] GC(1) O: Purge NMethod: io.sirix.node.immutable.xml.ImmutableElement.getPathNodeKey (0x000074dd1fb84b08) [0x000074dd1fb84c00, 0x000074dd1fb89e48] 
[3,543s][debug][gc,nmethod     ] GC(1) O: Purge NMethod: com.sun.org.apache.xerces.internal.impl.XMLEntityScanner.scanLiteral (0x000074dd1fc52888) [0x000074dd1fc52980, 0x000074dd1fc53bc8] 
[3,543s][debug][gc,nmethod     ] GC(1) O: Purge NMethod: java.lang.String.encodeUTF8 (0x000074dd3ecda988) [0x000074dd3ecdaa80, 0x000074dd3ecdac38] 
[3,543s][debug][gc,nmethod     ] GC(1) O: Purge NMethod: io.sirix.access.trx.node.xml.XmlNodeReadOnlyTrxImpl.isElement (0x000074dd1fbde308) [0x000074dd1fbde400, 0x000074dd1fbdeea8] 
[3,543s][debug][gc,nmethod     ] GC(1) O: Purge NMethod: io.sirix.axis.AbstractAxis.<init> (0x000074dd3ee04208) [0x000074dd3ee04300, 0x000074dd3ee04a90] 
[3,543s][debug][gc,nmethod     ] GC(1) O: Purge NMethod: jdk.internal.classfile.impl.StackMapGenerator$Type.referenceType (0x000074dd1f568888) [0x000074dd1f568980, 0x000074dd1f568c50] 
[3,543s][debug][gc,nmethod     ] GC(1) O: Purge NMethod: java.util.concurrent.locks.ReentrantLock$NonfairSync.initialTryLock (0x000074dd1fa26388) [0x000074dd1fa26480, 0x000074dd1fa27170] 
[3,543s][debug][gc,nmethod     ] GC(1) O: Purge NMethod: jdk.internal.foreign.SegmentFactories.allocateNativeSegment (0x000074dd1fa8d288) [0x000074dd1fa8d380, 0x000074dd1fa8d940] 
[3,543s][debug][gc,nmethod     ] GC(1) O: Purge NMethod: java.util.concurrent.ForkJoinPool.deactivate (0x000074dd1ff0ff08) [0x000074dd1ff10000, 0x000074dd1ff10aa8] 
[3,543s][debug][gc,nmethod     ] GC(1) O: Purge NMethod: io.sirix.node.xml.ElementNode.<init> (0x000074dd1ffa4c08) [0x000074dd1ffa4d00, 0x000074dd1ffa5000] 
[3,543s][debug][gc,nmethod     ] GC(1) O: Purge NMethod: io.sirix.node.NodeKind$2.serialize (0x000074dd1fe3a488) [0x000074dd1fe3a580, 0x000074dd1fe5ef00] 
[3,543s][debug][gc,nmethod     ] GC(1) O: Purge NMethod: java.lang.invoke.MemberName.getMethodType (0x000074dd1f46bf88) [0x000074dd1f46c080, 0x000074dd1f46e578] 
[3,543s][debug][gc,nmethod     ] GC(1) O: Purge NMethod: java.nio.ByteBuffer.wrap (0x000074dd1ff11a88) [0x000074dd1ff11b80, 0x000074dd1ff11ca0] 
[3,543s][debug][gc,nmethod     ] GC(1) O: Purge NMethod: io.sirix.page.KeyValueLeafPage.setData (0x000074dd1ff21108) [0x000074dd1ff21200, 0x000074dd1ff46540] 
[3,543s][debug][gc,nmethod     ] GC(1) O: Purge NMethod: io.sirix.access.trx.node.xml.XmlNodeTrxImpl.nodeReadOnlyTrxDelegate (0x000074dd1f9da808) [0x000074dd1f9da900, 0x000074dd1f9dac50] 
[3,543s][debug][gc,nmethod     ] GC(1) O: Purge NMethod: io.sirix.node.xml.TextNode.getRightSiblingKey (0x000074dd1fa3b188) [0x000074dd1fa3b280, 0x000074dd1fa40270] 
[3,543s][debug][gc,nmethod     ] GC(1) O: Purge NMethod: jdk.internal.foreign.SegmentFactories.allocateNativeInternal (0x000074dd1fa98008) [0x000074dd1fa98100, 0x000074dd1fa9b558] 
[3,543s][debug][gc,nmethod     ] GC(1) O: Purge NMethod: net.openhft.hashing.UnsafeAccess.byteOrder (0x000074dd1faa9c08) [0x000074dd1faa9d00, 0x000074dd1faa9e60] 
[3,543s][debug][gc,nmethod     ] GC(1) O: Purge NMethod: java.util.Objects.checkFromIndexSize (0x000074dd1f47d188) [0x000074dd1f47d280, 0x000074dd1f47d478] 
[3,543s][debug][gc,nmethod     ] GC(1) O: Purge NMethod: java.lang.StringLatin1.inflate (0x000074dd1f89f388) [0x000074dd1f89f480, 0x000074dd1f89f670] 
[3,543s][debug][gc,nmethod     ] GC(1) O: Purge NMethod: java.util.concurrent.ForkJoinPool.deactivate (0x000074dd1fe8f808) [0x000074dd1fe8f900, 0x000074dd1fe90618] 
[3,543s][debug][gc,nmethod     ] GC(1) O: Purge NMethod: io.sirix.access.trx.page.NodePageReadOnlyTrx.getPageReference (0x000074dd1fea9388) [0x000074dd1fea9480, 0x000074dd1feb2538] 
[3,544s][debug][gc,nmethod     ] GC(1) O: Purge NMethod: jdk.internal.misc.ScopedMemoryAccess.getShortUnaligned (0x000074dd1f76ad08) [0x000074dd1f76ae00, 0x000074dd1f76b338] 
[3,544s][debug][gc,nmethod     ] GC(1) O: Purge NMethod: io.sirix.node.xml.ElementNode.getAttributeCount (0x000074dd1fc50388) [0x000074dd1fc50480, 0x000074dd1fc50610] 
[3,544s][debug][gc,nmethod     ] GC(1) O: Purge NMethod: jdk.internal.misc.Unsafe.weakCompareAndSetLongRelease (0x000074dd20006788) [0x000074dd20006880, 0x000074dd200069a0] 
[3,544s][debug][gc,nmethod     ] GC(1) O: Purge NMethod: io.sirix.access.trx.node.xml.XmlNodeReadOnlyTrxImpl.getNode (0x000074dd3ecd9a88) [0x000074dd3ecd9b80, 0x000074dd3ecd9d60] 
[3,544s][debug][gc,nmethod     ] GC(1) O: Purge NMethod: java.lang.Math.clamp (0x000074dd1f575e88) [0x000074dd1f575f80, 0x000074dd1f577048] 
[3,544s][debug][gc,nmethod     ] GC(1) O: Purge NMethod: net.openhft.hashing.XXH3$AsLongHashFunction.hash (0x000074dd1fab8088) [0x000074dd1fab8180, 0x000074dd1fab89d0] 
[3,544s][debug][gc,nmethod     ] GC(1) O: Purge NMethod: sun.security.provider.DigestBase.implCompressMultiBlock0 (0x000074dd1fe60008) [0x000074dd1fe60100, 0x000074dd1fe604d0] 
[3,544s][debug][gc,nmethod     ] GC(1) O: Purge NMethod: java.util.concurrent.ConcurrentHashMap.addCount (0x000074dd3ec34b08) [0x000074dd3ec34c00, 0x000074dd3ec360e0] 
[3,544s][debug][gc,nmethod     ] GC(1) O: Purge NMethod: io.sirix.node.NodeKind$4.serialize (0x000074dd1fd51c08) [0x000074dd1fd51d00, 0x000074dd1fd6c478] 
[3,544s][debug][gc,nmethod     ] GC(1) O: Purge NMethod: io.sirix.index.path.summary.PathSummaryReader.getNodeKey (0x000074dd2001c108) [0x000074dd2001c200, 0x000074dd2001c6b0] 
[3,544s][debug][gc,nmethod     ] GC(1) O: Purge NMethod: java.net.URLStreamHandler.setURL (0x000074dd1f5c6308) [0x000074dd1f5c6400, 0x000074dd1f5c8038] 
[3,544s][debug][gc,nmethod     ] GC(1) O: Purge NMethod: io.sirix.page.KeyValueLeafPage.setSlot (0x000074dd1fd95608) [0x000074dd1fd95700, 0x000074dd1fd95888] 
[3,544s][debug][gc,nmethod     ] GC(1) O: Purge NMethod: java.lang.AbstractStringBuilder.ensureCapacityNewCoder (0x000074dd1f476c08) [0x000074dd1f476d00, 0x000074dd1f477010] 
[3,544s][debug][gc,nmethod     ] GC(1) O: Purge NMethod: jdk.internal.foreign.ImplicitSession.<init> (0x000074dd1fa96f88) [0x000074dd1fa97080, 0x000074dd1fa97710] 
[3,544s][debug][gc,nmethod     ] GC(1) O: Purge NMethod: jdk.internal.foreign.SegmentFactories.allocateNativeInternal (0x000074dd3ecf0f88) [0x000074dd3ecf10a0, 0x000074dd3ecf1960] 
[3,544s][debug][gc,nmethod     ] GC(1) O: Purge NMethod: com.sun.org.apache.xerces.internal.parsers.AbstractSAXParser.startElement (0x000074dd1fb9ec88) [0x000074dd1fb9ed80, 0x000074dd1fba1068] 
[3,544s][debug][gc,nmethod     ] GC(1) O: Purge NMethod: io.sirix.access.trx.page.NodePageTrx.getMostRecentPageContainer (0x000074dd1febb888) [0x000074dd1febb980, 0x000074dd1febbfb0] 
[3,544s][debug][gc,nmethod     ] GC(1) O: Purge NMethod: com.sun.org.apache.xerces.internal.impl.XMLEntityScanner.skipSpaces (0x000074dd3ed23f08) [0x000074dd3ed24000, 0x000074dd3ed24568] 
[3,544s][debug][gc,nmethod     ] GC(1) O: Purge NMethod: io.sirix.index.path.summary.PathNode.getURIKey (0x000074dd1fed5608) [0x000074dd1fed5700, 0x000074dd1fed5860] 
[3,544s][debug][gc,nmethod     ] GC(1) O: Purge NMethod: java.lang.Class.cast (0x000074dd1f562988) [0x000074dd1f562a80, 0x000074dd1f562ed8] 
[3,544s][debug][gc,nmethod     ] GC(1) O: Purge NMethod: io.sirix.node.SirixDeweyID.toBytes (0x000074dd1fda2f88) [0x000074dd1fda3080, 0x000074dd1fda31e8] 
[3,544s][debug][gc,nmethod     ] GC(1) O: Purge NMethod: com.sun.org.apache.xerces.internal.impl.XMLEntityScanner.scanChar (0x000074dd1fb50188) [0x000074dd1fb50280, 0x000074dd1fb50ca8] 
[3,544s][debug][gc,nmethod     ] GC(1) O: Purge NMethod: org.magicwerk.brownies.collections.GapList.get (0x000074dd20003688) [0x000074dd20003780, 0x000074dd20005178] 
[3,544s][debug][gc,nmethod     ] GC(1) O: Purge NMethod: io.sirix.page.PathSummaryPage.getMaxNodeKey (0x000074dd1fcc9408) [0x000074dd1fcc9500, 0x000074dd1fcc96b8] 
[3,544s][debug][gc,nmethod     ] GC(1) O: Purge NMethod: java.nio.MappedByteBuffer.limit (0x000074dd1fafb408) [0x000074dd1fafb500, 0x000074dd1fafb8c0] 
[3,544s][debug][gc,nmethod     ] GC(1) O: Purge NMethod: io.sirix.page.PageReference.hashCode (0x000074dd1fcf9108) [0x000074dd1fcf9200, 0x000074dd1fcfa280] 
[3,544s][debug][gc,nmethod     ] GC(1) O: Purge NMethod: io.sirix.node.MemorySegmentBytesOut.<init> (0x000074dd1faa2808) [0x000074dd1faa2900, 0x000074dd1faa36d0] 
[3,544s][debug][gc,nmethod     ] GC(1) O: Purge NMethod: com.sun.org.apache.xerces.internal.util.NamespaceSupport.pushContext (0x000074dd3ed96d08) [0x000074dd3ed96e00, 0x000074dd3ed96f40] 
[3,544s][debug][gc,nmethod     ] GC(1) O: Purge NMethod: io.sirix.access.trx.page.NodePageTrx.lambda$getPageContainer$0 (0x000074dd1fec0788) [0x000074dd1fec0880, 0x000074dd1fec1778] 
[3,544s][debug][gc,nmethod     ] GC(1) O: Purge NMethod: com.sun.org.apache.xerces.internal.impl.XMLEntityScanner.scanContent (0x000074dd1fce6508) [0x000074dd1fce6600, 0x000074dd1fce7578] 
[3,544s][debug][gc,nmethod     ] GC(1) O: Purge NMethod: io.sirix.axis.AbstractAxis.hasNext (0x000074dd1fa29d08) [0x000074dd1fa29e00, 0x000074dd1fa2a8c8] 
[3,544s][debug][gc,nmethod     ] GC(1) O: Purge NMethod: java.util.Arrays.fill (0x000074dd1f5ce908) [0x000074dd1f5cea00, 0x000074dd1f5cee28] 
[3,544s][debug][gc,nmethod     ] GC(1) O: Purge NMethod: java.lang.StringLatin1.compareTo (0x000074dd1f801c88) [0x000074dd1f801d80, 0x000074dd1f801eb0] 
[3,544s][debug][gc,nmethod     ] GC(1) O: Purge NMethod: io.sirix.access.trx.page.NodePageTrx.getName (0x000074dd1fed6108) [0x000074dd1fed6200, 0x000074dd1fed8568] 
[3,544s][debug][gc,nmethod     ] GC(1) O: Purge NMethod: net.openhft.hashing.XXH3.XXH3_avalanche (0x000074dd1faa0e88) [0x000074dd1faa0f80, 0x000074dd1faa1090] 
[3,544s][debug][gc,nmethod     ] GC(1) O: Purge NMethod: java.lang.invoke.InvokerBytecodeGenerator.emitPushArgument (0x000074dd1f698088) [0x000074dd1f698180, 0x000074dd1f69ad48] 
[3,544s][debug][gc,nmethod     ] GC(1) O: Purge NMethod: java.lang.Long.valueOf (0x000074dd1f476708) [0x000074dd1f476800, 0x000074dd1f476b40] 
[3,544s][debug][gc,nmethod     ] GC(1) O: Purge NMethod: jdk.internal.foreign.ArenaImpl.allocate (0x000074dd3ece3108) [0x000074dd3ece3200, 0x000074dd3ece3b38] 
[3,544s][debug][gc,nmethod     ] GC(1) O: Purge NMethod: io.sirix.node.xml.ElementNode.getChildCount (0x000074dd1fa72908) [0x000074dd1fa72a00, 0x000074dd1fa76408] 
[3,544s][debug][gc,nmethod     ] GC(1) O: Purge NMethod: io.sirix.axis.AbstractAxis.nextLong (0x000074dd3ecd5688) [0x000074dd3ecd5780, 0x000074dd3ecd5d78] 
[3,544s][debug][gc,nmethod     ] GC(1) O: Purge NMethod: java.lang.Long.numberOfTrailingZeros (0x000074dd1fe8e988) [0x000074dd1fe8ea80, 0x000074dd1fe8ec28] 
[3,544s][debug][gc,nmethod     ] GC(1) O: Purge NMethod: io.sirix.access.trx.page.NodePageReadOnlyTrx.assertNotClosed (0x000074dd1f98d888) [0x000074dd1f98d980, 0x000074dd1f98db98] 
[3,544s][debug][gc,nmethod     ] GC(1) O: Purge NMethod: io.sirix.axis.AbstractAxis.<init> (0x000074dd1fadaf88) [0x000074dd1fadb080, 0x000074dd1fadbad0] 
[3,544s][debug][gc,nmethod     ] GC(1) O: Purge NMethod: java.lang.Long.hashCode (0x000074dd1f51ef88) [0x000074dd1f51f080, 0x000074dd1f51f170] 
[3,544s][debug][gc,nmethod     ] GC(1) O: Purge NMethod: java.util.Arrays.fill (0x000074dd1f534788) [0x000074dd1f534880, 0x000074dd1f534a08] 
[3,544s][debug][gc,nmethod     ] GC(1) O: Purge NMethod: com.sun.org.apache.xerces.internal.impl.XMLEntityScanner.checkEntityLimit (0x000074dd1f9ef708) [0x000074dd1f9ef800, 0x000074dd1f9efaf8] 
[3,544s][debug][gc,nmethod     ] GC(1) O: Purge NMethod: io.sirix.access.trx.page.NodePageTrx.createRecord (0x000074dd1fa46a88) [0x000074dd1fa46b80, 0x000074dd1fa4cfd8] 
[3,544s][debug][gc,nmethod     ] GC(1) O: Purge NMethod: java.lang.invoke.VarHandleReferences$FieldInstanceReadWrite.set (0x000074dd1f46ae08) [0x000074dd1f46af00, 0x000074dd1f46bf28] 
[3,544s][debug][gc,nmethod     ] GC(1) O: Purge NMethod: java.nio.ByteBuffer.<init> (0x000074dd1fadbb08) [0x000074dd1fadbc00, 0x000074dd1fadbd48] 
[3,544s][debug][gc,nmethod     ] GC(1) O: Purge NMethod: jdk.internal.foreign.AbstractMemorySegmentImpl$$Lambda/0x000000006924fe48.apply (0x000074dd1fda8408) [0x000074dd1fda8500, 0x000074dd1fda8680] 
[3,544s][debug][gc,nmethod     ] GC(1) O: Purge NMethod: java.util.HashMap.computeIfAbsent (0x000074dd1f52fc88) [0x000074dd1f52fd80, 0x000074dd1f532588] 
[3,544s][debug][gc,nmethod     ] GC(1) O: Purge NMethod: io.sirix.index.path.summary.PathSummaryWriter.getPathNodeKey (0x000074dd1fb7d588) [0x000074dd1fb7d680, 0x000074dd1fb814f8] 
[3,544s][debug][gc,nmethod     ] GC(1) O: Purge NMethod: io.sirix.node.delegates.NodeDelegate.<init> (0x000074dd1fccad88) [0x000074dd1fccae80, 0x000074dd1fccb3d8] 
[3,544s][debug][gc,nmethod     ] GC(1) O: Purge NMethod: io.sirix.index.path.summary.PathSummaryReader.moveTo (0x000074dd3edf9b88) [0x000074dd3edf9c80, 0x000074dd3edfa648] 
[3,544s][debug][gc,nmethod     ] GC(1) O: Purge NMethod: io.sirix.node.xml.ElementNode.hasLeftSibling (0x000074dd1fb22388) [0x000074dd1fb22480, 0x000074dd1fb278b8] 
[3,544s][debug][gc,nmethod     ] GC(1) O: Purge NMethod: io.sirix.index.path.summary.PathNode.getLocalNameKey (0x000074dd1fac5408) [0x000074dd1fac5500, 0x000074dd1fac5660] 
[3,544s][debug][gc,nmethod     ] GC(1) O: Purge NMethod: io.sirix.access.trx.node.xml.XmlNodeReadOnlyTrxImpl.getNode (0x000074dd20019f08) [0x000074dd2001a000, 0x000074dd2001a2f8] 
[3,544s][debug][gc,nmethod     ] GC(1) O: Purge NMethod: org.magicwerk.brownies.collections.GapList.get (0x000074dd1fa01a88) [0x000074dd1fa01b80, 0x000074dd1fa03578] 
[3,544s][debug][gc,nmethod     ] GC(1) O: Purge NMethod: jdk.internal.classfile.impl.BufWriterImpl.patchInt (0x000074dd1f5fd508) [0x000074dd1f5fd600, 0x000074dd1f5fd7e0] 
[3,544s][debug][gc,nmethod     ] GC(1) O: Purge NMethod: io.brackit.query.node.parser.SAX2SubtreeHandlerAdapter.characters (0x000074dd3ed10108) [0x000074dd3ed10200, 0x000074dd3ed108b0] 
[3,544s][debug][gc,nmethod     ] GC(1) O: Purge NMethod: jdk.internal.foreign.SegmentFactories.fromArray (0x000074dd1fd9fe88) [0x000074dd1fd9ff80, 0x000074dd1fda0a80] 
[3,544s][debug][gc,nmethod     ] GC(1) O: Purge NMethod: io.sirix.cache.IndexLogKey.equals (0x000074dd3ecca208) [0x000074dd3ecca300, 0x000074dd3ecca4a8] 
[3,544s][debug][gc,nmethod     ] GC(1) O: Purge NMethod: jdk.internal.foreign.HeapMemorySegmentImpl$OfByte.unsafeGetOffset (0x000074dd1fd9f708) [0x000074dd1fd9f800, 0x000074dd1fd9f918] 
[3,544s][debug][gc,nmethod     ] GC(1) O: Purge NMethod: io.sirix.access.trx.node.xml.XmlNodeReadOnlyTrxImpl.isNameNode (0x000074dd1ff9b008) [0x000074dd1ff9b100, 0x000074dd1ff9b950] 
[3,544s][debug][gc,nmethod     ] GC(1) O: Purge NMethod: it.unimi.dsi.fastutil.ints.Int2IntOpenHashMap.put (0x000074dd3ed1c608) [0x000074dd3ed1c700, 0x000074dd3ed1c9f8] 
[3,544s][debug][gc,nmethod     ] GC(1) O: Purge NMethod: jdk.internal.ref.CleanerImpl$CleanableList.insert (0x000074dd1f4de808) [0x000074dd1f4de900, 0x000074dd1f4df380] 
[3,544s][debug][gc,nmethod     ] GC(1) O: Purge NMethod: io.sirix.access.trx.node.xml.XmlNodeTrxImpl.insertTextAsRightSibling (0x000074dd1fbf5a88) [0x000074dd1fbf5b80, 0x000074dd1fc045d8] 
[3,544s][debug][gc,nmethod     ] GC(1) O: Purge NMethod: java.lang.Integer.valueOf (0x000074dd1f52b008) [0x000074dd1f52b100, 0x000074dd1f52b418] 
[3,544s][debug][gc,nmethod     ] GC(1) O: Purge NMethod: com.sun.org.apache.xerces.internal.impl.XMLDocumentFragmentScannerImpl.getString (0x000074dd1fc56d08) [0x000074dd1fc56e00, 0x000074dd1fc57a30] 
[3,544s][debug][gc,nmethod     ] GC(1) O: Purge NMethod: io.sirix.query.node.XmlDBNode.<init> (0x000074dd1fabf408) [0x000074dd1fabf500, 0x000074dd1fac0d90] 
[3,544s][debug][gc,nmethod     ] GC(1) O: Purge NMethod: io.sirix.access.trx.node.xml.ForwardingXmlNodeReadOnlyTrx.getResourceSession (0x000074dd1fabdb88) [0x000074dd1fabdc80, 0x000074dd1fabe278] 
[3,544s][debug][gc,nmethod     ] GC(1) O: Purge NMethod: com.sun.org.apache.xerces.internal.impl.XMLEntityScanner.skipString (0x000074dd3ecfde88) [0x000074dd3ecfdf80, 0x000074dd3ecfec48] 
[3,544s][debug][gc,nmethod     ] GC(1) O: Purge NMethod: com.sun.org.apache.xerces.internal.impl.XMLDocumentFragmentScannerImpl.scanDocument (0x000074dd1fd0d408) [0x000074dd1fd0d500, 0x000074dd1fd100f8] 
[3,544s][debug][gc,nmethod     ] GC(1) O: Purge NMethod: java.util.stream.AbstractPipeline.sourceSpliterator (0x000074dd1f402408) [0x000074dd1f402500, 0x000074dd1f403fc8] 
[3,544s][debug][gc,nmethod     ] GC(1) O: Purge NMethod: io.sirix.cache.LinuxMemorySegmentAllocator.partitionVirtualRegion (0x000074dd1f419008) [0x000074dd1f419100, 0x000074dd1f41a080] 
[3,544s][debug][gc,nmethod     ] GC(1) O: Purge NMethod: java.util.ArrayDeque.isEmpty (0x000074dd1fb07288) [0x000074dd1fb07380, 0x000074dd1fb074d0] 
[3,544s][debug][gc,nmethod     ] GC(1) O: Purge NMethod: io.brackit.query.node.parser.SAX2SubtreeHandlerAdapter$TrimmingStringBuilder.append (0x000074dd3ed10908) [0x000074dd3ed10a00, 0x000074dd3ed11030] 
[3,544s][debug][gc,nmethod     ] GC(1) O: Purge NMethod: jdk.internal.classfile.impl.StackMapGenerator.of (0x000074dd1f716b08) [0x000074dd1f716c00, 0x000074dd1f718170] 
[3,544s][debug][gc,nmethod     ] GC(1) O: Purge NMethod: jdk.internal.foreign.Utils.checkNonNegativeIndex (0x000074dd1fa41b88) [0x000074dd1fa41c80, 0x000074dd1fa42e48] 
[3,544s][debug][gc,nmethod     ] GC(1) O: Purge NMethod: java.util.concurrent.ConcurrentHashMap$Traverser.advance (0x000074dd1f683f08) [0x000074dd1f684000, 0x000074dd1f6850f8] 
[3,544s][debug][gc,nmethod     ] GC(1) O: Purge NMethod: io.sirix.access.trx.node.AbstractNodeHashing.rollingAdd (0x000074dd1faa4788) [0x000074dd1faa4880, 0x000074dd1faa9be0] 
[3,544s][debug][gc,nmethod     ] GC(1) O: Purge NMethod: jdk.internal.foreign.ConfinedSession$ConfinedResourceList.add (0x000074dd1fd8d788) [0x000074dd1fd8d880, 0x000074dd1fd8dc48] 
[3,544s][debug][gc,nmethod     ] GC(1) O: Purge NMethod: io.sirix.axis.filter.FilterAxis.<init> (0x000074dd3ed20688) [0x000074dd3ed20780, 0x000074dd3ed21898] 
[3,544s][debug][gc,nmethod     ] GC(1) O: Purge NMethod: java.lang.ClassLoader.getClassLoadingLock (0x000074dd1f4c8608) [0x000074dd1f4c8700, 0x000074dd1f4c8bd0] 
[3,544s][debug][gc,nmethod     ] GC(1) O: Purge NMethod: io.sirix.cache.SegmentAllocators.getIndexForSize (0x000074dd1fcf8488) [0x000074dd1fcf8580, 0x000074dd1fcf8ab8] 
[3,544s][debug][gc,nmethod     ] Register NMethod: java.util.concurrent.ConcurrentHashMap.replaceNode (0x000074dd3ef4fb08) [0x000074dd3ef4fc00, 0x000074dd3ef50c88] Compiler: jvmci, Barriers: 27, Oops: 0, ImmediateOops: 0, NonImmediateOops: No
[3,544s][debug][gc,nmethod     ] GC(1) O: Purge NMethod: io.sirix.node.json.JsonNodeSerializer.writeEndPadding (0x000074dd1fd1ca08) [0x000074dd1fd1cb00, 0x000074dd1fd1cda0] 
[3,544s][debug][gc,nmethod     ] GC(1) O: Purge NMethod: java.util.BitSet.cardinality (0x000074dd1fa09b88) [0x000074dd1fa09c80, 0x000074dd1fa09ee0] 
[3,544s][debug][gc,nmethod     ] GC(1) O: Purge NMethod: io.sirix.cache.IndexLogKey.equals (0x000074dd1fbdbe88) [0x000074dd1fbdbf80, 0x000074dd1fbdc8c8] 
[3,544s][debug][gc,nmethod     ] GC(1) O: Purge NMethod: io.sirix.node.xml.TextNode.<init> (0x000074dd1fb41f08) [0x000074dd1fb42000, 0x000074dd1fb42820] 
[3,544s][debug][gc,nmethod     ] GC(1) O: Purge NMethod: io.sirix.node.NodeSerializerImpl.writeDeweyID (0x000074dd1fdf5388) [0x000074dd1fdf5480, 0x000074dd1fdf57a0] 
[3,544s][debug][gc,nmethod     ] GC(1) O: Purge NMethod: java.lang.StringUTF16.compress (0x000074dd1feed888) [0x000074dd1feed980, 0x000074dd1feedbb0] 
[3,544s][debug][gc,nmethod     ] GC(1) O: Purge NMethod: io.sirix.axis.filter.FilterAxis.nextKey (0x000074dd3ed00a88) [0x000074dd3ed00b80, 0x000074dd3ed04f30] 
[3,544s][debug][gc,nmethod     ] GC(1) O: Purge NMethod: java.lang.StringConcatHelper.newArrayWithSuffix (0x000074dd1f4ea708) [0x000074dd1f4ea800, 0x000074dd1f4eb750] 
[3,544s][debug][gc,nmethod     ] GC(1) O: Purge NMethod: io.sirix.page.KeyValueLeafPage.getDeweyId (0x000074dd3ec9e688) [0x000074dd3ec9e780, 0x000074dd3ec9e8b8] 
[3,544s][debug][gc,nmethod     ] GC(1) O: Purge NMethod: java.lang.String.<init> (0x000074dd1fbb6308) [0x000074dd1fbb6400, 0x000074dd1fbb6628] 
[3,544s][debug][gc,nmethod     ] GC(1) O: Purge NMethod: sun.security.provider.DigestBase.engineUpdate (0x000074dd20079488) [0x000074dd20079580, 0x000074dd2007a760] 
[3,544s][debug][gc,nmethod     ] GC(1) O: Purge NMethod: io.sirix.page.KeyValueLeafPage.processEntries (0x000074dd20074388) [0x000074dd20074480, 0x000074dd200778a0] 
[3,544s][debug][gc,nmethod     ] GC(1) O: Purge NMethod: io.sirix.access.trx.node.AbstractNodeReadOnlyTrx.moveTo (0x000074dd3ecb8b88) [0x000074dd3ecb8c80, 0x000074dd3ecb9768] 
[3,544s][debug][gc,nmethod     ] GC(1) O: Purge NMethod: java.nio.Buffer.limit (0x000074dd1f402088) [0x000074dd1f402180, 0x000074dd1f4023f0] 
[3,544s][debug][gc,nmethod     ] GC(1) O: Purge NMethod: com.sun.org.apache.xerces.internal.impl.XMLDocumentFragmentScannerImpl.scanEndElement (0x000074dd1fc14608) [0x000074dd1fc14700, 0x000074dd1fc15e28] 
[3,544s][debug][gc,nmethod     ] GC(1) O: Purge NMethod: java.lang.classfile.CodeBuilder.invoke (0x000074dd1f778308) [0x000074dd1f778400, 0x000074dd1f778b98] 
[3,544s][debug][gc,nmethod     ] GC(1) O: Purge NMethod: io.sirix.access.trx.page.NodePageTrx.prepareRecordForModification (0x000074dd1fc12608) [0x000074dd1fc12700, 0x000074dd1fc14588] 
[3,544s][debug][gc,nmethod     ] GC(1) O: Purge NMethod: io.brackit.query.atomic.AbstractAtomic.<init> (0x000074dd1fa43188) [0x000074dd1fa43280, 0x000074dd1fa43498] 
[3,544s][debug][gc,nmethod     ] GC(1) O: Purge NMethod: io.sirix.page.AbstractForwardingPage.getOrCreateReference (0x000074dd1fa09f08) [0x000074dd1fa0a000, 0x000074dd1fa0a510] 
[3,544s][debug][gc,nmethod     ] GC(1) O: Purge NMethod: it.unimi.dsi.fastutil.ints.Int2IntOpenHashMap.put (0x000074dd1fb51908) [0x000074dd1fb51a00, 0x000074dd1fb51c68] 
[3,544s][debug][gc,nmethod     ] GC(1) O: Purge NMethod: io.sirix.access.trx.node.xml.ForwardingXmlNodeReadOnlyTrx.getNodeKey (0x000074dd1fa31488) [0x000074dd1fa31580, 0x000074dd1fa31b78] 
[3,544s][debug][gc,nmethod     ] GC(1) O: Purge NMethod: java.util.ArrayDeque.pollFirst (0x000074dd1f505a88) [0x000074dd1f505b80, 0x000074dd1f5060e0] 
[3,544s][debug][gc,nmethod     ] GC(1) O: Purge NMethod: java.lang.invoke.VarHandleSegmentAsBytes.get (0x000074dd1fe7d608) [0x000074dd1fe7d700, 0x000074dd1fe82988] 
[3,544s][debug][gc,nmethod     ] GC(1) O: Purge NMethod: it.unimi.dsi.fastutil.ints.Int2IntOpenHashMap.put (0x000074dd1fe9ff88) [0x000074dd1fea0080, 0x000074dd1fea02e8] 
[3,544s][debug][gc,nmethod     ] GC(1) O: Purge NMethod: io.sirix.node.xml.AbstractStructForwardingNode.getRightSiblingKey (0x000074dd1fb2ba88) [0x000074dd1fb2bb80, 0x000074dd1fb2beb0] 
[3,544s][debug][gc,nmethod     ] GC(1) O: Purge NMethod: java.util.concurrent.ForkJoinPool$WorkQueue.unlockPhase (0x000074dd2000b088) [0x000074dd2000b180, 0x000074dd2000b290] 
[3,544s][debug][gc,nmethod     ] GC(1) O: Purge NMethod: io.sirix.access.trx.node.xml.XmlNodeReadOnlyTrxImpl.getNameNode (0x000074dd1fc0ca08) [0x000074dd1fc0cb00, 0x000074dd1fc0d348] 
[3,544s][debug][gc,nmethod     ] GC(1) O: Purge NMethod: jdk.internal.foreign.layout.ValueLayouts$OfByteImpl.withOrder (0x000074dd1fdff488) [0x000074dd1fdff580, 0x000074dd1fdff8d0] 
[3,544s][debug][gc,nmethod     ] GC(1) O: Purge NMethod: io.sirix.access.trx.page.NodePageTrx.getMostRecentPageContainer (0x000074dd3ecb4188) [0x000074dd3ecb4280, 0x000074dd3ecb4698] 
[3,544s][debug][gc,nmethod     ] GC(1) O: Purge NMethod: io.sirix.node.xml.ElementNode.hasRightSibling (0x000074dd3ed05988) [0x000074dd3ed05a80, 0x000074dd3ed05ed8] 
[3,544s][debug][gc,nmethod     ] GC(1) O: Purge NMethod: com.sun.org.apache.xerces.internal.util.SymbolTable.addSymbol (0x000074dd3ecde208) [0x000074dd3ecde300, 0x000074dd3ecdeb80] 
[3,544s][debug][gc,nmethod     ] GC(1) O: Purge NMethod: java.util.LinkedHashMap.afterNodeAccess (0x000074dd1fb83608) [0x000074dd1fb83700, 0x000074dd1fb847b0] 
[3,544s][debug][gc,nmethod     ] GC(1) O: Purge NMethod: com.sun.org.apache.xerces.internal.parsers.AbstractSAXParser.characters (0x000074dd3ed11a08) [0x000074dd3ed11b00, 0x000074dd3ed122c0] 
[3,544s][debug][gc,nmethod     ] GC(1) O: Purge NMethod: io.sirix.access.trx.node.AbstractNodeHashing.adaptHashesWithAdd (0x000074dd1fab5308) [0x000074dd1fab5400, 0x000074dd1fab58d8] 
[3,544s][debug][gc,nmethod     ] GC(1) O: Purge NMethod: io.sirix.node.xml.AttributeNode.<init> (0x000074dd1fc72008) [0x000074dd1fc72100, 0x000074dd1fc72770] 
[3,544s][debug][gc,nmethod     ] GC(1) O: Purge NMethod: io.sirix.node.xml.TextNode.hasRightSibling (0x000074dd3eceb608) [0x000074dd3eceb700, 0x000074dd3ecebb58] 
[3,544s][debug][gc,nmethod     ] GC(1) O: Purge NMethod: io.sirix.access.trx.page.NodePageTrx.prepareRecordForModification (0x000074dd1f9dd508) [0x000074dd1f9dd600, 0x000074dd1f9df488] 
[3,544s][debug][gc,nmethod     ] GC(1) O: Purge NMethod: io.sirix.index.path.summary.PathSummaryReader.putMapping (0x000074dd1fb4f608) [0x000074dd1fb4f700, 0x000074dd1fb50138] 
[3,544s][debug][gc,nmethod     ] GC(1) O: Purge NMethod: jdk.internal.foreign.layout.ValueLayouts$AbstractValueLayout.<init> (0x000074dd1fda1b08) [0x000074dd1fda1c00, 0x000074dd1fda1fe8] 
[3,544s][debug][gc,nmethod     ] GC(1) O: Purge NMethod: io.sirix.page.delegates.BitmapReferencesPage.getOrCreateReference (0x000074dd1fa25108) [0x000074dd1fa25200, 0x000074dd1fa258b8] 
[3,544s][debug][gc,nmethod     ] GC(1) O: Purge NMethod: sun.security.provider.SHA2.implCompress (0x000074dd1fda4288) [0x000074dd1fda4380, 0x000074dd1fda45d8] 
[3,544s][debug][gc,nmethod     ] GC(1) O: Purge NMethod: java.util.concurrent.atomic.AtomicLong.addAndGet (0x000074dd1fa2e008) [0x000074dd1fa2e100, 0x000074dd1fa2e210] 
[3,544s][debug][gc,nmethod     ] GC(1) O: Purge NMethod: java.lang.StringUTF16.compress (0x000074dd3ec4b108) [0x000074dd3ec4b2c0, 0x000074dd3ec4b718] 
[3,544s][debug][gc,nmethod     ] GC(1) O: Purge NMethod: io.brackit.query.atomic.Una.type (0x000074dd201ebe88) [0x000074dd201ebf80, 0x000074dd201ec088] 
[3,544s][debug][gc,nmethod     ] GC(1) O: Purge NMethod: jdk.internal.foreign.AbstractMemorySegmentImpl.toArray (0x000074dd1fe00608) [0x000074dd1fe00700, 0x000074dd1fe00be0] 
[3,545s][debug][gc,nmethod     ] GC(1) O: Purge NMethod: java.lang.invoke.LambdaForm$Holder.constant_L (0x000074dd1f52bf88) [0x000074dd1f52c080, 0x000074dd1f52c3a0] 
[3,545s][debug][gc,nmethod     ] GC(1) O: Purge NMethod: it.unimi.dsi.fastutil.ints.Int2IntOpenHashMap.find (0x000074dd1fe6c608) [0x000074dd1fe6c700, 0x000074dd1fe6cb68] 
[3,545s][debug][gc,nmethod     ] GC(1) O: Purge NMethod: io.sirix.page.KeyValueLeafPage.findFreeSpaceForSlots (0x000074dd1ff12208) [0x000074dd1ff12300, 0x000074dd1ff12fe0] 
[3,545s][debug][gc,nmethod     ] GC(1) O: Purge NMethod: java.lang.Integer.numberOfLeadingZeros (0x000074dd1f4e7608) [0x000074dd1f4e7700, 0x000074dd1f4e7980] 
[3,545s][debug][gc,nmethod     ] GC(1) O: Purge NMethod: java.lang.ref.Reference.refersToImpl (0x000074dd1f507788) [0x000074dd1f507880, 0x000074dd1f5079b8] 
[3,545s][debug][gc,nmethod     ] GC(1) O: Purge NMethod: io.sirix.access.trx.page.NodePageTrx.getPageContainer (0x000074dd1f9ee488) [0x000074dd1f9ee580, 0x000074dd1f9ef6c0] 
[3,545s][debug][gc,nmethod     ] GC(1) O: Purge NMethod: com.google.common.collect.ForwardingObject.<init> (0x000074dd1fbf2d88) [0x000074dd1fbf2e80, 0x000074dd1fbf2ff0] 
[3,545s][debug][gc,nmethod     ] GC(1) O: Purge NMethod: jdk.internal.foreign.layout.ValueLayouts$OfByteImpl.<init> (0x000074dd1fd9dd88) [0x000074dd1fd9de80, 0x000074dd1fd9dfb8] 
[3,545s][debug][gc,nmethod     ] GC(1) O: Purge NMethod: java.util.concurrent.locks.ReentrantLock.lock (0x000074dd1fa27808) [0x000074dd1fa27900, 0x000074dd1fa280d0] 
[3,545s][debug][gc,nmethod     ] GC(1) O: Purge NMethod: java.util.concurrent.locks.ReentrantLock$Sync.tryRelease (0x000074dd1f9dac88) [0x000074dd1f9dad80, 0x000074dd1f9db880] 
[3,545s][debug][gc,nmethod     ] GC(1) O: Purge NMethod: io.sirix.page.KeyValueLeafPage.getNumberOfNonNullEntries (0x000074dd2000aa08) [0x000074dd2000ab00, 0x000074dd2000b020] 
[3,545s][debug][gc,nmethod     ] GC(1) O: Purge NMethod: jdk.internal.foreign.layout.ValueLayouts$AbstractValueLayout.withOrder (0x000074dd1fda9008) [0x000074dd1fda9100, 0x000074dd1fda9320] 
[3,545s][debug][gc,nmethod     ] GC(1) O: Purge NMethod: io.sirix.access.trx.node.xml.XmlNodeFactoryImpl.createAttributeNode (0x000074dd1fc7df08) [0x000074dd1fc7e000, 0x000074dd1fc80800] 
[3,545s][debug][gc,nmethod     ] GC(1) O: Purge NMethod: java.util.BitSet.nextSetBit (0x000074dd3edd8088) [0x000074dd3edd8180, 0x000074dd3edd8300] 
[3,545s][debug][gc,nmethod     ] GC(1) O: Purge NMethod: io.sirix.index.path.summary.PathSummaryReader.getLevel (0x000074dd1fbe7088) [0x000074dd1fbe7180, 0x000074dd1fbe88f0] 
[3,545s][debug][gc,nmethod     ] GC(1) O: Purge NMethod: io.sirix.query.node.SubtreeBuilder.startElement (0x000074dd1fba1a88) [0x000074dd1fba1b80, 0x000074dd1fba43a0] 
[3,545s][debug][gc,nmethod     ] GC(1) O: Purge NMethod: sun.security.provider.SHA2.implCompress0 (0x000074dd1fda2008) [0x000074dd1fda2100, 0x000074dd1fda2f20] 
[3,545s][debug][gc,nmethod     ] GC(1) O: Purge NMethod: io.sirix.node.xml.ElementNode.hasFirstChild (0x000074dd1fc04608) [0x000074dd1fc04700, 0x000074dd1fc09b38] 
[3,545s][debug][gc,nmethod     ] GC(1) O: Purge NMethod: jdk.internal.classfile.impl.StackMapGenerator$Frame.checkStack (0x000074dd1f4f7c88) [0x000074dd1f4f7d80, 0x000074dd1f4f89c8] 
[3,545s][debug][gc,nmethod     ] GC(1) O: Purge NMethod: jdk.internal.misc.Unsafe.putLongUnaligned (0x000074dd1f94e208) [0x000074dd1f94e300, 0x000074dd1f94e738] 
[3,545s][debug][gc,nmethod     ] GC(1) O: Purge NMethod: java.util.BitSet.<init> (0x000074dd1f965d88) [0x000074dd1f965e80, 0x000074dd1f966dc8] 
[3,545s][debug][gc,nmethod     ] GC(1) O: Purge NMethod: io.brackit.query.node.parser.SAX2SubtreeHandlerAdapter.characters (0x000074dd1fb2c808) [0x000074dd1fb2c900, 0x000074dd1fb2cc20] 
[3,545s][debug][gc,nmethod     ] GC(1) O: Purge NMethod: java.lang.Thread.onSpinWait (0x000074dd1f898588) [0x000074dd1f898680, 0x000074dd1f898760] 
[3,545s][debug][gc,nmethod     ] GC(1) O: Purge NMethod: io.sirix.access.trx.page.NodePageReadOnlyTrx.loadPage (0x000074dd3ed1bb88) [0x000074dd3ed1bc80, 0x000074dd3ed1bd80] 
[3,545s][debug][gc,nmethod     ] GC(1) O: Purge NMethod: java.nio.Buffer.remaining (0x000074dd1f526788) [0x000074dd1f526880, 0x000074dd1f5269f0] 
[3,545s][debug][gc,nmethod     ] GC(1) O: Purge NMethod: jdk.internal.classfile.impl.RawBytecodeHelper.isStoreIntoLocal (0x000074dd1f47fd88) [0x000074dd1f47fe80, 0x000074dd1f47ffd8] 
[3,545s][debug][gc,nmethod     ] GC(1) O: Purge NMethod: io.sirix.page.NamePage.setName (0x000074dd1fb52788) [0x000074dd1fb52880, 0x000074dd1fb53e40] 
[3,545s][debug][gc,nmethod     ] GC(1) O: Purge NMethod: io.sirix.page.KeyValueLeafPage.updateLastSlotIndex (0x000074dd3eda2f08) [0x000074dd3eda3000, 0x000074dd3eda3190] 
[3,545s][debug][gc,nmethod     ] GC(1) O: Purge NMethod: java.lang.foreign.MemorySegment.copy (0x000074dd1fa55b08) [0x000074dd1fa55c00, 0x000074dd1fa5dbf0] 
[3,545s][debug][gc,nmethod     ] GC(1) O: Purge NMethod: io.sirix.axis.AbstractAxis.tryToComputeNext (0x000074dd3ee9da08) [0x000074dd3ee9db00, 0x000074dd3ee9fd20] 
[3,545s][debug][gc,nmethod     ] GC(1) O: Purge NMethod: java.util.Spliterator.getExactSizeIfKnown (0x000074dd1f810808) [0x000074dd1f810900, 0x000074dd1f810e50] 
[3,545s][debug][gc,nmethod     ] GC(1) O: Purge NMethod: io.sirix.query.node.SubtreeBuilder.text (0x000074dd1fb2d588) [0x000074dd1fb2d680, 0x000074dd1fb2e018] 
[3,545s][debug][gc,nmethod     ] GC(1) O: Purge NMethod: java.lang.invoke.VarForm.getMemberName (0x000074dd1f586b88) [0x000074dd1f586c80, 0x000074dd1f587400] 
[3,545s][debug][gc,nmethod     ] GC(1) O: Purge NMethod: com.sun.org.apache.xerces.internal.impl.XMLDocumentFragmentScannerImpl$FragmentContentDriver.startOfMarkup (0x000074dd1fcb2888) [0x000074dd1fcb2980, 0x000074dd1fcb49e8] 
[3,545s][debug][gc,nmethod     ] GC(1) O: Purge NMethod: io.sirix.node.xml.TextNode.getKind (0x000074dd1fd96d88) [0x000074dd1fd96e80, 0x000074dd1fd96f88] 
[3,545s][debug][gc,nmethod     ] GC(1) O: Purge NMethod: io.sirix.node.NodeSerializerImpl.deserialize (0x000074dd1fec9c88) [0x000074dd1fec9d80, 0x000074dd1feca1e8] 
[3,545s][debug][gc,nmethod     ] GC(1) O: Purge NMethod: jdk.internal.foreign.NativeMemorySegmentImpl.dup (0x000074dd1f40c008) [0x000074dd1f40c100, 0x000074dd1f40c6f8] 
[3,545s][debug][gc,nmethod     ] GC(1) O: Purge NMethod: com.sun.org.apache.xerces.internal.impl.XMLEntityScanner.checkBeforeLoad (0x000074dd1fa1bb08) [0x000074dd1fa1bc00, 0x000074dd1fa1c158] 
[3,545s][debug][gc,nmethod     ] GC(1) O: Purge NMethod: io.sirix.page.KeyValueLeafPage.getDeweyId (0x000074dd1f91ee08) [0x000074dd1f91ef00, 0x000074dd1f923fb8] 
[3,545s][debug][gc,nmethod     ] GC(1) O: Purge NMethod: it.unimi.dsi.fastutil.ints.Int2LongOpenHashMap.get (0x000074dd20018d08) [0x000074dd20018e00, 0x000074dd20019350] 
[3,545s][debug][gc,nmethod     ] GC(1) O: Purge NMethod: java.util.HashMap.resize (0x000074dd1f613088) [0x000074dd1f6131a0, 0x000074dd1f614e80] 
[3,545s][debug][gc,nmethod     ] GC(1) O: Purge NMethod: io.sirix.cache.IndexLogKey.equals (0x000074dd1fc80888) [0x000074dd1fc80980, 0x000074dd1fc812c8] 
[3,545s][debug][gc,nmethod     ] GC(1) O: Purge NMethod: java.lang.Object.<init> (0x000074dd3ebe7408) [0x000074dd3ebe7500, 0x000074dd3ebe7580] 
[3,545s][debug][gc,nmethod     ] GC(1) O: Purge NMethod: io.sirix.node.xml.ElementNode.setChildCount (0x000074dd1fad0208) [0x000074dd1fad0300, 0x000074dd1fad3e20] 
[3,545s][debug][gc,nmethod     ] GC(1) O: Purge NMethod: io.sirix.axis.filter.FilterAxis.nextKey (0x000074dd1ff6d288) [0x000074dd1ff6d380, 0x000074dd1ff6e990] 
[3,545s][debug][gc,nmethod     ] GC(1) O: Purge NMethod: io.sirix.index.path.summary.PathSummaryWriter.movePathSummary (0x000074dd1fbe4888) [0x000074dd1fbe4980, 0x000074dd1fbe7058] 
[3,545s][debug][gc,nmethod     ] GC(1) O: Purge NMethod: java.util.concurrent.ForkJoinTask.doExec (0x000074dd1fe38188) [0x000074dd1fe38280, 0x000074dd1fe384b8] 
[3,545s][debug][gc,nmethod     ] GC(1) O: Purge NMethod: java.io.UnixFileSystem.normalize (0x000074dd1f51d508) [0x000074dd1f51d600, 0x000074dd1f51ebf8] 
[3,545s][debug][gc,nmethod     ] GC(1) O: Purge NMethod: io.sirix.access.trx.node.AbstractNodeReadOnlyTrx.moveToParent (0x000074dd3ecf1c88) [0x000074dd3ecf1d80, 0x000074dd3ecf3010] 
[3,545s][debug][gc,nmethod     ] GC(1) O: Purge NMethod: java.util.concurrent.locks.ReentrantLock.lock (0x000074dd3ee00a08) [0x000074dd3ee00b00, 0x000074dd3ee00db8] 
[3,545s][debug][gc,nmethod     ] GC(1) O: Purge NMethod: io.sirix.access.trx.node.xml.XmlNodeReadOnlyTrxImpl.getResourceSession (0x000074dd1fabe988) [0x000074dd1fabea80, 0x000074dd1fabf0f8] 
[3,545s][debug][gc,nmethod     ] GC(1) O: Purge NMethod: io.sirix.node.xml.ElementNode.setRightSiblingKey (0x000074dd1fbed388) [0x000074dd1fbed480, 0x000074dd1fbf25a8] 
[3,545s][debug][gc,nmethod     ] GC(1) O: Purge NMethod: com.sun.org.apache.xerces.internal.parsers.AbstractSAXParser.characters (0x000074dd2003a108) [0x000074dd2003a200, 0x000074dd2003a7a8] 
[3,545s][debug][gc,nmethod     ] GC(1) O: Purge NMethod: io.sirix.cache.LinuxMemorySegmentAllocator.partitionVirtualRegion (0x000074dd3ec7a388) [0x000074dd3ec7a480, 0x000074dd3ec7b5c0] 
[3,545s][debug][gc,nmethod     ] GC(1) O: Purge NMethod: io.sirix.node.MemorySegmentBytesIn.getUnderlying (0x000074dd1fab2808) [0x000074dd1fab2900, 0x000074dd1fab2ee8] 
[3,545s][debug][gc,nmethod     ] GC(1) O: Purge NMethod: java.nio.CharBuffer.arrayOffset (0x000074dd1f5e5488) [0x000074dd1f5e5580, 0x000074dd1f5e5860] 
[3,545s][debug][gc,nmethod     ] GC(1) O: Purge NMethod: io.sirix.index.name.Names.setName (0x000074dd1fff6508) [0x000074dd1fff6600, 0x000074dd1fff87f0] 
[3,545s][debug][gc,nmethod     ] GC(1) O: Purge NMethod: jdk.internal.misc.Unsafe.putLongUnaligned (0x000074dd1f99ad88) [0x000074dd1f99ae80, 0x000074dd1f99b088] 
[3,545s][debug][gc,nmethod     ] GC(1) O: Purge NMethod: jdk.internal.access.SharedSecrets.getJavaLangAccess (0x000074dd1f617588) [0x000074dd1f617680, 0x000074dd1f6177a8] 
[3,545s][debug][gc,nmethod     ] GC(1) O: Purge NMethod: com.sun.org.apache.xerces.internal.parsers.AbstractSAXParser.characters (0x000074dd1fb27c08) [0x000074dd1fb27d00, 0x000074dd1fb282a8] 
[3,545s][debug][gc,nmethod     ] GC(1) O: Purge NMethod: com.sun.org.apache.xerces.internal.impl.XMLEntityScanner.scanContent (0x000074dd3ecc5488) [0x000074dd3ecc5620, 0x000074dd3ecc5f70] 
[3,545s][debug][gc,nmethod     ] GC(1) O: Purge NMethod: java.util.ArrayDeque.addFirst (0x000074dd2003b688) [0x000074dd2003b780, 0x000074dd2003bd60] 
[3,545s][debug][gc,nmethod     ] GC(1) O: Purge NMethod: io.sirix.access.trx.node.AbstractNodeReadOnlyTrx.hasRightSibling (0x000074dd1ff61808) [0x000074dd1ff61900, 0x000074dd1ff62120] 
[3,545s][debug][gc,nmethod     ] GC(1) O: Purge NMethod: io.sirix.axis.AbstractAxis.resetToLastKey (0x000074dd3eddb308) [0x000074dd3eddb400, 0x000074dd3eddb758] 
[3,545s][debug][gc,nmethod     ] GC(1) O: Purge NMethod: com.sun.org.apache.xerces.internal.impl.XMLDocumentFragmentScannerImpl$FragmentContentDriver.next (0x000074dd3ecf9d88) [0x000074dd3ecf9e80, 0x000074dd3ecfbb18] 
[3,545s][debug][gc,nmethod     ] GC(1) O: Purge NMethod: java.lang.String.encode (0x000074dd1fa65d88) [0x000074dd1fa65e80, 0x000074dd1fa661b8] 
[3,545s][debug][gc,nmethod     ] GC(1) O: Purge NMethod: io.sirix.page.PathSummaryPage.incrementAndGetMaxNodeKey (0x000074dd1fcdc908) [0x000074dd1fcdca00, 0x000074dd1fcdcc78] 
[3,545s][debug][gc,nmethod     ] GC(1) O: Purge NMethod: com.github.benmanes.caffeine.cache.BoundedLocalCache$EntryIterator.hasNext (0x000074dd1ffc9208) [0x000074dd1ffc9300, 0x000074dd1ffce840] 
[3,545s][debug][gc,nmethod     ] GC(1) O: Purge NMethod: jdk.internal.foreign.SegmentFactories.initNativeMemory (0x000074dd1f9cb008) [0x000074dd1f9cb100, 0x000074dd1f9cb2a0] 
[3,545s][debug][gc,nmethod     ] GC(1) O: Purge NMethod: io.sirix.access.trx.page.NodePageTrx.prepareRecordPage (0x000074dd1fbf3388) [0x000074dd1fbf3480, 0x000074dd1fbf5a28] 
[3,545s][debug][gc,nmethod     ] GC(1) O: Purge NMethod: io.sirix.axis.ChildAxis.reset (0x000074dd1fb76a88) [0x000074dd1fb76b80, 0x000074dd1fb76d68] 
[3,545s][debug][gc,nmethod     ] GC(1) O: Purge NMethod: jdk.internal.misc.Unsafe.freeMemory (0x000074dd1fd97c88) [0x000074dd1fd97d80, 0x000074dd1fd97f20] 
[3,545s][debug][gc,nmethod     ] GC(1) O: Purge NMethod: it.unimi.dsi.fastutil.longs.LongArrayList.getLong (0x000074dd1fa87708) [0x000074dd1fa87800, 0x000074dd1fa88c90] 
[3,545s][debug][gc,nmethod     ] GC(1) O: Purge NMethod: io.sirix.node.xml.TextNode.getKind (0x000074dd1f9ed608) [0x000074dd1f9ed700, 0x000074dd1f9ed808] 
[3,545s][debug][gc,nmethod     ] GC(1) O: Purge NMethod: it.unimi.dsi.fastutil.ints.Int2ObjectOpenHashMap.get (0x000074dd2003c208) [0x000074dd2003c300, 0x000074dd2003c970] 
[3,545s][debug][gc,nmethod     ] GC(1) O: Purge NMethod: io.brackit.query.expr.StepExpr$AxisStepSequenceIter.close (0x000074dd1ffb9608) [0x000074dd1ffb9700, 0x000074dd1ffb9900] 
[3,545s][debug][gc,nmethod     ] GC(1) O: Purge NMethod: java.nio.ByteBuffer.<init> (0x000074dd1f961f08) [0x000074dd1f962000, 0x000074dd1f962248] 
[3,545s][debug][gc,nmethod     ] GC(1) O: Purge NMethod: io.sirix.page.RevisionRootPage.incrementAndGetMaxNodeKeyInDocumentIndex (0x000074dd1face488) [0x000074dd1face580, 0x000074dd1face690] 
[3,545s][debug][gc,nmethod     ] GC(1) O: Purge NMethod: jdk.internal.foreign.Utils.isPowerOfTwo (0x000074dd1fdfe688) [0x000074dd1fdfe780, 0x000074dd1fdfe8c0] 
[3,545s][debug][gc,nmethod     ] GC(1) O: Purge NMethod: io.sirix.page.PageKind$1.deserializePage (0x000074dd20168b08) [0x000074dd20168c00, 0x000074dd2016cba8] 
[3,545s][debug][gc,nmethod     ] GC(1) O: Purge NMethod: io.sirix.node.BytesOut.asBytesIn (0x000074dd1fa9cd88) [0x000074dd1fa9ce80, 0x000074dd1fa9db28] 
[3,545s][debug][gc,nmethod     ] GC(1) O: Purge NMethod: java.util.ArrayDeque.isEmpty (0x000074dd3ed3ed88) [0x000074dd3ed3ee80, 0x000074dd3ed3ef40] 
[3,545s][debug][gc,nmethod     ] GC(1) O: Purge NMethod: io.sirix.node.NodeKind.serializeStructDelegate (0x000074dd1fd93f88) [0x000074dd1fd94080, 0x000074dd1fd945f8] 
[3,545s][debug][gc,nmethod     ] GC(1) O: Purge NMethod: jdk.internal.foreign.ArenaImpl.allocate (0x000074dd1fd1c708) [0x000074dd1fd1c800, 0x000074dd1fd1c980] 
[3,545s][debug][gc,nmethod     ] GC(1) O: Purge NMethod: it.unimi.dsi.fastutil.longs.LongArrayList.initArrayFromCapacity (0x000074dd1ff8dc08) [0x000074dd1ff8dd00, 0x000074dd1ff8ee48] 
[3,545s][debug][gc,nmethod     ] GC(1) O: Purge NMethod: io.sirix.access.trx.page.NodePageReadOnlyTrx.getValue (0x000074dd1f9c8d88) [0x000074dd1f9c8e80, 0x000074dd1f9ca9e0] 
[3,545s][debug][gc,nmethod     ] GC(1) O: Purge NMethod: com.sun.org.apache.xerces.internal.impl.XMLEntityScanner.scanQName (0x000074dd3ecee288) [0x000074dd3ecee380, 0x000074dd3ecef738] 
[3,545s][debug][gc,nmethod     ] GC(1) O: Purge NMethod: io.sirix.access.trx.page.NodePageTrx$$Lambda/0x0000000069287a18.apply (0x000074dd1feb7388) [0x000074dd1feb7480, 0x000074dd1feb7848] 
[3,545s][debug][gc,nmethod     ] GC(1) O: Purge NMethod: io.sirix.page.PageReference.setResourceId (0x000074dd1ff07588) [0x000074dd1ff07680, 0x000074dd1ff07790] 
[3,545s][debug][gc,nmethod     ] GC(1) O: Purge NMethod: io.brackit.query.node.parser.SAX2SubtreeHandlerAdapter$TrimmingStringBuilder.append (0x000074dd1fb2cc88) [0x000074dd1fb2cd80, 0x000074dd1fb2d210] 
[3,545s][debug][gc,nmethod     ] GC(1) O: Purge NMethod: jdk.internal.misc.ScopedMemoryAccess.getByte (0x000074dd1f491188) [0x000074dd1f491280, 0x000074dd1f491598] 
[3,545s][debug][gc,nmethod     ] GC(1) O: Purge NMethod: io.sirix.access.trx.node.AbstractNodeReadOnlyTrx.getRightSiblingKey (0x000074dd1ff8d288) [0x000074dd1ff8d380, 0x000074dd1ff8dba0] 
[3,545s][debug][gc,nmethod     ] GC(1) O: Purge NMethod: java.lang.String.encode (0x000074dd3ecddc08) [0x000074dd3ecddd00, 0x000074dd3ecdded8] 
[3,545s][debug][gc,nmethod     ] GC(1) O: Purge NMethod: jdk.internal.foreign.MemorySessionImpl$ResourceList.cleanup (0x000074dd1fe39308) [0x000074dd1fe39400, 0x000074dd1fe39b98] 
[3,545s][debug][gc,nmethod     ] GC(1) O: Purge NMethod: io.sirix.page.KeyValueLeafPage.addReferences (0x000074dd1fffb688) [0x000074dd1fffb780, 0x000074dd1fffc8a0] 
[3,545s][debug][gc,nmethod     ] GC(1) O: Purge NMethod: io.sirix.node.xml.ElementNode.computeHash (0x000074dd1fc20888) [0x000074dd1fc20980, 0x000074dd1fc4ffc8] 
[3,545s][debug][gc,nmethod     ] GC(1) O: Purge NMethod: java.lang.foreign.MemorySegment.ofArray (0x000074dd1fd9a888) [0x000074dd1fd9a980, 0x000074dd1fd9aa78] 
[3,545s][debug][gc,nmethod     ] GC(1) O: Purge NMethod: sun.security.provider.SHA2.implCompress (0x000074dd1fe01d08) [0x000074dd1fe01e00, 0x000074dd1fe02210] 
[3,545s][debug][gc,nmethod     ] GC(1) O: Purge NMethod: java.lang.invoke.MethodType.hashCode (0x000074dd1f41cf88) [0x000074dd1f41d080, 0x000074dd1f41d700] 
[3,545s][debug][gc,nmethod     ] GC(1) O: Purge NMethod: io.sirix.node.xml.ElementNode.<init> (0x000074dd1fba6208) [0x000074dd1fba6300, 0x000074dd1fba7310] 
[3,545s][debug][gc,nmethod     ] GC(1) O: Purge NMethod: java.lang.AbstractStringBuilder.needsNewBuffer (0x000074dd1f67fb88) [0x000074dd1f67fc80, 0x000074dd1f67fe20] 
[3,545s][debug][gc,nmethod     ] GC(1) O: Purge NMethod: io.sirix.utils.XMLToken.ncName (0x000074dd3ece8d08) [0x000074dd3ece8e00, 0x000074dd3ece9158] 
[3,545s][debug][gc,nmethod     ] GC(1) O: Purge NMethod: io.sirix.index.name.Names.getName (0x000074dd1fec3e08) [0x000074dd1fec3f00, 0x000074dd1fec43a8] 
[3,545s][debug][gc,nmethod     ] GC(1) O: Purge NMethod: io.sirix.index.path.summary.PathSummaryReader.hasRightSibling (0x000074dd1fb2bf08) [0x000074dd1fb2c000, 0x000074dd1fb2c798] 
[3,545s][debug][gc,nmethod     ] GC(1) O: Purge NMethod: io.sirix.node.delegates.StructNodeDelegate.incrementChildCount (0x000074dd1fcc8c88) [0x000074dd1fcc8d80, 0x000074dd1fcc8e90] 
[3,545s][debug][gc,nmethod     ] GC(1) O: Purge NMethod: java.lang.invoke.VarHandleReferences$FieldInstanceReadWrite.compareAndSet (0x000074dd1f4c6c08) [0x000074dd1f4c6d00, 0x000074dd1f4c82b8] 
[3,545s][debug][gc,nmethod     ] GC(1) O: Purge NMethod: io.sirix.query.node.SubtreeBuilder.startElement (0x000074dd2003f088) [0x000074dd2003f180, 0x000074dd20041988] 
[3,545s][debug][gc,nmethod     ] GC(1) O: Purge NMethod: io.sirix.node.SirixDeweyID.getNewAttributeID (0x000074dd1fcb2388) [0x000074dd1fcb2480, 0x000074dd1fcb2868] 
[3,545s][debug][gc,nmethod     ] GC(1) O: Purge NMethod: io.sirix.api.PageReadOnlyTrx.recordPageOffset (0x000074dd1f9c6608) [0x000074dd1f9c6700, 0x000074dd1f9c67f8] 
[3,545s][debug][gc,nmethod     ] GC(1) O: Purge NMethod: jdk.internal.misc.Unsafe.putIntOpaque (0x000074dd20225088) [0x000074dd20225180, 0x000074dd20225288] 
[3,545s][debug][gc,nmethod     ] GC(1) O: Purge NMethod: io.sirix.node.AbstractForwardingNode.getParentKey (0x000074dd1fa88d08) [0x000074dd1fa88e00, 0x000074dd1fa89130] 
[3,545s][debug][gc,nmethod     ] GC(1) O: Purge NMethod: io.sirix.access.trx.page.NodePageTrx.getRecord (0x000074dd1fe9ce08) [0x000074dd1fe9cf00, 0x000074dd1fe9eea0] 
[3,545s][debug][gc,nmethod     ] GC(1) O: Purge NMethod: java.util.HashMap.<init> (0x000074dd1f43e308) [0x000074dd1f43e400, 0x000074dd1f43e5c0] 
[3,545s][debug][gc,nmethod     ] GC(1) O: Purge NMethod: io.sirix.page.delegates.BitmapReferencesPage.index (0x000074dd20009288) [0x000074dd20009380, 0x000074dd200098a0] 
[3,545s][debug][gc,nmethod     ] GC(1) O: Purge NMethod: io.sirix.page.KeyValueLeafPage.findFreeSpaceForSlots (0x000074dd3eda3508) [0x000074dd3eda3600, 0x000074dd3eda3758] 
[3,545s][debug][gc,nmethod     ] GC(1) O: Purge NMethod: java.util.concurrent.locks.ReentrantLock$Sync.tryRelease (0x000074dd1ff1a788) [0x000074dd1ff1a880, 0x000074dd1ff1b380] 
[3,545s][debug][gc,nmethod     ] GC(1) O: Purge NMethod: io.sirix.node.xml.AttributeNode.computeHash (0x000074dd1fc91908) [0x000074dd1fc91a00, 0x000074dd1fca8260] 
[3,545s][debug][gc,nmethod     ] GC(1) O: Purge NMethod: java.lang.invoke.VarHandleGuards.guard_L_L (0x000074dd1fa18588) [0x000074dd1fa18680, 0x000074dd1fa1bb00] 
[3,545s][debug][gc,nmethod     ] GC(1) O: Purge NMethod: io.sirix.access.trx.page.NodePageTrx.getMostRecentPageContainer (0x000074dd3ecbfd88) [0x000074dd3ecbfe80, 0x000074dd3ecc0280] 
[3,545s][debug][gc,nmethod     ] GC(1) O: Purge NMethod: io.sirix.access.trx.page.NodePageTrx.getRecord (0x000074dd3ecc8f88) [0x000074dd3ecc9080, 0x000074dd3ecc9bd0] 
[3,545s][debug][gc,nmethod     ] GC(1) O: Purge NMethod: java.util.ArrayList.grow (0x000074dd1f67f208) [0x000074dd1f67f300, 0x000074dd1f67fb50] 
[3,545s][debug][gc,nmethod     ] GC(1) O: Purge NMethod: jdk.internal.foreign.AbstractMemorySegmentImpl.asSliceNoCheck (0x000074dd1f5a7e08) [0x000074dd1f5a7f00, 0x000074dd1f5a8240] 
[3,545s][debug][gc,nmethod     ] GC(1) O: Purge NMethod: io.sirix.service.xml.shredder.AbstractShredder.processText (0x000074dd1fb48788) [0x000074dd1fb48880, 0x000074dd1fb4ab30] 
[3,545s][debug][gc,nmethod     ] GC(1) O: Purge NMethod: java.lang.invoke.InvokerBytecodeGenerator.emitStoreResult (0x000074dd1f81c488) [0x000074dd1f81c580, 0x000074dd1f81cc38] 
[3,545s][debug][gc,nmethod     ] GC(1) O: Purge NMethod: jdk.internal.foreign.Utils.alignUp (0x000074dd1fa8e808) [0x000074dd1fa8e900, 0x000074dd1fa8e9f8] 
[3,545s][debug][gc,nmethod     ] GC(1) O: Purge NMethod: io.sirix.node.xml.ElementNode.hasRightSibling (0x000074dd1fb1ce08) [0x000074dd1fb1cf00, 0x000074dd1fb22338] 
[3,545s][debug][gc,nmethod     ] GC(1) O: Purge NMethod: java.util.concurrent.locks.ReentrantLock.lock (0x000074dd3ece1188) [0x000074dd3ece1280, 0x000074dd3ece1468] 
[3,545s][debug][gc,nmethod     ] GC(1) O: Purge NMethod: io.sirix.node.MemorySegmentBytesIn.readLong (0x000074dd1fec5f08) [0x000074dd1fec6000, 0x000074dd1fec9c10] 
[3,545s][debug][gc,nmethod     ] GC(1) O: Purge NMethod: java.util.stream.StreamOpFlag.fromCharacteristics (0x000074dd1f800988) [0x000074dd1f800a80, 0x000074dd1f801008] 
[3,545s][debug][gc,nmethod     ] GC(1) O: Purge NMethod: jdk.internal.misc.ScopedMemoryAccess.getLongUnaligned (0x000074dd3ed53308) [0x000074dd3ed53400, 0x000074dd3ed535c0] 
[3,545s][debug][gc,nmethod     ] GC(1) O: Purge NMethod: com.sun.org.apache.xerces.internal.impl.XMLNSDocumentScannerImpl.next (0x000074dd3ecdb908) [0x000074dd3ecdba00, 0x000074dd3ecdd288] 
[3,545s][debug][gc,nmethod     ] GC(1) O: Purge NMethod: java.util.BitSet.and (0x000074dd3ed0e408) [0x000074dd3ed0e540, 0x000074dd3ed0ea60] 
[3,545s][debug][gc,nmethod     ] GC(1) O: Purge NMethod: io.sirix.node.NodeKind.writeHash (0x000074dd1fd49e08) [0x000074dd1fd49f00, 0x000074dd1fd4a070] 
[3,545s][debug][gc,nmethod     ] GC(1) O: Purge NMethod: io.sirix.utils.XMLToken.isNCChar (0x000074dd1fcdff08) [0x000074dd1fce0000, 0x000074dd1fce03e8] 
[3,545s][debug][gc,nmethod     ] GC(1) O: Purge NMethod: com.sun.org.apache.xerces.internal.impl.XMLNSDocumentScannerImpl.scanStartElement (0x000074dd2004aa88) [0x000074dd2004ab80, 0x000074dd20052de0] 
[3,545s][debug][gc,nmethod     ] GC(1) O: Purge NMethod: io.sirix.cache.PageContainer.getModifiedAsUnorderedKeyValuePage (0x000074dd1f9d1088) [0x000074dd1f9d1180, 0x000074dd1f9d14b8] 
[3,545s][debug][gc,nmethod     ] GC(1) O: Purge NMethod: java.lang.String.<init> (0x000074dd1f641988) [0x000074dd1f641a80, 0x000074dd1f642058] 
[3,545s][debug][gc,nmethod     ] GC(1) O: Purge NMethod: java.nio.MappedByteBuffer.position (0x000074dd1fadc408) [0x000074dd1fadc500, 0x000074dd1fadc8c0] 
[3,545s][debug][gc,nmethod     ] GC(1) O: Purge NMethod: java.nio.channels.spi.AbstractInterruptibleChannel.blockedOn (0x000074dd1fe61908) [0x000074dd1fe61a00, 0x000074dd1fe61db8] 
[3,545s][debug][gc,nmethod     ] GC(1) O: Purge NMethod: com.sun.org.apache.xerces.internal.util.XMLChar.isSpace (0x000074dd1faa4488) [0x000074dd1faa4580, 0x000074dd1faa4708] 
[3,545s][debug][gc,nmethod     ] GC(1) O: Purge NMethod: jdk.internal.misc.Unsafe.putLongUnaligned (0x000074dd3ec84888) [0x000074dd3ec84980, 0x000074dd3ec84a40] 
[3,545s][debug][gc,nmethod     ] GC(1) O: Purge NMethod: io.sirix.axis.AbstractAxis.tryToComputeNext (0x000074dd3ecd2208) [0x000074dd3ecd2300, 0x000074dd3ecd2890] 
[3,545s][debug][gc,nmethod     ] GC(1) O: Purge NMethod: io.sirix.access.trx.page.NodePageTrx.getRecord (0x000074dd1f9f0288) [0x000074dd1f9f0380, 0x000074dd1f9f2320] 
[3,545s][debug][gc,nmethod     ] GC(1) O: Purge NMethod: java.util.concurrent.locks.AbstractQueuedSynchronizer.signalNext (0x000074dd1fa40808) [0x000074dd1fa40900, 0x000074dd1fa41b78] 
[3,545s][debug][gc,nmethod     ] GC(1) O: Purge NMethod: io.sirix.node.MemorySegmentBytesOut.writeInt (0x000074dd1f9d0d88) [0x000074dd1f9d0e80, 0x000074dd1f9d1018] 
[3,545s][debug][gc,nmethod     ] GC(1) O: Purge NMethod: jdk.internal.foreign.MemorySessionImpl$ResourceList.cleanupSingle (0x000074dd1fd97988) [0x000074dd1fd97a80, 0x000074dd1fd97c08] 
[3,545s][debug][gc,nmethod     ] GC(1) O: Purge NMethod: java.lang.invoke.Invokers$Holder.linkToTargetMethod (0x000074dd1f52c408) [0x000074dd1f52c500, 0x000074dd1f52c9e8] 
[3,545s][debug][gc,nmethod     ] GC(1) O: Purge NMethod: io.sirix.page.KeyValueLeafPage.updateLastSlotIndex (0x000074dd1fd95908) [0x000074dd1fd95a00, 0x000074dd1fd95ca0] 
[3,545s][debug][gc,nmethod     ] GC(1) O: Purge NMethod: jdk.internal.foreign.layout.ValueLayouts$AbstractValueLayout.<init> (0x000074dd1fdfd908) [0x000074dd1fdfda00, 0x000074dd1fdfdf68] 
[3,545s][debug][gc,nmethod     ] GC(1) O: Purge NMethod: jdk.internal.foreign.layout.ValueLayouts$AbstractValueLayout.varHandle (0x000074dd1f928d88) [0x000074dd1f928e80, 0x000074dd1f929838] 
[3,545s][debug][gc,nmethod     ] GC(1) O: Purge NMethod: io.sirix.index.path.summary.PathSummaryReader.getNodeKey (0x000074dd3eccb108) [0x000074dd3eccb200, 0x000074dd3eccb380] 
[3,546s][debug][gc,nmethod     ] GC(1) O: Purge NMethod: io.sirix.access.trx.page.NodePageTrx.createNameKey (0x000074dd1fb55088) [0x000074dd1fb55180, 0x000074dd1fb56be0] 
[3,546s][debug][gc,nmethod     ] GC(1) O: Purge NMethod: java.util.Arrays.copyOf (0x000074dd1fa40308) [0x000074dd1fa40400, 0x000074dd1fa407c8] 
[3,546s][debug][gc,nmethod     ] GC(1) O: Purge NMethod: com.sun.org.apache.xerces.internal.util.NamespaceSupport.pushContext (0x000074dd20046f88) [0x000074dd20047080, 0x000074dd200473f0] 
[3,546s][debug][gc,nmethod     ] GC(1) O: Purge NMethod: net.openhft.hashing.LongHashFunction.unsafeHash (0x000074dd1fab5908) [0x000074dd1fab5a00, 0x000074dd1fab5d10] 
[3,546s][debug][gc,nmethod     ] GC(1) O: Purge NMethod: net.openhft.hashing.Maths.unsignedLongMulXorFold (0x000074dd1f9f8208) [0x000074dd1f9f8300, 0x000074dd1f9f8438] 
[3,546s][debug][gc,nmethod     ] GC(1) O: Purge NMethod: java.nio.ByteBuffer.wrap (0x000074dd1ff10b08) [0x000074dd1ff10c00, 0x000074dd1ff10e70] 
[3,546s][debug][gc,nmethod     ] GC(1) O: Purge NMethod: io.sirix.node.MemorySegmentBytesOut.<init> (0x000074dd1fd94f08) [0x000074dd1fd95000, 0x000074dd1fd95210] 
[3,546s][debug][gc,nmethod     ] GC(1) O: Purge NMethod: io.sirix.node.MemorySegmentBytesOut.getDestination (0x000074dd1fa8ff08) [0x000074dd1fa90000, 0x000074dd1fa90188] 
[3,546s][debug][gc,nmethod     ] GC(1) O: Purge NMethod: io.sirix.node.xml.ElementNode.hasFirstChild (0x000074dd3ed9f888) [0x000074dd3ed9f980, 0x000074dd3ed9fcf8] 
[3,546s][debug][gc,nmethod     ] GC(1) O: Purge NMethod: jdk.xml.internal.XMLLimitAnalyzer.addValue (0x000074dd1fb01608) [0x000074dd1fb01720, 0x000074dd1fb04840] 
[3,546s][debug][gc,nmethod     ] GC(1) O: Purge NMethod: jdk.internal.misc.Unsafe.getIntUnaligned (0x000074dd1f584208) [0x000074dd1f584300, 0x000074dd1f584548] 
[3,546s][debug][gc,nmethod     ] GC(1) O: Purge NMethod: jdk.internal.misc.Unsafe.checkNativeAddress (0x000074dd1f94f988) [0x000074dd1f94fa80, 0x000074dd1f94fb90] 
[3,546s][debug][gc,nmethod     ] GC(1) O: Purge NMethod: io.sirix.node.SirixDeweyID.setDivisionBitArray (0x000074dd1fd99308) [0x000074dd1fd99400, 0x000074dd1fd998c8] 
[3,546s][debug][gc,nmethod     ] GC(1) O: Purge NMethod: io.sirix.node.xml.ElementNode.getLastModifiedRevisionNumber (0x000074dd1fd4f588) [0x000074dd1fd4f680, 0x000074dd1fd502c8] 
[3,546s][debug][gc,nmethod     ] GC(1) O: Purge NMethod: java.io.UnixFileSystem.resolve (0x000074dd1f6ec188) [0x000074dd1f6ec280, 0x000074dd1f6ef710] 
[3,546s][debug][gc,nmethod     ] GC(1) O: Purge NMethod: io.sirix.access.trx.page.NodePageTrx.prepareRecordPage (0x000074dd2001c708) [0x000074dd2001c800, 0x000074dd2001eda8] 
[3,546s][debug][gc,nmethod     ] GC(1) O: Purge NMethod: com.sun.org.apache.xerces.internal.impl.XMLEntityScanner.scanChar (0x000074dd3ed1c288) [0x000074dd3ed1c380, 0x000074dd3ed1c5a8] 
[3,546s][debug][gc,nmethod     ] GC(1) O: Purge NMethod: net.openhft.hashing.XXH3.XXH3_64bits_internal (0x000074dd1fadc908) [0x000074dd1fadca00, 0x000074dd1fafb3c8] 
[3,546s][debug][gc,nmethod     ] GC(1) O: Purge NMethod: java.util.HashSet.add (0x000074dd1f433488) [0x000074dd1f433580, 0x000074dd1f433910] 
[3,546s][debug][gc,nmethod     ] GC(1) O: Purge NMethod: io.brackit.query.jdm.AbstractItem$1.close (0x000074dd1ff9e108) [0x000074dd1ff9e200, 0x000074dd1ff9e300] 
[3,546s][debug][gc,nmethod     ] GC(1) O: Purge NMethod: java.lang.invoke.MethodType.makeImpl (0x000074dd1f45a288) [0x000074dd1f45a380, 0x000074dd1f45cb30] 
[3,546s][debug][gc,nmethod     ] GC(1) O: Purge NMethod: java.lang.String.indexOf (0x000074dd3ec83e88) [0x000074dd3ec83f80, 0x000074dd3ec84258] 
[3,546s][debug][gc,nmethod     ] GC(1) O: Purge NMethod: java.lang.Number.<init> (0x000074dd1f52a288) [0x000074dd1f52a380, 0x000074dd1f52a4d8] 
[3,546s][debug][gc,nmethod     ] GC(1) O: Purge NMethod: jdk.internal.foreign.MemorySessionImpl$ResourceList.cleanupSingle (0x000074dd1fd98808) [0x000074dd1fd98900, 0x000074dd1fd98ea8] 
[3,546s][debug][gc,nmethod     ] GC(1) O: Purge NMethod: jdk.internal.misc.Unsafe.putReferenceOpaque (0x000074dd1fe88888) [0x000074dd1fe88980, 0x000074dd1fe88af8] 
[3,546s][debug][gc,nmethod     ] GC(1) O: Purge NMethod: java.nio.ByteBuffer.order (0x000074dd1faaa588) [0x000074dd1faaa680, 0x000074dd1faaa8a0] 
[3,546s][debug][gc,nmethod     ] GC(1) O: Purge NMethod: jdk.internal.foreign.AbstractMemorySegmentImpl.checkBounds (0x000074dd3ec8de88) [0x000074dd3ec8df80, 0x000074dd3ec8e078] 
[3,546s][debug][gc,nmethod     ] GC(1) O: Purge NMethod: io.sirix.node.AbstractForwardingNode.getNodeKey (0x000074dd1f9c8908) [0x000074dd1f9c8a00, 0x000074dd1f9c8d30] 
[3,546s][debug][gc,nmethod     ] GC(1) O: Purge NMethod: io.sirix.access.trx.node.AbstractNodeReadOnlyTrx.moveTo (0x000074dd1fc09b88) [0x000074dd1fc09c80, 0x000074dd1fc0b7e8] 
[3,546s][debug][gc,nmethod     ] GC(1) O: Purge NMethod: jdk.internal.util.DecimalDigits.uncheckedPutCharLatin1 (0x000074dd1f883108) [0x000074dd1f883200, 0x000074dd1f883300] 
[3,546s][debug][gc,nmethod     ] GC(1) O: Purge NMethod: io.sirix.node.json.JsonNodeSerializer.updateSizePrefix (0x000074dd1fd49508) [0x000074dd1fd49600, 0x000074dd1fd498a0] 
[3,546s][debug][gc,nmethod     ] GC(1) O: Purge NMethod: jdk.internal.misc.Unsafe.allocateMemory (0x000074dd1fa44c08) [0x000074dd1fa44d00, 0x000074dd1fa45fb0] 
[3,546s][debug][gc,nmethod     ] GC(1) O: Purge NMethod: net.openhft.hashing.XXH3.XXH3_mix16B (0x000074dd1fa03608) [0x000074dd1fa03700, 0x000074dd1fa05090] 
[3,546s][debug][gc,nmethod     ] GC(1) O: Purge NMethod: io.sirix.access.trx.node.AbstractNodeReadOnlyTrx.getStructuralNode (0x000074dd1fa31b88) [0x000074dd1fa31c80, 0x000074dd1fa32738] 
[3,546s][debug][gc,nmethod     ] GC(1) O: Purge NMethod: jdk.internal.classfile.impl.BufWriterImpl.writeU1U2 (0x000074dd1f4e8788) [0x000074dd1f4e8880, 0x000074dd1f4e8d18] 
[3,546s][debug][gc,nmethod     ] GC(1) O: Purge NMethod: java.lang.Object.equals (0x000074dd1f439f08) [0x000074dd1f43a000, 0x000074dd1f43a150] 
[3,546s][debug][gc,nmethod     ] GC(1) O: Purge NMethod: jdk.internal.misc.ScopedMemoryAccess.getLongUnaligned (0x000074dd1f999588) [0x000074dd1f999680, 0x000074dd1f99a4e8] 
[3,546s][debug][gc,nmethod     ] GC(1) O: Purge NMethod: io.sirix.access.trx.page.NodePageTrx.createRecord (0x000074dd3ece5808) [0x000074dd3ece5900, 0x000074dd3ece6d60] 
[3,546s][debug][gc,nmethod     ] GC(1) O: Purge NMethod: io.sirix.node.xml.TextNode.getLeftSiblingKey (0x000074dd1fa34f08) [0x000074dd1fa35000, 0x000074dd1fa39ff0] 
[3,546s][debug][gc,nmethod     ] GC(1) O: Purge NMethod: java.lang.Class.getPackageName (0x000074dd1f48db88) [0x000074dd1f48dc80, 0x000074dd1f48fe88] 
[3,546s][debug][gc,nmethod     ] GC(1) O: Purge NMethod: io.sirix.node.NodeKind$1.serialize (0x000074dd1fd84508) [0x000074dd1fd84600, 0x000074dd1fd8d0c0] 
[3,546s][debug][gc,nmethod     ] GC(1) O: Purge NMethod: io.sirix.access.trx.node.AbstractNodeReadOnlyTrx.moveTo (0x000074dd1f9db888) [0x000074dd1f9db980, 0x000074dd1f9dd4f8] 
[3,546s][debug][gc,nmethod     ] GC(1) O: Purge NMethod: io.sirix.node.GrowingMemorySegment.write (0x000074dd1faaa908) [0x000074dd1faaaa00, 0x000074dd1fab05b0] 
[3,546s][debug][gc,nmethod     ] GC(1) O: Purge NMethod: io.sirix.access.trx.page.NodePageReadOnlyTrx.getLeafPageReference (0x000074dd1fec1788) [0x000074dd1fec1880, 0x000074dd1fec1b78] 
[3,546s][debug][gc,nmethod     ] GC(1) O: Purge NMethod: io.sirix.access.trx.node.AbstractNodeReadOnlyTrx.getNodeKey (0x000074dd3eccdf88) [0x000074dd3ecce080, 0x000074dd3ecce1d0] 
[3,546s][debug][gc,nmethod     ] GC(1) O: Purge NMethod: com.sun.org.apache.xerces.internal.impl.XMLEntityScanner.skipSpaces (0x000074dd20049708) [0x000074dd20049800, 0x000074dd2004aa80] 
[3,546s][debug][gc,nmethod     ] GC(1) O: Purge NMethod: java.lang.Math.max (0x000074dd1f4fa908) [0x000074dd1f4faa00, 0x000074dd1f4fab28] 
[3,546s][debug][gc,nmethod     ] GC(1) O: Purge NMethod: java.lang.Short.valueOf (0x000074dd1fe9c988) [0x000074dd1fe9ca80, 0x000074dd1fe9cd98] 
[3,546s][debug][gc,nmethod     ] GC(1) O: Purge NMethod: java.util.ArrayDeque.push (0x000074dd1fb08108) [0x000074dd1fb08200, 0x000074dd1fb08348] 
[3,546s][debug][gc,nmethod     ] GC(1) O: Purge NMethod: java.net.URLStreamHandler.parseURL (0x000074dd1f6f6908) [0x000074dd1f6f6a00, 0x000074dd1f715918] 
[3,546s][debug][gc,nmethod     ] GC(1) O: Purge NMethod: java.util.concurrent.locks.ReentrantLock.unlock (0x000074dd3ecdf888) [0x000074dd3ecdf980, 0x000074dd3ecdfbf8] 
[3,546s][debug][gc,nmethod     ] GC(1) O: Purge NMethod: java.util.concurrent.locks.ReentrantLock.unlock (0x000074dd1f9efb08) [0x000074dd1f9efc00, 0x000074dd1f9f0218] 
[3,546s][debug][gc,nmethod     ] GC(1) O: Purge NMethod: org.gradle.internal.io.LineBufferingOutputStream.write (0x000074dd1f898e88) [0x000074dd1f898f80, 0x000074dd1f89a768] 
[3,546s][debug][gc,nmethod     ] GC(1) O: Purge NMethod: java.lang.String.<init> (0x000074dd3ecefb08) [0x000074dd3ecefc00, 0x000074dd3eceff48] 
[3,546s][debug][gc,nmethod     ] GC(1) O: Purge NMethod: io.sirix.node.json.JsonNodeSerializer.writeSizePrefix (0x000074dd1fd8dc88) [0x000074dd1fd8dd80, 0x000074dd1fd8e3a8] 
[3,546s][debug][gc,nmethod     ] GC(1) O: Purge NMethod: io.sirix.node.MemorySegmentBytesIn.readByte (0x000074dd1fe6d088) [0x000074dd1fe6d180, 0x000074dd1fe70ba0] 
[3,546s][debug][gc,nmethod     ] GC(1) O: Purge NMethod: java.util.ArrayDeque.isEmpty (0x000074dd1fed4388) [0x000074dd1fed4480, 0x000074dd1fed45d0] 
[3,546s][debug][gc,nmethod     ] GC(1) O: Purge NMethod: it.unimi.dsi.fastutil.ints.Int2IntOpenHashMap.find (0x000074dd1fb51388) [0x000074dd1fb51480, 0x000074dd1fb518e8] 
[3,546s][debug][gc,nmethod     ] GC(1) O: Purge NMethod: org.magicwerk.brownies.collections.GapList.doGet (0x000074dd1fa05d08) [0x000074dd1fa05e00, 0x000074dd1fa06138] 
[3,546s][debug][gc,nmethod     ] GC(1) O: Purge NMethod: io.sirix.node.MemorySegmentBytesIn.readStopBit (0x000074dd1fec5b88) [0x000074dd1fec5c80, 0x000074dd1fec5eb0] 
[3,546s][debug][gc,nmethod     ] GC(1) O: Purge NMethod: java.lang.StringBuilder.append (0x000074dd1f48ff08) [0x000074dd1f490000, 0x000074dd1f490148] 
[3,546s][debug][gc,nmethod     ] GC(1) O: Purge NMethod: jdk.internal.foreign.MemorySessionImpl.checkValidStateRaw (0x000074dd1f441c88) [0x000074dd1f441d80, 0x000074dd1f441fb0] 
[3,546s][debug][gc,nmethod     ] GC(1) O: Purge NMethod: sun.security.provider.SHA2.implCompress0 (0x000074dd1fe02288) [0x000074dd1fe02380, 0x000074dd1fe03030] 
[3,546s][debug][gc,nmethod     ] GC(1) O: Purge NMethod: io.sirix.node.MemorySegmentBytesIn.read (0x000074dd1fe8ec88) [0x000074dd1fe8ed80, 0x000074dd1fe8eec8] 
[3,546s][debug][gc,nmethod     ] GC(1) O: Purge NMethod: jdk.internal.foreign.AbstractMemorySegmentImpl.toArray (0x000074dd1fe04308) [0x000074dd1fe04400, 0x000074dd1fe0f0f0] 
[3,546s][debug][gc,nmethod     ] GC(1) O: Purge NMethod: io.sirix.node.NodeSerializerImpl.serializeDeweyID (0x000074dd1fdfdf88) [0x000074dd1fdfe080, 0x000074dd1fdfe640] 
[3,546s][debug][gc,nmethod     ] GC(1) O: Purge NMethod: jdk.internal.foreign.layout.ValueLayouts$OfByteImpl.withOrder (0x000074dd1fda8d08) [0x000074dd1fda8e00, 0x000074dd1fda8f60] 
[3,546s][debug][gc,nmethod     ] GC(1) O: Purge NMethod: java.util.concurrent.ForkJoinPool.deactivate (0x000074dd3ee5ca08) [0x000074dd3ee5cb00, 0x000074dd3ee5da50] 
[3,546s][debug][gc,nmethod     ] GC(1) O: Purge NMethod: jdk.internal.foreign.SegmentFactories.allocateNativeInternal (0x000074dd1fd18e88) [0x000074dd1fd18f80, 0x000074dd1fd1c3c8] 
[3,546s][debug][gc,nmethod     ] GC(1) O: Purge NMethod: java.lang.String.startsWith (0x000074dd1f88db08) [0x000074dd1f88dc00, 0x000074dd1f88def8] 
[3,546s][debug][gc,nmethod     ] GC(1) O: Purge NMethod: java.util.HashMap.put (0x000074dd1f774488) [0x000074dd1f774580, 0x000074dd1f774b68] 
[3,546s][debug][gc,nmethod     ] GC(1) O: Purge NMethod: java.lang.StringBuilder.append (0x000074dd1fee8588) [0x000074dd1fee8680, 0x000074dd1fee87c8] 
[3,546s][debug][gc,nmethod     ] GC(1) O: Purge NMethod: io.sirix.query.stream.node.SirixNodeStream.next (0x000074dd1ff89388) [0x000074dd1ff89480, 0x000074dd1ff8a368] 
[3,546s][debug][gc,nmethod     ] GC(1) O: Purge NMethod: io.sirix.access.trx.node.AbstractNodeReadOnlyTrx.assertNotClosed (0x000074dd1f9ad008) [0x000074dd1f9ad100, 0x000074dd1f9ad308] 
[3,546s][debug][gc,nmethod     ] GC(1) O: Purge NMethod: java.lang.invoke.MethodType.methodType (0x000074dd1f45cb88) [0x000074dd1f45cc80, 0x000074dd1f45d160] 
[3,546s][debug][gc,nmethod     ] GC(1) O: Purge NMethod: java.util.HashSet.isEmpty (0x000074dd1f448c88) [0x000074dd1f448d80, 0x000074dd1f449128] 
[3,546s][debug][gc,nmethod     ] GC(1) O: Purge NMethod: io.brackit.query.node.parser.SAX2SubtreeHandlerAdapter.handleText (0x000074dd3ed16288) [0x000074dd3ed16380, 0x000074dd3ed17d98] 
[3,546s][debug][gc,nmethod     ] GC(1) O: Purge NMethod: io.sirix.access.trx.node.AbstractNodeReadOnlyTrx.hasRightSibling (0x000074dd1fb19088) [0x000074dd1fb19180, 0x000074dd1fb199a0] 
[3,546s][debug][gc,nmethod     ] GC(1) O: Purge NMethod: java.lang.Integer.hashCode (0x000074dd1f52d088) [0x000074dd1f52d180, 0x000074dd1f52d2d8] 
[3,546s][debug][gc,nmethod     ] GC(1) O: Purge NMethod: io.sirix.access.trx.page.NodePageTrx.createNameKey (0x000074dd3ed1de08) [0x000074dd3ed1df00, 0x000074dd3ed1e870] 
[3,546s][debug][gc,nmethod     ] GC(1) O: Purge NMethod: java.util.concurrent.locks.AbstractQueuedSynchronizer.signalNext (0x000074dd1fee8888) [0x000074dd1fee8980, 0x000074dd1fee9bf8] 
[3,546s][debug][gc,nmethod     ] GC(1) O: Purge NMethod: java.util.concurrent.atomic.AtomicLong.incrementAndGet (0x000074dd1f98e708) [0x000074dd1f98e800, 0x000074dd1f98e918] 
[3,546s][debug][gc,nmethod     ] GC(1) O: Purge NMethod: java.util.concurrent.ConcurrentHashMap.putIfAbsent (0x000074dd3ec66288) [0x000074dd3ec66380, 0x000074dd3ec68ba8] 
[3,546s][debug][gc,nmethod     ] GC(1) O: Purge NMethod: io.brackit.query.atomic.AbstractAtomic.atomize (0x000074dd201eb708) [0x000074dd201eb800, 0x000074dd201eb900] 
[3,546s][debug][gc,nmethod     ] GC(1) O: Purge NMethod: io.sirix.axis.AbstractAxis.hasNext (0x000074dd3eee2088) [0x000074dd3eee2180, 0x000074dd3eee2888] 
[3,546s][debug][gc,nmethod     ] GC(1) O: Purge NMethod: java.nio.HeapByteBuffer.putLong (0x000074dd2007c388) [0x000074dd2007c480, 0x000074dd2007df90] 
[3,546s][debug][gc,nmethod     ] GC(1) O: Purge NMethod: org.magicwerk.brownies.collections.GapList.doGet (0x000074dd20002c08) [0x000074dd20002d00, 0x000074dd20003038] 
[3,546s][debug][gc,nmethod     ] GC(1) O: Purge NMethod: java.lang.invoke.VarHandleSegmentAsLongs.get (0x000074dd1f9b0688) [0x000074dd1f9b0780, 0x000074dd1f9b5c20] 
[3,546s][debug][gc,nmethod     ] GC(1) O: Purge NMethod: java.lang.invoke.VarHandleGuards.guard_LL_V (0x000074dd1f8dfa08) [0x000074dd1f8dfb00, 0x000074dd1f8e46e8] 
[3,546s][debug][gc,nmethod     ] GC(1) O: Purge NMethod: jdk.internal.classfile.impl.BufWriterImpl.writeU1 (0x000074dd1f4f6e08) [0x000074dd1f4f6f00, 0x000074dd1f4f7348] 
[3,546s][debug][gc,nmethod     ] GC(1) O: Purge NMethod: java.util.ArrayDeque.pop (0x000074dd1fb6cf88) [0x000074dd1fb6d080, 0x000074dd1fb6d320] 
[3,546s][debug][gc,nmethod     ] GC(1) O: Purge NMethod: java.lang.String.indexOf (0x000074dd3ec80f88) [0x000074dd3ec81080, 0x000074dd3ec812d8] 
[3,546s][debug][gc,nmethod     ] GC(1) O: Purge NMethod: java.util.ArrayList.<init> (0x000074dd1f5a0588) [0x000074dd1f5a0680, 0x000074dd1f5a0920] 
[3,546s][debug][gc,nmethod     ] GC(1) O: Purge NMethod: io.sirix.node.GrowingMemorySegment.grow (0x000074dd1fd73108) [0x000074dd1fd73200, 0x000074dd1fd84048] 
[3,546s][debug][gc,nmethod     ] GC(1) O: Purge NMethod: com.sun.org.apache.xerces.internal.impl.XMLDocumentFragmentScannerImpl.seekCloseOfStartTag (0x000074dd1fb6ec88) [0x000074dd1fb6ed80, 0x000074dd1fb70350] 
[3,546s][debug][gc,nmethod     ] GC(1) O: Purge NMethod: io.sirix.access.trx.node.AbstractNodeReadOnlyTrx.hasNode (0x000074dd3ed12608) [0x000074dd3ed12700, 0x000074dd3ed13630] 
[3,546s][debug][gc,nmethod     ] GC(1) O: Purge NMethod: jdk.internal.classfile.impl.BufWriterImpl.writeU1U2U2 (0x000074dd1f506c08) [0x000074dd1f506d00, 0x000074dd1f5071f8] 
[3,546s][debug][gc,nmethod     ] GC(1) O: Purge NMethod: jdk.internal.foreign.AbstractMemorySegmentImpl.isAlignedForElement (0x000074dd1f414808) [0x000074dd1f414900, 0x000074dd1f414f28] 
[3,546s][debug][gc,nmethod     ] GC(1) O: Purge NMethod: java.util.concurrent.locks.AbstractQueuedSynchronizer.signalNext (0x000074dd3ecdd308) [0x000074dd3ecdd400, 0x000074dd3ecdd498] 
[3,546s][debug][gc,nmethod     ] GC(1) O: Purge NMethod: java.lang.AbstractStringBuilder.append (0x000074dd1fe86688) [0x000074dd1fe86780, 0x000074dd1fe873d0] 
[3,546s][debug][gc,nmethod     ] GC(1) O: Purge NMethod: java.util.concurrent.locks.ReentrantLock$NonfairSync.initialTryLock (0x000074dd1fee4788) [0x000074dd1fee4880, 0x000074dd1fee5570] 
[3,546s][debug][gc,nmethod     ] GC(1) O: Purge NMethod: io.sirix.page.UberPage.getPageCountExp (0x000074dd1fea0308) [0x000074dd1fea0400, 0x000074dd1fea0948] 
[3,546s][debug][gc,nmethod     ] GC(1) O: Purge NMethod: java.lang.String.<init> (0x000074dd1f44ff88) [0x000074dd1f450080, 0x000074dd1f4503c0] 
[3,546s][debug][gc,nmethod     ] GC(1) O: Purge NMethod: java.lang.invoke.VarHandleSegmentAsInts.set (0x000074dd1f9a2488) [0x000074dd1f9a2580, 0x000074dd1f9a7b50] 
[3,546s][debug][gc,nmethod     ] GC(1) O: Purge NMethod: io.sirix.access.trx.page.NodePageReadOnlyTrx.getRecord (0x000074dd1fec2288) [0x000074dd1fec2380, 0x000074dd1fec3db8] 
[3,546s][debug][gc,nmethod     ] GC(1) O: Purge NMethod: io.sirix.utils.XMLToken.isNCStartChar (0x000074dd3eccb408) [0x000074dd3eccb500, 0x000074dd3eccb5e0] 
[3,546s][debug][gc,nmethod     ] GC(1) O: Purge NMethod: java.util.ArrayDeque.push (0x000074dd2003b388) [0x000074dd2003b480, 0x000074dd2003b5b0] 
[3,546s][debug][gc,nmethod     ] GC(1) O: Purge NMethod: io.sirix.query.node.SubtreeBuilder.startElement (0x000074dd3ed4bb08) [0x000074dd3ed4bc00, 0x000074dd3ed4d298] 
[3,546s][debug][gc,nmethod     ] GC(1) O: Purge NMethod: jdk.internal.foreign.AbstractMemorySegmentImpl$$Lambda/0x0000000069250d80.apply (0x000074dd1fda8a08) [0x000074dd1fda8b00, 0x000074dd1fda8c48] 
[3,546s][debug][gc,nmethod     ] GC(1) O: Purge NMethod: io.sirix.node.json.JsonNodeSerializer.writeSizePrefix (0x000074dd1fd49908) [0x000074dd1fd49a00, 0x000074dd1fd49d88] 
[3,546s][debug][gc,nmethod     ] GC(1) O: Purge NMethod: jdk.internal.misc.Unsafe.weakCompareAndSetReference (0x000074dd1f479c88) [0x000074dd1f479d80, 0x000074dd1f479f00] 
[3,546s][debug][gc,nmethod     ] GC(1) O: Purge NMethod: jdk.internal.classfile.impl.DirectCodeBuilder$4.writeBody (0x000074dd1f6d2808) [0x000074dd1f6d2900, 0x000074dd1f6d68e8] 
[3,546s][debug][gc,nmethod     ] GC(1) O: Purge NMethod: jdk.internal.classfile.impl.Util.parameterSlots (0x000074dd1f4fc888) [0x000074dd1f4fc980, 0x000074dd1f4fce10] 
[3,546s][debug][gc,nmethod     ] GC(1) O: Purge NMethod: io.sirix.access.trx.page.NodePageTrx.getPageContainer (0x000074dd3ecbe988) [0x000074dd3ecbea80, 0x000074dd3ecbf168] 
[3,546s][debug][gc,nmethod     ] GC(1) O: Purge NMethod: com.sun.org.apache.xerces.internal.impl.XMLEntityScanner.peekChar (0x000074dd1fa30708) [0x000074dd1fa30800, 0x000074dd1fa30cb8] 
[3,546s][debug][gc,nmethod     ] GC(1) O: Purge NMethod: io.sirix.access.trx.node.AbstractResourceSession.getResourceConfig (0x000074dd1fa14688) [0x000074dd1fa14780, 0x000074dd1fa14a20] 
[3,546s][debug][gc,nmethod     ] GC(1) O: Purge NMethod: io.sirix.access.trx.node.AbstractNodeReadOnlyTrx.getNodeKey (0x000074dd1fa32788) [0x000074dd1fa32880, 0x000074dd1fa32ee8] 
[3,546s][debug][gc,nmethod     ] GC(1) O: Purge NMethod: io.sirix.page.NamePage.setName (0x000074dd3ed1da08) [0x000074dd3ed1db00, 0x000074dd3ed1ddd0] 
[3,546s][debug][gc,nmethod     ] GC(1) O: Purge NMethod: java.util.concurrent.ConcurrentHashMap.addCount (0x000074dd1f931508) [0x000074dd1f931600, 0x000074dd1f932358] 
[3,546s][debug][gc,nmethod     ] GC(1) O: Purge NMethod: java.lang.invoke.VarHandleGuards.guard_LJJ_V (0x000074dd1f9b5c88) [0x000074dd1f9b5d80, 0x000074dd1f9ba950] 
[3,546s][debug][gc,nmethod     ] GC(1) O: Purge NMethod: jdk.internal.foreign.SegmentFactories$1.cleanup (0x000074dd1fd9c888) [0x000074dd1fd9c980, 0x000074dd1fd9cb48] 
[3,546s][debug][gc,nmethod     ] GC(1) O: Purge NMethod: java.util.ArrayDeque.removeFirst (0x000074dd1fb51c88) [0x000074dd1fb51d80, 0x000074dd1fb51fc8] 
[3,546s][debug][gc,nmethod     ] GC(1) O: Purge NMethod: io.brackit.query.expr.StepExpr$AxisStepSequenceIter.next (0x000074dd1ff88a88) [0x000074dd1ff88b80, 0x000074dd1ff89318] 
[3,546s][debug][gc,nmethod     ] GC(1) O: Purge NMethod: java.nio.DirectByteBuffer.address (0x000074dd1fb11388) [0x000074dd1fb11480, 0x000074dd1fb12dc0] 
[3,546s][debug][gc,nmethod     ] GC(1) O: Purge NMethod: io.sirix.access.trx.node.xml.XmlNodeTrxImpl.adaptForInsert (0x000074dd20030988) [0x000074dd20030a80, 0x000074dd20033828] 
[3,546s][debug][gc,nmethod     ] GC(1) O: Purge NMethod: io.sirix.access.trx.node.xml.XmlNodeReadOnlyTrxImpl.getNode (0x000074dd1fa65988) [0x000074dd1fa65a80, 0x000074dd1fa65d78] 
[3,546s][debug][gc,nmethod     ] GC(1) O: Purge NMethod: java.util.BitSet.nextSetBit (0x000074dd1feb2b88) [0x000074dd1feb2c80, 0x000074dd1feb3c70] 
[3,546s][debug][gc,nmethod     ] GC(1) O: Purge NMethod: io.sirix.utils.OS.isWindows (0x000074dd1fe8d808) [0x000074dd1fe8d900, 0x000074dd1fe8d9e8] 
[3,546s][debug][gc,nmethod     ] GC(1) O: Purge NMethod: io.sirix.access.trx.node.AbstractNodeReadOnlyTrx.moveToParent (0x000074dd1fb05b88) [0x000074dd1fb05c80, 0x000074dd1fb064e0] 
[3,546s][debug][gc,nmethod     ] GC(1) O: Purge NMethod: sun.nio.cs.UTF_8$Decoder.decodeArrayLoop (0x000074dd1fcee188) [0x000074dd1fcee280, 0x000074dd1fcf8170] 
[3,546s][debug][gc,nmethod     ] GC(1) O: Purge NMethod: io.sirix.access.trx.page.NodePageReadOnlyTrx.getRecordPage (0x000074dd1fecdc88) [0x000074dd1fecdd80, 0x000074dd1fed30d0] 
[3,546s][debug][gc,nmethod     ] GC(1) O: Purge NMethod: java.util.concurrent.ConcurrentHashMap$BaseIterator.hasNext (0x000074dd1f685488) [0x000074dd1f685580, 0x000074dd1f685700] 
[3,546s][debug][gc,nmethod     ] GC(1) O: Purge NMethod: io.sirix.axis.pathsummary.AbstractAxis.hasNext (0x000074dd1fed5908) [0x000074dd1fed5a00, 0x000074dd1fed60a8] 
[3,546s][debug][gc,nmethod     ] GC(1) O: Purge NMethod: io.sirix.access.trx.page.NodePageTrx.getMostRecentPageContainer (0x000074dd1f9c7808) [0x000074dd1f9c7900, 0x000074dd1f9c7f30] 
[3,546s][debug][gc,nmethod     ] GC(1) O: Purge NMethod: java.lang.invoke.SegmentVarHandle.checkSegment (0x000074dd1f92cd08) [0x000074dd1f92ce00, 0x000074dd1f930718] 
[3,546s][debug][gc,nmethod     ] GC(1) O: Purge NMethod: it.unimi.dsi.fastutil.ints.Int2LongOpenHashMap.find (0x000074dd1fc52308) [0x000074dd1fc52400, 0x000074dd1fc52868] 
[3,546s][debug][gc,nmethod     ] GC(1) O: Purge NMethod: io.sirix.node.MemorySegmentBytesOut.writeLong (0x000074dd1f9c8608) [0x000074dd1f9c8700, 0x000074dd1f9c8898] 
[3,546s][debug][gc,nmethod     ] GC(1) O: Purge NMethod: io.sirix.page.KeyValueLeafPage.getAvailableSpace (0x000074dd1fd1ce08) [0x000074dd1fd1cf00, 0x000074dd1fd229c0] 
[3,546s][debug][gc,nmethod     ] GC(1) O: Purge NMethod: net.jpountz.lz4.LZ4BlockOutputStream.writeIntLE (0x000074dd1fe36608) [0x000074dd1fe36700, 0x000074dd1fe36880] 
[3,546s][debug][gc,nmethod     ] GC(1) O: Purge NMethod: java.nio.HeapByteBuffer.ix (0x000074dd1fcc7f08) [0x000074dd1fcc8000, 0x000074dd1fcc8108] 
[3,546s][debug][gc,nmethod     ] GC(1) O: Purge NMethod: jdk.internal.foreign.layout.AbstractLayout.requirePowerOfTwoAndGreaterOrEqualToOne (0x000074dd1fdf6d88) [0x000074dd1fdf6e80, 0x000074dd1fdf7c00] 
[3,546s][debug][gc,nmethod     ] GC(1) O: Purge NMethod: java.lang.StringBuilder.append (0x000074dd3ec20508) [0x000074dd3ec20600, 0x000074dd3ec20db0] 
[3,546s][debug][gc,nmethod     ] GC(1) O: Purge NMethod: java.util.concurrent.ConcurrentHashMap.spread (0x000074dd1f414188) [0x000074dd1f414280, 0x000074dd1f414370] 
[3,546s][debug][gc,nmethod     ] GC(1) O: Purge NMethod: com.google.common.base.Preconditions.checkArgument (0x000074dd1f9d0788) [0x000074dd1f9d0880, 0x000074dd1f9d0d00] 
[3,546s][debug][gc,nmethod     ] GC(1) O: Purge NMethod: io.sirix.access.trx.node.AbstractNodeHashing.rollingAdd (0x000074dd20024188) [0x000074dd20024280, 0x000074dd20029580] 
[3,546s][debug][gc,nmethod     ] GC(1) O: Purge NMethod: jdk.internal.misc.Unsafe.putLongRelease (0x000074dd2000b988) [0x000074dd2000ba80, 0x000074dd2000bb98] 
[3,546s][debug][gc,nmethod     ] GC(1) O: Purge NMethod: net.openhft.hashing.MathsJDK9.unsignedLongMulXorFoldImp (0x000074dd1f9f8808) [0x000074dd1f9f8900, 0x000074dd1f9f8a80] 
[3,546s][debug][gc,nmethod     ] GC(1) O: Purge NMethod: io.sirix.axis.AbstractAxis.tryToComputeNext (0x000074dd1fa43f88) [0x000074dd1fa44080, 0x000074dd1fa447b0] 
[3,546s][debug][gc,nmethod     ] GC(1) O: Purge NMethod: jdk.internal.loader.URLClassPath$JarLoader$1.getCodeSourceURL (0x000074dd1f5e3088) [0x000074dd1f5e3180, 0x000074dd1f5e32e8] 
[3,546s][debug][gc,nmethod     ] GC(1) O: Purge NMethod: io.sirix.index.name.Names.setName (0x000074dd3ed24588) [0x000074dd3ed24680, 0x000074dd3ed26c48] 
[3,546s][debug][gc,nmethod     ] GC(1) O: Purge NMethod: io.sirix.access.Utils.buildName (0x000074dd1fb79a88) [0x000074dd1fb79b80, 0x000074dd1fb7ab78] 
[3,546s][debug][gc,nmethod     ] GC(1) O: Purge NMethod: io.sirix.access.trx.node.AbstractNodeReadOnlyTrx.getKind (0x000074dd3eccc208) [0x000074dd3eccc300, 0x000074dd3eccc480] 
[3,547s][debug][gc,nmethod     ] GC(1) O: Purge NMethod: jdk.internal.foreign.MemorySessionImpl$ResourceList$ResourceCleanup.<init> (0x000074dd1fa84588) [0x000074dd1fa84680, 0x000074dd1fa847d8] 
[3,547s][debug][gc,nmethod     ] GC(1) O: Purge NMethod: com.sun.org.apache.xerces.internal.parsers.AbstractSAXParser.startNamespaceMapping (0x000074dd1fb9af88) [0x000074dd1fb9b080, 0x000074dd1fb9b8a8] 
[3,547s][debug][gc,nmethod     ] GC(1) O: Purge NMethod: java.lang.invoke.Invokers$Holder.linkToTargetMethod (0x000074dd1fa2e308) [0x000074dd1fa2e400, 0x000074dd1fa2e8f8] 
[3,547s][debug][gc,nmethod     ] GC(1) O: Purge NMethod: it.unimi.dsi.fastutil.longs.LongArrayList.grow (0x000074dd1fa4de08) [0x000074dd1fa4df00, 0x000074dd1fa4e460] 
[3,547s][debug][gc,nmethod     ] GC(1) O: Purge NMethod: io.sirix.page.delegates.BitmapReferencesPage.getOrCreateReference (0x000074dd20018508) [0x000074dd20018600, 0x000074dd20018ca8] 
[3,547s][debug][gc,nmethod     ] GC(1) O: Purge NMethod: jdk.internal.classfile.impl.AbstractPoolEntry$AbstractRefsEntry.writeTo (0x000074dd1f506108) [0x000074dd1f506200, 0x000074dd1f506ba0] 
[3,547s][debug][gc,nmethod     ] GC(1) O: Purge NMethod: io.sirix.access.trx.node.xml.XmlNodeReadOnlyTrxImpl.getLocalNameKey (0x000074dd1ff9b988) [0x000074dd1ff9ba80, 0x000074dd1ff9c960] 
[3,547s][debug][gc,nmethod     ] GC(1) O: Purge NMethod: io.sirix.node.xml.TextNode.setRightSiblingKey (0x000074dd1fbdf608) [0x000074dd1fbdf700, 0x000074dd1fbe4828] 
[3,547s][debug][gc,nmethod     ] GC(1) O: Purge NMethod: io.sirix.access.trx.page.AbstractForwardingPageReadOnlyTrx.getResourceSession (0x000074dd1fb82f88) [0x000074dd1fb83080, 0x000074dd1fb835b8] 
[3,547s][debug][gc,nmethod     ] GC(1) O: Purge NMethod: jdk.internal.foreign.layout.ValueLayouts$OfByteImpl.dup (0x000074dd1fdaa788) [0x000074dd1fdaa880, 0x000074dd1fdaaa10] 
[3,547s][debug][gc,nmethod     ] GC(1) O: Purge NMethod: java.lang.String.encode (0x000074dd1fe92f88) [0x000074dd1fe93080, 0x000074dd1fe933b8] 
[3,547s][debug][gc,nmethod     ] GC(1) O: Purge NMethod: io.sirix.node.xml.AttributeNode.getKind (0x000074dd1fe35e88) [0x000074dd1fe35f80, 0x000074dd1fe362a0] 
[3,547s][debug][gc,nmethod     ] GC(1) O: Purge NMethod: com.sun.org.apache.xerces.internal.parsers.AbstractXMLDocumentParser.emptyElement (0x000074dd1fca9b08) [0x000074dd1fca9c00, 0x000074dd1fcaa118] 
[3,547s][debug][gc,nmethod     ] GC(1) O: Purge NMethod: java.util.stream.StreamSupport.stream (0x000074dd1f801088) [0x000074dd1f801180, 0x000074dd1f801570] 
[3,547s][debug][gc,nmethod     ] GC(1) O: Purge NMethod: java.lang.String.compareTo (0x000074dd1fb57d88) [0x000074dd1fb57e80, 0x000074dd1fb586b0] 
[3,547s][debug][gc,nmethod     ] GC(1) O: Purge NMethod: io.sirix.access.trx.page.NodePageTrx.getRecord (0x000074dd1fc1df88) [0x000074dd1fc1e080, 0x000074dd1fc20020] 
[3,547s][debug][gc,nmethod     ] GC(1) O: Purge NMethod: jdk.internal.misc.Unsafe.checkOffset (0x000074dd1f745208) [0x000074dd1f745300, 0x000074dd1f745560] 
[3,547s][debug][gc,nmethod     ] GC(1) O: Purge NMethod: io.sirix.access.trx.page.NodePageTrx.prepareRecordForModification (0x000074dd3ecba308) [0x000074dd3ecba400, 0x000074dd3ecbb430] 
[3,547s][debug][gc,nmethod     ] GC(1) O: Purge NMethod: io.sirix.access.trx.page.NodePageTrx.prepareRecordForModification (0x000074dd20022188) [0x000074dd20022280, 0x000074dd20024108] 
[3,547s][debug][gc,nmethod     ] GC(1) O: Purge NMethod: io.sirix.utils.XMLToken.ncName (0x000074dd1fb74b88) [0x000074dd1fb74c80, 0x000074dd1fb750d8] 
[3,547s][debug][gc,nmethod     ] GC(1) O: Purge NMethod: com.sun.org.apache.xerces.internal.impl.XMLNSDocumentScannerImpl.next (0x000074dd1fcb9388) [0x000074dd1fcb9480, 0x000074dd1fcb9950] 
[3,547s][debug][gc,nmethod     ] GC(1) O: Purge NMethod: io.sirix.axis.filter.AbstractFilter.<init> (0x000074dd1fad3e88) [0x000074dd1fad3f80, 0x000074dd1fad44b8] 
[3,547s][debug][gc,nmethod     ] GC(1) O: Purge NMethod: io.sirix.index.path.summary.PathSummaryWriter.getPathNodeKey (0x000074dd20029608) [0x000074dd20029700, 0x000074dd2002d560] 
[3,547s][debug][gc,nmethod     ] GC(1) O: Purge NMethod: io.sirix.page.delegates.ReferencesPage4.getOrCreateReference (0x000074dd1feb7888) [0x000074dd1feb7980, 0x000074dd1feb9398] 
[3,547s][debug][gc,nmethod     ] GC(1) O: Purge NMethod: io.sirix.access.trx.node.AbstractNodeReadOnlyTrx.hasNode (0x000074dd1fb41188) [0x000074dd1fb41280, 0x000074dd1fb41eb0] 
[3,547s][debug][gc,nmethod     ] GC(1) O: Purge NMethod: com.sun.org.apache.xerces.internal.impl.XMLEntityScanner.skipSpaces (0x000074dd1fce7588) [0x000074dd1fce7680, 0x000074dd1fce8910] 
[3,547s][debug][gc,nmethod     ] GC(1) O: Purge NMethod: jdk.internal.foreign.layout.ValueLayouts$AbstractValueLayout.assertCarrierSize (0x000074dd1fda5d88) [0x000074dd1fda5e80, 0x000074dd1fda5f58] 
[3,547s][debug][gc,nmethod     ] GC(1) O: Purge NMethod: java.util.ArrayList.iterator (0x000074dd1f5bfa08) [0x000074dd1f5bfb00, 0x000074dd1f5bfe00] 
[3,547s][debug][gc,nmethod     ] GC(1) O: Purge NMethod: io.sirix.access.trx.node.AbstractNodeReadOnlyTrx.hasFirstChild (0x000074dd1fbe9088) [0x000074dd1fbe9180, 0x000074dd1fbe99a0] 
[3,547s][debug][gc,nmethod     ] GC(1) O: Purge NMethod: io.sirix.access.trx.node.xml.XmlNodeReadOnlyTrxImpl.getNode (0x000074dd2001ee08) [0x000074dd2001ef00, 0x000074dd20021480] 
[3,547s][debug][gc,nmethod     ] GC(1) O: Purge NMethod: it.unimi.dsi.fastutil.shorts.AbstractShortList.ensureIndex (0x000074dd1feb9408) [0x000074dd1feb9500, 0x000074dd1febb7e0] 
[3,547s][debug][gc,nmethod     ] GC(1) O: Purge NMethod: java.util.HashMap.putIfAbsent (0x000074dd1f43dc08) [0x000074dd1f43dd00, 0x000074dd1f43e2e8] 
[3,547s][debug][gc,nmethod     ] GC(1) O: Purge NMethod: com.sun.org.apache.xerces.internal.util.NamespaceSupport.popContext (0x000074dd1fc0c408) [0x000074dd1fc0c500, 0x000074dd1fc0c668] 
[3,547s][debug][gc,nmethod     ] GC(1) O: Purge NMethod: io.brackit.query.node.parser.SAX2SubtreeHandlerAdapter.endElement (0x000074dd1fbcc208) [0x000074dd1fbcc300, 0x000074dd1fbcdf48] 
[3,547s][debug][gc,nmethod     ] GC(1) O: Purge NMethod: io.sirix.access.trx.node.xml.XmlNodeFactoryImpl.createPathNode (0x000074dd1fcd3d88) [0x000074dd1fcd3e80, 0x000074dd1fcd6ff8] 
[3,547s][debug][gc,nmethod     ] GC(1) O: Purge NMethod: io.sirix.utils.XMLToken.isNCChar (0x000074dd3eccd988) [0x000074dd3eccda80, 0x000074dd3eccdb60] 
[3,547s][debug][gc,nmethod     ] GC(1) O: Purge NMethod: io.sirix.cache.LinuxMemorySegmentAllocator.partitionVirtualRegion (0x000074dd1f491608) [0x000074dd1f491700, 0x000074dd1f492518] 
[3,547s][debug][gc,nmethod     ] GC(1) O: Purge NMethod: java.lang.Math.multiplyHigh (0x000074dd1f9f8508) [0x000074dd1f9f8600, 0x000074dd1f9f8758] 
[3,547s][debug][gc,nmethod     ] GC(1) O: Purge NMethod: com.sun.org.apache.xerces.internal.impl.XMLEntityScanner.skipChar (0x000074dd1fa2fb88) [0x000074dd1fa2fc80, 0x000074dd1fa301c8] 
[3,547s][debug][gc,nmethod     ] GC(1) O: Purge NMethod: io.brackit.query.atomic.Una.<init> (0x000074dd1fb0bb08) [0x000074dd1fb0bc00, 0x000074dd1fb0bf20] 
[3,547s][debug][gc,nmethod     ] GC(1) O: Purge NMethod: jdk.internal.foreign.layout.AbstractLayout.requirePowerOfTwoAndGreaterOrEqualToOne (0x000074dd1fd9c388) [0x000074dd1fd9c480, 0x000074dd1fd9c828] 
[3,547s][debug][gc,nmethod     ] GC(1) O: Purge NMethod: jdk.internal.foreign.MemorySessionImpl.addInternal (0x000074dd1fd16608) [0x000074dd1fd16700, 0x000074dd1fd17670] 
[3,547s][debug][gc,nmethod     ] GC(1) O: Purge NMethod: java.lang.foreign.MemorySegment.copy (0x000074dd1fd23308) [0x000074dd1fd23400, 0x000074dd1fd33d08] 
[3,547s][debug][gc,nmethod     ] GC(1) O: Purge NMethod: io.sirix.page.KeyValueLeafPage.updateLastSlotIndex (0x000074dd1ff10e88) [0x000074dd1ff10f80, 0x000074dd1ff11300] 
[3,547s][debug][gc,nmethod     ] GC(1) O: Purge NMethod: io.sirix.node.json.JsonNodeSerializer.updateSizePrefix (0x000074dd1fd72988) [0x000074dd1fd72a80, 0x000074dd1fd730f0] 
[3,547s][debug][gc,nmethod     ] GC(1) O: Purge NMethod: jdk.internal.classfile.impl.TerminalCodeBuilder.setupTopLocal (0x000074dd1f6bc308) [0x000074dd1f6bc400, 0x000074dd1f6be988] 
[3,547s][debug][gc,nmethod     ] GC(1) O: Purge NMethod: jdk.xml.internal.XMLSecurityManager.isOverLimit (0x000074dd1fa4e488) [0x000074dd1fa4e580, 0x000074dd1fa4fb60] 
[3,547s][debug][gc,nmethod     ] GC(1) O: Purge NMethod: jdk.internal.foreign.AbstractMemorySegmentImpl.asSlice (0x000074dd1fab4d88) [0x000074dd1fab4e80, 0x000074dd1fab52c0] 
[3,547s][debug][gc,nmethod     ] GC(1) O: Purge NMethod: java.lang.String.getBytes (0x000074dd1fe6a708) [0x000074dd1fe6a800, 0x000074dd1fe6ad08] 
[3,547s][debug][gc,nmethod     ] GC(1) O: Purge NMethod: io.sirix.page.NamePage.getCurrentMaxLevelOfIndirectPages (0x000074dd2034e208) [0x000074dd2034e300, 0x000074dd2034e4a8] 
[3,547s][debug][gc,nmethod     ] GC(1) O: Purge NMethod: com.sun.org.apache.xerces.internal.util.XMLAttributesImpl.getValue (0x000074dd1fc5a188) [0x000074dd1fc5a280, 0x000074dd1fc5a8b0] 
[3,547s][debug][gc,nmethod     ] GC(1) O: Purge NMethod: com.sun.org.apache.xerces.internal.impl.XMLNSDocumentScannerImpl.scanStartElement (0x000074dd1fbad208) [0x000074dd1fbad300, 0x000074dd1fbb55e0] 
[3,547s][debug][gc,nmethod     ] GC(1) O: Purge NMethod: jdk.internal.foreign.Utils$BaseAndScale$$TypeSwitch/0x000000006924c368.typeSwitch (0x000074dd1f98ee08) [0x000074dd1f98ef00, 0x000074dd1f990228] 
[3,547s][debug][gc,nmethod     ] GC(1) O: Purge NMethod: jdk.internal.foreign.SegmentBulkOperations.copy (0x000074dd1fd33d88) [0x000074dd1fd33e80, 0x000074dd1fd44340] 
[3,547s][debug][gc,nmethod     ] GC(1) O: Purge NMethod: io.brackit.query.jdm.type.ElementType.getNodeKind (0x000074dd20145a88) [0x000074dd20145b80, 0x000074dd20145c88] 
[3,547s][debug][gc,nmethod     ] GC(1) O: Purge NMethod: java.lang.foreign.MemorySegment.copy (0x000074dd1fb37888) [0x000074dd1fb37980, 0x000074dd1fb40968] 
[3,547s][debug][gc,nmethod     ] GC(1) O: Purge NMethod: io.sirix.page.PageKind$1.serializePage (0x000074dd3edcaf88) [0x000074dd3edcb080, 0x000074dd3edd2508] 
[3,547s][debug][gc,nmethod     ] GC(1) O: Purge NMethod: java.util.HashMap.computeIfAbsent (0x000074dd1fcb6108) [0x000074dd1fcb6200, 0x000074dd1fcb8a08] 
[3,547s][debug][gc,nmethod     ] GC(1) O: Purge NMethod: java.lang.invoke.VarHandleSegmentAsInts.get (0x000074dd1f988288) [0x000074dd1f988380, 0x000074dd1f98d820] 
[3,547s][debug][gc,nmethod     ] GC(1) O: Purge NMethod: io.sirix.query.node.XmlDBNode.<init> (0x000074dd1ff59488) [0x000074dd1ff59580, 0x000074dd1ff5ae10] 
[3,547s][debug][gc,nmethod     ] GC(1) O: Purge NMethod: com.sun.org.apache.xerces.internal.impl.XMLEntityScanner.peekChar (0x000074dd1fcb8a88) [0x000074dd1fcb8b80, 0x000074dd1fcb9038] 
[3,547s][debug][gc,nmethod     ] GC(1) O: Purge NMethod: com.sun.org.apache.xerces.internal.impl.XMLDocumentFragmentScannerImpl$FragmentContentDriver.next (0x000074dd20052e88) [0x000074dd20052f80, 0x000074dd20060a40] 
[3,547s][debug][gc,nmethod     ] GC(1) O: Purge NMethod: io.sirix.settings.VersioningType$4.combineRecordPages (0x000074dd2014b688) [0x000074dd2014b780, 0x000074dd201503e0] 
[3,547s][debug][gc,nmethod     ] GC(1) O: Purge NMethod: jdk.internal.classfile.impl.SplitConstantPool.utf8Entry (0x000074dd1f4e8088) [0x000074dd1f4e8180, 0x000074dd1f4e8478] 
[3,547s][debug][gc,nmethod     ] GC(1) O: Purge NMethod: java.util.HashMap.computeIfAbsent (0x000074dd3eccfc08) [0x000074dd3eccfd20, 0x000074dd3ecd1ee0] 
[3,547s][debug][gc,nmethod     ] GC(1) O: Purge NMethod: io.sirix.node.xml.AttributeNode.getDeweyID (0x000074dd1fda5988) [0x000074dd1fda5a80, 0x000074dd1fda5d48] 
[3,547s][debug][gc,nmethod     ] GC(1) O: Purge NMethod: io.sirix.query.node.SubtreeProcessor.notifyText (0x000074dd1fb4ae88) [0x000074dd1fb4af80, 0x000074dd1fb4b9e0] 
[3,547s][debug][gc,nmethod     ] GC(1) O: Purge NMethod: java.lang.StringLatin1.compareTo (0x000074dd1f801f88) [0x000074dd1f802080, 0x000074dd1f8023d0] 
[3,547s][debug][gc,nmethod     ] GC(1) O: Purge NMethod: io.sirix.node.xml.ElementNode.hasLeftSibling (0x000074dd3ed05408) [0x000074dd3ed05500, 0x000074dd3ed05958] 
[3,547s][debug][gc,nmethod     ] GC(1) O: Purge NMethod: io.sirix.access.trx.node.AbstractNodeHashing.rollingAdd (0x000074dd3ed2d708) [0x000074dd3ed2d800, 0x000074dd3ed3e6d0] 
[3,547s][debug][gc,nmethod     ] GC(1) O: Purge NMethod: com.sun.org.apache.xerces.internal.impl.XMLEntityScanner.scanQName (0x000074dd1fce4188) [0x000074dd1fce4280, 0x000074dd1fce64b8] 
[3,547s][debug][gc,nmethod     ] GC(1) O: Purge NMethod: com.sun.org.apache.xerces.internal.impl.XMLEntityScanner.checkNodeCount (0x000074dd1fb4e208) [0x000074dd1fb4e300, 0x000074dd1fb4e4c8] 
[3,547s][debug][gc,nmethod     ] GC(1) O: Purge NMethod: jdk.internal.foreign.ArenaImpl.allocate (0x000074dd1fa8bb08) [0x000074dd1fa8bc00, 0x000074dd1fa8bd80] 
[3,547s][debug][gc,nmethod     ] GC(1) O: Purge NMethod: jdk.internal.misc.ScopedMemoryAccess.copyMemory (0x000074dd1f95cc08) [0x000074dd1f95cd00, 0x000074dd1f95e078] 
[3,547s][debug][gc,nmethod     ] GC(1) O: Purge NMethod: io.sirix.node.MemorySegmentBytesOut.writeLong (0x000074dd3ecb7208) [0x000074dd3ecb7300, 0x000074dd3ecb7820] 
[3,547s][debug][gc,nmethod     ] GC(1) O: Purge NMethod: jdk.internal.foreign.AbstractMemorySegmentImpl.get (0x000074dd1f969108) [0x000074dd1f969200, 0x000074dd1f96cb30] 
[3,547s][debug][gc,nmethod     ] GC(1) O: Purge NMethod: com.sun.org.apache.xerces.internal.xni.QName.setValues (0x000074dd1fc20388) [0x000074dd1fc20480, 0x000074dd1fc20838] 
[3,547s][debug][gc,nmethod     ] GC(1) O: Purge NMethod: io.sirix.node.GrowingMemorySegment.<init> (0x000074dd3ed62e08) [0x000074dd3ed62f00, 0x000074dd3ed63cc0] 
[3,547s][debug][gc,nmethod     ] GC(1) O: Purge NMethod: java.nio.HeapByteBuffer.putLong (0x000074dd1fe03388) [0x000074dd1fe03480, 0x000074dd1fe03958] 
[3,547s][debug][gc,nmethod     ] GC(1) O: Purge NMethod: io.sirix.access.trx.page.NodePageReadOnlyTrx.getDataRecord (0x000074dd1fed4688) [0x000074dd1fed4780, 0x000074dd1fed5588] 
[3,547s][debug][gc,nmethod     ] GC(1) O: Purge NMethod: com.sun.org.apache.xerces.internal.impl.XMLEntityScanner.skipSpaces (0x000074dd3ecdef88) [0x000074dd3ecdf080, 0x000074dd3ecdf380] 
[3,547s][debug][gc,nmethod     ] GC(1) O: Purge NMethod: io.sirix.node.xml.TextNode.hasRightSibling (0x000074dd1ff7e008) [0x000074dd1ff7e100, 0x000074dd1ff83538] 
[3,547s][debug][gc,nmethod     ] GC(1) O: Purge NMethod: io.sirix.page.KeyValueLeafPage.isSlotSet (0x000074dd1f45fc08) [0x000074dd1f45fd00, 0x000074dd1f45fea8] 
[3,547s][debug][gc,nmethod     ] GC(1) O: Purge NMethod: net.openhft.hashing.Access.i64 (0x000074dd1f9c5e08) [0x000074dd1f9c5f00, 0x000074dd1f9c6200] 
[3,547s][debug][gc,nmethod     ] GC(1) O: Purge NMethod: io.sirix.access.trx.node.AbstractNodeTrxImpl.checkAccessAndCommit (0x000074dd1fab1488) [0x000074dd1fab1580, 0x000074dd1fab2108] 
[3,547s][debug][gc,nmethod     ] GC(1) O: Purge NMethod: io.sirix.page.KeyValueLeafPage.setRecord (0x000074dd1fa30d08) [0x000074dd1fa30e00, 0x000074dd1fa31438] 
[3,547s][debug][gc,nmethod     ] GC(1) O: Purge NMethod: java.util.concurrent.ForkJoinPool.runWorker (0x000074dd3eec3a08) [0x000074dd3eec3b00, 0x000074dd3eec7620] 
[3,547s][debug][gc,nmethod     ] GC(1) O: Purge NMethod: java.util.BitSet.checkRange (0x000074dd1fa21f08) [0x000074dd1fa22000, 0x000074dd1fa24988] 
[3,547s][debug][gc,nmethod     ] GC(1) O: Purge NMethod: io.brackit.query.atomic.QNm.<init> (0x000074dd1ff4b288) [0x000074dd1ff4b380, 0x000074dd1ff4b828] 
[3,547s][debug][gc,nmethod     ] GC(1) O: Purge NMethod: io.sirix.page.PageKind$1.serializePage (0x000074dd1fe1a208) [0x000074dd1fe1a300, 0x000074dd1fe28020] 
[3,547s][debug][gc,nmethod     ] GC(1) O: Purge NMethod: io.sirix.node.Bytes.elasticOffHeapByteBuffer (0x000074dd1faa1188) [0x000074dd1faa1280, 0x000074dd1faa1bc8] 
[3,547s][debug][gc,nmethod     ] GC(1) O: Purge NMethod: io.sirix.access.trx.node.AbstractNodeTrxImpl.getDeweyID (0x000074dd1fa2ef08) [0x000074dd1fa2f000, 0x000074dd1fa2fb28] 
[3,547s][debug][gc,nmethod     ] GC(1) O: Purge NMethod: java.nio.Bits.reserveMemory (0x000074dd1fa67d08) [0x000074dd1fa67e00, 0x000074dd1fa6ad40] 
[3,547s][debug][gc,nmethod     ] GC(1) O: Purge NMethod: jdk.internal.foreign.AbstractMemorySegmentImpl.isAlignedForElement (0x000074dd1f94ee88) [0x000074dd1f94ef80, 0x000074dd1f94f940] 
[3,547s][debug][gc,nmethod     ] GC(1) O: Purge NMethod: io.sirix.cache.LinuxMemorySegmentAllocator.release (0x000074dd1fe66608) [0x000074dd1fe66700, 0x000074dd1fe69a48] 
[3,547s][debug][gc,nmethod     ] GC(1) O: Purge NMethod: io.sirix.access.trx.node.AbstractResourceSession.assertNotClosed (0x000074dd1fa14308) [0x000074dd1fa14400, 0x000074dd1fa14608] 
[3,547s][debug][gc,nmethod     ] GC(1) O: Purge NMethod: io.sirix.node.xml.ElementNode.getLastChildKey (0x000074dd1fb13f08) [0x000074dd1fb14000, 0x000074dd1fb18ff0] 
[3,547s][debug][gc,nmethod     ] GC(1) O: Purge NMethod: java.lang.invoke.VarHandleGuards.guard_LLL_Z (0x000074dd1f40ee08) [0x000074dd1f40ef00, 0x000074dd1f411e00] 
[3,547s][debug][gc,nmethod     ] GC(1) O: Purge NMethod: java.util.ArrayDeque.push (0x000074dd3ed3f088) [0x000074dd3ed3f180, 0x000074dd3ed3f388] 
[3,547s][debug][gc,nmethod     ] GC(1) O: Purge NMethod: io.sirix.access.trx.node.AbstractNodeHashing.isValueNode (0x000074dd1fab6388) [0x000074dd1fab6480, 0x000074dd1fab8048] 
[3,547s][debug][gc,nmethod     ] GC(1) O: Purge NMethod: org.gradle.internal.io.StreamByteBuffer.allocateSpace (0x000074dd1f89a788) [0x000074dd1f89a880, 0x000074dd1f89b058] 
[3,547s][debug][gc,nmethod     ] GC(1) O: Purge NMethod: java.util.ImmutableCollections$ListN.get (0x000074dd1f40bd08) [0x000074dd1f40be00, 0x000074dd1f40bf88] 
[3,547s][debug][gc,nmethod     ] GC(1) O: Purge NMethod: io.sirix.node.SirixDeweyID.<init> (0x000074dd1ff7bb08) [0x000074dd1ff7bc00, 0x000074dd1ff7c7a0] 
[3,547s][debug][gc,nmethod     ] GC(1) O: Purge NMethod: io.sirix.page.KeyValueLeafPage.updateFreeSpaceStart (0x000074dd3eda4a08) [0x000074dd3eda4b00, 0x000074dd3eda4ff0] 
[3,547s][debug][gc,nmethod     ] GC(1) O: Purge NMethod: io.sirix.node.xml.ElementNode.getParentKey (0x000074dd1f9f2388) [0x000074dd1f9f2480, 0x000074dd1f9f7468] 
[3,547s][debug][gc,nmethod     ] GC(1) O: Purge NMethod: io.sirix.node.xml.AttributeNode.getKind (0x000074dd1fb27908) [0x000074dd1fb27a00, 0x000074dd1fb27b08] 
[3,547s][debug][gc,nmethod     ] GC(1) O: Purge NMethod: it.unimi.dsi.fastutil.HashCommon.mix (0x000074dd1f9d1508) [0x000074dd1f9d1600, 0x000074dd1f9d16f0] 
[3,547s][debug][gc,nmethod     ] GC(1) O: Purge NMethod: sun.net.www.ParseUtil.encodePath (0x000074dd1f5a1208) [0x000074dd1f5a1300, 0x000074dd1f5a14e8] 
[3,547s][debug][gc,nmethod     ] GC(1) O: Purge NMethod: java.util.concurrent.ConcurrentHashMap$Traverser.<init> (0x000074dd1fe60508) [0x000074dd1fe60600, 0x000074dd1fe60800] 
[3,547s][debug][gc,nmethod     ] GC(1) O: Purge NMethod: io.sirix.page.KeyValueLeafPage.setData (0x000074dd200da688) [0x000074dd200da780, 0x000074dd200ffac0] 
[3,547s][debug][gc,nmethod     ] GC(1) O: Purge NMethod: io.sirix.node.MemorySegmentBytesIn.read (0x000074dd1fe93d08) [0x000074dd1fe93e00, 0x000074dd1fe9a8f8] 
[3,547s][debug][gc,nmethod     ] GC(1) O: Purge NMethod: java.lang.String.indexOf (0x000074dd1f58dc88) [0x000074dd1f58dd80, 0x000074dd1f58e838] 
[3,547s][debug][gc,nmethod     ] GC(1) O: Purge NMethod: io.sirix.axis.AbstractAxis.<init> (0x000074dd1ff6c708) [0x000074dd1ff6c800, 0x000074dd1ff6d250] 
[3,547s][debug][gc,nmethod     ] GC(1) O: Purge NMethod: io.sirix.access.trx.node.xml.XmlNodeTrxImpl.insertTextAsFirstChild (0x000074dd1fc15e88) [0x000074dd1fc15f80, 0x000074dd1fc1df40] 
[3,547s][debug][gc,nmethod     ] GC(1) O: Purge NMethod: io.sirix.node.xml.ElementNode.getKind (0x000074dd1fd4f288) [0x000074dd1fd4f380, 0x000074dd1fd4f488] 
[3,547s][debug][gc,nmethod     ] GC(1) O: Purge NMethod: io.sirix.index.path.summary.PathSummaryReader.getLevel (0x000074dd3ed3e788) [0x000074dd3ed3e880, 0x000074dd3ed3e9a0] 
[3,547s][debug][gc,nmethod     ] GC(1) O: Purge NMethod: io.sirix.utils.XMLToken.ncName (0x000074dd1fce3c08) [0x000074dd1fce3d00, 0x000074dd1fce4158] 
[3,547s][debug][gc,nmethod     ] GC(1) O: Purge NMethod: com.sun.org.apache.xerces.internal.impl.XMLEntityScanner.scanChar (0x000074dd2003a808) [0x000074dd2003a900, 0x000074dd2003b328] 
[3,547s][debug][gc,nmethod     ] GC(1) O: Purge NMethod: java.lang.Long.bitCount (0x000074dd1fabf108) [0x000074dd1fabf200, 0x000074dd1fabf368] 
[3,547s][debug][gc,nmethod     ] GC(1) O: Purge NMethod: jdk.internal.foreign.AbstractMemorySegmentImpl.asSlice (0x000074dd1f470508) [0x000074dd1f470600, 0x000074dd1f470af8] 
[3,547s][debug][gc,nmethod     ] GC(1) O: Purge NMethod: jdk.internal.foreign.layout.ValueLayouts$AbstractValueLayout.withOrder (0x000074dd1fe03988) [0x000074dd1fe03a80, 0x000074dd1fe042b0] 
[3,547s][debug][gc,nmethod     ] GC(1) O: Purge NMethod: net.jpountz.util.SafeUtils.readIntLE (0x000074dd1feb2588) [0x000074dd1feb2680, 0x000074dd1feb2820] 
[3,547s][debug][gc,nmethod     ] GC(1) O: Purge NMethod: io.brackit.query.node.parser.SAX2SubtreeHandlerAdapter$TrimmingStringBuilder.append (0x000074dd2003c988) [0x000074dd2003ca80, 0x000074dd2003cf10] 
[3,547s][debug][gc,nmethod     ] GC(1) O: Purge NMethod: jdk.internal.foreign.AbstractMemorySegmentImpl.asSlice (0x000074dd1f471a88) [0x000074dd1f471b80, 0x000074dd1f471e78] 
[3,547s][debug][gc,nmethod     ] GC(1) O: Purge NMethod: java.lang.Long.numberOfLeadingZeros (0x000074dd1f48a688) [0x000074dd1f48a780, 0x000074dd1f48a928] 
[3,547s][debug][gc,nmethod     ] GC(1) O: Purge NMethod: java.nio.MappedByteBuffer.limit (0x000074dd1fadaa88) [0x000074dd1fadab80, 0x000074dd1fadaf40] 
[3,547s][debug][gc,nmethod     ] GC(1) O: Purge NMethod: io.sirix.access.trx.node.AbstractNodeReadOnlyTrx.hasRightSibling (0x000074dd3ed07188) [0x000074dd3ed07280, 0x000074dd3ed07d08] 
[3,547s][debug][gc,nmethod     ] GC(1) O: Purge NMethod: io.sirix.utils.XMLToken.isNCStartChar (0x000074dd1fa28408) [0x000074dd1fa28500, 0x000074dd1fa28b70] 
[3,547s][debug][gc,nmethod     ] GC(1) O: Purge NMethod: java.lang.ref.Cleaner$1.apply (0x000074dd1f47e508) [0x000074dd1f47e600, 0x000074dd1f47e9b0] 
[3,547s][debug][gc,nmethod     ] GC(1) O: Purge NMethod: java.lang.StringUTF16.indexOfLatin1Unsafe (0x000074dd1ffea788) [0x000074dd1ffea880, 0x000074dd1ffead08] 
[3,547s][debug][gc,nmethod     ] GC(1) O: Purge NMethod: io.sirix.access.trx.node.AbstractNodeReadOnlyTrx.getKind (0x000074dd1ff5eb88) [0x000074dd1ff5ec80, 0x000074dd1ff5f2e8] 
[3,547s][debug][gc,nmethod     ] GC(1) O: Purge NMethod: io.sirix.node.xml.ElementNode.setFirstChildKey (0x000074dd1fc0d388) [0x000074dd1fc0d480, 0x000074dd1fc125a8] 
[3,547s][debug][gc,nmethod     ] GC(1) O: Purge NMethod: java.util.ArrayDeque.addFirst (0x000074dd1fb09188) [0x000074dd1fb09280, 0x000074dd1fb09860] 
[3,547s][debug][gc,nmethod     ] GC(1) O: Purge NMethod: jdk.internal.foreign.AbstractMemorySegmentImpl.checkBounds (0x000074dd1f4e0688) [0x000074dd1f4e0780, 0x000074dd1f4e0a10] 
[3,547s][debug][gc,nmethod     ] GC(1) O: Purge NMethod: io.brackit.query.jdm.AbstractItem.<init> (0x000074dd1fa2af08) [0x000074dd1fa2b000, 0x000074dd1fa2b1b8] 
[3,547s][debug][gc,nmethod     ] GC(1) O: Purge NMethod: io.sirix.index.path.summary.PathSummaryReader.getName (0x000074dd3ef1d608) [0x000074dd3ef1d700, 0x000074dd3ef1d888] 
[3,547s][debug][gc,nmethod     ] GC(1) O: Purge NMethod: com.sun.org.apache.xerces.internal.parsers.AbstractSAXParser$AttributesProxy.getQName (0x000074dd1fc58188) [0x000074dd1fc58280, 0x000074dd1fc585e0] 
[3,547s][debug][gc,nmethod     ] GC(1) O: Purge NMethod: io.sirix.page.delegates.BitmapReferencesPage.getOrCreateReference (0x000074dd3ed1d108) [0x000074dd3ed1d200, 0x000074dd3ed1d9e8] 
[3,547s][debug][gc,nmethod     ] GC(1) O: Purge NMethod: jdk.internal.foreign.NativeMemorySegmentImpl.dup (0x000074dd3ebf7e88) [0x000074dd3ebf7fa0, 0x000074dd3ebf80f0] 
[3,547s][debug][gc,nmethod     ] GC(1) O: Purge NMethod: io.sirix.access.trx.node.xml.ForwardingXmlNodeReadOnlyTrx.hasFirstChild (0x000074dd1fbe8908) [0x000074dd1fbe8a00, 0x000074dd1fbe9000] 
[3,547s][debug][gc,nmethod     ] GC(1) O: Purge NMethod: java.lang.invoke.TypeConvertingMethodAdapter.convertType (0x000074dd1f77c888) [0x000074dd1f77c980, 0x000074dd1f784e68] 
[3,547s][debug][gc,nmethod     ] GC(1) O: Purge NMethod: java.util.ArrayList$Itr.hasNext (0x000074dd1f57a108) [0x000074dd1f57a200, 0x000074dd1f57a390] 
[3,547s][debug][gc,nmethod     ] GC(1) O: Purge NMethod: java.util.ArrayList.getLast (0x000074dd1fb82208) [0x000074dd1fb82300, 0x000074dd1fb82608] 
[3,547s][debug][gc,nmethod     ] GC(1) O: Purge NMethod: com.sun.org.apache.xerces.internal.parsers.AbstractSAXParser$AttributesProxy.getValue (0x000074dd1fc59508) [0x000074dd1fc59600, 0x000074dd1fc59960] 
[3,547s][debug][gc,nmethod     ] GC(1) O: Purge NMethod: io.sirix.access.trx.node.xml.XmlNodeReadOnlyTrxImpl.hasAttributes (0x000074dd1fc6c888) [0x000074dd1fc6c980, 0x000074dd1fc6d900] 
[3,547s][debug][gc,nmethod     ] GC(1) O: Purge NMethod: java.util.concurrent.ForkJoinPool.slotOffset (0x000074dd1f950288) [0x000074dd1f950380, 0x000074dd1f950478] 
[3,547s][debug][gc,nmethod     ] GC(1) O: Purge NMethod: java.nio.charset.Charset.defaultCharset (0x000074dd1fb6cc88) [0x000074dd1fb6cd80, 0x000074dd1fb6ce78] 
[3,547s][debug][gc,nmethod     ] GC(1) O: Purge NMethod: java.lang.Class.getSimpleName (0x000074dd3ed79e08) [0x000074dd3ed79f00, 0x000074dd3ed7a5d8] 
[3,547s][debug][gc,nmethod     ] GC(1) O: Purge NMethod: com.sun.org.apache.xerces.internal.impl.XMLDocumentFragmentScannerImpl.scanDocument (0x000074dd3ee77f88) [0x000074dd3ee78080, 0x000074dd3ee88220] 
[3,547s][debug][gc,nmethod     ] GC(1) O: Purge NMethod: java.util.HashMap.putVal (0x000074dd1f479f88) [0x000074dd1f47a080, 0x000074dd1f47c410] 
[3,547s][debug][gc,nmethod     ] GC(1) O: Purge NMethod: io.sirix.node.SirixDeweyID.getDivisionBits (0x000074dd1fd9cb88) [0x000074dd1fd9cc80, 0x000074dd1fd9d100] 
[3,548s][debug][gc,nmethod     ] GC(1) O: Purge NMethod: com.sun.org.apache.xerces.internal.impl.XMLEntityScanner.scanQName (0x000074dd1fb70d08) [0x000074dd1fb70e00, 0x000074dd1fb730a0] 
[3,548s][debug][gc,nmethod     ] GC(1) O: Purge NMethod: io.sirix.page.KeyValueLeafPage.getSlot (0x000074dd1f937e08) [0x000074dd1f937f00, 0x000074dd1f94e120] 
[3,548s][debug][gc,nmethod     ] GC(1) O: Purge NMethod: io.sirix.query.node.SubtreeBuilder.attribute (0x000074dd1fca8308) [0x000074dd1fca8400, 0x000074dd1fca9600] 
[3,548s][debug][gc,nmethod     ] GC(1) O: Purge NMethod: com.sun.org.apache.xerces.internal.xni.XMLString.toString (0x000074dd1fc55e08) [0x000074dd1fc55f00, 0x000074dd1fc56148] 
[3,548s][debug][gc,nmethod     ] GC(1) O: Purge NMethod: io.sirix.node.GrowingMemorySegment.<init> (0x000074dd1fa8c408) [0x000074dd1fa8c500, 0x000074dd1fa8c978] 
[3,548s][debug][gc,nmethod     ] GC(1) O: Purge NMethod: java.nio.Buffer.<init> (0x000074dd1f425f08) [0x000074dd1f426000, 0x000074dd1f4279f8] 
[3,548s][debug][gc,nmethod     ] GC(1) O: Purge NMethod: io.sirix.access.trx.node.xml.ForwardingXmlNodeReadOnlyTrx.hasFirstChild (0x000074dd3ed9e988) [0x000074dd3ed9ea80, 0x000074dd3ed9f098] 
[3,548s][debug][gc,nmethod     ] GC(1) O: Purge NMethod: io.sirix.page.KeyValueLeafPage.setData (0x000074dd3edb4408) [0x000074dd3edb4500, 0x000074dd3edb6ca0] 
[3,548s][debug][gc,nmethod     ] GC(1) O: Purge NMethod: jdk.internal.foreign.GlobalSession.acquire0 (0x000074dd1fe60808) [0x000074dd1fe60900, 0x000074dd1fe609f8] 
[3,548s][debug][gc,nmethod     ] GC(1) O: Purge NMethod: jdk.internal.classfile.impl.StackMapGenerator.processBlock (0x000074dd3ec3ea08) [0x000074dd3ec3eb00, 0x000074dd3ec40828] 
[3,548s][debug][gc,nmethod     ] GC(1) O: Purge NMethod: io.sirix.node.GrowingMemorySegment.ensureCapacity (0x000074dd1f5be188) [0x000074dd1f5be280, 0x000074dd1f5be3e0] 
[3,548s][debug][gc,nmethod     ] GC(1) O: Purge NMethod: com.sun.org.apache.xerces.internal.util.SymbolTable.addSymbol (0x000074dd1fb56c08) [0x000074dd1fb56d00, 0x000074dd1fb57240] 
[3,548s][debug][gc,nmethod     ] GC(1) O: Purge NMethod: io.sirix.access.trx.page.NodePageTrx.prepareRecordPage (0x000074dd3ecc7488) [0x000074dd3ecc7580, 0x000074dd3ecc8108] 
[3,548s][debug][gc,nmethod     ] GC(1) O: Purge NMethod: com.sun.org.apache.xerces.internal.impl.XMLDocumentFragmentScannerImpl.checkDepth (0x000074dd1fb9b908) [0x000074dd1fb9ba00, 0x000074dd1fb9ec58] 
[3,548s][debug][gc,nmethod     ] GC(1) O: Purge NMethod: jdk.internal.foreign.AbstractMemorySegmentImpl.asSlice (0x000074dd3ec4a308) [0x000074dd3ec4a400, 0x000074dd3ec4a5e8] 
[3,548s][debug][gc,nmethod     ] GC(1) O: Purge NMethod: jdk.internal.foreign.ArenaImpl.allocate (0x000074dd3ece1488) [0x000074dd3ece1580, 0x000074dd3ece1eb8] 
[3,548s][debug][gc,nmethod     ] GC(1) O: Purge NMethod: io.sirix.node.NodeKind$2.serialize (0x000074dd1fd6d288) [0x000074dd1fd6d380, 0x000074dd1fd728f8] 
[3,548s][debug][gc,nmethod     ] GC(1) O: Purge NMethod: java.util.Arrays.fill (0x000074dd3ebf8e08) [0x000074dd3ebf8f00, 0x000074dd3ebf9098] 
[3,548s][debug][gc,nmethod     ] GC(1) O: Purge NMethod: io.sirix.index.path.summary.PathSummaryReader.getStructuralNode (0x000074dd1fa2c588) [0x000074dd1fa2c680, 0x000074dd1fa2ca38] 
[3,548s][debug][gc,nmethod     ] GC(1) O: Purge NMethod: com.sun.org.apache.xerces.internal.impl.XMLNSDocumentScannerImpl.next (0x000074dd1fa46488) [0x000074dd1fa46580, 0x000074dd1fa46a68] 
[3,548s][debug][gc,nmethod     ] GC(1) O: Purge NMethod: io.sirix.node.MemorySegmentBytesOut.writeStopBit (0x000074dd1fd18988) [0x000074dd1fd18a80, 0x000074dd1fd18e48] 
[3,548s][debug][gc,nmethod     ] GC(1) O: Purge NMethod: io.sirix.service.xml.shredder.AbstractShredder.processEndTag (0x000074dd1fbc3388) [0x000074dd1fbc3480, 0x000074dd1fbc4600] 
[3,548s][debug][gc,nmethod     ] GC(1) O: Purge NMethod: io.sirix.access.trx.page.NodePageReadOnlyTrx.getNamePage (0x000074dd1fb4e508) [0x000074dd1fb4e600, 0x000074dd1fb4f5d8] 
[3,548s][debug][gc,nmethod     ] GC(1) O: Purge NMethod: io.sirix.cache.IndexLogKey.<init> (0x000074dd1fe9f808) [0x000074dd1fe9f900, 0x000074dd1fe9fae0] 
[3,548s][debug][gc,nmethod     ] GC(1) O: Purge NMethod: io.sirix.access.trx.page.NodePageTrx.createNameKey (0x000074dd20047b88) [0x000074dd20047c80, 0x000074dd200496b8] 
[3,548s][debug][gc,nmethod     ] GC(1) O: Purge NMethod: io.sirix.utils.XMLToken.isValidQName (0x000074dd1fb75108) [0x000074dd1fb75200, 0x000074dd1fb76750] 
[3,548s][debug][gc,nmethod     ] GC(1) O: Purge NMethod: io.sirix.node.NodeSerializerImpl.deserializeDeweyID (0x000074dd1ff18708) [0x000074dd1ff18800, 0x000074dd1ff19788] 
[3,548s][debug][gc,nmethod     ] GC(1) O: Purge NMethod: io.sirix.node.xml.ElementNode.setHash (0x000074dd1f9fdf88) [0x000074dd1f9fe080, 0x000074dd1fa01a08] 
[3,548s][debug][gc,nmethod     ] GC(1) O: Purge NMethod: com.sun.org.apache.xerces.internal.parsers.AbstractSAXParser.startElement (0x000074dd2002d588) [0x000074dd2002d680, 0x000074dd2002f948] 
[3,548s][debug][gc,nmethod     ] GC(1) O: Purge NMethod: io.sirix.node.GrowingMemorySegment.<init> (0x000074dd3ece2208) [0x000074dd3ece2300, 0x000074dd3ece2da8] 
[3,548s][debug][gc,nmethod     ] GC(1) O: Purge NMethod: jdk.internal.foreign.Utils.checkAlign (0x000074dd1fa8d988) [0x000074dd1fa8da80, 0x000074dd1fa8e7d8] 
[3,548s][debug][gc,nmethod     ] GC(1) O: Purge NMethod: io.sirix.access.trx.node.AbstractNodeReadOnlyTrx.getNodeKey (0x000074dd1ff5ae88) [0x000074dd1ff5af80, 0x000074dd1ff5b5e8] 
[3,548s][debug][gc,nmethod     ] GC(1) O: Purge NMethod: io.sirix.node.NodeSerializerImpl.serializeDeweyID (0x000074dd1fe38508) [0x000074dd1fe38600, 0x000074dd1fe38bc0] 
[3,548s][debug][gc,nmethod     ] GC(1) O: Purge NMethod: io.sirix.index.name.Names.setName (0x000074dd1fb6a908) [0x000074dd1fb6aa00, 0x000074dd1fb6cc50] 
[3,548s][debug][gc,nmethod     ] GC(1) O: Purge NMethod: io.brackit.query.node.parser.SAX2SubtreeHandlerAdapter.startElement (0x000074dd2003cf88) [0x000074dd2003d080, 0x000074dd2003f068] 
[3,548s][debug][gc,nmethod     ] GC(1) O: Purge NMethod: io.sirix.access.trx.page.NodePageReadOnlyTrx.pageKey (0x000074dd1f9c6908) [0x000074dd1f9c6a00, 0x000074dd1f9c7180] 
[3,548s][debug][gc,nmethod     ] GC(1) O: Purge NMethod: it.unimi.dsi.fastutil.ints.Int2IntOpenHashMap.get (0x000074dd1fb57708) [0x000074dd1fb57800, 0x000074dd1fb57d60] 
[3,548s][debug][gc,nmethod     ] GC(1) O: Purge NMethod: jdk.internal.foreign.MemorySessionImpl$ResourceList.cleanup (0x000074dd1fe39c08) [0x000074dd1fe39d00, 0x000074dd1fe3a430] 
[3,548s][debug][gc,nmethod     ] GC(1) O: Purge NMethod: io.sirix.node.xml.AttributeNode.getKind (0x000074dd1fd51908) [0x000074dd1fd51a00, 0x000074dd1fd51b08] 
[3,548s][debug][gc,nmethod     ] GC(1) O: Purge NMethod: io.sirix.axis.filter.xml.ElementFilter.filter (0x000074dd1ff8c988) [0x000074dd1ff8ca80, 0x000074dd1ff8d200] 
[3,548s][debug][gc,nmethod     ] GC(1) O: Purge NMethod: java.lang.Class.isArray (0x000074dd1f41ea88) [0x000074dd1f41eb80, 0x000074dd1f41ed00] 
[3,548s][debug][gc,nmethod     ] GC(1) O: Purge NMethod: java.lang.String.<init> (0x000074dd1fb05788) [0x000074dd1fb05880, 0x000074dd1fb05b20] 
[3,548s][debug][gc,nmethod     ] GC(1) O: Purge NMethod: java.util.concurrent.ConcurrentLinkedDeque.offer (0x000074dd1f451908) [0x000074dd1f451a00, 0x000074dd1f451b98] 
[3,548s][debug][gc,nmethod     ] GC(1) O: Purge NMethod: io.sirix.service.xml.shredder.AbstractShredder.processStartTag (0x000074dd1fba7388) [0x000074dd1fba7480, 0x000074dd1fbad1b0] 
[3,548s][debug][gc,nmethod     ] GC(1) O: Purge NMethod: java.lang.invoke.VarHandle.checkAccessModeThenIsDirect (0x000074dd1f587408) [0x000074dd1f587500, 0x000074dd1f5886a8] 
[3,548s][debug][gc,nmethod     ] GC(1) O: Purge NMethod: jdk.internal.misc.ScopedMemoryAccess.putLongUnaligned (0x000074dd3ed55488) [0x000074dd3ed55580, 0x000074dd3ed55740] 
[3,548s][debug][gc,nmethod     ] GC(1) O: Purge NMethod: java.nio.Buffer.session (0x000074dd1f486388) [0x000074dd1f486480, 0x000074dd1f486888] 
[3,548s][debug][gc,nmethod     ] GC(1) O: Purge NMethod: java.nio.Buffer.checkIndex (0x000074dd1f486908) [0x000074dd1f486a00, 0x000074dd1f486b50] 
[3,548s][debug][gc,nmethod     ] GC(1) O: Purge NMethod: io.sirix.page.KeyValueLeafPage.findFreeSpaceForSlots (0x000074dd1fd96388) [0x000074dd1fd96480, 0x000074dd1fd968a8] 
[3,548s][debug][gc,nmethod     ] GC(1) O: Purge NMethod: jdk.internal.foreign.AbstractMemorySegmentImpl.toArray (0x000074dd1fda6708) [0x000074dd1fda6800, 0x000074dd1fda83c0] 
[3,548s][debug][gc,nmethod     ] GC(1) O: Purge NMethod: java.util.BitSet.get (0x000074dd1f6ab708) [0x000074dd1f6ab800, 0x000074dd1f6ac6a8] 
[3,548s][debug][gc,nmethod     ] GC(1) O: Purge NMethod: io.sirix.node.json.JsonNodeSerializer.writeEndPadding (0x000074dd1fd51388) [0x000074dd1fd51480, 0x000074dd1fd518c8] 
[3,548s][debug][gc,nmethod     ] GC(1) O: Purge NMethod: io.sirix.page.KeyValueLeafPage.setData (0x000074dd1fdaea08) [0x000074dd1fdaeb00, 0x000074dd1fdb88e0] 
[3,548s][debug][gc,nmethod     ] GC(1) O: Purge NMethod: com.sun.org.apache.xerces.internal.impl.XMLEntityScanner.skipSpaces (0x000074dd1fabb088) [0x000074dd1fabb180, 0x000074dd1fabc420] 
[3,548s][debug][gc,nmethod     ] GC(1) O: Purge NMethod: jdk.internal.foreign.AbstractMemorySegmentImpl.equals (0x000074dd1fe62a08) [0x000074dd1fe62b00, 0x000074dd1fe62d70] 
[3,548s][debug][gc,nmethod     ] GC(1) O: Purge NMethod: io.sirix.access.trx.node.AbstractNodeReadOnlyTrx.setCurrentNode (0x000074dd1f9caa08) [0x000074dd1f9cab00, 0x000074dd1f9cafa0] 
[3,548s][debug][gc,nmethod     ] GC(1) O: Purge NMethod: io.sirix.axis.AbstractAxis.nextLong (0x000074dd1faa1c08) [0x000074dd1faa1d00, 0x000074dd1faa2790] 
[3,548s][debug][gc,nmethod     ] GC(1) O: Purge NMethod: jdk.internal.classfile.impl.UnboundAttribute$AdHocAttribute.writeTo (0x000074dd1f6c9708) [0x000074dd1f6c9800, 0x000074dd1f6cb240] 
[3,548s][debug][gc,nmethod     ] GC(1) O: Purge NMethod: io.sirix.page.NamePage.getName (0x000074dd1fec4408) [0x000074dd1fec4500, 0x000074dd1fec5b70] 
[3,548s][debug][gc,nmethod     ] GC(1) O: Purge NMethod: java.lang.System$1.blockedOn (0x000074dd1fe61e08) [0x000074dd1fe61f00, 0x000074dd1fe62260] 
[3,548s][debug][gc,nmethod     ] GC(1) O: Purge NMethod: com.sun.org.apache.xerces.internal.parsers.AbstractSAXParser.endNamespaceMapping (0x000074dd1fbb5688) [0x000074dd1fbb5780, 0x000074dd1fbb5ec8] 
[3,548s][debug][gc,nmethod     ] GC(1) O: Purge NMethod: io.sirix.axis.filter.FilterAxis.reset (0x000074dd3edd8c88) [0x000074dd3edd8d80, 0x000074dd3edd8ee8] 
[3,548s][debug][gc,nmethod     ] GC(1) O: Purge NMethod: java.util.concurrent.locks.ReentrantLock.unlock (0x000074dd1fe8cd88) [0x000074dd1fe8ce80, 0x000074dd1fe8d498] 
[3,548s][debug][gc,nmethod     ] GC(1) O: Purge NMethod: sun.security.provider.DigestBase.implCompressMultiBlock0 (0x000074dd1fe5ef88) [0x000074dd1fe5f080, 0x000074dd1fe5f4e8] 
[3,548s][debug][gc,nmethod     ] GC(1) O: Purge NMethod: java.util.WeakHashMap.hash (0x000074dd1f48a208) [0x000074dd1f48a300, 0x000074dd1f48a628] 
[3,548s][debug][gc,nmethod     ] GC(1) O: Purge NMethod: jdk.internal.foreign.MemorySessionImpl.checkValidState (0x000074dd1fa05108) [0x000074dd1fa05200, 0x000074dd1fa05ce8] 
[3,548s][debug][gc,nmethod     ] GC(1) O: Purge NMethod: java.lang.Record.<init> (0x000074dd1f455288) [0x000074dd1f455380, 0x000074dd1f4554d8] 
[3,548s][debug][gc,nmethod     ] GC(1) O: Purge NMethod: jdk.internal.foreign.layout.ValueLayouts$OfByteImpl.dup (0x000074dd1fda9388) [0x000074dd1fda9480, 0x000074dd1fda9598] 
[3,548s][debug][gc,nmethod     ] GC(1) O: Purge NMethod: io.sirix.node.xml.ElementNode.getLocalNameKey (0x000074dd1fbbd688) [0x000074dd1fbbd780, 0x000074dd1fbc2770] 
[3,548s][debug][gc,nmethod     ] GC(1) O: Purge NMethod: io.sirix.axis.AbstractAxis.resetToLastKey (0x000074dd2001ba08) [0x000074dd2001bb00, 0x000074dd2001c0b8] 
[3,548s][debug][gc,nmethod     ] GC(1) O: Purge NMethod: java.nio.HeapByteBuffer.put (0x000074dd1ff16608) [0x000074dd1ff16700, 0x000074dd1ff186d0] 
[3,548s][debug][gc,nmethod     ] GC(1) O: Purge NMethod: io.sirix.settings.VersioningType$4.combineRecordPages (0x000074dd20145d88) [0x000074dd20145e80, 0x000074dd2014ada8] 
[3,548s][debug][gc,nmethod     ] GC(1) O: Purge NMethod: java.lang.invoke.InvokerBytecodeGenerator.emitStaticInvoke (0x000074dd1f8a0d08) [0x000074dd1f8a0e00, 0x000074dd1f8a34e8] 
[3,548s][debug][gc,nmethod     ] GC(1) O: Purge NMethod: io.sirix.node.MemorySegmentBytesOut.writeByte (0x000074dd1f9f8b08) [0x000074dd1f9f8c00, 0x000074dd1f9f8d98] 
[3,548s][debug][gc,nmethod     ] GC(1) O: Purge NMethod: io.sirix.node.immutable.xml.ImmutableElement.getKind (0x000074dd1fb81d88) [0x000074dd1fb81e80, 0x000074dd1fb821d8] 
[3,548s][debug][gc,nmethod     ] GC(1) O: Purge NMethod: java.lang.StringUTF16.compress (0x000074dd1f564008) [0x000074dd1f564100, 0x000074dd1f564330] 
[3,548s][debug][gc,nmethod     ] GC(1) O: Purge NMethod: jdk.internal.foreign.AbstractMemorySegmentImpl.checkArraySize (0x000074dd1fb0cd88) [0x000074dd1fb0ce80, 0x000074dd1fb0fc80] 
[3,548s][debug][gc,nmethod     ] GC(1) O: Purge NMethod: jdk.internal.foreign.Utils.checkElementAlignment (0x000074dd1f965588) [0x000074dd1f965680, 0x000074dd1f965d28] 
[3,548s][debug][gc,nmethod     ] GC(1) O: Purge NMethod: io.sirix.node.xml.TextNode.computeHash (0x000074dd1fb59008) [0x000074dd1fb59100, 0x000074dd1fb6a8a8] 
[3,548s][debug][gc,nmethod     ] GC(1) O: Purge NMethod: jdk.internal.misc.Unsafe.copyMemory (0x000074dd1f483a08) [0x000074dd1f483b00, 0x000074dd1f4850c0] 
[3,548s][debug][gc,nmethod     ] GC(1) O: Purge NMethod: java.lang.ref.PhantomReference.<init> (0x000074dd1f4dd608) [0x000074dd1f4dd700, 0x000074dd1f4dd9f0] 
[3,548s][debug][gc,nmethod     ] GC(1) O: Purge NMethod: java.lang.String.getBytes (0x000074dd3ec18788) [0x000074dd3ec18880, 0x000074dd3ec18bc0] 
[3,548s][debug][gc,nmethod     ] GC(1) O: Purge NMethod: io.sirix.node.xml.TextNode.getParentKey (0x000074dd1f9f8e08) [0x000074dd1f9f8f00, 0x000074dd1f9fdee8] 
[3,548s][debug][gc,nmethod     ] GC(1) O: Purge NMethod: io.sirix.cache.IndexLogKey.hashCode (0x000074dd1fb99508) [0x000074dd1fb99600, 0x000074dd1fb999a8] 
[3,548s][debug][gc,nmethod     ] GC(1) O: Purge NMethod: jdk.internal.foreign.HeapMemorySegmentImpl$OfByte.<init> (0x000074dd1fd9b888) [0x000074dd1fd9b980, 0x000074dd1fd9bb80] 
[3,548s][debug][gc,nmethod     ] GC(1) O: Purge NMethod: java.lang.Thread.blockedOn (0x000074dd1fe62288) [0x000074dd1fe62380, 0x000074dd1fe626a0] 
[3,548s][debug][gc,nmethod     ] GC(1) O: Purge NMethod: java.lang.String.<init> (0x000074dd3ec9a808) [0x000074dd3ec9a900, 0x000074dd3ec9ae78] 
[3,548s][debug][gc,nmethod     ] GC(1) O: Purge NMethod: com.sun.org.apache.xerces.internal.util.XMLChar.isNameStart (0x000074dd1fb05488) [0x000074dd1fb05580, 0x000074dd1fb05710] 
[3,548s][debug][gc,nmethod     ] GC(1) O: Purge NMethod: java.util.concurrent.ConcurrentHashMap.sumCount (0x000074dd1fe28088) [0x000074dd1fe28180, 0x000074dd1fe28388] 
[3,548s][debug][gc,nmethod     ] GC(1) O: Purge NMethod: jdk.internal.misc.Unsafe.putIntUnaligned (0x000074dd1f930d88) [0x000074dd1f930e80, 0x000074dd1f9310b0] 
[3,548s][debug][gc,nmethod     ] GC(1) O: Purge NMethod: io.sirix.node.GrowingMemorySegment.writeLong (0x000074dd3ecb9d08) [0x000074dd3ecb9e00, 0x000074dd3ecba298] 
[3,548s][debug][gc,nmethod     ] GC(1) O: Purge NMethod: com.github.benmanes.caffeine.cache.NodeFactory.newLookupKey (0x000074dd1fd10d88) [0x000074dd1fd10e80, 0x000074dd1fd10f80] 
[3,548s][debug][gc,nmethod     ] GC(1) O: Purge NMethod: io.sirix.node.NodeSerializerImpl.serialize (0x000074dd20071188) [0x000074dd20071280, 0x000074dd20071ca0] 
[3,548s][debug][gc,nmethod     ] GC(1) O: Purge NMethod: com.sun.org.apache.xerces.internal.util.XMLAttributesImpl.addAttributeNS (0x000074dd1fc5a908) [0x000074dd1fc5aa00, 0x000074dd1fc5bef0] 
[3,548s][debug][gc,nmethod     ] GC(1) O: Purge NMethod: io.sirix.query.node.SubtreeProcessor.notifyEndElement (0x000074dd1fbc2808) [0x000074dd1fbc2900, 0x000074dd1fbc3360] 
[3,548s][debug][gc,nmethod     ] GC(1) O: Purge NMethod: io.sirix.page.KeyValueLeafPage.setDeweyId (0x000074dd1fdf6988) [0x000074dd1fdf6a80, 0x000074dd1fdf6d68] 
[3,548s][debug][gc,nmethod     ] GC(1) O: Purge NMethod: it.unimi.dsi.fastutil.shorts.ShortArrayList$1.<init> (0x000074dd1feb7088) [0x000074dd1feb7180, 0x000074dd1feb7360] 
[3,548s][debug][gc,nmethod     ] GC(1) O: Purge NMethod: io.sirix.service.xml.shredder.AbstractShredder.processStartTag (0x000074dd20192088) [0x000074dd20192180, 0x000074dd20197e98] 
[3,548s][debug][gc,nmethod     ] GC(1) O: Purge NMethod: java.lang.Long.equals (0x000074dd1fe65008) [0x000074dd1fe65100, 0x000074dd1fe652b8] 
[3,548s][debug][gc,nmethod     ] GC(1) O: Purge NMethod: io.sirix.index.path.summary.PathSummaryReader.moveTo (0x000074dd1fa2b208) [0x000074dd1fa2b300, 0x000074dd1fa2c008] 
[3,548s][debug][gc,nmethod     ] GC(1) O: Purge NMethod: io.sirix.access.trx.node.AbstractNodeReadOnlyTrx.storeDeweyIDs (0x000074dd1fab2188) [0x000074dd1fab2280, 0x000074dd1fab27b0] 
[3,548s][debug][gc,nmethod     ] GC(1) O: Purge NMethod: com.sun.org.apache.xerces.internal.util.XMLChar.isValid (0x000074dd1f88f588) [0x000074dd1f88f680, 0x000074dd1f88f868] 
[3,548s][debug][gc,nmethod     ] GC(1) O: Purge NMethod: it.unimi.dsi.fastutil.longs.LongArrayList.add (0x000074dd1fa4d408) [0x000074dd1fa4d500, 0x000074dd1fa4d7d8] 
[3,548s][debug][gc,nmethod     ] GC(1) O: Purge NMethod: io.sirix.access.trx.node.AbstractNodeReadOnlyTrx.moveTo (0x000074dd3ecc4288) [0x000074dd3ecc4380, 0x000074dd3ecc50f0] 
[3,548s][debug][gc,nmethod     ] GC(1) O: Purge NMethod: com.sun.org.apache.xerces.internal.impl.XMLDocumentFragmentScannerImpl$FragmentContentDriver.next (0x000074dd1fa76488) [0x000074dd1fa76580, 0x000074dd1fa840b0] 
[3,548s][debug][gc,nmethod     ] GC(1) O: Purge NMethod: jdk.internal.misc.Unsafe.getReferenceAcquire (0x000074dd1f413808) [0x000074dd1f413900, 0x000074dd1f413a30] 
[3,548s][debug][gc,nmethod     ] Register NMethod: java.util.HashMap.getOrDefault (0x000074dd3ef50d08) [0x000074dd3ef50e00, 0x000074dd3ef515e0] Compiler: jvmci, Barriers: 12, Oops: 0, ImmediateOops: 0, NonImmediateOops: No
[3,548s][debug][gc,nmethod     ] Register NMethod: com.github.benmanes.caffeine.cache.BaseMpscLinkedArrayQueue.offer (0x000074dd3ef51608) [0x000074dd3ef51700, 0x000074dd3ef52040] Compiler: jvmci, Barriers: 19, Oops: 1, ImmediateOops: 1, NonImmediateOops: No
[3,548s][debug][gc,nmethod     ] Register NMethod: com.github.benmanes.caffeine.cache.BoundedLocalCache.afterWrite (0x000074dd3ef52088) [0x000074dd3ef52180, 0x000074dd3ef53010] Compiler: jvmci, Barriers: 31, Oops: 2, ImmediateOops: 0, NonImmediateOops: No
[3,549s][debug][gc,phases      ] GC(1) O: Concurrent Classes Purge 9,691ms
[3,549s][debug][gc,phases,start] GC(1) O: Concurrent References Enqueue
[3,549s][debug][gc,phases      ] GC(1) O: Concurrent References Enqueue 0,008ms
[3,549s][debug][gc,reloc       ] Synchronize all workers 1 _nworkers: 0 _nsynchronized: 0
[3,549s][debug][gc,reloc       ] Synchronize all workers 1 _nworkers: 0 _nsynchronized: 0
[3,549s][info ][gc,phases      ] GC(1) O: Concurrent Process Non-Strong 25,292ms
[3,549s][debug][gc,phases,start] GC(1) O: Concurrent Reset Relocation Set
[3,549s][info ][gc,phases      ] GC(1) O: Concurrent Reset Relocation Set 0,009ms
[3,549s][debug][gc,phases,start] GC(1) O: Concurrent Select Relocation Set
[3,549s][debug][gc,reloc       ] GC(1) O: Relocation Set (Medium Pages): 0->0, 0 skipped, 0 forwarding entries
[3,549s][debug][gc,reloc       ] GC(1) O: Relocation Set (Small Pages): 0->0, 0 skipped, 0 forwarding entries
[3,549s][debug][gc,task        ] GC(1) O: Executing ZRelocationSetInstallTask using ZWorkerOld with 3 workers
[3,549s][debug][gc,reloc       ] Desynchronize all workers _nworkers: 0 _nsynchronized: 0
[3,549s][debug][gc,reloc       ] Desynchronize all workers _nworkers: 0 _nsynchronized: 0
[3,549s][info ][gc,phases      ] GC(1) O: Concurrent Select Relocation Set 0,275ms
[3,549s][debug][gc,phases,start] GC(1) O: Concurrent Remap Roots
[3,549s][info ][gc,task        ] GC(1) O: Using 5 Workers for Old Generation
[3,549s][debug][gc,task        ] GC(1) O: Executing ZRemapYoungRootsTask using ZWorkerOld with 5 workers
[3,550s][debug][gc,nmethod     ] Register NMethod: com.github.benmanes.caffeine.cache.BaseMpscLinkedArrayQueue.casProducerIndex (0x000074dd3ebe7408) [0x000074dd3ebe7500, 0x000074dd3ebe75a8] Compiler: jvmci, Barriers: 0, Oops: 1, ImmediateOops: 0, NonImmediateOops: No
[3,551s][info ][gc,task        ] GC(1) O: Using 3 Workers for Old Generation
[3,551s][info ][gc,phases      ] GC(1) O: Concurrent Remap Roots 1,622ms
[3,551s][debug][gc,reloc       ] Synchronize all workers 1 _nworkers: 0 _nsynchronized: 0
[3,551s][debug][gc,reloc       ] Synchronize all workers 1 _nworkers: 0 _nsynchronized: 0
[3,551s][debug][gc,phases,start] GC(1) O: Pause Relocate Start
[3,551s][debug][gc,reloc       ] GC(1) O: Joining workers: 3
[3,551s][info ][gc,phases      ] GC(1) O: Pause Relocate Start 0,031ms
[3,551s][debug][gc,reloc       ] Desynchronize all workers _nworkers: 3 _nsynchronized: 0
[3,551s][debug][gc,reloc       ] Desynchronize all workers _nworkers: 0 _nsynchronized: 0
[3,551s][debug][gc,phases,start] GC(1) O: Concurrent Relocate
[3,551s][debug][gc,task        ] GC(1) O: Executing ZRelocateStoreBufferInstallBasePointersTask using ZWorkerOld with 3 workers
[3,551s][debug][gc,task        ] GC(1) O: Executing ZRelocateTask using ZWorkerOld with 3 workers
[3,551s][debug][gc,reloc       ] GC(1) O: Leaving workers: left: 2 _synchronize: 0 _nsynchronized: 0
[3,551s][debug][gc,reloc       ] GC(1) O: Leaving workers: left: 1 _synchronize: 0 _nsynchronized: 0
[3,551s][debug][gc,reloc       ] GC(1) O: Leaving workers: left: 0 _synchronize: 0 _nsynchronized: 0
[3,551s][info ][gc,phases      ] GC(1) O: Concurrent Relocate 0,128ms
[3,551s][debug][gc,heap        ] GC(1) O: Heap After GC invocations=2 (full 2):
[3,551s][debug][gc,heap        ] GC(1) O:  ZHeap           used 530M, capacity 5120M, max capacity 12288M
[3,551s][debug][gc,heap        ] GC(1) O:   Cache          4590M (4)
[3,551s][debug][gc,heap        ] GC(1) O:    size classes  32M (1), 256M (1), 512M (1), 2G (1)
[3,551s][debug][gc,metaspace   ] GC(1) O: Metaspace After GC invocations=2 (full 2):
[3,551s][debug][gc,metaspace   ] GC(1) O:  Metaspace       used 34395K, committed 34816K, reserved 1114112K
[3,551s][debug][gc,metaspace   ] GC(1) O:   class space    used 2991K, committed 3200K, reserved 1048576K
[3,551s][info ][gc,alloc       ] GC(1) O:                         Mark Start        Mark End      Relocate Start    Relocate End   
[3,551s][info ][gc,alloc       ] GC(1) O: Allocation Stalls:          0                0                0                0         
[3,551s][info ][gc,load        ] GC(1) O: Load: 4,15 (21%) / 2,51 (13%) / 2,14 (11%)
[3,551s][info ][gc,mmu         ] GC(1) O: MMU: 2ms/93,3%, 5ms/97,3%, 10ms/98,7%, 20ms/99,3%, 50ms/99,6%, 100ms/99,8%
[3,551s][info ][gc,marking     ] GC(1) O: Mark: 2 stripe(s), 1 proactive flush(es), 1 terminate flush(es), 0 completion(s), 0 continuation(s) 
[3,551s][info ][gc,nmethod     ] GC(1) O: NMethods: 4615 registered, 1088 unregistered
[3,551s][info ][gc,metaspace   ] GC(1) O: Metaspace: 33M used, 34M committed, 1088M reserved
[3,551s][info ][gc,ref         ] GC(1) O:                       Encountered   Discovered     Enqueued 
[3,551s][info ][gc,ref         ] GC(1) O: Soft References:             3047            0            0 
[3,551s][info ][gc,ref         ] GC(1) O: Weak References:             2591            0            0 
[3,551s][info ][gc,ref         ] GC(1) O: Final References:            2448            0            0 
[3,551s][info ][gc,ref         ] GC(1) O: Phantom References:        342681            0            0 
[3,551s][info ][gc,heap        ] GC(1) O: Min Capacity: 5120M(42%)
[3,551s][info ][gc,heap        ] GC(1) O: Max Capacity: 12288M(100%)
[3,551s][info ][gc,heap        ] GC(1) O: Soft Max Capacity: 12288M(100%)
[3,551s][info ][gc,heap        ] GC(1) O: Heap Statistics:
[3,551s][info ][gc,heap        ] GC(1) O:                Mark Start          Mark End        Relocate Start      Relocate End           High               Low         
[3,551s][info ][gc,heap        ] GC(1) O:  Capacity:     5120M (42%)        5120M (42%)        5120M (42%)        5120M (42%)        5120M (42%)        5120M (42%)    
[3,551s][info ][gc,heap        ] GC(1) O:      Free:    11054M (90%)       11780M (96%)       11758M (96%)       11758M (96%)       11782M (96%)       10850M (88%)    
[3,551s][info ][gc,heap        ] GC(1) O:      Used:     1234M (10%)         508M (4%)          530M (4%)          530M (4%)         1438M (12%)         506M (4%)     
[3,551s][info ][gc,heap        ] GC(1) O: Old Generation Statistics:
[3,551s][info ][gc,heap        ] GC(1) O:                Mark Start          Mark End        Relocate Start      Relocate End    
[3,551s][info ][gc,heap        ] GC(1) O:      Used:        0M (0%)            0M (0%)            0M (0%)            0M (0%)     
[3,551s][info ][gc,heap        ] GC(1) O:      Live:         -                 0M (0%)            0M (0%)            0M (0%)     
[3,551s][info ][gc,heap        ] GC(1) O:   Garbage:         -                 0M (0%)            0M (0%)            0M (0%)     
[3,551s][info ][gc,heap        ] GC(1) O: Allocated:         -                 0M (0%)            0M (0%)            0M (0%)     
[3,551s][info ][gc,heap        ] GC(1) O: Reclaimed:         -                  -                 0M (0%)            0M (0%)     
[3,551s][info ][gc,heap        ] GC(1) O: Compacted:         -                  -                  -                 0M (0%)     
[3,551s][info ][gc,phases      ] GC(1) O: Old Generation 506M(4%)->530M(4%) 0,029s
[3,551s][debug][gc,nmethod     ] Register NMethod: com.github.benmanes.caffeine.cache.stats.ConcurrentStatsCounter.recordLoadSuccess (0x000074dd3ec42c08) [0x000074dd3ec42d00, 0x000074dd3ec42f68] Compiler: jvmci, Barriers: 4, Oops: 1, ImmediateOops: 0, NonImmediateOops: No
[3,551s][info ][gc             ] GC(1) Major Collection (Warmup) 1234M(10%)->530M(4%) 0,171s
[3,554s][debug][gc,director    ] Rule Major: Warmup 20%, Used: 532MB, UsedThreshold: 2457MB
[3,556s][debug][gc,nmethod     ] Register NMethod: com.github.benmanes.caffeine.cache.BoundedLocalCache$UpdateTask.run (0x000074dd3ecd5688) [0x000074dd3ecd5780, 0x000074dd3ecd5d40] Compiler: jvmci, Barriers: 3, Oops: 1, ImmediateOops: 0, NonImmediateOops: No
[3,558s][debug][gc,nmethod     ] Register NMethod: com.github.benmanes.caffeine.cache.SSMS.fastpath (0x000074dd3ebf7e88) [0x000074dd3ebf7f80, 0x000074dd3ebf8040] Compiler: c1, Barriers: 0, Oops: 1, ImmediateOops: 0, NonImmediateOops: No
[3,563s][debug][gc,nmethod     ] Register NMethod: java.util.concurrent.ConcurrentHashMap.compute (0x000074dd3ecd7488) [0x000074dd3ecd7620, 0x000074dd3ecd9078] Compiler: jvmci, Barriers: 59, Oops: 2, ImmediateOops: 2, NonImmediateOops: No
[3,563s][debug][gc,nmethod     ] Register NMethod: com.github.benmanes.caffeine.cache.BoundedLocalCache.computeIfPresent (0x000074dd3ecbe988) [0x000074dd3ecbea80, 0x000074dd3ecbf130] Compiler: jvmci, Barriers: 7, Oops: 3, ImmediateOops: 0, NonImmediateOops: No
[3,563s][debug][gc,nmethod     ] Register NMethod: java.util.stream.ReferencePipeline.collect (0x000074dd3ec3ea08) [0x000074dd3ec3eb20, 0x000074dd3ec40ab0] Compiler: jvmci, Barriers: 85, Oops: 4, ImmediateOops: 6, NonImmediateOops: No
[3,564s][debug][gc,director    ] Rule Major: Warmup 20%, Used: 538MB, UsedThreshold: 2457MB
[3,564s][debug][gc,nmethod     ] Register NMethod: com.github.benmanes.caffeine.cache.BoundedLocalCache$$Lambda/0x00000000692a5ec8.<init> (0x000074dd3ed9dd08) [0x000074dd3ed9de20, 0x000074dd3ed9e3f8] Compiler: jvmci, Barriers: 36, Oops: 1, ImmediateOops: 0, NonImmediateOops: No
[3,566s][debug][gc,nmethod     ] Register NMethod: com.github.benmanes.caffeine.cache.FrequencySketch.increment (0x000074dd3ec18788) [0x000074dd3ec18880, 0x000074dd3ec18bf0] Compiler: jvmci, Barriers: 1, Oops: 2, ImmediateOops: 0, NonImmediateOops: No
[3,568s][debug][gc,nmethod     ] Register NMethod: java.util.concurrent.ConcurrentHashMap.computeIfAbsent (0x000074dd3eef0d88) [0x000074dd3eef0f20, 0x000074dd3eef2788] Compiler: jvmci, Barriers: 37, Oops: 1, ImmediateOops: 0, NonImmediateOops: No
[3,568s][debug][gc,nmethod     ] Register NMethod: com.github.benmanes.caffeine.cache.BoundedLocalCache.setWriteTime (0x000074dd3ebf8e08) [0x000074dd3ebf8f00, 0x000074dd3ebf8f80] Compiler: jvmci, Barriers: 0, Oops: 1, ImmediateOops: 0, NonImmediateOops: No
[3,571s][debug][gc,nmethod     ] Register NMethod: com.github.benmanes.caffeine.cache.BoundedLocalCache.remap (0x000074dd3ed16288) [0x000074dd3ed163a0, 0x000074dd3ed17d70] Compiler: jvmci, Barriers: 68, Oops: 4, ImmediateOops: 1, NonImmediateOops: No
[3,571s][debug][gc,nmethod     ] Register NMethod: io.sirix.axis.AbstractAxis.<init> (0x000074dd1ff4b288) [0x000074dd1ff4b380, 0x000074dd1ff4bdd0] Compiler: c1, Barriers: 9, Oops: 1, ImmediateOops: 2, NonImmediateOops: No
[3,571s][debug][gc,nmethod     ] Register NMethod: io.brackit.query.operator.Start$StartCursor.next (0x000074dd1f42d508) [0x000074dd1f42d600, 0x000074dd1f42d930] Compiler: c1, Barriers: 2, Oops: 1, ImmediateOops: 0, NonImmediateOops: No
[3,572s][debug][gc,nmethod     ] Register NMethod: io.brackit.query.sequence.LazySequence.size (0x000074dd1f773308) [0x000074dd1f773400, 0x000074dd1f774ab0] Compiler: c1, Barriers: 9, Oops: 2, ImmediateOops: 1, NonImmediateOops: No
[3,572s][debug][gc,nmethod     ] Register NMethod: io.sirix.axis.AbstractAxis.asXmlNodeReadTrx (0x000074dd3ec48d08) [0x000074dd3ec48e00, 0x000074dd3ec48f08] Compiler: jvmci, Barriers: 1, Oops: 1, ImmediateOops: 0, NonImmediateOops: No
[3,572s][debug][gc,nmethod     ] Register NMethod: java.util.concurrent.locks.LockSupport.unpark (0x000074dd1fb05488) [0x000074dd1fb05580, 0x000074dd1fb064a8] Compiler: c1, Barriers: 0, Oops: 0, ImmediateOops: 2, NonImmediateOops: No
[3,572s][debug][gc,nmethod     ] Register NMethod: java.nio.CharBuffer.flip (0x000074dd1f413808) [0x000074dd1f413900, 0x000074dd1f413a78] Compiler: c1, Barriers: 0, Oops: 0, ImmediateOops: 0, NonImmediateOops: No
[3,572s][debug][gc,nmethod     ] Register NMethod: java.nio.HeapCharBuffer.<init> (0x000074dd1f414188) [0x000074dd1f414280, 0x000074dd1f414480] Compiler: c1, Barriers: 0, Oops: 0, ImmediateOops: 0, NonImmediateOops: No
[3,573s][debug][gc,nmethod     ] Register NMethod: java.nio.CharBuffer.allocate (0x000074dd1f430a88) [0x000074dd1f430b80, 0x000074dd1f430d78] Compiler: c1, Barriers: 0, Oops: 0, ImmediateOops: 0, NonImmediateOops: No
[3,573s][debug][gc,nmethod     ] Register NMethod: org.gradle.internal.dispatch.ProxyDispatchAdapter$DispatchingInvocationHandler.invoke (0x000074dd1fce3c08) [0x000074dd1fce3d00, 0x000074dd1fce8940] Compiler: c1, Barriers: 26, Oops: 4, ImmediateOops: 20, NonImmediateOops: No
[3,573s][debug][gc,nmethod     ] Register NMethod: io.sirix.axis.AbstractAxis.hasNext (0x000074dd3eee2088) [0x000074dd3eee2180, 0x000074dd3eee28b0] Compiler: jvmci, Barriers: 17, Oops: 1, ImmediateOops: 3, NonImmediateOops: No
[3,573s][debug][gc,nmethod     ] Register NMethod: java.util.concurrent.ForkJoinPool.unmanagedBlock (0x000074dd1f81c488) [0x000074dd1f81c580, 0x000074dd1f81cc80] Compiler: c1, Barriers: 0, Oops: 0, ImmediateOops: 0, NonImmediateOops: No
[3,573s][debug][gc,nmethod     ] Register NMethod: java.util.concurrent.ForkJoinPool.managedBlock (0x000074dd1f94ee88) [0x000074dd1f94ef80, 0x000074dd1f94fc20] Compiler: c1, Barriers: 2, Oops: 0, ImmediateOops: 0, NonImmediateOops: No
[3,573s][debug][gc,nmethod     ] Register NMethod: com.github.benmanes.caffeine.cache.BoundedWeigher.weigh (0x000074dd3ecde208) [0x000074dd3ecde300, 0x000074dd3ecdeb58] Compiler: jvmci, Barriers: 10, Oops: 1, ImmediateOops: 0, NonImmediateOops: No
[3,574s][debug][gc,nmethod     ] Register NMethod: com.github.benmanes.caffeine.cache.BoundedLocalCache.expireAfterUpdate (0x000074dd3ec5c888) [0x000074dd3ec5c980, 0x000074dd3ec5ca08] Compiler: jvmci, Barriers: 0, Oops: 1, ImmediateOops: 0, NonImmediateOops: No
[3,574s][debug][gc,nmethod     ] Register NMethod: com.github.benmanes.caffeine.cache.BoundedLocalCache.onAccess (0x000074dd3ecf9a88) [0x000074dd3ecf9b80, 0x000074dd3ecfbb10] Compiler: jvmci, Barriers: 79, Oops: 2, ImmediateOops: 0, NonImmediateOops: No
[3,574s][debug][gc,director    ] Rule Major: Warmup 20%, Used: 552MB, UsedThreshold: 2457MB
[3,575s][debug][gc,nmethod     ] Register NMethod: com.github.benmanes.caffeine.cache.BoundedLocalCache.requireIsAlive (0x000074dd3ec84888) [0x000074dd3ec84980, 0x000074dd3ec84ab8] Compiler: jvmci, Barriers: 1, Oops: 1, ImmediateOops: 2, NonImmediateOops: No
[3,575s][debug][gc,nmethod     ] Register NMethod: io.sirix.axis.AbstractAxis.tryToComputeNext (0x000074dd3ec83e88) [0x000074dd3ec83f80, 0x000074dd3ec84238] Compiler: jvmci, Barriers: 10, Oops: 1, ImmediateOops: 3, NonImmediateOops: No
[3,575s][debug][gc,nmethod     ] Register NMethod: io.sirix.cache.RecordPageFragmentCache$$Lambda/0x000000006920da50.onRemoval (0x000074dd1f41ea88) [0x000074dd1f41eb80, 0x000074dd1f41f0c0] Compiler: c1, Barriers: 0, Oops: 1, ImmediateOops: 0, NonImmediateOops: No
[3,576s][debug][gc,nmethod     ] Register NMethod: java.util.LinkedHashMap.clear (0x000074dd1f564008) [0x000074dd1f564100, 0x000074dd1f564348] Compiler: c1, Barriers: 6, Oops: 0, ImmediateOops: 0, NonImmediateOops: No
[3,576s][debug][gc,nmethod     ] Register NMethod: io.sirix.cache.RecordPageCache$$Lambda/0x000000006920d5a0.weigh (0x000074dd3ecdef88) [0x000074dd3ecdf080, 0x000074dd3ecdf318] Compiler: jvmci, Barriers: 3, Oops: 1, ImmediateOops: 0, NonImmediateOops: No
[3,576s][debug][gc,nmethod     ] Register NMethod: java.lang.invoke.VarHandleGuards.guard_LJ_V (0x000074dd1f9da808) [0x000074dd1f9da900, 0x000074dd1f9df4b0] Compiler: c1, Barriers: 46, Oops: 1, ImmediateOops: 6, NonImmediateOops: No
[3,576s][debug][gc,nmethod     ] Register NMethod: java.util.concurrent.locks.AbstractQueuedSynchronizer$Node.getAndUnsetStatus (0x000074dd1f414808) [0x000074dd1f414900, 0x000074dd1f414f10] Compiler: c1, Barriers: 0, Oops: 1, ImmediateOops: 2, NonImmediateOops: No
[3,576s][debug][gc,nmethod     ] Rebuilding NMethod Table: 8192->8192 entries, 4647(57%->57%) registered, 1088(13%->0%) unregistered
[3,576s][debug][gc,nmethod     ] Register NMethod: java.util.concurrent.locks.AbstractQueuedSynchronizer$ConditionObject.signalAll (0x000074dd1f470508) [0x000074dd1f470600, 0x000074dd1f470ae0] Compiler: c1, Barriers: 2, Oops: 0, ImmediateOops: 0, NonImmediateOops: No
[3,576s][debug][gc,nmethod     ] Register NMethod: org.gradle.api.internal.tasks.testing.worker.TestEventSerializer$IdSerializer.write (0x000074dd1f561988) [0x000074dd1f561a80, 0x000074dd1f562640] Compiler: c1, Barriers: 4, Oops: 1, ImmediateOops: 0, NonImmediateOops: No
[3,576s][debug][gc,nmethod     ] Register NMethod: org.gradle.api.internal.tasks.testing.worker.TestEventSerializer$IdSerializer.write (0x000074dd1f6ab708) [0x000074dd1f6ab800, 0x000074dd1f6ac638] Compiler: c1, Barriers: 4, Oops: 1, ImmediateOops: 0, NonImmediateOops: No
[3,577s][debug][gc,nmethod     ] Register NMethod: java.lang.ThreadLocal.setInitialValue (0x000074dd1f44d288) [0x000074dd1f44d380, 0x000074dd1f44e8b8] Compiler: c1, Barriers: 0, Oops: 1, ImmediateOops: 3, NonImmediateOops: No
[3,577s][debug][gc,nmethod     ] Register NMethod: java.nio.ByteBuffer.put (0x000074dd1f810808) [0x000074dd1f810900, 0x000074dd1f811710] Compiler: c1, Barriers: 0, Oops: 0, ImmediateOops: 0, NonImmediateOops: No
[3,577s][debug][gc,nmethod     ] Register NMethod: io.sirix.cache.RecordPageFragmentCache.lambda$new$0 (0x000074dd1f6d2808) [0x000074dd1f6d2900, 0x000074dd1f6d6788] Compiler: c1, Barriers: 18, Oops: 8, ImmediateOops: 15, NonImmediateOops: No
[3,577s][debug][gc,nmethod     ] Register NMethod: java.nio.charset.CharsetEncoder.charset (0x000074dd3ec8de88) [0x000074dd3ec8df80, 0x000074dd3ec8e068] Compiler: c1, Barriers: 1, Oops: 0, ImmediateOops: 0, NonImmediateOops: No
[3,577s][debug][gc,nmethod     ] Register NMethod: org.gradle.internal.remote.internal.hub.protocol.ChannelIdentifier.hashCode (0x000074dd1f52b008) [0x000074dd1f52b100, 0x000074dd1f52b430] Compiler: c1, Barriers: 1, Oops: 1, ImmediateOops: 0, NonImmediateOops: No
[3,577s][debug][gc,nmethod     ] Register NMethod: org.gradle.internal.remote.internal.hub.protocol.InterHubMessage.<init> (0x000074dd1f439f08) [0x000074dd1f43a000, 0x000074dd1f43a158] Compiler: c1, Barriers: 0, Oops: 1, ImmediateOops: 0, NonImmediateOops: No
[3,577s][debug][gc,nmethod     ] Register NMethod: org.gradle.internal.remote.internal.hub.protocol.ChannelMessage.<init> (0x000074dd1f4c3e08) [0x000074dd1f4c3f00, 0x000074dd1f4c41a8] Compiler: c1, Barriers: 6, Oops: 1, ImmediateOops: 0, NonImmediateOops: No
[3,577s][debug][gc,nmethod     ] Register NMethod: java.util.Calendar.internalGet (0x000074dd1f451908) [0x000074dd1f451a00, 0x000074dd1f451b58] Compiler: c1, Barriers: 1, Oops: 0, ImmediateOops: 0, NonImmediateOops: No
[3,577s][debug][gc,nmethod     ] Register NMethod: org.gradle.internal.remote.internal.hub.queue.MultiEndPointQueue.dispatch (0x000074dd1f441c88) [0x000074dd1f441d80, 0x000074dd1f442100] Compiler: c1, Barriers: 1, Oops: 1, ImmediateOops: 0, NonImmediateOops: No
[3,577s][debug][gc,nmethod     ] Register NMethod: org.gradle.internal.time.TimeSource$1.nanoTime (0x000074dd1f454c88) [0x000074dd1f454d80, 0x000074dd1f454ea0] Compiler: c1, Barriers: 0, Oops: 1, ImmediateOops: 0, NonImmediateOops: No
[3,577s][debug][gc,nmethod     ] Register NMethod: java.util.ArrayList.remove (0x000074dd1f41cf88) [0x000074dd1f41d080, 0x000074dd1f41d6f0] Compiler: c1, Barriers: 3, Oops: 0, ImmediateOops: 0, NonImmediateOops: No
[3,577s][debug][gc,nmethod     ] Register NMethod: org.gradle.internal.remote.internal.hub.MessageHub.assertRunning (0x000074dd1f505a88) [0x000074dd1f505b80, 0x000074dd1f507198] Compiler: c1, Barriers: 15, Oops: 2, ImmediateOops: 3, NonImmediateOops: No
[3,578s][debug][gc,nmethod     ] Register NMethod: java.nio.ByteBuffer.putArray (0x000074dd1ff59488) [0x000074dd1ff59580, 0x000074dd1ff5b490] Compiler: c1, Barriers: 5, Oops: 1, ImmediateOops: 4, NonImmediateOops: No
[3,578s][debug][gc,nmethod     ] Register NMethod: org.gradle.internal.time.MonotonicClock.getCurrentTime (0x000074dd1f40bd08) [0x000074dd1f40be00, 0x000074dd1f40c778] Compiler: c1, Barriers: 3, Oops: 1, ImmediateOops: 1, NonImmediateOops: No
[3,578s][debug][gc,nmethod     ] Register NMethod: org.gradle.internal.remote.internal.hub.DefaultMethodArgsSerializer$ArraySerializer.write (0x000074dd1f4c8608) [0x000074dd1f4c8700, 0x000074dd1f4c8ba8] Compiler: c1, Barriers: 3, Oops: 1, ImmediateOops: 0, NonImmediateOops: No
[3,578s][debug][gc,nmethod     ] Register NMethod: jdk.xml.internal.XMLSecurityManager$Limit.spOld (0x000074dd3ec9e688) [0x000074dd3ec9e780, 0x000074dd3ec9e868] Compiler: c1, Barriers: 1, Oops: 0, ImmediateOops: 0, NonImmediateOops: No
[3,578s][debug][gc,nmethod     ] Register NMethod: jdk.xml.internal.XMLSecurityManager$Limit.mapper (0x000074dd3ecb3b88) [0x000074dd3ecb3c80, 0x000074dd3ecb3d68] Compiler: c1, Barriers: 1, Oops: 0, ImmediateOops: 0, NonImmediateOops: No
[3,578s][debug][gc,nmethod     ] Register NMethod: org.gradle.internal.time.MonotonicClock.syncIsDue (0x000074dd1f448c88) [0x000074dd1f448d80, 0x000074dd1f449138] Compiler: c1, Barriers: 1, Oops: 1, ImmediateOops: 0, NonImmediateOops: No
[3,578s][debug][gc,nmethod     ] Register NMethod: org.gradle.internal.time.MonotonicClock.advance (0x000074dd1f48a208) [0x000074dd1f48a300, 0x000074dd1f48a960] Compiler: c1, Barriers: 2, Oops: 1, ImmediateOops: 0, NonImmediateOops: No
[3,578s][debug][gc,nmethod     ] Register NMethod: jdk.xml.internal.XMLSecurityManager.getSystemProperty (0x000074dd1f4f7c88) [0x000074dd1f4f7d80, 0x000074dd1f4f89f8] Compiler: c1, Barriers: 2, Oops: 0, ImmediateOops: 3, NonImmediateOops: No
[3,578s][debug][gc,nmethod     ] Register NMethod: org.gradle.internal.remote.internal.hub.MessageHub.access$600 (0x000074dd1f455288) [0x000074dd1f455380, 0x000074dd1f4554a0] Compiler: c1, Barriers: 0, Oops: 1, ImmediateOops: 0, NonImmediateOops: No
[3,578s][debug][gc,nmethod     ] Register NMethod: org.gradle.internal.remote.internal.hub.queue.EndPointQueue.take (0x000074dd1f575e88) [0x000074dd1f575f80, 0x000074dd1f577030] Compiler: c1, Barriers: 7, Oops: 1, ImmediateOops: 0, NonImmediateOops: No
[3,578s][debug][gc,nmethod     ] Register NMethod: org.gradle.internal.remote.internal.inet.SocketConnection$SocketOutputStream.flush (0x000074dd1f52bf88) [0x000074dd1f52c080, 0x000074dd1f52c9c0] Compiler: c1, Barriers: 2, Oops: 1, ImmediateOops: 0, NonImmediateOops: No
[3,578s][debug][gc,nmethod     ] Register NMethod: org.gradle.internal.remote.internal.hub.MessageHub$ChannelDispatch.dispatch (0x000074dd1fa2ef08) [0x000074dd1fa2f000, 0x000074dd1fa30180] Compiler: c1, Barriers: 17, Oops: 2, ImmediateOops: 1, NonImmediateOops: No
[3,578s][debug][gc,nmethod     ] Register NMethod: org.gradle.internal.remote.internal.inet.SocketConnection$SocketOutputStream.writeWithNonBlockingRetry (0x000074dd1f478188) [0x000074dd1f478280, 0x000074dd1f478dd8] Compiler: c1, Barriers: 3, Oops: 1, ImmediateOops: 0, NonImmediateOops: No
[3,579s][debug][gc,nmethod     ] Register NMethod: org.gradle.internal.remote.internal.inet.SocketConnection$SocketOutputStream.write (0x000074dd1f47f408) [0x000074dd1f47f500, 0x000074dd1f480540] Compiler: c1, Barriers: 3, Oops: 1, ImmediateOops: 0, NonImmediateOops: No
[3,579s][debug][gc,nmethod     ] Register NMethod: org.gradle.internal.remote.internal.hub.InterHubMessageSerializer$MessageWriter.write (0x000074dd1f62ca08) [0x000074dd1f62cb00, 0x000074dd1f62ce50] Compiler: c1, Barriers: 0, Oops: 1, ImmediateOops: 0, NonImmediateOops: No
[3,579s][debug][gc,nmethod     ] Register NMethod: org.gradle.internal.serialize.kryo.KryoBackedEncoder.writeByte (0x000074dd1f458008) [0x000074dd1f458100, 0x000074dd1f458288] Compiler: c1, Barriers: 1, Oops: 1, ImmediateOops: 0, NonImmediateOops: No
[3,579s][debug][gc,nmethod     ] Register NMethod: com.esotericsoftware.kryo.io.Output.writeByte (0x000074dd1f584208) [0x000074dd1f584300, 0x000074dd1f584500] Compiler: c1, Barriers: 1, Oops: 1, ImmediateOops: 0, NonImmediateOops: No
[3,579s][debug][gc,nmethod     ] Register NMethod: org.gradle.internal.remote.internal.hub.MethodInvocationSerializer$MethodInvocationWriter.writeMethod (0x000074dd1fed4388) [0x000074dd1fed4480, 0x000074dd1fed8508] Compiler: c1, Barriers: 31, Oops: 1, ImmediateOops: 3, NonImmediateOops: No
[3,579s][debug][gc,nmethod     ] Register NMethod: org.gradle.internal.remote.internal.hub.InterHubMessageSerializer$MessageWriter.write (0x000074dd1fab4d88) [0x000074dd1fab4e80, 0x000074dd1fab5ca0] Compiler: c1, Barriers: 6, Oops: 1, ImmediateOops: 0, NonImmediateOops: No
[3,579s][debug][gc,nmethod     ] Register NMethod: org.gradle.internal.remote.internal.hub.MethodInvocationSerializer$MethodInvocationWriter.write (0x000074dd1f691c08) [0x000074dd1f691d00, 0x000074dd1f692050] Compiler: c1, Barriers: 0, Oops: 1, ImmediateOops: 0, NonImmediateOops: No
[3,579s][debug][gc,nmethod     ] Register NMethod: org.gradle.internal.serialize.kryo.TypeSafeSerializer$2.write (0x000074dd1f6f0008) [0x000074dd1f6f0100, 0x000074dd1f6f0a40] Compiler: c1, Barriers: 3, Oops: 1, ImmediateOops: 0, NonImmediateOops: No
[3,579s][debug][gc,nmethod     ] Register NMethod: org.gradle.internal.remote.internal.hub.MethodInvocationSerializer$MethodInvocationWriter.writeArgs (0x000074dd1f47e508) [0x000074dd1f47e600, 0x000074dd1f47e9e8] Compiler: c1, Barriers: 3, Oops: 1, ImmediateOops: 0, NonImmediateOops: No
[3,579s][debug][gc,nmethod     ] Register NMethod: ch.qos.logback.core.pattern.PatternLayoutBase.writeLoopOnConverters (0x000074dd1f56aa88) [0x000074dd1f56ab80, 0x000074dd1f56b7c0] Compiler: c1, Barriers: 2, Oops: 1, ImmediateOops: 1, NonImmediateOops: No
[3,579s][debug][gc,nmethod     ] Register NMethod: org.gradle.internal.remote.internal.hub.InterHubMessageSerializer$MessageWriter.writeChannelId (0x000074dd1ff88a88) [0x000074dd1ff88b80, 0x000074dd1ff8a350] Compiler: c1, Barriers: 14, Oops: 1, ImmediateOops: 2, NonImmediateOops: No
[3,580s][debug][gc,nmethod     ] Register NMethod: org.gradle.internal.remote.internal.hub.DefaultMethodArgsSerializer$ArraySerializer.write (0x000074dd1f6df488) [0x000074dd1f6df580, 0x000074dd1f6df8d0] Compiler: c1, Barriers: 0, Oops: 1, ImmediateOops: 0, NonImmediateOops: No
[3,580s][debug][gc,nmethod     ] Register NMethod: org.gradle.internal.remote.internal.hub.queue.MultiEndPointQueue.empty (0x000074dd1fa67488) [0x000074dd1fa67580, 0x000074dd1fa67900] Compiler: c1, Barriers: 1, Oops: 1, ImmediateOops: 0, NonImmediateOops: No
[3,580s][debug][gc,nmethod     ] Register NMethod: org.gradle.internal.serialize.DefaultSerializerRegistry$TaggedTypeSerializer.write (0x000074dd1f928d88) [0x000074dd1f928e80, 0x000074dd1f929828] Compiler: c1, Barriers: 3, Oops: 1, ImmediateOops: 0, NonImmediateOops: No
[3,580s][debug][gc,nmethod     ] Register NMethod: org.gradle.internal.remote.internal.inet.SocketConnection.dispatch (0x000074dd1ff7e008) [0x000074dd1ff7e100, 0x000074dd1ff83778] Compiler: c1, Barriers: 57, Oops: 2, ImmediateOops: 8, NonImmediateOops: No
[3,580s][debug][gc,nmethod     ] Register NMethod: com.github.benmanes.caffeine.cache.AbstractLinkedDeque.linkLast (0x000074dd3ec4a308) [0x000074dd3ec4a400, 0x000074dd3ec4aa28] Compiler: jvmci, Barriers: 13, Oops: 1, ImmediateOops: 0, NonImmediateOops: No
[3,580s][debug][gc,nmethod     ] Register NMethod: java.nio.channels.spi.AbstractSelectableChannel.isBlocking (0x000074dd1f464908) [0x000074dd1f464a00, 0x000074dd1f464b50] Compiler: c1, Barriers: 0, Oops: 0, ImmediateOops: 0, NonImmediateOops: No
[3,580s][debug][gc,nmethod     ] Register NMethod: sun.nio.ch.SocketChannelImpl.ensureOpenAndConnected (0x000074dd1f745208) [0x000074dd1f745300, 0x000074dd1f745558] Compiler: c1, Barriers: 0, Oops: 0, ImmediateOops: 0, NonImmediateOops: No
[3,580s][debug][gc,nmethod     ] Register NMethod: java.nio.MappedByteBuffer.flip (0x000074dd1f44ff88) [0x000074dd1f450080, 0x000074dd1f450470] Compiler: c1, Barriers: 0, Oops: 0, ImmediateOops: 0, NonImmediateOops: No
[3,580s][debug][gc,nmethod     ] Register NMethod: org.gradle.internal.remote.internal.hub.MethodInvocationSerializer$MethodInvocationWriter.write (0x000074dd1ffc0608) [0x000074dd1ffc0700, 0x000074dd1ffc2580] Compiler: c1, Barriers: 18, Oops: 2, ImmediateOops: 2, NonImmediateOops: No
[3,580s][debug][gc,nmethod     ] Register NMethod: com.github.benmanes.caffeine.cache.AbstractLinkedDeque.unlink (0x000074dd3ec20508) [0x000074dd3ec20600, 0x000074dd3ec20df0] Compiler: jvmci, Barriers: 24, Oops: 1, ImmediateOops: 0, NonImmediateOops: No
[3,580s][debug][gc,nmethod     ] Register NMethod: org.gradle.internal.serialize.kryo.KryoBackedEncoder.flush (0x000074dd1f47d188) [0x000074dd1f47d280, 0x000074dd1f47d408] Compiler: c1, Barriers: 1, Oops: 1, ImmediateOops: 0, NonImmediateOops: No
[3,580s][debug][gc,nmethod     ] Register NMethod: org.gradle.internal.serialize.DefaultSerializerRegistry$TaggedTypeSerializer.map (0x000074dd1fcd7e88) [0x000074dd1fcd7f80, 0x000074dd1fcdaf20] Compiler: c1, Barriers: 13, Oops: 2, ImmediateOops: 2, NonImmediateOops: No
[3,580s][debug][gc,nmethod     ] Register NMethod: sun.nio.ch.SocketChannelImpl.configureSocketNonBlockingIfVirtualThread (0x000074dd1f897508) [0x000074dd1f897600, 0x000074dd1f898198] Compiler: c1, Barriers: 3, Oops: 0, ImmediateOops: 0, NonImmediateOops: No
[3,580s][debug][gc,nmethod     ] Register NMethod: com.github.benmanes.caffeine.cache.BoundedLocalCache$EntryIterator.next (0x000074dd3ecc8f88) [0x000074dd3ecc9080, 0x000074dd3ecc9bf0] Compiler: jvmci, Barriers: 46, Oops: 2, ImmediateOops: 2, NonImmediateOops: No
[3,581s][debug][gc,nmethod     ] Register NMethod: org.gradle.internal.remote.internal.inet.SocketConnection$SocketOutputStream.writeBufferToChannel (0x000074dd1fa66508) [0x000074dd1fa66600, 0x000074dd1fa66c80] Compiler: c1, Barriers: 2, Oops: 1, ImmediateOops: 0, NonImmediateOops: No
[3,581s][debug][gc,nmethod     ] Register NMethod: java.nio.charset.CharsetDecoder.implFlush (0x000074dd1f4c3188) [0x000074dd1f4c3280, 0x000074dd1f4c3388] Compiler: c1, Barriers: 0, Oops: 0, ImmediateOops: 1, NonImmediateOops: No
[3,581s][debug][gc,nmethod     ] Register NMethod: org.gradle.internal.io.StreamByteBuffer$StreamByteBufferChunk.readToNioBuffer (0x000074dd1f9c5e08) [0x000074dd1f9c5f00, 0x000074dd1f9c6210] Compiler: c1, Barriers: 2, Oops: 1, ImmediateOops: 0, NonImmediateOops: No
[3,581s][debug][gc,nmethod     ] Register NMethod: java.nio.charset.CharsetDecoder.flush (0x000074dd1fe92c08) [0x000074dd1fe92d00, 0x000074dd1fe93390] Compiler: c1, Barriers: 0, Oops: 1, ImmediateOops: 3, NonImmediateOops: No
[3,581s][debug][gc,nmethod     ] Register NMethod: org.gradle.internal.io.StreamByteBuffer$StreamByteBufferChunk.clear (0x000074dd1f4cd308) [0x000074dd1f4cd400, 0x000074dd1f4cd510] Compiler: c1, Barriers: 0, Oops: 1, ImmediateOops: 0, NonImmediateOops: No
[3,581s][debug][gc,nmethod     ] Register NMethod: org.gradle.internal.io.StreamByteBuffer.clear (0x000074dd1f4dd608) [0x000074dd1f4dd700, 0x000074dd1f4dd9d8] Compiler: c1, Barriers: 5, Oops: 1, ImmediateOops: 0, NonImmediateOops: No
[3,581s][debug][gc,nmethod     ] Register NMethod: java.util.LinkedList.clear (0x000074dd1f4dcd08) [0x000074dd1f4dce00, 0x000074dd1f4dd290] Compiler: c1, Barriers: 17, Oops: 0, ImmediateOops: 0, NonImmediateOops: No
[3,581s][debug][gc,nmethod     ] Register NMethod: java.nio.CharBuffer.flip (0x000074dd1f45fc08) [0x000074dd1f45fd00, 0x000074dd1f460090] Compiler: c1, Barriers: 0, Oops: 0, ImmediateOops: 0, NonImmediateOops: No
[3,581s][debug][gc,nmethod     ] Register NMethod: org.gradle.api.internal.tasks.testing.redirector.DefaultStandardOutputRedirector$WriteAction.text (0x000074dd1f4ed008) [0x000074dd1f4ed100, 0x000074dd1f4ed2b8] Compiler: c1, Barriers: 1, Oops: 1, ImmediateOops: 0, NonImmediateOops: No
[3,581s][debug][gc,nmethod     ] Register NMethod: org.gradle.internal.remote.internal.inet.SocketConnection.flush (0x000074dd1fa8d288) [0x000074dd1fa8d380, 0x000074dd1fa8ea78] Compiler: c1, Barriers: 14, Oops: 2, ImmediateOops: 2, NonImmediateOops: No
[3,581s][debug][gc,nmethod     ] Register NMethod: java.nio.HeapCharBuffer.toString (0x000074dd1f4e8088) [0x000074dd1f4e8180, 0x000074dd1f4e8438] Compiler: c1, Barriers: 1, Oops: 0, ImmediateOops: 0, NonImmediateOops: No
[3,581s][debug][gc,nmethod     ] Register NMethod: org.gradle.api.internal.tasks.testing.DefaultTestOutputEvent.<init> (0x000074dd1f7adb88) [0x000074dd1f7adc80, 0x000074dd1f7aded0] Compiler: c1, Barriers: 6, Oops: 1, ImmediateOops: 0, NonImmediateOops: No
[3,581s][debug][gc,nmethod     ] Register NMethod: java.util.concurrent.ConcurrentHashMap$CollectionView.size (0x000074dd1f4fa908) [0x000074dd1f4faa00, 0x000074dd1f4fab88] Compiler: c1, Barriers: 1, Oops: 0, ImmediateOops: 0, NonImmediateOops: No
[3,581s][debug][gc,nmethod     ] Register NMethod: jdk.proxy1.$Proxy5.output (0x000074dd1f800988) [0x000074dd1f800a80, 0x000074dd1f8014b8] Compiler: c1, Barriers: 7, Oops: 2, ImmediateOops: 1, NonImmediateOops: No
[3,581s][debug][gc,nmethod     ] Register NMethod: ch.qos.logback.classic.Logger.callAppenders (0x000074dd1f57ad08) [0x000074dd1f57ae00, 0x000074dd1f57b3b8] Compiler: c1, Barriers: 3, Oops: 1, ImmediateOops: 0, NonImmediateOops: No
[3,581s][debug][gc,nmethod     ] Register NMethod: sun.nio.ch.SocketChannelImpl.write (0x000074dd1f507788) [0x000074dd1f507880, 0x000074dd1f507a28] Compiler: c1, Barriers: 0, Oops: 0, ImmediateOops: 0, NonImmediateOops: No
[3,582s][debug][gc,nmethod     ] Register NMethod: org.gradle.api.internal.tasks.testing.redirector.TestOutputRedirector$Forwarder.onOutput (0x000074dd1f4e9508) [0x000074dd1f4e9600, 0x000074dd1f4eb6e8] Compiler: c1, Barriers: 12, Oops: 3, ImmediateOops: 4, NonImmediateOops: No
[3,582s][debug][gc,nmethod     ] Register NMethod: sun.nio.ch.IOUtil.write (0x000074dd1f51ef88) [0x000074dd1f51f080, 0x000074dd1f51f1b0] Compiler: c1, Barriers: 0, Oops: 0, ImmediateOops: 0, NonImmediateOops: No
[3,582s][debug][gc,nmethod     ] Register NMethod: sun.nio.ch.SocketDispatcher.write (0x000074dd1f526788) [0x000074dd1f526880, 0x000074dd1f5269b8] Compiler: c1, Barriers: 0, Oops: 0, ImmediateOops: 0, NonImmediateOops: No
[3,582s][debug][gc,nmethod     ] Register NMethod: java.nio.DirectByteBuffer.compact (0x000074dd1f5a0588) [0x000074dd1f5a0680, 0x000074dd1f5a0980] Compiler: c1, Barriers: 0, Oops: 0, ImmediateOops: 0, NonImmediateOops: No
[3,582s][debug][gc,nmethod     ] Register NMethod: sun.nio.ch.SocketChannelImpl.beginWrite (0x000074dd1fabc808) [0x000074dd1fabc900, 0x000074dd1fabd768] Compiler: c1, Barriers: 2, Oops: 0, ImmediateOops: 0, NonImmediateOops: No
[3,582s][debug][gc,nmethod     ] Register NMethod: java.util.concurrent.locks.AbstractQueuedSynchronizer$ConditionNode.block (0x000074dd1f4fc888) [0x000074dd1f4fc980, 0x000074dd1f4fd760] Compiler: c1, Barriers: 2, Oops: 0, ImmediateOops: 2, NonImmediateOops: No
[3,582s][debug][gc,nmethod     ] Register NMethod: sun.nio.ch.SocketChannelImpl.endWrite (0x000074dd1f641988) [0x000074dd1f641a80, 0x000074dd1f642080] Compiler: c1, Barriers: 1, Oops: 0, ImmediateOops: 0, NonImmediateOops: No
[3,582s][debug][gc,nmethod     ] Register NMethod: org.gradle.internal.serialize.BaseSerializerFactory$EnumSerializer.write (0x000074dd1fea0f88) [0x000074dd1fea1080, 0x000074dd1fea1750] Compiler: c1, Barriers: 1, Oops: 1, ImmediateOops: 0, NonImmediateOops: No
[3,583s][debug][gc,nmethod     ] Register NMethod: org.gradle.api.internal.tasks.testing.worker.TestEventSerializer$DefaultTestOutputEventSerializer.write (0x000074dd1f486388) [0x000074dd1f486480, 0x000074dd1f486bf8] Compiler: c1, Barriers: 5, Oops: 1, ImmediateOops: 1, NonImmediateOops: No
[3,583s][debug][gc,nmethod     ] Register NMethod: org.gradle.api.internal.tasks.testing.worker.TestEventSerializer$DefaultTestOutputEventSerializer.write (0x000074dd1fd9a588) [0x000074dd1fd9a680, 0x000074dd1fd9b060] Compiler: c1, Barriers: 5, Oops: 1, ImmediateOops: 1, NonImmediateOops: No
[3,583s][debug][gc,nmethod     ] Register NMethod: sun.nio.fs.UnixNativeDispatcher.lstat0 (0x000074dd3ecca208) [0x000074dd3ecca300, 0x000074dd3ecca460] Compiler: , Barriers: 0, Oops: 0, ImmediateOops: 1, NonImmediateOops: No
[3,583s][debug][gc,nmethod     ] Register NMethod: sun.nio.ch.SocketChannelImpl.implWrite (0x000074dd1fe8f808) [0x000074dd1fe8f900, 0x000074dd1fe92588] Compiler: c1, Barriers: 10, Oops: 0, ImmediateOops: 2, NonImmediateOops: No
[3,583s][debug][gc,nmethod     ] Register NMethod: org.gradle.internal.serialize.BaseSerializerFactory$EnumSerializer.write (0x000074dd1f471a88) [0x000074dd1f471b80, 0x000074dd1f471fd8] Compiler: c1, Barriers: 1, Oops: 1, ImmediateOops: 0, NonImmediateOops: No
[3,583s][debug][gc,nmethod     ] Register NMethod: com.esotericsoftware.kryo.io.Output.flush (0x000074dd1f4e8788) [0x000074dd1f4e8880, 0x000074dd1f4e8d70] Compiler: c1, Barriers: 2, Oops: 1, ImmediateOops: 0, NonImmediateOops: No
[3,583s][debug][gc,nmethod     ] Register NMethod: java.util.concurrent.locks.LockSupport.park (0x000074dd1f419008) [0x000074dd1f419100, 0x000074dd1f41a090] Compiler: c1, Barriers: 2, Oops: 0, ImmediateOops: 2, NonImmediateOops: No
[3,583s][debug][gc,nmethod     ] Register NMethod: java.nio.DirectByteBuffer.compact (0x000074dd1fc51c88) [0x000074dd1fc51d80, 0x000074dd1fc544e0] Compiler: c1, Barriers: 5, Oops: 1, ImmediateOops: 4, NonImmediateOops: No
[3,583s][debug][gc,nmethod     ] Register NMethod: java.util.concurrent.locks.AbstractQueuedSynchronizer$ConditionNode.<init> (0x000074dd1f52a288) [0x000074dd1f52a380, 0x000074dd1f52a538] Compiler: c1, Barriers: 0, Oops: 0, ImmediateOops: 0, NonImmediateOops: No
[3,583s][debug][gc,nmethod     ] Register NMethod: java.util.concurrent.locks.AbstractQueuedSynchronizer$Node.setStatusRelaxed (0x000074dd1f52d088) [0x000074dd1f52d180, 0x000074dd1f52d288] Compiler: c1, Barriers: 0, Oops: 0, ImmediateOops: 0, NonImmediateOops: No
[3,583s][debug][gc,nmethod     ] Register NMethod: dagger.internal.Preconditions.checkNotNull (0x000074dd1f534788) [0x000074dd1f534880, 0x000074dd1f534a50] Compiler: c1, Barriers: 0, Oops: 1, ImmediateOops: 0, NonImmediateOops: No
[3,583s][debug][gc,nmethod     ] Register NMethod: org.gradle.internal.io.LinePerThreadBufferingOutputStream.getStream (0x000074dd1f67f208) [0x000074dd1f67f300, 0x000074dd1f67fe38] Compiler: c1, Barriers: 4, Oops: 2, ImmediateOops: 0, NonImmediateOops: No
[3,583s][debug][gc,nmethod     ] Register NMethod: java.util.concurrent.locks.AbstractQueuedSynchronizer$ConditionObject.enableWait (0x000074dd1fe9f808) [0x000074dd1fe9f900, 0x000074dd1fea0938] Compiler: c1, Barriers: 18, Oops: 0, ImmediateOops: 0, NonImmediateOops: No
[3,584s][debug][gc,nmethod     ] Register NMethod: java.util.concurrent.locks.AbstractQueuedSynchronizer$ConditionObject.newConditionNode (0x000074dd1f683f08) [0x000074dd1f684000, 0x000074dd1f685058] Compiler: c1, Barriers: 5, Oops: 0, ImmediateOops: 1, NonImmediateOops: No
[3,584s][debug][gc,nmethod     ] Register NMethod: java.util.concurrent.locks.AbstractOwnableSynchronizer.<init> (0x000074dd1f571288) [0x000074dd1f571380, 0x000074dd1f5714d8] Compiler: c1, Barriers: 0, Oops: 0, ImmediateOops: 0, NonImmediateOops: No
[3,584s][debug][gc,nmethod     ] Register NMethod: java.util.concurrent.locks.AbstractQueuedSynchronizer.enqueue (0x000074dd1f998f08) [0x000074dd1f999000, 0x000074dd1f99a4f0] Compiler: c1, Barriers: 5, Oops: 0, ImmediateOops: 2, NonImmediateOops: No
[3,584s][debug][gc,nmethod     ] Register NMethod: java.util.Calendar.getFirstDayOfWeek (0x000074dd3eccdf88) [0x000074dd3ecce080, 0x000074dd3ecce140] Compiler: c1, Barriers: 0, Oops: 0, ImmediateOops: 0, NonImmediateOops: No
[3,584s][debug][gc,nmethod     ] Register NMethod: sun.util.calendar.CalendarDate.getYear (0x000074dd3ecd9a88) [0x000074dd3ecd9b80, 0x000074dd3ecd9c40] Compiler: c1, Barriers: 0, Oops: 0, ImmediateOops: 0, NonImmediateOops: No
[3,584s][debug][gc,nmethod     ] Register NMethod: java.util.Calendar.getMinimalDaysInFirstWeek (0x000074dd3ecda988) [0x000074dd3ecdaa80, 0x000074dd3ecdab40] Compiler: c1, Barriers: 0, Oops: 0, ImmediateOops: 0, NonImmediateOops: No
[3,584s][debug][gc,nmethod     ] Register NMethod: java.util.concurrent.locks.AbstractQueuedSynchronizer.reacquire (0x000074dd1f432f88) [0x000074dd1f433080, 0x000074dd1f433910] Compiler: c1, Barriers: 0, Oops: 0, ImmediateOops: 1, NonImmediateOops: No
[3,584s][debug][gc,nmethod     ] Register NMethod: dagger.internal.InstanceFactory.get (0x000074dd3ed1bb88) [0x000074dd3ed1bc80, 0x000074dd3ed1bd68] Compiler: c1, Barriers: 1, Oops: 1, ImmediateOops: 0, NonImmediateOops: No
[3,584s][debug][gc,nmethod     ] Register NMethod: com.google.gson.stream.JsonWriter.newline (0x000074dd1fa43f88) [0x000074dd1fa44080, 0x000074dd1fa44778] Compiler: c1, Barriers: 4, Oops: 1, ImmediateOops: 0, NonImmediateOops: No
[3,584s][debug][gc,nmethod     ] Register NMethod: io.sirix.io.bytepipe.LZ4Compressor.<init> (0x000074dd1f57a108) [0x000074dd1f57a200, 0x000074dd1f57a358] Compiler: c1, Barriers: 0, Oops: 1, ImmediateOops: 0, NonImmediateOops: No
[3,584s][debug][gc,director    ] Rule Major: Warmup 20%, Used: 556MB, UsedThreshold: 2457MB
[3,584s][debug][gc,nmethod     ] Register NMethod: com.google.gson.stream.JsonWriter.writeDeferredName (0x000074dd1f5bfa08) [0x000074dd1f5bfb00, 0x000074dd1f5bfd98] Compiler: c1, Barriers: 5, Oops: 1, ImmediateOops: 0, NonImmediateOops: No
[3,585s][debug][gc,nmethod     ] Register NMethod: com.google.gson.stream.JsonWriter.beforeValue (0x000074dd1fa9cd88) [0x000074dd1fa9ce80, 0x000074dd1fa9db58] Compiler: c1, Barriers: 5, Oops: 1, ImmediateOops: 3, NonImmediateOops: No
[3,585s][debug][gc,nmethod     ] Register NMethod: com.github.benmanes.caffeine.cache.BoundedLocalCache$EntryIterator.next (0x000074dd3ecfcf08) [0x000074dd3ecfd000, 0x000074dd3ecfdb70] Compiler: jvmci, Barriers: 46, Oops: 2, ImmediateOops: 2, NonImmediateOops: No
[3,585s][debug][gc,nmethod     ] Register NMethod: it.unimi.dsi.fastutil.shorts.ShortArrayList.<init> (0x000074dd1f607508) [0x000074dd1f607600, 0x000074dd1f6078a8] Compiler: c1, Barriers: 0, Oops: 1, ImmediateOops: 0, NonImmediateOops: No
[3,585s][debug][gc,nmethod     ] Register NMethod: it.unimi.dsi.fastutil.shorts.AbstractShortCollection.<init> (0x000074dd1f5a1208) [0x000074dd1f5a1300, 0x000074dd1f5a14b8] Compiler: c1, Barriers: 0, Oops: 1, ImmediateOops: 0, NonImmediateOops: No
[3,585s][debug][gc,nmethod     ] Register NMethod: it.unimi.dsi.fastutil.shorts.AbstractShortList.<init> (0x000074dd1f99ad88) [0x000074dd1f99ae80, 0x000074dd1f99b098] Compiler: c1, Barriers: 0, Oops: 1, ImmediateOops: 0, NonImmediateOops: No
[3,586s][debug][gc,nmethod     ] Register NMethod: org.gradle.internal.io.StreamByteBuffer.readAsCharBuffer (0x000074dd1faaa588) [0x000074dd1faaa680, 0x000074dd1fab04c8] Compiler: c1, Barriers: 17, Oops: 2, ImmediateOops: 6, NonImmediateOops: No
[3,586s][debug][gc,nmethod     ] Register NMethod: io.sirix.access.trx.page.NodePageTrx$$Lambda/0x000000006928dda0.apply (0x000074dd1f562988) [0x000074dd1f562a80, 0x000074dd1f562e48] Compiler: c1, Barriers: 2, Oops: 1, ImmediateOops: 0, NonImmediateOops: No
[3,586s][debug][gc,nmethod     ] Register NMethod: it.unimi.dsi.fastutil.shorts.ShortArrayList.initArrayFromCapacity (0x000074dd1fc54e88) [0x000074dd1fc54f80, 0x000074dd1fc56150] Compiler: c1, Barriers: 7, Oops: 3, ImmediateOops: 3, NonImmediateOops: No
[3,586s][debug][gc,nmethod     ] Register NMethod: java.lang.ThreadLocal.getMap (0x000074dd3ed53308) [0x000074dd3ed53400, 0x000074dd3ed535b0] Compiler: jvmci, Barriers: 3, Oops: 0, ImmediateOops: 0, NonImmediateOops: No
[3,586s][debug][gc,nmethod     ] Register NMethod: java.util.regex.Pattern$$Lambda/0x0000000069111b68.is (0x000074dd3ed55488) [0x000074dd3ed55580, 0x000074dd3ed55608] Compiler: jvmci, Barriers: 0, Oops: 0, ImmediateOops: 0, NonImmediateOops: No
[3,588s][debug][gc,nmethod     ] Register NMethod: java.util.ArrayList.indexOfRange (0x000074dd3ed9e988) [0x000074dd3ed9ea80, 0x000074dd3ed9f048] Compiler: jvmci, Barriers: 6, Oops: 0, ImmediateOops: 0, NonImmediateOops: No
[3,589s][debug][gc,nmethod     ] Register NMethod: com.github.benmanes.caffeine.cache.BoundedLocalCache.lambda$remap$16 (0x000074dd3ec79708) [0x000074dd3ec79800, 0x000074dd3ec7c608] Compiler: jvmci, Barriers: 70, Oops: 1, ImmediateOops: 4, NonImmediateOops: No
[3,591s][debug][gc,nmethod     ] Register NMethod: com.github.benmanes.caffeine.cache.BoundedLocalCache$$Lambda/0x000000006923e680.apply (0x000074dd1f759088) [0x000074dd1f759180, 0x000074dd1f759668] Compiler: c1, Barriers: 7, Oops: 1, ImmediateOops: 0, NonImmediateOops: No
[3,591s][debug][gc,nmethod     ] Register NMethod: io.sirix.io.filechannel.FileChannelReader.read (0x000074dd1fe5f808) [0x000074dd1fe5f900, 0x000074dd1fe612c8] Compiler: c1, Barriers: 3, Oops: 1, ImmediateOops: 4, NonImmediateOops: No
[3,592s][debug][gc,nmethod     ] Register NMethod: com.sun.org.apache.xerces.internal.impl.XMLScanner.setProperty (0x000074dd1fa89788) [0x000074dd1fa89880, 0x000074dd1fa8bdb8] Compiler: c1, Barriers: 13, Oops: 1, ImmediateOops: 6, NonImmediateOops: No
[3,592s][debug][gc,nmethod     ] Register NMethod: com.github.benmanes.caffeine.cache.BoundedLocalCache.lambda$remove$9 (0x000074dd1f961f08) [0x000074dd1f962000, 0x000074dd1f966cd0] Compiler: c1, Barriers: 24, Oops: 10, ImmediateOops: 23, NonImmediateOops: No
[3,594s][debug][gc,director    ] Rule Major: Warmup 20%, Used: 558MB, UsedThreshold: 2457MB
[3,595s][debug][gc,nmethod     ] Register NMethod: java.io.OutputStream.write (0x000074dd3eceaa08) [0x000074dd3eceab00, 0x000074dd3ecebab8] Compiler: jvmci, Barriers: 16, Oops: 2, ImmediateOops: 2, NonImmediateOops: No
[3,596s][debug][gc,nmethod     ] Register NMethod: com.github.benmanes.caffeine.cache.BoundedLocalCache$$Lambda/0x00000000692a5ec8.apply (0x000074dd3eccfc08) [0x000074dd3eccfd00, 0x000074dd3ecd26d0] Compiler: jvmci, Barriers: 79, Oops: 1, ImmediateOops: 4, NonImmediateOops: No
[3,597s][debug][gc,nmethod     ] Register NMethod: com.google.gson.stream.JsonReader.nextQuotedValue (0x000074dd3ecb8b88) [0x000074dd3ecb8c80, 0x000074dd3ecb96d8] Compiler: jvmci, Barriers: 5, Oops: 2, ImmediateOops: 0, NonImmediateOops: No
[3,604s][debug][gc,director    ] Rule Major: Warmup 20%, Used: 564MB, UsedThreshold: 2457MB
[3,615s][debug][gc,director    ] Rule Major: Warmup 20%, Used: 572MB, UsedThreshold: 2457MB
[3,625s][debug][gc,director    ] Rule Major: Warmup 20%, Used: 584MB, UsedThreshold: 2457MB
[3,635s][debug][gc,director    ] Rule Major: Warmup 20%, Used: 594MB, UsedThreshold: 2457MB
[3,645s][debug][gc,director    ] Rule Major: Warmup 20%, Used: 606MB, UsedThreshold: 2457MB
[3,651s][debug][gc,alloc       ] Mutator Allocation Rate: 586,3MB/s Predicted: 598,4MB/s, Avg: 460,7(+/-95,1)MB/s
[3,651s][debug][gc,director    ] Rule Major: Warmup 20%, Used: 614MB, UsedThreshold: 2457MB
[3,661s][debug][gc,director    ] Rule Major: Warmup 20%, Used: 624MB, UsedThreshold: 2457MB
[3,661s][debug][gc,director    ] Select Minor GC Workers (Not Warm), GCWorkers: 5,000
[3,662s][debug][gc,director    ] Rule Minor: Allocation Rate (Dynamic GC Workers), MaxAllocRate: 460,7MB/s (+/-20,6%), Free: 11622MB, GCCPUTime: 1,530, GCDuration: 0,307s, TimeUntilOOM: 20,910s, TimeUntilGC: 20,603s, GCWorkers: 5
[3,662s][debug][gc,director    ] Select Minor GC Workers (Not Warm), GCWorkers: 5,000
[3,662s][debug][gc,director    ] Rule Minor: Allocation Rate (Dynamic GC Workers), MaxAllocRate: 1509,7MB/s (+/-20,6%), Free: 11622MB, GCCPUTime: 1,530, GCDuration: 0,307s, TimeUntilOOM: 6,381s, TimeUntilGC: 6,074s, GCWorkers: 5
[3,662s][debug][gc,director    ] Rule Minor: High Usage, Free: 11622MB(94,6%)
[3,663s][debug][gc,nmethod     ] Register NMethod: io.sirix.settings.VersioningType$4.combineRecordPagesForModification (0x000074dd3ed00a88) [0x000074dd3ed00b80, 0x000074dd3ed05db8] Compiler: jvmci, Barriers: 100, Oops: 5, ImmediateOops: 0, NonImmediateOops: No
[3,668s][debug][gc,nmethod     ] Register NMethod: jdk.internal.foreign.ArenaImpl.allocate (0x000074dd1f5be188) [0x000074dd1f5be280, 0x000074dd1f5be398] Compiler: c1, Barriers: 0, Oops: 0, ImmediateOops: 0, NonImmediateOops: No
[3,669s][debug][gc,nmethod     ] Register NMethod: jdk.internal.foreign.abi.SharedUtils.checkNative (0x000074dd3ed96d08) [0x000074dd3ed96e00, 0x000074dd3ed96ee0] Compiler: jvmci, Barriers: 0, Oops: 0, ImmediateOops: 0, NonImmediateOops: No
[3,669s][debug][gc,nmethod     ] Register NMethod: io.sirix.node.GrowingMemorySegment.grow (0x000074dd1f5a7e08) [0x000074dd1f5a7f00, 0x000074dd1f5a8318] Compiler: c1, Barriers: 5, Oops: 1, ImmediateOops: 1, NonImmediateOops: No
[3,670s][debug][gc,nmethod     ] Register NMethod: java.lang.Math.min (0x000074dd3eda2f08) [0x000074dd3eda3000, 0x000074dd3eda3070] Compiler: jvmci, Barriers: 0, Oops: 0, ImmediateOops: 0, NonImmediateOops: No
[3,672s][debug][gc,director    ] Rule Major: Warmup 20%, Used: 666MB, UsedThreshold: 2457MB
[3,672s][debug][gc,director    ] Select Minor GC Workers (Not Warm), GCWorkers: 5,000
[3,672s][debug][gc,director    ] Rule Minor: Allocation Rate (Dynamic GC Workers), MaxAllocRate: 460,7MB/s (+/-20,6%), Free: 11580MB, GCCPUTime: 1,530, GCDuration: 0,307s, TimeUntilOOM: 20,835s, TimeUntilGC: 20,527s, GCWorkers: 5
[3,672s][debug][gc,director    ] Select Minor GC Workers (Not Warm), GCWorkers: 5,000
[3,672s][debug][gc,director    ] Rule Minor: Allocation Rate (Dynamic GC Workers), MaxAllocRate: 1509,7MB/s (+/-20,6%), Free: 11580MB, GCCPUTime: 1,530, GCDuration: 0,307s, TimeUntilOOM: 6,358s, TimeUntilGC: 6,051s, GCWorkers: 5
[3,672s][debug][gc,director    ] Rule Minor: High Usage, Free: 11580MB(94,2%)
[3,673s][debug][gc,nmethod     ] Register NMethod: sun.nio.ch.FileChannelImpl.write (0x000074dd1fda4288) [0x000074dd1fda4380, 0x000074dd1fda45c8] Compiler: c1, Barriers: 0, Oops: 0, ImmediateOops: 1, NonImmediateOops: No
[3,673s][debug][gc,nmethod     ] Register NMethod: sun.nio.ch.FileChannelImpl.implWrite (0x000074dd1fa29d08) [0x000074dd1fa29e00, 0x000074dd1fa2a7f8] Compiler: c1, Barriers: 0, Oops: 0, ImmediateOops: 2, NonImmediateOops: No
[3,680s][debug][gc,nmethod     ] Register NMethod: jdk.internal.foreign.ArenaImpl.allocate (0x000074dd3ecfde88) [0x000074dd3ecfdf80, 0x000074dd3ecfec28] Compiler: jvmci, Barriers: 26, Oops: 1, ImmediateOops: 6, NonImmediateOops: No
[3,681s][debug][gc,nmethod     ] Register NMethod: java.util.concurrent.CompletableFuture$Completion.<init> (0x000074dd1f5e3088) [0x000074dd1f5e3180, 0x000074dd1f5e3338] Compiler: c1, Barriers: 0, Oops: 0, ImmediateOops: 0, NonImmediateOops: No
[3,682s][debug][gc,director    ] Rule Major: Warmup 20%, Used: 672MB, UsedThreshold: 2457MB
[3,682s][debug][gc,director    ] Select Minor GC Workers (Not Warm), GCWorkers: 5,000
[3,682s][debug][gc,director    ] Rule Minor: Allocation Rate (Dynamic GC Workers), MaxAllocRate: 460,7MB/s (+/-20,6%), Free: 11574MB, GCCPUTime: 1,530, GCDuration: 0,307s, TimeUntilOOM: 20,824s, TimeUntilGC: 20,517s, GCWorkers: 5
[3,682s][debug][gc,director    ] Select Minor GC Workers (Not Warm), GCWorkers: 5,000
[3,682s][debug][gc,director    ] Rule Minor: Allocation Rate (Dynamic GC Workers), MaxAllocRate: 1509,7MB/s (+/-20,6%), Free: 11574MB, GCCPUTime: 1,530, GCDuration: 0,307s, TimeUntilOOM: 6,355s, TimeUntilGC: 6,048s, GCWorkers: 5
[3,682s][debug][gc,director    ] Rule Minor: High Usage, Free: 11574MB(94,2%)
[3,684s][debug][gc,nmethod     ] Register NMethod: java.lang.invoke.DirectMethodHandle$Holder.invokeStatic (0x000074dd1f5bd888) [0x000074dd1f5bd980, 0x000074dd1f5bdd50] Compiler: c1, Barriers: 1, Oops: 0, ImmediateOops: 0, NonImmediateOops: No
[3,684s][debug][gc,nmethod     ] Register NMethod: java.lang.invoke.MethodHandles$Lookup.restrictProtectedReceiver (0x000074dd1fd94c08) [0x000074dd1fd94d00, 0x000074dd1fd95c78] Compiler: c1, Barriers: 2, Oops: 0, ImmediateOops: 0, NonImmediateOops: No
[3,684s][debug][gc,nmethod     ] Register NMethod: java.io.PrintStream.flush (0x000074dd1fa65988) [0x000074dd1fa65a80, 0x000074dd1fa66110] Compiler: c1, Barriers: 1, Oops: 0, ImmediateOops: 1, NonImmediateOops: No
[3,685s][debug][gc,nmethod     ] Register NMethod: io.sirix.cache.BufferManagerImpl.getRevisionRootPageCache (0x000074dd3eda3508) [0x000074dd3eda3600, 0x000074dd3eda36e8] Compiler: c1, Barriers: 1, Oops: 1, ImmediateOops: 0, NonImmediateOops: No
[3,686s][debug][gc,nmethod     ] Register NMethod: io.brackit.query.compiler.parser.Tokenizer$Token.string (0x000074dd1ffb9608) [0x000074dd1ffb9700, 0x000074dd1ffb9928] Compiler: c1, Barriers: 2, Oops: 1, ImmediateOops: 0, NonImmediateOops: No
[3,686s][debug][gc,nmethod     ] Register NMethod: io.brackit.query.compiler.parser.Tokenizer.laEQNameSkipWS (0x000074dd1f5fd508) [0x000074dd1f5fd600, 0x000074dd1f5fd798] Compiler: c1, Barriers: 0, Oops: 1, ImmediateOops: 0, NonImmediateOops: No
[3,686s][debug][gc,nmethod     ] Register NMethod: io.brackit.query.compiler.parser.Tokenizer.laEQName (0x000074dd1f95cc08) [0x000074dd1f95cd00, 0x000074dd1f95e048] Compiler: c1, Barriers: 12, Oops: 2, ImmediateOops: 1, NonImmediateOops: No
[3,688s][debug][gc,nmethod     ] Register NMethod: io.brackit.query.compiler.optimizer.walker.Walker.walkInternal (0x000074dd1f931508) [0x000074dd1f931600, 0x000074dd1f932318] Compiler: c1, Barriers: 2, Oops: 1, ImmediateOops: 0, NonImmediateOops: No
[3,688s][debug][gc,nmethod     ] Register NMethod: io.brackit.query.compiler.optimizer.walker.topdown.ScopeWalker.findVarRefs (0x000074dd1fd9be88) [0x000074dd1fd9bf80, 0x000074dd1fd9d178] Compiler: c1, Barriers: 16, Oops: 1, ImmediateOops: 0, NonImmediateOops: No
[3,688s][debug][gc,nmethod     ] Register NMethod: io.brackit.query.compiler.optimizer.walker.topdown.PullEvaluation.visit (0x000074dd202e7a08) [0x000074dd202e7b00, 0x000074dd202ead28] Compiler: c1, Barriers: 39, Oops: 2, ImmediateOops: 8, NonImmediateOops: No
[3,688s][debug][gc,nmethod     ] Register NMethod: java.util.HashMap.removeNode (0x000074dd1f51c908) [0x000074dd1f51ca00, 0x000074dd1f51eaa8] Compiler: c1, Barriers: 15, Oops: 0, ImmediateOops: 0, NonImmediateOops: No
[3,688s][debug][gc,nmethod     ] Register NMethod: io.brackit.query.compiler.AST.getChildCount (0x000074dd3edd8088) [0x000074dd3edd8180, 0x000074dd3edd8260] Compiler: jvmci, Barriers: 1, Oops: 1, ImmediateOops: 0, NonImmediateOops: No
[3,690s][debug][gc,nmethod     ] Register NMethod: java.util.Arrays$ArrayList.<init> (0x000074dd1f5e5488) [0x000074dd1f5e5580, 0x000074dd1f5e5958] Compiler: c1, Barriers: 3, Oops: 0, ImmediateOops: 0, NonImmediateOops: No
[3,692s][debug][gc,nmethod     ] Register NMethod: io.sirix.node.GrowingMemorySegment.grow (0x000074dd3ecc3408) [0x000074dd3ecc3500, 0x000074dd3ecc5110] Compiler: jvmci, Barriers: 44, Oops: 4, ImmediateOops: 6, NonImmediateOops: No
[3,692s][debug][gc,director    ] Rule Major: Warmup 20%, Used: 676MB, UsedThreshold: 2457MB
[3,692s][debug][gc,director    ] Select Minor GC Workers (Not Warm), GCWorkers: 5,000
[3,692s][debug][gc,director    ] Rule Minor: Allocation Rate (Dynamic GC Workers), MaxAllocRate: 460,7MB/s (+/-20,6%), Free: 11570MB, GCCPUTime: 1,530, GCDuration: 0,307s, TimeUntilOOM: 20,817s, TimeUntilGC: 20,509s, GCWorkers: 5
[3,692s][debug][gc,director    ] Select Minor GC Workers (Not Warm), GCWorkers: 5,000
[3,692s][debug][gc,director    ] Rule Minor: Allocation Rate (Dynamic GC Workers), MaxAllocRate: 1509,7MB/s (+/-20,6%), Free: 11570MB, GCCPUTime: 1,530, GCDuration: 0,307s, TimeUntilOOM: 6,353s, TimeUntilGC: 6,045s, GCWorkers: 5
[3,692s][debug][gc,director    ] Rule Minor: High Usage, Free: 11570MB(94,2%)
[3,693s][debug][gc,nmethod     ] Register NMethod: io.sirix.axis.AttributeAxis.reset (0x000074dd1f617588) [0x000074dd1f617680, 0x000074dd1f617870] Compiler: c1, Barriers: 3, Oops: 1, ImmediateOops: 1, NonImmediateOops: No
[3,694s][debug][gc,nmethod     ] Register NMethod: io.brackit.query.expr.StepExpr$AxisStepSequenceIter.close (0x000074dd1fc59508) [0x000074dd1fc59600, 0x000074dd1fc59968] Compiler: c1, Barriers: 1, Oops: 1, ImmediateOops: 0, NonImmediateOops: No
[3,695s][debug][gc,nmethod     ] Register NMethod: java.util.concurrent.ForkJoinPool.compareAndExchangeCtl (0x000074dd3ecc3108) [0x000074dd3ecc3200, 0x000074dd3ecc3290] Compiler: jvmci, Barriers: 0, Oops: 0, ImmediateOops: 0, NonImmediateOops: No
[3,696s][debug][gc,nmethod     ] Register NMethod: com.sun.org.apache.xerces.internal.impl.XMLDocumentFragmentScannerImpl.scanDocument (0x000074dd3ed2d708) [0x000074dd3ed2d800, 0x000074dd3ed3e9b0] Compiler: jvmci, Barriers: 348, Oops: 15, ImmediateOops: 25, NonImmediateOops: No
[3,697s][debug][gc,nmethod     ] Register NMethod: java.nio.HeapByteBuffer.getLong (0x000074dd3ece8d08) [0x000074dd3ece8e00, 0x000074dd3ece9160] Compiler: jvmci, Barriers: 5, Oops: 1, ImmediateOops: 0, NonImmediateOops: No
[3,697s][debug][gc,nmethod     ] Register NMethod: io.sirix.query.stream.node.SirixNodeStream.close (0x000074dd3edd8c88) [0x000074dd3edd8d80, 0x000074dd3edd8e00] Compiler: jvmci, Barriers: 0, Oops: 1, ImmediateOops: 0, NonImmediateOops: No
[3,699s][debug][gc,nmethod     ] Register NMethod: io.brackit.query.jdm.type.Cardinality.many (0x000074dd1f685488) [0x000074dd1f685580, 0x000074dd1f685710] Compiler: c1, Barriers: 0, Oops: 1, ImmediateOops: 2, NonImmediateOops: No
[3,699s][debug][gc,nmethod     ] Register NMethod: io.brackit.query.node.d2linked.TextD2Node.getValue (0x000074dd3ef1d608) [0x000074dd3ef1d700, 0x000074dd3ef1d7e8] Compiler: c1, Barriers: 1, Oops: 1, ImmediateOops: 0, NonImmediateOops: No
[3,699s][debug][gc,nmethod     ] Register NMethod: io.brackit.query.node.d2linked.D2NodeParser.traverse (0x000074dd1fecdc88) [0x000074dd1fecdd80, 0x000074dd1fed3708] Compiler: c1, Barriers: 15, Oops: 2, ImmediateOops: 7, NonImmediateOops: No
[3,699s][debug][gc,nmethod     ] Register NMethod: io.brackit.query.node.d2linked.ElementD2Node.checkName (0x000074dd1f45a288) [0x000074dd1f45a380, 0x000074dd1f45cfb8] Compiler: c1, Barriers: 28, Oops: 1, ImmediateOops: 0, NonImmediateOops: No
[3,699s][debug][gc,nmethod     ] Register NMethod: io.brackit.query.jdm.Type.isAtomic (0x000074dd3ec80f88) [0x000074dd3ec81080, 0x000074dd3ec81140] Compiler: c1, Barriers: 0, Oops: 1, ImmediateOops: 0, NonImmediateOops: No
[3,700s][debug][gc,nmethod     ] Register NMethod: io.brackit.query.function.FunctionExpr.evaluate (0x000074dd1f9e4c08) [0x000074dd1f9e4d00, 0x000074dd1f9e8410] Compiler: c1, Barriers: 43, Oops: 2, ImmediateOops: 3, NonImmediateOops: No
[3,700s][debug][gc,nmethod     ] Register NMethod: io.brackit.query.operator.TupleImpl.get (0x000074dd3ecdf888) [0x000074dd3ecdf980, 0x000074dd3ecdfac0] Compiler: jvmci, Barriers: 2, Oops: 1, ImmediateOops: 0, NonImmediateOops: No
[3,700s][debug][gc,nmethod     ] Register NMethod: io.sirix.access.trx.page.NodePageReadOnlyTrx.loadDataPageFromDurableStorageAndCombinePageFragments (0x000074dd1fe66608) [0x000074dd1fe66700, 0x000074dd1fe69ae0] Compiler: c1, Barriers: 13, Oops: 1, ImmediateOops: 0, NonImmediateOops: No
[3,700s][debug][gc,nmethod     ] Register NMethod: io.brackit.query.node.d2linked.D2Node.localFragmentID (0x000074dd1f480d08) [0x000074dd1f480e00, 0x000074dd1f4815d8] Compiler: c1, Barriers: 0, Oops: 1, ImmediateOops: 3, NonImmediateOops: No
[3,700s][debug][gc,nmethod     ] Register NMethod: io.brackit.query.jdm.Type.getPrimitiveBase (0x000074dd3ec79308) [0x000074dd3ec79400, 0x000074dd3ec794e8] Compiler: c1, Barriers: 1, Oops: 1, ImmediateOops: 0, NonImmediateOops: No
[3,701s][debug][gc,nmethod     ] Register NMethod: java.lang.Integer.toString (0x000074dd1fee3408) [0x000074dd1fee3500, 0x000074dd1fee3880] Compiler: c1, Barriers: 3, Oops: 0, ImmediateOops: 0, NonImmediateOops: No
[3,701s][debug][gc,nmethod     ] Register NMethod: io.brackit.query.sequence.FlatteningSequence.<init> (0x000074dd1f727d88) [0x000074dd1f727e80, 0x000074dd1f728038] Compiler: c1, Barriers: 0, Oops: 1, ImmediateOops: 0, NonImmediateOops: No
[3,701s][debug][gc,nmethod     ] Register NMethod: io.brackit.query.expr.SequenceExpr$EvalSequence.<init> (0x000074dd1fa0e608) [0x000074dd1fa0e700, 0x000074dd1fa0ebc0] Compiler: c1, Barriers: 13, Oops: 1, ImmediateOops: 0, NonImmediateOops: No
[3,701s][debug][gc,nmethod     ] Register NMethod: io.brackit.query.expr.SequenceExpr.evaluate (0x000074dd1fb09188) [0x000074dd1fb09280, 0x000074dd1fb09808] Compiler: c1, Barriers: 13, Oops: 1, ImmediateOops: 0, NonImmediateOops: No
[3,701s][debug][gc,nmethod     ] Register NMethod: io.brackit.query.sequence.FlatteningSequence$FlatteningIter.<init> (0x000074dd20068888) [0x000074dd20068980, 0x000074dd20068bb0] Compiler: c1, Barriers: 3, Oops: 1, ImmediateOops: 0, NonImmediateOops: No
[3,701s][debug][gc,nmethod     ] Register NMethod: io.brackit.query.atomic.AbstractAtomic.toString (0x000074dd20002c08) [0x000074dd20002d00, 0x000074dd20003000] Compiler: c1, Barriers: 0, Oops: 1, ImmediateOops: 0, NonImmediateOops: No
[3,701s][debug][gc,nmethod     ] Register NMethod: io.brackit.query.sequence.FlatteningSequence.iterate (0x000074dd1f88db08) [0x000074dd1f88dc00, 0x000074dd1f88dee8] Compiler: c1, Barriers: 3, Oops: 1, ImmediateOops: 0, NonImmediateOops: No
[3,701s][debug][gc,nmethod     ] Register NMethod: io.brackit.query.sequence.FlatteningSequence$FlatteningIter.close (0x000074dd1fcb9388) [0x000074dd1fcb9480, 0x000074dd1fcb97e8] Compiler: c1, Barriers: 1, Oops: 1, ImmediateOops: 0, NonImmediateOops: No
[3,702s][debug][gc,nmethod     ] Register NMethod: io.brackit.query.expr.ConstructedNodeBuilder.buildContentSequence (0x000074dd20009288) [0x000074dd20009380, 0x000074dd2000a568] Compiler: c1, Barriers: 0, Oops: 1, ImmediateOops: 0, NonImmediateOops: No
[3,702s][debug][gc,director    ] Rule Major: Warmup 20%, Used: 684MB, UsedThreshold: 2457MB
[3,702s][debug][gc,director    ] Select Minor GC Workers (Not Warm), GCWorkers: 5,000
[3,702s][debug][gc,director    ] Rule Minor: Allocation Rate (Dynamic GC Workers), MaxAllocRate: 460,7MB/s (+/-20,6%), Free: 11562MB, GCCPUTime: 1,530, GCDuration: 0,307s, TimeUntilOOM: 20,802s, TimeUntilGC: 20,495s, GCWorkers: 5
[3,702s][debug][gc,director    ] Select Minor GC Workers (Not Warm), GCWorkers: 5,000
[3,702s][debug][gc,director    ] Rule Minor: Allocation Rate (Dynamic GC Workers), MaxAllocRate: 1509,7MB/s (+/-20,6%), Free: 11562MB, GCCPUTime: 1,530, GCDuration: 0,307s, TimeUntilOOM: 6,348s, TimeUntilGC: 6,041s, GCWorkers: 5
[3,702s][debug][gc,director    ] Rule Minor: High Usage, Free: 11562MB(94,1%)
[3,702s][debug][gc,nmethod     ] Register NMethod: io.brackit.query.node.d2linked.D2NodeParser.<init> (0x000074dd1f792188) [0x000074dd1f792280, 0x000074dd1f792450] Compiler: c1, Barriers: 3, Oops: 1, ImmediateOops: 0, NonImmediateOops: No
[3,702s][debug][gc,nmethod     ] Register NMethod: io.brackit.query.node.d2linked.D2Node.parse (0x000074dd1fa4d408) [0x000074dd1fa4d500, 0x000074dd1fa4d7d0] Compiler: c1, Barriers: 3, Oops: 1, ImmediateOops: 0, NonImmediateOops: No
[3,702s][debug][gc,nmethod     ] Register NMethod: io.brackit.query.node.d2linked.AttributeD2Node.getName (0x000074dd3ee00a08) [0x000074dd3ee00b00, 0x000074dd3ee00be8] Compiler: c1, Barriers: 1, Oops: 1, ImmediateOops: 0, NonImmediateOops: No
[3,703s][debug][gc,nmethod     ] Register NMethod: io.brackit.query.node.d2linked.D2NodeParser.parse (0x000074dd1fa28408) [0x000074dd1fa28500, 0x000074dd1fa290f8] Compiler: c1, Barriers: 1, Oops: 1, ImmediateOops: 0, NonImmediateOops: No
[3,703s][debug][gc,nmethod     ] Register NMethod: io.brackit.query.atomic.AbstractNumeric.atomicCode (0x000074dd3ecf5688) [0x000074dd3ecf5780, 0x000074dd3ecf5840] Compiler: c1, Barriers: 0, Oops: 1, ImmediateOops: 0, NonImmediateOops: No
[3,703s][debug][gc,nmethod     ] Register NMethod: io.brackit.query.util.aggregator.Grouping.getSize (0x000074dd3ed1f908) [0x000074dd3ed1fa00, 0x000074dd3ed1fac0] Compiler: c1, Barriers: 0, Oops: 1, ImmediateOops: 0, NonImmediateOops: No
[3,703s][debug][gc,nmethod     ] Register NMethod: io.brackit.query.atomic.AbstractAtomic.atomicCmp (0x000074dd1f415908) [0x000074dd1f415a00, 0x000074dd1f416230] Compiler: c1, Barriers: 0, Oops: 1, ImmediateOops: 0, NonImmediateOops: No
[3,703s][debug][gc,nmethod     ] Register NMethod: io.sirix.index.IndexType.getType (0x000074dd1fbdbe88) [0x000074dd1fbdbf80, 0x000074dd1fbdc8c0] Compiler: c1, Barriers: 2, Oops: 2, ImmediateOops: 2, NonImmediateOops: No
[3,704s][debug][gc,nmethod     ] Register NMethod: io.sirix.page.KeyValueLeafPage.<init> (0x000074dd1fd96088) [0x000074dd1fd96180, 0x000074dd1fd97030] Compiler: c1, Barriers: 40, Oops: 1, ImmediateOops: 2, NonImmediateOops: No
[3,704s][debug][gc,nmethod     ] Register NMethod: io.brackit.query.node.d2linked.TextD2Node.getKind (0x000074dd1f883108) [0x000074dd1f883200, 0x000074dd1f883308] Compiler: c1, Barriers: 0, Oops: 1, ImmediateOops: 1, NonImmediateOops: No
[3,704s][debug][gc,nmethod     ] Register NMethod: io.brackit.query.node.d2linked.AttributeD2Node.getValue (0x000074dd3ed9f888) [0x000074dd3ed9f980, 0x000074dd3ed9fa68] Compiler: c1, Barriers: 1, Oops: 1, ImmediateOops: 0, NonImmediateOops: No
[3,704s][debug][gc,nmethod     ] Register NMethod: io.brackit.query.node.d2linked.AttributeD2Node.getKind (0x000074dd1f88f588) [0x000074dd1f88f680, 0x000074dd1f88f788] Compiler: c1, Barriers: 0, Oops: 1, ImmediateOops: 1, NonImmediateOops: No
[3,704s][debug][gc,nmethod     ] Register NMethod: io.brackit.query.operator.Check.dead (0x000074dd1fe64d08) [0x000074dd1fe64e00, 0x000074dd1fe651c0] Compiler: c1, Barriers: 1, Oops: 1, ImmediateOops: 0, NonImmediateOops: No
[3,704s][debug][gc,nmethod     ] Register NMethod: io.brackit.query.node.d2linked.AttributeD2Node.checkName (0x000074dd1f536a88) [0x000074dd1f536b80, 0x000074dd1f537190] Compiler: c1, Barriers: 2, Oops: 1, ImmediateOops: 0, NonImmediateOops: No
[3,705s][debug][gc,nmethod     ] Register NMethod: io.brackit.query.node.d2linked.AttributeD2Node.<init> (0x000074dd1fb0b188) [0x000074dd1fb0b280, 0x000074dd1fb0bf50] Compiler: c1, Barriers: 14, Oops: 1, ImmediateOops: 0, NonImmediateOops: No
[3,705s][debug][gc,nmethod     ] Register NMethod: java.lang.invoke.DirectMethodHandle$Holder.invokeStatic (0x000074dd3eddb308) [0x000074dd3eddb400, 0x000074dd3eddb528] Compiler: jvmci, Barriers: 1, Oops: 0, ImmediateOops: 0, NonImmediateOops: No
[3,705s][debug][gc,nmethod     ] Register NMethod: io.brackit.query.expr.BoundVariable.evaluate (0x000074dd3ecefb08) [0x000074dd3ecefc00, 0x000074dd3ecf0228] Compiler: jvmci, Barriers: 7, Oops: 1, ImmediateOops: 2, NonImmediateOops: No
[3,707s][debug][gc,nmethod     ] Register NMethod: io.brackit.query.atomic.Str.<init> (0x000074dd1fe8e988) [0x000074dd1fe8ea80, 0x000074dd1fe8eda0] Compiler: c1, Barriers: 3, Oops: 1, ImmediateOops: 1, NonImmediateOops: No
[3,707s][debug][gc,nmethod     ] Register NMethod: io.brackit.query.atomic.Una.hashCode (0x000074dd1ff07288) [0x000074dd1ff07380, 0x000074dd1ff076b0] Compiler: c1, Barriers: 1, Oops: 1, ImmediateOops: 0, NonImmediateOops: No
[3,707s][debug][gc,nmethod     ] Register NMethod: io.brackit.query.util.join.AbstractJoinTable$TKey.hashCode (0x000074dd1ffea788) [0x000074dd1ffea880, 0x000074dd1ffeabc0] Compiler: c1, Barriers: 1, Oops: 1, ImmediateOops: 0, NonImmediateOops: No
[3,707s][debug][gc,nmethod     ] Register NMethod: io.brackit.query.atomic.AbstractAtomic.asUna (0x000074dd1fb6dd88) [0x000074dd1fb6de80, 0x000074dd1fb6e470] Compiler: c1, Barriers: 3, Oops: 1, ImmediateOops: 1, NonImmediateOops: No
[3,707s][debug][gc,nmethod     ] Register NMethod: io.brackit.query.util.join.FastList.getSize (0x000074dd3eccba08) [0x000074dd3eccbb00, 0x000074dd3eccbbc0] Compiler: c1, Barriers: 0, Oops: 1, ImmediateOops: 0, NonImmediateOops: No
[3,707s][debug][gc,nmethod     ] Register NMethod: io.brackit.query.node.parser.DefaultHandler.begin (0x000074dd1f898588) [0x000074dd1f898680, 0x000074dd1f898780] Compiler: c1, Barriers: 0, Oops: 1, ImmediateOops: 0, NonImmediateOops: No
[3,707s][debug][gc,nmethod     ] Register NMethod: io.brackit.query.util.serialize.SubtreePrinter.print (0x000074dd1f508588) [0x000074dd1f508680, 0x000074dd1f508990] Compiler: c1, Barriers: 0, Oops: 1, ImmediateOops: 0, NonImmediateOops: No
[3,708s][debug][gc,nmethod     ] Register NMethod: io.brackit.query.node.parser.DefaultHandler.beginFragment (0x000074dd1f89f388) [0x000074dd1f89f480, 0x000074dd1f89f580] Compiler: c1, Barriers: 0, Oops: 1, ImmediateOops: 0, NonImmediateOops: No
[3,708s][debug][gc,nmethod     ] Register NMethod: io.brackit.query.sequence.FlatteningSequence$FlatteningIter.next (0x000074dd1febf188) [0x000074dd1febf280, 0x000074dd1fec03a8] Compiler: c1, Barriers: 13, Oops: 1, ImmediateOops: 0, NonImmediateOops: No
[3,708s][debug][gc,nmethod     ] Register NMethod: io.brackit.query.expr.BoundVariable.evaluate (0x000074dd1f425f08) [0x000074dd1f426000, 0x000074dd1f427968] Compiler: c1, Barriers: 16, Oops: 2, ImmediateOops: 3, NonImmediateOops: No
[3,708s][debug][gc,nmethod     ] Register NMethod: io.brackit.query.node.parser.DefaultHandler.endFragment (0x000074dd1f950288) [0x000074dd1f950380, 0x000074dd1f950480] Compiler: c1, Barriers: 0, Oops: 1, ImmediateOops: 0, NonImmediateOops: No
[3,708s][debug][gc,nmethod     ] Register NMethod: io.brackit.query.util.serialize.SubtreePrinter.end (0x000074dd1fd93888) [0x000074dd1fd93980, 0x000074dd1fd93c50] Compiler: c1, Barriers: 2, Oops: 1, ImmediateOops: 0, NonImmediateOops: No
[3,708s][debug][gc,nmethod     ] Register NMethod: io.brackit.query.util.serialize.SubtreePrinter.indent (0x000074dd1fe38188) [0x000074dd1fe38280, 0x000074dd1fe38bc0] Compiler: c1, Barriers: 3, Oops: 1, ImmediateOops: 1, NonImmediateOops: No
[3,708s][debug][gc,nmethod     ] Register NMethod: io.brackit.query.expr.ElementExpr.evaluate (0x000074dd1f98e708) [0x000074dd1f98e800, 0x000074dd1f98e948] Compiler: c1, Barriers: 0, Oops: 1, ImmediateOops: 0, NonImmediateOops: No
[3,708s][debug][gc,nmethod     ] Register NMethod: io.brackit.query.node.d2linked.D2NodeFactory.element (0x000074dd1f5bc388) [0x000074dd1f5bc480, 0x000074dd1f5bc9c8] Compiler: c1, Barriers: 3, Oops: 2, ImmediateOops: 1, NonImmediateOops: No
[3,708s][debug][gc,nmethod     ] Register NMethod: io.brackit.query.node.d2linked.D2NodeFactory.element (0x000074dd1f76ad08) [0x000074dd1f76ae00, 0x000074dd1f76b2f0] Compiler: c1, Barriers: 3, Oops: 2, ImmediateOops: 1, NonImmediateOops: No
[3,708s][debug][gc,nmethod     ] Register NMethod: io.brackit.query.expr.ConstructedNodeBuilder.addContent (0x000074dd1fb6e888) [0x000074dd1fb6e980, 0x000074dd1fb730b8] Compiler: c1, Barriers: 19, Oops: 1, ImmediateOops: 7, NonImmediateOops: No
[3,708s][debug][gc,nmethod     ] Register NMethod: io.brackit.query.node.d2linked.ElementD2Node.<init> (0x000074dd1f811b08) [0x000074dd1f811c00, 0x000074dd1f812028] Compiler: c1, Barriers: 3, Oops: 2, ImmediateOops: 1, NonImmediateOops: No
[3,709s][debug][gc,nmethod     ] Register NMethod: io.brackit.query.expr.ElementExpr$1.<init> (0x000074dd1f9c5788) [0x000074dd1f9c5880, 0x000074dd1f9c5a58] Compiler: c1, Barriers: 3, Oops: 1, ImmediateOops: 0, NonImmediateOops: No
[3,709s][debug][gc,nmethod     ] Register NMethod: io.brackit.query.node.d2linked.ElementD2Node.getScope (0x000074dd1f9ed608) [0x000074dd1f9ed700, 0x000074dd1f9ed800] Compiler: c1, Barriers: 0, Oops: 1, ImmediateOops: 0, NonImmediateOops: No
[3,709s][debug][gc,nmethod     ] Register NMethod: io.brackit.query.node.d2linked.ParentD2Node.<init> (0x000074dd1fccad88) [0x000074dd1fccae80, 0x000074dd1fccb2e0] Compiler: c1, Barriers: 6, Oops: 1, ImmediateOops: 0, NonImmediateOops: No
[3,709s][debug][gc,nmethod     ] Register NMethod: io.brackit.query.util.serialize.SubtreePrinter.newChild (0x000074dd1f6bc308) [0x000074dd1f6bc400, 0x000074dd1f6be910] Compiler: c1, Barriers: 16, Oops: 2, ImmediateOops: 6, NonImmediateOops: No
[3,709s][debug][gc,nmethod     ] Register NMethod: io.brackit.query.atomic.Una.atomicCode (0x000074dd3ee23808) [0x000074dd3ee23900, 0x000074dd3ee239c0] Compiler: c1, Barriers: 0, Oops: 1, ImmediateOops: 0, NonImmediateOops: No
[3,709s][debug][gc,nmethod     ] Register NMethod: io.brackit.query.util.aggregator.SingleAggregator.getAggregate (0x000074dd3ecb4188) [0x000074dd3ecb4280, 0x000074dd3ecb4368] Compiler: c1, Barriers: 1, Oops: 1, ImmediateOops: 0, NonImmediateOops: No
[3,709s][debug][gc,nmethod     ] Register NMethod: io.brackit.query.expr.ElementExpr.evaluateToItem (0x000074dd1ffc9208) [0x000074dd1ffc9300, 0x000074dd1ffce818] Compiler: c1, Barriers: 37, Oops: 3, ImmediateOops: 5, NonImmediateOops: No
[3,710s][debug][gc,nmethod     ] Register NMethod: io.brackit.query.expr.Cast.cast (0x000074dd1f7a6b88) [0x000074dd1f7a6c80, 0x000074dd1f7a7d30] Compiler: c1, Barriers: 5, Oops: 2, ImmediateOops: 2, NonImmediateOops: No
[3,710s][debug][gc,nmethod     ] Register NMethod: io.brackit.query.operator.Check.separate (0x000074dd1fe61608) [0x000074dd1fe61700, 0x000074dd1fe62520] Compiler: c1, Barriers: 2, Oops: 1, ImmediateOops: 0, NonImmediateOops: No
[3,710s][debug][gc,nmethod     ] Register NMethod: io.brackit.query.util.serialize.SubtreePrinter.startElement (0x000074dd1f4e2b08) [0x000074dd1f4e2c00, 0x000074dd1f4e69a0] Compiler: c1, Barriers: 21, Oops: 6, ImmediateOops: 18, NonImmediateOops: No
[3,710s][debug][gc,nmethod     ] Register NMethod: io.brackit.query.node.d2linked.ElementD2Node.resolvePrefix (0x000074dd20198208) [0x000074dd20198300, 0x000074dd20199380] Compiler: c1, Barriers: 3, Oops: 1, ImmediateOops: 4, NonImmediateOops: No
[3,710s][debug][gc,nmethod     ] Register NMethod: io.sirix.access.trx.page.NodePageReadOnlyTrx$$Lambda/0x00000000692a6e18.<init> (0x000074dd1fcf8488) [0x000074dd1fcf8580, 0x000074dd1fcf8840] Compiler: c1, Barriers: 9, Oops: 1, ImmediateOops: 0, NonImmediateOops: No
[3,710s][debug][gc,nmethod     ] Register NMethod: io.sirix.cache.RecordPageCache.get (0x000074dd1fc58188) [0x000074dd1fc58280, 0x000074dd1fc589d8] Compiler: c1, Barriers: 1, Oops: 1, ImmediateOops: 0, NonImmediateOops: No
[3,710s][debug][gc,nmethod     ] Register NMethod: io.sirix.cache.RecordPageCache.get (0x000074dd1f801c88) [0x000074dd1f801d80, 0x000074dd1f8028f0] Compiler: c1, Barriers: 1, Oops: 1, ImmediateOops: 0, NonImmediateOops: No
[3,711s][debug][gc,nmethod     ] Register NMethod: io.sirix.access.trx.page.NodePageReadOnlyTrx$$Lambda/0x00000000692a6e18.apply (0x000074dd1f5b4588) [0x000074dd1f5b4680, 0x000074dd1f5b4c88] Compiler: c1, Barriers: 3, Oops: 1, ImmediateOops: 0, NonImmediateOops: No
[3,711s][debug][gc,nmethod     ] Register NMethod: io.brackit.query.util.serialize.SubtreePrinter.endElement (0x000074dd1fbb6308) [0x000074dd1fbb6400, 0x000074dd1fbbc978] Compiler: c1, Barriers: 26, Oops: 4, ImmediateOops: 32, NonImmediateOops: No
[3,711s][debug][gc,nmethod     ] Register NMethod: io.sirix.access.trx.page.NodePageReadOnlyTrx.lambda$getFromBufferManager$0 (0x000074dd1f568888) [0x000074dd1f568980, 0x000074dd1f5691c0] Compiler: c1, Barriers: 0, Oops: 1, ImmediateOops: 0, NonImmediateOops: No
[3,711s][debug][gc,nmethod     ] Register NMethod: io.brackit.query.node.d2linked.ElementD2Node.append (0x000074dd1fa29708) [0x000074dd1fa29800, 0x000074dd1fa29930] Compiler: c1, Barriers: 0, Oops: 1, ImmediateOops: 0, NonImmediateOops: No
[3,711s][debug][gc,nmethod     ] Register NMethod: io.brackit.query.node.d2linked.ParentD2Node.append (0x000074dd1fa84588) [0x000074dd1fa84680, 0x000074dd1fa84820] Compiler: c1, Barriers: 0, Oops: 1, ImmediateOops: 0, NonImmediateOops: No
[3,711s][debug][gc,nmethod     ] Register NMethod: io.brackit.query.util.serialize.SubtreePrinter.text (0x000074dd1fd8d788) [0x000074dd1fd8d880, 0x000074dd1fd8e390] Compiler: c1, Barriers: 5, Oops: 1, ImmediateOops: 1, NonImmediateOops: No
[3,711s][debug][gc,nmethod     ] Register NMethod: io.brackit.query.node.AbstractBuilder.<init> (0x000074dd1fd17e08) [0x000074dd1fd17f00, 0x000074dd1fd18520] Compiler: c1, Barriers: 12, Oops: 1, ImmediateOops: 0, NonImmediateOops: No
[3,711s][debug][gc,nmethod     ] Register NMethod: io.brackit.query.node.AbstractBuilder.begin (0x000074dd1fa8ff08) [0x000074dd1fa90000, 0x000074dd1fa90100] Compiler: c1, Barriers: 0, Oops: 1, ImmediateOops: 0, NonImmediateOops: No
[3,711s][debug][gc,nmethod     ] Register NMethod: io.brackit.query.node.AbstractBuilder.beginFragment (0x000074dd1face488) [0x000074dd1face580, 0x000074dd1face680] Compiler: c1, Barriers: 0, Oops: 1, ImmediateOops: 0, NonImmediateOops: No
[3,711s][debug][gc,nmethod     ] Register NMethod: io.brackit.query.node.d2linked.ParentD2Node.append (0x000074dd1f491188) [0x000074dd1f491280, 0x000074dd1f492510] Compiler: c1, Barriers: 9, Oops: 1, ImmediateOops: 0, NonImmediateOops: No
[3,711s][debug][gc,nmethod     ] Register NMethod: io.brackit.query.node.d2linked.D2Node.getCollection (0x000074dd1fa8c408) [0x000074dd1fa8c500, 0x000074dd1fa8cd28] Compiler: c1, Barriers: 3, Oops: 1, ImmediateOops: 0, NonImmediateOops: No
[3,712s][debug][gc,nmethod     ] Register NMethod: io.brackit.query.node.d2linked.D2NodeBuilder.<init> (0x000074dd1ff7bb08) [0x000074dd1ff7bc00, 0x000074dd1ff7c7f0] Compiler: c1, Barriers: 9, Oops: 1, ImmediateOops: 0, NonImmediateOops: No
[3,712s][debug][gc,nmethod     ] Register NMethod: io.brackit.query.node.d2linked.D2NodeBuilder.buildText (0x000074dd1fdaa408) [0x000074dd1fdaa500, 0x000074dd1fdaa9f8] Compiler: c1, Barriers: 0, Oops: 1, ImmediateOops: 0, NonImmediateOops: No
[3,712s][debug][gc,nmethod     ] Register NMethod: io.brackit.query.node.AbstractBuilder.text (0x000074dd1fd49508) [0x000074dd1fd49600, 0x000074dd1fd4a0b0] Compiler: c1, Barriers: 5, Oops: 1, ImmediateOops: 0, NonImmediateOops: No
[3,712s][debug][gc,nmethod     ] Register NMethod: io.brackit.query.node.AbstractBuilder.prepare (0x000074dd1f43dc08) [0x000074dd1f43dd00, 0x000074dd1f43e5d0] Compiler: c1, Barriers: 6, Oops: 2, ImmediateOops: 1, NonImmediateOops: No
[3,712s][debug][gc,nmethod     ] Register NMethod: io.brackit.query.node.d2linked.D2NodeBuilder.buildText (0x000074dd1ff1a788) [0x000074dd1ff1a880, 0x000074dd1ff1b250] Compiler: c1, Barriers: 1, Oops: 2, ImmediateOops: 2, NonImmediateOops: No
[3,712s][debug][gc,nmethod     ] Register NMethod: io.brackit.query.node.d2linked.TextD2Node.<init> (0x000074dd1fe6c308) [0x000074dd1fe6c400, 0x000074dd1fe6cae8] Compiler: c1, Barriers: 9, Oops: 1, ImmediateOops: 0, NonImmediateOops: No
[3,712s][debug][gc,nmethod     ] Register NMethod: io.brackit.query.node.d2linked.ParentD2Node.buildChild (0x000074dd1fee4788) [0x000074dd1fee4880, 0x000074dd1fee5530] Compiler: c1, Barriers: 1, Oops: 1, ImmediateOops: 2, NonImmediateOops: No
[3,712s][debug][gc,nmethod     ] Register NMethod: io.brackit.query.node.AbstractBuilder.endFragment (0x000074dd1fb09b88) [0x000074dd1fb09c80, 0x000074dd1fb09d80] Compiler: c1, Barriers: 0, Oops: 1, ImmediateOops: 0, NonImmediateOops: No
[3,712s][debug][gc,nmethod     ] Register NMethod: io.brackit.query.node.d2linked.ParentD2Node.buildChild (0x000074dd20079488) [0x000074dd20079580, 0x000074dd2007a580] Compiler: c1, Barriers: 9, Oops: 2, ImmediateOops: 5, NonImmediateOops: No
[3,712s][debug][gc,nmethod     ] Register NMethod: io.brackit.query.node.AbstractBuilder.end (0x000074dd1fbcb808) [0x000074dd1fbcb900, 0x000074dd1fbcba00] Compiler: c1, Barriers: 0, Oops: 1, ImmediateOops: 0, NonImmediateOops: No
[3,712s][debug][gc,nmethod     ] Register NMethod: io.brackit.query.node.d2linked.ParentD2Node.insertChild (0x000074dd1fda1808) [0x000074dd1fda1900, 0x000074dd1fda3f48] Compiler: c1, Barriers: 24, Oops: 1, ImmediateOops: 5, NonImmediateOops: No
[3,712s][debug][gc,nmethod     ] Register NMethod: io.brackit.query.util.aggregator.SingleAggregator.add (0x000074dd1fc0c408) [0x000074dd1fc0c500, 0x000074dd1fc0c6d8] Compiler: c1, Barriers: 4, Oops: 1, ImmediateOops: 0, NonImmediateOops: No
[3,712s][debug][gc,director    ] Rule Major: Warmup 20%, Used: 690MB, UsedThreshold: 2457MB
[3,712s][debug][gc,director    ] Select Minor GC Workers (Not Warm), GCWorkers: 5,000
[3,712s][debug][gc,nmethod     ] Register NMethod: io.brackit.query.node.AbstractBuilder.root (0x000074dd1ffa4b08) [0x000074dd1ffa4c00, 0x000074dd1ffa5020] Compiler: c1, Barriers: 5, Oops: 2, ImmediateOops: 1, NonImmediateOops: No
[3,712s][debug][gc,nmethod     ] Register NMethod: io.brackit.query.util.aggregator.SingleAggregator.clear (0x000074dd1fcc8c88) [0x000074dd1fcc8d80, 0x000074dd1fcc8f00] Compiler: c1, Barriers: 3, Oops: 1, ImmediateOops: 0, NonImmediateOops: No
[3,713s][debug][gc,nmethod     ] Register NMethod: io.brackit.query.util.join.AbstractJoinTable$TKey.<init> (0x000074dd1fcc9408) [0x000074dd1fcc9500, 0x000074dd1fcc96d0] Compiler: c1, Barriers: 3, Oops: 1, ImmediateOops: 0, NonImmediateOops: No
[3,712s][debug][gc,director    ] Rule Minor: Allocation Rate (Dynamic GC Workers), MaxAllocRate: 460,7MB/s (+/-20,6%), Free: 11556MB, GCCPUTime: 1,530, GCDuration: 0,307s, TimeUntilOOM: 20,791s, TimeUntilGC: 20,484s, GCWorkers: 5
[3,713s][debug][gc,director    ] Select Minor GC Workers (Not Warm), GCWorkers: 5,000
[3,713s][debug][gc,director    ] Rule Minor: Allocation Rate (Dynamic GC Workers), MaxAllocRate: 1509,7MB/s (+/-20,6%), Free: 11556MB, GCCPUTime: 1,530, GCDuration: 0,307s, TimeUntilOOM: 6,345s, TimeUntilGC: 6,038s, GCWorkers: 5
[3,713s][debug][gc,director    ] Rule Minor: High Usage, Free: 11556MB(94,0%)
[3,713s][debug][gc,nmethod     ] Register NMethod: io.brackit.query.expr.Cast.castPrimitiveToPrimitive (0x000074dd1ff73e88) [0x000074dd1ff73f80, 0x000074dd1ff79908] Compiler: c1, Barriers: 57, Oops: 9, ImmediateOops: 42, NonImmediateOops: No
[3,713s][debug][gc,nmethod     ] Register NMethod: io.brackit.query.jdm.type.TextType.getNodeKind (0x000074dd3ecbfd88) [0x000074dd3ecbfe80, 0x000074dd3ecbff10] Compiler: jvmci, Barriers: 0, Oops: 1, ImmediateOops: 1, NonImmediateOops: No
[3,713s][debug][gc,nmethod     ] Register NMethod: io.brackit.query.operator.LetBind$LetBindCursor.next (0x000074dd1fadaa88) [0x000074dd1fadab80, 0x000074dd1fadbb60] Compiler: c1, Barriers: 5, Oops: 1, ImmediateOops: 0, NonImmediateOops: No
[3,714s][debug][gc,nmethod     ] Register NMethod: io.brackit.query.expr.AttributeExpr.evaluate (0x000074dd1fd10d88) [0x000074dd1fd10e80, 0x000074dd1fd10fc8] Compiler: c1, Barriers: 0, Oops: 1, ImmediateOops: 0, NonImmediateOops: No
[3,714s][debug][gc,nmethod     ] Register NMethod: io.brackit.query.node.d2linked.D2NodeFactory.attribute (0x000074dd1fd9b888) [0x000074dd1fd9b980, 0x000074dd1fd9bb30] Compiler: c1, Barriers: 0, Oops: 1, ImmediateOops: 0, NonImmediateOops: No
[3,714s][debug][gc,nmethod     ] Register NMethod: io.brackit.query.node.d2linked.D2NodeFactory.attribute (0x000074dd1f4e7608) [0x000074dd1f4e7700, 0x000074dd1f4e7918] Compiler: c1, Barriers: 0, Oops: 1, ImmediateOops: 0, NonImmediateOops: No
[3,714s][debug][gc,nmethod     ] Register NMethod: io.brackit.query.node.d2linked.ElementD2Node.setAttribute (0x000074dd1f4e7088) [0x000074dd1f4e7180, 0x000074dd1f4e7478] Compiler: c1, Barriers: 0, Oops: 1, ImmediateOops: 0, NonImmediateOops: No
[3,715s][debug][gc,nmethod     ] Register NMethod: io.brackit.query.node.d2linked.AttributeD2Node.<init> (0x000074dd1ff53188) [0x000074dd1ff53280, 0x000074dd1ff53cb0] Compiler: c1, Barriers: 8, Oops: 2, ImmediateOops: 1, NonImmediateOops: No
[3,715s][debug][gc,nmethod     ] Register NMethod: io.brackit.query.node.d2linked.ElementD2Node.setAttribute (0x000074dd1fd4f588) [0x000074dd1fd4f680, 0x000074dd1fd505f0] Compiler: c1, Barriers: 3, Oops: 2, ImmediateOops: 2, NonImmediateOops: No
[3,715s][debug][gc,nmethod     ] Register NMethod: io.brackit.query.expr.ConstructedNodeBuilder.buildAttributeContent (0x000074dd1ff6c708) [0x000074dd1ff6c800, 0x000074dd1ff6f580] Compiler: c1, Barriers: 0, Oops: 3, ImmediateOops: 4, NonImmediateOops: No
[3,715s][debug][gc,nmethod     ] Register NMethod: io.brackit.query.node.d2linked.ElementD2Node.setAttribute (0x000074dd1f898b88) [0x000074dd1f898c80, 0x000074dd1f89afb0] Compiler: c1, Barriers: 21, Oops: 2, ImmediateOops: 2, NonImmediateOops: No
[3,716s][debug][gc,nmethod     ] Register NMethod: io.brackit.query.util.serialize.SubtreePrinter.attribute (0x000074dd1ff4f388) [0x000074dd1ff4f480, 0x000074dd1ff51920] Compiler: c1, Barriers: 7, Oops: 4, ImmediateOops: 11, NonImmediateOops: No
[3,716s][debug][gc,nmethod     ] Register NMethod: io.brackit.query.operator.TableJoin$TableJoinCursor.next (0x000074dd20168b08) [0x000074dd20168c00, 0x000074dd2016cb68] Compiler: c1, Barriers: 72, Oops: 1, ImmediateOops: 0, NonImmediateOops: No
[3,716s][debug][gc,nmethod     ] Register NMethod: java.lang.StringConcatHelper.simpleConcat (0x000074dd3ecf0f88) [0x000074dd3ecf1080, 0x000074dd3ecf18f8] Compiler: jvmci, Barriers: 6, Oops: 0, ImmediateOops: 0, NonImmediateOops: No
[3,716s][debug][gc,nmethod     ] Register NMethod: io.brackit.query.expr.AttributeExpr.evaluateToItem (0x000074dd1fb7b208) [0x000074dd1fb7b300, 0x000074dd1fb813e0] Compiler: c1, Barriers: 30, Oops: 3, ImmediateOops: 20, NonImmediateOops: No
[3,716s][debug][gc,nmethod     ] Register NMethod: io.brackit.query.function.fn.Count.execute (0x000074dd1f778708) [0x000074dd1f778800, 0x000074dd1f778bd0] Compiler: c1, Barriers: 1, Oops: 1, ImmediateOops: 1, NonImmediateOops: No
[3,717s][debug][gc,nmethod     ] Register NMethod: io.brackit.query.operator.Count$CountCursor.next (0x000074dd1f716b08) [0x000074dd1f716c00, 0x000074dd1f718128] Compiler: c1, Barriers: 22, Oops: 1, ImmediateOops: 2, NonImmediateOops: No
[3,717s][debug][gc,nmethod     ] Register NMethod: io.brackit.query.operator.GroupBy$AllGroupBy.next (0x000074dd1fc56488) [0x000074dd1fc56580, 0x000074dd1fc57a70] Compiler: c1, Barriers: 19, Oops: 1, ImmediateOops: 0, NonImmediateOops: No
[3,718s][debug][gc,nmethod     ] Register NMethod: com.github.benmanes.caffeine.cache.BoundedLocalCache.hasRemovalListener (0x000074dd3eccb408) [0x000074dd3eccb500, 0x000074dd3eccb5c0] Compiler: c1, Barriers: 0, Oops: 1, ImmediateOops: 0, NonImmediateOops: No
[3,718s][debug][gc,nmethod     ] Register NMethod: io.sirix.cache.RecordPageCache$$Lambda/0x000000006920d378.onRemoval (0x000074dd1fa27808) [0x000074dd1fa27900, 0x000074dd1fa27e40] Compiler: c1, Barriers: 0, Oops: 1, ImmediateOops: 0, NonImmediateOops: No
[3,718s][debug][gc,nmethod     ] Register NMethod: java.lang.StringCoding.implEncodeAsciiArray (0x000074dd3eccd688) [0x000074dd3eccd780, 0x000074dd3eccdab0] Compiler: jvmci, Barriers: 0, Oops: 0, ImmediateOops: 0, NonImmediateOops: No
[3,718s][debug][gc,nmethod     ] Register NMethod: org.junit.platform.engine.support.descriptor.AbstractTestDescriptor.getUniqueId (0x000074dd3eccb108) [0x000074dd3eccb200, 0x000074dd3eccb2e8] Compiler: c1, Barriers: 1, Oops: 1, ImmediateOops: 0, NonImmediateOops: No
[3,718s][debug][gc,nmethod     ] Register NMethod: org.gradle.internal.io.LinePerThreadBufferingOutputStream.maybeGetStream (0x000074dd1fb06c88) [0x000074dd1fb06d80, 0x000074dd1fb072c8] Compiler: c1, Barriers: 1, Oops: 1, ImmediateOops: 0, NonImmediateOops: No
[3,719s][debug][gc,nmethod     ] Register NMethod: org.gradle.internal.io.LinePerThreadBufferingOutputStream.flush (0x000074dd1fb81d88) [0x000074dd1fb81e80, 0x000074dd1fb82650] Compiler: c1, Barriers: 1, Oops: 1, ImmediateOops: 0, NonImmediateOops: No
[3,719s][debug][gc,nmethod     ] Register NMethod: io.brackit.query.sequence.TypedSequence.toTypedSequence (0x000074dd3ed79e08) [0x000074dd3ed79f00, 0x000074dd3ed7a4d8] Compiler: jvmci, Barriers: 8, Oops: 1, ImmediateOops: 2, NonImmediateOops: No
[3,719s][debug][gc,nmethod     ] Register NMethod: io.sirix.cache.RecordPageCache.lambda$new$0 (0x000074dd1f40ee08) [0x000074dd1f40ef00, 0x000074dd1f411c00] Compiler: c1, Barriers: 17, Oops: 5, ImmediateOops: 10, NonImmediateOops: No
[3,719s][debug][gc,nmethod     ] Register NMethod: java.util.ArrayList.checkForComodification (0x000074dd1fd4f288) [0x000074dd1fd4f380, 0x000074dd1fd4f530] Compiler: c1, Barriers: 0, Oops: 0, ImmediateOops: 0, NonImmediateOops: No
[3,719s][debug][gc,nmethod     ] Register NMethod: java.util.Calendar.isFieldSet (0x000074dd1fe19c08) [0x000074dd1fe19d00, 0x000074dd1fe19e38] Compiler: c1, Barriers: 0, Oops: 0, ImmediateOops: 0, NonImmediateOops: No
[3,719s][debug][gc,nmethod     ] Register NMethod: java.util.Calendar.complete (0x000074dd1f778308) [0x000074dd1f778400, 0x000074dd1f778698] Compiler: c1, Barriers: 0, Oops: 0, ImmediateOops: 0, NonImmediateOops: No
[3,720s][debug][gc,nmethod     ] Register NMethod: io.sirix.access.trx.page.NodePageReadOnlyTrx.close (0x000074dd1ff16608) [0x000074dd1ff16700, 0x000074dd1ff19710] Compiler: c1, Barriers: 33, Oops: 1, ImmediateOops: 5, NonImmediateOops: No
[3,720s][debug][gc,nmethod     ] Register NMethod: java.util.Arrays.asList (0x000074dd1fd97a08) [0x000074dd1fd97b00, 0x000074dd1fd97f70] Compiler: c1, Barriers: 3, Oops: 0, ImmediateOops: 0, NonImmediateOops: No
[3,720s][debug][gc,nmethod     ] Register NMethod: java.lang.Character.codePointAt (0x000074dd3ece0808) [0x000074dd3ece0900, 0x000074dd3ece0ab8] Compiler: jvmci, Barriers: 1, Oops: 0, ImmediateOops: 0, NonImmediateOops: No
[3,720s][debug][gc,nmethod     ] Register NMethod: java.lang.Class.getClassLoader0 (0x000074dd3ece0508) [0x000074dd3ece0600, 0x000074dd3ece06e8] Compiler: c1, Barriers: 1, Oops: 0, ImmediateOops: 0, NonImmediateOops: No
[3,721s][debug][gc,nmethod     ] Register NMethod: java.nio.file.Path.toFile (0x000074dd1fd9da88) [0x000074dd1fd9db80, 0x000074dd1fd9e7d0] Compiler: c1, Barriers: 8, Oops: 0, ImmediateOops: 5, NonImmediateOops: No
[3,722s][debug][gc,nmethod     ] Register NMethod: jdk.internal.ref.PhantomCleanable.clear (0x000074dd201c8e08) [0x000074dd201c8f00, 0x000074dd201c9510] Compiler: c1, Barriers: 1, Oops: 0, ImmediateOops: 0, NonImmediateOops: No
[3,722s][debug][gc,nmethod     ] Register NMethod: java.io.FileDescriptor.closeAll (0x000074dd1fa4de08) [0x000074dd1fa4df00, 0x000074dd1fa4fb70] Compiler: c1, Barriers: 1, Oops: 0, ImmediateOops: 0, NonImmediateOops: No
[3,723s][debug][gc,director    ] Rule Major: Warmup 20%, Used: 692MB, UsedThreshold: 2457MB
[3,723s][debug][gc,director    ] Select Minor GC Workers (Not Warm), GCWorkers: 5,000
[3,723s][debug][gc,director    ] Rule Minor: Allocation Rate (Dynamic GC Workers), MaxAllocRate: 460,7MB/s (+/-20,6%), Free: 11554MB, GCCPUTime: 1,530, GCDuration: 0,307s, TimeUntilOOM: 20,788s, TimeUntilGC: 20,481s, GCWorkers: 5
[3,723s][debug][gc,director    ] Select Minor GC Workers (Not Warm), GCWorkers: 5,000
[3,723s][debug][gc,director    ] Rule Minor: Allocation Rate (Dynamic GC Workers), MaxAllocRate: 1509,7MB/s (+/-20,6%), Free: 11554MB, GCCPUTime: 1,530, GCDuration: 0,307s, TimeUntilOOM: 6,344s, TimeUntilGC: 6,037s, GCWorkers: 5
[3,723s][debug][gc,director    ] Rule Minor: High Usage, Free: 11554MB(94,0%)
[3,723s][debug][gc,nmethod     ] Register NMethod: com.google.gson.stream.JsonWriter.name (0x000074dd1fd94288) [0x000074dd1fd94380, 0x000074dd1fd94888] Compiler: c1, Barriers: 4, Oops: 2, ImmediateOops: 2, NonImmediateOops: No
[3,723s][debug][gc,nmethod     ] Register NMethod: java.io.OutputStreamWriter.append (0x000074dd1fe01d08) [0x000074dd1fe01e00, 0x000074dd1fe02f88] Compiler: c1, Barriers: 3, Oops: 0, ImmediateOops: 1, NonImmediateOops: No
[3,725s][debug][gc,nmethod     ] Register NMethod: java.io.OutputStream.flush (0x000074dd3ed1a388) [0x000074dd3ed1a480, 0x000074dd3ed1a500] Compiler: jvmci, Barriers: 0, Oops: 0, ImmediateOops: 0, NonImmediateOops: No
[3,727s][debug][gc,nmethod     ] Register NMethod: java.io.OutputStream.write (0x000074dd3ed3ed88) [0x000074dd3ed3ee80, 0x000074dd3ed3f730] Compiler: jvmci, Barriers: 10, Oops: 1, ImmediateOops: 1, NonImmediateOops: No
[3,727s][debug][gc,nmethod     ] Register NMethod: io.sirix.access.ResourceConfiguration.getResource (0x000074dd3ed1a088) [0x000074dd3ed1a180, 0x000074dd3ed1a268] Compiler: c1, Barriers: 1, Oops: 1, ImmediateOops: 0, NonImmediateOops: No
[3,728s][debug][gc,nmethod     ] Register NMethod: io.sirix.access.trx.page.NodePageReadOnlyTrx.lambda$loadPage$0 (0x000074dd1fe6a708) [0x000074dd1fe6a800, 0x000074dd1fe6b068] Compiler: c1, Barriers: 3, Oops: 1, ImmediateOops: 1, NonImmediateOops: No
[3,728s][debug][gc,nmethod     ] Register NMethod: io.sirix.cache.PageCache.lambda$new$1 (0x000074dd1fe86688) [0x000074dd1fe86780, 0x000074dd1fe87338] Compiler: c1, Barriers: 1, Oops: 1, ImmediateOops: 0, NonImmediateOops: No
[3,728s][debug][gc,nmethod     ] Register NMethod: io.sirix.access.trx.page.NodePageReadOnlyTrx$$Lambda/0x00000000692a5a48.apply (0x000074dd1fd99308) [0x000074dd1fd99400, 0x000074dd1fd9a170] Compiler: c1, Barriers: 5, Oops: 1, ImmediateOops: 1, NonImmediateOops: No
[3,728s][debug][gc,nmethod     ] Register NMethod: io.sirix.cache.PageCache$$Lambda/0x0000000069207658.weigh (0x000074dd1f835188) [0x000074dd1f835280, 0x000074dd1f836298] Compiler: c1, Barriers: 1, Oops: 1, ImmediateOops: 0, NonImmediateOops: No
