[0.009s][debug][gc,heap] Minimum heap 5368709120  Initial heap 5368709120  Maximum heap 12884901888
[0.009s][info ][gc,init] Initializing The Z Garbage Collector
[0.009s][info ][gc,init] Version: 25+37-LTS-jvmci-b01 (release)
[0.009s][info ][gc,init] NUMA Support: Disabled
[0.009s][info ][gc,init] CPUs: 20 total, 20 available
[0.009s][info ][gc,init] Memory: 31764M
[0.009s][info ][gc,init] Large Page Support: Disabled
[0.009s][info ][gc,init] Address Space Size: unlimited
[0.010s][debug][gc,init] Reserved Space: limit 4096G, desired 192G, requested 192G
[0.010s][info ][gc,init] Reserved Space Type: Contiguous/Unrestricted/Complete
[0.010s][info ][gc,init] Reserved Space Size: 192G
[0.010s][info ][gc,init] Heap Backing File: /memfd:java_heap
[0.010s][info ][gc,init] Heap Backing Filesystem: tmpfs (0x1021994)
[0.010s][info ][gc,init] Min Capacity: 5120M
[0.010s][info ][gc,init] Initial Capacity: 5120M
[0.010s][info ][gc,init] Max Capacity: 12288M
[0.010s][info ][gc,init] Soft Max Capacity: 12288M
[0.010s][info ][gc,init] Page Size Medium: Range [4M, 32M]
[0.010s][info ][gc,init] Pre-touch: Enabled
[0.010s][info ][gc,init] Available space on backing filesystem: N/A
[0.010s][info ][gc,init] Uncommit: Enabled
[0.010s][info ][gc,init] Uncommit Delay: 300s
[0.010s][info ][gc,init] GC Workers for Old Generation: 5 (dynamic)
[0.011s][info ][gc,init] GC Workers for Young Generation: 5 (dynamic)
[0.829s][debug][gc,task] Executing ZPreTouchTask using ZWorkerOld with 5 workers
[1.104s][info ][gc,init] GC Workers Max: 5 (dynamic)
[1.104s][info ][gc,init] Runtime Workers: 12
[1.105s][info ][gc     ] Using The Z Garbage Collector
[1.105s][info ][gc,metaspace] CDS archive(s) not mapped
[1.105s][info ][gc,metaspace] Compressed class space mapped at: 0x00000000a9000000-0x00000000e9000000, reserved size: 1073741824
[1.105s][info ][gc,metaspace] UseCompressedClassPointers 1, UseCompactObjectHeaders 0
[1.105s][info ][gc,metaspace] Narrow klass pointer bits 32, Max shift 3
[1.105s][info ][gc,metaspace] Narrow klass base: 0x0000000000000000, Narrow klass shift: 0
[1.105s][info ][gc,metaspace] Encoding Range: [0x0000000000000000 - 0x0000000100000000), (4294967296 bytes)
[1.105s][info ][gc,metaspace] Klass Range:    [0x00000000a9000000 - 0x00000000e9000000), (1073741824 bytes)
[1.105s][info ][gc,metaspace] Klass ID Range:  [2835349504 - 3909091321) (1073741817)
[1.105s][info ][gc,metaspace] No protection zone.
[1,142s][debug][gc,heap     ] Uncommitter (0) Timeout: 300000ms
[1,144s][debug][gc,nmethod  ] Register NMethod: java.lang.Byte.toUnsignedInt (0x00007943f7400008) [0x00007943f7400100, 0x00007943f74001e8] Compiler: c1, Barriers: 0, Oops: 0, ImmediateOops: 0, NonImmediateOops: No
[1,144s][debug][gc,nmethod  ] Rebuilding NMethod Table: 0->1024 entries, 0(0%->0%) registered, 0(0%->0%) unregistered
[1,144s][debug][gc,nmethod  ] Register NMethod: jdk.internal.util.ArraysSupport.unsignedHashCode (0x00007943f7400308) [0x00007943f7400400, 0x00007943f7400610] Compiler: c1, Barriers: 0, Oops: 0, ImmediateOops: 0, NonImmediateOops: No
[1,144s][debug][gc,nmethod  ] Register NMethod: java.lang.Object.<init> (0x00007943f7400688) [0x00007943f7400780, 0x00007943f7400880] Compiler: c1, Barriers: 0, Oops: 0, ImmediateOops: 0, NonImmediateOops: No
[1,144s][debug][gc,nmethod  ] Register NMethod: java.lang.String.hashCode (0x00007943f7400988) [0x00007943f7400a80, 0x00007943f7401028] Compiler: c1, Barriers: 2, Oops: 0, ImmediateOops: 0, NonImmediateOops: No
[1,146s][debug][gc,nmethod  ] Register NMethod: jdk.internal.misc.Unsafe.getReferenceVolatile (0x0000794416be5008) [0x0000794416be5100, 0x0000794416be5430] Compiler: , Barriers: 0, Oops: 0, ImmediateOops: 0, NonImmediateOops: No
[1,149s][debug][gc,nmethod  ] Register NMethod: java.util.ImmutableCollections$SetN.probe (0x00007943f7401088) [0x00007943f7401180, 0x00007943f74019a8] Compiler: c1, Barriers: 4, Oops: 0, ImmediateOops: 0, NonImmediateOops: No
[1,149s][debug][gc,nmethod  ] Register NMethod: java.lang.Math.floorMod (0x00007943f7401a08) [0x00007943f7401b00, 0x00007943f7401c90] Compiler: c1, Barriers: 0, Oops: 0, ImmediateOops: 0, NonImmediateOops: No
[1,149s][debug][gc,nmethod  ] Register NMethod: java.lang.StringLatin1.equals (0x00007943f7401d08) [0x00007943f7401e00, 0x00007943f7402068] Compiler: c1, Barriers: 0, Oops: 0, ImmediateOops: 0, NonImmediateOops: No
[1,150s][debug][gc,nmethod  ] Register NMethod: jdk.internal.util.ArraysSupport.vectorizedHashCode (0x00007943f7402088) [0x00007943f7402180, 0x00007943f7403fd8] Compiler: c1, Barriers: 0, Oops: 1, ImmediateOops: 2, NonImmediateOops: No
[1,150s][debug][gc,nmethod  ] Register NMethod: jdk.internal.util.ArraysSupport.hashCodeOfUnsigned (0x00007943f7404008) [0x00007943f7404100, 0x00007943f7404378] Compiler: c1, Barriers: 0, Oops: 0, ImmediateOops: 0, NonImmediateOops: No
[1,151s][debug][gc,nmethod  ] Register NMethod: java.util.ImmutableCollections$SetN.hashCode (0x00007943f7404388) [0x00007943f7404480, 0x00007943f74048f0] Compiler: c1, Barriers: 2, Oops: 0, ImmediateOops: 0, NonImmediateOops: No
[1,151s][debug][gc,nmethod  ] Register NMethod: java.lang.module.ModuleDescriptor.modsHashCode (0x00007943f7404908) [0x00007943f7404a00, 0x00007943f74057b8] Compiler: c1, Barriers: 1, Oops: 0, ImmediateOops: 0, NonImmediateOops: No
[1,152s][debug][gc,nmethod  ] Register NMethod: java.util.Objects.requireNonNull (0x00007943f7405808) [0x00007943f7405900, 0x00007943f7405ad0] Compiler: c1, Barriers: 0, Oops: 0, ImmediateOops: 0, NonImmediateOops: No
[1,152s][debug][gc,nmethod  ] Register NMethod: java.util.Set.of (0x00007943f7405b08) [0x00007943f7405c00, 0x00007943f7405ce8] Compiler: c1, Barriers: 0, Oops: 0, ImmediateOops: 1, NonImmediateOops: No
[1,152s][debug][gc,nmethod  ] Register NMethod: java.util.ImmutableCollections$SetN.<init> (0x00007943f7405e08) [0x00007943f7405f00, 0x00007943f74077d0] Compiler: c1, Barriers: 8, Oops: 1, ImmediateOops: 3, NonImmediateOops: No
[1,152s][debug][gc,nmethod  ] Register NMethod: java.util.AbstractCollection.<init> (0x00007943f7407808) [0x00007943f7407900, 0x00007943f7407a58] Compiler: c1, Barriers: 0, Oops: 0, ImmediateOops: 0, NonImmediateOops: No
[1,152s][debug][gc,nmethod  ] Register NMethod: java.lang.String.equals (0x00007943f7407b08) [0x00007943f7407c00, 0x00007943f74082c0] Compiler: c1, Barriers: 2, Oops: 0, ImmediateOops: 0, NonImmediateOops: No
[1,152s][debug][gc,nmethod  ] Register NMethod: java.util.ImmutableCollections$AbstractImmutableCollection.<init> (0x00007943f7408308) [0x00007943f7408400, 0x00007943f74085b8] Compiler: c1, Barriers: 0, Oops: 0, ImmediateOops: 0, NonImmediateOops: No
[1,152s][debug][gc,director ] Rule Major: Warmup 10%, Used: 6MB, UsedThreshold: 1228MB
[1,152s][debug][gc,nmethod  ] Register NMethod: java.util.ImmutableCollections$SetN.iterator (0x00007943f7408608) [0x00007943f7408700, 0x00007943f74088a0] Compiler: c1, Barriers: 0, Oops: 0, ImmediateOops: 0, NonImmediateOops: No
[1,152s][debug][gc,nmethod  ] Register NMethod: java.util.ImmutableCollections$SetN$SetNIterator.hasNext (0x00007943f7408908) [0x00007943f7408a00, 0x00007943f7408b50] Compiler: c1, Barriers: 0, Oops: 0, ImmediateOops: 0, NonImmediateOops: No
[1,152s][debug][gc,nmethod  ] Register NMethod: jdk.internal.module.Builder.newExports (0x00007943f7408c08) [0x00007943f7408d00, 0x00007943f7408e40] Compiler: c1, Barriers: 0, Oops: 0, ImmediateOops: 1, NonImmediateOops: No
[1,152s][debug][gc,nmethod  ] Register NMethod: java.lang.System.arraycopy (0x0000794416be5488) [0x0000794416be5580, 0x0000794416be5700] Compiler: , Barriers: 0, Oops: 0, ImmediateOops: 1, NonImmediateOops: No
[1,152s][debug][gc,nmethod  ] Register NMethod: java.util.ImmutableCollections$AbstractImmutableSet.<init> (0x00007943f7408f08) [0x00007943f7409000, 0x00007943f7409218] Compiler: c1, Barriers: 0, Oops: 0, ImmediateOops: 0, NonImmediateOops: No
[1,152s][debug][gc,nmethod  ] Register NMethod: java.util.ImmutableCollections$SetN$SetNIterator.<init> (0x00007943f7409288) [0x00007943f7409380, 0x00007943f7409700] Compiler: c1, Barriers: 4, Oops: 0, ImmediateOops: 0, NonImmediateOops: No
[1,152s][debug][gc,nmethod  ] Register NMethod: java.lang.String.coder (0x00007943f7409708) [0x00007943f7409800, 0x00007943f7409928] Compiler: c1, Barriers: 0, Oops: 0, ImmediateOops: 0, NonImmediateOops: No
[1,152s][debug][gc,nmethod  ] Register NMethod: java.util.Set.of (0x00007943f7409a08) [0x00007943f7409b00, 0x00007943f740a370] Compiler: c1, Barriers: 9, Oops: 0, ImmediateOops: 2, NonImmediateOops: No
[1,152s][debug][gc,nmethod  ] Register NMethod: java.util.Objects.hashCode (0x00007943f740a388) [0x00007943f740a480, 0x00007943f740a7d0] Compiler: c1, Barriers: 0, Oops: 0, ImmediateOops: 0, NonImmediateOops: No
[1,152s][debug][gc,nmethod  ] Register NMethod: java.util.ImmutableCollections$ListN.get (0x00007943f740a808) [0x00007943f740a900, 0x00007943f740aa88] Compiler: c1, Barriers: 2, Oops: 0, ImmediateOops: 0, NonImmediateOops: No
[1,152s][debug][gc,nmethod  ] Register NMethod: java.lang.module.ModuleDescriptor$Exports.<init> (0x00007943f740ab08) [0x00007943f740ac00, 0x00007943f740aec0] Compiler: c1, Barriers: 9, Oops: 0, ImmediateOops: 0, NonImmediateOops: No
[1,152s][debug][gc,nmethod  ] Register NMethod: java.lang.module.ModuleDescriptor$Exports.hashCode (0x00007943f740af08) [0x00007943f740b000, 0x00007943f740b618] Compiler: c1, Barriers: 3, Oops: 0, ImmediateOops: 0, NonImmediateOops: No
[1,152s][debug][gc,nmethod  ] Register NMethod: java.lang.module.ModuleDescriptor$1.newExports (0x00007943f740b688) [0x00007943f740b780, 0x00007943f740baf8] Compiler: c1, Barriers: 9, Oops: 0, ImmediateOops: 0, NonImmediateOops: No
[1,153s][debug][gc,nmethod  ] Register NMethod: java.lang.String.length (0x00007943f740bb08) [0x00007943f740bc00, 0x00007943f740bf80] Compiler: c1, Barriers: 1, Oops: 0, ImmediateOops: 0, NonImmediateOops: No
[1,153s][debug][gc,nmethod  ] Register NMethod: java.util.Objects.equals (0x00007943f740bf88) [0x00007943f740c080, 0x00007943f740c408] Compiler: c1, Barriers: 0, Oops: 0, ImmediateOops: 0, NonImmediateOops: No
[1,153s][debug][gc,nmethod  ] Register NMethod: java.lang.module.ModuleDescriptor$Exports.equals (0x00007943f740c488) [0x00007943f740c580, 0x00007943f740d3f8] Compiler: c1, Barriers: 6, Oops: 0, ImmediateOops: 0, NonImmediateOops: No
[1,153s][debug][gc,nmethod  ] Register NMethod: java.net.URI.hash (0x00007943f740d408) [0x00007943f740d500, 0x00007943f740dac0] Compiler: c1, Barriers: 0, Oops: 0, ImmediateOops: 0, NonImmediateOops: No
[1,153s][debug][gc,nmethod  ] Register NMethod: java.lang.String.isLatin1 (0x00007943f740db08) [0x00007943f740dc00, 0x00007943f740dd60] Compiler: c1, Barriers: 0, Oops: 0, ImmediateOops: 0, NonImmediateOops: No
[1,153s][debug][gc,nmethod  ] Register NMethod: java.lang.String.checkIndex (0x00007943f740de08) [0x00007943f740df00, 0x00007943f740e028] Compiler: c1, Barriers: 0, Oops: 1, ImmediateOops: 1, NonImmediateOops: No
[1,153s][debug][gc,nmethod  ] Register NMethod: java.lang.StringLatin1.charAt (0x00007943f740e108) [0x00007943f740e200, 0x00007943f740e3c0] Compiler: c1, Barriers: 0, Oops: 1, ImmediateOops: 1, NonImmediateOops: No
[1,153s][debug][gc,nmethod  ] Register NMethod: jdk.internal.util.Preconditions.checkIndex (0x00007943f740e408) [0x00007943f740e500, 0x00007943f740e688] Compiler: c1, Barriers: 0, Oops: 0, ImmediateOops: 0, NonImmediateOops: No
[1,153s][debug][gc,nmethod  ] Register NMethod: java.lang.module.ModuleDescriptor.name (0x0000794416be5788) [0x0000794416be5880, 0x0000794416be5968] Compiler: c1, Barriers: 1, Oops: 0, ImmediateOops: 0, NonImmediateOops: No
[1,153s][debug][gc,nmethod  ] Register NMethod: java.lang.String.charAt (0x00007943f740e708) [0x00007943f740e800, 0x00007943f740ed90] Compiler: c1, Barriers: 2, Oops: 1, ImmediateOops: 1, NonImmediateOops: No
[1,153s][debug][gc,nmethod  ] Register NMethod: java.lang.module.ModuleReference.descriptor (0x0000794416be5a88) [0x0000794416be5b80, 0x0000794416be5c68] Compiler: c1, Barriers: 1, Oops: 0, ImmediateOops: 0, NonImmediateOops: No
[1,157s][debug][gc,nmethod  ] Register NMethod: java.lang.StringLatin1.indexOfChar (0x00007943f740ee08) [0x00007943f740ef00, 0x00007943f740f100] Compiler: c1, Barriers: 0, Oops: 0, ImmediateOops: 0, NonImmediateOops: No
[1,157s][debug][gc,nmethod  ] Register NMethod: java.lang.Object.getClass (0x0000794416be5d88) [0x0000794416be5e80, 0x0000794416be61a0] Compiler: , Barriers: 0, Oops: 0, ImmediateOops: 0, NonImmediateOops: No
[1,158s][debug][gc,nmethod  ] Register NMethod: java.io.File.getPath (0x0000794416be6208) [0x0000794416be6300, 0x0000794416be63e8] Compiler: c1, Barriers: 1, Oops: 0, ImmediateOops: 0, NonImmediateOops: No
[1,158s][debug][gc,nmethod  ] Register NMethod: jdk.internal.misc.Unsafe.getLong (0x0000794416be6508) [0x0000794416be6600, 0x0000794416be6768] Compiler: , Barriers: 0, Oops: 0, ImmediateOops: 0, NonImmediateOops: No
[1,158s][debug][gc,nmethod  ] Register NMethod: java.lang.Object.<init> (0x0000794416be6808) [0x0000794416be6900, 0x0000794416be6980] Compiler: jvmci, Barriers: 0, Oops: 0, ImmediateOops: 0, NonImmediateOops: No
[1,158s][debug][gc,nmethod  ] Register NMethod: java.lang.String.indexOf (0x00007943f740f108) [0x00007943f740f200, 0x00007943f740f828] Compiler: c1, Barriers: 2, Oops: 0, ImmediateOops: 0, NonImmediateOops: No
[1,158s][debug][gc,nmethod  ] Register NMethod: java.lang.String.startsWith (0x00007943f740f888) [0x00007943f740f980, 0x00007943f7410c00] Compiler: c1, Barriers: 2, Oops: 0, ImmediateOops: 0, NonImmediateOops: No
[1,159s][debug][gc,nmethod  ] Register NMethod: java.lang.String.startsWith (0x00007943f7410c08) [0x00007943f7410d00, 0x00007943f7410ff8] Compiler: c1, Barriers: 0, Oops: 0, ImmediateOops: 0, NonImmediateOops: No
[1,159s][debug][gc,nmethod  ] Register NMethod: java.lang.StringLatin1.indexOf (0x00007943f7411008) [0x00007943f7411100, 0x00007943f7411588] Compiler: c1, Barriers: 0, Oops: 0, ImmediateOops: 0, NonImmediateOops: No
[1,159s][debug][gc,nmethod  ] Register NMethod: java.lang.String.isEmpty (0x00007943f7411608) [0x00007943f7411700, 0x00007943f7411888] Compiler: c1, Barriers: 1, Oops: 0, ImmediateOops: 0, NonImmediateOops: No
[1,159s][debug][gc,nmethod  ] Register NMethod: jdk.internal.util.ArraysSupport.mismatch (0x00007943f7411908) [0x00007943f7411a00, 0x00007943f7411de0] Compiler: c1, Barriers: 0, Oops: 0, ImmediateOops: 0, NonImmediateOops: No
[1,159s][debug][gc,nmethod  ] Register NMethod: java.io.File.getPrefixLength (0x0000794416be6b08) [0x0000794416be6c00, 0x0000794416be6cc0] Compiler: c1, Barriers: 0, Oops: 0, ImmediateOops: 0, NonImmediateOops: No
[1,161s][debug][gc,nmethod  ] Register NMethod: java.lang.StringLatin1.lastIndexOf (0x00007943f7411e08) [0x00007943f7411f00, 0x00007943f74122c8] Compiler: c1, Barriers: 0, Oops: 0, ImmediateOops: 0, NonImmediateOops: No
[1,161s][debug][gc,nmethod  ] Register NMethod: java.lang.Math.min (0x00007943f7412308) [0x00007943f7412400, 0x00007943f7412528] Compiler: c1, Barriers: 0, Oops: 0, ImmediateOops: 0, NonImmediateOops: No
[1,161s][debug][gc,nmethod  ] Register NMethod: sun.net.www.ParseUtil.firstEncodeIndex (0x00007943f7412608) [0x00007943f7412700, 0x00007943f74135d8] Compiler: c1, Barriers: 3, Oops: 1, ImmediateOops: 1, NonImmediateOops: No
[1,162s][debug][gc,nmethod  ] Register NMethod: jdk.internal.misc.Unsafe.compareAndSetLong (0x0000794416be6e08) [0x0000794416be6f00, 0x0000794416be7070] Compiler: , Barriers: 0, Oops: 0, ImmediateOops: 0, NonImmediateOops: No
[1,162s][debug][gc,nmethod  ] Register NMethod: jdk.internal.misc.Unsafe.compareAndSetReference (0x0000794416be7108) [0x0000794416be7200, 0x0000794416be7398] Compiler: , Barriers: 0, Oops: 0, ImmediateOops: 0, NonImmediateOops: No
[1,162s][debug][gc,nmethod  ] Register NMethod: jdk.internal.util.ArraysSupport.unsignedHashCode (0x0000794416be7408) [0x0000794416be7520, 0x0000794416be7718] Compiler: jvmci, Barriers: 0, Oops: 0, ImmediateOops: 0, NonImmediateOops: No
[1,162s][debug][gc,nmethod  ] Register NMethod: jdk.internal.misc.Unsafe.getReferenceAcquire (0x00007943f7413608) [0x00007943f7413700, 0x00007943f7413830] Compiler: c1, Barriers: 1, Oops: 0, ImmediateOops: 0, NonImmediateOops: No
[1,162s][debug][gc,nmethod  ] Register NMethod: java.util.concurrent.ConcurrentHashMap.spread (0x00007943f7413908) [0x00007943f7413a00, 0x00007943f7413af0] Compiler: c1, Barriers: 0, Oops: 0, ImmediateOops: 0, NonImmediateOops: No
[1,162s][debug][gc,nmethod  ] Register NMethod: java.util.concurrent.ConcurrentHashMap.tabAt (0x00007943f7413c08) [0x00007943f7413d00, 0x00007943f7414248] Compiler: c1, Barriers: 1, Oops: 1, ImmediateOops: 1, NonImmediateOops: No
[1,162s][debug][gc,nmethod  ] Register NMethod: java.util.concurrent.ConcurrentHashMap$Node.<init> (0x00007943f7414288) [0x00007943f7414380, 0x00007943f74145d0] Compiler: c1, Barriers: 6, Oops: 0, ImmediateOops: 0, NonImmediateOops: No
[1,162s][debug][gc,director ] Rule Major: Warmup 10%, Used: 8MB, UsedThreshold: 1228MB
[1,162s][debug][gc,nmethod  ] Register NMethod: java.util.ImmutableCollections$SetN$SetNIterator.next (0x00007943f7414608) [0x00007943f7414700, 0x00007943f7414a68] Compiler: c1, Barriers: 3, Oops: 0, ImmediateOops: 0, NonImmediateOops: No
[1,162s][debug][gc,nmethod  ] Register NMethod: java.util.concurrent.ConcurrentHashMap.addCount (0x00007943f7414a88) [0x00007943f7414b80, 0x00007943f7415820] Compiler: c1, Barriers: 4, Oops: 0, ImmediateOops: 0, NonImmediateOops: No
[1,163s][debug][gc,nmethod  ] Register NMethod: java.util.concurrent.ConcurrentHashMap.putVal (0x00007943f7415888) [0x00007943f7415980, 0x00007943f7417e78] Compiler: c1, Barriers: 28, Oops: 0, ImmediateOops: 1, NonImmediateOops: No
[1,163s][debug][gc,nmethod  ] Register NMethod: java.lang.String.charAt (0x0000794416be7788) [0x0000794416be7880, 0x0000794416be79b0] Compiler: jvmci, Barriers: 1, Oops: 0, ImmediateOops: 0, NonImmediateOops: No
[1,164s][debug][gc,nmethod  ] Register NMethod: java.lang.String.hashCode (0x0000794416be7a88) [0x0000794416be7b80, 0x0000794416be7d20] Compiler: jvmci, Barriers: 1, Oops: 0, ImmediateOops: 0, NonImmediateOops: No
[1,168s][debug][gc,nmethod  ] Register NMethod: java.lang.invoke.MethodHandle.linkToStatic (0x0000794416be7d88) [0x0000794416be7e80, 0x0000794416be7f70] Compiler: , Barriers: 0, Oops: 0, ImmediateOops: 0, NonImmediateOops: No
[1,172s][debug][gc,director ] Rule Major: Warmup 10%, Used: 8MB, UsedThreshold: 1228MB
[1,172s][debug][gc,nmethod  ] Register NMethod: java.lang.Enum.ordinal (0x0000794416be8088) [0x0000794416be8180, 0x0000794416be8240] Compiler: c1, Barriers: 0, Oops: 0, ImmediateOops: 0, NonImmediateOops: No
[1,173s][debug][gc,nmethod  ] Register NMethod: java.lang.Object.hashCode (0x0000794416be8388) [0x0000794416be8480, 0x0000794416be85f0] Compiler: , Barriers: 0, Oops: 0, ImmediateOops: 0, NonImmediateOops: No
[1,173s][debug][gc,nmethod  ] Register NMethod: java.lang.Class.isPrimitive (0x0000794416be8688) [0x0000794416be8780, 0x0000794416be8840] Compiler: c1, Barriers: 0, Oops: 0, ImmediateOops: 0, NonImmediateOops: No
[1,173s][debug][gc,nmethod  ] Register NMethod: java.lang.invoke.MethodHandle.linkToStatic (0x0000794416be8988) [0x0000794416be8a80, 0x0000794416be8b70] Compiler: , Barriers: 0, Oops: 0, ImmediateOops: 0, NonImmediateOops: No
[1,174s][debug][gc,nmethod  ] Register NMethod: java.lang.invoke.MethodHandle.linkToStatic (0x0000794416be8c88) [0x0000794416be8d80, 0x0000794416be8e70] Compiler: , Barriers: 0, Oops: 0, ImmediateOops: 0, NonImmediateOops: No
[1,175s][debug][gc,nmethod  ] Register NMethod: java.lang.invoke.MethodHandle.invokeBasic (0x0000794416be8f88) [0x0000794416be9080, 0x0000794416be9318] Compiler: , Barriers: 0, Oops: 0, ImmediateOops: 0, NonImmediateOops: No
[1,175s][debug][gc,nmethod  ] Register NMethod: java.lang.invoke.MethodHandle.linkToSpecial (0x0000794416be9388) [0x0000794416be9480, 0x0000794416be9578] Compiler: , Barriers: 0, Oops: 0, ImmediateOops: 0, NonImmediateOops: No
[1,179s][debug][gc,nmethod  ] Register NMethod: java.lang.String.hashCode (0x00007943f7417e88) [0x00007943f7417f80, 0x00007943f7418528] Compiler: c1, Barriers: 2, Oops: 0, ImmediateOops: 0, NonImmediateOops: No
[1,181s][debug][gc,nmethod  ] Register NMethod: java.lang.Enum.<init> (0x00007943f7418588) [0x00007943f7418680, 0x00007943f7418858] Compiler: c1, Barriers: 3, Oops: 0, ImmediateOops: 0, NonImmediateOops: No
[1,182s][debug][gc,director ] Rule Major: Warmup 10%, Used: 8MB, UsedThreshold: 1228MB
[1,184s][debug][gc,nmethod  ] Register NMethod: java.lang.invoke.MethodHandle.invokeBasic (0x0000794416be9688) [0x0000794416be9780, 0x0000794416be9a18] Compiler: , Barriers: 0, Oops: 0, ImmediateOops: 0, NonImmediateOops: No
[1,184s][debug][gc,nmethod  ] Register NMethod: java.lang.invoke.MethodHandle.linkToSpecial (0x0000794416be9a88) [0x0000794416be9b80, 0x0000794416be9c78] Compiler: , Barriers: 0, Oops: 0, ImmediateOops: 0, NonImmediateOops: No
[1,184s][debug][gc,nmethod  ] Register NMethod: jdk.internal.util.StrongReferenceKey.get (0x0000794416be9d88) [0x0000794416be9e80, 0x0000794416be9f68] Compiler: c1, Barriers: 1, Oops: 0, ImmediateOops: 0, NonImmediateOops: No
[1,184s][debug][gc,nmethod  ] Register NMethod: java.lang.invoke.MethodHandle.linkToStatic (0x0000794416bea088) [0x0000794416bea180, 0x0000794416bea278] Compiler: , Barriers: 0, Oops: 0, ImmediateOops: 0, NonImmediateOops: No
[1,184s][debug][gc,nmethod  ] Register NMethod: java.lang.Object.clone (0x0000794416bea388) [0x0000794416bea480, 0x0000794416bea7a0] Compiler: , Barriers: 0, Oops: 0, ImmediateOops: 0, NonImmediateOops: No
[1,184s][debug][gc,nmethod  ] Register NMethod: java.lang.invoke.MethodHandle.linkToStatic (0x0000794416bea808) [0x0000794416bea900, 0x0000794416bea9f0] Compiler: , Barriers: 0, Oops: 0, ImmediateOops: 0, NonImmediateOops: No
[1,184s][debug][gc,nmethod  ] Register NMethod: java.lang.invoke.MethodType.returnType (0x0000794416beab08) [0x0000794416beac00, 0x0000794416beace8] Compiler: c1, Barriers: 1, Oops: 0, ImmediateOops: 0, NonImmediateOops: No
[1,185s][debug][gc,nmethod  ] Register NMethod: java.lang.invoke.MethodHandle.invokeBasic (0x0000794416beae08) [0x0000794416beaf00, 0x0000794416beb198] Compiler: , Barriers: 0, Oops: 0, ImmediateOops: 0, NonImmediateOops: No
[1,185s][debug][gc,nmethod  ] Register NMethod: java.lang.Class.getClassLoader (0x0000794416beb208) [0x0000794416beb300, 0x0000794416beb3e8] Compiler: c1, Barriers: 1, Oops: 0, ImmediateOops: 0, NonImmediateOops: No
[1,185s][debug][gc,nmethod  ] Register NMethod: java.util.concurrent.ConcurrentHashMap.putIfAbsent (0x00007943f7418888) [0x00007943f7418980, 0x00007943f7418c80] Compiler: c1, Barriers: 0, Oops: 0, ImmediateOops: 0, NonImmediateOops: No
[1,185s][debug][gc,nmethod  ] Register NMethod: jdk.internal.classfile.impl.AbstractPoolEntry.index (0x0000794416beb508) [0x0000794416beb600, 0x0000794416beb6c0] Compiler: c1, Barriers: 0, Oops: 0, ImmediateOops: 0, NonImmediateOops: No
[1,185s][debug][gc,nmethod  ] Register NMethod: java.lang.invoke.MethodHandle.linkToSpecial (0x0000794416beb808) [0x0000794416beb900, 0x0000794416beb9f8] Compiler: , Barriers: 0, Oops: 0, ImmediateOops: 0, NonImmediateOops: No
[1,185s][debug][gc,nmethod  ] Register NMethod: jdk.internal.classfile.impl.SplitConstantPool.size (0x0000794416bebb08) [0x0000794416bebc00, 0x0000794416bebcc0] Compiler: c1, Barriers: 0, Oops: 0, ImmediateOops: 0, NonImmediateOops: No
[1,186s][debug][gc,nmethod  ] Register NMethod: java.lang.ref.ReferenceQueue.poll (0x00007943f7418c88) [0x00007943f7418d80, 0x00007943f74191a0] Compiler: c1, Barriers: 2, Oops: 0, ImmediateOops: 0, NonImmediateOops: No
[1,186s][debug][gc,nmethod  ] Register NMethod: jdk.internal.classfile.impl.AbstractPoolEntry.width (0x0000794416bebe08) [0x0000794416bebf00, 0x0000794416bebfc0] Compiler: c1, Barriers: 0, Oops: 0, ImmediateOops: 0, NonImmediateOops: No
[1,186s][debug][gc,nmethod  ] Register NMethod: java.lang.String.<init> (0x00007943f7419208) [0x00007943f7419300, 0x00007943f74194d8] Compiler: c1, Barriers: 3, Oops: 0, ImmediateOops: 0, NonImmediateOops: No
[1,186s][debug][gc,nmethod  ] Register NMethod: java.lang.String.getBytes (0x00007943f7419508) [0x00007943f7419600, 0x00007943f7419b08] Compiler: c1, Barriers: 2, Oops: 0, ImmediateOops: 0, NonImmediateOops: No
[1,186s][debug][gc,nmethod  ] Register NMethod: java.lang.invoke.MethodHandle.linkToStatic (0x0000794416bec108) [0x0000794416bec200, 0x0000794416bec2f0] Compiler: , Barriers: 0, Oops: 0, ImmediateOops: 0, NonImmediateOops: No
[1,187s][debug][gc,nmethod  ] Register NMethod: jdk.internal.util.ReferencedKeyMap.removeStaleReferences (0x00007943f7419b88) [0x00007943f7419c80, 0x00007943f741a2a0] Compiler: c1, Barriers: 2, Oops: 0, ImmediateOops: 0, NonImmediateOops: No
[1,187s][debug][gc,nmethod  ] Register NMethod: java.lang.invoke.MethodHandle.linkToSpecial (0x0000794416bec408) [0x0000794416bec500, 0x0000794416bec5f8] Compiler: , Barriers: 0, Oops: 0, ImmediateOops: 0, NonImmediateOops: No
[1,187s][debug][gc,nmethod  ] Register NMethod: jdk.internal.classfile.impl.BufWriterImpl.reserveSpace (0x00007943f741a308) [0x00007943f741a400, 0x00007943f741a718] Compiler: c1, Barriers: 4, Oops: 0, ImmediateOops: 0, NonImmediateOops: No
[1,187s][debug][gc,nmethod  ] Register NMethod: java.lang.invoke.MemberName.getDeclaringClass (0x0000794416bec708) [0x0000794416bec800, 0x0000794416bec8e8] Compiler: c1, Barriers: 1, Oops: 0, ImmediateOops: 0, NonImmediateOops: No
[1,187s][debug][gc,nmethod  ] Register NMethod: jdk.internal.classfile.impl.RawBytecodeHelper.bci (0x0000794416beca08) [0x0000794416becb00, 0x0000794416becbc0] Compiler: c1, Barriers: 0, Oops: 0, ImmediateOops: 0, NonImmediateOops: No
[1,187s][debug][gc,nmethod  ] Register NMethod: jdk.internal.classfile.impl.SplitConstantPool.map (0x00007943f741a788) [0x00007943f741a8a0, 0x00007943f741bfa0] Compiler: c1, Barriers: 9, Oops: 0, ImmediateOops: 0, NonImmediateOops: No
[1,188s][debug][gc,nmethod  ] Register NMethod: java.util.concurrent.ConcurrentHashMap.get (0x00007943f741c008) [0x00007943f741c100, 0x00007943f741d118] Compiler: c1, Barriers: 7, Oops: 0, ImmediateOops: 0, NonImmediateOops: No
[1,188s][debug][gc,nmethod  ] Register NMethod: java.lang.invoke.MethodType.hashCode (0x00007943f741d188) [0x00007943f741d280, 0x00007943f741d900] Compiler: c1, Barriers: 3, Oops: 0, ImmediateOops: 0, NonImmediateOops: No
[1,188s][debug][gc,nmethod  ] Register NMethod: java.lang.invoke.MemberName.isInvocable (0x00007943f741d908) [0x00007943f741da00, 0x00007943f741dbb8] Compiler: c1, Barriers: 0, Oops: 0, ImmediateOops: 0, NonImmediateOops: No
[1,188s][debug][gc,nmethod  ] Register NMethod: java.lang.invoke.MemberName.anyFlagSet (0x00007943f741dc08) [0x00007943f741dd00, 0x00007943f741de50] Compiler: c1, Barriers: 0, Oops: 0, ImmediateOops: 0, NonImmediateOops: No
[1,188s][debug][gc,nmethod  ] Register NMethod: jdk.internal.util.ReferencedKeyMap.lookupKey (0x00007943f741df08) [0x00007943f741e000, 0x00007943f741e288] Compiler: c1, Barriers: 3, Oops: 0, ImmediateOops: 0, NonImmediateOops: No
[1,188s][debug][gc,nmethod  ] Register NMethod: jdk.internal.util.StrongReferenceKey.<init> (0x00007943f741e308) [0x00007943f741e400, 0x00007943f741e5d0] Compiler: c1, Barriers: 3, Oops: 0, ImmediateOops: 0, NonImmediateOops: No
[1,188s][debug][gc,nmethod  ] Register NMethod: jdk.internal.util.StrongReferenceKey.hashCode (0x00007943f741e608) [0x00007943f741e700, 0x00007943f741ec10] Compiler: c1, Barriers: 1, Oops: 0, ImmediateOops: 0, NonImmediateOops: No
[1,189s][debug][gc,nmethod  ] Register NMethod: jdk.internal.classfile.impl.AbstractPoolEntry.constantPool (0x0000794416becd08) [0x0000794416bece00, 0x0000794416becee8] Compiler: c1, Barriers: 1, Oops: 0, ImmediateOops: 0, NonImmediateOops: No
[1,189s][debug][gc,nmethod  ] Register NMethod: java.lang.invoke.MethodHandle.linkToInterface (0x0000794416bed008) [0x0000794416bed100, 0x0000794416bed230] Compiler: , Barriers: 0, Oops: 0, ImmediateOops: 0, NonImmediateOops: No
[1,189s][debug][gc,nmethod  ] Register NMethod: java.lang.Class.isArray (0x00007943f741ec88) [0x00007943f741ed80, 0x00007943f741ef00] Compiler: c1, Barriers: 1, Oops: 0, ImmediateOops: 0, NonImmediateOops: No
[1,190s][debug][gc,nmethod  ] Register NMethod: java.lang.String.checkBoundsBeginEnd (0x00007943f741ef88) [0x00007943f741f080, 0x00007943f741f298] Compiler: c1, Barriers: 0, Oops: 1, ImmediateOops: 1, NonImmediateOops: No
[1,190s][debug][gc,nmethod  ] Register NMethod: jdk.internal.util.Preconditions.checkFromToIndex (0x00007943f741f308) [0x00007943f741f400, 0x00007943f741f5b8] Compiler: c1, Barriers: 0, Oops: 0, ImmediateOops: 0, NonImmediateOops: No
[1,190s][debug][gc,nmethod  ] Register NMethod: java.lang.StringCoding.countNonZeroAsciiLatin1 (0x00007943f741f608) [0x00007943f741f700, 0x00007943f741f908] Compiler: c1, Barriers: 0, Oops: 0, ImmediateOops: 0, NonImmediateOops: No
[1,190s][debug][gc,nmethod  ] Register NMethod: java.lang.invoke.MethodHandle.linkToStatic (0x0000794416bed308) [0x0000794416bed400, 0x0000794416bed4f0] Compiler: , Barriers: 0, Oops: 0, ImmediateOops: 0, NonImmediateOops: No
[1,190s][debug][gc,nmethod  ] Register NMethod: jdk.internal.classfile.impl.AbstractPoolEntry.hashString (0x00007943f741f988) [0x00007943f741fa80, 0x00007943f741fb68] Compiler: c1, Barriers: 0, Oops: 0, ImmediateOops: 0, NonImmediateOops: No
[1,190s][debug][gc,nmethod  ] Register NMethod: jdk.internal.classfile.impl.BufWriterImpl.size (0x0000794416bed608) [0x0000794416bed700, 0x0000794416bed7c0] Compiler: c1, Barriers: 0, Oops: 0, ImmediateOops: 0, NonImmediateOops: No
[1,190s][debug][gc,nmethod  ] Register NMethod: jdk.internal.classfile.impl.SplitConstantPool.entryByIndex (0x00007943f741fc88) [0x00007943f741fd80, 0x00007943f7421e30] Compiler: c1, Barriers: 3, Oops: 2, ImmediateOops: 5, NonImmediateOops: No
[1,191s][debug][gc,nmethod  ] Register NMethod: jdk.internal.classfile.impl.EntryMap.firstToken (0x00007943f7421e88) [0x00007943f7421f80, 0x00007943f7422470] Compiler: c1, Barriers: 1, Oops: 0, ImmediateOops: 1, NonImmediateOops: No
[1,191s][debug][gc,nmethod  ] Register NMethod: java.lang.String.value (0x0000794416bed908) [0x0000794416beda00, 0x0000794416bedae8] Compiler: c1, Barriers: 1, Oops: 0, ImmediateOops: 0, NonImmediateOops: No
[1,191s][debug][gc,nmethod  ] Register NMethod: java.lang.invoke.MethodType.form (0x0000794416bedc08) [0x0000794416bedd00, 0x0000794416bedde8] Compiler: c1, Barriers: 1, Oops: 0, ImmediateOops: 0, NonImmediateOops: No
[1,192s][debug][gc,nmethod  ] Register NMethod: java.lang.invoke.MethodHandle.linkToSpecial (0x0000794416bedf08) [0x0000794416bee000, 0x0000794416bee0f8] Compiler: , Barriers: 0, Oops: 0, ImmediateOops: 0, NonImmediateOops: No
[1,192s][debug][gc,nmethod  ] Register NMethod: java.util.Objects.requireNonNull (0x00007943f7422488) [0x00007943f7422580, 0x00007943f7422758] Compiler: c1, Barriers: 0, Oops: 0, ImmediateOops: 0, NonImmediateOops: No
[1,192s][debug][gc,nmethod  ] Register NMethod: jdk.internal.classfile.impl.AbstractPoolEntry.<init> (0x00007943f7422788) [0x00007943f7422880, 0x00007943f7422a58] Compiler: c1, Barriers: 3, Oops: 0, ImmediateOops: 0, NonImmediateOops: No
[1,192s][debug][gc,nmethod  ] Register NMethod: java.lang.invoke.MethodType.parameterCount (0x00007943f7422a88) [0x00007943f7422b80, 0x00007943f7422cb8] Compiler: c1, Barriers: 1, Oops: 0, ImmediateOops: 0, NonImmediateOops: No
[1,192s][debug][gc,nmethod  ] Register NMethod: jdk.internal.constant.ClassOrInterfaceDescImpl.descriptorString (0x0000794416bee208) [0x0000794416bee300, 0x0000794416bee3e8] Compiler: c1, Barriers: 1, Oops: 0, ImmediateOops: 0, NonImmediateOops: No
[1,192s][debug][gc,nmethod  ] Register NMethod: jdk.internal.util.ReferencedKeyMap.get (0x00007943f7422d88) [0x00007943f7422e80, 0x00007943f7423ca8] Compiler: c1, Barriers: 6, Oops: 1, ImmediateOops: 1, NonImmediateOops: No
[1,192s][debug][gc,nmethod  ] Register NMethod: jdk.internal.util.ReferencedKeyMap.getNoCheckStale (0x00007943f7423d08) [0x00007943f7423e00, 0x00007943f7424480] Compiler: c1, Barriers: 4, Oops: 1, ImmediateOops: 1, NonImmediateOops: No
[1,192s][debug][gc,nmethod  ] Register NMethod: jdk.internal.misc.Unsafe.allocateUninitializedArray (0x00007943f7424508) [0x00007943f7424600, 0x00007943f7424bc8] Compiler: c1, Barriers: 0, Oops: 0, ImmediateOops: 3, NonImmediateOops: No
[1,192s][debug][gc,nmethod  ] Register NMethod: java.lang.StringConcatHelper.newArray (0x00007943f7424c08) [0x00007943f7424d00, 0x00007943f74252d8] Compiler: c1, Barriers: 0, Oops: 0, ImmediateOops: 3, NonImmediateOops: No
[1,192s][debug][gc,nmethod  ] Register NMethod: jdk.internal.misc.Unsafe.allocateUninitializedArray0 (0x00007943f7425308) [0x00007943f7425400, 0x00007943f7425c20] Compiler: c1, Barriers: 0, Oops: 0, ImmediateOops: 8, NonImmediateOops: No
[1,192s][debug][gc,nmethod  ] Register NMethod: jdk.internal.classfile.impl.SplitConstantPool.internalAdd (0x00007943f7425c88) [0x00007943f7425d80, 0x00007943f74260d8] Compiler: c1, Barriers: 0, Oops: 0, ImmediateOops: 0, NonImmediateOops: No
[1,192s][debug][gc,director ] Rule Major: Warmup 10%, Used: 8MB, UsedThreshold: 1228MB
[1,193s][debug][gc,nmethod  ] Register NMethod: jdk.internal.classfile.impl.SplitConstantPool.internalAdd (0x00007943f7426108) [0x00007943f7426200, 0x00007943f7426fe8] Compiler: c1, Barriers: 8, Oops: 0, ImmediateOops: 1, NonImmediateOops: No
[1,193s][debug][gc,nmethod  ] Register NMethod: jdk.internal.classfile.impl.EntryMap.put (0x00007943f7427008) [0x00007943f7427100, 0x00007943f74277d0] Compiler: c1, Barriers: 1, Oops: 0, ImmediateOops: 1, NonImmediateOops: No
[1,193s][debug][gc,nmethod  ] Register NMethod: java.util.HashMap.hash (0x00007943f7427808) [0x00007943f7427900, 0x00007943f7427c38] Compiler: c1, Barriers: 0, Oops: 0, ImmediateOops: 0, NonImmediateOops: No
[1,193s][debug][gc,nmethod  ] Register NMethod: java.util.stream.FindOps$FindSink.cancellationRequested (0x0000794416bee508) [0x0000794416bee600, 0x0000794416bee6c0] Compiler: c1, Barriers: 0, Oops: 0, ImmediateOops: 0, NonImmediateOops: No
[1,193s][debug][gc,nmethod  ] Register NMethod: java.util.stream.ReferencePipeline$2$1.accept (0x00007943f7427c88) [0x00007943f7427d80, 0x00007943f7428340] Compiler: c1, Barriers: 2, Oops: 0, ImmediateOops: 0, NonImmediateOops: No
[1,193s][debug][gc,nmethod  ] Register NMethod: java.util.stream.Sink$ChainedReference.cancellationRequested (0x00007943f7428388) [0x00007943f7428480, 0x00007943f74287c8] Compiler: c1, Barriers: 1, Oops: 0, ImmediateOops: 0, NonImmediateOops: No
[1,193s][debug][gc,nmethod  ] Register NMethod: jdk.internal.module.DefaultRoots.lambda$exportsAPI$0 (0x00007943f7428808) [0x00007943f7428900, 0x00007943f7428ed8] Compiler: c1, Barriers: 1, Oops: 0, ImmediateOops: 0, NonImmediateOops: No
[1,193s][debug][gc,nmethod  ] Register NMethod: java.lang.module.ModuleDescriptor$Exports.isQualified (0x00007943f7428f08) [0x00007943f7429000, 0x00007943f7429390] Compiler: c1, Barriers: 1, Oops: 0, ImmediateOops: 0, NonImmediateOops: No
[1,193s][debug][gc,nmethod  ] Register NMethod: java.util.Spliterators$IteratorSpliterator.tryAdvance (0x00007943f7429408) [0x00007943f7429500, 0x00007943f742a330] Compiler: c1, Barriers: 8, Oops: 0, ImmediateOops: 0, NonImmediateOops: No
[1,193s][debug][gc,nmethod  ] Register NMethod: java.util.ImmutableCollections$SetN.isEmpty (0x00007943f742a388) [0x00007943f742a480, 0x00007943f742a5d0] Compiler: c1, Barriers: 0, Oops: 0, ImmediateOops: 0, NonImmediateOops: No
[1,193s][debug][gc,nmethod  ] Register NMethod: jdk.internal.module.DefaultRoots$$Lambda/0x00000000a9057da8.test (0x00007943f742a688) [0x00007943f742a780, 0x00007943f742afd8] Compiler: c1, Barriers: 1, Oops: 0, ImmediateOops: 0, NonImmediateOops: No
[1,194s][debug][gc,nmethod  ] Register NMethod: java.util.HashMap.afterNodeInsertion (0x00007943f742b008) [0x00007943f742b100, 0x00007943f742b200] Compiler: c1, Barriers: 0, Oops: 0, ImmediateOops: 0, NonImmediateOops: No
[1,194s][debug][gc,nmethod  ] Register NMethod: java.util.HashMap$Node.<init> (0x00007943f742b308) [0x00007943f742b400, 0x00007943f742b6c0] Compiler: c1, Barriers: 9, Oops: 0, ImmediateOops: 0, NonImmediateOops: No
[1,194s][debug][gc,nmethod  ] Register NMethod: java.util.HashMap.newNode (0x00007943f742b708) [0x00007943f742b800, 0x00007943f742bb80] Compiler: c1, Barriers: 9, Oops: 0, ImmediateOops: 0, NonImmediateOops: No
[1,194s][debug][gc,nmethod  ] Register NMethod: java.util.HashMap.put (0x00007943f742bb88) [0x00007943f742bc80, 0x00007943f742c268] Compiler: c1, Barriers: 0, Oops: 0, ImmediateOops: 0, NonImmediateOops: No
[1,194s][debug][gc,nmethod  ] Register NMethod: java.util.Optional.<init> (0x00007943f742c288) [0x00007943f742c380, 0x00007943f742c550] Compiler: c1, Barriers: 3, Oops: 0, ImmediateOops: 0, NonImmediateOops: No
[1,194s][debug][gc,nmethod  ] Register NMethod: java.util.ImmutableCollections$MapN.get (0x00007943f742c588) [0x00007943f742c680, 0x00007943f742ca58] Compiler: c1, Barriers: 2, Oops: 0, ImmediateOops: 0, NonImmediateOops: No
[1,194s][debug][gc,nmethod  ] Register NMethod: java.util.ImmutableCollections$Set12$1.hasNext (0x00007943f742ca88) [0x00007943f742cb80, 0x00007943f742ccd0] Compiler: c1, Barriers: 0, Oops: 0, ImmediateOops: 0, NonImmediateOops: No
[1,194s][debug][gc,nmethod  ] Register NMethod: java.util.ImmutableCollections$MapN.probe (0x00007943f742cd88) [0x00007943f742ce80, 0x00007943f742d6b0] Compiler: c1, Barriers: 4, Oops: 0, ImmediateOops: 0, NonImmediateOops: No
[1,194s][debug][gc,nmethod  ] Register NMethod: jdk.internal.module.ModuleReferenceImpl.moduleResolution (0x0000794416bee808) [0x0000794416bee900, 0x0000794416bee9e8] Compiler: c1, Barriers: 1, Oops: 0, ImmediateOops: 0, NonImmediateOops: No
[1,194s][debug][gc,nmethod  ] Register NMethod: java.util.HashMap.putVal (0x00007943f742d708) [0x00007943f742d800, 0x00007943f742f4f0] Compiler: c1, Barriers: 15, Oops: 0, ImmediateOops: 0, NonImmediateOops: No
[1,194s][debug][gc,nmethod  ] Register NMethod: java.util.HashMap$HashIterator.hasNext (0x00007943f742f508) [0x00007943f742f600, 0x00007943f742f780] Compiler: c1, Barriers: 1, Oops: 0, ImmediateOops: 0, NonImmediateOops: No
[1,194s][debug][gc,nmethod  ] Register NMethod: java.util.HashSet.add (0x00007943f742f808) [0x00007943f742f900, 0x00007943f742fad0] Compiler: c1, Barriers: 1, Oops: 0, ImmediateOops: 1, NonImmediateOops: No
[1,194s][debug][gc,nmethod  ] Register NMethod: java.util.HashMap.getNode (0x00007943f742fb08) [0x00007943f742fc00, 0x00007943f7430f10] Compiler: c1, Barriers: 6, Oops: 0, ImmediateOops: 0, NonImmediateOops: No
[1,194s][debug][gc,nmethod  ] Register NMethod: java.util.HashMap.get (0x00007943f7430f88) [0x00007943f7431080, 0x00007943f7431418] Compiler: c1, Barriers: 1, Oops: 0, ImmediateOops: 0, NonImmediateOops: No
[1,194s][debug][gc,nmethod  ] Register NMethod: java.util.HashMap$HashIterator.nextNode (0x00007943f7431488) [0x00007943f7431580, 0x00007943f7431b98] Compiler: c1, Barriers: 14, Oops: 0, ImmediateOops: 0, NonImmediateOops: No
[1,194s][debug][gc,nmethod  ] Register NMethod: java.lang.module.ModuleDescriptor$Requires.modifiers (0x0000794416beeb08) [0x0000794416beec00, 0x0000794416beece8] Compiler: c1, Barriers: 1, Oops: 0, ImmediateOops: 0, NonImmediateOops: No
[1,194s][debug][gc,nmethod  ] Register NMethod: java.lang.module.ModuleDescriptor$Requires.name (0x0000794416beee08) [0x0000794416beef00, 0x0000794416beefe8] Compiler: c1, Barriers: 1, Oops: 0, ImmediateOops: 0, NonImmediateOops: No
[1,194s][debug][gc,nmethod  ] Register NMethod: java.util.Optional.ofNullable (0x00007943f7431c08) [0x00007943f7431d00, 0x00007943f7431fb8] Compiler: c1, Barriers: 3, Oops: 0, ImmediateOops: 1, NonImmediateOops: No
[1,194s][debug][gc,nmethod  ] Register NMethod: java.lang.module.Resolver.isTracing (0x00007943f7432008) [0x00007943f7432100, 0x00007943f7432280] Compiler: c1, Barriers: 1, Oops: 0, ImmediateOops: 0, NonImmediateOops: No
[1,195s][debug][gc,nmethod  ] Register NMethod: jdk.internal.module.SystemModuleFinders$SystemModuleFinder.find (0x00007943f7432308) [0x00007943f7432400, 0x00007943f7432cd0] Compiler: c1, Barriers: 4, Oops: 0, ImmediateOops: 1, NonImmediateOops: No
[1,195s][debug][gc,nmethod  ] Register NMethod: java.util.HashMap.containsKey (0x00007943f7432d08) [0x00007943f7432e00, 0x00007943f7433140] Compiler: c1, Barriers: 0, Oops: 0, ImmediateOops: 0, NonImmediateOops: No
[1,195s][debug][gc,nmethod  ] Register NMethod: java.util.HashMap.get (0x00007943f7433188) [0x00007943f7433280, 0x00007943f7433618] Compiler: c1, Barriers: 1, Oops: 0, ImmediateOops: 0, NonImmediateOops: No
[1,195s][debug][gc,nmethod  ] Register NMethod: java.util.HashMap.put (0x00007943f7433688) [0x00007943f7433780, 0x00007943f7433d68] Compiler: c1, Barriers: 0, Oops: 0, ImmediateOops: 0, NonImmediateOops: No
[1,195s][debug][gc,nmethod  ] Register NMethod: java.util.ImmutableCollections$Set12$1.next (0x00007943f7433d88) [0x00007943f7433e80, 0x00007943f7434228] Compiler: c1, Barriers: 5, Oops: 0, ImmediateOops: 1, NonImmediateOops: No
[1,195s][debug][gc,nmethod  ] Register NMethod: java.util.HashSet.add (0x00007943f7434288) [0x00007943f7434380, 0x00007943f7434710] Compiler: c1, Barriers: 1, Oops: 0, ImmediateOops: 1, NonImmediateOops: No
[1,195s][debug][gc,nmethod  ] Register NMethod: java.lang.module.ModuleDescriptor.requires (0x0000794416bef108) [0x0000794416bef200, 0x0000794416bef2e8] Compiler: c1, Barriers: 1, Oops: 0, ImmediateOops: 0, NonImmediateOops: No
[1,195s][debug][gc,nmethod  ] Register NMethod: java.lang.module.ModuleDescriptor.hashCode (0x00007943f7434788) [0x00007943f7434880, 0x00007943f74360f8] Compiler: c1, Barriers: 12, Oops: 0, ImmediateOops: 0, NonImmediateOops: No
[1,196s][debug][gc,nmethod  ] Register NMethod: java.util.HashMap$KeyIterator.next (0x00007943f7436108) [0x00007943f7436200, 0x00007943f7436530] Compiler: c1, Barriers: 1, Oops: 0, ImmediateOops: 0, NonImmediateOops: No
[1,196s][debug][gc,nmethod  ] Register NMethod: java.util.HashMap.putVal (0x00007943f7436588) [0x00007943f7436680, 0x00007943f7438a10] Compiler: c1, Barriers: 15, Oops: 0, ImmediateOops: 0, NonImmediateOops: No
[1,196s][debug][gc,nmethod  ] Register NMethod: java.util.ImmutableCollections$SetN.contains (0x00007943f7438a88) [0x00007943f7438b80, 0x00007943f7438e80] Compiler: c1, Barriers: 0, Oops: 0, ImmediateOops: 0, NonImmediateOops: No
[1,196s][debug][gc,nmethod  ] Register NMethod: java.util.ImmutableCollections$Set12.iterator (0x00007943f7438e88) [0x00007943f7438f80, 0x00007943f7439120] Compiler: c1, Barriers: 0, Oops: 0, ImmediateOops: 0, NonImmediateOops: No
[1,196s][debug][gc,nmethod  ] Register NMethod: jdk.internal.module.ModuleReferenceImpl.hashCode (0x00007943f7439188) [0x00007943f7439280, 0x00007943f7439c08] Compiler: c1, Barriers: 3, Oops: 0, ImmediateOops: 0, NonImmediateOops: No
[1,196s][debug][gc,nmethod  ] Register NMethod: java.util.AbstractMap.<init> (0x00007943f7439c88) [0x00007943f7439d80, 0x00007943f7439ed8] Compiler: c1, Barriers: 0, Oops: 0, ImmediateOops: 0, NonImmediateOops: No
[1,196s][debug][gc,nmethod  ] Register NMethod: java.lang.Object.equals (0x00007943f7439f88) [0x00007943f743a080, 0x00007943f743a1d0] Compiler: c1, Barriers: 0, Oops: 0, ImmediateOops: 0, NonImmediateOops: No
[1,196s][debug][gc,nmethod  ] Register NMethod: java.lang.module.ResolvedModule.hashCode (0x00007943f743a288) [0x00007943f743a380, 0x00007943f743a750] Compiler: c1, Barriers: 2, Oops: 0, ImmediateOops: 0, NonImmediateOops: No
[1,196s][debug][gc,nmethod  ] Register NMethod: java.lang.module.ModuleDescriptor.isAutomatic (0x0000794416bef408) [0x0000794416bef500, 0x0000794416bef5c0] Compiler: c1, Barriers: 0, Oops: 0, ImmediateOops: 0, NonImmediateOops: No
[1,196s][debug][gc,nmethod  ] Register NMethod: java.util.AbstractSet.<init> (0x00007943f743a788) [0x00007943f743a880, 0x00007943f743aa38] Compiler: c1, Barriers: 0, Oops: 0, ImmediateOops: 0, NonImmediateOops: No
[1,196s][debug][gc,nmethod  ] Register NMethod: java.util.ImmutableCollections$Set12$1.<init> (0x00007943f743aa88) [0x00007943f743ab80, 0x00007943f743af30] Compiler: c1, Barriers: 4, Oops: 0, ImmediateOops: 1, NonImmediateOops: No
[1,196s][debug][gc,nmethod  ] Register NMethod: java.util.HashMap$ValueIterator.next (0x00007943f743af88) [0x00007943f743b080, 0x00007943f743b3b0] Compiler: c1, Barriers: 1, Oops: 0, ImmediateOops: 0, NonImmediateOops: No
[1,196s][debug][gc,nmethod  ] Register NMethod: java.util.HashMap$Node.getValue (0x0000794416bef708) [0x0000794416bef800, 0x0000794416bef8e8] Compiler: c1, Barriers: 1, Oops: 0, ImmediateOops: 0, NonImmediateOops: No
[1,196s][debug][gc,nmethod  ] Register NMethod: java.util.HashMap$Node.getKey (0x0000794416befa08) [0x0000794416befb00, 0x0000794416befbe8] Compiler: c1, Barriers: 1, Oops: 0, ImmediateOops: 0, NonImmediateOops: No
[1,196s][debug][gc,nmethod  ] Register NMethod: java.util.HashSet.contains (0x00007943f743b408) [0x00007943f743b500, 0x00007943f743ba98] Compiler: c1, Barriers: 1, Oops: 0, ImmediateOops: 0, NonImmediateOops: No
[1,196s][debug][gc,nmethod  ] Register NMethod: java.util.HashMap$KeyIterator.<init> (0x00007943f743bb08) [0x00007943f743bc00, 0x00007943f743be80] Compiler: c1, Barriers: 0, Oops: 0, ImmediateOops: 0, NonImmediateOops: No
[1,196s][debug][gc,nmethod  ] Register NMethod: java.util.HashMap$KeySet.iterator (0x00007943f743be88) [0x00007943f743bf80, 0x00007943f743c300] Compiler: c1, Barriers: 1, Oops: 0, ImmediateOops: 0, NonImmediateOops: No
[1,196s][debug][gc,nmethod  ] Register NMethod: java.util.HashSet.iterator (0x00007943f743c308) [0x00007943f743c400, 0x00007943f743c948] Compiler: c1, Barriers: 1, Oops: 0, ImmediateOops: 0, NonImmediateOops: No
[1,196s][debug][gc,nmethod  ] Register NMethod: java.util.HashMap.keySet (0x00007943f743c988) [0x00007943f743ca80, 0x00007943f743cf08] Compiler: c1, Barriers: 7, Oops: 0, ImmediateOops: 0, NonImmediateOops: No
[1,197s][debug][gc,nmethod  ] Register NMethod: java.util.ImmutableCollections$Set12.isEmpty (0x0000794416befd08) [0x0000794416befe00, 0x0000794416befec0] Compiler: c1, Barriers: 0, Oops: 0, ImmediateOops: 0, NonImmediateOops: No
[1,197s][debug][gc,nmethod  ] Register NMethod: java.util.HashMap$HashIterator.<init> (0x00007943f743cf88) [0x00007943f743d080, 0x00007943f743d6d0] Compiler: c1, Barriers: 14, Oops: 0, ImmediateOops: 0, NonImmediateOops: No
[1,197s][debug][gc,nmethod  ] Register NMethod: java.lang.module.ModuleDescriptor$Exports.source (0x0000794416bf0008) [0x0000794416bf0100, 0x0000794416bf01e8] Compiler: c1, Barriers: 1, Oops: 0, ImmediateOops: 0, NonImmediateOops: No
[1,197s][debug][gc,nmethod  ] Register NMethod: java.lang.module.ModuleDescriptor$Exports.targets (0x0000794416bf0308) [0x0000794416bf0400, 0x0000794416bf04e8] Compiler: c1, Barriers: 1, Oops: 0, ImmediateOops: 0, NonImmediateOops: No
[1,197s][debug][gc,nmethod  ] Register NMethod: java.util.ImmutableCollections$Set12.contains (0x00007943f743d708) [0x00007943f743d800, 0x00007943f743de08] Compiler: c1, Barriers: 2, Oops: 0, ImmediateOops: 0, NonImmediateOops: No
[1,197s][debug][gc,nmethod  ] Register NMethod: java.util.HashMap.putIfAbsent (0x00007943f743de88) [0x00007943f743df80, 0x00007943f743e568] Compiler: c1, Barriers: 0, Oops: 0, ImmediateOops: 0, NonImmediateOops: No
[1,197s][debug][gc,nmethod  ] Register NMethod: java.util.Objects.requireNonNull (0x0000794416bf0608) [0x0000794416bf0700, 0x0000794416bf0798] Compiler: jvmci, Barriers: 0, Oops: 0, ImmediateOops: 0, NonImmediateOops: No
[1,197s][debug][gc,nmethod  ] Register NMethod: java.util.HashMap.<init> (0x00007943f743e588) [0x00007943f743e680, 0x00007943f743e840] Compiler: c1, Barriers: 0, Oops: 0, ImmediateOops: 0, NonImmediateOops: No
[1,197s][debug][gc,nmethod  ] Register NMethod: java.lang.module.ModuleDescriptor.provides (0x0000794416bf0908) [0x0000794416bf0a00, 0x0000794416bf0ae8] Compiler: c1, Barriers: 1, Oops: 0, ImmediateOops: 0, NonImmediateOops: No
[1,197s][debug][gc,nmethod  ] Register NMethod: java.util.HashMap.resize (0x00007943f743e888) [0x00007943f743e9a0, 0x00007943f7440680] Compiler: c1, Barriers: 31, Oops: 0, ImmediateOops: 0, NonImmediateOops: No
[1,197s][debug][gc,nmethod  ] Register NMethod: java.util.HashMap.afterNodeInsertion (0x0000794416bf0c08) [0x0000794416bf0d00, 0x0000794416bf0d80] Compiler: jvmci, Barriers: 0, Oops: 0, ImmediateOops: 0, NonImmediateOops: No
[1,197s][debug][gc,nmethod  ] Register NMethod: java.util.Arrays.copyOfRange (0x00007943f7440688) [0x00007943f7440780, 0x00007943f7441a50] Compiler: c1, Barriers: 0, Oops: 1, ImmediateOops: 2, NonImmediateOops: No
[1,197s][debug][gc,nmethod  ] Register NMethod: java.lang.module.ModuleDescriptor.exports (0x0000794416bf0f08) [0x0000794416bf1000, 0x0000794416bf10e8] Compiler: c1, Barriers: 1, Oops: 0, ImmediateOops: 0, NonImmediateOops: No
[1,198s][debug][gc,nmethod  ] Register NMethod: java.lang.module.ModuleDescriptor$Provides.service (0x0000794416bf1208) [0x0000794416bf1300, 0x0000794416bf13e8] Compiler: c1, Barriers: 1, Oops: 0, ImmediateOops: 0, NonImmediateOops: No
[1,198s][debug][gc,nmethod  ] Register NMethod: java.lang.module.ModuleDescriptor.uses (0x0000794416bf1508) [0x0000794416bf1600, 0x0000794416bf16e8] Compiler: c1, Barriers: 1, Oops: 0, ImmediateOops: 0, NonImmediateOops: No
[1,198s][debug][gc,nmethod  ] Register NMethod: java.lang.StringLatin1.newString (0x00007943f7441a88) [0x00007943f7441b80, 0x00007943f7441ea0] Compiler: c1, Barriers: 3, Oops: 0, ImmediateOops: 1, NonImmediateOops: No
[1,198s][debug][gc,nmethod  ] Register NMethod: java.lang.module.ResolvedModule.descriptor (0x00007943f7441f08) [0x00007943f7442000, 0x00007943f7442340] Compiler: c1, Barriers: 2, Oops: 0, ImmediateOops: 0, NonImmediateOops: No
[1,198s][debug][gc,nmethod  ] Register NMethod: java.lang.String.substring (0x00007943f7442388) [0x00007943f7442480, 0x00007943f7442fa0] Compiler: c1, Barriers: 1, Oops: 1, ImmediateOops: 1, NonImmediateOops: No
[1,198s][debug][gc,nmethod  ] Register NMethod: java.util.ImmutableCollections$SetN$SetNIterator.hasNext (0x0000794416bf1808) [0x0000794416bf1900, 0x0000794416bf1990] Compiler: jvmci, Barriers: 0, Oops: 0, ImmediateOops: 0, NonImmediateOops: No
[1,198s][debug][gc,nmethod  ] Register NMethod: java.util.HashMap$EntryIterator.next (0x00007943f7443008) [0x00007943f7443100, 0x00007943f7443610] Compiler: c1, Barriers: 0, Oops: 0, ImmediateOops: 0, NonImmediateOops: No
[1,198s][debug][gc,nmethod  ] Register NMethod: java.util.HashMap$EntryIterator.next (0x00007943f7443688) [0x00007943f7443780, 0x00007943f7443a78] Compiler: c1, Barriers: 0, Oops: 0, ImmediateOops: 0, NonImmediateOops: No
[1,198s][debug][gc,nmethod  ] Register NMethod: java.util.HashSet.<init> (0x00007943f7443a88) [0x00007943f7443b80, 0x00007943f7443f88] Compiler: c1, Barriers: 3, Oops: 0, ImmediateOops: 0, NonImmediateOops: No
[1,198s][debug][gc,nmethod  ] Register NMethod: java.lang.StringLatin1.lastIndexOf (0x00007943f7444008) [0x00007943f7444100, 0x00007943f7444520] Compiler: c1, Barriers: 0, Oops: 0, ImmediateOops: 0, NonImmediateOops: No
[1,199s][debug][gc,nmethod  ] Register NMethod: java.util.KeyValueHolder.getKey (0x0000794416bf1b08) [0x0000794416bf1c00, 0x0000794416bf1ce8] Compiler: c1, Barriers: 1, Oops: 0, ImmediateOops: 0, NonImmediateOops: No
[1,199s][debug][gc,nmethod  ] Register NMethod: java.util.KeyValueHolder.getValue (0x0000794416bf1e08) [0x0000794416bf1f00, 0x0000794416bf1fe8] Compiler: c1, Barriers: 1, Oops: 0, ImmediateOops: 0, NonImmediateOops: No
[1,199s][debug][gc,nmethod  ] Register NMethod: java.lang.module.ModuleDescriptor.packages (0x0000794416bf2108) [0x0000794416bf2200, 0x0000794416bf22e8] Compiler: c1, Barriers: 1, Oops: 0, ImmediateOops: 0, NonImmediateOops: No
[1,199s][debug][gc,nmethod  ] Register NMethod: java.util.concurrent.ConcurrentHashMap.casTabAt (0x00007943f7444588) [0x00007943f7444680, 0x00007943f74447f0] Compiler: c1, Barriers: 5, Oops: 0, ImmediateOops: 0, NonImmediateOops: No
[1,199s][debug][gc,nmethod  ] Register NMethod: java.util.Optional.orElse (0x00007943f7444888) [0x00007943f7444980, 0x00007943f7444b18] Compiler: c1, Barriers: 1, Oops: 0, ImmediateOops: 0, NonImmediateOops: No
[1,199s][debug][gc,nmethod  ] Register NMethod: java.lang.String.hashCode (0x0000794416bf2408) [0x0000794416bf2500, 0x0000794416bf26a0] Compiler: jvmci, Barriers: 1, Oops: 0, ImmediateOops: 0, NonImmediateOops: No
[1,199s][debug][gc,nmethod  ] Register NMethod: java.lang.module.ResolvedModule.reference (0x0000794416bf2708) [0x0000794416bf2800, 0x0000794416bf28e8] Compiler: c1, Barriers: 1, Oops: 0, ImmediateOops: 0, NonImmediateOops: No
[1,199s][debug][gc,nmethod  ] Register NMethod: java.lang.module.ResolvedModule.name (0x00007943f7444b88) [0x00007943f7444c80, 0x00007943f74451c8] Compiler: c1, Barriers: 3, Oops: 0, ImmediateOops: 0, NonImmediateOops: No
[1,200s][debug][gc,nmethod  ] Register NMethod: java.lang.AbstractStringBuilder.length (0x0000794416bf2a08) [0x0000794416bf2b00, 0x0000794416bf2bc0] Compiler: c1, Barriers: 0, Oops: 0, ImmediateOops: 0, NonImmediateOops: No
[1,200s][debug][gc,nmethod  ] Register NMethod: java.lang.module.ModuleDescriptor$Version.toString (0x0000794416bf2d08) [0x0000794416bf2e00, 0x0000794416bf2ee8] Compiler: c1, Barriers: 1, Oops: 0, ImmediateOops: 0, NonImmediateOops: No
[1,200s][debug][gc,nmethod  ] Register NMethod: java.lang.AbstractStringBuilder.needsNewBuffer (0x00007943f7445208) [0x00007943f7445300, 0x00007943f74454a0] Compiler: c1, Barriers: 0, Oops: 0, ImmediateOops: 0, NonImmediateOops: No
[1,201s][debug][gc,nmethod  ] Register NMethod: java.lang.Module.addExports0 (0x0000794416bf3008) [0x0000794416bf3100, 0x0000794416bf3280] Compiler: , Barriers: 0, Oops: 0, ImmediateOops: 1, NonImmediateOops: No
[1,201s][debug][gc,nmethod  ] Register NMethod: java.util.HashMap.isEmpty (0x00007943f7445508) [0x00007943f7445600, 0x00007943f7445750] Compiler: c1, Barriers: 0, Oops: 0, ImmediateOops: 0, NonImmediateOops: No
[1,201s][debug][gc,nmethod  ] Register NMethod: java.lang.Module.addExportsToAll0 (0x0000794416bf3308) [0x0000794416bf3400, 0x0000794416bf3570] Compiler: , Barriers: 0, Oops: 0, ImmediateOops: 1, NonImmediateOops: No
[1,201s][debug][gc,nmethod  ] Register NMethod: java.lang.Double.doubleToRawLongBits (0x0000794416bf3608) [0x0000794416bf3700, 0x0000794416bf3858] Compiler: , Barriers: 0, Oops: 0, ImmediateOops: 1, NonImmediateOops: No
[1,201s][debug][gc,nmethod  ] Register NMethod: java.util.HashSet.isEmpty (0x00007943f7445808) [0x00007943f7445900, 0x00007943f7445ca8] Compiler: c1, Barriers: 1, Oops: 0, ImmediateOops: 0, NonImmediateOops: No
[1,201s][debug][gc,nmethod  ] Register NMethod: java.util.ImmutableCollections$ListItr.hasNext (0x00007943f7445d08) [0x00007943f7445e00, 0x00007943f7445f50] Compiler: c1, Barriers: 0, Oops: 0, ImmediateOops: 0, NonImmediateOops: No
[1,201s][debug][gc,nmethod  ] Register NMethod: java.util.ImmutableCollections$List12.size (0x00007943f7446008) [0x00007943f7446100, 0x00007943f74462a8] Compiler: c1, Barriers: 1, Oops: 0, ImmediateOops: 1, NonImmediateOops: No
[1,201s][debug][gc,nmethod  ] Register NMethod: java.util.ImmutableCollections$List12.get (0x00007943f7446308) [0x00007943f7446400, 0x00007943f7446818] Compiler: c1, Barriers: 2, Oops: 0, ImmediateOops: 1, NonImmediateOops: No
[1,201s][debug][gc,nmethod  ] Register NMethod: java.util.ImmutableCollections$ListItr.<init> (0x00007943f7446888) [0x00007943f7446980, 0x00007943f7446b60] Compiler: c1, Barriers: 3, Oops: 0, ImmediateOops: 0, NonImmediateOops: No
[1,201s][debug][gc,nmethod  ] Register NMethod: java.util.ImmutableCollections$AbstractImmutableList.iterator (0x00007943f7446b88) [0x00007943f7446c80, 0x00007943f7447130] Compiler: c1, Barriers: 3, Oops: 0, ImmediateOops: 0, NonImmediateOops: No
[1,201s][debug][gc,nmethod  ] Register NMethod: java.util.Optional.empty (0x00007943f7447188) [0x00007943f7447280, 0x00007943f7447368] Compiler: c1, Barriers: 0, Oops: 0, ImmediateOops: 1, NonImmediateOops: No
[1,201s][debug][gc,nmethod  ] Register NMethod: java.util.ImmutableCollections$ListItr.next (0x00007943f7447488) [0x00007943f7447580, 0x00007943f7447970] Compiler: c1, Barriers: 1, Oops: 0, ImmediateOops: 0, NonImmediateOops: No
[1,201s][debug][gc,nmethod  ] Register NMethod: java.lang.Math.max (0x00007943f7447988) [0x00007943f7447a80, 0x00007943f7447ba8] Compiler: c1, Barriers: 0, Oops: 0, ImmediateOops: 0, NonImmediateOops: No
[1,201s][debug][gc,nmethod  ] Register NMethod: java.lang.Module.addReads0 (0x0000794416bf3908) [0x0000794416bf3a00, 0x0000794416bf3b70] Compiler: , Barriers: 0, Oops: 0, ImmediateOops: 1, NonImmediateOops: No
[1,201s][debug][gc,nmethod  ] Register NMethod: java.lang.module.ResolvedModule.configuration (0x0000794416bf3c08) [0x0000794416bf3d00, 0x0000794416bf3de8] Compiler: c1, Barriers: 1, Oops: 0, ImmediateOops: 0, NonImmediateOops: No
[1,201s][debug][gc,nmethod  ] Register NMethod: java.lang.Module.findModule (0x00007943f7447c88) [0x00007943f7447d80, 0x00007943f74496a8] Compiler: c1, Barriers: 1, Oops: 0, ImmediateOops: 0, NonImmediateOops: No
[1,202s][debug][gc,nmethod  ] Register NMethod: java.lang.module.ModuleDescriptor.isOpen (0x0000794416bf3f08) [0x0000794416bf4000, 0x0000794416bf40c0] Compiler: c1, Barriers: 0, Oops: 0, ImmediateOops: 0, NonImmediateOops: No
[1,202s][debug][gc,nmethod  ] Register NMethod: java.util.HashMap.size (0x0000794416bf4208) [0x0000794416bf4300, 0x0000794416bf43c0] Compiler: c1, Barriers: 0, Oops: 0, ImmediateOops: 0, NonImmediateOops: No
[1,202s][debug][gc,nmethod  ] Register NMethod: java.lang.ModuleLayer.findModule (0x00007943f7449708) [0x00007943f7449800, 0x00007943f744b298] Compiler: c1, Barriers: 4, Oops: 0, ImmediateOops: 3, NonImmediateOops: No
[1,202s][debug][gc,nmethod  ] Register NMethod: jdk.internal.module.ServicesCatalog$ServiceProvider.<init> (0x00007943f744b308) [0x00007943f744b400, 0x00007943f744b648] Compiler: c1, Barriers: 6, Oops: 0, ImmediateOops: 0, NonImmediateOops: No
[1,202s][debug][gc,nmethod  ] Register NMethod: jdk.internal.classfile.impl.AbstractPoolEntry.maybeClone (0x00007943f744b688) [0x00007943f744b780, 0x00007943f744c0e8] Compiler: c1, Barriers: 0, Oops: 0, ImmediateOops: 0, NonImmediateOops: No
[1,202s][debug][gc,nmethod  ] Register NMethod: jdk.internal.classfile.impl.RawBytecodeHelper.endBci (0x00007943f744c108) [0x00007943f744c200, 0x00007943f744c338] Compiler: c1, Barriers: 1, Oops: 0, ImmediateOops: 0, NonImmediateOops: No
[1,202s][debug][gc,nmethod  ] Register NMethod: jdk.internal.classfile.impl.SplitConstantPool.canWriteDirect (0x00007943f744c408) [0x00007943f744c500, 0x00007943f744c7f8] Compiler: c1, Barriers: 1, Oops: 0, ImmediateOops: 0, NonImmediateOops: No
[1,202s][debug][gc,nmethod  ] Register NMethod: java.lang.invoke.MethodType.ptypes (0x0000794416bf4508) [0x0000794416bf4600, 0x0000794416bf46e8] Compiler: c1, Barriers: 1, Oops: 0, ImmediateOops: 0, NonImmediateOops: No
[1,203s][debug][gc,director ] Rule Major: Warmup 10%, Used: 8MB, UsedThreshold: 1228MB
[1,203s][debug][gc,nmethod  ] Register NMethod: jdk.internal.classfile.impl.RawBytecodeHelper.next (0x00007943f744c808) [0x00007943f744c900, 0x00007943f744d078] Compiler: c1, Barriers: 2, Oops: 0, ImmediateOops: 1, NonImmediateOops: No
[1,203s][debug][gc,nmethod  ] Register NMethod: java.lang.Class.isInstance (0x0000794416bf4808) [0x0000794416bf4900, 0x0000794416bf4a70] Compiler: , Barriers: 0, Oops: 0, ImmediateOops: 0, NonImmediateOops: No
[1,203s][debug][gc,nmethod  ] Register NMethod: jdk.internal.classfile.impl.RawBytecodeHelper.opcode (0x00007943f744d088) [0x00007943f744d180, 0x00007943f744d288] Compiler: c1, Barriers: 0, Oops: 0, ImmediateOops: 0, NonImmediateOops: No
[1,203s][debug][gc,nmethod  ] Register NMethod: java.lang.invoke.MethodTypeForm.canonicalize (0x00007943f744d388) [0x00007943f744d480, 0x00007943f744e0d8] Compiler: c1, Barriers: 1, Oops: 0, ImmediateOops: 2, NonImmediateOops: No
[1,203s][debug][gc,nmethod  ] Register NMethod: java.lang.invoke.MethodType.parameterType (0x00007943f744e108) [0x00007943f744e200, 0x00007943f744e388] Compiler: c1, Barriers: 2, Oops: 0, ImmediateOops: 0, NonImmediateOops: No
[1,203s][debug][gc,nmethod  ] Register NMethod: java.lang.AbstractStringBuilder.isLatin1 (0x00007943f744e408) [0x00007943f744e500, 0x00007943f744e640] Compiler: c1, Barriers: 0, Oops: 0, ImmediateOops: 0, NonImmediateOops: No
[1,204s][debug][gc,nmethod  ] Register NMethod: jdk.internal.vm.Continuation.enterSpecial (0x0000794416bf4b08) [0x0000794416bf4c00, 0x0000794416bf4df8] Compiler: , Barriers: 0, Oops: 0, ImmediateOops: 0, NonImmediateOops: No
[1,204s][debug][gc,nmethod  ] Register NMethod: jdk.internal.vm.Continuation.doYield (0x0000794416bf4e08) [0x0000794416bf4f00, 0x0000794416bf4fc8] Compiler: , Barriers: 0, Oops: 0, ImmediateOops: 0, NonImmediateOops: No
[1,205s][debug][gc,nmethod  ] Register NMethod: java.util.ImmutableCollections$SetN$SetNIterator.next (0x0000794416bf5108) [0x0000794416bf5200, 0x0000794416bf5458] Compiler: jvmci, Barriers: 4, Oops: 0, ImmediateOops: 0, NonImmediateOops: No
[1,208s][debug][gc,nmethod  ] Register NMethod: java.lang.StringLatin1.equals (0x0000794416bf5488) [0x0000794416bf5580, 0x0000794416bf5818] Compiler: jvmci, Barriers: 0, Oops: 0, ImmediateOops: 0, NonImmediateOops: No
[1,209s][debug][gc,nmethod  ] Register NMethod: java.lang.AbstractStringBuilder.getValue (0x0000794416bf5888) [0x0000794416bf5980, 0x0000794416bf5a68] Compiler: c1, Barriers: 1, Oops: 0, ImmediateOops: 0, NonImmediateOops: No
[1,210s][debug][gc,nmethod  ] Register NMethod: java.lang.StringBuilder.append (0x00007943f744e708) [0x00007943f744e800, 0x00007943f744e948] Compiler: c1, Barriers: 0, Oops: 0, ImmediateOops: 0, NonImmediateOops: No
[1,211s][debug][gc,nmethod  ] Register NMethod: java.lang.AbstractStringBuilder.append (0x00007943f744ea08) [0x00007943f744eb00, 0x00007943f744f750] Compiler: c1, Barriers: 5, Oops: 0, ImmediateOops: 0, NonImmediateOops: No
[1,211s][debug][gc,nmethod  ] Register NMethod: java.util.HashMap.newNode (0x0000794416bf5b88) [0x0000794416bf5c80, 0x0000794416bf5de0] Compiler: jvmci, Barriers: 6, Oops: 0, ImmediateOops: 0, NonImmediateOops: No
[1,212s][debug][gc,nmethod  ] Register NMethod: java.lang.module.ModuleDescriptor$Exports.isQualified (0x0000794416bf5e88) [0x0000794416bf5f80, 0x0000794416bf60d8] Compiler: jvmci, Barriers: 1, Oops: 0, ImmediateOops: 0, NonImmediateOops: No
[1,212s][debug][gc,nmethod  ] Register NMethod: java.lang.String.coder (0x0000794416bf6188) [0x0000794416bf6280, 0x0000794416bf6308] Compiler: jvmci, Barriers: 0, Oops: 0, ImmediateOops: 0, NonImmediateOops: No
[1,213s][debug][gc,director ] Rule Major: Warmup 10%, Used: 10MB, UsedThreshold: 1228MB
[1,215s][debug][gc,nmethod  ] Register NMethod: java.util.HashMap.resize (0x0000794416bf6488) [0x0000794416bf65a0, 0x0000794416bf7130] Compiler: jvmci, Barriers: 33, Oops: 0, ImmediateOops: 0, NonImmediateOops: No
[1,216s][debug][gc,nmethod  ] Register NMethod: java.lang.String.equals (0x0000794416bf7188) [0x0000794416bf7280, 0x0000794416bf75e8] Compiler: jvmci, Barriers: 2, Oops: 0, ImmediateOops: 0, NonImmediateOops: No
[1,216s][debug][gc,nmethod  ] Register NMethod: java.util.HashMap.putVal (0x0000794416bf7608) [0x0000794416bf7720, 0x0000794416bf8fe8] Compiler: jvmci, Barriers: 82, Oops: 0, ImmediateOops: 0, NonImmediateOops: No
[1,218s][debug][gc,nmethod  ] Register NMethod: jdk.internal.misc.Unsafe.getInt (0x0000794416bf9008) [0x0000794416bf9100, 0x0000794416bf9268] Compiler: , Barriers: 0, Oops: 0, ImmediateOops: 0, NonImmediateOops: No
[1,218s][debug][gc,nmethod  ] Register NMethod: jdk.internal.misc.Unsafe.getByte (0x0000794416bf9308) [0x0000794416bf9400, 0x0000794416bf9568] Compiler: , Barriers: 0, Oops: 0, ImmediateOops: 0, NonImmediateOops: No
[1,218s][debug][gc,nmethod  ] Register NMethod: jdk.internal.misc.Unsafe.getShort (0x0000794416bf9608) [0x0000794416bf9700, 0x0000794416bf9868] Compiler: , Barriers: 0, Oops: 0, ImmediateOops: 0, NonImmediateOops: No
[1,218s][debug][gc,nmethod  ] Register NMethod: jdk.internal.misc.Unsafe.pickPos (0x00007943f744f788) [0x00007943f744f880, 0x00007943f744f970] Compiler: c1, Barriers: 0, Oops: 0, ImmediateOops: 0, NonImmediateOops: No
[1,218s][debug][gc,nmethod  ] Register NMethod: jdk.internal.misc.Unsafe.toUnsignedInt (0x00007943f744fa88) [0x00007943f744fb80, 0x00007943f744fc68] Compiler: c1, Barriers: 0, Oops: 0, ImmediateOops: 0, NonImmediateOops: No
[1,218s][debug][gc,nmethod  ] Register NMethod: java.util.zip.ZipUtils.get16 (0x00007943f744fd88) [0x00007943f744fe80, 0x00007943f7450280] Compiler: c1, Barriers: 0, Oops: 1, ImmediateOops: 2, NonImmediateOops: No
[1,218s][debug][gc,nmethod  ] Register NMethod: jdk.internal.misc.Unsafe.getShortUnaligned (0x00007943f7450308) [0x00007943f7450400, 0x00007943f7450628] Compiler: c1, Barriers: 0, Oops: 0, ImmediateOops: 0, NonImmediateOops: No
[1,218s][debug][gc,nmethod  ] Register NMethod: jdk.internal.misc.Unsafe.convEndian (0x00007943f7450688) [0x00007943f7450780, 0x00007943f7450920] Compiler: c1, Barriers: 0, Oops: 0, ImmediateOops: 0, NonImmediateOops: No
[1,218s][debug][gc,nmethod  ] Register NMethod: java.lang.Short.toUnsignedInt (0x00007943f7450988) [0x00007943f7450a80, 0x00007943f7450b68] Compiler: c1, Barriers: 0, Oops: 0, ImmediateOops: 0, NonImmediateOops: No
[1,218s][debug][gc,nmethod  ] Register NMethod: jdk.internal.misc.Unsafe.getShortUnaligned (0x00007943f7450c88) [0x00007943f7450d80, 0x00007943f7451110] Compiler: c1, Barriers: 0, Oops: 0, ImmediateOops: 0, NonImmediateOops: No
[1,219s][debug][gc,nmethod  ] Register NMethod: jdk.internal.misc.Unsafe.getIntUnaligned (0x00007943f7451188) [0x00007943f7451280, 0x00007943f74516d0] Compiler: c1, Barriers: 0, Oops: 0, ImmediateOops: 0, NonImmediateOops: No
[1,220s][debug][gc,nmethod  ] Register NMethod: java.lang.StringBuilder.length (0x00007943f7451708) [0x00007943f7451800, 0x00007943f7451918] Compiler: c1, Barriers: 0, Oops: 0, ImmediateOops: 0, NonImmediateOops: No
[1,223s][debug][gc,director ] Rule Major: Warmup 10%, Used: 10MB, UsedThreshold: 1228MB
[1,224s][debug][gc,nmethod  ] Register NMethod: java.lang.invoke.MethodType.checkSlotCount (0x00007943f7451a08) [0x00007943f7451b00, 0x00007943f7452838] Compiler: c1, Barriers: 0, Oops: 1, ImmediateOops: 2, NonImmediateOops: No
[1,224s][debug][gc,nmethod  ] Register NMethod: java.lang.StringLatin1.indexOfChar (0x0000794416bf9908) [0x0000794416bf9a00, 0x0000794416bf9c70] Compiler: jvmci, Barriers: 0, Oops: 0, ImmediateOops: 0, NonImmediateOops: No
[1,224s][debug][gc,nmethod  ] Register NMethod: jdk.internal.util.WeakReferenceKey.hashCode (0x0000794416bf9c88) [0x0000794416bf9d80, 0x0000794416bf9e40] Compiler: c1, Barriers: 0, Oops: 0, ImmediateOops: 0, NonImmediateOops: No
[1,225s][debug][gc,nmethod  ] Register NMethod: java.lang.invoke.MethodHandle.linkToStatic (0x0000794416bf9f88) [0x0000794416bfa080, 0x0000794416bfa170] Compiler: , Barriers: 0, Oops: 0, ImmediateOops: 0, NonImmediateOops: No
[1,225s][debug][gc,nmethod  ] Register NMethod: java.io.BufferedInputStream.getBufIfOpen (0x00007943f7452888) [0x00007943f7452980, 0x00007943f7452ab8] Compiler: c1, Barriers: 0, Oops: 0, ImmediateOops: 0, NonImmediateOops: No
[1,226s][debug][gc,nmethod  ] Register NMethod: java.io.BufferedInputStream.getBufIfOpen (0x00007943f7452b88) [0x00007943f7452c80, 0x00007943f7453098] Compiler: c1, Barriers: 7, Oops: 0, ImmediateOops: 3, NonImmediateOops: No
[1,226s][debug][gc,nmethod  ] Register NMethod: worker.org.gradle.internal.stream.EncodedStream$EncodedInput.read (0x00007943f7453108) [0x00007943f7453200, 0x00007943f7453958] Compiler: c1, Barriers: 2, Oops: 1, ImmediateOops: 1, NonImmediateOops: No
[1,226s][debug][gc,nmethod  ] Register NMethod: worker.org.gradle.internal.stream.EncodedStream$EncodedInput.hexToByte (0x00007943f7453988) [0x00007943f7453a80, 0x00007943f74541c8] Compiler: c1, Barriers: 3, Oops: 2, ImmediateOops: 1, NonImmediateOops: No
[1,226s][debug][gc,nmethod  ] Register NMethod: java.io.BufferedInputStream.read (0x00007943f7454208) [0x00007943f7454300, 0x00007943f7454758] Compiler: c1, Barriers: 0, Oops: 0, ImmediateOops: 0, NonImmediateOops: No
[1,226s][debug][gc,nmethod  ] Register NMethod: java.lang.Class.getName (0x00007943f7454788) [0x00007943f7454880, 0x00007943f7454a30] Compiler: c1, Barriers: 1, Oops: 0, ImmediateOops: 0, NonImmediateOops: No
[1,226s][debug][gc,nmethod  ] Register NMethod: jdk.internal.util.Preconditions.checkFromIndexSize (0x00007943f7454a88) [0x00007943f7454b80, 0x00007943f7454d18] Compiler: c1, Barriers: 0, Oops: 0, ImmediateOops: 0, NonImmediateOops: No
[1,226s][debug][gc,nmethod  ] Register NMethod: sun.net.util.IPAddressUtil.earlyURLParsing (0x00007943f7454d88) [0x00007943f7454e80, 0x00007943f7454f88] Compiler: c1, Barriers: 0, Oops: 0, ImmediateOops: 0, NonImmediateOops: No
[1,226s][debug][gc,nmethod  ] Register NMethod: java.net.URL.getUserInfo (0x0000794416bfa288) [0x0000794416bfa380, 0x0000794416bfa468] Compiler: c1, Barriers: 1, Oops: 0, ImmediateOops: 0, NonImmediateOops: No
[1,226s][debug][gc,nmethod  ] Register NMethod: java.net.URL.getHost (0x0000794416bfa588) [0x0000794416bfa680, 0x0000794416bfa768] Compiler: c1, Barriers: 1, Oops: 0, ImmediateOops: 0, NonImmediateOops: No
[1,226s][debug][gc,nmethod  ] Register NMethod: java.lang.String.length (0x0000794416bfa888) [0x0000794416bfa980, 0x0000794416bfaa68] Compiler: jvmci, Barriers: 1, Oops: 0, ImmediateOops: 0, NonImmediateOops: No
[1,227s][debug][gc,nmethod  ] Register NMethod: java.io.BufferedInputStream.getBufIfOpen (0x0000794416bfab88) [0x0000794416bfac80, 0x0000794416bfadb0] Compiler: jvmci, Barriers: 1, Oops: 0, ImmediateOops: 1, NonImmediateOops: No
[1,227s][debug][gc,nmethod  ] Register NMethod: java.lang.Record.<init> (0x00007943f7455088) [0x00007943f7455180, 0x00007943f74552d8] Compiler: c1, Barriers: 0, Oops: 0, ImmediateOops: 0, NonImmediateOops: No
[1,227s][debug][gc,nmethod  ] Register NMethod: java.lang.StringLatin1.replace (0x00007943f7455388) [0x00007943f7455480, 0x00007943f7456520] Compiler: c1, Barriers: 6, Oops: 0, ImmediateOops: 3, NonImmediateOops: No
[1,227s][debug][gc,nmethod  ] Register NMethod: worker.org.gradle.internal.stream.EncodedStream$EncodedInput.hexToByte (0x0000794416bfae88) [0x0000794416bfaf80, 0x0000794416bfb068] Compiler: jvmci, Barriers: 0, Oops: 1, ImmediateOops: 0, NonImmediateOops: No
[1,228s][debug][gc,nmethod  ] Register NMethod: java.lang.StringLatin1.indexOf (0x00007943f7456588) [0x00007943f7456680, 0x00007943f74568c0] Compiler: c1, Barriers: 0, Oops: 0, ImmediateOops: 0, NonImmediateOops: No
[1,228s][debug][gc,nmethod  ] Register NMethod: java.lang.String.lastIndexOf (0x00007943f7456908) [0x00007943f7456a00, 0x00007943f7456ea0] Compiler: c1, Barriers: 2, Oops: 0, ImmediateOops: 0, NonImmediateOops: No
[1,228s][debug][gc,nmethod  ] Register NMethod: jdk.internal.misc.Unsafe.putReferenceVolatile (0x0000794416bfb188) [0x0000794416bfb280, 0x0000794416bfb3f0] Compiler: , Barriers: 0, Oops: 0, ImmediateOops: 0, NonImmediateOops: No
[1,229s][debug][gc,nmethod  ] Register NMethod: java.lang.String.lastIndexOf (0x00007943f7456f08) [0x00007943f7457000, 0x00007943f7457af8] Compiler: c1, Barriers: 1, Oops: 0, ImmediateOops: 0, NonImmediateOops: No
[1,229s][debug][gc,nmethod  ] Register NMethod: java.lang.Integer.toUnsignedLong (0x00007943f7457b08) [0x00007943f7457c00, 0x00007943f7457cf0] Compiler: c1, Barriers: 0, Oops: 0, ImmediateOops: 0, NonImmediateOops: No
[1,229s][debug][gc,nmethod  ] Register NMethod: jdk.internal.misc.Unsafe.getIntUnaligned (0x00007943f7457e08) [0x00007943f7457f00, 0x00007943f7458148] Compiler: c1, Barriers: 0, Oops: 0, ImmediateOops: 0, NonImmediateOops: No
[1,229s][debug][gc,nmethod  ] Register NMethod: jdk.internal.misc.Unsafe.convEndian (0x00007943f7458188) [0x00007943f7458280, 0x00007943f7458428] Compiler: c1, Barriers: 0, Oops: 0, ImmediateOops: 0, NonImmediateOops: No
[1,229s][debug][gc,nmethod  ] Register NMethod: java.util.zip.ZipUtils.get32 (0x00007943f7458488) [0x00007943f7458580, 0x00007943f7458988] Compiler: c1, Barriers: 0, Oops: 1, ImmediateOops: 2, NonImmediateOops: No
[1,229s][debug][gc,nmethod  ] Register NMethod: java.io.BufferedInputStream.read (0x0000794416bfb488) [0x0000794416bfb580, 0x0000794416bfb860] Compiler: jvmci, Barriers: 1, Oops: 0, ImmediateOops: 1, NonImmediateOops: No
[1,229s][debug][gc,nmethod  ] Register NMethod: java.lang.invoke.MethodType.<init> (0x00007943f7458a08) [0x00007943f7458b00, 0x00007943f7458d48] Compiler: c1, Barriers: 6, Oops: 0, ImmediateOops: 0, NonImmediateOops: No
[1,230s][debug][gc,nmethod  ] Register NMethod: java.lang.Class.isHidden (0x0000794416bfb888) [0x0000794416bfb980, 0x0000794416bfbae0] Compiler: , Barriers: 0, Oops: 0, ImmediateOops: 0, NonImmediateOops: No
[1,230s][debug][gc,nmethod  ] Register NMethod: jdk.internal.util.ReferencedKeySet.get (0x00007943f7458d88) [0x00007943f7458e80, 0x00007943f745a380] Compiler: c1, Barriers: 7, Oops: 1, ImmediateOops: 1, NonImmediateOops: No
[1,230s][debug][gc,nmethod  ] Register NMethod: java.lang.invoke.MethodType.methodType (0x00007943f745a408) [0x00007943f745a500, 0x00007943f745a9e0] Compiler: c1, Barriers: 2, Oops: 0, ImmediateOops: 4, NonImmediateOops: No
[1,230s][debug][gc,nmethod  ] Register NMethod: java.lang.invoke.MethodType.makeImpl (0x00007943f745aa08) [0x00007943f745ab00, 0x00007943f745d2b0] Compiler: c1, Barriers: 23, Oops: 2, ImmediateOops: 3, NonImmediateOops: No
[1,231s][debug][gc,nmethod  ] Register NMethod: jdk.internal.classfile.impl.AbstractDirectBuilder.constantPool (0x0000794416bfbb88) [0x0000794416bfbc80, 0x0000794416bfbd68] Compiler: c1, Barriers: 1, Oops: 0, ImmediateOops: 0, NonImmediateOops: No
[1,231s][debug][gc,nmethod  ] Register NMethod: java.util.ArrayList.size (0x0000794416bfbe88) [0x0000794416bfbf80, 0x0000794416bfc040] Compiler: c1, Barriers: 0, Oops: 0, ImmediateOops: 0, NonImmediateOops: No
[1,231s][debug][gc,nmethod  ] Register NMethod: java.lang.invoke.MethodHandle.linkToStatic (0x0000794416bfc188) [0x0000794416bfc280, 0x0000794416bfc370] Compiler: , Barriers: 0, Oops: 0, ImmediateOops: 0, NonImmediateOops: No
[1,231s][debug][gc,nmethod  ] Register NMethod: java.lang.invoke.MemberName.allFlagsSet (0x00007943f745d308) [0x00007943f745d400, 0x00007943f745d550] Compiler: c1, Barriers: 0, Oops: 0, ImmediateOops: 0, NonImmediateOops: No
[1,231s][debug][gc,nmethod  ] Register NMethod: jdk.internal.classfile.impl.SplitConstantPool.tryFindUtf8 (0x00007943f745d608) [0x00007943f745d700, 0x00007943f745ef38] Compiler: c1, Barriers: 1, Oops: 0, ImmediateOops: 0, NonImmediateOops: No
[1,231s][debug][gc,nmethod  ] Register NMethod: jdk.internal.classfile.impl.AbstractPoolEntry$Utf8EntryImpl.contentHash (0x00007943f745ef88) [0x00007943f745f080, 0x00007943f745f238] Compiler: c1, Barriers: 1, Oops: 0, ImmediateOops: 1, NonImmediateOops: No
[1,231s][debug][gc,nmethod  ] Register NMethod: jdk.internal.classfile.impl.BufWriterImpl.writeU2 (0x00007943f745f288) [0x00007943f745f380, 0x00007943f745f7f0] Compiler: c1, Barriers: 2, Oops: 0, ImmediateOops: 0, NonImmediateOops: No
[1,232s][debug][gc,nmethod  ] Register NMethod: java.lang.StringLatin1.indexOfChar (0x0000794416bfc488) [0x0000794416bfc580, 0x0000794416bfc7d8] Compiler: jvmci, Barriers: 0, Oops: 0, ImmediateOops: 0, NonImmediateOops: No
[1,233s][debug][gc,nmethod  ] Register NMethod: java.lang.invoke.MethodHandle.linkToInterface (0x0000794416bfc808) [0x0000794416bfc900, 0x0000794416bfca30] Compiler: , Barriers: 0, Oops: 0, ImmediateOops: 0, NonImmediateOops: No
[1,233s][debug][gc,director ] Rule Major: Warmup 10%, Used: 12MB, UsedThreshold: 1228MB
[1,233s][debug][gc,nmethod  ] Register NMethod: jdk.internal.classfile.impl.AbstractPoolEntry$Utf8EntryImpl.hashCode (0x00007943f745f808) [0x00007943f745f900, 0x00007943f745fd30] Compiler: c1, Barriers: 1, Oops: 0, ImmediateOops: 1, NonImmediateOops: No
[1,233s][debug][gc,nmethod  ] Register NMethod: jdk.internal.classfile.impl.AbstractPoolEntry$Utf8EntryImpl.<init> (0x00007943f745fd88) [0x00007943f745fe80, 0x00007943f74606e8] Compiler: c1, Barriers: 13, Oops: 0, ImmediateOops: 1, NonImmediateOops: No
[1,233s][debug][gc,nmethod  ] Register NMethod: jdk.internal.classfile.impl.AbstractPoolEntry$Utf8EntryImpl.writeTo (0x00007943f7460708) [0x00007943f7460800, 0x00007943f7461010] Compiler: c1, Barriers: 3, Oops: 0, ImmediateOops: 0, NonImmediateOops: No
[1,233s][debug][gc,nmethod  ] Register NMethod: java.lang.System$1.countNonZeroAscii (0x00007943f7461088) [0x00007943f7461180, 0x00007943f7461c80] Compiler: c1, Barriers: 1, Oops: 0, ImmediateOops: 0, NonImmediateOops: No
[1,234s][debug][gc,nmethod  ] Register NMethod: java.lang.StringCoding.countNonZeroAscii (0x00007943f7461c88) [0x00007943f7461d80, 0x00007943f7462910] Compiler: c1, Barriers: 1, Oops: 0, ImmediateOops: 0, NonImmediateOops: No
[1,234s][debug][gc,nmethod  ] Register NMethod: jdk.internal.classfile.impl.BufWriterImpl.cpIndex (0x00007943f7462988) [0x00007943f7462a80, 0x00007943f7464a78] Compiler: c1, Barriers: 1, Oops: 1, ImmediateOops: 3, NonImmediateOops: No
[1,234s][debug][gc,nmethod  ] Register NMethod: java.lang.String.checkBoundsOffCount (0x00007943f7464a88) [0x00007943f7464b80, 0x00007943f7464d78] Compiler: c1, Barriers: 0, Oops: 1, ImmediateOops: 1, NonImmediateOops: No
[1,234s][debug][gc,nmethod  ] Register NMethod: java.lang.StringLatin1.getBytes (0x00007943f7464d88) [0x00007943f7464e80, 0x00007943f7465018] Compiler: c1, Barriers: 0, Oops: 0, ImmediateOops: 0, NonImmediateOops: No
[1,234s][debug][gc,nmethod  ] Register NMethod: java.lang.invoke.MethodHandle.linkToSpecial (0x0000794416bfcb08) [0x0000794416bfcc00, 0x0000794416bfccf8] Compiler: , Barriers: 0, Oops: 0, ImmediateOops: 0, NonImmediateOops: No
[1,234s][debug][gc,nmethod  ] Register NMethod: jdk.internal.util.ModifiedUtf.utfLen (0x00007943f7465088) [0x00007943f7465180, 0x00007943f7465f20] Compiler: c1, Barriers: 3, Oops: 1, ImmediateOops: 1, NonImmediateOops: No
[1,234s][debug][gc,nmethod  ] Register NMethod: jdk.internal.classfile.impl.AbstractPoolEntry$ClassEntryImpl.tag (0x0000794416bfce08) [0x0000794416bfcf00, 0x0000794416bfcfc0] Compiler: c1, Barriers: 0, Oops: 0, ImmediateOops: 0, NonImmediateOops: No
[1,234s][debug][gc,nmethod  ] Register NMethod: java.lang.String.getBytes (0x00007943f7465f88) [0x00007943f7466080, 0x00007943f7466e08] Compiler: c1, Barriers: 1, Oops: 1, ImmediateOops: 2, NonImmediateOops: No
[1,234s][debug][gc,nmethod  ] Register NMethod: jdk.internal.classfile.impl.AbstractPoolEntry.hash1 (0x00007943f7466e88) [0x00007943f7466f80, 0x00007943f7467070] Compiler: c1, Barriers: 0, Oops: 0, ImmediateOops: 0, NonImmediateOops: No
[1,234s][debug][gc,nmethod  ] Register NMethod: jdk.internal.constant.ClassOrInterfaceDescImpl.isClassOrInterface (0x0000794416bfd108) [0x0000794416bfd200, 0x0000794416bfd2c0] Compiler: c1, Barriers: 0, Oops: 0, ImmediateOops: 0, NonImmediateOops: No
[1,234s][debug][gc,nmethod  ] Register NMethod: java.lang.invoke.MethodHandle.linkToSpecial (0x0000794416bfd408) [0x0000794416bfd500, 0x0000794416bfd5f8] Compiler: , Barriers: 0, Oops: 0, ImmediateOops: 0, NonImmediateOops: No
[1,234s][debug][gc,nmethod  ] Register NMethod: jdk.internal.classfile.impl.SplitConstantPool.utf8Entry (0x00007943f7467188) [0x00007943f7467280, 0x00007943f7467d78] Compiler: c1, Barriers: 1, Oops: 0, ImmediateOops: 1, NonImmediateOops: No
[1,234s][debug][gc,nmethod  ] Register NMethod: java.lang.invoke.MethodHandle.invokeBasic (0x0000794416bfd708) [0x0000794416bfd800, 0x0000794416bfda98] Compiler: , Barriers: 0, Oops: 0, ImmediateOops: 0, NonImmediateOops: No
[1,234s][debug][gc,nmethod  ] Register NMethod: java.lang.invoke.MethodHandle.linkToSpecial (0x0000794416bfdb08) [0x0000794416bfdc00, 0x0000794416bfdcf8] Compiler: , Barriers: 0, Oops: 0, ImmediateOops: 0, NonImmediateOops: No
[1,234s][debug][gc,nmethod  ] Register NMethod: jdk.internal.classfile.impl.BufWriterImpl.writeUtfEntry (0x00007943f7467d88) [0x00007943f7467e80, 0x00007943f746ac40] Compiler: c1, Barriers: 8, Oops: 1, ImmediateOops: 4, NonImmediateOops: No
[1,234s][debug][gc,nmethod  ] Register NMethod: java.lang.invoke.MemberName.initResolved (0x00007943f746ac88) [0x00007943f746ad80, 0x00007943f746af40] Compiler: c1, Barriers: 3, Oops: 0, ImmediateOops: 0, NonImmediateOops: No
[1,234s][debug][gc,nmethod  ] Register NMethod: java.lang.String.intern (0x0000794416bfde08) [0x0000794416bfdf00, 0x0000794416bfe220] Compiler: , Barriers: 0, Oops: 0, ImmediateOops: 0, NonImmediateOops: No
[1,235s][debug][gc,nmethod  ] Register NMethod: java.lang.ref.Reference.<init> (0x00007943f746af88) [0x00007943f746b080, 0x00007943f746b318] Compiler: c1, Barriers: 6, Oops: 0, ImmediateOops: 1, NonImmediateOops: No
[1,235s][debug][gc,nmethod  ] Register NMethod: jdk.internal.misc.Unsafe.allocateInstance (0x0000794416bfe288) [0x0000794416bfe380, 0x0000794416bfe6b0] Compiler: , Barriers: 0, Oops: 0, ImmediateOops: 0, NonImmediateOops: No
[1,235s][debug][gc,nmethod  ] Register NMethod: jdk.internal.misc.Unsafe.putReferenceRelease (0x00007943f746b388) [0x00007943f746b480, 0x00007943f746b5f8] Compiler: c1, Barriers: 3, Oops: 0, ImmediateOops: 0, NonImmediateOops: No
[1,235s][debug][gc,nmethod  ] Register NMethod: java.util.concurrent.ConcurrentHashMap.setTabAt (0x00007943f746b688) [0x00007943f746b780, 0x00007943f746ba80] Compiler: c1, Barriers: 0, Oops: 0, ImmediateOops: 1, NonImmediateOops: No
[1,235s][debug][gc,nmethod  ] Register NMethod: java.lang.String.replace (0x00007943f746ba88) [0x00007943f746bb80, 0x00007943f746c088] Compiler: c1, Barriers: 2, Oops: 0, ImmediateOops: 0, NonImmediateOops: No
[1,235s][debug][gc,nmethod  ] Register NMethod: java.lang.invoke.MemberName.getMethodType (0x00007943f746c108) [0x00007943f746c200, 0x00007943f746e6f8] Compiler: c1, Barriers: 16, Oops: 1, ImmediateOops: 1, NonImmediateOops: No
[1,235s][debug][gc,nmethod  ] Register NMethod: java.net.URL.getProtocol (0x0000794416bfe708) [0x0000794416bfe800, 0x0000794416bfe8e8] Compiler: c1, Barriers: 1, Oops: 0, ImmediateOops: 0, NonImmediateOops: No
[1,235s][debug][gc,nmethod  ] Register NMethod: java.util.concurrent.ConcurrentHashMap.casTabAt (0x0000794416bfea08) [0x0000794416bfeb00, 0x0000794416bfebd8] Compiler: jvmci, Barriers: 5, Oops: 0, ImmediateOops: 0, NonImmediateOops: No
[1,236s][debug][gc,nmethod  ] Register NMethod: java.util.ArrayDeque.inc (0x00007943f746e708) [0x00007943f746e800, 0x00007943f746e918] Compiler: c1, Barriers: 0, Oops: 0, ImmediateOops: 0, NonImmediateOops: No
[1,236s][debug][gc,nmethod  ] Register NMethod: java.util.ArrayList.add (0x00007943f746ea08) [0x00007943f746eb00, 0x00007943f746efc0] Compiler: c1, Barriers: 3, Oops: 0, ImmediateOops: 0, NonImmediateOops: No
[1,236s][debug][gc,nmethod  ] Register NMethod: java.util.ArrayList.add (0x00007943f746f008) [0x00007943f746f100, 0x00007943f746f670] Compiler: c1, Barriers: 4, Oops: 0, ImmediateOops: 0, NonImmediateOops: No
[1,236s][debug][gc,nmethod  ] Register NMethod: java.lang.StringCoding.countPositives (0x00007943f746f688) [0x00007943f746f780, 0x00007943f746f988] Compiler: c1, Barriers: 0, Oops: 0, ImmediateOops: 0, NonImmediateOops: No
[1,236s][debug][gc,nmethod  ] Register NMethod: java.util.zip.ZipCoder$UTF8ZipCoder.isUTF8 (0x0000794416bfed08) [0x0000794416bfee00, 0x0000794416bfeec0] Compiler: c1, Barriers: 0, Oops: 0, ImmediateOops: 0, NonImmediateOops: No
[1,236s][debug][gc,nmethod  ] Register NMethod: sun.nio.fs.UnixPath.checkNotNul (0x00007943f746fa08) [0x00007943f746fb00, 0x00007943f746fca0] Compiler: c1, Barriers: 0, Oops: 0, ImmediateOops: 1, NonImmediateOops: No
[1,237s][debug][gc,nmethod  ] Register NMethod: java.util.zip.ZipUtils.CENCOM (0x00007943f746fd08) [0x00007943f746fe00, 0x00007943f746ff10] Compiler: c1, Barriers: 0, Oops: 0, ImmediateOops: 0, NonImmediateOops: No
[1,237s][debug][gc,nmethod  ] Register NMethod: java.util.zip.ZipUtils.CENEXT (0x00007943f7470008) [0x00007943f7470100, 0x00007943f7470210] Compiler: c1, Barriers: 0, Oops: 0, ImmediateOops: 0, NonImmediateOops: No
[1,237s][debug][gc,nmethod  ] Register NMethod: java.util.zip.Inflater$InflaterZStreamRef.address (0x0000794416bff008) [0x0000794416bff100, 0x0000794416bff1c0] Compiler: c1, Barriers: 0, Oops: 0, ImmediateOops: 0, NonImmediateOops: No
[1,237s][debug][gc,nmethod  ] Register NMethod: java.util.zip.ZipUtils.CENSIZ (0x00007943f7470308) [0x00007943f7470400, 0x00007943f7470510] Compiler: c1, Barriers: 0, Oops: 0, ImmediateOops: 0, NonImmediateOops: No
[1,237s][debug][gc,nmethod  ] Register NMethod: java.util.zip.ZipUtils.CENHOW (0x00007943f7470608) [0x00007943f7470700, 0x00007943f7470810] Compiler: c1, Barriers: 0, Oops: 0, ImmediateOops: 0, NonImmediateOops: No
[1,237s][debug][gc,nmethod  ] Register NMethod: java.util.zip.ZipUtils.CENNAM (0x00007943f7470908) [0x00007943f7470a00, 0x00007943f7470b10] Compiler: c1, Barriers: 0, Oops: 0, ImmediateOops: 0, NonImmediateOops: No
[1,238s][debug][gc,nmethod  ] Register NMethod: java.util.zip.ZipUtils.CENLEN (0x00007943f7470c08) [0x00007943f7470d00, 0x00007943f7470e10] Compiler: c1, Barriers: 0, Oops: 0, ImmediateOops: 0, NonImmediateOops: No
[1,238s][debug][gc,nmethod  ] Register NMethod: java.util.zip.ZipUtils.CENOFF (0x00007943f7470f08) [0x00007943f7471000, 0x00007943f7471110] Compiler: c1, Barriers: 0, Oops: 0, ImmediateOops: 0, NonImmediateOops: No
[1,238s][debug][gc,nmethod  ] Register NMethod: java.lang.System$1.uncheckedCountPositives (0x00007943f7471208) [0x00007943f7471300, 0x00007943f7471558] Compiler: c1, Barriers: 0, Oops: 0, ImmediateOops: 0, NonImmediateOops: No
[1,238s][debug][gc,nmethod  ] Register NMethod: java.util.zip.ZipUtils.CENFLG (0x00007943f7471588) [0x00007943f7471680, 0x00007943f7471790] Compiler: c1, Barriers: 0, Oops: 0, ImmediateOops: 0, NonImmediateOops: No
[1,238s][debug][gc,nmethod  ] Register NMethod: java.util.zip.ZipFile.zipCoderFor (0x00007943f7471888) [0x00007943f7471980, 0x00007943f7471dd0] Compiler: c1, Barriers: 0, Oops: 0, ImmediateOops: 1, NonImmediateOops: No
[1,238s][debug][gc,nmethod  ] Register NMethod: java.util.zip.ZipUtils.CENSIG (0x00007943f7471e08) [0x00007943f7471f00, 0x00007943f7472010] Compiler: c1, Barriers: 0, Oops: 0, ImmediateOops: 0, NonImmediateOops: No
[1,238s][debug][gc,nmethod  ] Register NMethod: java.util.zip.ZipUtils.CENDSK (0x00007943f7472108) [0x00007943f7472200, 0x00007943f7472310] Compiler: c1, Barriers: 0, Oops: 0, ImmediateOops: 0, NonImmediateOops: No
[1,238s][debug][gc,nmethod  ] Register NMethod: java.util.zip.ZipFile$Source.nextEntryPos (0x00007943f7472408) [0x00007943f7472500, 0x00007943f74727b8] Compiler: c1, Barriers: 2, Oops: 0, ImmediateOops: 0, NonImmediateOops: No
[1,238s][debug][gc,nmethod  ] Register NMethod: java.util.zip.ZipCoder$UTF8ZipCoder.checkedHash (0x00007943f7472808) [0x00007943f7472900, 0x00007943f7472d20] Compiler: c1, Barriers: 0, Oops: 0, ImmediateOops: 2, NonImmediateOops: No
[1,238s][debug][gc,nmethod  ] Register NMethod: java.util.zip.ZipFile$Source.isMetaName (0x00007943f7472d88) [0x00007943f7472e80, 0x00007943f74732e0] Compiler: c1, Barriers: 0, Oops: 0, ImmediateOops: 0, NonImmediateOops: No
[1,238s][debug][gc,nmethod  ] Register NMethod: java.lang.String.endsWith (0x00007943f7473308) [0x00007943f7473400, 0x00007943f7474030] Compiler: c1, Barriers: 2, Oops: 0, ImmediateOops: 0, NonImmediateOops: No
[1,239s][debug][gc,nmethod  ] Register NMethod: java.util.Arrays.copyOf (0x00007943f7474088) [0x00007943f7474180, 0x00007943f7474548] Compiler: c1, Barriers: 0, Oops: 0, ImmediateOops: 0, NonImmediateOops: No
[1,239s][debug][gc,nmethod  ] Register NMethod: java.lang.AbstractStringBuilder.ensureCapacityNewCoder (0x00007943f7474588) [0x00007943f7474680, 0x00007943f7474990] Compiler: c1, Barriers: 0, Oops: 0, ImmediateOops: 0, NonImmediateOops: No
[1,239s][debug][gc,nmethod  ] Register NMethod: java.util.zip.ZipFile$Source.checkAndAddEntry (0x00007943f7474a08) [0x00007943f7474b00, 0x00007943f7476e00] Compiler: c1, Barriers: 3, Oops: 7, ImmediateOops: 8, NonImmediateOops: No
[1,239s][debug][gc,nmethod  ] Register NMethod: java.io.UnixFileSystem.prefixLength (0x00007943f7476e88) [0x00007943f7476f80, 0x00007943f7477518] Compiler: c1, Barriers: 0, Oops: 1, ImmediateOops: 1, NonImmediateOops: No
[1,239s][debug][gc,nmethod  ] Register NMethod: java.util.zip.ZipUtils.get16 (0x0000794416bff308) [0x0000794416bff400, 0x0000794416bff4d8] Compiler: jvmci, Barriers: 0, Oops: 0, ImmediateOops: 0, NonImmediateOops: No
[1,239s][debug][gc,nmethod  ] Register NMethod: java.io.UnixFileSystem.getBooleanAttributes0 (0x0000794416bff608) [0x0000794416bff700, 0x0000794416bff868] Compiler: , Barriers: 0, Oops: 0, ImmediateOops: 0, NonImmediateOops: No
[1,239s][debug][gc,nmethod  ] Register NMethod: java.lang.AbstractStringBuilder.isLatin1 (0x00007943f7477588) [0x00007943f7477680, 0x00007943f7477840] Compiler: c1, Barriers: 0, Oops: 0, ImmediateOops: 0, NonImmediateOops: No
[1,239s][debug][gc,nmethod  ] Register NMethod: java.lang.AbstractStringBuilder.<init> (0x00007943f7477888) [0x00007943f7477980, 0x00007943f7477c08] Compiler: c1, Barriers: 3, Oops: 0, ImmediateOops: 0, NonImmediateOops: No
[1,239s][debug][gc,nmethod  ] Register NMethod: java.lang.ref.Reference.reachabilityFence (0x00007943f7477c88) [0x00007943f7477d80, 0x00007943f7477e60] Compiler: c1, Barriers: 0, Oops: 0, ImmediateOops: 0, NonImmediateOops: No
[1,239s][debug][gc,nmethod  ] Register NMethod: java.io.RandomAccessFile.readBytes0 (0x0000794416bff908) [0x0000794416bffa00, 0x0000794416bffb68] Compiler: , Barriers: 0, Oops: 0, ImmediateOops: 0, NonImmediateOops: No
[1,239s][debug][gc,nmethod  ] Register NMethod: jdk.internal.misc.Unsafe.getShortUnaligned (0x0000794416bffc08) [0x0000794416bffd00, 0x0000794416bffdc0] Compiler: jvmci, Barriers: 0, Oops: 0, ImmediateOops: 0, NonImmediateOops: No
[1,239s][debug][gc,nmethod  ] Register NMethod: java.lang.StringBuilder.toString (0x00007943f7477f88) [0x00007943f7478080, 0x00007943f74784b8] Compiler: c1, Barriers: 0, Oops: 0, ImmediateOops: 1, NonImmediateOops: No
[1,240s][debug][gc,nmethod  ] Register NMethod: java.io.RandomAccessFile.seek0 (0x0000794416bfff08) [0x0000794416c00000, 0x0000794416c00148] Compiler: , Barriers: 0, Oops: 0, ImmediateOops: 0, NonImmediateOops: No
[1,240s][debug][gc,nmethod  ] Register NMethod: java.lang.String.<init> (0x00007943f7478508) [0x00007943f7478600, 0x00007943f7478fa0] Compiler: c1, Barriers: 10, Oops: 0, ImmediateOops: 0, NonImmediateOops: No
[1,240s][debug][gc,nmethod  ] Register NMethod: java.io.File.isInvalid (0x00007943f7479008) [0x00007943f7479100, 0x00007943f74796b0] Compiler: c1, Barriers: 5, Oops: 0, ImmediateOops: 4, NonImmediateOops: No
[1,240s][debug][gc,nmethod  ] Register NMethod: jdk.internal.util.ArraysSupport.newLength (0x00007943f7479708) [0x00007943f7479800, 0x00007943f7479a38] Compiler: c1, Barriers: 0, Oops: 0, ImmediateOops: 0, NonImmediateOops: No
[1,240s][debug][gc,nmethod  ] Register NMethod: jdk.internal.misc.Unsafe.getIntUnaligned (0x0000794416c00208) [0x0000794416c00300, 0x0000794416c003c0] Compiler: jvmci, Barriers: 0, Oops: 0, ImmediateOops: 0, NonImmediateOops: No
[1,241s][debug][gc,nmethod  ] Register NMethod: java.util.zip.ZipUtils.get32 (0x0000794416c00508) [0x0000794416c00600, 0x0000794416c006d0] Compiler: jvmci, Barriers: 0, Oops: 0, ImmediateOops: 0, NonImmediateOops: No
[1,241s][debug][gc,nmethod  ] Register NMethod: java.lang.StringCoding.countPositives (0x0000794416c00808) [0x0000794416c00900, 0x0000794416c00b68] Compiler: jvmci, Barriers: 0, Oops: 0, ImmediateOops: 0, NonImmediateOops: No
[1,241s][debug][gc,nmethod  ] Register NMethod: java.lang.StringBuilder.<init> (0x00007943f7479a88) [0x00007943f7479b80, 0x00007943f7479cb8] Compiler: c1, Barriers: 0, Oops: 0, ImmediateOops: 0, NonImmediateOops: No
[1,241s][debug][gc,nmethod  ] Register NMethod: java.util.zip.ZipFile$Source.getEntryHash (0x00007943f7479d88) [0x00007943f7479e80, 0x00007943f7479fd8] Compiler: c1, Barriers: 1, Oops: 0, ImmediateOops: 0, NonImmediateOops: No
[1,241s][debug][gc,nmethod  ] Register NMethod: java.util.ArrayList.elementData (0x00007943f747a088) [0x00007943f747a180, 0x00007943f747a310] Compiler: c1, Barriers: 2, Oops: 0, ImmediateOops: 0, NonImmediateOops: No
[1,241s][debug][gc,nmethod  ] Register NMethod: java.util.Objects.checkIndex (0x00007943f747a388) [0x00007943f747a480, 0x00007943f747a5b0] Compiler: c1, Barriers: 0, Oops: 0, ImmediateOops: 0, NonImmediateOops: No
[1,241s][debug][gc,nmethod  ] Register NMethod: java.util.ArrayList.get (0x00007943f747a688) [0x00007943f747a780, 0x00007943f747aa28] Compiler: c1, Barriers: 2, Oops: 0, ImmediateOops: 0, NonImmediateOops: No
[1,242s][debug][gc,nmethod  ] Register NMethod: java.util.Objects.checkFromIndexSize (0x00007943f747aa88) [0x00007943f747ab80, 0x00007943f747ad78] Compiler: c1, Barriers: 0, Oops: 0, ImmediateOops: 0, NonImmediateOops: No
[1,242s][debug][gc,nmethod  ] Register NMethod: java.util.zip.ZipFile$Source.getEntryNext (0x00007943f747ad88) [0x00007943f747ae80, 0x00007943f747afd8] Compiler: c1, Barriers: 1, Oops: 0, ImmediateOops: 0, NonImmediateOops: No
[1,242s][debug][gc,nmethod  ] Register NMethod: java.util.HashMap.putVal (0x00007943f747b088) [0x00007943f747b180, 0x00007943f747d510] Compiler: c1, Barriers: 15, Oops: 0, ImmediateOops: 0, NonImmediateOops: No
[1,242s][debug][gc,nmethod  ] Register NMethod: java.util.zip.ZipFile.ensureOpen (0x00007943f747d588) [0x00007943f747d680, 0x00007943f747d950] Compiler: c1, Barriers: 2, Oops: 0, ImmediateOops: 2, NonImmediateOops: No
[1,242s][debug][gc,nmethod  ] Register NMethod: java.lang.ref.Cleaner$1.apply (0x00007943f747d988) [0x00007943f747da80, 0x00007943f747dbb0] Compiler: c1, Barriers: 1, Oops: 0, ImmediateOops: 0, NonImmediateOops: No
[1,242s][debug][gc,nmethod  ] Register NMethod: jdk.internal.ref.CleanerImpl.getCleanerImpl (0x00007943f747dc88) [0x00007943f747dd80, 0x00007943f747e2b8] Compiler: c1, Barriers: 1, Oops: 0, ImmediateOops: 1, NonImmediateOops: No
[1,242s][debug][gc,nmethod  ] Register NMethod: java.lang.ref.Cleaner$1.apply (0x00007943f747e308) [0x00007943f747e400, 0x00007943f747e7b0] Compiler: c1, Barriers: 1, Oops: 0, ImmediateOops: 0, NonImmediateOops: No
[1,242s][debug][gc,nmethod  ] Register NMethod: java.net.URL.getFile (0x0000794416c00b88) [0x0000794416c00c80, 0x0000794416c00d68] Compiler: c1, Barriers: 1, Oops: 0, ImmediateOops: 0, NonImmediateOops: No
[1,243s][debug][gc,director ] Rule Major: Warmup 10%, Used: 12MB, UsedThreshold: 1228MB
[1,243s][debug][gc,nmethod  ] Register NMethod: java.lang.Class.getComponentType (0x0000794416c00e88) [0x0000794416c00f80, 0x0000794416c01068] Compiler: c1, Barriers: 1, Oops: 0, ImmediateOops: 0, NonImmediateOops: No
[1,244s][debug][gc,nmethod  ] Register NMethod: java.lang.ref.Reference.refersTo0 (0x0000794416c01188) [0x0000794416c01280, 0x0000794416c013f0] Compiler: , Barriers: 0, Oops: 0, ImmediateOops: 0, NonImmediateOops: No
[1,245s][debug][gc,nmethod  ] Register NMethod: java.lang.invoke.MethodHandleNatives.resolve (0x0000794416c01488) [0x0000794416c01580, 0x0000794416c018d0] Compiler: , Barriers: 0, Oops: 0, ImmediateOops: 1, NonImmediateOops: No
[1,245s][debug][gc,nmethod  ] Register NMethod: java.lang.ref.WeakReference.<init> (0x00007943f747e808) [0x00007943f747e900, 0x00007943f747ebf0] Compiler: c1, Barriers: 6, Oops: 0, ImmediateOops: 1, NonImmediateOops: No
[1,245s][debug][gc,nmethod  ] Register NMethod: java.lang.invoke.MethodHandle.linkToStatic (0x0000794416c01908) [0x0000794416c01a00, 0x0000794416c01af0] Compiler: , Barriers: 0, Oops: 0, ImmediateOops: 0, NonImmediateOops: No
[1,245s][debug][gc,nmethod  ] Register NMethod: java.lang.invoke.MethodHandles$Lookup.lookupClass (0x0000794416c01c08) [0x0000794416c01d00, 0x0000794416c01de8] Compiler: c1, Barriers: 1, Oops: 0, ImmediateOops: 0, NonImmediateOops: No
[1,245s][debug][gc,nmethod  ] Register NMethod: java.lang.invoke.MethodTypeForm.erasedType (0x0000794416c01f08) [0x0000794416c02000, 0x0000794416c020e8] Compiler: c1, Barriers: 1, Oops: 0, ImmediateOops: 0, NonImmediateOops: No
[1,245s][debug][gc,nmethod  ] Register NMethod: java.lang.invoke.MethodHandle.invokeBasic (0x0000794416c02208) [0x0000794416c02300, 0x0000794416c02598] Compiler: , Barriers: 0, Oops: 0, ImmediateOops: 0, NonImmediateOops: No
[1,245s][debug][gc,nmethod  ] Register NMethod: java.lang.invoke.MemberName.getReferenceKind (0x00007943f747ec08) [0x00007943f747ed00, 0x00007943f747ee10] Compiler: c1, Barriers: 0, Oops: 0, ImmediateOops: 0, NonImmediateOops: No
[1,245s][debug][gc,nmethod  ] Register NMethod: java.lang.Class.isAssignableFrom (0x0000794416c02608) [0x0000794416c02700, 0x0000794416c02870] Compiler: , Barriers: 0, Oops: 0, ImmediateOops: 0, NonImmediateOops: No
[1,245s][debug][gc,nmethod  ] Register NMethod: jdk.internal.classfile.impl.AbstractPoolEntry.hash2 (0x00007943f747ef08) [0x00007943f747f000, 0x00007943f747f100] Compiler: c1, Barriers: 0, Oops: 0, ImmediateOops: 0, NonImmediateOops: No
[1,246s][debug][gc,nmethod  ] Register NMethod: java.util.Arrays.copyOf (0x00007943f747f208) [0x00007943f747f300, 0x00007943f747fb80] Compiler: c1, Barriers: 1, Oops: 0, ImmediateOops: 1, NonImmediateOops: No
[1,246s][debug][gc,nmethod  ] Register NMethod: java.lang.invoke.MethodHandle.type (0x0000794416c02908) [0x0000794416c02a00, 0x0000794416c02ae8] Compiler: c1, Barriers: 1, Oops: 0, ImmediateOops: 0, NonImmediateOops: No
[1,246s][debug][gc,nmethod  ] Register NMethod: jdk.internal.classfile.impl.AbstractPoolEntry.hashCode (0x0000794416c02c08) [0x0000794416c02d00, 0x0000794416c02dc0] Compiler: c1, Barriers: 0, Oops: 0, ImmediateOops: 0, NonImmediateOops: No
[1,246s][debug][gc,nmethod  ] Register NMethod: java.lang.StringCoding.countPositives (0x0000794416c02f08) [0x0000794416c03000, 0x0000794416c03388] Compiler: jvmci, Barriers: 0, Oops: 0, ImmediateOops: 0, NonImmediateOops: No
[1,246s][debug][gc,nmethod  ] Register NMethod: jdk.internal.classfile.impl.RawBytecodeHelper.isStoreIntoLocal (0x00007943f747fb88) [0x00007943f747fc80, 0x00007943f747fdd8] Compiler: c1, Barriers: 0, Oops: 0, ImmediateOops: 0, NonImmediateOops: No
[1,246s][debug][gc,nmethod  ] Register NMethod: java.lang.AbstractStringBuilder.newCapacity (0x00007943f747fe88) [0x00007943f747ff80, 0x00007943f7480318] Compiler: c1, Barriers: 0, Oops: 0, ImmediateOops: 1, NonImmediateOops: No
[1,247s][debug][gc,nmethod  ] Register NMethod: java.lang.System.nanoTime (0x0000794416c03408) [0x0000794416c03500, 0x0000794416c03658] Compiler: , Barriers: 0, Oops: 0, ImmediateOops: 1, NonImmediateOops: No
[1,247s][debug][gc,nmethod  ] Register NMethod: java.lang.ClassLoader.findLoadedClass0 (0x0000794416c03708) [0x0000794416c03800, 0x0000794416c03b30] Compiler: , Barriers: 0, Oops: 0, ImmediateOops: 0, NonImmediateOops: No
[1,247s][debug][gc,nmethod  ] Register NMethod: java.io.RandomAccessFile.readBytes (0x00007943f7480388) [0x00007943f7480480, 0x00007943f74806d8] Compiler: c1, Barriers: 0, Oops: 0, ImmediateOops: 1, NonImmediateOops: No
[1,247s][debug][gc,nmethod  ] Register NMethod: java.io.RandomAccessFile.read (0x00007943f7480708) [0x00007943f7480800, 0x00007943f7480ab8] Compiler: c1, Barriers: 0, Oops: 0, ImmediateOops: 1, NonImmediateOops: No
[1,247s][debug][gc,nmethod  ] Register NMethod: java.security.ProtectionDomain.getCodeSource (0x0000794416c03b88) [0x0000794416c03c80, 0x0000794416c03d68] Compiler: c1, Barriers: 1, Oops: 0, ImmediateOops: 0, NonImmediateOops: No
[1,248s][debug][gc,nmethod  ] Register NMethod: jdk.internal.loader.URLClassPath$JarLoader.ensureOpen (0x00007943f7480b08) [0x00007943f7480c00, 0x00007943f7480e68] Compiler: c1, Barriers: 5, Oops: 0, ImmediateOops: 0, NonImmediateOops: No
[1,248s][debug][gc,nmethod  ] Register NMethod: java.lang.ClassLoader.checkName (0x00007943f7480e88) [0x00007943f7480f80, 0x00007943f7481cc8] Compiler: c1, Barriers: 3, Oops: 1, ImmediateOops: 1, NonImmediateOops: No
[1,248s][debug][gc,nmethod  ] Register NMethod: java.io.RandomAccessFile.seek (0x00007943f7481d08) [0x00007943f7481e00, 0x00007943f7482048] Compiler: c1, Barriers: 0, Oops: 0, ImmediateOops: 1, NonImmediateOops: No
[1,248s][debug][gc,nmethod  ] Register NMethod: java.lang.Integer.intValue (0x0000794416c03e88) [0x0000794416c03f80, 0x0000794416c04040] Compiler: c1, Barriers: 0, Oops: 0, ImmediateOops: 0, NonImmediateOops: No
[1,248s][debug][gc,nmethod  ] Register NMethod: java.util.jar.JarFile.checkForSpecialAttributes (0x00007943f7482088) [0x00007943f7482180, 0x00007943f74836e8] Compiler: c1, Barriers: 10, Oops: 1, ImmediateOops: 8, NonImmediateOops: No
[1,248s][debug][gc,nmethod  ] Register NMethod: java.util.jar.JarFile.checkForSpecialAttributes (0x00007943f7482088) [0x00007943f7482180, 0x00007943f74836e8] Compiler: c1, Barriers: 10, Oops: 1, ImmediateOops: 8, NonImmediateOops: No
[1,249s][debug][gc,nmethod  ] Register NMethod: java.util.jar.JarFile.checkForSpecialAttributes (0x00007943f7482088) [0x00007943f7482180, 0x00007943f74836e8] Compiler: c1, Barriers: 10, Oops: 1, ImmediateOops: 8, NonImmediateOops: No
[1,249s][debug][gc,nmethod  ] Register NMethod: java.util.jar.JarFile.checkForSpecialAttributes (0x00007943f7482088) [0x00007943f7482180, 0x00007943f74836e8] Compiler: c1, Barriers: 10, Oops: 1, ImmediateOops: 8, NonImmediateOops: No
[1,249s][debug][gc,nmethod  ] Register NMethod: java.util.zip.ZipFile$Source.getEntryPos (0x00007943f7483708) [0x00007943f7483800, 0x00007943f74854a8] Compiler: c1, Barriers: 12, Oops: 1, ImmediateOops: 3, NonImmediateOops: No
[1,249s][debug][gc,nmethod  ] Register NMethod: java.util.jar.Attributes$Name.hashCode (0x0000794416c04188) [0x0000794416c04280, 0x0000794416c04340] Compiler: c1, Barriers: 0, Oops: 0, ImmediateOops: 0, NonImmediateOops: No
[1,249s][debug][gc,nmethod  ] Register NMethod: java.util.jar.JarFile.isMultiRelease (0x00007943f7485508) [0x00007943f7485600, 0x00007943f74857f8] Compiler: c1, Barriers: 0, Oops: 0, ImmediateOops: 0, NonImmediateOops: No
[1,249s][debug][gc,nmethod  ] Register NMethod: java.util.LinkedHashMap.removeEldestEntry (0x0000794416c04488) [0x0000794416c04580, 0x0000794416c04640] Compiler: c1, Barriers: 0, Oops: 0, ImmediateOops: 0, NonImmediateOops: No
[1,249s][debug][gc,nmethod  ] Register NMethod: jdk.internal.misc.Unsafe.putLong (0x0000794416c04788) [0x0000794416c04880, 0x0000794416c049d8] Compiler: , Barriers: 0, Oops: 0, ImmediateOops: 0, NonImmediateOops: No
[1,249s][debug][gc,nmethod  ] Register NMethod: java.util.jar.Manifest$FastInputStream.readLine (0x00007943f7485808) [0x00007943f7485900, 0x00007943f7486158] Compiler: c1, Barriers: 1, Oops: 0, ImmediateOops: 0, NonImmediateOops: No
[1,250s][debug][gc,nmethod  ] Register NMethod: java.util.zip.ZipFile.getEntry (0x00007943f7486188) [0x00007943f7486280, 0x00007943f7486848] Compiler: c1, Barriers: 4, Oops: 1, ImmediateOops: 1, NonImmediateOops: No
[1,250s][debug][gc,nmethod  ] Register NMethod: java.nio.Buffer.session (0x00007943f7486888) [0x00007943f7486980, 0x00007943f7486d88] Compiler: c1, Barriers: 1, Oops: 0, ImmediateOops: 0, NonImmediateOops: No
[1,250s][debug][gc,nmethod  ] Register NMethod: java.util.zip.ZipCoder.hash (0x00007943f7486e08) [0x00007943f7486f00, 0x00007943f7487d38] Compiler: c1, Barriers: 1, Oops: 1, ImmediateOops: 1, NonImmediateOops: No
[1,250s][debug][gc,nmethod  ] Register NMethod: java.nio.DirectLongBufferU.ix (0x00007943f7487d88) [0x00007943f7487e80, 0x00007943f7487f90] Compiler: c1, Barriers: 0, Oops: 0, ImmediateOops: 0, NonImmediateOops: No
[1,250s][debug][gc,nmethod  ] Register NMethod: java.nio.Buffer.checkIndex (0x00007943f7488088) [0x00007943f7488180, 0x00007943f74882d0] Compiler: c1, Barriers: 0, Oops: 1, ImmediateOops: 1, NonImmediateOops: No
[1,250s][debug][gc,nmethod  ] Register NMethod: jdk.internal.loader.URLClassPath$JarLoader.getResource (0x00007943f7488388) [0x00007943f7488480, 0x00007943f7488a60] Compiler: c1, Barriers: 1, Oops: 0, ImmediateOops: 0, NonImmediateOops: No
[1,250s][debug][gc,nmethod  ] Register NMethod: java.util.jar.JarFile.getJarEntry (0x00007943f7488a88) [0x00007943f7488b80, 0x00007943f7489428] Compiler: c1, Barriers: 0, Oops: 0, ImmediateOops: 0, NonImmediateOops: No
[1,250s][debug][gc,nmethod  ] Register NMethod: java.util.jar.JarFile.getEntry (0x00007943f7489488) [0x00007943f7489580, 0x00007943f7489cc8] Compiler: c1, Barriers: 0, Oops: 0, ImmediateOops: 0, NonImmediateOops: No
[1,250s][debug][gc,nmethod  ] Register NMethod: java.util.WeakHashMap.maskNull (0x00007943f7489d08) [0x00007943f7489e00, 0x00007943f7489f28] Compiler: c1, Barriers: 0, Oops: 0, ImmediateOops: 1, NonImmediateOops: No
[1,250s][debug][gc,nmethod  ] Register NMethod: java.util.WeakHashMap.hash (0x00007943f748a008) [0x00007943f748a100, 0x00007943f748a428] Compiler: c1, Barriers: 0, Oops: 0, ImmediateOops: 0, NonImmediateOops: No
[1,251s][debug][gc,nmethod  ] Register NMethod: java.util.WeakHashMap.getTable (0x00007943f748a488) [0x00007943f748a580, 0x00007943f748a6f8] Compiler: c1, Barriers: 1, Oops: 0, ImmediateOops: 0, NonImmediateOops: No
[1,251s][debug][gc,nmethod  ] Register NMethod: java.util.WeakHashMap.indexFor (0x00007943f748a788) [0x00007943f748a880, 0x00007943f748a968] Compiler: c1, Barriers: 0, Oops: 0, ImmediateOops: 0, NonImmediateOops: No
[1,251s][debug][gc,nmethod  ] Register NMethod: jdk.internal.loader.URLClassPath.getLoader (0x00007943f748aa88) [0x00007943f748ab80, 0x00007943f748ca48] Compiler: c1, Barriers: 12, Oops: 0, ImmediateOops: 0, NonImmediateOops: No
[1,251s][debug][gc,nmethod  ] Register NMethod: java.lang.Class.getModule (0x0000794416c04a88) [0x0000794416c04b80, 0x0000794416c04c68] Compiler: c1, Barriers: 1, Oops: 0, ImmediateOops: 0, NonImmediateOops: No
[1,251s][debug][gc,nmethod  ] Register NMethod: java.util.WeakHashMap.expungeStaleEntries (0x00007943f748ca88) [0x00007943f748cb80, 0x00007943f748d918] Compiler: c1, Barriers: 14, Oops: 0, ImmediateOops: 0, NonImmediateOops: No
[1,251s][debug][gc,nmethod  ] Register NMethod: java.lang.Class.getPackageName (0x00007943f748d988) [0x00007943f748da80, 0x00007943f748fc88] Compiler: c1, Barriers: 8, Oops: 0, ImmediateOops: 2, NonImmediateOops: No
[1,252s][debug][gc,nmethod  ] Register NMethod: java.util.zip.Inflater.inflateBytesBytes (0x0000794416c04d88) [0x0000794416c04e80, 0x0000794416c05018] Compiler: , Barriers: 0, Oops: 0, ImmediateOops: 0, NonImmediateOops: No
[1,253s][debug][gc,nmethod  ] Register NMethod: java.lang.ClassLoader.findBootstrapClass (0x0000794416c05088) [0x0000794416c05180, 0x0000794416c054b8] Compiler: , Barriers: 0, Oops: 0, ImmediateOops: 1, NonImmediateOops: No
[1,253s][debug][gc,nmethod  ] Register NMethod: java.security.CodeSource.getLocationNoFragString (0x0000794416c05508) [0x0000794416c05600, 0x0000794416c056e8] Compiler: c1, Barriers: 1, Oops: 0, ImmediateOops: 0, NonImmediateOops: No
[1,253s][debug][gc,director ] Rule Major: Warmup 10%, Used: 12MB, UsedThreshold: 1228MB
[1,253s][debug][gc,nmethod  ] Register NMethod: java.lang.Module.getDescriptor (0x0000794416c05808) [0x0000794416c05900, 0x0000794416c059e8] Compiler: c1, Barriers: 1, Oops: 0, ImmediateOops: 0, NonImmediateOops: No
[1,254s][debug][gc,nmethod  ] Register NMethod: java.util.concurrent.CopyOnWriteArrayList.setArray (0x0000794416c05b08) [0x0000794416c05c00, 0x0000794416c05d30] Compiler: c1, Barriers: 3, Oops: 0, ImmediateOops: 0, NonImmediateOops: No
[1,254s][debug][gc,nmethod  ] Register NMethod: java.lang.module.ModuleDescriptor$Provides.providers (0x0000794416c05e08) [0x0000794416c05f00, 0x0000794416c05fe8] Compiler: c1, Barriers: 1, Oops: 0, ImmediateOops: 0, NonImmediateOops: No
[1,254s][debug][gc,nmethod  ] Register NMethod: java.lang.Class.initClassName (0x0000794416c06108) [0x0000794416c06200, 0x0000794416c06520] Compiler: , Barriers: 0, Oops: 0, ImmediateOops: 0, NonImmediateOops: No
[1,254s][debug][gc,nmethod  ] Register NMethod: java.lang.StringBuilder.append (0x00007943f748fd08) [0x00007943f748fe00, 0x00007943f748ff48] Compiler: c1, Barriers: 0, Oops: 0, ImmediateOops: 0, NonImmediateOops: No
[1,254s][debug][gc,nmethod  ] Register NMethod: java.lang.StringLatin1.coderFromChar (0x00007943f7490008) [0x00007943f7490100, 0x00007943f74901f0] Compiler: c1, Barriers: 0, Oops: 0, ImmediateOops: 0, NonImmediateOops: No
[1,254s][debug][gc,nmethod  ] Register NMethod: java.lang.AbstractStringBuilder.append (0x00007943f7490308) [0x00007943f7490400, 0x00007943f74908b8] Compiler: c1, Barriers: 4, Oops: 0, ImmediateOops: 0, NonImmediateOops: No
[1,256s][debug][gc,nmethod  ] Register NMethod: jdk.internal.classfile.impl.StackMapGenerator.processBlock (0x00007943f7490908) [0x00007943f7490a00, 0x00007943f74bfcc8] Compiler: c1, Barriers: 287, Oops: 4, ImmediateOops: 158, NonImmediateOops: No
[1,257s][debug][gc,nmethod  ] Register NMethod: java.nio.DirectByteBuffer.ix (0x00007943f74bfd08) [0x00007943f74bfe00, 0x00007943f74bff08] Compiler: c1, Barriers: 0, Oops: 0, ImmediateOops: 0, NonImmediateOops: No
[1,257s][debug][gc,nmethod  ] Register NMethod: jdk.internal.misc.ScopedMemoryAccess.getByteInternal (0x00007943f74c0008) [0x00007943f74c0100, 0x00007943f74c0350] Compiler: c1, Barriers: 0, Oops: 0, ImmediateOops: 0, NonImmediateOops: No
[1,257s][debug][gc,nmethod  ] Register NMethod: jdk.internal.misc.ScopedMemoryAccess.getByte (0x00007943f74c0388) [0x00007943f74c0480, 0x00007943f74c0798] Compiler: c1, Barriers: 0, Oops: 0, ImmediateOops: 0, NonImmediateOops: No
[1,257s][debug][gc,nmethod  ] Register NMethod: java.nio.DirectByteBuffer.get (0x00007943f74c0808) [0x00007943f74c0900, 0x00007943f74c1700] Compiler: c1, Barriers: 1, Oops: 2, ImmediateOops: 2, NonImmediateOops: No
[1,257s][debug][gc,nmethod  ] Register NMethod: java.lang.ref.Reference.reachabilityFence (0x0000794416c06588) [0x0000794416c06680, 0x0000794416c066e0] Compiler: jvmci, Barriers: 0, Oops: 0, ImmediateOops: 0, NonImmediateOops: No
[1,258s][debug][gc,nmethod  ] Register NMethod: java.lang.invoke.LambdaForm$Name.<init> (0x00007943f74c1788) [0x00007943f74c1880, 0x00007943f74c1be8] Compiler: c1, Barriers: 12, Oops: 0, ImmediateOops: 0, NonImmediateOops: No
[1,258s][debug][gc,nmethod  ] Register NMethod: jdk.internal.constant.MethodTypeDescImpl.parameterCount (0x00007943f74c1c08) [0x00007943f74c1d00, 0x00007943f74c1e38] Compiler: c1, Barriers: 1, Oops: 0, ImmediateOops: 0, NonImmediateOops: No
[1,259s][debug][gc,nmethod  ] Register NMethod: java.lang.Class.desiredAssertionStatus0 (0x0000794416c06888) [0x0000794416c06980, 0x0000794416c06af0] Compiler: , Barriers: 0, Oops: 0, ImmediateOops: 1, NonImmediateOops: No
[1,261s][debug][gc,nmethod  ] Register NMethod: java.io.RandomAccessFile.readFully (0x00007943f74c1f08) [0x00007943f74c2000, 0x00007943f74c24d8] Compiler: c1, Barriers: 0, Oops: 0, ImmediateOops: 1, NonImmediateOops: No
[1,261s][debug][gc,nmethod  ] Register NMethod: jdk.internal.misc.Unsafe.compareAndSetInt (0x0000794416c06b88) [0x0000794416c06c80, 0x0000794416c06df0] Compiler: , Barriers: 0, Oops: 0, ImmediateOops: 0, NonImmediateOops: No
[1,261s][debug][gc,nmethod  ] Register NMethod: java.util.jar.JarFile.getJarEntry (0x00007943f74c2508) [0x00007943f74c2600, 0x00007943f74c2b00] Compiler: c1, Barriers: 0, Oops: 0, ImmediateOops: 0, NonImmediateOops: No
[1,261s][debug][gc,nmethod  ] Register NMethod: java.util.jar.JarFile.getEntry (0x00007943f74c2b08) [0x00007943f74c2c00, 0x00007943f74c3348] Compiler: c1, Barriers: 0, Oops: 0, ImmediateOops: 0, NonImmediateOops: No
[1,261s][debug][gc,nmethod  ] Register NMethod: java.net.URL.getRef (0x0000794416c06e88) [0x0000794416c06f80, 0x0000794416c07068] Compiler: c1, Barriers: 1, Oops: 0, ImmediateOops: 0, NonImmediateOops: No
[1,261s][debug][gc,nmethod  ] Register NMethod: jdk.internal.loader.URLClassPath$JarLoader.getResource (0x00007943f74c3388) [0x00007943f74c3480, 0x00007943f74c3db0] Compiler: c1, Barriers: 1, Oops: 0, ImmediateOops: 0, NonImmediateOops: No
[1,262s][debug][gc,nmethod  ] Register NMethod: java.net.URL.getPath (0x0000794416c07188) [0x0000794416c07280, 0x0000794416c07368] Compiler: c1, Barriers: 1, Oops: 0, ImmediateOops: 0, NonImmediateOops: No
[1,262s][debug][gc,nmethod  ] Register NMethod: java.util.concurrent.ConcurrentHashMap.tabAt (0x0000794416c07488) [0x0000794416c07580, 0x0000794416c07618] Compiler: jvmci, Barriers: 1, Oops: 0, ImmediateOops: 0, NonImmediateOops: No
[1,262s][debug][gc,nmethod  ] Register NMethod: java.lang.CharacterDataLatin1.equalsIgnoreCase (0x00007943f74c3e08) [0x00007943f74c3f00, 0x00007943f74c4198] Compiler: c1, Barriers: 0, Oops: 0, ImmediateOops: 0, NonImmediateOops: No
[1,262s][debug][gc,nmethod  ] Register NMethod: java.net.URL.getPort (0x0000794416c07788) [0x0000794416c07880, 0x0000794416c07940] Compiler: c1, Barriers: 0, Oops: 0, ImmediateOops: 0, NonImmediateOops: No
[1,262s][debug][gc,nmethod  ] Register NMethod: java.net.URL.getQuery (0x0000794416c07a88) [0x0000794416c07b80, 0x0000794416c07c68] Compiler: c1, Barriers: 1, Oops: 0, ImmediateOops: 0, NonImmediateOops: No
[1,262s][debug][gc,nmethod  ] Register NMethod: jdk.internal.util.ArraysSupport.hashCodeOfUnsigned (0x0000794416c07d88) [0x0000794416c07e80, 0x0000794416c07fb0] Compiler: jvmci, Barriers: 0, Oops: 0, ImmediateOops: 0, NonImmediateOops: No
[1,262s][debug][gc,nmethod  ] Register NMethod: java.net.URL.getAuthority (0x0000794416c08088) [0x0000794416c08180, 0x0000794416c08268] Compiler: c1, Barriers: 1, Oops: 0, ImmediateOops: 0, NonImmediateOops: No
[1,262s][debug][gc,nmethod  ] Register NMethod: java.util.zip.Inflater.ensureOpen (0x00007943f74c4208) [0x00007943f74c4300, 0x00007943f74c4588] Compiler: c1, Barriers: 1, Oops: 0, ImmediateOops: 1, NonImmediateOops: No
[1,262s][debug][gc,nmethod  ] Register NMethod: java.util.ArrayDeque.addLast (0x00007943f74c4608) [0x00007943f74c4700, 0x00007943f74c4ce0] Compiler: c1, Barriers: 4, Oops: 0, ImmediateOops: 0, NonImmediateOops: No
[1,263s][debug][gc,nmethod  ] Register NMethod: java.lang.StringLatin1.regionMatchesCI (0x00007943f74c4d08) [0x00007943f74c4e00, 0x00007943f74c50a0] Compiler: c1, Barriers: 0, Oops: 0, ImmediateOops: 0, NonImmediateOops: No
[1,263s][debug][gc,nmethod  ] Register NMethod: java.util.jar.JarFile.checkForSpecialAttributes (0x00007943f74c5108) [0x00007943f74c5200, 0x00007943f74c67e0] Compiler: c1, Barriers: 13, Oops: 1, ImmediateOops: 8, NonImmediateOops: No
[1,263s][debug][gc,nmethod  ] Register NMethod: java.lang.String.regionMatches (0x00007943f74c6808) [0x00007943f74c6900, 0x00007943f74c7cf8] Compiler: c1, Barriers: 2, Oops: 0, ImmediateOops: 0, NonImmediateOops: No
[1,263s][debug][gc,nmethod  ] Register NMethod: java.util.zip.ZipFile$Source.readFullyAt (0x00007943f74c7d08) [0x00007943f74c7e00, 0x00007943f74c8698] Compiler: c1, Barriers: 3, Oops: 0, ImmediateOops: 1, NonImmediateOops: No
[1,263s][debug][gc,nmethod  ] Register NMethod: java.util.concurrent.ConcurrentHashMap.spread (0x0000794416c08388) [0x0000794416c08480, 0x0000794416c084f0] Compiler: jvmci, Barriers: 0, Oops: 0, ImmediateOops: 0, NonImmediateOops: No
[1,263s][debug][gc,nmethod  ] Register NMethod: java.lang.ClassLoader.findLoadedClass (0x00007943f74c8708) [0x00007943f74c8800, 0x00007943f74c89d0] Compiler: c1, Barriers: 0, Oops: 0, ImmediateOops: 0, NonImmediateOops: No
[1,263s][debug][gc,nmethod  ] Register NMethod: java.lang.ClassLoader.getClassLoadingLock (0x00007943f74c8a08) [0x00007943f74c8b00, 0x00007943f74c8fd0] Compiler: c1, Barriers: 1, Oops: 0, ImmediateOops: 0, NonImmediateOops: No
[1,263s][debug][gc,director ] Rule Major: Warmup 10%, Used: 14MB, UsedThreshold: 1228MB
[1,264s][debug][gc,nmethod  ] Register NMethod: java.util.ArrayDeque.add (0x00007943f74c9008) [0x00007943f74c9100, 0x00007943f74c9250] Compiler: c1, Barriers: 0, Oops: 0, ImmediateOops: 0, NonImmediateOops: No
[1,264s][debug][gc,nmethod  ] Register NMethod: java.security.CodeSource.getLocation (0x0000794416c08688) [0x0000794416c08780, 0x0000794416c08868] Compiler: c1, Barriers: 1, Oops: 0, ImmediateOops: 0, NonImmediateOops: No
[1,264s][debug][gc,nmethod  ] Register NMethod: jdk.internal.perf.PerfCounter.get (0x00007943f74c9308) [0x00007943f74c9400, 0x00007943f74c96e0] Compiler: c1, Barriers: 1, Oops: 0, ImmediateOops: 0, NonImmediateOops: No
[1,264s][debug][gc,nmethod  ] Register NMethod: jdk.internal.perf.PerfCounter.add (0x00007943f74c9708) [0x00007943f74c9800, 0x00007943f74c9d60] Compiler: c1, Barriers: 2, Oops: 0, ImmediateOops: 0, NonImmediateOops: No
[1,264s][debug][gc,nmethod  ] Register NMethod: jdk.internal.misc.ScopedMemoryAccess.getLong (0x00007943f74c9d88) [0x00007943f74c9e80, 0x00007943f74ca190] Compiler: c1, Barriers: 0, Oops: 0, ImmediateOops: 0, NonImmediateOops: No
[1,264s][debug][gc,nmethod  ] Register NMethod: java.nio.DirectLongBufferU.get (0x00007943f74ca208) [0x00007943f74ca300, 0x00007943f74cb0f0] Compiler: c1, Barriers: 1, Oops: 2, ImmediateOops: 2, NonImmediateOops: No
[1,264s][debug][gc,nmethod  ] Register NMethod: jdk.internal.misc.ScopedMemoryAccess.getLongInternal (0x00007943f74cb108) [0x00007943f74cb200, 0x00007943f74cb450] Compiler: c1, Barriers: 0, Oops: 0, ImmediateOops: 0, NonImmediateOops: No
[1,264s][debug][gc,nmethod  ] Register NMethod: jdk.internal.misc.ScopedMemoryAccess.putLongInternal (0x00007943f74cb488) [0x00007943f74cb580, 0x00007943f74cb7e0] Compiler: c1, Barriers: 0, Oops: 0, ImmediateOops: 0, NonImmediateOops: No
[1,264s][debug][gc,nmethod  ] Register NMethod: jdk.internal.misc.ScopedMemoryAccess.putLong (0x00007943f74cb808) [0x00007943f74cb900, 0x00007943f74cbc50] Compiler: c1, Barriers: 0, Oops: 0, ImmediateOops: 0, NonImmediateOops: No
[1,265s][debug][gc,nmethod  ] Register NMethod: java.nio.DirectLongBufferU.put (0x00007943f74cbc88) [0x00007943f74cbd80, 0x00007943f74ccbc0] Compiler: c1, Barriers: 1, Oops: 2, ImmediateOops: 2, NonImmediateOops: No
[1,265s][debug][gc,nmethod  ] Register NMethod: jdk.internal.misc.Unsafe.putReferenceRelease (0x0000794416c08988) [0x0000794416c08a80, 0x0000794416c08b70] Compiler: jvmci, Barriers: 3, Oops: 0, ImmediateOops: 0, NonImmediateOops: No
[1,265s][debug][gc,nmethod  ] Register NMethod: java.lang.ClassLoader.loadClass (0x00007943f74ccc08) [0x00007943f74ccd00, 0x00007943f74cd008] Compiler: c1, Barriers: 0, Oops: 0, ImmediateOops: 0, NonImmediateOops: No
[1,265s][debug][gc,nmethod  ] Register NMethod: java.net.URL.isBuiltinStreamHandler (0x00007943f74cd088) [0x00007943f74cd180, 0x00007943f74cd6b0] Compiler: c1, Barriers: 0, Oops: 1, ImmediateOops: 1, NonImmediateOops: No
[1,265s][debug][gc,nmethod  ] Register NMethod: sun.net.util.IPAddressUtil.checkHostString (0x00007943f74cd708) [0x00007943f74cd800, 0x00007943f74cda00] Compiler: c1, Barriers: 0, Oops: 0, ImmediateOops: 0, NonImmediateOops: No
[1,266s][debug][gc,nmethod  ] Register NMethod: java.net.URL.isBuiltinStreamHandler (0x00007943f74cda08) [0x00007943f74cdb00, 0x00007943f74ce9e8] Compiler: c1, Barriers: 3, Oops: 1, ImmediateOops: 2, NonImmediateOops: No
[1,266s][debug][gc,nmethod  ] Register NMethod: java.lang.ref.PhantomReference.clear0 (0x0000794416c08c88) [0x0000794416c08d80, 0x0000794416c08ec8] Compiler: , Barriers: 0, Oops: 0, ImmediateOops: 0, NonImmediateOops: No
[1,266s][debug][gc,nmethod  ] Register NMethod: java.util.Arrays.rangeCheck (0x00007943f74cea08) [0x00007943f74ceb00, 0x00007943f74d00e8] Compiler: c1, Barriers: 0, Oops: 3, ImmediateOops: 4, NonImmediateOops: No
[1,266s][debug][gc,nmethod  ] Register NMethod: java.util.zip.Inflater.reset (0x0000794416c08f88) [0x0000794416c09080, 0x0000794416c091d0] Compiler: , Barriers: 0, Oops: 0, ImmediateOops: 1, NonImmediateOops: No
[1,266s][debug][gc,nmethod  ] Register NMethod: java.io.InputStream.<init> (0x00007943f74d0108) [0x00007943f74d0200, 0x00007943f74d0358] Compiler: c1, Barriers: 0, Oops: 0, ImmediateOops: 0, NonImmediateOops: No
[1,266s][debug][gc,nmethod  ] Register NMethod: java.util.zip.Inflater.hasPendingOutput (0x0000794416c09288) [0x0000794416c09380, 0x0000794416c09440] Compiler: c1, Barriers: 0, Oops: 0, ImmediateOops: 0, NonImmediateOops: No
[1,266s][debug][gc,nmethod  ] Register NMethod: sun.net.util.IPAddressUtil.scan (0x00007943f74d0408) [0x00007943f74d0500, 0x00007943f74d1758] Compiler: c1, Barriers: 3, Oops: 1, ImmediateOops: 2, NonImmediateOops: No
[1,266s][debug][gc,nmethod  ] Register NMethod: java.util.zip.ZipFile$ZipFileInputStream.close (0x00007943f74d1788) [0x00007943f74d1880, 0x00007943f74d1ec8] Compiler: c1, Barriers: 6, Oops: 0, ImmediateOops: 0, NonImmediateOops: No
[1,266s][debug][gc,nmethod  ] Register NMethod: java.util.Collections$SetFromMap.remove (0x00007943f74d1f08) [0x00007943f74d2000, 0x00007943f74d2390] Compiler: c1, Barriers: 1, Oops: 0, ImmediateOops: 0, NonImmediateOops: No
[1,266s][debug][gc,nmethod  ] Register NMethod: java.lang.Throwable.fillInStackTrace (0x0000794416c09588) [0x0000794416c09680, 0x0000794416c099a0] Compiler: , Barriers: 0, Oops: 0, ImmediateOops: 0, NonImmediateOops: No
[1,266s][debug][gc,nmethod  ] Register NMethod: sun.net.util.IPAddressUtil.checkHost (0x00007943f74d2408) [0x00007943f74d2500, 0x00007943f74d72e8] Compiler: c1, Barriers: 7, Oops: 5, ImmediateOops: 13, NonImmediateOops: No
[1,266s][debug][gc,nmethod  ] Register NMethod: java.util.WeakHashMap.remove (0x00007943f74d7388) [0x00007943f74d7480, 0x00007943f74d8890] Compiler: c1, Barriers: 12, Oops: 0, ImmediateOops: 1, NonImmediateOops: No
[1,266s][debug][gc,nmethod  ] Register NMethod: java.lang.StringConcatHelper.checkOverflow (0x00007943f74d8908) [0x00007943f74d8a00, 0x00007943f74d8bd8] Compiler: c1, Barriers: 0, Oops: 0, ImmediateOops: 1, NonImmediateOops: No
[1,267s][debug][gc,nmethod  ] Register NMethod: java.lang.StringConcatHelper.doConcat (0x00007943f74d8c08) [0x00007943f74d8d00, 0x00007943f74daca0] Compiler: c1, Barriers: 6, Oops: 0, ImmediateOops: 4, NonImmediateOops: No
[1,267s][debug][gc,nmethod  ] Register NMethod: java.lang.String.concat (0x00007943f74dad08) [0x00007943f74dae00, 0x00007943f74dd100] Compiler: c1, Barriers: 6, Oops: 0, ImmediateOops: 4, NonImmediateOops: No
[1,267s][debug][gc,nmethod  ] Register NMethod: java.util.jar.JarFile.maybeInstantiateVerifier (0x00007943f74dd108) [0x00007943f74dd200, 0x00007943f74dd6d0] Compiler: c1, Barriers: 1, Oops: 0, ImmediateOops: 1, NonImmediateOops: No
[1,267s][debug][gc,nmethod  ] Register NMethod: java.lang.String.isLatin1 (0x0000794416c09a08) [0x0000794416c09b00, 0x0000794416c09bc0] Compiler: jvmci, Barriers: 0, Oops: 0, ImmediateOops: 0, NonImmediateOops: No
[1,268s][debug][gc,nmethod  ] Register NMethod: java.util.ArrayDeque.elementAt (0x00007943f74dd708) [0x00007943f74dd800, 0x00007943f74dd938] Compiler: c1, Barriers: 1, Oops: 0, ImmediateOops: 0, NonImmediateOops: No
[1,268s][debug][gc,nmethod  ] Register NMethod: java.lang.String.indexOf (0x00007943f74dda08) [0x00007943f74ddb00, 0x00007943f74de4b8] Compiler: c1, Barriers: 2, Oops: 0, ImmediateOops: 0, NonImmediateOops: No
[1,268s][debug][gc,nmethod  ] Register NMethod: jdk.internal.ref.CleanerFactory.cleaner (0x00007943f74de508) [0x00007943f74de600, 0x00007943f74de6e8] Compiler: c1, Barriers: 0, Oops: 0, ImmediateOops: 1, NonImmediateOops: No
[1,268s][debug][gc,nmethod  ] Register NMethod: java.net.URLStreamHandler.getDefaultPort (0x0000794416c09d08) [0x0000794416c09e00, 0x0000794416c09ec0] Compiler: c1, Barriers: 0, Oops: 0, ImmediateOops: 0, NonImmediateOops: No
[1,268s][debug][gc,nmethod  ] Register NMethod: jdk.internal.ref.CleanerImpl$CleanableList.insert (0x00007943f74de808) [0x00007943f74de900, 0x00007943f74df380] Compiler: c1, Barriers: 22, Oops: 0, ImmediateOops: 0, NonImmediateOops: No
[1,268s][debug][gc,nmethod  ] Register NMethod: jdk.internal.ref.PhantomCleanable.<init> (0x00007943f74df388) [0x00007943f74df480, 0x00007943f74e0670] Compiler: c1, Barriers: 13, Oops: 0, ImmediateOops: 3, NonImmediateOops: No
[1,268s][debug][gc,nmethod  ] Register NMethod: java.util.zip.ZipEntry.getSize (0x0000794416c0a008) [0x0000794416c0a100, 0x0000794416c0a1c0] Compiler: c1, Barriers: 0, Oops: 0, ImmediateOops: 0, NonImmediateOops: No
[1,268s][debug][gc,nmethod  ] Register NMethod: java.lang.ref.PhantomReference.<init> (0x00007943f74e0688) [0x00007943f74e0780, 0x00007943f74e0a70] Compiler: c1, Barriers: 6, Oops: 0, ImmediateOops: 1, NonImmediateOops: No
[1,268s][debug][gc,nmethod  ] Register NMethod: java.lang.NamedPackage.module (0x0000794416c0a308) [0x0000794416c0a400, 0x0000794416c0a4e8] Compiler: c1, Barriers: 1, Oops: 0, ImmediateOops: 0, NonImmediateOops: No
[1,269s][debug][gc,nmethod  ] Register NMethod: java.util.zip.InflaterInputStream.ensureOpen (0x00007943f74e0a88) [0x00007943f74e0b80, 0x00007943f74e0d88] Compiler: c1, Barriers: 0, Oops: 0, ImmediateOops: 1, NonImmediateOops: No
[1,269s][debug][gc,nmethod  ] Register NMethod: java.lang.StringLatin1.lastIndexOf (0x0000794416c0a608) [0x0000794416c0a700, 0x0000794416c0a970] Compiler: jvmci, Barriers: 0, Oops: 0, ImmediateOops: 0, NonImmediateOops: No
[1,269s][debug][gc,nmethod  ] Register NMethod: java.util.zip.Inflater.finished (0x00007943f74e0e08) [0x00007943f74e0f00, 0x00007943f74e11b0] Compiler: c1, Barriers: 1, Oops: 0, ImmediateOops: 0, NonImmediateOops: No
[1,269s][debug][gc,nmethod  ] Register NMethod: java.util.LinkedHashMap.get (0x00007943f74e1208) [0x00007943f74e1300, 0x00007943f74e1718] Compiler: c1, Barriers: 1, Oops: 0, ImmediateOops: 0, NonImmediateOops: No
[1,269s][debug][gc,nmethod  ] Register NMethod: java.lang.String.<init> (0x00007943f74e1788) [0x00007943f74e1880, 0x00007943f74e1cb8] Compiler: c1, Barriers: 0, Oops: 1, ImmediateOops: 1, NonImmediateOops: No
[1,270s][debug][gc,nmethod  ] Register NMethod: java.util.zip.InflaterInputStream.read (0x00007943f74e1d08) [0x00007943f74e1e00, 0x00007943f74e2e88] Compiler: c1, Barriers: 7, Oops: 0, ImmediateOops: 2, NonImmediateOops: No
[1,270s][debug][gc,nmethod  ] Register NMethod: java.lang.String.<init> (0x00007943f74e2f08) [0x00007943f74e3000, 0x00007943f74e6e70] Compiler: c1, Barriers: 45, Oops: 1, ImmediateOops: 12, NonImmediateOops: No
[1,271s][debug][gc,nmethod  ] Register NMethod: java.lang.reflect.Array.newArray (0x0000794416c0a988) [0x0000794416c0aa80, 0x0000794416c0adb8] Compiler: , Barriers: 0, Oops: 0, ImmediateOops: 1, NonImmediateOops: No
[1,271s][debug][gc,nmethod  ] Register NMethod: jdk.internal.classfile.impl.AbstractDirectBuilder.setOriginal (0x0000794416c0ae08) [0x0000794416c0af00, 0x0000794416c0b030] Compiler: c1, Barriers: 3, Oops: 0, ImmediateOops: 0, NonImmediateOops: No
[1,271s][debug][gc,nmethod  ] Register NMethod: java.lang.CharacterDataLatin1.getProperties (0x00007943f74e6e88) [0x00007943f74e6f80, 0x00007943f74e70b0] Compiler: c1, Barriers: 0, Oops: 0, ImmediateOops: 1, NonImmediateOops: No
[1,272s][debug][gc,nmethod  ] Register NMethod: java.lang.CharacterData.of (0x00007943f74e7188) [0x00007943f74e7280, 0x00007943f74e79c0] Compiler: c1, Barriers: 7, Oops: 0, ImmediateOops: 1, NonImmediateOops: No
[1,272s][debug][gc,nmethod  ] Register NMethod: java.lang.Integer.numberOfLeadingZeros (0x00007943f74e7a08) [0x00007943f74e7b00, 0x00007943f74e7d80] Compiler: c1, Barriers: 0, Oops: 0, ImmediateOops: 0, NonImmediateOops: No
[1,272s][debug][gc,nmethod  ] Register NMethod: jdk.internal.constant.ClassOrInterfaceDescImpl.ofValidated (0x00007943f74e7d88) [0x00007943f74e7e80, 0x00007943f74e8108] Compiler: c1, Barriers: 3, Oops: 0, ImmediateOops: 0, NonImmediateOops: No
[1,272s][debug][gc,nmethod  ] Register NMethod: jdk.internal.constant.ClassOrInterfaceDescImpl.<init> (0x00007943f74e8188) [0x00007943f74e8280, 0x00007943f74e8450] Compiler: c1, Barriers: 3, Oops: 0, ImmediateOops: 0, NonImmediateOops: No
[1,272s][debug][gc,nmethod  ] Register NMethod: jdk.internal.classfile.impl.DirectMethodBuilder.methodType (0x0000794416c0b108) [0x0000794416c0b200, 0x0000794416c0b2e8] Compiler: c1, Barriers: 1, Oops: 0, ImmediateOops: 0, NonImmediateOops: No
[1,272s][debug][gc,nmethod  ] Register NMethod: jdk.internal.classfile.impl.DirectMethodBuilder.methodFlags (0x0000794416c0b408) [0x0000794416c0b500, 0x0000794416c0b5c0] Compiler: c1, Barriers: 0, Oops: 0, ImmediateOops: 0, NonImmediateOops: No
[1,272s][debug][gc,nmethod  ] Register NMethod: jdk.internal.classfile.impl.SplitConstantPool.utf8Entry (0x00007943f74e8488) [0x00007943f74e8580, 0x00007943f74e8878] Compiler: c1, Barriers: 0, Oops: 0, ImmediateOops: 0, NonImmediateOops: No
[1,273s][debug][gc,nmethod  ] Register NMethod: java.lang.String.toString (0x00007943f74e8888) [0x00007943f74e8980, 0x00007943f74e8a80] Compiler: c1, Barriers: 0, Oops: 0, ImmediateOops: 0, NonImmediateOops: No
[1,273s][debug][gc,nmethod  ] Register NMethod: jdk.internal.classfile.impl.AbstractPoolEntry$Utf8EntryImpl.tag (0x0000794416c0b708) [0x0000794416c0b800, 0x0000794416c0b8c0] Compiler: c1, Barriers: 0, Oops: 0, ImmediateOops: 0, NonImmediateOops: No
[1,273s][debug][gc,nmethod  ] Register NMethod: jdk.internal.classfile.impl.BufWriterImpl.writeU1U2 (0x00007943f74e8b88) [0x00007943f74e8c80, 0x00007943f74e9118] Compiler: c1, Barriers: 2, Oops: 0, ImmediateOops: 0, NonImmediateOops: No
[1,273s][debug][gc,director ] Rule Major: Warmup 10%, Used: 14MB, UsedThreshold: 1228MB
[1,274s][debug][gc,nmethod  ] Register NMethod: java.lang.constant.ClassDesc.isPrimitive (0x0000794416c0ba08) [0x0000794416c0bb00, 0x0000794416c0bbc0] Compiler: c1, Barriers: 0, Oops: 0, ImmediateOops: 0, NonImmediateOops: No
[1,274s][debug][gc,nmethod  ] Register NMethod: java.util.AbstractList.<init> (0x00007943f74e9188) [0x00007943f74e9280, 0x00007943f74e9440] Compiler: c1, Barriers: 0, Oops: 0, ImmediateOops: 0, NonImmediateOops: No
[1,274s][debug][gc,nmethod  ] Register NMethod: java.lang.StringConcatHelper.stringOf (0x00007943f74e9488) [0x00007943f74e9580, 0x00007943f74e98d8] Compiler: c1, Barriers: 0, Oops: 0, ImmediateOops: 1, NonImmediateOops: No
[1,274s][debug][gc,nmethod  ] Register NMethod: jdk.internal.classfile.impl.SplitConstantPool.maybeCloneUtf8Entry (0x00007943f74e9908) [0x00007943f74e9a00, 0x00007943f74eaaa0] Compiler: c1, Barriers: 4, Oops: 0, ImmediateOops: 2, NonImmediateOops: No
[1,274s][debug][gc,nmethod  ] Register NMethod: java.lang.StringConcatHelper.prepend (0x00007943f74eab08) [0x00007943f74eac00, 0x00007943f74ec350] Compiler: c1, Barriers: 3, Oops: 0, ImmediateOops: 0, NonImmediateOops: No
[1,274s][debug][gc,nmethod  ] Register NMethod: java.lang.StringConcatHelper.newArrayWithSuffix (0x00007943f74ec388) [0x00007943f74ec480, 0x00007943f74ed3d0] Compiler: c1, Barriers: 1, Oops: 0, ImmediateOops: 3, NonImmediateOops: No
[1,274s][debug][gc,nmethod  ] Register NMethod: java.lang.StringConcatHelper.concat0 (0x00007943f74ed408) [0x00007943f74ed500, 0x00007943f74ef6e8] Compiler: c1, Barriers: 6, Oops: 0, ImmediateOops: 3, NonImmediateOops: No
[1,274s][debug][gc,nmethod  ] Register NMethod: java.lang.StringConcatHelper.concat (0x00007943f74ef708) [0x00007943f74ef800, 0x00007943f74f1da8] Compiler: c1, Barriers: 6, Oops: 0, ImmediateOops: 6, NonImmediateOops: No
[1,274s][debug][gc,nmethod  ] Register NMethod: jdk.internal.classfile.impl.AbstractElement.<init> (0x00007943f74f1e08) [0x00007943f74f1f00, 0x00007943f74f2058] Compiler: c1, Barriers: 0, Oops: 0, ImmediateOops: 0, NonImmediateOops: No
[1,274s][debug][gc,nmethod  ] Register NMethod: jdk.internal.classfile.impl.AbstractPoolEntry$Utf8EntryImpl.stringValue (0x00007943f74f2108) [0x00007943f74f2200, 0x00007943f74f24f8] Compiler: c1, Barriers: 0, Oops: 0, ImmediateOops: 0, NonImmediateOops: No
[1,275s][debug][gc,nmethod  ] Register NMethod: java.util.Arrays.copyOf (0x00007943f74f2508) [0x00007943f74f2600, 0x00007943f74f2920] Compiler: c1, Barriers: 1, Oops: 0, ImmediateOops: 0, NonImmediateOops: No
[1,275s][debug][gc,nmethod  ] Register NMethod: jdk.internal.classfile.impl.StackMapGenerator$Type.<init> (0x00007943f74f2988) [0x00007943f74f2a80, 0x00007943f74f2cb8] Compiler: c1, Barriers: 3, Oops: 0, ImmediateOops: 0, NonImmediateOops: No
[1,275s][debug][gc,nmethod  ] Register NMethod: jdk.internal.classfile.impl.AbstractPoolEntry$Utf8EntryImpl.toString (0x00007943f74f2d08) [0x00007943f74f2e00, 0x00007943f74f3348] Compiler: c1, Barriers: 11, Oops: 0, ImmediateOops: 5, NonImmediateOops: No
[1,275s][debug][gc,nmethod  ] Register NMethod: jdk.internal.constant.MethodTypeDescImpl.parameterType (0x00007943f74f3388) [0x00007943f74f3480, 0x00007943f74f3608] Compiler: c1, Barriers: 2, Oops: 0, ImmediateOops: 0, NonImmediateOops: No
[1,275s][debug][gc,nmethod  ] Register NMethod: jdk.internal.classfile.impl.AbstractPoolEntry$ClassEntryImpl.hashCode (0x00007943f74f3688) [0x00007943f74f3780, 0x00007943f74f4678] Compiler: c1, Barriers: 4, Oops: 0, ImmediateOops: 2, NonImmediateOops: No
[1,275s][debug][gc,nmethod  ] Register NMethod: sun.invoke.util.VerifyAccess.ensureTypeVisible (0x00007943f74f4688) [0x00007943f74f4780, 0x00007943f74f5910] Compiler: c1, Barriers: 4, Oops: 0, ImmediateOops: 1, NonImmediateOops: No
[1,275s][debug][gc,nmethod  ] Register NMethod: jdk.internal.classfile.impl.SplitConstantPool.findEntry (0x00007943f74f5988) [0x00007943f74f5a80, 0x00007943f74f7188] Compiler: c1, Barriers: 3, Oops: 0, ImmediateOops: 0, NonImmediateOops: No
[1,276s][debug][gc,nmethod  ] Register NMethod: jdk.internal.classfile.impl.BufWriterImpl.writeU1 (0x00007943f74f7208) [0x00007943f74f7300, 0x00007943f74f7748] Compiler: c1, Barriers: 2, Oops: 0, ImmediateOops: 0, NonImmediateOops: No
[1,276s][debug][gc,nmethod  ] Register NMethod: java.lang.invoke.MethodTypeForm.basicType (0x0000794416c0bd08) [0x0000794416c0be00, 0x0000794416c0bee8] Compiler: c1, Barriers: 1, Oops: 0, ImmediateOops: 0, NonImmediateOops: No
[1,276s][debug][gc,nmethod  ] Register NMethod: java.lang.invoke.MethodType.equals (0x00007943f74f7788) [0x00007943f74f7880, 0x00007943f74f8020] Compiler: c1, Barriers: 4, Oops: 0, ImmediateOops: 0, NonImmediateOops: No
[1,276s][debug][gc,nmethod  ] Register NMethod: jdk.internal.classfile.impl.StackMapGenerator$Frame.checkStack (0x00007943f74f8088) [0x00007943f74f8180, 0x00007943f74f8dc8] Compiler: c1, Barriers: 11, Oops: 1, ImmediateOops: 2, NonImmediateOops: No
[1,277s][debug][gc,nmethod  ] Register NMethod: java.lang.reflect.Modifier.isProtected (0x00007943f74f8e08) [0x00007943f74f8f00, 0x00007943f74f9030] Compiler: c1, Barriers: 0, Oops: 0, ImmediateOops: 0, NonImmediateOops: No
[1,277s][debug][gc,nmethod  ] Register NMethod: jdk.internal.classfile.impl.Util.methodTypeSymbol (0x00007943f74f9108) [0x00007943f74f9200, 0x00007943f74fa0c0] Compiler: c1, Barriers: 4, Oops: 0, ImmediateOops: 0, NonImmediateOops: No
[1,277s][debug][gc,nmethod  ] Register NMethod: jdk.internal.classfile.impl.AbstractPoolEntry$Utf8EntryImpl.methodTypeSymbol (0x00007943f74fa108) [0x00007943f74fa200, 0x00007943f74facd0] Compiler: c1, Barriers: 4, Oops: 0, ImmediateOops: 0, NonImmediateOops: No
[1,277s][debug][gc,nmethod  ] Register NMethod: java.lang.Math.max (0x00007943f74fad08) [0x00007943f74fae00, 0x00007943f74faf28] Compiler: c1, Barriers: 0, Oops: 0, ImmediateOops: 0, NonImmediateOops: No
[1,277s][debug][gc,nmethod  ] Register NMethod: jdk.internal.classfile.impl.AbstractPoolEntry$AbstractRefEntry.<init> (0x00007943f74fb008) [0x00007943f74fb100, 0x00007943f74fb658] Compiler: c1, Barriers: 6, Oops: 0, ImmediateOops: 0, NonImmediateOops: No
[1,277s][debug][gc,nmethod  ] Register NMethod: jdk.internal.classfile.impl.AbstractPoolEntry$NameAndTypeEntryImpl.tag (0x0000794416c0c008) [0x0000794416c0c100, 0x0000794416c0c1c0] Compiler: c1, Barriers: 0, Oops: 0, ImmediateOops: 0, NonImmediateOops: No
[1,277s][debug][gc,nmethod  ] Register NMethod: jdk.internal.classfile.impl.Util.parameterSlots (0x00007943f74fb688) [0x00007943f74fb780, 0x00007943f74fbc10] Compiler: c1, Barriers: 3, Oops: 0, ImmediateOops: 2, NonImmediateOops: No
[1,277s][debug][gc,nmethod  ] Register NMethod: jdk.internal.classfile.impl.AbstractPoolEntry$AbstractNamedEntry.<init> (0x00007943f74fbc88) [0x00007943f74fbd80, 0x00007943f74fbeb0] Compiler: c1, Barriers: 0, Oops: 0, ImmediateOops: 0, NonImmediateOops: No
[1,277s][debug][gc,nmethod  ] Register NMethod: jdk.internal.classfile.impl.AbstractPoolEntry$AbstractRefsEntry.<init> (0x00007943f74fbf88) [0x00007943f74fc080, 0x00007943f74fc880] Compiler: c1, Barriers: 9, Oops: 0, ImmediateOops: 0, NonImmediateOops: No
[1,278s][debug][gc,nmethod  ] Register NMethod: java.lang.Class.descriptorString (0x00007943f74fc888) [0x00007943f74fc980, 0x00007943f7504510] Compiler: c1, Barriers: 14, Oops: 3, ImmediateOops: 21, NonImmediateOops: No
[1,278s][debug][gc,nmethod  ] Register NMethod: jdk.internal.classfile.impl.LabelImpl.getBCI (0x0000794416c0c308) [0x0000794416c0c400, 0x0000794416c0c4c0] Compiler: c1, Barriers: 0, Oops: 0, ImmediateOops: 0, NonImmediateOops: No
[1,278s][debug][gc,nmethod  ] Register NMethod: jdk.internal.classfile.impl.LabelImpl.labelContext (0x0000794416c0c608) [0x0000794416c0c700, 0x0000794416c0c7e8] Compiler: c1, Barriers: 1, Oops: 0, ImmediateOops: 0, NonImmediateOops: No
[1,278s][debug][gc,nmethod  ] Register NMethod: jdk.internal.misc.Unsafe.getChar (0x0000794416c0c908) [0x0000794416c0ca00, 0x0000794416c0cb68] Compiler: , Barriers: 0, Oops: 0, ImmediateOops: 0, NonImmediateOops: No
[1,278s][debug][gc,nmethod  ] Register NMethod: java.util.ArrayDeque.poll (0x00007943f7504588) [0x00007943f7504680, 0x00007943f75047c8] Compiler: c1, Barriers: 0, Oops: 0, ImmediateOops: 0, NonImmediateOops: No
[1,278s][debug][gc,nmethod  ] Register NMethod: java.util.ArrayDeque.pollFirst (0x00007943f7504888) [0x00007943f7504980, 0x00007943f7504ee0] Compiler: c1, Barriers: 5, Oops: 0, ImmediateOops: 0, NonImmediateOops: No
[1,278s][debug][gc,nmethod  ] Register NMethod: jdk.internal.classfile.impl.RawBytecodeHelper.getU1Unchecked (0x00007943f7504f08) [0x00007943f7505000, 0x00007943f75051f0] Compiler: c1, Barriers: 2, Oops: 0, ImmediateOops: 0, NonImmediateOops: No
[1,278s][debug][gc,nmethod  ] Register NMethod: jdk.internal.classfile.impl.AbstractPoolEntry$AbstractRefsEntry.writeTo (0x00007943f7505208) [0x00007943f7505300, 0x00007943f7505ca0] Compiler: c1, Barriers: 2, Oops: 0, ImmediateOops: 0, NonImmediateOops: No
[1,279s][debug][gc,nmethod  ] Register NMethod: jdk.internal.classfile.impl.BufWriterImpl.writeU1U2U2 (0x00007943f7505d08) [0x00007943f7505e00, 0x00007943f75062f8] Compiler: c1, Barriers: 2, Oops: 0, ImmediateOops: 0, NonImmediateOops: No
[1,279s][debug][gc,nmethod  ] Register NMethod: java.lang.invoke.MemberName.clone (0x00007943f7506308) [0x00007943f7506400, 0x00007943f7506870] Compiler: c1, Barriers: 0, Oops: 0, ImmediateOops: 0, NonImmediateOops: No
[1,281s][debug][gc,nmethod  ] Register NMethod: java.lang.ref.Reference.refersToImpl (0x00007943f7506888) [0x00007943f7506980, 0x00007943f7506ab8] Compiler: c1, Barriers: 0, Oops: 0, ImmediateOops: 0, NonImmediateOops: No
[1,281s][debug][gc,nmethod  ] Register NMethod: jdk.internal.access.SharedSecrets.javaUtilJarAccess (0x00007943f7506b88) [0x00007943f7506c80, 0x00007943f7507360] Compiler: c1, Barriers: 2, Oops: 1, ImmediateOops: 4, NonImmediateOops: No
[1,282s][debug][gc,nmethod  ] Register NMethod: java.lang.invoke.MethodHandle.linkToStatic (0x0000794416c0cc08) [0x0000794416c0cd00, 0x0000794416c0cdf0] Compiler: , Barriers: 0, Oops: 0, ImmediateOops: 0, NonImmediateOops: No
[1,282s][debug][gc,nmethod  ] Register NMethod: java.lang.invoke.MethodType.checkPtypes (0x00007943f7507388) [0x00007943f7507480, 0x00007943f7508658] Compiler: c1, Barriers: 1, Oops: 2, ImmediateOops: 6, NonImmediateOops: No
[1,283s][debug][gc,director ] Rule Major: Warmup 10%, Used: 14MB, UsedThreshold: 1228MB
[1,284s][debug][gc,nmethod  ] Register NMethod: jdk.internal.ref.CleanerImpl$PhantomCleanableRef.<init> (0x00007943f7508688) [0x00007943f7508780, 0x00007943f7508940] Compiler: c1, Barriers: 3, Oops: 0, ImmediateOops: 0, NonImmediateOops: No
[1,284s][debug][gc,nmethod  ] Register NMethod: java.lang.ref.Cleaner.register (0x00007943f7508988) [0x00007943f7508a80, 0x00007943f7508f98] Compiler: c1, Barriers: 3, Oops: 2, ImmediateOops: 2, NonImmediateOops: No
[1,285s][debug][gc,nmethod  ] Register NMethod: java.nio.Buffer.limit (0x0000794416c0cf08) [0x0000794416c0d000, 0x0000794416c0d0c0] Compiler: c1, Barriers: 0, Oops: 0, ImmediateOops: 0, NonImmediateOops: No
[1,286s][debug][gc,nmethod  ] Register NMethod: java.util.HashMap.getNode (0x0000794416c0d208) [0x0000794416c0d300, 0x0000794416c0dad8] Compiler: jvmci, Barriers: 11, Oops: 0, ImmediateOops: 0, NonImmediateOops: No
[1,287s][debug][gc,nmethod  ] Register NMethod: java.util.Properties$LineReader.readLine (0x00007943f7509008) [0x00007943f7509100, 0x00007943f750cb30] Compiler: c1, Barriers: 14, Oops: 0, ImmediateOops: 0, NonImmediateOops: No
[1,288s][debug][gc,nmethod  ] Register NMethod: java.lang.invoke.MemberName.getModifiers (0x00007943f750cb88) [0x00007943f750cc80, 0x00007943f750cd88] Compiler: c1, Barriers: 0, Oops: 0, ImmediateOops: 0, NonImmediateOops: No
[1,288s][debug][gc,nmethod  ] Register NMethod: sun.invoke.util.VerifyAccess.isSamePackage (0x00007943f750ce88) [0x00007943f750cf80, 0x00007943f750d960] Compiler: c1, Barriers: 2, Oops: 0, ImmediateOops: 0, NonImmediateOops: No
[1,288s][debug][gc,nmethod  ] Register NMethod: jdk.internal.loader.URLClassPath$Loader.getBaseURL (0x0000794416c0db08) [0x0000794416c0dc00, 0x0000794416c0dce8] Compiler: c1, Barriers: 1, Oops: 0, ImmediateOops: 0, NonImmediateOops: No
[1,288s][debug][gc,nmethod  ] Register NMethod: java.lang.ClassLoader.defineClass1 (0x0000794416c0de08) [0x0000794416c0df00, 0x0000794416c0e298] Compiler: , Barriers: 0, Oops: 0, ImmediateOops: 1, NonImmediateOops: No
[1,288s][debug][gc,nmethod  ] Register NMethod: java.util.zip.ZipEntry.getCrc (0x0000794416c0e308) [0x0000794416c0e400, 0x0000794416c0e4c0] Compiler: c1, Barriers: 0, Oops: 0, ImmediateOops: 0, NonImmediateOops: No
[1,288s][debug][gc,nmethod  ] Register NMethod: jdk.internal.perf.PerfCounter.addElapsedTimeFrom (0x00007943f750d988) [0x00007943f750da80, 0x00007943f750dc08] Compiler: c1, Barriers: 0, Oops: 0, ImmediateOops: 0, NonImmediateOops: No
[1,288s][debug][gc,nmethod  ] Register NMethod: jdk.internal.loader.Resource.cachedInputStream (0x00007943f750dc88) [0x00007943f750dd80, 0x00007943f750e3f8] Compiler: c1, Barriers: 8, Oops: 0, ImmediateOops: 0, NonImmediateOops: No
[1,289s][debug][gc,nmethod  ] Register NMethod: java.security.CodeSource.getCertificates (0x00007943f750e408) [0x00007943f750e500, 0x00007943f750f6d8] Compiler: c1, Barriers: 10, Oops: 0, ImmediateOops: 1, NonImmediateOops: No
[1,289s][debug][gc,nmethod  ] Register NMethod: java.lang.invoke.MethodHandle.linkToSpecial (0x0000794416c0e608) [0x0000794416c0e700, 0x0000794416c0e7f8] Compiler: , Barriers: 0, Oops: 0, ImmediateOops: 0, NonImmediateOops: No
[1,289s][debug][gc,nmethod  ] Register NMethod: jdk.internal.classfile.impl.UnboundAttribute.attributeMapper (0x0000794416c0e908) [0x0000794416c0ea00, 0x0000794416c0eae8] Compiler: c1, Barriers: 1, Oops: 0, ImmediateOops: 0, NonImmediateOops: No
[1,289s][debug][gc,nmethod  ] Register NMethod: java.lang.invoke.MemberName.isConstructor (0x00007943f750f708) [0x00007943f750f800, 0x00007943f750f9b8] Compiler: c1, Barriers: 0, Oops: 0, ImmediateOops: 0, NonImmediateOops: No
[1,290s][debug][gc,nmethod  ] Register NMethod: jdk.internal.classfile.impl.SplitConstantPool.classEntry (0x00007943f750fa08) [0x00007943f750fb00, 0x00007943f75117b8] Compiler: c1, Barriers: 4, Oops: 1, ImmediateOops: 2, NonImmediateOops: No
[1,290s][debug][gc,nmethod  ] Register NMethod: java.lang.reflect.Modifier.isPublic (0x00007943f7511808) [0x00007943f7511900, 0x00007943f7511a30] Compiler: c1, Barriers: 0, Oops: 0, ImmediateOops: 0, NonImmediateOops: No
[1,290s][debug][gc,nmethod  ] Register NMethod: java.lang.Class.isInterface (0x00007943f7511b08) [0x00007943f7511c00, 0x00007943f7511db8] Compiler: c1, Barriers: 0, Oops: 0, ImmediateOops: 0, NonImmediateOops: No
[1,290s][debug][gc,nmethod  ] Register NMethod: java.lang.reflect.Modifier.isInterface (0x00007943f7511e08) [0x00007943f7511f00, 0x00007943f7512030] Compiler: c1, Barriers: 0, Oops: 0, ImmediateOops: 0, NonImmediateOops: No
[1,290s][debug][gc,nmethod  ] Register NMethod: jdk.internal.classfile.impl.SplitConstantPool.classEntryForClassOrInterface (0x00007943f7512108) [0x00007943f7512200, 0x00007943f7514790] Compiler: c1, Barriers: 7, Oops: 0, ImmediateOops: 1, NonImmediateOops: No
[1,290s][debug][gc,nmethod  ] Register NMethod: java.lang.invoke.MethodTypeForm.parameterSlotCount (0x0000794416c0ec08) [0x0000794416c0ed00, 0x0000794416c0edc0] Compiler: c1, Barriers: 0, Oops: 0, ImmediateOops: 0, NonImmediateOops: No
[1,290s][debug][gc,nmethod  ] Register NMethod: java.lang.invoke.MethodTypeForm.canonicalizeAll (0x00007943f7514808) [0x00007943f7514900, 0x00007943f75152b8] Compiler: c1, Barriers: 4, Oops: 0, ImmediateOops: 1, NonImmediateOops: No
[1,290s][debug][gc,nmethod  ] Register NMethod: jdk.internal.classfile.impl.SplitConstantPool.tryFindClassOrInterface (0x00007943f7515308) [0x00007943f7515400, 0x00007943f7517fb8] Compiler: c1, Barriers: 12, Oops: 0, ImmediateOops: 0, NonImmediateOops: No
[1,290s][debug][gc,nmethod  ] Register NMethod: jdk.internal.classfile.impl.AbstractDirectBuilder.<init> (0x00007943f7518008) [0x00007943f7518100, 0x00007943f7518550] Compiler: c1, Barriers: 12, Oops: 0, ImmediateOops: 1, NonImmediateOops: No
[1,290s][debug][gc,nmethod  ] Register NMethod: jdk.internal.classfile.impl.AttributeHolder.<init> (0x00007943f7518588) [0x00007943f7518680, 0x00007943f7518860] Compiler: c1, Barriers: 3, Oops: 0, ImmediateOops: 1, NonImmediateOops: No
[1,290s][debug][gc,nmethod  ] Register NMethod: java.util.ArrayList.isEmpty (0x00007943f7518888) [0x00007943f7518980, 0x00007943f7518ad0] Compiler: c1, Barriers: 0, Oops: 0, ImmediateOops: 0, NonImmediateOops: No
[1,290s][debug][gc,nmethod  ] Register NMethod: java.lang.classfile.Opcode.bytecode (0x0000794416c0ef08) [0x0000794416c0f000, 0x0000794416c0f0c0] Compiler: c1, Barriers: 0, Oops: 0, ImmediateOops: 0, NonImmediateOops: No
[1,290s][debug][gc,nmethod  ] Register NMethod: java.lang.invoke.MethodHandles$Lookup.lookupClassOrNull (0x00007943f7518b88) [0x00007943f7518c80, 0x00007943f7518e20] Compiler: c1, Barriers: 1, Oops: 0, ImmediateOops: 0, NonImmediateOops: No
[1,290s][debug][gc,nmethod  ] Register NMethod: jdk.internal.constant.ConstantUtils.referenceClassDesc (0x00007943f7518e88) [0x00007943f7518f80, 0x00007943f7519960] Compiler: c1, Barriers: 2, Oops: 1, ImmediateOops: 2, NonImmediateOops: No
[1,290s][debug][gc,nmethod  ] Register NMethod: jdk.internal.classfile.impl.AttributeHolder.writeTo (0x00007943f7519988) [0x00007943f7519a80, 0x00007943f751a280] Compiler: c1, Barriers: 4, Oops: 0, ImmediateOops: 0, NonImmediateOops: No
[1,291s][debug][gc,nmethod  ] Register NMethod: jdk.internal.util.StrongReferenceKey.equals (0x00007943f751a288) [0x00007943f751a380, 0x00007943f751b008] Compiler: c1, Barriers: 1, Oops: 0, ImmediateOops: 0, NonImmediateOops: No
[1,291s][debug][gc,nmethod  ] Register NMethod: jdk.internal.jimage.ImageStringsReader.unmaskedHashCode (0x00007943f751b088) [0x00007943f751b180, 0x00007943f751c380] Compiler: c1, Barriers: 3, Oops: 1, ImmediateOops: 2, NonImmediateOops: No
[1,291s][debug][gc,nmethod  ] Register NMethod: jdk.internal.jimage.ImageLocation.readValue (0x00007943f751c408) [0x00007943f751c500, 0x00007943f751c9d0] Compiler: c1, Barriers: 0, Oops: 0, ImmediateOops: 1, NonImmediateOops: No
[1,292s][debug][gc,nmethod  ] Register NMethod: java.lang.StringLatin1.indexOf (0x00007943f751ca08) [0x00007943f751cb00, 0x00007943f751cce0] Compiler: c1, Barriers: 0, Oops: 0, ImmediateOops: 0, NonImmediateOops: No
[1,292s][debug][gc,nmethod  ] Register NMethod: java.lang.String.indexOf (0x00007943f751cd08) [0x00007943f751ce00, 0x00007943f751d900] Compiler: c1, Barriers: 6, Oops: 0, ImmediateOops: 0, NonImmediateOops: No
[1,292s][debug][gc,nmethod  ] Register NMethod: java.nio.DirectByteBuffer.ix (0x0000794416c0f208) [0x0000794416c0f300, 0x0000794416c0f388] Compiler: jvmci, Barriers: 0, Oops: 0, ImmediateOops: 0, NonImmediateOops: No
[1,293s][debug][gc,nmethod  ] Register NMethod: worker.org.gradle.internal.stream.EncodedStream$EncodedInput.read (0x0000794416c0f508) [0x0000794416c0f600, 0x0000794416c0fe50] Compiler: jvmci, Barriers: 4, Oops: 1, ImmediateOops: 1, NonImmediateOops: No
[1,294s][debug][gc,director ] Rule Major: Warmup 10%, Used: 16MB, UsedThreshold: 1228MB
[1,295s][debug][gc,nmethod  ] Register NMethod: java.io.FilterInputStream.<init> (0x00007943f751d908) [0x00007943f751da00, 0x00007943f751dc38] Compiler: c1, Barriers: 3, Oops: 0, ImmediateOops: 0, NonImmediateOops: No
[1,295s][debug][gc,nmethod  ] Register NMethod: jdk.internal.misc.Unsafe.putByte (0x0000794416c0fe88) [0x0000794416c0ff80, 0x0000794416c100d8] Compiler: , Barriers: 0, Oops: 0, ImmediateOops: 0, NonImmediateOops: No
[1,295s][debug][gc,nmethod  ] Register NMethod: sun.nio.fs.NativeBuffer.address (0x0000794416c10188) [0x0000794416c10280, 0x0000794416c10340] Compiler: c1, Barriers: 0, Oops: 0, ImmediateOops: 0, NonImmediateOops: No
[1,295s][debug][gc,nmethod  ] Register NMethod: java.io.UnixFileSystem.normalize (0x00007943f751dc88) [0x00007943f751dd80, 0x00007943f751f378] Compiler: c1, Barriers: 2, Oops: 1, ImmediateOops: 3, NonImmediateOops: No
[1,295s][debug][gc,nmethod  ] Register NMethod: java.util.zip.ZipUtils.CENHOW (0x0000794416c10488) [0x0000794416c10580, 0x0000794416c10658] Compiler: jvmci, Barriers: 0, Oops: 0, ImmediateOops: 0, NonImmediateOops: No
[1,296s][debug][gc,nmethod  ] Register NMethod: java.util.zip.ZipFile.zipCoderFor (0x0000794416c10788) [0x0000794416c10880, 0x0000794416c10940] Compiler: jvmci, Barriers: 0, Oops: 0, ImmediateOops: 0, NonImmediateOops: No
[1,297s][debug][gc,nmethod  ] Register NMethod: java.util.zip.ZipCoder$UTF8ZipCoder.checkedHash (0x0000794416c10a88) [0x0000794416c10b80, 0x0000794416c10d90] Compiler: jvmci, Barriers: 0, Oops: 0, ImmediateOops: 0, NonImmediateOops: No
[1,298s][debug][gc,nmethod  ] Register NMethod: sun.nio.fs.UnixPath.checkNotNul (0x0000794416c10e08) [0x0000794416c10f00, 0x0000794416c10f98] Compiler: jvmci, Barriers: 0, Oops: 0, ImmediateOops: 0, NonImmediateOops: No
[1,300s][debug][gc,nmethod  ] Register NMethod: java.lang.StringLatin1.indexOf (0x0000794416c11108) [0x0000794416c11200, 0x0000794416c11758] Compiler: jvmci, Barriers: 0, Oops: 0, ImmediateOops: 0, NonImmediateOops: No
[1,301s][debug][gc,nmethod  ] Register NMethod: java.util.zip.ZipFile$Source.checkAndAddEntry (0x0000794416c11788) [0x0000794416c11880, 0x0000794416c122c8] Compiler: jvmci, Barriers: 3, Oops: 0, ImmediateOops: 0, NonImmediateOops: No
[1,304s][debug][gc,director ] Rule Major: Warmup 10%, Used: 48MB, UsedThreshold: 1228MB
[1,314s][debug][gc,director ] Rule Major: Warmup 10%, Used: 48MB, UsedThreshold: 1228MB
[1,323s][debug][gc,nmethod  ] Register NMethod: java.util.zip.ZipFile$Source.nextEntryPos (0x0000794416c12308) [0x0000794416c12400, 0x0000794416c12550] Compiler: jvmci, Barriers: 1, Oops: 0, ImmediateOops: 0, NonImmediateOops: No
[1,323s][debug][gc,nmethod  ] Register NMethod: java.util.zip.ZipFile$Source.isMetaName (0x0000794416c12608) [0x0000794416c12700, 0x0000794416c12a28] Compiler: jvmci, Barriers: 0, Oops: 0, ImmediateOops: 0, NonImmediateOops: No
[1,324s][debug][gc,director ] Rule Major: Warmup 10%, Used: 48MB, UsedThreshold: 1228MB
[1,325s][debug][gc,nmethod  ] Register NMethod: java.lang.Long.hashCode (0x00007943f751f388) [0x00007943f751f480, 0x00007943f751f570] Compiler: c1, Barriers: 0, Oops: 0, ImmediateOops: 0, NonImmediateOops: No
[1,327s][debug][gc,nmethod  ] Register NMethod: java.io.File.<init> (0x00007943f751f688) [0x00007943f751f780, 0x00007943f7520010] Compiler: c1, Barriers: 6, Oops: 1, ImmediateOops: 2, NonImmediateOops: No
[1,327s][debug][gc,nmethod  ] Register NMethod: java.lang.Thread.currentCarrierThread (0x0000794416c12a88) [0x0000794416c12b80, 0x0000794416c12ea8] Compiler: , Barriers: 0, Oops: 0, ImmediateOops: 1, NonImmediateOops: No
[1,327s][debug][gc,nmethod  ] Register NMethod: java.lang.String.equalsIgnoreCase (0x00007943f7520088) [0x00007943f7520180, 0x00007943f7521308] Compiler: c1, Barriers: 2, Oops: 0, ImmediateOops: 0, NonImmediateOops: No
[1,328s][debug][gc,nmethod  ] Register NMethod: java.lang.Math.max (0x0000794416c12f08) [0x0000794416c13000, 0x0000794416c13068] Compiler: jvmci, Barriers: 0, Oops: 0, ImmediateOops: 0, NonImmediateOops: No
[1,331s][debug][gc,nmethod  ] Register NMethod: java.lang.ref.Reference.refersTo (0x00007943f7521388) [0x00007943f7521480, 0x00007943f7521780] Compiler: c1, Barriers: 0, Oops: 0, ImmediateOops: 0, NonImmediateOops: No
[1,331s][debug][gc,nmethod  ] Register NMethod: java.lang.System$1.uncheckedGetBytesNoRepl (0x00007943f7521788) [0x00007943f7521880, 0x00007943f7522580] Compiler: c1, Barriers: 1, Oops: 0, ImmediateOops: 0, NonImmediateOops: No
[1,331s][debug][gc,nmethod  ] Register NMethod: java.lang.String.isASCII (0x00007943f7522588) [0x00007943f7522680, 0x00007943f75228a0] Compiler: c1, Barriers: 0, Oops: 0, ImmediateOops: 0, NonImmediateOops: No
[1,332s][debug][gc,nmethod  ] Register NMethod: java.lang.String.getBytesNoRepl (0x00007943f7522908) [0x00007943f7522a00, 0x00007943f7523680] Compiler: c1, Barriers: 1, Oops: 0, ImmediateOops: 0, NonImmediateOops: No
[1,332s][debug][gc,nmethod  ] Register NMethod: java.lang.String.getBytesNoRepl1 (0x00007943f7523688) [0x00007943f7523780, 0x00007943f75243d8] Compiler: c1, Barriers: 1, Oops: 0, ImmediateOops: 3, NonImmediateOops: No
[1,332s][debug][gc,nmethod  ] Register NMethod: java.util.jar.JarFile.match (0x00007943f7524408) [0x00007943f7524500, 0x00007943f7524a10] Compiler: c1, Barriers: 0, Oops: 0, ImmediateOops: 0, NonImmediateOops: No
[1,334s][debug][gc,nmethod  ] Register NMethod: java.util.zip.ZipUtils.LOCSIG (0x00007943f7524a88) [0x00007943f7524b80, 0x00007943f7524c98] Compiler: c1, Barriers: 0, Oops: 0, ImmediateOops: 0, NonImmediateOops: No
[1,334s][debug][gc,director ] Rule Major: Warmup 10%, Used: 48MB, UsedThreshold: 1228MB
[1,335s][debug][gc,nmethod  ] Register NMethod: java.lang.Math.abs (0x00007943f7524d88) [0x00007943f7524e80, 0x00007943f7524fd8] Compiler: c1, Barriers: 0, Oops: 0, ImmediateOops: 0, NonImmediateOops: No
[1,339s][debug][gc,nmethod  ] Register NMethod: sun.nio.fs.UnixPath.getFileSystem (0x0000794416c13208) [0x0000794416c13300, 0x0000794416c133e8] Compiler: c1, Barriers: 1, Oops: 0, ImmediateOops: 0, NonImmediateOops: No
[1,340s][debug][gc,nmethod  ] Register NMethod: java.lang.StringLatin1.indexOf (0x0000794416c13508) [0x0000794416c13600, 0x0000794416c138f0] Compiler: jvmci, Barriers: 0, Oops: 0, ImmediateOops: 0, NonImmediateOops: No
[1,342s][debug][gc,nmethod  ] Register NMethod: java.nio.charset.Charset.name (0x0000794416c13908) [0x0000794416c13a00, 0x0000794416c13ae8] Compiler: c1, Barriers: 1, Oops: 0, ImmediateOops: 0, NonImmediateOops: No
[1,344s][debug][gc,nmethod  ] Register NMethod: java.util.zip.ZipFile$Source.isMetaName (0x00007943f7525088) [0x00007943f7525180, 0x00007943f75255e0] Compiler: c1, Barriers: 0, Oops: 0, ImmediateOops: 0, NonImmediateOops: No
[1,344s][debug][gc,director ] Rule Major: Warmup 10%, Used: 48MB, UsedThreshold: 1228MB
[1,345s][debug][gc,nmethod  ] Register NMethod: java.util.jar.Manifest$FastInputStream.readLine (0x00007943f7525608) [0x00007943f7525700, 0x00007943f7525858] Compiler: c1, Barriers: 0, Oops: 0, ImmediateOops: 0, NonImmediateOops: No
[1,347s][debug][gc,nmethod  ] Register NMethod: java.util.zip.ZipFile$Source.checkExtraFields (0x00007943f7525908) [0x00007943f7525a00, 0x00007943f7527090] Compiler: c1, Barriers: 15, Oops: 3, ImmediateOops: 5, NonImmediateOops: No
[1,349s][debug][gc,nmethod  ] Register NMethod: java.util.LinkedHashMap$Entry.<init> (0x00007943f7527108) [0x00007943f7527200, 0x00007943f7527520] Compiler: c1, Barriers: 9, Oops: 0, ImmediateOops: 0, NonImmediateOops: No
[1,349s][debug][gc,nmethod  ] Register NMethod: java.util.LinkedHashMap.afterNodeInsertion (0x00007943f7527588) [0x00007943f7527680, 0x00007943f7527888] Compiler: c1, Barriers: 1, Oops: 0, ImmediateOops: 0, NonImmediateOops: No
[1,349s][debug][gc,nmethod  ] Register NMethod: java.util.LinkedHashMap.newNode (0x00007943f7527908) [0x00007943f7527a00, 0x00007943f7527be8] Compiler: c1, Barriers: 0, Oops: 0, ImmediateOops: 0, NonImmediateOops: No
[1,349s][debug][gc,nmethod  ] Register NMethod: java.util.LinkedHashMap.linkNodeAtEnd (0x00007943f7527c08) [0x00007943f7527d00, 0x00007943f7528338] Compiler: c1, Barriers: 26, Oops: 0, ImmediateOops: 0, NonImmediateOops: No
[1,354s][debug][gc,nmethod  ] Register NMethod: java.util.jar.Manifest$FastInputStream.peek (0x00007943f7528388) [0x00007943f7528480, 0x00007943f75286b0] Compiler: c1, Barriers: 1, Oops: 0, ImmediateOops: 0, NonImmediateOops: No
[1,354s][debug][gc,nmethod  ] Register NMethod: java.lang.StringCoding.countPositives (0x00007943f7528708) [0x00007943f7528800, 0x00007943f7528a08] Compiler: c1, Barriers: 0, Oops: 0, ImmediateOops: 0, NonImmediateOops: No
[1,354s][debug][gc,nmethod  ] Register NMethod: java.util.jar.Attributes$Name.hash (0x00007943f7528a88) [0x00007943f7528b80, 0x00007943f7529f08] Compiler: c1, Barriers: 3, Oops: 2, ImmediateOops: 3, NonImmediateOops: No
[1,354s][debug][gc,director ] Rule Major: Warmup 10%, Used: 50MB, UsedThreshold: 1228MB
[1,355s][debug][gc,nmethod  ] Register NMethod: java.util.HashMap.putIfAbsent (0x0000794416c13c08) [0x0000794416c13d20, 0x0000794416c15500] Compiler: jvmci, Barriers: 59, Oops: 0, ImmediateOops: 0, NonImmediateOops: No
[1,355s][debug][gc,nmethod  ] Register NMethod: java.util.BitSet.wordIndex (0x00007943f7529f88) [0x00007943f752a080, 0x00007943f752a168] Compiler: c1, Barriers: 0, Oops: 0, ImmediateOops: 0, NonImmediateOops: No
[1,355s][debug][gc,nmethod  ] Register NMethod: java.util.zip.ZipFile$Source.isManifestName (0x00007943f752a288) [0x00007943f752a380, 0x00007943f752a888] Compiler: c1, Barriers: 1, Oops: 0, ImmediateOops: 0, NonImmediateOops: No
[1,355s][debug][gc,nmethod  ] Register NMethod: java.util.BitSet.checkInvariants (0x00007943f752a908) [0x00007943f752aa00, 0x00007943f752ab30] Compiler: c1, Barriers: 0, Oops: 0, ImmediateOops: 0, NonImmediateOops: No
[1,355s][debug][gc,nmethod  ] Register NMethod: java.lang.Number.<init> (0x00007943f752ac08) [0x00007943f752ad00, 0x00007943f752ae58] Compiler: c1, Barriers: 0, Oops: 0, ImmediateOops: 0, NonImmediateOops: No
[1,356s][debug][gc,nmethod  ] Register NMethod: java.lang.Integer.<init> (0x00007943f752af08) [0x00007943f752b000, 0x00007943f752b1c0] Compiler: c1, Barriers: 0, Oops: 0, ImmediateOops: 0, NonImmediateOops: No
[1,356s][debug][gc,nmethod  ] Register NMethod: java.lang.Integer.valueOf (0x00007943f752b208) [0x00007943f752b300, 0x00007943f752b618] Compiler: c1, Barriers: 1, Oops: 0, ImmediateOops: 1, NonImmediateOops: No
[1,356s][debug][gc,nmethod  ] Register NMethod: java.util.zip.ZipFile$Source.getMetaVersion (0x00007943f752b688) [0x00007943f752b780, 0x00007943f752be48] Compiler: c1, Barriers: 1, Oops: 0, ImmediateOops: 0, NonImmediateOops: No
[1,356s][debug][gc,nmethod  ] Register NMethod: java.util.BitSet.expandTo (0x00007943f752be88) [0x00007943f752bf80, 0x00007943f752c108] Compiler: c1, Barriers: 0, Oops: 0, ImmediateOops: 0, NonImmediateOops: No
[1,356s][debug][gc,nmethod  ] Register NMethod: java.util.zip.ZipFile$Source.isSignatureRelated (0x00007943f752c188) [0x00007943f752c280, 0x00007943f752c888] Compiler: c1, Barriers: 1, Oops: 0, ImmediateOops: 0, NonImmediateOops: No
[1,356s][debug][gc,nmethod  ] Register NMethod: java.lang.invoke.Invokers$Holder.linkToTargetMethod (0x00007943f752c908) [0x00007943f752ca00, 0x00007943f752cee8] Compiler: c1, Barriers: 0, Oops: 0, ImmediateOops: 0, NonImmediateOops: No
[1,356s][debug][gc,nmethod  ] Register NMethod: java.lang.invoke.LambdaForm$Holder.constant_L (0x00007943f752cf08) [0x00007943f752d000, 0x00007943f752d320] Compiler: c1, Barriers: 1, Oops: 0, ImmediateOops: 0, NonImmediateOops: No
[1,356s][debug][gc,nmethod  ] Register NMethod: jdk.internal.util.DecimalDigits.stringSize (0x00007943f752d388) [0x00007943f752d480, 0x00007943f752d6a8] Compiler: c1, Barriers: 0, Oops: 0, ImmediateOops: 0, NonImmediateOops: No
[1,356s][debug][gc,nmethod  ] Register NMethod: java.lang.Integer.hashCode (0x00007943f752d708) [0x00007943f752d800, 0x00007943f752d958] Compiler: c1, Barriers: 0, Oops: 0, ImmediateOops: 0, NonImmediateOops: No
[1,356s][debug][gc,nmethod  ] Register NMethod: java.lang.Integer.hashCode (0x00007943f752da08) [0x00007943f752db00, 0x00007943f752dbe0] Compiler: c1, Barriers: 0, Oops: 0, ImmediateOops: 0, NonImmediateOops: No
[1,356s][debug][gc,nmethod  ] Register NMethod: java.util.BitSet.initWords (0x00007943f752dd08) [0x00007943f752de00, 0x00007943f752e060] Compiler: c1, Barriers: 3, Oops: 0, ImmediateOops: 0, NonImmediateOops: No
[1,356s][debug][gc,nmethod  ] Register NMethod: java.util.BitSet.<init> (0x00007943f752e088) [0x00007943f752e180, 0x00007943f752e4a8] Compiler: c1, Barriers: 3, Oops: 0, ImmediateOops: 0, NonImmediateOops: No
[1,356s][debug][gc,nmethod  ] Register NMethod: java.util.zip.ZipFile$Source$$Lambda/0x00000000a907b820.apply (0x00007943f752e508) [0x00007943f752e600, 0x00007943f752ec30] Compiler: c1, Barriers: 3, Oops: 0, ImmediateOops: 0, NonImmediateOops: No
[1,356s][debug][gc,nmethod  ] Register NMethod: java.util.BitSet.ensureCapacity (0x00007943f752ec88) [0x00007943f752ed80, 0x00007943f752f040] Compiler: c1, Barriers: 4, Oops: 0, ImmediateOops: 0, NonImmediateOops: No
[1,356s][debug][gc,nmethod  ] Register NMethod: java.util.zip.ZipFile$Source.lambda$initCEN$0 (0x00007943f752f088) [0x00007943f752f180, 0x00007943f752f530] Compiler: c1, Barriers: 3, Oops: 0, ImmediateOops: 0, NonImmediateOops: No
[1,356s][debug][gc,nmethod  ] Register NMethod: java.util.BitSet.set (0x00007943f752f588) [0x00007943f752f680, 0x00007943f75305c8] Compiler: c1, Barriers: 1, Oops: 1, ImmediateOops: 2, NonImmediateOops: No
[1,356s][debug][gc,nmethod  ] Register NMethod: java.util.HashMap.computeIfAbsent (0x00007943f7530608) [0x00007943f7530700, 0x00007943f7532f08] Compiler: c1, Barriers: 11, Oops: 0, ImmediateOops: 0, NonImmediateOops: No
[1,357s][debug][gc,nmethod  ] Register NMethod: java.util.BitSet.wordIndex (0x0000794416c15508) [0x0000794416c15600, 0x0000794416c15668] Compiler: jvmci, Barriers: 0, Oops: 0, ImmediateOops: 0, NonImmediateOops: No
[1,357s][debug][gc,nmethod  ] Register NMethod: java.util.HashMap.hash (0x0000794416c15808) [0x0000794416c15900, 0x0000794416c15af0] Compiler: jvmci, Barriers: 1, Oops: 0, ImmediateOops: 0, NonImmediateOops: No
[1,358s][debug][gc,nmethod  ] Register NMethod: java.util.zip.ZipFile$Source.isMetaName (0x0000794416c15b08) [0x0000794416c15c00, 0x0000794416c15e48] Compiler: jvmci, Barriers: 0, Oops: 0, ImmediateOops: 0, NonImmediateOops: No
[1,359s][debug][gc,nmethod  ] Register NMethod: java.lang.Runtime$Version.feature (0x00007943f7532f88) [0x00007943f7533080, 0x00007943f75337a0] Compiler: c1, Barriers: 1, Oops: 0, ImmediateOops: 0, NonImmediateOops: No
[1,365s][debug][gc,director ] Rule Major: Warmup 10%, Used: 50MB, UsedThreshold: 1228MB
[1,366s][debug][gc,nmethod  ] Register NMethod: java.nio.DirectLongBufferU.ix (0x0000794416c15e88) [0x0000794416c15f80, 0x0000794416c16010] Compiler: jvmci, Barriers: 0, Oops: 0, ImmediateOops: 0, NonImmediateOops: No
[1,366s][debug][gc,nmethod  ] Register NMethod: sun.nio.fs.UnixPath.normalizeAndCheck (0x00007943f7533808) [0x00007943f7533900, 0x00007943f7534bf8] Compiler: c1, Barriers: 3, Oops: 1, ImmediateOops: 3, NonImmediateOops: No
[1,367s][debug][gc,nmethod  ] Register NMethod: java.util.Collections$SetFromMap.add (0x00007943f7534c08) [0x00007943f7534d00, 0x00007943f7535098] Compiler: c1, Barriers: 1, Oops: 0, ImmediateOops: 1, NonImmediateOops: No
[1,368s][debug][gc,nmethod  ] Register NMethod: java.util.Arrays.fill (0x00007943f7535108) [0x00007943f7535200, 0x00007943f7535388] Compiler: c1, Barriers: 0, Oops: 0, ImmediateOops: 0, NonImmediateOops: No
[1,369s][debug][gc,nmethod  ] Register NMethod: java.util.WeakHashMap$Entry.<init> (0x00007943f7535408) [0x00007943f7535500, 0x00007943f7535938] Compiler: c1, Barriers: 12, Oops: 0, ImmediateOops: 1, NonImmediateOops: No
[1,369s][debug][gc,nmethod  ] Register NMethod: java.util.WeakHashMap.put (0x00007943f7535988) [0x00007943f7535a80, 0x00007943f75373c0] Compiler: c1, Barriers: 26, Oops: 0, ImmediateOops: 2, NonImmediateOops: No
[1,370s][debug][gc,nmethod  ] Register NMethod: java.util.zip.ZipFile$Source.initCEN (0x00007943f7537408) [0x00007943f7537500, 0x00007943f753b088] Compiler: c1, Barriers: 39, Oops: 8, ImmediateOops: 13, NonImmediateOops: No
[1,370s][debug][gc,nmethod  ] Register NMethod: java.net.URL.lowerCaseProtocol (0x00007943f753b108) [0x00007943f753b200, 0x00007943f753bfb0] Compiler: c1, Barriers: 2, Oops: 1, ImmediateOops: 8, NonImmediateOops: No
[1,370s][debug][gc,nmethod  ] Register NMethod: java.lang.Thread.terminatingThreadLocals (0x00007943f753c008) [0x00007943f753c100, 0x00007943f753c268] Compiler: c1, Barriers: 2, Oops: 0, ImmediateOops: 0, NonImmediateOops: No
[1,371s][debug][gc,nmethod  ] Register NMethod: java.lang.ThreadLocal.getMap (0x00007943f753c308) [0x00007943f753c400, 0x00007943f753cbf0] Compiler: c1, Barriers: 3, Oops: 0, ImmediateOops: 0, NonImmediateOops: No
[1,371s][debug][gc,nmethod  ] Register NMethod: java.util.zip.Inflater.needsInput (0x00007943f753cc08) [0x00007943f753cd00, 0x00007943f753d328] Compiler: c1, Barriers: 2, Oops: 0, ImmediateOops: 0, NonImmediateOops: No
[1,372s][debug][gc,nmethod  ] Register NMethod: java.lang.System$1.getCarrierThreadLocal (0x00007943f753d388) [0x00007943f753d480, 0x00007943f753d840] Compiler: c1, Barriers: 1, Oops: 0, ImmediateOops: 0, NonImmediateOops: No
[1,372s][debug][gc,nmethod  ] Register NMethod: jdk.internal.misc.CarrierThreadLocal.get (0x00007943f753d888) [0x00007943f753d980, 0x00007943f753dda0] Compiler: c1, Barriers: 1, Oops: 0, ImmediateOops: 1, NonImmediateOops: No
[1,372s][debug][gc,nmethod  ] Register NMethod: java.util.zip.Inflater.inflate (0x00007943f753de08) [0x00007943f753df00, 0x00007943f7540cf0] Compiler: c1, Barriers: 10, Oops: 1, ImmediateOops: 5, NonImmediateOops: No
[1,372s][debug][gc,nmethod  ] Register NMethod: java.lang.ThreadLocal.getCarrierThreadLocal (0x00007943f7540d08) [0x00007943f7540e00, 0x00007943f7540f98] Compiler: c1, Barriers: 1, Oops: 0, ImmediateOops: 0, NonImmediateOops: No
[1,372s][debug][gc,nmethod  ] Register NMethod: java.lang.ThreadLocal.get (0x00007943f7541008) [0x00007943f7541100, 0x00007943f7541548] Compiler: c1, Barriers: 1, Oops: 0, ImmediateOops: 0, NonImmediateOops: No
[1,372s][debug][gc,nmethod  ] Rebuilding NMethod Table: 1024->2048 entries, 717(70%->35%) registered, 0(0%->0%) unregistered
[1,372s][debug][gc,nmethod  ] Register NMethod: java.lang.ThreadLocal$ThreadLocalMap.getEntry (0x00007943f7541588) [0x00007943f7541680, 0x00007943f7541d80] Compiler: c1, Barriers: 2, Oops: 0, ImmediateOops: 0, NonImmediateOops: No
[1,372s][debug][gc,nmethod  ] Register NMethod: java.util.Arrays.mismatch (0x00007943f7541d88) [0x00007943f7541e80, 0x00007943f7542178] Compiler: c1, Barriers: 0, Oops: 0, ImmediateOops: 0, NonImmediateOops: No
[1,372s][debug][gc,nmethod  ] Register NMethod: jdk.internal.ref.PhantomCleanable.clean (0x00007943f7542188) [0x00007943f7542280, 0x00007943f7542aa0] Compiler: c1, Barriers: 1, Oops: 0, ImmediateOops: 0, NonImmediateOops: No
[1,372s][debug][gc,nmethod  ] Register NMethod: java.lang.ref.PhantomReference.clearImpl (0x00007943f7542b08) [0x00007943f7542c00, 0x00007943f7542d30] Compiler: c1, Barriers: 0, Oops: 0, ImmediateOops: 0, NonImmediateOops: No
[1,372s][debug][gc,nmethod  ] Register NMethod: java.lang.ref.Reference.clear (0x00007943f7542e08) [0x00007943f7542f00, 0x00007943f7543200] Compiler: c1, Barriers: 0, Oops: 0, ImmediateOops: 0, NonImmediateOops: No
[1,372s][debug][gc,nmethod  ] Register NMethod: jdk.internal.ref.CleanerImpl$PhantomCleanableRef.performCleanup (0x00007943f7543208) [0x00007943f7543300, 0x00007943f7543640] Compiler: c1, Barriers: 1, Oops: 0, ImmediateOops: 0, NonImmediateOops: No
[1,372s][debug][gc,nmethod  ] Register NMethod: jdk.internal.ref.CleanerImpl$CleanableList.remove (0x00007943f7543688) [0x00007943f7543780, 0x00007943f75445b0] Compiler: c1, Barriers: 30, Oops: 0, ImmediateOops: 0, NonImmediateOops: No
[1,372s][debug][gc,nmethod  ] Register NMethod: java.util.zip.ZipCoder$UTF8ZipCoder.compare (0x00007943f7544608) [0x00007943f7544700, 0x00007943f75457c8] Compiler: c1, Barriers: 1, Oops: 1, ImmediateOops: 2, NonImmediateOops: No
[1,373s][debug][gc,nmethod  ] Register NMethod: java.util.zip.ZipFile.ensureOpenOrZipException (0x00007943f7545808) [0x00007943f7545900, 0x00007943f7545ab8] Compiler: c1, Barriers: 0, Oops: 0, ImmediateOops: 1, NonImmediateOops: No
[1,373s][debug][gc,nmethod  ] Register NMethod: java.util.zip.ZipFile$ZipFileInputStream.<init> (0x00007943f7545b08) [0x00007943f7545c00, 0x00007943f75462e0] Compiler: c1, Barriers: 5, Oops: 0, ImmediateOops: 0, NonImmediateOops: No
[1,373s][debug][gc,nmethod  ] Register NMethod: java.util.zip.ZipUtils.LOCNAM (0x00007943f7546308) [0x00007943f7546400, 0x00007943f7546518] Compiler: c1, Barriers: 0, Oops: 0, ImmediateOops: 0, NonImmediateOops: No
[1,373s][debug][gc,nmethod  ] Register NMethod: java.util.zip.ZipFile$ZipFileInputStream.initDataOffset (0x00007943f7546608) [0x00007943f7546700, 0x00007943f7546d38] Compiler: c1, Barriers: 3, Oops: 0, ImmediateOops: 2, NonImmediateOops: No
[1,373s][debug][gc,nmethod  ] Register NMethod: java.util.zip.ZipFile$ZipFileInputStream.read (0x00007943f7546d88) [0x00007943f7546e80, 0x00007943f75476d0] Compiler: c1, Barriers: 5, Oops: 0, ImmediateOops: 1, NonImmediateOops: No
[1,373s][debug][gc,nmethod  ] Register NMethod: java.util.zip.ZipUtils.LOCEXT (0x00007943f7547708) [0x00007943f7547800, 0x00007943f7547918] Compiler: c1, Barriers: 0, Oops: 0, ImmediateOops: 0, NonImmediateOops: No
[1,373s][debug][gc,nmethod  ] Register NMethod: java.util.zip.ZipFile$Source.readAt (0x00007943f7547a08) [0x00007943f7547b00, 0x00007943f7548240] Compiler: c1, Barriers: 3, Oops: 0, ImmediateOops: 2, NonImmediateOops: No
[1,373s][debug][gc,nmethod  ] Register NMethod: java.util.zip.ZipFile.getInputStream (0x00007943f7548288) [0x00007943f7548380, 0x00007943f75498f8] Compiler: c1, Barriers: 11, Oops: 1, ImmediateOops: 2, NonImmediateOops: No
[1,374s][debug][gc,nmethod  ] Register NMethod: java.util.zip.ZipFile$ZipFileInflaterInputStream.close (0x00007943f7549908) [0x00007943f7549a00, 0x00007943f754ad10] Compiler: c1, Barriers: 10, Oops: 0, ImmediateOops: 0, NonImmediateOops: No
[1,374s][debug][gc,nmethod  ] Register NMethod: java.util.zip.ZipFile$InflaterCleanupAction.<init> (0x00007943f754ad88) [0x00007943f754ae80, 0x00007943f754b0c8] Compiler: c1, Barriers: 6, Oops: 0, ImmediateOops: 0, NonImmediateOops: No
[1,374s][debug][gc,nmethod  ] Register NMethod: jdk.internal.misc.Unsafe.copyMemory0 (0x0000794416c16188) [0x0000794416c16280, 0x0000794416c163f0] Compiler: , Barriers: 0, Oops: 0, ImmediateOops: 0, NonImmediateOops: No
[1,374s][debug][gc,nmethod  ] Register NMethod: java.util.zip.InflaterInputStream.<init> (0x00007943f754b108) [0x00007943f754b200, 0x00007943f754b920] Compiler: c1, Barriers: 12, Oops: 0, ImmediateOops: 1, NonImmediateOops: No
[1,374s][debug][gc,nmethod  ] Register NMethod: java.util.zip.ZipFile$CleanableResource.getInflater (0x00007943f754b988) [0x00007943f754ba80, 0x00007943f754c1b0] Compiler: c1, Barriers: 2, Oops: 0, ImmediateOops: 0, NonImmediateOops: No
[1,374s][debug][gc,nmethod  ] Register NMethod: java.util.zip.ZipFile$ZipFileInflaterInputStream.<init> (0x00007943f754c208) [0x00007943f754c300, 0x00007943f754cb10] Compiler: c1, Barriers: 12, Oops: 1, ImmediateOops: 1, NonImmediateOops: No
[1,374s][debug][gc,nmethod  ] Register NMethod: java.util.zip.ZipFile$ZipFileInflaterInputStream.fill (0x00007943f754cb88) [0x00007943f754cc80, 0x00007943f754d278] Compiler: c1, Barriers: 5, Oops: 0, ImmediateOops: 1, NonImmediateOops: No
[1,374s][debug][gc,nmethod  ] Register NMethod: java.util.zip.ZipFile$InflaterCleanupAction.run (0x00007943f754d288) [0x00007943f754d380, 0x00007943f754d540] Compiler: c1, Barriers: 2, Oops: 0, ImmediateOops: 0, NonImmediateOops: No
[1,374s][debug][gc,nmethod  ] Register NMethod: java.util.zip.Inflater.setInput (0x00007943f754d588) [0x00007943f754d680, 0x00007943f754db70] Compiler: c1, Barriers: 7, Oops: 1, ImmediateOops: 1, NonImmediateOops: No
[1,374s][debug][gc,nmethod  ] Register NMethod: java.util.zip.ZipFile$CleanableResource.releaseInflater (0x00007943f754db88) [0x00007943f754dc80, 0x00007943f754e1d8] Compiler: c1, Barriers: 2, Oops: 0, ImmediateOops: 0, NonImmediateOops: No
[1,374s][debug][gc,nmethod  ] Register NMethod: java.util.zip.Inflater.reset (0x00007943f754e208) [0x00007943f754e300, 0x00007943f754e7c8] Compiler: c1, Barriers: 8, Oops: 0, ImmediateOops: 1, NonImmediateOops: No
[1,374s][debug][gc,nmethod  ] Register NMethod: jdk.internal.misc.Unsafe.checkPointer (0x00007943f754e808) [0x00007943f754e900, 0x00007943f754ec70] Compiler: c1, Barriers: 0, Oops: 0, ImmediateOops: 0, NonImmediateOops: No
[1,374s][debug][gc,nmethod  ] Register NMethod: jdk.internal.misc.Unsafe.checkPrimitivePointer (0x00007943f754ec88) [0x00007943f754ed80, 0x00007943f754f7e8] Compiler: c1, Barriers: 2, Oops: 0, ImmediateOops: 0, NonImmediateOops: No
[1,375s][debug][gc,director ] Rule Major: Warmup 10%, Used: 50MB, UsedThreshold: 1228MB
[1,375s][debug][gc,nmethod  ] Register NMethod: java.util.HashMap.tableSizeFor (0x00007943f754f808) [0x00007943f754f900, 0x00007943f754faf0] Compiler: c1, Barriers: 0, Oops: 0, ImmediateOops: 0, NonImmediateOops: No
[1,375s][debug][gc,nmethod  ] Register NMethod: java.nio.file.attribute.FileTime.<init> (0x00007943f754fb08) [0x00007943f754fc00, 0x00007943f754fe50] Compiler: c1, Barriers: 6, Oops: 0, ImmediateOops: 0, NonImmediateOops: No
[1,375s][debug][gc,nmethod  ] Register NMethod: java.nio.file.attribute.FileTime.from (0x00007943f754fe88) [0x00007943f754ff80, 0x00007943f7550358] Compiler: c1, Barriers: 3, Oops: 1, ImmediateOops: 1, NonImmediateOops: No
[1,376s][debug][gc,nmethod  ] Register NMethod: sun.nio.fs.UnixFileAttributes$UnixAsBasicFileAttributes.lastModifiedTime (0x00007943f7550388) [0x00007943f7550480, 0x00007943f7550668] Compiler: c1, Barriers: 1, Oops: 0, ImmediateOops: 0, NonImmediateOops: No
[1,376s][debug][gc,nmethod  ] Register NMethod: sun.nio.fs.UnixFileAttributes.lastModifiedTime (0x00007943f7550688) [0x00007943f7550780, 0x00007943f75508c0] Compiler: c1, Barriers: 0, Oops: 0, ImmediateOops: 0, NonImmediateOops: No
[1,376s][debug][gc,nmethod  ] Register NMethod: java.lang.Math.addExact (0x00007943f7550988) [0x00007943f7550a80, 0x00007943f7550c70] Compiler: c1, Barriers: 0, Oops: 0, ImmediateOops: 1, NonImmediateOops: No
[1,376s][debug][gc,nmethod  ] Register NMethod: java.lang.Math.multiplyExact (0x00007943f7550c88) [0x00007943f7550d80, 0x00007943f7551220] Compiler: c1, Barriers: 0, Oops: 0, ImmediateOops: 1, NonImmediateOops: No
[1,376s][debug][gc,nmethod  ] Register NMethod: sun.nio.fs.UnixFileAttributes.toFileTime (0x00007943f7551288) [0x00007943f7551380, 0x00007943f7551670] Compiler: c1, Barriers: 0, Oops: 0, ImmediateOops: 3, NonImmediateOops: No
[1,377s][debug][gc,nmethod  ] Register NMethod: java.util.zip.ZipEntry.isCENHeaderValid (0x00007943f7551688) [0x00007943f7551780, 0x00007943f75522a0] Compiler: c1, Barriers: 2, Oops: 0, ImmediateOops: 0, NonImmediateOops: No
[1,378s][debug][gc,nmethod  ] Register NMethod: java.lang.Float.isNaN (0x00007943f7552308) [0x00007943f7552400, 0x00007943f7552550] Compiler: c1, Barriers: 0, Oops: 0, ImmediateOops: 0, NonImmediateOops: No
[1,378s][debug][gc,nmethod  ] Register NMethod: java.net.URL.getDefaultPort (0x00007943f7552608) [0x00007943f7552700, 0x00007943f7552a50] Compiler: c1, Barriers: 1, Oops: 0, ImmediateOops: 0, NonImmediateOops: No
[1,379s][debug][gc,nmethod  ] Register NMethod: sun.nio.fs.UnixFileSystem.provider (0x0000794416c16488) [0x0000794416c16580, 0x0000794416c16668] Compiler: c1, Barriers: 1, Oops: 0, ImmediateOops: 0, NonImmediateOops: No
[1,379s][debug][gc,nmethod  ] Register NMethod: sun.nio.fs.UnixFileSystem.needToResolveAgainstDefaultDirectory (0x0000794416c16788) [0x0000794416c16880, 0x0000794416c16940] Compiler: c1, Barriers: 0, Oops: 0, ImmediateOops: 0, NonImmediateOops: No
[1,379s][debug][gc,nmethod  ] Register NMethod: sun.nio.fs.NativeBuffer.size (0x0000794416c16a88) [0x0000794416c16b80, 0x0000794416c16c40] Compiler: c1, Barriers: 0, Oops: 0, ImmediateOops: 0, NonImmediateOops: No
[1,379s][debug][gc,nmethod  ] Register NMethod: sun.nio.fs.NativeBuffer.owner (0x0000794416c16d88) [0x0000794416c16e80, 0x0000794416c16f68] Compiler: c1, Barriers: 1, Oops: 0, ImmediateOops: 0, NonImmediateOops: No
[1,379s][debug][gc,nmethod  ] Register NMethod: sun.nio.fs.NativeBuffer.setOwner (0x0000794416c17088) [0x0000794416c17180, 0x0000794416c172b0] Compiler: c1, Barriers: 3, Oops: 0, ImmediateOops: 0, NonImmediateOops: No
[1,380s][debug][gc,nmethod  ] Register NMethod: java.io.ByteArrayOutputStream.ensureCapacity (0x00007943f7552a88) [0x00007943f7552b80, 0x00007943f7552f48] Compiler: c1, Barriers: 4, Oops: 0, ImmediateOops: 0, NonImmediateOops: No
[1,380s][debug][gc,nmethod  ] Register NMethod: sun.nio.fs.UnixNativeDispatcher.stat0 (0x0000794416c17388) [0x0000794416c17480, 0x0000794416c175f0] Compiler: , Barriers: 0, Oops: 0, ImmediateOops: 1, NonImmediateOops: No
[1,380s][debug][gc,nmethod  ] Register NMethod: java.io.ByteArrayOutputStream.write (0x00007943f7552f88) [0x00007943f7553080, 0x00007943f75535c0] Compiler: c1, Barriers: 1, Oops: 0, ImmediateOops: 0, NonImmediateOops: No
[1,380s][debug][gc,nmethod  ] Register NMethod: sun.net.www.protocol.jar.Handler.checkNestedProtocol (0x00007943f7553608) [0x00007943f7553700, 0x00007943f7553a88] Compiler: c1, Barriers: 0, Oops: 0, ImmediateOops: 2, NonImmediateOops: No
[1,380s][debug][gc,nmethod  ] Register NMethod: java.util.jar.Attributes.put (0x00007943f7553b08) [0x00007943f7553c00, 0x00007943f7554348] Compiler: c1, Barriers: 1, Oops: 0, ImmediateOops: 0, NonImmediateOops: No
[1,380s][debug][gc,nmethod  ] Register NMethod: java.net.URL.toString (0x00007943f7554388) [0x00007943f7554480, 0x00007943f75549d0] Compiler: c1, Barriers: 1, Oops: 0, ImmediateOops: 0, NonImmediateOops: No
[1,380s][debug][gc,nmethod  ] Register NMethod: java.net.URL.toExternalForm (0x00007943f7554a08) [0x00007943f7554b00, 0x00007943f7554e38] Compiler: c1, Barriers: 1, Oops: 0, ImmediateOops: 0, NonImmediateOops: No
[1,380s][debug][gc,nmethod  ] Register NMethod: java.util.zip.ZipCoder.charset (0x0000794416c17688) [0x0000794416c17780, 0x0000794416c17868] Compiler: c1, Barriers: 1, Oops: 0, ImmediateOops: 0, NonImmediateOops: No
[1,380s][debug][gc,nmethod  ] Register NMethod: java.util.jar.Attributes$Name.of (0x00007943f7554e88) [0x00007943f7554f80, 0x00007943f75557e0] Compiler: c1, Barriers: 4, Oops: 1, ImmediateOops: 3, NonImmediateOops: No
[1,380s][debug][gc,nmethod  ] Register NMethod: java.util.jar.Attributes.putValue (0x00007943f7555808) [0x00007943f7555900, 0x00007943f7556798] Compiler: c1, Barriers: 4, Oops: 0, ImmediateOops: 1, NonImmediateOops: No
[1,381s][debug][gc,nmethod  ] Register NMethod: sun.nio.fs.UnixFileAttributes$UnixAsBasicFileAttributes.fileKey (0x00007943f7556808) [0x00007943f7556900, 0x00007943f7556a88] Compiler: c1, Barriers: 1, Oops: 0, ImmediateOops: 0, NonImmediateOops: No
[1,381s][debug][gc,nmethod  ] Register NMethod: sun.nio.fs.UnixFileAttributes.fileKey (0x00007943f7556b08) [0x00007943f7556c00, 0x00007943f7557138] Compiler: c1, Barriers: 6, Oops: 0, ImmediateOops: 0, NonImmediateOops: No
[1,381s][debug][gc,nmethod  ] Register NMethod: java.io.RandomAccessFile.open0 (0x0000794416c17988) [0x0000794416c17a80, 0x0000794416c17bd8] Compiler: , Barriers: 0, Oops: 0, ImmediateOops: 0, NonImmediateOops: No
[1,381s][debug][gc,nmethod  ] Register NMethod: java.io.RandomAccessFile.length0 (0x0000794416c17c88) [0x0000794416c17d80, 0x0000794416c17ed8] Compiler: , Barriers: 0, Oops: 0, ImmediateOops: 0, NonImmediateOops: No
[1,381s][debug][gc,nmethod  ] Register NMethod: java.net.URLStreamHandler.toExternalForm (0x00007943f7557188) [0x00007943f7557280, 0x00007943f755b6c0] Compiler: c1, Barriers: 6, Oops: 1, ImmediateOops: 9, NonImmediateOops: No
[1,381s][debug][gc,nmethod  ] Register NMethod: jdk.internal.loader.FileURLMapper.getPath (0x00007943f755b708) [0x00007943f755b800, 0x00007943f755c5d8] Compiler: c1, Barriers: 14, Oops: 0, ImmediateOops: 1, NonImmediateOops: No
[1,381s][debug][gc,nmethod  ] Register NMethod: java.util.concurrent.TimeUnit.toMillis (0x00007943f755c608) [0x00007943f755c700, 0x00007943f755c9b8] Compiler: c1, Barriers: 0, Oops: 0, ImmediateOops: 0, NonImmediateOops: No
[1,381s][debug][gc,nmethod  ] Register NMethod: sun.nio.fs.UnixFileKey.hashCode (0x00007943f755ca08) [0x00007943f755cb00, 0x00007943f755cc80] Compiler: c1, Barriers: 0, Oops: 0, ImmediateOops: 0, NonImmediateOops: No
[1,381s][debug][gc,nmethod  ] Register NMethod: java.nio.charset.Charset.hashCode (0x00007943f755cd08) [0x00007943f755ce00, 0x00007943f755d300] Compiler: c1, Barriers: 1, Oops: 0, ImmediateOops: 0, NonImmediateOops: No
[1,381s][debug][gc,nmethod  ] Register NMethod: java.nio.file.attribute.FileTime.toMillis (0x00007943f755d308) [0x00007943f755d400, 0x00007943f755dac8] Compiler: c1, Barriers: 3, Oops: 0, ImmediateOops: 0, NonImmediateOops: No
[1,381s][debug][gc,nmethod  ] Register NMethod: java.util.zip.ZipFile$Source$Key.hashCode (0x00007943f755db08) [0x00007943f755dc00, 0x00007943f755eff8] Compiler: c1, Barriers: 6, Oops: 0, ImmediateOops: 1, NonImmediateOops: No
[1,381s][debug][gc,nmethod  ] Register NMethod: java.util.jar.JarFile$JarFileEntry.<init> (0x00007943f755f008) [0x00007943f755f100, 0x00007943f755f4f0] Compiler: c1, Barriers: 6, Oops: 0, ImmediateOops: 0, NonImmediateOops: No
[1,381s][debug][gc,nmethod  ] Register NMethod: java.util.jar.JarEntry.<init> (0x00007943f755f508) [0x00007943f755f600, 0x00007943f755f730] Compiler: c1, Barriers: 0, Oops: 0, ImmediateOops: 0, NonImmediateOops: No
[1,381s][debug][gc,nmethod  ] Register NMethod: java.util.zip.ZipUtils.CENTIM (0x00007943f755f808) [0x00007943f755f900, 0x00007943f755fa10] Compiler: c1, Barriers: 0, Oops: 0, ImmediateOops: 0, NonImmediateOops: No
[1,382s][debug][gc,nmethod  ] Register NMethod: java.util.jar.JavaUtilJarAccessImpl.entryFor (0x00007943f755fb08) [0x00007943f755fc00, 0x00007943f75602e8] Compiler: c1, Barriers: 6, Oops: 0, ImmediateOops: 0, NonImmediateOops: No
[1,382s][debug][gc,nmethod  ] Register NMethod: java.util.jar.JarFile.entryFor (0x00007943f7560308) [0x00007943f7560400, 0x00007943f75607e8] Compiler: c1, Barriers: 6, Oops: 0, ImmediateOops: 0, NonImmediateOops: No
[1,382s][debug][gc,nmethod  ] Register NMethod: java.util.zip.ZipUtils.CENCRC (0x00007943f7560808) [0x00007943f7560900, 0x00007943f7560a10] Compiler: c1, Barriers: 0, Oops: 0, ImmediateOops: 0, NonImmediateOops: No
[1,382s][debug][gc,nmethod  ] Register NMethod: java.util.zip.ZipEntry.<init> (0x00007943f7560b08) [0x00007943f7560c00, 0x00007943f75610b0] Compiler: c1, Barriers: 3, Oops: 1, ImmediateOops: 2, NonImmediateOops: No
[1,382s][debug][gc,nmethod  ] Register NMethod: java.util.zip.ZipUtils.CENVEM_FA (0x00007943f7561108) [0x00007943f7561200, 0x00007943f7561368] Compiler: c1, Barriers: 0, Oops: 0, ImmediateOops: 0, NonImmediateOops: No
[1,383s][debug][gc,nmethod  ] Register NMethod: java.util.zip.Inflater.init (0x0000794416c17f88) [0x0000794416c18080, 0x0000794416c181e0] Compiler: , Barriers: 0, Oops: 0, ImmediateOops: 1, NonImmediateOops: No
[1,383s][debug][gc,nmethod  ] Register NMethod: java.io.UnixFileSystem.getFileForSysCalls (0x00007943f7561408) [0x00007943f7561500, 0x00007943f7561a40] Compiler: c1, Barriers: 3, Oops: 0, ImmediateOops: 0, NonImmediateOops: No
[1,383s][debug][gc,nmethod  ] Register NMethod: java.io.UnixFileSystem.hasBooleanAttributes (0x00007943f7561a88) [0x00007943f7561b80, 0x00007943f7562708] Compiler: c1, Barriers: 3, Oops: 1, ImmediateOops: 1, NonImmediateOops: No
[1,385s][debug][gc,director ] Rule Major: Warmup 10%, Used: 52MB, UsedThreshold: 1228MB
[1,388s][debug][gc,nmethod  ] Register NMethod: java.lang.invoke.MemberName.isResolved (0x00007943f7562788) [0x00007943f7562880, 0x00007943f7562a00] Compiler: c1, Barriers: 1, Oops: 0, ImmediateOops: 0, NonImmediateOops: No
[1,388s][debug][gc,nmethod  ] Register NMethod: java.lang.Class.cast (0x00007943f7562a88) [0x00007943f7562b80, 0x00007943f7562fd8] Compiler: c1, Barriers: 0, Oops: 0, ImmediateOops: 0, NonImmediateOops: No
[1,389s][debug][gc,nmethod  ] Register NMethod: jdk.internal.util.WeakReferenceKey.<init> (0x00007943f7563008) [0x00007943f7563100, 0x00007943f7563708] Compiler: c1, Barriers: 6, Oops: 0, ImmediateOops: 1, NonImmediateOops: No
[1,389s][debug][gc,nmethod  ] Register NMethod: jdk.internal.util.ReferencedKeyMap.entryKey (0x00007943f7563788) [0x00007943f7563880, 0x00007943f7564098] Compiler: c1, Barriers: 8, Oops: 0, ImmediateOops: 1, NonImmediateOops: No
[1,389s][debug][gc,nmethod  ] Register NMethod: java.lang.Math.min (0x00007943f7564108) [0x00007943f7564200, 0x00007943f7564328] Compiler: c1, Barriers: 0, Oops: 0, ImmediateOops: 0, NonImmediateOops: No
[1,389s][debug][gc,nmethod  ] Register NMethod: java.lang.StringUTF16.compress (0x00007943f7564408) [0x00007943f7564500, 0x00007943f7564730] Compiler: c1, Barriers: 0, Oops: 0, ImmediateOops: 0, NonImmediateOops: No
[1,389s][debug][gc,nmethod  ] Register NMethod: java.util.jar.Attributes.get (0x00007943f7564788) [0x00007943f7564880, 0x00007943f7564bc0] Compiler: c1, Barriers: 1, Oops: 0, ImmediateOops: 0, NonImmediateOops: No
[1,389s][debug][gc,nmethod  ] Register NMethod: java.util.jar.Attributes.getValue (0x00007943f7564c08) [0x00007943f7564d00, 0x00007943f75652a0] Compiler: c1, Barriers: 1, Oops: 0, ImmediateOops: 0, NonImmediateOops: No
[1,390s][debug][gc,nmethod  ] Register NMethod: java.util.jar.Manifest$FastInputStream.readLine (0x0000794416c18288) [0x0000794416c18380, 0x0000794416c18cc8] Compiler: jvmci, Barriers: 3, Oops: 0, ImmediateOops: 0, NonImmediateOops: No
[1,391s][debug][gc,nmethod  ] Register NMethod: jdk.internal.perf.PerfCounter.increment (0x00007943f7565308) [0x00007943f7565400, 0x00007943f7565548] Compiler: c1, Barriers: 0, Oops: 0, ImmediateOops: 0, NonImmediateOops: No
[1,391s][debug][gc,nmethod  ] Register NMethod: jdk.internal.loader.BuiltinClassLoader.loadClassOrNull (0x00007943f7565608) [0x00007943f7565700, 0x00007943f7565a08] Compiler: c1, Barriers: 0, Oops: 0, ImmediateOops: 0, NonImmediateOops: No
[1,391s][debug][gc,nmethod  ] Register NMethod: jdk.internal.loader.BuiltinClassLoader.findLoadedModule (0x00007943f7565a88) [0x00007943f7565b80, 0x00007943f7566d40] Compiler: c1, Barriers: 1, Oops: 0, ImmediateOops: 1, NonImmediateOops: No
[1,392s][debug][gc,nmethod  ] Register NMethod: jdk.internal.loader.BuiltinClassLoader.loadClassOrNull (0x00007943f7566d88) [0x00007943f7566e80, 0x00007943f7568918] Compiler: c1, Barriers: 3, Oops: 0, ImmediateOops: 2, NonImmediateOops: No
[1,392s][debug][gc,nmethod  ] Register NMethod: java.lang.invoke.MethodHandles$Lookup.previousLookupClass (0x0000794416c18d08) [0x0000794416c18e00, 0x0000794416c18ee8] Compiler: c1, Barriers: 1, Oops: 0, ImmediateOops: 0, NonImmediateOops: No
[1,392s][debug][gc,nmethod  ] Register NMethod: jdk.internal.classfile.impl.StackMapGenerator$Frame.pushStack (0x00007943f7568988) [0x00007943f7568a80, 0x00007943f7568ee0] Compiler: c1, Barriers: 4, Oops: 0, ImmediateOops: 0, NonImmediateOops: No
[1,392s][debug][gc,nmethod  ] Register NMethod: jdk.internal.classfile.impl.StackMapGenerator$Type.referenceType (0x00007943f7568f08) [0x00007943f7569000, 0x00007943f75692d0] Compiler: c1, Barriers: 3, Oops: 0, ImmediateOops: 0, NonImmediateOops: No
[1,392s][debug][gc,nmethod  ] Register NMethod: jdk.internal.classfile.impl.DirectClassBuilder.constantPool (0x00007943f7569308) [0x00007943f7569400, 0x00007943f7569540] Compiler: c1, Barriers: 1, Oops: 0, ImmediateOops: 0, NonImmediateOops: No
[1,392s][debug][gc,nmethod  ] Register NMethod: jdk.internal.classfile.impl.RawBytecodeHelper.getU2Unchecked (0x00007943f7569608) [0x00007943f7569700, 0x00007943f7569a88] Compiler: c1, Barriers: 2, Oops: 0, ImmediateOops: 1, NonImmediateOops: No
[1,392s][debug][gc,nmethod  ] Register NMethod: jdk.internal.classfile.impl.RawBytecodeHelper.getIndexU2 (0x00007943f7569b08) [0x00007943f7569c00, 0x00007943f7569ef8] Compiler: c1, Barriers: 0, Oops: 0, ImmediateOops: 0, NonImmediateOops: No
[1,392s][debug][gc,nmethod  ] Register NMethod: java.lang.invoke.MethodHandle.linkToSpecial (0x0000794416c19008) [0x0000794416c19100, 0x0000794416c191f8] Compiler: , Barriers: 0, Oops: 0, ImmediateOops: 0, NonImmediateOops: No
[1,393s][debug][gc,nmethod  ] Register NMethod: java.lang.invoke.MethodHandle.invokeBasic (0x0000794416c19308) [0x0000794416c19400, 0x0000794416c19698] Compiler: , Barriers: 0, Oops: 0, ImmediateOops: 0, NonImmediateOops: No
[1,393s][debug][gc,nmethod  ] Register NMethod: jdk.internal.classfile.impl.AbstractPoolEntry$AbstractRefEntry.writeTo (0x00007943f7569f08) [0x00007943f756a000, 0x00007943f756a758] Compiler: c1, Barriers: 1, Oops: 0, ImmediateOops: 0, NonImmediateOops: No
[1,393s][debug][gc,nmethod  ] Register NMethod: jdk.internal.classfile.impl.StackMapGenerator$Frame.checkLocal (0x00007943f756a788) [0x00007943f756a880, 0x00007943f756b4d8] Compiler: c1, Barriers: 11, Oops: 1, ImmediateOops: 2, NonImmediateOops: No
[1,393s][debug][gc,nmethod  ] Register NMethod: jdk.internal.classfile.impl.BufWriterImpl.writeIndex (0x00007943f756b508) [0x00007943f756b600, 0x00007943f756da28] Compiler: c1, Barriers: 1, Oops: 1, ImmediateOops: 3, NonImmediateOops: No
[1,393s][debug][gc,nmethod  ] Register NMethod: java.lang.invoke.LambdaForm$Name.withIndex (0x00007943f756da88) [0x00007943f756db80, 0x00007943f756de68] Compiler: c1, Barriers: 4, Oops: 0, ImmediateOops: 0, NonImmediateOops: No
[1,393s][debug][gc,nmethod  ] Register NMethod: java.lang.reflect.Modifier.isStatic (0x00007943f756de88) [0x00007943f756df80, 0x00007943f756e0b0] Compiler: c1, Barriers: 0, Oops: 0, ImmediateOops: 0, NonImmediateOops: No
[1,393s][debug][gc,nmethod  ] Register NMethod: jdk.internal.classfile.impl.AbstractAttributeMapper.allowMultiple (0x0000794416c19708) [0x0000794416c19800, 0x0000794416c198c0] Compiler: c1, Barriers: 0, Oops: 0, ImmediateOops: 0, NonImmediateOops: No
[1,393s][debug][gc,nmethod  ] Register NMethod: jdk.internal.constant.MethodTypeDescImpl.returnType (0x0000794416c19a08) [0x0000794416c19b00, 0x0000794416c19be8] Compiler: c1, Barriers: 1, Oops: 0, ImmediateOops: 0, NonImmediateOops: No
[1,393s][debug][gc,nmethod  ] Register NMethod: sun.invoke.util.VerifyAccess.isClassAccessible (0x00007943f756e188) [0x00007943f756e280, 0x00007943f7570200] Compiler: c1, Barriers: 4, Oops: 0, ImmediateOops: 3, NonImmediateOops: No
[1,394s][debug][gc,nmethod  ] Register NMethod: jdk.internal.classfile.impl.StackMapGenerator$Frame.decStack (0x00007943f7570208) [0x00007943f7570300, 0x00007943f7570560] Compiler: c1, Barriers: 2, Oops: 1, ImmediateOops: 1, NonImmediateOops: No
[1,394s][debug][gc,nmethod  ] Register NMethod: jdk.internal.classfile.impl.RawBytecodeHelper.opcode (0x0000794416c19d08) [0x0000794416c19e00, 0x0000794416c19e88] Compiler: jvmci, Barriers: 0, Oops: 0, ImmediateOops: 0, NonImmediateOops: No
[1,394s][debug][gc,nmethod  ] Register NMethod: java.lang.reflect.Method.getName (0x0000794416c1a008) [0x0000794416c1a100, 0x0000794416c1a1e8] Compiler: c1, Barriers: 1, Oops: 0, ImmediateOops: 0, NonImmediateOops: No
[1,394s][debug][gc,nmethod  ] Register NMethod: java.util.WeakHashMap.getTable (0x00007943f7570588) [0x00007943f7570680, 0x00007943f75707f8] Compiler: c1, Barriers: 1, Oops: 0, ImmediateOops: 0, NonImmediateOops: No
[1,394s][debug][gc,nmethod  ] Register NMethod: java.lang.Long.<init> (0x00007943f7570888) [0x00007943f7570980, 0x00007943f7570b40] Compiler: c1, Barriers: 0, Oops: 0, ImmediateOops: 0, NonImmediateOops: No
[1,394s][debug][gc,nmethod  ] Register NMethod: java.lang.invoke.MethodHandle.linkToStatic (0x0000794416c1a308) [0x0000794416c1a400, 0x0000794416c1a4f0] Compiler: , Barriers: 0, Oops: 0, ImmediateOops: 0, NonImmediateOops: No
[1,394s][debug][gc,nmethod  ] Register NMethod: java.lang.invoke.MethodTypeForm.canonicalize (0x00007943f7570b88) [0x00007943f7570c80, 0x00007943f7571330] Compiler: c1, Barriers: 2, Oops: 0, ImmediateOops: 0, NonImmediateOops: No
[1,395s][debug][gc,nmethod  ] Register NMethod: java.lang.ref.SoftReference.get (0x00007943f7571388) [0x00007943f7571480, 0x00007943f7571640] Compiler: c1, Barriers: 2, Oops: 0, ImmediateOops: 1, NonImmediateOops: No
[1,395s][debug][gc,nmethod  ] Register NMethod: jdk.internal.misc.Unsafe.getLongUnaligned (0x00007943f7571688) [0x00007943f7571780, 0x00007943f7571b30] Compiler: c1, Barriers: 0, Oops: 0, ImmediateOops: 0, NonImmediateOops: No
[1,395s][debug][gc,nmethod  ] Register NMethod: jdk.internal.util.ReferencedKeyMap.internKey (0x00007943f7571b88) [0x00007943f7571c80, 0x00007943f7573428] Compiler: c1, Barriers: 5, Oops: 0, ImmediateOops: 0, NonImmediateOops: No
[1,395s][debug][gc,director ] Rule Major: Warmup 10%, Used: 52MB, UsedThreshold: 1228MB
[1,395s][debug][gc,nmethod  ] Register NMethod: jdk.internal.util.ReferencedKeyMap.existingKey (0x00007943f7573488) [0x00007943f7573580, 0x00007943f7575290] Compiler: c1, Barriers: 11, Oops: 1, ImmediateOops: 0, NonImmediateOops: No
[1,395s][debug][gc,nmethod  ] Register NMethod: java.lang.String.getBytes (0x0000794416c1a608) [0x0000794416c1a700, 0x0000794416c1aa40] Compiler: jvmci, Barriers: 1, Oops: 0, ImmediateOops: 0, NonImmediateOops: No
[1,396s][debug][gc,nmethod  ] Register NMethod: java.lang.Character.reverseBytes (0x00007943f7575308) [0x00007943f7575400, 0x00007943f75754f8] Compiler: c1, Barriers: 0, Oops: 0, ImmediateOops: 0, NonImmediateOops: No
[1,396s][debug][gc,nmethod  ] Register NMethod: jdk.internal.classfile.impl.Util.powerOctal (0x00007943f7575608) [0x00007943f7575700, 0x00007943f75758c0] Compiler: c1, Barriers: 0, Oops: 1, ImmediateOops: 1, NonImmediateOops: No
[1,396s][debug][gc,nmethod  ] Register NMethod: jdk.internal.misc.Unsafe.getCharUnaligned (0x00007943f7575908) [0x00007943f7575a00, 0x00007943f7575d90] Compiler: c1, Barriers: 0, Oops: 0, ImmediateOops: 0, NonImmediateOops: No
[1,396s][debug][gc,nmethod  ] Register NMethod: jdk.internal.misc.Unsafe.convEndian (0x00007943f7575e08) [0x00007943f7575f00, 0x00007943f75760a0] Compiler: c1, Barriers: 0, Oops: 0, ImmediateOops: 0, NonImmediateOops: No
[1,397s][debug][gc,nmethod  ] Register NMethod: java.lang.CharacterDataLatin1.toLowerCase (0x00007943f7576108) [0x00007943f7576200, 0x00007943f7576440] Compiler: c1, Barriers: 0, Oops: 0, ImmediateOops: 0, NonImmediateOops: No
[1,398s][debug][gc,nmethod  ] Register NMethod: java.lang.Math.clamp (0x00007943f7576488) [0x00007943f7576580, 0x00007943f7577648] Compiler: c1, Barriers: 0, Oops: 1, ImmediateOops: 2, NonImmediateOops: No
[1,399s][debug][gc,nmethod  ] Register NMethod: java.lang.Enum.name (0x0000794416c1aa88) [0x0000794416c1ab80, 0x0000794416c1ac68] Compiler: c1, Barriers: 1, Oops: 0, ImmediateOops: 0, NonImmediateOops: No
[1,399s][debug][gc,nmethod  ] Register NMethod: java.lang.StringLatin1.canEncode (0x00007943f7577688) [0x00007943f7577780, 0x00007943f75778e0] Compiler: c1, Barriers: 0, Oops: 0, ImmediateOops: 0, NonImmediateOops: No
[1,399s][debug][gc,nmethod  ] Register NMethod: java.lang.CharacterDataLatin1.toUpperCaseEx (0x00007943f7577988) [0x00007943f7577a80, 0x00007943f7577eb0] Compiler: c1, Barriers: 0, Oops: 0, ImmediateOops: 1, NonImmediateOops: No
[1,399s][debug][gc,nmethod  ] Register NMethod: java.util.concurrent.ConcurrentHashMap.put (0x00007943f7577f08) [0x00007943f7578000, 0x00007943f7578300] Compiler: c1, Barriers: 0, Oops: 0, ImmediateOops: 0, NonImmediateOops: No
[1,399s][debug][gc,nmethod  ] Register NMethod: sun.util.locale.BaseLocale.getLanguage (0x0000794416c1ad88) [0x0000794416c1ae80, 0x0000794416c1af68] Compiler: c1, Barriers: 1, Oops: 0, ImmediateOops: 0, NonImmediateOops: No
[1,400s][debug][gc,nmethod  ] Register NMethod: java.util.concurrent.ConcurrentHashMap$Node.<init> (0x00007943f7578308) [0x00007943f7578400, 0x00007943f7578728] Compiler: c1, Barriers: 9, Oops: 0, ImmediateOops: 0, NonImmediateOops: No
[1,400s][debug][gc,nmethod  ] Register NMethod: java.lang.String.toUpperCase (0x00007943f7578788) [0x00007943f7578880, 0x00007943f7578d30] Compiler: c1, Barriers: 2, Oops: 0, ImmediateOops: 0, NonImmediateOops: No
[1,400s][debug][gc,nmethod  ] Register NMethod: java.lang.StringLatin1.toUpperCase (0x00007943f7578d88) [0x00007943f7578e80, 0x00007943f7579f48] Compiler: c1, Barriers: 5, Oops: 0, ImmediateOops: 4, NonImmediateOops: No
[1,400s][debug][gc,nmethod  ] Register NMethod: java.util.Objects.nonNull (0x00007943f7579f88) [0x00007943f757a080, 0x00007943f757a1b0] Compiler: c1, Barriers: 0, Oops: 0, ImmediateOops: 0, NonImmediateOops: No
[1,400s][debug][gc,nmethod  ] Register NMethod: java.lang.StringCoding.countNonZeroAsciiLatin1 (0x0000794416c1b088) [0x0000794416c1b1a0, 0x0000794416c1b528] Compiler: jvmci, Barriers: 0, Oops: 0, ImmediateOops: 0, NonImmediateOops: No
[1,400s][debug][gc,nmethod  ] Register NMethod: java.lang.StringLatin1.canEncode (0x0000794416c1b588) [0x0000794416c1b680, 0x0000794416c1b720] Compiler: jvmci, Barriers: 0, Oops: 0, ImmediateOops: 0, NonImmediateOops: No
[1,400s][debug][gc,nmethod  ] Register NMethod: java.util.Locale.getLanguage (0x00007943f757a288) [0x00007943f757a380, 0x00007943f757a6c0] Compiler: c1, Barriers: 2, Oops: 0, ImmediateOops: 0, NonImmediateOops: No
[1,401s][debug][gc,nmethod  ] Register NMethod: java.util.ArrayList$Itr.hasNext (0x00007943f757a708) [0x00007943f757a800, 0x00007943f757a990] Compiler: c1, Barriers: 1, Oops: 0, ImmediateOops: 0, NonImmediateOops: No
[1,401s][debug][gc,nmethod  ] Register NMethod: java.util.Properties.put (0x00007943f757aa08) [0x00007943f757ab00, 0x00007943f757b000] Compiler: c1, Barriers: 1, Oops: 0, ImmediateOops: 0, NonImmediateOops: No
[1,401s][debug][gc,nmethod  ] Register NMethod: java.util.ArrayList$Itr.checkForComodification (0x00007943f757b008) [0x00007943f757b100, 0x00007943f757b2e8] Compiler: c1, Barriers: 1, Oops: 0, ImmediateOops: 0, NonImmediateOops: No
[1,401s][debug][gc,nmethod  ] Register NMethod: java.security.Provider$Service.getType (0x0000794416c1b888) [0x0000794416c1b980, 0x0000794416c1ba68] Compiler: c1, Barriers: 1, Oops: 0, ImmediateOops: 0, NonImmediateOops: No
[1,401s][debug][gc,nmethod  ] Register NMethod: java.security.Provider$Service.getAlgorithm (0x0000794416c1bb88) [0x0000794416c1bc80, 0x0000794416c1bd68] Compiler: c1, Barriers: 1, Oops: 0, ImmediateOops: 0, NonImmediateOops: No
[1,401s][debug][gc,nmethod  ] Register NMethod: java.security.Provider$Service.getAliases (0x0000794416c1be88) [0x0000794416c1bf80, 0x0000794416c1c068] Compiler: c1, Barriers: 1, Oops: 0, ImmediateOops: 0, NonImmediateOops: No
[1,401s][debug][gc,nmethod  ] Register NMethod: java.util.ArrayList$Itr.next (0x00007943f757b308) [0x00007943f757b400, 0x00007943f757b9f0] Compiler: c1, Barriers: 3, Oops: 0, ImmediateOops: 0, NonImmediateOops: No
[1,401s][debug][gc,nmethod  ] Register NMethod: sun.security.util.KnownOIDs.register (0x00007943f757ba08) [0x00007943f757bb00, 0x00007943f7584488] Compiler: c1, Barriers: 24, Oops: 6, ImmediateOops: 22, NonImmediateOops: No
[1,402s][debug][gc,nmethod  ] Register NMethod: java.lang.Integer.rotateLeft (0x00007943f7584508) [0x00007943f7584600, 0x00007943f75846f0] Compiler: c1, Barriers: 0, Oops: 0, ImmediateOops: 0, NonImmediateOops: No
[1,402s][debug][gc,nmethod  ] Register NMethod: jdk.internal.misc.Unsafe.getIntUnaligned (0x00007943f7584808) [0x00007943f7584900, 0x00007943f7584b48] Compiler: c1, Barriers: 0, Oops: 0, ImmediateOops: 0, NonImmediateOops: No
[1,402s][debug][gc,nmethod  ] Register NMethod: java.lang.invoke.MemberName.getMethodOrFieldType (0x00007943f7584b88) [0x00007943f7584c80, 0x00007943f7587118] Compiler: c1, Barriers: 0, Oops: 2, ImmediateOops: 5, NonImmediateOops: No
[1,402s][debug][gc,nmethod  ] Register NMethod: java.lang.invoke.VarHandleByteArrayAsInts$ArrayHandle.index (0x00007943f7587188) [0x00007943f7587280, 0x00007943f75873b8] Compiler: c1, Barriers: 0, Oops: 1, ImmediateOops: 1, NonImmediateOops: No
[1,403s][debug][gc,nmethod  ] Register NMethod: java.lang.invoke.VarForm.getMemberName (0x00007943f7587488) [0x00007943f7587580, 0x00007943f7587d00] Compiler: c1, Barriers: 4, Oops: 0, ImmediateOops: 1, NonImmediateOops: No
[1,403s][debug][gc,nmethod  ] Register NMethod: java.lang.invoke.VarHandle.checkAccessModeThenIsDirect (0x00007943f7587d08) [0x00007943f7587e00, 0x00007943f7588fa8] Compiler: c1, Barriers: 10, Oops: 0, ImmediateOops: 1, NonImmediateOops: No
[1,403s][debug][gc,nmethod  ] Register NMethod: java.lang.invoke.VarHandleByteArrayAsInts$ArrayHandle.get (0x00007943f7589008) [0x00007943f7589100, 0x00007943f75898b0] Compiler: c1, Barriers: 0, Oops: 2, ImmediateOops: 2, NonImmediateOops: No
[1,403s][debug][gc,nmethod  ] Register NMethod: java.lang.invoke.MethodHandle.invokeBasic (0x0000794416c1c188) [0x0000794416c1c280, 0x0000794416c1c518] Compiler: , Barriers: 0, Oops: 0, ImmediateOops: 0, NonImmediateOops: No
[1,403s][debug][gc,nmethod  ] Register NMethod: java.lang.Integer.rotateLeft (0x0000794416c1c588) [0x0000794416c1c680, 0x0000794416c1c6f0] Compiler: jvmci, Barriers: 0, Oops: 0, ImmediateOops: 0, NonImmediateOops: No
[1,403s][debug][gc,nmethod  ] Register NMethod: java.lang.invoke.VarHandle.accessModeType (0x00007943f7589908) [0x00007943f7589a00, 0x00007943f758a8a8] Compiler: c1, Barriers: 9, Oops: 0, ImmediateOops: 1, NonImmediateOops: No
[1,403s][debug][gc,nmethod  ] Register NMethod: java.lang.invoke.VarHandleGuards.guard_LI_I (0x00007943f758a908) [0x00007943f758aa00, 0x00007943f758d8d8] Compiler: c1, Barriers: 28, Oops: 0, ImmediateOops: 2, NonImmediateOops: No
[1,404s][debug][gc,nmethod  ] Register NMethod: java.lang.String.indexOf (0x00007943f758d908) [0x00007943f758da00, 0x00007943f758e220] Compiler: c1, Barriers: 1, Oops: 0, ImmediateOops: 0, NonImmediateOops: No
[1,404s][debug][gc,nmethod  ] Register NMethod: java.lang.Throwable.fillInStackTrace (0x00007943f758e288) [0x00007943f758e380, 0x00007943f758e758] Compiler: c1, Barriers: 5, Oops: 0, ImmediateOops: 1, NonImmediateOops: No
[1,404s][debug][gc,nmethod  ] Register NMethod: java.lang.String.indexOf (0x00007943f758e788) [0x00007943f758e880, 0x00007943f758f338] Compiler: c1, Barriers: 1, Oops: 0, ImmediateOops: 0, NonImmediateOops: No
[1,404s][debug][gc,nmethod  ] Register NMethod: java.lang.AbstractStringBuilder.needsNewBuffer (0x0000794416c1c888) [0x0000794416c1c980, 0x0000794416c1ca68] Compiler: jvmci, Barriers: 0, Oops: 0, ImmediateOops: 0, NonImmediateOops: No
[1,404s][debug][gc,nmethod  ] Register NMethod: java.io.ObjectStreamField.getName (0x0000794416c1cb88) [0x0000794416c1cc80, 0x0000794416c1cd68] Compiler: c1, Barriers: 1, Oops: 0, ImmediateOops: 0, NonImmediateOops: No
[1,405s][debug][gc,director ] Rule Major: Warmup 10%, Used: 52MB, UsedThreshold: 1228MB
[1,405s][debug][gc,nmethod  ] Register NMethod: java.lang.invoke.MethodHandle.invokeBasic (0x0000794416c1ce88) [0x0000794416c1cf80, 0x0000794416c1d218] Compiler: , Barriers: 0, Oops: 0, ImmediateOops: 0, NonImmediateOops: No
[1,405s][debug][gc,nmethod  ] Register NMethod: java.lang.invoke.MethodHandle.linkToSpecial (0x0000794416c1d288) [0x0000794416c1d380, 0x0000794416c1d478] Compiler: , Barriers: 0, Oops: 0, ImmediateOops: 0, NonImmediateOops: No
[1,405s][debug][gc,nmethod  ] Register NMethod: java.lang.invoke.LambdaForm$BasicType.basicType (0x00007943f758f388) [0x00007943f758f480, 0x00007943f758fa18] Compiler: c1, Barriers: 0, Oops: 0, ImmediateOops: 0, NonImmediateOops: No
[1,405s][debug][gc,nmethod  ] Register NMethod: sun.invoke.util.Wrapper.basicTypeChar (0x00007943f758fa88) [0x00007943f758fb80, 0x00007943f75900b0] Compiler: c1, Barriers: 0, Oops: 0, ImmediateOops: 0, NonImmediateOops: No
[1,406s][debug][gc,nmethod  ] Register NMethod: java.lang.invoke.LambdaForm$BasicType.basicType (0x00007943f7590108) [0x00007943f7590200, 0x00007943f7591508] Compiler: c1, Barriers: 0, Oops: 2, ImmediateOops: 10, NonImmediateOops: No
[1,406s][debug][gc,nmethod  ] Register NMethod: java.lang.invoke.MemberName.flagsMods (0x00007943f7591588) [0x00007943f7591680, 0x00007943f7591780] Compiler: c1, Barriers: 0, Oops: 0, ImmediateOops: 0, NonImmediateOops: No
[1,406s][debug][gc,nmethod  ] Register NMethod: java.lang.invoke.MemberName.init (0x00007943f7591888) [0x00007943f7591980, 0x00007943f7591bf8] Compiler: c1, Barriers: 9, Oops: 0, ImmediateOops: 0, NonImmediateOops: No
[1,406s][debug][gc,nmethod  ] Register NMethod: java.lang.invoke.MethodHandle.invokeBasic (0x0000794416c1d588) [0x0000794416c1d680, 0x0000794416c1d918] Compiler: , Barriers: 0, Oops: 0, ImmediateOops: 0, NonImmediateOops: No
[1,406s][debug][gc,nmethod  ] Register NMethod: java.lang.invoke.MemberName.isStatic (0x00007943f7591c08) [0x00007943f7591d00, 0x00007943f7591eb0] Compiler: c1, Barriers: 0, Oops: 0, ImmediateOops: 0, NonImmediateOops: No
[1,407s][debug][gc,nmethod  ] Register NMethod: java.lang.invoke.MethodType.genericMethodType (0x00007943f7591f08) [0x00007943f7592000, 0x00007943f7593650] Compiler: c1, Barriers: 7, Oops: 1, ImmediateOops: 7, NonImmediateOops: No
[1,407s][debug][gc,nmethod  ] Register NMethod: jdk.internal.classfile.impl.AbstractPoolEntry$MethodRefEntryImpl.tag (0x0000794416c1d988) [0x0000794416c1da80, 0x0000794416c1db40] Compiler: c1, Barriers: 0, Oops: 0, ImmediateOops: 0, NonImmediateOops: No
[1,407s][debug][gc,nmethod  ] Register NMethod: sun.invoke.util.Wrapper.forPrimitiveType (0x00007943f7593688) [0x00007943f7593780, 0x00007943f7594b10] Compiler: c1, Barriers: 0, Oops: 1, ImmediateOops: 21, NonImmediateOops: No
[1,407s][debug][gc,nmethod  ] Register NMethod: java.util.Arrays.equals (0x00007943f7594b88) [0x00007943f7594c80, 0x00007943f7595350] Compiler: c1, Barriers: 2, Oops: 0, ImmediateOops: 0, NonImmediateOops: No
[1,407s][debug][gc,nmethod  ] Register NMethod: java.lang.invoke.MethodHandle.linkToStatic (0x0000794416c1dc88) [0x0000794416c1dd80, 0x0000794416c1de70] Compiler: , Barriers: 0, Oops: 0, ImmediateOops: 0, NonImmediateOops: No
[1,407s][debug][gc,nmethod  ] Register NMethod: java.lang.invoke.MethodHandle.invokeBasic (0x0000794416c1df88) [0x0000794416c1e080, 0x0000794416c1e318] Compiler: , Barriers: 0, Oops: 0, ImmediateOops: 0, NonImmediateOops: No
[1,407s][debug][gc,nmethod  ] Register NMethod: jdk.internal.classfile.impl.AbstractPoolEntry$AbstractMemberRefEntry.nameAndType (0x00007943f7595388) [0x00007943f7595480, 0x00007943f75957b8] Compiler: c1, Barriers: 1, Oops: 0, ImmediateOops: 0, NonImmediateOops: No
[1,407s][debug][gc,nmethod  ] Register NMethod: jdk.internal.classfile.impl.AbstractPoolEntry$AbstractMemberRefEntry.nameAndType (0x00007943f7595808) [0x00007943f7595900, 0x00007943f7595e50] Compiler: c1, Barriers: 1, Oops: 0, ImmediateOops: 0, NonImmediateOops: No
[1,408s][debug][gc,nmethod  ] Register NMethod: jdk.internal.classfile.impl.AttributeHolder.withAttribute (0x00007943f7595e88) [0x00007943f7595f80, 0x00007943f75971e8] Compiler: c1, Barriers: 9, Oops: 0, ImmediateOops: 0, NonImmediateOops: No
[1,408s][debug][gc,nmethod  ] Register NMethod: jdk.internal.classfile.impl.LabelImpl.setBCI (0x0000794416c1e388) [0x0000794416c1e480, 0x0000794416c1e540] Compiler: c1, Barriers: 0, Oops: 0, ImmediateOops: 0, NonImmediateOops: No
[1,408s][debug][gc,nmethod  ] Register NMethod: jdk.internal.classfile.impl.AbstractPoolEntry$NameAndTypeEntryImpl.type (0x00007943f7597208) [0x00007943f7597300, 0x00007943f7597650] Compiler: c1, Barriers: 1, Oops: 0, ImmediateOops: 0, NonImmediateOops: No
[1,409s][debug][gc,nmethod  ] Register NMethod: jdk.internal.misc.Unsafe.convEndian (0x0000794416c1e688) [0x0000794416c1e780, 0x0000794416c1e818] Compiler: jvmci, Barriers: 0, Oops: 0, ImmediateOops: 0, NonImmediateOops: No
[1,410s][debug][gc,nmethod  ] Register NMethod: java.lang.invoke.LambdaForm.forceInterpretation (0x00007943f7597688) [0x00007943f7597780, 0x00007943f75978d0] Compiler: c1, Barriers: 0, Oops: 0, ImmediateOops: 0, NonImmediateOops: No
[1,410s][debug][gc,nmethod  ] Register NMethod: java.lang.Class.getSuperclass (0x0000794416c1e988) [0x0000794416c1ea80, 0x0000794416c1eda0] Compiler: , Barriers: 0, Oops: 0, ImmediateOops: 0, NonImmediateOops: No
[1,410s][debug][gc,nmethod  ] Register NMethod: jdk.internal.constant.MethodTypeDescImpl.descriptorString (0x00007943f7597988) [0x00007943f7597a80, 0x00007943f7597c40] Compiler: c1, Barriers: 1, Oops: 0, ImmediateOops: 0, NonImmediateOops: No
[1,410s][debug][gc,nmethod  ] Register NMethod: jdk.internal.classfile.impl.SplitConstantPool.utf8Entry (0x00007943f7597c88) [0x00007943f7597d80, 0x00007943f75982a0] Compiler: c1, Barriers: 5, Oops: 0, ImmediateOops: 0, NonImmediateOops: No
[1,410s][debug][gc,nmethod  ] Register NMethod: java.lang.invoke.MemberName$Factory.resolve (0x00007943f7598308) [0x00007943f7598400, 0x00007943f7599368] Compiler: c1, Barriers: 7, Oops: 0, ImmediateOops: 0, NonImmediateOops: No
[1,410s][debug][gc,nmethod  ] Register NMethod: jdk.internal.classfile.impl.DirectMethodBuilder.methodTypeSymbol (0x00007943f7599388) [0x00007943f7599480, 0x00007943f7599be8] Compiler: c1, Barriers: 1, Oops: 0, ImmediateOops: 0, NonImmediateOops: No
[1,411s][debug][gc,nmethod  ] Register NMethod: java.lang.invoke.LambdaForm.argument (0x00007943f7599c08) [0x00007943f7599d00, 0x00007943f759a170] Compiler: c1, Barriers: 2, Oops: 0, ImmediateOops: 1, NonImmediateOops: No
[1,411s][debug][gc,nmethod  ] Register NMethod: java.lang.invoke.LambdaForm$Name.index (0x0000794416c1ee08) [0x0000794416c1ef00, 0x0000794416c1efc0] Compiler: c1, Barriers: 0, Oops: 0, ImmediateOops: 0, NonImmediateOops: No
[1,411s][debug][gc,nmethod  ] Register NMethod: java.lang.invoke.MemberName.getName (0x00007943f759a188) [0x00007943f759a280, 0x00007943f759a868] Compiler: c1, Barriers: 5, Oops: 0, ImmediateOops: 0, NonImmediateOops: No
[1,411s][debug][gc,nmethod  ] Register NMethod: jdk.internal.classfile.impl.DirectCodeBuilder.curPc (0x00007943f759a888) [0x00007943f759a980, 0x00007943f759ac90] Compiler: c1, Barriers: 1, Oops: 0, ImmediateOops: 0, NonImmediateOops: No
[1,411s][debug][gc,nmethod  ] Register NMethod: jdk.internal.classfile.impl.LabelImpl.<init> (0x00007943f759ad08) [0x00007943f759ae00, 0x00007943f759b038] Compiler: c1, Barriers: 3, Oops: 0, ImmediateOops: 0, NonImmediateOops: No
[1,411s][debug][gc,nmethod  ] Register NMethod: java.lang.invoke.LambdaForm$BasicType.basicTypeKind (0x0000794416c1f108) [0x0000794416c1f200, 0x0000794416c1f2e8] Compiler: c1, Barriers: 1, Oops: 0, ImmediateOops: 0, NonImmediateOops: No
[1,411s][debug][gc,nmethod  ] Register NMethod: jdk.internal.classfile.impl.BufWriterImpl.thisClass (0x0000794416c1f408) [0x0000794416c1f500, 0x0000794416c1f5e8] Compiler: c1, Barriers: 1, Oops: 0, ImmediateOops: 0, NonImmediateOops: No
[1,411s][debug][gc,nmethod  ] Register NMethod: jdk.internal.classfile.impl.DirectMethodBuilder.methodName (0x0000794416c1f708) [0x0000794416c1f800, 0x0000794416c1f8e8] Compiler: c1, Barriers: 1, Oops: 0, ImmediateOops: 0, NonImmediateOops: No
[1,411s][debug][gc,nmethod  ] Register NMethod: jdk.internal.classfile.impl.AbstractPoolEntry$ClassEntryImpl.asSymbol (0x00007943f759b088) [0x00007943f759b180, 0x00007943f759f710] Compiler: c1, Barriers: 16, Oops: 2, ImmediateOops: 11, NonImmediateOops: No
[1,412s][debug][gc,nmethod  ] Register NMethod: java.lang.System$1.findBootstrapClassOrNull (0x00007943f759f788) [0x00007943f759f880, 0x00007943f759fa88] Compiler: c1, Barriers: 0, Oops: 0, ImmediateOops: 0, NonImmediateOops: No
[1,412s][debug][gc,nmethod  ] Register NMethod: java.lang.ClassLoader.findBootstrapClassOrNull (0x00007943f759fb08) [0x00007943f759fc00, 0x00007943f759fda0] Compiler: c1, Barriers: 0, Oops: 0, ImmediateOops: 0, NonImmediateOops: No
[1,412s][debug][gc,nmethod  ] Register NMethod: java.lang.reflect.Field.getName (0x0000794416c1fa08) [0x0000794416c1fb00, 0x0000794416c1fbe8] Compiler: c1, Barriers: 1, Oops: 0, ImmediateOops: 0, NonImmediateOops: No
[1,412s][debug][gc,nmethod  ] Register NMethod: java.io.ObjectStreamField.getSignature (0x00007943f759fe08) [0x00007943f759ff00, 0x00007943f75a0598] Compiler: c1, Barriers: 6, Oops: 0, ImmediateOops: 0, NonImmediateOops: No
[1,412s][debug][gc,nmethod  ] Register NMethod: java.lang.invoke.LambdaForm.uncustomize (0x00007943f75a0608) [0x00007943f75a0700, 0x00007943f75a0b78] Compiler: c1, Barriers: 2, Oops: 0, ImmediateOops: 0, NonImmediateOops: No
[1,413s][debug][gc,nmethod  ] Register NMethod: java.util.ArrayList.<init> (0x00007943f75a0b88) [0x00007943f75a0c80, 0x00007943f75a0f20] Compiler: c1, Barriers: 3, Oops: 0, ImmediateOops: 1, NonImmediateOops: No
[1,413s][debug][gc,nmethod  ] Register NMethod: jdk.internal.loader.BuiltinClassLoader.loadClass (0x00007943f75a0f88) [0x00007943f75a1080, 0x00007943f75a1458] Compiler: c1, Barriers: 0, Oops: 0, ImmediateOops: 0, NonImmediateOops: No
[1,413s][debug][gc,nmethod  ] Register NMethod: jdk.internal.loader.ClassLoaders$BootClassLoader.loadClassOrNull (0x00007943f75a1488) [0x00007943f75a1580, 0x00007943f75a1800] Compiler: c1, Barriers: 0, Oops: 0, ImmediateOops: 1, NonImmediateOops: No
[1,413s][debug][gc,nmethod  ] Register NMethod: sun.net.www.ParseUtil.encodePath (0x00007943f75a1808) [0x00007943f75a1900, 0x00007943f75a1ae8] Compiler: c1, Barriers: 0, Oops: 0, ImmediateOops: 0, NonImmediateOops: No
[1,414s][debug][gc,nmethod  ] Register NMethod: java.lang.Exception.<init> (0x00007943f75a1b08) [0x00007943f75a1c00, 0x00007943f75a1d30] Compiler: c1, Barriers: 0, Oops: 0, ImmediateOops: 0, NonImmediateOops: No
[1,414s][debug][gc,nmethod  ] Register NMethod: java.lang.ReflectiveOperationException.<init> (0x00007943f75a1e08) [0x00007943f75a1f00, 0x00007943f75a2090] Compiler: c1, Barriers: 0, Oops: 0, ImmediateOops: 0, NonImmediateOops: No
[1,414s][debug][gc,nmethod  ] Register NMethod: worker.org.gradle.internal.classloader.FilteringClassLoader$TrieSet.find (0x00007943f75a2108) [0x00007943f75a2200, 0x00007943f75a2388] Compiler: c1, Barriers: 1, Oops: 1, ImmediateOops: 0, NonImmediateOops: No
[1,414s][debug][gc,nmethod  ] Register NMethod: java.util.jar.Manifest.getEntries (0x0000794416c1fd08) [0x0000794416c1fe00, 0x0000794416c1fee8] Compiler: c1, Barriers: 1, Oops: 0, ImmediateOops: 0, NonImmediateOops: No
[1,414s][debug][gc,nmethod  ] Register NMethod: java.util.jar.Manifest.getMainAttributes (0x0000794416c20008) [0x0000794416c20100, 0x0000794416c201e8] Compiler: c1, Barriers: 1, Oops: 0, ImmediateOops: 0, NonImmediateOops: No
[1,414s][debug][gc,nmethod  ] Register NMethod: worker.org.gradle.internal.classloader.FilteringClassLoader$Trie.find (0x00007943f75a2408) [0x00007943f75a2500, 0x00007943f75a31c0] Compiler: c1, Barriers: 2, Oops: 1, ImmediateOops: 0, NonImmediateOops: No
[1,414s][debug][gc,nmethod  ] Register NMethod: java.lang.Throwable.<init> (0x00007943f75a3208) [0x00007943f75a3300, 0x00007943f75a3b40] Compiler: c1, Barriers: 16, Oops: 0, ImmediateOops: 3, NonImmediateOops: No
[1,414s][debug][gc,nmethod  ] Register NMethod: java.lang.StringLatin1.replace (0x0000794416c20308) [0x0000794416c20400, 0x0000794416c209d8] Compiler: jvmci, Barriers: 2, Oops: 0, ImmediateOops: 0, NonImmediateOops: No
[1,415s][debug][gc,director ] Rule Major: Warmup 10%, Used: 54MB, UsedThreshold: 1228MB
[1,417s][debug][gc,nmethod  ] Register NMethod: java.util.WeakHashMap.remove (0x00007943f75a3b88) [0x00007943f75a3c80, 0x00007943f75a5090] Compiler: c1, Barriers: 12, Oops: 0, ImmediateOops: 1, NonImmediateOops: No
[1,417s][debug][gc,nmethod  ] Register NMethod: java.util.concurrent.ConcurrentHashMap.computeIfAbsent (0x00007943f75a5108) [0x00007943f75a5200, 0x00007943f75a83a0] Compiler: c1, Barriers: 24, Oops: 0, ImmediateOops: 2, NonImmediateOops: No
[1,417s][debug][gc,nmethod  ] Register NMethod: jdk.internal.loader.URLClassPath.getResource (0x00007943f75a8408) [0x00007943f75a8500, 0x00007943f75a8968] Compiler: c1, Barriers: 0, Oops: 0, ImmediateOops: 0, NonImmediateOops: No
[1,419s][debug][gc,nmethod  ] Register NMethod: sun.net.util.URLUtil.urlNoFragString (0x00007943f75a8988) [0x00007943f75a8a80, 0x00007943f75abb68] Compiler: c1, Barriers: 7, Oops: 3, ImmediateOops: 10, NonImmediateOops: No
[1,419s][debug][gc,nmethod  ] Register NMethod: java.util.zip.ZipUtils.CENNAM (0x0000794416c20a08) [0x0000794416c20b00, 0x0000794416c20bd8] Compiler: jvmci, Barriers: 0, Oops: 0, ImmediateOops: 0, NonImmediateOops: No
[1,419s][debug][gc,nmethod  ] Register NMethod: java.util.zip.ZipFile.getZipEntry (0x00007943f75abb88) [0x00007943f75abc80, 0x00007943f75adb18] Compiler: c1, Barriers: 17, Oops: 0, ImmediateOops: 2, NonImmediateOops: No
[1,420s][debug][gc,nmethod  ] Register NMethod: worker.org.gradle.internal.classloader.FilteringClassLoader.loadClass (0x00007943f75adb88) [0x00007943f75adc80, 0x00007943f75af498] Compiler: c1, Barriers: 0, Oops: 3, ImmediateOops: 3, NonImmediateOops: No
[1,420s][debug][gc,nmethod  ] Register NMethod: java.lang.ClassLoader.loadClass (0x00007943f75af508) [0x00007943f75af600, 0x00007943f75b0a40] Compiler: c1, Barriers: 1, Oops: 2, ImmediateOops: 3, NonImmediateOops: No
[1,420s][debug][gc,nmethod  ] Register NMethod: jdk.internal.classfile.impl.DirectCodeBuilder.aload (0x00007943f75b0a88) [0x00007943f75b0b80, 0x00007943f75b0f70] Compiler: c1, Barriers: 1, Oops: 0, ImmediateOops: 0, NonImmediateOops: No
[1,421s][debug][gc,nmethod  ] Register NMethod: java.lang.StringBuilder.append (0x0000794416c20d08) [0x0000794416c20e00, 0x0000794416c21590] Compiler: jvmci, Barriers: 5, Oops: 0, ImmediateOops: 0, NonImmediateOops: No
[1,421s][debug][gc,nmethod  ] Register NMethod: java.lang.invoke.MethodHandle.<init> (0x00007943f75b0f88) [0x00007943f75b1080, 0x00007943f75b15f8] Compiler: c1, Barriers: 6, Oops: 0, ImmediateOops: 0, NonImmediateOops: No
[1,421s][debug][gc,nmethod  ] Register NMethod: java.lang.invoke.LambdaForm.prepare (0x00007943f75b1608) [0x00007943f75b1700, 0x00007943f75b25e0] Compiler: c1, Barriers: 6, Oops: 0, ImmediateOops: 0, NonImmediateOops: No
[1,421s][debug][gc,nmethod  ] Register NMethod: java.lang.System.identityHashCode (0x0000794416c21608) [0x0000794416c21700, 0x0000794416c21890] Compiler: , Barriers: 0, Oops: 0, ImmediateOops: 1, NonImmediateOops: No
[1,422s][debug][gc,nmethod  ] Register NMethod: java.util.ImmutableCollections$AbstractImmutableList.<init> (0x00007943f75b2608) [0x00007943f75b2700, 0x00007943f75b2918] Compiler: c1, Barriers: 0, Oops: 0, ImmediateOops: 0, NonImmediateOops: No
[1,422s][debug][gc,nmethod  ] Register NMethod: java.lang.CharacterDataLatin1.getProperties (0x0000794416c21908) [0x0000794416c21a00, 0x0000794416c21ad0] Compiler: jvmci, Barriers: 0, Oops: 0, ImmediateOops: 1, NonImmediateOops: No
[1,422s][debug][gc,nmethod  ] Register NMethod: jdk.internal.classfile.impl.SplitConstantPool.nameAndTypeEntry (0x00007943f75b2988) [0x00007943f75b2a80, 0x00007943f75b2d78] Compiler: c1, Barriers: 0, Oops: 0, ImmediateOops: 0, NonImmediateOops: No
[1,422s][debug][gc,nmethod  ] Register NMethod: jdk.internal.classfile.impl.BufWriterImpl.constantPool (0x0000794416c21c08) [0x0000794416c21d00, 0x0000794416c21de8] Compiler: c1, Barriers: 1, Oops: 0, ImmediateOops: 0, NonImmediateOops: No
[1,422s][debug][gc,nmethod  ] Register NMethod: jdk.internal.classfile.impl.AbstractAttributeMapper.name (0x0000794416c21f08) [0x0000794416c22000, 0x0000794416c220e8] Compiler: c1, Barriers: 1, Oops: 0, ImmediateOops: 0, NonImmediateOops: No
[1,422s][debug][gc,nmethod  ] Register NMethod: jdk.internal.classfile.impl.SplitConstantPool.nameAndTypeEntry (0x00007943f75b2d88) [0x00007943f75b2e80, 0x00007943f75b3b80] Compiler: c1, Barriers: 0, Oops: 0, ImmediateOops: 0, NonImmediateOops: No
[1,422s][debug][gc,nmethod  ] Register NMethod: java.util.ImmutableCollections$ListN.size (0x00007943f75b3b88) [0x00007943f75b3c80, 0x00007943f75b3db8] Compiler: c1, Barriers: 1, Oops: 0, ImmediateOops: 0, NonImmediateOops: No
[1,423s][debug][gc,nmethod  ] Register NMethod: jdk.internal.classfile.impl.BufWriterImpl.setLabelContext (0x00007943f75b3e88) [0x00007943f75b3f80, 0x00007943f75b40f8] Compiler: c1, Barriers: 3, Oops: 0, ImmediateOops: 0, NonImmediateOops: No
[1,423s][debug][gc,nmethod  ] Register NMethod: jdk.internal.classfile.impl.BufWriterImpl.writeU2U2U2 (0x00007943f75b4188) [0x00007943f75b4280, 0x00007943f75b47a0] Compiler: c1, Barriers: 2, Oops: 0, ImmediateOops: 0, NonImmediateOops: No
[1,423s][debug][gc,nmethod  ] Register NMethod: jdk.internal.misc.Unsafe.getCharUnaligned (0x00007943f75b4808) [0x00007943f75b4900, 0x00007943f75b4b28] Compiler: c1, Barriers: 0, Oops: 0, ImmediateOops: 0, NonImmediateOops: No
[1,423s][debug][gc,nmethod  ] Register NMethod: java.lang.reflect.Method.getModifiers (0x0000794416c22208) [0x0000794416c22300, 0x0000794416c223c0] Compiler: c1, Barriers: 0, Oops: 0, ImmediateOops: 0, NonImmediateOops: No
[1,423s][debug][gc,nmethod  ] Register NMethod: java.lang.Class.reflectionData (0x00007943f75b4b88) [0x00007943f75b4c80, 0x00007943f75b52d8] Compiler: c1, Barriers: 1, Oops: 0, ImmediateOops: 0, NonImmediateOops: No
[1,423s][debug][gc,nmethod  ] Register NMethod: java.lang.Module.isNamed (0x00007943f75b5308) [0x00007943f75b5400, 0x00007943f75b5580] Compiler: c1, Barriers: 1, Oops: 0, ImmediateOops: 0, NonImmediateOops: No
[1,423s][debug][gc,nmethod  ] Register NMethod: jdk.internal.classfile.impl.BufWriterImpl.<init> (0x00007943f75b5608) [0x00007943f75b5700, 0x00007943f75b5ad0] Compiler: c1, Barriers: 12, Oops: 0, ImmediateOops: 0, NonImmediateOops: No
[1,423s][debug][gc,nmethod  ] Register NMethod: jdk.internal.constant.ClassOrInterfaceDescImpl.equals (0x00007943f75b5b08) [0x00007943f75b5c00, 0x00007943f75b6428] Compiler: c1, Barriers: 2, Oops: 0, ImmediateOops: 0, NonImmediateOops: No
[1,424s][debug][gc,nmethod  ] Register NMethod: jdk.internal.classfile.impl.DirectCodeBuilder.constantPool (0x00007943f75b6488) [0x00007943f75b6580, 0x00007943f75b66c0] Compiler: c1, Barriers: 1, Oops: 0, ImmediateOops: 0, NonImmediateOops: No
[1,424s][debug][gc,nmethod  ] Register NMethod: jdk.internal.classfile.impl.AbstractPoolEntry$ClassEntryImpl.<init> (0x00007943f75b6788) [0x00007943f75b6880, 0x00007943f75b6a68] Compiler: c1, Barriers: 3, Oops: 0, ImmediateOops: 0, NonImmediateOops: No
[1,424s][debug][gc,nmethod  ] Register NMethod: jdk.internal.classfile.impl.StackMapDecoder$StackMapFrameImpl.stack (0x0000794416c22508) [0x0000794416c22600, 0x0000794416c226e8] Compiler: c1, Barriers: 1, Oops: 0, ImmediateOops: 0, NonImmediateOops: No
[1,424s][debug][gc,nmethod  ] Register NMethod: jdk.internal.classfile.impl.StackCounter.addStackSlot (0x00007943f75b6a88) [0x00007943f75b6b80, 0x00007943f75b6cb8] Compiler: c1, Barriers: 0, Oops: 0, ImmediateOops: 0, NonImmediateOops: No
[1,424s][debug][gc,nmethod  ] Register NMethod: java.lang.reflect.Array.newInstance (0x00007943f75b6d88) [0x00007943f75b6e80, 0x00007943f75b6f90] Compiler: c1, Barriers: 0, Oops: 0, ImmediateOops: 0, NonImmediateOops: No
[1,424s][debug][gc,nmethod  ] Register NMethod: jdk.internal.classfile.impl.RawBytecodeHelper.<init> (0x00007943f75b7088) [0x00007943f75b7180, 0x00007943f75b7350] Compiler: c1, Barriers: 3, Oops: 0, ImmediateOops: 0, NonImmediateOops: No
[1,424s][debug][gc,nmethod  ] Register NMethod: jdk.internal.classfile.impl.RawBytecodeHelper$CodeRange.start (0x00007943f75b7388) [0x00007943f75b7480, 0x00007943f75b7708] Compiler: c1, Barriers: 3, Oops: 0, ImmediateOops: 0, NonImmediateOops: No
[1,424s][debug][gc,nmethod  ] Register NMethod: jdk.internal.classfile.impl.DirectCodeBuilder.labelToBci (0x00007943f75b7788) [0x00007943f75b7880, 0x00007943f75b7ff0] Compiler: c1, Barriers: 1, Oops: 0, ImmediateOops: 0, NonImmediateOops: No
[1,424s][debug][gc,nmethod  ] Register NMethod: java.lang.reflect.Method.getSharedParameterTypes (0x0000794416c22808) [0x0000794416c22900, 0x0000794416c229e8] Compiler: c1, Barriers: 1, Oops: 0, ImmediateOops: 0, NonImmediateOops: No
[1,424s][debug][gc,nmethod  ] Register NMethod: jdk.internal.classfile.impl.BufWriterImpl.writeIndex (0x00007943f75b8008) [0x00007943f75b8100, 0x00007943f75ba898] Compiler: c1, Barriers: 3, Oops: 1, ImmediateOops: 3, NonImmediateOops: No
[1,424s][debug][gc,nmethod  ] Register NMethod: jdk.internal.classfile.impl.RawBytecodeHelper.endBci (0x0000794416c22b08) [0x0000794416c22c00, 0x0000794416c22ce0] Compiler: jvmci, Barriers: 1, Oops: 0, ImmediateOops: 0, NonImmediateOops: No
[1,425s][debug][gc,nmethod  ] Register NMethod: java.util.WeakHashMap.put (0x00007943f75ba908) [0x00007943f75baa00, 0x00007943f75bc4e8] Compiler: c1, Barriers: 26, Oops: 0, ImmediateOops: 2, NonImmediateOops: No
[1,425s][debug][gc,nmethod  ] Register NMethod: java.lang.invoke.DirectMethodHandle.allocateInstance (0x00007943f75bc508) [0x00007943f75bc600, 0x00007943f75bcb20] Compiler: c1, Barriers: 1, Oops: 0, ImmediateOops: 1, NonImmediateOops: No
[1,425s][debug][gc,nmethod  ] Register NMethod: java.lang.invoke.DirectMethodHandle.constructorMethod (0x00007943f75bcb88) [0x00007943f75bcc80, 0x00007943f75bcfa0] Compiler: c1, Barriers: 1, Oops: 0, ImmediateOops: 0, NonImmediateOops: No
[1,425s][debug][gc,nmethod  ] Register NMethod: sun.reflect.generics.parser.SignatureParser.advance (0x00007943f75bd008) [0x00007943f75bd100, 0x00007943f75bd718] Compiler: c1, Barriers: 2, Oops: 0, ImmediateOops: 0, NonImmediateOops: No
[1,425s][debug][gc,nmethod  ] Register NMethod: sun.reflect.generics.parser.SignatureParser.current (0x00007943f75bd788) [0x00007943f75bd880, 0x00007943f75be690] Compiler: c1, Barriers: 2, Oops: 1, ImmediateOops: 2, NonImmediateOops: No
[1,425s][debug][gc,nmethod  ] Register NMethod: java.lang.Character.isWhitespace (0x00007943f75be708) [0x00007943f75be800, 0x00007943f75beb88] Compiler: c1, Barriers: 0, Oops: 0, ImmediateOops: 0, NonImmediateOops: No
[1,425s][debug][gc,director ] Rule Major: Warmup 10%, Used: 54MB, UsedThreshold: 1228MB
[1,425s][debug][gc,nmethod  ] Register NMethod: java.lang.CharacterDataLatin1.isWhitespace (0x00007943f75bec08) [0x00007943f75bed00, 0x00007943f75bf0a0] Compiler: c1, Barriers: 0, Oops: 0, ImmediateOops: 1, NonImmediateOops: No
[1,425s][debug][gc,nmethod  ] Register NMethod: java.lang.Character.isWhitespace (0x00007943f75bf108) [0x00007943f75bf200, 0x00007943f75bf530] Compiler: c1, Barriers: 0, Oops: 0, ImmediateOops: 0, NonImmediateOops: No
[1,425s][debug][gc,nmethod  ] Register NMethod: java.lang.Class.getModifiers (0x0000794416c22e08) [0x0000794416c22f00, 0x0000794416c22fc0] Compiler: c1, Barriers: 0, Oops: 0, ImmediateOops: 0, NonImmediateOops: No
[1,425s][debug][gc,nmethod  ] Register NMethod: java.lang.reflect.Method.getReturnType (0x0000794416c23108) [0x0000794416c23200, 0x0000794416c232e8] Compiler: c1, Barriers: 1, Oops: 0, ImmediateOops: 0, NonImmediateOops: No
[1,426s][debug][gc,nmethod  ] Register NMethod: java.lang.ClassLoader.getDefinedPackage (0x00007943f75bf588) [0x00007943f75bf680, 0x00007943f75bffd8] Compiler: c1, Barriers: 2, Oops: 1, ImmediateOops: 1, NonImmediateOops: No
[1,427s][debug][gc,nmethod  ] Register NMethod: java.util.HashMap.get (0x0000794416c23408) [0x0000794416c23500, 0x0000794416c23ce8] Compiler: jvmci, Barriers: 12, Oops: 0, ImmediateOops: 0, NonImmediateOops: No
[1,427s][debug][gc,nmethod  ] Register NMethod: java.lang.invoke.MethodHandle.linkToStatic (0x0000794416c23d08) [0x0000794416c23e00, 0x0000794416c23ef0] Compiler: , Barriers: 0, Oops: 0, ImmediateOops: 0, NonImmediateOops: No
[1,428s][debug][gc,nmethod  ] Register NMethod: java.util.ArrayList.iterator (0x00007943f75c0008) [0x00007943f75c0100, 0x00007943f75c0400] Compiler: c1, Barriers: 3, Oops: 0, ImmediateOops: 0, NonImmediateOops: No
[1,428s][debug][gc,nmethod  ] Register NMethod: java.util.ArrayList$Itr.<init> (0x00007943f75c0408) [0x00007943f75c0500, 0x00007943f75c0830] Compiler: c1, Barriers: 3, Oops: 0, ImmediateOops: 0, NonImmediateOops: No
[1,428s][debug][gc,nmethod  ] Register NMethod: java.lang.invoke.MethodHandle.linkToStatic (0x0000794416c24008) [0x0000794416c24100, 0x0000794416c241f0] Compiler: , Barriers: 0, Oops: 0, ImmediateOops: 0, NonImmediateOops: No
[1,428s][debug][gc,nmethod  ] Register NMethod: java.lang.invoke.MethodHandle.linkToVirtual (0x0000794416c24308) [0x0000794416c24400, 0x0000794416c24428] Compiler: , Barriers: 0, Oops: 0, ImmediateOops: 0, NonImmediateOops: No
[1,428s][debug][gc,nmethod  ] Register NMethod: java.lang.invoke.MethodHandle.linkToVirtual (0x0000794416c24608) [0x0000794416c24700, 0x0000794416c24728] Compiler: , Barriers: 0, Oops: 0, ImmediateOops: 0, NonImmediateOops: No
[1,428s][debug][gc,nmethod  ] Register NMethod: jdk.internal.classfile.impl.AbstractPoolEntry$AbstractMemberRefEntry.<init> (0x00007943f75c0888) [0x00007943f75c0980, 0x00007943f75c0ab0] Compiler: c1, Barriers: 0, Oops: 0, ImmediateOops: 0, NonImmediateOops: No
[1,429s][debug][gc,nmethod  ] Register NMethod: java.lang.invoke.InvokerBytecodeGenerator.classDesc (0x00007943f75c0b88) [0x00007943f75c0c80, 0x00007943f75c1f90] Compiler: c1, Barriers: 3, Oops: 1, ImmediateOops: 12, NonImmediateOops: No
[1,430s][debug][gc,nmethod  ] Register NMethod: java.lang.invoke.LambdaForm$BasicType.basicTypeClass (0x0000794416c24908) [0x0000794416c24a00, 0x0000794416c24ae8] Compiler: c1, Barriers: 1, Oops: 0, ImmediateOops: 0, NonImmediateOops: No
[1,430s][debug][gc,nmethod  ] Register NMethod: jdk.internal.classfile.impl.BufWriterImpl.writeU2U2 (0x00007943f75c2008) [0x00007943f75c2100, 0x00007943f75c25c8] Compiler: c1, Barriers: 2, Oops: 0, ImmediateOops: 0, NonImmediateOops: No
[1,430s][debug][gc,nmethod  ] Register NMethod: jdk.internal.classfile.impl.SplitConstantPool.entryByIndex (0x00007943f75c2608) [0x00007943f75c2700, 0x00007943f75c3450] Compiler: c1, Barriers: 0, Oops: 0, ImmediateOops: 0, NonImmediateOops: No
[1,430s][debug][gc,nmethod  ] Register NMethod: java.lang.invoke.LambdaForm$NamedFunction.methodType (0x00007943f75c3488) [0x00007943f75c3580, 0x00007943f75c3c68] Compiler: c1, Barriers: 7, Oops: 0, ImmediateOops: 0, NonImmediateOops: No
[1,430s][debug][gc,nmethod  ] Register NMethod: jdk.internal.classfile.impl.ClassReaderImpl.checkType (0x00007943f75c3c88) [0x00007943f75c3d80, 0x00007943f75c4860] Compiler: c1, Barriers: 0, Oops: 0, ImmediateOops: 0, NonImmediateOops: No
[1,431s][debug][gc,nmethod  ] Register NMethod: java.lang.invoke.MethodType.erase (0x00007943f75c4888) [0x00007943f75c4980, 0x00007943f75c4cc0] Compiler: c1, Barriers: 2, Oops: 0, ImmediateOops: 0, NonImmediateOops: No
[1,431s][debug][gc,nmethod  ] Register NMethod: java.lang.ClassNotFoundException.<init> (0x00007943f75c4d08) [0x00007943f75c4e00, 0x00007943f75c5000] Compiler: c1, Barriers: 0, Oops: 0, ImmediateOops: 0, NonImmediateOops: No
[1,431s][debug][gc,nmethod  ] Register NMethod: java.net.URL.<init> (0x00007943f75c5008) [0x00007943f75c5100, 0x00007943f75c5240] Compiler: c1, Barriers: 0, Oops: 0, ImmediateOops: 0, NonImmediateOops: No
[1,432s][debug][gc,nmethod  ] Register NMethod: java.net.URL.set (0x00007943f75c5308) [0x00007943f75c5400, 0x00007943f75c68f8] Compiler: c1, Barriers: 27, Oops: 1, ImmediateOops: 2, NonImmediateOops: No
[1,432s][debug][gc,nmethod  ] Register NMethod: java.net.URLStreamHandler.setURL (0x00007943f75c6908) [0x00007943f75c6a00, 0x00007943f75c8638] Compiler: c1, Barriers: 5, Oops: 1, ImmediateOops: 3, NonImmediateOops: No
[1,433s][debug][gc,nmethod  ] Register NMethod: java.net.URL.<init> (0x00007943f75c8688) [0x00007943f75c8780, 0x00007943f75cee98] Compiler: c1, Barriers: 55, Oops: 4, ImmediateOops: 14, NonImmediateOops: No
[1,433s][debug][gc,nmethod  ] Register NMethod: java.util.zip.ZipFile$ZipFileInflaterInputStream.<init> (0x00007943f75cef08) [0x00007943f75cf000, 0x00007943f75cf1a8] Compiler: c1, Barriers: 0, Oops: 0, ImmediateOops: 0, NonImmediateOops: No
[1,434s][debug][gc,nmethod  ] Register NMethod: java.util.Arrays.fill (0x00007943f75cf208) [0x00007943f75cf300, 0x00007943f75cf728] Compiler: c1, Barriers: 3, Oops: 0, ImmediateOops: 0, NonImmediateOops: No
[1,434s][debug][gc,nmethod  ] Register NMethod: java.lang.Double.longBitsToDouble (0x0000794416c24c08) [0x0000794416c24d00, 0x0000794416c24e60] Compiler: , Barriers: 0, Oops: 0, ImmediateOops: 1, NonImmediateOops: No
[1,434s][debug][gc,nmethod  ] Register NMethod: java.lang.invoke.MethodTypeForm.cachedLambdaForm (0x00007943f75cf788) [0x00007943f75cf880, 0x00007943f75cfe78] Compiler: c1, Barriers: 2, Oops: 0, ImmediateOops: 0, NonImmediateOops: No
[1,434s][debug][gc,nmethod  ] Register NMethod: java.lang.invoke.InnerClassLambdaMetafactory.classDesc (0x00007943f75cfe88) [0x00007943f75cff80, 0x00007943f75d1038] Compiler: c1, Barriers: 3, Oops: 1, ImmediateOops: 2, NonImmediateOops: No
[1,434s][debug][gc,nmethod  ] Register NMethod: jdk.internal.classfile.impl.BufWriterImpl.getMajorVersion (0x0000794416c24f08) [0x0000794416c25000, 0x0000794416c250c0] Compiler: c1, Barriers: 0, Oops: 0, ImmediateOops: 0, NonImmediateOops: No
[1,434s][debug][gc,nmethod  ] Register NMethod: jdk.internal.classfile.impl.RawBytecodeHelper$CodeRange.length (0x0000794416c25208) [0x0000794416c25300, 0x0000794416c253c0] Compiler: c1, Barriers: 0, Oops: 0, ImmediateOops: 0, NonImmediateOops: No
[1,434s][debug][gc,nmethod  ] Register NMethod: jdk.internal.classfile.impl.StackMapGenerator.maxLocals (0x0000794416c25508) [0x0000794416c25600, 0x0000794416c256c0] Compiler: c1, Barriers: 0, Oops: 0, ImmediateOops: 0, NonImmediateOops: No
[1,434s][debug][gc,nmethod  ] Register NMethod: jdk.internal.classfile.impl.StackMapGenerator.maxStack (0x0000794416c25808) [0x0000794416c25900, 0x0000794416c259c0] Compiler: c1, Barriers: 0, Oops: 0, ImmediateOops: 0, NonImmediateOops: No
[1,435s][debug][gc,nmethod  ] Register NMethod: java.lang.invoke.MethodType.basicType (0x00007943f75d1088) [0x00007943f75d1180, 0x00007943f75d14c0] Compiler: c1, Barriers: 2, Oops: 0, ImmediateOops: 0, NonImmediateOops: No
[1,435s][debug][gc,director ] Rule Major: Warmup 10%, Used: 54MB, UsedThreshold: 1228MB
[1,437s][debug][gc,nmethod  ] Register NMethod: java.lang.invoke.MethodHandle.linkToSpecial (0x0000794416c25b08) [0x0000794416c25c00, 0x0000794416c25cf8] Compiler: , Barriers: 0, Oops: 0, ImmediateOops: 0, NonImmediateOops: No
[1,437s][debug][gc,nmethod  ] Register NMethod: java.lang.invoke.MethodType.parameterSlotCount (0x00007943f75d1508) [0x00007943f75d1600, 0x00007943f75d1910] Compiler: c1, Barriers: 1, Oops: 0, ImmediateOops: 0, NonImmediateOops: No
[1,438s][debug][gc,nmethod  ] Register NMethod: java.lang.invoke.MethodType.parameterType (0x0000794416c25e08) [0x0000794416c25f00, 0x0000794416c26040] Compiler: jvmci, Barriers: 2, Oops: 0, ImmediateOops: 0, NonImmediateOops: No
[1,439s][debug][gc,nmethod  ] Register NMethod: jdk.internal.util.ClassFileDumper.isEnabled (0x0000794416c26108) [0x0000794416c26200, 0x0000794416c262c0] Compiler: c1, Barriers: 0, Oops: 0, ImmediateOops: 0, NonImmediateOops: No
[1,439s][debug][gc,nmethod  ] Register NMethod: java.util.Properties$LineReader.readLine (0x00007943f75d1988) [0x00007943f75d1a80, 0x00007943f75d4f88] Compiler: c1, Barriers: 14, Oops: 0, ImmediateOops: 0, NonImmediateOops: No
[1,440s][debug][gc,nmethod  ] Register NMethod: java.lang.invoke.MethodType.parameterCount (0x0000794416c26408) [0x0000794416c26500, 0x0000794416c265e0] Compiler: jvmci, Barriers: 1, Oops: 0, ImmediateOops: 0, NonImmediateOops: No
[1,440s][debug][gc,nmethod  ] Register NMethod: java.lang.AbstractStringBuilder.append (0x0000794416c26708) [0x0000794416c26800, 0x0000794416c26f90] Compiler: jvmci, Barriers: 5, Oops: 0, ImmediateOops: 0, NonImmediateOops: No
[1,440s][debug][gc,nmethod  ] Register NMethod: java.lang.Class.getReflectionFactory (0x00007943f75d5008) [0x00007943f75d5100, 0x00007943f75d5378] Compiler: c1, Barriers: 4, Oops: 0, ImmediateOops: 4, NonImmediateOops: No
[1,444s][debug][gc,nmethod  ] Register NMethod: java.util.concurrent.ConcurrentHashMap.setTabAt (0x0000794416c27008) [0x0000794416c27100, 0x0000794416c271d0] Compiler: jvmci, Barriers: 3, Oops: 0, ImmediateOops: 0, NonImmediateOops: No
[1,445s][debug][gc,director ] Rule Major: Warmup 10%, Used: 56MB, UsedThreshold: 1228MB
[1,446s][debug][gc,nmethod  ] Register NMethod: java.lang.StringCoding.countPositives (0x0000794416c27308) [0x0000794416c27400, 0x0000794416c27678] Compiler: jvmci, Barriers: 0, Oops: 0, ImmediateOops: 0, NonImmediateOops: No
[1,446s][debug][gc,nmethod  ] Register NMethod: java.util.Arrays.copyOfRange (0x0000794416c27688) [0x0000794416c27780, 0x0000794416c27bc0] Compiler: jvmci, Barriers: 0, Oops: 0, ImmediateOops: 0, NonImmediateOops: No
[1,447s][debug][gc,nmethod  ] Register NMethod: sun.net.www.protocol.jar.Handler.indexOfBangSlash (0x00007943f75d5388) [0x00007943f75d5480, 0x00007943f75d6d80] Compiler: c1, Barriers: 4, Oops: 1, ImmediateOops: 2, NonImmediateOops: No
[1,447s][debug][gc,nmethod  ] Register NMethod: sun.net.www.protocol.jar.Handler.canonicalizeString (0x00007943f75d6e08) [0x00007943f75d6f00, 0x00007943f75d95b0] Compiler: c1, Barriers: 4, Oops: 1, ImmediateOops: 4, NonImmediateOops: No
[1,447s][debug][gc,nmethod  ] Register NMethod: sun.net.www.protocol.jar.Handler.parseURL (0x00007943f75d9608) [0x00007943f75d9700, 0x00007943f75db218] Compiler: c1, Barriers: 3, Oops: 0, ImmediateOops: 3, NonImmediateOops: No
[1,447s][debug][gc,nmethod  ] Register NMethod: sun.net.www.protocol.jar.Handler.parseContextSpec (0x00007943f75db288) [0x00007943f75db380, 0x00007943f75df130] Compiler: c1, Barriers: 11, Oops: 3, ImmediateOops: 8, NonImmediateOops: No
[1,448s][debug][gc,nmethod  ] Register NMethod: java.lang.ClassLoader.addClass (0x00007943f75df188) [0x00007943f75df280, 0x00007943f75dfa80] Compiler: c1, Barriers: 6, Oops: 0, ImmediateOops: 0, NonImmediateOops: No
[1,448s][debug][gc,nmethod  ] Register NMethod: jdk.internal.loader.Resource.getBytes (0x00007943f75dfa88) [0x00007943f75dfb80, 0x00007943f75e1070] Compiler: c1, Barriers: 9, Oops: 0, ImmediateOops: 1, NonImmediateOops: No
[1,448s][debug][gc,nmethod  ] Register NMethod: jdk.internal.loader.URLClassPath$JarLoader$1.<init> (0x00007943f75e1088) [0x00007943f75e1180, 0x00007943f75e16e0] Compiler: c1, Barriers: 15, Oops: 0, ImmediateOops: 0, NonImmediateOops: No
[1,448s][debug][gc,nmethod  ] Register NMethod: jdk.internal.loader.Resource.<init> (0x00007943f75e1708) [0x00007943f75e1800, 0x00007943f75e1958] Compiler: c1, Barriers: 0, Oops: 0, ImmediateOops: 0, NonImmediateOops: No
[1,448s][debug][gc,nmethod  ] Register NMethod: jdk.internal.loader.URLClassPath$JarLoader$1.getCodeSourceURL (0x00007943f75e1a08) [0x00007943f75e1b00, 0x00007943f75e1c68] Compiler: c1, Barriers: 2, Oops: 0, ImmediateOops: 0, NonImmediateOops: No
[1,448s][debug][gc,nmethod  ] Register NMethod: java.util.jar.JavaUtilJarAccessImpl.ensureInitialization (0x00007943f75e1d08) [0x00007943f75e1e00, 0x00007943f75e2100] Compiler: c1, Barriers: 0, Oops: 0, ImmediateOops: 0, NonImmediateOops: No
[1,448s][debug][gc,nmethod  ] Register NMethod: java.util.jar.JarFile.getManifest (0x00007943f75e2108) [0x00007943f75e2200, 0x00007943f75e2330] Compiler: c1, Barriers: 0, Oops: 0, ImmediateOops: 0, NonImmediateOops: No
[1,448s][debug][gc,nmethod  ] Register NMethod: java.util.jar.JarFile.ensureInitialization (0x00007943f75e2408) [0x00007943f75e2500, 0x00007943f75e2cf0] Compiler: c1, Barriers: 4, Oops: 0, ImmediateOops: 0, NonImmediateOops: No
[1,448s][debug][gc,nmethod  ] Register NMethod: jdk.internal.loader.URLClassPath$JarLoader$1.getManifest (0x00007943f75e2d08) [0x00007943f75e2e00, 0x00007943f75e3af0] Compiler: c1, Barriers: 6, Oops: 1, ImmediateOops: 4, NonImmediateOops: No
[1,448s][debug][gc,nmethod  ] Register NMethod: java.util.jar.JarFile.getInputStream (0x00007943f75e3b08) [0x00007943f75e3c00, 0x00007943f75e4550] Compiler: c1, Barriers: 3, Oops: 1, ImmediateOops: 1, NonImmediateOops: No
[1,449s][debug][gc,nmethod  ] Register NMethod: jdk.internal.loader.URLClassPath$JarLoader$1.getContentLength (0x00007943f75e4588) [0x00007943f75e4680, 0x00007943f75e4998] Compiler: c1, Barriers: 1, Oops: 0, ImmediateOops: 0, NonImmediateOops: No
[1,449s][debug][gc,nmethod  ] Register NMethod: jdk.internal.loader.Resource.getByteBuffer (0x00007943f75e4a08) [0x00007943f75e4b00, 0x00007943f75e5878] Compiler: c1, Barriers: 8, Oops: 0, ImmediateOops: 0, NonImmediateOops: No
[1,449s][debug][gc,nmethod  ] Register NMethod: jdk.internal.loader.URLClassPath$JarLoader$1.getBytes (0x00007943f75e5888) [0x00007943f75e5980, 0x00007943f75e6268] Compiler: c1, Barriers: 4, Oops: 0, ImmediateOops: 1, NonImmediateOops: No
[1,449s][debug][gc,nmethod  ] Register NMethod: java.util.zip.Checksum.update (0x00007943f75e6288) [0x00007943f75e6380, 0x00007943f75e64f8] Compiler: c1, Barriers: 0, Oops: 0, ImmediateOops: 0, NonImmediateOops: No
[1,449s][debug][gc,nmethod  ] Register NMethod: java.util.zip.CRC32.<init> (0x00007943f75e6588) [0x00007943f75e6680, 0x00007943f75e67d8] Compiler: c1, Barriers: 0, Oops: 0, ImmediateOops: 0, NonImmediateOops: No
[1,449s][debug][gc,nmethod  ] Register NMethod: java.lang.invoke.MethodHandle.linkToVirtual (0x0000794416c27c08) [0x0000794416c27d00, 0x0000794416c27d28] Compiler: , Barriers: 0, Oops: 0, ImmediateOops: 0, NonImmediateOops: No
[1,449s][debug][gc,nmethod  ] Register NMethod: java.net.URLStreamHandler.setURL (0x00007943f75e6888) [0x00007943f75e6980, 0x00007943f75ead30] Compiler: c1, Barriers: 5, Oops: 1, ImmediateOops: 2, NonImmediateOops: No
[1,449s][debug][gc,nmethod  ] Register NMethod: java.util.zip.CRC32.update (0x00007943f75ead88) [0x00007943f75eae80, 0x00007943f75eb278] Compiler: c1, Barriers: 0, Oops: 1, ImmediateOops: 1, NonImmediateOops: No
[1,449s][debug][gc,nmethod  ] Register NMethod: java.util.zip.CRC32.updateBytesCheck (0x00007943f75eb288) [0x00007943f75eb380, 0x00007943f75eb6a0] Compiler: c1, Barriers: 0, Oops: 1, ImmediateOops: 1, NonImmediateOops: No
[1,449s][debug][gc,nmethod  ] Register NMethod: java.util.jar.JarFile.getManifestFromReference (0x00007943f75eb708) [0x00007943f75eb800, 0x00007943f75eda18] Compiler: c1, Barriers: 23, Oops: 0, ImmediateOops: 4, NonImmediateOops: No
[1,449s][debug][gc,nmethod  ] Register NMethod: java.util.zip.CRC32.updateBytes (0x00007943f75eda88) [0x00007943f75edb80, 0x00007943f75edf18] Compiler: c1, Barriers: 0, Oops: 1, ImmediateOops: 1, NonImmediateOops: No
[1,449s][debug][gc,nmethod  ] Register NMethod: jdk.internal.loader.URLClassPath$JarLoader$1.getCodeSigners (0x00007943f75edf88) [0x00007943f75ee080, 0x00007943f75ee3c0] Compiler: c1, Barriers: 1, Oops: 0, ImmediateOops: 0, NonImmediateOops: No
[1,449s][debug][gc,nmethod  ] Register NMethod: java.util.zip.CRC32.getValue (0x00007943f75ee408) [0x00007943f75ee500, 0x00007943f75ee610] Compiler: c1, Barriers: 0, Oops: 0, ImmediateOops: 0, NonImmediateOops: No
[1,449s][debug][gc,nmethod  ] Register NMethod: java.lang.ClassLoader.getNamedPackage (0x00007943f75ee708) [0x00007943f75ee800, 0x00007943f75ef188] Compiler: c1, Barriers: 2, Oops: 0, ImmediateOops: 0, NonImmediateOops: No
[1,449s][debug][gc,nmethod  ] Register NMethod: java.security.CodeSource.<init> (0x00007943f75ef208) [0x00007943f75ef300, 0x00007943f75efa58] Compiler: c1, Barriers: 18, Oops: 0, ImmediateOops: 0, NonImmediateOops: No
[1,449s][debug][gc,nmethod  ] Register NMethod: java.security.SecureClassLoader.defineClass (0x00007943f75efa88) [0x00007943f75efb80, 0x00007943f75efee8] Compiler: c1, Barriers: 0, Oops: 0, ImmediateOops: 0, NonImmediateOops: No
[1,449s][debug][gc,nmethod  ] Register NMethod: java.lang.ClassLoader.postDefineClass (0x00007943f75eff08) [0x00007943f75f0000, 0x00007943f75f1500] Compiler: c1, Barriers: 6, Oops: 0, ImmediateOops: 0, NonImmediateOops: No
[1,449s][debug][gc,nmethod  ] Register NMethod: java.security.SecureClassLoader$CodeSourceKey.<init> (0x00007943f75f1508) [0x00007943f75f1600, 0x00007943f75f1830] Compiler: c1, Barriers: 3, Oops: 0, ImmediateOops: 0, NonImmediateOops: No
[1,449s][debug][gc,nmethod  ] Register NMethod: java.util.jar.JarFile$JarFileEntry.getCodeSigners (0x00007943f75f1888) [0x00007943f75f1980, 0x00007943f75f2120] Compiler: c1, Barriers: 8, Oops: 0, ImmediateOops: 0, NonImmediateOops: No
[1,449s][debug][gc,nmethod  ] Register NMethod: java.security.SecureClassLoader.getProtectionDomain (0x00007943f75f2188) [0x00007943f75f2280, 0x00007943f75f2bf8] Compiler: c1, Barriers: 7, Oops: 0, ImmediateOops: 0, NonImmediateOops: No
[1,449s][debug][gc,nmethod  ] Register NMethod: java.security.SecureClassLoader$CodeSourceKey.hashCode (0x00007943f75f2c08) [0x00007943f75f2d00, 0x00007943f75f2f98] Compiler: c1, Barriers: 2, Oops: 0, ImmediateOops: 0, NonImmediateOops: No
[1,450s][debug][gc,nmethod  ] Register NMethod: java.lang.ClassLoader.defineClassSourceLocation (0x00007943f75f3008) [0x00007943f75f3100, 0x00007943f75f3ec8] Compiler: c1, Barriers: 3, Oops: 0, ImmediateOops: 0, NonImmediateOops: No
[1,450s][debug][gc,nmethod  ] Register NMethod: java.lang.reflect.Method.getDeclaringClass (0x0000794416c27f08) [0x0000794416c28000, 0x0000794416c280e8] Compiler: c1, Barriers: 1, Oops: 0, ImmediateOops: 0, NonImmediateOops: No
[1,450s][debug][gc,nmethod  ] Register NMethod: java.lang.ClassLoader.defineClass (0x00007943f75f3f08) [0x00007943f75f4000, 0x00007943f75f4f68] Compiler: c1, Barriers: 3, Oops: 0, ImmediateOops: 0, NonImmediateOops: No
[1,450s][debug][gc,nmethod  ] Register NMethod: java.lang.ClassLoader.checkCerts (0x00007943f75f4f88) [0x00007943f75f5080, 0x00007943f75f7650] Compiler: c1, Barriers: 2, Oops: 2, ImmediateOops: 5, NonImmediateOops: No
[1,450s][debug][gc,nmethod  ] Register NMethod: java.lang.ClassLoader.preDefineClass (0x00007943f75f7688) [0x00007943f75f7780, 0x00007943f75fa760] Compiler: c1, Barriers: 3, Oops: 3, ImmediateOops: 6, NonImmediateOops: No
[1,450s][debug][gc,nmethod  ] Register NMethod: java.security.SecureClassLoader$1.<init> (0x00007943f75fa788) [0x00007943f75fa880, 0x00007943f75faba8] Compiler: c1, Barriers: 3, Oops: 0, ImmediateOops: 0, NonImmediateOops: No
[1,450s][debug][gc,nmethod  ] Register NMethod: java.lang.invoke.LambdaForm$Name.type (0x0000794416c28208) [0x0000794416c28300, 0x0000794416c283e8] Compiler: c1, Barriers: 1, Oops: 0, ImmediateOops: 0, NonImmediateOops: No
[1,451s][debug][gc,nmethod  ] Register NMethod: java.lang.invoke.MethodHandle.linkToStatic (0x0000794416c28508) [0x0000794416c28600, 0x0000794416c286f0] Compiler: , Barriers: 0, Oops: 0, ImmediateOops: 0, NonImmediateOops: No
[1,451s][debug][gc,nmethod  ] Register NMethod: java.lang.invoke.MethodHandle.invokeBasic (0x0000794416c28808) [0x0000794416c28900, 0x0000794416c28b98] Compiler: , Barriers: 0, Oops: 0, ImmediateOops: 0, NonImmediateOops: No
[1,451s][debug][gc,nmethod  ] Register NMethod: jdk.internal.classfile.impl.Util.writeAttribute (0x00007943f75fac08) [0x00007943f75fad00, 0x00007943f75fbac0] Compiler: c1, Barriers: 0, Oops: 0, ImmediateOops: 0, NonImmediateOops: No
[1,451s][debug][gc,nmethod  ] Register NMethod: java.lang.invoke.MethodHandle.linkToSpecial (0x0000794416c28c08) [0x0000794416c28d00, 0x0000794416c28df8] Compiler: , Barriers: 0, Oops: 0, ImmediateOops: 0, NonImmediateOops: No
[1,452s][debug][gc,nmethod  ] Register NMethod: java.lang.invoke.MethodHandle.linkToStatic (0x0000794416c28f08) [0x0000794416c29000, 0x0000794416c290f0] Compiler: , Barriers: 0, Oops: 0, ImmediateOops: 0, NonImmediateOops: No
[1,452s][debug][gc,nmethod  ] Register NMethod: java.lang.invoke.MethodHandle.invokeBasic (0x0000794416c29208) [0x0000794416c29300, 0x0000794416c29598] Compiler: , Barriers: 0, Oops: 0, ImmediateOops: 0, NonImmediateOops: No
[1,452s][debug][gc,nmethod  ] Register NMethod: jdk.internal.classfile.impl.BufWriterImpl.skip (0x00007943f75fbb08) [0x00007943f75fbc00, 0x00007943f75fbff8] Compiler: c1, Barriers: 1, Oops: 0, ImmediateOops: 0, NonImmediateOops: No
[1,452s][debug][gc,nmethod  ] Register NMethod: java.lang.invoke.MethodHandle.linkToSpecial (0x0000794416c29608) [0x0000794416c29700, 0x0000794416c297f8] Compiler: , Barriers: 0, Oops: 0, ImmediateOops: 0, NonImmediateOops: No
[1,452s][debug][gc,nmethod  ] Register NMethod: jdk.internal.classfile.impl.AbstractDirectBuilder.writeAttribute (0x00007943f75fc008) [0x00007943f75fc100, 0x00007943f75fc338] Compiler: c1, Barriers: 2, Oops: 0, ImmediateOops: 0, NonImmediateOops: No
[1,452s][debug][gc,nmethod  ] Register NMethod: jdk.internal.constant.MethodTypeDescImpl.<init> (0x00007943f75fc388) [0x00007943f75fc480, 0x00007943f75fc6c8] Compiler: c1, Barriers: 6, Oops: 0, ImmediateOops: 0, NonImmediateOops: No
[1,452s][debug][gc,nmethod  ] Register NMethod: jdk.internal.constant.MethodTypeDescImpl.ofValidated (0x00007943f75fc708) [0x00007943f75fc800, 0x00007943f75fcd48] Compiler: c1, Barriers: 12, Oops: 1, ImmediateOops: 1, NonImmediateOops: No
[1,453s][debug][gc,nmethod  ] Register NMethod: jdk.internal.classfile.impl.BufWriterImpl.patchInt (0x00007943f75fcd88) [0x00007943f75fce80, 0x00007943f75fd060] Compiler: c1, Barriers: 1, Oops: 0, ImmediateOops: 0, NonImmediateOops: No
[1,453s][debug][gc,nmethod  ] Register NMethod: jdk.internal.classfile.impl.Util.isAttributeAllowed (0x00007943f75fd088) [0x00007943f75fd180, 0x00007943f75fe0c8] Compiler: c1, Barriers: 3, Oops: 0, ImmediateOops: 0, NonImmediateOops: No
[1,453s][debug][gc,nmethod  ] Register NMethod: java.lang.invoke.MethodHandle.invokeBasic (0x0000794416c29908) [0x0000794416c29a00, 0x0000794416c29c98] Compiler: , Barriers: 0, Oops: 0, ImmediateOops: 0, NonImmediateOops: No
[1,453s][debug][gc,nmethod  ] Register NMethod: java.lang.invoke.MethodHandle.linkToSpecial (0x0000794416c29d08) [0x0000794416c29e00, 0x0000794416c29ef8] Compiler: , Barriers: 0, Oops: 0, ImmediateOops: 0, NonImmediateOops: No
[1,453s][debug][gc,nmethod  ] Register NMethod: jdk.internal.constant.PrimitiveClassDescImpl.descriptorString (0x0000794416c2a008) [0x0000794416c2a100, 0x0000794416c2a1e8] Compiler: c1, Barriers: 1, Oops: 0, ImmediateOops: 0, NonImmediateOops: No
[1,453s][debug][gc,nmethod  ] Register NMethod: java.lang.invoke.LambdaForm$NamedFunction.returnType (0x00007943f75fe108) [0x00007943f75fe200, 0x00007943f75ff070] Compiler: c1, Barriers: 8, Oops: 0, ImmediateOops: 0, NonImmediateOops: No
[1,453s][debug][gc,nmethod  ] Register NMethod: java.util.ArrayList.<init> (0x00007943f75ff088) [0x00007943f75ff180, 0x00007943f7600198] Compiler: c1, Barriers: 6, Oops: 1, ImmediateOops: 3, NonImmediateOops: No
[1,453s][debug][gc,nmethod  ] Register NMethod: java.lang.Math.ceil (0x00007943f7600208) [0x00007943f7600300, 0x00007943f7600410] Compiler: c1, Barriers: 0, Oops: 0, ImmediateOops: 0, NonImmediateOops: No
[1,453s][debug][gc,nmethod  ] Register NMethod: java.lang.StrictMath.ceil (0x00007943f7600508) [0x00007943f7600620, 0x00007943f7600748] Compiler: c1, Barriers: 0, Oops: 0, ImmediateOops: 0, NonImmediateOops: No
[1,453s][debug][gc,nmethod  ] Register NMethod: java.lang.Math.getExponent (0x00007943f7600808) [0x00007943f7600900, 0x00007943f7600a20] Compiler: c1, Barriers: 0, Oops: 0, ImmediateOops: 0, NonImmediateOops: No
[1,453s][debug][gc,nmethod  ] Register NMethod: sun.invoke.util.VerifyType.isNullConversion (0x00007943f7600b08) [0x00007943f7600c00, 0x00007943f76046d0] Compiler: c1, Barriers: 0, Oops: 0, ImmediateOops: 5, NonImmediateOops: No
[1,454s][debug][gc,nmethod  ] Register NMethod: java.lang.invoke.LambdaForm.internArgument (0x00007943f7604708) [0x00007943f7604800, 0x00007943f7604db0] Compiler: c1, Barriers: 4, Oops: 0, ImmediateOops: 1, NonImmediateOops: No
[1,454s][debug][gc,nmethod  ] Register NMethod: java.lang.StrictMath.floorOrCeil (0x00007943f7604e08) [0x00007943f7604f00, 0x00007943f7605330] Compiler: c1, Barriers: 0, Oops: 0, ImmediateOops: 0, NonImmediateOops: No
[1,454s][debug][gc,nmethod  ] Register NMethod: java.lang.invoke.LambdaForm$Name.replaceNames (0x00007943f7605388) [0x00007943f7605480, 0x00007943f7606700] Compiler: c1, Barriers: 10, Oops: 0, ImmediateOops: 0, NonImmediateOops: No
[1,454s][debug][gc,nmethod  ] Register NMethod: jdk.internal.classfile.impl.AbstractPoolEntry$FieldRefEntryImpl.tag (0x0000794416c2a308) [0x0000794416c2a400, 0x0000794416c2a4c0] Compiler: c1, Barriers: 0, Oops: 0, ImmediateOops: 0, NonImmediateOops: No
[1,454s][debug][gc,nmethod  ] Register NMethod: jdk.internal.classfile.impl.BufWriterImpl.writeInt (0x00007943f7606708) [0x00007943f7606800, 0x00007943f7606cc8] Compiler: c1, Barriers: 2, Oops: 0, ImmediateOops: 0, NonImmediateOops: No
[1,455s][debug][gc,nmethod  ] Register NMethod: worker.org.gradle.internal.classloader.FilteringClassLoader$TrieSet.contains (0x00007943f7606d08) [0x00007943f7606e00, 0x00007943f7607148] Compiler: c1, Barriers: 1, Oops: 1, ImmediateOops: 0, NonImmediateOops: No
[1,455s][debug][gc,nmethod  ] Register NMethod: java.util.jar.JavaUtilJarAccessImpl.getTrustedAttributes (0x00007943f7607188) [0x00007943f7607280, 0x00007943f76073d8] Compiler: c1, Barriers: 0, Oops: 0, ImmediateOops: 0, NonImmediateOops: No
[1,455s][debug][gc,nmethod  ] Register NMethod: java.util.jar.Manifest.getAttributes (0x00007943f7607488) [0x00007943f7607580, 0x00007943f7607ae8] Compiler: c1, Barriers: 1, Oops: 0, ImmediateOops: 0, NonImmediateOops: No
[1,455s][debug][gc,nmethod  ] Register NMethod: jdk.internal.perf.PerfCounter.getReadClassBytesTime (0x00007943f7607b08) [0x00007943f7607c00, 0x00007943f7607ce8] Compiler: c1, Barriers: 0, Oops: 0, ImmediateOops: 1, NonImmediateOops: No
[1,455s][debug][gc,nmethod  ] Register NMethod: java.util.jar.Manifest.getTrustedAttributes (0x00007943f7607e08) [0x00007943f7607f00, 0x00007943f7609200] Compiler: c1, Barriers: 2, Oops: 1, ImmediateOops: 2, NonImmediateOops: No
[1,455s][debug][gc,nmethod  ] Register NMethod: java.net.URLClassLoader.getAndVerifyPackage (0x00007943f7609288) [0x00007943f7609380, 0x00007943f760bed8] Compiler: c1, Barriers: 4, Oops: 4, ImmediateOops: 6, NonImmediateOops: No
[1,456s][debug][gc,director ] Rule Major: Warmup 10%, Used: 58MB, UsedThreshold: 1228MB
[1,456s][debug][gc,nmethod  ] Register NMethod: java.net.URLClassLoader.findClass (0x00007943f760bf08) [0x00007943f760c000, 0x00007943f760ec20] Compiler: c1, Barriers: 7, Oops: 1, ImmediateOops: 8, NonImmediateOops: No
[1,456s][debug][gc,nmethod  ] Register NMethod: jdk.internal.classfile.impl.SplitConstantPool.map (0x0000794416c2a608) [0x0000794416c2a720, 0x0000794416c2abb0] Compiler: jvmci, Barriers: 6, Oops: 1, ImmediateOops: 0, NonImmediateOops: No
[1,456s][debug][gc,nmethod  ] Register NMethod: java.net.URLClassLoader.defineClass (0x00007943f760ec88) [0x00007943f760ed80, 0x00007943f7613618] Compiler: c1, Barriers: 19, Oops: 2, ImmediateOops: 8, NonImmediateOops: No
[1,456s][debug][gc,nmethod  ] Register NMethod: java.lang.reflect.AccessibleObject.<init> (0x00007943f7613688) [0x00007943f7613780, 0x00007943f76138d8] Compiler: c1, Barriers: 0, Oops: 0, ImmediateOops: 0, NonImmediateOops: No
[1,457s][debug][gc,nmethod  ] Register NMethod: java.util.Collections$1.hasNext (0x0000794416c2ac08) [0x0000794416c2ad00, 0x0000794416c2adc0] Compiler: c1, Barriers: 0, Oops: 0, ImmediateOops: 0, NonImmediateOops: No
[1,457s][debug][gc,nmethod  ] Register NMethod: java.util.HashMap.resize (0x00007943f7613988) [0x00007943f7613aa0, 0x00007943f7615780] Compiler: c1, Barriers: 31, Oops: 0, ImmediateOops: 0, NonImmediateOops: No
[1,457s][debug][gc,nmethod  ] Register NMethod: java.security.SecureClassLoader$CodeSourceKey.equals (0x00007943f7615788) [0x00007943f7615880, 0x00007943f76161d8] Compiler: c1, Barriers: 6, Oops: 0, ImmediateOops: 0, NonImmediateOops: No
[1,457s][debug][gc,nmethod  ] Register NMethod: java.security.CodeSource.matchCerts (0x00007943f7616208) [0x00007943f7616300, 0x00007943f76171b0] Compiler: c1, Barriers: 17, Oops: 0, ImmediateOops: 0, NonImmediateOops: No
[1,458s][debug][gc,nmethod  ] Register NMethod: jdk.internal.loader.URLClassPath$JarLoader.createResource (0x00007943f7617208) [0x00007943f7617300, 0x00007943f7617e20] Compiler: c1, Barriers: 2, Oops: 0, ImmediateOops: 0, NonImmediateOops: No
[1,459s][debug][gc,nmethod  ] Register NMethod: jdk.internal.access.SharedSecrets.getJavaLangAccess (0x00007943f7617e88) [0x00007943f7617f80, 0x00007943f76180a8] Compiler: c1, Barriers: 1, Oops: 0, ImmediateOops: 1, NonImmediateOops: No
[1,460s][debug][gc,nmethod  ] Register NMethod: java.lang.invoke.MemberName$Factory.resolveOrFail (0x00007943f7618188) [0x00007943f7618280, 0x00007943f7619268] Compiler: c1, Barriers: 1, Oops: 0, ImmediateOops: 0, NonImmediateOops: No
[1,461s][debug][gc,nmethod  ] Register NMethod: java.lang.invoke.MethodType.insertParameterTypes (0x00007943f7619288) [0x00007943f7619380, 0x00007943f761adf8] Compiler: c1, Barriers: 6, Oops: 1, ImmediateOops: 3, NonImmediateOops: No
[1,461s][debug][gc,nmethod  ] Register NMethod: java.lang.invoke.MethodType.rtype (0x0000794416c2af08) [0x0000794416c2b000, 0x0000794416c2b0e8] Compiler: c1, Barriers: 1, Oops: 0, ImmediateOops: 0, NonImmediateOops: No
[1,461s][debug][gc,nmethod  ] Register NMethod: jdk.internal.classfile.impl.DirectCodeBuilder.loadLocal (0x00007943f761ae08) [0x00007943f761af00, 0x00007943f761cd88] Compiler: c1, Barriers: 5, Oops: 0, ImmediateOops: 2, NonImmediateOops: No
[1,461s][debug][gc,nmethod  ] Register NMethod: jdk.internal.classfile.impl.StackMapGenerator$Frame.pushStack (0x00007943f761ce08) [0x00007943f761cf00, 0x00007943f761da20] Compiler: c1, Barriers: 0, Oops: 0, ImmediateOops: 10, NonImmediateOops: No
[1,464s][debug][gc,nmethod  ] Register NMethod: java.io.BufferedInputStream.getBufIfOpen (0x00007943f761da88) [0x00007943f761db80, 0x00007943f761df98] Compiler: c1, Barriers: 7, Oops: 0, ImmediateOops: 3, NonImmediateOops: No
[1,464s][debug][gc,nmethod  ] Register NMethod: java.io.BufferedInputStream.ensureOpen (0x00007943f761e008) [0x00007943f761e100, 0x00007943f761e340] Compiler: c1, Barriers: 1, Oops: 0, ImmediateOops: 1, NonImmediateOops: No
[1,464s][debug][gc,nmethod  ] Register NMethod: java.io.DataInputStream.readFully (0x00007943f761e388) [0x00007943f761e480, 0x00007943f761eb30] Compiler: c1, Barriers: 1, Oops: 0, ImmediateOops: 0, NonImmediateOops: No
[1,464s][debug][gc,nmethod  ] Register NMethod: java.lang.invoke.VarHandleByteArrayAsShorts$ArrayHandle.index (0x00007943f761eb88) [0x00007943f761ec80, 0x00007943f761edb8] Compiler: c1, Barriers: 0, Oops: 1, ImmediateOops: 1, NonImmediateOops: No
[1,464s][debug][gc,nmethod  ] Register NMethod: java.io.BufferedInputStream.read (0x00007943f761ee88) [0x00007943f761ef80, 0x00007943f761fab8] Compiler: c1, Barriers: 2, Oops: 0, ImmediateOops: 1, NonImmediateOops: No
[1,464s][debug][gc,nmethod  ] Register NMethod: java.io.BufferedInputStream.read1 (0x00007943f761fb08) [0x00007943f761fc00, 0x00007943f76204d0] Compiler: c1, Barriers: 1, Oops: 0, ImmediateOops: 1, NonImmediateOops: No
[1,464s][debug][gc,nmethod  ] Register NMethod: java.io.DataInputStream.readUTF (0x00007943f7620508) [0x00007943f7620600, 0x00007943f7620730] Compiler: c1, Barriers: 0, Oops: 0, ImmediateOops: 0, NonImmediateOops: No
[1,464s][debug][gc,nmethod  ] Register NMethod: java.lang.invoke.VarHandleByteArrayAsShorts$ArrayHandle.get (0x00007943f7620808) [0x00007943f7620900, 0x00007943f76210b0] Compiler: c1, Barriers: 0, Oops: 2, ImmediateOops: 2, NonImmediateOops: No
[1,464s][debug][gc,nmethod  ] Register NMethod: java.lang.System$1.uncheckedNewStringNoRepl (0x00007943f7621108) [0x00007943f7621200, 0x00007943f7621338] Compiler: c1, Barriers: 0, Oops: 0, ImmediateOops: 0, NonImmediateOops: No
[1,464s][debug][gc,nmethod  ] Register NMethod: java.lang.String.newStringNoRepl (0x00007943f7621408) [0x00007943f7621500, 0x00007943f7622180] Compiler: c1, Barriers: 1, Oops: 0, ImmediateOops: 0, NonImmediateOops: No
[1,465s][debug][gc,nmethod  ] Register NMethod: jdk.internal.util.ByteArray.getUnsignedShort (0x00007943f7622188) [0x00007943f7622280, 0x00007943f7622bf0] Compiler: c1, Barriers: 0, Oops: 5, ImmediateOops: 4, NonImmediateOops: No
[1,465s][debug][gc,nmethod  ] Register NMethod: java.io.DataInputStream.readUnsignedShort (0x00007943f7622c88) [0x00007943f7622d80, 0x00007943f76239d8] Compiler: c1, Barriers: 2, Oops: 5, ImmediateOops: 4, NonImmediateOops: No
[1,465s][debug][gc,nmethod  ] Register NMethod: java.lang.Short.toUnsignedInt (0x0000794416c2b208) [0x0000794416c2b300, 0x0000794416c2b368] Compiler: jvmci, Barriers: 0, Oops: 0, ImmediateOops: 0, NonImmediateOops: No
[1,465s][debug][gc,nmethod  ] Register NMethod: java.lang.System$1.uncheckedCountPositives (0x0000794416c2b508) [0x0000794416c2b600, 0x0000794416c2b708] Compiler: jvmci, Barriers: 0, Oops: 0, ImmediateOops: 0, NonImmediateOops: No
[1,465s][debug][gc,nmethod  ] Register NMethod: java.lang.String.newStringNoRepl1 (0x00007943f7623a08) [0x00007943f7623b00, 0x00007943f7625590] Compiler: c1, Barriers: 12, Oops: 0, ImmediateOops: 4, NonImmediateOops: No
[1,465s][debug][gc,nmethod  ] Register NMethod: java.io.DataInputStream.readFully (0x00007943f7625608) [0x00007943f7625700, 0x00007943f7625a08] Compiler: c1, Barriers: 0, Oops: 0, ImmediateOops: 0, NonImmediateOops: No
[1,465s][debug][gc,nmethod  ] Register NMethod: java.io.DataInputStream.readShort (0x00007943f7625a88) [0x00007943f7625b80, 0x00007943f7626780] Compiler: c1, Barriers: 2, Oops: 5, ImmediateOops: 4, NonImmediateOops: No
[1,465s][debug][gc,nmethod  ] Register NMethod: jdk.internal.util.ByteArray.getShort (0x00007943f7626808) [0x00007943f7626900, 0x00007943f7627210] Compiler: c1, Barriers: 0, Oops: 5, ImmediateOops: 4, NonImmediateOops: No
[1,466s][debug][gc,director ] Rule Major: Warmup 10%, Used: 58MB, UsedThreshold: 1228MB
[1,466s][debug][gc,nmethod  ] Register NMethod: java.io.DataInputStream.readUTF (0x00007943f7627288) [0x00007943f7627380, 0x00007943f762b7b0] Compiler: c1, Barriers: 9, Oops: 2, ImmediateOops: 13, NonImmediateOops: No
[1,466s][debug][gc,nmethod  ] Register NMethod: java.io.ByteArrayInputStream.read (0x00007943f762b808) [0x00007943f762b900, 0x00007943f762bc08] Compiler: c1, Barriers: 1, Oops: 0, ImmediateOops: 0, NonImmediateOops: No
[1,466s][debug][gc,nmethod  ] Register NMethod: java.io.DataInputStream.readUnsignedByte (0x00007943f762bc88) [0x00007943f762bd80, 0x00007943f762c1c0] Compiler: c1, Barriers: 1, Oops: 0, ImmediateOops: 0, NonImmediateOops: No
[1,466s][debug][gc,nmethod  ] Register NMethod: java.io.DataInputStream.readByte (0x00007943f762c208) [0x00007943f762c300, 0x00007943f762c958] Compiler: c1, Barriers: 1, Oops: 0, ImmediateOops: 0, NonImmediateOops: No
[1,466s][debug][gc,nmethod  ] Register NMethod: sun.util.calendar.ZoneInfoFile.indexOf (0x00007943f762c988) [0x00007943f762ca80, 0x00007943f762cca8] Compiler: c1, Barriers: 0, Oops: 0, ImmediateOops: 0, NonImmediateOops: No
[1,466s][debug][gc,nmethod  ] Register NMethod: sun.util.calendar.ZoneInfoFile.addTrans (0x00007943f762cd08) [0x00007943f762ce00, 0x00007943f762d2f0] Compiler: c1, Barriers: 0, Oops: 0, ImmediateOops: 0, NonImmediateOops: No
[1,466s][debug][gc,nmethod  ] Register NMethod: java.util.zip.Checksum.update (0x00007943f762d308) [0x00007943f762d400, 0x00007943f762d738] Compiler: c1, Barriers: 0, Oops: 0, ImmediateOops: 0, NonImmediateOops: No
[1,466s][debug][gc,nmethod  ] Register NMethod: sun.util.calendar.ZoneInfoFile$Checksum.update (0x00007943f762d788) [0x00007943f762d880, 0x00007943f762de48] Compiler: c1, Barriers: 0, Oops: 0, ImmediateOops: 0, NonImmediateOops: No
[1,466s][debug][gc,nmethod  ] Register NMethod: sun.util.calendar.ZoneInfoFile$Checksum.update (0x00007943f762de88) [0x00007943f762df80, 0x00007943f762e5a0] Compiler: c1, Barriers: 0, Oops: 0, ImmediateOops: 0, NonImmediateOops: No
[1,469s][debug][gc,nmethod  ] Register NMethod: sun.util.locale.LocaleUtils.isUpper (0x00007943f762e608) [0x00007943f762e700, 0x00007943f762e858] Compiler: c1, Barriers: 0, Oops: 0, ImmediateOops: 0, NonImmediateOops: No
[1,469s][debug][gc,nmethod  ] Register NMethod: jdk.internal.util.ReferencedKeyMap.internKey (0x00007943f7571b88) [0x00007943f7571c80, 0x00007943f7573428] Compiler: c1, Barriers: 5, Oops: 0, ImmediateOops: 0, NonImmediateOops: No
[1,469s][debug][gc,nmethod  ] Register NMethod: jdk.internal.util.ReferencedKeyMap.entryKey (0x00007943f7563788) [0x00007943f7563880, 0x00007943f7564098] Compiler: c1, Barriers: 8, Oops: 0, ImmediateOops: 1, NonImmediateOops: No
[1,470s][debug][gc,nmethod  ] Register NMethod: jdk.internal.util.ReferencedKeySet.intern (0x00007943f762e908) [0x00007943f762ea00, 0x00007943f762ec38] Compiler: c1, Barriers: 1, Oops: 0, ImmediateOops: 0, NonImmediateOops: No
[1,470s][debug][gc,nmethod  ] Register NMethod: jdk.internal.util.ReferencedKeyMap.intern (0x00007943f762ec88) [0x00007943f762ed80, 0x00007943f7630620] Compiler: c1, Barriers: 9, Oops: 1, ImmediateOops: 0, NonImmediateOops: No
[1,471s][debug][gc,nmethod  ] Register NMethod: java.lang.invoke.MethodHandle.linkToStatic (0x0000794416c2b808) [0x0000794416c2b900, 0x0000794416c2b9f0] Compiler: , Barriers: 0, Oops: 0, ImmediateOops: 0, NonImmediateOops: No
[1,471s][debug][gc,nmethod  ] Register NMethod: java.lang.invoke.MethodHandle.linkToSpecial (0x0000794416c2bb08) [0x0000794416c2bc00, 0x0000794416c2bcf8] Compiler: , Barriers: 0, Oops: 0, ImmediateOops: 0, NonImmediateOops: No
[1,471s][debug][gc,nmethod  ] Register NMethod: java.lang.invoke.MethodHandle.invokeBasic (0x0000794416c2be08) [0x0000794416c2bf00, 0x0000794416c2c198] Compiler: , Barriers: 0, Oops: 0, ImmediateOops: 0, NonImmediateOops: No
[1,471s][debug][gc,nmethod  ] Register NMethod: java.lang.invoke.MethodHandle.linkToSpecial (0x0000794416c2c208) [0x0000794416c2c300, 0x0000794416c2c3f8] Compiler: , Barriers: 0, Oops: 0, ImmediateOops: 0, NonImmediateOops: No
[1,472s][debug][gc,nmethod  ] Register NMethod: java.lang.invoke.LambdaForm.parameter (0x00007943f7630688) [0x00007943f7630780, 0x00007943f7630918] Compiler: c1, Barriers: 2, Oops: 0, ImmediateOops: 0, NonImmediateOops: No
[1,472s][debug][gc,nmethod  ] Register NMethod: java.lang.invoke.MemberName.<init> (0x00007943f7630988) [0x00007943f7630a80, 0x00007943f7631100] Compiler: c1, Barriers: 0, Oops: 0, ImmediateOops: 1, NonImmediateOops: No
[1,472s][debug][gc,nmethod  ] Register NMethod: java.util.regex.Pattern$$Lambda/0x00000000a90b27a0.is (0x00007943f7631108) [0x00007943f7631200, 0x00007943f76313b0] Compiler: c1, Barriers: 0, Oops: 0, ImmediateOops: 0, NonImmediateOops: No
[1,472s][debug][gc,nmethod  ] Register NMethod: java.util.regex.Pattern.lambda$Single$0 (0x00007943f7631408) [0x00007943f7631500, 0x00007943f7631630] Compiler: c1, Barriers: 0, Oops: 0, ImmediateOops: 0, NonImmediateOops: No
[1,472s][debug][gc,nmethod  ] Register NMethod: java.util.regex.Matcher.hasMatch (0x00007943f7631708) [0x00007943f7631800, 0x00007943f7631950] Compiler: c1, Barriers: 0, Oops: 0, ImmediateOops: 0, NonImmediateOops: No
[1,472s][debug][gc,nmethod  ] Register NMethod: java.util.regex.Matcher.checkMatch (0x00007943f7631a08) [0x00007943f7631b00, 0x00007943f7631f70] Compiler: c1, Barriers: 0, Oops: 0, ImmediateOops: 1, NonImmediateOops: No
[1,473s][debug][gc,nmethod  ] Register NMethod: java.util.regex.Pattern$BmpCharPropertyGreedy.match (0x00007943f7631f88) [0x00007943f7632080, 0x00007943f76329f0] Compiler: c1, Barriers: 2, Oops: 0, ImmediateOops: 0, NonImmediateOops: No
[1,473s][debug][gc,nmethod  ] Register NMethod: java.util.regex.Matcher.start (0x00007943f7632a08) [0x00007943f7632b00, 0x00007943f7632fd8] Compiler: c1, Barriers: 0, Oops: 0, ImmediateOops: 1, NonImmediateOops: No
[1,473s][debug][gc,nmethod  ] Register NMethod: java.util.regex.Matcher.end (0x00007943f7633008) [0x00007943f7633100, 0x00007943f76335d8] Compiler: c1, Barriers: 0, Oops: 0, ImmediateOops: 1, NonImmediateOops: No
[1,473s][debug][gc,nmethod  ] Register NMethod: java.util.regex.Matcher.search (0x00007943f7633608) [0x00007943f7633700, 0x00007943f7633fd0] Compiler: c1, Barriers: 6, Oops: 0, ImmediateOops: 0, NonImmediateOops: No
[1,473s][debug][gc,nmethod  ] Register NMethod: java.util.regex.Pattern$Start.match (0x00007943f7634008) [0x00007943f7634100, 0x00007943f7634660] Compiler: c1, Barriers: 2, Oops: 0, ImmediateOops: 0, NonImmediateOops: No
[1,473s][debug][gc,nmethod  ] Register NMethod: java.util.regex.Pattern$LastNode.match (0x00007943f7634688) [0x00007943f7634780, 0x00007943f7634990] Compiler: c1, Barriers: 1, Oops: 0, ImmediateOops: 0, NonImmediateOops: No
[1,473s][debug][gc,nmethod  ] Register NMethod: java.lang.String.subSequence (0x00007943f7634a08) [0x00007943f7634b00, 0x00007943f7634df8] Compiler: c1, Barriers: 0, Oops: 0, ImmediateOops: 0, NonImmediateOops: No
[1,473s][debug][gc,nmethod  ] Register NMethod: java.util.regex.Matcher.find (0x00007943f7634e08) [0x00007943f7634f00, 0x00007943f7635398] Compiler: c1, Barriers: 1, Oops: 0, ImmediateOops: 0, NonImmediateOops: No
[1,473s][debug][gc,nmethod  ] Register NMethod: java.lang.String.toString (0x0000794416c2c508) [0x0000794416c2c600, 0x0000794416c2c688] Compiler: jvmci, Barriers: 0, Oops: 0, ImmediateOops: 0, NonImmediateOops: No
[1,475s][debug][gc,nmethod  ] Register NMethod: jdk.internal.classfile.impl.UnboundAttribute.<init> (0x00007943f7635408) [0x00007943f7635500, 0x00007943f7635730] Compiler: c1, Barriers: 3, Oops: 0, ImmediateOops: 0, NonImmediateOops: No
[1,476s][debug][gc,director ] Rule Major: Warmup 10%, Used: 58MB, UsedThreshold: 1228MB
[1,476s][debug][gc,nmethod  ] Register NMethod: java.util.regex.Pattern$BmpCharPropertyGreedy.match (0x0000794416c2c808) [0x0000794416c2c900, 0x0000794416c2ccd0] Compiler: jvmci, Barriers: 4, Oops: 0, ImmediateOops: 0, NonImmediateOops: No
[1,477s][debug][gc,nmethod  ] Register NMethod: java.lang.invoke.MemberName.getType (0x00007943f7635788) [0x00007943f7635880, 0x00007943f7636088] Compiler: c1, Barriers: 0, Oops: 0, ImmediateOops: 0, NonImmediateOops: No
[1,477s][debug][gc,nmethod  ] Register NMethod: sun.util.locale.StringTokenIterator.isDone (0x0000794416c2cd08) [0x0000794416c2ce00, 0x0000794416c2cec0] Compiler: c1, Barriers: 0, Oops: 0, ImmediateOops: 0, NonImmediateOops: No
[1,477s][debug][gc,nmethod  ] Register NMethod: sun.util.locale.LocaleUtils.toLower (0x00007943f7636108) [0x00007943f7636200, 0x00007943f7636400] Compiler: c1, Barriers: 0, Oops: 0, ImmediateOops: 0, NonImmediateOops: No
[1,477s][debug][gc,nmethod  ] Register NMethod: java.util.Collections$EmptyList.isEmpty (0x0000794416c2d008) [0x0000794416c2d100, 0x0000794416c2d1c0] Compiler: c1, Barriers: 0, Oops: 0, ImmediateOops: 0, NonImmediateOops: No
[1,477s][debug][gc,nmethod  ] Register NMethod: sun.util.locale.StringTokenIterator.current (0x0000794416c2d308) [0x0000794416c2d400, 0x0000794416c2d4e8] Compiler: c1, Barriers: 1, Oops: 0, ImmediateOops: 0, NonImmediateOops: No
[1,477s][debug][gc,nmethod  ] Register NMethod: java.text.ParsePosition.getErrorIndex (0x0000794416c2d608) [0x0000794416c2d700, 0x0000794416c2d7c0] Compiler: c1, Barriers: 0, Oops: 0, ImmediateOops: 0, NonImmediateOops: No
[1,477s][debug][gc,nmethod  ] Register NMethod: java.util.stream.ReferencePipeline$3$1.accept (0x00007943f7636408) [0x00007943f7636500, 0x00007943f7636a88] Compiler: c1, Barriers: 2, Oops: 0, ImmediateOops: 0, NonImmediateOops: No
[1,477s][debug][gc,nmethod  ] Register NMethod: jdk.internal.util.SoftReferenceKey.hashCode (0x0000794416c2d908) [0x0000794416c2da00, 0x0000794416c2dac0] Compiler: c1, Barriers: 0, Oops: 0, ImmediateOops: 0, NonImmediateOops: No
[1,477s][debug][gc,nmethod  ] Register NMethod: sun.util.locale.LocaleUtils.isAlpha (0x00007943f7636b08) [0x00007943f7636c00, 0x00007943f7636db0] Compiler: c1, Barriers: 0, Oops: 0, ImmediateOops: 0, NonImmediateOops: No
[1,477s][debug][gc,nmethod  ] Register NMethod: java.text.ParsePosition.setIndex (0x0000794416c2dc08) [0x0000794416c2dd00, 0x0000794416c2ddc0] Compiler: c1, Barriers: 0, Oops: 0, ImmediateOops: 0, NonImmediateOops: No
[1,478s][debug][gc,nmethod  ] Register NMethod: sun.util.locale.StringTokenIterator.currentEnd (0x0000794416c2df08) [0x0000794416c2e000, 0x0000794416c2e0c0] Compiler: c1, Barriers: 0, Oops: 0, ImmediateOops: 0, NonImmediateOops: No
[1,478s][debug][gc,nmethod  ] Register NMethod: sun.util.locale.BaseLocale.hashCode (0x00007943f7636e08) [0x00007943f7636f00, 0x00007943f763ad88] Compiler: c1, Barriers: 20, Oops: 1, ImmediateOops: 8, NonImmediateOops: No
[1,478s][debug][gc,nmethod  ] Register NMethod: sun.util.locale.BaseLocale.getVariant (0x0000794416c2e208) [0x0000794416c2e300, 0x0000794416c2e3e8] Compiler: c1, Barriers: 1, Oops: 0, ImmediateOops: 0, NonImmediateOops: No
[1,478s][debug][gc,nmethod  ] Register NMethod: sun.util.locale.LanguageTag.language (0x0000794416c2e508) [0x0000794416c2e600, 0x0000794416c2e6e8] Compiler: c1, Barriers: 1, Oops: 0, ImmediateOops: 0, NonImmediateOops: No
[1,478s][debug][gc,nmethod  ] Register NMethod: sun.util.locale.LanguageTag.extlangs (0x0000794416c2e808) [0x0000794416c2e900, 0x0000794416c2e9e8] Compiler: c1, Barriers: 1, Oops: 0, ImmediateOops: 0, NonImmediateOops: No
[1,478s][debug][gc,nmethod  ] Register NMethod: java.lang.ref.SoftReference.<init> (0x00007943f763ae08) [0x00007943f763af00, 0x00007943f763b208] Compiler: c1, Barriers: 6, Oops: 0, ImmediateOops: 2, NonImmediateOops: No
[1,478s][debug][gc,nmethod  ] Register NMethod: sun.util.locale.LocaleUtils.isEmpty (0x00007943f763b288) [0x00007943f763b380, 0x00007943f763b6e0] Compiler: c1, Barriers: 0, Oops: 0, ImmediateOops: 0, NonImmediateOops: No
[1,478s][debug][gc,nmethod  ] Register NMethod: sun.util.locale.InternalLocaleBuilder.clearExtensions (0x00007943f763b708) [0x00007943f763b800, 0x00007943f763c058] Compiler: c1, Barriers: 3, Oops: 0, ImmediateOops: 0, NonImmediateOops: No
[1,478s][debug][gc,nmethod  ] Register NMethod: java.util.ImmutableCollections$SetN.probe (0x0000794416c2eb08) [0x0000794416c2ec00, 0x0000794416c2f350] Compiler: jvmci, Barriers: 7, Oops: 0, ImmediateOops: 0, NonImmediateOops: No
[1,478s][debug][gc,nmethod  ] Register NMethod: sun.util.locale.LocaleUtils.toLowerString (0x00007943f763c088) [0x00007943f763c180, 0x00007943f763dd20] Compiler: c1, Barriers: 5, Oops: 1, ImmediateOops: 4, NonImmediateOops: No
[1,479s][debug][gc,nmethod  ] Register NMethod: jdk.internal.util.SoftReferenceKey.<init> (0x00007943f763dd88) [0x00007943f763de80, 0x00007943f763e498] Compiler: c1, Barriers: 6, Oops: 0, ImmediateOops: 2, NonImmediateOops: No
[1,479s][debug][gc,nmethod  ] Register NMethod: java.util.HashMap.put (0x0000794416c2f388) [0x0000794416c2f4a0, 0x0000794416c30cb0] Compiler: jvmci, Barriers: 59, Oops: 0, ImmediateOops: 0, NonImmediateOops: No
[1,479s][debug][gc,nmethod  ] Register NMethod: java.lang.String.isEmpty (0x0000794416c30d08) [0x0000794416c30e00, 0x0000794416c30ee8] Compiler: jvmci, Barriers: 1, Oops: 0, ImmediateOops: 0, NonImmediateOops: No
[1,479s][debug][gc,nmethod  ] Register NMethod: sun.util.locale.StringTokenIterator.hasNext (0x00007943f763e508) [0x00007943f763e600, 0x00007943f763ec28] Compiler: c1, Barriers: 2, Oops: 0, ImmediateOops: 0, NonImmediateOops: No
[1,479s][debug][gc,nmethod  ] Register NMethod: sun.util.locale.StringTokenIterator.next (0x00007943f763ec88) [0x00007943f763ed80, 0x00007943f763f808] Compiler: c1, Barriers: 10, Oops: 0, ImmediateOops: 0, NonImmediateOops: No
[1,479s][debug][gc,nmethod  ] Register NMethod: sun.util.locale.LocaleUtils.isAlphaString (0x00007943f763f888) [0x00007943f763f980, 0x00007943f7640968] Compiler: c1, Barriers: 3, Oops: 1, ImmediateOops: 2, NonImmediateOops: No
[1,479s][debug][gc,nmethod  ] Register NMethod: sun.util.locale.LocaleUtils.isLower (0x00007943f7640988) [0x00007943f7640a80, 0x00007943f7640bd8] Compiler: c1, Barriers: 0, Oops: 0, ImmediateOops: 0, NonImmediateOops: No
[1,479s][debug][gc,nmethod  ] Register NMethod: sun.util.locale.LanguageTag.script (0x0000794416c31008) [0x0000794416c31100, 0x0000794416c311e8] Compiler: c1, Barriers: 1, Oops: 0, ImmediateOops: 0, NonImmediateOops: No
[1,479s][debug][gc,nmethod  ] Register NMethod: sun.util.locale.LanguageTag.variants (0x0000794416c31308) [0x0000794416c31400, 0x0000794416c314e8] Compiler: c1, Barriers: 1, Oops: 0, ImmediateOops: 0, NonImmediateOops: No
[1,479s][debug][gc,nmethod  ] Register NMethod: sun.util.locale.LanguageTag.region (0x0000794416c31608) [0x0000794416c31700, 0x0000794416c317e8] Compiler: c1, Barriers: 1, Oops: 0, ImmediateOops: 0, NonImmediateOops: No
[1,479s][debug][gc,nmethod  ] Register NMethod: sun.util.locale.LanguageTag.extensions (0x0000794416c31908) [0x0000794416c31a00, 0x0000794416c31ae8] Compiler: c1, Barriers: 1, Oops: 0, ImmediateOops: 0, NonImmediateOops: No
[1,479s][debug][gc,nmethod  ] Register NMethod: sun.util.locale.LanguageTag.privateuse (0x0000794416c31c08) [0x0000794416c31d00, 0x0000794416c31de8] Compiler: c1, Barriers: 1, Oops: 0, ImmediateOops: 0, NonImmediateOops: No
[1,479s][debug][gc,nmethod  ] Register NMethod: java.util.stream.Nodes$SpinedNodeBuilder.accept (0x00007943f7640c88) [0x00007943f7640d80, 0x00007943f7640ec0] Compiler: c1, Barriers: 0, Oops: 0, ImmediateOops: 0, NonImmediateOops: No
[1,479s][debug][gc,nmethod  ] Register NMethod: java.util.stream.SpinedBuffer.accept (0x00007943f7640f88) [0x00007943f7641080, 0x00007943f7641e70] Compiler: c1, Barriers: 22, Oops: 0, ImmediateOops: 0, NonImmediateOops: No
[1,479s][debug][gc,nmethod  ] Register NMethod: java.lang.String.<init> (0x00007943f7641e88) [0x00007943f7641f80, 0x00007943f7642558] Compiler: c1, Barriers: 6, Oops: 0, ImmediateOops: 1, NonImmediateOops: No
[1,479s][debug][gc,nmethod  ] Register NMethod: java.lang.StringUTF16.coderFromArrayLen (0x00007943f7642588) [0x00007943f7642680, 0x00007943f7642778] Compiler: c1, Barriers: 0, Oops: 0, ImmediateOops: 0, NonImmediateOops: No
[1,480s][debug][gc,nmethod  ] Register NMethod: sun.util.locale.StringTokenIterator.nextDelimiter (0x00007943f7642888) [0x00007943f7642980, 0x00007943f76450d8] Compiler: c1, Barriers: 13, Oops: 1, ImmediateOops: 6, NonImmediateOops: No
[1,480s][debug][gc,nmethod  ] Register NMethod: java.util.Locale.<init> (0x00007943f7645108) [0x00007943f7645200, 0x00007943f7645448] Compiler: c1, Barriers: 6, Oops: 0, ImmediateOops: 0, NonImmediateOops: No
[1,480s][debug][gc,nmethod  ] Register NMethod: java.util.Locale.hashCode (0x00007943f7645488) [0x00007943f7645580, 0x00007943f7645998] Compiler: c1, Barriers: 2, Oops: 0, ImmediateOops: 0, NonImmediateOops: No
[1,480s][debug][gc,nmethod  ] Register NMethod: sun.util.locale.InternalLocaleBuilder.<init> (0x00007943f7645a08) [0x00007943f7645b00, 0x00007943f7645e68] Compiler: c1, Barriers: 12, Oops: 0, ImmediateOops: 5, NonImmediateOops: No
[1,480s][debug][gc,nmethod  ] Register NMethod: java.lang.StringUTF16.compress (0x00007943f7645e88) [0x00007943f7645f80, 0x00007943f76462c8] Compiler: c1, Barriers: 0, Oops: 0, ImmediateOops: 0, NonImmediateOops: No
[1,480s][debug][gc,nmethod  ] Register NMethod: java.text.ParsePosition.<init> (0x00007943f7646308) [0x00007943f7646400, 0x00007943f7646568] Compiler: c1, Barriers: 0, Oops: 0, ImmediateOops: 0, NonImmediateOops: No
[1,480s][debug][gc,nmethod  ] Register NMethod: sun.util.locale.BaseLocale.getInstance (0x00007943f7646608) [0x00007943f7646700, 0x00007943f76488d0] Compiler: c1, Barriers: 19, Oops: 2, ImmediateOops: 6, NonImmediateOops: No
[1,480s][debug][gc,nmethod  ] Register NMethod: java.util.Locale.getInstance (0x00007943f7648908) [0x00007943f7648a00, 0x00007943f7649b70] Compiler: c1, Barriers: 1, Oops: 1, ImmediateOops: 5, NonImmediateOops: No
[1,480s][debug][gc,nmethod  ] Register NMethod: java.util.Locale.forLanguageTag (0x00007943f7649b88) [0x00007943f7649c80, 0x00007943f764b528] Compiler: c1, Barriers: 17, Oops: 0, ImmediateOops: 5, NonImmediateOops: No
[1,480s][debug][gc,nmethod  ] Register NMethod: sun.util.locale.LanguageTag.parseVariants (0x00007943f764b588) [0x00007943f764b680, 0x00007943f764be18] Compiler: c1, Barriers: 1, Oops: 0, ImmediateOops: 2, NonImmediateOops: No
[1,480s][debug][gc,nmethod  ] Register NMethod: sun.util.locale.LanguageTag.parseLanguage (0x00007943f764be88) [0x00007943f764bf80, 0x00007943f764c848] Compiler: c1, Barriers: 2, Oops: 0, ImmediateOops: 2, NonImmediateOops: No
[1,480s][debug][gc,nmethod  ] Register NMethod: sun.util.locale.StringTokenIterator.<init> (0x00007943f764c888) [0x00007943f764c980, 0x00007943f764d948] Compiler: c1, Barriers: 10, Oops: 1, ImmediateOops: 2, NonImmediateOops: No
[1,481s][debug][gc,nmethod  ] Register NMethod: sun.util.locale.StringTokenIterator.setStart (0x00007943f764d988) [0x00007943f764da80, 0x00007943f764e440] Compiler: c1, Barriers: 6, Oops: 0, ImmediateOops: 0, NonImmediateOops: No
[1,481s][debug][gc,nmethod  ] Register NMethod: sun.util.locale.LanguageTag.parse (0x00007943f764e488) [0x00007943f764e580, 0x00007943f7650908] Compiler: c1, Barriers: 5, Oops: 3, ImmediateOops: 11, NonImmediateOops: No
[1,481s][debug][gc,nmethod  ] Register NMethod: jdk.internal.util.ReferencedKeyMap.put (0x00007943f7650988) [0x00007943f7650a80, 0x00007943f7652368] Compiler: c1, Barriers: 5, Oops: 2, ImmediateOops: 3, NonImmediateOops: No
[1,481s][debug][gc,nmethod  ] Register NMethod: sun.util.locale.LocaleUtils.toUpperString (0x00007943f7652388) [0x00007943f7652480, 0x00007943f7654020] Compiler: c1, Barriers: 5, Oops: 1, ImmediateOops: 4, NonImmediateOops: No
[1,481s][debug][gc,nmethod  ] Register NMethod: sun.util.locale.LanguageTag.parseRegion (0x00007943f7654088) [0x00007943f7654180, 0x00007943f7654490] Compiler: c1, Barriers: 1, Oops: 0, ImmediateOops: 2, NonImmediateOops: No
[1,481s][debug][gc,nmethod  ] Register NMethod: java.lang.ref.ReferenceQueue.poll (0x0000794416c31f08) [0x0000794416c32000, 0x0000794416c320e8] Compiler: jvmci, Barriers: 1, Oops: 0, ImmediateOops: 0, NonImmediateOops: No
[1,481s][debug][gc,nmethod  ] Register NMethod: sun.util.locale.LanguageTag.parseScript (0x00007943f7654508) [0x00007943f7654600, 0x00007943f7654e90] Compiler: c1, Barriers: 2, Oops: 0, ImmediateOops: 2, NonImmediateOops: No
[1,481s][debug][gc,nmethod  ] Register NMethod: sun.util.locale.LanguageTag.isLanguage (0x00007943f7654f08) [0x00007943f7655000, 0x00007943f7656518] Compiler: c1, Barriers: 3, Oops: 1, ImmediateOops: 2, NonImmediateOops: No
[1,481s][debug][gc,nmethod  ] Register NMethod: java.util.Objects.requireNonNull (0x0000794416c32208) [0x0000794416c32300, 0x0000794416c32398] Compiler: jvmci, Barriers: 0, Oops: 0, ImmediateOops: 0, NonImmediateOops: No
[1,481s][debug][gc,nmethod  ] Register NMethod: sun.util.locale.LocaleUtils.toTitleString (0x00007943f7656588) [0x00007943f7656680, 0x00007943f7658d58] Compiler: c1, Barriers: 5, Oops: 1, ImmediateOops: 6, NonImmediateOops: No
[1,481s][debug][gc,nmethod  ] Register NMethod: sun.util.locale.LanguageTag.parseExtlangs (0x00007943f7658d88) [0x00007943f7658e80, 0x00007943f7659dc8] Compiler: c1, Barriers: 2, Oops: 0, ImmediateOops: 2, NonImmediateOops: No
[1,481s][debug][gc,nmethod  ] Register NMethod: sun.util.locale.LanguageTag.<init> (0x00007943f7659e08) [0x00007943f7659f00, 0x00007943f765a400] Compiler: c1, Barriers: 21, Oops: 0, ImmediateOops: 0, NonImmediateOops: No
[1,481s][debug][gc,nmethod  ] Register NMethod: sun.util.locale.InternalLocaleBuilder.clear (0x00007943f765a408) [0x00007943f765a500, 0x00007943f765aa08] Compiler: c1, Barriers: 12, Oops: 0, ImmediateOops: 5, NonImmediateOops: No
[1,481s][debug][gc,nmethod  ] Register NMethod: sun.util.locale.LocaleUtils.isEmpty (0x00007943f765aa88) [0x00007943f765ab80, 0x00007943f765aee0] Compiler: c1, Barriers: 0, Oops: 0, ImmediateOops: 0, NonImmediateOops: No
[1,481s][debug][gc,nmethod  ] Register NMethod: sun.util.locale.LocaleUtils.isEmpty (0x00007943f765af08) [0x00007943f765b000, 0x00007943f765b360] Compiler: c1, Barriers: 0, Oops: 0, ImmediateOops: 0, NonImmediateOops: No
[1,482s][debug][gc,nmethod  ] Register NMethod: sun.util.locale.provider.LocaleProviderAdapter$$Lambda/0x00000000a90b6ec8.apply (0x00007943f765b388) [0x00007943f765b480, 0x00007943f765b7c0] Compiler: c1, Barriers: 0, Oops: 0, ImmediateOops: 0, NonImmediateOops: No
[1,482s][debug][gc,nmethod  ] Register NMethod: sun.util.locale.InternalLocaleBuilder.setLanguageTag (0x00007943f765b808) [0x00007943f765b900, 0x00007943f765f3c0] Compiler: c1, Barriers: 35, Oops: 1, ImmediateOops: 8, NonImmediateOops: No
[1,482s][debug][gc,nmethod  ] Register NMethod: sun.util.locale.provider.LocaleProviderAdapter.lambda$toLocaleArray$0 (0x00007943f765f408) [0x00007943f765f500, 0x00007943f7660218] Compiler: c1, Barriers: 3, Oops: 0, ImmediateOops: 3, NonImmediateOops: No
[1,482s][debug][gc,nmethod  ] Register NMethod: sun.util.locale.LanguageTag.parsePrivateuse (0x00007943f7660288) [0x00007943f7660380, 0x00007943f7662260] Compiler: c1, Barriers: 4, Oops: 2, ImmediateOops: 6, NonImmediateOops: No
[1,482s][debug][gc,nmethod  ] Register NMethod: java.util.Locale$LocaleCache.apply (0x00007943f7662288) [0x00007943f7662380, 0x00007943f7662678] Compiler: c1, Barriers: 0, Oops: 0, ImmediateOops: 0, NonImmediateOops: No
[1,482s][debug][gc,nmethod  ] Register NMethod: java.util.stream.DistinctOps$1$2.accept (0x00007943f7662688) [0x00007943f7662780, 0x00007943f7662d40] Compiler: c1, Barriers: 2, Oops: 0, ImmediateOops: 0, NonImmediateOops: No
[1,482s][debug][gc,nmethod  ] Register NMethod: sun.util.locale.LanguageTag.parseExtensions (0x00007943f7662d88) [0x00007943f7662e80, 0x00007943f7665698] Compiler: c1, Barriers: 4, Oops: 3, ImmediateOops: 7, NonImmediateOops: No
[1,482s][debug][gc,nmethod  ] Register NMethod: java.util.Locale$LocaleCache.apply (0x00007943f7665708) [0x00007943f7665800, 0x00007943f76663f0] Compiler: c1, Barriers: 11, Oops: 0, ImmediateOops: 0, NonImmediateOops: No
[1,482s][debug][gc,nmethod  ] Register NMethod: java.util.Map.computeIfAbsent (0x00007943f7666408) [0x00007943f7666500, 0x00007943f7666e08] Compiler: c1, Barriers: 0, Oops: 0, ImmediateOops: 0, NonImmediateOops: No
[1,482s][debug][gc,nmethod  ] Register NMethod: sun.util.locale.BaseLocale.convertOldISOCodes (0x00007943f7666e88) [0x00007943f7666f80, 0x00007943f7668200] Compiler: c1, Barriers: 0, Oops: 0, ImmediateOops: 9, NonImmediateOops: No
[1,482s][debug][gc,nmethod  ] Register NMethod: sun.util.locale.InternalLocaleBuilder.getLocaleExtensions (0x00007943f7668208) [0x00007943f7668300, 0x00007943f7668fa8] Compiler: c1, Barriers: 6, Oops: 0, ImmediateOops: 0, NonImmediateOops: No
[1,482s][debug][gc,nmethod  ] Register NMethod: java.lang.String.<init> (0x00007943f7669008) [0x00007943f7669100, 0x00007943f7669250] Compiler: c1, Barriers: 0, Oops: 0, ImmediateOops: 0, NonImmediateOops: No
[1,483s][debug][gc,nmethod  ] Register NMethod: sun.util.locale.InternalLocaleBuilder.getBaseLocale (0x00007943f7669308) [0x00007943f7669400, 0x00007943f766bc10] Compiler: c1, Barriers: 7, Oops: 2, ImmediateOops: 7, NonImmediateOops: No
[1,483s][debug][gc,nmethod  ] Register NMethod: sun.util.locale.InternalLocaleBuilder.setExtensions (0x00007943f766bc88) [0x00007943f766bda0, 0x00007943f7671960] Compiler: c1, Barriers: 20, Oops: 1, ImmediateOops: 5, NonImmediateOops: No
[1,483s][debug][gc,nmethod  ] Register NMethod: sun.util.locale.LanguageTag.isExtlang (0x00007943f7671988) [0x00007943f7671a80, 0x00007943f7672f70] Compiler: c1, Barriers: 3, Oops: 1, ImmediateOops: 2, NonImmediateOops: No
[1,483s][debug][gc,nmethod  ] Register NMethod: sun.util.locale.LanguageTag.isScript (0x00007943f7672f88) [0x00007943f7673080, 0x00007943f7674570] Compiler: c1, Barriers: 3, Oops: 1, ImmediateOops: 2, NonImmediateOops: No
[1,483s][debug][gc,nmethod  ] Register NMethod: sun.util.locale.LanguageTag.isRegion (0x00007943f7674588) [0x00007943f7674680, 0x00007943f7676ed8] Compiler: c1, Barriers: 6, Oops: 1, ImmediateOops: 4, NonImmediateOops: No
[1,486s][debug][gc,director ] Rule Major: Warmup 10%, Used: 60MB, UsedThreshold: 1228MB
[1,486s][debug][gc,nmethod  ] Register NMethod: java.lang.invoke.MethodHandles$Lookup.checkAccess (0x00007943f7676f08) [0x00007943f7677000, 0x00007943f7678b18] Compiler: c1, Barriers: 5, Oops: 0, ImmediateOops: 1, NonImmediateOops: No
[1,487s][debug][gc,nmethod  ] Register NMethod: java.lang.String.substring (0x0000794416c32508) [0x0000794416c32600, 0x0000794416c32ab8] Compiler: jvmci, Barriers: 3, Oops: 0, ImmediateOops: 1, NonImmediateOops: No
[1,491s][debug][gc,nmethod  ] Register NMethod: java.lang.StringUTF16.getChar (0x00007943f7678b88) [0x00007943f7678c80, 0x00007943f7678de0] Compiler: c1, Barriers: 0, Oops: 0, ImmediateOops: 0, NonImmediateOops: No
[1,491s][debug][gc,nmethod  ] Register NMethod: java.lang.CharacterData.of (0x00007943f74e7188) [0x00007943f74e7280, 0x00007943f74e79c0] Compiler: c1, Barriers: 7, Oops: 0, ImmediateOops: 3, NonImmediateOops: No
[1,491s][debug][gc,nmethod  ] Register NMethod: java.lang.CharacterData.of (0x00007943f74e7188) [0x00007943f74e7280, 0x00007943f74e79c0] Compiler: c1, Barriers: 7, Oops: 0, ImmediateOops: 3, NonImmediateOops: No
[1,492s][debug][gc,nmethod  ] Register NMethod: java.util.concurrent.ConcurrentHashMap.putVal (0x0000794416c32b08) [0x0000794416c32c00, 0x0000794416c33d00] Compiler: jvmci, Barriers: 28, Oops: 0, ImmediateOops: 0, NonImmediateOops: No
[1,492s][debug][gc,nmethod  ] Register NMethod: sun.util.locale.BaseLocale.hashCode (0x0000794416c33d08) [0x0000794416c33e00, 0x0000794416c34458] Compiler: jvmci, Barriers: 8, Oops: 0, ImmediateOops: 0, NonImmediateOops: No
[1,495s][debug][gc,nmethod  ] Register NMethod: java.lang.invoke.MethodHandle.linkToVirtual (0x0000794416c34488) [0x0000794416c34580, 0x0000794416c345a8] Compiler: , Barriers: 0, Oops: 0, ImmediateOops: 0, NonImmediateOops: No
[1,495s][debug][gc,nmethod  ] Register NMethod: java.lang.StringUTF16.getChar (0x0000794416c34788) [0x0000794416c34880, 0x0000794416c34968] Compiler: jvmci, Barriers: 0, Oops: 0, ImmediateOops: 0, NonImmediateOops: No
[1,495s][debug][gc,nmethod  ] Register NMethod: jdk.internal.classfile.impl.AbstractPoolEntry$NameAndTypeEntryImpl.<init> (0x00007943f7678e88) [0x00007943f7678f80, 0x00007943f76790d0] Compiler: c1, Barriers: 0, Oops: 0, ImmediateOops: 0, NonImmediateOops: No
[1,496s][debug][gc,nmethod  ] Register NMethod: java.lang.invoke.LambdaForm.parameterType (0x00007943f7679188) [0x00007943f7679280, 0x00007943f7679400] Compiler: c1, Barriers: 1, Oops: 0, ImmediateOops: 0, NonImmediateOops: No
[1,496s][debug][gc,director ] Rule Major: Warmup 10%, Used: 60MB, UsedThreshold: 1228MB
[1,496s][debug][gc,nmethod  ] Register NMethod: java.lang.classfile.constantpool.ConstantPoolBuilder.nameAndTypeEntry (0x00007943f7679488) [0x00007943f7679580, 0x00007943f7679ca0] Compiler: c1, Barriers: 0, Oops: 0, ImmediateOops: 0, NonImmediateOops: No
[1,496s][debug][gc,nmethod  ] Register NMethod: jdk.internal.classfile.impl.SplitConstantPool.methodRefEntry (0x00007943f7679d08) [0x00007943f7679e00, 0x00007943f767c758] Compiler: c1, Barriers: 6, Oops: 0, ImmediateOops: 0, NonImmediateOops: No
[1,497s][debug][gc,nmethod  ] Register NMethod: java.util.ArrayList.grow (0x00007943f767c788) [0x00007943f767c880, 0x00007943f767d0d0] Compiler: c1, Barriers: 9, Oops: 0, ImmediateOops: 1, NonImmediateOops: No
[1,497s][debug][gc,nmethod  ] Register NMethod: java.lang.AbstractStringBuilder.needsNewBuffer (0x00007943f767d108) [0x00007943f767d200, 0x00007943f767d3a0] Compiler: c1, Barriers: 0, Oops: 0, ImmediateOops: 0, NonImmediateOops: No
[1,498s][debug][gc,nmethod  ] Register NMethod: java.lang.StringLatin1.newString (0x0000794416c34a88) [0x0000794416c34b80, 0x0000794416c34f40] Compiler: jvmci, Barriers: 2, Oops: 0, ImmediateOops: 1, NonImmediateOops: No
[1,498s][debug][gc,nmethod  ] Register NMethod: java.lang.invoke.InvokerBytecodeGenerator.emitImplicitConversion (0x00007943f767d408) [0x00007943f767d500, 0x00007943f767f930] Compiler: c1, Barriers: 3, Oops: 2, ImmediateOops: 10, NonImmediateOops: No
[1,499s][debug][gc,nmethod  ] Register NMethod: worker.org.gradle.internal.classloader.FilteringClassLoader.classAllowed (0x00007943f767f988) [0x00007943f767fa80, 0x00007943f7680c88] Compiler: c1, Barriers: 8, Oops: 3, ImmediateOops: 2, NonImmediateOops: No
[1,500s][debug][gc,nmethod  ] Register NMethod: jdk.internal.jimage.ImageHeader.getTableLength (0x0000794416c34f88) [0x0000794416c35080, 0x0000794416c35140] Compiler: c1, Barriers: 0, Oops: 0, ImmediateOops: 0, NonImmediateOops: No
[1,500s][debug][gc,nmethod  ] Register NMethod: java.lang.String.charAt (0x00007943f7680d08) [0x00007943f7680e00, 0x00007943f7681538] Compiler: c1, Barriers: 2, Oops: 1, ImmediateOops: 2, NonImmediateOops: No
[1,500s][debug][gc,nmethod  ] Register NMethod: java.nio.DirectIntBufferU.ix (0x00007943f7681588) [0x00007943f7681680, 0x00007943f7681790] Compiler: c1, Barriers: 0, Oops: 0, ImmediateOops: 0, NonImmediateOops: No
[1,500s][debug][gc,nmethod  ] Register NMethod: java.util.concurrent.ConcurrentHashMap$BaseIterator.hasNext (0x00007943f7681888) [0x00007943f7681980, 0x00007943f7681b00] Compiler: c1, Barriers: 1, Oops: 0, ImmediateOops: 0, NonImmediateOops: No
[1,500s][debug][gc,nmethod  ] Register NMethod: java.util.concurrent.ConcurrentHashMap$Traverser.advance (0x00007943f7681b88) [0x00007943f7681c80, 0x00007943f7682d78] Compiler: c1, Barriers: 15, Oops: 0, ImmediateOops: 0, NonImmediateOops: No
[1,500s][debug][gc,nmethod  ] Register NMethod: jdk.internal.misc.ScopedMemoryAccess.getIntInternal (0x00007943f7682d88) [0x00007943f7682e80, 0x00007943f76830d0] Compiler: c1, Barriers: 0, Oops: 0, ImmediateOops: 0, NonImmediateOops: No
[1,500s][debug][gc,nmethod  ] Register NMethod: jdk.internal.misc.ScopedMemoryAccess.getInt (0x00007943f7683108) [0x00007943f7683200, 0x00007943f7683510] Compiler: c1, Barriers: 0, Oops: 0, ImmediateOops: 0, NonImmediateOops: No
[1,500s][debug][gc,nmethod  ] Register NMethod: java.nio.DirectIntBufferU.get (0x00007943f7683588) [0x00007943f7683680, 0x00007943f7684470] Compiler: c1, Barriers: 1, Oops: 2, ImmediateOops: 2, NonImmediateOops: No
[1,500s][debug][gc,nmethod  ] Register NMethod: jdk.internal.loader.URLClassPath$JarLoader.findResource (0x00007943f7684488) [0x00007943f7684580, 0x00007943f7684788] Compiler: c1, Barriers: 1, Oops: 0, ImmediateOops: 0, NonImmediateOops: No
[1,501s][debug][gc,nmethod  ] Register NMethod: java.lang.StringLatin1.charAt (0x0000794416c35288) [0x0000794416c35380, 0x0000794416c35440] Compiler: jvmci, Barriers: 0, Oops: 0, ImmediateOops: 0, NonImmediateOops: No
[1,501s][debug][gc,nmethod  ] Register NMethod: java.util.concurrent.ConcurrentHashMap.addCount (0x0000794416c35588) [0x0000794416c35680, 0x0000794416c36b60] Compiler: jvmci, Barriers: 56, Oops: 0, ImmediateOops: 0, NonImmediateOops: No
[1,502s][debug][gc,nmethod  ] Register NMethod: java.util.concurrent.ConcurrentHashMap.get (0x0000794416c36b88) [0x0000794416c36c80, 0x0000794416c377b8] Compiler: jvmci, Barriers: 15, Oops: 0, ImmediateOops: 0, NonImmediateOops: No
[1,502s][debug][gc,nmethod  ] Register NMethod: java.util.concurrent.ConcurrentHashMap$ValueIterator.next (0x00007943f7684808) [0x00007943f7684900, 0x00007943f7684de0] Compiler: c1, Barriers: 5, Oops: 0, ImmediateOops: 0, NonImmediateOops: No
[1,505s][debug][gc,nmethod  ] Register NMethod: java.lang.ClassLoader.definePackage (0x00007943f7684e08) [0x00007943f7684f00, 0x00007943f7687358] Compiler: c1, Barriers: 10, Oops: 2, ImmediateOops: 5, NonImmediateOops: No
[1,506s][debug][gc,director ] Rule Major: Warmup 10%, Used: 62MB, UsedThreshold: 1228MB
[1,506s][debug][gc,nmethod  ] Register NMethod: jdk.internal.reflect.Reflection.getCallerClass (0x0000794416c37808) [0x0000794416c37900, 0x0000794416c37c28] Compiler: , Barriers: 0, Oops: 0, ImmediateOops: 1, NonImmediateOops: No
[1,506s][debug][gc,nmethod  ] Register NMethod: java.lang.invoke.MethodHandles$Lookup.isClassAccessible (0x00007943f7687388) [0x00007943f7687480, 0x00007943f7687da8] Compiler: c1, Barriers: 3, Oops: 0, ImmediateOops: 0, NonImmediateOops: No
[1,507s][debug][gc,nmethod  ] Register NMethod: java.lang.invoke.MemberName.ensureTypeVisible (0x00007943f7687e08) [0x00007943f7687f00, 0x00007943f768c7a0] Compiler: c1, Barriers: 10, Oops: 3, ImmediateOops: 10, NonImmediateOops: No
[1,510s][debug][gc,nmethod  ] Register NMethod: java.util.zip.ZipCoder.hash (0x0000794416c37c88) [0x0000794416c37d80, 0x0000794416c37fe8] Compiler: jvmci, Barriers: 1, Oops: 0, ImmediateOops: 0, NonImmediateOops: No
[1,510s][debug][gc,nmethod  ] Register NMethod: jdk.internal.loader.URLClassPath$JarLoader.ensureOpen (0x0000794416c38008) [0x0000794416c38100, 0x0000794416c382b8] Compiler: jvmci, Barriers: 5, Oops: 0, ImmediateOops: 0, NonImmediateOops: No
[1,510s][debug][gc,nmethod  ] Register NMethod: java.lang.invoke.MethodHandle.linkToStatic (0x0000794416c38308) [0x0000794416c38400, 0x0000794416c384f0] Compiler: , Barriers: 0, Oops: 0, ImmediateOops: 0, NonImmediateOops: No
[1,510s][debug][gc,nmethod  ] Register NMethod: java.lang.invoke.MethodType.changeReturnType (0x00007943f768c808) [0x00007943f768c900, 0x00007943f768ccd0] Compiler: c1, Barriers: 2, Oops: 0, ImmediateOops: 0, NonImmediateOops: No
[1,511s][debug][gc,nmethod  ] Register NMethod: java.util.zip.CRC32.<init> (0x00007943f768cd08) [0x00007943f768ce00, 0x00007943f768cf58] Compiler: c1, Barriers: 0, Oops: 0, ImmediateOops: 0, NonImmediateOops: No
[1,511s][debug][gc,nmethod  ] Register NMethod: jdk.internal.loader.URLClassPath$JarLoader$1.getBytes (0x00007943f768d008) [0x00007943f768d100, 0x00007943f768dd40] Compiler: c1, Barriers: 4, Oops: 0, ImmediateOops: 1, NonImmediateOops: No
[1,512s][debug][gc,nmethod  ] Register NMethod: java.lang.invoke.MemberName.getInvocationType (0x00007943f768dd88) [0x00007943f768de80, 0x00007943f768f480] Compiler: c1, Barriers: 7, Oops: 0, ImmediateOops: 0, NonImmediateOops: No
[1,512s][debug][gc,nmethod  ] Register NMethod: java.lang.String.valueOf (0x00007943f768f488) [0x00007943f768f580, 0x00007943f768f8b8] Compiler: c1, Barriers: 0, Oops: 0, ImmediateOops: 1, NonImmediateOops: No
[1,512s][debug][gc,nmethod  ] Register NMethod: java.lang.classfile.TypeKind.slotSize (0x0000794416c38608) [0x0000794416c38700, 0x0000794416c387c0] Compiler: c1, Barriers: 0, Oops: 0, ImmediateOops: 0, NonImmediateOops: No
[1,512s][debug][gc,nmethod  ] Register NMethod: jdk.internal.classfile.impl.DirectCodeBuilder.setLabelTarget (0x00007943f768f908) [0x00007943f768fa00, 0x00007943f7690438] Compiler: c1, Barriers: 1, Oops: 0, ImmediateOops: 1, NonImmediateOops: No
[1,512s][debug][gc,nmethod  ] Register NMethod: jdk.internal.classfile.impl.StackMapDecoder$StackMapFrameImpl.target (0x0000794416c38908) [0x0000794416c38a00, 0x0000794416c38ae8] Compiler: c1, Barriers: 1, Oops: 0, ImmediateOops: 0, NonImmediateOops: No
[1,512s][debug][gc,nmethod  ] Register NMethod: jdk.internal.classfile.impl.StackMapDecoder$StackMapFrameImpl.locals (0x0000794416c38c08) [0x0000794416c38d00, 0x0000794416c38de8] Compiler: c1, Barriers: 1, Oops: 0, ImmediateOops: 0, NonImmediateOops: No
[1,513s][debug][gc,nmethod  ] Register NMethod: jdk.internal.classfile.impl.AbstractPseudoInstruction$ExceptionCatchImpl.catchTypeEntry (0x0000794416c38f08) [0x0000794416c39000, 0x0000794416c390e8] Compiler: c1, Barriers: 1, Oops: 0, ImmediateOops: 0, NonImmediateOops: No
[1,513s][debug][gc,nmethod  ] Register NMethod: java.util.jar.JarFile.checkForSpecialAttributes (0x0000794416c39208) [0x0000794416c39300, 0x0000794416c39c50] Compiler: jvmci, Barriers: 7, Oops: 2, ImmediateOops: 8, NonImmediateOops: No
[1,514s][debug][gc,nmethod  ] Register NMethod: java.lang.invoke.DirectMethodHandle.internalMemberName (0x00007943f7690488) [0x00007943f7690580, 0x00007943f76908a0] Compiler: c1, Barriers: 1, Oops: 0, ImmediateOops: 0, NonImmediateOops: No
[1,514s][debug][gc,nmethod  ] Register NMethod: java.lang.String.charAt (0x0000794416c39c88) [0x0000794416c39d80, 0x0000794416c39ee0] Compiler: jvmci, Barriers: 1, Oops: 0, ImmediateOops: 0, NonImmediateOops: No
[1,515s][debug][gc,nmethod  ] Register NMethod: java.util.zip.ZipFile.ensureOpen (0x0000794416c39f88) [0x0000794416c3a080, 0x0000794416c3a1e0] Compiler: jvmci, Barriers: 2, Oops: 0, ImmediateOops: 0, NonImmediateOops: No
[1,515s][debug][gc,nmethod  ] Register NMethod: java.lang.ClassLoader.compareCerts (0x00007943f7690908) [0x00007943f7690a00, 0x00007943f7691540] Compiler: c1, Barriers: 4, Oops: 0, ImmediateOops: 0, NonImmediateOops: No
[1,515s][debug][gc,nmethod  ] Register NMethod: jdk.internal.util.StrongReferenceKey.hashCode (0x0000794416c3a288) [0x0000794416c3a380, 0x0000794416c3a8c0] Compiler: jvmci, Barriers: 8, Oops: 0, ImmediateOops: 0, NonImmediateOops: No
[1,516s][debug][gc,nmethod  ] Register NMethod: java.util.zip.ZipFile$Source.getEntryPos (0x0000794416c3a908) [0x0000794416c3aa00, 0x0000794416c3b178] Compiler: jvmci, Barriers: 6, Oops: 0, ImmediateOops: 0, NonImmediateOops: No
[1,516s][debug][gc,director ] Rule Major: Warmup 10%, Used: 62MB, UsedThreshold: 1228MB
[1,516s][debug][gc,nmethod  ] Register NMethod: jdk.internal.loader.AbstractClassLoaderValue$Sub.parent (0x0000794416c3b188) [0x0000794416c3b280, 0x0000794416c3b368] Compiler: c1, Barriers: 1, Oops: 0, ImmediateOops: 0, NonImmediateOops: No
[1,516s][debug][gc,nmethod  ] Register NMethod: java.net.URLClassLoader.isSealed (0x00007943f7691588) [0x00007943f7691680, 0x00007943f7695130] Compiler: c1, Barriers: 10, Oops: 3, ImmediateOops: 15, NonImmediateOops: No
[1,517s][debug][gc,nmethod  ] Register NMethod: java.lang.reflect.Method.getRoot (0x0000794416c3b488) [0x0000794416c3b580, 0x0000794416c3b668] Compiler: c1, Barriers: 1, Oops: 0, ImmediateOops: 0, NonImmediateOops: No
[1,518s][debug][gc,nmethod  ] Register NMethod: java.lang.invoke.MethodHandle.linkToSpecial (0x0000794416c3b788) [0x0000794416c3b880, 0x0000794416c3b978] Compiler: , Barriers: 0, Oops: 0, ImmediateOops: 0, NonImmediateOops: No
[1,519s][debug][gc,nmethod  ] Register NMethod: java.lang.invoke.MethodHandle.linkToSpecial (0x0000794416c3ba88) [0x0000794416c3bb80, 0x0000794416c3bc78] Compiler: , Barriers: 0, Oops: 0, ImmediateOops: 0, NonImmediateOops: No
[1,519s][debug][gc,nmethod  ] Register NMethod: sun.invoke.util.Wrapper.stackSlots (0x00007943f7695188) [0x00007943f7695280, 0x00007943f7695388] Compiler: c1, Barriers: 0, Oops: 0, ImmediateOops: 0, NonImmediateOops: No
[1,519s][debug][gc,nmethod  ] Register NMethod: java.lang.invoke.LambdaForm$BasicType.basicTypeSlots (0x00007943f7695488) [0x00007943f7695580, 0x00007943f76958d8] Compiler: c1, Barriers: 1, Oops: 0, ImmediateOops: 0, NonImmediateOops: No
[1,519s][debug][gc,nmethod  ] Register NMethod: jdk.internal.classfile.impl.BufWriterImpl.writeU1U1 (0x00007943f7695908) [0x00007943f7695a00, 0x00007943f7695e70] Compiler: c1, Barriers: 2, Oops: 0, ImmediateOops: 0, NonImmediateOops: No
[1,519s][debug][gc,nmethod  ] Register NMethod: java.lang.invoke.InvokerBytecodeGenerator.emitPushArgument (0x00007943f7695e88) [0x00007943f7695f80, 0x00007943f7698b48] Compiler: c1, Barriers: 6, Oops: 1, ImmediateOops: 5, NonImmediateOops: No
[1,520s][debug][gc,nmethod  ] Register NMethod: java.lang.invoke.MethodHandle.linkToStatic (0x0000794416c3bd88) [0x0000794416c3be80, 0x0000794416c3bf78] Compiler: , Barriers: 0, Oops: 0, ImmediateOops: 0, NonImmediateOops: No
[1,520s][debug][gc,nmethod  ] Register NMethod: jdk.internal.constant.MethodTypeDescImpl.parameterCount (0x0000794416c3c088) [0x0000794416c3c180, 0x0000794416c3c260] Compiler: jvmci, Barriers: 1, Oops: 0, ImmediateOops: 0, NonImmediateOops: No
[1,520s][debug][gc,nmethod  ] Register NMethod: java.lang.invoke.DirectMethodHandle.<init> (0x00007943f7698b88) [0x00007943f7698c80, 0x00007943f769b110] Compiler: c1, Barriers: 9, Oops: 2, ImmediateOops: 2, NonImmediateOops: No
[1,520s][debug][gc,nmethod  ] Register NMethod: java.lang.invoke.MethodHandle.invokeBasic (0x0000794416c3c388) [0x0000794416c3c480, 0x0000794416c3c718] Compiler: , Barriers: 0, Oops: 0, ImmediateOops: 0, NonImmediateOops: No
[1,520s][debug][gc,nmethod  ] Register NMethod: java.lang.invoke.LambdaForm$Name.isParam (0x00007943f769b188) [0x00007943f769b280, 0x00007943f769b400] Compiler: c1, Barriers: 1, Oops: 0, ImmediateOops: 0, NonImmediateOops: No
[1,520s][debug][gc,nmethod  ] Register NMethod: java.lang.invoke.MethodHandles$Lookup.checkSymbolicClass (0x00007943f769b488) [0x00007943f769b580, 0x00007943f769bb68] Compiler: c1, Barriers: 0, Oops: 0, ImmediateOops: 1, NonImmediateOops: No
[1,520s][debug][gc,nmethod  ] Register NMethod: java.lang.classfile.constantpool.ConstantPoolBuilder.methodRefEntry (0x00007943f769bb88) [0x00007943f769bc80, 0x00007943f769c3b0] Compiler: c1, Barriers: 0, Oops: 0, ImmediateOops: 0, NonImmediateOops: No
[1,521s][debug][gc,nmethod  ] Register NMethod: jdk.internal.classfile.impl.StackMapGenerator$Frame.getLocalRawInternal (0x00007943f769c408) [0x00007943f769c500, 0x00007943f769c898] Compiler: c1, Barriers: 2, Oops: 0, ImmediateOops: 0, NonImmediateOops: No
[1,521s][debug][gc,nmethod  ] Register NMethod: jdk.internal.constant.MethodTypeDescImpl.buildDescriptorString (0x00007943f769c908) [0x00007943f769ca00, 0x00007943f76a36a0] Compiler: c1, Barriers: 18, Oops: 3, ImmediateOops: 27, NonImmediateOops: No
[1,521s][debug][gc,nmethod  ] Register NMethod: java.lang.classfile.constantpool.MemberRefEntry.type (0x00007943f76a3708) [0x00007943f76a3800, 0x00007943f76a4260] Compiler: c1, Barriers: 2, Oops: 0, ImmediateOops: 0, NonImmediateOops: No
[1,521s][debug][gc,nmethod  ] Register NMethod: java.lang.invoke.LambdaForm.useCount (0x00007943f76a4288) [0x00007943f76a4380, 0x00007943f76a4828] Compiler: c1, Barriers: 4, Oops: 0, ImmediateOops: 0, NonImmediateOops: No
[1,521s][debug][gc,nmethod  ] Register NMethod: java.lang.invoke.LambdaForm$Name.<init> (0x00007943f76a4888) [0x00007943f76a4980, 0x00007943f76a5948] Compiler: c1, Barriers: 8, Oops: 0, ImmediateOops: 1, NonImmediateOops: No
[1,521s][debug][gc,nmethod  ] Register NMethod: jdk.internal.classfile.impl.SplitConstantPool.entryByIndex (0x0000794416c3c788) [0x0000794416c3c880, 0x0000794416c3ca40] Compiler: jvmci, Barriers: 2, Oops: 0, ImmediateOops: 0, NonImmediateOops: No
[1,522s][debug][gc,nmethod  ] Register NMethod: java.util.List.copyOf (0x00007943f76a5988) [0x00007943f76a5a80, 0x00007943f76a5b90] Compiler: c1, Barriers: 0, Oops: 0, ImmediateOops: 0, NonImmediateOops: No
[1,523s][debug][gc,nmethod  ] Register NMethod: jdk.internal.classfile.impl.AbstractPoolEntry$Utf8EntryImpl.clone (0x00007943f76a5c88) [0x00007943f76a5d80, 0x00007943f76a6078] Compiler: c1, Barriers: 0, Oops: 0, ImmediateOops: 0, NonImmediateOops: No
[1,523s][debug][gc,nmethod  ] Register NMethod: java.util.ImmutableCollections.listCopy (0x00007943f76a6088) [0x00007943f76a6180, 0x00007943f76a7038] Compiler: c1, Barriers: 0, Oops: 0, ImmediateOops: 1, NonImmediateOops: No
[1,523s][debug][gc,nmethod  ] Register NMethod: jdk.internal.classfile.impl.AbstractPoolEntry$Utf8EntryImpl.clone (0x00007943f76a7088) [0x00007943f76a7180, 0x00007943f76a7ce8] Compiler: c1, Barriers: 8, Oops: 0, ImmediateOops: 1, NonImmediateOops: No
[1,524s][debug][gc,nmethod  ] Register NMethod: java.lang.StringLatin1.getChar (0x00007943f76a7d08) [0x00007943f76a7e00, 0x00007943f76a7f10] Compiler: c1, Barriers: 0, Oops: 0, ImmediateOops: 0, NonImmediateOops: No
[1,525s][debug][gc,nmethod  ] Register NMethod: java.lang.reflect.Executable.<init> (0x00007943f76a8008) [0x00007943f76a8100, 0x00007943f76a82b8] Compiler: c1, Barriers: 0, Oops: 0, ImmediateOops: 0, NonImmediateOops: No
[1,525s][debug][gc,nmethod  ] Register NMethod: java.util.ImmutableCollections$List12.<init> (0x00007943f76a8308) [0x00007943f76a8400, 0x00007943f76a88b0] Compiler: c1, Barriers: 6, Oops: 0, ImmediateOops: 1, NonImmediateOops: No
[1,526s][debug][gc,nmethod  ] Register NMethod: jdk.internal.classfile.impl.SplitConstantPool.utf8Entry (0x00007943f76a8908) [0x00007943f76a8a00, 0x00007943f76a9200] Compiler: c1, Barriers: 4, Oops: 0, ImmediateOops: 0, NonImmediateOops: No
[1,526s][debug][gc,nmethod  ] Register NMethod: java.lang.classfile.Opcode.sizeIfFixed (0x0000794416c3ca88) [0x0000794416c3cb80, 0x0000794416c3cc40] Compiler: c1, Barriers: 0, Oops: 0, ImmediateOops: 0, NonImmediateOops: No
[1,526s][debug][gc,nmethod  ] Register NMethod: jdk.internal.classfile.impl.Util.isDoubleSlot (0x00007943f76a9208) [0x00007943f76a9300, 0x00007943f76a9470] Compiler: c1, Barriers: 0, Oops: 0, ImmediateOops: 2, NonImmediateOops: No
[1,526s][debug][gc,director ] Rule Major: Warmup 10%, Used: 64MB, UsedThreshold: 1228MB
[1,526s][debug][gc,nmethod  ] Register NMethod: java.util.BitSet.get (0x00007943f76a9508) [0x00007943f76a9600, 0x00007943f76aa4a8] Compiler: c1, Barriers: 1, Oops: 1, ImmediateOops: 2, NonImmediateOops: No
[1,526s][debug][gc,nmethod  ] Register NMethod: java.lang.invoke.MethodHandle.isBuiltinLoader (0x00007943f76aa508) [0x00007943f76aa600, 0x00007943f76aa850] Compiler: c1, Barriers: 0, Oops: 0, ImmediateOops: 2, NonImmediateOops: No
[1,526s][debug][gc,nmethod  ] Register NMethod: java.lang.PublicMethods$Key.matches (0x00007943f76aa888) [0x00007943f76aa980, 0x00007943f76ab070] Compiler: c1, Barriers: 2, Oops: 1, ImmediateOops: 2, NonImmediateOops: No
[1,527s][debug][gc,nmethod  ] Register NMethod: java.lang.ref.Reference.<init> (0x00007943f76ab088) [0x00007943f76ab180, 0x00007943f76ab458] Compiler: c1, Barriers: 6, Oops: 0, ImmediateOops: 1, NonImmediateOops: No
[1,531s][debug][gc,nmethod  ] Register NMethod: java.util.zip.ZipFile.getEntry (0x0000794416c3cd88) [0x0000794416c3ce80, 0x0000794416c3d910] Compiler: jvmci, Barriers: 7, Oops: 0, ImmediateOops: 0, NonImmediateOops: No
[1,531s][debug][gc,nmethod  ] Register NMethod: jdk.internal.loader.URLClassPath.getLoader (0x0000794416c3d988) [0x0000794416c3da80, 0x0000794416c3e778] Compiler: jvmci, Barriers: 12, Oops: 0, ImmediateOops: 0, NonImmediateOops: No
[1,534s][debug][gc,nmethod  ] Register NMethod: jdk.internal.loader.NativeLibrary.findEntry0 (0x0000794416c3e788) [0x0000794416c3e880, 0x0000794416c3e9f0] Compiler: , Barriers: 0, Oops: 0, ImmediateOops: 1, NonImmediateOops: No
[1,534s][debug][gc,nmethod  ] Register NMethod: java.lang.Class.forName0 (0x0000794416c3ea88) [0x0000794416c3eb80, 0x0000794416c3eee0] Compiler: , Barriers: 0, Oops: 0, ImmediateOops: 1, NonImmediateOops: No
[1,534s][debug][gc,nmethod  ] Register NMethod: java.lang.invoke.MethodHandle.linkToInterface (0x0000794416c3ef08) [0x0000794416c3f000, 0x0000794416c3f130] Compiler: , Barriers: 0, Oops: 0, ImmediateOops: 0, NonImmediateOops: No
[1,535s][debug][gc,nmethod  ] Register NMethod: java.lang.invoke.MethodHandle.invokeBasic (0x0000794416c3f208) [0x0000794416c3f300, 0x0000794416c3f598] Compiler: , Barriers: 0, Oops: 0, ImmediateOops: 0, NonImmediateOops: No
[1,535s][debug][gc,nmethod  ] Register NMethod: java.lang.invoke.DirectMethodHandle.internalMemberName (0x0000794416c3f608) [0x0000794416c3f700, 0x0000794416c3f7e8] Compiler: c1, Barriers: 1, Oops: 0, ImmediateOops: 0, NonImmediateOops: No
[1,535s][debug][gc,nmethod  ] Register NMethod: jdk.internal.classfile.impl.AnnotationImpl.elements (0x0000794416c3f908) [0x0000794416c3fa00, 0x0000794416c3fae8] Compiler: c1, Barriers: 1, Oops: 0, ImmediateOops: 0, NonImmediateOops: No
[1,535s][debug][gc,nmethod  ] Register NMethod: jdk.internal.classfile.impl.AnnotationImpl.className (0x0000794416c3fc08) [0x0000794416c3fd00, 0x0000794416c3fde8] Compiler: c1, Barriers: 1, Oops: 0, ImmediateOops: 0, NonImmediateOops: No
[1,536s][debug][gc,nmethod  ] Register NMethod: java.lang.ref.SoftReference.<init> (0x00007943f76ab488) [0x00007943f76ab580, 0x00007943f76ab8c8] Compiler: c1, Barriers: 6, Oops: 0, ImmediateOops: 2, NonImmediateOops: No
[1,536s][debug][gc,nmethod  ] Register NMethod: jdk.internal.classfile.impl.StackMapGenerator$Type.equals (0x00007943f76ab908) [0x00007943f76aba00, 0x00007943f76ac350] Compiler: c1, Barriers: 2, Oops: 0, ImmediateOops: 0, NonImmediateOops: No
[1,536s][debug][gc,nmethod  ] Register NMethod: jdk.internal.classfile.impl.AbstractPoolEntry$Utf8EntryImpl.fieldTypeSymbol (0x00007943f76ac388) [0x00007943f76ac480, 0x00007943f76ad478] Compiler: c1, Barriers: 5, Oops: 0, ImmediateOops: 0, NonImmediateOops: No
[1,536s][debug][gc,director ] Rule Major: Warmup 10%, Used: 68MB, UsedThreshold: 1228MB
[1,536s][debug][gc,nmethod  ] Register NMethod: jdk.internal.classfile.impl.SplitConstantPool.writeTo (0x00007943f76ad488) [0x00007943f76ad580, 0x00007943f76afd60] Compiler: c1, Barriers: 10, Oops: 1, ImmediateOops: 2, NonImmediateOops: No
[1,537s][debug][gc,nmethod  ] Register NMethod: java.lang.Character.charCount (0x00007943f76afd88) [0x00007943f76afe80, 0x00007943f76affd0] Compiler: c1, Barriers: 0, Oops: 0, ImmediateOops: 0, NonImmediateOops: No
[1,537s][debug][gc,nmethod  ] Register NMethod: java.util.jar.JarFile.getEntry (0x0000794416c3ff08) [0x0000794416c40000, 0x0000794416c414a0] Compiler: jvmci, Barriers: 14, Oops: 2, ImmediateOops: 8, NonImmediateOops: No
[1,538s][debug][gc,nmethod  ] Register NMethod: java.lang.Character$Subset.<init> (0x00007943f76b0088) [0x00007943f76b0180, 0x00007943f76b0448] Compiler: c1, Barriers: 3, Oops: 0, ImmediateOops: 1, NonImmediateOops: No
[1,538s][debug][gc,nmethod  ] Register NMethod: java.lang.Character$UnicodeBlock.<init> (0x00007943f76b0488) [0x00007943f76b0580, 0x00007943f76b0b30] Compiler: c1, Barriers: 4, Oops: 0, ImmediateOops: 1, NonImmediateOops: No
[1,538s][debug][gc,nmethod  ] Register NMethod: java.util.ArrayDeque.elementAt (0x0000794416c41508) [0x0000794416c41600, 0x0000794416c416f0] Compiler: jvmci, Barriers: 1, Oops: 0, ImmediateOops: 0, NonImmediateOops: No
[1,538s][debug][gc,nmethod  ] Register NMethod: java.lang.invoke.MethodHandle.linkToStatic (0x0000794416c41808) [0x0000794416c41900, 0x0000794416c419f0] Compiler: , Barriers: 0, Oops: 0, ImmediateOops: 0, NonImmediateOops: No
[1,539s][debug][gc,nmethod  ] Register NMethod: java.util.concurrent.locks.AbstractQueuedSynchronizer.getState (0x0000794416c41b08) [0x0000794416c41c00, 0x0000794416c41cc0] Compiler: c1, Barriers: 0, Oops: 0, ImmediateOops: 0, NonImmediateOops: No
[1,539s][debug][gc,nmethod  ] Register NMethod: java.util.concurrent.locks.AbstractOwnableSynchronizer.getExclusiveOwnerThread (0x0000794416c41e08) [0x0000794416c41f00, 0x0000794416c41fe8] Compiler: c1, Barriers: 1, Oops: 0, ImmediateOops: 0, NonImmediateOops: No
[1,539s][debug][gc,nmethod  ] Register NMethod: java.util.concurrent.locks.AbstractOwnableSynchronizer.setExclusiveOwnerThread (0x0000794416c42108) [0x0000794416c42200, 0x0000794416c42330] Compiler: c1, Barriers: 3, Oops: 0, ImmediateOops: 0, NonImmediateOops: No
[1,539s][debug][gc,nmethod  ] Register NMethod: java.util.concurrent.locks.AbstractQueuedSynchronizer.setState (0x0000794416c42408) [0x0000794416c42500, 0x0000794416c425c8] Compiler: c1, Barriers: 0, Oops: 0, ImmediateOops: 0, NonImmediateOops: No
[1,539s][debug][gc,nmethod  ] Register NMethod: sun.net.util.IPAddressUtil.scan (0x00007943f76b0b88) [0x00007943f76b0c80, 0x00007943f76b1cd0] Compiler: c1, Barriers: 3, Oops: 1, ImmediateOops: 2, NonImmediateOops: No
[1,543s][debug][gc,nmethod  ] Register NMethod: java.lang.String.startsWith (0x0000794416c42708) [0x0000794416c42800, 0x0000794416c42b18] Compiler: jvmci, Barriers: 2, Oops: 0, ImmediateOops: 0, NonImmediateOops: No
[1,543s][debug][gc,nmethod  ] Register NMethod: jdk.internal.util.ArraysSupport.mismatch (0x0000794416c42b88) [0x0000794416c42c80, 0x0000794416c42f10] Compiler: jvmci, Barriers: 0, Oops: 0, ImmediateOops: 0, NonImmediateOops: No
[1,543s][debug][gc,nmethod  ] Register NMethod: jdk.internal.misc.Unsafe.fullFence (0x0000794416c42f88) [0x0000794416c43080, 0x0000794416c431c8] Compiler: , Barriers: 0, Oops: 0, ImmediateOops: 0, NonImmediateOops: No
[1,543s][debug][gc,nmethod  ] Register NMethod: jdk.internal.classfile.impl.DirectMethodBuilder.run (0x00007943f76b1d08) [0x00007943f76b1e00, 0x00007943f76b2118] Compiler: c1, Barriers: 0, Oops: 0, ImmediateOops: 0, NonImmediateOops: No
[1,544s][debug][gc,nmethod  ] Register NMethod: jdk.internal.classfile.impl.DirectClassBuilder.withMethod (0x00007943f76b2188) [0x00007943f76b2280, 0x00007943f76b2ae0] Compiler: c1, Barriers: 2, Oops: 0, ImmediateOops: 0, NonImmediateOops: No
[1,544s][debug][gc,nmethod  ] Register NMethod: java.lang.classfile.ClassBuilder.withMethod (0x00007943f76b2b08) [0x00007943f76b2c00, 0x00007943f76b3680] Compiler: c1, Barriers: 7, Oops: 0, ImmediateOops: 0, NonImmediateOops: No
[1,544s][debug][gc,nmethod  ] Register NMethod: java.util.concurrent.ConcurrentHashMap.putVal (0x00007943f76b3688) [0x00007943f76b3780, 0x00007943f76b5cc8] Compiler: c1, Barriers: 28, Oops: 0, ImmediateOops: 1, NonImmediateOops: No
[1,544s][debug][gc,nmethod  ] Register NMethod: jdk.internal.classfile.impl.DirectMethodBuilder.<init> (0x00007943f76b5d08) [0x00007943f76b5e00, 0x00007943f76b6cc8] Compiler: c1, Barriers: 21, Oops: 0, ImmediateOops: 1, NonImmediateOops: No
[1,544s][debug][gc,nmethod  ] Register NMethod: jdk.internal.classfile.impl.DirectMethodBuilder.withCode (0x00007943f76b6d08) [0x00007943f76b6e00, 0x00007943f76b6f40] Compiler: c1, Barriers: 0, Oops: 0, ImmediateOops: 0, NonImmediateOops: No
[1,544s][debug][gc,nmethod  ] Register NMethod: jdk.internal.classfile.impl.DirectMethodBuilder.withCode (0x00007943f76b7008) [0x00007943f76b7100, 0x00007943f76b7600] Compiler: c1, Barriers: 4, Oops: 0, ImmediateOops: 0, NonImmediateOops: No
[1,544s][debug][gc,nmethod  ] Register NMethod: jdk.internal.classfile.impl.DirectCodeBuilder.processDeferredLabels (0x00007943f76b7608) [0x00007943f76b7700, 0x00007943f76b8110] Compiler: c1, Barriers: 5, Oops: 0, ImmediateOops: 0, NonImmediateOops: No
[1,544s][debug][gc,nmethod  ] Register NMethod: jdk.internal.classfile.impl.ClassFileImpl.fixShortJumps (0x00007943f76b8188) [0x00007943f76b8280, 0x00007943f76b84c0] Compiler: c1, Barriers: 2, Oops: 0, ImmediateOops: 0, NonImmediateOops: No
[1,544s][debug][gc,nmethod  ] Register NMethod: jdk.internal.classfile.impl.DirectCodeBuilder.build (0x00007943f76b8508) [0x00007943f76b8600, 0x00007943f76b9168] Compiler: c1, Barriers: 3, Oops: 0, ImmediateOops: 0, NonImmediateOops: No
[1,544s][debug][gc,nmethod  ] Register NMethod: jdk.internal.jimage.ImageStringsReader.hashCode (0x00007943f76b9188) [0x00007943f76b9280, 0x00007943f76b93e0] Compiler: c1, Barriers: 0, Oops: 0, ImmediateOops: 0, NonImmediateOops: No
[1,544s][debug][gc,nmethod  ] Register NMethod: jdk.internal.classfile.impl.BufWriterImpl.<init> (0x00007943f76b9488) [0x00007943f76b9580, 0x00007943f76b96d0] Compiler: c1, Barriers: 0, Oops: 0, ImmediateOops: 0, NonImmediateOops: No
[1,544s][debug][gc,nmethod  ] Register NMethod: jdk.internal.module.SystemModuleFinders$SystemImage.reader (0x00007943f76b9788) [0x00007943f76b9880, 0x00007943f76b9968] Compiler: c1, Barriers: 0, Oops: 0, ImmediateOops: 1, NonImmediateOops: No
[1,544s][debug][gc,nmethod  ] Register NMethod: jdk.internal.jimage.ImageReader.requireOpen (0x00007943f76b9a88) [0x00007943f76b9b80, 0x00007943f76b9d88] Compiler: c1, Barriers: 0, Oops: 0, ImmediateOops: 1, NonImmediateOops: No
[1,544s][debug][gc,nmethod  ] Register NMethod: jdk.internal.jimage.ImageStringsReader.hashCode (0x00007943f76b9e08) [0x00007943f76b9f00, 0x00007943f76ba0b0] Compiler: c1, Barriers: 0, Oops: 0, ImmediateOops: 0, NonImmediateOops: No
[1,544s][debug][gc,nmethod  ] Register NMethod: jdk.internal.jimage.BasicImageReader.getLocationIndex (0x00007943f76ba108) [0x00007943f76ba200, 0x00007943f76ba9c8] Compiler: c1, Barriers: 2, Oops: 0, ImmediateOops: 0, NonImmediateOops: No
[1,544s][debug][gc,nmethod  ] Register NMethod: jdk.internal.loader.BuiltinClassLoader.moduleReaderFor (0x00007943f76baa08) [0x00007943f76bab00, 0x00007943f76bb708] Compiler: c1, Barriers: 5, Oops: 0, ImmediateOops: 0, NonImmediateOops: No
[1,544s][debug][gc,nmethod  ] Register NMethod: jdk.internal.module.SystemModuleFinders$SystemModuleReader.containsImageLocation (0x00007943f76bb788) [0x00007943f76bb880, 0x00007943f76bc260] Compiler: c1, Barriers: 2, Oops: 1, ImmediateOops: 4, NonImmediateOops: No
[1,545s][debug][gc,nmethod  ] Register NMethod: jdk.internal.jimage.ImageReader.verifyLocation (0x00007943f76bc288) [0x00007943f76bc380, 0x00007943f76bc830] Compiler: c1, Barriers: 1, Oops: 0, ImmediateOops: 1, NonImmediateOops: No
[1,545s][debug][gc,nmethod  ] Register NMethod: jdk.internal.jimage.BasicImageReader.verifyLocation (0x00007943f76bc888) [0x00007943f76bc980, 0x00007943f76bce18] Compiler: c1, Barriers: 3, Oops: 0, ImmediateOops: 0, NonImmediateOops: No
[1,545s][debug][gc,nmethod  ] Register NMethod: jdk.internal.classfile.impl.DirectCodeBuilder.<init> (0x00007943f76bce88) [0x00007943f76bcf80, 0x00007943f76bec30] Compiler: c1, Barriers: 56, Oops: 0, ImmediateOops: 6, NonImmediateOops: No
[1,545s][debug][gc,nmethod  ] Register NMethod: jdk.internal.module.SystemModuleFinders$SystemModuleReader.find (0x00007943f76bec88) [0x00007943f76bed80, 0x00007943f76c03f0] Compiler: c1, Barriers: 5, Oops: 2, ImmediateOops: 4, NonImmediateOops: No
[1,545s][debug][gc,nmethod  ] Register NMethod: jdk.internal.classfile.impl.Util.maxLocals (0x00007943f76c0408) [0x00007943f76c0500, 0x00007943f76c0670] Compiler: c1, Barriers: 0, Oops: 0, ImmediateOops: 0, NonImmediateOops: No
[1,545s][debug][gc,nmethod  ] Register NMethod: java.lang.classfile.Attributes.code (0x00007943f76c0708) [0x00007943f76c0800, 0x00007943f76c08e8] Compiler: c1, Barriers: 0, Oops: 0, ImmediateOops: 1, NonImmediateOops: No
[1,545s][debug][gc,nmethod  ] Register NMethod: jdk.internal.classfile.impl.EntryMap.firstToken (0x0000794416c43288) [0x0000794416c43380, 0x0000794416c435a0] Compiler: jvmci, Barriers: 1, Oops: 0, ImmediateOops: 0, NonImmediateOops: No
[1,545s][debug][gc,nmethod  ] Register NMethod: jdk.internal.classfile.impl.ClassFileImpl.passDebugElements (0x00007943f76c0a08) [0x00007943f76c0b00, 0x00007943f76c0d40] Compiler: c1, Barriers: 2, Oops: 0, ImmediateOops: 0, NonImmediateOops: No
[1,545s][debug][gc,nmethod  ] Register NMethod: jdk.internal.classfile.impl.UnboundAttribute$AdHocAttribute.<init> (0x00007943f76c0d88) [0x00007943f76c0e80, 0x00007943f76c1110] Compiler: c1, Barriers: 3, Oops: 0, ImmediateOops: 0, NonImmediateOops: No
[1,545s][debug][gc,nmethod  ] Register NMethod: jdk.internal.classfile.impl.DirectCodeBuilder.setLabelTarget (0x00007943f76c1188) [0x00007943f76c1280, 0x00007943f76c1998] Compiler: c1, Barriers: 1, Oops: 0, ImmediateOops: 0, NonImmediateOops: No
[1,545s][debug][gc,nmethod  ] Register NMethod: jdk.internal.classfile.impl.DirectCodeBuilder$4.<init> (0x00007943f76c1a08) [0x00007943f76c1b00, 0x00007943f76c1fc0] Compiler: c1, Barriers: 6, Oops: 0, ImmediateOops: 0, NonImmediateOops: No
[1,545s][debug][gc,nmethod  ] Register NMethod: jdk.internal.classfile.impl.DirectClassBuilder.withMethod (0x00007943f76c2008) [0x00007943f76c2100, 0x00007943f76c2ab8] Compiler: c1, Barriers: 9, Oops: 0, ImmediateOops: 0, NonImmediateOops: No
[1,545s][debug][gc,nmethod  ] Register NMethod: jdk.internal.classfile.impl.UnboundAttribute$AdHocAttribute.writeTo (0x00007943f76c2b08) [0x00007943f76c2c00, 0x00007943f76c4640] Compiler: c1, Barriers: 5, Oops: 0, ImmediateOops: 0, NonImmediateOops: No
[1,545s][debug][gc,nmethod  ] Register NMethod: jdk.internal.classfile.impl.ClassFileImpl.stackMapsWhenRequired (0x00007943f76c4688) [0x00007943f76c4780, 0x00007943f76c4938] Compiler: c1, Barriers: 1, Oops: 0, ImmediateOops: 1, NonImmediateOops: No
[1,546s][debug][gc,nmethod  ] Register NMethod: jdk.internal.classfile.impl.TerminalCodeBuilder.setupTopLocal (0x00007943f76c4988) [0x00007943f76c4a80, 0x00007943f76c7008] Compiler: c1, Barriers: 1, Oops: 1, ImmediateOops: 3, NonImmediateOops: No
[1,546s][debug][gc,nmethod  ] Register NMethod: jdk.internal.classfile.impl.DirectCodeBuilder.buildContent (0x00007943f76c7088) [0x00007943f76c7180, 0x00007943f76c8b80] Compiler: c1, Barriers: 23, Oops: 1, ImmediateOops: 2, NonImmediateOops: No
[1,546s][debug][gc,nmethod  ] Register NMethod: jdk.internal.classfile.impl.BufWriterImpl.bytecodeView (0x00007943f76c8c08) [0x00007943f76c8d00, 0x00007943f76c9080] Compiler: c1, Barriers: 4, Oops: 0, ImmediateOops: 0, NonImmediateOops: No
[1,546s][debug][gc,nmethod  ] Register NMethod: java.lang.StringBuilder.<init> (0x00007943f76c9088) [0x00007943f76c9180, 0x00007943f76c92b0] Compiler: c1, Barriers: 0, Oops: 0, ImmediateOops: 0, NonImmediateOops: No
[1,546s][debug][gc,nmethod  ] Register NMethod: jdk.internal.loader.URLClassPath$JarLoader.getResource (0x0000794416c43608) [0x0000794416c43700, 0x0000794416c44df8] Compiler: jvmci, Barriers: 19, Oops: 2, ImmediateOops: 8, NonImmediateOops: No
[1,546s][debug][gc,nmethod  ] Register NMethod: jdk.internal.classfile.impl.RawBytecodeHelper.of (0x00007943f76c9388) [0x00007943f76c9480, 0x00007943f76c9748] Compiler: c1, Barriers: 3, Oops: 0, ImmediateOops: 0, NonImmediateOops: No
[1,546s][debug][gc,nmethod  ] Register NMethod: java.io.File.exists (0x00007943f76c9788) [0x00007943f76c9880, 0x00007943f76c9c30] Compiler: c1, Barriers: 0, Oops: 0, ImmediateOops: 1, NonImmediateOops: No
[1,546s][debug][gc,nmethod  ] Register NMethod: jdk.internal.classfile.impl.BufWriterImpl.writeBytes (0x00007943f76c9c88) [0x00007943f76c9d80, 0x00007943f76ca0c0] Compiler: c1, Barriers: 1, Oops: 0, ImmediateOops: 0, NonImmediateOops: No
[1,546s][debug][gc,nmethod  ] Register NMethod: jdk.internal.classfile.impl.RawBytecodeHelper$CodeRange.<init> (0x00007943f76ca108) [0x00007943f76ca200, 0x00007943f76ca438] Compiler: c1, Barriers: 3, Oops: 0, ImmediateOops: 0, NonImmediateOops: No
[1,546s][debug][gc,nmethod  ] Register NMethod: jdk.internal.classfile.impl.DirectMethodBuilder.writeTo (0x00007943f76ca488) [0x00007943f76ca580, 0x00007943f76ceb90] Compiler: c1, Barriers: 5, Oops: 1, ImmediateOops: 6, NonImmediateOops: No
[1,546s][debug][gc,nmethod  ] Register NMethod: java.nio.Buffer.position (0x0000794416c44e88) [0x0000794416c44f80, 0x0000794416c45040] Compiler: c1, Barriers: 0, Oops: 0, ImmediateOops: 0, NonImmediateOops: No
[1,546s][debug][gc,nmethod  ] Register NMethod: jdk.internal.classfile.impl.DirectCodeBuilder$4.writeBody (0x00007943f76cec08) [0x00007943f76ced00, 0x00007943f76d2ce8] Compiler: c1, Barriers: 31, Oops: 1, ImmediateOops: 6, NonImmediateOops: No
[1,546s][debug][gc,director ] Rule Major: Warmup 10%, Used: 68MB, UsedThreshold: 1228MB
[1,546s][debug][gc,nmethod  ] Register NMethod: java.util.zip.ZipFile.getManifestName (0x00007943f76d2d08) [0x00007943f76d2e00, 0x00007943f76d32c8] Compiler: c1, Barriers: 3, Oops: 0, ImmediateOops: 0, NonImmediateOops: No
[1,546s][debug][gc,nmethod  ] Register NMethod: java.lang.String.codePointAt (0x00007943f76d3308) [0x00007943f76d3400, 0x00007943f76d3a58] Compiler: c1, Barriers: 2, Oops: 1, ImmediateOops: 2, NonImmediateOops: No
[1,546s][debug][gc,nmethod  ] Register NMethod: jdk.internal.classfile.impl.DirectCodeBuilder.writeExceptionHandlers (0x00007943f76d3a88) [0x00007943f76d3b80, 0x00007943f76d46a0] Compiler: c1, Barriers: 3, Oops: 0, ImmediateOops: 0, NonImmediateOops: No
[1,547s][debug][gc,nmethod  ] Register NMethod: java.lang.Package.isSealed (0x00007943f76d4708) [0x00007943f76d4800, 0x00007943f76d4e88] Compiler: c1, Barriers: 4, Oops: 0, ImmediateOops: 0, NonImmediateOops: No
[1,547s][debug][gc,nmethod  ] Register NMethod: java.lang.invoke.MethodHandleImpl.isCompileConstant (0x0000794416c45188) [0x0000794416c45280, 0x0000794416c45320] Compiler: c1, Barriers: 0, Oops: 0, ImmediateOops: 0, NonImmediateOops: No
[1,547s][debug][gc,nmethod  ] Register NMethod: jdk.internal.reflect.Reflection.getClassAccessFlags (0x0000794416c45488) [0x0000794416c45580, 0x0000794416c456e8] Compiler: , Barriers: 0, Oops: 0, ImmediateOops: 1, NonImmediateOops: No
[1,549s][debug][gc,nmethod  ] Register NMethod: java.lang.AbstractStringBuilder.<init> (0x0000794416c45788) [0x0000794416c45880, 0x0000794416c45af0] Compiler: jvmci, Barriers: 3, Oops: 0, ImmediateOops: 0, NonImmediateOops: No
[1,549s][debug][gc,nmethod  ] Register NMethod: java.lang.String.startsWith (0x0000794416c45b08) [0x0000794416c45c00, 0x0000794416c45ef8] Compiler: jvmci, Barriers: 2, Oops: 0, ImmediateOops: 0, NonImmediateOops: No
[1,551s][debug][gc,nmethod  ] Register NMethod: java.lang.invoke.MethodHandle.linkToStatic (0x0000794416c45f08) [0x0000794416c46000, 0x0000794416c460f0] Compiler: , Barriers: 0, Oops: 0, ImmediateOops: 0, NonImmediateOops: No
[1,551s][debug][gc,nmethod  ] Register NMethod: java.lang.invoke.MethodHandleNatives.refKindIsField (0x00007943f76d4f08) [0x00007943f76d5000, 0x00007943f76d5140] Compiler: c1, Barriers: 0, Oops: 0, ImmediateOops: 0, NonImmediateOops: No
[1,552s][debug][gc,nmethod  ] Register NMethod: java.lang.invoke.MemberName.getReferenceKind (0x0000794416c46208) [0x0000794416c46300, 0x0000794416c46390] Compiler: jvmci, Barriers: 0, Oops: 0, ImmediateOops: 0, NonImmediateOops: No
[1,552s][debug][gc,nmethod  ] Register NMethod: java.util.logging.LogManager$LoggerContext.getOwner (0x0000794416c46508) [0x0000794416c46600, 0x0000794416c466e8] Compiler: c1, Barriers: 1, Oops: 0, ImmediateOops: 0, NonImmediateOops: No
[1,552s][debug][gc,nmethod  ] Register NMethod: sun.net.www.ParseUtil.firstEncodeIndex (0x0000794416c46808) [0x0000794416c46900, 0x0000794416c46ee8] Compiler: jvmci, Barriers: 1, Oops: 0, ImmediateOops: 0, NonImmediateOops: No
[1,553s][debug][gc,nmethod  ] Register NMethod: java.util.jar.JarFile.getVersionedEntry (0x00007943f76d5208) [0x00007943f76d5300, 0x00007943f76d6e30] Compiler: c1, Barriers: 3, Oops: 3, ImmediateOops: 5, NonImmediateOops: No
[1,553s][debug][gc,nmethod  ] Register NMethod: jdk.internal.jimage.ImageStringsReader.match (0x00007943f76d6e88) [0x00007943f76d6f80, 0x00007943f76d72b0] Compiler: c1, Barriers: 1, Oops: 0, ImmediateOops: 0, NonImmediateOops: No
[1,553s][debug][gc,nmethod  ] Register NMethod: jdk.internal.jimage.BasicImageReader.match (0x00007943f76d7308) [0x00007943f76d7400, 0x00007943f76d7858] Compiler: c1, Barriers: 1, Oops: 0, ImmediateOops: 1, NonImmediateOops: No
[1,553s][debug][gc,nmethod  ] Register NMethod: java.lang.invoke.MemberName.isCallerSensitive (0x00007943f76d7888) [0x00007943f76d7980, 0x00007943f76d7b38] Compiler: c1, Barriers: 0, Oops: 0, ImmediateOops: 0, NonImmediateOops: No
[1,553s][debug][gc,nmethod  ] Register NMethod: jdk.internal.jimage.ImageStringsReader.unmaskedHashCode (0x0000794416c46f08) [0x0000794416c47000, 0x0000794416c474b0] Compiler: jvmci, Barriers: 1, Oops: 0, ImmediateOops: 0, NonImmediateOops: No
[1,553s][debug][gc,nmethod  ] Register NMethod: jdk.internal.jimage.ImageLocation.verifyName (0x00007943f76d7b88) [0x00007943f76d7c80, 0x00007943f76da258] Compiler: c1, Barriers: 9, Oops: 1, ImmediateOops: 4, NonImmediateOops: No
[1,553s][debug][gc,nmethod  ] Register NMethod: java.lang.invoke.Invokers$Holder.linkToTargetMethod (0x00007943f76da288) [0x00007943f76da380, 0x00007943f76da878] Compiler: c1, Barriers: 0, Oops: 0, ImmediateOops: 0, NonImmediateOops: No
[1,553s][debug][gc,nmethod  ] Register NMethod: jdk.internal.jimage.ImageStringsReader.stringFromByteBufferMatches (0x00007943f76da888) [0x00007943f76da980, 0x00007943f76dc870] Compiler: c1, Barriers: 5, Oops: 1, ImmediateOops: 4, NonImmediateOops: No
[1,554s][debug][gc,nmethod  ] Register NMethod: java.util.Properties.getProperty (0x00007943f76dc888) [0x00007943f76dc980, 0x00007943f76dd220] Compiler: c1, Barriers: 2, Oops: 0, ImmediateOops: 0, NonImmediateOops: No
[1,554s][debug][gc,nmethod  ] Register NMethod: sun.net.www.protocol.file.Handler.parseURL (0x00007943f76dd288) [0x00007943f76dd380, 0x00007943f76dd6f0] Compiler: c1, Barriers: 0, Oops: 0, ImmediateOops: 0, NonImmediateOops: No
[1,554s][debug][gc,nmethod  ] Register NMethod: java.lang.String.indexOf (0x0000794416c47508) [0x0000794416c47600, 0x0000794416c47748] Compiler: jvmci, Barriers: 1, Oops: 0, ImmediateOops: 0, NonImmediateOops: No
[1,554s][debug][gc,nmethod  ] Register NMethod: jdk.internal.misc.Unsafe.shouldBeInitialized0 (0x0000794416c47808) [0x0000794416c47900, 0x0000794416c47a70] Compiler: , Barriers: 0, Oops: 0, ImmediateOops: 0, NonImmediateOops: No
[1,554s][debug][gc,nmethod  ] Register NMethod: java.lang.invoke.MethodHandle.linkToStatic (0x0000794416c47b08) [0x0000794416c47c00, 0x0000794416c47cf0] Compiler: , Barriers: 0, Oops: 0, ImmediateOops: 0, NonImmediateOops: No
[1,554s][debug][gc,nmethod  ] Register NMethod: java.lang.invoke.BoundMethodHandle.<init> (0x00007943f76dd708) [0x00007943f76dd800, 0x00007943f76dd958] Compiler: c1, Barriers: 0, Oops: 0, ImmediateOops: 0, NonImmediateOops: No
[1,555s][debug][gc,nmethod  ] Register NMethod: jdk.internal.jimage.ImageLocation.verify (0x00007943f76dda08) [0x00007943f76ddb00, 0x00007943f76df570] Compiler: c1, Barriers: 1, Oops: 1, ImmediateOops: 2, NonImmediateOops: No
[1,555s][debug][gc,nmethod  ] Register NMethod: java.nio.DirectByteBuffer.get (0x0000794416c47e08) [0x0000794416c47f00, 0x0000794416c48028] Compiler: jvmci, Barriers: 1, Oops: 0, ImmediateOops: 0, NonImmediateOops: No
[1,556s][debug][gc,nmethod  ] Register NMethod: jdk.internal.classfile.impl.AbstractPoolEntry$MethodRefEntryImpl.<init> (0x00007943f76df588) [0x00007943f76df680, 0x00007943f76df7d0] Compiler: c1, Barriers: 0, Oops: 0, ImmediateOops: 0, NonImmediateOops: No
[1,556s][debug][gc,director ] Rule Major: Warmup 10%, Used: 70MB, UsedThreshold: 1228MB
[1,557s][debug][gc,nmethod  ] Register NMethod: java.util.stream.AbstractPipeline.getStreamAndOpFlags (0x0000794416c48108) [0x0000794416c48200, 0x0000794416c482c0] Compiler: c1, Barriers: 0, Oops: 0, ImmediateOops: 0, NonImmediateOops: No
[1,557s][debug][gc,nmethod  ] Register NMethod: java.lang.Character.isJavaIdentifierPart (0x00007943f76df888) [0x00007943f76df980, 0x00007943f76dfcb0] Compiler: c1, Barriers: 0, Oops: 0, ImmediateOops: 0, NonImmediateOops: No
[1,557s][debug][gc,nmethod  ] Rebuilding NMethod Table: 2048->4096 entries, 1434(70%->35%) registered, 0(0%->0%) unregistered
[1,557s][debug][gc,nmethod  ] Register NMethod: java.lang.CharacterDataLatin1.isJavaIdentifierPart (0x00007943f76dfd08) [0x00007943f76dfe00, 0x00007943f76e0198] Compiler: c1, Barriers: 0, Oops: 0, ImmediateOops: 1, NonImmediateOops: No
[1,557s][debug][gc,nmethod  ] Register NMethod: jdk.internal.classfile.impl.StackMapGenerator.processInvokeInstructions (0x00007943f76e0208) [0x00007943f76e0300, 0x00007943f76e6dd0] Compiler: c1, Barriers: 19, Oops: 5, ImmediateOops: 17, NonImmediateOops: No
[1,558s][debug][gc,nmethod  ] Register NMethod: java.lang.invoke.InfoFromMemberName.getReferenceKind (0x0000794416c48408) [0x0000794416c48500, 0x0000794416c485c0] Compiler: c1, Barriers: 0, Oops: 0, ImmediateOops: 0, NonImmediateOops: No
[1,558s][debug][gc,nmethod  ] Register NMethod: java.lang.classfile.ClassFile.latestMajorVersion (0x0000794416c48708) [0x0000794416c48800, 0x0000794416c488a0] Compiler: c1, Barriers: 0, Oops: 0, ImmediateOops: 0, NonImmediateOops: No
[1,558s][debug][gc,nmethod  ] Register NMethod: jdk.internal.classfile.impl.DirectClassBuilder.setFlags (0x0000794416c48a08) [0x0000794416c48b00, 0x0000794416c48bc0] Compiler: c1, Barriers: 0, Oops: 0, ImmediateOops: 0, NonImmediateOops: No
[1,558s][debug][gc,nmethod  ] Register NMethod: java.lang.classfile.ClassFile.latestMinorVersion (0x0000794416c48d08) [0x0000794416c48e00, 0x0000794416c48ea0] Compiler: c1, Barriers: 0, Oops: 0, ImmediateOops: 0, NonImmediateOops: No
[1,558s][debug][gc,nmethod  ] Register NMethod: jdk.internal.classfile.impl.StackMapGenerator$Frame.popStack (0x00007943f76e6e08) [0x00007943f76e6f00, 0x00007943f76e71f8] Compiler: c1, Barriers: 4, Oops: 1, ImmediateOops: 1, NonImmediateOops: No
[1,558s][debug][gc,nmethod  ] Register NMethod: jdk.internal.classfile.impl.BufWriterImpl.copyTo (0x00007943f76e7208) [0x00007943f76e7300, 0x00007943f76e76c0] Compiler: c1, Barriers: 1, Oops: 0, ImmediateOops: 0, NonImmediateOops: No
[1,558s][debug][gc,nmethod  ] Register NMethod: jdk.internal.classfile.impl.Util.writeList (0x00007943f76e7708) [0x00007943f76e7800, 0x00007943f76e8190] Compiler: c1, Barriers: 3, Oops: 0, ImmediateOops: 0, NonImmediateOops: No
[1,558s][debug][gc,nmethod  ] Register NMethod: jdk.internal.classfile.impl.BufWriterImpl.writeBytes (0x00007943f76e8208) [0x00007943f76e8300, 0x00007943f76e87f0] Compiler: c1, Barriers: 2, Oops: 0, ImmediateOops: 0, NonImmediateOops: No
[1,558s][debug][gc,nmethod  ] Register NMethod: java.lang.invoke.MethodHandles$Lookup.<init> (0x00007943f76e8808) [0x00007943f76e8900, 0x00007943f76e8b70] Compiler: c1, Barriers: 6, Oops: 0, ImmediateOops: 0, NonImmediateOops: No
[1,558s][debug][gc,nmethod  ] Register NMethod: java.io.UnixFileSystem.trimSeparator (0x00007943f76e8b88) [0x00007943f76e8c80, 0x00007943f76e9c70] Compiler: c1, Barriers: 1, Oops: 1, ImmediateOops: 2, NonImmediateOops: No
[1,559s][debug][gc,nmethod  ] Register NMethod: java.io.UnixFileSystem.resolve (0x00007943f76e9c88) [0x00007943f76e9d80, 0x00007943f76ed210] Compiler: c1, Barriers: 1, Oops: 1, ImmediateOops: 7, NonImmediateOops: No
[1,559s][debug][gc,nmethod  ] Register NMethod: jdk.internal.classfile.impl.RawBytecodeHelper.next (0x0000794416c49008) [0x0000794416c49100, 0x0000794416c49328] Compiler: jvmci, Barriers: 2, Oops: 0, ImmediateOops: 1, NonImmediateOops: No
[1,559s][debug][gc,nmethod  ] Register NMethod: java.lang.classfile.CodeBuilder.checkcast (0x00007943f76ed288) [0x00007943f76ed380, 0x00007943f76edcb8] Compiler: c1, Barriers: 2, Oops: 0, ImmediateOops: 0, NonImmediateOops: No
[1,559s][debug][gc,nmethod  ] Register NMethod: jdk.internal.classfile.impl.DirectCodeBuilder.checkcast (0x00007943f76edd08) [0x00007943f76ede00, 0x00007943f76ee550] Compiler: c1, Barriers: 1, Oops: 0, ImmediateOops: 0, NonImmediateOops: No
[1,559s][debug][gc,nmethod  ] Register NMethod: sun.net.www.ParseUtil.firstEncodeIndex (0x0000794416c49388) [0x0000794416c49480, 0x0000794416c498e0] Compiler: jvmci, Barriers: 1, Oops: 0, ImmediateOops: 0, NonImmediateOops: No
[1,559s][debug][gc,nmethod  ] Register NMethod: java.util.HashMap.getOrDefault (0x00007943f76ee588) [0x00007943f76ee680, 0x00007943f76ee9f8] Compiler: c1, Barriers: 1, Oops: 0, ImmediateOops: 0, NonImmediateOops: No
[1,559s][debug][gc,nmethod  ] Register NMethod: java.io.File.<init> (0x00007943f76eea08) [0x00007943f76eeb00, 0x00007943f76ef9c8] Compiler: c1, Barriers: 15, Oops: 2, ImmediateOops: 6, NonImmediateOops: No
[1,560s][debug][gc,nmethod  ] Register NMethod: java.lang.invoke.DirectMethodHandle.preparedLambdaForm (0x00007943f76efa08) [0x00007943f76efb00, 0x00007943f76f0990] Compiler: c1, Barriers: 4, Oops: 0, ImmediateOops: 0, NonImmediateOops: No
[1,560s][debug][gc,nmethod  ] Register NMethod: sun.net.util.IPAddressUtil.checkAuth (0x00007943f76f0a08) [0x00007943f76f0b00, 0x00007943f76f2048] Compiler: c1, Barriers: 2, Oops: 2, ImmediateOops: 4, NonImmediateOops: No
[1,560s][debug][gc,nmethod  ] Register NMethod: jdk.internal.loader.URLClassPath$FileLoader.getResource (0x00007943f76f2088) [0x00007943f76f2180, 0x00007943f76f4398] Compiler: c1, Barriers: 9, Oops: 1, ImmediateOops: 2, NonImmediateOops: No
[1,561s][debug][gc,nmethod  ] Register NMethod: jdk.internal.loader.URLClassPath$FileLoader.getResource (0x00007943f76f2088) [0x00007943f76f2180, 0x00007943f76f4398] Compiler: c1, Barriers: 9, Oops: 1, ImmediateOops: 2, NonImmediateOops: No
[1,561s][debug][gc,nmethod  ] Register NMethod: java.net.URLStreamHandler.parseURL (0x00007943f76f4408) [0x00007943f76f4500, 0x00007943f7713418] Compiler: c1, Barriers: 68, Oops: 8, ImmediateOops: 75, NonImmediateOops: No
[1,562s][debug][gc,nmethod  ] Register NMethod: java.util.BitSet.length (0x00007943f7713488) [0x00007943f7713580, 0x00007943f7713858] Compiler: c1, Barriers: 1, Oops: 0, ImmediateOops: 0, NonImmediateOops: No
[1,567s][debug][gc,director ] Rule Major: Warmup 10%, Used: 70MB, UsedThreshold: 1228MB
[1,568s][debug][gc,nmethod  ] Register NMethod: jdk.internal.misc.Unsafe.putInt (0x0000794416c49908) [0x0000794416c49a00, 0x0000794416c49b58] Compiler: , Barriers: 0, Oops: 0, ImmediateOops: 0, NonImmediateOops: No
[1,570s][debug][gc,nmethod  ] Register NMethod: jdk.internal.misc.Unsafe.getIntVolatile (0x0000794416c49c08) [0x0000794416c49d00, 0x0000794416c49e68] Compiler: , Barriers: 0, Oops: 0, ImmediateOops: 0, NonImmediateOops: No
[1,573s][debug][gc,nmethod  ] Register NMethod: jdk.internal.loader.Resource.cachedInputStream (0x00007943f7713888) [0x00007943f7713980, 0x00007943f7713ee0] Compiler: c1, Barriers: 5, Oops: 0, ImmediateOops: 0, NonImmediateOops: No
[1,573s][debug][gc,nmethod  ] Register NMethod: java.lang.ClassLoader.defineClass0 (0x0000794416c49f08) [0x0000794416c4a000, 0x0000794416c4a3b8] Compiler: , Barriers: 0, Oops: 0, ImmediateOops: 1, NonImmediateOops: No
[1,573s][debug][gc,nmethod  ] Register NMethod: jdk.internal.classfile.impl.StackMapGenerator.of (0x00007943f7713f08) [0x00007943f7714000, 0x00007943f7715570] Compiler: c1, Barriers: 14, Oops: 0, ImmediateOops: 0, NonImmediateOops: No
[1,573s][debug][gc,nmethod  ] Register NMethod: java.lang.invoke.DirectMethodHandle.preparedLambdaForm (0x00007943f7715588) [0x00007943f7715680, 0x00007943f77180e8] Compiler: c1, Barriers: 10, Oops: 0, ImmediateOops: 0, NonImmediateOops: No
[1,574s][debug][gc,nmethod  ] Register NMethod: jdk.internal.classfile.impl.ClassFileImpl.classHierarchyResolver (0x00007943f7718108) [0x00007943f7718200, 0x00007943f7718600] Compiler: c1, Barriers: 1, Oops: 0, ImmediateOops: 1, NonImmediateOops: No
[1,574s][debug][gc,nmethod  ] Register NMethod: jdk.internal.classfile.impl.StackMapGenerator.detectFrames (0x00007943f7718608) [0x00007943f7718700, 0x00007943f771bd58] Compiler: c1, Barriers: 7, Oops: 1, ImmediateOops: 2, NonImmediateOops: No
[1,574s][debug][gc,nmethod  ] Register NMethod: jdk.internal.classfile.impl.StackMapGenerator.processMethod (0x00007943f771bd88) [0x00007943f771be80, 0x00007943f771e3d8] Compiler: c1, Barriers: 15, Oops: 3, ImmediateOops: 4, NonImmediateOops: No
[1,574s][debug][gc,nmethod  ] Register NMethod: jdk.internal.classfile.impl.StackMapGenerator$Frame.setLocalsFromArg (0x00007943f771e408) [0x00007943f771e500, 0x00007943f7720a60] Compiler: c1, Barriers: 24, Oops: 1, ImmediateOops: 13, NonImmediateOops: No
[1,574s][debug][gc,nmethod  ] Register NMethod: jdk.internal.classfile.impl.StackMapGenerator.<init> (0x00007943f7720a88) [0x00007943f7720b80, 0x00007943f7722970] Compiler: c1, Barriers: 42, Oops: 0, ImmediateOops: 2, NonImmediateOops: No
[1,574s][debug][gc,nmethod  ] Register NMethod: java.lang.classfile.ClassHierarchyResolver.cached (0x00007943f7722988) [0x00007943f7722a80, 0x00007943f7722d88] Compiler: c1, Barriers: 0, Oops: 0, ImmediateOops: 1, NonImmediateOops: No
[1,574s][debug][gc,nmethod  ] Register NMethod: jdk.internal.classfile.impl.ClassHierarchyImpl.<init> (0x00007943f7722e08) [0x00007943f7722f00, 0x00007943f7723670] Compiler: c1, Barriers: 3, Oops: 0, ImmediateOops: 0, NonImmediateOops: No
[1,574s][debug][gc,nmethod  ] Register NMethod: java.lang.classfile.ClassHierarchyResolver.cached (0x00007943f7723688) [0x00007943f7723780, 0x00007943f7723d50] Compiler: c1, Barriers: 0, Oops: 0, ImmediateOops: 0, NonImmediateOops: No
[1,574s][debug][gc,nmethod  ] Register NMethod: jdk.internal.classfile.impl.ClassFileImpl.patchDeadCode (0x00007943f7723d88) [0x00007943f7723e80, 0x00007943f77240c0] Compiler: c1, Barriers: 2, Oops: 0, ImmediateOops: 0, NonImmediateOops: No
[1,574s][debug][gc,nmethod  ] Register NMethod: java.lang.classfile.ClassHierarchyResolver$1Factory.get (0x00007943f7724108) [0x00007943f7724200, 0x00007943f7724480] Compiler: c1, Barriers: 0, Oops: 0, ImmediateOops: 0, NonImmediateOops: No
[1,574s][debug][gc,nmethod  ] Register NMethod: jdk.internal.classfile.impl.ClassHierarchyImpl$CachedClassHierarchyResolver.<init> (0x00007943f7724488) [0x00007943f7724580, 0x00007943f77249b8] Compiler: c1, Barriers: 9, Oops: 0, ImmediateOops: 0, NonImmediateOops: No
[1,574s][debug][gc,nmethod  ] Register NMethod: jdk.internal.classfile.impl.ClassHierarchyImpl$CachedClassHierarchyResolver$1.<init> (0x00007943f7724a08) [0x00007943f7724b00, 0x00007943f7724e28] Compiler: c1, Barriers: 3, Oops: 0, ImmediateOops: 0, NonImmediateOops: No
[1,574s][debug][gc,nmethod  ] Register NMethod: jdk.internal.classfile.impl.ClassFileImpl.dropDeadLabels (0x00007943f7724e88) [0x00007943f7724f80, 0x00007943f77251c0] Compiler: c1, Barriers: 2, Oops: 0, ImmediateOops: 0, NonImmediateOops: No
[1,574s][debug][gc,nmethod  ] Register NMethod: java.lang.classfile.ClassHierarchyResolver$1Factory.get (0x00007943f7725208) [0x00007943f7725300, 0x00007943f7725790] Compiler: c1, Barriers: 0, Oops: 0, ImmediateOops: 0, NonImmediateOops: No
[1,574s][debug][gc,nmethod  ] Register NMethod: jdk.internal.classfile.impl.StackMapGenerator$Frame.<init> (0x00007943f7725808) [0x00007943f7725900, 0x00007943f7725a68] Compiler: c1, Barriers: 0, Oops: 0, ImmediateOops: 0, NonImmediateOops: No
[1,574s][debug][gc,nmethod  ] Register NMethod: jdk.internal.classfile.impl.StackMapGenerator.isAnyFrameDirty (0x00007943f7725b08) [0x00007943f7725c00, 0x00007943f7725e98] Compiler: c1, Barriers: 2, Oops: 0, ImmediateOops: 0, NonImmediateOops: No
[1,574s][debug][gc,nmethod  ] Register NMethod: jdk.internal.classfile.impl.StackMapGenerator$Frame.<init> (0x00007943f7725f08) [0x00007943f7726000, 0x00007943f77264d0] Compiler: c1, Barriers: 12, Oops: 0, ImmediateOops: 0, NonImmediateOops: No
[1,574s][debug][gc,nmethod  ] Register NMethod: java.util.stream.AbstractPipeline.isParallel (0x00007943f7726508) [0x00007943f7726600, 0x00007943f7726738] Compiler: c1, Barriers: 1, Oops: 0, ImmediateOops: 0, NonImmediateOops: No
[1,574s][debug][gc,nmethod  ] Register NMethod: java.lang.invoke.MemberName.changeReferenceKind (0x00007943f7726808) [0x00007943f7726900, 0x00007943f7726a20] Compiler: c1, Barriers: 0, Oops: 0, ImmediateOops: 0, NonImmediateOops: No
[1,574s][debug][gc,nmethod  ] Register NMethod: jdk.internal.classfile.impl.StackMapGenerator.generate (0x00007943f7726b08) [0x00007943f7726c00, 0x00007943f77276c0] Compiler: c1, Barriers: 7, Oops: 0, ImmediateOops: 0, NonImmediateOops: No
[1,574s][debug][gc,nmethod  ] Register NMethod: jdk.internal.classfile.impl.StackMapGenerator.stackMapTableAttribute (0x00007943f7727708) [0x00007943f7727800, 0x00007943f7727a38] Compiler: c1, Barriers: 0, Oops: 0, ImmediateOops: 1, NonImmediateOops: No
[1,575s][debug][gc,nmethod  ] Register NMethod: jdk.internal.loader.Resource.getBytes (0x00007943f7727a88) [0x00007943f7727b80, 0x00007943f7728ee0] Compiler: c1, Barriers: 5, Oops: 0, ImmediateOops: 1, NonImmediateOops: No
[1,576s][debug][gc,nmethod  ] Register NMethod: java.util.regex.Pattern.has (0x00007943f7728f08) [0x00007943f7729000, 0x00007943f7729150] Compiler: c1, Barriers: 0, Oops: 0, ImmediateOops: 0, NonImmediateOops: No
[1,577s][debug][gc,director ] Rule Major: Warmup 10%, Used: 72MB, UsedThreshold: 1228MB
[1,577s][debug][gc,nmethod  ] Register NMethod: jdk.internal.loader.Resource.getByteBuffer (0x00007943f7729208) [0x00007943f7729300, 0x00007943f7729f80] Compiler: c1, Barriers: 5, Oops: 0, ImmediateOops: 0, NonImmediateOops: No
[1,577s][debug][gc,nmethod  ] Register NMethod: jdk.internal.loader.URLClassPath$JarLoader.getResource (0x0000794416c4a408) [0x0000794416c4a500, 0x0000794416c4bbe8] Compiler: jvmci, Barriers: 19, Oops: 2, ImmediateOops: 8, NonImmediateOops: No
[1,578s][debug][gc,nmethod  ] Register NMethod: jdk.internal.loader.URLClassPath$JarLoader.findResource (0x00007943f7729f88) [0x00007943f772a080, 0x00007943f772a410] Compiler: c1, Barriers: 0, Oops: 0, ImmediateOops: 0, NonImmediateOops: No
[1,579s][debug][gc,nmethod  ] Register NMethod: java.lang.invoke.DirectMethodHandle.preparedLambdaForm (0x00007943f772a488) [0x00007943f772a580, 0x00007943f772a698] Compiler: c1, Barriers: 0, Oops: 0, ImmediateOops: 0, NonImmediateOops: No
[1,579s][debug][gc,nmethod  ] Register NMethod: java.lang.ref.Reference.<init> (0x0000794416c4bc08) [0x0000794416c4bd00, 0x0000794416c4bf08] Compiler: jvmci, Barriers: 9, Oops: 0, ImmediateOops: 1, NonImmediateOops: No
[1,579s][debug][gc,nmethod  ] Register NMethod: java.util.BitSet.previousSetBit (0x00007943f772a788) [0x00007943f772a880, 0x00007943f772ba00] Compiler: c1, Barriers: 1, Oops: 1, ImmediateOops: 2, NonImmediateOops: No
[1,579s][debug][gc,nmethod  ] Register NMethod: java.util.zip.ZipFile.getMetaInfVersions (0x00007943f772ba88) [0x00007943f772bb80, 0x00007943f772c5d0] Compiler: c1, Barriers: 4, Oops: 0, ImmediateOops: 2, NonImmediateOops: No
[1,579s][debug][gc,nmethod  ] Register NMethod: java.lang.invoke.MemberName.isVarargs (0x00007943f772c608) [0x00007943f772c700, 0x00007943f772cbf8] Compiler: c1, Barriers: 0, Oops: 0, ImmediateOops: 0, NonImmediateOops: No
[1,579s][debug][gc,nmethod  ] Register NMethod: java.lang.invoke.MethodHandles$Lookup.isArrayClone (0x00007943f772cc08) [0x00007943f772cd00, 0x00007943f772df78] Compiler: c1, Barriers: 7, Oops: 0, ImmediateOops: 2, NonImmediateOops: No
[1,579s][debug][gc,nmethod  ] Register NMethod: java.lang.invoke.MethodHandle.setVarargs (0x00007943f772df88) [0x00007943f772e080, 0x00007943f772fb98] Compiler: c1, Barriers: 0, Oops: 2, ImmediateOops: 4, NonImmediateOops: No
[1,580s][debug][gc,nmethod  ] Register NMethod: sun.invoke.util.VerifyAccess.isMemberAccessible (0x00007943f772fc08) [0x00007943f772fd00, 0x00007943f77322e8] Compiler: c1, Barriers: 0, Oops: 1, ImmediateOops: 2, NonImmediateOops: No
[1,582s][debug][gc,nmethod  ] Register NMethod: java.lang.invoke.MethodHandleNatives.findMethodHandleType (0x00007943f7732308) [0x00007943f7732400, 0x00007943f7732518] Compiler: c1, Barriers: 0, Oops: 0, ImmediateOops: 0, NonImmediateOops: No
[1,582s][debug][gc,nmethod  ] Register NMethod: java.lang.invoke.MethodHandle.linkToVirtual (0x0000794416c4bf88) [0x0000794416c4c080, 0x0000794416c4c0a8] Compiler: , Barriers: 0, Oops: 0, ImmediateOops: 0, NonImmediateOops: No
[1,583s][debug][gc,nmethod  ] Register NMethod: java.lang.System$1.concat (0x00007943f7732608) [0x00007943f7732700, 0x00007943f7734d18] Compiler: c1, Barriers: 6, Oops: 0, ImmediateOops: 6, NonImmediateOops: No
[1,583s][debug][gc,nmethod  ] Register NMethod: jdk.internal.constant.ConstantUtils.concat (0x00007943f7734d88) [0x00007943f7734e80, 0x00007943f77374e8] Compiler: c1, Barriers: 6, Oops: 0, ImmediateOops: 7, NonImmediateOops: No
[1,583s][debug][gc,nmethod  ] Register NMethod: java.lang.Math.min (0x0000794416c4c288) [0x0000794416c4c380, 0x0000794416c4c3e8] Compiler: jvmci, Barriers: 0, Oops: 0, ImmediateOops: 0, NonImmediateOops: No
[1,583s][debug][gc,nmethod  ] Register NMethod: java.lang.invoke.MethodHandleNatives.refKindIsMethod (0x00007943f7737508) [0x00007943f7737600, 0x00007943f7737810] Compiler: c1, Barriers: 0, Oops: 0, ImmediateOops: 0, NonImmediateOops: No
[1,583s][debug][gc,nmethod  ] Register NMethod: jdk.internal.classfile.impl.BufWriterImpl.cpIndexOrZero (0x00007943f7737888) [0x00007943f7737980, 0x00007943f7739e30] Compiler: c1, Barriers: 1, Oops: 1, ImmediateOops: 3, NonImmediateOops: No
[1,583s][debug][gc,nmethod  ] Register NMethod: jdk.internal.classfile.impl.Util.fieldTypeSymbol (0x00007943f7739e88) [0x00007943f7739f80, 0x00007943f773b388] Compiler: c1, Barriers: 5, Oops: 0, ImmediateOops: 0, NonImmediateOops: No
[1,583s][debug][gc,nmethod  ] Register NMethod: jdk.internal.classfile.impl.SplitConstantPool.canWriteDirect (0x0000794416c4c588) [0x0000794416c4c680, 0x0000794416c4c7c8] Compiler: jvmci, Barriers: 1, Oops: 0, ImmediateOops: 0, NonImmediateOops: No
[1,584s][debug][gc,nmethod  ] Register NMethod: java.lang.invoke.MethodHandleNatives.refKindHasReceiver (0x00007943f773b408) [0x00007943f773b500, 0x00007943f773b640] Compiler: c1, Barriers: 0, Oops: 0, ImmediateOops: 0, NonImmediateOops: No
[1,585s][debug][gc,nmethod  ] Register NMethod: java.util.jar.JarFile.getJarEntry (0x0000794416c4c888) [0x0000794416c4c980, 0x0000794416c4df48] Compiler: jvmci, Barriers: 14, Oops: 2, ImmediateOops: 8, NonImmediateOops: No
[1,586s][debug][gc,nmethod  ] Register NMethod: jdk.internal.classfile.impl.Util$1WithCodeMethodHandler.<init> (0x00007943f773b708) [0x00007943f773b800, 0x00007943f773ba30] Compiler: c1, Barriers: 3, Oops: 0, ImmediateOops: 0, NonImmediateOops: No
[1,586s][debug][gc,nmethod  ] Register NMethod: jdk.internal.classfile.impl.Util$1WithCodeMethodHandler.accept (0x00007943f773ba88) [0x00007943f773bb80, 0x00007943f773bda0] Compiler: c1, Barriers: 1, Oops: 0, ImmediateOops: 0, NonImmediateOops: No
[1,586s][debug][gc,nmethod  ] Register NMethod: jdk.internal.classfile.impl.Util.buildingCode (0x00007943f773be08) [0x00007943f773bf00, 0x00007943f773c1c0] Compiler: c1, Barriers: 3, Oops: 0, ImmediateOops: 0, NonImmediateOops: No
[1,586s][debug][gc,nmethod  ] Register NMethod: jdk.internal.classfile.impl.Util$1WithCodeMethodHandler.accept (0x00007943f773c208) [0x00007943f773c300, 0x00007943f773c950] Compiler: c1, Barriers: 1, Oops: 0, ImmediateOops: 0, NonImmediateOops: No
[1,586s][debug][gc,nmethod  ] Register NMethod: java.lang.classfile.ClassBuilder.withMethodBody (0x00007943f773c988) [0x00007943f773ca80, 0x00007943f773cff8] Compiler: c1, Barriers: 3, Oops: 0, ImmediateOops: 0, NonImmediateOops: No
[1,586s][debug][gc,nmethod  ] Register NMethod: jdk.internal.classfile.impl.EntryMap.getIndexByToken (0x00007943f773d008) [0x00007943f773d100, 0x00007943f773d258] Compiler: c1, Barriers: 1, Oops: 0, ImmediateOops: 0, NonImmediateOops: No
[1,587s][debug][gc,director ] Rule Major: Warmup 10%, Used: 72MB, UsedThreshold: 1228MB
[1,587s][debug][gc,nmethod  ] Register NMethod: jdk.internal.classfile.impl.EntryMap.put (0x0000794416c4df88) [0x0000794416c4e080, 0x0000794416c4e360] Compiler: jvmci, Barriers: 1, Oops: 0, ImmediateOops: 0, NonImmediateOops: No
[1,588s][debug][gc,nmethod  ] Register NMethod: java.math.BigInteger.implMulAdd (0x00007943f773d308) [0x00007943f773d400, 0x00007943f773d620] Compiler: c1, Barriers: 0, Oops: 0, ImmediateOops: 0, NonImmediateOops: No
[1,588s][debug][gc,nmethod  ] Register NMethod: java.math.BigInteger.mulAdd (0x00007943f773d688) [0x00007943f773d780, 0x00007943f773d910] Compiler: c1, Barriers: 0, Oops: 0, ImmediateOops: 0, NonImmediateOops: No
[1,588s][debug][gc,nmethod  ] Register NMethod: java.math.BigInteger.addOne (0x00007943f773d988) [0x00007943f773da80, 0x00007943f773dd98] Compiler: c1, Barriers: 0, Oops: 0, ImmediateOops: 0, NonImmediateOops: No
[1,589s][debug][gc,nmethod  ] Register NMethod: java.math.BigInteger.implMulAddCheck (0x00007943f773de08) [0x00007943f773df00, 0x00007943f7741e90] Compiler: c1, Barriers: 0, Oops: 5, ImmediateOops: 11, NonImmediateOops: No
[1,590s][debug][gc,nmethod  ] Register NMethod: java.math.BigInteger.<init> (0x00007943f7741f08) [0x00007943f7742000, 0x00007943f7742508] Compiler: c1, Barriers: 4, Oops: 0, ImmediateOops: 1, NonImmediateOops: No
[1,591s][debug][gc,nmethod  ] Register NMethod: java.math.BigInteger.add (0x00007943f7742588) [0x00007943f7742680, 0x00007943f7742e18] Compiler: c1, Barriers: 0, Oops: 0, ImmediateOops: 0, NonImmediateOops: No
[1,592s][debug][gc,nmethod  ] Register NMethod: java.math.BigInteger.trustedStripLeadingZeroInts (0x00007943f7742e88) [0x00007943f7742f80, 0x00007943f7743098] Compiler: c1, Barriers: 0, Oops: 0, ImmediateOops: 0, NonImmediateOops: No
[1,592s][debug][gc,nmethod  ] Register NMethod: java.math.BigInteger.stripLeadingZeroInts (0x00007943f7743188) [0x00007943f7743280, 0x00007943f7743500] Compiler: c1, Barriers: 0, Oops: 0, ImmediateOops: 0, NonImmediateOops: No
[1,592s][debug][gc,nmethod  ] Register NMethod: java.math.BigInteger.shiftLeftImplWorker (0x00007943f7743508) [0x00007943f7743600, 0x00007943f7743818] Compiler: c1, Barriers: 0, Oops: 0, ImmediateOops: 0, NonImmediateOops: No
[1,592s][debug][gc,nmethod  ] Register NMethod: java.math.BigInteger.implMulAddCheck (0x0000794416c4e388) [0x0000794416c4e480, 0x0000794416c4e5a8] Compiler: jvmci, Barriers: 0, Oops: 0, ImmediateOops: 0, NonImmediateOops: No
[1,592s][debug][gc,nmethod  ] Register NMethod: java.math.BigInteger.mulAdd (0x0000794416c4e688) [0x0000794416c4e780, 0x0000794416c4e8b8] Compiler: jvmci, Barriers: 0, Oops: 0, ImmediateOops: 0, NonImmediateOops: No
[1,592s][debug][gc,nmethod  ] Register NMethod: java.math.BigInteger.subtract (0x00007943f7743888) [0x00007943f7743980, 0x00007943f7743e78] Compiler: c1, Barriers: 0, Oops: 0, ImmediateOops: 0, NonImmediateOops: No
[1,593s][debug][gc,nmethod  ] Register NMethod: java.math.BigInteger.implSquareToLen (0x00007943f7743e88) [0x00007943f7743f80, 0x00007943f7744418] Compiler: c1, Barriers: 0, Oops: 0, ImmediateOops: 0, NonImmediateOops: No
[1,593s][debug][gc,nmethod  ] Register NMethod: java.math.BigInteger.addOne (0x0000794416c4e988) [0x0000794416c4ea80, 0x0000794416c4ec30] Compiler: jvmci, Barriers: 0, Oops: 0, ImmediateOops: 0, NonImmediateOops: No
[1,593s][debug][gc,nmethod  ] Register NMethod: java.util.Objects.checkFromToIndex (0x00007943f7744488) [0x00007943f7744580, 0x00007943f7744798] Compiler: c1, Barriers: 0, Oops: 0, ImmediateOops: 0, NonImmediateOops: No
[1,593s][debug][gc,nmethod  ] Register NMethod: java.math.BigInteger.implMulAdd (0x0000794416c4ec88) [0x0000794416c4ed80, 0x0000794416c4f158] Compiler: jvmci, Barriers: 0, Oops: 0, ImmediateOops: 0, NonImmediateOops: No
[1,593s][debug][gc,nmethod  ] Register NMethod: java.util.concurrent.RecursiveTask.getRawResult (0x0000794416c4f188) [0x0000794416c4f280, 0x0000794416c4f368] Compiler: c1, Barriers: 1, Oops: 0, ImmediateOops: 0, NonImmediateOops: No
[1,593s][debug][gc,nmethod  ] Register NMethod: java.math.BigInteger.add (0x00007943f7744808) [0x00007943f7744900, 0x00007943f77451c0] Compiler: c1, Barriers: 6, Oops: 0, ImmediateOops: 1, NonImmediateOops: No
[1,594s][debug][gc,nmethod  ] Register NMethod: java.math.BigInteger.subtract (0x00007943f7745208) [0x00007943f7745300, 0x00007943f7745cf8] Compiler: c1, Barriers: 7, Oops: 0, ImmediateOops: 1, NonImmediateOops: No
[1,594s][debug][gc,nmethod  ] Register NMethod: java.math.BigInteger.square (0x00007943f7745d08) [0x00007943f7745e00, 0x00007943f7746408] Compiler: c1, Barriers: 1, Oops: 0, ImmediateOops: 2, NonImmediateOops: No
[1,594s][debug][gc,nmethod  ] Register NMethod: java.math.BigInteger.shiftLeft (0x00007943f7746488) [0x00007943f7746580, 0x00007943f77468d0] Compiler: c1, Barriers: 1, Oops: 0, ImmediateOops: 1, NonImmediateOops: No
[1,594s][debug][gc,nmethod  ] Register NMethod: java.math.BigInteger.compareMagnitude (0x00007943f7746908) [0x00007943f7746a00, 0x00007943f7746ec8] Compiler: c1, Barriers: 2, Oops: 0, ImmediateOops: 0, NonImmediateOops: No
[1,594s][debug][gc,nmethod  ] Register NMethod: java.math.BigInteger.shiftLeft (0x00007943f7746f08) [0x00007943f7747000, 0x00007943f7747918] Compiler: c1, Barriers: 0, Oops: 0, ImmediateOops: 0, NonImmediateOops: No
[1,595s][debug][gc,nmethod  ] Register NMethod: java.lang.constant.ClassDesc.isArray (0x0000794416c4f488) [0x0000794416c4f580, 0x0000794416c4f640] Compiler: c1, Barriers: 0, Oops: 0, ImmediateOops: 0, NonImmediateOops: No
[1,596s][debug][gc,nmethod  ] Register NMethod: jdk.internal.loader.URLClassPath$JarLoader$1.getInputStream (0x00007943f7747988) [0x00007943f7747a80, 0x00007943f7747e28] Compiler: c1, Barriers: 3, Oops: 0, ImmediateOops: 0, NonImmediateOops: No
[1,597s][debug][gc,nmethod  ] Register NMethod: java.lang.classfile.TypeKind.from (0x00007943f7747e88) [0x00007943f7747f80, 0x00007943f7748510] Compiler: c1, Barriers: 0, Oops: 0, ImmediateOops: 1, NonImmediateOops: No
[1,597s][debug][gc,director ] Rule Major: Warmup 10%, Used: 74MB, UsedThreshold: 1228MB
[1,597s][debug][gc,nmethod  ] Register NMethod: java.lang.invoke.MethodHandles$Lookup.in (0x00007943f7748588) [0x00007943f7748680, 0x00007943f774c290] Compiler: c1, Barriers: 9, Oops: 2, ImmediateOops: 6, NonImmediateOops: No
[1,598s][debug][gc,nmethod  ] Register NMethod: java.lang.classfile.constantpool.ConstantPoolBuilder.nameAndTypeEntry (0x00007943f774c308) [0x00007943f774c400, 0x00007943f774cb20] Compiler: c1, Barriers: 0, Oops: 0, ImmediateOops: 0, NonImmediateOops: No
[1,598s][debug][gc,nmethod  ] Register NMethod: jdk.internal.classfile.impl.SplitConstantPool.fieldRefEntry (0x00007943f774cb88) [0x00007943f774cc80, 0x00007943f774f5b8] Compiler: c1, Barriers: 6, Oops: 0, ImmediateOops: 0, NonImmediateOops: No
[1,598s][debug][gc,nmethod  ] Register NMethod: java.math.BigInteger.subtract (0x0000794416c4f788) [0x0000794416c4f880, 0x0000794416c4fd50] Compiler: jvmci, Barriers: 0, Oops: 0, ImmediateOops: 0, NonImmediateOops: No
[1,599s][debug][gc,nmethod  ] Register NMethod: java.util.stream.PipelineHelper.<init> (0x00007943f774f608) [0x00007943f774f700, 0x00007943f774f858] Compiler: c1, Barriers: 0, Oops: 0, ImmediateOops: 0, NonImmediateOops: No
[1,599s][debug][gc,nmethod  ] Register NMethod: java.lang.invoke.AbstractValidatingLambdaMetafactory.isAdaptableTo (0x00007943f774f908) [0x00007943f774fa00, 0x00007943f77515d0] Compiler: c1, Barriers: 2, Oops: 0, ImmediateOops: 0, NonImmediateOops: No
[1,599s][debug][gc,nmethod  ] Register NMethod: java.util.Arrays.hashCode (0x00007943f7751608) [0x00007943f7751700, 0x00007943f7751880] Compiler: c1, Barriers: 0, Oops: 0, ImmediateOops: 0, NonImmediateOops: No
[1,599s][debug][gc,nmethod  ] Register NMethod: jdk.internal.util.ArraysSupport.hashCode (0x00007943f7751908) [0x00007943f7751a00, 0x00007943f7751eb0] Compiler: c1, Barriers: 1, Oops: 0, ImmediateOops: 0, NonImmediateOops: No
[1,600s][debug][gc,nmethod  ] Register NMethod: jdk.internal.classfile.impl.BufWriterImpl.grow (0x00007943f7751f08) [0x00007943f7752000, 0x00007943f7752290] Compiler: c1, Barriers: 4, Oops: 0, ImmediateOops: 0, NonImmediateOops: No
[1,600s][debug][gc,nmethod  ] Register NMethod: java.math.BigInteger.add (0x0000794416c4fd88) [0x0000794416c4fe80, 0x0000794416c50388] Compiler: jvmci, Barriers: 0, Oops: 0, ImmediateOops: 0, NonImmediateOops: No
[1,604s][debug][gc,nmethod  ] Register NMethod: jdk.internal.classfile.impl.SplitConstantPool.internalAdd (0x0000794416c50408) [0x0000794416c50520, 0x0000794416c51058] Compiler: jvmci, Barriers: 11, Oops: 1, ImmediateOops: 0, NonImmediateOops: No
[1,605s][debug][gc,nmethod  ] Register NMethod: jdk.internal.classfile.impl.DirectCodeBuilder.fieldAccess (0x00007943f7752308) [0x00007943f7752400, 0x00007943f7752d38] Compiler: c1, Barriers: 1, Oops: 0, ImmediateOops: 0, NonImmediateOops: No
[1,605s][debug][gc,nmethod  ] Register NMethod: java.lang.invoke.MethodHandleNatives.isCallerSensitive (0x00007943f7752d88) [0x00007943f7752e80, 0x00007943f7753608] Compiler: c1, Barriers: 0, Oops: 0, ImmediateOops: 0, NonImmediateOops: No
[1,606s][debug][gc,nmethod  ] Register NMethod: java.lang.invoke.MethodHandleNatives.canBeCalledVirtual (0x00007943f7753688) [0x00007943f7753780, 0x00007943f7754218] Compiler: c1, Barriers: 5, Oops: 0, ImmediateOops: 2, NonImmediateOops: No
[1,607s][debug][gc,nmethod  ] Register NMethod: java.lang.Character.isSurrogate (0x00007943f7754288) [0x00007943f7754380, 0x00007943f77544e0] Compiler: c1, Barriers: 0, Oops: 0, ImmediateOops: 0, NonImmediateOops: No
[1,607s][debug][gc,nmethod  ] Register NMethod: java.util.regex.Pattern.isSupplementary (0x00007943f7754588) [0x00007943f7754680, 0x00007943f77548b8] Compiler: c1, Barriers: 0, Oops: 0, ImmediateOops: 0, NonImmediateOops: No
[1,607s][debug][gc,director ] Rule Major: Warmup 10%, Used: 76MB, UsedThreshold: 1228MB
[1,607s][debug][gc,nmethod  ] Register NMethod: jdk.internal.classfile.impl.DirectCodeBuilder$4.tryGenerateStackMaps (0x00007943f7754908) [0x00007943f7754a00, 0x00007943f7755060] Compiler: c1, Barriers: 0, Oops: 0, ImmediateOops: 0, NonImmediateOops: No
[1,607s][debug][gc,nmethod  ] Register NMethod: jdk.internal.classfile.impl.DirectCodeBuilder$4.generateStackMaps (0x00007943f7755088) [0x00007943f7755180, 0x00007943f7755ca0] Compiler: c1, Barriers: 2, Oops: 0, ImmediateOops: 1, NonImmediateOops: No
[1,607s][debug][gc,nmethod  ] Register NMethod: java.lang.invoke.DirectMethodHandle$Holder.newInvokeSpecial (0x00007943f7755d08) [0x00007943f7755e00, 0x00007943f7756678] Compiler: c1, Barriers: 2, Oops: 0, ImmediateOops: 1, NonImmediateOops: No
[1,608s][debug][gc,nmethod  ] Register NMethod: java.util.Arrays.copyOf (0x0000794416c51088) [0x0000794416c51180, 0x0000794416c51548] Compiler: jvmci, Barriers: 0, Oops: 0, ImmediateOops: 0, NonImmediateOops: No
[1,608s][debug][gc,nmethod  ] Register NMethod: java.util.logging.Logger.getName (0x0000794416c51588) [0x0000794416c51680, 0x0000794416c51768] Compiler: c1, Barriers: 1, Oops: 0, ImmediateOops: 0, NonImmediateOops: No
[1,608s][debug][gc,nmethod  ] Register NMethod: jdk.internal.classfile.impl.DirectClassBuilder.setInterfaces (0x0000794416c51888) [0x0000794416c51980, 0x0000794416c51ab0] Compiler: c1, Barriers: 3, Oops: 0, ImmediateOops: 0, NonImmediateOops: No
[1,609s][debug][gc,nmethod  ] Register NMethod: java.lang.invoke.MethodHandleNatives.isPullModeBSM (0x0000794416c51b88) [0x0000794416c51c80, 0x0000794416c51d20] Compiler: c1, Barriers: 0, Oops: 0, ImmediateOops: 0, NonImmediateOops: No
[1,609s][debug][gc,nmethod  ] Register NMethod: java.lang.Class.getEnclosingMethod0 (0x0000794416c51e88) [0x0000794416c51f80, 0x0000794416c522a0] Compiler: , Barriers: 0, Oops: 0, ImmediateOops: 0, NonImmediateOops: No
[1,609s][debug][gc,nmethod  ] Register NMethod: java.lang.invoke.ConstantCallSite.getTarget (0x00007943f7756688) [0x00007943f7756780, 0x00007943f77569b8] Compiler: c1, Barriers: 1, Oops: 0, ImmediateOops: 0, NonImmediateOops: No
[1,610s][debug][gc,nmethod  ] Register NMethod: java.lang.String.<init> (0x0000794416c52308) [0x0000794416c52400, 0x0000794416c527e0] Compiler: jvmci, Barriers: 4, Oops: 0, ImmediateOops: 0, NonImmediateOops: No
[1,612s][debug][gc,nmethod  ] Register NMethod: java.util.LinkedHashMap$LinkedHashIterator.hasNext (0x00007943f7756a08) [0x00007943f7756b00, 0x00007943f7756c80] Compiler: c1, Barriers: 1, Oops: 0, ImmediateOops: 0, NonImmediateOops: No
[1,612s][debug][gc,nmethod  ] Register NMethod: java.lang.reflect.ReflectAccess.getExecutableSharedParameterTypes (0x00007943f7756d08) [0x00007943f7756e00, 0x00007943f7757108] Compiler: c1, Barriers: 0, Oops: 0, ImmediateOops: 0, NonImmediateOops: No
[1,612s][debug][gc,nmethod  ] Register NMethod: jdk.internal.reflect.ReflectionFactory.getExecutableSharedParameterTypes (0x00007943f7757188) [0x00007943f7757280, 0x00007943f7757650] Compiler: c1, Barriers: 1, Oops: 0, ImmediateOops: 0, NonImmediateOops: No
[1,612s][debug][gc,nmethod  ] Register NMethod: java.lang.reflect.ReflectAccess.copyMethod (0x00007943f7757688) [0x00007943f7757780, 0x00007943f7757a80] Compiler: c1, Barriers: 0, Oops: 0, ImmediateOops: 0, NonImmediateOops: No
[1,612s][debug][gc,nmethod  ] Register NMethod: jdk.internal.reflect.ReflectionFactory.copyMethod (0x00007943f7757a88) [0x00007943f7757b80, 0x00007943f7757f58] Compiler: c1, Barriers: 1, Oops: 0, ImmediateOops: 0, NonImmediateOops: No
[1,612s][debug][gc,nmethod  ] Register NMethod: java.lang.reflect.Method.<init> (0x00007943f7757f88) [0x00007943f7758080, 0x00007943f77586f0] Compiler: c1, Barriers: 27, Oops: 0, ImmediateOops: 0, NonImmediateOops: No
[1,612s][debug][gc,nmethod  ] Register NMethod: java.util.LinkedHashMap$LinkedHashIterator.nextNode (0x00007943f7758708) [0x00007943f7758800, 0x00007943f7758cc0] Compiler: c1, Barriers: 10, Oops: 0, ImmediateOops: 0, NonImmediateOops: No
[1,612s][debug][gc,nmethod  ] Register NMethod: java.lang.reflect.Method.copy (0x00007943f7758d08) [0x00007943f7758e00, 0x00007943f7759500] Compiler: c1, Barriers: 21, Oops: 0, ImmediateOops: 1, NonImmediateOops: No
[1,612s][debug][gc,nmethod  ] Register NMethod: java.lang.PublicMethods$Key.hashCode (0x00007943f7759508) [0x00007943f7759600, 0x00007943f7759898] Compiler: c1, Barriers: 2, Oops: 0, ImmediateOops: 0, NonImmediateOops: No
[1,613s][debug][gc,nmethod  ] Register NMethod: java.lang.invoke.DirectMethodHandle.isCrackable (0x0000794416c52808) [0x0000794416c52900, 0x0000794416c529c0] Compiler: c1, Barriers: 0, Oops: 0, ImmediateOops: 0, NonImmediateOops: No
[1,613s][debug][gc,nmethod  ] Register NMethod: jdk.internal.reflect.Reflection.areNestMates (0x0000794416c52b08) [0x0000794416c52c00, 0x0000794416c52d88] Compiler: , Barriers: 0, Oops: 0, ImmediateOops: 1, NonImmediateOops: No
[1,613s][debug][gc,nmethod  ] Register NMethod: java.lang.Integer.compare (0x00007943f7759908) [0x00007943f7759a00, 0x00007943f7759bb0] Compiler: c1, Barriers: 0, Oops: 0, ImmediateOops: 0, NonImmediateOops: No
[1,613s][debug][gc,nmethod  ] Register NMethod: org.junit.platform.commons.util.ReflectionUtils$$Lambda/0x00000000a917e460.compare (0x00007943f7759c08) [0x00007943f7759d00, 0x00007943f775a240] Compiler: c1, Barriers: 0, Oops: 1, ImmediateOops: 0, NonImmediateOops: No
[1,614s][debug][gc,nmethod  ] Register NMethod: java.lang.invoke.InnerClassLambdaMetafactory.methodDesc (0x00007943f775a288) [0x00007943f775a380, 0x00007943f775d3d8] Compiler: c1, Barriers: 25, Oops: 2, ImmediateOops: 5, NonImmediateOops: No
[1,614s][debug][gc,nmethod  ] Register NMethod: org.junit.platform.commons.util.ReflectionUtils.defaultMethodSorter (0x00007943f775d408) [0x00007943f775d500, 0x00007943f775e718] Compiler: c1, Barriers: 2, Oops: 1, ImmediateOops: 0, NonImmediateOops: No
[1,614s][debug][gc,nmethod  ] Register NMethod: sun.reflect.generics.parser.SignatureParser.skipIdentifier (0x00007943f775e788) [0x00007943f775e880, 0x00007943f775eef8] Compiler: c1, Barriers: 0, Oops: 0, ImmediateOops: 0, NonImmediateOops: No
[1,614s][debug][gc,nmethod  ] Register NMethod: jdk.internal.misc.Unsafe.weakCompareAndSetInt (0x00007943f775ef08) [0x00007943f775f000, 0x00007943f775f118] Compiler: c1, Barriers: 0, Oops: 0, ImmediateOops: 0, NonImmediateOops: No
[1,614s][debug][gc,nmethod  ] Register NMethod: java.util.LinkedHashMap$LinkedValueIterator.next (0x00007943f775f208) [0x00007943f775f300, 0x00007943f775f630] Compiler: c1, Barriers: 1, Oops: 0, ImmediateOops: 0, NonImmediateOops: No
[1,615s][debug][gc,nmethod  ] Register NMethod: jdk.internal.classfile.impl.StackCounter$Target.<init> (0x00007943f775f688) [0x00007943f775f780, 0x00007943f775f940] Compiler: c1, Barriers: 0, Oops: 0, ImmediateOops: 0, NonImmediateOops: No
[1,615s][debug][gc,nmethod  ] Register NMethod: jdk.internal.classfile.impl.StackCounter.next (0x00007943f775f988) [0x00007943f775fa80, 0x00007943f7760d80] Compiler: c1, Barriers: 6, Oops: 1, ImmediateOops: 2, NonImmediateOops: No
[1,615s][debug][gc,nmethod  ] Register NMethod: java.lang.Record.<init> (0x0000794416c52e08) [0x0000794416c52f00, 0x0000794416c52f80] Compiler: jvmci, Barriers: 0, Oops: 0, ImmediateOops: 0, NonImmediateOops: No
[1,615s][debug][gc,nmethod  ] Register NMethod: java.lang.Class.getAnnotationType (0x0000794416c53108) [0x0000794416c53200, 0x0000794416c532f0] Compiler: c1, Barriers: 1, Oops: 0, ImmediateOops: 0, NonImmediateOops: No
[1,615s][debug][gc,nmethod  ] Register NMethod: java.lang.invoke.LambdaForm$MH/0x00000000a9084400.invoke (0x00007943f7760e08) [0x00007943f7760f00, 0x00007943f7761670] Compiler: c1, Barriers: 2, Oops: 1, ImmediateOops: 0, NonImmediateOops: No
[1,615s][debug][gc,nmethod  ] Register NMethod: java.lang.invoke.DirectMethodHandle$Holder.invokeSpecial (0x00007943f7761688) [0x00007943f7761780, 0x00007943f7761b48] Compiler: c1, Barriers: 1, Oops: 0, ImmediateOops: 0, NonImmediateOops: No
[1,615s][debug][gc,nmethod  ] Register NMethod: java.nio.HeapByteBuffer.byteOffset (0x00007943f7761b88) [0x00007943f7761c80, 0x00007943f7761d88] Compiler: c1, Barriers: 0, Oops: 0, ImmediateOops: 0, NonImmediateOops: No
[1,615s][debug][gc,nmethod  ] Register NMethod: java.nio.Buffer.nextGetIndex (0x00007943f7761e88) [0x00007943f7761f80, 0x00007943f7762140] Compiler: c1, Barriers: 0, Oops: 0, ImmediateOops: 0, NonImmediateOops: No
[1,615s][debug][gc,nmethod  ] Register NMethod: jdk.internal.misc.ScopedMemoryAccess.getShortUnalignedInternal (0x00007943f7762188) [0x00007943f7762280, 0x00007943f77626d8] Compiler: c1, Barriers: 0, Oops: 0, ImmediateOops: 1, NonImmediateOops: No
[1,615s][debug][gc,nmethod  ] Register NMethod: java.nio.Buffer.position (0x00007943f7762708) [0x00007943f7762800, 0x00007943f7762a40] Compiler: c1, Barriers: 0, Oops: 0, ImmediateOops: 0, NonImmediateOops: No
[1,615s][debug][gc,nmethod  ] Register NMethod: jdk.internal.misc.ScopedMemoryAccess.getShortUnaligned (0x00007943f7762a88) [0x00007943f7762b80, 0x00007943f77630b8] Compiler: c1, Barriers: 0, Oops: 0, ImmediateOops: 1, NonImmediateOops: No
[1,616s][debug][gc,nmethod  ] Register NMethod: java.lang.reflect.Executable.declaredAnnotations (0x00007943f7763108) [0x00007943f7763200, 0x00007943f77643e0] Compiler: c1, Barriers: 6, Oops: 0, ImmediateOops: 1, NonImmediateOops: No
[1,616s][debug][gc,nmethod  ] Register NMethod: java.lang.reflect.Method.getRoot (0x00007943f7764408) [0x00007943f7764500, 0x00007943f7764800] Compiler: c1, Barriers: 1, Oops: 0, ImmediateOops: 0, NonImmediateOops: No
[1,616s][debug][gc,nmethod  ] Register NMethod: java.nio.HeapByteBuffer.getShort (0x00007943f7764808) [0x00007943f7764900, 0x00007943f7765908] Compiler: c1, Barriers: 2, Oops: 1, ImmediateOops: 2, NonImmediateOops: No
[1,616s][debug][gc,nmethod  ] Register NMethod: java.lang.invoke.Invokers.maybeCustomize (0x00007943f7765988) [0x00007943f7765a80, 0x00007943f7765d58] Compiler: c1, Barriers: 0, Oops: 0, ImmediateOops: 0, NonImmediateOops: No
[1,616s][debug][gc,nmethod  ] Register NMethod: java.lang.Class.getConstantPool (0x0000794416c53408) [0x0000794416c53500, 0x0000794416c53820] Compiler: , Barriers: 0, Oops: 0, ImmediateOops: 0, NonImmediateOops: No
[1,616s][debug][gc,nmethod  ] Register NMethod: java.lang.invoke.Invokers.checkCustomized (0x00007943f7765d88) [0x00007943f7765e80, 0x00007943f77660a0] Compiler: c1, Barriers: 2, Oops: 0, ImmediateOops: 0, NonImmediateOops: No
[1,616s][debug][gc,nmethod  ] Register NMethod: java.lang.invoke.MethodHandle.maybeCustomize (0x00007943f7766108) [0x00007943f7766200, 0x00007943f7766898] Compiler: c1, Barriers: 2, Oops: 0, ImmediateOops: 0, NonImmediateOops: No
[1,616s][debug][gc,nmethod  ] Register NMethod: java.lang.invoke.Invokers.checkExactType (0x00007943f7766908) [0x00007943f7766a00, 0x00007943f7766d60] Compiler: c1, Barriers: 1, Oops: 0, ImmediateOops: 0, NonImmediateOops: No
[1,616s][debug][gc,nmethod  ] Register NMethod: jdk.internal.reflect.ConstantPool.getUTF8At0 (0x0000794416c53888) [0x0000794416c53980, 0x0000794416c53cb0] Compiler: , Barriers: 0, Oops: 0, ImmediateOops: 0, NonImmediateOops: No
[1,616s][debug][gc,nmethod  ] Register NMethod: java.lang.reflect.Method.getAnnotationBytes (0x0000794416c53d08) [0x0000794416c53e00, 0x0000794416c53ee8] Compiler: c1, Barriers: 1, Oops: 0, ImmediateOops: 0, NonImmediateOops: No
[1,616s][debug][gc,nmethod  ] Register NMethod: sun.reflect.generics.visitor.Reifier.getFactory (0x0000794416c54008) [0x0000794416c54100, 0x0000794416c541e8] Compiler: c1, Barriers: 1, Oops: 0, ImmediateOops: 0, NonImmediateOops: No
[1,616s][debug][gc,nmethod  ] Register NMethod: sun.reflect.generics.tree.ClassTypeSignature.getPath (0x0000794416c54308) [0x0000794416c54400, 0x0000794416c544e8] Compiler: c1, Barriers: 1, Oops: 0, ImmediateOops: 0, NonImmediateOops: No
[1,616s][debug][gc,nmethod  ] Register NMethod: sun.reflect.generics.tree.SimpleClassTypeSignature.getName (0x0000794416c54608) [0x0000794416c54700, 0x0000794416c547e8] Compiler: c1, Barriers: 1, Oops: 0, ImmediateOops: 0, NonImmediateOops: No
[1,616s][debug][gc,nmethod  ] Register NMethod: sun.reflect.generics.tree.SimpleClassTypeSignature.getDollar (0x0000794416c54908) [0x0000794416c54a00, 0x0000794416c54ac0] Compiler: c1, Barriers: 0, Oops: 0, ImmediateOops: 0, NonImmediateOops: No
[1,616s][debug][gc,nmethod  ] Register NMethod: sun.reflect.generics.tree.SimpleClassTypeSignature.getTypeArguments (0x0000794416c54c08) [0x0000794416c54d00, 0x0000794416c54de8] Compiler: c1, Barriers: 1, Oops: 0, ImmediateOops: 0, NonImmediateOops: No
[1,616s][debug][gc,nmethod  ] Register NMethod: sun.reflect.annotation.AnnotationType.memberTypes (0x0000794416c54f08) [0x0000794416c55000, 0x0000794416c550e8] Compiler: c1, Barriers: 1, Oops: 0, ImmediateOops: 0, NonImmediateOops: No
[1,616s][debug][gc,nmethod  ] Register NMethod: sun.reflect.annotation.AnnotationType.retention (0x0000794416c55208) [0x0000794416c55300, 0x0000794416c553e8] Compiler: c1, Barriers: 1, Oops: 0, ImmediateOops: 0, NonImmediateOops: No
[1,616s][debug][gc,nmethod  ] Register NMethod: sun.reflect.annotation.AnnotationType.memberDefaults (0x0000794416c55508) [0x0000794416c55600, 0x0000794416c556e8] Compiler: c1, Barriers: 1, Oops: 0, ImmediateOops: 0, NonImmediateOops: No
[1,616s][debug][gc,nmethod  ] Register NMethod: java.lang.System$1.getAnnotationType (0x00007943f7766d88) [0x00007943f7766e80, 0x00007943f7767190] Compiler: c1, Barriers: 1, Oops: 0, ImmediateOops: 0, NonImmediateOops: No
[1,616s][debug][gc,nmethod  ] Register NMethod: java.lang.invoke.MethodHandle.linkToInterface (0x0000794416c55808) [0x0000794416c55900, 0x0000794416c55a30] Compiler: , Barriers: 0, Oops: 0, ImmediateOops: 0, NonImmediateOops: No
[1,616s][debug][gc,nmethod  ] Register NMethod: sun.reflect.annotation.AnnotationType.getInstance (0x00007943f7767208) [0x00007943f7767300, 0x00007943f7767e10] Compiler: c1, Barriers: 3, Oops: 0, ImmediateOops: 1, NonImmediateOops: No
[1,617s][debug][gc,nmethod  ] Register NMethod: java.util.stream.ReduceOps$3ReducingSink.accept (0x00007943f7767e88) [0x00007943f7767f80, 0x00007943f77682f8] Compiler: c1, Barriers: 2, Oops: 0, ImmediateOops: 0, NonImmediateOops: No
[1,617s][debug][gc,director ] Rule Major: Warmup 10%, Used: 78MB, UsedThreshold: 1228MB
[1,617s][debug][gc,nmethod  ] Register NMethod: sun.reflect.generics.parser.SignatureParser.current (0x0000794416c55b08) [0x0000794416c55c00, 0x0000794416c55dc8] Compiler: jvmci, Barriers: 2, Oops: 0, ImmediateOops: 0, NonImmediateOops: No
[1,618s][debug][gc,nmethod  ] Register NMethod: jdk.internal.classfile.impl.AbstractPseudoInstruction$ExceptionCatchImpl.tryEnd (0x0000794416c55e08) [0x0000794416c55f00, 0x0000794416c55fe8] Compiler: c1, Barriers: 1, Oops: 0, ImmediateOops: 0, NonImmediateOops: No
[1,618s][debug][gc,nmethod  ] Register NMethod: jdk.internal.classfile.impl.AbstractPseudoInstruction$ExceptionCatchImpl.tryStart (0x0000794416c56108) [0x0000794416c56200, 0x0000794416c562e8] Compiler: c1, Barriers: 1, Oops: 0, ImmediateOops: 0, NonImmediateOops: No
[1,618s][debug][gc,nmethod  ] Register NMethod: jdk.internal.classfile.impl.AbstractPseudoInstruction$ExceptionCatchImpl.handler (0x0000794416c56408) [0x0000794416c56500, 0x0000794416c565e8] Compiler: c1, Barriers: 1, Oops: 0, ImmediateOops: 0, NonImmediateOops: No
[1,618s][debug][gc,nmethod  ] Register NMethod: jdk.internal.classfile.impl.AbstractPoolEntry$StringEntryImpl.tag (0x0000794416c56708) [0x0000794416c56800, 0x0000794416c568c0] Compiler: c1, Barriers: 0, Oops: 0, ImmediateOops: 0, NonImmediateOops: No
[1,618s][debug][gc,nmethod  ] Register NMethod: java.util.BitSet.checkInvariants (0x0000794416c56a08) [0x0000794416c56b00, 0x0000794416c56b80] Compiler: jvmci, Barriers: 0, Oops: 0, ImmediateOops: 0, NonImmediateOops: No
[1,618s][debug][gc,nmethod  ] Register NMethod: java.nio.ByteBuffer.position (0x00007943f7768308) [0x00007943f7768400, 0x00007943f7768548] Compiler: c1, Barriers: 0, Oops: 0, ImmediateOops: 0, NonImmediateOops: No
[1,618s][debug][gc,nmethod  ] Register NMethod: java.lang.Class.forName (0x00007943f7768608) [0x00007943f7768700, 0x00007943f7768820] Compiler: c1, Barriers: 0, Oops: 0, ImmediateOops: 0, NonImmediateOops: No
[1,619s][debug][gc,nmethod  ] Register NMethod: java.lang.invoke.TypeConvertingMethodAdapter.convertType (0x00007943f7768908) [0x00007943f7768a00, 0x00007943f7770ee8] Compiler: c1, Barriers: 12, Oops: 3, ImmediateOops: 31, NonImmediateOops: No
[1,619s][debug][gc,nmethod  ] Register NMethod: jdk.internal.classfile.impl.DirectCodeBuilder.startLabel (0x0000794416c56d08) [0x0000794416c56e00, 0x0000794416c56ee8] Compiler: c1, Barriers: 1, Oops: 0, ImmediateOops: 0, NonImmediateOops: No
[1,619s][debug][gc,nmethod  ] Register NMethod: jdk.internal.classfile.impl.Util.slotSize (0x00007943f7770f08) [0x00007943f7771000, 0x00007943f77712a0] Compiler: c1, Barriers: 0, Oops: 0, ImmediateOops: 3, NonImmediateOops: No
[1,619s][debug][gc,nmethod  ] Register NMethod: java.util.ImmutableCollections$List12.isEmpty (0x0000794416c57008) [0x0000794416c57100, 0x0000794416c571c0] Compiler: c1, Barriers: 0, Oops: 0, ImmediateOops: 0, NonImmediateOops: No
[1,620s][debug][gc,nmethod  ] Register NMethod: jdk.internal.classfile.impl.AbstractAttributeMapper.writeAttribute (0x00007943f7771308) [0x00007943f7771400, 0x00007943f7772d80] Compiler: c1, Barriers: 2, Oops: 0, ImmediateOops: 0, NonImmediateOops: No
[1,620s][debug][gc,nmethod  ] Register NMethod: jdk.internal.classfile.impl.AbstractPoolEntry$Utf8EntryImpl.charAt (0x00007943f7772d88) [0x00007943f7772e80, 0x00007943f7773a20] Compiler: c1, Barriers: 6, Oops: 1, ImmediateOops: 4, NonImmediateOops: No
[1,620s][debug][gc,nmethod  ] Register NMethod: java.lang.ClassLoader.getUnnamedModule (0x0000794416c57308) [0x0000794416c57400, 0x0000794416c574e8] Compiler: c1, Barriers: 1, Oops: 0, ImmediateOops: 0, NonImmediateOops: No
[1,620s][debug][gc,nmethod  ] Register NMethod: java.util.stream.StreamOpFlag.getMask (0x00007943f7773a88) [0x00007943f7773b80, 0x00007943f7773ce0] Compiler: c1, Barriers: 0, Oops: 0, ImmediateOops: 0, NonImmediateOops: No
[1,620s][debug][gc,nmethod  ] Register NMethod: java.util.stream.StreamOpFlag.combineOpFlags (0x00007943f7773d88) [0x00007943f7773e80, 0x00007943f7774020] Compiler: c1, Barriers: 0, Oops: 0, ImmediateOops: 0, NonImmediateOops: No
[1,621s][debug][gc,nmethod  ] Register NMethod: jdk.internal.classfile.impl.UnboundAttribute$UnboundStackMapTableAttribute.entries (0x0000794416c57608) [0x0000794416c57700, 0x0000794416c577e8] Compiler: c1, Barriers: 1, Oops: 0, ImmediateOops: 0, NonImmediateOops: No
[1,621s][debug][gc,nmethod  ] Register NMethod: java.lang.AbstractStringBuilder.isLatin1 (0x0000794416c57908) [0x0000794416c57a00, 0x0000794416c57a68] Compiler: jvmci, Barriers: 0, Oops: 0, ImmediateOops: 0, NonImmediateOops: No
[1,621s][debug][gc,nmethod  ] Register NMethod: jdk.internal.classfile.impl.AbstractPoolEntry$Utf8EntryImpl.length (0x00007943f7774088) [0x00007943f7774180, 0x00007943f7774338] Compiler: c1, Barriers: 1, Oops: 0, ImmediateOops: 1, NonImmediateOops: No
[1,621s][debug][gc,nmethod  ] Register NMethod: jdk.internal.classfile.impl.StackMapDecoder$ObjectVerificationTypeInfoImpl.tag (0x0000794416c57c08) [0x0000794416c57d00, 0x0000794416c57dc0] Compiler: c1, Barriers: 0, Oops: 0, ImmediateOops: 0, NonImmediateOops: No
[1,621s][debug][gc,nmethod  ] Register NMethod: jdk.internal.classfile.impl.RawBytecodeHelper.getIndexU1 (0x00007943f7774388) [0x00007943f7774480, 0x00007943f7774898] Compiler: c1, Barriers: 2, Oops: 0, ImmediateOops: 0, NonImmediateOops: No
[1,621s][debug][gc,nmethod  ] Register NMethod: jdk.internal.classfile.impl.StackMapDecoder$ObjectVerificationTypeInfoImpl.className (0x0000794416c57f08) [0x0000794416c58000, 0x0000794416c580e8] Compiler: c1, Barriers: 1, Oops: 0, ImmediateOops: 0, NonImmediateOops: No
[1,622s][debug][gc,nmethod  ] Register NMethod: java.util.List.of (0x00007943f7774908) [0x00007943f7774a00, 0x00007943f7774ae8] Compiler: c1, Barriers: 0, Oops: 0, ImmediateOops: 1, NonImmediateOops: No
[1,622s][debug][gc,nmethod  ] Register NMethod: jdk.internal.classfile.impl.DirectCodeBuilder.with (0x00007943f7774c08) [0x00007943f7774d00, 0x00007943f7775f20] Compiler: c1, Barriers: 2, Oops: 0, ImmediateOops: 0, NonImmediateOops: No
[1,622s][debug][gc,nmethod  ] Register NMethod: jdk.internal.classfile.impl.DirectCodeBuilder.with (0x00007943f7775f88) [0x00007943f7776080, 0x00007943f7776e60] Compiler: c1, Barriers: 2, Oops: 0, ImmediateOops: 0, NonImmediateOops: No
[1,623s][debug][gc,nmethod  ] Register NMethod: java.lang.PublicMethods$MethodList.<init> (0x00007943f7776e88) [0x00007943f7776f80, 0x00007943f7777150] Compiler: c1, Barriers: 3, Oops: 0, ImmediateOops: 0, NonImmediateOops: No
[1,627s][debug][gc,director ] Rule Major: Warmup 10%, Used: 78MB, UsedThreshold: 1228MB
[1,630s][debug][gc,nmethod  ] Register NMethod: java.util.Collections$SingletonList.size (0x0000794416c58208) [0x0000794416c58300, 0x0000794416c583c0] Compiler: c1, Barriers: 0, Oops: 0, ImmediateOops: 0, NonImmediateOops: No
[1,630s][debug][gc,nmethod  ] Register NMethod: java.lang.reflect.Method.getParameterCount (0x00007943f7777188) [0x00007943f7777280, 0x00007943f77773b8] Compiler: c1, Barriers: 1, Oops: 0, ImmediateOops: 0, NonImmediateOops: No
[1,630s][debug][gc,nmethod  ] Register NMethod: jdk.internal.misc.Unsafe.allocateUninitializedArray0 (0x0000794416c58508) [0x0000794416c58600, 0x0000794416c58820] Compiler: jvmci, Barriers: 0, Oops: 0, ImmediateOops: 1, NonImmediateOops: No
[1,630s][debug][gc,nmethod  ] Register NMethod: java.lang.reflect.Method.getSharedExceptionTypes (0x0000794416c58888) [0x0000794416c58980, 0x0000794416c58a68] Compiler: c1, Barriers: 1, Oops: 0, ImmediateOops: 0, NonImmediateOops: No
[1,631s][debug][gc,nmethod  ] Register NMethod: jdk.internal.misc.Unsafe.allocateUninitializedArray (0x0000794416c58b88) [0x0000794416c58c80, 0x0000794416c58ee8] Compiler: jvmci, Barriers: 0, Oops: 0, ImmediateOops: 1, NonImmediateOops: No
[1,632s][debug][gc,nmethod  ] Register NMethod: java.util.StringJoiner.checkAddLength (0x00007943f7777488) [0x00007943f7777580, 0x00007943f7778140] Compiler: c1, Barriers: 4, Oops: 0, ImmediateOops: 1, NonImmediateOops: No
[1,632s][debug][gc,nmethod  ] Register NMethod: java.util.Spliterators$ArraySpliterator.characteristics (0x0000794416c58f08) [0x0000794416c59000, 0x0000794416c590c0] Compiler: c1, Barriers: 0, Oops: 0, ImmediateOops: 0, NonImmediateOops: No
[1,632s][debug][gc,nmethod  ] Register NMethod: java.util.stream.Collectors$CollectorImpl.characteristics (0x0000794416c59208) [0x0000794416c59300, 0x0000794416c593e8] Compiler: c1, Barriers: 1, Oops: 0, ImmediateOops: 0, NonImmediateOops: No
[1,632s][debug][gc,nmethod  ] Register NMethod: java.lang.Class.privateGetDeclaredMethods (0x00007943f7778188) [0x00007943f7778280, 0x00007943f7778e00] Compiler: c1, Barriers: 10, Oops: 0, ImmediateOops: 2, NonImmediateOops: No
[1,633s][debug][gc,nmethod  ] Register NMethod: jdk.internal.classfile.impl.DirectClassBuilder.with (0x00007943f7778e08) [0x00007943f7778f00, 0x00007943f7779ce0] Compiler: c1, Barriers: 2, Oops: 0, ImmediateOops: 0, NonImmediateOops: No
[1,633s][debug][gc,nmethod  ] Register NMethod: jdk.internal.classfile.impl.DirectClassBuilder.with (0x00007943f7779d08) [0x00007943f7779e00, 0x00007943f777b020] Compiler: c1, Barriers: 2, Oops: 0, ImmediateOops: 0, NonImmediateOops: No
[1,633s][debug][gc,nmethod  ] Register NMethod: jdk.internal.classfile.impl.UnboundAttribute.writeTo (0x00007943f777b088) [0x00007943f777b180, 0x00007943f777b4e8] Compiler: c1, Barriers: 1, Oops: 0, ImmediateOops: 0, NonImmediateOops: No
[1,634s][debug][gc,nmethod  ] Register NMethod: jdk.internal.classfile.impl.StackCounter.ensureLocalSlot (0x00007943f777b508) [0x00007943f777b600, 0x00007943f777b730] Compiler: c1, Barriers: 0, Oops: 0, ImmediateOops: 0, NonImmediateOops: No
[1,634s][debug][gc,nmethod  ] Register NMethod: java.util.ArrayDeque.<init> (0x00007943f777b808) [0x00007943f777b900, 0x00007943f777bbc0] Compiler: c1, Barriers: 3, Oops: 0, ImmediateOops: 0, NonImmediateOops: No
[1,635s][debug][gc,nmethod  ] Register NMethod: java.lang.Class.getInterfaces (0x00007943f777bc08) [0x00007943f777bd00, 0x00007943f777c3d8] Compiler: c1, Barriers: 4, Oops: 0, ImmediateOops: 0, NonImmediateOops: No
[1,635s][debug][gc,nmethod  ] Register NMethod: sun.reflect.generics.parser.SignatureParser.advance (0x0000794416c59508) [0x0000794416c59600, 0x0000794416c59778] Compiler: jvmci, Barriers: 2, Oops: 0, ImmediateOops: 0, NonImmediateOops: No
[1,635s][debug][gc,nmethod  ] Register NMethod: jdk.internal.loader.ClassLoaders$AppClassLoader.defineOrCheckPackage (0x00007943f777c408) [0x00007943f777c500, 0x00007943f777c630] Compiler: c1, Barriers: 0, Oops: 0, ImmediateOops: 0, NonImmediateOops: No
[1,636s][debug][gc,nmethod  ] Register NMethod: jdk.internal.loader.BuiltinClassLoader.defineOrCheckPackage (0x00007943f777c708) [0x00007943f777c800, 0x00007943f777d938] Compiler: c1, Barriers: 0, Oops: 1, ImmediateOops: 2, NonImmediateOops: No
[1,636s][debug][gc,nmethod  ] Register NMethod: jdk.internal.loader.BuiltinClassLoader.getAndVerifyPackage (0x00007943f777d988) [0x00007943f777da80, 0x00007943f77805d8] Compiler: c1, Barriers: 4, Oops: 4, ImmediateOops: 6, NonImmediateOops: No
[1,636s][debug][gc,nmethod  ] Register NMethod: jdk.internal.loader.BuiltinClassLoader.defineClass (0x00007943f7780608) [0x00007943f7780700, 0x00007943f7783608] Compiler: c1, Barriers: 6, Oops: 0, ImmediateOops: 0, NonImmediateOops: No
[1,636s][debug][gc,nmethod  ] Register NMethod: java.util.concurrent.ConcurrentHashMap.get (0x00007943f7783688) [0x00007943f7783780, 0x00007943f7784798] Compiler: c1, Barriers: 7, Oops: 0, ImmediateOops: 0, NonImmediateOops: No
[1,637s][debug][gc,nmethod  ] Register NMethod: java.nio.Buffer.limit (0x00007943f7784808) [0x00007943f7784900, 0x00007943f7784b70] Compiler: c1, Barriers: 0, Oops: 0, ImmediateOops: 0, NonImmediateOops: No
[1,637s][debug][gc,director ] Rule Major: Warmup 10%, Used: 78MB, UsedThreshold: 1228MB
[1,637s][debug][gc,nmethod  ] Register NMethod: java.lang.invoke.MethodHandle.keepsAlive (0x00007943f7784b88) [0x00007943f7784c80, 0x00007943f7785880] Compiler: c1, Barriers: 2, Oops: 0, ImmediateOops: 6, NonImmediateOops: No
[1,638s][debug][gc,nmethod  ] Register NMethod: java.lang.classfile.constantpool.LoadableConstantEntry.typeKind (0x00007943f7785888) [0x00007943f7785980, 0x00007943f7785a88] Compiler: c1, Barriers: 0, Oops: 0, ImmediateOops: 1, NonImmediateOops: No
[1,638s][debug][gc,nmethod  ] Register NMethod: jdk.internal.classfile.impl.BytecodeHelpers.ldcOpcode (0x00007943f7785b88) [0x00007943f7785c80, 0x00007943f7786430] Compiler: c1, Barriers: 0, Oops: 0, ImmediateOops: 3, NonImmediateOops: No
[1,638s][debug][gc,nmethod  ] Register NMethod: java.util.List.of (0x00007943f7786488) [0x00007943f7786580, 0x00007943f7787288] Compiler: c1, Barriers: 15, Oops: 0, ImmediateOops: 2, NonImmediateOops: No
[1,638s][debug][gc,nmethod  ] Register NMethod: jdk.internal.classfile.impl.DirectCodeBuilder.ldc (0x00007943f7787308) [0x00007943f7787400, 0x00007943f77882b8] Compiler: c1, Barriers: 2, Oops: 0, ImmediateOops: 0, NonImmediateOops: No
[1,638s][debug][gc,nmethod  ] Register NMethod: jdk.internal.classfile.impl.DirectCodeBuilder.writeDirectLoadConstant (0x00007943f7788308) [0x00007943f7788400, 0x00007943f7789518] Compiler: c1, Barriers: 4, Oops: 0, ImmediateOops: 0, NonImmediateOops: No
[1,638s][debug][gc,nmethod  ] Register NMethod: java.lang.CharacterData.of (0x0000794416c59808) [0x0000794416c59900, 0x0000794416c599e8] Compiler: jvmci, Barriers: 0, Oops: 0, ImmediateOops: 2, NonImmediateOops: No
[1,639s][debug][gc,nmethod  ] Register NMethod: java.util.BitSet.set (0x0000794416c59b08) [0x0000794416c59c00, 0x0000794416c59d70] Compiler: jvmci, Barriers: 1, Oops: 0, ImmediateOops: 0, NonImmediateOops: No
[1,639s][debug][gc,nmethod  ] Register NMethod: java.lang.classfile.Attributes.stackMapTable (0x00007943f7789588) [0x00007943f7789680, 0x00007943f7789768] Compiler: c1, Barriers: 0, Oops: 0, ImmediateOops: 1, NonImmediateOops: No
[1,639s][debug][gc,nmethod  ] Register NMethod: jdk.internal.classfile.impl.AbstractPseudoInstruction.<init> (0x00007943f7789888) [0x00007943f7789980, 0x00007943f7789b38] Compiler: c1, Barriers: 0, Oops: 0, ImmediateOops: 0, NonImmediateOops: No
[1,639s][debug][gc,nmethod  ] Register NMethod: jdk.internal.classfile.impl.AbstractPseudoInstruction$ExceptionCatchImpl.writeTo (0x00007943f7789b88) [0x00007943f7789c80, 0x00007943f7789f80] Compiler: c1, Barriers: 0, Oops: 0, ImmediateOops: 0, NonImmediateOops: No
[1,639s][debug][gc,nmethod  ] Register NMethod: jdk.internal.classfile.impl.AbstractPseudoInstruction$ExceptionCatchImpl.<init> (0x00007943f7789f88) [0x00007943f778a080, 0x00007943f778ae90] Compiler: c1, Barriers: 12, Oops: 0, ImmediateOops: 0, NonImmediateOops: No
[1,639s][debug][gc,nmethod  ] Register NMethod: jdk.internal.classfile.impl.BufWriterImpl.writeIndexOrZero (0x00007943f778af08) [0x00007943f778b000, 0x00007943f778bd10] Compiler: c1, Barriers: 2, Oops: 0, ImmediateOops: 0, NonImmediateOops: No
[1,639s][debug][gc,nmethod  ] Register NMethod: java.lang.invoke.DirectMethodHandle$Constructor.<init> (0x00007943f778bd88) [0x00007943f778be80, 0x00007943f778c0d0] Compiler: c1, Barriers: 6, Oops: 0, ImmediateOops: 0, NonImmediateOops: No
[1,639s][debug][gc,nmethod  ] Register NMethod: jdk.internal.classfile.impl.DirectCodeBuilder.addHandler (0x00007943f778c108) [0x00007943f778c200, 0x00007943f778de08] Compiler: c1, Barriers: 9, Oops: 0, ImmediateOops: 0, NonImmediateOops: No
[1,639s][debug][gc,nmethod  ] Register NMethod: java.lang.classfile.TypeKind.fromDescriptor (0x00007943f778de88) [0x00007943f778df80, 0x00007943f778fa70] Compiler: c1, Barriers: 0, Oops: 1, ImmediateOops: 14, NonImmediateOops: No
[1,640s][debug][gc,nmethod  ] Register NMethod: jdk.internal.reflect.ConstantPool.getUTF8At (0x00007943f778fa88) [0x00007943f778fb80, 0x00007943f778fcf0] Compiler: c1, Barriers: 1, Oops: 0, ImmediateOops: 0, NonImmediateOops: No
[1,640s][debug][gc,nmethod  ] Register NMethod: java.lang.CharacterDataLatin1.isWhitespace (0x0000794416c59e08) [0x0000794416c59f00, 0x0000794416c59ff8] Compiler: jvmci, Barriers: 0, Oops: 0, ImmediateOops: 1, NonImmediateOops: No
[1,640s][debug][gc,nmethod  ] Register NMethod: java.util.HashMap.put (0x00007943f778fd88) [0x00007943f778fe80, 0x00007943f7790468] Compiler: c1, Barriers: 0, Oops: 0, ImmediateOops: 0, NonImmediateOops: No
[1,641s][debug][gc,nmethod  ] Register NMethod: jdk.internal.loader.BuiltinClassLoader.findClassOnClassPathOrNull (0x00007943f7790488) [0x00007943f7790580, 0x00007943f7792d40] Compiler: c1, Barriers: 6, Oops: 1, ImmediateOops: 8, NonImmediateOops: No
[1,641s][debug][gc,nmethod  ] Register NMethod: java.lang.classfile.CodeBuilder.invoke (0x00007943f7792d88) [0x00007943f7792e80, 0x00007943f7793618] Compiler: c1, Barriers: 2, Oops: 0, ImmediateOops: 0, NonImmediateOops: No
[1,641s][debug][gc,nmethod  ] Register NMethod: java.util.regex.Pattern.peek (0x00007943f7793688) [0x00007943f7793780, 0x00007943f7793a00] Compiler: c1, Barriers: 1, Oops: 0, ImmediateOops: 0, NonImmediateOops: No
[1,642s][debug][gc,nmethod  ] Register NMethod: jdk.internal.classfile.impl.DirectCodeBuilder.invoke (0x00007943f7793a08) [0x00007943f7793b00, 0x00007943f7796948] Compiler: c1, Barriers: 7, Oops: 0, ImmediateOops: 1, NonImmediateOops: No
[1,643s][debug][gc,nmethod  ] Register NMethod: jdk.internal.loader.ClassLoaders.platformClassLoader (0x00007943f7796988) [0x00007943f7796a80, 0x00007943f7796b68] Compiler: c1, Barriers: 0, Oops: 0, ImmediateOops: 1, NonImmediateOops: No
[1,644s][debug][gc,nmethod  ] Register NMethod: sun.invoke.util.VerifyAccess.ensureTypeVisible (0x00007943f7796c88) [0x00007943f7796d80, 0x00007943f7797750] Compiler: c1, Barriers: 4, Oops: 0, ImmediateOops: 0, NonImmediateOops: No
[1,644s][debug][gc,nmethod  ] Register NMethod: java.lang.invoke.MemberName.isMethod (0x00007943f7797788) [0x00007943f7797880, 0x00007943f7797a38] Compiler: c1, Barriers: 0, Oops: 0, ImmediateOops: 0, NonImmediateOops: No
[1,645s][debug][gc,nmethod  ] Register NMethod: jdk.internal.classfile.impl.SplitConstantPool.tryFindUtf8 (0x0000794416c5a108) [0x0000794416c5a220, 0x0000794416c5ab28] Compiler: jvmci, Barriers: 12, Oops: 0, ImmediateOops: 2, NonImmediateOops: No
[1,645s][debug][gc,nmethod  ] Register NMethod: jdk.internal.loader.AbstractClassLoaderValue.map (0x00007943f7797a88) [0x00007943f7797b80, 0x00007943f7797f78] Compiler: c1, Barriers: 0, Oops: 0, ImmediateOops: 2, NonImmediateOops: No
[1,646s][debug][gc,nmethod  ] Register NMethod: jdk.internal.classfile.impl.StackCounter.<init> (0x00007943f7797f88) [0x00007943f7798080, 0x00007943f77aea50] Compiler: c1, Barriers: 95, Oops: 2, ImmediateOops: 18, NonImmediateOops: No
[1,647s][debug][gc,nmethod  ] Register NMethod: java.util.Collections$EmptySet.contains (0x0000794416c5ab88) [0x0000794416c5ac80, 0x0000794416c5ad40] Compiler: c1, Barriers: 0, Oops: 0, ImmediateOops: 0, NonImmediateOops: No
[1,647s][debug][gc,director ] Rule Major: Warmup 10%, Used: 80MB, UsedThreshold: 1228MB
[1,648s][debug][gc,nmethod  ] Register NMethod: java.lang.StringLatin1.compareTo (0x00007943f77aea88) [0x00007943f77aeb80, 0x00007943f77aecb0] Compiler: c1, Barriers: 0, Oops: 0, ImmediateOops: 0, NonImmediateOops: No
[1,648s][debug][gc,nmethod  ] Register NMethod: jdk.internal.util.ArraysSupport.mismatch (0x00007943f77aed88) [0x00007943f77aee80, 0x00007943f77af238] Compiler: c1, Barriers: 0, Oops: 0, ImmediateOops: 0, NonImmediateOops: No
[1,648s][debug][gc,nmethod  ] Register NMethod: java.util.StringJoiner.add (0x00007943f77af288) [0x00007943f77af380, 0x00007943f77b0b38] Compiler: c1, Barriers: 15, Oops: 0, ImmediateOops: 1, NonImmediateOops: No
[1,648s][debug][gc,nmethod  ] Register NMethod: jdk.internal.util.ArraysSupport.vectorizedMismatch (0x00007943f77b0b88) [0x00007943f77b0c80, 0x00007943f77b1090] Compiler: c1, Barriers: 0, Oops: 0, ImmediateOops: 0, NonImmediateOops: No
[1,648s][debug][gc,nmethod  ] Register NMethod: java.lang.StringLatin1.compareTo (0x00007943f77b1108) [0x00007943f77b1200, 0x00007943f77b1550] Compiler: c1, Barriers: 0, Oops: 0, ImmediateOops: 0, NonImmediateOops: No
[1,648s][debug][gc,nmethod  ] Register NMethod: java.util.stream.AbstractPipeline.evaluate (0x00007943f77b1588) [0x00007943f77b1680, 0x00007943f77b2770] Compiler: c1, Barriers: 1, Oops: 0, ImmediateOops: 1, NonImmediateOops: No
[1,649s][debug][gc,nmethod  ] Register NMethod: java.util.StringJoiner.toString (0x00007943f77b2788) [0x00007943f77b2880, 0x00007943f77b2b60] Compiler: c1, Barriers: 5, Oops: 0, ImmediateOops: 2, NonImmediateOops: No
[1,649s][debug][gc,nmethod  ] Register NMethod: jdk.internal.classfile.impl.AbstractPoolEntry.maybeClone (0x0000794416c5ae88) [0x0000794416c5af80, 0x0000794416c5b370] Compiler: jvmci, Barriers: 5, Oops: 0, ImmediateOops: 0, NonImmediateOops: No
[1,649s][debug][gc,nmethod  ] Register NMethod: java.util.StringJoiner.<init> (0x00007943f77b2b88) [0x00007943f77b2c80, 0x00007943f77b3980] Compiler: c1, Barriers: 9, Oops: 3, ImmediateOops: 3, NonImmediateOops: No
[1,649s][debug][gc,nmethod  ] Register NMethod: java.lang.StringConcatHelper.newArray (0x00007943f77b3a08) [0x00007943f77b3b00, 0x00007943f77b4148] Compiler: c1, Barriers: 0, Oops: 0, ImmediateOops: 3, NonImmediateOops: No
[1,649s][debug][gc,nmethod  ] Register NMethod: java.lang.Class.getTypeName (0x00007943f77b4188) [0x00007943f77b4280, 0x00007943f77b7810] Compiler: c1, Barriers: 11, Oops: 0, ImmediateOops: 5, NonImmediateOops: No
[1,649s][debug][gc,nmethod  ] Register NMethod: java.util.stream.Collectors$$Lambda/0x00000000a90e07a8.accept (0x00007943f77b7888) [0x00007943f77b7980, 0x00007943f77b80a8] Compiler: c1, Barriers: 0, Oops: 0, ImmediateOops: 0, NonImmediateOops: No
[1,649s][debug][gc,nmethod  ] Register NMethod: java.util.stream.AbstractPipeline.wrapSink (0x00007943f77b8108) [0x00007943f77b8200, 0x00007943f77b8778] Compiler: c1, Barriers: 2, Oops: 0, ImmediateOops: 0, NonImmediateOops: No
[1,649s][debug][gc,nmethod  ] Register NMethod: java.util.stream.StreamOpFlag.isKnown (0x00007943f77b8788) [0x00007943f77b8880, 0x00007943f77b89d8] Compiler: c1, Barriers: 0, Oops: 0, ImmediateOops: 0, NonImmediateOops: No
[1,649s][debug][gc,nmethod  ] Register NMethod: java.lang.reflect.Executable$$Lambda/0x00000000a9118398.apply (0x00007943f77b8a88) [0x00007943f77b8b80, 0x00007943f77b8ec0] Compiler: c1, Barriers: 0, Oops: 0, ImmediateOops: 0, NonImmediateOops: No
[1,649s][debug][gc,nmethod  ] Register NMethod: java.lang.System$1.join (0x00007943f77b8f08) [0x00007943f77b9000, 0x00007943f77bd640] Compiler: c1, Barriers: 14, Oops: 0, ImmediateOops: 4, NonImmediateOops: No
[1,650s][debug][gc,nmethod  ] Register NMethod: java.lang.String.join (0x00007943f77bd688) [0x00007943f77bd780, 0x00007943f77c1d48] Compiler: c1, Barriers: 14, Oops: 0, ImmediateOops: 4, NonImmediateOops: No
[1,650s][debug][gc,nmethod  ] Register NMethod: java.util.stream.ReferencePipeline$Head.<init> (0x00007943f77c1d88) [0x00007943f77c1e80, 0x00007943f77c2010] Compiler: c1, Barriers: 0, Oops: 0, ImmediateOops: 0, NonImmediateOops: No
[1,650s][debug][gc,nmethod  ] Register NMethod: java.util.stream.StreamOpFlag.fromCharacteristics (0x00007943f77c2088) [0x00007943f77c2180, 0x00007943f77c2708] Compiler: c1, Barriers: 0, Oops: 0, ImmediateOops: 0, NonImmediateOops: No
[1,650s][debug][gc,nmethod  ] Register NMethod: java.util.stream.ReferencePipeline.<init> (0x00007943f77c2788) [0x00007943f77c2880, 0x00007943f77c29b0] Compiler: c1, Barriers: 0, Oops: 0, ImmediateOops: 0, NonImmediateOops: No
[1,650s][debug][gc,nmethod  ] Register NMethod: java.util.stream.Collectors$CollectorImpl.supplier (0x0000794416c5b388) [0x0000794416c5b480, 0x0000794416c5b568] Compiler: c1, Barriers: 1, Oops: 0, ImmediateOops: 0, NonImmediateOops: No
[1,650s][debug][gc,nmethod  ] Register NMethod: java.util.stream.Collectors$CollectorImpl.accumulator (0x0000794416c5b688) [0x0000794416c5b780, 0x0000794416c5b868] Compiler: c1, Barriers: 1, Oops: 0, ImmediateOops: 0, NonImmediateOops: No
[1,650s][debug][gc,nmethod  ] Register NMethod: java.util.stream.StreamSupport.stream (0x00007943f77c2a88) [0x00007943f77c2b80, 0x00007943f77c2f70] Compiler: c1, Barriers: 0, Oops: 0, ImmediateOops: 0, NonImmediateOops: No
[1,650s][debug][gc,nmethod  ] Register NMethod: java.util.stream.Collectors$CollectorImpl.combiner (0x0000794416c5b988) [0x0000794416c5ba80, 0x0000794416c5bb68] Compiler: c1, Barriers: 1, Oops: 0, ImmediateOops: 0, NonImmediateOops: No
[1,650s][debug][gc,nmethod  ] Register NMethod: java.util.stream.ReduceOps$Box.get (0x0000794416c5bc88) [0x0000794416c5bd80, 0x0000794416c5be68] Compiler: c1, Barriers: 1, Oops: 0, ImmediateOops: 0, NonImmediateOops: No
[1,650s][debug][gc,nmethod  ] Register NMethod: java.util.stream.ReferencePipeline.<init> (0x00007943f77c2f88) [0x00007943f77c3080, 0x00007943f77c31b0] Compiler: c1, Barriers: 0, Oops: 0, ImmediateOops: 0, NonImmediateOops: No
[1,650s][debug][gc,nmethod  ] Register NMethod: java.util.stream.AbstractPipeline.<init> (0x00007943f77c3288) [0x00007943f77c3380, 0x00007943f77c36c8] Compiler: c1, Barriers: 9, Oops: 0, ImmediateOops: 0, NonImmediateOops: No
[1,650s][debug][gc,nmethod  ] Register NMethod: java.util.stream.ReferencePipeline$StatelessOp.<init> (0x00007943f77c3708) [0x00007943f77c3800, 0x00007943f77c39b8] Compiler: c1, Barriers: 0, Oops: 0, ImmediateOops: 0, NonImmediateOops: No
[1,650s][debug][gc,nmethod  ] Register NMethod: java.util.stream.Sink$ChainedReference.end (0x00007943f77c3a08) [0x00007943f77c3b00, 0x00007943f77c3e40] Compiler: c1, Barriers: 1, Oops: 0, ImmediateOops: 0, NonImmediateOops: No
[1,650s][debug][gc,nmethod  ] Register NMethod: java.util.stream.AbstractPipeline.<init> (0x00007943f77c3e88) [0x00007943f77c3f80, 0x00007943f77c4510] Compiler: c1, Barriers: 10, Oops: 0, ImmediateOops: 1, NonImmediateOops: No
[1,650s][debug][gc,nmethod  ] Register NMethod: java.util.Spliterator.getExactSizeIfKnown (0x00007943f77c4588) [0x00007943f77c4680, 0x00007943f77c4bd0] Compiler: c1, Barriers: 0, Oops: 0, ImmediateOops: 0, NonImmediateOops: No
[1,650s][debug][gc,nmethod  ] Register NMethod: java.util.stream.Sink$ChainedReference.<init> (0x00007943f77c4c08) [0x00007943f77c4d00, 0x00007943f77c5238] Compiler: c1, Barriers: 3, Oops: 0, ImmediateOops: 0, NonImmediateOops: No
[1,650s][debug][gc,nmethod  ] Register NMethod: java.util.stream.Sink.end (0x00007943f77c5288) [0x00007943f77c5380, 0x00007943f77c5480] Compiler: c1, Barriers: 0, Oops: 0, ImmediateOops: 0, NonImmediateOops: No
[1,650s][debug][gc,nmethod  ] Register NMethod: java.util.stream.Collectors$CollectorImpl.finisher (0x0000794416c5bf88) [0x0000794416c5c080, 0x0000794416c5c168] Compiler: c1, Barriers: 1, Oops: 0, ImmediateOops: 0, NonImmediateOops: No
[1,650s][debug][gc,nmethod  ] Register NMethod: java.lang.String.compareTo (0x00007943f77c5588) [0x00007943f77c5680, 0x00007943f77c5eb0] Compiler: c1, Barriers: 2, Oops: 0, ImmediateOops: 0, NonImmediateOops: No
[1,650s][debug][gc,nmethod  ] Register NMethod: java.lang.reflect.Method.isDefault (0x00007943f77c5f08) [0x00007943f77c6000, 0x00007943f77c6828] Compiler: c1, Barriers: 1, Oops: 0, ImmediateOops: 0, NonImmediateOops: No
[1,650s][debug][gc,nmethod  ] Register NMethod: java.util.stream.AbstractPipeline.wrapAndCopyInto (0x00007943f77c6888) [0x00007943f77c6980, 0x00007943f77c71f0] Compiler: c1, Barriers: 0, Oops: 0, ImmediateOops: 0, NonImmediateOops: No
[1,650s][debug][gc,nmethod  ] Register NMethod: java.util.stream.AbstractPipeline.copyInto (0x00007943f77c7208) [0x00007943f77c7300, 0x00007943f77c8420] Compiler: c1, Barriers: 0, Oops: 1, ImmediateOops: 1, NonImmediateOops: No
[1,651s][debug][gc,nmethod  ] Register NMethod: java.lang.reflect.Modifier.methodModifiers (0x0000794416c5c288) [0x0000794416c5c380, 0x0000794416c5c420] Compiler: c1, Barriers: 0, Oops: 0, ImmediateOops: 0, NonImmediateOops: No
[1,651s][debug][gc,nmethod  ] Register NMethod: java.lang.reflect.Method.getParameterTypes (0x00007943f77c8488) [0x00007943f77c8580, 0x00007943f77c8af8] Compiler: c1, Barriers: 1, Oops: 0, ImmediateOops: 0, NonImmediateOops: No
[1,651s][debug][gc,nmethod  ] Register NMethod: org.junit.internal.MethodSorter$1.compare (0x00007943f77c8b08) [0x00007943f77c8c00, 0x00007943f77c92f8] Compiler: c1, Barriers: 0, Oops: 1, ImmediateOops: 0, NonImmediateOops: No
[1,651s][debug][gc,nmethod  ] Register NMethod: java.util.stream.ReferencePipeline$3.<init> (0x00007943f77c9308) [0x00007943f77c9400, 0x00007943f77c97e0] Compiler: c1, Barriers: 3, Oops: 0, ImmediateOops: 0, NonImmediateOops: No
[1,651s][debug][gc,nmethod  ] Register NMethod: java.util.stream.ReferencePipeline$3.opWrapSink (0x00007943f77c9808) [0x00007943f77c9900, 0x00007943f77ca078] Compiler: c1, Barriers: 7, Oops: 0, ImmediateOops: 0, NonImmediateOops: No
[1,651s][debug][gc,nmethod  ] Register NMethod: java.util.stream.ReferencePipeline$3$1.<init> (0x00007943f77ca088) [0x00007943f77ca180, 0x00007943f77ca8d8] Compiler: c1, Barriers: 6, Oops: 0, ImmediateOops: 0, NonImmediateOops: No
[1,651s][debug][gc,nmethod  ] Register NMethod: java.util.Spliterators$ArraySpliterator.forEachRemaining (0x00007943f77ca908) [0x00007943f77caa00, 0x00007943f77cafd0] Compiler: c1, Barriers: 2, Oops: 0, ImmediateOops: 0, NonImmediateOops: No
[1,651s][debug][gc,nmethod  ] Register NMethod: org.junit.internal.MethodSorter$1.compare (0x00007943f77cb008) [0x00007943f77cb100, 0x00007943f77cc988] Compiler: c1, Barriers: 4, Oops: 2, ImmediateOops: 1, NonImmediateOops: No
[1,651s][debug][gc,nmethod  ] Register NMethod: java.util.HashMap.<init> (0x00007943f77cca08) [0x00007943f77ccb00, 0x00007943f77ce748] Compiler: c1, Barriers: 0, Oops: 2, ImmediateOops: 4, NonImmediateOops: No
[1,651s][debug][gc,nmethod  ] Register NMethod: java.util.stream.Sink$ChainedReference.begin (0x00007943f77ce788) [0x00007943f77ce880, 0x00007943f77cebc0] Compiler: c1, Barriers: 1, Oops: 0, ImmediateOops: 0, NonImmediateOops: No
[1,651s][debug][gc,nmethod  ] Register NMethod: java.util.Spliterators$ArraySpliterator.<init> (0x00007943f77cec08) [0x00007943f77ced00, 0x00007943f77ceef8] Compiler: c1, Barriers: 3, Oops: 0, ImmediateOops: 0, NonImmediateOops: No
[1,651s][debug][gc,nmethod  ] Register NMethod: java.util.stream.Collectors$CollectorImpl.<init> (0x00007943f77cef08) [0x00007943f77cf000, 0x00007943f77cf400] Compiler: c1, Barriers: 15, Oops: 0, ImmediateOops: 0, NonImmediateOops: No
[1,651s][debug][gc,nmethod  ] Register NMethod: java.util.stream.ReferencePipeline.map (0x00007943f77cf408) [0x00007943f77cf500, 0x00007943f77cfa10] Compiler: c1, Barriers: 3, Oops: 1, ImmediateOops: 0, NonImmediateOops: No
[1,651s][debug][gc,nmethod  ] Register NMethod: java.util.stream.ReduceOps$3.<init> (0x00007943f77cfa88) [0x00007943f77cfb80, 0x00007943f77cff88] Compiler: c1, Barriers: 15, Oops: 0, ImmediateOops: 0, NonImmediateOops: No
[1,651s][debug][gc,nmethod  ] Register NMethod: java.util.stream.AbstractPipeline.sourceSpliterator (0x00007943f77d0008) [0x00007943f77d0100, 0x00007943f77d1bc8] Compiler: c1, Barriers: 14, Oops: 1, ImmediateOops: 2, NonImmediateOops: No
[1,651s][debug][gc,nmethod  ] Register NMethod: java.util.stream.ReduceOps.makeRef (0x00007943f77d1c08) [0x00007943f77d1d00, 0x00007943f77d26c8] Compiler: c1, Barriers: 18, Oops: 1, ImmediateOops: 1, NonImmediateOops: No
[1,651s][debug][gc,nmethod  ] Register NMethod: java.util.stream.ReduceOps$ReduceOp.<init> (0x00007943f77d2708) [0x00007943f77d2800, 0x00007943f77d29d0] Compiler: c1, Barriers: 3, Oops: 0, ImmediateOops: 0, NonImmediateOops: No
[1,652s][debug][gc,nmethod  ] Register NMethod: java.lang.String.replace (0x0000794416c5c588) [0x0000794416c5c680, 0x0000794416c5cd38] Compiler: jvmci, Barriers: 3, Oops: 0, ImmediateOops: 0, NonImmediateOops: No
[1,652s][debug][gc,nmethod  ] Register NMethod: java.lang.Class.getDeclaringClass0 (0x0000794416c5cd88) [0x0000794416c5ce80, 0x0000794416c5d1a0] Compiler: , Barriers: 0, Oops: 0, ImmediateOops: 0, NonImmediateOops: No
[1,652s][debug][gc,nmethod  ] Register NMethod: java.util.stream.ReduceOps$3.makeSink (0x00007943f77d2a08) [0x00007943f77d2b00, 0x00007943f77d2c48] Compiler: c1, Barriers: 0, Oops: 0, ImmediateOops: 0, NonImmediateOops: No
[1,652s][debug][gc,nmethod  ] Register NMethod: java.util.stream.ReferencePipeline.collect (0x00007943f77d2d08) [0x00007943f77d2e00, 0x00007943f77d4958] Compiler: c1, Barriers: 7, Oops: 1, ImmediateOops: 4, NonImmediateOops: No
[1,652s][debug][gc,nmethod  ] Register NMethod: java.util.stream.ReduceOps$ReduceOp.evaluateSequential (0x00007943f77d4988) [0x00007943f77d4a80, 0x00007943f77d52a8] Compiler: c1, Barriers: 1, Oops: 0, ImmediateOops: 0, NonImmediateOops: No
[1,652s][debug][gc,nmethod  ] Register NMethod: java.util.stream.ReduceOps$3.getOpFlags (0x00007943f77d5308) [0x00007943f77d5400, 0x00007943f77d5840] Compiler: c1, Barriers: 2, Oops: 0, ImmediateOops: 1, NonImmediateOops: No
[1,652s][debug][gc,nmethod  ] Register NMethod: java.util.stream.ReduceOps$3ReducingSink.<init> (0x00007943f77d5888) [0x00007943f77d5980, 0x00007943f77d5ca0] Compiler: c1, Barriers: 9, Oops: 0, ImmediateOops: 0, NonImmediateOops: No
[1,652s][debug][gc,nmethod  ] Register NMethod: java.util.stream.ReduceOps$3ReducingSink.begin (0x00007943f77d5d08) [0x00007943f77d5e00, 0x00007943f77d61c0] Compiler: c1, Barriers: 4, Oops: 0, ImmediateOops: 0, NonImmediateOops: No
[1,652s][debug][gc,nmethod  ] Register NMethod: java.util.stream.ReduceOps$Box.<init> (0x00007943f77d6208) [0x00007943f77d6300, 0x00007943f77d6458] Compiler: c1, Barriers: 0, Oops: 0, ImmediateOops: 0, NonImmediateOops: No
[1,652s][debug][gc,nmethod  ] Register NMethod: java.util.Arrays.stream (0x00007943f77d6508) [0x00007943f77d6600, 0x00007943f77d67a8] Compiler: c1, Barriers: 0, Oops: 0, ImmediateOops: 0, NonImmediateOops: No
[1,652s][debug][gc,nmethod  ] Register NMethod: java.util.stream.AbstractPipeline.isParallel (0x0000794416c5d208) [0x0000794416c5d300, 0x0000794416c5d3e0] Compiler: jvmci, Barriers: 1, Oops: 0, ImmediateOops: 0, NonImmediateOops: No
[1,652s][debug][gc,nmethod  ] Register NMethod: java.util.Arrays.stream (0x00007943f77d6808) [0x00007943f77d6900, 0x00007943f77d6b18] Compiler: c1, Barriers: 0, Oops: 0, ImmediateOops: 0, NonImmediateOops: No
[1,652s][debug][gc,nmethod  ] Register NMethod: java.util.Spliterators$ArraySpliterator.estimateSize (0x00007943f77d6b88) [0x00007943f77d6c80, 0x00007943f77d6df8] Compiler: c1, Barriers: 0, Oops: 0, ImmediateOops: 0, NonImmediateOops: No
[1,652s][debug][gc,nmethod  ] Register NMethod: java.util.Spliterators.spliterator (0x00007943f77d6e88) [0x00007943f77d6f80, 0x00007943f77d72b0] Compiler: c1, Barriers: 0, Oops: 0, ImmediateOops: 0, NonImmediateOops: No
[1,652s][debug][gc,nmethod  ] Register NMethod: java.lang.invoke.Invokers$Holder.linkToTargetMethod (0x00007943f77d7308) [0x00007943f77d7400, 0x00007943f77d7900] Compiler: c1, Barriers: 0, Oops: 0, ImmediateOops: 0, NonImmediateOops: No
[1,652s][debug][gc,nmethod  ] Register NMethod: java.util.Spliterators.checkFromToBounds (0x00007943f77d7908) [0x00007943f77d7a00, 0x00007943f77d8fe8] Compiler: c1, Barriers: 0, Oops: 3, ImmediateOops: 4, NonImmediateOops: No
[1,652s][debug][gc,nmethod  ] Register NMethod: java.util.stream.Collectors$$Lambda/0x00000000a90e0578.<init> (0x00007943f77d9008) [0x00007943f77d9100, 0x00007943f77d93c0] Compiler: c1, Barriers: 9, Oops: 0, ImmediateOops: 0, NonImmediateOops: No
[1,652s][debug][gc,nmethod  ] Register NMethod: java.util.stream.ReduceOps$3.makeSink (0x00007943f77d9408) [0x00007943f77d9500, 0x00007943f77d9978] Compiler: c1, Barriers: 12, Oops: 0, ImmediateOops: 0, NonImmediateOops: No
[1,652s][debug][gc,nmethod  ] Register NMethod: java.util.Arrays.spliterator (0x00007943f77d9988) [0x00007943f77d9a80, 0x00007943f77d9b98] Compiler: c1, Barriers: 0, Oops: 0, ImmediateOops: 0, NonImmediateOops: No
[1,653s][debug][gc,nmethod  ] Register NMethod: java.lang.invoke.DirectMethodHandle$Holder.newInvokeSpecial (0x00007943f77d9c88) [0x00007943f77d9d80, 0x00007943f77da618] Compiler: c1, Barriers: 2, Oops: 0, ImmediateOops: 1, NonImmediateOops: No
[1,653s][debug][gc,nmethod  ] Register NMethod: java.util.stream.Collectors.lambda$joining$1 (0x00007943f77da688) [0x00007943f77da780, 0x00007943f77da910] Compiler: c1, Barriers: 0, Oops: 0, ImmediateOops: 0, NonImmediateOops: No
[1,653s][debug][gc,nmethod  ] Register NMethod: java.util.stream.Collectors$$Lambda/0x00000000a90e0578.get (0x00007943f77da988) [0x00007943f77daa80, 0x00007943f77dac58] Compiler: c1, Barriers: 3, Oops: 0, ImmediateOops: 0, NonImmediateOops: No
[1,653s][debug][gc,nmethod  ] Register NMethod: java.util.stream.Collectors.joining (0x00007943f77dac88) [0x00007943f77dad80, 0x00007943f77dba50] Compiler: c1, Barriers: 24, Oops: 8, ImmediateOops: 6, NonImmediateOops: No
[1,653s][debug][gc,nmethod  ] Register NMethod: java.util.stream.Collectors$$Lambda/0x00000000a90e0c30.apply (0x00007943f77dbb08) [0x00007943f77dbc00, 0x00007943f77dc100] Compiler: c1, Barriers: 0, Oops: 0, ImmediateOops: 0, NonImmediateOops: No
[1,653s][debug][gc,nmethod  ] Register NMethod: java.lang.Class.isArray (0x0000794416c5d508) [0x0000794416c5d600, 0x0000794416c5d6b8] Compiler: jvmci, Barriers: 1, Oops: 0, ImmediateOops: 0, NonImmediateOops: No
[1,653s][debug][gc,nmethod  ] Register NMethod: java.util.StringJoiner.<init> (0x00007943f77dc108) [0x00007943f77dc200, 0x00007943f77dc348] Compiler: c1, Barriers: 0, Oops: 0, ImmediateOops: 1, NonImmediateOops: No
[1,653s][debug][gc,nmethod  ] Register NMethod: java.lang.reflect.Method.toString (0x00007943f77dc408) [0x00007943f77dc500, 0x00007943f77dd220] Compiler: c1, Barriers: 3, Oops: 0, ImmediateOops: 0, NonImmediateOops: No
[1,653s][debug][gc,nmethod  ] Register NMethod: java.lang.reflect.Method.specificToStringHeader (0x00007943f77dd288) [0x00007943f77dd380, 0x00007943f77dea58] Compiler: c1, Barriers: 3, Oops: 0, ImmediateOops: 0, NonImmediateOops: No
[1,653s][debug][gc,nmethod  ] Register NMethod: java.lang.reflect.Modifier.toString (0x00007943f77dea88) [0x00007943f77deb80, 0x00007943f77e0918] Compiler: c1, Barriers: 0, Oops: 1, ImmediateOops: 14, NonImmediateOops: No
[1,653s][debug][gc,nmethod  ] Register NMethod: java.lang.reflect.Executable.printModifiersIfNonzero (0x00007943f77e0988) [0x00007943f77e0a80, 0x00007943f77e1fe8] Compiler: c1, Barriers: 0, Oops: 1, ImmediateOops: 1, NonImmediateOops: No
[1,653s][debug][gc,nmethod  ] Register NMethod: java.lang.AbstractStringBuilder.ensureCapacitySameCoder (0x00007943f77e2008) [0x00007943f77e2100, 0x00007943f77e22a8] Compiler: c1, Barriers: 0, Oops: 0, ImmediateOops: 0, NonImmediateOops: No
[1,653s][debug][gc,nmethod  ] Register NMethod: junit.framework.TestSuite.isTestMethod (0x00007943f77e2308) [0x00007943f77e2400, 0x00007943f77e36f0] Compiler: c1, Barriers: 3, Oops: 3, ImmediateOops: 2, NonImmediateOops: No
[1,654s][debug][gc,nmethod  ] Register NMethod: java.lang.StringBuilder.toString (0x0000794416c5d808) [0x0000794416c5d900, 0x0000794416c5dcf8] Compiler: jvmci, Barriers: 3, Oops: 0, ImmediateOops: 1, NonImmediateOops: No
[1,654s][debug][gc,nmethod  ] Register NMethod: java.io.FileInputStream.readBytes (0x0000794416c5dd08) [0x0000794416c5de00, 0x0000794416c5df68] Compiler: , Barriers: 0, Oops: 0, ImmediateOops: 0, NonImmediateOops: No
[1,654s][debug][gc,nmethod  ] Register NMethod: java.lang.StringBuilder.append (0x00007943f77e3788) [0x00007943f77e3880, 0x00007943f77e3be0] Compiler: c1, Barriers: 0, Oops: 0, ImmediateOops: 0, NonImmediateOops: No
[1,654s][debug][gc,nmethod  ] Register NMethod: java.lang.reflect.Executable.sharedToString (0x00007943f77e3c08) [0x00007943f77e3d00, 0x00007943f77e71b0] Compiler: c1, Barriers: 0, Oops: 4, ImmediateOops: 13, NonImmediateOops: No
[1,654s][debug][gc,nmethod  ] Register NMethod: java.lang.Class.getInterfaces (0x00007943f77e7208) [0x00007943f77e7300, 0x00007943f77e7438] Compiler: c1, Barriers: 0, Oops: 0, ImmediateOops: 0, NonImmediateOops: No
[1,654s][debug][gc,nmethod  ] Register NMethod: java.nio.ByteBuffer.limit (0x00007943f77e7508) [0x00007943f77e7600, 0x00007943f77e7748] Compiler: c1, Barriers: 0, Oops: 0, ImmediateOops: 0, NonImmediateOops: No
[1,654s][debug][gc,nmethod  ] Register NMethod: java.lang.reflect.Field.getModifiers (0x0000794416c5e008) [0x0000794416c5e100, 0x0000794416c5e1c0] Compiler: c1, Barriers: 0, Oops: 0, ImmediateOops: 0, NonImmediateOops: No
[1,655s][debug][gc,nmethod  ] Register NMethod: jdk.internal.loader.AbstractClassLoaderValue.extractValue (0x00007943f77e7808) [0x00007943f77e7900, 0x00007943f77e8058] Compiler: c1, Barriers: 0, Oops: 0, ImmediateOops: 0, NonImmediateOops: No
[1,655s][debug][gc,nmethod  ] Register NMethod: org.junit.runners.model.FrameworkMethod.getMethod (0x0000794416c5e308) [0x0000794416c5e400, 0x0000794416c5e4e8] Compiler: c1, Barriers: 1, Oops: 1, ImmediateOops: 0, NonImmediateOops: No
[1,655s][debug][gc,nmethod  ] Register NMethod: java.lang.Module.allows (0x00007943f77e8088) [0x00007943f77e8180, 0x00007943f77e8ce8] Compiler: c1, Barriers: 1, Oops: 0, ImmediateOops: 3, NonImmediateOops: No
[1,655s][debug][gc,nmethod  ] Register NMethod: java.lang.StringBuilder.<init> (0x0000794416c5e608) [0x0000794416c5e700, 0x0000794416c5e8a0] Compiler: jvmci, Barriers: 3, Oops: 0, ImmediateOops: 0, NonImmediateOops: No
[1,655s][debug][gc,nmethod  ] Register NMethod: org.junit.internal.MethodSorter$2.compare (0x00007943f77e8d08) [0x00007943f77e8e00, 0x00007943f77e9b40] Compiler: c1, Barriers: 2, Oops: 1, ImmediateOops: 0, NonImmediateOops: No
[1,655s][debug][gc,nmethod  ] Register NMethod: org.junit.internal.MethodSorter$2.compare (0x00007943f77e9b88) [0x00007943f77e9c80, 0x00007943f77eafb0] Compiler: c1, Barriers: 2, Oops: 1, ImmediateOops: 0, NonImmediateOops: No
[1,655s][debug][gc,nmethod  ] Register NMethod: sun.reflect.generics.parser.SignatureParser.mark (0x00007943f77eb008) [0x00007943f77eb100, 0x00007943f77eb208] Compiler: c1, Barriers: 0, Oops: 0, ImmediateOops: 0, NonImmediateOops: No
[1,655s][debug][gc,nmethod  ] Register NMethod: sun.reflect.annotation.AnnotationInvocationHandler.invoke (0x00007943f77eb308) [0x00007943f77eb400, 0x00007943f77ed690] Compiler: c1, Barriers: 10, Oops: 0, ImmediateOops: 7, NonImmediateOops: No
[1,655s][debug][gc,nmethod  ] Register NMethod: sun.reflect.generics.parser.SignatureParser.markToCurrent (0x00007943f77ed708) [0x00007943f77ed800, 0x00007943f77edb38] Compiler: c1, Barriers: 1, Oops: 0, ImmediateOops: 0, NonImmediateOops: No
[1,655s][debug][gc,nmethod  ] Register NMethod: sun.reflect.generics.tree.SimpleClassTypeSignature.<init> (0x00007943f77edb88) [0x00007943f77edc80, 0x00007943f77eded0] Compiler: c1, Barriers: 6, Oops: 0, ImmediateOops: 0, NonImmediateOops: No
[1,655s][debug][gc,nmethod  ] Register NMethod: sun.reflect.generics.tree.SimpleClassTypeSignature.make (0x00007943f77edf08) [0x00007943f77ee000, 0x00007943f77ee2f0] Compiler: c1, Barriers: 6, Oops: 0, ImmediateOops: 0, NonImmediateOops: No
[1,655s][debug][gc,nmethod  ] Register NMethod: sun.reflect.generics.parser.SignatureParser.parseClassTypeSignatureSuffix (0x00007943f77ee308) [0x00007943f77ee400, 0x00007943f77ee870] Compiler: c1, Barriers: 0, Oops: 0, ImmediateOops: 0, NonImmediateOops: No
[1,655s][debug][gc,nmethod  ] Register NMethod: java.util.Collections.emptyList (0x00007943f77ee888) [0x00007943f77ee980, 0x00007943f77eea68] Compiler: c1, Barriers: 0, Oops: 0, ImmediateOops: 1, NonImmediateOops: No
[1,655s][debug][gc,nmethod  ] Register NMethod: jdk.internal.misc.Unsafe.putReference (0x0000794416c5e908) [0x0000794416c5ea00, 0x0000794416c5eb70] Compiler: , Barriers: 0, Oops: 0, ImmediateOops: 0, NonImmediateOops: No
[1,655s][debug][gc,nmethod  ] Register NMethod: sun.reflect.generics.tree.ClassTypeSignature.<init> (0x00007943f77eeb88) [0x00007943f77eec80, 0x00007943f77eee50] Compiler: c1, Barriers: 3, Oops: 0, ImmediateOops: 0, NonImmediateOops: No
[1,655s][debug][gc,nmethod  ] Register NMethod: sun.reflect.generics.tree.ClassTypeSignature.make (0x00007943f77eee88) [0x00007943f77eef80, 0x00007943f77ef1e8] Compiler: c1, Barriers: 3, Oops: 0, ImmediateOops: 0, NonImmediateOops: No
[1,656s][debug][gc,nmethod  ] Register NMethod: sun.reflect.generics.parser.SignatureParser.parsePackageNameAndSimpleClassTypeSignature (0x00007943f77ef208) [0x00007943f77ef300, 0x00007943f77f07f0] Compiler: c1, Barriers: 1, Oops: 1, ImmediateOops: 2, NonImmediateOops: No
[1,656s][debug][gc,nmethod  ] Register NMethod: java.util.StringJoiner.checkAddLength (0x0000794416c5ec08) [0x0000794416c5ed00, 0x0000794416c5ef30] Compiler: jvmci, Barriers: 4, Oops: 0, ImmediateOops: 0, NonImmediateOops: No
[1,656s][debug][gc,nmethod  ] Register NMethod: sun.reflect.generics.parser.SignatureParser.init (0x00007943f77f0808) [0x00007943f77f0900, 0x00007943f77f0a80] Compiler: c1, Barriers: 3, Oops: 0, ImmediateOops: 0, NonImmediateOops: No
[1,656s][debug][gc,nmethod  ] Register NMethod: sun.reflect.generics.parser.SignatureParser.<init> (0x00007943f77f0b08) [0x00007943f77f0c00, 0x00007943f77f0d58] Compiler: c1, Barriers: 0, Oops: 0, ImmediateOops: 0, NonImmediateOops: No
[1,656s][debug][gc,nmethod  ] Register NMethod: sun.reflect.generics.parser.SignatureParser.make (0x00007943f77f0e08) [0x00007943f77f0f00, 0x00007943f77f10f0] Compiler: c1, Barriers: 0, Oops: 0, ImmediateOops: 0, NonImmediateOops: No
[1,656s][debug][gc,nmethod  ] Register NMethod: sun.reflect.generics.parser.SignatureParser.parseFieldTypeSignature (0x00007943f77f1108) [0x00007943f77f1200, 0x00007943f77f1338] Compiler: c1, Barriers: 0, Oops: 0, ImmediateOops: 0, NonImmediateOops: No
[1,656s][debug][gc,nmethod  ] Register NMethod: sun.reflect.generics.parser.SignatureParser.parseClassTypeSignature (0x00007943f77f1408) [0x00007943f77f1500, 0x00007943f77f33b0] Compiler: c1, Barriers: 11, Oops: 2, ImmediateOops: 4, NonImmediateOops: No
[1,656s][debug][gc,nmethod  ] Register NMethod: sun.reflect.generics.scope.AbstractScope.<init> (0x00007943f77f3408) [0x00007943f77f3500, 0x00007943f77f36d0] Compiler: c1, Barriers: 3, Oops: 0, ImmediateOops: 0, NonImmediateOops: No
[1,656s][debug][gc,nmethod  ] Register NMethod: sun.reflect.generics.factory.CoreReflectionFactory.<init> (0x00007943f77f3708) [0x00007943f77f3800, 0x00007943f77f3a48] Compiler: c1, Barriers: 6, Oops: 0, ImmediateOops: 0, NonImmediateOops: No
[1,656s][debug][gc,nmethod  ] Register NMethod: sun.reflect.generics.visitor.Reifier.make (0x00007943f77f3a88) [0x00007943f77f3b80, 0x00007943f77f3de8] Compiler: c1, Barriers: 3, Oops: 0, ImmediateOops: 0, NonImmediateOops: No
[1,656s][debug][gc,nmethod  ] Register NMethod: sun.reflect.generics.parser.SignatureParser.parseFieldTypeSignature (0x00007943f77f3e08) [0x00007943f77f3f00, 0x00007943f77f43c0] Compiler: c1, Barriers: 0, Oops: 0, ImmediateOops: 3, NonImmediateOops: No
[1,656s][debug][gc,nmethod  ] Register NMethod: sun.reflect.generics.factory.CoreReflectionFactory.make (0x00007943f77f4408) [0x00007943f77f4500, 0x00007943f77f47e0] Compiler: c1, Barriers: 6, Oops: 0, ImmediateOops: 0, NonImmediateOops: No
[1,656s][debug][gc,nmethod  ] Register NMethod: java.lang.PublicMethods$MethodList.merge (0x00007943f77f4808) [0x00007943f77f4900, 0x00007943f77f6820] Compiler: c1, Barriers: 25, Oops: 0, ImmediateOops: 0, NonImmediateOops: No
[1,656s][debug][gc,nmethod  ] Register NMethod: sun.reflect.generics.visitor.Reifier.<init> (0x00007943f77f6888) [0x00007943f77f6980, 0x00007943f77f6b50] Compiler: c1, Barriers: 3, Oops: 0, ImmediateOops: 0, NonImmediateOops: No
[1,656s][debug][gc,nmethod  ] Register NMethod: sun.reflect.generics.tree.ClassTypeSignature.accept (0x00007943f77f6b88) [0x00007943f77f6c80, 0x00007943f77f6e08] Compiler: c1, Barriers: 0, Oops: 0, ImmediateOops: 0, NonImmediateOops: No
[1,656s][debug][gc,nmethod  ] Register NMethod: sun.reflect.generics.factory.CoreReflectionFactory.makeNamedType (0x00007943f77f6e88) [0x00007943f77f6f80, 0x00007943f77f7230] Compiler: c1, Barriers: 0, Oops: 0, ImmediateOops: 0, NonImmediateOops: No
[1,657s][debug][gc,nmethod  ] Register NMethod: sun.reflect.generics.parser.SignatureParser.parseTypeSignature (0x00007943f77f7288) [0x00007943f77f7380, 0x00007943f77f77a0] Compiler: c1, Barriers: 0, Oops: 0, ImmediateOops: 0, NonImmediateOops: No
[1,657s][debug][gc,nmethod  ] Register NMethod: sun.reflect.generics.scope.ClassScope.make (0x00007943f77f7808) [0x00007943f77f7900, 0x00007943f77f7bc8] Compiler: c1, Barriers: 3, Oops: 0, ImmediateOops: 0, NonImmediateOops: No
[1,657s][debug][gc,nmethod  ] Register NMethod: sun.reflect.generics.factory.CoreReflectionFactory.getDeclsLoader (0x00007943f77f7c08) [0x00007943f77f7d00, 0x00007943f77f9338] Compiler: c1, Barriers: 6, Oops: 0, ImmediateOops: 0, NonImmediateOops: No
[1,657s][debug][gc,nmethod  ] Register NMethod: sun.reflect.generics.scope.ClassScope.<init> (0x00007943f77f9388) [0x00007943f77f9480, 0x00007943f77f96b0] Compiler: c1, Barriers: 3, Oops: 0, ImmediateOops: 0, NonImmediateOops: No
[1,657s][debug][gc,nmethod  ] Register NMethod: sun.reflect.generics.parser.SignatureParser.parseTypeSig (0x00007943f77f9708) [0x00007943f77f9800, 0x00007943f77f9a20] Compiler: c1, Barriers: 3, Oops: 0, ImmediateOops: 0, NonImmediateOops: No
[1,657s][debug][gc,nmethod  ] Register NMethod: java.lang.PublicMethods$MethodList.length (0x00007943f77f9a88) [0x00007943f77f9b80, 0x00007943f77f9d88] Compiler: c1, Barriers: 2, Oops: 0, ImmediateOops: 0, NonImmediateOops: No
[1,657s][debug][gc,nmethod  ] Register NMethod: sun.reflect.generics.visitor.Reifier.getResult (0x00007943f77f9e08) [0x00007943f77f9f00, 0x00007943f77fa040] Compiler: c1, Barriers: 1, Oops: 0, ImmediateOops: 0, NonImmediateOops: No
[1,657s][debug][gc,nmethod  ] Register NMethod: java.lang.PublicMethods$Key.<init> (0x00007943f77fa108) [0x00007943f77fa200, 0x00007943f77fa780] Compiler: c1, Barriers: 8, Oops: 1, ImmediateOops: 2, NonImmediateOops: No
[1,657s][debug][gc,nmethod  ] Register NMethod: java.lang.PublicMethods.merge (0x00007943f77fa808) [0x00007943f77fa900, 0x00007943f77fb9a0] Compiler: c1, Barriers: 14, Oops: 1, ImmediateOops: 2, NonImmediateOops: No
[1,657s][debug][gc,nmethod  ] Register NMethod: sun.reflect.annotation.AnnotationParser.toClass (0x00007943f77fba08) [0x00007943f77fbb00, 0x00007943f77fd8e0] Compiler: c1, Barriers: 2, Oops: 0, ImmediateOops: 0, NonImmediateOops: No
[1,657s][debug][gc,nmethod  ] Register NMethod: java.nio.Buffer.<init> (0x00007943f77fd908) [0x00007943f77fda00, 0x00007943f77ff3f8] Compiler: c1, Barriers: 3, Oops: 3, ImmediateOops: 4, NonImmediateOops: No
[1,657s][debug][gc,nmethod  ] Register NMethod: sun.reflect.annotation.AnnotationParser.parseSig (0x00007943f77ff488) [0x00007943f77ff580, 0x00007943f7802248] Compiler: c1, Barriers: 18, Oops: 0, ImmediateOops: 2, NonImmediateOops: No
[1,657s][debug][gc,director ] Rule Major: Warmup 10%, Used: 80MB, UsedThreshold: 1228MB
[1,657s][debug][gc,nmethod  ] Register NMethod: java.util.LinkedHashMap.<init> (0x00007943f7802288) [0x00007943f7802380, 0x00007943f78025b0] Compiler: c1, Barriers: 0, Oops: 0, ImmediateOops: 0, NonImmediateOops: No
[1,658s][debug][gc,nmethod  ] Register NMethod: sun.reflect.generics.visitor.Reifier.visitClassTypeSignature (0x00007943f7802608) [0x00007943f7802700, 0x00007943f7805f58] Compiler: c1, Barriers: 17, Oops: 0, ImmediateOops: 6, NonImmediateOops: No
[1,658s][debug][gc,nmethod  ] Register NMethod: sun.reflect.annotation.AnnotationParser.parseAnnotations (0x00007943f7805f88) [0x00007943f7806080, 0x00007943f78063a0] Compiler: c1, Barriers: 0, Oops: 0, ImmediateOops: 2, NonImmediateOops: No
[1,658s][debug][gc,nmethod  ] Register NMethod: jdk.internal.loader.AbstractClassLoaderValue$Sub.hashCode (0x00007943f7806408) [0x00007943f7806500, 0x00007943f7806d00] Compiler: c1, Barriers: 2, Oops: 0, ImmediateOops: 0, NonImmediateOops: No
[1,658s][debug][gc,nmethod  ] Register NMethod: org.junit.runners.model.FrameworkMethod.getName (0x00007943f7806d08) [0x00007943f7806e00, 0x00007943f7807140] Compiler: c1, Barriers: 2, Oops: 1, ImmediateOops: 0, NonImmediateOops: No
[1,658s][debug][gc,nmethod  ] Register NMethod: java.util.Collections$UnmodifiableCollection$1.hasNext (0x00007943f7807188) [0x00007943f7807280, 0x00007943f78075c8] Compiler: c1, Barriers: 1, Oops: 0, ImmediateOops: 0, NonImmediateOops: No
[1,658s][debug][gc,nmethod  ] Register NMethod: java.nio.ByteOrder.nativeOrder (0x00007943f7807608) [0x00007943f7807700, 0x00007943f78077e8] Compiler: c1, Barriers: 0, Oops: 0, ImmediateOops: 1, NonImmediateOops: No
[1,658s][debug][gc,nmethod  ] Register NMethod: java.lang.reflect.Constructor.newInstance (0x00007943f7807908) [0x00007943f7807a00, 0x00007943f7807de0] Compiler: c1, Barriers: 0, Oops: 0, ImmediateOops: 0, NonImmediateOops: No
[1,658s][debug][gc,nmethod  ] Register NMethod: java.lang.reflect.Constructor.newInstanceWithCaller (0x00007943f7807e08) [0x00007943f7807f00, 0x00007943f7808518] Compiler: c1, Barriers: 2, Oops: 0, ImmediateOops: 0, NonImmediateOops: No
[1,658s][debug][gc,nmethod  ] Register NMethod: org.junit.platform.commons.util.Preconditions.condition (0x00007943f7808588) [0x00007943f7808680, 0x00007943f7808860] Compiler: c1, Barriers: 0, Oops: 1, ImmediateOops: 0, NonImmediateOops: No
[1,659s][debug][gc,nmethod  ] Register NMethod: jdk.internal.reflect.DirectConstructorHandleAccessor.invokeImpl (0x00007943f7808888) [0x00007943f7808980, 0x00007943f780a7d0] Compiler: c1, Barriers: 20, Oops: 3, ImmediateOops: 6, NonImmediateOops: No
[1,659s][debug][gc,nmethod  ] Register NMethod: jdk.internal.reflect.DirectConstructorHandleAccessor.newInstance (0x00007943f780a808) [0x00007943f780a900, 0x00007943f780df40] Compiler: c1, Barriers: 20, Oops: 5, ImmediateOops: 12, NonImmediateOops: No
[1,659s][debug][gc,nmethod  ] Register NMethod: java.lang.reflect.Executable.getAnnotation (0x00007943f780df88) [0x00007943f780e080, 0x00007943f780ecb8] Compiler: c1, Barriers: 0, Oops: 0, ImmediateOops: 0, NonImmediateOops: No
[1,659s][debug][gc,nmethod  ] Register NMethod: java.lang.reflect.Method.getAnnotation (0x00007943f780ed08) [0x00007943f780ee00, 0x00007943f780faa0] Compiler: c1, Barriers: 0, Oops: 0, ImmediateOops: 0, NonImmediateOops: No
[1,661s][debug][gc,nmethod  ] Register NMethod: org.junit.runners.ParentRunner.getTestClass (0x0000794416c5ef88) [0x0000794416c5f080, 0x0000794416c5f168] Compiler: c1, Barriers: 1, Oops: 1, ImmediateOops: 0, NonImmediateOops: No
[1,661s][debug][gc,nmethod  ] Register NMethod: java.util.ArrayList.add (0x0000794416c5f288) [0x0000794416c5f380, 0x0000794416c5fab8] Compiler: jvmci, Barriers: 16, Oops: 0, ImmediateOops: 1, NonImmediateOops: No
[1,661s][debug][gc,nmethod  ] Register NMethod: org.junit.platform.commons.util.Preconditions.notNull (0x00007943f780fb08) [0x00007943f780fc00, 0x00007943f780fe90] Compiler: c1, Barriers: 0, Oops: 1, ImmediateOops: 0, NonImmediateOops: No
[1,661s][debug][gc,nmethod  ] Register NMethod: java.lang.Class.isAnnotation (0x00007943f780ff08) [0x00007943f7810000, 0x00007943f7810328] Compiler: c1, Barriers: 0, Oops: 0, ImmediateOops: 0, NonImmediateOops: No
[1,662s][debug][gc,nmethod  ] Register NMethod: org.junit.platform.commons.util.ReflectionUtils$$Lambda/0x00000000a917dfe0.test (0x00007943f7810388) [0x00007943f7810480, 0x00007943f78110d8] Compiler: c1, Barriers: 1, Oops: 1, ImmediateOops: 0, NonImmediateOops: No
[1,662s][debug][gc,nmethod  ] Register NMethod: java.nio.ByteBuffer.position (0x00007943f7811108) [0x00007943f7811200, 0x00007943f7811500] Compiler: c1, Barriers: 0, Oops: 0, ImmediateOops: 0, NonImmediateOops: No
[1,662s][debug][gc,nmethod  ] Register NMethod: java.nio.ByteBuffer.<init> (0x00007943f7811508) [0x00007943f7811600, 0x00007943f7811848] Compiler: c1, Barriers: 3, Oops: 0, ImmediateOops: 0, NonImmediateOops: No
[1,662s][debug][gc,nmethod  ] Register NMethod: jdk.internal.loader.AbstractClassLoaderValue.<init> (0x00007943f7811888) [0x00007943f7811980, 0x00007943f7811ad8] Compiler: c1, Barriers: 0, Oops: 0, ImmediateOops: 0, NonImmediateOops: No
[1,662s][debug][gc,nmethod  ] Register NMethod: java.util.LinkedHashMap.values (0x00007943f7811b88) [0x00007943f7811c80, 0x00007943f7811dc8] Compiler: c1, Barriers: 0, Oops: 0, ImmediateOops: 0, NonImmediateOops: No
[1,662s][debug][gc,nmethod  ] Register NMethod: java.util.Collections$EmptyIterator.hasNext (0x0000794416c5fb08) [0x0000794416c5fc00, 0x0000794416c5fcc0] Compiler: c1, Barriers: 0, Oops: 0, ImmediateOops: 0, NonImmediateOops: No
[1,662s][debug][gc,nmethod  ] Register NMethod: java.util.LinkedHashMap.sequencedValues (0x00007943f7811e88) [0x00007943f7811f80, 0x00007943f78125f0] Compiler: c1, Barriers: 7, Oops: 0, ImmediateOops: 0, NonImmediateOops: No
[1,662s][debug][gc,nmethod  ] Register NMethod: java.util.Collections$UnmodifiableCollection$1.next (0x00007943f7812608) [0x00007943f7812700, 0x00007943f7812a40] Compiler: c1, Barriers: 1, Oops: 0, ImmediateOops: 0, NonImmediateOops: No
[1,662s][debug][gc,nmethod  ] Register NMethod: java.lang.Module.implIsExportedOrOpen (0x00007943f7812a88) [0x00007943f7812b80, 0x00007943f7813e20] Compiler: c1, Barriers: 5, Oops: 0, ImmediateOops: 0, NonImmediateOops: No
[1,663s][debug][gc,nmethod  ] Register NMethod: java.lang.reflect.AccessibleObject.setAccessible0 (0x00007943f7813e88) [0x00007943f7813f80, 0x00007943f7814090] Compiler: c1, Barriers: 0, Oops: 0, ImmediateOops: 0, NonImmediateOops: No
[1,663s][debug][gc,nmethod  ] Register NMethod: java.lang.AbstractStringBuilder.<init> (0x00007943f7814188) [0x00007943f7814280, 0x00007943f78150e0] Compiler: c1, Barriers: 4, Oops: 0, ImmediateOops: 0, NonImmediateOops: No
[1,663s][debug][gc,nmethod  ] Register NMethod: java.lang.reflect.AccessibleObject.checkCanSetAccessible (0x00007943f7815108) [0x00007943f7815200, 0x00007943f7815338] Compiler: c1, Barriers: 0, Oops: 0, ImmediateOops: 0, NonImmediateOops: No
[1,663s][debug][gc,nmethod  ] Register NMethod: jdk.internal.loader.AbstractClassLoaderValue$Sub.<init> (0x00007943f7815408) [0x00007943f7815500, 0x00007943f7815900] Compiler: c1, Barriers: 6, Oops: 0, ImmediateOops: 0, NonImmediateOops: No
[1,663s][debug][gc,nmethod  ] Register NMethod: jdk.internal.loader.AbstractClassLoaderValue.sub (0x00007943f7815908) [0x00007943f7815a00, 0x00007943f7815dc8] Compiler: c1, Barriers: 6, Oops: 0, ImmediateOops: 0, NonImmediateOops: No
[1,663s][debug][gc,nmethod  ] Register NMethod: sun.reflect.annotation.AnnotationParser.toArray (0x00007943f7815e08) [0x00007943f7815f00, 0x00007943f7816610] Compiler: c1, Barriers: 0, Oops: 0, ImmediateOops: 1, NonImmediateOops: No
[1,664s][debug][gc,nmethod  ] Register NMethod: java.lang.reflect.Method.getDeclaredAnnotations (0x00007943f7816688) [0x00007943f7816780, 0x00007943f7816fa0] Compiler: c1, Barriers: 0, Oops: 0, ImmediateOops: 1, NonImmediateOops: No
[1,664s][debug][gc,nmethod  ] Register NMethod: jdk.internal.loader.AbstractClassLoaderValue.computeIfAbsent (0x00007943f7817008) [0x00007943f7817100, 0x00007943f7818988] Compiler: c1, Barriers: 9, Oops: 0, ImmediateOops: 2, NonImmediateOops: No
[1,664s][debug][gc,nmethod  ] Register NMethod: sun.reflect.annotation.AnnotationParser.parseAnnotation2 (0x00007943f7818a08) [0x00007943f7818b00, 0x00007943f781b278] Compiler: c1, Barriers: 5, Oops: 1, ImmediateOops: 2, NonImmediateOops: No
[1,664s][debug][gc,nmethod  ] Register NMethod: java.lang.reflect.Executable.getDeclaredAnnotations (0x00007943f781b288) [0x00007943f781b380, 0x00007943f781bb40] Compiler: c1, Barriers: 0, Oops: 0, ImmediateOops: 1, NonImmediateOops: No
[1,664s][debug][gc,nmethod  ] Register NMethod: java.lang.reflect.AccessibleObject.checkCanSetAccessible (0x00007943f781bb88) [0x00007943f781bc80, 0x00007943f781e598] Compiler: c1, Barriers: 3, Oops: 0, ImmediateOops: 3, NonImmediateOops: No
[1,664s][debug][gc,nmethod  ] Register NMethod: java.util.TimSort.binarySort (0x00007943f781e608) [0x00007943f781e700, 0x00007943f781f748] Compiler: c1, Barriers: 13, Oops: 0, ImmediateOops: 0, NonImmediateOops: No
[1,664s][debug][gc,nmethod  ] Register NMethod: java.lang.reflect.AccessibleObject.getAnnotations (0x00007943f781f788) [0x00007943f781f880, 0x00007943f781fb80] Compiler: c1, Barriers: 0, Oops: 0, ImmediateOops: 0, NonImmediateOops: No
[1,668s][debug][gc,director ] Rule Major: Warmup 10%, Used: 82MB, UsedThreshold: 1228MB
[1,668s][debug][gc,nmethod  ] Register NMethod: java.util.Properties.loadConvert (0x00007943f781fb88) [0x00007943f781fc80, 0x00007943f7821af0] Compiler: c1, Barriers: 0, Oops: 0, ImmediateOops: 3, NonImmediateOops: No
[1,668s][debug][gc,nmethod  ] Register NMethod: java.util.Objects.hash (0x00007943f7821b08) [0x00007943f7821c00, 0x00007943f7821dc0] Compiler: c1, Barriers: 0, Oops: 0, ImmediateOops: 0, NonImmediateOops: No
[1,668s][debug][gc,nmethod  ] Register NMethod: java.lang.invoke.MethodHandle.linkToStatic (0x0000794416c5fe08) [0x0000794416c5ff00, 0x0000794416c5fff0] Compiler: , Barriers: 0, Oops: 0, ImmediateOops: 0, NonImmediateOops: No
[1,669s][debug][gc,nmethod  ] Register NMethod: jdk.internal.constant.ClassOrInterfaceDescImpl.internalName (0x00007943f7821e08) [0x00007943f7821f00, 0x00007943f7822820] Compiler: c1, Barriers: 6, Oops: 0, ImmediateOops: 0, NonImmediateOops: No
[1,670s][debug][gc,nmethod  ] Register NMethod: java.lang.AbstractStringBuilder.append (0x0000794416c60108) [0x0000794416c60200, 0x0000794416c60a08] Compiler: jvmci, Barriers: 4, Oops: 0, ImmediateOops: 0, NonImmediateOops: No
[1,670s][debug][gc,nmethod  ] Register NMethod: jdk.internal.classfile.impl.DirectCodeBuilder.return_ (0x00007943f7822888) [0x00007943f7822980, 0x00007943f7822cc8] Compiler: c1, Barriers: 1, Oops: 0, ImmediateOops: 0, NonImmediateOops: No
[1,672s][debug][gc,nmethod  ] Register NMethod: java.util.ArrayList.indexOf (0x00007943f7822d08) [0x00007943f7822e00, 0x00007943f7822f50] Compiler: c1, Barriers: 0, Oops: 0, ImmediateOops: 0, NonImmediateOops: No
[1,672s][debug][gc,nmethod  ] Register NMethod: java.util.ArrayList.indexOfRange (0x00007943f7823008) [0x00007943f7823100, 0x00007943f7823738] Compiler: c1, Barriers: 3, Oops: 0, ImmediateOops: 0, NonImmediateOops: No
[1,672s][debug][gc,nmethod  ] Register NMethod: java.lang.String.<init> (0x00007943f7823788) [0x00007943f7823880, 0x00007943f7824440] Compiler: c1, Barriers: 10, Oops: 0, ImmediateOops: 0, NonImmediateOops: No
[1,672s][debug][gc,nmethod  ] Register NMethod: java.util.ArrayList.contains (0x00007943f7824488) [0x00007943f7824580, 0x00007943f7824798] Compiler: c1, Barriers: 0, Oops: 0, ImmediateOops: 0, NonImmediateOops: No
[1,672s][debug][gc,nmethod  ] Register NMethod: jdk.internal.classfile.impl.StackMapGenerator.processFieldInstructions (0x00007943f7824808) [0x00007943f7824900, 0x00007943f78284b8] Compiler: c1, Barriers: 10, Oops: 2, ImmediateOops: 13, NonImmediateOops: No
[1,672s][debug][gc,nmethod  ] Register NMethod: junit.framework.TestSuite.isPublicTestMethod (0x00007943f7828508) [0x00007943f7828600, 0x00007943f7828a48] Compiler: c1, Barriers: 0, Oops: 1, ImmediateOops: 0, NonImmediateOops: No
[1,673s][debug][gc,nmethod  ] Register NMethod: java.lang.AbstractStringBuilder.isLatin1 (0x0000794416c60a88) [0x0000794416c60b80, 0x0000794416c60c10] Compiler: jvmci, Barriers: 0, Oops: 0, ImmediateOops: 0, NonImmediateOops: No
[1,673s][debug][gc,nmethod  ] Register NMethod: java.lang.invoke.LambdaForm$MH/0x00000000a9085000.invoke (0x00007943f7828a88) [0x00007943f7828b80, 0x00007943f78296e0] Compiler: c1, Barriers: 2, Oops: 1, ImmediateOops: 0, NonImmediateOops: No
[1,673s][debug][gc,nmethod  ] Register NMethod: org.junit.runners.model.FrameworkMethod.getAnnotations (0x00007943f7829708) [0x00007943f7829800, 0x00007943f782a2d8] Compiler: c1, Barriers: 1, Oops: 1, ImmediateOops: 1, NonImmediateOops: No
[1,673s][debug][gc,nmethod  ] Register NMethod: java.util.ArrayList.addAll (0x00007943f782a308) [0x00007943f782a400, 0x00007943f782a9a0] Compiler: c1, Barriers: 1, Oops: 0, ImmediateOops: 0, NonImmediateOops: No
[1,673s][debug][gc,nmethod  ] Register NMethod: junit.framework.TestSuite.addTestMethod (0x00007943f782aa08) [0x00007943f782ab00, 0x00007943f782dcb8] Compiler: c1, Barriers: 12, Oops: 4, ImmediateOops: 5, NonImmediateOops: No
[1,674s][debug][gc,nmethod  ] Register NMethod: java.lang.Class.getDeclaredMethods0 (0x0000794416c60d88) [0x0000794416c60e80, 0x0000794416c611a0] Compiler: , Barriers: 0, Oops: 0, ImmediateOops: 0, NonImmediateOops: No
[1,674s][debug][gc,nmethod  ] Register NMethod: java.nio.ByteBuffer.limit (0x00007943f782dd08) [0x00007943f782de00, 0x00007943f782e100] Compiler: c1, Barriers: 0, Oops: 0, ImmediateOops: 0, NonImmediateOops: No
[1,674s][debug][gc,nmethod  ] Register NMethod: java.lang.reflect.Method.checkCanSetAccessible (0x00007943f782e108) [0x00007943f782e200, 0x00007943f782e598] Compiler: c1, Barriers: 1, Oops: 0, ImmediateOops: 0, NonImmediateOops: No
[1,674s][debug][gc,nmethod  ] Register NMethod: java.lang.reflect.Method.setAccessible (0x00007943f782e608) [0x00007943f782e700, 0x00007943f782ef50] Compiler: c1, Barriers: 1, Oops: 0, ImmediateOops: 0, NonImmediateOops: No
[1,674s][debug][gc,nmethod  ] Register NMethod: org.junit.runners.model.TestClass$MethodComparator.compare (0x00007943f782ef88) [0x00007943f782f080, 0x00007943f782f928] Compiler: c1, Barriers: 2, Oops: 2, ImmediateOops: 1, NonImmediateOops: No
[1,674s][debug][gc,nmethod  ] Register NMethod: java.util.LinkedHashMap$LinkedValues.toArray (0x00007943f782f988) [0x00007943f782fa80, 0x00007943f782ffb8] Compiler: c1, Barriers: 1, Oops: 0, ImmediateOops: 0, NonImmediateOops: No
[1,674s][debug][gc,nmethod  ] Register NMethod: java.util.ArrayList.toArray (0x00007943f7830008) [0x00007943f7830100, 0x00007943f78304e0] Compiler: c1, Barriers: 2, Oops: 0, ImmediateOops: 0, NonImmediateOops: No
[1,675s][debug][gc,nmethod  ] Register NMethod: java.util.HashMap.prepareArray (0x00007943f7830508) [0x00007943f7830600, 0x00007943f78310f8] Compiler: c1, Barriers: 5, Oops: 0, ImmediateOops: 0, NonImmediateOops: No
[1,675s][debug][gc,nmethod  ] Register NMethod: org.junit.runners.model.TestClass$MethodComparator.compare (0x00007943f7831108) [0x00007943f7831200, 0x00007943f7832270] Compiler: c1, Barriers: 4, Oops: 2, ImmediateOops: 1, NonImmediateOops: No
[1,675s][debug][gc,nmethod  ] Register NMethod: java.lang.Class.annotationData (0x00007943f7832288) [0x00007943f7832380, 0x00007943f7832668] Compiler: c1, Barriers: 1, Oops: 0, ImmediateOops: 0, NonImmediateOops: No
[1,675s][debug][gc,nmethod  ] Register NMethod: java.util.LinkedHashMap.valuesToArray (0x00007943f7832688) [0x00007943f7832780, 0x00007943f78330e8] Compiler: c1, Barriers: 12, Oops: 0, ImmediateOops: 0, NonImmediateOops: No
[1,676s][debug][gc,nmethod  ] Register NMethod: org.junit.runners.model.FrameworkMethod.getModifiers (0x00007943f7833108) [0x00007943f7833200, 0x00007943f7833510] Compiler: c1, Barriers: 1, Oops: 1, ImmediateOops: 0, NonImmediateOops: No
[1,676s][debug][gc,nmethod  ] Register NMethod: java.lang.reflect.Proxy.newProxyInstance (0x00007943f7833588) [0x00007943f7833680, 0x00007943f7833918] Compiler: c1, Barriers: 0, Oops: 0, ImmediateOops: 0, NonImmediateOops: No
[1,676s][debug][gc,nmethod  ] Register NMethod: java.lang.reflect.Proxy.<init> (0x00007943f7833988) [0x00007943f7833a80, 0x00007943f7833da0] Compiler: c1, Barriers: 3, Oops: 0, ImmediateOops: 0, NonImmediateOops: No
[1,676s][debug][gc,nmethod  ] Register NMethod: java.lang.reflect.Proxy.newProxyInstance (0x00007943f7833e08) [0x00007943f7833f00, 0x00007943f7835450] Compiler: c1, Barriers: 3, Oops: 0, ImmediateOops: 0, NonImmediateOops: No
[1,676s][debug][gc,nmethod  ] Register NMethod: java.util.Collections$UnmodifiableMap.get (0x00007943f7835488) [0x00007943f7835580, 0x00007943f78358c0] Compiler: c1, Barriers: 1, Oops: 0, ImmediateOops: 0, NonImmediateOops: No
[1,676s][debug][gc,nmethod  ] Register NMethod: java.lang.invoke.Invokers$Holder.linkToTargetMethod (0x0000794416c61208) [0x0000794416c61300, 0x0000794416c613f0] Compiler: jvmci, Barriers: 0, Oops: 0, ImmediateOops: 0, NonImmediateOops: No
[1,676s][debug][gc,nmethod  ] Register NMethod: java.lang.reflect.Proxy.getProxyConstructor (0x00007943f7835908) [0x00007943f7835a00, 0x00007943f78376d8] Compiler: c1, Barriers: 16, Oops: 3, ImmediateOops: 8, NonImmediateOops: No
[1,676s][debug][gc,nmethod  ] Register NMethod: java.util.List.of (0x00007943f7837708) [0x00007943f7837800, 0x00007943f7837d50] Compiler: c1, Barriers: 6, Oops: 0, ImmediateOops: 1, NonImmediateOops: No
[1,676s][debug][gc,nmethod  ] Register NMethod: java.util.stream.Sink.end (0x0000794416c61508) [0x0000794416c61600, 0x0000794416c61680] Compiler: jvmci, Barriers: 0, Oops: 0, ImmediateOops: 0, NonImmediateOops: No
[1,676s][debug][gc,nmethod  ] Register NMethod: jdk.internal.classfile.impl.StackCounter.maxStack (0x0000794416c61808) [0x0000794416c61900, 0x0000794416c619c0] Compiler: c1, Barriers: 0, Oops: 0, ImmediateOops: 0, NonImmediateOops: No
[1,676s][debug][gc,nmethod  ] Register NMethod: jdk.internal.classfile.impl.StackCounter.maxLocals (0x0000794416c61b08) [0x0000794416c61c00, 0x0000794416c61cc0] Compiler: c1, Barriers: 0, Oops: 0, ImmediateOops: 0, NonImmediateOops: No
[1,676s][debug][gc,nmethod  ] Register NMethod: jdk.internal.constant.ConstantUtils.referenceClassDesc (0x00007943f7837d88) [0x00007943f7837e80, 0x00007943f7838ac0] Compiler: c1, Barriers: 2, Oops: 1, ImmediateOops: 2, NonImmediateOops: No
[1,677s][debug][gc,nmethod  ] Register NMethod: java.lang.reflect.Constructor.getModifiers (0x0000794416c61e08) [0x0000794416c61f00, 0x0000794416c61fc0] Compiler: c1, Barriers: 0, Oops: 0, ImmediateOops: 0, NonImmediateOops: No
[1,678s][debug][gc,director ] Rule Major: Warmup 10%, Used: 82MB, UsedThreshold: 1228MB
[1,678s][debug][gc,nmethod  ] Register NMethod: java.nio.ByteBuffer.wrap (0x00007943f7838b08) [0x00007943f7838c00, 0x00007943f7838d20] Compiler: c1, Barriers: 0, Oops: 0, ImmediateOops: 0, NonImmediateOops: No
[1,678s][debug][gc,nmethod  ] Register NMethod: org.junit.runners.model.FrameworkMember.isPublic (0x00007943f7838e08) [0x00007943f7838f00, 0x00007943f78392a8] Compiler: c1, Barriers: 0, Oops: 1, ImmediateOops: 0, NonImmediateOops: No
[1,678s][debug][gc,nmethod  ] Register NMethod: java.nio.ByteBuffer.wrap (0x00007943f7839308) [0x00007943f7839400, 0x00007943f7839670] Compiler: c1, Barriers: 0, Oops: 0, ImmediateOops: 0, NonImmediateOops: No
[1,678s][debug][gc,nmethod  ] Register NMethod: java.nio.HeapByteBuffer.<init> (0x00007943f7839688) [0x00007943f7839780, 0x00007943f78398f8] Compiler: c1, Barriers: 0, Oops: 0, ImmediateOops: 0, NonImmediateOops: No
[1,678s][debug][gc,nmethod  ] Register NMethod: org.junit.runners.model.FrameworkMethod.isShadowedBy (0x00007943f7839988) [0x00007943f7839a80, 0x00007943f7839dd0] Compiler: c1, Barriers: 0, Oops: 1, ImmediateOops: 0, NonImmediateOops: No
[1,678s][debug][gc,nmethod  ] Register NMethod: java.util.HashMap$EntryIterator.<init> (0x00007943f7839e08) [0x00007943f7839f00, 0x00007943f783a180] Compiler: c1, Barriers: 0, Oops: 0, ImmediateOops: 0, NonImmediateOops: No
[1,678s][debug][gc,nmethod  ] Register NMethod: java.util.HashMap.entrySet (0x00007943f783a188) [0x00007943f783a280, 0x00007943f783a748] Compiler: c1, Barriers: 7, Oops: 0, ImmediateOops: 0, NonImmediateOops: No
[1,678s][debug][gc,nmethod  ] Register NMethod: java.util.HashMap$EntrySet.iterator (0x00007943f783a788) [0x00007943f783a880, 0x00007943f783ac00] Compiler: c1, Barriers: 1, Oops: 0, ImmediateOops: 0, NonImmediateOops: No
[1,679s][debug][gc,nmethod  ] Register NMethod: sun.reflect.annotation.AnnotationInvocationHandler.<init> (0x00007943f783ac08) [0x00007943f783ad00, 0x00007943f783c580] Compiler: c1, Barriers: 8, Oops: 1, ImmediateOops: 3, NonImmediateOops: No
[1,679s][debug][gc,nmethod  ] Register NMethod: org.junit.runners.model.FrameworkMethod.isShadowedBy (0x00007943f783c608) [0x00007943f783c700, 0x00007943f783f808] Compiler: c1, Barriers: 16, Oops: 1, ImmediateOops: 0, NonImmediateOops: No
[1,679s][debug][gc,nmethod  ] Register NMethod: jdk.internal.loader.AbstractClassLoaderValue$Sub.equals (0x00007943f783f888) [0x00007943f783f980, 0x00007943f7840940] Compiler: c1, Barriers: 4, Oops: 0, ImmediateOops: 0, NonImmediateOops: No
[1,679s][debug][gc,nmethod  ] Register NMethod: java.lang.CharacterDataLatin1.isUpperCase (0x00007943f7840988) [0x00007943f7840a80, 0x00007943f7840e18] Compiler: c1, Barriers: 0, Oops: 0, ImmediateOops: 1, NonImmediateOops: No
[1,679s][debug][gc,nmethod  ] Register NMethod: java.lang.CharacterDataLatin1.getPropertiesEx (0x00007943f7840e88) [0x00007943f7840f80, 0x00007943f78410b0] Compiler: c1, Barriers: 0, Oops: 0, ImmediateOops: 1, NonImmediateOops: No
[1,679s][debug][gc,nmethod  ] Register NMethod: org.junit.runners.model.TestClass.getAnnotatedMembers (0x00007943f7841188) [0x00007943f7841280, 0x00007943f7841f00] Compiler: c1, Barriers: 3, Oops: 1, ImmediateOops: 2, NonImmediateOops: No
[1,679s][debug][gc,nmethod  ] Register NMethod: java.util.Formatter$FormatSpecifier.index (0x0000794416c62108) [0x0000794416c62200, 0x0000794416c622c0] Compiler: c1, Barriers: 0, Oops: 0, ImmediateOops: 0, NonImmediateOops: No
[1,679s][debug][gc,nmethod  ] Register NMethod: java.util.Formatter$Flags.contains (0x00007943f7841f88) [0x00007943f7842080, 0x00007943f78421b0] Compiler: c1, Barriers: 0, Oops: 0, ImmediateOops: 0, NonImmediateOops: No
[1,679s][debug][gc,nmethod  ] Register NMethod: java.util.Formatter$FixedString.index (0x0000794416c62408) [0x0000794416c62500, 0x0000794416c625c0] Compiler: c1, Barriers: 0, Oops: 0, ImmediateOops: 0, NonImmediateOops: No
[1,679s][debug][gc,nmethod  ] Register NMethod: java.util.Collections$EmptyMap.get (0x0000794416c62708) [0x0000794416c62800, 0x0000794416c628c8] Compiler: c1, Barriers: 0, Oops: 0, ImmediateOops: 0, NonImmediateOops: No
[1,680s][debug][gc,nmethod  ] Register NMethod: java.lang.reflect.Method.hashCode (0x00007943f7842288) [0x00007943f7842380, 0x00007943f7842f90] Compiler: c1, Barriers: 3, Oops: 0, ImmediateOops: 0, NonImmediateOops: No
[1,680s][debug][gc,nmethod  ] Register NMethod: java.util.Collections.emptySet (0x00007943f7843008) [0x00007943f7843100, 0x00007943f78431e8] Compiler: c1, Barriers: 0, Oops: 0, ImmediateOops: 1, NonImmediateOops: No
[1,680s][debug][gc,nmethod  ] Register NMethod: java.lang.Class.getName (0x0000794416c62a08) [0x0000794416c62b00, 0x0000794416c62c08] Compiler: jvmci, Barriers: 1, Oops: 0, ImmediateOops: 0, NonImmediateOops: No
[1,680s][debug][gc,nmethod  ] Register NMethod: org.junit.runners.model.FrameworkMethod.hashCode (0x00007943f7843308) [0x00007943f7843400, 0x00007943f7844268] Compiler: c1, Barriers: 4, Oops: 1, ImmediateOops: 0, NonImmediateOops: No
[1,680s][debug][gc,nmethod  ] Register NMethod: java.util.Arrays$ArrayItr.hasNext (0x00007943f7844288) [0x00007943f7844380, 0x00007943f7844510] Compiler: c1, Barriers: 1, Oops: 0, ImmediateOops: 0, NonImmediateOops: No
[1,681s][debug][gc,nmethod  ] Register NMethod: java.lang.String.isLatin1 (0x0000794416c62d08) [0x0000794416c62e00, 0x0000794416c62e90] Compiler: jvmci, Barriers: 0, Oops: 0, ImmediateOops: 0, NonImmediateOops: No
[1,682s][debug][gc,nmethod  ] Register NMethod: org.junit.runners.model.FrameworkMember.<init> (0x00007943f7844588) [0x00007943f7844680, 0x00007943f78447d8] Compiler: c1, Barriers: 0, Oops: 1, ImmediateOops: 0, NonImmediateOops: No
[1,682s][debug][gc,nmethod  ] Register NMethod: org.junit.runners.model.TestClass.addToAnnotationLists (0x00007943f7844888) [0x00007943f7844980, 0x00007943f7845c28] Compiler: c1, Barriers: 1, Oops: 3, ImmediateOops: 2, NonImmediateOops: No
[1,682s][debug][gc,nmethod  ] Register NMethod: java.lang.ClassLoader.createOrGetClassLoaderValueMap (0x00007943f7845c88) [0x00007943f7845d80, 0x00007943f7846130] Compiler: c1, Barriers: 2, Oops: 0, ImmediateOops: 1, NonImmediateOops: No
[1,683s][debug][gc,nmethod  ] Register NMethod: org.junit.runners.model.FrameworkMethod.<init> (0x00007943f7846188) [0x00007943f7846280, 0x00007943f7847450] Compiler: c1, Barriers: 4, Oops: 1, ImmediateOops: 1, NonImmediateOops: No
[1,683s][debug][gc,nmethod  ] Register NMethod: java.lang.Class.getAnnotation (0x00007943f7847488) [0x00007943f7847580, 0x00007943f7847c68] Compiler: c1, Barriers: 1, Oops: 0, ImmediateOops: 0, NonImmediateOops: No
[1,683s][debug][gc,nmethod  ] Register NMethod: org.junit.runners.model.TestClass.getJavaClass (0x0000794416c63008) [0x0000794416c63100, 0x0000794416c631e8] Compiler: c1, Barriers: 1, Oops: 1, ImmediateOops: 0, NonImmediateOops: No
[1,683s][debug][gc,nmethod  ] Register NMethod: java.lang.invoke.MethodHandle.invokeBasic (0x0000794416c63308) [0x0000794416c63400, 0x0000794416c63698] Compiler: , Barriers: 0, Oops: 0, ImmediateOops: 0, NonImmediateOops: No
[1,683s][debug][gc,nmethod  ] Register NMethod: java.lang.invoke.VarHandleGuards.guard_LLL_Z (0x00007943f7847c88) [0x00007943f7847d80, 0x00007943f784ac80] Compiler: c1, Barriers: 28, Oops: 0, ImmediateOops: 2, NonImmediateOops: No
[1,685s][debug][gc,nmethod  ] Register NMethod: java.util.Collections$UnmodifiableCollection.iterator (0x00007943f784ac88) [0x00007943f784ad80, 0x00007943f784b330] Compiler: c1, Barriers: 7, Oops: 0, ImmediateOops: 0, NonImmediateOops: No
[1,685s][debug][gc,nmethod  ] Register NMethod: java.util.Collections$UnmodifiableCollection$1.<init> (0x00007943f784b388) [0x00007943f784b480, 0x00007943f784ba60] Compiler: c1, Barriers: 7, Oops: 0, ImmediateOops: 0, NonImmediateOops: No
[1,686s][debug][gc,nmethod  ] Register NMethod: java.lang.invoke.MethodHandle.linkToStatic (0x0000794416c63708) [0x0000794416c63800, 0x0000794416c638f0] Compiler: , Barriers: 0, Oops: 0, ImmediateOops: 0, NonImmediateOops: No
[1,686s][debug][gc,nmethod  ] Register NMethod: jdk.internal.classfile.impl.DirectCodeBuilder.parameterSlot (0x00007943f784ba88) [0x00007943f784bb80, 0x00007943f784bd38] Compiler: c1, Barriers: 1, Oops: 0, ImmediateOops: 0, NonImmediateOops: No
[1,686s][debug][gc,nmethod  ] Register NMethod: jdk.internal.classfile.impl.DirectMethodBuilder.parameterSlot (0x00007943f784bd88) [0x00007943f784be80, 0x00007943f784cc00] Compiler: c1, Barriers: 6, Oops: 0, ImmediateOops: 0, NonImmediateOops: No
[1,686s][debug][gc,nmethod  ] Register NMethod: java.lang.invoke.InnerClassLambdaMetafactory.argName (0x00007943f784cc08) [0x00007943f784cd00, 0x00007943f784d990] Compiler: c1, Barriers: 1, Oops: 1, ImmediateOops: 3, NonImmediateOops: No
[1,687s][debug][gc,nmethod  ] Register NMethod: java.lang.Byte.hashCode (0x00007943f784da08) [0x00007943f784db00, 0x00007943f784dbe0] Compiler: c1, Barriers: 0, Oops: 0, ImmediateOops: 0, NonImmediateOops: No
[1,687s][debug][gc,nmethod  ] Register NMethod: java.lang.Byte.hashCode (0x00007943f784dd08) [0x00007943f784de00, 0x00007943f784df58] Compiler: c1, Barriers: 0, Oops: 0, ImmediateOops: 0, NonImmediateOops: No
[1,687s][debug][gc,nmethod  ] Register NMethod: java.lang.Byte.<init> (0x00007943f784e008) [0x00007943f784e100, 0x00007943f784e2c0] Compiler: c1, Barriers: 0, Oops: 0, ImmediateOops: 0, NonImmediateOops: No
[1,688s][debug][gc,nmethod  ] Register NMethod: java.lang.invoke.MemberName.<init> (0x00007943f784e308) [0x00007943f784e400, 0x00007943f7850308] Compiler: c1, Barriers: 0, Oops: 4, ImmediateOops: 6, NonImmediateOops: No
[1,688s][debug][gc,nmethod  ] Register NMethod: java.lang.invoke.MemberName.hashCode (0x00007943f7850388) [0x00007943f7850480, 0x00007943f7851ea0] Compiler: c1, Barriers: 14, Oops: 0, ImmediateOops: 0, NonImmediateOops: No
[1,688s][debug][gc,director ] Rule Major: Warmup 10%, Used: 84MB, UsedThreshold: 1228MB
[1,689s][debug][gc,nmethod  ] Register NMethod: jdk.internal.classfile.impl.AbstractPoolEntry$Utf8EntryImpl.equalsString (0x00007943f7851f08) [0x00007943f7852000, 0x00007943f7854cd0] Compiler: c1, Barriers: 23, Oops: 1, ImmediateOops: 8, NonImmediateOops: No
[1,689s][debug][gc,nmethod  ] Register NMethod: java.util.concurrent.ConcurrentHashMap.putIfAbsent (0x0000794416c63a08) [0x0000794416c63b00, 0x0000794416c66288] Compiler: jvmci, Barriers: 92, Oops: 0, ImmediateOops: 0, NonImmediateOops: No
[1,689s][debug][gc,nmethod  ] Register NMethod: jdk.internal.classfile.impl.BufWriterImpl.<init> (0x00007943f7854d08) [0x00007943f7854e00, 0x00007943f7854f48] Compiler: c1, Barriers: 0, Oops: 0, ImmediateOops: 0, NonImmediateOops: No
[1,691s][debug][gc,nmethod  ] Register NMethod: java.lang.invoke.MethodHandle.linkToStatic (0x0000794416c66308) [0x0000794416c66400, 0x0000794416c664f0] Compiler: , Barriers: 0, Oops: 0, ImmediateOops: 0, NonImmediateOops: No
[1,692s][debug][gc,nmethod  ] Register NMethod: jdk.internal.classfile.impl.AbstractPoolEntry$FieldRefEntryImpl.<init> (0x00007943f7855008) [0x00007943f7855100, 0x00007943f7855250] Compiler: c1, Barriers: 0, Oops: 0, ImmediateOops: 0, NonImmediateOops: No
[1,692s][debug][gc,nmethod  ] Register NMethod: java.util.LinkedHashMap.newNode (0x00007943f7855308) [0x00007943f7855400, 0x00007943f78555e8] Compiler: c1, Barriers: 0, Oops: 0, ImmediateOops: 0, NonImmediateOops: No
[1,692s][debug][gc,nmethod  ] Register NMethod: java.util.LinkedHashMap.get (0x00007943f7855608) [0x00007943f7855700, 0x00007943f7855cc0] Compiler: c1, Barriers: 1, Oops: 0, ImmediateOops: 0, NonImmediateOops: No
[1,692s][debug][gc,nmethod  ] Register NMethod: java.util.stream.SortedOps$SizedRefSortingSink.accept (0x00007943f7855d08) [0x00007943f7855e00, 0x00007943f7856208] Compiler: c1, Barriers: 4, Oops: 0, ImmediateOops: 0, NonImmediateOops: No
[1,692s][debug][gc,nmethod  ] Register NMethod: java.util.LinkedHashMap.afterNodeInsertion (0x00007943f7856288) [0x00007943f7856380, 0x00007943f7856c60] Compiler: c1, Barriers: 2, Oops: 0, ImmediateOops: 0, NonImmediateOops: No
[1,693s][debug][gc,nmethod  ] Register NMethod: java.util.stream.Collectors$$Lambda/0x00000000a9114970.accept (0x00007943f7856c88) [0x00007943f7856d80, 0x00007943f78572a8] Compiler: c1, Barriers: 0, Oops: 0, ImmediateOops: 0, NonImmediateOops: No
[1,693s][debug][gc,nmethod  ] Register NMethod: java.util.jar.JarFile.isMultiRelease (0x0000794416c66608) [0x0000794416c66700, 0x0000794416c67090] Compiler: jvmci, Barriers: 7, Oops: 2, ImmediateOops: 8, NonImmediateOops: No
[1,693s][debug][gc,nmethod  ] Register NMethod: java.util.ArrayList$ArrayListSpliterator.characteristics (0x0000794416c67108) [0x0000794416c67200, 0x0000794416c672c0] Compiler: c1, Barriers: 0, Oops: 0, ImmediateOops: 0, NonImmediateOops: No
[1,693s][debug][gc,nmethod  ] Register NMethod: java.util.ArrayList$ArrayListSpliterator.getFence (0x00007943f7857308) [0x00007943f7857400, 0x00007943f7857570] Compiler: c1, Barriers: 1, Oops: 0, ImmediateOops: 0, NonImmediateOops: No
[1,693s][debug][gc,nmethod  ] Register NMethod: java.util.stream.MatchOps$BooleanTerminalSink.cancellationRequested (0x0000794416c67408) [0x0000794416c67500, 0x0000794416c675c0] Compiler: c1, Barriers: 0, Oops: 0, ImmediateOops: 0, NonImmediateOops: No
[1,693s][debug][gc,nmethod  ] Register NMethod: java.util.stream.MatchOps$1MatchSink.accept (0x00007943f7857608) [0x00007943f7857700, 0x00007943f7857af0] Compiler: c1, Barriers: 2, Oops: 0, ImmediateOops: 0, NonImmediateOops: No
[1,693s][debug][gc,nmethod  ] Register NMethod: java.util.ArrayList$ArrayListSpliterator.tryAdvance (0x00007943f7857b08) [0x00007943f7857c00, 0x00007943f78582e8] Compiler: c1, Barriers: 5, Oops: 0, ImmediateOops: 0, NonImmediateOops: No
[1,694s][debug][gc,nmethod  ] Register NMethod: org.junit.platform.commons.util.ReflectionUtils.isMethodShadowedBy (0x00007943f7858308) [0x00007943f7858400, 0x00007943f7858dd8] Compiler: c1, Barriers: 2, Oops: 1, ImmediateOops: 0, NonImmediateOops: No
[1,694s][debug][gc,nmethod  ] Register NMethod: org.junit.platform.commons.util.ReflectionUtils.lambda$isMethodShadowedByLocalMethods$34 (0x00007943f7858e08) [0x00007943f7858f00, 0x00007943f7859938] Compiler: c1, Barriers: 2, Oops: 1, ImmediateOops: 0, NonImmediateOops: No
[1,694s][debug][gc,nmethod  ] Register NMethod: org.junit.platform.commons.util.ReflectionUtils$$Lambda/0x00000000a9194f80.test (0x00007943f7859988) [0x00007943f7859a80, 0x00007943f785a778] Compiler: c1, Barriers: 3, Oops: 1, ImmediateOops: 0, NonImmediateOops: No
[1,694s][debug][gc,nmethod  ] Register NMethod: org.junit.platform.commons.util.ReflectionUtils.hasCompatibleSignature (0x00007943f785a788) [0x00007943f785a880, 0x00007943f785c250] Compiler: c1, Barriers: 5, Oops: 1, ImmediateOops: 0, NonImmediateOops: No
[1,694s][debug][gc,nmethod  ] Register NMethod: java.lang.Boolean.booleanValue (0x0000794416c67708) [0x0000794416c67800, 0x0000794416c678c0] Compiler: c1, Barriers: 0, Oops: 0, ImmediateOops: 0, NonImmediateOops: No
[1,694s][debug][gc,nmethod  ] Register NMethod: java.util.Collection.stream (0x00007943f785c288) [0x00007943f785c380, 0x00007943f785c6b8] Compiler: c1, Barriers: 0, Oops: 0, ImmediateOops: 0, NonImmediateOops: No
[1,695s][debug][gc,nmethod  ] Register NMethod: java.util.stream.Collectors$$Lambda/0x00000000a9110638.accept (0x00007943f785c708) [0x00007943f785c800, 0x00007943f785cff0] Compiler: c1, Barriers: 4, Oops: 0, ImmediateOops: 0, NonImmediateOops: No
[1,695s][debug][gc,nmethod  ] Register NMethod: java.lang.Class.copyMethods (0x00007943f785d008) [0x00007943f785d100, 0x00007943f785db48] Compiler: c1, Barriers: 9, Oops: 0, ImmediateOops: 4, NonImmediateOops: No
[1,695s][debug][gc,nmethod  ] Register NMethod: java.util.stream.Sink.begin (0x00007943f785db88) [0x00007943f785dc80, 0x00007943f785dd80] Compiler: c1, Barriers: 0, Oops: 0, ImmediateOops: 0, NonImmediateOops: No
[1,695s][debug][gc,nmethod  ] Register NMethod: java.util.stream.MatchOps$BooleanTerminalSink.getAndClearState (0x0000794416c67a08) [0x0000794416c67b00, 0x0000794416c67bc0] Compiler: c1, Barriers: 0, Oops: 0, ImmediateOops: 0, NonImmediateOops: No
[1,695s][debug][gc,nmethod  ] Register NMethod: java.lang.invoke.Invokers$Holder.linkToTargetMethod (0x00007943f785de88) [0x00007943f785df80, 0x00007943f785e478] Compiler: c1, Barriers: 0, Oops: 0, ImmediateOops: 0, NonImmediateOops: No
[1,695s][debug][gc,nmethod  ] Register NMethod: java.util.stream.AbstractPipeline.copyIntoWithCancel (0x00007943f785e488) [0x00007943f785e580, 0x00007943f785ef90] Compiler: c1, Barriers: 1, Oops: 0, ImmediateOops: 0, NonImmediateOops: No
[1,695s][debug][gc,nmethod  ] Register NMethod: java.util.stream.ReferencePipeline.forEachWithCancel (0x00007943f785f008) [0x00007943f785f100, 0x00007943f785f700] Compiler: c1, Barriers: 0, Oops: 0, ImmediateOops: 0, NonImmediateOops: No
[1,696s][debug][gc,nmethod  ] Register NMethod: java.lang.invoke.DirectMethodHandle$Holder.newInvokeSpecial (0x00007943f785f708) [0x00007943f785f800, 0x00007943f7860080] Compiler: c1, Barriers: 2, Oops: 0, ImmediateOops: 1, NonImmediateOops: No
[1,696s][debug][gc,nmethod  ] Register NMethod: java.lang.reflect.Modifier.isSynthetic (0x00007943f7860088) [0x00007943f7860180, 0x00007943f78602b0] Compiler: c1, Barriers: 0, Oops: 0, ImmediateOops: 0, NonImmediateOops: No
[1,696s][debug][gc,nmethod  ] Register NMethod: java.lang.reflect.Method.isSynthetic (0x00007943f7860388) [0x00007943f7860480, 0x00007943f78606c0] Compiler: c1, Barriers: 0, Oops: 0, ImmediateOops: 0, NonImmediateOops: No
[1,696s][debug][gc,nmethod  ] Register NMethod: java.lang.reflect.Executable.isSynthetic (0x00007943f7860708) [0x00007943f7860800, 0x00007943f7860ba8] Compiler: c1, Barriers: 0, Oops: 0, ImmediateOops: 0, NonImmediateOops: No
[1,696s][debug][gc,nmethod  ] Register NMethod: org.junit.platform.commons.util.ReflectionUtils$$Lambda/0x00000000a918f388.test (0x00007943f7860c08) [0x00007943f7860d00, 0x00007943f7861408] Compiler: c1, Barriers: 0, Oops: 1, ImmediateOops: 0, NonImmediateOops: No
[1,696s][debug][gc,nmethod  ] Register NMethod: java.util.ArrayList.spliterator (0x00007943f7861488) [0x00007943f7861580, 0x00007943f7861890] Compiler: c1, Barriers: 3, Oops: 0, ImmediateOops: 0, NonImmediateOops: No
[1,696s][debug][gc,nmethod  ] Register NMethod: java.util.stream.ReferencePipeline.filter (0x00007943f7861908) [0x00007943f7861a00, 0x00007943f7861f10] Compiler: c1, Barriers: 3, Oops: 1, ImmediateOops: 0, NonImmediateOops: No
[1,696s][debug][gc,nmethod  ] Register NMethod: java.util.ArrayList$ArrayListSpliterator.estimateSize (0x00007943f7861f88) [0x00007943f7862080, 0x00007943f7862258] Compiler: c1, Barriers: 1, Oops: 0, ImmediateOops: 0, NonImmediateOops: No
[1,696s][debug][gc,nmethod  ] Register NMethod: java.lang.Boolean.valueOf (0x00007943f7862288) [0x00007943f7862380, 0x00007943f78624d8] Compiler: c1, Barriers: 0, Oops: 0, ImmediateOops: 2, NonImmediateOops: No
[1,696s][debug][gc,nmethod  ] Register NMethod: org.junit.platform.commons.util.ReflectionUtils.lambda$findAllMethodsInHierarchy$27 (0x00007943f7862588) [0x00007943f7862680, 0x00007943f7862b08] Compiler: c1, Barriers: 0, Oops: 1, ImmediateOops: 0, NonImmediateOops: No
[1,696s][debug][gc,nmethod  ] Register NMethod: java.util.ArrayList$ArrayListSpliterator.<init> (0x00007943f7862b88) [0x00007943f7862c80, 0x00007943f7862fc0] Compiler: c1, Barriers: 3, Oops: 0, ImmediateOops: 0, NonImmediateOops: No
[1,697s][debug][gc,nmethod  ] Register NMethod: java.util.stream.MatchOps$$Lambda/0x00000000a90f77d0.<init> (0x00007943f7863008) [0x00007943f7863100, 0x00007943f7863348] Compiler: c1, Barriers: 6, Oops: 0, ImmediateOops: 0, NonImmediateOops: No
[1,697s][debug][gc,nmethod  ] Register NMethod: java.util.stream.MatchOps$MatchOp.getOpFlags (0x00007943f7863388) [0x00007943f7863480, 0x00007943f7863588] Compiler: c1, Barriers: 0, Oops: 0, ImmediateOops: 0, NonImmediateOops: No
[1,697s][debug][gc,nmethod  ] Register NMethod: java.util.Collections$UnmodifiableCollection.contains (0x00007943f7863688) [0x00007943f7863780, 0x00007943f7863ac8] Compiler: c1, Barriers: 1, Oops: 0, ImmediateOops: 0, NonImmediateOops: No
[1,697s][debug][gc,nmethod  ] Register NMethod: java.util.stream.MatchOps$MatchOp.<init> (0x00007943f7863b08) [0x00007943f7863c00, 0x00007943f7863ec0] Compiler: c1, Barriers: 9, Oops: 0, ImmediateOops: 0, NonImmediateOops: No
[1,697s][debug][gc,nmethod  ] Register NMethod: java.util.RegularEnumSet.contains (0x00007943f7863f08) [0x00007943f7864000, 0x00007943f7864aa0] Compiler: c1, Barriers: 3, Oops: 0, ImmediateOops: 0, NonImmediateOops: No
[1,697s][debug][gc,nmethod  ] Register NMethod: java.util.stream.MatchOps$MatchOp.evaluateSequential (0x00007943f7864b08) [0x00007943f7864c00, 0x00007943f7865a28] Compiler: c1, Barriers: 1, Oops: 0, ImmediateOops: 2, NonImmediateOops: No
[1,697s][debug][gc,nmethod  ] Register NMethod: java.util.stream.MatchOps.makeRef (0x00007943f7865a88) [0x00007943f7865b80, 0x00007943f78666b0] Compiler: c1, Barriers: 15, Oops: 2, ImmediateOops: 3, NonImmediateOops: No
[1,697s][debug][gc,nmethod  ] Register NMethod: java.util.stream.MatchOps$$Lambda/0x00000000a90f77d0.get (0x00007943f7866708) [0x00007943f7866800, 0x00007943f7866c80] Compiler: c1, Barriers: 8, Oops: 0, ImmediateOops: 0, NonImmediateOops: No
[1,697s][debug][gc,nmethod  ] Register NMethod: java.util.stream.MatchOps$MatchOp.evaluateSequential (0x00007943f7866c88) [0x00007943f7866d80, 0x00007943f7867990] Compiler: c1, Barriers: 1, Oops: 0, ImmediateOops: 2, NonImmediateOops: No
[1,697s][debug][gc,nmethod  ] Register NMethod: org.junit.vintage.engine.descriptor.TestSourceProvider.lambda$findMethod$0 (0x0000794416c67d08) [0x0000794416c67e00, 0x0000794416c67ea0] Compiler: c1, Barriers: 0, Oops: 1, ImmediateOops: 0, NonImmediateOops: No
[1,697s][debug][gc,nmethod  ] Register NMethod: java.util.TimSort.sort (0x00007943f7867a08) [0x00007943f7867b00, 0x00007943f7868218] Compiler: c1, Barriers: 2, Oops: 0, ImmediateOops: 0, NonImmediateOops: No
[1,697s][debug][gc,nmethod  ] Register NMethod: java.util.stream.MatchOps$1MatchSink.<init> (0x00007943f7868288) [0x00007943f7868380, 0x00007943f7868680] Compiler: c1, Barriers: 6, Oops: 0, ImmediateOops: 0, NonImmediateOops: No
[1,697s][debug][gc,nmethod  ] Register NMethod: java.util.stream.MatchOps$BooleanTerminalSink.<init> (0x00007943f7868688) [0x00007943f7868780, 0x00007943f7868938] Compiler: c1, Barriers: 0, Oops: 0, ImmediateOops: 0, NonImmediateOops: No
[1,697s][debug][gc,nmethod  ] Register NMethod: java.util.stream.MatchOps.lambda$makeRef$0 (0x00007943f7868988) [0x00007943f7868a80, 0x00007943f7868e18] Compiler: c1, Barriers: 6, Oops: 0, ImmediateOops: 0, NonImmediateOops: No
[1,697s][debug][gc,nmethod  ] Register NMethod: org.junit.platform.commons.util.ReflectionUtils$$Lambda/0x00000000a9194f80.<init> (0x00007943f7868e88) [0x00007943f7868f80, 0x00007943f7869150] Compiler: c1, Barriers: 3, Oops: 1, ImmediateOops: 0, NonImmediateOops: No
[1,697s][debug][gc,nmethod  ] Register NMethod: java.util.stream.ReferencePipeline.anyMatch (0x00007943f7869188) [0x00007943f7869280, 0x00007943f7869998] Compiler: c1, Barriers: 0, Oops: 0, ImmediateOops: 1, NonImmediateOops: No
[1,698s][debug][gc,nmethod  ] Register NMethod: org.junit.platform.commons.util.ReflectionUtils.isMethodShadowedByLocalMethods (0x00007943f7869a08) [0x00007943f7869b00, 0x00007943f786ab18] Compiler: c1, Barriers: 3, Oops: 2, ImmediateOops: 3, NonImmediateOops: No
[1,698s][debug][gc,nmethod  ] Register NMethod: org.junit.platform.commons.util.ReflectionUtils$$Lambda/0x00000000a918f5e0.test (0x00007943f786ab88) [0x00007943f786ac80, 0x00007943f786c010] Compiler: c1, Barriers: 4, Oops: 2, ImmediateOops: 3, NonImmediateOops: No
[1,698s][debug][gc,nmethod  ] Register NMethod: org.junit.platform.commons.util.ReflectionUtils.lambda$findAllMethodsInHierarchy$28 (0x00007943f786c088) [0x00007943f786c180, 0x00007943f786d250] Compiler: c1, Barriers: 3, Oops: 2, ImmediateOops: 3, NonImmediateOops: No
[1,698s][debug][gc,nmethod  ] Register NMethod: java.util.function.Predicate$$Lambda/0x00000000a9121390.test (0x00007943f786d288) [0x00007943f786d380, 0x00007943f786d720] Compiler: c1, Barriers: 1, Oops: 0, ImmediateOops: 0, NonImmediateOops: No
[1,698s][debug][gc,nmethod  ] Register NMethod: org.junit.platform.commons.util.FunctionUtils.lambda$where$0 (0x00007943f786d788) [0x00007943f786d880, 0x00007943f786dd80] Compiler: c1, Barriers: 0, Oops: 1, ImmediateOops: 0, NonImmediateOops: No
[1,698s][debug][gc,director ] Rule Major: Warmup 10%, Used: 86MB, UsedThreshold: 1228MB
[1,698s][debug][gc,nmethod  ] Register NMethod: java.util.function.Predicate.lambda$isEqual$0 (0x00007943f786de08) [0x00007943f786df00, 0x00007943f786e1e8] Compiler: c1, Barriers: 0, Oops: 0, ImmediateOops: 0, NonImmediateOops: No
[1,698s][debug][gc,nmethod  ] Register NMethod: org.junit.vintage.engine.descriptor.TestSourceProvider$$Lambda/0x00000000a9194000.apply (0x00007943f786e208) [0x00007943f786e300, 0x00007943f786e818] Compiler: c1, Barriers: 1, Oops: 1, ImmediateOops: 0, NonImmediateOops: No
[1,698s][debug][gc,nmethod  ] Register NMethod: org.junit.platform.commons.util.FunctionUtils$$Lambda/0x00000000a9194458.test (0x00007943f786e888) [0x00007943f786e980, 0x00007943f786ef68] Compiler: c1, Barriers: 2, Oops: 1, ImmediateOops: 0, NonImmediateOops: No
[1,698s][debug][gc,nmethod  ] Register NMethod: java.util.stream.ReferencePipeline$2$1.begin (0x00007943f786ef88) [0x00007943f786f080, 0x00007943f786f3c0] Compiler: c1, Barriers: 1, Oops: 0, ImmediateOops: 0, NonImmediateOops: No
[1,698s][debug][gc,nmethod  ] Register NMethod: java.util.stream.ReferencePipeline$2.opWrapSink (0x00007943f786f408) [0x00007943f786f500, 0x00007943f786fc78] Compiler: c1, Barriers: 7, Oops: 0, ImmediateOops: 0, NonImmediateOops: No
[1,699s][debug][gc,nmethod  ] Register NMethod: java.util.stream.ReferencePipeline$2$1.<init> (0x00007943f786fc88) [0x00007943f786fd80, 0x00007943f78704d8] Compiler: c1, Barriers: 6, Oops: 0, ImmediateOops: 0, NonImmediateOops: No
[1,699s][debug][gc,nmethod  ] Register NMethod: java.lang.String.trim (0x00007943f7870508) [0x00007943f7870600, 0x00007943f7870ad8] Compiler: c1, Barriers: 2, Oops: 0, ImmediateOops: 0, NonImmediateOops: No
[1,699s][debug][gc,nmethod  ] Register NMethod: java.lang.StringLatin1.trim (0x00007943f7870b08) [0x00007943f7870c00, 0x00007943f7870f78] Compiler: c1, Barriers: 0, Oops: 0, ImmediateOops: 0, NonImmediateOops: No
[1,699s][debug][gc,nmethod  ] Register NMethod: java.lang.invoke.VarHandleReferences$FieldInstanceReadWrite.compareAndSet (0x00007943f7870f88) [0x00007943f7871080, 0x00007943f7872638] Compiler: c1, Barriers: 7, Oops: 1, ImmediateOops: 0, NonImmediateOops: No
[1,699s][debug][gc,nmethod  ] Register NMethod: java.util.stream.Collectors.castingIdentity (0x00007943f7872688) [0x00007943f7872780, 0x00007943f7872920] Compiler: c1, Barriers: 0, Oops: 1, ImmediateOops: 1, NonImmediateOops: No
[1,699s][debug][gc,nmethod  ] Register NMethod: java.util.stream.Collectors$CollectorImpl.<init> (0x00007943f7872988) [0x00007943f7872a80, 0x00007943f7872ff8] Compiler: c1, Barriers: 15, Oops: 2, ImmediateOops: 1, NonImmediateOops: No
[1,699s][debug][gc,nmethod  ] Register NMethod: org.junit.vintage.engine.descriptor.TestSourceProvider$$Lambda/0x00000000a918f130.test (0x00007943f7873088) [0x00007943f7873180, 0x00007943f78734e8] Compiler: c1, Barriers: 0, Oops: 1, ImmediateOops: 0, NonImmediateOops: No
[1,700s][debug][gc,nmethod  ] Register NMethod: java.util.ArrayList$ArrayListSpliterator.forEachRemaining (0x00007943f7873508) [0x00007943f7873600, 0x00007943f7873d58] Compiler: c1, Barriers: 4, Oops: 0, ImmediateOops: 0, NonImmediateOops: No
[1,701s][debug][gc,nmethod  ] Register NMethod: org.junit.platform.engine.support.descriptor.AbstractTestDescriptor.getUniqueId (0x0000794416c68008) [0x0000794416c68100, 0x0000794416c681e8] Compiler: c1, Barriers: 1, Oops: 1, ImmediateOops: 0, NonImmediateOops: No
[1,701s][debug][gc,nmethod  ] Register NMethod: org.junit.platform.commons.util.StringUtils.isNotBlank (0x00007943f7873d88) [0x00007943f7873e80, 0x00007943f7874520] Compiler: c1, Barriers: 1, Oops: 1, ImmediateOops: 0, NonImmediateOops: No
[1,701s][debug][gc,nmethod  ] Register NMethod: org.junit.platform.commons.util.StringUtils.isBlank (0x00007943f7874588) [0x00007943f7874680, 0x00007943f7875078] Compiler: c1, Barriers: 3, Oops: 1, ImmediateOops: 0, NonImmediateOops: No
[1,701s][debug][gc,nmethod  ] Register NMethod: org.junit.platform.commons.util.Preconditions.notBlank (0x00007943f7875088) [0x00007943f7875180, 0x00007943f78759e8] Compiler: c1, Barriers: 1, Oops: 1, ImmediateOops: 0, NonImmediateOops: No
[1,701s][debug][gc,nmethod  ] Register NMethod: org.junit.platform.commons.function.Try.checkNotNull (0x00007943f7875a08) [0x00007943f7875b00, 0x00007943f7876800] Compiler: c1, Barriers: 0, Oops: 2, ImmediateOops: 2, NonImmediateOops: No
[1,701s][debug][gc,nmethod  ] Register NMethod: java.lang.invoke.Invokers$Holder.invokeExact_MT (0x00007943f7876888) [0x00007943f7876980, 0x00007943f78774e8] Compiler: c1, Barriers: 3, Oops: 0, ImmediateOops: 0, NonImmediateOops: No
[1,701s][debug][gc,nmethod  ] Register NMethod: org.junit.platform.commons.function.Try.of (0x00007943f7877508) [0x00007943f7877600, 0x00007943f7877e88] Compiler: c1, Barriers: 0, Oops: 1, ImmediateOops: 1, NonImmediateOops: No
[1,702s][debug][gc,nmethod  ] Register NMethod: org.junit.runner.Description.getDisplayName (0x0000794416c68308) [0x0000794416c68400, 0x0000794416c684e8] Compiler: c1, Barriers: 1, Oops: 1, ImmediateOops: 0, NonImmediateOops: No
[1,703s][debug][gc,nmethod  ] Register NMethod: jdk.internal.classfile.impl.BytecodeHelpers.returnBytecode (0x00007943f7877f08) [0x00007943f7878000, 0x00007943f7878360] Compiler: c1, Barriers: 0, Oops: 0, ImmediateOops: 0, NonImmediateOops: No
[1,703s][debug][gc,nmethod  ] Register NMethod: jdk.internal.misc.VM.isSystemDomainLoader (0x00007943f7878388) [0x00007943f7878480, 0x00007943f78786f0] Compiler: c1, Barriers: 0, Oops: 0, ImmediateOops: 1, NonImmediateOops: No
[1,703s][debug][gc,nmethod  ] Register NMethod: jdk.internal.classfile.impl.DirectCodeBuilder.return_ (0x00007943f7878708) [0x00007943f7878800, 0x00007943f7878e18] Compiler: c1, Barriers: 1, Oops: 0, ImmediateOops: 0, NonImmediateOops: No
[1,704s][debug][gc,nmethod  ] Register NMethod: java.lang.String.substring (0x00007943f7878e88) [0x00007943f7878f80, 0x00007943f7879718] Compiler: c1, Barriers: 1, Oops: 0, ImmediateOops: 0, NonImmediateOops: No
[1,706s][debug][gc,nmethod  ] Register NMethod: jdk.internal.loader.URLClassPath$JarLoader.getResource (0x0000794416c68608) [0x0000794416c68700, 0x0000794416c69e00] Compiler: jvmci, Barriers: 19, Oops: 2, ImmediateOops: 8, NonImmediateOops: No
[1,706s][debug][gc,nmethod  ] Register NMethod: java.lang.invoke.MethodHandle.linkToSpecial (0x0000794416c69e88) [0x0000794416c69f80, 0x0000794416c6a078] Compiler: , Barriers: 0, Oops: 0, ImmediateOops: 0, NonImmediateOops: No
[1,706s][debug][gc,nmethod  ] Register NMethod: java.lang.classfile.constantpool.ConstantPoolBuilder.of (0x00007943f7879788) [0x00007943f7879880, 0x00007943f7879a00] Compiler: c1, Barriers: 0, Oops: 0, ImmediateOops: 0, NonImmediateOops: No
[1,706s][debug][gc,nmethod  ] Register NMethod: jdk.internal.classfile.impl.SplitConstantPool.<init> (0x00007943f7879a88) [0x00007943f7879b80, 0x00007943f7879f88] Compiler: c1, Barriers: 9, Oops: 0, ImmediateOops: 0, NonImmediateOops: No
[1,706s][debug][gc,nmethod  ] Register NMethod: jdk.internal.classfile.impl.EntryMap.nextPowerOfTwo (0x00007943f787a008) [0x00007943f787a100, 0x00007943f787a300] Compiler: c1, Barriers: 0, Oops: 0, ImmediateOops: 0, NonImmediateOops: No
[1,707s][debug][gc,nmethod  ] Register NMethod: jdk.internal.classfile.impl.DirectClassBuilder.withFlags (0x00007943f787a308) [0x00007943f787a400, 0x00007943f787a6d8] Compiler: c1, Barriers: 0, Oops: 0, ImmediateOops: 0, NonImmediateOops: No
[1,707s][debug][gc,nmethod  ] Register NMethod: jdk.internal.classfile.impl.ClassFileImpl.build (0x00007943f787a708) [0x00007943f787a800, 0x00007943f787baa0] Compiler: c1, Barriers: 0, Oops: 0, ImmediateOops: 0, NonImmediateOops: No
[1,707s][debug][gc,nmethod  ] Register NMethod: jdk.internal.classfile.impl.EntryMap.arraySize (0x00007943f787bb08) [0x00007943f787bc00, 0x00007943f787d1a0] Compiler: c1, Barriers: 0, Oops: 3, ImmediateOops: 4, NonImmediateOops: No
[1,707s][debug][gc,nmethod  ] Register NMethod: jdk.internal.classfile.impl.BufWriterImpl.join (0x00007943f787d208) [0x00007943f787d300, 0x00007943f787ddf8] Compiler: c1, Barriers: 0, Oops: 0, ImmediateOops: 0, NonImmediateOops: No
[1,707s][debug][gc,nmethod  ] Register NMethod: jdk.internal.classfile.impl.SplitConstantPool.writeBootstrapMethods (0x00007943f787de08) [0x00007943f787df00, 0x00007943f787f2f0] Compiler: c1, Barriers: 2, Oops: 0, ImmediateOops: 0, NonImmediateOops: No
[1,707s][debug][gc,nmethod  ] Register NMethod: jdk.internal.classfile.impl.DirectClassBuilder.<init> (0x00007943f787f308) [0x00007943f787f400, 0x00007943f78807a0] Compiler: c1, Barriers: 28, Oops: 0, ImmediateOops: 5, NonImmediateOops: No
[1,707s][debug][gc,nmethod  ] Register NMethod: java.lang.invoke.MemberName.asSpecial (0x00007943f7880808) [0x00007943f7880900, 0x00007943f7882148] Compiler: c1, Barriers: 0, Oops: 0, ImmediateOops: 0, NonImmediateOops: No
[1,708s][debug][gc,director ] Rule Major: Warmup 10%, Used: 88MB, UsedThreshold: 1228MB
[1,708s][debug][gc,nmethod  ] Register NMethod: jdk.internal.classfile.impl.Util.toInternalName (0x00007943f7882188) [0x00007943f7882280, 0x00007943f78834b0] Compiler: c1, Barriers: 6, Oops: 0, ImmediateOops: 0, NonImmediateOops: No
[1,709s][debug][gc,nmethod  ] Register NMethod: jdk.internal.classfile.impl.DirectClassBuilder.build (0x00007943f7883508) [0x00007943f7883600, 0x00007943f788b8c0] Compiler: c1, Barriers: 26, Oops: 2, ImmediateOops: 6, NonImmediateOops: No
[1,710s][debug][gc,nmethod  ] Register NMethod: java.lang.invoke.MemberName.isField (0x00007943f788b908) [0x00007943f788ba00, 0x00007943f788bbb8] Compiler: c1, Barriers: 0, Oops: 0, ImmediateOops: 0, NonImmediateOops: No
[1,710s][debug][gc,nmethod  ] Register NMethod: java.lang.invoke.DirectMethodHandle.make (0x00007943f788bc08) [0x00007943f788bd00, 0x00007943f788e548] Compiler: c1, Barriers: 4, Oops: 0, ImmediateOops: 1, NonImmediateOops: No
[1,711s][debug][gc,nmethod  ] Register NMethod: java.util.jar.JarFile.getJarEntry (0x0000794416c6a188) [0x0000794416c6a280, 0x0000794416c6b840] Compiler: jvmci, Barriers: 14, Oops: 2, ImmediateOops: 8, NonImmediateOops: No
[1,711s][debug][gc,nmethod  ] Register NMethod: java.lang.reflect.ProxyGenerator$ProxyMethod.parameterTypes (0x00007943f788e588) [0x00007943f788e680, 0x00007943f788e9c0] Compiler: c1, Barriers: 2, Oops: 0, ImmediateOops: 0, NonImmediateOops: No
[1,711s][debug][gc,nmethod  ] Register NMethod: jdk.internal.classfile.impl.DirectClassBuilder.withField (0x00007943f788ea08) [0x00007943f788eb00, 0x00007943f788ef20] Compiler: c1, Barriers: 2, Oops: 0, ImmediateOops: 0, NonImmediateOops: No
[1,711s][debug][gc,nmethod  ] Register NMethod: jdk.internal.classfile.impl.DirectClassBuilder.withField (0x00007943f788ef88) [0x00007943f788f080, 0x00007943f788fa38] Compiler: c1, Barriers: 9, Oops: 0, ImmediateOops: 0, NonImmediateOops: No
[1,711s][debug][gc,nmethod  ] Register NMethod: jdk.internal.classfile.impl.DirectFieldBuilder.<init> (0x00007943f788fa88) [0x00007943f788fb80, 0x00007943f7890a48] Compiler: c1, Barriers: 21, Oops: 0, ImmediateOops: 1, NonImmediateOops: No
[1,711s][debug][gc,nmethod  ] Register NMethod: java.lang.CharSequence.isEmpty (0x00007943f7890a88) [0x00007943f7890b80, 0x00007943f7890ec8] Compiler: c1, Barriers: 0, Oops: 0, ImmediateOops: 0, NonImmediateOops: No
[1,712s][debug][gc,nmethod  ] Register NMethod: java.lang.invoke.LambdaForm$Holder.constant_L (0x0000794416c6b888) [0x0000794416c6b980, 0x0000794416c6baa0] Compiler: jvmci, Barriers: 1, Oops: 0, ImmediateOops: 0, NonImmediateOops: No
[1,712s][debug][gc,nmethod  ] Register NMethod: java.util.Collections$1.<init> (0x00007943f7890f08) [0x00007943f7891000, 0x00007943f78911d8] Compiler: c1, Barriers: 3, Oops: 0, ImmediateOops: 0, NonImmediateOops: No
[1,712s][debug][gc,nmethod  ] Register NMethod: java.util.Collections$SingletonList.iterator (0x00007943f7891208) [0x00007943f7891300, 0x00007943f7891618] Compiler: c1, Barriers: 4, Oops: 0, ImmediateOops: 0, NonImmediateOops: No
[1,712s][debug][gc,nmethod  ] Register NMethod: java.util.Collections.singletonIterator (0x00007943f7891688) [0x00007943f7891780, 0x00007943f78919e8] Compiler: c1, Barriers: 3, Oops: 0, ImmediateOops: 0, NonImmediateOops: No
[1,712s][debug][gc,nmethod  ] Register NMethod: java.util.Collections$1.next (0x00007943f7891a08) [0x00007943f7891b00, 0x00007943f7891d40] Compiler: c1, Barriers: 1, Oops: 0, ImmediateOops: 0, NonImmediateOops: No
[1,712s][debug][gc,nmethod  ] Register NMethod: jdk.internal.classfile.impl.DirectFieldBuilder.writeTo (0x00007943f7891d88) [0x00007943f7891e80, 0x00007943f7896490] Compiler: c1, Barriers: 5, Oops: 1, ImmediateOops: 6, NonImmediateOops: No
[1,712s][debug][gc,nmethod  ] Register NMethod: java.util.ImmutableCollections$ListN.size (0x0000794416c6bb88) [0x0000794416c6bc80, 0x0000794416c6bd60] Compiler: jvmci, Barriers: 1, Oops: 0, ImmediateOops: 0, NonImmediateOops: No
[1,712s][debug][gc,nmethod  ] Register NMethod: jdk.internal.classfile.impl.DirectCodeBuilder.labelBinding (0x00007943f7896508) [0x00007943f7896600, 0x00007943f7896d30] Compiler: c1, Barriers: 1, Oops: 0, ImmediateOops: 0, NonImmediateOops: No
[1,712s][debug][gc,nmethod  ] Register NMethod: jdk.internal.classfile.impl.DirectCodeBuilder.newLabel (0x00007943f7896d88) [0x00007943f7896e80, 0x00007943f7897168] Compiler: c1, Barriers: 3, Oops: 0, ImmediateOops: 0, NonImmediateOops: No
[1,713s][debug][gc,nmethod  ] Register NMethod: jdk.internal.classfile.impl.BufWriterImpl.labelContext (0x0000794416c6be88) [0x0000794416c6bf80, 0x0000794416c6c068] Compiler: c1, Barriers: 1, Oops: 0, ImmediateOops: 0, NonImmediateOops: No
[1,713s][debug][gc,nmethod  ] Register NMethod: jdk.internal.classfile.impl.DirectCodeBuilder.methodInfo (0x0000794416c6c188) [0x0000794416c6c280, 0x0000794416c6c368] Compiler: c1, Barriers: 1, Oops: 0, ImmediateOops: 0, NonImmediateOops: No
[1,713s][debug][gc,nmethod  ] Register NMethod: jdk.internal.misc.Unsafe.ensureClassInitialized0 (0x0000794416c6c488) [0x0000794416c6c580, 0x0000794416c6c6d8] Compiler: , Barriers: 0, Oops: 0, ImmediateOops: 0, NonImmediateOops: No
[1,713s][debug][gc,nmethod  ] Register NMethod: java.lang.Class.getTypeName (0x0000794416c6c788) [0x0000794416c6c880, 0x0000794416c6c9e8] Compiler: jvmci, Barriers: 2, Oops: 0, ImmediateOops: 0, NonImmediateOops: No
[1,713s][debug][gc,nmethod  ] Register NMethod: java.lang.invoke.MethodHandleNatives.linkMethodHandleConstant (0x00007943f7897188) [0x00007943f7897280, 0x00007943f78977f0] Compiler: c1, Barriers: 0, Oops: 0, ImmediateOops: 1, NonImmediateOops: No
[1,714s][debug][gc,nmethod  ] Register NMethod: java.lang.invoke.MethodHandles$Lookup.linkMethodHandleConstant (0x00007943f7897808) [0x00007943f7897900, 0x00007943f789b178] Compiler: c1, Barriers: 12, Oops: 0, ImmediateOops: 6, NonImmediateOops: No
[1,716s][debug][gc,nmethod  ] Register NMethod: java.util.jar.JarFile.checkForSpecialAttributes (0x0000794416c6ca88) [0x0000794416c6cb80, 0x0000794416c6d4d0] Compiler: jvmci, Barriers: 7, Oops: 2, ImmediateOops: 8, NonImmediateOops: No
[1,717s][debug][gc,nmethod  ] Register NMethod: java.util.logging.LogManager.getProperty (0x00007943f789b188) [0x00007943f789b280, 0x00007943f789b5c0] Compiler: c1, Barriers: 1, Oops: 0, ImmediateOops: 0, NonImmediateOops: No
[1,717s][debug][gc,nmethod  ] Register NMethod: java.util.StringJoiner.add (0x0000794416c6d508) [0x0000794416c6d600, 0x0000794416c6dc60] Compiler: jvmci, Barriers: 15, Oops: 0, ImmediateOops: 0, NonImmediateOops: No
[1,717s][debug][gc,nmethod  ] Register NMethod: java.lang.invoke.LambdaForm$MH/0x00000000a909cc00.invoke (0x00007943f789b608) [0x00007943f789b700, 0x00007943f789be68] Compiler: c1, Barriers: 2, Oops: 1, ImmediateOops: 0, NonImmediateOops: No
[1,717s][debug][gc,nmethod  ] Register NMethod: java.lang.invoke.DirectMethodHandle$Holder.invokeStatic (0x00007943f789be88) [0x00007943f789bf80, 0x00007943f789c348] Compiler: c1, Barriers: 1, Oops: 0, ImmediateOops: 0, NonImmediateOops: No
[1,718s][debug][gc,nmethod  ] Register NMethod: jdk.internal.util.ReferencedKeyMap.removeStaleReferences (0x0000794416c6dc88) [0x0000794416c6dd80, 0x0000794416c6deb8] Compiler: jvmci, Barriers: 2, Oops: 0, ImmediateOops: 0, NonImmediateOops: No
[1,718s][debug][gc,nmethod  ] Register NMethod: java.lang.StringConcatHelper.simpleConcat (0x00007943f789c388) [0x00007943f789c480, 0x00007943f789f130] Compiler: c1, Barriers: 6, Oops: 0, ImmediateOops: 6, NonImmediateOops: No
[1,718s][debug][gc,director ] Rule Major: Warmup 10%, Used: 90MB, UsedThreshold: 1228MB
[1,718s][debug][gc,nmethod  ] Register NMethod: java.lang.invoke.MethodHandles$Lookup.checkMethodName (0x00007943f789f188) [0x00007943f789f280, 0x00007943f78a03e8] Compiler: c1, Barriers: 0, Oops: 2, ImmediateOops: 3, NonImmediateOops: No
[1,718s][debug][gc,nmethod  ] Register NMethod: java.lang.invoke.MethodHandles$Lookup.resolveOrFail (0x00007943f78a0408) [0x00007943f78a0500, 0x00007943f78a1280] Compiler: c1, Barriers: 1, Oops: 1, ImmediateOops: 3, NonImmediateOops: No
[1,719s][debug][gc,nmethod  ] Register NMethod: jdk.internal.classfile.impl.AbstractPoolEntry$Utf8EntryImpl.<init> (0x00007943f78a1308) [0x00007943f78a1400, 0x00007943f78a1758] Compiler: c1, Barriers: 0, Oops: 0, ImmediateOops: 0, NonImmediateOops: No
[1,719s][debug][gc,nmethod  ] Register NMethod: java.lang.invoke.DirectMethodHandle.make (0x00007943f78a1788) [0x00007943f78a1880, 0x00007943f78a20f8] Compiler: c1, Barriers: 2, Oops: 0, ImmediateOops: 0, NonImmediateOops: No
[1,719s][debug][gc,nmethod  ] Register NMethod: jdk.internal.classfile.impl.TemporaryConstantPool.utf8Entry (0x00007943f78a2108) [0x00007943f78a2200, 0x00007943f78a23b0] Compiler: c1, Barriers: 0, Oops: 0, ImmediateOops: 0, NonImmediateOops: No
[1,719s][debug][gc,nmethod  ] Register NMethod: java.lang.invoke.MemberName.asConstructor (0x00007943f78a2408) [0x00007943f78a2500, 0x00007943f78a3130] Compiler: c1, Barriers: 0, Oops: 0, ImmediateOops: 0, NonImmediateOops: No
[1,719s][debug][gc,nmethod  ] Register NMethod: java.lang.invoke.DirectMethodHandle.makeAllocator (0x00007943f78a3188) [0x00007943f78a3280, 0x00007943f78a3fe8] Compiler: c1, Barriers: 2, Oops: 0, ImmediateOops: 0, NonImmediateOops: No
[1,719s][debug][gc,nmethod  ] Register NMethod: jdk.internal.classfile.impl.StackMapGenerator$Frame.initializeObject (0x00007943f78a4008) [0x00007943f78a4100, 0x00007943f78a4f28] Compiler: c1, Barriers: 12, Oops: 0, ImmediateOops: 1, NonImmediateOops: No
[1,720s][debug][gc,nmethod  ] Register NMethod: java.lang.classfile.ClassFile.of (0x00007943f78a4f88) [0x00007943f78a5080, 0x00007943f78a5168] Compiler: c1, Barriers: 0, Oops: 0, ImmediateOops: 1, NonImmediateOops: No
[1,720s][debug][gc,nmethod  ] Register NMethod: jdk.internal.util.DecimalDigits.uncheckedPutCharLatin1 (0x00007943f78a5288) [0x00007943f78a5380, 0x00007943f78a5480] Compiler: c1, Barriers: 0, Oops: 0, ImmediateOops: 0, NonImmediateOops: No
[1,720s][debug][gc,nmethod  ] Register NMethod: java.lang.Module.isExplicitlyExportedOrOpened (0x00007943f78a5588) [0x00007943f78a5680, 0x00007943f78a6210] Compiler: c1, Barriers: 2, Oops: 0, ImmediateOops: 0, NonImmediateOops: No
[1,720s][debug][gc,nmethod  ] Register NMethod: jdk.internal.classfile.impl.DirectCodeBuilder.invokevirtual (0x00007943f78a6288) [0x00007943f78a6380, 0x00007943f78a6ad0] Compiler: c1, Barriers: 1, Oops: 0, ImmediateOops: 0, NonImmediateOops: No
[1,721s][debug][gc,nmethod  ] Register NMethod: java.lang.reflect.Constructor.getSharedParameterTypes (0x0000794416c6df88) [0x0000794416c6e080, 0x0000794416c6e168] Compiler: c1, Barriers: 1, Oops: 0, ImmediateOops: 0, NonImmediateOops: No
[1,721s][debug][gc,nmethod  ] Register NMethod: java.util.jar.JarFile.getEntry (0x0000794416c6e288) [0x0000794416c6e380, 0x0000794416c6f7e0] Compiler: jvmci, Barriers: 14, Oops: 2, ImmediateOops: 8, NonImmediateOops: No
[1,721s][debug][gc,nmethod  ] Register NMethod: java.lang.System$1.defineClass (0x00007943f78a6b08) [0x00007943f78a6c00, 0x00007943f78a6d70] Compiler: c1, Barriers: 0, Oops: 0, ImmediateOops: 0, NonImmediateOops: No
[1,721s][debug][gc,nmethod  ] Register NMethod: java.lang.invoke.MethodHandles$Lookup$ClassDefiner.<init> (0x00007943f78a6e08) [0x00007943f78a6f00, 0x00007943f78a72a0] Compiler: c1, Barriers: 12, Oops: 0, ImmediateOops: 0, NonImmediateOops: No
[1,721s][debug][gc,nmethod  ] Register NMethod: java.lang.invoke.MethodHandles$Lookup.makeHiddenClassDefiner (0x00007943f78a7308) [0x00007943f78a7400, 0x00007943f78a7a28] Compiler: c1, Barriers: 2, Oops: 0, ImmediateOops: 1, NonImmediateOops: No
[1,721s][debug][gc,nmethod  ] Register NMethod: jdk.internal.classfile.impl.AbstractPoolEntry$ClassEntryImpl.<init> (0x00007943f78a7a88) [0x00007943f78a7b80, 0x00007943f78a7cc8] Compiler: c1, Barriers: 0, Oops: 0, ImmediateOops: 0, NonImmediateOops: No
[1,721s][debug][gc,nmethod  ] Register NMethod: jdk.internal.classfile.impl.TemporaryConstantPool.classEntry (0x00007943f78a7d88) [0x00007943f78a7e80, 0x00007943f78a8238] Compiler: c1, Barriers: 0, Oops: 0, ImmediateOops: 0, NonImmediateOops: No
[1,721s][debug][gc,nmethod  ] Register NMethod: java.lang.invoke.MethodHandles$Lookup$ClassDefiner.defineClass (0x00007943f78a8288) [0x00007943f78a8380, 0x00007943f78aa0c8] Compiler: c1, Barriers: 21, Oops: 0, ImmediateOops: 2, NonImmediateOops: No
[1,722s][debug][gc,nmethod  ] Register NMethod: java.lang.invoke.MethodHandles$Lookup.getDirectConstructor (0x00007943f78aa108) [0x00007943f78aa200, 0x00007943f78aa330] Compiler: c1, Barriers: 0, Oops: 0, ImmediateOops: 0, NonImmediateOops: No
[1,722s][debug][gc,nmethod  ] Register NMethod: java.lang.classfile.constantpool.ConstantPoolBuilder.classEntry (0x00007943f78aa408) [0x00007943f78aa500, 0x00007943f78ad638] Compiler: c1, Barriers: 9, Oops: 1, ImmediateOops: 2, NonImmediateOops: No
[1,722s][debug][gc,nmethod  ] Register NMethod: java.lang.invoke.BoundMethodHandle$Species_L.<init> (0x00007943f78ad688) [0x00007943f78ad780, 0x00007943f78ad9c0] Compiler: c1, Barriers: 3, Oops: 0, ImmediateOops: 0, NonImmediateOops: No
[1,722s][debug][gc,nmethod  ] Register NMethod: java.lang.invoke.MethodHandles$Lookup.getDirectConstructorCommon (0x00007943f78ada08) [0x00007943f78adb00, 0x00007943f78ae818] Compiler: c1, Barriers: 2, Oops: 0, ImmediateOops: 0, NonImmediateOops: No
[1,722s][debug][gc,nmethod  ] Register NMethod: jdk.internal.misc.Unsafe.storeFence (0x00007943f78ae888) [0x00007943f78ae980, 0x00007943f78aec58] Compiler: c1, Barriers: 0, Oops: 0, ImmediateOops: 0, NonImmediateOops: No
[1,723s][debug][gc,nmethod  ] Register NMethod: java.lang.invoke.MethodHandle.linkToInterface (0x0000794416c6f808) [0x0000794416c6f900, 0x0000794416c6fa30] Compiler: , Barriers: 0, Oops: 0, ImmediateOops: 0, NonImmediateOops: No
[1,724s][debug][gc,nmethod  ] Register NMethod: java.util.stream.ReferencePipeline$3$1.accept (0x0000794416c6fb08) [0x0000794416c6fc00, 0x0000794416c708e0] Compiler: jvmci, Barriers: 26, Oops: 0, ImmediateOops: 0, NonImmediateOops: No
[1,724s][debug][gc,nmethod  ] Register NMethod: java.util.stream.ReduceOps$3ReducingSink.accept (0x0000794416c70908) [0x0000794416c70a00, 0x0000794416c717b8] Compiler: jvmci, Barriers: 32, Oops: 0, ImmediateOops: 1, NonImmediateOops: No
[1,724s][debug][gc,nmethod  ] Register NMethod: java.util.Optional.isPresent (0x00007943f78aec88) [0x00007943f78aed80, 0x00007943f78aef00] Compiler: c1, Barriers: 1, Oops: 0, ImmediateOops: 0, NonImmediateOops: No
[1,724s][debug][gc,nmethod  ] Register NMethod: java.lang.reflect.Modifier.isPrivate (0x00007943f78aef88) [0x00007943f78af080, 0x00007943f78af1b0] Compiler: c1, Barriers: 0, Oops: 0, ImmediateOops: 0, NonImmediateOops: No
[1,725s][debug][gc,nmethod  ] Register NMethod: java.lang.AbstractStringBuilder.<init> (0x00007943f78af288) [0x00007943f78af380, 0x00007943f78b0128] Compiler: c1, Barriers: 4, Oops: 0, ImmediateOops: 0, NonImmediateOops: No
[1,725s][debug][gc,nmethod  ] Register NMethod: java.lang.reflect.AnnotatedElement.isAnnotationPresent (0x00007943f78b0188) [0x00007943f78b0280, 0x00007943f78b05c8] Compiler: c1, Barriers: 0, Oops: 0, ImmediateOops: 0, NonImmediateOops: No
[1,725s][debug][gc,nmethod  ] Register NMethod: java.util.Collections$UnmodifiableCollection.<init> (0x00007943f78b0608) [0x00007943f78b0700, 0x00007943f78b09c0] Compiler: c1, Barriers: 3, Oops: 0, ImmediateOops: 0, NonImmediateOops: No
[1,726s][debug][gc,nmethod  ] Register NMethod: java.util.LinkedHashMap$LinkedKeyIterator.next (0x00007943f78b0a08) [0x00007943f78b0b00, 0x00007943f78b1000] Compiler: c1, Barriers: 1, Oops: 0, ImmediateOops: 0, NonImmediateOops: No
[1,726s][debug][gc,nmethod  ] Register NMethod: java.util.LinkedHashMap$LinkedHashIterator.<init> (0x00007943f78b1008) [0x00007943f78b1100, 0x00007943f78b15d8] Compiler: c1, Barriers: 11, Oops: 0, ImmediateOops: 0, NonImmediateOops: No
[1,727s][debug][gc,nmethod  ] Register NMethod: java.util.Collections$EmptyMap.values (0x00007943f78b1608) [0x00007943f78b1700, 0x00007943f78b1860] Compiler: c1, Barriers: 0, Oops: 0, ImmediateOops: 1, NonImmediateOops: No
[1,727s][debug][gc,nmethod  ] Register NMethod: java.util.Collections$EmptySet.toArray (0x00007943f78b1908) [0x00007943f78b1a00, 0x00007943f78b1e00] Compiler: c1, Barriers: 3, Oops: 0, ImmediateOops: 0, NonImmediateOops: No
[1,727s][debug][gc,nmethod  ] Register NMethod: java.util.function.Predicate$$Lambda/0x00000000a9121900.test (0x00007943f78b1e08) [0x00007943f78b1f00, 0x00007943f78b2778] Compiler: c1, Barriers: 2, Oops: 0, ImmediateOops: 0, NonImmediateOops: No
[1,727s][debug][gc,nmethod  ] Register NMethod: java.lang.reflect.Modifier.isAbstract (0x00007943f78b2788) [0x00007943f78b2880, 0x00007943f78b29b0] Compiler: c1, Barriers: 0, Oops: 0, ImmediateOops: 0, NonImmediateOops: No
[1,727s][debug][gc,nmethod  ] Register NMethod: java.util.function.Predicate.lambda$or$0 (0x00007943f78b2a88) [0x00007943f78b2b80, 0x00007943f78b3118] Compiler: c1, Barriers: 0, Oops: 0, ImmediateOops: 0, NonImmediateOops: No
[1,727s][debug][gc,nmethod  ] Register NMethod: org.junit.jupiter.engine.discovery.predicates.IsTestableMethod.test (0x00007943f78b3188) [0x00007943f78b3280, 0x00007943f78b3780] Compiler: c1, Barriers: 0, Oops: 1, ImmediateOops: 0, NonImmediateOops: No
[1,727s][debug][gc,nmethod  ] Register NMethod: java.util.stream.Collectors$$Lambda/0x00000000a90e07a8.accept (0x0000794416c71808) [0x0000794416c71900, 0x0000794416c71f38] Compiler: jvmci, Barriers: 14, Oops: 0, ImmediateOops: 0, NonImmediateOops: No
[1,727s][debug][gc,nmethod  ] Register NMethod: org.junit.platform.commons.util.ReflectionUtils.isStatic (0x00007943f78b3808) [0x00007943f78b3900, 0x00007943f78b3e98] Compiler: c1, Barriers: 0, Oops: 2, ImmediateOops: 1, NonImmediateOops: No
[1,728s][debug][gc,nmethod  ] Register NMethod: org.junit.jupiter.engine.discovery.predicates.IsTestableMethod.test (0x00007943f78b3f08) [0x00007943f78b4000, 0x00007943f78b5468] Compiler: c1, Barriers: 3, Oops: 3, ImmediateOops: 4, NonImmediateOops: No
[1,728s][debug][gc,nmethod  ] Register NMethod: org.junit.jupiter.engine.discovery.predicates.IsTestMethod.test (0x00007943f78b5488) [0x00007943f78b5580, 0x00007943f78b56b8] Compiler: c1, Barriers: 0, Oops: 1, ImmediateOops: 0, NonImmediateOops: No
[1,728s][debug][gc,director ] Rule Major: Warmup 10%, Used: 92MB, UsedThreshold: 1228MB
[1,728s][debug][gc,nmethod  ] Register NMethod: org.junit.jupiter.engine.discovery.predicates.IsTestTemplateMethod.test (0x00007943f78b5788) [0x00007943f78b5880, 0x00007943f78b59b8] Compiler: c1, Barriers: 0, Oops: 1, ImmediateOops: 0, NonImmediateOops: No
[1,729s][debug][gc,nmethod  ] Register NMethod: org.junit.jupiter.engine.discovery.predicates.IsTestFactoryMethod.test (0x00007943f78b5a88) [0x00007943f78b5b80, 0x00007943f78b5cb8] Compiler: c1, Barriers: 0, Oops: 1, ImmediateOops: 0, NonImmediateOops: No
[1,729s][debug][gc,nmethod  ] Register NMethod: java.util.LinkedHashMap.values (0x00007943f78b5d88) [0x00007943f78b5e80, 0x00007943f78b6178] Compiler: c1, Barriers: 0, Oops: 0, ImmediateOops: 0, NonImmediateOops: No
[1,729s][debug][gc,nmethod  ] Register NMethod: java.util.LinkedHashMap$LinkedValues.toArray (0x00007943f78b6188) [0x00007943f78b6280, 0x00007943f78b67b8] Compiler: c1, Barriers: 1, Oops: 0, ImmediateOops: 0, NonImmediateOops: No
[1,729s][debug][gc,nmethod  ] Register NMethod: org.junit.platform.commons.util.AnnotationUtils.findMetaAnnotation (0x00007943f78b6808) [0x00007943f78b6900, 0x00007943f78b7af8] Compiler: c1, Barriers: 3, Oops: 2, ImmediateOops: 2, NonImmediateOops: No
[1,729s][debug][gc,nmethod  ] Register NMethod: java.util.LinkedHashMap$LinkedEntryIterator.next (0x00007943f78b7b88) [0x00007943f78b7c80, 0x00007943f78b7f78] Compiler: c1, Barriers: 0, Oops: 0, ImmediateOops: 0, NonImmediateOops: No
[1,729s][debug][gc,nmethod  ] Register NMethod: java.util.LinkedHashMap$LinkedEntryIterator.next (0x00007943f78b7f88) [0x00007943f78b8080, 0x00007943f78b8590] Compiler: c1, Barriers: 0, Oops: 0, ImmediateOops: 0, NonImmediateOops: No
[1,729s][debug][gc,nmethod  ] Register NMethod: jdk.proxy3.$Proxy10.annotationType (0x00007943f78b8608) [0x00007943f78b8700, 0x00007943f78b8d68] Compiler: c1, Barriers: 1, Oops: 1, ImmediateOops: 1, NonImmediateOops: No
[1,730s][debug][gc,nmethod  ] Register NMethod: java.lang.Class.isAnnotationPresent (0x00007943f78b8d88) [0x00007943f78b8e80, 0x00007943f78b9678] Compiler: c1, Barriers: 1, Oops: 0, ImmediateOops: 0, NonImmediateOops: No
[1,730s][debug][gc,nmethod  ] Register NMethod: java.lang.reflect.AccessibleObject.getDeclaredAnnotation (0x00007943f78b9688) [0x00007943f78b9780, 0x00007943f78b9a80] Compiler: c1, Barriers: 0, Oops: 0, ImmediateOops: 0, NonImmediateOops: No
[1,730s][debug][gc,nmethod  ] Register NMethod: java.util.Collections.unmodifiableList (0x00007943f78b9a88) [0x00007943f78b9b80, 0x00007943f78baa58] Compiler: c1, Barriers: 12, Oops: 0, ImmediateOops: 2, NonImmediateOops: No
[1,730s][debug][gc,nmethod  ] Register NMethod: java.util.stream.FindOps$FindOp.getOpFlags (0x0000794416c71f88) [0x0000794416c72080, 0x0000794416c72140] Compiler: c1, Barriers: 0, Oops: 0, ImmediateOops: 0, NonImmediateOops: No
[1,730s][debug][gc,nmethod  ] Register NMethod: java.lang.Class.hasEnclosingMethodInfo (0x00007943f78baa88) [0x00007943f78bab80, 0x00007943f78bad40] Compiler: c1, Barriers: 0, Oops: 0, ImmediateOops: 0, NonImmediateOops: No
[1,730s][debug][gc,nmethod  ] Register NMethod: org.junit.platform.commons.util.AnnotationUtils.findAnnotation (0x00007943f78bad88) [0x00007943f78bae80, 0x00007943f78bbdb8] Compiler: c1, Barriers: 4, Oops: 3, ImmediateOops: 2, NonImmediateOops: No
[1,730s][debug][gc,nmethod  ] Register NMethod: java.util.LinkedHashMap.entrySet (0x00007943f78bbe08) [0x00007943f78bbf00, 0x00007943f78bc1f8] Compiler: c1, Barriers: 0, Oops: 0, ImmediateOops: 0, NonImmediateOops: No
[1,730s][debug][gc,nmethod  ] Register NMethod: java.lang.Class.isLocalOrAnonymousClass (0x00007943f78bc208) [0x00007943f78bc300, 0x00007943f78bc500] Compiler: c1, Barriers: 0, Oops: 0, ImmediateOops: 0, NonImmediateOops: No
[1,731s][debug][gc,nmethod  ] Register NMethod: org.junit.platform.commons.util.AnnotationUtils.findAnnotation (0x00007943f78bc508) [0x00007943f78bc600, 0x00007943f78be7b8] Compiler: c1, Barriers: 7, Oops: 2, ImmediateOops: 4, NonImmediateOops: No
[1,731s][debug][gc,nmethod  ] Register NMethod: java.util.Optional.of (0x00007943f78be808) [0x00007943f78be900, 0x00007943f78beca8] Compiler: c1, Barriers: 3, Oops: 0, ImmediateOops: 0, NonImmediateOops: No
[1,731s][debug][gc,nmethod  ] Register NMethod: jdk.proxy2.$Proxy1.annotationType (0x00007943f78bed08) [0x00007943f78bee00, 0x00007943f78bf468] Compiler: c1, Barriers: 1, Oops: 0, ImmediateOops: 1, NonImmediateOops: No
[1,731s][debug][gc,nmethod  ] Register NMethod: java.util.LinkedHashMap$LinkedEntryIterator.<init> (0x00007943f78bf488) [0x00007943f78bf580, 0x00007943f78bf808] Compiler: c1, Barriers: 0, Oops: 0, ImmediateOops: 0, NonImmediateOops: No
[1,731s][debug][gc,nmethod  ] Register NMethod: java.util.LinkedHashMap$LinkedEntrySet.iterator (0x00007943f78bf888) [0x00007943f78bf980, 0x00007943f78bfd10] Compiler: c1, Barriers: 1, Oops: 0, ImmediateOops: 0, NonImmediateOops: No
[1,731s][debug][gc,nmethod  ] Register NMethod: java.util.LinkedHashMap.sequencedEntrySet (0x00007943f78bfd88) [0x00007943f78bfe80, 0x00007943f78c0558] Compiler: c1, Barriers: 7, Oops: 0, ImmediateOops: 0, NonImmediateOops: No
[1,731s][debug][gc,nmethod  ] Register NMethod: jdk.proxy2.$Proxy14.annotationType (0x00007943f78c0588) [0x00007943f78c0680, 0x00007943f78c0ce8] Compiler: c1, Barriers: 1, Oops: 0, ImmediateOops: 1, NonImmediateOops: No
[1,731s][debug][gc,nmethod  ] Register NMethod: org.junit.platform.engine.UniqueId$Segment.hashCode (0x00007943f78c0d08) [0x00007943f78c0e00, 0x00007943f78c1640] Compiler: c1, Barriers: 8, Oops: 1, ImmediateOops: 0, NonImmediateOops: No
[1,731s][debug][gc,nmethod  ] Register NMethod: java.util.stream.Collectors$$Lambda/0x00000000a9110410.get (0x00007943f78c1688) [0x00007943f78c1780, 0x00007943f78c1ac8] Compiler: c1, Barriers: 3, Oops: 0, ImmediateOops: 1, NonImmediateOops: No
[1,731s][debug][gc,nmethod  ] Register NMethod: java.util.stream.Collectors.toList (0x00007943f78c1b08) [0x00007943f78c1c00, 0x00007943f78c1fc8] Compiler: c1, Barriers: 0, Oops: 5, ImmediateOops: 4, NonImmediateOops: No
[1,731s][debug][gc,nmethod  ] Register NMethod: java.util.stream.Collectors.toCollection (0x00007943f78c2008) [0x00007943f78c2100, 0x00007943f78c2408] Compiler: c1, Barriers: 0, Oops: 3, ImmediateOops: 3, NonImmediateOops: No
[1,732s][debug][gc,nmethod  ] Register NMethod: sun.reflect.annotation.AnnotationInvocationHandler.hashCodeImpl (0x00007943f78c2488) [0x00007943f78c2580, 0x00007943f78c3a00] Compiler: c1, Barriers: 1, Oops: 0, ImmediateOops: 0, NonImmediateOops: No
[1,732s][debug][gc,nmethod  ] Register NMethod: java.lang.Class.getAnnotations (0x00007943f78c3a08) [0x00007943f78c3b00, 0x00007943f78c42f8] Compiler: c1, Barriers: 1, Oops: 0, ImmediateOops: 1, NonImmediateOops: No
[1,732s][debug][gc,nmethod  ] Register NMethod: java.lang.String.startsWith (0x00007943f78c4308) [0x00007943f78c4400, 0x00007943f78c5620] Compiler: c1, Barriers: 2, Oops: 0, ImmediateOops: 0, NonImmediateOops: No
[1,733s][debug][gc,nmethod  ] Register NMethod: jdk.internal.constant.ConstantUtils.internalNameToDesc (0x00007943f78c5688) [0x00007943f78c5780, 0x00007943f78c7b98] Compiler: c1, Barriers: 4, Oops: 2, ImmediateOops: 12, NonImmediateOops: No
[1,733s][debug][gc,nmethod  ] Register NMethod: org.junit.platform.commons.util.ReflectionUtils.hasCompatibleSignature (0x0000794416c72288) [0x0000794416c72380, 0x0000794416c73028] Compiler: jvmci, Barriers: 8, Oops: 1, ImmediateOops: 0, NonImmediateOops: No
[1,734s][debug][gc,nmethod  ] Register NMethod: jdk.internal.util.ArraysSupport.mismatch (0x00007943f78c7c08) [0x00007943f78c7d00, 0x00007943f78c80e0] Compiler: c1, Barriers: 0, Oops: 0, ImmediateOops: 0, NonImmediateOops: No
[1,734s][debug][gc,nmethod  ] Register NMethod: java.util.TimSort.countRunAndMakeAscending (0x00007943f78c8108) [0x00007943f78c8200, 0x00007943f78c8db8] Compiler: c1, Barriers: 6, Oops: 0, ImmediateOops: 0, NonImmediateOops: No
[1,734s][debug][gc,nmethod  ] Register NMethod: java.util.HashMap.calculateHashMapCapacity (0x00007943f78c8e08) [0x00007943f78c8f20, 0x00007943f78c90b8] Compiler: c1, Barriers: 0, Oops: 0, ImmediateOops: 0, NonImmediateOops: No
[1,734s][debug][gc,nmethod  ] Register NMethod: java.lang.Module.isExported (0x00007943f78c9108) [0x00007943f78c9200, 0x00007943f78c95c8] Compiler: c1, Barriers: 0, Oops: 0, ImmediateOops: 0, NonImmediateOops: No
[1,734s][debug][gc,nmethod  ] Register NMethod: java.lang.classfile.attribute.StackMapFrameInfo.of (0x00007943f78c9608) [0x00007943f78c9700, 0x00007943f78c9898] Compiler: c1, Barriers: 0, Oops: 0, ImmediateOops: 0, NonImmediateOops: No
[1,734s][debug][gc,nmethod  ] Register NMethod: jdk.internal.classfile.impl.DirectCodeBuilder.athrow (0x00007943f78c9908) [0x00007943f78c9a00, 0x00007943f78c9d48] Compiler: c1, Barriers: 1, Oops: 0, ImmediateOops: 0, NonImmediateOops: No
[1,735s][debug][gc,nmethod  ] Register NMethod: java.lang.classfile.CodeBuilder.newBoundLabel (0x00007943f78c9d88) [0x00007943f78c9e80, 0x00007943f78ca8d8] Compiler: c1, Barriers: 4, Oops: 0, ImmediateOops: 0, NonImmediateOops: No
[1,735s][debug][gc,nmethod  ] Register NMethod: jdk.internal.classfile.impl.StackMapDecoder$StackMapFrameImpl.<init> (0x00007943f78ca908) [0x00007943f78caa00, 0x00007943f78cafa0] Compiler: c1, Barriers: 9, Oops: 0, ImmediateOops: 0, NonImmediateOops: No
[1,735s][debug][gc,nmethod  ] Register NMethod: java.lang.Class.getDeclaredAnnotations (0x00007943f78cb008) [0x00007943f78cb100, 0x00007943f78cb8f8] Compiler: c1, Barriers: 1, Oops: 0, ImmediateOops: 1, NonImmediateOops: No
[1,735s][debug][gc,nmethod  ] Register NMethod: jdk.internal.classfile.impl.StackMapDecoder.writeFrame (0x00007943f78cb908) [0x00007943f78cba00, 0x00007943f78d0510] Compiler: c1, Barriers: 15, Oops: 0, ImmediateOops: 1, NonImmediateOops: No
[1,735s][debug][gc,nmethod  ] Register NMethod: java.util.HashMap.afterNodeAccess (0x00007943f78d0588) [0x00007943f78d0680, 0x00007943f78d0780] Compiler: c1, Barriers: 0, Oops: 0, ImmediateOops: 0, NonImmediateOops: No
[1,735s][debug][gc,nmethod  ] Register NMethod: org.junit.platform.commons.util.ReflectionUtils.isSearchable (0x00007943f78d0888) [0x00007943f78d0980, 0x00007943f78d0ae8] Compiler: c1, Barriers: 0, Oops: 1, ImmediateOops: 1, NonImmediateOops: No
[1,736s][debug][gc,nmethod  ] Register NMethod: jdk.internal.classfile.impl.StackMapDecoder.writeTypeInfo (0x00007943f78d0b88) [0x00007943f78d0c80, 0x00007943f78d4d98] Compiler: c1, Barriers: 3, Oops: 2, ImmediateOops: 5, NonImmediateOops: No
[1,736s][debug][gc,nmethod  ] Register NMethod: java.lang.Class.getDeclaredAnnotation (0x00007943f78d4e08) [0x00007943f78d4f00, 0x00007943f78d55e8] Compiler: c1, Barriers: 1, Oops: 0, ImmediateOops: 0, NonImmediateOops: No
[1,736s][debug][gc,nmethod  ] Register NMethod: java.lang.Long.hashCode (0x00007943f78d5608) [0x00007943f78d5700, 0x00007943f78d5838] Compiler: c1, Barriers: 0, Oops: 0, ImmediateOops: 0, NonImmediateOops: No
[1,736s][debug][gc,nmethod  ] Register NMethod: org.junit.platform.engine.SelectorResolutionResult.getStatus (0x0000794416c73088) [0x0000794416c73180, 0x0000794416c73268] Compiler: c1, Barriers: 1, Oops: 1, ImmediateOops: 0, NonImmediateOops: No
[1,736s][debug][gc,nmethod  ] Register NMethod: jdk.proxy3.$Proxy10.hashCode (0x00007943f78d5908) [0x00007943f78d5a00, 0x00007943f78d6248] Compiler: c1, Barriers: 1, Oops: 1, ImmediateOops: 1, NonImmediateOops: No
[1,736s][debug][gc,nmethod  ] Register NMethod: sun.reflect.annotation.AnnotationInvocationHandler.memberValueHashCode (0x00007943f78d6288) [0x00007943f78d6380, 0x00007943f78d8580] Compiler: c1, Barriers: 2, Oops: 0, ImmediateOops: 8, NonImmediateOops: No
[1,736s][debug][gc,nmethod  ] Register NMethod: java.util.stream.SortedOps$SizedRefSortingSink.end (0x00007943f78d8588) [0x00007943f78d8680, 0x00007943f78d96e8] Compiler: c1, Barriers: 14, Oops: 0, ImmediateOops: 0, NonImmediateOops: No
[1,737s][debug][gc,nmethod  ] Register NMethod: java.lang.invoke.MethodHandle.linkToSpecial (0x0000794416c73388) [0x0000794416c73480, 0x0000794416c73578] Compiler: , Barriers: 0, Oops: 0, ImmediateOops: 0, NonImmediateOops: No
[1,738s][debug][gc,director ] Rule Major: Warmup 10%, Used: 96MB, UsedThreshold: 1228MB
[1,738s][debug][gc,nmethod  ] Register NMethod: java.util.ArrayList$ArrayListSpliterator.tryAdvance (0x0000794416c73688) [0x0000794416c73780, 0x0000794416c74bd8] Compiler: jvmci, Barriers: 19, Oops: 1, ImmediateOops: 0, NonImmediateOops: No
[1,739s][debug][gc,nmethod  ] Register NMethod: java.util.stream.MatchOps$1MatchSink.accept (0x0000794416c74c08) [0x0000794416c74d00, 0x0000794416c75c48] Compiler: jvmci, Barriers: 13, Oops: 1, ImmediateOops: 0, NonImmediateOops: No
[1,739s][debug][gc,nmethod  ] Register NMethod: java.lang.invoke.MethodHandle.linkToInterface (0x0000794416c75c88) [0x0000794416c75d80, 0x0000794416c75eb0] Compiler: , Barriers: 0, Oops: 0, ImmediateOops: 0, NonImmediateOops: No
[1,740s][debug][gc,nmethod  ] Register NMethod: jdk.internal.loader.BuiltinClassLoader.isSealed (0x00007943f78d9708) [0x00007943f78d9800, 0x00007943f78dd2b0] Compiler: c1, Barriers: 10, Oops: 3, ImmediateOops: 15, NonImmediateOops: No
[1,740s][debug][gc,nmethod  ] Register NMethod: java.util.StringJoiner.<init> (0x0000794416c75f88) [0x0000794416c76080, 0x0000794416c76410] Compiler: jvmci, Barriers: 11, Oops: 0, ImmediateOops: 0, NonImmediateOops: No
[1,740s][debug][gc,nmethod  ] Register NMethod: java.lang.classfile.CodeBuilder.getfield (0x00007943f78dd308) [0x00007943f78dd400, 0x00007943f78ddde0] Compiler: c1, Barriers: 1, Oops: 1, ImmediateOops: 1, NonImmediateOops: No
[1,740s][debug][gc,nmethod  ] Register NMethod: java.lang.classfile.ClassBuilder.withField (0x00007943f78dde08) [0x00007943f78ddf00, 0x00007943f78dec40] Compiler: c1, Barriers: 6, Oops: 0, ImmediateOops: 0, NonImmediateOops: No
[1,741s][debug][gc,nmethod  ] Register NMethod: java.lang.String.startsWith (0x00007943f78dec88) [0x00007943f78ded80, 0x00007943f78df078] Compiler: c1, Barriers: 0, Oops: 0, ImmediateOops: 0, NonImmediateOops: No
[1,741s][debug][gc,nmethod  ] Register NMethod: org.junit.platform.commons.util.AnnotationUtils.isInJavaLangAnnotationPackage (0x00007943f78df088) [0x00007943f78df180, 0x00007943f78df9c8] Compiler: c1, Barriers: 1, Oops: 2, ImmediateOops: 1, NonImmediateOops: No
[1,741s][debug][gc,nmethod  ] Register NMethod: java.lang.invoke.TypeConvertingMethodAdapter.classDesc (0x00007943f78dfa08) [0x00007943f78dfb00, 0x00007943f78e0ca8] Compiler: c1, Barriers: 3, Oops: 1, ImmediateOops: 6, NonImmediateOops: No
[1,742s][debug][gc,nmethod  ] Register NMethod: org.junit.platform.engine.UniqueId.hashCode (0x00007943f78e0d08) [0x00007943f78e0e00, 0x00007943f78e11b0] Compiler: c1, Barriers: 1, Oops: 1, ImmediateOops: 0, NonImmediateOops: No
[1,742s][debug][gc,nmethod  ] Register NMethod: java.util.ArrayDeque.isEmpty (0x00007943f78e1208) [0x00007943f78e1300, 0x00007943f78e1450] Compiler: c1, Barriers: 0, Oops: 0, ImmediateOops: 0, NonImmediateOops: No
[1,742s][debug][gc,nmethod  ] Register NMethod: org.junit.platform.engine.discovery.MethodSelector.hashCode (0x00007943f78e1508) [0x00007943f78e1600, 0x00007943f78e2118] Compiler: c1, Barriers: 12, Oops: 1, ImmediateOops: 0, NonImmediateOops: No
[1,742s][debug][gc,nmethod  ] Register NMethod: jdk.proxy2.$Proxy15.annotationType (0x00007943f78e2188) [0x00007943f78e2280, 0x00007943f78e28e8] Compiler: c1, Barriers: 1, Oops: 0, ImmediateOops: 1, NonImmediateOops: No
[1,743s][debug][gc,nmethod  ] Register NMethod: java.util.HashMap.<init> (0x00007943f78e2908) [0x00007943f78e2a20, 0x00007943f78e2b58] Compiler: c1, Barriers: 0, Oops: 0, ImmediateOops: 0, NonImmediateOops: No
[1,743s][debug][gc,nmethod  ] Register NMethod: java.util.LinkedHashMap.<init> (0x00007943f78e2c08) [0x00007943f78e2d00, 0x00007943f78e2e50] Compiler: c1, Barriers: 0, Oops: 0, ImmediateOops: 0, NonImmediateOops: No
[1,743s][debug][gc,nmethod  ] Register NMethod: java.util.HashSet.<init> (0x00007943f78e2f08) [0x00007943f78e3000, 0x00007943f78e33a8] Compiler: c1, Barriers: 3, Oops: 0, ImmediateOops: 0, NonImmediateOops: No
[1,743s][debug][gc,nmethod  ] Register NMethod: java.lang.Class.privateGetPublicMethods (0x00007943f78e3408) [0x00007943f78e3500, 0x00007943f78e4c90] Compiler: c1, Barriers: 11, Oops: 0, ImmediateOops: 0, NonImmediateOops: No
[1,744s][debug][gc,nmethod  ] Register NMethod: java.lang.Class.isMemberClass (0x00007943f78e4d08) [0x00007943f78e4e00, 0x00007943f78e5120] Compiler: c1, Barriers: 0, Oops: 0, ImmediateOops: 0, NonImmediateOops: No
[1,745s][debug][gc,nmethod  ] Register NMethod: jdk.proxy3.$Proxy6.annotationType (0x00007943f78e5188) [0x00007943f78e5280, 0x00007943f78e58e8] Compiler: c1, Barriers: 1, Oops: 1, ImmediateOops: 1, NonImmediateOops: No
[1,745s][debug][gc,nmethod  ] Register NMethod: java.util.TimSort.gallopLeft (0x00007943f78e5908) [0x00007943f78e5a00, 0x00007943f78e69e8] Compiler: c1, Barriers: 4, Oops: 0, ImmediateOops: 0, NonImmediateOops: No
[1,745s][debug][gc,nmethod  ] Register NMethod: java.util.TimSort.gallopRight (0x00007943f78e6a08) [0x00007943f78e6b00, 0x00007943f78e7b18] Compiler: c1, Barriers: 4, Oops: 0, ImmediateOops: 0, NonImmediateOops: No
[1,745s][debug][gc,nmethod  ] Register NMethod: java.util.Optional.isEmpty (0x00007943f78e7b88) [0x00007943f78e7c80, 0x00007943f78e7e00] Compiler: c1, Barriers: 1, Oops: 0, ImmediateOops: 0, NonImmediateOops: No
[1,745s][debug][gc,nmethod  ] Register NMethod: org.junit.platform.commons.util.ClassUtils.nullSafeToString (0x00007943f78e7e88) [0x00007943f78e7f80, 0x00007943f78e8c10] Compiler: c1, Barriers: 0, Oops: 3, ImmediateOops: 4, NonImmediateOops: No
[1,745s][debug][gc,nmethod  ] Register NMethod: org.junit.platform.engine.support.descriptor.AbstractTestDescriptor.setParent (0x0000794416c76488) [0x0000794416c76580, 0x0000794416c766b0] Compiler: c1, Barriers: 3, Oops: 1, ImmediateOops: 0, NonImmediateOops: No
[1,745s][debug][gc,nmethod  ] Register NMethod: org.junit.platform.engine.support.discovery.EngineDiscoveryRequestResolution$$Lambda/0x00000000a917b0b8.apply (0x00007943f78e8c88) [0x00007943f78e8d80, 0x00007943f78e9150] Compiler: c1, Barriers: 2, Oops: 1, ImmediateOops: 0, NonImmediateOops: No
[1,745s][debug][gc,nmethod  ] Register NMethod: org.junit.platform.engine.support.discovery.SelectorResolver$Resolution.isResolved (0x00007943f78e9188) [0x00007943f78e9280, 0x00007943f78e93d8] Compiler: c1, Barriers: 0, Oops: 1, ImmediateOops: 1, NonImmediateOops: No
[1,746s][debug][gc,nmethod  ] Register NMethod: org.junit.platform.engine.support.discovery.EngineDiscoveryRequestResolution.getContext (0x00007943f78e9488) [0x00007943f78e9580, 0x00007943f78e9b10] Compiler: c1, Barriers: 2, Oops: 1, ImmediateOops: 0, NonImmediateOops: No
[1,746s][debug][gc,nmethod  ] Register NMethod: org.junit.platform.engine.support.discovery.EngineDiscoveryRequestResolution$$Lambda/0x00000000a917b308.test (0x00007943f78e9b88) [0x00007943f78e9c80, 0x00007943f78ea058] Compiler: c1, Barriers: 0, Oops: 1, ImmediateOops: 1, NonImmediateOops: No
[1,746s][debug][gc,nmethod  ] Register NMethod: org.junit.platform.engine.support.discovery.SelectorResolver$Resolution.getMatches (0x0000794416c76788) [0x0000794416c76880, 0x0000794416c76968] Compiler: c1, Barriers: 1, Oops: 1, ImmediateOops: 0, NonImmediateOops: No
[1,746s][debug][gc,nmethod  ] Register NMethod: org.junit.platform.engine.support.discovery.EngineDiscoveryRequestResolution.lambda$resolve$2 (0x00007943f78ea088) [0x00007943f78ea180, 0x00007943f78ef1f8] Compiler: c1, Barriers: 2, Oops: 1, ImmediateOops: 0, NonImmediateOops: No
[1,746s][debug][gc,nmethod  ] Register NMethod: java.util.Optional.map (0x00007943f78ef208) [0x00007943f78ef300, 0x00007943f78efce8] Compiler: c1, Barriers: 4, Oops: 0, ImmediateOops: 2, NonImmediateOops: No
[1,746s][debug][gc,nmethod  ] Register NMethod: java.util.Optional.get (0x00007943f78efd08) [0x00007943f78efe00, 0x00007943f78f0040] Compiler: c1, Barriers: 1, Oops: 0, ImmediateOops: 1, NonImmediateOops: No
[1,747s][debug][gc,nmethod  ] Register NMethod: java.lang.Character.isUpperCase (0x00007943f78f0088) [0x00007943f78f0180, 0x00007943f78f04b0] Compiler: c1, Barriers: 0, Oops: 0, ImmediateOops: 0, NonImmediateOops: No
[1,747s][debug][gc,nmethod  ] Register NMethod: java.lang.StringBuilder.append (0x00007943f78f0508) [0x00007943f78f0600, 0x00007943f78f0748] Compiler: c1, Barriers: 0, Oops: 0, ImmediateOops: 0, NonImmediateOops: No
[1,747s][debug][gc,nmethod  ] Register NMethod: java.lang.Character.isUpperCase (0x00007943f78f0808) [0x00007943f78f0900, 0x00007943f78f0c88] Compiler: c1, Barriers: 0, Oops: 0, ImmediateOops: 0, NonImmediateOops: No
[1,747s][debug][gc,nmethod  ] Register NMethod: java.util.Formatter$Conversion.isValid (0x00007943f78f0d08) [0x00007943f78f0e00, 0x00007943f78f1328] Compiler: c1, Barriers: 0, Oops: 0, ImmediateOops: 0, NonImmediateOops: No
[1,747s][debug][gc,nmethod  ] Register NMethod: java.util.Formatter$Conversion.isText (0x00007943f78f1388) [0x00007943f78f1480, 0x00007943f78f15d8] Compiler: c1, Barriers: 0, Oops: 0, ImmediateOops: 0, NonImmediateOops: No
[1,747s][debug][gc,nmethod  ] Register NMethod: java.lang.AbstractStringBuilder.append (0x00007943f78f1688) [0x00007943f78f1780, 0x00007943f78f2290] Compiler: c1, Barriers: 4, Oops: 1, ImmediateOops: 2, NonImmediateOops: No
[1,747s][debug][gc,nmethod  ] Register NMethod: java.util.Formatter$FormatSpecifier.<init> (0x00007943f78f2308) [0x00007943f78f2400, 0x00007943f78f2cc8] Compiler: c1, Barriers: 0, Oops: 0, ImmediateOops: 0, NonImmediateOops: No
[1,747s][debug][gc,nmethod  ] Register NMethod: java.lang.AbstractStringBuilder.appendChars (0x00007943f78f2d08) [0x00007943f78f2e00, 0x00007943f78f48d8] Compiler: c1, Barriers: 5, Oops: 1, ImmediateOops: 2, NonImmediateOops: No
[1,747s][debug][gc,nmethod  ] Register NMethod: java.util.Formatter$FormatSpecifier.appendJustified (0x00007943f78f4908) [0x00007943f78f4a00, 0x00007943f78f5768] Compiler: c1, Barriers: 0, Oops: 0, ImmediateOops: 0, NonImmediateOops: No
[1,748s][debug][gc,nmethod  ] Register NMethod: java.lang.StringBuilder.append (0x00007943f78f5788) [0x00007943f78f5880, 0x00007943f78f5be0] Compiler: c1, Barriers: 0, Oops: 0, ImmediateOops: 0, NonImmediateOops: No
[1,748s][debug][gc,nmethod  ] Register NMethod: java.util.Formatter$FormatSpecifier.print (0x00007943f78f5c08) [0x00007943f78f5d00, 0x00007943f78f6610] Compiler: c1, Barriers: 2, Oops: 0, ImmediateOops: 2, NonImmediateOops: No
[1,748s][debug][gc,nmethod  ] Register NMethod: java.lang.StringBuilder.append (0x00007943f78f6688) [0x00007943f78f6780, 0x00007943f78f68c8] Compiler: c1, Barriers: 0, Oops: 0, ImmediateOops: 0, NonImmediateOops: No
[1,748s][debug][gc,nmethod  ] Register NMethod: java.lang.AbstractStringBuilder.append (0x00007943f78f6988) [0x00007943f78f6a80, 0x00007943f78f7cd8] Compiler: c1, Barriers: 0, Oops: 0, ImmediateOops: 0, NonImmediateOops: No
[1,748s][debug][gc,nmethod  ] Register NMethod: jdk.proxy2.$Proxy17.annotationType (0x00007943f78f7d08) [0x00007943f78f7e00, 0x00007943f78f8468] Compiler: c1, Barriers: 1, Oops: 0, ImmediateOops: 1, NonImmediateOops: No
[1,748s][debug][gc,nmethod  ] Register NMethod: java.util.Formatter$FormatSpecifier.print (0x00007943f78f8488) [0x00007943f78f8580, 0x00007943f78f9958] Compiler: c1, Barriers: 4, Oops: 1, ImmediateOops: 2, NonImmediateOops: No
[1,748s][debug][gc,nmethod  ] Register NMethod: java.util.Formatter$FixedString.<init> (0x00007943f78f9988) [0x00007943f78f9a80, 0x00007943f78f9cb8] Compiler: c1, Barriers: 3, Oops: 0, ImmediateOops: 0, NonImmediateOops: No
[1,748s][debug][gc,nmethod  ] Register NMethod: java.util.Formatter$FormatSpecifier.printString (0x00007943f78f9d08) [0x00007943f78f9e00, 0x00007943f78fb518] Compiler: c1, Barriers: 8, Oops: 0, ImmediateOops: 1, NonImmediateOops: No
[1,748s][debug][gc,nmethod  ] Register NMethod: java.lang.StringBuilder.append (0x00007943f78fb588) [0x00007943f78fb680, 0x00007943f78fb9e0] Compiler: c1, Barriers: 0, Oops: 0, ImmediateOops: 0, NonImmediateOops: No
[1,748s][debug][gc,nmethod  ] Register NMethod: java.util.Formatter$FixedString.print (0x00007943f78fba08) [0x00007943f78fbb00, 0x00007943f78fbe80] Compiler: c1, Barriers: 2, Oops: 0, ImmediateOops: 0, NonImmediateOops: No
[1,748s][debug][gc,director ] Rule Major: Warmup 10%, Used: 98MB, UsedThreshold: 1228MB
[1,748s][debug][gc,nmethod  ] Register NMethod: jdk.proxy3.$Proxy18.annotationType (0x00007943f78fbe88) [0x00007943f78fbf80, 0x00007943f78fc5e8] Compiler: c1, Barriers: 1, Oops: 1, ImmediateOops: 1, NonImmediateOops: No
[1,748s][debug][gc,nmethod  ] Register NMethod: jdk.proxy3.$Proxy18.hashCode (0x00007943f78fc608) [0x00007943f78fc700, 0x00007943f78fcf48] Compiler: c1, Barriers: 1, Oops: 1, ImmediateOops: 1, NonImmediateOops: No
[1,748s][debug][gc,nmethod  ] Register NMethod: jdk.proxy3.$Proxy18.equals (0x00007943f78fcf88) [0x00007943f78fd080, 0x00007943f78fdbf0] Compiler: c1, Barriers: 4, Oops: 2, ImmediateOops: 1, NonImmediateOops: No
[1,748s][debug][gc,nmethod  ] Register NMethod: jdk.proxy3.$Proxy6.hashCode (0x00007943f78fdc08) [0x00007943f78fdd00, 0x00007943f78fe548] Compiler: c1, Barriers: 1, Oops: 1, ImmediateOops: 1, NonImmediateOops: No
[1,749s][debug][gc,nmethod  ] Register NMethod: java.util.Formatter.ensureOpen (0x00007943f78fe588) [0x00007943f78fe680, 0x00007943f78fe860] Compiler: c1, Barriers: 1, Oops: 0, ImmediateOops: 0, NonImmediateOops: No
[1,749s][debug][gc,nmethod  ] Register NMethod: org.junit.platform.commons.util.ClassUtils.nullSafeToString (0x00007943f78fe888) [0x00007943f78fe980, 0x00007943f78feb58] Compiler: c1, Barriers: 0, Oops: 2, ImmediateOops: 1, NonImmediateOops: No
[1,749s][debug][gc,nmethod  ] Register NMethod: org.junit.platform.commons.util.AnnotationUtils.findRepeatableAnnotations (0x00007943f78feb88) [0x00007943f78fec80, 0x00007943f7905af8] Compiler: c1, Barriers: 21, Oops: 8, ImmediateOops: 21, NonImmediateOops: No
[1,749s][debug][gc,nmethod  ] Register NMethod: org.junit.platform.engine.support.discovery.SelectorResolver$Resolution.unresolved (0x00007943f7905b88) [0x00007943f7905c80, 0x00007943f7905d68] Compiler: c1, Barriers: 0, Oops: 1, ImmediateOops: 1, NonImmediateOops: No
[1,749s][debug][gc,nmethod  ] Register NMethod: java.util.TimSort.mergeCollapse (0x00007943f7905e88) [0x00007943f7905f80, 0x00007943f79064f0] Compiler: c1, Barriers: 4, Oops: 0, ImmediateOops: 0, NonImmediateOops: No
[1,749s][debug][gc,nmethod  ] Register NMethod: java.util.stream.FindOps.makeRef (0x00007943f7906508) [0x00007943f7906600, 0x00007943f7906758] Compiler: c1, Barriers: 0, Oops: 0, ImmediateOops: 2, NonImmediateOops: No
[1,749s][debug][gc,nmethod  ] Register NMethod: org.junit.platform.commons.util.ReflectionUtils.isStatic (0x00007943f7906808) [0x00007943f7906900, 0x00007943f7906e70] Compiler: c1, Barriers: 0, Oops: 2, ImmediateOops: 1, NonImmediateOops: No
[1,749s][debug][gc,nmethod  ] Register NMethod: org.junit.platform.commons.util.ReflectionUtils.isInnerClass (0x00007943f7906e88) [0x00007943f7906f80, 0x00007943f7907c00] Compiler: c1, Barriers: 0, Oops: 2, ImmediateOops: 2, NonImmediateOops: No
[1,750s][debug][gc,nmethod  ] Register NMethod: org.junit.platform.launcher.core.DefaultDiscoveryRequest.getDiscoveryListener (0x0000794416c76a88) [0x0000794416c76b80, 0x0000794416c76c68] Compiler: c1, Barriers: 1, Oops: 1, ImmediateOops: 0, NonImmediateOops: No
[1,750s][debug][gc,nmethod  ] Register NMethod: sun.reflect.annotation.AnnotationInvocationHandler.equalsImpl (0x00007943f7907c88) [0x00007943f7907d80, 0x00007943f790c7a8] Compiler: c1, Barriers: 21, Oops: 2, ImmediateOops: 13, NonImmediateOops: No
[1,751s][debug][gc,nmethod  ] Register NMethod: java.util.TimSort.mergeHi (0x00007943f790c808) [0x00007943f790c900, 0x00007943f790f7d0] Compiler: c1, Barriers: 34, Oops: 0, ImmediateOops: 1, NonImmediateOops: No
[1,751s][debug][gc,nmethod  ] Register NMethod: java.lang.Class.getMethods (0x00007943f790f808) [0x00007943f790f900, 0x00007943f790fa60] Compiler: c1, Barriers: 0, Oops: 0, ImmediateOops: 0, NonImmediateOops: No
[1,751s][debug][gc,nmethod  ] Register NMethod: java.util.LinkedHashSet.<init> (0x00007943f790fb08) [0x00007943f790fc20, 0x00007943f790fd60] Compiler: c1, Barriers: 0, Oops: 0, ImmediateOops: 0, NonImmediateOops: No
[1,751s][debug][gc,nmethod  ] Register NMethod: java.util.ArrayList.<init> (0x00007943f790fe08) [0x00007943f790ff00, 0x00007943f79107d0] Compiler: c1, Barriers: 9, Oops: 0, ImmediateOops: 3, NonImmediateOops: No
[1,753s][debug][gc,alloc    ] Mutator Allocation Rate: 148,0MB/s Predicted: 148,0MB/s, Avg: 148,0(+/-0,0)MB/s
[1,753s][debug][gc,director ] Rule Major: Warmup 10%, Used: 100MB, UsedThreshold: 1228MB
[1,753s][debug][gc,nmethod  ] Register NMethod: org.junit.platform.engine.support.discovery.SelectorResolver.resolve (0x00007943f7910808) [0x00007943f7910900, 0x00007943f7910a60] Compiler: c1, Barriers: 0, Oops: 1, ImmediateOops: 1, NonImmediateOops: No
[1,754s][debug][gc,nmethod  ] Register NMethod: java.util.ArrayDeque.sub (0x00007943f7910b08) [0x00007943f7910c00, 0x00007943f7910d10] Compiler: c1, Barriers: 0, Oops: 0, ImmediateOops: 0, NonImmediateOops: No
[1,754s][debug][gc,nmethod  ] Register NMethod: java.util.ArrayDeque.size (0x00007943f7910e08) [0x00007943f7910f00, 0x00007943f79110d0] Compiler: c1, Barriers: 1, Oops: 0, ImmediateOops: 0, NonImmediateOops: No
[1,754s][debug][gc,nmethod  ] Register NMethod: org.junit.platform.commons.util.ReflectionUtils$$Lambda/0x00000000a9194f80.test (0x0000794416c76d88) [0x0000794416c76e80, 0x0000794416c77c08] Compiler: jvmci, Barriers: 11, Oops: 1, ImmediateOops: 0, NonImmediateOops: No
[1,754s][debug][gc,nmethod  ] Register NMethod: java.util.TimSort.mergeLo (0x00007943f7911108) [0x00007943f7911200, 0x00007943f7914028] Compiler: c1, Barriers: 34, Oops: 0, ImmediateOops: 1, NonImmediateOops: No
[1,754s][debug][gc,nmethod  ] Register NMethod: org.junit.jupiter.engine.discovery.MethodSelectorResolver$$Lambda/0x00000000a91a4908.apply (0x00007943f7914088) [0x00007943f7914180, 0x00007943f79145e8] Compiler: c1, Barriers: 5, Oops: 1, ImmediateOops: 0, NonImmediateOops: No
[1,754s][debug][gc,nmethod  ] Register NMethod: org.junit.jupiter.engine.discovery.MethodSelectorResolver.lambda$resolve$0 (0x00007943f7914608) [0x00007943f7914700, 0x00007943f7914868] Compiler: c1, Barriers: 1, Oops: 1, ImmediateOops: 0, NonImmediateOops: No
[1,754s][debug][gc,nmethod  ] Register NMethod: org.junit.jupiter.engine.discovery.MethodSelectorResolver$MethodType.access$300 (0x00007943f7914908) [0x00007943f7914a00, 0x00007943f7914b20] Compiler: c1, Barriers: 0, Oops: 1, ImmediateOops: 0, NonImmediateOops: No
[1,754s][debug][gc,nmethod  ] Register NMethod: org.junit.platform.engine.support.discovery.SelectorResolver$Match.getTestDescriptor (0x0000794416c77c88) [0x0000794416c77d80, 0x0000794416c77e68] Compiler: c1, Barriers: 1, Oops: 1, ImmediateOops: 0, NonImmediateOops: No
[1,755s][debug][gc,nmethod  ] Register NMethod: org.junit.jupiter.engine.discovery.MethodSelectorResolver$$Lambda/0x00000000a91a4b58.test (0x00007943f7914c08) [0x00007943f7914d00, 0x00007943f79152b0] Compiler: c1, Barriers: 1, Oops: 1, ImmediateOops: 0, NonImmediateOops: No
[1,755s][debug][gc,nmethod  ] Register NMethod: org.junit.platform.commons.util.AnnotationUtils.findRepeatableAnnotations (0x00007943f7915308) [0x00007943f7915400, 0x00007943f79164e0] Compiler: c1, Barriers: 1, Oops: 1, ImmediateOops: 2, NonImmediateOops: No
[1,755s][debug][gc,nmethod  ] Register NMethod: java.lang.System$1.join (0x0000794416c77f88) [0x0000794416c78080, 0x0000794416c797c0] Compiler: jvmci, Barriers: 12, Oops: 0, ImmediateOops: 0, NonImmediateOops: No
[1,755s][debug][gc,nmethod  ] Register NMethod: org.junit.jupiter.engine.discovery.MethodSelectorResolver$MethodType.resolve (0x00007943f7916508) [0x00007943f7916600, 0x00007943f7917688] Compiler: c1, Barriers: 22, Oops: 4, ImmediateOops: 4, NonImmediateOops: No
[1,756s][debug][gc,nmethod  ] Register NMethod: java.util.stream.ForEachOps$ForEachOp.get (0x0000794416c79808) [0x0000794416c79900, 0x0000794416c799c8] Compiler: c1, Barriers: 0, Oops: 0, ImmediateOops: 0, NonImmediateOops: No
[1,756s][debug][gc,nmethod  ] Register NMethod: org.junit.platform.engine.support.discovery.EngineDiscoveryRequestResolution.access$200 (0x0000794416c79b08) [0x0000794416c79c00, 0x0000794416c79cd0] Compiler: c1, Barriers: 1, Oops: 1, ImmediateOops: 0, NonImmediateOops: No
[1,756s][debug][gc,nmethod  ] Register NMethod: org.junit.platform.engine.support.discovery.SelectorResolver$Resolution.getSelectors (0x0000794416c79e08) [0x0000794416c79f00, 0x0000794416c79fe8] Compiler: c1, Barriers: 1, Oops: 1, ImmediateOops: 0, NonImmediateOops: No
[1,756s][debug][gc,nmethod  ] Register NMethod: java.util.HashSet.toArray (0x00007943f7917708) [0x00007943f7917800, 0x00007943f7917da0] Compiler: c1, Barriers: 1, Oops: 0, ImmediateOops: 0, NonImmediateOops: No
[1,756s][debug][gc,nmethod  ] Register NMethod: java.util.Collections$EmptySet.size (0x0000794416c7a108) [0x0000794416c7a200, 0x0000794416c7a2c0] Compiler: c1, Barriers: 0, Oops: 0, ImmediateOops: 0, NonImmediateOops: No
[1,758s][debug][gc,nmethod  ] Register NMethod: java.util.stream.FindOps$FindSink$OfRef.<init> (0x00007943f7917e08) [0x00007943f7917f00, 0x00007943f79180b8] Compiler: c1, Barriers: 0, Oops: 0, ImmediateOops: 0, NonImmediateOops: No
[1,758s][debug][gc,nmethod  ] Register NMethod: java.util.stream.FindOps$FindSink$OfRef$$Lambda/0x00000000a9058768.get (0x00007943f7918108) [0x00007943f7918200, 0x00007943f7918468] Compiler: c1, Barriers: 0, Oops: 0, ImmediateOops: 0, NonImmediateOops: No
[1,758s][debug][gc,nmethod  ] Register NMethod: java.util.stream.FindOps$FindSink.<init> (0x00007943f7918488) [0x00007943f7918580, 0x00007943f79186d8] Compiler: c1, Barriers: 0, Oops: 0, ImmediateOops: 0, NonImmediateOops: No
[1,758s][debug][gc,nmethod  ] Register NMethod: java.util.stream.FindOps$FindOp.evaluateSequential (0x00007943f7918788) [0x00007943f7918880, 0x00007943f79194b8] Compiler: c1, Barriers: 2, Oops: 0, ImmediateOops: 0, NonImmediateOops: No
[1,758s][debug][gc,nmethod  ] Register NMethod: java.util.stream.FindOps$FindSink$OfRef.get (0x00007943f7919508) [0x00007943f7919600, 0x00007943f7919ac8] Compiler: c1, Barriers: 4, Oops: 0, ImmediateOops: 0, NonImmediateOops: No
[1,758s][debug][gc,nmethod  ] Register NMethod: java.util.stream.FindOps$FindSink$OfRef.get (0x00007943f7919b08) [0x00007943f7919c00, 0x00007943f791a2f0] Compiler: c1, Barriers: 4, Oops: 0, ImmediateOops: 0, NonImmediateOops: No
[1,758s][debug][gc,nmethod  ] Register NMethod: java.lang.invoke.InfoFromMemberName.getModifiers (0x00007943f791a308) [0x00007943f791a400, 0x00007943f791a758] Compiler: c1, Barriers: 1, Oops: 0, ImmediateOops: 0, NonImmediateOops: No
[1,758s][debug][gc,nmethod  ] Register NMethod: java.lang.invoke.MethodHandles$Lookup.getDirectMethod (0x00007943f791a788) [0x00007943f791a880, 0x00007943f791a9c0] Compiler: c1, Barriers: 0, Oops: 0, ImmediateOops: 0, NonImmediateOops: No
[1,759s][debug][gc,nmethod  ] Register NMethod: java.lang.invoke.MethodHandles$Lookup.findBoundCallerLookup (0x00007943f791aa88) [0x00007943f791ab80, 0x00007943f791b6d0] Compiler: c1, Barriers: 0, Oops: 0, ImmediateOops: 1, NonImmediateOops: No
[1,759s][debug][gc,nmethod  ] Register NMethod: java.lang.invoke.MethodHandles$Lookup.maybeBindCaller (0x00007943f791b708) [0x00007943f791b800, 0x00007943f791c490] Compiler: c1, Barriers: 1, Oops: 0, ImmediateOops: 1, NonImmediateOops: No
[1,759s][debug][gc,nmethod  ] Register NMethod: java.lang.invoke.MethodHandles$Lookup.checkMethod (0x00007943f791c508) [0x00007943f791c600, 0x00007943f791d4e8] Compiler: c1, Barriers: 0, Oops: 0, ImmediateOops: 4, NonImmediateOops: No
[1,759s][debug][gc,nmethod  ] Register NMethod: jdk.internal.classfile.impl.InterfacesImpl.writeTo (0x00007943f791d508) [0x00007943f791d600, 0x00007943f791d988] Compiler: c1, Barriers: 4, Oops: 0, ImmediateOops: 0, NonImmediateOops: No
[1,759s][debug][gc,nmethod  ] Register NMethod: java.lang.invoke.MethodHandles$Lookup.getDirectMethodCommon (0x00007943f791da08) [0x00007943f791db00, 0x00007943f7920f70] Compiler: c1, Barriers: 11, Oops: 1, ImmediateOops: 1, NonImmediateOops: No
[1,759s][debug][gc,nmethod  ] Register NMethod: jdk.internal.classfile.impl.InterfacesImpl.<init> (0x00007943f7920f88) [0x00007943f7921080, 0x00007943f7921348] Compiler: c1, Barriers: 3, Oops: 0, ImmediateOops: 0, NonImmediateOops: No
[1,759s][debug][gc,nmethod  ] Register NMethod: java.lang.classfile.Interfaces.of (0x00007943f7921388) [0x00007943f7921480, 0x00007943f79217d8] Compiler: c1, Barriers: 3, Oops: 0, ImmediateOops: 0, NonImmediateOops: No
[1,759s][debug][gc,nmethod  ] Register NMethod: java.lang.classfile.ClassBuilder.withInterfaces (0x00007943f7921808) [0x00007943f7921900, 0x00007943f7922190] Compiler: c1, Barriers: 3, Oops: 0, ImmediateOops: 0, NonImmediateOops: No
[1,760s][debug][gc,nmethod  ] Register NMethod: org.junit.platform.commons.util.ReflectionUtils$$Lambda/0x00000000a917e460.compare (0x0000794416c7a408) [0x0000794416c7a500, 0x0000794416c7ab40] Compiler: jvmci, Barriers: 7, Oops: 1, ImmediateOops: 0, NonImmediateOops: No
[1,762s][debug][gc,nmethod  ] Register NMethod: java.util.StringJoiner.toString (0x0000794416c7ab88) [0x0000794416c7ac80, 0x0000794416c7c438] Compiler: jvmci, Barriers: 17, Oops: 0, ImmediateOops: 1, NonImmediateOops: No
[1,763s][debug][gc,director ] Rule Major: Warmup 10%, Used: 100MB, UsedThreshold: 1228MB
[1,764s][debug][gc,nmethod  ] Register NMethod: java.util.Spliterators$IteratorSpliterator.characteristics (0x0000794416c7c488) [0x0000794416c7c580, 0x0000794416c7c640] Compiler: c1, Barriers: 0, Oops: 0, ImmediateOops: 0, NonImmediateOops: No
[1,764s][debug][gc,nmethod  ] Register NMethod: org.junit.platform.engine.support.descriptor.AbstractTestDescriptor.hashCode (0x00007943f7922208) [0x00007943f7922300, 0x00007943f7922748] Compiler: c1, Barriers: 2, Oops: 1, ImmediateOops: 0, NonImmediateOops: No
[1,764s][debug][gc,nmethod  ] Register NMethod: java.util.HashSet.size (0x00007943f7922788) [0x00007943f7922880, 0x00007943f7922b90] Compiler: c1, Barriers: 1, Oops: 0, ImmediateOops: 0, NonImmediateOops: No
[1,764s][debug][gc,nmethod  ] Register NMethod: java.lang.Iterable.forEach (0x00007943f7922c08) [0x00007943f7922d00, 0x00007943f79237f8] Compiler: c1, Barriers: 0, Oops: 0, ImmediateOops: 0, NonImmediateOops: No
[1,764s][debug][gc,nmethod  ] Register NMethod: java.util.AbstractCollection.addAll (0x00007943f7923808) [0x00007943f7923900, 0x00007943f7924308] Compiler: c1, Barriers: 0, Oops: 0, ImmediateOops: 0, NonImmediateOops: No
[1,764s][debug][gc,nmethod  ] Register NMethod: jdk.internal.classfile.impl.SplitConstantPool.tryFindClassEntry (0x00007943f7924388) [0x00007943f7924480, 0x00007943f7925ae0] Compiler: c1, Barriers: 2, Oops: 0, ImmediateOops: 0, NonImmediateOops: No
[1,764s][debug][gc,nmethod  ] Register NMethod: java.util.LinkedHashMap.keySet (0x00007943f7925b08) [0x00007943f7925c00, 0x00007943f7925ef8] Compiler: c1, Barriers: 0, Oops: 0, ImmediateOops: 0, NonImmediateOops: No
[1,765s][debug][gc,nmethod  ] Register NMethod: java.util.Collections$UnmodifiableSet.<init> (0x00007943f7925f08) [0x00007943f7926000, 0x00007943f7926320] Compiler: c1, Barriers: 3, Oops: 0, ImmediateOops: 0, NonImmediateOops: No
[1,765s][debug][gc,nmethod  ] Register NMethod: java.util.Collections.unmodifiableSet (0x00007943f7926388) [0x00007943f7926480, 0x00007943f7926a98] Compiler: c1, Barriers: 3, Oops: 0, ImmediateOops: 1, NonImmediateOops: No
[1,765s][debug][gc,nmethod  ] Register NMethod: java.util.LinkedHashMap$LinkedKeyIterator.<init> (0x00007943f7926b08) [0x00007943f7926c00, 0x00007943f7926e88] Compiler: c1, Barriers: 0, Oops: 0, ImmediateOops: 0, NonImmediateOops: No
[1,765s][debug][gc,nmethod  ] Register NMethod: java.util.LinkedHashMap$LinkedKeySet.iterator (0x00007943f7926f08) [0x00007943f7927000, 0x00007943f7927390] Compiler: c1, Barriers: 1, Oops: 0, ImmediateOops: 0, NonImmediateOops: No
[1,765s][debug][gc,nmethod  ] Register NMethod: java.util.LinkedHashMap.sequencedKeySet (0x00007943f7927408) [0x00007943f7927500, 0x00007943f7927bd8] Compiler: c1, Barriers: 7, Oops: 0, ImmediateOops: 0, NonImmediateOops: No
[1,765s][debug][gc,nmethod  ] Register NMethod: java.lang.reflect.Method.copy (0x0000794416c7c788) [0x0000794416c7c880, 0x0000794416c7cd70] Compiler: jvmci, Barriers: 36, Oops: 1, ImmediateOops: 0, NonImmediateOops: No
[1,765s][debug][gc,nmethod  ] Register NMethod: java.util.Collections$UnmodifiableCollection.size (0x00007943f7927c08) [0x00007943f7927d00, 0x00007943f7928040] Compiler: c1, Barriers: 1, Oops: 0, ImmediateOops: 0, NonImmediateOops: No
[1,765s][debug][gc,nmethod  ] Register NMethod: java.util.LinkedHashMap$LinkedKeySet.<init> (0x00007943f7928088) [0x00007943f7928180, 0x00007943f7928568] Compiler: c1, Barriers: 3, Oops: 0, ImmediateOops: 0, NonImmediateOops: No
[1,765s][debug][gc,nmethod  ] Register NMethod: org.junit.platform.commons.util.ReflectionUtils.defaultMethodSorter (0x0000794416c7cd88) [0x0000794416c7ce80, 0x0000794416c7d428] Compiler: jvmci, Barriers: 7, Oops: 1, ImmediateOops: 0, NonImmediateOops: No
[1,765s][debug][gc,nmethod  ] Register NMethod: java.lang.reflect.Method.<init> (0x0000794416c7d488) [0x0000794416c7d580, 0x0000794416c7d9f0] Compiler: jvmci, Barriers: 27, Oops: 0, ImmediateOops: 0, NonImmediateOops: No
[1,766s][debug][gc,nmethod  ] Register NMethod: jdk.internal.util.Preconditions.checkFromToIndex (0x0000794416c7da08) [0x0000794416c7db00, 0x0000794416c7dba8] Compiler: jvmci, Barriers: 0, Oops: 0, ImmediateOops: 0, NonImmediateOops: No
[1,766s][debug][gc,nmethod  ] Register NMethod: java.lang.invoke.BoundMethodHandle$Species_L.make (0x00007943f7928588) [0x00007943f7928680, 0x00007943f79288e8] Compiler: c1, Barriers: 3, Oops: 0, ImmediateOops: 0, NonImmediateOops: No
[1,766s][debug][gc,nmethod  ] Register NMethod: java.lang.invoke.MethodHandleNatives.staticArgumentsPulled (0x00007943f7928908) [0x00007943f7928a00, 0x00007943f7928ce8] Compiler: c1, Barriers: 0, Oops: 0, ImmediateOops: 0, NonImmediateOops: No
[1,766s][debug][gc,nmethod  ] Register NMethod: java.lang.invoke.MethodHandleNatives.linkCallSite (0x00007943f7928d08) [0x00007943f7928e00, 0x00007943f7929970] Compiler: c1, Barriers: 0, Oops: 0, ImmediateOops: 0, NonImmediateOops: No
[1,766s][debug][gc,nmethod  ] Register NMethod: java.lang.invoke.CallSite.<init> (0x00007943f7929988) [0x00007943f7929a80, 0x00007943f7929e60] Compiler: c1, Barriers: 4, Oops: 0, ImmediateOops: 0, NonImmediateOops: No
[1,766s][debug][gc,nmethod  ] Register NMethod: org.junit.platform.commons.util.Preconditions.notNull (0x0000794416c7dd08) [0x0000794416c7de00, 0x0000794416c7de98] Compiler: jvmci, Barriers: 0, Oops: 1, ImmediateOops: 0, NonImmediateOops: No
[1,766s][debug][gc,nmethod  ] Register NMethod: jdk.internal.misc.Unsafe.storeStoreFence (0x00007943f7929e88) [0x00007943f7929f80, 0x00007943f792a250] Compiler: c1, Barriers: 0, Oops: 0, ImmediateOops: 0, NonImmediateOops: No
[1,766s][debug][gc,nmethod  ] Register NMethod: java.lang.invoke.MethodHandleNatives.linkCallSiteImpl (0x00007943f792a288) [0x00007943f792a380, 0x00007943f792b208] Compiler: c1, Barriers: 9, Oops: 0, ImmediateOops: 0, NonImmediateOops: No
[1,766s][debug][gc,nmethod  ] Register NMethod: java.lang.invoke.ConstantCallSite.<init> (0x00007943f792b288) [0x00007943f792b380, 0x00007943f792b998] Compiler: c1, Barriers: 4, Oops: 0, ImmediateOops: 1, NonImmediateOops: No
[1,767s][debug][gc,nmethod  ] Register NMethod: java.lang.invoke.BootstrapMethodInvoker.widenAndCast (0x00007943f792ba08) [0x00007943f792bb00, 0x00007943f792d230] Compiler: c1, Barriers: 0, Oops: 0, ImmediateOops: 0, NonImmediateOops: No
[1,767s][debug][gc,nmethod  ] Register NMethod: java.lang.Class.isInterface (0x0000794416c7e008) [0x0000794416c7e100, 0x0000794416c7e1a0] Compiler: jvmci, Barriers: 0, Oops: 0, ImmediateOops: 0, NonImmediateOops: No
[1,767s][debug][gc,nmethod  ] Register NMethod: java.util.ImmutableCollections.listFromTrustedArray (0x00007943f792d288) [0x00007943f792d380, 0x00007943f792e560] Compiler: c1, Barriers: 19, Oops: 0, ImmediateOops: 2, NonImmediateOops: No
[1,767s][debug][gc,nmethod  ] Register NMethod: java.lang.invoke.DirectMethodHandle$Holder.invokeStatic (0x00007943f792e588) [0x00007943f792e680, 0x00007943f792ea58] Compiler: c1, Barriers: 1, Oops: 0, ImmediateOops: 0, NonImmediateOops: No
[1,767s][debug][gc,nmethod  ] Register NMethod: java.lang.invoke.CallSite.makeSite (0x00007943f792ea88) [0x00007943f792eb80, 0x00007943f79313a0] Compiler: c1, Barriers: 7, Oops: 1, ImmediateOops: 7, NonImmediateOops: No
[1,767s][debug][gc,nmethod  ] Register NMethod: java.util.Collections$SynchronizedCollection.iterator (0x00007943f7931408) [0x00007943f7931500, 0x00007943f7931840] Compiler: c1, Barriers: 1, Oops: 0, ImmediateOops: 0, NonImmediateOops: No
[1,767s][debug][gc,nmethod  ] Register NMethod: org.junit.platform.engine.support.descriptor.AbstractTestDescriptor.getChildren (0x00007943f7931888) [0x00007943f7931980, 0x00007943f7932048] Compiler: c1, Barriers: 4, Oops: 1, ImmediateOops: 1, NonImmediateOops: No
[1,767s][debug][gc,nmethod  ] Register NMethod: jdk.internal.misc.CDS.isDumpingArchive (0x00007943f7932088) [0x00007943f7932180, 0x00007943f7932278] Compiler: c1, Barriers: 0, Oops: 0, ImmediateOops: 0, NonImmediateOops: No
[1,767s][debug][gc,nmethod  ] Register NMethod: jdk.internal.misc.Unsafe.shouldBeInitialized (0x00007943f7932388) [0x00007943f7932480, 0x00007943f79326a0] Compiler: c1, Barriers: 0, Oops: 0, ImmediateOops: 0, NonImmediateOops: No
[1,768s][debug][gc,nmethod  ] Register NMethod: org.junit.platform.engine.TestDescriptor$$Lambda/0x00000000a91a2920.<init> (0x00007943f7932708) [0x00007943f7932800, 0x00007943f79329d0] Compiler: c1, Barriers: 3, Oops: 1, ImmediateOops: 0, NonImmediateOops: No
[1,768s][debug][gc,nmethod  ] Register NMethod: java.util.LinkedHashSet.<init> (0x00007943f7932a08) [0x00007943f7932b20, 0x00007943f7933238] Compiler: c1, Barriers: 0, Oops: 0, ImmediateOops: 0, NonImmediateOops: No
[1,768s][debug][gc,nmethod  ] Register NMethod: java.util.Collections$SynchronizedCollection.size (0x00007943f7933288) [0x00007943f7933380, 0x00007943f7933870] Compiler: c1, Barriers: 2, Oops: 0, ImmediateOops: 0, NonImmediateOops: No
[1,768s][debug][gc,nmethod  ] Register NMethod: org.junit.platform.commons.util.ReflectionUtils$$Lambda/0x00000000a917dfe0.test (0x0000794416c7e308) [0x0000794416c7e400, 0x0000794416c7e5a0] Compiler: jvmci, Barriers: 1, Oops: 1, ImmediateOops: 0, NonImmediateOops: No
[1,768s][debug][gc,nmethod  ] Register NMethod: org.junit.platform.engine.TestDescriptor$$Lambda/0x00000000a91a2920.accept (0x00007943f7933888) [0x00007943f7933980, 0x00007943f7933f58] Compiler: c1, Barriers: 1, Oops: 1, ImmediateOops: 0, NonImmediateOops: No
[1,768s][debug][gc,nmethod  ] Register NMethod: org.junit.platform.engine.TestDescriptor.lambda$accept$0 (0x00007943f7933f88) [0x00007943f7934080, 0x00007943f7934390] Compiler: c1, Barriers: 0, Oops: 1, ImmediateOops: 0, NonImmediateOops: No
[1,768s][debug][gc,nmethod  ] Register NMethod: org.junit.platform.engine.TestDescriptor.accept (0x00007943f7934408) [0x00007943f7934520, 0x00007943f7935fc8] Compiler: c1, Barriers: 7, Oops: 3, ImmediateOops: 4, NonImmediateOops: No
[1,769s][debug][gc,nmethod  ] Register NMethod: java.lang.invoke.BootstrapMethodInvoker.invoke (0x00007943f7936008) [0x00007943f7936100, 0x00007943f793ff18] Compiler: c1, Barriers: 54, Oops: 0, ImmediateOops: 9, NonImmediateOops: No
[1,769s][debug][gc,nmethod  ] Register NMethod: java.lang.invoke.MethodHandles$Lookup.hasFullPrivilegeAccess (0x00007943f793ff88) [0x00007943f7940080, 0x00007943f79401d8] Compiler: c1, Barriers: 0, Oops: 0, ImmediateOops: 0, NonImmediateOops: No
[1,769s][debug][gc,nmethod  ] Register NMethod: jdk.internal.classfile.impl.Util.pow31 (0x00007943f7940288) [0x00007943f7940380, 0x00007943f7940630] Compiler: c1, Barriers: 0, Oops: 1, ImmediateOops: 1, NonImmediateOops: No
[1,769s][debug][gc,nmethod  ] Register NMethod: jdk.internal.classfile.impl.Util.entryList (0x00007943f7940688) [0x00007943f7940780, 0x00007943f7941578] Compiler: c1, Barriers: 3, Oops: 1, ImmediateOops: 1, NonImmediateOops: No
[1,769s][debug][gc,nmethod  ] Register NMethod: java.lang.invoke.LambdaMetafactory.metafactory (0x00007943f7941588) [0x00007943f7941680, 0x00007943f7942238] Compiler: c1, Barriers: 0, Oops: 0, ImmediateOops: 2, NonImmediateOops: No
[1,769s][debug][gc,nmethod  ] Register NMethod: java.util.stream.ReferencePipeline$2$1.accept (0x0000794416c7e608) [0x0000794416c7e700, 0x0000794416c7ecd8] Compiler: jvmci, Barriers: 9, Oops: 1, ImmediateOops: 0, NonImmediateOops: No
[1,770s][debug][gc,nmethod  ] Register NMethod: java.lang.invoke.AbstractValidatingLambdaMetafactory.checkDescriptor (0x00007943f7942288) [0x00007943f7942380, 0x00007943f7946920] Compiler: c1, Barriers: 37, Oops: 3, ImmediateOops: 7, NonImmediateOops: No
[1,770s][debug][gc,nmethod  ] Register NMethod: java.lang.invoke.InnerClassLambdaMetafactory$3.accept (0x00007943f7946988) [0x00007943f7946a80, 0x00007943f7949018] Compiler: c1, Barriers: 18, Oops: 1, ImmediateOops: 5, NonImmediateOops: No
[1,770s][debug][gc,nmethod  ] Register NMethod: java.lang.invoke.InnerClassLambdaMetafactory$1.accept (0x00007943f7949088) [0x00007943f7949180, 0x00007943f794c9f0] Compiler: c1, Barriers: 41, Oops: 0, ImmediateOops: 0, NonImmediateOops: No
[1,771s][debug][gc,nmethod  ] Register NMethod: java.lang.invoke.AbstractValidatingLambdaMetafactory.<init> (0x00007943f794ca08) [0x00007943f794cb00, 0x00007943f7957c18] Compiler: c1, Barriers: 117, Oops: 5, ImmediateOops: 13, NonImmediateOops: No
[1,771s][debug][gc,nmethod  ] Register NMethod: java.lang.Character.isHighSurrogate (0x00007943f7957c88) [0x00007943f7957d80, 0x00007943f7957ee0] Compiler: c1, Barriers: 0, Oops: 0, ImmediateOops: 0, NonImmediateOops: No
[1,771s][debug][gc,nmethod  ] Register NMethod: java.lang.Character.codePointAt (0x00007943f7957f88) [0x00007943f7958080, 0x00007943f7958a50] Compiler: c1, Barriers: 0, Oops: 0, ImmediateOops: 0, NonImmediateOops: No
[1,771s][debug][gc,nmethod  ] Register NMethod: java.lang.invoke.InnerClassLambdaMetafactory.convertArgumentTypes (0x00007943f7958a88) [0x00007943f7958b80, 0x00007943f7959e48] Compiler: c1, Barriers: 12, Oops: 0, ImmediateOops: 1, NonImmediateOops: No
[1,771s][debug][gc,nmethod  ] Register NMethod: java.util.regex.Pattern$$Lambda/0x00000000a91110c0.is (0x00007943f7959e88) [0x00007943f7959f80, 0x00007943f795a1b8] Compiler: c1, Barriers: 0, Oops: 0, ImmediateOops: 0, NonImmediateOops: No
[1,771s][debug][gc,nmethod  ] Register NMethod: java.util.regex.Pattern.lambda$DOT$0 (0x00007943f795a208) [0x00007943f795a300, 0x00007943f795a4c0] Compiler: c1, Barriers: 0, Oops: 0, ImmediateOops: 0, NonImmediateOops: No
[1,771s][debug][gc,nmethod  ] Register NMethod: java.util.regex.Pattern$Slice.match (0x00007943f795a508) [0x00007943f795a600, 0x00007943f795ad40] Compiler: c1, Barriers: 2, Oops: 0, ImmediateOops: 0, NonImmediateOops: No
[1,771s][debug][gc,nmethod  ] Register NMethod: java.lang.Character.codePointBefore (0x00007943f795ad88) [0x00007943f795ae80, 0x00007943f795b648] Compiler: c1, Barriers: 0, Oops: 0, ImmediateOops: 0, NonImmediateOops: No
[1,772s][debug][gc,nmethod  ] Register NMethod: java.util.regex.Pattern$CharPropertyGreedy.match (0x00007943f795b688) [0x00007943f795b780, 0x00007943f795c4d0] Compiler: c1, Barriers: 2, Oops: 0, ImmediateOops: 0, NonImmediateOops: No
[1,772s][debug][gc,nmethod  ] Register NMethod: java.lang.Character.isLowSurrogate (0x00007943f795c508) [0x00007943f795c600, 0x00007943f795c760] Compiler: c1, Barriers: 0, Oops: 0, ImmediateOops: 0, NonImmediateOops: No
[1,772s][debug][gc,nmethod  ] Register NMethod: java.lang.invoke.InnerClassLambdaMetafactory.forwardingMethod (0x00007943f795c808) [0x00007943f795c900, 0x00007943f795cc68] Compiler: c1, Barriers: 6, Oops: 0, ImmediateOops: 0, NonImmediateOops: No
[1,772s][debug][gc,nmethod  ] Register NMethod: java.lang.invoke.InnerClassLambdaMetafactory.generateConstructor (0x00007943f795cc88) [0x00007943f795cd80, 0x00007943f795d2f8] Compiler: c1, Barriers: 4, Oops: 1, ImmediateOops: 1, NonImmediateOops: No
[1,772s][debug][gc,nmethod  ] Register NMethod: java.lang.invoke.InnerClassLambdaMetafactory.<init> (0x00007943f795d308) [0x00007943f795d400, 0x00007943f79673f8] Compiler: c1, Barriers: 79, Oops: 7, ImmediateOops: 32, NonImmediateOops: No
[1,772s][debug][gc,nmethod  ] Register NMethod: java.lang.invoke.MethodHandles$Lookup.findConstructor (0x00007943f7967488) [0x00007943f7967580, 0x00007943f7968aa8] Compiler: c1, Barriers: 2, Oops: 1, ImmediateOops: 3, NonImmediateOops: No
[1,772s][debug][gc,nmethod  ] Register NMethod: java.lang.invoke.InfoFromMemberName.<init> (0x00007943f7968b08) [0x00007943f7968c00, 0x00007943f7968df8] Compiler: c1, Barriers: 3, Oops: 0, ImmediateOops: 0, NonImmediateOops: No
[1,772s][debug][gc,nmethod  ] Register NMethod: java.lang.invoke.MethodHandle.isAncestorLoaderOf (0x00007943f7968e08) [0x00007943f7968f00, 0x00007943f79696b8] Compiler: c1, Barriers: 1, Oops: 0, ImmediateOops: 4, NonImmediateOops: No
[1,773s][debug][gc,nmethod  ] Register NMethod: java.lang.invoke.InfoFromMemberName.getName (0x00007943f7969708) [0x00007943f7969800, 0x00007943f796a038] Compiler: c1, Barriers: 6, Oops: 0, ImmediateOops: 0, NonImmediateOops: No
[1,773s][debug][gc,nmethod  ] Register NMethod: java.lang.invoke.InfoFromMemberName.getMethodType (0x00007943f796a088) [0x00007943f796a180, 0x00007943f796a4b0] Compiler: c1, Barriers: 1, Oops: 0, ImmediateOops: 0, NonImmediateOops: No
[1,773s][debug][gc,nmethod  ] Register NMethod: java.lang.invoke.InnerClassLambdaMetafactory.implClassDesc (0x00007943f796a508) [0x00007943f796a600, 0x00007943f796b4a8] Compiler: c1, Barriers: 2, Oops: 1, ImmediateOops: 2, NonImmediateOops: No
[1,773s][debug][gc,director ] Rule Major: Warmup 10%, Used: 102MB, UsedThreshold: 1228MB
[1,773s][debug][gc,nmethod  ] Register NMethod: java.lang.invoke.InnerClassLambdaMetafactory$6.accept (0x00007943f796b508) [0x00007943f796b600, 0x00007943f7971918] Compiler: c1, Barriers: 44, Oops: 4, ImmediateOops: 10, NonImmediateOops: No
[1,773s][debug][gc,nmethod  ] Register NMethod: java.lang.invoke.AbstractValidatingLambdaMetafactory.validateMetafactoryArgs (0x00007943f7971988) [0x00007943f7971a80, 0x00007943f797f9d0] Compiler: c1, Barriers: 156, Oops: 7, ImmediateOops: 25, NonImmediateOops: No
[1,773s][debug][gc,nmethod  ] Register NMethod: java.lang.invoke.InnerClassLambdaMetafactory.sanitizedTargetClassName (0x00007943f797fa88) [0x00007943f797fb80, 0x00007943f7980560] Compiler: c1, Barriers: 1, Oops: 0, ImmediateOops: 0, NonImmediateOops: No
[1,773s][debug][gc,nmethod  ] Register NMethod: java.lang.invoke.InnerClassLambdaMetafactory.lambdaClassName (0x00007943f7980588) [0x00007943f7980680, 0x00007943f7983418] Compiler: c1, Barriers: 6, Oops: 1, ImmediateOops: 8, NonImmediateOops: No
[1,773s][debug][gc,nmethod  ] Register NMethod: sun.reflect.annotation.AnnotationInvocationHandler.invoke (0x0000794416c7ed08) [0x0000794416c7ee00, 0x0000794416c7f4d8] Compiler: jvmci, Barriers: 9, Oops: 0, ImmediateOops: 6, NonImmediateOops: No
[1,773s][debug][gc,nmethod  ] Register NMethod: java.lang.invoke.MethodHandles$Lookup.revealDirect (0x00007943f7983488) [0x00007943f7983580, 0x00007943f79862a8] Compiler: c1, Barriers: 2, Oops: 2, ImmediateOops: 4, NonImmediateOops: No
[1,774s][debug][gc,nmethod  ] Register NMethod: jdk.internal.misc.CDS.isUsingArchive (0x00007943f7986308) [0x00007943f7986400, 0x00007943f79864f8] Compiler: c1, Barriers: 0, Oops: 0, ImmediateOops: 0, NonImmediateOops: No
[1,774s][debug][gc,nmethod  ] Register NMethod: java.lang.invoke.AbstractValidatingLambdaMetafactory.isAdaptableToAsReturn (0x00007943f7986608) [0x00007943f7986700, 0x00007943f7986de0] Compiler: c1, Barriers: 0, Oops: 1, ImmediateOops: 2, NonImmediateOops: No
[1,774s][debug][gc,nmethod  ] Register NMethod: java.lang.invoke.InnerClassLambdaMetafactory.spinInnerClass (0x00007943f7986e08) [0x00007943f7986f00, 0x00007943f7987178] Compiler: c1, Barriers: 0, Oops: 0, ImmediateOops: 0, NonImmediateOops: No
[1,774s][debug][gc,nmethod  ] Register NMethod: java.lang.invoke.AbstractValidatingLambdaMetafactory.isAdaptableToAsReturnStrict (0x00007943f7987188) [0x00007943f7987280, 0x00007943f7987ba8] Compiler: c1, Barriers: 0, Oops: 1, ImmediateOops: 2, NonImmediateOops: No
[1,774s][debug][gc,nmethod  ] Register NMethod: java.lang.invoke.InnerClassLambdaMetafactory$1.accept (0x00007943f7987c08) [0x00007943f7987d00, 0x00007943f7988068] Compiler: c1, Barriers: 0, Oops: 0, ImmediateOops: 0, NonImmediateOops: No
[1,774s][debug][gc,nmethod  ] Register NMethod: java.lang.invoke.InnerClassLambdaMetafactory$1.<init> (0x00007943f7988088) [0x00007943f7988180, 0x00007943f7988518] Compiler: c1, Barriers: 6, Oops: 0, ImmediateOops: 0, NonImmediateOops: No
[1,774s][debug][gc,nmethod  ] Register NMethod: java.lang.Character.charCount (0x0000794416c7f508) [0x0000794416c7f600, 0x0000794416c7f6a0] Compiler: jvmci, Barriers: 0, Oops: 0, ImmediateOops: 0, NonImmediateOops: No
[1,774s][debug][gc,nmethod  ] Register NMethod: java.util.ImmutableCollections$Access$1.listFromTrustedArray (0x00007943f7988588) [0x00007943f7988680, 0x00007943f79887b0] Compiler: c1, Barriers: 0, Oops: 0, ImmediateOops: 0, NonImmediateOops: No
[1,774s][debug][gc,nmethod  ] Register NMethod: jdk.internal.access.SharedSecrets.getJavaUtilCollectionAccess (0x00007943f7988888) [0x00007943f7988980, 0x00007943f7988c10] Compiler: c1, Barriers: 2, Oops: 1, ImmediateOops: 3, NonImmediateOops: No
[1,774s][debug][gc,nmethod  ] Register NMethod: java.lang.classfile.ClassBuilder.withInterfaceSymbols (0x00007943f7988c88) [0x00007943f7988d80, 0x00007943f7989888] Compiler: c1, Barriers: 3, Oops: 0, ImmediateOops: 0, NonImmediateOops: No
[1,774s][debug][gc,nmethod  ] Register NMethod: java.lang.invoke.InnerClassLambdaMetafactory.buildCallSite (0x00007943f7989908) [0x00007943f7989a00, 0x00007943f798b9a8] Compiler: c1, Barriers: 16, Oops: 1, ImmediateOops: 6, NonImmediateOops: No
[1,774s][debug][gc,nmethod  ] Register NMethod: java.lang.invoke.InnerClassLambdaMetafactory$3.accept (0x00007943f798ba08) [0x00007943f798bb00, 0x00007943f798be68] Compiler: c1, Barriers: 0, Oops: 0, ImmediateOops: 0, NonImmediateOops: No
[1,774s][debug][gc,nmethod  ] Register NMethod: java.lang.invoke.InnerClassLambdaMetafactory$6.accept (0x00007943f798be88) [0x00007943f798bf80, 0x00007943f798c2e8] Compiler: c1, Barriers: 0, Oops: 0, ImmediateOops: 0, NonImmediateOops: No
[1,774s][debug][gc,nmethod  ] Register NMethod: java.lang.invoke.InnerClassLambdaMetafactory$3.<init> (0x00007943f798c308) [0x00007943f798c400, 0x00007943f798c728] Compiler: c1, Barriers: 3, Oops: 0, ImmediateOops: 0, NonImmediateOops: No
[1,774s][debug][gc,nmethod  ] Register NMethod: java.lang.invoke.InnerClassLambdaMetafactory$6.<init> (0x00007943f798c788) [0x00007943f798c880, 0x00007943f798cc10] Compiler: c1, Barriers: 6, Oops: 0, ImmediateOops: 0, NonImmediateOops: No
[1,774s][debug][gc,nmethod  ] Register NMethod: java.lang.invoke.MethodHandle.linkToStatic (0x0000794416c7f808) [0x0000794416c7f900, 0x0000794416c7f9f0] Compiler: , Barriers: 0, Oops: 0, ImmediateOops: 0, NonImmediateOops: No
[1,774s][debug][gc,nmethod  ] Register NMethod: jdk.internal.classfile.impl.DirectCodeBuilder.invokespecial (0x00007943f798cc88) [0x00007943f798cd80, 0x00007943f798d8f0] Compiler: c1, Barriers: 2, Oops: 0, ImmediateOops: 0, NonImmediateOops: No
[1,775s][debug][gc,nmethod  ] Register NMethod: java.lang.invoke.MethodHandles$Lookup.makeHiddenClassDefiner (0x00007943f798d908) [0x00007943f798da00, 0x00007943f798dca8] Compiler: c1, Barriers: 0, Oops: 0, ImmediateOops: 0, NonImmediateOops: No
[1,775s][debug][gc,nmethod  ] Register NMethod: java.lang.invoke.InnerClassLambdaMetafactory.invocationOpcode (0x00007943f798dd08) [0x00007943f798de00, 0x00007943f798eca8] Compiler: c1, Barriers: 0, Oops: 1, ImmediateOops: 7, NonImmediateOops: No
[1,775s][debug][gc,nmethod  ] Register NMethod: java.lang.invoke.InnerClassLambdaMetafactory.generateInnerClass (0x00007943f798ed08) [0x00007943f798ee00, 0x00007943f7992ef8] Compiler: c1, Barriers: 30, Oops: 2, ImmediateOops: 11, NonImmediateOops: No
[1,775s][debug][gc,nmethod  ] Register NMethod: java.lang.Character.codePointAt (0x0000794416c7fb08) [0x0000794416c7fc00, 0x0000794416c7fda8] Compiler: jvmci, Barriers: 1, Oops: 0, ImmediateOops: 0, NonImmediateOops: No
[1,778s][debug][gc,nmethod  ] Register NMethod: java.util.Spliterators$ArraySpliterator.forEachRemaining (0x0000794416c7fe08) [0x0000794416c7ff00, 0x0000794416c81040] Compiler: jvmci, Barriers: 31, Oops: 1, ImmediateOops: 0, NonImmediateOops: No
[1,779s][debug][gc,nmethod  ] Register NMethod: java.lang.Class.getMethodsRecursive (0x00007943f7992f88) [0x00007943f7993080, 0x00007943f7993888] Compiler: c1, Barriers: 3, Oops: 0, ImmediateOops: 0, NonImmediateOops: No
[1,779s][debug][gc,nmethod  ] Register NMethod: java.util.stream.Collectors$$Lambda/0x00000000a9114970.accept (0x0000794416c81088) [0x0000794416c81180, 0x0000794416c81a10] Compiler: jvmci, Barriers: 16, Oops: 0, ImmediateOops: 1, NonImmediateOops: No
[1,779s][debug][gc,nmethod  ] Register NMethod: java.lang.PublicMethods$MethodList.filter (0x00007943f7993908) [0x00007943f7993a00, 0x00007943f79949d0] Compiler: c1, Barriers: 12, Oops: 1, ImmediateOops: 2, NonImmediateOops: No
[1,780s][debug][gc,nmethod  ] Register NMethod: java.util.regex.Pattern$$Lambda/0x00000000a91110c0.is (0x0000794416c81a88) [0x0000794416c81b80, 0x0000794416c81c68] Compiler: jvmci, Barriers: 0, Oops: 0, ImmediateOops: 0, NonImmediateOops: No
[1,782s][debug][gc,nmethod  ] Register NMethod: java.util.regex.Pattern$Slice.match (0x0000794416c81d88) [0x0000794416c81e80, 0x0000794416c82160] Compiler: jvmci, Barriers: 2, Oops: 0, ImmediateOops: 0, NonImmediateOops: No
[1,783s][debug][gc,nmethod  ] Register NMethod: java.util.stream.SortedOps$SizedRefSortingSink.accept (0x0000794416c82188) [0x0000794416c82280, 0x0000794416c82430] Compiler: jvmci, Barriers: 4, Oops: 0, ImmediateOops: 0, NonImmediateOops: No
[1,783s][debug][gc,nmethod  ] Register NMethod: java.lang.Character.codePointBefore (0x0000794416c82488) [0x0000794416c82580, 0x0000794416c82730] Compiler: jvmci, Barriers: 1, Oops: 0, ImmediateOops: 0, NonImmediateOops: No
[1,783s][debug][gc,nmethod  ] Register NMethod: java.lang.Object.equals (0x0000794416c82788) [0x0000794416c82880, 0x0000794416c82910] Compiler: jvmci, Barriers: 0, Oops: 0, ImmediateOops: 0, NonImmediateOops: No
[1,783s][debug][gc,director ] Rule Major: Warmup 10%, Used: 102MB, UsedThreshold: 1228MB
[1,783s][debug][gc,nmethod  ] Register NMethod: java.util.stream.StreamOpFlag.isKnown (0x0000794416c82a88) [0x0000794416c82b80, 0x0000794416c82c18] Compiler: jvmci, Barriers: 0, Oops: 0, ImmediateOops: 0, NonImmediateOops: No
[1,784s][debug][gc,nmethod  ] Register NMethod: java.lang.reflect.Executable$$Lambda/0x00000000a9118398.apply (0x0000794416c82d88) [0x0000794416c82e80, 0x0000794416c83068] Compiler: jvmci, Barriers: 2, Oops: 0, ImmediateOops: 0, NonImmediateOops: No
[1,784s][debug][gc,nmethod  ] Register NMethod: java.util.HashMap.removeNode (0x00007943f7994a08) [0x00007943f7994b00, 0x00007943f7996ba8] Compiler: c1, Barriers: 15, Oops: 0, ImmediateOops: 0, NonImmediateOops: No
[1,784s][debug][gc,nmethod  ] Register NMethod: org.junit.platform.engine.support.descriptor.AbstractTestDescriptor.getParent (0x00007943f7996c08) [0x00007943f7996d00, 0x00007943f7997060] Compiler: c1, Barriers: 4, Oops: 1, ImmediateOops: 1, NonImmediateOops: No
[1,785s][debug][gc,nmethod  ] Register NMethod: java.util.Optional.empty (0x0000794416c83088) [0x0000794416c83180, 0x0000794416c831f0] Compiler: jvmci, Barriers: 0, Oops: 0, ImmediateOops: 1, NonImmediateOops: No
[1,785s][debug][gc,nmethod  ] Register NMethod: org.junit.runners.BlockJUnit4ClassRunner.describeChild (0x00007943f7997088) [0x00007943f7997180, 0x00007943f7997678] Compiler: c1, Barriers: 0, Oops: 1, ImmediateOops: 0, NonImmediateOops: No
[1,786s][debug][gc,nmethod  ] Register NMethod: org.junit.runners.BlockJUnit4ClassRunner.describeChild (0x00007943f7997688) [0x00007943f7997780, 0x00007943f7999110] Compiler: c1, Barriers: 6, Oops: 1, ImmediateOops: 1, NonImmediateOops: No
[1,786s][debug][gc,nmethod  ] Register NMethod: org.junit.platform.engine.support.descriptor.AbstractTestDescriptor.getSource (0x00007943f7999188) [0x00007943f7999280, 0x00007943f79995e0] Compiler: c1, Barriers: 4, Oops: 1, ImmediateOops: 1, NonImmediateOops: No
[1,786s][debug][gc,nmethod  ] Register NMethod: java.util.regex.Pattern$CharPropertyGreedy.match (0x0000794416c83388) [0x0000794416c83480, 0x0000794416c84060] Compiler: jvmci, Barriers: 7, Oops: 0, ImmediateOops: 0, NonImmediateOops: No
[1,788s][debug][gc,nmethod  ] Register NMethod: org.gradle.api.internal.tasks.testing.filter.TestSelectionMatcher.matchesPattern (0x00007943f7999608) [0x00007943f7999700, 0x00007943f7999ab8] Compiler: c1, Barriers: 0, Oops: 1, ImmediateOops: 0, NonImmediateOops: No
[1,788s][debug][gc,nmethod  ] Register NMethod: java.util.regex.Matcher.getTextLength (0x00007943f7999b08) [0x00007943f7999c00, 0x00007943f7999f40] Compiler: c1, Barriers: 1, Oops: 0, ImmediateOops: 0, NonImmediateOops: No
[1,788s][debug][gc,nmethod  ] Register NMethod: java.util.regex.Matcher.matches (0x00007943f7999f88) [0x00007943f799a080, 0x00007943f799a380] Compiler: c1, Barriers: 0, Oops: 0, ImmediateOops: 0, NonImmediateOops: No
[1,788s][debug][gc,nmethod  ] Register NMethod: java.util.regex.Matcher.<init> (0x00007943f799a388) [0x00007943f799a480, 0x00007943f799abf8] Compiler: c1, Barriers: 15, Oops: 0, ImmediateOops: 0, NonImmediateOops: No
[1,788s][debug][gc,nmethod  ] Register NMethod: java.util.regex.Matcher.reset (0x00007943f799ac08) [0x00007943f799ad00, 0x00007943f799b798] Compiler: c1, Barriers: 5, Oops: 0, ImmediateOops: 0, NonImmediateOops: No
[1,788s][debug][gc,nmethod  ] Register NMethod: java.util.regex.Pattern.matcher (0x00007943f799b808) [0x00007943f799b900, 0x00007943f799bcd8] Compiler: c1, Barriers: 0, Oops: 0, ImmediateOops: 0, NonImmediateOops: No
[1,788s][debug][gc,nmethod  ] Register NMethod: java.util.regex.Matcher.match (0x00007943f799bd08) [0x00007943f799be00, 0x00007943f799c6e0] Compiler: c1, Barriers: 6, Oops: 0, ImmediateOops: 0, NonImmediateOops: No
[1,788s][debug][gc,nmethod  ] Register NMethod: org.gradle.api.internal.tasks.testing.filter.TestSelectionMatcher$FullQualifiedClassNameSelector.determineTargetClassName (0x00007943f799c708) [0x00007943f799c800, 0x00007943f799c900] Compiler: c1, Barriers: 0, Oops: 1, ImmediateOops: 0, NonImmediateOops: No
[1,789s][debug][gc,nmethod  ] Register NMethod: jdk.internal.classfile.impl.BufWriterImpl.cpIndex (0x0000794416c84088) [0x0000794416c84180, 0x0000794416c84608] Compiler: jvmci, Barriers: 5, Oops: 0, ImmediateOops: 0, NonImmediateOops: No
[1,791s][debug][gc,nmethod  ] Register NMethod: java.util.ArrayList$Itr.hasNext (0x0000794416c84688) [0x0000794416c84780, 0x0000794416c84868] Compiler: jvmci, Barriers: 1, Oops: 0, ImmediateOops: 0, NonImmediateOops: No
[1,792s][debug][gc,nmethod  ] Register NMethod: org.junit.platform.engine.support.descriptor.ClassSource.getClassName (0x0000794416c84988) [0x0000794416c84a80, 0x0000794416c84b68] Compiler: c1, Barriers: 1, Oops: 1, ImmediateOops: 0, NonImmediateOops: No
[1,793s][debug][gc,nmethod  ] Register NMethod: java.util.Optional.filter (0x00007943f799ca08) [0x00007943f799cb00, 0x00007943f799d2f0] Compiler: c1, Barriers: 1, Oops: 0, ImmediateOops: 1, NonImmediateOops: No
[1,793s][debug][gc,director ] Rule Major: Warmup 10%, Used: 102MB, UsedThreshold: 1228MB
[1,793s][debug][gc,nmethod  ] Register NMethod: java.util.HashMap.remove (0x00007943f799d308) [0x00007943f799d400, 0x00007943f799da80] Compiler: c1, Barriers: 1, Oops: 0, ImmediateOops: 0, NonImmediateOops: No
[1,794s][debug][gc,nmethod  ] Register NMethod: org.junit.platform.engine.support.descriptor.MethodSource.getMethodName (0x0000794416c84c88) [0x0000794416c84d80, 0x0000794416c84e68] Compiler: c1, Barriers: 1, Oops: 1, ImmediateOops: 0, NonImmediateOops: No
[1,794s][debug][gc,nmethod  ] Register NMethod: java.util.concurrent.locks.AbstractQueuedSynchronizer.compareAndSetState (0x00007943f799da88) [0x00007943f799db80, 0x00007943f799dc98] Compiler: c1, Barriers: 0, Oops: 0, ImmediateOops: 0, NonImmediateOops: No
[1,795s][debug][gc,nmethod  ] Register NMethod: java.util.concurrent.locks.AbstractQueuedSynchronizer.release (0x00007943f799dd88) [0x00007943f799de80, 0x00007943f799ecb8] Compiler: c1, Barriers: 3, Oops: 0, ImmediateOops: 2, NonImmediateOops: No
[1,795s][debug][gc,nmethod  ] Register NMethod: org.gradle.api.internal.tasks.testing.filter.TestSelectionMatcher$TestPattern.access$300 (0x00007943f799ed08) [0x00007943f799ee00, 0x00007943f799ef20] Compiler: c1, Barriers: 0, Oops: 1, ImmediateOops: 0, NonImmediateOops: No
[1,795s][debug][gc,nmethod  ] Register NMethod: java.util.regex.Pattern$Slice.match (0x00007943f799f008) [0x00007943f799f100, 0x00007943f799f840] Compiler: c1, Barriers: 2, Oops: 0, ImmediateOops: 0, NonImmediateOops: No
[1,795s][debug][gc,nmethod  ] Register NMethod: org.gradle.api.internal.tasks.testing.filter.TestSelectionMatcher.matchesTest (0x00007943f799f888) [0x00007943f799f980, 0x00007943f79a01b8] Compiler: c1, Barriers: 2, Oops: 1, ImmediateOops: 0, NonImmediateOops: No
[1,795s][debug][gc,nmethod  ] Register NMethod: java.util.Optional.isPresent (0x0000794416c84f88) [0x0000794416c85080, 0x0000794416c85138] Compiler: jvmci, Barriers: 1, Oops: 0, ImmediateOops: 0, NonImmediateOops: No
[1,795s][debug][gc,nmethod  ] Register NMethod: org.gradle.api.internal.tasks.testing.filter.TestSelectionMatcher.matchesClassAndMethod (0x00007943f79a0208) [0x00007943f79a0300, 0x00007943f79a1630] Compiler: c1, Barriers: 2, Oops: 1, ImmediateOops: 0, NonImmediateOops: No
[1,795s][debug][gc,nmethod  ] Register NMethod: org.gradle.api.internal.tasks.testing.filter.TestSelectionMatcher$TestPattern.matchesClassAndMethod (0x00007943f79a1688) [0x00007943f79a1780, 0x00007943f79a2d90] Compiler: c1, Barriers: 2, Oops: 2, ImmediateOops: 2, NonImmediateOops: No
[1,797s][debug][gc,nmethod  ] Register NMethod: org.gradle.api.internal.tasks.testing.junitplatform.JUnitPlatformTestClassProcessor$ClassMethodNameFilter$$Lambda/0x00000000a916cad8.test (0x00007943f79a2e08) [0x00007943f79a2f00, 0x00007943f79a3440] Compiler: c1, Barriers: 1, Oops: 2, ImmediateOops: 0, NonImmediateOops: No
[1,797s][debug][gc,nmethod  ] Register NMethod: org.gradle.api.internal.tasks.testing.junitplatform.JUnitPlatformTestClassProcessor$ClassMethodNameFilter$$Lambda/0x00000000a916cad8.<init> (0x00007943f79a3488) [0x00007943f79a3580, 0x00007943f79a3750] Compiler: c1, Barriers: 3, Oops: 1, ImmediateOops: 0, NonImmediateOops: No
[1,797s][debug][gc,nmethod  ] Register NMethod: org.gradle.api.internal.tasks.testing.junitplatform.JUnitPlatformTestClassProcessor$ClassMethodNameFilter$$Lambda/0x00000000a916cd38.<init> (0x00007943f79a3788) [0x00007943f79a3880, 0x00007943f79a3a50] Compiler: c1, Barriers: 3, Oops: 1, ImmediateOops: 0, NonImmediateOops: No
[1,798s][debug][gc,nmethod  ] Register NMethod: org.gradle.api.internal.tasks.testing.junitplatform.JUnitPlatformTestClassProcessor$ClassMethodNameFilter.className (0x00007943f79a3a88) [0x00007943f79a3b80, 0x00007943f79a6c38] Compiler: c1, Barriers: 20, Oops: 7, ImmediateOops: 15, NonImmediateOops: No
[1,799s][debug][gc,nmethod  ] Register NMethod: java.util.regex.Pattern$Slice.match (0x0000794416c85288) [0x0000794416c85380, 0x0000794416c856d8] Compiler: jvmci, Barriers: 3, Oops: 0, ImmediateOops: 0, NonImmediateOops: No
[1,800s][debug][gc,nmethod  ] Register NMethod: org.junit.platform.engine.support.descriptor.MethodSource.getClassName (0x0000794416c85708) [0x0000794416c85800, 0x0000794416c858e8] Compiler: c1, Barriers: 1, Oops: 1, ImmediateOops: 0, NonImmediateOops: No
[1,801s][debug][gc,nmethod  ] Register NMethod: java.lang.invoke.DirectMethodHandle$Holder.newInvokeSpecial (0x0000794416c85a08) [0x0000794416c85b00, 0x0000794416c85ec0] Compiler: jvmci, Barriers: 3, Oops: 0, ImmediateOops: 1, NonImmediateOops: No
[1,802s][debug][gc,nmethod  ] Register NMethod: java.lang.Class.cast (0x0000794416c85f08) [0x0000794416c86000, 0x0000794416c861f0] Compiler: jvmci, Barriers: 0, Oops: 0, ImmediateOops: 0, NonImmediateOops: No
[1,802s][debug][gc,nmethod  ] Register NMethod: java.lang.String.<init> (0x0000794416c86208) [0x0000794416c86300, 0x0000794416c86738] Compiler: jvmci, Barriers: 4, Oops: 0, ImmediateOops: 0, NonImmediateOops: No
[1,803s][debug][gc,director ] Rule Major: Warmup 10%, Used: 102MB, UsedThreshold: 1228MB
[1,803s][debug][gc,nmethod  ] Register NMethod: org.gradle.api.internal.tasks.testing.junitplatform.JUnitPlatformTestClassProcessor$ClassMethodNameFilter$$Lambda/0x00000000a916cd38.apply (0x00007943f79a6c88) [0x00007943f79a6d80, 0x00007943f79a7650] Compiler: c1, Barriers: 1, Oops: 2, ImmediateOops: 0, NonImmediateOops: No
[1,805s][debug][gc,nmethod  ] Register NMethod: org.junit.platform.engine.TestDescriptor.isRoot (0x00007943f79a7688) [0x00007943f79a7780, 0x00007943f79a8010] Compiler: c1, Barriers: 5, Oops: 1, ImmediateOops: 1, NonImmediateOops: No
[1,813s][debug][gc,nmethod  ] Register NMethod: org.gradle.api.internal.tasks.testing.junitplatform.JUnitPlatformTestClassProcessor$ClassMethodNameFilter.shouldRun (0x00007943f79a8088) [0x00007943f79a8180, 0x00007943f79a82c0] Compiler: c1, Barriers: 0, Oops: 1, ImmediateOops: 0, NonImmediateOops: No
[1,813s][debug][gc,director ] Rule Major: Warmup 10%, Used: 102MB, UsedThreshold: 1228MB
[1,814s][debug][gc,nmethod  ] Register NMethod: org.junit.platform.engine.FilterResult.included (0x0000794416c86788) [0x0000794416c86880, 0x0000794416c86940] Compiler: c1, Barriers: 0, Oops: 1, ImmediateOops: 0, NonImmediateOops: No
[1,814s][debug][gc,nmethod  ] Register NMethod: org.gradle.api.internal.tasks.testing.junitplatform.JUnitPlatformTestClassProcessor$ClassMethodNameFilter.shouldRun (0x00007943f79a8388) [0x00007943f79a8480, 0x00007943f79ac248] Compiler: c1, Barriers: 27, Oops: 4, ImmediateOops: 8, NonImmediateOops: No
[1,815s][debug][gc,nmethod  ] Register NMethod: org.gradle.api.internal.tasks.testing.junitplatform.JUnitPlatformTestClassProcessor$ClassMethodNameFilter$$Lambda/0x00000000a916d1d0.apply (0x00007943f79ac288) [0x00007943f79ac380, 0x00007943f79ac710] Compiler: c1, Barriers: 1, Oops: 2, ImmediateOops: 0, NonImmediateOops: No
[1,815s][debug][gc,nmethod  ] Register NMethod: org.gradle.api.internal.tasks.testing.junitplatform.JUnitPlatformTestClassProcessor$ClassMethodNameFilter.lambda$matchesParentMethod$2 (0x00007943f79ac788) [0x00007943f79ac880, 0x00007943f79aca10] Compiler: c1, Barriers: 1, Oops: 1, ImmediateOops: 0, NonImmediateOops: No
[1,815s][debug][gc,nmethod  ] Register NMethod: java.util.Collections$UnmodifiableCollection.isEmpty (0x00007943f79aca88) [0x00007943f79acb80, 0x00007943f79acec8] Compiler: c1, Barriers: 1, Oops: 0, ImmediateOops: 0, NonImmediateOops: No
[1,816s][debug][gc,nmethod  ] Register NMethod: org.gradle.api.internal.tasks.testing.junitplatform.JUnitPlatformTestClassProcessor$ClassMethodNameFilter$$Lambda/0x00000000a916d420.test (0x00007943f79acf08) [0x00007943f79ad000, 0x00007943f79ad468] Compiler: c1, Barriers: 3, Oops: 1, ImmediateOops: 0, NonImmediateOops: No
[1,816s][debug][gc,nmethod  ] Register NMethod: org.gradle.api.internal.tasks.testing.junitplatform.JUnitPlatformTestClassProcessor$ClassMethodNameFilter.lambda$apply$1 (0x0000794416c86a88) [0x0000794416c86b80, 0x0000794416c86c28] Compiler: c1, Barriers: 0, Oops: 1, ImmediateOops: 1, NonImmediateOops: No
[1,816s][debug][gc,nmethod  ] Register NMethod: org.junit.platform.engine.FilterResult.getReason (0x0000794416c86d88) [0x0000794416c86e80, 0x0000794416c86f68] Compiler: c1, Barriers: 1, Oops: 1, ImmediateOops: 0, NonImmediateOops: No
[1,821s][debug][gc,nmethod  ] Register NMethod: java.util.ArrayList$Itr.next (0x0000794416c87088) [0x0000794416c87180, 0x0000794416c87360] Compiler: jvmci, Barriers: 3, Oops: 0, ImmediateOops: 0, NonImmediateOops: No
[1,823s][debug][gc,nmethod  ] Register NMethod: java.util.LinkedHashMap$LinkedHashIterator.hasNext (0x0000794416c87388) [0x0000794416c87480, 0x0000794416c87538] Compiler: jvmci, Barriers: 1, Oops: 0, ImmediateOops: 0, NonImmediateOops: No
[1,823s][debug][gc,director ] Rule Major: Warmup 10%, Used: 102MB, UsedThreshold: 1228MB
[1,824s][debug][gc,nmethod  ] Register NMethod: java.util.stream.ReduceOps$3ReducingSink.accept (0x00007943f79ad488) [0x00007943f79ad580, 0x00007943f79ad8f8] Compiler: c1, Barriers: 2, Oops: 0, ImmediateOops: 0, NonImmediateOops: No
[1,824s][debug][gc,nmethod  ] Register NMethod: java.util.stream.ReferencePipeline$3$1.accept (0x00007943f79ad908) [0x00007943f79ada00, 0x00007943f79adf88] Compiler: c1, Barriers: 2, Oops: 0, ImmediateOops: 0, NonImmediateOops: No
[1,825s][debug][gc,nmethod  ] Register NMethod: java.lang.invoke.MethodHandle.linkToInterface (0x0000794416c87688) [0x0000794416c87780, 0x0000794416c878b0] Compiler: , Barriers: 0, Oops: 0, ImmediateOops: 0, NonImmediateOops: No
[1,825s][debug][gc,nmethod  ] Register NMethod: org.junit.platform.engine.support.descriptor.AbstractTestDescriptor.getDisplayName (0x0000794416c87988) [0x0000794416c87a80, 0x0000794416c87b68] Compiler: c1, Barriers: 1, Oops: 1, ImmediateOops: 0, NonImmediateOops: No
[1,825s][debug][gc,nmethod  ] Register NMethod: java.util.stream.Collectors$$Lambda/0x00000000a90e07a8.accept (0x00007943f79ae008) [0x00007943f79ae100, 0x00007943f79ae828] Compiler: c1, Barriers: 0, Oops: 0, ImmediateOops: 0, NonImmediateOops: No
[1,825s][debug][gc,nmethod  ] Register NMethod: java.util.StringJoiner.add (0x00007943f79ae888) [0x00007943f79ae980, 0x00007943f79b0138] Compiler: c1, Barriers: 15, Oops: 0, ImmediateOops: 1, NonImmediateOops: No
[1,826s][debug][gc,nmethod  ] Register NMethod: org.junit.jupiter.engine.descriptor.TestMethodTestDescriptor.getType (0x00007943f79b0188) [0x00007943f79b0280, 0x00007943f79b0388] Compiler: c1, Barriers: 0, Oops: 1, ImmediateOops: 1, NonImmediateOops: No
[1,826s][debug][gc,nmethod  ] Register NMethod: org.junit.platform.engine.TestDescriptor$Type.isContainer (0x00007943f79b0488) [0x00007943f79b0580, 0x00007943f79b0710] Compiler: c1, Barriers: 0, Oops: 1, ImmediateOops: 2, NonImmediateOops: No
[1,826s][debug][gc,nmethod  ] Register NMethod: org.junit.platform.engine.TestDescriptor.isContainer (0x00007943f79b0788) [0x00007943f79b0880, 0x00007943f79b0e30] Compiler: c1, Barriers: 0, Oops: 1, ImmediateOops: 2, NonImmediateOops: No
[1,826s][debug][gc,nmethod  ] Register NMethod: java.lang.invoke.MethodHandle.linkToStatic (0x0000794416c87c88) [0x0000794416c87d80, 0x0000794416c87e70] Compiler: , Barriers: 0, Oops: 0, ImmediateOops: 0, NonImmediateOops: No
[1,826s][debug][gc,nmethod  ] Register NMethod: org.junit.platform.engine.TestDescriptor$Type.isTest (0x00007943f79b0e88) [0x00007943f79b0f80, 0x00007943f79b1110] Compiler: c1, Barriers: 0, Oops: 1, ImmediateOops: 2, NonImmediateOops: No
[1,826s][debug][gc,nmethod  ] Register NMethod: org.junit.runner.Description.isTest (0x00007943f79b1188) [0x00007943f79b1280, 0x00007943f79b15c8] Compiler: c1, Barriers: 1, Oops: 1, ImmediateOops: 0, NonImmediateOops: No
[1,826s][debug][gc,nmethod  ] Register NMethod: org.junit.platform.engine.TestDescriptor.isTest (0x00007943f79b1608) [0x00007943f79b1700, 0x00007943f79b1cb0] Compiler: c1, Barriers: 0, Oops: 1, ImmediateOops: 2, NonImmediateOops: No
[1,826s][debug][gc,nmethod  ] Register NMethod: java.util.concurrent.ConcurrentLinkedQueue.isEmpty (0x00007943f79b1d08) [0x00007943f79b1e00, 0x00007943f79b1f98] Compiler: c1, Barriers: 0, Oops: 0, ImmediateOops: 0, NonImmediateOops: No
[1,826s][debug][gc,nmethod  ] Register NMethod: java.lang.invoke.MethodHandle.linkToSpecial (0x0000794416c87f88) [0x0000794416c88080, 0x0000794416c88178] Compiler: , Barriers: 0, Oops: 0, ImmediateOops: 0, NonImmediateOops: No
[1,827s][debug][gc,nmethod  ] Register NMethod: java.lang.invoke.MethodHandle.invokeBasic (0x0000794416c88288) [0x0000794416c88380, 0x0000794416c88618] Compiler: , Barriers: 0, Oops: 0, ImmediateOops: 0, NonImmediateOops: No
[1,827s][debug][gc,nmethod  ] Register NMethod: java.util.concurrent.ConcurrentLinkedQueue.updateHead (0x00007943f79b2008) [0x00007943f79b2100, 0x00007943f79b4cf8] Compiler: c1, Barriers: 5, Oops: 8, ImmediateOops: 20, NonImmediateOops: No
[1,827s][debug][gc,nmethod  ] Register NMethod: java.lang.invoke.MethodHandle.linkToSpecial (0x0000794416c88688) [0x0000794416c88780, 0x0000794416c88878] Compiler: , Barriers: 0, Oops: 0, ImmediateOops: 0, NonImmediateOops: No
[1,827s][debug][gc,nmethod  ] Register NMethod: java.lang.invoke.MethodHandleStatics.dumper (0x00007943f79b4d88) [0x00007943f79b4e80, 0x00007943f79b4f68] Compiler: c1, Barriers: 0, Oops: 0, ImmediateOops: 1, NonImmediateOops: No
[1,827s][debug][gc,nmethod  ] Register NMethod: java.util.concurrent.ConcurrentLinkedQueue.first (0x00007943f79b5088) [0x00007943f79b5180, 0x00007943f79b8280] Compiler: c1, Barriers: 8, Oops: 8, ImmediateOops: 20, NonImmediateOops: No
[1,828s][debug][gc,nmethod  ] Register NMethod: jdk.internal.classfile.impl.AbstractPoolEntry$Utf8EntryImpl.<init> (0x00007943f79b8308) [0x00007943f79b8400, 0x00007943f79b89b8] Compiler: c1, Barriers: 23, Oops: 0, ImmediateOops: 0, NonImmediateOops: No
[1,828s][debug][gc,nmethod  ] Register NMethod: jdk.internal.classfile.impl.SplitConstantPool.tryFindUtf8 (0x00007943f79b8a08) [0x00007943f79b8b00, 0x00007943f79b9f28] Compiler: c1, Barriers: 1, Oops: 0, ImmediateOops: 0, NonImmediateOops: No
[1,828s][debug][gc,nmethod  ] Register NMethod: java.lang.Module.canRead (0x00007943f79b9f88) [0x00007943f79ba080, 0x00007943f79bcfd0] Compiler: c1, Barriers: 16, Oops: 3, ImmediateOops: 10, NonImmediateOops: No
[1,828s][debug][gc,nmethod  ] Register NMethod: java.util.Collections$UnmodifiableCollection.stream (0x00007943f79bd008) [0x00007943f79bd100, 0x00007943f79bd440] Compiler: c1, Barriers: 1, Oops: 0, ImmediateOops: 0, NonImmediateOops: No
[1,829s][debug][gc,nmethod  ] Register NMethod: java.util.stream.Sink.begin (0x0000794416c88988) [0x0000794416c88a80, 0x0000794416c88b00] Compiler: jvmci, Barriers: 0, Oops: 0, ImmediateOops: 0, NonImmediateOops: No
[1,830s][debug][gc,nmethod  ] Register NMethod: java.io.ObjectStreamField.getField (0x0000794416c88c88) [0x0000794416c88d80, 0x0000794416c88e68] Compiler: c1, Barriers: 1, Oops: 0, ImmediateOops: 0, NonImmediateOops: No
[1,830s][debug][gc,nmethod  ] Register NMethod: java.lang.reflect.Field.getType (0x0000794416c88f88) [0x0000794416c89080, 0x0000794416c89168] Compiler: c1, Barriers: 1, Oops: 0, ImmediateOops: 0, NonImmediateOops: No
[1,830s][debug][gc,nmethod  ] Register NMethod: java.io.ObjectStreamField.getTypeCode (0x00007943f79bd488) [0x00007943f79bd580, 0x00007943f79bdf10] Compiler: c1, Barriers: 2, Oops: 1, ImmediateOops: 2, NonImmediateOops: No
[1,831s][debug][gc,nmethod  ] Register NMethod: jdk.internal.classfile.impl.AbstractPoolEntry$Utf8EntryImpl.mayBeArrayDescriptor (0x00007943f79bdf88) [0x00007943f79be080, 0x00007943f79be560] Compiler: c1, Barriers: 2, Oops: 0, ImmediateOops: 1, NonImmediateOops: No
[1,831s][debug][gc,nmethod  ] Register NMethod: java.lang.invoke.MethodHandle.linkToStatic (0x0000794416c89288) [0x0000794416c89380, 0x0000794416c89470] Compiler: , Barriers: 0, Oops: 0, ImmediateOops: 0, NonImmediateOops: No
[1,831s][debug][gc,nmethod  ] Register NMethod: jdk.internal.classfile.impl.Util.descriptorStringHash (0x00007943f79be588) [0x00007943f79be680, 0x00007943f79c0c68] Compiler: c1, Barriers: 4, Oops: 1, ImmediateOops: 9, NonImmediateOops: No
[1,832s][debug][gc,nmethod  ] Register NMethod: java.lang.invoke.MethodHandle.linkToInterface (0x0000794416c89588) [0x0000794416c89680, 0x0000794416c897b0] Compiler: , Barriers: 0, Oops: 0, ImmediateOops: 0, NonImmediateOops: No
[1,833s][debug][gc,nmethod  ] Register NMethod: java.lang.String.startsWith (0x0000794416c89888) [0x0000794416c89980, 0x0000794416c89c78] Compiler: jvmci, Barriers: 2, Oops: 0, ImmediateOops: 0, NonImmediateOops: No
[1,833s][debug][gc,director ] Rule Major: Warmup 10%, Used: 104MB, UsedThreshold: 1228MB
[1,834s][debug][gc,nmethod  ] Register NMethod: java.util.stream.Sink$ChainedReference.end (0x0000794416c89c88) [0x0000794416c89d80, 0x0000794416c89ec0] Compiler: jvmci, Barriers: 1, Oops: 0, ImmediateOops: 0, NonImmediateOops: No
[1,835s][debug][gc,nmethod  ] Register NMethod: jdk.internal.classfile.impl.BufWriterImpl.patchInt (0x0000794416c89f88) [0x0000794416c8a080, 0x0000794416c8a1e8] Compiler: jvmci, Barriers: 1, Oops: 0, ImmediateOops: 0, NonImmediateOops: No
[1,836s][debug][gc,nmethod  ] Register NMethod: jdk.internal.classfile.impl.AbstractPoolEntry$ClassEntryImpl.clone (0x00007943f79c0c88) [0x00007943f79c0d80, 0x00007943f79c1280] Compiler: c1, Barriers: 0, Oops: 0, ImmediateOops: 0, NonImmediateOops: No
[1,836s][debug][gc,nmethod  ] Register NMethod: jdk.internal.classfile.impl.AbstractPoolEntry$ClassEntryImpl.clone (0x00007943f79c1288) [0x00007943f79c1380, 0x00007943f79c1aa0] Compiler: c1, Barriers: 0, Oops: 0, ImmediateOops: 0, NonImmediateOops: No
[1,836s][debug][gc,nmethod  ] Register NMethod: jdk.internal.classfile.impl.SplitConstantPool.cloneClassEntry (0x00007943f79c1b08) [0x00007943f79c1c00, 0x00007943f79c2d28] Compiler: c1, Barriers: 8, Oops: 0, ImmediateOops: 0, NonImmediateOops: No
[1,836s][debug][gc,nmethod  ] Register NMethod: java.lang.ref.SoftReference.get (0x0000794416c8a288) [0x0000794416c8a380, 0x0000794416c8a4a0] Compiler: jvmci, Barriers: 2, Oops: 0, ImmediateOops: 1, NonImmediateOops: No
[1,837s][debug][gc,nmethod  ] Register NMethod: java.util.LinkedHashSet.<init> (0x00007943f79c2d88) [0x00007943f79c2ea0, 0x00007943f79c2fe8] Compiler: c1, Barriers: 0, Oops: 0, ImmediateOops: 0, NonImmediateOops: No
[1,838s][debug][gc,nmethod  ] Register NMethod: jdk.internal.classfile.impl.DirectClassBuilder.buildInterfaceEnties (0x00007943f79c3088) [0x00007943f79c3180, 0x00007943f79c4688] Compiler: c1, Barriers: 6, Oops: 0, ImmediateOops: 0, NonImmediateOops: No
[1,838s][debug][gc,nmethod  ] Register NMethod: jdk.internal.classfile.impl.AbstractPoolEntry$Utf8EntryImpl.<init> (0x0000794416c8a588) [0x0000794416c8a680, 0x0000794416c8a960] Compiler: jvmci, Barriers: 12, Oops: 0, ImmediateOops: 1, NonImmediateOops: No
[1,840s][debug][gc,nmethod  ] Register NMethod: java.lang.reflect.Constructor.getDeclaringClass (0x0000794416c8a988) [0x0000794416c8aa80, 0x0000794416c8ab68] Compiler: c1, Barriers: 1, Oops: 0, ImmediateOops: 0, NonImmediateOops: No
[1,841s][debug][gc,nmethod  ] Register NMethod: java.util.ImmutableCollections$AbstractImmutableList.equals (0x00007943f79c4708) [0x00007943f79c4800, 0x00007943f79c5ea0] Compiler: c1, Barriers: 0, Oops: 0, ImmediateOops: 0, NonImmediateOops: No
[1,841s][debug][gc,nmethod  ] Register NMethod: java.lang.String.getBytes (0x0000794416c8ac88) [0x0000794416c8ad80, 0x0000794416c8b120] Compiler: jvmci, Barriers: 1, Oops: 0, ImmediateOops: 0, NonImmediateOops: No
[1,842s][debug][gc,nmethod  ] Register NMethod: org.junit.vintage.engine.descriptor.VintageTestDescriptor.getDescription (0x0000794416c8b188) [0x0000794416c8b280, 0x0000794416c8b368] Compiler: c1, Barriers: 1, Oops: 1, ImmediateOops: 0, NonImmediateOops: No
[1,842s][debug][gc,nmethod  ] Register NMethod: java.util.regex.Pattern.lambda$ALL$0 (0x0000794416c8b488) [0x0000794416c8b580, 0x0000794416c8b620] Compiler: c1, Barriers: 0, Oops: 0, ImmediateOops: 0, NonImmediateOops: No
[1,843s][debug][gc,nmethod  ] Register NMethod: java.lang.invoke.MethodHandle.setAsTypeCache (0x00007943f79c5f08) [0x00007943f79c6000, 0x00007943f79c68d8] Compiler: c1, Barriers: 14, Oops: 0, ImmediateOops: 2, NonImmediateOops: No
[1,843s][debug][gc,nmethod  ] Register NMethod: java.lang.invoke.MethodHandleImpl.computeValueConversions (0x00007943f79c6908) [0x00007943f79c6a00, 0x00007943f79c7ce0] Compiler: c1, Barriers: 10, Oops: 0, ImmediateOops: 0, NonImmediateOops: No
[1,844s][debug][gc,nmethod  ] Register NMethod: java.lang.invoke.MethodHandle.getApproximateCommonClassLoader (0x00007943f79c7d08) [0x00007943f79c7e00, 0x00007943f79c8f50] Compiler: c1, Barriers: 6, Oops: 0, ImmediateOops: 4, NonImmediateOops: No
[1,844s][debug][gc,director ] Rule Major: Warmup 10%, Used: 106MB, UsedThreshold: 1228MB
[1,844s][debug][gc,nmethod  ] Register NMethod: java.lang.invoke.MethodHandle.asTypeUncached (0x00007943f79c8f88) [0x00007943f79c9080, 0x00007943f79cacb0] Compiler: c1, Barriers: 1, Oops: 2, ImmediateOops: 4, NonImmediateOops: No
[1,844s][debug][gc,nmethod  ] Register NMethod: java.lang.invoke.MethodHandleImpl.countNonNull (0x00007943f79cad08) [0x00007943f79cae00, 0x00007943f79cb048] Compiler: c1, Barriers: 1, Oops: 0, ImmediateOops: 0, NonImmediateOops: No
[1,844s][debug][gc,nmethod  ] Register NMethod: java.lang.invoke.MethodHandleImpl.makePairwiseConvert (0x00007943f79cb088) [0x00007943f79cb180, 0x00007943f79cb298] Compiler: c1, Barriers: 0, Oops: 0, ImmediateOops: 0, NonImmediateOops: No
[1,844s][debug][gc,nmethod  ] Register NMethod: java.lang.StringLatin1.getBytes (0x0000794416c8b788) [0x0000794416c8b880, 0x0000794416c8baf8] Compiler: jvmci, Barriers: 0, Oops: 0, ImmediateOops: 0, NonImmediateOops: No
[1,844s][debug][gc,nmethod  ] Register NMethod: java.lang.invoke.MethodHandle.invokeBasic (0x0000794416c8bb08) [0x0000794416c8bc00, 0x0000794416c8be98] Compiler: , Barriers: 0, Oops: 0, ImmediateOops: 0, NonImmediateOops: No
[1,844s][debug][gc,nmethod  ] Register NMethod: java.lang.invoke.MethodHandle.keepsAlive (0x00007943f79cb388) [0x00007943f79cb480, 0x00007943f79cc448] Compiler: c1, Barriers: 5, Oops: 0, ImmediateOops: 4, NonImmediateOops: No
[1,844s][debug][gc,nmethod  ] Register NMethod: java.lang.invoke.MethodHandleImpl.makePairwiseConvert (0x00007943f79cc488) [0x00007943f79cc580, 0x00007943f79cc8f0] Compiler: c1, Barriers: 1, Oops: 0, ImmediateOops: 0, NonImmediateOops: No
[1,844s][debug][gc,nmethod  ] Register NMethod: java.lang.invoke.LambdaFormBuffer.ownedCount (0x00007943f79cc908) [0x00007943f79cca00, 0x00007943f79ccb08] Compiler: c1, Barriers: 0, Oops: 0, ImmediateOops: 0, NonImmediateOops: No
[1,844s][debug][gc,nmethod  ] Register NMethod: java.lang.invoke.MethodType.isConvertibleTo (0x00007943f79ccc08) [0x00007943f79ccd00, 0x00007943f79ce260] Compiler: c1, Barriers: 12, Oops: 0, ImmediateOops: 0, NonImmediateOops: No
[1,844s][debug][gc,nmethod  ] Register NMethod: java.lang.invoke.MethodHandle.isSafeToCache (0x00007943f79ce288) [0x00007943f79ce380, 0x00007943f79ce528] Compiler: c1, Barriers: 1, Oops: 0, ImmediateOops: 0, NonImmediateOops: No
[1,844s][debug][gc,nmethod  ] Register NMethod: java.lang.invoke.LambdaForm$NamedFunction.intrinsicName (0x00007943f79ce588) [0x00007943f79ce680, 0x00007943f79cea28] Compiler: c1, Barriers: 1, Oops: 0, ImmediateOops: 1, NonImmediateOops: No
[1,844s][debug][gc,nmethod  ] Register NMethod: java.lang.invoke.InvokerBytecodeGenerator.emitStoreResult (0x00007943f79cea88) [0x00007943f79ceb80, 0x00007943f79cf238] Compiler: c1, Barriers: 3, Oops: 0, ImmediateOops: 1, NonImmediateOops: No
[1,845s][debug][gc,nmethod  ] Register NMethod: java.lang.invoke.InvokerBytecodeGenerator.emitPushArguments (0x00007943f79cf288) [0x00007943f79cf380, 0x00007943f79cffa0] Compiler: c1, Barriers: 12, Oops: 0, ImmediateOops: 0, NonImmediateOops: No
[1,845s][debug][gc,nmethod  ] Register NMethod: java.lang.invoke.LambdaForm$NamedFunction.member (0x00007943f79d0008) [0x00007943f79d0100, 0x00007943f79d0240] Compiler: c1, Barriers: 1, Oops: 0, ImmediateOops: 0, NonImmediateOops: No
[1,845s][debug][gc,nmethod  ] Register NMethod: java.lang.invoke.MemberName.isPrivate (0x00007943f79d0308) [0x00007943f79d0400, 0x00007943f79d05b0] Compiler: c1, Barriers: 0, Oops: 0, ImmediateOops: 0, NonImmediateOops: No
[1,845s][debug][gc,nmethod  ] Register NMethod: java.lang.invoke.InvokerBytecodeGenerator.refKindOpcode (0x00007943f79d0608) [0x00007943f79d0700, 0x00007943f79d1620] Compiler: c1, Barriers: 0, Oops: 1, ImmediateOops: 10, NonImmediateOops: No
[1,845s][debug][gc,nmethod  ] Register NMethod: jdk.internal.classfile.impl.SplitConstantPool.utf8Entry (0x0000794416c8bf08) [0x0000794416c8c020, 0x0000794416c8d468] Compiler: jvmci, Barriers: 31, Oops: 0, ImmediateOops: 2, NonImmediateOops: No
[1,845s][debug][gc,nmethod  ] Register NMethod: java.lang.invoke.InvokerBytecodeGenerator.emitStaticInvoke (0x00007943f79d1688) [0x00007943f79d1780, 0x00007943f79d3e68] Compiler: c1, Barriers: 9, Oops: 0, ImmediateOops: 2, NonImmediateOops: No
[1,846s][debug][gc,nmethod  ] Register NMethod: jdk.internal.classfile.impl.DirectCodeBuilder.astore (0x00007943f79d3e88) [0x00007943f79d3f80, 0x00007943f79d4370] Compiler: c1, Barriers: 1, Oops: 0, ImmediateOops: 0, NonImmediateOops: No
[1,846s][debug][gc,nmethod  ] Register NMethod: java.lang.invoke.InvokerBytecodeGenerator.isStaticallyInvocable (0x00007943f79d4388) [0x00007943f79d4480, 0x00007943f79d7378] Compiler: c1, Barriers: 4, Oops: 0, ImmediateOops: 3, NonImmediateOops: No
[1,846s][debug][gc,nmethod  ] Register NMethod: java.util.concurrent.locks.ReentrantLock$Sync.tryRelease (0x00007943f79d7388) [0x00007943f79d7480, 0x00007943f79d7f80] Compiler: c1, Barriers: 5, Oops: 0, ImmediateOops: 0, NonImmediateOops: No
[1,846s][debug][gc,nmethod  ] Register NMethod: jdk.internal.classfile.impl.DirectCodeBuilder.localAccess (0x00007943f79d7f88) [0x00007943f79d8080, 0x00007943f79daf80] Compiler: c1, Barriers: 8, Oops: 1, ImmediateOops: 13, NonImmediateOops: No
[1,846s][debug][gc,nmethod  ] Register NMethod: java.lang.invoke.MemberName.getFieldType (0x00007943f79db008) [0x00007943f79db100, 0x00007943f79dd998] Compiler: c1, Barriers: 12, Oops: 2, ImmediateOops: 3, NonImmediateOops: No
[1,847s][debug][gc,nmethod  ] Register NMethod: java.lang.invoke.MethodHandleImpl.makePairwiseConvertByEditor (0x00007943f79dda08) [0x00007943f79ddb00, 0x00007943f79e8c78] Compiler: c1, Barriers: 43, Oops: 3, ImmediateOops: 15, NonImmediateOops: No
[1,848s][debug][gc,nmethod  ] Register NMethod: java.util.regex.Pattern$$Lambda/0x00000000a9112098.is (0x00007943f79e8d08) [0x00007943f79e8e00, 0x00007943f79e8f60] Compiler: c1, Barriers: 0, Oops: 0, ImmediateOops: 0, NonImmediateOops: No
[1,848s][debug][gc,nmethod  ] Register NMethod: org.junit.platform.commons.util.Preconditions.condition (0x00007943f79e9008) [0x00007943f79e9100, 0x00007943f79e96f0] Compiler: c1, Barriers: 0, Oops: 1, ImmediateOops: 0, NonImmediateOops: No
[1,849s][debug][gc,nmethod  ] Register NMethod: java.util.regex.Pattern$GroupTail.match (0x00007943f79e9708) [0x00007943f79e9800, 0x00007943f79e9d98] Compiler: c1, Barriers: 4, Oops: 0, ImmediateOops: 0, NonImmediateOops: No
[1,849s][debug][gc,nmethod  ] Register NMethod: java.util.regex.Pattern$BmpCharProperty.match (0x00007943f79e9e08) [0x00007943f79e9f00, 0x00007943f79ea798] Compiler: c1, Barriers: 2, Oops: 0, ImmediateOops: 0, NonImmediateOops: No
[1,849s][debug][gc,nmethod  ] Register NMethod: java.util.zip.ZipFile$CleanableResource.getInflater (0x00007943f79ea808) [0x00007943f79ea900, 0x00007943f79eb160] Compiler: c1, Barriers: 2, Oops: 0, ImmediateOops: 0, NonImmediateOops: No
[1,849s][debug][gc,nmethod  ] Register NMethod: java.util.zip.ZipFile$CleanableResource.releaseInflater (0x00007943f79eb188) [0x00007943f79eb280, 0x00007943f79eb8f8] Compiler: c1, Barriers: 2, Oops: 0, ImmediateOops: 0, NonImmediateOops: No
[1,849s][debug][gc,nmethod  ] Register NMethod: java.lang.reflect.AccessibleObject.isAccessible (0x0000794416c8d488) [0x0000794416c8d580, 0x0000794416c8d640] Compiler: c1, Barriers: 0, Oops: 0, ImmediateOops: 0, NonImmediateOops: No
[1,850s][debug][gc,nmethod  ] Register NMethod: java.lang.invoke.MethodHandle.linkToVirtual (0x0000794416c8d788) [0x0000794416c8d880, 0x0000794416c8d8a8] Compiler: , Barriers: 0, Oops: 0, ImmediateOops: 0, NonImmediateOops: No
[1,854s][debug][gc,director ] Rule Major: Warmup 10%, Used: 106MB, UsedThreshold: 1228MB
[1,856s][debug][gc,nmethod  ] Register NMethod: jdk.internal.classfile.impl.AbstractPoolEntry$Utf8EntryImpl.writeTo (0x0000794416c8da88) [0x0000794416c8dba0, 0x0000794416c8e6f0] Compiler: jvmci, Barriers: 7, Oops: 0, ImmediateOops: 0, NonImmediateOops: No
[1,861s][debug][gc,nmethod  ] Register NMethod: jdk.internal.classfile.impl.BufWriterImpl.writeUtfEntry (0x0000794416c8e708) [0x0000794416c8e820, 0x0000794416c8f330] Compiler: jvmci, Barriers: 5, Oops: 0, ImmediateOops: 0, NonImmediateOops: No
[1,861s][debug][gc,nmethod  ] Register NMethod: java.util.regex.Pattern$$Lambda/0x00000000a90b27a0.is (0x0000794416c8f388) [0x0000794416c8f480, 0x0000794416c8f510] Compiler: jvmci, Barriers: 0, Oops: 0, ImmediateOops: 0, NonImmediateOops: No
[1,863s][debug][gc,nmethod  ] Register NMethod: java.lang.StringBuilder.append (0x0000794416c8f688) [0x0000794416c8f780, 0x0000794416c8ff90] Compiler: jvmci, Barriers: 4, Oops: 0, ImmediateOops: 0, NonImmediateOops: No
[1,864s][debug][gc,director ] Rule Major: Warmup 10%, Used: 106MB, UsedThreshold: 1228MB
[1,872s][debug][gc,nmethod  ] Register NMethod: java.lang.StringLatin1.indexOf (0x0000794416c90008) [0x0000794416c90100, 0x0000794416c90310] Compiler: jvmci, Barriers: 0, Oops: 0, ImmediateOops: 0, NonImmediateOops: No
[1,872s][debug][gc,nmethod  ] Register NMethod: java.lang.String.indexOf (0x0000794416c90388) [0x0000794416c90480, 0x0000794416c90760] Compiler: jvmci, Barriers: 2, Oops: 0, ImmediateOops: 0, NonImmediateOops: No
[1,874s][debug][gc,director ] Rule Major: Warmup 10%, Used: 106MB, UsedThreshold: 1228MB
[1,878s][debug][gc,nmethod  ] Register NMethod: java.lang.CharacterDataLatin1.equalsIgnoreCase (0x0000794416c90788) [0x0000794416c90880, 0x0000794416c90990] Compiler: jvmci, Barriers: 0, Oops: 0, ImmediateOops: 0, NonImmediateOops: No
[1,880s][debug][gc,nmethod  ] Register NMethod: jdk.internal.loader.BuiltinClassLoader.hasClassPath (0x00007943f79eb908) [0x00007943f79eba00, 0x00007943f79ebb88] Compiler: c1, Barriers: 1, Oops: 0, ImmediateOops: 0, NonImmediateOops: No
[1,880s][debug][gc,nmethod  ] Register NMethod: java.nio.DirectIntBufferU.ix (0x0000794416c90a88) [0x0000794416c90b80, 0x0000794416c90c10] Compiler: jvmci, Barriers: 0, Oops: 0, ImmediateOops: 0, NonImmediateOops: No
[1,882s][debug][gc,nmethod  ] Register NMethod: java.lang.String.regionMatches (0x0000794416c90d88) [0x0000794416c90e80, 0x0000794416c911c8] Compiler: jvmci, Barriers: 2, Oops: 0, ImmediateOops: 0, NonImmediateOops: No
[1,883s][debug][gc,nmethod  ] Register NMethod: java.lang.StringLatin1.regionMatchesCI (0x0000794416c91208) [0x0000794416c91300, 0x0000794416c914d0] Compiler: jvmci, Barriers: 0, Oops: 0, ImmediateOops: 0, NonImmediateOops: No
[1,884s][debug][gc,director ] Rule Major: Warmup 10%, Used: 108MB, UsedThreshold: 1228MB
[1,884s][debug][gc,nmethod  ] Register NMethod: java.lang.ClassLoader.checkName (0x0000794416c91508) [0x0000794416c91600, 0x0000794416c91788] Compiler: jvmci, Barriers: 1, Oops: 0, ImmediateOops: 0, NonImmediateOops: No
[1,886s][debug][gc,nmethod  ] Register NMethod: jdk.xml.internal.XMLSecurityManager$Limit.systemProperty (0x0000794416c91808) [0x0000794416c91900, 0x0000794416c919e8] Compiler: c1, Barriers: 1, Oops: 0, ImmediateOops: 0, NonImmediateOops: No
[1,892s][debug][gc,nmethod  ] Register NMethod: java.util.concurrent.ConcurrentHashMap.get (0x0000794416c91b08) [0x0000794416c91c00, 0x0000794416c93530] Compiler: jvmci, Barriers: 41, Oops: 0, ImmediateOops: 1, NonImmediateOops: No
[1,894s][debug][gc,nmethod  ] Register NMethod: jdk.internal.classfile.impl.BufWriterImpl.writeU1U2 (0x0000794416c93588) [0x0000794416c93680, 0x0000794416c93b80] Compiler: jvmci, Barriers: 4, Oops: 0, ImmediateOops: 0, NonImmediateOops: No
[1,894s][debug][gc,director ] Rule Major: Warmup 10%, Used: 108MB, UsedThreshold: 1228MB
[1,901s][info ][gc          ] GC(0) Major Collection (Metadata GC Threshold)
[1,901s][info ][gc,task     ] GC(0) Using 1 Workers for Young Generation
[1,901s][info ][gc,task     ] GC(0) Using 1 Workers for Old Generation
[1,901s][debug][gc,heap     ] GC(0) Y: Heap Before GC invocations=0 (full 0):
[1,901s][debug][gc,heap     ] GC(0) Y:  ZHeap           used 108M, capacity 5120M, max capacity 12288M
[1,901s][debug][gc,heap     ] GC(0) Y:   Cache          5012M (1)
[1,901s][debug][gc,heap     ] GC(0) Y:    size classes  4G (1)
[1,901s][debug][gc,metaspace] GC(0) Y: Metaspace Before GC invocations=0 (full 0):
[1,901s][debug][gc,metaspace] GC(0) Y:  Metaspace       used 21289K, committed 21568K, reserved 1114112K
[1,901s][debug][gc,metaspace] GC(0) Y:   class space    used 1731K, committed 1856K, reserved 1048576K
[1,901s][info ][gc,phases   ] GC(0) Y: Young Generation
[1,901s][debug][gc,reloc    ] Synchronize all workers 1 _nworkers: 0 _nsynchronized: 0
[1,901s][debug][gc,reloc    ] Synchronize all workers 1 _nworkers: 0 _nsynchronized: 0
[1,901s][debug][gc,phases,start] GC(0) Y: Pause Mark Start (Major)
[1,901s][debug][gc,tlab        ] GC(0) Y: TLAB usage update: used 0M -> 76M, capacity: 0M -> 76M
[1,901s][debug][gc,marking     ] GC(0) Y: Using 1 mark stripes
[1,901s][debug][gc,marking     ] GC(0) Y: Mark Worker/Stripe Distribution
[1,901s][debug][gc,marking     ] GC(0) Y:   Worker 0(1) -> Stripe 0(1)
[1,901s][debug][gc,marking     ] GC(0) Y: Using 1 mark stripes
[1,901s][debug][gc,marking     ] GC(0) Y: Mark Worker/Stripe Distribution
[1,901s][debug][gc,marking     ] GC(0) Y:   Worker 0(1) -> Stripe 0(1)
[1,901s][info ][gc,phases      ] GC(0) Y: Pause Mark Start (Major) 0,097ms
[1,901s][debug][gc,reloc       ] Desynchronize all workers _nworkers: 0 _nsynchronized: 0
[1,901s][debug][gc,reloc       ] Desynchronize all workers _nworkers: 0 _nsynchronized: 0
[1,901s][debug][gc,phases,start] GC(0) Y: Concurrent Mark
[1,901s][debug][gc,phases,start] GC(0) Y: Concurrent Mark Roots
[1,901s][debug][gc,task        ] GC(0) Y: Executing ZMarkYoungRootsTask using ZWorkerYoung with 1 workers
[1,901s][debug][gc,marking     ] Resurrection broke termination
[1,901s][debug][gc,nmethod     ] Register NMethod: java.lang.Enum.compareTo (0x00007943f79ebc08) [0x00007943f79ebd00, 0x00007943f79ed020] Compiler: c1, Barriers: 4, Oops: 0, ImmediateOops: 2, NonImmediateOops: No
[1,904s][debug][gc,nmethod     ] Register NMethod: java.lang.String.startsWith (0x0000794416c93b88) [0x0000794416c93c80, 0x0000794416c93f70] Compiler: jvmci, Barriers: 2, Oops: 0, ImmediateOops: 0, NonImmediateOops: No
[1,904s][debug][gc,tlab        ] GC(0) Y: TLAB totals: thrds: 12  refills: 255 max: 243 slow allocs: 70 max 70 waste:  4,2% gc: 2489072B max: 261840B slow: 261528B max: 260944B
[1,904s][debug][gc,phases      ] GC(0) Y: Concurrent Mark Roots 2,938ms
[1,904s][debug][gc,phases,start] GC(0) Y: Concurrent Mark Follow
[1,904s][debug][gc,marking     ] GC(0) Y: Using 1 mark stripes
[1,904s][debug][gc,task        ] GC(0) Y: Executing ZRememberedScanMarkFollowTask using ZWorkerYoung with 1 workers
[1,904s][debug][gc,nmethod     ] Register NMethod: java.util.Arrays.fill (0x00007943f79ed088) [0x00007943f79ed180, 0x00007943f79ed388] Compiler: c1, Barriers: 0, Oops: 0, ImmediateOops: 0, NonImmediateOops: No
[1,905s][debug][gc,nmethod     ] Register NMethod: com.sun.org.apache.xerces.internal.util.Status.isExceptional (0x0000794416c93f88) [0x0000794416c94080, 0x0000794416c94140] Compiler: c1, Barriers: 0, Oops: 0, ImmediateOops: 0, NonImmediateOops: No
[1,905s][debug][gc,nmethod     ] Register NMethod: com.sun.org.apache.xerces.internal.util.XMLChar.isValid (0x00007943f79ed408) [0x00007943f79ed500, 0x00007943f79ed6e8] Compiler: c1, Barriers: 0, Oops: 0, ImmediateOops: 1, NonImmediateOops: No
[1,905s][debug][gc,nmethod     ] Register NMethod: com.sun.org.apache.xerces.internal.util.XMLChar.isInvalid (0x00007943f79ed708) [0x00007943f79ed800, 0x00007943f79eda90] Compiler: c1, Barriers: 0, Oops: 0, ImmediateOops: 1, NonImmediateOops: No
[1,907s][debug][gc,nmethod     ] Register NMethod: java.util.Arrays.fill (0x0000794416c94288) [0x0000794416c94380, 0x0000794416c94578] Compiler: jvmci, Barriers: 0, Oops: 0, ImmediateOops: 0, NonImmediateOops: No
[1,910s][debug][gc,nmethod     ] Register NMethod: java.lang.StringLatin1.toLowerCase (0x00007943f79edb08) [0x00007943f79edc00, 0x00007943f79eeed0] Compiler: c1, Barriers: 5, Oops: 1, ImmediateOops: 6, NonImmediateOops: No
[1,910s][debug][gc,nmethod     ] Register NMethod: java.lang.NamedPackage.<init> (0x00007943f79eef08) [0x00007943f79ef000, 0x00007943f79f08d0] Compiler: c1, Barriers: 8, Oops: 1, ImmediateOops: 3, NonImmediateOops: No
[1,910s][debug][gc,nmethod     ] Register NMethod: java.lang.String.toLowerCase (0x00007943f79f0908) [0x00007943f79f0a00, 0x00007943f79f0eb0] Compiler: c1, Barriers: 2, Oops: 0, ImmediateOops: 0, NonImmediateOops: No
[1,911s][debug][gc,nmethod     ] Register NMethod: java.lang.String.indexOf (0x0000794416c94588) [0x0000794416c94680, 0x0000794416c947d8] Compiler: jvmci, Barriers: 1, Oops: 0, ImmediateOops: 0, NonImmediateOops: No
[1,914s][debug][gc,remset      ] GC(0) Y: Remset forwarding retained: 0,000ms count: 0 ZWorkerYoung#1
[1,915s][debug][gc,remset      ] GC(0) Y: Remset forwarding released: 0,000ms count: 0 ZWorkerYoung#1
[1,915s][debug][gc,marking     ] GC(0) Y: Try terminate after resurrection
[1,915s][debug][gc,nmethod     ] Register NMethod: jdk.internal.util.ArraysSupport.mismatch (0x0000794416c94888) [0x0000794416c94980, 0x0000794416c94c18] Compiler: jvmci, Barriers: 0, Oops: 0, ImmediateOops: 0, NonImmediateOops: No
[1,915s][debug][gc,phases      ] GC(0) Y: Concurrent Mark Follow 10,670ms
[1,915s][info ][gc,phases      ] GC(0) Y: Concurrent Mark 13,661ms
[1,915s][debug][gc,reloc       ] Synchronize all workers 1 _nworkers: 0 _nsynchronized: 0
[1,915s][debug][gc,reloc       ] Synchronize all workers 1 _nworkers: 0 _nsynchronized: 0
[1,915s][debug][gc,phases,start] GC(0) Y: Pause Mark End
[1,915s][info ][gc,phases      ] GC(0) Y: Pause Mark End 0,020ms
[1,915s][debug][gc,reloc       ] Desynchronize all workers _nworkers: 0 _nsynchronized: 0
[1,915s][debug][gc,reloc       ] Desynchronize all workers _nworkers: 0 _nsynchronized: 0
[1,915s][debug][gc,phases,start] GC(0) Y: Concurrent Mark Free
[1,915s][info ][gc,phases      ] GC(0) Y: Concurrent Mark Free 0,024ms
[1,915s][debug][gc,phases,start] GC(0) Y: Concurrent Reset Relocation Set
[1,915s][info ][gc,phases      ] GC(0) Y: Concurrent Reset Relocation Set 0,035ms
[1,915s][debug][gc,phases,start] GC(0) Y: Concurrent Select Relocation Set
[1,915s][debug][gc,reloc       ] GC(0) Y: Relocation Set (Medium Pages): 0->0, 1 skipped, 0 forwarding entries
[1,915s][debug][gc,reloc       ] GC(0) Y: Relocation Set (Small Pages): 36->4, 0 skipped, 297288 forwarding entries
[1,915s][debug][gc,reloc       ] GC(0) Y: Allocated To Garbage: 2097152,0
[1,915s][debug][gc,reloc       ] GC(0) Y: Young Log Residency: 2,5
[1,915s][debug][gc,reloc       ] GC(0) Y: Life Decay Factor: 1,0
[1,915s][info ][gc,reloc       ] GC(0) Y: Using tenuring threshold: 1 (Computed)
[1,915s][debug][gc,task        ] GC(0) Y: Executing ZRelocationSetInstallTask using ZWorkerYoung with 1 workers
[1,916s][debug][gc,task        ] GC(0) Y: Executing ZPromotePagesTask using ZWorkerYoung with 1 workers
[1,916s][debug][gc,task        ] GC(0) Y: Executing ZPromotePagesTask using ZWorkerYoung with 1 workers
[1,917s][debug][gc,task        ] GC(0) Y: Executing ZPromotePagesTask using ZWorkerYoung with 1 workers
[1,917s][info ][gc,phases      ] GC(0) Y: Concurrent Select Relocation Set 1,472ms
[1,917s][debug][gc,reloc       ] Synchronize all workers 1 _nworkers: 0 _nsynchronized: 0
[1,917s][debug][gc,reloc       ] Synchronize all workers 1 _nworkers: 0 _nsynchronized: 0
[1,917s][debug][gc,phases,start] GC(0) Y: Pause Relocate Start
[1,917s][debug][gc,reloc       ] GC(0) Y: Joining workers: 1
[1,917s][info ][gc,phases      ] GC(0) Y: Pause Relocate Start 0,027ms
[1,917s][debug][gc,reloc       ] Desynchronize all workers _nworkers: 0 _nsynchronized: 0
[1,917s][debug][gc,reloc       ] Desynchronize all workers _nworkers: 1 _nsynchronized: 0
[1,917s][debug][gc,phases,start] GC(0) Y: Concurrent Relocate
[1,917s][debug][gc,task        ] GC(0) Y: Executing ZRelocateStoreBufferInstallBasePointersTask using ZWorkerYoung with 1 workers
[1,917s][debug][gc,task        ] GC(0) Y: Executing ZRelocateTask using ZWorkerYoung with 1 workers
[1,918s][debug][gc,nmethod     ] Register NMethod: java.util.ArrayList.get (0x0000794416c94c88) [0x0000794416c94d80, 0x0000794416c94ee8] Compiler: jvmci, Barriers: 2, Oops: 0, ImmediateOops: 0, NonImmediateOops: No
[1,920s][debug][gc,nmethod     ] Register NMethod: ch.qos.logback.core.joran.spi.ElementPath.size (0x00007943f79f0f08) [0x00007943f79f1000, 0x00007943f79f1160] Compiler: c1, Barriers: 1, Oops: 1, ImmediateOops: 0, NonImmediateOops: No
[1,920s][debug][gc,nmethod     ] Register NMethod: ch.qos.logback.core.joran.spi.ElementPath.get (0x00007943f79f1208) [0x00007943f79f1300, 0x00007943f79f1840] Compiler: c1, Barriers: 3, Oops: 1, ImmediateOops: 0, NonImmediateOops: No
[1,920s][debug][gc,nmethod     ] Register NMethod: java.lang.Class$ReflectionData.<init> (0x00007943f79f1888) [0x00007943f79f1980, 0x00007943f79f1ae0] Compiler: c1, Barriers: 0, Oops: 0, ImmediateOops: 0, NonImmediateOops: No
[1,920s][debug][gc,nmethod     ] Register NMethod: java.lang.Class$Atomic.casReflectionData (0x00007943f79f1b88) [0x00007943f79f1c80, 0x00007943f79f1de0] Compiler: c1, Barriers: 5, Oops: 0, ImmediateOops: 0, NonImmediateOops: No
[1,921s][debug][gc,nmethod     ] Register NMethod: java.lang.Class.getInterfaces0 (0x0000794416c94f88) [0x0000794416c95080, 0x0000794416c953a0] Compiler: , Barriers: 0, Oops: 0, ImmediateOops: 0, NonImmediateOops: No
[1,922s][debug][gc,reloc       ] GC(0) Y: Leaving workers: left: 0 _synchronize: 0 _nsynchronized: 0
[1,922s][debug][gc,phases,start] GC(0) Y: Concurrent Relocate Remset FP
[1,922s][debug][gc,task        ] GC(0) Y: Executing ZRelocateAddRemsetForFlipPromoted using ZWorkerYoung with 1 workers
[1,922s][debug][gc,phases      ] GC(0) Y: Concurrent Relocate Remset FP 0,029ms
[1,922s][info ][gc,phases      ] GC(0) Y: Concurrent Relocate 5,039ms
[1,922s][debug][gc,heap        ] GC(0) Y: Heap After GC invocations=1 (full 1):
[1,922s][debug][gc,heap        ] GC(0) Y:  ZHeap           used 50M, capacity 5120M, max capacity 12288M
[1,922s][debug][gc,heap        ] GC(0) Y:   Cache          5070M (3)
[1,922s][debug][gc,heap        ] GC(0) Y:    size classes  8M (1), 32M (1), 4G (1)
[1,922s][debug][gc,metaspace   ] GC(0) Y: Metaspace After GC invocations=1 (full 1):
[1,922s][debug][gc,metaspace   ] GC(0) Y:  Metaspace       used 21827K, committed 22144K, reserved 1114112K
[1,922s][debug][gc,metaspace   ] GC(0) Y:   class space    used 1792K, committed 1920K, reserved 1048576K
[1,922s][info ][gc,alloc       ] GC(0) Y:                         Mark Start        Mark End      Relocate Start    Relocate End   
[1,922s][info ][gc,alloc       ] GC(0) Y: Allocation Stalls:          0                0                0                0         
[1,922s][info ][gc,load        ] GC(0) Y: Load: 2,63 (13%) / 2,12 (11%) / 2,04 (10%)
[1,922s][info ][gc,mmu         ] GC(0) Y: MMU: 2ms/95,2%, 5ms/98,1%, 10ms/99,0%, 20ms/99,3%, 50ms/99,7%, 100ms/99,9%
[1,922s][info ][gc,marking     ] GC(0) Y: Mark: 1 stripe(s), 2 proactive flush(es), 1 terminate flush(es), 0 completion(s), 0 continuation(s) 
[1,922s][info ][gc,nmethod     ] GC(0) Y: NMethods: 2568 registered, 0 unregistered
[1,922s][info ][gc,metaspace   ] GC(0) Y: Metaspace: 21M used, 21M committed, 1088M reserved
[1,922s][info ][gc,reloc       ] GC(0) Y:                        Candidates     Selected     In-Place         Size        Empty    Relocated 
[1,922s][info ][gc,reloc       ] GC(0) Y: Small Pages:                   38           32            0          76M           0M           5M 
[1,922s][info ][gc,reloc       ] GC(0) Y: Medium Pages:                   1            0            0          32M           0M           0M 
[1,922s][info ][gc,reloc       ] GC(0) Y: Large Pages:                    0            0            0           0M           0M           0M 
[1,922s][info ][gc,reloc       ] GC(0) Y: Forwarding Usage: 2M
[1,922s][info ][gc,reloc       ] GC(0) Y: Age Table:
[1,922s][info ][gc,reloc       ] GC(0) Y:                    Live             Garbage             Small              Medium             Large        
[1,922s][info ][gc,reloc       ] GC(0) Y: Eden              12M (0%)           95M (1%)          38 / 32             1 / 0              0 / 0        
[1,922s][info ][gc,heap        ] GC(0) Y: Min Capacity: 5120M(42%)
[1,922s][info ][gc,heap        ] GC(0) Y: Max Capacity: 12288M(100%)
[1,922s][info ][gc,heap        ] GC(0) Y: Soft Max Capacity: 12288M(100%)
[1,922s][info ][gc,heap        ] GC(0) Y: Heap Statistics:
[1,922s][info ][gc,heap        ] GC(0) Y:                Mark Start          Mark End        Relocate Start      Relocate End           High               Low         
[1,922s][info ][gc,heap        ] GC(0) Y:  Capacity:     5120M (42%)        5120M (42%)        5120M (42%)        5120M (42%)        5120M (42%)        5120M (42%)    
[1,922s][info ][gc,heap        ] GC(0) Y:      Free:    12180M (99%)       12178M (99%)       12178M (99%)       12238M (100%)      12238M (100%)      12172M (99%)    
[1,922s][info ][gc,heap        ] GC(0) Y:      Used:      108M (1%)          110M (1%)          110M (1%)           50M (0%)          116M (1%)           50M (0%)     
[1,922s][info ][gc,heap        ] GC(0) Y: Young Generation Statistics:
[1,922s][info ][gc,heap        ] GC(0) Y:                Mark Start          Mark End        Relocate Start      Relocate End    
[1,922s][info ][gc,heap        ] GC(0) Y:      Used:      108M (1%)          110M (1%)          110M (1%)           50M (0%)     
[1,922s][info ][gc,heap        ] GC(0) Y:      Live:         -                12M (0%)           12M (0%)           12M (0%)     
[1,922s][info ][gc,heap        ] GC(0) Y:   Garbage:         -                95M (1%)           95M (1%)           29M (0%)     
[1,922s][info ][gc,heap        ] GC(0) Y: Allocated:         -                 2M (0%)            2M (0%)            7M (0%)     
[1,922s][info ][gc,heap        ] GC(0) Y: Reclaimed:         -                  -                 0M (0%)           65M (1%)     
[1,922s][info ][gc,heap        ] GC(0) Y:  Promoted:         -                  -                 0M (0%)            0M (0%)     
[1,922s][info ][gc,heap        ] GC(0) Y: Compacted:         -                  -                  -                 6M (0%)     
[1,922s][info ][gc,phases      ] GC(0) Y: Young Generation 108M(1%)->50M(0%) 0,021s
[1,922s][debug][gc,heap        ] GC(0) O: Heap Before GC invocations=1 (full 1):
[1,922s][debug][gc,heap        ] GC(0) O:  ZHeap           used 50M, capacity 5120M, max capacity 12288M
[1,922s][debug][gc,heap        ] GC(0) O:   Cache          5070M (3)
[1,922s][debug][gc,heap        ] GC(0) O:    size classes  8M (1), 32M (1), 4G (1)
[1,922s][debug][gc,metaspace   ] GC(0) O: Metaspace Before GC invocations=1 (full 1):
[1,922s][debug][gc,metaspace   ] GC(0) O:  Metaspace       used 21833K, committed 22144K, reserved 1114112K
[1,922s][debug][gc,metaspace   ] GC(0) O:   class space    used 1793K, committed 1920K, reserved 1048576K
[1,922s][info ][gc,phases      ] GC(0) O: Old Generation
[1,922s][debug][gc,phases,start] GC(0) O: Concurrent Mark
[1,922s][debug][gc,phases,start] GC(0) O: Concurrent Mark Roots
[1,922s][debug][gc,task        ] GC(0) O: Executing ZMarkOldRootsTask using ZWorkerOld with 1 workers
[1,922s][debug][gc,tlab        ] GC(0) O: TLAB totals: thrds: 1  refills: 4 max: 4 slow allocs: 0 max 0 waste: 15,4% gc: 158152B max: 158152B slow: 3040B max: 3040B
[1,922s][debug][gc,phases      ] GC(0) O: Concurrent Mark Roots 0,259ms
[1,922s][debug][gc,phases,start] GC(0) O: Concurrent Mark Follow
[1,922s][debug][gc,marking     ] GC(0) O: Using 1 mark stripes
[1,922s][debug][gc,task        ] GC(0) O: Executing ZMarkTask using ZWorkerOld with 1 workers
[1,923s][debug][gc,nmethod     ] Register NMethod: java.util.HashMap.put (0x0000794416c95408) [0x0000794416c95520, 0x0000794416c96720] Compiler: jvmci, Barriers: 39, Oops: 1, ImmediateOops: 1, NonImmediateOops: No
[1,923s][debug][gc,phases      ] GC(0) O: Concurrent Mark Follow 0,205ms
[1,923s][info ][gc,phases      ] GC(0) O: Concurrent Mark 0,483ms
[1,923s][debug][gc,reloc       ] Synchronize all workers 1 _nworkers: 0 _nsynchronized: 0
[1,923s][debug][gc,reloc       ] Synchronize all workers 1 _nworkers: 0 _nsynchronized: 0
[1,923s][debug][gc,phases,start] GC(0) O: Pause Mark End
[1,923s][info ][gc,phases      ] GC(0) O: Pause Mark End 0,024ms
[1,923s][debug][gc,reloc       ] Desynchronize all workers _nworkers: 0 _nsynchronized: 0
[1,923s][debug][gc,reloc       ] Desynchronize all workers _nworkers: 0 _nsynchronized: 0
[1,923s][debug][gc,phases,start] GC(0) O: Concurrent Mark Free
[1,923s][info ][gc,phases      ] GC(0) O: Concurrent Mark Free 0,007ms
[1,923s][debug][gc,phases,start] GC(0) O: Concurrent Process Non-Strong
[1,923s][debug][gc,phases,start] GC(0) O: Concurrent References Process
[1,923s][debug][gc,task        ] GC(0) O: Executing ZReferenceProcessorTask using ZWorkerOld with 1 workers
[1,923s][debug][gc,phases      ] GC(0) O: Concurrent References Process 0,023ms
[1,923s][debug][gc,task        ] GC(0) O: Executing ZProcessWeakRootsTask using ZWorkerOld with 1 workers
[1,924s][debug][gc,phases,start] GC(0) O: Concurrent Classes Unlink
[1,924s][debug][gc,phases,start] GC(0) O: ClassLoaderData
[1,924s][debug][gc,phases      ] GC(0) O: ClassLoaderData 0,009ms
[1,924s][debug][gc,phases,start] GC(0) O: Trigger cleanups
[1,924s][debug][gc,phases      ] GC(0) O: Trigger cleanups 0,006ms
[1,924s][debug][gc,task        ] GC(0) O: Executing ZNMethodUnlinkTask using ZWorkerOld with 1 workers
[1,924s][debug][gc,nmethod     ] GC(0) O: Unregister NMethod: java.lang.String.getBytes (0x00007943f7419508) [0x00007943f7419600, 0x00007943f7419b08] 
[1,924s][debug][gc,nmethod     ] GC(0) O: Unregister NMethod: java.lang.String.toString (0x00007943f74e8888) [0x00007943f74e8980, 0x00007943f74e8a80] 
[1,924s][debug][gc,nmethod     ] GC(0) O: Unregister NMethod: org.junit.platform.commons.util.ReflectionUtils.defaultMethodSorter (0x00007943f775d408) [0x00007943f775d500, 0x00007943f775e718] 
[1,924s][debug][gc,nmethod     ] GC(0) O: Unregister NMethod: java.util.concurrent.ConcurrentHashMap.tabAt (0x00007943f7413c08) [0x00007943f7413d00, 0x00007943f7414248] 
[1,924s][debug][gc,nmethod     ] GC(0) O: Unregister NMethod: java.lang.Math.min (0x00007943f7412308) [0x00007943f7412400, 0x00007943f7412528] 
[1,924s][debug][gc,nmethod     ] GC(0) O: Unregister NMethod: java.util.zip.ZipFile$Source.getEntryPos (0x00007943f7483708) [0x00007943f7483800, 0x00007943f74854a8] 
[1,924s][debug][gc,nmethod     ] GC(0) O: Unregister NMethod: java.util.ImmutableCollections$ListN.size (0x00007943f75b3b88) [0x00007943f75b3c80, 0x00007943f75b3db8] 
[1,924s][debug][gc,nmethod     ] GC(0) O: Unregister NMethod: java.net.URLClassLoader.findClass (0x00007943f760bf08) [0x00007943f760c000, 0x00007943f760ec20] 
[1,924s][debug][gc,nmethod     ] GC(0) O: Unregister NMethod: java.util.stream.ReduceOps$3ReducingSink.accept (0x00007943f7767e88) [0x00007943f7767f80, 0x00007943f77682f8] 
[1,924s][debug][gc,nmethod     ] GC(0) O: Unregister NMethod: jdk.internal.classfile.impl.BufWriterImpl.patchInt (0x00007943f75fcd88) [0x00007943f75fce80, 0x00007943f75fd060] 
[1,924s][debug][gc,nmethod     ] GC(0) O: Unregister NMethod: java.lang.String.getBytes (0x00007943f7465f88) [0x00007943f7466080, 0x00007943f7466e08] 
[1,924s][debug][gc,nmethod     ] GC(0) O: Unregister NMethod: worker.org.gradle.internal.stream.EncodedStream$EncodedInput.hexToByte (0x00007943f7453988) [0x00007943f7453a80, 0x00007943f74541c8] 
[1,924s][debug][gc,nmethod     ] GC(0) O: Unregister NMethod: java.lang.ref.SoftReference.get (0x00007943f7571388) [0x00007943f7571480, 0x00007943f7571640] 
[1,924s][debug][gc,nmethod     ] GC(0) O: Unregister NMethod: java.net.URLClassLoader.defineClass (0x00007943f760ec88) [0x00007943f760ed80, 0x00007943f7613618] 
[1,924s][debug][gc,nmethod     ] GC(0) O: Unregister NMethod: jdk.internal.classfile.impl.SplitConstantPool.tryFindUtf8 (0x00007943f745d608) [0x00007943f745d700, 0x00007943f745ef38] 
[1,924s][debug][gc,nmethod     ] GC(0) O: Unregister NMethod: java.lang.AbstractStringBuilder.<init> (0x00007943f7477888) [0x00007943f7477980, 0x00007943f7477c08] 
[1,924s][debug][gc,nmethod     ] GC(0) O: Unregister NMethod: java.util.regex.Pattern$Slice.match (0x00007943f795a508) [0x00007943f795a600, 0x00007943f795ad40] 
[1,924s][debug][gc,nmethod     ] Register NMethod: java.util.HashMap.putMapEntries (0x00007943f79f1e88) [0x00007943f79f1fa0, 0x00007943f79f3cb0] Compiler: c1, Barriers: 2, Oops: 0, ImmediateOops: 0, NonImmediateOops: No
[1,925s][debug][gc,nmethod     ] GC(0) O: Unregister NMethod: jdk.internal.util.Preconditions.checkFromToIndex (0x00007943f741f308) [0x00007943f741f400, 0x00007943f741f5b8] 
[1,925s][debug][gc,nmethod     ] GC(0) O: Unregister NMethod: java.io.BufferedInputStream.getBufIfOpen (0x00007943f7452b88) [0x00007943f7452c80, 0x00007943f7453098] 
[1,925s][debug][gc,nmethod     ] GC(0) O: Unregister NMethod: jdk.internal.classfile.impl.AbstractPoolEntry$Utf8EntryImpl.<init> (0x00007943f745fd88) [0x00007943f745fe80, 0x00007943f74606e8] 
[1,925s][debug][gc,nmethod     ] GC(0) O: Unregister NMethod: java.util.stream.Collectors$$Lambda/0x00000000a90e07a8.accept (0x00007943f77b7888) [0x00007943f77b7980, 0x00007943f77b80a8] 
[1,925s][debug][gc,nmethod     ] GC(0) O: Unregister NMethod: java.util.jar.JarFile.getEntry (0x00007943f74c2b08) [0x00007943f74c2c00, 0x00007943f74c3348] 
[1,925s][debug][gc,nmethod     ] GC(0) O: Unregister NMethod: jdk.internal.misc.Unsafe.convEndian (0x00007943f7458188) [0x00007943f7458280, 0x00007943f7458428] 
[1,925s][debug][gc,nmethod     ] GC(0) O: Unregister NMethod: java.lang.StringLatin1.indexOf (0x00007943f751ca08) [0x00007943f751cb00, 0x00007943f751cce0] 
[1,925s][debug][gc,nmethod     ] GC(0) O: Unregister NMethod: sun.util.locale.BaseLocale.hashCode (0x00007943f7636e08) [0x00007943f7636f00, 0x00007943f763ad88] 
[1,925s][debug][gc,nmethod     ] GC(0) O: Unregister NMethod: org.junit.platform.commons.util.ReflectionUtils$$Lambda/0x00000000a917e460.compare (0x00007943f7759c08) [0x00007943f7759d00, 0x00007943f775a240] 
[1,925s][debug][gc,nmethod     ] GC(0) O: Unregister NMethod: java.util.zip.ZipCoder$UTF8ZipCoder.checkedHash (0x00007943f7472808) [0x00007943f7472900, 0x00007943f7472d20] 
[1,925s][debug][gc,nmethod     ] GC(0) O: Unregister NMethod: java.util.ImmutableCollections$SetN.probe (0x00007943f7401088) [0x00007943f7401180, 0x00007943f74019a8] 
[1,925s][debug][gc,nmethod     ] GC(0) O: Unregister NMethod: java.util.zip.ZipFile$Source.isMetaName (0x0000794416c12608) [0x0000794416c12700, 0x0000794416c12a28] 
[1,925s][debug][gc,nmethod     ] GC(0) O: Unregister NMethod: java.lang.AbstractStringBuilder.<init> (0x00007943f7814188) [0x00007943f7814280, 0x00007943f78150e0] 
[1,925s][debug][gc,nmethod     ] GC(0) O: Unregister NMethod: java.lang.StringLatin1.equals (0x00007943f7401d08) [0x00007943f7401e00, 0x00007943f7402068] 
[1,925s][debug][gc,nmethod     ] GC(0) O: Unregister NMethod: jdk.internal.misc.Unsafe.getIntUnaligned (0x00007943f7457e08) [0x00007943f7457f00, 0x00007943f7458148] 
[1,925s][debug][gc,nmethod     ] GC(0) O: Unregister NMethod: jdk.internal.util.StrongReferenceKey.hashCode (0x00007943f741e608) [0x00007943f741e700, 0x00007943f741ec10] 
[1,925s][debug][gc,nmethod     ] GC(0) O: Unregister NMethod: java.util.HashMap.resize (0x0000794416bf6488) [0x0000794416bf65a0, 0x0000794416bf7130] 
[1,925s][debug][gc,nmethod     ] GC(0) O: Unregister NMethod: java.io.BufferedInputStream.getBufIfOpen (0x0000794416bfab88) [0x0000794416bfac80, 0x0000794416bfadb0] 
[1,925s][debug][gc,nmethod     ] GC(0) O: Unregister NMethod: junit.framework.TestSuite.addTestMethod (0x00007943f782aa08) [0x00007943f782ab00, 0x00007943f782dcb8] 
[1,925s][debug][gc,nmethod     ] GC(0) O: Unregister NMethod: java.util.regex.Pattern$$Lambda/0x00000000a90b27a0.is (0x00007943f7631108) [0x00007943f7631200, 0x00007943f76313b0] 
[1,925s][debug][gc,nmethod     ] GC(0) O: Unregister NMethod: java.util.stream.Collectors$$Lambda/0x00000000a9114970.accept (0x00007943f7856c88) [0x00007943f7856d80, 0x00007943f78572a8] 
[1,925s][debug][gc,nmethod     ] GC(0) O: Unregister NMethod: java.util.regex.Pattern$BmpCharPropertyGreedy.match (0x0000794416c2c808) [0x0000794416c2c900, 0x0000794416c2ccd0] 
[1,925s][debug][gc,nmethod     ] GC(0) O: Unregister NMethod: java.lang.invoke.MethodType.parameterType (0x00007943f744e108) [0x00007943f744e200, 0x00007943f744e388] 
[1,925s][debug][gc,nmethod     ] Register NMethod: java.lang.ref.SoftReference.get (0x00007943f79f3d08) [0x00007943f79f3e00, 0x00007943f79f3fc0] Compiler: c1, Barriers: 2, Oops: 0, ImmediateOops: 1, NonImmediateOops: No
[1,925s][debug][gc,nmethod     ] GC(0) O: Unregister NMethod: java.util.Optional.isPresent (0x00007943f78aec88) [0x00007943f78aed80, 0x00007943f78aef00] 
[1,925s][debug][gc,nmethod     ] GC(0) O: Unregister NMethod: java.lang.StringBuilder.<init> (0x00007943f7479a88) [0x00007943f7479b80, 0x00007943f7479cb8] 
[1,925s][debug][gc,nmethod     ] GC(0) O: Unregister NMethod: jdk.internal.misc.Unsafe.getIntUnaligned (0x0000794416c00208) [0x0000794416c00300, 0x0000794416c003c0] 
[1,925s][debug][gc,nmethod     ] GC(0) O: Unregister NMethod: java.lang.Object.equals (0x00007943f7439f88) [0x00007943f743a080, 0x00007943f743a1d0] 
[1,925s][debug][gc,nmethod     ] GC(0) O: Unregister NMethod: java.lang.module.ModuleDescriptor$Exports.isQualified (0x00007943f7428f08) [0x00007943f7429000, 0x00007943f7429390] 
[1,925s][debug][gc,nmethod     ] GC(0) O: Unregister NMethod: java.lang.StringLatin1.newString (0x00007943f7441a88) [0x00007943f7441b80, 0x00007943f7441ea0] 
[1,925s][debug][gc,nmethod     ] GC(0) O: Unregister NMethod: jdk.internal.loader.URLClassPath$JarLoader$1.getBytes (0x00007943f75e5888) [0x00007943f75e5980, 0x00007943f75e6268] 
[1,925s][debug][gc,nmethod     ] GC(0) O: Unregister NMethod: java.lang.StringCoding.countNonZeroAsciiLatin1 (0x00007943f741f608) [0x00007943f741f700, 0x00007943f741f908] 
[1,925s][debug][gc,nmethod     ] GC(0) O: Unregister NMethod: java.lang.StringLatin1.indexOfChar (0x00007943f740ee08) [0x00007943f740ef00, 0x00007943f740f100] 
[1,925s][debug][gc,nmethod     ] GC(0) O: Unregister NMethod: java.util.zip.ZipFile$Source.nextEntryPos (0x00007943f7472408) [0x00007943f7472500, 0x00007943f74727b8] 
[1,925s][debug][gc,nmethod     ] GC(0) O: Unregister NMethod: sun.net.www.ParseUtil.firstEncodeIndex (0x00007943f7412608) [0x00007943f7412700, 0x00007943f74135d8] 
[1,925s][debug][gc,nmethod     ] GC(0) O: Unregister NMethod: java.util.HashMap.get (0x00007943f7430f88) [0x00007943f7431080, 0x00007943f7431418] 
[1,925s][debug][gc,nmethod     ] GC(0) O: Unregister NMethod: java.util.Objects.requireNonNull (0x00007943f7405808) [0x00007943f7405900, 0x00007943f7405ad0] 
[1,925s][debug][gc,nmethod     ] GC(0) O: Unregister NMethod: java.math.BigInteger.mulAdd (0x00007943f773d688) [0x00007943f773d780, 0x00007943f773d910] 
[1,925s][debug][gc,nmethod     ] GC(0) O: Unregister NMethod: java.util.zip.ZipFile$Source.checkAndAddEntry (0x00007943f7474a08) [0x00007943f7474b00, 0x00007943f7476e00] 
[1,925s][debug][gc,nmethod     ] GC(0) O: Unregister NMethod: java.lang.String.hashCode (0x0000794416be7a88) [0x0000794416be7b80, 0x0000794416be7d20] 
[1,925s][debug][gc,nmethod     ] GC(0) O: Unregister NMethod: jdk.internal.classfile.impl.AbstractPoolEntry.maybeClone (0x00007943f744b688) [0x00007943f744b780, 0x00007943f744c0e8] 
[1,926s][debug][gc,nmethod     ] GC(0) O: Unregister NMethod: java.lang.StringCoding.countPositives (0x00007943f746f688) [0x00007943f746f780, 0x00007943f746f988] 
[1,926s][debug][gc,nmethod     ] GC(0) O: Unregister NMethod: java.lang.StringBuilder.append (0x00007943f744e708) [0x00007943f744e800, 0x00007943f744e948] 
[1,926s][debug][gc,nmethod     ] GC(0) O: Unregister NMethod: java.util.stream.StreamOpFlag.isKnown (0x00007943f77b8788) [0x00007943f77b8880, 0x00007943f77b89d8] 
[1,926s][debug][gc,nmethod     ] GC(0) O: Unregister NMethod: jdk.internal.loader.URLClassPath$JarLoader.getResource (0x0000794416c4a408) [0x0000794416c4a500, 0x0000794416c4bbe8] 
[1,926s][debug][gc,nmethod     ] GC(0) O: Unregister NMethod: java.util.HashMap.putVal (0x00007943f742d708) [0x00007943f742d800, 0x00007943f742f4f0] 
[1,926s][debug][gc,nmethod     ] GC(0) O: Unregister NMethod: java.util.zip.ZipUtils.CENNAM (0x00007943f7470908) [0x00007943f7470a00, 0x00007943f7470b10] 
[1,926s][debug][gc,nmethod     ] GC(0) O: Unregister NMethod: sun.reflect.annotation.AnnotationInvocationHandler.invoke (0x00007943f77eb308) [0x00007943f77eb400, 0x00007943f77ed690] 
[1,926s][debug][gc,nmethod     ] GC(0) O: Unregister NMethod: java.util.HashMap.put (0x00007943f7433688) [0x00007943f7433780, 0x00007943f7433d68] 
[1,926s][debug][gc,nmethod     ] GC(0) O: Unregister NMethod: java.lang.Character.codePointAt (0x00007943f7957f88) [0x00007943f7958080, 0x00007943f7958a50] 
[1,926s][debug][gc,nmethod     ] GC(0) O: Unregister NMethod: java.util.stream.MatchOps$1MatchSink.accept (0x00007943f7857608) [0x00007943f7857700, 0x00007943f7857af0] 
[1,926s][debug][gc,nmethod     ] GC(0) O: Unregister NMethod: java.util.concurrent.ConcurrentHashMap.addCount (0x00007943f7414a88) [0x00007943f7414b80, 0x00007943f7415820] 
[1,926s][debug][gc,nmethod     ] GC(0) O: Unregister NMethod: jdk.internal.classfile.impl.EntryMap.firstToken (0x00007943f7421e88) [0x00007943f7421f80, 0x00007943f7422470] 
[1,926s][debug][gc,nmethod     ] GC(0) O: Unregister NMethod: java.util.zip.ZipFile.getEntry (0x00007943f7486188) [0x00007943f7486280, 0x00007943f7486848] 
[1,926s][debug][gc,nmethod     ] GC(0) O: Unregister NMethod: java.lang.String.charAt (0x0000794416be7788) [0x0000794416be7880, 0x0000794416be79b0] 
[1,926s][debug][gc,nmethod     ] GC(0) O: Unregister NMethod: java.util.zip.ZipFile.zipCoderFor (0x00007943f7471888) [0x00007943f7471980, 0x00007943f7471dd0] 
[1,926s][debug][gc,nmethod     ] GC(0) O: Unregister NMethod: java.util.stream.ReferencePipeline$3$1.accept (0x00007943f7636408) [0x00007943f7636500, 0x00007943f7636a88] 
[1,926s][debug][gc,nmethod     ] GC(0) O: Unregister NMethod: java.util.zip.ZipFile$CleanableResource.releaseInflater (0x00007943f754db88) [0x00007943f754dc80, 0x00007943f754e1d8] 
[1,926s][debug][gc,nmethod     ] GC(0) O: Unregister NMethod: java.util.zip.CRC32.<init> (0x00007943f75e6588) [0x00007943f75e6680, 0x00007943f75e67d8] 
[1,926s][debug][gc,nmethod     ] GC(0) O: Unregister NMethod: java.io.BufferedInputStream.read (0x0000794416bfb488) [0x0000794416bfb580, 0x0000794416bfb860] 
[1,926s][debug][gc,nmethod     ] GC(0) O: Unregister NMethod: jdk.internal.classfile.impl.SplitConstantPool.canWriteDirect (0x00007943f744c408) [0x00007943f744c500, 0x00007943f744c7f8] 
[1,926s][debug][gc,nmethod     ] GC(0) O: Unregister NMethod: java.util.concurrent.ConcurrentHashMap.putVal (0x00007943f7415888) [0x00007943f7415980, 0x00007943f7417e78] 
[1,926s][debug][gc,nmethod     ] GC(0) O: Unregister NMethod: java.lang.String.substring (0x00007943f7442388) [0x00007943f7442480, 0x00007943f7442fa0] 
[1,926s][debug][gc,nmethod     ] GC(0) O: Unregister NMethod: java.util.BitSet.set (0x00007943f752f588) [0x00007943f752f680, 0x00007943f75305c8] 
[1,926s][debug][gc,nmethod     ] GC(0) O: Unregister NMethod: java.util.stream.Sink.begin (0x00007943f785db88) [0x00007943f785dc80, 0x00007943f785dd80] 
[1,926s][debug][gc,nmethod     ] GC(0) O: Unregister NMethod: java.util.stream.Collectors$$Lambda/0x00000000a90e07a8.accept (0x0000794416c71808) [0x0000794416c71900, 0x0000794416c71f38] 
[1,926s][debug][gc,nmethod     ] GC(0) O: Unregister NMethod: jdk.internal.classfile.impl.BufWriterImpl.cpIndex (0x00007943f7462988) [0x00007943f7462a80, 0x00007943f7464a78] 
[1,926s][debug][gc,nmethod     ] GC(0) O: Unregister NMethod: java.util.Optional.empty (0x00007943f7447188) [0x00007943f7447280, 0x00007943f7447368] 
[1,926s][debug][gc,nmethod     ] GC(0) O: Unregister NMethod: java.util.ArrayList.add (0x00007943f746f008) [0x00007943f746f100, 0x00007943f746f670] 
[1,926s][debug][gc,nmethod     ] GC(0) O: Unregister NMethod: java.lang.String.indexOf (0x00007943f740f108) [0x00007943f740f200, 0x00007943f740f828] 
[1,926s][debug][gc,nmethod     ] GC(0) O: Unregister NMethod: jdk.internal.loader.Resource.getBytes (0x00007943f75dfa88) [0x00007943f75dfb80, 0x00007943f75e1070] 
[1,926s][debug][gc,nmethod     ] GC(0) O: Unregister NMethod: java.util.HashMap.putIfAbsent (0x00007943f743de88) [0x00007943f743df80, 0x00007943f743e568] 
[1,926s][debug][gc,nmethod     ] GC(0) O: Unregister NMethod: java.lang.invoke.LambdaForm$Holder.constant_L (0x00007943f752cf08) [0x00007943f752d000, 0x00007943f752d320] 
[1,926s][debug][gc,nmethod     ] GC(0) O: Unregister NMethod: java.util.concurrent.ConcurrentHashMap.setTabAt (0x00007943f746b688) [0x00007943f746b780, 0x00007943f746ba80] 
[1,926s][debug][gc,nmethod     ] GC(0) O: Unregister NMethod: java.lang.String.startsWith (0x0000794416c42708) [0x0000794416c42800, 0x0000794416c42b18] 
[1,926s][debug][gc,nmethod     ] GC(0) O: Unregister NMethod: java.util.concurrent.ConcurrentHashMap.get (0x00007943f7783688) [0x00007943f7783780, 0x00007943f7784798] 
[1,926s][debug][gc,nmethod     ] GC(0) O: Unregister NMethod: java.lang.StringLatin1.charAt (0x00007943f740e108) [0x00007943f740e200, 0x00007943f740e3c0] 
[1,926s][debug][gc,nmethod     ] GC(0) O: Unregister NMethod: java.nio.DirectByteBuffer.get (0x00007943f74c0808) [0x00007943f74c0900, 0x00007943f74c1700] 
[1,927s][debug][gc,nmethod     ] GC(0) O: Unregister NMethod: java.lang.CharacterDataLatin1.equalsIgnoreCase (0x00007943f74c3e08) [0x00007943f74c3f00, 0x00007943f74c4198] 
[1,927s][debug][gc,nmethod     ] GC(0) O: Unregister NMethod: java.math.BigInteger.addOne (0x00007943f773d988) [0x00007943f773da80, 0x00007943f773dd98] 
[1,927s][debug][gc,nmethod     ] GC(0) O: Unregister NMethod: java.math.BigInteger.implMulAddCheck (0x00007943f773de08) [0x00007943f773df00, 0x00007943f7741e90] 
[1,927s][debug][gc,nmethod     ] GC(0) O: Unregister NMethod: java.util.stream.Sink$ChainedReference.end (0x00007943f77c3a08) [0x00007943f77c3b00, 0x00007943f77c3e40] 
[1,927s][debug][gc,nmethod     ] GC(0) O: Unregister NMethod: java.util.concurrent.ConcurrentHashMap.putIfAbsent (0x00007943f7418888) [0x00007943f7418980, 0x00007943f7418c80] 
[1,927s][debug][gc,nmethod     ] GC(0) O: Unregister NMethod: jdk.internal.loader.URLClassPath$JarLoader.getResource (0x00007943f7488388) [0x00007943f7488480, 0x00007943f7488a60] 
[1,927s][debug][gc,nmethod     ] GC(0) O: Unregister NMethod: java.lang.CharacterDataLatin1.isWhitespace (0x00007943f75bec08) [0x00007943f75bed00, 0x00007943f75bf0a0] 
[1,927s][debug][gc,nmethod     ] GC(0) O: Unregister NMethod: java.lang.invoke.Invokers$Holder.linkToTargetMethod (0x00007943f752c908) [0x00007943f752ca00, 0x00007943f752cee8] 
[1,927s][debug][gc,nmethod     ] GC(0) O: Unregister NMethod: sun.nio.fs.UnixPath.checkNotNul (0x00007943f746fa08) [0x00007943f746fb00, 0x00007943f746fca0] 
[1,927s][debug][gc,nmethod     ] GC(0) O: Unregister NMethod: java.util.zip.ZipCoder.hash (0x00007943f7486e08) [0x00007943f7486f00, 0x00007943f7487d38] 
[1,927s][debug][gc,nmethod     ] GC(0) O: Unregister NMethod: jdk.internal.loader.URLClassPath.getLoader (0x00007943f748aa88) [0x00007943f748ab80, 0x00007943f748ca48] 
[1,927s][debug][gc,nmethod     ] GC(0) O: Unregister NMethod: java.lang.String.isLatin1 (0x00007943f740db08) [0x00007943f740dc00, 0x00007943f740dd60] 
[1,927s][debug][gc,nmethod     ] GC(0) O: Unregister NMethod: jdk.internal.constant.MethodTypeDescImpl.parameterCount (0x00007943f74c1c08) [0x00007943f74c1d00, 0x00007943f74c1e38] 
[1,927s][debug][gc,nmethod     ] GC(0) O: Unregister NMethod: java.util.regex.Pattern$Slice.match (0x00007943f799f008) [0x00007943f799f100, 0x00007943f799f840] 
[1,927s][debug][gc,nmethod     ] GC(0) O: Unregister NMethod: java.lang.StringCoding.countPositives (0x00007943f7528708) [0x00007943f7528800, 0x00007943f7528a08] 
[1,927s][debug][gc,nmethod     ] GC(0) O: Unregister NMethod: java.util.concurrent.ConcurrentHashMap.spread (0x00007943f7413908) [0x00007943f7413a00, 0x00007943f7413af0] 
[1,927s][debug][gc,nmethod     ] GC(0) O: Unregister NMethod: org.junit.platform.commons.util.ReflectionUtils$$Lambda/0x00000000a917dfe0.test (0x00007943f7810388) [0x00007943f7810480, 0x00007943f78110d8] 
[1,927s][debug][gc,nmethod     ] GC(0) O: Unregister NMethod: java.util.LinkedHashMap$LinkedValues.toArray (0x00007943f782f988) [0x00007943f782fa80, 0x00007943f782ffb8] 
[1,927s][debug][gc,nmethod     ] GC(0) O: Unregister NMethod: java.lang.Character.codePointBefore (0x00007943f795ad88) [0x00007943f795ae80, 0x00007943f795b648] 
[1,927s][debug][gc,nmethod     ] GC(0) O: Unregister NMethod: java.util.jar.JarFile.checkForSpecialAttributes (0x00007943f74c5108) [0x00007943f74c5200, 0x00007943f74c67e0] 
[1,927s][debug][gc,nmethod     ] GC(0) O: Unregister NMethod: java.lang.String.startsWith (0x00007943f78c4308) [0x00007943f78c4400, 0x00007943f78c5620] 
[1,927s][debug][gc,nmethod     ] GC(0) O: Unregister NMethod: java.lang.StringLatin1.canEncode (0x00007943f7577688) [0x00007943f7577780, 0x00007943f75778e0] 
[1,927s][debug][gc,nmethod     ] GC(0) O: Unregister NMethod: java.lang.String.<init> (0x00007943f7478508) [0x00007943f7478600, 0x00007943f7478fa0] 
[1,927s][debug][gc,nmethod     ] GC(0) O: Unregister NMethod: java.lang.String.length (0x00007943f740bb08) [0x00007943f740bc00, 0x00007943f740bf80] 
[1,927s][debug][gc,nmethod     ] GC(0) O: Unregister NMethod: java.util.HashSet.add (0x00007943f742f808) [0x00007943f742f900, 0x00007943f742fad0] 
[1,927s][debug][gc,nmethod     ] GC(0) O: Unregister NMethod: jdk.internal.util.ArraysSupport.unsignedHashCode (0x00007943f7400308) [0x00007943f7400400, 0x00007943f7400610] 
[1,927s][debug][gc,nmethod     ] GC(0) O: Unregister NMethod: jdk.internal.misc.Unsafe.getShortUnaligned (0x00007943f7450308) [0x00007943f7450400, 0x00007943f7450628] 
[1,927s][debug][gc,nmethod     ] GC(0) O: Unregister NMethod: java.util.StringJoiner.<init> (0x00007943f77b2b88) [0x00007943f77b2c80, 0x00007943f77b3980] 
[1,927s][debug][gc,nmethod     ] GC(0) O: Unregister NMethod: java.util.jar.Manifest$FastInputStream.readLine (0x00007943f7485808) [0x00007943f7485900, 0x00007943f7486158] 
[1,927s][debug][gc,nmethod     ] GC(0) O: Unregister NMethod: java.lang.String.startsWith (0x00007943f740f888) [0x00007943f740f980, 0x00007943f7410c00] 
[1,927s][debug][gc,nmethod     ] GC(0) O: Unregister NMethod: java.util.LinkedHashMap.get (0x00007943f74e1208) [0x00007943f74e1300, 0x00007943f74e1718] 
[1,927s][debug][gc,nmethod     ] GC(0) O: Unregister NMethod: java.util.zip.ZipFile$CleanableResource.getInflater (0x00007943f754b988) [0x00007943f754ba80, 0x00007943f754c1b0] 
[1,927s][debug][gc,nmethod     ] GC(0) O: Unregister NMethod: java.util.LinkedHashMap$LinkedHashIterator.hasNext (0x00007943f7756a08) [0x00007943f7756b00, 0x00007943f7756c80] 
[1,927s][debug][gc,nmethod     ] GC(0) O: Unregister NMethod: java.lang.String.hashCode (0x00007943f7400988) [0x00007943f7400a80, 0x00007943f7401028] 
[1,927s][debug][gc,nmethod     ] GC(0) O: Unregister NMethod: jdk.internal.loader.Resource.cachedInputStream (0x00007943f750dc88) [0x00007943f750dd80, 0x00007943f750e3f8] 
[1,927s][debug][gc,nmethod     ] GC(0) O: Unregister NMethod: org.junit.platform.commons.util.ReflectionUtils$$Lambda/0x00000000a9194f80.test (0x00007943f7859988) [0x00007943f7859a80, 0x00007943f785a778] 
[1,927s][debug][gc,nmethod     ] GC(0) O: Unregister NMethod: java.lang.String.startsWith (0x00007943f7410c08) [0x00007943f7410d00, 0x00007943f7410ff8] 
[1,927s][debug][gc,nmethod     ] GC(0) O: Unregister NMethod: java.util.zip.ZipFile.ensureOpen (0x00007943f747d588) [0x00007943f747d680, 0x00007943f747d950] 
[1,927s][debug][gc,nmethod     ] GC(0) O: Unregister NMethod: java.util.LinkedHashMap.values (0x00007943f7811b88) [0x00007943f7811c80, 0x00007943f7811dc8] 
[1,927s][debug][gc,nmethod     ] GC(0) O: Unregister NMethod: java.math.BigInteger.implMulAdd (0x00007943f773d308) [0x00007943f773d400, 0x00007943f773d620] 
[1,927s][debug][gc,nmethod     ] GC(0) O: Unregister NMethod: java.lang.Object.<init> (0x00007943f7400688) [0x00007943f7400780, 0x00007943f7400880] 
[1,927s][debug][gc,nmethod     ] GC(0) O: Unregister NMethod: java.util.jar.JarFile.checkForSpecialAttributes (0x00007943f7482088) [0x00007943f7482180, 0x00007943f74836e8] 
[1,927s][debug][gc,nmethod     ] GC(0) O: Unregister NMethod: java.util.concurrent.ConcurrentHashMap.casTabAt (0x00007943f7444588) [0x00007943f7444680, 0x00007943f74447f0] 
[1,927s][debug][gc,nmethod     ] GC(0) O: Unregister NMethod: java.util.regex.Pattern$BmpCharPropertyGreedy.match (0x00007943f7631f88) [0x00007943f7632080, 0x00007943f76329f0] 
[1,927s][debug][gc,nmethod     ] GC(0) O: Unregister NMethod: jdk.internal.loader.Resource.getByteBuffer (0x00007943f75e4a08) [0x00007943f75e4b00, 0x00007943f75e5878] 
[1,928s][debug][gc,nmethod     ] GC(0) O: Unregister NMethod: java.lang.Short.toUnsignedInt (0x00007943f7450988) [0x00007943f7450a80, 0x00007943f7450b68] 
[1,928s][debug][gc,nmethod     ] GC(0) O: Unregister NMethod: java.util.ImmutableCollections$SetN$SetNIterator.hasNext (0x00007943f7408908) [0x00007943f7408a00, 0x00007943f7408b50] 
[1,928s][debug][gc,nmethod     ] GC(0) O: Unregister NMethod: java.lang.System$1.uncheckedCountPositives (0x00007943f7471208) [0x00007943f7471300, 0x00007943f7471558] 
[1,928s][debug][gc,nmethod     ] GC(0) O: Unregister NMethod: java.lang.AbstractStringBuilder.needsNewBuffer (0x00007943f7445208) [0x00007943f7445300, 0x00007943f74454a0] 
[1,928s][debug][gc,nmethod     ] GC(0) O: Unregister NMethod: java.util.HashMap.afterNodeInsertion (0x00007943f742b008) [0x00007943f742b100, 0x00007943f742b200] 
[1,928s][debug][gc,nmethod     ] GC(0) O: Unregister NMethod: org.junit.platform.commons.util.ReflectionUtils.hasCompatibleSignature (0x00007943f785a788) [0x00007943f785a880, 0x00007943f785c250] 
[1,928s][debug][gc,nmethod     ] GC(0) O: Unregister NMethod: java.lang.ClassLoader.checkName (0x00007943f7480e88) [0x00007943f7480f80, 0x00007943f7481cc8] 
[1,928s][debug][gc,nmethod     ] GC(0) O: Unregister NMethod: java.lang.reflect.Method.copy (0x00007943f7758d08) [0x00007943f7758e00, 0x00007943f7759500] 
[1,928s][debug][gc,nmethod     ] GC(0) O: Unregister NMethod: jdk.internal.loader.URLClassPath$JarLoader.getResource (0x00007943f74c3388) [0x00007943f74c3480, 0x00007943f74c3db0] 
[1,928s][debug][gc,nmethod     ] GC(0) O: Unregister NMethod: java.util.jar.JarFile.checkForSpecialAttributes (0x0000794416c39208) [0x0000794416c39300, 0x0000794416c39c50] 
[1,928s][debug][gc,nmethod     ] GC(0) O: Unregister NMethod: java.util.StringJoiner.toString (0x00007943f77b2788) [0x00007943f77b2880, 0x00007943f77b2b60] 
[1,928s][debug][gc,nmethod     ] GC(0) O: Unregister NMethod: jdk.internal.classfile.impl.EntryMap.put (0x00007943f7427008) [0x00007943f7427100, 0x00007943f74277d0] 
[1,928s][debug][gc,nmethod     ] GC(0) O: Unregister NMethod: sun.reflect.generics.parser.SignatureParser.advance (0x00007943f75bd008) [0x00007943f75bd100, 0x00007943f75bd718] 
[1,928s][debug][gc,nmethod     ] GC(0) O: Unregister NMethod: worker.org.gradle.internal.stream.EncodedStream$EncodedInput.read (0x00007943f7453108) [0x00007943f7453200, 0x00007943f7453958] 
[1,928s][debug][gc,nmethod     ] GC(0) O: Unregister NMethod: java.util.HashMap.putIfAbsent (0x0000794416c13c08) [0x0000794416c13d20, 0x0000794416c15500] 
[1,928s][debug][gc,nmethod     ] GC(0) O: Unregister NMethod: java.lang.StringBuilder.append (0x00007943f748fd08) [0x00007943f748fe00, 0x00007943f748ff48] 
[1,928s][debug][gc,nmethod     ] GC(0) O: Unregister NMethod: java.util.WeakHashMap.remove (0x00007943f74d7388) [0x00007943f74d7480, 0x00007943f74d8890] 
[1,928s][debug][gc,nmethod     ] GC(0) O: Unregister NMethod: java.util.jar.JarFile.getEntry (0x0000794416c3ff08) [0x0000794416c40000, 0x0000794416c414a0] 
[1,928s][debug][gc,nmethod     ] GC(0) O: Unregister NMethod: java.lang.ref.ReferenceQueue.poll (0x00007943f7418c88) [0x00007943f7418d80, 0x00007943f74191a0] 
[1,928s][debug][gc,nmethod     ] GC(0) O: Unregister NMethod: java.util.zip.ZipUtils.get32 (0x00007943f7458488) [0x00007943f7458580, 0x00007943f7458988] 
[1,928s][debug][gc,nmethod     ] GC(0) O: Unregister NMethod: java.util.zip.Checksum.update (0x00007943f75e6288) [0x00007943f75e6380, 0x00007943f75e64f8] 
[1,928s][debug][gc,nmethod     ] GC(0) O: Unregister NMethod: java.lang.Record.<init> (0x00007943f7455088) [0x00007943f7455180, 0x00007943f74552d8] 
[1,928s][debug][gc,nmethod     ] GC(0) O: Unregister NMethod: java.nio.DirectByteBuffer.ix (0x00007943f74bfd08) [0x00007943f74bfe00, 0x00007943f74bff08] 
[1,928s][debug][gc,nmethod     ] GC(0) O: Unregister NMethod: java.lang.String.isEmpty (0x00007943f7411608) [0x00007943f7411700, 0x00007943f7411888] 
[1,928s][debug][gc,nmethod     ] GC(0) O: Unregister NMethod: java.lang.String.indexOf (0x00007943f751cd08) [0x00007943f751ce00, 0x00007943f751d900] 
[1,928s][debug][gc,nmethod     ] GC(0) O: Unregister NMethod: jdk.internal.jimage.ImageStringsReader.unmaskedHashCode (0x00007943f751b088) [0x00007943f751b180, 0x00007943f751c380] 
[1,928s][debug][gc,nmethod     ] GC(0) O: Unregister NMethod: java.util.HashMap.newNode (0x00007943f742b708) [0x00007943f742b800, 0x00007943f742bb80] 
[1,928s][debug][gc,nmethod     ] GC(0) O: Unregister NMethod: java.util.Arrays.copyOfRange (0x00007943f7440688) [0x00007943f7440780, 0x00007943f7441a50] 
[1,928s][debug][gc,nmethod     ] GC(0) O: Unregister NMethod: jdk.internal.classfile.impl.BufWriterImpl.writeU1U2 (0x00007943f74e8b88) [0x00007943f74e8c80, 0x00007943f74e9118] 
[1,928s][debug][gc,nmethod     ] GC(0) O: Unregister NMethod: java.lang.String.<init> (0x0000794416c52308) [0x0000794416c52400, 0x0000794416c527e0] 
[1,928s][debug][gc,nmethod     ] GC(0) O: Unregister NMethod: java.lang.StringLatin1.replace (0x00007943f7455388) [0x00007943f7455480, 0x00007943f7456520] 
[1,928s][debug][gc,nmethod     ] GC(0) O: Unregister NMethod: java.lang.StringUTF16.getChar (0x00007943f7678b88) [0x00007943f7678c80, 0x00007943f7678de0] 
[1,928s][debug][gc,nmethod     ] GC(0) O: Unregister NMethod: jdk.internal.util.ArraysSupport.hashCodeOfUnsigned (0x00007943f7404008) [0x00007943f7404100, 0x00007943f7404378] 
[1,928s][debug][gc,nmethod     ] GC(0) O: Unregister NMethod: java.lang.Class.isArray (0x00007943f741ec88) [0x00007943f741ed80, 0x00007943f741ef00] 
[1,928s][debug][gc,nmethod     ] GC(0) O: Unregister NMethod: java.util.concurrent.ConcurrentHashMap.get (0x0000794416c36b88) [0x0000794416c36c80, 0x0000794416c377b8] 
[1,928s][debug][gc,nmethod     ] GC(0) O: Unregister NMethod: java.util.HashMap.resize (0x00007943f743e888) [0x00007943f743e9a0, 0x00007943f7440680] 
[1,928s][debug][gc,nmethod     ] GC(0) O: Unregister NMethod: java.util.WeakHashMap.getTable (0x00007943f748a488) [0x00007943f748a580, 0x00007943f748a6f8] 
[1,928s][debug][gc,nmethod     ] GC(0) O: Unregister NMethod: jdk.internal.classfile.impl.RawBytecodeHelper.opcode (0x00007943f744d088) [0x00007943f744d180, 0x00007943f744d288] 
[1,928s][debug][gc,nmethod     ] GC(0) O: Unregister NMethod: java.util.BitSet.checkInvariants (0x00007943f752a908) [0x00007943f752aa00, 0x00007943f752ab30] 
[1,928s][debug][gc,nmethod     ] GC(0) O: Unregister NMethod: java.lang.String.replace (0x00007943f746ba88) [0x00007943f746bb80, 0x00007943f746c088] 
[1,928s][debug][gc,nmethod     ] GC(0) O: Unregister NMethod: java.lang.String.charAt (0x00007943f740e708) [0x00007943f740e800, 0x00007943f740ed90] 
[1,928s][debug][gc,nmethod     ] GC(0) O: Unregister NMethod: jdk.internal.classfile.impl.SplitConstantPool.map (0x00007943f741a788) [0x00007943f741a8a0, 0x00007943f741bfa0] 
[1,928s][debug][gc,nmethod     ] GC(0) O: Unregister NMethod: java.lang.Character.charCount (0x00007943f76afd88) [0x00007943f76afe80, 0x00007943f76affd0] 
[1,928s][debug][gc,nmethod     ] GC(0) O: Unregister NMethod: java.lang.AbstractStringBuilder.isLatin1 (0x00007943f744e408) [0x00007943f744e500, 0x00007943f744e640] 
[1,928s][debug][gc,nmethod     ] GC(0) O: Unregister NMethod: java.util.jar.JarFile.getJarEntry (0x00007943f74c2508) [0x00007943f74c2600, 0x00007943f74c2b00] 
[1,928s][debug][gc,nmethod     ] GC(0) O: Unregister NMethod: jdk.internal.util.ReferencedKeyMap.removeStaleReferences (0x00007943f7419b88) [0x00007943f7419c80, 0x00007943f741a2a0] 
[1,928s][debug][gc,nmethod     ] GC(0) O: Unregister NMethod: java.util.WeakHashMap.put (0x00007943f7535988) [0x00007943f7535a80, 0x00007943f75373c0] 
[1,928s][debug][gc,nmethod     ] GC(0) O: Unregister NMethod: java.lang.String.equals (0x00007943f7407b08) [0x00007943f7407c00, 0x00007943f74082c0] 
[1,928s][debug][gc,nmethod     ] GC(0) O: Unregister NMethod: java.util.stream.ReferencePipeline$2$1.accept (0x00007943f7427c88) [0x00007943f7427d80, 0x00007943f7428340] 
[1,928s][debug][gc,nmethod     ] GC(0) O: Unregister NMethod: java.util.ArrayList$Itr.hasNext (0x00007943f757a708) [0x00007943f757a800, 0x00007943f757a990] 
[1,928s][debug][gc,nmethod     ] GC(0) O: Unregister NMethod: java.util.stream.ReferencePipeline$3$1.accept (0x0000794416c6fb08) [0x0000794416c6fc00, 0x0000794416c708e0] 
[1,928s][debug][gc,nmethod     ] GC(0) O: Unregister NMethod: sun.reflect.generics.parser.SignatureParser.current (0x00007943f75bd788) [0x00007943f75bd880, 0x00007943f75be690] 
[1,928s][debug][gc,nmethod     ] GC(0) O: Unregister NMethod: java.util.Objects.requireNonNull (0x00007943f7422488) [0x00007943f7422580, 0x00007943f7422758] 
[1,928s][debug][gc,nmethod     ] GC(0) O: Unregister NMethod: java.util.StringJoiner.checkAddLength (0x00007943f7777488) [0x00007943f7777580, 0x00007943f7778140] 
[1,928s][debug][gc,nmethod     ] GC(0) O: Unregister NMethod: org.junit.platform.commons.util.Preconditions.notNull (0x00007943f780fb08) [0x00007943f780fc00, 0x00007943f780fe90] 
[1,928s][debug][gc,nmethod     ] GC(0) O: Unregister NMethod: java.lang.reflect.Method.<init> (0x00007943f7757f88) [0x00007943f7758080, 0x00007943f77586f0] 
[1,929s][debug][gc,nmethod     ] GC(0) O: Unregister NMethod: jdk.internal.classfile.impl.SplitConstantPool.internalAdd (0x00007943f7426108) [0x00007943f7426200, 0x00007943f7426fe8] 
[1,929s][debug][gc,nmethod     ] GC(0) O: Unregister NMethod: java.util.Arrays.copyOf (0x00007943f7474088) [0x00007943f7474180, 0x00007943f7474548] 
[1,929s][debug][gc,nmethod     ] GC(0) O: Unregister NMethod: java.lang.StringLatin1.regionMatchesCI (0x00007943f74c4d08) [0x00007943f74c4e00, 0x00007943f74c50a0] 
[1,929s][debug][gc,nmethod     ] GC(0) O: Unregister NMethod: java.util.LinkedHashMap.<init> (0x00007943f7802288) [0x00007943f7802380, 0x00007943f78025b0] 
[1,929s][debug][gc,nmethod     ] GC(0) O: Unregister NMethod: jdk.internal.loader.URLClassPath$JarLoader.ensureOpen (0x00007943f7480b08) [0x00007943f7480c00, 0x00007943f7480e68] 
[1,929s][debug][gc,nmethod     ] GC(0) O: Unregister NMethod: java.util.HashMap.putVal (0x00007943f7436588) [0x00007943f7436680, 0x00007943f7438a10] 
[1,929s][debug][gc,nmethod     ] GC(0) O: Unregister NMethod: java.lang.Integer.rotateLeft (0x00007943f7584508) [0x00007943f7584600, 0x00007943f75846f0] 
[1,929s][debug][gc,nmethod     ] GC(0) O: Unregister NMethod: java.util.stream.ReduceOps$ReduceOp.evaluateSequential (0x00007943f77d4988) [0x00007943f77d4a80, 0x00007943f77d52a8] 
[1,929s][debug][gc,nmethod     ] GC(0) O: Unregister NMethod: java.util.ArrayDeque.elementAt (0x00007943f74dd708) [0x00007943f74dd800, 0x00007943f74dd938] 
[1,929s][debug][gc,nmethod     ] GC(0) O: Unregister NMethod: java.util.stream.Sink.end (0x00007943f77c5288) [0x00007943f77c5380, 0x00007943f77c5480] 
[1,929s][debug][gc,nmethod     ] GC(0) O: Unregister NMethod: java.lang.String.isLatin1 (0x0000794416c09a08) [0x0000794416c09b00, 0x0000794416c09bc0] 
[1,929s][debug][gc,nmethod     ] GC(0) O: Unregister NMethod: java.util.zip.ZipUtils.get16 (0x00007943f744fd88) [0x00007943f744fe80, 0x00007943f7450280] 
[1,929s][debug][gc,nmethod     ] GC(0) O: Unregister NMethod: java.util.jar.JarFile.getJarEntry (0x0000794416c4c888) [0x0000794416c4c980, 0x0000794416c4df48] 
[1,929s][debug][gc,nmethod     ] GC(0) O: Unregister NMethod: java.lang.String.hashCode (0x00007943f7417e88) [0x00007943f7417f80, 0x00007943f7418528] 
[1,929s][debug][gc,nmethod     ] GC(0) O: Unregister NMethod: jdk.internal.misc.Unsafe.allocateUninitializedArray (0x00007943f7424508) [0x00007943f7424600, 0x00007943f7424bc8] 
[1,929s][debug][gc,nmethod     ] GC(0) O: Unregister NMethod: java.lang.ref.Reference.<init> (0x00007943f746af88) [0x00007943f746b080, 0x00007943f746b318] 
[1,929s][debug][gc,nmethod     ] GC(0) O: Unregister NMethod: java.lang.CharacterDataLatin1.getProperties (0x00007943f74e6e88) [0x00007943f74e6f80, 0x00007943f74e70b0] 
[1,929s][debug][gc,nmethod     ] GC(0) O: Unregister NMethod: java.util.HashMap.putVal (0x0000794416bf7608) [0x0000794416bf7720, 0x0000794416bf8fe8] 
[1,929s][debug][gc,nmethod     ] GC(0) O: Unregister NMethod: java.lang.ref.Reference.reachabilityFence (0x00007943f7477c88) [0x00007943f7477d80, 0x00007943f7477e60] 
[1,929s][debug][gc,nmethod     ] GC(0) O: Unregister NMethod: java.lang.Class.getTypeName (0x00007943f77b4188) [0x00007943f77b4280, 0x00007943f77b7810] 
[1,929s][debug][gc,nmethod     ] GC(0) O: Unregister NMethod: jdk.internal.classfile.impl.AbstractPoolEntry$Utf8EntryImpl.writeTo (0x00007943f7460708) [0x00007943f7460800, 0x00007943f7461010] 
[1,929s][debug][gc,nmethod     ] GC(0) O: Unregister NMethod: jdk.internal.util.ArraysSupport.mismatch (0x0000794416c42b88) [0x0000794416c42c80, 0x0000794416c42f10] 
[1,929s][debug][gc,nmethod     ] GC(0) O: Unregister NMethod: java.util.concurrent.ConcurrentHashMap.get (0x00007943f741c008) [0x00007943f741c100, 0x00007943f741d118] 
[1,929s][debug][gc,nmethod     ] GC(0) O: Unregister NMethod: java.util.concurrent.ConcurrentHashMap.putVal (0x0000794416c32b08) [0x0000794416c32c00, 0x0000794416c33d00] 
[1,929s][debug][gc,nmethod     ] GC(0) O: Unregister NMethod: java.lang.reflect.Executable$$Lambda/0x00000000a9118398.apply (0x00007943f77b8a88) [0x00007943f77b8b80, 0x00007943f77b8ec0] 
[1,929s][debug][gc,nmethod     ] GC(0) O: Unregister NMethod: java.util.regex.Pattern$$Lambda/0x00000000a91110c0.is (0x00007943f7959e88) [0x00007943f7959f80, 0x00007943f795a1b8] 
[1,929s][debug][gc,nmethod     ] GC(0) O: Unregister NMethod: java.lang.StringLatin1.indexOf (0x00007943f7411008) [0x00007943f7411100, 0x00007943f7411588] 
[1,929s][debug][gc,nmethod     ] GC(0) O: Unregister NMethod: java.util.ImmutableCollections$SetN$SetNIterator.next (0x00007943f7414608) [0x00007943f7414700, 0x00007943f7414a68] 
[1,929s][debug][gc,nmethod     ] GC(0) O: Unregister NMethod: jdk.internal.classfile.impl.SplitConstantPool.utf8Entry (0x00007943f7467188) [0x00007943f7467280, 0x00007943f7467d78] 
[1,929s][debug][gc,nmethod     ] GC(0) O: Unregister NMethod: java.lang.AbstractStringBuilder.append (0x00007943f7490308) [0x00007943f7490400, 0x00007943f74908b8] 
[1,929s][debug][gc,nmethod     ] GC(0) O: Unregister NMethod: java.util.LinkedHashMap.newNode (0x00007943f7527908) [0x00007943f7527a00, 0x00007943f7527be8] 
[1,929s][debug][gc,nmethod     ] GC(0) O: Unregister NMethod: java.lang.StringLatin1.lastIndexOf (0x00007943f7411e08) [0x00007943f7411f00, 0x00007943f74122c8] 
[1,929s][debug][gc,nmethod     ] GC(0) O: Unregister NMethod: java.util.HashMap.put (0x00007943f742bb88) [0x00007943f742bc80, 0x00007943f742c268] 
[1,929s][debug][gc,nmethod     ] GC(0) O: Unregister NMethod: java.lang.String.charAt (0x00007943f7680d08) [0x00007943f7680e00, 0x00007943f7681538] 
[1,929s][debug][gc,nmethod     ] GC(0) O: Unregister NMethod: java.util.stream.MatchOps$1MatchSink.accept (0x0000794416c74c08) [0x0000794416c74d00, 0x0000794416c75c48] 
[1,929s][debug][gc,nmethod     ] GC(0) O: Unregister NMethod: java.lang.String.coder (0x00007943f7409708) [0x00007943f7409800, 0x00007943f7409928] 
[1,929s][debug][gc,nmethod     ] GC(0) O: Unregister NMethod: java.util.StringJoiner.add (0x00007943f77af288) [0x00007943f77af380, 0x00007943f77b0b38] 
[1,929s][debug][gc,nmethod     ] GC(0) O: Unregister NMethod: jdk.internal.loader.URLClassPath$JarLoader.getResource (0x0000794416c43608) [0x0000794416c43700, 0x0000794416c44df8] 
[1,929s][debug][gc,nmethod     ] GC(0) O: Unregister NMethod: java.util.stream.SortedOps$SizedRefSortingSink.accept (0x00007943f7855d08) [0x00007943f7855e00, 0x00007943f7856208] 
[1,929s][debug][gc,nmethod     ] GC(0) O: Unregister NMethod: jdk.internal.classfile.impl.RawBytecodeHelper.next (0x00007943f744c808) [0x00007943f744c900, 0x00007943f744d078] 
[1,929s][debug][gc,nmethod     ] GC(0) O: Unregister NMethod: java.util.jar.JarFile.getJarEntry (0x00007943f7488a88) [0x00007943f7488b80, 0x00007943f7489428] 
[1,929s][debug][gc,nmethod     ] GC(0) O: Unregister NMethod: java.util.ArrayList$ArrayListSpliterator.tryAdvance (0x00007943f7857b08) [0x00007943f7857c00, 0x00007943f78582e8] 
[1,929s][debug][gc,nmethod     ] GC(0) O: Unregister NMethod: java.lang.AbstractStringBuilder.isLatin1 (0x00007943f7477588) [0x00007943f7477680, 0x00007943f7477840] 
[1,929s][debug][gc,nmethod     ] GC(0) O: Unregister NMethod: java.lang.StringLatin1.getBytes (0x00007943f7464d88) [0x00007943f7464e80, 0x00007943f7465018] 
[1,929s][debug][gc,nmethod     ] GC(0) O: Unregister NMethod: java.lang.String.<init> (0x00007943f7823788) [0x00007943f7823880, 0x00007943f7824440] 
[1,929s][debug][gc,nmethod     ] GC(0) O: Unregister NMethod: java.util.zip.ZipFile$Source.isMetaName (0x00007943f7472d88) [0x00007943f7472e80, 0x00007943f74732e0] 
[1,929s][debug][gc,nmethod     ] GC(0) O: Unregister NMethod: jdk.internal.classfile.impl.SplitConstantPool.entryByIndex (0x00007943f741fc88) [0x00007943f741fd80, 0x00007943f7421e30] 
[1,929s][debug][gc,nmethod     ] GC(0) O: Unregister NMethod: java.util.regex.Pattern$Slice.match (0x0000794416c81d88) [0x0000794416c81e80, 0x0000794416c82160] 
[1,929s][debug][gc,nmethod     ] GC(0) O: Unregister NMethod: java.lang.System$1.join (0x00007943f77b8f08) [0x00007943f77b9000, 0x00007943f77bd640] 
[1,929s][debug][gc,nmethod     ] GC(0) O: Unregister NMethod: java.util.HashMap.put (0x0000794416c2f388) [0x0000794416c2f4a0, 0x0000794416c30cb0] 
[1,929s][debug][gc,nmethod     ] GC(0) O: Unregister NMethod: java.util.zip.ZipUtils.CENHOW (0x00007943f7470608) [0x00007943f7470700, 0x00007943f7470810] 
[1,929s][debug][gc,nmethod     ] GC(0) O: Unregister NMethod: java.util.HashMap.get (0x00007943f7433188) [0x00007943f7433280, 0x00007943f7433618] 
[1,929s][debug][gc,nmethod     ] GC(0) O: Unregister NMethod: java.util.stream.AbstractPipeline.isParallel (0x00007943f7726508) [0x00007943f7726600, 0x00007943f7726738] 
[1,929s][debug][gc,nmethod     ] GC(0) O: Unregister NMethod: java.lang.Class.isInterface (0x00007943f7511b08) [0x00007943f7511c00, 0x00007943f7511db8] 
[1,929s][debug][gc,nmethod     ] GC(0) O: Unregister NMethod: java.util.HashMap.hash (0x00007943f7427808) [0x00007943f7427900, 0x00007943f7427c38] 
[1,929s][debug][gc,nmethod     ] GC(0) O: Unregister NMethod: java.lang.Math.max (0x00007943f7447988) [0x00007943f7447a80, 0x00007943f7447ba8] 
[1,929s][debug][gc,nmethod     ] GC(0) O: Unregister NMethod: java.util.BitSet.wordIndex (0x00007943f7529f88) [0x00007943f752a080, 0x00007943f752a168] 
[1,929s][debug][gc,nmethod     ] GC(0) O: Unregister NMethod: jdk.internal.loader.URLClassPath$JarLoader.findResource (0x00007943f7684488) [0x00007943f7684580, 0x00007943f7684788] 
[1,929s][debug][gc,nmethod     ] GC(0) O: Unregister NMethod: java.util.jar.JarFile.isMultiRelease (0x00007943f7485508) [0x00007943f7485600, 0x00007943f74857f8] 
[1,929s][debug][gc,nmethod     ] GC(0) O: Unregister NMethod: java.lang.String.startsWith (0x0000794416c45b08) [0x0000794416c45c00, 0x0000794416c45ef8] 
[1,929s][debug][gc,nmethod     ] GC(0) O: Unregister NMethod: java.lang.Class.cast (0x00007943f7562a88) [0x00007943f7562b80, 0x00007943f7562fd8] 
[1,929s][debug][gc,nmethod     ] GC(0) O: Unregister NMethod: java.util.stream.ReduceOps$3ReducingSink.accept (0x0000794416c70908) [0x0000794416c70a00, 0x0000794416c717b8] 
[1,929s][debug][gc,nmethod     ] GC(0) O: Unregister NMethod: jdk.internal.classfile.impl.BufWriterImpl.writeUtfEntry (0x00007943f7467d88) [0x00007943f7467e80, 0x00007943f746ac40] 
[1,929s][debug][gc,nmethod     ] GC(0) O: Unregister NMethod: java.util.HashMap.getNode (0x00007943f742fb08) [0x00007943f742fc00, 0x00007943f7430f10] 
[1,930s][debug][gc,nmethod     ] GC(0) O: Unregister NMethod: java.lang.StringBuilder.toString (0x00007943f7477f88) [0x00007943f7478080, 0x00007943f74784b8] 
[1,930s][debug][gc,nmethod     ] GC(0) O: Unregister NMethod: java.util.jar.JarFile.getEntry (0x00007943f7489488) [0x00007943f7489580, 0x00007943f7489cc8] 
[1,930s][debug][gc,nmethod     ] GC(0) O: Unregister NMethod: jdk.internal.misc.Unsafe.allocateUninitializedArray0 (0x00007943f7425308) [0x00007943f7425400, 0x00007943f7425c20] 
[1,930s][debug][gc,nmethod     ] GC(0) O: Unregister NMethod: java.util.LinkedHashMap.afterNodeInsertion (0x00007943f7527588) [0x00007943f7527680, 0x00007943f7527888] 
[1,930s][debug][gc,nmethod     ] GC(0) O: Unregister NMethod: java.lang.AbstractStringBuilder.needsNewBuffer (0x0000794416c1c888) [0x0000794416c1c980, 0x0000794416c1ca68] 
[1,930s][debug][gc,nmethod     ] GC(0) O: Unregister NMethod: jdk.internal.misc.Unsafe.putReferenceRelease (0x00007943f746b388) [0x00007943f746b480, 0x00007943f746b5f8] 
[1,930s][debug][gc,nmethod     ] GC(0) O: Unregister NMethod: jdk.internal.util.ArraysSupport.mismatch (0x00007943f7411908) [0x00007943f7411a00, 0x00007943f7411de0] 
[1,930s][debug][gc,nmethod     ] GC(0) O: Unregister NMethod: java.lang.invoke.DirectMethodHandle$Holder.newInvokeSpecial (0x00007943f7755d08) [0x00007943f7755e00, 0x00007943f7756678] 
[1,930s][debug][gc,nmethod     ] GC(0) O: Unregister NMethod: java.util.Spliterators$ArraySpliterator.forEachRemaining (0x00007943f77ca908) [0x00007943f77caa00, 0x00007943f77cafd0] 
[1,930s][debug][gc,nmethod     ] GC(0) O: Unregister NMethod: java.util.ArrayList$Itr.next (0x00007943f757b308) [0x00007943f757b400, 0x00007943f757b9f0] 
[1,930s][debug][gc,nmethod     ] GC(0) O: Unregister NMethod: java.lang.Class.getName (0x00007943f7454788) [0x00007943f7454880, 0x00007943f7454a30] 
[1,930s][debug][gc,nmethod     ] GC(0) O: Unregister NMethod: java.lang.String.regionMatches (0x00007943f74c6808) [0x00007943f74c6900, 0x00007943f74c7cf8] 
[1,930s][debug][gc,nmethod     ] GC(0) O: Unregister NMethod: java.nio.DirectLongBufferU.ix (0x00007943f7487d88) [0x00007943f7487e80, 0x00007943f7487f90] 
[1,930s][debug][gc,nmethod     ] GC(0) O: Unregister NMethod: java.util.StringJoiner.add (0x0000794416c6d508) [0x0000794416c6d600, 0x0000794416c6dc60] 
[1,930s][debug][gc,nmethod     ] GC(0) O: Unregister NMethod: java.lang.AbstractStringBuilder.append (0x00007943f744ea08) [0x00007943f744eb00, 0x00007943f744f750] 
[1,930s][debug][gc,nmethod     ] GC(0) O: Unregister NMethod: jdk.internal.classfile.impl.RawBytecodeHelper.endBci (0x00007943f744c108) [0x00007943f744c200, 0x00007943f744c338] 
[1,930s][debug][gc,nmethod     ] GC(0) O: Unregister NMethod: java.lang.CharacterData.of (0x00007943f74e7188) [0x00007943f74e7280, 0x00007943f74e79c0] 
[1,930s][debug][gc,nmethod     ] GC(0) O: Unregister NMethod: java.util.zip.ZipFile$Source.isMetaName (0x00007943f7525088) [0x00007943f7525180, 0x00007943f75255e0] 
[1,930s][debug][gc,nmethod     ] GC(0) O: Unregister NMethod: java.nio.DirectIntBufferU.ix (0x00007943f7681588) [0x00007943f7681680, 0x00007943f7681790] 
[1,930s][debug][gc,nmethod     ] GC(0) O: Unregister NMethod: java.lang.invoke.MethodType.parameterCount (0x00007943f7422a88) [0x00007943f7422b80, 0x00007943f7422cb8] 
[1,930s][debug][gc,nmethod     ] GC(0) O: Unregister NMethod: java.lang.invoke.MemberName.getReferenceKind (0x00007943f747ec08) [0x00007943f747ed00, 0x00007943f747ee10] 
[1,930s][debug][gc,nmethod     ] GC(0) O: Unregister NMethod: java.io.BufferedInputStream.read (0x00007943f7454208) [0x00007943f7454300, 0x00007943f7454758] 
[1,930s][debug][gc,nmethod     ] GC(0) O: Unregister NMethod: java.lang.StringCoding.countPositives (0x0000794416c02f08) [0x0000794416c03000, 0x0000794416c03388] 
[1,930s][debug][gc,phases      ] GC(0) O: Concurrent Classes Unlink 6,008ms
[1,930s][debug][gc,phases,start] GC(0) O: Concurrent Classes Purge
[1,930s][debug][gc,nmethod     ] GC(0) O: Purge NMethod: java.lang.String.getBytes (0x00007943f7419508) [0x00007943f7419600, 0x00007943f7419b08] 
[1,930s][debug][gc,nmethod     ] GC(0) O: Purge NMethod: java.lang.String.toString (0x00007943f74e8888) [0x00007943f74e8980, 0x00007943f74e8a80] 
[1,930s][debug][gc,nmethod     ] GC(0) O: Purge NMethod: org.junit.platform.commons.util.ReflectionUtils.defaultMethodSorter (0x00007943f775d408) [0x00007943f775d500, 0x00007943f775e718] 
[1,930s][debug][gc,nmethod     ] GC(0) O: Purge NMethod: java.util.concurrent.ConcurrentHashMap.tabAt (0x00007943f7413c08) [0x00007943f7413d00, 0x00007943f7414248] 
[1,930s][debug][gc,nmethod     ] GC(0) O: Purge NMethod: java.lang.Math.min (0x00007943f7412308) [0x00007943f7412400, 0x00007943f7412528] 
[1,930s][debug][gc,nmethod     ] GC(0) O: Purge NMethod: java.util.zip.ZipFile$Source.getEntryPos (0x00007943f7483708) [0x00007943f7483800, 0x00007943f74854a8] 
[1,930s][debug][gc,nmethod     ] GC(0) O: Purge NMethod: java.util.ImmutableCollections$ListN.size (0x00007943f75b3b88) [0x00007943f75b3c80, 0x00007943f75b3db8] 
[1,930s][debug][gc,nmethod     ] GC(0) O: Purge NMethod: java.net.URLClassLoader.findClass (0x00007943f760bf08) [0x00007943f760c000, 0x00007943f760ec20] 
[1,930s][debug][gc,nmethod     ] GC(0) O: Purge NMethod: java.util.stream.ReduceOps$3ReducingSink.accept (0x00007943f7767e88) [0x00007943f7767f80, 0x00007943f77682f8] 
[1,930s][debug][gc,nmethod     ] GC(0) O: Purge NMethod: jdk.internal.classfile.impl.BufWriterImpl.patchInt (0x00007943f75fcd88) [0x00007943f75fce80, 0x00007943f75fd060] 
[1,930s][debug][gc,nmethod     ] GC(0) O: Purge NMethod: java.lang.String.getBytes (0x00007943f7465f88) [0x00007943f7466080, 0x00007943f7466e08] 
[1,930s][debug][gc,nmethod     ] GC(0) O: Purge NMethod: worker.org.gradle.internal.stream.EncodedStream$EncodedInput.hexToByte (0x00007943f7453988) [0x00007943f7453a80, 0x00007943f74541c8] 
[1,930s][debug][gc,nmethod     ] GC(0) O: Purge NMethod: java.lang.ref.SoftReference.get (0x00007943f7571388) [0x00007943f7571480, 0x00007943f7571640] 
[1,930s][debug][gc,nmethod     ] GC(0) O: Purge NMethod: java.net.URLClassLoader.defineClass (0x00007943f760ec88) [0x00007943f760ed80, 0x00007943f7613618] 
[1,930s][debug][gc,nmethod     ] GC(0) O: Purge NMethod: jdk.internal.classfile.impl.SplitConstantPool.tryFindUtf8 (0x00007943f745d608) [0x00007943f745d700, 0x00007943f745ef38] 
[1,930s][debug][gc,nmethod     ] GC(0) O: Purge NMethod: java.lang.AbstractStringBuilder.<init> (0x00007943f7477888) [0x00007943f7477980, 0x00007943f7477c08] 
[1,930s][debug][gc,nmethod     ] GC(0) O: Purge NMethod: java.util.regex.Pattern$Slice.match (0x00007943f795a508) [0x00007943f795a600, 0x00007943f795ad40] 
[1,930s][debug][gc,nmethod     ] GC(0) O: Purge NMethod: jdk.internal.util.Preconditions.checkFromToIndex (0x00007943f741f308) [0x00007943f741f400, 0x00007943f741f5b8] 
[1,930s][debug][gc,nmethod     ] GC(0) O: Purge NMethod: java.io.BufferedInputStream.getBufIfOpen (0x00007943f7452b88) [0x00007943f7452c80, 0x00007943f7453098] 
[1,930s][debug][gc,nmethod     ] GC(0) O: Purge NMethod: jdk.internal.classfile.impl.AbstractPoolEntry$Utf8EntryImpl.<init> (0x00007943f745fd88) [0x00007943f745fe80, 0x00007943f74606e8] 
[1,930s][debug][gc,nmethod     ] GC(0) O: Purge NMethod: java.util.stream.Collectors$$Lambda/0x00000000a90e07a8.accept (0x00007943f77b7888) [0x00007943f77b7980, 0x00007943f77b80a8] 
[1,930s][debug][gc,nmethod     ] GC(0) O: Purge NMethod: java.util.jar.JarFile.getEntry (0x00007943f74c2b08) [0x00007943f74c2c00, 0x00007943f74c3348] 
[1,930s][debug][gc,nmethod     ] GC(0) O: Purge NMethod: jdk.internal.misc.Unsafe.convEndian (0x00007943f7458188) [0x00007943f7458280, 0x00007943f7458428] 
[1,930s][debug][gc,nmethod     ] GC(0) O: Purge NMethod: java.lang.StringLatin1.indexOf (0x00007943f751ca08) [0x00007943f751cb00, 0x00007943f751cce0] 
[1,930s][debug][gc,nmethod     ] GC(0) O: Purge NMethod: sun.util.locale.BaseLocale.hashCode (0x00007943f7636e08) [0x00007943f7636f00, 0x00007943f763ad88] 
[1,930s][debug][gc,nmethod     ] GC(0) O: Purge NMethod: org.junit.platform.commons.util.ReflectionUtils$$Lambda/0x00000000a917e460.compare (0x00007943f7759c08) [0x00007943f7759d00, 0x00007943f775a240] 
[1,930s][debug][gc,nmethod     ] GC(0) O: Purge NMethod: java.util.zip.ZipCoder$UTF8ZipCoder.checkedHash (0x00007943f7472808) [0x00007943f7472900, 0x00007943f7472d20] 
[1,930s][debug][gc,nmethod     ] GC(0) O: Purge NMethod: java.util.ImmutableCollections$SetN.probe (0x00007943f7401088) [0x00007943f7401180, 0x00007943f74019a8] 
[1,930s][debug][gc,nmethod     ] GC(0) O: Purge NMethod: java.util.zip.ZipFile$Source.isMetaName (0x0000794416c12608) [0x0000794416c12700, 0x0000794416c12a28] 
[1,930s][debug][gc,nmethod     ] Register NMethod: java.lang.String.regionMatches (0x00007943f79f4008) [0x00007943f79f4100, 0x00007943f79f54f8] Compiler: c1, Barriers: 2, Oops: 0, ImmediateOops: 0, NonImmediateOops: No
[1,930s][debug][gc,nmethod     ] GC(0) O: Purge NMethod: java.lang.AbstractStringBuilder.<init> (0x00007943f7814188) [0x00007943f7814280, 0x00007943f78150e0] 
[1,930s][debug][gc,nmethod     ] GC(0) O: Purge NMethod: java.lang.StringLatin1.equals (0x00007943f7401d08) [0x00007943f7401e00, 0x00007943f7402068] 
[1,930s][debug][gc,nmethod     ] GC(0) O: Purge NMethod: jdk.internal.misc.Unsafe.getIntUnaligned (0x00007943f7457e08) [0x00007943f7457f00, 0x00007943f7458148] 
[1,930s][debug][gc,nmethod     ] GC(0) O: Purge NMethod: jdk.internal.util.StrongReferenceKey.hashCode (0x00007943f741e608) [0x00007943f741e700, 0x00007943f741ec10] 
[1,930s][debug][gc,nmethod     ] GC(0) O: Purge NMethod: java.util.HashMap.resize (0x0000794416bf6488) [0x0000794416bf65a0, 0x0000794416bf7130] 
[1,930s][debug][gc,nmethod     ] GC(0) O: Purge NMethod: java.io.BufferedInputStream.getBufIfOpen (0x0000794416bfab88) [0x0000794416bfac80, 0x0000794416bfadb0] 
[1,930s][debug][gc,nmethod     ] GC(0) O: Purge NMethod: junit.framework.TestSuite.addTestMethod (0x00007943f782aa08) [0x00007943f782ab00, 0x00007943f782dcb8] 
[1,930s][debug][gc,nmethod     ] GC(0) O: Purge NMethod: java.util.regex.Pattern$$Lambda/0x00000000a90b27a0.is (0x00007943f7631108) [0x00007943f7631200, 0x00007943f76313b0] 
[1,930s][debug][gc,nmethod     ] GC(0) O: Purge NMethod: java.util.stream.Collectors$$Lambda/0x00000000a9114970.accept (0x00007943f7856c88) [0x00007943f7856d80, 0x00007943f78572a8] 
[1,930s][debug][gc,nmethod     ] GC(0) O: Purge NMethod: java.util.regex.Pattern$BmpCharPropertyGreedy.match (0x0000794416c2c808) [0x0000794416c2c900, 0x0000794416c2ccd0] 
[1,930s][debug][gc,nmethod     ] GC(0) O: Purge NMethod: java.lang.invoke.MethodType.parameterType (0x00007943f744e108) [0x00007943f744e200, 0x00007943f744e388] 
[1,930s][debug][gc,nmethod     ] GC(0) O: Purge NMethod: java.util.Optional.isPresent (0x00007943f78aec88) [0x00007943f78aed80, 0x00007943f78aef00] 
[1,930s][debug][gc,nmethod     ] GC(0) O: Purge NMethod: java.lang.StringBuilder.<init> (0x00007943f7479a88) [0x00007943f7479b80, 0x00007943f7479cb8] 
[1,930s][debug][gc,nmethod     ] GC(0) O: Purge NMethod: jdk.internal.misc.Unsafe.getIntUnaligned (0x0000794416c00208) [0x0000794416c00300, 0x0000794416c003c0] 
[1,930s][debug][gc,nmethod     ] GC(0) O: Purge NMethod: java.lang.Object.equals (0x00007943f7439f88) [0x00007943f743a080, 0x00007943f743a1d0] 
[1,930s][debug][gc,nmethod     ] GC(0) O: Purge NMethod: java.lang.module.ModuleDescriptor$Exports.isQualified (0x00007943f7428f08) [0x00007943f7429000, 0x00007943f7429390] 
[1,930s][debug][gc,nmethod     ] GC(0) O: Purge NMethod: java.lang.StringLatin1.newString (0x00007943f7441a88) [0x00007943f7441b80, 0x00007943f7441ea0] 
[1,930s][debug][gc,nmethod     ] GC(0) O: Purge NMethod: jdk.internal.loader.URLClassPath$JarLoader$1.getBytes (0x00007943f75e5888) [0x00007943f75e5980, 0x00007943f75e6268] 
[1,930s][debug][gc,nmethod     ] GC(0) O: Purge NMethod: java.lang.StringCoding.countNonZeroAsciiLatin1 (0x00007943f741f608) [0x00007943f741f700, 0x00007943f741f908] 
[1,930s][debug][gc,nmethod     ] GC(0) O: Purge NMethod: java.lang.StringLatin1.indexOfChar (0x00007943f740ee08) [0x00007943f740ef00, 0x00007943f740f100] 
[1,930s][debug][gc,nmethod     ] GC(0) O: Purge NMethod: java.util.zip.ZipFile$Source.nextEntryPos (0x00007943f7472408) [0x00007943f7472500, 0x00007943f74727b8] 
[1,930s][debug][gc,nmethod     ] GC(0) O: Purge NMethod: sun.net.www.ParseUtil.firstEncodeIndex (0x00007943f7412608) [0x00007943f7412700, 0x00007943f74135d8] 
[1,930s][debug][gc,nmethod     ] GC(0) O: Purge NMethod: java.util.HashMap.get (0x00007943f7430f88) [0x00007943f7431080, 0x00007943f7431418] 
[1,930s][debug][gc,nmethod     ] GC(0) O: Purge NMethod: java.util.Objects.requireNonNull (0x00007943f7405808) [0x00007943f7405900, 0x00007943f7405ad0] 
[1,930s][debug][gc,nmethod     ] GC(0) O: Purge NMethod: java.math.BigInteger.mulAdd (0x00007943f773d688) [0x00007943f773d780, 0x00007943f773d910] 
[1,930s][debug][gc,nmethod     ] GC(0) O: Purge NMethod: java.util.zip.ZipFile$Source.checkAndAddEntry (0x00007943f7474a08) [0x00007943f7474b00, 0x00007943f7476e00] 
[1,930s][debug][gc,nmethod     ] GC(0) O: Purge NMethod: java.lang.String.hashCode (0x0000794416be7a88) [0x0000794416be7b80, 0x0000794416be7d20] 
[1,930s][debug][gc,nmethod     ] GC(0) O: Purge NMethod: jdk.internal.classfile.impl.AbstractPoolEntry.maybeClone (0x00007943f744b688) [0x00007943f744b780, 0x00007943f744c0e8] 
[1,930s][debug][gc,nmethod     ] GC(0) O: Purge NMethod: java.lang.StringCoding.countPositives (0x00007943f746f688) [0x00007943f746f780, 0x00007943f746f988] 
[1,930s][debug][gc,nmethod     ] GC(0) O: Purge NMethod: java.lang.StringBuilder.append (0x00007943f744e708) [0x00007943f744e800, 0x00007943f744e948] 
[1,930s][debug][gc,nmethod     ] GC(0) O: Purge NMethod: java.util.stream.StreamOpFlag.isKnown (0x00007943f77b8788) [0x00007943f77b8880, 0x00007943f77b89d8] 
[1,930s][debug][gc,nmethod     ] GC(0) O: Purge NMethod: jdk.internal.loader.URLClassPath$JarLoader.getResource (0x0000794416c4a408) [0x0000794416c4a500, 0x0000794416c4bbe8] 
[1,930s][debug][gc,nmethod     ] GC(0) O: Purge NMethod: java.util.HashMap.putVal (0x00007943f742d708) [0x00007943f742d800, 0x00007943f742f4f0] 
[1,930s][debug][gc,nmethod     ] GC(0) O: Purge NMethod: java.util.zip.ZipUtils.CENNAM (0x00007943f7470908) [0x00007943f7470a00, 0x00007943f7470b10] 
[1,930s][debug][gc,nmethod     ] GC(0) O: Purge NMethod: sun.reflect.annotation.AnnotationInvocationHandler.invoke (0x00007943f77eb308) [0x00007943f77eb400, 0x00007943f77ed690] 
[1,930s][debug][gc,nmethod     ] GC(0) O: Purge NMethod: java.util.HashMap.put (0x00007943f7433688) [0x00007943f7433780, 0x00007943f7433d68] 
[1,930s][debug][gc,nmethod     ] GC(0) O: Purge NMethod: java.lang.Character.codePointAt (0x00007943f7957f88) [0x00007943f7958080, 0x00007943f7958a50] 
[1,930s][debug][gc,nmethod     ] GC(0) O: Purge NMethod: java.util.stream.MatchOps$1MatchSink.accept (0x00007943f7857608) [0x00007943f7857700, 0x00007943f7857af0] 
[1,930s][debug][gc,nmethod     ] GC(0) O: Purge NMethod: java.util.concurrent.ConcurrentHashMap.addCount (0x00007943f7414a88) [0x00007943f7414b80, 0x00007943f7415820] 
[1,931s][debug][gc,nmethod     ] GC(0) O: Purge NMethod: jdk.internal.classfile.impl.EntryMap.firstToken (0x00007943f7421e88) [0x00007943f7421f80, 0x00007943f7422470] 
[1,931s][debug][gc,nmethod     ] GC(0) O: Purge NMethod: java.util.zip.ZipFile.getEntry (0x00007943f7486188) [0x00007943f7486280, 0x00007943f7486848] 
[1,931s][debug][gc,nmethod     ] GC(0) O: Purge NMethod: java.lang.String.charAt (0x0000794416be7788) [0x0000794416be7880, 0x0000794416be79b0] 
[1,931s][debug][gc,nmethod     ] GC(0) O: Purge NMethod: java.util.zip.ZipFile.zipCoderFor (0x00007943f7471888) [0x00007943f7471980, 0x00007943f7471dd0] 
[1,931s][debug][gc,nmethod     ] GC(0) O: Purge NMethod: java.util.stream.ReferencePipeline$3$1.accept (0x00007943f7636408) [0x00007943f7636500, 0x00007943f7636a88] 
[1,931s][debug][gc,nmethod     ] GC(0) O: Purge NMethod: java.util.zip.ZipFile$CleanableResource.releaseInflater (0x00007943f754db88) [0x00007943f754dc80, 0x00007943f754e1d8] 
[1,931s][debug][gc,nmethod     ] GC(0) O: Purge NMethod: java.util.zip.CRC32.<init> (0x00007943f75e6588) [0x00007943f75e6680, 0x00007943f75e67d8] 
[1,931s][debug][gc,nmethod     ] GC(0) O: Purge NMethod: java.io.BufferedInputStream.read (0x0000794416bfb488) [0x0000794416bfb580, 0x0000794416bfb860] 
[1,931s][debug][gc,nmethod     ] GC(0) O: Purge NMethod: jdk.internal.classfile.impl.SplitConstantPool.canWriteDirect (0x00007943f744c408) [0x00007943f744c500, 0x00007943f744c7f8] 
[1,931s][debug][gc,nmethod     ] GC(0) O: Purge NMethod: java.util.concurrent.ConcurrentHashMap.putVal (0x00007943f7415888) [0x00007943f7415980, 0x00007943f7417e78] 
[1,931s][debug][gc,nmethod     ] GC(0) O: Purge NMethod: java.lang.String.substring (0x00007943f7442388) [0x00007943f7442480, 0x00007943f7442fa0] 
[1,931s][debug][gc,nmethod     ] GC(0) O: Purge NMethod: java.util.BitSet.set (0x00007943f752f588) [0x00007943f752f680, 0x00007943f75305c8] 
[1,931s][debug][gc,nmethod     ] GC(0) O: Purge NMethod: java.util.stream.Sink.begin (0x00007943f785db88) [0x00007943f785dc80, 0x00007943f785dd80] 
[1,931s][debug][gc,nmethod     ] GC(0) O: Purge NMethod: java.util.stream.Collectors$$Lambda/0x00000000a90e07a8.accept (0x0000794416c71808) [0x0000794416c71900, 0x0000794416c71f38] 
[1,931s][debug][gc,nmethod     ] GC(0) O: Purge NMethod: jdk.internal.classfile.impl.BufWriterImpl.cpIndex (0x00007943f7462988) [0x00007943f7462a80, 0x00007943f7464a78] 
[1,931s][debug][gc,nmethod     ] GC(0) O: Purge NMethod: java.util.Optional.empty (0x00007943f7447188) [0x00007943f7447280, 0x00007943f7447368] 
[1,931s][debug][gc,nmethod     ] GC(0) O: Purge NMethod: java.util.ArrayList.add (0x00007943f746f008) [0x00007943f746f100, 0x00007943f746f670] 
[1,931s][debug][gc,nmethod     ] GC(0) O: Purge NMethod: java.lang.String.indexOf (0x00007943f740f108) [0x00007943f740f200, 0x00007943f740f828] 
[1,931s][debug][gc,nmethod     ] GC(0) O: Purge NMethod: jdk.internal.loader.Resource.getBytes (0x00007943f75dfa88) [0x00007943f75dfb80, 0x00007943f75e1070] 
[1,931s][debug][gc,nmethod     ] GC(0) O: Purge NMethod: java.util.HashMap.putIfAbsent (0x00007943f743de88) [0x00007943f743df80, 0x00007943f743e568] 
[1,931s][debug][gc,nmethod     ] GC(0) O: Purge NMethod: java.lang.invoke.LambdaForm$Holder.constant_L (0x00007943f752cf08) [0x00007943f752d000, 0x00007943f752d320] 
[1,931s][debug][gc,nmethod     ] GC(0) O: Purge NMethod: java.util.concurrent.ConcurrentHashMap.setTabAt (0x00007943f746b688) [0x00007943f746b780, 0x00007943f746ba80] 
[1,931s][debug][gc,nmethod     ] GC(0) O: Purge NMethod: java.lang.String.startsWith (0x0000794416c42708) [0x0000794416c42800, 0x0000794416c42b18] 
[1,931s][debug][gc,nmethod     ] GC(0) O: Purge NMethod: java.util.concurrent.ConcurrentHashMap.get (0x00007943f7783688) [0x00007943f7783780, 0x00007943f7784798] 
[1,931s][debug][gc,nmethod     ] GC(0) O: Purge NMethod: java.lang.StringLatin1.charAt (0x00007943f740e108) [0x00007943f740e200, 0x00007943f740e3c0] 
[1,931s][debug][gc,nmethod     ] GC(0) O: Purge NMethod: java.nio.DirectByteBuffer.get (0x00007943f74c0808) [0x00007943f74c0900, 0x00007943f74c1700] 
[1,931s][debug][gc,nmethod     ] GC(0) O: Purge NMethod: java.lang.CharacterDataLatin1.equalsIgnoreCase (0x00007943f74c3e08) [0x00007943f74c3f00, 0x00007943f74c4198] 
[1,931s][debug][gc,nmethod     ] GC(0) O: Purge NMethod: java.math.BigInteger.addOne (0x00007943f773d988) [0x00007943f773da80, 0x00007943f773dd98] 
[1,931s][debug][gc,nmethod     ] GC(0) O: Purge NMethod: java.math.BigInteger.implMulAddCheck (0x00007943f773de08) [0x00007943f773df00, 0x00007943f7741e90] 
[1,931s][debug][gc,nmethod     ] GC(0) O: Purge NMethod: java.util.stream.Sink$ChainedReference.end (0x00007943f77c3a08) [0x00007943f77c3b00, 0x00007943f77c3e40] 
[1,931s][debug][gc,nmethod     ] GC(0) O: Purge NMethod: java.util.concurrent.ConcurrentHashMap.putIfAbsent (0x00007943f7418888) [0x00007943f7418980, 0x00007943f7418c80] 
[1,931s][debug][gc,nmethod     ] GC(0) O: Purge NMethod: jdk.internal.loader.URLClassPath$JarLoader.getResource (0x00007943f7488388) [0x00007943f7488480, 0x00007943f7488a60] 
[1,931s][debug][gc,nmethod     ] GC(0) O: Purge NMethod: java.lang.CharacterDataLatin1.isWhitespace (0x00007943f75bec08) [0x00007943f75bed00, 0x00007943f75bf0a0] 
[1,931s][debug][gc,nmethod     ] GC(0) O: Purge NMethod: java.lang.invoke.Invokers$Holder.linkToTargetMethod (0x00007943f752c908) [0x00007943f752ca00, 0x00007943f752cee8] 
[1,931s][debug][gc,nmethod     ] GC(0) O: Purge NMethod: sun.nio.fs.UnixPath.checkNotNul (0x00007943f746fa08) [0x00007943f746fb00, 0x00007943f746fca0] 
[1,931s][debug][gc,nmethod     ] GC(0) O: Purge NMethod: java.util.zip.ZipCoder.hash (0x00007943f7486e08) [0x00007943f7486f00, 0x00007943f7487d38] 
[1,931s][debug][gc,nmethod     ] GC(0) O: Purge NMethod: jdk.internal.loader.URLClassPath.getLoader (0x00007943f748aa88) [0x00007943f748ab80, 0x00007943f748ca48] 
[1,931s][debug][gc,nmethod     ] GC(0) O: Purge NMethod: java.lang.String.isLatin1 (0x00007943f740db08) [0x00007943f740dc00, 0x00007943f740dd60] 
[1,931s][debug][gc,nmethod     ] GC(0) O: Purge NMethod: jdk.internal.constant.MethodTypeDescImpl.parameterCount (0x00007943f74c1c08) [0x00007943f74c1d00, 0x00007943f74c1e38] 
[1,931s][debug][gc,nmethod     ] GC(0) O: Purge NMethod: java.util.regex.Pattern$Slice.match (0x00007943f799f008) [0x00007943f799f100, 0x00007943f799f840] 
[1,931s][debug][gc,nmethod     ] GC(0) O: Purge NMethod: java.lang.StringCoding.countPositives (0x00007943f7528708) [0x00007943f7528800, 0x00007943f7528a08] 
[1,931s][debug][gc,nmethod     ] GC(0) O: Purge NMethod: java.util.concurrent.ConcurrentHashMap.spread (0x00007943f7413908) [0x00007943f7413a00, 0x00007943f7413af0] 
[1,931s][debug][gc,nmethod     ] GC(0) O: Purge NMethod: org.junit.platform.commons.util.ReflectionUtils$$Lambda/0x00000000a917dfe0.test (0x00007943f7810388) [0x00007943f7810480, 0x00007943f78110d8] 
[1,931s][debug][gc,nmethod     ] GC(0) O: Purge NMethod: java.util.LinkedHashMap$LinkedValues.toArray (0x00007943f782f988) [0x00007943f782fa80, 0x00007943f782ffb8] 
[1,931s][debug][gc,nmethod     ] GC(0) O: Purge NMethod: java.lang.Character.codePointBefore (0x00007943f795ad88) [0x00007943f795ae80, 0x00007943f795b648] 
[1,931s][debug][gc,nmethod     ] GC(0) O: Purge NMethod: java.util.jar.JarFile.checkForSpecialAttributes (0x00007943f74c5108) [0x00007943f74c5200, 0x00007943f74c67e0] 
[1,931s][debug][gc,nmethod     ] GC(0) O: Purge NMethod: java.lang.String.startsWith (0x00007943f78c4308) [0x00007943f78c4400, 0x00007943f78c5620] 
[1,931s][debug][gc,nmethod     ] GC(0) O: Purge NMethod: java.lang.StringLatin1.canEncode (0x00007943f7577688) [0x00007943f7577780, 0x00007943f75778e0] 
[1,931s][debug][gc,nmethod     ] GC(0) O: Purge NMethod: java.lang.String.<init> (0x00007943f7478508) [0x00007943f7478600, 0x00007943f7478fa0] 
[1,931s][debug][gc,nmethod     ] GC(0) O: Purge NMethod: java.lang.String.length (0x00007943f740bb08) [0x00007943f740bc00, 0x00007943f740bf80] 
[1,931s][debug][gc,nmethod     ] GC(0) O: Purge NMethod: java.util.HashSet.add (0x00007943f742f808) [0x00007943f742f900, 0x00007943f742fad0] 
[1,931s][debug][gc,nmethod     ] GC(0) O: Purge NMethod: jdk.internal.util.ArraysSupport.unsignedHashCode (0x00007943f7400308) [0x00007943f7400400, 0x00007943f7400610] 
[1,931s][debug][gc,nmethod     ] GC(0) O: Purge NMethod: jdk.internal.misc.Unsafe.getShortUnaligned (0x00007943f7450308) [0x00007943f7450400, 0x00007943f7450628] 
[1,931s][debug][gc,nmethod     ] GC(0) O: Purge NMethod: java.util.StringJoiner.<init> (0x00007943f77b2b88) [0x00007943f77b2c80, 0x00007943f77b3980] 
[1,931s][debug][gc,nmethod     ] GC(0) O: Purge NMethod: java.util.jar.Manifest$FastInputStream.readLine (0x00007943f7485808) [0x00007943f7485900, 0x00007943f7486158] 
[1,931s][debug][gc,nmethod     ] GC(0) O: Purge NMethod: java.lang.String.startsWith (0x00007943f740f888) [0x00007943f740f980, 0x00007943f7410c00] 
[1,931s][debug][gc,nmethod     ] GC(0) O: Purge NMethod: java.util.LinkedHashMap.get (0x00007943f74e1208) [0x00007943f74e1300, 0x00007943f74e1718] 
[1,931s][debug][gc,nmethod     ] GC(0) O: Purge NMethod: java.util.zip.ZipFile$CleanableResource.getInflater (0x00007943f754b988) [0x00007943f754ba80, 0x00007943f754c1b0] 
[1,931s][debug][gc,nmethod     ] GC(0) O: Purge NMethod: java.util.LinkedHashMap$LinkedHashIterator.hasNext (0x00007943f7756a08) [0x00007943f7756b00, 0x00007943f7756c80] 
[1,931s][debug][gc,nmethod     ] GC(0) O: Purge NMethod: java.lang.String.hashCode (0x00007943f7400988) [0x00007943f7400a80, 0x00007943f7401028] 
[1,931s][debug][gc,nmethod     ] GC(0) O: Purge NMethod: jdk.internal.loader.Resource.cachedInputStream (0x00007943f750dc88) [0x00007943f750dd80, 0x00007943f750e3f8] 
[1,931s][debug][gc,nmethod     ] GC(0) O: Purge NMethod: org.junit.platform.commons.util.ReflectionUtils$$Lambda/0x00000000a9194f80.test (0x00007943f7859988) [0x00007943f7859a80, 0x00007943f785a778] 
[1,931s][debug][gc,nmethod     ] GC(0) O: Purge NMethod: java.lang.String.startsWith (0x00007943f7410c08) [0x00007943f7410d00, 0x00007943f7410ff8] 
[1,931s][debug][gc,nmethod     ] GC(0) O: Purge NMethod: java.util.zip.ZipFile.ensureOpen (0x00007943f747d588) [0x00007943f747d680, 0x00007943f747d950] 
[1,931s][debug][gc,nmethod     ] GC(0) O: Purge NMethod: java.util.LinkedHashMap.values (0x00007943f7811b88) [0x00007943f7811c80, 0x00007943f7811dc8] 
[1,931s][debug][gc,nmethod     ] GC(0) O: Purge NMethod: java.math.BigInteger.implMulAdd (0x00007943f773d308) [0x00007943f773d400, 0x00007943f773d620] 
[1,931s][debug][gc,nmethod     ] GC(0) O: Purge NMethod: java.lang.Object.<init> (0x00007943f7400688) [0x00007943f7400780, 0x00007943f7400880] 
[1,931s][debug][gc,nmethod     ] GC(0) O: Purge NMethod: java.util.jar.JarFile.checkForSpecialAttributes (0x00007943f7482088) [0x00007943f7482180, 0x00007943f74836e8] 
[1,931s][debug][gc,nmethod     ] GC(0) O: Purge NMethod: java.util.concurrent.ConcurrentHashMap.casTabAt (0x00007943f7444588) [0x00007943f7444680, 0x00007943f74447f0] 
[1,931s][debug][gc,nmethod     ] GC(0) O: Purge NMethod: java.util.regex.Pattern$BmpCharPropertyGreedy.match (0x00007943f7631f88) [0x00007943f7632080, 0x00007943f76329f0] 
[1,931s][debug][gc,nmethod     ] GC(0) O: Purge NMethod: jdk.internal.loader.Resource.getByteBuffer (0x00007943f75e4a08) [0x00007943f75e4b00, 0x00007943f75e5878] 
[1,931s][debug][gc,nmethod     ] GC(0) O: Purge NMethod: java.lang.Short.toUnsignedInt (0x00007943f7450988) [0x00007943f7450a80, 0x00007943f7450b68] 
[1,931s][debug][gc,nmethod     ] GC(0) O: Purge NMethod: java.util.ImmutableCollections$SetN$SetNIterator.hasNext (0x00007943f7408908) [0x00007943f7408a00, 0x00007943f7408b50] 
[1,931s][debug][gc,nmethod     ] GC(0) O: Purge NMethod: java.lang.System$1.uncheckedCountPositives (0x00007943f7471208) [0x00007943f7471300, 0x00007943f7471558] 
[1,931s][debug][gc,nmethod     ] GC(0) O: Purge NMethod: java.lang.AbstractStringBuilder.needsNewBuffer (0x00007943f7445208) [0x00007943f7445300, 0x00007943f74454a0] 
[1,931s][debug][gc,nmethod     ] GC(0) O: Purge NMethod: java.util.HashMap.afterNodeInsertion (0x00007943f742b008) [0x00007943f742b100, 0x00007943f742b200] 
[1,931s][debug][gc,nmethod     ] GC(0) O: Purge NMethod: org.junit.platform.commons.util.ReflectionUtils.hasCompatibleSignature (0x00007943f785a788) [0x00007943f785a880, 0x00007943f785c250] 
[1,931s][debug][gc,nmethod     ] GC(0) O: Purge NMethod: java.lang.ClassLoader.checkName (0x00007943f7480e88) [0x00007943f7480f80, 0x00007943f7481cc8] 
[1,931s][debug][gc,nmethod     ] GC(0) O: Purge NMethod: java.lang.reflect.Method.copy (0x00007943f7758d08) [0x00007943f7758e00, 0x00007943f7759500] 
[1,931s][debug][gc,nmethod     ] GC(0) O: Purge NMethod: jdk.internal.loader.URLClassPath$JarLoader.getResource (0x00007943f74c3388) [0x00007943f74c3480, 0x00007943f74c3db0] 
[1,931s][debug][gc,nmethod     ] GC(0) O: Purge NMethod: java.util.jar.JarFile.checkForSpecialAttributes (0x0000794416c39208) [0x0000794416c39300, 0x0000794416c39c50] 
[1,931s][debug][gc,nmethod     ] GC(0) O: Purge NMethod: java.util.StringJoiner.toString (0x00007943f77b2788) [0x00007943f77b2880, 0x00007943f77b2b60] 
[1,931s][debug][gc,nmethod     ] GC(0) O: Purge NMethod: jdk.internal.classfile.impl.EntryMap.put (0x00007943f7427008) [0x00007943f7427100, 0x00007943f74277d0] 
[1,931s][debug][gc,nmethod     ] GC(0) O: Purge NMethod: sun.reflect.generics.parser.SignatureParser.advance (0x00007943f75bd008) [0x00007943f75bd100, 0x00007943f75bd718] 
[1,931s][debug][gc,nmethod     ] GC(0) O: Purge NMethod: worker.org.gradle.internal.stream.EncodedStream$EncodedInput.read (0x00007943f7453108) [0x00007943f7453200, 0x00007943f7453958] 
[1,931s][debug][gc,nmethod     ] GC(0) O: Purge NMethod: java.util.HashMap.putIfAbsent (0x0000794416c13c08) [0x0000794416c13d20, 0x0000794416c15500] 
[1,931s][debug][gc,nmethod     ] GC(0) O: Purge NMethod: java.lang.StringBuilder.append (0x00007943f748fd08) [0x00007943f748fe00, 0x00007943f748ff48] 
[1,931s][debug][gc,nmethod     ] GC(0) O: Purge NMethod: java.util.WeakHashMap.remove (0x00007943f74d7388) [0x00007943f74d7480, 0x00007943f74d8890] 
[1,931s][debug][gc,nmethod     ] GC(0) O: Purge NMethod: java.util.jar.JarFile.getEntry (0x0000794416c3ff08) [0x0000794416c40000, 0x0000794416c414a0] 
[1,931s][debug][gc,nmethod     ] GC(0) O: Purge NMethod: java.lang.ref.ReferenceQueue.poll (0x00007943f7418c88) [0x00007943f7418d80, 0x00007943f74191a0] 
[1,931s][debug][gc,nmethod     ] GC(0) O: Purge NMethod: java.util.zip.ZipUtils.get32 (0x00007943f7458488) [0x00007943f7458580, 0x00007943f7458988] 
[1,931s][debug][gc,nmethod     ] GC(0) O: Purge NMethod: java.util.zip.Checksum.update (0x00007943f75e6288) [0x00007943f75e6380, 0x00007943f75e64f8] 
[1,931s][debug][gc,nmethod     ] GC(0) O: Purge NMethod: java.lang.Record.<init> (0x00007943f7455088) [0x00007943f7455180, 0x00007943f74552d8] 
[1,931s][debug][gc,nmethod     ] GC(0) O: Purge NMethod: java.nio.DirectByteBuffer.ix (0x00007943f74bfd08) [0x00007943f74bfe00, 0x00007943f74bff08] 
[1,931s][debug][gc,nmethod     ] GC(0) O: Purge NMethod: java.lang.String.isEmpty (0x00007943f7411608) [0x00007943f7411700, 0x00007943f7411888] 
[1,931s][debug][gc,nmethod     ] GC(0) O: Purge NMethod: java.lang.String.indexOf (0x00007943f751cd08) [0x00007943f751ce00, 0x00007943f751d900] 
[1,931s][debug][gc,nmethod     ] GC(0) O: Purge NMethod: jdk.internal.jimage.ImageStringsReader.unmaskedHashCode (0x00007943f751b088) [0x00007943f751b180, 0x00007943f751c380] 
[1,931s][debug][gc,nmethod     ] GC(0) O: Purge NMethod: java.util.HashMap.newNode (0x00007943f742b708) [0x00007943f742b800, 0x00007943f742bb80] 
[1,931s][debug][gc,nmethod     ] GC(0) O: Purge NMethod: java.util.Arrays.copyOfRange (0x00007943f7440688) [0x00007943f7440780, 0x00007943f7441a50] 
[1,931s][debug][gc,nmethod     ] GC(0) O: Purge NMethod: jdk.internal.classfile.impl.BufWriterImpl.writeU1U2 (0x00007943f74e8b88) [0x00007943f74e8c80, 0x00007943f74e9118] 
[1,931s][debug][gc,nmethod     ] GC(0) O: Purge NMethod: java.lang.String.<init> (0x0000794416c52308) [0x0000794416c52400, 0x0000794416c527e0] 
[1,931s][debug][gc,nmethod     ] GC(0) O: Purge NMethod: java.lang.StringLatin1.replace (0x00007943f7455388) [0x00007943f7455480, 0x00007943f7456520] 
[1,931s][debug][gc,nmethod     ] GC(0) O: Purge NMethod: java.lang.StringUTF16.getChar (0x00007943f7678b88) [0x00007943f7678c80, 0x00007943f7678de0] 
[1,931s][debug][gc,nmethod     ] GC(0) O: Purge NMethod: jdk.internal.util.ArraysSupport.hashCodeOfUnsigned (0x00007943f7404008) [0x00007943f7404100, 0x00007943f7404378] 
[1,931s][debug][gc,nmethod     ] GC(0) O: Purge NMethod: java.lang.Class.isArray (0x00007943f741ec88) [0x00007943f741ed80, 0x00007943f741ef00] 
[1,931s][debug][gc,nmethod     ] GC(0) O: Purge NMethod: java.util.concurrent.ConcurrentHashMap.get (0x0000794416c36b88) [0x0000794416c36c80, 0x0000794416c377b8] 
[1,931s][debug][gc,nmethod     ] GC(0) O: Purge NMethod: java.util.HashMap.resize (0x00007943f743e888) [0x00007943f743e9a0, 0x00007943f7440680] 
[1,931s][debug][gc,nmethod     ] GC(0) O: Purge NMethod: java.util.WeakHashMap.getTable (0x00007943f748a488) [0x00007943f748a580, 0x00007943f748a6f8] 
[1,931s][debug][gc,nmethod     ] GC(0) O: Purge NMethod: jdk.internal.classfile.impl.RawBytecodeHelper.opcode (0x00007943f744d088) [0x00007943f744d180, 0x00007943f744d288] 
[1,931s][debug][gc,nmethod     ] GC(0) O: Purge NMethod: java.util.BitSet.checkInvariants (0x00007943f752a908) [0x00007943f752aa00, 0x00007943f752ab30] 
[1,931s][debug][gc,nmethod     ] GC(0) O: Purge NMethod: java.lang.String.replace (0x00007943f746ba88) [0x00007943f746bb80, 0x00007943f746c088] 
[1,931s][debug][gc,nmethod     ] GC(0) O: Purge NMethod: java.lang.String.charAt (0x00007943f740e708) [0x00007943f740e800, 0x00007943f740ed90] 
[1,931s][debug][gc,nmethod     ] GC(0) O: Purge NMethod: jdk.internal.classfile.impl.SplitConstantPool.map (0x00007943f741a788) [0x00007943f741a8a0, 0x00007943f741bfa0] 
[1,931s][debug][gc,nmethod     ] GC(0) O: Purge NMethod: java.lang.Character.charCount (0x00007943f76afd88) [0x00007943f76afe80, 0x00007943f76affd0] 
[1,931s][debug][gc,nmethod     ] GC(0) O: Purge NMethod: java.lang.AbstractStringBuilder.isLatin1 (0x00007943f744e408) [0x00007943f744e500, 0x00007943f744e640] 
[1,931s][debug][gc,nmethod     ] GC(0) O: Purge NMethod: java.util.jar.JarFile.getJarEntry (0x00007943f74c2508) [0x00007943f74c2600, 0x00007943f74c2b00] 
[1,931s][debug][gc,nmethod     ] GC(0) O: Purge NMethod: jdk.internal.util.ReferencedKeyMap.removeStaleReferences (0x00007943f7419b88) [0x00007943f7419c80, 0x00007943f741a2a0] 
[1,931s][debug][gc,nmethod     ] GC(0) O: Purge NMethod: java.util.WeakHashMap.put (0x00007943f7535988) [0x00007943f7535a80, 0x00007943f75373c0] 
[1,931s][debug][gc,nmethod     ] GC(0) O: Purge NMethod: java.lang.String.equals (0x00007943f7407b08) [0x00007943f7407c00, 0x00007943f74082c0] 
[1,931s][debug][gc,nmethod     ] GC(0) O: Purge NMethod: java.util.stream.ReferencePipeline$2$1.accept (0x00007943f7427c88) [0x00007943f7427d80, 0x00007943f7428340] 
[1,931s][debug][gc,nmethod     ] GC(0) O: Purge NMethod: java.util.ArrayList$Itr.hasNext (0x00007943f757a708) [0x00007943f757a800, 0x00007943f757a990] 
[1,931s][debug][gc,nmethod     ] GC(0) O: Purge NMethod: java.util.stream.ReferencePipeline$3$1.accept (0x0000794416c6fb08) [0x0000794416c6fc00, 0x0000794416c708e0] 
[1,931s][debug][gc,nmethod     ] GC(0) O: Purge NMethod: sun.reflect.generics.parser.SignatureParser.current (0x00007943f75bd788) [0x00007943f75bd880, 0x00007943f75be690] 
[1,931s][debug][gc,nmethod     ] GC(0) O: Purge NMethod: java.util.Objects.requireNonNull (0x00007943f7422488) [0x00007943f7422580, 0x00007943f7422758] 
[1,931s][debug][gc,nmethod     ] GC(0) O: Purge NMethod: java.util.StringJoiner.checkAddLength (0x00007943f7777488) [0x00007943f7777580, 0x00007943f7778140] 
[1,931s][debug][gc,nmethod     ] GC(0) O: Purge NMethod: org.junit.platform.commons.util.Preconditions.notNull (0x00007943f780fb08) [0x00007943f780fc00, 0x00007943f780fe90] 
[1,931s][debug][gc,nmethod     ] GC(0) O: Purge NMethod: java.lang.reflect.Method.<init> (0x00007943f7757f88) [0x00007943f7758080, 0x00007943f77586f0] 
[1,931s][debug][gc,nmethod     ] GC(0) O: Purge NMethod: jdk.internal.classfile.impl.SplitConstantPool.internalAdd (0x00007943f7426108) [0x00007943f7426200, 0x00007943f7426fe8] 
[1,931s][debug][gc,nmethod     ] GC(0) O: Purge NMethod: java.util.Arrays.copyOf (0x00007943f7474088) [0x00007943f7474180, 0x00007943f7474548] 
[1,931s][debug][gc,nmethod     ] GC(0) O: Purge NMethod: java.lang.StringLatin1.regionMatchesCI (0x00007943f74c4d08) [0x00007943f74c4e00, 0x00007943f74c50a0] 
[1,931s][debug][gc,nmethod     ] GC(0) O: Purge NMethod: java.util.LinkedHashMap.<init> (0x00007943f7802288) [0x00007943f7802380, 0x00007943f78025b0] 
[1,931s][debug][gc,nmethod     ] GC(0) O: Purge NMethod: jdk.internal.loader.URLClassPath$JarLoader.ensureOpen (0x00007943f7480b08) [0x00007943f7480c00, 0x00007943f7480e68] 
[1,931s][debug][gc,nmethod     ] GC(0) O: Purge NMethod: java.util.HashMap.putVal (0x00007943f7436588) [0x00007943f7436680, 0x00007943f7438a10] 
[1,931s][debug][gc,nmethod     ] GC(0) O: Purge NMethod: java.lang.Integer.rotateLeft (0x00007943f7584508) [0x00007943f7584600, 0x00007943f75846f0] 
[1,931s][debug][gc,nmethod     ] GC(0) O: Purge NMethod: java.util.stream.ReduceOps$ReduceOp.evaluateSequential (0x00007943f77d4988) [0x00007943f77d4a80, 0x00007943f77d52a8] 
[1,931s][debug][gc,nmethod     ] GC(0) O: Purge NMethod: java.util.ArrayDeque.elementAt (0x00007943f74dd708) [0x00007943f74dd800, 0x00007943f74dd938] 
[1,931s][debug][gc,nmethod     ] GC(0) O: Purge NMethod: java.util.stream.Sink.end (0x00007943f77c5288) [0x00007943f77c5380, 0x00007943f77c5480] 
[1,931s][debug][gc,nmethod     ] GC(0) O: Purge NMethod: java.lang.String.isLatin1 (0x0000794416c09a08) [0x0000794416c09b00, 0x0000794416c09bc0] 
[1,931s][debug][gc,nmethod     ] GC(0) O: Purge NMethod: java.util.zip.ZipUtils.get16 (0x00007943f744fd88) [0x00007943f744fe80, 0x00007943f7450280] 
[1,931s][debug][gc,nmethod     ] GC(0) O: Purge NMethod: java.util.jar.JarFile.getJarEntry (0x0000794416c4c888) [0x0000794416c4c980, 0x0000794416c4df48] 
[1,931s][debug][gc,nmethod     ] GC(0) O: Purge NMethod: java.lang.String.hashCode (0x00007943f7417e88) [0x00007943f7417f80, 0x00007943f7418528] 
[1,931s][debug][gc,nmethod     ] GC(0) O: Purge NMethod: jdk.internal.misc.Unsafe.allocateUninitializedArray (0x00007943f7424508) [0x00007943f7424600, 0x00007943f7424bc8] 
[1,932s][debug][gc,nmethod     ] GC(0) O: Purge NMethod: java.lang.ref.Reference.<init> (0x00007943f746af88) [0x00007943f746b080, 0x00007943f746b318] 
[1,932s][debug][gc,nmethod     ] GC(0) O: Purge NMethod: java.lang.CharacterDataLatin1.getProperties (0x00007943f74e6e88) [0x00007943f74e6f80, 0x00007943f74e70b0] 
[1,932s][debug][gc,nmethod     ] GC(0) O: Purge NMethod: java.util.HashMap.putVal (0x0000794416bf7608) [0x0000794416bf7720, 0x0000794416bf8fe8] 
[1,932s][debug][gc,nmethod     ] GC(0) O: Purge NMethod: java.lang.ref.Reference.reachabilityFence (0x00007943f7477c88) [0x00007943f7477d80, 0x00007943f7477e60] 
[1,932s][debug][gc,nmethod     ] GC(0) O: Purge NMethod: java.lang.Class.getTypeName (0x00007943f77b4188) [0x00007943f77b4280, 0x00007943f77b7810] 
[1,932s][debug][gc,nmethod     ] GC(0) O: Purge NMethod: jdk.internal.classfile.impl.AbstractPoolEntry$Utf8EntryImpl.writeTo (0x00007943f7460708) [0x00007943f7460800, 0x00007943f7461010] 
[1,932s][debug][gc,nmethod     ] GC(0) O: Purge NMethod: jdk.internal.util.ArraysSupport.mismatch (0x0000794416c42b88) [0x0000794416c42c80, 0x0000794416c42f10] 
[1,932s][debug][gc,nmethod     ] GC(0) O: Purge NMethod: java.util.concurrent.ConcurrentHashMap.get (0x00007943f741c008) [0x00007943f741c100, 0x00007943f741d118] 
[1,932s][debug][gc,nmethod     ] GC(0) O: Purge NMethod: java.util.concurrent.ConcurrentHashMap.putVal (0x0000794416c32b08) [0x0000794416c32c00, 0x0000794416c33d00] 
[1,932s][debug][gc,nmethod     ] GC(0) O: Purge NMethod: java.lang.reflect.Executable$$Lambda/0x00000000a9118398.apply (0x00007943f77b8a88) [0x00007943f77b8b80, 0x00007943f77b8ec0] 
[1,932s][debug][gc,nmethod     ] GC(0) O: Purge NMethod: java.util.regex.Pattern$$Lambda/0x00000000a91110c0.is (0x00007943f7959e88) [0x00007943f7959f80, 0x00007943f795a1b8] 
[1,932s][debug][gc,nmethod     ] GC(0) O: Purge NMethod: java.lang.StringLatin1.indexOf (0x00007943f7411008) [0x00007943f7411100, 0x00007943f7411588] 
[1,932s][debug][gc,nmethod     ] GC(0) O: Purge NMethod: java.util.ImmutableCollections$SetN$SetNIterator.next (0x00007943f7414608) [0x00007943f7414700, 0x00007943f7414a68] 
[1,932s][debug][gc,nmethod     ] GC(0) O: Purge NMethod: jdk.internal.classfile.impl.SplitConstantPool.utf8Entry (0x00007943f7467188) [0x00007943f7467280, 0x00007943f7467d78] 
[1,932s][debug][gc,nmethod     ] GC(0) O: Purge NMethod: java.lang.AbstractStringBuilder.append (0x00007943f7490308) [0x00007943f7490400, 0x00007943f74908b8] 
[1,932s][debug][gc,nmethod     ] GC(0) O: Purge NMethod: java.util.LinkedHashMap.newNode (0x00007943f7527908) [0x00007943f7527a00, 0x00007943f7527be8] 
[1,932s][debug][gc,nmethod     ] GC(0) O: Purge NMethod: java.lang.StringLatin1.lastIndexOf (0x00007943f7411e08) [0x00007943f7411f00, 0x00007943f74122c8] 
[1,932s][debug][gc,nmethod     ] GC(0) O: Purge NMethod: java.util.HashMap.put (0x00007943f742bb88) [0x00007943f742bc80, 0x00007943f742c268] 
[1,932s][debug][gc,nmethod     ] GC(0) O: Purge NMethod: java.lang.String.charAt (0x00007943f7680d08) [0x00007943f7680e00, 0x00007943f7681538] 
[1,932s][debug][gc,nmethod     ] GC(0) O: Purge NMethod: java.util.stream.MatchOps$1MatchSink.accept (0x0000794416c74c08) [0x0000794416c74d00, 0x0000794416c75c48] 
[1,932s][debug][gc,nmethod     ] GC(0) O: Purge NMethod: java.lang.String.coder (0x00007943f7409708) [0x00007943f7409800, 0x00007943f7409928] 
[1,932s][debug][gc,nmethod     ] GC(0) O: Purge NMethod: java.util.StringJoiner.add (0x00007943f77af288) [0x00007943f77af380, 0x00007943f77b0b38] 
[1,932s][debug][gc,nmethod     ] GC(0) O: Purge NMethod: jdk.internal.loader.URLClassPath$JarLoader.getResource (0x0000794416c43608) [0x0000794416c43700, 0x0000794416c44df8] 
[1,932s][debug][gc,nmethod     ] GC(0) O: Purge NMethod: java.util.stream.SortedOps$SizedRefSortingSink.accept (0x00007943f7855d08) [0x00007943f7855e00, 0x00007943f7856208] 
[1,932s][debug][gc,nmethod     ] GC(0) O: Purge NMethod: jdk.internal.classfile.impl.RawBytecodeHelper.next (0x00007943f744c808) [0x00007943f744c900, 0x00007943f744d078] 
[1,932s][debug][gc,nmethod     ] GC(0) O: Purge NMethod: java.util.jar.JarFile.getJarEntry (0x00007943f7488a88) [0x00007943f7488b80, 0x00007943f7489428] 
[1,932s][debug][gc,nmethod     ] GC(0) O: Purge NMethod: java.util.ArrayList$ArrayListSpliterator.tryAdvance (0x00007943f7857b08) [0x00007943f7857c00, 0x00007943f78582e8] 
[1,932s][debug][gc,nmethod     ] GC(0) O: Purge NMethod: java.lang.AbstractStringBuilder.isLatin1 (0x00007943f7477588) [0x00007943f7477680, 0x00007943f7477840] 
[1,932s][debug][gc,nmethod     ] GC(0) O: Purge NMethod: java.lang.StringLatin1.getBytes (0x00007943f7464d88) [0x00007943f7464e80, 0x00007943f7465018] 
[1,932s][debug][gc,nmethod     ] GC(0) O: Purge NMethod: java.lang.String.<init> (0x00007943f7823788) [0x00007943f7823880, 0x00007943f7824440] 
[1,932s][debug][gc,nmethod     ] GC(0) O: Purge NMethod: java.util.zip.ZipFile$Source.isMetaName (0x00007943f7472d88) [0x00007943f7472e80, 0x00007943f74732e0] 
[1,932s][debug][gc,nmethod     ] GC(0) O: Purge NMethod: jdk.internal.classfile.impl.SplitConstantPool.entryByIndex (0x00007943f741fc88) [0x00007943f741fd80, 0x00007943f7421e30] 
[1,932s][debug][gc,nmethod     ] GC(0) O: Purge NMethod: java.util.regex.Pattern$Slice.match (0x0000794416c81d88) [0x0000794416c81e80, 0x0000794416c82160] 
[1,932s][debug][gc,nmethod     ] GC(0) O: Purge NMethod: java.lang.System$1.join (0x00007943f77b8f08) [0x00007943f77b9000, 0x00007943f77bd640] 
[1,932s][debug][gc,nmethod     ] GC(0) O: Purge NMethod: java.util.HashMap.put (0x0000794416c2f388) [0x0000794416c2f4a0, 0x0000794416c30cb0] 
[1,932s][debug][gc,nmethod     ] GC(0) O: Purge NMethod: java.util.zip.ZipUtils.CENHOW (0x00007943f7470608) [0x00007943f7470700, 0x00007943f7470810] 
[1,932s][debug][gc,nmethod     ] GC(0) O: Purge NMethod: java.util.HashMap.get (0x00007943f7433188) [0x00007943f7433280, 0x00007943f7433618] 
[1,932s][debug][gc,nmethod     ] GC(0) O: Purge NMethod: java.util.stream.AbstractPipeline.isParallel (0x00007943f7726508) [0x00007943f7726600, 0x00007943f7726738] 
[1,932s][debug][gc,nmethod     ] GC(0) O: Purge NMethod: java.lang.Class.isInterface (0x00007943f7511b08) [0x00007943f7511c00, 0x00007943f7511db8] 
[1,932s][debug][gc,nmethod     ] GC(0) O: Purge NMethod: java.util.HashMap.hash (0x00007943f7427808) [0x00007943f7427900, 0x00007943f7427c38] 
[1,932s][debug][gc,nmethod     ] GC(0) O: Purge NMethod: java.lang.Math.max (0x00007943f7447988) [0x00007943f7447a80, 0x00007943f7447ba8] 
[1,932s][debug][gc,nmethod     ] GC(0) O: Purge NMethod: java.util.BitSet.wordIndex (0x00007943f7529f88) [0x00007943f752a080, 0x00007943f752a168] 
[1,932s][debug][gc,nmethod     ] GC(0) O: Purge NMethod: jdk.internal.loader.URLClassPath$JarLoader.findResource (0x00007943f7684488) [0x00007943f7684580, 0x00007943f7684788] 
[1,932s][debug][gc,nmethod     ] GC(0) O: Purge NMethod: java.util.jar.JarFile.isMultiRelease (0x00007943f7485508) [0x00007943f7485600, 0x00007943f74857f8] 
[1,932s][debug][gc,nmethod     ] GC(0) O: Purge NMethod: java.lang.String.startsWith (0x0000794416c45b08) [0x0000794416c45c00, 0x0000794416c45ef8] 
[1,932s][debug][gc,nmethod     ] GC(0) O: Purge NMethod: java.lang.Class.cast (0x00007943f7562a88) [0x00007943f7562b80, 0x00007943f7562fd8] 
[1,932s][debug][gc,nmethod     ] GC(0) O: Purge NMethod: java.util.stream.ReduceOps$3ReducingSink.accept (0x0000794416c70908) [0x0000794416c70a00, 0x0000794416c717b8] 
[1,932s][debug][gc,nmethod     ] GC(0) O: Purge NMethod: jdk.internal.classfile.impl.BufWriterImpl.writeUtfEntry (0x00007943f7467d88) [0x00007943f7467e80, 0x00007943f746ac40] 
[1,932s][debug][gc,nmethod     ] GC(0) O: Purge NMethod: java.util.HashMap.getNode (0x00007943f742fb08) [0x00007943f742fc00, 0x00007943f7430f10] 
[1,932s][debug][gc,nmethod     ] GC(0) O: Purge NMethod: java.lang.StringBuilder.toString (0x00007943f7477f88) [0x00007943f7478080, 0x00007943f74784b8] 
[1,932s][debug][gc,nmethod     ] GC(0) O: Purge NMethod: java.util.jar.JarFile.getEntry (0x00007943f7489488) [0x00007943f7489580, 0x00007943f7489cc8] 
[1,932s][debug][gc,nmethod     ] GC(0) O: Purge NMethod: jdk.internal.misc.Unsafe.allocateUninitializedArray0 (0x00007943f7425308) [0x00007943f7425400, 0x00007943f7425c20] 
[1,932s][debug][gc,nmethod     ] GC(0) O: Purge NMethod: java.util.LinkedHashMap.afterNodeInsertion (0x00007943f7527588) [0x00007943f7527680, 0x00007943f7527888] 
[1,932s][debug][gc,nmethod     ] GC(0) O: Purge NMethod: java.lang.AbstractStringBuilder.needsNewBuffer (0x0000794416c1c888) [0x0000794416c1c980, 0x0000794416c1ca68] 
[1,932s][debug][gc,nmethod     ] GC(0) O: Purge NMethod: jdk.internal.misc.Unsafe.putReferenceRelease (0x00007943f746b388) [0x00007943f746b480, 0x00007943f746b5f8] 
[1,932s][debug][gc,nmethod     ] GC(0) O: Purge NMethod: jdk.internal.util.ArraysSupport.mismatch (0x00007943f7411908) [0x00007943f7411a00, 0x00007943f7411de0] 
[1,932s][debug][gc,nmethod     ] GC(0) O: Purge NMethod: java.lang.invoke.DirectMethodHandle$Holder.newInvokeSpecial (0x00007943f7755d08) [0x00007943f7755e00, 0x00007943f7756678] 
[1,932s][debug][gc,nmethod     ] GC(0) O: Purge NMethod: java.util.Spliterators$ArraySpliterator.forEachRemaining (0x00007943f77ca908) [0x00007943f77caa00, 0x00007943f77cafd0] 
[1,932s][debug][gc,nmethod     ] GC(0) O: Purge NMethod: java.util.ArrayList$Itr.next (0x00007943f757b308) [0x00007943f757b400, 0x00007943f757b9f0] 
[1,932s][debug][gc,nmethod     ] GC(0) O: Purge NMethod: java.lang.Class.getName (0x00007943f7454788) [0x00007943f7454880, 0x00007943f7454a30] 
[1,932s][debug][gc,nmethod     ] GC(0) O: Purge NMethod: java.lang.String.regionMatches (0x00007943f74c6808) [0x00007943f74c6900, 0x00007943f74c7cf8] 
[1,932s][debug][gc,nmethod     ] GC(0) O: Purge NMethod: java.nio.DirectLongBufferU.ix (0x00007943f7487d88) [0x00007943f7487e80, 0x00007943f7487f90] 
[1,932s][debug][gc,nmethod     ] GC(0) O: Purge NMethod: java.util.StringJoiner.add (0x0000794416c6d508) [0x0000794416c6d600, 0x0000794416c6dc60] 
[1,932s][debug][gc,nmethod     ] GC(0) O: Purge NMethod: java.lang.AbstractStringBuilder.append (0x00007943f744ea08) [0x00007943f744eb00, 0x00007943f744f750] 
[1,932s][debug][gc,nmethod     ] GC(0) O: Purge NMethod: jdk.internal.classfile.impl.RawBytecodeHelper.endBci (0x00007943f744c108) [0x00007943f744c200, 0x00007943f744c338] 
[1,932s][debug][gc,nmethod     ] GC(0) O: Purge NMethod: java.lang.CharacterData.of (0x00007943f74e7188) [0x00007943f74e7280, 0x00007943f74e79c0] 
[1,932s][debug][gc,nmethod     ] GC(0) O: Purge NMethod: java.util.zip.ZipFile$Source.isMetaName (0x00007943f7525088) [0x00007943f7525180, 0x00007943f75255e0] 
[1,932s][debug][gc,nmethod     ] GC(0) O: Purge NMethod: java.nio.DirectIntBufferU.ix (0x00007943f7681588) [0x00007943f7681680, 0x00007943f7681790] 
[1,932s][debug][gc,nmethod     ] GC(0) O: Purge NMethod: java.lang.invoke.MethodType.parameterCount (0x00007943f7422a88) [0x00007943f7422b80, 0x00007943f7422cb8] 
[1,932s][debug][gc,nmethod     ] GC(0) O: Purge NMethod: java.lang.invoke.MemberName.getReferenceKind (0x00007943f747ec08) [0x00007943f747ed00, 0x00007943f747ee10] 
[1,932s][debug][gc,nmethod     ] GC(0) O: Purge NMethod: java.io.BufferedInputStream.read (0x00007943f7454208) [0x00007943f7454300, 0x00007943f7454758] 
[1,932s][debug][gc,nmethod     ] GC(0) O: Purge NMethod: java.lang.StringCoding.countPositives (0x0000794416c02f08) [0x0000794416c03000, 0x0000794416c03388] 
[1,932s][debug][gc,nmethod     ] Register NMethod: java.util.HashMap.putVal (0x0000794416c96788) [0x0000794416c96880, 0x0000794416c977f0] Compiler: jvmci, Barriers: 45, Oops: 0, ImmediateOops: 0, NonImmediateOops: No
[1,932s][debug][gc,phases      ] GC(0) O: Concurrent Classes Purge 2,219ms
[1,932s][debug][gc,phases,start] GC(0) O: Concurrent References Enqueue
[1,932s][debug][gc,phases      ] GC(0) O: Concurrent References Enqueue 0,006ms
[1,932s][info ][gc,phases      ] GC(0) O: Concurrent Process Non-Strong 9,277ms
[1,932s][debug][gc,phases,start] GC(0) O: Concurrent Reset Relocation Set
[1,932s][info ][gc,phases      ] GC(0) O: Concurrent Reset Relocation Set 0,006ms
[1,932s][debug][gc,phases,start] GC(0) O: Concurrent Select Relocation Set
[1,932s][debug][gc,reloc       ] GC(0) O: Relocation Set (Medium Pages): 0->0, 0 skipped, 0 forwarding entries
[1,932s][debug][gc,reloc       ] GC(0) O: Relocation Set (Small Pages): 0->0, 0 skipped, 0 forwarding entries
[1,932s][debug][gc,task        ] GC(0) O: Executing ZRelocationSetInstallTask using ZWorkerOld with 1 workers
[1,932s][debug][gc,reloc       ] Synchronize all workers 1 _nworkers: 0 _nsynchronized: 0
[1,932s][info ][gc,phases      ] GC(0) O: Concurrent Select Relocation Set 0,139ms
[1,932s][debug][gc,phases,start] GC(0) O: Concurrent Remap Roots
[1,932s][debug][gc,reloc       ] Synchronize all workers 1 _nworkers: 0 _nsynchronized: 0
[1,932s][info ][gc,task        ] GC(0) O: Using 2 Workers for Old Generation
[1,933s][debug][gc,reloc       ] Desynchronize all workers _nworkers: 0 _nsynchronized: 0
[1,933s][debug][gc,reloc       ] Desynchronize all workers _nworkers: 0 _nsynchronized: 0
[1,933s][debug][gc,task        ] GC(0) O: Executing ZRemapYoungRootsTask using ZWorkerOld with 2 workers
[1,934s][info ][gc,task        ] GC(0) O: Using 1 Workers for Old Generation
[1,934s][info ][gc,phases      ] GC(0) O: Concurrent Remap Roots 1,303ms
[1,934s][debug][gc,reloc       ] Synchronize all workers 1 _nworkers: 0 _nsynchronized: 0
[1,934s][debug][gc,reloc       ] Synchronize all workers 1 _nworkers: 0 _nsynchronized: 0
[1,934s][debug][gc,phases,start] GC(0) O: Pause Relocate Start
[1,934s][debug][gc,reloc       ] GC(0) O: Joining workers: 1
[1,934s][info ][gc,phases      ] GC(0) O: Pause Relocate Start 0,032ms
[1,934s][debug][gc,reloc       ] Desynchronize all workers _nworkers: 1 _nsynchronized: 0
[1,934s][debug][gc,reloc       ] Desynchronize all workers _nworkers: 0 _nsynchronized: 0
[1,934s][debug][gc,phases,start] GC(0) O: Concurrent Relocate
[1,934s][debug][gc,task        ] GC(0) O: Executing ZRelocateStoreBufferInstallBasePointersTask using ZWorkerOld with 1 workers
[1,934s][debug][gc,task        ] GC(0) O: Executing ZRelocateTask using ZWorkerOld with 1 workers
[1,934s][debug][gc,reloc       ] GC(0) O: Leaving workers: left: 0 _synchronize: 0 _nsynchronized: 0
[1,934s][info ][gc,phases      ] GC(0) O: Concurrent Relocate 0,086ms
[1,934s][debug][gc,heap        ] GC(0) O: Heap After GC invocations=1 (full 1):
[1,934s][debug][gc,heap        ] GC(0) O:  ZHeap           used 52M, capacity 5120M, max capacity 12288M
[1,934s][debug][gc,heap        ] GC(0) O:   Cache          5068M (3)
[1,934s][debug][gc,heap        ] GC(0) O:    size classes  4M (1), 32M (1), 4G (1)
[1,934s][debug][gc,metaspace   ] GC(0) O: Metaspace After GC invocations=1 (full 1):
[1,934s][debug][gc,metaspace   ] GC(0) O:  Metaspace       used 22072K, committed 22336K, reserved 1114112K
[1,934s][debug][gc,metaspace   ] GC(0) O:   class space    used 1844K, committed 1984K, reserved 1048576K
[1,934s][debug][gc,nmethod     ] Register NMethod: java.util.Calendar.internalSet (0x00007943f7405808) [0x00007943f7405900, 0x00007943f7405a58] Compiler: c1, Barriers: 1, Oops: 0, ImmediateOops: 0, NonImmediateOops: No
[1,934s][info ][gc,alloc       ] GC(0) O:                         Mark Start        Mark End      Relocate Start    Relocate End   
[1,934s][info ][gc,alloc       ] GC(0) O: Allocation Stalls:          0                0                0                0         
[1,934s][info ][gc,load        ] GC(0) O: Load: 2,63 (13%) / 2,12 (11%) / 2,04 (10%)
[1,934s][info ][gc,mmu         ] GC(0) O: MMU: 2ms/95,2%, 5ms/98,1%, 10ms/99,0%, 20ms/99,3%, 50ms/99,6%, 100ms/99,8%
[1,934s][info ][gc,marking     ] GC(0) O: Mark: 1 stripe(s), 1 proactive flush(es), 1 terminate flush(es), 0 completion(s), 0 continuation(s) 
[1,934s][info ][gc,nmethod     ] GC(0) O: NMethods: 2292 registered, 282 unregistered
[1,934s][info ][gc,metaspace   ] GC(0) O: Metaspace: 21M used, 21M committed, 1088M reserved
[1,934s][info ][gc,ref         ] GC(0) O:                       Encountered   Discovered     Enqueued 
[1,934s][info ][gc,ref         ] GC(0) O: Soft References:             2761            0            0 
[1,934s][info ][gc,ref         ] GC(0) O: Weak References:             1536            0            0 
[1,934s][info ][gc,ref         ] GC(0) O: Final References:               0            0            0 
[1,934s][info ][gc,ref         ] GC(0) O: Phantom References:           422            0            0 
[1,934s][info ][gc,heap        ] GC(0) O: Min Capacity: 5120M(42%)
[1,934s][info ][gc,heap        ] GC(0) O: Max Capacity: 12288M(100%)
[1,934s][info ][gc,heap        ] GC(0) O: Soft Max Capacity: 12288M(100%)
[1,934s][info ][gc,heap        ] GC(0) O: Heap Statistics:
[1,934s][info ][gc,heap        ] GC(0) O:                Mark Start          Mark End        Relocate Start      Relocate End           High               Low         
[1,934s][info ][gc,heap        ] GC(0) O:  Capacity:     5120M (42%)        5120M (42%)        5120M (42%)        5120M (42%)        5120M (42%)        5120M (42%)    
[1,934s][info ][gc,heap        ] GC(0) O:      Free:    12180M (99%)       12238M (100%)      12236M (100%)      12236M (100%)      12238M (100%)      12172M (99%)    
[1,934s][info ][gc,heap        ] GC(0) O:      Used:      108M (1%)           50M (0%)           52M (0%)           52M (0%)          116M (1%)           50M (0%)     
[1,934s][info ][gc,heap        ] GC(0) O: Old Generation Statistics:
[1,934s][info ][gc,heap        ] GC(0) O:                Mark Start          Mark End        Relocate Start      Relocate End    
[1,934s][info ][gc,heap        ] GC(0) O:      Used:        0M (0%)            0M (0%)            0M (0%)            0M (0%)     
[1,934s][info ][gc,heap        ] GC(0) O:      Live:         -                 0M (0%)            0M (0%)            0M (0%)     
[1,934s][info ][gc,heap        ] GC(0) O:   Garbage:         -                 0M (0%)            0M (0%)            0M (0%)     
[1,934s][info ][gc,heap        ] GC(0) O: Allocated:         -                 0M (0%)            0M (0%)            0M (0%)     
[1,934s][info ][gc,heap        ] GC(0) O: Reclaimed:         -                  -                 0M (0%)            0M (0%)     
[1,934s][info ][gc,heap        ] GC(0) O: Compacted:         -                  -                  -                 0M (0%)     
[1,934s][info ][gc,phases      ] GC(0) O: Old Generation 50M(0%)->52M(0%) 0,012s
[1,934s][info ][gc             ] GC(0) Major Collection (Metadata GC Threshold) 108M(1%)->52M(0%) 0,034s
[1,935s][debug][gc,director    ] Rule Major: Warmup 10%, Used: 52MB, UsedThreshold: 1228MB
[1,935s][debug][gc,nmethod     ] Register NMethod: org.gradle.internal.io.StreamByteBuffer.access$000 (0x0000794416bfab88) [0x0000794416bfac80, 0x0000794416bfad50] Compiler: c1, Barriers: 1, Oops: 1, ImmediateOops: 0, NonImmediateOops: No
[1,936s][debug][gc,nmethod     ] Register NMethod: org.gradle.internal.io.StreamByteBuffer$StreamByteBufferChunk.spaceLeft (0x00007943f7408908) [0x00007943f7408a00, 0x00007943f7408b08] Compiler: c1, Barriers: 0, Oops: 1, ImmediateOops: 0, NonImmediateOops: No
[1,936s][debug][gc,nmethod     ] Register NMethod: org.gradle.internal.io.StreamByteBuffer$StreamByteBufferChunk.write (0x00007943f7409708) [0x00007943f7409800, 0x00007943f74099c8] Compiler: c1, Barriers: 1, Oops: 1, ImmediateOops: 0, NonImmediateOops: No
[1,936s][debug][gc,nmethod     ] Register NMethod: org.gradle.internal.io.StreamByteBuffer$StreamByteBufferOutputStream.write (0x00007943f7401d08) [0x00007943f7401e00, 0x00007943f7402050] Compiler: c1, Barriers: 3, Oops: 1, ImmediateOops: 0, NonImmediateOops: No
[1,936s][debug][gc,nmethod     ] Register NMethod: org.gradle.internal.io.LineBufferingOutputStream.endsWithLineSeparator (0x00007943f740db08) [0x00007943f740dc00, 0x00007943f740dd88] Compiler: c1, Barriers: 0, Oops: 1, ImmediateOops: 0, NonImmediateOops: No
[1,936s][debug][gc,nmethod     ] Register NMethod: org.gradle.internal.io.StreamByteBuffer.allocateSpace (0x00007943f744fd88) [0x00007943f744fe80, 0x00007943f7450668] Compiler: c1, Barriers: 9, Oops: 1, ImmediateOops: 0, NonImmediateOops: No
[1,936s][debug][gc,nmethod     ] Register NMethod: org.gradle.internal.io.LineBufferingOutputStream.write (0x00007943f77af288) [0x00007943f77af380, 0x00007943f77b0b68] Compiler: c1, Barriers: 4, Oops: 1, ImmediateOops: 2, NonImmediateOops: No
[1,938s][debug][gc,nmethod     ] Register NMethod: java.util.LinkedHashMap.get (0x0000794416c39208) [0x0000794416c39300, 0x0000794416c39ba8] Compiler: jvmci, Barriers: 12, Oops: 0, ImmediateOops: 0, NonImmediateOops: No
[1,945s][debug][gc,director    ] Rule Major: Warmup 10%, Used: 56MB, UsedThreshold: 1228MB
[1,945s][debug][gc,nmethod     ] Register NMethod: java.lang.StringUTF16.compress (0x0000794416c6d508) [0x0000794416c6d6c0, 0x0000794416c6db18] Compiler: jvmci, Barriers: 0, Oops: 0, ImmediateOops: 0, NonImmediateOops: No
[1,945s][debug][gc,nmethod     ] Register NMethod: org.gradle.internal.io.StreamByteBuffer$StreamByteBufferChunk.spaceLeft (0x0000794416c00208) [0x0000794416c00300, 0x0000794416c00388] Compiler: jvmci, Barriers: 0, Oops: 1, ImmediateOops: 0, NonImmediateOops: No
[1,947s][debug][gc,nmethod     ] Register NMethod: com.sun.org.apache.xerces.internal.xni.QName.clear (0x00007943f747d588) [0x00007943f747d680, 0x00007943f747d980] Compiler: c1, Barriers: 12, Oops: 0, ImmediateOops: 0, NonImmediateOops: No
[1,947s][debug][gc,nmethod     ] Register NMethod: com.sun.org.apache.xerces.internal.xni.QName.<init> (0x00007943f7428f08) [0x00007943f7429000, 0x00007943f74293c8] Compiler: c1, Barriers: 12, Oops: 0, ImmediateOops: 0, NonImmediateOops: No
[1,947s][debug][gc,nmethod     ] Register NMethod: java.lang.CharacterDataLatin1.digit (0x00007943f7404008) [0x00007943f7404100, 0x00007943f7404318] Compiler: c1, Barriers: 0, Oops: 0, ImmediateOops: 1, NonImmediateOops: No
[1,947s][debug][gc,nmethod     ] Register NMethod: java.lang.Character.digit (0x00007943f740bb08) [0x00007943f740bc00, 0x00007943f740bf30] Compiler: c1, Barriers: 0, Oops: 0, ImmediateOops: 0, NonImmediateOops: No
[1,948s][debug][gc,nmethod     ] Register NMethod: java.lang.Character.digit (0x00007943f7474088) [0x00007943f7474180, 0x00007943f7474508] Compiler: c1, Barriers: 0, Oops: 0, ImmediateOops: 0, NonImmediateOops: No
[1,955s][debug][gc,director    ] Rule Major: Warmup 10%, Used: 56MB, UsedThreshold: 1228MB
[1,955s][debug][gc,nmethod     ] Register NMethod: java.net.URL.<init> (0x0000794416c3ff08) [0x0000794416c40000, 0x0000794416c412b0] Compiler: jvmci, Barriers: 52, Oops: 1, ImmediateOops: 0, NonImmediateOops: No
[1,955s][debug][gc,nmethod     ] Register NMethod: java.lang.invoke.MethodType.methodType (0x00007943f740e108) [0x00007943f740e200, 0x00007943f740e3b0] Compiler: c1, Barriers: 0, Oops: 0, ImmediateOops: 2, NonImmediateOops: No
[1,956s][debug][gc,nmethod     ] Register NMethod: jdk.internal.loader.URLClassPath$JarLoader$1.getCodeSourceURL (0x0000794416c09a08) [0x0000794416c09b00, 0x0000794416c09c08] Compiler: jvmci, Barriers: 2, Oops: 0, ImmediateOops: 0, NonImmediateOops: No
[1,958s][debug][gc,nmethod     ] Register NMethod: java.lang.StringLatin1.inflate (0x00007943f7422a88) [0x00007943f7422b80, 0x00007943f7422d70] Compiler: c1, Barriers: 0, Oops: 0, ImmediateOops: 0, NonImmediateOops: No
[1,958s][debug][gc,nmethod     ] Register NMethod: java.lang.String.rangeCheck (0x00007943f7471208) [0x00007943f7471300, 0x00007943f7471568] Compiler: c1, Barriers: 0, Oops: 1, ImmediateOops: 1, NonImmediateOops: No
[1,959s][debug][gc,nmethod     ] Register NMethod: jdk.internal.loader.URLClassPath.getResource (0x0000794416c97808) [0x0000794416c97900, 0x0000794416c9a4e0] Compiler: jvmci, Barriers: 37, Oops: 2, ImmediateOops: 8, NonImmediateOops: No
[1,962s][debug][gc,nmethod     ] Register NMethod: java.lang.invoke.MethodHandle.linkToStatic (0x0000794416c1c888) [0x0000794416c1c980, 0x0000794416c1ca70] Compiler: , Barriers: 0, Oops: 0, ImmediateOops: 0, NonImmediateOops: No
[1,963s][debug][gc,nmethod     ] Register NMethod: java.lang.invoke.DirectMethodHandle.shouldBeInitialized (0x00007943f7486e08) [0x00007943f7486f00, 0x00007943f7488038] Compiler: c1, Barriers: 1, Oops: 1, ImmediateOops: 9, NonImmediateOops: No
[1,963s][debug][gc,nmethod     ] Register NMethod: java.lang.invoke.MethodHandle.linkToStatic (0x0000794416bfb488) [0x0000794416bfb580, 0x0000794416bfb670] Compiler: , Barriers: 0, Oops: 0, ImmediateOops: 0, NonImmediateOops: No
[1,964s][debug][gc,nmethod     ] Register NMethod: java.lang.invoke.MemberName$Factory.resolveOrNull (0x00007943f7471888) [0x00007943f7471980, 0x00007943f7471df8] Compiler: c1, Barriers: 1, Oops: 0, ImmediateOops: 0, NonImmediateOops: No
[1,964s][debug][gc,nmethod     ] Register NMethod: java.lang.invoke.MethodHandle.linkToStatic (0x0000794416c45b08) [0x0000794416c45c00, 0x0000794416c45cf0] Compiler: , Barriers: 0, Oops: 0, ImmediateOops: 0, NonImmediateOops: No
[1,965s][debug][gc,director    ] Rule Major: Warmup 10%, Used: 58MB, UsedThreshold: 1228MB
[1,966s][debug][gc,nmethod     ] Register NMethod: java.lang.invoke.MethodHandle.linkToSpecial (0x0000794416c81d88) [0x0000794416c81e80, 0x0000794416c81f78] Compiler: , Barriers: 0, Oops: 0, ImmediateOops: 0, NonImmediateOops: No
[1,966s][debug][gc,nmethod     ] Register NMethod: java.lang.invoke.MethodHandle.invokeBasic (0x0000794416c12608) [0x0000794416c12700, 0x0000794416c12998] Compiler: , Barriers: 0, Oops: 0, ImmediateOops: 0, NonImmediateOops: No
[1,966s][debug][gc,nmethod     ] Register NMethod: java.lang.invoke.MethodHandle.linkToSpecial (0x0000794416c02f08) [0x0000794416c03000, 0x0000794416c030f8] Compiler: , Barriers: 0, Oops: 0, ImmediateOops: 0, NonImmediateOops: No
[1,968s][debug][gc,nmethod     ] Register NMethod: java.lang.invoke.MethodHandle.linkToStatic (0x0000794416c2c808) [0x0000794416c2c900, 0x0000794416c2c9f0] Compiler: , Barriers: 0, Oops: 0, ImmediateOops: 0, NonImmediateOops: No
[1,968s][debug][gc,nmethod     ] Register NMethod: java.lang.Throwable.<init> (0x00007943f74e8888) [0x00007943f74e8980, 0x00007943f74e9140] Compiler: c1, Barriers: 13, Oops: 0, ImmediateOops: 3, NonImmediateOops: No
[1,969s][debug][gc,nmethod     ] Register NMethod: java.util.KeyValueHolder.<init> (0x00007943f7470608) [0x00007943f7470700, 0x00007943f7470bc8] Compiler: c1, Barriers: 6, Oops: 0, ImmediateOops: 0, NonImmediateOops: No
[1,971s][debug][gc,nmethod     ] Register NMethod: java.lang.invoke.MethodHandles$Lookup.resolveOrFail (0x00007943f7452b88) [0x00007943f7452c80, 0x00007943f7454a70] Compiler: c1, Barriers: 7, Oops: 1, ImmediateOops: 3, NonImmediateOops: No
[1,971s][debug][gc,nmethod     ] Register NMethod: java.lang.invoke.MethodHandle.asTypeCached (0x00007943f754b988) [0x00007943f754ba80, 0x00007943f754c1a0] Compiler: c1, Barriers: 4, Oops: 0, ImmediateOops: 0, NonImmediateOops: No
[1,971s][debug][gc,nmethod     ] Register NMethod: java.lang.invoke.MethodHandles$Lookup.getDirectMethodForConstant (0x00007943f7426108) [0x00007943f7426200, 0x00007943f7428320] Compiler: c1, Barriers: 0, Oops: 1, ImmediateOops: 4, NonImmediateOops: No
[1,973s][debug][gc,nmethod     ] Register NMethod: java.lang.invoke.MethodHandles$Lookup.canBeCached (0x00007943f741a788) [0x00007943f741a880, 0x00007943f741d0c0] Compiler: c1, Barriers: 8, Oops: 1, ImmediateOops: 1, NonImmediateOops: No
[1,974s][debug][gc,nmethod     ] Register NMethod: java.lang.invoke.MethodHandle.linkToStatic (0x0000794416c52308) [0x0000794416c52400, 0x0000794416c524f8] Compiler: , Barriers: 0, Oops: 0, ImmediateOops: 0, NonImmediateOops: No
[1,974s][debug][gc,nmethod     ] Register NMethod: java.lang.invoke.MethodHandle.linkToSpecial (0x0000794416be7a88) [0x0000794416be7b80, 0x0000794416be7c78] Compiler: , Barriers: 0, Oops: 0, ImmediateOops: 0, NonImmediateOops: No
[1,974s][debug][gc,nmethod     ] Register NMethod: java.lang.invoke.MethodHandle.invokeBasic (0x0000794416c42b88) [0x0000794416c42c80, 0x0000794416c42f18] Compiler: , Barriers: 0, Oops: 0, ImmediateOops: 0, NonImmediateOops: No
[1,974s][debug][gc,nmethod     ] Register NMethod: java.lang.invoke.MethodHandle.linkToSpecial (0x0000794416be7788) [0x0000794416be7880, 0x0000794416be7978] Compiler: , Barriers: 0, Oops: 0, ImmediateOops: 0, NonImmediateOops: No
[1,974s][debug][gc,nmethod     ] Register NMethod: java.lang.invoke.MethodHandle.linkToStatic (0x0000794416c42708) [0x0000794416c42800, 0x0000794416c428f8] Compiler: , Barriers: 0, Oops: 0, ImmediateOops: 0, NonImmediateOops: No
[1,974s][debug][gc,nmethod     ] Register NMethod: java.lang.invoke.LambdaForm.normalizeNames (0x00007943f742d708) [0x00007943f742d800, 0x00007943f742f498] Compiler: c1, Barriers: 14, Oops: 0, ImmediateOops: 0, NonImmediateOops: No
[1,975s][debug][gc,nmethod     ] Register NMethod: sun.invoke.util.Wrapper.isNumeric (0x00007943f742b008) [0x00007943f742b100, 0x00007943f742b250] Compiler: c1, Barriers: 0, Oops: 0, ImmediateOops: 0, NonImmediateOops: No
[1,975s][debug][gc,nmethod     ] Register NMethod: java.lang.invoke.InnerClassLambdaMetafactory.argName (0x00007943f784cc08) [0x00007943f784cd00, 0x00007943f784d990] Compiler: c1, Barriers: 1, Oops: 1, ImmediateOops: 3, NonImmediateOops: No
[1,975s][debug][gc,nmethod     ] Register NMethod: sun.invoke.util.Wrapper.isSingleWord (0x00007943f7439f88) [0x00007943f743a080, 0x00007943f743a1d0] Compiler: c1, Barriers: 0, Oops: 0, ImmediateOops: 0, NonImmediateOops: No
[1,975s][debug][gc,nmethod     ] Register NMethod: sun.invoke.util.Wrapper.isSubwordOrInt (0x00007943f752c908) [0x00007943f752ca00, 0x00007943f752d2e0] Compiler: c1, Barriers: 0, Oops: 0, ImmediateOops: 0, NonImmediateOops: No
[1,975s][debug][gc,nmethod     ] Register NMethod: sun.invoke.util.Wrapper.isIntegral (0x00007943f75bec08) [0x00007943f75bed00, 0x00007943f75bf0e8] Compiler: c1, Barriers: 0, Oops: 0, ImmediateOops: 0, NonImmediateOops: No
[1,975s][debug][gc,nmethod     ] Register NMethod: java.lang.invoke.MethodHandle.linkToSpecial (0x0000794416c37508) [0x0000794416c37600, 0x0000794416c376f8] Compiler: , Barriers: 0, Oops: 0, ImmediateOops: 0, NonImmediateOops: No
[1,975s][debug][gc,nmethod     ] Register NMethod: java.lang.invoke.MethodHandle.invokeBasic (0x0000794416c37108) [0x0000794416c37200, 0x0000794416c37498] Compiler: , Barriers: 0, Oops: 0, ImmediateOops: 0, NonImmediateOops: No
[1,975s][debug][gc,nmethod     ] Register NMethod: java.lang.invoke.MethodHandle.linkToSpecial (0x0000794416c36b88) [0x0000794416c36c80, 0x0000794416c36d78] Compiler: , Barriers: 0, Oops: 0, ImmediateOops: 0, NonImmediateOops: No
[1,975s][debug][gc,director    ] Rule Major: Warmup 10%, Used: 60MB, UsedThreshold: 1228MB
[1,976s][debug][gc,nmethod     ] Register NMethod: java.lang.invoke.MethodHandle.invokeBasic (0x0000794416bf6d88) [0x0000794416bf6e80, 0x0000794416bf7118] Compiler: , Barriers: 0, Oops: 0, ImmediateOops: 0, NonImmediateOops: No
[1,976s][debug][gc,nmethod     ] Register NMethod: java.lang.invoke.MethodHandle.linkToSpecial (0x0000794416bf6a88) [0x0000794416bf6b80, 0x0000794416bf6c78] Compiler: , Barriers: 0, Oops: 0, ImmediateOops: 0, NonImmediateOops: No
[1,982s][debug][gc,nmethod     ] Register NMethod: java.lang.invoke.MethodHandle.linkToInterface (0x0000794416bf6788) [0x0000794416bf6880, 0x0000794416bf69b0] Compiler: , Barriers: 0, Oops: 0, ImmediateOops: 0, NonImmediateOops: No
[1,983s][debug][gc,nmethod     ] Register NMethod: java.lang.Enum.equals (0x00007943f7444588) [0x00007943f7444680, 0x00007943f74447d0] Compiler: c1, Barriers: 0, Oops: 0, ImmediateOops: 0, NonImmediateOops: No
[1,984s][debug][gc,nmethod     ] Register NMethod: jdk.internal.classfile.impl.SplitConstantPool.utf8Entry (0x0000794416c4c888) [0x0000794416c4c9a0, 0x0000794416c4dde8] Compiler: jvmci, Barriers: 31, Oops: 0, ImmediateOops: 2, NonImmediateOops: No
[1,984s][debug][gc,nmethod     ] Register NMethod: sun.invoke.util.Wrapper.isDoubleWord (0x00007943f7445208) [0x00007943f7445300, 0x00007943f7445450] Compiler: c1, Barriers: 0, Oops: 0, ImmediateOops: 0, NonImmediateOops: No
[1,984s][debug][gc,nmethod     ] Register NMethod: jdk.internal.classfile.impl.StackMapGenerator.of (0x00007943f7455088) [0x00007943f7455180, 0x00007943f7456508] Compiler: c1, Barriers: 12, Oops: 0, ImmediateOops: 0, NonImmediateOops: No
[1,985s][debug][gc,nmethod     ] Register NMethod: java.lang.invoke.MethodHandle.linkToVirtual (0x0000794416bf6488) [0x0000794416bf6580, 0x0000794416bf65a8] Compiler: , Barriers: 0, Oops: 0, ImmediateOops: 0, NonImmediateOops: No
[1,985s][debug][gc,director    ] Rule Major: Warmup 10%, Used: 62MB, UsedThreshold: 1228MB
[1,985s][debug][gc,nmethod     ] Register NMethod: java.util.Arrays.fill (0x0000794416c75988) [0x0000794416c75a80, 0x0000794416c75c18] Compiler: jvmci, Barriers: 3, Oops: 0, ImmediateOops: 0, NonImmediateOops: No
[1,986s][debug][gc,nmethod     ] Register NMethod: jdk.internal.classfile.impl.AnnotationReader.writeAnnotation (0x00007943f7414608) [0x00007943f7414700, 0x00007943f7418500] Compiler: c1, Barriers: 5, Oops: 1, ImmediateOops: 3, NonImmediateOops: No
[1,986s][debug][gc,nmethod     ] Register NMethod: java.util.ImmutableCollections$ListN.get (0x0000794416c75688) [0x0000794416c75780, 0x0000794416c758c0] Compiler: jvmci, Barriers: 2, Oops: 0, ImmediateOops: 0, NonImmediateOops: No
[1,986s][debug][gc,nmethod     ] Register NMethod: java.lang.invoke.MethodHandle.linkToStatic (0x0000794416c75388) [0x0000794416c75480, 0x0000794416c75578] Compiler: , Barriers: 0, Oops: 0, ImmediateOops: 0, NonImmediateOops: No
[1,986s][debug][gc,nmethod     ] Register NMethod: java.lang.invoke.Invokers.callSiteForm (0x00007943f74c5188) [0x00007943f74c5280, 0x00007943f74c7cb8] Compiler: c1, Barriers: 23, Oops: 1, ImmediateOops: 5, NonImmediateOops: No
[1,987s][debug][gc,nmethod     ] Register NMethod: jdk.internal.classfile.impl.DirectCodeBuilder.parameterSlot (0x00007943f74c4d08) [0x00007943f74c4e00, 0x00007943f74c5140] Compiler: c1, Barriers: 1, Oops: 0, ImmediateOops: 0, NonImmediateOops: No
[1,987s][debug][gc,nmethod     ] Register NMethod: java.lang.invoke.MethodHandle.linkToSpecial (0x0000794416c75088) [0x0000794416c75180, 0x0000794416c75278] Compiler: , Barriers: 0, Oops: 0, ImmediateOops: 0, NonImmediateOops: No
[1,987s][debug][gc,nmethod     ] Register NMethod: java.lang.invoke.LambdaForm.returnType (0x00007943f7528708) [0x00007943f7528800, 0x00007943f7528a20] Compiler: c1, Barriers: 3, Oops: 0, ImmediateOops: 1, NonImmediateOops: No
[1,987s][debug][gc,nmethod     ] Register NMethod: jdk.internal.constant.PrimitiveClassDescImpl.isPrimitive (0x0000794416c74c08) [0x0000794416c74d00, 0x0000794416c74dc0] Compiler: c1, Barriers: 0, Oops: 0, ImmediateOops: 0, NonImmediateOops: No
[1,987s][debug][gc,nmethod     ] Register NMethod: java.lang.invoke.MethodHandle.invokeBasic (0x0000794416c33908) [0x0000794416c33a00, 0x0000794416c33c98] Compiler: , Barriers: 0, Oops: 0, ImmediateOops: 0, NonImmediateOops: No
[1,987s][debug][gc,nmethod     ] Register NMethod: java.lang.invoke.MethodHandle.linkToSpecial (0x0000794416c33608) [0x0000794416c33700, 0x0000794416c337f8] Compiler: , Barriers: 0, Oops: 0, ImmediateOops: 0, NonImmediateOops: No
[1,987s][debug][gc,nmethod     ] Register NMethod: jdk.internal.classfile.impl.StackMapGenerator$Frame.setLocalRawInternal (0x00007943f7631f88) [0x00007943f7632080, 0x00007943f7632990] Compiler: c1, Barriers: 6, Oops: 0, ImmediateOops: 0, NonImmediateOops: No
[1,988s][debug][gc,nmethod     ] Register NMethod: java.lang.invoke.MethodHandle.linkToStatic (0x0000794416c33308) [0x0000794416c33400, 0x0000794416c334f0] Compiler: , Barriers: 0, Oops: 0, ImmediateOops: 0, NonImmediateOops: No
[1,988s][debug][gc,nmethod     ] Register NMethod: java.lang.Short.<init> (0x00007943f7447188) [0x00007943f7447280, 0x00007943f7447440] Compiler: c1, Barriers: 0, Oops: 0, ImmediateOops: 0, NonImmediateOops: No
[1,988s][debug][gc,nmethod     ] Register NMethod: java.util.Arrays$ArrayItr.next (0x00007943f780fb08) [0x00007943f780fc00, 0x00007943f780fea0] Compiler: c1, Barriers: 2, Oops: 0, ImmediateOops: 0, NonImmediateOops: No
[1,988s][debug][gc,nmethod     ] Register NMethod: java.lang.invoke.InvokerBytecodeGenerator.emitReferenceCast (0x00007943f743e888) [0x00007943f743e980, 0x00007943f7441cd0] Compiler: c1, Barriers: 9, Oops: 3, ImmediateOops: 7, NonImmediateOops: No
[1,988s][debug][gc,nmethod     ] Register NMethod: java.lang.invoke.MethodHandle.linkToSpecial (0x0000794416c33008) [0x0000794416c33100, 0x0000794416c331f8] Compiler: , Barriers: 0, Oops: 0, ImmediateOops: 0, NonImmediateOops: No
[1,988s][debug][gc,nmethod     ] Register NMethod: java.lang.invoke.MethodHandle.invokeBasic (0x0000794416c32b08) [0x0000794416c32c00, 0x0000794416c32e98] Compiler: , Barriers: 0, Oops: 0, ImmediateOops: 0, NonImmediateOops: No
[1,988s][debug][gc,nmethod     ] Register NMethod: java.lang.invoke.MethodHandle.linkToSpecial (0x0000794416c4b908) [0x0000794416c4ba00, 0x0000794416c4baf8] Compiler: , Barriers: 0, Oops: 0, ImmediateOops: 0, NonImmediateOops: No
[1,988s][debug][gc,nmethod     ] Register NMethod: java.lang.invoke.MethodHandle.linkToNative (0x0000794416c4b608) [0x0000794416c4b700, 0x0000794416c4b710] Compiler: , Barriers: 0, Oops: 0, ImmediateOops: 0, NonImmediateOops: No
[1,990s][debug][gc,nmethod     ] Register NMethod: jdk.internal.classfile.impl.StackMapDecoder$1.compare (0x00007943f7810388) [0x00007943f7810480, 0x00007943f78110f0] Compiler: c1, Barriers: 4, Oops: 0, ImmediateOops: 0, NonImmediateOops: No
[1,990s][debug][gc,nmethod     ] Register NMethod: jdk.internal.classfile.impl.StackMapDecoder$1.compare (0x00007943f7413908) [0x00007943f7413a00, 0x00007943f74141c0] Compiler: c1, Barriers: 4, Oops: 0, ImmediateOops: 0, NonImmediateOops: No
[1,990s][debug][gc,nmethod     ] Register NMethod: jdk.internal.classfile.impl.StackMapGenerator.processBlock (0x0000794416c6fb08) [0x0000794416c6fc00, 0x0000794416c71f10] Compiler: jvmci, Barriers: 58, Oops: 3, ImmediateOops: 11, NonImmediateOops: No
[1,990s][debug][gc,nmethod     ] Register NMethod: java.lang.classfile.CodeBuilder.loadConstant (0x00007943f782aa08) [0x00007943f782ab00, 0x00007943f782dad8] Compiler: c1, Barriers: 14, Oops: 0, ImmediateOops: 0, NonImmediateOops: No
[1,991s][debug][gc,nmethod     ] Register NMethod: sun.invoke.util.Wrapper.basicClassDescriptor (0x0000794416c4b308) [0x0000794416c4b400, 0x0000794416c4b4e8] Compiler: c1, Barriers: 1, Oops: 0, ImmediateOops: 0, NonImmediateOops: No
[1,992s][debug][gc,nmethod     ] Register NMethod: java.lang.invoke.MethodHandle.linkToStatic (0x0000794416c4b008) [0x0000794416c4b100, 0x0000794416c4b1f0] Compiler: , Barriers: 0, Oops: 0, ImmediateOops: 0, NonImmediateOops: No
[1,994s][debug][gc,nmethod     ] Register NMethod: jdk.internal.classfile.impl.StackMapGenerator.detectFrames (0x00007943f7718608) [0x00007943f7718700, 0x00007943f771bd58] Compiler: c1, Barriers: 7, Oops: 1, ImmediateOops: 2, NonImmediateOops: No
[1,994s][debug][gc,nmethod     ] Register NMethod: jdk.internal.classfile.impl.DirectCodeBuilder$4.generateStackMaps (0x00007943f7755088) [0x00007943f7755180, 0x00007943f7755ca0] Compiler: c1, Barriers: 2, Oops: 0, ImmediateOops: 1, NonImmediateOops: No
[1,994s][debug][gc,nmethod     ] Register NMethod: jdk.internal.classfile.impl.StackMapGenerator$Frame.setLocal (0x00007943f7424508) [0x00007943f7424600, 0x00007943f7424bd8] Compiler: c1, Barriers: 2, Oops: 0, ImmediateOops: 6, NonImmediateOops: No
[1,994s][debug][gc,nmethod     ] Register NMethod: jdk.internal.classfile.impl.StackMapGenerator$Frame.merge (0x00007943f7957f88) [0x00007943f7958080, 0x00007943f7958938] Compiler: c1, Barriers: 5, Oops: 0, ImmediateOops: 0, NonImmediateOops: No
[1,994s][debug][gc,nmethod     ] Register NMethod: jdk.internal.classfile.impl.StackMapGenerator$Type.mergeFrom (0x00007943f7433188) [0x00007943f7433280, 0x00007943f7433d28] Compiler: c1, Barriers: 0, Oops: 0, ImmediateOops: 6, NonImmediateOops: No
[1,994s][debug][gc,nmethod     ] Register NMethod: jdk.internal.classfile.impl.SplitConstantPool.writeBootstrapMethods (0x00007943f787de08) [0x00007943f787df00, 0x00007943f787f2f0] Compiler: c1, Barriers: 2, Oops: 0, ImmediateOops: 0, NonImmediateOops: No
[1,995s][debug][gc,nmethod     ] Register NMethod: jdk.internal.classfile.impl.SplitConstantPool.writeBootstrapMethods (0x00007943f787de08) [0x00007943f787df00, 0x00007943f787f2f0] Compiler: c1, Barriers: 2, Oops: 0, ImmediateOops: 2, NonImmediateOops: No
[1,995s][debug][gc,nmethod     ] Register NMethod: jdk.internal.classfile.impl.SplitConstantPool.writeBootstrapMethods (0x00007943f787de08) [0x00007943f787df00, 0x00007943f787f2f0] Compiler: c1, Barriers: 2, Oops: 0, ImmediateOops: 2, NonImmediateOops: No
[1,995s][debug][gc,nmethod     ] Register NMethod: java.lang.invoke.MethodHandle.linkToStatic (0x0000794416c4ad08) [0x0000794416c4ae00, 0x0000794416c4aef8] Compiler: , Barriers: 0, Oops: 0, ImmediateOops: 0, NonImmediateOops: No
[1,995s][debug][gc,nmethod     ] Register NMethod: java.lang.invoke.MethodHandle.invokeBasic (0x0000794416c4a908) [0x0000794416c4aa00, 0x0000794416c4ac98] Compiler: , Barriers: 0, Oops: 0, ImmediateOops: 0, NonImmediateOops: No
[1,995s][debug][gc,nmethod     ] Register NMethod: java.lang.invoke.MethodHandle.linkToSpecial (0x0000794416c4a408) [0x0000794416c4a500, 0x0000794416c4a5f8] Compiler: , Barriers: 0, Oops: 0, ImmediateOops: 0, NonImmediateOops: No
[1,995s][debug][gc,director    ] Rule Major: Warmup 10%, Used: 62MB, UsedThreshold: 1228MB
[1,997s][debug][gc,nmethod     ] Register NMethod: java.lang.invoke.MethodHandle.linkToNative (0x0000794416c44b88) [0x0000794416c44c80, 0x0000794416c44c88] Compiler: , Barriers: 0, Oops: 0, ImmediateOops: 0, NonImmediateOops: No
[1,997s][debug][gc,nmethod     ] Register NMethod: jdk.internal.classfile.impl.UnboundAttribute$AdHocAttribute.writeTo (0x00007943f744b688) [0x00007943f744b780, 0x00007943f744d370] Compiler: c1, Barriers: 5, Oops: 0, ImmediateOops: 0, NonImmediateOops: No
[1,998s][debug][gc,nmethod     ] Register NMethod: java.util.Arrays.fill (0x0000794416c44808) [0x0000794416c44900, 0x0000794416c44b28] Compiler: jvmci, Barriers: 6, Oops: 0, ImmediateOops: 0, NonImmediateOops: No
[1,998s][debug][gc,nmethod     ] Register NMethod: jdk.internal.classfile.impl.TerminalCodeBuilder.setupTopLocal (0x00007943f77eb308) [0x00007943f77eb400, 0x00007943f77ed660] Compiler: c1, Barriers: 0, Oops: 1, ImmediateOops: 3, NonImmediateOops: No
[1,998s][debug][gc,nmethod     ] Register NMethod: java.lang.invoke.MethodHandle.linkToStatic (0x0000794416c44508) [0x0000794416c44600, 0x0000794416c446f0] Compiler: , Barriers: 0, Oops: 0, ImmediateOops: 0, NonImmediateOops: No
[1,998s][debug][gc,nmethod     ] Register NMethod: jdk.internal.classfile.impl.RawBytecodeHelper.isWide (0x00007943f7447988) [0x00007943f7447a80, 0x00007943f7447bd8] Compiler: c1, Barriers: 0, Oops: 0, ImmediateOops: 0, NonImmediateOops: No
[1,998s][debug][gc,nmethod     ] Register NMethod: jdk.internal.classfile.impl.DirectClassBuilder.setSuperclass (0x0000794416c44208) [0x0000794416c44300, 0x0000794416c44430] Compiler: c1, Barriers: 3, Oops: 0, ImmediateOops: 0, NonImmediateOops: No
[1,998s][debug][gc,nmethod     ] Register NMethod: jdk.internal.classfile.impl.RawBytecodeHelper.getIndex (0x00007943f7457e08) [0x00007943f7457f00, 0x00007943f7458a00] Compiler: c1, Barriers: 2, Oops: 0, ImmediateOops: 0, NonImmediateOops: No
[1,998s][debug][gc,nmethod     ] Register NMethod: jdk.internal.classfile.impl.ClassReaderImpl.readU1 (0x00007943f7767e88) [0x00007943f7767f80, 0x00007943f7768228] Compiler: c1, Barriers: 1, Oops: 0, ImmediateOops: 1, NonImmediateOops: No
[1,998s][debug][gc,nmethod     ] Register NMethod: jdk.internal.classfile.impl.BufWriterImpl.setLabelContext (0x0000794416c43f08) [0x0000794416c44020, 0x0000794416c44110] Compiler: jvmci, Barriers: 3, Oops: 0, ImmediateOops: 0, NonImmediateOops: No
[1,998s][debug][gc,nmethod     ] Register NMethod: java.lang.classfile.CodeBuilder.invoke (0x00007943f746f008) [0x00007943f746f100, 0x00007943f746fc90] Compiler: c1, Barriers: 0, Oops: 0, ImmediateOops: 0, NonImmediateOops: No
[1,999s][debug][gc,nmethod     ] Register NMethod: jdk.internal.classfile.impl.DirectCodeBuilder$4.writeBody (0x00007943f773d308) [0x00007943f773d400, 0x00007943f7741cb8] Compiler: c1, Barriers: 36, Oops: 1, ImmediateOops: 7, NonImmediateOops: No
[1,999s][debug][gc,nmethod     ] Register NMethod: jdk.internal.classfile.impl.RawBytecodeHelper.isStoreIntoLocal (0x0000794416c43c08) [0x0000794416c43d00, 0x0000794416c43d78] Compiler: jvmci, Barriers: 0, Oops: 0, ImmediateOops: 0, NonImmediateOops: No
[1,999s][debug][gc,nmethod     ] Register NMethod: java.lang.invoke.MethodHandle.invokeBasic (0x0000794416c43608) [0x0000794416c43700, 0x0000794416c43998] Compiler: , Barriers: 0, Oops: 0, ImmediateOops: 0, NonImmediateOops: No
[1,999s][debug][gc,nmethod     ] Register NMethod: java.lang.invoke.MethodHandle.linkToSpecial (0x0000794416c15208) [0x0000794416c15300, 0x0000794416c153f8] Compiler: , Barriers: 0, Oops: 0, ImmediateOops: 0, NonImmediateOops: No
[1,999s][debug][gc,nmethod     ] Register NMethod: java.lang.invoke.InvokerBytecodeGenerator.emitLoadInsn (0x00007943f77c3a08) [0x00007943f77c3b00, 0x00007943f77c3e70] Compiler: c1, Barriers: 1, Oops: 0, ImmediateOops: 0, NonImmediateOops: No
[1,999s][debug][gc,nmethod     ] Register NMethod: java.lang.invoke.InvokerBytecodeGenerator.emitPushArgument (0x00007943f7436588) [0x00007943f7436680, 0x00007943f7438a28] Compiler: c1, Barriers: 5, Oops: 0, ImmediateOops: 4, NonImmediateOops: No
[2,000s][debug][gc,nmethod     ] Register NMethod: jdk.internal.classfile.impl.StackMapGenerator$Frame.getLocal (0x00007943f74e1208) [0x00007943f74e1300, 0x00007943f74e1730] Compiler: c1, Barriers: 2, Oops: 0, ImmediateOops: 0, NonImmediateOops: No
[2,000s][debug][gc,nmethod     ] Register NMethod: java.lang.invoke.MethodHandle.linkToNative (0x0000794416c14f08) [0x0000794416c15000, 0x0000794416c15008] Compiler: , Barriers: 0, Oops: 0, ImmediateOops: 0, NonImmediateOops: No
[2,001s][debug][gc,nmethod     ] Register NMethod: jdk.internal.classfile.impl.StackMapGenerator$Type.isCategory2_2nd (0x00007943f7450988) [0x00007943f7450a80, 0x00007943f7450c10] Compiler: c1, Barriers: 0, Oops: 0, ImmediateOops: 2, NonImmediateOops: No
[2,001s][debug][gc,nmethod     ] Register NMethod: java.lang.invoke.MethodHandle.linkToStatic (0x0000794416c14c08) [0x0000794416c14d00, 0x0000794416c14df0] Compiler: , Barriers: 0, Oops: 0, ImmediateOops: 0, NonImmediateOops: No
[2,001s][debug][gc,nmethod     ] Register NMethod: jdk.internal.classfile.impl.ClassReaderImpl.readU2 (0x00007943f7525088) [0x00007943f7525180, 0x00007943f7525458] Compiler: c1, Barriers: 1, Oops: 0, ImmediateOops: 1, NonImmediateOops: No
[2,001s][debug][gc,nmethod     ] Register NMethod: java.lang.invoke.InvokerBytecodeGenerator.emitStoreResult (0x00007943f7418888) [0x00007943f7418980, 0x00007943f74191c8] Compiler: c1, Barriers: 3, Oops: 0, ImmediateOops: 1, NonImmediateOops: No
[2,001s][debug][gc,nmethod     ] Register NMethod: java.lang.invoke.MethodHandle.invokeBasic (0x0000794416c14808) [0x0000794416c14900, 0x0000794416c14b98] Compiler: , Barriers: 0, Oops: 0, ImmediateOops: 0, NonImmediateOops: No
[2,001s][debug][gc,nmethod     ] Register NMethod: java.lang.invoke.MethodHandle.linkToSpecial (0x0000794416c14508) [0x0000794416c14600, 0x0000794416c146f8] Compiler: , Barriers: 0, Oops: 0, ImmediateOops: 0, NonImmediateOops: No
[2,001s][debug][gc,nmethod     ] Register NMethod: jdk.internal.util.DecimalDigits.uncheckedGetCharsLatin1 (0x00007943f7562a88) [0x00007943f7562b80, 0x00007943f7562f40] Compiler: c1, Barriers: 0, Oops: 0, ImmediateOops: 0, NonImmediateOops: No
[2,001s][debug][gc,nmethod     ] Register NMethod: java.lang.invoke.InvokerBytecodeGenerator.methodDesc (0x00007943f77b2788) [0x00007943f77b2880, 0x00007943f77b3988] Compiler: c1, Barriers: 19, Oops: 1, ImmediateOops: 1, NonImmediateOops: No
[2,002s][debug][gc,nmethod     ] Register NMethod: jdk.internal.classfile.impl.StackMapGenerator.cpIndexToType (0x00007943f743de88) [0x00007943f743df80, 0x00007943f743e540] Compiler: c1, Barriers: 0, Oops: 0, ImmediateOops: 1, NonImmediateOops: No
[2,002s][debug][gc,nmethod     ] Register NMethod: java.lang.classfile.CodeBuilder.checkcast (0x00007943f799f008) [0x00007943f799f100, 0x00007943f799f820] Compiler: c1, Barriers: 0, Oops: 0, ImmediateOops: 0, NonImmediateOops: No
[2,002s][debug][gc,nmethod     ] Register NMethod: java.lang.invoke.InvokerBytecodeGenerator.emitStaticInvoke (0x00007943f7859988) [0x00007943f7859a80, 0x00007943f785c100] Compiler: c1, Barriers: 9, Oops: 0, ImmediateOops: 2, NonImmediateOops: No
[2,002s][debug][gc,nmethod     ] Register NMethod: java.lang.Long.valueOf (0x00007943f7855d08) [0x00007943f7855e00, 0x00007943f7856140] Compiler: c1, Barriers: 1, Oops: 0, ImmediateOops: 1, NonImmediateOops: No
[2,002s][debug][gc,nmethod     ] Register NMethod: java.lang.invoke.MethodHandle.linkToNative (0x0000794416c14208) [0x0000794416c14300, 0x0000794416c14308] Compiler: , Barriers: 0, Oops: 0, ImmediateOops: 0, NonImmediateOops: No
[2,003s][debug][gc,nmethod     ] Register NMethod: java.util.Collections$EmptyList.size (0x0000794416c13f08) [0x0000794416c14000, 0x0000794416c140c0] Compiler: c1, Barriers: 0, Oops: 0, ImmediateOops: 0, NonImmediateOops: No
[2,003s][debug][gc,nmethod     ] Register NMethod: jdk.internal.classfile.impl.SplitConstantPool.maybeCloneUtf8Entry (0x0000794416c30688) [0x0000794416c30780, 0x0000794416c30cc0] Compiler: jvmci, Barriers: 20, Oops: 0, ImmediateOops: 1, NonImmediateOops: No
[2,003s][debug][gc,nmethod     ] Register NMethod: jdk.internal.classfile.impl.BufWriterImpl.writeU1 (0x0000794416c30108) [0x0000794416c30200, 0x0000794416c30620] Compiler: jvmci, Barriers: 4, Oops: 0, ImmediateOops: 0, NonImmediateOops: No
[2,003s][debug][gc,nmethod     ] Register NMethod: java.lang.invoke.MethodHandle.invokeBasic (0x0000794416c2fd08) [0x0000794416c2fe00, 0x0000794416c30098] Compiler: , Barriers: 0, Oops: 0, ImmediateOops: 0, NonImmediateOops: No
[2,003s][debug][gc,nmethod     ] Register NMethod: java.lang.invoke.MethodHandle.linkToSpecial (0x0000794416c13c08) [0x0000794416c13d00, 0x0000794416c13df8] Compiler: , Barriers: 0, Oops: 0, ImmediateOops: 0, NonImmediateOops: No
[2,003s][debug][gc,nmethod     ] Register NMethod: jdk.internal.classfile.impl.UnboundAttribute$UnboundRuntimeVisibleAnnotationsAttribute.annotations (0x0000794416c2fa08) [0x0000794416c2fb00, 0x0000794416c2fbe8] Compiler: c1, Barriers: 1, Oops: 0, ImmediateOops: 0, NonImmediateOops: No
[2,004s][debug][gc,nmethod     ] Register NMethod: jdk.internal.classfile.impl.DirectCodeBuilder.storeLocal (0x00007943f748aa88) [0x00007943f748ab80, 0x00007943f748ca08] Compiler: c1, Barriers: 5, Oops: 0, ImmediateOops: 2, NonImmediateOops: No
[2,004s][debug][gc,nmethod     ] Register NMethod: jdk.internal.classfile.impl.UnboundAttribute.writeTo (0x00007943f7490308) [0x00007943f7490400, 0x00007943f7490848] Compiler: c1, Barriers: 2, Oops: 0, ImmediateOops: 0, NonImmediateOops: No
[2,004s][debug][gc,nmethod     ] Register NMethod: jdk.internal.classfile.impl.DirectMethodBuilder.with (0x00007943f7465f88) [0x00007943f7466080, 0x00007943f7466e60] Compiler: c1, Barriers: 2, Oops: 0, ImmediateOops: 0, NonImmediateOops: No
[2,004s][debug][gc,nmethod     ] Register NMethod: java.lang.invoke.MethodHandle.intrinsicName (0x00007943f7464d88) [0x00007943f7464e80, 0x00007943f7464f88] Compiler: c1, Barriers: 0, Oops: 0, ImmediateOops: 1, NonImmediateOops: No
[2,004s][debug][gc,nmethod     ] Register NMethod: jdk.internal.classfile.impl.DirectMethodBuilder.with (0x00007943f751b088) [0x00007943f751b180, 0x00007943f751c3a0] Compiler: c1, Barriers: 2, Oops: 0, ImmediateOops: 0, NonImmediateOops: No
[2,004s][debug][gc,nmethod     ] Register NMethod: jdk.internal.classfile.impl.UnboundAttribute$UnboundSourceFileAttribute.sourceFile (0x0000794416c2f708) [0x0000794416c2f800, 0x0000794416c2f8e8] Compiler: c1, Barriers: 1, Oops: 0, ImmediateOops: 0, NonImmediateOops: No
[2,004s][debug][gc,nmethod     ] Register NMethod: java.lang.Class.getClassData (0x0000794416c2f388) [0x0000794416c2f480, 0x0000794416c2f568] Compiler: c1, Barriers: 1, Oops: 0, ImmediateOops: 0, NonImmediateOops: No
[2,004s][debug][gc,nmethod     ] Register NMethod: java.lang.invoke.MethodHandle.invokeBasic (0x0000794416bf8c08) [0x0000794416bf8d00, 0x0000794416bf8f98] Compiler: , Barriers: 0, Oops: 0, ImmediateOops: 0, NonImmediateOops: No
[2,004s][debug][gc,nmethod     ] Register NMethod: java.lang.invoke.MethodHandle.linkToSpecial (0x0000794416bf8908) [0x0000794416bf8a00, 0x0000794416bf8af8] Compiler: , Barriers: 0, Oops: 0, ImmediateOops: 0, NonImmediateOops: No
[2,005s][debug][gc,nmethod     ] Register NMethod: java.lang.invoke.InvokerBytecodeGenerator.emitStoreInsn (0x00007943f741f308) [0x00007943f741f400, 0x00007943f741f770] Compiler: c1, Barriers: 1, Oops: 0, ImmediateOops: 0, NonImmediateOops: No
[2,005s][debug][gc,nmethod     ] Register NMethod: java.lang.invoke.BootstrapMethodInvoker.invoke (0x00007943f7936008) [0x00007943f7936100, 0x00007943f793ff18] Compiler: c1, Barriers: 54, Oops: 0, ImmediateOops: 10, NonImmediateOops: No
[2,005s][debug][gc,nmethod     ] Register NMethod: java.lang.invoke.MethodHandle.invokeBasic (0x0000794416bf8508) [0x0000794416bf8600, 0x0000794416bf8898] Compiler: , Barriers: 0, Oops: 0, ImmediateOops: 0, NonImmediateOops: No
[2,005s][debug][gc,nmethod     ] Register NMethod: java.lang.invoke.MethodHandle.linkToSpecial (0x0000794416bf8208) [0x0000794416bf8300, 0x0000794416bf83f8] Compiler: , Barriers: 0, Oops: 0, ImmediateOops: 0, NonImmediateOops: No
[2,006s][debug][gc,director    ] Rule Major: Warmup 10%, Used: 66MB, UsedThreshold: 1228MB
[2,006s][debug][gc,nmethod     ] Register NMethod: java.util.Arrays.fill (0x0000794416bf7e08) [0x0000794416bf7f00, 0x0000794416bf8198] Compiler: jvmci, Barriers: 3, Oops: 0, ImmediateOops: 0, NonImmediateOops: No
[2,006s][debug][gc,nmethod     ] Register NMethod: java.lang.String.<init> (0x00007943f7527588) [0x00007943f7527680, 0x00007943f75279c0] Compiler: c1, Barriers: 0, Oops: 1, ImmediateOops: 1, NonImmediateOops: No
[2,006s][debug][gc,nmethod     ] Register NMethod: java.lang.invoke.MethodHandle.invokeBasic (0x0000794416bf7a08) [0x0000794416bf7b00, 0x0000794416bf7d98] Compiler: , Barriers: 0, Oops: 0, ImmediateOops: 0, NonImmediateOops: No
[2,006s][debug][gc,nmethod     ] Register NMethod: java.lang.invoke.MethodHandle.linkToSpecial (0x0000794416bf7608) [0x0000794416bf7700, 0x0000794416bf77f8] Compiler: , Barriers: 0, Oops: 0, ImmediateOops: 0, NonImmediateOops: No
[2,007s][debug][gc,nmethod     ] Register NMethod: jdk.internal.classfile.impl.StackMapGenerator.processBlock (0x00007943f79f5508) [0x00007943f79f5600, 0x00007943f7a254a0] Compiler: c1, Barriers: 294, Oops: 4, ImmediateOops: 159, NonImmediateOops: No
[2,007s][debug][gc,nmethod     ] Register NMethod: java.lang.invoke.MethodHandle.invokeBasic (0x0000794416c9a508) [0x0000794416c9a600, 0x0000794416c9a898] Compiler: , Barriers: 0, Oops: 0, ImmediateOops: 0, NonImmediateOops: No
[2,007s][debug][gc,nmethod     ] Register NMethod: java.lang.invoke.MethodHandle.linkToSpecial (0x0000794416c9a908) [0x0000794416c9aa00, 0x0000794416c9aaf8] Compiler: , Barriers: 0, Oops: 0, ImmediateOops: 0, NonImmediateOops: No
[2,008s][debug][gc,nmethod     ] Register NMethod: java.util.concurrent.CopyOnWriteArrayList.getArray (0x0000794416c9ac08) [0x0000794416c9ad00, 0x0000794416c9ade8] Compiler: c1, Barriers: 1, Oops: 0, ImmediateOops: 0, NonImmediateOops: No
[2,008s][debug][gc,nmethod     ] Register NMethod: sun.invoke.util.Wrapper.basicTypeChar (0x0000794416c9af08) [0x0000794416c9b000, 0x0000794416c9b0c8] Compiler: c1, Barriers: 0, Oops: 0, ImmediateOops: 0, NonImmediateOops: No
[2,008s][debug][gc,nmethod     ] Register NMethod: sun.invoke.util.Wrapper.forBasicType (0x00007943f754db88) [0x00007943f754dc80, 0x00007943f754e0f8] Compiler: c1, Barriers: 0, Oops: 0, ImmediateOops: 19, NonImmediateOops: No
[2,008s][debug][gc,nmethod     ] Register NMethod: java.util.stream.ReferencePipeline$3.opWrapSink (0x0000794416c9b208) [0x0000794416c9b300, 0x0000794416c9b560] Compiler: jvmci, Barriers: 5, Oops: 0, ImmediateOops: 0, NonImmediateOops: No
[2,008s][debug][gc,nmethod     ] Register NMethod: java.lang.invoke.InvokerBytecodeGenerator.isStaticallyNameable (0x00007943f745d608) [0x00007943f745d700, 0x00007943f745ed50] Compiler: c1, Barriers: 3, Oops: 1, ImmediateOops: 5, NonImmediateOops: No
[2,008s][debug][gc,nmethod     ] Register NMethod: jdk.internal.misc.Unsafe.getUnsafe (0x00007943f7479a88) [0x00007943f7479b80, 0x00007943f7479c68] Compiler: c1, Barriers: 0, Oops: 0, ImmediateOops: 1, NonImmediateOops: No
[2,008s][debug][gc,nmethod     ] Register NMethod: java.lang.invoke.VarHandleReferences$FieldInstanceReadWrite.set (0x00007943f746af88) [0x00007943f746b080, 0x00007943f746c0a8] Compiler: c1, Barriers: 5, Oops: 1, ImmediateOops: 0, NonImmediateOops: No
[2,008s][debug][gc,nmethod     ] Register NMethod: java.util.concurrent.ConcurrentLinkedDeque$Node.<init> (0x00007943f747ec08) [0x00007943f747ed00, 0x00007943f747ee58] Compiler: c1, Barriers: 0, Oops: 0, ImmediateOops: 0, NonImmediateOops: No
[2,008s][debug][gc,nmethod     ] Register NMethod: jdk.internal.misc.Unsafe.addressSize (0x00007943f748a488) [0x00007943f748a580, 0x00007943f748a688] Compiler: c1, Barriers: 0, Oops: 0, ImmediateOops: 0, NonImmediateOops: No
[2,008s][debug][gc,nmethod     ] Register NMethod: jdk.internal.foreign.AbstractMemorySegmentImpl.<init> (0x00007943f748fd08) [0x00007943f748fe00, 0x00007943f748ffe0] Compiler: c1, Barriers: 3, Oops: 0, ImmediateOops: 0, NonImmediateOops: No
[2,008s][debug][gc,nmethod     ] Register NMethod: jdk.internal.foreign.AbstractMemorySegmentImpl.asSlice (0x00007943f7759c08) [0x00007943f7759d00, 0x00007943f7759ff8] Compiler: c1, Barriers: 0, Oops: 0, ImmediateOops: 0, NonImmediateOops: No
[2,008s][debug][gc,nmethod     ] Register NMethod: jdk.internal.foreign.NativeMemorySegmentImpl.<init> (0x00007943f782f988) [0x00007943f782fa80, 0x00007943f782ff48] Compiler: c1, Barriers: 3, Oops: 0, ImmediateOops: 1, NonImmediateOops: No
[2,008s][debug][gc,nmethod     ] Register NMethod: jdk.internal.foreign.AbstractMemorySegmentImpl.checkBounds (0x00007943f7856c88) [0x00007943f7856d80, 0x00007943f7857010] Compiler: c1, Barriers: 0, Oops: 0, ImmediateOops: 0, NonImmediateOops: No
[2,008s][debug][gc,nmethod     ] Register NMethod: jdk.internal.foreign.AbstractMemorySegmentImpl.asSlice (0x00007943f757b308) [0x00007943f757b400, 0x00007943f757b8f8] Compiler: c1, Barriers: 0, Oops: 0, ImmediateOops: 0, NonImmediateOops: No
[2,008s][debug][gc,nmethod     ] Register NMethod: jdk.internal.util.Preconditions.checkIndex (0x00007943f74bfd08) [0x00007943f74bfe00, 0x00007943f74bff90] Compiler: c1, Barriers: 0, Oops: 0, ImmediateOops: 0, NonImmediateOops: No
[2,009s][debug][gc,nmethod     ] Register NMethod: jdk.internal.foreign.AbstractMemorySegmentImpl.asSliceNoCheck (0x00007943f7636408) [0x00007943f7636500, 0x00007943f7636840] Compiler: c1, Barriers: 1, Oops: 0, ImmediateOops: 0, NonImmediateOops: No
[2,009s][debug][gc,nmethod     ] Register NMethod: java.util.concurrent.ConcurrentLinkedDeque.offer (0x00007943f74c1c08) [0x00007943f74c1d00, 0x00007943f74c1e98] Compiler: c1, Barriers: 0, Oops: 0, ImmediateOops: 0, NonImmediateOops: No
[2,009s][debug][gc,nmethod     ] Register NMethod: jdk.internal.foreign.NativeMemorySegmentImpl.dup (0x00007943f77ca908) [0x00007943f77caa00, 0x00007943f77caf98] Compiler: c1, Barriers: 3, Oops: 0, ImmediateOops: 1, NonImmediateOops: No
[2,009s][debug][gc,nmethod     ] Register NMethod: jdk.internal.foreign.NativeMemorySegmentImpl.dup (0x00007943f750dc88) [0x00007943f750dd80, 0x00007943f750e378] Compiler: c1, Barriers: 3, Oops: 0, ImmediateOops: 1, NonImmediateOops: No
[2,009s][debug][gc,nmethod     ] Register NMethod: java.util.concurrent.ConcurrentLinkedDeque.offerLast (0x00007943f74dd708) [0x00007943f74dd800, 0x00007943f74dd938] Compiler: c1, Barriers: 0, Oops: 0, ImmediateOops: 0, NonImmediateOops: No
[2,009s][debug][gc,nmethod     ] Register NMethod: jdk.internal.misc.Unsafe.weakCompareAndSetReference (0x00007943f7511b08) [0x00007943f7511c00, 0x00007943f7511d80] Compiler: c1, Barriers: 5, Oops: 0, ImmediateOops: 0, NonImmediateOops: No
[2,009s][debug][gc,nmethod     ] Register NMethod: java.lang.invoke.VarHandleGuards.guard_LL_V (0x00007943f740e708) [0x00007943f740e800, 0x00007943f74133e8] Compiler: c1, Barriers: 46, Oops: 1, ImmediateOops: 6, NonImmediateOops: No
[2,009s][debug][gc,nmethod     ] Register NMethod: java.util.concurrent.ConcurrentLinkedDeque.newNode (0x00007943f745fd88) [0x00007943f745fe80, 0x00007943f7461050] Compiler: c1, Barriers: 3, Oops: 6, ImmediateOops: 7, NonImmediateOops: No
[2,009s][debug][gc,nmethod     ] Register NMethod: java.lang.invoke.VarForm.getMemberName (0x0000794416c9b588) [0x0000794416c9b680, 0x0000794416c9b840] Compiler: jvmci, Barriers: 2, Oops: 0, ImmediateOops: 0, NonImmediateOops: No
[2,009s][debug][gc,nmethod     ] Register NMethod: java.lang.invoke.VarHandleReferences$FieldInstanceReadWrite.weakCompareAndSet (0x00007943f7488388) [0x00007943f7488480, 0x00007943f7489bb8] Compiler: c1, Barriers: 2, Oops: 1, ImmediateOops: 1, NonImmediateOops: No
[2,010s][debug][gc,nmethod     ] Register NMethod: java.util.concurrent.ConcurrentLinkedDeque.linkLast (0x00007943f760e408) [0x00007943f760e500, 0x00007943f76135f8] Compiler: c1, Barriers: 16, Oops: 13, ImmediateOops: 33, NonImmediateOops: No
[2,011s][debug][gc,nmethod     ] Register NMethod: java.lang.invoke.VarHandle.checkAccessModeThenIsDirect (0x0000794416c9b888) [0x0000794416c9b980, 0x0000794416c9bee0] Compiler: jvmci, Barriers: 15, Oops: 0, ImmediateOops: 2, NonImmediateOops: No
[2,012s][debug][gc,nmethod     ] Register NMethod: java.lang.invoke.VarHandleReferences$FieldInstanceReadWrite.set (0x0000794416c9bf08) [0x0000794416c9c000, 0x0000794416c9c598] Compiler: jvmci, Barriers: 5, Oops: 0, ImmediateOops: 0, NonImmediateOops: No
[2,013s][debug][gc,nmethod     ] Register NMethod: jdk.internal.foreign.AbstractMemorySegmentImpl.asSlice (0x0000794416c9c608) [0x0000794416c9c700, 0x0000794416c9c8e8] Compiler: jvmci, Barriers: 3, Oops: 0, ImmediateOops: 0, NonImmediateOops: No
[2,016s][debug][gc,director    ] Rule Major: Warmup 10%, Used: 70MB, UsedThreshold: 1228MB
[2,016s][debug][gc,nmethod     ] Register NMethod: java.util.concurrent.ConcurrentLinkedDeque.offer (0x0000794416c9c908) [0x0000794416c9ca00, 0x0000794416c9cdd8] Compiler: jvmci, Barriers: 18, Oops: 1, ImmediateOops: 0, NonImmediateOops: No
[2,016s][debug][gc,nmethod     ] Register NMethod: java.lang.invoke.VarHandleGuards.guard_LLL_Z (0x0000794416c9ce08) [0x0000794416c9cf20, 0x0000794416c9d7f8] Compiler: jvmci, Barriers: 26, Oops: 0, ImmediateOops: 5, NonImmediateOops: No
[2,017s][debug][gc,nmethod     ] Register NMethod: io.sirix.cache.LinuxMemorySegmentAllocator.partitionVirtualRegion (0x00007943f7783688) [0x00007943f7783780, 0x00007943f7784700] Compiler: c1, Barriers: 7, Oops: 4, ImmediateOops: 5, NonImmediateOops: No
[2,017s][debug][gc,nmethod     ] Register NMethod: jdk.internal.foreign.AbstractMemorySegmentImpl.asSlice (0x0000794416c9d808) [0x0000794416c9d900, 0x0000794416c9dae8] Compiler: jvmci, Barriers: 3, Oops: 0, ImmediateOops: 0, NonImmediateOops: No
[2,018s][debug][gc,nmethod     ] Register NMethod: io.sirix.cache.LinuxMemorySegmentAllocator.partitionVirtualRegion (0x00007943f74c0808) [0x00007943f74c0900, 0x00007943f74c1718] Compiler: c1, Barriers: 7, Oops: 4, ImmediateOops: 5, NonImmediateOops: No
[2,018s][debug][gc,nmethod     ] Register NMethod: java.util.concurrent.ConcurrentLinkedDeque.linkLast (0x0000794416c9db08) [0x0000794416c9dc00, 0x0000794416c9dfd8] Compiler: jvmci, Barriers: 18, Oops: 1, ImmediateOops: 0, NonImmediateOops: No
[2,019s][debug][gc,nmethod     ] Register NMethod: jdk.internal.foreign.AbstractMemorySegmentImpl.asSliceNoCheck (0x0000794416c9e008) [0x0000794416c9e100, 0x0000794416c9e278] Compiler: jvmci, Barriers: 3, Oops: 0, ImmediateOops: 0, NonImmediateOops: No
[2,022s][debug][gc,nmethod     ] Register NMethod: jdk.internal.foreign.NativeMemorySegmentImpl.dup (0x0000794416c9e308) [0x0000794416c9e420, 0x0000794416c9e570] Compiler: jvmci, Barriers: 2, Oops: 0, ImmediateOops: 0, NonImmediateOops: No
[2,022s][debug][gc,nmethod     ] Register NMethod: jdk.internal.misc.Unsafe.weakCompareAndSetReference (0x0000794416c9e608) [0x0000794416c9e700, 0x0000794416c9e7f0] Compiler: jvmci, Barriers: 5, Oops: 0, ImmediateOops: 0, NonImmediateOops: No
[2,026s][debug][gc,director    ] Rule Major: Warmup 10%, Used: 100MB, UsedThreshold: 1228MB
[2,028s][debug][gc,nmethod     ] Register NMethod: io.sirix.cache.LinuxMemorySegmentAllocator.partitionVirtualRegion (0x0000794416c9e908) [0x0000794416c9ea00, 0x0000794416c9f968] Compiler: jvmci, Barriers: 57, Oops: 3, ImmediateOops: 0, NonImmediateOops: No
[2,036s][debug][gc,alloc       ] Mutator Allocation Rate: 206,0MB/s Predicted: 264,0MB/s, Avg: 177,0(+/-29,0)MB/s
[2,036s][debug][gc,director    ] Rule Major: Warmup 10%, Used: 132MB, UsedThreshold: 1228MB
[2,046s][debug][gc,director    ] Rule Major: Warmup 10%, Used: 164MB, UsedThreshold: 1228MB
[2,052s][debug][gc,nmethod     ] Register NMethod: io.sirix.cache.LinuxMemorySegmentAllocator.partitionVirtualRegion (0x0000794416c9f988) [0x0000794416c9fa80, 0x0000794416ca0bc0] Compiler: jvmci, Barriers: 60, Oops: 10, ImmediateOops: 2, NonImmediateOops: No
[2,057s][debug][gc,director    ] Rule Major: Warmup 10%, Used: 198MB, UsedThreshold: 1228MB
[2,061s][debug][gc,nmethod     ] Register NMethod: io.sirix.cache.LinuxMemorySegmentAllocator.partitionVirtualRegion (0x0000794416ca0c88) [0x0000794416ca0d80, 0x0000794416ca1be8] Compiler: jvmci, Barriers: 43, Oops: 12, ImmediateOops: 2, NonImmediateOops: No
[2,067s][debug][gc,director    ] Rule Major: Warmup 10%, Used: 226MB, UsedThreshold: 1228MB
[2,070s][debug][gc,nmethod     ] Register NMethod: java.lang.invoke.InnerClassLambdaMetafactory$3.accept (0x00007943f7462988) [0x00007943f7462a80, 0x00007943f7464808] Compiler: c1, Barriers: 13, Oops: 0, ImmediateOops: 4, NonImmediateOops: No
[2,072s][debug][gc,nmethod     ] Register NMethod: java.lang.invoke.InnerClassLambdaMetafactory.convertArgumentTypes (0x00007943f744e108) [0x00007943f744e200, 0x00007943f744f718] Compiler: c1, Barriers: 11, Oops: 0, ImmediateOops: 1, NonImmediateOops: No
[2,073s][debug][gc,nmethod     ] Register NMethod: java.lang.invoke.InnerClassLambdaMetafactory$6.accept (0x00007943f7467188) [0x00007943f7467280, 0x00007943f746aba8] Compiler: c1, Barriers: 30, Oops: 2, ImmediateOops: 7, NonImmediateOops: No
[2,077s][debug][gc,director    ] Rule Major: Warmup 10%, Used: 226MB, UsedThreshold: 1228MB
[2,078s][debug][gc,nmethod     ] Register NMethod: java.lang.invoke.MethodHandle.linkToSpecial (0x0000794416ca1c88) [0x0000794416ca1d80, 0x0000794416ca1e78] Compiler: , Barriers: 0, Oops: 0, ImmediateOops: 0, NonImmediateOops: No
[2,078s][debug][gc,nmethod     ] Register NMethod: java.lang.invoke.MethodHandle.invokeBasic (0x0000794416ca1f88) [0x0000794416ca2080, 0x0000794416ca2318] Compiler: , Barriers: 0, Oops: 0, ImmediateOops: 0, NonImmediateOops: No
[2,078s][debug][gc,nmethod     ] Register NMethod: java.lang.invoke.MethodHandle.linkToSpecial (0x0000794416ca2388) [0x0000794416ca2480, 0x0000794416ca2578] Compiler: , Barriers: 0, Oops: 0, ImmediateOops: 0, NonImmediateOops: No
[2,079s][debug][gc,nmethod     ] Register NMethod: java.lang.invoke.InvokerBytecodeGenerator.emitReferenceCast (0x00007943f742f808) [0x00007943f742f900, 0x00007943f7431468] Compiler: c1, Barriers: 2, Oops: 1, ImmediateOops: 6, NonImmediateOops: No
[2,083s][debug][gc,nmethod     ] Register NMethod: java.lang.invoke.MethodHandle.linkToStatic (0x0000794416ca2688) [0x0000794416ca2780, 0x0000794416ca2870] Compiler: , Barriers: 0, Oops: 0, ImmediateOops: 0, NonImmediateOops: No
[2,085s][debug][gc,alloc       ] Mutator Allocation Rate: 293,5MB/s Predicted: 361,4MB/s, Avg: 215,9(+/-59,8)MB/s
[2,085s][debug][gc,director    ] Rule Major: Warmup 10%, Used: 228MB, UsedThreshold: 1228MB
[2,086s][debug][gc,nmethod     ] Register NMethod: jdk.internal.classfile.impl.Util.paramSlotSize (0x00007943f7684488) [0x00007943f7684580, 0x00007943f76847b0] Compiler: c1, Barriers: 0, Oops: 0, ImmediateOops: 2, NonImmediateOops: No
[2,086s][debug][gc,nmethod     ] Register NMethod: java.lang.invoke.DirectMethodHandle$Holder.newInvokeSpecial (0x00007943f741e608) [0x00007943f741e700, 0x00007943f741ef70] Compiler: c1, Barriers: 2, Oops: 0, ImmediateOops: 1, NonImmediateOops: No
[2,088s][debug][gc,nmethod     ] Register NMethod: java.lang.Object.<init> (0x0000794416ca2988) [0x0000794416ca2a80, 0x0000794416ca2b38] Compiler: jvmci, Barriers: 0, Oops: 0, ImmediateOops: 0, NonImmediateOops: No
[2,088s][debug][gc,nmethod     ] Register NMethod: java.lang.invoke.DirectMethodHandle$Constructor.viewAsType (0x00007943f7758308) [0x00007943f7758400, 0x00007943f77586a0] Compiler: c1, Barriers: 4, Oops: 0, ImmediateOops: 0, NonImmediateOops: No
[2,093s][debug][gc,nmethod     ] Register NMethod: sun.net.util.IPAddressUtil.checkHostString (0x0000794416ca2c88) [0x0000794416ca2d80, 0x0000794416ca2ee8] Compiler: jvmci, Barriers: 1, Oops: 0, ImmediateOops: 0, NonImmediateOops: No
[2,095s][debug][gc,director    ] Rule Major: Warmup 10%, Used: 260MB, UsedThreshold: 1228MB
[2,100s][debug][gc,nmethod     ] Register NMethod: java.lang.invoke.MemberName.equals (0x00007943f7474f08) [0x00007943f7475000, 0x00007943f7476e10] Compiler: c1, Barriers: 4, Oops: 0, ImmediateOops: 0, NonImmediateOops: No
[2,102s][debug][gc,nmethod     ] Register NMethod: java.lang.invoke.TypeConvertingMethodAdapter.convertType (0x00007943f7a25508) [0x00007943f7a25600, 0x00007943f7a2a938] Compiler: c1, Barriers: 0, Oops: 3, ImmediateOops: 31, NonImmediateOops: No
[2,103s][debug][gc,nmethod     ] Register NMethod: java.lang.Math.clamp (0x0000794416ca2f88) [0x0000794416ca3080, 0x0000794416ca3130] Compiler: jvmci, Barriers: 0, Oops: 0, ImmediateOops: 0, NonImmediateOops: No
[2,105s][debug][gc,nmethod     ] Register NMethod: java.lang.String.indexOf (0x0000794416ca3288) [0x0000794416ca3380, 0x0000794416ca3658] Compiler: jvmci, Barriers: 2, Oops: 0, ImmediateOops: 0, NonImmediateOops: No
[2,105s][debug][gc,director    ] Rule Major: Warmup 10%, Used: 260MB, UsedThreshold: 1228MB
[2,106s][debug][gc,nmethod     ] Register NMethod: jdk.internal.classfile.impl.SplitConstantPool.findEntry (0x0000794416ca3688) [0x0000794416ca37a0, 0x0000794416ca4058] Compiler: jvmci, Barriers: 10, Oops: 0, ImmediateOops: 0, NonImmediateOops: No
[2,108s][debug][gc,nmethod     ] Register NMethod: sun.net.www.ParseUtil.encodePath (0x0000794416ca4088) [0x0000794416ca4180, 0x0000794416ca4600] Compiler: jvmci, Barriers: 1, Oops: 0, ImmediateOops: 0, NonImmediateOops: No
[2,108s][debug][gc,nmethod     ] Register NMethod: jdk.internal.reflect.Reflection.filter (0x00007943f7477588) [0x00007943f7477680, 0x00007943f7478f70] Compiler: c1, Barriers: 6, Oops: 0, ImmediateOops: 1, NonImmediateOops: No
[2,110s][debug][gc,nmethod     ] Register NMethod: java.lang.Class.getPackageName (0x0000794416ca4608) [0x0000794416ca4700, 0x0000794416ca4da8] Compiler: jvmci, Barriers: 9, Oops: 0, ImmediateOops: 1, NonImmediateOops: No
[2,113s][debug][gc,nmethod     ] Register NMethod: sun.nio.fs.UnixPath.<init> (0x00007943f7757f88) [0x00007943f7758080, 0x00007943f77582c8] Compiler: c1, Barriers: 6, Oops: 0, ImmediateOops: 0, NonImmediateOops: No
[2,116s][debug][gc,nmethod     ] Register NMethod: java.lang.invoke.MethodTypeForm.canonicalize (0x0000794416ca4e08) [0x0000794416ca4f00, 0x0000794416ca5028] Compiler: jvmci, Barriers: 0, Oops: 0, ImmediateOops: 1, NonImmediateOops: No
[2,116s][debug][gc,director    ] Rule Major: Warmup 10%, Used: 262MB, UsedThreshold: 1228MB
[2,116s][debug][gc,nmethod     ] Register NMethod: sun.nio.fs.UnixPath.toUnixPath (0x00007943f7407b08) [0x00007943f7407c00, 0x00007943f7408280] Compiler: c1, Barriers: 0, Oops: 0, ImmediateOops: 0, NonImmediateOops: No
[2,116s][debug][gc,nmethod     ] Register NMethod: java.lang.invoke.MethodHandle.linkToStatic (0x0000794416ca5108) [0x0000794416ca5200, 0x0000794416ca52f0] Compiler: , Barriers: 0, Oops: 0, ImmediateOops: 0, NonImmediateOops: No
[2,117s][debug][gc,nmethod     ] Register NMethod: java.lang.invoke.MethodHandle.linkToSpecial (0x0000794416ca5408) [0x0000794416ca5500, 0x0000794416ca55f8] Compiler: , Barriers: 0, Oops: 0, ImmediateOops: 0, NonImmediateOops: No
[2,117s][debug][gc,nmethod     ] Register NMethod: java.lang.invoke.MethodHandle.invokeBasic (0x0000794416ca5708) [0x0000794416ca5800, 0x0000794416ca5a98] Compiler: , Barriers: 0, Oops: 0, ImmediateOops: 0, NonImmediateOops: No
[2,117s][debug][gc,nmethod     ] Register NMethod: java.lang.invoke.MethodHandle.linkToSpecial (0x0000794416ca5b08) [0x0000794416ca5c00, 0x0000794416ca5cf8] Compiler: , Barriers: 0, Oops: 0, ImmediateOops: 0, NonImmediateOops: No
[2,117s][debug][gc,nmethod     ] Register NMethod: java.lang.invoke.MemberName.getFactory (0x00007943f7529f88) [0x00007943f752a080, 0x00007943f752a168] Compiler: c1, Barriers: 0, Oops: 0, ImmediateOops: 1, NonImmediateOops: No
[2,117s][debug][gc,nmethod     ] Register NMethod: java.nio.Buffer.hasRemaining (0x00007943f752a908) [0x00007943f752aa00, 0x00007943f752ab50] Compiler: c1, Barriers: 0, Oops: 0, ImmediateOops: 0, NonImmediateOops: No
[2,117s][debug][gc,nmethod     ] Register NMethod: java.lang.StringBuilder.length (0x0000794416ca5e08) [0x0000794416ca5f00, 0x0000794416ca5f88] Compiler: jvmci, Barriers: 0, Oops: 0, ImmediateOops: 0, NonImmediateOops: No
[2,117s][debug][gc,nmethod     ] Register NMethod: java.nio.ByteBuffer.arrayOffset (0x00007943f7474a08) [0x00007943f7474b00, 0x00007943f7474de0] Compiler: c1, Barriers: 1, Oops: 0, ImmediateOops: 0, NonImmediateOops: No
[2,118s][debug][gc,nmethod     ] Register NMethod: java.nio.CharBuffer.arrayOffset (0x00007943f7759108) [0x00007943f7759200, 0x00007943f77594e0] Compiler: c1, Barriers: 1, Oops: 0, ImmediateOops: 0, NonImmediateOops: No
[2,118s][debug][gc,nmethod     ] Register NMethod: java.nio.charset.CoderResult.isUnderflow (0x00007943f7571388) [0x00007943f7571480, 0x00007943f75715d0] Compiler: c1, Barriers: 0, Oops: 0, ImmediateOops: 0, NonImmediateOops: No
[2,118s][debug][gc,nmethod     ] Register NMethod: java.nio.Buffer.capacity (0x0000794416ca6108) [0x0000794416ca6200, 0x0000794416ca62c0] Compiler: c1, Barriers: 0, Oops: 0, ImmediateOops: 0, NonImmediateOops: No
[2,118s][debug][gc,nmethod     ] Register NMethod: sun.invoke.util.VerifyAccess.getClassModifiers (0x00007943f7425308) [0x00007943f7425400, 0x00007943f7425be0] Compiler: c1, Barriers: 1, Oops: 0, ImmediateOops: 0, NonImmediateOops: No
[2,118s][debug][gc,nmethod     ] Register NMethod: sun.nio.fs.UnixPath.getFileSystem (0x00007943f7577688) [0x00007943f7577780, 0x00007943f75778d8] Compiler: c1, Barriers: 1, Oops: 0, ImmediateOops: 0, NonImmediateOops: No
[2,119s][debug][gc,nmethod     ] Register NMethod: java.util.Arrays.copyOf (0x0000794416ca6408) [0x0000794416ca6500, 0x0000794416ca6ae8] Compiler: jvmci, Barriers: 1, Oops: 0, ImmediateOops: 2, NonImmediateOops: No
[2,126s][debug][gc,director    ] Rule Major: Warmup 10%, Used: 262MB, UsedThreshold: 1228MB
[2,132s][debug][gc,nmethod     ] Register NMethod: java.util.WeakHashMap.expungeStaleEntries (0x0000794416ca6b08) [0x0000794416ca6c00, 0x0000794416ca6d38] Compiler: jvmci, Barriers: 2, Oops: 0, ImmediateOops: 0, NonImmediateOops: No
[2,132s][debug][gc,nmethod     ] Register NMethod: java.util.WeakHashMap.hash (0x0000794416ca6e08) [0x0000794416ca6f00, 0x0000794416ca7050] Compiler: jvmci, Barriers: 0, Oops: 0, ImmediateOops: 0, NonImmediateOops: No
[2,134s][debug][gc,nmethod     ] Register NMethod: java.util.Locale.getDefault (0x00007943f757a708) [0x00007943f757a800, 0x00007943f757a928] Compiler: c1, Barriers: 1, Oops: 0, ImmediateOops: 1, NonImmediateOops: No
[2,135s][debug][gc,nmethod     ] Register NMethod: java.lang.String.toLowerCase (0x00007943f7755d08) [0x00007943f7755e00, 0x00007943f7756568] Compiler: c1, Barriers: 3, Oops: 0, ImmediateOops: 1, NonImmediateOops: No
[2,136s][debug][gc,director    ] Rule Major: Warmup 10%, Used: 264MB, UsedThreshold: 1228MB
[2,136s][debug][gc,nmethod     ] Register NMethod: java.util.zip.Inflater.ensureOpen (0x0000794416ca7108) [0x0000794416ca7200, 0x0000794416ca7308] Compiler: jvmci, Barriers: 1, Oops: 0, ImmediateOops: 0, NonImmediateOops: No
[2,137s][debug][gc,nmethod     ] Register NMethod: com.google.protobuf.GeneratedMessageV3$Builder.onChanged (0x00007943f77d4e08) [0x00007943f77d4f00, 0x00007943f77d52a0] Compiler: c1, Barriers: 1, Oops: 1, ImmediateOops: 0, NonImmediateOops: No
[2,137s][debug][gc,nmethod     ] Register NMethod: java.nio.CharBuffer.position (0x00007943f77d4988) [0x00007943f77d4a80, 0x00007943f77d4de0] Compiler: c1, Barriers: 0, Oops: 0, ImmediateOops: 0, NonImmediateOops: No
[2,137s][debug][gc,nmethod     ] Register NMethod: java.lang.StringCoding.implEncodeAsciiArray (0x00007943f7802288) [0x00007943f7802380, 0x00007943f78025a8] Compiler: c1, Barriers: 0, Oops: 0, ImmediateOops: 0, NonImmediateOops: No
[2,137s][debug][gc,nmethod     ] Register NMethod: java.lang.Float.floatToRawIntBits (0x0000794416ca7408) [0x0000794416ca7500, 0x0000794416ca7658] Compiler: , Barriers: 0, Oops: 0, ImmediateOops: 1, NonImmediateOops: No
[2,138s][debug][gc,nmethod     ] Register NMethod: java.nio.charset.CharsetEncoder.maxBytesPerChar (0x0000794416ca7708) [0x0000794416ca7800, 0x0000794416ca78c0] Compiler: c1, Barriers: 0, Oops: 0, ImmediateOops: 0, NonImmediateOops: No
[2,138s][debug][gc,nmethod     ] Register NMethod: java.nio.CharBuffer.position (0x00007943f7584508) [0x00007943f7584600, 0x00007943f7584748] Compiler: c1, Barriers: 0, Oops: 0, ImmediateOops: 0, NonImmediateOops: No
[2,138s][debug][gc,nmethod     ] Register NMethod: java.nio.Buffer.remaining (0x00007943f75b3b88) [0x00007943f75b3c80, 0x00007943f75b3df0] Compiler: c1, Barriers: 0, Oops: 0, ImmediateOops: 0, NonImmediateOops: No
[2,138s][debug][gc,nmethod     ] Register NMethod: java.nio.ByteBuffer.array (0x00007943f7758d08) [0x00007943f7758e00, 0x00007943f77590e0] Compiler: c1, Barriers: 1, Oops: 0, ImmediateOops: 0, NonImmediateOops: No
[2,138s][debug][gc,nmethod     ] Register NMethod: java.nio.CharBuffer.array (0x00007943f742be88) [0x00007943f742bf80, 0x00007943f742c260] Compiler: c1, Barriers: 1, Oops: 0, ImmediateOops: 0, NonImmediateOops: No
[2,138s][debug][gc,nmethod     ] Register NMethod: java.nio.charset.CoderResult.isOverflow (0x00007943f75fcd88) [0x00007943f75fce80, 0x00007943f75fcfd0] Compiler: c1, Barriers: 0, Oops: 0, ImmediateOops: 0, NonImmediateOops: No
[2,138s][debug][gc,nmethod     ] Register NMethod: java.nio.ByteBuffer.hasArray (0x00007943f7631108) [0x00007943f7631200, 0x00007943f76313b0] Compiler: c1, Barriers: 1, Oops: 0, ImmediateOops: 0, NonImmediateOops: No
[2,138s][debug][gc,nmethod     ] Register NMethod: sun.nio.cs.UTF_8.updatePositions (0x00007943f74e6e88) [0x00007943f74e6f80, 0x00007943f74e78a8] Compiler: c1, Barriers: 0, Oops: 0, ImmediateOops: 0, NonImmediateOops: No
[2,138s][debug][gc,nmethod     ] Register NMethod: java.nio.CharBuffer.hasArray (0x00007943f7678b88) [0x00007943f7678c80, 0x00007943f7678e30] Compiler: c1, Barriers: 1, Oops: 0, ImmediateOops: 0, NonImmediateOops: No
[2,138s][debug][gc,nmethod     ] Register NMethod: java.nio.CharBuffer.<init> (0x00007943f76afd88) [0x00007943f76afe80, 0x00007943f76b0050] Compiler: c1, Barriers: 3, Oops: 0, ImmediateOops: 0, NonImmediateOops: No
[2,138s][debug][gc,nmethod     ] Register NMethod: java.nio.CharBuffer.limit (0x00007943f7726508) [0x00007943f7726600, 0x00007943f7726748] Compiler: c1, Barriers: 0, Oops: 0, ImmediateOops: 0, NonImmediateOops: No
[2,138s][debug][gc,nmethod     ] Register NMethod: java.nio.CharBuffer.limit (0x00007943f742ba08) [0x00007943f742bb00, 0x00007943f742be60] Compiler: c1, Barriers: 0, Oops: 0, ImmediateOops: 0, NonImmediateOops: No
[2,139s][debug][gc,nmethod     ] Register NMethod: com.google.gson.stream.JsonReader.nextNonWhitespace (0x00007943f77b4188) [0x00007943f77b4280, 0x00007943f77b7f28] Compiler: c1, Barriers: 1, Oops: 4, ImmediateOops: 9, NonImmediateOops: No
[2,143s][debug][gc,nmethod     ] Register NMethod: java.lang.Integer.hashCode (0x0000794416ca7a08) [0x0000794416ca7b00, 0x0000794416ca7b88] Compiler: jvmci, Barriers: 0, Oops: 0, ImmediateOops: 0, NonImmediateOops: No
[2,146s][debug][gc,director    ] Rule Major: Warmup 10%, Used: 266MB, UsedThreshold: 1228MB
[2,153s][debug][gc,nmethod     ] Register NMethod: jdk.internal.misc.Unsafe.putLongUnaligned (0x00007943f7681308) [0x00007943f7681400, 0x00007943f7681838] Compiler: c1, Barriers: 0, Oops: 0, ImmediateOops: 0, NonImmediateOops: No
[2,154s][debug][gc,nmethod     ] Register NMethod: java.lang.invoke.MethodHandle.linkToSpecial (0x0000794416ca7d08) [0x0000794416ca7e00, 0x0000794416ca7ef8] Compiler: , Barriers: 0, Oops: 0, ImmediateOops: 0, NonImmediateOops: No
[2,155s][debug][gc,nmethod     ] Register NMethod: java.lang.classfile.CodeBuilder.putfield (0x00007943f7680d08) [0x00007943f7680e00, 0x00007943f7681110] Compiler: c1, Barriers: 0, Oops: 0, ImmediateOops: 1, NonImmediateOops: No
[2,157s][debug][gc,director    ] Rule Major: Warmup 10%, Used: 266MB, UsedThreshold: 1228MB
[2,157s][debug][gc,nmethod     ] Register NMethod: java.net.URL.set (0x0000794416ca8008) [0x0000794416ca8100, 0x0000794416ca86e8] Compiler: jvmci, Barriers: 25, Oops: 0, ImmediateOops: 0, NonImmediateOops: No
[2,158s][debug][gc,nmethod     ] Register NMethod: java.lang.Class.desiredAssertionStatus (0x00007943f7442388) [0x00007943f7442480, 0x00007943f7442de0] Compiler: c1, Barriers: 4, Oops: 0, ImmediateOops: 0, NonImmediateOops: No
[2,158s][debug][gc,nmethod     ] Register NMethod: java.io.File.isInvalid (0x0000794416ca8708) [0x0000794416ca8800, 0x0000794416ca8a90] Compiler: jvmci, Barriers: 6, Oops: 0, ImmediateOops: 2, NonImmediateOops: No
[2,161s][debug][gc,nmethod     ] Register NMethod: java.net.URLStreamHandler.setURL (0x0000794416ca8b08) [0x0000794416ca8c00, 0x0000794416ca98c0] Compiler: jvmci, Barriers: 32, Oops: 1, ImmediateOops: 1, NonImmediateOops: No
[2,162s][debug][gc,nmethod     ] Register NMethod: java.lang.Package$VersionInfo.getInstance (0x00007943f7777d08) [0x00007943f7777e00, 0x00007943f7778148] Compiler: c1, Barriers: 0, Oops: 0, ImmediateOops: 1, NonImmediateOops: No
[2,162s][debug][gc,nmethod     ] Register NMethod: java.lang.Package.<init> (0x00007943f7777488) [0x00007943f7777580, 0x00007943f7777bb8] Compiler: c1, Barriers: 4, Oops: 0, ImmediateOops: 1, NonImmediateOops: No
[2,162s][debug][gc,nmethod     ] Register NMethod: java.io.UnixFileSystem.normalize (0x0000794416ca9908) [0x0000794416ca9a00, 0x0000794416ca9be8] Compiler: jvmci, Barriers: 1, Oops: 0, ImmediateOops: 0, NonImmediateOops: No
[2,167s][debug][gc,director    ] Rule Major: Warmup 10%, Used: 266MB, UsedThreshold: 1228MB
[2,177s][debug][gc,director    ] Rule Major: Warmup 10%, Used: 268MB, UsedThreshold: 1228MB
[2,186s][debug][gc,nmethod     ] Register NMethod: java.lang.Long.numberOfLeadingZeros (0x00007943f742b708) [0x00007943f742b800, 0x00007943f742b9a8] Compiler: c1, Barriers: 0, Oops: 0, ImmediateOops: 0, NonImmediateOops: No
[2,186s][debug][gc,nmethod     ] Register NMethod: java.lang.invoke.MethodHandle.linkToSpecial (0x0000794416ca9c08) [0x0000794416ca9d00, 0x0000794416ca9df8] Compiler: , Barriers: 0, Oops: 0, ImmediateOops: 0, NonImmediateOops: No
[2,187s][debug][gc,nmethod     ] Register NMethod: java.lang.invoke.MethodHandle.linkToSpecial (0x0000794416ca9f08) [0x0000794416caa000, 0x0000794416caa0f8] Compiler: , Barriers: 0, Oops: 0, ImmediateOops: 0, NonImmediateOops: No
[2,187s][debug][gc,nmethod     ] Register NMethod: java.lang.invoke.MethodHandle.linkToSpecial (0x0000794416caa208) [0x0000794416caa300, 0x0000794416caa3f8] Compiler: , Barriers: 0, Oops: 0, ImmediateOops: 0, NonImmediateOops: No
[2,187s][debug][gc,director    ] Rule Major: Warmup 10%, Used: 268MB, UsedThreshold: 1228MB
[2,191s][debug][gc,nmethod     ] Register NMethod: java.lang.Long.hashCode (0x0000794416caa508) [0x0000794416caa600, 0x0000794416caa670] Compiler: jvmci, Barriers: 0, Oops: 0, ImmediateOops: 0, NonImmediateOops: No
[2,193s][debug][gc,nmethod     ] Register NMethod: java.lang.invoke.MethodHandle.linkToSpecial (0x0000794416caa808) [0x0000794416caa900, 0x0000794416caa9f8] Compiler: , Barriers: 0, Oops: 0, ImmediateOops: 0, NonImmediateOops: No
[2,193s][debug][gc,nmethod     ] Register NMethod: jdk.internal.misc.Unsafe.putLongUnaligned (0x0000794416caab08) [0x0000794416caac00, 0x0000794416caacc0] Compiler: jvmci, Barriers: 0, Oops: 0, ImmediateOops: 0, NonImmediateOops: No
[2,193s][debug][gc,nmethod     ] Register NMethod: java.lang.invoke.MethodHandle.linkToSpecial (0x0000794416caae08) [0x0000794416caaf00, 0x0000794416caaff8] Compiler: , Barriers: 0, Oops: 0, ImmediateOops: 0, NonImmediateOops: No
[2,193s][debug][gc,nmethod     ] Register NMethod: java.lang.invoke.MethodHandle.invokeBasic (0x0000794416cab108) [0x0000794416cab200, 0x0000794416cab498] Compiler: , Barriers: 0, Oops: 0, ImmediateOops: 0, NonImmediateOops: No
[2,193s][debug][gc,nmethod     ] Register NMethod: java.lang.invoke.MethodHandle.linkToSpecial (0x0000794416cab508) [0x0000794416cab600, 0x0000794416cab6f8] Compiler: , Barriers: 0, Oops: 0, ImmediateOops: 0, NonImmediateOops: No
[2,195s][debug][gc,nmethod     ] Register NMethod: java.io.UnixFileSystem.hasBooleanAttributes (0x0000794416cab808) [0x0000794416cab900, 0x0000794416cabb00] Compiler: jvmci, Barriers: 2, Oops: 0, ImmediateOops: 0, NonImmediateOops: No
[2,197s][debug][gc,director    ] Rule Major: Warmup 10%, Used: 270MB, UsedThreshold: 1228MB
[2,199s][debug][gc,nmethod     ] Register NMethod: jdk.internal.classfile.impl.StackMapGenerator$Frame.checkStack (0x0000794416cabb08) [0x0000794416cabc00, 0x0000794416cac2b0] Compiler: jvmci, Barriers: 17, Oops: 1, ImmediateOops: 2, NonImmediateOops: No
[2,199s][debug][gc,nmethod     ] Register NMethod: java.util.jar.JarFile.maybeInstantiateVerifier (0x0000794416cac308) [0x0000794416cac400, 0x0000794416cac908] Compiler: jvmci, Barriers: 4, Oops: 0, ImmediateOops: 0, NonImmediateOops: No
[2,201s][debug][gc,nmethod     ] Register NMethod: java.lang.invoke.MethodHandle.linkToSpecial (0x0000794416cac988) [0x0000794416caca80, 0x0000794416cacb78] Compiler: , Barriers: 0, Oops: 0, ImmediateOops: 0, NonImmediateOops: No
[2,202s][debug][gc,nmethod     ] Register NMethod: java.lang.invoke.MethodHandle.linkToStatic (0x0000794416cacc88) [0x0000794416cacd80, 0x0000794416cace70] Compiler: , Barriers: 0, Oops: 0, ImmediateOops: 0, NonImmediateOops: No
[2,202s][debug][gc,nmethod     ] Register NMethod: java.lang.invoke.MethodHandle.linkToStatic (0x0000794416cacf88) [0x0000794416cad080, 0x0000794416cad170] Compiler: , Barriers: 0, Oops: 0, ImmediateOops: 0, NonImmediateOops: No
[2,202s][debug][gc,nmethod     ] Register NMethod: java.lang.invoke.MethodHandle.linkToStatic (0x0000794416cad288) [0x0000794416cad380, 0x0000794416cad470] Compiler: , Barriers: 0, Oops: 0, ImmediateOops: 0, NonImmediateOops: No
[2,202s][debug][gc,nmethod     ] Register NMethod: java.lang.invoke.MethodHandle.linkToStatic (0x0000794416cad588) [0x0000794416cad680, 0x0000794416cad770] Compiler: , Barriers: 0, Oops: 0, ImmediateOops: 0, NonImmediateOops: No
[2,202s][debug][gc,nmethod     ] Register NMethod: java.lang.invoke.MethodHandle.linkToStatic (0x0000794416cad888) [0x0000794416cad980, 0x0000794416cada70] Compiler: , Barriers: 0, Oops: 0, ImmediateOops: 0, NonImmediateOops: No
[2,202s][debug][gc,nmethod     ] Register NMethod: java.lang.invoke.MethodHandle.linkToStatic (0x0000794416cadb88) [0x0000794416cadc80, 0x0000794416cadd70] Compiler: , Barriers: 0, Oops: 0, ImmediateOops: 0, NonImmediateOops: No
[2,202s][debug][gc,nmethod     ] Register NMethod: java.lang.invoke.MethodHandle.linkToStatic (0x0000794416cade88) [0x0000794416cadf80, 0x0000794416cae070] Compiler: , Barriers: 0, Oops: 0, ImmediateOops: 0, NonImmediateOops: No
[2,202s][debug][gc,nmethod     ] Register NMethod: java.lang.invoke.MethodHandle.linkToStatic (0x0000794416cae188) [0x0000794416cae280, 0x0000794416cae370] Compiler: , Barriers: 0, Oops: 0, ImmediateOops: 0, NonImmediateOops: No
[2,202s][debug][gc,nmethod     ] Register NMethod: java.lang.invoke.LambdaForm.create (0x00007943f7823b08) [0x00007943f7823c00, 0x00007943f7824458] Compiler: c1, Barriers: 2, Oops: 0, ImmediateOops: 1, NonImmediateOops: No
[2,202s][debug][gc,nmethod     ] Register NMethod: java.lang.invoke.MethodHandle.linkToStatic (0x0000794416cae488) [0x0000794416cae580, 0x0000794416cae670] Compiler: , Barriers: 0, Oops: 0, ImmediateOops: 0, NonImmediateOops: No
[2,202s][debug][gc,nmethod     ] Register NMethod: java.lang.invoke.InvokerBytecodeGenerator.generateCustomizedCode (0x00007943f7857f08) [0x00007943f7858000, 0x00007943f78582a8] Compiler: c1, Barriers: 0, Oops: 0, ImmediateOops: 1, NonImmediateOops: No
[2,202s][debug][gc,nmethod     ] Register NMethod: java.lang.invoke.LambdaForm.<init> (0x00007943f7857a88) [0x00007943f7857b80, 0x00007943f7857ee0] Compiler: c1, Barriers: 12, Oops: 0, ImmediateOops: 0, NonImmediateOops: No
[2,203s][debug][gc,nmethod     ] Register NMethod: java.lang.invoke.LambdaForm.fixResult (0x00007943f7823788) [0x00007943f7823880, 0x00007943f7823a90] Compiler: c1, Barriers: 2, Oops: 0, ImmediateOops: 1, NonImmediateOops: No
[2,203s][debug][gc,nmethod     ] Register NMethod: java.lang.invoke.MethodHandle.invokeBasic (0x0000794416cae788) [0x0000794416cae880, 0x0000794416caeb18] Compiler: , Barriers: 0, Oops: 0, ImmediateOops: 0, NonImmediateOops: No
[2,203s][debug][gc,nmethod     ] Register NMethod: java.lang.invoke.MethodHandle.linkToSpecial (0x0000794416caeb88) [0x0000794416caec80, 0x0000794416caed78] Compiler: , Barriers: 0, Oops: 0, ImmediateOops: 0, NonImmediateOops: No
[2,203s][debug][gc,nmethod     ] Register NMethod: java.lang.invoke.InvokerBytecodeGenerator.lookupPregenerated (0x00007943f7637a88) [0x00007943f7637b80, 0x00007943f763ada8] Compiler: c1, Barriers: 10, Oops: 1, ImmediateOops: 13, NonImmediateOops: No
[2,203s][debug][gc,nmethod     ] Register NMethod: java.lang.StringBuilder.append (0x00007943f7756a08) [0x00007943f7756b00, 0x00007943f7756c48] Compiler: c1, Barriers: 0, Oops: 0, ImmediateOops: 0, NonImmediateOops: No
[2,203s][debug][gc,nmethod     ] Register NMethod: java.lang.invoke.MethodHandle.invokeBasic (0x0000794416caee88) [0x0000794416caef80, 0x0000794416caf218] Compiler: , Barriers: 0, Oops: 0, ImmediateOops: 0, NonImmediateOops: No
[2,203s][debug][gc,nmethod     ] Register NMethod: java.lang.AbstractStringBuilder.append (0x00007943f7637588) [0x00007943f7637680, 0x00007943f7637a58] Compiler: c1, Barriers: 4, Oops: 0, ImmediateOops: 0, NonImmediateOops: No
[2,203s][debug][gc,nmethod     ] Register NMethod: java.lang.invoke.MethodHandle.linkToSpecial (0x0000794416caf288) [0x0000794416caf380, 0x0000794416caf478] Compiler: , Barriers: 0, Oops: 0, ImmediateOops: 0, NonImmediateOops: No
[2,203s][debug][gc,nmethod     ] Register NMethod: sun.net.www.protocol.file.Handler.parseURL (0x0000794416caf588) [0x0000794416caf680, 0x0000794416caf750] Compiler: jvmci, Barriers: 0, Oops: 0, ImmediateOops: 0, NonImmediateOops: No
[2,204s][debug][gc,nmethod     ] Register NMethod: java.lang.classfile.CodeBuilder.putstatic (0x00007943f7857608) [0x00007943f7857700, 0x00007943f7857a10] Compiler: c1, Barriers: 0, Oops: 0, ImmediateOops: 1, NonImmediateOops: No
[2,204s][debug][gc,nmethod     ] Register NMethod: java.util.Arrays.copyOfRange (0x00007943f7535988) [0x00007943f7535a80, 0x00007943f75371b8] Compiler: c1, Barriers: 1, Oops: 1, ImmediateOops: 3, NonImmediateOops: No
[2,204s][debug][gc,nmethod     ] Rebuilding NMethod Table: 4096->4096 entries, 2586(63%->63%) registered, 282(7%->0%) unregistered
[2,204s][debug][gc,nmethod     ] Register NMethod: java.lang.invoke.MethodHandle.invokeBasic (0x0000794416caf888) [0x0000794416caf980, 0x0000794416cafc18] Compiler: , Barriers: 0, Oops: 0, ImmediateOops: 0, NonImmediateOops: No
[2,204s][debug][gc,nmethod     ] Register NMethod: java.lang.invoke.MethodHandle.linkToSpecial (0x0000794416cafc88) [0x0000794416cafd80, 0x0000794416cafe78] Compiler: , Barriers: 0, Oops: 0, ImmediateOops: 0, NonImmediateOops: No
[2,204s][debug][gc,nmethod     ] Register NMethod: java.util.Arrays.fill (0x00007943f7636e08) [0x00007943f7636f00, 0x00007943f76373a8] Compiler: c1, Barriers: 3, Oops: 0, ImmediateOops: 0, NonImmediateOops: No
[2,204s][debug][gc,nmethod     ] Register NMethod: java.lang.invoke.MethodHandle.invokeBasic (0x0000794416caff88) [0x0000794416cb0080, 0x0000794416cb0318] Compiler: , Barriers: 0, Oops: 0, ImmediateOops: 0, NonImmediateOops: No
[2,204s][debug][gc,nmethod     ] Register NMethod: java.lang.invoke.MethodHandle.linkToSpecial (0x0000794416cb0388) [0x0000794416cb0480, 0x0000794416cb0578] Compiler: , Barriers: 0, Oops: 0, ImmediateOops: 0, NonImmediateOops: No
[2,204s][debug][gc,nmethod     ] Register NMethod: java.lang.invoke.LambdaFormBuffer.changeName (0x00007943f7419508) [0x00007943f7419600, 0x00007943f741a070] Compiler: c1, Barriers: 10, Oops: 0, ImmediateOops: 0, NonImmediateOops: No
[2,207s][debug][gc,director    ] Rule Major: Warmup 10%, Used: 270MB, UsedThreshold: 1228MB
[2,209s][debug][gc,nmethod     ] Register NMethod: jdk.internal.classfile.impl.StackMapGenerator$Frame.pushStack (0x0000794416cb0688) [0x0000794416cb0780, 0x0000794416cb0ef0] Compiler: jvmci, Barriers: 20, Oops: 1, ImmediateOops: 2, NonImmediateOops: No
[2,210s][debug][gc,nmethod     ] Register NMethod: jdk.internal.misc.Unsafe.getLongVolatile (0x0000794416cb0f08) [0x0000794416cb1000, 0x0000794416cb1168] Compiler: , Barriers: 0, Oops: 0, ImmediateOops: 0, NonImmediateOops: No
[2,212s][debug][gc,nmethod     ] Register NMethod: java.lang.Thread.onSpinWait (0x00007943f77c5288) [0x00007943f77c5380, 0x00007943f77c5460] Compiler: c1, Barriers: 0, Oops: 0, ImmediateOops: 0, NonImmediateOops: No
[2,213s][debug][gc,nmethod     ] Register NMethod: java.lang.invoke.MethodHandle.linkToStatic (0x0000794416cb1208) [0x0000794416cb1300, 0x0000794416cb13f0] Compiler: , Barriers: 0, Oops: 0, ImmediateOops: 0, NonImmediateOops: No
[2,213s][debug][gc,nmethod     ] Register NMethod: java.lang.invoke.MethodHandle.linkToInterface (0x0000794416cb1508) [0x0000794416cb1600, 0x0000794416cb1730] Compiler: , Barriers: 0, Oops: 0, ImmediateOops: 0, NonImmediateOops: No
[2,214s][debug][gc,nmethod     ] Register NMethod: java.lang.invoke.MethodHandle.linkToInterface (0x0000794416cb1808) [0x0000794416cb1900, 0x0000794416cb1a30] Compiler: , Barriers: 0, Oops: 0, ImmediateOops: 0, NonImmediateOops: No
[2,214s][debug][gc,nmethod     ] Register NMethod: java.lang.invoke.MethodHandle.linkToStatic (0x0000794416cb1b08) [0x0000794416cb1c00, 0x0000794416cb1cf0] Compiler: , Barriers: 0, Oops: 0, ImmediateOops: 0, NonImmediateOops: No
[2,214s][debug][gc,nmethod     ] Register NMethod: java.lang.invoke.MethodTypeForm.<init> (0x00007943f7483788) [0x00007943f7483880, 0x00007943f7486810] Compiler: c1, Barriers: 28, Oops: 1, ImmediateOops: 7, NonImmediateOops: No
[2,214s][debug][gc,nmethod     ] Register NMethod: java.lang.invoke.MethodHandle.linkToStatic (0x0000794416cb1e08) [0x0000794416cb1f00, 0x0000794416cb1ff0] Compiler: , Barriers: 0, Oops: 0, ImmediateOops: 0, NonImmediateOops: No
[2,215s][debug][gc,nmethod     ] Register NMethod: java.lang.invoke.MethodHandle.linkToStatic (0x0000794416cb2108) [0x0000794416cb2200, 0x0000794416cb22f0] Compiler: , Barriers: 0, Oops: 0, ImmediateOops: 0, NonImmediateOops: No
[2,215s][debug][gc,nmethod     ] Register NMethod: jdk.internal.misc.Unsafe.checkSize (0x00007943f7959e88) [0x00007943f7959f80, 0x00007943f795a1e0] Compiler: c1, Barriers: 0, Oops: 0, ImmediateOops: 0, NonImmediateOops: No
[2,215s][debug][gc,nmethod     ] Register NMethod: jdk.internal.foreign.NativeMemorySegmentImpl.unsafeGetOffset (0x0000794416cb2408) [0x0000794416cb2500, 0x0000794416cb25c0] Compiler: c1, Barriers: 0, Oops: 0, ImmediateOops: 0, NonImmediateOops: No
[2,215s][debug][gc,nmethod     ] Register NMethod: jdk.internal.foreign.NativeMemorySegmentImpl.unsafeGetBase (0x0000794416cb2708) [0x0000794416cb2800, 0x0000794416cb28c8] Compiler: c1, Barriers: 0, Oops: 0, ImmediateOops: 0, NonImmediateOops: No
[2,215s][debug][gc,nmethod     ] Register NMethod: jdk.internal.foreign.AbstractMemorySegmentImpl.sessionImpl (0x0000794416cb2a08) [0x0000794416cb2b00, 0x0000794416cb2be8] Compiler: c1, Barriers: 1, Oops: 0, ImmediateOops: 0, NonImmediateOops: No
[2,216s][debug][gc,nmethod     ] Register NMethod: jdk.internal.foreign.layout.AbstractLayout.byteAlignment (0x0000794416cb2d08) [0x0000794416cb2e00, 0x0000794416cb2ec0] Compiler: c1, Barriers: 0, Oops: 0, ImmediateOops: 0, NonImmediateOops: No
[2,216s][debug][gc,nmethod     ] Register NMethod: java.lang.invoke.MethodHandle.linkToStatic (0x0000794416cb3008) [0x0000794416cb3100, 0x0000794416cb31f0] Compiler: , Barriers: 0, Oops: 0, ImmediateOops: 0, NonImmediateOops: No
[2,216s][debug][gc,nmethod     ] Register NMethod: jdk.internal.foreign.NativeMemorySegmentImpl.maxAlignMask (0x0000794416cb3308) [0x0000794416cb3400, 0x0000794416cb34c0] Compiler: c1, Barriers: 0, Oops: 0, ImmediateOops: 0, NonImmediateOops: No
[2,216s][debug][gc,nmethod     ] Register NMethod: jdk.internal.foreign.layout.AbstractLayout.byteSize (0x0000794416cb3608) [0x0000794416cb3700, 0x0000794416cb37c0] Compiler: c1, Barriers: 0, Oops: 0, ImmediateOops: 0, NonImmediateOops: No
[2,216s][debug][gc,nmethod     ] Register NMethod: java.lang.invoke.MethodHandle.linkToStatic (0x0000794416cb3908) [0x0000794416cb3a00, 0x0000794416cb3af0] Compiler: , Barriers: 0, Oops: 0, ImmediateOops: 0, NonImmediateOops: No
[2,217s][debug][gc,nmethod     ] Register NMethod: java.lang.System.checkKey (0x00007943f7472c88) [0x00007943f7472d80, 0x00007943f74732e8] Compiler: c1, Barriers: 1, Oops: 0, ImmediateOops: 2, NonImmediateOops: No
[2,217s][debug][gc,nmethod     ] Register NMethod: jdk.internal.foreign.MemorySessionImpl.checkValidStateRaw (0x00007943f7472908) [0x00007943f7472a00, 0x00007943f7472c30] Compiler: c1, Barriers: 2, Oops: 0, ImmediateOops: 2, NonImmediateOops: No
[2,217s][debug][gc,nmethod     ] Register NMethod: jdk.internal.foreign.AbstractMemorySegmentImpl.asSliceNoCheck (0x0000794416cb3c08) [0x0000794416cb3d00, 0x0000794416cb3e78] Compiler: jvmci, Barriers: 3, Oops: 0, ImmediateOops: 0, NonImmediateOops: No
[2,217s][debug][gc,nmethod     ] Register NMethod: jdk.internal.classfile.impl.AbstractPoolEntry.hashClassFromDescriptor (0x00007943f7811b88) [0x00007943f7811c80, 0x00007943f7811dc8] Compiler: c1, Barriers: 0, Oops: 0, ImmediateOops: 0, NonImmediateOops: No
[2,217s][debug][gc,nmethod     ] Register NMethod: jdk.internal.classfile.impl.DirectCodeBuilder$DeferredLabel.<init> (0x00007943f7472408) [0x00007943f7472500, 0x00007943f7472740] Compiler: c1, Barriers: 3, Oops: 0, ImmediateOops: 0, NonImmediateOops: No
[2,217s][debug][gc,nmethod     ] Register NMethod: jdk.internal.foreign.AbstractMemorySegmentImpl.byteSize (0x0000794416cb3f08) [0x0000794416cb4000, 0x0000794416cb40c0] Compiler: c1, Barriers: 0, Oops: 0, ImmediateOops: 0, NonImmediateOops: No
[2,217s][debug][gc,director    ] Rule Major: Warmup 10%, Used: 284MB, UsedThreshold: 1228MB
[2,218s][debug][gc,nmethod     ] Register NMethod: jdk.internal.classfile.impl.DirectCodeBuilder.addLabel (0x00007943f751ce08) [0x00007943f751cf00, 0x00007943f751d8d0] Compiler: c1, Barriers: 9, Oops: 0, ImmediateOops: 0, NonImmediateOops: No
[2,218s][debug][gc,nmethod     ] Register NMethod: io.sirix.page.KeyValueLeafPage.getDeweyIdAsByteArray (0x00007943f7814a08) [0x00007943f7814b00, 0x00007943f7815088] Compiler: c1, Barriers: 0, Oops: 1, ImmediateOops: 1, NonImmediateOops: No
[2,218s][debug][gc,nmethod     ] Register NMethod: jdk.internal.constant.ConstantUtils.classDesc (0x00007943f775d408) [0x00007943f775d500, 0x00007943f775e600] Compiler: c1, Barriers: 3, Oops: 1, ImmediateOops: 2, NonImmediateOops: No
[2,218s][debug][gc,nmethod     ] Register NMethod: io.sirix.page.KeyValueLeafPage.isSlotSet (0x00007943f785db88) [0x00007943f785dc80, 0x00007943f785de28] Compiler: c1, Barriers: 1, Oops: 1, ImmediateOops: 0, NonImmediateOops: No
[2,218s][debug][gc,nmethod     ] Register NMethod: jdk.internal.misc.Unsafe.putShort (0x0000794416cb4208) [0x0000794416cb4300, 0x0000794416cb4458] Compiler: , Barriers: 0, Oops: 0, ImmediateOops: 0, NonImmediateOops: No
[2,218s][debug][gc,nmethod     ] Register NMethod: io.sirix.page.KeyValueLeafPage.getDeweyId (0x00007943f7a2a988) [0x00007943f7a2aa80, 0x00007943f7a2fb38] Compiler: c1, Barriers: 21, Oops: 7, ImmediateOops: 12, NonImmediateOops: No
[2,219s][debug][gc,nmethod     ] Register NMethod: jdk.internal.foreign.AbstractMemorySegmentImpl.checkReadOnly (0x00007943f751ca08) [0x00007943f751cb00, 0x00007943f751cd28] Compiler: c1, Barriers: 0, Oops: 0, ImmediateOops: 1, NonImmediateOops: No
[2,219s][debug][gc,nmethod     ] Register NMethod: jdk.internal.foreign.AbstractMemorySegmentImpl.checkAccess (0x00007943f752fc88) [0x00007943f752fd80, 0x00007943f7530590] Compiler: c1, Barriers: 0, Oops: 0, ImmediateOops: 1, NonImmediateOops: No
[2,219s][debug][gc,nmethod     ] Register NMethod: io.sirix.node.GrowingMemorySegment.ensureCapacity (0x00007943f78aec88) [0x00007943f78aed80, 0x00007943f78aeee0] Compiler: c1, Barriers: 0, Oops: 1, ImmediateOops: 0, NonImmediateOops: No
[2,219s][debug][gc,nmethod     ] Register NMethod: io.sirix.page.KeyValueLeafPage.getDeweyId (0x0000794416cb4508) [0x0000794416cb4600, 0x0000794416cb4738] Compiler: jvmci, Barriers: 1, Oops: 1, ImmediateOops: 0, NonImmediateOops: No
[2,219s][debug][gc,nmethod     ] Register NMethod: java.util.stream.ReferencePipeline$StatefulOp.<init> (0x00007943f752f988) [0x00007943f752fa80, 0x00007943f752fc38] Compiler: c1, Barriers: 0, Oops: 0, ImmediateOops: 0, NonImmediateOops: No
[2,219s][debug][gc,nmethod     ] Register NMethod: jdk.internal.foreign.AbstractMemorySegmentImpl.isAlignedForElement (0x00007943f7814188) [0x00007943f7814280, 0x00007943f78148a8] Compiler: c1, Barriers: 0, Oops: 0, ImmediateOops: 0, NonImmediateOops: No
[2,220s][debug][gc,nmethod     ] Register NMethod: jdk.internal.foreign.AbstractMemorySegmentImpl.isAlignedForElement (0x00007943f752f588) [0x00007943f752f680, 0x00007943f752f850] Compiler: c1, Barriers: 0, Oops: 0, ImmediateOops: 0, NonImmediateOops: No
[2,220s][debug][gc,nmethod     ] Register NMethod: jdk.internal.misc.Unsafe.copyMemory (0x00007943f7400308) [0x00007943f7400400, 0x00007943f74019c0] Compiler: c1, Barriers: 4, Oops: 0, ImmediateOops: 0, NonImmediateOops: No
[2,220s][debug][gc,nmethod     ] Register NMethod: jdk.internal.misc.Unsafe.copyMemoryChecks (0x00007943f7482088) [0x00007943f7482180, 0x00007943f7483738] Compiler: c1, Barriers: 4, Oops: 0, ImmediateOops: 0, NonImmediateOops: No
[2,220s][debug][gc,nmethod     ] Register NMethod: java.lang.invoke.MethodHandle.invokeBasic (0x0000794416cb4808) [0x0000794416cb4900, 0x0000794416cb4b98] Compiler: , Barriers: 0, Oops: 0, ImmediateOops: 0, NonImmediateOops: No
[2,220s][debug][gc,nmethod     ] Register NMethod: jdk.internal.foreign.Utils$BaseAndScale.scale (0x0000794416cb4c08) [0x0000794416cb4d00, 0x0000794416cb4dc0] Compiler: c1, Barriers: 0, Oops: 0, ImmediateOops: 0, NonImmediateOops: No
[2,220s][debug][gc,nmethod     ] Register NMethod: io.sirix.page.KeyValueLeafPage.isSlotSet (0x0000794416cb4f08) [0x0000794416cb5000, 0x0000794416cb5118] Compiler: jvmci, Barriers: 1, Oops: 1, ImmediateOops: 0, NonImmediateOops: No
[2,220s][debug][gc,nmethod     ] Register NMethod: jdk.internal.classfile.impl.SplitConstantPool.maybeCloneUtf8Entry (0x00007943f7480b08) [0x00007943f7480c00, 0x00007943f7481ca0] Compiler: c1, Barriers: 4, Oops: 0, ImmediateOops: 2, NonImmediateOops: No
[2,221s][debug][gc,nmethod     ] Register NMethod: java.lang.invoke.VarHandleGuards.guard_LJI_V (0x00007943f77b8788) [0x00007943f77b8880, 0x00007943f77bd488] Compiler: c1, Barriers: 46, Oops: 1, ImmediateOops: 6, NonImmediateOops: No
[2,221s][debug][gc,nmethod     ] Register NMethod: java.io.UnixFileSystem.resolve (0x0000794416cb5208) [0x0000794416cb5400, 0x0000794416cb6230] Compiler: jvmci, Barriers: 6, Oops: 0, ImmediateOops: 2, NonImmediateOops: No
[2,221s][debug][gc,nmethod     ] Register NMethod: java.lang.invoke.SegmentVarHandle.offset (0x00007943f795b288) [0x00007943f795b380, 0x00007943f795b680] Compiler: c1, Barriers: 0, Oops: 0, ImmediateOops: 0, NonImmediateOops: No
[2,221s][debug][gc,nmethod     ] Register NMethod: jdk.internal.misc.Unsafe.checkOffset (0x00007943f795af08) [0x00007943f795b000, 0x00007943f795b260] Compiler: c1, Barriers: 0, Oops: 0, ImmediateOops: 0, NonImmediateOops: No
[2,221s][debug][gc,nmethod     ] Register NMethod: io.sirix.page.KeyValueLeafPage.getSlotAsByteArray (0x00007943f795a508) [0x00007943f795a600, 0x00007943f795ac98] Compiler: c1, Barriers: 0, Oops: 1, ImmediateOops: 1, NonImmediateOops: No
[2,221s][debug][gc,nmethod     ] Register NMethod: jdk.internal.foreign.layout.ValueLayouts$AbstractValueLayout.varHandle (0x00007943f78c4b88) [0x00007943f78c4c80, 0x00007943f78c5638] Compiler: c1, Barriers: 4, Oops: 3, ImmediateOops: 3, NonImmediateOops: No
[2,222s][debug][gc,nmethod     ] Register NMethod: java.lang.invoke.SegmentVarHandle.checkSegment (0x00007943f7a2fb88) [0x00007943f7a2fc80, 0x00007943f7a33598] Compiler: c1, Barriers: 20, Oops: 1, ImmediateOops: 3, NonImmediateOops: No
[2,222s][debug][gc,nmethod     ] Register NMethod: jdk.internal.foreign.AbstractMemorySegmentImpl.checkEnclosingLayout (0x00007943f7a33608) [0x00007943f7a33700, 0x00007943f7a36a58] Compiler: c1, Barriers: 19, Oops: 1, ImmediateOops: 3, NonImmediateOops: No
[2,223s][debug][gc,nmethod     ] Register NMethod: java.lang.Integer.rotateRight (0x00007943f78c4888) [0x00007943f78c4980, 0x00007943f78c4a70] Compiler: c1, Barriers: 0, Oops: 0, ImmediateOops: 0, NonImmediateOops: No
[2,223s][debug][gc,nmethod     ] Register NMethod: jdk.internal.misc.Unsafe.putIntUnaligned (0x00007943f78c4308) [0x00007943f78c4400, 0x00007943f78c4630] Compiler: c1, Barriers: 0, Oops: 0, ImmediateOops: 0, NonImmediateOops: No
[2,223s][debug][gc,nmethod     ] Register NMethod: jdk.internal.misc.Unsafe.putIntUnaligned (0x00007943f74d8508) [0x00007943f74d8600, 0x00007943f74d88a0] Compiler: c1, Barriers: 0, Oops: 0, ImmediateOops: 0, NonImmediateOops: No
[2,223s][debug][gc,nmethod     ] Register NMethod: jdk.internal.foreign.NativeMemorySegmentImpl.dup (0x0000794416cb6288) [0x0000794416cb63a0, 0x0000794416cb64f0] Compiler: jvmci, Barriers: 2, Oops: 0, ImmediateOops: 0, NonImmediateOops: No
[2,223s][debug][gc,nmethod     ] Register NMethod: java.lang.invoke.MethodHandle.invokeBasic (0x0000794416cb6588) [0x0000794416cb6680, 0x0000794416cb6918] Compiler: , Barriers: 0, Oops: 0, ImmediateOops: 0, NonImmediateOops: No
[2,223s][debug][gc,nmethod     ] Register NMethod: java.lang.Integer.rotateRight (0x0000794416cb6988) [0x0000794416cb6a80, 0x0000794416cb6af0] Compiler: jvmci, Barriers: 0, Oops: 0, ImmediateOops: 0, NonImmediateOops: No
[2,224s][debug][gc,nmethod     ] Register NMethod: java.lang.invoke.VarHandleGuards.guard_LII_V (0x00007943f7a36a88) [0x00007943f7a36b80, 0x00007943f7a3b780] Compiler: c1, Barriers: 46, Oops: 1, ImmediateOops: 6, NonImmediateOops: No
[2,224s][debug][gc,nmethod     ] Register NMethod: java.lang.invoke.MemberName.getMethodType (0x0000794416cb6c88) [0x0000794416cb6d80, 0x0000794416cb72c8] Compiler: jvmci, Barriers: 8, Oops: 0, ImmediateOops: 0, NonImmediateOops: No
[2,226s][debug][gc,nmethod     ] Register NMethod: io.sirix.page.KeyValueLeafPage.getSlot (0x00007943f7a3b808) [0x00007943f7a3b900, 0x00007943f7a51b20] Compiler: c1, Barriers: 194, Oops: 13, ImmediateOops: 50, NonImmediateOops: No
[2,227s][debug][gc,nmethod     ] Register NMethod: jdk.internal.classfile.impl.UnboundAttribute$UnboundExceptionsAttribute.exceptions (0x0000794416cb7308) [0x0000794416cb7400, 0x0000794416cb74e8] Compiler: c1, Barriers: 1, Oops: 0, ImmediateOops: 0, NonImmediateOops: No
[2,227s][debug][gc,nmethod     ] Register NMethod: java.lang.invoke.MethodHandle.linkToStatic (0x0000794416cb7608) [0x0000794416cb7700, 0x0000794416cb77f0] Compiler: , Barriers: 0, Oops: 0, ImmediateOops: 0, NonImmediateOops: No
[2,227s][debug][gc,nmethod     ] Register NMethod: java.lang.invoke.MethodHandle.invokeBasic (0x0000794416cb7908) [0x0000794416cb7a00, 0x0000794416cb7c98] Compiler: , Barriers: 0, Oops: 0, ImmediateOops: 0, NonImmediateOops: No
[2,227s][debug][gc,nmethod     ] Register NMethod: java.io.File.<init> (0x0000794416cb7d08) [0x0000794416cb7f00, 0x0000794416cb8be8] Compiler: jvmci, Barriers: 15, Oops: 1, ImmediateOops: 4, NonImmediateOops: No
[2,228s][debug][gc,director    ] Rule Major: Warmup 10%, Used: 284MB, UsedThreshold: 1228MB
[2,230s][debug][gc,nmethod     ] Register NMethod: java.io.UnixFileSystem.canonicalize0 (0x0000794416cb8c08) [0x0000794416cb8d00, 0x0000794416cb9030] Compiler: , Barriers: 0, Oops: 0, ImmediateOops: 0, NonImmediateOops: No
[2,232s][debug][gc,nmethod     ] Register NMethod: jdk.internal.classfile.impl.BufWriterImpl.writeU1U2U2 (0x0000794416cb9088) [0x0000794416cb9180, 0x0000794416cb9710] Compiler: jvmci, Barriers: 4, Oops: 0, ImmediateOops: 0, NonImmediateOops: No
[2,232s][debug][gc,nmethod     ] Register NMethod: java.lang.Class.newReflectionData (0x00007943f74d7888) [0x00007943f74d7980, 0x00007943f74d84c0] Compiler: c1, Barriers: 7, Oops: 0, ImmediateOops: 2, NonImmediateOops: No
[2,232s][debug][gc,nmethod     ] Register NMethod: java.util.concurrent.atomic.AtomicLong.get (0x0000794416cb9788) [0x0000794416cb9880, 0x0000794416cb9948] Compiler: c1, Barriers: 0, Oops: 0, ImmediateOops: 0, NonImmediateOops: No
[2,233s][debug][gc,nmethod     ] Register NMethod: jdk.internal.foreign.AbstractMemorySegmentImpl.isAlignedForElement (0x00007943f75e0988) [0x00007943f75e0a80, 0x00007943f75e1010] Compiler: c1, Barriers: 0, Oops: 0, ImmediateOops: 0, NonImmediateOops: No
[2,233s][debug][gc,nmethod     ] Register NMethod: jdk.internal.misc.Unsafe.putLongUnaligned (0x00007943f75e0408) [0x00007943f75e0500, 0x00007943f75e0938] Compiler: c1, Barriers: 0, Oops: 0, ImmediateOops: 0, NonImmediateOops: No
[2,233s][debug][gc,nmethod     ] Register NMethod: java.lang.invoke.MethodHandle.invokeBasic (0x0000794416cb9a88) [0x0000794416cb9b80, 0x0000794416cb9e18] Compiler: , Barriers: 0, Oops: 0, ImmediateOops: 0, NonImmediateOops: No
[2,233s][debug][gc,nmethod     ] Register NMethod: java.lang.invoke.MethodHandle.linkToSpecial (0x0000794416cb9e88) [0x0000794416cb9f80, 0x0000794416cba078] Compiler: , Barriers: 0, Oops: 0, ImmediateOops: 0, NonImmediateOops: No
[2,233s][debug][gc,nmethod     ] Register NMethod: jdk.internal.foreign.AbstractMemorySegmentImpl.isAlignedForElement (0x00007943f75bdc08) [0x00007943f75bdd00, 0x00007943f75be6c0] Compiler: c1, Barriers: 0, Oops: 0, ImmediateOops: 0, NonImmediateOops: No
[2,234s][debug][gc,nmethod     ] Register NMethod: java.lang.invoke.MethodHandle.invokeBasic (0x0000794416cba188) [0x0000794416cba280, 0x0000794416cba518] Compiler: , Barriers: 0, Oops: 0, ImmediateOops: 0, NonImmediateOops: No
[2,234s][debug][gc,nmethod     ] Register NMethod: java.lang.invoke.MethodHandle.linkToSpecial (0x0000794416cba588) [0x0000794416cba680, 0x0000794416cba778] Compiler: , Barriers: 0, Oops: 0, ImmediateOops: 0, NonImmediateOops: No
[2,234s][debug][gc,nmethod     ] Register NMethod: jdk.internal.misc.Unsafe.ensureClassInitialized (0x00007943f74d7388) [0x00007943f74d7480, 0x00007943f74d76a0] Compiler: c1, Barriers: 0, Oops: 0, ImmediateOops: 0, NonImmediateOops: No
[2,234s][debug][gc,nmethod     ] Register NMethod: java.lang.Long.longValue (0x0000794416cba888) [0x0000794416cba980, 0x0000794416cbaa40] Compiler: c1, Barriers: 0, Oops: 0, ImmediateOops: 0, NonImmediateOops: No
[2,234s][debug][gc,nmethod     ] Register NMethod: java.lang.reflect.Array.getLength (0x0000794416cbab88) [0x0000794416cbac80, 0x0000794416cbade8] Compiler: , Barriers: 0, Oops: 0, ImmediateOops: 1, NonImmediateOops: No
[2,235s][debug][gc,nmethod     ] Register NMethod: jdk.internal.foreign.layout.ValueLayouts$AbstractValueLayout.carrier (0x0000794416cbae88) [0x0000794416cbaf80, 0x0000794416cbb068] Compiler: c1, Barriers: 1, Oops: 0, ImmediateOops: 0, NonImmediateOops: No
[2,235s][debug][gc,nmethod     ] Register NMethod: jdk.internal.misc.Unsafe.checkNativeAddress (0x00007943f75e0108) [0x00007943f75e0200, 0x00007943f75e0310] Compiler: c1, Barriers: 0, Oops: 0, ImmediateOops: 0, NonImmediateOops: No
[2,236s][debug][gc,nmethod     ] Register NMethod: jdk.internal.foreign.Utils$BaseAndScale.base (0x0000794416cbb188) [0x0000794416cbb280, 0x0000794416cbb340] Compiler: c1, Barriers: 0, Oops: 0, ImmediateOops: 0, NonImmediateOops: No
[2,236s][debug][gc,nmethod     ] Register NMethod: jdk.internal.access.SharedSecrets.getJavaLangAccess (0x0000794416cbb488) [0x0000794416cbb580, 0x0000794416cbb628] Compiler: jvmci, Barriers: 1, Oops: 0, ImmediateOops: 1, NonImmediateOops: No
[2,236s][debug][gc,nmethod     ] Register NMethod: jdk.internal.misc.Unsafe.weakCompareAndSetLong (0x00007943f75dfe08) [0x00007943f75dff00, 0x00007943f75e0020] Compiler: c1, Barriers: 0, Oops: 0, ImmediateOops: 0, NonImmediateOops: No
[2,236s][debug][gc,nmethod     ] Register NMethod: jdk.internal.misc.Unsafe.pick (0x00007943f75dfa88) [0x00007943f75dfb80, 0x00007943f75dfc78] Compiler: c1, Barriers: 0, Oops: 0, ImmediateOops: 0, NonImmediateOops: No
[2,236s][debug][gc,nmethod     ] Register NMethod: java.lang.invoke.MethodHandle.linkToStatic (0x0000794416cbb788) [0x0000794416cbb880, 0x0000794416cbb970] Compiler: , Barriers: 0, Oops: 0, ImmediateOops: 0, NonImmediateOops: No
[2,238s][debug][gc,nmethod     ] Register NMethod: java.lang.invoke.MethodHandle.linkToSpecial (0x0000794416cbba88) [0x0000794416cbbb80, 0x0000794416cbbc78] Compiler: , Barriers: 0, Oops: 0, ImmediateOops: 0, NonImmediateOops: No
[2,238s][debug][gc,director    ] Rule Major: Warmup 10%, Used: 286MB, UsedThreshold: 1228MB
[2,238s][debug][gc,nmethod     ] Register NMethod: java.util.concurrent.ForkJoinPool.slotOffset (0x00007943f75bd908) [0x00007943f75bda00, 0x00007943f75bdaf8] Compiler: c1, Barriers: 0, Oops: 0, ImmediateOops: 0, NonImmediateOops: No
[2,238s][debug][gc,nmethod     ] Register NMethod: java.lang.invoke.MethodHandle.linkToSpecial (0x0000794416cbbd88) [0x0000794416cbbe80, 0x0000794416cbbf78] Compiler: , Barriers: 0, Oops: 0, ImmediateOops: 0, NonImmediateOops: No
[2,238s][debug][gc,nmethod     ] Register NMethod: java.lang.Thread.onSpinWait (0x0000794416cbc088) [0x0000794416cbc180, 0x0000794416cbc1e0] Compiler: jvmci, Barriers: 0, Oops: 0, ImmediateOops: 0, NonImmediateOops: No
[2,238s][debug][gc,nmethod     ] Register NMethod: java.lang.invoke.MethodHandle.invokeBasic (0x0000794416cbc388) [0x0000794416cbc480, 0x0000794416cbc718] Compiler: , Barriers: 0, Oops: 0, ImmediateOops: 0, NonImmediateOops: No
[2,238s][debug][gc,nmethod     ] Register NMethod: java.lang.invoke.MethodHandle.linkToSpecial (0x0000794416cbc788) [0x0000794416cbc880, 0x0000794416cbc978] Compiler: , Barriers: 0, Oops: 0, ImmediateOops: 0, NonImmediateOops: No
[2,238s][debug][gc,nmethod     ] Register NMethod: java.lang.invoke.LambdaForm.methodType (0x00007943f75bd008) [0x00007943f75bd100, 0x00007943f75bd8f8] Compiler: c1, Barriers: 9, Oops: 0, ImmediateOops: 1, NonImmediateOops: No
[2,238s][debug][gc,nmethod     ] Register NMethod: java.lang.invoke.LambdaForm$Name.<init> (0x00007943f74c2e08) [0x00007943f74c2f00, 0x00007943f74c41a8] Compiler: c1, Barriers: 11, Oops: 0, ImmediateOops: 0, NonImmediateOops: No
[2,238s][debug][gc,nmethod     ] Register NMethod: java.lang.invoke.MethodHandle.linkToSpecial (0x0000794416cbca88) [0x0000794416cbcb80, 0x0000794416cbcc78] Compiler: , Barriers: 0, Oops: 0, ImmediateOops: 0, NonImmediateOops: No
[2,239s][debug][gc,nmethod     ] Register NMethod: java.lang.invoke.MethodHandle.linkToSpecial (0x0000794416cbcd88) [0x0000794416cbce80, 0x0000794416cbcf78] Compiler: , Barriers: 0, Oops: 0, ImmediateOops: 0, NonImmediateOops: No
[2,239s][debug][gc,nmethod     ] Register NMethod: java.lang.invoke.MethodHandle.invokeBasic (0x0000794416cbd088) [0x0000794416cbd180, 0x0000794416cbd418] Compiler: , Barriers: 0, Oops: 0, ImmediateOops: 0, NonImmediateOops: No
[2,239s][debug][gc,nmethod     ] Register NMethod: java.lang.invoke.MethodHandle.linkToSpecial (0x0000794416cbd488) [0x0000794416cbd580, 0x0000794416cbd678] Compiler: , Barriers: 0, Oops: 0, ImmediateOops: 0, NonImmediateOops: No
[2,239s][debug][gc,nmethod     ] Register NMethod: java.nio.Buffer.session (0x00007943f7486888) [0x00007943f7486980, 0x00007943f7486d88] Compiler: c1, Barriers: 1, Oops: 0, ImmediateOops: 0, NonImmediateOops: No
[2,239s][debug][gc,nmethod     ] Register NMethod: java.lang.invoke.VarHandleByteArrayAsInts$ArrayHandle.set (0x00007943f74c2508) [0x00007943f74c2600, 0x00007943f74c2db0] Compiler: c1, Barriers: 0, Oops: 2, ImmediateOops: 2, NonImmediateOops: No
[2,240s][debug][gc,nmethod     ] Register NMethod: jdk.internal.classfile.impl.AbstractPoolEntry$AbstractRefsEntry.<init> (0x0000794416cbd788) [0x0000794416cbd880, 0x0000794416cbdb58] Compiler: jvmci, Barriers: 9, Oops: 0, ImmediateOops: 0, NonImmediateOops: No
[2,241s][debug][gc,nmethod     ] Register NMethod: java.lang.invoke.MethodHandle.linkToStatic (0x0000794416cbdb88) [0x0000794416cbdc80, 0x0000794416cbdd70] Compiler: , Barriers: 0, Oops: 0, ImmediateOops: 0, NonImmediateOops: No
[2,241s][debug][gc,nmethod     ] Register NMethod: java.lang.invoke.MethodHandle.linkToStatic (0x0000794416cbde88) [0x0000794416cbdf80, 0x0000794416cbe070] Compiler: , Barriers: 0, Oops: 0, ImmediateOops: 0, NonImmediateOops: No
[2,242s][debug][gc,nmethod     ] Register NMethod: java.util.concurrent.locks.ReentrantLock$NonfairSync.initialTryLock (0x00007943f75e5a88) [0x00007943f75e5b80, 0x00007943f75e6870] Compiler: c1, Barriers: 5, Oops: 0, ImmediateOops: 1, NonImmediateOops: No
[2,242s][debug][gc,nmethod     ] Register NMethod: java.util.concurrent.locks.ReentrantLock.unlock (0x00007943f75e5308) [0x00007943f75e5400, 0x00007943f75e5a18] Compiler: c1, Barriers: 2, Oops: 0, ImmediateOops: 0, NonImmediateOops: No
[2,243s][debug][gc,nmethod     ] Register NMethod: ch.qos.logback.classic.Logger.getName (0x0000794416cbe188) [0x0000794416cbe280, 0x0000794416cbe368] Compiler: c1, Barriers: 1, Oops: 1, ImmediateOops: 0, NonImmediateOops: No
[2,244s][debug][gc,nmethod     ] Register NMethod: jdk.internal.classfile.impl.AbstractPoolEntry$AbstractRefsEntry.writeTo (0x0000794416cbe488) [0x0000794416cbe580, 0x0000794416cbece0] Compiler: jvmci, Barriers: 6, Oops: 0, ImmediateOops: 0, NonImmediateOops: No
[2,246s][debug][gc,nmethod     ] Register NMethod: sun.nio.fs.UnixPath.isEmpty (0x00007943f75e5008) [0x00007943f75e5100, 0x00007943f75e5288] Compiler: c1, Barriers: 1, Oops: 0, ImmediateOops: 0, NonImmediateOops: No
[2,248s][debug][gc,director    ] Rule Major: Warmup 10%, Used: 288MB, UsedThreshold: 1228MB
[2,248s][debug][gc,nmethod     ] Register NMethod: jdk.internal.foreign.SegmentFactories.initNativeMemory (0x00007943f75e4a08) [0x00007943f75e4b00, 0x00007943f75e4d20] Compiler: c1, Barriers: 0, Oops: 0, ImmediateOops: 0, NonImmediateOops: No
[2,248s][debug][gc,nmethod     ] Register NMethod: jdk.internal.misc.Unsafe.getAndAddLong (0x00007943f760df08) [0x00007943f760e000, 0x00007943f760e3f0] Compiler: c1, Barriers: 0, Oops: 0, ImmediateOops: 0, NonImmediateOops: No
[2,248s][debug][gc,nmethod     ] Register NMethod: java.lang.invoke.MethodHandleNatives.getCharType (0x00007943f760db08) [0x00007943f760dc00, 0x00007943f760def8] Compiler: c1, Barriers: 0, Oops: 0, ImmediateOops: 0, NonImmediateOops: No
[2,248s][debug][gc,nmethod     ] Register NMethod: jdk.internal.foreign.SegmentFactories.initNativeMemory (0x00007943f760d808) [0x00007943f760d900, 0x00007943f760daa0] Compiler: c1, Barriers: 0, Oops: 0, ImmediateOops: 0, NonImmediateOops: No
[2,250s][debug][gc,nmethod     ] Register NMethod: java.lang.invoke.MethodHandle.linkToStatic (0x0000794416cbed08) [0x0000794416cbee00, 0x0000794416cbeef0] Compiler: , Barriers: 0, Oops: 0, ImmediateOops: 0, NonImmediateOops: No
[2,250s][debug][gc,nmethod     ] Register NMethod: jdk.internal.classfile.impl.StackMapGenerator.processLdc (0x00007943f7a51c08) [0x00007943f7a51d00, 0x00007943f7a57928] Compiler: c1, Barriers: 31, Oops: 2, ImmediateOops: 20, NonImmediateOops: No
[2,250s][debug][gc,nmethod     ] Register NMethod: org.magicwerk.brownies.collections.GapList.size (0x0000794416cbf008) [0x0000794416cbf100, 0x0000794416cbf1c0] Compiler: c1, Barriers: 0, Oops: 1, ImmediateOops: 0, NonImmediateOops: No
[2,250s][debug][gc,nmethod     ] Register NMethod: java.lang.invoke.DirectMethodHandle$Holder.invokeStatic (0x00007943f760d308) [0x00007943f760d400, 0x00007943f760d7c8] Compiler: c1, Barriers: 1, Oops: 0, ImmediateOops: 0, NonImmediateOops: No
[2,250s][debug][gc,nmethod     ] Register NMethod: java.lang.invoke.MethodHandle.linkToSpecial (0x0000794416cbf308) [0x0000794416cbf400, 0x0000794416cbf4f8] Compiler: , Barriers: 0, Oops: 0, ImmediateOops: 0, NonImmediateOops: No
[2,251s][debug][gc,nmethod     ] Register NMethod: java.lang.invoke.MethodHandle.linkToSpecial (0x0000794416cbf608) [0x0000794416cbf700, 0x0000794416cbf7f8] Compiler: , Barriers: 0, Oops: 0, ImmediateOops: 0, NonImmediateOops: No
[2,251s][debug][gc,nmethod     ] Register NMethod: java.lang.invoke.MethodHandle.invokeBasic (0x0000794416cbf908) [0x0000794416cbfa00, 0x0000794416cbfc98] Compiler: , Barriers: 0, Oops: 0, ImmediateOops: 0, NonImmediateOops: No
[2,251s][debug][gc,nmethod     ] Register NMethod: java.lang.invoke.MethodHandle.linkToSpecial (0x0000794416cbfd08) [0x0000794416cbfe00, 0x0000794416cbfef8] Compiler: , Barriers: 0, Oops: 0, ImmediateOops: 0, NonImmediateOops: No
[2,251s][debug][gc,nmethod     ] Register NMethod: jdk.internal.classfile.impl.Util.parameterSlots (0x0000794416cc0008) [0x0000794416cc0100, 0x0000794416cc02c8] Compiler: jvmci, Barriers: 2, Oops: 0, ImmediateOops: 2, NonImmediateOops: No
[2,251s][debug][gc,nmethod     ] Register NMethod: java.lang.invoke.MethodHandle.linkToSpecial (0x0000794416cc0308) [0x0000794416cc0400, 0x0000794416cc04f8] Compiler: , Barriers: 0, Oops: 0, ImmediateOops: 0, NonImmediateOops: No
[2,252s][debug][gc,nmethod     ] Register NMethod: java.lang.invoke.MethodHandle.linkToSpecial (0x0000794416cc0608) [0x0000794416cc0700, 0x0000794416cc07f8] Compiler: , Barriers: 0, Oops: 0, ImmediateOops: 0, NonImmediateOops: No
[2,252s][debug][gc,nmethod     ] Register NMethod: java.lang.invoke.MethodHandle.invokeBasic (0x0000794416cc0908) [0x0000794416cc0a00, 0x0000794416cc0c98] Compiler: , Barriers: 0, Oops: 0, ImmediateOops: 0, NonImmediateOops: No
[2,252s][debug][gc,nmethod     ] Register NMethod: java.lang.invoke.MethodHandle.linkToSpecial (0x0000794416cc0d08) [0x0000794416cc0e00, 0x0000794416cc0ef8] Compiler: , Barriers: 0, Oops: 0, ImmediateOops: 0, NonImmediateOops: No
[2,252s][debug][gc,nmethod     ] Register NMethod: java.lang.invoke.LambdaForm.compileToBytecode (0x00007943f760c808) [0x00007943f760c900, 0x00007943f760d2e0] Compiler: c1, Barriers: 9, Oops: 1, ImmediateOops: 4, NonImmediateOops: No
[2,252s][debug][gc,nmethod     ] Register NMethod: java.lang.invoke.MethodType.methodType (0x0000794416cc1008) [0x0000794416cc1100, 0x0000794416cc1ed0] Compiler: jvmci, Barriers: 25, Oops: 3, ImmediateOops: 9, NonImmediateOops: No
[2,253s][debug][gc,nmethod     ] Register NMethod: java.lang.invoke.MethodHandle.linkToStatic (0x0000794416cc1f08) [0x0000794416cc2000, 0x0000794416cc20f0] Compiler: , Barriers: 0, Oops: 0, ImmediateOops: 0, NonImmediateOops: No
[2,254s][debug][gc,nmethod     ] Register NMethod: java.util.concurrent.atomic.AtomicReference.get (0x0000794416cc2208) [0x0000794416cc2300, 0x0000794416cc23e8] Compiler: c1, Barriers: 1, Oops: 0, ImmediateOops: 0, NonImmediateOops: No
[2,254s][debug][gc,nmethod     ] Register NMethod: java.lang.Thread.isInterrupted (0x0000794416cc2508) [0x0000794416cc2600, 0x0000794416cc26c0] Compiler: c1, Barriers: 0, Oops: 0, ImmediateOops: 0, NonImmediateOops: No
[2,254s][debug][gc,nmethod     ] Register NMethod: java.lang.Thread.isVirtual (0x00007943f760c388) [0x00007943f760c480, 0x00007943f760c788] Compiler: c1, Barriers: 0, Oops: 0, ImmediateOops: 0, NonImmediateOops: No
[2,254s][debug][gc,nmethod     ] Register NMethod: java.lang.invoke.Invokers$Holder.linkToTargetMethod (0x00007943f7422188) [0x00007943f7422280, 0x00007943f7422778] Compiler: c1, Barriers: 0, Oops: 0, ImmediateOops: 0, NonImmediateOops: No
[2,254s][debug][gc,nmethod     ] Register NMethod: java.util.BitSet.<init> (0x00007943f7421108) [0x00007943f7421200, 0x00007943f7422148] Compiler: c1, Barriers: 3, Oops: 1, ImmediateOops: 2, NonImmediateOops: No
[2,255s][debug][gc,nmethod     ] Register NMethod: jdk.internal.misc.Unsafe.getReference (0x0000794416cc2808) [0x0000794416cc2900, 0x0000794416cc2c30] Compiler: , Barriers: 0, Oops: 0, ImmediateOops: 0, NonImmediateOops: No
[2,255s][debug][gc,nmethod     ] Register NMethod: jdk.internal.misc.Unsafe.toUnsignedLong (0x00007943f760bf08) [0x00007943f760c000, 0x00007943f760c0f0] Compiler: c1, Barriers: 0, Oops: 0, ImmediateOops: 0, NonImmediateOops: No
[2,255s][debug][gc,nmethod     ] Register NMethod: java.util.concurrent.ConcurrentHashMap.putIfAbsent (0x00007943f7420d08) [0x00007943f7420e00, 0x00007943f7421100] Compiler: c1, Barriers: 0, Oops: 0, ImmediateOops: 0, NonImmediateOops: No
[2,255s][debug][gc,nmethod     ] Register NMethod: jdk.internal.misc.ScopedMemoryAccess.copyMemory (0x00007943f7a57988) [0x00007943f7a57a80, 0x00007943f7a58df8] Compiler: c1, Barriers: 5, Oops: 0, ImmediateOops: 5, NonImmediateOops: No
[2,256s][debug][gc,nmethod     ] Register NMethod: java.lang.invoke.MethodHandle.linkToSpecial (0x0000794416cc2c88) [0x0000794416cc2d80, 0x0000794416cc2e78] Compiler: , Barriers: 0, Oops: 0, ImmediateOops: 0, NonImmediateOops: No
[2,256s][debug][gc,nmethod     ] Register NMethod: java.lang.invoke.MethodHandle.invokeBasic (0x0000794416cc2f88) [0x0000794416cc3080, 0x0000794416cc3318] Compiler: , Barriers: 0, Oops: 0, ImmediateOops: 0, NonImmediateOops: No
[2,256s][debug][gc,nmethod     ] Register NMethod: jdk.internal.misc.CDS.isLoggingLambdaFormInvokers (0x00007943f7420a08) [0x00007943f7420b00, 0x00007943f7420bf8] Compiler: c1, Barriers: 0, Oops: 0, ImmediateOops: 0, NonImmediateOops: No
[2,256s][debug][gc,nmethod     ] Register NMethod: java.lang.invoke.MethodHandle.linkToSpecial (0x0000794416cc3388) [0x0000794416cc3480, 0x0000794416cc3578] Compiler: , Barriers: 0, Oops: 0, ImmediateOops: 0, NonImmediateOops: No
[2,256s][debug][gc,nmethod     ] Register NMethod: java.lang.invoke.MethodHandle.invokeBasic (0x0000794416cc3688) [0x0000794416cc3780, 0x0000794416cc3a18] Compiler: , Barriers: 0, Oops: 0, ImmediateOops: 0, NonImmediateOops: No
[2,256s][debug][gc,nmethod     ] Register NMethod: jdk.internal.constant.ArrayClassDescImpl.descriptorString (0x00007943f7a58e08) [0x00007943f7a58f00, 0x00007943f7a5b9e0] Compiler: c1, Barriers: 11, Oops: 0, ImmediateOops: 5, NonImmediateOops: No
[2,257s][debug][gc,nmethod     ] Register NMethod: jdk.internal.misc.ScopedMemoryAccess.getIntUnalignedInternal (0x00007943f7420188) [0x00007943f7420280, 0x00007943f74209f8] Compiler: c1, Barriers: 2, Oops: 0, ImmediateOops: 3, NonImmediateOops: No
[2,257s][debug][gc,nmethod     ] Register NMethod: jdk.internal.misc.ScopedMemoryAccess.getIntUnaligned (0x00007943f7a5ba08) [0x00007943f7a5bb00, 0x00007943f7a5c968] Compiler: c1, Barriers: 3, Oops: 0, ImmediateOops: 3, NonImmediateOops: No
[2,257s][debug][gc,nmethod     ] Register NMethod: jdk.internal.classfile.impl.DirectCodeBuilder.invokestatic (0x00007943f7a5c988) [0x00007943f7a5ca80, 0x00007943f7a5d5f0] Compiler: c1, Barriers: 2, Oops: 0, ImmediateOops: 0, NonImmediateOops: No
[2,257s][debug][gc,nmethod     ] Register NMethod: java.lang.invoke.MethodHandle.invokeBasic (0x0000794416cc3a88) [0x0000794416cc3b80, 0x0000794416cc3e18] Compiler: , Barriers: 0, Oops: 0, ImmediateOops: 0, NonImmediateOops: No
[2,257s][debug][gc,nmethod     ] Register NMethod: java.lang.invoke.MethodHandle.linkToSpecial (0x0000794416cc3e88) [0x0000794416cc3f80, 0x0000794416cc4078] Compiler: , Barriers: 0, Oops: 0, ImmediateOops: 0, NonImmediateOops: No
[2,258s][debug][gc,director    ] Rule Major: Warmup 10%, Used: 290MB, UsedThreshold: 1228MB
[2,258s][debug][gc,nmethod     ] Register NMethod: java.lang.invoke.MethodHandle.invokeBasic (0x0000794416cc4188) [0x0000794416cc4280, 0x0000794416cc4518] Compiler: , Barriers: 0, Oops: 0, ImmediateOops: 0, NonImmediateOops: No
[2,259s][debug][gc,nmethod     ] Register NMethod: java.lang.invoke.VarHandleGuards.guard_LJ_I (0x00007943f7a5d608) [0x00007943f7a5d700, 0x00007943f7a605c0] Compiler: c1, Barriers: 28, Oops: 0, ImmediateOops: 2, NonImmediateOops: No
[2,259s][debug][gc,nmethod     ] Register NMethod: jdk.internal.util.Architecture.isLittleEndian (0x0000794416cc4588) [0x0000794416cc4680, 0x0000794416cc4720] Compiler: c1, Barriers: 0, Oops: 0, ImmediateOops: 0, NonImmediateOops: No
[2,259s][debug][gc,nmethod     ] Register NMethod: java.util.concurrent.ConcurrentHashMap$ReservationNode.<init> (0x00007943f741fc88) [0x00007943f741fd80, 0x00007943f7420048] Compiler: c1, Barriers: 6, Oops: 0, ImmediateOops: 0, NonImmediateOops: No
[2,259s][debug][gc,nmethod     ] Register NMethod: io.sirix.page.KeyValueLeafPage.alignOffset (0x00007943f7a60608) [0x00007943f7a60700, 0x00007943f7a607e8] Compiler: c1, Barriers: 0, Oops: 1, ImmediateOops: 0, NonImmediateOops: No
[2,259s][debug][gc,nmethod     ] Register NMethod: jdk.internal.foreign.Utils.isElementAligned (0x00007943f7a60908) [0x00007943f7a60a00, 0x00007943f7a60f60] Compiler: c1, Barriers: 0, Oops: 0, ImmediateOops: 0, NonImmediateOops: No
[2,259s][debug][gc,nmethod     ] Register NMethod: jdk.internal.foreign.Utils.checkElementAlignment (0x00007943f7a60f88) [0x00007943f7a61080, 0x00007943f7a61728] Compiler: c1, Barriers: 0, Oops: 0, ImmediateOops: 0, NonImmediateOops: No
[2,260s][debug][gc,nmethod     ] Register NMethod: io.sirix.page.PageReference.setPage (0x0000794416cc4888) [0x0000794416cc4980, 0x0000794416cc4ab0] Compiler: c1, Barriers: 3, Oops: 1, ImmediateOops: 0, NonImmediateOops: No
[2,261s][debug][gc,nmethod     ] Register NMethod: jdk.internal.misc.ScopedMemoryAccess.getScopedMemoryAccess (0x00007943f7a61788) [0x00007943f7a61880, 0x00007943f7a61968] Compiler: c1, Barriers: 0, Oops: 0, ImmediateOops: 1, NonImmediateOops: No
[2,261s][debug][gc,nmethod     ] Register NMethod: java.io.ByteArrayInputStream.read (0x00007943f7a61a88) [0x00007943f7a61b80, 0x00007943f7a62268] Compiler: c1, Barriers: 1, Oops: 0, ImmediateOops: 0, NonImmediateOops: No
[2,261s][debug][gc,nmethod     ] Register NMethod: jdk.internal.foreign.AbstractMemorySegmentImpl.asSlice (0x0000794416cc4b88) [0x0000794416cc4c80, 0x0000794416cc4f98] Compiler: jvmci, Barriers: 5, Oops: 0, ImmediateOops: 0, NonImmediateOops: No
[2,261s][debug][gc,nmethod     ] Register NMethod: jdk.internal.foreign.AbstractMemorySegmentImpl.asSlice (0x0000794416cc5008) [0x0000794416cc5100, 0x0000794416cc5418] Compiler: jvmci, Barriers: 5, Oops: 0, ImmediateOops: 0, NonImmediateOops: No
[2,261s][debug][gc,nmethod     ] Register NMethod: com.github.benmanes.caffeine.cache.BoundedLocalCache.expiresVariable (0x0000794416cc5488) [0x0000794416cc5580, 0x0000794416cc5640] Compiler: c1, Barriers: 0, Oops: 1, ImmediateOops: 0, NonImmediateOops: No
[2,261s][debug][gc,nmethod     ] Register NMethod: io.sirix.page.KeyValueLeafPage.getSlot (0x00007943f7a62288) [0x00007943f7a62380, 0x00007943f7a78588] Compiler: c1, Barriers: 194, Oops: 13, ImmediateOops: 50, NonImmediateOops: No
[2,261s][debug][gc,nmethod     ] Register NMethod: java.lang.Thread.getAndClearInterrupt (0x00007943f7a78608) [0x00007943f7a78700, 0x00007943f7a78880] Compiler: c1, Barriers: 0, Oops: 0, ImmediateOops: 0, NonImmediateOops: No
[2,261s][debug][gc,nmethod     ] Register NMethod: jdk.internal.misc.Unsafe.getReferenceAcquire (0x0000794416cc5788) [0x0000794416cc5880, 0x0000794416cc5930] Compiler: jvmci, Barriers: 1, Oops: 0, ImmediateOops: 0, NonImmediateOops: No
[2,261s][debug][gc,nmethod     ] Register NMethod: java.lang.Thread.interrupted (0x00007943f7a78908) [0x00007943f7a78a00, 0x00007943f7a78dc8] Compiler: c1, Barriers: 1, Oops: 0, ImmediateOops: 0, NonImmediateOops: No
[2,261s][debug][gc,nmethod     ] Register NMethod: io.sirix.access.trx.page.NodePageReadOnlyTrx.assertNotClosed (0x00007943f7a78e08) [0x00007943f7a78f00, 0x00007943f7a79118] Compiler: c1, Barriers: 0, Oops: 1, ImmediateOops: 1, NonImmediateOops: No
[2,261s][debug][gc,nmethod     ] Register NMethod: java.lang.Long.bitCount (0x00007943f7a79188) [0x00007943f7a79280, 0x00007943f7a793e8] Compiler: c1, Barriers: 0, Oops: 0, ImmediateOops: 0, NonImmediateOops: No
[2,262s][debug][gc,nmethod     ] Register NMethod: jdk.internal.misc.Unsafe.getAndAddInt (0x00007943f7a79488) [0x00007943f7a79580, 0x00007943f7a79958] Compiler: c1, Barriers: 0, Oops: 0, ImmediateOops: 0, NonImmediateOops: No
[2,262s][debug][gc,nmethod     ] Register NMethod: com.github.benmanes.caffeine.cache.BoundedLocalCache$BoundedLocalManualCache.cache (0x0000794416cc5a88) [0x0000794416cc5b80, 0x0000794416cc5c68] Compiler: c1, Barriers: 1, Oops: 1, ImmediateOops: 0, NonImmediateOops: No
[2,262s][debug][gc,nmethod     ] Register NMethod: com.github.benmanes.caffeine.cache.BoundedLocalCache.expiresAfterWrite (0x0000794416cc5d88) [0x0000794416cc5e80, 0x0000794416cc5f40] Compiler: c1, Barriers: 0, Oops: 1, ImmediateOops: 0, NonImmediateOops: No
[2,262s][debug][gc,nmethod     ] Register NMethod: jdk.internal.misc.Unsafe.convEndian (0x00007943f7a79988) [0x00007943f7a79a80, 0x00007943f7a79bd8] Compiler: c1, Barriers: 0, Oops: 0, ImmediateOops: 0, NonImmediateOops: No
[2,262s][debug][gc,nmethod     ] Register NMethod: jdk.internal.foreign.AbstractMemorySegmentImpl.get (0x00007943f7a79c88) [0x00007943f7a79d80, 0x00007943f7a7d6b0] Compiler: c1, Barriers: 27, Oops: 5, ImmediateOops: 12, NonImmediateOops: No
[2,262s][debug][gc,nmethod     ] Register NMethod: jdk.internal.misc.Unsafe.putIntVolatile (0x0000794416cc6088) [0x0000794416cc6180, 0x0000794416cc62d8] Compiler: , Barriers: 0, Oops: 0, ImmediateOops: 0, NonImmediateOops: No
[2,262s][debug][gc,nmethod     ] Register NMethod: java.lang.invoke.VarHandleSegmentAsInts.get (0x00007943f7a7d708) [0x00007943f7a7d800, 0x00007943f7a82ca0] Compiler: c1, Barriers: 24, Oops: 2, ImmediateOops: 6, NonImmediateOops: No
[2,263s][debug][gc,nmethod     ] Register NMethod: java.lang.invoke.VarHandleSegmentAsInts.get (0x00007943f7a82d08) [0x00007943f7a82e00, 0x00007943f7a88028] Compiler: c1, Barriers: 24, Oops: 2, ImmediateOops: 6, NonImmediateOops: No
[2,263s][debug][gc,nmethod     ] Register NMethod: com.github.benmanes.caffeine.cache.DisabledTicker.read (0x0000794416cc6388) [0x0000794416cc6480, 0x0000794416cc6540] Compiler: c1, Barriers: 0, Oops: 1, ImmediateOops: 0, NonImmediateOops: No
[2,263s][debug][gc,nmethod     ] Register NMethod: java.util.concurrent.locks.AbstractQueuedSynchronizer.signalNext (0x00007943f7a88088) [0x00007943f7a88180, 0x00007943f7a893f8] Compiler: c1, Barriers: 2, Oops: 0, ImmediateOops: 2, NonImmediateOops: No
[2,263s][debug][gc,nmethod     ] Register NMethod: java.lang.Class.componentType (0x00007943f7a89408) [0x00007943f7a89500, 0x00007943f7a89800] Compiler: c1, Barriers: 1, Oops: 0, ImmediateOops: 0, NonImmediateOops: No
[2,263s][debug][gc,nmethod     ] Register NMethod: java.util.concurrent.atomic.AtomicLong.incrementAndGet (0x00007943f7a89808) [0x00007943f7a89900, 0x00007943f7a89a18] Compiler: c1, Barriers: 0, Oops: 0, ImmediateOops: 0, NonImmediateOops: No
[2,263s][debug][gc,nmethod     ] Register NMethod: java.util.Arrays.fill (0x0000794416cc6688) [0x0000794416cc6780, 0x0000794416cc6978] Compiler: jvmci, Barriers: 0, Oops: 0, ImmediateOops: 0, NonImmediateOops: No
[2,263s][debug][gc,nmethod     ] Register NMethod: jdk.internal.foreign.Utils$BaseAndScale$$TypeSwitch/0x00000000a921c880.typeSwitch (0x00007943f7a89b08) [0x00007943f7a89c00, 0x00007943f7a8af28] Compiler: c1, Barriers: 0, Oops: 0, ImmediateOops: 0, NonImmediateOops: No
[2,263s][debug][gc,nmethod     ] Register NMethod: java.util.concurrent.ForkJoinPool.slotOffset (0x0000794416cc6988) [0x0000794416cc6a80, 0x0000794416cc6af0] Compiler: jvmci, Barriers: 0, Oops: 0, ImmediateOops: 0, NonImmediateOops: No
[2,264s][debug][gc,nmethod     ] Register NMethod: jdk.internal.foreign.Utils$BaseAndScale.of (0x00007943f7a8af88) [0x00007943f7a8b080, 0x00007943f7a8c698] Compiler: c1, Barriers: 1, Oops: 2, ImmediateOops: 10, NonImmediateOops: No
[2,267s][debug][gc,nmethod     ] Register NMethod: io.sirix.page.KeyValueLeafPage.getSlot (0x0000794416cc6c88) [0x0000794416cc6d80, 0x0000794416cc74d0] Compiler: jvmci, Barriers: 9, Oops: 4, ImmediateOops: 0, NonImmediateOops: No
[2,268s][debug][gc,director    ] Rule Major: Warmup 10%, Used: 290MB, UsedThreshold: 1228MB
[2,270s][debug][gc,nmethod     ] Register NMethod: java.lang.ref.Cleaner$1.apply (0x0000794416cc7508) [0x0000794416cc7600, 0x0000794416cc7740] Compiler: jvmci, Barriers: 1, Oops: 0, ImmediateOops: 0, NonImmediateOops: No
[2,271s][debug][gc,nmethod     ] Register NMethod: jdk.internal.util.ReferencedKeyMap.getNoCheckStale (0x0000794416cc7808) [0x0000794416cc7900, 0x0000794416cc8e68] Compiler: jvmci, Barriers: 36, Oops: 1, ImmediateOops: 1, NonImmediateOops: No
[2,272s][debug][gc,nmethod     ] Register NMethod: io.sirix.settings.Fixed.getStandardProperty (0x0000794416cc8e88) [0x0000794416cc8f80, 0x0000794416cc9040] Compiler: c1, Barriers: 0, Oops: 1, ImmediateOops: 0, NonImmediateOops: No
[2,272s][debug][gc,nmethod     ] Register NMethod: jdk.internal.foreign.NativeMemorySegmentImpl.address (0x0000794416cc9188) [0x0000794416cc9280, 0x0000794416cc9340] Compiler: c1, Barriers: 0, Oops: 0, ImmediateOops: 0, NonImmediateOops: No
[2,273s][debug][gc,nmethod     ] Register NMethod: jdk.internal.misc.ScopedMemoryAccess.putIntUnalignedInternal (0x00007943f7a8c708) [0x00007943f7a8c800, 0x00007943f7a8cf88] Compiler: c1, Barriers: 2, Oops: 0, ImmediateOops: 3, NonImmediateOops: No
[2,273s][debug][gc,nmethod     ] Register NMethod: jdk.internal.misc.ScopedMemoryAccess.putIntUnaligned (0x00007943f7a8d008) [0x00007943f7a8d100, 0x00007943f7a8df88] Compiler: c1, Barriers: 3, Oops: 0, ImmediateOops: 3, NonImmediateOops: No
[2,273s][debug][gc,nmethod     ] Register NMethod: sun.invoke.util.VerifyAccess.isModuleAccessible (0x00007943f7a8e008) [0x00007943f7a8e100, 0x00007943f7a8fd38] Compiler: c1, Barriers: 2, Oops: 0, ImmediateOops: 0, NonImmediateOops: No
[2,274s][debug][gc,nmethod     ] Register NMethod: io.sirix.page.RevisionRootPage.delegate (0x0000794416cc9488) [0x0000794416cc9580, 0x0000794416cc9668] Compiler: c1, Barriers: 1, Oops: 1, ImmediateOops: 0, NonImmediateOops: No
[2,275s][debug][gc,nmethod     ] Register NMethod: java.util.Arrays.fill (0x0000794416cc9788) [0x0000794416cc9880, 0x0000794416cc9a30] Compiler: jvmci, Barriers: 0, Oops: 0, ImmediateOops: 0, NonImmediateOops: No
[2,275s][debug][gc,nmethod     ] Register NMethod: jdk.internal.foreign.layout.AbstractLayout.name (0x0000794416cc9a88) [0x0000794416cc9b80, 0x0000794416cc9c68] Compiler: c1, Barriers: 1, Oops: 0, ImmediateOops: 0, NonImmediateOops: No
[2,275s][debug][gc,nmethod     ] Register NMethod: jdk.internal.foreign.layout.AbstractGroupLayout.memberLayouts (0x0000794416cc9d88) [0x0000794416cc9e80, 0x0000794416cc9f68] Compiler: c1, Barriers: 1, Oops: 0, ImmediateOops: 0, NonImmediateOops: No
[2,275s][debug][gc,nmethod     ] Register NMethod: java.lang.invoke.MethodHandle.invokeBasic (0x0000794416cca088) [0x0000794416cca180, 0x0000794416cca418] Compiler: , Barriers: 0, Oops: 0, ImmediateOops: 0, NonImmediateOops: No
[2,275s][debug][gc,nmethod     ] Register NMethod: jdk.internal.misc.Unsafe.getIntOpaque (0x00007943f7a8fd88) [0x00007943f7a8fe80, 0x00007943f7a8ff80] Compiler: c1, Barriers: 0, Oops: 0, ImmediateOops: 0, NonImmediateOops: No
[2,275s][debug][gc,nmethod     ] Register NMethod: java.lang.invoke.VarHandleGuards.guard_L_I (0x00007943f7a90088) [0x00007943f7a90180, 0x00007943f7a93020] Compiler: c1, Barriers: 28, Oops: 0, ImmediateOops: 2, NonImmediateOops: No
[2,275s][debug][gc,nmethod     ] Register NMethod: java.lang.invoke.VarHandleInts$FieldInstanceReadOnly.getOpaque (0x00007943f7a93088) [0x00007943f7a93180, 0x00007943f7a93d90] Compiler: c1, Barriers: 1, Oops: 1, ImmediateOops: 1, NonImmediateOops: No
[2,276s][debug][gc,nmethod     ] Register NMethod: com.github.benmanes.caffeine.cache.BLCHeader$DrainStatusRef.drainStatusOpaque (0x00007943f7a93e08) [0x00007943f7a93f00, 0x00007943f7a94d40] Compiler: c1, Barriers: 0, Oops: 6, ImmediateOops: 6, NonImmediateOops: No
[2,276s][debug][gc,nmethod     ] Register NMethod: java.lang.Integer.valueOf (0x0000794416cca488) [0x0000794416cca580, 0x0000794416cca6f0] Compiler: jvmci, Barriers: 1, Oops: 0, ImmediateOops: 1, NonImmediateOops: No
[2,276s][debug][gc,nmethod     ] Register NMethod: io.sirix.page.RevisionRootPage.getRevision (0x0000794416cca788) [0x0000794416cca880, 0x0000794416cca940] Compiler: c1, Barriers: 0, Oops: 1, ImmediateOops: 0, NonImmediateOops: No
[2,277s][debug][gc,nmethod     ] Register NMethod: java.lang.invoke.VarHandleReferences$FieldInstanceReadWrite.compareAndSet (0x0000794416ccaa88) [0x0000794416ccab80, 0x0000794416ccb2b8] Compiler: jvmci, Barriers: 7, Oops: 0, ImmediateOops: 0, NonImmediateOops: No
[2,278s][debug][gc,director    ] Rule Major: Warmup 10%, Used: 290MB, UsedThreshold: 1228MB
[2,280s][debug][gc,nmethod     ] Register NMethod: java.util.BitSet.recalculateWordsInUse (0x00007943f7a94d88) [0x00007943f7a94e80, 0x00007943f7a950c0] Compiler: c1, Barriers: 1, Oops: 0, ImmediateOops: 0, NonImmediateOops: No
[2,280s][debug][gc,nmethod     ] Register NMethod: io.sirix.page.PageReference.getPage (0x0000794416ccb308) [0x0000794416ccb400, 0x0000794416ccb4e8] Compiler: c1, Barriers: 1, Oops: 1, ImmediateOops: 0, NonImmediateOops: No
[2,280s][debug][gc,nmethod     ] Register NMethod: jdk.internal.misc.Unsafe.getBooleanVolatile (0x0000794416ccb608) [0x0000794416ccb700, 0x0000794416ccb870] Compiler: , Barriers: 0, Oops: 0, ImmediateOops: 0, NonImmediateOops: No
[2,280s][debug][gc,nmethod     ] Register NMethod: jdk.internal.misc.Unsafe.getLongUnaligned (0x00007943f7a95108) [0x00007943f7a95200, 0x00007943f7a953e0] Compiler: c1, Barriers: 0, Oops: 0, ImmediateOops: 0, NonImmediateOops: No
[2,281s][debug][gc,nmethod     ] Register NMethod: jdk.internal.misc.Unsafe.pick (0x00007943f7a95408) [0x00007943f7a95500, 0x00007943f7a955f0] Compiler: c1, Barriers: 0, Oops: 0, ImmediateOops: 0, NonImmediateOops: No
[2,281s][debug][gc,nmethod     ] Register NMethod: io.sirix.page.KeyValueLeafPage.isClosed (0x0000794416ccb908) [0x0000794416ccba00, 0x0000794416ccbac0] Compiler: c1, Barriers: 0, Oops: 1, ImmediateOops: 0, NonImmediateOops: No
[2,281s][debug][gc,nmethod     ] Register NMethod: jdk.internal.misc.ScopedMemoryAccess.getLongUnalignedInternal (0x00007943f7a95708) [0x00007943f7a95800, 0x00007943f7a95f78] Compiler: c1, Barriers: 2, Oops: 0, ImmediateOops: 3, NonImmediateOops: No
[2,281s][debug][gc,nmethod     ] Register NMethod: jdk.internal.misc.ScopedMemoryAccess.getLongUnaligned (0x00007943f7a95f88) [0x00007943f7a96080, 0x00007943f7a96ee8] Compiler: c1, Barriers: 3, Oops: 0, ImmediateOops: 3, NonImmediateOops: No
[2,281s][debug][gc,nmethod     ] Register NMethod: io.sirix.cache.PageContainer.getModified (0x0000794416ccbc08) [0x0000794416ccbd00, 0x0000794416ccbde8] Compiler: c1, Barriers: 1, Oops: 1, ImmediateOops: 0, NonImmediateOops: No
[2,282s][debug][gc,nmethod     ] Register NMethod: jdk.internal.misc.Unsafe.putLongUnaligned (0x00007943f7a96f08) [0x00007943f7a97000, 0x00007943f7a97208] Compiler: c1, Barriers: 0, Oops: 0, ImmediateOops: 0, NonImmediateOops: No
[2,282s][debug][gc,nmethod     ] Register NMethod: jdk.internal.misc.ScopedMemoryAccess.putLongUnalignedInternal (0x00007943f7a97288) [0x00007943f7a97380, 0x00007943f7a97b08] Compiler: c1, Barriers: 2, Oops: 0, ImmediateOops: 3, NonImmediateOops: No
[2,282s][debug][gc,nmethod     ] Register NMethod: jdk.internal.misc.ScopedMemoryAccess.putLongUnaligned (0x00007943f7a97b88) [0x00007943f7a97c80, 0x00007943f7a98b08] Compiler: c1, Barriers: 3, Oops: 0, ImmediateOops: 3, NonImmediateOops: No
[2,282s][debug][gc,nmethod     ] Register NMethod: jdk.internal.foreign.AbstractMemorySegmentImpl.set (0x00007943f7a98b88) [0x00007943f7a98c80, 0x00007943f7a9e200] Compiler: c1, Barriers: 42, Oops: 6, ImmediateOops: 18, NonImmediateOops: No
[2,282s][debug][gc,nmethod     ] Register NMethod: java.lang.invoke.VarHandleSegmentAsInts.set (0x00007943f7a9e288) [0x00007943f7a9e380, 0x00007943f7aa3950] Compiler: c1, Barriers: 24, Oops: 2, ImmediateOops: 7, NonImmediateOops: No
[2,283s][debug][gc,nmethod     ] Register NMethod: java.util.LinkedHashMap.afterNodeAccess (0x00007943f7aa3988) [0x00007943f7aa3a80, 0x00007943f7aa4b30] Compiler: c1, Barriers: 54, Oops: 0, ImmediateOops: 0, NonImmediateOops: No
[2,283s][debug][gc,nmethod     ] Register NMethod: io.sirix.node.delegates.NodeDelegate.getNodeKey (0x0000794416ccbf08) [0x0000794416ccc000, 0x0000794416ccc0c0] Compiler: c1, Barriers: 0, Oops: 1, ImmediateOops: 0, NonImmediateOops: No
[2,283s][debug][gc,nmethod     ] Register NMethod: java.lang.invoke.MethodHandle.invokeBasic (0x0000794416ccc208) [0x0000794416ccc300, 0x0000794416ccc598] Compiler: , Barriers: 0, Oops: 0, ImmediateOops: 0, NonImmediateOops: No
[2,283s][debug][gc,nmethod     ] Register NMethod: io.sirix.access.trx.node.AbstractNodeReadOnlyTrx.assertNotClosed (0x00007943f7aa4b88) [0x00007943f7aa4c80, 0x00007943f7aa4e88] Compiler: c1, Barriers: 0, Oops: 1, ImmediateOops: 1, NonImmediateOops: No
[2,283s][debug][gc,nmethod     ] Register NMethod: io.sirix.access.trx.node.AbstractNodeReadOnlyTrx.getCurrentNode (0x0000794416ccc608) [0x0000794416ccc700, 0x0000794416ccc7e8] Compiler: c1, Barriers: 1, Oops: 1, ImmediateOops: 0, NonImmediateOops: No
[2,283s][debug][gc,nmethod     ] Register NMethod: io.sirix.node.xml.ElementNode.getNodeKey (0x0000794416ccc908) [0x0000794416ccca00, 0x0000794416cccac0] Compiler: c1, Barriers: 0, Oops: 1, ImmediateOops: 0, NonImmediateOops: No
[2,283s][debug][gc,nmethod     ] Register NMethod: java.util.concurrent.locks.ReentrantLock$Sync.lock (0x00007943f7aa4f08) [0x00007943f7aa5000, 0x00007943f7aa5578] Compiler: c1, Barriers: 0, Oops: 0, ImmediateOops: 0, NonImmediateOops: No
[2,283s][debug][gc,nmethod     ] Register NMethod: java.util.concurrent.locks.ReentrantLock.lock (0x00007943f7aa5588) [0x00007943f7aa5680, 0x00007943f7aa5e50] Compiler: c1, Barriers: 1, Oops: 0, ImmediateOops: 0, NonImmediateOops: No
[2,283s][debug][gc,nmethod     ] Register NMethod: io.sirix.cache.PageContainer.getComplete (0x0000794416cccc08) [0x0000794416cccd00, 0x0000794416cccde8] Compiler: c1, Barriers: 1, Oops: 1, ImmediateOops: 0, NonImmediateOops: No
[2,284s][debug][gc,nmethod     ] Register NMethod: java.lang.invoke.VarHandleGuards.guard_LJ_J (0x00007943f7aa5e88) [0x00007943f7aa5f80, 0x00007943f7aa8e40] Compiler: c1, Barriers: 28, Oops: 0, ImmediateOops: 2, NonImmediateOops: No
[2,284s][debug][gc,nmethod     ] Register NMethod: java.lang.invoke.VarHandleSegmentAsLongs.get (0x00007943f7aa8e88) [0x00007943f7aa8f80, 0x00007943f7aae1a8] Compiler: c1, Barriers: 24, Oops: 2, ImmediateOops: 6, NonImmediateOops: No
[2,284s][debug][gc,nmethod     ] Register NMethod: java.lang.invoke.VarHandleSegmentAsLongs.get (0x00007943f7aae208) [0x00007943f7aae300, 0x00007943f7ab37a0] Compiler: c1, Barriers: 24, Oops: 2, ImmediateOops: 6, NonImmediateOops: No
[2,284s][debug][gc,nmethod     ] Register NMethod: java.lang.invoke.MethodHandle.invokeBasic (0x0000794416cccf08) [0x0000794416ccd000, 0x0000794416ccd298] Compiler: , Barriers: 0, Oops: 0, ImmediateOops: 0, NonImmediateOops: No
[2,284s][debug][gc,nmethod     ] Register NMethod: sun.misc.Unsafe.isMemoryAccessWarned (0x00007943f7ab3808) [0x00007943f7ab3900, 0x00007943f7ab3a00] Compiler: c1, Barriers: 0, Oops: 0, ImmediateOops: 1, NonImmediateOops: No
[2,284s][debug][gc,nmethod     ] Register NMethod: sun.misc.Unsafe.beforeMemoryAccess (0x00007943f7ab3b08) [0x00007943f7ab3c00, 0x00007943f7ab3e08] Compiler: c1, Barriers: 0, Oops: 0, ImmediateOops: 1, NonImmediateOops: No
[2,284s][debug][gc,nmethod     ] Register NMethod: net.openhft.hashing.Access.i64 (0x00007943f7ab3e88) [0x00007943f7ab3f80, 0x00007943f7ab4280] Compiler: c1, Barriers: 0, Oops: 1, ImmediateOops: 0, NonImmediateOops: No
[2,284s][debug][gc,nmethod     ] Register NMethod: sun.misc.Unsafe.getLong (0x00007943f7ab4308) [0x00007943f7ab4400, 0x00007943f7ab4678] Compiler: c1, Barriers: 0, Oops: 0, ImmediateOops: 1, NonImmediateOops: No
[2,285s][debug][gc,nmethod     ] Register NMethod: net.openhft.hashing.UnsafeAccess.getLong (0x00007943f7ab4688) [0x00007943f7ab4780, 0x00007943f7ab4c20] Compiler: c1, Barriers: 0, Oops: 1, ImmediateOops: 2, NonImmediateOops: No
[2,285s][debug][gc,nmethod     ] Register NMethod: io.sirix.access.trx.page.NodePageReadOnlyTrx.pageKey (0x00007943f7ab4c88) [0x00007943f7ab4d80, 0x00007943f7ab5500] Compiler: c1, Barriers: 0, Oops: 1, ImmediateOops: 2, NonImmediateOops: No
[2,285s][debug][gc,nmethod     ] Register NMethod: jdk.internal.foreign.NativeMemorySegmentImpl.<init> (0x0000794416ccd308) [0x0000794416ccd420, 0x0000794416ccd520] Compiler: jvmci, Barriers: 3, Oops: 0, ImmediateOops: 0, NonImmediateOops: No
[2,285s][debug][gc,nmethod     ] Register NMethod: java.lang.invoke.VarHandleGuards.guard_LJJ_V (0x00007943f7ab5588) [0x00007943f7ab5680, 0x00007943f7aba250] Compiler: c1, Barriers: 46, Oops: 1, ImmediateOops: 6, NonImmediateOops: No
[2,285s][debug][gc,nmethod     ] Register NMethod: java.lang.invoke.VarHandleSegmentAsLongs.set (0x00007943f7aba288) [0x00007943f7aba380, 0x00007943f7abf6d8] Compiler: c1, Barriers: 24, Oops: 2, ImmediateOops: 7, NonImmediateOops: No
[2,285s][debug][gc,nmethod     ] Register NMethod: java.lang.invoke.VarHandleSegmentAsLongs.set (0x00007943f7abf708) [0x00007943f7abf800, 0x00007943f7ac4dd0] Compiler: c1, Barriers: 24, Oops: 2, ImmediateOops: 7, NonImmediateOops: No
[2,285s][debug][gc,nmethod     ] Register NMethod: io.sirix.access.trx.page.NodePageTrx.getMostRecentPageContainer (0x00007943f7ac4e08) [0x00007943f7ac4f00, 0x00007943f7ac5530] Compiler: c1, Barriers: 9, Oops: 1, ImmediateOops: 1, NonImmediateOops: No
[2,285s][debug][gc,nmethod     ] Register NMethod: io.sirix.api.PageReadOnlyTrx.recordPageOffset (0x00007943f7ac5588) [0x00007943f7ac5680, 0x00007943f7ac5778] Compiler: c1, Barriers: 0, Oops: 1, ImmediateOops: 0, NonImmediateOops: No
[2,285s][debug][gc,nmethod     ] Register NMethod: io.sirix.index.path.summary.PathNode.delegate (0x0000794416ccd608) [0x0000794416ccd700, 0x0000794416ccd7e8] Compiler: c1, Barriers: 1, Oops: 1, ImmediateOops: 0, NonImmediateOops: No
[2,285s][debug][gc,nmethod     ] Register NMethod: io.sirix.access.trx.page.NodePageTrx.delegate (0x0000794416ccd908) [0x0000794416ccda00, 0x0000794416ccdae8] Compiler: c1, Barriers: 1, Oops: 1, ImmediateOops: 0, NonImmediateOops: No
[2,285s][debug][gc,nmethod     ] Register NMethod: java.lang.Math.max (0x0000794416ccdc08) [0x0000794416ccdd00, 0x0000794416ccdd70] Compiler: jvmci, Barriers: 0, Oops: 0, ImmediateOops: 0, NonImmediateOops: No
[2,285s][debug][gc,nmethod     ] Register NMethod: io.sirix.page.KeyValueLeafPage.getRecord (0x00007943f7ac5888) [0x00007943f7ac5980, 0x00007943f7ac5b10] Compiler: c1, Barriers: 2, Oops: 1, ImmediateOops: 0, NonImmediateOops: No
[2,286s][debug][gc,nmethod     ] Register NMethod: io.sirix.node.MemorySegmentBytesOut.writeLong (0x00007943f7ac5b88) [0x00007943f7ac5c80, 0x00007943f7ac5e18] Compiler: c1, Barriers: 1, Oops: 1, ImmediateOops: 0, NonImmediateOops: No
[2,286s][debug][gc,nmethod     ] Register NMethod: io.sirix.index.path.summary.PathSummaryReader.assertNotClosed (0x00007943f7ac5e88) [0x00007943f7ac5f80, 0x00007943f7ac6188] Compiler: c1, Barriers: 0, Oops: 1, ImmediateOops: 1, NonImmediateOops: No
[2,286s][debug][gc,nmethod     ] Register NMethod: io.sirix.access.trx.page.NodePageReadOnlyTrx.getValue (0x00007943f7ac6208) [0x00007943f7ac6300, 0x00007943f7ac7e60] Compiler: c1, Barriers: 6, Oops: 1, ImmediateOops: 1, NonImmediateOops: No
[2,286s][debug][gc,nmethod     ] Register NMethod: io.sirix.node.AbstractForwardingNode.getNodeKey (0x00007943f7ac7e88) [0x00007943f7ac7f80, 0x00007943f7ac82b0] Compiler: c1, Barriers: 0, Oops: 1, ImmediateOops: 0, NonImmediateOops: No
[2,286s][debug][gc,nmethod     ] Register NMethod: io.sirix.node.xml.XmlDocumentRootNode.delegate (0x0000794416ccdf08) [0x0000794416cce000, 0x0000794416cce0e8] Compiler: c1, Barriers: 1, Oops: 1, ImmediateOops: 0, NonImmediateOops: No
[2,286s][debug][gc,nmethod     ] Register NMethod: io.sirix.node.xml.TextNode.getNodeKey (0x0000794416cce208) [0x0000794416cce300, 0x0000794416cce3c0] Compiler: c1, Barriers: 0, Oops: 1, ImmediateOops: 0, NonImmediateOops: No
[2,286s][debug][gc,nmethod     ] Register NMethod: io.sirix.access.trx.node.AbstractNodeReadOnlyTrx.setCurrentNode (0x00007943f7ac8308) [0x00007943f7ac8400, 0x00007943f7ac88a0] Compiler: c1, Barriers: 3, Oops: 1, ImmediateOops: 1, NonImmediateOops: No
[2,286s][debug][gc,nmethod     ] Register NMethod: io.sirix.node.MemorySegmentBytesOut.writeInt (0x00007943f7ac8908) [0x00007943f7ac8a00, 0x00007943f7ac8b98] Compiler: c1, Barriers: 1, Oops: 1, ImmediateOops: 0, NonImmediateOops: No
[2,286s][debug][gc,nmethod     ] Register NMethod: jdk.internal.misc.ScopedMemoryAccess.putByte (0x00007943f7ac8c08) [0x00007943f7ac8d00, 0x00007943f7ac9978] Compiler: c1, Barriers: 3, Oops: 0, ImmediateOops: 2, NonImmediateOops: No
[2,286s][debug][gc,nmethod     ] Register NMethod: com.google.common.base.Preconditions.checkArgument (0x00007943f7ac9988) [0x00007943f7ac9a80, 0x00007943f7ac9f00] Compiler: c1, Barriers: 0, Oops: 1, ImmediateOops: 1, NonImmediateOops: No
[2,286s][debug][gc,nmethod     ] Register NMethod: io.sirix.cache.PageContainer.getModifiedAsUnorderedKeyValuePage (0x00007943f7ac9f88) [0x00007943f7aca080, 0x00007943f7aca3b8] Compiler: c1, Barriers: 1, Oops: 1, ImmediateOops: 0, NonImmediateOops: No
[2,287s][debug][gc,nmethod     ] Register NMethod: jdk.internal.foreign.AbstractMemorySegmentImpl.set (0x00007943f7aca408) [0x00007943f7aca500, 0x00007943f7acfa80] Compiler: c1, Barriers: 42, Oops: 6, ImmediateOops: 18, NonImmediateOops: No
[2,287s][debug][gc,nmethod     ] Register NMethod: it.unimi.dsi.fastutil.HashCommon.mix (0x00007943f7acfb08) [0x00007943f7acfc00, 0x00007943f7acfcf0] Compiler: c1, Barriers: 0, Oops: 1, ImmediateOops: 0, NonImmediateOops: No
[2,287s][debug][gc,nmethod     ] Register NMethod: io.sirix.node.xml.ElementNode.getKind (0x00007943f7acfe08) [0x00007943f7acff00, 0x00007943f7ad0008] Compiler: c1, Barriers: 0, Oops: 1, ImmediateOops: 1, NonImmediateOops: No
[2,287s][debug][gc,nmethod     ] Register NMethod: io.sirix.node.GrowingMemorySegment.writeLong (0x00007943f7ad0108) [0x00007943f7ad0200, 0x00007943f7ad4040] Compiler: c1, Barriers: 5, Oops: 6, ImmediateOops: 11, NonImmediateOops: No
[2,287s][debug][gc,nmethod     ] Register NMethod: io.sirix.access.trx.page.NodePageTrx.prepareRecordPage (0x00007943f7ad4088) [0x00007943f7ad4180, 0x00007943f7ad6728] Compiler: c1, Barriers: 38, Oops: 4, ImmediateOops: 3, NonImmediateOops: No
[2,287s][debug][gc,nmethod     ] Register NMethod: com.sun.org.apache.xerces.internal.util.XMLChar.isContent (0x00007943f7ad6788) [0x00007943f7ad6880, 0x00007943f7ad6a68] Compiler: c1, Barriers: 0, Oops: 0, ImmediateOops: 1, NonImmediateOops: No
[2,287s][debug][gc,nmethod     ] Register NMethod: io.sirix.access.trx.node.xml.XmlNodeTrxImpl.nodeReadOnlyTrxDelegate (0x00007943f7ad6a88) [0x00007943f7ad6b80, 0x00007943f7ad6ed0] Compiler: c1, Barriers: 1, Oops: 1, ImmediateOops: 0, NonImmediateOops: No
[2,287s][debug][gc,nmethod     ] Register NMethod: io.sirix.access.ResourceConfiguration.storeChildCount (0x0000794416cce508) [0x0000794416cce600, 0x0000794416cce6c0] Compiler: c1, Barriers: 0, Oops: 1, ImmediateOops: 0, NonImmediateOops: No
[2,288s][debug][gc,nmethod     ] Register NMethod: com.google.common.base.Preconditions.checkArgument (0x00007943f7ad6f08) [0x00007943f7ad7000, 0x00007943f7ad71d0] Compiler: c1, Barriers: 0, Oops: 1, ImmediateOops: 0, NonImmediateOops: No
[2,288s][debug][gc,nmethod     ] Register NMethod: io.sirix.access.trx.node.AbstractNodeReadOnlyTrx.moveTo (0x00007943f7ad7208) [0x00007943f7ad7300, 0x00007943f7ad8e78] Compiler: c1, Barriers: 11, Oops: 1, ImmediateOops: 4, NonImmediateOops: No
[2,288s][debug][gc,nmethod     ] Register NMethod: io.sirix.access.trx.page.NodePageTrx.prepareRecordForModification (0x00007943f7ad8e88) [0x00007943f7ad8f80, 0x00007943f7adae08] Compiler: c1, Barriers: 7, Oops: 2, ImmediateOops: 4, NonImmediateOops: No
[2,288s][debug][gc,nmethod     ] Register NMethod: io.sirix.access.trx.page.NodePageReadOnlyTrx.checkItemIfDeleted (0x00007943f7adae88) [0x00007943f7adaf80, 0x00007943f7adb2e0] Compiler: c1, Barriers: 0, Oops: 1, ImmediateOops: 0, NonImmediateOops: No
[2,288s][debug][gc,nmethod     ] Register NMethod: io.sirix.node.xml.ElementNode.getHash (0x00007943f7adb308) [0x00007943f7adb400, 0x00007943f7adec70] Compiler: c1, Barriers: 7, Oops: 6, ImmediateOops: 10, NonImmediateOops: No
[2,288s][debug][gc,nmethod     ] Register NMethod: io.sirix.access.trx.node.xml.XmlNodeHashing.getCurrentNode (0x00007943f7aded08) [0x00007943f7adee00, 0x00007943f7adf390] Compiler: c1, Barriers: 2, Oops: 1, ImmediateOops: 0, NonImmediateOops: No
[2,288s][debug][gc,nmethod     ] Register NMethod: io.sirix.access.trx.node.xml.XmlNodeHashing.getCurrentNode (0x00007943f7adf408) [0x00007943f7adf500, 0x00007943f7adfca8] Compiler: c1, Barriers: 2, Oops: 1, ImmediateOops: 0, NonImmediateOops: No
[2,288s][debug][gc,nmethod     ] Register NMethod: io.sirix.access.trx.page.NodePageTrx.getRecord (0x00007943f7adfd08) [0x00007943f7adfe00, 0x00007943f7ae1da0] Compiler: c1, Barriers: 8, Oops: 1, ImmediateOops: 2, NonImmediateOops: No
[2,288s][debug][gc,nmethod     ] Register NMethod: com.sun.org.apache.xerces.internal.impl.XMLEntityScanner.checkEntityLimit (0x00007943f7ae1e08) [0x00007943f7ae1f00, 0x00007943f7ae21f8] Compiler: c1, Barriers: 0, Oops: 0, ImmediateOops: 4, NonImmediateOops: No
[2,288s][debug][gc,nmethod     ] Register NMethod: io.sirix.access.trx.page.NodePageTrx.getPageContainer (0x00007943f7ae2208) [0x00007943f7ae2300, 0x00007943f7ae3440] Compiler: c1, Barriers: 12, Oops: 4, ImmediateOops: 2, NonImmediateOops: No
[2,288s][debug][gc,director    ] Rule Major: Warmup 10%, Used: 290MB, UsedThreshold: 1228MB
[2,288s][debug][gc,nmethod     ] Register NMethod: io.sirix.node.xml.ElementNode.getParentKey (0x00007943f7ae3488) [0x00007943f7ae3580, 0x00007943f7ae8568] Compiler: c1, Barriers: 19, Oops: 7, ImmediateOops: 11, NonImmediateOops: No
[2,288s][debug][gc,nmethod     ] Register NMethod: io.sirix.node.xml.TextNode.getKind (0x00007943f7ae8608) [0x00007943f7ae8700, 0x00007943f7ae8808] Compiler: c1, Barriers: 0, Oops: 1, ImmediateOops: 1, NonImmediateOops: No
[2,288s][debug][gc,nmethod     ] Rebuilding NMethod Table: 4096->8192 entries, 2868(70%->35%) registered, 0(0%->0%) unregistered
[2,289s][debug][gc,nmethod     ] Register NMethod: io.sirix.access.trx.node.AbstractNodeTrxImpl.getCurrentNode (0x00007943f7ae8908) [0x00007943f7ae8a00, 0x00007943f7ae8d70] Compiler: c1, Barriers: 2, Oops: 1, ImmediateOops: 0, NonImmediateOops: No
[2,289s][debug][gc,nmethod     ] Register NMethod: com.sun.org.apache.xerces.internal.impl.XMLDocumentFragmentScannerImpl.setScannerState (0x0000794416cce808) [0x0000794416cce900, 0x0000794416cce9c0] Compiler: c1, Barriers: 0, Oops: 0, ImmediateOops: 0, NonImmediateOops: No
[2,289s][debug][gc,nmethod     ] Register NMethod: io.sirix.index.path.summary.PathNode.structDelegate (0x0000794416cceb08) [0x0000794416ccec00, 0x0000794416ccece8] Compiler: c1, Barriers: 1, Oops: 1, ImmediateOops: 0, NonImmediateOops: No
[2,289s][debug][gc,nmethod     ] Register NMethod: io.sirix.access.trx.node.AbstractNodeHashing.setAddDescendants (0x00007943f7ae8d88) [0x00007943f7ae8e80, 0x00007943f7ae9a08] Compiler: c1, Barriers: 0, Oops: 1, ImmediateOops: 0, NonImmediateOops: No
[2,289s][debug][gc,nmethod     ] Register NMethod: io.sirix.node.xml.TextNode.getParentKey (0x00007943f7ae9a88) [0x00007943f7ae9b80, 0x00007943f7aeeb68] Compiler: c1, Barriers: 19, Oops: 7, ImmediateOops: 11, NonImmediateOops: No
[2,290s][debug][gc,nmethod     ] Register NMethod: io.sirix.node.xml.XmlDocumentRootNode.structDelegate (0x0000794416ccee08) [0x0000794416ccef00, 0x0000794416ccefe8] Compiler: c1, Barriers: 1, Oops: 1, ImmediateOops: 0, NonImmediateOops: No
[2,290s][debug][gc,nmethod     ] Register NMethod: it.unimi.dsi.fastutil.longs.LongArrayList.size (0x0000794416ccf108) [0x0000794416ccf200, 0x0000794416ccf2c0] Compiler: c1, Barriers: 0, Oops: 1, ImmediateOops: 0, NonImmediateOops: No
[2,290s][debug][gc,nmethod     ] Register NMethod: jdk.internal.misc.Unsafe.allocateMemory0 (0x0000794416ccf408) [0x0000794416ccf500, 0x0000794416ccf658] Compiler: , Barriers: 0, Oops: 0, ImmediateOops: 0, NonImmediateOops: No
[2,290s][debug][gc,nmethod     ] Register NMethod: io.sirix.node.xml.ElementNode.setHash (0x00007943f7aeec08) [0x00007943f7aeed00, 0x00007943f7af2688] Compiler: c1, Barriers: 7, Oops: 6, ImmediateOops: 11, NonImmediateOops: No
[2,290s][debug][gc,nmethod     ] Register NMethod: java.lang.Math.multiplyHigh (0x00007943f7af2708) [0x00007943f7af2800, 0x00007943f7af2958] Compiler: c1, Barriers: 0, Oops: 0, ImmediateOops: 0, NonImmediateOops: No
[2,290s][debug][gc,nmethod     ] Register NMethod: net.openhft.hashing.Maths.unsignedLongMulXorFold (0x00007943f7af2a08) [0x00007943f7af2b00, 0x00007943f7af2c38] Compiler: c1, Barriers: 0, Oops: 1, ImmediateOops: 1, NonImmediateOops: No
[2,290s][debug][gc,nmethod     ] Register NMethod: net.openhft.hashing.MathsJDK9.unsignedLongMulXorFoldImp (0x00007943f7af2d08) [0x00007943f7af2e00, 0x00007943f7af2f80] Compiler: c1, Barriers: 0, Oops: 1, ImmediateOops: 0, NonImmediateOops: No
[2,290s][debug][gc,nmethod     ] Register NMethod: io.sirix.node.xml.ElementNode.getDescendantCount (0x00007943f7af3008) [0x00007943f7af3100, 0x00007943f7af6978] Compiler: c1, Barriers: 7, Oops: 6, ImmediateOops: 10, NonImmediateOops: No
[2,290s][debug][gc,nmethod     ] Register NMethod: io.sirix.node.MemorySegmentBytesOut.writeByte (0x00007943f7af6a08) [0x00007943f7af6b00, 0x00007943f7af6c98] Compiler: c1, Barriers: 1, Oops: 1, ImmediateOops: 0, NonImmediateOops: No
[2,290s][debug][gc,nmethod     ] Register NMethod: io.brackit.query.atomic.QNm.getPrefix (0x0000794416ccf708) [0x0000794416ccf800, 0x0000794416ccf8e8] Compiler: c1, Barriers: 1, Oops: 1, ImmediateOops: 0, NonImmediateOops: No
[2,291s][debug][gc,nmethod     ] Register NMethod: io.sirix.axis.filter.AbstractFilter.getTrx (0x0000794416ccfa08) [0x0000794416ccfb00, 0x0000794416ccfbe8] Compiler: c1, Barriers: 1, Oops: 1, ImmediateOops: 0, NonImmediateOops: No
[2,291s][debug][gc,nmethod     ] Register NMethod: net.openhft.hashing.XXH3.XXH3_mix16B (0x00007943f7af6d08) [0x00007943f7af6e00, 0x00007943f7af8790] Compiler: c1, Barriers: 0, Oops: 3, ImmediateOops: 8, NonImmediateOops: No
[2,291s][debug][gc,nmethod     ] Register NMethod: org.magicwerk.brownies.collections.GapList.doGet (0x00007943f7af8808) [0x00007943f7af8900, 0x00007943f7af8c38] Compiler: c1, Barriers: 2, Oops: 1, ImmediateOops: 0, NonImmediateOops: No
[2,291s][debug][gc,nmethod     ] Register NMethod: io.sirix.axis.AbstractAxis.getCursor (0x0000794416ccfd08) [0x0000794416ccfe00, 0x0000794416ccfee8] Compiler: c1, Barriers: 1, Oops: 1, ImmediateOops: 0, NonImmediateOops: No
[2,291s][debug][gc,nmethod     ] Register NMethod: org.magicwerk.brownies.collections.GapList.get (0x00007943f7af8c88) [0x00007943f7af8d80, 0x00007943f7afa778] Compiler: c1, Barriers: 0, Oops: 4, ImmediateOops: 4, NonImmediateOops: No
[2,291s][debug][gc,nmethod     ] Register NMethod: jdk.internal.foreign.MemorySessionImpl.checkValidState (0x00007943f7afa808) [0x00007943f7afa900, 0x00007943f7afb3e8] Compiler: c1, Barriers: 3, Oops: 0, ImmediateOops: 2, NonImmediateOops: No
[2,291s][debug][gc,nmethod     ] Register NMethod: io.brackit.query.atomic.QNm.getLocalName (0x0000794416cd0008) [0x0000794416cd0100, 0x0000794416cd01e8] Compiler: c1, Barriers: 1, Oops: 1, ImmediateOops: 0, NonImmediateOops: No
[2,291s][debug][gc,nmethod     ] Register NMethod: io.sirix.node.GrowingMemorySegment.writeByte (0x00007943f7afb408) [0x00007943f7afb500, 0x00007943f7aff130] Compiler: c1, Barriers: 5, Oops: 6, ImmediateOops: 10, NonImmediateOops: No
[2,291s][debug][gc,nmethod     ] Register NMethod: jdk.internal.foreign.AbstractMemorySegmentImpl.asSliceNoCheck (0x0000794416cd0308) [0x0000794416cd0400, 0x0000794416cd05b0] Compiler: jvmci, Barriers: 3, Oops: 0, ImmediateOops: 0, NonImmediateOops: No
[2,291s][debug][gc,nmethod     ] Register NMethod: io.sirix.page.AbstractForwardingPage.getOrCreateReference (0x00007943f7aff188) [0x00007943f7aff280, 0x00007943f7aff790] Compiler: c1, Barriers: 0, Oops: 1, ImmediateOops: 0, NonImmediateOops: No
[2,291s][debug][gc,nmethod     ] Register NMethod: io.sirix.node.GrowingMemorySegment.writeInt (0x00007943f7aff808) [0x00007943f7aff900, 0x00007943f7b03730] Compiler: c1, Barriers: 5, Oops: 6, ImmediateOops: 11, NonImmediateOops: No
[2,292s][debug][gc,nmethod     ] Register NMethod: java.util.BitSet.cardinality (0x00007943f7b03788) [0x00007943f7b03880, 0x00007943f7b03ae0] Compiler: c1, Barriers: 1, Oops: 0, ImmediateOops: 0, NonImmediateOops: No
[2,292s][debug][gc,nmethod     ] Register NMethod: java.lang.invoke.VarHandleSegmentAsBytes.set (0x00007943f7b03b08) [0x00007943f7b03c00, 0x00007943f7b08d40] Compiler: c1, Barriers: 24, Oops: 2, ImmediateOops: 6, NonImmediateOops: No
[2,292s][debug][gc,nmethod     ] Register NMethod: java.lang.StringCoding.hasNegatives (0x00007943f7b08d88) [0x00007943f7b08e80, 0x00007943f7b08fe8] Compiler: c1, Barriers: 0, Oops: 0, ImmediateOops: 0, NonImmediateOops: No
[2,292s][debug][gc,nmethod     ] Register NMethod: io.sirix.node.xml.XmlDocumentRootNode.getHash (0x0000794416cd0608) [0x0000794416cd0700, 0x0000794416cd07c0] Compiler: c1, Barriers: 0, Oops: 1, ImmediateOops: 0, NonImmediateOops: No
[2,292s][debug][gc,nmethod     ] Register NMethod: io.sirix.node.xml.ElementNode.setDescendantCount (0x00007943f7b09088) [0x00007943f7b09180, 0x00007943f7b0cb10] Compiler: c1, Barriers: 7, Oops: 6, ImmediateOops: 11, NonImmediateOops: No
[2,293s][debug][gc,nmethod     ] Register NMethod: io.sirix.index.path.summary.PathSummaryReader.getNodeKey (0x00007943f7b0cb88) [0x00007943f7b0cc80, 0x00007943f7b0d130] Compiler: c1, Barriers: 1, Oops: 1, ImmediateOops: 1, NonImmediateOops: No
[2,293s][debug][gc,nmethod     ] Register NMethod: io.sirix.access.trx.node.AbstractResourceSession.assertNotClosed (0x00007943f7b0d188) [0x00007943f7b0d280, 0x00007943f7b0d488] Compiler: c1, Barriers: 0, Oops: 1, ImmediateOops: 1, NonImmediateOops: No
[2,293s][debug][gc,nmethod     ] Register NMethod: io.sirix.access.trx.node.AbstractResourceSession.getResourceConfig (0x00007943f7b0d508) [0x00007943f7b0d600, 0x00007943f7b0d8a0] Compiler: c1, Barriers: 1, Oops: 1, ImmediateOops: 1, NonImmediateOops: No
[2,293s][debug][gc,nmethod     ] Register NMethod: java.lang.invoke.VarHandleGuards.guard_L_L (0x00007943f7b0d908) [0x00007943f7b0da00, 0x00007943f7b10e80] Compiler: c1, Barriers: 29, Oops: 0, ImmediateOops: 2, NonImmediateOops: No
[2,293s][debug][gc,nmethod     ] Register NMethod: com.sun.org.apache.xerces.internal.util.XMLAttributesImpl.getLength (0x0000794416cd0908) [0x0000794416cd0a00, 0x0000794416cd0ac0] Compiler: c1, Barriers: 0, Oops: 0, ImmediateOops: 0, NonImmediateOops: No
[2,294s][debug][gc,nmethod     ] Register NMethod: com.sun.org.apache.xerces.internal.impl.XMLEntityScanner.checkBeforeLoad (0x00007943f7b10e88) [0x00007943f7b10f80, 0x00007943f7b114d8] Compiler: c1, Barriers: 4, Oops: 0, ImmediateOops: 1, NonImmediateOops: No
[2,294s][debug][gc,nmethod     ] Register NMethod: io.sirix.api.PageReadOnlyTrx.recordPageOffset (0x0000794416cd0c08) [0x0000794416cd0d00, 0x0000794416cd0d70] Compiler: jvmci, Barriers: 0, Oops: 1, ImmediateOops: 0, NonImmediateOops: No
[2,294s][debug][gc,nmethod     ] Register NMethod: java.util.BitSet.size (0x00007943f7b11508) [0x00007943f7b11600, 0x00007943f7b11738] Compiler: c1, Barriers: 1, Oops: 0, ImmediateOops: 0, NonImmediateOops: No
[2,294s][debug][gc,nmethod     ] Register NMethod: java.util.BitSet.clear (0x00007943f7b11808) [0x00007943f7b11900, 0x00007943f7b11b00] Compiler: c1, Barriers: 1, Oops: 0, ImmediateOops: 0, NonImmediateOops: No
[2,294s][debug][gc,nmethod     ] Register NMethod: io.sirix.page.delegates.BitmapReferencesPage.getOrCreateReference (0x00007943f7b11b08) [0x00007943f7b11c00, 0x00007943f7b122b8] Compiler: c1, Barriers: 2, Oops: 1, ImmediateOops: 0, NonImmediateOops: No
[2,294s][debug][gc,nmethod     ] Register NMethod: io.sirix.page.delegates.BitmapReferencesPage.index (0x00007943f7b12308) [0x00007943f7b12400, 0x00007943f7b12988] Compiler: c1, Barriers: 4, Oops: 1, ImmediateOops: 0, NonImmediateOops: No
[2,294s][debug][gc,nmethod     ] Register NMethod: java.util.BitSet.and (0x00007943f7b12a08) [0x00007943f7b12b00, 0x00007943f7b12f50] Compiler: c1, Barriers: 3, Oops: 0, ImmediateOops: 0, NonImmediateOops: No
[2,294s][debug][gc,nmethod     ] Register NMethod: java.util.BitSet.flip (0x00007943f7b12f88) [0x00007943f7b13080, 0x00007943f7b13688] Compiler: c1, Barriers: 2, Oops: 0, ImmediateOops: 0, NonImmediateOops: No
[2,294s][debug][gc,nmethod     ] Register NMethod: java.util.BitSet.checkRange (0x00007943f7b13708) [0x00007943f7b13800, 0x00007943f7b16188] Compiler: c1, Barriers: 0, Oops: 4, ImmediateOops: 7, NonImmediateOops: No
[2,295s][debug][gc,nmethod     ] Register NMethod: io.sirix.node.delegates.StructNodeDelegate.getRightSiblingKey (0x0000794416cd0f08) [0x0000794416cd1000, 0x0000794416cd10c0] Compiler: c1, Barriers: 0, Oops: 1, ImmediateOops: 0, NonImmediateOops: No
[2,295s][debug][gc,nmethod     ] Register NMethod: io.sirix.utils.XMLToken.cl (0x00007943f7b16208) [0x00007943f7b16300, 0x00007943f7b16460] Compiler: c1, Barriers: 0, Oops: 1, ImmediateOops: 1, NonImmediateOops: No
[2,295s][debug][gc,nmethod     ] Register NMethod: io.sirix.utils.XMLToken.cl (0x00007943f7b16508) [0x00007943f7b16600, 0x00007943f7b167e0] Compiler: c1, Barriers: 0, Oops: 1, ImmediateOops: 1, NonImmediateOops: No
[2,295s][debug][gc,nmethod     ] Register NMethod: io.sirix.utils.XMLToken.cp (0x00007943f7b16808) [0x00007943f7b16900, 0x00007943f7b16d38] Compiler: c1, Barriers: 0, Oops: 1, ImmediateOops: 1, NonImmediateOops: No
[2,295s][debug][gc,nmethod     ] Register NMethod: io.sirix.utils.XMLToken.isNCStartChar (0x00007943f7b16d88) [0x00007943f7b16e80, 0x00007943f7b174f0] Compiler: c1, Barriers: 0, Oops: 1, ImmediateOops: 0, NonImmediateOops: No
[2,296s][debug][gc,nmethod     ] Register NMethod: com.google.common.base.Preconditions.checkState (0x00007943f7b17508) [0x00007943f7b17600, 0x00007943f7b177e0] Compiler: c1, Barriers: 0, Oops: 1, ImmediateOops: 0, NonImmediateOops: No
[2,296s][debug][gc,nmethod     ] Register NMethod: io.sirix.node.GrowingMemorySegment.reset (0x00007943f7b17808) [0x00007943f7b17900, 0x00007943f7b17a08] Compiler: c1, Barriers: 0, Oops: 1, ImmediateOops: 0, NonImmediateOops: No
[2,296s][debug][gc,nmethod     ] Register NMethod: io.sirix.node.MemorySegmentBytesOut.clear (0x00007943f7b17b08) [0x00007943f7b17c00, 0x00007943f7b17db8] Compiler: c1, Barriers: 1, Oops: 1, ImmediateOops: 0, NonImmediateOops: No
[2,296s][debug][gc,nmethod     ] Register NMethod: io.sirix.axis.AbstractAxis.hasNext (0x00007943f7b17e08) [0x00007943f7b17f00, 0x00007943f7b189c8] Compiler: c1, Barriers: 2, Oops: 1, ImmediateOops: 1, NonImmediateOops: No
[2,296s][debug][gc,nmethod     ] Register NMethod: io.sirix.node.delegates.NodeDelegate.getParentKey (0x0000794416cd1208) [0x0000794416cd1300, 0x0000794416cd13c0] Compiler: c1, Barriers: 0, Oops: 1, ImmediateOops: 0, NonImmediateOops: No
[2,296s][debug][gc,nmethod     ] Register NMethod: io.sirix.index.path.summary.PathSummaryReader.moveTo (0x00007943f7b18a08) [0x00007943f7b18b00, 0x00007943f7b19808] Compiler: c1, Barriers: 13, Oops: 1, ImmediateOops: 2, NonImmediateOops: No
[2,296s][debug][gc,nmethod     ] Register NMethod: it.unimi.dsi.fastutil.longs.LongArrayList.isEmpty (0x00007943f7b19888) [0x00007943f7b19980, 0x00007943f7b19ad0] Compiler: c1, Barriers: 0, Oops: 1, ImmediateOops: 0, NonImmediateOops: No
[2,296s][debug][gc,nmethod     ] Register NMethod: io.brackit.query.sequence.AbstractSequence.<init> (0x00007943f7b19b88) [0x00007943f7b19c80, 0x00007943f7b19dd8] Compiler: c1, Barriers: 0, Oops: 1, ImmediateOops: 0, NonImmediateOops: No
[2,296s][debug][gc,nmethod     ] Register NMethod: io.brackit.query.jdm.AbstractItem.<init> (0x00007943f7b19e88) [0x00007943f7b19f80, 0x00007943f7b1a138] Compiler: c1, Barriers: 0, Oops: 1, ImmediateOops: 0, NonImmediateOops: No
[2,296s][debug][gc,nmethod     ] Register NMethod: java.util.ArrayList.getFirst (0x00007943f7b1a188) [0x00007943f7b1a280, 0x00007943f7b1a580] Compiler: c1, Barriers: 2, Oops: 0, ImmediateOops: 0, NonImmediateOops: No
[2,296s][debug][gc,nmethod     ] Register NMethod: java.lang.String.<init> (0x00007943f7b1a588) [0x00007943f7b1a680, 0x00007943f7b1a920] Compiler: c1, Barriers: 0, Oops: 0, ImmediateOops: 0, NonImmediateOops: No
[2,297s][debug][gc,nmethod     ] Register NMethod: java.util.concurrent.atomic.AtomicLong.compareAndSet (0x00007943f7b1a988) [0x00007943f7b1aa80, 0x00007943f7b1aba0] Compiler: c1, Barriers: 0, Oops: 0, ImmediateOops: 0, NonImmediateOops: No
[2,297s][debug][gc,nmethod     ] Register NMethod: io.sirix.utils.XMLToken.isNCChar (0x00007943f7b1ac88) [0x00007943f7b1ad80, 0x00007943f7b1b168] Compiler: c1, Barriers: 0, Oops: 1, ImmediateOops: 0, NonImmediateOops: No
[2,297s][debug][gc,nmethod     ] Register NMethod: io.sirix.node.NodeKind.getId (0x0000794416cd1508) [0x0000794416cd1600, 0x0000794416cd16c8] Compiler: c1, Barriers: 0, Oops: 1, ImmediateOops: 0, NonImmediateOops: No
[2,297s][debug][gc,nmethod     ] Register NMethod: io.sirix.index.path.summary.PathSummaryReader.getStructuralNode (0x00007943f7b1b188) [0x00007943f7b1b280, 0x00007943f7b1b638] Compiler: c1, Barriers: 1, Oops: 1, ImmediateOops: 0, NonImmediateOops: No
[2,297s][debug][gc,nmethod     ] Register NMethod: io.sirix.node.delegates.StructNodeDelegate.getFirstChildKey (0x0000794416cd1808) [0x0000794416cd1900, 0x0000794416cd19c0] Compiler: c1, Barriers: 0, Oops: 1, ImmediateOops: 0, NonImmediateOops: No
[2,297s][debug][gc,nmethod     ] Register NMethod: io.sirix.access.trx.node.AbstractNodeReadOnlyTrx.getKind (0x00007943f7b1b688) [0x00007943f7b1b780, 0x00007943f7b1bde8] Compiler: c1, Barriers: 1, Oops: 1, ImmediateOops: 1, NonImmediateOops: No
[2,298s][debug][gc,nmethod     ] Register NMethod: io.sirix.node.xml.ElementNode.getDeweyID (0x0000794416cd1b08) [0x0000794416cd1c00, 0x0000794416cd1ce8] Compiler: c1, Barriers: 1, Oops: 1, ImmediateOops: 0, NonImmediateOops: No
[2,298s][debug][gc,nmethod     ] Register NMethod: io.sirix.node.GrowingMemorySegment.position (0x0000794416cd1e08) [0x0000794416cd1f00, 0x0000794416cd1fc0] Compiler: c1, Barriers: 0, Oops: 1, ImmediateOops: 0, NonImmediateOops: No
[2,298s][debug][gc,nmethod     ] Register NMethod: io.sirix.node.GrowingMemorySegment.getUsedSegment (0x00007943f7b1be08) [0x00007943f7b1bf00, 0x00007943f7b1c4f0] Compiler: c1, Barriers: 2, Oops: 1, ImmediateOops: 0, NonImmediateOops: No
[2,298s][debug][gc,nmethod     ] Register NMethod: java.util.concurrent.atomic.AtomicLong.addAndGet (0x00007943f7b1c508) [0x00007943f7b1c600, 0x00007943f7b1c710] Compiler: c1, Barriers: 0, Oops: 0, ImmediateOops: 0, NonImmediateOops: No
[2,298s][debug][gc,nmethod     ] Register NMethod: io.sirix.page.RevisionRootPage.getMaxNodeKeyInDocumentIndex (0x0000794416cd2108) [0x0000794416cd2200, 0x0000794416cd22c0] Compiler: c1, Barriers: 0, Oops: 1, ImmediateOops: 0, NonImmediateOops: No
[2,298s][debug][gc,nmethod     ] Register NMethod: java.nio.MappedByteBuffer.limit (0x00007943f7b1c808) [0x00007943f7b1c900, 0x00007943f7b1caa0] Compiler: c1, Barriers: 0, Oops: 0, ImmediateOops: 0, NonImmediateOops: No
[2,298s][debug][gc,director    ] Rule Major: Warmup 10%, Used: 292MB, UsedThreshold: 1228MB
[2,299s][debug][gc,nmethod     ] Register NMethod: io.sirix.node.xml.XmlDocumentRootNode.setHash (0x0000794416cd2408) [0x0000794416cd2500, 0x0000794416cd25c0] Compiler: c1, Barriers: 0, Oops: 1, ImmediateOops: 0, NonImmediateOops: No
[2,299s][debug][gc,nmethod     ] Register NMethod: io.brackit.query.atomic.QNm.getNamespaceURI (0x0000794416cd2708) [0x0000794416cd2800, 0x0000794416cd28e8] Compiler: c1, Barriers: 1, Oops: 1, ImmediateOops: 0, NonImmediateOops: No
[2,299s][debug][gc,nmethod     ] Register NMethod: io.sirix.access.trx.node.AbstractNodeTrxImpl.getDeweyID (0x00007943f7b1cb08) [0x00007943f7b1cc00, 0x00007943f7b1d728] Compiler: c1, Barriers: 3, Oops: 1, ImmediateOops: 1, NonImmediateOops: No
[2,299s][debug][gc,nmethod     ] Register NMethod: com.sun.org.apache.xerces.internal.impl.XMLEntityScanner.skipChar (0x00007943f7b1d788) [0x00007943f7b1d880, 0x00007943f7b1ddc8] Compiler: c1, Barriers: 3, Oops: 0, ImmediateOops: 0, NonImmediateOops: No
[2,299s][debug][gc,nmethod     ] Register NMethod: io.sirix.page.KeyValueLeafPage.setRecord (0x00007943f7b1de08) [0x00007943f7b1df00, 0x00007943f7b1e538] Compiler: c1, Barriers: 4, Oops: 1, ImmediateOops: 0, NonImmediateOops: No
[2,299s][debug][gc,nmethod     ] Register NMethod: io.sirix.access.trx.page.NodePageReadOnlyTrx.getPage (0x00007943f7b1e588) [0x00007943f7b1e680, 0x00007943f7b1ea20] Compiler: c1, Barriers: 3, Oops: 1, ImmediateOops: 0, NonImmediateOops: No
[2,299s][debug][gc,nmethod     ] Register NMethod: java.nio.MappedByteBuffer.position (0x00007943f7b1ea88) [0x00007943f7b1eb80, 0x00007943f7b1ed20] Compiler: c1, Barriers: 0, Oops: 0, ImmediateOops: 0, NonImmediateOops: No
[2,299s][debug][gc,nmethod     ] Register NMethod: com.sun.org.apache.xerces.internal.impl.XMLEntityScanner.peekChar (0x00007943f7b1ed88) [0x00007943f7b1ee80, 0x00007943f7b1f338] Compiler: c1, Barriers: 3, Oops: 0, ImmediateOops: 0, NonImmediateOops: No
[2,299s][debug][gc,nmethod     ] Register NMethod: io.sirix.node.delegates.StructNodeDelegate.getDescendantCount (0x0000794416cd2a08) [0x0000794416cd2b00, 0x0000794416cd2bc0] Compiler: c1, Barriers: 0, Oops: 1, ImmediateOops: 0, NonImmediateOops: No
[2,299s][debug][gc,nmethod     ] Register NMethod: io.sirix.access.trx.page.NodePageReadOnlyTrx.loadPage (0x00007943f7b1f388) [0x00007943f7b1f480, 0x00007943f7b21320] Compiler: c1, Barriers: 15, Oops: 2, ImmediateOops: 2, NonImmediateOops: No
[2,299s][debug][gc,nmethod     ] Register NMethod: io.sirix.access.trx.node.xml.ForwardingXmlNodeReadOnlyTrx.getNodeKey (0x00007943f7b21388) [0x00007943f7b21480, 0x00007943f7b21a78] Compiler: c1, Barriers: 1, Oops: 1, ImmediateOops: 0, NonImmediateOops: No
[2,300s][debug][gc,nmethod     ] Register NMethod: io.sirix.access.trx.node.AbstractNodeReadOnlyTrx.getStructuralNode (0x00007943f7b21a88) [0x00007943f7b21b80, 0x00007943f7b22638] Compiler: c1, Barriers: 4, Oops: 1, ImmediateOops: 0, NonImmediateOops: No
[2,300s][debug][gc,nmethod     ] Register NMethod: io.sirix.node.xml.TextNode.getLeftSiblingKey (0x00007943f7b22688) [0x00007943f7b22780, 0x00007943f7b27770] Compiler: c1, Barriers: 19, Oops: 7, ImmediateOops: 11, NonImmediateOops: No
[2,300s][debug][gc,nmethod     ] Register NMethod: io.sirix.access.trx.node.AbstractNodeReadOnlyTrx.getNodeKey (0x00007943f7b27808) [0x00007943f7b27900, 0x00007943f7b27f68] Compiler: c1, Barriers: 1, Oops: 1, ImmediateOops: 1, NonImmediateOops: No
[2,300s][debug][gc,nmethod     ] Register NMethod: io.sirix.node.delegates.NameNodeDelegate.getLocalNameKey (0x0000794416cd2d08) [0x0000794416cd2e00, 0x0000794416cd2ec0] Compiler: c1, Barriers: 0, Oops: 1, ImmediateOops: 0, NonImmediateOops: No
[2,300s][debug][gc,nmethod     ] Register NMethod: jdk.internal.misc.Unsafe.getLongUnaligned (0x0000794416cd3008) [0x0000794416cd3100, 0x0000794416cd31c0] Compiler: jvmci, Barriers: 0, Oops: 0, ImmediateOops: 0, NonImmediateOops: No
[2,300s][debug][gc,nmethod     ] Register NMethod: io.sirix.node.delegates.StructNodeDelegate.setDescendantCount (0x0000794416cd3308) [0x0000794416cd3400, 0x0000794416cd34c0] Compiler: c1, Barriers: 0, Oops: 1, ImmediateOops: 0, NonImmediateOops: No
[2,300s][debug][gc,nmethod     ] Register NMethod: io.sirix.node.xml.ElementNode.getKind (0x0000794416cd3608) [0x0000794416cd3700, 0x0000794416cd3790] Compiler: jvmci, Barriers: 0, Oops: 1, ImmediateOops: 1, NonImmediateOops: No
[2,300s][debug][gc,nmethod     ] Register NMethod: io.sirix.node.xml.TextNode.getDeweyID (0x0000794416cd3908) [0x0000794416cd3a00, 0x0000794416cd3ae8] Compiler: c1, Barriers: 1, Oops: 1, ImmediateOops: 0, NonImmediateOops: No
[2,301s][debug][gc,nmethod     ] Register NMethod: com.sun.org.apache.xerces.internal.impl.XMLEntityScanner.scanContent (0x00007943f7b27f88) [0x00007943f7b28080, 0x00007943f7b29038] Compiler: c1, Barriers: 11, Oops: 0, ImmediateOops: 1, NonImmediateOops: No
[2,301s][debug][gc,nmethod     ] Register NMethod: io.sirix.node.xml.TextNode.getRightSiblingKey (0x00007943f7b29088) [0x00007943f7b29180, 0x00007943f7b2e170] Compiler: c1, Barriers: 19, Oops: 7, ImmediateOops: 11, NonImmediateOops: No
[2,301s][debug][gc,nmethod     ] Register NMethod: java.util.Arrays.copyOf (0x00007943f7b2e208) [0x00007943f7b2e300, 0x00007943f7b2e6c8] Compiler: c1, Barriers: 0, Oops: 0, ImmediateOops: 0, NonImmediateOops: No
[2,301s][debug][gc,nmethod     ] Register NMethod: jdk.internal.foreign.Utils.checkNonNegativeIndex (0x00007943f7b2e708) [0x00007943f7b2e800, 0x00007943f7b2f9c8] Compiler: c1, Barriers: 0, Oops: 2, ImmediateOops: 3, NonImmediateOops: No
[2,301s][debug][gc,nmethod     ] Register NMethod: io.sirix.node.xml.AttributeNode.getNodeKey (0x0000794416cd3c08) [0x0000794416cd3d00, 0x0000794416cd3dc0] Compiler: c1, Barriers: 0, Oops: 1, ImmediateOops: 0, NonImmediateOops: No
[2,302s][debug][gc,nmethod     ] Register NMethod: jdk.internal.foreign.SegmentFactories.ensureInitialized (0x00007943f7b2fa08) [0x00007943f7b2fb00, 0x00007943f7b2fbe0] Compiler: c1, Barriers: 0, Oops: 0, ImmediateOops: 0, NonImmediateOops: No
[2,302s][debug][gc,nmethod     ] Register NMethod: io.brackit.query.atomic.AbstractAtomic.<init> (0x00007943f7b2fd08) [0x00007943f7b2fe00, 0x00007943f7b30018] Compiler: c1, Barriers: 0, Oops: 1, ImmediateOops: 0, NonImmediateOops: No
[2,302s][debug][gc,nmethod     ] Register NMethod: io.sirix.axis.AbstractAxis.resetToLastKey (0x00007943f7b30088) [0x00007943f7b30180, 0x00007943f7b30738] Compiler: c1, Barriers: 2, Oops: 1, ImmediateOops: 0, NonImmediateOops: No
[2,302s][debug][gc,nmethod     ] Register NMethod: io.sirix.axis.AbstractAxis.tryToComputeNext (0x00007943f7b30788) [0x00007943f7b30880, 0x00007943f7b30fb0] Compiler: c1, Barriers: 10, Oops: 1, ImmediateOops: 5, NonImmediateOops: No
[2,302s][debug][gc,nmethod     ] Register NMethod: jdk.internal.misc.Unsafe.allocateMemory (0x00007943f7b31008) [0x00007943f7b31100, 0x00007943f7b323b0] Compiler: c1, Barriers: 0, Oops: 2, ImmediateOops: 3, NonImmediateOops: No
[2,302s][debug][gc,nmethod     ] Register NMethod: jdk.internal.misc.VM.isDirectMemoryPageAligned (0x00007943f7b32408) [0x00007943f7b32500, 0x00007943f7b327e0] Compiler: c1, Barriers: 0, Oops: 0, ImmediateOops: 1, NonImmediateOops: No
[2,302s][debug][gc,nmethod     ] Register NMethod: com.sun.org.apache.xerces.internal.impl.XMLDocumentScannerImpl.next (0x00007943f7b32808) [0x00007943f7b32900, 0x00007943f7b32c48] Compiler: c1, Barriers: 1, Oops: 0, ImmediateOops: 0, NonImmediateOops: No
[2,302s][debug][gc,nmethod     ] Register NMethod: com.sun.org.apache.xerces.internal.impl.XMLNSDocumentScannerImpl.next (0x00007943f7b32c88) [0x00007943f7b32d80, 0x00007943f7b33268] Compiler: c1, Barriers: 2, Oops: 0, ImmediateOops: 0, NonImmediateOops: No
[2,302s][debug][gc,nmethod     ] Register NMethod: io.sirix.access.trx.page.NodePageTrx.createRecord (0x00007943f7b33288) [0x00007943f7b33380, 0x00007943f7b397d8] Compiler: c1, Barriers: 30, Oops: 1, ImmediateOops: 6, NonImmediateOops: No
[2,303s][debug][gc,nmethod     ] Register NMethod: it.unimi.dsi.fastutil.longs.LongArrayList.add (0x00007943f7b39808) [0x00007943f7b39900, 0x00007943f7b39bd8] Compiler: c1, Barriers: 1, Oops: 1, ImmediateOops: 0, NonImmediateOops: No
[2,303s][debug][gc,nmethod     ] Register NMethod: jdk.xml.internal.XMLSecurityManager.isOverLimit (0x00007943f7b39c08) [0x00007943f7b39d00, 0x00007943f7b3a1d8] Compiler: c1, Barriers: 0, Oops: 0, ImmediateOops: 0, NonImmediateOops: No
[2,303s][debug][gc,nmethod     ] Register NMethod: jdk.xml.internal.XMLLimitAnalyzer.getTotalValue (0x00007943f7b3a208) [0x00007943f7b3a300, 0x00007943f7b3a458] Compiler: c1, Barriers: 1, Oops: 0, ImmediateOops: 0, NonImmediateOops: No
[2,303s][debug][gc,nmethod     ] Register NMethod: it.unimi.dsi.fastutil.longs.LongArrayList.grow (0x00007943f7b3a508) [0x00007943f7b3a600, 0x00007943f7b3ab60] Compiler: c1, Barriers: 5, Oops: 1, ImmediateOops: 1, NonImmediateOops: No
[2,303s][debug][gc,nmethod     ] Register NMethod: jdk.xml.internal.XMLSecurityManager.isOverLimit (0x00007943f7b3ab88) [0x00007943f7b3ac80, 0x00007943f7b3c260] Compiler: c1, Barriers: 4, Oops: 0, ImmediateOops: 7, NonImmediateOops: No
[2,303s][debug][gc,nmethod     ] Register NMethod: java.lang.String.encode (0x00007943f7b3c288) [0x00007943f7b3c380, 0x00007943f7b3c6b8] Compiler: c1, Barriers: 0, Oops: 0, ImmediateOops: 3, NonImmediateOops: No
[2,303s][debug][gc,nmethod     ] Register NMethod: io.sirix.node.xml.TextNode.getKind (0x0000794416cd3f08) [0x0000794416cd4000, 0x0000794416cd4090] Compiler: jvmci, Barriers: 0, Oops: 1, ImmediateOops: 1, NonImmediateOops: No
[2,303s][debug][gc,nmethod     ] Register NMethod: java.lang.String.encodeUTF8 (0x00007943f7b3c708) [0x00007943f7b3c800, 0x00007943f7b3ce88] Compiler: c1, Barriers: 0, Oops: 0, ImmediateOops: 0, NonImmediateOops: No
[2,303s][debug][gc,nmethod     ] Register NMethod: java.nio.Bits.tryReserveMemory (0x00007943f7b3cf08) [0x00007943f7b3d000, 0x00007943f7b3d9f0] Compiler: c1, Barriers: 0, Oops: 0, ImmediateOops: 5, NonImmediateOops: No
[2,303s][debug][gc,nmethod     ] Register NMethod: io.sirix.access.trx.node.xml.XmlNodeReadOnlyTrxImpl.getNode (0x00007943f7b3da08) [0x00007943f7b3db00, 0x00007943f7b3ddf8] Compiler: c1, Barriers: 0, Oops: 1, ImmediateOops: 0, NonImmediateOops: No
[2,304s][debug][gc,nmethod     ] Register NMethod: java.lang.invoke.VarHandleGuards.guard_LJ_J (0x0000794416cd4208) [0x0000794416cd4300, 0x0000794416cd4a38] Compiler: jvmci, Barriers: 23, Oops: 0, ImmediateOops: 5, NonImmediateOops: No
[2,304s][debug][gc,nmethod     ] Register NMethod: io.sirix.node.xml.ElementNode.getLeftSiblingKey (0x00007943f7b3de08) [0x00007943f7b3df00, 0x00007943f7b42ef0] Compiler: c1, Barriers: 19, Oops: 7, ImmediateOops: 11, NonImmediateOops: No
[2,304s][debug][gc,nmethod     ] Register NMethod: java.lang.foreign.MemorySegment.copy (0x00007943f7b42f88) [0x00007943f7b43080, 0x00007943f7b4b070] Compiler: c1, Barriers: 10, Oops: 3, ImmediateOops: 15, NonImmediateOops: No
[2,304s][debug][gc,nmethod     ] Register NMethod: io.brackit.query.atomic.Una.stringValue (0x0000794416cd4a88) [0x0000794416cd4b80, 0x0000794416cd4c68] Compiler: c1, Barriers: 1, Oops: 1, ImmediateOops: 0, NonImmediateOops: No
[2,304s][debug][gc,nmethod     ] Register NMethod: io.sirix.access.trx.node.xml.XmlNodeReadOnlyTrxImpl.getNode (0x00007943f7b4b108) [0x00007943f7b4b200, 0x00007943f7b4d780] Compiler: c1, Barriers: 7, Oops: 2, ImmediateOops: 3, NonImmediateOops: No
[2,304s][debug][gc,nmethod     ] Register NMethod: jdk.internal.foreign.MemorySessionImpl.ownerThread (0x0000794416cd4d88) [0x0000794416cd4e80, 0x0000794416cd4f68] Compiler: c1, Barriers: 1, Oops: 0, ImmediateOops: 0, NonImmediateOops: No
[2,304s][debug][gc,nmethod     ] Register NMethod: io.sirix.node.xml.ElementNode.getRightSiblingKey (0x00007943f7b4d808) [0x00007943f7b4d900, 0x00007943f7b528f0] Compiler: c1, Barriers: 19, Oops: 7, ImmediateOops: 11, NonImmediateOops: No
[2,304s][debug][gc,nmethod     ] Register NMethod: it.unimi.dsi.fastutil.longs.AbstractLongList.push (0x00007943f7b52988) [0x00007943f7b52a80, 0x00007943f7b52bc8] Compiler: c1, Barriers: 0, Oops: 1, ImmediateOops: 0, NonImmediateOops: No
[2,304s][debug][gc,nmethod     ] Register NMethod: io.sirix.node.immutable.xml.ImmutableElement.of (0x00007943f7b52c88) [0x00007943f7b52d80, 0x00007943f7b53128] Compiler: c1, Barriers: 3, Oops: 1, ImmediateOops: 0, NonImmediateOops: No
[2,304s][debug][gc,nmethod     ] Register NMethod: io.sirix.node.immutable.xml.ImmutableElement.<init> (0x00007943f7b53188) [0x00007943f7b53280, 0x00007943f7b535a0] Compiler: c1, Barriers: 3, Oops: 1, ImmediateOops: 0, NonImmediateOops: No
[2,304s][debug][gc,nmethod     ] Register NMethod: io.sirix.node.MemorySegmentBytesIn.<init> (0x00007943f7b53608) [0x00007943f7b53700, 0x00007943f7b538e0] Compiler: c1, Barriers: 3, Oops: 1, ImmediateOops: 0, NonImmediateOops: No
[2,304s][debug][gc,nmethod     ] Register NMethod: jdk.internal.foreign.MemorySessionImpl.<init> (0x00007943f7b53908) [0x00007943f7b53a00, 0x00007943f7b53c48] Compiler: c1, Barriers: 6, Oops: 0, ImmediateOops: 0, NonImmediateOops: No
[2,304s][debug][gc,nmethod     ] Register NMethod: io.sirix.node.MemorySegmentBytesOut.write (0x00007943f7b53c88) [0x00007943f7b53d80, 0x00007943f7b53f18] Compiler: c1, Barriers: 1, Oops: 1, ImmediateOops: 0, NonImmediateOops: No
[2,304s][debug][gc,nmethod     ] Register NMethod: io.brackit.query.node.parser.SAX2SubtreeHandlerAdapter$TrimmingStringBuilder.length (0x00007943f7b53f88) [0x00007943f7b54080, 0x00007943f7b54188] Compiler: c1, Barriers: 0, Oops: 1, ImmediateOops: 0, NonImmediateOops: No
[2,305s][debug][gc,nmethod     ] Register NMethod: jdk.internal.foreign.MemorySessionImpl$ResourceList$ResourceCleanup.<init> (0x00007943f7b54288) [0x00007943f7b54380, 0x00007943f7b544d8] Compiler: c1, Barriers: 0, Oops: 0, ImmediateOops: 0, NonImmediateOops: No
[2,305s][debug][gc,nmethod     ] Register NMethod: jdk.internal.foreign.Utils.checkNonNegativeArgument (0x00007943f7b54588) [0x00007943f7b54680, 0x00007943f7b55848] Compiler: c1, Barriers: 0, Oops: 2, ImmediateOops: 3, NonImmediateOops: No
[2,305s][debug][gc,nmethod     ] Register NMethod: io.sirix.node.MemorySegmentBytesOut.write (0x00007943f7b55888) [0x00007943f7b55980, 0x00007943f7b55b88] Compiler: c1, Barriers: 1, Oops: 1, ImmediateOops: 0, NonImmediateOops: No
[2,305s][debug][gc,nmethod     ] Register NMethod: java.util.HashMap.afterNodeAccess (0x0000794416cd5088) [0x0000794416cd5180, 0x0000794416cd5200] Compiler: jvmci, Barriers: 0, Oops: 0, ImmediateOops: 0, NonImmediateOops: No
[2,305s][debug][gc,nmethod     ] Register NMethod: it.unimi.dsi.fastutil.longs.AbstractLongList.topLong (0x00007943f7b55c08) [0x00007943f7b55d00, 0x00007943f7b56028] Compiler: c1, Barriers: 0, Oops: 1, ImmediateOops: 0, NonImmediateOops: No
[2,305s][debug][gc,nmethod     ] Register NMethod: it.unimi.dsi.fastutil.longs.AbstractLongList.popLong (0x00007943f7b56088) [0x00007943f7b56180, 0x00007943f7b564a8] Compiler: c1, Barriers: 0, Oops: 1, ImmediateOops: 0, NonImmediateOops: No
[2,305s][debug][gc,nmethod     ] Register NMethod: it.unimi.dsi.fastutil.longs.LongArrayList.getLong (0x00007943f7b56508) [0x00007943f7b56600, 0x00007943f7b57a90] Compiler: c1, Barriers: 1, Oops: 4, ImmediateOops: 4, NonImmediateOops: No
[2,305s][debug][gc,nmethod     ] Register NMethod: it.unimi.dsi.fastutil.longs.LongArrayList.removeLong (0x00007943f7b57b08) [0x00007943f7b57c00, 0x00007943f7b59330] Compiler: c1, Barriers: 2, Oops: 4, ImmediateOops: 4, NonImmediateOops: No
[2,305s][debug][gc,nmethod     ] Register NMethod: jdk.internal.foreign.MemorySessionImpl.addOrCleanupIfFail (0x00007943f7b59388) [0x00007943f7b59480, 0x00007943f7b599d0] Compiler: c1, Barriers: 0, Oops: 0, ImmediateOops: 0, NonImmediateOops: No
[2,305s][debug][gc,nmethod     ] Register NMethod: jdk.internal.misc.Unsafe.putLongUnaligned (0x0000794416cd5388) [0x0000794416cd5480, 0x0000794416cd5540] Compiler: jvmci, Barriers: 0, Oops: 0, ImmediateOops: 0, NonImmediateOops: No
[2,305s][debug][gc,nmethod     ] Register NMethod: io.sirix.node.GrowingMemorySegment.<init> (0x00007943f7b59a08) [0x00007943f7b59b00, 0x00007943f7b59f78] Compiler: c1, Barriers: 6, Oops: 1, ImmediateOops: 0, NonImmediateOops: No
[2,305s][debug][gc,nmethod     ] Register NMethod: java.nio.Bits.reserveMemory (0x00007943f7b59f88) [0x00007943f7b5a080, 0x00007943f7b5cfc0] Compiler: c1, Barriers: 4, Oops: 4, ImmediateOops: 13, NonImmediateOops: No
[2,305s][debug][gc,nmethod     ] Register NMethod: jdk.internal.foreign.MemorySessionImpl.addInternal (0x00007943f7b5d008) [0x00007943f7b5d100, 0x00007943f7b5e070] Compiler: c1, Barriers: 4, Oops: 0, ImmediateOops: 2, NonImmediateOops: No
[2,305s][debug][gc,nmethod     ] Register NMethod: jdk.internal.foreign.ArenaImpl.allocate (0x00007943f7b5e088) [0x00007943f7b5e180, 0x00007943f7b5e478] Compiler: c1, Barriers: 0, Oops: 0, ImmediateOops: 0, NonImmediateOops: No
[2,306s][debug][gc,nmethod     ] Register NMethod: io.sirix.node.xml.ElementNode.getChildCount (0x00007943f7b5e488) [0x00007943f7b5e580, 0x00007943f7b61f88] Compiler: c1, Barriers: 6, Oops: 6, ImmediateOops: 9, NonImmediateOops: No
[2,306s][debug][gc,nmethod     ] Register NMethod: jdk.internal.foreign.ArenaImpl.allocate (0x00007943f7b62008) [0x00007943f7b62100, 0x00007943f7b62280] Compiler: c1, Barriers: 1, Oops: 0, ImmediateOops: 0, NonImmediateOops: No
[2,306s][debug][gc,nmethod     ] Register NMethod: jdk.internal.foreign.SegmentFactories.allocateMemoryWrapper (0x00007943f7b62308) [0x00007943f7b62400, 0x00007943f7b627b8] Compiler: c1, Barriers: 0, Oops: 0, ImmediateOops: 1, NonImmediateOops: No
[2,306s][debug][gc,nmethod     ] Register NMethod: jdk.internal.foreign.SegmentFactories.allocateNativeSegment (0x00007943f7b62808) [0x00007943f7b62900, 0x00007943f7b62ec0] Compiler: c1, Barriers: 3, Oops: 0, ImmediateOops: 1, NonImmediateOops: No
[2,306s][debug][gc,nmethod     ] Register NMethod: jdk.internal.foreign.SegmentFactories$1.<init> (0x00007943f7b62f08) [0x00007943f7b63000, 0x00007943f7b631d0] Compiler: c1, Barriers: 0, Oops: 0, ImmediateOops: 0, NonImmediateOops: No
[2,306s][debug][gc,nmethod     ] Register NMethod: jdk.internal.foreign.Utils.alignUp (0x00007943f7b63208) [0x00007943f7b63300, 0x00007943f7b633f8] Compiler: c1, Barriers: 0, Oops: 0, ImmediateOops: 0, NonImmediateOops: No
[2,306s][debug][gc,nmethod     ] Register NMethod: jdk.internal.foreign.MemorySessionImpl.asArena (0x00007943f7b63508) [0x00007943f7b63600, 0x00007943f7b63a90] Compiler: c1, Barriers: 3, Oops: 0, ImmediateOops: 0, NonImmediateOops: No
[2,306s][debug][gc,nmethod     ] Register NMethod: jdk.internal.foreign.Utils.checkAllocationSizeAndAlign (0x00007943f7b63b08) [0x00007943f7b63c00, 0x00007943f7b64e90] Compiler: c1, Barriers: 0, Oops: 3, ImmediateOops: 4, NonImmediateOops: No
[2,306s][debug][gc,nmethod     ] Register NMethod: jdk.internal.foreign.Utils.checkAlign (0x00007943f7b64f08) [0x00007943f7b65000, 0x00007943f7b65d58] Compiler: c1, Barriers: 0, Oops: 1, ImmediateOops: 2, NonImmediateOops: No
[2,306s][debug][gc,nmethod     ] Register NMethod: jdk.internal.foreign.ArenaImpl.<init> (0x00007943f7b65d88) [0x00007943f7b65e80, 0x00007943f7b66260] Compiler: c1, Barriers: 3, Oops: 0, ImmediateOops: 0, NonImmediateOops: No
[2,306s][debug][gc,nmethod     ] Register NMethod: io.sirix.node.MemorySegmentBytesOut.getDestination (0x00007943f7b66288) [0x00007943f7b66380, 0x00007943f7b66508] Compiler: c1, Barriers: 1, Oops: 1, ImmediateOops: 0, NonImmediateOops: No
[2,306s][debug][gc,nmethod     ] Register NMethod: io.sirix.node.AbstractForwardingNode.getParentKey (0x00007943f7b66588) [0x00007943f7b66680, 0x00007943f7b669b0] Compiler: c1, Barriers: 0, Oops: 1, ImmediateOops: 0, NonImmediateOops: No
[2,306s][debug][gc,nmethod     ] Register NMethod: io.sirix.access.trx.page.NodePageTrx.getActualRevisionRootPage (0x00007943f7b66a08) [0x00007943f7b66b00, 0x00007943f7b66fa8] Compiler: c1, Barriers: 2, Oops: 1, ImmediateOops: 1, NonImmediateOops: No
[2,306s][debug][gc,nmethod     ] Register NMethod: jdk.internal.foreign.MemorySessionImpl$ResourceList.<init> (0x00007943f7b67008) [0x00007943f7b67100, 0x00007943f7b67258] Compiler: c1, Barriers: 0, Oops: 0, ImmediateOops: 0, NonImmediateOops: No
[2,306s][debug][gc,nmethod     ] Register NMethod: jdk.internal.foreign.SharedSession$SharedResourceList.<init> (0x00007943f7b67308) [0x00007943f7b67400, 0x00007943f7b675b8] Compiler: c1, Barriers: 0, Oops: 0, ImmediateOops: 0, NonImmediateOops: No
[2,306s][debug][gc,nmethod     ] Register NMethod: jdk.internal.foreign.SharedSession.<init> (0x00007943f7b67608) [0x00007943f7b67700, 0x00007943f7b67b18] Compiler: c1, Barriers: 6, Oops: 0, ImmediateOops: 0, NonImmediateOops: No
[2,306s][debug][gc,nmethod     ] Register NMethod: jdk.internal.foreign.SegmentFactories.allocateNativeInternal (0x00007943f7b67b88) [0x00007943f7b67c80, 0x00007943f7b6b0c8] Compiler: c1, Barriers: 3, Oops: 3, ImmediateOops: 11, NonImmediateOops: No
[2,307s][debug][gc,nmethod     ] Register NMethod: java.lang.invoke.VarHandleSegmentAsLongs.get (0x0000794416cd5688) [0x0000794416cd5780, 0x0000794416cd5e50] Compiler: jvmci, Barriers: 4, Oops: 0, ImmediateOops: 0, NonImmediateOops: No
[2,307s][debug][gc,nmethod     ] Register NMethod: jdk.internal.foreign.ImplicitSession.<init> (0x00007943f7b6b108) [0x00007943f7b6b200, 0x00007943f7b6b890] Compiler: c1, Barriers: 6, Oops: 0, ImmediateOops: 0, NonImmediateOops: No
[2,307s][debug][gc,nmethod     ] Register NMethod: java.lang.foreign.Arena.ofAuto (0x00007943f7b6b908) [0x00007943f7b6ba00, 0x00007943f7b6c508] Compiler: c1, Barriers: 6, Oops: 1, ImmediateOops: 1, NonImmediateOops: No
[2,307s][debug][gc,nmethod     ] Register NMethod: io.sirix.node.GrowingMemorySegment.<init> (0x00007943f7b6c588) [0x00007943f7b6c680, 0x00007943f7b6d250] Compiler: c1, Barriers: 6, Oops: 2, ImmediateOops: 1, NonImmediateOops: No
[2,307s][debug][gc,nmethod     ] Register NMethod: java.lang.Math.multiplyHigh (0x0000794416cd5e88) [0x0000794416cd5f80, 0x0000794416cd6030] Compiler: jvmci, Barriers: 0, Oops: 0, ImmediateOops: 0, NonImmediateOops: No
[2,307s][debug][gc,nmethod     ] Register NMethod: java.lang.invoke.VarHandleReferences$FieldInstanceReadOnly.getVolatile (0x00007943f7b6d288) [0x00007943f7b6d380, 0x00007943f7b6dda8] Compiler: c1, Barriers: 2, Oops: 1, ImmediateOops: 0, NonImmediateOops: No
[2,307s][debug][gc,nmethod     ] Register NMethod: io.sirix.node.xml.TextNode.hasLeftSibling (0x00007943f7b6de08) [0x00007943f7b6df00, 0x00007943f7b73338] Compiler: c1, Barriers: 19, Oops: 7, ImmediateOops: 12, NonImmediateOops: No
[2,307s][debug][gc,nmethod     ] Register NMethod: io.sirix.node.BytesOut.asBytesIn (0x00007943f7b73388) [0x00007943f7b73480, 0x00007943f7b74128] Compiler: c1, Barriers: 4, Oops: 1, ImmediateOops: 0, NonImmediateOops: No
[2,307s][debug][gc,nmethod     ] Register NMethod: io.sirix.access.trx.node.AbstractNodeHashing.rollingAdd (0x00007943f7b74188) [0x00007943f7b74280, 0x00007943f7b795e0] Compiler: c1, Barriers: 15, Oops: 1, ImmediateOops: 2, NonImmediateOops: No
[2,308s][debug][gc,nmethod     ] Register NMethod: jdk.internal.foreign.SharedSession$SharedResourceList.add (0x00007943f7b79608) [0x00007943f7b79700, 0x00007943f7b7c1e8] Compiler: c1, Barriers: 9, Oops: 7, ImmediateOops: 21, NonImmediateOops: No
[2,308s][debug][gc,nmethod     ] Register NMethod: java.nio.Buffer$2.reserveMemory (0x00007943f7b7c288) [0x00007943f7b7c380, 0x00007943f7b7c4b8] Compiler: c1, Barriers: 0, Oops: 0, ImmediateOops: 0, NonImmediateOops: No
[2,308s][debug][gc,nmethod     ] Register NMethod: net.openhft.hashing.XXH3.XXH3_avalanche (0x00007943f7b7c588) [0x00007943f7b7c680, 0x00007943f7b7c790] Compiler: c1, Barriers: 0, Oops: 1, ImmediateOops: 0, NonImmediateOops: No
[2,308s][debug][gc,nmethod     ] Register NMethod: jdk.internal.foreign.MemorySessionImpl.createImplicit (0x00007943f7b7c888) [0x00007943f7b7c980, 0x00007943f7b7d038] Compiler: c1, Barriers: 3, Oops: 0, ImmediateOops: 0, NonImmediateOops: No
[2,308s][debug][gc,nmethod     ] Register NMethod: com.sun.org.apache.xerces.internal.impl.XMLDocumentFragmentScannerImpl$FragmentContentDriver.next (0x00007943f7b7d088) [0x00007943f7b7d180, 0x00007943f7b8acb0] Compiler: c1, Barriers: 140, Oops: 1, ImmediateOops: 14, NonImmediateOops: No
[2,308s][debug][gc,nmethod     ] Register NMethod: java.nio.ByteBuffer.order (0x00007943f7b8ad08) [0x00007943f7b8ae00, 0x00007943f7b8b020] Compiler: c1, Barriers: 0, Oops: 0, ImmediateOops: 1, NonImmediateOops: No
[2,308s][debug][gc,nmethod     ] Register NMethod: io.sirix.axis.AbstractAxis.nextLong (0x00007943f7b8b088) [0x00007943f7b8b180, 0x00007943f7b8bc10] Compiler: c1, Barriers: 5, Oops: 1, ImmediateOops: 1, NonImmediateOops: No
[2,308s][debug][gc,nmethod     ] Register NMethod: jdk.internal.foreign.SegmentFactories.initNativeMemory (0x0000794416cd6188) [0x0000794416cd6280, 0x0000794416cd6528] Compiler: jvmci, Barriers: 0, Oops: 0, ImmediateOops: 0, NonImmediateOops: No
[2,308s][debug][gc,nmethod     ] Register NMethod: io.sirix.node.Bytes.elasticOffHeapByteBuffer (0x00007943f7b8bc88) [0x00007943f7b8bd80, 0x00007943f7b8c6c8] Compiler: c1, Barriers: 6, Oops: 2, ImmediateOops: 1, NonImmediateOops: No
[2,308s][debug][gc,nmethod     ] Register NMethod: io.sirix.node.MemorySegmentBytesOut.<init> (0x00007943f7b8c708) [0x00007943f7b8c800, 0x00007943f7b8d5d0] Compiler: c1, Barriers: 9, Oops: 2, ImmediateOops: 1, NonImmediateOops: No
[2,308s][debug][gc,director    ] Rule Major: Warmup 10%, Used: 292MB, UsedThreshold: 1228MB
[2,308s][debug][gc,nmethod     ] Register NMethod: io.sirix.access.trx.page.NodePageReadOnlyTrx.pageKey (0x0000794416cd6588) [0x0000794416cd6680, 0x0000794416cd67d0] Compiler: jvmci, Barriers: 0, Oops: 1, ImmediateOops: 0, NonImmediateOops: No
[2,309s][debug][gc,nmethod     ] Register NMethod: io.sirix.node.GrowingMemorySegment.<init> (0x00007943f7b8d608) [0x00007943f7b8d700, 0x00007943f7b8e330] Compiler: c1, Barriers: 6, Oops: 2, ImmediateOops: 1, NonImmediateOops: No
[2,309s][debug][gc,nmethod     ] Register NMethod: net.openhft.hashing.Access.byteOrder (0x00007943f7b8e388) [0x00007943f7b8e480, 0x00007943f7b8e9d8] Compiler: c1, Barriers: 0, Oops: 1, ImmediateOops: 0, NonImmediateOops: No
[2,309s][debug][gc,nmethod     ] Register NMethod: net.openhft.hashing.UnsafeAccess.byteOrder (0x00007943f7b8ea08) [0x00007943f7b8eb00, 0x00007943f7b8ec60] Compiler: c1, Barriers: 0, Oops: 1, ImmediateOops: 1, NonImmediateOops: No
[2,309s][debug][gc,nmethod     ] Register NMethod: io.sirix.access.trx.node.AbstractNodeTrxImpl.assertRunning (0x00007943f7b8ed08) [0x00007943f7b8ee00, 0x00007943f7b8f380] Compiler: c1, Barriers: 3, Oops: 1, ImmediateOops: 2, NonImmediateOops: No
[2,309s][debug][gc,nmethod     ] Register NMethod: io.sirix.access.trx.node.xml.ForwardingXmlNodeReadOnlyTrx.storeDeweyIDs (0x00007943f7b8f408) [0x00007943f7b8f500, 0x00007943f7b8fb00] Compiler: c1, Barriers: 1, Oops: 1, ImmediateOops: 0, NonImmediateOops: No
[2,309s][debug][gc,nmethod     ] Register NMethod: io.sirix.access.trx.node.AbstractNodeTrxImpl.checkAccessAndCommit (0x00007943f7b8fb88) [0x00007943f7b8fc80, 0x00007943f7b90808] Compiler: c1, Barriers: 4, Oops: 1, ImmediateOops: 3, NonImmediateOops: No
[2,309s][debug][gc,nmethod     ] Register NMethod: io.sirix.access.trx.node.AbstractNodeTrxImpl.intermediateCommitIfRequired (0x00007943f7b90888) [0x00007943f7b90980, 0x00007943f7b916f8] Compiler: c1, Barriers: 1, Oops: 3, ImmediateOops: 4, NonImmediateOops: No
[2,309s][debug][gc,nmethod     ] Register NMethod: io.sirix.node.MemorySegmentBytesIn.getUnderlying (0x00007943f7b91788) [0x00007943f7b91880, 0x00007943f7b91e68] Compiler: c1, Barriers: 1, Oops: 1, ImmediateOops: 0, NonImmediateOops: No
[2,309s][debug][gc,nmethod     ] Register NMethod: io.sirix.access.trx.node.AbstractNodeReadOnlyTrx.storeDeweyIDs (0x00007943f7b91e88) [0x00007943f7b91f80, 0x00007943f7b924b0] Compiler: c1, Barriers: 2, Oops: 1, ImmediateOops: 1, NonImmediateOops: No
[2,309s][debug][gc,nmethod     ] Register NMethod: com.sun.org.apache.xerces.internal.util.XMLChar.isSpace (0x00007943f7b92508) [0x00007943f7b92600, 0x00007943f7b92788] Compiler: c1, Barriers: 0, Oops: 0, ImmediateOops: 1, NonImmediateOops: No
[2,309s][debug][gc,nmethod     ] Register NMethod: io.sirix.access.trx.page.NodePageReadOnlyTrx.assertNotClosed (0x0000794416cd6888) [0x0000794416cd6980, 0x0000794416cd6a40] Compiler: jvmci, Barriers: 0, Oops: 1, ImmediateOops: 0, NonImmediateOops: No
[2,309s][debug][gc,nmethod     ] Register NMethod: io.sirix.axis.ChildAxis.nextKey (0x00007943f7b92808) [0x00007943f7b92900, 0x00007943f7b93930] Compiler: c1, Barriers: 1, Oops: 1, ImmediateOops: 1, NonImmediateOops: No
[2,309s][debug][gc,nmethod     ] Register NMethod: io.sirix.node.GrowingMemorySegment.write (0x00007943f7b93988) [0x00007943f7b93a80, 0x00007943f7b99618] Compiler: c1, Barriers: 7, Oops: 6, ImmediateOops: 13, NonImmediateOops: No
[2,309s][debug][gc,nmethod     ] Register NMethod: com.sun.org.apache.xerces.internal.impl.XMLEntityScanner.skipSpaces (0x00007943f7b99688) [0x00007943f7b99780, 0x00007943f7b9aa20] Compiler: c1, Barriers: 16, Oops: 0, ImmediateOops: 2, NonImmediateOops: No
[2,310s][debug][gc,nmethod     ] Register NMethod: io.sirix.access.trx.node.xml.XmlNodeHashing.setCurrentNode (0x00007943f7b9aa88) [0x00007943f7b9ab80, 0x00007943f7b9b6e8] Compiler: c1, Barriers: 4, Oops: 1, ImmediateOops: 1, NonImmediateOops: No
[2,310s][debug][gc,nmethod     ] Register NMethod: io.sirix.access.trx.page.NodePageReadOnlyTrx.getValue (0x0000794416cd6b88) [0x0000794416cd6c80, 0x0000794416cd6e20] Compiler: jvmci, Barriers: 2, Oops: 1, ImmediateOops: 0, NonImmediateOops: No
[2,310s][debug][gc,nmethod     ] Register NMethod: io.sirix.access.trx.node.xml.XmlNodeHashing.setCurrentNode (0x00007943f7b9b708) [0x00007943f7b9b800, 0x00007943f7b9bf28] Compiler: c1, Barriers: 4, Oops: 1, ImmediateOops: 1, NonImmediateOops: No
[2,310s][debug][gc,nmethod     ] Register NMethod: io.brackit.query.node.AbstractNode.<init> (0x00007943f7b9bf88) [0x00007943f7b9c080, 0x00007943f7b9c298] Compiler: c1, Barriers: 0, Oops: 1, ImmediateOops: 0, NonImmediateOops: No
[2,310s][debug][gc,nmethod     ] Register NMethod: io.brackit.query.jdm.node.AbstractTemporalNode.<init> (0x00007943f7b9c308) [0x00007943f7b9c400, 0x00007943f7b9c678] Compiler: c1, Barriers: 0, Oops: 1, ImmediateOops: 0, NonImmediateOops: No
[2,310s][debug][gc,nmethod     ] Register NMethod: io.sirix.access.trx.node.AbstractIndexController.notifyChange (0x00007943f7b9c688) [0x00007943f7b9c780, 0x00007943f7b9d638] Compiler: c1, Barriers: 2, Oops: 1, ImmediateOops: 0, NonImmediateOops: No
[2,310s][debug][gc,nmethod     ] Register NMethod: io.sirix.access.trx.node.xml.ForwardingXmlNodeReadOnlyTrx.getResourceSession (0x00007943f7b9d688) [0x00007943f7b9d780, 0x00007943f7b9dd78] Compiler: c1, Barriers: 1, Oops: 1, ImmediateOops: 0, NonImmediateOops: No
[2,310s][debug][gc,nmethod     ] Register NMethod: io.sirix.access.trx.node.xml.ForwardingXmlNodeReadOnlyTrx.getKind (0x00007943f7b9dd88) [0x00007943f7b9de80, 0x00007943f7b9e478] Compiler: c1, Barriers: 1, Oops: 1, ImmediateOops: 0, NonImmediateOops: No
[2,310s][debug][gc,nmethod     ] Register NMethod: io.sirix.access.trx.node.xml.XmlNodeReadOnlyTrxImpl.getResourceSession (0x00007943f7b9e488) [0x00007943f7b9e580, 0x00007943f7b9ebf8] Compiler: c1, Barriers: 1, Oops: 1, ImmediateOops: 1, NonImmediateOops: No
[2,310s][debug][gc,nmethod     ] Register NMethod: io.sirix.query.node.XmlDBNode.<init> (0x00007943f7b9ec08) [0x00007943f7b9ed00, 0x00007943f7ba0590] Compiler: c1, Barriers: 16, Oops: 1, ImmediateOops: 1, NonImmediateOops: No
[2,310s][debug][gc,nmethod     ] Register NMethod: jdk.internal.foreign.AbstractMemorySegmentImpl.asSlice (0x00007943f7ba0608) [0x00007943f7ba0700, 0x00007943f7ba09f8] Compiler: c1, Barriers: 0, Oops: 0, ImmediateOops: 0, NonImmediateOops: No
[2,310s][debug][gc,nmethod     ] Register NMethod: io.sirix.node.MemorySegmentBytesIn.getUnderlying (0x00007943f7ba0a08) [0x00007943f7ba0b00, 0x00007943f7ba1080] Compiler: c1, Barriers: 1, Oops: 1, ImmediateOops: 0, NonImmediateOops: No
[2,310s][debug][gc,nmethod     ] Register NMethod: io.sirix.access.trx.node.xml.XmlNodeHashing.getStructuralNode (0x00007943f7ba1108) [0x00007943f7ba1200, 0x00007943f7ba1560] Compiler: c1, Barriers: 1, Oops: 1, ImmediateOops: 0, NonImmediateOops: No
[2,310s][debug][gc,nmethod     ] Register NMethod: jdk.internal.foreign.AbstractMemorySegmentImpl.asSlice (0x00007943f7ba1588) [0x00007943f7ba1680, 0x00007943f7ba1ac0] Compiler: c1, Barriers: 0, Oops: 0, ImmediateOops: 0, NonImmediateOops: No
[2,310s][debug][gc,nmethod     ] Register NMethod: net.openhft.hashing.LongHashFunction.unsafeHash (0x00007943f7ba1b08) [0x00007943f7ba1c00, 0x00007943f7ba1f10] Compiler: c1, Barriers: 0, Oops: 1, ImmediateOops: 1, NonImmediateOops: No
[2,310s][debug][gc,nmethod     ] Register NMethod: io.sirix.access.trx.node.AbstractNodeHashing.adaptHashesWithAdd (0x00007943f7ba1f88) [0x00007943f7ba2080, 0x00007943f7ba2558] Compiler: c1, Barriers: 1, Oops: 1, ImmediateOops: 1, NonImmediateOops: No
[2,311s][debug][gc,nmethod     ] Register NMethod: io.sirix.access.trx.node.AbstractNodeHashing.isValueNode (0x00007943f7ba2588) [0x00007943f7ba2680, 0x00007943f7ba4248] Compiler: c1, Barriers: 0, Oops: 1, ImmediateOops: 12, NonImmediateOops: No
[2,311s][debug][gc,nmethod     ] Register NMethod: net.openhft.hashing.XXH3.access$100 (0x00007943f7ba4288) [0x00007943f7ba4380, 0x00007943f7ba4468] Compiler: c1, Barriers: 0, Oops: 1, ImmediateOops: 1, NonImmediateOops: No
[2,311s][debug][gc,nmethod     ] Register NMethod: net.openhft.hashing.XXH3.access$500 (0x00007943f7ba4588) [0x00007943f7ba4680, 0x00007943f7ba4790] Compiler: c1, Barriers: 0, Oops: 1, ImmediateOops: 0, NonImmediateOops: No
[2,311s][debug][gc,nmethod     ] Register NMethod: net.openhft.hashing.XXH3$AsLongHashFunction.hash (0x00007943f7ba4888) [0x00007943f7ba4980, 0x00007943f7ba51d0] Compiler: c1, Barriers: 0, Oops: 3, ImmediateOops: 2, NonImmediateOops: No
[2,311s][debug][gc,nmethod     ] Register NMethod: io.sirix.node.xml.AbstractStructForwardingNode.getDescendantCount (0x00007943f7ba5208) [0x00007943f7ba5300, 0x00007943f7ba5630] Compiler: c1, Barriers: 0, Oops: 1, ImmediateOops: 0, NonImmediateOops: No
[2,311s][debug][gc,nmethod     ] Register NMethod: io.sirix.index.path.summary.PathSummaryReader.getLocalNameKey (0x00007943f7ba5688) [0x00007943f7ba5780, 0x00007943f7ba60b8] Compiler: c1, Barriers: 1, Oops: 1, ImmediateOops: 1, NonImmediateOops: No
[2,311s][debug][gc,nmethod     ] Register NMethod: io.sirix.index.path.summary.PathSummaryReader.isNameNode (0x00007943f7ba6108) [0x00007943f7ba6200, 0x00007943f7ba66c0] Compiler: c1, Barriers: 1, Oops: 1, ImmediateOops: 1, NonImmediateOops: No
[2,311s][debug][gc,nmethod     ] Register NMethod: io.sirix.index.path.summary.PathNode.getLocalNameKey (0x00007943f7ba6708) [0x00007943f7ba6800, 0x00007943f7ba6960] Compiler: c1, Barriers: 1, Oops: 1, ImmediateOops: 0, NonImmediateOops: No
[2,311s][debug][gc,nmethod     ] Register NMethod: io.sirix.node.xml.AbstractStructForwardingNode.setDescendantCount (0x00007943f7ba6a08) [0x00007943f7ba6b00, 0x00007943f7ba6e40] Compiler: c1, Barriers: 0, Oops: 1, ImmediateOops: 0, NonImmediateOops: No
[2,311s][debug][gc,nmethod     ] Register NMethod: io.sirix.node.xml.ElementNode.incrementChildCount (0x00007943f7ba6e88) [0x00007943f7ba6f80, 0x00007943f7ba76b0] Compiler: c1, Barriers: 1, Oops: 1, ImmediateOops: 0, NonImmediateOops: No
[2,311s][debug][gc,nmethod     ] Register NMethod: io.sirix.page.RevisionRootPage.incrementAndGetMaxNodeKeyInDocumentIndex (0x00007943f7ba7708) [0x00007943f7ba7800, 0x00007943f7ba7910] Compiler: c1, Barriers: 0, Oops: 1, ImmediateOops: 0, NonImmediateOops: No
[2,311s][debug][gc,nmethod     ] Register NMethod: io.sirix.axis.filter.PathNameFilter.filter (0x00007943f7ba7a08) [0x00007943f7ba7b00, 0x00007943f7baa300] Compiler: c1, Barriers: 5, Oops: 1, ImmediateOops: 3, NonImmediateOops: No
[2,311s][debug][gc,nmethod     ] Register NMethod: io.sirix.access.trx.node.xml.ForwardingXmlNodeReadOnlyTrx.moveTo (0x00007943f7baa388) [0x00007943f7baa480, 0x00007943f7baaa80] Compiler: c1, Barriers: 1, Oops: 1, ImmediateOops: 0, NonImmediateOops: No
[2,311s][debug][gc,nmethod     ] Register NMethod: io.sirix.access.trx.node.xml.XmlNodeTrxImpl.adaptForInsert (0x00007943f7baab08) [0x00007943f7baac00, 0x00007943f7bad9c8] Compiler: c1, Barriers: 3, Oops: 1, ImmediateOops: 3, NonImmediateOops: No
[2,312s][debug][gc,nmethod     ] Register NMethod: io.sirix.node.xml.ElementNode.getPathNodeKey (0x00007943f7bada08) [0x00007943f7badb00, 0x00007943f7bb2af0] Compiler: c1, Barriers: 19, Oops: 7, ImmediateOops: 11, NonImmediateOops: No
[2,312s][debug][gc,nmethod     ] Register NMethod: com.sun.org.apache.xerces.internal.impl.XMLEntityScanner.normalizeNewlines (0x00007943f7bb2b88) [0x00007943f7bb2c80, 0x00007943f7bb3fa0] Compiler: c1, Barriers: 17, Oops: 0, ImmediateOops: 0, NonImmediateOops: No
[2,312s][debug][gc,nmethod     ] Register NMethod: io.sirix.node.xml.TextNode.hasRightSibling (0x00007943f7bb4008) [0x00007943f7bb4100, 0x00007943f7bb9538] Compiler: c1, Barriers: 19, Oops: 7, ImmediateOops: 12, NonImmediateOops: No
[2,313s][debug][gc,nmethod     ] Register NMethod: java.nio.MappedByteBuffer.limit (0x00007943f7bb9588) [0x00007943f7bb9680, 0x00007943f7bb9a40] Compiler: c1, Barriers: 0, Oops: 0, ImmediateOops: 0, NonImmediateOops: No
[2,313s][debug][gc,nmethod     ] Register NMethod: java.lang.String.getBytes (0x00007943f7bb9a88) [0x00007943f7bb9b80, 0x00007943f7bba018] Compiler: c1, Barriers: 1, Oops: 0, ImmediateOops: 0, NonImmediateOops: No
[2,313s][debug][gc,nmethod     ] Register NMethod: java.nio.ByteBuffer.<init> (0x00007943f7bba088) [0x00007943f7bba180, 0x00007943f7bba2c8] Compiler: c1, Barriers: 0, Oops: 0, ImmediateOops: 0, NonImmediateOops: No
[2,313s][debug][gc,nmethod     ] Register NMethod: java.nio.MappedByteBuffer.position (0x00007943f7bba388) [0x00007943f7bba480, 0x00007943f7bba840] Compiler: c1, Barriers: 0, Oops: 0, ImmediateOops: 0, NonImmediateOops: No
[2,313s][debug][gc,nmethod     ] Register NMethod: io.sirix.access.trx.page.NodePageTrx.getMostRecentPageContainer (0x0000794416cd6e88) [0x0000794416cd6f80, 0x0000794416cd7398] Compiler: jvmci, Barriers: 9, Oops: 1, ImmediateOops: 1, NonImmediateOops: No
[2,313s][debug][gc,nmethod     ] Register NMethod: io.sirix.node.xml.ElementNode.setChildCount (0x00007943f7bba888) [0x00007943f7bba980, 0x00007943f7bbe4a0] Compiler: c1, Barriers: 6, Oops: 6, ImmediateOops: 10, NonImmediateOops: No
[2,313s][debug][gc,nmethod     ] Register NMethod: net.openhft.hashing.XXH3.XXH3_64bits_internal (0x00007943f7bbe508) [0x00007943f7bbe600, 0x00007943f7bdcfc8] Compiler: c1, Barriers: 0, Oops: 3, ImmediateOops: 136, NonImmediateOops: No
[2,313s][debug][gc,nmethod     ] Register NMethod: jdk.xml.internal.XMLLimitAnalyzer.addValue (0x00007943f7bdd008) [0x00007943f7bdd100, 0x00007943f7bdd5d0] Compiler: c1, Barriers: 0, Oops: 0, ImmediateOops: 0, NonImmediateOops: No
[2,313s][debug][gc,nmethod     ] Register NMethod: io.sirix.node.xml.ElementNode.getFirstChildKey (0x00007943f7bdd608) [0x00007943f7bdd700, 0x00007943f7be26f0] Compiler: c1, Barriers: 19, Oops: 7, ImmediateOops: 11, NonImmediateOops: No
[2,313s][debug][gc,nmethod     ] Register NMethod: jdk.internal.foreign.SegmentFactories.initNativeMemory (0x0000794416cd7408) [0x0000794416cd7500, 0x0000794416cd76a8] Compiler: jvmci, Barriers: 0, Oops: 0, ImmediateOops: 0, NonImmediateOops: No
[2,313s][debug][gc,nmethod     ] Register NMethod: jdk.internal.foreign.Utils.isAligned (0x00007943f7be2788) [0x00007943f7be2880, 0x00007943f7be29c0] Compiler: c1, Barriers: 0, Oops: 0, ImmediateOops: 0, NonImmediateOops: No
[2,313s][debug][gc,nmethod     ] Register NMethod: io.sirix.node.delegates.StructNodeDelegate.hasRightSibling (0x00007943f7be2a88) [0x00007943f7be2b80, 0x00007943f7be2ed8] Compiler: c1, Barriers: 0, Oops: 1, ImmediateOops: 1, NonImmediateOops: No
[2,313s][debug][gc,nmethod     ] Register NMethod: io.sirix.node.xml.AbstractStructForwardingNode.hasRightSibling (0x00007943f7be2f08) [0x00007943f7be3000, 0x00007943f7be35c8] Compiler: c1, Barriers: 0, Oops: 1, ImmediateOops: 1, NonImmediateOops: No
[2,313s][debug][gc,nmethod     ] Register NMethod: io.sirix.axis.filter.AbstractFilter.<init> (0x00007943f7be3608) [0x00007943f7be3700, 0x00007943f7be3c38] Compiler: c1, Barriers: 3, Oops: 1, ImmediateOops: 0, NonImmediateOops: No
[2,313s][debug][gc,nmethod     ] Register NMethod: io.sirix.axis.AbstractAxis.<init> (0x00007943f7be3c88) [0x00007943f7be3d80, 0x00007943f7be47d0] Compiler: c1, Barriers: 9, Oops: 1, ImmediateOops: 2, NonImmediateOops: No
[2,313s][debug][gc,nmethod     ] Register NMethod: io.sirix.axis.AbstractAxis.reset (0x00007943f7be4808) [0x00007943f7be4900, 0x00007943f7be4a88] Compiler: c1, Barriers: 3, Oops: 1, ImmediateOops: 1, NonImmediateOops: No
[2,313s][debug][gc,nmethod     ] Register NMethod: io.sirix.axis.filter.AbstractFilter.getTrx (0x00007943f7be4b08) [0x00007943f7be4c00, 0x00007943f7be4f00] Compiler: c1, Barriers: 1, Oops: 1, ImmediateOops: 0, NonImmediateOops: No
[2,313s][debug][gc,nmethod     ] Register NMethod: java.nio.MappedByteBuffer.limit (0x00007943f7be4f88) [0x00007943f7be5080, 0x00007943f7be5440] Compiler: c1, Barriers: 0, Oops: 0, ImmediateOops: 0, NonImmediateOops: No
[2,314s][debug][gc,nmethod     ] Register NMethod: io.sirix.node.SirixDeweyID.<init> (0x00007943f7be5488) [0x00007943f7be5580, 0x00007943f7be57b0] Compiler: c1, Barriers: 3, Oops: 1, ImmediateOops: 0, NonImmediateOops: No
[2,314s][debug][gc,nmethod     ] Register NMethod: java.nio.MappedByteBuffer.<init> (0x00007943f7be5808) [0x00007943f7be5900, 0x00007943f7be5ad0] Compiler: c1, Barriers: 3, Oops: 0, ImmediateOops: 0, NonImmediateOops: No
[2,314s][debug][gc,nmethod     ] Register NMethod: io.sirix.index.path.summary.PathSummaryReader.getPathNode (0x00007943f7be5b08) [0x00007943f7be5c00, 0x00007943f7be6300] Compiler: c1, Barriers: 1, Oops: 1, ImmediateOops: 1, NonImmediateOops: No
[2,314s][debug][gc,nmethod     ] Register NMethod: java.nio.MappedByteBuffer.rewind (0x00007943f7be6388) [0x00007943f7be6480, 0x00007943f7be6868] Compiler: c1, Barriers: 0, Oops: 0, ImmediateOops: 0, NonImmediateOops: No
[2,314s][debug][gc,nmethod     ] Register NMethod: java.nio.MappedByteBuffer.rewind (0x00007943f7be6888) [0x00007943f7be6980, 0x00007943f7be6b50] Compiler: c1, Barriers: 0, Oops: 0, ImmediateOops: 0, NonImmediateOops: No
[2,314s][debug][gc,nmethod     ] Register NMethod: java.nio.ByteBuffer.rewind (0x00007943f7be6b88) [0x00007943f7be6c80, 0x00007943f7be6de8] Compiler: c1, Barriers: 0, Oops: 0, ImmediateOops: 0, NonImmediateOops: No
[2,314s][debug][gc,nmethod     ] Register NMethod: java.nio.Buffer.rewind (0x00007943f7be6e88) [0x00007943f7be6f80, 0x00007943f7be7090] Compiler: c1, Barriers: 0, Oops: 0, ImmediateOops: 0, NonImmediateOops: No
[2,314s][debug][gc,nmethod     ] Register NMethod: io.sirix.node.xml.TextNode.getDescendantCount (0x0000794416cd7708) [0x0000794416cd7800, 0x0000794416cd78c0] Compiler: c1, Barriers: 0, Oops: 1, ImmediateOops: 0, NonImmediateOops: No
[2,314s][debug][gc,nmethod     ] Register NMethod: io.brackit.query.atomic.QNm.<init> (0x00007943f7be7188) [0x00007943f7be7280, 0x00007943f7be7728] Compiler: c1, Barriers: 9, Oops: 1, ImmediateOops: 3, NonImmediateOops: No
[2,314s][debug][gc,nmethod     ] Register NMethod: jdk.xml.internal.XMLLimitAnalyzer.addValue (0x00007943f7be7788) [0x00007943f7be78a0, 0x00007943f7bea9c0] Compiler: c1, Barriers: 17, Oops: 0, ImmediateOops: 12, NonImmediateOops: No
[2,314s][debug][gc,nmethod     ] Register NMethod: io.sirix.access.trx.node.xml.ForwardingXmlNodeReadOnlyTrx.moveToParent (0x00007943f7beaa08) [0x00007943f7beab00, 0x00007943f7beb100] Compiler: c1, Barriers: 1, Oops: 1, ImmediateOops: 0, NonImmediateOops: No
[2,314s][debug][gc,nmethod     ] Register NMethod: java.util.ArrayDeque.removeFirst (0x00007943f7beb188) [0x00007943f7beb280, 0x00007943f7beb4c8] Compiler: c1, Barriers: 0, Oops: 0, ImmediateOops: 0, NonImmediateOops: No
[2,314s][debug][gc,nmethod     ] Register NMethod: io.sirix.index.path.summary.PathNode.getLevel (0x0000794416cd7a08) [0x0000794416cd7b00, 0x0000794416cd7bc0] Compiler: c1, Barriers: 0, Oops: 1, ImmediateOops: 0, NonImmediateOops: No
[2,314s][debug][gc,nmethod     ] Register NMethod: java.util.ArrayDeque.dec (0x00007943f7beb508) [0x00007943f7beb600, 0x00007943f7beb718] Compiler: c1, Barriers: 0, Oops: 0, ImmediateOops: 0, NonImmediateOops: No
[2,314s][debug][gc,nmethod     ] Register NMethod: java.util.ArrayDeque.push (0x00007943f7beb808) [0x00007943f7beb900, 0x00007943f7beba48] Compiler: c1, Barriers: 0, Oops: 0, ImmediateOops: 0, NonImmediateOops: No
[2,314s][debug][gc,nmethod     ] Register NMethod: io.sirix.access.trx.node.AbstractNodeReadOnlyTrx.moveToParent (0x00007943f7bebb08) [0x00007943f7bebc00, 0x00007943f7bec460] Compiler: c1, Barriers: 1, Oops: 1, ImmediateOops: 1, NonImmediateOops: No
[2,314s][debug][gc,nmethod     ] Register NMethod: com.sun.org.apache.xerces.internal.util.NamespaceSupport.getDeclaredPrefixCount (0x00007943f7bec488) [0x00007943f7bec580, 0x00007943f7bec708] Compiler: c1, Barriers: 1, Oops: 0, ImmediateOops: 0, NonImmediateOops: No
[2,314s][debug][gc,nmethod     ] Register NMethod: com.sun.org.apache.xerces.internal.parsers.AbstractSAXParser$AttributesProxy.setAttributes (0x0000794416cd7d08) [0x0000794416cd7e00, 0x0000794416cd7f30] Compiler: c1, Barriers: 3, Oops: 0, ImmediateOops: 0, NonImmediateOops: No
[2,314s][debug][gc,nmethod     ] Register NMethod: io.sirix.index.IndexType.getID (0x0000794416cd8008) [0x0000794416cd8100, 0x0000794416cd81c8] Compiler: c1, Barriers: 0, Oops: 1, ImmediateOops: 0, NonImmediateOops: No
[2,314s][debug][gc,nmethod     ] Register NMethod: it.unimi.dsi.fastutil.longs.AbstractLongCollection.<init> (0x00007943f7bec788) [0x00007943f7bec880, 0x00007943f7beca38] Compiler: c1, Barriers: 0, Oops: 1, ImmediateOops: 0, NonImmediateOops: No
[2,314s][debug][gc,nmethod     ] Register NMethod: it.unimi.dsi.fastutil.longs.AbstractLongList.<init> (0x00007943f7beca88) [0x00007943f7becb80, 0x00007943f7becd98] Compiler: c1, Barriers: 0, Oops: 1, ImmediateOops: 0, NonImmediateOops: No
[2,314s][debug][gc,nmethod     ] Register NMethod: it.unimi.dsi.fastutil.longs.LongArrayList.<init> (0x00007943f7bece08) [0x00007943f7becf00, 0x00007943f7bed1f8] Compiler: c1, Barriers: 3, Oops: 1, ImmediateOops: 1, NonImmediateOops: No
[2,314s][debug][gc,nmethod     ] Register NMethod: java.util.ArrayDeque.addFirst (0x00007943f7bed208) [0x00007943f7bed300, 0x00007943f7bed8e0] Compiler: c1, Barriers: 4, Oops: 0, ImmediateOops: 0, NonImmediateOops: No
[2,314s][debug][gc,nmethod     ] Register NMethod: java.nio.HeapCharBuffer.<init> (0x00007943f7bed908) [0x00007943f7beda00, 0x00007943f7bedb78] Compiler: c1, Barriers: 0, Oops: 0, ImmediateOops: 0, NonImmediateOops: No
[2,314s][debug][gc,nmethod     ] Register NMethod: java.nio.CharBuffer.wrap (0x00007943f7bedc08) [0x00007943f7bedd00, 0x00007943f7bedf70] Compiler: c1, Barriers: 0, Oops: 0, ImmediateOops: 0, NonImmediateOops: No
[2,314s][debug][gc,nmethod     ] Register NMethod: jdk.internal.foreign.AbstractMemorySegmentImpl.checkArraySize (0x00007943f7bedf88) [0x00007943f7bee080, 0x00007943f7bf0e80] Compiler: c1, Barriers: 27, Oops: 2, ImmediateOops: 5, NonImmediateOops: No
[2,314s][debug][gc,nmethod     ] Register NMethod: jdk.internal.foreign.AbstractMemorySegmentImpl.asByteBuffer (0x00007943f7bf0f08) [0x00007943f7bf1000, 0x00007943f7bf1588] Compiler: c1, Barriers: 0, Oops: 0, ImmediateOops: 1, NonImmediateOops: No
[2,314s][debug][gc,nmethod     ] Register NMethod: io.sirix.node.MemorySegmentBytesOut.underlyingObject (0x00007943f7bf1608) [0x00007943f7bf1700, 0x00007943f7bf21b8] Compiler: c1, Barriers: 1, Oops: 1, ImmediateOops: 2, NonImmediateOops: No
[2,314s][debug][gc,nmethod     ] Register NMethod: jdk.internal.foreign.NativeMemorySegmentImpl.makeByteBuffer (0x00007943f7bf2208) [0x00007943f7bf2300, 0x00007943f7bf2470] Compiler: c1, Barriers: 0, Oops: 0, ImmediateOops: 1, NonImmediateOops: No
[2,315s][debug][gc,nmethod     ] Register NMethod: java.nio.Buffer$2.newDirectByteBuffer (0x00007943f7bf2508) [0x00007943f7bf2600, 0x00007943f7bf27b0] Compiler: c1, Barriers: 0, Oops: 0, ImmediateOops: 0, NonImmediateOops: No
[2,315s][debug][gc,nmethod     ] Register NMethod: java.nio.DirectByteBuffer.<init> (0x00007943f7bf2808) [0x00007943f7bf2900, 0x00007943f7bf2b78] Compiler: c1, Barriers: 6, Oops: 0, ImmediateOops: 0, NonImmediateOops: No
[2,315s][debug][gc,nmethod     ] Register NMethod: io.sirix.node.MemorySegmentBytesOut.readLimit (0x00007943f7bf2b88) [0x00007943f7bf2c80, 0x00007943f7bf2de0] Compiler: c1, Barriers: 1, Oops: 1, ImmediateOops: 0, NonImmediateOops: No
[2,315s][debug][gc,nmethod     ] Register NMethod: io.brackit.query.atomic.Una.<init> (0x00007943f7bf2e88) [0x00007943f7bf2f80, 0x00007943f7bf32a0] Compiler: c1, Barriers: 3, Oops: 1, ImmediateOops: 1, NonImmediateOops: No
[2,315s][debug][gc,nmethod     ] Register NMethod: net.openhft.hashing.LongHashFunction.hashBytes (0x00007943f7bf3308) [0x00007943f7bf3400, 0x00007943f7bf3980] Compiler: c1, Barriers: 0, Oops: 1, ImmediateOops: 0, NonImmediateOops: No
[2,315s][debug][gc,nmethod     ] Register NMethod: io.sirix.access.trx.node.xml.XmlNodeTrxImpl.getBytes (0x00007943f7bf3a08) [0x00007943f7bf3b00, 0x00007943f7bf40c8] Compiler: c1, Barriers: 1, Oops: 2, ImmediateOops: 1, NonImmediateOops: No
[2,315s][debug][gc,nmethod     ] Register NMethod: jdk.internal.foreign.MemorySessionImpl.isCloseable (0x00007943f7bf4108) [0x00007943f7bf4200, 0x00007943f7bf4350] Compiler: c1, Barriers: 0, Oops: 0, ImmediateOops: 0, NonImmediateOops: No
[2,315s][debug][gc,nmethod     ] Register NMethod: java.nio.DirectByteBuffer.address (0x00007943f7bf4408) [0x00007943f7bf4500, 0x00007943f7bf5e40] Compiler: c1, Barriers: 5, Oops: 0, ImmediateOops: 3, NonImmediateOops: No
[2,315s][debug][gc,nmethod     ] Register NMethod: net.openhft.hashing.LongHashFunction.hashByteBuffer (0x00007943f7bf5e88) [0x00007943f7bf5f80, 0x00007943f7bf74e8] Compiler: c1, Barriers: 2, Oops: 1, ImmediateOops: 0, NonImmediateOops: No
[2,315s][debug][gc,nmethod     ] Register NMethod: io.sirix.access.trx.node.xml.ForwardingXmlNodeReadOnlyTrx.hasRightSibling (0x00007943f7bf7508) [0x00007943f7bf7600, 0x00007943f7bf7c00] Compiler: c1, Barriers: 1, Oops: 1, ImmediateOops: 0, NonImmediateOops: No
[2,315s][debug][gc,nmethod     ] Register NMethod: it.unimi.dsi.fastutil.ints.Int2LongOpenHashMap.get (0x00007943f7bf7c88) [0x00007943f7bf7d80, 0x00007943f7bf82d0] Compiler: c1, Barriers: 4, Oops: 1, ImmediateOops: 0, NonImmediateOops: No
[2,315s][debug][gc,nmethod     ] Register NMethod: io.sirix.access.trx.node.AbstractNodeReadOnlyTrx.hasRightSibling (0x00007943f7bf8308) [0x00007943f7bf8400, 0x00007943f7bf8c20] Compiler: c1, Barriers: 0, Oops: 1, ImmediateOops: 1, NonImmediateOops: No
[2,315s][debug][gc,nmethod     ] Register NMethod: io.sirix.access.trx.node.AbstractDeweyIDManager.newRightSiblingID (0x00007943f7bf8c88) [0x00007943f7bf8d80, 0x00007943f7bfbd58] Compiler: c1, Barriers: 13, Oops: 1, ImmediateOops: 2, NonImmediateOops: No
[2,316s][debug][gc,nmethod     ] Register NMethod: io.sirix.node.xml.ElementNode.getLastChildKey (0x00007943f7bfbd88) [0x00007943f7bfbe80, 0x00007943f7c00e70] Compiler: c1, Barriers: 19, Oops: 7, ImmediateOops: 11, NonImmediateOops: No
[2,316s][debug][gc,nmethod     ] Register NMethod: io.sirix.node.xml.AttributeNode.getKind (0x00007943f7c00f08) [0x00007943f7c01000, 0x00007943f7c01108] Compiler: c1, Barriers: 0, Oops: 1, ImmediateOops: 1, NonImmediateOops: No
[2,316s][debug][gc,nmethod     ] Register NMethod: io.sirix.node.xml.ElementNode.hasRightSibling (0x00007943f7c01208) [0x00007943f7c01300, 0x00007943f7c06738] Compiler: c1, Barriers: 19, Oops: 7, ImmediateOops: 12, NonImmediateOops: No
[2,316s][debug][gc,nmethod     ] Register NMethod: io.sirix.node.xml.ElementNode.hasLeftSibling (0x00007943f7c06788) [0x00007943f7c06880, 0x00007943f7c0bcb8] Compiler: c1, Barriers: 19, Oops: 7, ImmediateOops: 12, NonImmediateOops: No
[2,316s][debug][gc,nmethod     ] Register NMethod: com.sun.org.apache.xerces.internal.impl.XMLDocumentFragmentScannerImpl.getCharacterData (0x00007943f7c0bd08) [0x00007943f7c0be00, 0x00007943f7c0bfc8] Compiler: c1, Barriers: 2, Oops: 0, ImmediateOops: 0, NonImmediateOops: No
[2,316s][debug][gc,nmethod     ] Register NMethod: com.sun.org.apache.xerces.internal.parsers.AbstractSAXParser.characters (0x00007943f7c0c008) [0x00007943f7c0c100, 0x00007943f7c0c6a8] Compiler: c1, Barriers: 4, Oops: 0, ImmediateOops: 0, NonImmediateOops: No
[2,316s][debug][gc,nmethod     ] Register NMethod: io.sirix.utils.NamePageHash.generateHashForString (0x00007943f7c0c708) [0x00007943f7c0c800, 0x00007943f7c0cad8] Compiler: c1, Barriers: 0, Oops: 1, ImmediateOops: 0, NonImmediateOops: No
[2,316s][debug][gc,nmethod     ] Register NMethod: java.util.HashMap.putVal (0x00007943f7c0cb08) [0x00007943f7c0cc00, 0x00007943f7c0ef90] Compiler: c1, Barriers: 15, Oops: 0, ImmediateOops: 0, NonImmediateOops: No
[2,316s][debug][gc,nmethod     ] Register NMethod: io.sirix.node.xml.AbstractStructForwardingNode.getRightSiblingKey (0x00007943f7c0f008) [0x00007943f7c0f100, 0x00007943f7c0f430] Compiler: c1, Barriers: 0, Oops: 1, ImmediateOops: 0, NonImmediateOops: No
[2,316s][debug][gc,nmethod     ] Register NMethod: io.sirix.node.SirixDeweyID.newBetween (0x00007943f7c0f488) [0x00007943f7c0f580, 0x00007943f7c12798] Compiler: c1, Barriers: 19, Oops: 1, ImmediateOops: 2, NonImmediateOops: No
[2,317s][debug][gc,nmethod     ] Register NMethod: io.sirix.index.path.summary.PathSummaryReader.hasRightSibling (0x00007943f7c12808) [0x00007943f7c12900, 0x00007943f7c13098] Compiler: c1, Barriers: 1, Oops: 1, ImmediateOops: 1, NonImmediateOops: No
[2,317s][debug][gc,nmethod     ] Register NMethod: io.brackit.query.node.parser.SAX2SubtreeHandlerAdapter.characters (0x00007943f7c13108) [0x00007943f7c13200, 0x00007943f7c13520] Compiler: c1, Barriers: 1, Oops: 1, ImmediateOops: 0, NonImmediateOops: No
[2,317s][debug][gc,nmethod     ] Register NMethod: io.brackit.query.node.parser.SAX2SubtreeHandlerAdapter$TrimmingStringBuilder.append (0x00007943f7c13588) [0x00007943f7c13680, 0x00007943f7c13b10] Compiler: c1, Barriers: 5, Oops: 1, ImmediateOops: 0, NonImmediateOops: No
[2,317s][debug][gc,nmethod     ] Register NMethod: io.brackit.query.node.parser.SAX2SubtreeHandlerAdapter$TrimmingStringBuilder.toString (0x00007943f7c13b88) [0x00007943f7c13c80, 0x00007943f7c13e60] Compiler: c1, Barriers: 1, Oops: 1, ImmediateOops: 0, NonImmediateOops: No
[2,317s][debug][gc,nmethod     ] Register NMethod: io.sirix.query.node.SubtreeBuilder.text (0x00007943f7c13e88) [0x00007943f7c13f80, 0x00007943f7c14918] Compiler: c1, Barriers: 3, Oops: 1, ImmediateOops: 0, NonImmediateOops: No
[2,317s][debug][gc,nmethod     ] Register NMethod: io.brackit.query.node.parser.SAX2SubtreeHandlerAdapter.handleText (0x00007943f7c14988) [0x00007943f7c14a80, 0x00007943f7c153f0] Compiler: c1, Barriers: 8, Oops: 1, ImmediateOops: 1, NonImmediateOops: No
[2,317s][debug][gc,nmethod     ] Register NMethod: io.sirix.access.trx.node.xml.ForwardingXmlNodeReadOnlyTrx.hasNode (0x00007943f7c15408) [0x00007943f7c15500, 0x00007943f7c15b00] Compiler: c1, Barriers: 1, Oops: 1, ImmediateOops: 0, NonImmediateOops: No
[2,317s][debug][gc,nmethod     ] Register NMethod: io.sirix.access.trx.node.AbstractNodeReadOnlyTrx.hasNode (0x00007943f7c15b88) [0x00007943f7c15c80, 0x00007943f7c168b0] Compiler: c1, Barriers: 4, Oops: 1, ImmediateOops: 2, NonImmediateOops: No
[2,317s][debug][gc,nmethod     ] Register NMethod: io.sirix.service.xml.shredder.AbstractShredder.processText (0x00007943f7c16908) [0x00007943f7c16a00, 0x00007943f7c18cc8] Compiler: c1, Barriers: 8, Oops: 1, ImmediateOops: 1, NonImmediateOops: No
[2,317s][debug][gc,nmethod     ] Register NMethod: java.lang.foreign.MemorySegment.copy (0x00007943f7c18d08) [0x00007943f7c18e00, 0x00007943f7c21de8] Compiler: c1, Barriers: 10, Oops: 6, ImmediateOops: 18, NonImmediateOops: No
[2,318s][debug][gc,nmethod     ] Register NMethod: io.sirix.index.path.summary.PathSummaryReader.getRightSiblingKey (0x00007943f7c21e88) [0x00007943f7c21f80, 0x00007943f7c22710] Compiler: c1, Barriers: 1, Oops: 1, ImmediateOops: 1, NonImmediateOops: No
[2,318s][debug][gc,nmethod     ] Register NMethod: jdk.internal.foreign.AbstractMemorySegmentImpl.copy (0x00007943f7c22788) [0x00007943f7c22880, 0x00007943f7c2b458] Compiler: c1, Barriers: 10, Oops: 6, ImmediateOops: 18, NonImmediateOops: No
[2,318s][debug][gc,nmethod     ] Register NMethod: io.sirix.node.xml.TextNode.<init> (0x00007943f7c2b508) [0x00007943f7c2b600, 0x00007943f7c2be20] Compiler: c1, Barriers: 21, Oops: 1, ImmediateOops: 0, NonImmediateOops: No
[2,318s][debug][gc,nmethod     ] Register NMethod: io.sirix.node.xml.TextNode.getRawValue (0x00007943f7c2be88) [0x00007943f7c2bf80, 0x00007943f7c2c298] Compiler: c1, Barriers: 9, Oops: 1, ImmediateOops: 0, NonImmediateOops: No
[2,318s][debug][gc,nmethod     ] Register NMethod: io.sirix.query.node.SubtreeProcessor.notifyText (0x00007943f7c2c308) [0x00007943f7c2c400, 0x00007943f7c2ce60] Compiler: c1, Barriers: 1, Oops: 1, ImmediateOops: 0, NonImmediateOops: No
[2,318s][debug][gc,nmethod     ] Register NMethod: io.sirix.access.trx.node.AbstractNodeReadOnlyTrx.setCurrentNode (0x0000794416cd8308) [0x0000794416cd8400, 0x0000794416cd8528] Compiler: jvmci, Barriers: 3, Oops: 1, ImmediateOops: 0, NonImmediateOops: No
[2,318s][debug][gc,nmethod     ] Register NMethod: io.brackit.query.node.parser.SAX2SubtreeHandlerAdapter$TrimmingStringBuilder.clear (0x00007943f7c2ce88) [0x00007943f7c2cf80, 0x00007943f7c2d090] Compiler: c1, Barriers: 0, Oops: 1, ImmediateOops: 0, NonImmediateOops: No
[2,318s][debug][gc,nmethod     ] Register NMethod: com.sun.org.apache.xerces.internal.impl.XMLEntityScanner.checkNodeCount (0x00007943f7c2d188) [0x00007943f7c2d280, 0x00007943f7c2d448] Compiler: c1, Barriers: 0, Oops: 0, ImmediateOops: 1, NonImmediateOops: No
[2,318s][debug][gc,nmethod     ] Register NMethod: it.unimi.dsi.fastutil.ints.Int2IntOpenHashMap.find (0x00007943f7c2d488) [0x00007943f7c2d580, 0x00007943f7c2d9e8] Compiler: c1, Barriers: 1, Oops: 1, ImmediateOops: 0, NonImmediateOops: No
[2,318s][debug][gc,nmethod     ] Register NMethod: io.sirix.access.trx.node.xml.XmlNodeFactoryImpl.createTextNode (0x00007943f7c2da08) [0x00007943f7c2db00, 0x00007943f7c2fb48] Compiler: c1, Barriers: 13, Oops: 2, ImmediateOops: 3, NonImmediateOops: No
[2,318s][debug][gc,nmethod     ] Register NMethod: io.sirix.page.RevisionRootPage.getNamePageReference (0x00007943f7c2fb88) [0x00007943f7c2fc80, 0x00007943f7c301f0] Compiler: c1, Barriers: 1, Oops: 1, ImmediateOops: 0, NonImmediateOops: No
[2,318s][debug][gc,nmethod     ] Register NMethod: io.sirix.node.xml.AttributeNode.getParentKey (0x00007943f7c30208) [0x00007943f7c30300, 0x00007943f7c352e8] Compiler: c1, Barriers: 19, Oops: 7, ImmediateOops: 11, NonImmediateOops: No
[2,318s][debug][gc,nmethod     ] Register NMethod: io.sirix.node.delegates.NameNodeDelegate.getPrefixKey (0x0000794416cd8608) [0x0000794416cd8700, 0x0000794416cd87c0] Compiler: c1, Barriers: 0, Oops: 1, ImmediateOops: 0, NonImmediateOops: No
[2,318s][debug][gc,nmethod     ] Register NMethod: io.sirix.index.path.summary.PathNode.getPathKind (0x0000794416cd8908) [0x0000794416cd8a00, 0x0000794416cd8ae8] Compiler: c1, Barriers: 1, Oops: 1, ImmediateOops: 0, NonImmediateOops: No
[2,319s][debug][gc,director    ] Rule Major: Warmup 10%, Used: 292MB, UsedThreshold: 1228MB
[2,319s][debug][gc,nmethod     ] Register NMethod: it.unimi.dsi.fastutil.ints.Int2IntOpenHashMap.put (0x00007943f7c35388) [0x00007943f7c35480, 0x00007943f7c356e8] Compiler: c1, Barriers: 1, Oops: 1, ImmediateOops: 0, NonImmediateOops: No
[2,319s][debug][gc,nmethod     ] Register NMethod: io.sirix.index.path.summary.PathSummaryReader.putMapping (0x00007943f7c35708) [0x00007943f7c35800, 0x00007943f7c36238] Compiler: c1, Barriers: 9, Oops: 1, ImmediateOops: 0, NonImmediateOops: No
[2,319s][debug][gc,nmethod     ] Register NMethod: io.sirix.access.trx.page.NodePageReadOnlyTrx.getNamePage (0x00007943f7c36288) [0x00007943f7c36380, 0x00007943f7c37358] Compiler: c1, Barriers: 4, Oops: 1, ImmediateOops: 1, NonImmediateOops: No
[2,319s][debug][gc,nmethod     ] Register NMethod: com.sun.org.apache.xerces.internal.impl.XMLEntityScanner.scanChar (0x00007943f7c37388) [0x00007943f7c37480, 0x00007943f7c37ea8] Compiler: c1, Barriers: 8, Oops: 0, ImmediateOops: 0, NonImmediateOops: No
[2,319s][debug][gc,nmethod     ] Register NMethod: it.unimi.dsi.fastutil.ints.Int2ObjectOpenHashMap.get (0x00007943f7c37f08) [0x00007943f7c38000, 0x00007943f7c38670] Compiler: c1, Barriers: 10, Oops: 1, ImmediateOops: 0, NonImmediateOops: No
[2,319s][debug][gc,nmethod     ] Register NMethod: io.sirix.access.trx.page.AbstractForwardingPageReadOnlyTrx.getNamePage (0x00007943f7c38688) [0x00007943f7c38780, 0x00007943f7c39828] Compiler: c1, Barriers: 5, Oops: 1, ImmediateOops: 1, NonImmediateOops: No
[2,319s][debug][gc,nmethod     ] Register NMethod: io.sirix.access.trx.page.NodePageTrx.createNameKey (0x00007943f7c39888) [0x00007943f7c39980, 0x00007943f7c3b3e0] Compiler: c1, Barriers: 7, Oops: 1, ImmediateOops: 3, NonImmediateOops: No
[2,319s][debug][gc,nmethod     ] Register NMethod: io.sirix.page.NamePage.setName (0x00007943f7c3b408) [0x00007943f7c3b500, 0x00007943f7c3cac0] Compiler: c1, Barriers: 25, Oops: 1, ImmediateOops: 2, NonImmediateOops: No
[2,319s][debug][gc,nmethod     ] Register NMethod: com.sun.org.apache.xerces.internal.util.XMLChar.isNameStart (0x00007943f7c3cb08) [0x00007943f7c3cc00, 0x00007943f7c3cd90] Compiler: c1, Barriers: 0, Oops: 0, ImmediateOops: 1, NonImmediateOops: No
[2,319s][debug][gc,nmethod     ] Register NMethod: com.sun.org.apache.xerces.internal.util.SymbolTable.addSymbol (0x00007943f7c3ce08) [0x00007943f7c3cf00, 0x00007943f7c3d440] Compiler: c1, Barriers: 5, Oops: 0, ImmediateOops: 0, NonImmediateOops: No
[2,319s][debug][gc,nmethod     ] Register NMethod: it.unimi.dsi.fastutil.ints.Int2IntOpenHashMap.get (0x00007943f7c3d488) [0x00007943f7c3d580, 0x00007943f7c3dae0] Compiler: c1, Barriers: 4, Oops: 1, ImmediateOops: 0, NonImmediateOops: No
[2,319s][debug][gc,nmethod     ] Register NMethod: io.sirix.node.xml.AbstractStructForwardingNode.getFirstChildKey (0x00007943f7c3db08) [0x00007943f7c3dc00, 0x00007943f7c3df30] Compiler: c1, Barriers: 0, Oops: 1, ImmediateOops: 0, NonImmediateOops: No
[2,320s][debug][gc,nmethod     ] Register NMethod: java.util.Arrays.hashCode (0x0000794416cd8c08) [0x0000794416cd8d00, 0x0000794416cd91b8] Compiler: jvmci, Barriers: 5, Oops: 0, ImmediateOops: 0, NonImmediateOops: No
[2,320s][debug][gc,nmethod     ] Register NMethod: io.sirix.index.path.summary.PathSummaryReader.getFirstChildKey (0x00007943f7c3df88) [0x00007943f7c3e080, 0x00007943f7c3e810] Compiler: c1, Barriers: 1, Oops: 1, ImmediateOops: 1, NonImmediateOops: No
[2,320s][debug][gc,nmethod     ] Register NMethod: io.brackit.query.atomic.QNm.atomicCode (0x0000794416cd9208) [0x0000794416cd9300, 0x0000794416cd93c0] Compiler: c1, Barriers: 0, Oops: 1, ImmediateOops: 0, NonImmediateOops: No
[2,320s][debug][gc,nmethod     ] Register NMethod: io.sirix.index.name.Names.setName (0x00007943f7c3e888) [0x00007943f7c3e980, 0x00007943f7c40bd0] Compiler: c1, Barriers: 12, Oops: 2, ImmediateOops: 4, NonImmediateOops: No
[2,320s][debug][gc,nmethod     ] Register NMethod: java.nio.charset.Charset.defaultCharset (0x00007943f7c40c08) [0x00007943f7c40d00, 0x00007943f7c40df8] Compiler: c1, Barriers: 0, Oops: 0, ImmediateOops: 1, NonImmediateOops: No
[2,320s][debug][gc,nmethod     ] Register NMethod: io.sirix.index.path.summary.PathSummaryReader.assertNotClosed (0x0000794416cd9508) [0x0000794416cd9600, 0x0000794416cd96b8] Compiler: jvmci, Barriers: 0, Oops: 1, ImmediateOops: 0, NonImmediateOops: No
[2,321s][debug][gc,nmethod     ] Register NMethod: java.util.ArrayDeque.pop (0x00007943f7c40f08) [0x00007943f7c41000, 0x00007943f7c412a0] Compiler: c1, Barriers: 0, Oops: 0, ImmediateOops: 0, NonImmediateOops: No
[2,321s][debug][gc,nmethod     ] Register NMethod: io.sirix.access.trx.page.NodePageReadOnlyTrx.getResourceSession (0x00007943f7c41308) [0x00007943f7c41400, 0x00007943f7c41870] Compiler: c1, Barriers: 1, Oops: 1, ImmediateOops: 1, NonImmediateOops: No
[2,321s][debug][gc,nmethod     ] Register NMethod: io.sirix.node.xml.AbstractStructForwardingNode.hasFirstChild (0x00007943f7c41888) [0x00007943f7c41980, 0x00007943f7c41f48] Compiler: c1, Barriers: 0, Oops: 1, ImmediateOops: 1, NonImmediateOops: No
[2,321s][debug][gc,nmethod     ] Register NMethod: io.sirix.node.delegates.StructNodeDelegate.hasFirstChild (0x00007943f7c41f88) [0x00007943f7c42080, 0x00007943f7c423d8] Compiler: c1, Barriers: 0, Oops: 1, ImmediateOops: 1, NonImmediateOops: No
[2,321s][debug][gc,nmethod     ] Register NMethod: com.sun.org.apache.xerces.internal.xni.QName.setValues (0x00007943f7c42408) [0x00007943f7c42500, 0x00007943f7c427d8] Compiler: c1, Barriers: 12, Oops: 0, ImmediateOops: 0, NonImmediateOops: No
[2,321s][debug][gc,nmethod     ] Register NMethod: com.sun.org.apache.xerces.internal.util.NamespaceSupport.getURI (0x00007943f7c42808) [0x00007943f7c42900, 0x00007943f7c42bf0] Compiler: c1, Barriers: 3, Oops: 0, ImmediateOops: 0, NonImmediateOops: No
[2,322s][debug][gc,nmethod     ] Register NMethod: com.sun.org.apache.xerces.internal.parsers.AbstractSAXParser$AttributesProxy.getLength (0x00007943f7c42c08) [0x00007943f7c42d00, 0x00007943f7c43040] Compiler: c1, Barriers: 1, Oops: 0, ImmediateOops: 0, NonImmediateOops: No
[2,322s][debug][gc,nmethod     ] Register NMethod: com.sun.org.apache.xerces.internal.impl.XMLDocumentFragmentScannerImpl.seekCloseOfStartTag (0x00007943f7c43088) [0x00007943f7c43180, 0x00007943f7c44750] Compiler: c1, Barriers: 15, Oops: 1, ImmediateOops: 4, NonImmediateOops: No
[2,322s][debug][gc,nmethod     ] Register NMethod: io.sirix.node.xml.TextNode.computeHash (0x00007943f7c44788) [0x00007943f7c44880, 0x00007943f7c56028] Compiler: c1, Barriers: 75, Oops: 9, ImmediateOops: 36, NonImmediateOops: No
[2,322s][debug][gc,nmethod     ] Register NMethod: io.sirix.node.MemorySegmentBytesOut.writeLong (0x0000794416cd9808) [0x0000794416cd9900, 0x0000794416cd9e20] Compiler: jvmci, Barriers: 5, Oops: 3, ImmediateOops: 0, NonImmediateOops: No
[2,322s][debug][gc,nmethod     ] Register NMethod: java.lang.String.getBytes (0x00007943f7c56088) [0x00007943f7c56180, 0x00007943f7c56568] Compiler: c1, Barriers: 1, Oops: 0, ImmediateOops: 0, NonImmediateOops: No
[2,322s][debug][gc,nmethod     ] Register NMethod: io.sirix.utils.XMLToken.isNCName (0x00007943f7c56588) [0x00007943f7c56680, 0x00007943f7c56820] Compiler: c1, Barriers: 0, Oops: 1, ImmediateOops: 0, NonImmediateOops: No
[2,322s][debug][gc,nmethod     ] Register NMethod: io.sirix.utils.XMLToken.ncName (0x00007943f7c56888) [0x00007943f7c56980, 0x00007943f7c56dd8] Compiler: c1, Barriers: 0, Oops: 1, ImmediateOops: 1, NonImmediateOops: No
[2,323s][debug][gc,nmethod     ] Register NMethod: com.sun.org.apache.xerces.internal.impl.XMLEntityScanner.scanQName (0x00007943f7c56e08) [0x00007943f7c56f00, 0x00007943f7c591a0] Compiler: c1, Barriers: 55, Oops: 2, ImmediateOops: 10, NonImmediateOops: No
[2,323s][debug][gc,nmethod     ] Register NMethod: io.sirix.utils.XMLToken.isValidQName (0x00007943f7c59208) [0x00007943f7c59300, 0x00007943f7c5a850] Compiler: c1, Barriers: 6, Oops: 1, ImmediateOops: 0, NonImmediateOops: No
[2,323s][debug][gc,nmethod     ] Register NMethod: io.sirix.axis.filter.FilterAxis.nextKey (0x00007943f7c5a888) [0x00007943f7c5a980, 0x00007943f7c5bf90] Compiler: c1, Barriers: 3, Oops: 1, ImmediateOops: 1, NonImmediateOops: No
[2,323s][debug][gc,nmethod     ] Register NMethod: io.sirix.axis.ChildAxis.<init> (0x00007943f7c5c008) [0x00007943f7c5c100, 0x00007943f7c5c230] Compiler: c1, Barriers: 0, Oops: 1, ImmediateOops: 0, NonImmediateOops: No
[2,323s][debug][gc,nmethod     ] Register NMethod: io.sirix.axis.ChildAxis.reset (0x00007943f7c5c308) [0x00007943f7c5c400, 0x00007943f7c5c5e8] Compiler: c1, Barriers: 3, Oops: 1, ImmediateOops: 1, NonImmediateOops: No
[2,323s][debug][gc,nmethod     ] Register NMethod: io.sirix.axis.filter.FilterAxis.<init> (0x00007943f7c5c608) [0x00007943f7c5c700, 0x00007943f7c5f298] Compiler: c1, Barriers: 24, Oops: 1, ImmediateOops: 3, NonImmediateOops: No
[2,323s][debug][gc,nmethod     ] Register NMethod: io.sirix.index.path.summary.PathSummaryReader.keyForName (0x00007943f7c5f308) [0x00007943f7c5f400, 0x00007943f7c5f8c8] Compiler: c1, Barriers: 0, Oops: 1, ImmediateOops: 1, NonImmediateOops: No
[2,323s][debug][gc,nmethod     ] Register NMethod: io.sirix.axis.filter.PathKindFilter.<init> (0x00007943f7c5f908) [0x00007943f7c5fa00, 0x00007943f7c60140] Compiler: c1, Barriers: 6, Oops: 1, ImmediateOops: 0, NonImmediateOops: No
[2,323s][debug][gc,nmethod     ] Register NMethod: io.sirix.access.Utils.buildName (0x00007943f7c60188) [0x00007943f7c60280, 0x00007943f7c61278] Compiler: c1, Barriers: 4, Oops: 2, ImmediateOops: 2, NonImmediateOops: No
[2,323s][debug][gc,nmethod     ] Register NMethod: io.sirix.axis.filter.PathNameFilter.<init> (0x00007943f7c61308) [0x00007943f7c61400, 0x00007943f7c63088] Compiler: c1, Barriers: 4, Oops: 1, ImmediateOops: 3, NonImmediateOops: No
[2,323s][debug][gc,nmethod     ] Register NMethod: io.sirix.axis.filter.FilterAxis.reset (0x00007943f7c63108) [0x00007943f7c63200, 0x00007943f7c63650] Compiler: c1, Barriers: 4, Oops: 1, ImmediateOops: 1, NonImmediateOops: No
[2,323s][debug][gc,nmethod     ] Register NMethod: io.sirix.node.immutable.xml.ImmutableElement.getKind (0x00007943f7c63688) [0x00007943f7c63780, 0x00007943f7c63ad8] Compiler: c1, Barriers: 1, Oops: 1, ImmediateOops: 1, NonImmediateOops: No
[2,323s][debug][gc,nmethod     ] Register NMethod: io.sirix.node.GrowingMemorySegment.writeLong (0x0000794416cd9e88) [0x0000794416cd9f80, 0x0000794416cda418] Compiler: jvmci, Barriers: 4, Oops: 3, ImmediateOops: 0, NonImmediateOops: No
[2,323s][debug][gc,nmethod     ] Register NMethod: java.util.ArrayList.getLast (0x00007943f7c63b08) [0x00007943f7c63c00, 0x00007943f7c63f08] Compiler: c1, Barriers: 2, Oops: 0, ImmediateOops: 0, NonImmediateOops: No
[2,323s][debug][gc,nmethod     ] Register NMethod: io.sirix.index.path.summary.PathSummaryReader.hasFirstChild (0x00007943f7c63f88) [0x00007943f7c64080, 0x00007943f7c64818] Compiler: c1, Barriers: 1, Oops: 1, ImmediateOops: 1, NonImmediateOops: No
[2,324s][debug][gc,nmethod     ] Register NMethod: io.sirix.access.trx.page.AbstractForwardingPageReadOnlyTrx.getResourceSession (0x00007943f7c64888) [0x00007943f7c64980, 0x00007943f7c64eb8] Compiler: c1, Barriers: 2, Oops: 1, ImmediateOops: 1, NonImmediateOops: No
[2,324s][debug][gc,nmethod     ] Register NMethod: io.sirix.index.path.summary.PathSummaryWriter.getPathNodeKey (0x00007943f7c64f08) [0x00007943f7c65000, 0x00007943f7c68e78] Compiler: c1, Barriers: 25, Oops: 1, ImmediateOops: 8, NonImmediateOops: No
[2,324s][debug][gc,nmethod     ] Register NMethod: io.sirix.node.MemorySegmentBytesOut.toByteArray (0x00007943f7c68e88) [0x00007943f7c68f80, 0x00007943f7c69108] Compiler: c1, Barriers: 1, Oops: 1, ImmediateOops: 0, NonImmediateOops: No
[2,324s][debug][gc,nmethod     ] Register NMethod: io.sirix.node.immutable.xml.ImmutableElement.getPathNodeKey (0x00007943f7c69188) [0x00007943f7c69280, 0x00007943f7c6e4c8] Compiler: c1, Barriers: 20, Oops: 7, ImmediateOops: 11, NonImmediateOops: No
[2,325s][debug][gc,nmethod     ] Register NMethod: io.sirix.index.path.summary.PathNode.getName (0x0000794416cda488) [0x0000794416cda580, 0x0000794416cda668] Compiler: c1, Barriers: 1, Oops: 1, ImmediateOops: 0, NonImmediateOops: No
[2,325s][debug][gc,nmethod     ] Register NMethod: com.sun.org.apache.xerces.internal.impl.XMLEntityScanner.checkLimit (0x00007943f7c6e508) [0x00007943f7c6e600, 0x00007943f7c76a60] Compiler: c1, Barriers: 73, Oops: 3, ImmediateOops: 18, NonImmediateOops: No
[2,325s][debug][gc,nmethod     ] Register NMethod: io.sirix.cache.IndexLogKey.hashCode (0x00007943f7c76a88) [0x00007943f7c76b80, 0x00007943f7c76f28] Compiler: c1, Barriers: 1, Oops: 1, ImmediateOops: 0, NonImmediateOops: No
[2,325s][debug][gc,nmethod     ] Register NMethod: io.sirix.node.xml.ElementNode.getHash (0x0000794416cda788) [0x0000794416cda880, 0x0000794416cdad30] Compiler: jvmci, Barriers: 6, Oops: 3, ImmediateOops: 1, NonImmediateOops: No
[2,325s][debug][gc,nmethod     ] Register NMethod: com.sun.org.apache.xerces.internal.impl.XMLDocumentFragmentScannerImpl$ElementStack.nextElement (0x00007943f7c76f88) [0x00007943f7c77080, 0x00007943f7c77a80] Compiler: c1, Barriers: 13, Oops: 0, ImmediateOops: 0, NonImmediateOops: No
[2,326s][debug][gc,nmethod     ] Register NMethod: io.sirix.node.GrowingMemorySegment.toByteArray (0x00007943f7c77a88) [0x00007943f7c77b80, 0x00007943f7c7e698] Compiler: c1, Barriers: 7, Oops: 9, ImmediateOops: 16, NonImmediateOops: No
[2,326s][debug][gc,nmethod     ] Register NMethod: com.sun.org.apache.xerces.internal.util.NamespaceSupport.pushContext (0x00007943f7c7e708) [0x00007943f7c7e800, 0x00007943f7c7eb70] Compiler: c1, Barriers: 5, Oops: 0, ImmediateOops: 0, NonImmediateOops: No
[2,326s][debug][gc,nmethod     ] Register NMethod: com.sun.org.apache.xerces.internal.util.XMLAttributesIteratorImpl.removeAllAttributes (0x00007943f7c7eb88) [0x00007943f7c7ec80, 0x00007943f7c7ede8] Compiler: c1, Barriers: 0, Oops: 0, ImmediateOops: 0, NonImmediateOops: No
[2,326s][debug][gc,nmethod     ] Register NMethod: com.sun.org.apache.xerces.internal.util.XMLAttributesImpl.removeAllAttributes (0x00007943f7c7ee88) [0x00007943f7c7ef80, 0x00007943f7c7f088] Compiler: c1, Barriers: 0, Oops: 0, ImmediateOops: 0, NonImmediateOops: No
[2,326s][debug][gc,nmethod     ] Register NMethod: com.sun.org.apache.xerces.internal.parsers.AbstractSAXParser.startElement (0x00007943f7c7f188) [0x00007943f7c7f280, 0x00007943f7c81568] Compiler: c1, Barriers: 44, Oops: 0, ImmediateOops: 10, NonImmediateOops: No
[2,326s][debug][gc,nmethod     ] Register NMethod: com.sun.org.apache.xerces.internal.impl.XMLDocumentFragmentScannerImpl.checkDepth (0x00007943f7c81588) [0x00007943f7c81680, 0x00007943f7c848d8] Compiler: c1, Barriers: 26, Oops: 2, ImmediateOops: 8, NonImmediateOops: No
[2,326s][debug][gc,nmethod     ] Register NMethod: com.sun.org.apache.xerces.internal.impl.XMLDocumentFragmentScannerImpl$ElementStack.popElement (0x00007943f7c84908) [0x00007943f7c84a00, 0x00007943f7c84d50] Compiler: c1, Barriers: 6, Oops: 0, ImmediateOops: 0, NonImmediateOops: No
[2,326s][debug][gc,nmethod     ] Register NMethod: com.sun.org.apache.xerces.internal.parsers.AbstractSAXParser.startNamespaceMapping (0x00007943f7c84d88) [0x00007943f7c84e80, 0x00007943f7c85698] Compiler: c1, Barriers: 7, Oops: 0, ImmediateOops: 1, NonImmediateOops: No
[2,326s][debug][gc,nmethod     ] Register NMethod: io.brackit.query.node.parser.SAX2SubtreeHandlerAdapter.startElement (0x00007943f7c85708) [0x00007943f7c85800, 0x00007943f7c874f8] Compiler: c1, Barriers: 6, Oops: 1, ImmediateOops: 3, NonImmediateOops: No
[2,327s][debug][gc,nmethod     ] Register NMethod: io.sirix.query.node.SubtreeBuilder.startElement (0x00007943f7c87508) [0x00007943f7c87600, 0x00007943f7c89e08] Compiler: c1, Barriers: 14, Oops: 1, ImmediateOops: 1, NonImmediateOops: No
[2,327s][debug][gc,nmethod     ] Register NMethod: io.sirix.node.xml.ElementNode.<init> (0x00007943f7c89e88) [0x00007943f7c89f80, 0x00007943f7c8af90] Compiler: c1, Barriers: 19, Oops: 1, ImmediateOops: 3, NonImmediateOops: No
[2,327s][debug][gc,nmethod     ] Register NMethod: com.sun.org.apache.xerces.internal.impl.XMLNSDocumentScannerImpl.scanStartElement (0x00007943f7c8b008) [0x00007943f7c8b100, 0x00007943f7c933e0] Compiler: c1, Barriers: 176, Oops: 11, ImmediateOops: 26, NonImmediateOops: No
[2,327s][debug][gc,nmethod     ] Register NMethod: com.sun.org.apache.xerces.internal.parsers.AbstractSAXParser.endElement (0x00007943f7c93488) [0x00007943f7c93580, 0x00007943f7c93e78] Compiler: c1, Barriers: 9, Oops: 0, ImmediateOops: 2, NonImmediateOops: No
[2,327s][debug][gc,nmethod     ] Register NMethod: com.sun.org.apache.xerces.internal.parsers.AbstractSAXParser.endNamespaceMapping (0x00007943f7c93e88) [0x00007943f7c93f80, 0x00007943f7c946c8] Compiler: c1, Barriers: 7, Oops: 0, ImmediateOops: 0, NonImmediateOops: No
[2,328s][debug][gc,nmethod     ] Register NMethod: io.sirix.service.xml.shredder.AbstractShredder.processStartTag (0x00007943f7c94708) [0x00007943f7c94800, 0x00007943f7c9a530] Compiler: c1, Barriers: 27, Oops: 1, ImmediateOops: 11, NonImmediateOops: No
[2,328s][debug][gc,nmethod     ] Register NMethod: io.sirix.access.trx.node.xml.XmlNodeFactoryImpl.createElementNode (0x00007943f7c9a588) [0x00007943f7c9a680, 0x00007943f7c9eee0] Compiler: c1, Barriers: 40, Oops: 2, ImmediateOops: 13, NonImmediateOops: No
[2,328s][debug][gc,nmethod     ] Register NMethod: io.sirix.access.trx.node.AbstractNodeReadOnlyTrx.moveTo (0x0000794416cdad88) [0x0000794416cdae80, 0x0000794416cdb9b0] Compiler: jvmci, Barriers: 23, Oops: 2, ImmediateOops: 1, NonImmediateOops: No
[2,328s][debug][gc,nmethod     ] Register NMethod: com.sun.org.apache.xerces.internal.util.SymbolTable.hash (0x00007943f7c9ef08) [0x00007943f7c9f000, 0x00007943f7c9f2a0] Compiler: c1, Barriers: 1, Oops: 0, ImmediateOops: 0, NonImmediateOops: No
[2,328s][debug][gc,nmethod     ] Register NMethod: io.sirix.access.trx.page.NodePageTrx.prepareRecordPage (0x0000794416cdba08) [0x0000794416cdbb00, 0x0000794416cdc6b8] Compiler: jvmci, Barriers: 32, Oops: 3, ImmediateOops: 1, NonImmediateOops: No
[2,328s][debug][gc,nmethod     ] Register NMethod: io.brackit.query.node.parser.SAX2SubtreeHandlerAdapter.endElement (0x00007943f7c9f308) [0x00007943f7c9f400, 0x00007943f7ca1058] Compiler: c1, Barriers: 8, Oops: 1, ImmediateOops: 0, NonImmediateOops: No
[2,328s][debug][gc,nmethod     ] Register NMethod: io.sirix.query.node.SubtreeBuilder.endElement (0x00007943f7ca1088) [0x00007943f7ca1180, 0x00007943f7ca29e0] Compiler: c1, Barriers: 6, Oops: 1, ImmediateOops: 0, NonImmediateOops: No
[2,328s][debug][gc,nmethod     ] Register NMethod: io.sirix.node.xml.ElementNode.getPrefixKey (0x00007943f7ca2a08) [0x00007943f7ca2b00, 0x00007943f7ca7af0] Compiler: c1, Barriers: 19, Oops: 7, ImmediateOops: 11, NonImmediateOops: No
[2,328s][debug][gc,nmethod     ] Register NMethod: io.sirix.service.xml.shredder.AbstractShredder.processEndTag (0x00007943f7ca7b88) [0x00007943f7ca7c80, 0x00007943f7ca8e00] Compiler: c1, Barriers: 4, Oops: 1, ImmediateOops: 0, NonImmediateOops: No
[2,329s][debug][gc,nmethod     ] Register NMethod: io.sirix.node.xml.ElementNode.getHashFunction (0x00007943f7ca8e88) [0x00007943f7ca8f80, 0x00007943f7ca90e8] Compiler: c1, Barriers: 2, Oops: 1, ImmediateOops: 0, NonImmediateOops: No
[2,329s][debug][gc,nmethod     ] Register NMethod: net.openhft.hashing.LongHashFunction.hashBytes (0x00007943f7ca9188) [0x00007943f7ca9280, 0x00007943f7ca93c8] Compiler: c1, Barriers: 0, Oops: 1, ImmediateOops: 0, NonImmediateOops: No
[2,329s][debug][gc,director    ] Rule Major: Warmup 10%, Used: 292MB, UsedThreshold: 1228MB
[2,329s][debug][gc,nmethod     ] Register NMethod: io.sirix.query.node.SubtreeProcessor.notifyStartElement (0x00007943f7ca9488) [0x00007943f7ca9580, 0x00007943f7ca9fe0] Compiler: c1, Barriers: 1, Oops: 1, ImmediateOops: 0, NonImmediateOops: No
[2,329s][debug][gc,nmethod     ] Register NMethod: io.sirix.index.path.summary.PathNode.getPrefixKey (0x00007943f7caa008) [0x00007943f7caa100, 0x00007943f7caa260] Compiler: c1, Barriers: 1, Oops: 1, ImmediateOops: 0, NonImmediateOops: No
[2,329s][debug][gc,nmethod     ] Register NMethod: io.sirix.axis.filter.PathKindFilter.filter (0x00007943f7caa308) [0x00007943f7caa400, 0x00007943f7cab398] Compiler: c1, Barriers: 4, Oops: 1, ImmediateOops: 2, NonImmediateOops: No
[2,329s][debug][gc,nmethod     ] Register NMethod: io.sirix.index.path.summary.PathSummaryReader.getPathKind (0x00007943f7cab408) [0x00007943f7cab500, 0x00007943f7cabe10] Compiler: c1, Barriers: 2, Oops: 1, ImmediateOops: 2, NonImmediateOops: No
[2,329s][debug][gc,nmethod     ] Register NMethod: io.sirix.node.xml.ElementNode.getLocalNameKey (0x00007943f7cabe88) [0x00007943f7cabf80, 0x00007943f7cb0f70] Compiler: c1, Barriers: 19, Oops: 7, ImmediateOops: 11, NonImmediateOops: No
[2,330s][debug][gc,nmethod     ] Register NMethod: io.sirix.access.trx.node.xml.ForwardingXmlNodeReadOnlyTrx.isDocumentRoot (0x00007943f7cb1008) [0x00007943f7cb1100, 0x00007943f7cb16e8] Compiler: c1, Barriers: 1, Oops: 1, ImmediateOops: 0, NonImmediateOops: No
[2,330s][debug][gc,nmethod     ] Register NMethod: io.sirix.access.trx.node.xml.XmlNodeReadOnlyTrxImpl.isDocumentRoot (0x00007943f7cb1708) [0x00007943f7cb1800, 0x00007943f7cb22a8] Compiler: c1, Barriers: 1, Oops: 1, ImmediateOops: 2, NonImmediateOops: No
[2,330s][debug][gc,nmethod     ] Register NMethod: io.sirix.node.xml.ElementNode.getURIKey (0x00007943f7cb2308) [0x00007943f7cb2400, 0x00007943f7cb73f0] Compiler: c1, Barriers: 19, Oops: 7, ImmediateOops: 11, NonImmediateOops: No
[2,330s][debug][gc,nmethod     ] Register NMethod: java.lang.String.<init> (0x00007943f7cb7488) [0x00007943f7cb7580, 0x00007943f7cb77a8] Compiler: c1, Barriers: 4, Oops: 0, ImmediateOops: 0, NonImmediateOops: No
[2,330s][debug][gc,nmethod     ] Register NMethod: io.sirix.access.trx.node.xml.XmlNodeTrxImpl.insertElementAsRightSibling (0x00007943f7cb7808) [0x00007943f7cb7900, 0x00007943f7cbe648] Compiler: c1, Barriers: 31, Oops: 1, ImmediateOops: 7, NonImmediateOops: No
[2,330s][debug][gc,nmethod     ] Register NMethod: java.lang.invoke.DelegatingMethodHandle$Holder.reinvoke_L (0x00007943f7cbe688) [0x00007943f7cbe780, 0x00007943f7cbeeb0] Compiler: c1, Barriers: 1, Oops: 0, ImmediateOops: 0, NonImmediateOops: No
[2,330s][debug][gc,nmethod     ] Register NMethod: io.sirix.query.node.SubtreeProcessor.notifyEndElement (0x00007943f7cbef08) [0x00007943f7cbf000, 0x00007943f7cbfa60] Compiler: c1, Barriers: 1, Oops: 1, ImmediateOops: 0, NonImmediateOops: No
[2,330s][debug][gc,nmethod     ] Register NMethod: io.sirix.cache.IndexLogKey.equals (0x00007943f7cbfa88) [0x00007943f7cbfb80, 0x00007943f7cc04c8] Compiler: c1, Barriers: 4, Oops: 1, ImmediateOops: 0, NonImmediateOops: No
[2,330s][debug][gc,nmethod     ] Register NMethod: com.sun.org.apache.xerces.internal.impl.XMLEntityScanner.arrangeCapacity (0x00007943f7cc0508) [0x00007943f7cc0600, 0x00007943f7cc0f58] Compiler: c1, Barriers: 10, Oops: 0, ImmediateOops: 0, NonImmediateOops: No
[2,331s][debug][gc,nmethod     ] Register NMethod: io.sirix.node.xml.ElementNode.getParentKey (0x0000794416cdc708) [0x0000794416cdc800, 0x0000794416cdcc18] Compiler: jvmci, Barriers: 4, Oops: 3, ImmediateOops: 0, NonImmediateOops: No
[2,331s][debug][gc,nmethod     ] Register NMethod: io.sirix.access.trx.node.xml.ForwardingXmlNodeReadOnlyTrx.isElement (0x00007943f7cc0f88) [0x00007943f7cc1080, 0x00007943f7cc1680] Compiler: c1, Barriers: 1, Oops: 1, ImmediateOops: 0, NonImmediateOops: No
[2,331s][debug][gc,nmethod     ] Register NMethod: io.sirix.access.trx.node.xml.ForwardingXmlNodeReadOnlyTrx.getNameNode (0x00007943f7cc1708) [0x00007943f7cc1800, 0x00007943f7cc1df8] Compiler: c1, Barriers: 1, Oops: 1, ImmediateOops: 0, NonImmediateOops: No
[2,331s][debug][gc,nmethod     ] Register NMethod: io.sirix.access.trx.node.xml.XmlNodeReadOnlyTrxImpl.isElement (0x00007943f7cc1e08) [0x00007943f7cc1f00, 0x00007943f7cc29a8] Compiler: c1, Barriers: 1, Oops: 1, ImmediateOops: 2, NonImmediateOops: No
[2,331s][debug][gc,nmethod     ] Register NMethod: io.sirix.node.xml.TextNode.setRightSiblingKey (0x00007943f7cc2a08) [0x00007943f7cc2b00, 0x00007943f7cc7c28] Compiler: c1, Barriers: 19, Oops: 7, ImmediateOops: 12, NonImmediateOops: No
[2,331s][debug][gc,nmethod     ] Register NMethod: io.sirix.access.trx.node.xml.XmlNodeReadOnlyTrxImpl.getNameNode (0x00007943f7cc7c88) [0x00007943f7cc7d80, 0x00007943f7cc85c8] Compiler: c1, Barriers: 1, Oops: 1, ImmediateOops: 1, NonImmediateOops: No
[2,331s][debug][gc,nmethod     ] Register NMethod: java.util.concurrent.locks.AbstractQueuedSynchronizer.compareAndSetState (0x0000794416cdcc88) [0x0000794416cdcd80, 0x0000794416cdce10] Compiler: jvmci, Barriers: 0, Oops: 0, ImmediateOops: 0, NonImmediateOops: No
[2,331s][debug][gc,nmethod     ] Register NMethod: io.sirix.access.trx.page.NodePageTrx.getRecord (0x0000794416cdcf88) [0x0000794416cdd080, 0x0000794416cdd868] Compiler: jvmci, Barriers: 16, Oops: 1, ImmediateOops: 1, NonImmediateOops: No
[2,331s][debug][gc,nmethod     ] Register NMethod: io.sirix.access.trx.node.AbstractDeweyIDManager.newFirstChildID (0x00007943f7cc8608) [0x00007943f7cc8700, 0x00007943f7ccb5e0] Compiler: c1, Barriers: 12, Oops: 1, ImmediateOops: 2, NonImmediateOops: No
[2,332s][debug][gc,nmethod     ] Register NMethod: io.sirix.access.trx.node.xml.ForwardingXmlNodeReadOnlyTrx.hasFirstChild (0x00007943f7ccb608) [0x00007943f7ccb700, 0x00007943f7ccbd00] Compiler: c1, Barriers: 1, Oops: 1, ImmediateOops: 0, NonImmediateOops: No
[2,332s][debug][gc,nmethod     ] Register NMethod: io.sirix.access.trx.node.AbstractNodeReadOnlyTrx.hasFirstChild (0x00007943f7ccbd88) [0x00007943f7ccbe80, 0x00007943f7ccc6a0] Compiler: c1, Barriers: 0, Oops: 1, ImmediateOops: 1, NonImmediateOops: No
[2,332s][debug][gc,nmethod     ] Register NMethod: io.sirix.node.SirixDeweyID.getNewChildID (0x00007943f7ccc708) [0x00007943f7ccc800, 0x00007943f7ccca90] Compiler: c1, Barriers: 0, Oops: 1, ImmediateOops: 0, NonImmediateOops: No
[2,332s][debug][gc,nmethod     ] Register NMethod: io.sirix.node.SirixDeweyID.<init> (0x00007943f7cccb08) [0x00007943f7cccc00, 0x00007943f7ccd068] Compiler: c1, Barriers: 7, Oops: 1, ImmediateOops: 0, NonImmediateOops: No
[2,332s][debug][gc,nmethod     ] Register NMethod: io.sirix.access.trx.node.AbstractNodeTrxImpl.getCurrentNode (0x0000794416cdd888) [0x0000794416cdd980, 0x0000794416cddab8] Compiler: jvmci, Barriers: 2, Oops: 1, ImmediateOops: 0, NonImmediateOops: No
[2,332s][debug][gc,nmethod     ] Register NMethod: io.sirix.node.xml.ElementNode.setRightSiblingKey (0x00007943f7ccd088) [0x00007943f7ccd180, 0x00007943f7cd22a8] Compiler: c1, Barriers: 19, Oops: 7, ImmediateOops: 12, NonImmediateOops: No
[2,332s][debug][gc,nmethod     ] Register NMethod: java.util.concurrent.atomic.AtomicLong.incrementAndGet (0x0000794416cddb88) [0x0000794416cddc80, 0x0000794416cddd10] Compiler: jvmci, Barriers: 0, Oops: 0, ImmediateOops: 0, NonImmediateOops: No
[2,332s][debug][gc,nmethod     ] Register NMethod: io.sirix.index.path.summary.PathSummaryWriter.movePathSummary (0x00007943f7cd2308) [0x00007943f7cd2400, 0x00007943f7cd4ad8] Compiler: c1, Barriers: 11, Oops: 1, ImmediateOops: 3, NonImmediateOops: No
[2,333s][debug][gc,nmethod     ] Register NMethod: io.sirix.access.trx.page.NodePageTrx.getPageContainer (0x0000794416cdde88) [0x0000794416cddf80, 0x0000794416cde418] Compiler: jvmci, Barriers: 10, Oops: 1, ImmediateOops: 1, NonImmediateOops: No
[2,333s][debug][gc,nmethod     ] Register NMethod: io.sirix.access.trx.node.xml.XmlNodeTrxImpl.insertTextAsFirstChild (0x00007943f7cd4b08) [0x00007943f7cd4c00, 0x00007943f7cdcbc0] Compiler: c1, Barriers: 35, Oops: 2, ImmediateOops: 8, NonImmediateOops: No
[2,333s][debug][gc,nmethod     ] Register NMethod: io.sirix.node.xml.ElementNode.hasFirstChild (0x00007943f7cdcc08) [0x00007943f7cdcd00, 0x00007943f7ce2138] Compiler: c1, Barriers: 19, Oops: 7, ImmediateOops: 12, NonImmediateOops: No
[2,333s][debug][gc,nmethod     ] Register NMethod: com.sun.org.apache.xerces.internal.impl.XMLEntityScanner.skipString (0x00007943f7ce2188) [0x00007943f7ce2280, 0x00007943f7ce33a0] Compiler: c1, Barriers: 6, Oops: 1, ImmediateOops: 2, NonImmediateOops: No
[2,333s][debug][gc,nmethod     ] Register NMethod: com.sun.org.apache.xerces.internal.util.NamespaceSupport.popContext (0x00007943f7ce3408) [0x00007943f7ce3500, 0x00007943f7ce3668] Compiler: c1, Barriers: 1, Oops: 0, ImmediateOops: 0, NonImmediateOops: No
[2,333s][debug][gc,nmethod     ] Register NMethod: com.google.common.collect.ForwardingObject.<init> (0x00007943f7ce3708) [0x00007943f7ce3800, 0x00007943f7ce3970] Compiler: c1, Barriers: 0, Oops: 1, ImmediateOops: 0, NonImmediateOops: No
[2,333s][debug][gc,nmethod     ] Register NMethod: io.sirix.node.AbstractForwardingNode.getNodeKey (0x0000794416cde488) [0x0000794416cde580, 0x0000794416cde6d0] Compiler: jvmci, Barriers: 2, Oops: 1, ImmediateOops: 0, NonImmediateOops: No
[2,333s][debug][gc,nmethod     ] Register NMethod: io.sirix.access.trx.page.NodePageTrx.prepareRecordForModification (0x0000794416cde788) [0x0000794416cde880, 0x0000794416cdf8b0] Compiler: jvmci, Barriers: 39, Oops: 3, ImmediateOops: 1, NonImmediateOops: No
[2,333s][debug][gc,nmethod     ] Register NMethod: java.nio.HeapByteBuffer.ix (0x00007943f7ce3a08) [0x00007943f7ce3b00, 0x00007943f7ce3c08] Compiler: c1, Barriers: 0, Oops: 0, ImmediateOops: 0, NonImmediateOops: No
[2,333s][debug][gc,nmethod     ] Register NMethod: io.sirix.index.path.summary.PathSummaryReader.getLevel (0x00007943f7ce3d08) [0x00007943f7ce3e00, 0x00007943f7ce5570] Compiler: c1, Barriers: 1, Oops: 1, ImmediateOops: 3, NonImmediateOops: No
[2,334s][debug][gc,nmethod     ] Register NMethod: io.sirix.node.xml.ElementNode.setFirstChildKey (0x00007943f7ce5588) [0x00007943f7ce5680, 0x00007943f7cea7a8] Compiler: c1, Barriers: 19, Oops: 7, ImmediateOops: 12, NonImmediateOops: No
[2,334s][debug][gc,nmethod     ] Register NMethod: io.sirix.access.trx.page.NodePageTrx.getMostRecentPageContainer (0x00007943f7cea808) [0x00007943f7cea900, 0x00007943f7ceaf30] Compiler: c1, Barriers: 9, Oops: 1, ImmediateOops: 1, NonImmediateOops: No
[2,335s][debug][gc,nmethod     ] Register NMethod: com.google.common.base.Preconditions.checkArgument (0x0000794416cdf908) [0x0000794416cdfa00, 0x0000794416cdfa98] Compiler: jvmci, Barriers: 0, Oops: 1, ImmediateOops: 0, NonImmediateOops: No
[2,335s][debug][gc,nmethod     ] Register NMethod: io.sirix.access.trx.node.xml.XmlNodeTrxImpl.insertTextAsRightSibling (0x00007943f7ceaf88) [0x00007943f7ceb080, 0x00007943f7cf9ad8] Compiler: c1, Barriers: 52, Oops: 5, ImmediateOops: 18, NonImmediateOops: No
[2,335s][debug][gc,nmethod     ] Register NMethod: io.sirix.access.trx.page.NodePageTrx.getPageContainer (0x00007943f7cf9b08) [0x00007943f7cf9c00, 0x00007943f7cfad40] Compiler: c1, Barriers: 12, Oops: 4, ImmediateOops: 2, NonImmediateOops: No
[2,335s][debug][gc,nmethod     ] Register NMethod: io.sirix.access.trx.page.NodePageTrx.prepareRecordPage (0x00007943f7cfad88) [0x00007943f7cfae80, 0x00007943f7cfd428] Compiler: c1, Barriers: 38, Oops: 4, ImmediateOops: 3, NonImmediateOops: No
[2,335s][debug][gc,nmethod     ] Register NMethod: io.sirix.access.trx.page.NodePageTrx.getRecord (0x00007943f7cfd488) [0x00007943f7cfd580, 0x00007943f7cff520] Compiler: c1, Barriers: 8, Oops: 1, ImmediateOops: 2, NonImmediateOops: No
[2,335s][debug][gc,nmethod     ] Register NMethod: io.sirix.node.AbstractForwardingNode.<init> (0x00007943f7cff588) [0x00007943f7cff680, 0x00007943f7cff838] Compiler: c1, Barriers: 0, Oops: 1, ImmediateOops: 0, NonImmediateOops: No
[2,336s][debug][gc,nmethod     ] Register NMethod: io.sirix.access.trx.page.NodePageTrx.prepareRecordForModification (0x00007943f7cff888) [0x00007943f7cff980, 0x00007943f7d01808] Compiler: c1, Barriers: 7, Oops: 2, ImmediateOops: 4, NonImmediateOops: No
[2,336s][debug][gc,nmethod     ] Register NMethod: io.sirix.node.xml.TextNode.getParentKey (0x0000794416cdfc08) [0x0000794416cdfd00, 0x0000794416ce0118] Compiler: jvmci, Barriers: 4, Oops: 3, ImmediateOops: 0, NonImmediateOops: No
[2,336s][debug][gc,nmethod     ] Register NMethod: io.sirix.access.trx.node.AbstractNodeReadOnlyTrx.moveTo (0x00007943f7d01888) [0x00007943f7d01980, 0x00007943f7d034e8] Compiler: c1, Barriers: 11, Oops: 1, ImmediateOops: 4, NonImmediateOops: No
[2,337s][debug][gc,nmethod     ] Register NMethod: net.openhft.hashing.Maths.unsignedLongMulXorFold (0x0000794416ce0188) [0x0000794416ce0280, 0x0000794416ce0310] Compiler: jvmci, Barriers: 0, Oops: 1, ImmediateOops: 0, NonImmediateOops: No
[2,338s][debug][gc,nmethod     ] Register NMethod: com.sun.org.apache.xerces.internal.impl.XMLDocumentFragmentScannerImpl.scanEndElement (0x00007943f7d03508) [0x00007943f7d03600, 0x00007943f7d04d28] Compiler: c1, Barriers: 17, Oops: 3, ImmediateOops: 4, NonImmediateOops: No
[2,338s][debug][gc,nmethod     ] Register NMethod: io.sirix.node.xml.ElementNode.computeHash (0x00007943f7d04d88) [0x00007943f7d04e80, 0x00007943f7d344c8] Compiler: c1, Barriers: 186, Oops: 16, ImmediateOops: 101, NonImmediateOops: No
[2,339s][debug][gc,nmethod     ] Register NMethod: io.sirix.node.xml.ElementNode.setHash (0x0000794416ce0488) [0x0000794416ce0580, 0x0000794416ce0a70] Compiler: jvmci, Barriers: 6, Oops: 3, ImmediateOops: 1, NonImmediateOops: No
[2,339s][debug][gc,director    ] Rule Major: Warmup 10%, Used: 292MB, UsedThreshold: 1228MB
[2,339s][debug][gc,nmethod     ] Register NMethod: java.util.concurrent.atomic.AtomicLong.compareAndSet (0x0000794416ce0b08) [0x0000794416ce0c00, 0x0000794416ce0c90] Compiler: jvmci, Barriers: 0, Oops: 0, ImmediateOops: 0, NonImmediateOops: No
[2,339s][debug][gc,nmethod     ] Register NMethod: java.util.concurrent.atomic.AtomicLong.addAndGet (0x0000794416ce0e08) [0x0000794416ce0f00, 0x0000794416ce0f90] Compiler: jvmci, Barriers: 0, Oops: 0, ImmediateOops: 0, NonImmediateOops: No
[2,339s][debug][gc,nmethod     ] Register NMethod: java.lang.StringLatin1.inflate (0x0000794416ce1108) [0x0000794416ce1200, 0x0000794416ce14b0] Compiler: jvmci, Barriers: 0, Oops: 0, ImmediateOops: 0, NonImmediateOops: No
[2,339s][debug][gc,nmethod     ] Register NMethod: net.openhft.hashing.XXH3.XXH3_avalanche (0x0000794416ce1508) [0x0000794416ce1600, 0x0000794416ce1688] Compiler: jvmci, Barriers: 0, Oops: 1, ImmediateOops: 0, NonImmediateOops: No
[2,340s][debug][gc,nmethod     ] Register NMethod: io.sirix.page.RevisionRootPage.incrementAndGetMaxNodeKeyInDocumentIndex (0x0000794416ce1808) [0x0000794416ce1900, 0x0000794416ce1990] Compiler: jvmci, Barriers: 0, Oops: 1, ImmediateOops: 0, NonImmediateOops: No
[2,341s][debug][gc,nmethod     ] Register NMethod: com.sun.org.apache.xerces.internal.xni.XMLString.setValues (0x00007943f7d34588) [0x00007943f7d34680, 0x00007943f7d34800] Compiler: c1, Barriers: 3, Oops: 0, ImmediateOops: 0, NonImmediateOops: No
[2,341s][debug][gc,nmethod     ] Register NMethod: com.sun.org.apache.xerces.internal.xni.QName.setValues (0x00007943f7d34888) [0x00007943f7d34980, 0x00007943f7d34d38] Compiler: c1, Barriers: 16, Oops: 0, ImmediateOops: 0, NonImmediateOops: No
[2,341s][debug][gc,nmethod     ] Register NMethod: io.sirix.access.trx.page.NodePageTrx.getMostRecentPageContainer (0x0000794416ce1b08) [0x0000794416ce1c00, 0x0000794416ce2000] Compiler: jvmci, Barriers: 9, Oops: 1, ImmediateOops: 1, NonImmediateOops: No
[2,342s][debug][gc,nmethod     ] Register NMethod: io.sirix.node.xml.ElementNode.getDescendantCount (0x0000794416ce2088) [0x0000794416ce2180, 0x0000794416ce2630] Compiler: jvmci, Barriers: 6, Oops: 3, ImmediateOops: 1, NonImmediateOops: No
[2,342s][debug][gc,nmethod     ] Register NMethod: io.sirix.access.trx.node.AbstractNodeHashing.setAddDescendants (0x0000794416ce2688) [0x0000794416ce2780, 0x0000794416ce37d0] Compiler: jvmci, Barriers: 21, Oops: 3, ImmediateOops: 1, NonImmediateOops: No
[2,344s][debug][gc,nmethod     ] Register NMethod: java.util.HashMap.put (0x00007943f7d34d88) [0x00007943f7d34e80, 0x00007943f7d35468] Compiler: c1, Barriers: 0, Oops: 0, ImmediateOops: 0, NonImmediateOops: No
[2,344s][debug][gc,nmethod     ] Register NMethod: com.google.common.base.Objects.hashCode (0x00007943f7d35488) [0x00007943f7d35580, 0x00007943f7d35740] Compiler: c1, Barriers: 0, Oops: 1, ImmediateOops: 0, NonImmediateOops: No
[2,344s][debug][gc,nmethod     ] Register NMethod: java.lang.StringLatin1.inflate (0x0000794416ce3808) [0x0000794416ce3900, 0x0000794416ce3b78] Compiler: jvmci, Barriers: 0, Oops: 0, ImmediateOops: 0, NonImmediateOops: No
[2,345s][debug][gc,nmethod     ] Register NMethod: io.sirix.node.xml.ElementNode.setDescendantCount (0x0000794416ce3b88) [0x0000794416ce3c80, 0x0000794416ce4178] Compiler: jvmci, Barriers: 6, Oops: 3, ImmediateOops: 1, NonImmediateOops: No
[2,345s][debug][gc,nmethod     ] Register NMethod: io.sirix.node.NullNode.getDescendantCount (0x0000794416ce4208) [0x0000794416ce4300, 0x0000794416ce43c0] Compiler: c1, Barriers: 0, Oops: 1, ImmediateOops: 0, NonImmediateOops: No
[2,345s][debug][gc,nmethod     ] Register NMethod: io.sirix.node.xml.ElementNode.getAttributeCount (0x00007943f7d35788) [0x00007943f7d35880, 0x00007943f7d35a10] Compiler: c1, Barriers: 1, Oops: 1, ImmediateOops: 0, NonImmediateOops: No
[2,349s][debug][gc,director    ] Rule Major: Warmup 10%, Used: 294MB, UsedThreshold: 1228MB
[2,351s][debug][gc,nmethod     ] Register NMethod: net.openhft.hashing.XXH3.XXH3_mix2Accs (0x00007943f7d35a88) [0x00007943f7d35b80, 0x00007943f7d36c80] Compiler: c1, Barriers: 0, Oops: 2, ImmediateOops: 6, NonImmediateOops: No
[2,351s][debug][gc,nmethod     ] Register NMethod: io.sirix.access.trx.page.NodePageTrx.prepareRecordPage (0x0000794416ce4508) [0x0000794416ce4600, 0x0000794416ce5188] Compiler: jvmci, Barriers: 32, Oops: 3, ImmediateOops: 1, NonImmediateOops: No
[2,355s][debug][gc,nmethod     ] Register NMethod: io.sirix.access.trx.page.NodePageTrx.prepareRecordForModification (0x0000794416ce5208) [0x0000794416ce5300, 0x0000794416ce6318] Compiler: jvmci, Barriers: 39, Oops: 3, ImmediateOops: 1, NonImmediateOops: No
[2,358s][debug][gc,nmethod     ] Register NMethod: com.sun.org.apache.xerces.internal.impl.XMLEntityScanner.scanContent (0x0000794416ce6388) [0x0000794416ce64a0, 0x0000794416ce73c8] Compiler: jvmci, Barriers: 18, Oops: 0, ImmediateOops: 1, NonImmediateOops: No
[2,359s][debug][gc,nmethod     ] Register NMethod: com.sun.org.apache.xerces.internal.impl.XMLScanner.isValidNameStartChar (0x00007943f7d36d08) [0x00007943f7d36e00, 0x00007943f7d37008] Compiler: c1, Barriers: 0, Oops: 0, ImmediateOops: 1, NonImmediateOops: No
[2,359s][debug][gc,director    ] Rule Major: Warmup 10%, Used: 296MB, UsedThreshold: 1228MB
[2,360s][debug][gc,nmethod     ] Register NMethod: io.sirix.access.trx.node.AbstractNodeReadOnlyTrx.moveTo (0x0000794416ce7408) [0x0000794416ce7500, 0x0000794416ce8270] Compiler: jvmci, Barriers: 30, Oops: 4, ImmediateOops: 1, NonImmediateOops: No
[2,360s][debug][gc,nmethod     ] Register NMethod: io.sirix.access.trx.page.NodePageTrx.getPageContainer (0x0000794416ce8308) [0x0000794416ce8400, 0x0000794416ce8ad0] Compiler: jvmci, Barriers: 17, Oops: 3, ImmediateOops: 1, NonImmediateOops: No
[2,360s][debug][gc,nmethod     ] Register NMethod: com.sun.org.apache.xerces.internal.util.XMLChar.isContent (0x0000794416ce8b08) [0x0000794416ce8c00, 0x0000794416ce8cc8] Compiler: jvmci, Barriers: 0, Oops: 0, ImmediateOops: 1, NonImmediateOops: No
[2,360s][debug][gc,nmethod     ] Register NMethod: io.sirix.node.delegates.StructNodeDelegate.setFirstChildKey (0x0000794416ce8e08) [0x0000794416ce8f00, 0x0000794416ce8fc0] Compiler: c1, Barriers: 0, Oops: 1, ImmediateOops: 0, NonImmediateOops: No
[2,361s][debug][gc,nmethod     ] Register NMethod: jdk.internal.util.Preconditions.checkFromIndexSize (0x0000794416ce9108) [0x0000794416ce9200, 0x0000794416ce92b0] Compiler: jvmci, Barriers: 0, Oops: 0, ImmediateOops: 0, NonImmediateOops: No
[2,361s][debug][gc,nmethod     ] Register NMethod: io.sirix.node.delegates.StructNodeDelegate.getLeftSiblingKey (0x0000794416ce9408) [0x0000794416ce9500, 0x0000794416ce95c0] Compiler: c1, Barriers: 0, Oops: 1, ImmediateOops: 0, NonImmediateOops: No
[2,361s][debug][gc,nmethod     ] Register NMethod: io.brackit.query.atomic.QNm.hashCode (0x00007943f7d37088) [0x00007943f7d37180, 0x00007943f7d376f0] Compiler: c1, Barriers: 2, Oops: 1, ImmediateOops: 0, NonImmediateOops: No
[2,362s][debug][gc,nmethod     ] Register NMethod: net.openhft.hashing.XXH3.XXH3_mix16B (0x0000794416ce9708) [0x0000794416ce9800, 0x0000794416ce9918] Compiler: jvmci, Barriers: 0, Oops: 1, ImmediateOops: 1, NonImmediateOops: No
[2,363s][debug][gc,nmethod     ] Register NMethod: jdk.internal.misc.Unsafe.putIntUnaligned (0x0000794416ce9a08) [0x0000794416ce9b00, 0x0000794416ce9bb8] Compiler: jvmci, Barriers: 0, Oops: 0, ImmediateOops: 0, NonImmediateOops: No
[2,363s][debug][gc,nmethod     ] Register NMethod: it.unimi.dsi.fastutil.ints.Int2LongOpenHashMap.find (0x00007943f7d37708) [0x00007943f7d37800, 0x00007943f7d37c68] Compiler: c1, Barriers: 1, Oops: 1, ImmediateOops: 0, NonImmediateOops: No
[2,364s][debug][gc,nmethod     ] Register NMethod: com.sun.org.apache.xerces.internal.impl.XMLEntityScanner.scanLiteral (0x00007943f7d37c88) [0x00007943f7d37d80, 0x00007943f7d38fc8] Compiler: c1, Barriers: 13, Oops: 0, ImmediateOops: 2, NonImmediateOops: No
[2,365s][debug][gc,nmethod     ] Register NMethod: io.brackit.query.atomic.AbstractAtomic.equals (0x00007943f7d39008) [0x00007943f7d39100, 0x00007943f7d398d0] Compiler: c1, Barriers: 0, Oops: 1, ImmediateOops: 0, NonImmediateOops: No
[2,365s][debug][gc,nmethod     ] Register NMethod: io.brackit.query.atomic.AbstractAtomic.atomicCmp (0x00007943f7d39908) [0x00007943f7d39a00, 0x00007943f7d3a230] Compiler: c1, Barriers: 0, Oops: 1, ImmediateOops: 0, NonImmediateOops: No
[2,365s][debug][gc,nmethod     ] Register NMethod: io.brackit.query.atomic.QNm.atomicCmpInternal (0x00007943f7d3a288) [0x00007943f7d3a380, 0x00007943f7d3abb0] Compiler: c1, Barriers: 4, Oops: 1, ImmediateOops: 0, NonImmediateOops: No
[2,365s][debug][gc,nmethod     ] Register NMethod: com.sun.org.apache.xerces.internal.xni.XMLString.append (0x00007943f7d3ac08) [0x00007943f7d3ad00, 0x00007943f7d3b1d8] Compiler: c1, Barriers: 5, Oops: 0, ImmediateOops: 0, NonImmediateOops: No
[2,366s][debug][gc,nmethod     ] Register NMethod: io.sirix.access.trx.page.NodePageTrx.getRecord (0x0000794416ce9d08) [0x0000794416ce9e00, 0x0000794416cea950] Compiler: jvmci, Barriers: 23, Oops: 3, ImmediateOops: 1, NonImmediateOops: No
[2,366s][debug][gc,nmethod     ] Register NMethod: com.sun.org.apache.xerces.internal.xni.XMLString.toString (0x00007943f7d3b208) [0x00007943f7d3b300, 0x00007943f7d3b548] Compiler: c1, Barriers: 1, Oops: 0, ImmediateOops: 1, NonImmediateOops: No
[2,366s][debug][gc,nmethod     ] Register NMethod: com.sun.org.apache.xerces.internal.util.AugmentationsImpl$SmallContainer.clear (0x00007943f7d3b588) [0x00007943f7d3b680, 0x00007943f7d3be00] Compiler: c1, Barriers: 7, Oops: 0, ImmediateOops: 0, NonImmediateOops: No
[2,366s][debug][gc,nmethod     ] Register NMethod: com.sun.org.apache.xerces.internal.util.AugmentationsImpl.removeAllItems (0x00007943f7d3be08) [0x00007943f7d3bf00, 0x00007943f7d3c088] Compiler: c1, Barriers: 1, Oops: 0, ImmediateOops: 0, NonImmediateOops: No
[2,367s][debug][gc,nmethod     ] Register NMethod: com.sun.org.apache.xerces.internal.util.XMLAttributesImpl.setValue (0x00007943f7d3c108) [0x00007943f7d3c200, 0x00007943f7d3c4f8] Compiler: c1, Barriers: 11, Oops: 0, ImmediateOops: 0, NonImmediateOops: No
[2,367s][debug][gc,nmethod     ] Register NMethod: com.sun.org.apache.xerces.internal.util.XMLAttributesImpl.setSpecified (0x00007943f7d3c508) [0x00007943f7d3c600, 0x00007943f7d3c798] Compiler: c1, Barriers: 2, Oops: 0, ImmediateOops: 0, NonImmediateOops: No
[2,367s][debug][gc,nmethod     ] Register NMethod: com.sun.org.apache.xerces.internal.impl.XMLDocumentFragmentScannerImpl.getString (0x00007943f7d3c808) [0x00007943f7d3c900, 0x00007943f7d3d530] Compiler: c1, Barriers: 8, Oops: 0, ImmediateOops: 0, NonImmediateOops: No
[2,367s][debug][gc,nmethod     ] Register NMethod: com.sun.org.apache.xerces.internal.parsers.AbstractSAXParser$AttributesProxy.getQName (0x00007943f7d3d588) [0x00007943f7d3d680, 0x00007943f7d3d9e0] Compiler: c1, Barriers: 1, Oops: 0, ImmediateOops: 0, NonImmediateOops: No
[2,367s][debug][gc,nmethod     ] Register NMethod: com.sun.org.apache.xerces.internal.util.NamespaceSupport.popContext (0x0000794416cea988) [0x0000794416ceaa80, 0x0000794416ceaba8] Compiler: jvmci, Barriers: 1, Oops: 0, ImmediateOops: 0, NonImmediateOops: No
[2,367s][debug][gc,nmethod     ] Register NMethod: com.sun.org.apache.xerces.internal.util.XMLAttributesImpl.getQName (0x00007943f7d3da08) [0x00007943f7d3db00, 0x00007943f7d3ddd0] Compiler: c1, Barriers: 4, Oops: 0, ImmediateOops: 1, NonImmediateOops: No
[2,367s][debug][gc,nmethod     ] Register NMethod: com.sun.org.apache.xerces.internal.util.XMLAttributesImpl.getURI (0x00007943f7d3de08) [0x00007943f7d3df00, 0x00007943f7d3e188] Compiler: c1, Barriers: 4, Oops: 0, ImmediateOops: 0, NonImmediateOops: No
[2,367s][debug][gc,nmethod     ] Register NMethod: com.sun.org.apache.xerces.internal.parsers.AbstractSAXParser$AttributesProxy.getURI (0x00007943f7d3e208) [0x00007943f7d3e300, 0x00007943f7d3e850] Compiler: c1, Barriers: 5, Oops: 0, ImmediateOops: 1, NonImmediateOops: No
[2,367s][debug][gc,nmethod     ] Register NMethod: com.sun.org.apache.xerces.internal.util.XMLAttributesImpl.getLocalName (0x00007943f7d3e888) [0x00007943f7d3e980, 0x00007943f7d3ec68] Compiler: c1, Barriers: 4, Oops: 0, ImmediateOops: 1, NonImmediateOops: No
[2,367s][debug][gc,nmethod     ] Register NMethod: com.sun.org.apache.xerces.internal.parsers.AbstractSAXParser$AttributesProxy.getLocalName (0x00007943f7d3ec88) [0x00007943f7d3ed80, 0x00007943f7d3f0e0] Compiler: c1, Barriers: 1, Oops: 0, ImmediateOops: 0, NonImmediateOops: No
[2,367s][debug][gc,nmethod     ] Register NMethod: com.sun.org.apache.xerces.internal.parsers.AbstractSAXParser$AttributesProxy.getValue (0x00007943f7d3f108) [0x00007943f7d3f200, 0x00007943f7d3f560] Compiler: c1, Barriers: 1, Oops: 0, ImmediateOops: 0, NonImmediateOops: No
[2,367s][debug][gc,nmethod     ] Register NMethod: com.sun.org.apache.xerces.internal.util.XMLAttributesImpl.addAttributeNS (0x00007943f7d3f588) [0x00007943f7d3f680, 0x00007943f7d40b70] Compiler: c1, Barriers: 47, Oops: 0, ImmediateOops: 0, NonImmediateOops: No
[2,367s][debug][gc,nmethod     ] Register NMethod: com.sun.org.apache.xerces.internal.util.XMLAttributesImpl.getValue (0x00007943f7d40b88) [0x00007943f7d40c80, 0x00007943f7d412b0] Compiler: c1, Barriers: 10, Oops: 0, ImmediateOops: 0, NonImmediateOops: No
[2,367s][debug][gc,nmethod     ] Register NMethod: net.openhft.hashing.LongHashFunction.xx3 (0x00007943f7d41308) [0x00007943f7d41400, 0x00007943f7d415a0] Compiler: c1, Barriers: 0, Oops: 1, ImmediateOops: 1, NonImmediateOops: No
[2,367s][debug][gc,nmethod     ] Register NMethod: net.openhft.hashing.XXH3.asLongHashFunctionWithoutSeed (0x00007943f7d41608) [0x00007943f7d41700, 0x00007943f7d41840] Compiler: c1, Barriers: 0, Oops: 1, ImmediateOops: 1, NonImmediateOops: No
[2,368s][debug][gc,nmethod     ] Register NMethod: net.openhft.hashing.XXH3$AsLongHashFunction.access$000 (0x00007943f7d41908) [0x00007943f7d41a00, 0x00007943f7d41ae8] Compiler: c1, Barriers: 0, Oops: 1, ImmediateOops: 1, NonImmediateOops: No
[2,368s][debug][gc,nmethod     ] Register NMethod: io.sirix.node.xml.AttributeNode.getLocalNameKey (0x00007943f7d41c08) [0x00007943f7d41d00, 0x00007943f7d46cf0] Compiler: c1, Barriers: 19, Oops: 7, ImmediateOops: 11, NonImmediateOops: No
[2,368s][debug][gc,nmethod     ] Register NMethod: io.sirix.access.trx.node.xml.XmlNodeTrxImpl.insertAttribute (0x00007943f7d46d88) [0x00007943f7d46e80, 0x00007943f7d47180] Compiler: c1, Barriers: 0, Oops: 1, ImmediateOops: 1, NonImmediateOops: No
[2,368s][debug][gc,nmethod     ] Register NMethod: io.sirix.node.MemorySegmentBytesOut.writeInt (0x0000794416ceac88) [0x0000794416cead80, 0x0000794416ceb378] Compiler: jvmci, Barriers: 6, Oops: 3, ImmediateOops: 0, NonImmediateOops: No
[2,369s][debug][gc,nmethod     ] Register NMethod: io.sirix.node.xml.AttributeNode.getPrefixKey (0x00007943f7d47208) [0x00007943f7d47300, 0x00007943f7d4c2f0] Compiler: c1, Barriers: 19, Oops: 7, ImmediateOops: 11, NonImmediateOops: No
[2,369s][debug][gc,nmethod     ] Register NMethod: io.sirix.node.xml.AttributeNode.getURIKey (0x00007943f7d4c388) [0x00007943f7d4c480, 0x00007943f7d51470] Compiler: c1, Barriers: 19, Oops: 7, ImmediateOops: 11, NonImmediateOops: No
[2,369s][debug][gc,nmethod     ] Register NMethod: io.sirix.access.trx.node.xml.ForwardingXmlNodeReadOnlyTrx.hasAttributes (0x00007943f7d51508) [0x00007943f7d51600, 0x00007943f7d51be8] Compiler: c1, Barriers: 1, Oops: 1, ImmediateOops: 0, NonImmediateOops: No
[2,369s][debug][gc,nmethod     ] Register NMethod: io.sirix.access.trx.node.xml.XmlDeweyIDManager.newAttributeID (0x00007943f7d51c08) [0x00007943f7d51d00, 0x00007943f7d55f28] Compiler: c1, Barriers: 17, Oops: 1, ImmediateOops: 2, NonImmediateOops: No
[2,369s][debug][gc,director    ] Rule Major: Warmup 10%, Used: 298MB, UsedThreshold: 1228MB
[2,369s][debug][gc,nmethod     ] Register NMethod: io.sirix.node.xml.AttributeNode.<init> (0x00007943f7d55f88) [0x00007943f7d56080, 0x00007943f7d566f0] Compiler: c1, Barriers: 12, Oops: 1, ImmediateOops: 0, NonImmediateOops: No
[2,369s][debug][gc,nmethod     ] Register NMethod: io.sirix.access.trx.node.xml.XmlNodeReadOnlyTrxImpl.hasAttributes (0x00007943f7d56708) [0x00007943f7d56800, 0x00007943f7d57780] Compiler: c1, Barriers: 2, Oops: 1, ImmediateOops: 2, NonImmediateOops: No
[2,369s][debug][gc,nmethod     ] Register NMethod: io.sirix.node.xml.ElementNode.insertAttribute (0x00007943f7d57808) [0x00007943f7d57900, 0x00007943f7d57ab8] Compiler: c1, Barriers: 1, Oops: 1, ImmediateOops: 0, NonImmediateOops: No
[2,369s][debug][gc,nmethod     ] Register NMethod: io.sirix.query.node.SubtreeProcessor.notifyAttribute (0x00007943f7d57b08) [0x00007943f7d57c00, 0x00007943f7d58660] Compiler: c1, Barriers: 1, Oops: 1, ImmediateOops: 0, NonImmediateOops: No
[2,370s][debug][gc,nmethod     ] Register NMethod: java.util.ArrayList.iterator (0x0000794416ceb408) [0x0000794416ceb500, 0x0000794416ceb640] Compiler: jvmci, Barriers: 2, Oops: 0, ImmediateOops: 0, NonImmediateOops: No
[2,370s][debug][gc,nmethod     ] Register NMethod: com.sun.org.apache.xerces.internal.impl.XMLScanner.scanAttributeValue (0x00007943f7d58688) [0x00007943f7d58780, 0x00007943f7d62e80] Compiler: c1, Barriers: 92, Oops: 8, ImmediateOops: 16, NonImmediateOops: No
[2,370s][debug][gc,nmethod     ] Register NMethod: io.sirix.access.trx.node.xml.XmlNodeFactoryImpl.createAttributeNode (0x00007943f7d62f08) [0x00007943f7d63000, 0x00007943f7d65800] Compiler: c1, Barriers: 21, Oops: 2, ImmediateOops: 6, NonImmediateOops: No
[2,371s][debug][gc,nmethod     ] Register NMethod: java.util.LinkedHashMap.afterNodeAccess (0x0000794416ceb708) [0x0000794416ceb800, 0x0000794416cebd00] Compiler: jvmci, Barriers: 23, Oops: 0, ImmediateOops: 0, NonImmediateOops: No
[2,371s][debug][gc,nmethod     ] Register NMethod: io.sirix.cache.IndexLogKey.hashCode (0x0000794416cebd08) [0x0000794416cebe00, 0x0000794416cebf38] Compiler: jvmci, Barriers: 1, Oops: 1, ImmediateOops: 0, NonImmediateOops: No
[2,372s][debug][gc,nmethod     ] Register NMethod: io.sirix.access.trx.node.xml.XmlNodeTrxImpl.insertAttribute (0x00007943f7d65888) [0x00007943f7d65980, 0x00007943f7d75a70] Compiler: c1, Barriers: 58, Oops: 8, ImmediateOops: 23, NonImmediateOops: No
[2,372s][debug][gc,nmethod     ] Register NMethod: it.unimi.dsi.fastutil.ints.Int2LongOpenHashMap.put (0x00007943f7d75b08) [0x00007943f7d75c00, 0x00007943f7d75e68] Compiler: c1, Barriers: 1, Oops: 1, ImmediateOops: 0, NonImmediateOops: No
[2,372s][debug][gc,nmethod     ] Register NMethod: io.sirix.cache.IndexLogKey.equals (0x0000794416cec008) [0x0000794416cec100, 0x0000794416cec2a8] Compiler: jvmci, Barriers: 2, Oops: 1, ImmediateOops: 0, NonImmediateOops: No
[2,373s][debug][gc,nmethod     ] Register NMethod: com.sun.org.apache.xerces.internal.impl.XMLEntityScanner.checkEntityLimit (0x0000794416cec308) [0x0000794416cec400, 0x0000794416cec4e0] Compiler: jvmci, Barriers: 0, Oops: 0, ImmediateOops: 0, NonImmediateOops: No
[2,373s][debug][gc,nmethod     ] Register NMethod: io.sirix.cache.IndexLogKey.equals (0x00007943f7d75e88) [0x00007943f7d75f80, 0x00007943f7d768c8] Compiler: c1, Barriers: 4, Oops: 1, ImmediateOops: 0, NonImmediateOops: No
[2,374s][debug][gc,nmethod     ] Register NMethod: com.sun.org.apache.xerces.internal.impl.XMLScanner.isValidNameStartHighSurrogate (0x0000794416cec608) [0x0000794416cec700, 0x0000794416cec7c0] Compiler: c1, Barriers: 0, Oops: 0, ImmediateOops: 0, NonImmediateOops: No
[2,375s][debug][gc,nmethod     ] Register NMethod: it.unimi.dsi.fastutil.longs.LongArrays.forceCapacity (0x00007943f7d76908) [0x00007943f7d76a00, 0x00007943f7d76c18] Compiler: c1, Barriers: 0, Oops: 1, ImmediateOops: 0, NonImmediateOops: No
[2,375s][debug][gc,nmethod     ] Register NMethod: io.sirix.node.xml.AttributeNode.computeHash (0x00007943f7d76c88) [0x00007943f7d76d80, 0x00007943f7d8d5e0] Compiler: c1, Barriers: 86, Oops: 13, ImmediateOops: 49, NonImmediateOops: No
[2,376s][debug][gc,nmethod     ] Register NMethod: io.sirix.axis.AbstractAxis.hasNext (0x0000794416cec908) [0x0000794416ceca00, 0x0000794416cecdc0] Compiler: jvmci, Barriers: 5, Oops: 1, ImmediateOops: 1, NonImmediateOops: No
[2,377s][debug][gc,nmethod     ] Register NMethod: io.sirix.node.GrowingMemorySegment.writeInt (0x0000794416cece08) [0x0000794416cecf00, 0x0000794416ced478] Compiler: jvmci, Barriers: 5, Oops: 3, ImmediateOops: 0, NonImmediateOops: No
[2,379s][debug][gc,nmethod     ] Register NMethod: io.sirix.index.path.summary.PathSummaryReader.getNodeKey (0x0000794416ced508) [0x0000794416ced600, 0x0000794416ced780] Compiler: jvmci, Barriers: 2, Oops: 1, ImmediateOops: 0, NonImmediateOops: No
[2,379s][debug][gc,director    ] Rule Major: Warmup 10%, Used: 298MB, UsedThreshold: 1228MB
[2,379s][debug][gc,nmethod     ] Register NMethod: java.util.HashMap.computeIfAbsent (0x0000794416ced808) [0x0000794416ced920, 0x0000794416cefb20] Compiler: jvmci, Barriers: 92, Oops: 1, ImmediateOops: 0, NonImmediateOops: No
[2,379s][debug][gc,nmethod     ] Register NMethod: io.sirix.utils.XMLToken.cp (0x0000794416cefb88) [0x0000794416cefc80, 0x0000794416cefd60] Compiler: jvmci, Barriers: 0, Oops: 1, ImmediateOops: 0, NonImmediateOops: No
[2,380s][debug][gc,nmethod     ] Register NMethod: io.sirix.utils.XMLToken.isNCStartChar (0x0000794416cefe88) [0x0000794416ceff80, 0x0000794416cf0060] Compiler: jvmci, Barriers: 0, Oops: 1, ImmediateOops: 0, NonImmediateOops: No
[2,381s][debug][gc,nmethod     ] Register NMethod: io.sirix.access.trx.node.AbstractNodeReadOnlyTrx.getKind (0x0000794416cf0188) [0x0000794416cf0280, 0x0000794416cf0400] Compiler: jvmci, Barriers: 1, Oops: 1, ImmediateOops: 2, NonImmediateOops: No
[2,381s][debug][gc,nmethod     ] Register NMethod: io.sirix.query.node.SubtreeBuilder.attribute (0x00007943f7d8d688) [0x00007943f7d8d780, 0x00007943f7d8e980] Compiler: c1, Barriers: 6, Oops: 1, ImmediateOops: 1, NonImmediateOops: No
[2,381s][debug][gc,nmethod     ] Register NMethod: jdk.internal.misc.Unsafe.checkSize (0x0000794416cf0488) [0x0000794416cf0580, 0x0000794416cf0638] Compiler: jvmci, Barriers: 0, Oops: 0, ImmediateOops: 0, NonImmediateOops: No
[2,381s][debug][gc,nmethod     ] Register NMethod: com.sun.org.apache.xerces.internal.xni.XMLString.append (0x00007943f7d8ea08) [0x00007943f7d8eb00, 0x00007943f7d8ee40] Compiler: c1, Barriers: 1, Oops: 0, ImmediateOops: 0, NonImmediateOops: No
[2,382s][debug][gc,nmethod     ] Register NMethod: com.sun.org.apache.xerces.internal.parsers.AbstractXMLDocumentParser.emptyElement (0x00007943f7d8ee88) [0x00007943f7d8ef80, 0x00007943f7d8f498] Compiler: c1, Barriers: 0, Oops: 0, ImmediateOops: 0, NonImmediateOops: No
[2,382s][debug][gc,nmethod     ] Register NMethod: com.sun.org.apache.xerces.internal.impl.XMLEntityScanner.checkBeforeLoad (0x0000794416cf0788) [0x0000794416cf0880, 0x0000794416cf0970] Compiler: jvmci, Barriers: 0, Oops: 0, ImmediateOops: 0, NonImmediateOops: No
[2,382s][debug][gc,nmethod     ] Register NMethod: com.sun.org.apache.xerces.internal.impl.XMLNSDocumentScannerImpl.scanAttribute (0x00007943f7d8f508) [0x00007943f7d8f600, 0x00007943f7d976a0] Compiler: c1, Barriers: 128, Oops: 9, ImmediateOops: 41, NonImmediateOops: No
[2,382s][debug][gc,nmethod     ] Register NMethod: java.util.concurrent.ConcurrentHashMap.<init> (0x00007943f7d97708) [0x00007943f7d97800, 0x00007943f7d979b8] Compiler: c1, Barriers: 0, Oops: 0, ImmediateOops: 0, NonImmediateOops: No
[2,382s][debug][gc,nmethod     ] Register NMethod: jdk.internal.misc.Unsafe.getIntUnaligned (0x0000794416cf0a88) [0x0000794416cf0b80, 0x0000794416cf0c40] Compiler: jvmci, Barriers: 0, Oops: 0, ImmediateOops: 0, NonImmediateOops: No
[2,382s][debug][gc,nmethod     ] Register NMethod: io.sirix.node.xml.TextNode.getLeftSiblingKey (0x0000794416cf0d88) [0x0000794416cf0e80, 0x0000794416cf1298] Compiler: jvmci, Barriers: 4, Oops: 3, ImmediateOops: 0, NonImmediateOops: No
[2,383s][debug][gc,nmethod     ] Register NMethod: io.sirix.utils.XMLToken.isNCChar (0x0000794416cf1308) [0x0000794416cf1400, 0x0000794416cf14e0] Compiler: jvmci, Barriers: 0, Oops: 1, ImmediateOops: 0, NonImmediateOops: No
[2,384s][debug][gc,nmethod     ] Register NMethod: io.sirix.access.trx.node.AbstractNodeTrxImpl.getDeweyID (0x0000794416cf1608) [0x0000794416cf1700, 0x0000794416cf19a0] Compiler: jvmci, Barriers: 5, Oops: 1, ImmediateOops: 0, NonImmediateOops: No
[2,384s][debug][gc,nmethod     ] Register NMethod: io.sirix.index.path.summary.PathSummaryReader.moveTo (0x0000794416cf1a08) [0x0000794416cf1b00, 0x0000794416cf1d40] Compiler: jvmci, Barriers: 5, Oops: 1, ImmediateOops: 0, NonImmediateOops: No
[2,384s][debug][gc,nmethod     ] Register NMethod: io.sirix.access.trx.node.AbstractNodeReadOnlyTrx.getNodeKey (0x0000794416cf1d88) [0x0000794416cf1e80, 0x0000794416cf1fd0] Compiler: jvmci, Barriers: 1, Oops: 1, ImmediateOops: 0, NonImmediateOops: No
[2,386s][debug][gc,nmethod     ] Register NMethod: io.sirix.access.trx.node.xml.ForwardingXmlNodeReadOnlyTrx.getNodeKey (0x0000794416cf2088) [0x0000794416cf2180, 0x0000794416cf2370] Compiler: jvmci, Barriers: 2, Oops: 1, ImmediateOops: 0, NonImmediateOops: No
[2,386s][debug][gc,nmethod     ] Register NMethod: io.sirix.access.trx.node.AbstractNodeReadOnlyTrx.getStructuralNode (0x0000794416cf2388) [0x0000794416cf2480, 0x0000794416cf2790] Compiler: jvmci, Barriers: 3, Oops: 1, ImmediateOops: 0, NonImmediateOops: No
[2,388s][debug][gc,nmethod     ] Register NMethod: io.sirix.node.SirixDeweyID.getNewAttributeID (0x00007943f7d97a08) [0x00007943f7d97b00, 0x00007943f7d97ee8] Compiler: c1, Barriers: 5, Oops: 1, ImmediateOops: 0, NonImmediateOops: No
[2,388s][debug][gc,nmethod     ] Register NMethod: io.sirix.node.GrowingMemorySegment.getUsedSegment (0x0000794416cf2808) [0x0000794416cf2900, 0x0000794416cf2c70] Compiler: jvmci, Barriers: 6, Oops: 1, ImmediateOops: 0, NonImmediateOops: No
[2,389s][debug][gc,nmethod     ] Register NMethod: com.sun.org.apache.xerces.internal.impl.XMLEntityScanner.skipChar (0x0000794416cf2c88) [0x0000794416cf2d80, 0x0000794416cf3178] Compiler: jvmci, Barriers: 4, Oops: 0, ImmediateOops: 0, NonImmediateOops: No
[2,389s][debug][gc,director    ] Rule Major: Warmup 10%, Used: 302MB, UsedThreshold: 1228MB
[2,389s][debug][gc,nmethod     ] Register NMethod: java.nio.Buffer.limit (0x0000794416cf3188) [0x0000794416cf3280, 0x0000794416cf3390] Compiler: jvmci, Barriers: 0, Oops: 0, ImmediateOops: 0, NonImmediateOops: No
[2,390s][debug][gc,nmethod     ] Register NMethod: com.sun.org.apache.xerces.internal.impl.XMLEntityScanner.peekChar (0x0000794416cf3488) [0x0000794416cf3580, 0x0000794416cf3738] Compiler: jvmci, Barriers: 2, Oops: 0, ImmediateOops: 0, NonImmediateOops: No
[2,392s][debug][gc,nmethod     ] Register NMethod: io.sirix.axis.AbstractAxis.tryToComputeNext (0x0000794416cf3788) [0x0000794416cf3880, 0x0000794416cf3e10] Compiler: jvmci, Barriers: 15, Oops: 1, ImmediateOops: 3, NonImmediateOops: No
[2,393s][debug][gc,nmethod     ] Register NMethod: com.sun.org.apache.xerces.internal.impl.XMLDocumentFragmentScannerImpl.bufferContent (0x00007943f7d97f08) [0x00007943f7d98000, 0x00007943f7d98640] Compiler: c1, Barriers: 4, Oops: 0, ImmediateOops: 0, NonImmediateOops: No
[2,394s][debug][gc,nmethod     ] Register NMethod: io.sirix.axis.AbstractAxis.nextLong (0x0000794416cf3e88) [0x0000794416cf3f80, 0x0000794416cf4578] Compiler: jvmci, Barriers: 13, Oops: 1, ImmediateOops: 2, NonImmediateOops: No
[2,396s][debug][gc,nmethod     ] Register NMethod: com.sun.org.apache.xerces.internal.impl.XMLDocumentFragmentScannerImpl$FragmentContentDriver.startOfMarkup (0x00007943f7d98688) [0x00007943f7d98780, 0x00007943f7d9a7e8] Compiler: c1, Barriers: 16, Oops: 0, ImmediateOops: 7, NonImmediateOops: No
[2,396s][debug][gc,nmethod     ] Register NMethod: java.util.Arrays.copyOf (0x0000794416cf4588) [0x0000794416cf4680, 0x0000794416cf4a88] Compiler: jvmci, Barriers: 0, Oops: 0, ImmediateOops: 0, NonImmediateOops: No
[2,397s][debug][gc,nmethod     ] Register NMethod: com.sun.org.apache.xerces.internal.impl.XMLDocumentFragmentScannerImpl.scanContent (0x00007943f7d9a808) [0x00007943f7d9a900, 0x00007943f7d9bef0] Compiler: c1, Barriers: 11, Oops: 0, ImmediateOops: 1, NonImmediateOops: No
[2,397s][debug][gc,nmethod     ] Register NMethod: jdk.internal.ref.CleanerImpl$CleanableList.insert (0x0000794416cf4b08) [0x0000794416cf4c00, 0x0000794416cf52f8] Compiler: jvmci, Barriers: 22, Oops: 0, ImmediateOops: 0, NonImmediateOops: No
[2,398s][debug][gc,nmethod     ] Register NMethod: java.util.HashMap.computeIfAbsent (0x00007943f7d9bf08) [0x00007943f7d9c000, 0x00007943f7d9e808] Compiler: c1, Barriers: 11, Oops: 0, ImmediateOops: 0, NonImmediateOops: No
[2,399s][debug][gc,director    ] Rule Major: Warmup 10%, Used: 304MB, UsedThreshold: 1228MB
[2,402s][debug][gc,nmethod     ] Register NMethod: jdk.internal.ref.PhantomCleanable.<init> (0x0000794416cf5308) [0x0000794416cf5400, 0x0000794416cf5ec8] Compiler: jvmci, Barriers: 37, Oops: 0, ImmediateOops: 2, NonImmediateOops: No
[2,404s][debug][gc,nmethod     ] Register NMethod: java.lang.ref.Cleaner.register (0x0000794416cf5f08) [0x0000794416cf6000, 0x0000794416cf6c00] Compiler: jvmci, Barriers: 40, Oops: 0, ImmediateOops: 2, NonImmediateOops: No
[2,405s][debug][gc,nmethod     ] Register NMethod: io.sirix.cache.IndexLogKey.equals (0x0000794416cf6c08) [0x0000794416cf6d00, 0x0000794416cf6e98] Compiler: jvmci, Barriers: 2, Oops: 1, ImmediateOops: 0, NonImmediateOops: No
[2,407s][debug][gc,nmethod     ] Register NMethod: com.sun.org.apache.xerces.internal.impl.XMLEntityScanner.peekChar (0x00007943f7d9e888) [0x00007943f7d9e980, 0x00007943f7d9ee38] Compiler: c1, Barriers: 3, Oops: 0, ImmediateOops: 0, NonImmediateOops: No
[2,409s][debug][gc,nmethod     ] Register NMethod: it.unimi.dsi.fastutil.longs.LongArrayList.grow (0x0000794416cf6f08) [0x0000794416cf7000, 0x0000794416cf7460] Compiler: jvmci, Barriers: 4, Oops: 1, ImmediateOops: 1, NonImmediateOops: No
[2,409s][debug][gc,nmethod     ] Register NMethod: it.unimi.dsi.fastutil.longs.LongArrayList.add (0x0000794416cf7488) [0x0000794416cf7580, 0x0000794416cf7a70] Compiler: jvmci, Barriers: 4, Oops: 1, ImmediateOops: 1, NonImmediateOops: No
[2,410s][debug][gc,director    ] Rule Major: Warmup 10%, Used: 306MB, UsedThreshold: 1228MB
[2,416s][debug][gc,nmethod     ] Register NMethod: com.sun.org.apache.xerces.internal.impl.XMLEntityScanner.checkBeforeLoad (0x00007943f7d9ee88) [0x00007943f7d9ef80, 0x00007943f7d9f4b0] Compiler: c1, Barriers: 4, Oops: 0, ImmediateOops: 1, NonImmediateOops: No
[2,419s][debug][gc,nmethod     ] Register NMethod: com.sun.org.apache.xerces.internal.impl.XMLNSDocumentScannerImpl.next (0x0000794416cf7a88) [0x0000794416cf7b80, 0x0000794416cf97f8] Compiler: jvmci, Barriers: 42, Oops: 1, ImmediateOops: 1, NonImmediateOops: No
[2,420s][debug][gc,director    ] Rule Major: Warmup 10%, Used: 310MB, UsedThreshold: 1228MB
[2,420s][debug][gc,nmethod     ] Register NMethod: java.util.BitSet.recalculateWordsInUse (0x0000794416cf9808) [0x0000794416cf9900, 0x0000794416cf9a78] Compiler: jvmci, Barriers: 1, Oops: 0, ImmediateOops: 0, NonImmediateOops: No
[2,420s][debug][gc,nmethod     ] Register NMethod: io.sirix.node.delegates.StructNodeDelegate.setLeftSiblingKey (0x0000794416cf9b08) [0x0000794416cf9c00, 0x0000794416cf9cc0] Compiler: c1, Barriers: 0, Oops: 1, ImmediateOops: 0, NonImmediateOops: No
[2,421s][debug][gc,nmethod     ] Register NMethod: it.unimi.dsi.fastutil.longs.LongArrayList.getLong (0x0000794416cf9e08) [0x0000794416cf9f00, 0x0000794416cfa030] Compiler: jvmci, Barriers: 1, Oops: 1, ImmediateOops: 0, NonImmediateOops: No
[2,421s][debug][gc,nmethod     ] Register NMethod: java.util.HashMap.computeIfAbsent (0x0000794416cfa108) [0x0000794416cfa200, 0x0000794416cfb660] Compiler: jvmci, Barriers: 46, Oops: 1, ImmediateOops: 0, NonImmediateOops: No
[2,422s][debug][gc,nmethod     ] Register NMethod: it.unimi.dsi.fastutil.longs.LongArrayList.removeLong (0x0000794416cfb688) [0x0000794416cfb780, 0x0000794416cfb900] Compiler: jvmci, Barriers: 1, Oops: 1, ImmediateOops: 0, NonImmediateOops: No
[2,423s][debug][gc,nmethod     ] Register NMethod: java.nio.Bits.tryReserveMemory (0x0000794416cfb988) [0x0000794416cfba80, 0x0000794416cfbba8] Compiler: jvmci, Barriers: 0, Oops: 0, ImmediateOops: 4, NonImmediateOops: No
[2,423s][debug][gc,nmethod     ] Register NMethod: io.sirix.node.xml.ElementNode.getChildCount (0x0000794416cfbc88) [0x0000794416cfbd80, 0x0000794416cfc1f8] Compiler: jvmci, Barriers: 5, Oops: 3, ImmediateOops: 0, NonImmediateOops: No
[2,425s][debug][gc,nmethod     ] Register NMethod: io.sirix.node.xml.TextNode.hasLeftSibling (0x0000794416cfc288) [0x0000794416cfc380, 0x0000794416cfc7a8] Compiler: jvmci, Barriers: 4, Oops: 3, ImmediateOops: 0, NonImmediateOops: No
[2,427s][debug][gc,nmethod     ] Register NMethod: io.sirix.access.trx.node.xml.XmlNodeReadOnlyTrxImpl.getNode (0x0000794416cfc808) [0x0000794416cfc900, 0x0000794416cfcae0] Compiler: jvmci, Barriers: 3, Oops: 1, ImmediateOops: 0, NonImmediateOops: No
[2,428s][debug][gc,nmethod     ] Register NMethod: io.sirix.access.trx.node.xml.XmlNodeReadOnlyTrxImpl.getNode (0x0000794416cfcb08) [0x0000794416cfcc00, 0x0000794416cfcde0] Compiler: jvmci, Barriers: 3, Oops: 1, ImmediateOops: 0, NonImmediateOops: No
[2,430s][debug][gc,director    ] Rule Major: Warmup 10%, Used: 312MB, UsedThreshold: 1228MB
[2,432s][debug][gc,nmethod     ] Register NMethod: com.sun.org.apache.xerces.internal.util.SymbolTable.addSymbol (0x0000794416cfce08) [0x0000794416cfcf00, 0x0000794416cfd780] Compiler: jvmci, Barriers: 7, Oops: 0, ImmediateOops: 0, NonImmediateOops: No
[2,432s][debug][gc,nmethod     ] Register NMethod: java.util.Objects.checkFromIndexSize (0x0000794416cfd788) [0x0000794416cfd880, 0x0000794416cfd930] Compiler: jvmci, Barriers: 0, Oops: 0, ImmediateOops: 0, NonImmediateOops: No
[2,433s][debug][gc,nmethod     ] Register NMethod: jdk.xml.internal.XMLSecurityManager.isOverLimit (0x0000794416cfda88) [0x0000794416cfdb80, 0x0000794416cfdde8] Compiler: jvmci, Barriers: 2, Oops: 0, ImmediateOops: 0, NonImmediateOops: No
[2,435s][debug][gc,nmethod     ] Register NMethod: io.sirix.axis.filter.PathNameFilter.filter (0x0000794416cfde08) [0x0000794416cfdf00, 0x0000794416cfe400] Compiler: jvmci, Barriers: 6, Oops: 1, ImmediateOops: 0, NonImmediateOops: No
[2,436s][debug][gc,nmethod     ] Register NMethod: io.sirix.index.path.summary.PathNode.getLocalNameKey (0x0000794416cfe488) [0x0000794416cfe580, 0x0000794416cfe660] Compiler: jvmci, Barriers: 1, Oops: 1, ImmediateOops: 0, NonImmediateOops: No
[2,436s][debug][gc,nmethod     ] Register NMethod: java.util.HashSet.isEmpty (0x0000794416cfe788) [0x0000794416cfe880, 0x0000794416cfe968] Compiler: jvmci, Barriers: 1, Oops: 0, ImmediateOops: 0, NonImmediateOops: No
[2,436s][debug][gc,nmethod     ] Register NMethod: com.sun.org.apache.xerces.internal.impl.XMLDocumentFragmentScannerImpl$FragmentContentDriver.next (0x0000794416cfea88) [0x0000794416cfeb80, 0x0000794416d007a8] Compiler: jvmci, Barriers: 42, Oops: 1, ImmediateOops: 1, NonImmediateOops: No
[2,437s][debug][gc,nmethod     ] Register NMethod: com.sun.org.apache.xerces.internal.impl.XMLNSDocumentScannerImpl.next (0x00007943f7d9f508) [0x00007943f7d9f600, 0x00007943f7d9fad0] Compiler: c1, Barriers: 2, Oops: 0, ImmediateOops: 0, NonImmediateOops: No
[2,437s][debug][gc,nmethod     ] Register NMethod: java.lang.String.encodeUTF8 (0x0000794416d00808) [0x0000794416d00900, 0x0000794416d00ab0] Compiler: jvmci, Barriers: 0, Oops: 0, ImmediateOops: 0, NonImmediateOops: No
[2,438s][debug][gc,nmethod     ] Register NMethod: jdk.internal.misc.Unsafe.checkNativeAddress (0x0000794416d00b08) [0x0000794416d00c00, 0x0000794416d00c80] Compiler: jvmci, Barriers: 0, Oops: 0, ImmediateOops: 0, NonImmediateOops: No
[2,438s][debug][gc,nmethod     ] Register NMethod: java.lang.String.encode (0x0000794416d00e08) [0x0000794416d00f00, 0x0000794416d010c8] Compiler: jvmci, Barriers: 0, Oops: 0, ImmediateOops: 1, NonImmediateOops: No
[2,438s][debug][gc,nmethod     ] Register NMethod: jdk.internal.misc.Unsafe.checkOffset (0x0000794416d01108) [0x0000794416d01200, 0x0000794416d012b8] Compiler: jvmci, Barriers: 0, Oops: 0, ImmediateOops: 0, NonImmediateOops: No
[2,439s][debug][gc,nmethod     ] Register NMethod: java.util.concurrent.locks.ReentrantLock$Sync.tryRelease (0x0000794416d01408) [0x0000794416d01500, 0x0000794416d01738] Compiler: jvmci, Barriers: 4, Oops: 0, ImmediateOops: 0, NonImmediateOops: No
[2,439s][debug][gc,nmethod     ] Register NMethod: jdk.internal.misc.Unsafe.copyMemory (0x0000794416d01788) [0x0000794416d01880, 0x0000794416d01b60] Compiler: jvmci, Barriers: 4, Oops: 0, ImmediateOops: 0, NonImmediateOops: No
[2,440s][debug][gc,director    ] Rule Major: Warmup 10%, Used: 316MB, UsedThreshold: 1228MB
[2,441s][debug][gc,nmethod     ] Register NMethod: java.util.concurrent.locks.AbstractQueuedSynchronizer.signalNext (0x0000794416d01b88) [0x0000794416d01c80, 0x0000794416d01e68] Compiler: jvmci, Barriers: 2, Oops: 1, ImmediateOops: 1, NonImmediateOops: No
[2,443s][debug][gc,nmethod     ] Register NMethod: java.util.concurrent.locks.ReentrantLock.unlock (0x0000794416d01e88) [0x0000794416d01f80, 0x0000794416d02328] Compiler: jvmci, Barriers: 8, Oops: 1, ImmediateOops: 0, NonImmediateOops: No
[2,444s][debug][gc,nmethod     ] Register NMethod: io.sirix.page.KeyValueLeafPage.setRecord (0x0000794416d02388) [0x0000794416d02480, 0x0000794416d02800] Compiler: jvmci, Barriers: 4, Oops: 1, ImmediateOops: 0, NonImmediateOops: No
[2,447s][debug][gc,nmethod     ] Register NMethod: java.util.concurrent.locks.ReentrantLock$NonfairSync.initialTryLock (0x0000794416d02888) [0x0000794416d02980, 0x0000794416d02b98] Compiler: jvmci, Barriers: 5, Oops: 0, ImmediateOops: 0, NonImmediateOops: No
[2,449s][debug][gc,nmethod     ] Register NMethod: io.sirix.node.xml.AbstractStructForwardingNode.<init> (0x00007943f7d9fb08) [0x00007943f7d9fc00, 0x00007943f7d9fe18] Compiler: c1, Barriers: 0, Oops: 1, ImmediateOops: 0, NonImmediateOops: No
[2,449s][debug][gc,nmethod     ] Register NMethod: io.sirix.node.delegates.StructNodeDelegate.<init> (0x00007943f7d9fe88) [0x00007943f7d9ff80, 0x00007943f7da0520] Compiler: c1, Barriers: 3, Oops: 1, ImmediateOops: 2, NonImmediateOops: No
[2,450s][debug][gc,director    ] Rule Major: Warmup 10%, Used: 318MB, UsedThreshold: 1228MB
[2,454s][debug][gc,nmethod     ] Register NMethod: io.sirix.page.PageReference.getLogKey (0x0000794416d02c08) [0x0000794416d02d00, 0x0000794416d02dc0] Compiler: c1, Barriers: 0, Oops: 1, ImmediateOops: 0, NonImmediateOops: No
[2,457s][debug][gc,nmethod     ] Register NMethod: io.sirix.access.trx.page.NodePageTrx.createRecord (0x0000794416d02f08) [0x0000794416d03000, 0x0000794416d044b0] Compiler: jvmci, Barriers: 43, Oops: 3, ImmediateOops: 1, NonImmediateOops: No
[2,458s][debug][gc,nmethod     ] Register NMethod: jdk.internal.foreign.Utils$BaseAndScale$$TypeSwitch/0x00000000a921c880.typeSwitch (0x0000794416d04508) [0x0000794416d04600, 0x0000794416d046f8] Compiler: jvmci, Barriers: 0, Oops: 0, ImmediateOops: 0, NonImmediateOops: No
[2,458s][debug][gc,nmethod     ] Register NMethod: jdk.internal.foreign.Utils$BaseAndScale.of (0x0000794416d04808) [0x0000794416d04900, 0x0000794416d049c8] Compiler: jvmci, Barriers: 0, Oops: 0, ImmediateOops: 1, NonImmediateOops: No
[2,459s][debug][gc,nmethod     ] Register NMethod: java.util.concurrent.locks.ReentrantLock.lock (0x0000794416d04b08) [0x0000794416d04c00, 0x0000794416d04eb8] Compiler: jvmci, Barriers: 6, Oops: 0, ImmediateOops: 0, NonImmediateOops: No
[2,459s][debug][gc,nmethod     ] Register NMethod: io.sirix.page.PathSummaryPage.getMaxNodeKey (0x00007943f7da0588) [0x00007943f7da0680, 0x00007943f7da0810] Compiler: c1, Barriers: 1, Oops: 1, ImmediateOops: 0, NonImmediateOops: No
[2,460s][debug][gc,nmethod     ] Register NMethod: net.openhft.hashing.XXH3.XXH3_64bits_internal (0x0000794416d04f08) [0x0000794416d05000, 0x0000794416d074d0] Compiler: jvmci, Barriers: 0, Oops: 1, ImmediateOops: 0, NonImmediateOops: No
[2,460s][debug][gc,nmethod     ] Register NMethod: io.sirix.node.delegates.StructNodeDelegate.incrementChildCount (0x00007943f7da0888) [0x00007943f7da0980, 0x00007943f7da0a88] Compiler: c1, Barriers: 0, Oops: 1, ImmediateOops: 0, NonImmediateOops: No
[2,460s][debug][gc,nmethod     ] Register NMethod: io.sirix.node.xml.AbstractStructForwardingNode.incrementChildCount (0x00007943f7da0b88) [0x00007943f7da0c80, 0x00007943f7da0dd0] Compiler: c1, Barriers: 0, Oops: 1, ImmediateOops: 0, NonImmediateOops: No
[2,460s][debug][gc,nmethod     ] Register NMethod: io.sirix.node.xml.AbstractStructForwardingNode.setFirstChildKey (0x00007943f7da0e88) [0x00007943f7da0f80, 0x00007943f7da10b8] Compiler: c1, Barriers: 0, Oops: 1, ImmediateOops: 0, NonImmediateOops: No
[2,460s][debug][gc,nmethod     ] Register NMethod: io.sirix.access.trx.page.AbstractForwardingPageReadOnlyTrx.getPathSummaryPage (0x00007943f7da1188) [0x00007943f7da1280, 0x00007943f7da15f8] Compiler: c1, Barriers: 5, Oops: 1, ImmediateOops: 1, NonImmediateOops: No
[2,460s][debug][gc,nmethod     ] Register NMethod: io.sirix.node.delegates.NameNodeDelegate.<init> (0x00007943f7da1608) [0x00007943f7da1700, 0x00007943f7da1950] Compiler: c1, Barriers: 3, Oops: 1, ImmediateOops: 1, NonImmediateOops: No
[2,460s][debug][gc,nmethod     ] Register NMethod: io.sirix.index.path.summary.PathSummaryReader.removeFromCache (0x00007943f7da1988) [0x00007943f7da1a80, 0x00007943f7da1ce0] Compiler: c1, Barriers: 4, Oops: 2, ImmediateOops: 2, NonImmediateOops: No
[2,460s][debug][gc,nmethod     ] Register NMethod: io.sirix.node.delegates.NodeDelegate.<init> (0x00007943f7da1d08) [0x00007943f7da1e00, 0x00007943f7da20d8] Compiler: c1, Barriers: 6, Oops: 1, ImmediateOops: 1, NonImmediateOops: No
[2,460s][debug][gc,nmethod     ] Register NMethod: io.sirix.index.path.summary.PathSummaryReader$$Lambda/0x00000000a92b8ed8.<init> (0x00007943f7da2108) [0x00007943f7da2200, 0x00007943f7da2370] Compiler: c1, Barriers: 3, Oops: 1, ImmediateOops: 0, NonImmediateOops: No
[2,460s][debug][gc,director    ] Rule Major: Warmup 10%, Used: 322MB, UsedThreshold: 1228MB
[2,460s][debug][gc,nmethod     ] Register NMethod: io.sirix.index.path.summary.PathNode.<init> (0x00007943f7da2408) [0x00007943f7da2500, 0x00007943f7da2be8] Compiler: c1, Barriers: 15, Oops: 2, ImmediateOops: 1, NonImmediateOops: No
[2,460s][debug][gc,nmethod     ] Register NMethod: java.util.Collection.removeIf (0x00007943f7da2c08) [0x00007943f7da2d00, 0x00007943f7da3088] Compiler: c1, Barriers: 0, Oops: 0, ImmediateOops: 0, NonImmediateOops: No
[2,460s][debug][gc,nmethod     ] Register NMethod: io.sirix.node.delegates.StructNodeDelegate.hasLeftSibling (0x00007943f7da3108) [0x00007943f7da3200, 0x00007943f7da3328] Compiler: c1, Barriers: 0, Oops: 1, ImmediateOops: 1, NonImmediateOops: No
[2,460s][debug][gc,nmethod     ] Register NMethod: io.sirix.index.path.summary.PathSummaryReader.putQNameMapping (0x00007943f7da3408) [0x00007943f7da3500, 0x00007943f7da37a0] Compiler: c1, Barriers: 2, Oops: 1, ImmediateOops: 1, NonImmediateOops: No
[2,461s][debug][gc,nmethod     ] Register NMethod: io.sirix.node.xml.AbstractStructForwardingNode.hasLeftSibling (0x00007943f7da3808) [0x00007943f7da3900, 0x00007943f7da3a58] Compiler: c1, Barriers: 0, Oops: 1, ImmediateOops: 1, NonImmediateOops: No
[2,461s][debug][gc,nmethod     ] Register NMethod: io.sirix.access.trx.node.xml.XmlNodeFactoryImpl.createPathNode (0x00007943f7da3b08) [0x00007943f7da3c00, 0x00007943f7da4848] Compiler: c1, Barriers: 16, Oops: 1, ImmediateOops: 4, NonImmediateOops: No
[2,461s][debug][gc,nmethod     ] Register NMethod: io.sirix.node.AbstractForwardingNode.getParentKey (0x0000794416d07508) [0x0000794416d07600, 0x0000794416d077a0] Compiler: jvmci, Barriers: 2, Oops: 1, ImmediateOops: 0, NonImmediateOops: No
[2,461s][debug][gc,nmethod     ] Register NMethod: io.sirix.index.path.summary.PathSummaryWriter.adaptForInsert (0x00007943f7da4888) [0x00007943f7da4980, 0x00007943f7da5340] Compiler: c1, Barriers: 6, Oops: 1, ImmediateOops: 3, NonImmediateOops: No
[2,461s][debug][gc,nmethod     ] Register NMethod: io.sirix.index.path.summary.PathNode.hashCode (0x00007943f7da5388) [0x00007943f7da5480, 0x00007943f7da5840] Compiler: c1, Barriers: 8, Oops: 1, ImmediateOops: 0, NonImmediateOops: No
[2,461s][debug][gc,nmethod     ] Register NMethod: io.sirix.index.path.summary.PathSummaryReader.getName (0x00007943f7da5888) [0x00007943f7da5980, 0x00007943f7da62f8] Compiler: c1, Barriers: 12, Oops: 1, ImmediateOops: 5, NonImmediateOops: No
[2,461s][debug][gc,nmethod     ] Register NMethod: io.sirix.node.delegates.NodeDelegate.hashCode (0x00007943f7da6308) [0x00007943f7da6400, 0x00007943f7da6938] Compiler: c1, Barriers: 10, Oops: 1, ImmediateOops: 1, NonImmediateOops: No
[2,461s][debug][gc,nmethod     ] Register NMethod: io.sirix.node.delegates.NameNodeDelegate.hashCode (0x00007943f7da6988) [0x00007943f7da6a80, 0x00007943f7da70e0] Compiler: c1, Barriers: 12, Oops: 1, ImmediateOops: 3, NonImmediateOops: No
[2,462s][debug][gc,nmethod     ] Register NMethod: jdk.internal.misc.Unsafe.allocateMemory (0x0000794416d07808) [0x0000794416d07900, 0x0000794416d07a48] Compiler: jvmci, Barriers: 0, Oops: 0, ImmediateOops: 0, NonImmediateOops: No
[2,463s][debug][gc,nmethod     ] Register NMethod: com.sun.org.apache.xerces.internal.impl.XMLEntityScanner.scanContent (0x00007943f7da7108) [0x00007943f7da7200, 0x00007943f7da8178] Compiler: c1, Barriers: 11, Oops: 0, ImmediateOops: 1, NonImmediateOops: No
[2,463s][debug][gc,nmethod     ] Register NMethod: io.sirix.page.PathSummaryPage.incrementAndGetMaxNodeKey (0x00007943f7da8188) [0x00007943f7da8280, 0x00007943f7da84c8] Compiler: c1, Barriers: 2, Oops: 1, ImmediateOops: 0, NonImmediateOops: No
[2,465s][debug][gc,nmethod     ] Register NMethod: io.sirix.utils.XMLToken.ncName (0x0000794416d07b08) [0x0000794416d07c00, 0x0000794416d07f58] Compiler: jvmci, Barriers: 0, Oops: 1, ImmediateOops: 0, NonImmediateOops: No
[2,465s][debug][gc,nmethod     ] Register NMethod: io.sirix.node.GrowingMemorySegment.writeByte (0x0000794416d07f88) [0x0000794416d08080, 0x0000794416d085f0] Compiler: jvmci, Barriers: 5, Oops: 2, ImmediateOops: 0, NonImmediateOops: No
[2,466s][debug][gc,nmethod     ] Register NMethod: java.nio.Bits.reserveMemory (0x0000794416d08608) [0x0000794416d08700, 0x0000794416d08850] Compiler: jvmci, Barriers: 0, Oops: 0, ImmediateOops: 4, NonImmediateOops: No
[2,466s][debug][gc,alloc       ] Mutator Allocation Rate: 281,9MB/s Predicted: 354,6MB/s, Avg: 232,4(+/-59,2)MB/s
[2,466s][debug][gc,director    ] Rule Major: Warmup 10%, Used: 324MB, UsedThreshold: 1228MB
[2,467s][debug][gc,nmethod     ] Register NMethod: io.sirix.page.RevisionRootPage.getPathSummaryPageReference (0x00007943f7da8508) [0x00007943f7da8600, 0x00007943f7da8b70] Compiler: c1, Barriers: 1, Oops: 1, ImmediateOops: 0, NonImmediateOops: No
[2,467s][debug][gc,nmethod     ] Register NMethod: io.sirix.access.trx.page.NodePageReadOnlyTrx.getPathSummaryPage (0x00007943f7da8b88) [0x00007943f7da8c80, 0x00007943f7da9c58] Compiler: c1, Barriers: 4, Oops: 1, ImmediateOops: 1, NonImmediateOops: No
[2,468s][debug][gc,nmethod     ] Register NMethod: jdk.internal.foreign.MemorySessionImpl.addInternal (0x0000794416d08908) [0x0000794416d08a00, 0x0000794416d08eb8] Compiler: jvmci, Barriers: 21, Oops: 0, ImmediateOops: 1, NonImmediateOops: No
[2,468s][debug][gc,nmethod     ] Register NMethod: io.sirix.utils.XMLToken.isNCStartChar (0x00007943f7da9c88) [0x00007943f7da9d80, 0x00007943f7daa3f0] Compiler: c1, Barriers: 0, Oops: 1, ImmediateOops: 0, NonImmediateOops: No
[2,469s][debug][gc,nmethod     ] Register NMethod: io.sirix.index.path.summary.PathSummaryWriter.insertPathAsFirstChild (0x00007943f7daa408) [0x00007943f7daa500, 0x00007943f7dad458] Compiler: c1, Barriers: 17, Oops: 2, ImmediateOops: 5, NonImmediateOops: No
[2,469s][debug][gc,nmethod     ] Register NMethod: io.sirix.utils.XMLToken.isNCChar (0x00007943f7dad488) [0x00007943f7dad580, 0x00007943f7dad968] Compiler: c1, Barriers: 0, Oops: 1, ImmediateOops: 0, NonImmediateOops: No
[2,469s][debug][gc,nmethod     ] Register NMethod: io.sirix.utils.XMLToken.ncName (0x00007943f7dad988) [0x00007943f7dada80, 0x00007943f7daded8] Compiler: c1, Barriers: 0, Oops: 1, ImmediateOops: 1, NonImmediateOops: No
[2,469s][debug][gc,nmethod     ] Register NMethod: com.sun.org.apache.xerces.internal.util.SymbolTable.addSymbol (0x00007943f7dadf08) [0x00007943f7dae000, 0x00007943f7dae540] Compiler: c1, Barriers: 5, Oops: 0, ImmediateOops: 0, NonImmediateOops: No
[2,469s][debug][gc,nmethod     ] Register NMethod: com.sun.org.apache.xerces.internal.impl.XMLEntityScanner.checkBeforeLoad (0x0000794416d08f08) [0x0000794416d09000, 0x0000794416d095a8] Compiler: jvmci, Barriers: 6, Oops: 1, ImmediateOops: 0, NonImmediateOops: No
[2,470s][debug][gc,nmethod     ] Register NMethod: it.unimi.dsi.fastutil.HashCommon.mix (0x0000794416d09608) [0x0000794416d09700, 0x0000794416d09770] Compiler: jvmci, Barriers: 0, Oops: 1, ImmediateOops: 0, NonImmediateOops: No
[2,475s][debug][gc,nmethod     ] Register NMethod: jdk.internal.foreign.ArenaImpl.allocate (0x0000794416d09908) [0x0000794416d09a00, 0x0000794416d0a338] Compiler: jvmci, Barriers: 16, Oops: 1, ImmediateOops: 6, NonImmediateOops: No
[2,476s][debug][gc,nmethod     ] Register NMethod: com.sun.org.apache.xerces.internal.impl.XMLEntityScanner.skipSpaces (0x0000794416d0a388) [0x0000794416d0a480, 0x0000794416d0a780] Compiler: jvmci, Barriers: 2, Oops: 0, ImmediateOops: 1, NonImmediateOops: No
[2,476s][debug][gc,director    ] Rule Major: Warmup 10%, Used: 326MB, UsedThreshold: 1228MB
[2,477s][debug][gc,nmethod     ] Register NMethod: jdk.internal.foreign.ArenaImpl.allocate (0x0000794416d0a788) [0x0000794416d0a880, 0x0000794416d0b1b8] Compiler: jvmci, Barriers: 16, Oops: 1, ImmediateOops: 6, NonImmediateOops: No
[2,482s][debug][gc,nmethod     ] Register NMethod: com.sun.org.apache.xerces.internal.util.XMLStringBuffer.clear (0x00007943f7dae588) [0x00007943f7dae680, 0x00007943f7dae788] Compiler: c1, Barriers: 0, Oops: 0, ImmediateOops: 0, NonImmediateOops: No
[2,484s][debug][gc,nmethod     ] Register NMethod: io.sirix.node.GrowingMemorySegment.<init> (0x0000794416d0b208) [0x0000794416d0b300, 0x0000794416d0bda8] Compiler: jvmci, Barriers: 22, Oops: 2, ImmediateOops: 6, NonImmediateOops: No
[2,485s][debug][gc,nmethod     ] Register NMethod: jdk.internal.foreign.ArenaImpl.<init> (0x0000794416d0be08) [0x0000794416d0bf00, 0x0000794416d0c020] Compiler: jvmci, Barriers: 3, Oops: 0, ImmediateOops: 0, NonImmediateOops: No
[2,486s][debug][gc,nmethod     ] Register NMethod: com.sun.org.apache.xerces.internal.impl.XMLDocumentFragmentScannerImpl$FragmentContentDriver.next (0x00007943f7dae888) [0x00007943f7dae980, 0x00007943f7dbc440] Compiler: c1, Barriers: 140, Oops: 1, ImmediateOops: 14, NonImmediateOops: No
[2,487s][debug][gc,director    ] Rule Major: Warmup 10%, Used: 330MB, UsedThreshold: 1228MB
[2,491s][debug][gc,nmethod     ] Register NMethod: com.sun.org.apache.xerces.internal.impl.XMLEntityScanner.scanQName (0x0000794416d0c108) [0x0000794416d0c200, 0x0000794416d0d4e0] Compiler: jvmci, Barriers: 31, Oops: 1, ImmediateOops: 3, NonImmediateOops: No
[2,491s][debug][gc,nmethod     ] Register NMethod: jdk.internal.foreign.ImplicitSession.<init> (0x0000794416d0d508) [0x0000794416d0d600, 0x0000794416d0e380] Compiler: jvmci, Barriers: 46, Oops: 1, ImmediateOops: 2, NonImmediateOops: No
[2,493s][debug][gc,nmethod     ] Register NMethod: com.sun.org.apache.xerces.internal.util.SymbolTable.hash (0x0000794416d0e408) [0x0000794416d0e500, 0x0000794416d0e780] Compiler: jvmci, Barriers: 1, Oops: 0, ImmediateOops: 0, NonImmediateOops: No
[2,494s][debug][gc,nmethod     ] Register NMethod: io.sirix.utils.XMLToken.isNCStartChar (0x0000794416d0e788) [0x0000794416d0e880, 0x0000794416d0e990] Compiler: jvmci, Barriers: 0, Oops: 1, ImmediateOops: 0, NonImmediateOops: No
[2,495s][debug][gc,nmethod     ] Register NMethod: net.openhft.hashing.UnsafeAccess.byteOrder (0x0000794416d0ea88) [0x0000794416d0eb80, 0x0000794416d0ec10] Compiler: jvmci, Barriers: 0, Oops: 1, ImmediateOops: 1, NonImmediateOops: No
[2,497s][debug][gc,nmethod     ] Register NMethod: io.sirix.node.BytesOut.asBytesIn (0x0000794416d0ed88) [0x0000794416d0ee80, 0x0000794416d0f458] Compiler: jvmci, Barriers: 13, Oops: 1, ImmediateOops: 0, NonImmediateOops: No
[2,497s][debug][gc,director    ] Rule Major: Warmup 10%, Used: 334MB, UsedThreshold: 1228MB
[2,497s][debug][gc,nmethod     ] Register NMethod: io.sirix.utils.XMLToken.isNCChar (0x0000794416d0f488) [0x0000794416d0f580, 0x0000794416d0f690] Compiler: jvmci, Barriers: 0, Oops: 1, ImmediateOops: 0, NonImmediateOops: No
[2,499s][debug][gc,nmethod     ] Register NMethod: io.sirix.access.trx.node.AbstractNodeHashing.adaptHashesWithAdd (0x0000794416d0f788) [0x0000794416d0f880, 0x0000794416d0f9e0] Compiler: jvmci, Barriers: 1, Oops: 1, ImmediateOops: 0, NonImmediateOops: No
[2,500s][debug][gc,nmethod     ] Register NMethod: io.sirix.access.trx.node.AbstractNodeTrxImpl.checkAccessAndCommit (0x0000794416d0fa88) [0x0000794416d0fb80, 0x0000794416d0fdf8] Compiler: jvmci, Barriers: 3, Oops: 1, ImmediateOops: 1, NonImmediateOops: No
[2,501s][debug][gc,nmethod     ] Register NMethod: io.sirix.access.trx.node.AbstractNodeReadOnlyTrx.storeDeweyIDs (0x0000794416d0fe08) [0x0000794416d0ff00, 0x0000794416d10098] Compiler: jvmci, Barriers: 2, Oops: 1, ImmediateOops: 0, NonImmediateOops: No
[2,503s][debug][gc,nmethod     ] Register NMethod: io.sirix.access.trx.node.AbstractNodeHashing.isValueNode (0x0000794416d10108) [0x0000794416d10200, 0x0000794416d10420] Compiler: jvmci, Barriers: 0, Oops: 1, ImmediateOops: 5, NonImmediateOops: No
[2,504s][debug][gc,nmethod     ] Register NMethod: jdk.internal.foreign.AbstractMemorySegmentImpl.asSlice (0x0000794416d10488) [0x0000794416d10580, 0x0000794416d10768] Compiler: jvmci, Barriers: 3, Oops: 0, ImmediateOops: 0, NonImmediateOops: No
[2,505s][debug][gc,nmethod     ] Register NMethod: io.sirix.access.trx.node.AbstractIndexController.notifyChange (0x0000794416d10788) [0x0000794416d10880, 0x0000794416d10a00] Compiler: jvmci, Barriers: 2, Oops: 1, ImmediateOops: 0, NonImmediateOops: No
[2,507s][debug][gc,nmethod     ] Register NMethod: com.sun.org.apache.xerces.internal.impl.XMLEntityScanner.scanContent (0x0000794416d10a88) [0x0000794416d10c20, 0x0000794416d117f8] Compiler: jvmci, Barriers: 11, Oops: 0, ImmediateOops: 1, NonImmediateOops: No
[2,507s][debug][gc,director    ] Rule Major: Warmup 10%, Used: 338MB, UsedThreshold: 1228MB
[2,509s][debug][gc,nmethod     ] Register NMethod: net.openhft.hashing.LongHashFunction.unsafeHash (0x0000794416d11808) [0x0000794416d11900, 0x0000794416d11a08] Compiler: jvmci, Barriers: 0, Oops: 1, ImmediateOops: 2, NonImmediateOops: No
[2,511s][debug][gc,nmethod     ] Register NMethod: io.sirix.access.trx.node.xml.ForwardingXmlNodeReadOnlyTrx.getKind (0x0000794416d11b08) [0x0000794416d11c00, 0x0000794416d11e20] Compiler: jvmci, Barriers: 2, Oops: 1, ImmediateOops: 2, NonImmediateOops: No
[2,511s][debug][gc,nmethod     ] Register NMethod: io.sirix.query.node.XmlDBNode.<init> (0x0000794416d11e88) [0x0000794416d11f80, 0x0000794416d12a18] Compiler: jvmci, Barriers: 27, Oops: 1, ImmediateOops: 2, NonImmediateOops: No
[2,511s][debug][gc,nmethod     ] Register NMethod: io.sirix.access.trx.node.xml.XmlNodeReadOnlyTrxImpl.getResourceSession (0x0000794416d12a88) [0x0000794416d12b80, 0x0000794416d12ca0] Compiler: jvmci, Barriers: 1, Oops: 1, ImmediateOops: 0, NonImmediateOops: No
[2,512s][debug][gc,nmethod     ] Register NMethod: io.sirix.access.trx.node.xml.ForwardingXmlNodeReadOnlyTrx.getResourceSession (0x0000794416d12d88) [0x0000794416d12e80, 0x0000794416d13040] Compiler: jvmci, Barriers: 2, Oops: 1, ImmediateOops: 0, NonImmediateOops: No
[2,514s][debug][gc,nmethod     ] Register NMethod: io.sirix.node.xml.ElementNode.getPathNodeKey (0x0000794416d13088) [0x0000794416d13180, 0x0000794416d13598] Compiler: jvmci, Barriers: 4, Oops: 3, ImmediateOops: 0, NonImmediateOops: No
[2,516s][debug][gc,nmethod     ] Register NMethod: net.openhft.hashing.XXH3$AsLongHashFunction.hash (0x0000794416d13608) [0x0000794416d13700, 0x0000794416d13828] Compiler: jvmci, Barriers: 0, Oops: 1, ImmediateOops: 1, NonImmediateOops: No
[2,517s][debug][gc,nmethod     ] Register NMethod: com.sun.org.apache.xerces.internal.impl.XMLEntityScanner.skipSpaces (0x00007943f7dbc488) [0x00007943f7dbc580, 0x00007943f7dbd810] Compiler: c1, Barriers: 16, Oops: 0, ImmediateOops: 2, NonImmediateOops: No
[2,517s][debug][gc,nmethod     ] Register NMethod: com.sun.org.apache.xerces.internal.impl.XMLEntityScanner.peekChar (0x0000794416d13908) [0x0000794416d13a00, 0x0000794416d13d18] Compiler: jvmci, Barriers: 4, Oops: 0, ImmediateOops: 0, NonImmediateOops: No
[2,517s][debug][gc,director    ] Rule Major: Warmup 10%, Used: 340MB, UsedThreshold: 1228MB
[2,519s][debug][gc,nmethod     ] Register NMethod: io.sirix.access.trx.node.AbstractNodeHashing.rollingAdd (0x0000794416d13d88) [0x0000794416d13e80, 0x0000794416d24a18] Compiler: jvmci, Barriers: 416, Oops: 13, ImmediateOops: 2, NonImmediateOops: No
[2,519s][debug][gc,nmethod     ] Register NMethod: net.openhft.hashing.XXH3.access$500 (0x0000794416d24a88) [0x0000794416d24b80, 0x0000794416d24c08] Compiler: jvmci, Barriers: 0, Oops: 1, ImmediateOops: 0, NonImmediateOops: No
[2,521s][debug][gc,nmethod     ] Register NMethod: io.sirix.node.NullNode.<init> (0x00007943f7dbd888) [0x00007943f7dbd980, 0x00007943f7dbdbf0] Compiler: c1, Barriers: 3, Oops: 1, ImmediateOops: 0, NonImmediateOops: No
[2,527s][debug][gc,nmethod     ] Register NMethod: java.io.FileInputStream.read (0x00007943f7dbdc08) [0x00007943f7dbdd00, 0x00007943f7dbded8] Compiler: c1, Barriers: 0, Oops: 0, ImmediateOops: 1, NonImmediateOops: No
[2,527s][debug][gc,director    ] Rule Major: Warmup 10%, Used: 344MB, UsedThreshold: 1228MB
[2,531s][debug][gc,nmethod     ] Register NMethod: com.sun.org.apache.xerces.internal.impl.XMLNSDocumentScannerImpl.next (0x0000794416d24d88) [0x0000794416d24e80, 0x0000794416d26b60] Compiler: jvmci, Barriers: 43, Oops: 1, ImmediateOops: 1, NonImmediateOops: No
[2,531s][debug][gc,nmethod     ] Register NMethod: sun.misc.Unsafe.isMemoryAccessWarned (0x0000794416d26b88) [0x0000794416d26c80, 0x0000794416d26ce8] Compiler: jvmci, Barriers: 0, Oops: 0, ImmediateOops: 0, NonImmediateOops: No
[2,536s][debug][gc,nmethod     ] Register NMethod: io.sirix.node.xml.ElementNode.incrementChildCount (0x0000794416d26e88) [0x0000794416d26f80, 0x0000794416d27870] Compiler: jvmci, Barriers: 10, Oops: 3, ImmediateOops: 0, NonImmediateOops: No
[2,537s][debug][gc,director    ] Rule Major: Warmup 10%, Used: 348MB, UsedThreshold: 1228MB
[2,539s][debug][gc,nmethod     ] Register NMethod: io.sirix.node.xml.ElementNode.setChildCount (0x0000794416d27908) [0x0000794416d27a00, 0x0000794416d27ec0] Compiler: jvmci, Barriers: 5, Oops: 3, ImmediateOops: 0, NonImmediateOops: No
[2,541s][debug][gc,nmethod     ] Register NMethod: io.sirix.node.xml.TextNode.hasRightSibling (0x0000794416d27f08) [0x0000794416d28000, 0x0000794416d28458] Compiler: jvmci, Barriers: 4, Oops: 3, ImmediateOops: 0, NonImmediateOops: No
[2,544s][debug][gc,nmethod     ] Register NMethod: io.sirix.node.xml.ElementNode.getFirstChildKey (0x0000794416d28488) [0x0000794416d28580, 0x0000794416d28998] Compiler: jvmci, Barriers: 4, Oops: 3, ImmediateOops: 0, NonImmediateOops: No
[2,546s][debug][gc,nmethod     ] Register NMethod: io.sirix.axis.AbstractAxis.<init> (0x0000794416d28a08) [0x0000794416d28b00, 0x0000794416d28ec8] Compiler: jvmci, Barriers: 12, Oops: 1, ImmediateOops: 2, NonImmediateOops: No
[2,546s][debug][gc,nmethod     ] Register NMethod: java.nio.Buffer.position (0x0000794416d28f08) [0x0000794416d29000, 0x0000794416d290e0] Compiler: jvmci, Barriers: 0, Oops: 0, ImmediateOops: 0, NonImmediateOops: No
[2,546s][debug][gc,nmethod     ] Register NMethod: io.sirix.page.PageReference.getKey (0x0000794416d29208) [0x0000794416d29300, 0x0000794416d293c0] Compiler: c1, Barriers: 0, Oops: 1, ImmediateOops: 0, NonImmediateOops: No
[2,547s][debug][gc,nmethod     ] Register NMethod: io.brackit.query.atomic.QNm.<init> (0x0000794416d29508) [0x0000794416d29600, 0x0000794416d29828] Compiler: jvmci, Barriers: 9, Oops: 1, ImmediateOops: 1, NonImmediateOops: No
[2,547s][debug][gc,director    ] Rule Major: Warmup 10%, Used: 352MB, UsedThreshold: 1228MB
[2,551s][debug][gc,nmethod     ] Register NMethod: java.lang.System$1.uncheckedDecodeASCII (0x00007943f7dbdf08) [0x00007943f7dbe000, 0x00007943f7dbe128] Compiler: c1, Barriers: 0, Oops: 0, ImmediateOops: 0, NonImmediateOops: No
[2,551s][debug][gc,nmethod     ] Register NMethod: sun.nio.cs.UTF_8$Decoder.decodeLoop (0x00007943f7dbe208) [0x00007943f7dbe300, 0x00007943f7dbe538] Compiler: c1, Barriers: 2, Oops: 0, ImmediateOops: 0, NonImmediateOops: No
[2,551s][debug][gc,nmethod     ] Register NMethod: java.lang.String.decodeASCII (0x00007943f7dbe588) [0x00007943f7dbe680, 0x00007943f7dbe870] Compiler: c1, Barriers: 0, Oops: 0, ImmediateOops: 0, NonImmediateOops: No
[2,551s][debug][gc,nmethod     ] Register NMethod: sun.nio.cs.UTF_8$Decoder.xflow (0x00007943f7dbe888) [0x00007943f7dbe980, 0x00007943f7dbeba0] Compiler: c1, Barriers: 0, Oops: 0, ImmediateOops: 3, NonImmediateOops: No
[2,552s][debug][gc,nmethod     ] Register NMethod: java.nio.charset.CharsetDecoder.decode (0x00007943f7dbec08) [0x00007943f7dbed00, 0x00007943f7dbf590] Compiler: c1, Barriers: 6, Oops: 0, ImmediateOops: 5, NonImmediateOops: No
[2,553s][debug][gc,nmethod     ] Register NMethod: sun.nio.cs.UTF_8$Decoder.decodeArrayLoop (0x00007943f7dbf608) [0x00007943f7dbf700, 0x00007943f7dc10e8] Compiler: c1, Barriers: 2, Oops: 0, ImmediateOops: 10, NonImmediateOops: No
[2,556s][debug][gc,nmethod     ] Register NMethod: io.sirix.axis.filter.FilterAxis.nextKey (0x0000794416d29888) [0x0000794416d29980, 0x0000794416d2ca30] Compiler: jvmci, Barriers: 108, Oops: 2, ImmediateOops: 4, NonImmediateOops: No
[2,557s][debug][gc,director    ] Rule Major: Warmup 10%, Used: 356MB, UsedThreshold: 1228MB
[2,558s][debug][gc,nmethod     ] Register NMethod: io.sirix.access.trx.node.AbstractNodeReadOnlyTrx.moveToParent (0x0000794416d2ca88) [0x0000794416d2cb80, 0x0000794416d2de20] Compiler: jvmci, Barriers: 37, Oops: 6, ImmediateOops: 1, NonImmediateOops: No
[2,559s][debug][gc,nmethod     ] Register NMethod: java.util.BitSet.cardinality (0x0000794416d2de88) [0x0000794416d2df80, 0x0000794416d2e0e0] Compiler: jvmci, Barriers: 1, Oops: 0, ImmediateOops: 0, NonImmediateOops: No
[2,559s][debug][gc,nmethod     ] Register NMethod: io.sirix.utils.XMLToken.ncName (0x0000794416d2e188) [0x0000794416d2e280, 0x0000794416d2e5d0] Compiler: jvmci, Barriers: 0, Oops: 1, ImmediateOops: 0, NonImmediateOops: No
[2,561s][debug][gc,nmethod     ] Register NMethod: com.github.benmanes.caffeine.cache.BoundedLocalCache$BoundedLocalManualCache.cache (0x00007943f7dc1108) [0x00007943f7dc1200, 0x00007943f7dc1328] Compiler: c1, Barriers: 1, Oops: 1, ImmediateOops: 0, NonImmediateOops: No
[2,561s][debug][gc,nmethod     ] Register NMethod: io.sirix.cache.SegmentAllocators.getIndexForSize (0x00007943f7dc1408) [0x00007943f7dc1500, 0x00007943f7dc17e8] Compiler: c1, Barriers: 0, Oops: 1, ImmediateOops: 2, NonImmediateOops: No
[2,562s][debug][gc,nmethod     ] Register NMethod: java.lang.String.<init> (0x0000794416d2e608) [0x0000794416d2e700, 0x0000794416d2ea48] Compiler: jvmci, Barriers: 3, Oops: 0, ImmediateOops: 0, NonImmediateOops: No
[2,565s][debug][gc,nmethod     ] Register NMethod: io.sirix.access.trx.node.xml.XmlNodeTrxImpl.adaptForInsert (0x0000794416d2ea88) [0x0000794416d2eb80, 0x0000794416d34148] Compiler: jvmci, Barriers: 114, Oops: 17, ImmediateOops: 1, NonImmediateOops: No
[2,567s][debug][gc,nmethod     ] Register NMethod: it.unimi.dsi.fastutil.ints.Int2LongOpenHashMap.get (0x0000794416d34208) [0x0000794416d34300, 0x0000794416d34660] Compiler: jvmci, Barriers: 2, Oops: 1, ImmediateOops: 0, NonImmediateOops: No
[2,568s][debug][gc,director    ] Rule Major: Warmup 10%, Used: 360MB, UsedThreshold: 1228MB
[2,569s][debug][gc,nmethod     ] Register NMethod: io.sirix.node.xml.TextNode.getRightSiblingKey (0x0000794416d34688) [0x0000794416d34780, 0x0000794416d34b98] Compiler: jvmci, Barriers: 4, Oops: 3, ImmediateOops: 0, NonImmediateOops: No
[2,572s][debug][gc,nmethod     ] Register NMethod: java.nio.Buffer.<init> (0x0000794416d34c08) [0x0000794416d34d00, 0x0000794416d35098] Compiler: jvmci, Barriers: 3, Oops: 0, ImmediateOops: 0, NonImmediateOops: No
[2,574s][debug][gc,nmethod     ] Register NMethod: java.nio.ByteBuffer.<init> (0x0000794416d35108) [0x0000794416d35200, 0x0000794416d35600] Compiler: jvmci, Barriers: 9, Oops: 0, ImmediateOops: 0, NonImmediateOops: No
[2,574s][debug][gc,nmethod     ] Register NMethod: com.sun.org.apache.xerces.internal.impl.XMLEntityScanner.skipString (0x0000794416d35608) [0x0000794416d35700, 0x0000794416d363c8] Compiler: jvmci, Barriers: 9, Oops: 0, ImmediateOops: 0, NonImmediateOops: No
[2,575s][debug][gc,nmethod     ] Register NMethod: java.lang.String.<init> (0x0000794416d36408) [0x0000794416d36500, 0x0000794416d37bf8] Compiler: jvmci, Barriers: 9, Oops: 0, ImmediateOops: 3, NonImmediateOops: No
[2,576s][debug][gc,nmethod     ] Register NMethod: java.lang.String.<init> (0x0000794416d37c08) [0x0000794416d37d00, 0x0000794416d38080] Compiler: jvmci, Barriers: 3, Oops: 0, ImmediateOops: 0, NonImmediateOops: No
[2,576s][debug][gc,nmethod     ] Register NMethod: java.io.FileInputStream.available0 (0x0000794416d38088) [0x0000794416d38180, 0x0000794416d382d8] Compiler: , Barriers: 0, Oops: 0, ImmediateOops: 0, NonImmediateOops: No
[2,576s][debug][gc,nmethod     ] Register NMethod: java.nio.Buffer.flip (0x00007943f7dc1808) [0x00007943f7dc1900, 0x00007943f7dc1a10] Compiler: c1, Barriers: 0, Oops: 0, ImmediateOops: 0, NonImmediateOops: No
[2,577s][debug][gc,nmethod     ] Register NMethod: it.unimi.dsi.fastutil.ints.Int2ObjectOpenHashMap.get (0x0000794416d38388) [0x0000794416d38480, 0x0000794416d388e8] Compiler: jvmci, Barriers: 7, Oops: 1, ImmediateOops: 0, NonImmediateOops: No
[2,578s][debug][gc,director    ] Rule Major: Warmup 10%, Used: 366MB, UsedThreshold: 1228MB
[2,579s][debug][gc,nmethod     ] Register NMethod: it.unimi.dsi.fastutil.ints.Int2IntOpenHashMap.find (0x0000794416d38908) [0x0000794416d38a00, 0x0000794416d38c98] Compiler: jvmci, Barriers: 1, Oops: 1, ImmediateOops: 0, NonImmediateOops: No
[2,579s][debug][gc,nmethod     ] Register NMethod: java.util.BitSet.and (0x0000794416d38d08) [0x0000794416d38e40, 0x0000794416d39360] Compiler: jvmci, Barriers: 2, Oops: 0, ImmediateOops: 0, NonImmediateOops: No
[2,579s][debug][gc,nmethod     ] Register NMethod: java.nio.ByteBuffer.order (0x0000794416d39388) [0x0000794416d39480, 0x0000794416d39550] Compiler: jvmci, Barriers: 0, Oops: 0, ImmediateOops: 1, NonImmediateOops: No
[2,580s][debug][gc,nmethod     ] Register NMethod: io.sirix.node.GrowingMemorySegment.write (0x0000794416d39688) [0x0000794416d39780, 0x0000794416d39d60] Compiler: jvmci, Barriers: 6, Oops: 3, ImmediateOops: 0, NonImmediateOops: No
[2,580s][debug][gc,nmethod     ] Register NMethod: java.nio.MappedByteBuffer.limit (0x0000794416d39d88) [0x0000794416d39e80, 0x0000794416d39f90] Compiler: jvmci, Barriers: 0, Oops: 0, ImmediateOops: 0, NonImmediateOops: No
[2,581s][debug][gc,nmethod     ] Register NMethod: java.nio.MappedByteBuffer.<init> (0x0000794416d3a088) [0x0000794416d3a180, 0x0000794416d3a440] Compiler: jvmci, Barriers: 7, Oops: 0, ImmediateOops: 0, NonImmediateOops: No
[2,581s][debug][gc,nmethod     ] Register NMethod: java.nio.MappedByteBuffer.rewind (0x0000794416d3a488) [0x0000794416d3a580, 0x0000794416d3a618] Compiler: jvmci, Barriers: 0, Oops: 0, ImmediateOops: 0, NonImmediateOops: No
[2,581s][debug][gc,nmethod     ] Register NMethod: jdk.internal.foreign.AbstractMemorySegmentImpl.checkArraySize (0x0000794416d3a788) [0x0000794416d3a880, 0x0000794416d3a968] Compiler: jvmci, Barriers: 0, Oops: 0, ImmediateOops: 0, NonImmediateOops: No
[2,581s][debug][gc,nmethod     ] Register NMethod: java.nio.ByteBuffer.<init> (0x0000794416d3aa88) [0x0000794416d3ab80, 0x0000794416d3af50] Compiler: jvmci, Barriers: 7, Oops: 0, ImmediateOops: 0, NonImmediateOops: No
[2,582s][debug][gc,nmethod     ] Register NMethod: java.util.concurrent.atomic.AtomicInteger.decrementAndGet (0x00007943f7dc1b08) [0x00007943f7dc1c00, 0x00007943f7dc1d10] Compiler: c1, Barriers: 0, Oops: 0, ImmediateOops: 0, NonImmediateOops: No
[2,582s][debug][gc,nmethod     ] Register NMethod: java.nio.DirectByteBuffer.<init> (0x0000794416d3af88) [0x0000794416d3b080, 0x0000794416d3b360] Compiler: jvmci, Barriers: 12, Oops: 0, ImmediateOops: 0, NonImmediateOops: No
[2,582s][debug][gc,nmethod     ] Register NMethod: jdk.internal.foreign.NativeMemorySegmentImpl.makeByteBuffer (0x0000794416d3b388) [0x0000794416d3b480, 0x0000794416d3b618] Compiler: jvmci, Barriers: 2, Oops: 0, ImmediateOops: 0, NonImmediateOops: No
[2,583s][debug][gc,nmethod     ] Register NMethod: java.nio.Buffer$2.newDirectByteBuffer (0x0000794416d3b688) [0x0000794416d3b780, 0x0000794416d3b920] Compiler: jvmci, Barriers: 4, Oops: 0, ImmediateOops: 0, NonImmediateOops: No
[2,584s][debug][gc,nmethod     ] Register NMethod: java.nio.DirectByteBuffer.address (0x0000794416d3b988) [0x0000794416d3ba80, 0x0000794416d3bc48] Compiler: jvmci, Barriers: 3, Oops: 0, ImmediateOops: 0, NonImmediateOops: No
[2,586s][debug][gc,nmethod     ] Register NMethod: io.sirix.page.PageReference.hashCode (0x00007943f7dc1e08) [0x00007943f7dc1f00, 0x00007943f7dc2548] Compiler: c1, Barriers: 13, Oops: 1, ImmediateOops: 1, NonImmediateOops: No
[2,587s][debug][gc,nmethod     ] Register NMethod: io.sirix.node.SirixDeweyID.newBetween (0x0000794416d3bc88) [0x0000794416d3bd80, 0x0000794416d3c1b8] Compiler: jvmci, Barriers: 3, Oops: 1, ImmediateOops: 0, NonImmediateOops: No
[2,587s][debug][gc,nmethod     ] Register NMethod: net.openhft.hashing.LongHashFunction.hashByteBuffer (0x0000794416d3c208) [0x0000794416d3c300, 0x0000794416d3c5b8] Compiler: jvmci, Barriers: 4, Oops: 1, ImmediateOops: 2, NonImmediateOops: No
[2,588s][debug][gc,director    ] Rule Major: Warmup 10%, Used: 370MB, UsedThreshold: 1228MB
[2,588s][debug][gc,nmethod     ] Register NMethod: it.unimi.dsi.fastutil.ints.Int2IntOpenHashMap.get (0x0000794416d3c608) [0x0000794416d3c700, 0x0000794416d3ca60] Compiler: jvmci, Barriers: 2, Oops: 1, ImmediateOops: 0, NonImmediateOops: No
[2,590s][debug][gc,nmethod     ] Register NMethod: java.util.concurrent.ConcurrentHashMap$KeySetView.add (0x00007943f7dc2588) [0x00007943f7dc2680, 0x00007943f7dc28d8] Compiler: c1, Barriers: 2, Oops: 0, ImmediateOops: 0, NonImmediateOops: No
[2,590s][debug][gc,nmethod     ] Register NMethod: java.lang.invoke.VarHandleReferences$FieldInstanceReadWrite.setRelease (0x00007943f7dc2908) [0x00007943f7dc2a00, 0x00007943f7dc2ea8] Compiler: c1, Barriers: 2, Oops: 1, ImmediateOops: 1, NonImmediateOops: No
[2,595s][debug][gc,nmethod     ] Register NMethod: io.sirix.access.trx.node.xml.ForwardingXmlNodeReadOnlyTrx.hasRightSibling (0x0000794416d3ca88) [0x0000794416d3cb80, 0x0000794416d3d6b8] Compiler: jvmci, Barriers: 12, Oops: 5, ImmediateOops: 0, NonImmediateOops: No
[2,595s][debug][gc,nmethod     ] Register NMethod: io.sirix.access.trx.node.AbstractNodeReadOnlyTrx.hasRightSibling (0x0000794416d3d708) [0x0000794416d3d800, 0x0000794416d3e288] Compiler: jvmci, Barriers: 11, Oops: 5, ImmediateOops: 0, NonImmediateOops: No
[2,595s][debug][gc,nmethod     ] Register NMethod: com.sun.org.apache.xerces.internal.impl.XMLEntityScanner.checkNodeCount (0x0000794416d3e308) [0x0000794416d3e400, 0x0000794416d3e4e0] Compiler: jvmci, Barriers: 0, Oops: 0, ImmediateOops: 0, NonImmediateOops: No
[2,596s][debug][gc,nmethod     ] Register NMethod: com.sun.org.apache.xerces.internal.impl.XMLDocumentFragmentScannerImpl.getCharacterData (0x0000794416d3e608) [0x0000794416d3e700, 0x0000794416d3e818] Compiler: jvmci, Barriers: 2, Oops: 0, ImmediateOops: 0, NonImmediateOops: No
[2,596s][debug][gc,nmethod     ] Register NMethod: io.sirix.access.trx.node.AbstractDeweyIDManager.newRightSiblingID (0x0000794416d3e908) [0x0000794416d3ea00, 0x0000794416d3fed8] Compiler: jvmci, Barriers: 26, Oops: 5, ImmediateOops: 0, NonImmediateOops: No
[2,597s][debug][gc,nmethod     ] Register NMethod: com.sun.org.apache.xerces.internal.util.NamespaceSupport.getURI (0x0000794416d3ff08) [0x0000794416d40000, 0x0000794416d401e8] Compiler: jvmci, Barriers: 2, Oops: 0, ImmediateOops: 0, NonImmediateOops: No
[2,597s][debug][gc,nmethod     ] Register NMethod: io.sirix.node.xml.ElementNode.hasRightSibling (0x0000794416d40208) [0x0000794416d40300, 0x0000794416d40758] Compiler: jvmci, Barriers: 4, Oops: 3, ImmediateOops: 0, NonImmediateOops: No
[2,598s][debug][gc,director    ] Rule Major: Warmup 10%, Used: 376MB, UsedThreshold: 1228MB
[2,602s][debug][gc,nmethod     ] Register NMethod: sun.nio.cs.StreamDecoder.ensureOpen (0x00007943f7dc2f08) [0x00007943f7dc3000, 0x00007943f7dc31c0] Compiler: c1, Barriers: 0, Oops: 0, ImmediateOops: 1, NonImmediateOops: No
[2,603s][debug][gc,nmethod     ] Register NMethod: io.brackit.query.node.parser.SAX2SubtreeHandlerAdapter.characters (0x0000794416d40788) [0x0000794416d40880, 0x0000794416d40f20] Compiler: jvmci, Barriers: 5, Oops: 1, ImmediateOops: 0, NonImmediateOops: No
[2,603s][debug][gc,nmethod     ] Register NMethod: com.sun.org.apache.xerces.internal.parsers.AbstractSAXParser.characters (0x0000794416d40f88) [0x0000794416d41080, 0x0000794416d41830] Compiler: jvmci, Barriers: 8, Oops: 1, ImmediateOops: 0, NonImmediateOops: No
[2,605s][debug][gc,nmethod     ] Register NMethod: java.util.concurrent.ConcurrentLinkedDeque.poll (0x00007943f7dc3208) [0x00007943f7dc3300, 0x00007943f7dc3418] Compiler: c1, Barriers: 0, Oops: 0, ImmediateOops: 0, NonImmediateOops: No
[2,605s][debug][gc,nmethod     ] Register NMethod: java.util.concurrent.ConcurrentLinkedDeque.first (0x00007943f7dc3508) [0x00007943f7dc3600, 0x00007943f7dc3940] Compiler: c1, Barriers: 4, Oops: 1, ImmediateOops: 1, NonImmediateOops: No
[2,605s][debug][gc,nmethod     ] Register NMethod: java.util.concurrent.ConcurrentLinkedDeque.pollFirst (0x00007943f7dc3988) [0x00007943f7dc3a80, 0x00007943f7dc4250] Compiler: c1, Barriers: 9, Oops: 4, ImmediateOops: 2, NonImmediateOops: No
[2,605s][debug][gc,nmethod     ] Register NMethod: java.util.concurrent.ConcurrentLinkedDeque.unlink (0x00007943f7dc4288) [0x00007943f7dc4380, 0x00007943f7dc5240] Compiler: c1, Barriers: 14, Oops: 4, ImmediateOops: 8, NonImmediateOops: No
[2,605s][debug][gc,nmethod     ] Register NMethod: io.sirix.node.xml.ElementNode.getRightSiblingKey (0x0000794416d41888) [0x0000794416d41980, 0x0000794416d41d98] Compiler: jvmci, Barriers: 4, Oops: 3, ImmediateOops: 0, NonImmediateOops: No
[2,606s][debug][gc,nmethod     ] Register NMethod: io.sirix.cache.LinuxMemorySegmentAllocator.allocate (0x00007943f7dc5288) [0x00007943f7dc53a0, 0x00007943f7dc70f0] Compiler: c1, Barriers: 54, Oops: 6, ImmediateOops: 11, NonImmediateOops: No
[2,608s][debug][gc,nmethod     ] Register NMethod: io.sirix.axis.filter.FilterAxis.<init> (0x0000794416d41e08) [0x0000794416d41f00, 0x0000794416d43080] Compiler: jvmci, Barriers: 50, Oops: 1, ImmediateOops: 3, NonImmediateOops: No
[2,608s][debug][gc,director    ] Rule Major: Warmup 10%, Used: 382MB, UsedThreshold: 1228MB
[2,610s][debug][gc,nmethod     ] Register NMethod: io.brackit.query.node.parser.SAX2SubtreeHandlerAdapter$TrimmingStringBuilder.toString (0x0000794416d43108) [0x0000794416d43200, 0x0000794416d435e0] Compiler: jvmci, Barriers: 3, Oops: 2, ImmediateOops: 0, NonImmediateOops: No
[2,613s][debug][gc,nmethod     ] Register NMethod: com.sun.org.apache.xerces.internal.impl.XMLDocumentFragmentScannerImpl.scanDocument (0x00007943f7dc7188) [0x00007943f7dc7280, 0x00007943f7dc9e78] Compiler: c1, Barriers: 29, Oops: 0, ImmediateOops: 0, NonImmediateOops: No
[2,613s][debug][gc,nmethod     ] Register NMethod: java.io.BufferedReader.read1 (0x00007943f7dc9e88) [0x00007943f7dc9f80, 0x00007943f7dca3e0] Compiler: c1, Barriers: 4, Oops: 0, ImmediateOops: 0, NonImmediateOops: No
[2,615s][debug][gc,nmethod     ] Register NMethod: java.nio.ByteBuffer.flip (0x00007943f7dca408) [0x00007943f7dca500, 0x00007943f7dca610] Compiler: c1, Barriers: 0, Oops: 0, ImmediateOops: 0, NonImmediateOops: No
[2,616s][debug][gc,nmethod     ] Register NMethod: com.github.benmanes.caffeine.cache.NodeFactory.newLookupKey (0x00007943f7dca708) [0x00007943f7dca800, 0x00007943f7dca900] Compiler: c1, Barriers: 0, Oops: 1, ImmediateOops: 0, NonImmediateOops: No
[2,616s][debug][gc,nmethod     ] Register NMethod: com.sun.org.apache.xerces.internal.impl.XMLDocumentFragmentScannerImpl.scanDocument (0x00007943f7dcaa08) [0x00007943f7dcab00, 0x00007943f7dcd5a8] Compiler: c1, Barriers: 29, Oops: 0, ImmediateOops: 0, NonImmediateOops: No
[2,618s][debug][gc,director    ] Rule Major: Warmup 10%, Used: 386MB, UsedThreshold: 1228MB
[2,620s][debug][gc,nmethod     ] Register NMethod: io.sirix.service.xml.shredder.AbstractShredder.processText (0x0000794416d43608) [0x0000794416d43700, 0x0000794416d44288] Compiler: jvmci, Barriers: 13, Oops: 1, ImmediateOops: 1, NonImmediateOops: No
[2,623s][debug][gc,nmethod     ] Register NMethod: com.sun.org.apache.xerces.internal.impl.XMLEntityScanner.skipSpaces (0x0000794416d44308) [0x0000794416d44400, 0x0000794416d44968] Compiler: jvmci, Barriers: 4, Oops: 0, ImmediateOops: 2, NonImmediateOops: No
[2,624s][debug][gc,nmethod     ] Register NMethod: net.openhft.hashing.UnsafeAccess.getLong (0x0000794416d44988) [0x0000794416d44a80, 0x0000794416d44b08] Compiler: jvmci, Barriers: 0, Oops: 1, ImmediateOops: 0, NonImmediateOops: No
[2,624s][debug][gc,nmethod     ] Register NMethod: java.util.concurrent.ConcurrentHashMap.computeIfPresent (0x00007943f7dcd608) [0x00007943f7dcd700, 0x00007943f7dce608] Compiler: c1, Barriers: 17, Oops: 0, ImmediateOops: 1, NonImmediateOops: No
[2,624s][debug][gc,nmethod     ] Register NMethod: io.sirix.query.node.SubtreeBuilder.text (0x0000794416d44c88) [0x0000794416d44d80, 0x0000794416d46240] Compiler: jvmci, Barriers: 30, Oops: 2, ImmediateOops: 3, NonImmediateOops: No
[2,625s][debug][gc,nmethod     ] Register NMethod: io.sirix.query.node.SubtreeProcessor.notifyText (0x0000794416d46288) [0x0000794416d46380, 0x0000794416d464b0] Compiler: jvmci, Barriers: 1, Oops: 1, ImmediateOops: 0, NonImmediateOops: No
[2,625s][debug][gc,nmethod     ] Register NMethod: io.brackit.query.node.parser.SAX2SubtreeHandlerAdapter.handleText (0x0000794416d46588) [0x0000794416d46680, 0x0000794416d48080] Compiler: jvmci, Barriers: 36, Oops: 3, ImmediateOops: 3, NonImmediateOops: No
[2,626s][debug][gc,nmethod     ] Register NMethod: io.sirix.node.xml.TextNode.<init> (0x0000794416d48108) [0x0000794416d48220, 0x0000794416d48570] Compiler: jvmci, Barriers: 14, Oops: 1, ImmediateOops: 0, NonImmediateOops: No
[2,627s][debug][gc,nmethod     ] Register NMethod: java.util.stream.ReferencePipeline.sorted (0x00007943f7dce688) [0x00007943f7dce780, 0x00007943f7dce910] Compiler: c1, Barriers: 0, Oops: 0, ImmediateOops: 0, NonImmediateOops: No
[2,627s][debug][gc,nmethod     ] Register NMethod: java.util.stream.SortedOps.makeRef (0x00007943f7dce988) [0x00007943f7dcea80, 0x00007943f7dcebf0] Compiler: c1, Barriers: 0, Oops: 0, ImmediateOops: 0, NonImmediateOops: No
[2,627s][debug][gc,nmethod     ] Register NMethod: java.util.stream.SortedOps$OfRef.<init> (0x00007943f7dcec88) [0x00007943f7dced80, 0x00007943f7dcf048] Compiler: c1, Barriers: 3, Oops: 1, ImmediateOops: 0, NonImmediateOops: No
[2,628s][debug][gc,nmethod     ] Register NMethod: jdk.internal.foreign.ArenaImpl.allocate (0x00007943f7dcf088) [0x00007943f7dcf180, 0x00007943f7dcf300] Compiler: c1, Barriers: 1, Oops: 0, ImmediateOops: 0, NonImmediateOops: No
[2,628s][debug][gc,nmethod     ] Register NMethod: java.util.stream.SortedOps$OfRef.opWrapSink (0x00007943f7dcf388) [0x00007943f7dcf480, 0x00007943f7dcfc28] Compiler: c1, Barriers: 14, Oops: 0, ImmediateOops: 2, NonImmediateOops: No
[2,628s][debug][gc,nmethod     ] Register NMethod: jdk.internal.foreign.MemorySessionImpl.addInternal (0x00007943f7dcfc88) [0x00007943f7dcfd80, 0x00007943f7dd0cf0] Compiler: c1, Barriers: 4, Oops: 0, ImmediateOops: 2, NonImmediateOops: No
[2,628s][debug][gc,nmethod     ] Register NMethod: jdk.internal.foreign.ArenaImpl.allocate (0x00007943f7dd0d08) [0x00007943f7dd0e00, 0x00007943f7dd10f8] Compiler: c1, Barriers: 0, Oops: 0, ImmediateOops: 0, NonImmediateOops: No
[2,628s][debug][gc,nmethod     ] Register NMethod: io.sirix.node.GrowingMemorySegment.<init> (0x00007943f7dd1108) [0x00007943f7dd1200, 0x00007943f7dd1678] Compiler: c1, Barriers: 6, Oops: 1, ImmediateOops: 0, NonImmediateOops: No
[2,628s][debug][gc,nmethod     ] Register NMethod: io.sirix.page.KeyValueLeafPage.getLastIndex (0x00007943f7dd1688) [0x00007943f7dd1780, 0x00007943f7dd18b0] Compiler: c1, Barriers: 0, Oops: 1, ImmediateOops: 0, NonImmediateOops: No
[2,628s][debug][gc,nmethod     ] Register NMethod: io.sirix.node.MemorySegmentBytesOut.writePosition (0x00007943f7dd1988) [0x00007943f7dd1a80, 0x00007943f7dd1bb8] Compiler: c1, Barriers: 1, Oops: 1, ImmediateOops: 0, NonImmediateOops: No
[2,628s][debug][gc,director    ] Rule Major: Warmup 10%, Used: 398MB, UsedThreshold: 1228MB
[2,629s][debug][gc,nmethod     ] Register NMethod: io.sirix.node.MemorySegmentBytesOut.writeStopBit (0x00007943f7dd1c88) [0x00007943f7dd1d80, 0x00007943f7dd2000] Compiler: c1, Barriers: 2, Oops: 1, ImmediateOops: 0, NonImmediateOops: No
[2,629s][debug][gc,nmethod     ] Register NMethod: io.sirix.node.GrowingMemorySegment.writeLong (0x00007943f7dd2088) [0x00007943f7dd2180, 0x00007943f7dd28b8] Compiler: c1, Barriers: 5, Oops: 4, ImmediateOops: 4, NonImmediateOops: No
[2,629s][debug][gc,nmethod     ] Register NMethod: jdk.internal.foreign.ConfinedSession$ConfinedResourceList.add (0x00007943f7dd2908) [0x00007943f7dd2a00, 0x00007943f7dd2dc8] Compiler: c1, Barriers: 11, Oops: 0, ImmediateOops: 2, NonImmediateOops: No
[2,630s][debug][gc,nmethod     ] Register NMethod: io.sirix.node.Utils.putVarLong (0x00007943f7dd2e08) [0x00007943f7dd2f00, 0x00007943f7dd3030] Compiler: c1, Barriers: 0, Oops: 1, ImmediateOops: 0, NonImmediateOops: No
[2,630s][debug][gc,nmethod     ] Register NMethod: io.sirix.page.KeyValueLeafPage.setSlot (0x00007943f7dd3108) [0x00007943f7dd3200, 0x00007943f7dd3388] Compiler: c1, Barriers: 2, Oops: 1, ImmediateOops: 0, NonImmediateOops: No
[2,631s][debug][gc,nmethod     ] Register NMethod: io.sirix.page.KeyValueLeafPage.getAvailableSpace (0x00007943f7dd3408) [0x00007943f7dd3500, 0x00007943f7dd4278] Compiler: c1, Barriers: 19, Oops: 5, ImmediateOops: 5, NonImmediateOops: No
[2,631s][debug][gc,nmethod     ] Register NMethod: jdk.internal.misc.Unsafe.freeMemory0 (0x0000794416d48588) [0x0000794416d48680, 0x0000794416d487c8] Compiler: , Barriers: 0, Oops: 0, ImmediateOops: 0, NonImmediateOops: No
[2,631s][debug][gc,nmethod     ] Register NMethod: io.sirix.page.KeyValueLeafPage.getLastIndex (0x00007943f7dd4308) [0x00007943f7dd4400, 0x00007943f7dd4558] Compiler: c1, Barriers: 0, Oops: 1, ImmediateOops: 0, NonImmediateOops: No
[2,631s][debug][gc,nmethod     ] Register NMethod: jdk.internal.foreign.SegmentBulkOperations.copy (0x00007943f7dd4608) [0x00007943f7dd4700, 0x00007943f7dd6c90] Compiler: c1, Barriers: 39, Oops: 2, ImmediateOops: 32, NonImmediateOops: No
[2,631s][debug][gc,nmethod     ] Register NMethod: io.sirix.node.MemorySegmentBytesOut.writePosition (0x00007943f7dd6d08) [0x00007943f7dd6e00, 0x00007943f7dd6fb0] Compiler: c1, Barriers: 1, Oops: 1, ImmediateOops: 0, NonImmediateOops: No
[2,632s][debug][gc,nmethod     ] Register NMethod: io.sirix.page.KeyValueLeafPage.hasEnoughSpace (0x00007943f7dd7008) [0x00007943f7dd7100, 0x00007943f7dd7268] Compiler: c1, Barriers: 0, Oops: 1, ImmediateOops: 0, NonImmediateOops: No
[2,632s][debug][gc,nmethod     ] Register NMethod: io.sirix.page.KeyValueLeafPage.updateFreeSpaceStart (0x00007943f7dd7308) [0x00007943f7dd7400, 0x00007943f7dd75b0] Compiler: c1, Barriers: 0, Oops: 1, ImmediateOops: 0, NonImmediateOops: No
[2,632s][debug][gc,nmethod     ] Register NMethod: io.sirix.node.MemorySegmentBytesOut.<init> (0x00007943f7dd7608) [0x00007943f7dd7700, 0x00007943f7dd7910] Compiler: c1, Barriers: 3, Oops: 1, ImmediateOops: 0, NonImmediateOops: No
[2,632s][debug][gc,nmethod     ] Register NMethod: io.sirix.node.json.JsonNodeSerializer.writeEndPadding (0x00007943f7dd7988) [0x00007943f7dd7a80, 0x00007943f7dd7d20] Compiler: c1, Barriers: 2, Oops: 1, ImmediateOops: 0, NonImmediateOops: No
[2,632s][debug][gc,nmethod     ] Register NMethod: io.sirix.node.NodeSerializerImpl.serialize (0x00007943f7dd7d88) [0x00007943f7dd7e80, 0x00007943f7dd80d8] Compiler: c1, Barriers: 1, Oops: 1, ImmediateOops: 0, NonImmediateOops: No
[2,632s][debug][gc,nmethod     ] Register NMethod: io.sirix.page.KeyValueLeafPage.updateLastSlotIndex (0x00007943f7dd8108) [0x00007943f7dd8200, 0x00007943f7dd84a0] Compiler: c1, Barriers: 2, Oops: 1, ImmediateOops: 0, NonImmediateOops: No
[2,632s][debug][gc,nmethod     ] Register NMethod: io.sirix.node.MemorySegmentBytesOut.position (0x00007943f7dd8508) [0x00007943f7dd8600, 0x00007943f7dd8738] Compiler: c1, Barriers: 1, Oops: 1, ImmediateOops: 0, NonImmediateOops: No
[2,632s][debug][gc,nmethod     ] Register NMethod: io.sirix.node.MemorySegmentBytesOut.writeStopBit (0x00007943f7dd8808) [0x00007943f7dd8900, 0x00007943f7dd8ca0] Compiler: c1, Barriers: 2, Oops: 1, ImmediateOops: 0, NonImmediateOops: No
[2,633s][debug][gc,nmethod     ] Register NMethod: io.sirix.node.Utils.putVarLong (0x00007943f7dd8d08) [0x00007943f7dd8e00, 0x00007943f7dd8f50] Compiler: c1, Barriers: 0, Oops: 1, ImmediateOops: 0, NonImmediateOops: No
[2,633s][debug][gc,nmethod     ] Register NMethod: jdk.internal.foreign.ConfinedSession$ConfinedResourceList.add (0x00007943f7dd9008) [0x00007943f7dd9100, 0x00007943f7dd95a8] Compiler: c1, Barriers: 11, Oops: 0, ImmediateOops: 2, NonImmediateOops: No
[2,633s][debug][gc,nmethod     ] Register NMethod: io.sirix.node.GrowingMemorySegment.setPosition (0x0000794416d48888) [0x0000794416d48980, 0x0000794416d48a40] Compiler: c1, Barriers: 0, Oops: 1, ImmediateOops: 0, NonImmediateOops: No
[2,633s][debug][gc,nmethod     ] Register NMethod: io.sirix.node.MemorySegmentBytesOut.position (0x00007943f7dd9608) [0x00007943f7dd9700, 0x00007943f7dd9838] Compiler: c1, Barriers: 1, Oops: 1, ImmediateOops: 0, NonImmediateOops: No
[2,633s][debug][gc,nmethod     ] Register NMethod: io.sirix.node.MemorySegmentBytesOut.writePosition (0x00007943f7dd9908) [0x00007943f7dd9a00, 0x00007943f7dd9b38] Compiler: c1, Barriers: 1, Oops: 1, ImmediateOops: 0, NonImmediateOops: No
[2,633s][debug][gc,nmethod     ] Register NMethod: io.sirix.page.KeyValueLeafPage.setSlot (0x00007943f7dd9c08) [0x00007943f7dd9d00, 0x00007943f7dd9ea8] Compiler: c1, Barriers: 2, Oops: 1, ImmediateOops: 0, NonImmediateOops: No
[2,633s][debug][gc,nmethod     ] Register NMethod: io.sirix.node.xml.ElementNode.getNamespaceCount (0x00007943f7dd9f08) [0x00007943f7dda000, 0x00007943f7dda160] Compiler: c1, Barriers: 1, Oops: 1, ImmediateOops: 0, NonImmediateOops: No
[2,634s][debug][gc,nmethod     ] Register NMethod: io.sirix.node.xml.TextNode.getPreviousRevisionNumber (0x00007943f7dda208) [0x00007943f7dda300, 0x00007943f7ddaf48] Compiler: c1, Barriers: 19, Oops: 5, ImmediateOops: 5, NonImmediateOops: No
[2,636s][debug][gc,nmethod     ] Register NMethod: io.sirix.access.trx.node.AbstractNodeReadOnlyTrx.hasNode (0x0000794416d48b88) [0x0000794416d48c80, 0x0000794416d49bc0] Compiler: jvmci, Barriers: 37, Oops: 4, ImmediateOops: 1, NonImmediateOops: No
[2,636s][debug][gc,nmethod     ] Register NMethod: java.lang.foreign.MemorySegment.copy (0x00007943f7ddaf88) [0x00007943f7ddb080, 0x00007943f7ddd640] Compiler: c1, Barriers: 39, Oops: 2, ImmediateOops: 32, NonImmediateOops: No
[2,636s][debug][gc,nmethod     ] Register NMethod: io.sirix.page.KeyValueLeafPage.updateFreeSpaceStart (0x00007943f7ddd688) [0x00007943f7ddd780, 0x00007943f7dddd08] Compiler: c1, Barriers: 0, Oops: 1, ImmediateOops: 0, NonImmediateOops: No
[2,637s][debug][gc,nmethod     ] Register NMethod: io.sirix.page.KeyValueLeafPage.hasEnoughSpace (0x00007943f7dddd88) [0x00007943f7ddde80, 0x00007943f7dde220] Compiler: c1, Barriers: 0, Oops: 1, ImmediateOops: 0, NonImmediateOops: No
[2,637s][debug][gc,nmethod     ] Register NMethod: io.sirix.node.MemorySegmentBytesOut.<init> (0x00007943f7dde288) [0x00007943f7dde380, 0x00007943f7dde608] Compiler: c1, Barriers: 3, Oops: 1, ImmediateOops: 0, NonImmediateOops: No
[2,637s][debug][gc,nmethod     ] Register NMethod: io.sirix.page.KeyValueLeafPage.updateLastSlotIndex (0x00007943f7dde688) [0x00007943f7dde780, 0x00007943f7ddeb00] Compiler: c1, Barriers: 2, Oops: 1, ImmediateOops: 0, NonImmediateOops: No
[2,637s][debug][gc,nmethod     ] Register NMethod: io.sirix.node.NodeSerializerImpl.serialize (0x00007943f7ddeb88) [0x00007943f7ddec80, 0x00007943f7ddf6a0] Compiler: c1, Barriers: 1, Oops: 1, ImmediateOops: 0, NonImmediateOops: No
[2,638s][debug][gc,nmethod     ] Register NMethod: io.sirix.node.MemorySegmentBytesOut.writePosition (0x00007943f7ddf708) [0x00007943f7ddf800, 0x00007943f7ddf9b0] Compiler: c1, Barriers: 1, Oops: 1, ImmediateOops: 0, NonImmediateOops: No
[2,638s][debug][gc,nmethod     ] Register NMethod: io.sirix.node.xml.ElementNode.getNamespaceCount (0x00007943f7ddfa08) [0x00007943f7ddfb00, 0x00007943f7ddfc80] Compiler: c1, Barriers: 1, Oops: 1, ImmediateOops: 0, NonImmediateOops: No
[2,638s][debug][gc,nmethod     ] Register NMethod: io.sirix.page.KeyValueLeafPage.getAvailableSpace (0x00007943f7ddfd08) [0x00007943f7ddfe00, 0x00007943f7de58c0] Compiler: c1, Barriers: 19, Oops: 7, ImmediateOops: 12, NonImmediateOops: No
[2,639s][debug][gc,director    ] Rule Major: Warmup 10%, Used: 398MB, UsedThreshold: 1228MB
[2,639s][debug][gc,nmethod     ] Register NMethod: jdk.internal.foreign.SegmentBulkOperations.copy (0x00007943f7de5908) [0x00007943f7de5a00, 0x00007943f7df5ec0] Compiler: c1, Barriers: 39, Oops: 4, ImmediateOops: 41, NonImmediateOops: No
[2,639s][debug][gc,nmethod     ] Register NMethod: io.sirix.node.xml.ElementNode.getPreviousRevisionNumber (0x00007943f7df5f08) [0x00007943f7df6000, 0x00007943f7df6c48] Compiler: c1, Barriers: 19, Oops: 5, ImmediateOops: 5, NonImmediateOops: No
[2,640s][debug][gc,nmethod     ] Register NMethod: io.sirix.node.xml.ElementNode.getKind (0x00007943f7df6c88) [0x00007943f7df6d80, 0x00007943f7df6e88] Compiler: c1, Barriers: 0, Oops: 1, ImmediateOops: 1, NonImmediateOops: No
[2,640s][debug][gc,nmethod     ] Register NMethod: io.sirix.node.json.JsonNodeSerializer.writeEndPadding (0x00007943f7df6f88) [0x00007943f7df7080, 0x00007943f7df74c8] Compiler: c1, Barriers: 2, Oops: 1, ImmediateOops: 0, NonImmediateOops: No
[2,640s][debug][gc,nmethod     ] Register NMethod: io.sirix.node.xml.TextNode.getPreviousRevisionNumber (0x00007943f7df7508) [0x00007943f7df7600, 0x00007943f7dfc5f0] Compiler: c1, Barriers: 19, Oops: 7, ImmediateOops: 11, NonImmediateOops: No
[2,640s][debug][gc,nmethod     ] Register NMethod: io.sirix.node.NodeKind.writeHash (0x00007943f7dfc688) [0x00007943f7dfc780, 0x00007943f7dfc8f0] Compiler: c1, Barriers: 1, Oops: 1, ImmediateOops: 0, NonImmediateOops: No
[2,641s][debug][gc,nmethod     ] Register NMethod: jdk.internal.foreign.AbstractMemorySegmentImpl.overlaps (0x00007943f7dfc988) [0x00007943f7dfca80, 0x00007943f7dfccd0] Compiler: c1, Barriers: 0, Oops: 0, ImmediateOops: 0, NonImmediateOops: No
[2,641s][debug][gc,nmethod     ] Register NMethod: io.sirix.node.xml.ElementNode.getAttributeKey (0x00007943f7dfcd08) [0x00007943f7dfce00, 0x00007943f7dfcff8] Compiler: c1, Barriers: 1, Oops: 1, ImmediateOops: 1, NonImmediateOops: No
[2,650s][debug][gc,nmethod     ] Register NMethod: io.sirix.node.NodeKind$2.serialize (0x00007943f7dfd008) [0x00007943f7dfd100, 0x00007943f7e02678] Compiler: c1, Barriers: 145, Oops: 11, ImmediateOops: 35, NonImmediateOops: No
[2,651s][debug][gc,nmethod     ] Register NMethod: io.sirix.node.xml.ElementNode.getLastModifiedRevisionNumber (0x00007943f7e02708) [0x00007943f7e02800, 0x00007943f7e03448] Compiler: c1, Barriers: 19, Oops: 5, ImmediateOops: 5, NonImmediateOops: No
[2,651s][debug][gc,nmethod     ] Register NMethod: io.sirix.node.NodeKind.writeHash (0x00007943f7e03488) [0x00007943f7e03580, 0x00007943f7e03770] Compiler: c1, Barriers: 1, Oops: 1, ImmediateOops: 0, NonImmediateOops: No
[2,651s][debug][gc,nmethod     ] Register NMethod: io.sirix.node.xml.ElementNode.getKind (0x00007943f7e03788) [0x00007943f7e03880, 0x00007943f7e03ba0] Compiler: c1, Barriers: 0, Oops: 1, ImmediateOops: 1, NonImmediateOops: No
[2,651s][debug][gc,nmethod     ] Register NMethod: jdk.internal.foreign.MemorySessionImpl$ResourceList.cleanupSingle (0x00007943f7e03c08) [0x00007943f7e03d00, 0x00007943f7e03e88] Compiler: c1, Barriers: 0, Oops: 0, ImmediateOops: 0, NonImmediateOops: No
[2,651s][debug][gc,nmethod     ] Register NMethod: jdk.internal.misc.Unsafe.freeMemory (0x00007943f7e03f08) [0x00007943f7e04000, 0x00007943f7e041a0] Compiler: c1, Barriers: 0, Oops: 0, ImmediateOops: 0, NonImmediateOops: No
[2,652s][debug][gc,nmethod     ] Register NMethod: jdk.internal.misc.Unsafe.freeMemoryChecks (0x00007943f7e04208) [0x00007943f7e04300, 0x00007943f7e04408] Compiler: c1, Barriers: 0, Oops: 0, ImmediateOops: 0, NonImmediateOops: No
[2,652s][debug][gc,nmethod     ] Register NMethod: jdk.internal.foreign.SegmentFactories$1.cleanup (0x00007943f7e04508) [0x00007943f7e04600, 0x00007943f7e047c8] Compiler: c1, Barriers: 0, Oops: 1, ImmediateOops: 2, NonImmediateOops: No
[2,652s][debug][gc,nmethod     ] Register NMethod: jdk.internal.foreign.HeapMemorySegmentImpl$OfByte.unsafeGetOffset (0x00007943f7e04808) [0x00007943f7e04900, 0x00007943f7e04a00] Compiler: c1, Barriers: 0, Oops: 0, ImmediateOops: 0, NonImmediateOops: No
[2,652s][debug][gc,nmethod     ] Register NMethod: jdk.internal.foreign.HeapMemorySegmentImpl.unsafeGetOffset (0x0000794416d49c08) [0x0000794416d49d00, 0x0000794416d49dc0] Compiler: c1, Barriers: 0, Oops: 0, ImmediateOops: 0, NonImmediateOops: No
[2,652s][debug][gc,nmethod     ] Register NMethod: jdk.internal.foreign.layout.ValueLayouts$AbstractValueLayout.<init> (0x00007943f7e04b08) [0x00007943f7e04c00, 0x00007943f7e04fe8] Compiler: c1, Barriers: 9, Oops: 0, ImmediateOops: 0, NonImmediateOops: No
[2,652s][debug][gc,nmethod     ] Register NMethod: jdk.internal.foreign.layout.AbstractLayout.<init> (0x00007943f7e05008) [0x00007943f7e05100, 0x00007943f7e05390] Compiler: c1, Barriers: 3, Oops: 0, ImmediateOops: 0, NonImmediateOops: No
[2,652s][debug][gc,nmethod     ] Register NMethod: jdk.internal.foreign.layout.MemoryLayoutUtil.requireByteSizeValid (0x00007943f7e05408) [0x00007943f7e05500, 0x00007943f7e058a0] Compiler: c1, Barriers: 0, Oops: 0, ImmediateOops: 2, NonImmediateOops: No
[2,652s][debug][gc,nmethod     ] Register NMethod: jdk.internal.foreign.Utils.isPowerOfTwo (0x00007943f7e05908) [0x00007943f7e05a00, 0x00007943f7e05b08] Compiler: c1, Barriers: 0, Oops: 0, ImmediateOops: 0, NonImmediateOops: No
[2,653s][debug][gc,nmethod     ] Register NMethod: sun.security.provider.SHA2.implCompress0 (0x00007943f7e05c08) [0x00007943f7e05d00, 0x00007943f7e06570] Compiler: c1, Barriers: 8, Oops: 0, ImmediateOops: 1, NonImmediateOops: No
[2,653s][debug][gc,nmethod     ] Register NMethod: jdk.internal.foreign.layout.AbstractLayout.requirePowerOfTwoAndGreaterOrEqualToOne (0x00007943f7e06588) [0x00007943f7e06680, 0x00007943f7e06a28] Compiler: c1, Barriers: 0, Oops: 0, ImmediateOops: 2, NonImmediateOops: No
[2,653s][debug][gc,nmethod     ] Register NMethod: jdk.internal.foreign.layout.ValueLayouts$AbstractValueLayout.assertCarrierSize (0x00007943f7e06a88) [0x00007943f7e06b80, 0x00007943f7e06c58] Compiler: c1, Barriers: 0, Oops: 0, ImmediateOops: 0, NonImmediateOops: No
[2,654s][debug][gc,nmethod     ] Register NMethod: sun.security.provider.SHA2.implCompress0 (0x00007943f7e06d88) [0x00007943f7e06e80, 0x00007943f7e07e20] Compiler: c1, Barriers: 9, Oops: 0, ImmediateOops: 1, NonImmediateOops: No
[2,654s][debug][gc,nmethod     ] Register NMethod: java.lang.Class.getSimpleName (0x00007943f7e07e88) [0x00007943f7e07f80, 0x00007943f7e08188] Compiler: c1, Barriers: 4, Oops: 0, ImmediateOops: 0, NonImmediateOops: No
[2,654s][debug][gc,director    ] Rule Major: Warmup 10%, Used: 398MB, UsedThreshold: 1228MB
[2,655s][debug][gc,nmethod     ] Register NMethod: io.sirix.node.NodeKind$1.serialize (0x00007943f7e08208) [0x00007943f7e08300, 0x00007943f7e10dc0] Compiler: c1, Barriers: 235, Oops: 15, ImmediateOops: 58, NonImmediateOops: No
[2,655s][debug][gc,nmethod     ] Register NMethod: jdk.internal.foreign.HeapMemorySegmentImpl$OfByte.maxAlignMask (0x00007943f7e10e88) [0x00007943f7e10f80, 0x00007943f7e11080] Compiler: c1, Barriers: 0, Oops: 0, ImmediateOops: 0, NonImmediateOops: No
[2,655s][debug][gc,nmethod     ] Register NMethod: io.sirix.node.xml.ElementNode.getPreviousRevisionNumber (0x00007943f7e11188) [0x00007943f7e11280, 0x00007943f7e16270] Compiler: c1, Barriers: 19, Oops: 7, ImmediateOops: 11, NonImmediateOops: No
[2,656s][debug][gc,nmethod     ] Register NMethod: jdk.internal.foreign.SegmentBulkOperations.copy (0x00007943f7e16308) [0x00007943f7e16400, 0x00007943f7e26b40] Compiler: c1, Barriers: 39, Oops: 4, ImmediateOops: 41, NonImmediateOops: No
[2,656s][debug][gc,nmethod     ] Register NMethod: sun.security.provider.SHA2.implCompressCheck (0x00007943f7e26b88) [0x00007943f7e26c80, 0x00007943f7e26e98] Compiler: c1, Barriers: 0, Oops: 0, ImmediateOops: 1, NonImmediateOops: No
[2,656s][debug][gc,nmethod     ] Register NMethod: sun.security.provider.SHA2.implCompress0 (0x00007943f7e26f08) [0x00007943f7e27000, 0x00007943f7e27e20] Compiler: c1, Barriers: 8, Oops: 0, ImmediateOops: 1, NonImmediateOops: No
[2,656s][debug][gc,nmethod     ] Register NMethod: jdk.internal.foreign.HeapMemorySegmentImpl$OfByte.unsafeGetBase (0x00007943f7e27e88) [0x00007943f7e27f80, 0x00007943f7e28188] Compiler: c1, Barriers: 1, Oops: 0, ImmediateOops: 0, NonImmediateOops: No
[2,656s][debug][gc,nmethod     ] Register NMethod: sun.security.provider.SHA2.implCompress (0x00007943f7e28208) [0x00007943f7e28300, 0x00007943f7e28558] Compiler: c1, Barriers: 0, Oops: 0, ImmediateOops: 1, NonImmediateOops: No
[2,656s][debug][gc,nmethod     ] Register NMethod: jdk.internal.foreign.HeapMemorySegmentImpl$OfByte.unsafeGetBase (0x00007943f7e28588) [0x00007943f7e28680, 0x00007943f7e28888] Compiler: c1, Barriers: 1, Oops: 0, ImmediateOops: 0, NonImmediateOops: No
[2,656s][debug][gc,nmethod     ] Register NMethod: jdk.internal.foreign.MemorySessionImpl$ResourceList.cleanupSingle (0x00007943f7e28908) [0x00007943f7e28a00, 0x00007943f7e28fa8] Compiler: c1, Barriers: 0, Oops: 0, ImmediateOops: 0, NonImmediateOops: No
[2,656s][debug][gc,nmethod     ] Register NMethod: jdk.internal.foreign.layout.ValueLayouts$OfByteImpl.<init> (0x00007943f7e29008) [0x00007943f7e29100, 0x00007943f7e29238] Compiler: c1, Barriers: 0, Oops: 0, ImmediateOops: 1, NonImmediateOops: No
[2,656s][debug][gc,nmethod     ] Register NMethod: jdk.internal.foreign.AbstractMemorySegmentImpl.toArray (0x00007943f7e29308) [0x00007943f7e29400, 0x00007943f7e29570] Compiler: c1, Barriers: 0, Oops: 0, ImmediateOops: 3, NonImmediateOops: No
[2,657s][debug][gc,nmethod     ] Register NMethod: sun.security.provider.ByteArrayAccess.b2iBig64 (0x00007943f7e29608) [0x00007943f7e29700, 0x00007943f7e2a278] Compiler: c1, Barriers: 0, Oops: 3, ImmediateOops: 2, NonImmediateOops: No
[2,658s][debug][gc,nmethod     ] Register NMethod: jdk.internal.foreign.SegmentFactories$1.cleanup (0x00007943f7e2a308) [0x00007943f7e2a400, 0x00007943f7e2a9c0] Compiler: c1, Barriers: 0, Oops: 1, ImmediateOops: 4, NonImmediateOops: No
[2,658s][debug][gc,nmethod     ] Register NMethod: io.sirix.node.SirixDeweyID.setDivisionBitArray (0x00007943f7e2aa08) [0x00007943f7e2ab00, 0x00007943f7e2afc8] Compiler: c1, Barriers: 2, Oops: 1, ImmediateOops: 5, NonImmediateOops: No
[2,658s][debug][gc,nmethod     ] Register NMethod: jdk.internal.foreign.AbstractMemorySegmentImpl.toArray (0x00007943f7e2b008) [0x00007943f7e2b100, 0x00007943f7e2ccc0] Compiler: c1, Barriers: 14, Oops: 4, ImmediateOops: 21, NonImmediateOops: No
[2,659s][debug][gc,nmethod     ] Register NMethod: io.sirix.node.SirixDeweyID.getDivisionBits (0x00007943f7e2cd08) [0x00007943f7e2ce00, 0x00007943f7e2d280] Compiler: c1, Barriers: 1, Oops: 1, ImmediateOops: 17, NonImmediateOops: No
[2,660s][debug][gc,nmethod     ] Register NMethod: java.lang.foreign.MemorySegment.ofArray (0x00007943f7e2d308) [0x00007943f7e2d400, 0x00007943f7e2d4f8] Compiler: c1, Barriers: 0, Oops: 0, ImmediateOops: 0, NonImmediateOops: No
[2,660s][debug][gc,nmethod     ] Register NMethod: jdk.internal.foreign.HeapMemorySegmentImpl$OfByte.<init> (0x00007943f7e2d608) [0x00007943f7e2d700, 0x00007943f7e2d900] Compiler: c1, Barriers: 6, Oops: 0, ImmediateOops: 0, NonImmediateOops: No
[2,660s][debug][gc,nmethod     ] Register NMethod: jdk.internal.foreign.SegmentFactories.fromArray (0x00007943f7e2d908) [0x00007943f7e2da00, 0x00007943f7e2ddf8] Compiler: c1, Barriers: 3, Oops: 0, ImmediateOops: 0, NonImmediateOops: No
[2,661s][debug][gc,nmethod     ] Register NMethod: io.sirix.node.SirixDeweyID.setDivisionBitArray (0x00007943f7e2de08) [0x00007943f7e2df00, 0x00007943f7e2e6a8] Compiler: c1, Barriers: 2, Oops: 1, ImmediateOops: 5, NonImmediateOops: No
[2,661s][debug][gc,nmethod     ] Register NMethod: io.sirix.page.KeyValueLeafPage.setDeweyId (0x00007943f7e2e708) [0x00007943f7e2e800, 0x00007943f7e2ea48] Compiler: c1, Barriers: 5, Oops: 1, ImmediateOops: 0, NonImmediateOops: No
[2,661s][debug][gc,nmethod     ] Register NMethod: jdk.internal.foreign.GlobalSession.<init> (0x00007943f7e2ea88) [0x00007943f7e2eb80, 0x00007943f7e2ed80] Compiler: c1, Barriers: 6, Oops: 0, ImmediateOops: 0, NonImmediateOops: No
[2,661s][debug][gc,nmethod     ] Register NMethod: io.sirix.node.SirixDeweyID.toBytes (0x00007943f7e2ed88) [0x00007943f7e2ee80, 0x00007943f7e2f568] Compiler: c1, Barriers: 4, Oops: 1, ImmediateOops: 17, NonImmediateOops: No
[2,661s][debug][gc,nmethod     ] Register NMethod: io.sirix.node.SirixDeweyID.getDivisionBits (0x00007943f7e2f588) [0x00007943f7e2f680, 0x00007943f7e2fc18] Compiler: c1, Barriers: 1, Oops: 1, ImmediateOops: 17, NonImmediateOops: No
[2,662s][debug][gc,nmethod     ] Register NMethod: jdk.internal.foreign.HeapMemorySegmentImpl$OfByte.unsafeGetBase (0x00007943f7e2fc88) [0x00007943f7e2fd80, 0x00007943f7e30410] Compiler: c1, Barriers: 1, Oops: 0, ImmediateOops: 0, NonImmediateOops: No
[2,662s][debug][gc,nmethod     ] Register NMethod: io.sirix.node.SirixDeweyID.toBytes (0x00007943f7e30488) [0x00007943f7e30580, 0x00007943f7e306d0] Compiler: c1, Barriers: 1, Oops: 1, ImmediateOops: 0, NonImmediateOops: No
[2,662s][debug][gc,nmethod     ] Register NMethod: io.sirix.node.xml.AttributeNode.getKind (0x00007943f7e30788) [0x00007943f7e30880, 0x00007943f7e30988] Compiler: c1, Barriers: 0, Oops: 1, ImmediateOops: 1, NonImmediateOops: No
[2,662s][debug][gc,nmethod     ] Register NMethod: jdk.internal.foreign.AbstractMemorySegmentImpl$$Lambda/0x00000000a9220120.apply (0x00007943f7e30a88) [0x00007943f7e30b80, 0x00007943f7e30d00] Compiler: c1, Barriers: 0, Oops: 0, ImmediateOops: 0, NonImmediateOops: No
[2,662s][debug][gc,nmethod     ] Register NMethod: jdk.internal.foreign.layout.ValueLayouts$OfByteImpl.withOrder (0x00007943f7e30d88) [0x00007943f7e30e80, 0x00007943f7e30fe0] Compiler: c1, Barriers: 0, Oops: 0, ImmediateOops: 0, NonImmediateOops: No
[2,662s][debug][gc,nmethod     ] Register NMethod: jdk.internal.foreign.layout.ValueLayouts$AbstractValueLayout.withOrder (0x00007943f7e31088) [0x00007943f7e31180, 0x00007943f7e313a0] Compiler: c1, Barriers: 1, Oops: 0, ImmediateOops: 0, NonImmediateOops: No
[2,662s][debug][gc,nmethod     ] Register NMethod: jdk.internal.foreign.HeapMemorySegmentImpl$OfByte.unsafeGetOffset (0x00007943f7e31408) [0x00007943f7e31500, 0x00007943f7e31618] Compiler: c1, Barriers: 0, Oops: 0, ImmediateOops: 0, NonImmediateOops: No
[2,662s][debug][gc,nmethod     ] Register NMethod: jdk.internal.foreign.layout.ValueLayouts$OfByteImpl.dup (0x00007943f7e31708) [0x00007943f7e31800, 0x00007943f7e31918] Compiler: c1, Barriers: 0, Oops: 0, ImmediateOops: 0, NonImmediateOops: No
[2,662s][debug][gc,nmethod     ] Register NMethod: io.sirix.node.MemorySegmentBytesOut.writeLong (0x0000794416d49f08) [0x0000794416d4a000, 0x0000794416d4a690] Compiler: jvmci, Barriers: 7, Oops: 3, ImmediateOops: 0, NonImmediateOops: No
[2,664s][debug][gc,nmethod     ] Register NMethod: jdk.internal.foreign.HeapMemorySegmentImpl.<init> (0x00007943f7e31a08) [0x00007943f7e31b00, 0x00007943f7e31cf0] Compiler: c1, Barriers: 6, Oops: 0, ImmediateOops: 0, NonImmediateOops: No
[2,664s][debug][gc,director    ] Rule Major: Warmup 10%, Used: 400MB, UsedThreshold: 1228MB
[2,664s][debug][gc,nmethod     ] Register NMethod: java.lang.foreign.MemorySegment.copy (0x00007943f7e31d08) [0x00007943f7e31e00, 0x00007943f7e33988] Compiler: c1, Barriers: 14, Oops: 4, ImmediateOops: 20, NonImmediateOops: No
[2,664s][debug][gc,nmethod     ] Register NMethod: jdk.internal.foreign.AbstractMemorySegmentImpl.lambda$toArray$0 (0x00007943f7e33a08) [0x00007943f7e33b00, 0x00007943f7e33c60] Compiler: c1, Barriers: 0, Oops: 0, ImmediateOops: 0, NonImmediateOops: No
[2,664s][debug][gc,nmethod     ] Register NMethod: jdk.internal.foreign.AbstractMemorySegmentImpl$$Lambda/0x00000000a9221260.apply (0x00007943f7e33d08) [0x00007943f7e33e00, 0x00007943f7e33f48] Compiler: c1, Barriers: 0, Oops: 0, ImmediateOops: 0, NonImmediateOops: No
[2,665s][debug][gc,nmethod     ] Register NMethod: io.sirix.node.SirixDeweyID.toBytes (0x00007943f7e34008) [0x00007943f7e34100, 0x00007943f7e34b18] Compiler: c1, Barriers: 4, Oops: 1, ImmediateOops: 17, NonImmediateOops: No
[2,665s][debug][gc,nmethod     ] Register NMethod: jdk.internal.foreign.HeapMemorySegmentImpl$OfByte.<init> (0x00007943f7e34b88) [0x00007943f7e34c80, 0x00007943f7e34f98] Compiler: c1, Barriers: 6, Oops: 0, ImmediateOops: 0, NonImmediateOops: No
[2,665s][debug][gc,nmethod     ] Register NMethod: jdk.internal.foreign.SegmentFactories.fromArray (0x00007943f7e35008) [0x00007943f7e35100, 0x00007943f7e35c00] Compiler: c1, Barriers: 3, Oops: 0, ImmediateOops: 1, NonImmediateOops: No
[2,666s][debug][gc,nmethod     ] Register NMethod: io.sirix.node.SirixDeweyID.toBytes (0x00007943f7e35c08) [0x00007943f7e35d00, 0x00007943f7e35e68] Compiler: c1, Barriers: 1, Oops: 1, ImmediateOops: 0, NonImmediateOops: No
[2,666s][debug][gc,nmethod     ] Register NMethod: io.sirix.page.KeyValueLeafPage.setDeweyId (0x00007943f7e35f08) [0x00007943f7e36000, 0x00007943f7e362e8] Compiler: c1, Barriers: 5, Oops: 1, ImmediateOops: 0, NonImmediateOops: No
[2,666s][debug][gc,nmethod     ] Register NMethod: io.sirix.node.SirixDeweyID.setDivisionBitArray (0x00007943f7e36308) [0x00007943f7e36400, 0x00007943f7e36a30] Compiler: c1, Barriers: 2, Oops: 1, ImmediateOops: 5, NonImmediateOops: No
[2,666s][debug][gc,nmethod     ] Register NMethod: jdk.internal.foreign.GlobalSession$HeapSession.<init> (0x00007943f7e36a88) [0x00007943f7e36b80, 0x00007943f7e36eb0] Compiler: c1, Barriers: 9, Oops: 0, ImmediateOops: 0, NonImmediateOops: No
[2,667s][debug][gc,nmethod     ] Register NMethod: io.sirix.page.KeyValueLeafPage.setData (0x00007943f7e36f08) [0x00007943f7e37000, 0x00007943f7e40de0] Compiler: c1, Barriers: 182, Oops: 8, ImmediateOops: 108, NonImmediateOops: No
[2,667s][debug][gc,nmethod     ] Register NMethod: jdk.internal.foreign.layout.ValueLayouts$OfByteImpl.dup (0x00007943f7e40e88) [0x00007943f7e40f80, 0x00007943f7e41110] Compiler: c1, Barriers: 0, Oops: 0, ImmediateOops: 0, NonImmediateOops: No
[2,667s][debug][gc,nmethod     ] Register NMethod: io.sirix.node.SirixDeweyID.toBytes (0x00007943f7e41188) [0x00007943f7e41280, 0x00007943f7e41be0] Compiler: c1, Barriers: 4, Oops: 1, ImmediateOops: 17, NonImmediateOops: No
[2,667s][debug][gc,nmethod     ] Register NMethod: io.sirix.node.xml.AttributeNode.getDeweyID (0x00007943f7e41c08) [0x00007943f7e41d00, 0x00007943f7e41fc8] Compiler: c1, Barriers: 6, Oops: 1, ImmediateOops: 0, NonImmediateOops: No
[2,667s][debug][gc,nmethod     ] Register NMethod: jdk.internal.foreign.MemorySessionImpl.createHeap (0x00007943f7e42008) [0x00007943f7e42100, 0x00007943f7e42378] Compiler: c1, Barriers: 3, Oops: 0, ImmediateOops: 0, NonImmediateOops: No
[2,667s][debug][gc,nmethod     ] Register NMethod: io.sirix.node.delegates.NodeDelegate.getDeweyID (0x00007943f7e42388) [0x00007943f7e42480, 0x00007943f7e42880] Compiler: c1, Barriers: 6, Oops: 1, ImmediateOops: 0, NonImmediateOops: No
[2,667s][debug][gc,nmethod     ] Register NMethod: io.sirix.node.AbstractForwardingNode.getDeweyID (0x00007943f7e42908) [0x00007943f7e42a00, 0x00007943f7e42e68] Compiler: c1, Barriers: 6, Oops: 1, ImmediateOops: 0, NonImmediateOops: No
[2,667s][debug][gc,nmethod     ] Register NMethod: jdk.internal.foreign.AbstractMemorySegmentImpl.copy (0x00007943f7e42e88) [0x00007943f7e42f80, 0x00007943f7e44840] Compiler: c1, Barriers: 14, Oops: 4, ImmediateOops: 20, NonImmediateOops: No
[2,667s][debug][gc,nmethod     ] Register NMethod: io.sirix.node.xml.AttributeNode.isCompressed (0x0000794416d4a708) [0x0000794416d4a800, 0x0000794416d4a8c0] Compiler: c1, Barriers: 0, Oops: 1, ImmediateOops: 0, NonImmediateOops: No
[2,667s][debug][gc,nmethod     ] Register NMethod: io.sirix.node.xml.AttributeNode.getRawValue (0x0000794416d4aa08) [0x0000794416d4ab00, 0x0000794416d4abe8] Compiler: c1, Barriers: 1, Oops: 1, ImmediateOops: 0, NonImmediateOops: No
[2,668s][debug][gc,nmethod     ] Register NMethod: io.sirix.page.KeyValueLeafPage.findFreeSpaceForSlots (0x00007943f7e44888) [0x00007943f7e44980, 0x00007943f7e44da8] Compiler: c1, Barriers: 4, Oops: 1, ImmediateOops: 0, NonImmediateOops: No
[2,668s][debug][gc,nmethod     ] Register NMethod: io.sirix.node.xml.TextNode.getKind (0x00007943f7e44e08) [0x00007943f7e44f00, 0x00007943f7e45008] Compiler: c1, Barriers: 0, Oops: 1, ImmediateOops: 1, NonImmediateOops: No
[2,668s][debug][gc,nmethod     ] Register NMethod: jdk.internal.misc.Unsafe.putShortUnaligned (0x00007943f7e45108) [0x00007943f7e45200, 0x00007943f7e45338] Compiler: c1, Barriers: 0, Oops: 0, ImmediateOops: 0, NonImmediateOops: No
[2,668s][debug][gc,nmethod     ] Register NMethod: io.sirix.node.xml.AttributeNode.getLastModifiedRevisionNumber (0x00007943f7e45408) [0x00007943f7e45500, 0x00007943f7e46148] Compiler: c1, Barriers: 19, Oops: 5, ImmediateOops: 5, NonImmediateOops: No
[2,668s][debug][gc,nmethod     ] Register NMethod: jdk.internal.misc.Unsafe.putShortUnaligned (0x00007943f7e46188) [0x00007943f7e46280, 0x00007943f7e463f8] Compiler: c1, Barriers: 0, Oops: 0, ImmediateOops: 0, NonImmediateOops: No
[2,669s][debug][gc,nmethod     ] Register NMethod: io.sirix.node.xml.AttributeNode.getPreviousRevisionNumber (0x00007943f7e46488) [0x00007943f7e46580, 0x00007943f7e471c8] Compiler: c1, Barriers: 19, Oops: 5, ImmediateOops: 5, NonImmediateOops: No
[2,670s][debug][gc,nmethod     ] Register NMethod: io.sirix.node.xml.TextNode.getLastModifiedRevisionNumber (0x00007943f7e47208) [0x00007943f7e47300, 0x00007943f7e47f48] Compiler: c1, Barriers: 19, Oops: 5, ImmediateOops: 5, NonImmediateOops: No
[2,670s][debug][gc,nmethod     ] Register NMethod: io.sirix.node.xml.TextNode.isCompressed (0x0000794416d4ad08) [0x0000794416d4ae00, 0x0000794416d4aec0] Compiler: c1, Barriers: 0, Oops: 1, ImmediateOops: 0, NonImmediateOops: No
[2,670s][debug][gc,nmethod     ] Register NMethod: io.sirix.node.delegates.NodeDelegate.getPreviousRevisionNumber (0x0000794416d4b008) [0x0000794416d4b100, 0x0000794416d4b1c0] Compiler: c1, Barriers: 0, Oops: 1, ImmediateOops: 0, NonImmediateOops: No
[2,670s][debug][gc,nmethod     ] Register NMethod: io.sirix.node.delegates.NodeDelegate.getLastModifiedRevisionNumber (0x0000794416d4b308) [0x0000794416d4b400, 0x0000794416d4b4c0] Compiler: c1, Barriers: 0, Oops: 1, ImmediateOops: 0, NonImmediateOops: No
[2,670s][debug][gc,nmethod     ] Register NMethod: io.sirix.node.delegates.StructNodeDelegate.getLastChildKey (0x0000794416d4b608) [0x0000794416d4b700, 0x0000794416d4b7c0] Compiler: c1, Barriers: 0, Oops: 1, ImmediateOops: 0, NonImmediateOops: No
[2,670s][debug][gc,nmethod     ] Register NMethod: io.sirix.node.delegates.StructNodeDelegate.getChildCount (0x0000794416d4b908) [0x0000794416d4ba00, 0x0000794416d4bac0] Compiler: c1, Barriers: 0, Oops: 1, ImmediateOops: 0, NonImmediateOops: No
[2,670s][debug][gc,nmethod     ] Register NMethod: io.sirix.index.path.summary.PathNode.getNameNodeDelegate (0x0000794416d4bc08) [0x0000794416d4bd00, 0x0000794416d4bde8] Compiler: c1, Barriers: 1, Oops: 1, ImmediateOops: 0, NonImmediateOops: No
[2,670s][debug][gc,nmethod     ] Register NMethod: io.sirix.node.delegates.NameNodeDelegate.getURIKey (0x0000794416d4bf08) [0x0000794416d4c000, 0x0000794416d4c0c0] Compiler: c1, Barriers: 0, Oops: 1, ImmediateOops: 0, NonImmediateOops: No
[2,670s][debug][gc,nmethod     ] Register NMethod: io.sirix.node.delegates.NameNodeDelegate.getPathNodeKey (0x0000794416d4c208) [0x0000794416d4c300, 0x0000794416d4c3c0] Compiler: c1, Barriers: 0, Oops: 1, ImmediateOops: 0, NonImmediateOops: No
[2,670s][debug][gc,nmethod     ] Register NMethod: io.sirix.index.path.summary.PathNode.getReferences (0x0000794416d4c508) [0x0000794416d4c600, 0x0000794416d4c6c0] Compiler: c1, Barriers: 0, Oops: 1, ImmediateOops: 0, NonImmediateOops: No
[2,670s][debug][gc,nmethod     ] Register NMethod: io.sirix.index.path.summary.PathNode.getKind (0x00007943f7e47f88) [0x00007943f7e48080, 0x00007943f7e48188] Compiler: c1, Barriers: 0, Oops: 1, ImmediateOops: 1, NonImmediateOops: No
[2,670s][debug][gc,nmethod     ] Register NMethod: io.sirix.index.path.summary.PathNode.getKind (0x00007943f7e48288) [0x00007943f7e48380, 0x00007943f7e48488] Compiler: c1, Barriers: 0, Oops: 1, ImmediateOops: 1, NonImmediateOops: No
[2,671s][debug][gc,nmethod     ] Register NMethod: io.sirix.node.NodeKind$13.serialize (0x00007943f7e48588) [0x00007943f7e48680, 0x00007943f7e48af8] Compiler: c1, Barriers: 7, Oops: 1, ImmediateOops: 0, NonImmediateOops: No
[2,671s][debug][gc,nmethod     ] Register NMethod: io.sirix.node.AbstractForwardingNode.getNodeDelegate (0x00007943f7e48b08) [0x00007943f7e48c00, 0x00007943f7e48d20] Compiler: c1, Barriers: 0, Oops: 1, ImmediateOops: 0, NonImmediateOops: No
[2,671s][debug][gc,nmethod     ] Register NMethod: io.sirix.node.NodeKind.serializeDelegateWithoutIDs (0x00007943f7e48e08) [0x00007943f7e48f00, 0x00007943f7e49188] Compiler: c1, Barriers: 2, Oops: 1, ImmediateOops: 0, NonImmediateOops: No
[2,671s][debug][gc,nmethod     ] Register NMethod: io.sirix.node.xml.AbstractStructForwardingNode.getStructNodeDelegate (0x00007943f7e49208) [0x00007943f7e49300, 0x00007943f7e49420] Compiler: c1, Barriers: 0, Oops: 1, ImmediateOops: 0, NonImmediateOops: No
[2,671s][debug][gc,nmethod     ] Register NMethod: io.sirix.node.xml.AttributeNode.getPathNodeKey (0x00007943f7e49508) [0x00007943f7e49600, 0x00007943f7e4a248] Compiler: c1, Barriers: 19, Oops: 5, ImmediateOops: 5, NonImmediateOops: No
[2,672s][debug][gc,nmethod     ] Register NMethod: io.sirix.node.NodeKind.serializeNameDelegate (0x00007943f7e4a288) [0x00007943f7e4a380, 0x00007943f7e4a698] Compiler: c1, Barriers: 3, Oops: 1, ImmediateOops: 0, NonImmediateOops: No
[2,672s][debug][gc,nmethod     ] Register NMethod: io.sirix.node.json.JsonNodeSerializer.writeSizePrefix (0x00007943f7e4a708) [0x00007943f7e4a800, 0x00007943f7e4ab88] Compiler: c1, Barriers: 4, Oops: 1, ImmediateOops: 0, NonImmediateOops: No
[2,672s][debug][gc,nmethod     ] Register NMethod: io.sirix.node.json.JsonNodeSerializer.updateSizePrefix (0x00007943f7e4ac08) [0x00007943f7e4ad00, 0x00007943f7e4afa0] Compiler: c1, Barriers: 2, Oops: 1, ImmediateOops: 0, NonImmediateOops: No
[2,673s][debug][gc,nmethod     ] Register NMethod: jdk.internal.misc.ScopedMemoryAccess.putShortUnaligned (0x00007943f7e4b008) [0x00007943f7e4b100, 0x00007943f7e4b408] Compiler: c1, Barriers: 3, Oops: 0, ImmediateOops: 3, NonImmediateOops: No
[2,673s][debug][gc,nmethod     ] Register NMethod: jdk.internal.misc.ScopedMemoryAccess.putShortUnalignedInternal (0x00007943f7e4b488) [0x00007943f7e4b580, 0x00007943f7e4b7b8] Compiler: c1, Barriers: 2, Oops: 0, ImmediateOops: 3, NonImmediateOops: No
[2,673s][debug][gc,nmethod     ] Register NMethod: net.jpountz.util.SafeUtils.checkRange (0x00007943f7e4b808) [0x00007943f7e4b900, 0x00007943f7e4baa8] Compiler: c1, Barriers: 0, Oops: 1, ImmediateOops: 0, NonImmediateOops: No
[2,673s][debug][gc,nmethod     ] Register NMethod: io.sirix.node.HashCountEntryNode.getNodeKey (0x0000794416d4c808) [0x0000794416d4c900, 0x0000794416d4c9c0] Compiler: c1, Barriers: 0, Oops: 1, ImmediateOops: 0, NonImmediateOops: No
[2,673s][debug][gc,nmethod     ] Register NMethod: jdk.internal.foreign.NativeMemorySegmentImpl.isNative (0x0000794416d4cb08) [0x0000794416d4cc00, 0x0000794416d4ccc0] Compiler: c1, Barriers: 0, Oops: 0, ImmediateOops: 0, NonImmediateOops: No
[2,673s][debug][gc,nmethod     ] Register NMethod: io.sirix.node.HashEntryNode.getNodeKey (0x0000794416d4ce08) [0x0000794416d4cf00, 0x0000794416d4cfc0] Compiler: c1, Barriers: 0, Oops: 1, ImmediateOops: 0, NonImmediateOops: No
[2,674s][debug][gc,director    ] Rule Major: Warmup 10%, Used: 400MB, UsedThreshold: 1228MB
[2,676s][debug][gc,nmethod     ] Register NMethod: io.sirix.node.NodeKind.serializeStructDelegate (0x00007943f7e4bb08) [0x00007943f7e4bc00, 0x00007943f7e4c178] Compiler: c1, Barriers: 7, Oops: 1, ImmediateOops: 5, NonImmediateOops: No
[2,679s][debug][gc,nmethod     ] Register NMethod: io.sirix.node.GrowingMemorySegment.grow (0x00007943f7e4c188) [0x00007943f7e4c280, 0x00007943f7e4ea48] Compiler: c1, Barriers: 44, Oops: 3, ImmediateOops: 33, NonImmediateOops: No
[2,683s][debug][gc,nmethod     ] Register NMethod: io.sirix.node.GrowingMemorySegment.writeLong (0x0000794416d4d108) [0x0000794416d4d200, 0x0000794416d4d7f8] Compiler: jvmci, Barriers: 6, Oops: 3, ImmediateOops: 0, NonImmediateOops: No
[2,684s][debug][gc,director    ] Rule Major: Warmup 10%, Used: 400MB, UsedThreshold: 1228MB
[2,685s][debug][gc,nmethod     ] Register NMethod: io.sirix.node.NodeKind$4.serialize (0x00007943f7e4ea88) [0x00007943f7e4eb80, 0x00007943f7e52a38] Compiler: c1, Barriers: 110, Oops: 9, ImmediateOops: 25, NonImmediateOops: No
[2,694s][debug][gc,director    ] Rule Major: Warmup 10%, Used: 400MB, UsedThreshold: 1228MB
[2,702s][debug][gc,nmethod     ] Register NMethod: io.sirix.node.NodeSerializerImpl.serializeDeweyID (0x00007943f7e52a88) [0x00007943f7e52b80, 0x00007943f7e52ef8] Compiler: c1, Barriers: 2, Oops: 1, ImmediateOops: 0, NonImmediateOops: No
[2,703s][debug][gc,nmethod     ] Register NMethod: io.sirix.node.NodeSerializerImpl.writeDeweyID (0x00007943f7e52f08) [0x00007943f7e53000, 0x00007943f7e53320] Compiler: c1, Barriers: 3, Oops: 1, ImmediateOops: 0, NonImmediateOops: No
[2,703s][debug][gc,nmethod     ] Register NMethod: io.sirix.page.KeyValueLeafPage.getDeweyId (0x00007943f7e53388) [0x00007943f7e53480, 0x00007943f7e58c30] Compiler: c1, Barriers: 21, Oops: 7, ImmediateOops: 12, NonImmediateOops: No
[2,704s][debug][gc,nmethod     ] Register NMethod: jdk.internal.foreign.AbstractMemorySegmentImpl$$Lambda/0x00000000a9220120.apply (0x00007943f7e58c88) [0x00007943f7e58d80, 0x00007943f7e58f60] Compiler: c1, Barriers: 0, Oops: 0, ImmediateOops: 0, NonImmediateOops: No
[2,704s][debug][gc,nmethod     ] Register NMethod: jdk.internal.foreign.AbstractMemorySegmentImpl$$Lambda/0x00000000a9221260.apply (0x00007943f7e58f88) [0x00007943f7e59080, 0x00007943f7e59418] Compiler: c1, Barriers: 0, Oops: 0, ImmediateOops: 0, NonImmediateOops: No
[2,704s][debug][gc,nmethod     ] Register NMethod: jdk.internal.foreign.Utils.isPowerOfTwo (0x00007943f7e59488) [0x00007943f7e59580, 0x00007943f7e596c0] Compiler: c1, Barriers: 0, Oops: 0, ImmediateOops: 0, NonImmediateOops: No
[2,704s][debug][gc,nmethod     ] Register NMethod: jdk.internal.foreign.layout.MemoryLayoutUtil.requireByteSizeValid (0x00007943f7e59788) [0x00007943f7e59880, 0x00007943f7e5a5e8] Compiler: c1, Barriers: 0, Oops: 1, ImmediateOops: 2, NonImmediateOops: No
[2,704s][debug][gc,nmethod     ] Register NMethod: jdk.internal.foreign.layout.ValueLayouts$AbstractValueLayout.assertCarrierSize (0x00007943f7e5a608) [0x00007943f7e5a700, 0x00007943f7e5a810] Compiler: c1, Barriers: 0, Oops: 0, ImmediateOops: 0, NonImmediateOops: No
[2,704s][debug][gc,nmethod     ] Register NMethod: jdk.internal.foreign.layout.AbstractLayout.requirePowerOfTwoAndGreaterOrEqualToOne (0x00007943f7e5a908) [0x00007943f7e5aa00, 0x00007943f7e5b780] Compiler: c1, Barriers: 0, Oops: 1, ImmediateOops: 2, NonImmediateOops: No
[2,704s][debug][gc,nmethod     ] Register NMethod: jdk.internal.foreign.layout.ValueLayouts$OfByteImpl.<init> (0x00007943f7e5b808) [0x00007943f7e5b900, 0x00007943f7e5ba58] Compiler: c1, Barriers: 0, Oops: 0, ImmediateOops: 1, NonImmediateOops: No
[2,704s][debug][gc,director    ] Rule Major: Warmup 10%, Used: 400MB, UsedThreshold: 1228MB
[2,705s][debug][gc,nmethod     ] Register NMethod: jdk.internal.foreign.ArenaImpl.allocate (0x0000794416d4d888) [0x0000794416d4d980, 0x0000794416d4e520] Compiler: jvmci, Barriers: 26, Oops: 1, ImmediateOops: 6, NonImmediateOops: No
[2,705s][debug][gc,nmethod     ] Register NMethod: jdk.internal.foreign.layout.ValueLayouts$OfByteImpl.withOrder (0x00007943f7e5bb08) [0x00007943f7e5bc00, 0x00007943f7e5bf50] Compiler: c1, Barriers: 0, Oops: 0, ImmediateOops: 0, NonImmediateOops: No
[2,705s][debug][gc,nmethod     ] Register NMethod: jdk.internal.foreign.layout.ValueLayouts$AbstractValueLayout.withOrder (0x00007943f7e5bf88) [0x00007943f7e5c080, 0x00007943f7e5c8b0] Compiler: c1, Barriers: 1, Oops: 0, ImmediateOops: 0, NonImmediateOops: No
[2,705s][debug][gc,nmethod     ] Register NMethod: jdk.internal.foreign.layout.ValueLayouts$OfByteImpl.dup (0x00007943f7e5c908) [0x00007943f7e5ca00, 0x00007943f7e5ccf8] Compiler: c1, Barriers: 0, Oops: 0, ImmediateOops: 0, NonImmediateOops: No
[2,706s][debug][gc,nmethod     ] Register NMethod: jdk.internal.foreign.AbstractMemorySegmentImpl.toArray (0x00007943f7e5cd08) [0x00007943f7e5ce00, 0x00007943f7e5d2e0] Compiler: c1, Barriers: 0, Oops: 4, ImmediateOops: 3, NonImmediateOops: No
[2,706s][debug][gc,nmethod     ] Register NMethod: jdk.internal.foreign.layout.ValueLayouts$OfByteImpl.dup (0x00007943f7e5d308) [0x00007943f7e5d400, 0x00007943f7e5d5b0] Compiler: c1, Barriers: 0, Oops: 0, ImmediateOops: 0, NonImmediateOops: No
[2,706s][debug][gc,nmethod     ] Register NMethod: io.sirix.access.trx.node.xml.XmlNodeFactoryImpl.createTextNode (0x0000794416d4e588) [0x0000794416d4e680, 0x0000794416d52468] Compiler: jvmci, Barriers: 173, Oops: 14, ImmediateOops: 10, NonImmediateOops: No
[2,706s][debug][gc,nmethod     ] Register NMethod: jdk.internal.foreign.layout.ValueLayouts$AbstractValueLayout.<init> (0x00007943f7e5d608) [0x00007943f7e5d700, 0x00007943f7e5dc68] Compiler: c1, Barriers: 9, Oops: 0, ImmediateOops: 0, NonImmediateOops: No
[2,707s][debug][gc,nmethod     ] Register NMethod: io.sirix.node.NodeKind$1.serialize (0x00007943f7e5dc88) [0x00007943f7e5dd80, 0x00007943f7e98c38] Compiler: c1, Barriers: 235, Oops: 19, ImmediateOops: 124, NonImmediateOops: No
[2,707s][debug][gc,nmethod     ] Register NMethod: jdk.internal.foreign.AbstractMemorySegmentImpl.toArray (0x00007943f7e98d08) [0x00007943f7e98e00, 0x00007943f7ea3af0] Compiler: c1, Barriers: 14, Oops: 6, ImmediateOops: 23, NonImmediateOops: No
[2,707s][debug][gc,nmethod     ] Register NMethod: java.lang.Class.getSimpleName (0x00007943f7ea3b88) [0x00007943f7ea3c80, 0x00007943f7ea3ee0] Compiler: c1, Barriers: 4, Oops: 0, ImmediateOops: 0, NonImmediateOops: No
[2,708s][debug][gc,nmethod     ] Register NMethod: io.sirix.node.NodeSerializerImpl.serializeDeweyID (0x00007943f7ea3f08) [0x00007943f7ea4000, 0x00007943f7ea46a8] Compiler: c1, Barriers: 2, Oops: 1, ImmediateOops: 0, NonImmediateOops: No
[2,708s][debug][gc,nmethod     ] Register NMethod: io.sirix.node.NodeSerializerImpl.writeDeweyID (0x00007943f7ea4708) [0x00007943f7ea4800, 0x00007943f7ea4cf0] Compiler: c1, Barriers: 3, Oops: 1, ImmediateOops: 0, NonImmediateOops: No
[2,712s][debug][gc,nmethod     ] Register NMethod: sun.security.provider.SHA2.implCompress0 (0x00007943f7ea4d08) [0x00007943f7ea4e00, 0x00007943f7ea5ab0] Compiler: c1, Barriers: 8, Oops: 0, ImmediateOops: 1, NonImmediateOops: No
[2,714s][debug][gc,nmethod     ] Register NMethod: io.sirix.node.xml.TextNode.computeHash (0x0000794416d52508) [0x0000794416d52600, 0x0000794416d55da0] Compiler: jvmci, Barriers: 66, Oops: 9, ImmediateOops: 1, NonImmediateOops: No
[2,714s][debug][gc,nmethod     ] Register NMethod: jdk.internal.foreign.MemorySessionImpl.addInternal (0x0000794416d55e08) [0x0000794416d55f00, 0x0000794416d56460] Compiler: jvmci, Barriers: 23, Oops: 0, ImmediateOops: 1, NonImmediateOops: No
[2,715s][debug][gc,director    ] Rule Major: Warmup 10%, Used: 402MB, UsedThreshold: 1228MB
[2,715s][debug][gc,nmethod     ] Register NMethod: sun.security.provider.ByteArrayAccess.b2iBig64 (0x00007943f7ea5b08) [0x00007943f7ea5c00, 0x00007943f7eb0540] Compiler: c1, Barriers: 0, Oops: 5, ImmediateOops: 80, NonImmediateOops: No
[2,719s][debug][gc,nmethod     ] Register NMethod: sun.security.provider.SHA2.implCompress (0x00007943f7eb0588) [0x00007943f7eb0680, 0x00007943f7eb0a90] Compiler: c1, Barriers: 0, Oops: 1, ImmediateOops: 1, NonImmediateOops: No
[2,721s][debug][gc,nmethod     ] Register NMethod: io.sirix.node.NodeSerializerImpl.serializeDeweyID (0x00007943f7eb0b08) [0x00007943f7eb0c00, 0x00007943f7eb11e8] Compiler: c1, Barriers: 2, Oops: 1, ImmediateOops: 0, NonImmediateOops: No
[2,723s][debug][gc,nmethod     ] Register NMethod: jdk.internal.foreign.MemorySessionImpl.checkValidStateRaw (0x0000794416d56488) [0x0000794416d56580, 0x0000794416d566f8] Compiler: jvmci, Barriers: 2, Oops: 0, ImmediateOops: 0, NonImmediateOops: No
[2,725s][debug][gc,nmethod     ] Register NMethod: jdk.internal.foreign.ArenaImpl.allocate (0x0000794416d56788) [0x0000794416d56880, 0x0000794416d57420] Compiler: jvmci, Barriers: 26, Oops: 1, ImmediateOops: 6, NonImmediateOops: No
[2,725s][debug][gc,director    ] Rule Major: Warmup 10%, Used: 404MB, UsedThreshold: 1228MB
[2,730s][debug][gc,nmethod     ] Register NMethod: io.sirix.node.MemorySegmentBytesOut.writeStopBit (0x0000794416d57488) [0x0000794416d57580, 0x0000794416d58110] Compiler: jvmci, Barriers: 13, Oops: 2, ImmediateOops: 0, NonImmediateOops: No
[2,732s][debug][gc,nmethod     ] Register NMethod: jdk.internal.foreign.AbstractMemorySegmentImpl.checkAccess (0x0000794416d58188) [0x0000794416d58280, 0x0000794416d583f8] Compiler: jvmci, Barriers: 0, Oops: 0, ImmediateOops: 0, NonImmediateOops: No
[2,734s][debug][gc,nmethod     ] Register NMethod: jdk.internal.foreign.AbstractMemorySegmentImpl.isAlignedForElement (0x0000794416d58488) [0x0000794416d58580, 0x0000794416d58808] Compiler: jvmci, Barriers: 0, Oops: 0, ImmediateOops: 0, NonImmediateOops: No
[2,734s][debug][gc,nmethod     ] Register NMethod: io.sirix.node.xml.AttributeNode.getDeweyID (0x00007943f7eb1208) [0x00007943f7eb1300, 0x00007943f7eb1628] Compiler: c1, Barriers: 6, Oops: 1, ImmediateOops: 0, NonImmediateOops: No
[2,734s][debug][gc,nmethod     ] Register NMethod: java.nio.Buffer.nextPutIndex (0x00007943f7eb1688) [0x00007943f7eb1780, 0x00007943f7eb18f8] Compiler: c1, Barriers: 0, Oops: 0, ImmediateOops: 0, NonImmediateOops: No
[2,735s][debug][gc,nmethod     ] Register NMethod: java.nio.HeapByteBuffer.putLong (0x00007943f7eb1988) [0x00007943f7eb1a80, 0x00007943f7eb1f58] Compiler: c1, Barriers: 6, Oops: 1, ImmediateOops: 3, NonImmediateOops: No
[2,735s][debug][gc,nmethod     ] Register NMethod: java.util.Arrays.sort (0x00007943f7eb1f88) [0x00007943f7eb2080, 0x00007943f7eb2238] Compiler: c1, Barriers: 0, Oops: 0, ImmediateOops: 0, NonImmediateOops: No
[2,735s][debug][gc,nmethod     ] Register NMethod: jdk.internal.misc.ScopedMemoryAccess.getLongUnaligned (0x0000794416d58888) [0x0000794416d58980, 0x0000794416d58b40] Compiler: jvmci, Barriers: 2, Oops: 0, ImmediateOops: 0, NonImmediateOops: No
[2,738s][debug][gc,director    ] Rule Major: Warmup 10%, Used: 406MB, UsedThreshold: 1228MB
[2,741s][debug][gc,nmethod     ] Register NMethod: io.sirix.node.SirixDeweyID.setDivisionBitArray (0x0000794416d58b88) [0x0000794416d58c80, 0x0000794416d59428] Compiler: jvmci, Barriers: 4, Oops: 1, ImmediateOops: 3, NonImmediateOops: No
[2,741s][debug][gc,nmethod     ] Register NMethod: io.sirix.page.PageKind$1.serializePage (0x00007943f7eb2288) [0x00007943f7eb2380, 0x00007943f7ec01b0] Compiler: c1, Barriers: 65, Oops: 7, ImmediateOops: 10, NonImmediateOops: No
[2,742s][debug][gc,nmethod     ] Register NMethod: sun.security.provider.SHA2.implCompress0 (0x0000794416d59488) [0x0000794416d59580, 0x0000794416d59e48] Compiler: jvmci, Barriers: 2, Oops: 0, ImmediateOops: 1, NonImmediateOops: No
[2,746s][debug][gc,nmethod     ] Register NMethod: io.sirix.page.PageKind$1.serializePage (0x00007943f7ec0208) [0x00007943f7ec0300, 0x00007943f7ecdd00] Compiler: c1, Barriers: 65, Oops: 7, ImmediateOops: 10, NonImmediateOops: No
[2,748s][debug][gc,nmethod     ] Register NMethod: java.lang.invoke.VarHandleGuards.guard_LJ_I (0x0000794416d59e88) [0x0000794416d59f80, 0x0000794416d5a6b8] Compiler: jvmci, Barriers: 23, Oops: 0, ImmediateOops: 5, NonImmediateOops: No
[2,748s][debug][gc,nmethod     ] Register NMethod: io.sirix.node.MemorySegmentBytesOut.writeByte (0x0000794416d5a708) [0x0000794416d5a800, 0x0000794416d5acc8] Compiler: jvmci, Barriers: 6, Oops: 1, ImmediateOops: 0, NonImmediateOops: No
[2,748s][debug][gc,director    ] Rule Major: Warmup 10%, Used: 408MB, UsedThreshold: 1228MB
[2,748s][debug][gc,nmethod     ] Register NMethod: java.nio.Buffer.nextPutIndex (0x00007943f7ecdd88) [0x00007943f7ecde80, 0x00007943f7ecdff8] Compiler: c1, Barriers: 0, Oops: 0, ImmediateOops: 0, NonImmediateOops: No
[2,748s][debug][gc,nmethod     ] Register NMethod: java.nio.HeapByteBuffer.put (0x00007943f7ece088) [0x00007943f7ece180, 0x00007943f7ece368] Compiler: c1, Barriers: 1, Oops: 0, ImmediateOops: 0, NonImmediateOops: No
[2,753s][debug][gc,nmethod     ] Register NMethod: io.sirix.page.PageKind$1.serializePage (0x00007943f7ece388) [0x00007943f7ece480, 0x00007943f7edc1c0] Compiler: c1, Barriers: 65, Oops: 7, ImmediateOops: 10, NonImmediateOops: No
[2,757s][debug][gc,nmethod     ] Register NMethod: java.lang.invoke.VarHandleSegmentAsInts.get (0x0000794416d5ad08) [0x0000794416d5ae00, 0x0000794416d5b5c0] Compiler: jvmci, Barriers: 4, Oops: 0, ImmediateOops: 0, NonImmediateOops: No
[2,759s][debug][gc,nmethod     ] Register NMethod: java.lang.ref.SoftReference.get (0x0000794416d5b608) [0x0000794416d5b700, 0x0000794416d5b838] Compiler: jvmci, Barriers: 2, Oops: 0, ImmediateOops: 1, NonImmediateOops: No
[2,759s][debug][gc,director    ] Rule Major: Warmup 10%, Used: 412MB, UsedThreshold: 1228MB
[2,761s][debug][gc,nmethod     ] Register NMethod: sun.security.provider.SHA2.implCompress0 (0x0000794416d5b908) [0x0000794416d5ba00, 0x0000794416d5beb8] Compiler: jvmci, Barriers: 2, Oops: 0, ImmediateOops: 1, NonImmediateOops: No
[2,766s][debug][gc,nmethod     ] Register NMethod: io.sirix.page.KeyValueLeafPage.getDeweyId (0x0000794416d5bf08) [0x0000794416d5c000, 0x0000794416d5c9b8] Compiler: jvmci, Barriers: 13, Oops: 3, ImmediateOops: 0, NonImmediateOops: No
[2,768s][debug][gc,nmethod     ] Register NMethod: io.sirix.page.PageKind$1.serializePage (0x00007943f7edc208) [0x00007943f7edc300, 0x00007943f7ee9e68] Compiler: c1, Barriers: 65, Oops: 7, ImmediateOops: 10, NonImmediateOops: No
[2,771s][debug][gc,director    ] Rule Major: Warmup 10%, Used: 414MB, UsedThreshold: 1228MB
[2,781s][debug][gc,director    ] Rule Major: Warmup 10%, Used: 414MB, UsedThreshold: 1228MB
[2,786s][debug][gc,nmethod     ] Register NMethod: sun.security.provider.SHA2.implCompress0 (0x0000794416d5ca08) [0x0000794416d5cb00, 0x0000794416d5d860] Compiler: jvmci, Barriers: 5, Oops: 0, ImmediateOops: 1, NonImmediateOops: No
[2,787s][debug][gc,nmethod     ] Register NMethod: io.sirix.page.KeyValueLeafPage.alignOffset (0x0000794416d5d888) [0x0000794416d5d980, 0x0000794416d5d9e8] Compiler: jvmci, Barriers: 0, Oops: 1, ImmediateOops: 0, NonImmediateOops: No
[2,788s][debug][gc,nmethod     ] Register NMethod: jdk.internal.foreign.AbstractMemorySegmentImpl.<init> (0x0000794416d5db88) [0x0000794416d5dca0, 0x0000794416d5dd98] Compiler: jvmci, Barriers: 3, Oops: 0, ImmediateOops: 0, NonImmediateOops: No
[2,788s][debug][gc,alloc       ] Mutator Allocation Rate: 285,0MB/s Predicted: 347,8MB/s, Avg: 242,9(+/-57,0)MB/s
[2,788s][debug][gc,director    ] Rule Major: Warmup 10%, Used: 420MB, UsedThreshold: 1228MB
[2,788s][debug][gc,nmethod     ] Register NMethod: net.jpountz.xxhash.XXHashJNI.XXH32_init (0x0000794416d5de88) [0x0000794416d5df80, 0x0000794416d5e0e8] Compiler: , Barriers: 0, Oops: 1, ImmediateOops: 1, NonImmediateOops: No
[2,789s][debug][gc,nmethod     ] Register NMethod: net.jpountz.lz4.LZ4BlockOutputStream.writeIntLE (0x00007943f7ee9f08) [0x00007943f7eea000, 0x00007943f7eea180] Compiler: c1, Barriers: 0, Oops: 1, ImmediateOops: 0, NonImmediateOops: No
[2,792s][debug][gc,nmethod     ] Register NMethod: net.jpountz.xxhash.StreamingXXHash32JNI.checkState (0x00007943f7eea208) [0x00007943f7eea300, 0x00007943f7eea4d0] Compiler: c1, Barriers: 0, Oops: 1, ImmediateOops: 1, NonImmediateOops: No
[2,795s][debug][gc,nmethod     ] Register NMethod: jdk.internal.foreign.AbstractMemorySegmentImpl.get (0x0000794416d5e188) [0x0000794416d5e280, 0x0000794416d5e928] Compiler: jvmci, Barriers: 14, Oops: 1, ImmediateOops: 4, NonImmediateOops: No
[2,798s][debug][gc,director    ] Rule Major: Warmup 10%, Used: 424MB, UsedThreshold: 1228MB
[2,802s][debug][gc,nmethod     ] Register NMethod: io.sirix.node.SirixDeweyID.toBytes (0x0000794416d5e988) [0x0000794416d5ea80, 0x0000794416d60030] Compiler: jvmci, Barriers: 11, Oops: 1, ImmediateOops: 3, NonImmediateOops: No
[2,803s][debug][gc,nmethod     ] Register NMethod: jdk.internal.foreign.HeapMemorySegmentImpl$OfByte.unsafeGetOffset (0x0000794416d60088) [0x0000794416d60180, 0x0000794416d60208] Compiler: jvmci, Barriers: 0, Oops: 0, ImmediateOops: 0, NonImmediateOops: No
[2,808s][debug][gc,director    ] Rule Major: Warmup 10%, Used: 424MB, UsedThreshold: 1228MB
[2,810s][debug][gc,nmethod     ] Register NMethod: io.sirix.node.xml.AttributeNode.getKind (0x00007943f7eea508) [0x00007943f7eea600, 0x00007943f7eea920] Compiler: c1, Barriers: 0, Oops: 1, ImmediateOops: 1, NonImmediateOops: No
[2,810s][debug][gc,nmethod     ] Register NMethod: io.sirix.page.KeyValueLeafPage.getAvailableSpace (0x0000794416d60388) [0x0000794416d60480, 0x0000794416d60958] Compiler: jvmci, Barriers: 4, Oops: 3, ImmediateOops: 0, NonImmediateOops: No
[2,811s][debug][gc,nmethod     ] Register NMethod: jdk.internal.foreign.HeapMemorySegmentImpl$OfByte.unsafeGetBase (0x0000794416d60988) [0x0000794416d60a80, 0x0000794416d60b88] Compiler: jvmci, Barriers: 1, Oops: 0, ImmediateOops: 0, NonImmediateOops: No
[2,812s][debug][gc,nmethod     ] Register NMethod: io.sirix.node.NodeKind$2.serialize (0x00007943f7eea988) [0x00007943f7eeaa80, 0x00007943f7f0f400] Compiler: c1, Barriers: 145, Oops: 15, ImmediateOops: 77, NonImmediateOops: No
[2,813s][debug][gc,nmethod     ] Register NMethod: jdk.internal.foreign.Utils.checkElementAlignment (0x0000794416d60c88) [0x0000794416d60d80, 0x0000794416d60e60] Compiler: jvmci, Barriers: 0, Oops: 0, ImmediateOops: 0, NonImmediateOops: No
[2,813s][debug][gc,nmethod     ] Register NMethod: jdk.internal.foreign.SegmentFactories.ensureInitialized (0x0000794416d60f88) [0x0000794416d61080, 0x0000794416d610e0] Compiler: jvmci, Barriers: 0, Oops: 0, ImmediateOops: 0, NonImmediateOops: No
[2,813s][debug][gc,nmethod     ] Register NMethod: io.sirix.node.GrowingMemorySegment.<init> (0x0000794416d61288) [0x0000794416d61380, 0x0000794416d62080] Compiler: jvmci, Barriers: 32, Oops: 2, ImmediateOops: 6, NonImmediateOops: No
[2,818s][debug][gc,nmethod     ] Register NMethod: io.sirix.node.NodeSerializerImpl.serializeDeweyID (0x0000794416d62108) [0x0000794416d62200, 0x0000794416d633f8] Compiler: jvmci, Barriers: 18, Oops: 3, ImmediateOops: 0, NonImmediateOops: No
[2,818s][debug][gc,nmethod     ] Register NMethod: jdk.internal.foreign.MemorySessionImpl$ResourceList.cleanup (0x00007943f7f0f488) [0x00007943f7f0f580, 0x00007943f7f0fd18] Compiler: c1, Barriers: 1, Oops: 0, ImmediateOops: 0, NonImmediateOops: No
[2,819s][debug][gc,director    ] Rule Major: Warmup 10%, Used: 438MB, UsedThreshold: 1228MB
[2,819s][debug][gc,nmethod     ] Register NMethod: io.sirix.node.NodeSerializerImpl.serializeDeweyID (0x00007943f7f0fd88) [0x00007943f7f0fe80, 0x00007943f7f10440] Compiler: c1, Barriers: 2, Oops: 1, ImmediateOops: 0, NonImmediateOops: No
[2,820s][debug][gc,nmethod     ] Register NMethod: io.sirix.page.KeyValueLeafPage.updateLastSlotIndex (0x0000794416d63488) [0x0000794416d63580, 0x0000794416d63798] Compiler: jvmci, Barriers: 2, Oops: 1, ImmediateOops: 0, NonImmediateOops: No
[2,821s][debug][gc,nmethod     ] Register NMethod: jdk.internal.misc.Unsafe.checkPointer (0x0000794416d63808) [0x0000794416d63900, 0x0000794416d639e8] Compiler: jvmci, Barriers: 0, Oops: 0, ImmediateOops: 0, NonImmediateOops: No
[2,823s][debug][gc,nmethod     ] Register NMethod: jdk.internal.misc.ScopedMemoryAccess.putLongUnaligned (0x0000794416d63b08) [0x0000794416d63c00, 0x0000794416d63de8] Compiler: jvmci, Barriers: 2, Oops: 0, ImmediateOops: 0, NonImmediateOops: No
[2,823s][debug][gc,nmethod     ] Register NMethod: jdk.internal.misc.ScopedMemoryAccess.getScopedMemoryAccess (0x0000794416d63e08) [0x0000794416d63f00, 0x0000794416d63f70] Compiler: jvmci, Barriers: 0, Oops: 0, ImmediateOops: 1, NonImmediateOops: No
[2,828s][debug][gc,nmethod     ] Register NMethod: io.sirix.node.MemorySegmentBytesOut.write (0x0000794416d64108) [0x0000794416d64200, 0x0000794416d647e8] Compiler: jvmci, Barriers: 7, Oops: 4, ImmediateOops: 1, NonImmediateOops: No
[2,829s][debug][gc,director    ] Rule Major: Warmup 10%, Used: 438MB, UsedThreshold: 1228MB
[2,829s][debug][gc,nmethod     ] Register NMethod: jdk.internal.misc.ScopedMemoryAccess.copyMemory (0x0000794416d64888) [0x0000794416d64980, 0x0000794416d64dd8] Compiler: jvmci, Barriers: 7, Oops: 1, ImmediateOops: 0, NonImmediateOops: No
[2,831s][debug][gc,nmethod     ] Register NMethod: net.jpountz.util.SafeUtils.checkRange (0x00007943f7f10488) [0x00007943f7f10580, 0x00007943f7f108b0] Compiler: c1, Barriers: 0, Oops: 1, ImmediateOops: 1, NonImmediateOops: No
[2,831s][debug][gc,nmethod     ] Register NMethod: net.jpountz.util.SafeUtils.checkLength (0x00007943f7f10908) [0x00007943f7f10a00, 0x00007943f7f10ba0] Compiler: c1, Barriers: 0, Oops: 1, ImmediateOops: 1, NonImmediateOops: No
[2,832s][debug][gc,nmethod     ] Register NMethod: java.util.concurrent.ForkJoinTask.doExec (0x00007943f7f10c08) [0x00007943f7f10d00, 0x00007943f7f10f38] Compiler: c1, Barriers: 0, Oops: 0, ImmediateOops: 0, NonImmediateOops: No
[2,832s][debug][gc,nmethod     ] Register NMethod: io.sirix.page.KeyValueLeafPage.updateFreeSpaceStart (0x0000794416d64e08) [0x0000794416d64f00, 0x0000794416d65350] Compiler: jvmci, Barriers: 4, Oops: 3, ImmediateOops: 0, NonImmediateOops: No
[2,832s][debug][gc,nmethod     ] Register NMethod: jdk.internal.foreign.HeapMemorySegmentImpl$OfByte.<init> (0x0000794416d65388) [0x0000794416d654a0, 0x0000794416d65608] Compiler: jvmci, Barriers: 6, Oops: 0, ImmediateOops: 0, NonImmediateOops: No
[2,833s][debug][gc,nmethod     ] Register NMethod: java.util.BitSet.toByteArray (0x00007943f7f10f88) [0x00007943f7f11080, 0x00007943f7f11638] Compiler: c1, Barriers: 3, Oops: 0, ImmediateOops: 1, NonImmediateOops: No
[2,834s][debug][gc,nmethod     ] Register NMethod: jdk.internal.foreign.SegmentFactories.fromArray (0x0000794416d65688) [0x0000794416d65780, 0x0000794416d65a00] Compiler: jvmci, Barriers: 7, Oops: 0, ImmediateOops: 0, NonImmediateOops: No
[2,838s][debug][gc,nmethod     ] Register NMethod: jdk.internal.misc.Unsafe.park (0x0000794416d65a08) [0x0000794416d65b00, 0x0000794416d65c48] Compiler: , Barriers: 0, Oops: 0, ImmediateOops: 0, NonImmediateOops: No
[2,839s][debug][gc,director    ] Rule Major: Warmup 10%, Used: 444MB, UsedThreshold: 1228MB
[2,839s][debug][gc,nmethod     ] Register NMethod: java.util.concurrent.ForkJoinTask.noUserHelp (0x00007943f7f11688) [0x00007943f7f11780, 0x00007943f7f11888] Compiler: c1, Barriers: 0, Oops: 0, ImmediateOops: 0, NonImmediateOops: No
[2,839s][debug][gc,nmethod     ] Register NMethod: jdk.internal.foreign.MemorySessionImpl$ResourceList.cleanup (0x00007943f7f11988) [0x00007943f7f11a80, 0x00007943f7f121b0] Compiler: c1, Barriers: 1, Oops: 0, ImmediateOops: 0, NonImmediateOops: No
[2,841s][debug][gc,nmethod     ] Register NMethod: java.lang.Class.reflectionData (0x0000794416d65d08) [0x0000794416d65e00, 0x0000794416d663f8] Compiler: jvmci, Barriers: 17, Oops: 0, ImmediateOops: 2, NonImmediateOops: No
[2,841s][debug][gc,nmethod     ] Register NMethod: io.sirix.node.GrowingMemorySegment.ensureCapacity (0x0000794416d66408) [0x0000794416d66500, 0x0000794416d665e0] Compiler: jvmci, Barriers: 0, Oops: 1, ImmediateOops: 0, NonImmediateOops: No
[2,842s][debug][gc,nmethod     ] Register NMethod: jdk.internal.misc.Unsafe.putReferenceOpaque (0x00007943f7f12208) [0x00007943f7f12300, 0x00007943f7f12478] Compiler: c1, Barriers: 3, Oops: 0, ImmediateOops: 0, NonImmediateOops: No
[2,843s][debug][gc,nmethod     ] Register NMethod: java.lang.invoke.VarHandleSegmentAsLongs.set (0x0000794416d66708) [0x0000794416d66800, 0x0000794416d66fc0] Compiler: jvmci, Barriers: 4, Oops: 0, ImmediateOops: 0, NonImmediateOops: No
[2,845s][debug][gc,nmethod     ] Register NMethod: java.util.concurrent.locks.LockSupport.setCurrentBlocker (0x00007943f7f12508) [0x00007943f7f12600, 0x00007943f7f12740] Compiler: c1, Barriers: 1, Oops: 0, ImmediateOops: 1, NonImmediateOops: No
[2,845s][debug][gc,nmethod     ] Register NMethod: sun.security.provider.DigestBase.engineGetDigestLength (0x0000794416d67008) [0x0000794416d67100, 0x0000794416d671c0] Compiler: c1, Barriers: 0, Oops: 0, ImmediateOops: 0, NonImmediateOops: No
[2,845s][debug][gc,nmethod     ] Register NMethod: net.jpountz.xxhash.XXHashJNI.XXH32_update (0x0000794416d67308) [0x0000794416d67400, 0x0000794416d67570] Compiler: , Barriers: 0, Oops: 1, ImmediateOops: 1, NonImmediateOops: No
[2,845s][debug][gc,nmethod     ] Register NMethod: net.jpountz.xxhash.XXHashJNI.XXH32_digest (0x0000794416d67608) [0x0000794416d67700, 0x0000794416d67868] Compiler: , Barriers: 0, Oops: 1, ImmediateOops: 1, NonImmediateOops: No
[2,846s][debug][gc,nmethod     ] Register NMethod: jdk.internal.foreign.AbstractMemorySegmentImpl$$Lambda/0x00000000a9221260.apply (0x0000794416d67908) [0x0000794416d67a00, 0x0000794416d67cf8] Compiler: jvmci, Barriers: 7, Oops: 0, ImmediateOops: 0, NonImmediateOops: No
[2,846s][debug][gc,nmethod     ] Register NMethod: net.jpountz.xxhash.XXHashJNI.XXH32_free (0x0000794416d67d08) [0x0000794416d67e00, 0x0000794416d67f58] Compiler: , Barriers: 0, Oops: 1, ImmediateOops: 1, NonImmediateOops: No
[2,848s][debug][gc,nmethod     ] Register NMethod: java.util.concurrent.ForkJoinPool.deactivate (0x00007943f7f12808) [0x00007943f7f12900, 0x00007943f7f12fb0] Compiler: c1, Barriers: 4, Oops: 0, ImmediateOops: 0, NonImmediateOops: No
[2,849s][debug][gc,director    ] Rule Major: Warmup 10%, Used: 456MB, UsedThreshold: 1228MB
[2,854s][debug][gc,nmethod     ] Register NMethod: java.util.concurrent.ConcurrentHashMap$EntrySpliterator.characteristics (0x0000794416d68008) [0x0000794416d68100, 0x0000794416d681c0] Compiler: c1, Barriers: 0, Oops: 0, ImmediateOops: 0, NonImmediateOops: No
[2,854s][debug][gc,nmethod     ] Register NMethod: java.util.concurrent.ConcurrentHashMap.sumCount (0x00007943f7f13008) [0x00007943f7f13100, 0x00007943f7f13308] Compiler: c1, Barriers: 2, Oops: 0, ImmediateOops: 0, NonImmediateOops: No
[2,855s][debug][gc,nmethod     ] Register NMethod: sun.security.provider.DigestBase.implCompressMultiBlock0 (0x00007943f7f13388) [0x00007943f7f13480, 0x00007943f7f138e8] Compiler: c1, Barriers: 0, Oops: 0, ImmediateOops: 0, NonImmediateOops: No
[2,857s][debug][gc,nmethod     ] Register NMethod: sun.security.provider.DigestBase.implCompressMultiBlock0 (0x00007943f7f13908) [0x00007943f7f13a00, 0x00007943f7f13dd0] Compiler: c1, Barriers: 0, Oops: 0, ImmediateOops: 0, NonImmediateOops: No
[2,858s][debug][gc,nmethod     ] Register NMethod: java.io.OutputStream.<init> (0x00007943f7f13e08) [0x00007943f7f13f00, 0x00007943f7f13ff8] Compiler: c1, Barriers: 0, Oops: 0, ImmediateOops: 0, NonImmediateOops: No
[2,859s][debug][gc,director    ] Rule Major: Warmup 10%, Used: 462MB, UsedThreshold: 1228MB
[2,860s][debug][gc,nmethod     ] Register NMethod: jdk.internal.foreign.GlobalSession.acquire0 (0x00007943f7f14108) [0x00007943f7f14200, 0x00007943f7f142f8] Compiler: c1, Barriers: 0, Oops: 0, ImmediateOops: 0, NonImmediateOops: No
[2,860s][debug][gc,nmethod     ] Register NMethod: jdk.internal.foreign.GlobalSession.release0 (0x00007943f7f14408) [0x00007943f7f14500, 0x00007943f7f145f8] Compiler: c1, Barriers: 0, Oops: 0, ImmediateOops: 0, NonImmediateOops: No
[2,861s][debug][gc,nmethod     ] Register NMethod: java.lang.invoke.MethodHandle.maybeCustomize (0x00007943f7766108) [0x00007943f7766200, 0x00007943f7766898] Compiler: c1, Barriers: 2, Oops: 0, ImmediateOops: 0, NonImmediateOops: No
[2,861s][debug][gc,nmethod     ] Register NMethod: java.util.concurrent.ConcurrentHashMap$Traverser.<init> (0x00007943f7f14708) [0x00007943f7f14800, 0x00007943f7f14a00] Compiler: c1, Barriers: 6, Oops: 0, ImmediateOops: 0, NonImmediateOops: No
[2,861s][debug][gc,nmethod     ] Register NMethod: jdk.internal.foreign.abi.SharedUtils.checkNative (0x00007943f7f14a08) [0x00007943f7f14b00, 0x00007943f7f14ee0] Compiler: c1, Barriers: 0, Oops: 0, ImmediateOops: 3, NonImmediateOops: No
[2,862s][debug][gc,nmethod     ] Register NMethod: jdk.internal.foreign.AbstractMemorySegmentImpl.toArray (0x0000794416d68308) [0x0000794416d68400, 0x0000794416d68ff8] Compiler: jvmci, Barriers: 22, Oops: 0, ImmediateOops: 2, NonImmediateOops: No
[2,862s][debug][gc,nmethod     ] Register NMethod: io.sirix.node.json.JsonNodeSerializer.writeEndPadding (0x0000794416d69008) [0x0000794416d69100, 0x0000794416d69cd8] Compiler: jvmci, Barriers: 14, Oops: 2, ImmediateOops: 0, NonImmediateOops: No
[2,863s][debug][gc,nmethod     ] Register NMethod: sun.nio.ch.NativeThread.current0 (0x0000794416d69d08) [0x0000794416d69e00, 0x0000794416d69f58] Compiler: , Barriers: 0, Oops: 0, ImmediateOops: 1, NonImmediateOops: No
[2,863s][debug][gc,nmethod     ] Register NMethod: java.nio.channels.spi.AbstractInterruptibleChannel.isOpen (0x00007943f7f14f08) [0x00007943f7f15000, 0x00007943f7f15110] Compiler: c1, Barriers: 0, Oops: 0, ImmediateOops: 0, NonImmediateOops: No
[2,863s][debug][gc,nmethod     ] Register NMethod: io.sirix.node.NodeSerializerImpl.serializeDeweyID (0x0000794416d6a008) [0x0000794416d6a100, 0x0000794416d6b358] Compiler: jvmci, Barriers: 18, Oops: 3, ImmediateOops: 0, NonImmediateOops: No
[2,863s][debug][gc,nmethod     ] Register NMethod: java.util.concurrent.atomic.AtomicInteger.incrementAndGet (0x00007943f7f15208) [0x00007943f7f15300, 0x00007943f7f15410] Compiler: c1, Barriers: 0, Oops: 0, ImmediateOops: 0, NonImmediateOops: No
[2,864s][debug][gc,nmethod     ] Register NMethod: java.nio.channels.spi.AbstractInterruptibleChannel.blockedOn (0x00007943f7f15508) [0x00007943f7f15600, 0x00007943f7f159b8] Compiler: c1, Barriers: 6, Oops: 0, ImmediateOops: 1, NonImmediateOops: No
[2,864s][debug][gc,nmethod     ] Register NMethod: java.lang.Thread.blockedOn (0x00007943f7f15a08) [0x00007943f7f15b00, 0x00007943f7f15e20] Compiler: c1, Barriers: 4, Oops: 0, ImmediateOops: 0, NonImmediateOops: No
[2,864s][debug][gc,nmethod     ] Register NMethod: java.lang.System$1.blockedOn (0x00007943f7f15e88) [0x00007943f7f15f80, 0x00007943f7f162e0] Compiler: c1, Barriers: 5, Oops: 0, ImmediateOops: 0, NonImmediateOops: No
[2,864s][debug][gc,nmethod     ] Register NMethod: java.util.concurrent.ConcurrentHashMap.remove (0x00007943f7f16308) [0x00007943f7f16400, 0x00007943f7f16530] Compiler: c1, Barriers: 0, Oops: 0, ImmediateOops: 0, NonImmediateOops: No
[2,864s][debug][gc,nmethod     ] Register NMethod: jdk.internal.foreign.abi.SharedUtils$1.close (0x00007943f7f16608) [0x00007943f7f16700, 0x00007943f7f167f8] Compiler: c1, Barriers: 0, Oops: 0, ImmediateOops: 0, NonImmediateOops: No
[2,864s][debug][gc,nmethod     ] Register NMethod: java.lang.invoke.NativeMethodHandle.internalNativeEntryPoint (0x00007943f7f16908) [0x00007943f7f16a00, 0x00007943f7f16b40] Compiler: c1, Barriers: 1, Oops: 0, ImmediateOops: 0, NonImmediateOops: No
[2,865s][debug][gc,nmethod     ] Register NMethod: java.lang.invoke.LambdaForm$DMH/0x00000000a91ac000.invokeStatic (0x00007943f7f16c08) [0x00007943f7f16d00, 0x00007943f7f16e78] Compiler: c1, Barriers: 1, Oops: 1, ImmediateOops: 0, NonImmediateOops: No
[2,865s][debug][gc,nmethod     ] Register NMethod: jdk.internal.foreign.AbstractMemorySegmentImpl.equals (0x00007943f7f16f08) [0x00007943f7f17000, 0x00007943f7f17270] Compiler: c1, Barriers: 0, Oops: 0, ImmediateOops: 0, NonImmediateOops: No
[2,865s][debug][gc,nmethod     ] Register NMethod: java.util.concurrent.ConcurrentHashMap$KeySetView.remove (0x00007943f7f17288) [0x00007943f7f17380, 0x00007943f7f17508] Compiler: c1, Barriers: 1, Oops: 0, ImmediateOops: 0, NonImmediateOops: No
[2,865s][debug][gc,nmethod     ] Register NMethod: jdk.internal.foreign.abi.SharedUtils.checkSymbol (0x00007943f7f17588) [0x00007943f7f17680, 0x00007943f7f17b58] Compiler: c1, Barriers: 0, Oops: 0, ImmediateOops: 4, NonImmediateOops: No
[2,865s][debug][gc,nmethod     ] Register NMethod: java.lang.Long.equals (0x00007943f7f17b88) [0x00007943f7f17c80, 0x00007943f7f17e38] Compiler: c1, Barriers: 0, Oops: 0, ImmediateOops: 0, NonImmediateOops: No
[2,865s][debug][gc,nmethod     ] Register NMethod: java.util.concurrent.ConcurrentHashMap.replaceNode (0x00007943f7f17e88) [0x00007943f7f17f80, 0x00007943f7f18ec8] Compiler: c1, Barriers: 18, Oops: 0, ImmediateOops: 1, NonImmediateOops: No
[2,865s][debug][gc,nmethod     ] Register NMethod: java.lang.invoke.LambdaForm$MH/0x00000000a92a2c00.invokeExact_MT (0x00007943f7f18f08) [0x00007943f7f19000, 0x00007943f7f192b0] Compiler: c1, Barriers: 3, Oops: 1, ImmediateOops: 0, NonImmediateOops: No
[2,865s][debug][gc,nmethod     ] Register NMethod: java.lang.invoke.LambdaForm$DMH/0x00000000a9247400.invokeStatic (0x00007943f7f19308) [0x00007943f7f19400, 0x00007943f7f19588] Compiler: c1, Barriers: 1, Oops: 1, ImmediateOops: 0, NonImmediateOops: No
[2,865s][debug][gc,nmethod     ] Register NMethod: java.lang.invoke.LambdaForm$MH/0x00000000a92a8400.invokeExact_MT (0x00007943f7f19608) [0x00007943f7f19700, 0x00007943f7f199c0] Compiler: c1, Barriers: 3, Oops: 1, ImmediateOops: 0, NonImmediateOops: No
[2,865s][debug][gc,nmethod     ] Register NMethod: jdk.internal.foreign.abi.DowncallStub/0x00000000a9247000.invoke (0x00007943f7f19a08) [0x00007943f7f19b00, 0x00007943f7f1a180] Compiler: c1, Barriers: 2, Oops: 4, ImmediateOops: 1, NonImmediateOops: No
[2,865s][debug][gc,nmethod     ] Register NMethod: jdk.internal.foreign.AbstractMemorySegmentImpl$$Lambda/0x00000000a9220120.apply (0x0000794416d6b388) [0x0000794416d6b480, 0x0000794416d6b680] Compiler: jvmci, Barriers: 0, Oops: 0, ImmediateOops: 0, NonImmediateOops: No
[2,866s][debug][gc,nmethod     ] Register NMethod: io.sirix.page.PageReference.getPageFragments (0x0000794416d6b688) [0x0000794416d6b780, 0x0000794416d6b868] Compiler: c1, Barriers: 1, Oops: 1, ImmediateOops: 0, NonImmediateOops: No
[2,866s][debug][gc,nmethod     ] Register NMethod: io.sirix.page.PageReference.getHash (0x0000794416d6b988) [0x0000794416d6ba80, 0x0000794416d6bb68] Compiler: c1, Barriers: 1, Oops: 1, ImmediateOops: 0, NonImmediateOops: No
[2,866s][debug][gc,nmethod     ] Register NMethod: net.jpountz.lz4.LZ4JNI.LZ4_compress_limitedOutput (0x0000794416d6bc88) [0x0000794416d6bd80, 0x0000794416d6bf50] Compiler: , Barriers: 0, Oops: 1, ImmediateOops: 1, NonImmediateOops: No
[2,867s][debug][gc,nmethod     ] Register NMethod: java.io.OutputStream.flush (0x00007943f7f1a208) [0x00007943f7f1a300, 0x00007943f7f1a3f8] Compiler: c1, Barriers: 0, Oops: 0, ImmediateOops: 0, NonImmediateOops: No
[2,868s][debug][gc,nmethod     ] Register NMethod: io.sirix.cache.LinuxMemorySegmentAllocator.release (0x00007943f7f1a508) [0x00007943f7f1a600, 0x00007943f7f1d900] Compiler: c1, Barriers: 94, Oops: 21, ImmediateOops: 29, NonImmediateOops: No
[2,869s][debug][gc,director    ] Rule Major: Warmup 10%, Used: 466MB, UsedThreshold: 1228MB
[2,870s][debug][gc,nmethod     ] Register NMethod: java.lang.Class.getSimpleName (0x0000794416d6bf88) [0x0000794416d6c080, 0x0000794416d6c758] Compiler: jvmci, Barriers: 19, Oops: 0, ImmediateOops: 2, NonImmediateOops: No
[2,871s][debug][gc,nmethod     ] Register NMethod: com.github.benmanes.caffeine.cache.BoundedLocalCache.expiresAfterAccess (0x0000794416d6c788) [0x0000794416d6c880, 0x0000794416d6c940] Compiler: c1, Barriers: 0, Oops: 1, ImmediateOops: 0, NonImmediateOops: No
[2,872s][debug][gc,nmethod     ] Register NMethod: jdk.internal.foreign.layout.ValueLayouts$OfByteImpl.withOrder (0x0000794416d6ca88) [0x0000794416d6cb80, 0x0000794416d6cdd0] Compiler: jvmci, Barriers: 7, Oops: 0, ImmediateOops: 1, NonImmediateOops: No
[2,872s][debug][gc,nmethod     ] Register NMethod: sun.nio.fs.UnixPath.getByteArrayForSysCalls (0x00007943f7f1da08) [0x00007943f7f1db00, 0x00007943f7f1de08] Compiler: c1, Barriers: 4, Oops: 0, ImmediateOops: 0, NonImmediateOops: No
[2,872s][debug][gc,nmethod     ] Register NMethod: jdk.internal.foreign.Utils.isPowerOfTwo (0x0000794416d6ce08) [0x0000794416d6cf00, 0x0000794416d6cfa8] Compiler: jvmci, Barriers: 0, Oops: 0, ImmediateOops: 0, NonImmediateOops: No
[2,872s][debug][gc,nmethod     ] Register NMethod: jdk.internal.foreign.layout.ValueLayouts$AbstractValueLayout.withOrder (0x0000794416d6d108) [0x0000794416d6d200, 0x0000794416d6d470] Compiler: jvmci, Barriers: 7, Oops: 0, ImmediateOops: 1, NonImmediateOops: No
[2,873s][debug][gc,nmethod     ] Register NMethod: jdk.internal.foreign.layout.AbstractLayout.requirePowerOfTwoAndGreaterOrEqualToOne (0x0000794416d6d488) [0x0000794416d6d580, 0x0000794416d6d638] Compiler: jvmci, Barriers: 0, Oops: 0, ImmediateOops: 0, NonImmediateOops: No
[2,873s][debug][gc,nmethod     ] Register NMethod: jdk.internal.foreign.layout.ValueLayouts$OfByteImpl.<init> (0x0000794416d6d788) [0x0000794416d6d880, 0x0000794416d6dad0] Compiler: jvmci, Barriers: 9, Oops: 1, ImmediateOops: 1, NonImmediateOops: No
[2,874s][debug][gc,nmethod     ] Register NMethod: jdk.internal.misc.Unsafe.unpark (0x0000794416d6db08) [0x0000794416d6dc00, 0x0000794416d6dd58] Compiler: , Barriers: 0, Oops: 0, ImmediateOops: 0, NonImmediateOops: No
[2,874s][debug][gc,nmethod     ] Register NMethod: jdk.internal.foreign.layout.ValueLayouts$OfByteImpl.dup (0x0000794416d6de08) [0x0000794416d6df00, 0x0000794416d6e0f8] Compiler: jvmci, Barriers: 6, Oops: 0, ImmediateOops: 1, NonImmediateOops: No
[2,874s][debug][gc,nmethod     ] Register NMethod: jdk.internal.foreign.MemorySessionImpl$ResourceList.cleanupSingle (0x0000794416d6e108) [0x0000794416d6e200, 0x0000794416d6e358] Compiler: jvmci, Barriers: 0, Oops: 0, ImmediateOops: 1, NonImmediateOops: No
[2,874s][debug][gc,nmethod     ] Register NMethod: java.lang.ref.Finalizer.register (0x00007943f7f1de88) [0x00007943f7f1df80, 0x00007943f7f1e0e8] Compiler: c1, Barriers: 0, Oops: 0, ImmediateOops: 0, NonImmediateOops: No
[2,874s][debug][gc,nmethod     ] Register NMethod: io.sirix.page.PageReference.setHash (0x0000794416d6e408) [0x0000794416d6e500, 0x0000794416d6e630] Compiler: c1, Barriers: 3, Oops: 1, ImmediateOops: 0, NonImmediateOops: No
[2,874s][debug][gc,nmethod     ] Register NMethod: java.lang.ref.Finalizer.<init> (0x00007943f7f1e188) [0x00007943f7f1e280, 0x00007943f7f1e810] Compiler: c1, Barriers: 17, Oops: 1, ImmediateOops: 6, NonImmediateOops: No
[2,875s][debug][gc,nmethod     ] Register NMethod: java.lang.ref.FinalReference.<init> (0x00007943f7f1e888) [0x00007943f7f1e980, 0x00007943f7f1eb80] Compiler: c1, Barriers: 6, Oops: 0, ImmediateOops: 1, NonImmediateOops: No
[2,875s][debug][gc,nmethod     ] Register NMethod: io.sirix.page.PageReference.setKey (0x00007943f7f1eb88) [0x00007943f7f1ec80, 0x00007943f7f1ed88] Compiler: c1, Barriers: 0, Oops: 1, ImmediateOops: 0, NonImmediateOops: No
[2,875s][debug][gc,nmethod     ] Register NMethod: java.lang.System.currentTimeMillis (0x0000794416d6e708) [0x0000794416d6e800, 0x0000794416d6e958] Compiler: , Barriers: 0, Oops: 0, ImmediateOops: 1, NonImmediateOops: No
[2,875s][debug][gc,nmethod     ] Register NMethod: jdk.internal.foreign.SegmentFactories$1.cleanup (0x0000794416d6ea08) [0x0000794416d6eb00, 0x0000794416d6ec20] Compiler: jvmci, Barriers: 0, Oops: 0, ImmediateOops: 1, NonImmediateOops: No
[2,875s][debug][gc,nmethod     ] Register NMethod: jdk.internal.foreign.AbstractMemorySegmentImpl.toArray (0x0000794416d6ed08) [0x0000794416d6ee00, 0x0000794416d6f8f0] Compiler: jvmci, Barriers: 22, Oops: 3, ImmediateOops: 3, NonImmediateOops: No
[2,875s][debug][gc,nmethod     ] Register NMethod: com.github.benmanes.caffeine.cache.LocalManualCache.invalidate (0x00007943f7f1ee88) [0x00007943f7f1ef80, 0x00007943f7f1f108] Compiler: c1, Barriers: 1, Oops: 1, ImmediateOops: 0, NonImmediateOops: No
[2,875s][debug][gc,nmethod     ] Register NMethod: com.github.benmanes.caffeine.cache.SSLSMW.evicts (0x0000794416d6f988) [0x0000794416d6fa80, 0x0000794416d6fb40] Compiler: c1, Barriers: 0, Oops: 1, ImmediateOops: 0, NonImmediateOops: No
[2,876s][debug][gc,nmethod     ] Register NMethod: jdk.internal.foreign.AbstractMemorySegmentImpl.get (0x00007943f7f1f188) [0x00007943f7f1f280, 0x00007943f7f20040] Compiler: c1, Barriers: 27, Oops: 3, ImmediateOops: 11, NonImmediateOops: No
[2,876s][debug][gc,nmethod     ] Register NMethod: java.lang.invoke.VarHandleSegmentAsBytes.get (0x00007943f7f20088) [0x00007943f7f20180, 0x00007943f7f210d8] Compiler: c1, Barriers: 24, Oops: 2, ImmediateOops: 4, NonImmediateOops: No
[2,876s][debug][gc,nmethod     ] Register NMethod: io.sirix.node.MemorySegmentBytesIn.readByte (0x00007943f7f21108) [0x00007943f7f21200, 0x00007943f7f21818] Compiler: c1, Barriers: 5, Oops: 4, ImmediateOops: 2, NonImmediateOops: No
[2,876s][debug][gc,nmethod     ] Register NMethod: com.github.benmanes.caffeine.cache.BoundedLocalCache.remove (0x00007943f7f21888) [0x00007943f7f21980, 0x00007943f7f22148] Compiler: c1, Barriers: 14, Oops: 3, ImmediateOops: 4, NonImmediateOops: No
[2,876s][debug][gc,nmethod     ] Register NMethod: java.lang.invoke.VarHandleSegmentAsBytes.get (0x00007943f7f22188) [0x00007943f7f22280, 0x00007943f7f23210] Compiler: c1, Barriers: 24, Oops: 2, ImmediateOops: 4, NonImmediateOops: No
[2,876s][debug][gc,nmethod     ] Register NMethod: java.lang.invoke.Invokers$Holder.linkToTargetMethod (0x00007943f7f23288) [0x00007943f7f23380, 0x00007943f7f234f8] Compiler: c1, Barriers: 0, Oops: 0, ImmediateOops: 0, NonImmediateOops: No
[2,876s][debug][gc,nmethod     ] Register NMethod: com.github.benmanes.caffeine.cache.BoundedLocalCache$$Lambda/0x00000000a9286680.<init> (0x00007943f7f23588) [0x00007943f7f23680, 0x00007943f7f23ab8] Compiler: c1, Barriers: 21, Oops: 1, ImmediateOops: 0, NonImmediateOops: No
[2,876s][debug][gc,nmethod     ] Register NMethod: sun.nio.fs.NativeBuffer.close (0x00007943f7f23b08) [0x00007943f7f23c00, 0x00007943f7f23d18] Compiler: c1, Barriers: 0, Oops: 0, ImmediateOops: 0, NonImmediateOops: No
[2,876s][debug][gc,nmethod     ] Register NMethod: java.lang.invoke.LambdaForm$DMH/0x00000000a9288000.newInvokeSpecial (0x00007943f7f23e08) [0x00007943f7f23f00, 0x00007943f7f24198] Compiler: c1, Barriers: 2, Oops: 1, ImmediateOops: 1, NonImmediateOops: No
[2,877s][debug][gc,nmethod     ] Register NMethod: sun.nio.fs.NativeBuffers.getNativeBufferFromCache (0x00007943f7f24208) [0x00007943f7f24300, 0x00007943f7f245f0] Compiler: c1, Barriers: 4, Oops: 0, ImmediateOops: 1, NonImmediateOops: No
[2,877s][debug][gc,nmethod     ] Register NMethod: sun.nio.fs.UnixNativeDispatcher.copyToNativeBuffer (0x00007943f7f24608) [0x00007943f7f24700, 0x00007943f7f24a20] Compiler: c1, Barriers: 4, Oops: 0, ImmediateOops: 0, NonImmediateOops: No
[2,877s][debug][gc,nmethod     ] Register NMethod: com.github.benmanes.caffeine.cache.AbstractLinkedDeque.peekFirst (0x0000794416d6fc88) [0x0000794416d6fd80, 0x0000794416d6fe68] Compiler: c1, Barriers: 1, Oops: 1, ImmediateOops: 0, NonImmediateOops: No
[2,877s][debug][gc,nmethod     ] Register NMethod: sun.nio.fs.NativeBuffer.release (0x00007943f7f24a88) [0x00007943f7f24b80, 0x00007943f7f24c98] Compiler: c1, Barriers: 0, Oops: 0, ImmediateOops: 0, NonImmediateOops: No
[2,877s][debug][gc,nmethod     ] Register NMethod: jdk.internal.foreign.layout.ValueLayouts$OfByteImpl.dup (0x0000794416d6ff88) [0x0000794416d70080, 0x0000794416d70278] Compiler: jvmci, Barriers: 6, Oops: 0, ImmediateOops: 1, NonImmediateOops: No
[2,877s][debug][gc,nmethod     ] Register NMethod: io.sirix.cache.BufferManagerImpl.getRecordPageFragmentCache (0x0000794416d70288) [0x0000794416d70380, 0x0000794416d70468] Compiler: c1, Barriers: 1, Oops: 1, ImmediateOops: 0, NonImmediateOops: No
[2,877s][debug][gc,nmethod     ] Register NMethod: jdk.internal.foreign.layout.MemoryLayoutUtil.requireByteSizeValid (0x0000794416d70588) [0x0000794416d70680, 0x0000794416d70730] Compiler: jvmci, Barriers: 0, Oops: 0, ImmediateOops: 0, NonImmediateOops: No
[2,877s][debug][gc,nmethod     ] Register NMethod: sun.nio.fs.NativeBuffers.releaseNativeBuffer (0x00007943f7f24d88) [0x00007943f7f24e80, 0x00007943f7f25898] Compiler: c1, Barriers: 15, Oops: 1, ImmediateOops: 3, NonImmediateOops: No
[2,878s][debug][gc,nmethod     ] Register NMethod: jdk.internal.foreign.layout.ValueLayouts$AbstractValueLayout.assertCarrierSize (0x0000794416d70888) [0x0000794416d70980, 0x0000794416d709e0] Compiler: jvmci, Barriers: 0, Oops: 0, ImmediateOops: 0, NonImmediateOops: No
[2,878s][debug][gc,nmethod     ] Register NMethod: java.lang.invoke.LambdaForm.constantForm (0x00007943f7f25908) [0x00007943f7f25a00, 0x00007943f7f25b98] Compiler: c1, Barriers: 1, Oops: 0, ImmediateOops: 1, NonImmediateOops: No
[2,878s][debug][gc,nmethod     ] Register NMethod: java.lang.invoke.SegmentVarHandle.checkSegment (0x0000794416d70b88) [0x0000794416d70c80, 0x0000794416d71210] Compiler: jvmci, Barriers: 1, Oops: 0, ImmediateOops: 0, NonImmediateOops: No
[2,878s][debug][gc,nmethod     ] Register NMethod: jdk.internal.foreign.layout.ValueLayouts$AbstractValueLayout.varHandle (0x0000794416d71288) [0x0000794416d71380, 0x0000794416d71510] Compiler: jvmci, Barriers: 4, Oops: 0, ImmediateOops: 1, NonImmediateOops: No
[2,878s][debug][gc,nmethod     ] Register NMethod: java.lang.invoke.MethodHandle.linkToStatic (0x0000794416d71588) [0x0000794416d71680, 0x0000794416d71770] Compiler: , Barriers: 0, Oops: 0, ImmediateOops: 0, NonImmediateOops: No
[2,879s][debug][gc,nmethod     ] Register NMethod: java.lang.invoke.MethodHandleStatics.traceLambdaForm (0x00007943f7f25c08) [0x00007943f7f25d00, 0x00007943f7f25dd8] Compiler: c1, Barriers: 0, Oops: 0, ImmediateOops: 0, NonImmediateOops: No
[2,879s][debug][gc,nmethod     ] Register NMethod: jdk.internal.foreign.layout.ValueLayouts$AbstractValueLayout.<init> (0x0000794416d71888) [0x0000794416d71980, 0x0000794416d71c00] Compiler: jvmci, Barriers: 9, Oops: 0, ImmediateOops: 0, NonImmediateOops: No
[2,879s][debug][gc,nmethod     ] Register NMethod: java.lang.invoke.BoundMethodHandle.bindSingleL (0x00007943f7f25f08) [0x00007943f7f26000, 0x00007943f7f260f8] Compiler: c1, Barriers: 0, Oops: 0, ImmediateOops: 0, NonImmediateOops: No
[2,879s][debug][gc,director    ] Rule Major: Warmup 10%, Used: 468MB, UsedThreshold: 1228MB
[2,879s][debug][gc,nmethod     ] Register NMethod: java.util.BitSet.get (0x0000794416d71c08) [0x0000794416d71d00, 0x0000794416d71e88] Compiler: jvmci, Barriers: 1, Oops: 0, ImmediateOops: 0, NonImmediateOops: No
[2,881s][debug][gc,nmethod     ] Register NMethod: io.sirix.node.MemorySegmentBytesOut.getDestination (0x0000794416d71f08) [0x0000794416d72000, 0x0000794416d723c0] Compiler: jvmci, Barriers: 7, Oops: 1, ImmediateOops: 0, NonImmediateOops: No
[2,881s][debug][gc,nmethod     ] Register NMethod: sun.security.provider.SHA2.implCompress (0x0000794416d72408) [0x0000794416d72500, 0x0000794416d72638] Compiler: jvmci, Barriers: 1, Oops: 0, ImmediateOops: 0, NonImmediateOops: No
[2,881s][debug][gc,nmethod     ] Register NMethod: io.sirix.node.MemorySegmentBytesOut.writePosition (0x0000794416d72708) [0x0000794416d72800, 0x0000794416d728e0] Compiler: jvmci, Barriers: 1, Oops: 1, ImmediateOops: 0, NonImmediateOops: No
[2,882s][debug][gc,nmethod     ] Register NMethod: io.sirix.node.xml.ElementNode.getLeftSiblingKey (0x0000794416d72a08) [0x0000794416d72b00, 0x0000794416d72e38] Compiler: jvmci, Barriers: 4, Oops: 1, ImmediateOops: 0, NonImmediateOops: No
[2,882s][debug][gc,nmethod     ] Register NMethod: jdk.internal.misc.Unsafe.compareAndExchangeLong (0x0000794416d72e88) [0x0000794416d72f80, 0x0000794416d730e8] Compiler: , Barriers: 0, Oops: 0, ImmediateOops: 0, NonImmediateOops: No
[2,882s][debug][gc,nmethod     ] Register NMethod: java.lang.invoke.MethodHandle.linkToSpecial (0x0000794416d73188) [0x0000794416d73280, 0x0000794416d73378] Compiler: , Barriers: 0, Oops: 0, ImmediateOops: 0, NonImmediateOops: No
[2,883s][debug][gc,nmethod     ] Register NMethod: java.lang.invoke.MethodHandle.invokeBasic (0x0000794416d73488) [0x0000794416d73580, 0x0000794416d73818] Compiler: , Barriers: 0, Oops: 0, ImmediateOops: 0, NonImmediateOops: No
[2,883s][debug][gc,nmethod     ] Register NMethod: java.lang.invoke.MethodHandle.linkToSpecial (0x0000794416d73888) [0x0000794416d73980, 0x0000794416d73a78] Compiler: , Barriers: 0, Oops: 0, ImmediateOops: 0, NonImmediateOops: No
[2,883s][debug][gc,nmethod     ] Register NMethod: java.lang.invoke.MethodHandle.invokeBasic (0x0000794416d73b88) [0x0000794416d73c80, 0x0000794416d73f18] Compiler: , Barriers: 0, Oops: 0, ImmediateOops: 0, NonImmediateOops: No
[2,884s][debug][gc,nmethod     ] Register NMethod: com.github.benmanes.caffeine.cache.SSLMW.evicts (0x0000794416d73f88) [0x0000794416d74080, 0x0000794416d74140] Compiler: c1, Barriers: 0, Oops: 1, ImmediateOops: 0, NonImmediateOops: No
[2,884s][debug][gc,nmethod     ] Register NMethod: io.sirix.access.trx.page.NodePageTrx.getRecord (0x00007943f7f26208) [0x00007943f7f26300, 0x00007943f7f282a0] Compiler: c1, Barriers: 8, Oops: 1, ImmediateOops: 2, NonImmediateOops: No
[2,884s][debug][gc,nmethod     ] Register NMethod: io.sirix.node.MemorySegmentBytesIn.readInt (0x00007943f7f28308) [0x00007943f7f28400, 0x00007943f7f28a18] Compiler: c1, Barriers: 5, Oops: 4, ImmediateOops: 3, NonImmediateOops: No
[2,885s][debug][gc,nmethod     ] Register NMethod: io.sirix.page.KeyValueLeafPage.setSlot (0x0000794416d74288) [0x0000794416d74380, 0x0000794416d74480] Compiler: jvmci, Barriers: 2, Oops: 1, ImmediateOops: 0, NonImmediateOops: No
[2,886s][debug][gc,nmethod     ] Register NMethod: java.util.concurrent.atomic.AtomicInteger.get (0x0000794416d74588) [0x0000794416d74680, 0x0000794416d74740] Compiler: c1, Barriers: 0, Oops: 0, ImmediateOops: 0, NonImmediateOops: No
[2,886s][debug][gc,nmethod     ] Register NMethod: it.unimi.dsi.fastutil.shorts.ShortArrayList$1.hasNext (0x00007943f7f28a88) [0x00007943f7f28b80, 0x00007943f7f28cc8] Compiler: c1, Barriers: 1, Oops: 1, ImmediateOops: 0, NonImmediateOops: No
[2,886s][debug][gc,nmethod     ] Register NMethod: io.sirix.utils.OS.isWindows (0x00007943f7f28d88) [0x00007943f7f28e80, 0x00007943f7f28f60] Compiler: c1, Barriers: 0, Oops: 1, ImmediateOops: 0, NonImmediateOops: No
[2,886s][debug][gc,nmethod     ] Register NMethod: java.lang.System$1.currentCarrierThread (0x00007943f7f29088) [0x00007943f7f29180, 0x00007943f7f292b0] Compiler: c1, Barriers: 1, Oops: 0, ImmediateOops: 0, NonImmediateOops: No
[2,887s][debug][gc,nmethod     ] Register NMethod: java.lang.Short.shortValue (0x0000794416d74888) [0x0000794416d74980, 0x0000794416d74a48] Compiler: c1, Barriers: 0, Oops: 0, ImmediateOops: 0, NonImmediateOops: No
[2,887s][debug][gc,nmethod     ] Register NMethod: com.github.benmanes.caffeine.cache.SSLMW.frequencySketch (0x0000794416d74b88) [0x0000794416d74c80, 0x0000794416d74d70] Compiler: c1, Barriers: 1, Oops: 1, ImmediateOops: 0, NonImmediateOops: No
[2,887s][debug][gc,nmethod     ] Register NMethod: java.lang.invoke.VarHandleReferences$FieldInstanceReadOnly.get (0x00007943f7f29388) [0x00007943f7f29480, 0x00007943f7f297d8] Compiler: c1, Barriers: 2, Oops: 1, ImmediateOops: 0, NonImmediateOops: No
[2,887s][debug][gc,nmethod     ] Register NMethod: io.sirix.cache.LinuxMemorySegmentAllocator.getInstance (0x00007943f7f29808) [0x00007943f7f29900, 0x00007943f7f299e8] Compiler: c1, Barriers: 0, Oops: 1, ImmediateOops: 1, NonImmediateOops: No
[2,887s][debug][gc,nmethod     ] Register NMethod: java.lang.Long.numberOfTrailingZeros (0x00007943f7f29b08) [0x00007943f7f29c00, 0x00007943f7f29d50] Compiler: c1, Barriers: 0, Oops: 0, ImmediateOops: 0, NonImmediateOops: No
[2,887s][debug][gc,nmethod     ] Register NMethod: io.sirix.node.MemorySegmentBytesIn.read (0x00007943f7f29e08) [0x00007943f7f29f00, 0x00007943f7f2a030] Compiler: c1, Barriers: 0, Oops: 1, ImmediateOops: 0, NonImmediateOops: No
[2,887s][debug][gc,nmethod     ] Register NMethod: java.lang.Integer.numberOfTrailingZeros (0x00007943f7f2a108) [0x00007943f7f2a200, 0x00007943f7f2a368] Compiler: c1, Barriers: 0, Oops: 0, ImmediateOops: 0, NonImmediateOops: No
[2,887s][debug][gc,nmethod     ] Register NMethod: java.nio.file.Files.provider (0x00007943f7f2a408) [0x00007943f7f2a500, 0x00007943f7f2a678] Compiler: c1, Barriers: 2, Oops: 0, ImmediateOops: 0, NonImmediateOops: No
[2,887s][debug][gc,nmethod     ] Register NMethod: java.util.concurrent.ForkJoinPool.deactivate (0x00007943f7f2a708) [0x00007943f7f2a800, 0x00007943f7f2b518] Compiler: c1, Barriers: 4, Oops: 0, ImmediateOops: 0, NonImmediateOops: No
[2,888s][debug][gc,nmethod     ] Register NMethod: io.sirix.page.KeyValueLeafPage.setDeweyId (0x00007943f7f2b588) [0x00007943f7f2b680, 0x00007943f7f2b8a0] Compiler: c1, Barriers: 5, Oops: 1, ImmediateOops: 0, NonImmediateOops: No
[2,888s][debug][gc,nmethod     ] Register NMethod: com.github.benmanes.caffeine.cache.Ticker.disabledTicker (0x00007943f7f2b908) [0x00007943f7f2ba00, 0x00007943f7f2bae8] Compiler: c1, Barriers: 0, Oops: 1, ImmediateOops: 1, NonImmediateOops: No
[2,888s][debug][gc,nmethod     ] Register NMethod: com.github.benmanes.caffeine.cache.BoundedLocalCache.expirationTicker (0x00007943f7f2bc08) [0x00007943f7f2bd00, 0x00007943f7f2be08] Compiler: c1, Barriers: 0, Oops: 1, ImmediateOops: 1, NonImmediateOops: No
[2,888s][debug][gc,nmethod     ] Register NMethod: io.sirix.cache.IndexLogKey.getIndexType (0x0000794416d74e88) [0x0000794416d74f80, 0x0000794416d75068] Compiler: c1, Barriers: 1, Oops: 1, ImmediateOops: 0, NonImmediateOops: No
[2,888s][debug][gc,nmethod     ] Register NMethod: io.sirix.cache.IndexLogKey.getRecordPageKey (0x0000794416d75188) [0x0000794416d75280, 0x0000794416d75340] Compiler: c1, Barriers: 0, Oops: 1, ImmediateOops: 0, NonImmediateOops: No
[2,888s][debug][gc,nmethod     ] Register NMethod: it.unimi.dsi.fastutil.shorts.ShortArrayList.size (0x0000794416d75488) [0x0000794416d75580, 0x0000794416d75640] Compiler: c1, Barriers: 0, Oops: 1, ImmediateOops: 0, NonImmediateOops: No
[2,888s][debug][gc,nmethod     ] Register NMethod: io.sirix.node.HashEntryNode.getKey (0x0000794416d75788) [0x0000794416d75880, 0x0000794416d75940] Compiler: c1, Barriers: 0, Oops: 1, ImmediateOops: 0, NonImmediateOops: No
[2,888s][debug][gc,nmethod     ] Register NMethod: io.sirix.node.HashCountEntryNode.getValue (0x0000794416d75a88) [0x0000794416d75b80, 0x0000794416d75c40] Compiler: c1, Barriers: 0, Oops: 1, ImmediateOops: 0, NonImmediateOops: No
[2,888s][debug][gc,nmethod     ] Register NMethod: io.sirix.node.HashEntryNode.getValue (0x0000794416d75d88) [0x0000794416d75e80, 0x0000794416d75f68] Compiler: c1, Barriers: 1, Oops: 1, ImmediateOops: 0, NonImmediateOops: No
[2,888s][debug][gc,nmethod     ] Register NMethod: io.sirix.node.MemorySegmentBytesIn.read (0x00007943f7f2bf08) [0x00007943f7f2c000, 0x00007943f7f2ce60] Compiler: c1, Barriers: 7, Oops: 4, ImmediateOops: 11, NonImmediateOops: No
[2,888s][debug][gc,nmethod     ] Register NMethod: java.lang.Short.valueOf (0x00007943f7f2ce88) [0x00007943f7f2cf80, 0x00007943f7f2d130] Compiler: c1, Barriers: 1, Oops: 0, ImmediateOops: 1, NonImmediateOops: No
[2,889s][debug][gc,nmethod     ] Register NMethod: it.unimi.dsi.fastutil.shorts.ShortListIterator.next (0x00007943f7f2d188) [0x00007943f7f2d280, 0x00007943f7f2d470] Compiler: c1, Barriers: 0, Oops: 1, ImmediateOops: 0, NonImmediateOops: No
[2,889s][debug][gc,nmethod     ] Register NMethod: io.sirix.access.trx.page.NodePageReadOnlyTrx.getValue (0x00007943f7f2d488) [0x00007943f7f2d580, 0x00007943f7f2f0e0] Compiler: c1, Barriers: 6, Oops: 1, ImmediateOops: 1, NonImmediateOops: No
[2,889s][debug][gc,nmethod     ] Register NMethod: io.sirix.cache.TransactionIntentLog.get (0x00007943f7f2f108) [0x00007943f7f2f200, 0x00007943f7f2f3d8] Compiler: c1, Barriers: 1, Oops: 1, ImmediateOops: 0, NonImmediateOops: No
[2,889s][debug][gc,nmethod     ] Register NMethod: it.unimi.dsi.fastutil.shorts.ShortIterator.next (0x00007943f7f2f408) [0x00007943f7f2f500, 0x00007943f7f2f668] Compiler: c1, Barriers: 0, Oops: 1, ImmediateOops: 0, NonImmediateOops: No
[2,889s][debug][gc,nmethod     ] Register NMethod: it.unimi.dsi.fastutil.shorts.ShortListIterator.next (0x00007943f7f2f708) [0x00007943f7f2f800, 0x00007943f7f2f9c8] Compiler: c1, Barriers: 0, Oops: 1, ImmediateOops: 0, NonImmediateOops: No
[2,889s][debug][gc,nmethod     ] Register NMethod: io.sirix.cache.IndexLogKey.getIndexNumber (0x0000794416d76088) [0x0000794416d76180, 0x0000794416d76240] Compiler: c1, Barriers: 0, Oops: 1, ImmediateOops: 0, NonImmediateOops: No
[2,889s][debug][gc,nmethod     ] Register NMethod: io.sirix.page.NamePage.delegate (0x0000794416d76388) [0x0000794416d76480, 0x0000794416d76568] Compiler: c1, Barriers: 1, Oops: 1, ImmediateOops: 0, NonImmediateOops: No
[2,889s][debug][gc,nmethod     ] Register NMethod: io.sirix.cache.IndexLogKey.<init> (0x00007943f7f2fa08) [0x00007943f7f2fb00, 0x00007943f7f2fc78] Compiler: c1, Barriers: 3, Oops: 1, ImmediateOops: 0, NonImmediateOops: No
[2,889s][debug][gc,nmethod     ] Register NMethod: it.unimi.dsi.fastutil.ints.Int2IntOpenHashMap.find (0x00007943f7f2fd08) [0x00007943f7f2fe00, 0x00007943f7f30268] Compiler: c1, Barriers: 1, Oops: 1, ImmediateOops: 0, NonImmediateOops: No
[2,889s][debug][gc,nmethod     ] Register NMethod: it.unimi.dsi.fastutil.shorts.ShortArrayList$1.nextShort (0x00007943f7f30288) [0x00007943f7f30380, 0x00007943f7f30608] Compiler: c1, Barriers: 2, Oops: 1, ImmediateOops: 0, NonImmediateOops: No
[2,889s][debug][gc,nmethod     ] Register NMethod: io.sirix.cache.IndexLogKey.getRevisionNumber (0x0000794416d76688) [0x0000794416d76780, 0x0000794416d76840] Compiler: c1, Barriers: 0, Oops: 1, ImmediateOops: 0, NonImmediateOops: No
[2,889s][debug][gc,nmethod     ] Register NMethod: io.sirix.access.trx.page.NodePageReadOnlyTrx$RecordPage.page (0x0000794416d76988) [0x0000794416d76a80, 0x0000794416d76b68] Compiler: c1, Barriers: 1, Oops: 1, ImmediateOops: 0, NonImmediateOops: No
[2,889s][debug][gc,nmethod     ] Register NMethod: com.github.benmanes.caffeine.cache.BaseMpscLinkedArrayQueue.modifiedCalcElementOffset (0x00007943f7f30688) [0x00007943f7f30780, 0x00007943f7f30868] Compiler: c1, Barriers: 0, Oops: 1, ImmediateOops: 0, NonImmediateOops: No
[2,889s][debug][gc,nmethod     ] Register NMethod: io.sirix.page.UberPage.getPageCountExp (0x00007943f7f30988) [0x00007943f7f30a80, 0x00007943f7f30d10] Compiler: c1, Barriers: 0, Oops: 1, ImmediateOops: 4, NonImmediateOops: No
[2,889s][debug][gc,director    ] Rule Major: Warmup 10%, Used: 468MB, UsedThreshold: 1228MB
[2,889s][debug][gc,nmethod     ] Register NMethod: com.github.benmanes.caffeine.cache.FrequencySketch.isNotInitialized (0x00007943f7f30d88) [0x00007943f7f30e80, 0x00007943f7f30fb8] Compiler: c1, Barriers: 1, Oops: 1, ImmediateOops: 0, NonImmediateOops: No
[2,889s][debug][gc,nmethod     ] Register NMethod: com.github.benmanes.caffeine.cache.SSLMW.weightedSize (0x0000794416d76c88) [0x0000794416d76d80, 0x0000794416d76e40] Compiler: c1, Barriers: 0, Oops: 1, ImmediateOops: 0, NonImmediateOops: No
[2,890s][debug][gc,nmethod     ] Register NMethod: java.lang.Thread.interrupted (0x00007943f7f31088) [0x00007943f7f31180, 0x00007943f7f312c0] Compiler: c1, Barriers: 1, Oops: 0, ImmediateOops: 0, NonImmediateOops: No
[2,890s][debug][gc,nmethod     ] Register NMethod: io.sirix.access.trx.page.NodePageReadOnlyTrx.getPageReference (0x00007943f7f31388) [0x00007943f7f31480, 0x00007943f7f326e8] Compiler: c1, Barriers: 28, Oops: 1, ImmediateOops: 7, NonImmediateOops: No
[2,890s][debug][gc,nmethod     ] Register NMethod: java.util.concurrent.ForkJoinTask.<init> (0x00007943f7f32708) [0x00007943f7f32800, 0x00007943f7f328f8] Compiler: c1, Barriers: 0, Oops: 0, ImmediateOops: 0, NonImmediateOops: No
[2,890s][debug][gc,nmethod     ] Register NMethod: io.sirix.access.trx.page.NodePageReadOnlyTrx.getCurrentMaxIndirectPageTreeLevel (0x00007943f7f32a08) [0x00007943f7f32b00, 0x00007943f7f33cd8] Compiler: c1, Barriers: 20, Oops: 1, ImmediateOops: 6, NonImmediateOops: No
[2,891s][debug][gc,nmethod     ] Register NMethod: com.github.benmanes.caffeine.cache.PSMW.getPolicyWeight (0x0000794416d76f88) [0x0000794416d77080, 0x0000794416d77140] Compiler: c1, Barriers: 0, Oops: 1, ImmediateOops: 0, NonImmediateOops: No
[2,891s][debug][gc,nmethod     ] Register NMethod: com.github.benmanes.caffeine.cache.PSMW.getPreviousInAccessOrder (0x0000794416d77288) [0x0000794416d77380, 0x0000794416d77468] Compiler: c1, Barriers: 1, Oops: 1, ImmediateOops: 0, NonImmediateOops: No
[2,891s][debug][gc,nmethod     ] Register NMethod: net.jpountz.util.SafeUtils.readIntLE (0x00007943f7f33d08) [0x00007943f7f33e00, 0x00007943f7f33f98] Compiler: c1, Barriers: 0, Oops: 1, ImmediateOops: 0, NonImmediateOops: No
[2,892s][debug][gc,nmethod     ] Register NMethod: io.sirix.page.KeyValueLeafPage.setSlot (0x00007943f7f34008) [0x00007943f7f34100, 0x00007943f7f34288] Compiler: c1, Barriers: 2, Oops: 1, ImmediateOops: 0, NonImmediateOops: No
[2,892s][debug][gc,nmethod     ] Register NMethod: java.util.BitSet.nextSetBit (0x00007943f7f34308) [0x00007943f7f34400, 0x00007943f7f34968] Compiler: c1, Barriers: 1, Oops: 0, ImmediateOops: 2, NonImmediateOops: No
[2,892s][debug][gc,nmethod     ] Register NMethod: jdk.internal.misc.Unsafe.putByte (0x00007943f7f34988) [0x00007943f7f34a80, 0x00007943f7f34b88] Compiler: c1, Barriers: 0, Oops: 0, ImmediateOops: 0, NonImmediateOops: No
[2,893s][debug][gc,nmethod     ] Register NMethod: com.github.benmanes.caffeine.cache.BoundedLocalCache.collectValues (0x0000794416d77588) [0x0000794416d77680, 0x0000794416d77740] Compiler: c1, Barriers: 0, Oops: 1, ImmediateOops: 0, NonImmediateOops: No
[2,893s][debug][gc,nmethod     ] Register NMethod: com.github.benmanes.caffeine.cache.PSMW.getQueueType (0x0000794416d77888) [0x0000794416d77980, 0x0000794416d77a40] Compiler: c1, Barriers: 0, Oops: 1, ImmediateOops: 0, NonImmediateOops: No
[2,893s][debug][gc,nmethod     ] Register NMethod: com.github.benmanes.caffeine.cache.SSLMW.maximum (0x0000794416d77b88) [0x0000794416d77c80, 0x0000794416d77d40] Compiler: c1, Barriers: 0, Oops: 1, ImmediateOops: 0, NonImmediateOops: No
[2,894s][debug][gc,nmethod     ] Register NMethod: io.sirix.index.path.summary.PathSummaryReader.getName (0x00007943f7da5888) [0x00007943f7da5980, 0x00007943f7da62f8] Compiler: c1, Barriers: 12, Oops: 1, ImmediateOops: 5, NonImmediateOops: No
[2,894s][debug][gc,nmethod     ] Register NMethod: java.lang.invoke.MethodType.equals (0x00007943f7f34c88) [0x00007943f7f34d80, 0x00007943f7f35010] Compiler: c1, Barriers: 4, Oops: 0, ImmediateOops: 0, NonImmediateOops: No
[2,894s][debug][gc,nmethod     ] Register NMethod: io.sirix.access.trx.page.NodePageTrx.getPageContainer (0x00007943f7f35088) [0x00007943f7f35180, 0x00007943f7f362c0] Compiler: c1, Barriers: 12, Oops: 4, ImmediateOops: 2, NonImmediateOops: No
[2,895s][debug][gc,nmethod     ] Register NMethod: it.unimi.dsi.fastutil.shorts.AbstractShortList.iterator (0x00007943f7f36308) [0x00007943f7f36400, 0x00007943f7f365b8] Compiler: c1, Barriers: 0, Oops: 1, ImmediateOops: 0, NonImmediateOops: No
[2,895s][debug][gc,nmethod     ] Register NMethod: it.unimi.dsi.fastutil.shorts.ShortArrayList.listIterator (0x00007943f7f36608) [0x00007943f7f36700, 0x00007943f7f36910] Compiler: c1, Barriers: 3, Oops: 1, ImmediateOops: 0, NonImmediateOops: No
[2,895s][debug][gc,nmethod     ] Register NMethod: it.unimi.dsi.fastutil.shorts.AbstractShortList.listIterator (0x00007943f7f36988) [0x00007943f7f36a80, 0x00007943f7f36c88] Compiler: c1, Barriers: 3, Oops: 1, ImmediateOops: 0, NonImmediateOops: No
[2,895s][debug][gc,nmethod     ] Register NMethod: it.unimi.dsi.fastutil.shorts.ShortArrayList$1.<init> (0x00007943f7f36d08) [0x00007943f7f36e00, 0x00007943f7f36f80] Compiler: c1, Barriers: 3, Oops: 1, ImmediateOops: 0, NonImmediateOops: No
[2,895s][debug][gc,nmethod     ] Register NMethod: io.sirix.node.NodeSerializerImpl.serialize (0x0000794416d77e88) [0x0000794416d77f80, 0x0000794416d785f8] Compiler: jvmci, Barriers: 6, Oops: 1, ImmediateOops: 2, NonImmediateOops: No
[2,895s][debug][gc,nmethod     ] Register NMethod: io.sirix.access.trx.page.NodePageTrx$$Lambda/0x00000000a928fa18.apply (0x00007943f7f37008) [0x00007943f7f37100, 0x00007943f7f372d8] Compiler: c1, Barriers: 2, Oops: 1, ImmediateOops: 0, NonImmediateOops: No
[2,895s][debug][gc,nmethod     ] Register NMethod: io.sirix.index.path.summary.PathSummaryReader.moveTo (0x00007943f7f37308) [0x00007943f7f37400, 0x00007943f7f38108] Compiler: c1, Barriers: 13, Oops: 1, ImmediateOops: 2, NonImmediateOops: No
[2,895s][debug][gc,nmethod     ] Register NMethod: io.sirix.page.delegates.ReferencesPage4.getOrCreateReference (0x00007943f7f38188) [0x00007943f7f38280, 0x00007943f7f38888] Compiler: c1, Barriers: 5, Oops: 1, ImmediateOops: 0, NonImmediateOops: No
[2,895s][debug][gc,nmethod     ] Register NMethod: it.unimi.dsi.fastutil.shorts.AbstractShortList.ensureIndex (0x00007943f7f38908) [0x00007943f7f38a00, 0x00007943f7f39090] Compiler: c1, Barriers: 0, Oops: 1, ImmediateOops: 7, NonImmediateOops: No
[2,895s][debug][gc,nmethod     ] Register NMethod: io.sirix.access.trx.page.NodePageTrx.getMostRecentPageContainer (0x00007943f7f39108) [0x00007943f7f39200, 0x00007943f7f39830] Compiler: c1, Barriers: 9, Oops: 1, ImmediateOops: 1, NonImmediateOops: No
[2,895s][debug][gc,nmethod     ] Register NMethod: io.sirix.access.trx.page.NodePageReadOnlyTrx.getReferenceToLeafOfSubtree (0x00007943f7f39888) [0x00007943f7f39980, 0x00007943f7f39f70] Compiler: c1, Barriers: 1, Oops: 1, ImmediateOops: 2, NonImmediateOops: No
[2,896s][debug][gc,nmethod     ] Register NMethod: io.sirix.access.trx.page.NodePageReadOnlyTrx.getLeafPageReference (0x00007943f7f39f88) [0x00007943f7f3a080, 0x00007943f7f3a198] Compiler: c1, Barriers: 0, Oops: 1, ImmediateOops: 0, NonImmediateOops: No
[2,896s][debug][gc,nmethod     ] Register NMethod: io.sirix.page.KeyValueLeafPage.getSlotAsByteArray (0x0000794416d78608) [0x0000794416d78700, 0x0000794416d79688] Compiler: jvmci, Barriers: 27, Oops: 8, ImmediateOops: 3, NonImmediateOops: No
[2,896s][debug][gc,nmethod     ] Register NMethod: io.sirix.access.trx.page.NodePageTrx.lambda$getPageContainer$0 (0x00007943f7f3a288) [0x00007943f7f3a380, 0x00007943f7f3a6f8] Compiler: c1, Barriers: 6, Oops: 1, ImmediateOops: 0, NonImmediateOops: No
[2,896s][debug][gc,nmethod     ] Register NMethod: io.sirix.access.trx.page.NodePageReadOnlyTrx$PageReferenceToPage.<init> (0x00007943f7f3a708) [0x00007943f7f3a800, 0x00007943f7f3a9e8] Compiler: c1, Barriers: 6, Oops: 1, ImmediateOops: 0, NonImmediateOops: No
[2,896s][debug][gc,nmethod     ] Register NMethod: io.sirix.page.NamePage.getName (0x00007943f7f3aa08) [0x00007943f7f3ab00, 0x00007943f7f3b458] Compiler: c1, Barriers: 25, Oops: 1, ImmediateOops: 4, NonImmediateOops: No
[2,896s][debug][gc,nmethod     ] Register NMethod: io.sirix.access.trx.page.NodePageReadOnlyTrx.getRecord (0x00007943f7f3b488) [0x00007943f7f3b580, 0x00007943f7f3bbf0] Compiler: c1, Barriers: 4, Oops: 1, ImmediateOops: 3, NonImmediateOops: No
[2,897s][debug][gc,nmethod     ] Register NMethod: io.sirix.node.MemorySegmentBytesIn.readLong (0x00007943f7f3bc08) [0x00007943f7f3bd00, 0x00007943f7f3c318] Compiler: c1, Barriers: 5, Oops: 4, ImmediateOops: 3, NonImmediateOops: No
[2,897s][debug][gc,nmethod     ] Register NMethod: io.sirix.page.KeyValueLeafPage.getDeweyIdAsByteArray (0x0000794416d79708) [0x0000794416d79800, 0x0000794416d79f48] Compiler: jvmci, Barriers: 7, Oops: 4, ImmediateOops: 4, NonImmediateOops: No
[2,897s][debug][gc,nmethod     ] Register NMethod: jdk.internal.foreign.AbstractMemorySegmentImpl.get (0x00007943f7f3c388) [0x00007943f7f3c480, 0x00007943f7f3d260] Compiler: c1, Barriers: 27, Oops: 3, ImmediateOops: 11, NonImmediateOops: No
[2,897s][debug][gc,nmethod     ] Register NMethod: io.sirix.index.name.Names.getName (0x00007943f7f3d288) [0x00007943f7f3d380, 0x00007943f7f3d608] Compiler: c1, Barriers: 1, Oops: 1, ImmediateOops: 1, NonImmediateOops: No
[2,897s][debug][gc,nmethod     ] Register NMethod: io.sirix.access.trx.page.NodePageReadOnlyTrx.getRecordPage (0x00007943f7f3d688) [0x00007943f7f3d780, 0x00007943f7f3ed00] Compiler: c1, Barriers: 45, Oops: 2, ImmediateOops: 4, NonImmediateOops: No
[2,897s][debug][gc,nmethod     ] Register NMethod: io.sirix.access.trx.page.NodePageReadOnlyTrx.isMostRecentlyReadPathSummaryPage (0x00007943f7f3ed88) [0x00007943f7f3ee80, 0x00007943f7f3f008] Compiler: c1, Barriers: 1, Oops: 1, ImmediateOops: 0, NonImmediateOops: No
[2,897s][debug][gc,nmethod     ] Register NMethod: it.unimi.dsi.fastutil.ints.Int2IntOpenHashMap.getOrDefault (0x00007943f7f3f088) [0x00007943f7f3f180, 0x00007943f7f3f598] Compiler: c1, Barriers: 4, Oops: 1, ImmediateOops: 0, NonImmediateOops: No
[2,897s][debug][gc,nmethod     ] Register NMethod: io.sirix.node.NodeKind.getKind (0x00007943f7f3f608) [0x00007943f7f3f700, 0x00007943f7f3f830] Compiler: c1, Barriers: 1, Oops: 1, ImmediateOops: 1, NonImmediateOops: No
[2,897s][debug][gc,nmethod     ] Register NMethod: io.sirix.node.Utils.getVarLong (0x00007943f7f3f908) [0x00007943f7f3fa00, 0x00007943f7f3fb30] Compiler: c1, Barriers: 0, Oops: 1, ImmediateOops: 0, NonImmediateOops: No
[2,897s][debug][gc,nmethod     ] Register NMethod: io.sirix.node.MemorySegmentBytesIn.readStopBit (0x00007943f7f3fc08) [0x00007943f7f3fd00, 0x00007943f7f3fee0] Compiler: c1, Barriers: 0, Oops: 1, ImmediateOops: 0, NonImmediateOops: No
[2,897s][debug][gc,nmethod     ] Register NMethod: io.sirix.index.path.summary.PathNode.getRightSibling (0x0000794416d79f88) [0x0000794416d7a080, 0x0000794416d7a168] Compiler: c1, Barriers: 1, Oops: 1, ImmediateOops: 0, NonImmediateOops: No
[2,898s][debug][gc,nmethod     ] Register NMethod: io.sirix.node.NodeSerializerImpl.deserialize (0x00007943f7f3ff08) [0x00007943f7f40000, 0x00007943f7f40218] Compiler: c1, Barriers: 1, Oops: 1, ImmediateOops: 1, NonImmediateOops: No
[2,898s][debug][gc,nmethod     ] Register NMethod: io.sirix.axis.pathsummary.AbstractAxis.hasNext (0x00007943f7f40288) [0x00007943f7f40380, 0x00007943f7f406c8] Compiler: c1, Barriers: 2, Oops: 1, ImmediateOops: 1, NonImmediateOops: No
[2,898s][debug][gc,nmethod     ] Register NMethod: io.sirix.index.path.summary.PathNode.getParent (0x0000794416d7a288) [0x0000794416d7a380, 0x0000794416d7a468] Compiler: c1, Barriers: 1, Oops: 1, ImmediateOops: 0, NonImmediateOops: No
[2,898s][debug][gc,nmethod     ] Register NMethod: io.sirix.index.path.summary.PathNode.setParent (0x0000794416d7a588) [0x0000794416d7a680, 0x0000794416d7a7b0] Compiler: c1, Barriers: 3, Oops: 1, ImmediateOops: 0, NonImmediateOops: No
[2,898s][debug][gc,nmethod     ] Register NMethod: io.sirix.access.trx.page.NodePageTrx.getName (0x00007943f7f40708) [0x00007943f7f40800, 0x00007943f7f40f90] Compiler: c1, Barriers: 11, Oops: 1, ImmediateOops: 3, NonImmediateOops: No
[2,898s][debug][gc,nmethod     ] Register NMethod: io.sirix.access.trx.page.NodePageReadOnlyTrx.getDataRecord (0x00007943f7f41008) [0x00007943f7f41100, 0x00007943f7f414c0] Compiler: c1, Barriers: 6, Oops: 1, ImmediateOops: 1, NonImmediateOops: No
[2,898s][debug][gc,nmethod     ] Register NMethod: io.sirix.index.path.summary.PathNode.getFirstChild (0x0000794416d7a888) [0x0000794416d7a980, 0x0000794416d7aa68] Compiler: c1, Barriers: 1, Oops: 1, ImmediateOops: 0, NonImmediateOops: No
[2,898s][debug][gc,nmethod     ] Register NMethod: io.sirix.index.path.summary.PathNode.getURIKey (0x00007943f7f41508) [0x00007943f7f41600, 0x00007943f7f41730] Compiler: c1, Barriers: 1, Oops: 1, ImmediateOops: 0, NonImmediateOops: No
[2,898s][debug][gc,nmethod     ] Register NMethod: io.sirix.index.path.summary.PathNode.setRightSibling (0x0000794416d7ab88) [0x0000794416d7ac80, 0x0000794416d7adb0] Compiler: c1, Barriers: 3, Oops: 1, ImmediateOops: 0, NonImmediateOops: No
[2,898s][debug][gc,nmethod     ] Register NMethod: io.sirix.index.path.summary.PathNode.getLeftSibling (0x0000794416d7ae88) [0x0000794416d7af80, 0x0000794416d7b068] Compiler: c1, Barriers: 1, Oops: 1, ImmediateOops: 0, NonImmediateOops: No
[2,898s][debug][gc,nmethod     ] Register NMethod: io.sirix.node.MemorySegmentBytesIn.readInt (0x00007943f7f41808) [0x00007943f7f41900, 0x00007943f7f45510] Compiler: c1, Barriers: 5, Oops: 6, ImmediateOops: 10, NonImmediateOops: No
[2,898s][debug][gc,nmethod     ] Register NMethod: io.sirix.index.path.summary.PathNode.setLeftSibling (0x0000794416d7b188) [0x0000794416d7b280, 0x0000794416d7b3b0] Compiler: c1, Barriers: 3, Oops: 1, ImmediateOops: 0, NonImmediateOops: No
[2,898s][debug][gc,nmethod     ] Register NMethod: io.sirix.node.delegates.StructNodeDelegate.<init> (0x00007943f7f45588) [0x00007943f7f45680, 0x00007943f7f458e0] Compiler: c1, Barriers: 3, Oops: 1, ImmediateOops: 1, NonImmediateOops: No
[2,899s][debug][gc,nmethod     ] Register NMethod: io.sirix.node.NodeKind.deserializeNodeDelegateWithoutIDs (0x00007943f7f45908) [0x00007943f7f45a00, 0x00007943f7f45d08] Compiler: c1, Barriers: 1, Oops: 1, ImmediateOops: 0, NonImmediateOops: No
[2,899s][debug][gc,nmethod     ] Register NMethod: io.sirix.node.NodeKind.deserializeNameDelegate (0x00007943f7f45d88) [0x00007943f7f45e80, 0x00007943f7f46188] Compiler: c1, Barriers: 0, Oops: 1, ImmediateOops: 0, NonImmediateOops: No
[2,899s][debug][gc,nmethod     ] Register NMethod: io.sirix.node.NodeKind$13.deserialize (0x00007943f7f46208) [0x00007943f7f46300, 0x00007943f7f46700] Compiler: c1, Barriers: 1, Oops: 1, ImmediateOops: 1, NonImmediateOops: No
[2,899s][debug][gc,nmethod     ] Register NMethod: io.sirix.node.NodeKind.deserializeStructDel (0x00007943f7f46788) [0x00007943f7f46880, 0x00007943f7f46dc8] Compiler: c1, Barriers: 1, Oops: 1, ImmediateOops: 6, NonImmediateOops: No
[2,899s][debug][gc,nmethod     ] Register NMethod: io.sirix.axis.pathsummary.AbstractAxis.next (0x00007943f7f46e08) [0x00007943f7f46f00, 0x00007943f7f47198] Compiler: c1, Barriers: 4, Oops: 1, ImmediateOops: 1, NonImmediateOops: No
[2,899s][debug][gc,nmethod     ] Register NMethod: java.lang.invoke.VarHandleGuards.guard_LL_V (0x0000794416d7b488) [0x0000794416d7b580, 0x0000794416d7bcb8] Compiler: jvmci, Barriers: 23, Oops: 0, ImmediateOops: 5, NonImmediateOops: No
[2,899s][debug][gc,nmethod     ] Register NMethod: io.sirix.index.path.summary.PathNode.setFirstChild (0x0000794416d7bd08) [0x0000794416d7be00, 0x0000794416d7bf30] Compiler: c1, Barriers: 3, Oops: 1, ImmediateOops: 0, NonImmediateOops: No
[2,899s][debug][gc,nmethod     ] Register NMethod: io.sirix.axis.pathsummary.AbstractAxis.tryToComputeNext (0x00007943f7f47208) [0x00007943f7f47300, 0x00007943f7f476a0] Compiler: c1, Barriers: 13, Oops: 1, ImmediateOops: 4, NonImmediateOops: No
[2,899s][debug][gc,director    ] Rule Major: Warmup 10%, Used: 470MB, UsedThreshold: 1228MB
[2,899s][debug][gc,nmethod     ] Register NMethod: java.lang.Short.valueOf (0x00007943f7f47708) [0x00007943f7f47800, 0x00007943f7f47b18] Compiler: c1, Barriers: 1, Oops: 0, ImmediateOops: 1, NonImmediateOops: No
[2,900s][debug][gc,nmethod     ] Register NMethod: it.unimi.dsi.fastutil.shorts.ShortArrayList$1.nextShort (0x00007943f7f47b88) [0x00007943f7f47c80, 0x00007943f7f47fd8] Compiler: c1, Barriers: 2, Oops: 1, ImmediateOops: 0, NonImmediateOops: No
[2,900s][debug][gc,nmethod     ] Register NMethod: io.sirix.page.UberPage.getPageCountExp (0x00007943f7f48008) [0x00007943f7f48100, 0x00007943f7f48648] Compiler: c1, Barriers: 0, Oops: 1, ImmediateOops: 4, NonImmediateOops: No
[2,900s][debug][gc,nmethod     ] Register NMethod: io.sirix.axis.pathsummary.LevelOrderSettingInMemoryInstancesAxis.nextNode (0x00007943f7f48688) [0x00007943f7f48780, 0x00007943f7f49878] Compiler: c1, Barriers: 30, Oops: 1, ImmediateOops: 8, NonImmediateOops: No
[2,900s][debug][gc,nmethod     ] Register NMethod: io.sirix.page.delegates.ReferencesPage4.getOrCreateReference (0x00007943f7f49888) [0x00007943f7f49980, 0x00007943f7f4b388] Compiler: c1, Barriers: 5, Oops: 1, ImmediateOops: 0, NonImmediateOops: No
[2,900s][debug][gc,nmethod     ] Register NMethod: java.lang.invoke.MethodHandle.linkToStatic (0x0000794416d7c008) [0x0000794416d7c100, 0x0000794416d7c1f0] Compiler: , Barriers: 0, Oops: 0, ImmediateOops: 0, NonImmediateOops: No
[2,901s][debug][gc,nmethod     ] Register NMethod: it.unimi.dsi.fastutil.shorts.ShortArrayList$1.<init> (0x00007943f7f4b408) [0x00007943f7f4b500, 0x00007943f7f4b6e0] Compiler: c1, Barriers: 3, Oops: 1, ImmediateOops: 0, NonImmediateOops: No
[2,901s][debug][gc,nmethod     ] Register NMethod: io.sirix.node.MemorySegmentBytesIn.readByte (0x00007943f7f4b708) [0x00007943f7f4b800, 0x00007943f7f4f220] Compiler: c1, Barriers: 5, Oops: 6, ImmediateOops: 9, NonImmediateOops: No
[2,901s][debug][gc,nmethod     ] Register NMethod: io.sirix.node.MemorySegmentBytesIn.readLong (0x00007943f7f4f288) [0x00007943f7f4f380, 0x00007943f7f52f90] Compiler: c1, Barriers: 5, Oops: 6, ImmediateOops: 10, NonImmediateOops: No
[2,901s][debug][gc,nmethod     ] Register NMethod: io.sirix.access.trx.page.NodePageTrx$$Lambda/0x00000000a928fa18.apply (0x00007943f7f53008) [0x00007943f7f53100, 0x00007943f7f534c8] Compiler: c1, Barriers: 2, Oops: 1, ImmediateOops: 0, NonImmediateOops: No
[2,901s][debug][gc,nmethod     ] Register NMethod: io.sirix.access.trx.page.NodePageReadOnlyTrx.getCurrentMaxIndirectPageTreeLevel (0x00007943f7f53508) [0x00007943f7f53600, 0x00007943f7f5adc8] Compiler: c1, Barriers: 20, Oops: 1, ImmediateOops: 6, NonImmediateOops: No
[2,901s][debug][gc,nmethod     ] Register NMethod: com.github.benmanes.caffeine.cache.SSLSMW.frequencySketch (0x0000794416d7c308) [0x0000794416d7c400, 0x0000794416d7c4f0] Compiler: c1, Barriers: 1, Oops: 1, ImmediateOops: 0, NonImmediateOops: No
[2,901s][debug][gc,nmethod     ] Register NMethod: io.sirix.access.trx.page.NodePageReadOnlyTrx.getLeafPageReference (0x00007943f7f5ae08) [0x00007943f7f5af00, 0x00007943f7f5b1f8] Compiler: c1, Barriers: 0, Oops: 1, ImmediateOops: 0, NonImmediateOops: No
[2,901s][debug][gc,nmethod     ] Register NMethod: it.unimi.dsi.fastutil.shorts.AbstractShortList.ensureIndex (0x00007943f7f5b208) [0x00007943f7f5b300, 0x00007943f7f5d5e0] Compiler: c1, Barriers: 0, Oops: 5, ImmediateOops: 7, NonImmediateOops: No
[2,901s][debug][gc,nmethod     ] Register NMethod: net.jpountz.util.Native.isLoaded (0x00007943f7f5d688) [0x00007943f7f5d780, 0x00007943f7f5d9c8] Compiler: c1, Barriers: 0, Oops: 1, ImmediateOops: 2, NonImmediateOops: No
[2,902s][debug][gc,nmethod     ] Register NMethod: java.util.HashSet.remove (0x00007943f7f5da08) [0x00007943f7f5db00, 0x00007943f7f5dc78] Compiler: c1, Barriers: 1, Oops: 0, ImmediateOops: 1, NonImmediateOops: No
[2,902s][debug][gc,nmethod     ] Register NMethod: java.lang.reflect.Executable.isVarArgs (0x00007943f7f5dd08) [0x00007943f7f5de00, 0x00007943f7f5df38] Compiler: c1, Barriers: 0, Oops: 0, ImmediateOops: 0, NonImmediateOops: No
[2,902s][debug][gc,nmethod     ] Register NMethod: io.sirix.access.trx.page.NodePageReadOnlyTrx.getPageReference (0x00007943f7f5e008) [0x00007943f7f5e100, 0x00007943f7f671b8] Compiler: c1, Barriers: 28, Oops: 1, ImmediateOops: 7, NonImmediateOops: No
[2,902s][debug][gc,nmethod     ] Register NMethod: io.sirix.access.trx.page.NodePageReadOnlyTrx.getReferenceToLeafOfSubtree (0x00007943f7f67208) [0x00007943f7f67300, 0x00007943f7f68430] Compiler: c1, Barriers: 1, Oops: 1, ImmediateOops: 2, NonImmediateOops: No
[2,902s][debug][gc,nmethod     ] Register NMethod: java.util.concurrent.locks.AbstractQueuedLongSynchronizer.getState (0x0000794416d7c608) [0x0000794416d7c700, 0x0000794416d7c7c8] Compiler: c1, Barriers: 0, Oops: 0, ImmediateOops: 0, NonImmediateOops: No
[2,903s][debug][gc,nmethod     ] Register NMethod: com.google.gson.stream.JsonReader.nextQuotedValue (0x00007943f7f68488) [0x00007943f7f68580, 0x00007943f7f68fc0] Compiler: c1, Barriers: 1, Oops: 2, ImmediateOops: 3, NonImmediateOops: No
[2,904s][debug][gc,nmethod     ] Register NMethod: com.google.gson.stream.JsonReader.doPeek (0x00007943f7f69008) [0x00007943f7f69100, 0x00007943f7f6c4c8] Compiler: c1, Barriers: 4, Oops: 8, ImmediateOops: 33, NonImmediateOops: No
[2,904s][debug][gc,nmethod     ] Register NMethod: java.io.FileDescriptor.<init> (0x00007943f7f6c588) [0x00007943f7f6c680, 0x00007943f7f6c790] Compiler: c1, Barriers: 0, Oops: 0, ImmediateOops: 0, NonImmediateOops: No
[2,905s][debug][gc,nmethod     ] Register NMethod: java.lang.invoke.MethodHandle.linkToSpecial (0x0000794416d7c908) [0x0000794416d7ca00, 0x0000794416d7caf8] Compiler: , Barriers: 0, Oops: 0, ImmediateOops: 0, NonImmediateOops: No
[2,905s][debug][gc,nmethod     ] Register NMethod: java.lang.invoke.LambdaFormEditor$TransformKey.inRange (0x00007943f7f6c888) [0x00007943f7f6c980, 0x00007943f7f6ca70] Compiler: c1, Barriers: 0, Oops: 0, ImmediateOops: 0, NonImmediateOops: No
[2,905s][debug][gc,nmethod     ] Register NMethod: java.lang.invoke.LambdaFormEditor$TransformKey.<init> (0x00007943f7f6cb88) [0x00007943f7f6cc80, 0x00007943f7f6cdf8] Compiler: c1, Barriers: 3, Oops: 0, ImmediateOops: 0, NonImmediateOops: No
[2,905s][debug][gc,nmethod     ] Register NMethod: java.util.Arrays.equals (0x00007943f7f6ce88) [0x00007943f7f6cf80, 0x00007943f7f6d148] Compiler: c1, Barriers: 0, Oops: 0, ImmediateOops: 0, NonImmediateOops: No
[2,906s][debug][gc,nmethod     ] Register NMethod: java.lang.invoke.LambdaFormEditor.getInCache (0x00007943f7f6d188) [0x00007943f7f6d280, 0x00007943f7f6d8c8] Compiler: c1, Barriers: 7, Oops: 0, ImmediateOops: 0, NonImmediateOops: No
[2,906s][debug][gc,nmethod     ] Register NMethod: java.lang.invoke.MethodHandle.invokeBasic (0x0000794416d7cc08) [0x0000794416d7cd00, 0x0000794416d7cf98] Compiler: , Barriers: 0, Oops: 0, ImmediateOops: 0, NonImmediateOops: No
[2,906s][debug][gc,nmethod     ] Register NMethod: sun.nio.ch.NativeThread.current (0x00007943f7f6d908) [0x00007943f7f6da00, 0x00007943f7f6dba0] Compiler: c1, Barriers: 1, Oops: 0, ImmediateOops: 0, NonImmediateOops: No
[2,906s][debug][gc,nmethod     ] Register NMethod: java.lang.invoke.VarHandleLongs$FieldInstanceReadOnly.getVolatile (0x00007943f7f6dc08) [0x00007943f7f6dd00, 0x00007943f7f6e030] Compiler: c1, Barriers: 1, Oops: 1, ImmediateOops: 0, NonImmediateOops: No
[2,906s][debug][gc,nmethod     ] Register NMethod: sun.nio.ch.FileChannelImpl.beginBlocking (0x00007943f7f6e088) [0x00007943f7f6e180, 0x00007943f7f6e2a8] Compiler: c1, Barriers: 0, Oops: 0, ImmediateOops: 0, NonImmediateOops: No
[2,906s][debug][gc,nmethod     ] Register NMethod: sun.nio.ch.FileChannelImpl.ensureOpen (0x00007943f7f6e388) [0x00007943f7f6e480, 0x00007943f7f6e5f8] Compiler: c1, Barriers: 0, Oops: 0, ImmediateOops: 0, NonImmediateOops: No
[2,906s][debug][gc,nmethod     ] Register NMethod: sun.nio.ch.NativeThread.isNativeThread (0x00007943f7f6e688) [0x00007943f7f6e780, 0x00007943f7f6e888] Compiler: c1, Barriers: 0, Oops: 0, ImmediateOops: 0, NonImmediateOops: No
[2,906s][debug][gc,nmethod     ] Register NMethod: java.lang.invoke.VarHandleGuards.guard_L_J (0x00007943f7f6e988) [0x00007943f7f6ea80, 0x00007943f7f6f778] Compiler: c1, Barriers: 28, Oops: 0, ImmediateOops: 2, NonImmediateOops: No
[2,906s][debug][gc,nmethod     ] Register NMethod: sun.nio.ch.FileChannelImpl.endBlocking (0x00007943f7f6f788) [0x00007943f7f6f880, 0x00007943f7f6f9a8] Compiler: c1, Barriers: 0, Oops: 0, ImmediateOops: 0, NonImmediateOops: No
[2,906s][debug][gc,nmethod     ] Register NMethod: sun.nio.ch.NativeThreadSet.remove (0x00007943f7f6fa88) [0x00007943f7f6fb80, 0x00007943f7f6ff58] Compiler: c1, Barriers: 1, Oops: 0, ImmediateOops: 0, NonImmediateOops: No
[2,906s][debug][gc,nmethod     ] Register NMethod: sun.nio.ch.NativeThreadSet.add (0x00007943f7f6ff88) [0x00007943f7f70080, 0x00007943f7f70958] Compiler: c1, Barriers: 9, Oops: 0, ImmediateOops: 0, NonImmediateOops: No
[2,907s][debug][gc,nmethod     ] Register NMethod: java.lang.invoke.MethodHandle.invokeBasic (0x0000794416d7d008) [0x0000794416d7d100, 0x0000794416d7d398] Compiler: , Barriers: 0, Oops: 0, ImmediateOops: 0, NonImmediateOops: No
[2,907s][debug][gc,nmethod     ] Register NMethod: java.lang.invoke.MethodHandle.linkToSpecial (0x0000794416d7d408) [0x0000794416d7d500, 0x0000794416d7d5f8] Compiler: , Barriers: 0, Oops: 0, ImmediateOops: 0, NonImmediateOops: No
[2,908s][debug][gc,nmethod     ] Register NMethod: java.lang.invoke.MethodHandle.invokeBasic (0x0000794416d7d708) [0x0000794416d7d800, 0x0000794416d7da98] Compiler: , Barriers: 0, Oops: 0, ImmediateOops: 0, NonImmediateOops: No
[2,908s][debug][gc,nmethod     ] Register NMethod: jdk.internal.foreign.SegmentFactories.allocateNativeInternal (0x0000794416d7db08) [0x0000794416d7dc20, 0x0000794416d7e710] Compiler: jvmci, Barriers: 23, Oops: 1, ImmediateOops: 6, NonImmediateOops: No
[2,909s][debug][gc,director    ] Rule Major: Warmup 10%, Used: 470MB, UsedThreshold: 1228MB
[2,912s][debug][gc,nmethod     ] Register NMethod: java.lang.reflect.Modifier.isFinal (0x00007943f7f70988) [0x00007943f7f70a80, 0x00007943f7f70b70] Compiler: c1, Barriers: 0, Oops: 0, ImmediateOops: 0, NonImmediateOops: No
[2,913s][debug][gc,nmethod     ] Register NMethod: java.lang.invoke.MethodHandle.linkToStatic (0x0000794416d7e788) [0x0000794416d7e880, 0x0000794416d7e970] Compiler: , Barriers: 0, Oops: 0, ImmediateOops: 0, NonImmediateOops: No
[2,913s][debug][gc,nmethod     ] Register NMethod: java.lang.invoke.MethodHandle.invokeBasic (0x0000794416d7ea88) [0x0000794416d7eb80, 0x0000794416d7ee18] Compiler: , Barriers: 0, Oops: 0, ImmediateOops: 0, NonImmediateOops: No
[2,914s][debug][gc,nmethod     ] Register NMethod: java.lang.invoke.MethodHandle.linkToSpecial (0x0000794416d7ee88) [0x0000794416d7ef80, 0x0000794416d7f078] Compiler: , Barriers: 0, Oops: 0, ImmediateOops: 0, NonImmediateOops: No
[2,914s][debug][gc,nmethod     ] Register NMethod: jdk.internal.foreign.SegmentFactories.allocateNativeSegment (0x0000794416d7f188) [0x0000794416d7f2a0, 0x0000794416d7fe50] Compiler: jvmci, Barriers: 25, Oops: 1, ImmediateOops: 6, NonImmediateOops: No
[2,915s][debug][gc,nmethod     ] Register NMethod: java.lang.invoke.MethodHandle.invokeBasic (0x0000794416d7fe88) [0x0000794416d7ff80, 0x0000794416d80218] Compiler: , Barriers: 0, Oops: 0, ImmediateOops: 0, NonImmediateOops: No
[2,915s][debug][gc,nmethod     ] Register NMethod: java.lang.invoke.InvokerBytecodeGenerator.assertStaticType (0x00007943f7f70c88) [0x00007943f7f70d80, 0x00007943f7f71120] Compiler: c1, Barriers: 6, Oops: 0, ImmediateOops: 0, NonImmediateOops: No
[2,915s][debug][gc,nmethod     ] Register NMethod: java.lang.invoke.LambdaForm$Name.internArguments (0x00007943f7f71188) [0x00007943f7f71280, 0x00007943f7f71618] Compiler: c1, Barriers: 6, Oops: 0, ImmediateOops: 0, NonImmediateOops: No
[2,915s][debug][gc,nmethod     ] Register NMethod: jdk.internal.foreign.Utils.checkAlign (0x0000794416d80288) [0x0000794416d80380, 0x0000794416d80428] Compiler: jvmci, Barriers: 0, Oops: 0, ImmediateOops: 0, NonImmediateOops: No
[2,915s][debug][gc,nmethod     ] Register NMethod: java.io.FileDescriptor.valid (0x00007943f7f71688) [0x00007943f7f71780, 0x00007943f7f718b0] Compiler: c1, Barriers: 0, Oops: 0, ImmediateOops: 0, NonImmediateOops: No
[2,916s][debug][gc,nmethod     ] Register NMethod: sun.nio.fs.Util.followLinks (0x00007943f7f71988) [0x00007943f7f71a80, 0x00007943f7f71da0] Compiler: c1, Barriers: 1, Oops: 0, ImmediateOops: 2, NonImmediateOops: No
[2,916s][debug][gc,nmethod     ] Register NMethod: sun.nio.ch.UnixFileDispatcherImpl.size0 (0x0000794416d80588) [0x0000794416d80680, 0x0000794416d807e8] Compiler: , Barriers: 0, Oops: 0, ImmediateOops: 1, NonImmediateOops: No
[2,917s][debug][gc,nmethod     ] Register NMethod: org.magicwerk.brownies.collections.IList$Iter.hasNext (0x00007943f7f71e08) [0x00007943f7f71f00, 0x00007943f7f72098] Compiler: c1, Barriers: 1, Oops: 1, ImmediateOops: 0, NonImmediateOops: No
[2,918s][debug][gc,nmethod     ] Register NMethod: io.sirix.page.PageReference.setDatabaseId (0x00007943f7f72108) [0x00007943f7f72200, 0x00007943f7f72308] Compiler: c1, Barriers: 0, Oops: 1, ImmediateOops: 0, NonImmediateOops: No
[2,918s][debug][gc,nmethod     ] Register NMethod: io.sirix.page.PageReference.setResourceId (0x00007943f7f72408) [0x00007943f7f72500, 0x00007943f7f72608] Compiler: c1, Barriers: 0, Oops: 1, ImmediateOops: 0, NonImmediateOops: No
[2,918s][debug][gc,nmethod     ] Register NMethod: java.util.Collections.emptyIterator (0x00007943f7f72708) [0x00007943f7f72800, 0x00007943f7f728e8] Compiler: c1, Barriers: 0, Oops: 0, ImmediateOops: 1, NonImmediateOops: No
[2,918s][debug][gc,nmethod     ] Register NMethod: com.github.benmanes.caffeine.cache.BoundedLocalCache.refreshAfterWrite (0x0000794416d80888) [0x0000794416d80980, 0x0000794416d80a40] Compiler: c1, Barriers: 0, Oops: 1, ImmediateOops: 0, NonImmediateOops: No
[2,919s][debug][gc,nmethod     ] Register NMethod: org.magicwerk.brownies.collections.IList$Iter.next (0x00007943f7f72a08) [0x00007943f7f72b00, 0x00007943f7f72e90] Compiler: c1, Barriers: 2, Oops: 1, ImmediateOops: 0, NonImmediateOops: No
[2,919s][debug][gc,nmethod     ] Register NMethod: io.sirix.page.PageReference.<init> (0x00007943f7f72f08) [0x00007943f7f73000, 0x00007943f7f73278] Compiler: c1, Barriers: 6, Oops: 1, ImmediateOops: 1, NonImmediateOops: No
[2,920s][debug][gc,director    ] Rule Major: Warmup 10%, Used: 472MB, UsedThreshold: 1228MB
[2,920s][debug][gc,nmethod     ] Register NMethod: com.github.benmanes.caffeine.cache.BoundedLocalCache.expiry (0x0000794416d80b88) [0x0000794416d80c80, 0x0000794416d80d48] Compiler: c1, Barriers: 0, Oops: 1, ImmediateOops: 0, NonImmediateOops: No
[2,920s][debug][gc,nmethod     ] Register NMethod: io.sirix.node.xml.ElementNode.getLastChildKey (0x0000794416d80e88) [0x0000794416d80f80, 0x0000794416d81358] Compiler: jvmci, Barriers: 4, Oops: 3, ImmediateOops: 0, NonImmediateOops: No
[2,920s][debug][gc,nmethod     ] Register NMethod: io.sirix.node.SirixDeweyID.toBytes (0x0000794416d81388) [0x0000794416d81480, 0x0000794416d82780] Compiler: jvmci, Barriers: 10, Oops: 1, ImmediateOops: 3, NonImmediateOops: No
[2,921s][debug][gc,nmethod     ] Register NMethod: java.lang.invoke.MethodHandle.invokeBasic (0x0000794416d82808) [0x0000794416d82900, 0x0000794416d82b98] Compiler: , Barriers: 0, Oops: 0, ImmediateOops: 0, NonImmediateOops: No
[2,921s][debug][gc,nmethod     ] Register NMethod: io.sirix.node.xml.TextNode.getRawValue (0x0000794416d82c08) [0x0000794416d82d00, 0x0000794416d82de0] Compiler: jvmci, Barriers: 1, Oops: 1, ImmediateOops: 0, NonImmediateOops: No
[2,921s][debug][gc,nmethod     ] Register NMethod: java.lang.invoke.VarHandleGuards.guard_LJJ_Z (0x00007943f7f73288) [0x00007943f7f73380, 0x00007943f7f740c0] Compiler: c1, Barriers: 28, Oops: 0, ImmediateOops: 2, NonImmediateOops: No
[2,921s][debug][gc,nmethod     ] Register NMethod: java.lang.invoke.SegmentVarHandle.offset (0x0000794416d82f08) [0x0000794416d83000, 0x0000794416d830d8] Compiler: jvmci, Barriers: 0, Oops: 0, ImmediateOops: 0, NonImmediateOops: No
[2,921s][debug][gc,nmethod     ] Register NMethod: sun.nio.fs.NativeBuffers.copyCStringToNativeBuffer (0x00007943f7f74108) [0x00007943f7f74200, 0x00007943f7f74380] Compiler: c1, Barriers: 0, Oops: 0, ImmediateOops: 1, NonImmediateOops: No
[2,922s][debug][gc,nmethod     ] Register NMethod: io.sirix.page.SerializationType.readHash (0x00007943f7f74408) [0x00007943f7f74500, 0x00007943f7f747b8] Compiler: c1, Barriers: 3, Oops: 1, ImmediateOops: 0, NonImmediateOops: No
[2,922s][debug][gc,nmethod     ] Register NMethod: io.sirix.page.SerializationType.readPageFragments (0x00007943f7f74808) [0x00007943f7f74900, 0x00007943f7f74ce8] Compiler: c1, Barriers: 1, Oops: 1, ImmediateOops: 0, NonImmediateOops: No
[2,922s][debug][gc,nmethod     ] Register NMethod: io.sirix.index.path.summary.PathSummaryReader.getPathNode (0x0000794416d83208) [0x0000794416d83300, 0x0000794416d83420] Compiler: jvmci, Barriers: 1, Oops: 1, ImmediateOops: 0, NonImmediateOops: No
[2,922s][debug][gc,nmethod     ] Register NMethod: org.magicwerk.brownies.collections.GapList.add (0x00007943f7f74d08) [0x00007943f7f74e00, 0x00007943f7f74f68] Compiler: c1, Barriers: 0, Oops: 1, ImmediateOops: 0, NonImmediateOops: No
[2,922s][debug][gc,nmethod     ] Register NMethod: org.magicwerk.brownies.collections.IList.checkIndexAdd (0x00007943f7f75008) [0x00007943f7f75100, 0x00007943f7f75520] Compiler: c1, Barriers: 0, Oops: 1, ImmediateOops: 4, NonImmediateOops: No
[2,922s][debug][gc,nmethod     ] Register NMethod: org.magicwerk.brownies.collections.GapList.doEnsureCapacity (0x00007943f7f75588) [0x00007943f7f75680, 0x00007943f7f75cc0] Compiler: c1, Barriers: 6, Oops: 1, ImmediateOops: 0, NonImmediateOops: No
[2,923s][debug][gc,nmethod     ] Register NMethod: java.nio.ByteBuffer.put (0x00007943f7f75d08) [0x00007943f7f75e00, 0x00007943f7f75f38] Compiler: c1, Barriers: 0, Oops: 0, ImmediateOops: 0, NonImmediateOops: No
[2,923s][debug][gc,nmethod     ] Register NMethod: org.magicwerk.brownies.collections.GapList.doAdd (0x00007943f7f76008) [0x00007943f7f76100, 0x00007943f7f772b8] Compiler: c1, Barriers: 13, Oops: 1, ImmediateOops: 0, NonImmediateOops: No
[2,923s][debug][gc,nmethod     ] Register NMethod: java.nio.Buffer.checkSession (0x00007943f7f77308) [0x00007943f7f77400, 0x00007943f7f77740] Compiler: c1, Barriers: 5, Oops: 0, ImmediateOops: 2, NonImmediateOops: No
[2,923s][debug][gc,nmethod     ] Register NMethod: java.nio.HeapByteBuffer.put (0x00007943f7f77788) [0x00007943f7f77880, 0x00007943f7f77e10] Compiler: c1, Barriers: 6, Oops: 0, ImmediateOops: 2, NonImmediateOops: No
[2,924s][debug][gc,nmethod     ] Register NMethod: io.sirix.node.NodeSerializerImpl.deserializeDeweyID (0x00007943f7f77e88) [0x00007943f7f77f80, 0x00007943f7f78588] Compiler: c1, Barriers: 0, Oops: 1, ImmediateOops: 0, NonImmediateOops: No
[2,924s][debug][gc,nmethod     ] Register NMethod: io.sirix.node.MemorySegmentBytesIn.read (0x00007943f7f78608) [0x00007943f7f78700, 0x00007943f7f78848] Compiler: c1, Barriers: 0, Oops: 1, ImmediateOops: 0, NonImmediateOops: No
[2,924s][debug][gc,nmethod     ] Register NMethod: io.sirix.node.MemorySegmentBytesOut.<init> (0x0000794416d83508) [0x0000794416d83600, 0x0000794416d84408] Compiler: jvmci, Barriers: 34, Oops: 3, ImmediateOops: 6, NonImmediateOops: No
[2,924s][debug][gc,nmethod     ] Register NMethod: java.lang.Integer.numberOfTrailingZeros (0x00007943f7f78908) [0x00007943f7f78a00, 0x00007943f7f78c18] Compiler: c1, Barriers: 0, Oops: 0, ImmediateOops: 0, NonImmediateOops: No
[2,924s][debug][gc,nmethod     ] Register NMethod: java.lang.Long.numberOfTrailingZeros (0x00007943f7f78c88) [0x00007943f7f78d80, 0x00007943f7f78f28] Compiler: c1, Barriers: 0, Oops: 0, ImmediateOops: 0, NonImmediateOops: No
[2,925s][debug][gc,nmethod     ] Register NMethod: java.nio.HeapByteBuffer.ix (0x0000794416d84488) [0x0000794416d84580, 0x0000794416d84608] Compiler: jvmci, Barriers: 0, Oops: 0, ImmediateOops: 0, NonImmediateOops: No
[2,925s][debug][gc,nmethod     ] Register NMethod: java.util.BitSet.nextSetBit (0x00007943f7f78f88) [0x00007943f7f79080, 0x00007943f7f7a070] Compiler: c1, Barriers: 1, Oops: 1, ImmediateOops: 2, NonImmediateOops: No
[2,925s][debug][gc,nmethod     ] Register NMethod: io.sirix.page.KeyValueLeafPage.setDeweyId (0x00007943f7f7a088) [0x00007943f7f7a180, 0x00007943f7f7a3d8] Compiler: c1, Barriers: 5, Oops: 1, ImmediateOops: 0, NonImmediateOops: No
[2,925s][debug][gc,nmethod     ] Register NMethod: java.nio.Buffer.session (0x0000794416d84788) [0x0000794416d84880, 0x0000794416d849d8] Compiler: jvmci, Barriers: 2, Oops: 0, ImmediateOops: 0, NonImmediateOops: No
[2,925s][debug][gc,nmethod     ] Register NMethod: com.github.benmanes.caffeine.cache.SSLSMW.weightedSize (0x0000794416d84a88) [0x0000794416d84b80, 0x0000794416d84c40] Compiler: c1, Barriers: 0, Oops: 1, ImmediateOops: 0, NonImmediateOops: No
[2,926s][debug][gc,nmethod     ] Register NMethod: io.sirix.node.MemorySegmentBytesIn.read (0x00007943f7f7a408) [0x00007943f7f7a500, 0x00007943f7f80ff8] Compiler: c1, Barriers: 7, Oops: 9, ImmediateOops: 16, NonImmediateOops: No
[2,927s][debug][gc,nmethod     ] Register NMethod: java.io.FileDescriptor.close0 (0x0000794416d84d88) [0x0000794416d84e80, 0x0000794416d84fc8] Compiler: , Barriers: 0, Oops: 0, ImmediateOops: 0, NonImmediateOops: No
[2,929s][debug][gc,nmethod     ] Register NMethod: jdk.internal.foreign.AbstractMemorySegmentImpl.set (0x0000794416d85088) [0x0000794416d85180, 0x0000794416d85970] Compiler: jvmci, Barriers: 17, Oops: 1, ImmediateOops: 4, NonImmediateOops: No
[2,930s][debug][gc,director    ] Rule Major: Warmup 10%, Used: 472MB, UsedThreshold: 1228MB
[2,931s][debug][gc,nmethod     ] Register NMethod: java.lang.invoke.VarHandleSegmentAsInts.set (0x0000794416d85988) [0x0000794416d85a80, 0x0000794416d86220] Compiler: jvmci, Barriers: 4, Oops: 0, ImmediateOops: 0, NonImmediateOops: No
[2,932s][debug][gc,nmethod     ] Register NMethod: java.lang.invoke.DirectMethodHandle.internalMemberName (0x0000794416d86288) [0x0000794416d86380, 0x0000794416d86478] Compiler: jvmci, Barriers: 1, Oops: 0, ImmediateOops: 0, NonImmediateOops: No
[2,932s][debug][gc,nmethod     ] Register NMethod: io.sirix.node.SirixDeweyID.getDivisionBits (0x0000794416d86588) [0x0000794416d86680, 0x0000794416d86800] Compiler: jvmci, Barriers: 1, Oops: 1, ImmediateOops: 2, NonImmediateOops: No
[2,934s][debug][gc,nmethod     ] Register NMethod: java.util.regex.Pattern.next (0x00007943f7f81088) [0x00007943f7f81180, 0x00007943f7f81328] Compiler: c1, Barriers: 1, Oops: 0, ImmediateOops: 0, NonImmediateOops: No
[2,935s][debug][gc,nmethod     ] Register NMethod: java.util.BitSet.<init> (0x0000794416d86888) [0x0000794416d86980, 0x0000794416d86c30] Compiler: jvmci, Barriers: 3, Oops: 0, ImmediateOops: 0, NonImmediateOops: No
[2,935s][debug][gc,nmethod     ] Register NMethod: java.util.regex.Pattern$Node.<init> (0x00007943f7f81388) [0x00007943f7f81480, 0x00007943f7f815f8] Compiler: c1, Barriers: 3, Oops: 0, ImmediateOops: 1, NonImmediateOops: No
[2,935s][debug][gc,nmethod     ] Register NMethod: org.magicwerk.brownies.collections.GapList.get (0x0000794416d86c88) [0x0000794416d86d80, 0x0000794416d86f18] Compiler: jvmci, Barriers: 2, Oops: 1, ImmediateOops: 0, NonImmediateOops: No
[2,935s][debug][gc,nmethod     ] Register NMethod: java.lang.StringUTF16.codePointAt (0x00007943f7f81688) [0x00007943f7f81780, 0x00007943f7f819b0] Compiler: c1, Barriers: 0, Oops: 1, ImmediateOops: 2, NonImmediateOops: No
[2,936s][debug][gc,nmethod     ] Register NMethod: org.magicwerk.brownies.collections.GapList.doGet (0x0000794416d86f88) [0x0000794416d87080, 0x0000794416d87218] Compiler: jvmci, Barriers: 2, Oops: 1, ImmediateOops: 0, NonImmediateOops: No
[2,936s][debug][gc,nmethod     ] Register NMethod: io.sirix.page.KeyValueLeafPage.setDeweyId (0x0000794416d87288) [0x0000794416d87380, 0x0000794416d87408] Compiler: jvmci, Barriers: 0, Oops: 1, ImmediateOops: 0, NonImmediateOops: No
[2,937s][debug][gc,nmethod     ] Register NMethod: java.util.BitSet.checkRange (0x0000794416d87588) [0x0000794416d87680, 0x0000794416d87738] Compiler: jvmci, Barriers: 0, Oops: 0, ImmediateOops: 0, NonImmediateOops: No
[2,939s][debug][gc,nmethod     ] Register NMethod: java.util.BitSet.flip (0x0000794416d87888) [0x0000794416d87980, 0x0000794416d87c38] Compiler: jvmci, Barriers: 1, Oops: 0, ImmediateOops: 0, NonImmediateOops: No
[2,940s][debug][gc,director    ] Rule Major: Warmup 10%, Used: 472MB, UsedThreshold: 1228MB
[2,940s][debug][gc,nmethod     ] Register NMethod: java.lang.System.getProperty (0x00007943f7f81a08) [0x00007943f7f81b00, 0x00007943f7f81e28] Compiler: c1, Barriers: 2, Oops: 0, ImmediateOops: 3, NonImmediateOops: No
[2,945s][debug][gc,nmethod     ] Register NMethod: io.sirix.node.NodeSerializerImpl.writeDeweyID (0x0000794416d87c88) [0x0000794416d87d80, 0x0000794416d89118] Compiler: jvmci, Barriers: 21, Oops: 4, ImmediateOops: 1, NonImmediateOops: No
[2,947s][debug][gc,nmethod     ] Register NMethod: io.sirix.page.delegates.BitmapReferencesPage.index (0x0000794416d89188) [0x0000794416d89280, 0x0000794416d89818] Compiler: jvmci, Barriers: 2, Oops: 2, ImmediateOops: 0, NonImmediateOops: No
[2,948s][debug][gc,nmethod     ] Register NMethod: io.sirix.page.delegates.BitmapReferencesPage.getOrCreateReference (0x0000794416d89888) [0x0000794416d89980, 0x0000794416d8a148] Compiler: jvmci, Barriers: 5, Oops: 2, ImmediateOops: 0, NonImmediateOops: No
[2,948s][debug][gc,nmethod     ] Register NMethod: io.brackit.query.function.AbstractFunction.getName (0x0000794416d8a188) [0x0000794416d8a280, 0x0000794416d8a368] Compiler: c1, Barriers: 1, Oops: 1, ImmediateOops: 0, NonImmediateOops: No
[2,949s][debug][gc,nmethod     ] Register NMethod: io.brackit.query.jdm.type.SequenceType.<init> (0x00007943f7f81e88) [0x00007943f7f81f80, 0x00007943f7f82168] Compiler: c1, Barriers: 6, Oops: 1, ImmediateOops: 0, NonImmediateOops: No
[2,950s][debug][gc,director    ] Rule Major: Warmup 10%, Used: 474MB, UsedThreshold: 1228MB
[2,951s][debug][gc,nmethod     ] Register NMethod: jdk.internal.foreign.ConfinedSession$ConfinedResourceList.add (0x0000794416d8a488) [0x0000794416d8a580, 0x0000794416d8a838] Compiler: jvmci, Barriers: 11, Oops: 0, ImmediateOops: 1, NonImmediateOops: No
[2,952s][debug][gc,nmethod     ] Register NMethod: io.sirix.access.trx.page.NodePageReadOnlyTrx.loadPage (0x0000794416d8a888) [0x0000794416d8a980, 0x0000794416d8af90] Compiler: jvmci, Barriers: 12, Oops: 1, ImmediateOops: 0, NonImmediateOops: No
[2,953s][debug][gc,nmethod     ] Register NMethod: io.sirix.node.xml.AttributeNode.getParentKey (0x0000794416d8b008) [0x0000794416d8b100, 0x0000794416d8b4d8] Compiler: jvmci, Barriers: 4, Oops: 3, ImmediateOops: 0, NonImmediateOops: No
[2,954s][debug][gc,nmethod     ] Register NMethod: io.brackit.query.jdm.AbstractItem.<init> (0x0000794416d8b508) [0x0000794416d8b600, 0x0000794416d8b680] Compiler: jvmci, Barriers: 0, Oops: 1, ImmediateOops: 0, NonImmediateOops: No
[2,955s][debug][gc,nmethod     ] Register NMethod: com.sun.org.apache.xerces.internal.impl.XMLEntityScanner.scanChar (0x0000794416d8b808) [0x0000794416d8b900, 0x0000794416d8bb28] Compiler: jvmci, Barriers: 2, Oops: 0, ImmediateOops: 0, NonImmediateOops: No
[2,955s][debug][gc,nmethod     ] Register NMethod: com.google.common.base.Preconditions.checkArgument (0x0000794416d8bb88) [0x0000794416d8bc80, 0x0000794416d8bd18] Compiler: jvmci, Barriers: 0, Oops: 1, ImmediateOops: 0, NonImmediateOops: No
[2,956s][debug][gc,nmethod     ] Register NMethod: jdk.xml.internal.XMLLimitAnalyzer.addValue (0x0000794416d8be88) [0x0000794416d8bf80, 0x0000794416d8c248] Compiler: jvmci, Barriers: 2, Oops: 0, ImmediateOops: 0, NonImmediateOops: No
[2,956s][debug][gc,nmethod     ] Register NMethod: io.brackit.query.node.parser.SAX2SubtreeHandlerAdapter$TrimmingStringBuilder.append (0x0000794416d8c288) [0x0000794416d8c380, 0x0000794416d8c9b0] Compiler: jvmci, Barriers: 4, Oops: 1, ImmediateOops: 0, NonImmediateOops: No
[2,957s][debug][gc,nmethod     ] Register NMethod: java.nio.MappedByteBuffer.limit (0x0000794416d8ca08) [0x0000794416d8cb00, 0x0000794416d8cc10] Compiler: jvmci, Barriers: 0, Oops: 0, ImmediateOops: 0, NonImmediateOops: No
[2,957s][debug][gc,nmethod     ] Register NMethod: java.nio.MappedByteBuffer.position (0x0000794416d8cd08) [0x0000794416d8ce00, 0x0000794416d8cee0] Compiler: jvmci, Barriers: 0, Oops: 0, ImmediateOops: 0, NonImmediateOops: No
[2,960s][debug][gc,nmethod     ] Register NMethod: it.unimi.dsi.fastutil.ints.Int2IntOpenHashMap.put (0x0000794416d8d008) [0x0000794416d8d100, 0x0000794416d8d3f8] Compiler: jvmci, Barriers: 2, Oops: 1, ImmediateOops: 0, NonImmediateOops: No
[2,960s][debug][gc,director    ] Rule Major: Warmup 10%, Used: 474MB, UsedThreshold: 1228MB
[2,961s][debug][gc,nmethod     ] Register NMethod: io.sirix.access.trx.page.NodePageTrx.createNameKey (0x0000794416d8d408) [0x0000794416d8d500, 0x0000794416d8dce0] Compiler: jvmci, Barriers: 19, Oops: 1, ImmediateOops: 0, NonImmediateOops: No
[2,963s][debug][gc,nmethod     ] Register NMethod: io.sirix.page.NamePage.setName (0x0000794416d8dd08) [0x0000794416d8de00, 0x0000794416d8e4b0] Compiler: jvmci, Barriers: 16, Oops: 1, ImmediateOops: 0, NonImmediateOops: No
[2,965s][debug][gc,nmethod     ] Register NMethod: io.brackit.query.function.AbstractFunction.<init> (0x00007943f7f82188) [0x00007943f7f82280, 0x00007943f7f82590] Compiler: c1, Barriers: 6, Oops: 1, ImmediateOops: 0, NonImmediateOops: No
[2,966s][debug][gc,nmethod     ] Register NMethod: io.brackit.query.module.Functions.predefine (0x00007943f7f82608) [0x00007943f7f82700, 0x00007943f7f83e90] Compiler: c1, Barriers: 10, Oops: 3, ImmediateOops: 3, NonImmediateOops: No
[2,966s][debug][gc,nmethod     ] Register NMethod: java.lang.String.<init> (0x0000794416d8e508) [0x0000794416d8e600, 0x0000794416d8f638] Compiler: jvmci, Barriers: 6, Oops: 0, ImmediateOops: 3, NonImmediateOops: No
[2,967s][debug][gc,nmethod     ] Register NMethod: io.sirix.node.xml.ElementNode.hasLeftSibling (0x0000794416d8f688) [0x0000794416d8f780, 0x0000794416d8fbb8] Compiler: jvmci, Barriers: 4, Oops: 3, ImmediateOops: 0, NonImmediateOops: No
[2,967s][debug][gc,nmethod     ] Register NMethod: io.sirix.node.xml.AttributeNode.getKind (0x0000794416d8fc08) [0x0000794416d8fd00, 0x0000794416d8fd90] Compiler: jvmci, Barriers: 0, Oops: 1, ImmediateOops: 1, NonImmediateOops: No
[2,967s][debug][gc,nmethod     ] Register NMethod: io.sirix.access.trx.node.AbstractNodeTrxImpl.intermediateCommitIfRequired (0x0000794416d8ff08) [0x0000794416d90000, 0x0000794416d90170] Compiler: jvmci, Barriers: 1, Oops: 1, ImmediateOops: 0, NonImmediateOops: No
[2,967s][debug][gc,nmethod     ] Register NMethod: io.sirix.node.MemorySegmentBytesIn.<init> (0x0000794416d90208) [0x0000794416d90300, 0x0000794416d903f0] Compiler: jvmci, Barriers: 3, Oops: 1, ImmediateOops: 0, NonImmediateOops: No
[2,968s][debug][gc,nmethod     ] Register NMethod: io.brackit.query.jdm.Signature.<init> (0x00007943f7f83f08) [0x00007943f7f84000, 0x00007943f7f842d0] Compiler: c1, Barriers: 9, Oops: 1, ImmediateOops: 0, NonImmediateOops: No
[2,968s][debug][gc,nmethod     ] Register NMethod: java.util.ArrayDeque.pollFirst (0x0000794416d90508) [0x0000794416d90600, 0x0000794416d90800] Compiler: jvmci, Barriers: 4, Oops: 0, ImmediateOops: 0, NonImmediateOops: No
[2,968s][debug][gc,nmethod     ] Register NMethod: java.nio.charset.Charset.defaultCharset (0x0000794416d90808) [0x0000794416d90900, 0x0000794416d90970] Compiler: jvmci, Barriers: 0, Oops: 0, ImmediateOops: 1, NonImmediateOops: No
[2,969s][debug][gc,nmethod     ] Register NMethod: io.sirix.index.path.summary.PathSummaryReader.putMapping (0x0000794416d90b08) [0x0000794416d90c00, 0x0000794416d90f18] Compiler: jvmci, Barriers: 4, Oops: 1, ImmediateOops: 0, NonImmediateOops: No
[2,970s][debug][gc,nmethod     ] Register NMethod: com.sun.org.apache.xerces.internal.parsers.AbstractSAXParser$AttributesProxy.getLength (0x0000794416d90f88) [0x0000794416d91080, 0x0000794416d91190] Compiler: jvmci, Barriers: 1, Oops: 0, ImmediateOops: 0, NonImmediateOops: No
[2,970s][debug][gc,director    ] Rule Major: Warmup 10%, Used: 474MB, UsedThreshold: 1228MB
[2,972s][debug][gc,nmethod     ] Register NMethod: java.io.FileDescriptor.attach (0x00007943f7f84308) [0x00007943f7f84400, 0x00007943f7f853f0] Compiler: c1, Barriers: 16, Oops: 0, ImmediateOops: 1, NonImmediateOops: No
[2,972s][debug][gc,nmethod     ] Register NMethod: java.io.FileDescriptor$1.getHandle (0x00007943f7f85408) [0x00007943f7f85500, 0x00007943f7f85608] Compiler: c1, Barriers: 0, Oops: 0, ImmediateOops: 0, NonImmediateOops: No
[2,972s][debug][gc,nmethod     ] Register NMethod: java.io.FileDescriptor$1.get (0x00007943f7f85708) [0x00007943f7f85800, 0x00007943f7f85908] Compiler: c1, Barriers: 0, Oops: 0, ImmediateOops: 0, NonImmediateOops: No
[2,972s][debug][gc,nmethod     ] Register NMethod: java.io.FileCleanable.<init> (0x00007943f7f85a08) [0x00007943f7f85b00, 0x00007943f7f85c60] Compiler: c1, Barriers: 0, Oops: 0, ImmediateOops: 0, NonImmediateOops: No
[2,973s][debug][gc,nmethod     ] Register NMethod: java.io.FileDescriptor.registerCleanup (0x00007943f7f85d08) [0x00007943f7f85e00, 0x00007943f7f86488] Compiler: c1, Barriers: 4, Oops: 1, ImmediateOops: 1, NonImmediateOops: No
[2,973s][debug][gc,nmethod     ] Register NMethod: java.io.FileCleanable.register (0x00007943f7f86508) [0x00007943f7f86600, 0x00007943f7f87368] Compiler: c1, Barriers: 4, Oops: 2, ImmediateOops: 2, NonImmediateOops: No
[2,974s][debug][gc,nmethod     ] Register NMethod: io.sirix.utils.XMLToken.isValidQName (0x0000794416d91288) [0x0000794416d91380, 0x0000794416d918e8] Compiler: jvmci, Barriers: 4, Oops: 1, ImmediateOops: 0, NonImmediateOops: No
[2,975s][debug][gc,nmethod     ] Register NMethod: com.sun.org.apache.xerces.internal.impl.XMLDocumentFragmentScannerImpl.seekCloseOfStartTag (0x0000794416d91908) [0x0000794416d91a00, 0x0000794416d929f8] Compiler: jvmci, Barriers: 22, Oops: 1, ImmediateOops: 2, NonImmediateOops: No
[2,976s][debug][gc,nmethod     ] Register NMethod: io.sirix.access.Utils.buildName (0x0000794416d92a08) [0x0000794416d92b00, 0x0000794416d92c90] Compiler: jvmci, Barriers: 3, Oops: 1, ImmediateOops: 0, NonImmediateOops: No
[2,976s][debug][gc,nmethod     ] Register NMethod: java.io.FileInputStream.open0 (0x0000794416d92d08) [0x0000794416d92e00, 0x0000794416d92f58] Compiler: , Barriers: 0, Oops: 0, ImmediateOops: 0, NonImmediateOops: No
[2,980s][debug][gc,director    ] Rule Major: Warmup 10%, Used: 474MB, UsedThreshold: 1228MB
[2,981s][debug][gc,nmethod     ] Register NMethod: jdk.internal.misc.VM.isModuleSystemInited (0x00007943f7f87388) [0x00007943f7f87480, 0x00007943f7f875c0] Compiler: c1, Barriers: 0, Oops: 0, ImmediateOops: 1, NonImmediateOops: No
[2,981s][debug][gc,nmethod     ] Register NMethod: io.sirix.axis.filter.PathNameFilter.<init> (0x0000794416d93008) [0x0000794416d93100, 0x0000794416d93410] Compiler: jvmci, Barriers: 4, Oops: 1, ImmediateOops: 0, NonImmediateOops: No
[2,985s][debug][gc,nmethod     ] Register NMethod: io.sirix.index.name.Names.setName (0x0000794416d93488) [0x0000794416d93580, 0x0000794416d95f20] Compiler: jvmci, Barriers: 64, Oops: 5, ImmediateOops: 3, NonImmediateOops: No
[2,985s][debug][gc,nmethod     ] Register NMethod: java.lang.classfile.CodeBuilder.loadConstant (0x00007943f7f87688) [0x00007943f7f87780, 0x00007943f7f89440] Compiler: c1, Barriers: 0, Oops: 0, ImmediateOops: 0, NonImmediateOops: No
[2,986s][debug][gc,nmethod     ] Register NMethod: io.sirix.index.path.summary.PathSummaryReader.getLevel (0x0000794416d95f88) [0x0000794416d96080, 0x0000794416d961a0] Compiler: jvmci, Barriers: 1, Oops: 1, ImmediateOops: 0, NonImmediateOops: No
[2,986s][debug][gc,nmethod     ] Register NMethod: io.brackit.query.compiler.parser.Tokenizer.ws (0x00007943f7f89488) [0x00007943f7f89580, 0x00007943f7f899d8] Compiler: c1, Barriers: 1, Oops: 1, ImmediateOops: 0, NonImmediateOops: No
[2,986s][debug][gc,nmethod     ] Register NMethod: io.sirix.node.immutable.xml.ImmutableElement.getKind (0x0000794416d96288) [0x0000794416d96380, 0x0000794416d96468] Compiler: jvmci, Barriers: 1, Oops: 1, ImmediateOops: 1, NonImmediateOops: No
[2,987s][debug][gc,nmethod     ] Register NMethod: io.brackit.query.compiler.parser.Tokenizer.laSkipWS (0x00007943f7f89a08) [0x00007943f7f89b00, 0x00007943f7f8acc8] Compiler: c1, Barriers: 7, Oops: 2, ImmediateOops: 2, NonImmediateOops: No
[2,988s][debug][gc,nmethod     ] Register NMethod: java.util.concurrent.ConcurrentHashMap.containsKey (0x00007943f7f8ad08) [0x00007943f7f8ae00, 0x00007943f7f8af80] Compiler: c1, Barriers: 0, Oops: 0, ImmediateOops: 0, NonImmediateOops: No
[2,989s][debug][gc,nmethod     ] Register NMethod: io.sirix.node.immutable.xml.ImmutableElement.getPathNodeKey (0x0000794416d96588) [0x0000794416d96680, 0x0000794416d96aa8] Compiler: jvmci, Barriers: 5, Oops: 3, ImmediateOops: 0, NonImmediateOops: No
[2,990s][debug][gc,director    ] Rule Major: Warmup 10%, Used: 476MB, UsedThreshold: 1228MB
[2,991s][debug][gc,nmethod     ] Register NMethod: io.brackit.query.compiler.AST.getType (0x0000794416d96b08) [0x0000794416d96c00, 0x0000794416d96cc0] Compiler: c1, Barriers: 0, Oops: 1, ImmediateOops: 0, NonImmediateOops: No
[2,992s][debug][gc,nmethod     ] Register NMethod: io.brackit.query.compiler.AST.getChildCount (0x00007943f7f8b008) [0x00007943f7f8b100, 0x00007943f7f8b2a0] Compiler: c1, Barriers: 1, Oops: 1, ImmediateOops: 0, NonImmediateOops: No
[2,993s][debug][gc,nmethod     ] Register NMethod: java.util.ArrayList.grow (0x0000794416d96e08) [0x0000794416d96f00, 0x0000794416d97490] Compiler: jvmci, Barriers: 13, Oops: 0, ImmediateOops: 1, NonImmediateOops: No
[2,993s][debug][gc,nmethod     ] Register NMethod: io.sirix.index.path.summary.PathSummaryWriter.movePathSummary (0x0000794416d97508) [0x0000794416d97600, 0x0000794416d99038] Compiler: jvmci, Barriers: 42, Oops: 4, ImmediateOops: 7, NonImmediateOops: No
[2,994s][debug][gc,nmethod     ] Register NMethod: io.brackit.query.compiler.AST.getChild (0x00007943f7f8b308) [0x00007943f7f8b400, 0x00007943f7f8ca30] Compiler: c1, Barriers: 13, Oops: 2, ImmediateOops: 3, NonImmediateOops: No
[2,994s][debug][gc,nmethod     ] Register NMethod: java.util.ArrayList.getFirst (0x0000794416d99088) [0x0000794416d99180, 0x0000794416d992d8] Compiler: jvmci, Barriers: 2, Oops: 0, ImmediateOops: 0, NonImmediateOops: No
[2,994s][debug][gc,nmethod     ] Register NMethod: io.brackit.query.compiler.optimizer.walker.Walker.walkInternal (0x00007943f7f8ca88) [0x00007943f7f8cb80, 0x00007943f7f8d8c8] Compiler: c1, Barriers: 2, Oops: 1, ImmediateOops: 0, NonImmediateOops: No
[2,995s][debug][gc,nmethod     ] Register NMethod: java.util.ArrayList.getLast (0x0000794416d99388) [0x0000794416d99480, 0x0000794416d995d0] Compiler: jvmci, Barriers: 2, Oops: 0, ImmediateOops: 0, NonImmediateOops: No
[2,995s][debug][gc,nmethod     ] Register NMethod: java.lang.Long.bitCount (0x0000794416d99688) [0x0000794416d99780, 0x0000794416d99850] Compiler: jvmci, Barriers: 0, Oops: 0, ImmediateOops: 0, NonImmediateOops: No
[2,996s][debug][gc,nmethod     ] Register NMethod: jdk.internal.foreign.SharedSession$SharedResourceList.add (0x0000794416d99988) [0x0000794416d99a80, 0x0000794416d99ca0] Compiler: jvmci, Barriers: 9, Oops: 0, ImmediateOops: 1, NonImmediateOops: No
[2,997s][debug][gc,nmethod     ] Register NMethod: com.sun.org.apache.xerces.internal.xni.QName.setValues (0x0000794416d99d08) [0x0000794416d99e00, 0x0000794416d9a118] Compiler: jvmci, Barriers: 16, Oops: 0, ImmediateOops: 0, NonImmediateOops: No
[2,997s][debug][gc,nmethod     ] Register NMethod: com.sun.org.apache.xerces.internal.xni.XMLString.setValues (0x0000794416d9a188) [0x0000794416d9a280, 0x0000794416d9a370] Compiler: jvmci, Barriers: 3, Oops: 0, ImmediateOops: 0, NonImmediateOops: No
[2,998s][debug][gc,nmethod     ] Register NMethod: io.brackit.query.compiler.optimizer.walker.topdown.ScopeWalker.walkInspect (0x00007943f7f8d908) [0x00007943f7f8da00, 0x00007943f7f8ddc8] Compiler: c1, Barriers: 1, Oops: 1, ImmediateOops: 0, NonImmediateOops: No
[2,998s][debug][gc,nmethod     ] Register NMethod: java.io.UnixFileSystem.getLength0 (0x0000794416d9a488) [0x0000794416d9a580, 0x0000794416d9a6e8] Compiler: , Barriers: 0, Oops: 0, ImmediateOops: 0, NonImmediateOops: No
[2,998s][debug][gc,nmethod     ] Register NMethod: jdk.internal.loader.Resource.getManifest (0x0000794416d9a788) [0x0000794416d9a880, 0x0000794416d9a948] Compiler: c1, Barriers: 0, Oops: 0, ImmediateOops: 0, NonImmediateOops: No
[2,998s][debug][gc,nmethod     ] Register NMethod: jdk.internal.loader.Resource.getCodeSigners (0x0000794416d9aa88) [0x0000794416d9ab80, 0x0000794416d9ac48] Compiler: c1, Barriers: 0, Oops: 0, ImmediateOops: 0, NonImmediateOops: No
[2,998s][debug][gc,nmethod     ] Register NMethod: io.brackit.query.compiler.optimizer.walker.topdown.ScopeWalker.inspect (0x00007943f7f8de08) [0x00007943f7f8df00, 0x00007943f7f8f100] Compiler: c1, Barriers: 12, Oops: 1, ImmediateOops: 0, NonImmediateOops: No
[3,001s][debug][gc,director    ] Rule Major: Warmup 10%, Used: 476MB, UsedThreshold: 1228MB
[3,001s][debug][gc,nmethod     ] Register NMethod: io.sirix.page.KeyValueLeafPage.findFreeSpaceForSlots (0x0000794416d9ad88) [0x0000794416d9ae80, 0x0000794416d9b088] Compiler: jvmci, Barriers: 2, Oops: 1, ImmediateOops: 0, NonImmediateOops: No
[3,002s][debug][gc,nmethod     ] Register NMethod: jdk.internal.foreign.HeapMemorySegmentImpl$OfByte.maxAlignMask (0x0000794416d9b108) [0x0000794416d9b200, 0x0000794416d9b288] Compiler: jvmci, Barriers: 0, Oops: 0, ImmediateOops: 0, NonImmediateOops: No
[3,002s][debug][gc,nmethod     ] Register NMethod: jdk.internal.misc.Unsafe.putShortUnaligned (0x0000794416d9b408) [0x0000794416d9b500, 0x0000794416d9b5c0] Compiler: jvmci, Barriers: 0, Oops: 0, ImmediateOops: 0, NonImmediateOops: No
[3,003s][debug][gc,nmethod     ] Register NMethod: io.sirix.node.xml.TextNode.getKind (0x0000794416d9b708) [0x0000794416d9b800, 0x0000794416d9b890] Compiler: jvmci, Barriers: 0, Oops: 1, ImmediateOops: 1, NonImmediateOops: No
[3,010s][debug][gc,nmethod     ] Register NMethod: java.util.logging.Level.intValue (0x0000794416d9ba08) [0x0000794416d9bb00, 0x0000794416d9bbc0] Compiler: c1, Barriers: 0, Oops: 0, ImmediateOops: 0, NonImmediateOops: No
[3,011s][debug][gc,director    ] Rule Major: Warmup 10%, Used: 478MB, UsedThreshold: 1228MB
[3,013s][debug][gc,nmethod     ] Register NMethod: io.sirix.index.path.summary.PathSummaryWriter.getPathNodeKey (0x0000794416d9bd08) [0x0000794416d9be00, 0x0000794416d9d8a8] Compiler: jvmci, Barriers: 46, Oops: 12, ImmediateOops: 2, NonImmediateOops: No
[3,015s][debug][gc,nmethod     ] Register NMethod: io.sirix.page.KeyValueLeafPage.setDeweyId (0x00007943f7f8f188) [0x00007943f7f8f280, 0x00007943f7f8f568] Compiler: c1, Barriers: 5, Oops: 1, ImmediateOops: 0, NonImmediateOops: No
[3,016s][debug][gc,nmethod     ] Register NMethod: java.nio.HeapByteBuffer.put (0x00007943f7f8f588) [0x00007943f7f8f680, 0x00007943f7f91640] Compiler: c1, Barriers: 6, Oops: 0, ImmediateOops: 2, NonImmediateOops: No
[3,016s][debug][gc,nmethod     ] Register NMethod: io.sirix.page.KeyValueLeafPage.setSlot (0x00007943f7f91688) [0x00007943f7f91780, 0x00007943f7f91928] Compiler: c1, Barriers: 2, Oops: 1, ImmediateOops: 0, NonImmediateOops: No
[3,016s][debug][gc,nmethod     ] Register NMethod: com.github.benmanes.caffeine.cache.SSLMW.windowWeightedSize (0x0000794416d9d988) [0x0000794416d9da80, 0x0000794416d9db40] Compiler: c1, Barriers: 0, Oops: 1, ImmediateOops: 0, NonImmediateOops: No
[3,016s][debug][gc,nmethod     ] Register NMethod: com.github.benmanes.caffeine.cache.SSLMW.accessOrderWindowDeque (0x0000794416d9dc88) [0x0000794416d9dd80, 0x0000794416d9de70] Compiler: c1, Barriers: 1, Oops: 1, ImmediateOops: 0, NonImmediateOops: No
[3,017s][debug][gc,nmethod     ] Register NMethod: com.github.benmanes.caffeine.cache.PSMW.getNextInAccessOrder (0x0000794416d9df88) [0x0000794416d9e080, 0x0000794416d9e168] Compiler: c1, Barriers: 1, Oops: 1, ImmediateOops: 0, NonImmediateOops: No
[3,017s][debug][gc,nmethod     ] Register NMethod: com.github.benmanes.caffeine.cache.SSLMW.windowMaximum (0x0000794416d9e288) [0x0000794416d9e380, 0x0000794416d9e440] Compiler: c1, Barriers: 0, Oops: 1, ImmediateOops: 0, NonImmediateOops: No
[3,018s][debug][gc,nmethod     ] Register NMethod: java.lang.invoke.VarHandleGuards.guard_LI_V (0x00007943f7f91988) [0x00007943f7f91a80, 0x00007943f7f96628] Compiler: c1, Barriers: 46, Oops: 1, ImmediateOops: 6, NonImmediateOops: No
[3,019s][debug][gc,nmethod     ] Register NMethod: io.sirix.axis.AbstractAxis.hasNext (0x00007943f7f96688) [0x00007943f7f96780, 0x00007943f7f97248] Compiler: c1, Barriers: 2, Oops: 1, ImmediateOops: 1, NonImmediateOops: No
[3,019s][debug][gc,nmethod     ] Register NMethod: net.jpountz.lz4.LZ4BlockInputStream.tryReadFully (0x00007943f7f97288) [0x00007943f7f97380, 0x00007943f7f97900] Compiler: c1, Barriers: 1, Oops: 1, ImmediateOops: 0, NonImmediateOops: No
[3,020s][debug][gc,nmethod     ] Register NMethod: io.sirix.node.NodeSerializerImpl.deserializeDeweyID (0x00007943f7f97988) [0x00007943f7f97a80, 0x00007943f7f98a08] Compiler: c1, Barriers: 0, Oops: 1, ImmediateOops: 0, NonImmediateOops: No
[3,021s][debug][gc,director    ] Rule Major: Warmup 10%, Used: 480MB, UsedThreshold: 1228MB
[3,021s][debug][gc,nmethod     ] Register NMethod: jdk.internal.misc.Unsafe.putLongVolatile (0x0000794416d9e588) [0x0000794416d9e680, 0x0000794416d9e7d8] Compiler: , Barriers: 0, Oops: 0, ImmediateOops: 0, NonImmediateOops: No
[3,021s][debug][gc,nmethod     ] Register NMethod: com.github.benmanes.caffeine.cache.BoundedLocalCache.collectKeys (0x0000794416d9e888) [0x0000794416d9e980, 0x0000794416d9ea40] Compiler: c1, Barriers: 0, Oops: 1, ImmediateOops: 0, NonImmediateOops: No
[3,021s][debug][gc,nmethod     ] Register NMethod: com.github.benmanes.caffeine.cache.BoundedLocalCache.pacer (0x0000794416d9eb88) [0x0000794416d9ec80, 0x0000794416d9ed48] Compiler: c1, Barriers: 0, Oops: 1, ImmediateOops: 0, NonImmediateOops: No
[3,021s][debug][gc,nmethod     ] Register NMethod: io.sirix.axis.AbstractAxis.tryToComputeNext (0x00007943f7f98a88) [0x00007943f7f98b80, 0x00007943f7f992b0] Compiler: c1, Barriers: 10, Oops: 1, ImmediateOops: 5, NonImmediateOops: No
[3,021s][debug][gc,nmethod     ] Register NMethod: io.sirix.access.trx.node.AbstractNodeReadOnlyTrx.getNodeKey (0x00007943f7f99308) [0x00007943f7f99400, 0x00007943f7f99a68] Compiler: c1, Barriers: 1, Oops: 1, ImmediateOops: 1, NonImmediateOops: No
[3,022s][debug][gc,nmethod     ] Register NMethod: java.util.concurrent.ForkJoinPool.deactivate (0x00007943f7f99a88) [0x00007943f7f99b80, 0x00007943f7f9a628] Compiler: c1, Barriers: 4, Oops: 0, ImmediateOops: 0, NonImmediateOops: No
[3,022s][debug][gc,nmethod     ] Register NMethod: io.sirix.access.trx.page.NodePageReadOnlyTrx.getMostRecentPage (0x00007943f7f9a688) [0x00007943f7f9a780, 0x00007943f7f9b088] Compiler: c1, Barriers: 11, Oops: 1, ImmediateOops: 1, NonImmediateOops: No
[3,022s][debug][gc,nmethod     ] Register NMethod: io.sirix.access.trx.node.AbstractNodeReadOnlyTrx.moveTo (0x00007943f7f9b108) [0x00007943f7f9b200, 0x00007943f7f9cd68] Compiler: c1, Barriers: 11, Oops: 1, ImmediateOops: 4, NonImmediateOops: No
[3,022s][debug][gc,nmethod     ] Register NMethod: io.sirix.axis.filter.FilterAxis.nextKey (0x00007943f7f9cd88) [0x00007943f7f9ce80, 0x00007943f7f9e490] Compiler: c1, Barriers: 3, Oops: 1, ImmediateOops: 1, NonImmediateOops: No
[3,022s][debug][gc,nmethod     ] Register NMethod: io.sirix.node.MemorySegmentBytesIn.position (0x0000794416d9ee88) [0x0000794416d9ef80, 0x0000794416d9f040] Compiler: c1, Barriers: 0, Oops: 1, ImmediateOops: 0, NonImmediateOops: No
[3,022s][debug][gc,nmethod     ] Register NMethod: io.sirix.access.trx.node.AbstractNodeReadOnlyTrx.getKind (0x00007943f7f9e508) [0x00007943f7f9e600, 0x00007943f7f9ec68] Compiler: c1, Barriers: 1, Oops: 1, ImmediateOops: 1, NonImmediateOops: No
[3,022s][debug][gc,nmethod     ] Register NMethod: io.sirix.axis.AbstractAxis.nextLong (0x00007943f7f9ec88) [0x00007943f7f9ed80, 0x00007943f7f9f810] Compiler: c1, Barriers: 5, Oops: 1, ImmediateOops: 1, NonImmediateOops: No
[3,022s][debug][gc,nmethod     ] Register NMethod: java.util.LinkedHashMap.<init> (0x00007943f7f9f888) [0x00007943f7f9f980, 0x00007943f7f9fbb0] Compiler: c1, Barriers: 0, Oops: 0, ImmediateOops: 0, NonImmediateOops: No
[3,023s][debug][gc,nmethod     ] Register NMethod: io.sirix.node.xml.TextNode.hasRightSibling (0x00007943f7f9fc08) [0x00007943f7f9fd00, 0x00007943f7fa5138] Compiler: c1, Barriers: 19, Oops: 7, ImmediateOops: 12, NonImmediateOops: No
[3,023s][debug][gc,nmethod     ] Register NMethod: io.sirix.access.trx.page.NodePageReadOnlyTrx.getRecordPage (0x00007943f7fa5188) [0x00007943f7fa5280, 0x00007943f7faa5d0] Compiler: c1, Barriers: 45, Oops: 2, ImmediateOops: 5, NonImmediateOops: No
[3,023s][debug][gc,nmethod     ] Register NMethod: io.sirix.node.xml.ElementNode.hasRightSibling (0x00007943f7faa608) [0x00007943f7faa700, 0x00007943f7fafb38] Compiler: c1, Barriers: 19, Oops: 7, ImmediateOops: 12, NonImmediateOops: No
[3,024s][debug][gc,nmethod     ] Register NMethod: io.sirix.cache.BufferManagerImpl.getRecordPageCache (0x0000794416d9f188) [0x0000794416d9f280, 0x0000794416d9f368] Compiler: c1, Barriers: 1, Oops: 1, ImmediateOops: 0, NonImmediateOops: No
[3,024s][debug][gc,nmethod     ] Register NMethod: java.lang.invoke.MethodHandle.invokeBasic (0x0000794416d9f488) [0x0000794416d9f580, 0x0000794416d9f818] Compiler: , Barriers: 0, Oops: 0, ImmediateOops: 0, NonImmediateOops: No
[3,025s][debug][gc,nmethod     ] Register NMethod: java.lang.invoke.VarHandleReferences$Array.runtimeTypeCheck (0x00007943f7fafb88) [0x00007943f7fafc80, 0x00007943f7fb1050] Compiler: c1, Barriers: 5, Oops: 0, ImmediateOops: 0, NonImmediateOops: No
[3,025s][debug][gc,nmethod     ] Register NMethod: com.github.benmanes.caffeine.cache.BaseMpscLinkedArrayQueue.lvProducerIndex (0x00007943f7fb1088) [0x00007943f7fb1180, 0x00007943f7fb1e88] Compiler: c1, Barriers: 0, Oops: 6, ImmediateOops: 5, NonImmediateOops: No
[3,025s][debug][gc,nmethod     ] Register NMethod: com.github.benmanes.caffeine.cache.BaseMpscLinkedArrayQueue.lvElement (0x00007943f7fb1f08) [0x00007943f7fb2000, 0x00007943f7fb31c8] Compiler: c1, Barriers: 1, Oops: 8, ImmediateOops: 9, NonImmediateOops: No
[3,025s][debug][gc,nmethod     ] Register NMethod: java.lang.invoke.VarHandleReferences$Array.setRelease (0x00007943f7fb3288) [0x00007943f7fb3380, 0x00007943f7fb53e8] Compiler: c1, Barriers: 5, Oops: 2, ImmediateOops: 2, NonImmediateOops: No
[3,025s][debug][gc,nmethod     ] Register NMethod: io.sirix.axis.AbstractAxis.asXmlNodeReadTrx (0x00007943f7fb5408) [0x00007943f7fb5500, 0x00007943f7fb5b60] Compiler: c1, Barriers: 1, Oops: 1, ImmediateOops: 1, NonImmediateOops: No
[3,025s][debug][gc,nmethod     ] Register NMethod: java.lang.invoke.VarHandleGuards.guard_LIL_V (0x00007943f7fb5b88) [0x00007943f7fb5c80, 0x00007943f7fba848] Compiler: c1, Barriers: 46, Oops: 1, ImmediateOops: 6, NonImmediateOops: No
[3,025s][debug][gc,nmethod     ] Register NMethod: java.lang.invoke.VarHandleReferences$Array.getVolatile (0x00007943f7fba888) [0x00007943f7fba980, 0x00007943f7fbb4e8] Compiler: c1, Barriers: 2, Oops: 2, ImmediateOops: 1, NonImmediateOops: No
[3,025s][debug][gc,nmethod     ] Register NMethod: io.sirix.node.MemorySegmentBytesIn.position (0x0000794416d9f888) [0x0000794416d9f980, 0x0000794416d9fa40] Compiler: c1, Barriers: 0, Oops: 1, ImmediateOops: 0, NonImmediateOops: No
[3,025s][debug][gc,nmethod     ] Register NMethod: io.sirix.access.trx.node.AbstractNodeReadOnlyTrx.hasRightSibling (0x00007943f7fbb508) [0x00007943f7fbb600, 0x00007943f7fbbe20] Compiler: c1, Barriers: 0, Oops: 1, ImmediateOops: 1, NonImmediateOops: No
[3,025s][debug][gc,nmethod     ] Register NMethod: com.github.benmanes.caffeine.cache.PSMW.setPreviousInAccessOrder (0x0000794416d9fb88) [0x0000794416d9fc80, 0x0000794416d9fdb0] Compiler: c1, Barriers: 3, Oops: 1, ImmediateOops: 0, NonImmediateOops: No
[3,026s][debug][gc,nmethod     ] Register NMethod: io.sirix.node.SirixDeweyID.<init> (0x00007943f7fbbe88) [0x00007943f7fbbf80, 0x00007943f7fbcb20] Compiler: c1, Barriers: 3, Oops: 1, ImmediateOops: 2, NonImmediateOops: No
[3,026s][debug][gc,nmethod     ] Register NMethod: com.github.benmanes.caffeine.cache.PSMW.setNextInAccessOrder (0x0000794416d9fe88) [0x0000794416d9ff80, 0x0000794416da00b0] Compiler: c1, Barriers: 3, Oops: 1, ImmediateOops: 0, NonImmediateOops: No
[3,026s][debug][gc,nmethod     ] Register NMethod: io.sirix.axis.AbstractAxis.<init> (0x00007943f7fbcb88) [0x00007943f7fbcc80, 0x00007943f7fbd6d0] Compiler: c1, Barriers: 9, Oops: 1, ImmediateOops: 2, NonImmediateOops: No
[3,026s][debug][gc,nmethod     ] Register NMethod: java.lang.invoke.VarHandleGuards.guard_LI_L (0x00007943f7fbd708) [0x00007943f7fbd800, 0x00007943f7fc0c98] Compiler: c1, Barriers: 29, Oops: 0, ImmediateOops: 2, NonImmediateOops: No
[3,026s][debug][gc,nmethod     ] Register NMethod: io.sirix.access.trx.page.NodePageReadOnlyTrx.getRecord (0x00007943f7fc0d08) [0x00007943f7fc0e00, 0x00007943f7fc2838] Compiler: c1, Barriers: 4, Oops: 1, ImmediateOops: 3, NonImmediateOops: No
[3,027s][debug][gc,nmethod     ] Register NMethod: jdk.internal.misc.Unsafe.putIntRelease (0x00007943f7fc2888) [0x00007943f7fc2980, 0x00007943f7fc2a88] Compiler: c1, Barriers: 0, Oops: 0, ImmediateOops: 0, NonImmediateOops: No
[3,028s][debug][gc,nmethod     ] Register NMethod: io.sirix.page.KeyValueLeafPage.setData (0x0000794416da0188) [0x0000794416da0280, 0x0000794416da2948] Compiler: jvmci, Barriers: 37, Oops: 1, ImmediateOops: 0, NonImmediateOops: No
[3,028s][debug][gc,nmethod     ] Register NMethod: java.lang.invoke.VarHandleInts$FieldInstanceReadWrite.setRelease (0x00007943f7fc2b88) [0x00007943f7fc2c80, 0x00007943f7fc3880] Compiler: c1, Barriers: 1, Oops: 1, ImmediateOops: 1, NonImmediateOops: No
[3,028s][debug][gc,nmethod     ] Register NMethod: com.github.benmanes.caffeine.cache.BoundedLocalCache.valueReferenceQueue (0x0000794416da2988) [0x0000794416da2a80, 0x0000794416da2b48] Compiler: c1, Barriers: 0, Oops: 1, ImmediateOops: 0, NonImmediateOops: No
[3,028s][debug][gc,nmethod     ] Register NMethod: com.github.benmanes.caffeine.cache.BaseMpscLinkedArrayQueue.poll (0x00007943f7fc3908) [0x00007943f7fc3a00, 0x00007943f7fc93c8] Compiler: c1, Barriers: 6, Oops: 16, ImmediateOops: 39, NonImmediateOops: No
[3,028s][debug][gc,nmethod     ] Register NMethod: com.github.benmanes.caffeine.cache.BLCHeader$DrainStatusRef.setDrainStatusRelease (0x00007943f7fc9488) [0x00007943f7fc9580, 0x00007943f7fca3e0] Compiler: c1, Barriers: 0, Oops: 6, ImmediateOops: 6, NonImmediateOops: No
[3,028s][debug][gc,nmethod     ] Register NMethod: java.lang.invoke.VarHandleInts$FieldInstanceReadWrite.compareAndSet (0x00007943f7fca488) [0x00007943f7fca580, 0x00007943f7fcafb0] Compiler: c1, Barriers: 1, Oops: 1, ImmediateOops: 0, NonImmediateOops: No
[3,028s][debug][gc,nmethod     ] Register NMethod: io.sirix.axis.AbstractAxis.done (0x00007943f7fcb008) [0x00007943f7fcb100, 0x00007943f7fcb3e8] Compiler: c1, Barriers: 0, Oops: 1, ImmediateOops: 1, NonImmediateOops: No
[3,028s][debug][gc,nmethod     ] Register NMethod: io.brackit.query.jdm.node.AbstractTemporalNode.<init> (0x0000794416da2c88) [0x0000794416da2d80, 0x0000794416da2e00] Compiler: jvmci, Barriers: 0, Oops: 1, ImmediateOops: 0, NonImmediateOops: No
[3,028s][debug][gc,nmethod     ] Register NMethod: io.brackit.query.jdm.AbstractItem$1.next (0x00007943f7fcb408) [0x00007943f7fcb500, 0x00007943f7fcb690] Compiler: c1, Barriers: 1, Oops: 1, ImmediateOops: 0, NonImmediateOops: No
[3,028s][debug][gc,nmethod     ] Register NMethod: java.lang.invoke.MethodHandle.invokeBasic (0x0000794416da2f88) [0x0000794416da3080, 0x0000794416da3318] Compiler: , Barriers: 0, Oops: 0, ImmediateOops: 0, NonImmediateOops: No
[3,029s][debug][gc,nmethod     ] Register NMethod: io.sirix.query.node.XmlDBNode.<init> (0x00007943f7fcb708) [0x00007943f7fcb800, 0x00007943f7fcd090] Compiler: c1, Barriers: 16, Oops: 1, ImmediateOops: 1, NonImmediateOops: No
[3,029s][debug][gc,nmethod     ] Register NMethod: java.util.ArrayList.<init> (0x0000794416da3388) [0x0000794416da3480, 0x0000794416da3578] Compiler: jvmci, Barriers: 3, Oops: 0, ImmediateOops: 1, NonImmediateOops: No
[3,029s][debug][gc,nmethod     ] Register NMethod: java.lang.invoke.VarHandleGuards.guard_LII_Z (0x00007943f7fcd108) [0x00007943f7fcd200, 0x00007943f7fd00d8] Compiler: c1, Barriers: 28, Oops: 0, ImmediateOops: 2, NonImmediateOops: No
[3,029s][debug][gc,nmethod     ] Register NMethod: io.sirix.axis.filter.FilterAxis.<init> (0x00007943f7fd0108) [0x00007943f7fd0200, 0x00007943f7fd2d88] Compiler: c1, Barriers: 24, Oops: 1, ImmediateOops: 3, NonImmediateOops: No
[3,029s][debug][gc,nmethod     ] Register NMethod: java.nio.Buffer.remaining (0x0000794416da3688) [0x0000794416da3780, 0x0000794416da3818] Compiler: jvmci, Barriers: 0, Oops: 0, ImmediateOops: 0, NonImmediateOops: No
[3,031s][debug][gc,director    ] Rule Major: Warmup 10%, Used: 482MB, UsedThreshold: 1228MB
[3,032s][debug][gc,nmethod     ] Register NMethod: com.github.benmanes.caffeine.cache.BaseMpscLinkedArrayQueue.lvProducerLimit (0x0000794416da3988) [0x0000794416da3a80, 0x0000794416da3b48] Compiler: c1, Barriers: 0, Oops: 1, ImmediateOops: 0, NonImmediateOops: No
[3,032s][debug][gc,nmethod     ] Register NMethod: java.util.concurrent.ForkJoinPool.compareAndSetCtl (0x00007943f7fd2e08) [0x00007943f7fd2f00, 0x00007943f7fd3020] Compiler: c1, Barriers: 0, Oops: 0, ImmediateOops: 0, NonImmediateOops: No
[3,032s][debug][gc,nmethod     ] Register NMethod: com.github.benmanes.caffeine.cache.SSLSMW.windowWeightedSize (0x0000794416da3c88) [0x0000794416da3d80, 0x0000794416da3e40] Compiler: c1, Barriers: 0, Oops: 1, ImmediateOops: 0, NonImmediateOops: No
[3,032s][debug][gc,nmethod     ] Register NMethod: com.github.benmanes.caffeine.cache.SSLSMW.maximum (0x0000794416da3f88) [0x0000794416da4080, 0x0000794416da4140] Compiler: c1, Barriers: 0, Oops: 1, ImmediateOops: 0, NonImmediateOops: No
[3,032s][debug][gc,nmethod     ] Register NMethod: io.sirix.node.MemorySegmentBytesIn.readByte (0x0000794416da4288) [0x0000794416da4380, 0x0000794416da4700] Compiler: jvmci, Barriers: 4, Oops: 2, ImmediateOops: 0, NonImmediateOops: No
[3,033s][debug][gc,nmethod     ] Register NMethod: io.brackit.query.sequence.BaseIter.<init> (0x00007943f7fd3108) [0x00007943f7fd3200, 0x00007943f7fd3358] Compiler: c1, Barriers: 0, Oops: 1, ImmediateOops: 0, NonImmediateOops: No
[3,033s][debug][gc,nmethod     ] Register NMethod: com.github.benmanes.caffeine.cache.BLCHeader$DrainStatusRef.casDrainStatus (0x00007943f7fd3408) [0x00007943f7fd3500, 0x00007943f7fd4150] Compiler: c1, Barriers: 0, Oops: 6, ImmediateOops: 5, NonImmediateOops: No
[3,033s][debug][gc,nmethod     ] Register NMethod: java.util.concurrent.ForkJoinPool$WorkQueue.push (0x00007943f7fd4188) [0x00007943f7fd4280, 0x00007943f7fd4f28] Compiler: c1, Barriers: 9, Oops: 0, ImmediateOops: 1, NonImmediateOops: No
[3,033s][debug][gc,nmethod     ] Register NMethod: com.github.benmanes.caffeine.cache.PS.getKeyReference (0x00007943f7fd4f88) [0x00007943f7fd5080, 0x00007943f7fd6258] Compiler: c1, Barriers: 1, Oops: 7, ImmediateOops: 8, NonImmediateOops: No
[3,033s][debug][gc,nmethod     ] Register NMethod: io.brackit.query.expr.StepExpr$AxisStepSequenceIter.next (0x00007943f7fd6308) [0x00007943f7fd6400, 0x00007943f7fd6b98] Compiler: c1, Barriers: 9, Oops: 1, ImmediateOops: 0, NonImmediateOops: No
[3,033s][debug][gc,nmethod     ] Register NMethod: io.sirix.query.stream.node.SirixNodeStream.next (0x00007943f7fd6c08) [0x00007943f7fd6d00, 0x00007943f7fd6ff8] Compiler: c1, Barriers: 0, Oops: 1, ImmediateOops: 0, NonImmediateOops: No
[3,033s][debug][gc,nmethod     ] Register NMethod: io.brackit.query.jdm.Type.instanceOf (0x00007943f7fd7008) [0x00007943f7fd7100, 0x00007943f7fd7330] Compiler: c1, Barriers: 1, Oops: 1, ImmediateOops: 0, NonImmediateOops: No
[3,033s][debug][gc,nmethod     ] Register NMethod: io.sirix.query.stream.node.SirixNodeStream.next (0x00007943f7fd7388) [0x00007943f7fd7480, 0x00007943f7fd8368] Compiler: c1, Barriers: 5, Oops: 1, ImmediateOops: 1, NonImmediateOops: No
[3,033s][debug][gc,nmethod     ] Register NMethod: io.sirix.access.trx.node.AbstractNodeReadOnlyTrx.moveToParent (0x00007943f7fd8388) [0x00007943f7fd8480, 0x00007943f7fd8ce0] Compiler: c1, Barriers: 1, Oops: 1, ImmediateOops: 1, NonImmediateOops: No
[3,034s][debug][gc,nmethod     ] Register NMethod: jdk.internal.misc.ScopedMemoryAccess.getLongUnaligned (0x00007943f7fd8d08) [0x00007943f7fd8e00, 0x00007943f7fd9c68] Compiler: c1, Barriers: 3, Oops: 0, ImmediateOops: 3, NonImmediateOops: No
[3,035s][debug][gc,nmethod     ] Register NMethod: java.util.concurrent.atomic.AtomicInteger.<init> (0x00007943f7fd9c88) [0x00007943f7fd9d80, 0x00007943f7fd9f40] Compiler: c1, Barriers: 0, Oops: 0, ImmediateOops: 0, NonImmediateOops: No
[3,036s][debug][gc,nmethod     ] Register NMethod: java.lang.foreign.MemorySegment.copy (0x0000794416da4788) [0x0000794416da4880, 0x0000794416da4d78] Compiler: jvmci, Barriers: 6, Oops: 1, ImmediateOops: 0, NonImmediateOops: No
[3,037s][debug][gc,nmethod     ] Register NMethod: io.brackit.query.atomic.AbstractAtomic.<init> (0x0000794416da4d88) [0x0000794416da4e80, 0x0000794416da4f00] Compiler: jvmci, Barriers: 0, Oops: 1, ImmediateOops: 0, NonImmediateOops: No
[3,037s][debug][gc,nmethod     ] Register NMethod: java.util.concurrent.ForkJoinPool$WorkQueue.nextLocalTask (0x00007943f7fd9f88) [0x00007943f7fda080, 0x00007943f7fdb0d8] Compiler: c1, Barriers: 9, Oops: 1, ImmediateOops: 1, NonImmediateOops: No
[3,037s][debug][gc,nmethod     ] Register NMethod: io.brackit.query.expr.Accessor.getAxis (0x0000794416da5088) [0x0000794416da5180, 0x0000794416da5268] Compiler: c1, Barriers: 1, Oops: 1, ImmediateOops: 0, NonImmediateOops: No
[3,037s][debug][gc,nmethod     ] Register NMethod: it.unimi.dsi.fastutil.longs.LongArrayList.<init> (0x00007943f7fdb108) [0x00007943f7fdb200, 0x00007943f7fdb4a8] Compiler: c1, Barriers: 0, Oops: 1, ImmediateOops: 0, NonImmediateOops: No
[3,037s][debug][gc,nmethod     ] Register NMethod: io.sirix.axis.filter.xml.ElementFilter.filter (0x00007943f7fdb508) [0x00007943f7fdb600, 0x00007943f7fdbd80] Compiler: c1, Barriers: 1, Oops: 1, ImmediateOops: 1, NonImmediateOops: No
[3,037s][debug][gc,nmethod     ] Register NMethod: io.sirix.access.trx.node.AbstractNodeReadOnlyTrx.getRightSiblingKey (0x00007943f7fdbe08) [0x00007943f7fdbf00, 0x00007943f7fdc720] Compiler: c1, Barriers: 0, Oops: 1, ImmediateOops: 1, NonImmediateOops: No
[3,037s][debug][gc,nmethod     ] Register NMethod: io.sirix.access.trx.node.xml.XmlNodeReadOnlyTrxImpl.getAttributeCount (0x00007943f7fdc788) [0x00007943f7fdc880, 0x00007943f7fdd7e0] Compiler: c1, Barriers: 2, Oops: 1, ImmediateOops: 2, NonImmediateOops: No
[3,037s][debug][gc,nmethod     ] Register NMethod: io.sirix.query.node.XmlDBNode.moveRtx (0x00007943f7fdd808) [0x00007943f7fdd900, 0x00007943f7fddc40] Compiler: c1, Barriers: 1, Oops: 1, ImmediateOops: 0, NonImmediateOops: No
[3,037s][debug][gc,nmethod     ] Register NMethod: io.brackit.query.jdm.type.SequenceType.getItemType (0x0000794416da5388) [0x0000794416da5480, 0x0000794416da5568] Compiler: c1, Barriers: 1, Oops: 1, ImmediateOops: 0, NonImmediateOops: No
[3,037s][debug][gc,nmethod     ] Register NMethod: io.brackit.query.jdm.type.AnyItemType.matches (0x0000794416da5688) [0x0000794416da5780, 0x0000794416da5840] Compiler: c1, Barriers: 0, Oops: 1, ImmediateOops: 0, NonImmediateOops: No
[3,037s][debug][gc,nmethod     ] Register NMethod: io.brackit.query.atomic.QNm.<init> (0x00007943f7fddc88) [0x00007943f7fddd80, 0x00007943f7fde1b8] Compiler: c1, Barriers: 9, Oops: 1, ImmediateOops: 4, NonImmediateOops: No
[3,037s][debug][gc,nmethod     ] Register NMethod: it.unimi.dsi.fastutil.longs.LongArrayList.initArrayFromCapacity (0x00007943f7fde208) [0x00007943f7fde300, 0x00007943f7fdf448] Compiler: c1, Barriers: 6, Oops: 3, ImmediateOops: 4, NonImmediateOops: No
[3,037s][debug][gc,nmethod     ] Register NMethod: io.brackit.query.jdm.Axis.isForward (0x0000794416da5988) [0x0000794416da5a80, 0x0000794416da5b40] Compiler: c1, Barriers: 0, Oops: 1, ImmediateOops: 0, NonImmediateOops: No
[3,038s][debug][gc,nmethod     ] Register NMethod: io.sirix.query.node.XmlDBNode.getCollection (0x0000794416da5c88) [0x0000794416da5d80, 0x0000794416da5e68] Compiler: c1, Barriers: 1, Oops: 1, ImmediateOops: 0, NonImmediateOops: No
[3,039s][debug][gc,nmethod     ] Register NMethod: java.nio.HeapByteBuffer.getLong (0x00007943f7fdf488) [0x00007943f7fdf580, 0x00007943f7fe1048] Compiler: c1, Barriers: 6, Oops: 1, ImmediateOops: 4, NonImmediateOops: No
[3,039s][debug][gc,nmethod     ] Register NMethod: io.sirix.page.KeyValueLeafPage.getPageKey (0x0000794416da5f88) [0x0000794416da6080, 0x0000794416da6140] Compiler: c1, Barriers: 0, Oops: 1, ImmediateOops: 0, NonImmediateOops: No
[3,040s][debug][gc,nmethod     ] Register NMethod: com.github.benmanes.caffeine.cache.SSLSMW.accessOrderWindowDeque (0x0000794416da6288) [0x0000794416da6380, 0x0000794416da6470] Compiler: c1, Barriers: 1, Oops: 1, ImmediateOops: 0, NonImmediateOops: No
[3,040s][debug][gc,nmethod     ] Register NMethod: io.sirix.node.json.JsonNodeSerializer.readSizePrefix (0x00007943f7fe1088) [0x00007943f7fe1180, 0x00007943f7fe13a0] Compiler: c1, Barriers: 0, Oops: 1, ImmediateOops: 0, NonImmediateOops: No
[3,041s][debug][gc,nmethod     ] Register NMethod: io.sirix.axis.filter.xml.XmlNameFilter.filter (0x00007943f7fe1408) [0x00007943f7fe1500, 0x00007943f7fe2948] Compiler: c1, Barriers: 3, Oops: 1, ImmediateOops: 0, NonImmediateOops: No
[3,041s][debug][gc,nmethod     ] Register NMethod: io.sirix.access.trx.node.xml.XmlNodeReadOnlyTrxImpl.isNameNode (0x00007943f7fe2988) [0x00007943f7fe2a80, 0x00007943f7fe32d0] Compiler: c1, Barriers: 1, Oops: 1, ImmediateOops: 1, NonImmediateOops: No
[3,041s][debug][gc,nmethod     ] Register NMethod: com.github.benmanes.caffeine.cache.BoundedLocalCache.isComputingAsync (0x00007943f7fe3308) [0x00007943f7fe3400, 0x00007943f7fe4ba0] Compiler: c1, Barriers: 1, Oops: 7, ImmediateOops: 8, NonImmediateOops: No
[3,041s][debug][gc,nmethod     ] Register NMethod: io.sirix.access.trx.node.xml.XmlNodeReadOnlyTrxImpl.getPrefixKey (0x00007943f7fe4c08) [0x00007943f7fe4d00, 0x00007943f7fe5be0] Compiler: c1, Barriers: 1, Oops: 1, ImmediateOops: 1, NonImmediateOops: No
[3,041s][debug][gc,nmethod     ] Register NMethod: io.sirix.access.trx.node.AbstractNodeReadOnlyTrx.getDeweyID (0x00007943f7fe5c08) [0x00007943f7fe5d00, 0x00007943f7fe6368] Compiler: c1, Barriers: 1, Oops: 1, ImmediateOops: 1, NonImmediateOops: No
[3,041s][debug][gc,nmethod     ] Register NMethod: io.sirix.access.trx.node.xml.XmlNodeReadOnlyTrxImpl.getLocalNameKey (0x00007943f7fe6388) [0x00007943f7fe6480, 0x00007943f7fe7360] Compiler: c1, Barriers: 1, Oops: 1, ImmediateOops: 1, NonImmediateOops: No
[3,041s][debug][gc,director    ] Rule Major: Warmup 10%, Used: 484MB, UsedThreshold: 1228MB
[3,041s][debug][gc,nmethod     ] Register NMethod: java.util.concurrent.ForkJoinPool.awaitWork (0x00007943f7fe7388) [0x00007943f7fe7480, 0x00007943f7fe8190] Compiler: c1, Barriers: 2, Oops: 0, ImmediateOops: 1, NonImmediateOops: No
[3,041s][debug][gc,nmethod     ] Register NMethod: io.brackit.query.jdm.AbstractItem.iterate (0x00007943f7fe8208) [0x00007943f7fe8300, 0x00007943f7fe85e8] Compiler: c1, Barriers: 3, Oops: 1, ImmediateOops: 0, NonImmediateOops: No
[3,041s][debug][gc,nmethod     ] Register NMethod: io.brackit.query.jdm.AbstractItem$1.close (0x00007943f7fe8608) [0x00007943f7fe8700, 0x00007943f7fe8800] Compiler: c1, Barriers: 0, Oops: 1, ImmediateOops: 0, NonImmediateOops: No
[3,041s][debug][gc,nmethod     ] Register NMethod: io.brackit.query.jdm.AbstractItem$1.<init> (0x00007943f7fe8908) [0x00007943f7fe8a00, 0x00007943f7fe8c38] Compiler: c1, Barriers: 3, Oops: 1, ImmediateOops: 0, NonImmediateOops: No
[3,041s][debug][gc,nmethod     ] Register NMethod: io.brackit.query.atomic.Str.stringValue (0x0000794416da6588) [0x0000794416da6680, 0x0000794416da6768] Compiler: c1, Barriers: 1, Oops: 1, ImmediateOops: 0, NonImmediateOops: No
[3,041s][debug][gc,nmethod     ] Register NMethod: io.sirix.page.KeyValueLeafPage.hasEnoughSpace (0x0000794416da6888) [0x0000794416da6980, 0x0000794416da6e78] Compiler: jvmci, Barriers: 4, Oops: 3, ImmediateOops: 0, NonImmediateOops: No
[3,041s][debug][gc,nmethod     ] Register NMethod: io.brackit.query.jdm.Type.isNumeric (0x0000794416da6f08) [0x0000794416da7000, 0x0000794416da70c0] Compiler: c1, Barriers: 0, Oops: 1, ImmediateOops: 0, NonImmediateOops: No
[3,041s][debug][gc,nmethod     ] Register NMethod: io.brackit.query.jdm.type.AttributeType.getQName (0x0000794416da7208) [0x0000794416da7300, 0x0000794416da73e8] Compiler: c1, Barriers: 1, Oops: 1, ImmediateOops: 0, NonImmediateOops: No
[3,041s][debug][gc,nmethod     ] Register NMethod: io.brackit.query.atomic.Bool.booleanValue (0x0000794416da7508) [0x0000794416da7600, 0x0000794416da76c0] Compiler: c1, Barriers: 0, Oops: 1, ImmediateOops: 0, NonImmediateOops: No
[3,042s][debug][gc,nmethod     ] Register NMethod: net.jpountz.lz4.LZ4BlockInputStream.read (0x00007943f7fe8c88) [0x00007943f7fe8d80, 0x00007943f7fe9660] Compiler: c1, Barriers: 1, Oops: 1, ImmediateOops: 1, NonImmediateOops: No
[3,042s][debug][gc,nmethod     ] Register NMethod: io.sirix.axis.AttributeAxis.nextKey (0x00007943f7fe9688) [0x00007943f7fe9780, 0x00007943f7fec670] Compiler: c1, Barriers: 4, Oops: 1, ImmediateOops: 7, NonImmediateOops: No
[3,044s][debug][gc,nmethod     ] Register NMethod: com.github.benmanes.caffeine.cache.PSMW.getWeight (0x0000794416da7808) [0x0000794416da7900, 0x0000794416da79c0] Compiler: c1, Barriers: 0, Oops: 1, ImmediateOops: 0, NonImmediateOops: No
[3,045s][debug][gc,nmethod     ] Register NMethod: java.lang.classfile.CodeBuilder.getfield (0x00007943f7fec688) [0x00007943f7fec780, 0x00007943f7feca90] Compiler: c1, Barriers: 0, Oops: 0, ImmediateOops: 1, NonImmediateOops: No
[3,048s][debug][gc,nmethod     ] Register NMethod: io.sirix.page.KeyValueLeafPage.setData (0x00007943f7fecb08) [0x00007943f7fecc00, 0x00007943f8032380] Compiler: c1, Barriers: 182, Oops: 16, ImmediateOops: 164, NonImmediateOops: No
[3,049s][debug][gc,nmethod     ] Register NMethod: com.github.benmanes.caffeine.cache.SSLMW.setHitsInSample (0x0000794416da7b08) [0x0000794416da7c00, 0x0000794416da7cc0] Compiler: c1, Barriers: 0, Oops: 1, ImmediateOops: 0, NonImmediateOops: No
[3,049s][debug][gc,nmethod     ] Register NMethod: com.github.benmanes.caffeine.cache.SSLSMW.windowMaximum (0x0000794416da7e08) [0x0000794416da7f00, 0x0000794416da7fc0] Compiler: c1, Barriers: 0, Oops: 1, ImmediateOops: 0, NonImmediateOops: No
[3,049s][debug][gc,nmethod     ] Register NMethod: com.github.benmanes.caffeine.cache.PSMW.getPreviousInAccessOrder (0x00007943f8032408) [0x00007943f8032500, 0x00007943f8032800] Compiler: c1, Barriers: 1, Oops: 1, ImmediateOops: 0, NonImmediateOops: No
[3,051s][debug][gc,nmethod     ] Register NMethod: io.sirix.node.NodeKind$4.serialize (0x0000794416da8108) [0x0000794416da8200, 0x0000794416dac870] Compiler: jvmci, Barriers: 82, Oops: 12, ImmediateOops: 0, NonImmediateOops: No
[3,051s][debug][gc,director    ] Rule Major: Warmup 10%, Used: 486MB, UsedThreshold: 1228MB
[3,052s][debug][gc,nmethod     ] Register NMethod: java.net.URLStreamHandler.parseURL (0x0000794416dac908) [0x0000794416daca00, 0x0000794416daed18] Compiler: jvmci, Barriers: 47, Oops: 2, ImmediateOops: 5, NonImmediateOops: No
[3,053s][debug][gc,nmethod     ] Register NMethod: io.sirix.page.KeyValueLeafPage.getPinCount (0x00007943f8032888) [0x00007943f8032980, 0x00007943f8032c90] Compiler: c1, Barriers: 1, Oops: 1, ImmediateOops: 0, NonImmediateOops: No
[3,053s][debug][gc,nmethod     ] Register NMethod: jdk.internal.util.DecimalDigits.uncheckedPutPairLatin1 (0x00007943f8032d08) [0x00007943f8032e00, 0x00007943f8032f88] Compiler: c1, Barriers: 0, Oops: 0, ImmediateOops: 1, NonImmediateOops: No
[3,054s][debug][gc,nmethod     ] Register NMethod: io.sirix.node.MemorySegmentBytesIn.getUnderlying (0x0000794416daed88) [0x0000794416daee80, 0x0000794416daf0c0] Compiler: jvmci, Barriers: 4, Oops: 1, ImmediateOops: 0, NonImmediateOops: No
[3,056s][debug][gc,nmethod     ] Register NMethod: java.util.stream.ReduceOps$ReduceOp.evaluateSequential (0x00007943f8033008) [0x00007943f8033100, 0x00007943f80332e8] Compiler: c1, Barriers: 0, Oops: 0, ImmediateOops: 0, NonImmediateOops: No
[3,056s][debug][gc,nmethod     ] Register NMethod: io.brackit.query.sequence.LazySequence.<init> (0x00007943f8033308) [0x00007943f8033400, 0x00007943f80335b8] Compiler: c1, Barriers: 0, Oops: 1, ImmediateOops: 0, NonImmediateOops: No
[3,056s][debug][gc,nmethod     ] Register NMethod: io.brackit.query.atomic.AbstractNumeric.<init> (0x00007943f8033608) [0x00007943f8033700, 0x00007943f8033978] Compiler: c1, Barriers: 0, Oops: 1, ImmediateOops: 0, NonImmediateOops: No
[3,056s][debug][gc,nmethod     ] Register NMethod: io.brackit.query.atomic.Int32.<init> (0x00007943f8033988) [0x00007943f8033a80, 0x00007943f8033d58] Compiler: c1, Barriers: 0, Oops: 1, ImmediateOops: 0, NonImmediateOops: No
[3,056s][debug][gc,nmethod     ] Register NMethod: io.sirix.node.xml.TextNode.<init> (0x00007943f8033d88) [0x00007943f8033e80, 0x00007943f8034168] Compiler: c1, Barriers: 3, Oops: 1, ImmediateOops: 0, NonImmediateOops: No
[3,056s][debug][gc,nmethod     ] Register NMethod: io.sirix.node.xml.ElementNode.<init> (0x00007943f8034188) [0x00007943f8034280, 0x00007943f8034580] Compiler: c1, Barriers: 3, Oops: 1, ImmediateOops: 0, NonImmediateOops: No
[3,056s][debug][gc,nmethod     ] Register NMethod: java.util.concurrent.ConcurrentHashMap.putVal (0x00007943f76b3688) [0x00007943f76b3780, 0x00007943f76b5cc8] Compiler: c1, Barriers: 28, Oops: 0, ImmediateOops: 1, NonImmediateOops: No
[3,056s][debug][gc,nmethod     ] Register NMethod: java.util.concurrent.ConcurrentHashMap.putVal (0x00007943f76b3688) [0x00007943f76b3780, 0x00007943f76b5cc8] Compiler: c1, Barriers: 28, Oops: 0, ImmediateOops: 1, NonImmediateOops: No
[3,057s][debug][gc,nmethod     ] Register NMethod: io.brackit.query.operator.TupleImpl.<init> (0x00007943f8034608) [0x00007943f8034700, 0x00007943f8034da0] Compiler: c1, Barriers: 4, Oops: 1, ImmediateOops: 0, NonImmediateOops: No
[3,057s][debug][gc,nmethod     ] Register NMethod: io.sirix.access.trx.node.AbstractNodeReadOnlyTrx.equals (0x00007943f8034e08) [0x00007943f8034f00, 0x00007943f8036080] Compiler: c1, Barriers: 6, Oops: 1, ImmediateOops: 0, NonImmediateOops: No
[3,057s][debug][gc,nmethod     ] Register NMethod: io.brackit.query.operator.TupleImpl.get (0x00007943f8036108) [0x00007943f8036200, 0x00007943f80367b8] Compiler: c1, Barriers: 4, Oops: 1, ImmediateOops: 1, NonImmediateOops: No
[3,057s][debug][gc,nmethod     ] Register NMethod: io.sirix.node.NodeKind$4.deserialize (0x00007943f8036808) [0x00007943f8036900, 0x00007943f80384b8] Compiler: c1, Barriers: 10, Oops: 2, ImmediateOops: 1, NonImmediateOops: No
[3,057s][debug][gc,nmethod     ] Register NMethod: io.brackit.query.expr.BoundVariable.evaluate (0x00007943f8038508) [0x00007943f8038600, 0x00007943f8039f68] Compiler: c1, Barriers: 16, Oops: 2, ImmediateOops: 3, NonImmediateOops: No
[3,057s][debug][gc,nmethod     ] Register NMethod: io.brackit.query.expr.StepExpr.evaluate (0x00007943f8039f88) [0x00007943f803a080, 0x00007943f803ece8] Compiler: c1, Barriers: 21, Oops: 3, ImmediateOops: 2, NonImmediateOops: No
[3,057s][debug][gc,nmethod     ] Register NMethod: io.sirix.node.NodeKind$1.deserialize (0x00007943f803ed08) [0x00007943f803ee00, 0x00007943f80421e0] Compiler: c1, Barriers: 28, Oops: 3, ImmediateOops: 7, NonImmediateOops: No
[3,058s][debug][gc,nmethod     ] Register NMethod: io.brackit.query.expr.StepExpr$AxisStepSequenceIter.<init> (0x00007943f8042208) [0x00007943f8042300, 0x00007943f80425a8] Compiler: c1, Barriers: 6, Oops: 1, ImmediateOops: 0, NonImmediateOops: No
[3,058s][debug][gc,nmethod     ] Register NMethod: io.brackit.query.expr.StepExpr$AxisStepSequence.iterate (0x00007943f8042608) [0x00007943f8042700, 0x00007943f8042ac8] Compiler: c1, Barriers: 8, Oops: 1, ImmediateOops: 0, NonImmediateOops: No
[3,058s][debug][gc,nmethod     ] Register NMethod: io.brackit.query.expr.StepExpr$AxisStepSequence.<init> (0x00007943f8042b08) [0x00007943f8042c00, 0x00007943f8042f08] Compiler: c1, Barriers: 6, Oops: 1, ImmediateOops: 0, NonImmediateOops: No
[3,058s][debug][gc,nmethod     ] Register NMethod: io.brackit.query.operator.TupleImpl.concat (0x00007943f8042f88) [0x00007943f8043080, 0x00007943f8043e78] Compiler: c1, Barriers: 7, Oops: 1, ImmediateOops: 0, NonImmediateOops: No
[3,058s][debug][gc,nmethod     ] Register NMethod: io.sirix.query.node.XmlDBNode.getTrx (0x00007943f8043e88) [0x00007943f8043f80, 0x00007943f8044358] Compiler: c1, Barriers: 2, Oops: 1, ImmediateOops: 0, NonImmediateOops: No
[3,058s][debug][gc,nmethod     ] Register NMethod: io.sirix.query.stream.node.SirixNodeStream.<init> (0x00007943f8044388) [0x00007943f8044480, 0x00007943f8044b68] Compiler: c1, Barriers: 6, Oops: 1, ImmediateOops: 0, NonImmediateOops: No
[3,058s][debug][gc,nmethod     ] Register NMethod: io.brackit.query.sequence.TypedSequence.toTypedSequence (0x00007943f8044b88) [0x00007943f8044c80, 0x00007943f8046e28] Compiler: c1, Barriers: 19, Oops: 2, ImmediateOops: 4, NonImmediateOops: No
[3,058s][debug][gc,nmethod     ] Register NMethod: io.sirix.access.trx.node.AbstractNodeReadOnlyTrx.keyForName (0x00007943f8046e88) [0x00007943f8046f80, 0x00007943f8047600] Compiler: c1, Barriers: 0, Oops: 1, ImmediateOops: 1, NonImmediateOops: No
[3,058s][debug][gc,nmethod     ] Register NMethod: com.github.benmanes.caffeine.cache.PSMW.setPolicyWeight (0x0000794416daf108) [0x0000794416daf200, 0x0000794416daf2c0] Compiler: c1, Barriers: 0, Oops: 1, ImmediateOops: 0, NonImmediateOops: No
[3,058s][debug][gc,nmethod     ] Register NMethod: io.sirix.axis.filter.xml.XmlNameFilter.<init> (0x00007943f8047688) [0x00007943f8047780, 0x00007943f8048580] Compiler: c1, Barriers: 6, Oops: 1, ImmediateOops: 0, NonImmediateOops: No
[3,059s][debug][gc,nmethod     ] Register NMethod: java.util.concurrent.ForkJoinPool.compareAndExchangeCtl (0x00007943f8048608) [0x00007943f8048700, 0x00007943f8048a10] Compiler: c1, Barriers: 0, Oops: 0, ImmediateOops: 1, NonImmediateOops: No
[3,059s][debug][gc,nmethod     ] Register NMethod: io.sirix.query.stream.node.SirixNodeStream.close (0x00007943f8048a88) [0x00007943f8048b80, 0x00007943f8048c80] Compiler: c1, Barriers: 0, Oops: 1, ImmediateOops: 0, NonImmediateOops: No
[3,059s][debug][gc,nmethod     ] Register NMethod: io.brackit.query.expr.StepExpr$AxisStepSequenceIter.close (0x00007943f8048d88) [0x00007943f8048e80, 0x00007943f8049080] Compiler: c1, Barriers: 1, Oops: 1, ImmediateOops: 0, NonImmediateOops: No
[3,059s][debug][gc,nmethod     ] Register NMethod: com.github.benmanes.caffeine.cache.BoundedLocalCache.skipReadBuffer (0x00007943f8049108) [0x00007943f8049200, 0x00007943f8049a18] Compiler: c1, Barriers: 1, Oops: 1, ImmediateOops: 0, NonImmediateOops: No
[3,059s][debug][gc,nmethod     ] Register NMethod: io.sirix.query.node.XmlDBNode.getValue (0x00007943f8049a88) [0x00007943f8049b80, 0x00007943f804aaa0] Compiler: c1, Barriers: 7, Oops: 1, ImmediateOops: 4, NonImmediateOops: No
[3,059s][debug][gc,nmethod     ] Register NMethod: io.sirix.access.trx.node.xml.XmlNodeReadOnlyTrxImpl.getValue (0x00007943f804ab08) [0x00007943f804ac00, 0x00007943f804c2e8] Compiler: c1, Barriers: 2, Oops: 1, ImmediateOops: 5, NonImmediateOops: No
[3,060s][debug][gc,nmethod     ] Register NMethod: io.sirix.page.KeyValueLeafPage.setDeweyId (0x0000794416daf408) [0x0000794416daf500, 0x0000794416daf870] Compiler: jvmci, Barriers: 9, Oops: 1, ImmediateOops: 0, NonImmediateOops: No
[3,061s][debug][gc,nmethod     ] Register NMethod: io.sirix.axis.filter.AbstractFilter.<init> (0x0000794416daf888) [0x0000794416daf980, 0x0000794416dafb58] Compiler: jvmci, Barriers: 3, Oops: 1, ImmediateOops: 0, NonImmediateOops: No
[3,061s][debug][gc,nmethod     ] Register NMethod: io.sirix.node.Bytes.elasticOffHeapByteBuffer (0x0000794416dafb88) [0x0000794416dafc80, 0x0000794416db13d8] Compiler: jvmci, Barriers: 75, Oops: 7, ImmediateOops: 9, NonImmediateOops: No
[3,061s][debug][gc,director    ] Rule Major: Warmup 10%, Used: 488MB, UsedThreshold: 1228MB
[3,061s][debug][gc,nmethod     ] Register NMethod: io.brackit.query.atomic.Una.<init> (0x0000794416db1488) [0x0000794416db1580, 0x0000794416db1698] Compiler: jvmci, Barriers: 3, Oops: 1, ImmediateOops: 0, NonImmediateOops: No
[3,062s][debug][gc,nmethod     ] Register NMethod: com.github.benmanes.caffeine.cache.SSLSMW.setMissesInSample (0x0000794416db1788) [0x0000794416db1880, 0x0000794416db1940] Compiler: c1, Barriers: 0, Oops: 1, ImmediateOops: 0, NonImmediateOops: No
[3,062s][debug][gc,nmethod     ] Register NMethod: java.util.concurrent.ForkJoinPool$WorkQueue.topLevelExec (0x00007943f804c308) [0x00007943f804c400, 0x00007943f804d1c0] Compiler: c1, Barriers: 0, Oops: 0, ImmediateOops: 0, NonImmediateOops: No
[3,062s][debug][gc,nmethod     ] Register NMethod: java.lang.Integer.numberOfTrailingZeros (0x0000794416db1a88) [0x0000794416db1b80, 0x0000794416db1c80] Compiler: jvmci, Barriers: 0, Oops: 0, ImmediateOops: 0, NonImmediateOops: No
[3,063s][debug][gc,nmethod     ] Register NMethod: java.lang.Long.numberOfTrailingZeros (0x0000794416db1d88) [0x0000794416db1e80, 0x0000794416db1f00] Compiler: jvmci, Barriers: 0, Oops: 0, ImmediateOops: 0, NonImmediateOops: No
[3,064s][debug][gc,nmethod     ] Register NMethod: java.util.BitSet.nextSetBit (0x0000794416db2088) [0x0000794416db2180, 0x0000794416db2300] Compiler: jvmci, Barriers: 1, Oops: 0, ImmediateOops: 0, NonImmediateOops: No
[3,065s][debug][gc,nmethod     ] Register NMethod: com.github.benmanes.caffeine.cache.SSLMW.fastpath (0x0000794416db2388) [0x0000794416db2480, 0x0000794416db2540] Compiler: c1, Barriers: 0, Oops: 1, ImmediateOops: 0, NonImmediateOops: No
[3,067s][debug][gc,nmethod     ] Register NMethod: java.util.concurrent.ConcurrentHashMap$BaseIterator.<init> (0x00007943f804d208) [0x00007943f804d300, 0x00007943f804d6a8] Compiler: c1, Barriers: 3, Oops: 0, ImmediateOops: 0, NonImmediateOops: No
[3,067s][debug][gc,nmethod     ] Register NMethod: io.sirix.node.MemorySegmentBytesIn.read (0x0000794416db2688) [0x0000794416db2780, 0x0000794416db2ea0] Compiler: jvmci, Barriers: 4, Oops: 3, ImmediateOops: 0, NonImmediateOops: No
[3,067s][debug][gc,nmethod     ] Register NMethod: io.sirix.page.KeyValueLeafPage.getIndexType (0x0000794416db2f08) [0x0000794416db3000, 0x0000794416db30e8] Compiler: c1, Barriers: 1, Oops: 1, ImmediateOops: 0, NonImmediateOops: No
[3,067s][debug][gc,nmethod     ] Register NMethod: com.github.benmanes.caffeine.cache.PS.isAlive (0x00007943f804d708) [0x00007943f804d800, 0x00007943f804ec78] Compiler: c1, Barriers: 1, Oops: 7, ImmediateOops: 10, NonImmediateOops: No
[3,067s][debug][gc,nmethod     ] Register NMethod: java.util.AbstractMap$SimpleEntry.getValue (0x0000794416db3208) [0x0000794416db3300, 0x0000794416db33e8] Compiler: c1, Barriers: 1, Oops: 0, ImmediateOops: 0, NonImmediateOops: No
[3,067s][debug][gc,nmethod     ] Register NMethod: com.github.benmanes.caffeine.cache.PS.getKey (0x00007943f804ed08) [0x00007943f804ee00, 0x00007943f804ffd8] Compiler: c1, Barriers: 1, Oops: 7, ImmediateOops: 8, NonImmediateOops: No
[3,067s][debug][gc,nmethod     ] Register NMethod: java.nio.HeapByteBuffer.put (0x0000794416db3508) [0x0000794416db3600, 0x0000794416db3a50] Compiler: jvmci, Barriers: 3, Oops: 0, ImmediateOops: 0, NonImmediateOops: No
[3,067s][debug][gc,nmethod     ] Register NMethod: com.github.benmanes.caffeine.cache.PS.getValue (0x00007943f8050088) [0x00007943f8050180, 0x00007943f8051358] Compiler: c1, Barriers: 1, Oops: 7, ImmediateOops: 8, NonImmediateOops: No
[3,067s][debug][gc,nmethod     ] Register NMethod: com.github.benmanes.caffeine.cache.BoundedLocalCache.hasExpired (0x00007943f8051408) [0x00007943f8051500, 0x00007943f80535a8] Compiler: c1, Barriers: 1, Oops: 7, ImmediateOops: 8, NonImmediateOops: No
[3,067s][debug][gc,nmethod     ] Register NMethod: java.lang.invoke.MethodHandle.linkToSpecial (0x0000794416db3a88) [0x0000794416db3b80, 0x0000794416db3c78] Compiler: , Barriers: 0, Oops: 0, ImmediateOops: 0, NonImmediateOops: No
[3,068s][debug][gc,nmethod     ] Register NMethod: java.lang.invoke.MethodHandle.invokeBasic (0x0000794416db3d88) [0x0000794416db3e80, 0x0000794416db4118] Compiler: , Barriers: 0, Oops: 0, ImmediateOops: 0, NonImmediateOops: No
[3,068s][debug][gc,nmethod     ] Register NMethod: java.lang.invoke.MethodHandle.linkToSpecial (0x0000794416db4188) [0x0000794416db4280, 0x0000794416db4378] Compiler: , Barriers: 0, Oops: 0, ImmediateOops: 0, NonImmediateOops: No
[3,068s][debug][gc,nmethod     ] Register NMethod: com.github.benmanes.caffeine.cache.BoundedLocalCache$EntryIterator.hasNext (0x00007943f8053608) [0x00007943f8053700, 0x00007943f8058c40] Compiler: c1, Barriers: 30, Oops: 10, ImmediateOops: 27, NonImmediateOops: No
[3,068s][debug][gc,nmethod     ] Register NMethod: java.lang.invoke.MethodHandle.invokeBasic (0x0000794416db4488) [0x0000794416db4580, 0x0000794416db4818] Compiler: , Barriers: 0, Oops: 0, ImmediateOops: 0, NonImmediateOops: No
[3,068s][debug][gc,nmethod     ] Register NMethod: jdk.internal.classfile.impl.AbstractPoolEntry$NameAndTypeEntryImpl.name (0x00007943f8058d08) [0x00007943f8058e00, 0x00007943f8059150] Compiler: c1, Barriers: 1, Oops: 0, ImmediateOops: 0, NonImmediateOops: No
[3,068s][debug][gc,nmethod     ] Register NMethod: java.lang.String.<init> (0x00007943f8059188) [0x00007943f8059280, 0x00007943f8059e40] Compiler: c1, Barriers: 10, Oops: 0, ImmediateOops: 0, NonImmediateOops: No
[3,069s][debug][gc,nmethod     ] Register NMethod: java.util.AbstractMap$SimpleEntry.getKey (0x0000794416db4888) [0x0000794416db4980, 0x0000794416db4a68] Compiler: c1, Barriers: 1, Oops: 0, ImmediateOops: 0, NonImmediateOops: No
[3,069s][debug][gc,nmethod     ] Register NMethod: java.util.concurrent.ConcurrentHashMap.entrySet (0x00007943f8059e88) [0x00007943f8059f80, 0x00007943f805a358] Compiler: c1, Barriers: 7, Oops: 0, ImmediateOops: 0, NonImmediateOops: No
[3,069s][debug][gc,nmethod     ] Register NMethod: java.util.concurrent.ConcurrentHashMap$EntrySpliterator.<init> (0x00007943f805a388) [0x00007943f805a480, 0x00007943f805a650] Compiler: c1, Barriers: 3, Oops: 0, ImmediateOops: 0, NonImmediateOops: No
[3,069s][debug][gc,nmethod     ] Register NMethod: java.util.concurrent.ConcurrentHashMap$EntrySetView.spliterator (0x00007943f805a688) [0x00007943f805a780, 0x00007943f805ac40] Compiler: c1, Barriers: 2, Oops: 0, ImmediateOops: 0, NonImmediateOops: No
[3,069s][debug][gc,nmethod     ] Register NMethod: java.lang.StringUTF16.putChar (0x00007943f805ac88) [0x00007943f805ad80, 0x00007943f805aec0] Compiler: c1, Barriers: 0, Oops: 0, ImmediateOops: 0, NonImmediateOops: No
[3,069s][debug][gc,nmethod     ] Register NMethod: java.util.concurrent.ConcurrentHashMap$EntrySpliterator.forEachRemaining (0x00007943f805af88) [0x00007943f805b080, 0x00007943f805ba40] Compiler: c1, Barriers: 12, Oops: 0, ImmediateOops: 0, NonImmediateOops: No
[3,069s][debug][gc,nmethod     ] Register NMethod: java.util.stream.Collectors$$Lambda/0x00000000a911d290.<init> (0x00007943f805ba88) [0x00007943f805bb80, 0x00007943f805bdc8] Compiler: c1, Barriers: 6, Oops: 0, ImmediateOops: 0, NonImmediateOops: No
[3,069s][debug][gc,nmethod     ] Register NMethod: java.util.stream.Collectors.uniqKeysMapMerger (0x00007943f805be08) [0x00007943f805bf00, 0x00007943f805c0a0] Compiler: c1, Barriers: 0, Oops: 1, ImmediateOops: 1, NonImmediateOops: No
[3,069s][debug][gc,nmethod     ] Register NMethod: java.util.stream.Collectors$$Lambda/0x00000000a911d068.get (0x00007943f805c108) [0x00007943f805c200, 0x00007943f805c480] Compiler: c1, Barriers: 0, Oops: 0, ImmediateOops: 0, NonImmediateOops: No
[3,069s][debug][gc,nmethod     ] Register NMethod: com.github.benmanes.caffeine.cache.BoundedLocalCache$EntryIterator.advance (0x00007943f805c488) [0x00007943f805c580, 0x00007943f805c800] Compiler: c1, Barriers: 9, Oops: 1, ImmediateOops: 0, NonImmediateOops: No
[3,069s][debug][gc,nmethod     ] Register NMethod: java.util.stream.Collectors.toMap (0x00007943f805c888) [0x00007943f805c980, 0x00007943f805d288] Compiler: c1, Barriers: 6, Oops: 4, ImmediateOops: 5, NonImmediateOops: No
[3,069s][debug][gc,nmethod     ] Register NMethod: java.lang.String.getBytes (0x00007943f805d308) [0x00007943f805d400, 0x00007943f805d908] Compiler: c1, Barriers: 2, Oops: 0, ImmediateOops: 0, NonImmediateOops: No
[3,070s][debug][gc,nmethod     ] Register NMethod: com.github.benmanes.caffeine.cache.BoundedLocalCache$EntryIterator.next (0x00007943f805d988) [0x00007943f805da80, 0x00007943f805dd78] Compiler: c1, Barriers: 0, Oops: 1, ImmediateOops: 0, NonImmediateOops: No
[3,070s][debug][gc,nmethod     ] Register NMethod: java.util.stream.Collectors.uniqKeysMapAccumulator (0x00007943f805dd88) [0x00007943f805de80, 0x00007943f805e4b0] Compiler: c1, Barriers: 6, Oops: 1, ImmediateOops: 2, NonImmediateOops: No
[3,070s][debug][gc,nmethod     ] Register NMethod: java.util.AbstractMap$SimpleEntry.<init> (0x00007943f805e508) [0x00007943f805e600, 0x00007943f805e848] Compiler: c1, Barriers: 6, Oops: 0, ImmediateOops: 0, NonImmediateOops: No
[3,070s][debug][gc,nmethod     ] Register NMethod: com.github.benmanes.caffeine.cache.WriteThroughEntry.<init> (0x00007943f805e888) [0x00007943f805e980, 0x00007943f805eff8] Compiler: c1, Barriers: 9, Oops: 1, ImmediateOops: 0, NonImmediateOops: No
[3,070s][debug][gc,nmethod     ] Register NMethod: com.github.benmanes.caffeine.cache.BoundedLocalCache$EntryIterator.next (0x00007943f805f008) [0x00007943f805f100, 0x00007943f805fde8] Compiler: c1, Barriers: 24, Oops: 1, ImmediateOops: 0, NonImmediateOops: No
[3,070s][debug][gc,nmethod     ] Register NMethod: io.sirix.page.KeyValueLeafPage.getPinCountByTransaction (0x00007943f805fe08) [0x00007943f805ff00, 0x00007943f8060888] Compiler: c1, Barriers: 1, Oops: 4, ImmediateOops: 2, NonImmediateOops: No
[3,070s][debug][gc,nmethod     ] Register NMethod: java.util.concurrent.ConcurrentHashMap.values (0x00007943f8060908) [0x00007943f8060a00, 0x00007943f8060dd8] Compiler: c1, Barriers: 7, Oops: 0, ImmediateOops: 0, NonImmediateOops: No
[3,070s][debug][gc,nmethod     ] Register NMethod: java.util.concurrent.ConcurrentHashMap$MapEntry.getKey (0x0000794416db4b88) [0x0000794416db4c80, 0x0000794416db4d68] Compiler: c1, Barriers: 1, Oops: 0, ImmediateOops: 0, NonImmediateOops: No
[3,070s][debug][gc,nmethod     ] Register NMethod: java.util.concurrent.ConcurrentHashMap$MapEntry.getValue (0x0000794416db4e88) [0x0000794416db4f80, 0x0000794416db5068] Compiler: c1, Barriers: 1, Oops: 0, ImmediateOops: 0, NonImmediateOops: No
[3,070s][debug][gc,nmethod     ] Register NMethod: java.util.concurrent.ConcurrentHashMap$ValueIterator.<init> (0x00007943f8060e08) [0x00007943f8060f00, 0x00007943f8061030] Compiler: c1, Barriers: 0, Oops: 0, ImmediateOops: 0, NonImmediateOops: No
[3,070s][debug][gc,nmethod     ] Register NMethod: java.util.concurrent.ConcurrentHashMap$ValuesView.iterator (0x00007943f8061108) [0x00007943f8061200, 0x00007943f8061470] Compiler: c1, Barriers: 2, Oops: 0, ImmediateOops: 0, NonImmediateOops: No
[3,070s][debug][gc,nmethod     ] Register NMethod: io.sirix.node.MemorySegmentBytesIn.readInt (0x0000794416db5188) [0x0000794416db5280, 0x0000794416db5698] Compiler: jvmci, Barriers: 4, Oops: 3, ImmediateOops: 0, NonImmediateOops: No
[3,071s][debug][gc,nmethod     ] Register NMethod: java.lang.System$1.uncheckedEncodeASCII (0x00007943f8061488) [0x00007943f8061580, 0x00007943f80616c0] Compiler: c1, Barriers: 0, Oops: 0, ImmediateOops: 0, NonImmediateOops: No
[3,071s][debug][gc,nmethod     ] Register NMethod: sun.nio.cs.UTF_8$Encoder.encodeLoop (0x00007943f8061788) [0x00007943f8061880, 0x00007943f8062008] Compiler: c1, Barriers: 2, Oops: 0, ImmediateOops: 0, NonImmediateOops: No
[3,071s][debug][gc,director    ] Rule Major: Warmup 10%, Used: 490MB, UsedThreshold: 1228MB
[3,072s][debug][gc,nmethod     ] Register NMethod: java.nio.charset.CharsetEncoder.encode (0x00007943f8062088) [0x00007943f8062180, 0x00007943f8064f48] Compiler: c1, Barriers: 5, Oops: 0, ImmediateOops: 5, NonImmediateOops: No
[3,072s][debug][gc,nmethod     ] Register NMethod: io.sirix.utils.NamePageHash.generateHashForString (0x0000794416db5708) [0x0000794416db5800, 0x0000794416db59a8] Compiler: jvmci, Barriers: 1, Oops: 1, ImmediateOops: 0, NonImmediateOops: No
[3,072s][debug][gc,nmethod     ] Register NMethod: sun.nio.cs.UTF_8$Encoder.encodeArrayLoop (0x00007943f8064f88) [0x00007943f8065080, 0x00007943f8067d40] Compiler: c1, Barriers: 2, Oops: 1, ImmediateOops: 2, NonImmediateOops: No
[3,072s][debug][gc,nmethod     ] Register NMethod: io.sirix.node.MemorySegmentBytesIn.read (0x0000794416db5a08) [0x0000794416db5b00, 0x0000794416db60d8] Compiler: jvmci, Barriers: 4, Oops: 3, ImmediateOops: 0, NonImmediateOops: No
[3,073s][debug][gc,nmethod     ] Register NMethod: java.lang.invoke.Invokers$Holder.linkToTargetMethod (0x0000794416db6108) [0x0000794416db6200, 0x0000794416db6310] Compiler: jvmci, Barriers: 0, Oops: 0, ImmediateOops: 0, NonImmediateOops: No
[3,073s][debug][gc,nmethod     ] Register NMethod: com.github.benmanes.caffeine.cache.SSLSMW.fastpath (0x0000794416db6408) [0x0000794416db6500, 0x0000794416db65c0] Compiler: c1, Barriers: 0, Oops: 1, ImmediateOops: 0, NonImmediateOops: No
[3,073s][debug][gc,nmethod     ] Register NMethod: io.sirix.access.trx.page.NodePageReadOnlyTrx.unpinRecordPage (0x00007943f8067d88) [0x00007943f8067e80, 0x00007943f806b370] Compiler: c1, Barriers: 11, Oops: 5, ImmediateOops: 6, NonImmediateOops: No
[3,076s][debug][gc,nmethod     ] Register NMethod: io.sirix.page.KeyValueLeafPage.setDeweyId (0x0000794416db6708) [0x0000794416db6800, 0x0000794416db6940] Compiler: jvmci, Barriers: 2, Oops: 1, ImmediateOops: 0, NonImmediateOops: No
[3,077s][debug][gc,nmethod     ] Register NMethod: java.lang.invoke.ClassSpecializer$SpeciesData.getterFunction (0x00007943f806b408) [0x00007943f806b500, 0x00007943f806ba70] Compiler: c1, Barriers: 1, Oops: 0, ImmediateOops: 0, NonImmediateOops: No
[3,077s][debug][gc,nmethod     ] Register NMethod: io.sirix.page.KeyValueLeafPage.setSlot (0x0000794416db6a08) [0x0000794416db6b00, 0x0000794416db6c00] Compiler: jvmci, Barriers: 2, Oops: 1, ImmediateOops: 0, NonImmediateOops: No
[3,077s][debug][gc,nmethod     ] Register NMethod: java.util.AbstractMap$SimpleImmutableEntry.getKey (0x0000794416db6d08) [0x0000794416db6e00, 0x0000794416db6ee8] Compiler: c1, Barriers: 1, Oops: 0, ImmediateOops: 0, NonImmediateOops: No
[3,077s][debug][gc,nmethod     ] Register NMethod: java.lang.Character.hashCode (0x00007943f806ba88) [0x00007943f806bb80, 0x00007943f806bcd8] Compiler: c1, Barriers: 0, Oops: 0, ImmediateOops: 0, NonImmediateOops: No
[3,077s][debug][gc,nmethod     ] Register NMethod: java.lang.Character.hashCode (0x00007943f806bd88) [0x00007943f806be80, 0x00007943f806bf60] Compiler: c1, Barriers: 0, Oops: 0, ImmediateOops: 0, NonImmediateOops: No
[3,078s][debug][gc,nmethod     ] Register NMethod: java.lang.Character.valueOf (0x00007943f806c088) [0x00007943f806c180, 0x00007943f806c420] Compiler: c1, Barriers: 1, Oops: 0, ImmediateOops: 1, NonImmediateOops: No
[3,078s][debug][gc,nmethod     ] Register NMethod: java.util.ArrayList.checkForComodification (0x00007943f806c488) [0x00007943f806c580, 0x00007943f806c730] Compiler: c1, Barriers: 0, Oops: 0, ImmediateOops: 0, NonImmediateOops: No
[3,078s][debug][gc,nmethod     ] Register NMethod: java.lang.invoke.Invokers$Holder.linkToTargetMethod (0x00007943f806c788) [0x00007943f806c880, 0x00007943f806cd78] Compiler: c1, Barriers: 0, Oops: 0, ImmediateOops: 0, NonImmediateOops: No
[3,078s][debug][gc,nmethod     ] Register NMethod: java.nio.ByteBuffer.wrap (0x0000794416db7008) [0x0000794416db7100, 0x0000794416db72e0] Compiler: jvmci, Barriers: 2, Oops: 0, ImmediateOops: 0, NonImmediateOops: No
[3,078s][debug][gc,nmethod     ] Register NMethod: java.lang.invoke.LambdaForm$DMH/0x00000000a91b4000.newInvokeSpecial (0x00007943f806cd88) [0x00007943f806ce80, 0x00007943f806d700] Compiler: c1, Barriers: 2, Oops: 1, ImmediateOops: 1, NonImmediateOops: No
[3,078s][debug][gc,nmethod     ] Register NMethod: org.gradle.internal.dispatch.MethodInvocation.getArguments (0x0000794416db7308) [0x0000794416db7400, 0x0000794416db74e8] Compiler: c1, Barriers: 1, Oops: 1, ImmediateOops: 0, NonImmediateOops: No
[3,078s][debug][gc,nmethod     ] Register NMethod: org.gradle.internal.dispatch.MethodInvocation.getMethod (0x0000794416db7608) [0x0000794416db7700, 0x0000794416db77e8] Compiler: c1, Barriers: 1, Oops: 1, ImmediateOops: 0, NonImmediateOops: No
[3,079s][debug][gc,nmethod     ] Register NMethod: java.nio.HeapByteBuffer.<init> (0x0000794416db7908) [0x0000794416db7a00, 0x0000794416db7c40] Compiler: jvmci, Barriers: 6, Oops: 0, ImmediateOops: 0, NonImmediateOops: No
[3,079s][debug][gc,nmethod     ] Register NMethod: com.esotericsoftware.kryo.io.Output.require (0x00007943f806d788) [0x00007943f806d880, 0x00007943f806ffc0] Compiler: c1, Barriers: 4, Oops: 4, ImmediateOops: 6, NonImmediateOops: No
[3,079s][debug][gc,nmethod     ] Register NMethod: java.lang.invoke.DirectMethodHandle.constructorMethod (0x0000794416db7c88) [0x0000794416db7d80, 0x0000794416db7ea0] Compiler: jvmci, Barriers: 1, Oops: 0, ImmediateOops: 0, NonImmediateOops: No
[3,080s][debug][gc,nmethod     ] Register NMethod: java.lang.StringUTF16.compress (0x00007943f8070008) [0x00007943f8070100, 0x00007943f8070330] Compiler: c1, Barriers: 0, Oops: 0, ImmediateOops: 0, NonImmediateOops: No
[3,080s][debug][gc,nmethod     ] Register NMethod: java.lang.String.<init> (0x00007943f8070388) [0x00007943f8070480, 0x00007943f80707c0] Compiler: c1, Barriers: 0, Oops: 1, ImmediateOops: 1, NonImmediateOops: No
[3,080s][debug][gc,nmethod     ] Register NMethod: java.lang.invoke.DirectMethodHandle.allocateInstance (0x0000794416db7f88) [0x0000794416db8080, 0x0000794416db83e0] Compiler: jvmci, Barriers: 2, Oops: 0, ImmediateOops: 1, NonImmediateOops: No
[3,080s][debug][gc,nmethod     ] Register NMethod: java.lang.invoke.MethodHandles$Lookup.restrictProtectedReceiver (0x00007943f8070808) [0x00007943f8070900, 0x00007943f8071878] Compiler: c1, Barriers: 2, Oops: 0, ImmediateOops: 0, NonImmediateOops: No
[3,081s][debug][gc,nmethod     ] Register NMethod: com.github.benmanes.caffeine.cache.PSMW.getNextInAccessOrder (0x00007943f8071888) [0x00007943f8071980, 0x00007943f8071c80] Compiler: c1, Barriers: 1, Oops: 1, ImmediateOops: 0, NonImmediateOops: No
[3,081s][debug][gc,nmethod     ] Register NMethod: java.util.concurrent.CopyOnWriteArrayList.size (0x00007943f8071d08) [0x00007943f8071e00, 0x00007943f8072108] Compiler: c1, Barriers: 1, Oops: 0, ImmediateOops: 0, NonImmediateOops: No
[3,081s][debug][gc,nmethod     ] Register NMethod: com.github.benmanes.caffeine.cache.AccessOrderDeque.setNext (0x00007943f8072188) [0x00007943f8072280, 0x00007943f8072590] Compiler: c1, Barriers: 0, Oops: 1, ImmediateOops: 0, NonImmediateOops: No
[3,081s][debug][gc,nmethod     ] Register NMethod: com.github.benmanes.caffeine.cache.PSMW.setNextInAccessOrder (0x00007943f8072608) [0x00007943f8072700, 0x00007943f8072c50] Compiler: c1, Barriers: 3, Oops: 1, ImmediateOops: 0, NonImmediateOops: No
[3,081s][debug][gc,nmethod     ] Register NMethod: com.github.benmanes.caffeine.cache.AccessOrderDeque.setNext (0x00007943f8072c88) [0x00007943f8072d80, 0x00007943f80736e0] Compiler: c1, Barriers: 0, Oops: 1, ImmediateOops: 0, NonImmediateOops: No
[3,081s][debug][gc,nmethod     ] Register NMethod: com.github.benmanes.caffeine.cache.AccessOrderDeque.setPrevious (0x00007943f8073708) [0x00007943f8073800, 0x00007943f8074160] Compiler: c1, Barriers: 0, Oops: 1, ImmediateOops: 0, NonImmediateOops: No
[3,081s][debug][gc,nmethod     ] Register NMethod: com.github.benmanes.caffeine.cache.AccessOrderDeque.setPrevious (0x00007943f8074188) [0x00007943f8074280, 0x00007943f8074590] Compiler: c1, Barriers: 0, Oops: 1, ImmediateOops: 0, NonImmediateOops: No
[3,081s][debug][gc,nmethod     ] Register NMethod: com.github.benmanes.caffeine.cache.PSMW.setPreviousInAccessOrder (0x00007943f8074608) [0x00007943f8074700, 0x00007943f8074c50] Compiler: c1, Barriers: 3, Oops: 1, ImmediateOops: 0, NonImmediateOops: No
[3,081s][debug][gc,nmethod     ] Register NMethod: com.github.benmanes.caffeine.cache.SSLSMW.accessOrderProbationDeque (0x0000794416db8408) [0x0000794416db8500, 0x0000794416db85f0] Compiler: c1, Barriers: 1, Oops: 1, ImmediateOops: 0, NonImmediateOops: No
[3,081s][debug][gc,nmethod     ] Register NMethod: java.util.concurrent.ThreadLocalRandom.getProbe (0x00007943f8074c88) [0x00007943f8074d80, 0x00007943f8074f20] Compiler: c1, Barriers: 1, Oops: 1, ImmediateOops: 1, NonImmediateOops: No
[3,081s][debug][gc,nmethod     ] Register NMethod: java.util.concurrent.ForkJoinWorkerThread$InnocuousForkJoinWorkerThread.onThreadLocalReset (0x00007943f8074f88) [0x00007943f8075080, 0x00007943f8075288] Compiler: c1, Barriers: 3, Oops: 0, ImmediateOops: 0, NonImmediateOops: No
[3,081s][debug][gc,nmethod     ] Register NMethod: com.github.benmanes.caffeine.cache.AccessOrderDeque.contains (0x00007943f8075308) [0x00007943f8075400, 0x00007943f80759f8] Compiler: c1, Barriers: 1, Oops: 1, ImmediateOops: 0, NonImmediateOops: No
[3,081s][debug][gc,director    ] Rule Major: Warmup 10%, Used: 490MB, UsedThreshold: 1228MB
[3,081s][debug][gc,nmethod     ] Register NMethod: java.util.concurrent.ConcurrentHashMap.replaceNode (0x00007943f7f17e88) [0x00007943f7f17f80, 0x00007943f7f18ec8] Compiler: c1, Barriers: 18, Oops: 0, ImmediateOops: 1, NonImmediateOops: No
[3,081s][debug][gc,nmethod     ] Register NMethod: java.util.concurrent.ConcurrentHashMap.replaceNode (0x00007943f7f17e88) [0x00007943f7f17f80, 0x00007943f7f18ec8] Compiler: c1, Barriers: 18, Oops: 0, ImmediateOops: 1, NonImmediateOops: No
[3,081s][debug][gc,nmethod     ] Register NMethod: java.lang.invoke.Invokers$Holder.linkToTargetMethod (0x00007943f8075a08) [0x00007943f8075b00, 0x00007943f8076008] Compiler: c1, Barriers: 0, Oops: 0, ImmediateOops: 0, NonImmediateOops: No
[3,082s][debug][gc,nmethod     ] Register NMethod: java.util.concurrent.ConcurrentHashMap.replaceNode (0x00007943f7f17e88) [0x00007943f7f17f80, 0x00007943f7f18ec8] Compiler: c1, Barriers: 18, Oops: 0, ImmediateOops: 1, NonImmediateOops: No
[3,082s][debug][gc,nmethod     ] Register NMethod: java.util.concurrent.ConcurrentHashMap.replaceNode (0x00007943f7f17e88) [0x00007943f7f17f80, 0x00007943f7f18ec8] Compiler: c1, Barriers: 18, Oops: 0, ImmediateOops: 1, NonImmediateOops: No
[3,082s][debug][gc,nmethod     ] Register NMethod: java.lang.invoke.LambdaForm$DMH/0x00000000a914c000.newInvokeSpecial (0x00007943f8076088) [0x00007943f8076180, 0x00007943f8076a28] Compiler: c1, Barriers: 2, Oops: 1, ImmediateOops: 1, NonImmediateOops: No
[3,082s][debug][gc,nmethod     ] Register NMethod: java.lang.invoke.VarHandleLongs$FieldInstanceReadWrite.compareAndSet (0x00007943f8076a88) [0x00007943f8076b80, 0x00007943f80775c0] Compiler: c1, Barriers: 1, Oops: 1, ImmediateOops: 0, NonImmediateOops: No
[3,082s][debug][gc,nmethod     ] Register NMethod: com.github.benmanes.caffeine.cache.SSLMW.setMissesInSample (0x0000794416db8708) [0x0000794416db8800, 0x0000794416db88c0] Compiler: c1, Barriers: 0, Oops: 1, ImmediateOops: 0, NonImmediateOops: No
[3,082s][debug][gc,nmethod     ] Register NMethod: com.github.benmanes.caffeine.cache.SSLMW.accessOrderProbationDeque (0x0000794416db8a08) [0x0000794416db8b00, 0x0000794416db8bf0] Compiler: c1, Barriers: 1, Oops: 1, ImmediateOops: 0, NonImmediateOops: No
[3,082s][debug][gc,nmethod     ] Register NMethod: com.github.benmanes.caffeine.cache.Node.inWindow (0x00007943f8077608) [0x00007943f8077700, 0x00007943f8077a48] Compiler: c1, Barriers: 0, Oops: 1, ImmediateOops: 0, NonImmediateOops: No
[3,082s][debug][gc,nmethod     ] Register NMethod: com.github.benmanes.caffeine.cache.BaseMpscLinkedArrayQueue.soElement (0x00007943f8077a88) [0x00007943f8077b80, 0x00007943f8079c88] Compiler: c1, Barriers: 3, Oops: 8, ImmediateOops: 11, NonImmediateOops: No
[3,082s][debug][gc,nmethod     ] Register NMethod: java.util.concurrent.ForkJoinPool.execute (0x00007943f8079d08) [0x00007943f8079e00, 0x00007943f807a938] Compiler: c1, Barriers: 3, Oops: 0, ImmediateOops: 0, NonImmediateOops: No
[3,082s][debug][gc,nmethod     ] Register NMethod: java.util.concurrent.ForkJoinPool$WorkQueue.tryLockPhase (0x00007943f807a988) [0x00007943f807aa80, 0x00007943f807ac28] Compiler: c1, Barriers: 0, Oops: 0, ImmediateOops: 0, NonImmediateOops: No
[3,082s][debug][gc,nmethod     ] Register NMethod: java.util.concurrent.ForkJoinPool.poolSubmit (0x00007943f807ac88) [0x00007943f807ad80, 0x00007943f807b810] Compiler: c1, Barriers: 4, Oops: 1, ImmediateOops: 2, NonImmediateOops: No
[3,082s][debug][gc,nmethod     ] Register NMethod: com.github.benmanes.caffeine.cache.SSLSMW.setHitsInSample (0x0000794416db8d08) [0x0000794416db8e00, 0x0000794416db8ec0] Compiler: c1, Barriers: 0, Oops: 1, ImmediateOops: 0, NonImmediateOops: No
[3,082s][debug][gc,nmethod     ] Register NMethod: com.github.benmanes.caffeine.cache.LocalManualCache.asMap (0x00007943f807b888) [0x00007943f807b980, 0x00007943f807bb70] Compiler: c1, Barriers: 1, Oops: 1, ImmediateOops: 0, NonImmediateOops: No
[3,082s][debug][gc,nmethod     ] Register NMethod: java.util.Spliterator.getExactSizeIfKnown (0x0000794416db9008) [0x0000794416db9100, 0x0000794416db9338] Compiler: jvmci, Barriers: 1, Oops: 0, ImmediateOops: 0, NonImmediateOops: No
[3,083s][debug][gc,nmethod     ] Register NMethod: java.util.concurrent.locks.ReentrantReadWriteLock.readLock (0x0000794416db9388) [0x0000794416db9480, 0x0000794416db9568] Compiler: c1, Barriers: 1, Oops: 0, ImmediateOops: 0, NonImmediateOops: No
[3,083s][debug][gc,nmethod     ] Register NMethod: io.sirix.page.KeyValueLeafPage.setData (0x0000794416db9688) [0x0000794416db9780, 0x0000794416dbc9a0] Compiler: jvmci, Barriers: 41, Oops: 4, ImmediateOops: 2, NonImmediateOops: No
[3,084s][debug][gc,nmethod     ] Register NMethod: sun.nio.cs.StreamEncoder.ensureOpen (0x00007943f807bb88) [0x00007943f807bc80, 0x00007943f807be78] Compiler: c1, Barriers: 0, Oops: 0, ImmediateOops: 1, NonImmediateOops: No
[3,084s][debug][gc,nmethod     ] Register NMethod: java.lang.Math.round (0x00007943f807be88) [0x00007943f807bf80, 0x00007943f807c148] Compiler: c1, Barriers: 0, Oops: 0, ImmediateOops: 0, NonImmediateOops: No
[3,084s][debug][gc,nmethod     ] Register NMethod: sun.nio.cs.StreamEncoder.growByteBufferIfNeeded (0x00007943f807c188) [0x00007943f807c280, 0x00007943f807ce30] Compiler: c1, Barriers: 6, Oops: 0, ImmediateOops: 0, NonImmediateOops: No
[3,084s][debug][gc,nmethod     ] Register NMethod: java.util.concurrent.ConcurrentHashMap$Traverser.advance (0x0000794416dbca08) [0x0000794416dbcb00, 0x0000794416dbcec0] Compiler: jvmci, Barriers: 10, Oops: 0, ImmediateOops: 0, NonImmediateOops: No
[3,084s][debug][gc,nmethod     ] Register NMethod: sun.nio.cs.StreamEncoder.implWrite (0x00007943f807ce88) [0x00007943f807cf80, 0x00007943f807d2b8] Compiler: c1, Barriers: 0, Oops: 0, ImmediateOops: 0, NonImmediateOops: No
[3,084s][debug][gc,nmethod     ] Register NMethod: sun.nio.cs.StreamEncoder.write (0x00007943f807d308) [0x00007943f807d400, 0x00007943f807dee8] Compiler: c1, Barriers: 1, Oops: 0, ImmediateOops: 1, NonImmediateOops: No
[3,085s][debug][gc,nmethod     ] Register NMethod: sun.nio.fs.UnixFileSystem.normalizeNativePath (0x00007943f807df08) [0x00007943f807e000, 0x00007943f807e100] Compiler: c1, Barriers: 0, Oops: 0, ImmediateOops: 0, NonImmediateOops: No
[3,085s][debug][gc,nmethod     ] Register NMethod: sun.nio.fs.Util.jnuEncoding (0x00007943f807e208) [0x00007943f807e300, 0x00007943f807e3e8] Compiler: c1, Barriers: 0, Oops: 0, ImmediateOops: 1, NonImmediateOops: No
[3,085s][debug][gc,nmethod     ] Register NMethod: sun.nio.fs.UnixPath.<init> (0x00007943f807e508) [0x00007943f807e600, 0x00007943f807e928] Compiler: c1, Barriers: 6, Oops: 0, ImmediateOops: 0, NonImmediateOops: No
[3,085s][debug][gc,nmethod     ] Register NMethod: java.lang.String.<init> (0x00007943f807e988) [0x00007943f807ea80, 0x00007943f807f058] Compiler: c1, Barriers: 6, Oops: 0, ImmediateOops: 1, NonImmediateOops: No
[3,085s][debug][gc,nmethod     ] Register NMethod: sun.nio.cs.StreamEncoder.implWrite (0x00007943f807f088) [0x00007943f807f180, 0x00007943f8080ba8] Compiler: c1, Barriers: 3, Oops: 0, ImmediateOops: 0, NonImmediateOops: No
[3,085s][debug][gc,nmethod     ] Register NMethod: jdk.internal.misc.Unsafe.weakCompareAndSetInt (0x0000794416dbcf08) [0x0000794416dbd000, 0x0000794416dbd090] Compiler: jvmci, Barriers: 0, Oops: 0, ImmediateOops: 0, NonImmediateOops: No
[3,085s][debug][gc,nmethod     ] Register NMethod: sun.nio.fs.UnixPath.encode (0x00007943f8080c08) [0x00007943f8080d00, 0x00007943f8081dd0] Compiler: c1, Barriers: 1, Oops: 2, ImmediateOops: 3, NonImmediateOops: No
[3,085s][debug][gc,nmethod     ] Register NMethod: io.sirix.cache.BufferManagerImpl.getPageCache (0x0000794416dbd208) [0x0000794416dbd300, 0x0000794416dbd3e8] Compiler: c1, Barriers: 1, Oops: 1, ImmediateOops: 0, NonImmediateOops: No
[3,086s][debug][gc,nmethod     ] Register NMethod: sun.nio.fs.UnixFileSystem.getPath (0x00007943f8081e08) [0x00007943f8081f00, 0x00007943f8083830] Compiler: c1, Barriers: 8, Oops: 0, ImmediateOops: 1, NonImmediateOops: No
[3,086s][debug][gc,nmethod     ] Register NMethod: sun.nio.fs.UnixNativeDispatcher.access0 (0x0000794416dbd508) [0x0000794416dbd600, 0x0000794416dbd760] Compiler: , Barriers: 0, Oops: 0, ImmediateOops: 1, NonImmediateOops: No
[3,086s][debug][gc,nmethod     ] Register NMethod: org.magicwerk.brownies.collections.GapList.doGet (0x00007943f8083888) [0x00007943f8083980, 0x00007943f8083cb8] Compiler: c1, Barriers: 2, Oops: 1, ImmediateOops: 0, NonImmediateOops: No
[3,086s][debug][gc,nmethod     ] Register NMethod: java.util.BitSet.and (0x00007943f8083d08) [0x00007943f8083e00, 0x00007943f8084250] Compiler: c1, Barriers: 3, Oops: 0, ImmediateOops: 0, NonImmediateOops: No
[3,086s][debug][gc,nmethod     ] Register NMethod: org.magicwerk.brownies.collections.GapList.get (0x00007943f8084288) [0x00007943f8084380, 0x00007943f8085d78] Compiler: c1, Barriers: 0, Oops: 4, ImmediateOops: 4, NonImmediateOops: No
[3,086s][debug][gc,nmethod     ] Register NMethod: java.util.stream.AbstractPipeline.sourceSpliterator (0x0000794416dbd808) [0x0000794416dbd900, 0x0000794416dbdb90] Compiler: jvmci, Barriers: 4, Oops: 0, ImmediateOops: 0, NonImmediateOops: No
[3,087s][debug][gc,nmethod     ] Register NMethod: io.sirix.page.KeyValueLeafPage.addReferences (0x00007943f8085e08) [0x00007943f8085f00, 0x00007943f80870a0] Compiler: c1, Barriers: 6, Oops: 1, ImmediateOops: 0, NonImmediateOops: No
[3,088s][debug][gc,nmethod     ] Register NMethod: java.lang.System$1.blockedOn (0x00007943f8087108) [0x00007943f8087200, 0x00007943f8087558] Compiler: c1, Barriers: 1, Oops: 0, ImmediateOops: 0, NonImmediateOops: No
[3,088s][debug][gc,nmethod     ] Register NMethod: java.nio.channels.spi.AbstractInterruptibleChannel.blockedOn (0x00007943f8087588) [0x00007943f8087680, 0x00007943f8087ae8] Compiler: c1, Barriers: 2, Oops: 0, ImmediateOops: 1, NonImmediateOops: No
[3,088s][debug][gc,nmethod     ] Register NMethod: net.jpountz.xxhash.StreamingXXHash32JNI.getValue (0x00007943f8087b08) [0x00007943f8087c00, 0x00007943f8087ff8] Compiler: c1, Barriers: 0, Oops: 1, ImmediateOops: 1, NonImmediateOops: No
[3,088s][debug][gc,nmethod     ] Register NMethod: net.jpountz.xxhash.StreamingXXHash32$1.update (0x00007943f8088008) [0x00007943f8088100, 0x00007943f8088288] Compiler: c1, Barriers: 1, Oops: 1, ImmediateOops: 0, NonImmediateOops: No
[3,088s][debug][gc,nmethod     ] Register NMethod: net.jpountz.xxhash.StreamingXXHash32$1.reset (0x00007943f8088308) [0x00007943f8088400, 0x00007943f8088910] Compiler: c1, Barriers: 1, Oops: 1, ImmediateOops: 1, NonImmediateOops: No
[3,088s][debug][gc,nmethod     ] Register NMethod: net.jpountz.xxhash.StreamingXXHash32JNI.update (0x00007943f8088988) [0x00007943f8088a80, 0x00007943f8088e88] Compiler: c1, Barriers: 0, Oops: 1, ImmediateOops: 1, NonImmediateOops: No
[3,088s][debug][gc,nmethod     ] Register NMethod: net.jpountz.xxhash.StreamingXXHash32JNI.reset (0x00007943f8088f08) [0x00007943f8089000, 0x00007943f8089440] Compiler: c1, Barriers: 0, Oops: 1, ImmediateOops: 1, NonImmediateOops: No
[3,088s][debug][gc,nmethod     ] Register NMethod: net.jpountz.xxhash.StreamingXXHash32$1.getValue (0x00007943f8089488) [0x00007943f8089580, 0x00007943f8089a70] Compiler: c1, Barriers: 1, Oops: 1, ImmediateOops: 1, NonImmediateOops: No
[3,090s][debug][gc,nmethod     ] Register NMethod: java.nio.MappedByteBuffer.position (0x00007943f8089a88) [0x00007943f8089b80, 0x00007943f8089f40] Compiler: c1, Barriers: 0, Oops: 0, ImmediateOops: 0, NonImmediateOops: No
[3,091s][debug][gc,director    ] Rule Major: Warmup 10%, Used: 492MB, UsedThreshold: 1228MB
[3,092s][debug][gc,nmethod     ] Register NMethod: sun.nio.ch.NativeDispatcher.needsPositionLock (0x0000794416dbdc08) [0x0000794416dbdd00, 0x0000794416dbddc0] Compiler: c1, Barriers: 0, Oops: 0, ImmediateOops: 0, NonImmediateOops: No
[3,092s][debug][gc,nmethod     ] Register NMethod: com.github.benmanes.caffeine.cache.SSLS.statsCounter (0x0000794416dbdf08) [0x0000794416dbe000, 0x0000794416dbe0f0] Compiler: c1, Barriers: 1, Oops: 1, ImmediateOops: 0, NonImmediateOops: No
[3,092s][debug][gc,nmethod     ] Register NMethod: java.util.concurrent.ForkJoinPool.signalWork (0x00007943f8089f88) [0x00007943f808a080, 0x00007943f808a938] Compiler: c1, Barriers: 3, Oops: 0, ImmediateOops: 1, NonImmediateOops: No
[3,092s][debug][gc,nmethod     ] Register NMethod: io.sirix.access.DatabaseConfiguration.getDatabaseId (0x0000794416dbe208) [0x0000794416dbe300, 0x0000794416dbe3c0] Compiler: c1, Barriers: 0, Oops: 1, ImmediateOops: 0, NonImmediateOops: No
[3,092s][debug][gc,nmethod     ] Register NMethod: com.github.benmanes.caffeine.cache.BoundedLocalCache.keyReferenceQueue (0x0000794416dbe508) [0x0000794416dbe600, 0x0000794416dbe6c8] Compiler: c1, Barriers: 0, Oops: 1, ImmediateOops: 0, NonImmediateOops: No
[3,092s][debug][gc,nmethod     ] Register NMethod: com.github.benmanes.caffeine.cache.BoundedLocalCache.discardRefresh (0x00007943f808a988) [0x00007943f808aa80, 0x00007943f808b030] Compiler: c1, Barriers: 1, Oops: 1, ImmediateOops: 0, NonImmediateOops: No
[3,092s][debug][gc,nmethod     ] Register NMethod: io.sirix.access.ResourceConfiguration.getID (0x0000794416dbe808) [0x0000794416dbe900, 0x0000794416dbe9c0] Compiler: c1, Barriers: 0, Oops: 1, ImmediateOops: 0, NonImmediateOops: No
[3,093s][debug][gc,nmethod     ] Register NMethod: sun.nio.fs.UnixPath.resolve (0x00007943f808b088) [0x00007943f808b180, 0x00007943f808be38] Compiler: c1, Barriers: 9, Oops: 0, ImmediateOops: 0, NonImmediateOops: No
[3,093s][debug][gc,nmethod     ] Register NMethod: sun.nio.fs.UnixPath.resolve (0x00007943f808be88) [0x00007943f808bf80, 0x00007943f808c548] Compiler: c1, Barriers: 0, Oops: 0, ImmediateOops: 0, NonImmediateOops: No
[3,093s][debug][gc,nmethod     ] Register NMethod: io.sirix.access.trx.page.NodePageReadOnlyTrx$PageFragmentsResult.pages (0x0000794416dbeb08) [0x0000794416dbec00, 0x0000794416dbece8] Compiler: c1, Barriers: 1, Oops: 1, ImmediateOops: 0, NonImmediateOops: No
[3,093s][debug][gc,nmethod     ] Register NMethod: jdk.internal.misc.Unsafe.weakCompareAndSetLongRelease (0x00007943f808c588) [0x00007943f808c680, 0x00007943f808c7a0] Compiler: c1, Barriers: 0, Oops: 0, ImmediateOops: 0, NonImmediateOops: No
[3,093s][debug][gc,nmethod     ] Register NMethod: java.util.concurrent.atomic.LongAdder.add (0x00007943f808c888) [0x00007943f808c980, 0x00007943f808d2f8] Compiler: c1, Barriers: 3, Oops: 1, ImmediateOops: 2, NonImmediateOops: No
[3,093s][debug][gc,nmethod     ] Register NMethod: java.lang.invoke.VarHandleLongs$FieldInstanceReadWrite.weakCompareAndSetRelease (0x00007943f808d308) [0x00007943f808d400, 0x00007943f808e028] Compiler: c1, Barriers: 1, Oops: 1, ImmediateOops: 1, NonImmediateOops: No
[3,094s][debug][gc,nmethod     ] Register NMethod: java.util.concurrent.atomic.Striped64.casBase (0x00007943f808e088) [0x00007943f808e180, 0x00007943f808eff0] Compiler: c1, Barriers: 0, Oops: 5, ImmediateOops: 6, NonImmediateOops: No
[3,094s][debug][gc,nmethod     ] Register NMethod: io.sirix.page.delegates.BitmapReferencesPage.index (0x00007943f808f088) [0x00007943f808f180, 0x00007943f808f6a0] Compiler: c1, Barriers: 4, Oops: 1, ImmediateOops: 0, NonImmediateOops: No
[3,094s][debug][gc,nmethod     ] Register NMethod: io.sirix.page.KeyValueLeafPage.getNumberOfNonNullEntries (0x00007943f808f708) [0x00007943f808f800, 0x00007943f808fdb0] Compiler: c1, Barriers: 2, Oops: 1, ImmediateOops: 0, NonImmediateOops: No
[3,094s][debug][gc,nmethod     ] Register NMethod: java.util.concurrent.ForkJoinPool$WorkQueue.unlockPhase (0x00007943f808fe08) [0x00007943f808ff00, 0x00007943f8090010] Compiler: c1, Barriers: 0, Oops: 0, ImmediateOops: 0, NonImmediateOops: No
[3,094s][debug][gc,nmethod     ] Register NMethod: io.sirix.page.delegates.BitmapReferencesPage.getOrCreateReference (0x00007943f8090108) [0x00007943f8090200, 0x00007943f80908a8] Compiler: c1, Barriers: 2, Oops: 1, ImmediateOops: 0, NonImmediateOops: No
[3,095s][debug][gc,nmethod     ] Register NMethod: com.github.benmanes.caffeine.cache.BoundedLocalCache.setAccessTime (0x00007943f8090908) [0x00007943f8090a00, 0x00007943f8090d28] Compiler: c1, Barriers: 0, Oops: 1, ImmediateOops: 0, NonImmediateOops: No
[3,095s][debug][gc,nmethod     ] Register NMethod: io.sirix.page.KeyValueLeafPage.getNumberOfNonNullEntries (0x00007943f8090d88) [0x00007943f8090e80, 0x00007943f80913a0] Compiler: c1, Barriers: 2, Oops: 1, ImmediateOops: 0, NonImmediateOops: No
[3,095s][debug][gc,nmethod     ] Register NMethod: jdk.internal.misc.Unsafe.putLongRelease (0x00007943f8091408) [0x00007943f8091500, 0x00007943f8091618] Compiler: c1, Barriers: 0, Oops: 0, ImmediateOops: 0, NonImmediateOops: No
[3,095s][debug][gc,nmethod     ] Register NMethod: java.nio.HeapByteBuffer.isReadOnly (0x0000794416dbee08) [0x0000794416dbef00, 0x0000794416dbefc0] Compiler: c1, Barriers: 0, Oops: 0, ImmediateOops: 0, NonImmediateOops: No
[3,095s][debug][gc,nmethod     ] Register NMethod: java.util.concurrent.ForkJoinWorkerThread.resetThreadLocals (0x00007943f8091708) [0x00007943f8091800, 0x00007943f8091cd0] Compiler: c1, Barriers: 8, Oops: 0, ImmediateOops: 0, NonImmediateOops: No
[3,095s][debug][gc,nmethod     ] Register NMethod: com.github.benmanes.caffeine.cache.SSLMW.setWindowWeightedSize (0x0000794416dbf108) [0x0000794416dbf200, 0x0000794416dbf2c0] Compiler: c1, Barriers: 0, Oops: 1, ImmediateOops: 0, NonImmediateOops: No
[3,095s][debug][gc,nmethod     ] Register NMethod: com.github.benmanes.caffeine.cache.SSLMW.setWeightedSize (0x0000794416dbf408) [0x0000794416dbf500, 0x0000794416dbf5c0] Compiler: c1, Barriers: 0, Oops: 1, ImmediateOops: 0, NonImmediateOops: No
[3,095s][debug][gc,nmethod     ] Register NMethod: java.util.concurrent.ConcurrentLinkedDeque.updateHead (0x00007943f8091d08) [0x00007943f8091e00, 0x00007943f8092500] Compiler: c1, Barriers: 6, Oops: 1, ImmediateOops: 1, NonImmediateOops: No
[3,095s][debug][gc,nmethod     ] Register NMethod: java.util.concurrent.ConcurrentLinkedDeque.updateTail (0x00007943f8092588) [0x00007943f8092680, 0x00007943f8092d80] Compiler: c1, Barriers: 6, Oops: 1, ImmediateOops: 1, NonImmediateOops: No
[3,096s][debug][gc,nmethod     ] Register NMethod: com.github.benmanes.caffeine.cache.BaseMpscLinkedArrayQueue.casProducerIndex (0x00007943f8092e08) [0x00007943f8092f00, 0x00007943f8093c30] Compiler: c1, Barriers: 0, Oops: 6, ImmediateOops: 5, NonImmediateOops: No
[3,096s][debug][gc,nmethod     ] Register NMethod: java.util.concurrent.ConcurrentLinkedDeque.skipDeletedPredecessors (0x00007943f8093c88) [0x00007943f8093d80, 0x00007943f8095ab0] Compiler: c1, Barriers: 11, Oops: 5, ImmediateOops: 11, NonImmediateOops: No
[3,096s][debug][gc,nmethod     ] Register NMethod: java.util.concurrent.ConcurrentLinkedDeque.skipDeletedSuccessors (0x00007943f8095b08) [0x00007943f8095c00, 0x00007943f8097930] Compiler: c1, Barriers: 11, Oops: 5, ImmediateOops: 11, NonImmediateOops: No
[3,096s][debug][gc,nmethod     ] Register NMethod: java.util.concurrent.ConcurrentHashMap.replaceNode (0x00007943f8097988) [0x00007943f8097a80, 0x00007943f809a070] Compiler: c1, Barriers: 18, Oops: 0, ImmediateOops: 1, NonImmediateOops: No
[3,096s][debug][gc,nmethod     ] Register NMethod: com.github.benmanes.caffeine.cache.BaseMpscLinkedArrayQueue.offer (0x00007943f809a088) [0x00007943f809a180, 0x00007943f809d490] Compiler: c1, Barriers: 4, Oops: 12, ImmediateOops: 16, NonImmediateOops: No
[3,096s][debug][gc,nmethod     ] Register NMethod: com.github.benmanes.caffeine.cache.SSLMW.mainProtectedMaximum (0x0000794416dbf708) [0x0000794416dbf800, 0x0000794416dbf8c0] Compiler: c1, Barriers: 0, Oops: 1, ImmediateOops: 0, NonImmediateOops: No
[3,096s][debug][gc,nmethod     ] Register NMethod: com.github.benmanes.caffeine.cache.SSLMW.setPreviousSampleHitRate (0x0000794416dbfa08) [0x0000794416dbfb00, 0x0000794416dbfbc0] Compiler: c1, Barriers: 0, Oops: 1, ImmediateOops: 0, NonImmediateOops: No
[3,096s][debug][gc,nmethod     ] Register NMethod: java.lang.StringBuilder.toString (0x00007943f809d508) [0x00007943f809d600, 0x00007943f809da38] Compiler: c1, Barriers: 0, Oops: 0, ImmediateOops: 1, NonImmediateOops: No
[3,096s][debug][gc,nmethod     ] Register NMethod: com.github.benmanes.caffeine.cache.SSLMW.adjustment (0x0000794416dbfd08) [0x0000794416dbfe00, 0x0000794416dbfec0] Compiler: c1, Barriers: 0, Oops: 1, ImmediateOops: 0, NonImmediateOops: No
[3,096s][debug][gc,nmethod     ] Register NMethod: com.github.benmanes.caffeine.cache.SSLSMW.mainProtectedWeightedSize (0x0000794416dc0008) [0x0000794416dc0100, 0x0000794416dc01c0] Compiler: c1, Barriers: 0, Oops: 1, ImmediateOops: 0, NonImmediateOops: No
[3,096s][debug][gc,nmethod     ] Register NMethod: com.github.benmanes.caffeine.cache.SSLMW.mainProtectedWeightedSize (0x0000794416dc0308) [0x0000794416dc0400, 0x0000794416dc04c0] Compiler: c1, Barriers: 0, Oops: 1, ImmediateOops: 0, NonImmediateOops: No
[3,097s][debug][gc,nmethod     ] Register NMethod: io.sirix.index.path.summary.PathSummaryReader.getNodeKey (0x00007943f809da88) [0x00007943f809db80, 0x00007943f809e030] Compiler: c1, Barriers: 1, Oops: 1, ImmediateOops: 1, NonImmediateOops: No
[3,097s][debug][gc,nmethod     ] Register NMethod: com.github.benmanes.caffeine.cache.BoundedLocalCache.performCleanUp (0x00007943f809e088) [0x00007943f809e180, 0x00007943f809feb0] Compiler: c1, Barriers: 8, Oops: 1, ImmediateOops: 0, NonImmediateOops: No
[3,097s][debug][gc,nmethod     ] Register NMethod: com.github.benmanes.caffeine.cache.BoundedLocalCache.drainReadBuffer (0x00007943f809ff08) [0x00007943f80a0000, 0x00007943f80a0ce8] Compiler: c1, Barriers: 3, Oops: 1, ImmediateOops: 0, NonImmediateOops: No
[3,097s][debug][gc,nmethod     ] Register NMethod: com.github.benmanes.caffeine.cache.BoundedLocalCache.drainWriteBuffer (0x00007943f80a0d08) [0x00007943f80a0e00, 0x00007943f80a25c8] Compiler: c1, Barriers: 1, Oops: 6, ImmediateOops: 6, NonImmediateOops: No
[3,097s][debug][gc,nmethod     ] Register NMethod: com.github.benmanes.caffeine.cache.BoundedLocalCache.evictFromWindow (0x00007943f80a2608) [0x00007943f80a2700, 0x00007943f80a57d8] Compiler: c1, Barriers: 1, Oops: 1, ImmediateOops: 0, NonImmediateOops: No
[3,097s][debug][gc,nmethod     ] Register NMethod: com.github.benmanes.caffeine.cache.BoundedLocalCache.scheduleAfterWrite (0x00007943f80a5808) [0x00007943f80a5900, 0x00007943f80a8ee0] Compiler: c1, Barriers: 0, Oops: 7, ImmediateOops: 17, NonImmediateOops: No
[3,097s][debug][gc,nmethod     ] Register NMethod: com.github.benmanes.caffeine.cache.BoundedLocalCache.drainKeyReferences (0x00007943f80a8f88) [0x00007943f80a9080, 0x00007943f80a93a8] Compiler: c1, Barriers: 0, Oops: 1, ImmediateOops: 0, NonImmediateOops: No
[3,097s][debug][gc,nmethod     ] Register NMethod: com.github.benmanes.caffeine.cache.BoundedLocalCache.drainValueReferences (0x00007943f80a9408) [0x00007943f80a9500, 0x00007943f80a9828] Compiler: c1, Barriers: 0, Oops: 1, ImmediateOops: 0, NonImmediateOops: No
[3,097s][debug][gc,nmethod     ] Register NMethod: com.github.benmanes.caffeine.cache.BoundedLocalCache.expireAfterWriteEntries (0x00007943f80a9888) [0x00007943f80a9980, 0x00007943f80a9ca8] Compiler: c1, Barriers: 0, Oops: 1, ImmediateOops: 0, NonImmediateOops: No
[3,097s][debug][gc,nmethod     ] Register NMethod: com.github.benmanes.caffeine.cache.BoundedLocalCache.expireAfterAccessEntries (0x00007943f80a9d08) [0x00007943f80a9e00, 0x00007943f80aa128] Compiler: c1, Barriers: 0, Oops: 1, ImmediateOops: 0, NonImmediateOops: No
[3,097s][debug][gc,nmethod     ] Register NMethod: com.github.benmanes.caffeine.cache.BoundedLocalCache.expireVariableEntries (0x00007943f80aa188) [0x00007943f80aa280, 0x00007943f80aa5a8] Compiler: c1, Barriers: 0, Oops: 1, ImmediateOops: 0, NonImmediateOops: No
[3,097s][debug][gc,nmethod     ] Register NMethod: com.github.benmanes.caffeine.cache.BoundedLocalCache.expireEntries (0x00007943f80aa608) [0x00007943f80aa700, 0x00007943f80ab560] Compiler: c1, Barriers: 0, Oops: 1, ImmediateOops: 1, NonImmediateOops: No
[3,098s][debug][gc,nmethod     ] Register NMethod: com.github.benmanes.caffeine.cache.BoundedLocalCache.evictEntries (0x00007943f80ab588) [0x00007943f80ab680, 0x00007943f80abdc8] Compiler: c1, Barriers: 0, Oops: 1, ImmediateOops: 0, NonImmediateOops: No
[3,098s][debug][gc,nmethod     ] Register NMethod: com.github.benmanes.caffeine.cache.BoundedLocalCache.climb (0x00007943f80abe08) [0x00007943f80abf00, 0x00007943f80acd00] Compiler: c1, Barriers: 0, Oops: 1, ImmediateOops: 0, NonImmediateOops: No
[3,098s][debug][gc,nmethod     ] Register NMethod: com.github.benmanes.caffeine.cache.BoundedLocalCache.determineAdjustment (0x00007943f80acd88) [0x00007943f80acea0, 0x00007943f80af740] Compiler: c1, Barriers: 1, Oops: 1, ImmediateOops: 0, NonImmediateOops: No
[3,098s][debug][gc,nmethod     ] Register NMethod: com.github.benmanes.caffeine.cache.BoundedLocalCache.demoteFromMainProtected (0x00007943f80af788) [0x00007943f80af880, 0x00007943f80b1ff0] Compiler: c1, Barriers: 1, Oops: 1, ImmediateOops: 0, NonImmediateOops: No
[3,098s][debug][gc,nmethod     ] Register NMethod: io.sirix.access.trx.page.NodePageTrx.prepareRecordForModification (0x00007943f80b2008) [0x00007943f80b2100, 0x00007943f80b3f88] Compiler: c1, Barriers: 7, Oops: 2, ImmediateOops: 4, NonImmediateOops: No
[3,099s][debug][gc,nmethod     ] Register NMethod: io.sirix.access.trx.page.NodePageTrx.createRecord (0x00007943f80b4008) [0x00007943f80b4100, 0x00007943f80ba548] Compiler: c1, Barriers: 30, Oops: 1, ImmediateOops: 6, NonImmediateOops: No
[3,099s][debug][gc,nmethod     ] Register NMethod: io.brackit.query.atomic.QNm.<init> (0x00007943f80ba588) [0x00007943f80ba680, 0x00007943f80bab28] Compiler: c1, Barriers: 9, Oops: 1, ImmediateOops: 3, NonImmediateOops: No
[3,099s][debug][gc,nmethod     ] Register NMethod: io.sirix.access.trx.node.xml.XmlNodeTrxImpl.adaptForInsert (0x00007943f80bab88) [0x00007943f80bac80, 0x00007943f80bda28] Compiler: c1, Barriers: 3, Oops: 1, ImmediateOops: 3, NonImmediateOops: No
[3,099s][debug][gc,nmethod     ] Register NMethod: io.sirix.index.path.summary.PathSummaryReader.putMapping (0x00007943f80bda88) [0x00007943f80bdb80, 0x00007943f80be5b8] Compiler: c1, Barriers: 9, Oops: 1, ImmediateOops: 0, NonImmediateOops: No
[3,099s][debug][gc,nmethod     ] Register NMethod: it.unimi.dsi.fastutil.ints.Int2LongOpenHashMap.insert (0x00007943f80be608) [0x00007943f80be700, 0x00007943f80be9b0] Compiler: c1, Barriers: 2, Oops: 1, ImmediateOops: 0, NonImmediateOops: No
[3,099s][debug][gc,nmethod     ] Register NMethod: io.sirix.access.trx.page.NodePageTrx.prepareRecordPage (0x00007943f80bea08) [0x00007943f80beb00, 0x00007943f80c10a8] Compiler: c1, Barriers: 38, Oops: 4, ImmediateOops: 3, NonImmediateOops: No
[3,099s][debug][gc,nmethod     ] Register NMethod: com.github.benmanes.caffeine.cache.BoundedLocalCache.maintenance (0x00007943f80c1108) [0x00007943f80c1200, 0x00007943f80c9d68] Compiler: c1, Barriers: 3, Oops: 9, ImmediateOops: 40, NonImmediateOops: No
[3,099s][debug][gc,nmethod     ] Register NMethod: com.github.benmanes.caffeine.cache.BoundedLocalCache.rescheduleCleanUpIfIncomplete (0x00007943f80c9e08) [0x00007943f80c9f00, 0x00007943f80cb4d0] Compiler: c1, Barriers: 1, Oops: 6, ImmediateOops: 7, NonImmediateOops: No
[3,100s][debug][gc,nmethod     ] Register NMethod: io.sirix.node.xml.AbstractStructForwardingNode.setLeftSiblingKey (0x00007943f80cb508) [0x00007943f80cb600, 0x00007943f80cb940] Compiler: c1, Barriers: 0, Oops: 1, ImmediateOops: 0, NonImmediateOops: No
[3,100s][debug][gc,nmethod     ] Register NMethod: java.util.concurrent.locks.ReentrantLock.lock (0x00007943f80cb988) [0x00007943f80cba80, 0x00007943f80cc250] Compiler: c1, Barriers: 1, Oops: 0, ImmediateOops: 0, NonImmediateOops: No
[3,100s][debug][gc,nmethod     ] Register NMethod: com.github.benmanes.caffeine.cache.SSLSMW.setWeightedSize (0x0000794416dc0608) [0x0000794416dc0700, 0x0000794416dc07c0] Compiler: c1, Barriers: 0, Oops: 1, ImmediateOops: 0, NonImmediateOops: No
[3,100s][debug][gc,nmethod     ] Register NMethod: it.unimi.dsi.fastutil.ints.Int2IntOpenHashMap.insert (0x00007943f80cc288) [0x00007943f80cc380, 0x00007943f80cc630] Compiler: c1, Barriers: 2, Oops: 1, ImmediateOops: 0, NonImmediateOops: No
[3,100s][debug][gc,nmethod     ] Register NMethod: com.sun.org.apache.xerces.internal.impl.XMLNSDocumentScannerImpl.next (0x00007943f80cc688) [0x00007943f80cc780, 0x00007943f80ccc50] Compiler: c1, Barriers: 2, Oops: 0, ImmediateOops: 0, NonImmediateOops: No
[3,100s][debug][gc,nmethod     ] Register NMethod: io.brackit.query.node.parser.SAX2SubtreeHandlerAdapter.characters (0x00007943f80ccc88) [0x00007943f80ccd80, 0x00007943f80cd090] Compiler: c1, Barriers: 1, Oops: 1, ImmediateOops: 0, NonImmediateOops: No
[3,100s][debug][gc,nmethod     ] Register NMethod: it.unimi.dsi.fastutil.ints.Int2LongOpenHashMap.get (0x00007943f80cd108) [0x00007943f80cd200, 0x00007943f80cd750] Compiler: c1, Barriers: 4, Oops: 1, ImmediateOops: 0, NonImmediateOops: No
[3,100s][debug][gc,nmethod     ] Register NMethod: io.sirix.access.trx.node.xml.XmlNodeReadOnlyTrxImpl.getNode (0x00007943f80cd788) [0x00007943f80cd880, 0x00007943f80cdb78] Compiler: c1, Barriers: 0, Oops: 1, ImmediateOops: 0, NonImmediateOops: No
[3,100s][debug][gc,nmethod     ] Register NMethod: io.brackit.query.node.parser.SAX2SubtreeHandlerAdapter$TrimmingStringBuilder.append (0x00007943f80cdb88) [0x00007943f80cdc80, 0x00007943f80ce110] Compiler: c1, Barriers: 5, Oops: 1, ImmediateOops: 0, NonImmediateOops: No
[3,100s][debug][gc,nmethod     ] Register NMethod: com.sun.org.apache.xerces.internal.impl.XMLEntityScanner.scanChar (0x00007943f80ce188) [0x00007943f80ce280, 0x00007943f80ceca8] Compiler: c1, Barriers: 8, Oops: 0, ImmediateOops: 0, NonImmediateOops: No
[3,100s][debug][gc,nmethod     ] Register NMethod: com.github.benmanes.caffeine.cache.BoundedLocalCache.evictFromMain (0x00007943f80ced08) [0x00007943f80cee00, 0x00007943f80da648] Compiler: c1, Barriers: 8, Oops: 8, ImmediateOops: 46, NonImmediateOops: No
[3,100s][debug][gc,nmethod     ] Register NMethod: io.sirix.access.trx.node.xml.XmlNodeReadOnlyTrxImpl.getNode (0x00007943f80da708) [0x00007943f80da800, 0x00007943f80dcd80] Compiler: c1, Barriers: 7, Oops: 2, ImmediateOops: 3, NonImmediateOops: No
[3,101s][debug][gc,nmethod     ] Register NMethod: io.sirix.access.trx.node.AbstractNodeHashing.rollingAdd (0x00007943f80dce08) [0x00007943f80dcf00, 0x00007943f80e2200] Compiler: c1, Barriers: 15, Oops: 1, ImmediateOops: 2, NonImmediateOops: No
[3,101s][debug][gc,nmethod     ] Register NMethod: io.brackit.query.node.parser.SAX2SubtreeHandlerAdapter.handleText (0x00007943f80e2288) [0x00007943f80e2380, 0x00007943f80e3220] Compiler: c1, Barriers: 11, Oops: 1, ImmediateOops: 2, NonImmediateOops: No
[3,101s][debug][gc,nmethod     ] Register NMethod: com.sun.org.apache.xerces.internal.parsers.AbstractSAXParser.characters (0x00007943f80e3288) [0x00007943f80e3380, 0x00007943f80e3928] Compiler: c1, Barriers: 4, Oops: 0, ImmediateOops: 0, NonImmediateOops: No
[3,102s][debug][gc,director    ] Rule Major: Warmup 10%, Used: 494MB, UsedThreshold: 1228MB
[3,102s][debug][gc,nmethod     ] Register NMethod: com.sun.org.apache.xerces.internal.impl.XMLEntityScanner.skipSpaces (0x00007943f80e3988) [0x00007943f80e3a80, 0x00007943f80e4d00] Compiler: c1, Barriers: 16, Oops: 0, ImmediateOops: 2, NonImmediateOops: No
[3,102s][debug][gc,nmethod     ] Register NMethod: io.sirix.index.path.summary.PathSummaryWriter.getPathNodeKey (0x00007943f80e4d08) [0x00007943f80e4e00, 0x00007943f80e8c60] Compiler: c1, Barriers: 25, Oops: 1, ImmediateOops: 8, NonImmediateOops: No
[3,102s][debug][gc,nmethod     ] Register NMethod: io.sirix.access.trx.page.NodePageTrx.createNameKey (0x00007943f80e8c88) [0x00007943f80e8d80, 0x00007943f80ea7b8] Compiler: c1, Barriers: 7, Oops: 1, ImmediateOops: 3, NonImmediateOops: No
[3,102s][debug][gc,nmethod     ] Register NMethod: it.unimi.dsi.fastutil.ints.Int2ObjectOpenHashMap.get (0x00007943f80ea808) [0x00007943f80ea900, 0x00007943f80eaf70] Compiler: c1, Barriers: 10, Oops: 1, ImmediateOops: 0, NonImmediateOops: No
[3,102s][debug][gc,nmethod     ] Register NMethod: io.sirix.page.NamePage.setName (0x00007943f80eaf88) [0x00007943f80eb080, 0x00007943f80ec640] Compiler: c1, Barriers: 25, Oops: 1, ImmediateOops: 2, NonImmediateOops: No
[3,102s][debug][gc,nmethod     ] Register NMethod: io.sirix.node.xml.ElementNode.hasLeftSibling (0x00007943f80ec688) [0x00007943f80ec780, 0x00007943f80f1bb8] Compiler: c1, Barriers: 19, Oops: 7, ImmediateOops: 12, NonImmediateOops: No
[3,102s][debug][gc,nmethod     ] Register NMethod: jdk.internal.loader.URLClassPath$FileLoader.getResource (0x0000794416dc0908) [0x0000794416dc0a00, 0x0000794416dc1820] Compiler: jvmci, Barriers: 15, Oops: 1, ImmediateOops: 3, NonImmediateOops: No
[3,103s][debug][gc,nmethod     ] Register NMethod: com.sun.org.apache.xerces.internal.impl.XMLEntityScanner.skipString (0x00007943f80f1c08) [0x00007943f80f1d00, 0x00007943f80f2e20] Compiler: c1, Barriers: 6, Oops: 1, ImmediateOops: 2, NonImmediateOops: No
[3,103s][debug][gc,nmethod     ] Register NMethod: io.sirix.index.name.Names.setName (0x00007943f80f2e88) [0x00007943f80f2f80, 0x00007943f80f5170] Compiler: c1, Barriers: 12, Oops: 2, ImmediateOops: 4, NonImmediateOops: No
[3,108s][debug][gc,nmethod     ] Register NMethod: io.sirix.node.NodeSerializerImpl.deserializeDeweyID (0x0000794416dc1888) [0x0000794416dc1980, 0x0000794416dc2a90] Compiler: jvmci, Barriers: 6, Oops: 2, ImmediateOops: 0, NonImmediateOops: No
[3,110s][debug][gc,nmethod     ] Register NMethod: io.sirix.access.trx.page.NodePageReadOnlyTrx.getValue (0x0000794416dc2b08) [0x0000794416dc2c00, 0x0000794416dc3520] Compiler: jvmci, Barriers: 13, Oops: 2, ImmediateOops: 1, NonImmediateOops: No
[3,112s][debug][gc,nmethod     ] Register NMethod: io.sirix.access.trx.page.NodePageTrx.getMostRecentPageContainer (0x0000794416dc3588) [0x0000794416dc3680, 0x0000794416dc3a88] Compiler: jvmci, Barriers: 9, Oops: 1, ImmediateOops: 1, NonImmediateOops: No
[3,112s][debug][gc,director    ] Rule Major: Warmup 10%, Used: 496MB, UsedThreshold: 1228MB
[3,118s][debug][gc,nmethod     ] Register NMethod: io.sirix.access.trx.node.AbstractNodeReadOnlyTrx.moveTo (0x0000794416dc3b08) [0x0000794416dc3c00, 0x0000794416dc4b50] Compiler: jvmci, Barriers: 32, Oops: 4, ImmediateOops: 1, NonImmediateOops: No
[3,121s][debug][gc,nmethod     ] Register NMethod: io.sirix.access.trx.page.NodePageTrx.prepareRecordForModification (0x0000794416dc4b88) [0x0000794416dc4c80, 0x0000794416dc60e8] Compiler: jvmci, Barriers: 45, Oops: 3, ImmediateOops: 2, NonImmediateOops: No
[3,122s][debug][gc,director    ] Rule Major: Warmup 10%, Used: 498MB, UsedThreshold: 1228MB
[3,125s][debug][gc,nmethod     ] Register NMethod: io.sirix.access.trx.page.NodePageTrx.prepareRecordPage (0x0000794416dc6108) [0x0000794416dc6200, 0x0000794416dc6ee8] Compiler: jvmci, Barriers: 35, Oops: 3, ImmediateOops: 1, NonImmediateOops: No
[3,130s][debug][gc,nmethod     ] Register NMethod: io.sirix.access.trx.page.NodePageTrx.getRecord (0x0000794416dc6f08) [0x0000794416dc7000, 0x0000794416dc7f00] Compiler: jvmci, Barriers: 27, Oops: 3, ImmediateOops: 2, NonImmediateOops: No
[3,131s][debug][gc,nmethod     ] Register NMethod: io.sirix.access.trx.page.NodePageTrx.getPageContainer (0x0000794416dc7f88) [0x0000794416dc8080, 0x0000794416dc8738] Compiler: jvmci, Barriers: 17, Oops: 3, ImmediateOops: 1, NonImmediateOops: No
[3,132s][debug][gc,director    ] Rule Major: Warmup 10%, Used: 502MB, UsedThreshold: 1228MB
[3,132s][debug][gc,nmethod     ] Register NMethod: io.sirix.index.path.summary.PathSummaryReader.getNodeKey (0x0000794416dc8788) [0x0000794416dc8880, 0x0000794416dc8a40] Compiler: jvmci, Barriers: 2, Oops: 1, ImmediateOops: 0, NonImmediateOops: No
[3,137s][debug][gc,nmethod     ] Register NMethod: io.sirix.axis.AbstractAxis.hasNext (0x0000794416dc8a88) [0x0000794416dc8b80, 0x0000794416dc98d8] Compiler: jvmci, Barriers: 25, Oops: 1, ImmediateOops: 3, NonImmediateOops: No
[3,138s][debug][gc,nmethod     ] Register NMethod: java.io.BufferedReader.ensureOpen (0x00007943f80f5188) [0x00007943f80f5280, 0x00007943f80f5478] Compiler: c1, Barriers: 1, Oops: 0, ImmediateOops: 1, NonImmediateOops: No
[3,141s][debug][gc,nmethod     ] Register NMethod: it.unimi.dsi.fastutil.ints.Int2LongOpenHashMap.getOrDefault (0x00007943f80f5488) [0x00007943f80f5580, 0x00007943f80f5988] Compiler: c1, Barriers: 4, Oops: 1, ImmediateOops: 0, NonImmediateOops: No
[3,142s][debug][gc,director    ] Rule Major: Warmup 10%, Used: 506MB, UsedThreshold: 1228MB
[3,149s][debug][gc,nmethod     ] Register NMethod: com.sun.org.apache.xerces.internal.impl.XMLNSDocumentScannerImpl.scanStartElement (0x0000794416dc9908) [0x0000794416dc9a00, 0x0000794416dcba10] Compiler: jvmci, Barriers: 76, Oops: 1, ImmediateOops: 4, NonImmediateOops: No
[3,152s][debug][gc,director    ] Rule Major: Warmup 10%, Used: 510MB, UsedThreshold: 1228MB
[3,153s][debug][gc,nmethod     ] Register NMethod: io.sirix.index.path.summary.PathSummaryReader.moveTo (0x0000794416dcba88) [0x0000794416dcbb80, 0x0000794416dcbfd0] Compiler: jvmci, Barriers: 10, Oops: 1, ImmediateOops: 1, NonImmediateOops: No
[3,159s][debug][gc,nmethod     ] Register NMethod: io.sirix.axis.AbstractAxis.nextLong (0x0000794416dcc008) [0x0000794416dcc100, 0x0000794416dcca90] Compiler: jvmci, Barriers: 19, Oops: 1, ImmediateOops: 3, NonImmediateOops: No
[3,162s][debug][gc,director    ] Rule Major: Warmup 10%, Used: 514MB, UsedThreshold: 1228MB
[3,164s][debug][gc,alloc       ] Mutator Allocation Rate: 279,6MB/s Predicted: 337,3MB/s, Avg: 249,0(+/-53,8)MB/s
[3,164s][debug][gc,director    ] Rule Major: Warmup 10%, Used: 516MB, UsedThreshold: 1228MB
[3,165s][debug][gc,nmethod     ] Register NMethod: java.nio.Buffer.discardMark (0x00007943f80f5a08) [0x00007943f80f5b00, 0x00007943f80f5c00] Compiler: c1, Barriers: 0, Oops: 0, ImmediateOops: 0, NonImmediateOops: No
[3,167s][debug][gc,nmethod     ] Register NMethod: com.sun.org.apache.xerces.internal.impl.XMLDocumentFragmentScannerImpl$FragmentContentDriver.next (0x0000794416dccb08) [0x0000794416dccc00, 0x0000794416dce9b8] Compiler: jvmci, Barriers: 44, Oops: 1, ImmediateOops: 1, NonImmediateOops: No
[3,171s][debug][gc,nmethod     ] Register NMethod: com.sun.org.apache.xerces.internal.impl.XMLNSDocumentScannerImpl.next (0x0000794416dcea08) [0x0000794416dceb00, 0x0000794416dced60] Compiler: jvmci, Barriers: 3, Oops: 0, ImmediateOops: 0, NonImmediateOops: No
[3,175s][debug][gc,director    ] Rule Major: Warmup 10%, Used: 520MB, UsedThreshold: 1228MB
[3,175s][debug][gc,nmethod     ] Register NMethod: io.sirix.page.PageKind$1.serializePage (0x0000794416dced88) [0x0000794416dcee80, 0x0000794416dd32c8] Compiler: jvmci, Barriers: 86, Oops: 13, ImmediateOops: 8, NonImmediateOops: No
[3,177s][debug][gc,nmethod     ] Register NMethod: com.sun.org.apache.xerces.internal.parsers.AbstractSAXParser.startElement (0x0000794416dd3388) [0x0000794416dd3480, 0x0000794416dd3e30] Compiler: jvmci, Barriers: 34, Oops: 1, ImmediateOops: 2, NonImmediateOops: No
[3,178s][debug][gc,nmethod     ] Register NMethod: io.sirix.access.trx.node.AbstractNodeReadOnlyTrx.assertNotClosed (0x0000794416dd3e88) [0x0000794416dd3f80, 0x0000794416dd4040] Compiler: jvmci, Barriers: 0, Oops: 1, ImmediateOops: 0, NonImmediateOops: No
[3,181s][debug][gc,nmethod     ] Register NMethod: java.util.concurrent.locks.ReentrantLock.lock (0x0000794416dd4188) [0x0000794416dd4280, 0x0000794416dd4618] Compiler: jvmci, Barriers: 10, Oops: 0, ImmediateOops: 0, NonImmediateOops: No
[3,183s][debug][gc,nmethod     ] Register NMethod: io.sirix.access.trx.node.xml.XmlNodeHashing.getCurrentNode (0x0000794416dd4688) [0x0000794416dd4780, 0x0000794416dd49a0] Compiler: jvmci, Barriers: 2, Oops: 1, ImmediateOops: 0, NonImmediateOops: No
[3,185s][debug][gc,director    ] Rule Major: Warmup 10%, Used: 524MB, UsedThreshold: 1228MB
[3,191s][debug][gc,nmethod     ] Register NMethod: io.brackit.query.node.parser.SAX2SubtreeHandlerAdapter.startElement (0x0000794416dd4a08) [0x0000794416dd4b00, 0x0000794416dd61d0] Compiler: jvmci, Barriers: 42, Oops: 5, ImmediateOops: 1, NonImmediateOops: No
[3,193s][debug][gc,nmethod     ] Register NMethod: java.io.InputStreamReader.read (0x00007943f80f5d08) [0x00007943f80f5e00, 0x00007943f80f5f60] Compiler: c1, Barriers: 1, Oops: 0, ImmediateOops: 0, NonImmediateOops: No
[3,194s][debug][gc,nmethod     ] Register NMethod: java.nio.HeapByteBuffer.compact (0x00007943f80f6008) [0x00007943f80f6100, 0x00007943f80f6370] Compiler: c1, Barriers: 1, Oops: 0, ImmediateOops: 0, NonImmediateOops: No
[3,194s][debug][gc,nmethod     ] Register NMethod: sun.nio.cs.StreamDecoder.implRead (0x00007943f80f6388) [0x00007943f80f6480, 0x00007943f80f6a80] Compiler: c1, Barriers: 4, Oops: 0, ImmediateOops: 0, NonImmediateOops: No
[3,194s][debug][gc,nmethod     ] Register NMethod: sun.nio.cs.StreamDecoder.readBytes (0x00007943f80f6a88) [0x00007943f80f6b80, 0x00007943f80f74f8] Compiler: c1, Barriers: 12, Oops: 0, ImmediateOops: 1, NonImmediateOops: No
[3,194s][debug][gc,nmethod     ] Register NMethod: sun.nio.cs.StreamDecoder.read (0x00007943f80f7508) [0x00007943f80f7600, 0x00007943f80f7ef8] Compiler: c1, Barriers: 2, Oops: 0, ImmediateOops: 1, NonImmediateOops: No
[3,195s][debug][gc,nmethod     ] Register NMethod: io.sirix.axis.AbstractAxis.<init> (0x0000794416dd6208) [0x0000794416dd6300, 0x0000794416dd6a70] Compiler: jvmci, Barriers: 22, Oops: 1, ImmediateOops: 2, NonImmediateOops: No
[3,195s][debug][gc,director    ] Rule Major: Warmup 10%, Used: 528MB, UsedThreshold: 1228MB
[3,196s][debug][gc,nmethod     ] Register NMethod: java.io.FileInputStream.available (0x00007943f80f7f08) [0x00007943f80f8000, 0x00007943f80f8118] Compiler: c1, Barriers: 0, Oops: 0, ImmediateOops: 0, NonImmediateOops: No
[3,205s][debug][gc,director    ] Rule Major: Warmup 10%, Used: 534MB, UsedThreshold: 1228MB
[3,209s][debug][gc,nmethod     ] Register NMethod: com.sun.org.apache.xerces.internal.impl.XMLEntityScanner.scanLiteral (0x0000794416dd6a88) [0x0000794416dd6b80, 0x0000794416dd7a20] Compiler: jvmci, Barriers: 10, Oops: 0, ImmediateOops: 1, NonImmediateOops: No
[3,214s][debug][gc,nmethod     ] Register NMethod: io.sirix.access.trx.node.xml.XmlNodeTrxImpl.adaptForInsert (0x0000794416dd7a88) [0x0000794416dd7b80, 0x0000794416ddac90] Compiler: jvmci, Barriers: 60, Oops: 2, ImmediateOops: 1, NonImmediateOops: No
[3,215s][debug][gc,director    ] Rule Major: Warmup 10%, Used: 538MB, UsedThreshold: 1228MB
[3,215s][debug][gc,nmethod     ] Register NMethod: io.sirix.page.NamePage.incrementAndGetMaxNodeKey (0x00007943f80f8208) [0x00007943f80f8300, 0x00007943f80f8550] Compiler: c1, Barriers: 2, Oops: 1, ImmediateOops: 0, NonImmediateOops: No
[3,215s][debug][gc,nmethod     ] Register NMethod: it.unimi.dsi.fastutil.ints.Int2ObjectOpenHashMap.find (0x00007943f80f8588) [0x00007943f80f8680, 0x00007943f80f89a0] Compiler: c1, Barriers: 1, Oops: 1, ImmediateOops: 0, NonImmediateOops: No
[3,216s][debug][gc,nmethod     ] Register NMethod: it.unimi.dsi.fastutil.ints.Int2ObjectOpenHashMap.insert (0x00007943f80f8a08) [0x00007943f80f8b00, 0x00007943f80f8e00] Compiler: c1, Barriers: 5, Oops: 1, ImmediateOops: 0, NonImmediateOops: No
[3,222s][debug][gc,nmethod     ] Register NMethod: io.sirix.page.KeyValueLeafPage.<init> (0x00007943f80f8e88) [0x00007943f80f8f80, 0x00007943f80f9b98] Compiler: c1, Barriers: 41, Oops: 1, ImmediateOops: 2, NonImmediateOops: No
[3,225s][debug][gc,director    ] Rule Major: Warmup 10%, Used: 542MB, UsedThreshold: 1228MB
[3,229s][debug][gc,nmethod     ] Register NMethod: io.sirix.access.trx.node.AbstractNodeReadOnlyTrx.moveToParent (0x0000794416ddad08) [0x0000794416ddae00, 0x0000794416ddc388] Compiler: jvmci, Barriers: 42, Oops: 4, ImmediateOops: 1, NonImmediateOops: No
[3,234s][debug][gc,nmethod     ] Register NMethod: com.sun.org.apache.xerces.internal.impl.XMLDocumentFragmentScannerImpl.refresh (0x00007943f80f9c08) [0x00007943f80f9d00, 0x00007943f80fa068] Compiler: c1, Barriers: 5, Oops: 0, ImmediateOops: 0, NonImmediateOops: No
[3,234s][debug][gc,nmethod     ] Register NMethod: com.sun.org.apache.xerces.internal.impl.XMLDocumentScannerImpl.refresh (0x00007943f80fa088) [0x00007943f80fa180, 0x00007943f80fa690] Compiler: c1, Barriers: 9, Oops: 0, ImmediateOops: 0, NonImmediateOops: No
[3,235s][debug][gc,director    ] Rule Major: Warmup 10%, Used: 546MB, UsedThreshold: 1228MB
[3,237s][debug][gc,nmethod     ] Register NMethod: com.sun.org.apache.xerces.internal.parsers.AbstractSAXParser.characters (0x0000794416ddc408) [0x0000794416ddc500, 0x0000794416ddcca0] Compiler: jvmci, Barriers: 8, Oops: 1, ImmediateOops: 0, NonImmediateOops: No
[3,246s][debug][gc,director    ] Rule Major: Warmup 10%, Used: 552MB, UsedThreshold: 1228MB
[3,246s][debug][gc,nmethod     ] Register NMethod: io.brackit.query.node.parser.SAX2SubtreeHandlerAdapter.characters (0x0000794416ddcd08) [0x0000794416ddce00, 0x0000794416ddd498] Compiler: jvmci, Barriers: 5, Oops: 1, ImmediateOops: 0, NonImmediateOops: No
[3,250s][debug][gc,nmethod     ] Register NMethod: com.sun.org.apache.xerces.internal.impl.XMLEntityScanner.invokeListeners (0x00007943f80fa708) [0x00007943f80fa800, 0x00007943f80faaf8] Compiler: c1, Barriers: 3, Oops: 0, ImmediateOops: 0, NonImmediateOops: No
[3,252s][debug][gc,nmethod     ] Register NMethod: io.sirix.axis.filter.FilterAxis.nextKey (0x0000794416ddd508) [0x0000794416ddd600, 0x0000794416de0358] Compiler: jvmci, Barriers: 98, Oops: 2, ImmediateOops: 6, NonImmediateOops: No
[3,256s][debug][gc,director    ] Rule Major: Warmup 10%, Used: 556MB, UsedThreshold: 1228MB
[3,258s][debug][gc,nmethod     ] Register NMethod: java.util.BitSet.and (0x0000794416de0388) [0x0000794416de04c0, 0x0000794416de0a78] Compiler: jvmci, Barriers: 2, Oops: 0, ImmediateOops: 0, NonImmediateOops: No
[3,260s][debug][gc,nmethod     ] Register NMethod: it.unimi.dsi.fastutil.ints.Int2LongOpenHashMap.get (0x0000794416de0a88) [0x0000794416de0b80, 0x0000794416de0ed0] Compiler: jvmci, Barriers: 2, Oops: 1, ImmediateOops: 0, NonImmediateOops: No
[3,262s][debug][gc,nmethod     ] Register NMethod: it.unimi.dsi.fastutil.ints.Int2ObjectOpenHashMap.get (0x0000794416de0f08) [0x0000794416de1000, 0x0000794416de1468] Compiler: jvmci, Barriers: 8, Oops: 1, ImmediateOops: 0, NonImmediateOops: No
[3,264s][debug][gc,nmethod     ] Register NMethod: org.magicwerk.brownies.collections.GapList.get (0x0000794416de1488) [0x0000794416de1580, 0x0000794416de1780] Compiler: jvmci, Barriers: 3, Oops: 1, ImmediateOops: 0, NonImmediateOops: No
[3,264s][debug][gc,nmethod     ] Register NMethod: java.io.BufferedReader.read (0x00007943f80fab08) [0x00007943f80fac00, 0x00007943f80fb328] Compiler: c1, Barriers: 3, Oops: 0, ImmediateOops: 1, NonImmediateOops: No
[3,266s][debug][gc,nmethod     ] Register NMethod: org.magicwerk.brownies.collections.GapList.doGet (0x0000794416de1808) [0x0000794416de1900, 0x0000794416de1b00] Compiler: jvmci, Barriers: 3, Oops: 1, ImmediateOops: 0, NonImmediateOops: No
[3,266s][debug][gc,director    ] Rule Major: Warmup 10%, Used: 560MB, UsedThreshold: 1228MB
[3,266s][debug][gc,nmethod     ] Register NMethod: com.sun.org.apache.xerces.internal.impl.XMLEntityScanner.skipString (0x0000794416de1b88) [0x0000794416de1c80, 0x0000794416de28e8] Compiler: jvmci, Barriers: 9, Oops: 0, ImmediateOops: 0, NonImmediateOops: No
[3,268s][debug][gc,nmethod     ] Register NMethod: java.io.BufferedReader.fill (0x00007943f80fb388) [0x00007943f80fb480, 0x00007943f80fb9a8] Compiler: c1, Barriers: 6, Oops: 0, ImmediateOops: 0, NonImmediateOops: No
[3,268s][debug][gc,nmethod     ] Register NMethod: com.sun.org.apache.xerces.internal.impl.XMLEntityScanner.load (0x00007943f80fba08) [0x00007943f80fbb00, 0x00007943f80fbf48] Compiler: c1, Barriers: 7, Oops: 0, ImmediateOops: 1, NonImmediateOops: No
[3,272s][debug][gc,nmethod     ] Register NMethod: java.io.InputStreamReader.ready (0x00007943f80fbf88) [0x00007943f80fc080, 0x00007943f80fc1e0] Compiler: c1, Barriers: 1, Oops: 0, ImmediateOops: 0, NonImmediateOops: No
[3,272s][debug][gc,nmethod     ] Register NMethod: sun.nio.cs.StreamDecoder.ready (0x00007943f80fc288) [0x00007943f80fc380, 0x00007943f80fc7b8] Compiler: c1, Barriers: 2, Oops: 0, ImmediateOops: 1, NonImmediateOops: No
[3,276s][debug][gc,director    ] Rule Major: Warmup 10%, Used: 566MB, UsedThreshold: 1228MB
[3,279s][debug][gc,nmethod     ] Register NMethod: io.sirix.page.delegates.BitmapReferencesPage.index (0x0000794416de2908) [0x0000794416de2a00, 0x0000794416de2fb8] Compiler: jvmci, Barriers: 2, Oops: 2, ImmediateOops: 0, NonImmediateOops: No
[3,285s][debug][gc,nmethod     ] Register NMethod: io.sirix.page.delegates.BitmapReferencesPage.getOrCreateReference (0x0000794416de3008) [0x0000794416de3100, 0x0000794416de3958] Compiler: jvmci, Barriers: 6, Oops: 2, ImmediateOops: 0, NonImmediateOops: No
[3,285s][debug][gc,nmethod     ] Register NMethod: com.sun.org.apache.xerces.internal.impl.XMLEntityScanner.skipSpaces (0x0000794416de3988) [0x0000794416de3a80, 0x0000794416de4170] Compiler: jvmci, Barriers: 8, Oops: 0, ImmediateOops: 1, NonImmediateOops: No
[3,286s][debug][gc,director    ] Rule Major: Warmup 10%, Used: 570MB, UsedThreshold: 1228MB
[3,296s][debug][gc,director    ] Rule Major: Warmup 10%, Used: 574MB, UsedThreshold: 1228MB
[3,303s][debug][gc,nmethod     ] Register NMethod: io.brackit.query.node.parser.SAX2SubtreeHandlerAdapter.handleText (0x0000794416de4188) [0x0000794416de4280, 0x0000794416de5a80] Compiler: jvmci, Barriers: 28, Oops: 3, ImmediateOops: 3, NonImmediateOops: No
[3,307s][debug][gc,director    ] Rule Major: Warmup 10%, Used: 578MB, UsedThreshold: 1228MB
[3,307s][debug][gc,nmethod     ] Register NMethod: java.io.FileDescriptor.unregisterCleanup (0x00007943f80fc808) [0x00007943f80fc900, 0x00007943f80fcc40] Compiler: c1, Barriers: 4, Oops: 0, ImmediateOops: 0, NonImmediateOops: No
[3,307s][debug][gc,nmethod     ] Register NMethod: java.io.FileDescriptor.close (0x00007943f80fcc88) [0x00007943f80fcd80, 0x00007943f80fd248] Compiler: c1, Barriers: 4, Oops: 0, ImmediateOops: 0, NonImmediateOops: No
[3,308s][debug][gc,nmethod     ] Register NMethod: io.sirix.access.trx.page.NodePageTrx.createNameKey (0x0000794416de5b08) [0x0000794416de5c00, 0x0000794416de63c8] Compiler: jvmci, Barriers: 19, Oops: 1, ImmediateOops: 0, NonImmediateOops: No
[3,310s][debug][gc,nmethod     ] Register NMethod: io.sirix.page.KeyValueLeafPage.addReferences (0x00007943f80fd288) [0x00007943f80fd380, 0x00007943f80fe4a0] Compiler: c1, Barriers: 6, Oops: 1, ImmediateOops: 0, NonImmediateOops: No
[3,310s][debug][gc,nmethod     ] Register NMethod: io.sirix.node.HashCountEntryNode.getDeweyID (0x0000794416de6408) [0x0000794416de6500, 0x0000794416de65c8] Compiler: c1, Barriers: 0, Oops: 1, ImmediateOops: 0, NonImmediateOops: No
[3,310s][debug][gc,nmethod     ] Register NMethod: io.sirix.node.HashEntryNode.getDeweyID (0x0000794416de6708) [0x0000794416de6800, 0x0000794416de68c8] Compiler: c1, Barriers: 0, Oops: 1, ImmediateOops: 0, NonImmediateOops: No
[3,311s][debug][gc,nmethod     ] Register NMethod: io.sirix.node.HashEntryNode.getKind (0x00007943f80fe508) [0x00007943f80fe600, 0x00007943f80fe708] Compiler: c1, Barriers: 0, Oops: 1, ImmediateOops: 1, NonImmediateOops: No
[3,311s][debug][gc,nmethod     ] Register NMethod: io.sirix.node.HashEntryNode.getKind (0x00007943f80fe808) [0x00007943f80fe900, 0x00007943f80fea08] Compiler: c1, Barriers: 0, Oops: 1, ImmediateOops: 1, NonImmediateOops: No
[3,312s][debug][gc,nmethod     ] Register NMethod: jdk.internal.foreign.AbstractMemorySegmentImpl.set (0x00007943f80feb08) [0x00007943f80fec00, 0x00007943f81000d8] Compiler: c1, Barriers: 42, Oops: 3, ImmediateOops: 16, NonImmediateOops: No
[3,313s][debug][gc,nmethod     ] Register NMethod: io.sirix.page.NamePage.setName (0x0000794416de6a08) [0x0000794416de6b00, 0x0000794416de71b8] Compiler: jvmci, Barriers: 16, Oops: 1, ImmediateOops: 0, NonImmediateOops: No
[3,313s][debug][gc,nmethod     ] Register NMethod: java.lang.invoke.VarHandleSegmentAsShorts.set (0x00007943f8100108) [0x00007943f8100200, 0x00007943f8101290] Compiler: c1, Barriers: 24, Oops: 2, ImmediateOops: 6, NonImmediateOops: No
[3,320s][debug][gc,director    ] Rule Major: Warmup 10%, Used: 582MB, UsedThreshold: 1228MB
[3,322s][debug][gc,nmethod     ] Register NMethod: io.sirix.axis.filter.FilterAxis.<init> (0x0000794416de7208) [0x0000794416de7300, 0x0000794416de8e38] Compiler: jvmci, Barriers: 63, Oops: 1, ImmediateOops: 3, NonImmediateOops: No
[3,324s][debug][gc,nmethod     ] Register NMethod: io.brackit.query.atomic.QNm.<init> (0x0000794416de8e88) [0x0000794416de8f80, 0x0000794416de9220] Compiler: jvmci, Barriers: 12, Oops: 1, ImmediateOops: 2, NonImmediateOops: No
[3,331s][debug][gc,director    ] Rule Major: Warmup 10%, Used: 588MB, UsedThreshold: 1228MB
[3,332s][debug][gc,nmethod     ] Register NMethod: io.sirix.page.KeyValueLeafPage.resizeMemorySegment (0x00007943f8101308) [0x00007943f8101400, 0x00007943f8112470] Compiler: c1, Barriers: 47, Oops: 5, ImmediateOops: 41, NonImmediateOops: No
[3,333s][debug][gc,nmethod     ] Register NMethod: java.lang.invoke.VarHandleSegmentAsShorts.set (0x00007943f8112508) [0x00007943f8112600, 0x00007943f8113650] Compiler: c1, Barriers: 24, Oops: 2, ImmediateOops: 6, NonImmediateOops: No
[3,334s][debug][gc,nmethod     ] Register NMethod: java.util.stream.Node.getChildCount (0x0000794416de9288) [0x0000794416de9380, 0x0000794416de9440] Compiler: c1, Barriers: 0, Oops: 0, ImmediateOops: 0, NonImmediateOops: No
[3,337s][debug][gc,nmethod     ] Register NMethod: io.sirix.page.KeyValueLeafPage.processEntries (0x00007943f8113688) [0x00007943f8113780, 0x00007943f8127c68] Compiler: c1, Barriers: 62, Oops: 5, ImmediateOops: 41, NonImmediateOops: No
[3,342s][debug][gc,director    ] Rule Major: Warmup 10%, Used: 594MB, UsedThreshold: 1228MB
[3,346s][debug][gc,nmethod     ] Register NMethod: io.sirix.page.KeyValueLeafPage.resizeMemorySegment (0x00007943f8127d08) [0x00007943f8127e00, 0x00007943f8138c88] Compiler: c1, Barriers: 47, Oops: 5, ImmediateOops: 41, NonImmediateOops: No
[3,347s][debug][gc,nmethod     ] Register NMethod: io.brackit.query.node.parser.SAX2SubtreeHandlerAdapter$TrimmingStringBuilder.append (0x0000794416de9588) [0x0000794416de9680, 0x0000794416de9c88] Compiler: jvmci, Barriers: 4, Oops: 1, ImmediateOops: 0, NonImmediateOops: No
[3,350s][debug][gc,nmethod     ] Register NMethod: java.nio.HeapByteBuffer.putLong (0x00007943f8138d08) [0x00007943f8138e00, 0x00007943f813a910] Compiler: c1, Barriers: 6, Oops: 1, ImmediateOops: 4, NonImmediateOops: No
[3,352s][debug][gc,nmethod     ] Register NMethod: io.sirix.node.GrowingMemorySegment.writeShort (0x00007943f813a988) [0x00007943f813aa80, 0x00007943f813b1b8] Compiler: c1, Barriers: 5, Oops: 4, ImmediateOops: 4, NonImmediateOops: No
[3,353s][debug][gc,director    ] Rule Major: Warmup 10%, Used: 606MB, UsedThreshold: 1228MB
[3,353s][debug][gc,nmethod     ] Register NMethod: sun.security.provider.ByteArrayAccess.i2bBig4 (0x00007943f813b208) [0x00007943f813b300, 0x00007943f813b470] Compiler: c1, Barriers: 0, Oops: 3, ImmediateOops: 2, NonImmediateOops: No
[3,354s][debug][gc,alloc       ] Mutator Allocation Rate: 298,6MB/s Predicted: 340,4MB/s, Avg: 256,1(+/-52,7)MB/s
[3,355s][debug][gc,director    ] Rule Major: Warmup 10%, Used: 612MB, UsedThreshold: 1228MB
[3,354s][debug][gc,nmethod     ] Register NMethod: io.sirix.node.MemorySegmentBytesOut.<init> (0x00007943f813b508) [0x00007943f813b600, 0x00007943f813ba58] Compiler: c1, Barriers: 9, Oops: 2, ImmediateOops: 1, NonImmediateOops: No
[3,359s][debug][gc,nmethod     ] Register NMethod: io.sirix.query.node.XmlDBNode.<init> (0x0000794416de9d08) [0x0000794416de9e00, 0x0000794416deac18] Compiler: jvmci, Barriers: 32, Oops: 1, ImmediateOops: 3, NonImmediateOops: No
[3,360s][debug][gc,nmethod     ] Register NMethod: io.sirix.index.name.Names.setName (0x0000794416deac88) [0x0000794416dead80, 0x0000794416ded700] Compiler: jvmci, Barriers: 65, Oops: 5, ImmediateOops: 3, NonImmediateOops: No
[3,361s][debug][gc,nmethod     ] Register NMethod: java.util.stream.AbstractSpinedBuffer.count (0x00007943f813ba88) [0x00007943f813bb80, 0x00007943f813bd20] Compiler: c1, Barriers: 1, Oops: 0, ImmediateOops: 0, NonImmediateOops: No
[3,361s][debug][gc,nmethod     ] Register NMethod: net.jpountz.lz4.LZ4BlockOutputStream.flush (0x00007943f813bd88) [0x00007943f813be80, 0x00007943f813c060] Compiler: c1, Barriers: 2, Oops: 1, ImmediateOops: 0, NonImmediateOops: No
[3,362s][debug][gc,nmethod     ] Register NMethod: net.jpountz.lz4.LZ4BlockOutputStream.ensureNotFinished (0x00007943f813c088) [0x00007943f813c180, 0x00007943f813c348] Compiler: c1, Barriers: 0, Oops: 1, ImmediateOops: 1, NonImmediateOops: No
[3,362s][debug][gc,nmethod     ] Register NMethod: java.nio.HeapByteBuffer.<init> (0x00007943f813c388) [0x00007943f813c480, 0x00007943f813c660] Compiler: c1, Barriers: 0, Oops: 0, ImmediateOops: 0, NonImmediateOops: No
[3,365s][debug][gc,director    ] Rule Major: Warmup 10%, Used: 618MB, UsedThreshold: 1228MB
[3,365s][debug][gc,director    ] Rule Minor: High Usage, Free: 11628MB(94,6%)
[3,365s][debug][gc,nmethod     ] Register NMethod: io.sirix.page.KeyValueLeafPage.processEntries (0x00007943f813c688) [0x00007943f813c780, 0x00007943f8150d08] Compiler: c1, Barriers: 66, Oops: 5, ImmediateOops: 41, NonImmediateOops: No
[3,366s][debug][gc,nmethod     ] Register NMethod: net.jpountz.lz4.LZ4Factory.fastCompressor (0x0000794416ded788) [0x0000794416ded880, 0x0000794416ded968] Compiler: c1, Barriers: 1, Oops: 1, ImmediateOops: 0, NonImmediateOops: No
[3,366s][debug][gc,nmethod     ] Register NMethod: sun.security.provider.DigestBase.engineUpdate (0x00007943f8150d88) [0x00007943f8150e80, 0x00007943f8151568] Compiler: c1, Barriers: 4, Oops: 0, ImmediateOops: 1, NonImmediateOops: No
[3,367s][debug][gc,nmethod     ] Register NMethod: io.sirix.index.path.summary.PathSummaryReader.putMapping (0x0000794416deda88) [0x0000794416dedb80, 0x0000794416dee2b0] Compiler: jvmci, Barriers: 16, Oops: 1, ImmediateOops: 0, NonImmediateOops: No
[3,368s][debug][gc,nmethod     ] Register NMethod: io.sirix.access.trx.node.AbstractNodeHashing.rollingAdd (0x0000794416dee308) [0x0000794416dee400, 0x0000794416dfe3b8] Compiler: jvmci, Barriers: 417, Oops: 9, ImmediateOops: 5, NonImmediateOops: No
[3,369s][debug][gc,nmethod     ] Register NMethod: net.jpountz.xxhash.StreamingXXHash32JNI$Factory.newStreamingHash (0x00007943f8151588) [0x00007943f8151680, 0x00007943f8151828] Compiler: c1, Barriers: 0, Oops: 1, ImmediateOops: 0, NonImmediateOops: No
[3,369s][debug][gc,nmethod     ] Register NMethod: net.jpountz.lz4.LZ4Factory.nativeInstance (0x00007943f8151888) [0x00007943f8151980, 0x00007943f8151e40] Compiler: c1, Barriers: 5, Oops: 2, ImmediateOops: 5, NonImmediateOops: No
[3,369s][debug][gc,nmethod     ] Register NMethod: net.jpountz.xxhash.XXHashFactory.nativeInstance (0x00007943f8151e88) [0x00007943f8151f80, 0x00007943f8152440] Compiler: c1, Barriers: 5, Oops: 2, ImmediateOops: 5, NonImmediateOops: No
[3,369s][debug][gc,nmethod     ] Register NMethod: net.jpountz.xxhash.StreamingXXHash32.<init> (0x00007943f8152488) [0x00007943f8152580, 0x00007943f81526a0] Compiler: c1, Barriers: 0, Oops: 1, ImmediateOops: 0, NonImmediateOops: No
[3,370s][debug][gc,nmethod     ] Register NMethod: net.jpountz.xxhash.StreamingXXHash32JNI.<init> (0x00007943f8152788) [0x00007943f8152880, 0x00007943f81529c8] Compiler: c1, Barriers: 0, Oops: 1, ImmediateOops: 0, NonImmediateOops: No
[3,370s][debug][gc,nmethod     ] Register NMethod: net.jpountz.xxhash.StreamingXXHash32.asChecksum (0x00007943f8152a88) [0x00007943f8152b80, 0x00007943f8152d40] Compiler: c1, Barriers: 3, Oops: 1, ImmediateOops: 0, NonImmediateOops: No
[3,370s][debug][gc,nmethod     ] Register NMethod: net.jpountz.xxhash.StreamingXXHash32$1.<init> (0x00007943f8152d88) [0x00007943f8152e80, 0x00007943f8152ff0] Compiler: c1, Barriers: 3, Oops: 1, ImmediateOops: 0, NonImmediateOops: No
[3,370s][debug][gc,nmethod     ] Register NMethod: sun.security.provider.DigestBase.engineUpdate (0x00007943f8153088) [0x00007943f8153180, 0x00007943f8154360] Compiler: c1, Barriers: 4, Oops: 1, ImmediateOops: 1, NonImmediateOops: No
[3,370s][debug][gc,nmethod     ] Register NMethod: net.jpountz.xxhash.XXHashFactory.fastestInstance (0x00007943f8154388) [0x00007943f8154480, 0x00007943f81564b8] Compiler: c1, Barriers: 35, Oops: 5, ImmediateOops: 37, NonImmediateOops: No
[3,370s][debug][gc,nmethod     ] Register NMethod: net.jpountz.xxhash.XXHashFactory.newStreamingHash32 (0x00007943f8156508) [0x00007943f8156600, 0x00007943f8156820] Compiler: c1, Barriers: 1, Oops: 1, ImmediateOops: 0, NonImmediateOops: No
[3,371s][debug][gc,nmethod     ] Register NMethod: net.jpountz.lz4.LZ4Factory.fastestInstance (0x00007943f8156888) [0x00007943f8156980, 0x00007943f81589b8] Compiler: c1, Barriers: 35, Oops: 5, ImmediateOops: 37, NonImmediateOops: No
[3,373s][debug][gc,nmethod     ] Register NMethod: io.sirix.node.xml.ElementNode.hasLeftSibling (0x0000794416dfe408) [0x0000794416dfe500, 0x0000794416dfe8f8] Compiler: jvmci, Barriers: 4, Oops: 3, ImmediateOops: 0, NonImmediateOops: No
[3,375s][debug][gc,director    ] Rule Major: Warmup 10%, Used: 626MB, UsedThreshold: 1228MB
[3,375s][debug][gc,director    ] Rule Minor: High Usage, Free: 11620MB(94,6%)
[3,376s][debug][gc,nmethod     ] Register NMethod: io.sirix.page.KeyValueLeafPage.setData (0x00007943f8158a08) [0x00007943f8158b00, 0x00007943f819e280] Compiler: c1, Barriers: 182, Oops: 16, ImmediateOops: 164, NonImmediateOops: No
[3,379s][debug][gc,nmethod     ] Register NMethod: java.io.ByteArrayOutputStream.<init> (0x00007943f819e308) [0x00007943f819e400, 0x00007943f819e880] Compiler: c1, Barriers: 3, Oops: 0, ImmediateOops: 2, NonImmediateOops: No
[3,382s][debug][gc,nmethod     ] Register NMethod: io.sirix.node.MemorySegmentBytesIn.remaining (0x00007943f819e888) [0x00007943f819e980, 0x00007943f819eae8] Compiler: c1, Barriers: 1, Oops: 1, ImmediateOops: 0, NonImmediateOops: No
[3,383s][debug][gc,nmethod     ] Register NMethod: net.jpountz.lz4.LZ4Compressor.compress (0x00007943f819eb88) [0x00007943f819ec80, 0x00007943f819edb0] Compiler: c1, Barriers: 0, Oops: 1, ImmediateOops: 0, NonImmediateOops: No
[3,383s][debug][gc,nmethod     ] Register NMethod: io.sirix.page.IndirectPage.delegate (0x0000794416dfe988) [0x0000794416dfea80, 0x0000794416dfeb68] Compiler: c1, Barriers: 1, Oops: 1, ImmediateOops: 0, NonImmediateOops: No
[3,383s][debug][gc,nmethod     ] Register NMethod: java.io.DataOutputStream.flush (0x00007943f819ee88) [0x00007943f819ef80, 0x00007943f819f0d8] Compiler: c1, Barriers: 1, Oops: 0, ImmediateOops: 0, NonImmediateOops: No
[3,383s][debug][gc,nmethod     ] Register NMethod: net.jpountz.lz4.LZ4JNICompressor.compress (0x00007943f819f188) [0x00007943f819f280, 0x00007943f819f978] Compiler: c1, Barriers: 0, Oops: 1, ImmediateOops: 3, NonImmediateOops: No
[3,385s][debug][gc,director    ] Rule Major: Warmup 10%, Used: 630MB, UsedThreshold: 1228MB
[3,385s][debug][gc,director    ] Rule Minor: High Usage, Free: 11616MB(94,5%)
[3,387s][debug][gc,nmethod     ] Register NMethod: java.nio.channels.spi.AbstractInterruptibleChannel.begin (0x00007943f819f988) [0x00007943f819fa80, 0x00007943f819fde0] Compiler: c1, Barriers: 6, Oops: 0, ImmediateOops: 1, NonImmediateOops: No
[3,387s][debug][gc,nmethod     ] Register NMethod: java.nio.channels.spi.AbstractInterruptibleChannel.end (0x00007943f819fe08) [0x00007943f819ff00, 0x00007943f81a03a0] Compiler: c1, Barriers: 8, Oops: 0, ImmediateOops: 1, NonImmediateOops: No
[3,388s][debug][gc,nmethod     ] Register NMethod: io.sirix.page.KeyValueLeafPage.close (0x00007943f81a0408) [0x00007943f81a0500, 0x00007943f81a0b58] Compiler: c1, Barriers: 18, Oops: 3, ImmediateOops: 2, NonImmediateOops: No
[3,388s][debug][gc,nmethod     ] Register NMethod: java.util.concurrent.ConcurrentHashMap.clear (0x00007943f81a0b88) [0x00007943f81a0c80, 0x00007943f81a1280] Compiler: c1, Barriers: 3, Oops: 0, ImmediateOops: 0, NonImmediateOops: No
[3,389s][debug][gc,nmethod     ] Register NMethod: io.sirix.access.trx.page.NodePageTrx.createRecord (0x0000794416dfec88) [0x0000794416dfed80, 0x0000794416e003a0] Compiler: jvmci, Barriers: 45, Oops: 3, ImmediateOops: 1, NonImmediateOops: No
[3,390s][debug][gc,nmethod     ] Register NMethod: java.io.DataOutputStream.incCount (0x00007943f81a1288) [0x00007943f81a1380, 0x00007943f81a1490] Compiler: c1, Barriers: 0, Oops: 0, ImmediateOops: 0, NonImmediateOops: No
[3,390s][debug][gc,nmethod     ] Register NMethod: java.io.DataOutputStream.write (0x00007943f81a1588) [0x00007943f81a1680, 0x00007943f81a1950] Compiler: c1, Barriers: 1, Oops: 0, ImmediateOops: 0, NonImmediateOops: No
[3,391s][debug][gc,nmethod     ] Register NMethod: java.io.ByteArrayOutputStream.close (0x00007943f81a1988) [0x00007943f81a1a80, 0x00007943f81a1b78] Compiler: c1, Barriers: 0, Oops: 0, ImmediateOops: 0, NonImmediateOops: No
[3,391s][debug][gc,nmethod     ] Register NMethod: io.sirix.page.KeyValueLeafPage.getHashCode (0x0000794416e00408) [0x0000794416e00500, 0x0000794416e005f0] Compiler: c1, Barriers: 1, Oops: 1, ImmediateOops: 0, NonImmediateOops: No
[3,391s][debug][gc,nmethod     ] Register NMethod: com.google.common.base.Preconditions.checkState (0x00007943f81a1c88) [0x00007943f81a1d80, 0x00007943f81a1f78] Compiler: c1, Barriers: 0, Oops: 1, ImmediateOops: 1, NonImmediateOops: No
[3,391s][debug][gc,nmethod     ] Register NMethod: com.google.common.hash.MessageDigestHashFunction$MessageDigestHasher.checkNotDone (0x00007943f81a1f88) [0x00007943f81a2080, 0x00007943f81a2258] Compiler: c1, Barriers: 0, Oops: 2, ImmediateOops: 1, NonImmediateOops: No
[3,391s][debug][gc,nmethod     ] Register NMethod: com.google.common.base.Preconditions.checkPositionIndexes (0x00007943f81a2288) [0x00007943f81a2380, 0x00007943f81a2550] Compiler: c1, Barriers: 0, Oops: 1, ImmediateOops: 0, NonImmediateOops: No
[3,391s][debug][gc,nmethod     ] Register NMethod: sun.nio.ch.UnixFileDispatcherImpl.size (0x00007943f81a2588) [0x00007943f81a2680, 0x00007943f81a2798] Compiler: c1, Barriers: 0, Oops: 0, ImmediateOops: 0, NonImmediateOops: No
[3,395s][debug][gc,director    ] Rule Major: Warmup 10%, Used: 634MB, UsedThreshold: 1228MB
[3,395s][debug][gc,director    ] Rule Minor: High Usage, Free: 11612MB(94,5%)
[3,399s][debug][gc,nmethod     ] Register NMethod: io.sirix.access.trx.node.xml.XmlNodeReadOnlyTrxImpl.getNode (0x0000794416e00708) [0x0000794416e00800, 0x0000794416e00cf0] Compiler: jvmci, Barriers: 5, Oops: 2, ImmediateOops: 1, NonImmediateOops: No
[3,403s][debug][gc,nmethod     ] Register NMethod: com.github.benmanes.caffeine.cache.SSLSMW.mainProtectedMaximum (0x0000794416e00d08) [0x0000794416e00e00, 0x0000794416e00ec0] Compiler: c1, Barriers: 0, Oops: 1, ImmediateOops: 0, NonImmediateOops: No
[3,403s][debug][gc,nmethod     ] Register NMethod: sun.nio.ch.UnixFileDispatcherImpl.pread0 (0x0000794416e01008) [0x0000794416e01100, 0x0000794416e01278] Compiler: , Barriers: 0, Oops: 0, ImmediateOops: 1, NonImmediateOops: No
[3,403s][debug][gc,nmethod     ] Register NMethod: io.sirix.access.trx.node.xml.XmlNodeReadOnlyTrxImpl.getNode (0x0000794416e01308) [0x0000794416e01400, 0x0000794416e018f0] Compiler: jvmci, Barriers: 5, Oops: 2, ImmediateOops: 1, NonImmediateOops: No
[3,404s][debug][gc,nmethod     ] Register NMethod: com.github.benmanes.caffeine.cache.SSLSMW.setPreviousSampleHitRate (0x0000794416e01908) [0x0000794416e01a00, 0x0000794416e01ac0] Compiler: c1, Barriers: 0, Oops: 1, ImmediateOops: 0, NonImmediateOops: No
[3,404s][debug][gc,nmethod     ] Register NMethod: com.github.benmanes.caffeine.cache.SSLSMW.adjustment (0x0000794416e01c08) [0x0000794416e01d00, 0x0000794416e01dc0] Compiler: c1, Barriers: 0, Oops: 1, ImmediateOops: 0, NonImmediateOops: No
[3,405s][debug][gc,director    ] Rule Major: Warmup 10%, Used: 634MB, UsedThreshold: 1228MB
[3,406s][debug][gc,director    ] Rule Minor: High Usage, Free: 11612MB(94,5%)
[3,408s][debug][gc,nmethod     ] Register NMethod: com.github.benmanes.caffeine.cache.SSLSMW.setWindowWeightedSize (0x0000794416e01f08) [0x0000794416e02000, 0x0000794416e020c0] Compiler: c1, Barriers: 0, Oops: 1, ImmediateOops: 0, NonImmediateOops: No
[3,408s][debug][gc,nmethod     ] Register NMethod: io.sirix.io.bytepipe.ByteHandler.supportsMemorySegments (0x0000794416e02208) [0x0000794416e02300, 0x0000794416e023c0] Compiler: c1, Barriers: 0, Oops: 1, ImmediateOops: 0, NonImmediateOops: No
[3,408s][debug][gc,nmethod     ] Register NMethod: net.jpountz.lz4.LZ4Factory.fastDecompressor (0x0000794416e02508) [0x0000794416e02600, 0x0000794416e026e8] Compiler: c1, Barriers: 1, Oops: 1, ImmediateOops: 0, NonImmediateOops: No
[3,410s][debug][gc,nmethod     ] Register NMethod: java.util.concurrent.locks.ReentrantLock.tryLock (0x00007943f81a2888) [0x00007943f81a2980, 0x00007943f81a2ae0] Compiler: c1, Barriers: 1, Oops: 0, ImmediateOops: 0, NonImmediateOops: No
[3,410s][debug][gc,nmethod     ] Register NMethod: java.util.concurrent.locks.ReentrantLock$Sync.tryLock (0x00007943f81a2b88) [0x00007943f81a2c80, 0x00007943f81a30c0] Compiler: c1, Barriers: 5, Oops: 0, ImmediateOops: 1, NonImmediateOops: No
[3,410s][debug][gc,nmethod     ] Register NMethod: com.github.benmanes.caffeine.cache.BoundedLocalCache$PerformCleanupTask.run (0x00007943f81a3108) [0x00007943f81a3200, 0x00007943f81a33e0] Compiler: c1, Barriers: 3, Oops: 1, ImmediateOops: 0, NonImmediateOops: No
[3,410s][debug][gc,nmethod     ] Register NMethod: com.github.benmanes.caffeine.cache.BoundedLocalCache$PerformCleanupTask.exec (0x00007943f81a3408) [0x00007943f81a3500, 0x00007943f81a37e0] Compiler: c1, Barriers: 4, Oops: 2, ImmediateOops: 2, NonImmediateOops: No
[3,411s][debug][gc,nmethod     ] Register NMethod: java.util.stream.SortedOps$SizedRefSortingSink.begin (0x00007943f81a3808) [0x00007943f81a3900, 0x00007943f81a3bc8] Compiler: c1, Barriers: 3, Oops: 0, ImmediateOops: 1, NonImmediateOops: No
[3,411s][debug][gc,nmethod     ] Register NMethod: io.sirix.node.MemorySegmentBytesIn.readShort (0x00007943f81a3c08) [0x00007943f81a3d00, 0x00007943f81a4338] Compiler: c1, Barriers: 5, Oops: 4, ImmediateOops: 3, NonImmediateOops: No
[3,411s][debug][gc,nmethod     ] Register NMethod: jdk.internal.foreign.AbstractMemorySegmentImpl.get (0x00007943f81a4388) [0x00007943f81a4480, 0x00007943f81a5240] Compiler: c1, Barriers: 27, Oops: 3, ImmediateOops: 11, NonImmediateOops: No
[3,412s][debug][gc,nmethod     ] Register NMethod: java.lang.invoke.VarHandleSegmentAsShorts.get (0x00007943f81a5288) [0x00007943f81a5380, 0x00007943f81a6310] Compiler: c1, Barriers: 24, Oops: 2, ImmediateOops: 5, NonImmediateOops: No
[3,413s][debug][gc,nmethod     ] Register NMethod: java.lang.invoke.VarHandleSegmentAsShorts.get (0x00007943f81a6388) [0x00007943f81a6480, 0x00007943f81a7458] Compiler: c1, Barriers: 24, Oops: 2, ImmediateOops: 5, NonImmediateOops: No
[3,415s][debug][gc,nmethod     ] Register NMethod: java.nio.HeapByteBuffer.get (0x00007943f81a7488) [0x00007943f81a7580, 0x00007943f81a7768] Compiler: c1, Barriers: 1, Oops: 0, ImmediateOops: 0, NonImmediateOops: No
[3,416s][debug][gc,director    ] Rule Major: Warmup 10%, Used: 634MB, UsedThreshold: 1228MB
[3,417s][debug][gc,director    ] Rule Minor: High Usage, Free: 11612MB(94,5%)
[3,417s][debug][gc,nmethod     ] Register NMethod: jdk.internal.foreign.SegmentBulkOperations.copy (0x0000794416e02808) [0x0000794416e02900, 0x0000794416e03ff0] Compiler: jvmci, Barriers: 30, Oops: 1, ImmediateOops: 0, NonImmediateOops: No
[3,418s][debug][gc,nmethod     ] Register NMethod: io.sirix.node.HashCountEntryNode.<init> (0x00007943f81a7788) [0x00007943f81a7880, 0x00007943f81a7980] Compiler: c1, Barriers: 0, Oops: 1, ImmediateOops: 0, NonImmediateOops: No
[3,418s][debug][gc,nmethod     ] Register NMethod: io.sirix.node.HashEntryNode.<init> (0x00007943f81a7a88) [0x00007943f81a7b80, 0x00007943f81a7da8] Compiler: c1, Barriers: 3, Oops: 1, ImmediateOops: 0, NonImmediateOops: No
[3,418s][debug][gc,nmethod     ] Register NMethod: it.unimi.dsi.fastutil.ints.Int2ObjectOpenHashMap.put (0x00007943f81a7e08) [0x00007943f81a7f00, 0x00007943f81a8238] Compiler: c1, Barriers: 6, Oops: 1, ImmediateOops: 0, NonImmediateOops: No
[3,418s][debug][gc,nmethod     ] Register NMethod: io.sirix.access.trx.page.NodePageTrx.lambda$getPageContainer$0 (0x00007943f81a8288) [0x00007943f81a8380, 0x00007943f81a9278] Compiler: c1, Barriers: 6, Oops: 1, ImmediateOops: 0, NonImmediateOops: No
[3,419s][debug][gc,nmethod     ] Register NMethod: java.util.concurrent.ForkJoinPool.submissionQueue (0x00007943f81a9288) [0x00007943f81a9380, 0x00007943f81a9ba0] Compiler: c1, Barriers: 8, Oops: 0, ImmediateOops: 0, NonImmediateOops: No
[3,420s][debug][gc,nmethod     ] Register NMethod: java.util.concurrent.ForkJoinTask$InterruptibleTask.postExec (0x0000794416e04008) [0x0000794416e04100, 0x0000794416e041c0] Compiler: c1, Barriers: 0, Oops: 0, ImmediateOops: 0, NonImmediateOops: No
[3,420s][debug][gc,nmethod     ] Register NMethod: java.util.concurrent.ForkJoinPool.tryTrim (0x00007943f81a9c08) [0x00007943f81a9d00, 0x00007943f81aa148] Compiler: c1, Barriers: 3, Oops: 0, ImmediateOops: 1, NonImmediateOops: No
[3,420s][debug][gc,nmethod     ] Register NMethod: sun.nio.ch.IOUtil.bufferAddress (0x00007943f81aa188) [0x00007943f81aa280, 0x00007943f81aa360] Compiler: c1, Barriers: 0, Oops: 0, ImmediateOops: 0, NonImmediateOops: No
[3,421s][debug][gc,nmethod     ] Register NMethod: sun.nio.ch.IOStatus.normalize (0x00007943f81aa488) [0x00007943f81aa580, 0x00007943f81aa690] Compiler: c1, Barriers: 0, Oops: 0, ImmediateOops: 0, NonImmediateOops: No
[3,421s][debug][gc,nmethod     ] Register NMethod: jdk.internal.misc.Blocker.end (0x00007943f81aa788) [0x00007943f81aa880, 0x00007943f81aa9f8] Compiler: c1, Barriers: 1, Oops: 0, ImmediateOops: 0, NonImmediateOops: No
[3,421s][debug][gc,nmethod     ] Register NMethod: com.github.benmanes.caffeine.cache.BoundedLocalCache.afterWrite (0x00007943f81aaa88) [0x00007943f81aab80, 0x00007943f81ab300] Compiler: c1, Barriers: 11, Oops: 2, ImmediateOops: 2, NonImmediateOops: No
[3,421s][debug][gc,nmethod     ] Register NMethod: sun.nio.ch.IOUtil.acquireScope (0x00007943f81ab388) [0x00007943f81ab480, 0x00007943f81ab848] Compiler: c1, Barriers: 5, Oops: 0, ImmediateOops: 1, NonImmediateOops: No
[3,421s][debug][gc,nmethod     ] Register NMethod: sun.nio.ch.IOUtil.releaseScope (0x00007943f81ab888) [0x00007943f81ab980, 0x00007943f81abc60] Compiler: c1, Barriers: 2, Oops: 0, ImmediateOops: 0, NonImmediateOops: No
[3,422s][debug][gc,nmethod     ] Register NMethod: com.github.benmanes.caffeine.cache.PSMW.setWeight (0x0000794416e04308) [0x0000794416e04400, 0x0000794416e044c0] Compiler: c1, Barriers: 0, Oops: 1, ImmediateOops: 0, NonImmediateOops: No
[3,423s][debug][gc,nmethod     ] Register NMethod: io.sirix.index.name.Names.getName (0x00007943f81abc88) [0x00007943f81abd80, 0x00007943f81ac228] Compiler: c1, Barriers: 1, Oops: 1, ImmediateOops: 1, NonImmediateOops: No
[3,423s][debug][gc,nmethod     ] Register NMethod: io.sirix.access.trx.page.NodePageReadOnlyTrx.isMostRecentlyReadPathSummaryPage (0x00007943f81ac288) [0x00007943f81ac380, 0x00007943f81acb18] Compiler: c1, Barriers: 1, Oops: 1, ImmediateOops: 0, NonImmediateOops: No
[3,423s][debug][gc,nmethod     ] Register NMethod: io.sirix.page.NamePage.getName (0x00007943f81acb88) [0x00007943f81acc80, 0x00007943f81ae2f0] Compiler: c1, Barriers: 25, Oops: 1, ImmediateOops: 4, NonImmediateOops: No
[3,423s][debug][gc,nmethod     ] Register NMethod: io.sirix.index.path.summary.PathSummaryReader.moveToRightSibling (0x00007943f81ae308) [0x00007943f81ae400, 0x00007943f81aebd0] Compiler: c1, Barriers: 6, Oops: 1, ImmediateOops: 1, NonImmediateOops: No
[3,424s][debug][gc,nmethod     ] Register NMethod: io.sirix.axis.pathsummary.LevelOrderSettingInMemoryInstancesAxis.getRightSibling (0x00007943f81aec08) [0x00007943f81aed00, 0x00007943f81af328] Compiler: c1, Barriers: 18, Oops: 1, ImmediateOops: 1, NonImmediateOops: No
[3,424s][debug][gc,nmethod     ] Register NMethod: io.sirix.index.path.summary.PathSummaryReader.moveToFirstChild (0x00007943f81af388) [0x00007943f81af480, 0x00007943f81afc50] Compiler: c1, Barriers: 6, Oops: 1, ImmediateOops: 1, NonImmediateOops: No
[3,424s][debug][gc,nmethod     ] Register NMethod: it.unimi.dsi.fastutil.ints.Int2IntOpenHashMap.getOrDefault (0x00007943f81afc88) [0x00007943f81afd80, 0x00007943f81b02f0] Compiler: c1, Barriers: 4, Oops: 1, ImmediateOops: 0, NonImmediateOops: No
[3,424s][debug][gc,nmethod     ] Register NMethod: io.sirix.page.KeyValueLeafPage.setData (0x0000794416e04608) [0x0000794416e04700, 0x0000794416e07ae8] Compiler: jvmci, Barriers: 41, Oops: 3, ImmediateOops: 2, NonImmediateOops: No
[3,425s][debug][gc,nmethod     ] Register NMethod: io.sirix.axis.pathsummary.LevelOrderSettingInMemoryInstancesAxis.getFirstChild (0x00007943f81b0308) [0x00007943f81b0400, 0x00007943f81b0978] Compiler: c1, Barriers: 14, Oops: 1, ImmediateOops: 1, NonImmediateOops: No
[3,425s][debug][gc,nmethod     ] Register NMethod: io.sirix.node.MemorySegmentBytesIn.readStopBit (0x00007943f81b0988) [0x00007943f81b0a80, 0x00007943f81b0ca0] Compiler: c1, Barriers: 0, Oops: 1, ImmediateOops: 0, NonImmediateOops: No
[3,426s][debug][gc,nmethod     ] Register NMethod: io.sirix.node.NodeSerializerImpl.deserialize (0x00007943f81b0d08) [0x00007943f81b0e00, 0x00007943f81b1258] Compiler: c1, Barriers: 1, Oops: 1, ImmediateOops: 1, NonImmediateOops: No
[3,427s][debug][gc,director    ] Rule Major: Warmup 10%, Used: 636MB, UsedThreshold: 1228MB
[3,427s][debug][gc,director    ] Rule Minor: High Usage, Free: 11610MB(94,5%)
[3,428s][debug][gc,nmethod     ] Register NMethod: sun.nio.fs.UnixPath.resolve (0x00007943f81b1288) [0x00007943f81b1380, 0x00007943f81b1498] Compiler: c1, Barriers: 0, Oops: 0, ImmediateOops: 0, NonImmediateOops: No
[3,429s][debug][gc,nmethod     ] Register NMethod: com.github.benmanes.caffeine.cache.BoundedLocalCache.setVariableTime (0x00007943f81b1588) [0x00007943f81b1680, 0x00007943f81b1778] Compiler: c1, Barriers: 0, Oops: 1, ImmediateOops: 0, NonImmediateOops: No
[3,429s][debug][gc,nmethod     ] Register NMethod: net.jpountz.lz4.LZ4JNI.LZ4_decompress_fast (0x0000794416e07b08) [0x0000794416e07c00, 0x0000794416e07dc8] Compiler: , Barriers: 0, Oops: 1, ImmediateOops: 1, NonImmediateOops: No
[3,430s][debug][gc,nmethod     ] Register NMethod: com.github.benmanes.caffeine.cache.BoundedLocalCache.setWriteTime (0x00007943f81b1888) [0x00007943f81b1980, 0x00007943f81b1a78] Compiler: c1, Barriers: 0, Oops: 1, ImmediateOops: 0, NonImmediateOops: No
[3,430s][debug][gc,nmethod     ] Register NMethod: java.lang.invoke.DirectMethodHandle.fieldOffset (0x00007943f81b1b88) [0x00007943f81b1c80, 0x00007943f81b1d98] Compiler: c1, Barriers: 0, Oops: 0, ImmediateOops: 0, NonImmediateOops: No
[3,430s][debug][gc,nmethod     ] Register NMethod: java.lang.invoke.DirectMethodHandle.checkBase (0x00007943f81b1e88) [0x00007943f81b1f80, 0x00007943f81b2108] Compiler: c1, Barriers: 0, Oops: 0, ImmediateOops: 0, NonImmediateOops: No
[3,430s][debug][gc,nmethod     ] Register NMethod: sun.nio.fs.UnixFileAttributes.<init> (0x00007943f81b2188) [0x00007943f81b2280, 0x00007943f81b2378] Compiler: c1, Barriers: 0, Oops: 0, ImmediateOops: 0, NonImmediateOops: No
[3,430s][debug][gc,nmethod     ] Register NMethod: java.util.concurrent.ConcurrentHashMap.compute (0x00007943f81b2488) [0x00007943f81b2580, 0x00007943f81b3d90] Compiler: c1, Barriers: 33, Oops: 0, ImmediateOops: 2, NonImmediateOops: No
[3,430s][debug][gc,nmethod     ] Register NMethod: sun.nio.fs.UnixFileAttributes.get (0x00007943f81b3e08) [0x00007943f81b3f00, 0x00007943f81b40a0] Compiler: c1, Barriers: 0, Oops: 0, ImmediateOops: 0, NonImmediateOops: No
[3,431s][debug][gc,nmethod     ] Register NMethod: com.github.benmanes.caffeine.cache.BoundedLocalCache.isRecordingStats (0x0000794416e07e08) [0x0000794416e07f00, 0x0000794416e07fc0] Compiler: c1, Barriers: 0, Oops: 1, ImmediateOops: 0, NonImmediateOops: No
[3,431s][debug][gc,nmethod     ] Register NMethod: java.util.UUID.parse4Nibbles (0x00007943f81b4108) [0x00007943f81b4200, 0x00007943f81b4960] Compiler: c1, Barriers: 8, Oops: 2, ImmediateOops: 9, NonImmediateOops: No
[3,431s][debug][gc,nmethod     ] Register NMethod: jdk.internal.misc.Unsafe.getAndBitwiseOrInt (0x00007943f81b4988) [0x00007943f81b4a80, 0x00007943f81b4c58] Compiler: c1, Barriers: 0, Oops: 0, ImmediateOops: 0, NonImmediateOops: No
[3,431s][debug][gc,nmethod     ] Register NMethod: net.jpountz.lz4.LZ4BlockInputStream.refill (0x00007943f81b4c88) [0x00007943f81b4d80, 0x00007943f81b6080] Compiler: c1, Barriers: 22, Oops: 1, ImmediateOops: 11, NonImmediateOops: No
[3,431s][debug][gc,nmethod     ] Register NMethod: java.lang.invoke.LambdaForm$MH/0x00000000a92b0800.linkToTargetMethod (0x00007943f81b6108) [0x00007943f81b6200, 0x00007943f81b6400] Compiler: c1, Barriers: 0, Oops: 1, ImmediateOops: 0, NonImmediateOops: No
[3,431s][debug][gc,nmethod     ] Register NMethod: com.github.benmanes.caffeine.cache.BoundedLocalCache$$Lambda/0x00000000a92adec8.<init> (0x00007943f81b6488) [0x00007943f81b6580, 0x00007943f81b6c28] Compiler: c1, Barriers: 36, Oops: 1, ImmediateOops: 0, NonImmediateOops: No
[3,431s][debug][gc,nmethod     ] Register NMethod: com.github.benmanes.caffeine.cache.LocalCache.statsAware (0x00007943f81b6c88) [0x00007943f81b6d80, 0x00007943f81b7060] Compiler: c1, Barriers: 6, Oops: 4, ImmediateOops: 2, NonImmediateOops: No
[3,431s][debug][gc,nmethod     ] Register NMethod: java.lang.invoke.LambdaForm$DMH/0x00000000a92b0000.newInvokeSpecial (0x00007943f81b7088) [0x00007943f81b7180, 0x00007943f81b7478] Compiler: c1, Barriers: 2, Oops: 1, ImmediateOops: 1, NonImmediateOops: No
[3,431s][debug][gc,nmethod     ] Register NMethod: com.github.benmanes.caffeine.cache.SSLS.isRecordingStats (0x0000794416e08108) [0x0000794416e08200, 0x0000794416e082c0] Compiler: c1, Barriers: 0, Oops: 1, ImmediateOops: 0, NonImmediateOops: No
[3,432s][debug][gc,nmethod     ] Register NMethod: com.github.benmanes.caffeine.cache.BoundedLocalCache$$Lambda/0x00000000a92adec8.apply (0x00007943f81b7488) [0x00007943f81b7580, 0x00007943f81b7a10] Compiler: c1, Barriers: 12, Oops: 1, ImmediateOops: 0, NonImmediateOops: No
[3,432s][debug][gc,nmethod     ] Register NMethod: com.github.benmanes.caffeine.cache.SSLS.statsTicker (0x00007943f81b7a88) [0x00007943f81b7b80, 0x00007943f81b7c88] Compiler: c1, Barriers: 0, Oops: 1, ImmediateOops: 1, NonImmediateOops: No
[3,432s][debug][gc,nmethod     ] Register NMethod: com.github.benmanes.caffeine.cache.Ticker.systemTicker (0x00007943f81b7d88) [0x00007943f81b7e80, 0x00007943f81b7f68] Compiler: c1, Barriers: 0, Oops: 1, ImmediateOops: 1, NonImmediateOops: No
[3,432s][debug][gc,nmethod     ] Register NMethod: sun.nio.fs.UnixNativeDispatcher.open0 (0x0000794416e08408) [0x0000794416e08500, 0x0000794416e08660] Compiler: , Barriers: 0, Oops: 0, ImmediateOops: 1, NonImmediateOops: No
[3,432s][debug][gc,nmethod     ] Register NMethod: com.github.benmanes.caffeine.cache.SystemTicker.read (0x00007943f81b8088) [0x00007943f81b8180, 0x00007943f81b8288] Compiler: c1, Barriers: 0, Oops: 1, ImmediateOops: 0, NonImmediateOops: No
[3,432s][debug][gc,nmethod     ] Register NMethod: io.sirix.index.path.summary.PathSummaryWriter.getPathNodeKey (0x0000794416e08708) [0x0000794416e08800, 0x0000794416e0c168] Compiler: jvmci, Barriers: 106, Oops: 16, ImmediateOops: 4, NonImmediateOops: No
[3,432s][debug][gc,nmethod     ] Register NMethod: com.github.benmanes.caffeine.cache.BoundedLocalCache.remap (0x00007943f81b8388) [0x00007943f81b8480, 0x00007943f81b9478] Compiler: c1, Barriers: 31, Oops: 4, ImmediateOops: 4, NonImmediateOops: No
[3,432s][debug][gc,nmethod     ] Register NMethod: com.github.benmanes.caffeine.cache.SSL.hasRemovalListener (0x0000794416e0c208) [0x0000794416e0c300, 0x0000794416e0c3c0] Compiler: c1, Barriers: 0, Oops: 1, ImmediateOops: 0, NonImmediateOops: No
[3,432s][debug][gc,nmethod     ] Register NMethod: io.sirix.node.MemorySegmentBytesIn.readUtf8 (0x00007943f81b9508) [0x00007943f81b9600, 0x00007943f81b99d8] Compiler: c1, Barriers: 0, Oops: 1, ImmediateOops: 1, NonImmediateOops: No
[3,433s][debug][gc,nmethod     ] Register NMethod: com.github.benmanes.caffeine.cache.Caffeine.requireArgument (0x00007943f81b9a08) [0x00007943f81b9b00, 0x00007943f81b9c88] Compiler: c1, Barriers: 0, Oops: 1, ImmediateOops: 0, NonImmediateOops: No
[3,433s][debug][gc,nmethod     ] Register NMethod: com.github.benmanes.caffeine.cache.SSL.removalListener (0x0000794416e0c508) [0x0000794416e0c600, 0x0000794416e0c6f0] Compiler: c1, Barriers: 1, Oops: 1, ImmediateOops: 0, NonImmediateOops: No
[3,433s][debug][gc,nmethod     ] Register NMethod: java.nio.file.Files.readAttributes (0x00007943f81b9d08) [0x00007943f81b9e00, 0x00007943f81b9fb8] Compiler: c1, Barriers: 2, Oops: 0, ImmediateOops: 0, NonImmediateOops: No
[3,433s][debug][gc,nmethod     ] Register NMethod: sun.nio.fs.LinuxFileSystemProvider.readAttributes (0x00007943f81ba008) [0x00007943f81ba100, 0x00007943f81ba300] Compiler: c1, Barriers: 0, Oops: 0, ImmediateOops: 2, NonImmediateOops: No
[3,433s][debug][gc,nmethod     ] Register NMethod: sun.nio.fs.UnixFileAttributeViews.createBasicView (0x00007943f81ba308) [0x00007943f81ba400, 0x00007943f81ba5b0] Compiler: c1, Barriers: 3, Oops: 0, ImmediateOops: 0, NonImmediateOops: No
[3,433s][debug][gc,nmethod     ] Register NMethod: sun.nio.fs.UnixFileSystemProvider.readAttributes (0x00007943f81ba608) [0x00007943f81ba700, 0x00007943f81baa88] Compiler: c1, Barriers: 0, Oops: 0, ImmediateOops: 3, NonImmediateOops: No
[3,433s][debug][gc,nmethod     ] Register NMethod: sun.nio.fs.UnixFileSystemProvider.getFileAttributeView (0x00007943f81bab08) [0x00007943f81bac00, 0x00007943f81bb2d0] Compiler: c1, Barriers: 3, Oops: 0, ImmediateOops: 1, NonImmediateOops: No
[3,433s][debug][gc,nmethod     ] Register NMethod: sun.nio.fs.AbstractBasicFileAttributeView.<init> (0x00007943f81bb308) [0x00007943f81bb400, 0x00007943f81bb4f8] Compiler: c1, Barriers: 0, Oops: 0, ImmediateOops: 0, NonImmediateOops: No
[3,433s][debug][gc,nmethod     ] Register NMethod: sun.nio.fs.LinuxFileSystemProvider.getFileAttributeView (0x00007943f81bb608) [0x00007943f81bb700, 0x00007943f81bbcc0] Compiler: c1, Barriers: 0, Oops: 0, ImmediateOops: 2, NonImmediateOops: No
[3,433s][debug][gc,nmethod     ] Register NMethod: sun.nio.fs.UnixFileAttributeViews$Basic.<init> (0x00007943f81bbd08) [0x00007943f81bbe00, 0x00007943f81bbf78] Compiler: c1, Barriers: 3, Oops: 0, ImmediateOops: 0, NonImmediateOops: No
[3,433s][debug][gc,nmethod     ] Register NMethod: sun.nio.fs.UnixFileAttributes$UnixAsBasicFileAttributes.<init> (0x00007943f81bc008) [0x00007943f81bc100, 0x00007943f81bc270] Compiler: c1, Barriers: 3, Oops: 0, ImmediateOops: 0, NonImmediateOops: No
[3,433s][debug][gc,nmethod     ] Register NMethod: sun.nio.fs.UnixFileAttributes.asBasicFileAttributes (0x00007943f81bc308) [0x00007943f81bc400, 0x00007943f81bc5c0] Compiler: c1, Barriers: 3, Oops: 0, ImmediateOops: 0, NonImmediateOops: No
[3,433s][debug][gc,nmethod     ] Register NMethod: sun.nio.fs.UnixFileAttributes$UnixAsBasicFileAttributes.wrap (0x00007943f81bc608) [0x00007943f81bc700, 0x00007943f81bc8a0] Compiler: c1, Barriers: 3, Oops: 0, ImmediateOops: 0, NonImmediateOops: No
[3,433s][debug][gc,nmethod     ] Register NMethod: sun.nio.fs.UnixFileAttributeViews$Basic.readAttributes (0x00007943f81bc908) [0x00007943f81bca00, 0x00007943f81bce18] Compiler: c1, Barriers: 8, Oops: 0, ImmediateOops: 0, NonImmediateOops: No
[3,433s][debug][gc,nmethod     ] Register NMethod: java.util.AbstractQueue.<init> (0x00007943f81bce88) [0x00007943f81bcf80, 0x00007943f81bd078] Compiler: c1, Barriers: 0, Oops: 0, ImmediateOops: 0, NonImmediateOops: No
[3,433s][debug][gc,nmethod     ] Register NMethod: jdk.internal.foreign.MemorySessionImpl.checkValidState (0x0000794416e0c808) [0x0000794416e0c900, 0x0000794416e0ca78] Compiler: jvmci, Barriers: 2, Oops: 0, ImmediateOops: 0, NonImmediateOops: No
[3,434s][debug][gc,nmethod     ] Register NMethod: java.lang.invoke.MethodHandleImpl$CountingWrapper.getTarget (0x0000794416e0cb08) [0x0000794416e0cc00, 0x0000794416e0cce8] Compiler: c1, Barriers: 1, Oops: 0, ImmediateOops: 0, NonImmediateOops: No
[3,434s][debug][gc,nmethod     ] Register NMethod: io.brackit.query.node.parser.SAX2SubtreeHandlerAdapter$TrimmingStringBuilder.length (0x0000794416e0ce08) [0x0000794416e0cf00, 0x0000794416e0cf88] Compiler: jvmci, Barriers: 0, Oops: 1, ImmediateOops: 0, NonImmediateOops: No
[3,434s][debug][gc,nmethod     ] Register NMethod: java.lang.Byte.valueOf (0x00007943f81bd188) [0x00007943f81bd280, 0x00007943f81bd3b8] Compiler: c1, Barriers: 1, Oops: 0, ImmediateOops: 1, NonImmediateOops: No
[3,435s][debug][gc,nmethod     ] Register NMethod: java.util.concurrent.ForkJoinTask.getAndBitwiseOrStatus (0x00007943f81bd488) [0x00007943f81bd580, 0x00007943f81bd750] Compiler: c1, Barriers: 0, Oops: 1, ImmediateOops: 1, NonImmediateOops: No
[3,435s][debug][gc,nmethod     ] Register NMethod: io.sirix.cache.PageContainer.getModifiedAsUnorderedKeyValuePage (0x0000794416e0d108) [0x0000794416e0d200, 0x0000794416e0d2f8] Compiler: jvmci, Barriers: 1, Oops: 1, ImmediateOops: 0, NonImmediateOops: No
[3,435s][debug][gc,nmethod     ] Register NMethod: java.util.concurrent.ForkJoinTask.signalWaiters (0x00007943f81bd788) [0x00007943f81bd880, 0x00007943f81bdd90] Compiler: c1, Barriers: 4, Oops: 0, ImmediateOops: 1, NonImmediateOops: No
[3,435s][debug][gc,nmethod     ] Register NMethod: com.github.benmanes.caffeine.cache.BoundedLocalCache.lambda$remap$16 (0x00007943f81bde08) [0x00007943f81bdf00, 0x00007943f81c0d78] Compiler: c1, Barriers: 64, Oops: 9, ImmediateOops: 21, NonImmediateOops: No
[3,435s][debug][gc,nmethod     ] Register NMethod: java.nio.ByteBuffer.position (0x0000794416e0d408) [0x0000794416e0d500, 0x0000794416e0d5e0] Compiler: jvmci, Barriers: 0, Oops: 0, ImmediateOops: 0, NonImmediateOops: No
[3,436s][debug][gc,nmethod     ] Register NMethod: com.github.benmanes.caffeine.cache.BoundedWeigher.weigh (0x00007943f81c0e08) [0x00007943f81c0f00, 0x00007943f81c1120] Compiler: c1, Barriers: 1, Oops: 1, ImmediateOops: 0, NonImmediateOops: No
[3,436s][debug][gc,nmethod     ] Register NMethod: java.lang.invoke.LambdaForm.invokeArguments (0x00007943f81c1188) [0x00007943f81c1280, 0x00007943f81c19b8] Compiler: c1, Barriers: 13, Oops: 0, ImmediateOops: 2, NonImmediateOops: No
[3,436s][debug][gc,nmethod     ] Register NMethod: io.brackit.query.node.parser.SAX2SubtreeHandlerAdapter$TrimmingStringBuilder.clear (0x0000794416e0d708) [0x0000794416e0d800, 0x0000794416e0d890] Compiler: jvmci, Barriers: 0, Oops: 1, ImmediateOops: 0, NonImmediateOops: No
[3,436s][debug][gc,nmethod     ] Register NMethod: java.util.ArrayDeque.isEmpty (0x0000794416e0da08) [0x0000794416e0db00, 0x0000794416e0db90] Compiler: jvmci, Barriers: 0, Oops: 0, ImmediateOops: 0, NonImmediateOops: No
[3,437s][debug][gc,director    ] Rule Major: Warmup 10%, Used: 638MB, UsedThreshold: 1228MB
[3,437s][debug][gc,director    ] Rule Minor: High Usage, Free: 11608MB(94,5%)
[3,437s][debug][gc,nmethod     ] Register NMethod: io.sirix.access.trx.page.NodePageReadOnlyTrx.getRevisionNumber (0x00007943f81c1a08) [0x00007943f81c1b00, 0x00007943f81c1d08] Compiler: c1, Barriers: 1, Oops: 1, ImmediateOops: 1, NonImmediateOops: No
[3,437s][debug][gc,nmethod     ] Register NMethod: java.util.ArrayDeque.pop (0x0000794416e0dd08) [0x0000794416e0de00, 0x0000794416e0dfe8] Compiler: jvmci, Barriers: 4, Oops: 0, ImmediateOops: 0, NonImmediateOops: No
[3,438s][debug][gc,nmethod     ] Register NMethod: com.github.benmanes.caffeine.cache.BoundedLocalCache.scheduleDrainBuffers (0x00007943f81c1d88) [0x00007943f81c1e80, 0x00007943f81c2b80] Compiler: c1, Barriers: 17, Oops: 5, ImmediateOops: 6, NonImmediateOops: No
[3,438s][debug][gc,nmethod     ] Register NMethod: io.brackit.query.compiler.parser.Tokenizer.laSymSkipWS (0x00007943f81c2c08) [0x00007943f81c2d00, 0x00007943f81c2e58] Compiler: c1, Barriers: 0, Oops: 1, ImmediateOops: 0, NonImmediateOops: No
[3,438s][debug][gc,nmethod     ] Register NMethod: io.brackit.query.compiler.parser.Tokenizer.laSkipWS (0x00007943f81c2f08) [0x00007943f81c3000, 0x00007943f81c3120] Compiler: c1, Barriers: 0, Oops: 1, ImmediateOops: 0, NonImmediateOops: No
[3,438s][debug][gc,nmethod     ] Register NMethod: io.brackit.query.jdm.XMLChar.isNameChar (0x00007943f81c3208) [0x00007943f81c3300, 0x00007943f81c3490] Compiler: c1, Barriers: 0, Oops: 1, ImmediateOops: 0, NonImmediateOops: No
[3,438s][debug][gc,nmethod     ] Register NMethod: io.brackit.query.jdm.XMLChar.isNameStartChar (0x00007943f81c3508) [0x00007943f81c3600, 0x00007943f81c3850] Compiler: c1, Barriers: 0, Oops: 1, ImmediateOops: 0, NonImmediateOops: No
[3,438s][debug][gc,nmethod     ] Register NMethod: io.brackit.query.compiler.parser.Tokenizer.attemptSkipWS (0x00007943f81c3888) [0x00007943f81c3980, 0x00007943f81c3b10] Compiler: c1, Barriers: 0, Oops: 1, ImmediateOops: 0, NonImmediateOops: No
[3,438s][debug][gc,nmethod     ] Register NMethod: io.brackit.query.compiler.parser.Tokenizer.laSym (0x00007943f81c3b88) [0x00007943f81c3c80, 0x00007943f81c4298] Compiler: c1, Barriers: 6, Oops: 2, ImmediateOops: 2, NonImmediateOops: No
[3,438s][debug][gc,nmethod     ] Register NMethod: io.brackit.query.compiler.parser.Tokenizer.attemptSymSkipWS (0x00007943f81c4308) [0x00007943f81c4400, 0x00007943f81c45c8] Compiler: c1, Barriers: 0, Oops: 1, ImmediateOops: 0, NonImmediateOops: No
[3,439s][debug][gc,nmethod     ] Register NMethod: io.brackit.query.compiler.optimizer.walker.topdown.ScopeWalker$BindingTable.bind (0x00007943f81c4608) [0x00007943f81c4700, 0x00007943f81c4860] Compiler: c1, Barriers: 1, Oops: 1, ImmediateOops: 0, NonImmediateOops: No
[3,439s][debug][gc,nmethod     ] Register NMethod: io.brackit.query.compiler.optimizer.walker.topdown.ScopeWalker$Var.<init> (0x00007943f81c4908) [0x00007943f81c4a00, 0x00007943f81c4c60] Compiler: c1, Barriers: 9, Oops: 1, ImmediateOops: 0, NonImmediateOops: No
[3,439s][debug][gc,nmethod     ] Register NMethod: io.brackit.query.compiler.optimizer.walker.topdown.ScopeWalker$Scope$Node.<init> (0x00007943f81c4c88) [0x00007943f81c4d80, 0x00007943f81c5050] Compiler: c1, Barriers: 12, Oops: 1, ImmediateOops: 0, NonImmediateOops: No
[3,439s][debug][gc,nmethod     ] Register NMethod: io.brackit.query.compiler.optimizer.walker.topdown.ScopeWalker$BindingTable.closeScope (0x00007943f81c5088) [0x00007943f81c5180, 0x00007943f81c5360] Compiler: c1, Barriers: 5, Oops: 1, ImmediateOops: 0, NonImmediateOops: No
[3,439s][debug][gc,nmethod     ] Register NMethod: io.brackit.query.compiler.optimizer.walker.topdown.ScopeWalker$BindingTable.openScope (0x00007943f81c5388) [0x00007943f81c5480, 0x00007943f81c56d8] Compiler: c1, Barriers: 5, Oops: 1, ImmediateOops: 0, NonImmediateOops: No
[3,439s][debug][gc,nmethod     ] Register NMethod: io.brackit.query.compiler.optimizer.walker.topdown.ScopeWalker$Scope.<init> (0x00007943f81c5708) [0x00007943f81c5800, 0x00007943f81c59f0] Compiler: c1, Barriers: 6, Oops: 1, ImmediateOops: 0, NonImmediateOops: No
[3,440s][debug][gc,nmethod     ] Register NMethod: io.brackit.query.compiler.optimizer.walker.topdown.ScopeWalker$Scope.bind (0x00007943f81c5a08) [0x00007943f81c5b00, 0x00007943f81c6258] Compiler: c1, Barriers: 27, Oops: 1, ImmediateOops: 0, NonImmediateOops: No
[3,440s][debug][gc,nmethod     ] Register NMethod: io.brackit.query.compiler.optimizer.walker.topdown.ScopeWalker$Scope.open (0x00007943f81c6288) [0x00007943f81c6380, 0x00007943f81c6918] Compiler: c1, Barriers: 20, Oops: 1, ImmediateOops: 0, NonImmediateOops: No
[3,440s][debug][gc,nmethod     ] Register NMethod: it.unimi.dsi.fastutil.HashCommon.nextPowerOfTwo (0x00007943f81c6988) [0x00007943f81c6a80, 0x00007943f81c6bc8] Compiler: c1, Barriers: 0, Oops: 1, ImmediateOops: 0, NonImmediateOops: No
[3,440s][debug][gc,nmethod     ] Register NMethod: it.unimi.dsi.fastutil.HashCommon.maxFill (0x00007943f81c6c88) [0x00007943f81c6d80, 0x00007943f81c6eb8] Compiler: c1, Barriers: 0, Oops: 1, ImmediateOops: 0, NonImmediateOops: No
[3,443s][debug][gc,nmethod     ] Register NMethod: io.sirix.node.GrowingMemorySegment.toByteArray (0x0000794416e0e008) [0x0000794416e0e100, 0x0000794416e0e748] Compiler: jvmci, Barriers: 4, Oops: 1, ImmediateOops: 0, NonImmediateOops: No
[3,444s][debug][gc,nmethod     ] Register NMethod: io.sirix.node.xml.ElementNode.<init> (0x0000794416e0e788) [0x0000794416e0e880, 0x0000794416e0ed00] Compiler: jvmci, Barriers: 19, Oops: 1, ImmediateOops: 1, NonImmediateOops: No
[3,445s][debug][gc,nmethod     ] Register NMethod: java.util.ArrayDeque.push (0x0000794416e0ed88) [0x0000794416e0ee80, 0x0000794416e0f0a8] Compiler: jvmci, Barriers: 4, Oops: 0, ImmediateOops: 0, NonImmediateOops: No
[3,445s][debug][gc,nmethod     ] Register NMethod: io.brackit.query.sequence.AbstractSequence.evaluate (0x00007943f81c6f88) [0x00007943f81c7080, 0x00007943f81c7180] Compiler: c1, Barriers: 0, Oops: 1, ImmediateOops: 0, NonImmediateOops: No
[3,447s][debug][gc,director    ] Rule Major: Warmup 10%, Used: 640MB, UsedThreshold: 1228MB
[3,447s][debug][gc,director    ] Rule Minor: High Usage, Free: 11606MB(94,4%)
[3,447s][debug][gc,nmethod     ] Register NMethod: java.util.ArrayDeque.addFirst (0x0000794416e0f108) [0x0000794416e0f200, 0x0000794416e0f428] Compiler: jvmci, Barriers: 4, Oops: 0, ImmediateOops: 0, NonImmediateOops: No
[3,447s][debug][gc,nmethod     ] Register NMethod: io.sirix.axis.AbstractAxis.hasNext (0x00007943f81c7288) [0x00007943f81c7380, 0x00007943f81c7e48] Compiler: c1, Barriers: 2, Oops: 1, ImmediateOops: 1, NonImmediateOops: No
[3,448s][debug][gc,nmethod     ] Register NMethod: com.sun.org.apache.xerces.internal.impl.XMLDocumentFragmentScannerImpl$ElementStack.popElement (0x0000794416e0f488) [0x0000794416e0f580, 0x0000794416e0f760] Compiler: jvmci, Barriers: 3, Oops: 0, ImmediateOops: 0, NonImmediateOops: No
[3,449s][debug][gc,nmethod     ] Register NMethod: java.util.HashMap.putIfAbsent (0x00007943f81c7e88) [0x00007943f81c7f80, 0x00007943f81c8120] Compiler: c1, Barriers: 0, Oops: 0, ImmediateOops: 0, NonImmediateOops: No
[3,449s][debug][gc,nmethod     ] Register NMethod: java.lang.StringLatin1.getChars (0x00007943f81c8188) [0x00007943f81c8280, 0x00007943f81c8388] Compiler: c1, Barriers: 0, Oops: 0, ImmediateOops: 0, NonImmediateOops: No
[3,449s][debug][gc,nmethod     ] Register NMethod: java.lang.String.getChars (0x00007943f81c8488) [0x00007943f81c8580, 0x00007943f81c8858] Compiler: c1, Barriers: 1, Oops: 0, ImmediateOops: 2, NonImmediateOops: No
[3,450s][debug][gc,nmethod     ] Register NMethod: java.util.concurrent.ConcurrentHashMap.initTable (0x00007943f81c8888) [0x00007943f81c8980, 0x00007943f81c8e68] Compiler: c1, Barriers: 6, Oops: 0, ImmediateOops: 0, NonImmediateOops: No
[3,450s][debug][gc,nmethod     ] Register NMethod: io.brackit.query.jdm.type.ElementType.getQName (0x0000794416e0f788) [0x0000794416e0f880, 0x0000794416e0f968] Compiler: c1, Barriers: 1, Oops: 1, ImmediateOops: 0, NonImmediateOops: No
[3,451s][debug][gc,nmethod     ] Register NMethod: com.github.benmanes.caffeine.cache.FrequencySketch.increment (0x00007943f81c8e88) [0x00007943f81c8f80, 0x00007943f81c93a8] Compiler: c1, Barriers: 1, Oops: 1, ImmediateOops: 0, NonImmediateOops: No
[3,453s][debug][gc,nmethod     ] Register NMethod: java.io.BufferedWriter.ensureOpen (0x00007943f81c9408) [0x00007943f81c9500, 0x00007943f81c96f8] Compiler: c1, Barriers: 1, Oops: 0, ImmediateOops: 1, NonImmediateOops: No
[3,454s][debug][gc,nmethod     ] Register NMethod: java.io.BufferedWriter.min (0x00007943f81c9708) [0x00007943f81c9800, 0x00007943f81c9930] Compiler: c1, Barriers: 0, Oops: 0, ImmediateOops: 0, NonImmediateOops: No
[3,454s][debug][gc,nmethod     ] Register NMethod: java.io.BufferedWriter.growIfNeeded (0x00007943f81c9a08) [0x00007943f81c9b00, 0x00007943f81c9d18] Compiler: c1, Barriers: 4, Oops: 0, ImmediateOops: 0, NonImmediateOops: No
[3,454s][debug][gc,nmethod     ] Register NMethod: java.io.PrintWriter.ensureOpen (0x00007943f81c9d88) [0x00007943f81c9e80, 0x00007943f81ca078] Compiler: c1, Barriers: 1, Oops: 0, ImmediateOops: 1, NonImmediateOops: No
[3,454s][debug][gc,nmethod     ] Register NMethod: java.io.BufferedWriter.write (0x00007943f81ca088) [0x00007943f81ca180, 0x00007943f81ca6d8] Compiler: c1, Barriers: 3, Oops: 0, ImmediateOops: 1, NonImmediateOops: No
[3,454s][debug][gc,nmethod     ] Register NMethod: java.io.PrintWriter.write (0x00007943f81ca708) [0x00007943f81ca800, 0x00007943f81ca970] Compiler: c1, Barriers: 1, Oops: 0, ImmediateOops: 0, NonImmediateOops: No
[3,454s][debug][gc,nmethod     ] Register NMethod: java.io.PrintWriter.write (0x00007943f81caa08) [0x00007943f81cab00, 0x00007943f81cafd8] Compiler: c1, Barriers: 3, Oops: 0, ImmediateOops: 1, NonImmediateOops: No
[3,457s][debug][gc,director    ] Rule Major: Warmup 10%, Used: 646MB, UsedThreshold: 1228MB
[3,457s][debug][gc,director    ] Rule Minor: High Usage, Free: 11600MB(94,4%)
[3,457s][debug][gc,nmethod     ] Register NMethod: io.brackit.query.expr.PathStepExpr$SequenceContextPathStepIter.next (0x00007943f81cb008) [0x00007943f81cb100, 0x00007943f81cc220] Compiler: c1, Barriers: 39, Oops: 2, ImmediateOops: 4, NonImmediateOops: No
[3,459s][debug][gc,nmethod     ] Register NMethod: com.github.benmanes.caffeine.cache.AccessOrderDeque.contains (0x00007943f81cc288) [0x00007943f81cc380, 0x00007943f81cc600] Compiler: c1, Barriers: 1, Oops: 1, ImmediateOops: 0, NonImmediateOops: No
[3,459s][debug][gc,nmethod     ] Register NMethod: io.brackit.query.jdm.type.ElementType.getNodeKind (0x00007943f81cc688) [0x00007943f81cc780, 0x00007943f81cc888] Compiler: c1, Barriers: 0, Oops: 1, ImmediateOops: 1, NonImmediateOops: No
[3,460s][debug][gc,nmethod     ] Register NMethod: io.sirix.settings.VersioningType$4.combineRecordPages (0x00007943f81cc988) [0x00007943f81cca80, 0x00007943f81d19a8] Compiler: c1, Barriers: 9, Oops: 1, ImmediateOops: 0, NonImmediateOops: No
[3,461s][debug][gc,nmethod     ] Register NMethod: java.io.PrintWriter.print (0x00007943f81d1a08) [0x00007943f81d1b00, 0x00007943f81d1ca0] Compiler: c1, Barriers: 1, Oops: 0, ImmediateOops: 1, NonImmediateOops: No
[3,461s][debug][gc,nmethod     ] Register NMethod: java.util.BitSet.valueOf (0x00007943f81d1d08) [0x00007943f81d1e00, 0x00007943f81d2410] Compiler: c1, Barriers: 3, Oops: 0, ImmediateOops: 1, NonImmediateOops: No
[3,463s][debug][gc,nmethod     ] Register NMethod: io.brackit.query.expr.PathStepExpr$PathStepSequence.<init> (0x00007943f81d2488) [0x00007943f81d2580, 0x00007943f81d28c8] Compiler: c1, Barriers: 15, Oops: 1, ImmediateOops: 0, NonImmediateOops: No
[3,463s][debug][gc,nmethod     ] Register NMethod: io.brackit.query.expr.PathStepExpr$PathStepSequence.iterate (0x00007943f81d2908) [0x00007943f81d2a00, 0x00007943f81d30b0] Compiler: c1, Barriers: 20, Oops: 1, ImmediateOops: 0, NonImmediateOops: No
[3,463s][debug][gc,nmethod     ] Register NMethod: io.brackit.query.expr.PathStepExpr.evaluate (0x00007943f81d3108) [0x00007943f81d3200, 0x00007943f81d3808] Compiler: c1, Barriers: 16, Oops: 1, ImmediateOops: 0, NonImmediateOops: No
[3,463s][debug][gc,nmethod     ] Register NMethod: jdk.internal.util.DecimalDigits.stringSize (0x00007943f81d3888) [0x00007943f81d3980, 0x00007943f81d3b30] Compiler: c1, Barriers: 0, Oops: 0, ImmediateOops: 0, NonImmediateOops: No
[3,463s][debug][gc,nmethod     ] Register NMethod: io.sirix.settings.VersioningType$4.combineRecordPages (0x00007943f81d3b88) [0x00007943f81d3c80, 0x00007943f81d88e0] Compiler: c1, Barriers: 9, Oops: 1, ImmediateOops: 0, NonImmediateOops: No
[3,463s][debug][gc,nmethod     ] Register NMethod: jdk.internal.util.DecimalDigits.uncheckedGetCharsLatin1 (0x00007943f81d8908) [0x00007943f81d8a00, 0x00007943f81d8da0] Compiler: c1, Barriers: 0, Oops: 0, ImmediateOops: 0, NonImmediateOops: No
[3,464s][debug][gc,nmethod     ] Register NMethod: io.sirix.page.PageKind$1.deserializePage (0x00007943f81d8e08) [0x00007943f81d8f00, 0x00007943f81dd248] Compiler: c1, Barriers: 3, Oops: 3, ImmediateOops: 5, NonImmediateOops: No
[3,465s][debug][gc,nmethod     ] Register NMethod: io.brackit.query.node.d2linked.ElementD2Node.getKind (0x00007943f81dd288) [0x00007943f81dd380, 0x00007943f81dd488] Compiler: c1, Barriers: 0, Oops: 1, ImmediateOops: 1, NonImmediateOops: No
[3,466s][debug][gc,nmethod     ] Register NMethod: io.sirix.access.trx.node.AbstractNodeReadOnlyTrx.getFirstChildKey (0x00007943f81dd588) [0x00007943f81dd680, 0x00007943f81dd8a8] Compiler: c1, Barriers: 0, Oops: 1, ImmediateOops: 1, NonImmediateOops: No
[3,466s][debug][gc,nmethod     ] Register NMethod: java.io.PrintWriter.print (0x00007943f81dd908) [0x00007943f81dda00, 0x00007943f81ddbd8] Compiler: c1, Barriers: 1, Oops: 0, ImmediateOops: 1, NonImmediateOops: No
[3,466s][debug][gc,nmethod     ] Register NMethod: io.sirix.query.node.XmlDBNode.getKind (0x00007943f81ddc08) [0x00007943f81ddd00, 0x00007943f81de138] Compiler: c1, Barriers: 2, Oops: 2, ImmediateOops: 9, NonImmediateOops: No
[3,467s][debug][gc,nmethod     ] Register NMethod: io.sirix.query.compiler.translator.SirixTranslator.getAxis (0x00007943f81de188) [0x00007943f81de280, 0x00007943f81e0320] Compiler: c1, Barriers: 21, Oops: 2, ImmediateOops: 1, NonImmediateOops: No
[3,467s][debug][gc,nmethod     ] Register NMethod: io.sirix.query.compiler.translator.SirixTranslator$Child.performStep (0x00007943f81e0388) [0x00007943f81e0480, 0x00007943f81e14c8] Compiler: c1, Barriers: 22, Oops: 1, ImmediateOops: 5, NonImmediateOops: No
[3,467s][debug][gc,nmethod     ] Register NMethod: com.github.benmanes.caffeine.cache.AbstractLinkedDeque.linkLast (0x00007943f81e1508) [0x00007943f81e1600, 0x00007943f81e19e8] Compiler: c1, Barriers: 7, Oops: 1, ImmediateOops: 0, NonImmediateOops: No
[3,467s][debug][gc,nmethod     ] Register NMethod: io.sirix.page.PageKind$1.deserializePage (0x00007943f81e1a08) [0x00007943f81e1b00, 0x00007943f81e5e20] Compiler: c1, Barriers: 3, Oops: 3, ImmediateOops: 5, NonImmediateOops: No
[3,467s][debug][gc,director    ] Rule Major: Warmup 10%, Used: 650MB, UsedThreshold: 1228MB
[3,467s][debug][gc,director    ] Rule Minor: High Usage, Free: 11596MB(94,4%)
[3,469s][debug][gc,nmethod     ] Register NMethod: io.sirix.page.PageKind$1.deserializePage (0x00007943f81e5e88) [0x00007943f81e5f80, 0x00007943f81e9f28] Compiler: c1, Barriers: 3, Oops: 3, ImmediateOops: 5, NonImmediateOops: No
[3,469s][debug][gc,nmethod     ] Register NMethod: io.sirix.page.PageReference.equals (0x00007943f81e9f88) [0x00007943f81ea080, 0x00007943f81ea268] Compiler: c1, Barriers: 0, Oops: 1, ImmediateOops: 0, NonImmediateOops: No
[3,470s][debug][gc,nmethod     ] Register NMethod: java.nio.ByteBuffer.allocate (0x00007943f81ea288) [0x00007943f81ea380, 0x00007943f81ea528] Compiler: c1, Barriers: 0, Oops: 0, ImmediateOops: 0, NonImmediateOops: No
[3,471s][debug][gc,nmethod     ] Register NMethod: java.lang.StringConcatHelper.stringSize (0x00007943f81ea588) [0x00007943f81ea680, 0x00007943f81ea840] Compiler: c1, Barriers: 0, Oops: 0, ImmediateOops: 1, NonImmediateOops: No
[3,471s][debug][gc,nmethod     ] Register NMethod: java.lang.StringConcatHelper.prepend (0x00007943f81ea888) [0x00007943f81ea980, 0x00007943f81eabe8] Compiler: c1, Barriers: 2, Oops: 0, ImmediateOops: 0, NonImmediateOops: No
[3,472s][debug][gc,nmethod     ] Register NMethod: org.gradle.internal.remote.internal.hub.MessageHub.access$300 (0x0000794416e0fa88) [0x0000794416e0fb80, 0x0000794416e0fc50] Compiler: c1, Barriers: 1, Oops: 1, ImmediateOops: 0, NonImmediateOops: No
[3,472s][debug][gc,nmethod     ] Register NMethod: java.nio.DirectByteBuffer.base (0x0000794416e0fd88) [0x0000794416e0fe80, 0x0000794416e0ff48] Compiler: c1, Barriers: 0, Oops: 0, ImmediateOops: 0, NonImmediateOops: No
[3,473s][debug][gc,nmethod     ] Register NMethod: java.util.concurrent.ConcurrentHashMap$Traverser.<init> (0x00007943f81eac08) [0x00007943f81ead00, 0x00007943f81eaf60] Compiler: c1, Barriers: 6, Oops: 0, ImmediateOops: 0, NonImmediateOops: No
[3,473s][debug][gc,nmethod     ] Register NMethod: java.util.concurrent.locks.ReentrantLock$Sync.isHeldExclusively (0x00007943f81eaf88) [0x00007943f81eb080, 0x00007943f81eb1f0] Compiler: c1, Barriers: 2, Oops: 0, ImmediateOops: 0, NonImmediateOops: No
[3,473s][debug][gc,nmethod     ] Register NMethod: org.junit.platform.engine.UniqueIdFormat$$Lambda/0x00000000a91b0f18.<init> (0x00007943f81eb288) [0x00007943f81eb380, 0x00007943f81eb4f0] Compiler: c1, Barriers: 3, Oops: 1, ImmediateOops: 0, NonImmediateOops: No
[3,474s][debug][gc,nmethod     ] Register NMethod: java.nio.DirectByteBuffer.isReadOnly (0x0000794416e10088) [0x0000794416e10180, 0x0000794416e10240] Compiler: c1, Barriers: 0, Oops: 0, ImmediateOops: 0, NonImmediateOops: No
[3,474s][debug][gc,nmethod     ] Register NMethod: org.junit.platform.engine.UniqueIdFormat.checkDoesNotContain (0x00007943f81eb588) [0x00007943f81eb680, 0x00007943f81eb9e0] Compiler: c1, Barriers: 3, Oops: 3, ImmediateOops: 2, NonImmediateOops: No
[3,474s][debug][gc,nmethod     ] Register NMethod: jdk.xml.internal.JdkXmlConfig.getJaxpConfig (0x0000794416e10388) [0x0000794416e10480, 0x0000794416e10568] Compiler: c1, Barriers: 1, Oops: 0, ImmediateOops: 0, NonImmediateOops: No
[3,475s][debug][gc,nmethod     ] Register NMethod: com.github.benmanes.caffeine.cache.AccessOrderDeque.getNext (0x00007943f81eba08) [0x00007943f81ebb00, 0x00007943f81ebc78] Compiler: c1, Barriers: 0, Oops: 1, ImmediateOops: 0, NonImmediateOops: No
[3,475s][debug][gc,nmethod     ] Register NMethod: com.github.benmanes.caffeine.cache.AccessOrderDeque.getPrevious (0x00007943f81ebd08) [0x00007943f81ebe00, 0x00007943f81ebf28] Compiler: c1, Barriers: 0, Oops: 1, ImmediateOops: 0, NonImmediateOops: No
[3,475s][debug][gc,nmethod     ] Register NMethod: com.github.benmanes.caffeine.cache.AccessOrderDeque.getNext (0x00007943f81ec008) [0x00007943f81ec100, 0x00007943f81ec228] Compiler: c1, Barriers: 0, Oops: 1, ImmediateOops: 0, NonImmediateOops: No
[3,475s][debug][gc,nmethod     ] Register NMethod: com.github.benmanes.caffeine.cache.AccessOrderDeque.getPrevious (0x00007943f81ec308) [0x00007943f81ec400, 0x00007943f81ec578] Compiler: c1, Barriers: 0, Oops: 1, ImmediateOops: 0, NonImmediateOops: No
[3,475s][debug][gc,nmethod     ] Register NMethod: com.github.benmanes.caffeine.cache.RemovalCause$1.wasEvicted (0x0000794416e10688) [0x0000794416e10780, 0x0000794416e10840] Compiler: c1, Barriers: 0, Oops: 1, ImmediateOops: 0, NonImmediateOops: No
[3,475s][debug][gc,nmethod     ] Register NMethod: com.google.gson.stream.JsonReader.nextName (0x00007943f81ec608) [0x00007943f81ec700, 0x00007943f81ecd58] Compiler: c1, Barriers: 4, Oops: 1, ImmediateOops: 3, NonImmediateOops: No
[3,476s][debug][gc,nmethod     ] Register NMethod: com.github.benmanes.caffeine.cache.AbstractLinkedDeque.unlink (0x00007943f81ecd88) [0x00007943f81ece80, 0x00007943f81ed460] Compiler: c1, Barriers: 6, Oops: 1, ImmediateOops: 0, NonImmediateOops: No
[3,476s][debug][gc,nmethod     ] Register NMethod: java.util.concurrent.locks.AbstractQueuedLongSynchronizer.compareAndSetState (0x00007943f81ed488) [0x00007943f81ed580, 0x00007943f81ed698] Compiler: c1, Barriers: 0, Oops: 0, ImmediateOops: 0, NonImmediateOops: No
[3,476s][debug][gc,nmethod     ] Register NMethod: java.util.HashMap.clear (0x00007943f81ed788) [0x00007943f81ed880, 0x00007943f81edac0] Compiler: c1, Barriers: 4, Oops: 0, ImmediateOops: 0, NonImmediateOops: No
[3,476s][debug][gc,nmethod     ] Register NMethod: sun.nio.fs.UnixNativeDispatcher.readdir0 (0x0000794416e10988) [0x0000794416e10a80, 0x0000794416e10da8] Compiler: , Barriers: 0, Oops: 0, ImmediateOops: 1, NonImmediateOops: No
[3,476s][debug][gc,nmethod     ] Register NMethod: sun.nio.fs.UnixDirectoryStream.readLock (0x00007943f81edb08) [0x00007943f81edc00, 0x00007943f81edd60] Compiler: c1, Barriers: 2, Oops: 0, ImmediateOops: 0, NonImmediateOops: No
[3,477s][debug][gc,nmethod     ] Register NMethod: ch.qos.logback.classic.LoggerContext.getTurboFilterChainDecision_0_3OrMore (0x00007943f81ede08) [0x00007943f81edf00, 0x00007943f81ee110] Compiler: c1, Barriers: 3, Oops: 1, ImmediateOops: 1, NonImmediateOops: No
[3,477s][debug][gc,director    ] Rule Major: Warmup 10%, Used: 654MB, UsedThreshold: 1228MB
[3,477s][debug][gc,director    ] Rule Minor: High Usage, Free: 11592MB(94,3%)
[3,478s][debug][gc,nmethod     ] Register NMethod: java.io.OutputStreamWriter.write (0x00007943f81ee188) [0x00007943f81ee280, 0x00007943f81ee3e0] Compiler: c1, Barriers: 1, Oops: 0, ImmediateOops: 0, NonImmediateOops: No
[3,478s][debug][gc,nmethod     ] Register NMethod: sun.nio.cs.StreamEncoder.write (0x00007943f81ee488) [0x00007943f81ee580, 0x00007943f81ee740] Compiler: c1, Barriers: 0, Oops: 0, ImmediateOops: 0, NonImmediateOops: No
[3,479s][debug][gc,nmethod     ] Register NMethod: com.sun.org.apache.xerces.internal.parsers.AbstractSAXParser.endElement (0x0000794416e10e08) [0x0000794416e10f00, 0x0000794416e137d0] Compiler: jvmci, Barriers: 61, Oops: 6, ImmediateOops: 6, NonImmediateOops: No
[3,479s][debug][gc,nmethod     ] Register NMethod: sun.nio.cs.StreamEncoder.write (0x00007943f81ee788) [0x00007943f81ee880, 0x00007943f81eeb38] Compiler: c1, Barriers: 0, Oops: 0, ImmediateOops: 0, NonImmediateOops: No
[3,480s][debug][gc,nmethod     ] Register NMethod: io.sirix.access.DatabaseConfiguration$DatabasePaths.getFile (0x0000794416e13808) [0x0000794416e13900, 0x0000794416e139e8] Compiler: c1, Barriers: 1, Oops: 1, ImmediateOops: 0, NonImmediateOops: No
[3,480s][debug][gc,nmethod     ] Register NMethod: sun.nio.fs.UnixPath.toString (0x00007943f81eeb88) [0x00007943f81eec80, 0x00007943f81eef50] Compiler: c1, Barriers: 6, Oops: 0, ImmediateOops: 1, NonImmediateOops: No
[3,483s][debug][gc,nmethod     ] Register NMethod: java.util.concurrent.ForkJoinPool.runWorker (0x00007943f81eef88) [0x00007943f81ef080, 0x00007943f81f0dc0] Compiler: c1, Barriers: 13, Oops: 1, ImmediateOops: 1, NonImmediateOops: No
[3,483s][debug][gc,nmethod     ] Register NMethod: io.sirix.node.xml.TextNode.hasRightSibling (0x0000794416e13b08) [0x0000794416e13c00, 0x0000794416e13ff8] Compiler: jvmci, Barriers: 4, Oops: 3, ImmediateOops: 0, NonImmediateOops: No
[3,485s][debug][gc,nmethod     ] Register NMethod: io.sirix.access.trx.node.AbstractNodeReadOnlyTrx.getNodeKey (0x0000794416e14088) [0x0000794416e14180, 0x0000794416e14320] Compiler: jvmci, Barriers: 1, Oops: 1, ImmediateOops: 0, NonImmediateOops: No
[3,485s][debug][gc,nmethod     ] Register NMethod: java.util.concurrent.ForkJoinPool.runWorker (0x00007943f81f0e08) [0x00007943f81f0f00, 0x00007943f81f2a10] Compiler: c1, Barriers: 13, Oops: 1, ImmediateOops: 1, NonImmediateOops: No
[3,485s][debug][gc,nmethod     ] Register NMethod: jdk.internal.misc.Blocker.begin (0x00007943f81f2a88) [0x00007943f81f2b80, 0x00007943f81f2c90] Compiler: c1, Barriers: 0, Oops: 0, ImmediateOops: 0, NonImmediateOops: No
[3,487s][debug][gc,director    ] Rule Major: Warmup 10%, Used: 656MB, UsedThreshold: 1228MB
[3,487s][debug][gc,director    ] Rule Minor: High Usage, Free: 11590MB(94,3%)
[3,490s][debug][gc,nmethod     ] Register NMethod: io.sirix.page.PageReference.getResourceId (0x0000794416e14388) [0x0000794416e14480, 0x0000794416e14540] Compiler: c1, Barriers: 0, Oops: 1, ImmediateOops: 0, NonImmediateOops: No
[3,490s][debug][gc,nmethod     ] Register NMethod: io.sirix.page.PageReference.getDatabaseId (0x0000794416e14688) [0x0000794416e14780, 0x0000794416e14840] Compiler: c1, Barriers: 0, Oops: 1, ImmediateOops: 0, NonImmediateOops: No
[3,490s][debug][gc,nmethod     ] Register NMethod: com.github.benmanes.caffeine.cache.NodeFactory.newReferenceKey (0x00007943f81f2d88) [0x00007943f81f2e80, 0x00007943f81f2f80] Compiler: c1, Barriers: 0, Oops: 1, ImmediateOops: 0, NonImmediateOops: No
[3,490s][debug][gc,nmethod     ] Register NMethod: com.github.benmanes.caffeine.cache.LocalCache.compute (0x00007943f81f3088) [0x00007943f81f3180, 0x00007943f81f3308] Compiler: c1, Barriers: 0, Oops: 1, ImmediateOops: 0, NonImmediateOops: No
[3,490s][debug][gc,nmethod     ] Register NMethod: com.github.benmanes.caffeine.cache.BoundedLocalCache.compute (0x00007943f81f3388) [0x00007943f81f3480, 0x00007943f81f3968] Compiler: c1, Barriers: 1, Oops: 4, ImmediateOops: 3, NonImmediateOops: No
[3,491s][debug][gc,nmethod     ] Register NMethod: java.nio.HeapByteBuffer.slice (0x00007943f81f3a08) [0x00007943f81f3b00, 0x00007943f81f3d38] Compiler: c1, Barriers: 2, Oops: 0, ImmediateOops: 0, NonImmediateOops: No
[3,491s][debug][gc,nmethod     ] Register NMethod: java.nio.HeapByteBuffer.<init> (0x00007943f81f3d88) [0x00007943f81f3e80, 0x00007943f81f3ff0] Compiler: c1, Barriers: 0, Oops: 0, ImmediateOops: 0, NonImmediateOops: No
[3,492s][debug][gc,nmethod     ] Register NMethod: ch.qos.logback.classic.Logger.filterAndLog_0_Or3Plus (0x00007943f81f4088) [0x00007943f81f4180, 0x00007943f81f4418] Compiler: c1, Barriers: 1, Oops: 1, ImmediateOops: 2, NonImmediateOops: No
[3,492s][debug][gc,nmethod     ] Register NMethod: java.util.concurrent.ForkJoinTask.setNoUserHelp (0x00007943f81f4488) [0x00007943f81f4580, 0x00007943f81f4688] Compiler: c1, Barriers: 0, Oops: 0, ImmediateOops: 0, NonImmediateOops: No
[3,492s][debug][gc,nmethod     ] Register NMethod: java.util.LinkedHashMap.clear (0x00007943f81f4788) [0x00007943f81f4880, 0x00007943f81f4aa8] Compiler: c1, Barriers: 6, Oops: 0, ImmediateOops: 0, NonImmediateOops: No
[3,492s][debug][gc,nmethod     ] Register NMethod: com.github.benmanes.caffeine.cache.AccessOrderDeque.remove (0x00007943f81f4b08) [0x00007943f81f4c00, 0x00007943f81f4e38] Compiler: c1, Barriers: 1, Oops: 1, ImmediateOops: 0, NonImmediateOops: No
[3,493s][debug][gc,nmethod     ] Register NMethod: jdk.internal.misc.Unsafe.setMemory0 (0x0000794416e14988) [0x0000794416e14a80, 0x0000794416e14bd8] Compiler: , Barriers: 0, Oops: 0, ImmediateOops: 0, NonImmediateOops: No
[3,493s][debug][gc,nmethod     ] Register NMethod: java.util.concurrent.ForkJoinPool.runWorker (0x00007943f81f4e88) [0x00007943f81f4f80, 0x00007943f81f6bc8] Compiler: c1, Barriers: 13, Oops: 1, ImmediateOops: 1, NonImmediateOops: No
[3,493s][debug][gc,nmethod     ] Register NMethod: com.github.benmanes.caffeine.cache.BoundedLocalCache.requireIsAlive (0x00007943f81f6c08) [0x00007943f81f6d00, 0x00007943f81f7288] Compiler: c1, Barriers: 1, Oops: 6, ImmediateOops: 4, NonImmediateOops: No
[3,493s][debug][gc,nmethod     ] Register NMethod: com.sun.org.apache.xerces.internal.util.PropertyState.isExceptional (0x00007943f81f7308) [0x00007943f81f7400, 0x00007943f81f7538] Compiler: c1, Barriers: 1, Oops: 0, ImmediateOops: 0, NonImmediateOops: No
[3,493s][debug][gc,nmethod     ] Register NMethod: jdk.xml.internal.XMLSecurityManager$Limit.is (0x00007943f81f7608) [0x00007943f81f7700, 0x00007943f81f78f8] Compiler: c1, Barriers: 2, Oops: 0, ImmediateOops: 0, NonImmediateOops: No
[3,496s][debug][gc,nmethod     ] Register NMethod: it.unimi.dsi.fastutil.HashCommon.arraySize (0x00007943f81f7908) [0x00007943f81f7a00, 0x00007943f81f7e78] Compiler: c1, Barriers: 0, Oops: 1, ImmediateOops: 4, NonImmediateOops: No
[3,497s][debug][gc,director    ] Rule Major: Warmup 10%, Used: 656MB, UsedThreshold: 1228MB
[3,497s][debug][gc,director    ] Rule Minor: High Usage, Free: 11590MB(94,3%)
[3,498s][debug][gc,nmethod     ] Register NMethod: io.sirix.page.KeyValueLeafPage.resizeMemorySegment (0x0000794416e14c88) [0x0000794416e14d80, 0x0000794416e156e8] Compiler: jvmci, Barriers: 6, Oops: 3, ImmediateOops: 0, NonImmediateOops: No
[3,508s][debug][gc,director    ] Rule Major: Warmup 10%, Used: 658MB, UsedThreshold: 1228MB
[3,508s][debug][gc,director    ] Rule Minor: High Usage, Free: 11588MB(94,3%)
[3,508s][debug][gc,nmethod     ] Register NMethod: io.sirix.page.PageKind$1.serializePage (0x0000794416e15708) [0x0000794416e15800, 0x0000794416e19a48] Compiler: jvmci, Barriers: 98, Oops: 14, ImmediateOops: 5, NonImmediateOops: No
[3,509s][debug][gc,nmethod     ] Register NMethod: io.sirix.access.trx.node.AbstractResourceSession.getResourceConfig (0x0000794416e19b08) [0x0000794416e19c00, 0x0000794416e19ce8] Compiler: jvmci, Barriers: 1, Oops: 1, ImmediateOops: 0, NonImmediateOops: No
[3,510s][debug][gc,nmethod     ] Register NMethod: io.sirix.node.SirixDeweyID.<init> (0x0000794416e19e08) [0x0000794416e19f00, 0x0000794416e1a728] Compiler: jvmci, Barriers: 3, Oops: 1, ImmediateOops: 2, NonImmediateOops: No
[3,512s][debug][gc,nmethod     ] Register NMethod: io.sirix.node.xml.ElementNode.getLocalNameKey (0x0000794416e1a788) [0x0000794416e1a880, 0x0000794416e1ac60] Compiler: jvmci, Barriers: 4, Oops: 3, ImmediateOops: 0, NonImmediateOops: No
[3,513s][debug][gc,nmethod     ] Register NMethod: io.brackit.query.node.AbstractNode.<init> (0x0000794416e1ac88) [0x0000794416e1ad80, 0x0000794416e1ae00] Compiler: jvmci, Barriers: 0, Oops: 1, ImmediateOops: 0, NonImmediateOops: No
[3,517s][debug][gc,nmethod     ] Register NMethod: io.sirix.page.PageReference.setLogKey (0x00007943f81f7e88) [0x00007943f81f7f80, 0x00007943f81f8088] Compiler: c1, Barriers: 0, Oops: 1, ImmediateOops: 0, NonImmediateOops: No
[3,517s][debug][gc,nmethod     ] Register NMethod: io.sirix.axis.ChildAxis.<init> (0x0000794416e1af88) [0x0000794416e1b080, 0x0000794416e1b668] Compiler: jvmci, Barriers: 15, Oops: 1, ImmediateOops: 2, NonImmediateOops: No
[3,518s][debug][gc,director    ] Rule Major: Warmup 10%, Used: 662MB, UsedThreshold: 1228MB
[3,518s][debug][gc,director    ] Rule Minor: High Usage, Free: 11584MB(94,3%)
[3,518s][debug][gc,nmethod     ] Register NMethod: io.sirix.node.NodeKind$1.serialize (0x0000794416e1b688) [0x0000794416e1b780, 0x0000794416e228f0] Compiler: jvmci, Barriers: 152, Oops: 10, ImmediateOops: 1, NonImmediateOops: No
[3,518s][debug][gc,nmethod     ] Register NMethod: io.sirix.node.xml.ElementNode.getPrefixKey (0x0000794416e22988) [0x0000794416e22a80, 0x0000794416e22e60] Compiler: jvmci, Barriers: 4, Oops: 3, ImmediateOops: 0, NonImmediateOops: No
[3,520s][debug][gc,nmethod     ] Register NMethod: io.sirix.node.NullNode.<init> (0x00007943f81f8188) [0x00007943f81f8280, 0x00007943f81f87b8] Compiler: c1, Barriers: 3, Oops: 1, ImmediateOops: 0, NonImmediateOops: No
[3,525s][debug][gc,nmethod     ] Register NMethod: io.sirix.access.trx.page.NodePageReadOnlyTrx.getNamePage (0x0000794416e22e88) [0x0000794416e22f80, 0x0000794416e24180] Compiler: jvmci, Barriers: 34, Oops: 2, ImmediateOops: 0, NonImmediateOops: No
[3,526s][debug][gc,nmethod     ] Register NMethod: io.sirix.query.node.SubtreeProcessor.notifyStartElement (0x0000794416e24208) [0x0000794416e24300, 0x0000794416e24430] Compiler: jvmci, Barriers: 1, Oops: 1, ImmediateOops: 0, NonImmediateOops: No
[3,528s][debug][gc,director    ] Rule Major: Warmup 10%, Used: 668MB, UsedThreshold: 1228MB
[3,528s][debug][gc,director    ] Rule Minor: High Usage, Free: 11578MB(94,2%)
[3,530s][debug][gc,nmethod     ] Register NMethod: io.sirix.query.node.SubtreeBuilder.startElement (0x0000794416e24508) [0x0000794416e24600, 0x0000794416e25b48] Compiler: jvmci, Barriers: 45, Oops: 2, ImmediateOops: 3, NonImmediateOops: No
[3,531s][debug][gc,nmethod     ] Register NMethod: io.sirix.cache.SegmentAllocators.getIndexForSize (0x00007943f81f8808) [0x00007943f81f8900, 0x00007943f81f8e38] Compiler: c1, Barriers: 0, Oops: 1, ImmediateOops: 2, NonImmediateOops: No
[3,534s][debug][gc,nmethod     ] Register NMethod: io.sirix.index.path.summary.PathNode.hashCode (0x00007943f81f8e88) [0x00007943f81f8f80, 0x00007943f81f97c0] Compiler: c1, Barriers: 8, Oops: 1, ImmediateOops: 0, NonImmediateOops: No
[3,534s][debug][gc,nmethod     ] Register NMethod: io.sirix.node.delegates.NodeDelegate.hashCode (0x00007943f81f9808) [0x00007943f81f9900, 0x00007943f81fa668] Compiler: c1, Barriers: 10, Oops: 1, ImmediateOops: 1, NonImmediateOops: No
[3,534s][debug][gc,nmethod     ] Register NMethod: io.sirix.node.delegates.NameNodeDelegate.hashCode (0x00007943f81fa688) [0x00007943f81fa780, 0x00007943f81fb958] Compiler: c1, Barriers: 12, Oops: 1, ImmediateOops: 3, NonImmediateOops: No
[3,534s][debug][gc,nmethod     ] Register NMethod: io.sirix.service.xml.shredder.AbstractShredder.processStartTag (0x0000794416e25b88) [0x0000794416e25c80, 0x0000794416e26ba0] Compiler: jvmci, Barriers: 15, Oops: 1, ImmediateOops: 2, NonImmediateOops: No
[3,534s][debug][gc,nmethod     ] Register NMethod: java.lang.StringUTF16.compress (0x0000794416e26c08) [0x0000794416e26d00, 0x0000794416e26fd8] Compiler: jvmci, Barriers: 0, Oops: 0, ImmediateOops: 0, NonImmediateOops: No
[3,535s][debug][gc,nmethod     ] Register NMethod: com.sun.org.apache.xerces.internal.impl.XMLEntityScanner.scanChar (0x0000794416e27008) [0x0000794416e27100, 0x0000794416e27348] Compiler: jvmci, Barriers: 2, Oops: 0, ImmediateOops: 0, NonImmediateOops: No
[3,536s][debug][gc,nmethod     ] Register NMethod: io.sirix.node.delegates.NameNodeDelegate.<init> (0x00007943f81fb988) [0x00007943f81fba80, 0x00007943f81fbe30] Compiler: c1, Barriers: 3, Oops: 1, ImmediateOops: 1, NonImmediateOops: No
[3,536s][debug][gc,nmethod     ] Register NMethod: java.lang.String.<init> (0x0000794416e27388) [0x0000794416e27480, 0x0000794416e275e0] Compiler: jvmci, Barriers: 4, Oops: 0, ImmediateOops: 0, NonImmediateOops: No
[3,537s][debug][gc,nmethod     ] Register NMethod: io.sirix.index.path.summary.PathSummaryReader.getName (0x00007943f81fbe88) [0x00007943f81fbf80, 0x00007943f81fef48] Compiler: c1, Barriers: 12, Oops: 1, ImmediateOops: 5, NonImmediateOops: No
[3,538s][debug][gc,director    ] Rule Major: Warmup 10%, Used: 672MB, UsedThreshold: 1228MB
[3,538s][debug][gc,director    ] Rule Minor: High Usage, Free: 11574MB(94,2%)
[3,539s][debug][gc,nmethod     ] Register NMethod: net.openhft.hashing.LongHashFunction.hashBytes (0x0000794416e27688) [0x0000794416e27780, 0x0000794416e278a8] Compiler: jvmci, Barriers: 0, Oops: 1, ImmediateOops: 2, NonImmediateOops: No
[3,539s][debug][gc,nmethod     ] Register NMethod: sun.nio.cs.StreamDecoder.inReady (0x00007943f81fef88) [0x00007943f81ff080, 0x00007943f81ff6e8] Compiler: c1, Barriers: 2, Oops: 0, ImmediateOops: 0, NonImmediateOops: No
[3,539s][debug][gc,nmethod     ] Register NMethod: io.sirix.node.delegates.NodeDelegate.<init> (0x00007943f81ff708) [0x00007943f81ff800, 0x00007943f81ffd58] Compiler: c1, Barriers: 6, Oops: 1, ImmediateOops: 1, NonImmediateOops: No
[3,540s][debug][gc,nmethod     ] Register NMethod: io.sirix.access.trx.node.xml.XmlNodeReadOnlyTrxImpl.isDocumentRoot (0x0000794416e27988) [0x0000794416e27a80, 0x0000794416e27bc8] Compiler: jvmci, Barriers: 1, Oops: 1, ImmediateOops: 0, NonImmediateOops: No
[3,540s][debug][gc,nmethod     ] Register NMethod: io.sirix.index.path.summary.PathNode.<init> (0x00007943f81ffd88) [0x00007943f81ffe80, 0x00007943f8200ac8] Compiler: c1, Barriers: 15, Oops: 2, ImmediateOops: 2, NonImmediateOops: No
[3,541s][debug][gc,nmethod     ] Register NMethod: io.sirix.cache.RecordPageFragmentCache.remove (0x00007943f8200b08) [0x00007943f8200c00, 0x00007943f8200f40] Compiler: c1, Barriers: 1, Oops: 1, ImmediateOops: 0, NonImmediateOops: No
[3,541s][debug][gc,nmethod     ] Register NMethod: io.sirix.cache.RecordPageFragmentCache.remove (0x00007943f8200f88) [0x00007943f8201080, 0x00007943f82017e0] Compiler: c1, Barriers: 1, Oops: 1, ImmediateOops: 0, NonImmediateOops: No
[3,548s][debug][gc,director    ] Rule Major: Warmup 10%, Used: 678MB, UsedThreshold: 1228MB
[3,548s][debug][gc,director    ] Rule Minor: High Usage, Free: 11568MB(94,1%)
[3,558s][debug][gc,director    ] Rule Major: Warmup 10%, Used: 684MB, UsedThreshold: 1228MB
[3,558s][debug][gc,director    ] Rule Minor: High Usage, Free: 11562MB(94,1%)
[3,563s][debug][gc,nmethod     ] Register NMethod: io.sirix.access.trx.node.xml.XmlNodeTrxImpl.insertElementAsRightSibling (0x0000794416e27c88) [0x0000794416e27d80, 0x0000794416e29fb8] Compiler: jvmci, Barriers: 60, Oops: 4, ImmediateOops: 4, NonImmediateOops: No
[3,567s][debug][gc,nmethod     ] Register NMethod: io.sirix.access.trx.node.xml.XmlNodeTrxImpl.insertTextAsRightSibling (0x0000794416e2a008) [0x0000794416e2a100, 0x0000794416e2c2f0] Compiler: jvmci, Barriers: 53, Oops: 4, ImmediateOops: 2, NonImmediateOops: No
[3,568s][debug][gc,nmethod     ] Register NMethod: io.sirix.access.trx.node.xml.XmlNodeReadOnlyTrxImpl.isElement (0x0000794416e2c388) [0x0000794416e2c480, 0x0000794416e2c5c8] Compiler: jvmci, Barriers: 1, Oops: 1, ImmediateOops: 0, NonImmediateOops: No
[3,569s][debug][gc,director    ] Rule Major: Warmup 10%, Used: 690MB, UsedThreshold: 1228MB
[3,569s][debug][gc,director    ] Rule Minor: High Usage, Free: 11556MB(94,0%)
[3,569s][debug][gc,nmethod     ] Register NMethod: io.sirix.access.trx.node.xml.XmlNodeReadOnlyTrxImpl.getNameNode (0x0000794416e2c688) [0x0000794416e2c780, 0x0000794416e2c8c0] Compiler: jvmci, Barriers: 1, Oops: 1, ImmediateOops: 0, NonImmediateOops: No
[3,574s][debug][gc,nmethod     ] Register NMethod: io.sirix.access.trx.node.AbstractNodeReadOnlyTrx.hasFirstChild (0x0000794416e2c988) [0x0000794416e2ca80, 0x0000794416e2d0e8] Compiler: jvmci, Barriers: 7, Oops: 1, ImmediateOops: 0, NonImmediateOops: No
[3,577s][debug][gc,nmethod     ] Register NMethod: io.sirix.node.xml.ElementNode.hasFirstChild (0x0000794416e2d108) [0x0000794416e2d200, 0x0000794416e2d5f8] Compiler: jvmci, Barriers: 4, Oops: 3, ImmediateOops: 0, NonImmediateOops: No
[3,578s][debug][gc,nmethod     ] Register NMethod: io.sirix.page.AbstractForwardingPage.getOrCreateReference (0x0000794416e2d688) [0x0000794416e2d780, 0x0000794416e2e5c8] Compiler: jvmci, Barriers: 14, Oops: 3, ImmediateOops: 0, NonImmediateOops: No
[3,579s][debug][gc,director    ] Rule Major: Warmup 10%, Used: 696MB, UsedThreshold: 1228MB
[3,579s][debug][gc,director    ] Rule Minor: High Usage, Free: 11550MB(94,0%)
[3,589s][debug][gc,director    ] Rule Major: Warmup 10%, Used: 702MB, UsedThreshold: 1228MB
[3,589s][debug][gc,nmethod     ] Register NMethod: io.sirix.node.xml.ElementNode.computeHash (0x0000794416e2e608) [0x0000794416e2e700, 0x0000794416e33bc0] Compiler: jvmci, Barriers: 109, Oops: 11, ImmediateOops: 2, NonImmediateOops: No
[3,589s][debug][gc,director    ] Rule Minor: High Usage, Free: 11544MB(93,9%)
[3,593s][debug][gc,nmethod     ] Register NMethod: io.sirix.access.trx.node.AbstractDeweyIDManager.newFirstChildID (0x0000794416e33c88) [0x0000794416e33d80, 0x0000794416e35070] Compiler: jvmci, Barriers: 31, Oops: 2, ImmediateOops: 0, NonImmediateOops: No
[3,595s][debug][gc,alloc       ] Mutator Allocation Rate: 308,4MB/s Predicted: 345,5MB/s, Avg: 262,6(+/-52,3)MB/s
[3,595s][debug][gc,director    ] Rule Major: Warmup 10%, Used: 708MB, UsedThreshold: 1228MB
[3,595s][debug][gc,director    ] Rule Minor: High Usage, Free: 11538MB(93,9%)
[3,600s][debug][gc,nmethod     ] Register NMethod: io.sirix.access.trx.node.xml.XmlNodeFactoryImpl.createElementNode (0x0000794416e35088) [0x0000794416e35180, 0x0000794416e3a1f8] Compiler: jvmci, Barriers: 197, Oops: 15, ImmediateOops: 13, NonImmediateOops: No
[3,600s][debug][gc,nmethod     ] Register NMethod: io.sirix.cache.PageCache.remove (0x00007943f8201808) [0x00007943f8201900, 0x00007943f8201c40] Compiler: c1, Barriers: 1, Oops: 1, ImmediateOops: 0, NonImmediateOops: No
[3,604s][debug][gc,nmethod     ] Register NMethod: io.sirix.node.SirixDeweyID.<init> (0x0000794416e3a288) [0x0000794416e3a380, 0x0000794416e3a7c8] Compiler: jvmci, Barriers: 5, Oops: 1, ImmediateOops: 0, NonImmediateOops: No
[3,605s][debug][gc,director    ] Rule Major: Warmup 10%, Used: 716MB, UsedThreshold: 1228MB
[3,605s][debug][gc,director    ] Rule Minor: High Usage, Free: 11530MB(93,8%)
[3,610s][debug][gc,nmethod     ] Register NMethod: io.sirix.access.trx.node.xml.ForwardingXmlNodeReadOnlyTrx.hasFirstChild (0x0000794416e3a808) [0x0000794416e3a900, 0x0000794416e3aff0] Compiler: jvmci, Barriers: 8, Oops: 1, ImmediateOops: 0, NonImmediateOops: No
[3,610s][debug][gc,nmethod     ] Register NMethod: io.sirix.index.path.summary.PathSummaryReader.getStructuralNode (0x0000794416e3b008) [0x0000794416e3b100, 0x0000794416e3b1e0] Compiler: jvmci, Barriers: 1, Oops: 1, ImmediateOops: 0, NonImmediateOops: No
[3,611s][debug][gc,nmethod     ] Register NMethod: com.sun.org.apache.xerces.internal.parsers.AbstractSAXParser.endNamespaceMapping (0x0000794416e3b308) [0x0000794416e3b400, 0x0000794416e3b5b8] Compiler: jvmci, Barriers: 2, Oops: 0, ImmediateOops: 0, NonImmediateOops: No
[3,613s][debug][gc,nmethod     ] Register NMethod: io.sirix.cache.PageContainer.<init> (0x00007943f8201c88) [0x00007943f8201d80, 0x00007943f8201fc8] Compiler: c1, Barriers: 6, Oops: 1, ImmediateOops: 0, NonImmediateOops: No
[3,614s][debug][gc,nmethod     ] Register NMethod: io.sirix.access.trx.node.xml.XmlNodeTrxImpl.insertTextAsFirstChild (0x0000794416e3b608) [0x0000794416e3b700, 0x0000794416e3d068] Compiler: jvmci, Barriers: 47, Oops: 4, ImmediateOops: 2, NonImmediateOops: No
[3,615s][debug][gc,nmethod     ] Register NMethod: io.sirix.cache.RecordPageCache.remove (0x00007943f8202008) [0x00007943f8202100, 0x00007943f8202440] Compiler: c1, Barriers: 1, Oops: 1, ImmediateOops: 0, NonImmediateOops: No
[3,615s][debug][gc,director    ] Rule Major: Warmup 10%, Used: 722MB, UsedThreshold: 1228MB
[3,615s][debug][gc,nmethod     ] Register NMethod: io.sirix.cache.RecordPageCache.remove (0x00007943f8202488) [0x00007943f8202580, 0x00007943f8202ce0] Compiler: c1, Barriers: 1, Oops: 1, ImmediateOops: 0, NonImmediateOops: No
[3,615s][debug][gc,director    ] Rule Minor: High Usage, Free: 11524MB(93,8%)
[3,615s][debug][gc,nmethod     ] Register NMethod: io.sirix.cache.PageCache.remove (0x00007943f8202d08) [0x00007943f8202e00, 0x00007943f8203560] Compiler: c1, Barriers: 1, Oops: 1, ImmediateOops: 0, NonImmediateOops: No
[3,615s][debug][gc,nmethod     ] Register NMethod: io.sirix.cache.PageContainer.getInstance (0x00007943f8203588) [0x00007943f8203680, 0x00007943f8203b80] Compiler: c1, Barriers: 6, Oops: 1, ImmediateOops: 0, NonImmediateOops: No
[3,616s][debug][gc,nmethod     ] Register NMethod: io.sirix.cache.TransactionIntentLog.put (0x00007943f8203c08) [0x00007943f8203d00, 0x00007943f8207308] Compiler: c1, Barriers: 17, Oops: 1, ImmediateOops: 0, NonImmediateOops: No
[3,616s][debug][gc,nmethod     ] Register NMethod: jdk.internal.util.ArraysSupport.hashCode (0x0000794416e3d108) [0x0000794416e3d200, 0x0000794416e3d528] Compiler: jvmci, Barriers: 2, Oops: 0, ImmediateOops: 0, NonImmediateOops: No
[3,617s][debug][gc,nmethod     ] Register NMethod: com.sun.org.apache.xerces.internal.impl.XMLDocumentFragmentScannerImpl.scanDocument (0x0000794416e3d588) [0x0000794416e3d680, 0x0000794416e3ef70] Compiler: jvmci, Barriers: 29, Oops: 1, ImmediateOops: 0, NonImmediateOops: No
[3,617s][debug][gc,nmethod     ] Register NMethod: com.sun.org.apache.xerces.internal.util.AugmentationsImpl$SmallContainer.clear (0x0000794416e3ef88) [0x0000794416e3f080, 0x0000794416e3f2a8] Compiler: jvmci, Barriers: 5, Oops: 0, ImmediateOops: 0, NonImmediateOops: No
[3,618s][debug][gc,nmethod     ] Register NMethod: io.sirix.query.node.SubtreeProcessor.notifyEndElement (0x0000794416e3f308) [0x0000794416e3f400, 0x0000794416e3f530] Compiler: jvmci, Barriers: 1, Oops: 1, ImmediateOops: 0, NonImmediateOops: No
[3,619s][debug][gc,nmethod     ] Register NMethod: io.sirix.axis.filter.PathKindFilter.filter (0x0000794416e3f608) [0x0000794416e3f700, 0x0000794416e3f940] Compiler: jvmci, Barriers: 4, Oops: 1, ImmediateOops: 0, NonImmediateOops: No
[3,620s][debug][gc,nmethod     ] Register NMethod: com.sun.org.apache.xerces.internal.parsers.AbstractSAXParser.startNamespaceMapping (0x0000794416e3f988) [0x0000794416e3fa80, 0x0000794416e3fc38] Compiler: jvmci, Barriers: 2, Oops: 0, ImmediateOops: 0, NonImmediateOops: No
[3,621s][debug][gc,nmethod     ] Register NMethod: io.sirix.axis.filter.FilterAxis.reset (0x0000794416e3fc88) [0x0000794416e3fd80, 0x0000794416e3fee8] Compiler: jvmci, Barriers: 4, Oops: 1, ImmediateOops: 1, NonImmediateOops: No
[3,621s][debug][gc,nmethod     ] Register NMethod: io.sirix.axis.ChildAxis.reset (0x0000794416e3ff88) [0x0000794416e40080, 0x0000794416e40180] Compiler: jvmci, Barriers: 3, Oops: 1, ImmediateOops: 1, NonImmediateOops: No
[3,621s][debug][gc,nmethod     ] Register NMethod: jdk.internal.foreign.MemorySessionImpl$ResourceList.<init> (0x0000794416e40288) [0x0000794416e40380, 0x0000794416e40400] Compiler: jvmci, Barriers: 0, Oops: 0, ImmediateOops: 0, NonImmediateOops: No
[3,626s][debug][gc,director    ] Rule Major: Warmup 10%, Used: 732MB, UsedThreshold: 1228MB
[3,626s][debug][gc,director    ] Rule Minor: High Usage, Free: 11514MB(93,7%)
[3,626s][debug][gc,nmethod     ] Register NMethod: io.sirix.node.HashCountEntryNode.getKind (0x00007943f8207388) [0x00007943f8207480, 0x00007943f82077a0] Compiler: c1, Barriers: 0, Oops: 1, ImmediateOops: 1, NonImmediateOops: No
[3,626s][debug][gc,nmethod     ] Register NMethod: io.sirix.node.NodeKind$32.serialize (0x00007943f8207808) [0x00007943f8207900, 0x00007943f8207f00] Compiler: c1, Barriers: 1, Oops: 1, ImmediateOops: 0, NonImmediateOops: No
[3,627s][debug][gc,nmethod     ] Register NMethod: io.sirix.axis.AbstractAxis.resetToLastKey (0x0000794416e40588) [0x0000794416e40680, 0x0000794416e40a40] Compiler: jvmci, Barriers: 5, Oops: 1, ImmediateOops: 0, NonImmediateOops: No
[3,627s][debug][gc,nmethod     ] Register NMethod: io.sirix.node.MemorySegmentBytesOut.writeUtf8 (0x00007943f8207f88) [0x00007943f8208080, 0x00007943f8208a00] Compiler: c1, Barriers: 4, Oops: 2, ImmediateOops: 1, NonImmediateOops: No
[3,627s][debug][gc,nmethod     ] Register NMethod: io.sirix.node.HashCountEntryNode.getKind (0x00007943f8208a88) [0x00007943f8208b80, 0x00007943f8208c88] Compiler: c1, Barriers: 0, Oops: 1, ImmediateOops: 1, NonImmediateOops: No
[3,627s][debug][gc,nmethod     ] Register NMethod: io.sirix.node.NodeKind$31.serialize (0x00007943f8208d88) [0x00007943f8208e80, 0x00007943f8209710] Compiler: c1, Barriers: 2, Oops: 1, ImmediateOops: 0, NonImmediateOops: No
[3,630s][debug][gc,nmethod     ] Register NMethod: io.sirix.node.MemorySegmentBytesIn.toByteArray (0x00007943f8209788) [0x00007943f8209880, 0x00007943f82106d0] Compiler: c1, Barriers: 7, Oops: 9, ImmediateOops: 16, NonImmediateOops: No
[3,630s][debug][gc,nmethod     ] Register NMethod: java.util.stream.AbstractPipeline.exactOutputSizeIfKnown (0x00007943f8210788) [0x00007943f8210880, 0x00007943f8211898] Compiler: c1, Barriers: 3, Oops: 2, ImmediateOops: 2, NonImmediateOops: No
[3,633s][debug][gc,nmethod     ] Register NMethod: com.sun.org.apache.xerces.internal.impl.XMLDocumentFragmentScannerImpl.scanEndElement (0x0000794416e40a88) [0x0000794416e40b80, 0x0000794416e44b58] Compiler: jvmci, Barriers: 99, Oops: 8, ImmediateOops: 5, NonImmediateOops: No
[3,634s][debug][gc,nmethod     ] Register NMethod: jdk.internal.foreign.abi.SharedUtils.checkNative (0x00007943f8211908) [0x00007943f8211a00, 0x00007943f8212da0] Compiler: c1, Barriers: 0, Oops: 1, ImmediateOops: 3, NonImmediateOops: No
[3,635s][debug][gc,nmethod     ] Register NMethod: io.sirix.node.Bytes.elasticOffHeapByteBuffer (0x00007943f8212e08) [0x00007943f8212f00, 0x00007943f8213d08] Compiler: c1, Barriers: 9, Oops: 2, ImmediateOops: 1, NonImmediateOops: No
[3,635s][debug][gc,nmethod     ] Register NMethod: net.jpountz.lz4.LZ4BlockOutputStream.flushBufferedData (0x00007943f8213d88) [0x00007943f8213e80, 0x00007943f8214f20] Compiler: c1, Barriers: 14, Oops: 1, ImmediateOops: 0, NonImmediateOops: No
[3,635s][debug][gc,nmethod     ] Register NMethod: java.nio.HeapByteBuffer.put (0x00007943f8214f88) [0x00007943f8215080, 0x00007943f8215528] Compiler: c1, Barriers: 1, Oops: 0, ImmediateOops: 0, NonImmediateOops: No
[3,636s][debug][gc,director    ] Rule Major: Warmup 10%, Used: 768MB, UsedThreshold: 1228MB
[3,636s][debug][gc,director    ] Rule Minor: High Usage, Free: 11478MB(93,4%)
[3,637s][debug][gc,nmethod     ] Register NMethod: java.io.FilterOutputStream.<init> (0x00007943f8215588) [0x00007943f8215680, 0x00007943f82159d8] Compiler: c1, Barriers: 6, Oops: 0, ImmediateOops: 0, NonImmediateOops: No
[3,637s][debug][gc,nmethod     ] Register NMethod: io.sirix.query.node.SubtreeBuilder.endElement (0x0000794416e44c08) [0x0000794416e44d00, 0x0000794416e46598] Compiler: jvmci, Barriers: 46, Oops: 4, ImmediateOops: 1, NonImmediateOops: No
[3,642s][debug][gc,nmethod     ] Register NMethod: sun.nio.ch.IOStatus.normalize (0x00007943f8215a08) [0x00007943f8215b00, 0x00007943f8215c40] Compiler: c1, Barriers: 0, Oops: 0, ImmediateOops: 0, NonImmediateOops: No
[3,642s][debug][gc,nmethod     ] Register NMethod: sun.nio.ch.FileChannelImpl.size (0x00007943f8215d08) [0x00007943f8215e00, 0x00007943f8217bb8] Compiler: c1, Barriers: 6, Oops: 0, ImmediateOops: 1, NonImmediateOops: No
[3,642s][debug][gc,nmethod     ] Register NMethod: jdk.internal.foreign.MemorySessionImpl$ResourceList.cleanup (0x0000794416e46608) [0x0000794416e46700, 0x0000794416e470f0] Compiler: jvmci, Barriers: 9, Oops: 1, ImmediateOops: 2, NonImmediateOops: No
[3,645s][debug][gc,nmethod     ] Register NMethod: io.sirix.page.delegates.ReferencesPage4.getReferences (0x0000794416e47108) [0x0000794416e47200, 0x0000794416e472e8] Compiler: c1, Barriers: 1, Oops: 1, ImmediateOops: 0, NonImmediateOops: No
[3,645s][debug][gc,nmethod     ] Register NMethod: java.security.MessageDigestSpi.<init> (0x00007943f8217c08) [0x00007943f8217d00, 0x00007943f8217e58] Compiler: c1, Barriers: 0, Oops: 0, ImmediateOops: 0, NonImmediateOops: No
[3,645s][debug][gc,nmethod     ] Register NMethod: com.github.benmanes.caffeine.cache.UnboundedLocalCache$UnboundedLocalAsyncCache.cache (0x0000794416e47408) [0x0000794416e47500, 0x0000794416e475e8] Compiler: c1, Barriers: 1, Oops: 1, ImmediateOops: 0, NonImmediateOops: No
[3,645s][debug][gc,nmethod     ] Register NMethod: java.security.MessageDigest.digest (0x00007943f8217f08) [0x00007943f8218000, 0x00007943f8218568] Compiler: c1, Barriers: 1, Oops: 0, ImmediateOops: 0, NonImmediateOops: No
[3,645s][debug][gc,nmethod     ] Register NMethod: java.security.MessageDigest$Delegate.engineDigest (0x00007943f8218588) [0x00007943f8218680, 0x00007943f82189c0] Compiler: c1, Barriers: 1, Oops: 0, ImmediateOops: 0, NonImmediateOops: No
[3,645s][debug][gc,nmethod     ] Register NMethod: sun.security.provider.DigestBase.engineDigest (0x00007943f8218a08) [0x00007943f8218b00, 0x00007943f8218f48] Compiler: c1, Barriers: 0, Oops: 0, ImmediateOops: 1, NonImmediateOops: No
[3,646s][debug][gc,nmethod     ] Register NMethod: sun.security.provider.ByteArrayAccess.i2bBig (0x00007943f8218f88) [0x00007943f8219080, 0x00007943f8219ce0] Compiler: c1, Barriers: 0, Oops: 5, ImmediateOops: 5, NonImmediateOops: No
[3,646s][debug][gc,nmethod     ] Register NMethod: sun.security.provider.DigestBase.engineDigest (0x00007943f8219d88) [0x00007943f8219e80, 0x00007943f821bb20] Compiler: c1, Barriers: 2, Oops: 3, ImmediateOops: 5, NonImmediateOops: No
[3,646s][debug][gc,director    ] Rule Major: Warmup 10%, Used: 790MB, UsedThreshold: 1228MB
[3,646s][debug][gc,director    ] Rule Minor: High Usage, Free: 11456MB(93,2%)
[3,648s][debug][gc,nmethod     ] Register NMethod: io.brackit.query.node.parser.SAX2SubtreeHandlerAdapter.endElement (0x0000794416e47708) [0x0000794416e47800, 0x0000794416e49590] Compiler: jvmci, Barriers: 43, Oops: 4, ImmediateOops: 6, NonImmediateOops: No
[3,656s][debug][gc,director    ] Rule Major: Warmup 10%, Used: 790MB, UsedThreshold: 1228MB
[3,656s][debug][gc,director    ] Rule Minor: High Usage, Free: 11456MB(93,2%)
[3,658s][debug][gc,nmethod     ] Register NMethod: java.nio.MappedByteBuffer.flip (0x00007943f821bb88) [0x00007943f821bc80, 0x00007943f821be58] Compiler: c1, Barriers: 0, Oops: 0, ImmediateOops: 0, NonImmediateOops: No
[3,658s][debug][gc,nmethod     ] Register NMethod: java.nio.DirectByteBuffer.attachment (0x0000794416e49608) [0x0000794416e49700, 0x0000794416e497e8] Compiler: c1, Barriers: 1, Oops: 0, ImmediateOops: 0, NonImmediateOops: No
[3,663s][debug][gc,nmethod     ] Register NMethod: io.sirix.access.ResourceConfiguration.getDatabaseId (0x00007943f821be88) [0x00007943f821bf80, 0x00007943f821c2d8] Compiler: c1, Barriers: 1, Oops: 1, ImmediateOops: 0, NonImmediateOops: No
[3,663s][debug][gc,nmethod     ] Register NMethod: com.github.benmanes.caffeine.cache.AbstractLinkedDeque.offerLast (0x00007943f821c308) [0x00007943f821c400, 0x00007943f821ce78] Compiler: c1, Barriers: 0, Oops: 1, ImmediateOops: 0, NonImmediateOops: No
[3,664s][debug][gc,nmethod     ] Register NMethod: sun.nio.ch.IOUtil.read (0x00007943f821ce88) [0x00007943f821cf80, 0x00007943f821df08] Compiler: c1, Barriers: 0, Oops: 0, ImmediateOops: 1, NonImmediateOops: No
[3,665s][debug][gc,nmethod     ] Register NMethod: sun.nio.ch.IOUtil.readIntoNativeBuffer (0x00007943f821df88) [0x00007943f821e080, 0x00007943f8220738] Compiler: c1, Barriers: 4, Oops: 0, ImmediateOops: 4, NonImmediateOops: No
[3,665s][debug][gc,nmethod     ] Register NMethod: sun.nio.ch.IOUtil.read (0x00007943f8220788) [0x00007943f8220880, 0x00007943f82209a8] Compiler: c1, Barriers: 0, Oops: 0, ImmediateOops: 0, NonImmediateOops: No
[3,665s][debug][gc,nmethod     ] Register NMethod: java.nio.MappedByteBuffer.flip (0x00007943f8220a88) [0x00007943f8220b80, 0x00007943f8220f70] Compiler: c1, Barriers: 0, Oops: 0, ImmediateOops: 0, NonImmediateOops: No
[3,666s][debug][gc,nmethod     ] Register NMethod: com.github.benmanes.caffeine.cache.SSLMW.hitsInSample (0x0000794416e49908) [0x0000794416e49a00, 0x0000794416e49ac0] Compiler: c1, Barriers: 0, Oops: 1, ImmediateOops: 0, NonImmediateOops: No
[3,666s][debug][gc,nmethod     ] Register NMethod: io.sirix.node.NodeKind$32.deserialize (0x00007943f8220f88) [0x00007943f8221080, 0x00007943f8221330] Compiler: c1, Barriers: 0, Oops: 1, ImmediateOops: 0, NonImmediateOops: No
[3,666s][debug][gc,director    ] Rule Major: Warmup 10%, Used: 790MB, UsedThreshold: 1228MB
[3,666s][debug][gc,director    ] Rule Minor: High Usage, Free: 11456MB(93,2%)
[3,666s][debug][gc,nmethod     ] Register NMethod: io.sirix.node.NodeKind$31.deserialize (0x00007943f8221388) [0x00007943f8221480, 0x00007943f8221990] Compiler: c1, Barriers: 3, Oops: 1, ImmediateOops: 0, NonImmediateOops: No
[3,668s][debug][gc,nmethod     ] Register NMethod: java.io.ByteArrayInputStream.<init> (0x00007943f8221a08) [0x00007943f8221b00, 0x00007943f8221d48] Compiler: c1, Barriers: 3, Oops: 0, ImmediateOops: 0, NonImmediateOops: No
[3,669s][debug][gc,nmethod     ] Register NMethod: io.sirix.page.KeyValueLeafPage.decrementPinCount (0x00007943f8221d88) [0x00007943f8221e80, 0x00007943f8223258] Compiler: c1, Barriers: 5, Oops: 1, ImmediateOops: 2, NonImmediateOops: No
[3,669s][debug][gc,nmethod     ] Register NMethod: io.sirix.index.path.summary.PathNode.getURIKey (0x00007943f8223288) [0x00007943f8223380, 0x00007943f82234d0] Compiler: c1, Barriers: 1, Oops: 1, ImmediateOops: 0, NonImmediateOops: No
[3,669s][debug][gc,nmethod     ] Register NMethod: io.sirix.axis.pathsummary.AbstractAxis.hasNext (0x00007943f8223588) [0x00007943f8223680, 0x00007943f8223d28] Compiler: c1, Barriers: 2, Oops: 1, ImmediateOops: 1, NonImmediateOops: No
[3,669s][debug][gc,nmethod     ] Register NMethod: io.sirix.access.trx.page.NodePageTrx.getName (0x00007943f8223d88) [0x00007943f8223e80, 0x00007943f82261e8] Compiler: c1, Barriers: 11, Oops: 1, ImmediateOops: 3, NonImmediateOops: No
[3,671s][debug][gc,nmethod     ] Register NMethod: sun.nio.fs.UnixFileSystemProvider.exists (0x00007943f8226208) [0x00007943f8226300, 0x00007943f8226b50] Compiler: c1, Barriers: 0, Oops: 0, ImmediateOops: 0, NonImmediateOops: No
[3,671s][debug][gc,nmethod     ] Register NMethod: java.nio.file.Files.exists (0x00007943f8226b88) [0x00007943f8226c80, 0x00007943f8227448] Compiler: c1, Barriers: 2, Oops: 0, ImmediateOops: 0, NonImmediateOops: No
[3,671s][debug][gc,nmethod     ] Register NMethod: sun.nio.fs.UnixNativeDispatcher.access (0x00007943f8227488) [0x00007943f8227580, 0x00007943f8227bf0] Compiler: c1, Barriers: 0, Oops: 0, ImmediateOops: 0, NonImmediateOops: No
[3,671s][debug][gc,nmethod     ] Register NMethod: java.io.FilterInputStream.close (0x00007943f8227c08) [0x00007943f8227d00, 0x00007943f8228040] Compiler: c1, Barriers: 1, Oops: 0, ImmediateOops: 0, NonImmediateOops: No
[3,672s][debug][gc,nmethod     ] Register NMethod: io.sirix.page.delegates.BitmapReferencesPage.getReferences (0x0000794416e49c08) [0x0000794416e49d00, 0x0000794416e49de8] Compiler: c1, Barriers: 1, Oops: 1, ImmediateOops: 0, NonImmediateOops: No
[3,672s][debug][gc,nmethod     ] Register NMethod: io.sirix.BinaryEncodingVersion.values (0x00007943f8228088) [0x00007943f8228180, 0x00007943f8228660] Compiler: c1, Barriers: 0, Oops: 1, ImmediateOops: 1, NonImmediateOops: No
[3,672s][debug][gc,nmethod     ] Register NMethod: java.io.ByteArrayInputStream.close (0x00007943f8228688) [0x00007943f8228780, 0x00007943f8228880] Compiler: c1, Barriers: 0, Oops: 0, ImmediateOops: 0, NonImmediateOops: No
[3,672s][debug][gc,nmethod     ] Register NMethod: io.sirix.io.bytepipe.ByteHandlerPipeline.deserialize (0x00007943f8228988) [0x00007943f8228a80, 0x00007943f82296a0] Compiler: c1, Barriers: 1, Oops: 1, ImmediateOops: 0, NonImmediateOops: No
[3,673s][debug][gc,nmethod     ] Register NMethod: sun.nio.ch.UnixFileDispatcherImpl.allocationGranularity0 (0x0000794416e49f08) [0x0000794416e4a000, 0x0000794416e4a158] Compiler: , Barriers: 0, Oops: 0, ImmediateOops: 1, NonImmediateOops: No
[3,673s][debug][gc,nmethod     ] Register NMethod: sun.nio.ch.UnixFileDispatcherImpl.map0 (0x0000794416e4a208) [0x0000794416e4a300, 0x0000794416e4a478] Compiler: , Barriers: 0, Oops: 0, ImmediateOops: 1, NonImmediateOops: No
[3,673s][debug][gc,nmethod     ] Register NMethod: io.sirix.page.KeyValueLeafPage.setData (0x00007943f8229708) [0x00007943f8229800, 0x00007943f824eb40] Compiler: c1, Barriers: 104, Oops: 13, ImmediateOops: 82, NonImmediateOops: No
[3,673s][debug][gc,nmethod     ] Register NMethod: java.io.InputStream.readNBytes (0x00007943f824ec08) [0x00007943f824ed00, 0x00007943f8250da8] Compiler: c1, Barriers: 6, Oops: 1, ImmediateOops: 5, NonImmediateOops: No
[3,673s][debug][gc,nmethod     ] Register NMethod: io.sirix.io.AbstractReader.deserialize (0x00007943f8250e08) [0x00007943f8250f00, 0x00007943f8253e18] Compiler: c1, Barriers: 15, Oops: 2, ImmediateOops: 2, NonImmediateOops: No
[3,674s][debug][gc,nmethod     ] Register NMethod: io.sirix.io.bytepipe.LZ4Compressor.deserialize (0x00007943f8253e88) [0x00007943f8253f80, 0x00007943f8256d70] Compiler: c1, Barriers: 36, Oops: 5, ImmediateOops: 38, NonImmediateOops: No
[3,674s][debug][gc,nmethod     ] Register NMethod: net.jpountz.lz4.LZ4BlockInputStream.<init> (0x00007943f8256e08) [0x00007943f8256f00, 0x00007943f8259c28] Compiler: c1, Barriers: 36, Oops: 5, ImmediateOops: 38, NonImmediateOops: No
[3,674s][debug][gc,nmethod     ] Register NMethod: java.io.InputStream.readAllBytes (0x00007943f8259c88) [0x00007943f8259d80, 0x00007943f825a088] Compiler: c1, Barriers: 0, Oops: 0, ImmediateOops: 0, NonImmediateOops: No
[3,674s][debug][gc,nmethod     ] Register NMethod: java.lang.invoke.DirectMethodHandle$Holder.fieldAccess (0x00007943f825a108) [0x00007943f825a200, 0x00007943f825a6f8] Compiler: c1, Barriers: 0, Oops: 0, ImmediateOops: 0, NonImmediateOops: No
[3,674s][debug][gc,nmethod     ] Register NMethod: net.jpountz.lz4.LZ4BlockInputStream.<init> (0x00007943f825a708) [0x00007943f825a800, 0x00007943f825ada0] Compiler: c1, Barriers: 15, Oops: 1, ImmediateOops: 0, NonImmediateOops: No
[3,674s][debug][gc,nmethod     ] Register NMethod: it.unimi.dsi.fastutil.shorts.ShortArrayList.grow (0x00007943f825ae08) [0x00007943f825af00, 0x00007943f825b548] Compiler: c1, Barriers: 8, Oops: 1, ImmediateOops: 0, NonImmediateOops: No
[3,674s][debug][gc,nmethod     ] Register NMethod: sun.nio.fs.UnixFileAttributes.size (0x0000794416e4a508) [0x0000794416e4a600, 0x0000794416e4a6c0] Compiler: c1, Barriers: 0, Oops: 0, ImmediateOops: 0, NonImmediateOops: No
[3,674s][debug][gc,nmethod     ] Register NMethod: jdk.internal.foreign.ArenaImpl.scope (0x0000794416e4a808) [0x0000794416e4a900, 0x0000794416e4a9e8] Compiler: c1, Barriers: 1, Oops: 0, ImmediateOops: 0, NonImmediateOops: No
[3,674s][debug][gc,nmethod     ] Register NMethod: com.github.benmanes.caffeine.cache.BoundedLocalCache.expireAfterUpdate (0x00007943f825b588) [0x00007943f825b680, 0x00007943f825b9b0] Compiler: c1, Barriers: 0, Oops: 1, ImmediateOops: 0, NonImmediateOops: No
[3,674s][debug][gc,nmethod     ] Register NMethod: io.sirix.page.PageKind.getKind (0x00007943f825ba08) [0x00007943f825bb00, 0x00007943f825c440] Compiler: c1, Barriers: 2, Oops: 2, ImmediateOops: 2, NonImmediateOops: No
[3,674s][debug][gc,nmethod     ] Register NMethod: io.sirix.page.PagePersister.deserializePage (0x00007943f825c488) [0x00007943f825c580, 0x00007943f825d1d8] Compiler: c1, Barriers: 2, Oops: 2, ImmediateOops: 2, NonImmediateOops: No
[3,674s][debug][gc,nmethod     ] Register NMethod: java.util.concurrent.atomic.LongAdder.increment (0x00007943f825d208) [0x00007943f825d300, 0x00007943f825d448] Compiler: c1, Barriers: 0, Oops: 0, ImmediateOops: 0, NonImmediateOops: No
[3,674s][debug][gc,nmethod     ] Register NMethod: com.github.benmanes.caffeine.cache.LocalCache$$Lambda/0x00000000a92adc88.apply (0x00007943f825d508) [0x00007943f825d600, 0x00007943f825d9d8] Compiler: c1, Barriers: 2, Oops: 1, ImmediateOops: 0, NonImmediateOops: No
[3,675s][debug][gc,nmethod     ] Register NMethod: com.github.benmanes.caffeine.cache.LocalCache.lambda$statsAware$3 (0x00007943f825da08) [0x00007943f825db00, 0x00007943f825f7b0] Compiler: c1, Barriers: 0, Oops: 1, ImmediateOops: 0, NonImmediateOops: No
[3,675s][debug][gc,nmethod     ] Register NMethod: it.unimi.dsi.fastutil.shorts.ShortArrayList.add (0x00007943f825f808) [0x00007943f825f900, 0x00007943f825fbd8] Compiler: c1, Barriers: 1, Oops: 1, ImmediateOops: 0, NonImmediateOops: No
[3,675s][debug][gc,nmethod     ] Register NMethod: com.github.benmanes.caffeine.cache.BoundedLocalCache.notifyRemoval (0x00007943f825fc08) [0x00007943f825fd00, 0x00007943f8260c38] Compiler: c1, Barriers: 14, Oops: 4, ImmediateOops: 4, NonImmediateOops: No
[3,675s][debug][gc,nmethod     ] Register NMethod: net.jpountz.lz4.LZ4JNIFastDecompressor.decompress (0x00007943f8260c88) [0x00007943f8260d80, 0x00007943f8262410] Compiler: c1, Barriers: 0, Oops: 3, ImmediateOops: 4, NonImmediateOops: No
[3,675s][debug][gc,nmethod     ] Register NMethod: net.jpountz.lz4.LZ4BlockInputStream.<init> (0x00007943f8262488) [0x00007943f8262580, 0x00007943f8265918] Compiler: c1, Barriers: 39, Oops: 5, ImmediateOops: 38, NonImmediateOops: No
[3,676s][debug][gc,director    ] Rule Major: Warmup 10%, Used: 792MB, UsedThreshold: 1228MB
[3,676s][debug][gc,director    ] Rule Minor: High Usage, Free: 11454MB(93,2%)
[3,677s][debug][gc,nmethod     ] Register NMethod: sun.nio.ch.Util.isBufferTooLarge (0x00007943f8265988) [0x00007943f8265a80, 0x00007943f8265bc0] Compiler: c1, Barriers: 0, Oops: 0, ImmediateOops: 0, NonImmediateOops: No
[3,677s][debug][gc,nmethod     ] Register NMethod: io.brackit.query.compiler.parser.Tokenizer$Token.<init> (0x00007943f8265c88) [0x00007943f8265d80, 0x00007943f8265f60] Compiler: c1, Barriers: 3, Oops: 1, ImmediateOops: 0, NonImmediateOops: No
[3,677s][debug][gc,nmethod     ] Register NMethod: io.brackit.query.compiler.parser.Tokenizer.laSymSkipWS (0x00007943f8265f88) [0x00007943f8266080, 0x00007943f8266270] Compiler: c1, Barriers: 0, Oops: 1, ImmediateOops: 0, NonImmediateOops: No
[3,680s][debug][gc,nmethod     ] Register NMethod: io.brackit.query.compiler.AST.getValue (0x0000794416e4ab08) [0x0000794416e4ac00, 0x0000794416e4ace8] Compiler: c1, Barriers: 1, Oops: 1, ImmediateOops: 0, NonImmediateOops: No
[3,680s][debug][gc,nmethod     ] Register NMethod: java.util.logging.Logger.isLoggable (0x00007943f8266288) [0x00007943f8266380, 0x00007943f8266720] Compiler: c1, Barriers: 1, Oops: 0, ImmediateOops: 0, NonImmediateOops: No
[3,681s][debug][gc,nmethod     ] Register NMethod: io.brackit.query.util.log.UtilLogger.isTraceEnabled (0x00007943f8266788) [0x00007943f8266880, 0x00007943f8266e58] Compiler: c1, Barriers: 2, Oops: 2, ImmediateOops: 1, NonImmediateOops: No
[3,685s][debug][gc,nmethod     ] Register NMethod: io.brackit.query.expr.VCmpExpr.evaluate (0x00007943f8266e88) [0x00007943f8266f80, 0x00007943f8267280] Compiler: c1, Barriers: 0, Oops: 1, ImmediateOops: 0, NonImmediateOops: No
[3,685s][debug][gc,nmethod     ] Register NMethod: io.brackit.query.atomic.AbstractAtomic.atomize (0x00007943f8267308) [0x00007943f8267400, 0x00007943f8267500] Compiler: c1, Barriers: 0, Oops: 1, ImmediateOops: 0, NonImmediateOops: No
[3,685s][debug][gc,nmethod     ] Register NMethod: io.brackit.query.atomic.Una.type (0x00007943f8267608) [0x00007943f8267700, 0x00007943f8267808] Compiler: c1, Barriers: 0, Oops: 1, ImmediateOops: 1, NonImmediateOops: No
[3,685s][debug][gc,nmethod     ] Register NMethod: io.brackit.query.node.AbstractNode.atomize (0x00007943f8267908) [0x00007943f8267a00, 0x00007943f8267d00] Compiler: c1, Barriers: 0, Oops: 1, ImmediateOops: 0, NonImmediateOops: No
[3,685s][debug][gc,nmethod     ] Register NMethod: io.brackit.query.expr.GCmpExpr.evaluateToItem (0x00007943f8267d88) [0x00007943f8267e80, 0x00007943f8268670] Compiler: c1, Barriers: 3, Oops: 1, ImmediateOops: 0, NonImmediateOops: No
[3,686s][debug][gc,director    ] Rule Major: Warmup 10%, Used: 794MB, UsedThreshold: 1228MB
[3,686s][debug][gc,director    ] Rule Minor: High Usage, Free: 11452MB(93,2%)
[3,686s][debug][gc,nmethod     ] Register NMethod: io.sirix.page.KeyValueLeafPage.resizeMemorySegment (0x0000794416e4ae08) [0x0000794416e4af20, 0x0000794416e4daf0] Compiler: jvmci, Barriers: 54, Oops: 10, ImmediateOops: 10, NonImmediateOops: No
[3,687s][debug][gc,nmethod     ] Register NMethod: io.brackit.query.atomic.Int32.inc (0x00007943f8268688) [0x00007943f8268780, 0x00007943f8268f00] Compiler: c1, Barriers: 1, Oops: 1, ImmediateOops: 1, NonImmediateOops: No
[3,687s][debug][gc,nmethod     ] Register NMethod: io.brackit.query.expr.PathStepExpr$SequenceContextPathStepIter.close (0x00007943f8268f88) [0x00007943f8269080, 0x00007943f8269630] Compiler: c1, Barriers: 2, Oops: 1, ImmediateOops: 0, NonImmediateOops: No
[3,687s][debug][gc,nmethod     ] Register NMethod: io.brackit.query.util.Cmp.gCmp (0x00007943f8269688) [0x00007943f8269780, 0x00007943f826c3b0] Compiler: c1, Barriers: 0, Oops: 1, ImmediateOops: 0, NonImmediateOops: No
[3,687s][debug][gc,nmethod     ] Register NMethod: io.brackit.query.util.Cmp.aCmp (0x00007943f826c408) [0x00007943f826c500, 0x00007943f826cf50] Compiler: c1, Barriers: 0, Oops: 1, ImmediateOops: 8, NonImmediateOops: No
[3,687s][debug][gc,nmethod     ] Register NMethod: io.brackit.query.expr.PredicateExpr$DependentFilterSeq$1.predicate (0x00007943f826cf88) [0x00007943f826d080, 0x00007943f8270330] Compiler: c1, Barriers: 25, Oops: 1, ImmediateOops: 0, NonImmediateOops: No
[3,687s][debug][gc,nmethod     ] Register NMethod: io.sirix.access.trx.node.AbstractNodeReadOnlyTrx.getChildCount (0x00007943f8270388) [0x00007943f8270480, 0x00007943f8270ca0] Compiler: c1, Barriers: 0, Oops: 1, ImmediateOops: 1, NonImmediateOops: No
[3,688s][debug][gc,nmethod     ] Register NMethod: io.brackit.query.expr.PathStepExpr$ItemContextPathStepIter.next (0x00007943f8270d08) [0x00007943f8270e00, 0x00007943f8271fb8] Compiler: c1, Barriers: 15, Oops: 1, ImmediateOops: 4, NonImmediateOops: No
[3,688s][debug][gc,nmethod     ] Register NMethod: java.lang.StringConcatHelper.stringSize (0x00007943f8272008) [0x00007943f8272100, 0x00007943f8272368] Compiler: c1, Barriers: 0, Oops: 0, ImmediateOops: 1, NonImmediateOops: No
[3,688s][debug][gc,nmethod     ] Register NMethod: java.lang.StringConcatHelper.prepend (0x00007943f8272388) [0x00007943f8272480, 0x00007943f82733a8] Compiler: c1, Barriers: 2, Oops: 0, ImmediateOops: 0, NonImmediateOops: No
[3,690s][debug][gc,nmethod     ] Register NMethod: io.brackit.query.BrackitQueryContext.getNodeFactory (0x0000794416e4db88) [0x0000794416e4dc80, 0x0000794416e4dd68] Compiler: c1, Barriers: 1, Oops: 1, ImmediateOops: 0, NonImmediateOops: No
[3,690s][debug][gc,nmethod     ] Register NMethod: com.github.benmanes.caffeine.cache.BoundedLocalCache.afterRead (0x00007943f8273408) [0x00007943f8273500, 0x00007943f8274c58] Compiler: c1, Barriers: 2, Oops: 1, ImmediateOops: 0, NonImmediateOops: No
[3,690s][debug][gc,nmethod     ] Register NMethod: io.brackit.query.jdm.type.TextType.getNodeKind (0x00007943f8274c88) [0x00007943f8274d80, 0x00007943f8274e88] Compiler: c1, Barriers: 0, Oops: 1, ImmediateOops: 1, NonImmediateOops: No
[3,690s][debug][gc,nmethod     ] Register NMethod: io.brackit.query.expr.PathStepExpr$SequenceContextPathStepIter.<init> (0x00007943f8274f88) [0x00007943f8275080, 0x00007943f8275500] Compiler: c1, Barriers: 18, Oops: 1, ImmediateOops: 1, NonImmediateOops: No
[3,690s][debug][gc,nmethod     ] Register NMethod: io.brackit.query.expr.SequenceExpr$EvalSequence.sequence (0x00007943f8275588) [0x00007943f8275680, 0x00007943f82761e8] Compiler: c1, Barriers: 13, Oops: 1, ImmediateOops: 0, NonImmediateOops: No
[3,691s][debug][gc,nmethod     ] Register NMethod: com.github.benmanes.caffeine.cache.BoundedLocalCache.onAccess (0x00007943f8276208) [0x00007943f8276300, 0x00007943f827aec8] Compiler: c1, Barriers: 3, Oops: 7, ImmediateOops: 8, NonImmediateOops: No
[3,693s][debug][gc,nmethod     ] Register NMethod: com.github.benmanes.caffeine.cache.stats.ConcurrentStatsCounter.recordLoadSuccess (0x00007943f827af08) [0x00007943f827b000, 0x00007943f827b288] Compiler: c1, Barriers: 2, Oops: 1, ImmediateOops: 0, NonImmediateOops: No
[3,693s][debug][gc,nmethod     ] Register NMethod: java.lang.Long.compare (0x00007943f827b308) [0x00007943f827b400, 0x00007943f827b5c8] Compiler: c1, Barriers: 0, Oops: 0, ImmediateOops: 0, NonImmediateOops: No
[3,693s][debug][gc,nmethod     ] Register NMethod: io.brackit.query.atomic.Int32.longValue (0x00007943f827b608) [0x00007943f827b700, 0x00007943f827b808] Compiler: c1, Barriers: 0, Oops: 1, ImmediateOops: 0, NonImmediateOops: No
[3,693s][debug][gc,nmethod     ] Register NMethod: io.brackit.query.atomic.Counter.inc (0x00007943f827b908) [0x00007943f827ba00, 0x00007943f827be28] Compiler: c1, Barriers: 8, Oops: 1, ImmediateOops: 1, NonImmediateOops: No
[3,693s][debug][gc,nmethod     ] Register NMethod: io.brackit.query.node.d2linked.D2Node.<init> (0x00007943f827be88) [0x00007943f827bf80, 0x00007943f827c378] Compiler: c1, Barriers: 6, Oops: 1, ImmediateOops: 0, NonImmediateOops: No
[3,696s][debug][gc,director    ] Rule Major: Warmup 10%, Used: 798MB, UsedThreshold: 1228MB
[3,696s][debug][gc,director    ] Rule Minor: High Usage, Free: 11448MB(93,2%)
[3,700s][debug][gc,nmethod     ] Register NMethod: java.util.stream.Collectors$$Lambda/0x00000000a911d290.accept (0x00007943f827c388) [0x00007943f827c480, 0x00007943f827c660] Compiler: c1, Barriers: 2, Oops: 0, ImmediateOops: 0, NonImmediateOops: No
[3,700s][debug][gc,nmethod     ] Register NMethod: java.util.stream.Collectors.lambda$uniqKeysMapAccumulator$0 (0x00007943f827c688) [0x00007943f827c780, 0x00007943f827ca08] Compiler: c1, Barriers: 0, Oops: 0, ImmediateOops: 0, NonImmediateOops: No
[3,700s][debug][gc,nmethod     ] Register NMethod: jdk.internal.math.FloatingDecimal.isDigit (0x00007943f827ca88) [0x00007943f827cb80, 0x00007943f827cca8] Compiler: c1, Barriers: 0, Oops: 0, ImmediateOops: 0, NonImmediateOops: No
[3,701s][debug][gc,nmethod     ] Register NMethod: com.github.benmanes.caffeine.cache.BoundedLocalCache$UpdateTask.run (0x00007943f827cd88) [0x00007943f827ce80, 0x00007943f827e080] Compiler: c1, Barriers: 38, Oops: 1, ImmediateOops: 3, NonImmediateOops: No
[3,702s][debug][gc,nmethod     ] Register NMethod: jdk.internal.misc.Unsafe.putIntOpaque (0x00007943f827e108) [0x00007943f827e200, 0x00007943f827e308] Compiler: c1, Barriers: 0, Oops: 0, ImmediateOops: 0, NonImmediateOops: No
[3,702s][debug][gc,nmethod     ] Register NMethod: io.sirix.page.KeyValueLeafPage$$Lambda/0x00000000a92bec58.apply (0x00007943f827e408) [0x00007943f827e500, 0x00007943f827e678] Compiler: c1, Barriers: 0, Oops: 1, ImmediateOops: 0, NonImmediateOops: No
[3,702s][debug][gc,nmethod     ] Register NMethod: io.sirix.page.KeyValueLeafPage$$Lambda/0x00000000a92beea0.apply (0x00007943f827e708) [0x00007943f827e800, 0x00007943f827e9d0] Compiler: c1, Barriers: 0, Oops: 1, ImmediateOops: 0, NonImmediateOops: No
[3,702s][debug][gc,nmethod     ] Register NMethod: io.sirix.page.KeyValueLeafPage.lambda$getPinCountByTransaction$0 (0x00007943f827ea08) [0x00007943f827eb00, 0x00007943f827ed10] Compiler: c1, Barriers: 1, Oops: 1, ImmediateOops: 1, NonImmediateOops: No
[3,702s][debug][gc,nmethod     ] Register NMethod: io.brackit.query.sequence.FlatteningSequence$FlatteningIter.next (0x00007943f827ed88) [0x00007943f827ee80, 0x00007943f827f3f8] Compiler: c1, Barriers: 13, Oops: 1, ImmediateOops: 0, NonImmediateOops: No
[3,703s][debug][gc,nmethod     ] Register NMethod: io.brackit.query.atomic.Int64.type (0x00007943f827f408) [0x00007943f827f500, 0x00007943f827f608] Compiler: c1, Barriers: 0, Oops: 1, ImmediateOops: 1, NonImmediateOops: No
[3,703s][debug][gc,nmethod     ] Register NMethod: io.brackit.query.jdm.type.AtomicType.matches (0x00007943f827f708) [0x00007943f827f800, 0x00007943f827faf0] Compiler: c1, Barriers: 2, Oops: 1, ImmediateOops: 0, NonImmediateOops: No
[3,703s][debug][gc,nmethod     ] Register NMethod: io.brackit.query.atomic.Int64.cmp (0x00007943f827fb08) [0x00007943f827fc00, 0x00007943f8280718] Compiler: c1, Barriers: 7, Oops: 2, ImmediateOops: 2, NonImmediateOops: No
[3,703s][debug][gc,nmethod     ] Register NMethod: io.brackit.query.util.ExprUtil.materialize (0x00007943f8280788) [0x00007943f8280880, 0x00007943f8281378] Compiler: c1, Barriers: 14, Oops: 1, ImmediateOops: 3, NonImmediateOops: No
[3,705s][debug][gc,nmethod     ] Register NMethod: com.github.benmanes.caffeine.cache.SSLSMW.hitsInSample (0x0000794416e4de88) [0x0000794416e4df80, 0x0000794416e4e040] Compiler: c1, Barriers: 0, Oops: 1, ImmediateOops: 0, NonImmediateOops: No
[3,705s][debug][gc,nmethod     ] Register NMethod: com.github.benmanes.caffeine.cache.LocalManualCache.getIfPresent (0x00007943f8281388) [0x00007943f8281480, 0x00007943f8281608] Compiler: c1, Barriers: 1, Oops: 1, ImmediateOops: 0, NonImmediateOops: No
[3,705s][debug][gc,nmethod     ] Register NMethod: io.sirix.page.KeyValueLeafPage.lambda$incrementPinCount$0 (0x00007943f8281688) [0x00007943f8281780, 0x00007943f82818a0] Compiler: c1, Barriers: 0, Oops: 1, ImmediateOops: 0, NonImmediateOops: No
[3,705s][debug][gc,nmethod     ] Register NMethod: io.sirix.page.KeyValueLeafPage$$Lambda/0x00000000a92af498.apply (0x00007943f8281988) [0x00007943f8281a80, 0x00007943f8281bf0] Compiler: c1, Barriers: 0, Oops: 1, ImmediateOops: 0, NonImmediateOops: No
[3,706s][debug][gc,nmethod     ] Register NMethod: io.brackit.query.atomic.QNm.toString (0x00007943f8281c88) [0x00007943f8281d80, 0x00007943f8281fd8] Compiler: c1, Barriers: 4, Oops: 1, ImmediateOops: 0, NonImmediateOops: No
[3,706s][debug][gc,nmethod     ] Register NMethod: com.github.benmanes.caffeine.cache.BoundedLocalCache.getIfPresent (0x00007943f8282008) [0x00007943f8282100, 0x00007943f8282da8] Compiler: c1, Barriers: 4, Oops: 8, ImmediateOops: 5, NonImmediateOops: No
[3,706s][debug][gc,director    ] Rule Major: Warmup 10%, Used: 802MB, UsedThreshold: 1228MB
[3,707s][debug][gc,director    ] Rule Minor: High Usage, Free: 11444MB(93,1%)
[3,708s][debug][gc,nmethod     ] Register NMethod: jdk.internal.math.FloatingDecimal.check (0x00007943f8282e08) [0x00007943f8282f00, 0x00007943f8283568] Compiler: c1, Barriers: 2, Oops: 0, ImmediateOops: 5, NonImmediateOops: No
[3,711s][debug][gc,nmethod     ] Register NMethod: io.brackit.query.expr.PathStepExpr$ItemContextPathStepIter.close (0x00007943f8283588) [0x00007943f8283680, 0x00007943f82837e8] Compiler: c1, Barriers: 1, Oops: 1, ImmediateOops: 0, NonImmediateOops: No
[3,711s][debug][gc,nmethod     ] Register NMethod: io.brackit.query.atomic.Counter.<init> (0x00007943f8283888) [0x00007943f8283980, 0x00007943f8283a78] Compiler: c1, Barriers: 0, Oops: 1, ImmediateOops: 0, NonImmediateOops: No
[3,711s][debug][gc,alloc       ] Mutator Allocation Rate: 331,4MB/s Predicted: 357,6MB/s, Avg: 270,3(+/-53,8)MB/s
[3,712s][debug][gc,director    ] Rule Major: Warmup 10%, Used: 804MB, UsedThreshold: 1228MB
[3,712s][debug][gc,director    ] Rule Minor: High Usage, Free: 11442MB(93,1%)
[3,714s][debug][gc,nmethod     ] Register NMethod: io.sirix.page.PageReference.hashCode (0x00007943f8283b88) [0x00007943f8283c80, 0x00007943f8284d00] Compiler: c1, Barriers: 13, Oops: 1, ImmediateOops: 1, NonImmediateOops: No
[3,714s][debug][gc,nmethod     ] Register NMethod: io.brackit.query.expr.PathStepExpr$ItemContextPathStepIter.performStep (0x00007943f8284d88) [0x00007943f8284e80, 0x00007943f8285850] Compiler: c1, Barriers: 20, Oops: 2, ImmediateOops: 3, NonImmediateOops: No
[3,717s][debug][gc,nmethod     ] Register NMethod: java.util.concurrent.ConcurrentHashMap.sumCount (0x00007943f8285888) [0x00007943f8285980, 0x00007943f8285c10] Compiler: c1, Barriers: 2, Oops: 0, ImmediateOops: 0, NonImmediateOops: No
[3,717s][debug][gc,nmethod     ] Register NMethod: io.sirix.axis.filter.xml.TextFilter.filter (0x00007943f8285c88) [0x00007943f8285d80, 0x00007943f8285f40] Compiler: c1, Barriers: 1, Oops: 1, ImmediateOops: 1, NonImmediateOops: No
[3,717s][debug][gc,nmethod     ] Register NMethod: com.github.benmanes.caffeine.cache.BoundedLocalCache.computeIfPresent (0x00007943f8285f88) [0x00007943f8286080, 0x00007943f82869d8] Compiler: c1, Barriers: 3, Oops: 9, ImmediateOops: 5, NonImmediateOops: No
[3,718s][debug][gc,nmethod     ] Register NMethod: io.brackit.query.jdm.Type.isCastPrimitive (0x0000794416e4e188) [0x0000794416e4e280, 0x0000794416e4e340] Compiler: c1, Barriers: 0, Oops: 1, ImmediateOops: 0, NonImmediateOops: No
[3,718s][debug][gc,nmethod     ] Register NMethod: jdk.internal.math.FloatingDecimal.skipWhitespaces (0x00007943f8286a88) [0x00007943f8286b80, 0x00007943f8286e08] Compiler: c1, Barriers: 1, Oops: 1, ImmediateOops: 2, NonImmediateOops: No
[3,720s][debug][gc,nmethod     ] Register NMethod: io.sirix.cache.RecordPageCache.lambda$new$1 (0x00007943f8286e88) [0x00007943f8286f80, 0x00007943f82870f0] Compiler: c1, Barriers: 1, Oops: 1, ImmediateOops: 0, NonImmediateOops: No
[3,720s][debug][gc,nmethod     ] Register NMethod: io.sirix.cache.RecordPageCache$$Lambda/0x00000000a9257c68.weigh (0x00007943f8287188) [0x00007943f8287280, 0x00007943f8287458] Compiler: c1, Barriers: 1, Oops: 1, ImmediateOops: 0, NonImmediateOops: No
[3,722s][debug][gc,director    ] Rule Major: Warmup 10%, Used: 806MB, UsedThreshold: 1228MB
[3,722s][debug][gc,director    ] Rule Minor: High Usage, Free: 11440MB(93,1%)
[3,726s][debug][gc,nmethod     ] Register NMethod: io.brackit.query.atomic.Dbl.<init> (0x00007943f8287488) [0x00007943f8287580, 0x00007943f8287680] Compiler: c1, Barriers: 0, Oops: 1, ImmediateOops: 0, NonImmediateOops: No
[3,727s][debug][gc,nmethod     ] Register NMethod: io.sirix.cache.RecordPageFragmentCache.lambda$new$1 (0x00007943f8287788) [0x00007943f8287880, 0x00007943f82879f0] Compiler: c1, Barriers: 1, Oops: 1, ImmediateOops: 0, NonImmediateOops: No
[3,727s][debug][gc,nmethod     ] Register NMethod: io.sirix.cache.RecordPageFragmentCache$$Lambda/0x00000000a92554b0.weigh (0x00007943f8287a88) [0x00007943f8287b80, 0x00007943f8287d58] Compiler: c1, Barriers: 1, Oops: 1, ImmediateOops: 0, NonImmediateOops: No
[3,727s][debug][gc,nmethod     ] Register NMethod: com.github.benmanes.caffeine.cache.SSLSMW.missesInSample (0x0000794416e4e488) [0x0000794416e4e580, 0x0000794416e4e640] Compiler: c1, Barriers: 0, Oops: 1, ImmediateOops: 0, NonImmediateOops: No
[3,728s][debug][gc,nmethod     ] Register NMethod: io.sirix.page.KeyValueLeafPage.incrementPinCount (0x00007943f8287d88) [0x00007943f8287e80, 0x00007943f8288288] Compiler: c1, Barriers: 3, Oops: 1, ImmediateOops: 2, NonImmediateOops: No
[3,732s][debug][gc,director    ] Rule Major: Warmup 10%, Used: 810MB, UsedThreshold: 1228MB
[3,732s][debug][gc,director    ] Rule Minor: High Usage, Free: 11436MB(93,1%)
[3,734s][debug][gc,nmethod     ] Register NMethod: io.brackit.query.atomic.Int32.asIntNumeric (0x00007943f8288308) [0x00007943f8288400, 0x00007943f8288500] Compiler: c1, Barriers: 0, Oops: 1, ImmediateOops: 0, NonImmediateOops: No
[3,734s][debug][gc,nmethod     ] Register NMethod: io.brackit.query.atomic.Int32.cmp (0x00007943f8288608) [0x00007943f8288700, 0x00007943f8288d40] Compiler: c1, Barriers: 7, Oops: 2, ImmediateOops: 2, NonImmediateOops: No
[3,734s][debug][gc,nmethod     ] Register NMethod: io.brackit.query.sequence.LazySequence.get (0x00007943f8288d88) [0x00007943f8288e80, 0x00007943f8289668] Compiler: c1, Barriers: 8, Oops: 1, ImmediateOops: 2, NonImmediateOops: No
[3,735s][debug][gc,nmethod     ] Register NMethod: io.sirix.page.KeyValueLeafPage.addReferences (0x0000794416e4e788) [0x0000794416e4e880, 0x0000794416e52820] Compiler: jvmci, Barriers: 47, Oops: 5, ImmediateOops: 3, NonImmediateOops: No
[3,735s][debug][gc,nmethod     ] Register NMethod: io.sirix.page.KeyValueLeafPage.setData (0x0000794416e52888) [0x0000794416e52980, 0x0000794416e56d88] Compiler: jvmci, Barriers: 56, Oops: 4, ImmediateOops: 5, NonImmediateOops: No
[3,736s][debug][gc,nmethod     ] Register NMethod: io.sirix.access.trx.node.AbstractNodeReadOnlyTrx.getKind (0x0000794416e56e08) [0x0000794416e56f00, 0x0000794416e57090] Compiler: jvmci, Barriers: 1, Oops: 1, ImmediateOops: 3, NonImmediateOops: No
[3,736s][debug][gc,nmethod     ] Register NMethod: io.brackit.query.atomic.Una.asUna (0x00007943f8289688) [0x00007943f8289780, 0x00007943f8289880] Compiler: c1, Barriers: 0, Oops: 1, ImmediateOops: 0, NonImmediateOops: No
[3,737s][debug][gc,nmethod     ] Register NMethod: com.github.benmanes.caffeine.cache.PSMW.setQueueType (0x0000794416e57108) [0x0000794416e57200, 0x0000794416e572c0] Compiler: c1, Barriers: 0, Oops: 1, ImmediateOops: 0, NonImmediateOops: No
[3,739s][debug][gc,nmethod     ] Register NMethod: io.sirix.node.xml.ElementNode.hasRightSibling (0x0000794416e57408) [0x0000794416e57500, 0x0000794416e578f8] Compiler: jvmci, Barriers: 4, Oops: 3, ImmediateOops: 0, NonImmediateOops: No
[3,740s][debug][gc,nmethod     ] Register NMethod: jdk.internal.foreign.MemorySessionImpl.close (0x00007943f8289988) [0x00007943f8289a80, 0x00007943f8289c18] Compiler: c1, Barriers: 1, Oops: 0, ImmediateOops: 0, NonImmediateOops: No
[3,740s][debug][gc,nmethod     ] Register NMethod: jdk.internal.foreign.ArenaImpl.close (0x00007943f8289c88) [0x00007943f8289d80, 0x00007943f8289f50] Compiler: c1, Barriers: 2, Oops: 0, ImmediateOops: 0, NonImmediateOops: No
[3,740s][debug][gc,nmethod     ] Register NMethod: sun.nio.ch.UnixFileDispatcherImpl.unmap0 (0x0000794416e57988) [0x0000794416e57a80, 0x0000794416e57be0] Compiler: , Barriers: 0, Oops: 0, ImmediateOops: 1, NonImmediateOops: No
[3,740s][debug][gc,nmethod     ] Register NMethod: org.gradle.internal.io.StreamByteBuffer.hasRemaining (0x00007943f8289f88) [0x00007943f828a080, 0x00007943f828a1b8] Compiler: c1, Barriers: 0, Oops: 1, ImmediateOops: 0, NonImmediateOops: No
[3,742s][debug][gc,director    ] Rule Major: Warmup 10%, Used: 814MB, UsedThreshold: 1228MB
[3,742s][debug][gc,director    ] Rule Minor: High Usage, Free: 11432MB(93,0%)
[3,743s][debug][gc,nmethod     ] Register NMethod: com.github.benmanes.caffeine.cache.LocalCache$$Lambda/0x00000000a92adc88.<init> (0x00007943f828a288) [0x00007943f828a380, 0x00007943f828a578] Compiler: c1, Barriers: 6, Oops: 1, ImmediateOops: 0, NonImmediateOops: No
[3,743s][debug][gc,nmethod     ] Register NMethod: java.util.concurrent.ForkJoinTask$RunnableExecuteAction.compute (0x00007943f828a588) [0x00007943f828a680, 0x00007943f828a7e0] Compiler: c1, Barriers: 1, Oops: 0, ImmediateOops: 0, NonImmediateOops: No
[3,743s][debug][gc,nmethod     ] Register NMethod: java.util.concurrent.ForkJoinTask$RunnableExecuteAction.compute (0x00007943f828a888) [0x00007943f828a980, 0x00007943f828aae0] Compiler: c1, Barriers: 1, Oops: 0, ImmediateOops: 0, NonImmediateOops: No
[3,743s][debug][gc,nmethod     ] Register NMethod: java.util.concurrent.ForkJoinPool.poolIsStopping (0x00007943f828ab88) [0x00007943f828ac80, 0x00007943f828ad98] Compiler: c1, Barriers: 0, Oops: 0, ImmediateOops: 0, NonImmediateOops: No
[3,743s][debug][gc,nmethod     ] Register NMethod: com.github.benmanes.caffeine.cache.BoundedLocalCache$$Lambda/0x00000000a92aebe8.run (0x00007943f828ae88) [0x00007943f828af80, 0x00007943f828b180] Compiler: c1, Barriers: 4, Oops: 1, ImmediateOops: 0, NonImmediateOops: No
[3,743s][debug][gc,nmethod     ] Register NMethod: java.util.concurrent.ForkJoinTask$RunnableExecuteAction.setRawResult (0x00007943f828b208) [0x00007943f828b300, 0x00007943f828b3f8] Compiler: c1, Barriers: 0, Oops: 0, ImmediateOops: 0, NonImmediateOops: No
[3,743s][debug][gc,nmethod     ] Register NMethod: java.util.concurrent.ForkJoinTask$RunnableExecuteAction.setRawResult (0x00007943f828b508) [0x00007943f828b600, 0x00007943f828b728] Compiler: c1, Barriers: 0, Oops: 0, ImmediateOops: 0, NonImmediateOops: No
[3,743s][debug][gc,nmethod     ] Register NMethod: com.github.benmanes.caffeine.cache.BoundedLocalCache.lambda$notifyRemoval$1 (0x00007943f828b808) [0x00007943f828b900, 0x00007943f828bb90] Compiler: c1, Barriers: 1, Oops: 2, ImmediateOops: 2, NonImmediateOops: No
[3,744s][debug][gc,nmethod     ] Register NMethod: java.util.concurrent.ForkJoinTask$InterruptibleTask.exec (0x00007943f828bc08) [0x00007943f828bd00, 0x00007943f828c388] Compiler: c1, Barriers: 13, Oops: 0, ImmediateOops: 0, NonImmediateOops: No
[3,744s][debug][gc,nmethod     ] Register NMethod: java.util.concurrent.locks.ReentrantReadWriteLock$Sync.exclusiveCount (0x00007943f828c408) [0x00007943f828c500, 0x00007943f828c5f0] Compiler: c1, Barriers: 0, Oops: 0, ImmediateOops: 0, NonImmediateOops: No
[3,746s][debug][gc,nmethod     ] Register NMethod: com.google.gson.stream.JsonWriter.string (0x00007943f828c708) [0x00007943f828c800, 0x00007943f828ced0] Compiler: c1, Barriers: 9, Oops: 2, ImmediateOops: 6, NonImmediateOops: No
[3,746s][debug][gc,nmethod     ] Register NMethod: io.sirix.access.ResourceConfiguration$ResourcePaths.getPath (0x0000794416e57c88) [0x0000794416e57d80, 0x0000794416e57e68] Compiler: c1, Barriers: 1, Oops: 1, ImmediateOops: 0, NonImmediateOops: No
[3,746s][debug][gc,nmethod     ] Register NMethod: com.google.gson.stream.JsonWriter.peek (0x00007943f828cf08) [0x00007943f828d000, 0x00007943f828d228] Compiler: c1, Barriers: 1, Oops: 1, ImmediateOops: 1, NonImmediateOops: No
[3,746s][debug][gc,nmethod     ] Register NMethod: sun.nio.fs.UnixPath.initOffsets (0x00007943f828d288) [0x00007943f828d380, 0x00007943f828dab0] Compiler: c1, Barriers: 8, Oops: 0, ImmediateOops: 0, NonImmediateOops: No
[3,748s][debug][gc,nmethod     ] Register NMethod: com.google.common.base.Preconditions.checkNotNull (0x00007943f828db08) [0x00007943f828dc00, 0x00007943f828dd88] Compiler: c1, Barriers: 0, Oops: 1, ImmediateOops: 0, NonImmediateOops: No
[3,748s][debug][gc,nmethod     ] Register NMethod: java.security.MessageDigest.<init> (0x00007943f828de08) [0x00007943f828df00, 0x00007943f828e0e8] Compiler: c1, Barriers: 6, Oops: 0, ImmediateOops: 0, NonImmediateOops: No
[3,748s][debug][gc,nmethod     ] Register NMethod: java.security.MessageDigest$Delegate$CloneableDelegate.<init> (0x00007943f828e108) [0x00007943f828e200, 0x00007943f828e470] Compiler: c1, Barriers: 9, Oops: 0, ImmediateOops: 0, NonImmediateOops: No
[3,748s][debug][gc,nmethod     ] Register NMethod: java.security.MessageDigest$Delegate.<init> (0x00007943f828e488) [0x00007943f828e580, 0x00007943f828e7e0] Compiler: c1, Barriers: 9, Oops: 0, ImmediateOops: 0, NonImmediateOops: No
[3,748s][debug][gc,nmethod     ] Register NMethod: java.security.MessageDigest$Delegate.engineUpdate (0x00007943f828e808) [0x00007943f828e900, 0x00007943f828ea58] Compiler: c1, Barriers: 1, Oops: 0, ImmediateOops: 0, NonImmediateOops: No
[3,748s][debug][gc,nmethod     ] Register NMethod: net.jpountz.lz4.LZ4Compressor.maxCompressedLength (0x00007943f828eb08) [0x00007943f828ec00, 0x00007943f828ed18] Compiler: c1, Barriers: 0, Oops: 1, ImmediateOops: 0, NonImmediateOops: No
[3,749s][debug][gc,nmethod     ] Register NMethod: sun.security.provider.DigestBase.clone (0x00007943f828ee08) [0x00007943f828ef00, 0x00007943f828f250] Compiler: c1, Barriers: 7, Oops: 0, ImmediateOops: 0, NonImmediateOops: No
[3,749s][debug][gc,nmethod     ] Register NMethod: java.security.MessageDigest.getDigestLength (0x00007943f828f288) [0x00007943f828f380, 0x00007943f828f660] Compiler: c1, Barriers: 2, Oops: 0, ImmediateOops: 0, NonImmediateOops: No
[3,749s][debug][gc,nmethod     ] Register NMethod: sun.security.provider.SHA2$SHA256.clone (0x00007943f828f688) [0x00007943f828f780, 0x00007943f828fd10] Compiler: c1, Barriers: 14, Oops: 0, ImmediateOops: 0, NonImmediateOops: No
[3,749s][debug][gc,nmethod     ] Register NMethod: sun.security.provider.SHA2.clone (0x00007943f828fd88) [0x00007943f828fe80, 0x00007943f8290400] Compiler: c1, Barriers: 14, Oops: 0, ImmediateOops: 0, NonImmediateOops: No
[3,749s][debug][gc,nmethod     ] Register NMethod: java.security.MessageDigest$Delegate.clone (0x00007943f8290408) [0x00007943f8290500, 0x00007943f8290a00] Compiler: c1, Barriers: 12, Oops: 0, ImmediateOops: 0, NonImmediateOops: No
[3,749s][debug][gc,nmethod     ] Register NMethod: java.security.MessageDigest$Delegate.engineGetDigestLength (0x00007943f8290a08) [0x00007943f8290b00, 0x00007943f8290c58] Compiler: c1, Barriers: 1, Oops: 0, ImmediateOops: 0, NonImmediateOops: No
[3,749s][debug][gc,nmethod     ] Register NMethod: io.sirix.io.bytepipe.LZ4Compressor.serialize (0x00007943f8290d08) [0x00007943f8290e00, 0x00007943f8291000] Compiler: c1, Barriers: 1, Oops: 1, ImmediateOops: 0, NonImmediateOops: No
[3,749s][debug][gc,nmethod     ] Register NMethod: net.jpountz.lz4.LZ4BlockOutputStream.close (0x00007943f8291088) [0x00007943f8291180, 0x00007943f82913a8] Compiler: c1, Barriers: 4, Oops: 1, ImmediateOops: 0, NonImmediateOops: No
[3,749s][debug][gc,nmethod     ] Register NMethod: net.jpountz.lz4.LZ4BlockOutputStream.finish (0x00007943f8291408) [0x00007943f8291500, 0x00007943f8291958] Compiler: c1, Barriers: 6, Oops: 1, ImmediateOops: 1, NonImmediateOops: No
[3,749s][debug][gc,nmethod     ] Register NMethod: net.jpountz.lz4.LZ4BlockOutputStream.write (0x00007943f8291988) [0x00007943f8291a80, 0x00007943f82921a8] Compiler: c1, Barriers: 2, Oops: 1, ImmediateOops: 2, NonImmediateOops: No
[3,749s][debug][gc,nmethod     ] Register NMethod: io.sirix.page.PagePersister.serializePage (0x00007943f8292208) [0x00007943f8292300, 0x00007943f8292600] Compiler: c1, Barriers: 1, Oops: 1, ImmediateOops: 1, NonImmediateOops: No
[3,750s][debug][gc,nmethod     ] Register NMethod: sun.security.provider.SHA2.implDigest (0x00007943f8292688) [0x00007943f8292780, 0x00007943f8292cc8] Compiler: c1, Barriers: 4, Oops: 3, ImmediateOops: 4, NonImmediateOops: No
[3,750s][debug][gc,nmethod     ] Register NMethod: io.sirix.page.PageKind.getKind (0x00007943f8292d08) [0x00007943f8292e00, 0x00007943f8293058] Compiler: c1, Barriers: 1, Oops: 1, ImmediateOops: 1, NonImmediateOops: No
[3,750s][debug][gc,nmethod     ] Register NMethod: net.jpountz.lz4.LZ4BlockOutputStream.<init> (0x00007943f8293088) [0x00007943f8293180, 0x00007943f8295218] Compiler: c1, Barriers: 36, Oops: 5, ImmediateOops: 37, NonImmediateOops: No
[3,750s][debug][gc,nmethod     ] Register NMethod: net.jpountz.lz4.LZ4BlockOutputStream.<init> (0x00007943f8295288) [0x00007943f8295380, 0x00007943f82959d8] Compiler: c1, Barriers: 18, Oops: 1, ImmediateOops: 1, NonImmediateOops: No
[3,750s][debug][gc,nmethod     ] Register NMethod: net.jpountz.lz4.LZ4BlockOutputStream.<init> (0x00007943f8295a08) [0x00007943f8295b00, 0x00007943f8297d68] Compiler: c1, Barriers: 39, Oops: 5, ImmediateOops: 37, NonImmediateOops: No
[3,750s][debug][gc,nmethod     ] Register NMethod: com.google.common.hash.MessageDigestHashFunction$MessageDigestHasher.<init> (0x00007943f8297e08) [0x00007943f8297f00, 0x00007943f8298168] Compiler: c1, Barriers: 6, Oops: 1, ImmediateOops: 1, NonImmediateOops: No
[3,750s][debug][gc,nmethod     ] Register NMethod: com.google.common.hash.AbstractByteHasher.<init> (0x00007943f8298188) [0x00007943f8298280, 0x00007943f8298450] Compiler: c1, Barriers: 3, Oops: 1, ImmediateOops: 1, NonImmediateOops: No
[3,750s][debug][gc,nmethod     ] Register NMethod: com.google.common.hash.MessageDigestHashFunction$MessageDigestHasher.<init> (0x00007943f8298488) [0x00007943f8298580, 0x00007943f82987d8] Compiler: c1, Barriers: 6, Oops: 1, ImmediateOops: 1, NonImmediateOops: No
[3,750s][debug][gc,nmethod     ] Register NMethod: com.google.common.hash.AbstractHasher.<init> (0x00007943f8298808) [0x00007943f8298900, 0x00007943f82989f8] Compiler: c1, Barriers: 0, Oops: 1, ImmediateOops: 0, NonImmediateOops: No
[3,750s][debug][gc,nmethod     ] Register NMethod: com.google.common.hash.HashCode.<init> (0x00007943f8298b08) [0x00007943f8298c00, 0x00007943f8298cf8] Compiler: c1, Barriers: 0, Oops: 1, ImmediateOops: 0, NonImmediateOops: No
[3,750s][debug][gc,nmethod     ] Register NMethod: com.google.common.hash.HashCode.fromBytesNoCopy (0x00007943f8298e08) [0x00007943f8298f00, 0x00007943f8299158] Compiler: c1, Barriers: 3, Oops: 1, ImmediateOops: 0, NonImmediateOops: No
[3,750s][debug][gc,nmethod     ] Register NMethod: com.google.common.hash.HashCode$BytesHashCode.<init> (0x00007943f8299188) [0x00007943f8299280, 0x00007943f82994a0] Compiler: c1, Barriers: 3, Oops: 1, ImmediateOops: 0, NonImmediateOops: No
[3,751s][debug][gc,nmethod     ] Register NMethod: net.jpountz.lz4.LZ4BlockOutputStream.compressionLevel (0x00007943f8299508) [0x00007943f8299600, 0x00007943f8299e60] Compiler: c1, Barriers: 0, Oops: 1, ImmediateOops: 4, NonImmediateOops: No
[3,752s][debug][gc,director    ] Rule Major: Warmup 10%, Used: 816MB, UsedThreshold: 1228MB
[3,752s][debug][gc,director    ] Rule Minor: High Usage, Free: 11430MB(93,0%)
[3,752s][debug][gc,nmethod     ] Register NMethod: io.sirix.io.filechannel.FileChannelWriter.writePageReference (0x00007943f8299e88) [0x00007943f8299f80, 0x00007943f829c610] Compiler: c1, Barriers: 52, Oops: 5, ImmediateOops: 13, NonImmediateOops: No
[3,755s][debug][gc,nmethod     ] Register NMethod: io.sirix.io.filechannel.FileChannelWriter.delegate (0x0000794416e57f88) [0x0000794416e58080, 0x0000794416e58168] Compiler: c1, Barriers: 1, Oops: 1, ImmediateOops: 0, NonImmediateOops: No
[3,755s][debug][gc,nmethod     ] Register NMethod: sun.nio.ch.UnixFileDispatcherImpl.pread (0x00007943f829c688) [0x00007943f829c780, 0x00007943f829c8a8] Compiler: c1, Barriers: 0, Oops: 0, ImmediateOops: 0, NonImmediateOops: No
[3,755s][debug][gc,nmethod     ] Register NMethod: com.github.benmanes.caffeine.cache.BoundedLocalCache.expireAfterCreate (0x00007943f829c988) [0x00007943f829ca80, 0x00007943f829cb80] Compiler: c1, Barriers: 0, Oops: 1, ImmediateOops: 0, NonImmediateOops: No
[3,755s][debug][gc,nmethod     ] Register NMethod: sun.nio.ch.FileChannelImpl.read (0x00007943f829cc88) [0x00007943f829cd80, 0x00007943f829cf50] Compiler: c1, Barriers: 0, Oops: 0, ImmediateOops: 1, NonImmediateOops: No
[3,755s][debug][gc,nmethod     ] Register NMethod: sun.nio.ch.FileChannelImpl.implRead (0x00007943f829cf88) [0x00007943f829d080, 0x00007943f829d470] Compiler: c1, Barriers: 0, Oops: 0, ImmediateOops: 1, NonImmediateOops: No
[3,755s][debug][gc,nmethod     ] Register NMethod: java.nio.ByteBuffer.base (0x0000794416e58288) [0x0000794416e58380, 0x0000794416e58468] Compiler: c1, Barriers: 1, Oops: 0, ImmediateOops: 0, NonImmediateOops: No
[3,756s][debug][gc,nmethod     ] Register NMethod: sun.nio.ch.FileChannelImpl.readInternal (0x00007943f829d488) [0x00007943f829d580, 0x00007943f829de00] Compiler: c1, Barriers: 7, Oops: 0, ImmediateOops: 1, NonImmediateOops: No
[3,756s][debug][gc,nmethod     ] Register NMethod: java.util.concurrent.locks.LockSupport.setCurrentBlocker (0x00007943f829de08) [0x00007943f829df00, 0x00007943f829e238] Compiler: c1, Barriers: 1, Oops: 0, ImmediateOops: 1, NonImmediateOops: No
[3,756s][debug][gc,nmethod     ] Register NMethod: com.github.benmanes.caffeine.cache.Node.<init> (0x00007943f829e288) [0x00007943f829e380, 0x00007943f829e478] Compiler: c1, Barriers: 0, Oops: 1, ImmediateOops: 0, NonImmediateOops: No
[3,757s][debug][gc,nmethod     ] Register NMethod: ch.qos.logback.classic.Logger.debug (0x00007943f829e588) [0x00007943f829e680, 0x00007943f829e7c8] Compiler: c1, Barriers: 0, Oops: 1, ImmediateOops: 2, NonImmediateOops: No
[3,757s][debug][gc,nmethod     ] Register NMethod: io.sirix.access.trx.page.NodePageReadOnlyTrx$PageFragmentsResult.storageKeyForFirstFragment (0x0000794416e58588) [0x0000794416e58680, 0x0000794416e58740] Compiler: c1, Barriers: 0, Oops: 1, ImmediateOops: 0, NonImmediateOops: No
[3,757s][debug][gc,nmethod     ] Register NMethod: io.sirix.access.trx.page.NodePageReadOnlyTrx$PageFragmentsResult.originalKeys (0x0000794416e58888) [0x0000794416e58980, 0x0000794416e58a68] Compiler: c1, Barriers: 1, Oops: 1, ImmediateOops: 0, NonImmediateOops: No
[3,757s][debug][gc,nmethod     ] Register NMethod: io.sirix.BinaryEncodingVersion.fromByte (0x00007943f829e888) [0x00007943f829e980, 0x00007943f829ec88] Compiler: c1, Barriers: 1, Oops: 1, ImmediateOops: 1, NonImmediateOops: No
[3,758s][debug][gc,nmethod     ] Register NMethod: com.github.benmanes.caffeine.cache.PS.<init> (0x00007943f829ed08) [0x00007943f829ee00, 0x00007943f829f438] Compiler: c1, Barriers: 6, Oops: 6, ImmediateOops: 4, NonImmediateOops: No
[3,758s][debug][gc,nmethod     ] Register NMethod: com.sun.org.apache.xerces.internal.util.FeatureState.isExceptional (0x00007943f829f488) [0x00007943f829f580, 0x00007943f829f6b8] Compiler: c1, Barriers: 1, Oops: 0, ImmediateOops: 0, NonImmediateOops: No
[3,758s][debug][gc,nmethod     ] Register NMethod: com.sun.org.apache.xerces.internal.xni.XMLString.<init> (0x00007943f829f788) [0x00007943f829f880, 0x00007943f829f978] Compiler: c1, Barriers: 0, Oops: 0, ImmediateOops: 0, NonImmediateOops: No
[3,759s][debug][gc,nmethod     ] Register NMethod: io.sirix.page.KeyValueLeafPage.getRevision (0x0000794416e58b88) [0x0000794416e58c80, 0x0000794416e58d40] Compiler: c1, Barriers: 0, Oops: 1, ImmediateOops: 0, NonImmediateOops: No
[3,759s][debug][gc,nmethod     ] Register NMethod: io.sirix.page.KeyValueLeafPage.processEntries (0x0000794416e58e88) [0x0000794416e58f80, 0x0000794416e5e878] Compiler: jvmci, Barriers: 144, Oops: 10, ImmediateOops: 8, NonImmediateOops: No
[3,759s][debug][gc,nmethod     ] Register NMethod: com.github.benmanes.caffeine.cache.PS.isDead (0x00007943f829fa88) [0x00007943f829fb80, 0x00007943f829fef8] Compiler: c1, Barriers: 1, Oops: 6, ImmediateOops: 3, NonImmediateOops: No
[3,759s][debug][gc,nmethod     ] Register NMethod: com.github.benmanes.caffeine.cache.BoundedLocalCache$RemovalTask.run (0x00007943f829ff88) [0x00007943f82a0080, 0x00007943f82a0790] Compiler: c1, Barriers: 13, Oops: 1, ImmediateOops: 0, NonImmediateOops: No
[3,759s][debug][gc,nmethod     ] Register NMethod: com.github.benmanes.caffeine.cache.PS.die (0x00007943f82a0808) [0x00007943f82a0900, 0x00007943f82a0e38] Compiler: c1, Barriers: 6, Oops: 7, ImmediateOops: 6, NonImmediateOops: No
[3,760s][debug][gc,nmethod     ] Register NMethod: it.unimi.dsi.fastutil.ints.Int2ObjectOpenHashMap.containsKey (0x00007943f82a0e88) [0x00007943f82a0f80, 0x00007943f82a1260] Compiler: c1, Barriers: 1, Oops: 1, ImmediateOops: 0, NonImmediateOops: No
[3,760s][debug][gc,nmethod     ] Register NMethod: com.sun.org.apache.xerces.internal.util.SymbolTable$Entry.<init> (0x00007943f82a1288) [0x00007943f82a1380, 0x00007943f82a17f8] Compiler: c1, Barriers: 10, Oops: 0, ImmediateOops: 0, NonImmediateOops: No
[3,760s][debug][gc,nmethod     ] Register NMethod: jdk.internal.foreign.SegmentBulkOperations.copy (0x0000794416e5e908) [0x0000794416e5ea00, 0x0000794416e5fec0] Compiler: jvmci, Barriers: 33, Oops: 1, ImmediateOops: 0, NonImmediateOops: No
[3,760s][debug][gc,nmethod     ] Register NMethod: com.github.benmanes.caffeine.cache.BoundedLocalCache$AddTask.run (0x00007943f82a1808) [0x00007943f82a1900, 0x00007943f82a3a80] Compiler: c1, Barriers: 37, Oops: 9, ImmediateOops: 12, NonImmediateOops: No
[3,760s][debug][gc,nmethod     ] Register NMethod: com.github.benmanes.caffeine.cache.BoundedLocalCache.makeDead (0x00007943f82a3b08) [0x00007943f82a3c00, 0x00007943f82a4b28] Compiler: c1, Barriers: 7, Oops: 8, ImmediateOops: 9, NonImmediateOops: No
[3,761s][debug][gc,nmethod     ] Register NMethod: io.sirix.index.path.summary.PathSummaryReader.lambda$putQNameMapping$0 (0x00007943f82a4b88) [0x00007943f82a4c80, 0x00007943f82a4e88] Compiler: c1, Barriers: 3, Oops: 1, ImmediateOops: 0, NonImmediateOops: No
[3,761s][debug][gc,nmethod     ] Register NMethod: io.sirix.index.path.summary.PathSummaryReader$$Lambda/0x00000000a92b9138.apply (0x00007943f82a4f08) [0x00007943f82a5000, 0x00007943f82a5260] Compiler: c1, Barriers: 3, Oops: 1, ImmediateOops: 0, NonImmediateOops: No
[3,762s][debug][gc,nmethod     ] Register NMethod: io.sirix.axis.AbstractAxis.tryToComputeNext (0x0000794416e5ff08) [0x0000794416e60000, 0x0000794416e62210] Compiler: jvmci, Barriers: 61, Oops: 2, ImmediateOops: 6, NonImmediateOops: No
[3,762s][debug][gc,director    ] Rule Major: Warmup 10%, Used: 818MB, UsedThreshold: 1228MB
[3,762s][debug][gc,director    ] Rule Minor: High Usage, Free: 11428MB(93,0%)
[3,764s][debug][gc,nmethod     ] Register NMethod: io.sirix.page.KeyValueLeafPage.getNumberOfNonNullEntries (0x0000794416e62288) [0x0000794416e62380, 0x0000794416e62768] Compiler: jvmci, Barriers: 3, Oops: 1, ImmediateOops: 0, NonImmediateOops: No
[3,767s][debug][gc,nmethod     ] Register NMethod: jdk.internal.util.ArraysSupport.mismatch (0x0000794416e62788) [0x0000794416e62880, 0x0000794416e62b28] Compiler: jvmci, Barriers: 0, Oops: 0, ImmediateOops: 0, NonImmediateOops: No
[3,768s][debug][gc,nmethod     ] Register NMethod: io.sirix.node.MemorySegmentBytesOut.clear (0x0000794416e62b88) [0x0000794416e62c80, 0x0000794416e62d68] Compiler: jvmci, Barriers: 1, Oops: 1, ImmediateOops: 0, NonImmediateOops: No
[3,770s][debug][gc,nmethod     ] Register NMethod: java.util.concurrent.ForkJoinPool.deactivate (0x0000794416e62e88) [0x0000794416e62f80, 0x0000794416e63a70] Compiler: jvmci, Barriers: 21, Oops: 0, ImmediateOops: 1, NonImmediateOops: No
[3,772s][debug][gc,director    ] Rule Major: Warmup 10%, Used: 824MB, UsedThreshold: 1228MB
[3,772s][debug][gc,director    ] Rule Minor: High Usage, Free: 11422MB(93,0%)
[3,773s][debug][gc,nmethod     ] Register NMethod: io.sirix.node.MemorySegmentBytesIn.readLong (0x0000794416e63a88) [0x0000794416e63b80, 0x0000794416e63f28] Compiler: jvmci, Barriers: 4, Oops: 3, ImmediateOops: 0, NonImmediateOops: No
[3,774s][debug][gc,nmethod     ] Register NMethod: io.sirix.access.trx.page.AbstractForwardingPageReadOnlyTrx.getResourceSession (0x0000794416e63f88) [0x0000794416e64080, 0x0000794416e641b8] Compiler: jvmci, Barriers: 2, Oops: 1, ImmediateOops: 0, NonImmediateOops: No
[3,775s][debug][gc,nmethod     ] Register NMethod: java.lang.String.checkBoundsOffCount (0x0000794416e64288) [0x0000794416e64380, 0x0000794416e64430] Compiler: jvmci, Barriers: 0, Oops: 0, ImmediateOops: 0, NonImmediateOops: No
[3,775s][debug][gc,nmethod     ] Register NMethod: io.sirix.page.IndirectPage.getOrCreateReference (0x00007943f82a5288) [0x00007943f82a5380, 0x00007943f82a6880] Compiler: c1, Barriers: 8, Oops: 1, ImmediateOops: 0, NonImmediateOops: No
[3,782s][debug][gc,nmethod     ] Register NMethod: io.sirix.page.PageKind$1.serializePage (0x0000794416e64588) [0x0000794416e64680, 0x0000794416e6b0e0] Compiler: jvmci, Barriers: 110, Oops: 18, ImmediateOops: 4, NonImmediateOops: No
[3,782s][debug][gc,director    ] Rule Major: Warmup 10%, Used: 832MB, UsedThreshold: 1228MB
[3,783s][debug][gc,director    ] Rule Minor: High Usage, Free: 11414MB(92,9%)
[3,785s][debug][gc,nmethod     ] Register NMethod: io.sirix.access.trx.page.NodePageReadOnlyTrx.getRecord (0x0000794416e6b188) [0x0000794416e6b280, 0x0000794416e6c428] Compiler: jvmci, Barriers: 22, Oops: 3, ImmediateOops: 2, NonImmediateOops: No
[3,786s][debug][gc,nmethod     ] Register NMethod: io.sirix.access.trx.page.NodePageReadOnlyTrx.getMostRecentPage (0x0000794416e6c488) [0x0000794416e6c580, 0x0000794416e6c818] Compiler: jvmci, Barriers: 4, Oops: 1, ImmediateOops: 0, NonImmediateOops: No
[3,786s][debug][gc,nmethod     ] Register NMethod: io.sirix.node.xml.AttributeNode.getDeweyID (0x0000794416e6c888) [0x0000794416e6c980, 0x0000794416e6ca60] Compiler: jvmci, Barriers: 1, Oops: 1, ImmediateOops: 0, NonImmediateOops: No
[3,787s][debug][gc,nmethod     ] Register NMethod: java.lang.Number.<init> (0x0000794416e6cb88) [0x0000794416e6cc80, 0x0000794416e6cd00] Compiler: jvmci, Barriers: 0, Oops: 0, ImmediateOops: 0, NonImmediateOops: No
[3,788s][debug][gc,nmethod     ] Register NMethod: com.sun.org.apache.xerces.internal.impl.XMLDocumentFragmentScannerImpl.scanDocument (0x0000794416e6ce88) [0x0000794416e6cf80, 0x0000794416e6ebb8] Compiler: jvmci, Barriers: 33, Oops: 1, ImmediateOops: 0, NonImmediateOops: No
[3,789s][debug][gc,nmethod     ] Register NMethod: io.sirix.access.trx.page.NodePageReadOnlyTrx.getRecordPage (0x0000794416e6ec08) [0x0000794416e6ed00, 0x0000794416e6fc60] Compiler: jvmci, Barriers: 36, Oops: 1, ImmediateOops: 1, NonImmediateOops: No
[3,789s][debug][gc,nmethod     ] Register NMethod: io.sirix.node.xml.TextNode.setRightSiblingKey (0x0000794416e6fc88) [0x0000794416e6fd80, 0x0000794416e70178] Compiler: jvmci, Barriers: 4, Oops: 3, ImmediateOops: 0, NonImmediateOops: No
[3,790s][debug][gc,nmethod     ] Register NMethod: com.sun.org.apache.xerces.internal.impl.XMLDocumentFragmentScannerImpl$ElementStack.nextElement (0x0000794416e70208) [0x0000794416e70300, 0x0000794416e704d8] Compiler: jvmci, Barriers: 3, Oops: 0, ImmediateOops: 0, NonImmediateOops: No
[3,790s][debug][gc,nmethod     ] Register NMethod: com.sun.org.apache.xerces.internal.impl.XMLDocumentFragmentScannerImpl.checkDepth (0x0000794416e70508) [0x0000794416e70600, 0x0000794416e70918] Compiler: jvmci, Barriers: 6, Oops: 0, ImmediateOops: 0, NonImmediateOops: No
[3,791s][debug][gc,nmethod     ] Register NMethod: io.sirix.node.xml.ElementNode.setRightSiblingKey (0x0000794416e70988) [0x0000794416e70a80, 0x0000794416e70e78] Compiler: jvmci, Barriers: 4, Oops: 3, ImmediateOops: 0, NonImmediateOops: No
[3,791s][debug][gc,nmethod     ] Register NMethod: java.lang.String.compareTo (0x0000794416e70f08) [0x0000794416e71000, 0x0000794416e711b8] Compiler: jvmci, Barriers: 2, Oops: 0, ImmediateOops: 0, NonImmediateOops: No
[3,793s][debug][gc,director    ] Rule Major: Warmup 10%, Used: 840MB, UsedThreshold: 1228MB
[3,793s][debug][gc,director    ] Rule Minor: High Usage, Free: 11406MB(92,8%)
[3,793s][debug][gc,nmethod     ] Register NMethod: com.sun.org.apache.xerces.internal.util.SymbolTable.addSymbol0 (0x00007943f82a6908) [0x00007943f82a6a00, 0x00007943f82a74c8] Compiler: c1, Barriers: 14, Oops: 0, ImmediateOops: 0, NonImmediateOops: No
[3,793s][debug][gc,nmethod     ] Register NMethod: com.sun.org.apache.xerces.internal.util.NamespaceSupport.pushContext (0x0000794416e71208) [0x0000794416e71300, 0x0000794416e716f0] Compiler: jvmci, Barriers: 4, Oops: 0, ImmediateOops: 0, NonImmediateOops: No
[3,794s][debug][gc,nmethod     ] Register NMethod: java.lang.StringLatin1.compareTo (0x0000794416e71708) [0x0000794416e71800, 0x0000794416e71a50] Compiler: jvmci, Barriers: 0, Oops: 0, ImmediateOops: 0, NonImmediateOops: No
[3,794s][debug][gc,nmethod     ] Register NMethod: net.openhft.hashing.XXH3.XXH3_mix2Accs (0x0000794416e71a88) [0x0000794416e71b80, 0x0000794416e71c20] Compiler: jvmci, Barriers: 0, Oops: 1, ImmediateOops: 0, NonImmediateOops: No
[3,795s][debug][gc,nmethod     ] Register NMethod: io.sirix.node.xml.AttributeNode.<init> (0x0000794416e71d88) [0x0000794416e71ea0, 0x0000794416e72168] Compiler: jvmci, Barriers: 12, Oops: 1, ImmediateOops: 0, NonImmediateOops: No
[3,796s][debug][gc,nmethod     ] Register NMethod: java.lang.StringLatin1.compareTo (0x0000794416e72188) [0x0000794416e72280, 0x0000794416e72520] Compiler: jvmci, Barriers: 0, Oops: 0, ImmediateOops: 0, NonImmediateOops: No
[3,800s][debug][gc,nmethod     ] Register NMethod: java.lang.String.<init> (0x0000794416e72588) [0x0000794416e72680, 0x0000794416e72c70] Compiler: jvmci, Barriers: 6, Oops: 0, ImmediateOops: 0, NonImmediateOops: No
[3,800s][debug][gc,nmethod     ] Register NMethod: com.sun.org.apache.xerces.internal.xni.XMLString.toString (0x0000794416e72c88) [0x0000794416e72d80, 0x0000794416e733f8] Compiler: jvmci, Barriers: 5, Oops: 1, ImmediateOops: 0, NonImmediateOops: No
[3,802s][debug][gc,nmethod     ] Register NMethod: com.sun.org.apache.xerces.internal.impl.XMLDocumentFragmentScannerImpl.getString (0x0000794416e73408) [0x0000794416e73500, 0x0000794416e73730] Compiler: jvmci, Barriers: 3, Oops: 0, ImmediateOops: 0, NonImmediateOops: No
[3,803s][debug][gc,director    ] Rule Major: Warmup 10%, Used: 848MB, UsedThreshold: 1228MB
[3,803s][debug][gc,director    ] Rule Minor: High Usage, Free: 11398MB(92,8%)
[3,807s][debug][gc,nmethod     ] Register NMethod: com.sun.org.apache.xerces.internal.impl.XMLNSDocumentScannerImpl.scanAttribute (0x0000794416e73788) [0x0000794416e73880, 0x0000794416e756c0] Compiler: jvmci, Barriers: 77, Oops: 3, ImmediateOops: 5, NonImmediateOops: No
[3,808s][debug][gc,nmethod     ] Register NMethod: com.sun.org.apache.xerces.internal.parsers.AbstractSAXParser$AttributesProxy.getQName (0x0000794416e75708) [0x0000794416e75800, 0x0000794416e75a98] Compiler: jvmci, Barriers: 5, Oops: 0, ImmediateOops: 0, NonImmediateOops: No
[3,809s][debug][gc,nmethod     ] Register NMethod: com.sun.org.apache.xerces.internal.util.XMLAttributesImpl.getQName (0x0000794416e75b08) [0x0000794416e75c00, 0x0000794416e75e28] Compiler: jvmci, Barriers: 4, Oops: 0, ImmediateOops: 0, NonImmediateOops: No
[3,813s][debug][gc,director    ] Rule Major: Warmup 10%, Used: 856MB, UsedThreshold: 1228MB
[3,813s][debug][gc,director    ] Rule Minor: High Usage, Free: 11390MB(92,7%)
[3,815s][debug][gc,nmethod     ] Register NMethod: com.sun.org.apache.xerces.internal.parsers.AbstractSAXParser$AttributesProxy.getValue (0x0000794416e75e88) [0x0000794416e75f80, 0x0000794416e768e8] Compiler: jvmci, Barriers: 16, Oops: 1, ImmediateOops: 0, NonImmediateOops: No
[3,821s][debug][gc,nmethod     ] Register NMethod: com.sun.org.apache.xerces.internal.util.XMLAttributesImpl.getValue (0x0000794416e76908) [0x0000794416e76a00, 0x0000794416e772e8] Compiler: jvmci, Barriers: 15, Oops: 1, ImmediateOops: 0, NonImmediateOops: No
[3,823s][debug][gc,director    ] Rule Major: Warmup 10%, Used: 866MB, UsedThreshold: 1228MB
[3,823s][debug][gc,director    ] Rule Minor: High Usage, Free: 11380MB(92,6%)
[3,825s][debug][gc,nmethod     ] Register NMethod: com.sun.org.apache.xerces.internal.impl.XMLScanner.scanAttributeValue (0x0000794416e77308) [0x0000794416e77400, 0x0000794416e78f18] Compiler: jvmci, Barriers: 30, Oops: 1, ImmediateOops: 1, NonImmediateOops: No
[3,830s][debug][gc,nmethod     ] Register NMethod: io.sirix.access.trx.node.xml.XmlNodeTrxImpl.insertAttribute (0x0000794416e78f88) [0x0000794416e79080, 0x0000794416e7b3b0] Compiler: jvmci, Barriers: 51, Oops: 3, ImmediateOops: 6, NonImmediateOops: No
[3,832s][debug][gc,nmethod     ] Register NMethod: io.sirix.access.trx.page.NodePageReadOnlyTrx.getUberPage (0x00007943f82a7508) [0x00007943f82a7600, 0x00007943f82a7a70] Compiler: c1, Barriers: 1, Oops: 1, ImmediateOops: 1, NonImmediateOops: No
[3,832s][debug][gc,nmethod     ] Register NMethod: io.sirix.access.trx.node.xml.XmlNodeReadOnlyTrxImpl.hasAttributes (0x0000794416e7b408) [0x0000794416e7b500, 0x0000794416e7b6c0] Compiler: jvmci, Barriers: 2, Oops: 1, ImmediateOops: 0, NonImmediateOops: No
[3,833s][debug][gc,director    ] Rule Major: Warmup 10%, Used: 874MB, UsedThreshold: 1228MB
[3,833s][debug][gc,director    ] Rule Minor: High Usage, Free: 11372MB(92,5%)
[3,836s][debug][gc,nmethod     ] Register NMethod: io.sirix.access.trx.node.xml.XmlDeweyIDManager.newAttributeID (0x0000794416e7b708) [0x0000794416e7b800, 0x0000794416e7c7a8] Compiler: jvmci, Barriers: 23, Oops: 1, ImmediateOops: 0, NonImmediateOops: No
[3,840s][debug][gc,nmethod     ] Register NMethod: com.sun.org.apache.xerces.internal.util.SymbolTable.hash (0x00007943f82a7a88) [0x00007943f82a7b80, 0x00007943f82a7f38] Compiler: c1, Barriers: 1, Oops: 0, ImmediateOops: 0, NonImmediateOops: No
[3,842s][debug][gc,nmethod     ] Register NMethod: io.sirix.access.trx.page.NodePageTrx$1.removeEldestEntry (0x00007943f82a7f88) [0x00007943f82a8080, 0x00007943f82a87e8] Compiler: c1, Barriers: 0, Oops: 1, ImmediateOops: 0, NonImmediateOops: No
[3,843s][debug][gc,director    ] Rule Major: Warmup 10%, Used: 882MB, UsedThreshold: 1228MB
[3,843s][debug][gc,director    ] Rule Minor: High Usage, Free: 11364MB(92,5%)
[3,844s][debug][gc,nmethod     ] Register NMethod: io.sirix.access.trx.page.AbstractForwardingPageReadOnlyTrx.getUberPage (0x00007943f82a8808) [0x00007943f82a8900, 0x00007943f82a8e38] Compiler: c1, Barriers: 2, Oops: 1, ImmediateOops: 1, NonImmediateOops: No
[3,845s][debug][gc,nmethod     ] Register NMethod: io.sirix.query.node.SubtreeBuilder.attribute (0x0000794416e7c808) [0x0000794416e7c900, 0x0000794416e7f018] Compiler: jvmci, Barriers: 64, Oops: 5, ImmediateOops: 5, NonImmediateOops: No
[3,847s][debug][gc,nmethod     ] Register NMethod: io.sirix.query.node.SubtreeProcessor.notifyAttribute (0x0000794416e7f088) [0x0000794416e7f180, 0x0000794416e7f2b0] Compiler: jvmci, Barriers: 1, Oops: 1, ImmediateOops: 0, NonImmediateOops: No
[3,851s][debug][gc,nmethod     ] Register NMethod: java.util.concurrent.CountedCompleter.<init> (0x00007943f82a8e88) [0x00007943f82a8f80, 0x00007943f82a91b0] Compiler: c1, Barriers: 3, Oops: 0, ImmediateOops: 0, NonImmediateOops: No
[3,851s][debug][gc,nmethod     ] Register NMethod: java.util.stream.ForEachOps$ForEachTask.<init> (0x00007943f82a9208) [0x00007943f82a9300, 0x00007943f82a9768] Compiler: c1, Barriers: 14, Oops: 0, ImmediateOops: 0, NonImmediateOops: No
[3,852s][debug][gc,nmethod     ] Register NMethod: java.util.concurrent.CountedCompleter.addToPendingCount (0x00007943f82a9788) [0x00007943f82a9880, 0x00007943f82a9988] Compiler: c1, Barriers: 0, Oops: 0, ImmediateOops: 0, NonImmediateOops: No
[3,852s][debug][gc,nmethod     ] Register NMethod: java.util.concurrent.ForkJoinTask.fork (0x00007943f82a9a88) [0x00007943f82a9b80, 0x00007943f82aa5b8] Compiler: c1, Barriers: 3, Oops: 1, ImmediateOops: 1, NonImmediateOops: No
[3,852s][debug][gc,nmethod     ] Register NMethod: java.util.stream.ForEachOps$ForEachTask.compute (0x00007943f82aa608) [0x00007943f82aa700, 0x00007943f82ac598] Compiler: c1, Barriers: 21, Oops: 1, ImmediateOops: 1, NonImmediateOops: No
[3,852s][debug][gc,nmethod     ] Register NMethod: io.sirix.access.trx.page.NodePageTrx$$Lambda/0x00000000a929e838.apply (0x00007943f82ac608) [0x00007943f82ac700, 0x00007943f82acc18] Compiler: c1, Barriers: 1, Oops: 1, ImmediateOops: 0, NonImmediateOops: No
[3,852s][debug][gc,nmethod     ] Register NMethod: io.sirix.access.trx.page.NodePageTrx.lambda$parallelSerializationOfKeyValuePages$0 (0x00007943f82acc88) [0x00007943f82acd80, 0x00007943f82ad068] Compiler: c1, Barriers: 0, Oops: 1, ImmediateOops: 0, NonImmediateOops: No
[3,852s][debug][gc,nmethod     ] Register NMethod: io.sirix.access.trx.page.NodePageTrx$$Lambda/0x00000000a929ea80.test (0x00007943f82ad088) [0x00007943f82ad180, 0x00007943f82ad708] Compiler: c1, Barriers: 0, Oops: 1, ImmediateOops: 0, NonImmediateOops: No
[3,852s][debug][gc,nmethod     ] Register NMethod: java.util.stream.SpinedBuffer.capacity (0x00007943f82ad788) [0x00007943f82ad880, 0x00007943f82adb20] Compiler: c1, Barriers: 4, Oops: 0, ImmediateOops: 0, NonImmediateOops: No
[3,853s][debug][gc,nmethod     ] Register NMethod: io.sirix.node.SirixDeweyID.getNewAttributeID (0x0000794416e7f388) [0x0000794416e7f480, 0x0000794416e7f9a0] Compiler: jvmci, Barriers: 3, Oops: 1, ImmediateOops: 0, NonImmediateOops: No
[3,853s][debug][gc,nmethod     ] Register NMethod: java.util.ArrayList$ArrayListSpliterator.trySplit (0x00007943f82adb88) [0x00007943f82adc80, 0x00007943f82ae210] Compiler: c1, Barriers: 5, Oops: 0, ImmediateOops: 0, NonImmediateOops: No
[3,853s][debug][gc,nmethod     ] Register NMethod: java.util.concurrent.CountedCompleter.weakCompareAndSetPendingCount (0x00007943f82ae288) [0x00007943f82ae380, 0x00007943f82ae690] Compiler: c1, Barriers: 0, Oops: 0, ImmediateOops: 1, NonImmediateOops: No
[3,854s][debug][gc,nmethod     ] Register NMethod: java.util.stream.ReferencePipeline.makeNodeBuilder (0x00007943f82ae708) [0x00007943f82ae800, 0x00007943f82ae938] Compiler: c1, Barriers: 0, Oops: 0, ImmediateOops: 0, NonImmediateOops: No
[3,854s][debug][gc,nmethod     ] Register NMethod: java.util.concurrent.CountedCompleter.exec (0x00007943f82aea08) [0x00007943f82aeb00, 0x00007943f82aec50] Compiler: c1, Barriers: 0, Oops: 0, ImmediateOops: 0, NonImmediateOops: No
[3,854s][debug][gc,nmethod     ] Register NMethod: java.util.stream.Nodes.builder (0x00007943f82aed08) [0x00007943f82aee00, 0x00007943f82af3d8] Compiler: c1, Barriers: 3, Oops: 0, ImmediateOops: 0, NonImmediateOops: No
[3,854s][debug][gc,nmethod     ] Register NMethod: java.util.stream.AbstractPipeline.evaluate (0x00007943f82af408) [0x00007943f82af500, 0x00007943f82b0c90] Compiler: c1, Barriers: 1, Oops: 0, ImmediateOops: 0, NonImmediateOops: No
[3,856s][debug][gc,nmethod     ] Register NMethod: java.util.ArrayList$ArrayListSpliterator.trySplit (0x00007943f82b0d08) [0x00007943f82b0e00, 0x00007943f82b10f8] Compiler: c1, Barriers: 0, Oops: 0, ImmediateOops: 0, NonImmediateOops: No
[3,857s][debug][gc,alloc       ] Mutator Allocation Rate: 348,6MB/s Predicted: 371,5MB/s, Avg: 278,1(+/-56,2)MB/s
[3,858s][debug][gc,nmethod     ] Register NMethod: java.util.stream.SpinedBuffer.ensureCapacity (0x00007943f82b1108) [0x00007943f82b1200, 0x00007943f82b2a00] Compiler: c1, Barriers: 26, Oops: 0, ImmediateOops: 0, NonImmediateOops: No
[3,858s][debug][gc,nmethod     ] Register NMethod: java.util.ArrayList.forEach (0x00007943f82b2a08) [0x00007943f82b2b00, 0x00007943f82b3200] Compiler: c1, Barriers: 2, Oops: 0, ImmediateOops: 0, NonImmediateOops: No
[3,858s][debug][gc,nmethod     ] Register NMethod: java.util.stream.Nodes$SpinedNodeBuilder.asArray (0x00007943f82b3208) [0x00007943f82b3300, 0x00007943f82b3440] Compiler: c1, Barriers: 0, Oops: 0, ImmediateOops: 0, NonImmediateOops: No
[3,859s][debug][gc,director    ] Rule Major: Warmup 10%, Used: 904MB, UsedThreshold: 1228MB
[3,859s][debug][gc,director    ] Rule Minor: High Usage, Free: 11342MB(92,3%)
[3,859s][debug][gc,nmethod     ] Register NMethod: java.util.stream.SpinedBuffer.clear (0x00007943f82b3508) [0x00007943f82b3600, 0x00007943f82b4080] Compiler: c1, Barriers: 19, Oops: 0, ImmediateOops: 0, NonImmediateOops: No
[3,859s][debug][gc,nmethod     ] Register NMethod: java.util.stream.Nodes$SpinedNodeBuilder.begin (0x00007943f82b4088) [0x00007943f82b4180, 0x00007943f82b4698] Compiler: c1, Barriers: 0, Oops: 0, ImmediateOops: 0, NonImmediateOops: No
[3,859s][debug][gc,nmethod     ] Register NMethod: java.util.stream.Nodes$SpinedNodeBuilder.build (0x00007943f82b4708) [0x00007943f82b4800, 0x00007943f82b4910] Compiler: c1, Barriers: 0, Oops: 0, ImmediateOops: 0, NonImmediateOops: No
[3,859s][debug][gc,nmethod     ] Register NMethod: java.util.stream.SpinedBuffer.copyInto (0x00007943f82b4a08) [0x00007943f82b4b00, 0x00007943f82b56f8] Compiler: c1, Barriers: 7, Oops: 0, ImmediateOops: 1, NonImmediateOops: No
[3,860s][debug][gc,nmethod     ] Register NMethod: java.util.stream.Nodes$SpinedNodeBuilder.copyInto (0x00007943f82b5708) [0x00007943f82b5800, 0x00007943f82b5940] Compiler: c1, Barriers: 0, Oops: 0, ImmediateOops: 0, NonImmediateOops: No
[3,860s][debug][gc,nmethod     ] Register NMethod: java.io.FilterOutputStream.close (0x00007943f82b5a08) [0x00007943f82b5b00, 0x00007943f82b6ae8] Compiler: c1, Barriers: 4, Oops: 0, ImmediateOops: 0, NonImmediateOops: No
[3,860s][debug][gc,nmethod     ] Register NMethod: com.google.common.hash.MessageDigestHashFunction.newHasher (0x00007943f82b6b08) [0x00007943f82b6c00, 0x00007943f82b80b0] Compiler: c1, Barriers: 15, Oops: 1, ImmediateOops: 2, NonImmediateOops: No
[3,861s][debug][gc,nmethod     ] Register NMethod: java.util.ArrayList.sortRange (0x00007943f82b8108) [0x00007943f82b8200, 0x00007943f82b8430] Compiler: c1, Barriers: 1, Oops: 0, ImmediateOops: 0, NonImmediateOops: No
[3,861s][debug][gc,nmethod     ] Register NMethod: sun.security.provider.DigestBase.implCompressMultiBlockCheck (0x00007943f82b8488) [0x00007943f82b8580, 0x00007943f82b8990] Compiler: c1, Barriers: 0, Oops: 1, ImmediateOops: 1, NonImmediateOops: No
[3,864s][debug][gc,nmethod     ] Register NMethod: java.util.stream.Nodes$SpinedNodeBuilder.end (0x00007943f82b8a08) [0x00007943f82b8b00, 0x00007943f82b8c18] Compiler: c1, Barriers: 0, Oops: 0, ImmediateOops: 0, NonImmediateOops: No
[3,864s][debug][gc,nmethod     ] Register NMethod: io.sirix.access.trx.page.NodePageTrx$$Lambda/0x00000000a929ecd8.accept (0x00007943f82b8d08) [0x00007943f82b8e00, 0x00007943f82b9190] Compiler: c1, Barriers: 1, Oops: 1, ImmediateOops: 0, NonImmediateOops: No
[3,865s][debug][gc,nmethod     ] Register NMethod: com.google.common.hash.MessageDigestHashFunction$MessageDigestHasher.hash (0x00007943f82b9208) [0x00007943f82b9300, 0x00007943f82bbe00] Compiler: c1, Barriers: 13, Oops: 2, ImmediateOops: 2, NonImmediateOops: No
[3,865s][debug][gc,nmethod     ] Register NMethod: java.security.MessageDigest.update (0x00007943f82bbe88) [0x00007943f82bbf80, 0x00007943f82bc6c0] Compiler: c1, Barriers: 1, Oops: 0, ImmediateOops: 2, NonImmediateOops: No
[3,865s][debug][gc,nmethod     ] Register NMethod: io.sirix.access.trx.page.NodePageTrx.lambda$parallelSerializationOfKeyValuePages$1 (0x00007943f82bc708) [0x00007943f82bc800, 0x00007943f82bd2c8] Compiler: c1, Barriers: 6, Oops: 2, ImmediateOops: 3, NonImmediateOops: No
[3,865s][debug][gc,nmethod     ] Register NMethod: java.util.stream.ReferencePipeline$$Lambda/0x00000000a92022e8.apply (0x00007943f82bd308) [0x00007943f82bd400, 0x00007943f82bd5e0] Compiler: c1, Barriers: 0, Oops: 0, ImmediateOops: 0, NonImmediateOops: No
[3,865s][debug][gc,nmethod     ] Register NMethod: java.util.stream.ReferencePipeline.lambda$toArray$0 (0x00007943f82bd608) [0x00007943f82bd700, 0x00007943f82bd868] Compiler: c1, Barriers: 0, Oops: 0, ImmediateOops: 0, NonImmediateOops: No
[3,865s][debug][gc,nmethod     ] Register NMethod: java.util.ArrayList.sort (0x00007943f82bd908) [0x00007943f82bda00, 0x00007943f82bdb60] Compiler: c1, Barriers: 0, Oops: 0, ImmediateOops: 0, NonImmediateOops: No
[3,865s][debug][gc,nmethod     ] Register NMethod: com.google.common.hash.HashCode$BytesHashCode.asBytes (0x00007943f82bdc08) [0x00007943f82bdd00, 0x00007943f82bdf00] Compiler: c1, Barriers: 1, Oops: 1, ImmediateOops: 0, NonImmediateOops: No
[3,865s][debug][gc,nmethod     ] Register NMethod: java.io.FilterOutputStream.write (0x00007943f82bdf88) [0x00007943f82be080, 0x00007943f82be390] Compiler: c1, Barriers: 0, Oops: 0, ImmediateOops: 0, NonImmediateOops: No
[3,865s][debug][gc,nmethod     ] Register NMethod: io.sirix.io.bytepipe.ByteHandlerPipeline.serialize (0x00007943f82be408) [0x00007943f82be500, 0x00007943f82bf120] Compiler: c1, Barriers: 1, Oops: 1, ImmediateOops: 0, NonImmediateOops: No
[3,865s][debug][gc,nmethod     ] Register NMethod: java.io.DataOutputStream.<init> (0x00007943f82bf188) [0x00007943f82bf280, 0x00007943f82bf7b8] Compiler: c1, Barriers: 12, Oops: 0, ImmediateOops: 0, NonImmediateOops: No
[3,865s][debug][gc,nmethod     ] Register NMethod: java.util.stream.SortedOps$RefSortingSink.begin (0x00007943f82bf808) [0x00007943f82bf900, 0x00007943f82bfec0] Compiler: c1, Barriers: 6, Oops: 0, ImmediateOops: 2, NonImmediateOops: No
[3,866s][debug][gc,nmethod     ] Register NMethod: java.lang.invoke.VarHandleInts$FieldInstanceReadOnly.getVolatile (0x00007943f82bff08) [0x00007943f82c0000, 0x00007943f82c09f0] Compiler: c1, Barriers: 1, Oops: 1, ImmediateOops: 0, NonImmediateOops: No
[3,866s][debug][gc,nmethod     ] Register NMethod: com.google.common.base.Preconditions.checkArgument (0x00007943f82c0a08) [0x00007943f82c0b00, 0x00007943f82c12b8] Compiler: c1, Barriers: 4, Oops: 1, ImmediateOops: 1, NonImmediateOops: No
[3,866s][debug][gc,nmethod     ] Register NMethod: java.util.stream.SortedOps$RefSortingSink$$Lambda/0x00000000a9210bf8.<init> (0x00007943f82c1308) [0x00007943f82c1400, 0x00007943f82c15d0] Compiler: c1, Barriers: 3, Oops: 0, ImmediateOops: 0, NonImmediateOops: No
[3,866s][debug][gc,nmethod     ] Register NMethod: jdk.internal.foreign.ConfinedSession$ConfinedResourceList.cleanup (0x00007943f82c1608) [0x00007943f82c1700, 0x00007943f82c1db0] Compiler: c1, Barriers: 5, Oops: 0, ImmediateOops: 4, NonImmediateOops: No
[3,866s][debug][gc,nmethod     ] Register NMethod: java.util.stream.SortedOps$RefSortingSink.end (0x00007943f82c1e08) [0x00007943f82c1f00, 0x00007943f82c3818] Compiler: c1, Barriers: 20, Oops: 1, ImmediateOops: 2, NonImmediateOops: No
[3,866s][debug][gc,nmethod     ] Register NMethod: jdk.internal.foreign.ConfinedSession.justClose (0x00007943f82c3888) [0x00007943f82c3980, 0x00007943f82c5238] Compiler: c1, Barriers: 3, Oops: 5, ImmediateOops: 7, NonImmediateOops: No
[3,869s][debug][gc,director    ] Rule Major: Warmup 10%, Used: 942MB, UsedThreshold: 1228MB
[3,869s][debug][gc,director    ] Rule Minor: High Usage, Free: 11304MB(92,0%)
[3,869s][debug][gc,nmethod     ] Register NMethod: io.sirix.io.filechannel.FileChannelWriter.write (0x00007943f82c5288) [0x00007943f82c5380, 0x00007943f82c5678] Compiler: c1, Barriers: 0, Oops: 1, ImmediateOops: 0, NonImmediateOops: No
[3,869s][debug][gc,nmethod     ] Register NMethod: io.sirix.io.filechannel.FileChannelWriter.write (0x00007943f82c5688) [0x00007943f82c5780, 0x00007943f82c5a28] Compiler: c1, Barriers: 0, Oops: 1, ImmediateOops: 0, NonImmediateOops: No
[3,869s][debug][gc,nmethod     ] Register NMethod: io.sirix.io.filechannel.FileChannelWriter.getOffset (0x00007943f82c5a88) [0x00007943f82c5b80, 0x00007943f82c6028] Compiler: c1, Barriers: 3, Oops: 1, ImmediateOops: 0, NonImmediateOops: No
[3,869s][debug][gc,nmethod     ] Register NMethod: io.sirix.access.trx.page.NodePageTrx.commit (0x00007943f82c6088) [0x00007943f82c6180, 0x00007943f82c8408] Compiler: c1, Barriers: 12, Oops: 1, ImmediateOops: 2, NonImmediateOops: No
[3,873s][debug][gc,nmethod     ] Register NMethod: io.sirix.page.SerializationType.writeHash (0x00007943f82c8488) [0x00007943f82c8580, 0x00007943f82c9090] Compiler: c1, Barriers: 5, Oops: 1, ImmediateOops: 0, NonImmediateOops: No
[3,873s][debug][gc,nmethod     ] Register NMethod: io.sirix.page.SerializationType.writePageFragments (0x00007943f82c9108) [0x00007943f82c9200, 0x00007943f82ca6a0] Compiler: c1, Barriers: 5, Oops: 1, ImmediateOops: 0, NonImmediateOops: No
[3,873s][debug][gc,nmethod     ] Register NMethod: io.sirix.page.KeyValueLeafPage.commit (0x00007943f82ca708) [0x00007943f82ca800, 0x00007943f82cc728] Compiler: c1, Barriers: 5, Oops: 1, ImmediateOops: 2, NonImmediateOops: No
[3,879s][debug][gc,nmethod     ] Register NMethod: com.github.benmanes.caffeine.cache.PSMW.newNode (0x00007943f82cc788) [0x00007943f82cc880, 0x00007943f82cca30] Compiler: c1, Barriers: 0, Oops: 1, ImmediateOops: 0, NonImmediateOops: No
[3,879s][debug][gc,director    ] Rule Major: Warmup 10%, Used: 946MB, UsedThreshold: 1228MB
[3,879s][debug][gc,director    ] Rule Minor: High Usage, Free: 11300MB(92,0%)
[3,879s][debug][gc,nmethod     ] Register NMethod: com.github.benmanes.caffeine.cache.PSMW.<init> (0x00007943f82cca88) [0x00007943f82ccb80, 0x00007943f82cefc8] Compiler: c1, Barriers: 6, Oops: 9, ImmediateOops: 16, NonImmediateOops: No
[3,880s][debug][gc,nmethod     ] Register NMethod: com.github.benmanes.caffeine.cache.LocalCache.notifyOnReplace (0x00007943f82cf088) [0x00007943f82cf180, 0x00007943f82d0828] Compiler: c1, Barriers: 12, Oops: 3, ImmediateOops: 3, NonImmediateOops: No
[3,883s][debug][gc,nmethod     ] Register NMethod: io.sirix.access.trx.node.xml.XmlNodeFactoryImpl.createAttributeNode (0x0000794416e7fa08) [0x0000794416e7fb00, 0x0000794416e834c0] Compiler: jvmci, Barriers: 127, Oops: 9, ImmediateOops: 8, NonImmediateOops: No
[3,883s][debug][gc,nmethod     ] Register NMethod: io.sirix.access.trx.page.AbstractForwardingPageReadOnlyTrx.getCurrentMaxIndirectPageTreeLevel (0x00007943f82d0888) [0x00007943f82d0980, 0x00007943f82d0b30] Compiler: c1, Barriers: 1, Oops: 1, ImmediateOops: 0, NonImmediateOops: No
[3,884s][debug][gc,nmethod     ] Register NMethod: io.sirix.page.PageFragmentKeyImpl.key (0x0000794416e83588) [0x0000794416e83680, 0x0000794416e83740] Compiler: c1, Barriers: 0, Oops: 1, ImmediateOops: 0, NonImmediateOops: No
[3,884s][debug][gc,nmethod     ] Register NMethod: com.github.benmanes.caffeine.cache.BoundedLocalCache.refreshIfNeeded (0x00007943f82d0b88) [0x00007943f82d0c80, 0x00007943f82d0fc0] Compiler: c1, Barriers: 0, Oops: 1, ImmediateOops: 0, NonImmediateOops: No
[3,884s][debug][gc,nmethod     ] Register NMethod: com.github.benmanes.caffeine.cache.BLCHeader$DrainStatusRef.shouldDrainBuffers (0x00007943f82d1008) [0x00007943f82d1100, 0x00007943f82d23d8] Compiler: c1, Barriers: 0, Oops: 6, ImmediateOops: 6, NonImmediateOops: No
[3,885s][debug][gc,nmethod     ] Register NMethod: io.sirix.access.trx.page.TreeModifierImpl.prepareLeafOfTree (0x00007943f82d2488) [0x00007943f82d2580, 0x00007943f82d5eb8] Compiler: c1, Barriers: 20, Oops: 1, ImmediateOops: 2, NonImmediateOops: No
[3,885s][debug][gc,nmethod     ] Register NMethod: io.sirix.index.path.summary.PathSummaryReader.lambda$new$0 (0x00007943f82d5f08) [0x00007943f82d6000, 0x00007943f82d6498] Compiler: c1, Barriers: 3, Oops: 1, ImmediateOops: 0, NonImmediateOops: No
[3,885s][debug][gc,nmethod     ] Register NMethod: io.sirix.index.path.summary.PathSummaryReader$$Lambda/0x00000000a92c5010.apply (0x00007943f82d6508) [0x00007943f82d6600, 0x00007943f82d6d20] Compiler: c1, Barriers: 3, Oops: 1, ImmediateOops: 0, NonImmediateOops: No
[3,885s][debug][gc,nmethod     ] Register NMethod: io.sirix.access.trx.page.NodePageTrx.lambda$prepareRecordPage$0 (0x00007943f82d6d88) [0x00007943f82d6e80, 0x00007943f82dcc48] Compiler: c1, Barriers: 26, Oops: 2, ImmediateOops: 15, NonImmediateOops: No
[3,888s][debug][gc,nmethod     ] Register NMethod: sun.nio.fs.UnixNativeDispatcher.open (0x00007943f82dcc88) [0x00007943f82dcd80, 0x00007943f82dd3d8] Compiler: c1, Barriers: 0, Oops: 0, ImmediateOops: 0, NonImmediateOops: No
[3,889s][debug][gc,nmethod     ] Register NMethod: jdk.internal.foreign.MemorySessionImpl$ResourceList.cleanup (0x0000794416e83888) [0x0000794416e83980, 0x0000794416e84138] Compiler: jvmci, Barriers: 7, Oops: 1, ImmediateOops: 2, NonImmediateOops: No
[3,889s][debug][gc,nmethod     ] Register NMethod: java.lang.Math.addExact (0x00007943f82dd408) [0x00007943f82dd500, 0x00007943f82dd6e8] Compiler: c1, Barriers: 0, Oops: 0, ImmediateOops: 1, NonImmediateOops: No
[3,889s][debug][gc,director    ] Rule Major: Warmup 10%, Used: 948MB, UsedThreshold: 1228MB
[3,889s][debug][gc,director    ] Rule Minor: High Usage, Free: 11298MB(91,9%)
[3,889s][debug][gc,nmethod     ] Register NMethod: io.sirix.page.UberPage.getRevisionNumber (0x00007943f82dd708) [0x00007943f82dd800, 0x00007943f82dd908] Compiler: c1, Barriers: 0, Oops: 1, ImmediateOops: 0, NonImmediateOops: No
[3,889s][debug][gc,nmethod     ] Register NMethod: java.nio.HeapByteBuffer.get (0x00007943f82dda08) [0x00007943f82ddb00, 0x00007943f82ddf40] Compiler: c1, Barriers: 1, Oops: 1, ImmediateOops: 1, NonImmediateOops: No
[3,889s][debug][gc,nmethod     ] Register NMethod: java.lang.invoke.DirectMethodHandle$Holder.invokeStatic (0x00007943f82ddf88) [0x00007943f82de080, 0x00007943f82de448] Compiler: c1, Barriers: 1, Oops: 0, ImmediateOops: 0, NonImmediateOops: No
[3,890s][debug][gc,nmethod     ] Register NMethod: sun.nio.fs.UnixFileModeAttribute.toUnixMode (0x00007943f82de488) [0x00007943f82de580, 0x00007943f82e0278] Compiler: c1, Barriers: 1, Oops: 2, ImmediateOops: 5, NonImmediateOops: No
[3,890s][debug][gc,nmethod     ] Register NMethod: java.lang.invoke.MethodHandleImpl.profileBoolean (0x00007943f82e0308) [0x00007943f82e0400, 0x00007943f82e07c8] Compiler: c1, Barriers: 0, Oops: 0, ImmediateOops: 1, NonImmediateOops: No
[3,891s][debug][gc,nmethod     ] Register NMethod: java.util.Collections$EmptySet.iterator (0x00007943f82e0808) [0x00007943f82e0900, 0x00007943f82e0a60] Compiler: c1, Barriers: 0, Oops: 0, ImmediateOops: 1, NonImmediateOops: No
[3,891s][debug][gc,nmethod     ] Register NMethod: com.github.benmanes.caffeine.cache.SSMS.frequencySketch (0x0000794416e84188) [0x0000794416e84280, 0x0000794416e84370] Compiler: c1, Barriers: 1, Oops: 1, ImmediateOops: 0, NonImmediateOops: No
[3,891s][debug][gc,nmethod     ] Register NMethod: io.sirix.access.trx.node.AbstractResourceSession.getMostRecentRevisionNumber (0x00007943f82e0b08) [0x00007943f82e0c00, 0x00007943f82e14d8] Compiler: c1, Barriers: 2, Oops: 1, ImmediateOops: 1, NonImmediateOops: No
[3,891s][debug][gc,nmethod     ] Register NMethod: sun.security.provider.DigestBase.implCompressMultiBlock0 (0x0000794416e84488) [0x0000794416e84580, 0x0000794416e848b0] Compiler: jvmci, Barriers: 1, Oops: 0, ImmediateOops: 0, NonImmediateOops: No
[3,892s][debug][gc,nmethod     ] Register NMethod: com.github.benmanes.caffeine.cache.RemovalCause$2.wasEvicted (0x0000794416e84908) [0x0000794416e84a00, 0x0000794416e84ac0] Compiler: c1, Barriers: 0, Oops: 1, ImmediateOops: 0, NonImmediateOops: No
[3,892s][debug][gc,nmethod     ] Register NMethod: com.github.benmanes.caffeine.cache.BoundedLocalCache.isAsync (0x0000794416e84c08) [0x0000794416e84d00, 0x0000794416e84dc8] Compiler: c1, Barriers: 0, Oops: 1, ImmediateOops: 0, NonImmediateOops: No
[3,893s][debug][gc,nmethod     ] Register NMethod: io.sirix.page.KeyValueLeafPage.getNumberOfNonNullEntries (0x0000794416e84f08) [0x0000794416e85000, 0x0000794416e85200] Compiler: jvmci, Barriers: 2, Oops: 1, ImmediateOops: 0, NonImmediateOops: No
[3,893s][debug][gc,nmethod     ] Register NMethod: io.brackit.query.compiler.AST.<init> (0x00007943f82e1508) [0x00007943f82e1600, 0x00007943f82e17d8] Compiler: c1, Barriers: 3, Oops: 1, ImmediateOops: 0, NonImmediateOops: No
[3,894s][debug][gc,nmethod     ] Register NMethod: io.brackit.query.compiler.AST.addChild (0x00007943f82e1808) [0x00007943f82e1900, 0x00007943f82e2878] Compiler: c1, Barriers: 17, Oops: 1, ImmediateOops: 0, NonImmediateOops: No
[3,894s][debug][gc,nmethod     ] Register NMethod: io.brackit.query.compiler.AST.<init> (0x00007943f82e2888) [0x00007943f82e2980, 0x00007943f82e2c10] Compiler: c1, Barriers: 4, Oops: 1, ImmediateOops: 1, NonImmediateOops: No
[3,894s][debug][gc,nmethod     ] Register NMethod: io.brackit.query.compiler.parser.Tokenizer.la (0x00007943f82e2c88) [0x00007943f82e2d80, 0x00007943f82e3ee0] Compiler: c1, Barriers: 7, Oops: 2, ImmediateOops: 2, NonImmediateOops: No
[3,894s][debug][gc,nmethod     ] Register NMethod: io.brackit.query.compiler.AST.<init> (0x00007943f82e3f08) [0x00007943f82e4000, 0x00007943f82e42c0] Compiler: c1, Barriers: 9, Oops: 1, ImmediateOops: 0, NonImmediateOops: No
[3,894s][debug][gc,nmethod     ] Register NMethod: io.brackit.query.compiler.AST.copyTree (0x00007943f82e4308) [0x00007943f82e4400, 0x00007943f82e4c58] Compiler: c1, Barriers: 15, Oops: 1, ImmediateOops: 0, NonImmediateOops: No
[3,894s][debug][gc,nmethod     ] Register NMethod: io.brackit.query.compiler.AST.copy (0x00007943f82e4c88) [0x00007943f82e4d80, 0x00007943f82e55c0] Compiler: c1, Barriers: 12, Oops: 1, ImmediateOops: 0, NonImmediateOops: No
[3,895s][debug][gc,nmethod     ] Register NMethod: io.sirix.node.xml.AttributeNode.computeHash (0x0000794416e85288) [0x0000794416e85380, 0x0000794416e88aa8] Compiler: jvmci, Barriers: 67, Oops: 10, ImmediateOops: 3, NonImmediateOops: No
[3,895s][debug][gc,nmethod     ] Register NMethod: io.brackit.query.compiler.optimizer.walker.topdown.PredicateSplit.visit (0x00007943f82e5608) [0x00007943f82e5700, 0x00007943f82e6070] Compiler: c1, Barriers: 4, Oops: 1, ImmediateOops: 1, NonImmediateOops: No
[3,895s][debug][gc,nmethod     ] Register NMethod: io.brackit.query.compiler.optimizer.walker.topdown.SelectPullup.visit (0x00007943f82e6088) [0x00007943f82e6180, 0x00007943f82e7ad0] Compiler: c1, Barriers: 8, Oops: 1, ImmediateOops: 0, NonImmediateOops: No
[3,895s][debug][gc,nmethod     ] Register NMethod: io.brackit.query.compiler.optimizer.walker.topdown.TopDownPipeline.visit (0x00007943f82e7b08) [0x00007943f82e7c00, 0x00007943f82e8410] Compiler: c1, Barriers: 9, Oops: 1, ImmediateOops: 1, NonImmediateOops: No
[3,895s][debug][gc,nmethod     ] Register NMethod: io.brackit.query.compiler.optimizer.walker.DoSNStepMerger.visit (0x00007943f82e8488) [0x00007943f82e8580, 0x00007943f82e9668] Compiler: c1, Barriers: 14, Oops: 1, ImmediateOops: 1, NonImmediateOops: No
[3,895s][debug][gc,nmethod     ] Register NMethod: io.brackit.query.compiler.optimizer.walker.topdown.LetBindToLeftJoin.visit (0x00007943f82e9688) [0x00007943f82e9780, 0x00007943f82e9a30] Compiler: c1, Barriers: 0, Oops: 1, ImmediateOops: 0, NonImmediateOops: No
[3,895s][debug][gc,nmethod     ] Register NMethod: io.brackit.query.compiler.optimizer.walker.topdown.ScopeWalker.stepExpr (0x00007943f82e9a88) [0x00007943f82e9b80, 0x00007943f82ea958] Compiler: c1, Barriers: 22, Oops: 4, ImmediateOops: 4, NonImmediateOops: No
[3,896s][debug][gc,nmethod     ] Register NMethod: io.brackit.query.compiler.optimizer.walker.topdown.JoinRewriter.visit (0x00007943f82ea988) [0x00007943f82eaa80, 0x00007943f82ec988] Compiler: c1, Barriers: 9, Oops: 1, ImmediateOops: 0, NonImmediateOops: No
[3,896s][debug][gc,nmethod     ] Register NMethod: io.brackit.query.compiler.optimizer.walker.topdown.LeftJoinUnnesting.visit (0x00007943f82eca08) [0x00007943f82ecb00, 0x00007943f82ed280] Compiler: c1, Barriers: 5, Oops: 1, ImmediateOops: 1, NonImmediateOops: No
[3,896s][debug][gc,nmethod     ] Register NMethod: io.brackit.query.compiler.optimizer.walker.topdown.PredicateMerge.visit (0x00007943f82ed308) [0x00007943f82ed400, 0x00007943f82edb50] Compiler: c1, Barriers: 4, Oops: 1, ImmediateOops: 1, NonImmediateOops: No
[3,896s][debug][gc,nmethod     ] Register NMethod: io.brackit.query.compiler.optimizer.walker.PathDDOElimination.visit (0x00007943f82edb88) [0x00007943f82edc80, 0x00007943f82f0218] Compiler: c1, Barriers: 16, Oops: 4, ImmediateOops: 6, NonImmediateOops: No
[3,896s][debug][gc,nmethod     ] Register NMethod: io.brackit.query.compiler.optimizer.walker.topdown.LeftJoinRemoval.visit (0x00007943f82f0288) [0x00007943f82f0380, 0x00007943f82f1b38] Compiler: c1, Barriers: 7, Oops: 1, ImmediateOops: 2, NonImmediateOops: No
[3,896s][debug][gc,nmethod     ] Register NMethod: io.brackit.query.compiler.optimizer.walker.topdown.JoinToSelectConversion.visit (0x00007943f82f1b88) [0x00007943f82f1c80, 0x00007943f82f32b0] Compiler: c1, Barriers: 17, Oops: 2, ImmediateOops: 4, NonImmediateOops: No
[3,897s][debug][gc,nmethod     ] Register NMethod: io.brackit.query.compiler.optimizer.walker.topdown.GroupByAggregates.visit (0x00007943f82f3308) [0x00007943f82f3400, 0x00007943f82f4c28] Compiler: c1, Barriers: 7, Oops: 1, ImmediateOops: 1, NonImmediateOops: No
[3,897s][debug][gc,nmethod     ] Register NMethod: io.brackit.query.compiler.optimizer.walker.topdown.JoinGroupDemarcation.visit (0x00007943f82f4c88) [0x00007943f82f4d80, 0x00007943f82f73a8] Compiler: c1, Barriers: 27, Oops: 2, ImmediateOops: 3, NonImmediateOops: No
[3,897s][debug][gc,nmethod     ] Register NMethod: io.brackit.query.compiler.optimizer.walker.topdown.TrivialLeftJoinRemoval.visit (0x00007943f82f7408) [0x00007943f82f7500, 0x00007943f82f9e68] Compiler: c1, Barriers: 25, Oops: 2, ImmediateOops: 5, NonImmediateOops: No
[3,898s][debug][gc,nmethod     ] Register NMethod: io.sirix.query.compiler.optimizer.walker.json.JsonPathStep.visit (0x00007943f82f9e88) [0x00007943f82f9f80, 0x00007943f82fa3c8] Compiler: c1, Barriers: 0, Oops: 1, ImmediateOops: 0, NonImmediateOops: No
[3,898s][debug][gc,nmethod     ] Register NMethod: io.sirix.query.compiler.optimizer.walker.json.JsonObjectKeyNameStep.visit (0x00007943f82fa408) [0x00007943f82fa500, 0x00007943f82fa8f8] Compiler: c1, Barriers: 0, Oops: 1, ImmediateOops: 0, NonImmediateOops: No
[3,898s][debug][gc,nmethod     ] Register NMethod: io.brackit.query.expr.BoundVariable.isUpdating (0x0000794416e88b08) [0x0000794416e88c00, 0x0000794416e88cc0] Compiler: c1, Barriers: 0, Oops: 1, ImmediateOops: 0, NonImmediateOops: No
[3,898s][debug][gc,nmethod     ] Register NMethod: io.brackit.query.compiler.translator.Binding.isReferenced (0x00007943f82fa908) [0x00007943f82faa00, 0x00007943f82fab50] Compiler: c1, Barriers: 0, Oops: 1, ImmediateOops: 0, NonImmediateOops: No
[3,898s][debug][gc,nmethod     ] Register NMethod: io.brackit.query.compiler.optimizer.walker.topdown.LeftJoinLifting.visit (0x00007943f82fac08) [0x00007943f82fad00, 0x00007943f82fe448] Compiler: c1, Barriers: 35, Oops: 5, ImmediateOops: 11, NonImmediateOops: No
[3,898s][debug][gc,nmethod     ] Register NMethod: io.brackit.query.compiler.optimizer.walker.topdown.PullEvaluation.visit (0x00007943f82fe488) [0x00007943f82fe580, 0x00007943f83017a8] Compiler: c1, Barriers: 39, Oops: 2, ImmediateOops: 8, NonImmediateOops: No
[3,898s][debug][gc,nmethod     ] Register NMethod: io.sirix.query.compiler.optimizer.walker.json.JsonCASStep.visit (0x00007943f8301808) [0x00007943f8301900, 0x00007943f8303908] Compiler: c1, Barriers: 6, Oops: 1, ImmediateOops: 8, NonImmediateOops: No
[3,899s][debug][gc,director    ] Rule Major: Warmup 10%, Used: 950MB, UsedThreshold: 1228MB
[3,899s][debug][gc,director    ] Rule Minor: High Usage, Free: 11296MB(91,9%)
[3,901s][debug][gc,nmethod     ] Register NMethod: io.sirix.node.MemorySegmentBytesIn.readStopBit (0x0000794416e88e08) [0x0000794416e88f00, 0x0000794416e892f0] Compiler: jvmci, Barriers: 4, Oops: 1, ImmediateOops: 0, NonImmediateOops: No
[3,901s][debug][gc,nmethod     ] Register NMethod: io.sirix.axis.AttributeAxis.<init> (0x00007943f8303988) [0x00007943f8303a80, 0x00007943f8303bb0] Compiler: c1, Barriers: 0, Oops: 1, ImmediateOops: 0, NonImmediateOops: No
[3,901s][debug][gc,nmethod     ] Register NMethod: io.sirix.node.xml.AttributeNode.<init> (0x00007943f8303c88) [0x00007943f8303d80, 0x00007943f8304068] Compiler: c1, Barriers: 3, Oops: 1, ImmediateOops: 0, NonImmediateOops: No
[3,901s][debug][gc,nmethod     ] Register NMethod: io.brackit.query.atomic.Str.type (0x00007943f8304088) [0x00007943f8304180, 0x00007943f8304288] Compiler: c1, Barriers: 0, Oops: 1, ImmediateOops: 1, NonImmediateOops: No
[3,901s][debug][gc,nmethod     ] Register NMethod: io.brackit.query.atomic.AbstractAtomic.eq (0x00007943f8304388) [0x00007943f8304480, 0x00007943f83047c8] Compiler: c1, Barriers: 0, Oops: 1, ImmediateOops: 0, NonImmediateOops: No
[3,901s][debug][gc,nmethod     ] Register NMethod: io.sirix.access.trx.node.xml.XmlNodeReadOnlyTrxImpl.getAttributeKey (0x00007943f8304808) [0x00007943f8304900, 0x00007943f8305ae8] Compiler: c1, Barriers: 2, Oops: 1, ImmediateOops: 3, NonImmediateOops: No
[3,901s][debug][gc,nmethod     ] Register NMethod: io.sirix.query.compiler.translator.SirixTranslator$Attribute.performStep (0x00007943f8305b08) [0x00007943f8305c00, 0x00007943f8306ef8] Compiler: c1, Barriers: 9, Oops: 1, ImmediateOops: 0, NonImmediateOops: No
[3,901s][debug][gc,nmethod     ] Register NMethod: io.brackit.query.atomic.Una.cmp (0x00007943f8306f08) [0x00007943f8307000, 0x00007943f8308380] Compiler: c1, Barriers: 8, Oops: 2, ImmediateOops: 2, NonImmediateOops: No
[3,901s][debug][gc,nmethod     ] Register NMethod: io.brackit.query.util.Cmp.gCmpAsBool (0x00007943f8308408) [0x00007943f8308500, 0x00007943f83088f0] Compiler: c1, Barriers: 0, Oops: 1, ImmediateOops: 2, NonImmediateOops: No
[3,902s][debug][gc,nmethod     ] Register NMethod: io.sirix.node.NodeKind$2.deserialize (0x00007943f8308908) [0x00007943f8308a00, 0x00007943f830ad60] Compiler: c1, Barriers: 20, Oops: 3, ImmediateOops: 6, NonImmediateOops: No
[3,902s][debug][gc,nmethod     ] Register NMethod: io.brackit.query.function.AbstractFunction.getSignature (0x0000794416e89308) [0x0000794416e89400, 0x0000794416e894e8] Compiler: c1, Barriers: 1, Oops: 1, ImmediateOops: 0, NonImmediateOops: No
[3,903s][debug][gc,nmethod     ] Register NMethod: io.brackit.query.expr.PredicateExpr$DependentFilterSeq$1.next (0x00007943f830ad88) [0x00007943f830ae80, 0x00007943f830c4c0] Compiler: c1, Barriers: 21, Oops: 1, ImmediateOops: 2, NonImmediateOops: No
[3,903s][debug][gc,nmethod     ] Register NMethod: io.sirix.access.trx.page.NodePageReadOnlyTrx.getDataRecord (0x00007943f830c508) [0x00007943f830c600, 0x00007943f830d408] Compiler: c1, Barriers: 6, Oops: 1, ImmediateOops: 1, NonImmediateOops: No
[3,903s][debug][gc,nmethod     ] Register NMethod: io.brackit.query.util.Cmp.compareLeftAndRightAtomic (0x00007943f830d488) [0x00007943f830d580, 0x00007943f830fbd0] Compiler: c1, Barriers: 7, Oops: 3, ImmediateOops: 5, NonImmediateOops: No
[3,903s][debug][gc,nmethod     ] Register NMethod: io.brackit.query.jdm.Signature.getParams (0x0000794416e89608) [0x0000794416e89700, 0x0000794416e897e8] Compiler: c1, Barriers: 1, Oops: 1, ImmediateOops: 0, NonImmediateOops: No
[3,903s][debug][gc,nmethod     ] Register NMethod: io.brackit.query.operator.ForBind$ForBindCursor.next (0x00007943f830fc08) [0x00007943f830fd00, 0x00007943f8312848] Compiler: c1, Barriers: 48, Oops: 1, ImmediateOops: 1, NonImmediateOops: No
[3,903s][debug][gc,nmethod     ] Register NMethod: io.brackit.query.function.AbstractFunction.isBuiltIn (0x0000794416e89908) [0x0000794416e89a00, 0x0000794416e89ac0] Compiler: c1, Barriers: 0, Oops: 1, ImmediateOops: 0, NonImmediateOops: No
[3,905s][debug][gc,nmethod     ] Register NMethod: io.brackit.query.jdm.type.AnyItemType.isAnyItem (0x0000794416e89c08) [0x0000794416e89d00, 0x0000794416e89dc0] Compiler: c1, Barriers: 0, Oops: 1, ImmediateOops: 0, NonImmediateOops: No
[3,905s][debug][gc,nmethod     ] Register NMethod: io.brackit.query.jdm.type.SequenceType.getCardinality (0x0000794416e89f08) [0x0000794416e8a000, 0x0000794416e8a0e8] Compiler: c1, Barriers: 1, Oops: 1, ImmediateOops: 0, NonImmediateOops: No
[3,905s][debug][gc,nmethod     ] Register NMethod: io.brackit.query.operator.TupleImpl.concat (0x00007943f8312888) [0x00007943f8312980, 0x00007943f83138d0] Compiler: c1, Barriers: 10, Oops: 1, ImmediateOops: 0, NonImmediateOops: No
[3,909s][debug][gc,nmethod     ] Register NMethod: io.sirix.page.KeyValueLeafPage.addReferences (0x0000794416e8a208) [0x0000794416e8a300, 0x0000794416e8fc90] Compiler: jvmci, Barriers: 95, Oops: 9, ImmediateOops: 11, NonImmediateOops: No
[3,909s][debug][gc,director    ] Rule Major: Warmup 10%, Used: 954MB, UsedThreshold: 1228MB
[3,909s][debug][gc,director    ] Rule Minor: High Usage, Free: 11292MB(91,9%)
[3,911s][debug][gc,nmethod     ] Register NMethod: io.brackit.query.expr.PredicateExpr$DependentFilterSeq$1.close (0x00007943f8313908) [0x00007943f8313a00, 0x00007943f8313d68] Compiler: c1, Barriers: 1, Oops: 1, ImmediateOops: 0, NonImmediateOops: No
[3,911s][debug][gc,nmethod     ] Register NMethod: io.brackit.query.expr.PredicateExpr$DependentFilterSeq.iterate (0x00007943f8313d88) [0x00007943f8313e80, 0x00007943f8314168] Compiler: c1, Barriers: 3, Oops: 1, ImmediateOops: 0, NonImmediateOops: No
[3,911s][debug][gc,nmethod     ] Register NMethod: io.brackit.query.expr.PredicateExpr$DependentFilterSeq$1.<init> (0x00007943f8314188) [0x00007943f8314280, 0x00007943f83144b0] Compiler: c1, Barriers: 3, Oops: 1, ImmediateOops: 0, NonImmediateOops: No
[3,912s][debug][gc,nmethod     ] Register NMethod: io.brackit.query.expr.PredicateExpr$DependentFilterSeq.<init> (0x00007943f8314508) [0x00007943f8314600, 0x00007943f8314d70] Compiler: c1, Barriers: 16, Oops: 1, ImmediateOops: 2, NonImmediateOops: No
[3,912s][debug][gc,nmethod     ] Register NMethod: com.github.benmanes.caffeine.cache.SSLMW.missesInSample (0x0000794416e8fd08) [0x0000794416e8fe00, 0x0000794416e8fec0] Compiler: c1, Barriers: 0, Oops: 1, ImmediateOops: 0, NonImmediateOops: No
[3,913s][debug][gc,nmethod     ] Register NMethod: java.util.concurrent.ForkJoinPool.deactivate (0x0000794416e90008) [0x0000794416e90100, 0x0000794416e91168] Compiler: jvmci, Barriers: 28, Oops: 0, ImmediateOops: 1, NonImmediateOops: No
[3,913s][debug][gc,nmethod     ] Register NMethod: java.nio.ByteOrder.nativeOrder (0x0000794416e91188) [0x0000794416e91280, 0x0000794416e912f0] Compiler: jvmci, Barriers: 0, Oops: 0, ImmediateOops: 1, NonImmediateOops: No
[3,915s][debug][gc,nmethod     ] Register NMethod: java.lang.String.getBytes (0x0000794416e91488) [0x0000794416e91580, 0x0000794416e917c8] Compiler: jvmci, Barriers: 1, Oops: 0, ImmediateOops: 1, NonImmediateOops: No
[3,917s][debug][gc,nmethod     ] Register NMethod: io.sirix.access.trx.node.AbstractNodeReadOnlyTrx.hasRightSibling (0x0000794416e91808) [0x0000794416e91900, 0x0000794416e92108] Compiler: jvmci, Barriers: 11, Oops: 1, ImmediateOops: 0, NonImmediateOops: No
[3,919s][debug][gc,nmethod     ] Register NMethod: io.sirix.node.xml.AttributeNode.getPrefixKey (0x0000794416e92188) [0x0000794416e92280, 0x0000794416e92660] Compiler: jvmci, Barriers: 4, Oops: 3, ImmediateOops: 0, NonImmediateOops: No
[3,919s][debug][gc,nmethod     ] Register NMethod: io.sirix.node.xml.AttributeNode.getLocalNameKey (0x0000794416e92688) [0x0000794416e92780, 0x0000794416e92b60] Compiler: jvmci, Barriers: 4, Oops: 3, ImmediateOops: 0, NonImmediateOops: No
[3,919s][debug][gc,director    ] Rule Major: Warmup 10%, Used: 958MB, UsedThreshold: 1228MB
[3,919s][debug][gc,director    ] Rule Minor: High Usage, Free: 11288MB(91,9%)
[3,921s][debug][gc,nmethod     ] Register NMethod: io.sirix.axis.filter.xml.ElementFilter.filter (0x0000794416e92b88) [0x0000794416e92c80, 0x0000794416e92ea8] Compiler: jvmci, Barriers: 2, Oops: 1, ImmediateOops: 3, NonImmediateOops: No
[3,921s][debug][gc,nmethod     ] Register NMethod: jdk.internal.misc.Unsafe.weakCompareAndSetLongRelease (0x0000794416e92f08) [0x0000794416e93000, 0x0000794416e93090] Compiler: jvmci, Barriers: 0, Oops: 0, ImmediateOops: 0, NonImmediateOops: No
[3,921s][debug][gc,nmethod     ] Register NMethod: io.brackit.query.jdm.AbstractItem$1.close (0x0000794416e93208) [0x0000794416e93300, 0x0000794416e93380] Compiler: jvmci, Barriers: 0, Oops: 1, ImmediateOops: 0, NonImmediateOops: No
[3,922s][debug][gc,nmethod     ] Register NMethod: io.sirix.node.xml.AttributeNode.getKind (0x0000794416e93508) [0x0000794416e93600, 0x0000794416e93690] Compiler: jvmci, Barriers: 0, Oops: 1, ImmediateOops: 1, NonImmediateOops: No
[3,922s][debug][gc,nmethod     ] Register NMethod: com.github.benmanes.caffeine.cache.BoundedLocalCache.tryExpireAfterRead (0x00007943f8314d88) [0x00007943f8314e80, 0x00007943f83151a8] Compiler: c1, Barriers: 0, Oops: 1, ImmediateOops: 0, NonImmediateOops: No
[3,925s][debug][gc,nmethod     ] Register NMethod: com.github.benmanes.caffeine.cache.BoundedLocalCache.scheduleAfterWrite (0x00007943f80a5808) [0x00007943f80a5900, 0x00007943f80a8ee0] Compiler: c1, Barriers: 0, Oops: 7, ImmediateOops: 18, NonImmediateOops: No
[3,927s][debug][gc,nmethod     ] Register NMethod: io.sirix.access.trx.node.AbstractNodeReadOnlyTrx.getRightSiblingKey (0x0000794416e93808) [0x0000794416e93900, 0x0000794416e94108] Compiler: jvmci, Barriers: 11, Oops: 1, ImmediateOops: 0, NonImmediateOops: No
[3,930s][debug][gc,director    ] Rule Major: Warmup 10%, Used: 962MB, UsedThreshold: 1228MB
[3,930s][debug][gc,director    ] Rule Minor: High Usage, Free: 11284MB(91,8%)
[3,936s][debug][gc,nmethod     ] Register NMethod: io.sirix.page.PageUtils.fixupPageReferenceIds (0x00007943f8315208) [0x00007943f8315300, 0x00007943f83163e8] Compiler: c1, Barriers: 0, Oops: 1, ImmediateOops: 0, NonImmediateOops: No
[3,936s][debug][gc,nmethod     ] Register NMethod: io.sirix.page.KeyValueLeafPage.newInstance (0x00007943f8316408) [0x00007943f8316500, 0x00007943f83170b0] Compiler: c1, Barriers: 1, Oops: 2, ImmediateOops: 3, NonImmediateOops: No
[3,936s][debug][gc,nmethod     ] Register NMethod: io.sirix.page.KeyValueLeafPage.getActualMemorySize (0x00007943f8317108) [0x00007943f8317200, 0x00007943f83177e8] Compiler: c1, Barriers: 2, Oops: 1, ImmediateOops: 0, NonImmediateOops: No
[3,936s][debug][gc,nmethod     ] Register NMethod: io.sirix.node.NodeSerializerImpl.deserialize (0x0000794416e94188) [0x0000794416e94280, 0x0000794416e94790] Compiler: jvmci, Barriers: 6, Oops: 2, ImmediateOops: 1, NonImmediateOops: No
[3,940s][debug][gc,nmethod     ] Register NMethod: io.brackit.query.expr.PipeExpr$PipeSequence$1.next (0x00007943f8317808) [0x00007943f8317900, 0x00007943f8319370] Compiler: c1, Barriers: 24, Oops: 1, ImmediateOops: 0, NonImmediateOops: No
[3,940s][debug][gc,director    ] Rule Major: Warmup 10%, Used: 970MB, UsedThreshold: 1228MB
[3,940s][debug][gc,director    ] Rule Minor: High Usage, Free: 11276MB(91,8%)
[3,942s][debug][gc,nmethod     ] Register NMethod: io.sirix.access.trx.page.NodePageReadOnlyTrx$RecordPage.<init> (0x00007943f8319388) [0x00007943f8319480, 0x00007943f83197b8] Compiler: c1, Barriers: 9, Oops: 1, ImmediateOops: 0, NonImmediateOops: No
[3,942s][debug][gc,nmethod     ] Register NMethod: io.sirix.access.trx.node.AbstractNodeReadOnlyTrx.getFirstChildKey (0x00007943f8319808) [0x00007943f8319900, 0x00007943f831a120] Compiler: c1, Barriers: 0, Oops: 1, ImmediateOops: 1, NonImmediateOops: No
[3,943s][debug][gc,nmethod     ] Register NMethod: io.sirix.query.compiler.translator.SirixTranslator$Child.performStep (0x00007943f831a188) [0x00007943f831a280, 0x00007943f831e4f0] Compiler: c1, Barriers: 22, Oops: 1, ImmediateOops: 6, NonImmediateOops: No
[3,943s][debug][gc,nmethod     ] Register NMethod: io.sirix.query.compiler.translator.SirixTranslator.getAxis (0x00007943f831e508) [0x00007943f831e600, 0x00007943f8322eb8] Compiler: c1, Barriers: 21, Oops: 2, ImmediateOops: 1, NonImmediateOops: No
[3,944s][debug][gc,nmethod     ] Register NMethod: com.github.benmanes.caffeine.cache.BoundedLocalCache.entrySet (0x00007943f8322f08) [0x00007943f8323000, 0x00007943f83234d0] Compiler: c1, Barriers: 7, Oops: 1, ImmediateOops: 0, NonImmediateOops: No
[3,944s][debug][gc,nmethod     ] Register NMethod: com.github.benmanes.caffeine.cache.BoundedLocalCache$EntryIterator.<init> (0x00007943f8323508) [0x00007943f8323600, 0x00007943f8323af8] Compiler: c1, Barriers: 7, Oops: 1, ImmediateOops: 0, NonImmediateOops: No
[3,944s][debug][gc,nmethod     ] Register NMethod: com.github.benmanes.caffeine.cache.BoundedLocalCache$EntrySetView.iterator (0x00007943f8323b08) [0x00007943f8323c00, 0x00007943f83241e8] Compiler: c1, Barriers: 8, Oops: 1, ImmediateOops: 0, NonImmediateOops: No
[3,947s][debug][gc,nmethod     ] Register NMethod: java.util.LinkedHashMap.afterNodeRemoval (0x00007943f8324208) [0x00007943f8324300, 0x00007943f83249f0] Compiler: c1, Barriers: 20, Oops: 0, ImmediateOops: 0, NonImmediateOops: No
[3,948s][debug][gc,nmethod     ] Register NMethod: org.junit.platform.engine.UniqueId$Segment.<init> (0x00007943f8324a08) [0x00007943f8324b00, 0x00007943f8325d10] Compiler: c1, Barriers: 8, Oops: 3, ImmediateOops: 2, NonImmediateOops: No
[3,948s][debug][gc,nmethod     ] Register NMethod: java.util.Spliterators$ArraySpliterator.forEachRemaining (0x00007943f8325d88) [0x00007943f8325e80, 0x00007943f8326450] Compiler: c1, Barriers: 2, Oops: 0, ImmediateOops: 0, NonImmediateOops: No
[3,949s][debug][gc,nmethod     ] Register NMethod: java.util.Arrays.asList (0x00007943f8326488) [0x00007943f8326580, 0x00007943f83269f0] Compiler: c1, Barriers: 3, Oops: 0, ImmediateOops: 0, NonImmediateOops: No
[3,950s][debug][gc,nmethod     ] Register NMethod: ch.qos.logback.classic.Logger.trace (0x00007943f8326a08) [0x00007943f8326b00, 0x00007943f8326c68] Compiler: c1, Barriers: 0, Oops: 1, ImmediateOops: 2, NonImmediateOops: No
[3,950s][debug][gc,nmethod     ] Register NMethod: ch.qos.logback.classic.Logger.filterAndLog_2 (0x00007943f8326d08) [0x00007943f8326e00, 0x00007943f83278d8] Compiler: c1, Barriers: 7, Oops: 1, ImmediateOops: 2, NonImmediateOops: No
[3,950s][debug][gc,nmethod     ] Register NMethod: ch.qos.logback.classic.LoggerContext.getTurboFilterChainDecision_2 (0x00007943f8327908) [0x00007943f8327a00, 0x00007943f83287f0] Compiler: c1, Barriers: 9, Oops: 1, ImmediateOops: 1, NonImmediateOops: No
[3,950s][debug][gc,director    ] Rule Major: Warmup 10%, Used: 974MB, UsedThreshold: 1228MB
[3,950s][debug][gc,director    ] Rule Minor: High Usage, Free: 11272MB(91,7%)
[3,950s][debug][gc,nmethod     ] Register NMethod: java.util.concurrent.locks.AbstractQueuedLongSynchronizer.hasQueuedPredecessors (0x00007943f8328808) [0x00007943f8328900, 0x00007943f8328ed0] Compiler: c1, Barriers: 5, Oops: 0, ImmediateOops: 0, NonImmediateOops: No
[3,950s][debug][gc,nmethod     ] Register NMethod: java.util.concurrent.locks.AbstractQueuedLongSynchronizer.signalNext (0x00007943f8328f08) [0x00007943f8329000, 0x00007943f832a130] Compiler: c1, Barriers: 2, Oops: 0, ImmediateOops: 2, NonImmediateOops: No
[3,953s][debug][gc,nmethod     ] Register NMethod: com.google.gson.stream.JsonWriter.replaceTop (0x00007943f832a188) [0x00007943f832a280, 0x00007943f832a3e0] Compiler: c1, Barriers: 1, Oops: 1, ImmediateOops: 0, NonImmediateOops: No
[3,953s][debug][gc,nmethod     ] Register NMethod: java.io.Writer.write (0x00007943f832a488) [0x00007943f832a580, 0x00007943f832ad30] Compiler: c1, Barriers: 1, Oops: 0, ImmediateOops: 0, NonImmediateOops: No
[3,953s][debug][gc,nmethod     ] Register NMethod: java.io.OutputStreamWriter.write (0x00007943f832ad88) [0x00007943f832ae80, 0x00007943f832b1b0] Compiler: c1, Barriers: 1, Oops: 0, ImmediateOops: 0, NonImmediateOops: No
[3,956s][debug][gc,nmethod     ] Register NMethod: java.util.stream.AbstractPipeline.evaluateToArrayNode (0x00007943f832b208) [0x00007943f832b300, 0x00007943f832c2a8] Compiler: c1, Barriers: 3, Oops: 0, ImmediateOops: 1, NonImmediateOops: No
[3,956s][debug][gc,nmethod     ] Register NMethod: java.util.stream.Nodes.flatten (0x00007943f832c308) [0x00007943f832c400, 0x00007943f832d138] Compiler: c1, Barriers: 3, Oops: 0, ImmediateOops: 1, NonImmediateOops: No
[3,956s][debug][gc,nmethod     ] Register NMethod: java.util.ImmutableCollections.listFromTrustedArrayNullsAllowed (0x00007943f832d188) [0x00007943f832d280, 0x00007943f832d680] Compiler: c1, Barriers: 3, Oops: 0, ImmediateOops: 1, NonImmediateOops: No
[3,957s][debug][gc,nmethod     ] Register NMethod: sun.nio.ch.UnixFileDispatcherImpl.pwrite0 (0x0000794416e94808) [0x0000794416e94900, 0x0000794416e94a78] Compiler: , Barriers: 0, Oops: 0, ImmediateOops: 1, NonImmediateOops: No
[3,960s][debug][gc,director    ] Rule Major: Warmup 10%, Used: 974MB, UsedThreshold: 1228MB
[3,960s][debug][gc,director    ] Rule Minor: High Usage, Free: 11272MB(91,7%)
[3,961s][debug][gc,nmethod     ] Register NMethod: java.lang.Thread.blockedOn (0x00007943f832d688) [0x00007943f832d780, 0x00007943f832dab8] Compiler: c1, Barriers: 4, Oops: 0, ImmediateOops: 0, NonImmediateOops: No
[3,962s][debug][gc,nmethod     ] Register NMethod: java.nio.channels.spi.AbstractInterruptibleChannel.close (0x00007943f832db08) [0x00007943f832dc00, 0x00007943f832e188] Compiler: c1, Barriers: 1, Oops: 0, ImmediateOops: 0, NonImmediateOops: No
[3,967s][debug][gc,nmethod     ] Register NMethod: java.lang.runtime.ObjectMethods.hashCombiner (0x00007943f832e208) [0x00007943f832e300, 0x00007943f832e3f0] Compiler: c1, Barriers: 0, Oops: 0, ImmediateOops: 0, NonImmediateOops: No
[3,967s][debug][gc,nmethod     ] Register NMethod: java.lang.invoke.LambdaForm$MH/0x00000000a9299800.invoke (0x00007943f832e508) [0x00007943f832e600, 0x00007943f832f5b8] Compiler: c1, Barriers: 3, Oops: 1, ImmediateOops: 0, NonImmediateOops: No
[3,968s][debug][gc,nmethod     ] Register NMethod: com.sun.org.apache.xerces.internal.util.PropertyState.is (0x00007943f832f608) [0x00007943f832f700, 0x00007943f832f9e8] Compiler: c1, Barriers: 6, Oops: 1, ImmediateOops: 1, NonImmediateOops: No
[3,968s][debug][gc,nmethod     ] Register NMethod: com.sun.org.apache.xerces.internal.util.PropertyState.<init> (0x00007943f832fa08) [0x00007943f832fb00, 0x00007943f832fd48] Compiler: c1, Barriers: 6, Oops: 0, ImmediateOops: 0, NonImmediateOops: No
[3,968s][debug][gc,nmethod     ] Register NMethod: com.sun.org.apache.xerces.internal.util.ParserConfigurationSettings.getPropertyState (0x00007943f832fd88) [0x00007943f832fe80, 0x00007943f8330958] Compiler: c1, Barriers: 8, Oops: 1, ImmediateOops: 1, NonImmediateOops: No
[3,968s][debug][gc,nmethod     ] Register NMethod: java.lang.invoke.Invokers$Holder.linkToTargetMethod (0x00007943f8330988) [0x00007943f8330a80, 0x00007943f8330f78] Compiler: c1, Barriers: 0, Oops: 0, ImmediateOops: 0, NonImmediateOops: No
[3,968s][debug][gc,nmethod     ] Register NMethod: com.sun.org.apache.xerces.internal.parsers.XML11Configuration.getPropertyState (0x00007943f8330f88) [0x00007943f8331080, 0x00007943f8332238] Compiler: c1, Barriers: 15, Oops: 1, ImmediateOops: 3, NonImmediateOops: No
[3,969s][debug][gc,nmethod     ] Register NMethod: java.util.concurrent.ConcurrentHashMap$KeySetView.add (0x00007943f8332288) [0x00007943f8332380, 0x00007943f8332828] Compiler: c1, Barriers: 2, Oops: 0, ImmediateOops: 0, NonImmediateOops: No
[3,969s][debug][gc,nmethod     ] Register NMethod: io.sirix.page.PageReference.<init> (0x00007943f8332888) [0x00007943f8332980, 0x00007943f8332dd0] Compiler: c1, Barriers: 6, Oops: 1, ImmediateOops: 1, NonImmediateOops: No
[3,970s][debug][gc,nmethod     ] Register NMethod: io.sirix.settings.VersioningType$4.combineRecordPagesForModification (0x00007943f8332e08) [0x00007943f8332f00, 0x00007943f833c4b8] Compiler: c1, Barriers: 27, Oops: 1, ImmediateOops: 0, NonImmediateOops: No
[3,970s][debug][gc,director    ] Rule Major: Warmup 10%, Used: 976MB, UsedThreshold: 1228MB
[3,970s][debug][gc,director    ] Rule Minor: High Usage, Free: 11270MB(91,7%)
[3,976s][debug][gc,nmethod     ] Register NMethod: io.sirix.node.NodeKind$2.serialize (0x0000794416e94b08) [0x0000794416e94c00, 0x0000794416e99348] Compiler: jvmci, Barriers: 89, Oops: 11, ImmediateOops: 0, NonImmediateOops: No
[3,980s][debug][gc,director    ] Rule Major: Warmup 10%, Used: 982MB, UsedThreshold: 1228MB
[3,980s][debug][gc,director    ] Rule Minor: High Usage, Free: 11264MB(91,7%)
[3,981s][debug][gc,nmethod     ] Register NMethod: java.util.BitSet.set (0x00007943f833c508) [0x00007943f833c600, 0x00007943f833c7e8] Compiler: c1, Barriers: 0, Oops: 0, ImmediateOops: 0, NonImmediateOops: No
[3,988s][debug][gc,nmethod     ] Register NMethod: io.sirix.node.xml.AbstractStructForwardingNode.setFirstChildKey (0x00007943f833c808) [0x00007943f833c900, 0x00007943f833cc28] Compiler: c1, Barriers: 0, Oops: 1, ImmediateOops: 0, NonImmediateOops: No
[3,988s][debug][gc,nmethod     ] Register NMethod: io.sirix.node.xml.AbstractStructForwardingNode.incrementChildCount (0x00007943f833cc88) [0x00007943f833cd80, 0x00007943f833d0b8] Compiler: c1, Barriers: 0, Oops: 1, ImmediateOops: 0, NonImmediateOops: No
[3,989s][debug][gc,nmethod     ] Register NMethod: java.util.Collection.removeIf (0x00007943f833d108) [0x00007943f833d200, 0x00007943f833dfa8] Compiler: c1, Barriers: 0, Oops: 0, ImmediateOops: 0, NonImmediateOops: No
[3,990s][debug][gc,nmethod     ] Register NMethod: io.sirix.node.xml.AbstractStructForwardingNode.hasLeftSibling (0x00007943f833e008) [0x00007943f833e100, 0x00007943f833e6a8] Compiler: c1, Barriers: 0, Oops: 1, ImmediateOops: 1, NonImmediateOops: No
[3,990s][debug][gc,nmethod     ] Register NMethod: io.sirix.index.path.summary.PathSummaryReader.putQNameMapping (0x00007943f833e708) [0x00007943f833e800, 0x00007943f833f490] Compiler: c1, Barriers: 2, Oops: 2, ImmediateOops: 1, NonImmediateOops: No
[3,990s][debug][gc,nmethod     ] Register NMethod: java.util.regex.Pattern$CharPropertyGreedy.match (0x0000794416e99408) [0x0000794416e99500, 0x0000794416e9a3c8] Compiler: jvmci, Barriers: 14, Oops: 0, ImmediateOops: 0, NonImmediateOops: No
[3,990s][debug][gc,director    ] Rule Major: Warmup 10%, Used: 990MB, UsedThreshold: 1228MB
[3,990s][debug][gc,director    ] Rule Minor: High Usage, Free: 11256MB(91,6%)
[3,991s][debug][gc,nmethod     ] Register NMethod: java.lang.Character.isLowSurrogate (0x0000794416e9a408) [0x0000794416e9a500, 0x0000794416e9a5d8] Compiler: jvmci, Barriers: 0, Oops: 0, ImmediateOops: 0, NonImmediateOops: No
[3,991s][debug][gc,nmethod     ] Register NMethod: java.util.concurrent.ConcurrentLinkedDeque.poll (0x00007943f833f508) [0x00007943f833f600, 0x00007943f833f748] Compiler: c1, Barriers: 0, Oops: 0, ImmediateOops: 0, NonImmediateOops: No
[3,992s][debug][gc,nmethod     ] Register NMethod: java.util.concurrent.ConcurrentLinkedDeque.first (0x00007943f833f808) [0x00007943f833f900, 0x00007943f833ff00] Compiler: c1, Barriers: 4, Oops: 1, ImmediateOops: 1, NonImmediateOops: No
[3,992s][debug][gc,nmethod     ] Register NMethod: java.util.concurrent.ConcurrentLinkedDeque.pollFirst (0x00007943f833ff88) [0x00007943f8340080, 0x00007943f8341a98] Compiler: c1, Barriers: 9, Oops: 6, ImmediateOops: 9, NonImmediateOops: No
[3,992s][debug][gc,nmethod     ] Register NMethod: io.sirix.index.path.summary.PathSummaryWriter.adaptForInsert (0x00007943f8341b08) [0x00007943f8341c00, 0x00007943f83450e0] Compiler: c1, Barriers: 6, Oops: 1, ImmediateOops: 3, NonImmediateOops: No
[3,993s][debug][gc,nmethod     ] Register NMethod: java.util.concurrent.ConcurrentLinkedDeque.unlink (0x00007943f8345108) [0x00007943f8345200, 0x00007943f8348778] Compiler: c1, Barriers: 14, Oops: 6, ImmediateOops: 20, NonImmediateOops: No
[3,993s][debug][gc,nmethod     ] Register NMethod: it.unimi.dsi.fastutil.longs.LongArrayList.initArrayFromCapacity (0x0000794416e9a708) [0x0000794416e9a800, 0x0000794416e9ab20] Compiler: jvmci, Barriers: 6, Oops: 1, ImmediateOops: 1, NonImmediateOops: No
[3,995s][debug][gc,nmethod     ] Register NMethod: java.lang.Long.valueOf (0x0000794416e9ab88) [0x0000794416e9ac80, 0x0000794416e9ae28] Compiler: jvmci, Barriers: 1, Oops: 0, ImmediateOops: 1, NonImmediateOops: No
[3,995s][debug][gc,nmethod     ] Register NMethod: java.lang.Long.hashCode (0x0000794416e9ae88) [0x0000794416e9af80, 0x0000794416e9b018] Compiler: jvmci, Barriers: 0, Oops: 0, ImmediateOops: 0, NonImmediateOops: No
[3,997s][debug][gc,alloc       ] Mutator Allocation Rate: 365,0MB/s Predicted: 386,1MB/s, Avg: 286,0(+/-59,1)MB/s
[3,997s][debug][gc,director    ] Rule Major: Warmup 10%, Used: 996MB, UsedThreshold: 1228MB
[3,997s][debug][gc,director    ] Rule Minor: High Usage, Free: 11250MB(91,6%)
[3,998s][debug][gc,nmethod     ] Register NMethod: io.sirix.page.KeyValueLeafPage.processEntries (0x0000794416e9b188) [0x0000794416e9b280, 0x0000794416ea1cf0] Compiler: jvmci, Barriers: 192, Oops: 12, ImmediateOops: 7, NonImmediateOops: No
[4,000s][debug][gc,nmethod     ] Register NMethod: io.sirix.node.xml.AbstractStructForwardingNode.hasRightSibling (0x0000794416ea1d88) [0x0000794416ea1e80, 0x0000794416ea1f98] Compiler: jvmci, Barriers: 1, Oops: 1, ImmediateOops: 0, NonImmediateOops: No
[4,000s][debug][gc,nmethod     ] Register NMethod: io.sirix.access.trx.node.xml.XmlNodeFactoryImpl.createPathNode (0x00007943f8348808) [0x00007943f8348900, 0x00007943f834b9e8] Compiler: c1, Barriers: 16, Oops: 1, ImmediateOops: 4, NonImmediateOops: No
[4,004s][debug][gc,nmethod     ] Register NMethod: com.sun.org.apache.xerces.internal.util.XMLAttributesImpl.addAttributeNS (0x0000794416ea2088) [0x0000794416ea2180, 0x0000794416ea29a0] Compiler: jvmci, Barriers: 35, Oops: 0, ImmediateOops: 0, NonImmediateOops: No
[4,007s][debug][gc,director    ] Rule Major: Warmup 10%, Used: 1002MB, UsedThreshold: 1228MB
[4,007s][debug][gc,director    ] Rule Minor: High Usage, Free: 11244MB(91,5%)
[4,009s][debug][gc,nmethod     ] Register NMethod: com.sun.org.apache.xerces.internal.parsers.AbstractXMLDocumentParser.emptyElement (0x0000794416ea2a08) [0x0000794416ea2b00, 0x0000794416ea2be8] Compiler: jvmci, Barriers: 0, Oops: 0, ImmediateOops: 0, NonImmediateOops: No
[4,014s][debug][gc,nmethod     ] Register NMethod: io.sirix.page.PageKind$1.deserializePage (0x0000794416ea2d08) [0x0000794416ea2e00, 0x0000794416ea63b0] Compiler: jvmci, Barriers: 34, Oops: 5, ImmediateOops: 0, NonImmediateOops: No
[4,014s][debug][gc,nmethod     ] Register NMethod: io.sirix.access.trx.page.NodePageReadOnlyTrx.getPathSummaryPage (0x0000794416ea6408) [0x0000794416ea6500, 0x0000794416ea76e8] Compiler: jvmci, Barriers: 34, Oops: 2, ImmediateOops: 0, NonImmediateOops: No
[4,016s][debug][gc,nmethod     ] Register NMethod: io.sirix.node.xml.AbstractStructForwardingNode.getRightSiblingKey (0x0000794416ea7708) [0x0000794416ea7800, 0x0000794416ea7910] Compiler: jvmci, Barriers: 1, Oops: 1, ImmediateOops: 0, NonImmediateOops: No
[4,016s][debug][gc,nmethod     ] Register NMethod: io.sirix.access.trx.node.xml.XmlNodeReadOnlyTrxImpl.isNameNode (0x0000794416ea7a08) [0x0000794416ea7b00, 0x0000794416ea7c90] Compiler: jvmci, Barriers: 1, Oops: 1, ImmediateOops: 0, NonImmediateOops: No
[4,017s][debug][gc,director    ] Rule Major: Warmup 10%, Used: 1012MB, UsedThreshold: 1228MB
[4,017s][debug][gc,director    ] Rule Minor: High Usage, Free: 11234MB(91,4%)
[4,022s][debug][gc,nmethod     ] Register NMethod: com.sun.org.apache.xerces.internal.xni.XMLString.append (0x0000794416ea7d08) [0x0000794416ea7e00, 0x0000794416ea8470] Compiler: jvmci, Barriers: 4, Oops: 0, ImmediateOops: 0, NonImmediateOops: No
[4,023s][debug][gc,nmethod     ] Register NMethod: io.sirix.node.NullNode.<init> (0x0000794416ea8488) [0x0000794416ea8580, 0x0000794416ea86c8] Compiler: jvmci, Barriers: 3, Oops: 1, ImmediateOops: 0, NonImmediateOops: No
[4,023s][debug][gc,nmethod     ] Register NMethod: java.util.concurrent.ForkJoinPool$WorkQueue.unlockPhase (0x0000794416ea8788) [0x0000794416ea8880, 0x0000794416ea8910] Compiler: jvmci, Barriers: 0, Oops: 0, ImmediateOops: 0, NonImmediateOops: No
[4,023s][debug][gc,nmethod     ] Register NMethod: io.brackit.query.atomic.AbstractAtomic.atomize (0x0000794416ea8a88) [0x0000794416ea8b80, 0x0000794416ea8c08] Compiler: jvmci, Barriers: 0, Oops: 1, ImmediateOops: 0, NonImmediateOops: No
[4,023s][debug][gc,nmethod     ] Register NMethod: io.brackit.query.atomic.Una.type (0x0000794416ea8d88) [0x0000794416ea8e80, 0x0000794416ea8f10] Compiler: jvmci, Barriers: 0, Oops: 1, ImmediateOops: 1, NonImmediateOops: No
[4,024s][debug][gc,nmethod     ] Register NMethod: jdk.internal.misc.Unsafe.putLongRelease (0x0000794416ea9088) [0x0000794416ea9180, 0x0000794416ea9210] Compiler: jvmci, Barriers: 0, Oops: 0, ImmediateOops: 0, NonImmediateOops: No
[4,025s][debug][gc,nmethod     ] Register NMethod: java.util.stream.ReduceOps$ReduceOp.evaluateSequential (0x0000794416ea9388) [0x0000794416ea9480, 0x0000794416ea9e30] Compiler: jvmci, Barriers: 22, Oops: 0, ImmediateOops: 0, NonImmediateOops: No
[4,026s][debug][gc,nmethod     ] Register NMethod: io.sirix.page.PageKind$1.serializePage (0x0000794416ea9e88) [0x0000794416ea9f80, 0x0000794416eb1e80] Compiler: jvmci, Barriers: 126, Oops: 12, ImmediateOops: 5, NonImmediateOops: No
[4,027s][debug][gc,director    ] Rule Major: Warmup 10%, Used: 1020MB, UsedThreshold: 1228MB
[4,027s][debug][gc,director    ] Rule Minor: High Usage, Free: 11226MB(91,4%)
[4,033s][debug][gc,nmethod     ] Register NMethod: io.sirix.node.json.JsonNodeSerializer.updateSizePrefix (0x0000794416eb1f08) [0x0000794416eb2000, 0x0000794416eb2730] Compiler: jvmci, Barriers: 9, Oops: 3, ImmediateOops: 0, NonImmediateOops: No
[4,033s][debug][gc,nmethod     ] Register NMethod: io.sirix.axis.filter.xml.XmlNameFilter.filter (0x0000794416eb2788) [0x0000794416eb2880, 0x0000794416eb3f88] Compiler: jvmci, Barriers: 22, Oops: 7, ImmediateOops: 0, NonImmediateOops: No
[4,034s][debug][gc,nmethod     ] Register NMethod: io.sirix.cache.LinuxMemorySegmentAllocator.allocate (0x00007943f834ba08) [0x00007943f834bb20, 0x00007943f83517c8] Compiler: c1, Barriers: 54, Oops: 6, ImmediateOops: 11, NonImmediateOops: No
[4,034s][debug][gc,nmethod     ] Register NMethod: io.sirix.node.xml.ElementNode.getAttributeKey (0x0000794416eb4008) [0x0000794416eb4100, 0x0000794416eb42a0] Compiler: jvmci, Barriers: 2, Oops: 1, ImmediateOops: 0, NonImmediateOops: No
[4,035s][debug][gc,nmethod     ] Register NMethod: io.brackit.query.jdm.type.ElementType.getNodeKind (0x0000794416eb4308) [0x0000794416eb4400, 0x0000794416eb4490] Compiler: jvmci, Barriers: 0, Oops: 1, ImmediateOops: 1, NonImmediateOops: No
[4,035s][debug][gc,nmethod     ] Register NMethod: java.util.concurrent.atomic.AtomicInteger.incrementAndGet (0x0000794416eb4608) [0x0000794416eb4700, 0x0000794416eb4790] Compiler: jvmci, Barriers: 0, Oops: 0, ImmediateOops: 0, NonImmediateOops: No
[4,036s][debug][gc,nmethod     ] Register NMethod: java.util.concurrent.atomic.AtomicInteger.decrementAndGet (0x0000794416eb4908) [0x0000794416eb4a00, 0x0000794416eb4a90] Compiler: jvmci, Barriers: 0, Oops: 0, ImmediateOops: 0, NonImmediateOops: No
[4,036s][debug][gc,nmethod     ] Register NMethod: net.jpountz.util.SafeUtils.readIntLE (0x0000794416eb4c08) [0x0000794416eb4d00, 0x0000794416eb4e18] Compiler: jvmci, Barriers: 0, Oops: 1, ImmediateOops: 0, NonImmediateOops: No
[4,037s][debug][gc,nmethod     ] Register NMethod: net.jpountz.lz4.LZ4BlockOutputStream.writeIntLE (0x0000794416eb4f08) [0x0000794416eb5000, 0x0000794416eb5118] Compiler: jvmci, Barriers: 0, Oops: 1, ImmediateOops: 0, NonImmediateOops: No
[4,037s][debug][gc,nmethod     ] Register NMethod: java.lang.foreign.MemorySegment.copy (0x0000794416eb5208) [0x0000794416eb5300, 0x0000794416eb6708] Compiler: jvmci, Barriers: 21, Oops: 1, ImmediateOops: 0, NonImmediateOops: No
[4,037s][debug][gc,nmethod     ] Register NMethod: jdk.internal.misc.Unsafe.putReferenceOpaque (0x0000794416eb6788) [0x0000794416eb6880, 0x0000794416eb6970] Compiler: jvmci, Barriers: 3, Oops: 0, ImmediateOops: 0, NonImmediateOops: No
[4,038s][debug][gc,director    ] Rule Major: Warmup 10%, Used: 1024MB, UsedThreshold: 1228MB
[4,038s][debug][gc,director    ] Rule Minor: High Usage, Free: 11222MB(91,3%)
[4,038s][debug][gc,nmethod     ] Register NMethod: jdk.internal.foreign.GlobalSession.release0 (0x0000794416eb6a88) [0x0000794416eb6b80, 0x0000794416eb6c00] Compiler: jvmci, Barriers: 0, Oops: 0, ImmediateOops: 0, NonImmediateOops: No
[4,038s][debug][gc,nmethod     ] Register NMethod: jdk.internal.foreign.GlobalSession.acquire0 (0x0000794416eb6d88) [0x0000794416eb6e80, 0x0000794416eb6f00] Compiler: jvmci, Barriers: 0, Oops: 0, ImmediateOops: 0, NonImmediateOops: No
[4,038s][debug][gc,nmethod     ] Register NMethod: io.sirix.node.HashCountEntryNode.incrementValue (0x0000794416eb7088) [0x0000794416eb7180, 0x0000794416eb7208] Compiler: jvmci, Barriers: 0, Oops: 1, ImmediateOops: 0, NonImmediateOops: No
[4,038s][debug][gc,nmethod     ] Register NMethod: io.sirix.node.delegates.StructNodeDelegate.incrementChildCount (0x0000794416eb7388) [0x0000794416eb7480, 0x0000794416eb7508] Compiler: jvmci, Barriers: 0, Oops: 1, ImmediateOops: 0, NonImmediateOops: No
[4,041s][debug][gc,nmethod     ] Register NMethod: io.sirix.page.delegates.BitmapReferencesPage.createNewReference (0x00007943f8351808) [0x00007943f8351900, 0x00007943f8351f18] Compiler: c1, Barriers: 3, Oops: 1, ImmediateOops: 0, NonImmediateOops: No
[4,048s][debug][gc,director    ] Rule Major: Warmup 10%, Used: 1034MB, UsedThreshold: 1228MB
[4,048s][debug][gc,director    ] Rule Minor: High Usage, Free: 11212MB(91,2%)
[4,048s][debug][gc,nmethod     ] Register NMethod: io.sirix.node.json.JsonNodeSerializer.writeSizePrefix (0x0000794416eb7688) [0x0000794416eb7780, 0x0000794416eb9288] Compiler: jvmci, Barriers: 34, Oops: 4, ImmediateOops: 0, NonImmediateOops: No
[4,050s][debug][gc,nmethod     ] Register NMethod: io.sirix.node.GrowingMemorySegment.grow (0x0000794416eb9308) [0x0000794416eb9400, 0x0000794416ebb470] Compiler: jvmci, Barriers: 46, Oops: 4, ImmediateOops: 6, NonImmediateOops: No
[4,052s][debug][gc,nmethod     ] Register NMethod: io.sirix.node.xml.AbstractStructForwardingNode.getFirstChildKey (0x0000794416ebb508) [0x0000794416ebb600, 0x0000794416ebb7a0] Compiler: jvmci, Barriers: 2, Oops: 1, ImmediateOops: 0, NonImmediateOops: No
[4,057s][debug][gc,nmethod     ] Register NMethod: com.sun.org.apache.xerces.internal.util.XMLChar.isValid (0x0000794416ebb808) [0x0000794416ebb900, 0x0000794416ebb9d0] Compiler: jvmci, Barriers: 0, Oops: 0, ImmediateOops: 1, NonImmediateOops: No
[4,058s][debug][gc,director    ] Rule Major: Warmup 10%, Used: 1042MB, UsedThreshold: 1228MB
[4,058s][debug][gc,director    ] Rule Minor: High Usage, Free: 11204MB(91,2%)
[4,061s][debug][gc,nmethod     ] Register NMethod: io.sirix.index.path.summary.PathNode.getKind (0x00007943f8351f88) [0x00007943f8352080, 0x00007943f83523a0] Compiler: c1, Barriers: 0, Oops: 1, ImmediateOops: 1, NonImmediateOops: No
[4,062s][debug][gc,nmethod     ] Register NMethod: io.sirix.node.NodeKind$13.serialize (0x00007943f8352408) [0x00007943f8352500, 0x00007943f8353ab8] Compiler: c1, Barriers: 7, Oops: 1, ImmediateOops: 0, NonImmediateOops: No
[4,062s][debug][gc,nmethod     ] Register NMethod: io.sirix.node.NodeKind.serializeDelegateWithoutIDs (0x00007943f8353b08) [0x00007943f8353c00, 0x00007943f8354098] Compiler: c1, Barriers: 2, Oops: 1, ImmediateOops: 0, NonImmediateOops: No
[4,062s][debug][gc,nmethod     ] Register NMethod: io.sirix.node.NodeKind.serializeStructDelegate (0x00007943f8354108) [0x00007943f8354200, 0x00007943f8354e50] Compiler: c1, Barriers: 7, Oops: 1, ImmediateOops: 5, NonImmediateOops: No
[4,062s][debug][gc,nmethod     ] Register NMethod: io.sirix.page.SerializationType.serializeBitSet (0x00007943f8354e88) [0x00007943f8354f80, 0x00007943f8355348] Compiler: c1, Barriers: 2, Oops: 1, ImmediateOops: 0, NonImmediateOops: No
[4,063s][debug][gc,nmethod     ] Register NMethod: io.sirix.node.NodeKind.serializeNameDelegate (0x00007943f8355388) [0x00007943f8355480, 0x00007943f8355a30] Compiler: c1, Barriers: 3, Oops: 1, ImmediateOops: 0, NonImmediateOops: No
[4,064s][debug][gc,nmethod     ] Register NMethod: io.sirix.node.AbstractForwardingNode.getDeweyID (0x00007943f8355a88) [0x00007943f8355b80, 0x00007943f8356288] Compiler: c1, Barriers: 6, Oops: 1, ImmediateOops: 0, NonImmediateOops: No
[4,064s][debug][gc,nmethod     ] Register NMethod: sun.security.provider.DigestBase.engineUpdate (0x00007943f8356308) [0x00007943f8356400, 0x00007943f83572a8] Compiler: c1, Barriers: 4, Oops: 1, ImmediateOops: 1, NonImmediateOops: No
[4,068s][debug][gc,director    ] Rule Major: Warmup 10%, Used: 1074MB, UsedThreshold: 1228MB
[4,068s][debug][gc,nmethod     ] Register NMethod: io.sirix.node.Bytes.wrapForWrite (0x00007943f8357308) [0x00007943f8357400, 0x00007943f83583e0] Compiler: c1, Barriers: 9, Oops: 2, ImmediateOops: 1, NonImmediateOops: No
[4,068s][debug][gc,director    ] Rule Minor: High Usage, Free: 11172MB(90,9%)
[4,069s][debug][gc,nmethod     ] Register NMethod: net.jpountz.lz4.LZ4Utils.maxCompressedLength (0x00007943f8358408) [0x00007943f8358500, 0x00007943f8359308] Compiler: c1, Barriers: 0, Oops: 2, ImmediateOops: 3, NonImmediateOops: No
[4,069s][debug][gc,nmethod     ] Register NMethod: java.security.MessageDigestSpi.clone (0x00007943f8359388) [0x00007943f8359480, 0x00007943f8359cd8] Compiler: c1, Barriers: 5, Oops: 0, ImmediateOops: 0, NonImmediateOops: No
[4,069s][debug][gc,nmethod     ] Register NMethod: sun.security.provider.DigestBase.implCompressMultiBlock0 (0x0000794416ebbb08) [0x0000794416ebbc00, 0x0000794416ebbde0] Compiler: jvmci, Barriers: 1, Oops: 0, ImmediateOops: 0, NonImmediateOops: No
[4,070s][debug][gc,nmethod     ] Register NMethod: java.util.concurrent.CountedCompleter.propagateCompletion (0x00007943f8359d08) [0x00007943f8359e00, 0x00007943f835a5c8] Compiler: c1, Barriers: 1, Oops: 0, ImmediateOops: 0, NonImmediateOops: No
[4,071s][debug][gc,nmethod     ] Register NMethod: java.util.concurrent.ConcurrentHashMap$KeySetView.remove (0x00007943f835a608) [0x00007943f835a700, 0x00007943f835ab00] Compiler: c1, Barriers: 1, Oops: 0, ImmediateOops: 0, NonImmediateOops: No
[4,071s][debug][gc,nmethod     ] Register NMethod: jdk.internal.foreign.AbstractMemorySegmentImpl.equals (0x00007943f835ab08) [0x00007943f835ac00, 0x00007943f835b9d8] Compiler: c1, Barriers: 0, Oops: 0, ImmediateOops: 0, NonImmediateOops: No
[4,072s][debug][gc,nmethod     ] Register NMethod: java.lang.Long.equals (0x00007943f835ba08) [0x00007943f835bb00, 0x00007943f835c290] Compiler: c1, Barriers: 0, Oops: 0, ImmediateOops: 0, NonImmediateOops: No
[4,072s][debug][gc,nmethod     ] Register NMethod: java.nio.HeapByteBuffer.putLong (0x0000794416ebbe08) [0x0000794416ebbf00, 0x0000794416ebc228] Compiler: jvmci, Barriers: 5, Oops: 1, ImmediateOops: 0, NonImmediateOops: No
[4,075s][debug][gc,nmethod     ] Register NMethod: io.sirix.cache.LinuxMemorySegmentAllocator.release (0x00007943f835c308) [0x00007943f835c400, 0x00007943f8368428] Compiler: c1, Barriers: 94, Oops: 27, ImmediateOops: 36, NonImmediateOops: No
[4,079s][debug][gc,director    ] Rule Major: Warmup 10%, Used: 1090MB, UsedThreshold: 1228MB
[4,079s][debug][gc,director    ] Rule Minor: High Usage, Free: 11156MB(90,8%)
[4,089s][debug][gc,director    ] Rule Major: Warmup 10%, Used: 1090MB, UsedThreshold: 1228MB
[4,089s][debug][gc,director    ] Rule Minor: High Usage, Free: 11156MB(90,8%)
[4,091s][debug][gc,nmethod     ] Register NMethod: java.nio.channels.spi.AbstractInterruptibleChannel$1.<init> (0x00007943f8368508) [0x00007943f8368600, 0x00007943f8368928] Compiler: c1, Barriers: 3, Oops: 0, ImmediateOops: 0, NonImmediateOops: No
[4,091s][debug][gc,nmethod     ] Register NMethod: java.nio.channels.spi.AbstractInterruptibleChannel.<init> (0x00007943f8368988) [0x00007943f8368a80, 0x00007943f8368f60] Compiler: c1, Barriers: 9, Oops: 0, ImmediateOops: 0, NonImmediateOops: No
[4,092s][debug][gc,nmethod     ] Register NMethod: sun.nio.fs.UnixChannelFactory.newFileChannel (0x00007943f8368f88) [0x00007943f8369080, 0x00007943f83691a8] Compiler: c1, Barriers: 0, Oops: 0, ImmediateOops: 0, NonImmediateOops: No
[4,092s][debug][gc,nmethod     ] Register NMethod: sun.nio.fs.UnixFileSystemProvider.newFileChannel (0x00007943f8369288) [0x00007943f8369380, 0x00007943f8369c78] Compiler: c1, Barriers: 0, Oops: 0, ImmediateOops: 0, NonImmediateOops: No
[4,092s][debug][gc,nmethod     ] Register NMethod: sun.nio.fs.UnixChannelFactory.newFileChannel (0x00007943f8369c88) [0x00007943f8369d80, 0x00007943f836a7f0] Compiler: c1, Barriers: 6, Oops: 0, ImmediateOops: 3, NonImmediateOops: No
[4,092s][debug][gc,nmethod     ] Register NMethod: sun.nio.fs.UnixChannelFactory$Flags.<init> (0x00007943f836a808) [0x00007943f836a900, 0x00007943f836aa58] Compiler: c1, Barriers: 0, Oops: 0, ImmediateOops: 0, NonImmediateOops: No
[4,092s][debug][gc,nmethod     ] Register NMethod: java.io.FileDescriptor$1.setAppend (0x00007943f836ab08) [0x00007943f836ac00, 0x00007943f836ad08] Compiler: c1, Barriers: 0, Oops: 0, ImmediateOops: 0, NonImmediateOops: No
[4,092s][debug][gc,nmethod     ] Register NMethod: java.io.FileDescriptor.set (0x00007943f836ae08) [0x00007943f836af00, 0x00007943f836b470] Compiler: c1, Barriers: 4, Oops: 0, ImmediateOops: 0, NonImmediateOops: No
[4,092s][debug][gc,nmethod     ] Register NMethod: java.io.FileDescriptor$1.set (0x00007943f836b488) [0x00007943f836b580, 0x00007943f836bd30] Compiler: c1, Barriers: 4, Oops: 0, ImmediateOops: 0, NonImmediateOops: No
[4,092s][debug][gc,nmethod     ] Register NMethod: java.nio.channels.FileChannel.<init> (0x00007943f836bd88) [0x00007943f836be80, 0x00007943f836c3c8] Compiler: c1, Barriers: 9, Oops: 0, ImmediateOops: 0, NonImmediateOops: No
[4,092s][debug][gc,nmethod     ] Register NMethod: sun.nio.ch.NativeThreadSet.<init> (0x00007943f836c408) [0x00007943f836c500, 0x00007943f836c660] Compiler: c1, Barriers: 0, Oops: 0, ImmediateOops: 0, NonImmediateOops: No
[4,092s][debug][gc,nmethod     ] Register NMethod: com.github.benmanes.caffeine.cache.stats.DisabledStatsCounter.recordHits (0x00007943f836c708) [0x00007943f836c800, 0x00007943f836c900] Compiler: c1, Barriers: 0, Oops: 1, ImmediateOops: 0, NonImmediateOops: No
[4,092s][debug][gc,nmethod     ] Register NMethod: sun.nio.ch.FileChannelImpl$Closer.<init> (0x00007943f836ca08) [0x00007943f836cb00, 0x00007943f836ccd0] Compiler: c1, Barriers: 3, Oops: 0, ImmediateOops: 0, NonImmediateOops: No
[4,092s][debug][gc,nmethod     ] Register NMethod: io.sirix.page.DeserializedReferencesPage4Tuple.references (0x0000794416ebc288) [0x0000794416ebc380, 0x0000794416ebc468] Compiler: c1, Barriers: 1, Oops: 1, ImmediateOops: 0, NonImmediateOops: No
[4,092s][debug][gc,nmethod     ] Register NMethod: sun.nio.ch.FileChannelImpl.<init> (0x00007943f836cd08) [0x00007943f836ce00, 0x00007943f836df20] Compiler: c1, Barriers: 30, Oops: 1, ImmediateOops: 2, NonImmediateOops: No
[4,092s][debug][gc,nmethod     ] Register NMethod: sun.nio.fs.UnixChannelFactory$Flags.toFlags (0x00007943f836df88) [0x00007943f836e080, 0x00007943f8370b38] Compiler: c1, Barriers: 1, Oops: 1, ImmediateOops: 5, NonImmediateOops: No
[4,092s][debug][gc,nmethod     ] Register NMethod: io.sirix.page.DeserializedReferencesPage4Tuple.offsets (0x0000794416ebc588) [0x0000794416ebc680, 0x0000794416ebc768] Compiler: c1, Barriers: 1, Oops: 1, ImmediateOops: 0, NonImmediateOops: No
[4,092s][debug][gc,nmethod     ] Register NMethod: io.sirix.access.trx.page.NodePageReadOnlyTrx.getLeafPageReference (0x00007943f8370b88) [0x00007943f8370c80, 0x00007943f8371208] Compiler: c1, Barriers: 2, Oops: 1, ImmediateOops: 0, NonImmediateOops: No
[4,093s][debug][gc,nmethod     ] Register NMethod: sun.nio.fs.UnixChannelFactory.open (0x00007943f8371288) [0x00007943f8371380, 0x00007943f8373688] Compiler: c1, Barriers: 10, Oops: 1, ImmediateOops: 5, NonImmediateOops: No
[4,093s][debug][gc,nmethod     ] Register NMethod: java.io.FileDescriptor$1.close (0x00007943f8373708) [0x00007943f8373800, 0x00007943f8374360] Compiler: c1, Barriers: 4, Oops: 0, ImmediateOops: 0, NonImmediateOops: No
[4,093s][debug][gc,nmethod     ] Register NMethod: sun.nio.ch.FileChannelImpl$Closer.run (0x00007943f8374388) [0x00007943f8374480, 0x00007943f83751b0] Compiler: c1, Barriers: 5, Oops: 0, ImmediateOops: 2, NonImmediateOops: No
[4,093s][debug][gc,nmethod     ] Register NMethod: io.sirix.access.trx.page.NodePageReadOnlyTrx.getInMemoryPageInstance (0x00007943f8375208) [0x00007943f8375300, 0x00007943f8376b00] Compiler: c1, Barriers: 6, Oops: 2, ImmediateOops: 3, NonImmediateOops: No
[4,093s][debug][gc,nmethod     ] Register NMethod: io.sirix.access.trx.node.AbstractResourceSession.assertNotClosed (0x0000794416ebc888) [0x0000794416ebc980, 0x0000794416ebca40] Compiler: jvmci, Barriers: 0, Oops: 1, ImmediateOops: 0, NonImmediateOops: No
[4,093s][debug][gc,nmethod     ] Register NMethod: sun.nio.ch.NativeThreadSet.signalAndWait (0x00007943f8376b88) [0x00007943f8376c80, 0x00007943f83777d0] Compiler: c1, Barriers: 2, Oops: 0, ImmediateOops: 0, NonImmediateOops: No
[4,093s][debug][gc,nmethod     ] Register NMethod: sun.nio.ch.FileChannelImpl.implCloseChannel (0x00007943f8377808) [0x00007943f8377900, 0x00007943f8379cb8] Compiler: c1, Barriers: 8, Oops: 1, ImmediateOops: 1, NonImmediateOops: No
[4,094s][debug][gc,nmethod     ] Register NMethod: io.sirix.access.trx.page.NodePageReadOnlyTrx.setMostRecentlyReadRecordPage (0x00007943f8379d08) [0x00007943f8379e00, 0x00007943f837e8f0] Compiler: c1, Barriers: 39, Oops: 2, ImmediateOops: 3, NonImmediateOops: No
[4,096s][debug][gc,nmethod     ] Register NMethod: com.github.benmanes.caffeine.cache.PS.setValue (0x00007943f837e908) [0x00007943f837ea00, 0x00007943f837fdf0] Compiler: c1, Barriers: 0, Oops: 7, ImmediateOops: 9, NonImmediateOops: No
[4,096s][debug][gc,nmethod     ] Register NMethod: io.sirix.settings.VersioningType$4.combineRecordPagesForModification (0x00007943f837fe88) [0x00007943f837ff80, 0x00007943f8388f00] Compiler: c1, Barriers: 27, Oops: 1, ImmediateOops: 0, NonImmediateOops: No
[4,096s][debug][gc,alloc       ] Mutator Allocation Rate: 385,0MB/s Predicted: 402,4MB/s, Avg: 294,2(+/-62,9)MB/s
[4,096s][debug][gc,director    ] Rule Major: Warmup 10%, Used: 1092MB, UsedThreshold: 1228MB
[4,096s][debug][gc,director    ] Rule Minor: High Usage, Free: 11154MB(90,8%)
[4,097s][debug][gc,nmethod     ] Register NMethod: io.sirix.io.memorymapped.MMStorage.getDataFilePath (0x0000794416ebcb88) [0x0000794416ebcc80, 0x0000794416ebcd68] Compiler: c1, Barriers: 1, Oops: 1, ImmediateOops: 0, NonImmediateOops: No
[4,097s][debug][gc,nmethod     ] Register NMethod: io.sirix.access.trx.page.NodePageReadOnlyTrx.getPageReference (0x0000794416ebce88) [0x0000794416ebcf80, 0x0000794416ebd2e0] Compiler: jvmci, Barriers: 3, Oops: 1, ImmediateOops: 0, NonImmediateOops: No
[4,098s][debug][gc,nmethod     ] Register NMethod: io.sirix.access.trx.page.NodePageReadOnlyTrx.getCurrentMaxIndirectPageTreeLevel (0x0000794416ebd308) [0x0000794416ebd400, 0x0000794416ebd750] Compiler: jvmci, Barriers: 2, Oops: 1, ImmediateOops: 0, NonImmediateOops: No
[4,098s][debug][gc,nmethod     ] Register NMethod: sun.nio.fs.UnixNativeDispatcher.stat (0x00007943f8388f88) [0x00007943f8389080, 0x00007943f8389790] Compiler: c1, Barriers: 0, Oops: 0, ImmediateOops: 0, NonImmediateOops: No
[4,099s][debug][gc,nmethod     ] Register NMethod: it.unimi.dsi.fastutil.shorts.AbstractShortList.ensureIndex (0x0000794416ebd788) [0x0000794416ebd880, 0x0000794416ebd948] Compiler: jvmci, Barriers: 0, Oops: 1, ImmediateOops: 0, NonImmediateOops: No
[4,099s][debug][gc,nmethod     ] Register NMethod: io.sirix.node.NodeKind.deserializeNameDelegate (0x00007943f8389808) [0x00007943f8389900, 0x00007943f8389cc8] Compiler: c1, Barriers: 0, Oops: 1, ImmediateOops: 0, NonImmediateOops: No
[4,099s][debug][gc,nmethod     ] Register NMethod: io.sirix.node.NodeKind.deserializeNodeDelegateWithoutIDs (0x00007943f8389d08) [0x00007943f8389e00, 0x00007943f838a1b8] Compiler: c1, Barriers: 1, Oops: 1, ImmediateOops: 0, NonImmediateOops: No
[4,099s][debug][gc,nmethod     ] Register NMethod: io.sirix.node.delegates.StructNodeDelegate.<init> (0x00007943f838a208) [0x00007943f838a300, 0x00007943f838a6c8] Compiler: c1, Barriers: 3, Oops: 1, ImmediateOops: 1, NonImmediateOops: No
[4,099s][debug][gc,nmethod     ] Register NMethod: io.sirix.node.NodeKind$13.deserialize (0x00007943f838a708) [0x00007943f838a800, 0x00007943f838acf8] Compiler: c1, Barriers: 1, Oops: 1, ImmediateOops: 1, NonImmediateOops: No
[4,099s][debug][gc,nmethod     ] Register NMethod: io.sirix.node.NodeKind.deserializeStructDel (0x00007943f838ad08) [0x00007943f838ae00, 0x00007943f838ba78] Compiler: c1, Barriers: 1, Oops: 1, ImmediateOops: 6, NonImmediateOops: No
[4,100s][debug][gc,nmethod     ] Register NMethod: io.sirix.axis.pathsummary.AbstractAxis.next (0x00007943f838ba88) [0x00007943f838bb80, 0x00007943f838c030] Compiler: c1, Barriers: 4, Oops: 1, ImmediateOops: 1, NonImmediateOops: No
[4,100s][debug][gc,nmethod     ] Register NMethod: io.sirix.axis.pathsummary.AbstractAxis.tryToComputeNext (0x00007943f838c088) [0x00007943f838c180, 0x00007943f838c580] Compiler: c1, Barriers: 13, Oops: 1, ImmediateOops: 4, NonImmediateOops: No
[4,100s][debug][gc,nmethod     ] Register NMethod: java.lang.invoke.Invokers$Holder.linkToTargetMethod (0x00007943f838c608) [0x00007943f838c700, 0x00007943f838cbf8] Compiler: c1, Barriers: 0, Oops: 0, ImmediateOops: 0, NonImmediateOops: No
[4,100s][debug][gc,nmethod     ] Register NMethod: jdk.internal.misc.Unsafe.setMemory (0x00007943f838cc08) [0x00007943f838cd00, 0x00007943f838d010] Compiler: c1, Barriers: 0, Oops: 0, ImmediateOops: 0, NonImmediateOops: No
[4,100s][debug][gc,nmethod     ] Register NMethod: java.nio.Bits.pageSize (0x00007943f838d088) [0x00007943f838d180, 0x00007943f838d4e0] Compiler: c1, Barriers: 0, Oops: 0, ImmediateOops: 4, NonImmediateOops: No
[4,100s][debug][gc,nmethod     ] Register NMethod: java.nio.DirectByteBuffer$Deallocator.<init> (0x00007943f838d508) [0x00007943f838d600, 0x00007943f838d7d8] Compiler: c1, Barriers: 0, Oops: 0, ImmediateOops: 0, NonImmediateOops: No
[4,100s][debug][gc,nmethod     ] Register NMethod: jdk.internal.ref.Cleaner.create (0x00007943f838d808) [0x00007943f838d900, 0x00007943f838e268] Compiler: c1, Barriers: 25, Oops: 1, ImmediateOops: 4, NonImmediateOops: No
[4,100s][debug][gc,nmethod     ] Register NMethod: jdk.internal.misc.Unsafe.setMemory (0x00007943f838e288) [0x00007943f838e380, 0x00007943f838efb0] Compiler: c1, Barriers: 2, Oops: 0, ImmediateOops: 0, NonImmediateOops: No
[4,101s][debug][gc,nmethod     ] Register NMethod: jdk.internal.ref.Cleaner.<init> (0x00007943f838f008) [0x00007943f838f100, 0x00007943f838f598] Compiler: c1, Barriers: 15, Oops: 1, ImmediateOops: 1, NonImmediateOops: No
[4,101s][debug][gc,nmethod     ] Register NMethod: jdk.internal.misc.Unsafe.setMemoryChecks (0x00007943f838f608) [0x00007943f838f700, 0x00007943f8390358] Compiler: c1, Barriers: 2, Oops: 0, ImmediateOops: 0, NonImmediateOops: No
[4,101s][debug][gc,nmethod     ] Register NMethod: jdk.internal.ref.Cleaner.add (0x00007943f8390388) [0x00007943f8390480, 0x00007943f83908a8] Compiler: c1, Barriers: 10, Oops: 0, ImmediateOops: 3, NonImmediateOops: No
[4,102s][debug][gc,nmethod     ] Register NMethod: io.sirix.axis.pathsummary.LevelOrderSettingInMemoryInstancesAxis.nextNode (0x00007943f8390908) [0x00007943f8390a00, 0x00007943f8396d40] Compiler: c1, Barriers: 30, Oops: 1, ImmediateOops: 11, NonImmediateOops: No
[4,102s][debug][gc,nmethod     ] Register NMethod: com.google.gson.stream.JsonReader.isLiteral (0x00007943f8396d88) [0x00007943f8396e80, 0x00007943f8397ea8] Compiler: c1, Barriers: 0, Oops: 2, ImmediateOops: 2, NonImmediateOops: No
[4,102s][debug][gc,nmethod     ] Register NMethod: com.github.benmanes.caffeine.cache.UnboundedLocalCache$UnboundedLocalAsyncCache.cache (0x00007943f8397f08) [0x00007943f8398000, 0x00007943f8398300] Compiler: c1, Barriers: 1, Oops: 1, ImmediateOops: 0, NonImmediateOops: No
[4,102s][debug][gc,nmethod     ] Register NMethod: com.google.gson.stream.JsonReader.peekKeyword (0x00007943f8398388) [0x00007943f8398480, 0x00007943f839a198] Compiler: c1, Barriers: 8, Oops: 2, ImmediateOops: 10, NonImmediateOops: No
[4,102s][debug][gc,nmethod     ] Register NMethod: java.lang.invoke.LambdaForm$MH/0x00000000a92c8000.guard (0x00007943f839a208) [0x00007943f839a300, 0x00007943f839b5a0] Compiler: c1, Barriers: 4, Oops: 1, ImmediateOops: 0, NonImmediateOops: No
[4,103s][debug][gc,nmethod     ] Register NMethod: io.sirix.access.trx.page.NodePageReadOnlyTrx.getReferenceToLeafOfSubtree (0x0000794416ebda88) [0x0000794416ebdb80, 0x0000794416ebe248] Compiler: jvmci, Barriers: 3, Oops: 2, ImmediateOops: 2, NonImmediateOops: No
[4,103s][debug][gc,nmethod     ] Register NMethod: io.sirix.page.AbstractForwardingPage.getReferences (0x00007943f839b608) [0x00007943f839b700, 0x00007943f839bc00] Compiler: c1, Barriers: 0, Oops: 1, ImmediateOops: 0, NonImmediateOops: No
[4,103s][debug][gc,nmethod     ] Register NMethod: io.sirix.io.memorymapped.MMStorage.getRevisionFilePath (0x0000794416ebe288) [0x0000794416ebe380, 0x0000794416ebe468] Compiler: c1, Barriers: 1, Oops: 1, ImmediateOops: 0, NonImmediateOops: No
[4,103s][debug][gc,nmethod     ] Register NMethod: com.github.benmanes.caffeine.cache.UnboundedLocalCache.statsTicker (0x0000794416ebe588) [0x0000794416ebe680, 0x0000794416ebe768] Compiler: c1, Barriers: 1, Oops: 1, ImmediateOops: 0, NonImmediateOops: No
[4,103s][debug][gc,nmethod     ] Register NMethod: java.nio.channels.FileChannel.open (0x00007943f839bc88) [0x00007943f839bd80, 0x00007943f839c368] Compiler: c1, Barriers: 2, Oops: 0, ImmediateOops: 0, NonImmediateOops: No
[4,103s][debug][gc,nmethod     ] Register NMethod: java.nio.channels.FileChannel.open (0x00007943f839c388) [0x00007943f839c480, 0x00007943f839ca50] Compiler: c1, Barriers: 3, Oops: 0, ImmediateOops: 2, NonImmediateOops: No
[4,106s][debug][gc,nmethod     ] Register NMethod: io.sirix.cache.RecordPageFragmentCache.get (0x00007943f839ca88) [0x00007943f839cb80, 0x00007943f839d2d8] Compiler: c1, Barriers: 1, Oops: 1, ImmediateOops: 0, NonImmediateOops: No
[4,106s][debug][gc,nmethod     ] Register NMethod: io.sirix.cache.RecordPageFragmentCache.get (0x00007943f839d308) [0x00007943f839d400, 0x00007943f839df70] Compiler: c1, Barriers: 1, Oops: 1, ImmediateOops: 0, NonImmediateOops: No
[4,106s][debug][gc,director    ] Rule Major: Warmup 10%, Used: 1096MB, UsedThreshold: 1228MB
[4,107s][debug][gc,director    ] Rule Minor: High Usage, Free: 11150MB(90,7%)
[4,107s][debug][gc,nmethod     ] Register NMethod: io.sirix.access.trx.page.NodePageReadOnlyTrx.setMostRecentPage (0x00007943f839df88) [0x00007943f839e080, 0x00007943f839f490] Compiler: c1, Barriers: 35, Oops: 1, ImmediateOops: 1, NonImmediateOops: No
[4,107s][debug][gc,nmethod     ] Register NMethod: com.github.benmanes.caffeine.cache.BoundedLocalCache$UpdateTask.<init> (0x00007943f839f508) [0x00007943f839f600, 0x00007943f839f850] Compiler: c1, Barriers: 6, Oops: 1, ImmediateOops: 0, NonImmediateOops: No
[4,108s][debug][gc,nmethod     ] Register NMethod: io.brackit.query.operator.ForBind$ForBindCursor.emit (0x00007943f839f888) [0x00007943f839f980, 0x00007943f83a0e28] Compiler: c1, Barriers: 17, Oops: 1, ImmediateOops: 0, NonImmediateOops: No
[4,108s][debug][gc,nmethod     ] Register NMethod: java.util.concurrent.ConcurrentHashMap.size (0x00007943f83a0e88) [0x00007943f83a0f80, 0x00007943f83a1350] Compiler: c1, Barriers: 0, Oops: 0, ImmediateOops: 0, NonImmediateOops: No
[4,109s][debug][gc,nmethod     ] Register NMethod: java.lang.Double.parseDouble (0x00007943f83a1388) [0x00007943f83a1480, 0x00007943f83a17f8] Compiler: c1, Barriers: 0, Oops: 0, ImmediateOops: 0, NonImmediateOops: No
[4,109s][debug][gc,nmethod     ] Register NMethod: jdk.internal.math.FloatingDecimal.parseDouble (0x00007943f83a1808) [0x00007943f83a1900, 0x00007943f83a1c20] Compiler: c1, Barriers: 0, Oops: 0, ImmediateOops: 0, NonImmediateOops: No
[4,110s][debug][gc,nmethod     ] Register NMethod: io.brackit.query.expr.PathStepExpr$SequenceContextPathStepIter.next (0x00007943f83a1c88) [0x00007943f83a1d80, 0x00007943f83a4ea8] Compiler: c1, Barriers: 39, Oops: 2, ImmediateOops: 4, NonImmediateOops: No
[4,110s][debug][gc,nmethod     ] Register NMethod: io.brackit.query.util.Whitespace.collapseTrimOnly (0x00007943f83a4f08) [0x00007943f83a5000, 0x00007943f83a6b58] Compiler: c1, Barriers: 5, Oops: 2, ImmediateOops: 4, NonImmediateOops: No
[4,111s][debug][gc,nmethod     ] Register NMethod: jdk.internal.math.FloatingDecimal$ASCIIToBinaryBuffer.doubleValue (0x00007943f83a6b88) [0x00007943f83a6ce0, 0x00007943f83a8d80] Compiler: c1, Barriers: 2, Oops: 0, ImmediateOops: 9, NonImmediateOops: No
[4,112s][debug][gc,nmethod     ] Register NMethod: java.lang.invoke.Invokers$Holder.linkToTargetMethod (0x00007943f83a8d88) [0x00007943f83a8e80, 0x00007943f83a9378] Compiler: c1, Barriers: 0, Oops: 0, ImmediateOops: 0, NonImmediateOops: No
[4,112s][debug][gc,nmethod     ] Register NMethod: java.lang.invoke.LambdaForm$MH/0x00000000a92b1000.invoke (0x00007943f83a9388) [0x00007943f83a9480, 0x00007943f83a9bf0] Compiler: c1, Barriers: 2, Oops: 1, ImmediateOops: 0, NonImmediateOops: No
[4,112s][debug][gc,nmethod     ] Register NMethod: java.lang.invoke.DirectMethodHandle$Holder.invokeSpecial (0x00007943f83a9c08) [0x00007943f83a9d00, 0x00007943f83aa0d0] Compiler: c1, Barriers: 1, Oops: 0, ImmediateOops: 0, NonImmediateOops: No
[4,112s][debug][gc,nmethod     ] Register NMethod: java.lang.String$$StringConcat/0x00000000a92b0c00.prepend (0x00007943f83aa108) [0x00007943f83aa200, 0x00007943f83aa408] Compiler: c1, Barriers: 2, Oops: 1, ImmediateOops: 0, NonImmediateOops: No
[4,112s][debug][gc,nmethod     ] Register NMethod: java.lang.String$$StringConcat/0x00000000a92b0c00.length (0x00007943f83aa488) [0x00007943f83aa580, 0x00007943f83aaa08] Compiler: c1, Barriers: 0, Oops: 1, ImmediateOops: 2, NonImmediateOops: No
[4,112s][debug][gc,nmethod     ] Register NMethod: java.util.concurrent.ForkJoinPool.runWorker (0x0000794416ebe888) [0x0000794416ebe980, 0x0000794416ec1f98] Compiler: jvmci, Barriers: 78, Oops: 1, ImmediateOops: 1, NonImmediateOops: No
[4,113s][debug][gc,nmethod     ] Register NMethod: java.lang.String$$StringConcat/0x00000000a92b0c00.concat (0x00007943f83aaa88) [0x00007943f83aab80, 0x00007943f83ac7e0] Compiler: c1, Barriers: 8, Oops: 1, ImmediateOops: 5, NonImmediateOops: No
[4,114s][debug][gc,nmethod     ] Register NMethod: jdk.internal.math.FloatingDecimal.readJavaFormatString (0x00007943f83ac808) [0x00007943f83ac900, 0x00007943f83b69f0] Compiler: c1, Barriers: 29, Oops: 1, ImmediateOops: 50, NonImmediateOops: No
[4,115s][debug][gc,nmethod     ] Register NMethod: java.lang.StringUTF16.inflate (0x00007943f83b6a08) [0x00007943f83b6b00, 0x00007943f83b6f28] Compiler: c1, Barriers: 0, Oops: 1, ImmediateOops: 1, NonImmediateOops: No
[4,115s][debug][gc,nmethod     ] Register NMethod: java.util.concurrent.locks.AbstractQueuedSynchronizer$ConditionNode.isReleasable (0x00007943f83b6f88) [0x00007943f83b7080, 0x00007943f83b7448] Compiler: c1, Barriers: 1, Oops: 0, ImmediateOops: 0, NonImmediateOops: No
[4,115s][debug][gc,nmethod     ] Register NMethod: org.gradle.internal.io.StreamByteBuffer$StreamByteBufferChunk.bytesUnread (0x00007943f83b7488) [0x00007943f83b7580, 0x00007943f83b7688] Compiler: c1, Barriers: 0, Oops: 1, ImmediateOops: 0, NonImmediateOops: No
[4,116s][debug][gc,nmethod     ] Register NMethod: java.util.ArrayDeque.peekFirst (0x00007943f83b7788) [0x00007943f83b7880, 0x00007943f83b7a70] Compiler: c1, Barriers: 2, Oops: 0, ImmediateOops: 0, NonImmediateOops: No
[4,117s][debug][gc,director    ] Rule Major: Warmup 10%, Used: 1102MB, UsedThreshold: 1228MB
[4,117s][debug][gc,director    ] Rule Minor: High Usage, Free: 11144MB(90,7%)
[4,118s][debug][gc,nmethod     ] Register NMethod: com.esotericsoftware.kryo.io.Output.writeInt (0x00007943f83b7a88) [0x00007943f83b7b80, 0x00007943f83b7cc8] Compiler: c1, Barriers: 0, Oops: 1, ImmediateOops: 0, NonImmediateOops: No
[4,118s][debug][gc,nmethod     ] Register NMethod: org.gradle.internal.serialize.kryo.KryoBackedEncoder.writeSmallInt (0x00007943f83b7d88) [0x00007943f83b7e80, 0x00007943f83b8078] Compiler: c1, Barriers: 1, Oops: 1, ImmediateOops: 0, NonImmediateOops: No
[4,118s][debug][gc,nmethod     ] Register NMethod: com.esotericsoftware.kryo.io.Output.writeVarInt (0x00007943f83b8088) [0x00007943f83b8180, 0x00007943f83b89f8] Compiler: c1, Barriers: 5, Oops: 1, ImmediateOops: 0, NonImmediateOops: No
[4,118s][debug][gc,nmethod     ] Register NMethod: jdk.xml.internal.XMLSecurityManager$Limit.mapper (0x0000794416ec2008) [0x0000794416ec2100, 0x0000794416ec21e8] Compiler: c1, Barriers: 1, Oops: 0, ImmediateOops: 0, NonImmediateOops: No
[4,118s][debug][gc,nmethod     ] Register NMethod: jdk.xml.internal.XMLSecurityManager$Limit.spOld (0x0000794416ec2308) [0x0000794416ec2400, 0x0000794416ec24e8] Compiler: c1, Barriers: 1, Oops: 0, ImmediateOops: 0, NonImmediateOops: No
[4,118s][debug][gc,nmethod     ] Register NMethod: java.net.URLDecoder.decode (0x00007943f83b8a08) [0x00007943f83b8b00, 0x00007943f83bc5e0] Compiler: c1, Barriers: 5, Oops: 3, ImmediateOops: 9, NonImmediateOops: No
[4,119s][debug][gc,nmethod     ] Register NMethod: jdk.xml.internal.XMLSecurityManager.getSystemProperty (0x00007943f83bc608) [0x00007943f83bc700, 0x00007943f83bd378] Compiler: c1, Barriers: 2, Oops: 0, ImmediateOops: 3, NonImmediateOops: No
[4,119s][debug][gc,nmethod     ] Register NMethod: dagger.internal.DoubleCheck.get (0x00007943f83bd388) [0x00007943f83bd480, 0x00007943f83bdb98] Compiler: c1, Barriers: 10, Oops: 1, ImmediateOops: 2, NonImmediateOops: No
[4,119s][debug][gc,nmethod     ] Register NMethod: io.sirix.page.delegates.ReferencesPage4.getOrCreateReference (0x0000794416ec2608) [0x0000794416ec2700, 0x0000794416ec2d88] Compiler: jvmci, Barriers: 10, Oops: 2, ImmediateOops: 1, NonImmediateOops: No
[4,119s][debug][gc,nmethod     ] Register NMethod: io.sirix.cache.RecordPageFragmentCache.asMap (0x00007943f83bdc08) [0x00007943f83bdd00, 0x00007943f83be040] Compiler: c1, Barriers: 1, Oops: 1, ImmediateOops: 0, NonImmediateOops: No
[4,119s][debug][gc,nmethod     ] Register NMethod: java.util.HashMap.put (0x0000794416ec2e08) [0x0000794416ec2f20, 0x0000794416ec48b8] Compiler: jvmci, Barriers: 64, Oops: 1, ImmediateOops: 0, NonImmediateOops: No
[4,119s][debug][gc,nmethod     ] Register NMethod: java.util.concurrent.locks.ReentrantReadWriteLock$ReadLock.lock (0x00007943f83be088) [0x00007943f83be180, 0x00007943f83be4b8] Compiler: c1, Barriers: 1, Oops: 0, ImmediateOops: 0, NonImmediateOops: No
[4,119s][debug][gc,nmethod     ] Register NMethod: java.util.concurrent.locks.ReentrantReadWriteLock$Sync.sharedCount (0x00007943f83be508) [0x00007943f83be600, 0x00007943f83be6f0] Compiler: c1, Barriers: 0, Oops: 0, ImmediateOops: 0, NonImmediateOops: No
[4,120s][debug][gc,nmethod     ] Register NMethod: java.util.concurrent.locks.ReentrantReadWriteLock$FairSync.readerShouldBlock (0x00007943f83be808) [0x00007943f83be900, 0x00007943f83bebf8] Compiler: c1, Barriers: 0, Oops: 0, ImmediateOops: 0, NonImmediateOops: No
[4,120s][debug][gc,nmethod     ] Register NMethod: sun.nio.fs.UnixDirectoryStream.isOpen (0x00007943f83bec08) [0x00007943f83bed00, 0x00007943f83bee50] Compiler: c1, Barriers: 0, Oops: 0, ImmediateOops: 0, NonImmediateOops: No
[4,120s][debug][gc,nmethod     ] Register NMethod: java.util.concurrent.locks.AbstractQueuedLongSynchronizer.acquireShared (0x00007943f83bef08) [0x00007943f83bf000, 0x00007943f83bf568] Compiler: c1, Barriers: 0, Oops: 0, ImmediateOops: 0, NonImmediateOops: No
[4,120s][debug][gc,nmethod     ] Register NMethod: sun.nio.fs.UnixNativeDispatcher.readdir (0x00007943f83bf588) [0x00007943f83bf680, 0x00007943f83bf790] Compiler: c1, Barriers: 0, Oops: 0, ImmediateOops: 0, NonImmediateOops: No
[4,120s][debug][gc,nmethod     ] Register NMethod: java.util.concurrent.locks.AbstractQueuedLongSynchronizer.setState (0x0000794416ec4908) [0x0000794416ec4a00, 0x0000794416ec4ad0] Compiler: c1, Barriers: 0, Oops: 0, ImmediateOops: 0, NonImmediateOops: No
[4,120s][debug][gc,nmethod     ] Register NMethod: java.util.concurrent.locks.ReentrantReadWriteLock.writeLock (0x0000794416ec4c08) [0x0000794416ec4d00, 0x0000794416ec4de8] Compiler: c1, Barriers: 1, Oops: 0, ImmediateOops: 0, NonImmediateOops: No
[4,120s][debug][gc,nmethod     ] Register NMethod: java.util.concurrent.locks.ReentrantReadWriteLock$ReadLock.unlock (0x00007943f83bf888) [0x00007943f83bf980, 0x00007943f83bff98] Compiler: c1, Barriers: 2, Oops: 0, ImmediateOops: 0, NonImmediateOops: No
[4,120s][debug][gc,nmethod     ] Register NMethod: io.sirix.access.trx.page.NodePageReadOnlyTrx.getResourceSession (0x0000794416ec4f08) [0x0000794416ec5000, 0x0000794416ec50e8] Compiler: jvmci, Barriers: 1, Oops: 1, ImmediateOops: 0, NonImmediateOops: No
[4,120s][debug][gc,nmethod     ] Register NMethod: java.util.concurrent.locks.AbstractQueuedLongSynchronizer.releaseShared (0x00007943f83c0008) [0x00007943f83c0100, 0x00007943f83c0df8] Compiler: c1, Barriers: 3, Oops: 0, ImmediateOops: 2, NonImmediateOops: No
[4,120s][debug][gc,nmethod     ] Register NMethod: java.lang.String.<init> (0x0000794416ec5208) [0x0000794416ec5300, 0x0000794416ec53f0] Compiler: jvmci, Barriers: 3, Oops: 0, ImmediateOops: 0, NonImmediateOops: No
[4,120s][debug][gc,nmethod     ] Register NMethod: java.util.concurrent.locks.ReentrantReadWriteLock$Sync.tryAcquireShared (0x00007943f83c0e08) [0x00007943f83c0f00, 0x00007943f83c36b8] Compiler: c1, Barriers: 17, Oops: 0, ImmediateOops: 0, NonImmediateOops: No
[4,120s][debug][gc,nmethod     ] Register NMethod: java.util.concurrent.locks.ReentrantReadWriteLock$Sync.tryReleaseShared (0x00007943f83c3708) [0x00007943f83c3800, 0x00007943f83c5670] Compiler: c1, Barriers: 13, Oops: 0, ImmediateOops: 1, NonImmediateOops: No
[4,121s][debug][gc,nmethod     ] Register NMethod: java.nio.file.FileTreeWalker$Event.ioeException (0x0000794416ec5508) [0x0000794416ec5600, 0x0000794416ec56e8] Compiler: c1, Barriers: 1, Oops: 0, ImmediateOops: 0, NonImmediateOops: No
[4,121s][debug][gc,nmethod     ] Register NMethod: sun.nio.fs.UnixPath.compareTo (0x00007943f83c5688) [0x00007943f83c5780, 0x00007943f83c5b28] Compiler: c1, Barriers: 2, Oops: 0, ImmediateOops: 0, NonImmediateOops: No
[4,121s][debug][gc,nmethod     ] Register NMethod: java.util.Arrays.compareUnsigned (0x00007943f83c5b88) [0x00007943f83c5c80, 0x00007943f83c6180] Compiler: c1, Barriers: 0, Oops: 0, ImmediateOops: 0, NonImmediateOops: No
[4,122s][debug][gc,nmethod     ] Register NMethod: io.sirix.access.DatabaseConfiguration.getDatabaseFile (0x0000794416ec5808) [0x0000794416ec5900, 0x0000794416ec59e8] Compiler: c1, Barriers: 1, Oops: 1, ImmediateOops: 0, NonImmediateOops: No
[4,123s][debug][gc,nmethod     ] Register NMethod: java.lang.invoke.DirectMethodHandle$Holder.fieldAccess (0x00007943f83c6188) [0x00007943f83c6280, 0x00007943f83c6778] Compiler: c1, Barriers: 0, Oops: 0, ImmediateOops: 0, NonImmediateOops: No
[4,123s][debug][gc,nmethod     ] Register NMethod: java.util.Objects.equals (0x0000794416ec5b08) [0x0000794416ec5c00, 0x0000794416ec60a0] Compiler: jvmci, Barriers: 8, Oops: 0, ImmediateOops: 0, NonImmediateOops: No
[4,124s][debug][gc,nmethod     ] Register NMethod: io.sirix.access.ResourceConfiguration.getBinaryEncodingVersion (0x0000794416ec6108) [0x0000794416ec6200, 0x0000794416ec62e8] Compiler: c1, Barriers: 1, Oops: 1, ImmediateOops: 0, NonImmediateOops: No
[4,124s][debug][gc,nmethod     ] Register NMethod: io.sirix.BinaryEncodingVersion.byteVersion (0x0000794416ec6408) [0x0000794416ec6500, 0x0000794416ec65c8] Compiler: c1, Barriers: 0, Oops: 1, ImmediateOops: 0, NonImmediateOops: No
[4,124s][debug][gc,nmethod     ] Register NMethod: java.lang.Long.parallelSuffix (0x00007943f83c6788) [0x00007943f83c6880, 0x00007943f83c69b8] Compiler: c1, Barriers: 0, Oops: 0, ImmediateOops: 0, NonImmediateOops: No
[4,126s][debug][gc,nmethod     ] Register NMethod: java.nio.file.Path.resolve (0x00007943f83c6a88) [0x00007943f83c6b80, 0x00007943f83c70e0] Compiler: c1, Barriers: 1, Oops: 0, ImmediateOops: 0, NonImmediateOops: No
[4,127s][debug][gc,director    ] Rule Major: Warmup 10%, Used: 1104MB, UsedThreshold: 1228MB
[4,127s][debug][gc,director    ] Rule Minor: High Usage, Free: 11142MB(90,7%)
[4,128s][debug][gc,nmethod     ] Register NMethod: com.github.benmanes.caffeine.cache.stats.StatsCounter.disabledStatsCounter (0x00007943f83c7108) [0x00007943f83c7200, 0x00007943f83c72e8] Compiler: c1, Barriers: 0, Oops: 1, ImmediateOops: 1, NonImmediateOops: No
[4,128s][debug][gc,nmethod     ] Register NMethod: com.github.benmanes.caffeine.cache.BoundedLocalCache.statsCounter (0x00007943f83c7408) [0x00007943f83c7500, 0x00007943f83c7660] Compiler: c1, Barriers: 0, Oops: 1, ImmediateOops: 1, NonImmediateOops: No
[4,130s][debug][gc,nmethod     ] Register NMethod: com.sun.org.apache.xerces.internal.util.FeatureState.<init> (0x00007943f83c7708) [0x00007943f83c7800, 0x00007943f83c79d8] Compiler: c1, Barriers: 3, Oops: 0, ImmediateOops: 0, NonImmediateOops: No
[4,130s][debug][gc,nmethod     ] Register NMethod: com.sun.org.apache.xerces.internal.parsers.XIncludeAwareParserConfiguration.getFeatureState (0x00007943f83c7a08) [0x00007943f83c7b00, 0x00007943f83c8538] Compiler: c1, Barriers: 6, Oops: 1, ImmediateOops: 4, NonImmediateOops: No
[4,130s][debug][gc,nmethod     ] Register NMethod: com.sun.org.apache.xerces.internal.util.ParserConfigurationSettings.getFeature (0x00007943f83c8588) [0x00007943f83c8680, 0x00007943f83c8c78] Compiler: c1, Barriers: 1, Oops: 0, ImmediateOops: 0, NonImmediateOops: No
[4,130s][debug][gc,nmethod     ] Register NMethod: io.sirix.cache.SegmentAllocators.roundUpToPowerOfTwo (0x00007943f83c8c88) [0x00007943f83c8d80, 0x00007943f83cac20] Compiler: c1, Barriers: 3, Oops: 8, ImmediateOops: 12, NonImmediateOops: No
[4,132s][debug][gc,nmethod     ] Register NMethod: io.sirix.page.PathSummaryPage.incrementAndGetMaxNodeKey (0x00007943f83cac88) [0x00007943f83cad80, 0x00007943f83caff8] Compiler: c1, Barriers: 2, Oops: 1, ImmediateOops: 0, NonImmediateOops: No
[4,137s][debug][gc,director    ] Rule Major: Warmup 10%, Used: 1106MB, UsedThreshold: 1228MB
[4,137s][debug][gc,director    ] Rule Minor: High Usage, Free: 11140MB(90,7%)
[4,141s][debug][gc,nmethod     ] Register NMethod: io.sirix.access.trx.page.NodePageReadOnlyTrx.getDataRecord (0x0000794416ec6708) [0x0000794416ec6800, 0x0000794416ec7a18] Compiler: jvmci, Barriers: 20, Oops: 5, ImmediateOops: 5, NonImmediateOops: No
[4,142s][debug][gc,nmethod     ] Register NMethod: jdk.internal.misc.ScopedMemoryAccess.getIntUnaligned (0x0000794416ec7a88) [0x0000794416ec7b80, 0x0000794416ec7d18] Compiler: jvmci, Barriers: 2, Oops: 0, ImmediateOops: 0, NonImmediateOops: No
[4,142s][debug][gc,nmethod     ] Register NMethod: jdk.internal.misc.VM.isDirectMemoryPageAligned (0x0000794416ec7d88) [0x0000794416ec7e80, 0x0000794416ec7ee8] Compiler: jvmci, Barriers: 0, Oops: 0, ImmediateOops: 0, NonImmediateOops: No
[4,147s][debug][gc,director    ] Rule Major: Warmup 10%, Used: 1110MB, UsedThreshold: 1228MB
[4,147s][debug][gc,director    ] Rule Minor: High Usage, Free: 11136MB(90,6%)
[4,152s][debug][gc,nmethod     ] Register NMethod: java.util.stream.AbstractPipeline.copyInto (0x0000794416ec8088) [0x0000794416ec81a0, 0x0000794416ec8fd8] Compiler: jvmci, Barriers: 30, Oops: 0, ImmediateOops: 0, NonImmediateOops: No
[4,155s][debug][gc,nmethod     ] Register NMethod: java.util.stream.StreamSupport.stream (0x0000794416ec9008) [0x0000794416ec9120, 0x0000794416ec94b8] Compiler: jvmci, Barriers: 8, Oops: 1, ImmediateOops: 0, NonImmediateOops: No
[4,157s][debug][gc,director    ] Rule Major: Warmup 10%, Used: 1118MB, UsedThreshold: 1228MB
[4,157s][debug][gc,director    ] Rule Minor: High Usage, Free: 11128MB(90,6%)
[4,160s][debug][gc,nmethod     ] Register NMethod: java.util.stream.StreamOpFlag.fromCharacteristics (0x0000794416ec9508) [0x0000794416ec9600, 0x0000794416ec97b0] Compiler: jvmci, Barriers: 0, Oops: 0, ImmediateOops: 0, NonImmediateOops: No
[4,161s][debug][gc,nmethod     ] Register NMethod: java.util.stream.AbstractPipeline.<init> (0x0000794416ec9808) [0x0000794416ec9920, 0x0000794416ec9b00] Compiler: jvmci, Barriers: 8, Oops: 0, ImmediateOops: 0, NonImmediateOops: No
[4,161s][debug][gc,nmethod     ] Register NMethod: java.lang.ref.Finalizer.register (0x00007943f83cb008) [0x00007943f83cb100, 0x00007943f83cb2a0] Compiler: c1, Barriers: 0, Oops: 0, ImmediateOops: 0, NonImmediateOops: No
[4,161s][debug][gc,nmethod     ] Register NMethod: java.lang.Short.valueOf (0x0000794416ec9b08) [0x0000794416ec9c00, 0x0000794416ec9ce0] Compiler: jvmci, Barriers: 1, Oops: 0, ImmediateOops: 1, NonImmediateOops: No
[4,162s][debug][gc,nmethod     ] Register NMethod: it.unimi.dsi.fastutil.shorts.ShortArrayList$1.nextShort (0x0000794416ec9e08) [0x0000794416ec9f00, 0x0000794416eca098] Compiler: jvmci, Barriers: 2, Oops: 1, ImmediateOops: 0, NonImmediateOops: No
[4,163s][debug][gc,nmethod     ] Register NMethod: java.lang.ref.Finalizer.<init> (0x00007943f83cb308) [0x00007943f83cb400, 0x00007943f83cbb28] Compiler: c1, Barriers: 17, Oops: 1, ImmediateOops: 7, NonImmediateOops: No
[4,167s][debug][gc,director    ] Rule Major: Warmup 10%, Used: 1128MB, UsedThreshold: 1228MB
[4,167s][debug][gc,director    ] Rule Minor: High Usage, Free: 11118MB(90,5%)
[4,177s][debug][gc,director    ] Rule Major: Warmup 10%, Used: 1136MB, UsedThreshold: 1228MB
[4,178s][debug][gc,director    ] Rule Minor: High Usage, Free: 11110MB(90,4%)
[4,181s][debug][gc,nmethod     ] Register NMethod: java.util.HashSet.add (0x0000794416eca108) [0x0000794416eca220, 0x0000794416ecbc28] Compiler: jvmci, Barriers: 65, Oops: 2, ImmediateOops: 1, NonImmediateOops: No
[4,182s][debug][gc,nmethod     ] Register NMethod: io.sirix.page.UberPage.getPageCountExp (0x0000794416ecbc88) [0x0000794416ecbd80, 0x0000794416ecbf00] Compiler: jvmci, Barriers: 0, Oops: 1, ImmediateOops: 2, NonImmediateOops: No
[4,183s][debug][gc,nmethod     ] Register NMethod: io.brackit.query.compiler.AST.getChild (0x0000794416ecbf88) [0x0000794416ecc080, 0x0000794416ecc1c0] Compiler: jvmci, Barriers: 2, Oops: 1, ImmediateOops: 0, NonImmediateOops: No
[4,183s][debug][gc,nmethod     ] Register NMethod: it.unimi.dsi.fastutil.shorts.ShortArrayList$1.<init> (0x0000794416ecc288) [0x0000794416ecc380, 0x0000794416ecc478] Compiler: jvmci, Barriers: 3, Oops: 1, ImmediateOops: 0, NonImmediateOops: No
[4,188s][debug][gc,director    ] Rule Major: Warmup 10%, Used: 1146MB, UsedThreshold: 1228MB
[4,188s][debug][gc,director    ] Rule Minor: High Usage, Free: 11100MB(90,3%)
[4,198s][debug][gc,director    ] Rule Major: Warmup 10%, Used: 1154MB, UsedThreshold: 1228MB
[4,198s][debug][gc,director    ] Rule Minor: High Usage, Free: 11092MB(90,3%)
[4,208s][debug][gc,director    ] Rule Major: Warmup 10%, Used: 1164MB, UsedThreshold: 1228MB
[4,208s][debug][gc,director    ] Rule Minor: High Usage, Free: 11082MB(90,2%)
[4,218s][debug][gc,director    ] Rule Major: Warmup 10%, Used: 1172MB, UsedThreshold: 1228MB
[4,218s][debug][gc,director    ] Rule Minor: High Usage, Free: 11074MB(90,1%)
[4,220s][debug][gc,nmethod     ] Register NMethod: io.sirix.node.GrowingMemorySegment.grow (0x00007943f83cbb88) [0x00007943f83cbc80, 0x00007943f83cc830] Compiler: c1, Barriers: 5, Oops: 1, ImmediateOops: 1, NonImmediateOops: No
[4,220s][debug][gc,nmethod     ] Rebuilding NMethod Table: 8192->16384 entries, 5735(70%->35%) registered, 0(0%->0%) unregistered
[4,222s][debug][gc,nmethod     ] Register NMethod: jdk.internal.foreign.ConfinedSession$ConfinedResourceList.<init> (0x00007943f83cc888) [0x00007943f83cc980, 0x00007943f83ccb38] Compiler: c1, Barriers: 0, Oops: 0, ImmediateOops: 0, NonImmediateOops: No
[4,222s][debug][gc,nmethod     ] Register NMethod: jdk.internal.foreign.ConfinedSession.<init> (0x00007943f83ccb88) [0x00007943f83ccc80, 0x00007943f83cd0a0] Compiler: c1, Barriers: 6, Oops: 0, ImmediateOops: 0, NonImmediateOops: No
[4,222s][debug][gc,nmethod     ] Register NMethod: java.util.stream.SpinedBuffer.asArray (0x00007943f83cd108) [0x00007943f83cd200, 0x00007943f83cdcf0] Compiler: c1, Barriers: 1, Oops: 0, ImmediateOops: 1, NonImmediateOops: No
[4,223s][debug][gc,alloc       ] Mutator Allocation Rate: 400,2MB/s Predicted: 418,4MB/s, Avg: 302,4(+/-66,7)MB/s
[4,224s][debug][gc,director    ] Rule Major: Warmup 10%, Used: 1204MB, UsedThreshold: 1228MB
[4,224s][debug][gc,director    ] Rule Minor: High Usage, Free: 11042MB(89,9%)
[4,226s][debug][gc,nmethod     ] Register NMethod: io.sirix.node.NodeKind$1.deserialize (0x0000794416ecc588) [0x0000794416ecc680, 0x0000794416ed4588] Compiler: jvmci, Barriers: 163, Oops: 7, ImmediateOops: 2, NonImmediateOops: No
[4,226s][debug][gc,nmethod     ] Register NMethod: java.util.BitSet.toByteArray (0x00007943f83cdd08) [0x00007943f83cde00, 0x00007943f83ceb30] Compiler: c1, Barriers: 3, Oops: 0, ImmediateOops: 1, NonImmediateOops: No
[4,232s][debug][gc,nmethod     ] Register NMethod: org.magicwerk.brownies.collections.IList$Iter.hasNext (0x00007943f83ceb88) [0x00007943f83cec80, 0x00007943f83cf090] Compiler: c1, Barriers: 1, Oops: 1, ImmediateOops: 0, NonImmediateOops: No
[4,234s][debug][gc,director    ] Rule Major: Warmup 10%, Used: 1218MB, UsedThreshold: 1228MB
[4,234s][debug][gc,director    ] Rule Minor: High Usage, Free: 11028MB(89,7%)
[4,244s][debug][gc,director    ] Rule Major: Warmup 10%, Used: 1218MB, UsedThreshold: 1228MB
[4,244s][debug][gc,director    ] Rule Minor: High Usage, Free: 11028MB(89,7%)
[4,247s][debug][gc,nmethod     ] Register NMethod: java.nio.DirectByteBuffer.<init> (0x00007943f83cf108) [0x00007943f83cf200, 0x00007943f83d0b70] Compiler: c1, Barriers: 25, Oops: 2, ImmediateOops: 14, NonImmediateOops: No
[4,250s][debug][gc,nmethod     ] Register NMethod: java.lang.Enum.hashCode (0x00007943f83d0b88) [0x00007943f83d0c80, 0x00007943f83d0df8] Compiler: c1, Barriers: 0, Oops: 0, ImmediateOops: 0, NonImmediateOops: No
[4,251s][debug][gc,nmethod     ] Register NMethod: java.nio.ByteBuffer.allocateDirect (0x00007943f83d0e88) [0x00007943f83d0f80, 0x00007943f83d1108] Compiler: c1, Barriers: 0, Oops: 0, ImmediateOops: 0, NonImmediateOops: No
[4,251s][debug][gc,nmethod     ] Register NMethod: com.github.benmanes.caffeine.cache.PS.retire (0x00007943f83d1188) [0x00007943f83d1280, 0x00007943f83d24a0] Compiler: c1, Barriers: 3, Oops: 8, ImmediateOops: 11, NonImmediateOops: No
[4,252s][debug][gc,nmethod     ] Register NMethod: io.sirix.page.NamePage.getCurrentMaxLevelOfIndirectPages (0x00007943f83d2508) [0x00007943f83d2600, 0x00007943f83d27a8] Compiler: c1, Barriers: 1, Oops: 1, ImmediateOops: 0, NonImmediateOops: No
[4,252s][debug][gc,nmethod     ] Register NMethod: java.lang.Thread.threadId (0x0000794416ed4608) [0x0000794416ed4700, 0x0000794416ed47c0] Compiler: c1, Barriers: 0, Oops: 0, ImmediateOops: 0, NonImmediateOops: No
[4,252s][debug][gc,nmethod     ] Register NMethod: io.sirix.cache.RecordPageFragmentCache.get (0x00007943f83d2808) [0x00007943f83d2900, 0x00007943f83d2e48] Compiler: c1, Barriers: 1, Oops: 1, ImmediateOops: 0, NonImmediateOops: No
[4,253s][debug][gc,nmethod     ] Register NMethod: io.sirix.cache.RecordPageFragmentCache.get (0x00007943f83d2e88) [0x00007943f83d2f80, 0x00007943f83d38e0] Compiler: c1, Barriers: 1, Oops: 1, ImmediateOops: 0, NonImmediateOops: No
[4,253s][debug][gc,nmethod     ] Register NMethod: java.lang.invoke.LambdaForm$MH/0x00000000a9268800.invoke (0x00007943f83d3908) [0x00007943f83d3a00, 0x00007943f83d4170] Compiler: c1, Barriers: 2, Oops: 1, ImmediateOops: 0, NonImmediateOops: No
[4,253s][debug][gc,nmethod     ] Register NMethod: java.lang.invoke.DirectMethodHandle$Holder.invokeSpecial (0x00007943f83d4188) [0x00007943f83d4280, 0x00007943f83d4648] Compiler: c1, Barriers: 1, Oops: 0, ImmediateOops: 0, NonImmediateOops: No
[4,253s][debug][gc,nmethod     ] Register NMethod: io.sirix.node.GrowingMemorySegment.grow (0x0000794416ed4908) [0x0000794416ed4a00, 0x0000794416ed6750] Compiler: jvmci, Barriers: 46, Oops: 4, ImmediateOops: 6, NonImmediateOops: No
[4,253s][debug][gc,nmethod     ] Register NMethod: java.lang.StringConcatHelper$Concat1.concat (0x00007943f83d4688) [0x00007943f83d4780, 0x00007943f83d60e0] Compiler: c1, Barriers: 8, Oops: 0, ImmediateOops: 4, NonImmediateOops: No
[4,255s][debug][gc,director    ] Rule Major: Warmup 10%, Used: 1220MB, UsedThreshold: 1228MB
[4,255s][debug][gc,director    ] Rule Minor: High Usage, Free: 11026MB(89,7%)
[4,257s][debug][gc,nmethod     ] Register NMethod: java.util.stream.ReferencePipeline.toArray (0x00007943f83d6108) [0x00007943f83d6200, 0x00007943f83d6740] Compiler: c1, Barriers: 0, Oops: 0, ImmediateOops: 0, NonImmediateOops: No
[4,257s][debug][gc,nmethod     ] Register NMethod: java.util.ImmutableCollections$Access$1.listFromTrustedArrayNullsAllowed (0x00007943f83d6788) [0x00007943f83d6880, 0x00007943f83d69b0] Compiler: c1, Barriers: 0, Oops: 0, ImmediateOops: 0, NonImmediateOops: No
[4,257s][debug][gc,nmethod     ] Register NMethod: java.util.stream.ReferencePipeline.toArray (0x00007943f83d6a88) [0x00007943f83d6b80, 0x00007943f83d7398] Compiler: c1, Barriers: 0, Oops: 2, ImmediateOops: 1, NonImmediateOops: No
[4,257s][debug][gc,nmethod     ] Register NMethod: java.lang.invoke.BoundMethodHandle$SpeciesData.extendWith (0x00007943f83d7408) [0x00007943f83d7500, 0x00007943f83d90a8] Compiler: c1, Barriers: 7, Oops: 1, ImmediateOops: 2, NonImmediateOops: No
[4,257s][debug][gc,nmethod     ] Register NMethod: java.nio.file.FileSystems.getDefault (0x00007943f83d9108) [0x00007943f83d9200, 0x00007943f83d9660] Compiler: c1, Barriers: 1, Oops: 0, ImmediateOops: 3, NonImmediateOops: No
[4,257s][debug][gc,nmethod     ] Register NMethod: sun.nio.fs.UnixFileAttributes$UnixAsBasicFileAttributes.size (0x00007943f83d9688) [0x00007943f83d9780, 0x00007943f83d98e0] Compiler: c1, Barriers: 1, Oops: 0, ImmediateOops: 0, NonImmediateOops: No
[4,257s][debug][gc,nmethod     ] Register NMethod: java.nio.file.Files.size (0x00007943f83d9988) [0x00007943f83d9a80, 0x00007943f83da1f8] Compiler: c1, Barriers: 2, Oops: 1, ImmediateOops: 1, NonImmediateOops: No
[4,257s][debug][gc,nmethod     ] Register NMethod: io.sirix.node.NodeKind$4.deserialize (0x0000794416ed6788) [0x0000794416ed6880, 0x0000794416edacb0] Compiler: jvmci, Barriers: 110, Oops: 12, ImmediateOops: 11, NonImmediateOops: No
[4,257s][debug][gc,nmethod     ] Register NMethod: com.github.benmanes.caffeine.cache.SSMS.evicts (0x0000794416edad88) [0x0000794416edae80, 0x0000794416edaf40] Compiler: c1, Barriers: 0, Oops: 1, ImmediateOops: 0, NonImmediateOops: No
[4,257s][debug][gc,nmethod     ] Register NMethod: com.github.benmanes.caffeine.cache.FrequencySketch.incrementAt (0x00007943f83da208) [0x00007943f83da300, 0x00007943f83da4e8] Compiler: c1, Barriers: 1, Oops: 1, ImmediateOops: 0, NonImmediateOops: No
[4,258s][debug][gc,nmethod     ] Register NMethod: io.sirix.page.AbstractForwardingPage.<init> (0x00007943f83da508) [0x00007943f83da600, 0x00007943f83da7b8] Compiler: c1, Barriers: 0, Oops: 1, ImmediateOops: 0, NonImmediateOops: No
[4,258s][debug][gc,nmethod     ] Register NMethod: it.unimi.dsi.fastutil.ints.AbstractInt2LongMap.<init> (0x00007943f83da808) [0x00007943f83da900, 0x00007943f83daab8] Compiler: c1, Barriers: 0, Oops: 1, ImmediateOops: 0, NonImmediateOops: No
[4,258s][debug][gc,nmethod     ] Register NMethod: it.unimi.dsi.fastutil.ints.AbstractInt2LongFunction.<init> (0x00007943f83dab08) [0x00007943f83dac00, 0x00007943f83dad58] Compiler: c1, Barriers: 0, Oops: 1, ImmediateOops: 0, NonImmediateOops: No
[4,258s][debug][gc,nmethod     ] Register NMethod: it.unimi.dsi.fastutil.ints.AbstractInt2IntMap.<init> (0x00007943f83dae08) [0x00007943f83daf00, 0x00007943f83db0b8] Compiler: c1, Barriers: 0, Oops: 1, ImmediateOops: 0, NonImmediateOops: No
[4,258s][debug][gc,nmethod     ] Register NMethod: it.unimi.dsi.fastutil.ints.AbstractInt2IntFunction.<init> (0x00007943f83db108) [0x00007943f83db200, 0x00007943f83db358] Compiler: c1, Barriers: 0, Oops: 1, ImmediateOops: 0, NonImmediateOops: No
[4,258s][debug][gc,nmethod     ] Register NMethod: it.unimi.dsi.fastutil.ints.Int2LongOpenHashMap.<init> (0x00007943f83db408) [0x00007943f83db520, 0x00007943f83dbdc0] Compiler: c1, Barriers: 6, Oops: 1, ImmediateOops: 2, NonImmediateOops: No
[4,258s][debug][gc,nmethod     ] Register NMethod: it.unimi.dsi.fastutil.ints.Int2IntOpenHashMap.<init> (0x00007943f83dbe08) [0x00007943f83dbf20, 0x00007943f83dc7c0] Compiler: c1, Barriers: 6, Oops: 1, ImmediateOops: 2, NonImmediateOops: No
[4,258s][debug][gc,nmethod     ] Register NMethod: jdk.internal.foreign.MemorySessionImpl.toMemorySession (0x00007943f83dc808) [0x00007943f83dc900, 0x00007943f83dcde8] Compiler: c1, Barriers: 0, Oops: 0, ImmediateOops: 0, NonImmediateOops: No
[4,258s][debug][gc,nmethod     ] Register NMethod: sun.nio.ch.FileChannelImpl.toProt (0x00007943f83dce08) [0x00007943f83dcf00, 0x00007943f83dd238] Compiler: c1, Barriers: 0, Oops: 0, ImmediateOops: 5, NonImmediateOops: No
[4,258s][debug][gc,nmethod     ] Register NMethod: sun.nio.ch.FileChannelImpl.isSync (0x00007943f83dd288) [0x00007943f83dd380, 0x00007943f83dd608] Compiler: c1, Barriers: 0, Oops: 0, ImmediateOops: 3, NonImmediateOops: No
[4,258s][debug][gc,nmethod     ] Register NMethod: sun.nio.ch.UnixFileDispatcherImpl.allocationGranularity (0x00007943f83dd688) [0x00007943f83dd780, 0x00007943f83dd8b0] Compiler: c1, Barriers: 0, Oops: 0, ImmediateOops: 0, NonImmediateOops: No
[4,258s][debug][gc,nmethod     ] Register NMethod: sun.nio.ch.UnixFileDispatcherImpl.map (0x00007943f83dd988) [0x00007943f83dda80, 0x00007943f83ddbc0] Compiler: c1, Barriers: 0, Oops: 0, ImmediateOops: 0, NonImmediateOops: No
[4,258s][debug][gc,nmethod     ] Register NMethod: sun.nio.ch.UnixFileDispatcherImpl.duplicateForMapping (0x00007943f83ddc88) [0x00007943f83ddd80, 0x00007943f83ddfa8] Compiler: c1, Barriers: 0, Oops: 0, ImmediateOops: 0, NonImmediateOops: No
[4,258s][debug][gc,nmethod     ] Register NMethod: sun.nio.ch.FileChannelImpl$DefaultUnmapper.<init> (0x00007943f83de008) [0x00007943f83de100, 0x00007943f83de438] Compiler: c1, Barriers: 0, Oops: 0, ImmediateOops: 0, NonImmediateOops: No
[4,258s][debug][gc,nmethod     ] Register NMethod: sun.nio.ch.FileChannelImpl.checkMode (0x00007943f83de488) [0x00007943f83de580, 0x00007943f83de9e0] Compiler: c1, Barriers: 0, Oops: 0, ImmediateOops: 2, NonImmediateOops: No
[4,259s][debug][gc,nmethod     ] Register NMethod: sun.nio.ch.FileChannelImpl$Unmapper.<init> (0x00007943f83dea08) [0x00007943f83deb00, 0x00007943f83decf0] Compiler: c1, Barriers: 3, Oops: 0, ImmediateOops: 0, NonImmediateOops: No
[4,259s][debug][gc,nmethod     ] Register NMethod: sun.nio.ch.FileChannelImpl$DefaultUnmapper.incrementStats (0x00007943f83ded08) [0x00007943f83dee00, 0x00007943f83df108] Compiler: c1, Barriers: 0, Oops: 1, ImmediateOops: 3, NonImmediateOops: No
[4,259s][debug][gc,nmethod     ] Register NMethod: sun.nio.ch.IOStatus.checkAll (0x00007943f83df188) [0x00007943f83df280, 0x00007943f83df3e8] Compiler: c1, Barriers: 0, Oops: 0, ImmediateOops: 0, NonImmediateOops: No
[4,259s][debug][gc,nmethod     ] Register NMethod: org.magicwerk.brownies.collections.IList$Iter.next (0x00007943f83df488) [0x00007943f83df580, 0x00007943f83dfd78] Compiler: c1, Barriers: 2, Oops: 1, ImmediateOops: 0, NonImmediateOops: No
[4,259s][debug][gc,nmethod     ] Register NMethod: java.lang.invoke.DelegatingMethodHandle$Holder.delegate (0x00007943f83dfd88) [0x00007943f83dfe80, 0x00007943f83e0588] Compiler: c1, Barriers: 0, Oops: 0, ImmediateOops: 0, NonImmediateOops: No
[4,259s][debug][gc,nmethod     ] Register NMethod: sun.nio.ch.FileChannelImpl.map (0x00007943f83e0608) [0x00007943f83e0700, 0x00007943f83e2088] Compiler: c1, Barriers: 3, Oops: 2, ImmediateOops: 10, NonImmediateOops: No
[4,259s][debug][gc,nmethod     ] Register NMethod: sun.nio.ch.FileChannelImpl$Unmapper.address (0x00007943f83e2108) [0x00007943f83e2200, 0x00007943f83e2310] Compiler: c1, Barriers: 0, Oops: 0, ImmediateOops: 0, NonImmediateOops: No
[4,259s][debug][gc,nmethod     ] Register NMethod: jdk.internal.foreign.SegmentFactories$2.<init> (0x00007943f83e2408) [0x00007943f83e2500, 0x00007943f83e2730] Compiler: c1, Barriers: 3, Oops: 0, ImmediateOops: 0, NonImmediateOops: No
[4,259s][debug][gc,nmethod     ] Register NMethod: io.sirix.page.DeserializedBitmapReferencesPageTuple.getReferences (0x0000794416edb088) [0x0000794416edb180, 0x0000794416edb268] Compiler: c1, Barriers: 1, Oops: 1, ImmediateOops: 0, NonImmediateOops: No
[4,259s][debug][gc,nmethod     ] Register NMethod: io.sirix.page.DeserializedBitmapReferencesPageTuple.getBitmap (0x0000794416edb388) [0x0000794416edb480, 0x0000794416edb568] Compiler: c1, Barriers: 1, Oops: 1, ImmediateOops: 0, NonImmediateOops: No
[4,259s][debug][gc,nmethod     ] Register NMethod: io.sirix.io.RevisionFileData.offset (0x0000794416edb688) [0x0000794416edb780, 0x0000794416edb840] Compiler: c1, Barriers: 0, Oops: 1, ImmediateOops: 0, NonImmediateOops: No
[4,259s][debug][gc,nmethod     ] Register NMethod: com.github.benmanes.caffeine.cache.LocalAsyncCache$CacheView.asyncCache (0x0000794416edb988) [0x0000794416edba80, 0x0000794416edbb68] Compiler: c1, Barriers: 1, Oops: 1, ImmediateOops: 0, NonImmediateOops: No
[4,259s][debug][gc,nmethod     ] Register NMethod: jdk.internal.foreign.MappedMemorySegmentImpl.<init> (0x00007943f83e2788) [0x00007943f83e2880, 0x00007943f83e2e20] Compiler: c1, Barriers: 6, Oops: 0, ImmediateOops: 1, NonImmediateOops: No
[4,259s][debug][gc,nmethod     ] Register NMethod: jdk.internal.foreign.SegmentFactories.mapSegment (0x00007943f83e2e88) [0x00007943f83e2f80, 0x00007943f83e3e30] Compiler: c1, Barriers: 4, Oops: 0, ImmediateOops: 0, NonImmediateOops: No
[4,259s][debug][gc,nmethod     ] Register NMethod: io.sirix.node.MemorySegmentBytesIn.readBoolean (0x00007943f83e3e88) [0x00007943f83e3f80, 0x00007943f83e4118] Compiler: c1, Barriers: 0, Oops: 1, ImmediateOops: 0, NonImmediateOops: No
[4,261s][debug][gc,nmethod     ] Register NMethod: sun.nio.ch.FileChannelImpl.mapInternal (0x00007943f83e4188) [0x00007943f83e4280, 0x00007943f83e94f8] Compiler: c1, Barriers: 14, Oops: 0, ImmediateOops: 14, NonImmediateOops: No
[4,261s][debug][gc,nmethod     ] Register NMethod: java.util.stream.AbstractPipeline.wrapSink (0x0000794416edbc88) [0x0000794416edbd80, 0x0000794416edc290] Compiler: jvmci, Barriers: 12, Oops: 0, ImmediateOops: 0, NonImmediateOops: No
[4,262s][debug][gc,nmethod     ] Register NMethod: io.brackit.query.compiler.parser.Tokenizer.laNCName (0x00007943f83e9508) [0x00007943f83e9600, 0x00007943f83e9dd0] Compiler: c1, Barriers: 6, Oops: 1, ImmediateOops: 0, NonImmediateOops: No
[4,262s][debug][gc,nmethod     ] Register NMethod: io.brackit.query.compiler.parser.Tokenizer.consume (0x00007943f83e9e08) [0x00007943f83e9f00, 0x00007943f83eae20] Compiler: c1, Barriers: 3, Oops: 3, ImmediateOops: 5, NonImmediateOops: No
[4,262s][debug][gc,nmethod     ] Register NMethod: jdk.internal.foreign.MemorySessionImpl.<init> (0x0000794416edc308) [0x0000794416edc400, 0x0000794416edc558] Compiler: jvmci, Barriers: 6, Oops: 0, ImmediateOops: 0, NonImmediateOops: No
[4,262s][debug][gc,nmethod     ] Register NMethod: io.brackit.query.compiler.AST.getLastChild (0x00007943f83eae88) [0x00007943f83eaf80, 0x00007943f83eb160] Compiler: c1, Barriers: 2, Oops: 1, ImmediateOops: 0, NonImmediateOops: No
[4,262s][debug][gc,nmethod     ] Register NMethod: java.lang.Math.min (0x0000794416edc608) [0x0000794416edc700, 0x0000794416edc770] Compiler: jvmci, Barriers: 0, Oops: 0, ImmediateOops: 0, NonImmediateOops: No
[4,263s][debug][gc,nmethod     ] Register NMethod: io.brackit.query.expr.PathStepExpr.evaluate (0x00007943f81d3108) [0x00007943f81d3200, 0x00007943f81d3808] Compiler: c1, Barriers: 16, Oops: 1, ImmediateOops: 0, NonImmediateOops: No
[4,265s][debug][gc,nmethod     ] Register NMethod: io.sirix.settings.VersioningType$4.combineRecordPages (0x0000794416edc908) [0x0000794416edca00, 0x0000794416ee5f50] Compiler: jvmci, Barriers: 126, Oops: 8, ImmediateOops: 2, NonImmediateOops: No
[4,265s][debug][gc,director    ] Rule Major: Warmup 10%, Used: 1222MB, UsedThreshold: 1228MB
[4,265s][debug][gc,director    ] Rule Minor: High Usage, Free: 11024MB(89,7%)
[4,267s][debug][gc,nmethod     ] Register NMethod: java.lang.invoke.MethodHandle.linkToStatic (0x0000794416ee6008) [0x0000794416ee6100, 0x0000794416ee61f0] Compiler: , Barriers: 0, Oops: 0, ImmediateOops: 0, NonImmediateOops: No
[4,267s][debug][gc,nmethod     ] Register NMethod: java.lang.invoke.MethodType.appendParameterTypes (0x00007943f83eb188) [0x00007943f83eb280, 0x00007943f83eb7c8] Compiler: c1, Barriers: 1, Oops: 0, ImmediateOops: 0, NonImmediateOops: No
[4,268s][debug][gc,nmethod     ] Register NMethod: java.lang.invoke.MethodHandle.linkToSpecial (0x0000794416ee6308) [0x0000794416ee6400, 0x0000794416ee64f8] Compiler: , Barriers: 0, Oops: 0, ImmediateOops: 0, NonImmediateOops: No
[4,268s][debug][gc,nmethod     ] Register NMethod: java.lang.invoke.DirectMethodHandle.getFunction (0x00007943f83eb808) [0x00007943f83eb900, 0x00007943f83ebd98] Compiler: c1, Barriers: 4, Oops: 1, ImmediateOops: 2, NonImmediateOops: No
[4,268s][debug][gc,nmethod     ] Register NMethod: jdk.internal.classfile.impl.SuperclassImpl.<init> (0x00007943f83ebe08) [0x00007943f83ebf00, 0x00007943f83ec280] Compiler: c1, Barriers: 3, Oops: 0, ImmediateOops: 0, NonImmediateOops: No
[4,268s][debug][gc,nmethod     ] Register NMethod: java.lang.classfile.Superclass.of (0x00007943f83ec288) [0x00007943f83ec380, 0x00007943f83ec798] Compiler: c1, Barriers: 3, Oops: 0, ImmediateOops: 0, NonImmediateOops: No
[4,268s][debug][gc,nmethod     ] Register NMethod: java.lang.invoke.MethodHandle.invokeBasic (0x0000794416ee6608) [0x0000794416ee6700, 0x0000794416ee6998] Compiler: , Barriers: 0, Oops: 0, ImmediateOops: 0, NonImmediateOops: No
[4,268s][debug][gc,nmethod     ] Register NMethod: java.lang.classfile.ClassBuilder.withSuperclass (0x00007943f83ec808) [0x00007943f83ec900, 0x00007943f83ed248] Compiler: c1, Barriers: 3, Oops: 0, ImmediateOops: 0, NonImmediateOops: No
[4,268s][debug][gc,nmethod     ] Register NMethod: java.lang.invoke.MethodHandle.linkToSpecial (0x0000794416ee6a08) [0x0000794416ee6b00, 0x0000794416ee6bf8] Compiler: , Barriers: 0, Oops: 0, ImmediateOops: 0, NonImmediateOops: No
[4,268s][debug][gc,nmethod     ] Register NMethod: jdk.internal.classfile.impl.SuperclassImpl.writeTo (0x00007943f83ed288) [0x00007943f83ed380, 0x00007943f83ed708] Compiler: c1, Barriers: 4, Oops: 0, ImmediateOops: 0, NonImmediateOops: No
[4,269s][debug][gc,nmethod     ] Register NMethod: java.lang.invoke.DelegatingMethodHandle.whichKind (0x00007943f83ed788) [0x00007943f83ed880, 0x00007943f83eda40] Compiler: c1, Barriers: 0, Oops: 0, ImmediateOops: 3, NonImmediateOops: No
[4,269s][debug][gc,nmethod     ] Register NMethod: java.lang.invoke.DirectMethodHandle$Holder.invokeStatic (0x00007943f83eda88) [0x00007943f83edb80, 0x00007943f83edf50] Compiler: c1, Barriers: 1, Oops: 0, ImmediateOops: 0, NonImmediateOops: No
[4,270s][debug][gc,nmethod     ] Register NMethod: java.lang.invoke.DelegatingMethodHandle.makeReinvokerForm (0x00007943f83edf88) [0x00007943f83ee080, 0x00007943f83f1bf0] Compiler: c1, Barriers: 37, Oops: 0, ImmediateOops: 2, NonImmediateOops: No
[4,271s][debug][gc,nmethod     ] Register NMethod: io.sirix.access.trx.page.NodePageReadOnlyTrx.getLeafPageReference (0x0000794416ee6d08) [0x0000794416ee6e00, 0x0000794416ee74c8] Compiler: jvmci, Barriers: 3, Oops: 2, ImmediateOops: 2, NonImmediateOops: No
[4,275s][debug][gc,director    ] Rule Major: Warmup 10%, Used: 1224MB, UsedThreshold: 1228MB
[4,275s][debug][gc,director    ] Rule Minor: High Usage, Free: 11022MB(89,7%)
[4,280s][debug][gc,nmethod     ] Register NMethod: io.sirix.access.trx.page.NodePageTrx.lambda$getPageContainer$0 (0x0000794416ee7508) [0x0000794416ee7600, 0x0000794416ee91b0] Compiler: jvmci, Barriers: 39, Oops: 2, ImmediateOops: 3, NonImmediateOops: No
[4,280s][debug][gc,nmethod     ] Register NMethod: java.lang.invoke.DirectMethodHandle$Holder.invokeStatic (0x00007943f83f1c08) [0x00007943f83f1d00, 0x00007943f83f20c8] Compiler: c1, Barriers: 1, Oops: 0, ImmediateOops: 0, NonImmediateOops: No
[4,281s][debug][gc,nmethod     ] Register NMethod: java.lang.invoke.LambdaForm$MH/0x00000000a9298c00.invoke (0x00007943f83f2108) [0x00007943f83f2200, 0x00007943f83f2d70] Compiler: c1, Barriers: 2, Oops: 1, ImmediateOops: 0, NonImmediateOops: No
[4,282s][debug][gc,nmethod     ] Register NMethod: io.sirix.access.trx.page.NodePageReadOnlyTrx.getName (0x00007943f83f2d88) [0x00007943f83f2e80, 0x00007943f83f3500] Compiler: c1, Barriers: 1, Oops: 1, ImmediateOops: 1, NonImmediateOops: No
[4,284s][debug][gc,nmethod     ] Register NMethod: io.sirix.cache.RecordPageCache$$Lambda/0x00000000a92c5258.apply (0x00007943f83f3588) [0x00007943f83f3680, 0x00007943f83f3bc0] Compiler: c1, Barriers: 0, Oops: 1, ImmediateOops: 0, NonImmediateOops: No
[4,284s][debug][gc,nmethod     ] Register NMethod: io.sirix.cache.RecordPageCache.lambda$unpinAndUpdateWeight$0 (0x00007943f83f3c08) [0x00007943f83f3d00, 0x00007943f83f55b0] Compiler: c1, Barriers: 2, Oops: 4, ImmediateOops: 3, NonImmediateOops: No
[4,285s][debug][gc,director    ] Rule Major: Warmup 10%, Used: 1224MB, UsedThreshold: 1228MB
[4,285s][debug][gc,director    ] Rule Minor: High Usage, Free: 11022MB(89,7%)
[4,289s][debug][gc,nmethod     ] Register NMethod: java.lang.invoke.DelegatingMethodHandle.makeReinvokerForm (0x00007943f83f5608) [0x00007943f83f5700, 0x00007943f83f5828] Compiler: c1, Barriers: 0, Oops: 0, ImmediateOops: 0, NonImmediateOops: No
[4,289s][debug][gc,nmethod     ] Register NMethod: io.sirix.access.trx.page.NodePageTrx$$Lambda/0x00000000a928fa18.apply (0x0000794416ee9208) [0x0000794416ee9300, 0x0000794416eea0d8] Compiler: jvmci, Barriers: 17, Oops: 2, ImmediateOops: 2, NonImmediateOops: No
[4,290s][debug][gc,nmethod     ] Register NMethod: io.sirix.access.trx.node.AbstractNodeReadOnlyTrx.hasNode (0x00007943f83f5908) [0x00007943f83f5a00, 0x00007943f83f6630] Compiler: c1, Barriers: 4, Oops: 1, ImmediateOops: 2, NonImmediateOops: No
[4,291s][debug][gc,nmethod     ] Register NMethod: java.util.BitSet.nextSetBit (0x00007943f83f6688) [0x00007943f83f6780, 0x00007943f83f7770] Compiler: c1, Barriers: 1, Oops: 1, ImmediateOops: 2, NonImmediateOops: No
[4,291s][debug][gc,nmethod     ] Register NMethod: com.github.benmanes.caffeine.cache.stats.ConcurrentStatsCounter.recordHits (0x00007943f83f7788) [0x00007943f83f7880, 0x00007943f83f7a08] Compiler: c1, Barriers: 1, Oops: 1, ImmediateOops: 0, NonImmediateOops: No
[4,292s][debug][gc,nmethod     ] Register NMethod: io.sirix.page.PageKind$1.deserializePage (0x0000794416eea108) [0x0000794416eea200, 0x0000794416ef3888] Compiler: jvmci, Barriers: 94, Oops: 9, ImmediateOops: 1, NonImmediateOops: No
[4,294s][debug][gc,nmethod     ] Register NMethod: io.sirix.service.xml.xpath.AbstractAxis.resetToLastKey (0x00007943f83f7a88) [0x00007943f83f7b80, 0x00007943f83f7ed8] Compiler: c1, Barriers: 1, Oops: 1, ImmediateOops: 0, NonImmediateOops: No
[4,294s][debug][gc,nmethod     ] Register NMethod: io.sirix.service.xml.xpath.expr.UnionAxis.hasNext (0x00007943f83f7f08) [0x00007943f83f8000, 0x00007943f83f8f28] Compiler: c1, Barriers: 5, Oops: 1, ImmediateOops: 0, NonImmediateOops: No
[4,294s][debug][gc,nmethod     ] Register NMethod: io.sirix.service.xml.xpath.AbstractAxis.nextLong (0x00007943f83f8f88) [0x00007943f83f9080, 0x00007943f83f9c78] Compiler: c1, Barriers: 3, Oops: 1, ImmediateOops: 2, NonImmediateOops: No
[4,294s][debug][gc,nmethod     ] Register NMethod: com.github.benmanes.caffeine.cache.SSLSMW.setMainProtectedWeightedSize (0x0000794416ef3908) [0x0000794416ef3a00, 0x0000794416ef3ac0] Compiler: c1, Barriers: 0, Oops: 1, ImmediateOops: 0, NonImmediateOops: No
[4,294s][debug][gc,nmethod     ] Register NMethod: com.github.benmanes.caffeine.cache.SSLSMW.accessOrderProtectedDeque (0x0000794416ef3c08) [0x0000794416ef3d00, 0x0000794416ef3df0] Compiler: c1, Barriers: 1, Oops: 1, ImmediateOops: 0, NonImmediateOops: No
[4,294s][debug][gc,nmethod     ] Register NMethod: java.util.concurrent.ForkJoinPool$WorkQueue.updateTop (0x00007943f83f9c88) [0x00007943f83f9d80, 0x00007943f83fa090] Compiler: c1, Barriers: 0, Oops: 0, ImmediateOops: 1, NonImmediateOops: No
[4,294s][debug][gc,nmethod     ] Register NMethod: io.sirix.axis.AbstractAxis.tryToComputeNext (0x00007943f83fa108) [0x00007943f83fa200, 0x00007943f83fa930] Compiler: c1, Barriers: 10, Oops: 1, ImmediateOops: 5, NonImmediateOops: No
[4,295s][debug][gc,nmethod     ] Register NMethod: com.github.benmanes.caffeine.cache.SystemTicker.read (0x00007943f83fa988) [0x00007943f83faa80, 0x00007943f83faba0] Compiler: c1, Barriers: 0, Oops: 1, ImmediateOops: 0, NonImmediateOops: No
[4,295s][debug][gc,nmethod     ] Register NMethod: com.github.benmanes.caffeine.cache.SSLS.statsTicker (0x00007943f83fac88) [0x00007943f83fad80, 0x00007943f83faee0] Compiler: c1, Barriers: 0, Oops: 1, ImmediateOops: 1, NonImmediateOops: No
[4,295s][debug][gc,director    ] Rule Major: Warmup 10%, Used: 1232MB, UsedThreshold: 1228MB
[4,295s][info ][gc             ] GC(1) Major Collection (Warmup)
[4,295s][info ][gc,task        ] GC(1) Using 5 Workers for Young Generation
[4,295s][info ][gc,task        ] GC(1) Using 3 Workers for Old Generation
[4,295s][debug][gc,heap        ] GC(1) Y: Heap Before GC invocations=1 (full 1):
[4,295s][debug][gc,heap        ] GC(1) Y:  ZHeap           used 1232M, capacity 5120M, max capacity 12288M
[4,295s][debug][gc,heap        ] GC(1) Y:   Cache          3888M (1)
[4,295s][debug][gc,heap        ] GC(1) Y:    size classes  2G (1)
[4,295s][debug][gc,nmethod     ] Register NMethod: io.sirix.cache.RecordPageCache$$Lambda/0x00000000a931abc8.apply (0x00007943f83faf88) [0x00007943f83fb080, 0x00007943f83fb7f0] Compiler: c1, Barriers: 0, Oops: 1, ImmediateOops: 0, NonImmediateOops: No
[4,295s][debug][gc,metaspace   ] GC(1) Y: Metaspace Before GC invocations=1 (full 1):
[4,295s][debug][gc,metaspace   ] GC(1) Y:  Metaspace       used 35291K, committed 35776K, reserved 1114112K
[4,295s][debug][gc,metaspace   ] GC(1) Y:   class space    used 3091K, committed 3328K, reserved 1048576K
[4,295s][info ][gc,phases      ] GC(1) Y: Young Generation
[4,295s][debug][gc,reloc       ] Synchronize all workers 1 _nworkers: 0 _nsynchronized: 0
[4,295s][debug][gc,reloc       ] Synchronize all workers 1 _nworkers: 0 _nsynchronized: 0
[4,295s][debug][gc,phases,start] GC(1) Y: Pause Mark Start (Major)
[4,295s][debug][gc,tlab        ] GC(1) Y: TLAB usage update: used 76M -> 1152M, capacity: 76M -> 398M
[4,295s][debug][gc,marking     ] GC(1) Y: Using 4 mark stripes
[4,295s][debug][gc,marking     ] GC(1) Y: Mark Worker/Stripe Distribution
[4,295s][debug][gc,marking     ] GC(1) Y:   Worker 0(5) -> Stripe 0(4)
[4,295s][debug][gc,marking     ] GC(1) Y:   Worker 1(5) -> Stripe 1(4)
[4,295s][debug][gc,marking     ] GC(1) Y:   Worker 2(5) -> Stripe 2(4)
[4,295s][debug][gc,marking     ] GC(1) Y:   Worker 3(5) -> Stripe 3(4)
[4,295s][debug][gc,marking     ] GC(1) Y:   Worker 4(5) -> Stripe 0(4)
[4,295s][debug][gc,marking     ] GC(1) Y: Using 2 mark stripes
[4,295s][debug][gc,marking     ] GC(1) Y: Mark Worker/Stripe Distribution
[4,295s][debug][gc,marking     ] GC(1) Y:   Worker 0(3) -> Stripe 0(2)
[4,295s][debug][gc,marking     ] GC(1) Y:   Worker 1(3) -> Stripe 1(2)
[4,295s][debug][gc,marking     ] GC(1) Y:   Worker 2(3) -> Stripe 0(2)
[4,295s][info ][gc,phases      ] GC(1) Y: Pause Mark Start (Major) 0,099ms
[4,295s][debug][gc,reloc       ] Desynchronize all workers _nworkers: 0 _nsynchronized: 0
[4,295s][debug][gc,reloc       ] Desynchronize all workers _nworkers: 0 _nsynchronized: 0
[4,295s][debug][gc,marking     ] Resurrection broke termination
[4,295s][debug][gc,phases,start] GC(1) Y: Concurrent Mark
[4,296s][debug][gc,phases,start] GC(1) Y: Concurrent Mark Roots
[4,295s][debug][gc,nmethod     ] Register NMethod: io.sirix.cache.RecordPageCache.lambda$pinAndUpdateWeight$0 (0x00007943f83fb808) [0x00007943f83fb900, 0x00007943f83fbbf0] Compiler: c1, Barriers: 0, Oops: 1, ImmediateOops: 0, NonImmediateOops: No
[4,296s][debug][gc             ] JNI Critical Stall (Test worker) 0,225ms
[4,296s][debug][gc,task        ] GC(1) Y: Executing ZMarkYoungRootsTask using ZWorkerYoung with 5 workers
[4,299s][debug][gc,tlab        ] GC(1) Y: TLAB totals: thrds: 29  refills: 4069 max: 3138 slow allocs: 2658 max 1413 waste:  0,4% gc: 892688B max: 262104B slow: 3100720B max: 2455328B
[4,299s][debug][gc,phases      ] GC(1) Y: Concurrent Mark Roots 3,788ms
[4,299s][debug][gc,phases,start] GC(1) Y: Concurrent Mark Follow
[4,299s][debug][gc,marking     ] GC(1) Y: Using 4 mark stripes
[4,299s][debug][gc,task        ] GC(1) Y: Executing ZRememberedScanMarkFollowTask using ZWorkerYoung with 5 workers
[4,304s][debug][gc,nmethod     ] Register NMethod: com.github.benmanes.caffeine.cache.BaseMpscLinkedArrayQueue.offerSlowPath (0x00007943f83fbc08) [0x00007943f83fbd00, 0x00007943f83fcdf0] Compiler: c1, Barriers: 0, Oops: 6, ImmediateOops: 5, NonImmediateOops: No
[4,306s][debug][gc,nmethod     ] Register NMethod: com.github.benmanes.caffeine.cache.BoundedLocalCache.setWriteTime (0x00007943f83fce88) [0x00007943f83fcf80, 0x00007943f83fd4d0] Compiler: c1, Barriers: 0, Oops: 1, ImmediateOops: 0, NonImmediateOops: No
[4,306s][debug][gc,nmethod     ] Register NMethod: com.github.benmanes.caffeine.cache.BoundedLocalCache$$Lambda/0x00000000a92adec8.<init> (0x00007943f83fd508) [0x00007943f83fd600, 0x00007943f83fdd10] Compiler: c1, Barriers: 36, Oops: 1, ImmediateOops: 0, NonImmediateOops: No
[4,306s][debug][gc,nmethod     ] Register NMethod: com.github.benmanes.caffeine.cache.BoundedLocalCache$$Lambda/0x00000000a92adec8.apply (0x00007943f83fdd88) [0x00007943f83fde80, 0x00007943f83fe528] Compiler: c1, Barriers: 12, Oops: 1, ImmediateOops: 0, NonImmediateOops: No
[4,306s][debug][gc,nmethod     ] Register NMethod: java.util.concurrent.ForkJoinPool.submissionQueue (0x00007943f83fe588) [0x00007943f83fe680, 0x00007943f83ff860] Compiler: c1, Barriers: 8, Oops: 1, ImmediateOops: 1, NonImmediateOops: No
[4,307s][debug][gc,nmethod     ] Register NMethod: com.github.benmanes.caffeine.cache.BoundedLocalCache.remap (0x00007943f83ff888) [0x00007943f83ff980, 0x00007943f84028d0] Compiler: c1, Barriers: 31, Oops: 4, ImmediateOops: 4, NonImmediateOops: No
[4,307s][debug][gc,nmethod     ] Register NMethod: com.github.benmanes.caffeine.cache.BoundedWeigher.weigh (0x00007943f8402908) [0x00007943f8402a00, 0x00007943f8402ed0] Compiler: c1, Barriers: 1, Oops: 1, ImmediateOops: 0, NonImmediateOops: No
[4,307s][debug][gc,nmethod     ] Register NMethod: com.github.benmanes.caffeine.cache.BoundedLocalCache.afterWrite (0x00007943f8402f08) [0x00007943f8403000, 0x00007943f84055a0] Compiler: c1, Barriers: 11, Oops: 2, ImmediateOops: 2, NonImmediateOops: No
[4,308s][debug][gc,nmethod     ] Register NMethod: com.github.benmanes.caffeine.cache.FrequencySketch.increment (0x00007943f8405608) [0x00007943f8405700, 0x00007943f8406d48] Compiler: c1, Barriers: 1, Oops: 1, ImmediateOops: 0, NonImmediateOops: No
[4,308s][debug][gc,nmethod     ] Register NMethod: io.sirix.index.name.Names.getName (0x0000794416ef3f08) [0x0000794416ef4000, 0x0000794416ef5318] Compiler: jvmci, Barriers: 13, Oops: 2, ImmediateOops: 1, NonImmediateOops: No
[4,310s][debug][gc,nmethod     ] Register NMethod: io.sirix.settings.VersioningType$4.combineRecordPages (0x0000794416ef5388) [0x0000794416ef5480, 0x0000794416ef6a28] Compiler: jvmci, Barriers: 29, Oops: 1, ImmediateOops: 0, NonImmediateOops: No
[4,310s][debug][gc,nmethod     ] Register NMethod: java.util.BitSet.nextSetBit (0x0000794416ef6a88) [0x0000794416ef6b80, 0x0000794416ef6d98] Compiler: jvmci, Barriers: 1, Oops: 0, ImmediateOops: 0, NonImmediateOops: No
[4,310s][debug][gc,nmethod     ] Register NMethod: java.util.stream.AbstractPipeline.evaluate (0x0000794416ef6e08) [0x0000794416ef6f00, 0x0000794416ef7eb8] Compiler: jvmci, Barriers: 44, Oops: 0, ImmediateOops: 2, NonImmediateOops: No
[4,310s][debug][gc,nmethod     ] Register NMethod: java.util.concurrent.ConcurrentHashMap.compute (0x00007943f8406d88) [0x00007943f8406e80, 0x00007943f840a7e8] Compiler: c1, Barriers: 33, Oops: 0, ImmediateOops: 2, NonImmediateOops: No
[4,311s][debug][gc,nmethod     ] Register NMethod: com.github.benmanes.caffeine.cache.BoundedLocalCache.lambda$remap$16 (0x00007943f840a808) [0x00007943f840a900, 0x00007943f8418cd0] Compiler: c1, Barriers: 64, Oops: 12, ImmediateOops: 54, NonImmediateOops: No
[4,311s][debug][gc,nmethod     ] Register NMethod: com.github.benmanes.caffeine.cache.BoundedLocalCache$PerformCleanupTask.exec (0x00007943f8418d88) [0x00007943f8418e80, 0x00007943f8419928] Compiler: c1, Barriers: 4, Oops: 2, ImmediateOops: 2, NonImmediateOops: No
[4,311s][debug][gc,nmethod     ] Register NMethod: java.util.concurrent.locks.ReentrantLock$Sync.tryLock (0x00007943f8419988) [0x00007943f8419a80, 0x00007943f841a878] Compiler: c1, Barriers: 5, Oops: 0, ImmediateOops: 1, NonImmediateOops: No
[4,311s][debug][gc,nmethod     ] Register NMethod: java.nio.ByteBuffer.limit (0x0000794416ef7f08) [0x0000794416ef8000, 0x0000794416ef8110] Compiler: jvmci, Barriers: 0, Oops: 0, ImmediateOops: 0, NonImmediateOops: No
[4,314s][debug][gc,nmethod     ] Register NMethod: java.util.concurrent.ForkJoinPool.runWorker (0x0000794416ef8208) [0x0000794416ef8300, 0x0000794416efc300] Compiler: jvmci, Barriers: 104, Oops: 1, ImmediateOops: 1, NonImmediateOops: No
[4,314s][debug][gc,nmethod     ] Register NMethod: com.github.benmanes.caffeine.cache.BoundedLocalCache.requireIsAlive (0x00007943f841a888) [0x00007943f841a980, 0x00007943f841c440] Compiler: c1, Barriers: 1, Oops: 7, ImmediateOops: 10, NonImmediateOops: No
[4,315s][debug][gc,nmethod     ] Register NMethod: com.github.benmanes.caffeine.cache.BoundedLocalCache.scheduleDrainBuffers (0x00007943f841c488) [0x00007943f841c580, 0x00007943f8421d70] Compiler: c1, Barriers: 17, Oops: 8, ImmediateOops: 20, NonImmediateOops: No
[4,315s][debug][gc,nmethod     ] Register NMethod: io.sirix.io.memorymapped.MMFileReader.read (0x00007943f8421e08) [0x00007943f8421f00, 0x00007943f842e570] Compiler: c1, Barriers: 26, Oops: 14, ImmediateOops: 28, NonImmediateOops: No
[4,316s][debug][gc,nmethod     ] Register NMethod: java.util.RegularEnumSet.contains (0x0000794416efc388) [0x0000794416efc480, 0x0000794416efc618] Compiler: jvmci, Barriers: 2, Oops: 0, ImmediateOops: 0, NonImmediateOops: No
[4,316s][debug][gc,nmethod     ] Register NMethod: io.sirix.axis.AbstractAxis.hasNext (0x0000794416efc688) [0x0000794416efc780, 0x0000794416efccc0] Compiler: jvmci, Barriers: 6, Oops: 1, ImmediateOops: 1, NonImmediateOops: No
[4,317s][debug][gc,nmethod     ] Register NMethod: java.util.stream.Collectors$$Lambda/0x00000000a911d290.accept (0x00007943f842e608) [0x00007943f842e700, 0x00007943f842ead0] Compiler: c1, Barriers: 2, Oops: 0, ImmediateOops: 0, NonImmediateOops: No
[4,317s][debug][gc,nmethod     ] Register NMethod: io.sirix.page.KeyValueLeafPage$$Lambda/0x00000000a92bec58.apply (0x00007943f842eb08) [0x00007943f842ec00, 0x00007943f842f120] Compiler: c1, Barriers: 0, Oops: 1, ImmediateOops: 0, NonImmediateOops: No
[4,317s][debug][gc,nmethod     ] Register NMethod: java.util.stream.Collectors.lambda$uniqKeysMapAccumulator$0 (0x00007943f842f188) [0x00007943f842f280, 0x00007943f842fb60] Compiler: c1, Barriers: 0, Oops: 0, ImmediateOops: 0, NonImmediateOops: No
[4,317s][debug][gc,nmethod     ] Register NMethod: io.sirix.page.KeyValueLeafPage$$Lambda/0x00000000a92beea0.apply (0x00007943f842fb88) [0x00007943f842fc80, 0x00007943f8430610] Compiler: c1, Barriers: 0, Oops: 1, ImmediateOops: 0, NonImmediateOops: No
[4,317s][debug][gc,nmethod     ] Register NMethod: java.util.concurrent.locks.ReentrantLock$NonfairSync.tryAcquire (0x00007943f8430688) [0x00007943f8430780, 0x00007943f8430f70] Compiler: c1, Barriers: 4, Oops: 0, ImmediateOops: 0, NonImmediateOops: No
[4,318s][debug][gc,nmethod     ] Register NMethod: com.github.benmanes.caffeine.cache.AbstractLinkedDeque.linkLast (0x00007943f8430f88) [0x00007943f8431080, 0x00007943f84324a0] Compiler: c1, Barriers: 7, Oops: 1, ImmediateOops: 0, NonImmediateOops: No
[4,318s][debug][gc,nmethod     ] Register NMethod: java.util.Collections$UnmodifiableCollection.contains (0x0000794416efcd08) [0x0000794416efce00, 0x0000794416efd040] Compiler: jvmci, Barriers: 3, Oops: 0, ImmediateOops: 0, NonImmediateOops: No
[4,318s][debug][gc,nmethod     ] Register NMethod: com.github.benmanes.caffeine.cache.BoundedLocalCache.computeIfPresent (0x00007943f8432508) [0x00007943f8432600, 0x00007943f84357a0] Compiler: c1, Barriers: 3, Oops: 10, ImmediateOops: 12, NonImmediateOops: No
[4,318s][debug][gc,nmethod     ] Register NMethod: com.github.benmanes.caffeine.cache.BoundedLocalCache$UpdateTask.run (0x00007943f8435808) [0x00007943f8435900, 0x00007943f843cc08] Compiler: c1, Barriers: 38, Oops: 2, ImmediateOops: 6, NonImmediateOops: No
[4,319s][debug][gc,nmethod     ] Register NMethod: jdk.internal.misc.Unsafe.compareAndExchangeInt (0x0000794416efd088) [0x0000794416efd180, 0x0000794416efd2e8] Compiler: , Barriers: 0, Oops: 0, ImmediateOops: 0, NonImmediateOops: No
[4,319s][debug][gc,nmethod     ] Register NMethod: jdk.internal.misc.ScopedMemoryAccess.closeScope0 (0x0000794416efd388) [0x0000794416efd480, 0x0000794416efd5f0] Compiler: , Barriers: 0, Oops: 0, ImmediateOops: 0, NonImmediateOops: No
[4,322s][debug][gc,nmethod     ] Register NMethod: cn.danielw.fop.PoolConfig.getShutdownWaitMilliseconds (0x0000794416efd688) [0x0000794416efd780, 0x0000794416efd840] Compiler: c1, Barriers: 0, Oops: 1, ImmediateOops: 0, NonImmediateOops: No
[4,322s][debug][gc,nmethod     ] Register NMethod: java.util.concurrent.ArrayBlockingQueue.poll (0x00007943f843cc88) [0x00007943f843cd80, 0x00007943f843e6a0] Compiler: c1, Barriers: 6, Oops: 0, ImmediateOops: 0, NonImmediateOops: No
[4,324s][debug][gc,nmethod     ] Register NMethod: io.sirix.access.trx.page.NodePageReadOnlyTrx.unpinAllPagesForTransaction (0x00007943f843e708) [0x00007943f843e800, 0x00007943f8453710] Compiler: c1, Barriers: 43, Oops: 18, ImmediateOops: 49, NonImmediateOops: No
[4,324s][debug][gc,nmethod     ] Register NMethod: com.esotericsoftware.kryo.io.Output.writeString (0x00007943f8453808) [0x00007943f8453900, 0x00007943f84541c0] Compiler: c1, Barriers: 1, Oops: 1, ImmediateOops: 0, NonImmediateOops: No
[4,325s][debug][gc,nmethod     ] Register NMethod: java.util.stream.ReferencePipeline.toList (0x00007943f8454208) [0x00007943f8454300, 0x00007943f8454e40] Compiler: c1, Barriers: 0, Oops: 2, ImmediateOops: 1, NonImmediateOops: No
[4,326s][debug][gc,nmethod     ] Register NMethod: java.nio.file.FileTreeWalker$DirectoryNode.skipped (0x0000794416efd988) [0x0000794416efda80, 0x0000794416efdb40] Compiler: c1, Barriers: 0, Oops: 0, ImmediateOops: 0, NonImmediateOops: No
[4,326s][debug][gc,nmethod     ] Register NMethod: java.nio.file.FileTreeWalker$Event.type (0x0000794416efdc88) [0x0000794416efdd80, 0x0000794416efde68] Compiler: c1, Barriers: 1, Oops: 0, ImmediateOops: 0, NonImmediateOops: No
[4,326s][debug][gc,nmethod     ] Register NMethod: java.nio.file.FileTreeWalker$DirectoryNode.iterator (0x0000794416efdf88) [0x0000794416efe080, 0x0000794416efe168] Compiler: c1, Barriers: 1, Oops: 0, ImmediateOops: 0, NonImmediateOops: No
[4,327s][debug][gc,nmethod     ] Register NMethod: com.github.benmanes.caffeine.cache.AbstractLinkedDeque.unlink (0x00007943f8454e88) [0x00007943f8454f80, 0x00007943f8457e50] Compiler: c1, Barriers: 6, Oops: 1, ImmediateOops: 0, NonImmediateOops: No
[4,328s][debug][gc,nmethod     ] Register NMethod: jdk.internal.ref.PhantomCleanable.clear (0x00007943f8457e88) [0x00007943f8457f80, 0x00007943f8458590] Compiler: c1, Barriers: 1, Oops: 0, ImmediateOops: 0, NonImmediateOops: No
[4,328s][debug][gc,nmethod     ] Register NMethod: java.io.FileDescriptor.closeAll (0x00007943f8458608) [0x00007943f8458700, 0x00007943f845a370] Compiler: c1, Barriers: 1, Oops: 0, ImmediateOops: 0, NonImmediateOops: No
[4,329s][debug][gc,nmethod     ] Register NMethod: sun.nio.fs.UnixDirectoryStream$UnixDirectoryIterator.isSelfOrParent (0x00007943f845a388) [0x00007943f845a480, 0x00007943f845a6b0] Compiler: c1, Barriers: 0, Oops: 0, ImmediateOops: 0, NonImmediateOops: No
[4,329s][debug][gc,nmethod     ] Register NMethod: com.google.gson.stream.JsonReader.nextString (0x00007943f845a708) [0x00007943f845a800, 0x00007943f845c1f8] Compiler: c1, Barriers: 6, Oops: 2, ImmediateOops: 3, NonImmediateOops: No
[4,332s][debug][gc,nmethod     ] Register NMethod: java.util.stream.ReferencePipeline.collect (0x0000794416efe288) [0x0000794416efe380, 0x0000794416eff180] Compiler: jvmci, Barriers: 31, Oops: 2, ImmediateOops: 3, NonImmediateOops: No
[4,334s][debug][gc,nmethod     ] Register NMethod: sun.nio.ch.IOUtil.write (0x00007943f845c288) [0x00007943f845c380, 0x00007943f845d5a8] Compiler: c1, Barriers: 0, Oops: 0, ImmediateOops: 0, NonImmediateOops: No
[4,334s][debug][gc,nmethod     ] Register NMethod: sun.nio.ch.IOUtil.writeFromNativeBuffer (0x00007943f845d608) [0x00007943f845d700, 0x00007943f845fdb8] Compiler: c1, Barriers: 4, Oops: 0, ImmediateOops: 4, NonImmediateOops: No
[4,334s][debug][gc,nmethod     ] Register NMethod: java.util.HashMap.putVal (0x0000794416eff208) [0x0000794416eff300, 0x0000794416f00098] Compiler: jvmci, Barriers: 32, Oops: 1, ImmediateOops: 0, NonImmediateOops: No
[4,335s][debug][gc,nmethod     ] Register NMethod: sun.nio.ch.Util.getTemporaryDirectBuffer (0x00007943f845fe08) [0x00007943f845ff00, 0x00007943f8461640] Compiler: c1, Barriers: 0, Oops: 2, ImmediateOops: 9, NonImmediateOops: No
[4,336s][debug][gc,nmethod     ] Register NMethod: sun.nio.ch.Util.offerFirstTemporaryDirectBuffer (0x00007943f8461688) [0x00007943f8461780, 0x00007943f8463a18] Compiler: c1, Barriers: 0, Oops: 2, ImmediateOops: 8, NonImmediateOops: No
[4,337s][debug][gc,nmethod     ] Register NMethod: java.util.stream.ReduceOps.makeRef (0x0000794416f00108) [0x0000794416f00200, 0x0000794416f00460] Compiler: jvmci, Barriers: 13, Oops: 0, ImmediateOops: 1, NonImmediateOops: No
[4,337s][debug][gc,nmethod     ] Register NMethod: java.lang.String.<init> (0x0000794416f00488) [0x0000794416f00580, 0x0000794416f00bb0] Compiler: jvmci, Barriers: 6, Oops: 0, ImmediateOops: 0, NonImmediateOops: No
[4,338s][debug][gc,nmethod     ] Register NMethod: java.nio.DirectByteBuffer.getInt (0x00007943f8463a88) [0x00007943f8463b80, 0x00007943f84640b8] Compiler: c1, Barriers: 0, Oops: 0, ImmediateOops: 0, NonImmediateOops: No
[4,338s][debug][gc,nmethod     ] Register NMethod: sun.nio.ch.Util$BufferCache.next (0x00007943f8464108) [0x00007943f8464200, 0x00007943f8464328] Compiler: c1, Barriers: 0, Oops: 0, ImmediateOops: 0, NonImmediateOops: No
[4,338s][debug][gc,nmethod     ] Register NMethod: java.nio.DirectByteBuffer.getInt (0x00007943f8464408) [0x00007943f8464500, 0x00007943f8465d30] Compiler: c1, Barriers: 5, Oops: 1, ImmediateOops: 4, NonImmediateOops: No
[4,338s][debug][gc,nmethod     ] Register NMethod: io.sirix.page.NamePage.getName (0x0000794416f00c08) [0x0000794416f00d00, 0x0000794416f01190] Compiler: jvmci, Barriers: 12, Oops: 1, ImmediateOops: 0, NonImmediateOops: No
[4,339s][debug][gc,nmethod     ] Register NMethod: com.github.benmanes.caffeine.cache.BoundedLocalCache.hasExpired (0x0000794416f01208) [0x0000794416f01300, 0x0000794416f013c0] Compiler: jvmci, Barriers: 0, Oops: 1, ImmediateOops: 0, NonImmediateOops: No
[4,339s][debug][gc,nmethod     ] Register NMethod: io.sirix.access.trx.page.NodePageTrx.getRevisionNumber (0x00007943f8465d88) [0x00007943f8465e80, 0x00007943f8466500] Compiler: c1, Barriers: 2, Oops: 1, ImmediateOops: 1, NonImmediateOops: No
[4,339s][debug][gc,nmethod     ] Register NMethod: java.util.HashMap.putIfAbsent (0x0000794416f01508) [0x0000794416f01620, 0x0000794416f02fe8] Compiler: jvmci, Barriers: 64, Oops: 1, ImmediateOops: 0, NonImmediateOops: No
[4,340s][debug][gc,nmethod     ] Register NMethod: com.github.benmanes.caffeine.cache.LocalManualCache.put (0x00007943f8466588) [0x00007943f8466680, 0x00007943f8466a68] Compiler: c1, Barriers: 1, Oops: 1, ImmediateOops: 0, NonImmediateOops: No
[4,340s][debug][gc,nmethod     ] Register NMethod: com.github.benmanes.caffeine.cache.BoundedLocalCache.put (0x00007943f8466a88) [0x00007943f8466b80, 0x00007943f84670a8] Compiler: c1, Barriers: 0, Oops: 1, ImmediateOops: 0, NonImmediateOops: No
[4,341s][debug][gc,nmethod     ] Register NMethod: com.sun.org.apache.xerces.internal.util.ParserConfigurationSettings.getProperty (0x00007943f8467108) [0x00007943f8467200, 0x00007943f84678a8] Compiler: c1, Barriers: 3, Oops: 0, ImmediateOops: 0, NonImmediateOops: No
[4,341s][debug][gc,nmethod     ] Register NMethod: java.util.stream.ReduceOps$3.getOpFlags (0x0000794416f03008) [0x0000794416f03100, 0x0000794416f033a8] Compiler: jvmci, Barriers: 4, Oops: 0, ImmediateOops: 2, NonImmediateOops: No
[4,341s][debug][gc,nmethod     ] Register NMethod: com.github.benmanes.caffeine.cache.BoundedLocalCache$EntryIterator.hasNext (0x0000794416f03408) [0x0000794416f03500, 0x0000794416f03d88] Compiler: jvmci, Barriers: 28, Oops: 1, ImmediateOops: 2, NonImmediateOops: No
[4,341s][debug][gc,nmethod     ] Register NMethod: io.sirix.page.PathSummaryPage.getMaxNodeKey (0x00007943f8467908) [0x00007943f8467a00, 0x00007943f8467d40] Compiler: c1, Barriers: 1, Oops: 1, ImmediateOops: 0, NonImmediateOops: No
[4,342s][debug][gc,nmethod     ] Register NMethod: java.lang.Integer.numberOfLeadingZeros (0x0000794416f03e08) [0x0000794416f03f00, 0x0000794416f04000] Compiler: jvmci, Barriers: 0, Oops: 0, ImmediateOops: 0, NonImmediateOops: No
[4,342s][debug][gc,nmethod     ] Register NMethod: io.sirix.access.trx.node.xml.XmlNodeFactoryImpl.createPathNode (0x00007943f8467d88) [0x00007943f8467e80, 0x00007943f846b108] Compiler: c1, Barriers: 16, Oops: 1, ImmediateOops: 4, NonImmediateOops: No
[4,344s][debug][gc,nmethod     ] Register NMethod: java.util.stream.ReduceOps$3ReducingSink.begin (0x0000794416f04108) [0x0000794416f04220, 0x0000794416f047d0] Compiler: jvmci, Barriers: 15, Oops: 0, ImmediateOops: 0, NonImmediateOops: No
[4,346s][debug][gc,nmethod     ] Register NMethod: io.sirix.page.PathSummaryPage.incrementAndGetMaxNodeKey (0x00007943f846b188) [0x00007943f846b280, 0x00007943f846b828] Compiler: c1, Barriers: 2, Oops: 1, ImmediateOops: 0, NonImmediateOops: No
[4,348s][debug][gc,nmethod     ] Register NMethod: com.github.benmanes.caffeine.cache.BoundedLocalCache.put (0x00007943f846b888) [0x00007943f846b980, 0x00007943f84817e0] Compiler: c1, Barriers: 34, Oops: 10, ImmediateOops: 90, NonImmediateOops: No
[4,349s][debug][gc,nmethod     ] Register NMethod: io.brackit.query.expr.StepExpr$AxisStepSequenceIter.next (0x0000794416f04808) [0x0000794416f04900, 0x0000794416f04be0] Compiler: jvmci, Barriers: 8, Oops: 1, ImmediateOops: 0, NonImmediateOops: No
[4,350s][debug][gc,nmethod     ] Register NMethod: java.lang.System$1.uncheckedDecodeASCII (0x00007943f8481888) [0x00007943f8481980, 0x00007943f8481ac0] Compiler: c1, Barriers: 0, Oops: 0, ImmediateOops: 0, NonImmediateOops: No
[4,350s][debug][gc,nmethod     ] Register NMethod: java.lang.String.decodeASCII (0x00007943f8481b88) [0x00007943f8481c80, 0x00007943f8481f10] Compiler: c1, Barriers: 0, Oops: 0, ImmediateOops: 0, NonImmediateOops: No
[4,351s][debug][gc,nmethod     ] Register NMethod: io.sirix.node.xml.TextNode.<init> (0x0000794416f04c08) [0x0000794416f04d20, 0x0000794416f058c8] Compiler: jvmci, Barriers: 19, Oops: 2, ImmediateOops: 2, NonImmediateOops: No
[4,352s][debug][gc,nmethod     ] Register NMethod: java.nio.charset.CharsetDecoder.decode (0x00007943f8481f88) [0x00007943f8482080, 0x00007943f8485570] Compiler: c1, Barriers: 6, Oops: 0, ImmediateOops: 5, NonImmediateOops: No
[4,353s][debug][gc,nmethod     ] Register NMethod: sun.nio.cs.UTF_8$Decoder.decodeArrayLoop (0x00007943f8485588) [0x00007943f8485680, 0x00007943f848f570] Compiler: c1, Barriers: 2, Oops: 1, ImmediateOops: 10, NonImmediateOops: No
[4,354s][debug][gc,nmethod     ] Register NMethod: io.brackit.query.atomic.QNm.hashCode (0x0000794416f05908) [0x0000794416f05a00, 0x0000794416f05d38] Compiler: jvmci, Barriers: 4, Oops: 1, ImmediateOops: 0, NonImmediateOops: No
[4,355s][debug][gc,nmethod     ] Register NMethod: io.sirix.node.xml.ElementNode.<init> (0x0000794416f05d88) [0x0000794416f05e80, 0x0000794416f06c68] Compiler: jvmci, Barriers: 24, Oops: 2, ImmediateOops: 3, NonImmediateOops: No
[4,356s][debug][gc,nmethod     ] Register NMethod: java.util.concurrent.ConcurrentHashMap$BaseIterator.hasNext (0x0000794416f06c88) [0x0000794416f06d80, 0x0000794416f06e38] Compiler: jvmci, Barriers: 1, Oops: 0, ImmediateOops: 0, NonImmediateOops: No
[4,356s][debug][gc,nmethod     ] Register NMethod: jdk.internal.misc.Unsafe.putIntRelease (0x0000794416f06f88) [0x0000794416f07080, 0x0000794416f07110] Compiler: jvmci, Barriers: 0, Oops: 0, ImmediateOops: 0, NonImmediateOops: No
[4,357s][debug][gc,marking     ] GC(1) Y: Using 2 mark stripes
[4,357s][debug][gc,alloc       ] Mutator Allocation Rate: 413,1MB/s Predicted: 433,5MB/s, Avg: 310,3(+/-70,3)MB/s
[4,359s][debug][gc,nmethod     ] Register NMethod: java.util.Collection.stream (0x0000794416f07288) [0x0000794416f07380, 0x0000794416f077d0] Compiler: jvmci, Barriers: 10, Oops: 1, ImmediateOops: 0, NonImmediateOops: No
[4,365s][debug][gc,marking     ] GC(1) Y: Using 1 mark stripes
[4,365s][debug][gc,marking     ] GC(1) Y: Using 2 mark stripes
[4,366s][debug][gc,marking     ] GC(1) Y: Using 4 mark stripes
[4,367s][debug][gc,marking     ] GC(1) Y: Using 2 mark stripes
[4,370s][debug][gc,marking     ] GC(1) Y: Using 1 mark stripes
[4,370s][debug][gc,nmethod     ] Register NMethod: java.nio.ByteBuffer.arrayOffset (0x0000794416f07808) [0x0000794416f07900, 0x0000794416f07a10] Compiler: jvmci, Barriers: 1, Oops: 0, ImmediateOops: 0, NonImmediateOops: No
[4,372s][debug][gc,nmethod     ] Register NMethod: io.sirix.query.stream.node.SirixNodeStream.next (0x0000794416f07b08) [0x0000794416f07c00, 0x0000794416f097f8] Compiler: jvmci, Barriers: 62, Oops: 2, ImmediateOops: 7, NonImmediateOops: No
[4,374s][debug][gc,nmethod     ] Register NMethod: com.sun.org.apache.xerces.internal.impl.XMLDocumentFragmentScannerImpl$FragmentContentDriver.startOfMarkup (0x0000794416f09888) [0x0000794416f09980, 0x0000794416f0a038] Compiler: jvmci, Barriers: 11, Oops: 1, ImmediateOops: 1, NonImmediateOops: No
[4,375s][debug][gc,nmethod     ] Register NMethod: io.sirix.page.NamePage.incrementAndGetMaxNodeKey (0x00007943f848f588) [0x00007943f848f680, 0x00007943f848fc30] Compiler: c1, Barriers: 2, Oops: 1, ImmediateOops: 0, NonImmediateOops: No
[4,375s][debug][gc,nmethod     ] Register NMethod: io.brackit.query.atomic.QNm.atomicCmpInternal (0x0000794416f0a088) [0x0000794416f0a180, 0x0000794416f0a600] Compiler: jvmci, Barriers: 8, Oops: 1, ImmediateOops: 0, NonImmediateOops: No
[4,375s][debug][gc,nmethod     ] Register NMethod: io.brackit.query.atomic.AbstractAtomic.atomicCmp (0x0000794416f0a688) [0x0000794416f0a780, 0x0000794416f0ac28] Compiler: jvmci, Barriers: 8, Oops: 1, ImmediateOops: 0, NonImmediateOops: No
[4,376s][debug][gc,marking     ] GC(1) Y: Using 2 mark stripes
[4,376s][debug][gc,marking     ] GC(1) Y: Using 1 mark stripes
[4,376s][debug][gc,marking     ] GC(1) Y: Using 2 mark stripes
[4,376s][debug][gc,marking     ] GC(1) Y: Using 1 mark stripes
[4,390s][debug][gc,nmethod     ] Register NMethod: java.util.ArrayList.isEmpty (0x0000794416f0ac88) [0x0000794416f0ad80, 0x0000794416f0ae10] Compiler: jvmci, Barriers: 0, Oops: 0, ImmediateOops: 0, NonImmediateOops: No
[4,392s][debug][gc,nmethod     ] Register NMethod: io.sirix.access.trx.page.TreeModifierImpl.prepareIndirectPage (0x00007943f848fc88) [0x00007943f848fd80, 0x00007943f8491a60] Compiler: c1, Barriers: 11, Oops: 1, ImmediateOops: 0, NonImmediateOops: No
[4,392s][debug][gc,nmethod     ] Register NMethod: com.sun.org.apache.xerces.internal.impl.XMLDocumentFragmentScannerImpl.scanContent (0x0000794416f0af88) [0x0000794416f0b120, 0x0000794416f0c5c8] Compiler: jvmci, Barriers: 20, Oops: 0, ImmediateOops: 1, NonImmediateOops: No
[4,419s][debug][gc,remset      ] GC(1) Y: Remset forwarding retained: 0,000ms count: 0 ZWorkerYoung#2
[4,419s][debug][gc,remset      ] GC(1) Y: Remset forwarding released: 0,000ms count: 0 ZWorkerYoung#2
[4,419s][debug][gc,remset      ] GC(1) Y: Remset forwarding retained: 0,000ms count: 0 ZWorkerYoung#4
[4,419s][debug][gc,remset      ] GC(1) Y: Remset forwarding released: 0,000ms count: 0 ZWorkerYoung#4
[4,419s][debug][gc,remset      ] GC(1) Y: Remset forwarding retained: 0,000ms count: 0 ZWorkerYoung#1
[4,419s][debug][gc,remset      ] GC(1) Y: Remset forwarding retained: 0,000ms count: 0 ZWorkerYoung#3
[4,420s][debug][gc,remset      ] GC(1) Y: Remset forwarding released: 0,000ms count: 0 ZWorkerYoung#3
[4,420s][debug][gc,remset      ] GC(1) Y: Remset forwarding released: 0,000ms count: 0 ZWorkerYoung#1
[4,419s][debug][gc,remset      ] GC(1) Y: Remset forwarding retained: 0,000ms count: 0 ZWorkerYoung#0
[4,420s][debug][gc,remset      ] GC(1) Y: Remset forwarding released: 0,000ms count: 0 ZWorkerYoung#0
[4,420s][debug][gc,marking     ] GC(1) Y: Try terminate after resurrection
[4,420s][debug][gc,phases      ] GC(1) Y: Concurrent Mark Follow 120,409ms
[4,420s][info ][gc,phases      ] GC(1) Y: Concurrent Mark 124,261ms
[4,420s][debug][gc,reloc       ] Synchronize all workers 1 _nworkers: 0 _nsynchronized: 0
[4,420s][debug][gc,reloc       ] Synchronize all workers 1 _nworkers: 0 _nsynchronized: 0
[4,420s][debug][gc,phases,start] GC(1) Y: Pause Mark End
[4,420s][info ][gc,phases      ] GC(1) Y: Pause Mark End 0,025ms
[4,420s][debug][gc,reloc       ] Desynchronize all workers _nworkers: 0 _nsynchronized: 0
[4,420s][debug][gc,reloc       ] Desynchronize all workers _nworkers: 0 _nsynchronized: 0
[4,420s][debug][gc,phases,start] GC(1) Y: Concurrent Mark Free
[4,420s][info ][gc,phases      ] GC(1) Y: Concurrent Mark Free 0,009ms
[4,420s][debug][gc,phases,start] GC(1) Y: Concurrent Reset Relocation Set
[4,420s][info ][gc,phases      ] GC(1) Y: Concurrent Reset Relocation Set 0,008ms
[4,420s][debug][gc,phases,start] GC(1) Y: Concurrent Select Relocation Set
[4,420s][debug][gc,reloc       ] GC(1) Y: Relocation Set (Medium Pages): 2->1, 0 skipped, 10 forwarding entries
[4,420s][debug][gc,reloc       ] GC(1) Y: Relocation Set (Small Pages): 494->50, 0 skipped, 4208368 forwarding entries
[4,420s][debug][gc,reloc       ] GC(1) Y: Allocated To Garbage: 1,1
[4,420s][debug][gc,reloc       ] GC(1) Y: Young Log Residency: 1,4
[4,420s][debug][gc,reloc       ] GC(1) Y: Life Decay Factor: 19,0
[4,420s][info ][gc,reloc       ] GC(1) Y: Using tenuring threshold: 2 (Computed)
[4,420s][debug][gc,task        ] GC(1) Y: Executing ZRelocationSetInstallTask using ZWorkerYoung with 5 workers
[4,420s][debug][gc,nmethod     ] Register NMethod: java.util.BitSet.set (0x00007943f8491a88) [0x00007943f8491b80, 0x00007943f8492ac8] Compiler: c1, Barriers: 1, Oops: 1, ImmediateOops: 2, NonImmediateOops: No
[4,423s][debug][gc,task        ] GC(1) Y: Executing ZPromotePagesTask using ZWorkerYoung with 5 workers
[4,423s][debug][gc,task        ] GC(1) Y: Executing ZPromotePagesTask using ZWorkerYoung with 5 workers
[4,423s][debug][gc,task        ] GC(1) Y: Executing ZPromotePagesTask using ZWorkerYoung with 5 workers
[4,423s][info ][gc,phases      ] GC(1) Y: Concurrent Select Relocation Set 3,486ms
[4,424s][debug][gc,reloc       ] Synchronize all workers 1 _nworkers: 0 _nsynchronized: 0
[4,424s][debug][gc,reloc       ] Synchronize all workers 1 _nworkers: 0 _nsynchronized: 0
[4,424s][debug][gc,phases,start] GC(1) Y: Pause Relocate Start
[4,424s][debug][gc,reloc       ] GC(1) Y: Joining workers: 5
[4,424s][info ][gc,phases      ] GC(1) Y: Pause Relocate Start 0,032ms
[4,424s][debug][gc,reloc       ] Desynchronize all workers _nworkers: 0 _nsynchronized: 0
[4,424s][debug][gc,reloc       ] Desynchronize all workers _nworkers: 5 _nsynchronized: 0
[4,424s][debug][gc,phases,start] GC(1) Y: Concurrent Relocate
[4,424s][debug][gc,task        ] GC(1) Y: Executing ZRelocateStoreBufferInstallBasePointersTask using ZWorkerYoung with 5 workers
[4,424s][debug][gc,task        ] GC(1) Y: Executing ZRelocateTask using ZWorkerYoung with 5 workers
[4,438s][debug][gc,alloc       ] Mutator Allocation Rate: 432,0MB/s Predicted: 449,5MB/s, Avg: 318,4(+/-74,4)MB/s
[4,446s][debug][gc,nmethod     ] Register NMethod: it.unimi.dsi.fastutil.ints.Int2LongOpenHashMap.put (0x0000794416f0c608) [0x0000794416f0c700, 0x0000794416f0d230] Compiler: jvmci, Barriers: 10, Oops: 1, ImmediateOops: 0, NonImmediateOops: No
[4,450s][debug][gc,reloc       ] GC(1) Y: Leaving workers: left: 4 _synchronize: 0 _nsynchronized: 0
[4,450s][debug][gc,reloc       ] GC(1) Y: Leaving workers: left: 3 _synchronize: 0 _nsynchronized: 0
[4,450s][debug][gc,reloc       ] GC(1) Y: Leaving workers: left: 2 _synchronize: 0 _nsynchronized: 0
[4,451s][debug][gc,reloc       ] GC(1) Y: Leaving workers: left: 1 _synchronize: 0 _nsynchronized: 0
[4,451s][debug][gc,reloc       ] GC(1) Y: Leaving workers: left: 0 _synchronize: 0 _nsynchronized: 0
[4,451s][debug][gc,phases,start] GC(1) Y: Concurrent Relocate Remset FP
[4,451s][debug][gc,task        ] GC(1) Y: Executing ZRelocateAddRemsetForFlipPromoted using ZWorkerYoung with 5 workers
[4,451s][debug][gc,phases      ] GC(1) Y: Concurrent Relocate Remset FP 0,070ms
[4,451s][info ][gc,phases      ] GC(1) Y: Concurrent Relocate 27,396ms
[4,451s][debug][gc,heap        ] GC(1) Y: Heap After GC invocations=2 (full 2):
[4,451s][debug][gc,heap        ] GC(1) Y:  ZHeap           used 506M, capacity 5120M, max capacity 12288M
[4,451s][debug][gc,heap        ] GC(1) Y:   Cache          4614M (10)
[4,451s][debug][gc,heap        ] GC(1) Y:    size classes  2M (3), 8M (1), 16M (1), 128M (2), 256M (2), 2G (1)
[4,451s][debug][gc,metaspace   ] GC(1) Y: Metaspace After GC invocations=2 (full 2):
[4,451s][debug][gc,metaspace   ] GC(1) Y:  Metaspace       used 35354K, committed 35840K, reserved 1114112K
[4,451s][debug][gc,metaspace   ] GC(1) Y:   class space    used 3091K, committed 3328K, reserved 1048576K
[4,451s][info ][gc,alloc       ] GC(1) Y:                         Mark Start        Mark End      Relocate Start    Relocate End   
[4,451s][info ][gc,alloc       ] GC(1) Y: Allocation Stalls:          0                0                0                0         
[4,451s][info ][gc,load        ] GC(1) Y: Load: 3,06 (15%) / 2,22 (11%) / 2,07 (10%)
[4,451s][info ][gc,mmu         ] GC(1) Y: MMU: 2ms/95,0%, 5ms/98,0%, 10ms/99,0%, 20ms/99,3%, 50ms/99,6%, 100ms/99,8%
[4,451s][info ][gc,marking     ] GC(1) Y: Mark: 4 stripe(s), 10 proactive flush(es), 1 terminate flush(es), 0 completion(s), 0 continuation(s) 
[4,451s][info ][gc,nmethod     ] GC(1) Y: NMethods: 5935 registered, 0 unregistered
[4,451s][info ][gc,metaspace   ] GC(1) Y: Metaspace: 34M used, 35M committed, 1088M reserved
[4,451s][info ][gc,reloc       ] GC(1) Y:                        Candidates     Selected     In-Place         Size        Empty    Relocated 
[4,451s][info ][gc,reloc       ] GC(1) Y: Small Pages:                  584          444            0        1168M          12M          71M 
[4,451s][info ][gc,reloc       ] GC(1) Y: Medium Pages:                   2            1            0          64M           0M           3M 
[4,451s][info ][gc,reloc       ] GC(1) Y: Large Pages:                    0            0            0           0M           0M           0M 
[4,451s][info ][gc,reloc       ] GC(1) Y: Forwarding Usage: 32M
[4,451s][info ][gc,reloc       ] GC(1) Y: Age Table:
[4,451s][info ][gc,reloc       ] GC(1) Y:                    Live             Garbage             Small              Medium             Large        
[4,451s][info ][gc,reloc       ] GC(1) Y: Eden             244M (2%)          939M (8%)         576 / 441            1 / 0              0 / 0        
[4,451s][info ][gc,reloc       ] GC(1) Y: Survivor 1        12M (0%)           35M (0%)           8 / 3              1 / 1              0 / 0        
[4,451s][info ][gc,heap        ] GC(1) Y: Min Capacity: 5120M(42%)
[4,451s][info ][gc,heap        ] GC(1) Y: Max Capacity: 12288M(100%)
[4,451s][info ][gc,heap        ] GC(1) Y: Soft Max Capacity: 12288M(100%)
[4,451s][info ][gc,heap        ] GC(1) Y: Heap Statistics:
[4,451s][info ][gc,heap        ] GC(1) Y:                Mark Start          Mark End        Relocate Start      Relocate End           High               Low         
[4,451s][info ][gc,heap        ] GC(1) Y:  Capacity:     5120M (42%)        5120M (42%)        5120M (42%)        5120M (42%)        5120M (42%)        5120M (42%)    
[4,451s][info ][gc,heap        ] GC(1) Y:      Free:    11056M (90%)       10952M (89%)       10962M (89%)       11782M (96%)       11782M (96%)       10888M (89%)    
[4,451s][info ][gc,heap        ] GC(1) Y:      Used:     1232M (10%)        1336M (11%)        1326M (11%)         506M (4%)         1400M (11%)         506M (4%)     
[4,451s][info ][gc,heap        ] GC(1) Y: Young Generation Statistics:
[4,451s][info ][gc,heap        ] GC(1) Y:                Mark Start          Mark End        Relocate Start      Relocate End    
[4,451s][info ][gc,heap        ] GC(1) Y:      Used:     1232M (10%)        1336M (11%)        1326M (11%)         506M (4%)     
[4,451s][info ][gc,heap        ] GC(1) Y:      Live:         -               257M (2%)          257M (2%)          257M (2%)     
[4,451s][info ][gc,heap        ] GC(1) Y:   Garbage:         -               974M (8%)          962M (8%)            1M (0%)     
[4,451s][info ][gc,heap        ] GC(1) Y: Allocated:         -               104M (1%)          106M (1%)          247M (2%)     
[4,451s][info ][gc,heap        ] GC(1) Y: Reclaimed:         -                  -                12M (0%)          973M (8%)     
[4,451s][info ][gc,heap        ] GC(1) Y:  Promoted:         -                  -                 0M (0%)            0M (0%)     
[4,451s][info ][gc,heap        ] GC(1) Y: Compacted:         -                  -                  -                90M (1%)     
[4,451s][info ][gc,phases      ] GC(1) Y: Young Generation 1232M(10%)->506M(4%) 0,156s
[4,451s][debug][gc,heap        ] GC(1) O: Heap Before GC invocations=2 (full 2):
[4,451s][debug][gc,heap        ] GC(1) O:  ZHeap           used 506M, capacity 5120M, max capacity 12288M
[4,451s][debug][gc,heap        ] GC(1) O:   Cache          4614M (10)
[4,451s][debug][gc,heap        ] GC(1) O:    size classes  2M (3), 8M (1), 16M (1), 128M (2), 256M (2), 2G (1)
[4,451s][debug][gc,metaspace   ] GC(1) O: Metaspace Before GC invocations=2 (full 2):
[4,451s][debug][gc,metaspace   ] GC(1) O:  Metaspace       used 35354K, committed 35840K, reserved 1114112K
[4,451s][debug][gc,metaspace   ] GC(1) O:   class space    used 3091K, committed 3328K, reserved 1048576K
[4,451s][info ][gc,phases      ] GC(1) O: Old Generation
[4,451s][debug][gc,phases,start] GC(1) O: Concurrent Mark
[4,451s][debug][gc,phases,start] GC(1) O: Concurrent Mark Roots
[4,451s][debug][gc,task        ] GC(1) O: Executing ZMarkOldRootsTask using ZWorkerOld with 3 workers
[4,452s][debug][gc,tlab        ] GC(1) O: TLAB totals: thrds: 23  refills: 318 max: 296 slow allocs: 50 max 50 waste:  5,3% gc: 4132008B max: 261816B slow: 230896B max: 230896B
[4,452s][debug][gc,phases      ] GC(1) O: Concurrent Mark Roots 0,183ms
[4,452s][debug][gc,phases,start] GC(1) O: Concurrent Mark Follow
[4,452s][debug][gc,marking     ] GC(1) O: Using 2 mark stripes
[4,452s][debug][gc,task        ] GC(1) O: Executing ZMarkTask using ZWorkerOld with 3 workers
[4,452s][debug][gc,marking     ] GC(1) O: Using 1 mark stripes
[4,452s][debug][gc,phases      ] GC(1) O: Concurrent Mark Follow 0,366ms
[4,452s][info ][gc,phases      ] GC(1) O: Concurrent Mark 0,580ms
[4,452s][debug][gc,reloc       ] Synchronize all workers 1 _nworkers: 0 _nsynchronized: 0
[4,452s][debug][gc,reloc       ] Synchronize all workers 1 _nworkers: 0 _nsynchronized: 0
[4,452s][debug][gc,phases,start] GC(1) O: Pause Mark End
[4,452s][info ][gc,phases      ] GC(1) O: Pause Mark End 0,022ms
[4,452s][debug][gc,reloc       ] Desynchronize all workers _nworkers: 0 _nsynchronized: 0
[4,452s][debug][gc,reloc       ] Desynchronize all workers _nworkers: 0 _nsynchronized: 0
[4,452s][debug][gc,phases,start] GC(1) O: Concurrent Mark Free
[4,452s][info ][gc,phases      ] GC(1) O: Concurrent Mark Free 0,018ms
[4,452s][debug][gc,phases,start] GC(1) O: Concurrent Process Non-Strong
[4,452s][debug][gc,phases,start] GC(1) O: Concurrent References Process
[4,452s][debug][gc,task        ] GC(1) O: Executing ZReferenceProcessorTask using ZWorkerOld with 3 workers
[4,452s][debug][gc,phases      ] GC(1) O: Concurrent References Process 0,035ms
[4,452s][debug][gc,task        ] GC(1) O: Executing ZProcessWeakRootsTask using ZWorkerOld with 3 workers
[4,453s][debug][gc,phases,start] GC(1) O: Concurrent Classes Unlink
[4,453s][debug][gc,phases,start] GC(1) O: ClassLoaderData
[4,453s][debug][gc,phases      ] GC(1) O: ClassLoaderData 0,012ms
[4,453s][debug][gc,phases,start] GC(1) O: Trigger cleanups
[4,453s][debug][gc,phases      ] GC(1) O: Trigger cleanups 0,005ms
[4,453s][debug][gc,task        ] GC(1) O: Executing ZNMethodUnlinkTask using ZWorkerOld with 3 workers
[4,453s][debug][gc,nmethod     ] GC(1) O: Unregister NMethod: io.sirix.access.trx.node.xml.XmlNodeTrxImpl.adaptForInsert (0x0000794416d2ea88) [0x0000794416d2eb80, 0x0000794416d34148] 
[4,453s][debug][gc,nmethod     ] GC(1) O: Unregister NMethod: io.sirix.access.trx.page.NodePageTrx.prepareRecordPage (0x0000794416ce4508) [0x0000794416ce4600, 0x0000794416ce5188] 
[4,453s][debug][gc,nmethod     ] GC(1) O: Unregister NMethod: jdk.internal.foreign.ArenaImpl.<init> (0x00007943f7b65d88) [0x00007943f7b65e80, 0x00007943f7b66260] 
[4,453s][debug][gc,nmethod     ] GC(1) O: Unregister NMethod: jdk.xml.internal.XMLLimitAnalyzer.addValue (0x00007943f7be7788) [0x00007943f7be78a0, 0x00007943f7bea9c0] 
[4,453s][debug][gc,nmethod     ] GC(1) O: Unregister NMethod: java.nio.Buffer.remaining (0x00007943f75b3b88) [0x00007943f75b3c80, 0x00007943f75b3df0] 
[4,453s][debug][gc,nmethod     ] GC(1) O: Unregister NMethod: java.lang.ref.Cleaner.register (0x00007943f7508988) [0x00007943f7508a80, 0x00007943f7508f98] 
[4,453s][debug][gc,nmethod     ] GC(1) O: Unregister NMethod: io.sirix.access.trx.node.AbstractNodeHashing.rollingAdd (0x0000794416d13d88) [0x0000794416d13e80, 0x0000794416d24a18] 
[4,453s][debug][gc,nmethod     ] GC(1) O: Unregister NMethod: io.sirix.access.trx.node.AbstractNodeReadOnlyTrx.getFirstChildKey (0x00007943f81dd588) [0x00007943f81dd680, 0x00007943f81dd8a8] 
[4,453s][debug][gc,nmethod     ] GC(1) O: Unregister NMethod: jdk.internal.foreign.SegmentBulkOperations.copy (0x00007943f7de5908) [0x00007943f7de5a00, 0x00007943f7df5ec0] 
[4,453s][debug][gc,nmethod     ] GC(1) O: Unregister NMethod: net.jpountz.util.SafeUtils.readIntLE (0x00007943f7f33d08) [0x00007943f7f33e00, 0x00007943f7f33f98] 
[4,453s][debug][gc,nmethod     ] GC(1) O: Unregister NMethod: java.net.URL.<init> (0x00007943f75c8688) [0x00007943f75c8780, 0x00007943f75cee98] 
[4,453s][debug][gc,nmethod     ] GC(1) O: Unregister NMethod: io.sirix.node.xml.AbstractStructForwardingNode.setFirstChildKey (0x00007943f7da0e88) [0x00007943f7da0f80, 0x00007943f7da10b8] 
[4,453s][debug][gc,nmethod     ] GC(1) O: Unregister NMethod: com.sun.org.apache.xerces.internal.impl.XMLDocumentFragmentScannerImpl.scanDocument (0x00007943f7dc7188) [0x00007943f7dc7280, 0x00007943f7dc9e78] 
[4,453s][debug][gc,nmethod     ] GC(1) O: Unregister NMethod: io.sirix.node.xml.ElementNode.hasRightSibling (0x00007943f7c01208) [0x00007943f7c01300, 0x00007943f7c06738] 
[4,453s][debug][gc,nmethod     ] GC(1) O: Unregister NMethod: io.sirix.node.xml.ElementNode.hasLeftSibling (0x00007943f80ec688) [0x00007943f80ec780, 0x00007943f80f1bb8] 
[4,453s][debug][gc,nmethod     ] GC(1) O: Unregister NMethod: net.openhft.hashing.XXH3.XXH3_avalanche (0x00007943f7b7c588) [0x00007943f7b7c680, 0x00007943f7b7c790] 
[4,453s][debug][gc,nmethod     ] GC(1) O: Unregister NMethod: io.sirix.node.MemorySegmentBytesIn.read (0x00007943f7f7a408) [0x00007943f7f7a500, 0x00007943f7f80ff8] 
[4,453s][debug][gc,nmethod     ] GC(1) O: Unregister NMethod: io.sirix.query.node.SubtreeBuilder.text (0x00007943f7c13e88) [0x00007943f7c13f80, 0x00007943f7c14918] 
[4,453s][debug][gc,nmethod     ] GC(1) O: Unregister NMethod: sun.security.provider.DigestBase.engineUpdate (0x00007943f8150d88) [0x00007943f8150e80, 0x00007943f8151568] 
[4,453s][debug][gc,nmethod     ] GC(1) O: Unregister NMethod: io.sirix.page.KeyValueLeafPage.addReferences (0x00007943f8085e08) [0x00007943f8085f00, 0x00007943f80870a0] 
[4,453s][debug][gc,nmethod     ] GC(1) O: Unregister NMethod: io.sirix.axis.filter.PathNameFilter.<init> (0x00007943f7c61308) [0x00007943f7c61400, 0x00007943f7c63088] 
[4,453s][debug][gc,nmethod     ] GC(1) O: Unregister NMethod: jdk.internal.foreign.AbstractMemorySegmentImpl$$Lambda/0x00000000a9220120.apply (0x00007943f7e58c88) [0x00007943f7e58d80, 0x00007943f7e58f60] 
[4,453s][debug][gc,nmethod     ] GC(1) O: Unregister NMethod: io.sirix.node.xml.TextNode.getKind (0x00007943f7e44e08) [0x00007943f7e44f00, 0x00007943f7e45008] 
[4,453s][debug][gc,nmethod     ] GC(1) O: Unregister NMethod: java.nio.MappedByteBuffer.position (0x00007943f7bba388) [0x00007943f7bba480, 0x00007943f7bba840] 
[4,453s][debug][gc,nmethod     ] GC(1) O: Unregister NMethod: java.lang.String.<init> (0x00007943f7cb7488) [0x00007943f7cb7580, 0x00007943f7cb77a8] 
[4,453s][debug][gc,nmethod     ] GC(1) O: Unregister NMethod: com.sun.org.apache.xerces.internal.impl.XMLNSDocumentScannerImpl.next (0x00007943f80cc688) [0x00007943f80cc780, 0x00007943f80ccc50] 
[4,453s][debug][gc,nmethod     ] GC(1) O: Unregister NMethod: jdk.internal.foreign.AbstractMemorySegmentImpl.asSlice (0x00007943f7759c08) [0x00007943f7759d00, 0x00007943f7759ff8] 
[4,453s][debug][gc,nmethod     ] GC(1) O: Unregister NMethod: jdk.internal.classfile.impl.BufWriterImpl.setLabelContext (0x00007943f75b3e88) [0x00007943f75b3f80, 0x00007943f75b40f8] 
[4,453s][debug][gc,nmethod     ] GC(1) O: Unregister NMethod: org.magicwerk.brownies.collections.GapList.get (0x00007943f7af8c88) [0x00007943f7af8d80, 0x00007943f7afa778] 
[4,453s][debug][gc,nmethod     ] GC(1) O: Unregister NMethod: io.sirix.node.MemorySegmentBytesOut.writePosition (0x00007943f7dd6d08) [0x00007943f7dd6e00, 0x00007943f7dd6fb0] 
[4,453s][debug][gc,nmethod     ] GC(1) O: Unregister NMethod: jdk.internal.misc.Unsafe.weakCompareAndSetInt (0x00007943f775ef08) [0x00007943f775f000, 0x00007943f775f118] 
[4,453s][debug][gc,nmethod     ] GC(1) O: Unregister NMethod: io.sirix.node.NodeSerializerImpl.serialize (0x00007943f7ddeb88) [0x00007943f7ddec80, 0x00007943f7ddf6a0] 
[4,453s][debug][gc,nmethod     ] GC(1) O: Unregister NMethod: io.sirix.access.trx.node.xml.XmlNodeReadOnlyTrxImpl.getResourceSession (0x00007943f7b9e488) [0x00007943f7b9e580, 0x00007943f7b9ebf8] 
[4,453s][debug][gc,nmethod     ] GC(1) O: Unregister NMethod: jdk.internal.classfile.impl.DirectCodeBuilder$4.writeBody (0x00007943f76cec08) [0x00007943f76ced00, 0x00007943f76d2ce8] 
[4,453s][debug][gc,nmethod     ] GC(1) O: Unregister NMethod: io.sirix.node.xml.ElementNode.<init> (0x00007943f8034188) [0x00007943f8034280, 0x00007943f8034580] 
[4,453s][debug][gc,nmethod     ] GC(1) O: Unregister NMethod: java.lang.StringLatin1.compareTo (0x00007943f77aea88) [0x00007943f77aeb80, 0x00007943f77aecb0] 
[4,453s][debug][gc,nmethod     ] GC(1) O: Unregister NMethod: io.sirix.page.KeyValueLeafPage.setData (0x00007943f7e36f08) [0x00007943f7e37000, 0x00007943f7e40de0] 
[4,454s][debug][gc,nmethod     ] GC(1) O: Unregister NMethod: com.sun.org.apache.xerces.internal.impl.XMLEntityScanner.checkBeforeLoad (0x00007943f7b10e88) [0x00007943f7b10f80, 0x00007943f7b114d8] 
[4,454s][debug][gc,nmethod     ] GC(1) O: Unregister NMethod: io.sirix.page.KeyValueLeafPage.setData (0x00007943f7fecb08) [0x00007943f7fecc00, 0x00007943f8032380] 
[4,454s][debug][gc,nmethod     ] GC(1) O: Unregister NMethod: io.sirix.node.xml.AbstractStructForwardingNode.getRightSiblingKey (0x00007943f7c0f008) [0x00007943f7c0f100, 0x00007943f7c0f430] 
[4,454s][debug][gc,nmethod     ] GC(1) O: Unregister NMethod: io.sirix.node.NullNode.<init> (0x00007943f7dbd888) [0x00007943f7dbd980, 0x00007943f7dbdbf0] 
[4,454s][debug][gc,nmethod     ] GC(1) O: Unregister NMethod: io.sirix.access.trx.page.NodePageReadOnlyTrx.getPathSummaryPage (0x00007943f7da8b88) [0x00007943f7da8c80, 0x00007943f7da9c58] 
[4,454s][debug][gc,nmethod     ] GC(1) O: Unregister NMethod: io.sirix.utils.XMLToken.isNCChar (0x0000794416cf1308) [0x0000794416cf1400, 0x0000794416cf14e0] 
[4,454s][debug][gc,nmethod     ] GC(1) O: Unregister NMethod: io.sirix.page.UberPage.getPageCountExp (0x00007943f7f30988) [0x00007943f7f30a80, 0x00007943f7f30d10] 
[4,454s][debug][gc,nmethod     ] GC(1) O: Unregister NMethod: io.sirix.node.json.JsonNodeSerializer.writeEndPadding (0x00007943f7dd7988) [0x00007943f7dd7a80, 0x00007943f7dd7d20] 
[4,454s][debug][gc,nmethod     ] GC(1) O: Unregister NMethod: jdk.internal.classfile.impl.SplitConstantPool.utf8Entry (0x00007943f74e8488) [0x00007943f74e8580, 0x00007943f74e8878] 
[4,454s][debug][gc,nmethod     ] GC(1) O: Unregister NMethod: io.sirix.node.MemorySegmentBytesIn.readInt (0x00007943f7f28308) [0x00007943f7f28400, 0x00007943f7f28a18] 
[4,454s][debug][gc,nmethod     ] GC(1) O: Unregister NMethod: java.util.concurrent.locks.ReentrantLock$NonfairSync.initialTryLock (0x00007943f75e5a88) [0x00007943f75e5b80, 0x00007943f75e6870] 
[4,454s][debug][gc,nmethod     ] GC(1) O: Unregister NMethod: jdk.internal.foreign.MemorySessionImpl.addInternal (0x0000794416d08908) [0x0000794416d08a00, 0x0000794416d08eb8] 
[4,454s][debug][gc,nmethod     ] GC(1) O: Unregister NMethod: io.sirix.node.NodeSerializerImpl.serializeDeweyID (0x00007943f7eb0b08) [0x00007943f7eb0c00, 0x00007943f7eb11e8] 
[4,454s][debug][gc,nmethod     ] GC(1) O: Unregister NMethod: io.sirix.access.trx.node.AbstractDeweyIDManager.newFirstChildID (0x00007943f7cc8608) [0x00007943f7cc8700, 0x00007943f7ccb5e0] 
[4,454s][debug][gc,nmethod     ] GC(1) O: Unregister NMethod: java.util.concurrent.ConcurrentHashMap.replaceNode (0x00007943f7f17e88) [0x00007943f7f17f80, 0x00007943f7f18ec8] 
[4,454s][debug][gc,nmethod     ] GC(1) O: Unregister NMethod: io.sirix.index.name.Names.getName (0x00007943f7f3d288) [0x00007943f7f3d380, 0x00007943f7f3d608] 
[4,454s][debug][gc,nmethod     ] GC(1) O: Unregister NMethod: java.util.concurrent.atomic.AtomicInteger.incrementAndGet (0x00007943f7f15208) [0x00007943f7f15300, 0x00007943f7f15410] 
[4,454s][debug][gc,nmethod     ] GC(1) O: Unregister NMethod: io.brackit.query.node.parser.SAX2SubtreeHandlerAdapter$TrimmingStringBuilder.toString (0x00007943f7c13b88) [0x00007943f7c13c80, 0x00007943f7c13e60] 
[4,454s][debug][gc,nmethod     ] GC(1) O: Unregister NMethod: java.lang.foreign.MemorySegment.copy (0x00007943f7b42f88) [0x00007943f7b43080, 0x00007943f7b4b070] 
[4,454s][debug][gc,nmethod     ] GC(1) O: Unregister NMethod: io.sirix.node.SirixDeweyID.<init> (0x00007943f7cccb08) [0x00007943f7cccc00, 0x00007943f7ccd068] 
[4,454s][debug][gc,nmethod     ] GC(1) O: Unregister NMethod: java.util.ArrayList.getFirst (0x00007943f7b1a188) [0x00007943f7b1a280, 0x00007943f7b1a580] 
[4,454s][debug][gc,nmethod     ] GC(1) O: Unregister NMethod: io.sirix.query.node.XmlDBNode.<init> (0x0000794416d11e88) [0x0000794416d11f80, 0x0000794416d12a18] 
[4,454s][debug][gc,nmethod     ] GC(1) O: Unregister NMethod: io.sirix.page.KeyValueLeafPage.processEntries (0x00007943f813c688) [0x00007943f813c780, 0x00007943f8150d08] 
[4,454s][debug][gc,nmethod     ] GC(1) O: Unregister NMethod: com.sun.org.apache.xerces.internal.impl.XMLEntityScanner.scanContent (0x00007943f7b27f88) [0x00007943f7b28080, 0x00007943f7b29038] 
[4,454s][debug][gc,nmethod     ] GC(1) O: Unregister NMethod: it.unimi.dsi.fastutil.ints.Int2IntOpenHashMap.find (0x00007943f7c2d488) [0x00007943f7c2d580, 0x00007943f7c2d9e8] 
[4,454s][debug][gc,nmethod     ] GC(1) O: Unregister NMethod: java.util.BitSet.checkRange (0x00007943f7b13708) [0x00007943f7b13800, 0x00007943f7b16188] 
[4,454s][debug][gc,nmethod     ] GC(1) O: Unregister NMethod: io.sirix.page.KeyValueLeafPage.setSlot (0x00007943f7dd9c08) [0x00007943f7dd9d00, 0x00007943f7dd9ea8] 
[4,454s][debug][gc,nmethod     ] GC(1) O: Unregister NMethod: io.sirix.access.trx.page.NodePageTrx$$Lambda/0x00000000a928fa18.apply (0x00007943f7f53008) [0x00007943f7f53100, 0x00007943f7f534c8] 
[4,454s][debug][gc,nmethod     ] GC(1) O: Unregister NMethod: io.sirix.access.trx.node.AbstractNodeReadOnlyTrx.moveToParent (0x00007943f7fd8388) [0x00007943f7fd8480, 0x00007943f7fd8ce0] 
[4,454s][debug][gc,nmethod     ] GC(1) O: Unregister NMethod: io.sirix.node.xml.TextNode.hasRightSibling (0x00007943f7f9fc08) [0x00007943f7f9fd00, 0x00007943f7fa5138] 
[4,454s][debug][gc,nmethod     ] GC(1) O: Unregister NMethod: io.sirix.access.trx.page.NodePageTrx.lambda$getPageContainer$0 (0x00007943f81a8288) [0x00007943f81a8380, 0x00007943f81a9278] 
[4,454s][debug][gc,nmethod     ] GC(1) O: Unregister NMethod: io.sirix.node.SirixDeweyID.getDivisionBits (0x00007943f7e2f588) [0x00007943f7e2f680, 0x00007943f7e2fc18] 
[4,454s][debug][gc,nmethod     ] GC(1) O: Unregister NMethod: com.sun.org.apache.xerces.internal.impl.XMLEntityScanner.scanLiteral (0x00007943f7d37c88) [0x00007943f7d37d80, 0x00007943f7d38fc8] 
[4,454s][debug][gc,nmethod     ] GC(1) O: Unregister NMethod: java.util.BitSet.nextSetBit (0x00007943f7f78f88) [0x00007943f7f79080, 0x00007943f7f7a070] 
[4,454s][debug][gc,nmethod     ] GC(1) O: Unregister NMethod: jdk.internal.foreign.Utils.checkElementAlignment (0x00007943f7a60f88) [0x00007943f7a61080, 0x00007943f7a61728] 
[4,454s][debug][gc,nmethod     ] GC(1) O: Unregister NMethod: java.util.concurrent.ForkJoinPool.deactivate (0x00007943f7f99a88) [0x00007943f7f99b80, 0x00007943f7f9a628] 
[4,454s][debug][gc,nmethod     ] GC(1) O: Unregister NMethod: io.sirix.page.KeyValueLeafPage.isSlotSet (0x00007943f785db88) [0x00007943f785dc80, 0x00007943f785de28] 
[4,454s][debug][gc,nmethod     ] GC(1) O: Unregister NMethod: java.util.BitSet.and (0x00007943f8083d08) [0x00007943f8083e00, 0x00007943f8084250] 
[4,454s][debug][gc,nmethod     ] GC(1) O: Unregister NMethod: io.sirix.axis.pathsummary.LevelOrderSettingInMemoryInstancesAxis.nextNode (0x00007943f7f48688) [0x00007943f7f48780, 0x00007943f7f49878] 
[4,454s][debug][gc,nmethod     ] GC(1) O: Unregister NMethod: io.sirix.access.trx.page.NodePageTrx.getName (0x00007943f7f40708) [0x00007943f7f40800, 0x00007943f7f40f90] 
[4,454s][debug][gc,nmethod     ] GC(1) O: Unregister NMethod: io.sirix.page.KeyValueLeafPage.getDeweyId (0x00007943f7a2a988) [0x00007943f7a2aa80, 0x00007943f7a2fb38] 
[4,454s][debug][gc,nmethod     ] GC(1) O: Unregister NMethod: io.sirix.node.MemorySegmentBytesOut.writePosition (0x00007943f7dd9908) [0x00007943f7dd9a00, 0x00007943f7dd9b38] 
[4,454s][debug][gc,nmethod     ] GC(1) O: Unregister NMethod: sun.security.provider.SHA2.implCompress0 (0x00007943f7e06d88) [0x00007943f7e06e80, 0x00007943f7e07e20] 
[4,454s][debug][gc,nmethod     ] GC(1) O: Unregister NMethod: java.io.UnixFileSystem.resolve (0x00007943f76e9c88) [0x00007943f76e9d80, 0x00007943f76ed210] 
[4,454s][debug][gc,nmethod     ] GC(1) O: Unregister NMethod: com.sun.org.apache.xerces.internal.impl.XMLEntityScanner.skipSpaces (0x00007943f7b99688) [0x00007943f7b99780, 0x00007943f7b9aa20] 
[4,454s][debug][gc,nmethod     ] GC(1) O: Unregister NMethod: io.sirix.utils.XMLToken.ncName (0x00007943f7dad988) [0x00007943f7dada80, 0x00007943f7daded8] 
[4,454s][debug][gc,nmethod     ] GC(1) O: Unregister NMethod: io.brackit.query.node.parser.SAX2SubtreeHandlerAdapter.characters (0x00007943f7c13108) [0x00007943f7c13200, 0x00007943f7c13520] 
[4,454s][debug][gc,nmethod     ] GC(1) O: Unregister NMethod: io.sirix.node.xml.TextNode.hasRightSibling (0x0000794416d27f08) [0x0000794416d28000, 0x0000794416d28458] 
[4,454s][debug][gc,nmethod     ] GC(1) O: Unregister NMethod: jdk.internal.foreign.MemorySessionImpl.addInternal (0x00007943f7b5d008) [0x00007943f7b5d100, 0x00007943f7b5e070] 
[4,454s][debug][gc,nmethod     ] GC(1) O: Unregister NMethod: jdk.internal.foreign.GlobalSession.acquire0 (0x00007943f7f14108) [0x00007943f7f14200, 0x00007943f7f142f8] 
[4,454s][debug][gc,nmethod     ] GC(1) O: Unregister NMethod: java.util.Objects.equals (0x00007943f740bf88) [0x00007943f740c080, 0x00007943f740c408] 
[4,454s][debug][gc,nmethod     ] GC(1) O: Unregister NMethod: io.sirix.access.trx.page.NodePageTrx.prepareRecordForModification (0x00007943f7ad8e88) [0x00007943f7ad8f80, 0x00007943f7adae08] 
[4,454s][debug][gc,nmethod     ] GC(1) O: Unregister NMethod: java.lang.Number.<init> (0x00007943f752ac08) [0x00007943f752ad00, 0x00007943f752ae58] 
[4,454s][debug][gc,nmethod     ] GC(1) O: Unregister NMethod: io.sirix.node.xml.ElementNode.hasLeftSibling (0x0000794416d8f688) [0x0000794416d8f780, 0x0000794416d8fbb8] 
[4,454s][debug][gc,nmethod     ] GC(1) O: Unregister NMethod: com.sun.org.apache.xerces.internal.util.NamespaceSupport.getURI (0x00007943f7c42808) [0x00007943f7c42900, 0x00007943f7c42bf0] 
[4,454s][debug][gc,nmethod     ] GC(1) O: Unregister NMethod: java.lang.String.indexOf (0x00007943f74dda08) [0x00007943f74ddb00, 0x00007943f74de4b8] 
[4,454s][debug][gc,nmethod     ] GC(1) O: Unregister NMethod: java.util.concurrent.atomic.AtomicInteger.decrementAndGet (0x00007943f7dc1b08) [0x00007943f7dc1c00, 0x00007943f7dc1d10] 
[4,454s][debug][gc,nmethod     ] GC(1) O: Unregister NMethod: io.sirix.page.KeyValueLeafPage.setDeweyId (0x0000794416d87288) [0x0000794416d87380, 0x0000794416d87408] 
[4,454s][debug][gc,nmethod     ] GC(1) O: Unregister NMethod: jdk.internal.foreign.GlobalSession.release0 (0x00007943f7f14408) [0x00007943f7f14500, 0x00007943f7f145f8] 
[4,454s][debug][gc,nmethod     ] GC(1) O: Unregister NMethod: java.lang.ref.Finalizer.<init> (0x00007943f7f1e188) [0x00007943f7f1e280, 0x00007943f7f1e810] 
[4,454s][debug][gc,nmethod     ] GC(1) O: Unregister NMethod: io.sirix.utils.XMLToken.isNCStartChar (0x00007943f7b16d88) [0x00007943f7b16e80, 0x00007943f7b174f0] 
[4,454s][debug][gc,nmethod     ] GC(1) O: Unregister NMethod: io.brackit.query.jdm.AbstractItem.<init> (0x00007943f7b19e88) [0x00007943f7b19f80, 0x00007943f7b1a138] 
[4,454s][debug][gc,nmethod     ] GC(1) O: Unregister NMethod: java.util.Arrays.fill (0x0000794416c75988) [0x0000794416c75a80, 0x0000794416c75c18] 
[4,454s][debug][gc,nmethod     ] GC(1) O: Unregister NMethod: it.unimi.dsi.fastutil.shorts.ShortArrayList$1.<init> (0x00007943f7f4b408) [0x00007943f7f4b500, 0x00007943f7f4b6e0] 
[4,454s][debug][gc,nmethod     ] GC(1) O: Unregister NMethod: io.sirix.access.trx.page.NodePageReadOnlyTrx.getCurrentMaxIndirectPageTreeLevel (0x00007943f7f53508) [0x00007943f7f53600, 0x00007943f7f5adc8] 
[4,454s][debug][gc,nmethod     ] GC(1) O: Unregister NMethod: jdk.internal.foreign.AbstractMemorySegmentImpl.set (0x00007943f7a98b88) [0x00007943f7a98c80, 0x00007943f7a9e200] 
[4,454s][debug][gc,nmethod     ] GC(1) O: Unregister NMethod: jdk.internal.misc.Unsafe.putReferenceOpaque (0x00007943f7f12208) [0x00007943f7f12300, 0x00007943f7f12478] 
[4,454s][debug][gc,nmethod     ] GC(1) O: Unregister NMethod: io.sirix.node.xml.AbstractStructForwardingNode.hasRightSibling (0x00007943f7be2f08) [0x00007943f7be3000, 0x00007943f7be35c8] 
[4,454s][debug][gc,nmethod     ] GC(1) O: Unregister NMethod: io.sirix.axis.ChildAxis.<init> (0x00007943f7c5c008) [0x00007943f7c5c100, 0x00007943f7c5c230] 
[4,454s][debug][gc,nmethod     ] GC(1) O: Unregister NMethod: io.sirix.access.trx.node.xml.XmlNodeFactoryImpl.createTextNode (0x00007943f7c2da08) [0x00007943f7c2db00, 0x00007943f7c2fb48] 
[4,454s][debug][gc,nmethod     ] GC(1) O: Unregister NMethod: jdk.internal.foreign.SegmentFactories$1.cleanup (0x00007943f7e04508) [0x00007943f7e04600, 0x00007943f7e047c8] 
[4,454s][debug][gc,nmethod     ] GC(1) O: Unregister NMethod: jdk.internal.foreign.NativeMemorySegmentImpl.<init> (0x00007943f782f988) [0x00007943f782fa80, 0x00007943f782ff48] 
[4,454s][debug][gc,nmethod     ] GC(1) O: Unregister NMethod: io.sirix.node.MemorySegmentBytesOut.<init> (0x00007943f7dde288) [0x00007943f7dde380, 0x00007943f7dde608] 
[4,454s][debug][gc,nmethod     ] GC(1) O: Unregister NMethod: io.sirix.node.delegates.NodeDelegate.<init> (0x00007943f7da1d08) [0x00007943f7da1e00, 0x00007943f7da20d8] 
[4,454s][debug][gc,nmethod     ] GC(1) O: Unregister NMethod: com.sun.org.apache.xerces.internal.xni.XMLString.setValues (0x00007943f7d34588) [0x00007943f7d34680, 0x00007943f7d34800] 
[4,454s][debug][gc,nmethod     ] GC(1) O: Unregister NMethod: io.sirix.node.xml.ElementNode.hasFirstChild (0x00007943f7cdcc08) [0x00007943f7cdcd00, 0x00007943f7ce2138] 
[4,454s][debug][gc,nmethod     ] GC(1) O: Unregister NMethod: io.sirix.node.xml.AttributeNode.getKind (0x00007943f7eea508) [0x00007943f7eea600, 0x00007943f7eea920] 
[4,454s][debug][gc,nmethod     ] GC(1) O: Unregister NMethod: io.sirix.page.KeyValueLeafPage.hasEnoughSpace (0x00007943f7dd7008) [0x00007943f7dd7100, 0x00007943f7dd7268] 
[4,454s][debug][gc,nmethod     ] GC(1) O: Unregister NMethod: io.sirix.access.trx.page.NodePageReadOnlyTrx.getRecord (0x00007943f7fc0d08) [0x00007943f7fc0e00, 0x00007943f7fc2838] 
[4,454s][debug][gc,nmethod     ] GC(1) O: Unregister NMethod: jdk.internal.foreign.layout.ValueLayouts$OfByteImpl.dup (0x00007943f7e5d308) [0x00007943f7e5d400, 0x00007943f7e5d5b0] 
[4,454s][debug][gc,nmethod     ] GC(1) O: Unregister NMethod: jdk.internal.foreign.ArenaImpl.allocate (0x0000794416d09908) [0x0000794416d09a00, 0x0000794416d0a338] 
[4,454s][debug][gc,nmethod     ] GC(1) O: Unregister NMethod: java.util.BitSet.flip (0x00007943f7b12f88) [0x00007943f7b13080, 0x00007943f7b13688] 
[4,454s][debug][gc,nmethod     ] GC(1) O: Unregister NMethod: jdk.internal.misc.Unsafe.copyMemory (0x00007943f7400308) [0x00007943f7400400, 0x00007943f74019c0] 
[4,454s][debug][gc,nmethod     ] GC(1) O: Unregister NMethod: io.brackit.query.atomic.Una.<init> (0x00007943f7bf2e88) [0x00007943f7bf2f80, 0x00007943f7bf32a0] 
[4,454s][debug][gc,nmethod     ] GC(1) O: Unregister NMethod: jdk.internal.foreign.layout.ValueLayouts$AbstractValueLayout.<init> (0x00007943f7e04b08) [0x00007943f7e04c00, 0x00007943f7e04fe8] 
[4,454s][debug][gc,nmethod     ] GC(1) O: Unregister NMethod: io.brackit.query.compiler.AST.getChild (0x00007943f7f8b308) [0x00007943f7f8b400, 0x00007943f7f8ca30] 
[4,454s][debug][gc,nmethod     ] GC(1) O: Unregister NMethod: jdk.internal.foreign.NativeMemorySegmentImpl.dup (0x0000794416c9e308) [0x0000794416c9e420, 0x0000794416c9e570] 
[4,454s][debug][gc,nmethod     ] GC(1) O: Unregister NMethod: jdk.internal.foreign.NativeMemorySegmentImpl.dup (0x00007943f750dc88) [0x00007943f750dd80, 0x00007943f750e378] 
[4,454s][debug][gc,nmethod     ] GC(1) O: Unregister NMethod: jdk.internal.classfile.impl.TerminalCodeBuilder.setupTopLocal (0x00007943f76c4988) [0x00007943f76c4a80, 0x00007943f76c7008] 
[4,454s][debug][gc,nmethod     ] GC(1) O: Unregister NMethod: io.sirix.access.trx.page.NodePageReadOnlyTrx.getPageReference (0x00007943f7f5e008) [0x00007943f7f5e100, 0x00007943f7f671b8] 
[4,454s][debug][gc,nmethod     ] GC(1) O: Unregister NMethod: io.sirix.page.UberPage.getPageCountExp (0x00007943f7f48008) [0x00007943f7f48100, 0x00007943f7f48648] 
[4,454s][debug][gc,nmethod     ] GC(1) O: Unregister NMethod: io.sirix.utils.XMLToken.ncName (0x0000794416d07b08) [0x0000794416d07c00, 0x0000794416d07f58] 
[4,454s][debug][gc,nmethod     ] GC(1) O: Unregister NMethod: java.util.concurrent.locks.AbstractQueuedSynchronizer.compareAndSetState (0x00007943f799da88) [0x00007943f799db80, 0x00007943f799dc98] 
[4,454s][debug][gc,nmethod     ] GC(1) O: Unregister NMethod: jdk.internal.foreign.AbstractMemorySegmentImpl.asSliceNoCheck (0x0000794416cb3c08) [0x0000794416cb3d00, 0x0000794416cb3e78] 
[4,454s][debug][gc,nmethod     ] GC(1) O: Unregister NMethod: io.sirix.axis.AbstractAxis.hasNext (0x0000794416cec908) [0x0000794416ceca00, 0x0000794416cecdc0] 
[4,454s][debug][gc,nmethod     ] GC(1) O: Unregister NMethod: io.sirix.node.NodeKind$4.serialize (0x00007943f7e4ea88) [0x00007943f7e4eb80, 0x00007943f7e52a38] 
[4,454s][debug][gc,nmethod     ] GC(1) O: Unregister NMethod: java.lang.Class.getSimpleName (0x0000794416d6bf88) [0x0000794416d6c080, 0x0000794416d6c758] 
[4,454s][debug][gc,nmethod     ] GC(1) O: Unregister NMethod: it.unimi.dsi.fastutil.longs.LongArrayList.removeLong (0x00007943f7b57b08) [0x00007943f7b57c00, 0x00007943f7b59330] 
[4,454s][debug][gc,nmethod     ] GC(1) O: Unregister NMethod: io.sirix.node.xml.TextNode.<init> (0x00007943f7c2b508) [0x00007943f7c2b600, 0x00007943f7c2be20] 
[4,454s][debug][gc,nmethod     ] GC(1) O: Unregister NMethod: io.sirix.node.NodeSerializerImpl.serializeDeweyID (0x00007943f7f0fd88) [0x00007943f7f0fe80, 0x00007943f7f10440] 
[4,454s][debug][gc,nmethod     ] GC(1) O: Unregister NMethod: io.sirix.page.KeyValueLeafPage.getDeweyId (0x00007943f7e53388) [0x00007943f7e53480, 0x00007943f7e58c30] 
[4,454s][debug][gc,nmethod     ] GC(1) O: Unregister NMethod: java.lang.Object.<init> (0x0000794416be6808) [0x0000794416be6900, 0x0000794416be6980] 
[4,455s][debug][gc,nmethod     ] GC(1) O: Unregister NMethod: io.brackit.query.node.parser.SAX2SubtreeHandlerAdapter.startElement (0x00007943f7c85708) [0x00007943f7c85800, 0x00007943f7c874f8] 
[4,455s][debug][gc,nmethod     ] GC(1) O: Unregister NMethod: io.sirix.node.NodeKind.serializeDelegateWithoutIDs (0x00007943f7e48e08) [0x00007943f7e48f00, 0x00007943f7e49188] 
[4,455s][debug][gc,nmethod     ] GC(1) O: Unregister NMethod: java.util.HashMap.put (0x00007943f7d34d88) [0x00007943f7d34e80, 0x00007943f7d35468] 
[4,455s][debug][gc,nmethod     ] GC(1) O: Unregister NMethod: jdk.internal.foreign.AbstractMemorySegmentImpl.<init> (0x00007943f748fd08) [0x00007943f748fe00, 0x00007943f748ffe0] 
[4,455s][debug][gc,nmethod     ] GC(1) O: Unregister NMethod: io.sirix.access.trx.node.AbstractNodeReadOnlyTrx.getKind (0x00007943f7b1b688) [0x00007943f7b1b780, 0x00007943f7b1bde8] 
[4,455s][debug][gc,nmethod     ] GC(1) O: Unregister NMethod: java.util.ArrayList.grow (0x00007943f767c788) [0x00007943f767c880, 0x00007943f767d0d0] 
[4,455s][debug][gc,nmethod     ] GC(1) O: Unregister NMethod: java.lang.invoke.DirectMethodHandle.internalMemberName (0x00007943f7690488) [0x00007943f7690580, 0x00007943f76908a0] 
[4,455s][debug][gc,nmethod     ] GC(1) O: Unregister NMethod: java.util.concurrent.ConcurrentLinkedDeque.linkLast (0x00007943f760e408) [0x00007943f760e500, 0x00007943f76135f8] 
[4,455s][debug][gc,nmethod     ] GC(1) O: Unregister NMethod: io.sirix.page.KeyValueLeafPage.setSlot (0x00007943f7f34008) [0x00007943f7f34100, 0x00007943f7f34288] 
[4,455s][debug][gc,nmethod     ] GC(1) O: Unregister NMethod: java.util.HashMap.putVal (0x0000794416c96788) [0x0000794416c96880, 0x0000794416c977f0] 
[4,455s][debug][gc,nmethod     ] GC(1) O: Unregister NMethod: java.util.regex.Pattern$Slice.match (0x0000794416c85288) [0x0000794416c85380, 0x0000794416c856d8] 
[4,455s][debug][gc,nmethod     ] GC(1) O: Unregister NMethod: jdk.internal.util.Preconditions.checkFromIndexSize (0x00007943f7454a88) [0x00007943f7454b80, 0x00007943f7454d18] 
[4,455s][debug][gc,nmethod     ] GC(1) O: Unregister NMethod: io.brackit.query.jdm.AbstractItem$1.close (0x00007943f7fe8608) [0x00007943f7fe8700, 0x00007943f7fe8800] 
[4,455s][debug][gc,nmethod     ] GC(1) O: Unregister NMethod: io.sirix.access.trx.node.xml.XmlNodeTrxImpl.insertElementAsRightSibling (0x00007943f7cb7808) [0x00007943f7cb7900, 0x00007943f7cbe648] 
[4,455s][debug][gc,nmethod     ] GC(1) O: Unregister NMethod: jdk.internal.foreign.AbstractMemorySegmentImpl.asSliceNoCheck (0x0000794416c9e008) [0x0000794416c9e100, 0x0000794416c9e278] 
[4,455s][debug][gc,nmethod     ] GC(1) O: Unregister NMethod: it.unimi.dsi.fastutil.HashCommon.mix (0x00007943f7acfb08) [0x00007943f7acfc00, 0x00007943f7acfcf0] 
[4,455s][debug][gc,nmethod     ] GC(1) O: Unregister NMethod: java.lang.invoke.SegmentVarHandle.offset (0x00007943f795b288) [0x00007943f795b380, 0x00007943f795b680] 
[4,455s][debug][gc,nmethod     ] GC(1) O: Unregister NMethod: io.sirix.utils.XMLToken.isNCStartChar (0x00007943f7da9c88) [0x00007943f7da9d80, 0x00007943f7daa3f0] 
[4,455s][debug][gc,nmethod     ] GC(1) O: Unregister NMethod: io.sirix.axis.AbstractAxis.<init> (0x00007943f7fbcb88) [0x00007943f7fbcc80, 0x00007943f7fbd6d0] 
[4,455s][debug][gc,nmethod     ] GC(1) O: Unregister NMethod: io.sirix.node.xml.ElementNode.setChildCount (0x00007943f7bba888) [0x00007943f7bba980, 0x00007943f7bbe4a0] 
[4,455s][debug][gc,nmethod     ] GC(1) O: Unregister NMethod: java.util.ArrayDeque.push (0x00007943f7beb808) [0x00007943f7beb900, 0x00007943f7beba48] 
[4,455s][debug][gc,nmethod     ] GC(1) O: Unregister NMethod: jdk.internal.foreign.ConfinedSession$ConfinedResourceList.add (0x00007943f7dd9008) [0x00007943f7dd9100, 0x00007943f7dd95a8] 
[4,455s][debug][gc,nmethod     ] GC(1) O: Unregister NMethod: io.brackit.query.node.parser.SAX2SubtreeHandlerAdapter.handleText (0x00007943f7c14988) [0x00007943f7c14a80, 0x00007943f7c153f0] 
[4,455s][debug][gc,nmethod     ] GC(1) O: Unregister NMethod: io.sirix.access.trx.node.AbstractNodeReadOnlyTrx.hasNode (0x0000794416d48b88) [0x0000794416d48c80, 0x0000794416d49bc0] 
[4,455s][debug][gc,nmethod     ] GC(1) O: Unregister NMethod: io.sirix.cache.LinuxMemorySegmentAllocator.partitionVirtualRegion (0x0000794416c9f988) [0x0000794416c9fa80, 0x0000794416ca0bc0] 
[4,455s][debug][gc,nmethod     ] GC(1) O: Unregister NMethod: io.sirix.node.xml.ElementNode.hasLeftSibling (0x00007943f7c06788) [0x00007943f7c06880, 0x00007943f7c0bcb8] 
[4,455s][debug][gc,nmethod     ] GC(1) O: Unregister NMethod: java.util.stream.ReferencePipeline$3.opWrapSink (0x00007943f77c9808) [0x00007943f77c9900, 0x00007943f77ca078] 
[4,455s][debug][gc,nmethod     ] GC(1) O: Unregister NMethod: jdk.internal.misc.Unsafe.checkOffset (0x00007943f795af08) [0x00007943f795b000, 0x00007943f795b260] 
[4,455s][debug][gc,nmethod     ] GC(1) O: Unregister NMethod: it.unimi.dsi.fastutil.shorts.ShortArrayList$1.<init> (0x00007943f7f36d08) [0x00007943f7f36e00, 0x00007943f7f36f80] 
[4,455s][debug][gc,nmethod     ] GC(1) O: Unregister NMethod: java.util.ArrayList.iterator (0x00007943f75c0008) [0x00007943f75c0100, 0x00007943f75c0400] 
[4,455s][debug][gc,nmethod     ] GC(1) O: Unregister NMethod: io.sirix.axis.AbstractAxis.tryToComputeNext (0x0000794416e5ff08) [0x0000794416e60000, 0x0000794416e62210] 
[4,455s][debug][gc,nmethod     ] GC(1) O: Unregister NMethod: io.sirix.utils.XMLToken.ncName (0x00007943f7c56888) [0x00007943f7c56980, 0x00007943f7c56dd8] 
[4,455s][debug][gc,nmethod     ] Register NMethod: java.nio.ByteBuffer.put (0x00007943f8492b08) [0x00007943f8492c00, 0x00007943f8493ff8] Compiler: c1, Barriers: 0, Oops: 0, ImmediateOops: 1, NonImmediateOops: No
[4,455s][debug][gc,nmethod     ] GC(1) O: Unregister NMethod: jdk.internal.misc.Unsafe.putLongUnaligned (0x0000794416caab08) [0x0000794416caac00, 0x0000794416caacc0] 
[4,455s][debug][gc,nmethod     ] GC(1) O: Unregister NMethod: jdk.internal.foreign.AbstractMemorySegmentImpl.checkAccess (0x00007943f752fc88) [0x00007943f752fd80, 0x00007943f7530590] 
[4,455s][debug][gc,nmethod     ] GC(1) O: Unregister NMethod: jdk.internal.classfile.impl.StackMapGenerator.processBlock (0x0000794416c6fb08) [0x0000794416c6fc00, 0x0000794416c71f10] 
[4,455s][debug][gc,nmethod     ] Register NMethod: io.sirix.page.PageReference.setDatabaseId (0x0000794416f0d288) [0x0000794416f0d380, 0x0000794416f0d410] Compiler: jvmci, Barriers: 0, Oops: 1, ImmediateOops: 0, NonImmediateOops: No
[4,455s][debug][gc,nmethod     ] GC(1) O: Unregister NMethod: java.util.concurrent.locks.LockSupport.setCurrentBlocker (0x00007943f7f12508) [0x00007943f7f12600, 0x00007943f7f12740] 
[4,455s][debug][gc,nmethod     ] GC(1) O: Unregister NMethod: jdk.internal.misc.Unsafe.getReferenceAcquire (0x00007943f7413608) [0x00007943f7413700, 0x00007943f7413830] 
[4,455s][debug][gc,nmethod     ] Register NMethod: io.sirix.page.PageReference.setResourceId (0x0000794416f0d588) [0x0000794416f0d680, 0x0000794416f0d710] Compiler: jvmci, Barriers: 0, Oops: 1, ImmediateOops: 0, NonImmediateOops: No
[4,455s][debug][gc,nmethod     ] GC(1) O: Unregister NMethod: jdk.internal.classfile.impl.Util.parameterSlots (0x00007943f74fb688) [0x00007943f74fb780, 0x00007943f74fbc10] 
[4,455s][debug][gc,nmethod     ] GC(1) O: Unregister NMethod: org.magicwerk.brownies.collections.IList$Iter.next (0x00007943f7f72a08) [0x00007943f7f72b00, 0x00007943f7f72e90] 
[4,455s][debug][gc,nmethod     ] GC(1) O: Unregister NMethod: io.sirix.page.PageReference.<init> (0x00007943f7f72f08) [0x00007943f7f73000, 0x00007943f7f73278] 
[4,455s][debug][gc,nmethod     ] Register NMethod: java.nio.HeapByteBuffer.put (0x00007943f8494008) [0x00007943f8494100, 0x00007943f8495738] Compiler: c1, Barriers: 5, Oops: 0, ImmediateOops: 2, NonImmediateOops: No
[4,455s][debug][gc,nmethod     ] GC(1) O: Unregister NMethod: java.nio.ByteBuffer.position (0x00007943f7768308) [0x00007943f7768400, 0x00007943f7768548] 
[4,455s][debug][gc,nmethod     ] GC(1) O: Unregister NMethod: com.sun.org.apache.xerces.internal.impl.XMLNSDocumentScannerImpl.next (0x0000794416d24d88) [0x0000794416d24e80, 0x0000794416d26b60] 
[4,455s][debug][gc,nmethod     ] GC(1) O: Unregister NMethod: io.sirix.cache.LinuxMemorySegmentAllocator.partitionVirtualRegion (0x0000794416c9e908) [0x0000794416c9ea00, 0x0000794416c9f968] 
[4,455s][debug][gc,nmethod     ] GC(1) O: Unregister NMethod: io.sirix.page.KeyValueLeafPage.getDeweyId (0x0000794416cb4508) [0x0000794416cb4600, 0x0000794416cb4738] 
[4,455s][debug][gc,nmethod     ] GC(1) O: Unregister NMethod: com.sun.org.apache.xerces.internal.impl.XMLEntityScanner.peekChar (0x0000794416cf3488) [0x0000794416cf3580, 0x0000794416cf3738] 
[4,455s][debug][gc,nmethod     ] GC(1) O: Unregister NMethod: io.sirix.access.trx.page.NodePageReadOnlyTrx.getLeafPageReference (0x00007943f7f39f88) [0x00007943f7f3a080, 0x00007943f7f3a198] 
[4,455s][debug][gc,nmethod     ] GC(1) O: Unregister NMethod: com.google.common.base.Preconditions.checkArgument (0x00007943f7ac9988) [0x00007943f7ac9a80, 0x00007943f7ac9f00] 
[4,455s][debug][gc,nmethod     ] GC(1) O: Unregister NMethod: io.sirix.page.PageReference.hashCode (0x00007943f7dc1e08) [0x00007943f7dc1f00, 0x00007943f7dc2548] 
[4,455s][debug][gc,nmethod     ] GC(1) O: Unregister NMethod: java.lang.Math.min (0x00007943f7564108) [0x00007943f7564200, 0x00007943f7564328] 
[4,455s][debug][gc,nmethod     ] GC(1) O: Unregister NMethod: io.sirix.node.GrowingMemorySegment.writeLong (0x00007943f7dd2088) [0x00007943f7dd2180, 0x00007943f7dd28b8] 
[4,455s][debug][gc,nmethod     ] GC(1) O: Unregister NMethod: jdk.internal.util.ArraysSupport.mismatch (0x00007943f77aed88) [0x00007943f77aee80, 0x00007943f77af238] 
[4,455s][debug][gc,nmethod     ] GC(1) O: Unregister NMethod: io.sirix.access.trx.node.AbstractResourceSession.getResourceConfig (0x00007943f7b0d508) [0x00007943f7b0d600, 0x00007943f7b0d8a0] 
[4,455s][debug][gc,nmethod     ] GC(1) O: Unregister NMethod: io.brackit.query.expr.PathStepExpr$SequenceContextPathStepIter.next (0x00007943f81cb008) [0x00007943f81cb100, 0x00007943f81cc220] 
[4,455s][debug][gc,nmethod     ] GC(1) O: Unregister NMethod: io.sirix.node.SirixDeweyID.getDivisionBits (0x00007943f7e2cd08) [0x00007943f7e2ce00, 0x00007943f7e2d280] 
[4,455s][debug][gc,nmethod     ] GC(1) O: Unregister NMethod: java.util.concurrent.ForkJoinPool$WorkQueue.unlockPhase (0x00007943f808fe08) [0x00007943f808ff00, 0x00007943f8090010] 
[4,455s][debug][gc,nmethod     ] GC(1) O: Unregister NMethod: jdk.internal.misc.Unsafe.allocateMemory (0x00007943f7b31008) [0x00007943f7b31100, 0x00007943f7b323b0] 
[4,455s][debug][gc,nmethod     ] GC(1) O: Unregister NMethod: io.sirix.access.trx.page.NodePageTrx.createNameKey (0x00007943f80e8c88) [0x00007943f80e8d80, 0x00007943f80ea7b8] 
[4,455s][debug][gc,nmethod     ] GC(1) O: Unregister NMethod: it.unimi.dsi.fastutil.ints.Int2LongOpenHashMap.get (0x0000794416d34208) [0x0000794416d34300, 0x0000794416d34660] 
[4,455s][debug][gc,nmethod     ] GC(1) O: Unregister NMethod: java.util.HashSet.isEmpty (0x00007943f7445808) [0x00007943f7445900, 0x00007943f7445ca8] 
[4,455s][debug][gc,nmethod     ] GC(1) O: Unregister NMethod: io.sirix.axis.AbstractAxis.<init> (0x0000794416d28a08) [0x0000794416d28b00, 0x0000794416d28ec8] 
[4,455s][debug][gc,nmethod     ] GC(1) O: Unregister NMethod: io.brackit.query.node.parser.SAX2SubtreeHandlerAdapter.endElement (0x00007943f7c9f308) [0x00007943f7c9f400, 0x00007943f7ca1058] 
[4,455s][debug][gc,nmethod     ] GC(1) O: Unregister NMethod: java.util.WeakHashMap.expungeStaleEntries (0x00007943f748ca88) [0x00007943f748cb80, 0x00007943f748d918] 
[4,455s][debug][gc,nmethod     ] GC(1) O: Unregister NMethod: io.sirix.node.xml.AbstractStructForwardingNode.getFirstChildKey (0x00007943f7c3db08) [0x00007943f7c3dc00, 0x00007943f7c3df30] 
[4,455s][debug][gc,nmethod     ] Register NMethod: java.util.concurrent.CompletableFuture.join (0x00007943f8495788) [0x00007943f8495880, 0x00007943f8495a58] Compiler: c1, Barriers: 1, Oops: 0, ImmediateOops: 1, NonImmediateOops: No
[4,455s][debug][gc,nmethod     ] GC(1) O: Unregister NMethod: com.sun.org.apache.xerces.internal.util.XMLChar.isValid (0x00007943f79ed408) [0x00007943f79ed500, 0x00007943f79ed6e8] 
[4,455s][debug][gc,nmethod     ] GC(1) O: Unregister NMethod: io.sirix.access.trx.page.NodePageReadOnlyTrx.getRecordPage (0x00007943f7f3d688) [0x00007943f7f3d780, 0x00007943f7f3ed00] 
[4,455s][debug][gc,nmethod     ] GC(1) O: Unregister NMethod: io.sirix.node.MemorySegmentBytesIn.readByte (0x00007943f7f4b708) [0x00007943f7f4b800, 0x00007943f7f4f220] 
[4,456s][debug][gc,nmethod     ] GC(1) O: Unregister NMethod: java.util.concurrent.locks.ReentrantLock.lock (0x00007943f7aa5588) [0x00007943f7aa5680, 0x00007943f7aa5e50] 
[4,456s][debug][gc,nmethod     ] Register NMethod: java.nio.ByteBuffer.putBuffer (0x00007943f8495a88) [0x00007943f8495b80, 0x00007943f8498478] Compiler: c1, Barriers: 9, Oops: 1, ImmediateOops: 6, NonImmediateOops: No
[4,456s][debug][gc,nmethod     ] GC(1) O: Unregister NMethod: io.sirix.access.trx.node.AbstractNodeReadOnlyTrx.hasNode (0x00007943f7c15b88) [0x00007943f7c15c80, 0x00007943f7c168b0] 
[4,456s][debug][gc,nmethod     ] GC(1) O: Unregister NMethod: io.sirix.axis.AbstractAxis.<init> (0x00007943f7be3c88) [0x00007943f7be3d80, 0x00007943f7be47d0] 
[4,456s][debug][gc,nmethod     ] GC(1) O: Unregister NMethod: io.sirix.access.trx.node.xml.XmlNodeReadOnlyTrxImpl.isElement (0x00007943f7cc1e08) [0x00007943f7cc1f00, 0x00007943f7cc29a8] 
[4,456s][debug][gc,nmethod     ] GC(1) O: Unregister NMethod: io.sirix.node.NodeSerializerImpl.serialize (0x00007943f7dd7d88) [0x00007943f7dd7e80, 0x00007943f7dd80d8] 
[4,456s][debug][gc,nmethod     ] GC(1) O: Unregister NMethod: io.sirix.access.trx.page.NodePageTrx.createNameKey (0x00007943f7c39888) [0x00007943f7c39980, 0x00007943f7c3b3e0] 
[4,456s][debug][gc,nmethod     ] GC(1) O: Unregister NMethod: java.lang.Long.numberOfTrailingZeros (0x00007943f7f29b08) [0x00007943f7f29c00, 0x00007943f7f29d50] 
[4,456s][debug][gc,nmethod     ] GC(1) O: Unregister NMethod: io.sirix.node.xml.AttributeNode.<init> (0x00007943f7d55f88) [0x00007943f7d56080, 0x00007943f7d566f0] 
[4,456s][debug][gc,nmethod     ] Register NMethod: java.util.concurrent.ConcurrentHashMap.computeIfPresent (0x00007943f8498488) [0x00007943f8498580, 0x00007943f849aac0] Compiler: c1, Barriers: 17, Oops: 0, ImmediateOops: 1, NonImmediateOops: No
[4,456s][debug][gc,nmethod     ] GC(1) O: Unregister NMethod: java.util.HashMap.afterNodeAccess (0x00007943f78d0588) [0x00007943f78d0680, 0x00007943f78d0780] 
[4,456s][debug][gc,nmethod     ] GC(1) O: Unregister NMethod: io.sirix.access.trx.node.AbstractNodeTrxImpl.intermediateCommitIfRequired (0x00007943f7b90888) [0x00007943f7b90980, 0x00007943f7b916f8] 
[4,456s][debug][gc,nmethod     ] GC(1) O: Unregister NMethod: io.sirix.axis.filter.FilterAxis.nextKey (0x00007943f7f9cd88) [0x00007943f7f9ce80, 0x00007943f7f9e490] 
[4,456s][debug][gc,nmethod     ] GC(1) O: Unregister NMethod: io.sirix.node.SirixDeweyID.newBetween (0x00007943f7c0f488) [0x00007943f7c0f580, 0x00007943f7c12798] 
[4,456s][debug][gc,nmethod     ] GC(1) O: Unregister NMethod: io.sirix.access.trx.node.AbstractNodeReadOnlyTrx.getKind (0x00007943f7f9e508) [0x00007943f7f9e600, 0x00007943f7f9ec68] 
[4,456s][debug][gc,nmethod     ] GC(1) O: Unregister NMethod: io.sirix.node.NullNode.<init> (0x00007943f81f8188) [0x00007943f81f8280, 0x00007943f81f87b8] 
[4,456s][debug][gc,nmethod     ] GC(1) O: Unregister NMethod: io.sirix.access.trx.page.NodePageReadOnlyTrx.assertNotClosed (0x00007943f7a78e08) [0x00007943f7a78f00, 0x00007943f7a79118] 
[4,456s][debug][gc,nmethod     ] GC(1) O: Unregister NMethod: java.lang.invoke.VarHandleGuards.guard_LJ_I (0x00007943f7a5d608) [0x00007943f7a5d700, 0x00007943f7a605c0] 
[4,456s][debug][gc,nmethod     ] Register NMethod: java.util.concurrent.CompletableFuture.reportJoin (0x00007943f849ab08) [0x00007943f849ac00, 0x00007943f849bb78] Compiler: c1, Barriers: 1, Oops: 0, ImmediateOops: 0, NonImmediateOops: No
[4,456s][debug][gc,nmethod     ] GC(1) O: Unregister NMethod: java.util.ArrayDeque.pollFirst (0x00007943f7504888) [0x00007943f7504980, 0x00007943f7504ee0] 
[4,456s][debug][gc,nmethod     ] GC(1) O: Unregister NMethod: jdk.internal.misc.Unsafe.weakCompareAndSetReference (0x00007943f7511b08) [0x00007943f7511c00, 0x00007943f7511d80] 
[4,456s][debug][gc,nmethod     ] GC(1) O: Unregister NMethod: io.sirix.access.trx.node.AbstractNodeReadOnlyTrx.moveTo (0x0000794416cdad88) [0x0000794416cdae80, 0x0000794416cdb9b0] 
[4,456s][debug][gc,nmethod     ] GC(1) O: Unregister NMethod: io.sirix.node.json.JsonNodeSerializer.updateSizePrefix (0x00007943f7e4ac08) [0x00007943f7e4ad00, 0x00007943f7e4afa0] 
[4,456s][debug][gc,nmethod     ] GC(1) O: Unregister NMethod: io.sirix.node.xml.ElementNode.getLocalNameKey (0x00007943f7cabe88) [0x00007943f7cabf80, 0x00007943f7cb0f70] 
[4,456s][debug][gc,nmethod     ] GC(1) O: Unregister NMethod: com.sun.org.apache.xerces.internal.impl.XMLEntityScanner.skipChar (0x00007943f7b1d788) [0x00007943f7b1d880, 0x00007943f7b1ddc8] 
[4,456s][debug][gc,nmethod     ] GC(1) O: Unregister NMethod: java.nio.HeapByteBuffer.ix (0x00007943f7ce3a08) [0x00007943f7ce3b00, 0x00007943f7ce3c08] 
[4,456s][debug][gc,nmethod     ] GC(1) O: Unregister NMethod: com.sun.org.apache.xerces.internal.impl.XMLDocumentFragmentScannerImpl$ElementStack.popElement (0x00007943f7c84908) [0x00007943f7c84a00, 0x00007943f7c84d50] 
[4,456s][debug][gc,nmethod     ] GC(1) O: Unregister NMethod: io.sirix.node.MemorySegmentBytesOut.writeLong (0x00007943f7ac5b88) [0x00007943f7ac5c80, 0x00007943f7ac5e18] 
[4,456s][debug][gc,nmethod     ] GC(1) O: Unregister NMethod: io.sirix.node.xml.TextNode.getPreviousRevisionNumber (0x00007943f7dda208) [0x00007943f7dda300, 0x00007943f7ddaf48] 
[4,456s][debug][gc,nmethod     ] GC(1) O: Unregister NMethod: io.sirix.node.xml.AttributeNode.getKind (0x00007943f7e30788) [0x00007943f7e30880, 0x00007943f7e30988] 
[4,456s][debug][gc,nmethod     ] GC(1) O: Unregister NMethod: io.sirix.node.NodeSerializerImpl.deserialize (0x00007943f7f3ff08) [0x00007943f7f40000, 0x00007943f7f40218] 
[4,456s][debug][gc,nmethod     ] GC(1) O: Unregister NMethod: jdk.internal.classfile.impl.StackMapGenerator$Frame.pushStack (0x00007943f7568988) [0x00007943f7568a80, 0x00007943f7568ee0] 
[4,456s][debug][gc,nmethod     ] GC(1) O: Unregister NMethod: io.sirix.index.path.summary.PathNode.getURIKey (0x00007943f7f41508) [0x00007943f7f41600, 0x00007943f7f41730] 
[4,456s][debug][gc,nmethod     ] GC(1) O: Unregister NMethod: io.sirix.page.KeyValueLeafPage.setData (0x00007943f8158a08) [0x00007943f8158b00, 0x00007943f819e280] 
[4,456s][debug][gc,nmethod     ] GC(1) O: Unregister NMethod: io.sirix.axis.AbstractAxis.hasNext (0x0000794416dc8a88) [0x0000794416dc8b80, 0x0000794416dc98d8] 
[4,456s][debug][gc,nmethod     ] GC(1) O: Unregister NMethod: com.sun.org.apache.xerces.internal.impl.XMLEntityScanner.skipSpaces (0x0000794416d44308) [0x0000794416d44400, 0x0000794416d44968] 
[4,456s][debug][gc,nmethod     ] GC(1) O: Unregister NMethod: java.lang.invoke.InnerClassLambdaMetafactory$3.accept (0x00007943f7946988) [0x00007943f7946a80, 0x00007943f7949018] 
[4,456s][debug][gc,nmethod     ] GC(1) O: Unregister NMethod: io.sirix.access.trx.node.xml.XmlNodeReadOnlyTrxImpl.getNode (0x0000794416cfc808) [0x0000794416cfc900, 0x0000794416cfcae0] 
[4,456s][debug][gc,nmethod     ] GC(1) O: Unregister NMethod: io.sirix.page.KeyValueLeafPage.updateLastSlotIndex (0x00007943f7dd8108) [0x00007943f7dd8200, 0x00007943f7dd84a0] 
[4,456s][debug][gc,nmethod     ] GC(1) O: Unregister NMethod: io.sirix.node.xml.TextNode.computeHash (0x00007943f7c44788) [0x00007943f7c44880, 0x00007943f7c56028] 
[4,456s][debug][gc,nmethod     ] GC(1) O: Unregister NMethod: io.sirix.access.trx.node.AbstractNodeReadOnlyTrx.moveTo (0x00007943f7d01888) [0x00007943f7d01980, 0x00007943f7d034e8] 
[4,456s][debug][gc,nmethod     ] GC(1) O: Unregister NMethod: io.sirix.page.KeyValueLeafPage.setData (0x0000794416da0188) [0x0000794416da0280, 0x0000794416da2948] 
[4,456s][debug][gc,nmethod     ] GC(1) O: Unregister NMethod: io.sirix.index.path.summary.PathSummaryReader.getNodeKey (0x0000794416ced508) [0x0000794416ced600, 0x0000794416ced780] 
[4,456s][debug][gc,nmethod     ] GC(1) O: Unregister NMethod: java.util.concurrent.locks.ReentrantLock.lock (0x0000794416d04b08) [0x0000794416d04c00, 0x0000794416d04eb8] 
[4,456s][debug][gc,nmethod     ] GC(1) O: Unregister NMethod: io.sirix.access.trx.node.xml.XmlNodeFactoryImpl.createAttributeNode (0x00007943f7d62f08) [0x00007943f7d63000, 0x00007943f7d65800] 
[4,456s][debug][gc,nmethod     ] GC(1) O: Unregister NMethod: java.lang.invoke.MemberName.getMethodType (0x00007943f746c108) [0x00007943f746c200, 0x00007943f746e6f8] 
[4,456s][debug][gc,nmethod     ] GC(1) O: Unregister NMethod: jdk.internal.foreign.layout.ValueLayouts$OfByteImpl.dup (0x00007943f7e5c908) [0x00007943f7e5ca00, 0x00007943f7e5ccf8] 
[4,456s][debug][gc,nmethod     ] GC(1) O: Unregister NMethod: jdk.internal.foreign.Utils.checkAlign (0x00007943f7b64f08) [0x00007943f7b65000, 0x00007943f7b65d58] 
[4,456s][debug][gc,nmethod     ] GC(1) O: Unregister NMethod: com.sun.org.apache.xerces.internal.parsers.AbstractXMLDocumentParser.emptyElement (0x00007943f7d8ee88) [0x00007943f7d8ef80, 0x00007943f7d8f498] 
[4,456s][debug][gc,nmethod     ] GC(1) O: Unregister NMethod: io.sirix.index.path.summary.PathNode.getLocalNameKey (0x00007943f7ba6708) [0x00007943f7ba6800, 0x00007943f7ba6960] 
[4,456s][debug][gc,nmethod     ] GC(1) O: Unregister NMethod: java.net.URL.set (0x00007943f75c5308) [0x00007943f75c5400, 0x00007943f75c68f8] 
[4,456s][debug][gc,nmethod     ] GC(1) O: Unregister NMethod: io.sirix.axis.AbstractAxis.nextLong (0x0000794416cf3e88) [0x0000794416cf3f80, 0x0000794416cf4578] 
[4,456s][debug][gc,nmethod     ] GC(1) O: Unregister NMethod: java.util.jar.JarFile.maybeInstantiateVerifier (0x00007943f74dd108) [0x00007943f74dd200, 0x00007943f74dd6d0] 
[4,456s][debug][gc,nmethod     ] GC(1) O: Unregister NMethod: java.lang.invoke.InnerClassLambdaMetafactory.convertArgumentTypes (0x00007943f7958a88) [0x00007943f7958b80, 0x00007943f7959e48] 
[4,456s][debug][gc,nmethod     ] GC(1) O: Unregister NMethod: io.sirix.node.xml.TextNode.getParentKey (0x00007943f7ae9a88) [0x00007943f7ae9b80, 0x00007943f7aeeb68] 
[4,456s][debug][gc,nmethod     ] GC(1) O: Unregister NMethod: com.sun.org.apache.xerces.internal.impl.XMLEntityScanner.scanContent (0x0000794416ce6388) [0x0000794416ce64a0, 0x0000794416ce73c8] 
[4,456s][debug][gc,nmethod     ] GC(1) O: Unregister NMethod: io.sirix.node.NodeKind.deserializeStructDel (0x00007943f7f46788) [0x00007943f7f46880, 0x00007943f7f46dc8] 
[4,456s][debug][gc,nmethod     ] GC(1) O: Unregister NMethod: java.util.concurrent.ConcurrentLinkedDeque.unlink (0x00007943f7dc4288) [0x00007943f7dc4380, 0x00007943f7dc5240] 
[4,456s][debug][gc,nmethod     ] GC(1) O: Unregister NMethod: io.sirix.node.SirixDeweyID.toBytes (0x00007943f7e35c08) [0x00007943f7e35d00, 0x00007943f7e35e68] 
[4,456s][debug][gc,nmethod     ] GC(1) O: Unregister NMethod: java.net.URLStreamHandler.parseURL (0x00007943f76f4408) [0x00007943f76f4500, 0x00007943f7713418] 
[4,456s][debug][gc,nmethod     ] GC(1) O: Unregister NMethod: io.sirix.node.xml.TextNode.getLeftSiblingKey (0x00007943f7b22688) [0x00007943f7b22780, 0x00007943f7b27770] 
[4,456s][debug][gc,nmethod     ] GC(1) O: Unregister NMethod: java.lang.Long.equals (0x00007943f7f17b88) [0x00007943f7f17c80, 0x00007943f7f17e38] 
[4,456s][debug][gc,nmethod     ] GC(1) O: Unregister NMethod: io.sirix.access.trx.node.AbstractNodeHashing.rollingAdd (0x00007943f80dce08) [0x00007943f80dcf00, 0x00007943f80e2200] 
[4,456s][debug][gc,nmethod     ] GC(1) O: Unregister NMethod: java.lang.invoke.VarForm.getMemberName (0x00007943f7587488) [0x00007943f7587580, 0x00007943f7587d00] 
[4,456s][debug][gc,nmethod     ] GC(1) O: Unregister NMethod: java.util.HashMap.put (0x00007943f778fd88) [0x00007943f778fe80, 0x00007943f7790468] 
[4,456s][debug][gc,nmethod     ] GC(1) O: Unregister NMethod: java.util.concurrent.locks.ReentrantLock$Sync.tryRelease (0x00007943f79d7388) [0x00007943f79d7480, 0x00007943f79d7f80] 
[4,456s][debug][gc,nmethod     ] GC(1) O: Unregister NMethod: io.sirix.access.trx.node.xml.XmlDeweyIDManager.newAttributeID (0x00007943f7d51c08) [0x00007943f7d51d00, 0x00007943f7d55f28] 
[4,456s][debug][gc,nmethod     ] GC(1) O: Unregister NMethod: org.magicwerk.brownies.collections.GapList.get (0x0000794416d86c88) [0x0000794416d86d80, 0x0000794416d86f18] 
[4,456s][debug][gc,nmethod     ] GC(1) O: Unregister NMethod: jdk.internal.foreign.AbstractMemorySegmentImpl.asSlice (0x0000794416c9c608) [0x0000794416c9c700, 0x0000794416c9c8e8] 
[4,456s][debug][gc,nmethod     ] GC(1) O: Unregister NMethod: io.sirix.node.xml.ElementNode.getPreviousRevisionNumber (0x00007943f7df5f08) [0x00007943f7df6000, 0x00007943f7df6c48] 
[4,456s][debug][gc,nmethod     ] GC(1) O: Unregister NMethod: io.brackit.query.atomic.Una.type (0x00007943f8267608) [0x00007943f8267700, 0x00007943f8267808] 
[4,456s][debug][gc,nmethod     ] GC(1) O: Unregister NMethod: io.sirix.axis.AbstractAxis.tryToComputeNext (0x0000794416cf3788) [0x0000794416cf3880, 0x0000794416cf3e10] 
[4,456s][debug][gc,nmethod     ] GC(1) O: Unregister NMethod: java.util.concurrent.locks.AbstractQueuedSynchronizer.signalNext (0x00007943f7a88088) [0x00007943f7a88180, 0x00007943f7a893f8] 
[4,456s][debug][gc,nmethod     ] GC(1) O: Unregister NMethod: io.sirix.index.path.summary.PathSummaryReader.getName (0x00007943f7da5888) [0x00007943f7da5980, 0x00007943f7da62f8] 
[4,456s][debug][gc,nmethod     ] GC(1) O: Unregister NMethod: io.sirix.access.trx.node.AbstractNodeReadOnlyTrx.hasRightSibling (0x0000794416d3d708) [0x0000794416d3d800, 0x0000794416d3e288] 
[4,456s][debug][gc,nmethod     ] GC(1) O: Unregister NMethod: java.util.WeakHashMap.hash (0x00007943f748a008) [0x00007943f748a100, 0x00007943f748a428] 
[4,456s][debug][gc,nmethod     ] GC(1) O: Unregister NMethod: java.lang.String.<init> (0x0000794416c86208) [0x0000794416c86300, 0x0000794416c86738] 
[4,457s][debug][gc,nmethod     ] GC(1) O: Unregister NMethod: com.sun.org.apache.xerces.internal.util.SymbolTable.addSymbol (0x0000794416cfce08) [0x0000794416cfcf00, 0x0000794416cfd780] 
[4,456s][debug][gc,nmethod     ] GC(1) O: Unregister NMethod: io.sirix.page.KeyValueLeafPage.getSlot (0x00007943f7a3b808) [0x00007943f7a3b900, 0x00007943f7a51b20] 
[4,457s][debug][gc,nmethod     ] GC(1) O: Unregister NMethod: it.unimi.dsi.fastutil.shorts.AbstractShortList.ensureIndex (0x00007943f7f38908) [0x00007943f7f38a00, 0x00007943f7f39090] 
[4,457s][debug][gc,nmethod     ] GC(1) O: Unregister NMethod: io.sirix.axis.filter.xml.XmlNameFilter.filter (0x00007943f7fe1408) [0x00007943f7fe1500, 0x00007943f7fe2948] 
[4,457s][debug][gc,nmethod     ] GC(1) O: Unregister NMethod: io.sirix.axis.filter.xml.ElementFilter.filter (0x00007943f7fdb508) [0x00007943f7fdb600, 0x00007943f7fdbd80] 
[4,457s][debug][gc,nmethod     ] GC(1) O: Unregister NMethod: io.sirix.access.trx.node.AbstractNodeReadOnlyTrx.getKind (0x0000794416cf0188) [0x0000794416cf0280, 0x0000794416cf0400] 
[4,457s][debug][gc,nmethod     ] GC(1) O: Unregister NMethod: io.sirix.access.trx.page.NodePageTrx.getMostRecentPageContainer (0x0000794416ce1b08) [0x0000794416ce1c00, 0x0000794416ce2000] 
[4,457s][debug][gc,nmethod     ] GC(1) O: Unregister NMethod: sun.security.provider.DigestBase.engineUpdate (0x00007943f8153088) [0x00007943f8153180, 0x00007943f8154360] 
[4,457s][debug][gc,nmethod     ] GC(1) O: Unregister NMethod: jdk.internal.foreign.MemorySessionImpl$ResourceList.cleanup (0x00007943f7f0f488) [0x00007943f7f0f580, 0x00007943f7f0fd18] 
[4,457s][debug][gc,nmethod     ] GC(1) O: Unregister NMethod: jdk.internal.foreign.AbstractMemorySegmentImpl.checkArraySize (0x00007943f7bedf88) [0x00007943f7bee080, 0x00007943f7bf0e80] 
[4,457s][debug][gc,nmethod     ] GC(1) O: Unregister NMethod: java.lang.Character.isLowSurrogate (0x00007943f795c508) [0x00007943f795c600, 0x00007943f795c760] 
[4,457s][debug][gc,nmethod     ] GC(1) O: Unregister NMethod: io.sirix.access.trx.node.AbstractNodeReadOnlyTrx.getRightSiblingKey (0x00007943f7fdbe08) [0x00007943f7fdbf00, 0x00007943f7fdc720] 
[4,457s][debug][gc,nmethod     ] GC(1) O: Unregister NMethod: jdk.internal.foreign.SegmentFactories.fromArray (0x00007943f7e35008) [0x00007943f7e35100, 0x00007943f7e35c00] 
[4,457s][debug][gc,nmethod     ] GC(1) O: Unregister NMethod: java.nio.DirectByteBuffer.address (0x0000794416d3b988) [0x0000794416d3ba80, 0x0000794416d3bc48] 
[4,457s][debug][gc,nmethod     ] GC(1) O: Unregister NMethod: io.sirix.node.xml.ElementNode.getDescendantCount (0x00007943f7af3008) [0x00007943f7af3100, 0x00007943f7af6978] 
[4,457s][debug][gc,nmethod     ] GC(1) O: Unregister NMethod: io.sirix.node.SirixDeweyID.<init> (0x00007943f7fbbe88) [0x00007943f7fbbf80, 0x00007943f7fbcb20] 
[4,457s][debug][gc,nmethod     ] GC(1) O: Unregister NMethod: io.brackit.query.node.parser.SAX2SubtreeHandlerAdapter$TrimmingStringBuilder.append (0x0000794416d8c288) [0x0000794416d8c380, 0x0000794416d8c9b0] 
[4,457s][debug][gc,nmethod     ] GC(1) O: Unregister NMethod: java.util.Arrays.copyOf (0x00007943f7b2e208) [0x00007943f7b2e300, 0x00007943f7b2e6c8] 
[4,457s][debug][gc,nmethod     ] GC(1) O: Unregister NMethod: io.sirix.node.NodeKind.serializeStructDelegate (0x00007943f7e4bb08) [0x00007943f7e4bc00, 0x00007943f7e4c178] 
[4,457s][debug][gc,nmethod     ] GC(1) O: Unregister NMethod: com.sun.org.apache.xerces.internal.util.XMLAttributesImpl.getValue (0x00007943f7d40b88) [0x00007943f7d40c80, 0x00007943f7d412b0] 
[4,457s][debug][gc,nmethod     ] GC(1) O: Unregister NMethod: io.sirix.access.trx.node.xml.ForwardingXmlNodeReadOnlyTrx.getKind (0x00007943f7b9dd88) [0x00007943f7b9de80, 0x00007943f7b9e478] 
[4,457s][debug][gc,nmethod     ] GC(1) O: Unregister NMethod: com.sun.org.apache.xerces.internal.impl.XMLEntityScanner.scanChar (0x0000794416d8b808) [0x0000794416d8b900, 0x0000794416d8bb28] 
[4,457s][debug][gc,nmethod     ] GC(1) O: Unregister NMethod: com.sun.org.apache.xerces.internal.impl.XMLDocumentFragmentScannerImpl.scanDocument (0x00007943f7dcaa08) [0x00007943f7dcab00, 0x00007943f7dcd5a8] 
[4,457s][debug][gc,nmethod     ] GC(1) O: Unregister NMethod: io.sirix.access.trx.page.NodePageTrx.prepareRecordPage (0x00007943f7cfad88) [0x00007943f7cfae80, 0x00007943f7cfd428] 
[4,457s][debug][gc,nmethod     ] GC(1) O: Unregister NMethod: io.sirix.cache.IndexLogKey.equals (0x0000794416cec008) [0x0000794416cec100, 0x0000794416cec2a8] 
[4,457s][debug][gc,nmethod     ] Register NMethod: io.sirix.access.trx.page.NodePageReadOnlyTrx$$Lambda/0x00000000a92af058.<init> (0x00007943f849bb88) [0x00007943f849bc80, 0x00007943f849bec8] Compiler: c1, Barriers: 6, Oops: 1, ImmediateOops: 0, NonImmediateOops: No
[4,457s][debug][gc,nmethod     ] GC(1) O: Unregister NMethod: java.util.stream.StreamOpFlag.fromCharacteristics (0x00007943f77c2088) [0x00007943f77c2180, 0x00007943f77c2708] 
[4,457s][debug][gc,nmethod     ] GC(1) O: Unregister NMethod: io.sirix.access.trx.node.xml.XmlNodeReadOnlyTrxImpl.hasAttributes (0x00007943f7d56708) [0x00007943f7d56800, 0x00007943f7d57780] 
[4,457s][debug][gc,nmethod     ] Register NMethod: io.sirix.settings.VersioningType$4.convertIntegers (0x00007943f849bf08) [0x00007943f849c000, 0x00007943f849cc38] Compiler: c1, Barriers: 0, Oops: 1, ImmediateOops: 0, NonImmediateOops: No
[4,457s][debug][gc,nmethod     ] GC(1) O: Unregister NMethod: java.util.BitSet.<init> (0x00007943f7421108) [0x00007943f7421200, 0x00007943f7422148] 
[4,457s][debug][gc,nmethod     ] GC(1) O: Unregister NMethod: io.sirix.query.node.XmlDBNode.<init> (0x00007943f7b9ec08) [0x00007943f7b9ed00, 0x00007943f7ba0590] 
[4,457s][debug][gc,nmethod     ] GC(1) O: Unregister NMethod: io.sirix.index.path.summary.PathSummaryWriter.getPathNodeKey (0x00007943f80e4d08) [0x00007943f80e4e00, 0x00007943f80e8c60] 
[4,457s][debug][gc,nmethod     ] Register NMethod: io.sirix.access.trx.page.NodePageReadOnlyTrx$$Lambda/0x00000000a92af058.apply (0x00007943f849cc88) [0x00007943f849cd80, 0x00007943f849d348] Compiler: c1, Barriers: 2, Oops: 1, ImmediateOops: 0, NonImmediateOops: No
[4,457s][debug][gc,nmethod     ] GC(1) O: Unregister NMethod: io.sirix.node.xml.ElementNode.hasRightSibling (0x00007943f7faa608) [0x00007943f7faa700, 0x00007943f7fafb38] 
[4,457s][debug][gc,nmethod     ] GC(1) O: Unregister NMethod: jdk.internal.foreign.SegmentFactories.initNativeMemory (0x00007943f760d808) [0x00007943f760d900, 0x00007943f760daa0] 
[4,457s][debug][gc,nmethod     ] GC(1) O: Unregister NMethod: io.sirix.node.NodeKind.serializeNameDelegate (0x00007943f7e4a288) [0x00007943f7e4a380, 0x00007943f7e4a698] 
[4,457s][debug][gc,nmethod     ] GC(1) O: Unregister NMethod: io.sirix.access.trx.node.xml.XmlNodeHashing.getCurrentNode (0x00007943f7adf408) [0x00007943f7adf500, 0x00007943f7adfca8] 
[4,457s][debug][gc,nmethod     ] GC(1) O: Unregister NMethod: java.lang.String.<init> (0x00007943f7641e88) [0x00007943f7641f80, 0x00007943f7642558] 
[4,457s][debug][gc,nmethod     ] Register NMethod: io.sirix.settings.VersioningType$4.getRevisionRoots (0x00007943f849d388) [0x00007943f849d480, 0x00007943f849e030] Compiler: c1, Barriers: 5, Oops: 1, ImmediateOops: 1, NonImmediateOops: No
[4,457s][debug][gc,nmethod     ] GC(1) O: Unregister NMethod: jdk.internal.foreign.MemorySessionImpl$ResourceList.cleanupSingle (0x00007943f7e28908) [0x00007943f7e28a00, 0x00007943f7e28fa8] 
[4,457s][debug][gc,nmethod     ] Register NMethod: sun.nio.ch.FileChannelImpl.open (0x00007943f849e088) [0x00007943f849e180, 0x00007943f849e338] Compiler: c1, Barriers: 0, Oops: 0, ImmediateOops: 0, NonImmediateOops: No
[4,457s][debug][gc,nmethod     ] GC(1) O: Unregister NMethod: jdk.internal.foreign.AbstractMemorySegmentImpl.isAlignedForElement (0x00007943f752f588) [0x00007943f752f680, 0x00007943f752f850] 
[4,457s][debug][gc,nmethod     ] GC(1) O: Unregister NMethod: jdk.internal.foreign.layout.ValueLayouts$AbstractValueLayout.withOrder (0x00007943f7e5bf88) [0x00007943f7e5c080, 0x00007943f7e5c8b0] 
[4,457s][debug][gc,nmethod     ] GC(1) O: Unregister NMethod: io.sirix.node.MemorySegmentBytesOut.writeInt (0x00007943f7ac8908) [0x00007943f7ac8a00, 0x00007943f7ac8b98] 
[4,457s][debug][gc,nmethod     ] GC(1) O: Unregister NMethod: com.sun.org.apache.xerces.internal.impl.XMLEntityScanner.scanChar (0x00007943f7c37388) [0x00007943f7c37480, 0x00007943f7c37ea8] 
[4,457s][debug][gc,nmethod     ] GC(1) O: Unregister NMethod: java.util.ArrayDeque.addFirst (0x00007943f7bed208) [0x00007943f7bed300, 0x00007943f7bed8e0] 
[4,457s][debug][gc,nmethod     ] GC(1) O: Unregister NMethod: jdk.internal.misc.Unsafe.putShortUnaligned (0x00007943f7e45108) [0x00007943f7e45200, 0x00007943f7e45338] 
[4,457s][debug][gc,nmethod     ] GC(1) O: Unregister NMethod: java.lang.Short.valueOf (0x00007943f7f47708) [0x00007943f7f47800, 0x00007943f7f47b18] 
[4,457s][debug][gc,nmethod     ] Register NMethod: io.sirix.access.trx.page.NodePageReadOnlyTrx$PageFragmentsResult.<init> (0x00007943f849e388) [0x00007943f849e480, 0x00007943f849e728] Compiler: c1, Barriers: 6, Oops: 1, ImmediateOops: 0, NonImmediateOops: No
[4,457s][debug][gc,nmethod     ] GC(1) O: Unregister NMethod: io.sirix.page.NamePage.incrementAndGetMaxNodeKey (0x00007943f80f8208) [0x00007943f80f8300, 0x00007943f80f8550] 
[4,457s][debug][gc,nmethod     ] GC(1) O: Unregister NMethod: io.sirix.node.xml.ElementNode.<init> (0x00007943f7c89e88) [0x00007943f7c89f80, 0x00007943f7c8af90] 
[4,457s][debug][gc,nmethod     ] GC(1) O: Unregister NMethod: io.sirix.service.xml.shredder.AbstractShredder.processText (0x00007943f7c16908) [0x00007943f7c16a00, 0x00007943f7c18cc8] 
[4,457s][debug][gc,nmethod     ] Register NMethod: java.lang.invoke.LambdaForm$MH/0x00000000a92b1800.invoke (0x00007943f849e788) [0x00007943f849e880, 0x00007943f849eff0] Compiler: c1, Barriers: 2, Oops: 1, ImmediateOops: 0, NonImmediateOops: No
[4,457s][debug][gc,nmethod     ] GC(1) O: Unregister NMethod: io.sirix.query.node.SubtreeBuilder.attribute (0x00007943f7d8d688) [0x00007943f7d8d780, 0x00007943f7d8e980] 
[4,457s][debug][gc,nmethod     ] GC(1) O: Unregister NMethod: sun.security.provider.SHA2.implCompress0 (0x00007943f7e26f08) [0x00007943f7e27000, 0x00007943f7e27e20] 
[4,457s][debug][gc,nmethod     ] GC(1) O: Unregister NMethod: jdk.internal.misc.Unsafe.getIntUnaligned (0x00007943f7584808) [0x00007943f7584900, 0x00007943f7584b48] 
[4,457s][debug][gc,nmethod     ] GC(1) O: Unregister NMethod: com.sun.org.apache.xerces.internal.impl.XMLEntityScanner.checkBeforeLoad (0x0000794416cf0788) [0x0000794416cf0880, 0x0000794416cf0970] 
[4,457s][debug][gc,nmethod     ] GC(1) O: Unregister NMethod: com.sun.org.apache.xerces.internal.impl.XMLEntityScanner.skipString (0x0000794416d35608) [0x0000794416d35700, 0x0000794416d363c8] 
[4,457s][debug][gc,nmethod     ] GC(1) O: Unregister NMethod: io.sirix.node.GrowingMemorySegment.grow (0x00007943f7e4c188) [0x00007943f7e4c280, 0x00007943f7e4ea48] 
[4,457s][debug][gc,nmethod     ] GC(1) O: Unregister NMethod: io.sirix.access.trx.page.NodePageTrx.createRecord (0x00007943f7b33288) [0x00007943f7b33380, 0x00007943f7b397d8] 
[4,457s][debug][gc,nmethod     ] Register NMethod: java.lang.invoke.DirectMethodHandle$Holder.invokeSpecial (0x00007943f849f008) [0x00007943f849f100, 0x00007943f849f4d0] Compiler: c1, Barriers: 1, Oops: 0, ImmediateOops: 0, NonImmediateOops: No
[4,457s][debug][gc,nmethod     ] GC(1) O: Unregister NMethod: jdk.internal.foreign.ArenaImpl.allocate (0x00007943f7dcf088) [0x00007943f7dcf180, 0x00007943f7dcf300] 
[4,457s][debug][gc,nmethod     ] GC(1) O: Unregister NMethod: io.sirix.node.MemorySegmentBytesOut.writeLong (0x0000794416cd9808) [0x0000794416cd9900, 0x0000794416cd9e20] 
[4,457s][debug][gc,nmethod     ] GC(1) O: Unregister NMethod: jdk.internal.foreign.MemorySessionImpl$ResourceList.<init> (0x00007943f7b67008) [0x00007943f7b67100, 0x00007943f7b67258] 
[4,457s][debug][gc,nmethod     ] GC(1) O: Unregister NMethod: jdk.internal.misc.Unsafe.checkNativeAddress (0x00007943f75e0108) [0x00007943f75e0200, 0x00007943f75e0310] 
[4,457s][debug][gc,nmethod     ] Register NMethod: io.sirix.access.trx.page.NodePageReadOnlyTrx.lambda$getPageFragments$0 (0x00007943f849f508) [0x00007943f849f600, 0x00007943f84a01f8] Compiler: c1, Barriers: 3, Oops: 1, ImmediateOops: 1, NonImmediateOops: No
[4,457s][debug][gc,nmethod     ] GC(1) O: Unregister NMethod: io.sirix.node.json.JsonNodeSerializer.writeSizePrefix (0x00007943f7e4a708) [0x00007943f7e4a800, 0x00007943f7e4ab88] 
[4,457s][debug][gc,nmethod     ] GC(1) O: Unregister NMethod: java.nio.Buffer.limit (0x00007943f7784808) [0x00007943f7784900, 0x00007943f7784b70] 
[4,457s][debug][gc,nmethod     ] GC(1) O: Unregister NMethod: io.sirix.access.trx.page.NodePageReadOnlyTrx.getResourceSession (0x00007943f7c41308) [0x00007943f7c41400, 0x00007943f7c41870] 
[4,458s][debug][gc,nmethod     ] GC(1) O: Unregister NMethod: java.nio.MappedByteBuffer.<init> (0x00007943f7be5808) [0x00007943f7be5900, 0x00007943f7be5ad0] 
[4,458s][debug][gc,nmethod     ] GC(1) O: Unregister NMethod: io.sirix.page.KeyValueLeafPage.findFreeSpaceForSlots (0x00007943f7e44888) [0x00007943f7e44980, 0x00007943f7e44da8] 
[4,458s][debug][gc,nmethod     ] GC(1) O: Unregister NMethod: java.lang.Short.valueOf (0x00007943f7f2ce88) [0x00007943f7f2cf80, 0x00007943f7f2d130] 
[4,458s][debug][gc,nmethod     ] GC(1) O: Unregister NMethod: jdk.internal.misc.ScopedMemoryAccess.getIntUnaligned (0x00007943f7a5ba08) [0x00007943f7a5bb00, 0x00007943f7a5c968] 
[4,458s][debug][gc,nmethod     ] GC(1) O: Unregister NMethod: java.util.stream.AbstractPipeline.sourceSpliterator (0x00007943f77d0008) [0x00007943f77d0100, 0x00007943f77d1bc8] 
[4,457s][debug][gc,nmethod     ] GC(1) O: Unregister NMethod: it.unimi.dsi.fastutil.ints.Int2IntOpenHashMap.find (0x0000794416d38908) [0x0000794416d38a00, 0x0000794416d38c98] 
[4,458s][debug][gc,nmethod     ] GC(1) O: Unregister NMethod: io.sirix.index.path.summary.PathSummaryReader.assertNotClosed (0x00007943f7ac5e88) [0x00007943f7ac5f80, 0x00007943f7ac6188] 
[4,458s][debug][gc,nmethod     ] GC(1) O: Unregister NMethod: jdk.internal.foreign.AbstractMemorySegmentImpl$$Lambda/0x00000000a9221260.apply (0x00007943f7e58f88) [0x00007943f7e59080, 0x00007943f7e59418] 
[4,458s][debug][gc,nmethod     ] GC(1) O: Unregister NMethod: io.sirix.node.GrowingMemorySegment.<init> (0x00007943f7dd1108) [0x00007943f7dd1200, 0x00007943f7dd1678] 
[4,458s][debug][gc,nmethod     ] GC(1) O: Unregister NMethod: it.unimi.dsi.fastutil.longs.LongArrayList.initArrayFromCapacity (0x00007943f7fde208) [0x00007943f7fde300, 0x00007943f7fdf448] 
[4,458s][debug][gc,nmethod     ] GC(1) O: Unregister NMethod: java.lang.StringBuilder.length (0x00007943f7451708) [0x00007943f7451800, 0x00007943f7451918] 
[4,458s][debug][gc,nmethod     ] Register NMethod: java.lang.StringConcatHelper.stringSize (0x00007943f84a0208) [0x00007943f84a0300, 0x00007943f84a0578] Compiler: c1, Barriers: 0, Oops: 0, ImmediateOops: 1, NonImmediateOops: No
[4,458s][debug][gc,nmethod     ] GC(1) O: Unregister NMethod: jdk.internal.foreign.SegmentFactories.allocateNativeInternal (0x00007943f7b67b88) [0x00007943f7b67c80, 0x00007943f7b6b0c8] 
[4,458s][debug][gc,nmethod     ] GC(1) O: Unregister NMethod: io.sirix.access.trx.node.AbstractNodeReadOnlyTrx.assertNotClosed (0x00007943f7aa4b88) [0x00007943f7aa4c80, 0x00007943f7aa4e88] 
[4,458s][debug][gc,nmethod     ] GC(1) O: Unregister NMethod: io.sirix.access.trx.node.AbstractNodeReadOnlyTrx.moveTo (0x00007943f7f9b108) [0x00007943f7f9b200, 0x00007943f7f9cd68] 
[4,458s][debug][gc,nmethod     ] Register NMethod: java.lang.String$$StringConcat/0x00000000a92b1400.length (0x00007943f84a0588) [0x00007943f84a0680, 0x00007943f84a0b30] Compiler: c1, Barriers: 0, Oops: 1, ImmediateOops: 2, NonImmediateOops: No
[4,458s][debug][gc,nmethod     ] GC(1) O: Unregister NMethod: io.sirix.service.xml.shredder.AbstractShredder.processStartTag (0x00007943f7c94708) [0x00007943f7c94800, 0x00007943f7c9a530] 
[4,458s][debug][gc,nmethod     ] GC(1) O: Unregister NMethod: jdk.internal.misc.Unsafe.putIntUnaligned (0x00007943f78c4308) [0x00007943f78c4400, 0x00007943f78c4630] 
[4,458s][debug][gc,nmethod     ] GC(1) O: Unregister NMethod: jdk.internal.foreign.HeapMemorySegmentImpl$OfByte.unsafeGetBase (0x00007943f7e27e88) [0x00007943f7e27f80, 0x00007943f7e28188] 
[4,458s][debug][gc,nmethod     ] GC(1) O: Unregister NMethod: java.nio.DirectByteBuffer.address (0x00007943f7bf4408) [0x00007943f7bf4500, 0x00007943f7bf5e40] 
[4,458s][debug][gc,nmethod     ] GC(1) O: Unregister NMethod: java.lang.classfile.CodeBuilder.newBoundLabel (0x00007943f78c9d88) [0x00007943f78c9e80, 0x00007943f78ca8d8] 
[4,458s][debug][gc,nmethod     ] GC(1) O: Unregister NMethod: io.sirix.node.MemorySegmentBytesIn.read (0x00007943f7f29e08) [0x00007943f7f29f00, 0x00007943f7f2a030] 
[4,458s][debug][gc,nmethod     ] GC(1) O: Unregister NMethod: io.sirix.node.MemorySegmentBytesIn.readLong (0x00007943f7f4f288) [0x00007943f7f4f380, 0x00007943f7f52f90] 
[4,458s][debug][gc,nmethod     ] GC(1) O: Unregister NMethod: jdk.internal.classfile.impl.AbstractPoolEntry$AbstractRefsEntry.<init> (0x00007943f74fbf88) [0x00007943f74fc080, 0x00007943f74fc880] 
[4,458s][debug][gc,nmethod     ] GC(1) O: Unregister NMethod: io.sirix.access.trx.node.AbstractNodeReadOnlyTrx.getStructuralNode (0x00007943f7b21a88) [0x00007943f7b21b80, 0x00007943f7b22638] 
[4,458s][debug][gc,nmethod     ] GC(1) O: Unregister NMethod: java.util.concurrent.ConcurrentHashMap$Traverser.advance (0x00007943f7681b88) [0x00007943f7681c80, 0x00007943f7682d78] 
[4,458s][debug][gc,nmethod     ] GC(1) O: Unregister NMethod: io.sirix.page.KeyValueLeafPage.resizeMemorySegment (0x00007943f8101308) [0x00007943f8101400, 0x00007943f8112470] 
[4,458s][debug][gc,nmethod     ] Register NMethod: java.lang.String$$StringConcat/0x00000000a92b1400.prepend (0x00007943f84a0b88) [0x00007943f84a0c80, 0x00007943f84a0e90] Compiler: c1, Barriers: 2, Oops: 1, ImmediateOops: 0, NonImmediateOops: No
[4,458s][debug][gc,nmethod     ] GC(1) O: Unregister NMethod: java.lang.invoke.VarHandleReferences$FieldInstanceReadWrite.compareAndSet (0x00007943f7870f88) [0x00007943f7871080, 0x00007943f7872638] 
[4,458s][debug][gc,nmethod     ] GC(1) O: Unregister NMethod: io.sirix.index.path.summary.PathSummaryReader.getNodeKey (0x00007943f809da88) [0x00007943f809db80, 0x00007943f809e030] 
[4,458s][debug][gc,nmethod     ] Register NMethod: java.lang.String$$StringConcat/0x00000000a92b1400.concat (0x00007943f84a0f08) [0x00007943f84a1000, 0x00007943f84a2c98] Compiler: c1, Barriers: 8, Oops: 1, ImmediateOops: 5, NonImmediateOops: No
[4,458s][debug][gc,nmethod     ] GC(1) O: Unregister NMethod: java.util.stream.ReduceOps$ReduceOp.evaluateSequential (0x00007943f8033008) [0x00007943f8033100, 0x00007943f80332e8] 
[4,458s][debug][gc,nmethod     ] GC(1) O: Unregister NMethod: io.sirix.access.trx.page.NodePageTrx.getMostRecentPageContainer (0x00007943f7f39108) [0x00007943f7f39200, 0x00007943f7f39830] 
[4,458s][debug][gc,nmethod     ] GC(1) O: Unregister NMethod: java.util.Arrays.fill (0x0000794416c44808) [0x0000794416c44900, 0x0000794416c44b28] 
[4,458s][debug][gc,nmethod     ] GC(1) O: Unregister NMethod: jdk.internal.ref.PhantomCleanable.<init> (0x00007943f74df388) [0x00007943f74df480, 0x00007943f74e0670] 
[4,458s][debug][gc,nmethod     ] Register NMethod: java.util.concurrent.CompletableFuture.<init> (0x00007943f84a2d08) [0x00007943f84a2e00, 0x00007943f84a2f58] Compiler: c1, Barriers: 0, Oops: 0, ImmediateOops: 0, NonImmediateOops: No
[4,458s][debug][gc,nmethod     ] GC(1) O: Unregister NMethod: io.sirix.index.path.summary.PathSummaryReader.getLevel (0x0000794416d95f88) [0x0000794416d96080, 0x0000794416d961a0] 
[4,458s][debug][gc,nmethod     ] GC(1) O: Unregister NMethod: io.sirix.node.NodeKind.deserializeNodeDelegateWithoutIDs (0x00007943f7f45908) [0x00007943f7f45a00, 0x00007943f7f45d08] 
[4,458s][debug][gc,nmethod     ] Register NMethod: java.lang.StringConcatHelper.prepend (0x00007943f84a3008) [0x00007943f84a3100, 0x00007943f84a4208] Compiler: c1, Barriers: 2, Oops: 0, ImmediateOops: 0, NonImmediateOops: No
[4,458s][debug][gc,nmethod     ] GC(1) O: Unregister NMethod: io.brackit.query.expr.StepExpr$AxisStepSequenceIter.next (0x00007943f7fd6308) [0x00007943f7fd6400, 0x00007943f7fd6b98] 
[4,458s][debug][gc,nmethod     ] GC(1) O: Unregister NMethod: com.sun.org.apache.xerces.internal.parsers.AbstractSAXParser.endNamespaceMapping (0x00007943f7c93e88) [0x00007943f7c93f80, 0x00007943f7c946c8] 
[4,458s][debug][gc,nmethod     ] Register NMethod: io.sirix.access.trx.page.NodePageTrx$$Lambda/0x00000000a9295da0.apply (0x00007943f84a4288) [0x00007943f84a4380, 0x00007943f84a4748] Compiler: c1, Barriers: 2, Oops: 1, ImmediateOops: 0, NonImmediateOops: No
[4,458s][debug][gc,nmethod     ] GC(1) O: Unregister NMethod: io.sirix.axis.AbstractAxis.<init> (0x0000794416dd6208) [0x0000794416dd6300, 0x0000794416dd6a70] 
[4,458s][debug][gc,nmethod     ] GC(1) O: Unregister NMethod: io.sirix.page.KeyValueLeafPage.setData (0x00007943f8229708) [0x00007943f8229800, 0x00007943f824eb40] 
[4,458s][debug][gc,nmethod     ] GC(1) O: Unregister NMethod: io.sirix.access.trx.page.NodePageTrx.getPageContainer (0x00007943f7cf9b08) [0x00007943f7cf9c00, 0x00007943f7cfad40] 
[4,458s][debug][gc,nmethod     ] GC(1) O: Unregister NMethod: jdk.internal.foreign.ArenaImpl.allocate (0x00007943f7b62008) [0x00007943f7b62100, 0x00007943f7b62280] 
[4,458s][debug][gc,nmethod     ] GC(1) O: Unregister NMethod: com.sun.org.apache.xerces.internal.impl.XMLEntityScanner.scanContent (0x00007943f7da7108) [0x00007943f7da7200, 0x00007943f7da8178] 
[4,458s][debug][gc,nmethod     ] GC(1) O: Unregister NMethod: java.lang.String.regionMatches (0x0000794416c90d88) [0x0000794416c90e80, 0x0000794416c911c8] 
[4,458s][debug][gc,nmethod     ] GC(1) O: Unregister NMethod: io.sirix.query.node.SubtreeBuilder.endElement (0x00007943f7ca1088) [0x00007943f7ca1180, 0x00007943f7ca29e0] 
[4,458s][debug][gc,nmethod     ] GC(1) O: Unregister NMethod: java.util.concurrent.locks.ReentrantLock.unlock (0x00007943f75e5308) [0x00007943f75e5400, 0x00007943f75e5a18] 
[4,458s][debug][gc,nmethod     ] GC(1) O: Unregister NMethod: com.sun.org.apache.xerces.internal.impl.XMLDocumentFragmentScannerImpl.seekCloseOfStartTag (0x00007943f7c43088) [0x00007943f7c43180, 0x00007943f7c44750] 
[4,458s][debug][gc,nmethod     ] GC(1) O: Unregister NMethod: java.lang.invoke.InvokerBytecodeGenerator.emitPushArgument (0x00007943f7695e88) [0x00007943f7695f80, 0x00007943f7698b48] 
[4,458s][debug][gc,nmethod     ] GC(1) O: Unregister NMethod: java.lang.String.<init> (0x00007943f74e2f08) [0x00007943f74e3000, 0x00007943f74e6e70] 
[4,458s][debug][gc,nmethod     ] GC(1) O: Unregister NMethod: jdk.internal.util.ArraysSupport.mismatch (0x00007943f78c7c08) [0x00007943f78c7d00, 0x00007943f78c80e0] 
[4,458s][debug][gc,nmethod     ] GC(1) O: Unregister NMethod: java.util.HashMap.computeIfAbsent (0x00007943f7d9bf08) [0x00007943f7d9c000, 0x00007943f7d9e808] 
[4,458s][debug][gc,nmethod     ] GC(1) O: Unregister NMethod: net.openhft.hashing.UnsafeAccess.byteOrder (0x00007943f7b8ea08) [0x00007943f7b8eb00, 0x00007943f7b8ec60] 
[4,458s][debug][gc,nmethod     ] GC(1) O: Unregister NMethod: io.sirix.page.NamePage.getName (0x00007943f7f3aa08) [0x00007943f7f3ab00, 0x00007943f7f3b458] 
[4,458s][debug][gc,nmethod     ] GC(1) O: Unregister NMethod: com.sun.org.apache.xerces.internal.impl.XMLDocumentFragmentScannerImpl$FragmentContentDriver.next (0x0000794416cfea88) [0x0000794416cfeb80, 0x0000794416d007a8] 
[4,458s][debug][gc,nmethod     ] GC(1) O: Unregister NMethod: jdk.internal.foreign.MemorySessionImpl$ResourceList.cleanup (0x00007943f7f11988) [0x00007943f7f11a80, 0x00007943f7f121b0] 
[4,458s][debug][gc,nmethod     ] GC(1) O: Unregister NMethod: jdk.internal.foreign.AbstractMemorySegmentImpl$$Lambda/0x00000000a9221260.apply (0x00007943f7e33d08) [0x00007943f7e33e00, 0x00007943f7e33f48] 
[4,458s][debug][gc,nmethod     ] GC(1) O: Unregister NMethod: io.sirix.access.trx.node.AbstractNodeReadOnlyTrx.hasFirstChild (0x00007943f7ccbd88) [0x00007943f7ccbe80, 0x00007943f7ccc6a0] 
[4,458s][debug][gc,nmethod     ] GC(1) O: Unregister NMethod: jdk.internal.foreign.layout.ValueLayouts$OfByteImpl.dup (0x00007943f7e31708) [0x00007943f7e31800, 0x00007943f7e31918] 
[4,458s][debug][gc,nmethod     ] GC(1) O: Unregister NMethod: java.lang.Long.hashCode (0x00007943f78d5608) [0x00007943f78d5700, 0x00007943f78d5838] 
[4,458s][debug][gc,nmethod     ] GC(1) O: Unregister NMethod: io.sirix.page.KeyValueLeafPage.getDeweyIdAsByteArray (0x00007943f7814a08) [0x00007943f7814b00, 0x00007943f7815088] 
[4,458s][debug][gc,nmethod     ] GC(1) O: Unregister NMethod: com.sun.org.apache.xerces.internal.impl.XMLEntityScanner.scanQName (0x00007943f7c56e08) [0x00007943f7c56f00, 0x00007943f7c591a0] 
[4,458s][debug][gc,nmethod     ] GC(1) O: Unregister NMethod: io.sirix.page.KeyValueLeafPage.getNumberOfNonNullEntries (0x00007943f8090d88) [0x00007943f8090e80, 0x00007943f80913a0] 
[4,458s][debug][gc,nmethod     ] GC(1) O: Unregister NMethod: java.lang.Thread.blockedOn (0x00007943f7f15a08) [0x00007943f7f15b00, 0x00007943f7f15e20] 
[4,458s][debug][gc,nmethod     ] GC(1) O: Unregister NMethod: jdk.internal.foreign.layout.ValueLayouts$OfByteImpl.withOrder (0x00007943f7e5bb08) [0x00007943f7e5bc00, 0x00007943f7e5bf50] 
[4,458s][debug][gc,nmethod     ] GC(1) O: Unregister NMethod: io.brackit.query.expr.StepExpr$AxisStepSequenceIter.close (0x00007943f8048d88) [0x00007943f8048e80, 0x00007943f8049080] 
[4,458s][debug][gc,nmethod     ] GC(1) O: Unregister NMethod: io.sirix.axis.filter.PathKindFilter.filter (0x00007943f7caa308) [0x00007943f7caa400, 0x00007943f7cab398] 
[4,458s][debug][gc,nmethod     ] GC(1) O: Unregister NMethod: jdk.internal.foreign.layout.ValueLayouts$OfByteImpl.dup (0x00007943f7e40e88) [0x00007943f7e40f80, 0x00007943f7e41110] 
[4,458s][debug][gc,nmethod     ] GC(1) O: Unregister NMethod: io.sirix.query.node.XmlDBNode.<init> (0x00007943f7fcb708) [0x00007943f7fcb800, 0x00007943f7fcd090] 
[4,458s][debug][gc,nmethod     ] GC(1) O: Unregister NMethod: jdk.internal.foreign.HeapMemorySegmentImpl$OfByte.unsafeGetOffset (0x00007943f7e31408) [0x00007943f7e31500, 0x00007943f7e31618] 
[4,458s][debug][gc,nmethod     ] GC(1) O: Unregister NMethod: java.lang.invoke.InvokerBytecodeGenerator.emitReferenceCast (0x00007943f743e888) [0x00007943f743e980, 0x00007943f7441cd0] 
[4,458s][debug][gc,nmethod     ] GC(1) O: Unregister NMethod: java.util.BitSet.cardinality (0x00007943f7b03788) [0x00007943f7b03880, 0x00007943f7b03ae0] 
[4,458s][debug][gc,nmethod     ] GC(1) O: Unregister NMethod: io.sirix.page.PageKind$1.deserializePage (0x00007943f81e1a08) [0x00007943f81e1b00, 0x00007943f81e5e20] 
[4,458s][debug][gc,nmethod     ] GC(1) O: Unregister NMethod: io.sirix.axis.AbstractAxis.nextLong (0x00007943f7b8b088) [0x00007943f7b8b180, 0x00007943f7b8bc10] 
[4,458s][debug][gc,nmethod     ] GC(1) O: Unregister NMethod: io.brackit.query.node.parser.SAX2SubtreeHandlerAdapter$TrimmingStringBuilder.length (0x00007943f7b53f88) [0x00007943f7b54080, 0x00007943f7b54188] 
[4,458s][debug][gc,nmethod     ] GC(1) O: Unregister NMethod: io.sirix.access.trx.page.NodePageReadOnlyTrx.getValue (0x00007943f7f2d488) [0x00007943f7f2d580, 0x00007943f7f2f0e0] 
[4,459s][debug][gc,nmethod     ] GC(1) O: Unregister NMethod: io.sirix.query.node.SubtreeProcessor.notifyAttribute (0x00007943f7d57b08) [0x00007943f7d57c00, 0x00007943f7d58660] 
[4,459s][debug][gc,nmethod     ] GC(1) O: Unregister NMethod: jdk.internal.access.SharedSecrets.getJavaLangAccess (0x00007943f7617e88) [0x00007943f7617f80, 0x00007943f76180a8] 
[4,459s][debug][gc,nmethod     ] Register NMethod: io.sirix.access.trx.page.NodePageReadOnlyTrx.getPageFragments (0x00007943f84a4788) [0x00007943f84a4880, 0x00007943f84a7fb0] Compiler: c1, Barriers: 32, Oops: 2, ImmediateOops: 3, NonImmediateOops: No
[4,459s][debug][gc,nmethod     ] GC(1) O: Unregister NMethod: io.sirix.axis.filter.FilterAxis.reset (0x0000794416e3fc88) [0x0000794416e3fd80, 0x0000794416e3fee8] 
[4,459s][debug][gc,nmethod     ] GC(1) O: Unregister NMethod: io.sirix.node.NodeSerializerImpl.deserialize (0x00007943f81b0d08) [0x00007943f81b0e00, 0x00007943f81b1258] 
[4,459s][debug][gc,nmethod     ] GC(1) O: Unregister NMethod: jdk.internal.foreign.Utils.isPowerOfTwo (0x00007943f7e59488) [0x00007943f7e59580, 0x00007943f7e596c0] 
[4,459s][debug][gc,nmethod     ] GC(1) O: Unregister NMethod: io.sirix.node.Bytes.elasticOffHeapByteBuffer (0x00007943f7b8bc88) [0x00007943f7b8bd80, 0x00007943f7b8c6c8] 
[4,459s][debug][gc,nmethod     ] GC(1) O: Unregister NMethod: io.brackit.query.atomic.AbstractAtomic.<init> (0x00007943f7b2fd08) [0x00007943f7b2fe00, 0x00007943f7b30018] 
[4,459s][debug][gc,nmethod     ] GC(1) O: Unregister NMethod: io.sirix.node.MemorySegmentBytesIn.readStopBit (0x00007943f7f3fc08) [0x00007943f7f3fd00, 0x00007943f7f3fee0] 
[4,459s][debug][gc,nmethod     ] GC(1) O: Unregister NMethod: io.sirix.access.trx.page.NodePageTrx.prepareRecordForModification (0x0000794416cde788) [0x0000794416cde880, 0x0000794416cdf8b0] 
[4,459s][debug][gc,nmethod     ] GC(1) O: Unregister NMethod: jdk.internal.misc.ScopedMemoryAccess.putLongUnaligned (0x00007943f7a97b88) [0x00007943f7a97c80, 0x00007943f7a98b08] 
[4,459s][debug][gc,nmethod     ] GC(1) O: Unregister NMethod: io.sirix.node.MemorySegmentBytesOut.writeStopBit (0x00007943f7dd8808) [0x00007943f7dd8900, 0x00007943f7dd8ca0] 
[4,459s][debug][gc,nmethod     ] GC(1) O: Unregister NMethod: io.sirix.access.trx.node.AbstractNodeReadOnlyTrx.moveToParent (0x00007943f7bebb08) [0x00007943f7bebc00, 0x00007943f7bec460] 
[4,459s][debug][gc,nmethod     ] GC(1) O: Unregister NMethod: java.lang.invoke.VarHandleGuards.guard_LL_V (0x00007943f740e708) [0x00007943f740e800, 0x00007943f74133e8] 
[4,459s][debug][gc,nmethod     ] GC(1) O: Unregister NMethod: io.sirix.access.trx.page.NodePageReadOnlyTrx.getPageReference (0x00007943f7f31388) [0x00007943f7f31480, 0x00007943f7f326e8] 
[4,459s][debug][gc,nmethod     ] GC(1) O: Unregister NMethod: io.sirix.node.NodeKind$13.serialize (0x00007943f7e48588) [0x00007943f7e48680, 0x00007943f7e48af8] 
[4,459s][debug][gc,nmethod     ] GC(1) O: Unregister NMethod: io.sirix.node.MemorySegmentBytesOut.write (0x00007943f7b55888) [0x00007943f7b55980, 0x00007943f7b55b88] 
[4,459s][debug][gc,nmethod     ] GC(1) O: Unregister NMethod: io.sirix.page.KeyValueLeafPage.getAvailableSpace (0x00007943f7dd3408) [0x00007943f7dd3500, 0x00007943f7dd4278] 
[4,459s][debug][gc,nmethod     ] GC(1) O: Unregister NMethod: io.sirix.axis.pathsummary.AbstractAxis.tryToComputeNext (0x00007943f7f47208) [0x00007943f7f47300, 0x00007943f7f476a0] 
[4,459s][debug][gc,nmethod     ] GC(1) O: Unregister NMethod: net.openhft.hashing.LongHashFunction.unsafeHash (0x00007943f7ba1b08) [0x00007943f7ba1c00, 0x00007943f7ba1f10] 
[4,459s][debug][gc,nmethod     ] GC(1) O: Unregister NMethod: jdk.internal.classfile.impl.AbstractPoolEntry$AbstractRefsEntry.writeTo (0x00007943f7505208) [0x00007943f7505300, 0x00007943f7505ca0] 
[4,459s][debug][gc,nmethod     ] GC(1) O: Unregister NMethod: io.sirix.node.AbstractForwardingNode.getDeweyID (0x00007943f7e42908) [0x00007943f7e42a00, 0x00007943f7e42e68] 
[4,459s][debug][gc,nmethod     ] GC(1) O: Unregister NMethod: java.lang.String.indexOf (0x00007943f758d908) [0x00007943f758da00, 0x00007943f758e220] 
[4,459s][debug][gc,nmethod     ] GC(1) O: Unregister NMethod: java.lang.invoke.VarHandleReferences$FieldInstanceReadWrite.set (0x00007943f746af88) [0x00007943f746b080, 0x00007943f746c0a8] 
[4,459s][debug][gc,nmethod     ] GC(1) O: Unregister NMethod: io.sirix.page.PageKind$1.serializePage (0x00007943f7ec0208) [0x00007943f7ec0300, 0x00007943f7ecdd00] 
[4,459s][debug][gc,nmethod     ] GC(1) O: Unregister NMethod: io.brackit.query.atomic.QNm.<init> (0x00007943f7be7188) [0x00007943f7be7280, 0x00007943f7be7728] 
[4,459s][debug][gc,nmethod     ] GC(1) O: Unregister NMethod: io.sirix.axis.AbstractAxis.hasNext (0x00007943f7f96688) [0x00007943f7f96780, 0x00007943f7f97248] 
[4,459s][debug][gc,nmethod     ] GC(1) O: Unregister NMethod: java.nio.HeapByteBuffer.putLong (0x00007943f7eb1988) [0x00007943f7eb1a80, 0x00007943f7eb1f58] 
[4,459s][debug][gc,nmethod     ] GC(1) O: Unregister NMethod: io.sirix.access.trx.page.NodePageReadOnlyTrx.isMostRecentlyReadPathSummaryPage (0x00007943f7f3ed88) [0x00007943f7f3ee80, 0x00007943f7f3f008] 
[4,459s][debug][gc,nmethod     ] GC(1) O: Unregister NMethod: io.sirix.node.AbstractForwardingNode.getParentKey (0x00007943f7b66588) [0x00007943f7b66680, 0x00007943f7b669b0] 
[4,459s][debug][gc,nmethod     ] GC(1) O: Unregister NMethod: jdk.internal.loader.URLClassPath.getResource (0x00007943f75a8408) [0x00007943f75a8500, 0x00007943f75a8968] 
[4,459s][debug][gc,nmethod     ] GC(1) O: Unregister NMethod: io.sirix.access.trx.page.NodePageReadOnlyTrx.getDataRecord (0x00007943f7f41008) [0x00007943f7f41100, 0x00007943f7f414c0] 
[4,459s][debug][gc,nmethod     ] GC(1) O: Unregister NMethod: java.nio.HeapByteBuffer.put (0x00007943f7f77788) [0x00007943f7f77880, 0x00007943f7f77e10] 
[4,459s][debug][gc,nmethod     ] GC(1) O: Unregister NMethod: jdk.internal.foreign.layout.ValueLayouts$AbstractValueLayout.assertCarrierSize (0x00007943f7e06a88) [0x00007943f7e06b80, 0x00007943f7e06c58] 
[4,459s][debug][gc,nmethod     ] GC(1) O: Unregister NMethod: jdk.internal.classfile.impl.UnboundAttribute$AdHocAttribute.writeTo (0x00007943f76c2b08) [0x00007943f76c2c00, 0x00007943f76c4640] 
[4,459s][debug][gc,nmethod     ] GC(1) O: Unregister NMethod: io.sirix.access.trx.page.NodePageTrx.prepareRecordForModification (0x00007943f7cff888) [0x00007943f7cff980, 0x00007943f7d01808] 
[4,459s][debug][gc,nmethod     ] GC(1) O: Unregister NMethod: io.sirix.access.trx.node.xml.XmlNodeFactoryImpl.createPathNode (0x00007943f8348808) [0x00007943f8348900, 0x00007943f834b9e8] 
[4,459s][debug][gc,nmethod     ] GC(1) O: Unregister NMethod: io.sirix.index.path.summary.PathSummaryReader.putMapping (0x0000794416d90b08) [0x0000794416d90c00, 0x0000794416d90f18] 
[4,459s][debug][gc,nmethod     ] GC(1) O: Unregister NMethod: io.sirix.axis.filter.FilterAxis.nextKey (0x00007943f7c5a888) [0x00007943f7c5a980, 0x00007943f7c5bf90] 
[4,459s][debug][gc,nmethod     ] GC(1) O: Unregister NMethod: io.sirix.query.stream.node.SirixNodeStream.next (0x00007943f7fd7388) [0x00007943f7fd7480, 0x00007943f7fd8368] 
[4,459s][debug][gc,nmethod     ] GC(1) O: Unregister NMethod: io.sirix.access.trx.page.NodePageReadOnlyTrx.getNamePage (0x00007943f7c36288) [0x00007943f7c36380, 0x00007943f7c37358] 
[4,459s][debug][gc,nmethod     ] GC(1) O: Unregister NMethod: java.util.concurrent.locks.ReentrantLock.lock (0x00007943f80cb988) [0x00007943f80cba80, 0x00007943f80cc250] 
[4,459s][debug][gc,nmethod     ] GC(1) O: Unregister NMethod: io.sirix.node.xml.ElementNode.getLastChildKey (0x00007943f7bfbd88) [0x00007943f7bfbe80, 0x00007943f7c00e70] 
[4,459s][debug][gc,nmethod     ] GC(1) O: Unregister NMethod: io.sirix.axis.AbstractAxis.nextLong (0x00007943f7f9ec88) [0x00007943f7f9ed80, 0x00007943f7f9f810] 
[4,459s][debug][gc,nmethod     ] GC(1) O: Unregister NMethod: jdk.internal.misc.Unsafe.checkSize (0x00007943f7959e88) [0x00007943f7959f80, 0x00007943f795a1e0] 
[4,459s][debug][gc,nmethod     ] GC(1) O: Unregister NMethod: io.sirix.access.trx.page.NodePageTrx.createRecord (0x00007943f80b4008) [0x00007943f80b4100, 0x00007943f80ba548] 
[4,459s][debug][gc,nmethod     ] GC(1) O: Unregister NMethod: io.sirix.node.NodeSerializerImpl.serializeDeweyID (0x00007943f7e52a88) [0x00007943f7e52b80, 0x00007943f7e52ef8] 
[4,459s][debug][gc,nmethod     ] GC(1) O: Unregister NMethod: jdk.internal.foreign.layout.ValueLayouts$OfByteImpl.<init> (0x00007943f7e5b808) [0x00007943f7e5b900, 0x00007943f7e5ba58] 
[4,459s][debug][gc,nmethod     ] GC(1) O: Unregister NMethod: java.util.BitSet.get (0x00007943f76a9508) [0x00007943f76a9600, 0x00007943f76aa4a8] 
[4,459s][debug][gc,nmethod     ] GC(1) O: Unregister NMethod: jdk.internal.misc.ScopedMemoryAccess.getLongUnaligned (0x00007943f7a95f88) [0x00007943f7a96080, 0x00007943f7a96ee8] 
[4,459s][debug][gc,nmethod     ] GC(1) O: Unregister NMethod: sun.net.www.ParseUtil.encodePath (0x00007943f75a1808) [0x00007943f75a1900, 0x00007943f75a1ae8] 
[4,459s][debug][gc,nmethod     ] GC(1) O: Unregister NMethod: io.sirix.access.trx.page.NodePageTrx.getPageContainer (0x0000794416cdde88) [0x0000794416cddf80, 0x0000794416cde418] 
[4,459s][debug][gc,nmethod     ] Register NMethod: io.sirix.index.path.summary.PathNode.getURIKey (0x0000794416f0d888) [0x0000794416f0d980, 0x0000794416f0da60] Compiler: jvmci, Barriers: 1, Oops: 1, ImmediateOops: 0, NonImmediateOops: No
[4,459s][debug][gc,nmethod     ] GC(1) O: Unregister NMethod: java.nio.MappedByteBuffer.limit (0x00007943f7bb9588) [0x00007943f7bb9680, 0x00007943f7bb9a40] 
[4,459s][debug][gc,nmethod     ] GC(1) O: Unregister NMethod: net.openhft.hashing.Maths.unsignedLongMulXorFold (0x00007943f7af2a08) [0x00007943f7af2b00, 0x00007943f7af2c38] 
[4,459s][debug][gc,nmethod     ] GC(1) O: Unregister NMethod: it.unimi.dsi.fastutil.longs.LongArrayList.getLong (0x00007943f7b56508) [0x00007943f7b56600, 0x00007943f7b57a90] 
[4,459s][debug][gc,nmethod     ] GC(1) O: Unregister NMethod: jdk.internal.util.ReferencedKeyMap.getNoCheckStale (0x00007943f7423d08) [0x00007943f7423e00, 0x00007943f7424480] 
[4,459s][debug][gc,nmethod     ] GC(1) O: Unregister NMethod: com.sun.org.apache.xerces.internal.impl.XMLNSDocumentScannerImpl.next (0x0000794416cf7a88) [0x0000794416cf7b80, 0x0000794416cf97f8] 
[4,459s][debug][gc,nmethod     ] GC(1) O: Unregister NMethod: it.unimi.dsi.fastutil.shorts.AbstractShortList.ensureIndex (0x00007943f7f5b208) [0x00007943f7f5b300, 0x00007943f7f5d5e0] 
[4,459s][debug][gc,nmethod     ] GC(1) O: Unregister NMethod: jdk.internal.foreign.AbstractMemorySegmentImpl.isAlignedForElement (0x00007943f75bdc08) [0x00007943f75bdd00, 0x00007943f75be6c0] 
[4,459s][debug][gc,nmethod     ] GC(1) O: Unregister NMethod: java.nio.Bits.reserveMemory (0x00007943f7b59f88) [0x00007943f7b5a080, 0x00007943f7b5cfc0] 
[4,459s][debug][gc,nmethod     ] GC(1) O: Unregister NMethod: java.nio.Buffer.<init> (0x00007943f77fd908) [0x00007943f77fda00, 0x00007943f77ff3f8] 
[4,459s][debug][gc,nmethod     ] GC(1) O: Unregister NMethod: io.sirix.access.trx.node.xml.XmlNodeFactoryImpl.createPathNode (0x00007943f7da3b08) [0x00007943f7da3c00, 0x00007943f7da4848] 
[4,459s][debug][gc,nmethod     ] GC(1) O: Unregister NMethod: jdk.internal.foreign.ConfinedSession$ConfinedResourceList.add (0x00007943f7dd2908) [0x00007943f7dd2a00, 0x00007943f7dd2dc8] 
[4,459s][debug][gc,nmethod     ] GC(1) O: Unregister NMethod: io.sirix.access.trx.page.NodePageTrx.getRecord (0x00007943f7adfd08) [0x00007943f7adfe00, 0x00007943f7ae1da0] 
[4,459s][debug][gc,nmethod     ] GC(1) O: Unregister NMethod: java.lang.invoke.VarHandle.checkAccessModeThenIsDirect (0x00007943f7587d08) [0x00007943f7587e00, 0x00007943f7588fa8] 
[4,459s][debug][gc,nmethod     ] GC(1) O: Unregister NMethod: io.sirix.node.xml.ElementNode.getRightSiblingKey (0x00007943f7b4d808) [0x00007943f7b4d900, 0x00007943f7b528f0] 
[4,459s][debug][gc,nmethod     ] GC(1) O: Unregister NMethod: io.sirix.access.trx.node.AbstractNodeReadOnlyTrx.getNodeKey (0x00007943f7b27808) [0x00007943f7b27900, 0x00007943f7b27f68] 
[4,459s][debug][gc,nmethod     ] GC(1) O: Unregister NMethod: jdk.internal.foreign.AbstractMemorySegmentImpl.get (0x00007943f7a79c88) [0x00007943f7a79d80, 0x00007943f7a7d6b0] 
[4,459s][debug][gc,nmethod     ] GC(1) O: Unregister NMethod: io.sirix.node.GrowingMemorySegment.writeInt (0x00007943f7aff808) [0x00007943f7aff900, 0x00007943f7b03730] 
[4,459s][debug][gc,nmethod     ] GC(1) O: Unregister NMethod: java.lang.Class.getSimpleName (0x00007943f7e07e88) [0x00007943f7e07f80, 0x00007943f7e08188] 
[4,459s][debug][gc,nmethod     ] GC(1) O: Unregister NMethod: jdk.internal.foreign.layout.ValueLayouts$AbstractValueLayout.varHandle (0x00007943f78c4b88) [0x00007943f78c4c80, 0x00007943f78c5638] 
[4,459s][debug][gc,nmethod     ] GC(1) O: Unregister NMethod: io.sirix.axis.filter.FilterAxis.<init> (0x00007943f7c5c608) [0x00007943f7c5c700, 0x00007943f7c5f298] 
[4,459s][debug][gc,nmethod     ] GC(1) O: Unregister NMethod: io.sirix.access.trx.node.AbstractNodeHashing.adaptHashesWithAdd (0x00007943f7ba1f88) [0x00007943f7ba2080, 0x00007943f7ba2558] 
[4,459s][debug][gc,nmethod     ] GC(1) O: Unregister NMethod: io.sirix.node.xml.AttributeNode.getParentKey (0x00007943f7c30208) [0x00007943f7c30300, 0x00007943f7c352e8] 
[4,459s][debug][gc,nmethod     ] GC(1) O: Unregister NMethod: java.lang.StringBuilder.toString (0x0000794416c5d808) [0x0000794416c5d900, 0x0000794416c5dcf8] 
[4,459s][debug][gc,nmethod     ] GC(1) O: Unregister NMethod: java.util.BitSet.nextSetBit (0x00007943f7f34308) [0x00007943f7f34400, 0x00007943f7f34968] 
[4,459s][debug][gc,nmethod     ] GC(1) O: Unregister NMethod: jdk.internal.foreign.AbstractMemorySegmentImpl$$Lambda/0x00000000a9220120.apply (0x00007943f7e30a88) [0x00007943f7e30b80, 0x00007943f7e30d00] 
[4,459s][debug][gc,nmethod     ] Register NMethod: java.util.concurrent.locks.AbstractOwnableSynchronizer.<init> (0x00007943f84a8008) [0x00007943f84a8100, 0x00007943f84a8258] Compiler: c1, Barriers: 0, Oops: 0, ImmediateOops: 0, NonImmediateOops: No
[4,460s][debug][gc,nmethod     ] GC(1) O: Unregister NMethod: io.sirix.access.trx.node.AbstractNodeTrxImpl.getDeweyID (0x00007943f7b1cb08) [0x00007943f7b1cc00, 0x00007943f7b1d728] 
[4,460s][debug][gc,nmethod     ] GC(1) O: Unregister NMethod: jdk.internal.foreign.AbstractMemorySegmentImpl.toArray (0x00007943f7e29308) [0x00007943f7e29400, 0x00007943f7e29570] 
[4,460s][debug][gc,nmethod     ] GC(1) O: Unregister NMethod: it.unimi.dsi.fastutil.ints.Int2ObjectOpenHashMap.get (0x0000794416d38388) [0x0000794416d38480, 0x0000794416d388e8] 
[4,460s][debug][gc,nmethod     ] GC(1) O: Unregister NMethod: io.sirix.node.GrowingMemorySegment.writeLong (0x0000794416cd9e88) [0x0000794416cd9f80, 0x0000794416cda418] 
[4,460s][debug][gc,nmethod     ] GC(1) O: Unregister NMethod: io.sirix.node.xml.ElementNode.getLeftSiblingKey (0x00007943f7b3de08) [0x00007943f7b3df00, 0x00007943f7b42ef0] 
[4,460s][debug][gc,nmethod     ] GC(1) O: Unregister NMethod: java.util.ArrayList.getLast (0x00007943f7c63b08) [0x00007943f7c63c00, 0x00007943f7c63f08] 
[4,460s][debug][gc,nmethod     ] GC(1) O: Unregister NMethod: java.lang.ref.SoftReference.get (0x0000794416c8a288) [0x0000794416c8a380, 0x0000794416c8a4a0] 
[4,460s][debug][gc,nmethod     ] GC(1) O: Unregister NMethod: com.sun.org.apache.xerces.internal.xni.XMLString.toString (0x00007943f7d3b208) [0x00007943f7d3b300, 0x00007943f7d3b548] 
[4,460s][debug][gc,nmethod     ] GC(1) O: Unregister NMethod: java.lang.String.<init> (0x00007943f7527588) [0x00007943f7527680, 0x00007943f75279c0] 
[4,460s][debug][gc,nmethod     ] GC(1) O: Unregister NMethod: java.lang.classfile.CodeBuilder.checkcast (0x00007943f76ed288) [0x00007943f76ed380, 0x00007943f76edcb8] 
[4,460s][debug][gc,nmethod     ] GC(1) O: Unregister NMethod: net.openhft.hashing.LongHashFunction.hashBytes (0x00007943f7ca9188) [0x00007943f7ca9280, 0x00007943f7ca93c8] 
[4,460s][debug][gc,nmethod     ] GC(1) O: Unregister NMethod: java.lang.Math.max (0x00007943f74fad08) [0x00007943f74fae00, 0x00007943f74faf28] 
[4,460s][debug][gc,nmethod     ] GC(1) O: Unregister NMethod: io.sirix.node.xml.AbstractStructForwardingNode.incrementChildCount (0x00007943f7da0b88) [0x00007943f7da0c80, 0x00007943f7da0dd0] 
[4,460s][debug][gc,nmethod     ] GC(1) O: Unregister NMethod: java.lang.String.<init> (0x0000794416d2e608) [0x0000794416d2e700, 0x0000794416d2ea48] 
[4,460s][debug][gc,nmethod     ] GC(1) O: Unregister NMethod: io.sirix.index.path.summary.PathSummaryReader.moveTo (0x00007943f7b18a08) [0x00007943f7b18b00, 0x00007943f7b19808] 
[4,460s][debug][gc,nmethod     ] GC(1) O: Unregister NMethod: io.sirix.node.NodeSerializerImpl.writeDeweyID (0x00007943f7ea4708) [0x00007943f7ea4800, 0x00007943f7ea4cf0] 
[4,460s][debug][gc,nmethod     ] GC(1) O: Unregister NMethod: io.sirix.axis.AbstractAxis.tryToComputeNext (0x00007943f7b30788) [0x00007943f7b30880, 0x00007943f7b30fb0] 
[4,460s][debug][gc,nmethod     ] Register NMethod: io.sirix.access.trx.page.NodePageReadOnlyTrx.unpinPageFragments (0x00007943f84a8308) [0x00007943f84a8400, 0x00007943f84b3a90] Compiler: c1, Barriers: 31, Oops: 23, ImmediateOops: 37, NonImmediateOops: No
[4,460s][debug][gc,nmethod     ] GC(1) O: Unregister NMethod: jdk.internal.foreign.AbstractMemorySegmentImpl.asSlice (0x00007943f757b308) [0x00007943f757b400, 0x00007943f757b8f8] 
[4,460s][debug][gc,nmethod     ] GC(1) O: Unregister NMethod: jdk.internal.misc.Unsafe.getLongUnaligned (0x00007943f7a95108) [0x00007943f7a95200, 0x00007943f7a953e0] 
[4,460s][debug][gc,nmethod     ] GC(1) O: Unregister NMethod: java.lang.System$1.blockedOn (0x00007943f7f15e88) [0x00007943f7f15f80, 0x00007943f7f162e0] 
[4,460s][debug][gc,nmethod     ] GC(1) O: Unregister NMethod: io.sirix.query.compiler.translator.SirixTranslator.getAxis (0x00007943f81de188) [0x00007943f81de280, 0x00007943f81e0320] 
[4,460s][debug][gc,nmethod     ] GC(1) O: Unregister NMethod: io.sirix.page.KeyValueLeafPage.getAvailableSpace (0x00007943f7ddfd08) [0x00007943f7ddfe00, 0x00007943f7de58c0] 
[4,460s][debug][gc,nmethod     ] GC(1) O: Unregister NMethod: io.sirix.node.MemorySegmentBytesIn.read (0x00007943f7f78608) [0x00007943f7f78700, 0x00007943f7f78848] 
[4,460s][debug][gc,nmethod     ] GC(1) O: Unregister NMethod: io.sirix.utils.XMLToken.isNCChar (0x00007943f7dad488) [0x00007943f7dad580, 0x00007943f7dad968] 
[4,460s][debug][gc,nmethod     ] GC(1) O: Unregister NMethod: io.sirix.page.delegates.ReferencesPage4.getOrCreateReference (0x00007943f7f49888) [0x00007943f7f49980, 0x00007943f7f4b388] 
[4,460s][debug][gc,nmethod     ] GC(1) O: Unregister NMethod: io.sirix.access.Utils.buildName (0x00007943f7c60188) [0x00007943f7c60280, 0x00007943f7c61278] 
[4,460s][debug][gc,nmethod     ] GC(1) O: Unregister NMethod: java.nio.HeapByteBuffer.<init> (0x00007943f7839688) [0x00007943f7839780, 0x00007943f78398f8] 
[4,460s][debug][gc,nmethod     ] GC(1) O: Unregister NMethod: java.lang.String.checkBoundsOffCount (0x00007943f7464a88) [0x00007943f7464b80, 0x00007943f7464d78] 
[4,460s][debug][gc,nmethod     ] GC(1) O: Unregister NMethod: java.lang.Integer.numberOfTrailingZeros (0x00007943f7f78908) [0x00007943f7f78a00, 0x00007943f7f78c18] 
[4,460s][debug][gc,nmethod     ] GC(1) O: Unregister NMethod: java.lang.CharacterDataLatin1.equalsIgnoreCase (0x0000794416c90788) [0x0000794416c90880, 0x0000794416c90990] 
[4,460s][debug][gc,nmethod     ] GC(1) O: Unregister NMethod: io.sirix.node.xml.AttributeNode.getDeweyID (0x00007943f7eb1208) [0x00007943f7eb1300, 0x00007943f7eb1628] 
[4,460s][debug][gc,nmethod     ] GC(1) O: Unregister NMethod: io.sirix.access.trx.page.NodePageTrx.getRecord (0x00007943f7cfd488) [0x00007943f7cfd580, 0x00007943f7cff520] 
[4,460s][debug][gc,nmethod     ] GC(1) O: Unregister NMethod: io.sirix.index.path.summary.PathSummaryReader.putQNameMapping (0x00007943f7da3408) [0x00007943f7da3500, 0x00007943f7da37a0] 
[4,460s][debug][gc,nmethod     ] GC(1) O: Unregister NMethod: sun.net.util.IPAddressUtil.checkHostString (0x00007943f74cd708) [0x00007943f74cd800, 0x00007943f74cda00] 
[4,460s][debug][gc,nmethod     ] GC(1) O: Unregister NMethod: it.unimi.dsi.fastutil.ints.Int2ObjectOpenHashMap.get (0x00007943f7c37f08) [0x00007943f7c38000, 0x00007943f7c38670] 
[4,460s][debug][gc,nmethod     ] GC(1) O: Unregister NMethod: io.sirix.page.KeyValueLeafPage.getLastIndex (0x00007943f7dd1688) [0x00007943f7dd1780, 0x00007943f7dd18b0] 
[4,460s][debug][gc,nmethod     ] GC(1) O: Unregister NMethod: com.sun.org.apache.xerces.internal.impl.XMLDocumentFragmentScannerImpl.checkDepth (0x00007943f7c81588) [0x00007943f7c81680, 0x00007943f7c848d8] 
[4,460s][debug][gc,nmethod     ] GC(1) O: Unregister NMethod: java.util.concurrent.ConcurrentLinkedDeque.first (0x00007943f7dc3508) [0x00007943f7dc3600, 0x00007943f7dc3940] 
[4,460s][debug][gc,nmethod     ] GC(1) O: Unregister NMethod: io.sirix.access.trx.node.AbstractNodeReadOnlyTrx.moveToParent (0x0000794416d2ca88) [0x0000794416d2cb80, 0x0000794416d2de20] 
[4,460s][debug][gc,nmethod     ] GC(1) O: Unregister NMethod: io.sirix.page.KeyValueLeafPage.processEntries (0x00007943f8113688) [0x00007943f8113780, 0x00007943f8127c68] 
[4,460s][debug][gc,nmethod     ] GC(1) O: Unregister NMethod: com.sun.org.apache.xerces.internal.impl.XMLEntityScanner.skipString (0x00007943f7ce2188) [0x00007943f7ce2280, 0x00007943f7ce33a0] 
[4,460s][debug][gc,nmethod     ] GC(1) O: Unregister NMethod: io.sirix.page.KeyValueLeafPage.getSlotAsByteArray (0x00007943f795a508) [0x00007943f795a600, 0x00007943f795ac98] 
[4,460s][debug][gc,nmethod     ] GC(1) O: Unregister NMethod: io.sirix.access.trx.page.NodePageReadOnlyTrx.getValue (0x0000794416cd6b88) [0x0000794416cd6c80, 0x0000794416cd6e20] 
[4,460s][debug][gc,nmethod     ] GC(1) O: Unregister NMethod: io.brackit.query.node.parser.SAX2SubtreeHandlerAdapter.handleText (0x0000794416d46588) [0x0000794416d46680, 0x0000794416d48080] 
[4,460s][debug][gc,nmethod     ] GC(1) O: Unregister NMethod: java.util.concurrent.ForkJoinPool.slotOffset (0x00007943f75bd908) [0x00007943f75bda00, 0x00007943f75bdaf8] 
[4,460s][debug][gc,nmethod     ] GC(1) O: Unregister NMethod: jdk.internal.foreign.AbstractMemorySegmentImpl.toArray (0x00007943f7e2b008) [0x00007943f7e2b100, 0x00007943f7e2ccc0] 
[4,460s][debug][gc,nmethod     ] GC(1) O: Unregister NMethod: io.sirix.access.trx.node.xml.ForwardingXmlNodeReadOnlyTrx.hasRightSibling (0x00007943f7bf7508) [0x00007943f7bf7600, 0x00007943f7bf7c00] 
[4,460s][debug][gc,nmethod     ] GC(1) O: Unregister NMethod: io.sirix.access.trx.page.NodePageReadOnlyTrx.getRecord (0x00007943f7f3b488) [0x00007943f7f3b580, 0x00007943f7f3bbf0] 
[4,460s][debug][gc,nmethod     ] GC(1) O: Unregister NMethod: java.util.HashSet.add (0x00007943f7434288) [0x00007943f7434380, 0x00007943f7434710] 
[4,460s][debug][gc,nmethod     ] GC(1) O: Unregister NMethod: io.sirix.node.SirixDeweyID.toBytes (0x00007943f7e30488) [0x00007943f7e30580, 0x00007943f7e306d0] 
[4,460s][debug][gc,nmethod     ] GC(1) O: Unregister NMethod: io.sirix.page.KeyValueLeafPage.setDeweyId (0x00007943f7f7a088) [0x00007943f7f7a180, 0x00007943f7f7a3d8] 
[4,460s][debug][gc,nmethod     ] GC(1) O: Unregister NMethod: io.sirix.node.xml.AttributeNode.computeHash (0x00007943f7d76c88) [0x00007943f7d76d80, 0x00007943f7d8d5e0] 
[4,460s][debug][gc,nmethod     ] GC(1) O: Unregister NMethod: io.sirix.node.xml.ElementNode.computeHash (0x00007943f7d04d88) [0x00007943f7d04e80, 0x00007943f7d344c8] 
[4,460s][debug][gc,nmethod     ] GC(1) O: Unregister NMethod: io.sirix.utils.XMLToken.isNCStartChar (0x0000794416cefe88) [0x0000794416ceff80, 0x0000794416cf0060] 
[4,460s][debug][gc,nmethod     ] GC(1) O: Unregister NMethod: io.sirix.access.trx.page.NodePageTrx.getPageContainer (0x0000794416ce8308) [0x0000794416ce8400, 0x0000794416ce8ad0] 
[4,460s][debug][gc,nmethod     ] GC(1) O: Unregister NMethod: jdk.internal.foreign.NativeMemorySegmentImpl.dup (0x0000794416cb6288) [0x0000794416cb63a0, 0x0000794416cb64f0] 
[4,460s][debug][gc,nmethod     ] GC(1) O: Unregister NMethod: com.sun.org.apache.xerces.internal.util.AugmentationsImpl$SmallContainer.clear (0x00007943f7d3b588) [0x00007943f7d3b680, 0x00007943f7d3be00] 
[4,460s][debug][gc,nmethod     ] Register NMethod: sun.nio.fs.UnixPath.initOffsets (0x00007943f84b3b88) [0x00007943f84b3c80, 0x00007943f84b46f0] Compiler: c1, Barriers: 8, Oops: 0, ImmediateOops: 0, NonImmediateOops: No
[4,460s][debug][gc,nmethod     ] GC(1) O: Unregister NMethod: io.sirix.page.KeyValueLeafPage.setDeweyId (0x00007943f7f8f188) [0x00007943f7f8f280, 0x00007943f7f8f568] 
[4,460s][debug][gc,nmethod     ] GC(1) O: Unregister NMethod: com.sun.org.apache.xerces.internal.impl.XMLDocumentFragmentScannerImpl.getString (0x00007943f7d3c808) [0x00007943f7d3c900, 0x00007943f7d3d530] 
[4,460s][debug][gc,nmethod     ] GC(1) O: Unregister NMethod: it.unimi.dsi.fastutil.ints.Int2IntOpenHashMap.getOrDefault (0x00007943f7f3f088) [0x00007943f7f3f180, 0x00007943f7f3f598] 
[4,460s][debug][gc,nmethod     ] GC(1) O: Unregister NMethod: com.sun.org.apache.xerces.internal.xni.QName.setValues (0x00007943f7d34888) [0x00007943f7d34980, 0x00007943f7d34d38] 
[4,460s][debug][gc,nmethod     ] GC(1) O: Unregister NMethod: io.sirix.index.name.Names.setName (0x00007943f7c3e888) [0x00007943f7c3e980, 0x00007943f7c40bd0] 
[4,460s][debug][gc,nmethod     ] GC(1) O: Unregister NMethod: io.sirix.cache.IndexLogKey.hashCode (0x00007943f7c76a88) [0x00007943f7c76b80, 0x00007943f7c76f28] 
[4,460s][debug][gc,nmethod     ] GC(1) O: Unregister NMethod: java.lang.StringUTF16.compress (0x00007943f8070008) [0x00007943f8070100, 0x00007943f8070330] 
[4,460s][debug][gc,nmethod     ] GC(1) O: Unregister NMethod: jdk.internal.foreign.HeapMemorySegmentImpl$OfByte.<init> (0x00007943f7e34b88) [0x00007943f7e34c80, 0x00007943f7e34f98] 
[4,461s][debug][gc,nmethod     ] GC(1) O: Unregister NMethod: jdk.internal.util.ArraysSupport.hashCode (0x00007943f7751908) [0x00007943f7751a00, 0x00007943f7751eb0] 
[4,461s][debug][gc,nmethod     ] GC(1) O: Unregister NMethod: jdk.internal.foreign.MemorySessionImpl.<init> (0x00007943f7b53908) [0x00007943f7b53a00, 0x00007943f7b53c48] 
[4,461s][debug][gc,nmethod     ] GC(1) O: Unregister NMethod: io.sirix.access.trx.page.NodePageReadOnlyTrx.getLeafPageReference (0x00007943f7f5ae08) [0x00007943f7f5af00, 0x00007943f7f5b1f8] 
[4,461s][debug][gc,nmethod     ] GC(1) O: Unregister NMethod: java.net.URLStreamHandler.setURL (0x00007943f75c6908) [0x00007943f75c6a00, 0x00007943f75c8638] 
[4,461s][debug][gc,nmethod     ] GC(1) O: Unregister NMethod: com.sun.org.apache.xerces.internal.impl.XMLNSDocumentScannerImpl.next (0x00007943f7b32c88) [0x00007943f7b32d80, 0x00007943f7b33268] 
[4,461s][debug][gc,nmethod     ] GC(1) O: Unregister NMethod: java.lang.invoke.SegmentVarHandle.checkSegment (0x00007943f7a2fb88) [0x00007943f7a2fc80, 0x00007943f7a33598] 
[4,461s][debug][gc,nmethod     ] GC(1) O: Unregister NMethod: java.lang.classfile.CodeBuilder.loadConstant (0x00007943f782aa08) [0x00007943f782ab00, 0x00007943f782dad8] 
[4,461s][debug][gc,nmethod     ] GC(1) O: Unregister NMethod: io.sirix.node.GrowingMemorySegment.writeByte (0x00007943f7afb408) [0x00007943f7afb500, 0x00007943f7aff130] 
[4,461s][debug][gc,nmethod     ] GC(1) O: Unregister NMethod: java.lang.String.<init> (0x0000794416d37c08) [0x0000794416d37d00, 0x0000794416d38080] 
[4,461s][debug][gc,nmethod     ] Register NMethod: cn.danielw.fop.PoolConfig.getMinSize (0x0000794416f0db88) [0x0000794416f0dc80, 0x0000794416f0dd40] Compiler: c1, Barriers: 0, Oops: 1, ImmediateOops: 0, NonImmediateOops: No
[4,461s][debug][gc,nmethod     ] GC(1) O: Unregister NMethod: io.sirix.axis.filter.AbstractFilter.<init> (0x00007943f7be3608) [0x00007943f7be3700, 0x00007943f7be3c38] 
[4,461s][debug][gc,nmethod     ] GC(1) O: Unregister NMethod: io.sirix.page.NamePage.setName (0x00007943f80eaf88) [0x00007943f80eb080, 0x00007943f80ec640] 
[4,461s][debug][gc,nmethod     ] GC(1) O: Unregister NMethod: io.sirix.page.delegates.ReferencesPage4.getOrCreateReference (0x00007943f7f38188) [0x00007943f7f38280, 0x00007943f7f38888] 
[4,461s][debug][gc,nmethod     ] GC(1) O: Unregister NMethod: io.sirix.access.trx.node.AbstractNodeTrxImpl.getCurrentNode (0x00007943f7ae8908) [0x00007943f7ae8a00, 0x00007943f7ae8d70] 
[4,461s][debug][gc,nmethod     ] GC(1) O: Unregister NMethod: com.sun.org.apache.xerces.internal.impl.XMLDocumentFragmentScannerImpl.getCharacterData (0x00007943f7c0bd08) [0x00007943f7c0be00, 0x00007943f7c0bfc8] 
[4,461s][debug][gc,nmethod     ] GC(1) O: Unregister NMethod: io.sirix.access.trx.node.xml.XmlNodeReadOnlyTrxImpl.getNameNode (0x00007943f7cc7c88) [0x00007943f7cc7d80, 0x00007943f7cc85c8] 
[4,461s][debug][gc,nmethod     ] GC(1) O: Unregister NMethod: io.sirix.axis.filter.FilterAxis.<init> (0x0000794416d41e08) [0x0000794416d41f00, 0x0000794416d43080] 
[4,461s][debug][gc,nmethod     ] GC(1) O: Unregister NMethod: io.sirix.index.path.summary.PathSummaryReader.getLevel (0x00007943f7ce3d08) [0x00007943f7ce3e00, 0x00007943f7ce5570] 
[4,461s][debug][gc,nmethod     ] GC(1) O: Unregister NMethod: io.sirix.api.PageReadOnlyTrx.recordPageOffset (0x00007943f7ac5588) [0x00007943f7ac5680, 0x00007943f7ac5778] 
[4,461s][debug][gc,nmethod     ] GC(1) O: Unregister NMethod: java.lang.classfile.CodeBuilder.invoke (0x00007943f7792d88) [0x00007943f7792e80, 0x00007943f7793618] 
[4,461s][debug][gc,nmethod     ] GC(1) O: Unregister NMethod: jdk.internal.classfile.impl.SplitConstantPool.maybeCloneUtf8Entry (0x0000794416c30688) [0x0000794416c30780, 0x0000794416c30cc0] 
[4,461s][debug][gc,nmethod     ] GC(1) O: Unregister NMethod: java.lang.invoke.InnerClassLambdaMetafactory$6.accept (0x00007943f796b508) [0x00007943f796b600, 0x00007943f7971918] 
[4,461s][debug][gc,nmethod     ] GC(1) O: Unregister NMethod: io.sirix.node.delegates.StructNodeDelegate.<init> (0x00007943f7f45588) [0x00007943f7f45680, 0x00007943f7f458e0] 
[4,461s][debug][gc,nmethod     ] GC(1) O: Unregister NMethod: io.sirix.cache.LinuxMemorySegmentAllocator.release (0x00007943f7f1a508) [0x00007943f7f1a600, 0x00007943f7f1d900] 
[4,461s][debug][gc,nmethod     ] GC(1) O: Unregister NMethod: io.sirix.access.trx.page.NodePageTrx.lambda$getPageContainer$0 (0x00007943f7f3a288) [0x00007943f7f3a380, 0x00007943f7f3a6f8] 
[4,461s][debug][gc,nmethod     ] GC(1) O: Unregister NMethod: java.util.Arrays.fill (0x00007943f7535108) [0x00007943f7535200, 0x00007943f7535388] 
[4,461s][debug][gc,nmethod     ] GC(1) O: Unregister NMethod: sun.security.provider.SHA2.implCompress (0x00007943f7eb0588) [0x00007943f7eb0680, 0x00007943f7eb0a90] 
[4,461s][debug][gc,nmethod     ] GC(1) O: Unregister NMethod: java.util.ArrayList.<init> (0x00007943f75a0b88) [0x00007943f75a0c80, 0x00007943f75a0f20] 
[4,461s][debug][gc,nmethod     ] GC(1) O: Unregister NMethod: io.sirix.access.trx.node.AbstractIndexController.notifyChange (0x00007943f7b9c688) [0x00007943f7b9c780, 0x00007943f7b9d638] 
[4,461s][debug][gc,nmethod     ] GC(1) O: Unregister NMethod: io.sirix.node.GrowingMemorySegment.writeLong (0x00007943f7ad0108) [0x00007943f7ad0200, 0x00007943f7ad4040] 
[4,461s][debug][gc,nmethod     ] GC(1) O: Unregister NMethod: jdk.internal.misc.ScopedMemoryAccess.getLongUnaligned (0x0000794416d58888) [0x0000794416d58980, 0x0000794416d58b40] 
[4,461s][debug][gc,nmethod     ] GC(1) O: Unregister NMethod: jdk.internal.foreign.HeapMemorySegmentImpl$OfByte.unsafeGetOffset (0x00007943f7e04808) [0x00007943f7e04900, 0x00007943f7e04a00] 
[4,461s][debug][gc,nmethod     ] GC(1) O: Unregister NMethod: io.sirix.node.xml.TextNode.<init> (0x00007943f8033d88) [0x00007943f8033e80, 0x00007943f8034168] 
[4,461s][debug][gc,nmethod     ] GC(1) O: Unregister NMethod: jdk.internal.foreign.AbstractMemorySegmentImpl.asSlice (0x00007943f7ba1588) [0x00007943f7ba1680, 0x00007943f7ba1ac0] 
[4,461s][debug][gc,nmethod     ] GC(1) O: Unregister NMethod: net.openhft.hashing.XXH3.XXH3_mix16B (0x00007943f7af6d08) [0x00007943f7af6e00, 0x00007943f7af8790] 
[4,461s][debug][gc,nmethod     ] GC(1) O: Unregister NMethod: java.lang.Integer.valueOf (0x00007943f752b208) [0x00007943f752b300, 0x00007943f752b618] 
[4,461s][debug][gc,nmethod     ] GC(1) O: Unregister NMethod: io.sirix.page.PageKind$1.serializePage (0x00007943f7ece388) [0x00007943f7ece480, 0x00007943f7edc1c0] 
[4,461s][debug][gc,nmethod     ] GC(1) O: Unregister NMethod: jdk.internal.foreign.AbstractMemorySegmentImpl.asSliceNoCheck (0x00007943f7636408) [0x00007943f7636500, 0x00007943f7636840] 
[4,461s][debug][gc,nmethod     ] GC(1) O: Unregister NMethod: java.util.concurrent.ConcurrentLinkedDeque.poll (0x00007943f7dc3208) [0x00007943f7dc3300, 0x00007943f7dc3418] 
[4,461s][debug][gc,nmethod     ] GC(1) O: Unregister NMethod: io.sirix.cache.LinuxMemorySegmentAllocator.partitionVirtualRegion (0x0000794416ca0c88) [0x0000794416ca0d80, 0x0000794416ca1be8] 
[4,461s][debug][gc,nmethod     ] GC(1) O: Unregister NMethod: java.lang.String.getBytes (0x00007943f7bb9a88) [0x00007943f7bb9b80, 0x00007943f7bba018] 
[4,461s][debug][gc,nmethod     ] GC(1) O: Unregister NMethod: io.sirix.page.KeyValueLeafPage.setRecord (0x00007943f7b1de08) [0x00007943f7b1df00, 0x00007943f7b1e538] 
[4,461s][debug][gc,nmethod     ] GC(1) O: Unregister NMethod: net.openhft.hashing.XXH3.XXH3_64bits_internal (0x00007943f7bbe508) [0x00007943f7bbe600, 0x00007943f7bdcfc8] 
[4,461s][debug][gc,nmethod     ] GC(1) O: Unregister NMethod: java.util.concurrent.ForkJoinPool.deactivate (0x00007943f7f2a708) [0x00007943f7f2a800, 0x00007943f7f2b518] 
[4,461s][debug][gc,nmethod     ] GC(1) O: Unregister NMethod: jdk.internal.foreign.abi.SharedUtils.checkNative (0x00007943f7f14a08) [0x00007943f7f14b00, 0x00007943f7f14ee0] 
[4,461s][debug][gc,nmethod     ] GC(1) O: Unregister NMethod: io.sirix.page.KeyValueLeafPage.getNumberOfNonNullEntries (0x00007943f808f708) [0x00007943f808f800, 0x00007943f808fdb0] 
[4,461s][debug][gc,nmethod     ] GC(1) O: Unregister NMethod: io.sirix.node.xml.ElementNode.setDescendantCount (0x00007943f7b09088) [0x00007943f7b09180, 0x00007943f7b0cb10] 
[4,461s][debug][gc,nmethod     ] GC(1) O: Unregister NMethod: io.brackit.query.node.parser.SAX2SubtreeHandlerAdapter$TrimmingStringBuilder.append (0x00007943f7c13588) [0x00007943f7c13680, 0x00007943f7c13b10] 
[4,461s][debug][gc,nmethod     ] GC(1) O: Unregister NMethod: io.sirix.index.path.summary.PathSummaryReader.moveTo (0x00007943f7f37308) [0x00007943f7f37400, 0x00007943f7f38108] 
[4,461s][debug][gc,nmethod     ] GC(1) O: Unregister NMethod: com.sun.org.apache.xerces.internal.impl.XMLNSDocumentScannerImpl.next (0x00007943f7d9f508) [0x00007943f7d9f600, 0x00007943f7d9fad0] 
[4,461s][debug][gc,nmethod     ] GC(1) O: Unregister NMethod: io.sirix.access.trx.page.NodePageReadOnlyTrx.pageKey (0x00007943f7ab4c88) [0x00007943f7ab4d80, 0x00007943f7ab5500] 
[4,461s][debug][gc,nmethod     ] GC(1) O: Unregister NMethod: com.sun.org.apache.xerces.internal.impl.XMLEntityScanner.skipString (0x00007943f80f1c08) [0x00007943f80f1d00, 0x00007943f80f2e20] 
[4,461s][debug][gc,nmethod     ] GC(1) O: Unregister NMethod: jdk.internal.foreign.ArenaImpl.allocate (0x0000794416d0a788) [0x0000794416d0a880, 0x0000794416d0b1b8] 
[4,461s][debug][gc,nmethod     ] GC(1) O: Unregister NMethod: io.sirix.utils.NamePageHash.generateHashForString (0x00007943f7c0c708) [0x00007943f7c0c800, 0x00007943f7c0cad8] 
[4,461s][debug][gc,nmethod     ] GC(1) O: Unregister NMethod: java.lang.StringLatin1.compareTo (0x00007943f77b1108) [0x00007943f77b1200, 0x00007943f77b1550] 
[4,461s][debug][gc,nmethod     ] GC(1) O: Unregister NMethod: com.sun.org.apache.xerces.internal.parsers.AbstractSAXParser.endElement (0x00007943f7c93488) [0x00007943f7c93580, 0x00007943f7c93e78] 
[4,461s][debug][gc,nmethod     ] GC(1) O: Unregister NMethod: io.sirix.access.trx.node.AbstractNodeReadOnlyTrx.hasRightSibling (0x00007943f7bf8308) [0x00007943f7bf8400, 0x00007943f7bf8c20] 
[4,461s][debug][gc,nmethod     ] GC(1) O: Unregister NMethod: io.sirix.node.MemorySegmentBytesIn.readInt (0x00007943f7f41808) [0x00007943f7f41900, 0x00007943f7f45510] 
[4,461s][debug][gc,nmethod     ] GC(1) O: Unregister NMethod: io.sirix.cache.LinuxMemorySegmentAllocator.partitionVirtualRegion (0x00007943f7783688) [0x00007943f7783780, 0x00007943f7784700] 
[4,461s][debug][gc,nmethod     ] GC(1) O: Unregister NMethod: jdk.internal.foreign.layout.ValueLayouts$AbstractValueLayout.assertCarrierSize (0x00007943f7e5a608) [0x00007943f7e5a700, 0x00007943f7e5a810] 
[4,461s][debug][gc,nmethod     ] GC(1) O: Unregister NMethod: io.sirix.index.path.summary.PathSummaryReader.moveTo (0x0000794416cf1a08) [0x0000794416cf1b00, 0x0000794416cf1d40] 
[4,461s][debug][gc,nmethod     ] GC(1) O: Unregister NMethod: io.sirix.cache.LinuxMemorySegmentAllocator.partitionVirtualRegion (0x00007943f74c0808) [0x00007943f74c0900, 0x00007943f74c1718] 
[4,461s][debug][gc,nmethod     ] GC(1) O: Unregister NMethod: io.sirix.access.trx.node.xml.XmlNodeReadOnlyTrxImpl.getNode (0x00007943f80cd788) [0x00007943f80cd880, 0x00007943f80cdb78] 
[4,461s][debug][gc,nmethod     ] GC(1) O: Unregister NMethod: com.sun.org.apache.xerces.internal.parsers.AbstractSAXParser$AttributesProxy.getValue (0x00007943f7d3f108) [0x00007943f7d3f200, 0x00007943f7d3f560] 
[4,461s][debug][gc,nmethod     ] GC(1) O: Unregister NMethod: io.sirix.query.compiler.translator.SirixTranslator$Child.performStep (0x00007943f81e0388) [0x00007943f81e0480, 0x00007943f81e14c8] 
[4,461s][debug][gc,nmethod     ] GC(1) O: Unregister NMethod: sun.security.provider.SHA2.implCompress0 (0x00007943f7ea4d08) [0x00007943f7ea4e00, 0x00007943f7ea5ab0] 
[4,461s][debug][gc,nmethod     ] GC(1) O: Unregister NMethod: java.lang.Math.clamp (0x00007943f7576488) [0x00007943f7576580, 0x00007943f7577648] 
[4,461s][debug][gc,nmethod     ] GC(1) O: Unregister NMethod: io.brackit.query.atomic.AbstractAtomic.atomize (0x00007943f8267308) [0x00007943f8267400, 0x00007943f8267500] 
[4,461s][debug][gc,nmethod     ] GC(1) O: Unregister NMethod: io.sirix.access.trx.node.AbstractNodeHashing.isValueNode (0x00007943f7ba2588) [0x00007943f7ba2680, 0x00007943f7ba4248] 
[4,462s][debug][gc,nmethod     ] GC(1) O: Unregister NMethod: io.sirix.page.KeyValueLeafPage.updateFreeSpaceStart (0x00007943f7ddd688) [0x00007943f7ddd780, 0x00007943f7dddd08] 
[4,462s][debug][gc,nmethod     ] GC(1) O: Unregister NMethod: sun.security.provider.DigestBase.implCompressMultiBlock0 (0x00007943f7f13388) [0x00007943f7f13480, 0x00007943f7f138e8] 
[4,462s][debug][gc,nmethod     ] GC(1) O: Unregister NMethod: java.nio.charset.Charset.defaultCharset (0x00007943f7c40c08) [0x00007943f7c40d00, 0x00007943f7c40df8] 
[4,462s][debug][gc,nmethod     ] GC(1) O: Unregister NMethod: jdk.internal.foreign.Utils.isPowerOfTwo (0x00007943f7e05908) [0x00007943f7e05a00, 0x00007943f7e05b08] 
[4,462s][debug][gc,nmethod     ] GC(1) O: Unregister NMethod: io.sirix.cache.PageContainer.getModifiedAsUnorderedKeyValuePage (0x00007943f7ac9f88) [0x00007943f7aca080, 0x00007943f7aca3b8] 
[4,462s][debug][gc,nmethod     ] GC(1) O: Unregister NMethod: jdk.internal.classfile.impl.StackMapGenerator.of (0x00007943f7713f08) [0x00007943f7714000, 0x00007943f7715570] 
[4,462s][debug][gc,nmethod     ] GC(1) O: Unregister NMethod: java.lang.Long.hashCode (0x00007943f751f388) [0x00007943f751f480, 0x00007943f751f570] 
[4,462s][debug][gc,nmethod     ] GC(1) O: Unregister NMethod: com.sun.org.apache.xerces.internal.parsers.AbstractSAXParser.characters (0x0000794416d40f88) [0x0000794416d41080, 0x0000794416d41830] 
[4,462s][debug][gc,nmethod     ] GC(1) O: Unregister NMethod: java.lang.Long.bitCount (0x00007943f7a79188) [0x00007943f7a79280, 0x00007943f7a793e8] 
[4,462s][debug][gc,nmethod     ] GC(1) O: Unregister NMethod: io.sirix.node.NodeKind$1.deserialize (0x00007943f803ed08) [0x00007943f803ee00, 0x00007943f80421e0] 
[4,462s][debug][gc,nmethod     ] GC(1) O: Unregister NMethod: io.sirix.node.xml.ElementNode.incrementChildCount (0x00007943f7ba6e88) [0x00007943f7ba6f80, 0x00007943f7ba76b0] 
[4,462s][debug][gc,nmethod     ] GC(1) O: Unregister NMethod: io.sirix.page.KeyValueLeafPage.setData (0x0000794416db9688) [0x0000794416db9780, 0x0000794416dbc9a0] 
[4,462s][debug][gc,nmethod     ] GC(1) O: Unregister NMethod: java.lang.Long.numberOfTrailingZeros (0x00007943f7f78c88) [0x00007943f7f78d80, 0x00007943f7f78f28] 
[4,462s][debug][gc,nmethod     ] GC(1) O: Unregister NMethod: io.sirix.cache.IndexLogKey.equals (0x00007943f7d75e88) [0x00007943f7d75f80, 0x00007943f7d768c8] 
[4,462s][debug][gc,nmethod     ] GC(1) O: Unregister NMethod: io.sirix.node.NodeKind$13.deserialize (0x00007943f7f46208) [0x00007943f7f46300, 0x00007943f7f46700] 
[4,462s][debug][gc,nmethod     ] GC(1) O: Unregister NMethod: io.sirix.node.SirixDeweyID.setDivisionBitArray (0x00007943f7e2aa08) [0x00007943f7e2ab00, 0x00007943f7e2afc8] 
[4,462s][debug][gc,nmethod     ] GC(1) O: Unregister NMethod: java.util.HashMap.computeIfAbsent (0x00007943f7530608) [0x00007943f7530700, 0x00007943f7532f08] 
[4,462s][debug][gc,nmethod     ] GC(1) O: Unregister NMethod: com.sun.org.apache.xerces.internal.parsers.AbstractSAXParser.characters (0x00007943f7c0c008) [0x00007943f7c0c100, 0x00007943f7c0c6a8] 
[4,462s][debug][gc,nmethod     ] GC(1) O: Unregister NMethod: io.sirix.page.KeyValueLeafPage.alignOffset (0x00007943f7a60608) [0x00007943f7a60700, 0x00007943f7a607e8] 
[4,462s][debug][gc,nmethod     ] GC(1) O: Unregister NMethod: com.sun.org.apache.xerces.internal.xni.XMLString.append (0x00007943f7d3ac08) [0x00007943f7d3ad00, 0x00007943f7d3b1d8] 
[4,462s][debug][gc,nmethod     ] GC(1) O: Unregister NMethod: jdk.internal.foreign.MemorySessionImpl.addInternal (0x00007943f7dcfc88) [0x00007943f7dcfd80, 0x00007943f7dd0cf0] 
[4,462s][debug][gc,nmethod     ] GC(1) O: Unregister NMethod: io.sirix.axis.pathsummary.AbstractAxis.hasNext (0x00007943f7f40288) [0x00007943f7f40380, 0x00007943f7f406c8] 
[4,462s][debug][gc,nmethod     ] GC(1) O: Unregister NMethod: java.lang.Class.getPackageName (0x00007943f748d988) [0x00007943f748da80, 0x00007943f748fc88] 
[4,462s][debug][gc,nmethod     ] GC(1) O: Unregister NMethod: java.nio.Buffer.session (0x00007943f7486888) [0x00007943f7486980, 0x00007943f7486d88] 
[4,462s][debug][gc,nmethod     ] GC(1) O: Unregister NMethod: java.lang.invoke.DirectMethodHandle.allocateInstance (0x00007943f75bc508) [0x00007943f75bc600, 0x00007943f75bcb20] 
[4,462s][debug][gc,nmethod     ] GC(1) O: Unregister NMethod: jdk.internal.foreign.SegmentFactories.initNativeMemory (0x00007943f75e4a08) [0x00007943f75e4b00, 0x00007943f75e4d20] 
[4,462s][debug][gc,nmethod     ] GC(1) O: Unregister NMethod: java.nio.ByteBuffer.order (0x00007943f7b8ad08) [0x00007943f7b8ae00, 0x00007943f7b8b020] 
[4,462s][debug][gc,nmethod     ] GC(1) O: Unregister NMethod: it.unimi.dsi.fastutil.longs.LongArrayList.add (0x00007943f7b39808) [0x00007943f7b39900, 0x00007943f7b39bd8] 
[4,462s][debug][gc,nmethod     ] GC(1) O: Unregister NMethod: java.lang.Class.reflectionData (0x00007943f75b4b88) [0x00007943f75b4c80, 0x00007943f75b52d8] 
[4,462s][debug][gc,nmethod     ] GC(1) O: Unregister NMethod: io.sirix.access.trx.page.NodePageTrx.prepareRecordPage (0x00007943f7ad4088) [0x00007943f7ad4180, 0x00007943f7ad6728] 
[4,462s][debug][gc,nmethod     ] GC(1) O: Unregister NMethod: io.sirix.node.NodeKind$1.serialize (0x00007943f7e5dc88) [0x00007943f7e5dd80, 0x00007943f7e98c38] 
[4,462s][debug][gc,nmethod     ] GC(1) O: Unregister NMethod: org.magicwerk.brownies.collections.GapList.doGet (0x00007943f8083888) [0x00007943f8083980, 0x00007943f8083cb8] 
[4,462s][debug][gc,nmethod     ] GC(1) O: Unregister NMethod: io.sirix.node.NodeKind$2.serialize (0x00007943f7eea988) [0x00007943f7eeaa80, 0x00007943f7f0f400] 
[4,462s][debug][gc,nmethod     ] GC(1) O: Unregister NMethod: jdk.internal.foreign.SegmentFactories$1.cleanup (0x00007943f7e2a308) [0x00007943f7e2a400, 0x00007943f7e2a9c0] 
[4,462s][debug][gc,nmethod     ] GC(1) O: Unregister NMethod: io.sirix.node.xml.ElementNode.getPrefixKey (0x00007943f7ca2a08) [0x00007943f7ca2b00, 0x00007943f7ca7af0] 
[4,462s][debug][gc,nmethod     ] GC(1) O: Unregister NMethod: java.lang.Integer.rotateRight (0x00007943f78c4888) [0x00007943f78c4980, 0x00007943f78c4a70] 
[4,462s][debug][gc,nmethod     ] GC(1) O: Unregister NMethod: java.util.concurrent.atomic.AtomicLong.incrementAndGet (0x00007943f7a89808) [0x00007943f7a89900, 0x00007943f7a89a18] 
[4,462s][debug][gc,nmethod     ] GC(1) O: Unregister NMethod: jdk.internal.foreign.layout.MemoryLayoutUtil.requireByteSizeValid (0x00007943f7e05408) [0x00007943f7e05500, 0x00007943f7e058a0] 
[4,462s][debug][gc,nmethod     ] GC(1) O: Unregister NMethod: com.sun.org.apache.xerces.internal.util.XMLChar.isContent (0x00007943f7ad6788) [0x00007943f7ad6880, 0x00007943f7ad6a68] 
[4,462s][debug][gc,nmethod     ] GC(1) O: Unregister NMethod: java.util.ArrayList.get (0x00007943f747a688) [0x00007943f747a780, 0x00007943f747aa28] 
[4,462s][debug][gc,nmethod     ] GC(1) O: Unregister NMethod: io.sirix.node.NodeSerializerImpl.writeDeweyID (0x00007943f7e52f08) [0x00007943f7e53000, 0x00007943f7e53320] 
[4,462s][debug][gc,nmethod     ] GC(1) O: Unregister NMethod: jdk.internal.classfile.impl.SplitConstantPool.maybeCloneUtf8Entry (0x00007943f74e9908) [0x00007943f74e9a00, 0x00007943f74eaaa0] 
[4,462s][debug][gc,nmethod     ] GC(1) O: Unregister NMethod: io.sirix.node.delegates.StructNodeDelegate.incrementChildCount (0x00007943f7da0888) [0x00007943f7da0980, 0x00007943f7da0a88] 
[4,462s][debug][gc,nmethod     ] GC(1) O: Unregister NMethod: io.sirix.access.trx.page.NodePageTrx.getMostRecentPageContainer (0x00007943f7ac4e08) [0x00007943f7ac4f00, 0x00007943f7ac5530] 
[4,462s][debug][gc,nmethod     ] GC(1) O: Unregister NMethod: java.util.stream.AbstractPipeline.wrapSink (0x00007943f77b8108) [0x00007943f77b8200, 0x00007943f77b8778] 
[4,462s][debug][gc,nmethod     ] GC(1) O: Unregister NMethod: io.sirix.index.path.summary.PathSummaryReader.putMapping (0x00007943f80bda88) [0x00007943f80bdb80, 0x00007943f80be5b8] 
[4,462s][debug][gc,nmethod     ] GC(1) O: Unregister NMethod: io.sirix.node.SirixDeweyID.setDivisionBitArray (0x00007943f7e36308) [0x00007943f7e36400, 0x00007943f7e36a30] 
[4,462s][debug][gc,nmethod     ] GC(1) O: Unregister NMethod: io.sirix.page.delegates.BitmapReferencesPage.index (0x00007943f7b12308) [0x00007943f7b12400, 0x00007943f7b12988] 
[4,462s][debug][gc,nmethod     ] GC(1) O: Unregister NMethod: io.sirix.page.delegates.BitmapReferencesPage.getOrCreateReference (0x00007943f7b11b08) [0x00007943f7b11c00, 0x00007943f7b122b8] 
[4,462s][debug][gc,nmethod     ] GC(1) O: Unregister NMethod: io.sirix.access.trx.page.NodePageTrx.getMostRecentPageContainer (0x00007943f7cea808) [0x00007943f7cea900, 0x00007943f7ceaf30] 
[4,462s][debug][gc,nmethod     ] GC(1) O: Unregister NMethod: sun.net.www.protocol.file.Handler.parseURL (0x00007943f76dd288) [0x00007943f76dd380, 0x00007943f76dd6f0] 
[4,462s][debug][gc,nmethod     ] GC(1) O: Unregister NMethod: java.io.File.<init> (0x00007943f76eea08) [0x00007943f76eeb00, 0x00007943f76ef9c8] 
[4,462s][debug][gc,nmethod     ] GC(1) O: Unregister NMethod: java.util.stream.AbstractPipeline.<init> (0x00007943f77c3288) [0x00007943f77c3380, 0x00007943f77c36c8] 
[4,462s][debug][gc,nmethod     ] GC(1) O: Unregister NMethod: java.lang.invoke.MethodTypeForm.canonicalize (0x00007943f744d388) [0x00007943f744d480, 0x00007943f744e0d8] 
[4,462s][debug][gc,nmethod     ] Register NMethod: java.util.concurrent.locks.AbstractQueuedSynchronizer$ConditionObject.signal (0x00007943f84b4708) [0x00007943f84b4800, 0x00007943f84b4ce0] Compiler: c1, Barriers: 2, Oops: 0, ImmediateOops: 0, NonImmediateOops: No
[4,462s][debug][gc,nmethod     ] GC(1) O: Unregister NMethod: java.util.ImmutableCollections$ListN.get (0x00007943f740a808) [0x00007943f740a900, 0x00007943f740aa88] 
[4,462s][debug][gc,nmethod     ] GC(1) O: Unregister NMethod: io.sirix.access.trx.page.NodePageReadOnlyTrx.getRecordPage (0x00007943f7fa5188) [0x00007943f7fa5280, 0x00007943f7faa5d0] 
[4,463s][debug][gc,nmethod     ] GC(1) O: Unregister NMethod: io.brackit.query.jdm.node.AbstractTemporalNode.<init> (0x00007943f7b9c308) [0x00007943f7b9c400, 0x00007943f7b9c678] 
[4,463s][debug][gc,nmethod     ] GC(1) O: Unregister NMethod: java.util.concurrent.ConcurrentLinkedDeque.pollFirst (0x00007943f7dc3988) [0x00007943f7dc3a80, 0x00007943f7dc4250] 
[4,463s][debug][gc,nmethod     ] GC(1) O: Unregister NMethod: io.sirix.access.trx.node.xml.XmlNodeTrxImpl.adaptForInsert (0x00007943f7baab08) [0x00007943f7baac00, 0x00007943f7bad9c8] 
[4,463s][debug][gc,nmethod     ] GC(1) O: Unregister NMethod: io.sirix.axis.filter.FilterAxis.reset (0x00007943f7c63108) [0x00007943f7c63200, 0x00007943f7c63650] 
[4,463s][debug][gc,nmethod     ] Register NMethod: io.sirix.page.SerializationType.readHash (0x00007943f84b4d08) [0x00007943f84b4e00, 0x00007943f84b5340] Compiler: c1, Barriers: 3, Oops: 1, ImmediateOops: 0, NonImmediateOops: No
[4,463s][debug][gc,nmethod     ] GC(1) O: Unregister NMethod: io.brackit.query.node.parser.SAX2SubtreeHandlerAdapter.handleText (0x00007943f80e2288) [0x00007943f80e2380, 0x00007943f80e3220] 
[4,463s][debug][gc,nmethod     ] GC(1) O: Unregister NMethod: jdk.internal.foreign.SegmentBulkOperations.copy (0x00007943f7e16308) [0x00007943f7e16400, 0x00007943f7e26b40] 
[4,463s][debug][gc,nmethod     ] GC(1) O: Unregister NMethod: io.sirix.access.trx.node.xml.XmlNodeReadOnlyTrxImpl.isDocumentRoot (0x00007943f7cb1708) [0x00007943f7cb1800, 0x00007943f7cb22a8] 
[4,463s][debug][gc,nmethod     ] GC(1) O: Unregister NMethod: io.sirix.access.trx.node.xml.ForwardingXmlNodeReadOnlyTrx.getNodeKey (0x00007943f7b21388) [0x00007943f7b21480, 0x00007943f7b21a78] 
[4,463s][debug][gc,nmethod     ] GC(1) O: Unregister NMethod: io.sirix.node.GrowingMemorySegment.<init> (0x00007943f7b59a08) [0x00007943f7b59b00, 0x00007943f7b59f78] 
[4,463s][debug][gc,nmethod     ] GC(1) O: Unregister NMethod: io.sirix.page.KeyValueLeafPage.setSlot (0x00007943f7f91688) [0x00007943f7f91780, 0x00007943f7f91928] 
[4,463s][debug][gc,nmethod     ] GC(1) O: Unregister NMethod: java.lang.StringUTF16.compress (0x00007943f7564408) [0x00007943f7564500, 0x00007943f7564730] 
[4,463s][debug][gc,nmethod     ] GC(1) O: Unregister NMethod: io.sirix.page.AbstractForwardingPage.getOrCreateReference (0x00007943f7aff188) [0x00007943f7aff280, 0x00007943f7aff790] 
[4,463s][debug][gc,nmethod     ] GC(1) O: Unregister NMethod: java.util.Spliterators$ArraySpliterator.forEachRemaining (0x0000794416c7fe08) [0x0000794416c7ff00, 0x0000794416c81040] 
[4,463s][debug][gc,nmethod     ] GC(1) O: Unregister NMethod: jdk.internal.foreign.layout.ValueLayouts$OfByteImpl.withOrder (0x00007943f7e30d88) [0x00007943f7e30e80, 0x00007943f7e30fe0] 
[4,463s][debug][gc,nmethod     ] GC(1) O: Unregister NMethod: com.sun.org.apache.xerces.internal.impl.XMLDocumentFragmentScannerImpl$ElementStack.nextElement (0x00007943f7c76f88) [0x00007943f7c77080, 0x00007943f7c77a80] 
[4,463s][debug][gc,nmethod     ] GC(1) O: Unregister NMethod: jdk.internal.foreign.MemorySessionImpl.checkValidStateRaw (0x00007943f7472908) [0x00007943f7472a00, 0x00007943f7472c30] 
[4,463s][debug][gc,nmethod     ] GC(1) O: Unregister NMethod: io.sirix.node.NodeSerializerImpl.deserializeDeweyID (0x00007943f7f77e88) [0x00007943f7f77f80, 0x00007943f7f78588] 
[4,463s][debug][gc,nmethod     ] GC(1) O: Unregister NMethod: java.util.HashMap.put (0x0000794416c95408) [0x0000794416c95520, 0x0000794416c96720] 
[4,463s][debug][gc,nmethod     ] GC(1) O: Unregister NMethod: jdk.internal.foreign.SegmentBulkOperations.copy (0x00007943f7dd4608) [0x00007943f7dd4700, 0x00007943f7dd6c90] 
[4,463s][debug][gc,nmethod     ] GC(1) O: Unregister NMethod: io.sirix.node.GrowingMemorySegment.grow (0x00007943f83cbb88) [0x00007943f83cbc80, 0x00007943f83cc830] 
[4,463s][debug][gc,nmethod     ] GC(1) O: Unregister NMethod: io.sirix.page.PathSummaryPage.incrementAndGetMaxNodeKey (0x00007943f7da8188) [0x00007943f7da8280, 0x00007943f7da84c8] 
[4,463s][debug][gc,nmethod     ] GC(1) O: Unregister NMethod: io.sirix.access.trx.page.NodePageReadOnlyTrx.getMostRecentPage (0x00007943f7f9a688) [0x00007943f7f9a780, 0x00007943f7f9b088] 
[4,463s][debug][gc,nmethod     ] GC(1) O: Unregister NMethod: io.sirix.node.NodeKind.deserializeNameDelegate (0x00007943f7f45d88) [0x00007943f7f45e80, 0x00007943f7f46188] 
[4,463s][debug][gc,nmethod     ] Register NMethod: io.sirix.page.SerializationType.readPageFragments (0x00007943f84b5388) [0x00007943f84b5480, 0x00007943f84b6040] Compiler: c1, Barriers: 1, Oops: 1, ImmediateOops: 0, NonImmediateOops: No
[4,463s][debug][gc,nmethod     ] GC(1) O: Unregister NMethod: java.nio.HeapByteBuffer.put (0x00007943f7ece088) [0x00007943f7ece180, 0x00007943f7ece368] 
[4,463s][debug][gc,nmethod     ] GC(1) O: Unregister NMethod: java.lang.Thread.onSpinWait (0x00007943f77c5288) [0x00007943f77c5380, 0x00007943f77c5460] 
[4,463s][debug][gc,nmethod     ] GC(1) O: Unregister NMethod: io.sirix.access.trx.node.xml.XmlNodeTrxImpl.adaptForInsert (0x00007943f80bab88) [0x00007943f80bac80, 0x00007943f80bda28] 
[4,463s][debug][gc,nmethod     ] GC(1) O: Unregister NMethod: io.sirix.access.trx.node.xml.XmlNodeReadOnlyTrxImpl.isNameNode (0x00007943f7fe2988) [0x00007943f7fe2a80, 0x00007943f7fe32d0] 
[4,463s][debug][gc,nmethod     ] GC(1) O: Unregister NMethod: io.sirix.access.trx.page.NodePageTrx.getRecord (0x0000794416ce9d08) [0x0000794416ce9e00, 0x0000794416cea950] 
[4,463s][debug][gc,nmethod     ] GC(1) O: Unregister NMethod: java.util.regex.Pattern$CharPropertyGreedy.match (0x0000794416c83388) [0x0000794416c83480, 0x0000794416c84060] 
[4,463s][debug][gc,nmethod     ] GC(1) O: Unregister NMethod: io.sirix.access.trx.node.AbstractNodeReadOnlyTrx.storeDeweyIDs (0x00007943f7b91e88) [0x00007943f7b91f80, 0x00007943f7b924b0] 
[4,463s][debug][gc,nmethod     ] GC(1) O: Unregister NMethod: io.sirix.cache.SegmentAllocators.getIndexForSize (0x00007943f7dc1408) [0x00007943f7dc1500, 0x00007943f7dc17e8] 
[4,463s][debug][gc,nmethod     ] GC(1) O: Unregister NMethod: jdk.internal.misc.Unsafe.putLongRelease (0x00007943f8091408) [0x00007943f8091500, 0x00007943f8091618] 
[4,463s][debug][gc,nmethod     ] GC(1) O: Unregister NMethod: io.sirix.node.json.JsonNodeSerializer.writeEndPadding (0x00007943f7df6f88) [0x00007943f7df7080, 0x00007943f7df74c8] 
[4,463s][debug][gc,nmethod     ] GC(1) O: Unregister NMethod: it.unimi.dsi.fastutil.ints.Int2ObjectOpenHashMap.get (0x00007943f80ea808) [0x00007943f80ea900, 0x00007943f80eaf70] 
[4,463s][debug][gc,nmethod     ] GC(1) O: Unregister NMethod: java.io.UnixFileSystem.normalize (0x00007943f751dc88) [0x00007943f751dd80, 0x00007943f751f378] 
[4,463s][debug][gc,nmethod     ] GC(1) O: Unregister NMethod: java.util.Objects.checkFromIndexSize (0x00007943f747aa88) [0x00007943f747ab80, 0x00007943f747ad78] 
[4,463s][debug][gc,nmethod     ] GC(1) O: Unregister NMethod: java.lang.String.<init> (0x00007943f7419208) [0x00007943f7419300, 0x00007943f74194d8] 
[4,463s][debug][gc,nmethod     ] GC(1) O: Unregister NMethod: io.sirix.index.name.Names.getName (0x00007943f81abc88) [0x00007943f81abd80, 0x00007943f81ac228] 
[4,463s][debug][gc,nmethod     ] GC(1) O: Unregister NMethod: io.sirix.node.AbstractForwardingNode.getNodeKey (0x00007943f7ac7e88) [0x00007943f7ac7f80, 0x00007943f7ac82b0] 
[4,463s][debug][gc,nmethod     ] GC(1) O: Unregister NMethod: jdk.internal.foreign.AbstractMemorySegmentImpl.toArray (0x00007943f7e5cd08) [0x00007943f7e5ce00, 0x00007943f7e5d2e0] 
[4,463s][debug][gc,nmethod     ] GC(1) O: Unregister NMethod: java.lang.invoke.VarHandleSegmentAsInts.set (0x00007943f7a9e288) [0x00007943f7a9e380, 0x00007943f7aa3950] 
[4,463s][debug][gc,nmethod     ] GC(1) O: Unregister NMethod: io.sirix.access.trx.node.AbstractNodeReadOnlyTrx.moveTo (0x0000794416ce7408) [0x0000794416ce7500, 0x0000794416ce8270] 
[4,463s][debug][gc,nmethod     ] GC(1) O: Unregister NMethod: java.lang.String.<init> (0x00007943f807e988) [0x00007943f807ea80, 0x00007943f807f058] 
[4,463s][debug][gc,nmethod     ] GC(1) O: Unregister NMethod: io.sirix.access.trx.node.AbstractNodeHashing.rollingAdd (0x00007943f7b74188) [0x00007943f7b74280, 0x00007943f7b795e0] 
[4,463s][debug][gc,nmethod     ] GC(1) O: Unregister NMethod: io.sirix.index.path.summary.PathSummaryWriter.adaptForInsert (0x00007943f7da4888) [0x00007943f7da4980, 0x00007943f7da5340] 
[4,463s][debug][gc,nmethod     ] GC(1) O: Unregister NMethod: io.sirix.access.trx.page.NodePageTrx.getMostRecentPageContainer (0x0000794416cd6e88) [0x0000794416cd6f80, 0x0000794416cd7398] 
[4,463s][debug][gc,nmethod     ] GC(1) O: Unregister NMethod: io.brackit.query.jdm.type.ElementType.getNodeKind (0x00007943f81cc688) [0x00007943f81cc780, 0x00007943f81cc888] 
[4,463s][debug][gc,nmethod     ] GC(1) O: Unregister NMethod: io.sirix.page.NamePage.getName (0x00007943f81acb88) [0x00007943f81acc80, 0x00007943f81ae2f0] 
[4,463s][debug][gc,nmethod     ] GC(1) O: Unregister NMethod: io.sirix.node.MemorySegmentBytesOut.getDestination (0x00007943f7b66288) [0x00007943f7b66380, 0x00007943f7b66508] 
[4,463s][debug][gc,nmethod     ] GC(1) O: Unregister NMethod: java.lang.String.<init> (0x00007943f7b1a588) [0x00007943f7b1a680, 0x00007943f7b1a920] 
[4,463s][debug][gc,nmethod     ] GC(1) O: Unregister NMethod: io.sirix.node.delegates.NameNodeDelegate.<init> (0x00007943f7da1608) [0x00007943f7da1700, 0x00007943f7da1950] 
[4,463s][debug][gc,nmethod     ] GC(1) O: Unregister NMethod: java.util.HashMap.putVal (0x00007943f747b088) [0x00007943f747b180, 0x00007943f747d510] 
[4,463s][debug][gc,nmethod     ] GC(1) O: Unregister NMethod: io.sirix.node.NodeSerializerImpl.serializeDeweyID (0x0000794416d62108) [0x0000794416d62200, 0x0000794416d633f8] 
[4,463s][debug][gc,nmethod     ] GC(1) O: Unregister NMethod: io.sirix.node.xml.ElementNode.getHash (0x00007943f7adb308) [0x00007943f7adb400, 0x00007943f7adec70] 
[4,463s][debug][gc,nmethod     ] GC(1) O: Unregister NMethod: com.sun.org.apache.xerces.internal.impl.XMLEntityScanner.peekChar (0x00007943f7b1ed88) [0x00007943f7b1ee80, 0x00007943f7b1f338] 
[4,463s][debug][gc,nmethod     ] GC(1) O: Unregister NMethod: jdk.internal.foreign.Utils$BaseAndScale$$TypeSwitch/0x00000000a921c880.typeSwitch (0x00007943f7a89b08) [0x00007943f7a89c00, 0x00007943f7a8af28] 
[4,463s][debug][gc,nmethod     ] GC(1) O: Unregister NMethod: java.lang.Long.valueOf (0x00007943f7855d08) [0x00007943f7855e00, 0x00007943f7856140] 
[4,463s][debug][gc,nmethod     ] GC(1) O: Unregister NMethod: jdk.internal.misc.Unsafe.weakCompareAndSetLongRelease (0x00007943f808c588) [0x00007943f808c680, 0x00007943f808c7a0] 
[4,463s][debug][gc,nmethod     ] GC(1) O: Unregister NMethod: io.sirix.page.KeyValueLeafPage.setDeweyId (0x00007943f7f2b588) [0x00007943f7f2b680, 0x00007943f7f2b8a0] 
[4,463s][debug][gc,nmethod     ] GC(1) O: Unregister NMethod: java.lang.Thread.interrupted (0x00007943f7a78908) [0x00007943f7a78a00, 0x00007943f7a78dc8] 
[4,463s][debug][gc,nmethod     ] GC(1) O: Unregister NMethod: io.sirix.settings.VersioningType$4.combineRecordPages (0x00007943f81cc988) [0x00007943f81cca80, 0x00007943f81d19a8] 
[4,463s][debug][gc,nmethod     ] GC(1) O: Unregister NMethod: com.sun.org.apache.xerces.internal.impl.XMLDocumentFragmentScannerImpl.scanEndElement (0x00007943f7d03508) [0x00007943f7d03600, 0x00007943f7d04d28] 
[4,463s][debug][gc,nmethod     ] GC(1) O: Unregister NMethod: java.lang.invoke.InvokerBytecodeGenerator.emitStaticInvoke (0x00007943f79d1688) [0x00007943f79d1780, 0x00007943f79d3e68] 
[4,463s][debug][gc,nmethod     ] GC(1) O: Unregister NMethod: jdk.internal.foreign.ArenaImpl.allocate (0x00007943f7dd0d08) [0x00007943f7dd0e00, 0x00007943f7dd10f8] 
[4,463s][debug][gc,nmethod     ] GC(1) O: Unregister NMethod: com.sun.org.apache.xerces.internal.util.SymbolTable.hash (0x00007943f7c9ef08) [0x00007943f7c9f000, 0x00007943f7c9f2a0] 
[4,464s][debug][gc,nmethod     ] GC(1) O: Unregister NMethod: java.nio.Bits.tryReserveMemory (0x00007943f7b3cf08) [0x00007943f7b3d000, 0x00007943f7b3d9f0] 
[4,463s][debug][gc,nmethod     ] GC(1) O: Unregister NMethod: java.util.Collection.removeIf (0x00007943f7da2c08) [0x00007943f7da2d00, 0x00007943f7da3088] 
[4,464s][debug][gc,nmethod     ] GC(1) O: Unregister NMethod: org.magicwerk.brownies.collections.IList$Iter.hasNext (0x00007943f7f71e08) [0x00007943f7f71f00, 0x00007943f7f72098] 
[4,464s][debug][gc,nmethod     ] GC(1) O: Unregister NMethod: io.sirix.access.trx.node.xml.XmlNodeTrxImpl.insertTextAsFirstChild (0x00007943f7cd4b08) [0x00007943f7cd4c00, 0x00007943f7cdcbc0] 
[4,464s][debug][gc,nmethod     ] GC(1) O: Unregister NMethod: io.sirix.node.GrowingMemorySegment.grow (0x0000794416eb9308) [0x0000794416eb9400, 0x0000794416ebb470] 
[4,464s][debug][gc,nmethod     ] GC(1) O: Unregister NMethod: net.jpountz.lz4.LZ4BlockOutputStream.writeIntLE (0x00007943f7ee9f08) [0x00007943f7eea000, 0x00007943f7eea180] 
[4,464s][debug][gc,nmethod     ] GC(1) O: Unregister NMethod: jdk.internal.foreign.AbstractMemorySegmentImpl.equals (0x00007943f7f16f08) [0x00007943f7f17000, 0x00007943f7f17270] 
[4,464s][debug][gc,nmethod     ] GC(1) O: Unregister NMethod: com.sun.org.apache.xerces.internal.impl.XMLNSDocumentScannerImpl.scanAttribute (0x00007943f7d8f508) [0x00007943f7d8f600, 0x00007943f7d976a0] 
[4,464s][debug][gc,nmethod     ] GC(1) O: Unregister NMethod: io.sirix.node.GrowingMemorySegment.write (0x00007943f7b93988) [0x00007943f7b93a80, 0x00007943f7b99618] 
[4,464s][debug][gc,nmethod     ] GC(1) O: Unregister NMethod: io.sirix.node.xml.TextNode.hasRightSibling (0x00007943f7bb4008) [0x00007943f7bb4100, 0x00007943f7bb9538] 
[4,464s][debug][gc,nmethod     ] GC(1) O: Unregister NMethod: io.sirix.page.RevisionRootPage.incrementAndGetMaxNodeKeyInDocumentIndex (0x00007943f7ba7708) [0x00007943f7ba7800, 0x00007943f7ba7910] 
[4,464s][debug][gc,nmethod     ] GC(1) O: Unregister NMethod: io.sirix.query.node.SubtreeBuilder.startElement (0x00007943f7c87508) [0x00007943f7c87600, 0x00007943f7c89e08] 
[4,464s][debug][gc,nmethod     ] GC(1) O: Unregister NMethod: io.sirix.page.KeyValueLeafPage.resizeMemorySegment (0x00007943f8127d08) [0x00007943f8127e00, 0x00007943f8138c88] 
[4,464s][debug][gc,nmethod     ] GC(1) O: Unregister NMethod: java.io.File.isInvalid (0x00007943f7479008) [0x00007943f7479100, 0x00007943f74796b0] 
[4,464s][debug][gc,nmethod     ] GC(1) O: Unregister NMethod: java.lang.Integer.hashCode (0x00007943f752d708) [0x00007943f752d800, 0x00007943f752d958] 
[4,464s][debug][gc,nmethod     ] GC(1) O: Unregister NMethod: io.sirix.node.GrowingMemorySegment.<init> (0x0000794416d0b208) [0x0000794416d0b300, 0x0000794416d0bda8] 
[4,464s][debug][gc,nmethod     ] GC(1) O: Unregister NMethod: io.sirix.page.delegates.BitmapReferencesPage.getOrCreateReference (0x00007943f8090108) [0x00007943f8090200, 0x00007943f80908a8] 
[4,464s][debug][gc,nmethod     ] GC(1) O: Unregister NMethod: java.lang.invoke.VarHandleSegmentAsLongs.get (0x00007943f7aae208) [0x00007943f7aae300, 0x00007943f7ab37a0] 
[4,464s][debug][gc,nmethod     ] GC(1) O: Unregister NMethod: io.sirix.access.trx.node.AbstractNodeTrxImpl.checkAccessAndCommit (0x00007943f7b8fb88) [0x00007943f7b8fc80, 0x00007943f7b90808] 
[4,464s][debug][gc,nmethod     ] GC(1) O: Unregister NMethod: java.nio.Buffer.position (0x00007943f7762708) [0x00007943f7762800, 0x00007943f7762a40] 
[4,464s][debug][gc,nmethod     ] GC(1) O: Unregister NMethod: com.github.benmanes.caffeine.cache.SystemTicker.read (0x00007943f81b8088) [0x00007943f81b8180, 0x00007943f81b8288] 
[4,464s][debug][gc,nmethod     ] GC(1) O: Unregister NMethod: java.util.LinkedHashMap.afterNodeAccess (0x00007943f7aa3988) [0x00007943f7aa3a80, 0x00007943f7aa4b30] 
[4,464s][debug][gc,nmethod     ] GC(1) O: Unregister NMethod: io.sirix.access.trx.node.AbstractNodeReadOnlyTrx.hasRightSibling (0x00007943f7fbb508) [0x00007943f7fbb600, 0x00007943f7fbbe20] 
[4,464s][debug][gc,nmethod     ] GC(1) O: Unregister NMethod: io.sirix.page.NamePage.setName (0x0000794416d8dd08) [0x0000794416d8de00, 0x0000794416d8e4b0] 
[4,464s][debug][gc,nmethod     ] GC(1) O: Unregister NMethod: com.sun.org.apache.xerces.internal.impl.XMLDocumentFragmentScannerImpl$FragmentContentDriver.next (0x00007943f7b7d088) [0x00007943f7b7d180, 0x00007943f7b8acb0] 
[4,464s][debug][gc,nmethod     ] GC(1) O: Unregister NMethod: io.sirix.node.xml.ElementNode.setHash (0x00007943f7aeec08) [0x00007943f7aeed00, 0x00007943f7af2688] 
[4,464s][debug][gc,nmethod     ] GC(1) O: Unregister NMethod: io.sirix.access.trx.page.NodePageReadOnlyTrx.getDataRecord (0x00007943f830c508) [0x00007943f830c600, 0x00007943f830d408] 
[4,464s][debug][gc,nmethod     ] GC(1) O: Unregister NMethod: io.sirix.page.KeyValueLeafPage.addReferences (0x00007943f80fd288) [0x00007943f80fd380, 0x00007943f80fe4a0] 
[4,464s][debug][gc,nmethod     ] Register NMethod: it.unimi.dsi.fastutil.ints.Int2LongOpenHashMap.<init> (0x00007943f84b6088) [0x00007943f84b61a0, 0x00007943f84b62d8] Compiler: c1, Barriers: 0, Oops: 1, ImmediateOops: 0, NonImmediateOops: No
[4,464s][debug][gc,nmethod     ] GC(1) O: Unregister NMethod: io.sirix.node.xml.ElementNode.getPathNodeKey (0x00007943f7bada08) [0x00007943f7badb00, 0x00007943f7bb2af0] 
[4,464s][debug][gc,nmethod     ] GC(1) O: Unregister NMethod: io.sirix.index.path.summary.PathSummaryWriter.movePathSummary (0x00007943f7cd2308) [0x00007943f7cd2400, 0x00007943f7cd4ad8] 
[4,464s][debug][gc,nmethod     ] Register NMethod: it.unimi.dsi.fastutil.ints.Int2IntOpenHashMap.<init> (0x00007943f84b6388) [0x00007943f84b64a0, 0x00007943f84b65d8] Compiler: c1, Barriers: 0, Oops: 1, ImmediateOops: 0, NonImmediateOops: No
[4,464s][debug][gc,nmethod     ] GC(1) O: Unregister NMethod: java.lang.StringUTF16.compress (0x0000794416c6d508) [0x0000794416c6d6c0, 0x0000794416c6db18] 
[4,464s][debug][gc,nmethod     ] GC(1) O: Unregister NMethod: java.lang.ref.Finalizer.register (0x00007943f7f1de88) [0x00007943f7f1df80, 0x00007943f7f1e0e8] 
[4,464s][debug][gc,nmethod     ] GC(1) O: Unregister NMethod: jdk.internal.foreign.layout.ValueLayouts$AbstractValueLayout.withOrder (0x00007943f7e31088) [0x00007943f7e31180, 0x00007943f7e313a0] 
[4,464s][debug][gc,nmethod     ] GC(1) O: Unregister NMethod: io.sirix.node.NodeKind$1.serialize (0x00007943f7e08208) [0x00007943f7e08300, 0x00007943f7e10dc0] 
[4,464s][debug][gc,nmethod     ] GC(1) O: Unregister NMethod: com.sun.org.apache.xerces.internal.impl.XMLEntityScanner.checkEntityLimit (0x00007943f7ae1e08) [0x00007943f7ae1f00, 0x00007943f7ae21f8] 
[4,464s][debug][gc,nmethod     ] GC(1) O: Unregister NMethod: jdk.internal.foreign.SegmentFactories.fromArray (0x00007943f7e2d908) [0x00007943f7e2da00, 0x00007943f7e2ddf8] 
[4,464s][debug][gc,nmethod     ] Register NMethod: org.magicwerk.brownies.collections.IList.checkIndexAdd (0x00007943f84b6688) [0x00007943f84b6780, 0x00007943f84b7f88] Compiler: c1, Barriers: 0, Oops: 4, ImmediateOops: 4, NonImmediateOops: No
[4,464s][debug][gc,nmethod     ] GC(1) O: Unregister NMethod: java.lang.foreign.MemorySegment.copy (0x00007943f7ddaf88) [0x00007943f7ddb080, 0x00007943f7ddd640] 
[4,464s][debug][gc,nmethod     ] GC(1) O: Unregister NMethod: io.sirix.access.trx.node.xml.XmlNodeReadOnlyTrxImpl.getNode (0x00007943f7b4b108) [0x00007943f7b4b200, 0x00007943f7b4d780] 
[4,464s][debug][gc,nmethod     ] GC(1) O: Unregister NMethod: jdk.internal.misc.Unsafe.putLongUnaligned (0x00007943f7681308) [0x00007943f7681400, 0x00007943f7681838] 
[4,464s][debug][gc,nmethod     ] Register NMethod: org.magicwerk.brownies.collections.GapList.doEnsureCapacity (0x00007943f84b8008) [0x00007943f84b8100, 0x00007943f84b89a8] Compiler: c1, Barriers: 6, Oops: 1, ImmediateOops: 0, NonImmediateOops: No
[4,464s][debug][gc,nmethod     ] GC(1) O: Unregister NMethod: io.sirix.node.SirixDeweyID.toBytes (0x00007943f7e2ed88) [0x00007943f7e2ee80, 0x00007943f7e2f568] 
[4,464s][debug][gc,nmethod     ] GC(1) O: Unregister NMethod: io.sirix.page.PathSummaryPage.getMaxNodeKey (0x00007943f7da0588) [0x00007943f7da0680, 0x00007943f7da0810] 
[4,464s][debug][gc,nmethod     ] GC(1) O: Unregister NMethod: sun.misc.Unsafe.isMemoryAccessWarned (0x00007943f7ab3808) [0x00007943f7ab3900, 0x00007943f7ab3a00] 
[4,464s][debug][gc,nmethod     ] GC(1) O: Unregister NMethod: com.github.benmanes.caffeine.cache.SSLS.statsTicker (0x00007943f81b7a88) [0x00007943f81b7b80, 0x00007943f81b7c88] 
[4,464s][debug][gc,nmethod     ] GC(1) O: Unregister NMethod: io.sirix.page.PageKind$1.serializePage (0x0000794416e64588) [0x0000794416e64680, 0x0000794416e6b0e0] 
[4,464s][debug][gc,nmethod     ] GC(1) O: Unregister NMethod: io.brackit.query.node.AbstractNode.<init> (0x00007943f7b9bf88) [0x00007943f7b9c080, 0x00007943f7b9c298] 
[4,464s][debug][gc,nmethod     ] GC(1) O: Unregister NMethod: jdk.internal.classfile.impl.DirectCodeBuilder.parameterSlot (0x00007943f784ba88) [0x00007943f784bb80, 0x00007943f784bd38] 
[4,464s][debug][gc,nmethod     ] GC(1) O: Unregister NMethod: io.sirix.node.MemorySegmentBytesOut.writePosition (0x00007943f7dd1988) [0x00007943f7dd1a80, 0x00007943f7dd1bb8] 
[4,464s][debug][gc,nmethod     ] GC(1) O: Unregister NMethod: com.sun.org.apache.xerces.internal.util.NamespaceSupport.pushContext (0x00007943f7c7e708) [0x00007943f7c7e800, 0x00007943f7c7eb70] 
[4,464s][debug][gc,nmethod     ] GC(1) O: Unregister NMethod: com.sun.org.apache.xerces.internal.impl.XMLEntityScanner.checkBeforeLoad (0x00007943f7d9ee88) [0x00007943f7d9ef80, 0x00007943f7d9f4b0] 
[4,464s][debug][gc,nmethod     ] GC(1) O: Unregister NMethod: jdk.internal.classfile.impl.BufWriterImpl.writeU1U2U2 (0x00007943f7505d08) [0x00007943f7505e00, 0x00007943f75062f8] 
[4,464s][debug][gc,nmethod     ] GC(1) O: Unregister NMethod: io.sirix.index.path.summary.PathNode.<init> (0x00007943f7da2408) [0x00007943f7da2500, 0x00007943f7da2be8] 
[4,464s][debug][gc,nmethod     ] GC(1) O: Unregister NMethod: io.sirix.node.GrowingMemorySegment.getUsedSegment (0x00007943f7b1be08) [0x00007943f7b1bf00, 0x00007943f7b1c4f0] 
[4,464s][debug][gc,nmethod     ] Register NMethod: org.magicwerk.brownies.collections.GapList.add (0x00007943f84b8a08) [0x00007943f84b8b00, 0x00007943f84b9018] Compiler: c1, Barriers: 0, Oops: 1, ImmediateOops: 0, NonImmediateOops: No
[4,464s][debug][gc,nmethod     ] GC(1) O: Unregister NMethod: jdk.internal.foreign.layout.AbstractLayout.requirePowerOfTwoAndGreaterOrEqualToOne (0x00007943f7e5a908) [0x00007943f7e5aa00, 0x00007943f7e5b780] 
[4,464s][debug][gc,nmethod     ] GC(1) O: Unregister NMethod: io.sirix.access.trx.node.xml.ForwardingXmlNodeReadOnlyTrx.hasFirstChild (0x00007943f7ccb608) [0x00007943f7ccb700, 0x00007943f7ccbd00] 
[4,464s][debug][gc,nmethod     ] GC(1) O: Unregister NMethod: com.sun.org.apache.xerces.internal.parsers.AbstractSAXParser$AttributesProxy.getLength (0x00007943f7c42c08) [0x00007943f7c42d00, 0x00007943f7c43040] 
[4,465s][debug][gc,nmethod     ] GC(1) O: Unregister NMethod: io.sirix.page.KeyValueLeafPage.setDeweyId (0x00007943f7e2e708) [0x00007943f7e2e800, 0x00007943f7e2ea48] 
[4,465s][debug][gc,nmethod     ] GC(1) O: Unregister NMethod: io.sirix.page.KeyValueLeafPage.setDeweyId (0x00007943f7e35f08) [0x00007943f7e36000, 0x00007943f7e362e8] 
[4,464s][debug][gc,nmethod     ] GC(1) O: Unregister NMethod: io.sirix.node.MemorySegmentBytesOut.writeByte (0x00007943f7af6a08) [0x00007943f7af6b00, 0x00007943f7af6c98] 
[4,465s][debug][gc,nmethod     ] GC(1) O: Unregister NMethod: io.sirix.node.MemorySegmentBytesIn.readByte (0x00007943f7f21108) [0x00007943f7f21200, 0x00007943f7f21818] 
[4,465s][debug][gc,nmethod     ] GC(1) O: Unregister NMethod: java.nio.HeapByteBuffer.put (0x00007943f7f8f588) [0x00007943f7f8f680, 0x00007943f7f91640] 
[4,465s][debug][gc,nmethod     ] GC(1) O: Unregister NMethod: jdk.internal.misc.Unsafe.putLongUnaligned (0x00007943f7a96f08) [0x00007943f7a97000, 0x00007943f7a97208] 
[4,465s][debug][gc,nmethod     ] GC(1) O: Unregister NMethod: io.sirix.index.path.summary.PathSummaryReader.getNodeKey (0x00007943f7b0cb88) [0x00007943f7b0cc80, 0x00007943f7b0d130] 
[4,465s][debug][gc,nmethod     ] GC(1) O: Unregister NMethod: io.sirix.access.trx.node.xml.XmlNodeTrxImpl.insertAttribute (0x00007943f7d65888) [0x00007943f7d65980, 0x00007943f7d75a70] 
[4,465s][debug][gc,nmethod     ] GC(1) O: Unregister NMethod: com.sun.org.apache.xerces.internal.util.XMLAttributesImpl.addAttributeNS (0x00007943f7d3f588) [0x00007943f7d3f680, 0x00007943f7d40b70] 
[4,465s][debug][gc,nmethod     ] GC(1) O: Unregister NMethod: java.util.concurrent.ConcurrentHashMap$KeySetView.add (0x00007943f7dc2588) [0x00007943f7dc2680, 0x00007943f7dc28d8] 
[4,465s][debug][gc,nmethod     ] GC(1) O: Unregister NMethod: io.brackit.query.atomic.QNm.<init> (0x0000794416d29508) [0x0000794416d29600, 0x0000794416d29828] 
[4,465s][debug][gc,nmethod     ] GC(1) O: Unregister NMethod: io.sirix.index.path.summary.PathNode.getKind (0x00007943f7e47f88) [0x00007943f7e48080, 0x00007943f7e48188] 
[4,465s][debug][gc,nmethod     ] GC(1) O: Unregister NMethod: jdk.internal.foreign.AbstractMemorySegmentImpl.isAlignedForElement (0x00007943f7814188) [0x00007943f7814280, 0x00007943f78148a8] 
[4,465s][debug][gc,nmethod     ] GC(1) O: Unregister NMethod: io.sirix.node.NodeKind$2.serialize (0x00007943f7dfd008) [0x00007943f7dfd100, 0x00007943f7e02678] 
[4,465s][debug][gc,nmethod     ] GC(1) O: Unregister NMethod: io.sirix.access.trx.page.NodePageTrx.createNameKey (0x0000794416d8d408) [0x0000794416d8d500, 0x0000794416d8dce0] 
[4,465s][debug][gc,nmethod     ] GC(1) O: Unregister NMethod: java.util.Arrays.fill (0x00007943f75cf208) [0x00007943f75cf300, 0x00007943f75cf728] 
[4,465s][debug][gc,nmethod     ] Register NMethod: org.magicwerk.brownies.collections.GapList.doAdd (0x00007943f84b9088) [0x00007943f84b9180, 0x00007943f84bb140] Compiler: c1, Barriers: 13, Oops: 1, ImmediateOops: 0, NonImmediateOops: No
[4,465s][debug][gc,nmethod     ] GC(1) O: Unregister NMethod: io.sirix.access.trx.page.NodePageReadOnlyTrx.getValue (0x00007943f7ac6208) [0x00007943f7ac6300, 0x00007943f7ac7e60] 
[4,465s][debug][gc,nmethod     ] GC(1) O: Unregister NMethod: java.lang.String.getBytes (0x0000794416c1a608) [0x0000794416c1a700, 0x0000794416c1aa40] 
[4,465s][debug][gc,nmethod     ] GC(1) O: Unregister NMethod: java.util.Arrays.hashCode (0x00007943f7751608) [0x00007943f7751700, 0x00007943f7751880] 
[4,465s][debug][gc,nmethod     ] GC(1) O: Unregister NMethod: java.lang.String.encodeUTF8 (0x00007943f7b3c708) [0x00007943f7b3c800, 0x00007943f7b3ce88] 
[4,465s][debug][gc,nmethod     ] GC(1) O: Unregister NMethod: io.sirix.access.trx.node.AbstractResourceSession.assertNotClosed (0x00007943f7b0d188) [0x00007943f7b0d280, 0x00007943f7b0d488] 
[4,465s][debug][gc,nmethod     ] GC(1) O: Unregister NMethod: java.lang.Integer.numberOfTrailingZeros (0x00007943f7f2a108) [0x00007943f7f2a200, 0x00007943f7f2a368] 
[4,465s][debug][gc,nmethod     ] GC(1) O: Unregister NMethod: java.lang.ref.Cleaner$1.apply (0x00007943f747e308) [0x00007943f747e400, 0x00007943f747e7b0] 
[4,465s][debug][gc,nmethod     ] GC(1) O: Unregister NMethod: io.sirix.access.trx.page.NodePageTrx.createRecord (0x0000794416d02f08) [0x0000794416d03000, 0x0000794416d044b0] 
[4,465s][debug][gc,nmethod     ] GC(1) O: Unregister NMethod: io.sirix.node.GrowingMemorySegment.ensureCapacity (0x00007943f78aec88) [0x00007943f78aed80, 0x00007943f78aeee0] 
[4,465s][debug][gc,nmethod     ] GC(1) O: Unregister NMethod: io.sirix.access.trx.page.NodePageTrx$$Lambda/0x00000000a928fa18.apply (0x00007943f7f37008) [0x00007943f7f37100, 0x00007943f7f372d8] 
[4,465s][debug][gc,nmethod     ] GC(1) O: Unregister NMethod: java.lang.invoke.InvokerBytecodeGenerator.emitStoreResult (0x00007943f79cea88) [0x00007943f79ceb80, 0x00007943f79cf238] 
[4,465s][debug][gc,nmethod     ] GC(1) O: Unregister NMethod: jdk.internal.foreign.ArenaImpl.allocate (0x00007943f7b5e088) [0x00007943f7b5e180, 0x00007943f7b5e478] 
[4,465s][debug][gc,nmethod     ] GC(1) O: Unregister NMethod: io.sirix.node.xml.TextNode.setRightSiblingKey (0x00007943f7cc2a08) [0x00007943f7cc2b00, 0x00007943f7cc7c28] 
[4,465s][debug][gc,nmethod     ] GC(1) O: Unregister NMethod: jdk.internal.classfile.impl.SplitConstantPool.findEntry (0x00007943f74f5988) [0x00007943f74f5a80, 0x00007943f74f7188] 
[4,465s][debug][gc,nmethod     ] GC(1) O: Unregister NMethod: jdk.internal.classfile.impl.StackMapGenerator$Frame.checkStack (0x00007943f74f8088) [0x00007943f74f8180, 0x00007943f74f8dc8] 
[4,465s][debug][gc,nmethod     ] GC(1) O: Unregister NMethod: net.openhft.hashing.UnsafeAccess.getLong (0x00007943f7ab4688) [0x00007943f7ab4780, 0x00007943f7ab4c20] 
[4,465s][debug][gc,nmethod     ] GC(1) O: Unregister NMethod: io.sirix.access.trx.page.AbstractForwardingPageReadOnlyTrx.getResourceSession (0x00007943f7c64888) [0x00007943f7c64980, 0x00007943f7c64eb8] 
[4,465s][debug][gc,nmethod     ] GC(1) O: Unregister NMethod: jdk.internal.classfile.impl.RawBytecodeHelper.isStoreIntoLocal (0x00007943f747fb88) [0x00007943f747fc80, 0x00007943f747fdd8] 
[4,465s][debug][gc,nmethod     ] GC(1) O: Unregister NMethod: net.openhft.hashing.LongHashFunction.hashByteBuffer (0x00007943f7bf5e88) [0x00007943f7bf5f80, 0x00007943f7bf74e8] 
[4,465s][debug][gc,nmethod     ] GC(1) O: Unregister NMethod: java.lang.String.encode (0x00007943f7b3c288) [0x00007943f7b3c380, 0x00007943f7b3c6b8] 
[4,465s][debug][gc,nmethod     ] GC(1) O: Unregister NMethod: java.util.ArrayDeque.pop (0x00007943f7c40f08) [0x00007943f7c41000, 0x00007943f7c412a0] 
[4,465s][debug][gc,nmethod     ] GC(1) O: Unregister NMethod: java.lang.String.compareTo (0x00007943f77c5588) [0x00007943f77c5680, 0x00007943f77c5eb0] 
[4,465s][debug][gc,nmethod     ] GC(1) O: Unregister NMethod: io.sirix.axis.AbstractAxis.tryToComputeNext (0x00007943f7f98a88) [0x00007943f7f98b80, 0x00007943f7f992b0] 
[4,465s][debug][gc,nmethod     ] GC(1) O: Unregister NMethod: io.sirix.page.delegates.BitmapReferencesPage.index (0x00007943f808f088) [0x00007943f808f180, 0x00007943f808f6a0] 
[4,465s][debug][gc,nmethod     ] GC(1) O: Unregister NMethod: java.lang.invoke.VarHandleSegmentAsLongs.set (0x00007943f7abf708) [0x00007943f7abf800, 0x00007943f7ac4dd0] 
[4,465s][debug][gc,nmethod     ] GC(1) O: Unregister NMethod: jdk.internal.foreign.NativeMemorySegmentImpl.makeByteBuffer (0x00007943f7bf2208) [0x00007943f7bf2300, 0x00007943f7bf2470] 
[4,465s][debug][gc,nmethod     ] GC(1) O: Unregister NMethod: jdk.internal.classfile.impl.StackMapGenerator.processBlock (0x00007943f7490908) [0x00007943f7490a00, 0x00007943f74bfcc8] 
[4,465s][debug][gc,nmethod     ] GC(1) O: Unregister NMethod: java.util.BitSet.set (0x0000794416c59b08) [0x0000794416c59c00, 0x0000794416c59d70] 
[4,465s][debug][gc,nmethod     ] GC(1) O: Unregister NMethod: io.sirix.index.path.summary.PathSummaryReader.getPathNode (0x00007943f7be5b08) [0x00007943f7be5c00, 0x00007943f7be6300] 
[4,465s][debug][gc,nmethod     ] GC(1) O: Unregister NMethod: io.sirix.access.trx.page.NodePageReadOnlyTrx.loadPage (0x00007943f7b1f388) [0x00007943f7b1f480, 0x00007943f7b21320] 
[4,465s][debug][gc,nmethod     ] GC(1) O: Unregister NMethod: io.sirix.node.xml.AttributeNode.getDeweyID (0x00007943f7e41c08) [0x00007943f7e41d00, 0x00007943f7e41fc8] 
[4,465s][debug][gc,nmethod     ] GC(1) O: Unregister NMethod: io.sirix.query.node.SubtreeProcessor.notifyStartElement (0x00007943f7ca9488) [0x00007943f7ca9580, 0x00007943f7ca9fe0] 
[4,465s][debug][gc,nmethod     ] GC(1) O: Unregister NMethod: com.sun.org.apache.xerces.internal.impl.XMLEntityScanner.scanChar (0x00007943f80ce188) [0x00007943f80ce280, 0x00007943f80ceca8] 
[4,465s][debug][gc,nmethod     ] GC(1) O: Unregister NMethod: java.nio.ByteOrder.nativeOrder (0x00007943f7807608) [0x00007943f7807700, 0x00007943f78077e8] 
[4,465s][debug][gc,nmethod     ] GC(1) O: Unregister NMethod: java.lang.ref.SoftReference.get (0x00007943f79f3d08) [0x00007943f79f3e00, 0x00007943f79f3fc0] 
[4,465s][debug][gc,nmethod     ] GC(1) O: Unregister NMethod: io.sirix.page.KeyValueLeafPage.setSlot (0x00007943f7dd3108) [0x00007943f7dd3200, 0x00007943f7dd3388] 
[4,465s][debug][gc,nmethod     ] GC(1) O: Unregister NMethod: jdk.internal.classfile.impl.BufWriterImpl.writeU1 (0x00007943f74f7208) [0x00007943f74f7300, 0x00007943f74f7748] 
[4,465s][debug][gc,nmethod     ] GC(1) O: Unregister NMethod: org.magicwerk.brownies.collections.GapList.doGet (0x00007943f7af8808) [0x00007943f7af8900, 0x00007943f7af8c38] 
[4,465s][debug][gc,nmethod     ] GC(1) O: Unregister NMethod: io.sirix.node.delegates.NameNodeDelegate.hashCode (0x00007943f7da6988) [0x00007943f7da6a80, 0x00007943f7da70e0] 
[4,465s][debug][gc,nmethod     ] GC(1) O: Unregister NMethod: io.sirix.index.path.summary.PathSummaryReader.getStructuralNode (0x00007943f7b1b188) [0x00007943f7b1b280, 0x00007943f7b1b638] 
[4,465s][debug][gc,nmethod     ] GC(1) O: Unregister NMethod: com.sun.org.apache.xerces.internal.impl.XMLEntityScanner.skipSpaces (0x0000794416d0a388) [0x0000794416d0a480, 0x0000794416d0a780] 
[4,465s][debug][gc,nmethod     ] GC(1) O: Unregister NMethod: io.sirix.cache.IndexLogKey.equals (0x00007943f7cbfa88) [0x00007943f7cbfb80, 0x00007943f7cc04c8] 
[4,466s][debug][gc,nmethod     ] GC(1) O: Unregister NMethod: io.sirix.axis.AbstractAxis.resetToLastKey (0x00007943f7b30088) [0x00007943f7b30180, 0x00007943f7b30738] 
[4,466s][debug][gc,nmethod     ] GC(1) O: Unregister NMethod: io.sirix.index.name.Names.setName (0x0000794416d93488) [0x0000794416d93580, 0x0000794416d95f20] 
[4,466s][debug][gc,nmethod     ] GC(1) O: Unregister NMethod: java.nio.MappedByteBuffer.limit (0x00007943f7be4f88) [0x00007943f7be5080, 0x00007943f7be5440] 
[4,466s][debug][gc,nmethod     ] GC(1) O: Unregister NMethod: io.sirix.access.trx.node.AbstractDeweyIDManager.newRightSiblingID (0x00007943f7bf8c88) [0x00007943f7bf8d80, 0x00007943f7bfbd58] 
[4,466s][debug][gc,nmethod     ] GC(1) O: Unregister NMethod: sun.security.provider.ByteArrayAccess.b2iBig64 (0x00007943f7e29608) [0x00007943f7e29700, 0x00007943f7e2a278] 
[4,466s][debug][gc,nmethod     ] GC(1) O: Unregister NMethod: io.sirix.page.KeyValueLeafPage.updateLastSlotIndex (0x00007943f7dde688) [0x00007943f7dde780, 0x00007943f7ddeb00] 
[4,466s][debug][gc,nmethod     ] GC(1) O: Unregister NMethod: jdk.internal.foreign.layout.MemoryLayoutUtil.requireByteSizeValid (0x00007943f7e59788) [0x00007943f7e59880, 0x00007943f7e5a5e8] 
[4,466s][debug][gc,nmethod     ] GC(1) O: Unregister NMethod: java.lang.Math.multiplyHigh (0x00007943f7af2708) [0x00007943f7af2800, 0x00007943f7af2958] 
[4,466s][debug][gc,nmethod     ] GC(1) O: Unregister NMethod: jdk.internal.foreign.layout.ValueLayouts$OfByteImpl.<init> (0x00007943f7e29008) [0x00007943f7e29100, 0x00007943f7e29238] 
[4,466s][debug][gc,nmethod     ] GC(1) O: Unregister NMethod: java.lang.invoke.Invokers$Holder.linkToTargetMethod (0x00007943f785de88) [0x00007943f785df80, 0x00007943f785e478] 
[4,466s][debug][gc,nmethod     ] GC(1) O: Unregister NMethod: com.sun.org.apache.xerces.internal.parsers.AbstractSAXParser.startNamespaceMapping (0x00007943f7c84d88) [0x00007943f7c84e80, 0x00007943f7c85698] 
[4,466s][debug][gc,nmethod     ] GC(1) O: Unregister NMethod: it.unimi.dsi.fastutil.ints.Int2IntOpenHashMap.get (0x00007943f7c3d488) [0x00007943f7c3d580, 0x00007943f7c3dae0] 
[4,466s][debug][gc,nmethod     ] GC(1) O: Unregister NMethod: jdk.internal.foreign.layout.ValueLayouts$AbstractValueLayout.<init> (0x00007943f7e5d608) [0x00007943f7e5d700, 0x00007943f7e5dc68] 
[4,466s][debug][gc,nmethod     ] GC(1) O: Unregister NMethod: jdk.internal.foreign.HeapMemorySegmentImpl$OfByte.unsafeGetBase (0x00007943f7e2fc88) [0x00007943f7e2fd80, 0x00007943f7e30410] 
[4,466s][debug][gc,nmethod     ] GC(1) O: Unregister NMethod: net.openhft.hashing.XXH3.access$500 (0x00007943f7ba4588) [0x00007943f7ba4680, 0x00007943f7ba4790] 
[4,466s][debug][gc,nmethod     ] GC(1) O: Unregister NMethod: jdk.internal.foreign.Utils$BaseAndScale.of (0x00007943f7a8af88) [0x00007943f7a8b080, 0x00007943f7a8c698] 
[4,466s][debug][gc,nmethod     ] GC(1) O: Unregister NMethod: java.util.ArrayDeque.isEmpty (0x00007943f78e1208) [0x00007943f78e1300, 0x00007943f78e1450] 
[4,466s][debug][gc,nmethod     ] GC(1) O: Unregister NMethod: java.util.concurrent.atomic.AtomicLong.addAndGet (0x00007943f7b1c508) [0x00007943f7b1c600, 0x00007943f7b1c710] 
[4,466s][debug][gc,nmethod     ] GC(1) O: Unregister NMethod: com.sun.org.apache.xerces.internal.impl.XMLNSDocumentScannerImpl.scanStartElement (0x00007943f7c8b008) [0x00007943f7c8b100, 0x00007943f7c933e0] 
[4,466s][debug][gc,nmethod     ] GC(1) O: Unregister NMethod: java.nio.ByteBuffer.<init> (0x00007943f7811508) [0x00007943f7811600, 0x00007943f7811848] 
[4,466s][debug][gc,nmethod     ] GC(1) O: Unregister NMethod: java.lang.String.startsWith (0x00007943f78dec88) [0x00007943f78ded80, 0x00007943f78df078] 
[4,466s][debug][gc,nmethod     ] GC(1) O: Unregister NMethod: io.sirix.utils.XMLToken.cp (0x00007943f7b16808) [0x00007943f7b16900, 0x00007943f7b16d38] 
[4,466s][debug][gc,nmethod     ] GC(1) O: Unregister NMethod: io.sirix.node.SirixDeweyID.getNewAttributeID (0x00007943f7d97a08) [0x00007943f7d97b00, 0x00007943f7d97ee8] 
[4,466s][debug][gc,nmethod     ] GC(1) O: Unregister NMethod: jdk.internal.foreign.AbstractMemorySegmentImpl.asSlice (0x0000794416c9d808) [0x0000794416c9d900, 0x0000794416c9dae8] 
[4,466s][debug][gc,nmethod     ] GC(1) O: Unregister NMethod: java.util.BitSet.nextSetBit (0x0000794416db2088) [0x0000794416db2180, 0x0000794416db2300] 
[4,466s][debug][gc,nmethod     ] GC(1) O: Unregister NMethod: java.util.concurrent.atomic.AtomicLong.compareAndSet (0x00007943f7b1a988) [0x00007943f7b1aa80, 0x00007943f7b1aba0] 
[4,466s][debug][gc,nmethod     ] GC(1) O: Unregister NMethod: jdk.internal.foreign.SegmentFactories.allocateNativeSegment (0x00007943f7b62808) [0x00007943f7b62900, 0x00007943f7b62ec0] 
[4,466s][debug][gc,nmethod     ] GC(1) O: Unregister NMethod: java.lang.invoke.TypeConvertingMethodAdapter.convertType (0x00007943f7768908) [0x00007943f7768a00, 0x00007943f7770ee8] 
[4,466s][debug][gc,nmethod     ] GC(1) O: Unregister NMethod: java.util.HashMap.computeIfAbsent (0x0000794416ced808) [0x0000794416ced920, 0x0000794416cefb20] 
[4,466s][debug][gc,nmethod     ] GC(1) O: Unregister NMethod: io.sirix.cache.LinuxMemorySegmentAllocator.allocate (0x00007943f7dc5288) [0x00007943f7dc53a0, 0x00007943f7dc70f0] 
[4,466s][debug][gc,nmethod     ] GC(1) O: Unregister NMethod: java.io.UnixFileSystem.hasBooleanAttributes (0x00007943f7561a88) [0x00007943f7561b80, 0x00007943f7562708] 
[4,466s][debug][gc,nmethod     ] GC(1) O: Unregister NMethod: java.util.concurrent.ConcurrentLinkedDeque.offer (0x00007943f74c1c08) [0x00007943f74c1d00, 0x00007943f74c1e98] 
[4,466s][debug][gc,nmethod     ] GC(1) O: Unregister NMethod: java.util.concurrent.ConcurrentHashMap$KeySetView.remove (0x00007943f7f17288) [0x00007943f7f17380, 0x00007943f7f17508] 
[4,466s][debug][gc,nmethod     ] GC(1) O: Unregister NMethod: java.nio.ByteBuffer.wrap (0x00007943f7839308) [0x00007943f7839400, 0x00007943f7839670] 
[4,466s][debug][gc,nmethod     ] GC(1) O: Unregister NMethod: jdk.internal.foreign.layout.AbstractLayout.requirePowerOfTwoAndGreaterOrEqualToOne (0x00007943f7e06588) [0x00007943f7e06680, 0x00007943f7e06a28] 
[4,466s][debug][gc,nmethod     ] GC(1) O: Unregister NMethod: java.nio.Buffer$2.newDirectByteBuffer (0x00007943f7bf2508) [0x00007943f7bf2600, 0x00007943f7bf27b0] 
[4,466s][debug][gc,nmethod     ] GC(1) O: Unregister NMethod: org.magicwerk.brownies.collections.GapList.doGet (0x0000794416d86f88) [0x0000794416d87080, 0x0000794416d87218] 
[4,466s][debug][gc,nmethod     ] GC(1) O: Unregister NMethod: com.sun.org.apache.xerces.internal.impl.XMLEntityScanner.skipSpaces (0x00007943f80e3988) [0x00007943f80e3a80, 0x00007943f80e4d00] 
[4,466s][debug][gc,nmethod     ] GC(1) O: Unregister NMethod: com.sun.org.apache.xerces.internal.impl.XMLScanner.scanAttributeValue (0x00007943f7d58688) [0x00007943f7d58780, 0x00007943f7d62e80] 
[4,466s][debug][gc,nmethod     ] GC(1) O: Unregister NMethod: jdk.internal.foreign.MemorySessionImpl$ResourceList.cleanupSingle (0x00007943f7e03c08) [0x00007943f7e03d00, 0x00007943f7e03e88] 
[4,466s][debug][gc,nmethod     ] GC(1) O: Unregister NMethod: sun.security.provider.DigestBase.implCompressMultiBlock0 (0x00007943f7f13908) [0x00007943f7f13a00, 0x00007943f7f13dd0] 
[4,466s][debug][gc,nmethod     ] GC(1) O: Unregister NMethod: java.util.BitSet.and (0x00007943f7b12a08) [0x00007943f7b12b00, 0x00007943f7b12f50] 
[4,466s][debug][gc,nmethod     ] GC(1) O: Unregister NMethod: io.sirix.axis.ChildAxis.reset (0x00007943f7c5c308) [0x00007943f7c5c400, 0x00007943f7c5c5e8] 
[4,466s][debug][gc,nmethod     ] GC(1) O: Unregister NMethod: io.sirix.node.xml.TextNode.getRightSiblingKey (0x00007943f7b29088) [0x00007943f7b29180, 0x00007943f7b2e170] 
[4,466s][debug][gc,nmethod     ] GC(1) O: Unregister NMethod: io.sirix.utils.XMLToken.isValidQName (0x00007943f7c59208) [0x00007943f7c59300, 0x00007943f7c5a850] 
[4,466s][debug][gc,nmethod     ] GC(1) O: Unregister NMethod: io.sirix.node.xml.TextNode.getRawValue (0x00007943f7c2be88) [0x00007943f7c2bf80, 0x00007943f7c2c298] 
[4,466s][debug][gc,nmethod     ] GC(1) O: Unregister NMethod: io.sirix.node.xml.ElementNode.setRightSiblingKey (0x00007943f7ccd088) [0x00007943f7ccd180, 0x00007943f7cd22a8] 
[4,466s][debug][gc,nmethod     ] GC(1) O: Unregister NMethod: it.unimi.dsi.fastutil.shorts.ShortArrayList$1.nextShort (0x00007943f7f47b88) [0x00007943f7f47c80, 0x00007943f7f47fd8] 
[4,466s][debug][gc,nmethod     ] GC(1) O: Unregister NMethod: io.sirix.access.trx.page.NodePageReadOnlyTrx.getReferenceToLeafOfSubtree (0x00007943f7f39888) [0x00007943f7f39980, 0x00007943f7f39f70] 
[4,466s][debug][gc,nmethod     ] GC(1) O: Unregister NMethod: io.sirix.page.KeyValueLeafPage.setData (0x0000794416e04608) [0x0000794416e04700, 0x0000794416e07ae8] 
[4,466s][debug][gc,nmethod     ] GC(1) O: Unregister NMethod: io.sirix.index.name.Names.setName (0x00007943f80f2e88) [0x00007943f80f2f80, 0x00007943f80f5170] 
[4,466s][debug][gc,nmethod     ] GC(1) O: Unregister NMethod: it.unimi.dsi.fastutil.longs.LongArrayList.grow (0x00007943f7b3a508) [0x00007943f7b3a600, 0x00007943f7b3ab60] 
[4,466s][debug][gc,nmethod     ] GC(1) O: Unregister NMethod: io.sirix.access.trx.page.NodePageTrx.getRecord (0x00007943f7f26208) [0x00007943f7f26300, 0x00007943f7f282a0] 
[4,466s][debug][gc,nmethod     ] GC(1) O: Unregister NMethod: io.sirix.node.xml.AttributeNode.getKind (0x00007943f7c00f08) [0x00007943f7c01000, 0x00007943f7c01108] 
[4,466s][debug][gc,nmethod     ] GC(1) O: Unregister NMethod: sun.security.provider.SHA2.implCompress (0x00007943f7e28208) [0x00007943f7e28300, 0x00007943f7e28558] 
[4,466s][debug][gc,nmethod     ] GC(1) O: Unregister NMethod: io.sirix.node.GrowingMemorySegment.toByteArray (0x00007943f7c77a88) [0x00007943f7c77b80, 0x00007943f7c7e698] 
[4,466s][debug][gc,nmethod     ] GC(1) O: Unregister NMethod: io.sirix.node.MemorySegmentBytesOut.clear (0x00007943f7b17b08) [0x00007943f7b17c00, 0x00007943f7b17db8] 
[4,466s][debug][gc,nmethod     ] GC(1) O: Unregister NMethod: org.gradle.internal.io.StreamByteBuffer$StreamByteBufferChunk.spaceLeft (0x00007943f7408908) [0x00007943f7408a00, 0x00007943f7408b08] 
[4,466s][debug][gc,nmethod     ] GC(1) O: Unregister NMethod: io.sirix.node.MemorySegmentBytesIn.read (0x00007943f7f2bf08) [0x00007943f7f2c000, 0x00007943f7f2ce60] 
[4,466s][debug][gc,nmethod     ] GC(1) O: Unregister NMethod: java.lang.invoke.VarHandleSegmentAsInts.get (0x00007943f7a7d708) [0x00007943f7a7d800, 0x00007943f7a82ca0] 
[4,466s][debug][gc,nmethod     ] GC(1) O: Unregister NMethod: jdk.internal.loader.URLClassPath$FileLoader.getResource (0x00007943f76f2088) [0x00007943f76f2180, 0x00007943f76f4398] 
[4,466s][debug][gc,nmethod     ] GC(1) O: Unregister NMethod: net.openhft.hashing.XXH3$AsLongHashFunction.hash (0x00007943f7ba4888) [0x00007943f7ba4980, 0x00007943f7ba51d0] 
[4,466s][debug][gc,nmethod     ] GC(1) O: Unregister NMethod: com.sun.org.apache.xerces.internal.parsers.AbstractSAXParser.characters (0x00007943f80e3288) [0x00007943f80e3380, 0x00007943f80e3928] 
[4,466s][debug][gc,nmethod     ] GC(1) O: Unregister NMethod: jdk.internal.misc.ScopedMemoryAccess.getScopedMemoryAccess (0x00007943f7a61788) [0x00007943f7a61880, 0x00007943f7a61968] 
[4,466s][debug][gc,nmethod     ] GC(1) O: Unregister NMethod: java.util.zip.Checksum.update (0x00007943f762d308) [0x00007943f762d400, 0x00007943f762d738] 
[4,466s][debug][gc,nmethod     ] GC(1) O: Unregister NMethod: jdk.internal.misc.VM.isDirectMemoryPageAligned (0x00007943f7b32408) [0x00007943f7b32500, 0x00007943f7b327e0] 
[4,466s][debug][gc,nmethod     ] GC(1) O: Unregister NMethod: io.sirix.page.KeyValueLeafPage.updateFreeSpaceStart (0x00007943f7dd7308) [0x00007943f7dd7400, 0x00007943f7dd75b0] 
[4,466s][debug][gc,nmethod     ] GC(1) O: Unregister NMethod: io.sirix.node.MemorySegmentBytesIn.readLong (0x00007943f7f3bc08) [0x00007943f7f3bd00, 0x00007943f7f3c318] 
[4,466s][debug][gc,nmethod     ] GC(1) O: Unregister NMethod: java.nio.channels.spi.AbstractInterruptibleChannel.blockedOn (0x00007943f7f15508) [0x00007943f7f15600, 0x00007943f7f159b8] 
[4,466s][debug][gc,nmethod     ] GC(1) O: Unregister NMethod: io.sirix.axis.filter.PathNameFilter.filter (0x00007943f7ba7a08) [0x00007943f7ba7b00, 0x00007943f7baa300] 
[4,466s][debug][gc,nmethod     ] GC(1) O: Unregister NMethod: io.sirix.node.delegates.NodeDelegate.hashCode (0x00007943f7da6308) [0x00007943f7da6400, 0x00007943f7da6938] 
[4,466s][debug][gc,nmethod     ] GC(1) O: Unregister NMethod: io.brackit.query.node.parser.SAX2SubtreeHandlerAdapter$TrimmingStringBuilder.append (0x00007943f80cdb88) [0x00007943f80cdc80, 0x00007943f80ce110] 
[4,466s][debug][gc,nmethod     ] GC(1) O: Unregister NMethod: io.sirix.index.path.summary.PathNode.hashCode (0x00007943f7da5388) [0x00007943f7da5480, 0x00007943f7da5840] 
[4,466s][debug][gc,nmethod     ] GC(1) O: Unregister NMethod: jdk.internal.foreign.SharedSession$SharedResourceList.add (0x00007943f7b79608) [0x00007943f7b79700, 0x00007943f7b7c1e8] 
[4,466s][debug][gc,nmethod     ] GC(1) O: Unregister NMethod: io.sirix.node.MemorySegmentBytesIn.getUnderlying (0x00007943f7b91788) [0x00007943f7b91880, 0x00007943f7b91e68] 
[4,466s][debug][gc,nmethod     ] GC(1) O: Unregister NMethod: io.sirix.node.NodeSerializerImpl.deserializeDeweyID (0x00007943f7f97988) [0x00007943f7f97a80, 0x00007943f7f98a08] 
[4,466s][debug][gc,nmethod     ] GC(1) O: Unregister NMethod: io.sirix.access.trx.node.xml.XmlNodeReadOnlyTrxImpl.getNode (0x00007943f80da708) [0x00007943f80da800, 0x00007943f80dcd80] 
[4,466s][debug][gc,nmethod     ] GC(1) O: Unregister NMethod: com.sun.org.apache.xerces.internal.impl.XMLDocumentFragmentScannerImpl$FragmentContentDriver.next (0x00007943f7dae888) [0x00007943f7dae980, 0x00007943f7dbc440] 
[4,466s][debug][gc,nmethod     ] GC(1) O: Unregister NMethod: it.unimi.dsi.fastutil.ints.Int2LongOpenHashMap.get (0x00007943f80cd108) [0x00007943f80cd200, 0x00007943f80cd750] 
[4,466s][debug][gc,nmethod     ] GC(1) O: Unregister NMethod: io.sirix.page.delegates.BitmapReferencesPage.getOrCreateReference (0x0000794416d89888) [0x0000794416d89980, 0x0000794416d8a148] 
[4,467s][debug][gc,nmethod     ] GC(1) O: Unregister NMethod: com.sun.org.apache.xerces.internal.impl.XMLEntityScanner.checkNodeCount (0x00007943f7c2d188) [0x00007943f7c2d280, 0x00007943f7c2d448] 
[4,467s][debug][gc,nmethod     ] GC(1) O: Unregister NMethod: java.util.LinkedHashMap.get (0x00007943f7855608) [0x00007943f7855700, 0x00007943f7855cc0] 
[4,467s][debug][gc,nmethod     ] GC(1) O: Unregister NMethod: io.sirix.node.xml.ElementNode.hasRightSibling (0x0000794416d40208) [0x0000794416d40300, 0x0000794416d40758] 
[4,467s][debug][gc,nmethod     ] GC(1) O: Unregister NMethod: java.nio.DirectByteBuffer.<init> (0x00007943f7bf2808) [0x00007943f7bf2900, 0x00007943f7bf2b78] 
[4,467s][debug][gc,nmethod     ] GC(1) O: Unregister NMethod: io.sirix.access.trx.page.NodePageTrx.getPageContainer (0x00007943f7ae2208) [0x00007943f7ae2300, 0x00007943f7ae3440] 
[4,467s][debug][gc,nmethod     ] GC(1) O: Unregister NMethod: io.sirix.access.trx.node.xml.ForwardingXmlNodeReadOnlyTrx.getResourceSession (0x00007943f7b9d688) [0x00007943f7b9d780, 0x00007943f7b9dd78] 
[4,467s][debug][gc,nmethod     ] GC(1) O: Unregister NMethod: jdk.internal.foreign.ImplicitSession.<init> (0x00007943f7b6b108) [0x00007943f7b6b200, 0x00007943f7b6b890] 
[4,467s][debug][gc,nmethod     ] GC(1) O: Unregister NMethod: org.magicwerk.brownies.collections.GapList.get (0x00007943f8084288) [0x00007943f8084380, 0x00007943f8085d78] 
[4,467s][debug][gc,nmethod     ] GC(1) O: Unregister NMethod: io.sirix.index.path.summary.PathSummaryReader.putMapping (0x00007943f7c35708) [0x00007943f7c35800, 0x00007943f7c36238] 
[4,467s][debug][gc,nmethod     ] GC(1) O: Unregister NMethod: com.sun.org.apache.xerces.internal.parsers.AbstractSAXParser.startElement (0x00007943f7c7f188) [0x00007943f7c7f280, 0x00007943f7c81568] 
[4,467s][debug][gc,nmethod     ] GC(1) O: Unregister NMethod: sun.security.provider.SHA2.implCompress0 (0x00007943f7e05c08) [0x00007943f7e05d00, 0x00007943f7e06570] 
[4,467s][debug][gc,nmethod     ] GC(1) O: Unregister NMethod: io.sirix.page.KeyValueLeafPage.hasEnoughSpace (0x00007943f7dddd88) [0x00007943f7ddde80, 0x00007943f7dde220] 
[4,467s][debug][gc,nmethod     ] Register NMethod: io.brackit.query.jdm.XMLChar.isNameStartChar (0x00007943f84bb188) [0x00007943f84bb280, 0x00007943f84bb8d8] Compiler: c1, Barriers: 0, Oops: 1, ImmediateOops: 0, NonImmediateOops: No
[4,467s][debug][gc,nmethod     ] GC(1) O: Unregister NMethod: io.sirix.access.trx.node.xml.XmlNodeFactoryImpl.createElementNode (0x00007943f7c9a588) [0x00007943f7c9a680, 0x00007943f7c9eee0] 
[4,467s][debug][gc,nmethod     ] GC(1) O: Unregister NMethod: io.sirix.node.xml.ElementNode.getParentKey (0x00007943f7ae3488) [0x00007943f7ae3580, 0x00007943f7ae8568] 
[4,467s][debug][gc,nmethod     ] GC(1) O: Unregister NMethod: java.util.concurrent.ForkJoinPool.deactivate (0x00007943f7f12808) [0x00007943f7f12900, 0x00007943f7f12fb0] 
[4,467s][debug][gc,nmethod     ] GC(1) O: Unregister NMethod: com.sun.org.apache.xerces.internal.util.XMLAttributesImpl.getQName (0x00007943f7d3da08) [0x00007943f7d3db00, 0x00007943f7d3ddd0] 
[4,467s][debug][gc,nmethod     ] GC(1) O: Unregister NMethod: io.sirix.node.xml.ElementNode.getKind (0x00007943f7df6c88) [0x00007943f7df6d80, 0x00007943f7df6e88] 
[4,467s][debug][gc,nmethod     ] GC(1) O: Unregister NMethod: io.sirix.access.trx.node.xml.XmlNodeReadOnlyTrxImpl.getNode (0x0000794416cfcb08) [0x0000794416cfcc00, 0x0000794416cfcde0] 
[4,467s][debug][gc,nmethod     ] GC(1) O: Unregister NMethod: io.sirix.access.trx.node.AbstractNodeReadOnlyTrx.moveTo (0x00007943f7ad7208) [0x00007943f7ad7300, 0x00007943f7ad8e78] 
[4,467s][debug][gc,nmethod     ] GC(1) O: Unregister NMethod: io.sirix.node.xml.ElementNode.getKind (0x00007943f7acfe08) [0x00007943f7acff00, 0x00007943f7ad0008] 
[4,467s][debug][gc,nmethod     ] GC(1) O: Unregister NMethod: java.util.Arrays.copyOf (0x00007943f747f208) [0x00007943f747f300, 0x00007943f747fb80] 
[4,467s][debug][gc,nmethod     ] GC(1) O: Unregister NMethod: io.sirix.access.trx.node.AbstractNodeReadOnlyTrx.getNodeKey (0x0000794416cf1d88) [0x0000794416cf1e80, 0x0000794416cf1fd0] 
[4,467s][debug][gc,nmethod     ] GC(1) O: Unregister NMethod: com.sun.org.apache.xerces.internal.util.NamespaceSupport.popContext (0x00007943f7ce3408) [0x00007943f7ce3500, 0x00007943f7ce3668] 
[4,467s][debug][gc,nmethod     ] GC(1) O: Unregister NMethod: io.sirix.access.trx.page.NodePageReadOnlyTrx.getCurrentMaxIndirectPageTreeLevel (0x00007943f7f32a08) [0x00007943f7f32b00, 0x00007943f7f33cd8] 
[4,467s][debug][gc,nmethod     ] GC(1) O: Unregister NMethod: io.sirix.node.xml.ElementNode.getNamespaceCount (0x00007943f7dd9f08) [0x00007943f7dda000, 0x00007943f7dda160] 
[4,467s][debug][gc,nmethod     ] GC(1) O: Unregister NMethod: io.sirix.access.trx.page.NodePageTrx.prepareRecordPage (0x00007943f80bea08) [0x00007943f80beb00, 0x00007943f80c10a8] 
[4,467s][debug][gc,nmethod     ] GC(1) O: Unregister NMethod: java.nio.ByteBuffer.<init> (0x00007943f7bba088) [0x00007943f7bba180, 0x00007943f7bba2c8] 
[4,467s][debug][gc,nmethod     ] GC(1) O: Unregister NMethod: io.sirix.node.xml.TextNode.getKind (0x00007943f7ae8608) [0x00007943f7ae8700, 0x00007943f7ae8808] 
[4,467s][debug][gc,nmethod     ] GC(1) O: Unregister NMethod: io.sirix.access.trx.node.AbstractNodeReadOnlyTrx.setCurrentNode (0x00007943f7ac8308) [0x00007943f7ac8400, 0x00007943f7ac88a0] 
[4,467s][debug][gc,nmethod     ] GC(1) O: Unregister NMethod: java.util.BitSet.recalculateWordsInUse (0x00007943f7a94d88) [0x00007943f7a94e80, 0x00007943f7a950c0] 
[4,467s][debug][gc,nmethod     ] GC(1) O: Unregister NMethod: io.sirix.access.trx.page.NodePageReadOnlyTrx.getReferenceToLeafOfSubtree (0x00007943f7f67208) [0x00007943f7f67300, 0x00007943f7f68430] 
[4,467s][debug][gc,nmethod     ] GC(1) O: Unregister NMethod: io.sirix.access.trx.page.NodePageTrx.prepareRecordForModification (0x00007943f80b2008) [0x00007943f80b2100, 0x00007943f80b3f88] 
[4,467s][debug][gc,nmethod     ] GC(1) O: Unregister NMethod: io.sirix.node.MemorySegmentBytesIn.readStopBit (0x00007943f81b0988) [0x00007943f81b0a80, 0x00007943f81b0ca0] 
[4,467s][debug][gc,nmethod     ] GC(1) O: Unregister NMethod: java.lang.invoke.VarHandleGuards.guard_LJ_J (0x00007943f7aa5e88) [0x00007943f7aa5f80, 0x00007943f7aa8e40] 
[4,467s][debug][gc,nmethod     ] GC(1) O: Unregister NMethod: it.unimi.dsi.fastutil.ints.Int2IntOpenHashMap.put (0x00007943f7c35388) [0x00007943f7c35480, 0x00007943f7c356e8] 
[4,467s][debug][gc,nmethod     ] GC(1) O: Unregister NMethod: io.sirix.node.MemorySegmentBytesOut.writeStopBit (0x00007943f7dd1c88) [0x00007943f7dd1d80, 0x00007943f7dd2000] 
[4,467s][debug][gc,nmethod     ] GC(1) O: Unregister NMethod: com.sun.org.apache.xerces.internal.impl.XMLEntityScanner.peekChar (0x00007943f7d9e888) [0x00007943f7d9e980, 0x00007943f7d9ee38] 
[4,467s][debug][gc,nmethod     ] GC(1) O: Unregister NMethod: jdk.xml.internal.XMLSecurityManager.isOverLimit (0x00007943f7b3ab88) [0x00007943f7b3ac80, 0x00007943f7b3c260] 
[4,467s][debug][gc,nmethod     ] GC(1) O: Unregister NMethod: io.sirix.node.NodeKind$4.deserialize (0x00007943f8036808) [0x00007943f8036900, 0x00007943f80384b8] 
[4,467s][debug][gc,nmethod     ] GC(1) O: Unregister NMethod: it.unimi.dsi.fastutil.shorts.ShortArrayList$1.nextShort (0x00007943f7f30288) [0x00007943f7f30380, 0x00007943f7f30608] 
[4,467s][debug][gc,nmethod     ] GC(1) O: Unregister NMethod: io.sirix.node.xml.ElementNode.getChildCount (0x00007943f7b5e488) [0x00007943f7b5e580, 0x00007943f7b61f88] 
[4,467s][debug][gc,nmethod     ] GC(1) O: Unregister NMethod: java.util.concurrent.ConcurrentHashMap.putIfAbsent (0x0000794416c63a08) [0x0000794416c63b00, 0x0000794416c66288] 
[4,467s][debug][gc,nmethod     ] Register NMethod: io.brackit.query.compiler.parser.Tokenizer.laQName (0x00007943f84bb908) [0x00007943f84bba00, 0x00007943f84bd608] Compiler: c1, Barriers: 49, Oops: 1, ImmediateOops: 0, NonImmediateOops: No
[4,467s][debug][gc,nmethod     ] GC(1) O: Unregister NMethod: io.sirix.page.NamePage.getCurrentMaxLevelOfIndirectPages (0x00007943f83d2508) [0x00007943f83d2600, 0x00007943f83d27a8] 
[4,467s][debug][gc,nmethod     ] GC(1) O: Unregister NMethod: jdk.internal.misc.ScopedMemoryAccess.copyMemory (0x00007943f7a57988) [0x00007943f7a57a80, 0x00007943f7a58df8] 
[4,467s][debug][gc,nmethod     ] GC(1) O: Unregister NMethod: io.sirix.axis.filter.FilterAxis.nextKey (0x0000794416d29888) [0x0000794416d29980, 0x0000794416d2ca30] 
[4,467s][debug][gc,nmethod     ] GC(1) O: Unregister NMethod: io.sirix.node.xml.AbstractStructForwardingNode.hasLeftSibling (0x00007943f7da3808) [0x00007943f7da3900, 0x00007943f7da3a58] 
[4,467s][debug][gc,nmethod     ] GC(1) O: Unregister NMethod: io.brackit.query.node.parser.SAX2SubtreeHandlerAdapter.characters (0x00007943f80ccc88) [0x00007943f80ccd80, 0x00007943f80cd090] 
[4,467s][debug][gc,nmethod     ] GC(1) O: Unregister NMethod: io.sirix.access.trx.node.xml.XmlNodeTrxImpl.insertTextAsRightSibling (0x00007943f7ceaf88) [0x00007943f7ceb080, 0x00007943f7cf9ad8] 
[4,467s][debug][gc,nmethod     ] GC(1) O: Unregister NMethod: io.sirix.node.xml.ElementNode.getFirstChildKey (0x00007943f7bdd608) [0x00007943f7bdd700, 0x00007943f7be26f0] 
[4,467s][debug][gc,nmethod     ] GC(1) O: Unregister NMethod: io.sirix.page.delegates.BitmapReferencesPage.index (0x0000794416d89188) [0x0000794416d89280, 0x0000794416d89818] 
[4,467s][debug][gc,nmethod     ] GC(1) O: Unregister NMethod: io.sirix.axis.filter.FilterAxis.<init> (0x00007943f7fd0108) [0x00007943f7fd0200, 0x00007943f7fd2d88] 
[4,467s][debug][gc,nmethod     ] GC(1) O: Unregister NMethod: java.nio.MappedByteBuffer.rewind (0x00007943f7be6388) [0x00007943f7be6480, 0x00007943f7be6868] 
[4,467s][debug][gc,nmethod     ] GC(1) O: Unregister NMethod: java.lang.Class.getSimpleName (0x00007943f7ea3b88) [0x00007943f7ea3c80, 0x00007943f7ea3ee0] 
[4,467s][debug][gc,nmethod     ] GC(1) O: Unregister NMethod: java.util.stream.StreamSupport.stream (0x00007943f77c2a88) [0x00007943f77c2b80, 0x00007943f77c2f70] 
[4,467s][debug][gc,nmethod     ] GC(1) O: Unregister NMethod: jdk.internal.loader.URLClassPath$JarLoader$1.getCodeSourceURL (0x00007943f75e1a08) [0x00007943f75e1b00, 0x00007943f75e1c68] 
[4,467s][debug][gc,nmethod     ] GC(1) O: Unregister NMethod: jdk.internal.foreign.HeapMemorySegmentImpl$OfByte.maxAlignMask (0x00007943f7e10e88) [0x00007943f7e10f80, 0x00007943f7e11080] 
[4,467s][debug][gc,nmethod     ] GC(1) O: Unregister NMethod: java.lang.invoke.MethodType.methodType (0x00007943f745a408) [0x00007943f745a500, 0x00007943f745a9e0] 
[4,467s][debug][gc,nmethod     ] GC(1) O: Unregister NMethod: io.sirix.node.immutable.xml.ImmutableElement.getKind (0x00007943f7c63688) [0x00007943f7c63780, 0x00007943f7c63ad8] 
[4,467s][debug][gc,nmethod     ] GC(1) O: Unregister NMethod: io.sirix.access.trx.node.AbstractNodeReadOnlyTrx.getNodeKey (0x00007943f7f99308) [0x00007943f7f99400, 0x00007943f7f99a68] 
[4,467s][debug][gc,nmethod     ] GC(1) O: Unregister NMethod: io.sirix.access.trx.page.NodePageTrx.prepareRecordPage (0x0000794416cdba08) [0x0000794416cdbb00, 0x0000794416cdc6b8] 
[4,467s][debug][gc,nmethod     ] GC(1) O: Unregister NMethod: java.util.stream.AbstractPipeline.copyInto (0x00007943f77c7208) [0x00007943f77c7300, 0x00007943f77c8420] 
[4,467s][debug][gc,nmethod     ] GC(1) O: Unregister NMethod: java.lang.classfile.CodeBuilder.getfield (0x00007943f78dd308) [0x00007943f78dd400, 0x00007943f78ddde0] 
[4,467s][debug][gc,nmethod     ] Register NMethod: it.unimi.dsi.fastutil.shorts.ShortArrayList.<init> (0x00007943f84bd688) [0x00007943f84bd780, 0x00007943f84bda28] Compiler: c1, Barriers: 0, Oops: 1, ImmediateOops: 0, NonImmediateOops: No
[4,467s][debug][gc,nmethod     ] GC(1) O: Unregister NMethod: jdk.internal.foreign.AbstractMemorySegmentImpl.toArray (0x00007943f7e98d08) [0x00007943f7e98e00, 0x00007943f7ea3af0] 
[4,467s][debug][gc,nmethod     ] GC(1) O: Unregister NMethod: it.unimi.dsi.fastutil.ints.Int2LongOpenHashMap.get (0x00007943f7bf7c88) [0x00007943f7bf7d80, 0x00007943f7bf82d0] 
[4,467s][debug][gc,nmethod     ] GC(1) O: Unregister NMethod: io.sirix.node.MemorySegmentBytesOut.<init> (0x00007943f7dd7608) [0x00007943f7dd7700, 0x00007943f7dd7910] 
[4,467s][debug][gc,nmethod     ] Register NMethod: it.unimi.dsi.fastutil.shorts.AbstractShortCollection.<init> (0x00007943f84bda88) [0x00007943f84bdb80, 0x00007943f84bdd38] Compiler: c1, Barriers: 0, Oops: 1, ImmediateOops: 0, NonImmediateOops: No
[4,468s][debug][gc,nmethod     ] GC(1) O: Unregister NMethod: io.sirix.node.BytesOut.asBytesIn (0x00007943f7b73388) [0x00007943f7b73480, 0x00007943f7b74128] 
[4,468s][debug][gc,nmethod     ] Register NMethod: it.unimi.dsi.fastutil.shorts.AbstractShortList.<init> (0x00007943f84bdd88) [0x00007943f84bde80, 0x00007943f84be098] Compiler: c1, Barriers: 0, Oops: 1, ImmediateOops: 0, NonImmediateOops: No
[4,468s][debug][gc,nmethod     ] GC(1) O: Unregister NMethod: io.sirix.index.path.summary.PathSummaryWriter.getPathNodeKey (0x0000794416d9bd08) [0x0000794416d9be00, 0x0000794416d9d8a8] 
[4,468s][debug][gc,nmethod     ] GC(1) O: Unregister NMethod: java.util.concurrent.ConcurrentHashMap$Traverser.<init> (0x00007943f7f14708) [0x00007943f7f14800, 0x00007943f7f14a00] 
[4,468s][debug][gc,nmethod     ] GC(1) O: Unregister NMethod: java.util.BitSet.and (0x0000794416d38d08) [0x0000794416d38e40, 0x0000794416d39360] 
[4,468s][debug][gc,nmethod     ] GC(1) O: Unregister NMethod: io.sirix.query.node.SubtreeProcessor.notifyEndElement (0x00007943f7cbef08) [0x00007943f7cbf000, 0x00007943f7cbfa60] 
[4,468s][debug][gc,nmethod     ] Register NMethod: io.brackit.query.compiler.parser.Tokenizer.laSym (0x00007943f84be108) [0x00007943f84be200, 0x00007943f84bf7a0] Compiler: c1, Barriers: 8, Oops: 2, ImmediateOops: 2, NonImmediateOops: No
[4,468s][debug][gc,nmethod     ] GC(1) O: Unregister NMethod: io.sirix.page.PageKind$1.deserializePage (0x00007943f81d8e08) [0x00007943f81d8f00, 0x00007943f81dd248] 
[4,468s][debug][gc,nmethod     ] GC(1) O: Unregister NMethod: jdk.internal.foreign.SegmentFactories.ensureInitialized (0x00007943f7b2fa08) [0x00007943f7b2fb00, 0x00007943f7b2fbe0] 
[4,468s][debug][gc,nmethod     ] GC(1) O: Unregister NMethod: io.sirix.utils.XMLToken.isNCChar (0x00007943f7b1ac88) [0x00007943f7b1ad80, 0x00007943f7b1b168] 
[4,468s][debug][gc,nmethod     ] GC(1) O: Unregister NMethod: io.sirix.node.xml.AttributeNode.getLocalNameKey (0x00007943f7d41c08) [0x00007943f7d41d00, 0x00007943f7d46cf0] 
[4,468s][debug][gc,nmethod     ] GC(1) O: Unregister NMethod: io.sirix.node.NodeKind.writeHash (0x00007943f7dfc688) [0x00007943f7dfc780, 0x00007943f7dfc8f0] 
[4,468s][debug][gc,nmethod     ] GC(1) O: Unregister NMethod: jdk.internal.foreign.MemorySessionImpl.checkValidState (0x00007943f7afa808) [0x00007943f7afa900, 0x00007943f7afb3e8] 
[4,468s][debug][gc,nmethod     ] GC(1) O: Unregister NMethod: io.sirix.axis.pathsummary.AbstractAxis.next (0x00007943f7f46e08) [0x00007943f7f46f00, 0x00007943f7f47198] 
[4,468s][debug][gc,nmethod     ] GC(1) O: Unregister NMethod: io.sirix.axis.AbstractAxis.hasNext (0x00007943f7b17e08) [0x00007943f7b17f00, 0x00007943f7b189c8] 
[4,468s][debug][gc,nmethod     ] GC(1) O: Unregister NMethod: jdk.internal.foreign.HeapMemorySegmentImpl$OfByte.<init> (0x00007943f7e2d608) [0x00007943f7e2d700, 0x00007943f7e2d900] 
[4,468s][debug][gc,nmethod     ] GC(1) O: Unregister NMethod: io.sirix.index.path.summary.PathSummaryWriter.getPathNodeKey (0x00007943f7c64f08) [0x00007943f7c65000, 0x00007943f7c68e78] 
[4,468s][debug][gc,nmethod     ] GC(1) O: Unregister NMethod: jdk.internal.misc.Unsafe.checkPointer (0x00007943f754e808) [0x00007943f754e900, 0x00007943f754ec70] 
[4,468s][debug][gc,nmethod     ] GC(1) O: Unregister NMethod: java.util.Spliterator.getExactSizeIfKnown (0x00007943f77c4588) [0x00007943f77c4680, 0x00007943f77c4bd0] 
[4,468s][debug][gc,nmethod     ] GC(1) O: Unregister NMethod: io.sirix.page.PageKind$1.serializePage (0x00007943f7edc208) [0x00007943f7edc300, 0x00007943f7ee9e68] 
[4,468s][debug][gc,nmethod     ] GC(1) O: Unregister NMethod: java.util.concurrent.ConcurrentHashMap.sumCount (0x00007943f7f13008) [0x00007943f7f13100, 0x00007943f7f13308] 
[4,468s][debug][gc,nmethod     ] Register NMethod: java.util.ArrayDeque.addLast (0x0000794416f0de88) [0x0000794416f0df80, 0x0000794416f0e848] Compiler: jvmci, Barriers: 24, Oops: 0, ImmediateOops: 0, NonImmediateOops: No
[4,468s][debug][gc,nmethod     ] GC(1) O: Unregister NMethod: java.lang.invoke.VarHandleGuards.guard_LLL_Z (0x00007943f7847c88) [0x00007943f7847d80, 0x00007943f784ac80] 
[4,468s][debug][gc,nmethod     ] GC(1) O: Unregister NMethod: io.sirix.node.MemorySegmentBytesIn.<init> (0x00007943f7b53608) [0x00007943f7b53700, 0x00007943f7b538e0] 
[4,468s][debug][gc,nmethod     ] GC(1) O: Unregister NMethod: io.sirix.access.trx.node.xml.XmlNodeReadOnlyTrxImpl.getNode (0x00007943f7b3da08) [0x00007943f7b3db00, 0x00007943f7b3ddf8] 
[4,468s][debug][gc,nmethod     ] GC(1) O: Unregister NMethod: io.sirix.node.SirixDeweyID.toBytes (0x00007943f7e41188) [0x00007943f7e41280, 0x00007943f7e41be0] 
[4,468s][debug][gc,nmethod     ] GC(1) O: Unregister NMethod: io.sirix.node.xml.TextNode.hasLeftSibling (0x00007943f7b6de08) [0x00007943f7b6df00, 0x00007943f7b73338] 
[4,468s][debug][gc,nmethod     ] GC(1) O: Unregister NMethod: io.sirix.query.node.SubtreeProcessor.notifyText (0x00007943f7c2c308) [0x00007943f7c2c400, 0x00007943f7c2ce60] 
[4,468s][debug][gc,nmethod     ] GC(1) O: Unregister NMethod: java.util.zip.Inflater.ensureOpen (0x00007943f74c4208) [0x00007943f74c4300, 0x00007943f74c4588] 
[4,468s][debug][gc,nmethod     ] GC(1) O: Unregister NMethod: jdk.internal.ref.CleanerImpl$CleanableList.insert (0x00007943f74de808) [0x00007943f74de900, 0x00007943f74df380] 
[4,468s][debug][gc,nmethod     ] Register NMethod: it.unimi.dsi.fastutil.shorts.ShortArrayList.initArrayFromCapacity (0x00007943f84bf808) [0x00007943f84bf900, 0x00007943f84c0ad0] Compiler: c1, Barriers: 7, Oops: 3, ImmediateOops: 3, NonImmediateOops: No
[4,468s][debug][gc,nmethod     ] GC(1) O: Unregister NMethod: io.sirix.page.PathSummaryPage.incrementAndGetMaxNodeKey (0x00007943f83cac88) [0x00007943f83cad80, 0x00007943f83caff8] 
[4,468s][debug][gc,nmethod     ] GC(1) O: Unregister NMethod: com.sun.org.apache.xerces.internal.parsers.AbstractSAXParser$AttributesProxy.getQName (0x00007943f7d3d588) [0x00007943f7d3d680, 0x00007943f7d3d9e0] 
[4,468s][debug][gc,nmethod     ] GC(1) O: Unregister NMethod: io.brackit.query.node.parser.SAX2SubtreeHandlerAdapter.characters (0x0000794416d40788) [0x0000794416d40880, 0x0000794416d40f20] 
[4,468s][debug][gc,nmethod     ] GC(1) O: Unregister NMethod: io.brackit.query.node.parser.SAX2SubtreeHandlerAdapter$TrimmingStringBuilder.clear (0x00007943f7c2ce88) [0x00007943f7c2cf80, 0x00007943f7c2d090] 
[4,468s][debug][gc,nmethod     ] Register NMethod: it.unimi.dsi.fastutil.ints.Int2LongOpenHashMap$MapIterator.hasNext (0x00007943f84c0b08) [0x00007943f84c0c00, 0x00007943f84c0d50] Compiler: c1, Barriers: 0, Oops: 1, ImmediateOops: 0, NonImmediateOops: No
[4,468s][debug][gc,nmethod     ] GC(1) O: Unregister NMethod: io.sirix.access.trx.page.NodePageTrx.getPageContainer (0x00007943f7f35088) [0x00007943f7f35180, 0x00007943f7f362c0] 
[4,468s][debug][gc,nmethod     ] Register NMethod: it.unimi.dsi.fastutil.ints.Int2ObjectOpenHashMap$MapIterator.hasNext (0x00007943f84c0e08) [0x00007943f84c0f00, 0x00007943f84c1050] Compiler: c1, Barriers: 0, Oops: 1, ImmediateOops: 0, NonImmediateOops: No
[4,468s][debug][gc,nmethod     ] GC(1) O: Unregister NMethod: io.sirix.node.immutable.xml.ImmutableElement.getPathNodeKey (0x00007943f7c69188) [0x00007943f7c69280, 0x00007943f7c6e4c8] 
[4,468s][debug][gc,nmethod     ] GC(1) O: Unregister NMethod: java.lang.invoke.DirectMethodHandle.constructorMethod (0x00007943f75bcb88) [0x00007943f75bcc80, 0x00007943f75bcfa0] 
[4,468s][debug][gc,nmethod     ] GC(1) O: Unregister NMethod: io.sirix.page.KeyValueLeafPage.getSlot (0x00007943f7a62288) [0x00007943f7a62380, 0x00007943f7a78588] 
[4,468s][debug][gc,nmethod     ] Register NMethod: java.util.concurrent.ForkJoinTask.doExec (0x00007943f84c1108) [0x00007943f84c1200, 0x00007943f84c1cc0] Compiler: c1, Barriers: 0, Oops: 0, ImmediateOops: 0, NonImmediateOops: No
[4,468s][debug][gc,nmethod     ] GC(1) O: Unregister NMethod: io.sirix.node.Utils.putVarLong (0x00007943f7dd2e08) [0x00007943f7dd2f00, 0x00007943f7dd3030] 
[4,468s][debug][gc,nmethod     ] Register NMethod: it.unimi.dsi.fastutil.ints.Int2IntOpenHashMap$MapIterator.hasNext (0x00007943f84c1d08) [0x00007943f84c1e00, 0x00007943f84c1f50] Compiler: c1, Barriers: 0, Oops: 1, ImmediateOops: 0, NonImmediateOops: No
[4,468s][debug][gc,nmethod     ] GC(1) O: Unregister NMethod: com.google.common.base.Preconditions.checkArgument (0x00007943f7ad6f08) [0x00007943f7ad7000, 0x00007943f7ad71d0] 
[4,468s][debug][gc,nmethod     ] GC(1) O: Unregister NMethod: java.nio.HeapByteBuffer.putLong (0x00007943f8138d08) [0x00007943f8138e00, 0x00007943f813a910] 
[4,468s][debug][gc,nmethod     ] GC(1) O: Unregister NMethod: io.brackit.query.atomic.QNm.<init> (0x00007943f80ba588) [0x00007943f80ba680, 0x00007943f80bab28] 
[4,468s][debug][gc,nmethod     ] GC(1) O: Unregister NMethod: io.sirix.page.NamePage.setName (0x00007943f7c3b408) [0x00007943f7c3b500, 0x00007943f7c3cac0] 
[4,468s][debug][gc,nmethod     ] GC(1) O: Unregister NMethod: io.sirix.access.trx.node.AbstractNodeHashing.setAddDescendants (0x00007943f7ae8d88) [0x00007943f7ae8e80, 0x00007943f7ae9a08] 
[4,468s][debug][gc,nmethod     ] GC(1) O: Unregister NMethod: io.sirix.access.trx.page.NodePageTrx.getRecord (0x0000794416cdcf88) [0x0000794416cdd080, 0x0000794416cdd868] 
[4,468s][debug][gc,nmethod     ] GC(1) O: Unregister NMethod: io.sirix.node.xml.ElementNode.getAttributeKey (0x00007943f7dfcd08) [0x00007943f7dfce00, 0x00007943f7dfcff8] 
[4,468s][debug][gc,nmethod     ] GC(1) O: Unregister NMethod: com.sun.org.apache.xerces.internal.impl.XMLEntityScanner.skipSpaces (0x00007943f7dbc488) [0x00007943f7dbc580, 0x00007943f7dbd810] 
[4,468s][debug][gc,nmethod     ] GC(1) O: Unregister NMethod: io.sirix.access.trx.page.NodePageTrx.prepareRecordForModification (0x0000794416ce5208) [0x0000794416ce5300, 0x0000794416ce6318] 
[4,468s][debug][gc,nmethod     ] Register NMethod: com.github.benmanes.caffeine.cache.SSMS.accessOrderWindowDeque (0x0000794416f0e888) [0x0000794416f0e980, 0x0000794416f0ea70] Compiler: c1, Barriers: 1, Oops: 1, ImmediateOops: 0, NonImmediateOops: No
[4,468s][debug][gc,nmethod     ] GC(1) O: Unregister NMethod: java.lang.StringLatin1.inflate (0x00007943f7422a88) [0x00007943f7422b80, 0x00007943f7422d70] 
[4,468s][debug][gc,nmethod     ] GC(1) O: Unregister NMethod: com.sun.org.apache.xerces.internal.util.SymbolTable.addSymbol (0x00007943f7c3ce08) [0x00007943f7c3cf00, 0x00007943f7c3d440] 
[4,468s][debug][gc,nmethod     ] GC(1) O: Unregister NMethod: io.sirix.node.xml.AttributeNode.getPrefixKey (0x00007943f7d47208) [0x00007943f7d47300, 0x00007943f7d4c2f0] 
[4,468s][debug][gc,nmethod     ] GC(1) O: Unregister NMethod: net.openhft.hashing.XXH3.XXH3_mix2Accs (0x00007943f7d35a88) [0x00007943f7d35b80, 0x00007943f7d36c80] 
[4,468s][debug][gc,phases      ] GC(1) O: Concurrent Classes Unlink 15,835ms
[4,469s][debug][gc,phases,start] GC(1) O: Concurrent Classes Purge
[4,469s][debug][gc,nmethod     ] GC(1) O: Purge NMethod: io.sirix.access.trx.node.xml.XmlNodeTrxImpl.adaptForInsert (0x0000794416d2ea88) [0x0000794416d2eb80, 0x0000794416d34148] 
[4,469s][debug][gc,nmethod     ] GC(1) O: Purge NMethod: java.net.URL.<init> (0x00007943f75c8688) [0x00007943f75c8780, 0x00007943f75cee98] 
[4,469s][debug][gc,nmethod     ] GC(1) O: Purge NMethod: io.sirix.node.xml.AbstractStructForwardingNode.setFirstChildKey (0x00007943f7da0e88) [0x00007943f7da0f80, 0x00007943f7da10b8] 
[4,469s][debug][gc,nmethod     ] GC(1) O: Purge NMethod: io.sirix.node.xml.ElementNode.hasLeftSibling (0x00007943f80ec688) [0x00007943f80ec780, 0x00007943f80f1bb8] 
[4,469s][debug][gc,nmethod     ] GC(1) O: Purge NMethod: net.openhft.hashing.XXH3.XXH3_avalanche (0x00007943f7b7c588) [0x00007943f7b7c680, 0x00007943f7b7c790] 
[4,469s][debug][gc,nmethod     ] GC(1) O: Purge NMethod: io.sirix.node.MemorySegmentBytesIn.read (0x00007943f7f7a408) [0x00007943f7f7a500, 0x00007943f7f80ff8] 
[4,469s][debug][gc,nmethod     ] GC(1) O: Purge NMethod: io.sirix.query.node.SubtreeBuilder.text (0x00007943f7c13e88) [0x00007943f7c13f80, 0x00007943f7c14918] 
[4,469s][debug][gc,nmethod     ] GC(1) O: Purge NMethod: io.sirix.page.KeyValueLeafPage.addReferences (0x00007943f8085e08) [0x00007943f8085f00, 0x00007943f80870a0] 
[4,469s][debug][gc,nmethod     ] GC(1) O: Purge NMethod: io.sirix.axis.filter.PathNameFilter.<init> (0x00007943f7c61308) [0x00007943f7c61400, 0x00007943f7c63088] 
[4,469s][debug][gc,nmethod     ] GC(1) O: Purge NMethod: io.sirix.node.xml.TextNode.getKind (0x00007943f7e44e08) [0x00007943f7e44f00, 0x00007943f7e45008] 
[4,469s][debug][gc,nmethod     ] GC(1) O: Purge NMethod: com.sun.org.apache.xerces.internal.impl.XMLNSDocumentScannerImpl.next (0x00007943f80cc688) [0x00007943f80cc780, 0x00007943f80ccc50] 
[4,469s][debug][gc,nmethod     ] GC(1) O: Purge NMethod: org.magicwerk.brownies.collections.GapList.get (0x00007943f7af8c88) [0x00007943f7af8d80, 0x00007943f7afa778] 
[4,469s][debug][gc,nmethod     ] GC(1) O: Purge NMethod: io.sirix.access.trx.node.xml.XmlNodeReadOnlyTrxImpl.getResourceSession (0x00007943f7b9e488) [0x00007943f7b9e580, 0x00007943f7b9ebf8] 
[4,469s][debug][gc,nmethod     ] GC(1) O: Purge NMethod: io.sirix.node.xml.ElementNode.<init> (0x00007943f8034188) [0x00007943f8034280, 0x00007943f8034580] 
[4,469s][debug][gc,nmethod     ] GC(1) O: Purge NMethod: io.sirix.page.KeyValueLeafPage.setData (0x00007943f7fecb08) [0x00007943f7fecc00, 0x00007943f8032380] 
[4,469s][debug][gc,nmethod     ] GC(1) O: Purge NMethod: io.sirix.page.UberPage.getPageCountExp (0x00007943f7f30988) [0x00007943f7f30a80, 0x00007943f7f30d10] 
[4,469s][debug][gc,nmethod     ] GC(1) O: Purge NMethod: java.util.concurrent.locks.ReentrantLock$NonfairSync.initialTryLock (0x00007943f75e5a88) [0x00007943f75e5b80, 0x00007943f75e6870] 
[4,469s][debug][gc,nmethod     ] GC(1) O: Purge NMethod: io.sirix.node.NodeSerializerImpl.serializeDeweyID (0x00007943f7eb0b08) [0x00007943f7eb0c00, 0x00007943f7eb11e8] 
[4,469s][debug][gc,nmethod     ] GC(1) O: Purge NMethod: java.util.concurrent.ConcurrentHashMap.replaceNode (0x00007943f7f17e88) [0x00007943f7f17f80, 0x00007943f7f18ec8] 
[4,469s][debug][gc,nmethod     ] GC(1) O: Purge NMethod: io.sirix.node.SirixDeweyID.<init> (0x00007943f7cccb08) [0x00007943f7cccc00, 0x00007943f7ccd068] 
[4,469s][debug][gc,nmethod     ] GC(1) O: Purge NMethod: it.unimi.dsi.fastutil.ints.Int2IntOpenHashMap.find (0x00007943f7c2d488) [0x00007943f7c2d580, 0x00007943f7c2d9e8] 
[4,469s][debug][gc,nmethod     ] GC(1) O: Purge NMethod: io.sirix.access.trx.page.NodePageTrx$$Lambda/0x00000000a928fa18.apply (0x00007943f7f53008) [0x00007943f7f53100, 0x00007943f7f534c8] 
[4,469s][debug][gc,nmethod     ] GC(1) O: Purge NMethod: com.sun.org.apache.xerces.internal.impl.XMLEntityScanner.scanLiteral (0x00007943f7d37c88) [0x00007943f7d37d80, 0x00007943f7d38fc8] 
[4,469s][debug][gc,nmethod     ] GC(1) O: Purge NMethod: java.util.concurrent.ForkJoinPool.deactivate (0x00007943f7f99a88) [0x00007943f7f99b80, 0x00007943f7f9a628] 
[4,469s][debug][gc,nmethod     ] GC(1) O: Purge NMethod: io.sirix.access.trx.page.NodePageTrx.getName (0x00007943f7f40708) [0x00007943f7f40800, 0x00007943f7f40f90] 
[4,469s][debug][gc,nmethod     ] GC(1) O: Purge NMethod: io.brackit.query.node.parser.SAX2SubtreeHandlerAdapter.characters (0x00007943f7c13108) [0x00007943f7c13200, 0x00007943f7c13520] 
[4,469s][debug][gc,nmethod     ] GC(1) O: Purge NMethod: java.util.Objects.equals (0x00007943f740bf88) [0x00007943f740c080, 0x00007943f740c408] 
[4,469s][debug][gc,nmethod     ] GC(1) O: Purge NMethod: java.lang.String.indexOf (0x00007943f74dda08) [0x00007943f74ddb00, 0x00007943f74de4b8] 
[4,469s][debug][gc,nmethod     ] GC(1) O: Purge NMethod: java.lang.ref.Finalizer.<init> (0x00007943f7f1e188) [0x00007943f7f1e280, 0x00007943f7f1e810] 
[4,469s][debug][gc,nmethod     ] GC(1) O: Purge NMethod: io.sirix.access.trx.page.NodePageReadOnlyTrx.getCurrentMaxIndirectPageTreeLevel (0x00007943f7f53508) [0x00007943f7f53600, 0x00007943f7f5adc8] 
[4,469s][debug][gc,nmethod     ] GC(1) O: Purge NMethod: io.sirix.access.trx.node.xml.XmlNodeFactoryImpl.createTextNode (0x00007943f7c2da08) [0x00007943f7c2db00, 0x00007943f7c2fb48] 
[4,469s][debug][gc,nmethod     ] GC(1) O: Purge NMethod: jdk.internal.foreign.layout.ValueLayouts$OfByteImpl.dup (0x00007943f7e5d308) [0x00007943f7e5d400, 0x00007943f7e5d5b0] 
[4,469s][debug][gc,nmethod     ] GC(1) O: Purge NMethod: jdk.internal.foreign.layout.ValueLayouts$AbstractValueLayout.<init> (0x00007943f7e04b08) [0x00007943f7e04c00, 0x00007943f7e04fe8] 
[4,469s][debug][gc,nmethod     ] GC(1) O: Purge NMethod: jdk.internal.foreign.NativeMemorySegmentImpl.dup (0x00007943f750dc88) [0x00007943f750dd80, 0x00007943f750e378] 
[4,469s][debug][gc,nmethod     ] GC(1) O: Purge NMethod: io.sirix.utils.XMLToken.ncName (0x0000794416d07b08) [0x0000794416d07c00, 0x0000794416d07f58] 
[4,469s][debug][gc,nmethod     ] GC(1) O: Purge NMethod: java.util.concurrent.locks.AbstractQueuedSynchronizer.compareAndSetState (0x00007943f799da88) [0x00007943f799db80, 0x00007943f799dc98] 
[4,469s][debug][gc,nmethod     ] GC(1) O: Purge NMethod: io.sirix.node.NodeKind$4.serialize (0x00007943f7e4ea88) [0x00007943f7e4eb80, 0x00007943f7e52a38] 
[4,469s][debug][gc,nmethod     ] GC(1) O: Purge NMethod: it.unimi.dsi.fastutil.longs.LongArrayList.removeLong (0x00007943f7b57b08) [0x00007943f7b57c00, 0x00007943f7b59330] 
[4,469s][debug][gc,nmethod     ] GC(1) O: Purge NMethod: io.sirix.page.KeyValueLeafPage.getDeweyId (0x00007943f7e53388) [0x00007943f7e53480, 0x00007943f7e58c30] 
[4,469s][debug][gc,nmethod     ] GC(1) O: Purge NMethod: io.sirix.node.NodeKind.serializeDelegateWithoutIDs (0x00007943f7e48e08) [0x00007943f7e48f00, 0x00007943f7e49188] 
[4,469s][debug][gc,nmethod     ] GC(1) O: Purge NMethod: java.util.concurrent.ConcurrentLinkedDeque.linkLast (0x00007943f760e408) [0x00007943f760e500, 0x00007943f76135f8] 
[4,469s][debug][gc,nmethod     ] GC(1) O: Purge NMethod: java.util.HashMap.putVal (0x0000794416c96788) [0x0000794416c96880, 0x0000794416c977f0] 
[4,469s][debug][gc,nmethod     ] GC(1) O: Purge NMethod: io.brackit.query.jdm.AbstractItem$1.close (0x00007943f7fe8608) [0x00007943f7fe8700, 0x00007943f7fe8800] 
[4,469s][debug][gc,nmethod     ] GC(1) O: Purge NMethod: it.unimi.dsi.fastutil.HashCommon.mix (0x00007943f7acfb08) [0x00007943f7acfc00, 0x00007943f7acfcf0] 
[4,469s][debug][gc,nmethod     ] GC(1) O: Purge NMethod: java.util.ArrayDeque.push (0x00007943f7beb808) [0x00007943f7beb900, 0x00007943f7beba48] 
[4,469s][debug][gc,nmethod     ] GC(1) O: Purge NMethod: io.brackit.query.node.parser.SAX2SubtreeHandlerAdapter.handleText (0x00007943f7c14988) [0x00007943f7c14a80, 0x00007943f7c153f0] 
[4,469s][debug][gc,nmethod     ] GC(1) O: Purge NMethod: io.sirix.node.xml.ElementNode.hasLeftSibling (0x00007943f7c06788) [0x00007943f7c06880, 0x00007943f7c0bcb8] 
[4,469s][debug][gc,nmethod     ] GC(1) O: Purge NMethod: it.unimi.dsi.fastutil.shorts.ShortArrayList$1.<init> (0x00007943f7f36d08) [0x00007943f7f36e00, 0x00007943f7f36f80] 
[4,469s][debug][gc,nmethod     ] GC(1) O: Purge NMethod: io.sirix.utils.XMLToken.ncName (0x00007943f7c56888) [0x00007943f7c56980, 0x00007943f7c56dd8] 
[4,469s][debug][gc,nmethod     ] GC(1) O: Purge NMethod: jdk.internal.classfile.impl.Util.parameterSlots (0x00007943f74fb688) [0x00007943f74fb780, 0x00007943f74fbc10] 
[4,469s][debug][gc,nmethod     ] GC(1) O: Purge NMethod: io.sirix.cache.LinuxMemorySegmentAllocator.partitionVirtualRegion (0x0000794416c9e908) [0x0000794416c9ea00, 0x0000794416c9f968] 
[4,469s][debug][gc,nmethod     ] GC(1) O: Purge NMethod: java.lang.Math.min (0x00007943f7564108) [0x00007943f7564200, 0x00007943f7564328] 
[4,469s][debug][gc,nmethod     ] GC(1) O: Purge NMethod: io.sirix.access.trx.node.AbstractResourceSession.getResourceConfig (0x00007943f7b0d508) [0x00007943f7b0d600, 0x00007943f7b0d8a0] 
[4,469s][debug][gc,nmethod     ] GC(1) O: Purge NMethod: io.sirix.node.SirixDeweyID.getDivisionBits (0x00007943f7e2cd08) [0x00007943f7e2ce00, 0x00007943f7e2d280] 
[4,469s][debug][gc,nmethod     ] GC(1) O: Purge NMethod: jdk.internal.misc.Unsafe.allocateMemory (0x00007943f7b31008) [0x00007943f7b31100, 0x00007943f7b323b0] 
[4,469s][debug][gc,nmethod     ] GC(1) O: Purge NMethod: java.util.HashSet.isEmpty (0x00007943f7445808) [0x00007943f7445900, 0x00007943f7445ca8] 
[4,469s][debug][gc,nmethod     ] GC(1) O: Purge NMethod: io.sirix.node.xml.AbstractStructForwardingNode.getFirstChildKey (0x00007943f7c3db08) [0x00007943f7c3dc00, 0x00007943f7c3df30] 
[4,469s][debug][gc,nmethod     ] GC(1) O: Purge NMethod: io.sirix.access.trx.page.NodePageReadOnlyTrx.getRecordPage (0x00007943f7f3d688) [0x00007943f7f3d780, 0x00007943f7f3ed00] 
[4,469s][debug][gc,nmethod     ] GC(1) O: Purge NMethod: io.sirix.access.trx.node.xml.XmlNodeReadOnlyTrxImpl.isElement (0x00007943f7cc1e08) [0x00007943f7cc1f00, 0x00007943f7cc29a8] 
[4,469s][debug][gc,nmethod     ] GC(1) O: Purge NMethod: io.sirix.node.xml.AttributeNode.<init> (0x00007943f7d55f88) [0x00007943f7d56080, 0x00007943f7d566f0] 
[4,469s][debug][gc,nmethod     ] GC(1) O: Purge NMethod: io.sirix.access.trx.node.AbstractNodeTrxImpl.intermediateCommitIfRequired (0x00007943f7b90888) [0x00007943f7b90980, 0x00007943f7b916f8] 
[4,469s][debug][gc,nmethod     ] GC(1) O: Purge NMethod: io.sirix.access.trx.node.AbstractNodeReadOnlyTrx.getKind (0x00007943f7f9e508) [0x00007943f7f9e600, 0x00007943f7f9ec68] 
[4,469s][debug][gc,nmethod     ] GC(1) O: Purge NMethod: java.lang.invoke.VarHandleGuards.guard_LJ_I (0x00007943f7a5d608) [0x00007943f7a5d700, 0x00007943f7a605c0] 
[4,469s][debug][gc,nmethod     ] GC(1) O: Purge NMethod: io.sirix.node.json.JsonNodeSerializer.updateSizePrefix (0x00007943f7e4ac08) [0x00007943f7e4ad00, 0x00007943f7e4afa0] 
[4,469s][debug][gc,nmethod     ] GC(1) O: Purge NMethod: java.nio.HeapByteBuffer.ix (0x00007943f7ce3a08) [0x00007943f7ce3b00, 0x00007943f7ce3c08] 
[4,469s][debug][gc,nmethod     ] GC(1) O: Purge NMethod: io.sirix.node.xml.AttributeNode.getKind (0x00007943f7e30788) [0x00007943f7e30880, 0x00007943f7e30988] 
[4,469s][debug][gc,nmethod     ] GC(1) O: Purge NMethod: io.sirix.page.KeyValueLeafPage.setData (0x00007943f8158a08) [0x00007943f8158b00, 0x00007943f819e280] 
[4,469s][debug][gc,nmethod     ] GC(1) O: Purge NMethod: io.sirix.page.KeyValueLeafPage.updateLastSlotIndex (0x00007943f7dd8108) [0x00007943f7dd8200, 0x00007943f7dd84a0] 
[4,469s][debug][gc,nmethod     ] GC(1) O: Purge NMethod: io.sirix.page.KeyValueLeafPage.setData (0x0000794416da0188) [0x0000794416da0280, 0x0000794416da2948] 
[4,469s][debug][gc,nmethod     ] GC(1) O: Purge NMethod: java.util.concurrent.locks.ReentrantLock.lock (0x0000794416d04b08) [0x0000794416d04c00, 0x0000794416d04eb8] 
[4,469s][debug][gc,nmethod     ] GC(1) O: Purge NMethod: com.sun.org.apache.xerces.internal.parsers.AbstractXMLDocumentParser.emptyElement (0x00007943f7d8ee88) [0x00007943f7d8ef80, 0x00007943f7d8f498] 
[4,470s][debug][gc,nmethod     ] GC(1) O: Purge NMethod: java.lang.invoke.InnerClassLambdaMetafactory.convertArgumentTypes (0x00007943f7958a88) [0x00007943f7958b80, 0x00007943f7959e48] 
[4,470s][debug][gc,nmethod     ] GC(1) O: Purge NMethod: io.sirix.node.NodeKind.deserializeStructDel (0x00007943f7f46788) [0x00007943f7f46880, 0x00007943f7f46dc8] 
[4,470s][debug][gc,nmethod     ] GC(1) O: Purge NMethod: java.net.URLStreamHandler.parseURL (0x00007943f76f4408) [0x00007943f76f4500, 0x00007943f7713418] 
[4,470s][debug][gc,nmethod     ] GC(1) O: Purge NMethod: io.sirix.access.trx.node.AbstractNodeHashing.rollingAdd (0x00007943f80dce08) [0x00007943f80dcf00, 0x00007943f80e2200] 
[4,470s][debug][gc,nmethod     ] GC(1) O: Purge NMethod: org.magicwerk.brownies.collections.GapList.get (0x0000794416d86c88) [0x0000794416d86d80, 0x0000794416d86f18] 
[4,470s][debug][gc,nmethod     ] GC(1) O: Purge NMethod: io.brackit.query.atomic.Una.type (0x00007943f8267608) [0x00007943f8267700, 0x00007943f8267808] 
[4,470s][debug][gc,nmethod     ] GC(1) O: Purge NMethod: io.sirix.index.path.summary.PathSummaryReader.getName (0x00007943f7da5888) [0x00007943f7da5980, 0x00007943f7da62f8] 
[4,470s][debug][gc,nmethod     ] GC(1) O: Purge NMethod: java.util.WeakHashMap.hash (0x00007943f748a008) [0x00007943f748a100, 0x00007943f748a428] 
[4,470s][debug][gc,nmethod     ] GC(1) O: Purge NMethod: com.sun.org.apache.xerces.internal.util.SymbolTable.addSymbol (0x0000794416cfce08) [0x0000794416cfcf00, 0x0000794416cfd780] 
[4,470s][debug][gc,nmethod     ] GC(1) O: Purge NMethod: io.sirix.axis.filter.xml.XmlNameFilter.filter (0x00007943f7fe1408) [0x00007943f7fe1500, 0x00007943f7fe2948] 
[4,470s][debug][gc,nmethod     ] GC(1) O: Purge NMethod: io.sirix.access.trx.page.NodePageTrx.getMostRecentPageContainer (0x0000794416ce1b08) [0x0000794416ce1c00, 0x0000794416ce2000] 
[4,470s][debug][gc,nmethod     ] GC(1) O: Purge NMethod: jdk.internal.foreign.AbstractMemorySegmentImpl.checkArraySize (0x00007943f7bedf88) [0x00007943f7bee080, 0x00007943f7bf0e80] 
[4,470s][debug][gc,nmethod     ] GC(1) O: Purge NMethod: io.sirix.node.xml.ElementNode.getDescendantCount (0x00007943f7af3008) [0x00007943f7af3100, 0x00007943f7af6978] 
[4,470s][debug][gc,nmethod     ] GC(1) O: Purge NMethod: java.util.Arrays.copyOf (0x00007943f7b2e208) [0x00007943f7b2e300, 0x00007943f7b2e6c8] 
[4,470s][debug][gc,nmethod     ] GC(1) O: Purge NMethod: io.sirix.access.trx.node.xml.ForwardingXmlNodeReadOnlyTrx.getKind (0x00007943f7b9dd88) [0x00007943f7b9de80, 0x00007943f7b9e478] 
[4,470s][debug][gc,nmethod     ] GC(1) O: Purge NMethod: io.sirix.cache.IndexLogKey.equals (0x0000794416cec008) [0x0000794416cec100, 0x0000794416cec2a8] 
[4,470s][debug][gc,nmethod     ] GC(1) O: Purge NMethod: io.sirix.access.trx.node.xml.XmlNodeReadOnlyTrxImpl.hasAttributes (0x00007943f7d56708) [0x00007943f7d56800, 0x00007943f7d57780] 
[4,470s][debug][gc,nmethod     ] GC(1) O: Purge NMethod: io.sirix.index.path.summary.PathSummaryWriter.getPathNodeKey (0x00007943f80e4d08) [0x00007943f80e4e00, 0x00007943f80e8c60] 
[4,470s][debug][gc,nmethod     ] GC(1) O: Purge NMethod: io.sirix.node.NodeKind.serializeNameDelegate (0x00007943f7e4a288) [0x00007943f7e4a380, 0x00007943f7e4a698] 
[4,470s][debug][gc,nmethod     ] GC(1) O: Purge NMethod: jdk.internal.foreign.MemorySessionImpl$ResourceList.cleanupSingle (0x00007943f7e28908) [0x00007943f7e28a00, 0x00007943f7e28fa8] 
[4,470s][debug][gc,nmethod     ] GC(1) O: Purge NMethod: jdk.internal.foreign.AbstractMemorySegmentImpl.isAlignedForElement (0x00007943f752f588) [0x00007943f752f680, 0x00007943f752f850] 
[4,470s][debug][gc,nmethod     ] GC(1) O: Purge NMethod: io.sirix.node.MemorySegmentBytesOut.writeInt (0x00007943f7ac8908) [0x00007943f7ac8a00, 0x00007943f7ac8b98] 
[4,470s][debug][gc,nmethod     ] GC(1) O: Purge NMethod: jdk.internal.misc.Unsafe.putShortUnaligned (0x00007943f7e45108) [0x00007943f7e45200, 0x00007943f7e45338] 
[4,470s][debug][gc,nmethod     ] GC(1) O: Purge NMethod: io.sirix.service.xml.shredder.AbstractShredder.processText (0x00007943f7c16908) [0x00007943f7c16a00, 0x00007943f7c18cc8] 
[4,470s][debug][gc,nmethod     ] GC(1) O: Purge NMethod: sun.security.provider.SHA2.implCompress0 (0x00007943f7e26f08) [0x00007943f7e27000, 0x00007943f7e27e20] 
[4,470s][debug][gc,nmethod     ] GC(1) O: Purge NMethod: com.sun.org.apache.xerces.internal.impl.XMLEntityScanner.checkBeforeLoad (0x0000794416cf0788) [0x0000794416cf0880, 0x0000794416cf0970] 
[4,470s][debug][gc,nmethod     ] GC(1) O: Purge NMethod: com.sun.org.apache.xerces.internal.impl.XMLEntityScanner.skipString (0x0000794416d35608) [0x0000794416d35700, 0x0000794416d363c8] 
[4,470s][debug][gc,nmethod     ] GC(1) O: Purge NMethod: jdk.internal.foreign.ArenaImpl.allocate (0x00007943f7dcf088) [0x00007943f7dcf180, 0x00007943f7dcf300] 
[4,470s][debug][gc,nmethod     ] GC(1) O: Purge NMethod: jdk.internal.misc.Unsafe.checkNativeAddress (0x00007943f75e0108) [0x00007943f75e0200, 0x00007943f75e0310] 
[4,470s][debug][gc,nmethod     ] GC(1) O: Purge NMethod: io.sirix.access.trx.page.NodePageReadOnlyTrx.getResourceSession (0x00007943f7c41308) [0x00007943f7c41400, 0x00007943f7c41870] 
[4,470s][debug][gc,nmethod     ] GC(1) O: Purge NMethod: java.util.stream.AbstractPipeline.sourceSpliterator (0x00007943f77d0008) [0x00007943f77d0100, 0x00007943f77d1bc8] 
[4,470s][debug][gc,nmethod     ] GC(1) O: Purge NMethod: jdk.internal.foreign.AbstractMemorySegmentImpl$$Lambda/0x00000000a9221260.apply (0x00007943f7e58f88) [0x00007943f7e59080, 0x00007943f7e59418] 
[4,470s][debug][gc,nmethod     ] GC(1) O: Purge NMethod: java.lang.StringBuilder.length (0x00007943f7451708) [0x00007943f7451800, 0x00007943f7451918] 
[4,470s][debug][gc,nmethod     ] GC(1) O: Purge NMethod: io.sirix.access.trx.node.AbstractNodeReadOnlyTrx.moveTo (0x00007943f7f9b108) [0x00007943f7f9b200, 0x00007943f7f9cd68] 
[4,470s][debug][gc,nmethod     ] GC(1) O: Purge NMethod: jdk.internal.misc.Unsafe.putIntUnaligned (0x00007943f78c4308) [0x00007943f78c4400, 0x00007943f78c4630] 
[4,470s][debug][gc,nmethod     ] GC(1) O: Purge NMethod: java.lang.classfile.CodeBuilder.newBoundLabel (0x00007943f78c9d88) [0x00007943f78c9e80, 0x00007943f78ca8d8] 
[4,470s][debug][gc,nmethod     ] GC(1) O: Purge NMethod: jdk.internal.classfile.impl.AbstractPoolEntry$AbstractRefsEntry.<init> (0x00007943f74fbf88) [0x00007943f74fc080, 0x00007943f74fc880] 
[4,470s][debug][gc,nmethod     ] GC(1) O: Purge NMethod: io.sirix.page.KeyValueLeafPage.resizeMemorySegment (0x00007943f8101308) [0x00007943f8101400, 0x00007943f8112470] 
[4,470s][debug][gc,nmethod     ] GC(1) O: Purge NMethod: io.sirix.index.path.summary.PathSummaryReader.getNodeKey (0x00007943f809da88) [0x00007943f809db80, 0x00007943f809e030] 
[4,470s][debug][gc,nmethod     ] GC(1) O: Purge NMethod: io.sirix.access.trx.page.NodePageTrx.getMostRecentPageContainer (0x00007943f7f39108) [0x00007943f7f39200, 0x00007943f7f39830] 
[4,470s][debug][gc,nmethod     ] GC(1) O: Purge NMethod: io.sirix.node.NodeKind.deserializeNodeDelegateWithoutIDs (0x00007943f7f45908) [0x00007943f7f45a00, 0x00007943f7f45d08] 
[4,470s][debug][gc,nmethod     ] GC(1) O: Purge NMethod: io.sirix.axis.AbstractAxis.<init> (0x0000794416dd6208) [0x0000794416dd6300, 0x0000794416dd6a70] 
[4,470s][debug][gc,nmethod     ] GC(1) O: Purge NMethod: io.sirix.access.trx.page.NodePageTrx.getPageContainer (0x00007943f7cf9b08) [0x00007943f7cf9c00, 0x00007943f7cfad40] 
[4,470s][debug][gc,nmethod     ] GC(1) O: Purge NMethod: java.lang.String.regionMatches (0x0000794416c90d88) [0x0000794416c90e80, 0x0000794416c911c8] 
[4,470s][debug][gc,nmethod     ] GC(1) O: Purge NMethod: com.sun.org.apache.xerces.internal.impl.XMLDocumentFragmentScannerImpl.seekCloseOfStartTag (0x00007943f7c43088) [0x00007943f7c43180, 0x00007943f7c44750] 
[4,470s][debug][gc,nmethod     ] GC(1) O: Purge NMethod: jdk.internal.util.ArraysSupport.mismatch (0x00007943f78c7c08) [0x00007943f78c7d00, 0x00007943f78c80e0] 
[4,470s][debug][gc,nmethod     ] GC(1) O: Purge NMethod: io.sirix.page.NamePage.getName (0x00007943f7f3aa08) [0x00007943f7f3ab00, 0x00007943f7f3b458] 
[4,470s][debug][gc,nmethod     ] GC(1) O: Purge NMethod: io.sirix.page.KeyValueLeafPage.getNumberOfNonNullEntries (0x00007943f8090d88) [0x00007943f8090e80, 0x00007943f80913a0] 
[4,470s][debug][gc,nmethod     ] GC(1) O: Purge NMethod: io.sirix.axis.filter.PathKindFilter.filter (0x00007943f7caa308) [0x00007943f7caa400, 0x00007943f7cab398] 
[4,470s][debug][gc,nmethod     ] GC(1) O: Purge NMethod: jdk.internal.foreign.HeapMemorySegmentImpl$OfByte.unsafeGetOffset (0x00007943f7e31408) [0x00007943f7e31500, 0x00007943f7e31618] 
[4,470s][debug][gc,nmethod     ] GC(1) O: Purge NMethod: io.sirix.page.PageKind$1.deserializePage (0x00007943f81e1a08) [0x00007943f81e1b00, 0x00007943f81e5e20] 
[4,470s][debug][gc,nmethod     ] GC(1) O: Purge NMethod: io.sirix.access.trx.page.NodePageReadOnlyTrx.getValue (0x00007943f7f2d488) [0x00007943f7f2d580, 0x00007943f7f2f0e0] 
[4,470s][debug][gc,nmethod     ] GC(1) O: Purge NMethod: io.sirix.node.NodeSerializerImpl.deserialize (0x00007943f81b0d08) [0x00007943f81b0e00, 0x00007943f81b1258] 
[4,470s][debug][gc,nmethod     ] GC(1) O: Purge NMethod: io.brackit.query.atomic.AbstractAtomic.<init> (0x00007943f7b2fd08) [0x00007943f7b2fe00, 0x00007943f7b30018] 
[4,470s][debug][gc,nmethod     ] GC(1) O: Purge NMethod: io.sirix.node.MemorySegmentBytesOut.writeStopBit (0x00007943f7dd8808) [0x00007943f7dd8900, 0x00007943f7dd8ca0] 
[4,470s][debug][gc,nmethod     ] GC(1) O: Purge NMethod: java.lang.invoke.VarHandleGuards.guard_LL_V (0x00007943f740e708) [0x00007943f740e800, 0x00007943f74133e8] 
[4,470s][debug][gc,nmethod     ] GC(1) O: Purge NMethod: io.sirix.axis.pathsummary.AbstractAxis.tryToComputeNext (0x00007943f7f47208) [0x00007943f7f47300, 0x00007943f7f476a0] 
[4,470s][debug][gc,nmethod     ] GC(1) O: Purge NMethod: java.lang.String.indexOf (0x00007943f758d908) [0x00007943f758da00, 0x00007943f758e220] 
[4,470s][debug][gc,nmethod     ] GC(1) O: Purge NMethod: io.brackit.query.atomic.QNm.<init> (0x00007943f7be7188) [0x00007943f7be7280, 0x00007943f7be7728] 
[4,470s][debug][gc,nmethod     ] GC(1) O: Purge NMethod: java.nio.HeapByteBuffer.putLong (0x00007943f7eb1988) [0x00007943f7eb1a80, 0x00007943f7eb1f58] 
[4,470s][debug][gc,nmethod     ] GC(1) O: Purge NMethod: jdk.internal.loader.URLClassPath.getResource (0x00007943f75a8408) [0x00007943f75a8500, 0x00007943f75a8968] 
[4,470s][debug][gc,nmethod     ] GC(1) O: Purge NMethod: jdk.internal.foreign.layout.ValueLayouts$AbstractValueLayout.assertCarrierSize (0x00007943f7e06a88) [0x00007943f7e06b80, 0x00007943f7e06c58] 
[4,470s][debug][gc,nmethod     ] GC(1) O: Purge NMethod: io.sirix.axis.filter.FilterAxis.nextKey (0x00007943f7c5a888) [0x00007943f7c5a980, 0x00007943f7c5bf90] 
[4,470s][debug][gc,nmethod     ] GC(1) O: Purge NMethod: java.util.concurrent.locks.ReentrantLock.lock (0x00007943f80cb988) [0x00007943f80cba80, 0x00007943f80cc250] 
[4,470s][debug][gc,nmethod     ] GC(1) O: Purge NMethod: jdk.internal.misc.Unsafe.checkSize (0x00007943f7959e88) [0x00007943f7959f80, 0x00007943f795a1e0] 
[4,470s][debug][gc,nmethod     ] GC(1) O: Purge NMethod: sun.net.www.ParseUtil.encodePath (0x00007943f75a1808) [0x00007943f75a1900, 0x00007943f75a1ae8] 
[4,470s][debug][gc,nmethod     ] GC(1) O: Purge NMethod: it.unimi.dsi.fastutil.longs.LongArrayList.getLong (0x00007943f7b56508) [0x00007943f7b56600, 0x00007943f7b57a90] 
[4,470s][debug][gc,nmethod     ] GC(1) O: Purge NMethod: it.unimi.dsi.fastutil.shorts.AbstractShortList.ensureIndex (0x00007943f7f5b208) [0x00007943f7f5b300, 0x00007943f7f5d5e0] 
[4,470s][debug][gc,nmethod     ] GC(1) O: Purge NMethod: java.nio.Buffer.<init> (0x00007943f77fd908) [0x00007943f77fda00, 0x00007943f77ff3f8] 
[4,470s][debug][gc,nmethod     ] GC(1) O: Purge NMethod: io.sirix.access.trx.page.NodePageTrx.getRecord (0x00007943f7adfd08) [0x00007943f7adfe00, 0x00007943f7ae1da0] 
[4,471s][debug][gc,nmethod     ] GC(1) O: Purge NMethod: jdk.internal.foreign.AbstractMemorySegmentImpl.get (0x00007943f7a79c88) [0x00007943f7a79d80, 0x00007943f7a7d6b0] 
[4,471s][debug][gc,nmethod     ] GC(1) O: Purge NMethod: io.sirix.node.GrowingMemorySegment.writeInt (0x00007943f7aff808) [0x00007943f7aff900, 0x00007943f7b03730] 
[4,471s][debug][gc,nmethod     ] GC(1) O: Purge NMethod: jdk.internal.foreign.layout.ValueLayouts$AbstractValueLayout.varHandle (0x00007943f78c4b88) [0x00007943f78c4c80, 0x00007943f78c5638] 
[4,471s][debug][gc,nmethod     ] GC(1) O: Purge NMethod: io.sirix.access.trx.node.AbstractNodeHashing.adaptHashesWithAdd (0x00007943f7ba1f88) [0x00007943f7ba2080, 0x00007943f7ba2558] 
[4,471s][debug][gc,nmethod     ] GC(1) O: Purge NMethod: java.util.BitSet.nextSetBit (0x00007943f7f34308) [0x00007943f7f34400, 0x00007943f7f34968] 
[4,471s][debug][gc,nmethod     ] GC(1) O: Purge NMethod: io.sirix.node.GrowingMemorySegment.writeLong (0x0000794416cd9e88) [0x0000794416cd9f80, 0x0000794416cda418] 
[4,471s][debug][gc,nmethod     ] GC(1) O: Purge NMethod: java.util.ArrayList.getLast (0x00007943f7c63b08) [0x00007943f7c63c00, 0x00007943f7c63f08] 
[4,471s][debug][gc,nmethod     ] GC(1) O: Purge NMethod: java.lang.ref.SoftReference.get (0x0000794416c8a288) [0x0000794416c8a380, 0x0000794416c8a4a0] 
[4,471s][debug][gc,nmethod     ] GC(1) O: Purge NMethod: java.lang.String.<init> (0x00007943f7527588) [0x00007943f7527680, 0x00007943f75279c0] 
[4,471s][debug][gc,nmethod     ] GC(1) O: Purge NMethod: java.lang.Math.max (0x00007943f74fad08) [0x00007943f74fae00, 0x00007943f74faf28] 
[4,471s][debug][gc,nmethod     ] GC(1) O: Purge NMethod: io.sirix.axis.AbstractAxis.tryToComputeNext (0x00007943f7b30788) [0x00007943f7b30880, 0x00007943f7b30fb0] 
[4,471s][debug][gc,nmethod     ] GC(1) O: Purge NMethod: jdk.internal.misc.Unsafe.getLongUnaligned (0x00007943f7a95108) [0x00007943f7a95200, 0x00007943f7a953e0] 
[4,471s][debug][gc,nmethod     ] GC(1) O: Purge NMethod: io.sirix.page.KeyValueLeafPage.getAvailableSpace (0x00007943f7ddfd08) [0x00007943f7ddfe00, 0x00007943f7de58c0] 
[4,471s][debug][gc,nmethod     ] GC(1) O: Purge NMethod: io.sirix.page.delegates.ReferencesPage4.getOrCreateReference (0x00007943f7f49888) [0x00007943f7f49980, 0x00007943f7f4b388] 
[4,471s][debug][gc,nmethod     ] GC(1) O: Purge NMethod: java.nio.HeapByteBuffer.<init> (0x00007943f7839688) [0x00007943f7839780, 0x00007943f78398f8] 
[4,471s][debug][gc,nmethod     ] GC(1) O: Purge NMethod: io.sirix.access.trx.page.NodePageTrx.getRecord (0x00007943f7cfd488) [0x00007943f7cfd580, 0x00007943f7cff520] 
[4,471s][debug][gc,nmethod     ] GC(1) O: Purge NMethod: io.sirix.page.KeyValueLeafPage.processEntries (0x00007943f8113688) [0x00007943f8113780, 0x00007943f8127c68] 
[4,471s][debug][gc,nmethod     ] GC(1) O: Purge NMethod: io.sirix.access.trx.page.NodePageReadOnlyTrx.getValue (0x0000794416cd6b88) [0x0000794416cd6c80, 0x0000794416cd6e20] 
[4,471s][debug][gc,nmethod     ] GC(1) O: Purge NMethod: java.util.concurrent.ForkJoinPool.slotOffset (0x00007943f75bd908) [0x00007943f75bda00, 0x00007943f75bdaf8] 
[4,471s][debug][gc,nmethod     ] GC(1) O: Purge NMethod: io.sirix.access.trx.page.NodePageReadOnlyTrx.getRecord (0x00007943f7f3b488) [0x00007943f7f3b580, 0x00007943f7f3bbf0] 
[4,471s][debug][gc,nmethod     ] GC(1) O: Purge NMethod: io.sirix.page.KeyValueLeafPage.setDeweyId (0x00007943f7f7a088) [0x00007943f7f7a180, 0x00007943f7f7a3d8] 
[4,471s][debug][gc,nmethod     ] GC(1) O: Purge NMethod: io.sirix.utils.XMLToken.isNCStartChar (0x0000794416cefe88) [0x0000794416ceff80, 0x0000794416cf0060] 
[4,471s][debug][gc,nmethod     ] GC(1) O: Purge NMethod: com.sun.org.apache.xerces.internal.util.AugmentationsImpl$SmallContainer.clear (0x00007943f7d3b588) [0x00007943f7d3b680, 0x00007943f7d3be00] 
[4,471s][debug][gc,nmethod     ] GC(1) O: Purge NMethod: io.sirix.cache.IndexLogKey.hashCode (0x00007943f7c76a88) [0x00007943f7c76b80, 0x00007943f7c76f28] 
[4,471s][debug][gc,nmethod     ] GC(1) O: Purge NMethod: jdk.internal.foreign.MemorySessionImpl.<init> (0x00007943f7b53908) [0x00007943f7b53a00, 0x00007943f7b53c48] 
[4,471s][debug][gc,nmethod     ] GC(1) O: Purge NMethod: com.sun.org.apache.xerces.internal.impl.XMLNSDocumentScannerImpl.next (0x00007943f7b32c88) [0x00007943f7b32d80, 0x00007943f7b33268] 
[4,471s][debug][gc,nmethod     ] GC(1) O: Purge NMethod: io.sirix.node.GrowingMemorySegment.writeByte (0x00007943f7afb408) [0x00007943f7afb500, 0x00007943f7aff130] 
[4,471s][debug][gc,nmethod     ] GC(1) O: Purge NMethod: io.sirix.page.NamePage.setName (0x00007943f80eaf88) [0x00007943f80eb080, 0x00007943f80ec640] 
[4,471s][debug][gc,nmethod     ] GC(1) O: Purge NMethod: io.sirix.access.trx.node.xml.XmlNodeReadOnlyTrxImpl.getNameNode (0x00007943f7cc7c88) [0x00007943f7cc7d80, 0x00007943f7cc85c8] 
[4,471s][debug][gc,nmethod     ] GC(1) O: Purge NMethod: io.sirix.api.PageReadOnlyTrx.recordPageOffset (0x00007943f7ac5588) [0x00007943f7ac5680, 0x00007943f7ac5778] 
[4,471s][debug][gc,nmethod     ] GC(1) O: Purge NMethod: io.sirix.node.delegates.StructNodeDelegate.<init> (0x00007943f7f45588) [0x00007943f7f45680, 0x00007943f7f458e0] 
[4,471s][debug][gc,nmethod     ] GC(1) O: Purge NMethod: java.util.ArrayList.<init> (0x00007943f75a0b88) [0x00007943f75a0c80, 0x00007943f75a0f20] 
[4,471s][debug][gc,nmethod     ] GC(1) O: Purge NMethod: jdk.internal.misc.ScopedMemoryAccess.getLongUnaligned (0x0000794416d58888) [0x0000794416d58980, 0x0000794416d58b40] 
[4,471s][debug][gc,nmethod     ] GC(1) O: Purge NMethod: jdk.internal.foreign.AbstractMemorySegmentImpl.asSlice (0x00007943f7ba1588) [0x00007943f7ba1680, 0x00007943f7ba1ac0] 
[4,471s][debug][gc,nmethod     ] GC(1) O: Purge NMethod: jdk.internal.foreign.AbstractMemorySegmentImpl.asSliceNoCheck (0x00007943f7636408) [0x00007943f7636500, 0x00007943f7636840] 
[4,471s][debug][gc,nmethod     ] GC(1) O: Purge NMethod: java.lang.String.getBytes (0x00007943f7bb9a88) [0x00007943f7bb9b80, 0x00007943f7bba018] 
[4,471s][debug][gc,nmethod     ] GC(1) O: Purge NMethod: java.util.concurrent.ForkJoinPool.deactivate (0x00007943f7f2a708) [0x00007943f7f2a800, 0x00007943f7f2b518] 
[4,471s][debug][gc,nmethod     ] GC(1) O: Purge NMethod: io.sirix.node.xml.ElementNode.setDescendantCount (0x00007943f7b09088) [0x00007943f7b09180, 0x00007943f7b0cb10] 
[4,471s][debug][gc,nmethod     ] GC(1) O: Purge NMethod: io.sirix.index.path.summary.PathSummaryReader.moveTo (0x00007943f7f37308) [0x00007943f7f37400, 0x00007943f7f38108] 
[4,471s][debug][gc,nmethod     ] GC(1) O: Purge NMethod: jdk.internal.foreign.ArenaImpl.allocate (0x0000794416d0a788) [0x0000794416d0a880, 0x0000794416d0b1b8] 
[4,471s][debug][gc,nmethod     ] GC(1) O: Purge NMethod: java.lang.StringLatin1.compareTo (0x00007943f77b1108) [0x00007943f77b1200, 0x00007943f77b1550] 
[4,471s][debug][gc,nmethod     ] GC(1) O: Purge NMethod: jdk.internal.foreign.layout.ValueLayouts$AbstractValueLayout.assertCarrierSize (0x00007943f7e5a608) [0x00007943f7e5a700, 0x00007943f7e5a810] 
[4,471s][debug][gc,nmethod     ] GC(1) O: Purge NMethod: io.sirix.access.trx.node.xml.XmlNodeReadOnlyTrxImpl.getNode (0x00007943f80cd788) [0x00007943f80cd880, 0x00007943f80cdb78] 
[4,471s][debug][gc,nmethod     ] GC(1) O: Purge NMethod: sun.security.provider.SHA2.implCompress0 (0x00007943f7ea4d08) [0x00007943f7ea4e00, 0x00007943f7ea5ab0] 
[4,471s][debug][gc,nmethod     ] GC(1) O: Purge NMethod: io.sirix.access.trx.node.AbstractNodeHashing.isValueNode (0x00007943f7ba2588) [0x00007943f7ba2680, 0x00007943f7ba4248] 
[4,471s][debug][gc,nmethod     ] GC(1) O: Purge NMethod: io.sirix.cache.PageContainer.getModifiedAsUnorderedKeyValuePage (0x00007943f7ac9f88) [0x00007943f7aca080, 0x00007943f7aca3b8] 
[4,471s][debug][gc,nmethod     ] GC(1) O: Purge NMethod: com.sun.org.apache.xerces.internal.parsers.AbstractSAXParser.characters (0x0000794416d40f88) [0x0000794416d41080, 0x0000794416d41830] 
[4,471s][debug][gc,nmethod     ] GC(1) O: Purge NMethod: io.sirix.node.xml.ElementNode.incrementChildCount (0x00007943f7ba6e88) [0x00007943f7ba6f80, 0x00007943f7ba76b0] 
[4,471s][debug][gc,nmethod     ] GC(1) O: Purge NMethod: java.lang.Long.numberOfTrailingZeros (0x00007943f7f78c88) [0x00007943f7f78d80, 0x00007943f7f78f28] 
[4,471s][debug][gc,nmethod     ] GC(1) O: Purge NMethod: io.sirix.node.SirixDeweyID.setDivisionBitArray (0x00007943f7e2aa08) [0x00007943f7e2ab00, 0x00007943f7e2afc8] 
[4,471s][debug][gc,nmethod     ] GC(1) O: Purge NMethod: io.sirix.page.KeyValueLeafPage.alignOffset (0x00007943f7a60608) [0x00007943f7a60700, 0x00007943f7a607e8] 
[4,471s][debug][gc,nmethod     ] GC(1) O: Purge NMethod: jdk.internal.foreign.MemorySessionImpl.addInternal (0x00007943f7dcfc88) [0x00007943f7dcfd80, 0x00007943f7dd0cf0] 
[4,471s][debug][gc,nmethod     ] GC(1) O: Purge NMethod: java.lang.Class.getPackageName (0x00007943f748d988) [0x00007943f748da80, 0x00007943f748fc88] 
[4,471s][debug][gc,nmethod     ] GC(1) O: Purge NMethod: java.nio.ByteBuffer.order (0x00007943f7b8ad08) [0x00007943f7b8ae00, 0x00007943f7b8b020] 
[4,471s][debug][gc,nmethod     ] GC(1) O: Purge NMethod: io.sirix.access.trx.page.NodePageTrx.prepareRecordPage (0x00007943f7ad4088) [0x00007943f7ad4180, 0x00007943f7ad6728] 
[4,471s][debug][gc,nmethod     ] GC(1) O: Purge NMethod: org.magicwerk.brownies.collections.GapList.doGet (0x00007943f8083888) [0x00007943f8083980, 0x00007943f8083cb8] 
[4,471s][debug][gc,nmethod     ] GC(1) O: Purge NMethod: jdk.internal.foreign.SegmentFactories$1.cleanup (0x00007943f7e2a308) [0x00007943f7e2a400, 0x00007943f7e2a9c0] 
[4,471s][debug][gc,nmethod     ] GC(1) O: Purge NMethod: java.util.concurrent.atomic.AtomicLong.incrementAndGet (0x00007943f7a89808) [0x00007943f7a89900, 0x00007943f7a89a18] 
[4,471s][debug][gc,nmethod     ] GC(1) O: Purge NMethod: java.util.ArrayList.get (0x00007943f747a688) [0x00007943f747a780, 0x00007943f747aa28] 
[4,471s][debug][gc,nmethod     ] GC(1) O: Purge NMethod: io.sirix.node.delegates.StructNodeDelegate.incrementChildCount (0x00007943f7da0888) [0x00007943f7da0980, 0x00007943f7da0a88] 
[4,471s][debug][gc,nmethod     ] GC(1) O: Purge NMethod: io.sirix.index.path.summary.PathSummaryReader.putMapping (0x00007943f80bda88) [0x00007943f80bdb80, 0x00007943f80be5b8] 
[4,471s][debug][gc,nmethod     ] GC(1) O: Purge NMethod: io.sirix.page.delegates.BitmapReferencesPage.index (0x00007943f7b12308) [0x00007943f7b12400, 0x00007943f7b12988] 
[4,471s][debug][gc,nmethod     ] GC(1) O: Purge NMethod: sun.net.www.protocol.file.Handler.parseURL (0x00007943f76dd288) [0x00007943f76dd380, 0x00007943f76dd6f0] 
[4,471s][debug][gc,nmethod     ] GC(1) O: Purge NMethod: java.lang.invoke.MethodTypeForm.canonicalize (0x00007943f744d388) [0x00007943f744d480, 0x00007943f744e0d8] 
[4,471s][debug][gc,nmethod     ] GC(1) O: Purge NMethod: io.brackit.query.jdm.node.AbstractTemporalNode.<init> (0x00007943f7b9c308) [0x00007943f7b9c400, 0x00007943f7b9c678] 
[4,471s][debug][gc,nmethod     ] GC(1) O: Purge NMethod: io.sirix.axis.filter.FilterAxis.reset (0x00007943f7c63108) [0x00007943f7c63200, 0x00007943f7c63650] 
[4,471s][debug][gc,nmethod     ] GC(1) O: Purge NMethod: jdk.internal.foreign.SegmentBulkOperations.copy (0x00007943f7e16308) [0x00007943f7e16400, 0x00007943f7e26b40] 
[4,471s][debug][gc,nmethod     ] GC(1) O: Purge NMethod: io.sirix.node.GrowingMemorySegment.<init> (0x00007943f7b59a08) [0x00007943f7b59b00, 0x00007943f7b59f78] 
[4,471s][debug][gc,nmethod     ] GC(1) O: Purge NMethod: io.sirix.page.AbstractForwardingPage.getOrCreateReference (0x00007943f7aff188) [0x00007943f7aff280, 0x00007943f7aff790] 
[4,472s][debug][gc,nmethod     ] GC(1) O: Purge NMethod: com.sun.org.apache.xerces.internal.impl.XMLDocumentFragmentScannerImpl$ElementStack.nextElement (0x00007943f7c76f88) [0x00007943f7c77080, 0x00007943f7c77a80] 
[4,472s][debug][gc,nmethod     ] GC(1) O: Purge NMethod: jdk.internal.foreign.SegmentBulkOperations.copy (0x00007943f7dd4608) [0x00007943f7dd4700, 0x00007943f7dd6c90] 
[4,472s][debug][gc,nmethod     ] GC(1) O: Purge NMethod: io.sirix.node.NodeKind.deserializeNameDelegate (0x00007943f7f45d88) [0x00007943f7f45e80, 0x00007943f7f46188] 
[4,472s][debug][gc,nmethod     ] GC(1) O: Purge NMethod: io.sirix.access.trx.node.xml.XmlNodeTrxImpl.adaptForInsert (0x00007943f80bab88) [0x00007943f80bac80, 0x00007943f80bda28] 
[4,472s][debug][gc,nmethod     ] GC(1) O: Purge NMethod: io.sirix.access.trx.node.AbstractNodeReadOnlyTrx.storeDeweyIDs (0x00007943f7b91e88) [0x00007943f7b91f80, 0x00007943f7b924b0] 
[4,472s][debug][gc,nmethod     ] GC(1) O: Purge NMethod: java.io.UnixFileSystem.normalize (0x00007943f751dc88) [0x00007943f751dd80, 0x00007943f751f378] 
[4,472s][debug][gc,nmethod     ] GC(1) O: Purge NMethod: io.sirix.index.name.Names.getName (0x00007943f81abc88) [0x00007943f81abd80, 0x00007943f81ac228] 
[4,472s][debug][gc,nmethod     ] GC(1) O: Purge NMethod: io.sirix.access.trx.node.AbstractNodeReadOnlyTrx.moveTo (0x0000794416ce7408) [0x0000794416ce7500, 0x0000794416ce8270] 
[4,472s][debug][gc,nmethod     ] GC(1) O: Purge NMethod: io.sirix.access.trx.node.AbstractNodeHashing.rollingAdd (0x00007943f7b74188) [0x00007943f7b74280, 0x00007943f7b795e0] 
[4,472s][debug][gc,nmethod     ] GC(1) O: Purge NMethod: io.sirix.node.MemorySegmentBytesOut.getDestination (0x00007943f7b66288) [0x00007943f7b66380, 0x00007943f7b66508] 
[4,472s][debug][gc,nmethod     ] GC(1) O: Purge NMethod: io.sirix.node.delegates.NameNodeDelegate.<init> (0x00007943f7da1608) [0x00007943f7da1700, 0x00007943f7da1950] 
[4,472s][debug][gc,nmethod     ] GC(1) O: Purge NMethod: com.sun.org.apache.xerces.internal.impl.XMLEntityScanner.peekChar (0x00007943f7b1ed88) [0x00007943f7b1ee80, 0x00007943f7b1f338] 
[4,472s][debug][gc,nmethod     ] GC(1) O: Purge NMethod: io.sirix.page.KeyValueLeafPage.setDeweyId (0x00007943f7f2b588) [0x00007943f7f2b680, 0x00007943f7f2b8a0] 
[4,472s][debug][gc,nmethod     ] GC(1) O: Purge NMethod: io.sirix.settings.VersioningType$4.combineRecordPages (0x00007943f81cc988) [0x00007943f81cca80, 0x00007943f81d19a8] 
[4,472s][debug][gc,nmethod     ] GC(1) O: Purge NMethod: jdk.internal.foreign.ArenaImpl.allocate (0x00007943f7dd0d08) [0x00007943f7dd0e00, 0x00007943f7dd10f8] 
[4,472s][debug][gc,nmethod     ] GC(1) O: Purge NMethod: java.nio.Bits.tryReserveMemory (0x00007943f7b3cf08) [0x00007943f7b3d000, 0x00007943f7b3d9f0] 
[4,472s][debug][gc,nmethod     ] GC(1) O: Purge NMethod: net.jpountz.lz4.LZ4BlockOutputStream.writeIntLE (0x00007943f7ee9f08) [0x00007943f7eea000, 0x00007943f7eea180] 
[4,472s][debug][gc,nmethod     ] GC(1) O: Purge NMethod: com.sun.org.apache.xerces.internal.impl.XMLNSDocumentScannerImpl.scanAttribute (0x00007943f7d8f508) [0x00007943f7d8f600, 0x00007943f7d976a0] 
[4,472s][debug][gc,nmethod     ] GC(1) O: Purge NMethod: java.io.File.isInvalid (0x00007943f7479008) [0x00007943f7479100, 0x00007943f74796b0] 
[4,472s][debug][gc,nmethod     ] GC(1) O: Purge NMethod: io.sirix.node.GrowingMemorySegment.<init> (0x0000794416d0b208) [0x0000794416d0b300, 0x0000794416d0bda8] 
[4,472s][debug][gc,nmethod     ] GC(1) O: Purge NMethod: io.sirix.access.trx.node.AbstractNodeTrxImpl.checkAccessAndCommit (0x00007943f7b8fb88) [0x00007943f7b8fc80, 0x00007943f7b90808] 
[4,472s][debug][gc,nmethod     ] GC(1) O: Purge NMethod: java.util.LinkedHashMap.afterNodeAccess (0x00007943f7aa3988) [0x00007943f7aa3a80, 0x00007943f7aa4b30] 
[4,472s][debug][gc,nmethod     ] GC(1) O: Purge NMethod: io.sirix.node.xml.ElementNode.setHash (0x00007943f7aeec08) [0x00007943f7aeed00, 0x00007943f7af2688] 
[4,472s][debug][gc,nmethod     ] GC(1) O: Purge NMethod: io.sirix.index.path.summary.PathSummaryWriter.movePathSummary (0x00007943f7cd2308) [0x00007943f7cd2400, 0x00007943f7cd4ad8] 
[4,472s][debug][gc,nmethod     ] GC(1) O: Purge NMethod: java.lang.ref.Finalizer.register (0x00007943f7f1de88) [0x00007943f7f1df80, 0x00007943f7f1e0e8] 
[4,472s][debug][gc,nmethod     ] GC(1) O: Purge NMethod: com.sun.org.apache.xerces.internal.impl.XMLEntityScanner.checkEntityLimit (0x00007943f7ae1e08) [0x00007943f7ae1f00, 0x00007943f7ae21f8] 
[4,472s][debug][gc,nmethod     ] GC(1) O: Purge NMethod: jdk.internal.misc.Unsafe.putLongUnaligned (0x00007943f7681308) [0x00007943f7681400, 0x00007943f7681838] 
[4,472s][debug][gc,nmethod     ] GC(1) O: Purge NMethod: io.sirix.page.PathSummaryPage.getMaxNodeKey (0x00007943f7da0588) [0x00007943f7da0680, 0x00007943f7da0810] 
[4,472s][debug][gc,nmethod     ] GC(1) O: Purge NMethod: io.sirix.page.PageKind$1.serializePage (0x0000794416e64588) [0x0000794416e64680, 0x0000794416e6b0e0] 
[4,472s][debug][gc,nmethod     ] GC(1) O: Purge NMethod: io.sirix.node.MemorySegmentBytesOut.writePosition (0x00007943f7dd1988) [0x00007943f7dd1a80, 0x00007943f7dd1bb8] 
[4,472s][debug][gc,nmethod     ] GC(1) O: Purge NMethod: jdk.internal.classfile.impl.BufWriterImpl.writeU1U2U2 (0x00007943f7505d08) [0x00007943f7505e00, 0x00007943f75062f8] 
[4,472s][debug][gc,nmethod     ] GC(1) O: Purge NMethod: io.sirix.access.trx.node.xml.ForwardingXmlNodeReadOnlyTrx.hasFirstChild (0x00007943f7ccb608) [0x00007943f7ccb700, 0x00007943f7ccbd00] 
[4,472s][debug][gc,nmethod     ] GC(1) O: Purge NMethod: io.sirix.page.KeyValueLeafPage.setDeweyId (0x00007943f7e2e708) [0x00007943f7e2e800, 0x00007943f7e2ea48] 
[4,472s][debug][gc,nmethod     ] GC(1) O: Purge NMethod: io.sirix.node.MemorySegmentBytesIn.readByte (0x00007943f7f21108) [0x00007943f7f21200, 0x00007943f7f21818] 
[4,472s][debug][gc,nmethod     ] GC(1) O: Purge NMethod: io.sirix.access.trx.node.xml.XmlNodeTrxImpl.insertAttribute (0x00007943f7d65888) [0x00007943f7d65980, 0x00007943f7d75a70] 
[4,472s][debug][gc,nmethod     ] GC(1) O: Purge NMethod: io.sirix.index.path.summary.PathNode.getKind (0x00007943f7e47f88) [0x00007943f7e48080, 0x00007943f7e48188] 
[4,472s][debug][gc,nmethod     ] GC(1) O: Purge NMethod: io.sirix.access.trx.page.NodePageTrx.createNameKey (0x0000794416d8d408) [0x0000794416d8d500, 0x0000794416d8dce0] 
[4,472s][debug][gc,nmethod     ] GC(1) O: Purge NMethod: java.lang.String.getBytes (0x0000794416c1a608) [0x0000794416c1a700, 0x0000794416c1aa40] 
[4,472s][debug][gc,nmethod     ] GC(1) O: Purge NMethod: io.sirix.access.trx.page.NodePageTrx.createRecord (0x0000794416d02f08) [0x0000794416d03000, 0x0000794416d044b0] 
[4,472s][debug][gc,nmethod     ] GC(1) O: Purge NMethod: io.sirix.node.GrowingMemorySegment.ensureCapacity (0x00007943f78aec88) [0x00007943f78aed80, 0x00007943f78aeee0] 
[4,472s][debug][gc,nmethod     ] GC(1) O: Purge NMethod: jdk.internal.classfile.impl.SplitConstantPool.findEntry (0x00007943f74f5988) [0x00007943f74f5a80, 0x00007943f74f7188] 
[4,472s][debug][gc,nmethod     ] GC(1) O: Purge NMethod: net.openhft.hashing.LongHashFunction.hashByteBuffer (0x00007943f7bf5e88) [0x00007943f7bf5f80, 0x00007943f7bf74e8] 
[4,472s][debug][gc,nmethod     ] GC(1) O: Purge NMethod: java.lang.invoke.VarHandleSegmentAsLongs.set (0x00007943f7abf708) [0x00007943f7abf800, 0x00007943f7ac4dd0] 
[4,472s][debug][gc,nmethod     ] GC(1) O: Purge NMethod: jdk.internal.classfile.impl.StackMapGenerator.processBlock (0x00007943f7490908) [0x00007943f7490a00, 0x00007943f74bfcc8] 
[4,472s][debug][gc,nmethod     ] GC(1) O: Purge NMethod: io.sirix.access.trx.page.NodePageReadOnlyTrx.loadPage (0x00007943f7b1f388) [0x00007943f7b1f480, 0x00007943f7b21320] 
[4,472s][debug][gc,nmethod     ] GC(1) O: Purge NMethod: com.sun.org.apache.xerces.internal.impl.XMLEntityScanner.scanChar (0x00007943f80ce188) [0x00007943f80ce280, 0x00007943f80ceca8] 
[4,472s][debug][gc,nmethod     ] GC(1) O: Purge NMethod: java.lang.ref.SoftReference.get (0x00007943f79f3d08) [0x00007943f79f3e00, 0x00007943f79f3fc0] 
[4,472s][debug][gc,nmethod     ] GC(1) O: Purge NMethod: org.magicwerk.brownies.collections.GapList.doGet (0x00007943f7af8808) [0x00007943f7af8900, 0x00007943f7af8c38] 
[4,472s][debug][gc,nmethod     ] GC(1) O: Purge NMethod: com.sun.org.apache.xerces.internal.impl.XMLEntityScanner.skipSpaces (0x0000794416d0a388) [0x0000794416d0a480, 0x0000794416d0a780] 
[4,472s][debug][gc,nmethod     ] GC(1) O: Purge NMethod: io.sirix.axis.AbstractAxis.resetToLastKey (0x00007943f7b30088) [0x00007943f7b30180, 0x00007943f7b30738] 
[4,472s][debug][gc,nmethod     ] GC(1) O: Purge NMethod: java.nio.MappedByteBuffer.limit (0x00007943f7be4f88) [0x00007943f7be5080, 0x00007943f7be5440] 
[4,472s][debug][gc,nmethod     ] GC(1) O: Purge NMethod: sun.security.provider.ByteArrayAccess.b2iBig64 (0x00007943f7e29608) [0x00007943f7e29700, 0x00007943f7e2a278] 
[4,472s][debug][gc,nmethod     ] GC(1) O: Purge NMethod: io.sirix.page.KeyValueLeafPage.updateLastSlotIndex (0x00007943f7dde688) [0x00007943f7dde780, 0x00007943f7ddeb00] 
[4,472s][debug][gc,nmethod     ] GC(1) O: Purge NMethod: java.lang.Math.multiplyHigh (0x00007943f7af2708) [0x00007943f7af2800, 0x00007943f7af2958] 
[4,472s][debug][gc,nmethod     ] GC(1) O: Purge NMethod: java.lang.invoke.Invokers$Holder.linkToTargetMethod (0x00007943f785de88) [0x00007943f785df80, 0x00007943f785e478] 
[4,472s][debug][gc,nmethod     ] GC(1) O: Purge NMethod: it.unimi.dsi.fastutil.ints.Int2IntOpenHashMap.get (0x00007943f7c3d488) [0x00007943f7c3d580, 0x00007943f7c3dae0] 
[4,472s][debug][gc,nmethod     ] GC(1) O: Purge NMethod: jdk.internal.foreign.layout.ValueLayouts$AbstractValueLayout.<init> (0x00007943f7e5d608) [0x00007943f7e5d700, 0x00007943f7e5dc68] 
[4,472s][debug][gc,nmethod     ] GC(1) O: Purge NMethod: net.openhft.hashing.XXH3.access$500 (0x00007943f7ba4588) [0x00007943f7ba4680, 0x00007943f7ba4790] 
[4,472s][debug][gc,nmethod     ] GC(1) O: Purge NMethod: java.util.concurrent.atomic.AtomicLong.addAndGet (0x00007943f7b1c508) [0x00007943f7b1c600, 0x00007943f7b1c710] 
[4,472s][debug][gc,nmethod     ] GC(1) O: Purge NMethod: java.lang.String.startsWith (0x00007943f78dec88) [0x00007943f78ded80, 0x00007943f78df078] 
[4,472s][debug][gc,nmethod     ] GC(1) O: Purge NMethod: io.sirix.node.SirixDeweyID.getNewAttributeID (0x00007943f7d97a08) [0x00007943f7d97b00, 0x00007943f7d97ee8] 
[4,472s][debug][gc,nmethod     ] GC(1) O: Purge NMethod: jdk.internal.foreign.SegmentFactories.allocateNativeSegment (0x00007943f7b62808) [0x00007943f7b62900, 0x00007943f7b62ec0] 
[4,472s][debug][gc,nmethod     ] GC(1) O: Purge NMethod: io.sirix.cache.LinuxMemorySegmentAllocator.allocate (0x00007943f7dc5288) [0x00007943f7dc53a0, 0x00007943f7dc70f0] 
[4,472s][debug][gc,nmethod     ] GC(1) O: Purge NMethod: java.nio.ByteBuffer.wrap (0x00007943f7839308) [0x00007943f7839400, 0x00007943f7839670] 
[4,472s][debug][gc,nmethod     ] GC(1) O: Purge NMethod: jdk.internal.foreign.layout.AbstractLayout.requirePowerOfTwoAndGreaterOrEqualToOne (0x00007943f7e06588) [0x00007943f7e06680, 0x00007943f7e06a28] 
[4,472s][debug][gc,nmethod     ] GC(1) O: Purge NMethod: com.sun.org.apache.xerces.internal.impl.XMLEntityScanner.skipSpaces (0x00007943f80e3988) [0x00007943f80e3a80, 0x00007943f80e4d00] 
[4,472s][debug][gc,nmethod     ] GC(1) O: Purge NMethod: java.util.BitSet.and (0x00007943f7b12a08) [0x00007943f7b12b00, 0x00007943f7b12f50] 
[4,472s][debug][gc,nmethod     ] GC(1) O: Purge NMethod: io.sirix.utils.XMLToken.isValidQName (0x00007943f7c59208) [0x00007943f7c59300, 0x00007943f7c5a850] 
[4,472s][debug][gc,nmethod     ] GC(1) O: Purge NMethod: it.unimi.dsi.fastutil.shorts.ShortArrayList$1.nextShort (0x00007943f7f47b88) [0x00007943f7f47c80, 0x00007943f7f47fd8] 
[4,473s][debug][gc,nmethod     ] GC(1) O: Purge NMethod: io.sirix.access.trx.page.NodePageReadOnlyTrx.getReferenceToLeafOfSubtree (0x00007943f7f39888) [0x00007943f7f39980, 0x00007943f7f39f70] 
[4,473s][debug][gc,nmethod     ] GC(1) O: Purge NMethod: io.sirix.page.KeyValueLeafPage.setData (0x0000794416e04608) [0x0000794416e04700, 0x0000794416e07ae8] 
[4,473s][debug][gc,nmethod     ] GC(1) O: Purge NMethod: it.unimi.dsi.fastutil.longs.LongArrayList.grow (0x00007943f7b3a508) [0x00007943f7b3a600, 0x00007943f7b3ab60] 
[4,473s][debug][gc,nmethod     ] GC(1) O: Purge NMethod: sun.security.provider.SHA2.implCompress (0x00007943f7e28208) [0x00007943f7e28300, 0x00007943f7e28558] 
[4,473s][debug][gc,nmethod     ] GC(1) O: Purge NMethod: org.gradle.internal.io.StreamByteBuffer$StreamByteBufferChunk.spaceLeft (0x00007943f7408908) [0x00007943f7408a00, 0x00007943f7408b08] 
[4,473s][debug][gc,nmethod     ] GC(1) O: Purge NMethod: jdk.internal.loader.URLClassPath$FileLoader.getResource (0x00007943f76f2088) [0x00007943f76f2180, 0x00007943f76f4398] 
[4,473s][debug][gc,nmethod     ] GC(1) O: Purge NMethod: com.sun.org.apache.xerces.internal.parsers.AbstractSAXParser.characters (0x00007943f80e3288) [0x00007943f80e3380, 0x00007943f80e3928] 
[4,473s][debug][gc,nmethod     ] GC(1) O: Purge NMethod: io.sirix.page.KeyValueLeafPage.updateFreeSpaceStart (0x00007943f7dd7308) [0x00007943f7dd7400, 0x00007943f7dd75b0] 
[4,473s][debug][gc,nmethod     ] GC(1) O: Purge NMethod: io.sirix.axis.filter.PathNameFilter.filter (0x00007943f7ba7a08) [0x00007943f7ba7b00, 0x00007943f7baa300] 
[4,473s][debug][gc,nmethod     ] GC(1) O: Purge NMethod: io.sirix.index.path.summary.PathNode.hashCode (0x00007943f7da5388) [0x00007943f7da5480, 0x00007943f7da5840] 
[4,473s][debug][gc,nmethod     ] GC(1) O: Purge NMethod: io.sirix.node.NodeSerializerImpl.deserializeDeweyID (0x00007943f7f97988) [0x00007943f7f97a80, 0x00007943f7f98a08] 
[4,473s][debug][gc,nmethod     ] GC(1) O: Purge NMethod: it.unimi.dsi.fastutil.ints.Int2LongOpenHashMap.get (0x00007943f80cd108) [0x00007943f80cd200, 0x00007943f80cd750] 
[4,473s][debug][gc,nmethod     ] GC(1) O: Purge NMethod: java.util.LinkedHashMap.get (0x00007943f7855608) [0x00007943f7855700, 0x00007943f7855cc0] 
[4,473s][debug][gc,nmethod     ] GC(1) O: Purge NMethod: io.sirix.node.xml.ElementNode.hasRightSibling (0x0000794416d40208) [0x0000794416d40300, 0x0000794416d40758] 
[4,473s][debug][gc,nmethod     ] GC(1) O: Purge NMethod: jdk.internal.foreign.ImplicitSession.<init> (0x00007943f7b6b108) [0x00007943f7b6b200, 0x00007943f7b6b890] 
[4,473s][debug][gc,nmethod     ] GC(1) O: Purge NMethod: com.sun.org.apache.xerces.internal.parsers.AbstractSAXParser.startElement (0x00007943f7c7f188) [0x00007943f7c7f280, 0x00007943f7c81568] 
[4,473s][debug][gc,nmethod     ] GC(1) O: Purge NMethod: io.sirix.access.trx.node.xml.XmlNodeFactoryImpl.createElementNode (0x00007943f7c9a588) [0x00007943f7c9a680, 0x00007943f7c9eee0] 
[4,473s][debug][gc,nmethod     ] GC(1) O: Purge NMethod: java.util.concurrent.ForkJoinPool.deactivate (0x00007943f7f12808) [0x00007943f7f12900, 0x00007943f7f12fb0] 
[4,473s][debug][gc,nmethod     ] GC(1) O: Purge NMethod: io.sirix.access.trx.node.AbstractNodeReadOnlyTrx.moveTo (0x00007943f7ad7208) [0x00007943f7ad7300, 0x00007943f7ad8e78] 
[4,473s][debug][gc,nmethod     ] GC(1) O: Purge NMethod: io.sirix.access.trx.node.AbstractNodeReadOnlyTrx.getNodeKey (0x0000794416cf1d88) [0x0000794416cf1e80, 0x0000794416cf1fd0] 
[4,473s][debug][gc,nmethod     ] GC(1) O: Purge NMethod: com.sun.org.apache.xerces.internal.util.NamespaceSupport.popContext (0x00007943f7ce3408) [0x00007943f7ce3500, 0x00007943f7ce3668] 
[4,473s][debug][gc,nmethod     ] GC(1) O: Purge NMethod: io.sirix.access.trx.page.NodePageReadOnlyTrx.getCurrentMaxIndirectPageTreeLevel (0x00007943f7f32a08) [0x00007943f7f32b00, 0x00007943f7f33cd8] 
[4,473s][debug][gc,nmethod     ] GC(1) O: Purge NMethod: io.sirix.node.xml.TextNode.getKind (0x00007943f7ae8608) [0x00007943f7ae8700, 0x00007943f7ae8808] 
[4,473s][debug][gc,nmethod     ] GC(1) O: Purge NMethod: java.util.BitSet.recalculateWordsInUse (0x00007943f7a94d88) [0x00007943f7a94e80, 0x00007943f7a950c0] 
[4,473s][debug][gc,nmethod     ] GC(1) O: Purge NMethod: io.sirix.access.trx.page.NodePageReadOnlyTrx.getReferenceToLeafOfSubtree (0x00007943f7f67208) [0x00007943f7f67300, 0x00007943f7f68430] 
[4,473s][debug][gc,nmethod     ] GC(1) O: Purge NMethod: java.lang.invoke.VarHandleGuards.guard_LJ_J (0x00007943f7aa5e88) [0x00007943f7aa5f80, 0x00007943f7aa8e40] 
[4,473s][debug][gc,nmethod     ] GC(1) O: Purge NMethod: io.sirix.node.MemorySegmentBytesOut.writeStopBit (0x00007943f7dd1c88) [0x00007943f7dd1d80, 0x00007943f7dd2000] 
[4,473s][debug][gc,nmethod     ] GC(1) O: Purge NMethod: jdk.xml.internal.XMLSecurityManager.isOverLimit (0x00007943f7b3ab88) [0x00007943f7b3ac80, 0x00007943f7b3c260] 
[4,473s][debug][gc,nmethod     ] GC(1) O: Purge NMethod: io.sirix.node.xml.ElementNode.getChildCount (0x00007943f7b5e488) [0x00007943f7b5e580, 0x00007943f7b61f88] 
[4,473s][debug][gc,nmethod     ] GC(1) O: Purge NMethod: jdk.internal.misc.ScopedMemoryAccess.copyMemory (0x00007943f7a57988) [0x00007943f7a57a80, 0x00007943f7a58df8] 
[4,473s][debug][gc,nmethod     ] GC(1) O: Purge NMethod: io.sirix.node.xml.AbstractStructForwardingNode.hasLeftSibling (0x00007943f7da3808) [0x00007943f7da3900, 0x00007943f7da3a58] 
[4,473s][debug][gc,nmethod     ] GC(1) O: Purge NMethod: io.sirix.access.trx.node.xml.XmlNodeTrxImpl.insertTextAsRightSibling (0x00007943f7ceaf88) [0x00007943f7ceb080, 0x00007943f7cf9ad8] 
[4,473s][debug][gc,nmethod     ] GC(1) O: Purge NMethod: java.nio.MappedByteBuffer.rewind (0x00007943f7be6388) [0x00007943f7be6480, 0x00007943f7be6868] 
[4,473s][debug][gc,nmethod     ] GC(1) O: Purge NMethod: java.util.stream.StreamSupport.stream (0x00007943f77c2a88) [0x00007943f77c2b80, 0x00007943f77c2f70] 
[4,473s][debug][gc,nmethod     ] GC(1) O: Purge NMethod: java.util.stream.AbstractPipeline.copyInto (0x00007943f77c7208) [0x00007943f77c7300, 0x00007943f77c8420] 
[4,473s][debug][gc,nmethod     ] GC(1) O: Purge NMethod: io.sirix.node.MemorySegmentBytesOut.<init> (0x00007943f7dd7608) [0x00007943f7dd7700, 0x00007943f7dd7910] 
[4,473s][debug][gc,nmethod     ] GC(1) O: Purge NMethod: io.sirix.index.path.summary.PathSummaryWriter.getPathNodeKey (0x0000794416d9bd08) [0x0000794416d9be00, 0x0000794416d9d8a8] 
[4,473s][debug][gc,nmethod     ] GC(1) O: Purge NMethod: java.util.BitSet.and (0x0000794416d38d08) [0x0000794416d38e40, 0x0000794416d39360] 
[4,473s][debug][gc,nmethod     ] GC(1) O: Purge NMethod: io.sirix.page.PageKind$1.deserializePage (0x00007943f81d8e08) [0x00007943f81d8f00, 0x00007943f81dd248] 
[4,473s][debug][gc,nmethod     ] GC(1) O: Purge NMethod: io.sirix.node.NodeKind.writeHash (0x00007943f7dfc688) [0x00007943f7dfc780, 0x00007943f7dfc8f0] 
[4,473s][debug][gc,nmethod     ] GC(1) O: Purge NMethod: io.sirix.axis.pathsummary.AbstractAxis.next (0x00007943f7f46e08) [0x00007943f7f46f00, 0x00007943f7f47198] 
[4,473s][debug][gc,nmethod     ] GC(1) O: Purge NMethod: java.util.concurrent.ConcurrentHashMap.sumCount (0x00007943f7f13008) [0x00007943f7f13100, 0x00007943f7f13308] 
[4,473s][debug][gc,nmethod     ] GC(1) O: Purge NMethod: io.sirix.node.xml.TextNode.hasLeftSibling (0x00007943f7b6de08) [0x00007943f7b6df00, 0x00007943f7b73338] 
[4,473s][debug][gc,nmethod     ] GC(1) O: Purge NMethod: jdk.internal.ref.CleanerImpl$CleanableList.insert (0x00007943f74de808) [0x00007943f74de900, 0x00007943f74df380] 
[4,473s][debug][gc,nmethod     ] GC(1) O: Purge NMethod: io.brackit.query.node.parser.SAX2SubtreeHandlerAdapter$TrimmingStringBuilder.clear (0x00007943f7c2ce88) [0x00007943f7c2cf80, 0x00007943f7c2d090] 
[4,473s][debug][gc,nmethod     ] GC(1) O: Purge NMethod: java.lang.invoke.DirectMethodHandle.constructorMethod (0x00007943f75bcb88) [0x00007943f75bcc80, 0x00007943f75bcfa0] 
[4,473s][debug][gc,nmethod     ] GC(1) O: Purge NMethod: io.sirix.access.trx.node.AbstractNodeHashing.setAddDescendants (0x00007943f7ae8d88) [0x00007943f7ae8e80, 0x00007943f7ae9a08] 
[4,473s][debug][gc,nmethod     ] GC(1) O: Purge NMethod: com.sun.org.apache.xerces.internal.impl.XMLEntityScanner.skipSpaces (0x00007943f7dbc488) [0x00007943f7dbc580, 0x00007943f7dbd810] 
[4,473s][debug][gc,nmethod     ] GC(1) O: Purge NMethod: java.lang.StringLatin1.inflate (0x00007943f7422a88) [0x00007943f7422b80, 0x00007943f7422d70] 
[4,473s][debug][gc,nmethod     ] GC(1) O: Purge NMethod: io.sirix.access.trx.page.NodePageTrx.prepareRecordPage (0x0000794416ce4508) [0x0000794416ce4600, 0x0000794416ce5188] 
[4,473s][debug][gc,nmethod     ] GC(1) O: Purge NMethod: jdk.internal.foreign.ArenaImpl.<init> (0x00007943f7b65d88) [0x00007943f7b65e80, 0x00007943f7b66260] 
[4,473s][debug][gc,nmethod     ] GC(1) O: Purge NMethod: jdk.xml.internal.XMLLimitAnalyzer.addValue (0x00007943f7be7788) [0x00007943f7be78a0, 0x00007943f7bea9c0] 
[4,473s][debug][gc,nmethod     ] GC(1) O: Purge NMethod: java.nio.Buffer.remaining (0x00007943f75b3b88) [0x00007943f75b3c80, 0x00007943f75b3df0] 
[4,473s][debug][gc,nmethod     ] GC(1) O: Purge NMethod: io.sirix.access.trx.node.AbstractNodeReadOnlyTrx.getFirstChildKey (0x00007943f81dd588) [0x00007943f81dd680, 0x00007943f81dd8a8] 
[4,473s][debug][gc,nmethod     ] GC(1) O: Purge NMethod: jdk.internal.foreign.SegmentBulkOperations.copy (0x00007943f7de5908) [0x00007943f7de5a00, 0x00007943f7df5ec0] 
[4,473s][debug][gc,nmethod     ] GC(1) O: Purge NMethod: com.sun.org.apache.xerces.internal.impl.XMLDocumentFragmentScannerImpl.scanDocument (0x00007943f7dc7188) [0x00007943f7dc7280, 0x00007943f7dc9e78] 
[4,473s][debug][gc,nmethod     ] GC(1) O: Purge NMethod: sun.security.provider.DigestBase.engineUpdate (0x00007943f8150d88) [0x00007943f8150e80, 0x00007943f8151568] 
[4,473s][debug][gc,nmethod     ] GC(1) O: Purge NMethod: jdk.internal.foreign.AbstractMemorySegmentImpl$$Lambda/0x00000000a9220120.apply (0x00007943f7e58c88) [0x00007943f7e58d80, 0x00007943f7e58f60] 
[4,473s][debug][gc,nmethod     ] GC(1) O: Purge NMethod: java.nio.MappedByteBuffer.position (0x00007943f7bba388) [0x00007943f7bba480, 0x00007943f7bba840] 
[4,473s][debug][gc,nmethod     ] GC(1) O: Purge NMethod: java.lang.String.<init> (0x00007943f7cb7488) [0x00007943f7cb7580, 0x00007943f7cb77a8] 
[4,473s][debug][gc,nmethod     ] GC(1) O: Purge NMethod: jdk.internal.classfile.impl.BufWriterImpl.setLabelContext (0x00007943f75b3e88) [0x00007943f75b3f80, 0x00007943f75b40f8] 
[4,473s][debug][gc,nmethod     ] GC(1) O: Purge NMethod: jdk.internal.misc.Unsafe.weakCompareAndSetInt (0x00007943f775ef08) [0x00007943f775f000, 0x00007943f775f118] 
[4,473s][debug][gc,nmethod     ] GC(1) O: Purge NMethod: io.sirix.node.NodeSerializerImpl.serialize (0x00007943f7ddeb88) [0x00007943f7ddec80, 0x00007943f7ddf6a0] 
[4,473s][debug][gc,nmethod     ] GC(1) O: Purge NMethod: java.lang.StringLatin1.compareTo (0x00007943f77aea88) [0x00007943f77aeb80, 0x00007943f77aecb0] 
[4,473s][debug][gc,nmethod     ] GC(1) O: Purge NMethod: io.sirix.page.KeyValueLeafPage.setData (0x00007943f7e36f08) [0x00007943f7e37000, 0x00007943f7e40de0] 
[4,473s][debug][gc,nmethod     ] GC(1) O: Purge NMethod: io.sirix.node.json.JsonNodeSerializer.writeEndPadding (0x00007943f7dd7988) [0x00007943f7dd7a80, 0x00007943f7dd7d20] 
[4,473s][debug][gc,nmethod     ] GC(1) O: Purge NMethod: io.sirix.node.MemorySegmentBytesIn.readInt (0x00007943f7f28308) [0x00007943f7f28400, 0x00007943f7f28a18] 
[4,473s][debug][gc,nmethod     ] GC(1) O: Purge NMethod: io.sirix.access.trx.node.AbstractDeweyIDManager.newFirstChildID (0x00007943f7cc8608) [0x00007943f7cc8700, 0x00007943f7ccb5e0] 
[4,473s][debug][gc,nmethod     ] GC(1) O: Purge NMethod: io.sirix.index.name.Names.getName (0x00007943f7f3d288) [0x00007943f7f3d380, 0x00007943f7f3d608] 
[4,473s][debug][gc,nmethod     ] GC(1) O: Purge NMethod: java.lang.foreign.MemorySegment.copy (0x00007943f7b42f88) [0x00007943f7b43080, 0x00007943f7b4b070] 
[4,473s][debug][gc,nmethod     ] GC(1) O: Purge NMethod: java.util.ArrayList.getFirst (0x00007943f7b1a188) [0x00007943f7b1a280, 0x00007943f7b1a580] 
[4,473s][debug][gc,nmethod     ] GC(1) O: Purge NMethod: io.sirix.query.node.XmlDBNode.<init> (0x0000794416d11e88) [0x0000794416d11f80, 0x0000794416d12a18] 
[4,473s][debug][gc,nmethod     ] GC(1) O: Purge NMethod: com.sun.org.apache.xerces.internal.impl.XMLEntityScanner.scanContent (0x00007943f7b27f88) [0x00007943f7b28080, 0x00007943f7b29038] 
[4,473s][debug][gc,nmethod     ] GC(1) O: Purge NMethod: io.sirix.page.KeyValueLeafPage.setSlot (0x00007943f7dd9c08) [0x00007943f7dd9d00, 0x00007943f7dd9ea8] 
[4,473s][debug][gc,nmethod     ] GC(1) O: Purge NMethod: io.sirix.access.trx.node.AbstractNodeReadOnlyTrx.moveToParent (0x00007943f7fd8388) [0x00007943f7fd8480, 0x00007943f7fd8ce0] 
[4,473s][debug][gc,nmethod     ] GC(1) O: Purge NMethod: io.sirix.node.SirixDeweyID.getDivisionBits (0x00007943f7e2f588) [0x00007943f7e2f680, 0x00007943f7e2fc18] 
[4,473s][debug][gc,nmethod     ] GC(1) O: Purge NMethod: jdk.internal.foreign.Utils.checkElementAlignment (0x00007943f7a60f88) [0x00007943f7a61080, 0x00007943f7a61728] 
[4,474s][debug][gc,nmethod     ] GC(1) O: Purge NMethod: io.sirix.page.KeyValueLeafPage.isSlotSet (0x00007943f785db88) [0x00007943f785dc80, 0x00007943f785de28] 
[4,474s][debug][gc,nmethod     ] GC(1) O: Purge NMethod: io.sirix.axis.pathsummary.LevelOrderSettingInMemoryInstancesAxis.nextNode (0x00007943f7f48688) [0x00007943f7f48780, 0x00007943f7f49878] 
[4,474s][debug][gc,nmethod     ] GC(1) O: Purge NMethod: io.sirix.node.MemorySegmentBytesOut.writePosition (0x00007943f7dd9908) [0x00007943f7dd9a00, 0x00007943f7dd9b38] 
[4,474s][debug][gc,nmethod     ] GC(1) O: Purge NMethod: io.sirix.utils.XMLToken.ncName (0x00007943f7dad988) [0x00007943f7dada80, 0x00007943f7daded8] 
[4,474s][debug][gc,nmethod     ] GC(1) O: Purge NMethod: jdk.internal.foreign.MemorySessionImpl.addInternal (0x00007943f7b5d008) [0x00007943f7b5d100, 0x00007943f7b5e070] 
[4,474s][debug][gc,nmethod     ] GC(1) O: Purge NMethod: io.sirix.access.trx.page.NodePageTrx.prepareRecordForModification (0x00007943f7ad8e88) [0x00007943f7ad8f80, 0x00007943f7adae08] 
[4,474s][debug][gc,nmethod     ] GC(1) O: Purge NMethod: com.sun.org.apache.xerces.internal.util.NamespaceSupport.getURI (0x00007943f7c42808) [0x00007943f7c42900, 0x00007943f7c42bf0] 
[4,474s][debug][gc,nmethod     ] GC(1) O: Purge NMethod: io.sirix.page.KeyValueLeafPage.setDeweyId (0x0000794416d87288) [0x0000794416d87380, 0x0000794416d87408] 
[4,474s][debug][gc,nmethod     ] GC(1) O: Purge NMethod: io.sirix.utils.XMLToken.isNCStartChar (0x00007943f7b16d88) [0x00007943f7b16e80, 0x00007943f7b174f0] 
[4,474s][debug][gc,nmethod     ] GC(1) O: Purge NMethod: it.unimi.dsi.fastutil.shorts.ShortArrayList$1.<init> (0x00007943f7f4b408) [0x00007943f7f4b500, 0x00007943f7f4b6e0] 
[4,474s][debug][gc,nmethod     ] GC(1) O: Purge NMethod: jdk.internal.foreign.AbstractMemorySegmentImpl.set (0x00007943f7a98b88) [0x00007943f7a98c80, 0x00007943f7a9e200] 
[4,474s][debug][gc,nmethod     ] GC(1) O: Purge NMethod: jdk.internal.foreign.NativeMemorySegmentImpl.<init> (0x00007943f782f988) [0x00007943f782fa80, 0x00007943f782ff48] 
[4,474s][debug][gc,nmethod     ] GC(1) O: Purge NMethod: com.sun.org.apache.xerces.internal.xni.XMLString.setValues (0x00007943f7d34588) [0x00007943f7d34680, 0x00007943f7d34800] 
[4,474s][debug][gc,nmethod     ] GC(1) O: Purge NMethod: io.sirix.node.xml.AttributeNode.getKind (0x00007943f7eea508) [0x00007943f7eea600, 0x00007943f7eea920] 
[4,474s][debug][gc,nmethod     ] GC(1) O: Purge NMethod: io.sirix.page.KeyValueLeafPage.hasEnoughSpace (0x00007943f7dd7008) [0x00007943f7dd7100, 0x00007943f7dd7268] 
[4,474s][debug][gc,nmethod     ] GC(1) O: Purge NMethod: jdk.internal.foreign.ArenaImpl.allocate (0x0000794416d09908) [0x0000794416d09a00, 0x0000794416d0a338] 
[4,474s][debug][gc,nmethod     ] GC(1) O: Purge NMethod: io.brackit.query.atomic.Una.<init> (0x00007943f7bf2e88) [0x00007943f7bf2f80, 0x00007943f7bf32a0] 
[4,474s][debug][gc,nmethod     ] GC(1) O: Purge NMethod: io.brackit.query.compiler.AST.getChild (0x00007943f7f8b308) [0x00007943f7f8b400, 0x00007943f7f8ca30] 
[4,474s][debug][gc,nmethod     ] GC(1) O: Purge NMethod: jdk.internal.classfile.impl.TerminalCodeBuilder.setupTopLocal (0x00007943f76c4988) [0x00007943f76c4a80, 0x00007943f76c7008] 
[4,474s][debug][gc,nmethod     ] GC(1) O: Purge NMethod: io.sirix.page.UberPage.getPageCountExp (0x00007943f7f48008) [0x00007943f7f48100, 0x00007943f7f48648] 
[4,474s][debug][gc,nmethod     ] GC(1) O: Purge NMethod: jdk.internal.foreign.AbstractMemorySegmentImpl.asSliceNoCheck (0x0000794416cb3c08) [0x0000794416cb3d00, 0x0000794416cb3e78] 
[4,474s][debug][gc,nmethod     ] GC(1) O: Purge NMethod: io.sirix.node.xml.TextNode.<init> (0x00007943f7c2b508) [0x00007943f7c2b600, 0x00007943f7c2be20] 
[4,474s][debug][gc,nmethod     ] GC(1) O: Purge NMethod: java.lang.Object.<init> (0x0000794416be6808) [0x0000794416be6900, 0x0000794416be6980] 
[4,474s][debug][gc,nmethod     ] GC(1) O: Purge NMethod: java.util.HashMap.put (0x00007943f7d34d88) [0x00007943f7d34e80, 0x00007943f7d35468] 
[4,474s][debug][gc,nmethod     ] GC(1) O: Purge NMethod: jdk.internal.foreign.AbstractMemorySegmentImpl.<init> (0x00007943f748fd08) [0x00007943f748fe00, 0x00007943f748ffe0] 
[4,474s][debug][gc,nmethod     ] GC(1) O: Purge NMethod: io.sirix.access.trx.node.AbstractNodeReadOnlyTrx.getKind (0x00007943f7b1b688) [0x00007943f7b1b780, 0x00007943f7b1bde8] 
[4,474s][debug][gc,nmethod     ] GC(1) O: Purge NMethod: java.lang.invoke.DirectMethodHandle.internalMemberName (0x00007943f7690488) [0x00007943f7690580, 0x00007943f76908a0] 
[4,474s][debug][gc,nmethod     ] GC(1) O: Purge NMethod: java.util.regex.Pattern$Slice.match (0x0000794416c85288) [0x0000794416c85380, 0x0000794416c856d8] 
[4,474s][debug][gc,nmethod     ] GC(1) O: Purge NMethod: io.sirix.access.trx.node.xml.XmlNodeTrxImpl.insertElementAsRightSibling (0x00007943f7cb7808) [0x00007943f7cb7900, 0x00007943f7cbe648] 
[4,474s][debug][gc,nmethod     ] GC(1) O: Purge NMethod: java.lang.invoke.SegmentVarHandle.offset (0x00007943f795b288) [0x00007943f795b380, 0x00007943f795b680] 
[4,474s][debug][gc,nmethod     ] GC(1) O: Purge NMethod: io.sirix.node.xml.ElementNode.setChildCount (0x00007943f7bba888) [0x00007943f7bba980, 0x00007943f7bbe4a0] 
[4,474s][debug][gc,nmethod     ] GC(1) O: Purge NMethod: jdk.internal.foreign.ConfinedSession$ConfinedResourceList.add (0x00007943f7dd9008) [0x00007943f7dd9100, 0x00007943f7dd95a8] 
[4,474s][debug][gc,nmethod     ] GC(1) O: Purge NMethod: io.sirix.access.trx.node.AbstractNodeReadOnlyTrx.hasNode (0x0000794416d48b88) [0x0000794416d48c80, 0x0000794416d49bc0] 
[4,474s][debug][gc,nmethod     ] GC(1) O: Purge NMethod: java.util.stream.ReferencePipeline$3.opWrapSink (0x00007943f77c9808) [0x00007943f77c9900, 0x00007943f77ca078] 
[4,474s][debug][gc,nmethod     ] GC(1) O: Purge NMethod: java.util.ArrayList.iterator (0x00007943f75c0008) [0x00007943f75c0100, 0x00007943f75c0400] 
[4,474s][debug][gc,nmethod     ] GC(1) O: Purge NMethod: jdk.internal.misc.Unsafe.putLongUnaligned (0x0000794416caab08) [0x0000794416caac00, 0x0000794416caacc0] 
[4,474s][debug][gc,nmethod     ] GC(1) O: Purge NMethod: jdk.internal.foreign.AbstractMemorySegmentImpl.checkAccess (0x00007943f752fc88) [0x00007943f752fd80, 0x00007943f7530590] 
[4,474s][debug][gc,nmethod     ] GC(1) O: Purge NMethod: java.util.concurrent.locks.LockSupport.setCurrentBlocker (0x00007943f7f12508) [0x00007943f7f12600, 0x00007943f7f12740] 
[4,474s][debug][gc,nmethod     ] GC(1) O: Purge NMethod: jdk.internal.misc.Unsafe.getReferenceAcquire (0x00007943f7413608) [0x00007943f7413700, 0x00007943f7413830] 
[4,474s][debug][gc,nmethod     ] GC(1) O: Purge NMethod: org.magicwerk.brownies.collections.IList$Iter.next (0x00007943f7f72a08) [0x00007943f7f72b00, 0x00007943f7f72e90] 
[4,474s][debug][gc,nmethod     ] GC(1) O: Purge NMethod: java.nio.ByteBuffer.position (0x00007943f7768308) [0x00007943f7768400, 0x00007943f7768548] 
[4,474s][debug][gc,nmethod     ] GC(1) O: Purge NMethod: com.sun.org.apache.xerces.internal.impl.XMLNSDocumentScannerImpl.next (0x0000794416d24d88) [0x0000794416d24e80, 0x0000794416d26b60] 
[4,474s][debug][gc,nmethod     ] GC(1) O: Purge NMethod: com.sun.org.apache.xerces.internal.impl.XMLEntityScanner.peekChar (0x0000794416cf3488) [0x0000794416cf3580, 0x0000794416cf3738] 
[4,474s][debug][gc,nmethod     ] GC(1) O: Purge NMethod: com.google.common.base.Preconditions.checkArgument (0x00007943f7ac9988) [0x00007943f7ac9a80, 0x00007943f7ac9f00] 
[4,474s][debug][gc,nmethod     ] GC(1) O: Purge NMethod: io.sirix.node.GrowingMemorySegment.writeLong (0x00007943f7dd2088) [0x00007943f7dd2180, 0x00007943f7dd28b8] 
[4,474s][debug][gc,nmethod     ] GC(1) O: Purge NMethod: io.brackit.query.expr.PathStepExpr$SequenceContextPathStepIter.next (0x00007943f81cb008) [0x00007943f81cb100, 0x00007943f81cc220] 
[4,474s][debug][gc,nmethod     ] GC(1) O: Purge NMethod: io.sirix.access.trx.page.NodePageTrx.createNameKey (0x00007943f80e8c88) [0x00007943f80e8d80, 0x00007943f80ea7b8] 
[4,474s][debug][gc,nmethod     ] GC(1) O: Purge NMethod: io.brackit.query.node.parser.SAX2SubtreeHandlerAdapter.endElement (0x00007943f7c9f308) [0x00007943f7c9f400, 0x00007943f7ca1058] 
[4,474s][debug][gc,nmethod     ] GC(1) O: Purge NMethod: com.sun.org.apache.xerces.internal.util.XMLChar.isValid (0x00007943f79ed408) [0x00007943f79ed500, 0x00007943f79ed6e8] 
[4,474s][debug][gc,nmethod     ] GC(1) O: Purge NMethod: java.util.concurrent.locks.ReentrantLock.lock (0x00007943f7aa5588) [0x00007943f7aa5680, 0x00007943f7aa5e50] 
[4,474s][debug][gc,nmethod     ] GC(1) O: Purge NMethod: io.sirix.access.trx.node.AbstractNodeReadOnlyTrx.hasNode (0x00007943f7c15b88) [0x00007943f7c15c80, 0x00007943f7c168b0] 
[4,474s][debug][gc,nmethod     ] GC(1) O: Purge NMethod: io.sirix.node.NodeSerializerImpl.serialize (0x00007943f7dd7d88) [0x00007943f7dd7e80, 0x00007943f7dd80d8] 
[4,474s][debug][gc,nmethod     ] GC(1) O: Purge NMethod: java.lang.Long.numberOfTrailingZeros (0x00007943f7f29b08) [0x00007943f7f29c00, 0x00007943f7f29d50] 
[4,474s][debug][gc,nmethod     ] GC(1) O: Purge NMethod: java.util.HashMap.afterNodeAccess (0x00007943f78d0588) [0x00007943f78d0680, 0x00007943f78d0780] 
[4,474s][debug][gc,nmethod     ] GC(1) O: Purge NMethod: io.sirix.axis.filter.FilterAxis.nextKey (0x00007943f7f9cd88) [0x00007943f7f9ce80, 0x00007943f7f9e490] 
[4,474s][debug][gc,nmethod     ] GC(1) O: Purge NMethod: io.sirix.node.NullNode.<init> (0x00007943f81f8188) [0x00007943f81f8280, 0x00007943f81f87b8] 
[4,474s][debug][gc,nmethod     ] GC(1) O: Purge NMethod: java.util.ArrayDeque.pollFirst (0x00007943f7504888) [0x00007943f7504980, 0x00007943f7504ee0] 
[4,474s][debug][gc,nmethod     ] GC(1) O: Purge NMethod: jdk.internal.misc.Unsafe.weakCompareAndSetReference (0x00007943f7511b08) [0x00007943f7511c00, 0x00007943f7511d80] 
[4,474s][debug][gc,nmethod     ] GC(1) O: Purge NMethod: io.sirix.node.xml.ElementNode.getLocalNameKey (0x00007943f7cabe88) [0x00007943f7cabf80, 0x00007943f7cb0f70] 
[4,474s][debug][gc,nmethod     ] GC(1) O: Purge NMethod: com.sun.org.apache.xerces.internal.impl.XMLDocumentFragmentScannerImpl$ElementStack.popElement (0x00007943f7c84908) [0x00007943f7c84a00, 0x00007943f7c84d50] 
[4,474s][debug][gc,nmethod     ] GC(1) O: Purge NMethod: io.sirix.node.xml.TextNode.getPreviousRevisionNumber (0x00007943f7dda208) [0x00007943f7dda300, 0x00007943f7ddaf48] 
[4,474s][debug][gc,nmethod     ] GC(1) O: Purge NMethod: jdk.internal.classfile.impl.StackMapGenerator$Frame.pushStack (0x00007943f7568988) [0x00007943f7568a80, 0x00007943f7568ee0] 
[4,474s][debug][gc,nmethod     ] GC(1) O: Purge NMethod: io.sirix.axis.AbstractAxis.hasNext (0x0000794416dc8a88) [0x0000794416dc8b80, 0x0000794416dc98d8] 
[4,474s][debug][gc,nmethod     ] GC(1) O: Purge NMethod: java.lang.invoke.InnerClassLambdaMetafactory$3.accept (0x00007943f7946988) [0x00007943f7946a80, 0x00007943f7949018] 
[4,474s][debug][gc,nmethod     ] GC(1) O: Purge NMethod: io.sirix.node.xml.TextNode.computeHash (0x00007943f7c44788) [0x00007943f7c44880, 0x00007943f7c56028] 
[4,474s][debug][gc,nmethod     ] GC(1) O: Purge NMethod: io.sirix.index.path.summary.PathSummaryReader.getNodeKey (0x0000794416ced508) [0x0000794416ced600, 0x0000794416ced780] 
[4,474s][debug][gc,nmethod     ] GC(1) O: Purge NMethod: java.lang.invoke.MemberName.getMethodType (0x00007943f746c108) [0x00007943f746c200, 0x00007943f746e6f8] 
[4,474s][debug][gc,nmethod     ] GC(1) O: Purge NMethod: jdk.internal.foreign.layout.ValueLayouts$OfByteImpl.dup (0x00007943f7e5c908) [0x00007943f7e5ca00, 0x00007943f7e5ccf8] 
[4,474s][debug][gc,nmethod     ] GC(1) O: Purge NMethod: java.net.URL.set (0x00007943f75c5308) [0x00007943f75c5400, 0x00007943f75c68f8] 
[4,474s][debug][gc,nmethod     ] GC(1) O: Purge NMethod: io.sirix.axis.AbstractAxis.nextLong (0x0000794416cf3e88) [0x0000794416cf3f80, 0x0000794416cf4578] 
[4,474s][debug][gc,nmethod     ] GC(1) O: Purge NMethod: java.util.jar.JarFile.maybeInstantiateVerifier (0x00007943f74dd108) [0x00007943f74dd200, 0x00007943f74dd6d0] 
[4,474s][debug][gc,nmethod     ] GC(1) O: Purge NMethod: com.sun.org.apache.xerces.internal.impl.XMLEntityScanner.scanContent (0x0000794416ce6388) [0x0000794416ce64a0, 0x0000794416ce73c8] 
[4,474s][debug][gc,nmethod     ] GC(1) O: Purge NMethod: io.sirix.node.SirixDeweyID.toBytes (0x00007943f7e35c08) [0x00007943f7e35d00, 0x00007943f7e35e68] 
[4,474s][debug][gc,nmethod     ] GC(1) O: Purge NMethod: io.sirix.node.xml.TextNode.getLeftSiblingKey (0x00007943f7b22688) [0x00007943f7b22780, 0x00007943f7b27770] 
[4,474s][debug][gc,nmethod     ] GC(1) O: Purge NMethod: java.lang.invoke.VarForm.getMemberName (0x00007943f7587488) [0x00007943f7587580, 0x00007943f7587d00] 
[4,474s][debug][gc,nmethod     ] GC(1) O: Purge NMethod: java.util.HashMap.put (0x00007943f778fd88) [0x00007943f778fe80, 0x00007943f7790468] 
[4,474s][debug][gc,nmethod     ] GC(1) O: Purge NMethod: io.sirix.access.trx.node.xml.XmlDeweyIDManager.newAttributeID (0x00007943f7d51c08) [0x00007943f7d51d00, 0x00007943f7d55f28] 
[4,474s][debug][gc,nmethod     ] GC(1) O: Purge NMethod: io.sirix.node.xml.ElementNode.getPreviousRevisionNumber (0x00007943f7df5f08) [0x00007943f7df6000, 0x00007943f7df6c48] 
[4,474s][debug][gc,nmethod     ] GC(1) O: Purge NMethod: java.util.concurrent.locks.AbstractQueuedSynchronizer.signalNext (0x00007943f7a88088) [0x00007943f7a88180, 0x00007943f7a893f8] 
[4,474s][debug][gc,nmethod     ] GC(1) O: Purge NMethod: java.lang.String.<init> (0x0000794416c86208) [0x0000794416c86300, 0x0000794416c86738] 
[4,474s][debug][gc,nmethod     ] GC(1) O: Purge NMethod: it.unimi.dsi.fastutil.shorts.AbstractShortList.ensureIndex (0x00007943f7f38908) [0x00007943f7f38a00, 0x00007943f7f39090] 
[4,474s][debug][gc,nmethod     ] GC(1) O: Purge NMethod: io.sirix.axis.filter.xml.ElementFilter.filter (0x00007943f7fdb508) [0x00007943f7fdb600, 0x00007943f7fdbd80] 
[4,474s][debug][gc,nmethod     ] GC(1) O: Purge NMethod: io.sirix.access.trx.node.AbstractNodeReadOnlyTrx.getKind (0x0000794416cf0188) [0x0000794416cf0280, 0x0000794416cf0400] 
[4,474s][debug][gc,nmethod     ] GC(1) O: Purge NMethod: sun.security.provider.DigestBase.engineUpdate (0x00007943f8153088) [0x00007943f8153180, 0x00007943f8154360] 
[4,474s][debug][gc,nmethod     ] GC(1) O: Purge NMethod: java.lang.Character.isLowSurrogate (0x00007943f795c508) [0x00007943f795c600, 0x00007943f795c760] 
[4,474s][debug][gc,nmethod     ] GC(1) O: Purge NMethod: jdk.internal.foreign.SegmentFactories.fromArray (0x00007943f7e35008) [0x00007943f7e35100, 0x00007943f7e35c00] 
[4,475s][debug][gc,nmethod     ] GC(1) O: Purge NMethod: io.brackit.query.node.parser.SAX2SubtreeHandlerAdapter$TrimmingStringBuilder.append (0x0000794416d8c288) [0x0000794416d8c380, 0x0000794416d8c9b0] 
[4,475s][debug][gc,nmethod     ] GC(1) O: Purge NMethod: com.sun.org.apache.xerces.internal.util.XMLAttributesImpl.getValue (0x00007943f7d40b88) [0x00007943f7d40c80, 0x00007943f7d412b0] 
[4,475s][debug][gc,nmethod     ] GC(1) O: Purge NMethod: com.sun.org.apache.xerces.internal.impl.XMLDocumentFragmentScannerImpl.scanDocument (0x00007943f7dcaa08) [0x00007943f7dcab00, 0x00007943f7dcd5a8] 
[4,475s][debug][gc,nmethod     ] GC(1) O: Purge NMethod: java.util.BitSet.<init> (0x00007943f7421108) [0x00007943f7421200, 0x00007943f7422148] 
[4,475s][debug][gc,nmethod     ] GC(1) O: Purge NMethod: jdk.internal.foreign.SegmentFactories.initNativeMemory (0x00007943f760d808) [0x00007943f760d900, 0x00007943f760daa0] 
[4,475s][debug][gc,nmethod     ] GC(1) O: Purge NMethod: io.sirix.access.trx.node.xml.XmlNodeHashing.getCurrentNode (0x00007943f7adf408) [0x00007943f7adf500, 0x00007943f7adfca8] 
[4,475s][debug][gc,nmethod     ] GC(1) O: Purge NMethod: jdk.internal.foreign.layout.ValueLayouts$AbstractValueLayout.withOrder (0x00007943f7e5bf88) [0x00007943f7e5c080, 0x00007943f7e5c8b0] 
[4,475s][debug][gc,nmethod     ] GC(1) O: Purge NMethod: com.sun.org.apache.xerces.internal.impl.XMLEntityScanner.scanChar (0x00007943f7c37388) [0x00007943f7c37480, 0x00007943f7c37ea8] 
[4,475s][debug][gc,nmethod     ] GC(1) O: Purge NMethod: java.lang.Short.valueOf (0x00007943f7f47708) [0x00007943f7f47800, 0x00007943f7f47b18] 
[4,475s][debug][gc,nmethod     ] GC(1) O: Purge NMethod: io.sirix.node.xml.ElementNode.<init> (0x00007943f7c89e88) [0x00007943f7c89f80, 0x00007943f7c8af90] 
[4,475s][debug][gc,nmethod     ] GC(1) O: Purge NMethod: jdk.internal.misc.Unsafe.getIntUnaligned (0x00007943f7584808) [0x00007943f7584900, 0x00007943f7584b48] 
[4,475s][debug][gc,nmethod     ] GC(1) O: Purge NMethod: io.sirix.node.GrowingMemorySegment.grow (0x00007943f7e4c188) [0x00007943f7e4c280, 0x00007943f7e4ea48] 
[4,475s][debug][gc,nmethod     ] GC(1) O: Purge NMethod: io.sirix.node.MemorySegmentBytesOut.writeLong (0x0000794416cd9808) [0x0000794416cd9900, 0x0000794416cd9e20] 
[4,475s][debug][gc,nmethod     ] GC(1) O: Purge NMethod: io.sirix.node.json.JsonNodeSerializer.writeSizePrefix (0x00007943f7e4a708) [0x00007943f7e4a800, 0x00007943f7e4ab88] 
[4,475s][debug][gc,nmethod     ] GC(1) O: Purge NMethod: java.nio.Buffer.limit (0x00007943f7784808) [0x00007943f7784900, 0x00007943f7784b70] 
[4,475s][debug][gc,nmethod     ] GC(1) O: Purge NMethod: java.nio.MappedByteBuffer.<init> (0x00007943f7be5808) [0x00007943f7be5900, 0x00007943f7be5ad0] 
[4,475s][debug][gc,nmethod     ] GC(1) O: Purge NMethod: io.sirix.page.KeyValueLeafPage.findFreeSpaceForSlots (0x00007943f7e44888) [0x00007943f7e44980, 0x00007943f7e44da8] 
[4,475s][debug][gc,nmethod     ] GC(1) O: Purge NMethod: java.lang.Short.valueOf (0x00007943f7f2ce88) [0x00007943f7f2cf80, 0x00007943f7f2d130] 
[4,475s][debug][gc,nmethod     ] GC(1) O: Purge NMethod: jdk.internal.misc.ScopedMemoryAccess.getIntUnaligned (0x00007943f7a5ba08) [0x00007943f7a5bb00, 0x00007943f7a5c968] 
[4,475s][debug][gc,nmethod     ] GC(1) O: Purge NMethod: io.sirix.index.path.summary.PathSummaryReader.assertNotClosed (0x00007943f7ac5e88) [0x00007943f7ac5f80, 0x00007943f7ac6188] 
[4,475s][debug][gc,nmethod     ] GC(1) O: Purge NMethod: it.unimi.dsi.fastutil.longs.LongArrayList.initArrayFromCapacity (0x00007943f7fde208) [0x00007943f7fde300, 0x00007943f7fdf448] 
[4,475s][debug][gc,nmethod     ] GC(1) O: Purge NMethod: io.sirix.access.trx.node.AbstractNodeReadOnlyTrx.assertNotClosed (0x00007943f7aa4b88) [0x00007943f7aa4c80, 0x00007943f7aa4e88] 
[4,475s][debug][gc,nmethod     ] GC(1) O: Purge NMethod: io.sirix.service.xml.shredder.AbstractShredder.processStartTag (0x00007943f7c94708) [0x00007943f7c94800, 0x00007943f7c9a530] 
[4,475s][debug][gc,nmethod     ] GC(1) O: Purge NMethod: java.nio.DirectByteBuffer.address (0x00007943f7bf4408) [0x00007943f7bf4500, 0x00007943f7bf5e40] 
[4,475s][debug][gc,nmethod     ] GC(1) O: Purge NMethod: io.sirix.node.MemorySegmentBytesIn.readLong (0x00007943f7f4f288) [0x00007943f7f4f380, 0x00007943f7f52f90] 
[4,475s][debug][gc,nmethod     ] GC(1) O: Purge NMethod: io.sirix.access.trx.node.AbstractNodeReadOnlyTrx.getStructuralNode (0x00007943f7b21a88) [0x00007943f7b21b80, 0x00007943f7b22638] 
[4,475s][debug][gc,nmethod     ] GC(1) O: Purge NMethod: java.lang.invoke.VarHandleReferences$FieldInstanceReadWrite.compareAndSet (0x00007943f7870f88) [0x00007943f7871080, 0x00007943f7872638] 
[4,475s][debug][gc,nmethod     ] GC(1) O: Purge NMethod: java.util.Arrays.fill (0x0000794416c44808) [0x0000794416c44900, 0x0000794416c44b28] 
[4,475s][debug][gc,nmethod     ] GC(1) O: Purge NMethod: io.sirix.index.path.summary.PathSummaryReader.getLevel (0x0000794416d95f88) [0x0000794416d96080, 0x0000794416d961a0] 
[4,475s][debug][gc,nmethod     ] GC(1) O: Purge NMethod: com.sun.org.apache.xerces.internal.parsers.AbstractSAXParser.endNamespaceMapping (0x00007943f7c93e88) [0x00007943f7c93f80, 0x00007943f7c946c8] 
[4,475s][debug][gc,nmethod     ] GC(1) O: Purge NMethod: jdk.internal.foreign.ArenaImpl.allocate (0x00007943f7b62008) [0x00007943f7b62100, 0x00007943f7b62280] 
[4,475s][debug][gc,nmethod     ] GC(1) O: Purge NMethod: io.sirix.query.node.SubtreeBuilder.endElement (0x00007943f7ca1088) [0x00007943f7ca1180, 0x00007943f7ca29e0] 
[4,475s][debug][gc,nmethod     ] GC(1) O: Purge NMethod: java.lang.invoke.InvokerBytecodeGenerator.emitPushArgument (0x00007943f7695e88) [0x00007943f7695f80, 0x00007943f7698b48] 
[4,475s][debug][gc,nmethod     ] GC(1) O: Purge NMethod: java.util.HashMap.computeIfAbsent (0x00007943f7d9bf08) [0x00007943f7d9c000, 0x00007943f7d9e808] 
[4,475s][debug][gc,nmethod     ] GC(1) O: Purge NMethod: com.sun.org.apache.xerces.internal.impl.XMLDocumentFragmentScannerImpl$FragmentContentDriver.next (0x0000794416cfea88) [0x0000794416cfeb80, 0x0000794416d007a8] 
[4,475s][debug][gc,nmethod     ] GC(1) O: Purge NMethod: jdk.internal.foreign.AbstractMemorySegmentImpl$$Lambda/0x00000000a9221260.apply (0x00007943f7e33d08) [0x00007943f7e33e00, 0x00007943f7e33f48] 
[4,475s][debug][gc,nmethod     ] GC(1) O: Purge NMethod: io.sirix.access.trx.node.AbstractNodeReadOnlyTrx.hasFirstChild (0x00007943f7ccbd88) [0x00007943f7ccbe80, 0x00007943f7ccc6a0] 
[4,475s][debug][gc,nmethod     ] GC(1) O: Purge NMethod: java.lang.Long.hashCode (0x00007943f78d5608) [0x00007943f78d5700, 0x00007943f78d5838] 
[4,475s][debug][gc,nmethod     ] GC(1) O: Purge NMethod: io.sirix.page.KeyValueLeafPage.getDeweyIdAsByteArray (0x00007943f7814a08) [0x00007943f7814b00, 0x00007943f7815088] 
[4,475s][debug][gc,nmethod     ] GC(1) O: Purge NMethod: java.lang.Thread.blockedOn (0x00007943f7f15a08) [0x00007943f7f15b00, 0x00007943f7f15e20] 
[4,475s][debug][gc,nmethod     ] GC(1) O: Purge NMethod: jdk.internal.foreign.layout.ValueLayouts$OfByteImpl.withOrder (0x00007943f7e5bb08) [0x00007943f7e5bc00, 0x00007943f7e5bf50] 
[4,475s][debug][gc,nmethod     ] GC(1) O: Purge NMethod: io.brackit.query.expr.StepExpr$AxisStepSequenceIter.close (0x00007943f8048d88) [0x00007943f8048e80, 0x00007943f8049080] 
[4,475s][debug][gc,nmethod     ] GC(1) O: Purge NMethod: io.sirix.query.node.XmlDBNode.<init> (0x00007943f7fcb708) [0x00007943f7fcb800, 0x00007943f7fcd090] 
[4,475s][debug][gc,nmethod     ] GC(1) O: Purge NMethod: java.lang.invoke.InvokerBytecodeGenerator.emitReferenceCast (0x00007943f743e888) [0x00007943f743e980, 0x00007943f7441cd0] 
[4,475s][debug][gc,nmethod     ] GC(1) O: Purge NMethod: io.sirix.axis.AbstractAxis.nextLong (0x00007943f7b8b088) [0x00007943f7b8b180, 0x00007943f7b8bc10] 
[4,475s][debug][gc,nmethod     ] GC(1) O: Purge NMethod: io.sirix.query.node.SubtreeProcessor.notifyAttribute (0x00007943f7d57b08) [0x00007943f7d57c00, 0x00007943f7d58660] 
[4,475s][debug][gc,nmethod     ] GC(1) O: Purge NMethod: io.sirix.axis.filter.FilterAxis.reset (0x0000794416e3fc88) [0x0000794416e3fd80, 0x0000794416e3fee8] 
[4,475s][debug][gc,nmethod     ] GC(1) O: Purge NMethod: io.sirix.node.Bytes.elasticOffHeapByteBuffer (0x00007943f7b8bc88) [0x00007943f7b8bd80, 0x00007943f7b8c6c8] 
[4,475s][debug][gc,nmethod     ] GC(1) O: Purge NMethod: io.sirix.access.trx.page.NodePageTrx.prepareRecordForModification (0x0000794416cde788) [0x0000794416cde880, 0x0000794416cdf8b0] 
[4,475s][debug][gc,nmethod     ] GC(1) O: Purge NMethod: io.sirix.access.trx.node.AbstractNodeReadOnlyTrx.moveToParent (0x00007943f7bebb08) [0x00007943f7bebc00, 0x00007943f7bec460] 
[4,475s][debug][gc,nmethod     ] GC(1) O: Purge NMethod: io.sirix.access.trx.page.NodePageReadOnlyTrx.getPageReference (0x00007943f7f31388) [0x00007943f7f31480, 0x00007943f7f326e8] 
[4,475s][debug][gc,nmethod     ] GC(1) O: Purge NMethod: io.sirix.node.MemorySegmentBytesOut.write (0x00007943f7b55888) [0x00007943f7b55980, 0x00007943f7b55b88] 
[4,475s][debug][gc,nmethod     ] GC(1) O: Purge NMethod: net.openhft.hashing.LongHashFunction.unsafeHash (0x00007943f7ba1b08) [0x00007943f7ba1c00, 0x00007943f7ba1f10] 
[4,475s][debug][gc,nmethod     ] GC(1) O: Purge NMethod: jdk.internal.classfile.impl.AbstractPoolEntry$AbstractRefsEntry.writeTo (0x00007943f7505208) [0x00007943f7505300, 0x00007943f7505ca0] 
[4,475s][debug][gc,nmethod     ] GC(1) O: Purge NMethod: java.lang.invoke.VarHandleReferences$FieldInstanceReadWrite.set (0x00007943f746af88) [0x00007943f746b080, 0x00007943f746c0a8] 
[4,475s][debug][gc,nmethod     ] GC(1) O: Purge NMethod: io.sirix.axis.AbstractAxis.hasNext (0x00007943f7f96688) [0x00007943f7f96780, 0x00007943f7f97248] 
[4,475s][debug][gc,nmethod     ] GC(1) O: Purge NMethod: io.sirix.node.AbstractForwardingNode.getParentKey (0x00007943f7b66588) [0x00007943f7b66680, 0x00007943f7b669b0] 
[4,475s][debug][gc,nmethod     ] GC(1) O: Purge NMethod: io.sirix.access.trx.page.NodePageReadOnlyTrx.getDataRecord (0x00007943f7f41008) [0x00007943f7f41100, 0x00007943f7f414c0] 
[4,475s][debug][gc,nmethod     ] GC(1) O: Purge NMethod: java.nio.HeapByteBuffer.put (0x00007943f7f77788) [0x00007943f7f77880, 0x00007943f7f77e10] 
[4,475s][debug][gc,nmethod     ] GC(1) O: Purge NMethod: io.sirix.access.trx.page.NodePageTrx.prepareRecordForModification (0x00007943f7cff888) [0x00007943f7cff980, 0x00007943f7d01808] 
[4,475s][debug][gc,nmethod     ] GC(1) O: Purge NMethod: io.sirix.access.trx.node.xml.XmlNodeFactoryImpl.createPathNode (0x00007943f8348808) [0x00007943f8348900, 0x00007943f834b9e8] 
[4,475s][debug][gc,nmethod     ] GC(1) O: Purge NMethod: io.sirix.query.stream.node.SirixNodeStream.next (0x00007943f7fd7388) [0x00007943f7fd7480, 0x00007943f7fd8368] 
[4,475s][debug][gc,nmethod     ] GC(1) O: Purge NMethod: io.sirix.access.trx.page.NodePageReadOnlyTrx.getNamePage (0x00007943f7c36288) [0x00007943f7c36380, 0x00007943f7c37358] 
[4,475s][debug][gc,nmethod     ] GC(1) O: Purge NMethod: io.sirix.node.xml.ElementNode.getLastChildKey (0x00007943f7bfbd88) [0x00007943f7bfbe80, 0x00007943f7c00e70] 
[4,475s][debug][gc,nmethod     ] GC(1) O: Purge NMethod: io.sirix.access.trx.page.NodePageTrx.createRecord (0x00007943f80b4008) [0x00007943f80b4100, 0x00007943f80ba548] 
[4,475s][debug][gc,nmethod     ] GC(1) O: Purge NMethod: jdk.internal.foreign.layout.ValueLayouts$OfByteImpl.<init> (0x00007943f7e5b808) [0x00007943f7e5b900, 0x00007943f7e5ba58] 
[4,475s][debug][gc,nmethod     ] GC(1) O: Purge NMethod: java.util.BitSet.get (0x00007943f76a9508) [0x00007943f76a9600, 0x00007943f76aa4a8] 
[4,475s][debug][gc,nmethod     ] GC(1) O: Purge NMethod: io.sirix.access.trx.page.NodePageTrx.getPageContainer (0x0000794416cdde88) [0x0000794416cddf80, 0x0000794416cde418] 
[4,475s][debug][gc,nmethod     ] GC(1) O: Purge NMethod: net.openhft.hashing.Maths.unsignedLongMulXorFold (0x00007943f7af2a08) [0x00007943f7af2b00, 0x00007943f7af2c38] 
[4,475s][debug][gc,nmethod     ] GC(1) O: Purge NMethod: com.sun.org.apache.xerces.internal.impl.XMLNSDocumentScannerImpl.next (0x0000794416cf7a88) [0x0000794416cf7b80, 0x0000794416cf97f8] 
[4,475s][debug][gc,nmethod     ] GC(1) O: Purge NMethod: java.nio.Bits.reserveMemory (0x00007943f7b59f88) [0x00007943f7b5a080, 0x00007943f7b5cfc0] 
[4,475s][debug][gc,nmethod     ] GC(1) O: Purge NMethod: jdk.internal.foreign.ConfinedSession$ConfinedResourceList.add (0x00007943f7dd2908) [0x00007943f7dd2a00, 0x00007943f7dd2dc8] 
[4,475s][debug][gc,nmethod     ] GC(1) O: Purge NMethod: io.sirix.node.xml.ElementNode.getRightSiblingKey (0x00007943f7b4d808) [0x00007943f7b4d900, 0x00007943f7b528f0] 
[4,475s][debug][gc,nmethod     ] GC(1) O: Purge NMethod: io.sirix.access.trx.node.AbstractNodeReadOnlyTrx.getNodeKey (0x00007943f7b27808) [0x00007943f7b27900, 0x00007943f7b27f68] 
[4,475s][debug][gc,nmethod     ] GC(1) O: Purge NMethod: java.lang.Class.getSimpleName (0x00007943f7e07e88) [0x00007943f7e07f80, 0x00007943f7e08188] 
[4,475s][debug][gc,nmethod     ] GC(1) O: Purge NMethod: io.sirix.node.xml.AttributeNode.getParentKey (0x00007943f7c30208) [0x00007943f7c30300, 0x00007943f7c352e8] 
[4,475s][debug][gc,nmethod     ] GC(1) O: Purge NMethod: jdk.internal.foreign.AbstractMemorySegmentImpl$$Lambda/0x00000000a9220120.apply (0x00007943f7e30a88) [0x00007943f7e30b80, 0x00007943f7e30d00] 
[4,475s][debug][gc,nmethod     ] GC(1) O: Purge NMethod: io.sirix.access.trx.node.AbstractNodeTrxImpl.getDeweyID (0x00007943f7b1cb08) [0x00007943f7b1cc00, 0x00007943f7b1d728] 
[4,475s][debug][gc,nmethod     ] GC(1) O: Purge NMethod: jdk.internal.foreign.AbstractMemorySegmentImpl.toArray (0x00007943f7e29308) [0x00007943f7e29400, 0x00007943f7e29570] 
[4,475s][debug][gc,nmethod     ] GC(1) O: Purge NMethod: io.sirix.node.xml.ElementNode.getLeftSiblingKey (0x00007943f7b3de08) [0x00007943f7b3df00, 0x00007943f7b42ef0] 
[4,475s][debug][gc,nmethod     ] GC(1) O: Purge NMethod: com.sun.org.apache.xerces.internal.xni.XMLString.toString (0x00007943f7d3b208) [0x00007943f7d3b300, 0x00007943f7d3b548] 
[4,475s][debug][gc,nmethod     ] GC(1) O: Purge NMethod: java.lang.classfile.CodeBuilder.checkcast (0x00007943f76ed288) [0x00007943f76ed380, 0x00007943f76edcb8] 
[4,475s][debug][gc,nmethod     ] GC(1) O: Purge NMethod: net.openhft.hashing.LongHashFunction.hashBytes (0x00007943f7ca9188) [0x00007943f7ca9280, 0x00007943f7ca93c8] 
[4,475s][debug][gc,nmethod     ] GC(1) O: Purge NMethod: java.lang.String.<init> (0x0000794416d2e608) [0x0000794416d2e700, 0x0000794416d2ea48] 
[4,475s][debug][gc,nmethod     ] GC(1) O: Purge NMethod: io.sirix.node.NodeSerializerImpl.writeDeweyID (0x00007943f7ea4708) [0x00007943f7ea4800, 0x00007943f7ea4cf0] 
[4,475s][debug][gc,nmethod     ] GC(1) O: Purge NMethod: jdk.internal.foreign.AbstractMemorySegmentImpl.asSlice (0x00007943f757b308) [0x00007943f757b400, 0x00007943f757b8f8] 
[4,475s][debug][gc,nmethod     ] GC(1) O: Purge NMethod: io.sirix.query.compiler.translator.SirixTranslator.getAxis (0x00007943f81de188) [0x00007943f81de280, 0x00007943f81e0320] 
[4,475s][debug][gc,nmethod     ] GC(1) O: Purge NMethod: io.sirix.node.MemorySegmentBytesIn.read (0x00007943f7f78608) [0x00007943f7f78700, 0x00007943f7f78848] 
[4,475s][debug][gc,nmethod     ] GC(1) O: Purge NMethod: io.sirix.access.Utils.buildName (0x00007943f7c60188) [0x00007943f7c60280, 0x00007943f7c61278] 
[4,475s][debug][gc,nmethod     ] GC(1) O: Purge NMethod: java.lang.Integer.numberOfTrailingZeros (0x00007943f7f78908) [0x00007943f7f78a00, 0x00007943f7f78c18] 
[4,475s][debug][gc,nmethod     ] GC(1) O: Purge NMethod: java.lang.CharacterDataLatin1.equalsIgnoreCase (0x0000794416c90788) [0x0000794416c90880, 0x0000794416c90990] 
[4,475s][debug][gc,nmethod     ] GC(1) O: Purge NMethod: io.sirix.node.xml.AttributeNode.getDeweyID (0x00007943f7eb1208) [0x00007943f7eb1300, 0x00007943f7eb1628] 
[4,475s][debug][gc,nmethod     ] GC(1) O: Purge NMethod: sun.net.util.IPAddressUtil.checkHostString (0x00007943f74cd708) [0x00007943f74cd800, 0x00007943f74cda00] 
[4,475s][debug][gc,nmethod     ] GC(1) O: Purge NMethod: it.unimi.dsi.fastutil.ints.Int2ObjectOpenHashMap.get (0x00007943f7c37f08) [0x00007943f7c38000, 0x00007943f7c38670] 
[4,475s][debug][gc,nmethod     ] GC(1) O: Purge NMethod: java.util.concurrent.ConcurrentLinkedDeque.first (0x00007943f7dc3508) [0x00007943f7dc3600, 0x00007943f7dc3940] 
[4,475s][debug][gc,nmethod     ] GC(1) O: Purge NMethod: com.sun.org.apache.xerces.internal.impl.XMLEntityScanner.skipString (0x00007943f7ce2188) [0x00007943f7ce2280, 0x00007943f7ce33a0] 
[4,475s][debug][gc,nmethod     ] GC(1) O: Purge NMethod: io.brackit.query.node.parser.SAX2SubtreeHandlerAdapter.handleText (0x0000794416d46588) [0x0000794416d46680, 0x0000794416d48080] 
[4,475s][debug][gc,nmethod     ] GC(1) O: Purge NMethod: jdk.internal.foreign.AbstractMemorySegmentImpl.toArray (0x00007943f7e2b008) [0x00007943f7e2b100, 0x00007943f7e2ccc0] 
[4,475s][debug][gc,nmethod     ] GC(1) O: Purge NMethod: io.sirix.access.trx.node.xml.ForwardingXmlNodeReadOnlyTrx.hasRightSibling (0x00007943f7bf7508) [0x00007943f7bf7600, 0x00007943f7bf7c00] 
[4,475s][debug][gc,nmethod     ] GC(1) O: Purge NMethod: io.sirix.node.SirixDeweyID.toBytes (0x00007943f7e30488) [0x00007943f7e30580, 0x00007943f7e306d0] 
[4,475s][debug][gc,nmethod     ] GC(1) O: Purge NMethod: io.sirix.node.xml.ElementNode.computeHash (0x00007943f7d04d88) [0x00007943f7d04e80, 0x00007943f7d344c8] 
[4,475s][debug][gc,nmethod     ] GC(1) O: Purge NMethod: jdk.internal.foreign.NativeMemorySegmentImpl.dup (0x0000794416cb6288) [0x0000794416cb63a0, 0x0000794416cb64f0] 
[4,475s][debug][gc,nmethod     ] GC(1) O: Purge NMethod: io.sirix.page.KeyValueLeafPage.setDeweyId (0x00007943f7f8f188) [0x00007943f7f8f280, 0x00007943f7f8f568] 
[4,475s][debug][gc,nmethod     ] GC(1) O: Purge NMethod: it.unimi.dsi.fastutil.ints.Int2IntOpenHashMap.getOrDefault (0x00007943f7f3f088) [0x00007943f7f3f180, 0x00007943f7f3f598] 
[4,475s][debug][gc,nmethod     ] GC(1) O: Purge NMethod: com.sun.org.apache.xerces.internal.xni.QName.setValues (0x00007943f7d34888) [0x00007943f7d34980, 0x00007943f7d34d38] 
[4,475s][debug][gc,nmethod     ] GC(1) O: Purge NMethod: io.sirix.index.name.Names.setName (0x00007943f7c3e888) [0x00007943f7c3e980, 0x00007943f7c40bd0] 
[4,475s][debug][gc,nmethod     ] GC(1) O: Purge NMethod: jdk.internal.foreign.HeapMemorySegmentImpl$OfByte.<init> (0x00007943f7e34b88) [0x00007943f7e34c80, 0x00007943f7e34f98] 
[4,475s][debug][gc,nmethod     ] GC(1) O: Purge NMethod: io.sirix.access.trx.page.NodePageReadOnlyTrx.getLeafPageReference (0x00007943f7f5ae08) [0x00007943f7f5af00, 0x00007943f7f5b1f8] 
[4,475s][debug][gc,nmethod     ] GC(1) O: Purge NMethod: java.lang.invoke.SegmentVarHandle.checkSegment (0x00007943f7a2fb88) [0x00007943f7a2fc80, 0x00007943f7a33598] 
[4,475s][debug][gc,nmethod     ] GC(1) O: Purge NMethod: java.lang.String.<init> (0x0000794416d37c08) [0x0000794416d37d00, 0x0000794416d38080] 
[4,475s][debug][gc,nmethod     ] GC(1) O: Purge NMethod: io.sirix.page.delegates.ReferencesPage4.getOrCreateReference (0x00007943f7f38188) [0x00007943f7f38280, 0x00007943f7f38888] 
[4,475s][debug][gc,nmethod     ] GC(1) O: Purge NMethod: io.sirix.access.trx.node.AbstractNodeTrxImpl.getCurrentNode (0x00007943f7ae8908) [0x00007943f7ae8a00, 0x00007943f7ae8d70] 
[4,475s][debug][gc,nmethod     ] GC(1) O: Purge NMethod: io.sirix.axis.filter.FilterAxis.<init> (0x0000794416d41e08) [0x0000794416d41f00, 0x0000794416d43080] 
[4,475s][debug][gc,nmethod     ] GC(1) O: Purge NMethod: java.lang.classfile.CodeBuilder.invoke (0x00007943f7792d88) [0x00007943f7792e80, 0x00007943f7793618] 
[4,475s][debug][gc,nmethod     ] GC(1) O: Purge NMethod: jdk.internal.classfile.impl.SplitConstantPool.maybeCloneUtf8Entry (0x0000794416c30688) [0x0000794416c30780, 0x0000794416c30cc0] 
[4,475s][debug][gc,nmethod     ] GC(1) O: Purge NMethod: java.lang.invoke.InnerClassLambdaMetafactory$6.accept (0x00007943f796b508) [0x00007943f796b600, 0x00007943f7971918] 
[4,475s][debug][gc,nmethod     ] GC(1) O: Purge NMethod: io.sirix.access.trx.page.NodePageTrx.lambda$getPageContainer$0 (0x00007943f7f3a288) [0x00007943f7f3a380, 0x00007943f7f3a6f8] 
[4,475s][debug][gc,nmethod     ] GC(1) O: Purge NMethod: sun.security.provider.SHA2.implCompress (0x00007943f7eb0588) [0x00007943f7eb0680, 0x00007943f7eb0a90] 
[4,475s][debug][gc,nmethod     ] GC(1) O: Purge NMethod: io.sirix.node.GrowingMemorySegment.writeLong (0x00007943f7ad0108) [0x00007943f7ad0200, 0x00007943f7ad4040] 
[4,475s][debug][gc,nmethod     ] GC(1) O: Purge NMethod: jdk.internal.foreign.HeapMemorySegmentImpl$OfByte.unsafeGetOffset (0x00007943f7e04808) [0x00007943f7e04900, 0x00007943f7e04a00] 
[4,476s][debug][gc,nmethod     ] GC(1) O: Purge NMethod: java.lang.Integer.valueOf (0x00007943f752b208) [0x00007943f752b300, 0x00007943f752b618] 
[4,476s][debug][gc,nmethod     ] GC(1) O: Purge NMethod: io.sirix.page.PageKind$1.serializePage (0x00007943f7ece388) [0x00007943f7ece480, 0x00007943f7edc1c0] 
[4,476s][debug][gc,nmethod     ] GC(1) O: Purge NMethod: io.sirix.cache.LinuxMemorySegmentAllocator.partitionVirtualRegion (0x0000794416ca0c88) [0x0000794416ca0d80, 0x0000794416ca1be8] 
[4,476s][debug][gc,nmethod     ] GC(1) O: Purge NMethod: net.openhft.hashing.XXH3.XXH3_64bits_internal (0x00007943f7bbe508) [0x00007943f7bbe600, 0x00007943f7bdcfc8] 
[4,476s][debug][gc,nmethod     ] GC(1) O: Purge NMethod: jdk.internal.foreign.abi.SharedUtils.checkNative (0x00007943f7f14a08) [0x00007943f7f14b00, 0x00007943f7f14ee0] 
[4,476s][debug][gc,nmethod     ] GC(1) O: Purge NMethod: io.brackit.query.node.parser.SAX2SubtreeHandlerAdapter$TrimmingStringBuilder.append (0x00007943f7c13588) [0x00007943f7c13680, 0x00007943f7c13b10] 
[4,476s][debug][gc,nmethod     ] GC(1) O: Purge NMethod: io.sirix.access.trx.page.NodePageReadOnlyTrx.pageKey (0x00007943f7ab4c88) [0x00007943f7ab4d80, 0x00007943f7ab5500] 
[4,476s][debug][gc,nmethod     ] GC(1) O: Purge NMethod: com.sun.org.apache.xerces.internal.impl.XMLEntityScanner.skipString (0x00007943f80f1c08) [0x00007943f80f1d00, 0x00007943f80f2e20] 
[4,476s][debug][gc,nmethod     ] GC(1) O: Purge NMethod: io.sirix.utils.NamePageHash.generateHashForString (0x00007943f7c0c708) [0x00007943f7c0c800, 0x00007943f7c0cad8] 
[4,476s][debug][gc,nmethod     ] GC(1) O: Purge NMethod: com.sun.org.apache.xerces.internal.parsers.AbstractSAXParser.endElement (0x00007943f7c93488) [0x00007943f7c93580, 0x00007943f7c93e78] 
[4,476s][debug][gc,nmethod     ] GC(1) O: Purge NMethod: io.sirix.access.trx.node.AbstractNodeReadOnlyTrx.hasRightSibling (0x00007943f7bf8308) [0x00007943f7bf8400, 0x00007943f7bf8c20] 
[4,476s][debug][gc,nmethod     ] GC(1) O: Purge NMethod: io.sirix.node.MemorySegmentBytesIn.readInt (0x00007943f7f41808) [0x00007943f7f41900, 0x00007943f7f45510] 
[4,476s][debug][gc,nmethod     ] GC(1) O: Purge NMethod: io.sirix.cache.LinuxMemorySegmentAllocator.partitionVirtualRegion (0x00007943f74c0808) [0x00007943f74c0900, 0x00007943f74c1718] 
[4,476s][debug][gc,nmethod     ] GC(1) O: Purge NMethod: io.sirix.query.compiler.translator.SirixTranslator$Child.performStep (0x00007943f81e0388) [0x00007943f81e0480, 0x00007943f81e14c8] 
[4,476s][debug][gc,nmethod     ] GC(1) O: Purge NMethod: io.brackit.query.atomic.AbstractAtomic.atomize (0x00007943f8267308) [0x00007943f8267400, 0x00007943f8267500] 
[4,476s][debug][gc,nmethod     ] GC(1) O: Purge NMethod: sun.security.provider.DigestBase.implCompressMultiBlock0 (0x00007943f7f13388) [0x00007943f7f13480, 0x00007943f7f138e8] 
[4,476s][debug][gc,nmethod     ] GC(1) O: Purge NMethod: java.nio.charset.Charset.defaultCharset (0x00007943f7c40c08) [0x00007943f7c40d00, 0x00007943f7c40df8] 
[4,476s][debug][gc,nmethod     ] GC(1) O: Purge NMethod: jdk.internal.classfile.impl.StackMapGenerator.of (0x00007943f7713f08) [0x00007943f7714000, 0x00007943f7715570] 
[4,476s][debug][gc,nmethod     ] GC(1) O: Purge NMethod: io.sirix.node.NodeKind$1.deserialize (0x00007943f803ed08) [0x00007943f803ee00, 0x00007943f80421e0] 
[4,476s][debug][gc,nmethod     ] GC(1) O: Purge NMethod: io.sirix.cache.IndexLogKey.equals (0x00007943f7d75e88) [0x00007943f7d75f80, 0x00007943f7d768c8] 
[4,476s][debug][gc,nmethod     ] GC(1) O: Purge NMethod: java.util.HashMap.computeIfAbsent (0x00007943f7530608) [0x00007943f7530700, 0x00007943f7532f08] 
[4,476s][debug][gc,nmethod     ] GC(1) O: Purge NMethod: com.sun.org.apache.xerces.internal.parsers.AbstractSAXParser.characters (0x00007943f7c0c008) [0x00007943f7c0c100, 0x00007943f7c0c6a8] 
[4,476s][debug][gc,nmethod     ] GC(1) O: Purge NMethod: com.sun.org.apache.xerces.internal.xni.XMLString.append (0x00007943f7d3ac08) [0x00007943f7d3ad00, 0x00007943f7d3b1d8] 
[4,476s][debug][gc,nmethod     ] GC(1) O: Purge NMethod: java.nio.Buffer.session (0x00007943f7486888) [0x00007943f7486980, 0x00007943f7486d88] 
[4,476s][debug][gc,nmethod     ] GC(1) O: Purge NMethod: jdk.internal.foreign.SegmentFactories.initNativeMemory (0x00007943f75e4a08) [0x00007943f75e4b00, 0x00007943f75e4d20] 
[4,476s][debug][gc,nmethod     ] GC(1) O: Purge NMethod: java.lang.Class.reflectionData (0x00007943f75b4b88) [0x00007943f75b4c80, 0x00007943f75b52d8] 
[4,476s][debug][gc,nmethod     ] GC(1) O: Purge NMethod: io.sirix.node.NodeKind$1.serialize (0x00007943f7e5dc88) [0x00007943f7e5dd80, 0x00007943f7e98c38] 
[4,476s][debug][gc,nmethod     ] GC(1) O: Purge NMethod: io.sirix.node.xml.ElementNode.getPrefixKey (0x00007943f7ca2a08) [0x00007943f7ca2b00, 0x00007943f7ca7af0] 
[4,476s][debug][gc,nmethod     ] GC(1) O: Purge NMethod: jdk.internal.foreign.layout.MemoryLayoutUtil.requireByteSizeValid (0x00007943f7e05408) [0x00007943f7e05500, 0x00007943f7e058a0] 
[4,476s][debug][gc,nmethod     ] GC(1) O: Purge NMethod: io.sirix.node.NodeSerializerImpl.writeDeweyID (0x00007943f7e52f08) [0x00007943f7e53000, 0x00007943f7e53320] 
[4,476s][debug][gc,nmethod     ] GC(1) O: Purge NMethod: io.sirix.access.trx.page.NodePageTrx.getMostRecentPageContainer (0x00007943f7ac4e08) [0x00007943f7ac4f00, 0x00007943f7ac5530] 
[4,476s][debug][gc,nmethod     ] GC(1) O: Purge NMethod: io.sirix.page.delegates.BitmapReferencesPage.getOrCreateReference (0x00007943f7b11b08) [0x00007943f7b11c00, 0x00007943f7b122b8] 
[4,476s][debug][gc,nmethod     ] GC(1) O: Purge NMethod: java.io.File.<init> (0x00007943f76eea08) [0x00007943f76eeb00, 0x00007943f76ef9c8] 
[4,476s][debug][gc,nmethod     ] GC(1) O: Purge NMethod: java.util.ImmutableCollections$ListN.get (0x00007943f740a808) [0x00007943f740a900, 0x00007943f740aa88] 
[4,476s][debug][gc,nmethod     ] GC(1) O: Purge NMethod: io.sirix.access.trx.node.xml.XmlNodeTrxImpl.adaptForInsert (0x00007943f7baab08) [0x00007943f7baac00, 0x00007943f7bad9c8] 
[4,476s][debug][gc,nmethod     ] GC(1) O: Purge NMethod: io.brackit.query.node.parser.SAX2SubtreeHandlerAdapter.handleText (0x00007943f80e2288) [0x00007943f80e2380, 0x00007943f80e3220] 
[4,476s][debug][gc,nmethod     ] GC(1) O: Purge NMethod: io.sirix.access.trx.node.xml.ForwardingXmlNodeReadOnlyTrx.getNodeKey (0x00007943f7b21388) [0x00007943f7b21480, 0x00007943f7b21a78] 
[4,476s][debug][gc,nmethod     ] GC(1) O: Purge NMethod: java.lang.StringUTF16.compress (0x00007943f7564408) [0x00007943f7564500, 0x00007943f7564730] 
[4,476s][debug][gc,nmethod     ] GC(1) O: Purge NMethod: jdk.internal.foreign.layout.ValueLayouts$OfByteImpl.withOrder (0x00007943f7e30d88) [0x00007943f7e30e80, 0x00007943f7e30fe0] 
[4,476s][debug][gc,nmethod     ] GC(1) O: Purge NMethod: jdk.internal.foreign.MemorySessionImpl.checkValidStateRaw (0x00007943f7472908) [0x00007943f7472a00, 0x00007943f7472c30] 
[4,476s][debug][gc,nmethod     ] GC(1) O: Purge NMethod: io.sirix.node.NodeSerializerImpl.deserializeDeweyID (0x00007943f7f77e88) [0x00007943f7f77f80, 0x00007943f7f78588] 
[4,476s][debug][gc,nmethod     ] GC(1) O: Purge NMethod: io.sirix.node.GrowingMemorySegment.grow (0x00007943f83cbb88) [0x00007943f83cbc80, 0x00007943f83cc830] 
[4,476s][debug][gc,nmethod     ] GC(1) O: Purge NMethod: java.nio.HeapByteBuffer.put (0x00007943f7ece088) [0x00007943f7ece180, 0x00007943f7ece368] 
[4,476s][debug][gc,nmethod     ] GC(1) O: Purge NMethod: io.sirix.access.trx.node.xml.XmlNodeReadOnlyTrxImpl.isNameNode (0x00007943f7fe2988) [0x00007943f7fe2a80, 0x00007943f7fe32d0] 
[4,476s][debug][gc,nmethod     ] GC(1) O: Purge NMethod: java.util.regex.Pattern$CharPropertyGreedy.match (0x0000794416c83388) [0x0000794416c83480, 0x0000794416c84060] 
[4,476s][debug][gc,nmethod     ] GC(1) O: Purge NMethod: jdk.internal.misc.Unsafe.putLongRelease (0x00007943f8091408) [0x00007943f8091500, 0x00007943f8091618] 
[4,476s][debug][gc,nmethod     ] GC(1) O: Purge NMethod: it.unimi.dsi.fastutil.ints.Int2ObjectOpenHashMap.get (0x00007943f80ea808) [0x00007943f80ea900, 0x00007943f80eaf70] 
[4,476s][debug][gc,nmethod     ] GC(1) O: Purge NMethod: java.lang.String.<init> (0x00007943f7419208) [0x00007943f7419300, 0x00007943f74194d8] 
[4,476s][debug][gc,nmethod     ] GC(1) O: Purge NMethod: jdk.internal.foreign.AbstractMemorySegmentImpl.toArray (0x00007943f7e5cd08) [0x00007943f7e5ce00, 0x00007943f7e5d2e0] 
[4,476s][debug][gc,nmethod     ] GC(1) O: Purge NMethod: java.lang.String.<init> (0x00007943f807e988) [0x00007943f807ea80, 0x00007943f807f058] 
[4,476s][debug][gc,nmethod     ] GC(1) O: Purge NMethod: io.sirix.access.trx.page.NodePageTrx.getMostRecentPageContainer (0x0000794416cd6e88) [0x0000794416cd6f80, 0x0000794416cd7398] 
[4,476s][debug][gc,nmethod     ] GC(1) O: Purge NMethod: io.brackit.query.jdm.type.ElementType.getNodeKind (0x00007943f81cc688) [0x00007943f81cc780, 0x00007943f81cc888] 
[4,476s][debug][gc,nmethod     ] GC(1) O: Purge NMethod: java.lang.String.<init> (0x00007943f7b1a588) [0x00007943f7b1a680, 0x00007943f7b1a920] 
[4,476s][debug][gc,nmethod     ] GC(1) O: Purge NMethod: java.util.HashMap.putVal (0x00007943f747b088) [0x00007943f747b180, 0x00007943f747d510] 
[4,476s][debug][gc,nmethod     ] GC(1) O: Purge NMethod: io.sirix.node.xml.ElementNode.getHash (0x00007943f7adb308) [0x00007943f7adb400, 0x00007943f7adec70] 
[4,476s][debug][gc,nmethod     ] GC(1) O: Purge NMethod: jdk.internal.foreign.Utils$BaseAndScale$$TypeSwitch/0x00000000a921c880.typeSwitch (0x00007943f7a89b08) [0x00007943f7a89c00, 0x00007943f7a8af28] 
[4,476s][debug][gc,nmethod     ] GC(1) O: Purge NMethod: jdk.internal.misc.Unsafe.weakCompareAndSetLongRelease (0x00007943f808c588) [0x00007943f808c680, 0x00007943f808c7a0] 
[4,476s][debug][gc,nmethod     ] GC(1) O: Purge NMethod: java.lang.Thread.interrupted (0x00007943f7a78908) [0x00007943f7a78a00, 0x00007943f7a78dc8] 
[4,476s][debug][gc,nmethod     ] GC(1) O: Purge NMethod: com.sun.org.apache.xerces.internal.impl.XMLDocumentFragmentScannerImpl.scanEndElement (0x00007943f7d03508) [0x00007943f7d03600, 0x00007943f7d04d28] 
[4,476s][debug][gc,nmethod     ] GC(1) O: Purge NMethod: java.util.Collection.removeIf (0x00007943f7da2c08) [0x00007943f7da2d00, 0x00007943f7da3088] 
[4,476s][debug][gc,nmethod     ] GC(1) O: Purge NMethod: org.magicwerk.brownies.collections.IList$Iter.hasNext (0x00007943f7f71e08) [0x00007943f7f71f00, 0x00007943f7f72098] 
[4,476s][debug][gc,nmethod     ] GC(1) O: Purge NMethod: io.sirix.node.GrowingMemorySegment.grow (0x0000794416eb9308) [0x0000794416eb9400, 0x0000794416ebb470] 
[4,476s][debug][gc,nmethod     ] GC(1) O: Purge NMethod: io.sirix.node.GrowingMemorySegment.write (0x00007943f7b93988) [0x00007943f7b93a80, 0x00007943f7b99618] 
[4,476s][debug][gc,nmethod     ] GC(1) O: Purge NMethod: io.sirix.node.xml.TextNode.hasRightSibling (0x00007943f7bb4008) [0x00007943f7bb4100, 0x00007943f7bb9538] 
[4,476s][debug][gc,nmethod     ] GC(1) O: Purge NMethod: io.sirix.query.node.SubtreeBuilder.startElement (0x00007943f7c87508) [0x00007943f7c87600, 0x00007943f7c89e08] 
[4,476s][debug][gc,nmethod     ] GC(1) O: Purge NMethod: java.lang.Integer.hashCode (0x00007943f752d708) [0x00007943f752d800, 0x00007943f752d958] 
[4,476s][debug][gc,nmethod     ] GC(1) O: Purge NMethod: java.lang.invoke.VarHandleSegmentAsLongs.get (0x00007943f7aae208) [0x00007943f7aae300, 0x00007943f7ab37a0] 
[4,476s][debug][gc,nmethod     ] GC(1) O: Purge NMethod: com.github.benmanes.caffeine.cache.SystemTicker.read (0x00007943f81b8088) [0x00007943f81b8180, 0x00007943f81b8288] 
[4,476s][debug][gc,nmethod     ] GC(1) O: Purge NMethod: io.sirix.page.NamePage.setName (0x0000794416d8dd08) [0x0000794416d8de00, 0x0000794416d8e4b0] 
[4,476s][debug][gc,nmethod     ] GC(1) O: Purge NMethod: io.sirix.access.trx.page.NodePageReadOnlyTrx.getDataRecord (0x00007943f830c508) [0x00007943f830c600, 0x00007943f830d408] 
[4,476s][debug][gc,nmethod     ] GC(1) O: Purge NMethod: io.sirix.node.xml.ElementNode.getPathNodeKey (0x00007943f7bada08) [0x00007943f7badb00, 0x00007943f7bb2af0] 
[4,476s][debug][gc,nmethod     ] GC(1) O: Purge NMethod: jdk.internal.foreign.layout.ValueLayouts$AbstractValueLayout.withOrder (0x00007943f7e31088) [0x00007943f7e31180, 0x00007943f7e313a0] 
[4,476s][debug][gc,nmethod     ] GC(1) O: Purge NMethod: java.lang.foreign.MemorySegment.copy (0x00007943f7ddaf88) [0x00007943f7ddb080, 0x00007943f7ddd640] 
[4,476s][debug][gc,nmethod     ] GC(1) O: Purge NMethod: io.sirix.node.SirixDeweyID.toBytes (0x00007943f7e2ed88) [0x00007943f7e2ee80, 0x00007943f7e2f568] 
[4,476s][debug][gc,nmethod     ] GC(1) O: Purge NMethod: com.github.benmanes.caffeine.cache.SSLS.statsTicker (0x00007943f81b7a88) [0x00007943f81b7b80, 0x00007943f81b7c88] 
[4,476s][debug][gc,nmethod     ] GC(1) O: Purge NMethod: jdk.internal.classfile.impl.DirectCodeBuilder.parameterSlot (0x00007943f784ba88) [0x00007943f784bb80, 0x00007943f784bd38] 
[4,476s][debug][gc,nmethod     ] GC(1) O: Purge NMethod: io.sirix.node.GrowingMemorySegment.getUsedSegment (0x00007943f7b1be08) [0x00007943f7b1bf00, 0x00007943f7b1c4f0] 
[4,476s][debug][gc,nmethod     ] GC(1) O: Purge NMethod: com.sun.org.apache.xerces.internal.parsers.AbstractSAXParser$AttributesProxy.getLength (0x00007943f7c42c08) [0x00007943f7c42d00, 0x00007943f7c43040] 
[4,476s][debug][gc,nmethod     ] GC(1) O: Purge NMethod: io.sirix.page.KeyValueLeafPage.setDeweyId (0x00007943f7e35f08) [0x00007943f7e36000, 0x00007943f7e362e8] 
[4,476s][debug][gc,nmethod     ] GC(1) O: Purge NMethod: java.nio.HeapByteBuffer.put (0x00007943f7f8f588) [0x00007943f7f8f680, 0x00007943f7f91640] 
[4,476s][debug][gc,nmethod     ] GC(1) O: Purge NMethod: com.sun.org.apache.xerces.internal.util.XMLAttributesImpl.addAttributeNS (0x00007943f7d3f588) [0x00007943f7d3f680, 0x00007943f7d40b70] 
[4,476s][debug][gc,nmethod     ] GC(1) O: Purge NMethod: java.util.concurrent.ConcurrentHashMap$KeySetView.add (0x00007943f7dc2588) [0x00007943f7dc2680, 0x00007943f7dc28d8] 
[4,476s][debug][gc,nmethod     ] GC(1) O: Purge NMethod: jdk.internal.foreign.AbstractMemorySegmentImpl.isAlignedForElement (0x00007943f7814188) [0x00007943f7814280, 0x00007943f78148a8] 
[4,476s][debug][gc,nmethod     ] GC(1) O: Purge NMethod: java.util.Arrays.fill (0x00007943f75cf208) [0x00007943f75cf300, 0x00007943f75cf728] 
[4,476s][debug][gc,nmethod     ] GC(1) O: Purge NMethod: java.util.Arrays.hashCode (0x00007943f7751608) [0x00007943f7751700, 0x00007943f7751880] 
[4,476s][debug][gc,nmethod     ] GC(1) O: Purge NMethod: java.lang.Integer.numberOfTrailingZeros (0x00007943f7f2a108) [0x00007943f7f2a200, 0x00007943f7f2a368] 
[4,476s][debug][gc,nmethod     ] GC(1) O: Purge NMethod: java.lang.invoke.InvokerBytecodeGenerator.emitStoreResult (0x00007943f79cea88) [0x00007943f79ceb80, 0x00007943f79cf238] 
[4,476s][debug][gc,nmethod     ] GC(1) O: Purge NMethod: jdk.internal.foreign.ArenaImpl.allocate (0x00007943f7b5e088) [0x00007943f7b5e180, 0x00007943f7b5e478] 
[4,476s][debug][gc,nmethod     ] GC(1) O: Purge NMethod: io.sirix.node.xml.TextNode.setRightSiblingKey (0x00007943f7cc2a08) [0x00007943f7cc2b00, 0x00007943f7cc7c28] 
[4,476s][debug][gc,nmethod     ] GC(1) O: Purge NMethod: net.openhft.hashing.UnsafeAccess.getLong (0x00007943f7ab4688) [0x00007943f7ab4780, 0x00007943f7ab4c20] 
[4,476s][debug][gc,nmethod     ] GC(1) O: Purge NMethod: io.sirix.access.trx.page.AbstractForwardingPageReadOnlyTrx.getResourceSession (0x00007943f7c64888) [0x00007943f7c64980, 0x00007943f7c64eb8] 
[4,476s][debug][gc,nmethod     ] GC(1) O: Purge NMethod: jdk.internal.classfile.impl.RawBytecodeHelper.isStoreIntoLocal (0x00007943f747fb88) [0x00007943f747fc80, 0x00007943f747fdd8] 
[4,476s][debug][gc,nmethod     ] GC(1) O: Purge NMethod: java.util.ArrayDeque.pop (0x00007943f7c40f08) [0x00007943f7c41000, 0x00007943f7c412a0] 
[4,476s][debug][gc,nmethod     ] GC(1) O: Purge NMethod: java.lang.String.compareTo (0x00007943f77c5588) [0x00007943f77c5680, 0x00007943f77c5eb0] 
[4,476s][debug][gc,nmethod     ] GC(1) O: Purge NMethod: io.sirix.page.delegates.BitmapReferencesPage.index (0x00007943f808f088) [0x00007943f808f180, 0x00007943f808f6a0] 
[4,476s][debug][gc,nmethod     ] GC(1) O: Purge NMethod: jdk.internal.foreign.NativeMemorySegmentImpl.makeByteBuffer (0x00007943f7bf2208) [0x00007943f7bf2300, 0x00007943f7bf2470] 
[4,476s][debug][gc,nmethod     ] GC(1) O: Purge NMethod: java.util.BitSet.set (0x0000794416c59b08) [0x0000794416c59c00, 0x0000794416c59d70] 
[4,476s][debug][gc,nmethod     ] GC(1) O: Purge NMethod: io.sirix.query.node.SubtreeProcessor.notifyStartElement (0x00007943f7ca9488) [0x00007943f7ca9580, 0x00007943f7ca9fe0] 
[4,476s][debug][gc,nmethod     ] GC(1) O: Purge NMethod: jdk.internal.classfile.impl.BufWriterImpl.writeU1 (0x00007943f74f7208) [0x00007943f74f7300, 0x00007943f74f7748] 
[4,476s][debug][gc,nmethod     ] GC(1) O: Purge NMethod: io.sirix.index.path.summary.PathSummaryReader.getStructuralNode (0x00007943f7b1b188) [0x00007943f7b1b280, 0x00007943f7b1b638] 
[4,476s][debug][gc,nmethod     ] GC(1) O: Purge NMethod: io.sirix.cache.IndexLogKey.equals (0x00007943f7cbfa88) [0x00007943f7cbfb80, 0x00007943f7cc04c8] 
[4,476s][debug][gc,nmethod     ] GC(1) O: Purge NMethod: io.sirix.index.name.Names.setName (0x0000794416d93488) [0x0000794416d93580, 0x0000794416d95f20] 
[4,476s][debug][gc,nmethod     ] GC(1) O: Purge NMethod: jdk.internal.foreign.layout.MemoryLayoutUtil.requireByteSizeValid (0x00007943f7e59788) [0x00007943f7e59880, 0x00007943f7e5a5e8] 
[4,476s][debug][gc,nmethod     ] GC(1) O: Purge NMethod: jdk.internal.foreign.layout.ValueLayouts$OfByteImpl.<init> (0x00007943f7e29008) [0x00007943f7e29100, 0x00007943f7e29238] 
[4,476s][debug][gc,nmethod     ] GC(1) O: Purge NMethod: jdk.internal.foreign.HeapMemorySegmentImpl$OfByte.unsafeGetBase (0x00007943f7e2fc88) [0x00007943f7e2fd80, 0x00007943f7e30410] 
[4,476s][debug][gc,nmethod     ] GC(1) O: Purge NMethod: java.util.ArrayDeque.isEmpty (0x00007943f78e1208) [0x00007943f78e1300, 0x00007943f78e1450] 
[4,476s][debug][gc,nmethod     ] GC(1) O: Purge NMethod: java.nio.ByteBuffer.<init> (0x00007943f7811508) [0x00007943f7811600, 0x00007943f7811848] 
[4,476s][debug][gc,nmethod     ] GC(1) O: Purge NMethod: io.sirix.utils.XMLToken.cp (0x00007943f7b16808) [0x00007943f7b16900, 0x00007943f7b16d38] 
[4,476s][debug][gc,nmethod     ] GC(1) O: Purge NMethod: jdk.internal.foreign.AbstractMemorySegmentImpl.asSlice (0x0000794416c9d808) [0x0000794416c9d900, 0x0000794416c9dae8] 
[4,476s][debug][gc,nmethod     ] GC(1) O: Purge NMethod: java.util.concurrent.atomic.AtomicLong.compareAndSet (0x00007943f7b1a988) [0x00007943f7b1aa80, 0x00007943f7b1aba0] 
[4,476s][debug][gc,nmethod     ] GC(1) O: Purge NMethod: java.util.HashMap.computeIfAbsent (0x0000794416ced808) [0x0000794416ced920, 0x0000794416cefb20] 
[4,476s][debug][gc,nmethod     ] GC(1) O: Purge NMethod: java.util.concurrent.ConcurrentLinkedDeque.offer (0x00007943f74c1c08) [0x00007943f74c1d00, 0x00007943f74c1e98] 
[4,476s][debug][gc,nmethod     ] GC(1) O: Purge NMethod: org.magicwerk.brownies.collections.GapList.doGet (0x0000794416d86f88) [0x0000794416d87080, 0x0000794416d87218] 
[4,476s][debug][gc,nmethod     ] GC(1) O: Purge NMethod: jdk.internal.foreign.MemorySessionImpl$ResourceList.cleanupSingle (0x00007943f7e03c08) [0x00007943f7e03d00, 0x00007943f7e03e88] 
[4,476s][debug][gc,nmethod     ] GC(1) O: Purge NMethod: io.sirix.node.xml.TextNode.getRightSiblingKey (0x00007943f7b29088) [0x00007943f7b29180, 0x00007943f7b2e170] 
[4,476s][debug][gc,nmethod     ] GC(1) O: Purge NMethod: io.sirix.node.xml.ElementNode.setRightSiblingKey (0x00007943f7ccd088) [0x00007943f7ccd180, 0x00007943f7cd22a8] 
[4,476s][debug][gc,nmethod     ] GC(1) O: Purge NMethod: io.sirix.index.name.Names.setName (0x00007943f80f2e88) [0x00007943f80f2f80, 0x00007943f80f5170] 
[4,476s][debug][gc,nmethod     ] GC(1) O: Purge NMethod: io.sirix.node.xml.AttributeNode.getKind (0x00007943f7c00f08) [0x00007943f7c01000, 0x00007943f7c01108] 
[4,476s][debug][gc,nmethod     ] GC(1) O: Purge NMethod: io.sirix.node.GrowingMemorySegment.toByteArray (0x00007943f7c77a88) [0x00007943f7c77b80, 0x00007943f7c7e698] 
[4,476s][debug][gc,nmethod     ] GC(1) O: Purge NMethod: io.sirix.node.MemorySegmentBytesIn.read (0x00007943f7f2bf08) [0x00007943f7f2c000, 0x00007943f7f2ce60] 
[4,477s][debug][gc,nmethod     ] GC(1) O: Purge NMethod: jdk.internal.misc.ScopedMemoryAccess.getScopedMemoryAccess (0x00007943f7a61788) [0x00007943f7a61880, 0x00007943f7a61968] 
[4,477s][debug][gc,nmethod     ] GC(1) O: Purge NMethod: jdk.internal.misc.VM.isDirectMemoryPageAligned (0x00007943f7b32408) [0x00007943f7b32500, 0x00007943f7b327e0] 
[4,477s][debug][gc,nmethod     ] GC(1) O: Purge NMethod: java.nio.channels.spi.AbstractInterruptibleChannel.blockedOn (0x00007943f7f15508) [0x00007943f7f15600, 0x00007943f7f159b8] 
[4,477s][debug][gc,nmethod     ] GC(1) O: Purge NMethod: io.brackit.query.node.parser.SAX2SubtreeHandlerAdapter$TrimmingStringBuilder.append (0x00007943f80cdb88) [0x00007943f80cdc80, 0x00007943f80ce110] 
[4,477s][debug][gc,nmethod     ] GC(1) O: Purge NMethod: jdk.internal.foreign.SharedSession$SharedResourceList.add (0x00007943f7b79608) [0x00007943f7b79700, 0x00007943f7b7c1e8] 
[4,477s][debug][gc,nmethod     ] GC(1) O: Purge NMethod: io.sirix.access.trx.node.xml.XmlNodeReadOnlyTrxImpl.getNode (0x00007943f80da708) [0x00007943f80da800, 0x00007943f80dcd80] 
[4,477s][debug][gc,nmethod     ] GC(1) O: Purge NMethod: io.sirix.page.delegates.BitmapReferencesPage.getOrCreateReference (0x0000794416d89888) [0x0000794416d89980, 0x0000794416d8a148] 
[4,477s][debug][gc,nmethod     ] GC(1) O: Purge NMethod: java.nio.DirectByteBuffer.<init> (0x00007943f7bf2808) [0x00007943f7bf2900, 0x00007943f7bf2b78] 
[4,477s][debug][gc,nmethod     ] GC(1) O: Purge NMethod: io.sirix.access.trx.node.xml.ForwardingXmlNodeReadOnlyTrx.getResourceSession (0x00007943f7b9d688) [0x00007943f7b9d780, 0x00007943f7b9dd78] 
[4,477s][debug][gc,nmethod     ] GC(1) O: Purge NMethod: io.sirix.index.path.summary.PathSummaryReader.putMapping (0x00007943f7c35708) [0x00007943f7c35800, 0x00007943f7c36238] 
[4,477s][debug][gc,nmethod     ] GC(1) O: Purge NMethod: io.sirix.page.KeyValueLeafPage.hasEnoughSpace (0x00007943f7dddd88) [0x00007943f7ddde80, 0x00007943f7dde220] 
[4,477s][debug][gc,nmethod     ] GC(1) O: Purge NMethod: io.sirix.node.xml.ElementNode.getParentKey (0x00007943f7ae3488) [0x00007943f7ae3580, 0x00007943f7ae8568] 
[4,477s][debug][gc,nmethod     ] GC(1) O: Purge NMethod: io.sirix.node.xml.ElementNode.getKind (0x00007943f7df6c88) [0x00007943f7df6d80, 0x00007943f7df6e88] 
[4,477s][debug][gc,nmethod     ] GC(1) O: Purge NMethod: io.sirix.access.trx.node.xml.XmlNodeReadOnlyTrxImpl.getNode (0x0000794416cfcb08) [0x0000794416cfcc00, 0x0000794416cfcde0] 
[4,477s][debug][gc,nmethod     ] GC(1) O: Purge NMethod: java.util.Arrays.copyOf (0x00007943f747f208) [0x00007943f747f300, 0x00007943f747fb80] 
[4,477s][debug][gc,nmethod     ] GC(1) O: Purge NMethod: io.sirix.access.trx.page.NodePageTrx.prepareRecordPage (0x00007943f80bea08) [0x00007943f80beb00, 0x00007943f80c10a8] 
[4,477s][debug][gc,nmethod     ] GC(1) O: Purge NMethod: io.sirix.access.trx.page.NodePageTrx.prepareRecordForModification (0x00007943f80b2008) [0x00007943f80b2100, 0x00007943f80b3f88] 
[4,477s][debug][gc,nmethod     ] GC(1) O: Purge NMethod: it.unimi.dsi.fastutil.ints.Int2IntOpenHashMap.put (0x00007943f7c35388) [0x00007943f7c35480, 0x00007943f7c356e8] 
[4,477s][debug][gc,nmethod     ] GC(1) O: Purge NMethod: it.unimi.dsi.fastutil.shorts.ShortArrayList$1.nextShort (0x00007943f7f30288) [0x00007943f7f30380, 0x00007943f7f30608] 
[4,477s][debug][gc,nmethod     ] GC(1) O: Purge NMethod: io.sirix.page.NamePage.getCurrentMaxLevelOfIndirectPages (0x00007943f83d2508) [0x00007943f83d2600, 0x00007943f83d27a8] 
[4,477s][debug][gc,nmethod     ] GC(1) O: Purge NMethod: io.sirix.axis.filter.FilterAxis.nextKey (0x0000794416d29888) [0x0000794416d29980, 0x0000794416d2ca30] 
[4,477s][debug][gc,nmethod     ] GC(1) O: Purge NMethod: io.brackit.query.node.parser.SAX2SubtreeHandlerAdapter.characters (0x00007943f80ccc88) [0x00007943f80ccd80, 0x00007943f80cd090] 
[4,477s][debug][gc,nmethod     ] GC(1) O: Purge NMethod: io.sirix.page.delegates.BitmapReferencesPage.index (0x0000794416d89188) [0x0000794416d89280, 0x0000794416d89818] 
[4,477s][debug][gc,nmethod     ] GC(1) O: Purge NMethod: java.lang.Class.getSimpleName (0x00007943f7ea3b88) [0x00007943f7ea3c80, 0x00007943f7ea3ee0] 
[4,477s][debug][gc,nmethod     ] GC(1) O: Purge NMethod: jdk.internal.foreign.HeapMemorySegmentImpl$OfByte.maxAlignMask (0x00007943f7e10e88) [0x00007943f7e10f80, 0x00007943f7e11080] 
[4,477s][debug][gc,nmethod     ] GC(1) O: Purge NMethod: java.lang.invoke.MethodType.methodType (0x00007943f745a408) [0x00007943f745a500, 0x00007943f745a9e0] 
[4,477s][debug][gc,nmethod     ] GC(1) O: Purge NMethod: io.sirix.node.immutable.xml.ImmutableElement.getKind (0x00007943f7c63688) [0x00007943f7c63780, 0x00007943f7c63ad8] 
[4,477s][debug][gc,nmethod     ] GC(1) O: Purge NMethod: io.sirix.access.trx.node.AbstractNodeReadOnlyTrx.getNodeKey (0x00007943f7f99308) [0x00007943f7f99400, 0x00007943f7f99a68] 
[4,477s][debug][gc,nmethod     ] GC(1) O: Purge NMethod: java.lang.classfile.CodeBuilder.getfield (0x00007943f78dd308) [0x00007943f78dd400, 0x00007943f78ddde0] 
[4,477s][debug][gc,nmethod     ] GC(1) O: Purge NMethod: it.unimi.dsi.fastutil.ints.Int2LongOpenHashMap.get (0x00007943f7bf7c88) [0x00007943f7bf7d80, 0x00007943f7bf82d0] 
[4,477s][debug][gc,nmethod     ] GC(1) O: Purge NMethod: io.sirix.node.BytesOut.asBytesIn (0x00007943f7b73388) [0x00007943f7b73480, 0x00007943f7b74128] 
[4,477s][debug][gc,nmethod     ] GC(1) O: Purge NMethod: io.sirix.query.node.SubtreeProcessor.notifyEndElement (0x00007943f7cbef08) [0x00007943f7cbf000, 0x00007943f7cbfa60] 
[4,477s][debug][gc,nmethod     ] GC(1) O: Purge NMethod: jdk.internal.foreign.SegmentFactories.ensureInitialized (0x00007943f7b2fa08) [0x00007943f7b2fb00, 0x00007943f7b2fbe0] 
[4,477s][debug][gc,nmethod     ] GC(1) O: Purge NMethod: io.sirix.utils.XMLToken.isNCChar (0x00007943f7b1ac88) [0x00007943f7b1ad80, 0x00007943f7b1b168] 
[4,477s][debug][gc,nmethod     ] GC(1) O: Purge NMethod: jdk.internal.foreign.MemorySessionImpl.checkValidState (0x00007943f7afa808) [0x00007943f7afa900, 0x00007943f7afb3e8] 
[4,477s][debug][gc,nmethod     ] GC(1) O: Purge NMethod: jdk.internal.foreign.HeapMemorySegmentImpl$OfByte.<init> (0x00007943f7e2d608) [0x00007943f7e2d700, 0x00007943f7e2d900] 
[4,477s][debug][gc,nmethod     ] GC(1) O: Purge NMethod: io.sirix.index.path.summary.PathSummaryWriter.getPathNodeKey (0x00007943f7c64f08) [0x00007943f7c65000, 0x00007943f7c68e78] 
[4,477s][debug][gc,nmethod     ] GC(1) O: Purge NMethod: jdk.internal.misc.Unsafe.checkPointer (0x00007943f754e808) [0x00007943f754e900, 0x00007943f754ec70] 
[4,477s][debug][gc,nmethod     ] GC(1) O: Purge NMethod: io.sirix.page.PageKind$1.serializePage (0x00007943f7edc208) [0x00007943f7edc300, 0x00007943f7ee9e68] 
[4,477s][debug][gc,nmethod     ] GC(1) O: Purge NMethod: io.sirix.node.MemorySegmentBytesIn.<init> (0x00007943f7b53608) [0x00007943f7b53700, 0x00007943f7b538e0] 
[4,477s][debug][gc,nmethod     ] GC(1) O: Purge NMethod: io.sirix.node.SirixDeweyID.toBytes (0x00007943f7e41188) [0x00007943f7e41280, 0x00007943f7e41be0] 
[4,477s][debug][gc,nmethod     ] GC(1) O: Purge NMethod: java.util.zip.Inflater.ensureOpen (0x00007943f74c4208) [0x00007943f74c4300, 0x00007943f74c4588] 
[4,477s][debug][gc,nmethod     ] GC(1) O: Purge NMethod: io.sirix.page.PathSummaryPage.incrementAndGetMaxNodeKey (0x00007943f83cac88) [0x00007943f83cad80, 0x00007943f83caff8] 
[4,477s][debug][gc,nmethod     ] GC(1) O: Purge NMethod: com.sun.org.apache.xerces.internal.parsers.AbstractSAXParser$AttributesProxy.getQName (0x00007943f7d3d588) [0x00007943f7d3d680, 0x00007943f7d3d9e0] 
[4,477s][debug][gc,nmethod     ] GC(1) O: Purge NMethod: io.sirix.access.trx.page.NodePageTrx.getPageContainer (0x00007943f7f35088) [0x00007943f7f35180, 0x00007943f7f362c0] 
[4,477s][debug][gc,nmethod     ] GC(1) O: Purge NMethod: io.sirix.page.KeyValueLeafPage.getSlot (0x00007943f7a62288) [0x00007943f7a62380, 0x00007943f7a78588] 
[4,477s][debug][gc,nmethod     ] GC(1) O: Purge NMethod: com.google.common.base.Preconditions.checkArgument (0x00007943f7ad6f08) [0x00007943f7ad7000, 0x00007943f7ad71d0] 
[4,477s][debug][gc,nmethod     ] GC(1) O: Purge NMethod: io.brackit.query.atomic.QNm.<init> (0x00007943f80ba588) [0x00007943f80ba680, 0x00007943f80bab28] 
[4,477s][debug][gc,nmethod     ] GC(1) O: Purge NMethod: io.sirix.page.NamePage.setName (0x00007943f7c3b408) [0x00007943f7c3b500, 0x00007943f7c3cac0] 
[4,477s][debug][gc,nmethod     ] GC(1) O: Purge NMethod: io.sirix.access.trx.page.NodePageTrx.getRecord (0x0000794416cdcf88) [0x0000794416cdd080, 0x0000794416cdd868] 
[4,477s][debug][gc,nmethod     ] GC(1) O: Purge NMethod: io.sirix.access.trx.page.NodePageTrx.prepareRecordForModification (0x0000794416ce5208) [0x0000794416ce5300, 0x0000794416ce6318] 
[4,477s][debug][gc,nmethod     ] GC(1) O: Purge NMethod: com.sun.org.apache.xerces.internal.util.SymbolTable.addSymbol (0x00007943f7c3ce08) [0x00007943f7c3cf00, 0x00007943f7c3d440] 
[4,477s][debug][gc,nmethod     ] GC(1) O: Purge NMethod: io.sirix.node.xml.AttributeNode.getPrefixKey (0x00007943f7d47208) [0x00007943f7d47300, 0x00007943f7d4c2f0] 
[4,477s][debug][gc,nmethod     ] GC(1) O: Purge NMethod: net.openhft.hashing.XXH3.XXH3_mix2Accs (0x00007943f7d35a88) [0x00007943f7d35b80, 0x00007943f7d36c80] 
[4,477s][debug][gc,nmethod     ] GC(1) O: Purge NMethod: java.lang.ref.Cleaner.register (0x00007943f7508988) [0x00007943f7508a80, 0x00007943f7508f98] 
[4,477s][debug][gc,nmethod     ] GC(1) O: Purge NMethod: io.sirix.access.trx.node.AbstractNodeHashing.rollingAdd (0x0000794416d13d88) [0x0000794416d13e80, 0x0000794416d24a18] 
[4,477s][debug][gc,nmethod     ] GC(1) O: Purge NMethod: net.jpountz.util.SafeUtils.readIntLE (0x00007943f7f33d08) [0x00007943f7f33e00, 0x00007943f7f33f98] 
[4,477s][debug][gc,nmethod     ] GC(1) O: Purge NMethod: io.sirix.node.xml.ElementNode.hasRightSibling (0x00007943f7c01208) [0x00007943f7c01300, 0x00007943f7c06738] 
[4,477s][debug][gc,nmethod     ] GC(1) O: Purge NMethod: jdk.internal.foreign.AbstractMemorySegmentImpl.asSlice (0x00007943f7759c08) [0x00007943f7759d00, 0x00007943f7759ff8] 
[4,477s][debug][gc,nmethod     ] GC(1) O: Purge NMethod: io.sirix.node.MemorySegmentBytesOut.writePosition (0x00007943f7dd6d08) [0x00007943f7dd6e00, 0x00007943f7dd6fb0] 
[4,477s][debug][gc,nmethod     ] GC(1) O: Purge NMethod: jdk.internal.classfile.impl.DirectCodeBuilder$4.writeBody (0x00007943f76cec08) [0x00007943f76ced00, 0x00007943f76d2ce8] 
[4,477s][debug][gc,nmethod     ] GC(1) O: Purge NMethod: com.sun.org.apache.xerces.internal.impl.XMLEntityScanner.checkBeforeLoad (0x00007943f7b10e88) [0x00007943f7b10f80, 0x00007943f7b114d8] 
[4,477s][debug][gc,nmethod     ] GC(1) O: Purge NMethod: io.sirix.node.xml.AbstractStructForwardingNode.getRightSiblingKey (0x00007943f7c0f008) [0x00007943f7c0f100, 0x00007943f7c0f430] 
[4,477s][debug][gc,nmethod     ] GC(1) O: Purge NMethod: io.sirix.node.NullNode.<init> (0x00007943f7dbd888) [0x00007943f7dbd980, 0x00007943f7dbdbf0] 
[4,477s][debug][gc,nmethod     ] GC(1) O: Purge NMethod: io.sirix.access.trx.page.NodePageReadOnlyTrx.getPathSummaryPage (0x00007943f7da8b88) [0x00007943f7da8c80, 0x00007943f7da9c58] 
[4,477s][debug][gc,nmethod     ] GC(1) O: Purge NMethod: io.sirix.utils.XMLToken.isNCChar (0x0000794416cf1308) [0x0000794416cf1400, 0x0000794416cf14e0] 
[4,477s][debug][gc,nmethod     ] GC(1) O: Purge NMethod: jdk.internal.classfile.impl.SplitConstantPool.utf8Entry (0x00007943f74e8488) [0x00007943f74e8580, 0x00007943f74e8878] 
[4,477s][debug][gc,nmethod     ] GC(1) O: Purge NMethod: jdk.internal.foreign.MemorySessionImpl.addInternal (0x0000794416d08908) [0x0000794416d08a00, 0x0000794416d08eb8] 
[4,477s][debug][gc,nmethod     ] GC(1) O: Purge NMethod: java.util.concurrent.atomic.AtomicInteger.incrementAndGet (0x00007943f7f15208) [0x00007943f7f15300, 0x00007943f7f15410] 
[4,477s][debug][gc,nmethod     ] GC(1) O: Purge NMethod: io.brackit.query.node.parser.SAX2SubtreeHandlerAdapter$TrimmingStringBuilder.toString (0x00007943f7c13b88) [0x00007943f7c13c80, 0x00007943f7c13e60] 
[4,477s][debug][gc,nmethod     ] GC(1) O: Purge NMethod: io.sirix.page.KeyValueLeafPage.processEntries (0x00007943f813c688) [0x00007943f813c780, 0x00007943f8150d08] 
[4,477s][debug][gc,nmethod     ] GC(1) O: Purge NMethod: java.util.BitSet.checkRange (0x00007943f7b13708) [0x00007943f7b13800, 0x00007943f7b16188] 
[4,477s][debug][gc,nmethod     ] GC(1) O: Purge NMethod: io.sirix.node.xml.TextNode.hasRightSibling (0x00007943f7f9fc08) [0x00007943f7f9fd00, 0x00007943f7fa5138] 
[4,477s][debug][gc,nmethod     ] GC(1) O: Purge NMethod: io.sirix.access.trx.page.NodePageTrx.lambda$getPageContainer$0 (0x00007943f81a8288) [0x00007943f81a8380, 0x00007943f81a9278] 
[4,477s][debug][gc,nmethod     ] GC(1) O: Purge NMethod: java.util.BitSet.nextSetBit (0x00007943f7f78f88) [0x00007943f7f79080, 0x00007943f7f7a070] 
[4,477s][debug][gc,nmethod     ] GC(1) O: Purge NMethod: java.util.BitSet.and (0x00007943f8083d08) [0x00007943f8083e00, 0x00007943f8084250] 
[4,477s][debug][gc,nmethod     ] GC(1) O: Purge NMethod: io.sirix.page.KeyValueLeafPage.getDeweyId (0x00007943f7a2a988) [0x00007943f7a2aa80, 0x00007943f7a2fb38] 
[4,477s][debug][gc,nmethod     ] GC(1) O: Purge NMethod: sun.security.provider.SHA2.implCompress0 (0x00007943f7e06d88) [0x00007943f7e06e80, 0x00007943f7e07e20] 
[4,477s][debug][gc,nmethod     ] GC(1) O: Purge NMethod: java.io.UnixFileSystem.resolve (0x00007943f76e9c88) [0x00007943f76e9d80, 0x00007943f76ed210] 
[4,477s][debug][gc,nmethod     ] GC(1) O: Purge NMethod: com.sun.org.apache.xerces.internal.impl.XMLEntityScanner.skipSpaces (0x00007943f7b99688) [0x00007943f7b99780, 0x00007943f7b9aa20] 
[4,477s][debug][gc,nmethod     ] GC(1) O: Purge NMethod: io.sirix.node.xml.TextNode.hasRightSibling (0x0000794416d27f08) [0x0000794416d28000, 0x0000794416d28458] 
[4,477s][debug][gc,nmethod     ] GC(1) O: Purge NMethod: jdk.internal.foreign.GlobalSession.acquire0 (0x00007943f7f14108) [0x00007943f7f14200, 0x00007943f7f142f8] 
[4,477s][debug][gc,nmethod     ] GC(1) O: Purge NMethod: java.lang.Number.<init> (0x00007943f752ac08) [0x00007943f752ad00, 0x00007943f752ae58] 
[4,477s][debug][gc,nmethod     ] GC(1) O: Purge NMethod: io.sirix.node.xml.ElementNode.hasLeftSibling (0x0000794416d8f688) [0x0000794416d8f780, 0x0000794416d8fbb8] 
[4,477s][debug][gc,nmethod     ] GC(1) O: Purge NMethod: java.util.concurrent.atomic.AtomicInteger.decrementAndGet (0x00007943f7dc1b08) [0x00007943f7dc1c00, 0x00007943f7dc1d10] 
[4,477s][debug][gc,nmethod     ] GC(1) O: Purge NMethod: jdk.internal.foreign.GlobalSession.release0 (0x00007943f7f14408) [0x00007943f7f14500, 0x00007943f7f145f8] 
[4,477s][debug][gc,nmethod     ] GC(1) O: Purge NMethod: io.brackit.query.jdm.AbstractItem.<init> (0x00007943f7b19e88) [0x00007943f7b19f80, 0x00007943f7b1a138] 
[4,477s][debug][gc,nmethod     ] GC(1) O: Purge NMethod: java.util.Arrays.fill (0x0000794416c75988) [0x0000794416c75a80, 0x0000794416c75c18] 
[4,477s][debug][gc,nmethod     ] GC(1) O: Purge NMethod: jdk.internal.misc.Unsafe.putReferenceOpaque (0x00007943f7f12208) [0x00007943f7f12300, 0x00007943f7f12478] 
[4,477s][debug][gc,nmethod     ] GC(1) O: Purge NMethod: io.sirix.node.xml.AbstractStructForwardingNode.hasRightSibling (0x00007943f7be2f08) [0x00007943f7be3000, 0x00007943f7be35c8] 
[4,477s][debug][gc,nmethod     ] GC(1) O: Purge NMethod: io.sirix.axis.ChildAxis.<init> (0x00007943f7c5c008) [0x00007943f7c5c100, 0x00007943f7c5c230] 
[4,477s][debug][gc,nmethod     ] GC(1) O: Purge NMethod: jdk.internal.foreign.SegmentFactories$1.cleanup (0x00007943f7e04508) [0x00007943f7e04600, 0x00007943f7e047c8] 
[4,477s][debug][gc,nmethod     ] GC(1) O: Purge NMethod: io.sirix.node.MemorySegmentBytesOut.<init> (0x00007943f7dde288) [0x00007943f7dde380, 0x00007943f7dde608] 
[4,477s][debug][gc,nmethod     ] GC(1) O: Purge NMethod: io.sirix.node.delegates.NodeDelegate.<init> (0x00007943f7da1d08) [0x00007943f7da1e00, 0x00007943f7da20d8] 
[4,477s][debug][gc,nmethod     ] GC(1) O: Purge NMethod: io.sirix.node.xml.ElementNode.hasFirstChild (0x00007943f7cdcc08) [0x00007943f7cdcd00, 0x00007943f7ce2138] 
[4,477s][debug][gc,nmethod     ] GC(1) O: Purge NMethod: io.sirix.access.trx.page.NodePageReadOnlyTrx.getRecord (0x00007943f7fc0d08) [0x00007943f7fc0e00, 0x00007943f7fc2838] 
[4,477s][debug][gc,nmethod     ] GC(1) O: Purge NMethod: java.util.BitSet.flip (0x00007943f7b12f88) [0x00007943f7b13080, 0x00007943f7b13688] 
[4,477s][debug][gc,nmethod     ] GC(1) O: Purge NMethod: jdk.internal.misc.Unsafe.copyMemory (0x00007943f7400308) [0x00007943f7400400, 0x00007943f74019c0] 
[4,477s][debug][gc,nmethod     ] GC(1) O: Purge NMethod: jdk.internal.foreign.NativeMemorySegmentImpl.dup (0x0000794416c9e308) [0x0000794416c9e420, 0x0000794416c9e570] 
[4,477s][debug][gc,nmethod     ] GC(1) O: Purge NMethod: io.sirix.access.trx.page.NodePageReadOnlyTrx.getPageReference (0x00007943f7f5e008) [0x00007943f7f5e100, 0x00007943f7f671b8] 
[4,477s][debug][gc,nmethod     ] GC(1) O: Purge NMethod: io.sirix.axis.AbstractAxis.hasNext (0x0000794416cec908) [0x0000794416ceca00, 0x0000794416cecdc0] 
[4,477s][debug][gc,nmethod     ] GC(1) O: Purge NMethod: java.lang.Class.getSimpleName (0x0000794416d6bf88) [0x0000794416d6c080, 0x0000794416d6c758] 
[4,477s][debug][gc,nmethod     ] GC(1) O: Purge NMethod: io.sirix.node.NodeSerializerImpl.serializeDeweyID (0x00007943f7f0fd88) [0x00007943f7f0fe80, 0x00007943f7f10440] 
[4,477s][debug][gc,nmethod     ] GC(1) O: Purge NMethod: io.brackit.query.node.parser.SAX2SubtreeHandlerAdapter.startElement (0x00007943f7c85708) [0x00007943f7c85800, 0x00007943f7c874f8] 
[4,477s][debug][gc,nmethod     ] GC(1) O: Purge NMethod: java.util.ArrayList.grow (0x00007943f767c788) [0x00007943f767c880, 0x00007943f767d0d0] 
[4,477s][debug][gc,nmethod     ] GC(1) O: Purge NMethod: io.sirix.page.KeyValueLeafPage.setSlot (0x00007943f7f34008) [0x00007943f7f34100, 0x00007943f7f34288] 
[4,477s][debug][gc,nmethod     ] GC(1) O: Purge NMethod: jdk.internal.util.Preconditions.checkFromIndexSize (0x00007943f7454a88) [0x00007943f7454b80, 0x00007943f7454d18] 
[4,477s][debug][gc,nmethod     ] GC(1) O: Purge NMethod: jdk.internal.foreign.AbstractMemorySegmentImpl.asSliceNoCheck (0x0000794416c9e008) [0x0000794416c9e100, 0x0000794416c9e278] 
[4,477s][debug][gc,nmethod     ] GC(1) O: Purge NMethod: io.sirix.utils.XMLToken.isNCStartChar (0x00007943f7da9c88) [0x00007943f7da9d80, 0x00007943f7daa3f0] 
[4,477s][debug][gc,nmethod     ] GC(1) O: Purge NMethod: io.sirix.axis.AbstractAxis.<init> (0x00007943f7fbcb88) [0x00007943f7fbcc80, 0x00007943f7fbd6d0] 
[4,477s][debug][gc,nmethod     ] GC(1) O: Purge NMethod: io.sirix.cache.LinuxMemorySegmentAllocator.partitionVirtualRegion (0x0000794416c9f988) [0x0000794416c9fa80, 0x0000794416ca0bc0] 
[4,477s][debug][gc,nmethod     ] GC(1) O: Purge NMethod: jdk.internal.misc.Unsafe.checkOffset (0x00007943f795af08) [0x00007943f795b000, 0x00007943f795b260] 
[4,477s][debug][gc,nmethod     ] GC(1) O: Purge NMethod: io.sirix.axis.AbstractAxis.tryToComputeNext (0x0000794416e5ff08) [0x0000794416e60000, 0x0000794416e62210] 
[4,477s][debug][gc,nmethod     ] GC(1) O: Purge NMethod: jdk.internal.classfile.impl.StackMapGenerator.processBlock (0x0000794416c6fb08) [0x0000794416c6fc00, 0x0000794416c71f10] 
[4,477s][debug][gc,nmethod     ] GC(1) O: Purge NMethod: io.sirix.page.PageReference.<init> (0x00007943f7f72f08) [0x00007943f7f73000, 0x00007943f7f73278] 
[4,477s][debug][gc,nmethod     ] GC(1) O: Purge NMethod: io.sirix.page.KeyValueLeafPage.getDeweyId (0x0000794416cb4508) [0x0000794416cb4600, 0x0000794416cb4738] 
[4,477s][debug][gc,nmethod     ] GC(1) O: Purge NMethod: io.sirix.access.trx.page.NodePageReadOnlyTrx.getLeafPageReference (0x00007943f7f39f88) [0x00007943f7f3a080, 0x00007943f7f3a198] 
[4,477s][debug][gc,nmethod     ] GC(1) O: Purge NMethod: io.sirix.page.PageReference.hashCode (0x00007943f7dc1e08) [0x00007943f7dc1f00, 0x00007943f7dc2548] 
[4,477s][debug][gc,nmethod     ] GC(1) O: Purge NMethod: jdk.internal.util.ArraysSupport.mismatch (0x00007943f77aed88) [0x00007943f77aee80, 0x00007943f77af238] 
[4,477s][debug][gc,nmethod     ] GC(1) O: Purge NMethod: java.util.concurrent.ForkJoinPool$WorkQueue.unlockPhase (0x00007943f808fe08) [0x00007943f808ff00, 0x00007943f8090010] 
[4,477s][debug][gc,nmethod     ] GC(1) O: Purge NMethod: it.unimi.dsi.fastutil.ints.Int2LongOpenHashMap.get (0x0000794416d34208) [0x0000794416d34300, 0x0000794416d34660] 
[4,477s][debug][gc,nmethod     ] GC(1) O: Purge NMethod: io.sirix.axis.AbstractAxis.<init> (0x0000794416d28a08) [0x0000794416d28b00, 0x0000794416d28ec8] 
[4,478s][debug][gc,nmethod     ] GC(1) O: Purge NMethod: java.util.WeakHashMap.expungeStaleEntries (0x00007943f748ca88) [0x00007943f748cb80, 0x00007943f748d918] 
[4,478s][debug][gc,nmethod     ] GC(1) O: Purge NMethod: io.sirix.node.MemorySegmentBytesIn.readByte (0x00007943f7f4b708) [0x00007943f7f4b800, 0x00007943f7f4f220] 
[4,478s][debug][gc,nmethod     ] GC(1) O: Purge NMethod: io.sirix.axis.AbstractAxis.<init> (0x00007943f7be3c88) [0x00007943f7be3d80, 0x00007943f7be47d0] 
[4,478s][debug][gc,nmethod     ] GC(1) O: Purge NMethod: io.sirix.access.trx.page.NodePageTrx.createNameKey (0x00007943f7c39888) [0x00007943f7c39980, 0x00007943f7c3b3e0] 
[4,478s][debug][gc,nmethod     ] GC(1) O: Purge NMethod: io.sirix.node.SirixDeweyID.newBetween (0x00007943f7c0f488) [0x00007943f7c0f580, 0x00007943f7c12798] 
[4,478s][debug][gc,nmethod     ] GC(1) O: Purge NMethod: io.sirix.access.trx.page.NodePageReadOnlyTrx.assertNotClosed (0x00007943f7a78e08) [0x00007943f7a78f00, 0x00007943f7a79118] 
[4,478s][debug][gc,nmethod     ] GC(1) O: Purge NMethod: io.sirix.access.trx.node.AbstractNodeReadOnlyTrx.moveTo (0x0000794416cdad88) [0x0000794416cdae80, 0x0000794416cdb9b0] 
[4,478s][debug][gc,nmethod     ] GC(1) O: Purge NMethod: com.sun.org.apache.xerces.internal.impl.XMLEntityScanner.skipChar (0x00007943f7b1d788) [0x00007943f7b1d880, 0x00007943f7b1ddc8] 
[4,478s][debug][gc,nmethod     ] GC(1) O: Purge NMethod: io.sirix.node.MemorySegmentBytesOut.writeLong (0x00007943f7ac5b88) [0x00007943f7ac5c80, 0x00007943f7ac5e18] 
[4,478s][debug][gc,nmethod     ] GC(1) O: Purge NMethod: io.sirix.node.NodeSerializerImpl.deserialize (0x00007943f7f3ff08) [0x00007943f7f40000, 0x00007943f7f40218] 
[4,478s][debug][gc,nmethod     ] GC(1) O: Purge NMethod: io.sirix.index.path.summary.PathNode.getURIKey (0x00007943f7f41508) [0x00007943f7f41600, 0x00007943f7f41730] 
[4,478s][debug][gc,nmethod     ] GC(1) O: Purge NMethod: com.sun.org.apache.xerces.internal.impl.XMLEntityScanner.skipSpaces (0x0000794416d44308) [0x0000794416d44400, 0x0000794416d44968] 
[4,478s][debug][gc,nmethod     ] GC(1) O: Purge NMethod: io.sirix.access.trx.node.xml.XmlNodeReadOnlyTrxImpl.getNode (0x0000794416cfc808) [0x0000794416cfc900, 0x0000794416cfcae0] 
[4,478s][debug][gc,nmethod     ] GC(1) O: Purge NMethod: io.sirix.access.trx.node.AbstractNodeReadOnlyTrx.moveTo (0x00007943f7d01888) [0x00007943f7d01980, 0x00007943f7d034e8] 
[4,478s][debug][gc,nmethod     ] GC(1) O: Purge NMethod: io.sirix.access.trx.node.xml.XmlNodeFactoryImpl.createAttributeNode (0x00007943f7d62f08) [0x00007943f7d63000, 0x00007943f7d65800] 
[4,478s][debug][gc,nmethod     ] GC(1) O: Purge NMethod: jdk.internal.foreign.Utils.checkAlign (0x00007943f7b64f08) [0x00007943f7b65000, 0x00007943f7b65d58] 
[4,478s][debug][gc,nmethod     ] GC(1) O: Purge NMethod: io.sirix.index.path.summary.PathNode.getLocalNameKey (0x00007943f7ba6708) [0x00007943f7ba6800, 0x00007943f7ba6960] 
[4,478s][debug][gc,nmethod     ] GC(1) O: Purge NMethod: io.sirix.node.xml.TextNode.getParentKey (0x00007943f7ae9a88) [0x00007943f7ae9b80, 0x00007943f7aeeb68] 
[4,478s][debug][gc,nmethod     ] GC(1) O: Purge NMethod: java.util.concurrent.ConcurrentLinkedDeque.unlink (0x00007943f7dc4288) [0x00007943f7dc4380, 0x00007943f7dc5240] 
[4,478s][debug][gc,nmethod     ] GC(1) O: Purge NMethod: java.lang.Long.equals (0x00007943f7f17b88) [0x00007943f7f17c80, 0x00007943f7f17e38] 
[4,478s][debug][gc,nmethod     ] GC(1) O: Purge NMethod: java.util.concurrent.locks.ReentrantLock$Sync.tryRelease (0x00007943f79d7388) [0x00007943f79d7480, 0x00007943f79d7f80] 
[4,478s][debug][gc,nmethod     ] GC(1) O: Purge NMethod: jdk.internal.foreign.AbstractMemorySegmentImpl.asSlice (0x0000794416c9c608) [0x0000794416c9c700, 0x0000794416c9c8e8] 
[4,478s][debug][gc,nmethod     ] GC(1) O: Purge NMethod: io.sirix.axis.AbstractAxis.tryToComputeNext (0x0000794416cf3788) [0x0000794416cf3880, 0x0000794416cf3e10] 
[4,478s][debug][gc,nmethod     ] GC(1) O: Purge NMethod: io.sirix.access.trx.node.AbstractNodeReadOnlyTrx.hasRightSibling (0x0000794416d3d708) [0x0000794416d3d800, 0x0000794416d3e288] 
[4,478s][debug][gc,nmethod     ] GC(1) O: Purge NMethod: io.sirix.page.KeyValueLeafPage.getSlot (0x00007943f7a3b808) [0x00007943f7a3b900, 0x00007943f7a51b20] 
[4,478s][debug][gc,nmethod     ] GC(1) O: Purge NMethod: jdk.internal.foreign.MemorySessionImpl$ResourceList.cleanup (0x00007943f7f0f488) [0x00007943f7f0f580, 0x00007943f7f0fd18] 
[4,478s][debug][gc,nmethod     ] GC(1) O: Purge NMethod: io.sirix.access.trx.node.AbstractNodeReadOnlyTrx.getRightSiblingKey (0x00007943f7fdbe08) [0x00007943f7fdbf00, 0x00007943f7fdc720] 
[4,478s][debug][gc,nmethod     ] GC(1) O: Purge NMethod: java.nio.DirectByteBuffer.address (0x0000794416d3b988) [0x0000794416d3ba80, 0x0000794416d3bc48] 
[4,478s][debug][gc,nmethod     ] GC(1) O: Purge NMethod: io.sirix.node.SirixDeweyID.<init> (0x00007943f7fbbe88) [0x00007943f7fbbf80, 0x00007943f7fbcb20] 
[4,478s][debug][gc,nmethod     ] GC(1) O: Purge NMethod: io.sirix.node.NodeKind.serializeStructDelegate (0x00007943f7e4bb08) [0x00007943f7e4bc00, 0x00007943f7e4c178] 
[4,478s][debug][gc,nmethod     ] GC(1) O: Purge NMethod: com.sun.org.apache.xerces.internal.impl.XMLEntityScanner.scanChar (0x0000794416d8b808) [0x0000794416d8b900, 0x0000794416d8bb28] 
[4,478s][debug][gc,nmethod     ] GC(1) O: Purge NMethod: io.sirix.access.trx.page.NodePageTrx.prepareRecordPage (0x00007943f7cfad88) [0x00007943f7cfae80, 0x00007943f7cfd428] 
[4,478s][debug][gc,nmethod     ] GC(1) O: Purge NMethod: java.util.stream.StreamOpFlag.fromCharacteristics (0x00007943f77c2088) [0x00007943f77c2180, 0x00007943f77c2708] 
[4,478s][debug][gc,nmethod     ] GC(1) O: Purge NMethod: io.sirix.query.node.XmlDBNode.<init> (0x00007943f7b9ec08) [0x00007943f7b9ed00, 0x00007943f7ba0590] 
[4,478s][debug][gc,nmethod     ] GC(1) O: Purge NMethod: io.sirix.node.xml.ElementNode.hasRightSibling (0x00007943f7faa608) [0x00007943f7faa700, 0x00007943f7fafb38] 
[4,478s][debug][gc,nmethod     ] GC(1) O: Purge NMethod: java.lang.String.<init> (0x00007943f7641e88) [0x00007943f7641f80, 0x00007943f7642558] 
[4,478s][debug][gc,nmethod     ] GC(1) O: Purge NMethod: java.util.ArrayDeque.addFirst (0x00007943f7bed208) [0x00007943f7bed300, 0x00007943f7bed8e0] 
[4,478s][debug][gc,nmethod     ] GC(1) O: Purge NMethod: io.sirix.page.NamePage.incrementAndGetMaxNodeKey (0x00007943f80f8208) [0x00007943f80f8300, 0x00007943f80f8550] 
[4,478s][debug][gc,nmethod     ] GC(1) O: Purge NMethod: io.sirix.query.node.SubtreeBuilder.attribute (0x00007943f7d8d688) [0x00007943f7d8d780, 0x00007943f7d8e980] 
[4,478s][debug][gc,nmethod     ] GC(1) O: Purge NMethod: io.sirix.access.trx.page.NodePageTrx.createRecord (0x00007943f7b33288) [0x00007943f7b33380, 0x00007943f7b397d8] 
[4,478s][debug][gc,nmethod     ] GC(1) O: Purge NMethod: jdk.internal.foreign.MemorySessionImpl$ResourceList.<init> (0x00007943f7b67008) [0x00007943f7b67100, 0x00007943f7b67258] 
[4,478s][debug][gc,nmethod     ] GC(1) O: Purge NMethod: it.unimi.dsi.fastutil.ints.Int2IntOpenHashMap.find (0x0000794416d38908) [0x0000794416d38a00, 0x0000794416d38c98] 
[4,478s][debug][gc,nmethod     ] GC(1) O: Purge NMethod: io.sirix.node.GrowingMemorySegment.<init> (0x00007943f7dd1108) [0x00007943f7dd1200, 0x00007943f7dd1678] 
[4,478s][debug][gc,nmethod     ] GC(1) O: Purge NMethod: jdk.internal.foreign.SegmentFactories.allocateNativeInternal (0x00007943f7b67b88) [0x00007943f7b67c80, 0x00007943f7b6b0c8] 
[4,478s][debug][gc,nmethod     ] GC(1) O: Purge NMethod: jdk.internal.foreign.HeapMemorySegmentImpl$OfByte.unsafeGetBase (0x00007943f7e27e88) [0x00007943f7e27f80, 0x00007943f7e28188] 
[4,478s][debug][gc,nmethod     ] GC(1) O: Purge NMethod: io.sirix.node.MemorySegmentBytesIn.read (0x00007943f7f29e08) [0x00007943f7f29f00, 0x00007943f7f2a030] 
[4,478s][debug][gc,nmethod     ] GC(1) O: Purge NMethod: java.util.concurrent.ConcurrentHashMap$Traverser.advance (0x00007943f7681b88) [0x00007943f7681c80, 0x00007943f7682d78] 
[4,478s][debug][gc,nmethod     ] GC(1) O: Purge NMethod: java.util.stream.ReduceOps$ReduceOp.evaluateSequential (0x00007943f8033008) [0x00007943f8033100, 0x00007943f80332e8] 
[4,478s][debug][gc,nmethod     ] GC(1) O: Purge NMethod: jdk.internal.ref.PhantomCleanable.<init> (0x00007943f74df388) [0x00007943f74df480, 0x00007943f74e0670] 
[4,478s][debug][gc,nmethod     ] GC(1) O: Purge NMethod: io.brackit.query.expr.StepExpr$AxisStepSequenceIter.next (0x00007943f7fd6308) [0x00007943f7fd6400, 0x00007943f7fd6b98] 
[4,478s][debug][gc,nmethod     ] GC(1) O: Purge NMethod: io.sirix.page.KeyValueLeafPage.setData (0x00007943f8229708) [0x00007943f8229800, 0x00007943f824eb40] 
[4,478s][debug][gc,nmethod     ] GC(1) O: Purge NMethod: com.sun.org.apache.xerces.internal.impl.XMLEntityScanner.scanContent (0x00007943f7da7108) [0x00007943f7da7200, 0x00007943f7da8178] 
[4,478s][debug][gc,nmethod     ] GC(1) O: Purge NMethod: java.util.concurrent.locks.ReentrantLock.unlock (0x00007943f75e5308) [0x00007943f75e5400, 0x00007943f75e5a18] 
[4,478s][debug][gc,nmethod     ] GC(1) O: Purge NMethod: java.lang.String.<init> (0x00007943f74e2f08) [0x00007943f74e3000, 0x00007943f74e6e70] 
[4,478s][debug][gc,nmethod     ] GC(1) O: Purge NMethod: net.openhft.hashing.UnsafeAccess.byteOrder (0x00007943f7b8ea08) [0x00007943f7b8eb00, 0x00007943f7b8ec60] 
[4,478s][debug][gc,nmethod     ] GC(1) O: Purge NMethod: jdk.internal.foreign.MemorySessionImpl$ResourceList.cleanup (0x00007943f7f11988) [0x00007943f7f11a80, 0x00007943f7f121b0] 
[4,478s][debug][gc,nmethod     ] GC(1) O: Purge NMethod: jdk.internal.foreign.layout.ValueLayouts$OfByteImpl.dup (0x00007943f7e31708) [0x00007943f7e31800, 0x00007943f7e31918] 
[4,478s][debug][gc,nmethod     ] GC(1) O: Purge NMethod: com.sun.org.apache.xerces.internal.impl.XMLEntityScanner.scanQName (0x00007943f7c56e08) [0x00007943f7c56f00, 0x00007943f7c591a0] 
[4,478s][debug][gc,nmethod     ] GC(1) O: Purge NMethod: jdk.internal.foreign.layout.ValueLayouts$OfByteImpl.dup (0x00007943f7e40e88) [0x00007943f7e40f80, 0x00007943f7e41110] 
[4,478s][debug][gc,nmethod     ] GC(1) O: Purge NMethod: java.util.BitSet.cardinality (0x00007943f7b03788) [0x00007943f7b03880, 0x00007943f7b03ae0] 
[4,478s][debug][gc,nmethod     ] GC(1) O: Purge NMethod: io.brackit.query.node.parser.SAX2SubtreeHandlerAdapter$TrimmingStringBuilder.length (0x00007943f7b53f88) [0x00007943f7b54080, 0x00007943f7b54188] 
[4,478s][debug][gc,nmethod     ] GC(1) O: Purge NMethod: jdk.internal.access.SharedSecrets.getJavaLangAccess (0x00007943f7617e88) [0x00007943f7617f80, 0x00007943f76180a8] 
[4,478s][debug][gc,nmethod     ] GC(1) O: Purge NMethod: jdk.internal.foreign.Utils.isPowerOfTwo (0x00007943f7e59488) [0x00007943f7e59580, 0x00007943f7e596c0] 
[4,478s][debug][gc,nmethod     ] GC(1) O: Purge NMethod: io.sirix.node.MemorySegmentBytesIn.readStopBit (0x00007943f7f3fc08) [0x00007943f7f3fd00, 0x00007943f7f3fee0] 
[4,478s][debug][gc,nmethod     ] GC(1) O: Purge NMethod: jdk.internal.misc.ScopedMemoryAccess.putLongUnaligned (0x00007943f7a97b88) [0x00007943f7a97c80, 0x00007943f7a98b08] 
[4,478s][debug][gc,nmethod     ] GC(1) O: Purge NMethod: io.sirix.node.NodeKind$13.serialize (0x00007943f7e48588) [0x00007943f7e48680, 0x00007943f7e48af8] 
[4,478s][debug][gc,nmethod     ] GC(1) O: Purge NMethod: io.sirix.page.KeyValueLeafPage.getAvailableSpace (0x00007943f7dd3408) [0x00007943f7dd3500, 0x00007943f7dd4278] 
[4,478s][debug][gc,nmethod     ] GC(1) O: Purge NMethod: io.sirix.node.AbstractForwardingNode.getDeweyID (0x00007943f7e42908) [0x00007943f7e42a00, 0x00007943f7e42e68] 
[4,478s][debug][gc,nmethod     ] GC(1) O: Purge NMethod: io.sirix.page.PageKind$1.serializePage (0x00007943f7ec0208) [0x00007943f7ec0300, 0x00007943f7ecdd00] 
[4,478s][debug][gc,nmethod     ] GC(1) O: Purge NMethod: io.sirix.access.trx.page.NodePageReadOnlyTrx.isMostRecentlyReadPathSummaryPage (0x00007943f7f3ed88) [0x00007943f7f3ee80, 0x00007943f7f3f008] 
[4,478s][debug][gc,nmethod     ] GC(1) O: Purge NMethod: jdk.internal.classfile.impl.UnboundAttribute$AdHocAttribute.writeTo (0x00007943f76c2b08) [0x00007943f76c2c00, 0x00007943f76c4640] 
[4,478s][debug][gc,nmethod     ] GC(1) O: Purge NMethod: io.sirix.index.path.summary.PathSummaryReader.putMapping (0x0000794416d90b08) [0x0000794416d90c00, 0x0000794416d90f18] 
[4,478s][debug][gc,nmethod     ] GC(1) O: Purge NMethod: io.sirix.axis.AbstractAxis.nextLong (0x00007943f7f9ec88) [0x00007943f7f9ed80, 0x00007943f7f9f810] 
[4,478s][debug][gc,nmethod     ] GC(1) O: Purge NMethod: io.sirix.node.NodeSerializerImpl.serializeDeweyID (0x00007943f7e52a88) [0x00007943f7e52b80, 0x00007943f7e52ef8] 
[4,478s][debug][gc,nmethod     ] GC(1) O: Purge NMethod: jdk.internal.misc.ScopedMemoryAccess.getLongUnaligned (0x00007943f7a95f88) [0x00007943f7a96080, 0x00007943f7a96ee8] 
[4,478s][debug][gc,nmethod     ] GC(1) O: Purge NMethod: java.nio.MappedByteBuffer.limit (0x00007943f7bb9588) [0x00007943f7bb9680, 0x00007943f7bb9a40] 
[4,478s][debug][gc,nmethod     ] GC(1) O: Purge NMethod: jdk.internal.util.ReferencedKeyMap.getNoCheckStale (0x00007943f7423d08) [0x00007943f7423e00, 0x00007943f7424480] 
[4,478s][debug][gc,nmethod     ] GC(1) O: Purge NMethod: jdk.internal.foreign.AbstractMemorySegmentImpl.isAlignedForElement (0x00007943f75bdc08) [0x00007943f75bdd00, 0x00007943f75be6c0] 
[4,478s][debug][gc,nmethod     ] GC(1) O: Purge NMethod: io.sirix.access.trx.node.xml.XmlNodeFactoryImpl.createPathNode (0x00007943f7da3b08) [0x00007943f7da3c00, 0x00007943f7da4848] 
[4,478s][debug][gc,nmethod     ] GC(1) O: Purge NMethod: java.lang.invoke.VarHandle.checkAccessModeThenIsDirect (0x00007943f7587d08) [0x00007943f7587e00, 0x00007943f7588fa8] 
[4,478s][debug][gc,nmethod     ] GC(1) O: Purge NMethod: io.sirix.axis.filter.FilterAxis.<init> (0x00007943f7c5c608) [0x00007943f7c5c700, 0x00007943f7c5f298] 
[4,478s][debug][gc,nmethod     ] GC(1) O: Purge NMethod: java.lang.StringBuilder.toString (0x0000794416c5d808) [0x0000794416c5d900, 0x0000794416c5dcf8] 
[4,478s][debug][gc,nmethod     ] GC(1) O: Purge NMethod: it.unimi.dsi.fastutil.ints.Int2ObjectOpenHashMap.get (0x0000794416d38388) [0x0000794416d38480, 0x0000794416d388e8] 
[4,478s][debug][gc,nmethod     ] GC(1) O: Purge NMethod: io.sirix.node.xml.AbstractStructForwardingNode.incrementChildCount (0x00007943f7da0b88) [0x00007943f7da0c80, 0x00007943f7da0dd0] 
[4,478s][debug][gc,nmethod     ] GC(1) O: Purge NMethod: io.sirix.index.path.summary.PathSummaryReader.moveTo (0x00007943f7b18a08) [0x00007943f7b18b00, 0x00007943f7b19808] 
[4,478s][debug][gc,nmethod     ] GC(1) O: Purge NMethod: java.lang.System$1.blockedOn (0x00007943f7f15e88) [0x00007943f7f15f80, 0x00007943f7f162e0] 
[4,478s][debug][gc,nmethod     ] GC(1) O: Purge NMethod: io.sirix.utils.XMLToken.isNCChar (0x00007943f7dad488) [0x00007943f7dad580, 0x00007943f7dad968] 
[4,478s][debug][gc,nmethod     ] GC(1) O: Purge NMethod: java.lang.String.checkBoundsOffCount (0x00007943f7464a88) [0x00007943f7464b80, 0x00007943f7464d78] 
[4,478s][debug][gc,nmethod     ] GC(1) O: Purge NMethod: io.sirix.index.path.summary.PathSummaryReader.putQNameMapping (0x00007943f7da3408) [0x00007943f7da3500, 0x00007943f7da37a0] 
[4,478s][debug][gc,nmethod     ] GC(1) O: Purge NMethod: io.sirix.page.KeyValueLeafPage.getLastIndex (0x00007943f7dd1688) [0x00007943f7dd1780, 0x00007943f7dd18b0] 
[4,478s][debug][gc,nmethod     ] GC(1) O: Purge NMethod: com.sun.org.apache.xerces.internal.impl.XMLDocumentFragmentScannerImpl.checkDepth (0x00007943f7c81588) [0x00007943f7c81680, 0x00007943f7c848d8] 
[4,478s][debug][gc,nmethod     ] GC(1) O: Purge NMethod: io.sirix.access.trx.node.AbstractNodeReadOnlyTrx.moveToParent (0x0000794416d2ca88) [0x0000794416d2cb80, 0x0000794416d2de20] 
[4,478s][debug][gc,nmethod     ] GC(1) O: Purge NMethod: io.sirix.page.KeyValueLeafPage.getSlotAsByteArray (0x00007943f795a508) [0x00007943f795a600, 0x00007943f795ac98] 
[4,478s][debug][gc,nmethod     ] GC(1) O: Purge NMethod: java.util.HashSet.add (0x00007943f7434288) [0x00007943f7434380, 0x00007943f7434710] 
[4,478s][debug][gc,nmethod     ] GC(1) O: Purge NMethod: io.sirix.node.xml.AttributeNode.computeHash (0x00007943f7d76c88) [0x00007943f7d76d80, 0x00007943f7d8d5e0] 
[4,478s][debug][gc,nmethod     ] GC(1) O: Purge NMethod: io.sirix.access.trx.page.NodePageTrx.getPageContainer (0x0000794416ce8308) [0x0000794416ce8400, 0x0000794416ce8ad0] 
[4,478s][debug][gc,nmethod     ] GC(1) O: Purge NMethod: com.sun.org.apache.xerces.internal.impl.XMLDocumentFragmentScannerImpl.getString (0x00007943f7d3c808) [0x00007943f7d3c900, 0x00007943f7d3d530] 
[4,478s][debug][gc,nmethod     ] GC(1) O: Purge NMethod: java.lang.StringUTF16.compress (0x00007943f8070008) [0x00007943f8070100, 0x00007943f8070330] 
[4,478s][debug][gc,nmethod     ] GC(1) O: Purge NMethod: jdk.internal.util.ArraysSupport.hashCode (0x00007943f7751908) [0x00007943f7751a00, 0x00007943f7751eb0] 
[4,478s][debug][gc,nmethod     ] GC(1) O: Purge NMethod: java.net.URLStreamHandler.setURL (0x00007943f75c6908) [0x00007943f75c6a00, 0x00007943f75c8638] 
[4,478s][debug][gc,nmethod     ] GC(1) O: Purge NMethod: java.lang.classfile.CodeBuilder.loadConstant (0x00007943f782aa08) [0x00007943f782ab00, 0x00007943f782dad8] 
[4,478s][debug][gc,nmethod     ] GC(1) O: Purge NMethod: io.sirix.axis.filter.AbstractFilter.<init> (0x00007943f7be3608) [0x00007943f7be3700, 0x00007943f7be3c38] 
[4,478s][debug][gc,nmethod     ] GC(1) O: Purge NMethod: com.sun.org.apache.xerces.internal.impl.XMLDocumentFragmentScannerImpl.getCharacterData (0x00007943f7c0bd08) [0x00007943f7c0be00, 0x00007943f7c0bfc8] 
[4,478s][debug][gc,nmethod     ] GC(1) O: Purge NMethod: io.sirix.index.path.summary.PathSummaryReader.getLevel (0x00007943f7ce3d08) [0x00007943f7ce3e00, 0x00007943f7ce5570] 
[4,478s][debug][gc,nmethod     ] GC(1) O: Purge NMethod: io.sirix.cache.LinuxMemorySegmentAllocator.release (0x00007943f7f1a508) [0x00007943f7f1a600, 0x00007943f7f1d900] 
[4,478s][debug][gc,nmethod     ] GC(1) O: Purge NMethod: java.util.Arrays.fill (0x00007943f7535108) [0x00007943f7535200, 0x00007943f7535388] 
[4,478s][debug][gc,nmethod     ] GC(1) O: Purge NMethod: io.sirix.access.trx.node.AbstractIndexController.notifyChange (0x00007943f7b9c688) [0x00007943f7b9c780, 0x00007943f7b9d638] 
[4,478s][debug][gc,nmethod     ] GC(1) O: Purge NMethod: io.sirix.node.xml.TextNode.<init> (0x00007943f8033d88) [0x00007943f8033e80, 0x00007943f8034168] 
[4,478s][debug][gc,nmethod     ] GC(1) O: Purge NMethod: net.openhft.hashing.XXH3.XXH3_mix16B (0x00007943f7af6d08) [0x00007943f7af6e00, 0x00007943f7af8790] 
[4,478s][debug][gc,nmethod     ] GC(1) O: Purge NMethod: java.util.concurrent.ConcurrentLinkedDeque.poll (0x00007943f7dc3208) [0x00007943f7dc3300, 0x00007943f7dc3418] 
[4,478s][debug][gc,nmethod     ] GC(1) O: Purge NMethod: io.sirix.page.KeyValueLeafPage.setRecord (0x00007943f7b1de08) [0x00007943f7b1df00, 0x00007943f7b1e538] 
[4,478s][debug][gc,nmethod     ] GC(1) O: Purge NMethod: io.sirix.page.KeyValueLeafPage.getNumberOfNonNullEntries (0x00007943f808f708) [0x00007943f808f800, 0x00007943f808fdb0] 
[4,478s][debug][gc,nmethod     ] GC(1) O: Purge NMethod: com.sun.org.apache.xerces.internal.impl.XMLNSDocumentScannerImpl.next (0x00007943f7d9f508) [0x00007943f7d9f600, 0x00007943f7d9fad0] 
[4,478s][debug][gc,nmethod     ] GC(1) O: Purge NMethod: io.sirix.cache.LinuxMemorySegmentAllocator.partitionVirtualRegion (0x00007943f7783688) [0x00007943f7783780, 0x00007943f7784700] 
[4,478s][debug][gc,nmethod     ] GC(1) O: Purge NMethod: io.sirix.index.path.summary.PathSummaryReader.moveTo (0x0000794416cf1a08) [0x0000794416cf1b00, 0x0000794416cf1d40] 
[4,479s][debug][gc,nmethod     ] GC(1) O: Purge NMethod: com.sun.org.apache.xerces.internal.parsers.AbstractSAXParser$AttributesProxy.getValue (0x00007943f7d3f108) [0x00007943f7d3f200, 0x00007943f7d3f560] 
[4,479s][debug][gc,nmethod     ] GC(1) O: Purge NMethod: java.lang.Math.clamp (0x00007943f7576488) [0x00007943f7576580, 0x00007943f7577648] 
[4,479s][debug][gc,nmethod     ] GC(1) O: Purge NMethod: io.sirix.page.KeyValueLeafPage.updateFreeSpaceStart (0x00007943f7ddd688) [0x00007943f7ddd780, 0x00007943f7dddd08] 
[4,479s][debug][gc,nmethod     ] GC(1) O: Purge NMethod: jdk.internal.foreign.Utils.isPowerOfTwo (0x00007943f7e05908) [0x00007943f7e05a00, 0x00007943f7e05b08] 
[4,479s][debug][gc,nmethod     ] GC(1) O: Purge NMethod: java.lang.Long.hashCode (0x00007943f751f388) [0x00007943f751f480, 0x00007943f751f570] 
[4,479s][debug][gc,nmethod     ] GC(1) O: Purge NMethod: java.lang.Long.bitCount (0x00007943f7a79188) [0x00007943f7a79280, 0x00007943f7a793e8] 
[4,479s][debug][gc,nmethod     ] GC(1) O: Purge NMethod: io.sirix.page.KeyValueLeafPage.setData (0x0000794416db9688) [0x0000794416db9780, 0x0000794416dbc9a0] 
[4,479s][debug][gc,nmethod     ] GC(1) O: Purge NMethod: io.sirix.node.NodeKind$13.deserialize (0x00007943f7f46208) [0x00007943f7f46300, 0x00007943f7f46700] 
[4,479s][debug][gc,nmethod     ] GC(1) O: Purge NMethod: io.sirix.axis.pathsummary.AbstractAxis.hasNext (0x00007943f7f40288) [0x00007943f7f40380, 0x00007943f7f406c8] 
[4,479s][debug][gc,nmethod     ] GC(1) O: Purge NMethod: java.lang.invoke.DirectMethodHandle.allocateInstance (0x00007943f75bc508) [0x00007943f75bc600, 0x00007943f75bcb20] 
[4,479s][debug][gc,nmethod     ] GC(1) O: Purge NMethod: it.unimi.dsi.fastutil.longs.LongArrayList.add (0x00007943f7b39808) [0x00007943f7b39900, 0x00007943f7b39bd8] 
[4,479s][debug][gc,nmethod     ] GC(1) O: Purge NMethod: io.sirix.node.NodeKind$2.serialize (0x00007943f7eea988) [0x00007943f7eeaa80, 0x00007943f7f0f400] 
[4,479s][debug][gc,nmethod     ] GC(1) O: Purge NMethod: java.lang.Integer.rotateRight (0x00007943f78c4888) [0x00007943f78c4980, 0x00007943f78c4a70] 
[4,479s][debug][gc,nmethod     ] GC(1) O: Purge NMethod: com.sun.org.apache.xerces.internal.util.XMLChar.isContent (0x00007943f7ad6788) [0x00007943f7ad6880, 0x00007943f7ad6a68] 
[4,479s][debug][gc,nmethod     ] GC(1) O: Purge NMethod: jdk.internal.classfile.impl.SplitConstantPool.maybeCloneUtf8Entry (0x00007943f74e9908) [0x00007943f74e9a00, 0x00007943f74eaaa0] 
[4,479s][debug][gc,nmethod     ] GC(1) O: Purge NMethod: java.util.stream.AbstractPipeline.wrapSink (0x00007943f77b8108) [0x00007943f77b8200, 0x00007943f77b8778] 
[4,479s][debug][gc,nmethod     ] GC(1) O: Purge NMethod: io.sirix.node.SirixDeweyID.setDivisionBitArray (0x00007943f7e36308) [0x00007943f7e36400, 0x00007943f7e36a30] 
[4,479s][debug][gc,nmethod     ] GC(1) O: Purge NMethod: io.sirix.access.trx.page.NodePageTrx.getMostRecentPageContainer (0x00007943f7cea808) [0x00007943f7cea900, 0x00007943f7ceaf30] 
[4,479s][debug][gc,nmethod     ] GC(1) O: Purge NMethod: java.util.stream.AbstractPipeline.<init> (0x00007943f77c3288) [0x00007943f77c3380, 0x00007943f77c36c8] 
[4,479s][debug][gc,nmethod     ] GC(1) O: Purge NMethod: io.sirix.access.trx.page.NodePageReadOnlyTrx.getRecordPage (0x00007943f7fa5188) [0x00007943f7fa5280, 0x00007943f7faa5d0] 
[4,479s][debug][gc,nmethod     ] GC(1) O: Purge NMethod: java.util.concurrent.ConcurrentLinkedDeque.pollFirst (0x00007943f7dc3988) [0x00007943f7dc3a80, 0x00007943f7dc4250] 
[4,479s][debug][gc,nmethod     ] GC(1) O: Purge NMethod: io.sirix.access.trx.node.xml.XmlNodeReadOnlyTrxImpl.isDocumentRoot (0x00007943f7cb1708) [0x00007943f7cb1800, 0x00007943f7cb22a8] 
[4,479s][debug][gc,nmethod     ] GC(1) O: Purge NMethod: io.sirix.page.KeyValueLeafPage.setSlot (0x00007943f7f91688) [0x00007943f7f91780, 0x00007943f7f91928] 
[4,479s][debug][gc,nmethod     ] GC(1) O: Purge NMethod: java.util.Spliterators$ArraySpliterator.forEachRemaining (0x0000794416c7fe08) [0x0000794416c7ff00, 0x0000794416c81040] 
[4,479s][debug][gc,nmethod     ] GC(1) O: Purge NMethod: java.util.HashMap.put (0x0000794416c95408) [0x0000794416c95520, 0x0000794416c96720] 
[4,479s][debug][gc,nmethod     ] GC(1) O: Purge NMethod: io.sirix.page.PathSummaryPage.incrementAndGetMaxNodeKey (0x00007943f7da8188) [0x00007943f7da8280, 0x00007943f7da84c8] 
[4,479s][debug][gc,nmethod     ] GC(1) O: Purge NMethod: io.sirix.access.trx.page.NodePageReadOnlyTrx.getMostRecentPage (0x00007943f7f9a688) [0x00007943f7f9a780, 0x00007943f7f9b088] 
[4,479s][debug][gc,nmethod     ] GC(1) O: Purge NMethod: java.lang.Thread.onSpinWait (0x00007943f77c5288) [0x00007943f77c5380, 0x00007943f77c5460] 
[4,479s][debug][gc,nmethod     ] GC(1) O: Purge NMethod: io.sirix.access.trx.page.NodePageTrx.getRecord (0x0000794416ce9d08) [0x0000794416ce9e00, 0x0000794416cea950] 
[4,479s][debug][gc,nmethod     ] GC(1) O: Purge NMethod: io.sirix.cache.SegmentAllocators.getIndexForSize (0x00007943f7dc1408) [0x00007943f7dc1500, 0x00007943f7dc17e8] 
[4,479s][debug][gc,nmethod     ] GC(1) O: Purge NMethod: io.sirix.node.json.JsonNodeSerializer.writeEndPadding (0x00007943f7df6f88) [0x00007943f7df7080, 0x00007943f7df74c8] 
[4,479s][debug][gc,nmethod     ] GC(1) O: Purge NMethod: java.util.Objects.checkFromIndexSize (0x00007943f747aa88) [0x00007943f747ab80, 0x00007943f747ad78] 
[4,479s][debug][gc,nmethod     ] GC(1) O: Purge NMethod: io.sirix.node.AbstractForwardingNode.getNodeKey (0x00007943f7ac7e88) [0x00007943f7ac7f80, 0x00007943f7ac82b0] 
[4,479s][debug][gc,nmethod     ] GC(1) O: Purge NMethod: java.lang.invoke.VarHandleSegmentAsInts.set (0x00007943f7a9e288) [0x00007943f7a9e380, 0x00007943f7aa3950] 
[4,479s][debug][gc,nmethod     ] GC(1) O: Purge NMethod: io.sirix.index.path.summary.PathSummaryWriter.adaptForInsert (0x00007943f7da4888) [0x00007943f7da4980, 0x00007943f7da5340] 
[4,479s][debug][gc,nmethod     ] GC(1) O: Purge NMethod: io.sirix.page.NamePage.getName (0x00007943f81acb88) [0x00007943f81acc80, 0x00007943f81ae2f0] 
[4,479s][debug][gc,nmethod     ] GC(1) O: Purge NMethod: io.sirix.node.NodeSerializerImpl.serializeDeweyID (0x0000794416d62108) [0x0000794416d62200, 0x0000794416d633f8] 
[4,479s][debug][gc,nmethod     ] GC(1) O: Purge NMethod: java.lang.Long.valueOf (0x00007943f7855d08) [0x00007943f7855e00, 0x00007943f7856140] 
[4,479s][debug][gc,nmethod     ] GC(1) O: Purge NMethod: java.lang.invoke.InvokerBytecodeGenerator.emitStaticInvoke (0x00007943f79d1688) [0x00007943f79d1780, 0x00007943f79d3e68] 
[4,479s][debug][gc,nmethod     ] GC(1) O: Purge NMethod: com.sun.org.apache.xerces.internal.util.SymbolTable.hash (0x00007943f7c9ef08) [0x00007943f7c9f000, 0x00007943f7c9f2a0] 
[4,479s][debug][gc,nmethod     ] GC(1) O: Purge NMethod: io.sirix.access.trx.node.xml.XmlNodeTrxImpl.insertTextAsFirstChild (0x00007943f7cd4b08) [0x00007943f7cd4c00, 0x00007943f7cdcbc0] 
[4,479s][debug][gc,nmethod     ] GC(1) O: Purge NMethod: jdk.internal.foreign.AbstractMemorySegmentImpl.equals (0x00007943f7f16f08) [0x00007943f7f17000, 0x00007943f7f17270] 
[4,479s][debug][gc,nmethod     ] GC(1) O: Purge NMethod: io.sirix.page.RevisionRootPage.incrementAndGetMaxNodeKeyInDocumentIndex (0x00007943f7ba7708) [0x00007943f7ba7800, 0x00007943f7ba7910] 
[4,479s][debug][gc,nmethod     ] GC(1) O: Purge NMethod: io.sirix.page.KeyValueLeafPage.resizeMemorySegment (0x00007943f8127d08) [0x00007943f8127e00, 0x00007943f8138c88] 
[4,479s][debug][gc,nmethod     ] GC(1) O: Purge NMethod: io.sirix.page.delegates.BitmapReferencesPage.getOrCreateReference (0x00007943f8090108) [0x00007943f8090200, 0x00007943f80908a8] 
[4,479s][debug][gc,nmethod     ] GC(1) O: Purge NMethod: java.nio.Buffer.position (0x00007943f7762708) [0x00007943f7762800, 0x00007943f7762a40] 
[4,479s][debug][gc,nmethod     ] GC(1) O: Purge NMethod: io.sirix.access.trx.node.AbstractNodeReadOnlyTrx.hasRightSibling (0x00007943f7fbb508) [0x00007943f7fbb600, 0x00007943f7fbbe20] 
[4,479s][debug][gc,nmethod     ] GC(1) O: Purge NMethod: com.sun.org.apache.xerces.internal.impl.XMLDocumentFragmentScannerImpl$FragmentContentDriver.next (0x00007943f7b7d088) [0x00007943f7b7d180, 0x00007943f7b8acb0] 
[4,479s][debug][gc,nmethod     ] GC(1) O: Purge NMethod: io.sirix.page.KeyValueLeafPage.addReferences (0x00007943f80fd288) [0x00007943f80fd380, 0x00007943f80fe4a0] 
[4,479s][debug][gc,nmethod     ] GC(1) O: Purge NMethod: java.lang.StringUTF16.compress (0x0000794416c6d508) [0x0000794416c6d6c0, 0x0000794416c6db18] 
[4,479s][debug][gc,nmethod     ] GC(1) O: Purge NMethod: io.sirix.node.NodeKind$1.serialize (0x00007943f7e08208) [0x00007943f7e08300, 0x00007943f7e10dc0] 
[4,479s][debug][gc,nmethod     ] GC(1) O: Purge NMethod: jdk.internal.foreign.SegmentFactories.fromArray (0x00007943f7e2d908) [0x00007943f7e2da00, 0x00007943f7e2ddf8] 
[4,479s][debug][gc,nmethod     ] GC(1) O: Purge NMethod: io.sirix.access.trx.node.xml.XmlNodeReadOnlyTrxImpl.getNode (0x00007943f7b4b108) [0x00007943f7b4b200, 0x00007943f7b4d780] 
[4,479s][debug][gc,nmethod     ] GC(1) O: Purge NMethod: sun.misc.Unsafe.isMemoryAccessWarned (0x00007943f7ab3808) [0x00007943f7ab3900, 0x00007943f7ab3a00] 
[4,479s][debug][gc,nmethod     ] GC(1) O: Purge NMethod: io.brackit.query.node.AbstractNode.<init> (0x00007943f7b9bf88) [0x00007943f7b9c080, 0x00007943f7b9c298] 
[4,479s][debug][gc,nmethod     ] GC(1) O: Purge NMethod: com.sun.org.apache.xerces.internal.util.NamespaceSupport.pushContext (0x00007943f7c7e708) [0x00007943f7c7e800, 0x00007943f7c7eb70] 
[4,479s][debug][gc,nmethod     ] GC(1) O: Purge NMethod: com.sun.org.apache.xerces.internal.impl.XMLEntityScanner.checkBeforeLoad (0x00007943f7d9ee88) [0x00007943f7d9ef80, 0x00007943f7d9f4b0] 
[4,479s][debug][gc,nmethod     ] GC(1) O: Purge NMethod: io.sirix.index.path.summary.PathNode.<init> (0x00007943f7da2408) [0x00007943f7da2500, 0x00007943f7da2be8] 
[4,479s][debug][gc,nmethod     ] GC(1) O: Purge NMethod: jdk.internal.foreign.layout.AbstractLayout.requirePowerOfTwoAndGreaterOrEqualToOne (0x00007943f7e5a908) [0x00007943f7e5aa00, 0x00007943f7e5b780] 
[4,479s][debug][gc,nmethod     ] GC(1) O: Purge NMethod: io.sirix.node.MemorySegmentBytesOut.writeByte (0x00007943f7af6a08) [0x00007943f7af6b00, 0x00007943f7af6c98] 
[4,479s][debug][gc,nmethod     ] GC(1) O: Purge NMethod: jdk.internal.misc.Unsafe.putLongUnaligned (0x00007943f7a96f08) [0x00007943f7a97000, 0x00007943f7a97208] 
[4,479s][debug][gc,nmethod     ] GC(1) O: Purge NMethod: io.sirix.index.path.summary.PathSummaryReader.getNodeKey (0x00007943f7b0cb88) [0x00007943f7b0cc80, 0x00007943f7b0d130] 
[4,479s][debug][gc,nmethod     ] GC(1) O: Purge NMethod: io.brackit.query.atomic.QNm.<init> (0x0000794416d29508) [0x0000794416d29600, 0x0000794416d29828] 
[4,479s][debug][gc,nmethod     ] GC(1) O: Purge NMethod: io.sirix.node.NodeKind$2.serialize (0x00007943f7dfd008) [0x00007943f7dfd100, 0x00007943f7e02678] 
[4,479s][debug][gc,nmethod     ] GC(1) O: Purge NMethod: io.sirix.access.trx.page.NodePageReadOnlyTrx.getValue (0x00007943f7ac6208) [0x00007943f7ac6300, 0x00007943f7ac7e60] 
[4,479s][debug][gc,nmethod     ] GC(1) O: Purge NMethod: java.lang.String.encodeUTF8 (0x00007943f7b3c708) [0x00007943f7b3c800, 0x00007943f7b3ce88] 
[4,479s][debug][gc,nmethod     ] GC(1) O: Purge NMethod: io.sirix.access.trx.node.AbstractResourceSession.assertNotClosed (0x00007943f7b0d188) [0x00007943f7b0d280, 0x00007943f7b0d488] 
[4,479s][debug][gc,nmethod     ] GC(1) O: Purge NMethod: java.lang.ref.Cleaner$1.apply (0x00007943f747e308) [0x00007943f747e400, 0x00007943f747e7b0] 
[4,479s][debug][gc,nmethod     ] GC(1) O: Purge NMethod: io.sirix.access.trx.page.NodePageTrx$$Lambda/0x00000000a928fa18.apply (0x00007943f7f37008) [0x00007943f7f37100, 0x00007943f7f372d8] 
[4,479s][debug][gc,nmethod     ] GC(1) O: Purge NMethod: jdk.internal.classfile.impl.StackMapGenerator$Frame.checkStack (0x00007943f74f8088) [0x00007943f74f8180, 0x00007943f74f8dc8] 
[4,479s][debug][gc,nmethod     ] GC(1) O: Purge NMethod: java.lang.String.encode (0x00007943f7b3c288) [0x00007943f7b3c380, 0x00007943f7b3c6b8] 
[4,479s][debug][gc,nmethod     ] GC(1) O: Purge NMethod: io.sirix.axis.AbstractAxis.tryToComputeNext (0x00007943f7f98a88) [0x00007943f7f98b80, 0x00007943f7f992b0] 
[4,479s][debug][gc,nmethod     ] GC(1) O: Purge NMethod: io.sirix.index.path.summary.PathSummaryReader.getPathNode (0x00007943f7be5b08) [0x00007943f7be5c00, 0x00007943f7be6300] 
[4,479s][debug][gc,nmethod     ] GC(1) O: Purge NMethod: io.sirix.node.xml.AttributeNode.getDeweyID (0x00007943f7e41c08) [0x00007943f7e41d00, 0x00007943f7e41fc8] 
[4,479s][debug][gc,nmethod     ] GC(1) O: Purge NMethod: java.nio.ByteOrder.nativeOrder (0x00007943f7807608) [0x00007943f7807700, 0x00007943f78077e8] 
[4,479s][debug][gc,nmethod     ] GC(1) O: Purge NMethod: io.sirix.page.KeyValueLeafPage.setSlot (0x00007943f7dd3108) [0x00007943f7dd3200, 0x00007943f7dd3388] 
[4,479s][debug][gc,nmethod     ] GC(1) O: Purge NMethod: io.sirix.node.delegates.NameNodeDelegate.hashCode (0x00007943f7da6988) [0x00007943f7da6a80, 0x00007943f7da70e0] 
[4,479s][debug][gc,nmethod     ] GC(1) O: Purge NMethod: io.sirix.access.trx.node.AbstractDeweyIDManager.newRightSiblingID (0x00007943f7bf8c88) [0x00007943f7bf8d80, 0x00007943f7bfbd58] 
[4,479s][debug][gc,nmethod     ] GC(1) O: Purge NMethod: com.sun.org.apache.xerces.internal.parsers.AbstractSAXParser.startNamespaceMapping (0x00007943f7c84d88) [0x00007943f7c84e80, 0x00007943f7c85698] 
[4,479s][debug][gc,nmethod     ] GC(1) O: Purge NMethod: jdk.internal.foreign.Utils$BaseAndScale.of (0x00007943f7a8af88) [0x00007943f7a8b080, 0x00007943f7a8c698] 
[4,479s][debug][gc,nmethod     ] GC(1) O: Purge NMethod: com.sun.org.apache.xerces.internal.impl.XMLNSDocumentScannerImpl.scanStartElement (0x00007943f7c8b008) [0x00007943f7c8b100, 0x00007943f7c933e0] 
[4,479s][debug][gc,nmethod     ] GC(1) O: Purge NMethod: java.util.BitSet.nextSetBit (0x0000794416db2088) [0x0000794416db2180, 0x0000794416db2300] 
[4,479s][debug][gc,nmethod     ] GC(1) O: Purge NMethod: java.lang.invoke.TypeConvertingMethodAdapter.convertType (0x00007943f7768908) [0x00007943f7768a00, 0x00007943f7770ee8] 
[4,479s][debug][gc,nmethod     ] GC(1) O: Purge NMethod: java.io.UnixFileSystem.hasBooleanAttributes (0x00007943f7561a88) [0x00007943f7561b80, 0x00007943f7562708] 
[4,479s][debug][gc,nmethod     ] GC(1) O: Purge NMethod: java.util.concurrent.ConcurrentHashMap$KeySetView.remove (0x00007943f7f17288) [0x00007943f7f17380, 0x00007943f7f17508] 
