[0.005s][debug][gc,heap] Minimum heap 5368709120  Initial heap 5368709120  Maximum heap 12884901888
[0.005s][info ][gc,init] Initializing The Z Garbage Collector
[0.005s][info ][gc,init] Version: 25+37-LTS-jvmci-b01 (release)
[0.005s][info ][gc,init] NUMA Support: Disabled
[0.005s][info ][gc,init] CPUs: 20 total, 20 available
[0.005s][info ][gc,init] Memory: 31764M
[0.005s][info ][gc,init] Large Page Support: Disabled
[0.005s][info ][gc,init] Address Space Size: unlimited
[0.005s][debug][gc,init] Reserved Space: limit 4096G, desired 192G, requested 192G
[0.005s][info ][gc,init] Reserved Space Type: Contiguous/Unrestricted/Complete
[0.005s][info ][gc,init] Reserved Space Size: 192G
[0.005s][info ][gc,init] Heap Backing File: /memfd:java_heap
[0.005s][info ][gc,init] Heap Backing Filesystem: tmpfs (0x1021994)
[0.005s][info ][gc,init] Min Capacity: 5120M
[0.005s][info ][gc,init] Initial Capacity: 5120M
[0.005s][info ][gc,init] Max Capacity: 12288M
[0.005s][info ][gc,init] Soft Max Capacity: 12288M
[0.005s][info ][gc,init] Page Size Medium: Range [4M, 32M]
[0.005s][info ][gc,init] Pre-touch: Enabled
[0.005s][info ][gc,init] Available space on backing filesystem: N/A
[0.006s][info ][gc,init] Uncommit: Enabled
[0.006s][info ][gc,init] Uncommit Delay: 300s
[0.006s][info ][gc,init] GC Workers for Old Generation: 5 (dynamic)
[0.006s][info ][gc,init] GC Workers for Young Generation: 5 (dynamic)
[0.782s][debug][gc,task] Executing ZPreTouchTask using ZWorkerOld with 5 workers
[1.084s][info ][gc,init] GC Workers Max: 5 (dynamic)
[1.084s][info ][gc,init] Runtime Workers: 12
[1.085s][info ][gc     ] Using The Z Garbage Collector
[1.085s][info ][gc,metaspace] CDS archive(s) not mapped
[1.085s][info ][gc,metaspace] Compressed class space mapped at: 0x00000000ba000000-0x00000000fa000000, reserved size: 1073741824
[1.085s][info ][gc,metaspace] UseCompressedClassPointers 1, UseCompactObjectHeaders 0
[1.085s][info ][gc,metaspace] Narrow klass pointer bits 32, Max shift 3
[1.085s][info ][gc,metaspace] Narrow klass base: 0x0000000000000000, Narrow klass shift: 0
[1.085s][info ][gc,metaspace] Encoding Range: [0x0000000000000000 - 0x0000000100000000), (4294967296 bytes)
[1.085s][info ][gc,metaspace] Klass Range:    [0x00000000ba000000 - 0x00000000fa000000), (1073741824 bytes)
[1.085s][info ][gc,metaspace] Klass ID Range:  [3120562176 - 4194303993) (1073741817)
[1.085s][info ][gc,metaspace] No protection zone.
[1,100s][debug][gc,heap     ] Uncommitter (0) Timeout: 300000ms
[1,100s][debug][gc,nmethod  ] Register NMethod: jdk.internal.util.ArraysSupport.unsignedHashCode (0x00007a39d3400008) [0x00007a39d3400100, 0x00007a39d3400310] Compiler: c1, Barriers: 0, Oops: 0, ImmediateOops: 0, NonImmediateOops: No
[1,100s][debug][gc,nmethod  ] Rebuilding NMethod Table: 0->1024 entries, 0(0%->0%) registered, 0(0%->0%) unregistered
[1,101s][debug][gc,nmethod  ] Register NMethod: java.lang.Object.<init> (0x00007a39d3400388) [0x00007a39d3400480, 0x00007a39d3400580] Compiler: c1, Barriers: 0, Oops: 0, ImmediateOops: 0, NonImmediateOops: No
[1,101s][debug][gc,nmethod  ] Register NMethod: java.lang.Byte.toUnsignedInt (0x00007a39d3400688) [0x00007a39d3400780, 0x00007a39d3400868] Compiler: c1, Barriers: 0, Oops: 0, ImmediateOops: 0, NonImmediateOops: No
[1,101s][debug][gc,nmethod  ] Register NMethod: java.lang.String.hashCode (0x00007a39d3400988) [0x00007a39d3400a80, 0x00007a39d3401028] Compiler: c1, Barriers: 2, Oops: 0, ImmediateOops: 0, NonImmediateOops: No
[1,101s][debug][gc,nmethod  ] Register NMethod: jdk.internal.misc.Unsafe.getReferenceVolatile (0x00007a39f2be5008) [0x00007a39f2be5100, 0x00007a39f2be5430] Compiler: , Barriers: 0, Oops: 0, ImmediateOops: 0, NonImmediateOops: No
[1,104s][debug][gc,nmethod  ] Register NMethod: java.lang.Math.floorMod (0x00007a39d3401088) [0x00007a39d3401180, 0x00007a39d3401310] Compiler: c1, Barriers: 0, Oops: 0, ImmediateOops: 0, NonImmediateOops: No
[1,104s][debug][gc,nmethod  ] Register NMethod: java.util.ImmutableCollections$SetN.probe (0x00007a39d3401388) [0x00007a39d3401480, 0x00007a39d3401ca8] Compiler: c1, Barriers: 4, Oops: 0, ImmediateOops: 0, NonImmediateOops: No
[1,104s][debug][gc,nmethod  ] Register NMethod: java.lang.StringLatin1.equals (0x00007a39d3401d08) [0x00007a39d3401e00, 0x00007a39d3402068] Compiler: c1, Barriers: 0, Oops: 0, ImmediateOops: 0, NonImmediateOops: No
[1,104s][debug][gc,nmethod  ] Register NMethod: jdk.internal.util.ArraysSupport.hashCodeOfUnsigned (0x00007a39d3402088) [0x00007a39d3402180, 0x00007a39d34023f8] Compiler: c1, Barriers: 0, Oops: 0, ImmediateOops: 0, NonImmediateOops: No
[1,105s][debug][gc,nmethod  ] Register NMethod: jdk.internal.util.ArraysSupport.vectorizedHashCode (0x00007a39d3402408) [0x00007a39d3402500, 0x00007a39d3404358] Compiler: c1, Barriers: 0, Oops: 1, ImmediateOops: 2, NonImmediateOops: No
[1,107s][debug][gc,nmethod  ] Register NMethod: java.util.ImmutableCollections$SetN.hashCode (0x00007a39d3404388) [0x00007a39d3404480, 0x00007a39d34048f0] Compiler: c1, Barriers: 2, Oops: 0, ImmediateOops: 0, NonImmediateOops: No
[1,107s][debug][gc,nmethod  ] Register NMethod: java.lang.module.ModuleDescriptor.modsHashCode (0x00007a39d3404908) [0x00007a39d3404a00, 0x00007a39d34057b8] Compiler: c1, Barriers: 1, Oops: 0, ImmediateOops: 0, NonImmediateOops: No
[1,107s][debug][gc,nmethod  ] Register NMethod: java.util.Objects.requireNonNull (0x00007a39d3405808) [0x00007a39d3405900, 0x00007a39d3405ad0] Compiler: c1, Barriers: 0, Oops: 0, ImmediateOops: 0, NonImmediateOops: No
[1,107s][debug][gc,nmethod  ] Register NMethod: java.util.ImmutableCollections$SetN.<init> (0x00007a39d3405b08) [0x00007a39d3405c00, 0x00007a39d34074d0] Compiler: c1, Barriers: 8, Oops: 1, ImmediateOops: 3, NonImmediateOops: No
[1,107s][debug][gc,nmethod  ] Register NMethod: java.lang.String.equals (0x00007a39d3407508) [0x00007a39d3407600, 0x00007a39d3407cc0] Compiler: c1, Barriers: 2, Oops: 0, ImmediateOops: 0, NonImmediateOops: No
[1,107s][debug][gc,nmethod  ] Register NMethod: java.util.AbstractCollection.<init> (0x00007a39d3407d08) [0x00007a39d3407e00, 0x00007a39d3407f58] Compiler: c1, Barriers: 0, Oops: 0, ImmediateOops: 0, NonImmediateOops: No
[1,107s][debug][gc,nmethod  ] Register NMethod: java.util.ImmutableCollections$AbstractImmutableSet.<init> (0x00007a39d3408008) [0x00007a39d3408100, 0x00007a39d3408318] Compiler: c1, Barriers: 0, Oops: 0, ImmediateOops: 0, NonImmediateOops: No
[1,107s][debug][gc,nmethod  ] Register NMethod: java.util.Set.of (0x00007a39d3408388) [0x00007a39d3408480, 0x00007a39d3408568] Compiler: c1, Barriers: 0, Oops: 0, ImmediateOops: 1, NonImmediateOops: No
[1,107s][debug][gc,nmethod  ] Register NMethod: java.util.ImmutableCollections$AbstractImmutableCollection.<init> (0x00007a39d3408688) [0x00007a39d3408780, 0x00007a39d3408938] Compiler: c1, Barriers: 0, Oops: 0, ImmediateOops: 0, NonImmediateOops: No
[1,107s][debug][gc,nmethod  ] Register NMethod: java.util.ImmutableCollections$SetN.iterator (0x00007a39d3408988) [0x00007a39d3408a80, 0x00007a39d3408c20] Compiler: c1, Barriers: 0, Oops: 0, ImmediateOops: 0, NonImmediateOops: No
[1,107s][debug][gc,nmethod  ] Register NMethod: java.util.ImmutableCollections$SetN$SetNIterator.hasNext (0x00007a39d3408c88) [0x00007a39d3408d80, 0x00007a39d3408ed0] Compiler: c1, Barriers: 0, Oops: 0, ImmediateOops: 0, NonImmediateOops: No
[1,107s][debug][gc,nmethod  ] Register NMethod: java.lang.module.ModuleDescriptor$Exports.<init> (0x00007a39d3408f88) [0x00007a39d3409080, 0x00007a39d3409340] Compiler: c1, Barriers: 9, Oops: 0, ImmediateOops: 0, NonImmediateOops: No
[1,107s][debug][gc,nmethod  ] Register NMethod: java.util.ImmutableCollections$SetN$SetNIterator.<init> (0x00007a39d3409388) [0x00007a39d3409480, 0x00007a39d3409800] Compiler: c1, Barriers: 4, Oops: 0, ImmediateOops: 0, NonImmediateOops: No
[1,107s][debug][gc,nmethod  ] Register NMethod: java.util.Set.of (0x00007a39d3409808) [0x00007a39d3409900, 0x00007a39d340a170] Compiler: c1, Barriers: 9, Oops: 0, ImmediateOops: 2, NonImmediateOops: No
[1,108s][debug][gc,nmethod  ] Register NMethod: java.util.Objects.hashCode (0x00007a39d340a188) [0x00007a39d340a280, 0x00007a39d340a5d0] Compiler: c1, Barriers: 0, Oops: 0, ImmediateOops: 0, NonImmediateOops: No
[1,108s][debug][gc,nmethod  ] Register NMethod: java.util.Objects.equals (0x00007a39d340a608) [0x00007a39d340a700, 0x00007a39d340aa88] Compiler: c1, Barriers: 0, Oops: 0, ImmediateOops: 0, NonImmediateOops: No
[1,108s][debug][gc,nmethod  ] Register NMethod: jdk.internal.module.Builder.newExports (0x00007a39d340ab08) [0x00007a39d340ac00, 0x00007a39d340ad40] Compiler: c1, Barriers: 0, Oops: 0, ImmediateOops: 1, NonImmediateOops: No
[1,108s][debug][gc,nmethod  ] Register NMethod: java.lang.module.ModuleDescriptor$Exports.hashCode (0x00007a39d340ae08) [0x00007a39d340af00, 0x00007a39d340b518] Compiler: c1, Barriers: 3, Oops: 0, ImmediateOops: 0, NonImmediateOops: No
[1,108s][debug][gc,nmethod  ] Register NMethod: java.lang.module.ModuleDescriptor$1.newExports (0x00007a39d340b588) [0x00007a39d340b680, 0x00007a39d340b9f8] Compiler: c1, Barriers: 9, Oops: 0, ImmediateOops: 0, NonImmediateOops: No
[1,108s][debug][gc,nmethod  ] Register NMethod: java.util.ImmutableCollections$ListN.get (0x00007a39d340ba08) [0x00007a39d340bb00, 0x00007a39d340bc88] Compiler: c1, Barriers: 2, Oops: 0, ImmediateOops: 0, NonImmediateOops: No
[1,108s][debug][gc,nmethod  ] Register NMethod: java.lang.String.coder (0x00007a39d340bd08) [0x00007a39d340be00, 0x00007a39d340bf28] Compiler: c1, Barriers: 0, Oops: 0, ImmediateOops: 0, NonImmediateOops: No
[1,108s][debug][gc,nmethod  ] Register NMethod: java.lang.System.arraycopy (0x00007a39f2be5488) [0x00007a39f2be5580, 0x00007a39f2be5700] Compiler: , Barriers: 0, Oops: 0, ImmediateOops: 1, NonImmediateOops: No
[1,108s][debug][gc,nmethod  ] Register NMethod: java.lang.module.ModuleDescriptor$Exports.equals (0x00007a39d340c008) [0x00007a39d340c100, 0x00007a39d340cf78] Compiler: c1, Barriers: 6, Oops: 0, ImmediateOops: 0, NonImmediateOops: No
[1,108s][debug][gc,nmethod  ] Register NMethod: java.lang.module.ModuleDescriptor.name (0x00007a39f2be5788) [0x00007a39f2be5880, 0x00007a39f2be5968] Compiler: c1, Barriers: 1, Oops: 0, ImmediateOops: 0, NonImmediateOops: No
[1,108s][debug][gc,nmethod  ] Register NMethod: java.lang.String.length (0x00007a39d340cf88) [0x00007a39d340d080, 0x00007a39d340d400] Compiler: c1, Barriers: 1, Oops: 0, ImmediateOops: 0, NonImmediateOops: No
[1,108s][debug][gc,nmethod  ] Register NMethod: java.lang.module.ModuleReference.descriptor (0x00007a39f2be5a88) [0x00007a39f2be5b80, 0x00007a39f2be5c68] Compiler: c1, Barriers: 1, Oops: 0, ImmediateOops: 0, NonImmediateOops: No
[1,108s][debug][gc,nmethod  ] Register NMethod: java.lang.String.isLatin1 (0x00007a39d340d408) [0x00007a39d340d500, 0x00007a39d340d660] Compiler: c1, Barriers: 0, Oops: 0, ImmediateOops: 0, NonImmediateOops: No
[1,108s][debug][gc,nmethod  ] Register NMethod: java.net.URI.hash (0x00007a39d340d708) [0x00007a39d340d800, 0x00007a39d340ddc0] Compiler: c1, Barriers: 0, Oops: 0, ImmediateOops: 0, NonImmediateOops: No
[1,109s][debug][gc,nmethod  ] Register NMethod: java.lang.StringLatin1.charAt (0x00007a39d340de08) [0x00007a39d340df00, 0x00007a39d340e0c0] Compiler: c1, Barriers: 0, Oops: 1, ImmediateOops: 1, NonImmediateOops: No
[1,109s][debug][gc,nmethod  ] Register NMethod: jdk.internal.util.Preconditions.checkIndex (0x00007a39d340e108) [0x00007a39d340e200, 0x00007a39d340e388] Compiler: c1, Barriers: 0, Oops: 0, ImmediateOops: 0, NonImmediateOops: No
[1,109s][debug][gc,nmethod  ] Register NMethod: java.lang.String.charAt (0x00007a39d340e408) [0x00007a39d340e500, 0x00007a39d340ea90] Compiler: c1, Barriers: 2, Oops: 1, ImmediateOops: 1, NonImmediateOops: No
[1,109s][debug][gc,nmethod  ] Register NMethod: java.lang.String.checkIndex (0x00007a39d340eb08) [0x00007a39d340ec00, 0x00007a39d340ed28] Compiler: c1, Barriers: 0, Oops: 1, ImmediateOops: 1, NonImmediateOops: No
[1,110s][debug][gc,director ] Rule Major: Warmup 10%, Used: 8MB, UsedThreshold: 1228MB
[1,111s][debug][gc,nmethod  ] Register NMethod: java.lang.StringLatin1.indexOfChar (0x00007a39d340ee08) [0x00007a39d340ef00, 0x00007a39d340f100] Compiler: c1, Barriers: 0, Oops: 0, ImmediateOops: 0, NonImmediateOops: No
[1,112s][debug][gc,nmethod  ] Register NMethod: java.lang.Object.getClass (0x00007a39f2be5d88) [0x00007a39f2be5e80, 0x00007a39f2be61a0] Compiler: , Barriers: 0, Oops: 0, ImmediateOops: 0, NonImmediateOops: No
[1,112s][debug][gc,nmethod  ] Register NMethod: java.io.File.getPath (0x00007a39f2be6208) [0x00007a39f2be6300, 0x00007a39f2be63e8] Compiler: c1, Barriers: 1, Oops: 0, ImmediateOops: 0, NonImmediateOops: No
[1,112s][debug][gc,nmethod  ] Register NMethod: jdk.internal.misc.Unsafe.getLong (0x00007a39f2be6508) [0x00007a39f2be6600, 0x00007a39f2be6768] Compiler: , Barriers: 0, Oops: 0, ImmediateOops: 0, NonImmediateOops: No
[1,112s][debug][gc,nmethod  ] Register NMethod: java.lang.String.indexOf (0x00007a39d340f108) [0x00007a39d340f200, 0x00007a39d340f828] Compiler: c1, Barriers: 2, Oops: 0, ImmediateOops: 0, NonImmediateOops: No
[1,112s][debug][gc,nmethod  ] Register NMethod: java.lang.String.startsWith (0x00007a39d340f888) [0x00007a39d340f980, 0x00007a39d3410c00] Compiler: c1, Barriers: 2, Oops: 0, ImmediateOops: 0, NonImmediateOops: No
[1,112s][debug][gc,nmethod  ] Register NMethod: java.lang.String.startsWith (0x00007a39d3410c08) [0x00007a39d3410d00, 0x00007a39d3410ff8] Compiler: c1, Barriers: 0, Oops: 0, ImmediateOops: 0, NonImmediateOops: No
[1,113s][debug][gc,nmethod  ] Register NMethod: java.lang.String.isEmpty (0x00007a39d3411008) [0x00007a39d3411100, 0x00007a39d3411288] Compiler: c1, Barriers: 1, Oops: 0, ImmediateOops: 0, NonImmediateOops: No
[1,113s][debug][gc,nmethod  ] Register NMethod: java.lang.Object.<init> (0x00007a39f2be6808) [0x00007a39f2be6900, 0x00007a39f2be6980] Compiler: jvmci, Barriers: 0, Oops: 0, ImmediateOops: 0, NonImmediateOops: No
[1,113s][debug][gc,nmethod  ] Register NMethod: java.lang.StringLatin1.indexOf (0x00007a39d3411308) [0x00007a39d3411400, 0x00007a39d3411888] Compiler: c1, Barriers: 0, Oops: 0, ImmediateOops: 0, NonImmediateOops: No
[1,113s][debug][gc,nmethod  ] Register NMethod: jdk.internal.util.ArraysSupport.mismatch (0x00007a39d3411908) [0x00007a39d3411a00, 0x00007a39d3411de0] Compiler: c1, Barriers: 0, Oops: 0, ImmediateOops: 0, NonImmediateOops: No
[1,113s][debug][gc,nmethod  ] Register NMethod: jdk.internal.misc.Unsafe.getInt (0x00007a39f2be6b08) [0x00007a39f2be6c00, 0x00007a39f2be6d68] Compiler: , Barriers: 0, Oops: 0, ImmediateOops: 0, NonImmediateOops: No
[1,113s][debug][gc,nmethod  ] Register NMethod: java.io.File.getPrefixLength (0x00007a39f2be6e08) [0x00007a39f2be6f00, 0x00007a39f2be6fc0] Compiler: c1, Barriers: 0, Oops: 0, ImmediateOops: 0, NonImmediateOops: No
[1,113s][debug][gc,nmethod  ] Register NMethod: jdk.internal.misc.Unsafe.getLongUnaligned (0x00007a39d3411e08) [0x00007a39d3411f00, 0x00007a39d34122b0] Compiler: c1, Barriers: 0, Oops: 0, ImmediateOops: 0, NonImmediateOops: No
[1,114s][debug][gc,nmethod  ] Register NMethod: java.lang.Math.min (0x00007a39d3412308) [0x00007a39d3412400, 0x00007a39d3412528] Compiler: c1, Barriers: 0, Oops: 0, ImmediateOops: 0, NonImmediateOops: No
[1,114s][debug][gc,nmethod  ] Register NMethod: java.lang.StringLatin1.lastIndexOf (0x00007a39d3412608) [0x00007a39d3412700, 0x00007a39d3412ac8] Compiler: c1, Barriers: 0, Oops: 0, ImmediateOops: 0, NonImmediateOops: No
[1,114s][debug][gc,nmethod  ] Register NMethod: sun.net.www.ParseUtil.firstEncodeIndex (0x00007a39d3412b08) [0x00007a39d3412c00, 0x00007a39d3413ad8] Compiler: c1, Barriers: 3, Oops: 1, ImmediateOops: 1, NonImmediateOops: No
[1,114s][debug][gc,nmethod  ] Register NMethod: jdk.internal.misc.Unsafe.compareAndSetLong (0x00007a39f2be7108) [0x00007a39f2be7200, 0x00007a39f2be7370] Compiler: , Barriers: 0, Oops: 0, ImmediateOops: 0, NonImmediateOops: No
[1,114s][debug][gc,nmethod  ] Register NMethod: jdk.internal.misc.Unsafe.compareAndSetReference (0x00007a39f2be7408) [0x00007a39f2be7500, 0x00007a39f2be7698] Compiler: , Barriers: 0, Oops: 0, ImmediateOops: 0, NonImmediateOops: No
[1,114s][debug][gc,nmethod  ] Register NMethod: java.util.concurrent.ConcurrentHashMap.spread (0x00007a39d3413b08) [0x00007a39d3413c00, 0x00007a39d3413cf0] Compiler: c1, Barriers: 0, Oops: 0, ImmediateOops: 0, NonImmediateOops: No
[1,114s][debug][gc,nmethod  ] Register NMethod: jdk.internal.misc.Unsafe.getReferenceAcquire (0x00007a39d3413e08) [0x00007a39d3413f00, 0x00007a39d3414030] Compiler: c1, Barriers: 1, Oops: 0, ImmediateOops: 0, NonImmediateOops: No
[1,115s][debug][gc,nmethod  ] Register NMethod: java.util.concurrent.ConcurrentHashMap.tabAt (0x00007a39d3414108) [0x00007a39d3414200, 0x00007a39d3414748] Compiler: c1, Barriers: 1, Oops: 1, ImmediateOops: 1, NonImmediateOops: No
[1,115s][debug][gc,nmethod  ] Register NMethod: java.util.concurrent.ConcurrentHashMap$Node.<init> (0x00007a39d3414788) [0x00007a39d3414880, 0x00007a39d3414ad0] Compiler: c1, Barriers: 6, Oops: 0, ImmediateOops: 0, NonImmediateOops: No
[1,115s][debug][gc,nmethod  ] Register NMethod: java.util.ImmutableCollections$SetN$SetNIterator.next (0x00007a39d3414b08) [0x00007a39d3414c00, 0x00007a39d3414f68] Compiler: c1, Barriers: 3, Oops: 0, ImmediateOops: 0, NonImmediateOops: No
[1,115s][debug][gc,nmethod  ] Register NMethod: java.util.concurrent.ConcurrentHashMap.addCount (0x00007a39d3414f88) [0x00007a39d3415080, 0x00007a39d3415d20] Compiler: c1, Barriers: 4, Oops: 0, ImmediateOops: 0, NonImmediateOops: No
[1,115s][debug][gc,nmethod  ] Register NMethod: java.util.concurrent.ConcurrentHashMap.putVal (0x00007a39d3415d88) [0x00007a39d3415e80, 0x00007a39d3418378] Compiler: c1, Barriers: 28, Oops: 0, ImmediateOops: 1, NonImmediateOops: No
[1,116s][debug][gc,nmethod  ] Register NMethod: jdk.internal.util.ArraysSupport.unsignedHashCode (0x00007a39f2be7708) [0x00007a39f2be7820, 0x00007a39f2be7a18] Compiler: jvmci, Barriers: 0, Oops: 0, ImmediateOops: 0, NonImmediateOops: No
[1,117s][debug][gc,nmethod  ] Register NMethod: java.lang.String.charAt (0x00007a39f2be7a88) [0x00007a39f2be7b80, 0x00007a39f2be7cb0] Compiler: jvmci, Barriers: 1, Oops: 0, ImmediateOops: 0, NonImmediateOops: No
[1,118s][debug][gc,nmethod  ] Register NMethod: java.lang.String.hashCode (0x00007a39f2be7d88) [0x00007a39f2be7e80, 0x00007a39f2be8020] Compiler: jvmci, Barriers: 1, Oops: 0, ImmediateOops: 0, NonImmediateOops: No
[1,118s][debug][gc,nmethod  ] Register NMethod: java.lang.invoke.MethodHandle.linkToStatic (0x00007a39f2be8088) [0x00007a39f2be8180, 0x00007a39f2be8270] Compiler: , Barriers: 0, Oops: 0, ImmediateOops: 0, NonImmediateOops: No
[1,120s][debug][gc,nmethod  ] Register NMethod: java.lang.Enum.ordinal (0x00007a39f2be8388) [0x00007a39f2be8480, 0x00007a39f2be8540] Compiler: c1, Barriers: 0, Oops: 0, ImmediateOops: 0, NonImmediateOops: No
[1,120s][debug][gc,director ] Rule Major: Warmup 10%, Used: 10MB, UsedThreshold: 1228MB
[1,120s][debug][gc,nmethod  ] Register NMethod: java.lang.Object.hashCode (0x00007a39f2be8688) [0x00007a39f2be8780, 0x00007a39f2be88f0] Compiler: , Barriers: 0, Oops: 0, ImmediateOops: 0, NonImmediateOops: No
[1,120s][debug][gc,nmethod  ] Register NMethod: java.lang.Class.isPrimitive (0x00007a39f2be8988) [0x00007a39f2be8a80, 0x00007a39f2be8b40] Compiler: c1, Barriers: 0, Oops: 0, ImmediateOops: 0, NonImmediateOops: No
[1,121s][debug][gc,nmethod  ] Register NMethod: java.lang.invoke.MethodHandle.linkToStatic (0x00007a39f2be8c88) [0x00007a39f2be8d80, 0x00007a39f2be8e70] Compiler: , Barriers: 0, Oops: 0, ImmediateOops: 0, NonImmediateOops: No
[1,121s][debug][gc,nmethod  ] Register NMethod: java.lang.invoke.MethodHandle.linkToStatic (0x00007a39f2be8f88) [0x00007a39f2be9080, 0x00007a39f2be9170] Compiler: , Barriers: 0, Oops: 0, ImmediateOops: 0, NonImmediateOops: No
[1,122s][debug][gc,nmethod  ] Register NMethod: java.lang.String.coder (0x00007a39f2be9288) [0x00007a39f2be9380, 0x00007a39f2be9408] Compiler: jvmci, Barriers: 0, Oops: 0, ImmediateOops: 0, NonImmediateOops: No
[1,122s][debug][gc,nmethod  ] Register NMethod: java.lang.invoke.MethodHandle.invokeBasic (0x00007a39f2be9588) [0x00007a39f2be9680, 0x00007a39f2be9918] Compiler: , Barriers: 0, Oops: 0, ImmediateOops: 0, NonImmediateOops: No
[1,122s][debug][gc,nmethod  ] Register NMethod: java.lang.invoke.MethodHandle.linkToSpecial (0x00007a39f2be9988) [0x00007a39f2be9a80, 0x00007a39f2be9b78] Compiler: , Barriers: 0, Oops: 0, ImmediateOops: 0, NonImmediateOops: No
[1,124s][debug][gc,nmethod  ] Register NMethod: java.lang.String.hashCode (0x00007a39d3418388) [0x00007a39d3418480, 0x00007a39d3418a28] Compiler: c1, Barriers: 2, Oops: 0, ImmediateOops: 0, NonImmediateOops: No
[1,126s][debug][gc,nmethod  ] Register NMethod: java.lang.Enum.<init> (0x00007a39d3418a88) [0x00007a39d3418b80, 0x00007a39d3418d58] Compiler: c1, Barriers: 3, Oops: 0, ImmediateOops: 0, NonImmediateOops: No
[1,128s][debug][gc,nmethod  ] Register NMethod: java.lang.invoke.MethodHandle.invokeBasic (0x00007a39f2be9c88) [0x00007a39f2be9d80, 0x00007a39f2bea018] Compiler: , Barriers: 0, Oops: 0, ImmediateOops: 0, NonImmediateOops: No
[1,128s][debug][gc,nmethod  ] Register NMethod: java.lang.invoke.MethodHandle.linkToSpecial (0x00007a39f2bea088) [0x00007a39f2bea180, 0x00007a39f2bea278] Compiler: , Barriers: 0, Oops: 0, ImmediateOops: 0, NonImmediateOops: No
[1,128s][debug][gc,nmethod  ] Register NMethod: jdk.internal.util.StrongReferenceKey.get (0x00007a39f2bea388) [0x00007a39f2bea480, 0x00007a39f2bea568] Compiler: c1, Barriers: 1, Oops: 0, ImmediateOops: 0, NonImmediateOops: No
[1,129s][debug][gc,nmethod  ] Register NMethod: java.lang.invoke.MethodHandle.linkToStatic (0x00007a39f2bea688) [0x00007a39f2bea780, 0x00007a39f2bea878] Compiler: , Barriers: 0, Oops: 0, ImmediateOops: 0, NonImmediateOops: No
[1,129s][debug][gc,nmethod  ] Register NMethod: java.lang.Object.clone (0x00007a39f2bea988) [0x00007a39f2beaa80, 0x00007a39f2beada0] Compiler: , Barriers: 0, Oops: 0, ImmediateOops: 0, NonImmediateOops: No
[1,129s][debug][gc,nmethod  ] Register NMethod: java.lang.invoke.MethodHandle.linkToStatic (0x00007a39f2beae08) [0x00007a39f2beaf00, 0x00007a39f2beaff0] Compiler: , Barriers: 0, Oops: 0, ImmediateOops: 0, NonImmediateOops: No
[1,129s][debug][gc,nmethod  ] Register NMethod: java.lang.Class.getClassLoader (0x00007a39f2beb108) [0x00007a39f2beb200, 0x00007a39f2beb2e8] Compiler: c1, Barriers: 1, Oops: 0, ImmediateOops: 0, NonImmediateOops: No
[1,129s][debug][gc,nmethod  ] Register NMethod: java.lang.invoke.MethodType.returnType (0x00007a39f2beb408) [0x00007a39f2beb500, 0x00007a39f2beb5e8] Compiler: c1, Barriers: 1, Oops: 0, ImmediateOops: 0, NonImmediateOops: No
[1,129s][debug][gc,nmethod  ] Register NMethod: java.lang.invoke.MethodHandle.invokeBasic (0x00007a39f2beb708) [0x00007a39f2beb800, 0x00007a39f2beba98] Compiler: , Barriers: 0, Oops: 0, ImmediateOops: 0, NonImmediateOops: No
[1,129s][debug][gc,nmethod  ] Register NMethod: java.util.concurrent.ConcurrentHashMap.putIfAbsent (0x00007a39d3418d88) [0x00007a39d3418e80, 0x00007a39d3419180] Compiler: c1, Barriers: 0, Oops: 0, ImmediateOops: 0, NonImmediateOops: No
[1,129s][debug][gc,nmethod  ] Register NMethod: jdk.internal.classfile.impl.AbstractPoolEntry.index (0x00007a39f2bebb08) [0x00007a39f2bebc00, 0x00007a39f2bebcc0] Compiler: c1, Barriers: 0, Oops: 0, ImmediateOops: 0, NonImmediateOops: No
[1,130s][debug][gc,nmethod  ] Register NMethod: jdk.internal.classfile.impl.SplitConstantPool.size (0x00007a39f2bebe08) [0x00007a39f2bebf00, 0x00007a39f2bebfc0] Compiler: c1, Barriers: 0, Oops: 0, ImmediateOops: 0, NonImmediateOops: No
[1,130s][debug][gc,nmethod  ] Register NMethod: java.lang.invoke.MethodHandle.linkToSpecial (0x00007a39f2bec108) [0x00007a39f2bec200, 0x00007a39f2bec2f8] Compiler: , Barriers: 0, Oops: 0, ImmediateOops: 0, NonImmediateOops: No
[1,130s][debug][gc,director ] Rule Major: Warmup 10%, Used: 10MB, UsedThreshold: 1228MB
[1,130s][debug][gc,nmethod  ] Register NMethod: java.lang.String.<init> (0x00007a39d3419188) [0x00007a39d3419280, 0x00007a39d3419458] Compiler: c1, Barriers: 3, Oops: 0, ImmediateOops: 0, NonImmediateOops: No
[1,130s][debug][gc,nmethod  ] Register NMethod: jdk.internal.classfile.impl.AbstractPoolEntry.width (0x00007a39f2bec408) [0x00007a39f2bec500, 0x00007a39f2bec5c0] Compiler: c1, Barriers: 0, Oops: 0, ImmediateOops: 0, NonImmediateOops: No
[1,130s][debug][gc,nmethod  ] Register NMethod: java.lang.String.getBytes (0x00007a39d3419488) [0x00007a39d3419580, 0x00007a39d3419a88] Compiler: c1, Barriers: 2, Oops: 0, ImmediateOops: 0, NonImmediateOops: No
[1,130s][debug][gc,nmethod  ] Register NMethod: java.lang.ref.ReferenceQueue.poll (0x00007a39d3419b08) [0x00007a39d3419c00, 0x00007a39d341a020] Compiler: c1, Barriers: 2, Oops: 0, ImmediateOops: 0, NonImmediateOops: No
[1,131s][debug][gc,nmethod  ] Register NMethod: java.lang.invoke.MethodHandle.linkToStatic (0x00007a39f2bec708) [0x00007a39f2bec800, 0x00007a39f2bec8f0] Compiler: , Barriers: 0, Oops: 0, ImmediateOops: 0, NonImmediateOops: No
[1,131s][debug][gc,nmethod  ] Register NMethod: jdk.internal.util.ReferencedKeyMap.removeStaleReferences (0x00007a39d341a088) [0x00007a39d341a180, 0x00007a39d341a7a0] Compiler: c1, Barriers: 2, Oops: 0, ImmediateOops: 0, NonImmediateOops: No
[1,131s][debug][gc,nmethod  ] Register NMethod: java.lang.invoke.MethodHandle.linkToSpecial (0x00007a39f2beca08) [0x00007a39f2becb00, 0x00007a39f2becbf8] Compiler: , Barriers: 0, Oops: 0, ImmediateOops: 0, NonImmediateOops: No
[1,131s][debug][gc,nmethod  ] Register NMethod: jdk.internal.classfile.impl.BufWriterImpl.reserveSpace (0x00007a39d341a808) [0x00007a39d341a900, 0x00007a39d341ac18] Compiler: c1, Barriers: 4, Oops: 0, ImmediateOops: 0, NonImmediateOops: No
[1,131s][debug][gc,nmethod  ] Register NMethod: java.lang.invoke.MemberName.getDeclaringClass (0x00007a39f2becd08) [0x00007a39f2bece00, 0x00007a39f2becee8] Compiler: c1, Barriers: 1, Oops: 0, ImmediateOops: 0, NonImmediateOops: No
[1,131s][debug][gc,nmethod  ] Register NMethod: jdk.internal.classfile.impl.RawBytecodeHelper.bci (0x00007a39f2bed008) [0x00007a39f2bed100, 0x00007a39f2bed1c0] Compiler: c1, Barriers: 0, Oops: 0, ImmediateOops: 0, NonImmediateOops: No
[1,131s][debug][gc,nmethod  ] Register NMethod: jdk.internal.classfile.impl.SplitConstantPool.map (0x00007a39d341ac88) [0x00007a39d341ada0, 0x00007a39d341c4a0] Compiler: c1, Barriers: 9, Oops: 0, ImmediateOops: 0, NonImmediateOops: No
[1,132s][debug][gc,nmethod  ] Register NMethod: java.lang.invoke.MethodType.hashCode (0x00007a39d341c508) [0x00007a39d341c600, 0x00007a39d341cc80] Compiler: c1, Barriers: 3, Oops: 0, ImmediateOops: 0, NonImmediateOops: No
[1,132s][debug][gc,nmethod  ] Register NMethod: java.util.concurrent.ConcurrentHashMap.get (0x00007a39d341cc88) [0x00007a39d341cd80, 0x00007a39d341dd98] Compiler: c1, Barriers: 7, Oops: 0, ImmediateOops: 0, NonImmediateOops: No
[1,132s][debug][gc,nmethod  ] Register NMethod: java.lang.invoke.MemberName.anyFlagSet (0x00007a39d341de08) [0x00007a39d341df00, 0x00007a39d341e050] Compiler: c1, Barriers: 0, Oops: 0, ImmediateOops: 0, NonImmediateOops: No
[1,132s][debug][gc,nmethod  ] Register NMethod: java.lang.invoke.MemberName.isInvocable (0x00007a39d341e108) [0x00007a39d341e200, 0x00007a39d341e3b8] Compiler: c1, Barriers: 0, Oops: 0, ImmediateOops: 0, NonImmediateOops: No
[1,132s][debug][gc,nmethod  ] Register NMethod: jdk.internal.util.ReferencedKeyMap.lookupKey (0x00007a39d341e408) [0x00007a39d341e500, 0x00007a39d341e788] Compiler: c1, Barriers: 3, Oops: 0, ImmediateOops: 0, NonImmediateOops: No
[1,132s][debug][gc,nmethod  ] Register NMethod: jdk.internal.util.StrongReferenceKey.<init> (0x00007a39d341e808) [0x00007a39d341e900, 0x00007a39d341ead0] Compiler: c1, Barriers: 3, Oops: 0, ImmediateOops: 0, NonImmediateOops: No
[1,132s][debug][gc,nmethod  ] Register NMethod: jdk.internal.classfile.impl.AbstractPoolEntry.constantPool (0x00007a39f2bed308) [0x00007a39f2bed400, 0x00007a39f2bed4e8] Compiler: c1, Barriers: 1, Oops: 0, ImmediateOops: 0, NonImmediateOops: No
[1,132s][debug][gc,nmethod  ] Register NMethod: jdk.internal.util.StrongReferenceKey.hashCode (0x00007a39d341eb08) [0x00007a39d341ec00, 0x00007a39d341f110] Compiler: c1, Barriers: 1, Oops: 0, ImmediateOops: 0, NonImmediateOops: No
[1,132s][debug][gc,nmethod  ] Register NMethod: java.lang.invoke.MethodHandle.linkToInterface (0x00007a39f2bed608) [0x00007a39f2bed700, 0x00007a39f2bed830] Compiler: , Barriers: 0, Oops: 0, ImmediateOops: 0, NonImmediateOops: No
[1,133s][debug][gc,nmethod  ] Register NMethod: java.lang.Class.isArray (0x00007a39d341f188) [0x00007a39d341f280, 0x00007a39d341f400] Compiler: c1, Barriers: 1, Oops: 0, ImmediateOops: 0, NonImmediateOops: No
[1,133s][debug][gc,nmethod  ] Register NMethod: jdk.internal.util.Preconditions.checkFromToIndex (0x00007a39d341f488) [0x00007a39d341f580, 0x00007a39d341f738] Compiler: c1, Barriers: 0, Oops: 0, ImmediateOops: 0, NonImmediateOops: No
[1,133s][debug][gc,nmethod  ] Register NMethod: java.lang.String.checkBoundsBeginEnd (0x00007a39d341f788) [0x00007a39d341f880, 0x00007a39d341fa98] Compiler: c1, Barriers: 0, Oops: 1, ImmediateOops: 1, NonImmediateOops: No
[1,133s][debug][gc,nmethod  ] Register NMethod: java.lang.StringCoding.countNonZeroAsciiLatin1 (0x00007a39d341fb08) [0x00007a39d341fc00, 0x00007a39d341fe08] Compiler: c1, Barriers: 0, Oops: 0, ImmediateOops: 0, NonImmediateOops: No
[1,133s][debug][gc,nmethod  ] Register NMethod: java.lang.invoke.MethodHandle.linkToStatic (0x00007a39f2bed908) [0x00007a39f2beda00, 0x00007a39f2bedaf0] Compiler: , Barriers: 0, Oops: 0, ImmediateOops: 0, NonImmediateOops: No
[1,133s][debug][gc,nmethod  ] Register NMethod: jdk.internal.classfile.impl.AbstractPoolEntry.hashString (0x00007a39d341fe88) [0x00007a39d341ff80, 0x00007a39d3420068] Compiler: c1, Barriers: 0, Oops: 0, ImmediateOops: 0, NonImmediateOops: No
[1,133s][debug][gc,nmethod  ] Register NMethod: jdk.internal.classfile.impl.BufWriterImpl.size (0x00007a39f2bedc08) [0x00007a39f2bedd00, 0x00007a39f2beddc0] Compiler: c1, Barriers: 0, Oops: 0, ImmediateOops: 0, NonImmediateOops: No
[1,133s][debug][gc,nmethod  ] Register NMethod: jdk.internal.classfile.impl.SplitConstantPool.entryByIndex (0x00007a39d3420188) [0x00007a39d3420280, 0x00007a39d3422330] Compiler: c1, Barriers: 3, Oops: 2, ImmediateOops: 5, NonImmediateOops: No
[1,134s][debug][gc,nmethod  ] Register NMethod: java.lang.String.value (0x00007a39f2bedf08) [0x00007a39f2bee000, 0x00007a39f2bee0e8] Compiler: c1, Barriers: 1, Oops: 0, ImmediateOops: 0, NonImmediateOops: No
[1,134s][debug][gc,nmethod  ] Register NMethod: jdk.internal.classfile.impl.EntryMap.firstToken (0x00007a39d3422388) [0x00007a39d3422480, 0x00007a39d3422970] Compiler: c1, Barriers: 1, Oops: 0, ImmediateOops: 1, NonImmediateOops: No
[1,134s][debug][gc,nmethod  ] Register NMethod: java.lang.invoke.MethodType.form (0x00007a39f2bee208) [0x00007a39f2bee300, 0x00007a39f2bee3e8] Compiler: c1, Barriers: 1, Oops: 0, ImmediateOops: 0, NonImmediateOops: No
[1,134s][debug][gc,nmethod  ] Register NMethod: java.lang.invoke.MethodHandle.linkToSpecial (0x00007a39f2bee508) [0x00007a39f2bee600, 0x00007a39f2bee6f8] Compiler: , Barriers: 0, Oops: 0, ImmediateOops: 0, NonImmediateOops: No
[1,134s][debug][gc,nmethod  ] Register NMethod: java.util.Objects.requireNonNull (0x00007a39d3422988) [0x00007a39d3422a80, 0x00007a39d3422c58] Compiler: c1, Barriers: 0, Oops: 0, ImmediateOops: 0, NonImmediateOops: No
[1,134s][debug][gc,nmethod  ] Register NMethod: jdk.internal.classfile.impl.AbstractPoolEntry.<init> (0x00007a39d3422c88) [0x00007a39d3422d80, 0x00007a39d3422f58] Compiler: c1, Barriers: 3, Oops: 0, ImmediateOops: 0, NonImmediateOops: No
[1,134s][debug][gc,nmethod  ] Register NMethod: jdk.internal.constant.ClassOrInterfaceDescImpl.descriptorString (0x00007a39f2bee808) [0x00007a39f2bee900, 0x00007a39f2bee9e8] Compiler: c1, Barriers: 1, Oops: 0, ImmediateOops: 0, NonImmediateOops: No
[1,134s][debug][gc,nmethod  ] Register NMethod: java.lang.invoke.MethodType.parameterCount (0x00007a39d3422f88) [0x00007a39d3423080, 0x00007a39d34231b8] Compiler: c1, Barriers: 1, Oops: 0, ImmediateOops: 0, NonImmediateOops: No
[1,134s][debug][gc,nmethod  ] Register NMethod: java.lang.StringConcatHelper.newArray (0x00007a39d3423288) [0x00007a39d3423380, 0x00007a39d3423958] Compiler: c1, Barriers: 0, Oops: 0, ImmediateOops: 3, NonImmediateOops: No
[1,134s][debug][gc,nmethod  ] Register NMethod: jdk.internal.util.ReferencedKeyMap.getNoCheckStale (0x00007a39d3423988) [0x00007a39d3423a80, 0x00007a39d3424100] Compiler: c1, Barriers: 4, Oops: 1, ImmediateOops: 1, NonImmediateOops: No
[1,135s][debug][gc,nmethod  ] Register NMethod: jdk.internal.misc.Unsafe.allocateUninitializedArray (0x00007a39d3424188) [0x00007a39d3424280, 0x00007a39d3424848] Compiler: c1, Barriers: 0, Oops: 0, ImmediateOops: 3, NonImmediateOops: No
[1,135s][debug][gc,nmethod  ] Register NMethod: jdk.internal.misc.Unsafe.allocateUninitializedArray0 (0x00007a39d3424888) [0x00007a39d3424980, 0x00007a39d34251a0] Compiler: c1, Barriers: 0, Oops: 0, ImmediateOops: 8, NonImmediateOops: No
[1,135s][debug][gc,nmethod  ] Register NMethod: jdk.internal.util.ReferencedKeyMap.get (0x00007a39d3425208) [0x00007a39d3425300, 0x00007a39d3426128] Compiler: c1, Barriers: 6, Oops: 1, ImmediateOops: 1, NonImmediateOops: No
[1,135s][debug][gc,nmethod  ] Register NMethod: jdk.internal.classfile.impl.SplitConstantPool.internalAdd (0x00007a39d3426188) [0x00007a39d3426280, 0x00007a39d34265d8] Compiler: c1, Barriers: 0, Oops: 0, ImmediateOops: 0, NonImmediateOops: No
[1,135s][debug][gc,nmethod  ] Register NMethod: java.util.HashMap.hash (0x00007a39d3426608) [0x00007a39d3426700, 0x00007a39d3426a38] Compiler: c1, Barriers: 0, Oops: 0, ImmediateOops: 0, NonImmediateOops: No
[1,135s][debug][gc,nmethod  ] Register NMethod: jdk.internal.classfile.impl.SplitConstantPool.internalAdd (0x00007a39d3426a88) [0x00007a39d3426b80, 0x00007a39d3427968] Compiler: c1, Barriers: 8, Oops: 0, ImmediateOops: 1, NonImmediateOops: No
[1,135s][debug][gc,nmethod  ] Register NMethod: java.util.stream.FindOps$FindSink.cancellationRequested (0x00007a39f2beeb08) [0x00007a39f2beec00, 0x00007a39f2beecc0] Compiler: c1, Barriers: 0, Oops: 0, ImmediateOops: 0, NonImmediateOops: No
[1,135s][debug][gc,nmethod  ] Register NMethod: jdk.internal.classfile.impl.EntryMap.put (0x00007a39d3427988) [0x00007a39d3427a80, 0x00007a39d3428150] Compiler: c1, Barriers: 1, Oops: 0, ImmediateOops: 1, NonImmediateOops: No
[1,135s][debug][gc,nmethod  ] Register NMethod: java.util.stream.ReferencePipeline$2$1.accept (0x00007a39d3428188) [0x00007a39d3428280, 0x00007a39d3428840] Compiler: c1, Barriers: 2, Oops: 0, ImmediateOops: 0, NonImmediateOops: No
[1,135s][debug][gc,nmethod  ] Register NMethod: java.util.stream.Sink$ChainedReference.cancellationRequested (0x00007a39d3428888) [0x00007a39d3428980, 0x00007a39d3428cc8] Compiler: c1, Barriers: 1, Oops: 0, ImmediateOops: 0, NonImmediateOops: No
[1,135s][debug][gc,nmethod  ] Register NMethod: java.lang.module.ModuleDescriptor$Exports.isQualified (0x00007a39d3428d08) [0x00007a39d3428e00, 0x00007a39d3429190] Compiler: c1, Barriers: 1, Oops: 0, ImmediateOops: 0, NonImmediateOops: No
[1,135s][debug][gc,nmethod  ] Register NMethod: jdk.internal.module.DefaultRoots.lambda$exportsAPI$0 (0x00007a39d3429208) [0x00007a39d3429300, 0x00007a39d34298d8] Compiler: c1, Barriers: 1, Oops: 0, ImmediateOops: 0, NonImmediateOops: No
[1,135s][debug][gc,nmethod  ] Register NMethod: jdk.internal.module.DefaultRoots$$Lambda/0x00000000ba058050.test (0x00007a39d3429908) [0x00007a39d3429a00, 0x00007a39d342a258] Compiler: c1, Barriers: 1, Oops: 0, ImmediateOops: 0, NonImmediateOops: No
[1,135s][debug][gc,nmethod  ] Register NMethod: java.util.ImmutableCollections$SetN.isEmpty (0x00007a39d342a288) [0x00007a39d342a380, 0x00007a39d342a4d0] Compiler: c1, Barriers: 0, Oops: 0, ImmediateOops: 0, NonImmediateOops: No
[1,135s][debug][gc,nmethod  ] Register NMethod: java.util.Spliterators$IteratorSpliterator.tryAdvance (0x00007a39d342a588) [0x00007a39d342a680, 0x00007a39d342b4b0] Compiler: c1, Barriers: 8, Oops: 0, ImmediateOops: 0, NonImmediateOops: No
[1,135s][debug][gc,nmethod  ] Register NMethod: java.util.HashMap.afterNodeInsertion (0x00007a39d342b508) [0x00007a39d342b600, 0x00007a39d342b700] Compiler: c1, Barriers: 0, Oops: 0, ImmediateOops: 0, NonImmediateOops: No
[1,135s][debug][gc,nmethod  ] Register NMethod: java.util.HashMap$Node.<init> (0x00007a39d342b808) [0x00007a39d342b900, 0x00007a39d342bbc0] Compiler: c1, Barriers: 9, Oops: 0, ImmediateOops: 0, NonImmediateOops: No
[1,135s][debug][gc,nmethod  ] Register NMethod: java.util.HashMap.newNode (0x00007a39d342bc08) [0x00007a39d342bd00, 0x00007a39d342c080] Compiler: c1, Barriers: 9, Oops: 0, ImmediateOops: 0, NonImmediateOops: No
[1,136s][debug][gc,nmethod  ] Register NMethod: java.util.HashMap.put (0x00007a39d342c088) [0x00007a39d342c180, 0x00007a39d342c768] Compiler: c1, Barriers: 0, Oops: 0, ImmediateOops: 0, NonImmediateOops: No
[1,136s][debug][gc,nmethod  ] Register NMethod: java.util.Optional.<init> (0x00007a39d342c788) [0x00007a39d342c880, 0x00007a39d342ca50] Compiler: c1, Barriers: 3, Oops: 0, ImmediateOops: 0, NonImmediateOops: No
[1,136s][debug][gc,nmethod  ] Register NMethod: java.util.ImmutableCollections$MapN.get (0x00007a39d342ca88) [0x00007a39d342cb80, 0x00007a39d342cf58] Compiler: c1, Barriers: 2, Oops: 0, ImmediateOops: 0, NonImmediateOops: No
[1,136s][debug][gc,nmethod  ] Register NMethod: java.util.ImmutableCollections$Set12$1.hasNext (0x00007a39d342cf88) [0x00007a39d342d080, 0x00007a39d342d1d0] Compiler: c1, Barriers: 0, Oops: 0, ImmediateOops: 0, NonImmediateOops: No
[1,136s][debug][gc,nmethod  ] Register NMethod: java.util.ImmutableCollections$MapN.probe (0x00007a39d342d288) [0x00007a39d342d380, 0x00007a39d342dbb0] Compiler: c1, Barriers: 4, Oops: 0, ImmediateOops: 0, NonImmediateOops: No
[1,136s][debug][gc,nmethod  ] Register NMethod: jdk.internal.module.ModuleReferenceImpl.moduleResolution (0x00007a39f2beee08) [0x00007a39f2beef00, 0x00007a39f2beefe8] Compiler: c1, Barriers: 1, Oops: 0, ImmediateOops: 0, NonImmediateOops: No
[1,136s][debug][gc,nmethod  ] Register NMethod: java.util.HashMap.putVal (0x00007a39d342dc08) [0x00007a39d342dd00, 0x00007a39d342f9f0] Compiler: c1, Barriers: 15, Oops: 0, ImmediateOops: 0, NonImmediateOops: No
[1,136s][debug][gc,nmethod  ] Register NMethod: java.util.HashSet.add (0x00007a39d342fa08) [0x00007a39d342fb00, 0x00007a39d342fce0] Compiler: c1, Barriers: 1, Oops: 0, ImmediateOops: 1, NonImmediateOops: No
[1,136s][debug][gc,nmethod  ] Register NMethod: java.util.HashMap$HashIterator.hasNext (0x00007a39d342fd08) [0x00007a39d342fe00, 0x00007a39d342ff80] Compiler: c1, Barriers: 1, Oops: 0, ImmediateOops: 0, NonImmediateOops: No
[1,136s][debug][gc,nmethod  ] Register NMethod: java.util.HashMap.getNode (0x00007a39d3430008) [0x00007a39d3430100, 0x00007a39d3431410] Compiler: c1, Barriers: 6, Oops: 0, ImmediateOops: 0, NonImmediateOops: No
[1,136s][debug][gc,nmethod  ] Register NMethod: java.util.HashMap.get (0x00007a39d3431488) [0x00007a39d3431580, 0x00007a39d3431918] Compiler: c1, Barriers: 1, Oops: 0, ImmediateOops: 0, NonImmediateOops: No
[1,136s][debug][gc,nmethod  ] Register NMethod: java.util.Optional.ofNullable (0x00007a39d3431988) [0x00007a39d3431a80, 0x00007a39d3431d38] Compiler: c1, Barriers: 3, Oops: 0, ImmediateOops: 1, NonImmediateOops: No
[1,136s][debug][gc,nmethod  ] Register NMethod: java.util.HashMap$HashIterator.nextNode (0x00007a39d3431d88) [0x00007a39d3431e80, 0x00007a39d3432498] Compiler: c1, Barriers: 14, Oops: 0, ImmediateOops: 0, NonImmediateOops: No
[1,136s][debug][gc,nmethod  ] Register NMethod: java.lang.module.Resolver.isTracing (0x00007a39d3432508) [0x00007a39d3432600, 0x00007a39d3432780] Compiler: c1, Barriers: 1, Oops: 0, ImmediateOops: 0, NonImmediateOops: No
[1,136s][debug][gc,nmethod  ] Register NMethod: java.lang.module.ModuleDescriptor$Requires.name (0x00007a39f2bef108) [0x00007a39f2bef200, 0x00007a39f2bef2e8] Compiler: c1, Barriers: 1, Oops: 0, ImmediateOops: 0, NonImmediateOops: No
[1,136s][debug][gc,nmethod  ] Register NMethod: java.lang.module.ModuleDescriptor$Requires.modifiers (0x00007a39f2bef408) [0x00007a39f2bef500, 0x00007a39f2bef5e8] Compiler: c1, Barriers: 1, Oops: 0, ImmediateOops: 0, NonImmediateOops: No
[1,136s][debug][gc,nmethod  ] Register NMethod: jdk.internal.module.SystemModuleFinders$SystemModuleFinder.find (0x00007a39d3432808) [0x00007a39d3432900, 0x00007a39d34331d0] Compiler: c1, Barriers: 4, Oops: 0, ImmediateOops: 1, NonImmediateOops: No
[1,137s][debug][gc,nmethod  ] Register NMethod: java.util.HashMap.containsKey (0x00007a39d3433208) [0x00007a39d3433300, 0x00007a39d3433640] Compiler: c1, Barriers: 0, Oops: 0, ImmediateOops: 0, NonImmediateOops: No
[1,137s][debug][gc,nmethod  ] Register NMethod: java.util.HashSet.add (0x00007a39d3433688) [0x00007a39d3433780, 0x00007a39d3433b10] Compiler: c1, Barriers: 1, Oops: 0, ImmediateOops: 1, NonImmediateOops: No
[1,137s][debug][gc,nmethod  ] Register NMethod: java.util.HashMap.put (0x00007a39d3433b88) [0x00007a39d3433c80, 0x00007a39d3434268] Compiler: c1, Barriers: 0, Oops: 0, ImmediateOops: 0, NonImmediateOops: No
[1,137s][debug][gc,nmethod  ] Register NMethod: java.util.HashMap.get (0x00007a39d3434288) [0x00007a39d3434380, 0x00007a39d3434718] Compiler: c1, Barriers: 1, Oops: 0, ImmediateOops: 0, NonImmediateOops: No
[1,137s][debug][gc,nmethod  ] Register NMethod: java.lang.module.ModuleDescriptor.requires (0x00007a39f2bef708) [0x00007a39f2bef800, 0x00007a39f2bef8e8] Compiler: c1, Barriers: 1, Oops: 0, ImmediateOops: 0, NonImmediateOops: No
[1,137s][debug][gc,nmethod  ] Register NMethod: java.util.HashMap$KeyIterator.next (0x00007a39d3434788) [0x00007a39d3434880, 0x00007a39d3434bb0] Compiler: c1, Barriers: 1, Oops: 0, ImmediateOops: 0, NonImmediateOops: No
[1,137s][debug][gc,nmethod  ] Register NMethod: java.util.ImmutableCollections$Set12$1.next (0x00007a39d3434c08) [0x00007a39d3434d00, 0x00007a39d34350a8] Compiler: c1, Barriers: 5, Oops: 0, ImmediateOops: 1, NonImmediateOops: No
[1,137s][debug][gc,nmethod  ] Register NMethod: java.lang.module.ModuleDescriptor.hashCode (0x00007a39d3435108) [0x00007a39d3435200, 0x00007a39d3436a78] Compiler: c1, Barriers: 12, Oops: 0, ImmediateOops: 0, NonImmediateOops: No
[1,137s][debug][gc,nmethod  ] Register NMethod: jdk.internal.module.ModuleReferenceImpl.hashCode (0x00007a39d3436a88) [0x00007a39d3436b80, 0x00007a39d3437508] Compiler: c1, Barriers: 3, Oops: 0, ImmediateOops: 0, NonImmediateOops: No
[1,137s][debug][gc,nmethod  ] Register NMethod: java.util.ImmutableCollections$Set12.iterator (0x00007a39d3437588) [0x00007a39d3437680, 0x00007a39d3437820] Compiler: c1, Barriers: 0, Oops: 0, ImmediateOops: 0, NonImmediateOops: No
[1,137s][debug][gc,nmethod  ] Register NMethod: java.util.ImmutableCollections$SetN.contains (0x00007a39d3437888) [0x00007a39d3437980, 0x00007a39d3437c80] Compiler: c1, Barriers: 0, Oops: 0, ImmediateOops: 0, NonImmediateOops: No
[1,137s][debug][gc,nmethod  ] Register NMethod: java.lang.module.ResolvedModule.hashCode (0x00007a39d3437c88) [0x00007a39d3437d80, 0x00007a39d3438150] Compiler: c1, Barriers: 2, Oops: 0, ImmediateOops: 0, NonImmediateOops: No
[1,137s][debug][gc,nmethod  ] Register NMethod: java.util.AbstractMap.<init> (0x00007a39d3438188) [0x00007a39d3438280, 0x00007a39d34383d8] Compiler: c1, Barriers: 0, Oops: 0, ImmediateOops: 0, NonImmediateOops: No
[1,137s][debug][gc,nmethod  ] Register NMethod: java.lang.Object.equals (0x00007a39d3438488) [0x00007a39d3438580, 0x00007a39d34386d0] Compiler: c1, Barriers: 0, Oops: 0, ImmediateOops: 0, NonImmediateOops: No
[1,137s][debug][gc,nmethod  ] Register NMethod: java.util.AbstractSet.<init> (0x00007a39d3438788) [0x00007a39d3438880, 0x00007a39d3438a38] Compiler: c1, Barriers: 0, Oops: 0, ImmediateOops: 0, NonImmediateOops: No
[1,138s][debug][gc,nmethod  ] Register NMethod: java.util.HashMap.putVal (0x00007a39d3438a88) [0x00007a39d3438b80, 0x00007a39d343af10] Compiler: c1, Barriers: 15, Oops: 0, ImmediateOops: 0, NonImmediateOops: No
[1,138s][debug][gc,nmethod  ] Register NMethod: java.util.HashMap$ValueIterator.next (0x00007a39d343af88) [0x00007a39d343b080, 0x00007a39d343b3b0] Compiler: c1, Barriers: 1, Oops: 0, ImmediateOops: 0, NonImmediateOops: No
[1,138s][debug][gc,nmethod  ] Register NMethod: java.util.ImmutableCollections$Set12$1.<init> (0x00007a39d343b408) [0x00007a39d343b500, 0x00007a39d343b8b0] Compiler: c1, Barriers: 4, Oops: 0, ImmediateOops: 1, NonImmediateOops: No
[1,138s][debug][gc,nmethod  ] Register NMethod: java.util.HashSet.contains (0x00007a39d343b908) [0x00007a39d343ba00, 0x00007a39d343bf98] Compiler: c1, Barriers: 1, Oops: 0, ImmediateOops: 0, NonImmediateOops: No
[1,138s][debug][gc,nmethod  ] Register NMethod: java.util.HashMap$KeyIterator.<init> (0x00007a39d343c008) [0x00007a39d343c100, 0x00007a39d343c380] Compiler: c1, Barriers: 0, Oops: 0, ImmediateOops: 0, NonImmediateOops: No
[1,138s][debug][gc,nmethod  ] Register NMethod: java.util.HashMap$KeySet.iterator (0x00007a39d343c388) [0x00007a39d343c480, 0x00007a39d343c800] Compiler: c1, Barriers: 1, Oops: 0, ImmediateOops: 0, NonImmediateOops: No
[1,138s][debug][gc,nmethod  ] Register NMethod: java.util.HashMap$HashIterator.<init> (0x00007a39d343c808) [0x00007a39d343c900, 0x00007a39d343cf50] Compiler: c1, Barriers: 14, Oops: 0, ImmediateOops: 0, NonImmediateOops: No
[1,138s][debug][gc,nmethod  ] Register NMethod: java.lang.module.ModuleDescriptor.isAutomatic (0x00007a39f2befa08) [0x00007a39f2befb00, 0x00007a39f2befbc0] Compiler: c1, Barriers: 0, Oops: 0, ImmediateOops: 0, NonImmediateOops: No
[1,138s][debug][gc,nmethod  ] Register NMethod: java.util.HashSet.iterator (0x00007a39d343cf88) [0x00007a39d343d080, 0x00007a39d343d5c8] Compiler: c1, Barriers: 1, Oops: 0, ImmediateOops: 0, NonImmediateOops: No
[1,138s][debug][gc,nmethod  ] Register NMethod: java.util.HashMap$Node.getKey (0x00007a39f2befd08) [0x00007a39f2befe00, 0x00007a39f2befee8] Compiler: c1, Barriers: 1, Oops: 0, ImmediateOops: 0, NonImmediateOops: No
[1,138s][debug][gc,nmethod  ] Register NMethod: java.util.HashMap$Node.getValue (0x00007a39f2bf0008) [0x00007a39f2bf0100, 0x00007a39f2bf01e8] Compiler: c1, Barriers: 1, Oops: 0, ImmediateOops: 0, NonImmediateOops: No
[1,138s][debug][gc,nmethod  ] Register NMethod: java.util.HashMap.keySet (0x00007a39d343d608) [0x00007a39d343d700, 0x00007a39d343db88] Compiler: c1, Barriers: 7, Oops: 0, ImmediateOops: 0, NonImmediateOops: No
[1,138s][debug][gc,nmethod  ] Register NMethod: java.lang.module.ModuleDescriptor$Exports.source (0x00007a39f2bf0308) [0x00007a39f2bf0400, 0x00007a39f2bf04e8] Compiler: c1, Barriers: 1, Oops: 0, ImmediateOops: 0, NonImmediateOops: No
[1,138s][debug][gc,nmethod  ] Register NMethod: java.util.HashMap.putIfAbsent (0x00007a39d343dc08) [0x00007a39d343dd00, 0x00007a39d343e2e8] Compiler: c1, Barriers: 0, Oops: 0, ImmediateOops: 0, NonImmediateOops: No
[1,138s][debug][gc,nmethod  ] Register NMethod: java.lang.module.ModuleDescriptor$Exports.targets (0x00007a39f2bf0608) [0x00007a39f2bf0700, 0x00007a39f2bf07e8] Compiler: c1, Barriers: 1, Oops: 0, ImmediateOops: 0, NonImmediateOops: No
[1,138s][debug][gc,nmethod  ] Register NMethod: java.util.HashMap.resize (0x00007a39d343e308) [0x00007a39d343e420, 0x00007a39d3440100] Compiler: c1, Barriers: 31, Oops: 0, ImmediateOops: 0, NonImmediateOops: No
[1,139s][debug][gc,nmethod  ] Register NMethod: java.util.Objects.requireNonNull (0x00007a39f2bf0908) [0x00007a39f2bf0a00, 0x00007a39f2bf0a98] Compiler: jvmci, Barriers: 0, Oops: 0, ImmediateOops: 0, NonImmediateOops: No
[1,139s][debug][gc,nmethod  ] Register NMethod: java.util.ImmutableCollections$Set12.contains (0x00007a39d3440108) [0x00007a39d3440200, 0x00007a39d3440808] Compiler: c1, Barriers: 2, Oops: 0, ImmediateOops: 0, NonImmediateOops: No
[1,139s][debug][gc,nmethod  ] Register NMethod: java.util.ImmutableCollections$Set12.isEmpty (0x00007a39f2bf0c08) [0x00007a39f2bf0d00, 0x00007a39f2bf0dc0] Compiler: c1, Barriers: 0, Oops: 0, ImmediateOops: 0, NonImmediateOops: No
[1,139s][debug][gc,nmethod  ] Register NMethod: java.util.HashMap.<init> (0x00007a39d3440888) [0x00007a39d3440980, 0x00007a39d3440b40] Compiler: c1, Barriers: 0, Oops: 0, ImmediateOops: 0, NonImmediateOops: No
[1,139s][debug][gc,nmethod  ] Register NMethod: java.lang.module.ModuleDescriptor.provides (0x00007a39f2bf0f08) [0x00007a39f2bf1000, 0x00007a39f2bf10e8] Compiler: c1, Barriers: 1, Oops: 0, ImmediateOops: 0, NonImmediateOops: No
[1,139s][debug][gc,nmethod  ] Register NMethod: java.lang.module.ModuleDescriptor.exports (0x00007a39f2bf1208) [0x00007a39f2bf1300, 0x00007a39f2bf13e8] Compiler: c1, Barriers: 1, Oops: 0, ImmediateOops: 0, NonImmediateOops: No
[1,139s][debug][gc,nmethod  ] Register NMethod: java.lang.module.ModuleDescriptor$Provides.service (0x00007a39f2bf1508) [0x00007a39f2bf1600, 0x00007a39f2bf16e8] Compiler: c1, Barriers: 1, Oops: 0, ImmediateOops: 0, NonImmediateOops: No
[1,139s][debug][gc,nmethod  ] Register NMethod: java.util.Arrays.copyOfRange (0x00007a39d3440b88) [0x00007a39d3440c80, 0x00007a39d3441f50] Compiler: c1, Barriers: 0, Oops: 1, ImmediateOops: 2, NonImmediateOops: No
[1,139s][debug][gc,nmethod  ] Register NMethod: java.lang.StringLatin1.newString (0x00007a39d3441f88) [0x00007a39d3442080, 0x00007a39d34423a0] Compiler: c1, Barriers: 3, Oops: 0, ImmediateOops: 1, NonImmediateOops: No
[1,139s][debug][gc,nmethod  ] Register NMethod: java.util.HashMap.afterNodeInsertion (0x00007a39f2bf1808) [0x00007a39f2bf1900, 0x00007a39f2bf1980] Compiler: jvmci, Barriers: 0, Oops: 0, ImmediateOops: 0, NonImmediateOops: No
[1,139s][debug][gc,nmethod  ] Register NMethod: java.lang.module.ModuleDescriptor.uses (0x00007a39f2bf1b08) [0x00007a39f2bf1c00, 0x00007a39f2bf1ce8] Compiler: c1, Barriers: 1, Oops: 0, ImmediateOops: 0, NonImmediateOops: No
[1,139s][debug][gc,nmethod  ] Register NMethod: java.lang.module.ResolvedModule.descriptor (0x00007a39d3442408) [0x00007a39d3442500, 0x00007a39d3442840] Compiler: c1, Barriers: 2, Oops: 0, ImmediateOops: 0, NonImmediateOops: No
[1,139s][debug][gc,nmethod  ] Register NMethod: java.util.HashMap$EntryIterator.next (0x00007a39d3442888) [0x00007a39d3442980, 0x00007a39d3442e90] Compiler: c1, Barriers: 0, Oops: 0, ImmediateOops: 0, NonImmediateOops: No
[1,139s][debug][gc,nmethod  ] Register NMethod: java.util.HashMap$EntryIterator.next (0x00007a39d3442f08) [0x00007a39d3443000, 0x00007a39d34432f8] Compiler: c1, Barriers: 0, Oops: 0, ImmediateOops: 0, NonImmediateOops: No
[1,139s][debug][gc,nmethod  ] Register NMethod: java.lang.String.substring (0x00007a39d3443308) [0x00007a39d3443400, 0x00007a39d3443f20] Compiler: c1, Barriers: 1, Oops: 1, ImmediateOops: 1, NonImmediateOops: No
[1,140s][debug][gc,nmethod  ] Register NMethod: java.util.HashSet.<init> (0x00007a39d3443f88) [0x00007a39d3444080, 0x00007a39d3444488] Compiler: c1, Barriers: 3, Oops: 0, ImmediateOops: 0, NonImmediateOops: No
[1,140s][debug][gc,nmethod  ] Register NMethod: java.lang.StringLatin1.lastIndexOf (0x00007a39d3444508) [0x00007a39d3444600, 0x00007a39d3444a20] Compiler: c1, Barriers: 0, Oops: 0, ImmediateOops: 0, NonImmediateOops: No
[1,140s][debug][gc,director ] Rule Major: Warmup 10%, Used: 12MB, UsedThreshold: 1228MB
[1,140s][debug][gc,nmethod  ] Register NMethod: java.util.KeyValueHolder.getKey (0x00007a39f2bf1e08) [0x00007a39f2bf1f00, 0x00007a39f2bf1fe8] Compiler: c1, Barriers: 1, Oops: 0, ImmediateOops: 0, NonImmediateOops: No
[1,140s][debug][gc,nmethod  ] Register NMethod: java.util.KeyValueHolder.getValue (0x00007a39f2bf2108) [0x00007a39f2bf2200, 0x00007a39f2bf22e8] Compiler: c1, Barriers: 1, Oops: 0, ImmediateOops: 0, NonImmediateOops: No
[1,141s][debug][gc,nmethod  ] Register NMethod: java.lang.module.ModuleDescriptor.packages (0x00007a39f2bf2408) [0x00007a39f2bf2500, 0x00007a39f2bf25e8] Compiler: c1, Barriers: 1, Oops: 0, ImmediateOops: 0, NonImmediateOops: No
[1,141s][debug][gc,nmethod  ] Register NMethod: java.util.concurrent.ConcurrentHashMap.casTabAt (0x00007a39d3444a88) [0x00007a39d3444b80, 0x00007a39d3444cf0] Compiler: c1, Barriers: 5, Oops: 0, ImmediateOops: 0, NonImmediateOops: No
[1,141s][debug][gc,nmethod  ] Register NMethod: java.util.Optional.orElse (0x00007a39d3444d88) [0x00007a39d3444e80, 0x00007a39d3445018] Compiler: c1, Barriers: 1, Oops: 0, ImmediateOops: 0, NonImmediateOops: No
[1,141s][debug][gc,nmethod  ] Register NMethod: java.lang.module.ResolvedModule.reference (0x00007a39f2bf2708) [0x00007a39f2bf2800, 0x00007a39f2bf28e8] Compiler: c1, Barriers: 1, Oops: 0, ImmediateOops: 0, NonImmediateOops: No
[1,141s][debug][gc,nmethod  ] Register NMethod: java.lang.module.ResolvedModule.name (0x00007a39d3445088) [0x00007a39d3445180, 0x00007a39d34456c8] Compiler: c1, Barriers: 3, Oops: 0, ImmediateOops: 0, NonImmediateOops: No
[1,141s][debug][gc,nmethod  ] Register NMethod: java.lang.AbstractStringBuilder.length (0x00007a39f2bf2a08) [0x00007a39f2bf2b00, 0x00007a39f2bf2bc0] Compiler: c1, Barriers: 0, Oops: 0, ImmediateOops: 0, NonImmediateOops: No
[1,142s][debug][gc,nmethod  ] Register NMethod: java.lang.module.ModuleDescriptor$Version.toString (0x00007a39f2bf2d08) [0x00007a39f2bf2e00, 0x00007a39f2bf2ee8] Compiler: c1, Barriers: 1, Oops: 0, ImmediateOops: 0, NonImmediateOops: No
[1,142s][debug][gc,nmethod  ] Register NMethod: java.lang.AbstractStringBuilder.needsNewBuffer (0x00007a39d3445708) [0x00007a39d3445800, 0x00007a39d34459a0] Compiler: c1, Barriers: 0, Oops: 0, ImmediateOops: 0, NonImmediateOops: No
[1,142s][debug][gc,nmethod  ] Register NMethod: java.lang.String.hashCode (0x00007a39f2bf3008) [0x00007a39f2bf3100, 0x00007a39f2bf32a0] Compiler: jvmci, Barriers: 1, Oops: 0, ImmediateOops: 0, NonImmediateOops: No
[1,143s][debug][gc,nmethod  ] Register NMethod: java.lang.Module.addExports0 (0x00007a39f2bf3308) [0x00007a39f2bf3400, 0x00007a39f2bf3580] Compiler: , Barriers: 0, Oops: 0, ImmediateOops: 1, NonImmediateOops: No
[1,143s][debug][gc,nmethod  ] Register NMethod: java.util.HashMap.isEmpty (0x00007a39d3445a08) [0x00007a39d3445b00, 0x00007a39d3445c50] Compiler: c1, Barriers: 0, Oops: 0, ImmediateOops: 0, NonImmediateOops: No
[1,143s][debug][gc,nmethod  ] Register NMethod: java.lang.Module.addExportsToAll0 (0x00007a39f2bf3608) [0x00007a39f2bf3700, 0x00007a39f2bf3870] Compiler: , Barriers: 0, Oops: 0, ImmediateOops: 1, NonImmediateOops: No
[1,143s][debug][gc,nmethod  ] Register NMethod: java.util.ImmutableCollections$SetN$SetNIterator.hasNext (0x00007a39f2bf3908) [0x00007a39f2bf3a00, 0x00007a39f2bf3a90] Compiler: jvmci, Barriers: 0, Oops: 0, ImmediateOops: 0, NonImmediateOops: No
[1,143s][debug][gc,nmethod  ] Register NMethod: java.lang.Double.doubleToRawLongBits (0x00007a39f2bf3c08) [0x00007a39f2bf3d00, 0x00007a39f2bf3e58] Compiler: , Barriers: 0, Oops: 0, ImmediateOops: 1, NonImmediateOops: No
[1,143s][debug][gc,nmethod  ] Register NMethod: java.lang.Module.addReads0 (0x00007a39f2bf3f08) [0x00007a39f2bf4000, 0x00007a39f2bf4170] Compiler: , Barriers: 0, Oops: 0, ImmediateOops: 1, NonImmediateOops: No
[1,143s][debug][gc,nmethod  ] Register NMethod: java.util.HashSet.isEmpty (0x00007a39d3445d08) [0x00007a39d3445e00, 0x00007a39d34461a8] Compiler: c1, Barriers: 1, Oops: 0, ImmediateOops: 0, NonImmediateOops: No
[1,143s][debug][gc,nmethod  ] Register NMethod: java.lang.module.ResolvedModule.configuration (0x00007a39f2bf4208) [0x00007a39f2bf4300, 0x00007a39f2bf43e8] Compiler: c1, Barriers: 1, Oops: 0, ImmediateOops: 0, NonImmediateOops: No
[1,143s][debug][gc,nmethod  ] Register NMethod: java.util.ImmutableCollections$ListItr.hasNext (0x00007a39d3446208) [0x00007a39d3446300, 0x00007a39d3446450] Compiler: c1, Barriers: 0, Oops: 0, ImmediateOops: 0, NonImmediateOops: No
[1,143s][debug][gc,nmethod  ] Register NMethod: java.util.ImmutableCollections$List12.size (0x00007a39d3446508) [0x00007a39d3446600, 0x00007a39d34467a8] Compiler: c1, Barriers: 1, Oops: 0, ImmediateOops: 1, NonImmediateOops: No
[1,143s][debug][gc,nmethod  ] Register NMethod: java.util.ImmutableCollections$List12.get (0x00007a39d3446808) [0x00007a39d3446900, 0x00007a39d3446d18] Compiler: c1, Barriers: 2, Oops: 0, ImmediateOops: 1, NonImmediateOops: No
[1,143s][debug][gc,nmethod  ] Register NMethod: java.util.ImmutableCollections$ListItr.next (0x00007a39d3446d88) [0x00007a39d3446e80, 0x00007a39d3447270] Compiler: c1, Barriers: 1, Oops: 0, ImmediateOops: 0, NonImmediateOops: No
[1,144s][debug][gc,nmethod  ] Register NMethod: java.util.Optional.empty (0x00007a39d3447288) [0x00007a39d3447380, 0x00007a39d3447468] Compiler: c1, Barriers: 0, Oops: 0, ImmediateOops: 1, NonImmediateOops: No
[1,144s][debug][gc,nmethod  ] Register NMethod: java.util.ImmutableCollections$ListItr.<init> (0x00007a39d3447588) [0x00007a39d3447680, 0x00007a39d3447860] Compiler: c1, Barriers: 3, Oops: 0, ImmediateOops: 0, NonImmediateOops: No
[1,144s][debug][gc,nmethod  ] Register NMethod: java.util.ImmutableCollections$AbstractImmutableList.iterator (0x00007a39d3447888) [0x00007a39d3447980, 0x00007a39d3447e30] Compiler: c1, Barriers: 3, Oops: 0, ImmediateOops: 0, NonImmediateOops: No
[1,144s][debug][gc,nmethod  ] Register NMethod: java.lang.Math.max (0x00007a39d3447e88) [0x00007a39d3447f80, 0x00007a39d34480a8] Compiler: c1, Barriers: 0, Oops: 0, ImmediateOops: 0, NonImmediateOops: No
[1,144s][debug][gc,nmethod  ] Register NMethod: java.lang.module.ModuleDescriptor.isOpen (0x00007a39f2bf4508) [0x00007a39f2bf4600, 0x00007a39f2bf46c0] Compiler: c1, Barriers: 0, Oops: 0, ImmediateOops: 0, NonImmediateOops: No
[1,144s][debug][gc,nmethod  ] Register NMethod: java.lang.Module.findModule (0x00007a39d3448188) [0x00007a39d3448280, 0x00007a39d3449ba8] Compiler: c1, Barriers: 1, Oops: 0, ImmediateOops: 0, NonImmediateOops: No
[1,144s][debug][gc,nmethod  ] Register NMethod: java.util.HashMap.size (0x00007a39f2bf4808) [0x00007a39f2bf4900, 0x00007a39f2bf49c0] Compiler: c1, Barriers: 0, Oops: 0, ImmediateOops: 0, NonImmediateOops: No
[1,144s][debug][gc,nmethod  ] Register NMethod: java.lang.ModuleLayer.findModule (0x00007a39d3449c08) [0x00007a39d3449d00, 0x00007a39d344b798] Compiler: c1, Barriers: 4, Oops: 0, ImmediateOops: 3, NonImmediateOops: No
[1,144s][debug][gc,nmethod  ] Register NMethod: jdk.internal.module.ServicesCatalog$ServiceProvider.<init> (0x00007a39d344b808) [0x00007a39d344b900, 0x00007a39d344bb48] Compiler: c1, Barriers: 6, Oops: 0, ImmediateOops: 0, NonImmediateOops: No
[1,145s][debug][gc,nmethod  ] Register NMethod: jdk.internal.classfile.impl.SplitConstantPool.canWriteDirect (0x00007a39d344bb88) [0x00007a39d344bc80, 0x00007a39d344bf78] Compiler: c1, Barriers: 1, Oops: 0, ImmediateOops: 0, NonImmediateOops: No
[1,145s][debug][gc,nmethod  ] Register NMethod: jdk.internal.classfile.impl.RawBytecodeHelper.endBci (0x00007a39d344bf88) [0x00007a39d344c080, 0x00007a39d344c1b8] Compiler: c1, Barriers: 1, Oops: 0, ImmediateOops: 0, NonImmediateOops: No
[1,145s][debug][gc,nmethod  ] Register NMethod: jdk.internal.classfile.impl.AbstractPoolEntry.maybeClone (0x00007a39d344c288) [0x00007a39d344c380, 0x00007a39d344cce8] Compiler: c1, Barriers: 0, Oops: 0, ImmediateOops: 0, NonImmediateOops: No
[1,145s][debug][gc,nmethod  ] Register NMethod: java.lang.invoke.MethodType.ptypes (0x00007a39f2bf4b08) [0x00007a39f2bf4c00, 0x00007a39f2bf4ce8] Compiler: c1, Barriers: 1, Oops: 0, ImmediateOops: 0, NonImmediateOops: No
[1,145s][debug][gc,nmethod  ] Register NMethod: java.lang.module.ModuleDescriptor$Exports.isQualified (0x00007a39f2bf4e08) [0x00007a39f2bf4f00, 0x00007a39f2bf5058] Compiler: jvmci, Barriers: 1, Oops: 0, ImmediateOops: 0, NonImmediateOops: No
[1,145s][debug][gc,nmethod  ] Register NMethod: jdk.internal.classfile.impl.RawBytecodeHelper.next (0x00007a39d344cd08) [0x00007a39d344ce00, 0x00007a39d344d578] Compiler: c1, Barriers: 2, Oops: 0, ImmediateOops: 1, NonImmediateOops: No
[1,146s][debug][gc,nmethod  ] Register NMethod: java.lang.invoke.MethodTypeForm.canonicalize (0x00007a39d344d588) [0x00007a39d344d680, 0x00007a39d344e2d8] Compiler: c1, Barriers: 1, Oops: 0, ImmediateOops: 2, NonImmediateOops: No
[1,146s][debug][gc,nmethod  ] Register NMethod: java.lang.Class.isInstance (0x00007a39f2bf5108) [0x00007a39f2bf5200, 0x00007a39f2bf5370] Compiler: , Barriers: 0, Oops: 0, ImmediateOops: 0, NonImmediateOops: No
[1,146s][debug][gc,nmethod  ] Register NMethod: jdk.internal.classfile.impl.RawBytecodeHelper.opcode (0x00007a39d344e308) [0x00007a39d344e400, 0x00007a39d344e508] Compiler: c1, Barriers: 0, Oops: 0, ImmediateOops: 0, NonImmediateOops: No
[1,146s][debug][gc,nmethod  ] Register NMethod: java.lang.invoke.MethodType.parameterType (0x00007a39d344e608) [0x00007a39d344e700, 0x00007a39d344e888] Compiler: c1, Barriers: 2, Oops: 0, ImmediateOops: 0, NonImmediateOops: No
[1,146s][debug][gc,nmethod  ] Register NMethod: java.lang.StringLatin1.canEncode (0x00007a39d344e908) [0x00007a39d344ea00, 0x00007a39d344eb60] Compiler: c1, Barriers: 0, Oops: 0, ImmediateOops: 0, NonImmediateOops: No
[1,146s][debug][gc,nmethod  ] Register NMethod: java.lang.AbstractStringBuilder.isLatin1 (0x00007a39d344ec08) [0x00007a39d344ed00, 0x00007a39d344ee40] Compiler: c1, Barriers: 0, Oops: 0, ImmediateOops: 0, NonImmediateOops: No
[1,146s][debug][gc,nmethod  ] Register NMethod: jdk.internal.vm.Continuation.enterSpecial (0x00007a39f2bf5408) [0x00007a39f2bf5500, 0x00007a39f2bf56f8] Compiler: , Barriers: 0, Oops: 0, ImmediateOops: 0, NonImmediateOops: No
[1,146s][debug][gc,nmethod  ] Register NMethod: jdk.internal.vm.Continuation.doYield (0x00007a39f2bf5708) [0x00007a39f2bf5800, 0x00007a39f2bf58c8] Compiler: , Barriers: 0, Oops: 0, ImmediateOops: 0, NonImmediateOops: No
[1,149s][debug][gc,nmethod  ] Register NMethod: java.util.ImmutableCollections$SetN$SetNIterator.next (0x00007a39f2bf5a08) [0x00007a39f2bf5b00, 0x00007a39f2bf5d58] Compiler: jvmci, Barriers: 4, Oops: 0, ImmediateOops: 0, NonImmediateOops: No
[1,150s][debug][gc,nmethod  ] Register NMethod: java.lang.AbstractStringBuilder.getValue (0x00007a39f2bf5d88) [0x00007a39f2bf5e80, 0x00007a39f2bf5f68] Compiler: c1, Barriers: 1, Oops: 0, ImmediateOops: 0, NonImmediateOops: No
[1,150s][debug][gc,director ] Rule Major: Warmup 10%, Used: 12MB, UsedThreshold: 1228MB
[1,151s][debug][gc,nmethod  ] Register NMethod: java.lang.StringBuilder.append (0x00007a39d344ef08) [0x00007a39d344f000, 0x00007a39d344f148] Compiler: c1, Barriers: 0, Oops: 0, ImmediateOops: 0, NonImmediateOops: No
[1,151s][debug][gc,nmethod  ] Register NMethod: java.lang.AbstractStringBuilder.append (0x00007a39d344f208) [0x00007a39d344f300, 0x00007a39d344ff50] Compiler: c1, Barriers: 5, Oops: 0, ImmediateOops: 0, NonImmediateOops: No
[1,154s][debug][gc,nmethod  ] Register NMethod: java.lang.StringLatin1.equals (0x00007a39f2bf6088) [0x00007a39f2bf6180, 0x00007a39f2bf6418] Compiler: jvmci, Barriers: 0, Oops: 0, ImmediateOops: 0, NonImmediateOops: No
[1,154s][debug][gc,nmethod  ] Register NMethod: jdk.internal.misc.Unsafe.getByte (0x00007a39f2bf6488) [0x00007a39f2bf6580, 0x00007a39f2bf66e8] Compiler: , Barriers: 0, Oops: 0, ImmediateOops: 0, NonImmediateOops: No
[1,155s][debug][gc,nmethod  ] Register NMethod: jdk.internal.misc.Unsafe.getShort (0x00007a39f2bf6788) [0x00007a39f2bf6880, 0x00007a39f2bf69e8] Compiler: , Barriers: 0, Oops: 0, ImmediateOops: 0, NonImmediateOops: No
[1,155s][debug][gc,nmethod  ] Register NMethod: jdk.internal.misc.Unsafe.pickPos (0x00007a39d344ff88) [0x00007a39d3450080, 0x00007a39d3450170] Compiler: c1, Barriers: 0, Oops: 0, ImmediateOops: 0, NonImmediateOops: No
[1,155s][debug][gc,nmethod  ] Register NMethod: jdk.internal.misc.Unsafe.toUnsignedInt (0x00007a39d3450288) [0x00007a39d3450380, 0x00007a39d3450468] Compiler: c1, Barriers: 0, Oops: 0, ImmediateOops: 0, NonImmediateOops: No
[1,155s][debug][gc,nmethod  ] Register NMethod: jdk.internal.misc.Unsafe.getShortUnaligned (0x00007a39d3450588) [0x00007a39d3450680, 0x00007a39d34508a8] Compiler: c1, Barriers: 0, Oops: 0, ImmediateOops: 0, NonImmediateOops: No
[1,155s][debug][gc,nmethod  ] Register NMethod: java.util.zip.ZipUtils.get16 (0x00007a39d3450908) [0x00007a39d3450a00, 0x00007a39d3450e00] Compiler: c1, Barriers: 0, Oops: 1, ImmediateOops: 2, NonImmediateOops: No
[1,155s][debug][gc,nmethod  ] Register NMethod: jdk.internal.misc.Unsafe.getIntUnaligned (0x00007a39d3450e88) [0x00007a39d3450f80, 0x00007a39d34513d0] Compiler: c1, Barriers: 0, Oops: 0, ImmediateOops: 0, NonImmediateOops: No
[1,155s][debug][gc,nmethod  ] Register NMethod: java.lang.Short.toUnsignedInt (0x00007a39d3451408) [0x00007a39d3451500, 0x00007a39d34515e8] Compiler: c1, Barriers: 0, Oops: 0, ImmediateOops: 0, NonImmediateOops: No
[1,155s][debug][gc,nmethod  ] Register NMethod: jdk.internal.misc.Unsafe.convEndian (0x00007a39d3451708) [0x00007a39d3451800, 0x00007a39d34519a0] Compiler: c1, Barriers: 0, Oops: 0, ImmediateOops: 0, NonImmediateOops: No
[1,155s][debug][gc,nmethod  ] Register NMethod: jdk.internal.misc.Unsafe.getShortUnaligned (0x00007a39d3451a08) [0x00007a39d3451b00, 0x00007a39d3451e90] Compiler: c1, Barriers: 0, Oops: 0, ImmediateOops: 0, NonImmediateOops: No
[1,158s][debug][gc,nmethod  ] Register NMethod: java.util.HashMap.newNode (0x00007a39f2bf6a88) [0x00007a39f2bf6b80, 0x00007a39f2bf6ce0] Compiler: jvmci, Barriers: 6, Oops: 0, ImmediateOops: 0, NonImmediateOops: No
[1,158s][debug][gc,nmethod  ] Register NMethod: java.lang.StringBuilder.length (0x00007a39d3451f08) [0x00007a39d3452000, 0x00007a39d3452118] Compiler: c1, Barriers: 0, Oops: 0, ImmediateOops: 0, NonImmediateOops: No
[1,160s][debug][gc,nmethod  ] Register NMethod: java.util.HashMap.resize (0x00007a39f2bf6d88) [0x00007a39f2bf6ea0, 0x00007a39f2bf7a20] Compiler: jvmci, Barriers: 33, Oops: 0, ImmediateOops: 0, NonImmediateOops: No
[1,160s][debug][gc,director ] Rule Major: Warmup 10%, Used: 12MB, UsedThreshold: 1228MB
[1,162s][debug][gc,nmethod  ] Register NMethod: java.lang.invoke.MethodType.checkSlotCount (0x00007a39d3452208) [0x00007a39d3452300, 0x00007a39d3453038] Compiler: c1, Barriers: 0, Oops: 1, ImmediateOops: 2, NonImmediateOops: No
[1,162s][debug][gc,nmethod  ] Register NMethod: jdk.internal.util.WeakReferenceKey.hashCode (0x00007a39f2bf7a88) [0x00007a39f2bf7b80, 0x00007a39f2bf7c40] Compiler: c1, Barriers: 0, Oops: 0, ImmediateOops: 0, NonImmediateOops: No
[1,162s][debug][gc,nmethod  ] Register NMethod: java.lang.invoke.MethodHandle.linkToStatic (0x00007a39f2bf7d88) [0x00007a39f2bf7e80, 0x00007a39f2bf7f70] Compiler: , Barriers: 0, Oops: 0, ImmediateOops: 0, NonImmediateOops: No
[1,163s][debug][gc,nmethod  ] Register NMethod: java.lang.String.equals (0x00007a39f2bf8088) [0x00007a39f2bf8180, 0x00007a39f2bf84e8] Compiler: jvmci, Barriers: 2, Oops: 0, ImmediateOops: 0, NonImmediateOops: No
[1,163s][debug][gc,nmethod  ] Register NMethod: java.io.BufferedInputStream.getBufIfOpen (0x00007a39d3453088) [0x00007a39d3453180, 0x00007a39d34532b8] Compiler: c1, Barriers: 0, Oops: 0, ImmediateOops: 0, NonImmediateOops: No
[1,163s][debug][gc,nmethod  ] Register NMethod: java.io.BufferedInputStream.read (0x00007a39d3453388) [0x00007a39d3453480, 0x00007a39d34538d8] Compiler: c1, Barriers: 0, Oops: 0, ImmediateOops: 0, NonImmediateOops: No
[1,163s][debug][gc,nmethod  ] Register NMethod: java.io.BufferedInputStream.getBufIfOpen (0x00007a39d3453908) [0x00007a39d3453a00, 0x00007a39d3453e18] Compiler: c1, Barriers: 7, Oops: 0, ImmediateOops: 3, NonImmediateOops: No
[1,163s][debug][gc,nmethod  ] Register NMethod: worker.org.gradle.internal.stream.EncodedStream$EncodedInput.hexToByte (0x00007a39d3453e88) [0x00007a39d3453f80, 0x00007a39d34546c8] Compiler: c1, Barriers: 3, Oops: 2, ImmediateOops: 1, NonImmediateOops: No
[1,163s][debug][gc,nmethod  ] Register NMethod: worker.org.gradle.internal.stream.EncodedStream$EncodedInput.read (0x00007a39d3454708) [0x00007a39d3454800, 0x00007a39d3454f58] Compiler: c1, Barriers: 2, Oops: 1, ImmediateOops: 1, NonImmediateOops: No
[1,163s][debug][gc,nmethod  ] Register NMethod: java.lang.Class.getName (0x00007a39d3454f88) [0x00007a39d3455080, 0x00007a39d3455230] Compiler: c1, Barriers: 1, Oops: 0, ImmediateOops: 0, NonImmediateOops: No
[1,163s][debug][gc,nmethod  ] Register NMethod: java.net.URL.getHost (0x00007a39f2bf8508) [0x00007a39f2bf8600, 0x00007a39f2bf86e8] Compiler: c1, Barriers: 1, Oops: 0, ImmediateOops: 0, NonImmediateOops: No
[1,163s][debug][gc,nmethod  ] Register NMethod: jdk.internal.util.Preconditions.checkFromIndexSize (0x00007a39d3455288) [0x00007a39d3455380, 0x00007a39d3455518] Compiler: c1, Barriers: 0, Oops: 0, ImmediateOops: 0, NonImmediateOops: No
[1,163s][debug][gc,nmethod  ] Register NMethod: sun.net.util.IPAddressUtil.earlyURLParsing (0x00007a39d3455588) [0x00007a39d3455680, 0x00007a39d3455788] Compiler: c1, Barriers: 0, Oops: 0, ImmediateOops: 0, NonImmediateOops: No
[1,163s][debug][gc,nmethod  ] Register NMethod: java.lang.String.length (0x00007a39f2bf8808) [0x00007a39f2bf8900, 0x00007a39f2bf89e8] Compiler: jvmci, Barriers: 1, Oops: 0, ImmediateOops: 0, NonImmediateOops: No
[1,163s][debug][gc,nmethod  ] Register NMethod: java.net.URL.getUserInfo (0x00007a39f2bf8b08) [0x00007a39f2bf8c00, 0x00007a39f2bf8ce8] Compiler: c1, Barriers: 1, Oops: 0, ImmediateOops: 0, NonImmediateOops: No
[1,164s][debug][gc,nmethod  ] Register NMethod: java.lang.StringLatin1.indexOfChar (0x00007a39f2bf8e08) [0x00007a39f2bf8f00, 0x00007a39f2bf9170] Compiler: jvmci, Barriers: 0, Oops: 0, ImmediateOops: 0, NonImmediateOops: No
[1,164s][debug][gc,nmethod  ] Register NMethod: java.lang.Record.<init> (0x00007a39d3455888) [0x00007a39d3455980, 0x00007a39d3455ad8] Compiler: c1, Barriers: 0, Oops: 0, ImmediateOops: 0, NonImmediateOops: No
[1,164s][debug][gc,nmethod  ] Register NMethod: java.lang.StringLatin1.replace (0x00007a39d3455b88) [0x00007a39d3455c80, 0x00007a39d3456d20] Compiler: c1, Barriers: 6, Oops: 0, ImmediateOops: 3, NonImmediateOops: No
[1,164s][debug][gc,nmethod  ] Register NMethod: java.io.BufferedInputStream.getBufIfOpen (0x00007a39f2bf9188) [0x00007a39f2bf9280, 0x00007a39f2bf93b0] Compiler: jvmci, Barriers: 1, Oops: 0, ImmediateOops: 1, NonImmediateOops: No
[1,165s][debug][gc,nmethod  ] Register NMethod: java.lang.StringLatin1.indexOf (0x00007a39d3456d88) [0x00007a39d3456e80, 0x00007a39d34570c0] Compiler: c1, Barriers: 0, Oops: 0, ImmediateOops: 0, NonImmediateOops: No
[1,165s][debug][gc,nmethod  ] Register NMethod: worker.org.gradle.internal.stream.EncodedStream$EncodedInput.hexToByte (0x00007a39f2bf9488) [0x00007a39f2bf9580, 0x00007a39f2bf9668] Compiler: jvmci, Barriers: 0, Oops: 1, ImmediateOops: 0, NonImmediateOops: No
[1,165s][debug][gc,nmethod  ] Register NMethod: java.lang.String.lastIndexOf (0x00007a39d3457108) [0x00007a39d3457200, 0x00007a39d34576a0] Compiler: c1, Barriers: 2, Oops: 0, ImmediateOops: 0, NonImmediateOops: No
[1,165s][debug][gc,nmethod  ] Register NMethod: jdk.internal.misc.Unsafe.putReferenceVolatile (0x00007a39f2bf9788) [0x00007a39f2bf9880, 0x00007a39f2bf99f0] Compiler: , Barriers: 0, Oops: 0, ImmediateOops: 0, NonImmediateOops: No
[1,165s][debug][gc,nmethod  ] Register NMethod: java.lang.String.lastIndexOf (0x00007a39d3457708) [0x00007a39d3457800, 0x00007a39d34582f8] Compiler: c1, Barriers: 1, Oops: 0, ImmediateOops: 0, NonImmediateOops: No
[1,165s][debug][gc,nmethod  ] Register NMethod: jdk.internal.misc.Unsafe.convEndian (0x00007a39d3458308) [0x00007a39d3458400, 0x00007a39d34585a8] Compiler: c1, Barriers: 0, Oops: 0, ImmediateOops: 0, NonImmediateOops: No
[1,165s][debug][gc,nmethod  ] Register NMethod: jdk.internal.misc.Unsafe.getIntUnaligned (0x00007a39d3458608) [0x00007a39d3458700, 0x00007a39d3458948] Compiler: c1, Barriers: 0, Oops: 0, ImmediateOops: 0, NonImmediateOops: No
[1,166s][debug][gc,nmethod  ] Register NMethod: java.util.zip.ZipUtils.get32 (0x00007a39d3458988) [0x00007a39d3458a80, 0x00007a39d3458e88] Compiler: c1, Barriers: 0, Oops: 1, ImmediateOops: 2, NonImmediateOops: No
[1,166s][debug][gc,nmethod  ] Register NMethod: java.lang.Integer.toUnsignedLong (0x00007a39d3458f08) [0x00007a39d3459000, 0x00007a39d34590f0] Compiler: c1, Barriers: 0, Oops: 0, ImmediateOops: 0, NonImmediateOops: No
[1,166s][debug][gc,nmethod  ] Register NMethod: java.util.HashMap.putVal (0x00007a39f2bf9a88) [0x00007a39f2bf9ba0, 0x00007a39f2bfb478] Compiler: jvmci, Barriers: 82, Oops: 0, ImmediateOops: 0, NonImmediateOops: No
[1,166s][debug][gc,nmethod  ] Register NMethod: java.lang.invoke.MethodType.<init> (0x00007a39d3459208) [0x00007a39d3459300, 0x00007a39d3459548] Compiler: c1, Barriers: 6, Oops: 0, ImmediateOops: 0, NonImmediateOops: No
[1,166s][debug][gc,nmethod  ] Register NMethod: java.io.BufferedInputStream.read (0x00007a39f2bfb488) [0x00007a39f2bfb580, 0x00007a39f2bfb860] Compiler: jvmci, Barriers: 1, Oops: 0, ImmediateOops: 1, NonImmediateOops: No
[1,166s][debug][gc,nmethod  ] Register NMethod: java.lang.Class.isHidden (0x00007a39f2bfb888) [0x00007a39f2bfb980, 0x00007a39f2bfbae0] Compiler: , Barriers: 0, Oops: 0, ImmediateOops: 0, NonImmediateOops: No
[1,166s][debug][gc,nmethod  ] Register NMethod: jdk.internal.util.ReferencedKeySet.get (0x00007a39d3459588) [0x00007a39d3459680, 0x00007a39d345ab80] Compiler: c1, Barriers: 7, Oops: 1, ImmediateOops: 1, NonImmediateOops: No
[1,167s][debug][gc,nmethod  ] Register NMethod: java.lang.invoke.MethodType.methodType (0x00007a39d345ac08) [0x00007a39d345ad00, 0x00007a39d345b1e0] Compiler: c1, Barriers: 2, Oops: 0, ImmediateOops: 4, NonImmediateOops: No
[1,167s][debug][gc,nmethod  ] Register NMethod: jdk.internal.classfile.impl.AbstractDirectBuilder.constantPool (0x00007a39f2bfbb88) [0x00007a39f2bfbc80, 0x00007a39f2bfbd68] Compiler: c1, Barriers: 1, Oops: 0, ImmediateOops: 0, NonImmediateOops: No
[1,167s][debug][gc,nmethod  ] Register NMethod: java.lang.invoke.MethodType.makeImpl (0x00007a39d345b208) [0x00007a39d345b300, 0x00007a39d345dab0] Compiler: c1, Barriers: 23, Oops: 2, ImmediateOops: 3, NonImmediateOops: No
[1,167s][debug][gc,nmethod  ] Register NMethod: java.util.ArrayList.size (0x00007a39f2bfbe88) [0x00007a39f2bfbf80, 0x00007a39f2bfc040] Compiler: c1, Barriers: 0, Oops: 0, ImmediateOops: 0, NonImmediateOops: No
[1,167s][debug][gc,nmethod  ] Register NMethod: java.lang.invoke.MethodHandle.linkToStatic (0x00007a39f2bfc188) [0x00007a39f2bfc280, 0x00007a39f2bfc370] Compiler: , Barriers: 0, Oops: 0, ImmediateOops: 0, NonImmediateOops: No
[1,167s][debug][gc,nmethod  ] Register NMethod: java.lang.invoke.MemberName.allFlagsSet (0x00007a39d345db08) [0x00007a39d345dc00, 0x00007a39d345dd50] Compiler: c1, Barriers: 0, Oops: 0, ImmediateOops: 0, NonImmediateOops: No
[1,167s][debug][gc,nmethod  ] Register NMethod: jdk.internal.classfile.impl.SplitConstantPool.tryFindUtf8 (0x00007a39d345de08) [0x00007a39d345df00, 0x00007a39d345f738] Compiler: c1, Barriers: 1, Oops: 0, ImmediateOops: 0, NonImmediateOops: No
[1,168s][debug][gc,nmethod  ] Register NMethod: jdk.internal.classfile.impl.AbstractPoolEntry$Utf8EntryImpl.contentHash (0x00007a39d345f788) [0x00007a39d345f880, 0x00007a39d345fa38] Compiler: c1, Barriers: 1, Oops: 0, ImmediateOops: 1, NonImmediateOops: No
[1,168s][debug][gc,nmethod  ] Register NMethod: jdk.internal.classfile.impl.BufWriterImpl.writeU2 (0x00007a39d345fa88) [0x00007a39d345fb80, 0x00007a39d345fff0] Compiler: c1, Barriers: 2, Oops: 0, ImmediateOops: 0, NonImmediateOops: No
[1,168s][debug][gc,nmethod  ] Register NMethod: java.lang.invoke.MethodHandle.linkToInterface (0x00007a39f2bfc488) [0x00007a39f2bfc580, 0x00007a39f2bfc6b0] Compiler: , Barriers: 0, Oops: 0, ImmediateOops: 0, NonImmediateOops: No
[1,169s][debug][gc,nmethod  ] Register NMethod: jdk.internal.classfile.impl.AbstractPoolEntry$Utf8EntryImpl.hashCode (0x00007a39d3460008) [0x00007a39d3460100, 0x00007a39d3460530] Compiler: c1, Barriers: 1, Oops: 0, ImmediateOops: 1, NonImmediateOops: No
[1,169s][debug][gc,nmethod  ] Register NMethod: jdk.internal.classfile.impl.AbstractPoolEntry$Utf8EntryImpl.<init> (0x00007a39d3460588) [0x00007a39d3460680, 0x00007a39d3460ee8] Compiler: c1, Barriers: 13, Oops: 0, ImmediateOops: 1, NonImmediateOops: No
[1,169s][debug][gc,nmethod  ] Register NMethod: jdk.internal.classfile.impl.AbstractPoolEntry$Utf8EntryImpl.writeTo (0x00007a39d3460f08) [0x00007a39d3461000, 0x00007a39d3461810] Compiler: c1, Barriers: 3, Oops: 0, ImmediateOops: 0, NonImmediateOops: No
[1,169s][debug][gc,nmethod  ] Register NMethod: jdk.internal.classfile.impl.BufWriterImpl.cpIndex (0x00007a39d3461888) [0x00007a39d3461980, 0x00007a39d3463978] Compiler: c1, Barriers: 1, Oops: 1, ImmediateOops: 3, NonImmediateOops: No
[1,169s][debug][gc,nmethod  ] Register NMethod: java.lang.System$1.countNonZeroAscii (0x00007a39d3463988) [0x00007a39d3463a80, 0x00007a39d3464580] Compiler: c1, Barriers: 1, Oops: 0, ImmediateOops: 0, NonImmediateOops: No
[1,169s][debug][gc,nmethod  ] Register NMethod: java.lang.StringCoding.countNonZeroAscii (0x00007a39d3464588) [0x00007a39d3464680, 0x00007a39d3465210] Compiler: c1, Barriers: 1, Oops: 0, ImmediateOops: 0, NonImmediateOops: No
[1,169s][debug][gc,nmethod  ] Register NMethod: java.lang.String.checkBoundsOffCount (0x00007a39d3465288) [0x00007a39d3465380, 0x00007a39d3465578] Compiler: c1, Barriers: 0, Oops: 1, ImmediateOops: 1, NonImmediateOops: No
[1,169s][debug][gc,nmethod  ] Register NMethod: jdk.internal.util.ModifiedUtf.utfLen (0x00007a39d3465588) [0x00007a39d3465680, 0x00007a39d3466420] Compiler: c1, Barriers: 3, Oops: 1, ImmediateOops: 1, NonImmediateOops: No
[1,169s][debug][gc,nmethod  ] Register NMethod: java.lang.StringLatin1.getBytes (0x00007a39d3466488) [0x00007a39d3466580, 0x00007a39d3466718] Compiler: c1, Barriers: 0, Oops: 0, ImmediateOops: 0, NonImmediateOops: No
[1,169s][debug][gc,nmethod  ] Register NMethod: java.lang.String.getBytes (0x00007a39d3466788) [0x00007a39d3466880, 0x00007a39d3467608] Compiler: c1, Barriers: 1, Oops: 1, ImmediateOops: 2, NonImmediateOops: No
[1,169s][debug][gc,nmethod  ] Register NMethod: jdk.internal.classfile.impl.AbstractPoolEntry$ClassEntryImpl.tag (0x00007a39f2bfc788) [0x00007a39f2bfc880, 0x00007a39f2bfc940] Compiler: c1, Barriers: 0, Oops: 0, ImmediateOops: 0, NonImmediateOops: No
[1,170s][debug][gc,nmethod  ] Register NMethod: java.lang.invoke.MethodHandle.linkToSpecial (0x00007a39f2bfca88) [0x00007a39f2bfcb80, 0x00007a39f2bfcc78] Compiler: , Barriers: 0, Oops: 0, ImmediateOops: 0, NonImmediateOops: No
[1,170s][debug][gc,nmethod  ] Register NMethod: jdk.internal.classfile.impl.SplitConstantPool.utf8Entry (0x00007a39d3467688) [0x00007a39d3467780, 0x00007a39d3468278] Compiler: c1, Barriers: 1, Oops: 0, ImmediateOops: 1, NonImmediateOops: No
[1,170s][debug][gc,nmethod  ] Register NMethod: jdk.internal.classfile.impl.AbstractPoolEntry.hash1 (0x00007a39d3468288) [0x00007a39d3468380, 0x00007a39d3468470] Compiler: c1, Barriers: 0, Oops: 0, ImmediateOops: 0, NonImmediateOops: No
[1,170s][debug][gc,nmethod  ] Register NMethod: jdk.internal.constant.ClassOrInterfaceDescImpl.isClassOrInterface (0x00007a39f2bfcd88) [0x00007a39f2bfce80, 0x00007a39f2bfcf40] Compiler: c1, Barriers: 0, Oops: 0, ImmediateOops: 0, NonImmediateOops: No
[1,170s][debug][gc,nmethod  ] Register NMethod: java.lang.invoke.MethodHandle.linkToSpecial (0x00007a39f2bfd088) [0x00007a39f2bfd180, 0x00007a39f2bfd278] Compiler: , Barriers: 0, Oops: 0, ImmediateOops: 0, NonImmediateOops: No
[1,170s][debug][gc,nmethod  ] Register NMethod: jdk.internal.classfile.impl.BufWriterImpl.writeUtfEntry (0x00007a39d3468588) [0x00007a39d3468680, 0x00007a39d346b440] Compiler: c1, Barriers: 8, Oops: 1, ImmediateOops: 4, NonImmediateOops: No
[1,170s][debug][gc,nmethod  ] Register NMethod: java.lang.invoke.MethodHandle.invokeBasic (0x00007a39f2bfd388) [0x00007a39f2bfd480, 0x00007a39f2bfd718] Compiler: , Barriers: 0, Oops: 0, ImmediateOops: 0, NonImmediateOops: No
[1,170s][debug][gc,nmethod  ] Register NMethod: java.lang.invoke.MethodHandle.linkToSpecial (0x00007a39f2bfd788) [0x00007a39f2bfd880, 0x00007a39f2bfd978] Compiler: , Barriers: 0, Oops: 0, ImmediateOops: 0, NonImmediateOops: No
[1,170s][debug][gc,nmethod  ] Register NMethod: java.lang.invoke.MemberName.initResolved (0x00007a39d346b488) [0x00007a39d346b580, 0x00007a39d346b740] Compiler: c1, Barriers: 3, Oops: 0, ImmediateOops: 0, NonImmediateOops: No
[1,170s][debug][gc,nmethod  ] Register NMethod: java.lang.ref.Reference.<init> (0x00007a39d346b788) [0x00007a39d346b880, 0x00007a39d346bb18] Compiler: c1, Barriers: 6, Oops: 0, ImmediateOops: 1, NonImmediateOops: No
[1,170s][debug][gc,nmethod  ] Register NMethod: java.lang.String.intern (0x00007a39f2bfda88) [0x00007a39f2bfdb80, 0x00007a39f2bfdea0] Compiler: , Barriers: 0, Oops: 0, ImmediateOops: 0, NonImmediateOops: No
[1,170s][debug][gc,nmethod  ] Register NMethod: java.lang.invoke.MemberName.getMethodType (0x00007a39d346bb88) [0x00007a39d346bc80, 0x00007a39d346e178] Compiler: c1, Barriers: 16, Oops: 1, ImmediateOops: 1, NonImmediateOops: No
[1,170s][debug][gc,nmethod  ] Register NMethod: jdk.internal.misc.Unsafe.allocateInstance (0x00007a39f2bfdf08) [0x00007a39f2bfe000, 0x00007a39f2bfe330] Compiler: , Barriers: 0, Oops: 0, ImmediateOops: 0, NonImmediateOops: No
[1,170s][debug][gc,nmethod  ] Register NMethod: jdk.internal.misc.Unsafe.putReferenceRelease (0x00007a39d346e188) [0x00007a39d346e280, 0x00007a39d346e3f8] Compiler: c1, Barriers: 3, Oops: 0, ImmediateOops: 0, NonImmediateOops: No
[1,170s][debug][gc,nmethod  ] Register NMethod: java.util.concurrent.ConcurrentHashMap.setTabAt (0x00007a39d346e488) [0x00007a39d346e580, 0x00007a39d346e880] Compiler: c1, Barriers: 0, Oops: 0, ImmediateOops: 1, NonImmediateOops: No
[1,170s][debug][gc,nmethod  ] Register NMethod: java.lang.String.replace (0x00007a39d346e888) [0x00007a39d346e980, 0x00007a39d346ee88] Compiler: c1, Barriers: 2, Oops: 0, ImmediateOops: 0, NonImmediateOops: No
[1,170s][debug][gc,director ] Rule Major: Warmup 10%, Used: 14MB, UsedThreshold: 1228MB
[1,171s][debug][gc,nmethod  ] Register NMethod: java.net.URL.getProtocol (0x00007a39f2bfe388) [0x00007a39f2bfe480, 0x00007a39f2bfe568] Compiler: c1, Barriers: 1, Oops: 0, ImmediateOops: 0, NonImmediateOops: No
[1,171s][debug][gc,nmethod  ] Register NMethod: java.util.concurrent.ConcurrentHashMap.casTabAt (0x00007a39f2bfe688) [0x00007a39f2bfe780, 0x00007a39f2bfe858] Compiler: jvmci, Barriers: 5, Oops: 0, ImmediateOops: 0, NonImmediateOops: No
[1,172s][debug][gc,nmethod  ] Register NMethod: java.util.ArrayDeque.inc (0x00007a39d346ef08) [0x00007a39d346f000, 0x00007a39d346f118] Compiler: c1, Barriers: 0, Oops: 0, ImmediateOops: 0, NonImmediateOops: No
[1,172s][debug][gc,nmethod  ] Register NMethod: java.util.ArrayList.add (0x00007a39d346f208) [0x00007a39d346f300, 0x00007a39d346f7c0] Compiler: c1, Barriers: 3, Oops: 0, ImmediateOops: 0, NonImmediateOops: No
[1,172s][debug][gc,nmethod  ] Register NMethod: java.util.ArrayList.add (0x00007a39d346f808) [0x00007a39d346f900, 0x00007a39d346fe70] Compiler: c1, Barriers: 4, Oops: 0, ImmediateOops: 0, NonImmediateOops: No
[1,172s][debug][gc,nmethod  ] Register NMethod: java.lang.StringCoding.countPositives (0x00007a39d346fe88) [0x00007a39d346ff80, 0x00007a39d3470188] Compiler: c1, Barriers: 0, Oops: 0, ImmediateOops: 0, NonImmediateOops: No
[1,173s][debug][gc,nmethod  ] Register NMethod: java.util.zip.ZipCoder$UTF8ZipCoder.isUTF8 (0x00007a39f2bfe988) [0x00007a39f2bfea80, 0x00007a39f2bfeb40] Compiler: c1, Barriers: 0, Oops: 0, ImmediateOops: 0, NonImmediateOops: No
[1,173s][debug][gc,nmethod  ] Register NMethod: java.util.zip.ZipUtils.CENEXT (0x00007a39d3470208) [0x00007a39d3470300, 0x00007a39d3470410] Compiler: c1, Barriers: 0, Oops: 0, ImmediateOops: 0, NonImmediateOops: No
[1,173s][debug][gc,nmethod  ] Register NMethod: sun.nio.fs.UnixPath.checkNotNul (0x00007a39d3470508) [0x00007a39d3470600, 0x00007a39d34707a0] Compiler: c1, Barriers: 0, Oops: 0, ImmediateOops: 1, NonImmediateOops: No
[1,173s][debug][gc,nmethod  ] Register NMethod: java.util.zip.ZipUtils.CENCOM (0x00007a39d3470808) [0x00007a39d3470900, 0x00007a39d3470a10] Compiler: c1, Barriers: 0, Oops: 0, ImmediateOops: 0, NonImmediateOops: No
[1,173s][debug][gc,nmethod  ] Register NMethod: java.util.zip.Inflater$InflaterZStreamRef.address (0x00007a39f2bfec88) [0x00007a39f2bfed80, 0x00007a39f2bfee40] Compiler: c1, Barriers: 0, Oops: 0, ImmediateOops: 0, NonImmediateOops: No
[1,174s][debug][gc,nmethod  ] Register NMethod: java.util.zip.ZipUtils.CENNAM (0x00007a39d3470b08) [0x00007a39d3470c00, 0x00007a39d3470d10] Compiler: c1, Barriers: 0, Oops: 0, ImmediateOops: 0, NonImmediateOops: No
[1,174s][debug][gc,nmethod  ] Register NMethod: java.util.zip.ZipUtils.CENLEN (0x00007a39d3470e08) [0x00007a39d3470f00, 0x00007a39d3471010] Compiler: c1, Barriers: 0, Oops: 0, ImmediateOops: 0, NonImmediateOops: No
[1,174s][debug][gc,nmethod  ] Register NMethod: java.util.zip.ZipUtils.CENSIZ (0x00007a39d3471108) [0x00007a39d3471200, 0x00007a39d3471310] Compiler: c1, Barriers: 0, Oops: 0, ImmediateOops: 0, NonImmediateOops: No
[1,174s][debug][gc,nmethod  ] Register NMethod: java.util.zip.ZipUtils.CENHOW (0x00007a39d3471408) [0x00007a39d3471500, 0x00007a39d3471610] Compiler: c1, Barriers: 0, Oops: 0, ImmediateOops: 0, NonImmediateOops: No
[1,174s][debug][gc,nmethod  ] Register NMethod: java.util.zip.ZipUtils.CENFLG (0x00007a39d3471708) [0x00007a39d3471800, 0x00007a39d3471910] Compiler: c1, Barriers: 0, Oops: 0, ImmediateOops: 0, NonImmediateOops: No
[1,174s][debug][gc,nmethod  ] Register NMethod: java.util.zip.ZipUtils.CENOFF (0x00007a39d3471a08) [0x00007a39d3471b00, 0x00007a39d3471c10] Compiler: c1, Barriers: 0, Oops: 0, ImmediateOops: 0, NonImmediateOops: No
[1,174s][debug][gc,nmethod  ] Register NMethod: java.util.zip.ZipFile.zipCoderFor (0x00007a39d3471d08) [0x00007a39d3471e00, 0x00007a39d3472250] Compiler: c1, Barriers: 0, Oops: 0, ImmediateOops: 1, NonImmediateOops: No
[1,175s][debug][gc,nmethod  ] Register NMethod: java.lang.System$1.uncheckedCountPositives (0x00007a39d3472288) [0x00007a39d3472380, 0x00007a39d34725d8] Compiler: c1, Barriers: 0, Oops: 0, ImmediateOops: 0, NonImmediateOops: No
[1,175s][debug][gc,nmethod  ] Register NMethod: java.util.zip.ZipUtils.CENSIG (0x00007a39d3472608) [0x00007a39d3472700, 0x00007a39d3472810] Compiler: c1, Barriers: 0, Oops: 0, ImmediateOops: 0, NonImmediateOops: No
[1,175s][debug][gc,nmethod  ] Register NMethod: java.util.zip.ZipUtils.CENDSK (0x00007a39d3472908) [0x00007a39d3472a00, 0x00007a39d3472b10] Compiler: c1, Barriers: 0, Oops: 0, ImmediateOops: 0, NonImmediateOops: No
[1,175s][debug][gc,nmethod  ] Register NMethod: java.util.zip.ZipFile$Source.nextEntryPos (0x00007a39d3472c08) [0x00007a39d3472d00, 0x00007a39d3472fb8] Compiler: c1, Barriers: 2, Oops: 0, ImmediateOops: 0, NonImmediateOops: No
[1,175s][debug][gc,nmethod  ] Register NMethod: java.util.zip.ZipFile$Source.isMetaName (0x00007a39d3473008) [0x00007a39d3473100, 0x00007a39d3473560] Compiler: c1, Barriers: 0, Oops: 0, ImmediateOops: 0, NonImmediateOops: No
[1,175s][debug][gc,nmethod  ] Register NMethod: java.util.zip.ZipCoder$UTF8ZipCoder.checkedHash (0x00007a39d3473588) [0x00007a39d3473680, 0x00007a39d3473aa0] Compiler: c1, Barriers: 0, Oops: 0, ImmediateOops: 2, NonImmediateOops: No
[1,175s][debug][gc,nmethod  ] Register NMethod: java.lang.String.endsWith (0x00007a39d3473b08) [0x00007a39d3473c00, 0x00007a39d3474830] Compiler: c1, Barriers: 2, Oops: 0, ImmediateOops: 0, NonImmediateOops: No
[1,175s][debug][gc,nmethod  ] Register NMethod: java.util.Arrays.copyOf (0x00007a39d3474888) [0x00007a39d3474980, 0x00007a39d3474d48] Compiler: c1, Barriers: 0, Oops: 0, ImmediateOops: 0, NonImmediateOops: No
[1,175s][debug][gc,nmethod  ] Register NMethod: java.lang.AbstractStringBuilder.ensureCapacityNewCoder (0x00007a39d3474d88) [0x00007a39d3474e80, 0x00007a39d3475190] Compiler: c1, Barriers: 0, Oops: 0, ImmediateOops: 0, NonImmediateOops: No
[1,176s][debug][gc,nmethod  ] Register NMethod: java.io.UnixFileSystem.prefixLength (0x00007a39d3475208) [0x00007a39d3475300, 0x00007a39d3475898] Compiler: c1, Barriers: 0, Oops: 1, ImmediateOops: 1, NonImmediateOops: No
[1,176s][debug][gc,nmethod  ] Register NMethod: java.util.zip.ZipFile$Source.checkAndAddEntry (0x00007a39d3475908) [0x00007a39d3475a00, 0x00007a39d3477d00] Compiler: c1, Barriers: 3, Oops: 7, ImmediateOops: 8, NonImmediateOops: No
[1,176s][debug][gc,nmethod  ] Register NMethod: java.lang.AbstractStringBuilder.isLatin1 (0x00007a39d3477d88) [0x00007a39d3477e80, 0x00007a39d3478040] Compiler: c1, Barriers: 0, Oops: 0, ImmediateOops: 0, NonImmediateOops: No
[1,176s][debug][gc,nmethod  ] Register NMethod: java.io.UnixFileSystem.getBooleanAttributes0 (0x00007a39f2bfef88) [0x00007a39f2bff080, 0x00007a39f2bff1e8] Compiler: , Barriers: 0, Oops: 0, ImmediateOops: 0, NonImmediateOops: No
[1,176s][debug][gc,nmethod  ] Register NMethod: jdk.internal.misc.Unsafe.getShortUnaligned (0x00007a39f2bff288) [0x00007a39f2bff380, 0x00007a39f2bff440] Compiler: jvmci, Barriers: 0, Oops: 0, ImmediateOops: 0, NonImmediateOops: No
[1,176s][debug][gc,nmethod  ] Register NMethod: java.lang.AbstractStringBuilder.<init> (0x00007a39d3478088) [0x00007a39d3478180, 0x00007a39d3478408] Compiler: c1, Barriers: 3, Oops: 0, ImmediateOops: 0, NonImmediateOops: No
[1,176s][debug][gc,nmethod  ] Register NMethod: java.lang.ref.Reference.reachabilityFence (0x00007a39d3478488) [0x00007a39d3478580, 0x00007a39d3478660] Compiler: c1, Barriers: 0, Oops: 0, ImmediateOops: 0, NonImmediateOops: No
[1,176s][debug][gc,nmethod  ] Register NMethod: java.io.RandomAccessFile.readBytes0 (0x00007a39f2bff588) [0x00007a39f2bff680, 0x00007a39f2bff7e8] Compiler: , Barriers: 0, Oops: 0, ImmediateOops: 0, NonImmediateOops: No
[1,176s][debug][gc,nmethod  ] Register NMethod: java.lang.StringBuilder.toString (0x00007a39d3478788) [0x00007a39d3478880, 0x00007a39d3478cb8] Compiler: c1, Barriers: 0, Oops: 0, ImmediateOops: 1, NonImmediateOops: No
[1,176s][debug][gc,nmethod  ] Register NMethod: java.util.zip.ZipUtils.get16 (0x00007a39f2bff888) [0x00007a39f2bff980, 0x00007a39f2bffa58] Compiler: jvmci, Barriers: 0, Oops: 0, ImmediateOops: 0, NonImmediateOops: No
[1,176s][debug][gc,nmethod  ] Register NMethod: java.io.RandomAccessFile.seek0 (0x00007a39f2bffb88) [0x00007a39f2bffc80, 0x00007a39f2bffdc8] Compiler: , Barriers: 0, Oops: 0, ImmediateOops: 0, NonImmediateOops: No
[1,176s][debug][gc,nmethod  ] Register NMethod: java.lang.String.<init> (0x00007a39d3478d08) [0x00007a39d3478e00, 0x00007a39d34797a0] Compiler: c1, Barriers: 10, Oops: 0, ImmediateOops: 0, NonImmediateOops: No
[1,177s][debug][gc,nmethod  ] Register NMethod: java.io.File.isInvalid (0x00007a39d3479808) [0x00007a39d3479900, 0x00007a39d3479eb0] Compiler: c1, Barriers: 5, Oops: 0, ImmediateOops: 4, NonImmediateOops: No
[1,177s][debug][gc,nmethod  ] Register NMethod: java.lang.StringLatin1.indexOfChar (0x00007a39f2bffe88) [0x00007a39f2bfff80, 0x00007a39f2c001d8] Compiler: jvmci, Barriers: 0, Oops: 0, ImmediateOops: 0, NonImmediateOops: No
[1,177s][debug][gc,nmethod  ] Register NMethod: jdk.internal.util.ArraysSupport.newLength (0x00007a39d3479f08) [0x00007a39d347a000, 0x00007a39d347a238] Compiler: c1, Barriers: 0, Oops: 0, ImmediateOops: 0, NonImmediateOops: No
[1,177s][debug][gc,nmethod  ] Register NMethod: java.util.zip.ZipUtils.get32 (0x00007a39f2c00208) [0x00007a39f2c00300, 0x00007a39f2c003d0] Compiler: jvmci, Barriers: 0, Oops: 0, ImmediateOops: 0, NonImmediateOops: No
[1,178s][debug][gc,nmethod  ] Register NMethod: jdk.internal.misc.Unsafe.getIntUnaligned (0x00007a39f2c00508) [0x00007a39f2c00600, 0x00007a39f2c006c0] Compiler: jvmci, Barriers: 0, Oops: 0, ImmediateOops: 0, NonImmediateOops: No
[1,178s][debug][gc,nmethod  ] Register NMethod: java.lang.StringBuilder.<init> (0x00007a39d347a288) [0x00007a39d347a380, 0x00007a39d347a4b8] Compiler: c1, Barriers: 0, Oops: 0, ImmediateOops: 0, NonImmediateOops: No
[1,179s][debug][gc,nmethod  ] Register NMethod: java.util.zip.ZipFile$Source.getEntryHash (0x00007a39d347a588) [0x00007a39d347a680, 0x00007a39d347a7d8] Compiler: c1, Barriers: 1, Oops: 0, ImmediateOops: 0, NonImmediateOops: No
[1,179s][debug][gc,nmethod  ] Register NMethod: java.util.HashMap.putVal (0x00007a39d347a888) [0x00007a39d347a980, 0x00007a39d347cd10] Compiler: c1, Barriers: 15, Oops: 0, ImmediateOops: 0, NonImmediateOops: No
[1,179s][debug][gc,nmethod  ] Register NMethod: java.util.ArrayList.elementData (0x00007a39d347cd88) [0x00007a39d347ce80, 0x00007a39d347d010] Compiler: c1, Barriers: 2, Oops: 0, ImmediateOops: 0, NonImmediateOops: No
[1,179s][debug][gc,nmethod  ] Register NMethod: java.util.Objects.checkIndex (0x00007a39d347d088) [0x00007a39d347d180, 0x00007a39d347d2b0] Compiler: c1, Barriers: 0, Oops: 0, ImmediateOops: 0, NonImmediateOops: No
[1,179s][debug][gc,nmethod  ] Register NMethod: java.lang.StringCoding.countPositives (0x00007a39f2c00808) [0x00007a39f2c00900, 0x00007a39f2c00b68] Compiler: jvmci, Barriers: 0, Oops: 0, ImmediateOops: 0, NonImmediateOops: No
[1,179s][debug][gc,nmethod  ] Register NMethod: java.util.Objects.checkFromIndexSize (0x00007a39d347d388) [0x00007a39d347d480, 0x00007a39d347d678] Compiler: c1, Barriers: 0, Oops: 0, ImmediateOops: 0, NonImmediateOops: No
[1,179s][debug][gc,nmethod  ] Register NMethod: java.util.ArrayList.get (0x00007a39d347d688) [0x00007a39d347d780, 0x00007a39d347da28] Compiler: c1, Barriers: 2, Oops: 0, ImmediateOops: 0, NonImmediateOops: No
[1,179s][debug][gc,nmethod  ] Register NMethod: java.util.zip.ZipFile$Source.getEntryNext (0x00007a39d347da88) [0x00007a39d347db80, 0x00007a39d347dcd8] Compiler: c1, Barriers: 1, Oops: 0, ImmediateOops: 0, NonImmediateOops: No
[1,180s][debug][gc,nmethod  ] Register NMethod: java.util.zip.ZipFile.ensureOpen (0x00007a39d347dd88) [0x00007a39d347de80, 0x00007a39d347e150] Compiler: c1, Barriers: 2, Oops: 0, ImmediateOops: 2, NonImmediateOops: No
[1,180s][debug][gc,nmethod  ] Register NMethod: java.lang.ref.Cleaner$1.apply (0x00007a39d347e188) [0x00007a39d347e280, 0x00007a39d347e3b0] Compiler: c1, Barriers: 1, Oops: 0, ImmediateOops: 0, NonImmediateOops: No
[1,180s][debug][gc,nmethod  ] Register NMethod: jdk.internal.ref.CleanerImpl.getCleanerImpl (0x00007a39d347e488) [0x00007a39d347e580, 0x00007a39d347eab8] Compiler: c1, Barriers: 1, Oops: 0, ImmediateOops: 1, NonImmediateOops: No
[1,180s][debug][gc,nmethod  ] Register NMethod: java.lang.ref.Cleaner$1.apply (0x00007a39d347eb08) [0x00007a39d347ec00, 0x00007a39d347efb0] Compiler: c1, Barriers: 1, Oops: 0, ImmediateOops: 0, NonImmediateOops: No
[1,180s][debug][gc,nmethod  ] Register NMethod: java.net.URL.getFile (0x00007a39f2c00b88) [0x00007a39f2c00c80, 0x00007a39f2c00d68] Compiler: c1, Barriers: 1, Oops: 0, ImmediateOops: 0, NonImmediateOops: No
[1,180s][debug][gc,nmethod  ] Register NMethod: java.lang.Class.getComponentType (0x00007a39f2c00e88) [0x00007a39f2c00f80, 0x00007a39f2c01068] Compiler: c1, Barriers: 1, Oops: 0, ImmediateOops: 0, NonImmediateOops: No
[1,180s][debug][gc,nmethod  ] Register NMethod: java.lang.ref.Reference.refersTo0 (0x00007a39f2c01188) [0x00007a39f2c01280, 0x00007a39f2c013f0] Compiler: , Barriers: 0, Oops: 0, ImmediateOops: 0, NonImmediateOops: No
[1,181s][debug][gc,director ] Rule Major: Warmup 10%, Used: 14MB, UsedThreshold: 1228MB
[1,181s][debug][gc,nmethod  ] Register NMethod: java.lang.invoke.MethodHandleNatives.resolve (0x00007a39f2c01488) [0x00007a39f2c01580, 0x00007a39f2c018d0] Compiler: , Barriers: 0, Oops: 0, ImmediateOops: 1, NonImmediateOops: No
[1,181s][debug][gc,nmethod  ] Register NMethod: java.lang.ref.WeakReference.<init> (0x00007a39d347f008) [0x00007a39d347f100, 0x00007a39d347f3f0] Compiler: c1, Barriers: 6, Oops: 0, ImmediateOops: 1, NonImmediateOops: No
[1,181s][debug][gc,nmethod  ] Register NMethod: java.lang.invoke.MethodHandle.linkToStatic (0x00007a39f2c01908) [0x00007a39f2c01a00, 0x00007a39f2c01af0] Compiler: , Barriers: 0, Oops: 0, ImmediateOops: 0, NonImmediateOops: No
[1,181s][debug][gc,nmethod  ] Register NMethod: java.lang.invoke.MethodHandles$Lookup.lookupClass (0x00007a39f2c01c08) [0x00007a39f2c01d00, 0x00007a39f2c01de8] Compiler: c1, Barriers: 1, Oops: 0, ImmediateOops: 0, NonImmediateOops: No
[1,181s][debug][gc,nmethod  ] Register NMethod: java.lang.invoke.MethodTypeForm.erasedType (0x00007a39f2c01f08) [0x00007a39f2c02000, 0x00007a39f2c020e8] Compiler: c1, Barriers: 1, Oops: 0, ImmediateOops: 0, NonImmediateOops: No
[1,181s][debug][gc,nmethod  ] Register NMethod: java.lang.invoke.MemberName.getReferenceKind (0x00007a39d347f408) [0x00007a39d347f500, 0x00007a39d347f610] Compiler: c1, Barriers: 0, Oops: 0, ImmediateOops: 0, NonImmediateOops: No
[1,181s][debug][gc,nmethod  ] Register NMethod: java.lang.invoke.MethodHandle.invokeBasic (0x00007a39f2c02208) [0x00007a39f2c02300, 0x00007a39f2c02598] Compiler: , Barriers: 0, Oops: 0, ImmediateOops: 0, NonImmediateOops: No
[1,181s][debug][gc,nmethod  ] Register NMethod: java.lang.Class.isAssignableFrom (0x00007a39f2c02608) [0x00007a39f2c02700, 0x00007a39f2c02870] Compiler: , Barriers: 0, Oops: 0, ImmediateOops: 0, NonImmediateOops: No
[1,181s][debug][gc,nmethod  ] Register NMethod: jdk.internal.classfile.impl.AbstractPoolEntry.hash2 (0x00007a39d347f708) [0x00007a39d347f800, 0x00007a39d347f900] Compiler: c1, Barriers: 0, Oops: 0, ImmediateOops: 0, NonImmediateOops: No
[1,182s][debug][gc,nmethod  ] Register NMethod: java.util.Arrays.copyOf (0x00007a39d347fa08) [0x00007a39d347fb00, 0x00007a39d3480380] Compiler: c1, Barriers: 1, Oops: 0, ImmediateOops: 1, NonImmediateOops: No
[1,182s][debug][gc,nmethod  ] Register NMethod: java.lang.invoke.MethodHandle.type (0x00007a39f2c02908) [0x00007a39f2c02a00, 0x00007a39f2c02ae8] Compiler: c1, Barriers: 1, Oops: 0, ImmediateOops: 0, NonImmediateOops: No
[1,182s][debug][gc,nmethod  ] Register NMethod: jdk.internal.classfile.impl.AbstractPoolEntry.hashCode (0x00007a39f2c02c08) [0x00007a39f2c02d00, 0x00007a39f2c02dc0] Compiler: c1, Barriers: 0, Oops: 0, ImmediateOops: 0, NonImmediateOops: No
[1,182s][debug][gc,nmethod  ] Register NMethod: jdk.internal.classfile.impl.RawBytecodeHelper.isStoreIntoLocal (0x00007a39d3480388) [0x00007a39d3480480, 0x00007a39d34805d8] Compiler: c1, Barriers: 0, Oops: 0, ImmediateOops: 0, NonImmediateOops: No
[1,182s][debug][gc,nmethod  ] Register NMethod: java.lang.AbstractStringBuilder.newCapacity (0x00007a39d3480688) [0x00007a39d3480780, 0x00007a39d3480b18] Compiler: c1, Barriers: 0, Oops: 0, ImmediateOops: 1, NonImmediateOops: No
[1,182s][debug][gc,nmethod  ] Register NMethod: java.lang.System.nanoTime (0x00007a39f2c02f08) [0x00007a39f2c03000, 0x00007a39f2c03158] Compiler: , Barriers: 0, Oops: 0, ImmediateOops: 1, NonImmediateOops: No
[1,183s][debug][gc,nmethod  ] Register NMethod: java.io.RandomAccessFile.read (0x00007a39d3480b88) [0x00007a39d3480c80, 0x00007a39d3480f38] Compiler: c1, Barriers: 0, Oops: 0, ImmediateOops: 1, NonImmediateOops: No
[1,183s][debug][gc,nmethod  ] Register NMethod: java.io.RandomAccessFile.readBytes (0x00007a39d3480f88) [0x00007a39d3481080, 0x00007a39d34812d8] Compiler: c1, Barriers: 0, Oops: 0, ImmediateOops: 1, NonImmediateOops: No
[1,183s][debug][gc,nmethod  ] Register NMethod: java.lang.ClassLoader.findLoadedClass0 (0x00007a39f2c03208) [0x00007a39f2c03300, 0x00007a39f2c03630] Compiler: , Barriers: 0, Oops: 0, ImmediateOops: 0, NonImmediateOops: No
[1,183s][debug][gc,nmethod  ] Register NMethod: java.security.ProtectionDomain.getCodeSource (0x00007a39f2c03688) [0x00007a39f2c03780, 0x00007a39f2c03868] Compiler: c1, Barriers: 1, Oops: 0, ImmediateOops: 0, NonImmediateOops: No
[1,183s][debug][gc,nmethod  ] Register NMethod: jdk.internal.loader.URLClassPath$JarLoader.ensureOpen (0x00007a39d3481308) [0x00007a39d3481400, 0x00007a39d3481668] Compiler: c1, Barriers: 5, Oops: 0, ImmediateOops: 0, NonImmediateOops: No
[1,183s][debug][gc,nmethod  ] Register NMethod: java.lang.ClassLoader.checkName (0x00007a39d3481688) [0x00007a39d3481780, 0x00007a39d34824c8] Compiler: c1, Barriers: 3, Oops: 1, ImmediateOops: 1, NonImmediateOops: No
[1,183s][debug][gc,nmethod  ] Register NMethod: java.io.RandomAccessFile.seek (0x00007a39d3482508) [0x00007a39d3482600, 0x00007a39d3482848] Compiler: c1, Barriers: 0, Oops: 0, ImmediateOops: 1, NonImmediateOops: No
[1,183s][debug][gc,nmethod  ] Register NMethod: java.lang.Integer.intValue (0x00007a39f2c03988) [0x00007a39f2c03a80, 0x00007a39f2c03b40] Compiler: c1, Barriers: 0, Oops: 0, ImmediateOops: 0, NonImmediateOops: No
[1,184s][debug][gc,nmethod  ] Register NMethod: java.lang.StringCoding.countPositives (0x00007a39f2c03c88) [0x00007a39f2c03d80, 0x00007a39f2c04108] Compiler: jvmci, Barriers: 0, Oops: 0, ImmediateOops: 0, NonImmediateOops: No
[1,184s][debug][gc,nmethod  ] Register NMethod: java.util.jar.JarFile.checkForSpecialAttributes (0x00007a39d3482888) [0x00007a39d3482980, 0x00007a39d3483ee8] Compiler: c1, Barriers: 10, Oops: 1, ImmediateOops: 8, NonImmediateOops: No
[1,184s][debug][gc,nmethod  ] Register NMethod: java.util.zip.ZipFile$Source.getEntryPos (0x00007a39d3483f08) [0x00007a39d3484000, 0x00007a39d3485ca8] Compiler: c1, Barriers: 12, Oops: 1, ImmediateOops: 3, NonImmediateOops: No
[1,184s][debug][gc,nmethod  ] Register NMethod: java.util.jar.JarFile.isMultiRelease (0x00007a39d3485d08) [0x00007a39d3485e00, 0x00007a39d3485ff8] Compiler: c1, Barriers: 0, Oops: 0, ImmediateOops: 0, NonImmediateOops: No
[1,184s][debug][gc,nmethod  ] Register NMethod: java.util.jar.Attributes$Name.hashCode (0x00007a39f2c04188) [0x00007a39f2c04280, 0x00007a39f2c04340] Compiler: c1, Barriers: 0, Oops: 0, ImmediateOops: 0, NonImmediateOops: No
[1,184s][debug][gc,nmethod  ] Register NMethod: java.util.LinkedHashMap.removeEldestEntry (0x00007a39f2c04488) [0x00007a39f2c04580, 0x00007a39f2c04640] Compiler: c1, Barriers: 0, Oops: 0, ImmediateOops: 0, NonImmediateOops: No
[1,185s][debug][gc,nmethod  ] Register NMethod: jdk.internal.misc.Unsafe.putLong (0x00007a39f2c04788) [0x00007a39f2c04880, 0x00007a39f2c049d8] Compiler: , Barriers: 0, Oops: 0, ImmediateOops: 0, NonImmediateOops: No
[1,185s][debug][gc,nmethod  ] Register NMethod: java.util.jar.Manifest$FastInputStream.readLine (0x00007a39d3486008) [0x00007a39d3486100, 0x00007a39d3486958] Compiler: c1, Barriers: 1, Oops: 0, ImmediateOops: 0, NonImmediateOops: No
[1,185s][debug][gc,nmethod  ] Register NMethod: java.nio.Buffer.session (0x00007a39d3486988) [0x00007a39d3486a80, 0x00007a39d3486e88] Compiler: c1, Barriers: 1, Oops: 0, ImmediateOops: 0, NonImmediateOops: No
[1,185s][debug][gc,nmethod  ] Register NMethod: java.util.zip.ZipFile.getEntry (0x00007a39d3486f08) [0x00007a39d3487000, 0x00007a39d34875c8] Compiler: c1, Barriers: 4, Oops: 1, ImmediateOops: 1, NonImmediateOops: No
[1,185s][debug][gc,nmethod  ] Register NMethod: java.util.zip.ZipCoder.hash (0x00007a39d3487608) [0x00007a39d3487700, 0x00007a39d3488538] Compiler: c1, Barriers: 1, Oops: 1, ImmediateOops: 1, NonImmediateOops: No
[1,185s][debug][gc,nmethod  ] Register NMethod: java.nio.Buffer.checkIndex (0x00007a39d3488588) [0x00007a39d3488680, 0x00007a39d34887d0] Compiler: c1, Barriers: 0, Oops: 1, ImmediateOops: 1, NonImmediateOops: No
[1,186s][debug][gc,nmethod  ] Register NMethod: java.util.jar.JarFile.getJarEntry (0x00007a39d3488888) [0x00007a39d3488980, 0x00007a39d3489228] Compiler: c1, Barriers: 0, Oops: 0, ImmediateOops: 0, NonImmediateOops: No
[1,186s][debug][gc,nmethod  ] Register NMethod: jdk.internal.loader.URLClassPath$JarLoader.getResource (0x00007a39d3489288) [0x00007a39d3489380, 0x00007a39d3489960] Compiler: c1, Barriers: 1, Oops: 0, ImmediateOops: 0, NonImmediateOops: No
[1,186s][debug][gc,nmethod  ] Register NMethod: java.nio.DirectLongBufferU.ix (0x00007a39d3489988) [0x00007a39d3489a80, 0x00007a39d3489b90] Compiler: c1, Barriers: 0, Oops: 0, ImmediateOops: 0, NonImmediateOops: No
[1,186s][debug][gc,nmethod  ] Register NMethod: java.util.jar.JarFile.getEntry (0x00007a39d3489c88) [0x00007a39d3489d80, 0x00007a39d348a4c8] Compiler: c1, Barriers: 0, Oops: 0, ImmediateOops: 0, NonImmediateOops: No
[1,186s][debug][gc,nmethod  ] Register NMethod: java.util.WeakHashMap.maskNull (0x00007a39d348a508) [0x00007a39d348a600, 0x00007a39d348a728] Compiler: c1, Barriers: 0, Oops: 0, ImmediateOops: 1, NonImmediateOops: No
[1,186s][debug][gc,nmethod  ] Register NMethod: java.util.WeakHashMap.hash (0x00007a39d348a808) [0x00007a39d348a900, 0x00007a39d348ac28] Compiler: c1, Barriers: 0, Oops: 0, ImmediateOops: 0, NonImmediateOops: No
[1,186s][debug][gc,nmethod  ] Register NMethod: java.util.WeakHashMap.getTable (0x00007a39d348ac88) [0x00007a39d348ad80, 0x00007a39d348aef8] Compiler: c1, Barriers: 1, Oops: 0, ImmediateOops: 0, NonImmediateOops: No
[1,186s][debug][gc,nmethod  ] Register NMethod: java.util.WeakHashMap.indexFor (0x00007a39d348af88) [0x00007a39d348b080, 0x00007a39d348b168] Compiler: c1, Barriers: 0, Oops: 0, ImmediateOops: 0, NonImmediateOops: No
[1,186s][debug][gc,nmethod  ] Register NMethod: jdk.internal.loader.URLClassPath.getLoader (0x00007a39d348b288) [0x00007a39d348b380, 0x00007a39d348d248] Compiler: c1, Barriers: 12, Oops: 0, ImmediateOops: 0, NonImmediateOops: No
[1,186s][debug][gc,nmethod  ] Register NMethod: java.lang.Class.getModule (0x00007a39f2c04a88) [0x00007a39f2c04b80, 0x00007a39f2c04c68] Compiler: c1, Barriers: 1, Oops: 0, ImmediateOops: 0, NonImmediateOops: No
[1,186s][debug][gc,nmethod  ] Register NMethod: java.util.WeakHashMap.expungeStaleEntries (0x00007a39d348d288) [0x00007a39d348d380, 0x00007a39d348e118] Compiler: c1, Barriers: 14, Oops: 0, ImmediateOops: 0, NonImmediateOops: No
[1,187s][debug][gc,nmethod  ] Register NMethod: java.lang.Class.getPackageName (0x00007a39d348e188) [0x00007a39d348e280, 0x00007a39d3490488] Compiler: c1, Barriers: 8, Oops: 0, ImmediateOops: 2, NonImmediateOops: No
[1,187s][debug][gc,nmethod  ] Register NMethod: java.util.zip.Inflater.inflateBytesBytes (0x00007a39f2c04d88) [0x00007a39f2c04e80, 0x00007a39f2c05018] Compiler: , Barriers: 0, Oops: 0, ImmediateOops: 0, NonImmediateOops: No
[1,188s][debug][gc,nmethod  ] Register NMethod: java.lang.ClassLoader.findBootstrapClass (0x00007a39f2c05088) [0x00007a39f2c05180, 0x00007a39f2c054b8] Compiler: , Barriers: 0, Oops: 0, ImmediateOops: 1, NonImmediateOops: No
[1,188s][debug][gc,nmethod  ] Register NMethod: java.security.CodeSource.getLocationNoFragString (0x00007a39f2c05508) [0x00007a39f2c05600, 0x00007a39f2c056e8] Compiler: c1, Barriers: 1, Oops: 0, ImmediateOops: 0, NonImmediateOops: No
[1,189s][debug][gc,nmethod  ] Register NMethod: java.lang.Module.getDescriptor (0x00007a39f2c05808) [0x00007a39f2c05900, 0x00007a39f2c059e8] Compiler: c1, Barriers: 1, Oops: 0, ImmediateOops: 0, NonImmediateOops: No
[1,189s][debug][gc,nmethod  ] Register NMethod: java.util.concurrent.CopyOnWriteArrayList.setArray (0x00007a39f2c05b08) [0x00007a39f2c05c00, 0x00007a39f2c05d30] Compiler: c1, Barriers: 3, Oops: 0, ImmediateOops: 0, NonImmediateOops: No
[1,190s][debug][gc,nmethod  ] Register NMethod: java.lang.module.ModuleDescriptor$Provides.providers (0x00007a39f2c05e08) [0x00007a39f2c05f00, 0x00007a39f2c05fe8] Compiler: c1, Barriers: 1, Oops: 0, ImmediateOops: 0, NonImmediateOops: No
[1,190s][debug][gc,nmethod  ] Register NMethod: java.lang.Class.initClassName (0x00007a39f2c06108) [0x00007a39f2c06200, 0x00007a39f2c06520] Compiler: , Barriers: 0, Oops: 0, ImmediateOops: 0, NonImmediateOops: No
[1,190s][debug][gc,nmethod  ] Register NMethod: java.lang.StringBuilder.append (0x00007a39d3490508) [0x00007a39d3490600, 0x00007a39d3490748] Compiler: c1, Barriers: 0, Oops: 0, ImmediateOops: 0, NonImmediateOops: No
[1,190s][debug][gc,nmethod  ] Register NMethod: java.lang.StringLatin1.coderFromChar (0x00007a39d3490808) [0x00007a39d3490900, 0x00007a39d34909f0] Compiler: c1, Barriers: 0, Oops: 0, ImmediateOops: 0, NonImmediateOops: No
[1,190s][debug][gc,nmethod  ] Register NMethod: java.lang.AbstractStringBuilder.append (0x00007a39d3490b08) [0x00007a39d3490c00, 0x00007a39d34910b8] Compiler: c1, Barriers: 4, Oops: 0, ImmediateOops: 0, NonImmediateOops: No
[1,191s][debug][gc,director ] Rule Major: Warmup 10%, Used: 16MB, UsedThreshold: 1228MB
[1,192s][debug][gc,nmethod  ] Register NMethod: java.nio.DirectByteBuffer.ix (0x00007a39d3491108) [0x00007a39d3491200, 0x00007a39d3491308] Compiler: c1, Barriers: 0, Oops: 0, ImmediateOops: 0, NonImmediateOops: No
[1,193s][debug][gc,nmethod  ] Register NMethod: jdk.internal.misc.ScopedMemoryAccess.getByte (0x00007a39d3491408) [0x00007a39d3491500, 0x00007a39d3491818] Compiler: c1, Barriers: 0, Oops: 0, ImmediateOops: 0, NonImmediateOops: No
[1,193s][debug][gc,nmethod  ] Register NMethod: jdk.internal.misc.ScopedMemoryAccess.getByteInternal (0x00007a39d3491888) [0x00007a39d3491980, 0x00007a39d3491bd0] Compiler: c1, Barriers: 0, Oops: 0, ImmediateOops: 0, NonImmediateOops: No
[1,193s][debug][gc,nmethod  ] Register NMethod: java.nio.DirectByteBuffer.get (0x00007a39d3491c08) [0x00007a39d3491d00, 0x00007a39d3492b00] Compiler: c1, Barriers: 1, Oops: 2, ImmediateOops: 2, NonImmediateOops: No
[1,193s][debug][gc,nmethod  ] Register NMethod: java.lang.ref.Reference.reachabilityFence (0x00007a39f2c06588) [0x00007a39f2c06680, 0x00007a39f2c066e0] Compiler: jvmci, Barriers: 0, Oops: 0, ImmediateOops: 0, NonImmediateOops: No
[1,194s][debug][gc,nmethod  ] Register NMethod: java.util.concurrent.ConcurrentHashMap.tabAt (0x00007a39f2c06888) [0x00007a39f2c06980, 0x00007a39f2c06a18] Compiler: jvmci, Barriers: 1, Oops: 0, ImmediateOops: 0, NonImmediateOops: No
[1,195s][debug][gc,nmethod  ] Register NMethod: jdk.internal.classfile.impl.StackMapGenerator.processBlock (0x00007a39d3492b88) [0x00007a39d3492c80, 0x00007a39d34c1f48] Compiler: c1, Barriers: 287, Oops: 4, ImmediateOops: 158, NonImmediateOops: No
[1,195s][debug][gc,nmethod  ] Register NMethod: java.lang.invoke.LambdaForm$Name.<init> (0x00007a39d34c1f88) [0x00007a39d34c2080, 0x00007a39d34c23e8] Compiler: c1, Barriers: 12, Oops: 0, ImmediateOops: 0, NonImmediateOops: No
[1,195s][debug][gc,nmethod  ] Register NMethod: jdk.internal.constant.MethodTypeDescImpl.parameterCount (0x00007a39d34c2408) [0x00007a39d34c2500, 0x00007a39d34c2638] Compiler: c1, Barriers: 1, Oops: 0, ImmediateOops: 0, NonImmediateOops: No
[1,196s][debug][gc,nmethod  ] Register NMethod: java.lang.Class.desiredAssertionStatus0 (0x00007a39f2c06b88) [0x00007a39f2c06c80, 0x00007a39f2c06df0] Compiler: , Barriers: 0, Oops: 0, ImmediateOops: 1, NonImmediateOops: No
[1,198s][debug][gc,nmethod  ] Register NMethod: java.io.RandomAccessFile.readFully (0x00007a39d34c2708) [0x00007a39d34c2800, 0x00007a39d34c2cd8] Compiler: c1, Barriers: 0, Oops: 0, ImmediateOops: 1, NonImmediateOops: No
[1,198s][debug][gc,nmethod  ] Register NMethod: jdk.internal.misc.Unsafe.compareAndSetInt (0x00007a39f2c06e88) [0x00007a39f2c06f80, 0x00007a39f2c070f0] Compiler: , Barriers: 0, Oops: 0, ImmediateOops: 0, NonImmediateOops: No
[1,198s][debug][gc,nmethod  ] Register NMethod: java.util.jar.JarFile.getJarEntry (0x00007a39d34c2d08) [0x00007a39d34c2e00, 0x00007a39d34c3300] Compiler: c1, Barriers: 0, Oops: 0, ImmediateOops: 0, NonImmediateOops: No
[1,198s][debug][gc,nmethod  ] Register NMethod: java.net.URL.getRef (0x00007a39f2c07188) [0x00007a39f2c07280, 0x00007a39f2c07368] Compiler: c1, Barriers: 1, Oops: 0, ImmediateOops: 0, NonImmediateOops: No
[1,198s][debug][gc,nmethod  ] Register NMethod: java.util.jar.JarFile.getEntry (0x00007a39d34c3308) [0x00007a39d34c3400, 0x00007a39d34c3b48] Compiler: c1, Barriers: 0, Oops: 0, ImmediateOops: 0, NonImmediateOops: No
[1,199s][debug][gc,nmethod  ] Register NMethod: jdk.internal.loader.URLClassPath$JarLoader.getResource (0x00007a39d34c3b88) [0x00007a39d34c3c80, 0x00007a39d34c45b0] Compiler: c1, Barriers: 1, Oops: 0, ImmediateOops: 0, NonImmediateOops: No
[1,199s][debug][gc,nmethod  ] Register NMethod: jdk.internal.util.ArraysSupport.hashCodeOfUnsigned (0x00007a39f2c07488) [0x00007a39f2c07580, 0x00007a39f2c076b0] Compiler: jvmci, Barriers: 0, Oops: 0, ImmediateOops: 0, NonImmediateOops: No
[1,199s][debug][gc,nmethod  ] Register NMethod: java.net.URL.getPath (0x00007a39f2c07788) [0x00007a39f2c07880, 0x00007a39f2c07968] Compiler: c1, Barriers: 1, Oops: 0, ImmediateOops: 0, NonImmediateOops: No
[1,199s][debug][gc,nmethod  ] Register NMethod: java.lang.CharacterDataLatin1.equalsIgnoreCase (0x00007a39d34c4608) [0x00007a39d34c4700, 0x00007a39d34c4998] Compiler: c1, Barriers: 0, Oops: 0, ImmediateOops: 0, NonImmediateOops: No
[1,199s][debug][gc,nmethod  ] Register NMethod: java.net.URL.getAuthority (0x00007a39f2c07a88) [0x00007a39f2c07b80, 0x00007a39f2c07c68] Compiler: c1, Barriers: 1, Oops: 0, ImmediateOops: 0, NonImmediateOops: No
[1,199s][debug][gc,nmethod  ] Register NMethod: java.net.URL.getPort (0x00007a39f2c07d88) [0x00007a39f2c07e80, 0x00007a39f2c07f40] Compiler: c1, Barriers: 0, Oops: 0, ImmediateOops: 0, NonImmediateOops: No
[1,199s][debug][gc,nmethod  ] Register NMethod: java.net.URL.getQuery (0x00007a39f2c08088) [0x00007a39f2c08180, 0x00007a39f2c08268] Compiler: c1, Barriers: 1, Oops: 0, ImmediateOops: 0, NonImmediateOops: No
[1,199s][debug][gc,nmethod  ] Register NMethod: java.util.zip.Inflater.ensureOpen (0x00007a39d34c4a08) [0x00007a39d34c4b00, 0x00007a39d34c4d88] Compiler: c1, Barriers: 1, Oops: 0, ImmediateOops: 1, NonImmediateOops: No
[1,199s][debug][gc,nmethod  ] Register NMethod: java.util.concurrent.ConcurrentHashMap.spread (0x00007a39f2c08388) [0x00007a39f2c08480, 0x00007a39f2c084f0] Compiler: jvmci, Barriers: 0, Oops: 0, ImmediateOops: 0, NonImmediateOops: No
[1,199s][debug][gc,nmethod  ] Register NMethod: java.util.ArrayDeque.addLast (0x00007a39d34c4e08) [0x00007a39d34c4f00, 0x00007a39d34c54e0] Compiler: c1, Barriers: 4, Oops: 0, ImmediateOops: 0, NonImmediateOops: No
[1,200s][debug][gc,nmethod  ] Register NMethod: java.lang.StringLatin1.regionMatchesCI (0x00007a39d34c5508) [0x00007a39d34c5600, 0x00007a39d34c58a0] Compiler: c1, Barriers: 0, Oops: 0, ImmediateOops: 0, NonImmediateOops: No
[1,200s][debug][gc,nmethod  ] Register NMethod: java.lang.String.regionMatches (0x00007a39d34c5908) [0x00007a39d34c5a00, 0x00007a39d34c6df8] Compiler: c1, Barriers: 2, Oops: 0, ImmediateOops: 0, NonImmediateOops: No
[1,200s][debug][gc,nmethod  ] Register NMethod: java.util.jar.JarFile.checkForSpecialAttributes (0x00007a39d34c6e08) [0x00007a39d34c6f00, 0x00007a39d34c84e0] Compiler: c1, Barriers: 13, Oops: 1, ImmediateOops: 8, NonImmediateOops: No
[1,200s][debug][gc,nmethod  ] Register NMethod: java.util.zip.ZipFile$Source.readFullyAt (0x00007a39d34c8508) [0x00007a39d34c8600, 0x00007a39d34c8e98] Compiler: c1, Barriers: 3, Oops: 0, ImmediateOops: 1, NonImmediateOops: No
[1,200s][debug][gc,nmethod  ] Register NMethod: java.lang.ClassLoader.findLoadedClass (0x00007a39d34c8f08) [0x00007a39d34c9000, 0x00007a39d34c91d0] Compiler: c1, Barriers: 0, Oops: 0, ImmediateOops: 0, NonImmediateOops: No
[1,200s][debug][gc,nmethod  ] Register NMethod: java.lang.ClassLoader.getClassLoadingLock (0x00007a39d34c9208) [0x00007a39d34c9300, 0x00007a39d34c97d0] Compiler: c1, Barriers: 1, Oops: 0, ImmediateOops: 0, NonImmediateOops: No
[1,200s][debug][gc,nmethod  ] Register NMethod: java.util.ArrayDeque.add (0x00007a39d34c9808) [0x00007a39d34c9900, 0x00007a39d34c9a50] Compiler: c1, Barriers: 0, Oops: 0, ImmediateOops: 0, NonImmediateOops: No
[1,201s][debug][gc,nmethod  ] Register NMethod: java.security.CodeSource.getLocation (0x00007a39f2c08688) [0x00007a39f2c08780, 0x00007a39f2c08868] Compiler: c1, Barriers: 1, Oops: 0, ImmediateOops: 0, NonImmediateOops: No
[1,201s][debug][gc,nmethod  ] Register NMethod: jdk.internal.perf.PerfCounter.get (0x00007a39d34c9b08) [0x00007a39d34c9c00, 0x00007a39d34c9ee0] Compiler: c1, Barriers: 1, Oops: 0, ImmediateOops: 0, NonImmediateOops: No
[1,201s][debug][gc,nmethod  ] Register NMethod: jdk.internal.perf.PerfCounter.add (0x00007a39d34c9f08) [0x00007a39d34ca000, 0x00007a39d34ca560] Compiler: c1, Barriers: 2, Oops: 0, ImmediateOops: 0, NonImmediateOops: No
[1,201s][debug][gc,director ] Rule Major: Warmup 10%, Used: 16MB, UsedThreshold: 1228MB
[1,201s][debug][gc,nmethod  ] Register NMethod: jdk.internal.misc.ScopedMemoryAccess.getLongInternal (0x00007a39d34ca588) [0x00007a39d34ca680, 0x00007a39d34ca8d0] Compiler: c1, Barriers: 0, Oops: 0, ImmediateOops: 0, NonImmediateOops: No
[1,201s][debug][gc,nmethod  ] Register NMethod: jdk.internal.misc.ScopedMemoryAccess.getLong (0x00007a39d34ca908) [0x00007a39d34caa00, 0x00007a39d34cad10] Compiler: c1, Barriers: 0, Oops: 0, ImmediateOops: 0, NonImmediateOops: No
[1,201s][debug][gc,nmethod  ] Register NMethod: java.nio.DirectLongBufferU.get (0x00007a39d34cad88) [0x00007a39d34cae80, 0x00007a39d34cbc70] Compiler: c1, Barriers: 1, Oops: 2, ImmediateOops: 2, NonImmediateOops: No
[1,201s][debug][gc,nmethod  ] Register NMethod: jdk.internal.misc.ScopedMemoryAccess.putLong (0x00007a39d34cbc88) [0x00007a39d34cbd80, 0x00007a39d34cc0d0] Compiler: c1, Barriers: 0, Oops: 0, ImmediateOops: 0, NonImmediateOops: No
[1,201s][debug][gc,nmethod  ] Register NMethod: java.nio.DirectLongBufferU.put (0x00007a39d34cc108) [0x00007a39d34cc200, 0x00007a39d34cd040] Compiler: c1, Barriers: 1, Oops: 2, ImmediateOops: 2, NonImmediateOops: No
[1,201s][debug][gc,nmethod  ] Register NMethod: jdk.internal.misc.ScopedMemoryAccess.putLongInternal (0x00007a39d34cd088) [0x00007a39d34cd180, 0x00007a39d34cd3e0] Compiler: c1, Barriers: 0, Oops: 0, ImmediateOops: 0, NonImmediateOops: No
[1,201s][debug][gc,nmethod  ] Register NMethod: jdk.internal.misc.Unsafe.putReferenceRelease (0x00007a39f2c08988) [0x00007a39f2c08a80, 0x00007a39f2c08b70] Compiler: jvmci, Barriers: 3, Oops: 0, ImmediateOops: 0, NonImmediateOops: No
[1,202s][debug][gc,nmethod  ] Register NMethod: java.lang.ClassLoader.loadClass (0x00007a39d34cd408) [0x00007a39d34cd500, 0x00007a39d34cd808] Compiler: c1, Barriers: 0, Oops: 0, ImmediateOops: 0, NonImmediateOops: No
[1,202s][debug][gc,nmethod  ] Register NMethod: java.net.URL.isBuiltinStreamHandler (0x00007a39d34cd888) [0x00007a39d34cd980, 0x00007a39d34cdeb0] Compiler: c1, Barriers: 0, Oops: 1, ImmediateOops: 1, NonImmediateOops: No
[1,202s][debug][gc,nmethod  ] Register NMethod: sun.net.util.IPAddressUtil.checkHostString (0x00007a39d34cdf08) [0x00007a39d34ce000, 0x00007a39d34ce200] Compiler: c1, Barriers: 0, Oops: 0, ImmediateOops: 0, NonImmediateOops: No
[1,202s][debug][gc,nmethod  ] Register NMethod: java.net.URL.isBuiltinStreamHandler (0x00007a39d34ce208) [0x00007a39d34ce300, 0x00007a39d34cf1e8] Compiler: c1, Barriers: 3, Oops: 1, ImmediateOops: 2, NonImmediateOops: No
[1,203s][debug][gc,nmethod  ] Register NMethod: java.lang.ref.PhantomReference.clear0 (0x00007a39f2c08c88) [0x00007a39f2c08d80, 0x00007a39f2c08ec8] Compiler: , Barriers: 0, Oops: 0, ImmediateOops: 0, NonImmediateOops: No
[1,203s][debug][gc,nmethod  ] Register NMethod: java.util.Arrays.rangeCheck (0x00007a39d34cf208) [0x00007a39d34cf300, 0x00007a39d34d08e8] Compiler: c1, Barriers: 0, Oops: 3, ImmediateOops: 4, NonImmediateOops: No
[1,203s][debug][gc,nmethod  ] Register NMethod: sun.net.util.IPAddressUtil.scan (0x00007a39d34d0908) [0x00007a39d34d0a00, 0x00007a39d34d1c58] Compiler: c1, Barriers: 3, Oops: 1, ImmediateOops: 2, NonImmediateOops: No
[1,203s][debug][gc,nmethod  ] Register NMethod: java.util.zip.Inflater.reset (0x00007a39f2c08f88) [0x00007a39f2c09080, 0x00007a39f2c091d0] Compiler: , Barriers: 0, Oops: 0, ImmediateOops: 1, NonImmediateOops: No
[1,203s][debug][gc,nmethod  ] Register NMethod: java.io.InputStream.<init> (0x00007a39d34d1c88) [0x00007a39d34d1d80, 0x00007a39d34d1ed8] Compiler: c1, Barriers: 0, Oops: 0, ImmediateOops: 0, NonImmediateOops: No
[1,203s][debug][gc,nmethod  ] Register NMethod: java.util.zip.Inflater.hasPendingOutput (0x00007a39f2c09288) [0x00007a39f2c09380, 0x00007a39f2c09440] Compiler: c1, Barriers: 0, Oops: 0, ImmediateOops: 0, NonImmediateOops: No
[1,203s][debug][gc,nmethod  ] Register NMethod: java.util.Collections$SetFromMap.remove (0x00007a39d34d1f88) [0x00007a39d34d2080, 0x00007a39d34d2410] Compiler: c1, Barriers: 1, Oops: 0, ImmediateOops: 0, NonImmediateOops: No
[1,203s][debug][gc,nmethod  ] Register NMethod: java.util.zip.ZipFile$ZipFileInputStream.close (0x00007a39d34d2488) [0x00007a39d34d2580, 0x00007a39d34d2bc8] Compiler: c1, Barriers: 6, Oops: 0, ImmediateOops: 0, NonImmediateOops: No
[1,203s][debug][gc,nmethod  ] Register NMethod: java.util.WeakHashMap.remove (0x00007a39d34d2c08) [0x00007a39d34d2d00, 0x00007a39d34d4110] Compiler: c1, Barriers: 12, Oops: 0, ImmediateOops: 1, NonImmediateOops: No
[1,203s][debug][gc,nmethod  ] Register NMethod: java.lang.StringConcatHelper.checkOverflow (0x00007a39d34d4188) [0x00007a39d34d4280, 0x00007a39d34d4458] Compiler: c1, Barriers: 0, Oops: 0, ImmediateOops: 1, NonImmediateOops: No
[1,203s][debug][gc,nmethod  ] Register NMethod: java.lang.Throwable.fillInStackTrace (0x00007a39f2c09588) [0x00007a39f2c09680, 0x00007a39f2c099a0] Compiler: , Barriers: 0, Oops: 0, ImmediateOops: 0, NonImmediateOops: No
[1,203s][debug][gc,nmethod  ] Register NMethod: java.lang.String.concat (0x00007a39d34d4488) [0x00007a39d34d4580, 0x00007a39d34d6880] Compiler: c1, Barriers: 6, Oops: 0, ImmediateOops: 4, NonImmediateOops: No
[1,203s][debug][gc,nmethod  ] Register NMethod: java.lang.StringConcatHelper.doConcat (0x00007a39d34d6888) [0x00007a39d34d6980, 0x00007a39d34d8920] Compiler: c1, Barriers: 6, Oops: 0, ImmediateOops: 4, NonImmediateOops: No
[1,204s][debug][gc,nmethod  ] Register NMethod: sun.net.util.IPAddressUtil.checkHost (0x00007a39d34d8988) [0x00007a39d34d8a80, 0x00007a39d34dd868] Compiler: c1, Barriers: 7, Oops: 5, ImmediateOops: 13, NonImmediateOops: No
[1,204s][debug][gc,nmethod  ] Register NMethod: java.util.jar.JarFile.maybeInstantiateVerifier (0x00007a39d34dd908) [0x00007a39d34dda00, 0x00007a39d34dded0] Compiler: c1, Barriers: 1, Oops: 0, ImmediateOops: 1, NonImmediateOops: No
[1,205s][debug][gc,nmethod  ] Register NMethod: java.util.ArrayDeque.elementAt (0x00007a39d34ddf08) [0x00007a39d34de000, 0x00007a39d34de138] Compiler: c1, Barriers: 1, Oops: 0, ImmediateOops: 0, NonImmediateOops: No
[1,205s][debug][gc,nmethod  ] Register NMethod: java.lang.ref.PhantomReference.<init> (0x00007a39d34de208) [0x00007a39d34de300, 0x00007a39d34de5f0] Compiler: c1, Barriers: 6, Oops: 0, ImmediateOops: 1, NonImmediateOops: No
[1,205s][debug][gc,nmethod  ] Register NMethod: jdk.internal.ref.CleanerImpl$CleanableList.insert (0x00007a39d34de608) [0x00007a39d34de700, 0x00007a39d34df180] Compiler: c1, Barriers: 22, Oops: 0, ImmediateOops: 0, NonImmediateOops: No
[1,205s][debug][gc,nmethod  ] Register NMethod: java.lang.String.indexOf (0x00007a39d34df188) [0x00007a39d34df280, 0x00007a39d34dfc38] Compiler: c1, Barriers: 2, Oops: 0, ImmediateOops: 0, NonImmediateOops: No
[1,205s][debug][gc,nmethod  ] Register NMethod: jdk.internal.ref.CleanerFactory.cleaner (0x00007a39d34dfc88) [0x00007a39d34dfd80, 0x00007a39d34dfe68] Compiler: c1, Barriers: 0, Oops: 0, ImmediateOops: 1, NonImmediateOops: No
[1,205s][debug][gc,nmethod  ] Register NMethod: jdk.internal.ref.PhantomCleanable.<init> (0x00007a39d34dff88) [0x00007a39d34e0080, 0x00007a39d34e1270] Compiler: c1, Barriers: 13, Oops: 0, ImmediateOops: 3, NonImmediateOops: No
[1,205s][debug][gc,nmethod  ] Register NMethod: java.net.URLStreamHandler.getDefaultPort (0x00007a39f2c09a08) [0x00007a39f2c09b00, 0x00007a39f2c09bc0] Compiler: c1, Barriers: 0, Oops: 0, ImmediateOops: 0, NonImmediateOops: No
[1,205s][debug][gc,nmethod  ] Register NMethod: java.util.zip.ZipEntry.getSize (0x00007a39f2c09d08) [0x00007a39f2c09e00, 0x00007a39f2c09ec0] Compiler: c1, Barriers: 0, Oops: 0, ImmediateOops: 0, NonImmediateOops: No
[1,206s][debug][gc,nmethod  ] Register NMethod: java.lang.NamedPackage.module (0x00007a39f2c0a008) [0x00007a39f2c0a100, 0x00007a39f2c0a1e8] Compiler: c1, Barriers: 1, Oops: 0, ImmediateOops: 0, NonImmediateOops: No
[1,207s][debug][gc,nmethod  ] Register NMethod: java.util.zip.Inflater.finished (0x00007a39d34e1288) [0x00007a39d34e1380, 0x00007a39d34e1630] Compiler: c1, Barriers: 1, Oops: 0, ImmediateOops: 0, NonImmediateOops: No
[1,207s][debug][gc,nmethod  ] Register NMethod: java.util.zip.InflaterInputStream.ensureOpen (0x00007a39d34e1688) [0x00007a39d34e1780, 0x00007a39d34e1988] Compiler: c1, Barriers: 0, Oops: 0, ImmediateOops: 1, NonImmediateOops: No
[1,207s][debug][gc,nmethod  ] Register NMethod: java.util.LinkedHashMap.get (0x00007a39d34e1a08) [0x00007a39d34e1b00, 0x00007a39d34e1f18] Compiler: c1, Barriers: 1, Oops: 0, ImmediateOops: 0, NonImmediateOops: No
[1,207s][debug][gc,nmethod  ] Register NMethod: java.lang.StringLatin1.lastIndexOf (0x00007a39f2c0a308) [0x00007a39f2c0a400, 0x00007a39f2c0a670] Compiler: jvmci, Barriers: 0, Oops: 0, ImmediateOops: 0, NonImmediateOops: No
[1,207s][debug][gc,nmethod  ] Register NMethod: java.lang.String.<init> (0x00007a39d34e1f88) [0x00007a39d34e2080, 0x00007a39d34e24b8] Compiler: c1, Barriers: 0, Oops: 1, ImmediateOops: 1, NonImmediateOops: No
[1,207s][debug][gc,nmethod  ] Register NMethod: java.util.zip.InflaterInputStream.read (0x00007a39d34e2508) [0x00007a39d34e2600, 0x00007a39d34e3688] Compiler: c1, Barriers: 7, Oops: 0, ImmediateOops: 2, NonImmediateOops: No
[1,208s][debug][gc,nmethod  ] Register NMethod: java.lang.String.<init> (0x00007a39d34e3708) [0x00007a39d34e3800, 0x00007a39d34e7670] Compiler: c1, Barriers: 45, Oops: 1, ImmediateOops: 12, NonImmediateOops: No
[1,210s][debug][gc,nmethod  ] Register NMethod: java.lang.reflect.Array.newArray (0x00007a39f2c0a688) [0x00007a39f2c0a780, 0x00007a39f2c0aab8] Compiler: , Barriers: 0, Oops: 0, ImmediateOops: 1, NonImmediateOops: No
[1,210s][debug][gc,nmethod  ] Register NMethod: jdk.internal.classfile.impl.AbstractDirectBuilder.setOriginal (0x00007a39f2c0ab08) [0x00007a39f2c0ac00, 0x00007a39f2c0ad30] Compiler: c1, Barriers: 3, Oops: 0, ImmediateOops: 0, NonImmediateOops: No
[1,211s][debug][gc,nmethod  ] Register NMethod: java.lang.CharacterDataLatin1.getProperties (0x00007a39d34e7688) [0x00007a39d34e7780, 0x00007a39d34e78b0] Compiler: c1, Barriers: 0, Oops: 0, ImmediateOops: 1, NonImmediateOops: No
[1,211s][debug][gc,nmethod  ] Register NMethod: java.lang.CharacterData.of (0x00007a39d34e7988) [0x00007a39d34e7a80, 0x00007a39d34e81c0] Compiler: c1, Barriers: 7, Oops: 0, ImmediateOops: 1, NonImmediateOops: No
[1,211s][debug][gc,nmethod  ] Register NMethod: java.lang.Integer.numberOfLeadingZeros (0x00007a39d34e8208) [0x00007a39d34e8300, 0x00007a39d34e8580] Compiler: c1, Barriers: 0, Oops: 0, ImmediateOops: 0, NonImmediateOops: No
[1,211s][debug][gc,director ] Rule Major: Warmup 10%, Used: 16MB, UsedThreshold: 1228MB
[1,211s][debug][gc,nmethod  ] Register NMethod: jdk.internal.constant.ClassOrInterfaceDescImpl.<init> (0x00007a39d34e8588) [0x00007a39d34e8680, 0x00007a39d34e8850] Compiler: c1, Barriers: 3, Oops: 0, ImmediateOops: 0, NonImmediateOops: No
[1,211s][debug][gc,nmethod  ] Register NMethod: jdk.internal.constant.ClassOrInterfaceDescImpl.ofValidated (0x00007a39d34e8888) [0x00007a39d34e8980, 0x00007a39d34e8c08] Compiler: c1, Barriers: 3, Oops: 0, ImmediateOops: 0, NonImmediateOops: No
[1,211s][debug][gc,nmethod  ] Register NMethod: jdk.internal.classfile.impl.DirectMethodBuilder.methodFlags (0x00007a39f2c0ae08) [0x00007a39f2c0af00, 0x00007a39f2c0afc0] Compiler: c1, Barriers: 0, Oops: 0, ImmediateOops: 0, NonImmediateOops: No
[1,211s][debug][gc,nmethod  ] Register NMethod: jdk.internal.classfile.impl.DirectMethodBuilder.methodType (0x00007a39f2c0b108) [0x00007a39f2c0b200, 0x00007a39f2c0b2e8] Compiler: c1, Barriers: 1, Oops: 0, ImmediateOops: 0, NonImmediateOops: No
[1,212s][debug][gc,nmethod  ] Register NMethod: jdk.internal.classfile.impl.SplitConstantPool.utf8Entry (0x00007a39d34e8c88) [0x00007a39d34e8d80, 0x00007a39d34e9078] Compiler: c1, Barriers: 0, Oops: 0, ImmediateOops: 0, NonImmediateOops: No
[1,212s][debug][gc,nmethod  ] Register NMethod: java.lang.String.toString (0x00007a39d34e9088) [0x00007a39d34e9180, 0x00007a39d34e9280] Compiler: c1, Barriers: 0, Oops: 0, ImmediateOops: 0, NonImmediateOops: No
[1,213s][debug][gc,nmethod  ] Register NMethod: jdk.internal.classfile.impl.AbstractPoolEntry$Utf8EntryImpl.tag (0x00007a39f2c0b408) [0x00007a39f2c0b500, 0x00007a39f2c0b5c0] Compiler: c1, Barriers: 0, Oops: 0, ImmediateOops: 0, NonImmediateOops: No
[1,213s][debug][gc,nmethod  ] Register NMethod: jdk.internal.classfile.impl.BufWriterImpl.writeU1U2 (0x00007a39d34e9388) [0x00007a39d34e9480, 0x00007a39d34e9918] Compiler: c1, Barriers: 2, Oops: 0, ImmediateOops: 0, NonImmediateOops: No
[1,214s][debug][gc,nmethod  ] Register NMethod: java.lang.constant.ClassDesc.isPrimitive (0x00007a39f2c0b708) [0x00007a39f2c0b800, 0x00007a39f2c0b8c0] Compiler: c1, Barriers: 0, Oops: 0, ImmediateOops: 0, NonImmediateOops: No
[1,214s][debug][gc,nmethod  ] Register NMethod: java.util.AbstractList.<init> (0x00007a39d34e9988) [0x00007a39d34e9a80, 0x00007a39d34e9c40] Compiler: c1, Barriers: 0, Oops: 0, ImmediateOops: 0, NonImmediateOops: No
[1,214s][debug][gc,nmethod  ] Register NMethod: java.lang.StringConcatHelper.stringOf (0x00007a39d34e9c88) [0x00007a39d34e9d80, 0x00007a39d34ea0d8] Compiler: c1, Barriers: 0, Oops: 0, ImmediateOops: 1, NonImmediateOops: No
[1,214s][debug][gc,nmethod  ] Register NMethod: jdk.internal.classfile.impl.SplitConstantPool.maybeCloneUtf8Entry (0x00007a39d34ea108) [0x00007a39d34ea200, 0x00007a39d34eb2a0] Compiler: c1, Barriers: 4, Oops: 0, ImmediateOops: 2, NonImmediateOops: No
[1,214s][debug][gc,nmethod  ] Register NMethod: java.lang.StringConcatHelper.newArrayWithSuffix (0x00007a39d34eb308) [0x00007a39d34eb400, 0x00007a39d34ec350] Compiler: c1, Barriers: 1, Oops: 0, ImmediateOops: 3, NonImmediateOops: No
[1,214s][debug][gc,nmethod  ] Register NMethod: jdk.internal.classfile.impl.AbstractElement.<init> (0x00007a39d34ec388) [0x00007a39d34ec480, 0x00007a39d34ec5d8] Compiler: c1, Barriers: 0, Oops: 0, ImmediateOops: 0, NonImmediateOops: No
[1,214s][debug][gc,nmethod  ] Register NMethod: java.lang.StringConcatHelper.concat0 (0x00007a39d34ec688) [0x00007a39d34ec780, 0x00007a39d34ee968] Compiler: c1, Barriers: 6, Oops: 0, ImmediateOops: 3, NonImmediateOops: No
[1,214s][debug][gc,nmethod  ] Register NMethod: jdk.internal.classfile.impl.AbstractPoolEntry$Utf8EntryImpl.toString (0x00007a39d34ee988) [0x00007a39d34eea80, 0x00007a39d34eefc8] Compiler: c1, Barriers: 11, Oops: 0, ImmediateOops: 5, NonImmediateOops: No
[1,214s][debug][gc,nmethod  ] Register NMethod: java.lang.StringConcatHelper.concat (0x00007a39d34ef008) [0x00007a39d34ef100, 0x00007a39d34f16a8] Compiler: c1, Barriers: 6, Oops: 0, ImmediateOops: 6, NonImmediateOops: No
[1,214s][debug][gc,nmethod  ] Register NMethod: jdk.internal.classfile.impl.AbstractPoolEntry$Utf8EntryImpl.stringValue (0x00007a39d34f1708) [0x00007a39d34f1800, 0x00007a39d34f1af8] Compiler: c1, Barriers: 0, Oops: 0, ImmediateOops: 0, NonImmediateOops: No
[1,214s][debug][gc,nmethod  ] Register NMethod: java.util.Arrays.copyOf (0x00007a39d34f1b08) [0x00007a39d34f1c00, 0x00007a39d34f1f20] Compiler: c1, Barriers: 1, Oops: 0, ImmediateOops: 0, NonImmediateOops: No
[1,214s][debug][gc,nmethod  ] Register NMethod: jdk.internal.classfile.impl.StackMapGenerator$Type.<init> (0x00007a39d34f1f88) [0x00007a39d34f2080, 0x00007a39d34f22b8] Compiler: c1, Barriers: 3, Oops: 0, ImmediateOops: 0, NonImmediateOops: No
[1,214s][debug][gc,nmethod  ] Register NMethod: java.lang.StringConcatHelper.prepend (0x00007a39d34f2308) [0x00007a39d34f2400, 0x00007a39d34f3b50] Compiler: c1, Barriers: 3, Oops: 0, ImmediateOops: 0, NonImmediateOops: No
[1,215s][debug][gc,nmethod  ] Register NMethod: jdk.internal.constant.MethodTypeDescImpl.parameterType (0x00007a39d34f3b88) [0x00007a39d34f3c80, 0x00007a39d34f3e08] Compiler: c1, Barriers: 2, Oops: 0, ImmediateOops: 0, NonImmediateOops: No
[1,215s][debug][gc,nmethod  ] Register NMethod: jdk.internal.classfile.impl.AbstractPoolEntry$ClassEntryImpl.hashCode (0x00007a39d34f3e88) [0x00007a39d34f3f80, 0x00007a39d34f4e78] Compiler: c1, Barriers: 4, Oops: 0, ImmediateOops: 2, NonImmediateOops: No
[1,215s][debug][gc,nmethod  ] Register NMethod: sun.invoke.util.VerifyAccess.ensureTypeVisible (0x00007a39d34f4e88) [0x00007a39d34f4f80, 0x00007a39d34f6110] Compiler: c1, Barriers: 4, Oops: 0, ImmediateOops: 1, NonImmediateOops: No
[1,215s][debug][gc,nmethod  ] Register NMethod: jdk.internal.classfile.impl.SplitConstantPool.findEntry (0x00007a39d34f6188) [0x00007a39d34f6280, 0x00007a39d34f7988] Compiler: c1, Barriers: 3, Oops: 0, ImmediateOops: 0, NonImmediateOops: No
[1,216s][debug][gc,nmethod  ] Register NMethod: jdk.internal.classfile.impl.BufWriterImpl.writeU1 (0x00007a39d34f7a08) [0x00007a39d34f7b00, 0x00007a39d34f7f48] Compiler: c1, Barriers: 2, Oops: 0, ImmediateOops: 0, NonImmediateOops: No
[1,216s][debug][gc,nmethod  ] Register NMethod: java.lang.invoke.MethodTypeForm.basicType (0x00007a39f2c0ba08) [0x00007a39f2c0bb00, 0x00007a39f2c0bbe8] Compiler: c1, Barriers: 1, Oops: 0, ImmediateOops: 0, NonImmediateOops: No
[1,216s][debug][gc,nmethod  ] Register NMethod: jdk.internal.classfile.impl.StackMapGenerator$Frame.checkStack (0x00007a39d34f7f88) [0x00007a39d34f8080, 0x00007a39d34f8cc8] Compiler: c1, Barriers: 11, Oops: 1, ImmediateOops: 2, NonImmediateOops: No
[1,216s][debug][gc,nmethod  ] Register NMethod: java.lang.invoke.MethodType.equals (0x00007a39d34f8d08) [0x00007a39d34f8e00, 0x00007a39d34f95a0] Compiler: c1, Barriers: 4, Oops: 0, ImmediateOops: 0, NonImmediateOops: No
[1,216s][debug][gc,nmethod  ] Register NMethod: java.lang.reflect.Modifier.isProtected (0x00007a39d34f9608) [0x00007a39d34f9700, 0x00007a39d34f9830] Compiler: c1, Barriers: 0, Oops: 0, ImmediateOops: 0, NonImmediateOops: No
[1,216s][debug][gc,nmethod  ] Register NMethod: jdk.internal.classfile.impl.Util.methodTypeSymbol (0x00007a39d34f9908) [0x00007a39d34f9a00, 0x00007a39d34fa8c0] Compiler: c1, Barriers: 4, Oops: 0, ImmediateOops: 0, NonImmediateOops: No
[1,216s][debug][gc,nmethod  ] Register NMethod: jdk.internal.classfile.impl.AbstractPoolEntry$Utf8EntryImpl.methodTypeSymbol (0x00007a39d34fa908) [0x00007a39d34faa00, 0x00007a39d34fb4d0] Compiler: c1, Barriers: 4, Oops: 0, ImmediateOops: 0, NonImmediateOops: No
[1,216s][debug][gc,nmethod  ] Register NMethod: java.lang.Math.max (0x00007a39d34fb508) [0x00007a39d34fb600, 0x00007a39d34fb728] Compiler: c1, Barriers: 0, Oops: 0, ImmediateOops: 0, NonImmediateOops: No
[1,216s][debug][gc,nmethod  ] Register NMethod: jdk.internal.classfile.impl.AbstractPoolEntry$AbstractRefEntry.<init> (0x00007a39d34fb808) [0x00007a39d34fb900, 0x00007a39d34fbe58] Compiler: c1, Barriers: 6, Oops: 0, ImmediateOops: 0, NonImmediateOops: No
[1,216s][debug][gc,nmethod  ] Register NMethod: jdk.internal.classfile.impl.AbstractPoolEntry$NameAndTypeEntryImpl.tag (0x00007a39f2c0bd08) [0x00007a39f2c0be00, 0x00007a39f2c0bec0] Compiler: c1, Barriers: 0, Oops: 0, ImmediateOops: 0, NonImmediateOops: No
[1,216s][debug][gc,nmethod  ] Register NMethod: jdk.internal.classfile.impl.AbstractPoolEntry$AbstractNamedEntry.<init> (0x00007a39d34fbe88) [0x00007a39d34fbf80, 0x00007a39d34fc0b0] Compiler: c1, Barriers: 0, Oops: 0, ImmediateOops: 0, NonImmediateOops: No
[1,216s][debug][gc,nmethod  ] Register NMethod: jdk.internal.classfile.impl.Util.parameterSlots (0x00007a39d34fc188) [0x00007a39d34fc280, 0x00007a39d34fc710] Compiler: c1, Barriers: 3, Oops: 0, ImmediateOops: 2, NonImmediateOops: No
[1,217s][debug][gc,nmethod  ] Register NMethod: jdk.internal.classfile.impl.AbstractPoolEntry$AbstractRefsEntry.<init> (0x00007a39d34fc788) [0x00007a39d34fc880, 0x00007a39d34fd080] Compiler: c1, Barriers: 9, Oops: 0, ImmediateOops: 0, NonImmediateOops: No
[1,217s][debug][gc,nmethod  ] Register NMethod: java.lang.Class.descriptorString (0x00007a39d34fd088) [0x00007a39d34fd180, 0x00007a39d3504d10] Compiler: c1, Barriers: 14, Oops: 3, ImmediateOops: 21, NonImmediateOops: No
[1,217s][debug][gc,nmethod  ] Register NMethod: jdk.internal.classfile.impl.LabelImpl.labelContext (0x00007a39f2c0c008) [0x00007a39f2c0c100, 0x00007a39f2c0c1e8] Compiler: c1, Barriers: 1, Oops: 0, ImmediateOops: 0, NonImmediateOops: No
[1,217s][debug][gc,nmethod  ] Register NMethod: jdk.internal.classfile.impl.LabelImpl.getBCI (0x00007a39f2c0c308) [0x00007a39f2c0c400, 0x00007a39f2c0c4c0] Compiler: c1, Barriers: 0, Oops: 0, ImmediateOops: 0, NonImmediateOops: No
[1,217s][debug][gc,nmethod  ] Register NMethod: java.util.ArrayDeque.poll (0x00007a39d3504d88) [0x00007a39d3504e80, 0x00007a39d3504fc8] Compiler: c1, Barriers: 0, Oops: 0, ImmediateOops: 0, NonImmediateOops: No
[1,217s][debug][gc,nmethod  ] Register NMethod: jdk.internal.misc.Unsafe.getChar (0x00007a39f2c0c608) [0x00007a39f2c0c700, 0x00007a39f2c0c868] Compiler: , Barriers: 0, Oops: 0, ImmediateOops: 0, NonImmediateOops: No
[1,217s][debug][gc,nmethod  ] Register NMethod: jdk.internal.classfile.impl.RawBytecodeHelper.getU1Unchecked (0x00007a39d3505088) [0x00007a39d3505180, 0x00007a39d3505370] Compiler: c1, Barriers: 2, Oops: 0, ImmediateOops: 0, NonImmediateOops: No
[1,217s][debug][gc,nmethod  ] Register NMethod: java.util.ArrayDeque.pollFirst (0x00007a39d3505388) [0x00007a39d3505480, 0x00007a39d35059e0] Compiler: c1, Barriers: 5, Oops: 0, ImmediateOops: 0, NonImmediateOops: No
[1,218s][debug][gc,nmethod  ] Register NMethod: jdk.internal.classfile.impl.AbstractPoolEntry$AbstractRefsEntry.writeTo (0x00007a39d3505a08) [0x00007a39d3505b00, 0x00007a39d35064a0] Compiler: c1, Barriers: 2, Oops: 0, ImmediateOops: 0, NonImmediateOops: No
[1,218s][debug][gc,nmethod  ] Register NMethod: jdk.internal.classfile.impl.BufWriterImpl.writeU1U2U2 (0x00007a39d3506508) [0x00007a39d3506600, 0x00007a39d3506af8] Compiler: c1, Barriers: 2, Oops: 0, ImmediateOops: 0, NonImmediateOops: No
[1,218s][debug][gc,nmethod  ] Register NMethod: java.lang.invoke.MemberName.clone (0x00007a39d3506b08) [0x00007a39d3506c00, 0x00007a39d3507070] Compiler: c1, Barriers: 0, Oops: 0, ImmediateOops: 0, NonImmediateOops: No
[1,220s][debug][gc,nmethod  ] Register NMethod: java.lang.ref.Reference.refersToImpl (0x00007a39d3507088) [0x00007a39d3507180, 0x00007a39d35072b8] Compiler: c1, Barriers: 0, Oops: 0, ImmediateOops: 0, NonImmediateOops: No
[1,220s][debug][gc,nmethod  ] Register NMethod: jdk.internal.access.SharedSecrets.javaUtilJarAccess (0x00007a39d3507388) [0x00007a39d3507480, 0x00007a39d3507b60] Compiler: c1, Barriers: 2, Oops: 1, ImmediateOops: 4, NonImmediateOops: No
[1,221s][debug][gc,director ] Rule Major: Warmup 10%, Used: 18MB, UsedThreshold: 1228MB
[1,222s][debug][gc,nmethod  ] Register NMethod: java.lang.invoke.MethodHandle.linkToStatic (0x00007a39f2c0c908) [0x00007a39f2c0ca00, 0x00007a39f2c0caf0] Compiler: , Barriers: 0, Oops: 0, ImmediateOops: 0, NonImmediateOops: No
[1,222s][debug][gc,nmethod  ] Register NMethod: java.lang.invoke.MethodType.checkPtypes (0x00007a39d3507b88) [0x00007a39d3507c80, 0x00007a39d3508e58] Compiler: c1, Barriers: 1, Oops: 2, ImmediateOops: 6, NonImmediateOops: No
[1,226s][debug][gc,nmethod  ] Register NMethod: jdk.internal.ref.CleanerImpl$PhantomCleanableRef.<init> (0x00007a39d3508e88) [0x00007a39d3508f80, 0x00007a39d3509140] Compiler: c1, Barriers: 3, Oops: 0, ImmediateOops: 0, NonImmediateOops: No
[1,226s][debug][gc,nmethod  ] Register NMethod: java.lang.ref.Cleaner.register (0x00007a39d3509188) [0x00007a39d3509280, 0x00007a39d3509798] Compiler: c1, Barriers: 3, Oops: 2, ImmediateOops: 2, NonImmediateOops: No
[1,226s][debug][gc,nmethod  ] Register NMethod: java.util.HashMap.getNode (0x00007a39f2c0cc08) [0x00007a39f2c0cd00, 0x00007a39f2c0d4d8] Compiler: jvmci, Barriers: 11, Oops: 0, ImmediateOops: 0, NonImmediateOops: No
[1,227s][debug][gc,nmethod  ] Register NMethod: java.nio.Buffer.limit (0x00007a39f2c0d508) [0x00007a39f2c0d600, 0x00007a39f2c0d6c0] Compiler: c1, Barriers: 0, Oops: 0, ImmediateOops: 0, NonImmediateOops: No
[1,229s][debug][gc,nmethod  ] Register NMethod: java.lang.invoke.MemberName.getModifiers (0x00007a39d3509808) [0x00007a39d3509900, 0x00007a39d3509a08] Compiler: c1, Barriers: 0, Oops: 0, ImmediateOops: 0, NonImmediateOops: No
[1,229s][debug][gc,nmethod  ] Register NMethod: java.util.Properties$LineReader.readLine (0x00007a39d3509b08) [0x00007a39d3509c00, 0x00007a39d350d630] Compiler: c1, Barriers: 14, Oops: 0, ImmediateOops: 0, NonImmediateOops: No
[1,229s][debug][gc,nmethod  ] Register NMethod: sun.invoke.util.VerifyAccess.isSamePackage (0x00007a39d350d688) [0x00007a39d350d780, 0x00007a39d350e160] Compiler: c1, Barriers: 2, Oops: 0, ImmediateOops: 0, NonImmediateOops: No
[1,229s][debug][gc,nmethod  ] Register NMethod: jdk.internal.loader.URLClassPath$Loader.getBaseURL (0x00007a39f2c0d808) [0x00007a39f2c0d900, 0x00007a39f2c0d9e8] Compiler: c1, Barriers: 1, Oops: 0, ImmediateOops: 0, NonImmediateOops: No
[1,229s][debug][gc,nmethod  ] Register NMethod: java.lang.ClassLoader.defineClass1 (0x00007a39f2c0db08) [0x00007a39f2c0dc00, 0x00007a39f2c0df98] Compiler: , Barriers: 0, Oops: 0, ImmediateOops: 1, NonImmediateOops: No
[1,230s][debug][gc,nmethod  ] Register NMethod: java.util.zip.ZipEntry.getCrc (0x00007a39f2c0e008) [0x00007a39f2c0e100, 0x00007a39f2c0e1c0] Compiler: c1, Barriers: 0, Oops: 0, ImmediateOops: 0, NonImmediateOops: No
[1,230s][debug][gc,nmethod  ] Register NMethod: jdk.internal.perf.PerfCounter.addElapsedTimeFrom (0x00007a39d350e188) [0x00007a39d350e280, 0x00007a39d350e408] Compiler: c1, Barriers: 0, Oops: 0, ImmediateOops: 0, NonImmediateOops: No
[1,230s][debug][gc,nmethod  ] Register NMethod: jdk.internal.loader.Resource.cachedInputStream (0x00007a39d350e488) [0x00007a39d350e580, 0x00007a39d350ebf8] Compiler: c1, Barriers: 8, Oops: 0, ImmediateOops: 0, NonImmediateOops: No
[1,230s][debug][gc,nmethod  ] Register NMethod: java.security.CodeSource.getCertificates (0x00007a39d350ec08) [0x00007a39d350ed00, 0x00007a39d350fed8] Compiler: c1, Barriers: 10, Oops: 0, ImmediateOops: 1, NonImmediateOops: No
[1,230s][debug][gc,nmethod  ] Register NMethod: java.lang.invoke.MethodHandle.linkToSpecial (0x00007a39f2c0e308) [0x00007a39f2c0e400, 0x00007a39f2c0e4f8] Compiler: , Barriers: 0, Oops: 0, ImmediateOops: 0, NonImmediateOops: No
[1,230s][debug][gc,nmethod  ] Register NMethod: jdk.internal.classfile.impl.UnboundAttribute.attributeMapper (0x00007a39f2c0e608) [0x00007a39f2c0e700, 0x00007a39f2c0e7e8] Compiler: c1, Barriers: 1, Oops: 0, ImmediateOops: 0, NonImmediateOops: No
[1,231s][debug][gc,nmethod  ] Register NMethod: java.lang.invoke.MemberName.isConstructor (0x00007a39d350ff08) [0x00007a39d3510000, 0x00007a39d35101b8] Compiler: c1, Barriers: 0, Oops: 0, ImmediateOops: 0, NonImmediateOops: No
[1,231s][debug][gc,nmethod  ] Register NMethod: java.lang.reflect.Modifier.isPublic (0x00007a39d3510208) [0x00007a39d3510300, 0x00007a39d3510430] Compiler: c1, Barriers: 0, Oops: 0, ImmediateOops: 0, NonImmediateOops: No
[1,231s][debug][gc,nmethod  ] Register NMethod: jdk.internal.classfile.impl.SplitConstantPool.classEntry (0x00007a39d3510508) [0x00007a39d3510600, 0x00007a39d35122b8] Compiler: c1, Barriers: 4, Oops: 1, ImmediateOops: 2, NonImmediateOops: No
[1,231s][debug][gc,nmethod  ] Register NMethod: java.lang.Class.isInterface (0x00007a39d3512308) [0x00007a39d3512400, 0x00007a39d35125b8] Compiler: c1, Barriers: 0, Oops: 0, ImmediateOops: 0, NonImmediateOops: No
[1,231s][debug][gc,nmethod  ] Register NMethod: java.lang.reflect.Modifier.isInterface (0x00007a39d3512608) [0x00007a39d3512700, 0x00007a39d3512830] Compiler: c1, Barriers: 0, Oops: 0, ImmediateOops: 0, NonImmediateOops: No
[1,231s][debug][gc,nmethod  ] Register NMethod: jdk.internal.classfile.impl.SplitConstantPool.classEntryForClassOrInterface (0x00007a39d3512908) [0x00007a39d3512a00, 0x00007a39d3514f90] Compiler: c1, Barriers: 7, Oops: 0, ImmediateOops: 1, NonImmediateOops: No
[1,231s][debug][gc,nmethod  ] Register NMethod: java.lang.invoke.MethodTypeForm.parameterSlotCount (0x00007a39f2c0e908) [0x00007a39f2c0ea00, 0x00007a39f2c0eac0] Compiler: c1, Barriers: 0, Oops: 0, ImmediateOops: 0, NonImmediateOops: No
[1,231s][debug][gc,nmethod  ] Register NMethod: java.lang.invoke.MethodTypeForm.canonicalizeAll (0x00007a39d3515008) [0x00007a39d3515100, 0x00007a39d3515ab8] Compiler: c1, Barriers: 4, Oops: 0, ImmediateOops: 1, NonImmediateOops: No
[1,231s][debug][gc,director ] Rule Major: Warmup 10%, Used: 18MB, UsedThreshold: 1228MB
[1,231s][debug][gc,nmethod  ] Register NMethod: jdk.internal.classfile.impl.AttributeHolder.<init> (0x00007a39d3515b08) [0x00007a39d3515c00, 0x00007a39d3515de0] Compiler: c1, Barriers: 3, Oops: 0, ImmediateOops: 1, NonImmediateOops: No
[1,231s][debug][gc,nmethod  ] Register NMethod: jdk.internal.classfile.impl.AbstractDirectBuilder.<init> (0x00007a39d3515e08) [0x00007a39d3515f00, 0x00007a39d3516350] Compiler: c1, Barriers: 12, Oops: 0, ImmediateOops: 1, NonImmediateOops: No
[1,231s][debug][gc,nmethod  ] Register NMethod: java.util.ArrayList.isEmpty (0x00007a39d3516388) [0x00007a39d3516480, 0x00007a39d35165d0] Compiler: c1, Barriers: 0, Oops: 0, ImmediateOops: 0, NonImmediateOops: No
[1,231s][debug][gc,nmethod  ] Register NMethod: java.lang.classfile.Opcode.bytecode (0x00007a39f2c0ec08) [0x00007a39f2c0ed00, 0x00007a39f2c0edc0] Compiler: c1, Barriers: 0, Oops: 0, ImmediateOops: 0, NonImmediateOops: No
[1,231s][debug][gc,nmethod  ] Register NMethod: jdk.internal.classfile.impl.SplitConstantPool.tryFindClassOrInterface (0x00007a39d3516688) [0x00007a39d3516780, 0x00007a39d3519338] Compiler: c1, Barriers: 12, Oops: 0, ImmediateOops: 0, NonImmediateOops: No
[1,231s][debug][gc,nmethod  ] Register NMethod: java.lang.invoke.MethodHandles$Lookup.lookupClassOrNull (0x00007a39d3519388) [0x00007a39d3519480, 0x00007a39d3519620] Compiler: c1, Barriers: 1, Oops: 0, ImmediateOops: 0, NonImmediateOops: No
[1,231s][debug][gc,nmethod  ] Register NMethod: jdk.internal.constant.ConstantUtils.referenceClassDesc (0x00007a39d3519688) [0x00007a39d3519780, 0x00007a39d351a160] Compiler: c1, Barriers: 2, Oops: 1, ImmediateOops: 2, NonImmediateOops: No
[1,231s][debug][gc,nmethod  ] Register NMethod: jdk.internal.classfile.impl.AttributeHolder.writeTo (0x00007a39d351a188) [0x00007a39d351a280, 0x00007a39d351aa80] Compiler: c1, Barriers: 4, Oops: 0, ImmediateOops: 0, NonImmediateOops: No
[1,232s][debug][gc,nmethod  ] Register NMethod: jdk.internal.util.StrongReferenceKey.equals (0x00007a39d351aa88) [0x00007a39d351ab80, 0x00007a39d351b808] Compiler: c1, Barriers: 1, Oops: 0, ImmediateOops: 0, NonImmediateOops: No
[1,233s][debug][gc,nmethod  ] Register NMethod: jdk.internal.jimage.ImageLocation.readValue (0x00007a39d351b888) [0x00007a39d351b980, 0x00007a39d351be50] Compiler: c1, Barriers: 0, Oops: 0, ImmediateOops: 1, NonImmediateOops: No
[1,233s][debug][gc,nmethod  ] Register NMethod: jdk.internal.jimage.ImageStringsReader.unmaskedHashCode (0x00007a39d351be88) [0x00007a39d351bf80, 0x00007a39d351d180] Compiler: c1, Barriers: 3, Oops: 1, ImmediateOops: 2, NonImmediateOops: No
[1,233s][debug][gc,nmethod  ] Register NMethod: java.lang.StringLatin1.indexOf (0x00007a39d351d208) [0x00007a39d351d300, 0x00007a39d351d4e0] Compiler: c1, Barriers: 0, Oops: 0, ImmediateOops: 0, NonImmediateOops: No
[1,233s][debug][gc,nmethod  ] Register NMethod: java.lang.String.indexOf (0x00007a39d351d508) [0x00007a39d351d600, 0x00007a39d351e100] Compiler: c1, Barriers: 6, Oops: 0, ImmediateOops: 0, NonImmediateOops: No
[1,233s][debug][gc,nmethod  ] Register NMethod: java.nio.DirectByteBuffer.ix (0x00007a39f2c0ef08) [0x00007a39f2c0f000, 0x00007a39f2c0f088] Compiler: jvmci, Barriers: 0, Oops: 0, ImmediateOops: 0, NonImmediateOops: No
[1,233s][debug][gc,nmethod  ] Register NMethod: jdk.internal.misc.Unsafe.putByte (0x00007a39f2c0f208) [0x00007a39f2c0f300, 0x00007a39f2c0f458] Compiler: , Barriers: 0, Oops: 0, ImmediateOops: 0, NonImmediateOops: No
[1,233s][debug][gc,nmethod  ] Register NMethod: sun.nio.fs.NativeBuffer.address (0x00007a39f2c0f508) [0x00007a39f2c0f600, 0x00007a39f2c0f6c0] Compiler: c1, Barriers: 0, Oops: 0, ImmediateOops: 0, NonImmediateOops: No
[1,234s][debug][gc,nmethod  ] Register NMethod: java.io.FilterInputStream.<init> (0x00007a39d351e108) [0x00007a39d351e200, 0x00007a39d351e438] Compiler: c1, Barriers: 3, Oops: 0, ImmediateOops: 0, NonImmediateOops: No
[1,234s][debug][gc,nmethod  ] Register NMethod: java.io.UnixFileSystem.normalize (0x00007a39d351e488) [0x00007a39d351e580, 0x00007a39d351fb78] Compiler: c1, Barriers: 2, Oops: 1, ImmediateOops: 3, NonImmediateOops: No
[1,234s][debug][gc,nmethod  ] Register NMethod: java.util.zip.ZipUtils.CENHOW (0x00007a39f2c0f808) [0x00007a39f2c0f900, 0x00007a39f2c0f9d8] Compiler: jvmci, Barriers: 0, Oops: 0, ImmediateOops: 0, NonImmediateOops: No
[1,235s][debug][gc,nmethod  ] Register NMethod: java.util.zip.ZipFile.zipCoderFor (0x00007a39f2c0fb08) [0x00007a39f2c0fc00, 0x00007a39f2c0fcc0] Compiler: jvmci, Barriers: 0, Oops: 0, ImmediateOops: 0, NonImmediateOops: No
[1,236s][debug][gc,nmethod  ] Register NMethod: worker.org.gradle.internal.stream.EncodedStream$EncodedInput.read (0x00007a39f2c0fe08) [0x00007a39f2c0ff00, 0x00007a39f2c10750] Compiler: jvmci, Barriers: 4, Oops: 1, ImmediateOops: 1, NonImmediateOops: No
[1,236s][debug][gc,nmethod  ] Register NMethod: java.util.zip.ZipCoder$UTF8ZipCoder.checkedHash (0x00007a39f2c10788) [0x00007a39f2c10880, 0x00007a39f2c10a90] Compiler: jvmci, Barriers: 0, Oops: 0, ImmediateOops: 0, NonImmediateOops: No
[1,237s][debug][gc,nmethod  ] Register NMethod: java.lang.Long.hashCode (0x00007a39d351fb88) [0x00007a39d351fc80, 0x00007a39d351fd70] Compiler: c1, Barriers: 0, Oops: 0, ImmediateOops: 0, NonImmediateOops: No
[1,237s][debug][gc,nmethod  ] Register NMethod: java.lang.Thread.currentCarrierThread (0x00007a39f2c10b08) [0x00007a39f2c10c00, 0x00007a39f2c10f28] Compiler: , Barriers: 0, Oops: 0, ImmediateOops: 1, NonImmediateOops: No
[1,237s][debug][gc,nmethod  ] Register NMethod: java.io.File.<init> (0x00007a39d351fe88) [0x00007a39d351ff80, 0x00007a39d3520810] Compiler: c1, Barriers: 6, Oops: 1, ImmediateOops: 2, NonImmediateOops: No
[1,237s][debug][gc,nmethod  ] Register NMethod: java.lang.String.equalsIgnoreCase (0x00007a39d3520888) [0x00007a39d3520980, 0x00007a39d3521b08] Compiler: c1, Barriers: 2, Oops: 0, ImmediateOops: 0, NonImmediateOops: No
[1,238s][debug][gc,nmethod  ] Register NMethod: java.util.zip.ZipFile$Source.isMetaName (0x00007a39f2c10f88) [0x00007a39f2c11080, 0x00007a39f2c113a8] Compiler: jvmci, Barriers: 0, Oops: 0, ImmediateOops: 0, NonImmediateOops: No
[1,238s][debug][gc,nmethod  ] Register NMethod: java.lang.ref.Reference.refersTo (0x00007a39d3521b88) [0x00007a39d3521c80, 0x00007a39d3521f80] Compiler: c1, Barriers: 0, Oops: 0, ImmediateOops: 0, NonImmediateOops: No
[1,238s][debug][gc,nmethod  ] Register NMethod: java.lang.String.isASCII (0x00007a39d3521f88) [0x00007a39d3522080, 0x00007a39d35222a0] Compiler: c1, Barriers: 0, Oops: 0, ImmediateOops: 0, NonImmediateOops: No
[1,238s][debug][gc,nmethod  ] Register NMethod: java.lang.String.getBytesNoRepl (0x00007a39d3522308) [0x00007a39d3522400, 0x00007a39d3523080] Compiler: c1, Barriers: 1, Oops: 0, ImmediateOops: 0, NonImmediateOops: No
[1,239s][debug][gc,nmethod  ] Register NMethod: java.lang.System$1.uncheckedGetBytesNoRepl (0x00007a39d3523088) [0x00007a39d3523180, 0x00007a39d3523e80] Compiler: c1, Barriers: 1, Oops: 0, ImmediateOops: 0, NonImmediateOops: No
[1,239s][debug][gc,nmethod  ] Register NMethod: java.util.jar.JarFile.match (0x00007a39d3523e88) [0x00007a39d3523f80, 0x00007a39d3524490] Compiler: c1, Barriers: 0, Oops: 0, ImmediateOops: 0, NonImmediateOops: No
[1,239s][debug][gc,nmethod  ] Register NMethod: java.lang.String.getBytesNoRepl1 (0x00007a39d3524508) [0x00007a39d3524600, 0x00007a39d3525258] Compiler: c1, Barriers: 1, Oops: 0, ImmediateOops: 3, NonImmediateOops: No
[1,239s][debug][gc,nmethod  ] Register NMethod: java.util.zip.ZipFile$Source.nextEntryPos (0x00007a39f2c11408) [0x00007a39f2c11500, 0x00007a39f2c11650] Compiler: jvmci, Barriers: 1, Oops: 0, ImmediateOops: 0, NonImmediateOops: No
[1,239s][debug][gc,nmethod  ] Register NMethod: java.util.zip.ZipUtils.LOCSIG (0x00007a39d3525288) [0x00007a39d3525380, 0x00007a39d3525498] Compiler: c1, Barriers: 0, Oops: 0, ImmediateOops: 0, NonImmediateOops: No
[1,239s][debug][gc,nmethod  ] Register NMethod: java.lang.Math.abs (0x00007a39d3525588) [0x00007a39d3525680, 0x00007a39d35257d8] Compiler: c1, Barriers: 0, Oops: 0, ImmediateOops: 0, NonImmediateOops: No
[1,239s][debug][gc,nmethod  ] Register NMethod: java.lang.Math.max (0x00007a39f2c11708) [0x00007a39f2c11800, 0x00007a39f2c11868] Compiler: jvmci, Barriers: 0, Oops: 0, ImmediateOops: 0, NonImmediateOops: No
[1,240s][debug][gc,nmethod  ] Register NMethod: sun.nio.fs.UnixPath.checkNotNul (0x00007a39f2c11a08) [0x00007a39f2c11b00, 0x00007a39f2c11b98] Compiler: jvmci, Barriers: 0, Oops: 0, ImmediateOops: 0, NonImmediateOops: No
[1,240s][debug][gc,nmethod  ] Register NMethod: java.lang.StringLatin1.indexOf (0x00007a39f2c11d08) [0x00007a39f2c11e00, 0x00007a39f2c12358] Compiler: jvmci, Barriers: 0, Oops: 0, ImmediateOops: 0, NonImmediateOops: No
[1,241s][debug][gc,director ] Rule Major: Warmup 10%, Used: 50MB, UsedThreshold: 1228MB
[1,242s][debug][gc,nmethod  ] Register NMethod: sun.nio.fs.UnixPath.getFileSystem (0x00007a39f2c12388) [0x00007a39f2c12480, 0x00007a39f2c12568] Compiler: c1, Barriers: 1, Oops: 0, ImmediateOops: 0, NonImmediateOops: No
[1,242s][debug][gc,nmethod  ] Register NMethod: java.util.zip.ZipFile$Source.checkAndAddEntry (0x00007a39f2c12688) [0x00007a39f2c12780, 0x00007a39f2c131f8] Compiler: jvmci, Barriers: 3, Oops: 0, ImmediateOops: 0, NonImmediateOops: No
[1,242s][debug][gc,nmethod  ] Register NMethod: java.nio.charset.Charset.name (0x00007a39f2c13208) [0x00007a39f2c13300, 0x00007a39f2c133e8] Compiler: c1, Barriers: 1, Oops: 0, ImmediateOops: 0, NonImmediateOops: No
[1,243s][debug][gc,nmethod  ] Register NMethod: java.util.zip.ZipFile$Source.isMetaName (0x00007a39d3525888) [0x00007a39d3525980, 0x00007a39d3525de0] Compiler: c1, Barriers: 0, Oops: 0, ImmediateOops: 0, NonImmediateOops: No
[1,243s][debug][gc,nmethod  ] Register NMethod: java.util.jar.Manifest$FastInputStream.readLine (0x00007a39d3525e08) [0x00007a39d3525f00, 0x00007a39d3526058] Compiler: c1, Barriers: 0, Oops: 0, ImmediateOops: 0, NonImmediateOops: No
[1,245s][debug][gc,nmethod  ] Register NMethod: java.util.zip.ZipFile$Source.checkExtraFields (0x00007a39d3526108) [0x00007a39d3526200, 0x00007a39d3527890] Compiler: c1, Barriers: 15, Oops: 3, ImmediateOops: 5, NonImmediateOops: No
[1,245s][debug][gc,nmethod  ] Register NMethod: java.util.LinkedHashMap$Entry.<init> (0x00007a39d3527908) [0x00007a39d3527a00, 0x00007a39d3527d20] Compiler: c1, Barriers: 9, Oops: 0, ImmediateOops: 0, NonImmediateOops: No
[1,245s][debug][gc,nmethod  ] Register NMethod: java.util.LinkedHashMap.newNode (0x00007a39d3527d88) [0x00007a39d3527e80, 0x00007a39d3528068] Compiler: c1, Barriers: 0, Oops: 0, ImmediateOops: 0, NonImmediateOops: No
[1,245s][debug][gc,nmethod  ] Register NMethod: java.util.LinkedHashMap.linkNodeAtEnd (0x00007a39d3528088) [0x00007a39d3528180, 0x00007a39d35287b8] Compiler: c1, Barriers: 26, Oops: 0, ImmediateOops: 0, NonImmediateOops: No
[1,245s][debug][gc,nmethod  ] Register NMethod: java.util.LinkedHashMap.afterNodeInsertion (0x00007a39d3528808) [0x00007a39d3528900, 0x00007a39d3528b08] Compiler: c1, Barriers: 1, Oops: 0, ImmediateOops: 0, NonImmediateOops: No
[1,245s][debug][gc,nmethod  ] Register NMethod: java.util.jar.Manifest$FastInputStream.peek (0x00007a39d3528b88) [0x00007a39d3528c80, 0x00007a39d3528eb0] Compiler: c1, Barriers: 1, Oops: 0, ImmediateOops: 0, NonImmediateOops: No
[1,246s][debug][gc,nmethod  ] Register NMethod: java.lang.StringCoding.countPositives (0x00007a39d3528f08) [0x00007a39d3529000, 0x00007a39d3529208] Compiler: c1, Barriers: 0, Oops: 0, ImmediateOops: 0, NonImmediateOops: No
[1,246s][debug][gc,nmethod  ] Register NMethod: java.util.jar.Attributes$Name.hash (0x00007a39d3529288) [0x00007a39d3529380, 0x00007a39d352a708] Compiler: c1, Barriers: 3, Oops: 2, ImmediateOops: 3, NonImmediateOops: No
[1,246s][debug][gc,nmethod  ] Register NMethod: java.util.BitSet.wordIndex (0x00007a39d352a788) [0x00007a39d352a880, 0x00007a39d352a968] Compiler: c1, Barriers: 0, Oops: 0, ImmediateOops: 0, NonImmediateOops: No
[1,246s][debug][gc,nmethod  ] Register NMethod: java.util.BitSet.checkInvariants (0x00007a39d352aa88) [0x00007a39d352ab80, 0x00007a39d352acb0] Compiler: c1, Barriers: 0, Oops: 0, ImmediateOops: 0, NonImmediateOops: No
[1,246s][debug][gc,nmethod  ] Register NMethod: java.util.zip.ZipFile$Source.isManifestName (0x00007a39d352ad88) [0x00007a39d352ae80, 0x00007a39d352b388] Compiler: c1, Barriers: 1, Oops: 0, ImmediateOops: 0, NonImmediateOops: No
[1,246s][debug][gc,nmethod  ] Register NMethod: java.lang.Number.<init> (0x00007a39d352b408) [0x00007a39d352b500, 0x00007a39d352b658] Compiler: c1, Barriers: 0, Oops: 0, ImmediateOops: 0, NonImmediateOops: No
[1,246s][debug][gc,nmethod  ] Register NMethod: java.lang.Integer.<init> (0x00007a39d352b708) [0x00007a39d352b800, 0x00007a39d352b9c0] Compiler: c1, Barriers: 0, Oops: 0, ImmediateOops: 0, NonImmediateOops: No
[1,246s][debug][gc,nmethod  ] Register NMethod: java.util.zip.ZipFile$Source.getMetaVersion (0x00007a39d352ba08) [0x00007a39d352bb00, 0x00007a39d352c1c8] Compiler: c1, Barriers: 1, Oops: 0, ImmediateOops: 0, NonImmediateOops: No
[1,246s][debug][gc,nmethod  ] Register NMethod: java.util.BitSet.expandTo (0x00007a39d352c208) [0x00007a39d352c300, 0x00007a39d352c488] Compiler: c1, Barriers: 0, Oops: 0, ImmediateOops: 0, NonImmediateOops: No
[1,246s][debug][gc,nmethod  ] Register NMethod: jdk.internal.util.DecimalDigits.stringSize (0x00007a39d352c508) [0x00007a39d352c600, 0x00007a39d352c828] Compiler: c1, Barriers: 0, Oops: 0, ImmediateOops: 0, NonImmediateOops: No
[1,246s][debug][gc,nmethod  ] Register NMethod: java.lang.invoke.Invokers$Holder.linkToTargetMethod (0x00007a39d352c888) [0x00007a39d352c980, 0x00007a39d352ce68] Compiler: c1, Barriers: 0, Oops: 0, ImmediateOops: 0, NonImmediateOops: No
[1,246s][debug][gc,nmethod  ] Register NMethod: java.util.zip.ZipFile$Source.isSignatureRelated (0x00007a39d352ce88) [0x00007a39d352cf80, 0x00007a39d352d588] Compiler: c1, Barriers: 1, Oops: 0, ImmediateOops: 0, NonImmediateOops: No
[1,247s][debug][gc,nmethod  ] Register NMethod: java.util.BitSet.set (0x00007a39d352d608) [0x00007a39d352d700, 0x00007a39d352e648] Compiler: c1, Barriers: 1, Oops: 1, ImmediateOops: 2, NonImmediateOops: No
[1,247s][debug][gc,nmethod  ] Register NMethod: java.lang.invoke.LambdaForm$Holder.constant_L (0x00007a39d352e688) [0x00007a39d352e780, 0x00007a39d352eaa0] Compiler: c1, Barriers: 1, Oops: 0, ImmediateOops: 0, NonImmediateOops: No
[1,247s][debug][gc,nmethod  ] Register NMethod: java.lang.Integer.hashCode (0x00007a39d352eb08) [0x00007a39d352ec00, 0x00007a39d352ed58] Compiler: c1, Barriers: 0, Oops: 0, ImmediateOops: 0, NonImmediateOops: No
[1,247s][debug][gc,nmethod  ] Register NMethod: java.lang.Integer.hashCode (0x00007a39d352ee08) [0x00007a39d352ef00, 0x00007a39d352efe0] Compiler: c1, Barriers: 0, Oops: 0, ImmediateOops: 0, NonImmediateOops: No
[1,247s][debug][gc,nmethod  ] Register NMethod: java.lang.Integer.valueOf (0x00007a39d352f108) [0x00007a39d352f200, 0x00007a39d352f518] Compiler: c1, Barriers: 1, Oops: 0, ImmediateOops: 1, NonImmediateOops: No
[1,247s][debug][gc,nmethod  ] Register NMethod: java.util.BitSet.initWords (0x00007a39d352f588) [0x00007a39d352f680, 0x00007a39d352f8e0] Compiler: c1, Barriers: 3, Oops: 0, ImmediateOops: 0, NonImmediateOops: No
[1,247s][debug][gc,nmethod  ] Register NMethod: java.util.BitSet.ensureCapacity (0x00007a39d352f908) [0x00007a39d352fa00, 0x00007a39d352fcc0] Compiler: c1, Barriers: 4, Oops: 0, ImmediateOops: 0, NonImmediateOops: No
[1,247s][debug][gc,nmethod  ] Register NMethod: java.util.zip.ZipFile$Source.lambda$initCEN$0 (0x00007a39d352fd08) [0x00007a39d352fe00, 0x00007a39d35301b0] Compiler: c1, Barriers: 3, Oops: 0, ImmediateOops: 0, NonImmediateOops: No
[1,247s][debug][gc,nmethod  ] Register NMethod: java.util.BitSet.<init> (0x00007a39d3530208) [0x00007a39d3530300, 0x00007a39d3530628] Compiler: c1, Barriers: 3, Oops: 0, ImmediateOops: 0, NonImmediateOops: No
[1,247s][debug][gc,nmethod  ] Register NMethod: java.util.zip.ZipFile$Source$$Lambda/0x00000000ba07b820.apply (0x00007a39d3530688) [0x00007a39d3530780, 0x00007a39d3530db0] Compiler: c1, Barriers: 3, Oops: 0, ImmediateOops: 0, NonImmediateOops: No
[1,247s][debug][gc,nmethod  ] Register NMethod: java.util.HashMap.computeIfAbsent (0x00007a39d3530e08) [0x00007a39d3530f00, 0x00007a39d3533708] Compiler: c1, Barriers: 11, Oops: 0, ImmediateOops: 0, NonImmediateOops: No
[1,248s][debug][gc,nmethod  ] Register NMethod: java.lang.StringLatin1.indexOf (0x00007a39f2c13508) [0x00007a39f2c13600, 0x00007a39f2c138f0] Compiler: jvmci, Barriers: 0, Oops: 0, ImmediateOops: 0, NonImmediateOops: No
[1,248s][debug][gc,nmethod  ] Register NMethod: java.util.HashMap.hash (0x00007a39f2c13908) [0x00007a39f2c13a00, 0x00007a39f2c13bf0] Compiler: jvmci, Barriers: 1, Oops: 0, ImmediateOops: 0, NonImmediateOops: No
[1,249s][debug][gc,nmethod  ] Register NMethod: java.lang.Runtime$Version.feature (0x00007a39d3533788) [0x00007a39d3533880, 0x00007a39d3533fa0] Compiler: c1, Barriers: 1, Oops: 0, ImmediateOops: 0, NonImmediateOops: No
[1,250s][debug][gc,nmethod  ] Register NMethod: java.util.zip.ZipFile$Source.isMetaName (0x00007a39f2c13c08) [0x00007a39f2c13d00, 0x00007a39f2c13f48] Compiler: jvmci, Barriers: 0, Oops: 0, ImmediateOops: 0, NonImmediateOops: No
[1,251s][debug][gc,nmethod  ] Register NMethod: java.util.Collections$SetFromMap.add (0x00007a39d3534008) [0x00007a39d3534100, 0x00007a39d3534498] Compiler: c1, Barriers: 1, Oops: 0, ImmediateOops: 1, NonImmediateOops: No
[1,251s][debug][gc,nmethod  ] Register NMethod: sun.nio.fs.UnixPath.normalizeAndCheck (0x00007a39d3534508) [0x00007a39d3534600, 0x00007a39d35358f8] Compiler: c1, Barriers: 3, Oops: 1, ImmediateOops: 3, NonImmediateOops: No
[1,251s][debug][gc,nmethod  ] Register NMethod: java.nio.DirectLongBufferU.ix (0x00007a39f2c13f88) [0x00007a39f2c14080, 0x00007a39f2c14110] Compiler: jvmci, Barriers: 0, Oops: 0, ImmediateOops: 0, NonImmediateOops: No
[1,251s][debug][gc,nmethod  ] Register NMethod: java.util.Arrays.fill (0x00007a39d3535908) [0x00007a39d3535a00, 0x00007a39d3535b88] Compiler: c1, Barriers: 0, Oops: 0, ImmediateOops: 0, NonImmediateOops: No
[1,251s][debug][gc,nmethod  ] Register NMethod: java.util.WeakHashMap$Entry.<init> (0x00007a39d3535c08) [0x00007a39d3535d00, 0x00007a39d3536138] Compiler: c1, Barriers: 12, Oops: 0, ImmediateOops: 1, NonImmediateOops: No
[1,251s][debug][gc,nmethod  ] Register NMethod: java.util.WeakHashMap.put (0x00007a39d3536188) [0x00007a39d3536280, 0x00007a39d3537bc0] Compiler: c1, Barriers: 26, Oops: 0, ImmediateOops: 2, NonImmediateOops: No
[1,251s][debug][gc,director ] Rule Major: Warmup 10%, Used: 52MB, UsedThreshold: 1228MB
[1,252s][debug][gc,nmethod  ] Register NMethod: java.net.URL.lowerCaseProtocol (0x00007a39d3537c08) [0x00007a39d3537d00, 0x00007a39d3538ab0] Compiler: c1, Barriers: 2, Oops: 1, ImmediateOops: 8, NonImmediateOops: No
[1,252s][debug][gc,nmethod  ] Register NMethod: java.util.zip.Inflater.needsInput (0x00007a39d3538b08) [0x00007a39d3538c00, 0x00007a39d3539228] Compiler: c1, Barriers: 2, Oops: 0, ImmediateOops: 0, NonImmediateOops: No
[1,252s][debug][gc,nmethod  ] Register NMethod: java.lang.Thread.terminatingThreadLocals (0x00007a39d3539288) [0x00007a39d3539380, 0x00007a39d35394e8] Compiler: c1, Barriers: 2, Oops: 0, ImmediateOops: 0, NonImmediateOops: No
[1,252s][debug][gc,nmethod  ] Register NMethod: java.lang.ThreadLocal.getMap (0x00007a39d3539588) [0x00007a39d3539680, 0x00007a39d3539e70] Compiler: c1, Barriers: 3, Oops: 0, ImmediateOops: 0, NonImmediateOops: No
[1,252s][debug][gc,nmethod  ] Register NMethod: java.lang.System$1.getCarrierThreadLocal (0x00007a39d3539e88) [0x00007a39d3539f80, 0x00007a39d353a340] Compiler: c1, Barriers: 1, Oops: 0, ImmediateOops: 0, NonImmediateOops: No
[1,252s][debug][gc,nmethod  ] Register NMethod: jdk.internal.misc.CarrierThreadLocal.get (0x00007a39d353a388) [0x00007a39d353a480, 0x00007a39d353a8a0] Compiler: c1, Barriers: 1, Oops: 0, ImmediateOops: 1, NonImmediateOops: No
[1,252s][debug][gc,nmethod  ] Register NMethod: java.lang.ThreadLocal.getCarrierThreadLocal (0x00007a39d353a908) [0x00007a39d353aa00, 0x00007a39d353ab98] Compiler: c1, Barriers: 1, Oops: 0, ImmediateOops: 0, NonImmediateOops: No
[1,252s][debug][gc,nmethod  ] Register NMethod: java.lang.ThreadLocal$ThreadLocalMap.getEntry (0x00007a39d353ac08) [0x00007a39d353ad00, 0x00007a39d353b400] Compiler: c1, Barriers: 2, Oops: 0, ImmediateOops: 0, NonImmediateOops: No
[1,252s][debug][gc,nmethod  ] Register NMethod: java.lang.ThreadLocal.get (0x00007a39d353b408) [0x00007a39d353b500, 0x00007a39d353b948] Compiler: c1, Barriers: 1, Oops: 0, ImmediateOops: 0, NonImmediateOops: No
[1,252s][debug][gc,nmethod  ] Register NMethod: jdk.internal.misc.Unsafe.copyMemory0 (0x00007a39f2c14288) [0x00007a39f2c14380, 0x00007a39f2c144f0] Compiler: , Barriers: 0, Oops: 0, ImmediateOops: 0, NonImmediateOops: No
[1,252s][debug][gc,nmethod  ] Register NMethod: java.util.zip.ZipFile$Source.initCEN (0x00007a39d353b988) [0x00007a39d353ba80, 0x00007a39d353f608] Compiler: c1, Barriers: 39, Oops: 8, ImmediateOops: 13, NonImmediateOops: No
[1,252s][debug][gc,nmethod  ] Rebuilding NMethod Table: 1024->2048 entries, 717(70%->35%) registered, 0(0%->0%) unregistered
[1,252s][debug][gc,nmethod  ] Register NMethod: java.util.Arrays.mismatch (0x00007a39d353f688) [0x00007a39d353f780, 0x00007a39d353fa78] Compiler: c1, Barriers: 0, Oops: 0, ImmediateOops: 0, NonImmediateOops: No
[1,252s][debug][gc,nmethod  ] Register NMethod: java.util.zip.Inflater.inflate (0x00007a39d353fa88) [0x00007a39d353fb80, 0x00007a39d3542970] Compiler: c1, Barriers: 10, Oops: 1, ImmediateOops: 5, NonImmediateOops: No
[1,253s][debug][gc,nmethod  ] Register NMethod: java.util.zip.ZipCoder$UTF8ZipCoder.compare (0x00007a39d3542988) [0x00007a39d3542a80, 0x00007a39d3543b48] Compiler: c1, Barriers: 1, Oops: 1, ImmediateOops: 2, NonImmediateOops: No
[1,253s][debug][gc,nmethod  ] Register NMethod: java.lang.ref.PhantomReference.clearImpl (0x00007a39d3543b88) [0x00007a39d3543c80, 0x00007a39d3543db0] Compiler: c1, Barriers: 0, Oops: 0, ImmediateOops: 0, NonImmediateOops: No
[1,253s][debug][gc,nmethod  ] Register NMethod: java.lang.ref.Reference.clear (0x00007a39d3543e88) [0x00007a39d3543f80, 0x00007a39d3544280] Compiler: c1, Barriers: 0, Oops: 0, ImmediateOops: 0, NonImmediateOops: No
[1,253s][debug][gc,nmethod  ] Register NMethod: jdk.internal.ref.PhantomCleanable.clean (0x00007a39d3544288) [0x00007a39d3544380, 0x00007a39d3544ba0] Compiler: c1, Barriers: 1, Oops: 0, ImmediateOops: 0, NonImmediateOops: No
[1,253s][debug][gc,nmethod  ] Register NMethod: jdk.internal.ref.CleanerImpl$CleanableList.remove (0x00007a39d3544c08) [0x00007a39d3544d00, 0x00007a39d3545b30] Compiler: c1, Barriers: 30, Oops: 0, ImmediateOops: 0, NonImmediateOops: No
[1,253s][debug][gc,nmethod  ] Register NMethod: jdk.internal.ref.CleanerImpl$PhantomCleanableRef.performCleanup (0x00007a39d3545b88) [0x00007a39d3545c80, 0x00007a39d3545fc0] Compiler: c1, Barriers: 1, Oops: 0, ImmediateOops: 0, NonImmediateOops: No
[1,253s][debug][gc,nmethod  ] Register NMethod: java.util.zip.ZipFile.ensureOpenOrZipException (0x00007a39d3546008) [0x00007a39d3546100, 0x00007a39d35462b8] Compiler: c1, Barriers: 0, Oops: 0, ImmediateOops: 1, NonImmediateOops: No
[1,253s][debug][gc,nmethod  ] Register NMethod: java.util.zip.ZipUtils.LOCNAM (0x00007a39d3546308) [0x00007a39d3546400, 0x00007a39d3546518] Compiler: c1, Barriers: 0, Oops: 0, ImmediateOops: 0, NonImmediateOops: No
[1,253s][debug][gc,nmethod  ] Register NMethod: java.util.zip.ZipUtils.LOCEXT (0x00007a39d3546608) [0x00007a39d3546700, 0x00007a39d3546818] Compiler: c1, Barriers: 0, Oops: 0, ImmediateOops: 0, NonImmediateOops: No
[1,253s][debug][gc,nmethod  ] Register NMethod: java.util.zip.ZipFile$ZipFileInputStream.initDataOffset (0x00007a39d3546908) [0x00007a39d3546a00, 0x00007a39d3547038] Compiler: c1, Barriers: 3, Oops: 0, ImmediateOops: 2, NonImmediateOops: No
[1,253s][debug][gc,nmethod  ] Register NMethod: java.util.zip.ZipFile$ZipFileInputStream.read (0x00007a39d3547088) [0x00007a39d3547180, 0x00007a39d35479d0] Compiler: c1, Barriers: 5, Oops: 0, ImmediateOops: 1, NonImmediateOops: No
[1,253s][debug][gc,nmethod  ] Register NMethod: java.util.zip.ZipFile$ZipFileInputStream.<init> (0x00007a39d3547a08) [0x00007a39d3547b00, 0x00007a39d35481e0] Compiler: c1, Barriers: 5, Oops: 0, ImmediateOops: 0, NonImmediateOops: No
[1,253s][debug][gc,nmethod  ] Register NMethod: java.util.zip.ZipFile$Source.readAt (0x00007a39d3548208) [0x00007a39d3548300, 0x00007a39d3548a20] Compiler: c1, Barriers: 3, Oops: 0, ImmediateOops: 2, NonImmediateOops: No
[1,253s][debug][gc,nmethod  ] Register NMethod: sun.nio.fs.UnixFileAttributes$UnixAsBasicFileAttributes.lastModifiedTime (0x00007a39d3548a88) [0x00007a39d3548b80, 0x00007a39d3548d68] Compiler: c1, Barriers: 1, Oops: 0, ImmediateOops: 0, NonImmediateOops: No
[1,253s][debug][gc,nmethod  ] Register NMethod: jdk.internal.misc.Unsafe.checkPointer (0x00007a39d3548d88) [0x00007a39d3548e80, 0x00007a39d35491f0] Compiler: c1, Barriers: 0, Oops: 0, ImmediateOops: 0, NonImmediateOops: No
[1,253s][debug][gc,nmethod  ] Register NMethod: jdk.internal.misc.Unsafe.checkPrimitivePointer (0x00007a39d3549208) [0x00007a39d3549300, 0x00007a39d3549d68] Compiler: c1, Barriers: 2, Oops: 0, ImmediateOops: 0, NonImmediateOops: No
[1,254s][debug][gc,nmethod  ] Register NMethod: java.util.zip.ZipFile$ZipFileInflaterInputStream.<init> (0x00007a39d3549d88) [0x00007a39d3549e80, 0x00007a39d354a028] Compiler: c1, Barriers: 0, Oops: 0, ImmediateOops: 0, NonImmediateOops: No
[1,254s][debug][gc,nmethod  ] Register NMethod: java.util.zip.ZipFile$CleanableResource.getInflater (0x00007a39d354a088) [0x00007a39d354a180, 0x00007a39d354a8b0] Compiler: c1, Barriers: 2, Oops: 0, ImmediateOops: 0, NonImmediateOops: No
[1,254s][debug][gc,nmethod  ] Register NMethod: java.util.zip.ZipFile.getInputStream (0x00007a39d354a908) [0x00007a39d354aa00, 0x00007a39d354bf78] Compiler: c1, Barriers: 11, Oops: 1, ImmediateOops: 2, NonImmediateOops: No
[1,254s][debug][gc,nmethod  ] Register NMethod: java.util.zip.InflaterInputStream.<init> (0x00007a39d354bf88) [0x00007a39d354c080, 0x00007a39d354c7a0] Compiler: c1, Barriers: 12, Oops: 0, ImmediateOops: 1, NonImmediateOops: No
[1,254s][debug][gc,nmethod  ] Register NMethod: java.util.zip.ZipFile$ZipFileInflaterInputStream.<init> (0x00007a39d354c808) [0x00007a39d354c900, 0x00007a39d354d110] Compiler: c1, Barriers: 12, Oops: 1, ImmediateOops: 1, NonImmediateOops: No
[1,254s][debug][gc,nmethod  ] Register NMethod: java.util.zip.ZipFile$InflaterCleanupAction.<init> (0x00007a39d354d188) [0x00007a39d354d280, 0x00007a39d354d4c8] Compiler: c1, Barriers: 6, Oops: 0, ImmediateOops: 0, NonImmediateOops: No
[1,254s][debug][gc,nmethod  ] Register NMethod: java.util.zip.ZipFile$ZipFileInflaterInputStream.close (0x00007a39d354d508) [0x00007a39d354d600, 0x00007a39d354e910] Compiler: c1, Barriers: 10, Oops: 0, ImmediateOops: 0, NonImmediateOops: No
[1,254s][debug][gc,nmethod  ] Register NMethod: java.nio.file.attribute.FileTime.<init> (0x00007a39d354e988) [0x00007a39d354ea80, 0x00007a39d354ecd0] Compiler: c1, Barriers: 6, Oops: 0, ImmediateOops: 0, NonImmediateOops: No
[1,254s][debug][gc,nmethod  ] Register NMethod: java.util.zip.ZipFile$ZipFileInflaterInputStream.fill (0x00007a39d354ed08) [0x00007a39d354ee00, 0x00007a39d354f3f8] Compiler: c1, Barriers: 5, Oops: 0, ImmediateOops: 1, NonImmediateOops: No
[1,254s][debug][gc,nmethod  ] Register NMethod: java.nio.file.attribute.FileTime.from (0x00007a39d354f408) [0x00007a39d354f500, 0x00007a39d354f8d8] Compiler: c1, Barriers: 3, Oops: 1, ImmediateOops: 1, NonImmediateOops: No
[1,254s][debug][gc,nmethod  ] Register NMethod: sun.nio.fs.UnixFileAttributes.lastModifiedTime (0x00007a39d354f908) [0x00007a39d354fa00, 0x00007a39d354fb40] Compiler: c1, Barriers: 0, Oops: 0, ImmediateOops: 0, NonImmediateOops: No
[1,254s][debug][gc,nmethod  ] Register NMethod: java.util.zip.Inflater.setInput (0x00007a39d354fc08) [0x00007a39d354fd00, 0x00007a39d35501f0] Compiler: c1, Barriers: 7, Oops: 1, ImmediateOops: 1, NonImmediateOops: No
[1,254s][debug][gc,nmethod  ] Register NMethod: sun.nio.fs.UnixFileAttributes.toFileTime (0x00007a39d3550208) [0x00007a39d3550300, 0x00007a39d35505f0] Compiler: c1, Barriers: 0, Oops: 0, ImmediateOops: 3, NonImmediateOops: No
[1,254s][debug][gc,nmethod  ] Register NMethod: java.util.zip.InflaterInputStream.close (0x00007a39d3550608) [0x00007a39d3550700, 0x00007a39d3550b30] Compiler: c1, Barriers: 2, Oops: 0, ImmediateOops: 0, NonImmediateOops: No
[1,254s][debug][gc,nmethod  ] Register NMethod: java.lang.Math.addExact (0x00007a39d3550b88) [0x00007a39d3550c80, 0x00007a39d3550e70] Compiler: c1, Barriers: 0, Oops: 0, ImmediateOops: 1, NonImmediateOops: No
[1,254s][debug][gc,nmethod  ] Register NMethod: java.lang.Math.multiplyExact (0x00007a39d3550e88) [0x00007a39d3550f80, 0x00007a39d3551420] Compiler: c1, Barriers: 0, Oops: 0, ImmediateOops: 1, NonImmediateOops: No
[1,254s][debug][gc,nmethod  ] Register NMethod: java.util.zip.ZipFile$InflaterCleanupAction.run (0x00007a39d3551488) [0x00007a39d3551580, 0x00007a39d3551740] Compiler: c1, Barriers: 2, Oops: 0, ImmediateOops: 0, NonImmediateOops: No
[1,254s][debug][gc,nmethod  ] Register NMethod: java.util.HashMap.tableSizeFor (0x00007a39d3551788) [0x00007a39d3551880, 0x00007a39d3551a70] Compiler: c1, Barriers: 0, Oops: 0, ImmediateOops: 0, NonImmediateOops: No
[1,254s][debug][gc,nmethod  ] Register NMethod: java.lang.Float.isNaN (0x00007a39d3551a88) [0x00007a39d3551b80, 0x00007a39d3551cd0] Compiler: c1, Barriers: 0, Oops: 0, ImmediateOops: 0, NonImmediateOops: No
[1,254s][debug][gc,nmethod  ] Register NMethod: java.util.zip.ZipFile$CleanableResource.releaseInflater (0x00007a39d3551d88) [0x00007a39d3551e80, 0x00007a39d35523d8] Compiler: c1, Barriers: 2, Oops: 0, ImmediateOops: 0, NonImmediateOops: No
[1,254s][debug][gc,nmethod  ] Register NMethod: java.net.URL.getDefaultPort (0x00007a39d3552408) [0x00007a39d3552500, 0x00007a39d3552850] Compiler: c1, Barriers: 1, Oops: 0, ImmediateOops: 0, NonImmediateOops: No
[1,254s][debug][gc,nmethod  ] Register NMethod: java.util.zip.ZipEntry.isCENHeaderValid (0x00007a39d3552888) [0x00007a39d3552980, 0x00007a39d35534a0] Compiler: c1, Barriers: 2, Oops: 0, ImmediateOops: 0, NonImmediateOops: No
[1,254s][debug][gc,nmethod  ] Register NMethod: java.util.zip.Inflater.reset (0x00007a39d3553508) [0x00007a39d3553600, 0x00007a39d3553ac8] Compiler: c1, Barriers: 8, Oops: 0, ImmediateOops: 1, NonImmediateOops: No
[1,255s][debug][gc,nmethod  ] Register NMethod: sun.nio.fs.UnixFileSystem.provider (0x00007a39f2c14588) [0x00007a39f2c14680, 0x00007a39f2c14768] Compiler: c1, Barriers: 1, Oops: 0, ImmediateOops: 0, NonImmediateOops: No
[1,255s][debug][gc,nmethod  ] Register NMethod: sun.nio.fs.UnixFileSystem.needToResolveAgainstDefaultDirectory (0x00007a39f2c14888) [0x00007a39f2c14980, 0x00007a39f2c14a40] Compiler: c1, Barriers: 0, Oops: 0, ImmediateOops: 0, NonImmediateOops: No
[1,255s][debug][gc,nmethod  ] Register NMethod: sun.nio.fs.NativeBuffer.owner (0x00007a39f2c14b88) [0x00007a39f2c14c80, 0x00007a39f2c14d68] Compiler: c1, Barriers: 1, Oops: 0, ImmediateOops: 0, NonImmediateOops: No
[1,255s][debug][gc,nmethod  ] Register NMethod: sun.nio.fs.NativeBuffer.size (0x00007a39f2c14e88) [0x00007a39f2c14f80, 0x00007a39f2c15040] Compiler: c1, Barriers: 0, Oops: 0, ImmediateOops: 0, NonImmediateOops: No
[1,255s][debug][gc,nmethod  ] Register NMethod: sun.nio.fs.NativeBuffer.setOwner (0x00007a39f2c15188) [0x00007a39f2c15280, 0x00007a39f2c153b0] Compiler: c1, Barriers: 3, Oops: 0, ImmediateOops: 0, NonImmediateOops: No
[1,256s][debug][gc,nmethod  ] Register NMethod: java.util.jar.Attributes.put (0x00007a39d3553b08) [0x00007a39d3553c00, 0x00007a39d3554348] Compiler: c1, Barriers: 1, Oops: 0, ImmediateOops: 0, NonImmediateOops: No
[1,256s][debug][gc,nmethod  ] Register NMethod: sun.nio.fs.UnixNativeDispatcher.stat0 (0x00007a39f2c15488) [0x00007a39f2c15580, 0x00007a39f2c156f0] Compiler: , Barriers: 0, Oops: 0, ImmediateOops: 1, NonImmediateOops: No
[1,256s][debug][gc,nmethod  ] Register NMethod: java.io.ByteArrayOutputStream.ensureCapacity (0x00007a39d3554388) [0x00007a39d3554480, 0x00007a39d3554848] Compiler: c1, Barriers: 4, Oops: 0, ImmediateOops: 0, NonImmediateOops: No
[1,256s][debug][gc,nmethod  ] Register NMethod: java.io.ByteArrayOutputStream.write (0x00007a39d3554888) [0x00007a39d3554980, 0x00007a39d3554ec0] Compiler: c1, Barriers: 1, Oops: 0, ImmediateOops: 0, NonImmediateOops: No
[1,256s][debug][gc,nmethod  ] Register NMethod: java.util.jar.Attributes$Name.of (0x00007a39d3554f08) [0x00007a39d3555000, 0x00007a39d3555878] Compiler: c1, Barriers: 4, Oops: 1, ImmediateOops: 3, NonImmediateOops: No
[1,256s][debug][gc,nmethod  ] Register NMethod: sun.net.www.protocol.jar.Handler.checkNestedProtocol (0x00007a39d3555888) [0x00007a39d3555980, 0x00007a39d3555d08] Compiler: c1, Barriers: 0, Oops: 0, ImmediateOops: 2, NonImmediateOops: No
[1,256s][debug][gc,nmethod  ] Register NMethod: java.util.jar.Attributes.putValue (0x00007a39d3555d88) [0x00007a39d3555e80, 0x00007a39d3556d08] Compiler: c1, Barriers: 4, Oops: 0, ImmediateOops: 1, NonImmediateOops: No
[1,256s][debug][gc,nmethod  ] Register NMethod: java.util.zip.ZipCoder.charset (0x00007a39f2c15788) [0x00007a39f2c15880, 0x00007a39f2c15968] Compiler: c1, Barriers: 1, Oops: 0, ImmediateOops: 0, NonImmediateOops: No
[1,256s][debug][gc,nmethod  ] Register NMethod: java.net.URL.toExternalForm (0x00007a39d3556d88) [0x00007a39d3556e80, 0x00007a39d35571b8] Compiler: c1, Barriers: 1, Oops: 0, ImmediateOops: 0, NonImmediateOops: No
[1,256s][debug][gc,nmethod  ] Register NMethod: java.net.URL.toString (0x00007a39d3557208) [0x00007a39d3557300, 0x00007a39d3557850] Compiler: c1, Barriers: 1, Oops: 0, ImmediateOops: 0, NonImmediateOops: No
[1,256s][debug][gc,nmethod  ] Register NMethod: sun.nio.fs.UnixFileAttributes$UnixAsBasicFileAttributes.fileKey (0x00007a39d3557888) [0x00007a39d3557980, 0x00007a39d3557b08] Compiler: c1, Barriers: 1, Oops: 0, ImmediateOops: 0, NonImmediateOops: No
[1,256s][debug][gc,nmethod  ] Register NMethod: sun.nio.fs.UnixFileAttributes.fileKey (0x00007a39d3557b88) [0x00007a39d3557c80, 0x00007a39d35581b8] Compiler: c1, Barriers: 6, Oops: 0, ImmediateOops: 0, NonImmediateOops: No
[1,257s][debug][gc,nmethod  ] Register NMethod: java.io.RandomAccessFile.open0 (0x00007a39f2c15a88) [0x00007a39f2c15b80, 0x00007a39f2c15cd8] Compiler: , Barriers: 0, Oops: 0, ImmediateOops: 0, NonImmediateOops: No
[1,257s][debug][gc,nmethod  ] Register NMethod: java.io.RandomAccessFile.length0 (0x00007a39f2c15d88) [0x00007a39f2c15e80, 0x00007a39f2c15fd8] Compiler: , Barriers: 0, Oops: 0, ImmediateOops: 0, NonImmediateOops: No
[1,257s][debug][gc,nmethod  ] Register NMethod: java.util.concurrent.TimeUnit.toMillis (0x00007a39d3558208) [0x00007a39d3558300, 0x00007a39d35585b8] Compiler: c1, Barriers: 0, Oops: 0, ImmediateOops: 0, NonImmediateOops: No
[1,257s][debug][gc,nmethod  ] Register NMethod: java.nio.charset.Charset.hashCode (0x00007a39d3558608) [0x00007a39d3558700, 0x00007a39d3558c00] Compiler: c1, Barriers: 1, Oops: 0, ImmediateOops: 0, NonImmediateOops: No
[1,257s][debug][gc,nmethod  ] Register NMethod: jdk.internal.loader.FileURLMapper.getPath (0x00007a39d3558c08) [0x00007a39d3558d00, 0x00007a39d3559ad8] Compiler: c1, Barriers: 14, Oops: 0, ImmediateOops: 1, NonImmediateOops: No
[1,257s][debug][gc,nmethod  ] Register NMethod: sun.nio.fs.UnixFileKey.hashCode (0x00007a39d3559b08) [0x00007a39d3559c00, 0x00007a39d3559d80] Compiler: c1, Barriers: 0, Oops: 0, ImmediateOops: 0, NonImmediateOops: No
[1,257s][debug][gc,nmethod  ] Register NMethod: java.net.URLStreamHandler.toExternalForm (0x00007a39d3559e08) [0x00007a39d3559f00, 0x00007a39d355e340] Compiler: c1, Barriers: 6, Oops: 1, ImmediateOops: 9, NonImmediateOops: No
[1,257s][debug][gc,nmethod  ] Register NMethod: java.util.jar.JarFile.entryFor (0x00007a39d355e388) [0x00007a39d355e480, 0x00007a39d355e868] Compiler: c1, Barriers: 6, Oops: 0, ImmediateOops: 0, NonImmediateOops: No
[1,257s][debug][gc,nmethod  ] Register NMethod: java.util.zip.ZipFile$Source$Key.hashCode (0x00007a39d355e888) [0x00007a39d355e980, 0x00007a39d355fd78] Compiler: c1, Barriers: 6, Oops: 0, ImmediateOops: 1, NonImmediateOops: No
[1,257s][debug][gc,nmethod  ] Register NMethod: java.nio.file.attribute.FileTime.toMillis (0x00007a39d355fd88) [0x00007a39d355fe80, 0x00007a39d3560548] Compiler: c1, Barriers: 3, Oops: 0, ImmediateOops: 0, NonImmediateOops: No
[1,257s][debug][gc,nmethod  ] Register NMethod: java.util.jar.JavaUtilJarAccessImpl.entryFor (0x00007a39d3560588) [0x00007a39d3560680, 0x00007a39d3560d68] Compiler: c1, Barriers: 6, Oops: 0, ImmediateOops: 0, NonImmediateOops: No
[1,257s][debug][gc,nmethod  ] Register NMethod: java.util.jar.JarEntry.<init> (0x00007a39d3560d88) [0x00007a39d3560e80, 0x00007a39d3560fb0] Compiler: c1, Barriers: 0, Oops: 0, ImmediateOops: 0, NonImmediateOops: No
[1,257s][debug][gc,nmethod  ] Register NMethod: java.util.zip.ZipUtils.CENTIM (0x00007a39d3561088) [0x00007a39d3561180, 0x00007a39d3561290] Compiler: c1, Barriers: 0, Oops: 0, ImmediateOops: 0, NonImmediateOops: No
[1,257s][debug][gc,nmethod  ] Register NMethod: java.util.zip.ZipUtils.CENCRC (0x00007a39d3561388) [0x00007a39d3561480, 0x00007a39d3561590] Compiler: c1, Barriers: 0, Oops: 0, ImmediateOops: 0, NonImmediateOops: No
[1,257s][debug][gc,nmethod  ] Register NMethod: java.util.jar.JarFile$JarFileEntry.<init> (0x00007a39d3561688) [0x00007a39d3561780, 0x00007a39d3561b70] Compiler: c1, Barriers: 6, Oops: 0, ImmediateOops: 0, NonImmediateOops: No
[1,257s][debug][gc,nmethod  ] Register NMethod: java.util.zip.ZipUtils.CENVEM_FA (0x00007a39d3561b88) [0x00007a39d3561c80, 0x00007a39d3561de8] Compiler: c1, Barriers: 0, Oops: 0, ImmediateOops: 0, NonImmediateOops: No
[1,257s][debug][gc,nmethod  ] Register NMethod: java.util.zip.ZipEntry.<init> (0x00007a39d3561e88) [0x00007a39d3561f80, 0x00007a39d3562430] Compiler: c1, Barriers: 3, Oops: 1, ImmediateOops: 2, NonImmediateOops: No
[1,258s][debug][gc,nmethod  ] Register NMethod: java.util.zip.Inflater.init (0x00007a39f2c16088) [0x00007a39f2c16180, 0x00007a39f2c162e0] Compiler: , Barriers: 0, Oops: 0, ImmediateOops: 1, NonImmediateOops: No
[1,258s][debug][gc,nmethod  ] Register NMethod: java.io.UnixFileSystem.getFileForSysCalls (0x00007a39d3562488) [0x00007a39d3562580, 0x00007a39d3562ac0] Compiler: c1, Barriers: 3, Oops: 0, ImmediateOops: 0, NonImmediateOops: No
[1,258s][debug][gc,nmethod  ] Register NMethod: java.io.UnixFileSystem.hasBooleanAttributes (0x00007a39d3562b08) [0x00007a39d3562c00, 0x00007a39d3563788] Compiler: c1, Barriers: 3, Oops: 1, ImmediateOops: 1, NonImmediateOops: No
[1,261s][debug][gc,nmethod  ] Register NMethod: java.lang.invoke.MemberName.isResolved (0x00007a39d3563808) [0x00007a39d3563900, 0x00007a39d3563a80] Compiler: c1, Barriers: 1, Oops: 0, ImmediateOops: 0, NonImmediateOops: No
[1,261s][debug][gc,nmethod  ] Register NMethod: java.lang.Class.cast (0x00007a39d3563b08) [0x00007a39d3563c00, 0x00007a39d3564058] Compiler: c1, Barriers: 0, Oops: 0, ImmediateOops: 0, NonImmediateOops: No
[1,262s][debug][gc,director ] Rule Major: Warmup 10%, Used: 54MB, UsedThreshold: 1228MB
[1,262s][debug][gc,nmethod  ] Register NMethod: jdk.internal.util.ReferencedKeyMap.entryKey (0x00007a39d3564088) [0x00007a39d3564180, 0x00007a39d3564998] Compiler: c1, Barriers: 8, Oops: 0, ImmediateOops: 1, NonImmediateOops: No
[1,262s][debug][gc,nmethod  ] Register NMethod: jdk.internal.util.WeakReferenceKey.<init> (0x00007a39d3564a08) [0x00007a39d3564b00, 0x00007a39d3565108] Compiler: c1, Barriers: 6, Oops: 0, ImmediateOops: 1, NonImmediateOops: No
[1,262s][debug][gc,nmethod  ] Register NMethod: java.lang.Math.min (0x00007a39d3565188) [0x00007a39d3565280, 0x00007a39d35653a8] Compiler: c1, Barriers: 0, Oops: 0, ImmediateOops: 0, NonImmediateOops: No
[1,262s][debug][gc,nmethod  ] Register NMethod: java.lang.StringUTF16.compress (0x00007a39d3565488) [0x00007a39d3565580, 0x00007a39d35657b0] Compiler: c1, Barriers: 0, Oops: 0, ImmediateOops: 0, NonImmediateOops: No
[1,262s][debug][gc,nmethod  ] Register NMethod: java.util.jar.Attributes.getValue (0x00007a39d3565808) [0x00007a39d3565900, 0x00007a39d3565ea0] Compiler: c1, Barriers: 1, Oops: 0, ImmediateOops: 0, NonImmediateOops: No
[1,262s][debug][gc,nmethod  ] Register NMethod: java.util.jar.Attributes.get (0x00007a39d3565f08) [0x00007a39d3566000, 0x00007a39d3566340] Compiler: c1, Barriers: 1, Oops: 0, ImmediateOops: 0, NonImmediateOops: No
[1,263s][debug][gc,nmethod  ] Register NMethod: jdk.internal.perf.PerfCounter.increment (0x00007a39d3566388) [0x00007a39d3566480, 0x00007a39d35665c8] Compiler: c1, Barriers: 0, Oops: 0, ImmediateOops: 0, NonImmediateOops: No
[1,263s][debug][gc,nmethod  ] Register NMethod: jdk.internal.loader.BuiltinClassLoader.loadClassOrNull (0x00007a39d3566688) [0x00007a39d3566780, 0x00007a39d3566a88] Compiler: c1, Barriers: 0, Oops: 0, ImmediateOops: 0, NonImmediateOops: No
[1,263s][debug][gc,nmethod  ] Register NMethod: jdk.internal.loader.BuiltinClassLoader.findLoadedModule (0x00007a39d3566b08) [0x00007a39d3566c00, 0x00007a39d3567dc0] Compiler: c1, Barriers: 1, Oops: 0, ImmediateOops: 1, NonImmediateOops: No
[1,264s][debug][gc,nmethod  ] Register NMethod: jdk.internal.loader.BuiltinClassLoader.loadClassOrNull (0x00007a39d3567e08) [0x00007a39d3567f00, 0x00007a39d3569998] Compiler: c1, Barriers: 3, Oops: 0, ImmediateOops: 2, NonImmediateOops: No
[1,264s][debug][gc,nmethod  ] Register NMethod: java.lang.invoke.MethodHandles$Lookup.previousLookupClass (0x00007a39f2c16388) [0x00007a39f2c16480, 0x00007a39f2c16568] Compiler: c1, Barriers: 1, Oops: 0, ImmediateOops: 0, NonImmediateOops: No
[1,264s][debug][gc,nmethod  ] Register NMethod: jdk.internal.classfile.impl.StackMapGenerator$Type.referenceType (0x00007a39d3569a08) [0x00007a39d3569b00, 0x00007a39d3569dd0] Compiler: c1, Barriers: 3, Oops: 0, ImmediateOops: 0, NonImmediateOops: No
[1,264s][debug][gc,nmethod  ] Register NMethod: jdk.internal.classfile.impl.StackMapGenerator$Frame.pushStack (0x00007a39d3569e08) [0x00007a39d3569f00, 0x00007a39d356a360] Compiler: c1, Barriers: 4, Oops: 0, ImmediateOops: 0, NonImmediateOops: No
[1,264s][debug][gc,nmethod  ] Register NMethod: jdk.internal.classfile.impl.DirectClassBuilder.constantPool (0x00007a39d356a388) [0x00007a39d356a480, 0x00007a39d356a5c0] Compiler: c1, Barriers: 1, Oops: 0, ImmediateOops: 0, NonImmediateOops: No
[1,264s][debug][gc,nmethod  ] Register NMethod: jdk.internal.classfile.impl.RawBytecodeHelper.getIndexU2 (0x00007a39d356a688) [0x00007a39d356a780, 0x00007a39d356aa78] Compiler: c1, Barriers: 0, Oops: 0, ImmediateOops: 0, NonImmediateOops: No
[1,264s][debug][gc,nmethod  ] Register NMethod: jdk.internal.classfile.impl.RawBytecodeHelper.getU2Unchecked (0x00007a39d356aa88) [0x00007a39d356ab80, 0x00007a39d356af08] Compiler: c1, Barriers: 2, Oops: 0, ImmediateOops: 1, NonImmediateOops: No
[1,264s][debug][gc,nmethod  ] Register NMethod: jdk.internal.classfile.impl.AbstractPoolEntry$AbstractRefEntry.writeTo (0x00007a39d356af88) [0x00007a39d356b080, 0x00007a39d356b7d8] Compiler: c1, Barriers: 1, Oops: 0, ImmediateOops: 0, NonImmediateOops: No
[1,264s][debug][gc,nmethod  ] Register NMethod: java.lang.invoke.MethodHandle.linkToSpecial (0x00007a39f2c16688) [0x00007a39f2c16780, 0x00007a39f2c16878] Compiler: , Barriers: 0, Oops: 0, ImmediateOops: 0, NonImmediateOops: No
[1,264s][debug][gc,nmethod  ] Register NMethod: java.lang.invoke.MethodHandle.invokeBasic (0x00007a39f2c16988) [0x00007a39f2c16a80, 0x00007a39f2c16d18] Compiler: , Barriers: 0, Oops: 0, ImmediateOops: 0, NonImmediateOops: No
[1,264s][debug][gc,nmethod  ] Register NMethod: java.lang.invoke.LambdaForm$Name.withIndex (0x00007a39d356b808) [0x00007a39d356b900, 0x00007a39d356bbe8] Compiler: c1, Barriers: 4, Oops: 0, ImmediateOops: 0, NonImmediateOops: No
[1,265s][debug][gc,nmethod  ] Register NMethod: jdk.internal.classfile.impl.BufWriterImpl.writeIndex (0x00007a39d356bc08) [0x00007a39d356bd00, 0x00007a39d356e128] Compiler: c1, Barriers: 1, Oops: 1, ImmediateOops: 3, NonImmediateOops: No
[1,265s][debug][gc,nmethod  ] Register NMethod: jdk.internal.classfile.impl.StackMapGenerator$Frame.checkLocal (0x00007a39d356e188) [0x00007a39d356e280, 0x00007a39d356eed8] Compiler: c1, Barriers: 11, Oops: 1, ImmediateOops: 2, NonImmediateOops: No
[1,265s][debug][gc,nmethod  ] Register NMethod: sun.invoke.util.VerifyAccess.isClassAccessible (0x00007a39d356ef08) [0x00007a39d356f000, 0x00007a39d3570f80] Compiler: c1, Barriers: 4, Oops: 0, ImmediateOops: 3, NonImmediateOops: No
[1,265s][debug][gc,nmethod  ] Register NMethod: java.lang.reflect.Modifier.isStatic (0x00007a39d3570f88) [0x00007a39d3571080, 0x00007a39d35711b0] Compiler: c1, Barriers: 0, Oops: 0, ImmediateOops: 0, NonImmediateOops: No
[1,265s][debug][gc,nmethod  ] Register NMethod: jdk.internal.classfile.impl.AbstractAttributeMapper.allowMultiple (0x00007a39f2c16d88) [0x00007a39f2c16e80, 0x00007a39f2c16f40] Compiler: c1, Barriers: 0, Oops: 0, ImmediateOops: 0, NonImmediateOops: No
[1,265s][debug][gc,nmethod  ] Register NMethod: jdk.internal.constant.MethodTypeDescImpl.returnType (0x00007a39f2c17088) [0x00007a39f2c17180, 0x00007a39f2c17268] Compiler: c1, Barriers: 1, Oops: 0, ImmediateOops: 0, NonImmediateOops: No
[1,265s][debug][gc,nmethod  ] Register NMethod: jdk.internal.classfile.impl.StackMapGenerator$Frame.decStack (0x00007a39d3571288) [0x00007a39d3571380, 0x00007a39d35715e0] Compiler: c1, Barriers: 2, Oops: 1, ImmediateOops: 1, NonImmediateOops: No
[1,265s][debug][gc,nmethod  ] Register NMethod: jdk.internal.classfile.impl.RawBytecodeHelper.opcode (0x00007a39f2c17388) [0x00007a39f2c17480, 0x00007a39f2c17508] Compiler: jvmci, Barriers: 0, Oops: 0, ImmediateOops: 0, NonImmediateOops: No
[1,265s][debug][gc,nmethod  ] Register NMethod: java.lang.reflect.Method.getName (0x00007a39f2c17688) [0x00007a39f2c17780, 0x00007a39f2c17868] Compiler: c1, Barriers: 1, Oops: 0, ImmediateOops: 0, NonImmediateOops: No
[1,265s][debug][gc,nmethod  ] Register NMethod: java.util.WeakHashMap.getTable (0x00007a39d3571608) [0x00007a39d3571700, 0x00007a39d3571878] Compiler: c1, Barriers: 1, Oops: 0, ImmediateOops: 0, NonImmediateOops: No
[1,266s][debug][gc,nmethod  ] Register NMethod: java.lang.Long.<init> (0x00007a39d3571908) [0x00007a39d3571a00, 0x00007a39d3571bc0] Compiler: c1, Barriers: 0, Oops: 0, ImmediateOops: 0, NonImmediateOops: No
[1,266s][debug][gc,nmethod  ] Register NMethod: java.lang.invoke.MethodHandle.linkToStatic (0x00007a39f2c17988) [0x00007a39f2c17a80, 0x00007a39f2c17b70] Compiler: , Barriers: 0, Oops: 0, ImmediateOops: 0, NonImmediateOops: No
[1,266s][debug][gc,nmethod  ] Register NMethod: java.lang.invoke.MethodTypeForm.canonicalize (0x00007a39d3571c08) [0x00007a39d3571d00, 0x00007a39d35723b0] Compiler: c1, Barriers: 2, Oops: 0, ImmediateOops: 0, NonImmediateOops: No
[1,266s][debug][gc,nmethod  ] Register NMethod: java.lang.ref.SoftReference.get (0x00007a39d3572408) [0x00007a39d3572500, 0x00007a39d35726c0] Compiler: c1, Barriers: 2, Oops: 0, ImmediateOops: 1, NonImmediateOops: No
[1,266s][debug][gc,nmethod  ] Register NMethod: jdk.internal.util.ReferencedKeyMap.existingKey (0x00007a39d3572708) [0x00007a39d3572800, 0x00007a39d3574510] Compiler: c1, Barriers: 11, Oops: 1, ImmediateOops: 0, NonImmediateOops: No
[1,266s][debug][gc,nmethod  ] Register NMethod: jdk.internal.util.ReferencedKeyMap.internKey (0x00007a39d3574588) [0x00007a39d3574680, 0x00007a39d3575e28] Compiler: c1, Barriers: 5, Oops: 0, ImmediateOops: 0, NonImmediateOops: No
[1,267s][debug][gc,nmethod  ] Register NMethod: jdk.internal.classfile.impl.Util.powerOctal (0x00007a39d3575e88) [0x00007a39d3575f80, 0x00007a39d3576140] Compiler: c1, Barriers: 0, Oops: 1, ImmediateOops: 1, NonImmediateOops: No
[1,267s][debug][gc,nmethod  ] Register NMethod: java.lang.Character.reverseBytes (0x00007a39d3576188) [0x00007a39d3576280, 0x00007a39d3576378] Compiler: c1, Barriers: 0, Oops: 0, ImmediateOops: 0, NonImmediateOops: No
[1,267s][debug][gc,nmethod  ] Register NMethod: jdk.internal.misc.Unsafe.convEndian (0x00007a39d3576488) [0x00007a39d3576580, 0x00007a39d3576720] Compiler: c1, Barriers: 0, Oops: 0, ImmediateOops: 0, NonImmediateOops: No
[1,267s][debug][gc,nmethod  ] Register NMethod: jdk.internal.misc.Unsafe.getCharUnaligned (0x00007a39d3576788) [0x00007a39d3576880, 0x00007a39d3576c10] Compiler: c1, Barriers: 0, Oops: 0, ImmediateOops: 0, NonImmediateOops: No
[1,267s][debug][gc,nmethod  ] Register NMethod: java.lang.CharacterDataLatin1.toLowerCase (0x00007a39d3576c88) [0x00007a39d3576d80, 0x00007a39d3576fc0] Compiler: c1, Barriers: 0, Oops: 0, ImmediateOops: 0, NonImmediateOops: No
[1,268s][debug][gc,nmethod  ] Register NMethod: java.lang.String.getBytes (0x00007a39f2c17c88) [0x00007a39f2c17d80, 0x00007a39f2c180c0] Compiler: jvmci, Barriers: 1, Oops: 0, ImmediateOops: 0, NonImmediateOops: No
[1,268s][debug][gc,nmethod  ] Register NMethod: java.lang.Math.clamp (0x00007a39d3577008) [0x00007a39d3577100, 0x00007a39d35781c8] Compiler: c1, Barriers: 0, Oops: 1, ImmediateOops: 2, NonImmediateOops: No
[1,269s][debug][gc,nmethod  ] Register NMethod: java.lang.Enum.name (0x00007a39f2c18108) [0x00007a39f2c18200, 0x00007a39f2c182e8] Compiler: c1, Barriers: 1, Oops: 0, ImmediateOops: 0, NonImmediateOops: No
[1,269s][debug][gc,nmethod  ] Register NMethod: java.lang.CharacterDataLatin1.toUpperCaseEx (0x00007a39d3578208) [0x00007a39d3578300, 0x00007a39d3578730] Compiler: c1, Barriers: 0, Oops: 0, ImmediateOops: 1, NonImmediateOops: No
[1,270s][debug][gc,nmethod  ] Register NMethod: java.util.concurrent.ConcurrentHashMap.put (0x00007a39d3578788) [0x00007a39d3578880, 0x00007a39d3578b80] Compiler: c1, Barriers: 0, Oops: 0, ImmediateOops: 0, NonImmediateOops: No
[1,270s][debug][gc,nmethod  ] Register NMethod: sun.util.locale.BaseLocale.getLanguage (0x00007a39f2c18408) [0x00007a39f2c18500, 0x00007a39f2c185e8] Compiler: c1, Barriers: 1, Oops: 0, ImmediateOops: 0, NonImmediateOops: No
[1,270s][debug][gc,nmethod  ] Register NMethod: java.util.concurrent.ConcurrentHashMap$Node.<init> (0x00007a39d3578b88) [0x00007a39d3578c80, 0x00007a39d3578fa8] Compiler: c1, Barriers: 9, Oops: 0, ImmediateOops: 0, NonImmediateOops: No
[1,270s][debug][gc,nmethod  ] Register NMethod: java.lang.String.isLatin1 (0x00007a39f2c18708) [0x00007a39f2c18800, 0x00007a39f2c188c0] Compiler: jvmci, Barriers: 0, Oops: 0, ImmediateOops: 0, NonImmediateOops: No
[1,270s][debug][gc,nmethod  ] Register NMethod: java.lang.StringLatin1.toUpperCase (0x00007a39d3579008) [0x00007a39d3579100, 0x00007a39d357a1c8] Compiler: c1, Barriers: 5, Oops: 0, ImmediateOops: 4, NonImmediateOops: No
[1,270s][debug][gc,nmethod  ] Register NMethod: java.util.Objects.nonNull (0x00007a39d357a208) [0x00007a39d357a300, 0x00007a39d357a430] Compiler: c1, Barriers: 0, Oops: 0, ImmediateOops: 0, NonImmediateOops: No
[1,270s][debug][gc,nmethod  ] Register NMethod: java.lang.StringLatin1.canEncode (0x00007a39f2c18a08) [0x00007a39f2c18b00, 0x00007a39f2c18ba0] Compiler: jvmci, Barriers: 0, Oops: 0, ImmediateOops: 0, NonImmediateOops: No
[1,270s][debug][gc,nmethod  ] Register NMethod: java.lang.String.toUpperCase (0x00007a39d357a508) [0x00007a39d357a600, 0x00007a39d357aab0] Compiler: c1, Barriers: 2, Oops: 0, ImmediateOops: 0, NonImmediateOops: No
[1,270s][debug][gc,nmethod  ] Register NMethod: java.util.Locale.getLanguage (0x00007a39d357ab08) [0x00007a39d357ac00, 0x00007a39d357af40] Compiler: c1, Barriers: 2, Oops: 0, ImmediateOops: 0, NonImmediateOops: No
[1,270s][debug][gc,nmethod  ] Register NMethod: java.util.jar.Manifest$FastInputStream.readLine (0x00007a39f2c18d08) [0x00007a39f2c18e00, 0x00007a39f2c19748] Compiler: jvmci, Barriers: 3, Oops: 0, ImmediateOops: 0, NonImmediateOops: No
[1,271s][debug][gc,nmethod  ] Register NMethod: java.util.ArrayList$Itr.hasNext (0x00007a39d357af88) [0x00007a39d357b080, 0x00007a39d357b210] Compiler: c1, Barriers: 1, Oops: 0, ImmediateOops: 0, NonImmediateOops: No
[1,271s][debug][gc,nmethod  ] Register NMethod: java.util.Properties.put (0x00007a39d357b288) [0x00007a39d357b380, 0x00007a39d357b880] Compiler: c1, Barriers: 1, Oops: 0, ImmediateOops: 0, NonImmediateOops: No
[1,271s][debug][gc,nmethod  ] Register NMethod: java.util.ArrayList$Itr.checkForComodification (0x00007a39d357b888) [0x00007a39d357b980, 0x00007a39d357bb68] Compiler: c1, Barriers: 1, Oops: 0, ImmediateOops: 0, NonImmediateOops: No
[1,271s][debug][gc,nmethod  ] Register NMethod: java.util.ArrayList$Itr.next (0x00007a39d357bb88) [0x00007a39d357bc80, 0x00007a39d357c270] Compiler: c1, Barriers: 3, Oops: 0, ImmediateOops: 0, NonImmediateOops: No
[1,271s][debug][gc,nmethod  ] Register NMethod: java.security.Provider$Service.getType (0x00007a39f2c19788) [0x00007a39f2c19880, 0x00007a39f2c19968] Compiler: c1, Barriers: 1, Oops: 0, ImmediateOops: 0, NonImmediateOops: No
[1,271s][debug][gc,nmethod  ] Register NMethod: java.security.Provider$Service.getAliases (0x00007a39f2c19a88) [0x00007a39f2c19b80, 0x00007a39f2c19c68] Compiler: c1, Barriers: 1, Oops: 0, ImmediateOops: 0, NonImmediateOops: No
[1,271s][debug][gc,nmethod  ] Register NMethod: java.security.Provider$Service.getAlgorithm (0x00007a39f2c19d88) [0x00007a39f2c19e80, 0x00007a39f2c19f68] Compiler: c1, Barriers: 1, Oops: 0, ImmediateOops: 0, NonImmediateOops: No
[1,272s][debug][gc,nmethod  ] Register NMethod: sun.security.util.KnownOIDs.register (0x00007a39d357c288) [0x00007a39d357c380, 0x00007a39d3584d08] Compiler: c1, Barriers: 24, Oops: 6, ImmediateOops: 22, NonImmediateOops: No
[1,272s][debug][gc,director ] Rule Major: Warmup 10%, Used: 54MB, UsedThreshold: 1228MB
[1,272s][debug][gc,nmethod  ] Register NMethod: java.lang.Integer.rotateLeft (0x00007a39d3584d88) [0x00007a39d3584e80, 0x00007a39d3584f70] Compiler: c1, Barriers: 0, Oops: 0, ImmediateOops: 0, NonImmediateOops: No
[1,273s][debug][gc,nmethod  ] Register NMethod: jdk.internal.misc.Unsafe.getIntUnaligned (0x00007a39d3585088) [0x00007a39d3585180, 0x00007a39d35853c8] Compiler: c1, Barriers: 0, Oops: 0, ImmediateOops: 0, NonImmediateOops: No
[1,273s][debug][gc,nmethod  ] Register NMethod: java.lang.invoke.MemberName.getMethodOrFieldType (0x00007a39d3585408) [0x00007a39d3585500, 0x00007a39d3587998] Compiler: c1, Barriers: 0, Oops: 2, ImmediateOops: 5, NonImmediateOops: No
[1,273s][debug][gc,nmethod  ] Register NMethod: java.lang.invoke.VarForm.getMemberName (0x00007a39d3587a08) [0x00007a39d3587b00, 0x00007a39d3588280] Compiler: c1, Barriers: 4, Oops: 0, ImmediateOops: 1, NonImmediateOops: No
[1,273s][debug][gc,nmethod  ] Register NMethod: java.lang.invoke.VarHandleByteArrayAsInts$ArrayHandle.index (0x00007a39d3588288) [0x00007a39d3588380, 0x00007a39d35884b8] Compiler: c1, Barriers: 0, Oops: 1, ImmediateOops: 1, NonImmediateOops: No
[1,273s][debug][gc,nmethod  ] Register NMethod: java.lang.invoke.VarHandle.checkAccessModeThenIsDirect (0x00007a39d3588588) [0x00007a39d3588680, 0x00007a39d3589828] Compiler: c1, Barriers: 10, Oops: 0, ImmediateOops: 1, NonImmediateOops: No
[1,273s][debug][gc,nmethod  ] Register NMethod: java.lang.invoke.MethodHandle.invokeBasic (0x00007a39f2c1a088) [0x00007a39f2c1a180, 0x00007a39f2c1a418] Compiler: , Barriers: 0, Oops: 0, ImmediateOops: 0, NonImmediateOops: No
[1,273s][debug][gc,nmethod  ] Register NMethod: java.lang.invoke.VarHandleByteArrayAsInts$ArrayHandle.get (0x00007a39d3589888) [0x00007a39d3589980, 0x00007a39d358a130] Compiler: c1, Barriers: 0, Oops: 2, ImmediateOops: 2, NonImmediateOops: No
[1,273s][debug][gc,nmethod  ] Register NMethod: java.lang.invoke.VarHandle.accessModeType (0x00007a39d358a188) [0x00007a39d358a280, 0x00007a39d358b128] Compiler: c1, Barriers: 9, Oops: 0, ImmediateOops: 1, NonImmediateOops: No
[1,273s][debug][gc,nmethod  ] Register NMethod: java.lang.Integer.rotateLeft (0x00007a39f2c1a488) [0x00007a39f2c1a580, 0x00007a39f2c1a5f0] Compiler: jvmci, Barriers: 0, Oops: 0, ImmediateOops: 0, NonImmediateOops: No
[1,274s][debug][gc,nmethod  ] Register NMethod: java.lang.invoke.VarHandleGuards.guard_LI_I (0x00007a39d358b188) [0x00007a39d358b280, 0x00007a39d358e158] Compiler: c1, Barriers: 28, Oops: 0, ImmediateOops: 2, NonImmediateOops: No
[1,275s][debug][gc,nmethod  ] Register NMethod: java.lang.String.indexOf (0x00007a39d358e188) [0x00007a39d358e280, 0x00007a39d358eaa0] Compiler: c1, Barriers: 1, Oops: 0, ImmediateOops: 0, NonImmediateOops: No
[1,275s][debug][gc,nmethod  ] Register NMethod: java.lang.Throwable.fillInStackTrace (0x00007a39d358eb08) [0x00007a39d358ec00, 0x00007a39d358efd8] Compiler: c1, Barriers: 5, Oops: 0, ImmediateOops: 1, NonImmediateOops: No
[1,275s][debug][gc,nmethod  ] Register NMethod: java.lang.String.indexOf (0x00007a39d358f008) [0x00007a39d358f100, 0x00007a39d358fbb8] Compiler: c1, Barriers: 1, Oops: 0, ImmediateOops: 0, NonImmediateOops: No
[1,276s][debug][gc,nmethod  ] Register NMethod: java.io.ObjectStreamField.getName (0x00007a39f2c1a788) [0x00007a39f2c1a880, 0x00007a39f2c1a968] Compiler: c1, Barriers: 1, Oops: 0, ImmediateOops: 0, NonImmediateOops: No
[1,277s][debug][gc,nmethod  ] Register NMethod: java.lang.AbstractStringBuilder.needsNewBuffer (0x00007a39f2c1aa88) [0x00007a39f2c1ab80, 0x00007a39f2c1ac68] Compiler: jvmci, Barriers: 0, Oops: 0, ImmediateOops: 0, NonImmediateOops: No
[1,277s][debug][gc,nmethod  ] Register NMethod: java.lang.invoke.MethodHandle.invokeBasic (0x00007a39f2c1ad88) [0x00007a39f2c1ae80, 0x00007a39f2c1b118] Compiler: , Barriers: 0, Oops: 0, ImmediateOops: 0, NonImmediateOops: No
[1,277s][debug][gc,nmethod  ] Register NMethod: java.lang.invoke.MethodHandle.linkToSpecial (0x00007a39f2c1b188) [0x00007a39f2c1b280, 0x00007a39f2c1b378] Compiler: , Barriers: 0, Oops: 0, ImmediateOops: 0, NonImmediateOops: No
[1,278s][debug][gc,nmethod  ] Register NMethod: sun.invoke.util.Wrapper.basicTypeChar (0x00007a39d358fc08) [0x00007a39d358fd00, 0x00007a39d3590230] Compiler: c1, Barriers: 0, Oops: 0, ImmediateOops: 0, NonImmediateOops: No
[1,278s][debug][gc,nmethod  ] Register NMethod: java.lang.invoke.LambdaForm$BasicType.basicType (0x00007a39d3590288) [0x00007a39d3590380, 0x00007a39d3590918] Compiler: c1, Barriers: 0, Oops: 0, ImmediateOops: 0, NonImmediateOops: No
[1,278s][debug][gc,nmethod  ] Register NMethod: java.lang.invoke.LambdaForm$BasicType.basicType (0x00007a39d3590988) [0x00007a39d3590a80, 0x00007a39d3591d88] Compiler: c1, Barriers: 0, Oops: 2, ImmediateOops: 10, NonImmediateOops: No
[1,278s][debug][gc,nmethod  ] Register NMethod: java.lang.invoke.MemberName.flagsMods (0x00007a39d3591e08) [0x00007a39d3591f00, 0x00007a39d3592000] Compiler: c1, Barriers: 0, Oops: 0, ImmediateOops: 0, NonImmediateOops: No
[1,278s][debug][gc,nmethod  ] Register NMethod: java.lang.invoke.MemberName.init (0x00007a39d3592108) [0x00007a39d3592200, 0x00007a39d3592478] Compiler: c1, Barriers: 9, Oops: 0, ImmediateOops: 0, NonImmediateOops: No
[1,279s][debug][gc,nmethod  ] Register NMethod: java.lang.invoke.MethodHandle.invokeBasic (0x00007a39f2c1b488) [0x00007a39f2c1b580, 0x00007a39f2c1b818] Compiler: , Barriers: 0, Oops: 0, ImmediateOops: 0, NonImmediateOops: No
[1,279s][debug][gc,nmethod  ] Register NMethod: java.lang.invoke.MemberName.isStatic (0x00007a39d3592488) [0x00007a39d3592580, 0x00007a39d3592730] Compiler: c1, Barriers: 0, Oops: 0, ImmediateOops: 0, NonImmediateOops: No
[1,279s][debug][gc,nmethod  ] Register NMethod: jdk.internal.classfile.impl.AbstractPoolEntry$MethodRefEntryImpl.tag (0x00007a39f2c1b888) [0x00007a39f2c1b980, 0x00007a39f2c1ba40] Compiler: c1, Barriers: 0, Oops: 0, ImmediateOops: 0, NonImmediateOops: No
[1,279s][debug][gc,nmethod  ] Register NMethod: java.util.Arrays.equals (0x00007a39d3592788) [0x00007a39d3592880, 0x00007a39d3592f50] Compiler: c1, Barriers: 2, Oops: 0, ImmediateOops: 0, NonImmediateOops: No
[1,279s][debug][gc,nmethod  ] Register NMethod: sun.invoke.util.Wrapper.forPrimitiveType (0x00007a39d3592f88) [0x00007a39d3593080, 0x00007a39d3594410] Compiler: c1, Barriers: 0, Oops: 1, ImmediateOops: 21, NonImmediateOops: No
[1,279s][debug][gc,nmethod  ] Register NMethod: java.lang.invoke.MethodType.genericMethodType (0x00007a39d3594488) [0x00007a39d3594580, 0x00007a39d3595bd0] Compiler: c1, Barriers: 7, Oops: 1, ImmediateOops: 7, NonImmediateOops: No
[1,279s][debug][gc,nmethod  ] Register NMethod: java.lang.invoke.MethodHandle.linkToStatic (0x00007a39f2c1bb88) [0x00007a39f2c1bc80, 0x00007a39f2c1bd70] Compiler: , Barriers: 0, Oops: 0, ImmediateOops: 0, NonImmediateOops: No
[1,279s][debug][gc,nmethod  ] Register NMethod: java.lang.StringCoding.countNonZeroAsciiLatin1 (0x00007a39f2c1be88) [0x00007a39f2c1bfa0, 0x00007a39f2c1c328] Compiler: jvmci, Barriers: 0, Oops: 0, ImmediateOops: 0, NonImmediateOops: No
[1,279s][debug][gc,nmethod  ] Register NMethod: java.lang.invoke.MethodHandle.invokeBasic (0x00007a39f2c1c388) [0x00007a39f2c1c480, 0x00007a39f2c1c718] Compiler: , Barriers: 0, Oops: 0, ImmediateOops: 0, NonImmediateOops: No
[1,280s][debug][gc,nmethod  ] Register NMethod: jdk.internal.classfile.impl.AbstractPoolEntry$AbstractMemberRefEntry.nameAndType (0x00007a39d3595c08) [0x00007a39d3595d00, 0x00007a39d3596038] Compiler: c1, Barriers: 1, Oops: 0, ImmediateOops: 0, NonImmediateOops: No
[1,280s][debug][gc,nmethod  ] Register NMethod: jdk.internal.classfile.impl.AbstractPoolEntry$AbstractMemberRefEntry.nameAndType (0x00007a39d3596088) [0x00007a39d3596180, 0x00007a39d35966d0] Compiler: c1, Barriers: 1, Oops: 0, ImmediateOops: 0, NonImmediateOops: No
[1,280s][debug][gc,nmethod  ] Register NMethod: jdk.internal.classfile.impl.LabelImpl.setBCI (0x00007a39f2c1c788) [0x00007a39f2c1c880, 0x00007a39f2c1c940] Compiler: c1, Barriers: 0, Oops: 0, ImmediateOops: 0, NonImmediateOops: No
[1,280s][debug][gc,nmethod  ] Register NMethod: jdk.internal.classfile.impl.AbstractPoolEntry$NameAndTypeEntryImpl.type (0x00007a39d3596708) [0x00007a39d3596800, 0x00007a39d3596b50] Compiler: c1, Barriers: 1, Oops: 0, ImmediateOops: 0, NonImmediateOops: No
[1,280s][debug][gc,nmethod  ] Register NMethod: jdk.internal.classfile.impl.AttributeHolder.withAttribute (0x00007a39d3596b88) [0x00007a39d3596c80, 0x00007a39d3597ee8] Compiler: c1, Barriers: 9, Oops: 0, ImmediateOops: 0, NonImmediateOops: No
[1,281s][debug][gc,nmethod  ] Register NMethod: java.lang.invoke.LambdaForm.forceInterpretation (0x00007a39d3597f08) [0x00007a39d3598000, 0x00007a39d3598150] Compiler: c1, Barriers: 0, Oops: 0, ImmediateOops: 0, NonImmediateOops: No
[1,281s][debug][gc,nmethod  ] Register NMethod: java.lang.Class.getSuperclass (0x00007a39f2c1ca88) [0x00007a39f2c1cb80, 0x00007a39f2c1cea0] Compiler: , Barriers: 0, Oops: 0, ImmediateOops: 0, NonImmediateOops: No
[1,281s][debug][gc,nmethod  ] Register NMethod: jdk.internal.constant.MethodTypeDescImpl.descriptorString (0x00007a39d3598208) [0x00007a39d3598300, 0x00007a39d35984c0] Compiler: c1, Barriers: 1, Oops: 0, ImmediateOops: 0, NonImmediateOops: No
[1,281s][debug][gc,nmethod  ] Register NMethod: jdk.internal.classfile.impl.SplitConstantPool.utf8Entry (0x00007a39d3598508) [0x00007a39d3598600, 0x00007a39d3598b20] Compiler: c1, Barriers: 5, Oops: 0, ImmediateOops: 0, NonImmediateOops: No
[1,281s][debug][gc,nmethod  ] Register NMethod: java.lang.invoke.MemberName$Factory.resolve (0x00007a39d3598b88) [0x00007a39d3598c80, 0x00007a39d3599be8] Compiler: c1, Barriers: 7, Oops: 0, ImmediateOops: 0, NonImmediateOops: No
[1,281s][debug][gc,nmethod  ] Register NMethod: jdk.internal.classfile.impl.DirectMethodBuilder.methodTypeSymbol (0x00007a39d3599c08) [0x00007a39d3599d00, 0x00007a39d359a468] Compiler: c1, Barriers: 1, Oops: 0, ImmediateOops: 0, NonImmediateOops: No
[1,282s][debug][gc,nmethod  ] Register NMethod: java.lang.invoke.LambdaForm$Name.index (0x00007a39f2c1cf08) [0x00007a39f2c1d000, 0x00007a39f2c1d0c0] Compiler: c1, Barriers: 0, Oops: 0, ImmediateOops: 0, NonImmediateOops: No
[1,282s][debug][gc,nmethod  ] Register NMethod: java.lang.invoke.LambdaForm.argument (0x00007a39d359a488) [0x00007a39d359a580, 0x00007a39d359a9f0] Compiler: c1, Barriers: 2, Oops: 0, ImmediateOops: 1, NonImmediateOops: No
[1,282s][debug][gc,director ] Rule Major: Warmup 10%, Used: 56MB, UsedThreshold: 1228MB
[1,282s][debug][gc,nmethod  ] Register NMethod: jdk.internal.classfile.impl.DirectCodeBuilder.curPc (0x00007a39d359aa08) [0x00007a39d359ab00, 0x00007a39d359ae10] Compiler: c1, Barriers: 1, Oops: 0, ImmediateOops: 0, NonImmediateOops: No
[1,282s][debug][gc,nmethod  ] Register NMethod: java.lang.invoke.MemberName.getName (0x00007a39d359ae88) [0x00007a39d359af80, 0x00007a39d359b568] Compiler: c1, Barriers: 5, Oops: 0, ImmediateOops: 0, NonImmediateOops: No
[1,282s][debug][gc,nmethod  ] Register NMethod: jdk.internal.classfile.impl.LabelImpl.<init> (0x00007a39d359b588) [0x00007a39d359b680, 0x00007a39d359b8b8] Compiler: c1, Barriers: 3, Oops: 0, ImmediateOops: 0, NonImmediateOops: No
[1,282s][debug][gc,nmethod  ] Register NMethod: java.lang.invoke.LambdaForm$BasicType.basicTypeKind (0x00007a39f2c1d208) [0x00007a39f2c1d300, 0x00007a39f2c1d3e8] Compiler: c1, Barriers: 1, Oops: 0, ImmediateOops: 0, NonImmediateOops: No
[1,282s][debug][gc,nmethod  ] Register NMethod: jdk.internal.classfile.impl.DirectMethodBuilder.methodName (0x00007a39f2c1d508) [0x00007a39f2c1d600, 0x00007a39f2c1d6e8] Compiler: c1, Barriers: 1, Oops: 0, ImmediateOops: 0, NonImmediateOops: No
[1,282s][debug][gc,nmethod  ] Register NMethod: jdk.internal.classfile.impl.BufWriterImpl.thisClass (0x00007a39f2c1d808) [0x00007a39f2c1d900, 0x00007a39f2c1d9e8] Compiler: c1, Barriers: 1, Oops: 0, ImmediateOops: 0, NonImmediateOops: No
[1,282s][debug][gc,nmethod  ] Register NMethod: java.lang.ClassLoader.findBootstrapClassOrNull (0x00007a39d359b908) [0x00007a39d359ba00, 0x00007a39d359bba0] Compiler: c1, Barriers: 0, Oops: 0, ImmediateOops: 0, NonImmediateOops: No
[1,282s][debug][gc,nmethod  ] Register NMethod: java.lang.reflect.Field.getName (0x00007a39f2c1db08) [0x00007a39f2c1dc00, 0x00007a39f2c1dce8] Compiler: c1, Barriers: 1, Oops: 0, ImmediateOops: 0, NonImmediateOops: No
[1,282s][debug][gc,nmethod  ] Register NMethod: java.lang.System$1.findBootstrapClassOrNull (0x00007a39d359bc08) [0x00007a39d359bd00, 0x00007a39d359bf08] Compiler: c1, Barriers: 0, Oops: 0, ImmediateOops: 0, NonImmediateOops: No
[1,283s][debug][gc,nmethod  ] Register NMethod: jdk.internal.classfile.impl.AbstractPoolEntry$ClassEntryImpl.asSymbol (0x00007a39d359bf88) [0x00007a39d359c080, 0x00007a39d35a0610] Compiler: c1, Barriers: 16, Oops: 2, ImmediateOops: 11, NonImmediateOops: No
[1,283s][debug][gc,nmethod  ] Register NMethod: java.io.ObjectStreamField.getSignature (0x00007a39d35a0688) [0x00007a39d35a0780, 0x00007a39d35a0e18] Compiler: c1, Barriers: 6, Oops: 0, ImmediateOops: 0, NonImmediateOops: No
[1,283s][debug][gc,nmethod  ] Register NMethod: java.lang.invoke.LambdaForm.uncustomize (0x00007a39d35a0e88) [0x00007a39d35a0f80, 0x00007a39d35a13f8] Compiler: c1, Barriers: 2, Oops: 0, ImmediateOops: 0, NonImmediateOops: No
[1,283s][debug][gc,nmethod  ] Register NMethod: java.util.ArrayList.<init> (0x00007a39d35a1408) [0x00007a39d35a1500, 0x00007a39d35a17a0] Compiler: c1, Barriers: 3, Oops: 0, ImmediateOops: 1, NonImmediateOops: No
[1,284s][debug][gc,nmethod  ] Register NMethod: jdk.internal.loader.BuiltinClassLoader.loadClass (0x00007a39d35a1808) [0x00007a39d35a1900, 0x00007a39d35a1cd8] Compiler: c1, Barriers: 0, Oops: 0, ImmediateOops: 0, NonImmediateOops: No
[1,284s][debug][gc,nmethod  ] Register NMethod: jdk.internal.loader.ClassLoaders$BootClassLoader.loadClassOrNull (0x00007a39d35a1d08) [0x00007a39d35a1e00, 0x00007a39d35a2080] Compiler: c1, Barriers: 0, Oops: 0, ImmediateOops: 1, NonImmediateOops: No
[1,284s][debug][gc,nmethod  ] Register NMethod: sun.net.www.ParseUtil.encodePath (0x00007a39d35a2088) [0x00007a39d35a2180, 0x00007a39d35a2368] Compiler: c1, Barriers: 0, Oops: 0, ImmediateOops: 0, NonImmediateOops: No
[1,284s][debug][gc,nmethod  ] Register NMethod: worker.org.gradle.internal.classloader.FilteringClassLoader$TrieSet.find (0x00007a39d35a2388) [0x00007a39d35a2480, 0x00007a39d35a2608] Compiler: c1, Barriers: 1, Oops: 1, ImmediateOops: 0, NonImmediateOops: No
[1,284s][debug][gc,nmethod  ] Register NMethod: java.lang.ReflectiveOperationException.<init> (0x00007a39d35a2688) [0x00007a39d35a2780, 0x00007a39d35a2910] Compiler: c1, Barriers: 0, Oops: 0, ImmediateOops: 0, NonImmediateOops: No
[1,284s][debug][gc,nmethod  ] Register NMethod: java.lang.Exception.<init> (0x00007a39d35a2988) [0x00007a39d35a2a80, 0x00007a39d35a2bb0] Compiler: c1, Barriers: 0, Oops: 0, ImmediateOops: 0, NonImmediateOops: No
[1,284s][debug][gc,nmethod  ] Register NMethod: java.util.jar.Manifest.getEntries (0x00007a39f2c1de08) [0x00007a39f2c1df00, 0x00007a39f2c1dfe8] Compiler: c1, Barriers: 1, Oops: 0, ImmediateOops: 0, NonImmediateOops: No
[1,284s][debug][gc,nmethod  ] Register NMethod: java.util.jar.Manifest.getMainAttributes (0x00007a39f2c1e108) [0x00007a39f2c1e200, 0x00007a39f2c1e2e8] Compiler: c1, Barriers: 1, Oops: 0, ImmediateOops: 0, NonImmediateOops: No
[1,284s][debug][gc,nmethod  ] Register NMethod: java.lang.Throwable.<init> (0x00007a39d35a2c88) [0x00007a39d35a2d80, 0x00007a39d35a35c0] Compiler: c1, Barriers: 16, Oops: 0, ImmediateOops: 3, NonImmediateOops: No
[1,285s][debug][gc,nmethod  ] Register NMethod: worker.org.gradle.internal.classloader.FilteringClassLoader$Trie.find (0x00007a39d35a3608) [0x00007a39d35a3700, 0x00007a39d35a43c0] Compiler: c1, Barriers: 2, Oops: 1, ImmediateOops: 0, NonImmediateOops: No
[1,286s][debug][gc,nmethod  ] Register NMethod: java.lang.StringLatin1.replace (0x00007a39f2c1e408) [0x00007a39f2c1e500, 0x00007a39f2c1ead8] Compiler: jvmci, Barriers: 2, Oops: 0, ImmediateOops: 0, NonImmediateOops: No
[1,286s][debug][gc,nmethod  ] Register NMethod: java.util.WeakHashMap.remove (0x00007a39d35a4408) [0x00007a39d35a4500, 0x00007a39d35a5910] Compiler: c1, Barriers: 12, Oops: 0, ImmediateOops: 1, NonImmediateOops: No
[1,287s][debug][gc,nmethod  ] Register NMethod: java.util.concurrent.ConcurrentHashMap.computeIfAbsent (0x00007a39d35a5988) [0x00007a39d35a5a80, 0x00007a39d35a8c20] Compiler: c1, Barriers: 24, Oops: 0, ImmediateOops: 2, NonImmediateOops: No
[1,287s][debug][gc,nmethod  ] Register NMethod: jdk.internal.loader.URLClassPath.getResource (0x00007a39d35a8c88) [0x00007a39d35a8d80, 0x00007a39d35a91e8] Compiler: c1, Barriers: 0, Oops: 0, ImmediateOops: 0, NonImmediateOops: No
[1,288s][debug][gc,nmethod  ] Register NMethod: sun.net.util.URLUtil.urlNoFragString (0x00007a39d35a9208) [0x00007a39d35a9300, 0x00007a39d35ac3e8] Compiler: c1, Barriers: 7, Oops: 3, ImmediateOops: 10, NonImmediateOops: No
[1,289s][debug][gc,nmethod  ] Register NMethod: java.util.zip.ZipFile.getZipEntry (0x00007a39d35ac408) [0x00007a39d35ac500, 0x00007a39d35ae398] Compiler: c1, Barriers: 17, Oops: 0, ImmediateOops: 2, NonImmediateOops: No
[1,289s][debug][gc,nmethod  ] Register NMethod: java.lang.StringBuilder.append (0x00007a39f2c1eb08) [0x00007a39f2c1ec00, 0x00007a39f2c1f3a0] Compiler: jvmci, Barriers: 5, Oops: 0, ImmediateOops: 0, NonImmediateOops: No
[1,290s][debug][gc,nmethod  ] Register NMethod: java.lang.ClassLoader.loadClass (0x00007a39d35ae408) [0x00007a39d35ae500, 0x00007a39d35af940] Compiler: c1, Barriers: 1, Oops: 2, ImmediateOops: 3, NonImmediateOops: No
[1,290s][debug][gc,nmethod  ] Register NMethod: worker.org.gradle.internal.classloader.FilteringClassLoader.loadClass (0x00007a39d35af988) [0x00007a39d35afa80, 0x00007a39d35b1298] Compiler: c1, Barriers: 0, Oops: 3, ImmediateOops: 3, NonImmediateOops: No
[1,291s][debug][gc,nmethod  ] Register NMethod: jdk.internal.classfile.impl.DirectCodeBuilder.aload (0x00007a39d35b1308) [0x00007a39d35b1400, 0x00007a39d35b17f0] Compiler: c1, Barriers: 1, Oops: 0, ImmediateOops: 0, NonImmediateOops: No
[1,292s][debug][gc,nmethod  ] Register NMethod: java.lang.invoke.MethodHandle.<init> (0x00007a39d35b1808) [0x00007a39d35b1900, 0x00007a39d35b1e78] Compiler: c1, Barriers: 6, Oops: 0, ImmediateOops: 0, NonImmediateOops: No
[1,292s][debug][gc,director ] Rule Major: Warmup 10%, Used: 56MB, UsedThreshold: 1228MB
[1,292s][debug][gc,nmethod  ] Register NMethod: java.lang.invoke.LambdaForm.prepare (0x00007a39d35b1e88) [0x00007a39d35b1f80, 0x00007a39d35b2e60] Compiler: c1, Barriers: 6, Oops: 0, ImmediateOops: 0, NonImmediateOops: No
[1,292s][debug][gc,nmethod  ] Register NMethod: java.lang.System.identityHashCode (0x00007a39f2c1f408) [0x00007a39f2c1f500, 0x00007a39f2c1f690] Compiler: , Barriers: 0, Oops: 0, ImmediateOops: 1, NonImmediateOops: No
[1,293s][debug][gc,nmethod  ] Register NMethod: java.util.ImmutableCollections$AbstractImmutableList.<init> (0x00007a39d35b2e88) [0x00007a39d35b2f80, 0x00007a39d35b3198] Compiler: c1, Barriers: 0, Oops: 0, ImmediateOops: 0, NonImmediateOops: No
[1,293s][debug][gc,nmethod  ] Register NMethod: jdk.internal.classfile.impl.SplitConstantPool.nameAndTypeEntry (0x00007a39d35b3208) [0x00007a39d35b3300, 0x00007a39d35b35f8] Compiler: c1, Barriers: 0, Oops: 0, ImmediateOops: 0, NonImmediateOops: No
[1,293s][debug][gc,nmethod  ] Register NMethod: jdk.internal.classfile.impl.BufWriterImpl.constantPool (0x00007a39f2c1f708) [0x00007a39f2c1f800, 0x00007a39f2c1f8e8] Compiler: c1, Barriers: 1, Oops: 0, ImmediateOops: 0, NonImmediateOops: No
[1,293s][debug][gc,nmethod  ] Register NMethod: jdk.internal.classfile.impl.SplitConstantPool.nameAndTypeEntry (0x00007a39d35b3608) [0x00007a39d35b3700, 0x00007a39d35b4400] Compiler: c1, Barriers: 0, Oops: 0, ImmediateOops: 0, NonImmediateOops: No
[1,293s][debug][gc,nmethod  ] Register NMethod: jdk.internal.classfile.impl.AbstractAttributeMapper.name (0x00007a39f2c1fa08) [0x00007a39f2c1fb00, 0x00007a39f2c1fbe8] Compiler: c1, Barriers: 1, Oops: 0, ImmediateOops: 0, NonImmediateOops: No
[1,293s][debug][gc,nmethod  ] Register NMethod: jdk.internal.classfile.impl.BufWriterImpl.setLabelContext (0x00007a39d35b4408) [0x00007a39d35b4500, 0x00007a39d35b4678] Compiler: c1, Barriers: 3, Oops: 0, ImmediateOops: 0, NonImmediateOops: No
[1,293s][debug][gc,nmethod  ] Register NMethod: java.util.ImmutableCollections$ListN.size (0x00007a39d35b4708) [0x00007a39d35b4800, 0x00007a39d35b4938] Compiler: c1, Barriers: 1, Oops: 0, ImmediateOops: 0, NonImmediateOops: No
[1,293s][debug][gc,nmethod  ] Register NMethod: jdk.internal.classfile.impl.BufWriterImpl.writeU2U2U2 (0x00007a39d35b4a08) [0x00007a39d35b4b00, 0x00007a39d35b5020] Compiler: c1, Barriers: 2, Oops: 0, ImmediateOops: 0, NonImmediateOops: No
[1,293s][debug][gc,nmethod  ] Register NMethod: jdk.internal.misc.Unsafe.getCharUnaligned (0x00007a39d35b5088) [0x00007a39d35b5180, 0x00007a39d35b53a8] Compiler: c1, Barriers: 0, Oops: 0, ImmediateOops: 0, NonImmediateOops: No
[1,294s][debug][gc,nmethod  ] Register NMethod: java.lang.CharacterDataLatin1.getProperties (0x00007a39f2c1fd08) [0x00007a39f2c1fe00, 0x00007a39f2c1fed0] Compiler: jvmci, Barriers: 0, Oops: 0, ImmediateOops: 1, NonImmediateOops: No
[1,294s][debug][gc,nmethod  ] Register NMethod: java.lang.reflect.Method.getModifiers (0x00007a39f2c20008) [0x00007a39f2c20100, 0x00007a39f2c201c0] Compiler: c1, Barriers: 0, Oops: 0, ImmediateOops: 0, NonImmediateOops: No
[1,294s][debug][gc,nmethod  ] Register NMethod: java.lang.Class.reflectionData (0x00007a39d35b5408) [0x00007a39d35b5500, 0x00007a39d35b5b58] Compiler: c1, Barriers: 1, Oops: 0, ImmediateOops: 0, NonImmediateOops: No
[1,294s][debug][gc,nmethod  ] Register NMethod: java.lang.Module.isNamed (0x00007a39d35b5b88) [0x00007a39d35b5c80, 0x00007a39d35b5e00] Compiler: c1, Barriers: 1, Oops: 0, ImmediateOops: 0, NonImmediateOops: No
[1,294s][debug][gc,nmethod  ] Register NMethod: jdk.internal.classfile.impl.BufWriterImpl.<init> (0x00007a39d35b5e88) [0x00007a39d35b5f80, 0x00007a39d35b6350] Compiler: c1, Barriers: 12, Oops: 0, ImmediateOops: 0, NonImmediateOops: No
[1,294s][debug][gc,nmethod  ] Register NMethod: jdk.internal.constant.ClassOrInterfaceDescImpl.equals (0x00007a39d35b6388) [0x00007a39d35b6480, 0x00007a39d35b6ca8] Compiler: c1, Barriers: 2, Oops: 0, ImmediateOops: 0, NonImmediateOops: No
[1,294s][debug][gc,nmethod  ] Register NMethod: jdk.internal.classfile.impl.AbstractPoolEntry$ClassEntryImpl.<init> (0x00007a39d35b6d08) [0x00007a39d35b6e00, 0x00007a39d35b6fe8] Compiler: c1, Barriers: 3, Oops: 0, ImmediateOops: 0, NonImmediateOops: No
[1,294s][debug][gc,nmethod  ] Register NMethod: jdk.internal.classfile.impl.DirectCodeBuilder.constantPool (0x00007a39d35b7008) [0x00007a39d35b7100, 0x00007a39d35b7240] Compiler: c1, Barriers: 1, Oops: 0, ImmediateOops: 0, NonImmediateOops: No
[1,294s][debug][gc,nmethod  ] Register NMethod: jdk.internal.classfile.impl.StackCounter.addStackSlot (0x00007a39d35b7308) [0x00007a39d35b7400, 0x00007a39d35b7538] Compiler: c1, Barriers: 0, Oops: 0, ImmediateOops: 0, NonImmediateOops: No
[1,294s][debug][gc,nmethod  ] Register NMethod: jdk.internal.classfile.impl.StackMapDecoder$StackMapFrameImpl.stack (0x00007a39f2c20308) [0x00007a39f2c20400, 0x00007a39f2c204e8] Compiler: c1, Barriers: 1, Oops: 0, ImmediateOops: 0, NonImmediateOops: No
[1,295s][debug][gc,nmethod  ] Register NMethod: java.lang.reflect.Array.newInstance (0x00007a39d35b7608) [0x00007a39d35b7700, 0x00007a39d35b7810] Compiler: c1, Barriers: 0, Oops: 0, ImmediateOops: 0, NonImmediateOops: No
[1,295s][debug][gc,nmethod  ] Register NMethod: jdk.internal.classfile.impl.RawBytecodeHelper$CodeRange.start (0x00007a39d35b7908) [0x00007a39d35b7a00, 0x00007a39d35b7c88] Compiler: c1, Barriers: 3, Oops: 0, ImmediateOops: 0, NonImmediateOops: No
[1,295s][debug][gc,nmethod  ] Register NMethod: jdk.internal.classfile.impl.DirectCodeBuilder.labelToBci (0x00007a39d35b7d08) [0x00007a39d35b7e00, 0x00007a39d35b8570] Compiler: c1, Barriers: 1, Oops: 0, ImmediateOops: 0, NonImmediateOops: No
[1,295s][debug][gc,nmethod  ] Register NMethod: jdk.internal.classfile.impl.RawBytecodeHelper.<init> (0x00007a39d35b8588) [0x00007a39d35b8680, 0x00007a39d35b8850] Compiler: c1, Barriers: 3, Oops: 0, ImmediateOops: 0, NonImmediateOops: No
[1,295s][debug][gc,nmethod  ] Register NMethod: jdk.internal.classfile.impl.BufWriterImpl.writeIndex (0x00007a39d35b8888) [0x00007a39d35b8980, 0x00007a39d35bb118] Compiler: c1, Barriers: 3, Oops: 1, ImmediateOops: 3, NonImmediateOops: No
[1,295s][debug][gc,nmethod  ] Register NMethod: java.lang.reflect.Method.getSharedParameterTypes (0x00007a39f2c20608) [0x00007a39f2c20700, 0x00007a39f2c207e8] Compiler: c1, Barriers: 1, Oops: 0, ImmediateOops: 0, NonImmediateOops: No
[1,296s][debug][gc,nmethod  ] Register NMethod: java.util.WeakHashMap.put (0x00007a39d35bb188) [0x00007a39d35bb280, 0x00007a39d35bcd68] Compiler: c1, Barriers: 26, Oops: 0, ImmediateOops: 2, NonImmediateOops: No
[1,296s][debug][gc,nmethod  ] Register NMethod: jdk.internal.classfile.impl.RawBytecodeHelper.endBci (0x00007a39f2c20908) [0x00007a39f2c20a00, 0x00007a39f2c20ae0] Compiler: jvmci, Barriers: 1, Oops: 0, ImmediateOops: 0, NonImmediateOops: No
[1,296s][debug][gc,nmethod  ] Register NMethod: java.lang.invoke.DirectMethodHandle.constructorMethod (0x00007a39d35bcd88) [0x00007a39d35bce80, 0x00007a39d35bd1a0] Compiler: c1, Barriers: 1, Oops: 0, ImmediateOops: 0, NonImmediateOops: No
[1,296s][debug][gc,nmethod  ] Register NMethod: java.lang.invoke.DirectMethodHandle.allocateInstance (0x00007a39d35bd208) [0x00007a39d35bd300, 0x00007a39d35bd820] Compiler: c1, Barriers: 1, Oops: 0, ImmediateOops: 1, NonImmediateOops: No
[1,296s][debug][gc,nmethod  ] Register NMethod: sun.reflect.generics.parser.SignatureParser.current (0x00007a39d35bd888) [0x00007a39d35bd980, 0x00007a39d35be790] Compiler: c1, Barriers: 2, Oops: 1, ImmediateOops: 2, NonImmediateOops: No
[1,296s][debug][gc,nmethod  ] Register NMethod: java.lang.Character.isWhitespace (0x00007a39d35be808) [0x00007a39d35be900, 0x00007a39d35bec88] Compiler: c1, Barriers: 0, Oops: 0, ImmediateOops: 0, NonImmediateOops: No
[1,296s][debug][gc,nmethod  ] Register NMethod: sun.reflect.generics.parser.SignatureParser.advance (0x00007a39d35bed08) [0x00007a39d35bee00, 0x00007a39d35bf418] Compiler: c1, Barriers: 2, Oops: 0, ImmediateOops: 0, NonImmediateOops: No
[1,296s][debug][gc,nmethod  ] Register NMethod: java.lang.CharacterDataLatin1.isWhitespace (0x00007a39d35bf488) [0x00007a39d35bf580, 0x00007a39d35bf920] Compiler: c1, Barriers: 0, Oops: 0, ImmediateOops: 1, NonImmediateOops: No
[1,296s][debug][gc,nmethod  ] Register NMethod: java.lang.Class.getModifiers (0x00007a39f2c20c08) [0x00007a39f2c20d00, 0x00007a39f2c20dc0] Compiler: c1, Barriers: 0, Oops: 0, ImmediateOops: 0, NonImmediateOops: No
[1,296s][debug][gc,nmethod  ] Register NMethod: java.lang.Character.isWhitespace (0x00007a39d35bf988) [0x00007a39d35bfa80, 0x00007a39d35bfdb0] Compiler: c1, Barriers: 0, Oops: 0, ImmediateOops: 0, NonImmediateOops: No
[1,296s][debug][gc,nmethod  ] Register NMethod: java.lang.reflect.Method.getReturnType (0x00007a39f2c20f08) [0x00007a39f2c21000, 0x00007a39f2c210e8] Compiler: c1, Barriers: 1, Oops: 0, ImmediateOops: 0, NonImmediateOops: No
[1,297s][debug][gc,nmethod  ] Register NMethod: java.lang.ClassLoader.getDefinedPackage (0x00007a39d35bfe08) [0x00007a39d35bff00, 0x00007a39d35c0858] Compiler: c1, Barriers: 2, Oops: 1, ImmediateOops: 1, NonImmediateOops: No
[1,298s][debug][gc,nmethod  ] Register NMethod: java.lang.invoke.MethodHandle.linkToStatic (0x00007a39f2c21208) [0x00007a39f2c21300, 0x00007a39f2c213f0] Compiler: , Barriers: 0, Oops: 0, ImmediateOops: 0, NonImmediateOops: No
[1,298s][debug][gc,nmethod  ] Register NMethod: java.util.ArrayList.iterator (0x00007a39d35c0888) [0x00007a39d35c0980, 0x00007a39d35c0c80] Compiler: c1, Barriers: 3, Oops: 0, ImmediateOops: 0, NonImmediateOops: No
[1,298s][debug][gc,nmethod  ] Register NMethod: java.lang.invoke.MethodHandle.linkToStatic (0x00007a39f2c21508) [0x00007a39f2c21600, 0x00007a39f2c216f0] Compiler: , Barriers: 0, Oops: 0, ImmediateOops: 0, NonImmediateOops: No
[1,298s][debug][gc,nmethod  ] Register NMethod: java.lang.invoke.MethodHandle.linkToVirtual (0x00007a39f2c21808) [0x00007a39f2c21900, 0x00007a39f2c21928] Compiler: , Barriers: 0, Oops: 0, ImmediateOops: 0, NonImmediateOops: No
[1,298s][debug][gc,nmethod  ] Register NMethod: java.util.ArrayList$Itr.<init> (0x00007a39d35c0c88) [0x00007a39d35c0d80, 0x00007a39d35c10b0] Compiler: c1, Barriers: 3, Oops: 0, ImmediateOops: 0, NonImmediateOops: No
[1,298s][debug][gc,nmethod  ] Register NMethod: java.lang.invoke.MethodHandle.linkToVirtual (0x00007a39f2c21b08) [0x00007a39f2c21c00, 0x00007a39f2c21c28] Compiler: , Barriers: 0, Oops: 0, ImmediateOops: 0, NonImmediateOops: No
[1,298s][debug][gc,nmethod  ] Register NMethod: jdk.internal.classfile.impl.AbstractPoolEntry$AbstractMemberRefEntry.<init> (0x00007a39d35c1108) [0x00007a39d35c1200, 0x00007a39d35c1330] Compiler: c1, Barriers: 0, Oops: 0, ImmediateOops: 0, NonImmediateOops: No
[1,299s][debug][gc,nmethod  ] Register NMethod: java.lang.invoke.InvokerBytecodeGenerator.classDesc (0x00007a39d35c1408) [0x00007a39d35c1500, 0x00007a39d35c2810] Compiler: c1, Barriers: 3, Oops: 1, ImmediateOops: 12, NonImmediateOops: No
[1,299s][debug][gc,nmethod  ] Register NMethod: java.lang.invoke.LambdaForm$BasicType.basicTypeClass (0x00007a39f2c21e08) [0x00007a39f2c21f00, 0x00007a39f2c21fe8] Compiler: c1, Barriers: 1, Oops: 0, ImmediateOops: 0, NonImmediateOops: No
[1,299s][debug][gc,nmethod  ] Register NMethod: jdk.internal.classfile.impl.BufWriterImpl.writeU2U2 (0x00007a39d35c2888) [0x00007a39d35c2980, 0x00007a39d35c2e48] Compiler: c1, Barriers: 2, Oops: 0, ImmediateOops: 0, NonImmediateOops: No
[1,299s][debug][gc,nmethod  ] Register NMethod: jdk.internal.classfile.impl.ClassReaderImpl.checkType (0x00007a39d35c2e88) [0x00007a39d35c2f80, 0x00007a39d35c3a60] Compiler: c1, Barriers: 0, Oops: 0, ImmediateOops: 0, NonImmediateOops: No
[1,299s][debug][gc,nmethod  ] Register NMethod: jdk.internal.classfile.impl.SplitConstantPool.entryByIndex (0x00007a39d35c3a88) [0x00007a39d35c3b80, 0x00007a39d35c48d0] Compiler: c1, Barriers: 0, Oops: 0, ImmediateOops: 0, NonImmediateOops: No
[1,299s][debug][gc,nmethod  ] Register NMethod: java.util.HashMap.get (0x00007a39f2c22108) [0x00007a39f2c22200, 0x00007a39f2c229e8] Compiler: jvmci, Barriers: 12, Oops: 0, ImmediateOops: 0, NonImmediateOops: No
[1,299s][debug][gc,nmethod  ] Register NMethod: java.lang.invoke.LambdaForm$NamedFunction.methodType (0x00007a39d35c4908) [0x00007a39d35c4a00, 0x00007a39d35c50e8] Compiler: c1, Barriers: 7, Oops: 0, ImmediateOops: 0, NonImmediateOops: No
[1,299s][debug][gc,nmethod  ] Register NMethod: java.lang.invoke.MethodType.erase (0x00007a39d35c5108) [0x00007a39d35c5200, 0x00007a39d35c5540] Compiler: c1, Barriers: 2, Oops: 0, ImmediateOops: 0, NonImmediateOops: No
[1,299s][debug][gc,nmethod  ] Register NMethod: java.lang.ClassNotFoundException.<init> (0x00007a39d35c5588) [0x00007a39d35c5680, 0x00007a39d35c5880] Compiler: c1, Barriers: 0, Oops: 0, ImmediateOops: 0, NonImmediateOops: No
[1,300s][debug][gc,nmethod  ] Register NMethod: java.net.URL.<init> (0x00007a39d35c5888) [0x00007a39d35c5980, 0x00007a39d35c5ac0] Compiler: c1, Barriers: 0, Oops: 0, ImmediateOops: 0, NonImmediateOops: No
[1,300s][debug][gc,nmethod  ] Register NMethod: java.net.URL.set (0x00007a39d35c5b88) [0x00007a39d35c5c80, 0x00007a39d35c7178] Compiler: c1, Barriers: 27, Oops: 1, ImmediateOops: 2, NonImmediateOops: No
[1,300s][debug][gc,nmethod  ] Register NMethod: java.net.URLStreamHandler.setURL (0x00007a39d35c7188) [0x00007a39d35c7280, 0x00007a39d35c8eb8] Compiler: c1, Barriers: 5, Oops: 1, ImmediateOops: 3, NonImmediateOops: No
[1,300s][debug][gc,nmethod  ] Register NMethod: java.lang.Math.min (0x00007a39f2c22a08) [0x00007a39f2c22b00, 0x00007a39f2c22b68] Compiler: jvmci, Barriers: 0, Oops: 0, ImmediateOops: 0, NonImmediateOops: No
[1,301s][debug][gc,nmethod  ] Register NMethod: java.net.URL.<init> (0x00007a39d35c8f08) [0x00007a39d35c9000, 0x00007a39d35cf718] Compiler: c1, Barriers: 55, Oops: 4, ImmediateOops: 14, NonImmediateOops: No
[1,302s][debug][gc,nmethod  ] Register NMethod: java.util.Arrays.fill (0x00007a39d35cf788) [0x00007a39d35cf880, 0x00007a39d35cfca8] Compiler: c1, Barriers: 3, Oops: 0, ImmediateOops: 0, NonImmediateOops: No
[1,302s][debug][gc,nmethod  ] Register NMethod: java.lang.Double.longBitsToDouble (0x00007a39f2c22d08) [0x00007a39f2c22e00, 0x00007a39f2c22f60] Compiler: , Barriers: 0, Oops: 0, ImmediateOops: 1, NonImmediateOops: No
[1,302s][debug][gc,nmethod  ] Register NMethod: java.lang.invoke.MethodTypeForm.cachedLambdaForm (0x00007a39d35cfd08) [0x00007a39d35cfe00, 0x00007a39d35d03f8] Compiler: c1, Barriers: 2, Oops: 0, ImmediateOops: 0, NonImmediateOops: No
[1,302s][debug][gc,nmethod  ] Register NMethod: java.lang.invoke.InnerClassLambdaMetafactory.classDesc (0x00007a39d35d0408) [0x00007a39d35d0500, 0x00007a39d35d15b8] Compiler: c1, Barriers: 3, Oops: 1, ImmediateOops: 2, NonImmediateOops: No
[1,302s][debug][gc,director ] Rule Major: Warmup 10%, Used: 58MB, UsedThreshold: 1228MB
[1,302s][debug][gc,nmethod  ] Register NMethod: jdk.internal.classfile.impl.BufWriterImpl.getMajorVersion (0x00007a39f2c23008) [0x00007a39f2c23100, 0x00007a39f2c231c0] Compiler: c1, Barriers: 0, Oops: 0, ImmediateOops: 0, NonImmediateOops: No
[1,302s][debug][gc,nmethod  ] Register NMethod: jdk.internal.classfile.impl.RawBytecodeHelper$CodeRange.length (0x00007a39f2c23308) [0x00007a39f2c23400, 0x00007a39f2c234c0] Compiler: c1, Barriers: 0, Oops: 0, ImmediateOops: 0, NonImmediateOops: No
[1,302s][debug][gc,nmethod  ] Register NMethod: jdk.internal.classfile.impl.StackMapGenerator.maxStack (0x00007a39f2c23608) [0x00007a39f2c23700, 0x00007a39f2c237c0] Compiler: c1, Barriers: 0, Oops: 0, ImmediateOops: 0, NonImmediateOops: No
[1,302s][debug][gc,nmethod  ] Register NMethod: jdk.internal.classfile.impl.StackMapGenerator.maxLocals (0x00007a39f2c23908) [0x00007a39f2c23a00, 0x00007a39f2c23ac0] Compiler: c1, Barriers: 0, Oops: 0, ImmediateOops: 0, NonImmediateOops: No
[1,302s][debug][gc,nmethod  ] Register NMethod: java.lang.invoke.MethodType.basicType (0x00007a39d35d1608) [0x00007a39d35d1700, 0x00007a39d35d1a40] Compiler: c1, Barriers: 2, Oops: 0, ImmediateOops: 0, NonImmediateOops: No
[1,303s][debug][gc,nmethod  ] Register NMethod: java.lang.invoke.MethodHandle.linkToSpecial (0x00007a39f2c23c08) [0x00007a39f2c23d00, 0x00007a39f2c23df8] Compiler: , Barriers: 0, Oops: 0, ImmediateOops: 0, NonImmediateOops: No
[1,303s][debug][gc,nmethod  ] Register NMethod: java.lang.invoke.MethodType.parameterSlotCount (0x00007a39d35d1a88) [0x00007a39d35d1b80, 0x00007a39d35d1e90] Compiler: c1, Barriers: 1, Oops: 0, ImmediateOops: 0, NonImmediateOops: No
[1,304s][debug][gc,nmethod  ] Register NMethod: java.lang.invoke.MethodType.parameterType (0x00007a39f2c23f08) [0x00007a39f2c24000, 0x00007a39f2c24140] Compiler: jvmci, Barriers: 2, Oops: 0, ImmediateOops: 0, NonImmediateOops: No
[1,305s][debug][gc,nmethod  ] Register NMethod: jdk.internal.util.ClassFileDumper.isEnabled (0x00007a39f2c24208) [0x00007a39f2c24300, 0x00007a39f2c243c0] Compiler: c1, Barriers: 0, Oops: 0, ImmediateOops: 0, NonImmediateOops: No
[1,306s][debug][gc,nmethod  ] Register NMethod: java.util.Properties$LineReader.readLine (0x00007a39d35d1f08) [0x00007a39d35d2000, 0x00007a39d35d5508] Compiler: c1, Barriers: 14, Oops: 0, ImmediateOops: 0, NonImmediateOops: No
[1,307s][debug][gc,nmethod  ] Register NMethod: java.lang.invoke.MethodType.parameterCount (0x00007a39f2c24508) [0x00007a39f2c24600, 0x00007a39f2c246e0] Compiler: jvmci, Barriers: 1, Oops: 0, ImmediateOops: 0, NonImmediateOops: No
[1,307s][debug][gc,nmethod  ] Register NMethod: java.lang.Class.getReflectionFactory (0x00007a39d35d5588) [0x00007a39d35d5680, 0x00007a39d35d58f8] Compiler: c1, Barriers: 4, Oops: 0, ImmediateOops: 4, NonImmediateOops: No
[1,310s][debug][gc,nmethod  ] Register NMethod: java.lang.AbstractStringBuilder.append (0x00007a39f2c24808) [0x00007a39f2c24900, 0x00007a39f2c250a0] Compiler: jvmci, Barriers: 5, Oops: 0, ImmediateOops: 0, NonImmediateOops: No
[1,312s][debug][gc,director ] Rule Major: Warmup 10%, Used: 58MB, UsedThreshold: 1228MB
[1,313s][debug][gc,nmethod  ] Register NMethod: java.util.jar.JarFile.getInputStream (0x00007a39d35d5908) [0x00007a39d35d5a00, 0x00007a39d35d6350] Compiler: c1, Barriers: 3, Oops: 1, ImmediateOops: 1, NonImmediateOops: No
[1,313s][debug][gc,nmethod  ] Register NMethod: sun.net.www.protocol.jar.Handler.parseURL (0x00007a39d35d6388) [0x00007a39d35d6480, 0x00007a39d35d7f98] Compiler: c1, Barriers: 3, Oops: 0, ImmediateOops: 3, NonImmediateOops: No
[1,313s][debug][gc,nmethod  ] Register NMethod: sun.net.www.protocol.jar.Handler.indexOfBangSlash (0x00007a39d35d8008) [0x00007a39d35d8100, 0x00007a39d35d9a00] Compiler: c1, Barriers: 4, Oops: 1, ImmediateOops: 2, NonImmediateOops: No
[1,313s][debug][gc,nmethod  ] Register NMethod: jdk.internal.loader.Resource.getBytes (0x00007a39d35d9a88) [0x00007a39d35d9b80, 0x00007a39d35db070] Compiler: c1, Barriers: 9, Oops: 0, ImmediateOops: 1, NonImmediateOops: No
[1,313s][debug][gc,nmethod  ] Register NMethod: jdk.internal.loader.Resource.<init> (0x00007a39d35db088) [0x00007a39d35db180, 0x00007a39d35db2d8] Compiler: c1, Barriers: 0, Oops: 0, ImmediateOops: 0, NonImmediateOops: No
[1,314s][debug][gc,nmethod  ] Register NMethod: jdk.internal.loader.URLClassPath$JarLoader$1.getCodeSourceURL (0x00007a39d35db388) [0x00007a39d35db480, 0x00007a39d35db5e8] Compiler: c1, Barriers: 2, Oops: 0, ImmediateOops: 0, NonImmediateOops: No
[1,314s][debug][gc,nmethod  ] Register NMethod: jdk.internal.loader.URLClassPath$JarLoader$1.<init> (0x00007a39d35db688) [0x00007a39d35db780, 0x00007a39d35dbce0] Compiler: c1, Barriers: 15, Oops: 0, ImmediateOops: 0, NonImmediateOops: No
[1,314s][debug][gc,nmethod  ] Register NMethod: sun.net.www.protocol.jar.Handler.parseContextSpec (0x00007a39d35dbd08) [0x00007a39d35dbe00, 0x00007a39d35dfbb0] Compiler: c1, Barriers: 11, Oops: 3, ImmediateOops: 8, NonImmediateOops: No
[1,314s][debug][gc,nmethod  ] Register NMethod: java.util.jar.JavaUtilJarAccessImpl.ensureInitialization (0x00007a39d35dfc08) [0x00007a39d35dfd00, 0x00007a39d35e0000] Compiler: c1, Barriers: 0, Oops: 0, ImmediateOops: 0, NonImmediateOops: No
[1,314s][debug][gc,nmethod  ] Register NMethod: sun.net.www.protocol.jar.Handler.canonicalizeString (0x00007a39d35e0008) [0x00007a39d35e0100, 0x00007a39d35e27b0] Compiler: c1, Barriers: 4, Oops: 1, ImmediateOops: 4, NonImmediateOops: No
[1,314s][debug][gc,nmethod  ] Register NMethod: java.lang.StringCoding.countPositives (0x00007a39f2c25108) [0x00007a39f2c25200, 0x00007a39f2c25478] Compiler: jvmci, Barriers: 0, Oops: 0, ImmediateOops: 0, NonImmediateOops: No
[1,314s][debug][gc,nmethod  ] Register NMethod: java.lang.ClassLoader.addClass (0x00007a39d35e2808) [0x00007a39d35e2900, 0x00007a39d35e3100] Compiler: c1, Barriers: 6, Oops: 0, ImmediateOops: 0, NonImmediateOops: No
[1,314s][debug][gc,nmethod  ] Register NMethod: jdk.internal.loader.URLClassPath$JarLoader$1.getManifest (0x00007a39d35e3108) [0x00007a39d35e3200, 0x00007a39d35e3ef0] Compiler: c1, Barriers: 6, Oops: 1, ImmediateOops: 4, NonImmediateOops: No
[1,314s][debug][gc,nmethod  ] Register NMethod: java.util.Arrays.copyOfRange (0x00007a39f2c25488) [0x00007a39f2c25580, 0x00007a39f2c259d0] Compiler: jvmci, Barriers: 0, Oops: 0, ImmediateOops: 0, NonImmediateOops: No
[1,314s][debug][gc,nmethod  ] Register NMethod: java.lang.ClassLoader.defineClassSourceLocation (0x00007a39d35e3f08) [0x00007a39d35e4000, 0x00007a39d35e4dc8] Compiler: c1, Barriers: 3, Oops: 0, ImmediateOops: 0, NonImmediateOops: No
[1,315s][debug][gc,nmethod  ] Register NMethod: java.lang.ClassLoader.getNamedPackage (0x00007a39d35e4e08) [0x00007a39d35e4f00, 0x00007a39d35e5888] Compiler: c1, Barriers: 2, Oops: 0, ImmediateOops: 0, NonImmediateOops: No
[1,315s][debug][gc,nmethod  ] Register NMethod: java.lang.invoke.MethodHandle.linkToVirtual (0x00007a39f2c25a08) [0x00007a39f2c25b00, 0x00007a39f2c25b28] Compiler: , Barriers: 0, Oops: 0, ImmediateOops: 0, NonImmediateOops: No
[1,315s][debug][gc,nmethod  ] Register NMethod: java.lang.ClassLoader.postDefineClass (0x00007a39d35e5908) [0x00007a39d35e5a00, 0x00007a39d35e6f00] Compiler: c1, Barriers: 6, Oops: 0, ImmediateOops: 0, NonImmediateOops: No
[1,315s][debug][gc,nmethod  ] Register NMethod: java.lang.ClassLoader.checkCerts (0x00007a39d35e6f08) [0x00007a39d35e7000, 0x00007a39d35e95d0] Compiler: c1, Barriers: 2, Oops: 2, ImmediateOops: 5, NonImmediateOops: No
[1,315s][debug][gc,nmethod  ] Register NMethod: java.lang.ClassLoader.preDefineClass (0x00007a39d35e9608) [0x00007a39d35e9700, 0x00007a39d35ec6e0] Compiler: c1, Barriers: 3, Oops: 3, ImmediateOops: 6, NonImmediateOops: No
[1,315s][debug][gc,nmethod  ] Register NMethod: java.net.URLStreamHandler.setURL (0x00007a39d35ec708) [0x00007a39d35ec800, 0x00007a39d35f0bb0] Compiler: c1, Barriers: 5, Oops: 1, ImmediateOops: 2, NonImmediateOops: No
[1,315s][debug][gc,nmethod  ] Register NMethod: java.util.jar.JarFile.getManifest (0x00007a39d35f0c08) [0x00007a39d35f0d00, 0x00007a39d35f0e30] Compiler: c1, Barriers: 0, Oops: 0, ImmediateOops: 0, NonImmediateOops: No
[1,315s][debug][gc,nmethod  ] Register NMethod: jdk.internal.loader.URLClassPath$JarLoader$1.getContentLength (0x00007a39d35f0f08) [0x00007a39d35f1000, 0x00007a39d35f1318] Compiler: c1, Barriers: 1, Oops: 0, ImmediateOops: 0, NonImmediateOops: No
[1,315s][debug][gc,nmethod  ] Register NMethod: java.util.jar.JarFile.ensureInitialization (0x00007a39d35f1388) [0x00007a39d35f1480, 0x00007a39d35f1c70] Compiler: c1, Barriers: 4, Oops: 0, ImmediateOops: 0, NonImmediateOops: No
[1,315s][debug][gc,nmethod  ] Register NMethod: jdk.internal.loader.Resource.getByteBuffer (0x00007a39d35f1c88) [0x00007a39d35f1d80, 0x00007a39d35f2af8] Compiler: c1, Barriers: 8, Oops: 0, ImmediateOops: 0, NonImmediateOops: No
[1,315s][debug][gc,nmethod  ] Register NMethod: java.util.zip.CRC32.<init> (0x00007a39d35f2b08) [0x00007a39d35f2c00, 0x00007a39d35f2d58] Compiler: c1, Barriers: 0, Oops: 0, ImmediateOops: 0, NonImmediateOops: No
[1,315s][debug][gc,nmethod  ] Register NMethod: jdk.internal.loader.URLClassPath$JarLoader$1.getBytes (0x00007a39d35f2e08) [0x00007a39d35f2f00, 0x00007a39d35f37e8] Compiler: c1, Barriers: 4, Oops: 0, ImmediateOops: 1, NonImmediateOops: No
[1,315s][debug][gc,nmethod  ] Register NMethod: java.util.zip.Checksum.update (0x00007a39d35f3808) [0x00007a39d35f3900, 0x00007a39d35f3a88] Compiler: c1, Barriers: 0, Oops: 0, ImmediateOops: 0, NonImmediateOops: No
[1,315s][debug][gc,nmethod  ] Register NMethod: java.util.zip.CRC32.getValue (0x00007a39d35f3b08) [0x00007a39d35f3c00, 0x00007a39d35f3d10] Compiler: c1, Barriers: 0, Oops: 0, ImmediateOops: 0, NonImmediateOops: No
[1,315s][debug][gc,nmethod  ] Register NMethod: jdk.internal.loader.URLClassPath$JarLoader$1.getCodeSigners (0x00007a39d35f3e08) [0x00007a39d35f3f00, 0x00007a39d35f4240] Compiler: c1, Barriers: 1, Oops: 0, ImmediateOops: 0, NonImmediateOops: No
[1,315s][debug][gc,nmethod  ] Register NMethod: java.util.zip.CRC32.update (0x00007a39d35f4288) [0x00007a39d35f4380, 0x00007a39d35f4778] Compiler: c1, Barriers: 0, Oops: 1, ImmediateOops: 1, NonImmediateOops: No
[1,315s][debug][gc,nmethod  ] Register NMethod: java.util.zip.CRC32.updateBytes (0x00007a39d35f4788) [0x00007a39d35f4880, 0x00007a39d35f4c18] Compiler: c1, Barriers: 0, Oops: 1, ImmediateOops: 1, NonImmediateOops: No
[1,316s][debug][gc,nmethod  ] Register NMethod: java.util.zip.CRC32.updateBytesCheck (0x00007a39d35f4c88) [0x00007a39d35f4d80, 0x00007a39d35f50a0] Compiler: c1, Barriers: 0, Oops: 1, ImmediateOops: 1, NonImmediateOops: No
[1,316s][debug][gc,nmethod  ] Register NMethod: java.security.SecureClassLoader.defineClass (0x00007a39d35f5108) [0x00007a39d35f5200, 0x00007a39d35f5568] Compiler: c1, Barriers: 0, Oops: 0, ImmediateOops: 0, NonImmediateOops: No
[1,316s][debug][gc,nmethod  ] Register NMethod: java.security.CodeSource.<init> (0x00007a39d35f5588) [0x00007a39d35f5680, 0x00007a39d35f5dd8] Compiler: c1, Barriers: 18, Oops: 0, ImmediateOops: 0, NonImmediateOops: No
[1,316s][debug][gc,nmethod  ] Register NMethod: java.util.jar.JarFile$JarFileEntry.getCodeSigners (0x00007a39d35f5e08) [0x00007a39d35f5f00, 0x00007a39d35f66a0] Compiler: c1, Barriers: 8, Oops: 0, ImmediateOops: 0, NonImmediateOops: No
[1,316s][debug][gc,nmethod  ] Register NMethod: java.security.SecureClassLoader.getProtectionDomain (0x00007a39d35f6708) [0x00007a39d35f6800, 0x00007a39d35f7178] Compiler: c1, Barriers: 7, Oops: 0, ImmediateOops: 0, NonImmediateOops: No
[1,316s][debug][gc,nmethod  ] Register NMethod: java.security.SecureClassLoader$CodeSourceKey.<init> (0x00007a39d35f7188) [0x00007a39d35f7280, 0x00007a39d35f74b0] Compiler: c1, Barriers: 3, Oops: 0, ImmediateOops: 0, NonImmediateOops: No
[1,316s][debug][gc,nmethod  ] Register NMethod: java.util.jar.JarFile.getManifestFromReference (0x00007a39d35f7508) [0x00007a39d35f7600, 0x00007a39d35f9818] Compiler: c1, Barriers: 23, Oops: 0, ImmediateOops: 4, NonImmediateOops: No
[1,316s][debug][gc,nmethod  ] Register NMethod: java.lang.reflect.Method.getDeclaringClass (0x00007a39f2c25d08) [0x00007a39f2c25e00, 0x00007a39f2c25ee8] Compiler: c1, Barriers: 1, Oops: 0, ImmediateOops: 0, NonImmediateOops: No
[1,316s][debug][gc,nmethod  ] Register NMethod: java.security.SecureClassLoader$CodeSourceKey.hashCode (0x00007a39d35f9888) [0x00007a39d35f9980, 0x00007a39d35f9c18] Compiler: c1, Barriers: 2, Oops: 0, ImmediateOops: 0, NonImmediateOops: No
[1,316s][debug][gc,nmethod  ] Register NMethod: java.security.SecureClassLoader$1.<init> (0x00007a39d35f9c88) [0x00007a39d35f9d80, 0x00007a39d35fa0a8] Compiler: c1, Barriers: 3, Oops: 0, ImmediateOops: 0, NonImmediateOops: No
[1,316s][debug][gc,nmethod  ] Register NMethod: java.lang.invoke.LambdaForm$Name.type (0x00007a39f2c26008) [0x00007a39f2c26100, 0x00007a39f2c261e8] Compiler: c1, Barriers: 1, Oops: 0, ImmediateOops: 0, NonImmediateOops: No
[1,316s][debug][gc,nmethod  ] Register NMethod: java.lang.ClassLoader.defineClass (0x00007a39d35fa108) [0x00007a39d35fa200, 0x00007a39d35fb168] Compiler: c1, Barriers: 3, Oops: 0, ImmediateOops: 0, NonImmediateOops: No
[1,317s][debug][gc,nmethod  ] Register NMethod: java.lang.invoke.MethodHandle.linkToStatic (0x00007a39f2c26308) [0x00007a39f2c26400, 0x00007a39f2c264f0] Compiler: , Barriers: 0, Oops: 0, ImmediateOops: 0, NonImmediateOops: No
[1,317s][debug][gc,nmethod  ] Register NMethod: java.lang.invoke.MethodHandle.invokeBasic (0x00007a39f2c26608) [0x00007a39f2c26700, 0x00007a39f2c26998] Compiler: , Barriers: 0, Oops: 0, ImmediateOops: 0, NonImmediateOops: No
[1,317s][debug][gc,nmethod  ] Register NMethod: java.lang.invoke.MethodHandle.linkToSpecial (0x00007a39f2c26a08) [0x00007a39f2c26b00, 0x00007a39f2c26bf8] Compiler: , Barriers: 0, Oops: 0, ImmediateOops: 0, NonImmediateOops: No
[1,317s][debug][gc,nmethod  ] Register NMethod: jdk.internal.classfile.impl.Util.writeAttribute (0x00007a39d35fb188) [0x00007a39d35fb280, 0x00007a39d35fc040] Compiler: c1, Barriers: 0, Oops: 0, ImmediateOops: 0, NonImmediateOops: No
[1,317s][debug][gc,nmethod  ] Register NMethod: java.lang.invoke.MethodHandle.linkToStatic (0x00007a39f2c26d08) [0x00007a39f2c26e00, 0x00007a39f2c26ef0] Compiler: , Barriers: 0, Oops: 0, ImmediateOops: 0, NonImmediateOops: No
[1,317s][debug][gc,nmethod  ] Register NMethod: java.lang.invoke.MethodHandle.invokeBasic (0x00007a39f2c27008) [0x00007a39f2c27100, 0x00007a39f2c27398] Compiler: , Barriers: 0, Oops: 0, ImmediateOops: 0, NonImmediateOops: No
[1,317s][debug][gc,nmethod  ] Register NMethod: jdk.internal.classfile.impl.BufWriterImpl.skip (0x00007a39d35fc088) [0x00007a39d35fc180, 0x00007a39d35fc578] Compiler: c1, Barriers: 1, Oops: 0, ImmediateOops: 0, NonImmediateOops: No
[1,317s][debug][gc,nmethod  ] Register NMethod: java.lang.invoke.MethodHandle.linkToSpecial (0x00007a39f2c27408) [0x00007a39f2c27500, 0x00007a39f2c275f8] Compiler: , Barriers: 0, Oops: 0, ImmediateOops: 0, NonImmediateOops: No
[1,318s][debug][gc,nmethod  ] Register NMethod: jdk.internal.classfile.impl.AbstractDirectBuilder.writeAttribute (0x00007a39d35fc588) [0x00007a39d35fc680, 0x00007a39d35fc8b8] Compiler: c1, Barriers: 2, Oops: 0, ImmediateOops: 0, NonImmediateOops: No
[1,318s][debug][gc,nmethod  ] Register NMethod: jdk.internal.constant.MethodTypeDescImpl.ofValidated (0x00007a39d35fc908) [0x00007a39d35fca00, 0x00007a39d35fcf48] Compiler: c1, Barriers: 12, Oops: 1, ImmediateOops: 1, NonImmediateOops: No
[1,318s][debug][gc,nmethod  ] Register NMethod: jdk.internal.classfile.impl.Util.isAttributeAllowed (0x00007a39d35fcf88) [0x00007a39d35fd080, 0x00007a39d35fdfc8] Compiler: c1, Barriers: 3, Oops: 0, ImmediateOops: 0, NonImmediateOops: No
[1,318s][debug][gc,nmethod  ] Register NMethod: jdk.internal.constant.MethodTypeDescImpl.<init> (0x00007a39d35fe008) [0x00007a39d35fe100, 0x00007a39d35fe348] Compiler: c1, Barriers: 6, Oops: 0, ImmediateOops: 0, NonImmediateOops: No
[1,318s][debug][gc,nmethod  ] Register NMethod: java.lang.invoke.MethodHandle.invokeBasic (0x00007a39f2c27708) [0x00007a39f2c27800, 0x00007a39f2c27a98] Compiler: , Barriers: 0, Oops: 0, ImmediateOops: 0, NonImmediateOops: No
[1,318s][debug][gc,nmethod  ] Register NMethod: jdk.internal.classfile.impl.BufWriterImpl.patchInt (0x00007a39d35fe388) [0x00007a39d35fe480, 0x00007a39d35fe660] Compiler: c1, Barriers: 1, Oops: 0, ImmediateOops: 0, NonImmediateOops: No
[1,318s][debug][gc,nmethod  ] Register NMethod: java.lang.invoke.MethodHandle.linkToSpecial (0x00007a39f2c27b08) [0x00007a39f2c27c00, 0x00007a39f2c27cf8] Compiler: , Barriers: 0, Oops: 0, ImmediateOops: 0, NonImmediateOops: No
[1,318s][debug][gc,nmethod  ] Register NMethod: jdk.internal.constant.PrimitiveClassDescImpl.descriptorString (0x00007a39f2c27e08) [0x00007a39f2c27f00, 0x00007a39f2c27fe8] Compiler: c1, Barriers: 1, Oops: 0, ImmediateOops: 0, NonImmediateOops: No
[1,318s][debug][gc,nmethod  ] Register NMethod: java.lang.invoke.LambdaForm$NamedFunction.returnType (0x00007a39d35fe688) [0x00007a39d35fe780, 0x00007a39d35ff5f0] Compiler: c1, Barriers: 8, Oops: 0, ImmediateOops: 0, NonImmediateOops: No
[1,318s][debug][gc,nmethod  ] Register NMethod: java.lang.Math.ceil (0x00007a39d35ff608) [0x00007a39d35ff700, 0x00007a39d35ff810] Compiler: c1, Barriers: 0, Oops: 0, ImmediateOops: 0, NonImmediateOops: No
[1,319s][debug][gc,nmethod  ] Register NMethod: java.util.ArrayList.<init> (0x00007a39d35ff908) [0x00007a39d35ffa00, 0x00007a39d3600a18] Compiler: c1, Barriers: 6, Oops: 1, ImmediateOops: 3, NonImmediateOops: No
[1,319s][debug][gc,nmethod  ] Register NMethod: java.lang.StrictMath.ceil (0x00007a39d3600a88) [0x00007a39d3600ba0, 0x00007a39d3600cc8] Compiler: c1, Barriers: 0, Oops: 0, ImmediateOops: 0, NonImmediateOops: No
[1,319s][debug][gc,nmethod  ] Register NMethod: java.lang.invoke.LambdaForm.internArgument (0x00007a39d3600d88) [0x00007a39d3600e80, 0x00007a39d3601430] Compiler: c1, Barriers: 4, Oops: 0, ImmediateOops: 1, NonImmediateOops: No
[1,319s][debug][gc,nmethod  ] Register NMethod: java.lang.Math.getExponent (0x00007a39d3601488) [0x00007a39d3601580, 0x00007a39d36016a0] Compiler: c1, Barriers: 0, Oops: 0, ImmediateOops: 0, NonImmediateOops: No
[1,319s][debug][gc,nmethod  ] Register NMethod: java.lang.StrictMath.floorOrCeil (0x00007a39d3601788) [0x00007a39d3601880, 0x00007a39d3601cb0] Compiler: c1, Barriers: 0, Oops: 0, ImmediateOops: 0, NonImmediateOops: No
[1,319s][debug][gc,nmethod  ] Register NMethod: jdk.internal.classfile.impl.AbstractPoolEntry$FieldRefEntryImpl.tag (0x00007a39f2c28108) [0x00007a39f2c28200, 0x00007a39f2c282c0] Compiler: c1, Barriers: 0, Oops: 0, ImmediateOops: 0, NonImmediateOops: No
[1,319s][debug][gc,nmethod  ] Register NMethod: jdk.internal.classfile.impl.BufWriterImpl.writeInt (0x00007a39d3601d08) [0x00007a39d3601e00, 0x00007a39d36022c8] Compiler: c1, Barriers: 2, Oops: 0, ImmediateOops: 0, NonImmediateOops: No
[1,319s][debug][gc,nmethod  ] Register NMethod: java.lang.invoke.LambdaForm$Name.replaceNames (0x00007a39d3602308) [0x00007a39d3602400, 0x00007a39d3603680] Compiler: c1, Barriers: 10, Oops: 0, ImmediateOops: 0, NonImmediateOops: No
[1,319s][debug][gc,nmethod  ] Register NMethod: sun.invoke.util.VerifyType.isNullConversion (0x00007a39d3603688) [0x00007a39d3603780, 0x00007a39d3607250] Compiler: c1, Barriers: 0, Oops: 0, ImmediateOops: 5, NonImmediateOops: No
[1,319s][debug][gc,nmethod  ] Register NMethod: jdk.internal.classfile.impl.SplitConstantPool.map (0x00007a39f2c28408) [0x00007a39f2c28520, 0x00007a39f2c289b0] Compiler: jvmci, Barriers: 6, Oops: 1, ImmediateOops: 0, NonImmediateOops: No
[1,320s][debug][gc,nmethod  ] Register NMethod: worker.org.gradle.internal.classloader.FilteringClassLoader$TrieSet.contains (0x00007a39d3607288) [0x00007a39d3607380, 0x00007a39d36076c8] Compiler: c1, Barriers: 1, Oops: 1, ImmediateOops: 0, NonImmediateOops: No
[1,320s][debug][gc,nmethod  ] Register NMethod: java.util.jar.JavaUtilJarAccessImpl.getTrustedAttributes (0x00007a39d3607708) [0x00007a39d3607800, 0x00007a39d3607958] Compiler: c1, Barriers: 0, Oops: 0, ImmediateOops: 0, NonImmediateOops: No
[1,320s][debug][gc,nmethod  ] Register NMethod: java.util.jar.Manifest.getAttributes (0x00007a39d3607a08) [0x00007a39d3607b00, 0x00007a39d3608068] Compiler: c1, Barriers: 1, Oops: 0, ImmediateOops: 0, NonImmediateOops: No
[1,320s][debug][gc,nmethod  ] Register NMethod: jdk.internal.perf.PerfCounter.getReadClassBytesTime (0x00007a39d3608088) [0x00007a39d3608180, 0x00007a39d3608268] Compiler: c1, Barriers: 0, Oops: 0, ImmediateOops: 1, NonImmediateOops: No
[1,320s][debug][gc,nmethod  ] Register NMethod: java.util.jar.Manifest.getTrustedAttributes (0x00007a39d3608388) [0x00007a39d3608480, 0x00007a39d3609780] Compiler: c1, Barriers: 2, Oops: 1, ImmediateOops: 2, NonImmediateOops: No
[1,320s][debug][gc,nmethod  ] Register NMethod: java.net.URLClassLoader.getAndVerifyPackage (0x00007a39d3609808) [0x00007a39d3609900, 0x00007a39d360c458] Compiler: c1, Barriers: 4, Oops: 4, ImmediateOops: 6, NonImmediateOops: No
[1,320s][debug][gc,nmethod  ] Register NMethod: java.net.URLClassLoader.findClass (0x00007a39d360c488) [0x00007a39d360c580, 0x00007a39d360f1a0] Compiler: c1, Barriers: 7, Oops: 1, ImmediateOops: 8, NonImmediateOops: No
[1,320s][debug][gc,nmethod  ] Register NMethod: java.lang.reflect.AccessibleObject.<init> (0x00007a39d360f208) [0x00007a39d360f300, 0x00007a39d360f458] Compiler: c1, Barriers: 0, Oops: 0, ImmediateOops: 0, NonImmediateOops: No
[1,321s][debug][gc,nmethod  ] Register NMethod: java.net.URLClassLoader.defineClass (0x00007a39d360f508) [0x00007a39d360f600, 0x00007a39d3613e98] Compiler: c1, Barriers: 19, Oops: 2, ImmediateOops: 8, NonImmediateOops: No
[1,321s][debug][gc,nmethod  ] Register NMethod: java.util.concurrent.ConcurrentHashMap.setTabAt (0x00007a39f2c28a08) [0x00007a39f2c28b00, 0x00007a39f2c28bd0] Compiler: jvmci, Barriers: 3, Oops: 0, ImmediateOops: 0, NonImmediateOops: No
[1,321s][debug][gc,nmethod  ] Register NMethod: java.util.Collections$1.hasNext (0x00007a39f2c28d08) [0x00007a39f2c28e00, 0x00007a39f2c28ec0] Compiler: c1, Barriers: 0, Oops: 0, ImmediateOops: 0, NonImmediateOops: No
[1,321s][debug][gc,nmethod  ] Register NMethod: java.util.HashMap.resize (0x00007a39d3613f08) [0x00007a39d3614020, 0x00007a39d3615d00] Compiler: c1, Barriers: 31, Oops: 0, ImmediateOops: 0, NonImmediateOops: No
[1,322s][debug][gc,nmethod  ] Register NMethod: java.security.SecureClassLoader$CodeSourceKey.equals (0x00007a39d3615d08) [0x00007a39d3615e00, 0x00007a39d3616758] Compiler: c1, Barriers: 6, Oops: 0, ImmediateOops: 0, NonImmediateOops: No
[1,322s][debug][gc,director ] Rule Major: Warmup 10%, Used: 60MB, UsedThreshold: 1228MB
[1,322s][debug][gc,nmethod  ] Register NMethod: java.security.CodeSource.matchCerts (0x00007a39d3616788) [0x00007a39d3616880, 0x00007a39d3617730] Compiler: c1, Barriers: 17, Oops: 0, ImmediateOops: 0, NonImmediateOops: No
[1,323s][debug][gc,nmethod  ] Register NMethod: jdk.internal.loader.URLClassPath$JarLoader.createResource (0x00007a39d3617788) [0x00007a39d3617880, 0x00007a39d36183a0] Compiler: c1, Barriers: 2, Oops: 0, ImmediateOops: 0, NonImmediateOops: No
[1,325s][debug][gc,nmethod  ] Register NMethod: jdk.internal.access.SharedSecrets.getJavaLangAccess (0x00007a39d3618408) [0x00007a39d3618500, 0x00007a39d3618628] Compiler: c1, Barriers: 1, Oops: 0, ImmediateOops: 1, NonImmediateOops: No
[1,326s][debug][gc,nmethod  ] Register NMethod: java.lang.invoke.MemberName$Factory.resolveOrFail (0x00007a39d3618708) [0x00007a39d3618800, 0x00007a39d36197e8] Compiler: c1, Barriers: 1, Oops: 0, ImmediateOops: 0, NonImmediateOops: No
[1,327s][debug][gc,nmethod  ] Register NMethod: java.lang.invoke.MethodType.insertParameterTypes (0x00007a39d3619808) [0x00007a39d3619900, 0x00007a39d361b378] Compiler: c1, Barriers: 6, Oops: 1, ImmediateOops: 3, NonImmediateOops: No
[1,327s][debug][gc,nmethod  ] Register NMethod: java.lang.invoke.MethodType.rtype (0x00007a39f2c29008) [0x00007a39f2c29100, 0x00007a39f2c291e8] Compiler: c1, Barriers: 1, Oops: 0, ImmediateOops: 0, NonImmediateOops: No
[1,327s][debug][gc,nmethod  ] Register NMethod: jdk.internal.classfile.impl.StackMapGenerator$Frame.pushStack (0x00007a39d361b388) [0x00007a39d361b480, 0x00007a39d361bfa0] Compiler: c1, Barriers: 0, Oops: 0, ImmediateOops: 10, NonImmediateOops: No
[1,328s][debug][gc,nmethod  ] Register NMethod: jdk.internal.classfile.impl.DirectCodeBuilder.loadLocal (0x00007a39d361c008) [0x00007a39d361c100, 0x00007a39d361df88] Compiler: c1, Barriers: 5, Oops: 0, ImmediateOops: 2, NonImmediateOops: No
[1,330s][debug][gc,nmethod  ] Register NMethod: java.lang.invoke.VarHandleByteArrayAsShorts$ArrayHandle.index (0x00007a39d361e008) [0x00007a39d361e100, 0x00007a39d361e238] Compiler: c1, Barriers: 0, Oops: 1, ImmediateOops: 1, NonImmediateOops: No
[1,330s][debug][gc,nmethod  ] Register NMethod: java.io.BufferedInputStream.getBufIfOpen (0x00007a39d361e308) [0x00007a39d361e400, 0x00007a39d361e818] Compiler: c1, Barriers: 7, Oops: 0, ImmediateOops: 3, NonImmediateOops: No
[1,330s][debug][gc,nmethod  ] Register NMethod: java.io.BufferedInputStream.ensureOpen (0x00007a39d361e888) [0x00007a39d361e980, 0x00007a39d361ebc0] Compiler: c1, Barriers: 1, Oops: 0, ImmediateOops: 1, NonImmediateOops: No
[1,330s][debug][gc,nmethod  ] Register NMethod: java.io.DataInputStream.readFully (0x00007a39d361ec08) [0x00007a39d361ed00, 0x00007a39d361f3b0] Compiler: c1, Barriers: 1, Oops: 0, ImmediateOops: 0, NonImmediateOops: No
[1,330s][debug][gc,nmethod  ] Register NMethod: java.io.DataInputStream.readUTF (0x00007a39d361f408) [0x00007a39d361f500, 0x00007a39d361f630] Compiler: c1, Barriers: 0, Oops: 0, ImmediateOops: 0, NonImmediateOops: No
[1,330s][debug][gc,nmethod  ] Register NMethod: java.lang.invoke.VarHandleByteArrayAsShorts$ArrayHandle.get (0x00007a39d361f708) [0x00007a39d361f800, 0x00007a39d361ffb0] Compiler: c1, Barriers: 0, Oops: 2, ImmediateOops: 2, NonImmediateOops: No
[1,330s][debug][gc,nmethod  ] Register NMethod: java.lang.Short.toUnsignedInt (0x00007a39f2c29308) [0x00007a39f2c29400, 0x00007a39f2c29468] Compiler: jvmci, Barriers: 0, Oops: 0, ImmediateOops: 0, NonImmediateOops: No
[1,330s][debug][gc,nmethod  ] Register NMethod: java.io.BufferedInputStream.read1 (0x00007a39d3620008) [0x00007a39d3620100, 0x00007a39d36209d0] Compiler: c1, Barriers: 1, Oops: 0, ImmediateOops: 1, NonImmediateOops: No
[1,330s][debug][gc,nmethod  ] Register NMethod: java.io.BufferedInputStream.read (0x00007a39d3620a08) [0x00007a39d3620b00, 0x00007a39d3621638] Compiler: c1, Barriers: 2, Oops: 0, ImmediateOops: 1, NonImmediateOops: No
[1,330s][debug][gc,nmethod  ] Register NMethod: java.io.DataInputStream.readUnsignedShort (0x00007a39d3621688) [0x00007a39d3621780, 0x00007a39d36223d8] Compiler: c1, Barriers: 2, Oops: 5, ImmediateOops: 4, NonImmediateOops: No
[1,330s][debug][gc,nmethod  ] Register NMethod: java.lang.System$1.uncheckedNewStringNoRepl (0x00007a39d3622408) [0x00007a39d3622500, 0x00007a39d3622638] Compiler: c1, Barriers: 0, Oops: 0, ImmediateOops: 0, NonImmediateOops: No
[1,330s][debug][gc,nmethod  ] Register NMethod: java.lang.String.newStringNoRepl (0x00007a39d3622708) [0x00007a39d3622800, 0x00007a39d3623480] Compiler: c1, Barriers: 1, Oops: 0, ImmediateOops: 0, NonImmediateOops: No
[1,330s][debug][gc,nmethod  ] Register NMethod: jdk.internal.util.ByteArray.getUnsignedShort (0x00007a39d3623488) [0x00007a39d3623580, 0x00007a39d3623ef0] Compiler: c1, Barriers: 0, Oops: 5, ImmediateOops: 4, NonImmediateOops: No
[1,330s][debug][gc,nmethod  ] Register NMethod: java.lang.System$1.uncheckedCountPositives (0x00007a39f2c29608) [0x00007a39f2c29700, 0x00007a39f2c29808] Compiler: jvmci, Barriers: 0, Oops: 0, ImmediateOops: 0, NonImmediateOops: No
[1,331s][debug][gc,nmethod  ] Register NMethod: java.io.DataInputStream.readFully (0x00007a39d3623f88) [0x00007a39d3624080, 0x00007a39d3624388] Compiler: c1, Barriers: 0, Oops: 0, ImmediateOops: 0, NonImmediateOops: No
[1,331s][debug][gc,nmethod  ] Register NMethod: java.lang.String.newStringNoRepl1 (0x00007a39d3624408) [0x00007a39d3624500, 0x00007a39d3625f90] Compiler: c1, Barriers: 12, Oops: 0, ImmediateOops: 4, NonImmediateOops: No
[1,331s][debug][gc,nmethod  ] Register NMethod: jdk.internal.util.ByteArray.getShort (0x00007a39d3626008) [0x00007a39d3626100, 0x00007a39d3626a10] Compiler: c1, Barriers: 0, Oops: 5, ImmediateOops: 4, NonImmediateOops: No
[1,331s][debug][gc,nmethod  ] Register NMethod: java.io.DataInputStream.readShort (0x00007a39d3626a88) [0x00007a39d3626b80, 0x00007a39d3627780] Compiler: c1, Barriers: 2, Oops: 5, ImmediateOops: 4, NonImmediateOops: No
[1,331s][debug][gc,nmethod  ] Register NMethod: java.io.DataInputStream.readUTF (0x00007a39d3627808) [0x00007a39d3627900, 0x00007a39d362bd10] Compiler: c1, Barriers: 9, Oops: 2, ImmediateOops: 13, NonImmediateOops: No
[1,331s][debug][gc,nmethod  ] Register NMethod: java.io.ByteArrayInputStream.read (0x00007a39d362bd88) [0x00007a39d362be80, 0x00007a39d362c188] Compiler: c1, Barriers: 1, Oops: 0, ImmediateOops: 0, NonImmediateOops: No
[1,331s][debug][gc,nmethod  ] Register NMethod: java.io.DataInputStream.readUnsignedByte (0x00007a39d362c208) [0x00007a39d362c300, 0x00007a39d362c740] Compiler: c1, Barriers: 1, Oops: 0, ImmediateOops: 0, NonImmediateOops: No
[1,331s][debug][gc,nmethod  ] Register NMethod: java.io.DataInputStream.readByte (0x00007a39d362c788) [0x00007a39d362c880, 0x00007a39d362ced8] Compiler: c1, Barriers: 1, Oops: 0, ImmediateOops: 0, NonImmediateOops: No
[1,331s][debug][gc,nmethod  ] Register NMethod: sun.util.calendar.ZoneInfoFile.indexOf (0x00007a39d362cf08) [0x00007a39d362d000, 0x00007a39d362d228] Compiler: c1, Barriers: 0, Oops: 0, ImmediateOops: 0, NonImmediateOops: No
[1,332s][debug][gc,nmethod  ] Register NMethod: java.util.zip.Checksum.update (0x00007a39d362d288) [0x00007a39d362d380, 0x00007a39d362d6b8] Compiler: c1, Barriers: 0, Oops: 0, ImmediateOops: 0, NonImmediateOops: No
[1,332s][debug][gc,nmethod  ] Register NMethod: sun.util.calendar.ZoneInfoFile.addTrans (0x00007a39d362d708) [0x00007a39d362d800, 0x00007a39d362dcf0] Compiler: c1, Barriers: 0, Oops: 0, ImmediateOops: 0, NonImmediateOops: No
[1,332s][debug][gc,nmethod  ] Register NMethod: sun.util.calendar.ZoneInfoFile$Checksum.update (0x00007a39d362dd08) [0x00007a39d362de00, 0x00007a39d362e3c8] Compiler: c1, Barriers: 0, Oops: 0, ImmediateOops: 0, NonImmediateOops: No
[1,332s][debug][gc,nmethod  ] Register NMethod: sun.util.calendar.ZoneInfoFile$Checksum.update (0x00007a39d362e408) [0x00007a39d362e500, 0x00007a39d362eb20] Compiler: c1, Barriers: 0, Oops: 0, ImmediateOops: 0, NonImmediateOops: No
[1,332s][debug][gc,director ] Rule Major: Warmup 10%, Used: 62MB, UsedThreshold: 1228MB
[1,333s][debug][gc,nmethod  ] Register NMethod: sun.util.locale.LocaleUtils.isUpper (0x00007a39d362eb88) [0x00007a39d362ec80, 0x00007a39d362edd8] Compiler: c1, Barriers: 0, Oops: 0, ImmediateOops: 0, NonImmediateOops: No
[1,333s][debug][gc,nmethod  ] Register NMethod: jdk.internal.util.ReferencedKeyMap.internKey (0x00007a39d3574588) [0x00007a39d3574680, 0x00007a39d3575e28] Compiler: c1, Barriers: 5, Oops: 0, ImmediateOops: 0, NonImmediateOops: No
[1,333s][debug][gc,nmethod  ] Register NMethod: jdk.internal.util.ReferencedKeyMap.entryKey (0x00007a39d3564088) [0x00007a39d3564180, 0x00007a39d3564998] Compiler: c1, Barriers: 8, Oops: 0, ImmediateOops: 1, NonImmediateOops: No
[1,333s][debug][gc,nmethod  ] Register NMethod: jdk.internal.util.ReferencedKeySet.intern (0x00007a39d362ee88) [0x00007a39d362ef80, 0x00007a39d362f1b8] Compiler: c1, Barriers: 1, Oops: 0, ImmediateOops: 0, NonImmediateOops: No
[1,334s][debug][gc,nmethod  ] Register NMethod: jdk.internal.util.ReferencedKeyMap.intern (0x00007a39d362f208) [0x00007a39d362f300, 0x00007a39d3630ba0] Compiler: c1, Barriers: 9, Oops: 1, ImmediateOops: 0, NonImmediateOops: No
[1,334s][debug][gc,nmethod  ] Register NMethod: java.lang.invoke.MethodHandle.linkToStatic (0x00007a39f2c29908) [0x00007a39f2c29a00, 0x00007a39f2c29af0] Compiler: , Barriers: 0, Oops: 0, ImmediateOops: 0, NonImmediateOops: No
[1,335s][debug][gc,nmethod  ] Register NMethod: java.lang.invoke.MethodHandle.linkToSpecial (0x00007a39f2c29c08) [0x00007a39f2c29d00, 0x00007a39f2c29df8] Compiler: , Barriers: 0, Oops: 0, ImmediateOops: 0, NonImmediateOops: No
[1,335s][debug][gc,nmethod  ] Register NMethod: java.lang.invoke.MethodHandle.invokeBasic (0x00007a39f2c29f08) [0x00007a39f2c2a000, 0x00007a39f2c2a298] Compiler: , Barriers: 0, Oops: 0, ImmediateOops: 0, NonImmediateOops: No
[1,335s][debug][gc,nmethod  ] Register NMethod: java.lang.invoke.MethodHandle.linkToSpecial (0x00007a39f2c2a308) [0x00007a39f2c2a400, 0x00007a39f2c2a4f8] Compiler: , Barriers: 0, Oops: 0, ImmediateOops: 0, NonImmediateOops: No
[1,335s][debug][gc,nmethod  ] Register NMethod: java.lang.invoke.LambdaForm.parameter (0x00007a39d3630c08) [0x00007a39d3630d00, 0x00007a39d3630e98] Compiler: c1, Barriers: 2, Oops: 0, ImmediateOops: 0, NonImmediateOops: No
[1,335s][debug][gc,nmethod  ] Register NMethod: java.lang.invoke.MemberName.<init> (0x00007a39d3630f08) [0x00007a39d3631000, 0x00007a39d3631680] Compiler: c1, Barriers: 0, Oops: 0, ImmediateOops: 1, NonImmediateOops: No
[1,335s][debug][gc,nmethod  ] Register NMethod: java.util.regex.Pattern.lambda$Single$0 (0x00007a39d3631688) [0x00007a39d3631780, 0x00007a39d36318b0] Compiler: c1, Barriers: 0, Oops: 0, ImmediateOops: 0, NonImmediateOops: No
[1,335s][debug][gc,nmethod  ] Register NMethod: java.util.regex.Pattern$$Lambda/0x00000000ba0b27a0.is (0x00007a39d3631988) [0x00007a39d3631a80, 0x00007a39d3631c30] Compiler: c1, Barriers: 0, Oops: 0, ImmediateOops: 0, NonImmediateOops: No
[1,335s][debug][gc,nmethod  ] Register NMethod: java.util.regex.Matcher.hasMatch (0x00007a39d3631c88) [0x00007a39d3631d80, 0x00007a39d3631ed0] Compiler: c1, Barriers: 0, Oops: 0, ImmediateOops: 0, NonImmediateOops: No
[1,335s][debug][gc,nmethod  ] Register NMethod: java.util.regex.Matcher.checkMatch (0x00007a39d3631f88) [0x00007a39d3632080, 0x00007a39d36324f0] Compiler: c1, Barriers: 0, Oops: 0, ImmediateOops: 1, NonImmediateOops: No
[1,336s][debug][gc,nmethod  ] Register NMethod: java.util.regex.Pattern$BmpCharPropertyGreedy.match (0x00007a39d3632508) [0x00007a39d3632600, 0x00007a39d3632f80] Compiler: c1, Barriers: 2, Oops: 0, ImmediateOops: 0, NonImmediateOops: No
[1,336s][debug][gc,nmethod  ] Register NMethod: java.util.regex.Matcher.start (0x00007a39d3632f88) [0x00007a39d3633080, 0x00007a39d3633558] Compiler: c1, Barriers: 0, Oops: 0, ImmediateOops: 1, NonImmediateOops: No
[1,336s][debug][gc,nmethod  ] Register NMethod: java.util.regex.Matcher.end (0x00007a39d3633588) [0x00007a39d3633680, 0x00007a39d3633b58] Compiler: c1, Barriers: 0, Oops: 0, ImmediateOops: 1, NonImmediateOops: No
[1,336s][debug][gc,nmethod  ] Register NMethod: java.lang.String.subSequence (0x00007a39d3633b88) [0x00007a39d3633c80, 0x00007a39d3633f78] Compiler: c1, Barriers: 0, Oops: 0, ImmediateOops: 0, NonImmediateOops: No
[1,336s][debug][gc,nmethod  ] Register NMethod: java.util.regex.Matcher.find (0x00007a39d3633f88) [0x00007a39d3634080, 0x00007a39d3634518] Compiler: c1, Barriers: 1, Oops: 0, ImmediateOops: 0, NonImmediateOops: No
[1,336s][debug][gc,nmethod  ] Register NMethod: java.util.regex.Pattern$LastNode.match (0x00007a39d3634588) [0x00007a39d3634680, 0x00007a39d3634890] Compiler: c1, Barriers: 1, Oops: 0, ImmediateOops: 0, NonImmediateOops: No
[1,336s][debug][gc,nmethod  ] Register NMethod: java.util.regex.Pattern$Start.match (0x00007a39d3634908) [0x00007a39d3634a00, 0x00007a39d3634f60] Compiler: c1, Barriers: 2, Oops: 0, ImmediateOops: 0, NonImmediateOops: No
[1,336s][debug][gc,nmethod  ] Register NMethod: java.util.regex.Matcher.search (0x00007a39d3634f88) [0x00007a39d3635080, 0x00007a39d3635950] Compiler: c1, Barriers: 6, Oops: 0, ImmediateOops: 0, NonImmediateOops: No
[1,336s][debug][gc,nmethod  ] Register NMethod: java.lang.String.toString (0x00007a39f2c2a608) [0x00007a39f2c2a700, 0x00007a39f2c2a788] Compiler: jvmci, Barriers: 0, Oops: 0, ImmediateOops: 0, NonImmediateOops: No
[1,338s][debug][gc,nmethod  ] Register NMethod: jdk.internal.classfile.impl.UnboundAttribute.<init> (0x00007a39d3635988) [0x00007a39d3635a80, 0x00007a39d3635cb0] Compiler: c1, Barriers: 3, Oops: 0, ImmediateOops: 0, NonImmediateOops: No
[1,339s][debug][gc,nmethod  ] Register NMethod: java.lang.invoke.MemberName.getType (0x00007a39d3635d08) [0x00007a39d3635e00, 0x00007a39d3636608] Compiler: c1, Barriers: 0, Oops: 0, ImmediateOops: 0, NonImmediateOops: No
[1,339s][debug][gc,nmethod  ] Register NMethod: sun.util.locale.StringTokenIterator.isDone (0x00007a39f2c2a908) [0x00007a39f2c2aa00, 0x00007a39f2c2aac0] Compiler: c1, Barriers: 0, Oops: 0, ImmediateOops: 0, NonImmediateOops: No
[1,340s][debug][gc,nmethod  ] Register NMethod: sun.util.locale.LocaleUtils.toLower (0x00007a39d3636688) [0x00007a39d3636780, 0x00007a39d3636980] Compiler: c1, Barriers: 0, Oops: 0, ImmediateOops: 0, NonImmediateOops: No
[1,340s][debug][gc,nmethod  ] Register NMethod: java.util.Collections$EmptyList.isEmpty (0x00007a39f2c2ac08) [0x00007a39f2c2ad00, 0x00007a39f2c2adc0] Compiler: c1, Barriers: 0, Oops: 0, ImmediateOops: 0, NonImmediateOops: No
[1,340s][debug][gc,nmethod  ] Register NMethod: java.text.ParsePosition.getErrorIndex (0x00007a39f2c2af08) [0x00007a39f2c2b000, 0x00007a39f2c2b0c0] Compiler: c1, Barriers: 0, Oops: 0, ImmediateOops: 0, NonImmediateOops: No
[1,340s][debug][gc,nmethod  ] Register NMethod: sun.util.locale.StringTokenIterator.current (0x00007a39f2c2b208) [0x00007a39f2c2b300, 0x00007a39f2c2b3e8] Compiler: c1, Barriers: 1, Oops: 0, ImmediateOops: 0, NonImmediateOops: No
[1,340s][debug][gc,nmethod  ] Register NMethod: sun.util.locale.LocaleUtils.isAlpha (0x00007a39d3636988) [0x00007a39d3636a80, 0x00007a39d3636c30] Compiler: c1, Barriers: 0, Oops: 0, ImmediateOops: 0, NonImmediateOops: No
[1,340s][debug][gc,nmethod  ] Register NMethod: jdk.internal.util.SoftReferenceKey.hashCode (0x00007a39f2c2b508) [0x00007a39f2c2b600, 0x00007a39f2c2b6c0] Compiler: c1, Barriers: 0, Oops: 0, ImmediateOops: 0, NonImmediateOops: No
[1,340s][debug][gc,nmethod  ] Register NMethod: java.util.stream.ReferencePipeline$3$1.accept (0x00007a39d3636c88) [0x00007a39d3636d80, 0x00007a39d3637308] Compiler: c1, Barriers: 2, Oops: 0, ImmediateOops: 0, NonImmediateOops: No
[1,340s][debug][gc,nmethod  ] Register NMethod: sun.util.locale.StringTokenIterator.currentEnd (0x00007a39f2c2b808) [0x00007a39f2c2b900, 0x00007a39f2c2b9c0] Compiler: c1, Barriers: 0, Oops: 0, ImmediateOops: 0, NonImmediateOops: No
[1,340s][debug][gc,nmethod  ] Register NMethod: java.text.ParsePosition.setIndex (0x00007a39f2c2bb08) [0x00007a39f2c2bc00, 0x00007a39f2c2bcc0] Compiler: c1, Barriers: 0, Oops: 0, ImmediateOops: 0, NonImmediateOops: No
[1,341s][debug][gc,nmethod  ] Register NMethod: sun.util.locale.BaseLocale.hashCode (0x00007a39d3637388) [0x00007a39d3637480, 0x00007a39d363b308] Compiler: c1, Barriers: 20, Oops: 1, ImmediateOops: 8, NonImmediateOops: No
[1,341s][debug][gc,nmethod  ] Register NMethod: java.util.regex.Pattern$BmpCharPropertyGreedy.match (0x00007a39f2c2be08) [0x00007a39f2c2bf00, 0x00007a39f2c2c2d0] Compiler: jvmci, Barriers: 4, Oops: 0, ImmediateOops: 0, NonImmediateOops: No
[1,341s][debug][gc,nmethod  ] Register NMethod: java.lang.ref.SoftReference.<init> (0x00007a39d363b388) [0x00007a39d363b480, 0x00007a39d363b788] Compiler: c1, Barriers: 6, Oops: 0, ImmediateOops: 2, NonImmediateOops: No
[1,341s][debug][gc,nmethod  ] Register NMethod: sun.util.locale.LocaleUtils.toLowerString (0x00007a39d363b808) [0x00007a39d363b900, 0x00007a39d363d4a0] Compiler: c1, Barriers: 5, Oops: 1, ImmediateOops: 4, NonImmediateOops: No
[1,342s][debug][gc,nmethod  ] Register NMethod: java.util.ImmutableCollections$SetN.probe (0x00007a39f2c2c308) [0x00007a39f2c2c400, 0x00007a39f2c2cb50] Compiler: jvmci, Barriers: 7, Oops: 0, ImmediateOops: 0, NonImmediateOops: No
[1,342s][debug][gc,nmethod  ] Register NMethod: sun.util.locale.BaseLocale.getVariant (0x00007a39f2c2cb88) [0x00007a39f2c2cc80, 0x00007a39f2c2cd68] Compiler: c1, Barriers: 1, Oops: 0, ImmediateOops: 0, NonImmediateOops: No
[1,342s][debug][gc,nmethod  ] Register NMethod: sun.util.locale.LanguageTag.extlangs (0x00007a39f2c2ce88) [0x00007a39f2c2cf80, 0x00007a39f2c2d068] Compiler: c1, Barriers: 1, Oops: 0, ImmediateOops: 0, NonImmediateOops: No
[1,342s][debug][gc,nmethod  ] Register NMethod: sun.util.locale.LanguageTag.script (0x00007a39f2c2d188) [0x00007a39f2c2d280, 0x00007a39f2c2d368] Compiler: c1, Barriers: 1, Oops: 0, ImmediateOops: 0, NonImmediateOops: No
[1,342s][debug][gc,nmethod  ] Register NMethod: sun.util.locale.LanguageTag.region (0x00007a39f2c2d488) [0x00007a39f2c2d580, 0x00007a39f2c2d668] Compiler: c1, Barriers: 1, Oops: 0, ImmediateOops: 0, NonImmediateOops: No
[1,342s][debug][gc,nmethod  ] Register NMethod: sun.util.locale.LanguageTag.language (0x00007a39f2c2d788) [0x00007a39f2c2d880, 0x00007a39f2c2d968] Compiler: c1, Barriers: 1, Oops: 0, ImmediateOops: 0, NonImmediateOops: No
[1,342s][debug][gc,nmethod  ] Register NMethod: sun.util.locale.LanguageTag.variants (0x00007a39f2c2da88) [0x00007a39f2c2db80, 0x00007a39f2c2dc68] Compiler: c1, Barriers: 1, Oops: 0, ImmediateOops: 0, NonImmediateOops: No
[1,342s][debug][gc,nmethod  ] Register NMethod: sun.util.locale.LanguageTag.extensions (0x00007a39f2c2dd88) [0x00007a39f2c2de80, 0x00007a39f2c2df68] Compiler: c1, Barriers: 1, Oops: 0, ImmediateOops: 0, NonImmediateOops: No
[1,342s][debug][gc,nmethod  ] Register NMethod: java.util.Objects.requireNonNull (0x00007a39f2c2e088) [0x00007a39f2c2e180, 0x00007a39f2c2e218] Compiler: jvmci, Barriers: 0, Oops: 0, ImmediateOops: 0, NonImmediateOops: No
[1,342s][debug][gc,nmethod  ] Register NMethod: sun.util.locale.LocaleUtils.isEmpty (0x00007a39d363d508) [0x00007a39d363d600, 0x00007a39d363d960] Compiler: c1, Barriers: 0, Oops: 0, ImmediateOops: 0, NonImmediateOops: No
[1,342s][debug][gc,nmethod  ] Register NMethod: jdk.internal.util.SoftReferenceKey.<init> (0x00007a39d363d988) [0x00007a39d363da80, 0x00007a39d363e098] Compiler: c1, Barriers: 6, Oops: 0, ImmediateOops: 2, NonImmediateOops: No
[1,342s][debug][gc,nmethod  ] Register NMethod: sun.util.locale.InternalLocaleBuilder.clearExtensions (0x00007a39d363e108) [0x00007a39d363e200, 0x00007a39d363ea58] Compiler: c1, Barriers: 3, Oops: 0, ImmediateOops: 0, NonImmediateOops: No
[1,342s][debug][gc,nmethod  ] Register NMethod: java.lang.String.isEmpty (0x00007a39f2c2e388) [0x00007a39f2c2e480, 0x00007a39f2c2e568] Compiler: jvmci, Barriers: 1, Oops: 0, ImmediateOops: 0, NonImmediateOops: No
[1,342s][debug][gc,director ] Rule Major: Warmup 10%, Used: 62MB, UsedThreshold: 1228MB
[1,342s][debug][gc,nmethod  ] Register NMethod: sun.util.locale.LanguageTag.privateuse (0x00007a39f2c2e688) [0x00007a39f2c2e780, 0x00007a39f2c2e868] Compiler: c1, Barriers: 1, Oops: 0, ImmediateOops: 0, NonImmediateOops: No
[1,342s][debug][gc,nmethod  ] Register NMethod: sun.util.locale.LocaleUtils.isAlphaString (0x00007a39d363ea88) [0x00007a39d363eb80, 0x00007a39d363fb68] Compiler: c1, Barriers: 3, Oops: 1, ImmediateOops: 2, NonImmediateOops: No
[1,342s][debug][gc,nmethod  ] Register NMethod: sun.util.locale.LocaleUtils.isLower (0x00007a39d363fb88) [0x00007a39d363fc80, 0x00007a39d363fdd8] Compiler: c1, Barriers: 0, Oops: 0, ImmediateOops: 0, NonImmediateOops: No
[1,342s][debug][gc,nmethod  ] Register NMethod: sun.util.locale.StringTokenIterator.hasNext (0x00007a39d363fe88) [0x00007a39d363ff80, 0x00007a39d36405a8] Compiler: c1, Barriers: 2, Oops: 0, ImmediateOops: 0, NonImmediateOops: No
[1,342s][debug][gc,nmethod  ] Register NMethod: sun.util.locale.StringTokenIterator.next (0x00007a39d3640608) [0x00007a39d3640700, 0x00007a39d3641188] Compiler: c1, Barriers: 10, Oops: 0, ImmediateOops: 0, NonImmediateOops: No
[1,343s][debug][gc,nmethod  ] Register NMethod: sun.util.locale.BaseLocale.getInstance (0x00007a39d3641208) [0x00007a39d3641300, 0x00007a39d36434d0] Compiler: c1, Barriers: 19, Oops: 2, ImmediateOops: 6, NonImmediateOops: No
[1,343s][debug][gc,nmethod  ] Register NMethod: java.util.stream.Nodes$SpinedNodeBuilder.accept (0x00007a39d3643508) [0x00007a39d3643600, 0x00007a39d3643740] Compiler: c1, Barriers: 0, Oops: 0, ImmediateOops: 0, NonImmediateOops: No
[1,343s][debug][gc,nmethod  ] Register NMethod: sun.util.locale.StringTokenIterator.nextDelimiter (0x00007a39d3643808) [0x00007a39d3643900, 0x00007a39d3646058] Compiler: c1, Barriers: 13, Oops: 1, ImmediateOops: 6, NonImmediateOops: No
[1,343s][debug][gc,nmethod  ] Register NMethod: java.util.stream.SpinedBuffer.accept (0x00007a39d3646088) [0x00007a39d3646180, 0x00007a39d3646f70] Compiler: c1, Barriers: 22, Oops: 0, ImmediateOops: 0, NonImmediateOops: No
[1,343s][debug][gc,nmethod  ] Register NMethod: java.util.Locale.<init> (0x00007a39d3646f88) [0x00007a39d3647080, 0x00007a39d36472c8] Compiler: c1, Barriers: 6, Oops: 0, ImmediateOops: 0, NonImmediateOops: No
[1,343s][debug][gc,nmethod  ] Register NMethod: java.util.Locale.hashCode (0x00007a39d3647308) [0x00007a39d3647400, 0x00007a39d3647818] Compiler: c1, Barriers: 2, Oops: 0, ImmediateOops: 0, NonImmediateOops: No
[1,343s][debug][gc,nmethod  ] Register NMethod: java.lang.String.<init> (0x00007a39d3647888) [0x00007a39d3647980, 0x00007a39d3647f58] Compiler: c1, Barriers: 6, Oops: 0, ImmediateOops: 1, NonImmediateOops: No
[1,343s][debug][gc,nmethod  ] Register NMethod: sun.util.locale.InternalLocaleBuilder.<init> (0x00007a39d3647f88) [0x00007a39d3648080, 0x00007a39d36483e8] Compiler: c1, Barriers: 12, Oops: 0, ImmediateOops: 5, NonImmediateOops: No
[1,343s][debug][gc,nmethod  ] Register NMethod: java.util.Locale.getInstance (0x00007a39d3648408) [0x00007a39d3648500, 0x00007a39d3649670] Compiler: c1, Barriers: 1, Oops: 1, ImmediateOops: 5, NonImmediateOops: No
[1,344s][debug][gc,nmethod  ] Register NMethod: java.text.ParsePosition.<init> (0x00007a39d3649688) [0x00007a39d3649780, 0x00007a39d36498e8] Compiler: c1, Barriers: 0, Oops: 0, ImmediateOops: 0, NonImmediateOops: No
[1,344s][debug][gc,nmethod  ] Register NMethod: sun.util.locale.StringTokenIterator.setStart (0x00007a39d3649988) [0x00007a39d3649a80, 0x00007a39d364a440] Compiler: c1, Barriers: 6, Oops: 0, ImmediateOops: 0, NonImmediateOops: No
[1,344s][debug][gc,nmethod  ] Register NMethod: java.util.Locale.forLanguageTag (0x00007a39d364a488) [0x00007a39d364a580, 0x00007a39d364be28] Compiler: c1, Barriers: 17, Oops: 0, ImmediateOops: 5, NonImmediateOops: No
[1,344s][debug][gc,nmethod  ] Register NMethod: sun.util.locale.StringTokenIterator.<init> (0x00007a39d364be88) [0x00007a39d364bf80, 0x00007a39d364cf58] Compiler: c1, Barriers: 10, Oops: 1, ImmediateOops: 2, NonImmediateOops: No
[1,344s][debug][gc,nmethod  ] Register NMethod: sun.util.locale.LanguageTag.parseVariants (0x00007a39d364cf88) [0x00007a39d364d080, 0x00007a39d364d818] Compiler: c1, Barriers: 1, Oops: 0, ImmediateOops: 2, NonImmediateOops: No
[1,344s][debug][gc,nmethod  ] Register NMethod: sun.util.locale.LanguageTag.parseLanguage (0x00007a39d364d888) [0x00007a39d364d980, 0x00007a39d364e248] Compiler: c1, Barriers: 2, Oops: 0, ImmediateOops: 2, NonImmediateOops: No
[1,344s][debug][gc,nmethod  ] Register NMethod: sun.util.locale.LanguageTag.parse (0x00007a39d364e288) [0x00007a39d364e380, 0x00007a39d3650708] Compiler: c1, Barriers: 5, Oops: 3, ImmediateOops: 11, NonImmediateOops: No
[1,344s][debug][gc,nmethod  ] Register NMethod: java.lang.ref.ReferenceQueue.poll (0x00007a39f2c2e988) [0x00007a39f2c2ea80, 0x00007a39f2c2eb68] Compiler: jvmci, Barriers: 1, Oops: 0, ImmediateOops: 0, NonImmediateOops: No
[1,344s][debug][gc,nmethod  ] Register NMethod: sun.util.locale.LocaleUtils.toUpperString (0x00007a39d3650788) [0x00007a39d3650880, 0x00007a39d3652420] Compiler: c1, Barriers: 5, Oops: 1, ImmediateOops: 4, NonImmediateOops: No
[1,345s][debug][gc,nmethod  ] Register NMethod: sun.util.locale.LanguageTag.parseScript (0x00007a39d3652488) [0x00007a39d3652580, 0x00007a39d3652e10] Compiler: c1, Barriers: 2, Oops: 0, ImmediateOops: 2, NonImmediateOops: No
[1,345s][debug][gc,nmethod  ] Register NMethod: sun.util.locale.LanguageTag.parseExtlangs (0x00007a39d3652e88) [0x00007a39d3652f80, 0x00007a39d3653ec8] Compiler: c1, Barriers: 2, Oops: 0, ImmediateOops: 2, NonImmediateOops: No
[1,345s][debug][gc,nmethod  ] Register NMethod: sun.util.locale.LanguageTag.isLanguage (0x00007a39d3653f08) [0x00007a39d3654000, 0x00007a39d3655518] Compiler: c1, Barriers: 3, Oops: 1, ImmediateOops: 2, NonImmediateOops: No
[1,345s][debug][gc,nmethod  ] Register NMethod: sun.util.locale.LanguageTag.parseRegion (0x00007a39d3655588) [0x00007a39d3655680, 0x00007a39d3655990] Compiler: c1, Barriers: 1, Oops: 0, ImmediateOops: 2, NonImmediateOops: No
[1,345s][debug][gc,nmethod  ] Register NMethod: sun.util.locale.LanguageTag.<init> (0x00007a39d3655a08) [0x00007a39d3655b00, 0x00007a39d3656000] Compiler: c1, Barriers: 21, Oops: 0, ImmediateOops: 0, NonImmediateOops: No
[1,345s][debug][gc,nmethod  ] Register NMethod: sun.util.locale.InternalLocaleBuilder.clear (0x00007a39d3656008) [0x00007a39d3656100, 0x00007a39d3656608] Compiler: c1, Barriers: 12, Oops: 0, ImmediateOops: 5, NonImmediateOops: No
[1,345s][debug][gc,nmethod  ] Register NMethod: sun.util.locale.LocaleUtils.toTitleString (0x00007a39d3656688) [0x00007a39d3656780, 0x00007a39d3658e58] Compiler: c1, Barriers: 5, Oops: 1, ImmediateOops: 6, NonImmediateOops: No
[1,345s][debug][gc,nmethod  ] Register NMethod: sun.util.locale.LocaleUtils.isEmpty (0x00007a39d3658e88) [0x00007a39d3658f80, 0x00007a39d36592e0] Compiler: c1, Barriers: 0, Oops: 0, ImmediateOops: 0, NonImmediateOops: No
[1,345s][debug][gc,nmethod  ] Register NMethod: sun.util.locale.InternalLocaleBuilder.setLanguageTag (0x00007a39d3659308) [0x00007a39d3659400, 0x00007a39d365cec0] Compiler: c1, Barriers: 35, Oops: 1, ImmediateOops: 8, NonImmediateOops: No
[1,345s][debug][gc,nmethod  ] Register NMethod: sun.util.locale.LocaleUtils.isUpper (0x00007a39f2c2ec88) [0x00007a39f2c2ed80, 0x00007a39f2c2edf8] Compiler: jvmci, Barriers: 0, Oops: 0, ImmediateOops: 0, NonImmediateOops: No
[1,345s][debug][gc,nmethod  ] Register NMethod: sun.util.locale.LanguageTag.parseExtensions (0x00007a39d365cf08) [0x00007a39d365d000, 0x00007a39d365f818] Compiler: c1, Barriers: 4, Oops: 3, ImmediateOops: 7, NonImmediateOops: No
[1,346s][debug][gc,nmethod  ] Register NMethod: sun.util.locale.LocaleUtils.isEmpty (0x00007a39d365f888) [0x00007a39d365f980, 0x00007a39d365fce0] Compiler: c1, Barriers: 0, Oops: 0, ImmediateOops: 0, NonImmediateOops: No
[1,346s][debug][gc,nmethod  ] Register NMethod: sun.util.locale.LanguageTag.parsePrivateuse (0x00007a39d365fd08) [0x00007a39d365fe00, 0x00007a39d3661ce0] Compiler: c1, Barriers: 4, Oops: 2, ImmediateOops: 6, NonImmediateOops: No
[1,346s][debug][gc,nmethod  ] Register NMethod: sun.util.locale.provider.LocaleProviderAdapter$$Lambda/0x00000000ba0b6ec8.apply (0x00007a39d3661d08) [0x00007a39d3661e00, 0x00007a39d3662140] Compiler: c1, Barriers: 0, Oops: 0, ImmediateOops: 0, NonImmediateOops: No
[1,346s][debug][gc,nmethod  ] Register NMethod: sun.util.locale.InternalLocaleBuilder.getLocaleExtensions (0x00007a39d3662188) [0x00007a39d3662280, 0x00007a39d3662f28] Compiler: c1, Barriers: 6, Oops: 0, ImmediateOops: 0, NonImmediateOops: No
[1,346s][debug][gc,nmethod  ] Register NMethod: java.util.stream.DistinctOps$1$2.accept (0x00007a39d3662f88) [0x00007a39d3663080, 0x00007a39d3663640] Compiler: c1, Barriers: 2, Oops: 0, ImmediateOops: 0, NonImmediateOops: No
[1,346s][debug][gc,nmethod  ] Register NMethod: sun.util.locale.provider.LocaleProviderAdapter.lambda$toLocaleArray$0 (0x00007a39d3663688) [0x00007a39d3663780, 0x00007a39d3664498] Compiler: c1, Barriers: 3, Oops: 0, ImmediateOops: 3, NonImmediateOops: No
[1,346s][debug][gc,nmethod  ] Register NMethod: sun.util.locale.BaseLocale.convertOldISOCodes (0x00007a39d3664508) [0x00007a39d3664600, 0x00007a39d3665880] Compiler: c1, Barriers: 0, Oops: 0, ImmediateOops: 9, NonImmediateOops: No
[1,346s][debug][gc,nmethod  ] Register NMethod: java.util.Locale$LocaleCache.apply (0x00007a39d3665888) [0x00007a39d3665980, 0x00007a39d3665c78] Compiler: c1, Barriers: 0, Oops: 0, ImmediateOops: 0, NonImmediateOops: No
[1,346s][debug][gc,nmethod  ] Register NMethod: sun.util.locale.InternalLocaleBuilder.getBaseLocale (0x00007a39d3665c88) [0x00007a39d3665d80, 0x00007a39d3668590] Compiler: c1, Barriers: 7, Oops: 2, ImmediateOops: 7, NonImmediateOops: No
[1,346s][debug][gc,nmethod  ] Register NMethod: java.util.Map.computeIfAbsent (0x00007a39d3668608) [0x00007a39d3668700, 0x00007a39d3669008] Compiler: c1, Barriers: 0, Oops: 0, ImmediateOops: 0, NonImmediateOops: No
[1,346s][debug][gc,nmethod  ] Register NMethod: java.lang.String.<init> (0x00007a39d3669088) [0x00007a39d3669180, 0x00007a39d36692d0] Compiler: c1, Barriers: 0, Oops: 0, ImmediateOops: 0, NonImmediateOops: No
[1,346s][debug][gc,nmethod  ] Register NMethod: jdk.internal.util.ReferencedKeyMap.put (0x00007a39d3669388) [0x00007a39d3669480, 0x00007a39d366ad68] Compiler: c1, Barriers: 5, Oops: 2, ImmediateOops: 3, NonImmediateOops: No
[1,346s][debug][gc,nmethod  ] Register NMethod: java.util.Locale$LocaleCache.apply (0x00007a39d366ad88) [0x00007a39d366ae80, 0x00007a39d366ba70] Compiler: c1, Barriers: 11, Oops: 0, ImmediateOops: 0, NonImmediateOops: No
[1,347s][debug][gc,nmethod  ] Register NMethod: sun.util.locale.InternalLocaleBuilder.setExtensions (0x00007a39d366ba88) [0x00007a39d366bba0, 0x00007a39d3671760] Compiler: c1, Barriers: 20, Oops: 1, ImmediateOops: 5, NonImmediateOops: No
[1,347s][debug][gc,nmethod  ] Register NMethod: sun.util.locale.LanguageTag.isRegion (0x00007a39d3671788) [0x00007a39d3671880, 0x00007a39d36740d8] Compiler: c1, Barriers: 6, Oops: 1, ImmediateOops: 4, NonImmediateOops: No
[1,349s][debug][gc,nmethod  ] Register NMethod: java.lang.invoke.MethodHandles$Lookup.checkAccess (0x00007a39d3674108) [0x00007a39d3674200, 0x00007a39d3675d18] Compiler: c1, Barriers: 5, Oops: 0, ImmediateOops: 1, NonImmediateOops: No
[1,349s][debug][gc,nmethod  ] Register NMethod: java.util.HashMap.put (0x00007a39f2c2ef88) [0x00007a39f2c2f0a0, 0x00007a39f2c308b8] Compiler: jvmci, Barriers: 59, Oops: 0, ImmediateOops: 0, NonImmediateOops: No
[1,351s][debug][gc,nmethod  ] Register NMethod: sun.util.locale.LocaleUtils.caseIgnoreMatch (0x00007a39d3675d88) [0x00007a39d3675e80, 0x00007a39d3677e68] Compiler: c1, Barriers: 6, Oops: 1, ImmediateOops: 4, NonImmediateOops: No
[1,352s][debug][gc,nmethod  ] Register NMethod: java.util.Locale.equals (0x00007a39d3677e88) [0x00007a39d3677f80, 0x00007a39d3678d88] Compiler: c1, Barriers: 5, Oops: 0, ImmediateOops: 0, NonImmediateOops: No
[1,352s][debug][gc,nmethod  ] Register NMethod: java.lang.StringUTF16.getChar (0x00007a39d3678e08) [0x00007a39d3678f00, 0x00007a39d3679060] Compiler: c1, Barriers: 0, Oops: 0, ImmediateOops: 0, NonImmediateOops: No
[1,352s][debug][gc,director ] Rule Major: Warmup 10%, Used: 62MB, UsedThreshold: 1228MB
[1,353s][debug][gc,nmethod  ] Register NMethod: java.lang.CharacterData.of (0x00007a39d34e7988) [0x00007a39d34e7a80, 0x00007a39d34e81c0] Compiler: c1, Barriers: 7, Oops: 0, ImmediateOops: 3, NonImmediateOops: No
[1,353s][debug][gc,nmethod  ] Register NMethod: java.lang.CharacterData.of (0x00007a39d34e7988) [0x00007a39d34e7a80, 0x00007a39d34e81c0] Compiler: c1, Barriers: 7, Oops: 0, ImmediateOops: 3, NonImmediateOops: No
[1,353s][debug][gc,nmethod  ] Register NMethod: java.util.concurrent.ConcurrentHashMap.putVal (0x00007a39f2c30908) [0x00007a39f2c30a00, 0x00007a39f2c31b18] Compiler: jvmci, Barriers: 28, Oops: 0, ImmediateOops: 0, NonImmediateOops: No
[1,353s][debug][gc,nmethod  ] Register NMethod: sun.util.locale.BaseLocale.hashCode (0x00007a39f2c31b88) [0x00007a39f2c31c80, 0x00007a39f2c322d8] Compiler: jvmci, Barriers: 8, Oops: 0, ImmediateOops: 0, NonImmediateOops: No
[1,354s][debug][gc,nmethod  ] Register NMethod: java.lang.AbstractStringBuilder.needsNewBuffer (0x00007a39d3679108) [0x00007a39d3679200, 0x00007a39d36793a0] Compiler: c1, Barriers: 0, Oops: 0, ImmediateOops: 0, NonImmediateOops: No
[1,354s][debug][gc,nmethod  ] Register NMethod: java.lang.StringUTF16.getChar (0x00007a39f2c32308) [0x00007a39f2c32400, 0x00007a39f2c324e8] Compiler: jvmci, Barriers: 0, Oops: 0, ImmediateOops: 0, NonImmediateOops: No
[1,354s][debug][gc,nmethod  ] Register NMethod: sun.util.locale.LocaleUtils.toLower (0x00007a39f2c32608) [0x00007a39f2c32700, 0x00007a39f2c32778] Compiler: jvmci, Barriers: 0, Oops: 0, ImmediateOops: 0, NonImmediateOops: No
[1,355s][debug][gc,nmethod  ] Register NMethod: java.lang.invoke.MethodHandle.linkToVirtual (0x00007a39f2c32908) [0x00007a39f2c32a00, 0x00007a39f2c32a28] Compiler: , Barriers: 0, Oops: 0, ImmediateOops: 0, NonImmediateOops: No
[1,356s][debug][gc,nmethod  ] Register NMethod: jdk.internal.classfile.impl.AbstractPoolEntry$NameAndTypeEntryImpl.<init> (0x00007a39d3679408) [0x00007a39d3679500, 0x00007a39d3679650] Compiler: c1, Barriers: 0, Oops: 0, ImmediateOops: 0, NonImmediateOops: No
[1,356s][debug][gc,nmethod  ] Register NMethod: java.lang.invoke.LambdaForm.parameterType (0x00007a39d3679708) [0x00007a39d3679800, 0x00007a39d3679980] Compiler: c1, Barriers: 1, Oops: 0, ImmediateOops: 0, NonImmediateOops: No
[1,357s][debug][gc,nmethod  ] Register NMethod: java.lang.classfile.constantpool.ConstantPoolBuilder.nameAndTypeEntry (0x00007a39d3679a08) [0x00007a39d3679b00, 0x00007a39d367a220] Compiler: c1, Barriers: 0, Oops: 0, ImmediateOops: 0, NonImmediateOops: No
[1,357s][debug][gc,nmethod  ] Register NMethod: jdk.internal.classfile.impl.SplitConstantPool.methodRefEntry (0x00007a39d367a288) [0x00007a39d367a380, 0x00007a39d367ccd8] Compiler: c1, Barriers: 6, Oops: 0, ImmediateOops: 0, NonImmediateOops: No
[1,358s][debug][gc,nmethod  ] Register NMethod: java.util.ArrayList.grow (0x00007a39d367cd08) [0x00007a39d367ce00, 0x00007a39d367d650] Compiler: c1, Barriers: 9, Oops: 0, ImmediateOops: 1, NonImmediateOops: No
[1,359s][debug][gc,nmethod  ] Register NMethod: java.lang.invoke.InvokerBytecodeGenerator.emitImplicitConversion (0x00007a39d367d688) [0x00007a39d367d780, 0x00007a39d367fbb0] Compiler: c1, Barriers: 3, Oops: 2, ImmediateOops: 10, NonImmediateOops: No
[1,360s][debug][gc,nmethod  ] Register NMethod: worker.org.gradle.internal.classloader.FilteringClassLoader.classAllowed (0x00007a39d367fc08) [0x00007a39d367fd00, 0x00007a39d3680f08] Compiler: c1, Barriers: 8, Oops: 3, ImmediateOops: 2, NonImmediateOops: No
[1,360s][debug][gc,nmethod  ] Register NMethod: java.lang.String.isLatin1 (0x00007a39d3680f88) [0x00007a39d3681080, 0x00007a39d36811e0] Compiler: c1, Barriers: 0, Oops: 0, ImmediateOops: 0, NonImmediateOops: No
[1,360s][debug][gc,nmethod  ] Register NMethod: jdk.internal.jimage.ImageHeader.getTableLength (0x00007a39f2c32c08) [0x00007a39f2c32d00, 0x00007a39f2c32dc0] Compiler: c1, Barriers: 0, Oops: 0, ImmediateOops: 0, NonImmediateOops: No
[1,360s][debug][gc,nmethod  ] Register NMethod: java.nio.DirectIntBufferU.ix (0x00007a39d3681288) [0x00007a39d3681380, 0x00007a39d3681490] Compiler: c1, Barriers: 0, Oops: 0, ImmediateOops: 0, NonImmediateOops: No
[1,361s][debug][gc,nmethod  ] Register NMethod: java.lang.StringLatin1.newString (0x00007a39f2c32f08) [0x00007a39f2c33000, 0x00007a39f2c333c0] Compiler: jvmci, Barriers: 2, Oops: 0, ImmediateOops: 1, NonImmediateOops: No
[1,361s][debug][gc,nmethod  ] Register NMethod: java.lang.String.charAt (0x00007a39d3681588) [0x00007a39d3681680, 0x00007a39d3681db8] Compiler: c1, Barriers: 2, Oops: 1, ImmediateOops: 2, NonImmediateOops: No
[1,361s][debug][gc,nmethod  ] Register NMethod: java.util.concurrent.ConcurrentHashMap$BaseIterator.hasNext (0x00007a39d3681e08) [0x00007a39d3681f00, 0x00007a39d3682080] Compiler: c1, Barriers: 1, Oops: 0, ImmediateOops: 0, NonImmediateOops: No
[1,361s][debug][gc,nmethod  ] Register NMethod: jdk.internal.misc.ScopedMemoryAccess.getIntInternal (0x00007a39d3682108) [0x00007a39d3682200, 0x00007a39d3682450] Compiler: c1, Barriers: 0, Oops: 0, ImmediateOops: 0, NonImmediateOops: No
[1,361s][debug][gc,nmethod  ] Register NMethod: jdk.internal.loader.URLClassPath$JarLoader.findResource (0x00007a39d3682488) [0x00007a39d3682580, 0x00007a39d3682788] Compiler: c1, Barriers: 1, Oops: 0, ImmediateOops: 0, NonImmediateOops: No
[1,361s][debug][gc,nmethod  ] Register NMethod: java.util.concurrent.ConcurrentHashMap$Traverser.advance (0x00007a39d3682808) [0x00007a39d3682900, 0x00007a39d36839f8] Compiler: c1, Barriers: 15, Oops: 0, ImmediateOops: 0, NonImmediateOops: No
[1,361s][debug][gc,nmethod  ] Register NMethod: java.lang.String.substring (0x00007a39f2c33408) [0x00007a39f2c33500, 0x00007a39f2c339c8] Compiler: jvmci, Barriers: 3, Oops: 0, ImmediateOops: 1, NonImmediateOops: No
[1,361s][debug][gc,nmethod  ] Register NMethod: java.nio.DirectIntBufferU.get (0x00007a39d3683a08) [0x00007a39d3683b00, 0x00007a39d36848f0] Compiler: c1, Barriers: 1, Oops: 2, ImmediateOops: 2, NonImmediateOops: No
[1,361s][debug][gc,nmethod  ] Register NMethod: jdk.internal.misc.ScopedMemoryAccess.getInt (0x00007a39d3684908) [0x00007a39d3684a00, 0x00007a39d3684d10] Compiler: c1, Barriers: 0, Oops: 0, ImmediateOops: 0, NonImmediateOops: No
[1,362s][debug][gc,nmethod  ] Register NMethod: java.util.zip.ZipFile.ensureOpen (0x00007a39f2c33a08) [0x00007a39f2c33b00, 0x00007a39f2c33c60] Compiler: jvmci, Barriers: 2, Oops: 0, ImmediateOops: 0, NonImmediateOops: No
[1,362s][debug][gc,director ] Rule Major: Warmup 10%, Used: 64MB, UsedThreshold: 1228MB
[1,363s][debug][gc,nmethod  ] Register NMethod: java.util.concurrent.ConcurrentHashMap$ValueIterator.next (0x00007a39d3684d88) [0x00007a39d3684e80, 0x00007a39d3685360] Compiler: c1, Barriers: 5, Oops: 0, ImmediateOops: 0, NonImmediateOops: No
[1,365s][debug][gc,nmethod  ] Register NMethod: java.util.concurrent.ConcurrentHashMap.addCount (0x00007a39f2c33d08) [0x00007a39f2c33e00, 0x00007a39f2c352e0] Compiler: jvmci, Barriers: 56, Oops: 0, ImmediateOops: 0, NonImmediateOops: No
[1,366s][debug][gc,nmethod  ] Register NMethod: java.lang.ClassLoader.definePackage (0x00007a39d3685388) [0x00007a39d3685480, 0x00007a39d36878d8] Compiler: c1, Barriers: 10, Oops: 2, ImmediateOops: 5, NonImmediateOops: No
[1,367s][debug][gc,nmethod  ] Register NMethod: jdk.internal.reflect.Reflection.getCallerClass (0x00007a39f2c35308) [0x00007a39f2c35400, 0x00007a39f2c35728] Compiler: , Barriers: 0, Oops: 0, ImmediateOops: 1, NonImmediateOops: No
[1,367s][debug][gc,nmethod  ] Register NMethod: java.lang.invoke.MethodHandles$Lookup.isClassAccessible (0x00007a39d3687908) [0x00007a39d3687a00, 0x00007a39d3688328] Compiler: c1, Barriers: 3, Oops: 0, ImmediateOops: 0, NonImmediateOops: No
[1,367s][debug][gc,nmethod  ] Register NMethod: java.lang.invoke.MemberName.ensureTypeVisible (0x00007a39d3688388) [0x00007a39d3688480, 0x00007a39d368cd20] Compiler: c1, Barriers: 10, Oops: 3, ImmediateOops: 10, NonImmediateOops: No
[1,369s][debug][gc,nmethod  ] Register NMethod: java.util.zip.ZipCoder.hash (0x00007a39f2c35788) [0x00007a39f2c35880, 0x00007a39f2c35ae8] Compiler: jvmci, Barriers: 1, Oops: 0, ImmediateOops: 0, NonImmediateOops: No
[1,370s][debug][gc,nmethod  ] Register NMethod: java.util.concurrent.ConcurrentHashMap.get (0x00007a39f2c35b08) [0x00007a39f2c35c00, 0x00007a39f2c36738] Compiler: jvmci, Barriers: 15, Oops: 0, ImmediateOops: 0, NonImmediateOops: No
[1,370s][debug][gc,nmethod  ] Register NMethod: java.lang.invoke.MethodHandle.linkToStatic (0x00007a39f2c36788) [0x00007a39f2c36880, 0x00007a39f2c36970] Compiler: , Barriers: 0, Oops: 0, ImmediateOops: 0, NonImmediateOops: No
[1,370s][debug][gc,nmethod  ] Register NMethod: java.lang.invoke.MethodType.changeReturnType (0x00007a39d368cd88) [0x00007a39d368ce80, 0x00007a39d368d250] Compiler: c1, Barriers: 2, Oops: 0, ImmediateOops: 0, NonImmediateOops: No
[1,372s][debug][gc,nmethod  ] Register NMethod: java.util.zip.CRC32.<init> (0x00007a39d368d288) [0x00007a39d368d380, 0x00007a39d368d4d8] Compiler: c1, Barriers: 0, Oops: 0, ImmediateOops: 0, NonImmediateOops: No
[1,372s][debug][gc,nmethod  ] Register NMethod: jdk.internal.loader.URLClassPath$JarLoader$1.getBytes (0x00007a39d368d588) [0x00007a39d368d680, 0x00007a39d368e2c0] Compiler: c1, Barriers: 4, Oops: 0, ImmediateOops: 1, NonImmediateOops: No
[1,372s][debug][gc,nmethod  ] Register NMethod: jdk.internal.loader.URLClassPath$JarLoader.ensureOpen (0x00007a39f2c36a88) [0x00007a39f2c36b80, 0x00007a39f2c36d38] Compiler: jvmci, Barriers: 5, Oops: 0, ImmediateOops: 0, NonImmediateOops: No
[1,372s][debug][gc,nmethod  ] Register NMethod: java.lang.invoke.MemberName.getInvocationType (0x00007a39d368e308) [0x00007a39d368e400, 0x00007a39d368fa00] Compiler: c1, Barriers: 7, Oops: 0, ImmediateOops: 0, NonImmediateOops: No
[1,372s][debug][gc,nmethod  ] Register NMethod: java.lang.String.valueOf (0x00007a39d368fa08) [0x00007a39d368fb00, 0x00007a39d368fe38] Compiler: c1, Barriers: 0, Oops: 0, ImmediateOops: 1, NonImmediateOops: No
[1,372s][debug][gc,director ] Rule Major: Warmup 10%, Used: 66MB, UsedThreshold: 1228MB
[1,372s][debug][gc,nmethod  ] Register NMethod: java.lang.classfile.TypeKind.slotSize (0x00007a39f2c36d88) [0x00007a39f2c36e80, 0x00007a39f2c36f40] Compiler: c1, Barriers: 0, Oops: 0, ImmediateOops: 0, NonImmediateOops: No
[1,373s][debug][gc,nmethod  ] Register NMethod: jdk.internal.classfile.impl.DirectCodeBuilder.setLabelTarget (0x00007a39d368fe88) [0x00007a39d368ff80, 0x00007a39d36909b8] Compiler: c1, Barriers: 1, Oops: 0, ImmediateOops: 1, NonImmediateOops: No
[1,373s][debug][gc,nmethod  ] Register NMethod: jdk.internal.classfile.impl.StackMapDecoder$StackMapFrameImpl.locals (0x00007a39f2c37088) [0x00007a39f2c37180, 0x00007a39f2c37268] Compiler: c1, Barriers: 1, Oops: 0, ImmediateOops: 0, NonImmediateOops: No
[1,373s][debug][gc,nmethod  ] Register NMethod: jdk.internal.classfile.impl.StackMapDecoder$StackMapFrameImpl.target (0x00007a39f2c37388) [0x00007a39f2c37480, 0x00007a39f2c37568] Compiler: c1, Barriers: 1, Oops: 0, ImmediateOops: 0, NonImmediateOops: No
[1,373s][debug][gc,nmethod  ] Register NMethod: jdk.internal.classfile.impl.AbstractPseudoInstruction$ExceptionCatchImpl.catchTypeEntry (0x00007a39f2c37688) [0x00007a39f2c37780, 0x00007a39f2c37868] Compiler: c1, Barriers: 1, Oops: 0, ImmediateOops: 0, NonImmediateOops: No
[1,374s][debug][gc,nmethod  ] Register NMethod: java.util.jar.JarFile.checkForSpecialAttributes (0x00007a39f2c37988) [0x00007a39f2c37a80, 0x00007a39f2c383d8] Compiler: jvmci, Barriers: 7, Oops: 2, ImmediateOops: 8, NonImmediateOops: No
[1,375s][debug][gc,nmethod  ] Register NMethod: java.lang.ClassLoader.compareCerts (0x00007a39d3690a08) [0x00007a39d3690b00, 0x00007a39d3691640] Compiler: c1, Barriers: 4, Oops: 0, ImmediateOops: 0, NonImmediateOops: No
[1,376s][debug][gc,nmethod  ] Register NMethod: jdk.internal.loader.AbstractClassLoaderValue$Sub.parent (0x00007a39f2c38408) [0x00007a39f2c38500, 0x00007a39f2c385e8] Compiler: c1, Barriers: 1, Oops: 0, ImmediateOops: 0, NonImmediateOops: No
[1,376s][debug][gc,nmethod  ] Register NMethod: java.lang.invoke.DirectMethodHandle.internalMemberName (0x00007a39d3691688) [0x00007a39d3691780, 0x00007a39d3691aa0] Compiler: c1, Barriers: 1, Oops: 0, ImmediateOops: 0, NonImmediateOops: No
[1,377s][debug][gc,nmethod  ] Register NMethod: java.lang.reflect.Method.getRoot (0x00007a39f2c38708) [0x00007a39f2c38800, 0x00007a39f2c388e8] Compiler: c1, Barriers: 1, Oops: 0, ImmediateOops: 0, NonImmediateOops: No
[1,379s][debug][gc,nmethod  ] Register NMethod: java.lang.invoke.MethodHandle.linkToSpecial (0x00007a39f2c38a08) [0x00007a39f2c38b00, 0x00007a39f2c38bf8] Compiler: , Barriers: 0, Oops: 0, ImmediateOops: 0, NonImmediateOops: No
[1,379s][debug][gc,nmethod  ] Register NMethod: java.net.URLClassLoader.isSealed (0x00007a39d3691b08) [0x00007a39d3691c00, 0x00007a39d36956b0] Compiler: c1, Barriers: 10, Oops: 3, ImmediateOops: 15, NonImmediateOops: No
[1,379s][debug][gc,nmethod  ] Register NMethod: java.lang.invoke.MethodHandle.linkToSpecial (0x00007a39f2c38d08) [0x00007a39f2c38e00, 0x00007a39f2c38ef8] Compiler: , Barriers: 0, Oops: 0, ImmediateOops: 0, NonImmediateOops: No
[1,379s][debug][gc,nmethod  ] Register NMethod: sun.invoke.util.Wrapper.stackSlots (0x00007a39d3695708) [0x00007a39d3695800, 0x00007a39d3695908] Compiler: c1, Barriers: 0, Oops: 0, ImmediateOops: 0, NonImmediateOops: No
[1,379s][debug][gc,nmethod  ] Register NMethod: java.lang.invoke.LambdaForm$BasicType.basicTypeSlots (0x00007a39d3695a08) [0x00007a39d3695b00, 0x00007a39d3695e58] Compiler: c1, Barriers: 1, Oops: 0, ImmediateOops: 0, NonImmediateOops: No
[1,380s][debug][gc,nmethod  ] Register NMethod: jdk.internal.classfile.impl.BufWriterImpl.writeU1U1 (0x00007a39d3695e88) [0x00007a39d3695f80, 0x00007a39d36963f0] Compiler: c1, Barriers: 2, Oops: 0, ImmediateOops: 0, NonImmediateOops: No
[1,380s][debug][gc,nmethod  ] Register NMethod: java.lang.invoke.InvokerBytecodeGenerator.emitPushArgument (0x00007a39d3696408) [0x00007a39d3696500, 0x00007a39d36990c8] Compiler: c1, Barriers: 6, Oops: 1, ImmediateOops: 5, NonImmediateOops: No
[1,381s][debug][gc,nmethod  ] Register NMethod: java.lang.invoke.MethodHandle.linkToStatic (0x00007a39f2c39008) [0x00007a39f2c39100, 0x00007a39f2c391f8] Compiler: , Barriers: 0, Oops: 0, ImmediateOops: 0, NonImmediateOops: No
[1,381s][debug][gc,nmethod  ] Register NMethod: jdk.internal.constant.MethodTypeDescImpl.parameterCount (0x00007a39f2c39308) [0x00007a39f2c39400, 0x00007a39f2c394e0] Compiler: jvmci, Barriers: 1, Oops: 0, ImmediateOops: 0, NonImmediateOops: No
[1,381s][debug][gc,nmethod  ] Register NMethod: java.lang.invoke.MethodHandle.invokeBasic (0x00007a39f2c39608) [0x00007a39f2c39700, 0x00007a39f2c39998] Compiler: , Barriers: 0, Oops: 0, ImmediateOops: 0, NonImmediateOops: No
[1,381s][debug][gc,nmethod  ] Register NMethod: java.lang.invoke.MethodHandles$Lookup.checkSymbolicClass (0x00007a39d3699108) [0x00007a39d3699200, 0x00007a39d36997e8] Compiler: c1, Barriers: 0, Oops: 0, ImmediateOops: 1, NonImmediateOops: No
[1,381s][debug][gc,nmethod  ] Register NMethod: java.lang.invoke.LambdaForm$Name.isParam (0x00007a39d3699808) [0x00007a39d3699900, 0x00007a39d3699a80] Compiler: c1, Barriers: 1, Oops: 0, ImmediateOops: 0, NonImmediateOops: No
[1,381s][debug][gc,nmethod  ] Register NMethod: java.lang.classfile.constantpool.ConstantPoolBuilder.methodRefEntry (0x00007a39d3699b08) [0x00007a39d3699c00, 0x00007a39d369a330] Compiler: c1, Barriers: 0, Oops: 0, ImmediateOops: 0, NonImmediateOops: No
[1,381s][debug][gc,nmethod  ] Register NMethod: jdk.internal.classfile.impl.StackMapGenerator$Frame.getLocalRawInternal (0x00007a39d369a388) [0x00007a39d369a480, 0x00007a39d369a818] Compiler: c1, Barriers: 2, Oops: 0, ImmediateOops: 0, NonImmediateOops: No
[1,381s][debug][gc,nmethod  ] Register NMethod: java.lang.classfile.constantpool.MemberRefEntry.type (0x00007a39d369a888) [0x00007a39d369a980, 0x00007a39d369b3e0] Compiler: c1, Barriers: 2, Oops: 0, ImmediateOops: 0, NonImmediateOops: No
[1,381s][debug][gc,nmethod  ] Register NMethod: java.lang.invoke.LambdaForm$Name.<init> (0x00007a39d369b408) [0x00007a39d369b500, 0x00007a39d369c4c8] Compiler: c1, Barriers: 8, Oops: 0, ImmediateOops: 1, NonImmediateOops: No
[1,382s][debug][gc,nmethod  ] Register NMethod: java.lang.invoke.DirectMethodHandle.<init> (0x00007a39d369c508) [0x00007a39d369c600, 0x00007a39d369ea90] Compiler: c1, Barriers: 9, Oops: 2, ImmediateOops: 2, NonImmediateOops: No
[1,382s][debug][gc,nmethod  ] Register NMethod: java.lang.invoke.LambdaForm.useCount (0x00007a39d369eb08) [0x00007a39d369ec00, 0x00007a39d369f0a8] Compiler: c1, Barriers: 4, Oops: 0, ImmediateOops: 0, NonImmediateOops: No
[1,382s][debug][gc,nmethod  ] Register NMethod: jdk.internal.constant.MethodTypeDescImpl.buildDescriptorString (0x00007a39d369f108) [0x00007a39d369f200, 0x00007a39d36a5ea0] Compiler: c1, Barriers: 18, Oops: 3, ImmediateOops: 27, NonImmediateOops: No
[1,382s][debug][gc,nmethod  ] Register NMethod: jdk.internal.classfile.impl.SplitConstantPool.entryByIndex (0x00007a39f2c39a08) [0x00007a39f2c39b00, 0x00007a39f2c39cc0] Compiler: jvmci, Barriers: 2, Oops: 0, ImmediateOops: 0, NonImmediateOops: No
[1,383s][debug][gc,director ] Rule Major: Warmup 10%, Used: 66MB, UsedThreshold: 1228MB
[1,383s][debug][gc,nmethod  ] Register NMethod: java.util.List.copyOf (0x00007a39d36a5f08) [0x00007a39d36a6000, 0x00007a39d36a6110] Compiler: c1, Barriers: 0, Oops: 0, ImmediateOops: 0, NonImmediateOops: No
[1,383s][debug][gc,nmethod  ] Register NMethod: jdk.internal.classfile.impl.AbstractPoolEntry$Utf8EntryImpl.clone (0x00007a39d36a6208) [0x00007a39d36a6300, 0x00007a39d36a65f8] Compiler: c1, Barriers: 0, Oops: 0, ImmediateOops: 0, NonImmediateOops: No
[1,383s][debug][gc,nmethod  ] Register NMethod: java.util.ImmutableCollections.listCopy (0x00007a39d36a6608) [0x00007a39d36a6700, 0x00007a39d36a75b8] Compiler: c1, Barriers: 0, Oops: 0, ImmediateOops: 1, NonImmediateOops: No
[1,383s][debug][gc,nmethod  ] Register NMethod: jdk.internal.classfile.impl.AbstractPoolEntry$Utf8EntryImpl.clone (0x00007a39d36a7608) [0x00007a39d36a7700, 0x00007a39d36a8268] Compiler: c1, Barriers: 8, Oops: 0, ImmediateOops: 1, NonImmediateOops: No
[1,384s][debug][gc,nmethod  ] Register NMethod: java.lang.StringLatin1.getChar (0x00007a39d36a8288) [0x00007a39d36a8380, 0x00007a39d36a8490] Compiler: c1, Barriers: 0, Oops: 0, ImmediateOops: 0, NonImmediateOops: No
[1,386s][debug][gc,nmethod  ] Register NMethod: java.lang.reflect.Executable.<init> (0x00007a39d36a8588) [0x00007a39d36a8680, 0x00007a39d36a8838] Compiler: c1, Barriers: 0, Oops: 0, ImmediateOops: 0, NonImmediateOops: No
[1,386s][debug][gc,nmethod  ] Register NMethod: java.util.ImmutableCollections$List12.<init> (0x00007a39d36a8888) [0x00007a39d36a8980, 0x00007a39d36a8e30] Compiler: c1, Barriers: 6, Oops: 0, ImmediateOops: 1, NonImmediateOops: No
[1,386s][debug][gc,nmethod  ] Register NMethod: java.lang.classfile.Opcode.sizeIfFixed (0x00007a39f2c39d08) [0x00007a39f2c39e00, 0x00007a39f2c39ec0] Compiler: c1, Barriers: 0, Oops: 0, ImmediateOops: 0, NonImmediateOops: No
[1,386s][debug][gc,nmethod  ] Register NMethod: jdk.internal.classfile.impl.SplitConstantPool.utf8Entry (0x00007a39d36a8e88) [0x00007a39d36a8f80, 0x00007a39d36a9780] Compiler: c1, Barriers: 4, Oops: 0, ImmediateOops: 0, NonImmediateOops: No
[1,387s][debug][gc,nmethod  ] Register NMethod: jdk.internal.classfile.impl.Util.isDoubleSlot (0x00007a39d36a9788) [0x00007a39d36a9880, 0x00007a39d36a99f0] Compiler: c1, Barriers: 0, Oops: 0, ImmediateOops: 2, NonImmediateOops: No
[1,387s][debug][gc,nmethod  ] Register NMethod: java.util.BitSet.get (0x00007a39d36a9a88) [0x00007a39d36a9b80, 0x00007a39d36aaa28] Compiler: c1, Barriers: 1, Oops: 1, ImmediateOops: 2, NonImmediateOops: No
[1,387s][debug][gc,nmethod  ] Register NMethod: java.lang.PublicMethods$Key.matches (0x00007a39d36aaa88) [0x00007a39d36aab80, 0x00007a39d36ab270] Compiler: c1, Barriers: 2, Oops: 1, ImmediateOops: 2, NonImmediateOops: No
[1,392s][debug][gc,nmethod  ] Register NMethod: java.util.zip.ZipFile$Source.getEntryPos (0x00007a39f2c3a008) [0x00007a39f2c3a100, 0x00007a39f2c3a878] Compiler: jvmci, Barriers: 6, Oops: 0, ImmediateOops: 0, NonImmediateOops: No
[1,393s][debug][gc,director ] Rule Major: Warmup 10%, Used: 68MB, UsedThreshold: 1228MB
[1,393s][debug][gc,nmethod  ] Register NMethod: java.util.zip.ZipFile.getEntry (0x00007a39f2c3a888) [0x00007a39f2c3a980, 0x00007a39f2c3b410] Compiler: jvmci, Barriers: 7, Oops: 0, ImmediateOops: 0, NonImmediateOops: No
[1,394s][debug][gc,nmethod  ] Register NMethod: jdk.internal.loader.URLClassPath.getLoader (0x00007a39f2c3b488) [0x00007a39f2c3b580, 0x00007a39f2c3c278] Compiler: jvmci, Barriers: 12, Oops: 0, ImmediateOops: 0, NonImmediateOops: No
[1,396s][debug][gc,nmethod  ] Register NMethod: jdk.internal.loader.NativeLibrary.findEntry0 (0x00007a39f2c3c288) [0x00007a39f2c3c380, 0x00007a39f2c3c4f0] Compiler: , Barriers: 0, Oops: 0, ImmediateOops: 1, NonImmediateOops: No
[1,396s][debug][gc,nmethod  ] Register NMethod: java.lang.Class.forName0 (0x00007a39f2c3c588) [0x00007a39f2c3c680, 0x00007a39f2c3c9e0] Compiler: , Barriers: 0, Oops: 0, ImmediateOops: 1, NonImmediateOops: No
[1,397s][debug][gc,nmethod  ] Register NMethod: java.lang.invoke.MethodHandle.linkToInterface (0x00007a39f2c3ca08) [0x00007a39f2c3cb00, 0x00007a39f2c3cc30] Compiler: , Barriers: 0, Oops: 0, ImmediateOops: 0, NonImmediateOops: No
[1,398s][debug][gc,nmethod  ] Register NMethod: java.lang.invoke.MethodHandle.invokeBasic (0x00007a39f2c3cd08) [0x00007a39f2c3ce00, 0x00007a39f2c3d098] Compiler: , Barriers: 0, Oops: 0, ImmediateOops: 0, NonImmediateOops: No
[1,398s][debug][gc,nmethod  ] Register NMethod: java.lang.invoke.DirectMethodHandle.internalMemberName (0x00007a39f2c3d108) [0x00007a39f2c3d200, 0x00007a39f2c3d2e8] Compiler: c1, Barriers: 1, Oops: 0, ImmediateOops: 0, NonImmediateOops: No
[1,398s][debug][gc,nmethod  ] Register NMethod: java.lang.ref.Reference.<init> (0x00007a39d36ab288) [0x00007a39d36ab380, 0x00007a39d36ab658] Compiler: c1, Barriers: 6, Oops: 0, ImmediateOops: 1, NonImmediateOops: No
[1,398s][debug][gc,nmethod  ] Register NMethod: jdk.internal.classfile.impl.AnnotationImpl.className (0x00007a39f2c3d408) [0x00007a39f2c3d500, 0x00007a39f2c3d5e8] Compiler: c1, Barriers: 1, Oops: 0, ImmediateOops: 0, NonImmediateOops: No
[1,398s][debug][gc,nmethod  ] Register NMethod: jdk.internal.classfile.impl.AnnotationImpl.elements (0x00007a39f2c3d708) [0x00007a39f2c3d800, 0x00007a39f2c3d8e8] Compiler: c1, Barriers: 1, Oops: 0, ImmediateOops: 0, NonImmediateOops: No
[1,399s][debug][gc,nmethod  ] Register NMethod: jdk.internal.classfile.impl.StackMapGenerator$Type.equals (0x00007a39d36ab688) [0x00007a39d36ab780, 0x00007a39d36ac0d0] Compiler: c1, Barriers: 2, Oops: 0, ImmediateOops: 0, NonImmediateOops: No
[1,399s][debug][gc,nmethod  ] Register NMethod: jdk.internal.classfile.impl.AbstractPoolEntry$Utf8EntryImpl.fieldTypeSymbol (0x00007a39d36ac108) [0x00007a39d36ac200, 0x00007a39d36ad1f8] Compiler: c1, Barriers: 5, Oops: 0, ImmediateOops: 0, NonImmediateOops: No
[1,399s][debug][gc,nmethod  ] Register NMethod: java.lang.invoke.MethodHandle.isBuiltinLoader (0x00007a39d36ad208) [0x00007a39d36ad300, 0x00007a39d36ad550] Compiler: c1, Barriers: 0, Oops: 0, ImmediateOops: 2, NonImmediateOops: No
[1,399s][debug][gc,nmethod  ] Register NMethod: java.lang.Character.charCount (0x00007a39d36ad588) [0x00007a39d36ad680, 0x00007a39d36ad7d0] Compiler: c1, Barriers: 0, Oops: 0, ImmediateOops: 0, NonImmediateOops: No
[1,399s][debug][gc,nmethod  ] Register NMethod: jdk.internal.classfile.impl.SplitConstantPool.writeTo (0x00007a39d36ad888) [0x00007a39d36ad980, 0x00007a39d36b0160] Compiler: c1, Barriers: 10, Oops: 1, ImmediateOops: 2, NonImmediateOops: No
[1,400s][debug][gc,nmethod  ] Register NMethod: java.lang.Character$Subset.<init> (0x00007a39d36b0188) [0x00007a39d36b0280, 0x00007a39d36b0548] Compiler: c1, Barriers: 3, Oops: 0, ImmediateOops: 1, NonImmediateOops: No
[1,400s][debug][gc,nmethod  ] Register NMethod: java.lang.Character$UnicodeBlock.<init> (0x00007a39d36b0588) [0x00007a39d36b0680, 0x00007a39d36b0c30] Compiler: c1, Barriers: 4, Oops: 0, ImmediateOops: 1, NonImmediateOops: No
[1,400s][debug][gc,nmethod  ] Register NMethod: java.lang.Character$UnicodeBlock.<init> (0x00007a39d36b0588) [0x00007a39d36b0680, 0x00007a39d36b0c30] Compiler: c1, Barriers: 4, Oops: 0, ImmediateOops: 2, NonImmediateOops: No
[1,401s][debug][gc,nmethod  ] Register NMethod: java.lang.invoke.MethodHandle.linkToStatic (0x00007a39f2c3da08) [0x00007a39f2c3db00, 0x00007a39f2c3dbf0] Compiler: , Barriers: 0, Oops: 0, ImmediateOops: 0, NonImmediateOops: No
[1,401s][debug][gc,nmethod  ] Register NMethod: java.util.concurrent.locks.AbstractQueuedSynchronizer.getState (0x00007a39f2c3dd08) [0x00007a39f2c3de00, 0x00007a39f2c3dec0] Compiler: c1, Barriers: 0, Oops: 0, ImmediateOops: 0, NonImmediateOops: No
[1,401s][debug][gc,nmethod  ] Register NMethod: sun.net.util.IPAddressUtil.scan (0x00007a39d36b0c88) [0x00007a39d36b0d80, 0x00007a39d36b1dd0] Compiler: c1, Barriers: 3, Oops: 1, ImmediateOops: 2, NonImmediateOops: No
[1,401s][debug][gc,nmethod  ] Register NMethod: java.util.concurrent.locks.AbstractOwnableSynchronizer.getExclusiveOwnerThread (0x00007a39f2c3e008) [0x00007a39f2c3e100, 0x00007a39f2c3e1e8] Compiler: c1, Barriers: 1, Oops: 0, ImmediateOops: 0, NonImmediateOops: No
[1,401s][debug][gc,nmethod  ] Register NMethod: java.util.concurrent.locks.AbstractOwnableSynchronizer.setExclusiveOwnerThread (0x00007a39f2c3e308) [0x00007a39f2c3e400, 0x00007a39f2c3e530] Compiler: c1, Barriers: 3, Oops: 0, ImmediateOops: 0, NonImmediateOops: No
[1,401s][debug][gc,nmethod  ] Register NMethod: java.util.concurrent.locks.AbstractQueuedSynchronizer.setState (0x00007a39f2c3e608) [0x00007a39f2c3e700, 0x00007a39f2c3e7c8] Compiler: c1, Barriers: 0, Oops: 0, ImmediateOops: 0, NonImmediateOops: No
[1,403s][debug][gc,director ] Rule Major: Warmup 10%, Used: 72MB, UsedThreshold: 1228MB
[1,404s][debug][gc,nmethod  ] Register NMethod: jdk.internal.classfile.impl.DirectMethodBuilder.run (0x00007a39d36b1e08) [0x00007a39d36b1f00, 0x00007a39d36b2218] Compiler: c1, Barriers: 0, Oops: 0, ImmediateOops: 0, NonImmediateOops: No
[1,404s][debug][gc,nmethod  ] Register NMethod: jdk.internal.classfile.impl.DirectClassBuilder.withMethod (0x00007a39d36b2288) [0x00007a39d36b2380, 0x00007a39d36b2be0] Compiler: c1, Barriers: 2, Oops: 0, ImmediateOops: 0, NonImmediateOops: No
[1,404s][debug][gc,nmethod  ] Register NMethod: java.lang.classfile.ClassBuilder.withMethod (0x00007a39d36b2c08) [0x00007a39d36b2d00, 0x00007a39d36b3780] Compiler: c1, Barriers: 7, Oops: 0, ImmediateOops: 0, NonImmediateOops: No
[1,404s][debug][gc,nmethod  ] Register NMethod: jdk.internal.classfile.impl.DirectMethodBuilder.<init> (0x00007a39d36b3788) [0x00007a39d36b3880, 0x00007a39d36b4748] Compiler: c1, Barriers: 21, Oops: 0, ImmediateOops: 1, NonImmediateOops: No
[1,404s][debug][gc,nmethod  ] Register NMethod: jdk.internal.classfile.impl.DirectMethodBuilder.withCode (0x00007a39d36b4788) [0x00007a39d36b4880, 0x00007a39d36b49c0] Compiler: c1, Barriers: 0, Oops: 0, ImmediateOops: 0, NonImmediateOops: No
[1,404s][debug][gc,nmethod  ] Register NMethod: jdk.internal.classfile.impl.DirectMethodBuilder.withCode (0x00007a39d36b4a88) [0x00007a39d36b4b80, 0x00007a39d36b5080] Compiler: c1, Barriers: 4, Oops: 0, ImmediateOops: 0, NonImmediateOops: No
[1,405s][debug][gc,nmethod  ] Register NMethod: jdk.internal.classfile.impl.DirectCodeBuilder.processDeferredLabels (0x00007a39d36b5088) [0x00007a39d36b5180, 0x00007a39d36b5b90] Compiler: c1, Barriers: 5, Oops: 0, ImmediateOops: 0, NonImmediateOops: No
[1,405s][debug][gc,nmethod  ] Register NMethod: java.util.concurrent.ConcurrentHashMap.putVal (0x00007a39d36b5c08) [0x00007a39d36b5d00, 0x00007a39d36b8248] Compiler: c1, Barriers: 28, Oops: 0, ImmediateOops: 1, NonImmediateOops: No
[1,405s][debug][gc,nmethod  ] Register NMethod: jdk.internal.classfile.impl.DirectCodeBuilder.build (0x00007a39d36b8288) [0x00007a39d36b8380, 0x00007a39d36b8ee8] Compiler: c1, Barriers: 3, Oops: 0, ImmediateOops: 0, NonImmediateOops: No
[1,405s][debug][gc,nmethod  ] Register NMethod: jdk.internal.classfile.impl.ClassFileImpl.fixShortJumps (0x00007a39d36b8f08) [0x00007a39d36b9000, 0x00007a39d36b9240] Compiler: c1, Barriers: 2, Oops: 0, ImmediateOops: 0, NonImmediateOops: No
[1,405s][debug][gc,nmethod  ] Register NMethod: jdk.internal.module.SystemModuleFinders$SystemImage.reader (0x00007a39d36b9288) [0x00007a39d36b9380, 0x00007a39d36b9468] Compiler: c1, Barriers: 0, Oops: 0, ImmediateOops: 1, NonImmediateOops: No
[1,405s][debug][gc,nmethod  ] Register NMethod: jdk.internal.classfile.impl.BufWriterImpl.<init> (0x00007a39d36b9588) [0x00007a39d36b9680, 0x00007a39d36b97d0] Compiler: c1, Barriers: 0, Oops: 0, ImmediateOops: 0, NonImmediateOops: No
[1,405s][debug][gc,nmethod  ] Register NMethod: jdk.internal.jimage.ImageStringsReader.hashCode (0x00007a39d36b9888) [0x00007a39d36b9980, 0x00007a39d36b9ae0] Compiler: c1, Barriers: 0, Oops: 0, ImmediateOops: 0, NonImmediateOops: No
[1,405s][debug][gc,nmethod  ] Register NMethod: jdk.internal.jimage.ImageReader.requireOpen (0x00007a39d36b9b88) [0x00007a39d36b9c80, 0x00007a39d36b9e88] Compiler: c1, Barriers: 0, Oops: 0, ImmediateOops: 1, NonImmediateOops: No
[1,405s][debug][gc,nmethod  ] Register NMethod: jdk.internal.jimage.ImageStringsReader.hashCode (0x00007a39d36b9f08) [0x00007a39d36ba000, 0x00007a39d36ba1b0] Compiler: c1, Barriers: 0, Oops: 0, ImmediateOops: 0, NonImmediateOops: No
[1,405s][debug][gc,nmethod  ] Register NMethod: java.lang.String.startsWith (0x00007a39f2c3e908) [0x00007a39f2c3ea00, 0x00007a39f2c3ed18] Compiler: jvmci, Barriers: 2, Oops: 0, ImmediateOops: 0, NonImmediateOops: No
[1,405s][debug][gc,nmethod  ] Register NMethod: jdk.internal.loader.BuiltinClassLoader.moduleReaderFor (0x00007a39d36ba208) [0x00007a39d36ba300, 0x00007a39d36baf08] Compiler: c1, Barriers: 5, Oops: 0, ImmediateOops: 0, NonImmediateOops: No
[1,405s][debug][gc,nmethod  ] Register NMethod: jdk.internal.jimage.BasicImageReader.getLocationIndex (0x00007a39d36baf88) [0x00007a39d36bb080, 0x00007a39d36bb848] Compiler: c1, Barriers: 2, Oops: 0, ImmediateOops: 0, NonImmediateOops: No
[1,406s][debug][gc,nmethod  ] Register NMethod: jdk.internal.classfile.impl.DirectCodeBuilder.<init> (0x00007a39d36bb888) [0x00007a39d36bb980, 0x00007a39d36bd630] Compiler: c1, Barriers: 56, Oops: 0, ImmediateOops: 6, NonImmediateOops: No
[1,406s][debug][gc,nmethod  ] Register NMethod: jdk.internal.jimage.ImageReader.verifyLocation (0x00007a39d36bd688) [0x00007a39d36bd780, 0x00007a39d36bdc30] Compiler: c1, Barriers: 1, Oops: 0, ImmediateOops: 1, NonImmediateOops: No
[1,406s][debug][gc,nmethod  ] Register NMethod: jdk.internal.module.SystemModuleFinders$SystemModuleReader.containsImageLocation (0x00007a39d36bdc88) [0x00007a39d36bdd80, 0x00007a39d36be760] Compiler: c1, Barriers: 2, Oops: 1, ImmediateOops: 4, NonImmediateOops: No
[1,406s][debug][gc,nmethod  ] Register NMethod: jdk.internal.module.SystemModuleFinders$SystemModuleReader.find (0x00007a39d36be788) [0x00007a39d36be880, 0x00007a39d36bfef0] Compiler: c1, Barriers: 5, Oops: 2, ImmediateOops: 4, NonImmediateOops: No
[1,406s][debug][gc,nmethod  ] Register NMethod: jdk.internal.classfile.impl.Util.maxLocals (0x00007a39d36bff08) [0x00007a39d36c0000, 0x00007a39d36c0170] Compiler: c1, Barriers: 0, Oops: 0, ImmediateOops: 0, NonImmediateOops: No
[1,406s][debug][gc,nmethod  ] Register NMethod: jdk.internal.jimage.BasicImageReader.verifyLocation (0x00007a39d36c0208) [0x00007a39d36c0300, 0x00007a39d36c0798] Compiler: c1, Barriers: 3, Oops: 0, ImmediateOops: 0, NonImmediateOops: No
[1,406s][debug][gc,nmethod  ] Register NMethod: jdk.internal.classfile.impl.ClassFileImpl.passDebugElements (0x00007a39d36c0808) [0x00007a39d36c0900, 0x00007a39d36c0b40] Compiler: c1, Barriers: 2, Oops: 0, ImmediateOops: 0, NonImmediateOops: No
[1,406s][debug][gc,nmethod  ] Register NMethod: java.lang.classfile.Attributes.code (0x00007a39d36c0b88) [0x00007a39d36c0c80, 0x00007a39d36c0d68] Compiler: c1, Barriers: 0, Oops: 0, ImmediateOops: 1, NonImmediateOops: No
[1,406s][debug][gc,nmethod  ] Register NMethod: jdk.internal.classfile.impl.DirectCodeBuilder.setLabelTarget (0x00007a39d36c0e88) [0x00007a39d36c0f80, 0x00007a39d36c1698] Compiler: c1, Barriers: 1, Oops: 0, ImmediateOops: 0, NonImmediateOops: No
[1,406s][debug][gc,nmethod  ] Register NMethod: jdk.internal.classfile.impl.UnboundAttribute$AdHocAttribute.<init> (0x00007a39d36c1708) [0x00007a39d36c1800, 0x00007a39d36c1a90] Compiler: c1, Barriers: 3, Oops: 0, ImmediateOops: 0, NonImmediateOops: No
[1,406s][debug][gc,nmethod  ] Register NMethod: java.util.jar.JarFile.getEntry (0x00007a39f2c3ed88) [0x00007a39f2c3ee80, 0x00007a39f2c402f0] Compiler: jvmci, Barriers: 14, Oops: 2, ImmediateOops: 8, NonImmediateOops: No
[1,406s][debug][gc,nmethod  ] Register NMethod: jdk.internal.classfile.impl.DirectClassBuilder.withMethod (0x00007a39d36c1b08) [0x00007a39d36c1c00, 0x00007a39d36c25b8] Compiler: c1, Barriers: 9, Oops: 0, ImmediateOops: 0, NonImmediateOops: No
[1,406s][debug][gc,nmethod  ] Register NMethod: jdk.internal.classfile.impl.DirectCodeBuilder$4.<init> (0x00007a39d36c2608) [0x00007a39d36c2700, 0x00007a39d36c2bc0] Compiler: c1, Barriers: 6, Oops: 0, ImmediateOops: 0, NonImmediateOops: No
[1,407s][debug][gc,nmethod  ] Register NMethod: jdk.internal.classfile.impl.UnboundAttribute$AdHocAttribute.writeTo (0x00007a39d36c2c08) [0x00007a39d36c2d00, 0x00007a39d36c4740] Compiler: c1, Barriers: 5, Oops: 0, ImmediateOops: 0, NonImmediateOops: No
[1,407s][debug][gc,nmethod  ] Register NMethod: jdk.internal.classfile.impl.DirectCodeBuilder.buildContent (0x00007a39d36c4788) [0x00007a39d36c4880, 0x00007a39d36c6280] Compiler: c1, Barriers: 23, Oops: 1, ImmediateOops: 2, NonImmediateOops: No
[1,407s][debug][gc,nmethod  ] Register NMethod: jdk.internal.classfile.impl.ClassFileImpl.stackMapsWhenRequired (0x00007a39d36c6308) [0x00007a39d36c6400, 0x00007a39d36c65b8] Compiler: c1, Barriers: 1, Oops: 0, ImmediateOops: 1, NonImmediateOops: No
[1,407s][debug][gc,nmethod  ] Register NMethod: jdk.internal.classfile.impl.TerminalCodeBuilder.setupTopLocal (0x00007a39d36c6608) [0x00007a39d36c6700, 0x00007a39d36c8c88] Compiler: c1, Barriers: 1, Oops: 1, ImmediateOops: 3, NonImmediateOops: No
[1,407s][debug][gc,nmethod  ] Register NMethod: java.util.ArrayDeque.elementAt (0x00007a39f2c40308) [0x00007a39f2c40400, 0x00007a39f2c404f0] Compiler: jvmci, Barriers: 1, Oops: 0, ImmediateOops: 0, NonImmediateOops: No
[1,407s][debug][gc,nmethod  ] Register NMethod: jdk.internal.classfile.impl.RawBytecodeHelper$CodeRange.<init> (0x00007a39d36c8d08) [0x00007a39d36c8e00, 0x00007a39d36c9038] Compiler: c1, Barriers: 3, Oops: 0, ImmediateOops: 0, NonImmediateOops: No
[1,407s][debug][gc,nmethod  ] Register NMethod: jdk.internal.classfile.impl.BufWriterImpl.bytecodeView (0x00007a39d36c9088) [0x00007a39d36c9180, 0x00007a39d36c9500] Compiler: c1, Barriers: 4, Oops: 0, ImmediateOops: 0, NonImmediateOops: No
[1,407s][debug][gc,nmethod  ] Register NMethod: jdk.internal.classfile.impl.RawBytecodeHelper.of (0x00007a39d36c9508) [0x00007a39d36c9600, 0x00007a39d36c98c8] Compiler: c1, Barriers: 3, Oops: 0, ImmediateOops: 0, NonImmediateOops: No
[1,407s][debug][gc,nmethod  ] Register NMethod: jdk.internal.classfile.impl.BufWriterImpl.writeBytes (0x00007a39d36c9908) [0x00007a39d36c9a00, 0x00007a39d36c9d40] Compiler: c1, Barriers: 1, Oops: 0, ImmediateOops: 0, NonImmediateOops: No
[1,407s][debug][gc,nmethod  ] Register NMethod: java.lang.StringBuilder.<init> (0x00007a39d36c9d88) [0x00007a39d36c9e80, 0x00007a39d36c9fb0] Compiler: c1, Barriers: 0, Oops: 0, ImmediateOops: 0, NonImmediateOops: No
[1,407s][debug][gc,nmethod  ] Register NMethod: java.io.File.exists (0x00007a39d36ca088) [0x00007a39d36ca180, 0x00007a39d36ca530] Compiler: c1, Barriers: 0, Oops: 0, ImmediateOops: 1, NonImmediateOops: No
[1,408s][debug][gc,nmethod  ] Register NMethod: jdk.internal.classfile.impl.DirectMethodBuilder.writeTo (0x00007a39d36ca588) [0x00007a39d36ca680, 0x00007a39d36cec90] Compiler: c1, Barriers: 5, Oops: 1, ImmediateOops: 6, NonImmediateOops: No
[1,408s][debug][gc,nmethod  ] Register NMethod: java.lang.ref.SoftReference.<init> (0x00007a39d36ced08) [0x00007a39d36cee00, 0x00007a39d36cf148] Compiler: c1, Barriers: 6, Oops: 0, ImmediateOops: 2, NonImmediateOops: No
[1,408s][debug][gc,nmethod  ] Register NMethod: jdk.internal.classfile.impl.DirectCodeBuilder.writeExceptionHandlers (0x00007a39d36cf188) [0x00007a39d36cf280, 0x00007a39d36cfda0] Compiler: c1, Barriers: 3, Oops: 0, ImmediateOops: 0, NonImmediateOops: No
[1,408s][debug][gc,nmethod  ] Register NMethod: java.util.zip.ZipFile.getManifestName (0x00007a39d36cfe08) [0x00007a39d36cff00, 0x00007a39d36d03c8] Compiler: c1, Barriers: 3, Oops: 0, ImmediateOops: 0, NonImmediateOops: No
[1,408s][debug][gc,nmethod  ] Register NMethod: java.lang.String.codePointAt (0x00007a39d36d0408) [0x00007a39d36d0500, 0x00007a39d36d0b58] Compiler: c1, Barriers: 2, Oops: 1, ImmediateOops: 2, NonImmediateOops: No
[1,408s][debug][gc,nmethod  ] Register NMethod: jdk.internal.classfile.impl.DirectCodeBuilder$4.writeBody (0x00007a39d36d0b88) [0x00007a39d36d0c80, 0x00007a39d36d4c68] Compiler: c1, Barriers: 31, Oops: 1, ImmediateOops: 6, NonImmediateOops: No
[1,409s][debug][gc,nmethod  ] Register NMethod: jdk.internal.reflect.Reflection.getClassAccessFlags (0x00007a39f2c40608) [0x00007a39f2c40700, 0x00007a39f2c40868] Compiler: , Barriers: 0, Oops: 0, ImmediateOops: 1, NonImmediateOops: No
[1,410s][debug][gc,nmethod  ] Register NMethod: jdk.internal.misc.Unsafe.fullFence (0x00007a39f2c40908) [0x00007a39f2c40a00, 0x00007a39f2c40b48] Compiler: , Barriers: 0, Oops: 0, ImmediateOops: 0, NonImmediateOops: No
[1,411s][debug][gc,nmethod  ] Register NMethod: jdk.internal.classfile.impl.EntryMap.firstToken (0x00007a39f2c40c08) [0x00007a39f2c40d00, 0x00007a39f2c40f20] Compiler: jvmci, Barriers: 1, Oops: 0, ImmediateOops: 0, NonImmediateOops: No
[1,412s][debug][gc,nmethod  ] Register NMethod: jdk.internal.loader.URLClassPath$JarLoader.getResource (0x00007a39f2c40f88) [0x00007a39f2c41080, 0x00007a39f2c42790] Compiler: jvmci, Barriers: 19, Oops: 2, ImmediateOops: 8, NonImmediateOops: No
[1,413s][debug][gc,director ] Rule Major: Warmup 10%, Used: 74MB, UsedThreshold: 1228MB
[1,413s][debug][gc,nmethod  ] Register NMethod: sun.net.www.ParseUtil.firstEncodeIndex (0x00007a39f2c42808) [0x00007a39f2c42900, 0x00007a39f2c42d60] Compiler: jvmci, Barriers: 1, Oops: 0, ImmediateOops: 0, NonImmediateOops: No
[1,414s][debug][gc,nmethod  ] Register NMethod: java.lang.Package.isSealed (0x00007a39d36d4c88) [0x00007a39d36d4d80, 0x00007a39d36d5408] Compiler: c1, Barriers: 4, Oops: 0, ImmediateOops: 0, NonImmediateOops: No
[1,414s][debug][gc,nmethod  ] Register NMethod: java.lang.invoke.MethodHandle.linkToStatic (0x00007a39f2c42d88) [0x00007a39f2c42e80, 0x00007a39f2c42f70] Compiler: , Barriers: 0, Oops: 0, ImmediateOops: 0, NonImmediateOops: No
[1,414s][debug][gc,nmethod  ] Register NMethod: java.lang.invoke.MethodHandleNatives.refKindIsField (0x00007a39d36d5488) [0x00007a39d36d5580, 0x00007a39d36d56c0] Compiler: c1, Barriers: 0, Oops: 0, ImmediateOops: 0, NonImmediateOops: No
[1,414s][debug][gc,nmethod  ] Register NMethod: java.lang.AbstractStringBuilder.<init> (0x00007a39f2c43088) [0x00007a39f2c43180, 0x00007a39f2c433f0] Compiler: jvmci, Barriers: 3, Oops: 0, ImmediateOops: 0, NonImmediateOops: No
[1,415s][debug][gc,nmethod  ] Register NMethod: java.util.logging.LogManager$LoggerContext.getOwner (0x00007a39f2c43408) [0x00007a39f2c43500, 0x00007a39f2c435e8] Compiler: c1, Barriers: 1, Oops: 0, ImmediateOops: 0, NonImmediateOops: No
[1,416s][debug][gc,nmethod  ] Register NMethod: jdk.internal.jimage.ImageStringsReader.unmaskedHashCode (0x00007a39f2c43708) [0x00007a39f2c43800, 0x00007a39f2c43cb0] Compiler: jvmci, Barriers: 1, Oops: 0, ImmediateOops: 0, NonImmediateOops: No
[1,416s][debug][gc,nmethod  ] Register NMethod: java.util.jar.JarFile.getVersionedEntry (0x00007a39d36d5788) [0x00007a39d36d5880, 0x00007a39d36d73b0] Compiler: c1, Barriers: 3, Oops: 3, ImmediateOops: 5, NonImmediateOops: No
[1,416s][debug][gc,nmethod  ] Register NMethod: java.lang.invoke.MemberName.getReferenceKind (0x00007a39f2c43d08) [0x00007a39f2c43e00, 0x00007a39f2c43e90] Compiler: jvmci, Barriers: 0, Oops: 0, ImmediateOops: 0, NonImmediateOops: No
[1,416s][debug][gc,nmethod  ] Register NMethod: jdk.internal.jimage.ImageStringsReader.match (0x00007a39d36d7408) [0x00007a39d36d7500, 0x00007a39d36d7830] Compiler: c1, Barriers: 1, Oops: 0, ImmediateOops: 0, NonImmediateOops: No
[1,416s][debug][gc,nmethod  ] Register NMethod: jdk.internal.jimage.BasicImageReader.match (0x00007a39d36d7888) [0x00007a39d36d7980, 0x00007a39d36d7dd8] Compiler: c1, Barriers: 1, Oops: 0, ImmediateOops: 1, NonImmediateOops: No
[1,416s][debug][gc,nmethod  ] Register NMethod: java.lang.invoke.MemberName.isCallerSensitive (0x00007a39d36d7e08) [0x00007a39d36d7f00, 0x00007a39d36d80b8] Compiler: c1, Barriers: 0, Oops: 0, ImmediateOops: 0, NonImmediateOops: No
[1,417s][debug][gc,nmethod  ] Register NMethod: jdk.internal.jimage.ImageStringsReader.stringFromByteBufferMatches (0x00007a39d36d8108) [0x00007a39d36d8200, 0x00007a39d36da0f0] Compiler: c1, Barriers: 5, Oops: 1, ImmediateOops: 4, NonImmediateOops: No
[1,417s][debug][gc,nmethod  ] Register NMethod: java.lang.invoke.Invokers$Holder.linkToTargetMethod (0x00007a39d36da108) [0x00007a39d36da200, 0x00007a39d36da6f8] Compiler: c1, Barriers: 0, Oops: 0, ImmediateOops: 0, NonImmediateOops: No
[1,417s][debug][gc,nmethod  ] Register NMethod: jdk.internal.jimage.ImageLocation.verifyName (0x00007a39d36da708) [0x00007a39d36da800, 0x00007a39d36dcdd8] Compiler: c1, Barriers: 9, Oops: 1, ImmediateOops: 4, NonImmediateOops: No
[1,417s][debug][gc,nmethod  ] Register NMethod: java.util.Properties.getProperty (0x00007a39d36dce08) [0x00007a39d36dcf00, 0x00007a39d36dd7a0] Compiler: c1, Barriers: 2, Oops: 0, ImmediateOops: 0, NonImmediateOops: No
[1,417s][debug][gc,nmethod  ] Register NMethod: sun.net.www.protocol.file.Handler.parseURL (0x00007a39d36dd808) [0x00007a39d36dd900, 0x00007a39d36ddc70] Compiler: c1, Barriers: 0, Oops: 0, ImmediateOops: 0, NonImmediateOops: No
[1,418s][debug][gc,nmethod  ] Register NMethod: java.lang.invoke.MethodHandle.linkToStatic (0x00007a39f2c44008) [0x00007a39f2c44100, 0x00007a39f2c441f0] Compiler: , Barriers: 0, Oops: 0, ImmediateOops: 0, NonImmediateOops: No
[1,418s][debug][gc,nmethod  ] Register NMethod: jdk.internal.misc.Unsafe.shouldBeInitialized0 (0x00007a39f2c44308) [0x00007a39f2c44400, 0x00007a39f2c44570] Compiler: , Barriers: 0, Oops: 0, ImmediateOops: 0, NonImmediateOops: No
[1,418s][debug][gc,nmethod  ] Register NMethod: java.lang.String.indexOf (0x00007a39f2c44608) [0x00007a39f2c44700, 0x00007a39f2c44848] Compiler: jvmci, Barriers: 1, Oops: 0, ImmediateOops: 0, NonImmediateOops: No
[1,419s][debug][gc,nmethod  ] Register NMethod: jdk.internal.jimage.ImageLocation.verify (0x00007a39d36ddc88) [0x00007a39d36ddd80, 0x00007a39d36df7f0] Compiler: c1, Barriers: 1, Oops: 1, ImmediateOops: 2, NonImmediateOops: No
[1,419s][debug][gc,nmethod  ] Register NMethod: java.nio.DirectByteBuffer.get (0x00007a39f2c44908) [0x00007a39f2c44a00, 0x00007a39f2c44b28] Compiler: jvmci, Barriers: 1, Oops: 0, ImmediateOops: 0, NonImmediateOops: No
[1,420s][debug][gc,nmethod  ] Register NMethod: jdk.internal.classfile.impl.AbstractPoolEntry$MethodRefEntryImpl.<init> (0x00007a39d36df808) [0x00007a39d36df900, 0x00007a39d36dfa50] Compiler: c1, Barriers: 0, Oops: 0, ImmediateOops: 0, NonImmediateOops: No
[1,420s][debug][gc,nmethod  ] Register NMethod: java.util.stream.AbstractPipeline.getStreamAndOpFlags (0x00007a39f2c44c08) [0x00007a39f2c44d00, 0x00007a39f2c44dc0] Compiler: c1, Barriers: 0, Oops: 0, ImmediateOops: 0, NonImmediateOops: No
[1,420s][debug][gc,nmethod  ] Register NMethod: jdk.internal.loader.BuiltinClassLoader.hasClassPath (0x00007a39d36dfb08) [0x00007a39d36dfc00, 0x00007a39d36dfd88] Compiler: c1, Barriers: 1, Oops: 0, ImmediateOops: 0, NonImmediateOops: No
[1,420s][debug][gc,nmethod  ] Register NMethod: java.nio.Buffer.position (0x00007a39f2c44f08) [0x00007a39f2c45000, 0x00007a39f2c450c0] Compiler: c1, Barriers: 0, Oops: 0, ImmediateOops: 0, NonImmediateOops: No
[1,420s][debug][gc,nmethod  ] Register NMethod: java.nio.Buffer.hasRemaining (0x00007a39d36dfe08) [0x00007a39d36dff00, 0x00007a39d36e0050] Compiler: c1, Barriers: 0, Oops: 0, ImmediateOops: 0, NonImmediateOops: No
[1,420s][debug][gc,nmethod  ] Register NMethod: java.lang.Character.isJavaIdentifierPart (0x00007a39d36e0108) [0x00007a39d36e0200, 0x00007a39d36e0530] Compiler: c1, Barriers: 0, Oops: 0, ImmediateOops: 0, NonImmediateOops: No
[1,420s][debug][gc,nmethod  ] Register NMethod: java.lang.CharacterDataLatin1.isJavaIdentifierPart (0x00007a39d36e0588) [0x00007a39d36e0680, 0x00007a39d36e0a18] Compiler: c1, Barriers: 0, Oops: 0, ImmediateOops: 1, NonImmediateOops: No
[1,421s][debug][gc,nmethod  ] Register NMethod: java.lang.invoke.InfoFromMemberName.getReferenceKind (0x00007a39f2c45208) [0x00007a39f2c45300, 0x00007a39f2c453c0] Compiler: c1, Barriers: 0, Oops: 0, ImmediateOops: 0, NonImmediateOops: No
[1,421s][debug][gc,nmethod  ] Register NMethod: java.lang.classfile.ClassFile.latestMajorVersion (0x00007a39f2c45508) [0x00007a39f2c45600, 0x00007a39f2c456a0] Compiler: c1, Barriers: 0, Oops: 0, ImmediateOops: 0, NonImmediateOops: No
[1,421s][debug][gc,nmethod  ] Register NMethod: java.lang.classfile.ClassFile.latestMinorVersion (0x00007a39f2c45808) [0x00007a39f2c45900, 0x00007a39f2c459a0] Compiler: c1, Barriers: 0, Oops: 0, ImmediateOops: 0, NonImmediateOops: No
[1,421s][debug][gc,nmethod  ] Register NMethod: jdk.internal.classfile.impl.DirectClassBuilder.setFlags (0x00007a39f2c45b08) [0x00007a39f2c45c00, 0x00007a39f2c45cc0] Compiler: c1, Barriers: 0, Oops: 0, ImmediateOops: 0, NonImmediateOops: No
[1,421s][debug][gc,nmethod  ] Register NMethod: jdk.internal.classfile.impl.StackMapGenerator$Frame.popStack (0x00007a39d36e0a88) [0x00007a39d36e0b80, 0x00007a39d36e0e78] Compiler: c1, Barriers: 4, Oops: 1, ImmediateOops: 1, NonImmediateOops: No
[1,421s][debug][gc,nmethod  ] Rebuilding NMethod Table: 2048->4096 entries, 1434(70%->35%) registered, 0(0%->0%) unregistered
[1,421s][debug][gc,nmethod  ] Register NMethod: jdk.internal.classfile.impl.BufWriterImpl.writeBytes (0x00007a39d36e0e88) [0x00007a39d36e0f80, 0x00007a39d36e1470] Compiler: c1, Barriers: 2, Oops: 0, ImmediateOops: 0, NonImmediateOops: No
[1,421s][debug][gc,nmethod  ] Register NMethod: jdk.internal.classfile.impl.Util.writeList (0x00007a39d36e1488) [0x00007a39d36e1580, 0x00007a39d36e1f10] Compiler: c1, Barriers: 3, Oops: 0, ImmediateOops: 0, NonImmediateOops: No
[1,422s][debug][gc,nmethod  ] Register NMethod: jdk.internal.classfile.impl.StackMapGenerator.processInvokeInstructions (0x00007a39d36e1f88) [0x00007a39d36e2080, 0x00007a39d36e8b50] Compiler: c1, Barriers: 19, Oops: 5, ImmediateOops: 17, NonImmediateOops: No
[1,422s][debug][gc,nmethod  ] Register NMethod: jdk.internal.classfile.impl.BufWriterImpl.copyTo (0x00007a39d36e8b88) [0x00007a39d36e8c80, 0x00007a39d36e9040] Compiler: c1, Barriers: 1, Oops: 0, ImmediateOops: 0, NonImmediateOops: No
[1,422s][debug][gc,nmethod  ] Register NMethod: java.io.UnixFileSystem.trimSeparator (0x00007a39d36e9088) [0x00007a39d36e9180, 0x00007a39d36ea170] Compiler: c1, Barriers: 1, Oops: 1, ImmediateOops: 2, NonImmediateOops: No
[1,423s][debug][gc,nmethod  ] Register NMethod: java.io.UnixFileSystem.resolve (0x00007a39d36ea188) [0x00007a39d36ea280, 0x00007a39d36ed710] Compiler: c1, Barriers: 1, Oops: 1, ImmediateOops: 7, NonImmediateOops: No
[1,423s][debug][gc,nmethod  ] Register NMethod: java.lang.invoke.MethodHandles$Lookup.<init> (0x00007a39d36ed788) [0x00007a39d36ed880, 0x00007a39d36edaf0] Compiler: c1, Barriers: 6, Oops: 0, ImmediateOops: 0, NonImmediateOops: No
[1,423s][debug][gc,director ] Rule Major: Warmup 10%, Used: 74MB, UsedThreshold: 1228MB
[1,423s][debug][gc,nmethod  ] Register NMethod: jdk.internal.classfile.impl.RawBytecodeHelper.next (0x00007a39f2c45e08) [0x00007a39f2c45f00, 0x00007a39f2c46128] Compiler: jvmci, Barriers: 2, Oops: 0, ImmediateOops: 1, NonImmediateOops: No
[1,425s][debug][gc,nmethod  ] Register NMethod: jdk.internal.classfile.impl.DirectCodeBuilder.checkcast (0x00007a39d36edb08) [0x00007a39d36edc00, 0x00007a39d36ee350] Compiler: c1, Barriers: 1, Oops: 0, ImmediateOops: 0, NonImmediateOops: No
[1,425s][debug][gc,nmethod  ] Register NMethod: java.lang.classfile.CodeBuilder.checkcast (0x00007a39d36ee388) [0x00007a39d36ee480, 0x00007a39d36eedb8] Compiler: c1, Barriers: 2, Oops: 0, ImmediateOops: 0, NonImmediateOops: No
[1,425s][debug][gc,nmethod  ] Register NMethod: java.io.File.<init> (0x00007a39d36eee08) [0x00007a39d36eef00, 0x00007a39d36efdc8] Compiler: c1, Barriers: 15, Oops: 2, ImmediateOops: 6, NonImmediateOops: No
[1,426s][debug][gc,nmethod  ] Register NMethod: java.util.HashMap.getOrDefault (0x00007a39d36efe08) [0x00007a39d36eff00, 0x00007a39d36f0278] Compiler: c1, Barriers: 1, Oops: 0, ImmediateOops: 0, NonImmediateOops: No
[1,426s][debug][gc,nmethod  ] Register NMethod: jdk.internal.loader.URLClassPath$FileLoader.getResource (0x00007a39d36f0288) [0x00007a39d36f0380, 0x00007a39d36f2598] Compiler: c1, Barriers: 9, Oops: 1, ImmediateOops: 2, NonImmediateOops: No
[1,426s][debug][gc,nmethod  ] Register NMethod: sun.net.util.IPAddressUtil.checkAuth (0x00007a39d36f2608) [0x00007a39d36f2700, 0x00007a39d36f3c48] Compiler: c1, Barriers: 2, Oops: 2, ImmediateOops: 4, NonImmediateOops: No
[1,426s][debug][gc,nmethod  ] Register NMethod: java.lang.invoke.DirectMethodHandle.preparedLambdaForm (0x00007a39d36f3c88) [0x00007a39d36f3d80, 0x00007a39d36f4c10] Compiler: c1, Barriers: 4, Oops: 0, ImmediateOops: 0, NonImmediateOops: No
[1,427s][debug][gc,nmethod  ] Register NMethod: java.lang.invoke.BoundMethodHandle.<init> (0x00007a39d36f4c88) [0x00007a39d36f4d80, 0x00007a39d36f4ed8] Compiler: c1, Barriers: 0, Oops: 0, ImmediateOops: 0, NonImmediateOops: No
[1,427s][debug][gc,nmethod  ] Register NMethod: java.lang.invoke.MethodHandleImpl.isCompileConstant (0x00007a39f2c46188) [0x00007a39f2c46280, 0x00007a39f2c46320] Compiler: c1, Barriers: 0, Oops: 0, ImmediateOops: 0, NonImmediateOops: No
[1,427s][debug][gc,nmethod  ] Register NMethod: jdk.internal.loader.URLClassPath$FileLoader.getResource (0x00007a39d36f0288) [0x00007a39d36f0380, 0x00007a39d36f2598] Compiler: c1, Barriers: 9, Oops: 1, ImmediateOops: 2, NonImmediateOops: No
[1,428s][debug][gc,nmethod  ] Register NMethod: java.util.BitSet.length (0x00007a39d36f4f88) [0x00007a39d36f5080, 0x00007a39d36f5358] Compiler: c1, Barriers: 1, Oops: 0, ImmediateOops: 0, NonImmediateOops: No
[1,428s][debug][gc,nmethod  ] Register NMethod: java.net.URLStreamHandler.parseURL (0x00007a39d36f5388) [0x00007a39d36f5480, 0x00007a39d3714398] Compiler: c1, Barriers: 68, Oops: 8, ImmediateOops: 75, NonImmediateOops: No
[1,432s][debug][gc,nmethod  ] Register NMethod: jdk.internal.misc.Unsafe.putInt (0x00007a39f2c46488) [0x00007a39f2c46580, 0x00007a39f2c466d8] Compiler: , Barriers: 0, Oops: 0, ImmediateOops: 0, NonImmediateOops: No
[1,432s][debug][gc,nmethod  ] Register NMethod: jdk.internal.misc.Unsafe.getIntVolatile (0x00007a39f2c46788) [0x00007a39f2c46880, 0x00007a39f2c469e8] Compiler: , Barriers: 0, Oops: 0, ImmediateOops: 0, NonImmediateOops: No
[1,433s][debug][gc,director ] Rule Major: Warmup 10%, Used: 76MB, UsedThreshold: 1228MB
[1,434s][debug][gc,nmethod  ] Register NMethod: java.lang.ClassLoader.defineClass0 (0x00007a39f2c46a88) [0x00007a39f2c46b80, 0x00007a39f2c46f38] Compiler: , Barriers: 0, Oops: 0, ImmediateOops: 1, NonImmediateOops: No
[1,434s][debug][gc,nmethod  ] Register NMethod: jdk.internal.classfile.impl.ClassFileImpl.classHierarchyResolver (0x00007a39d3714408) [0x00007a39d3714500, 0x00007a39d3714900] Compiler: c1, Barriers: 1, Oops: 0, ImmediateOops: 1, NonImmediateOops: No
[1,434s][debug][gc,nmethod  ] Register NMethod: jdk.internal.classfile.impl.ClassHierarchyImpl.<init> (0x00007a39d3714908) [0x00007a39d3714a00, 0x00007a39d3715170] Compiler: c1, Barriers: 3, Oops: 0, ImmediateOops: 0, NonImmediateOops: No
[1,434s][debug][gc,nmethod  ] Register NMethod: jdk.internal.classfile.impl.StackMapGenerator.of (0x00007a39d3715188) [0x00007a39d3715280, 0x00007a39d37167f0] Compiler: c1, Barriers: 14, Oops: 0, ImmediateOops: 0, NonImmediateOops: No
[1,434s][debug][gc,nmethod  ] Register NMethod: jdk.internal.classfile.impl.StackMapGenerator.<init> (0x00007a39d3716808) [0x00007a39d3716900, 0x00007a39d37186f0] Compiler: c1, Barriers: 42, Oops: 0, ImmediateOops: 2, NonImmediateOops: No
[1,434s][debug][gc,nmethod  ] Register NMethod: java.lang.invoke.DirectMethodHandle.preparedLambdaForm (0x00007a39d3718708) [0x00007a39d3718800, 0x00007a39d371b268] Compiler: c1, Barriers: 10, Oops: 0, ImmediateOops: 0, NonImmediateOops: No
[1,434s][debug][gc,nmethod  ] Register NMethod: java.lang.classfile.ClassHierarchyResolver.cached (0x00007a39d371b288) [0x00007a39d371b380, 0x00007a39d371b688] Compiler: c1, Barriers: 0, Oops: 0, ImmediateOops: 1, NonImmediateOops: No
[1,434s][debug][gc,nmethod  ] Register NMethod: java.lang.classfile.ClassHierarchyResolver.cached (0x00007a39d371b708) [0x00007a39d371b800, 0x00007a39d371bdd0] Compiler: c1, Barriers: 0, Oops: 0, ImmediateOops: 0, NonImmediateOops: No
[1,435s][debug][gc,nmethod  ] Register NMethod: java.lang.classfile.ClassHierarchyResolver$1Factory.get (0x00007a39d371be08) [0x00007a39d371bf00, 0x00007a39d371c180] Compiler: c1, Barriers: 0, Oops: 0, ImmediateOops: 0, NonImmediateOops: No
[1,435s][debug][gc,nmethod  ] Register NMethod: java.lang.classfile.ClassHierarchyResolver$1Factory.get (0x00007a39d371c188) [0x00007a39d371c280, 0x00007a39d371c710] Compiler: c1, Barriers: 0, Oops: 0, ImmediateOops: 0, NonImmediateOops: No
[1,435s][debug][gc,nmethod  ] Register NMethod: jdk.internal.classfile.impl.ClassHierarchyImpl$CachedClassHierarchyResolver.<init> (0x00007a39d371c788) [0x00007a39d371c880, 0x00007a39d371ccb8] Compiler: c1, Barriers: 9, Oops: 0, ImmediateOops: 0, NonImmediateOops: No
[1,435s][debug][gc,nmethod  ] Register NMethod: jdk.internal.classfile.impl.ClassHierarchyImpl$CachedClassHierarchyResolver$1.<init> (0x00007a39d371cd08) [0x00007a39d371ce00, 0x00007a39d371d128] Compiler: c1, Barriers: 3, Oops: 0, ImmediateOops: 0, NonImmediateOops: No
[1,435s][debug][gc,nmethod  ] Register NMethod: jdk.internal.classfile.impl.StackMapGenerator$Frame.setLocalsFromArg (0x00007a39d371d188) [0x00007a39d371d280, 0x00007a39d371f7a8] Compiler: c1, Barriers: 24, Oops: 1, ImmediateOops: 13, NonImmediateOops: No
[1,435s][debug][gc,nmethod  ] Register NMethod: jdk.internal.classfile.impl.ClassFileImpl.patchDeadCode (0x00007a39d371f808) [0x00007a39d371f900, 0x00007a39d371fb40] Compiler: c1, Barriers: 2, Oops: 0, ImmediateOops: 0, NonImmediateOops: No
[1,435s][debug][gc,nmethod  ] Register NMethod: jdk.internal.classfile.impl.StackMapGenerator.processMethod (0x00007a39d371fb88) [0x00007a39d371fc80, 0x00007a39d37221d8] Compiler: c1, Barriers: 15, Oops: 3, ImmediateOops: 4, NonImmediateOops: No
[1,435s][debug][gc,nmethod  ] Register NMethod: jdk.internal.classfile.impl.StackMapGenerator.detectFrames (0x00007a39d3722208) [0x00007a39d3722300, 0x00007a39d3725958] Compiler: c1, Barriers: 7, Oops: 1, ImmediateOops: 2, NonImmediateOops: No
[1,435s][debug][gc,nmethod  ] Register NMethod: jdk.internal.classfile.impl.ClassFileImpl.dropDeadLabels (0x00007a39d3725988) [0x00007a39d3725a80, 0x00007a39d3725cc0] Compiler: c1, Barriers: 2, Oops: 0, ImmediateOops: 0, NonImmediateOops: No
[1,435s][debug][gc,nmethod  ] Register NMethod: jdk.internal.classfile.impl.StackMapGenerator$Frame.<init> (0x00007a39d3725d08) [0x00007a39d3725e00, 0x00007a39d3725f68] Compiler: c1, Barriers: 0, Oops: 0, ImmediateOops: 0, NonImmediateOops: No
[1,435s][debug][gc,nmethod  ] Register NMethod: jdk.internal.classfile.impl.StackMapGenerator.stackMapTableAttribute (0x00007a39d3726008) [0x00007a39d3726100, 0x00007a39d3726338] Compiler: c1, Barriers: 0, Oops: 0, ImmediateOops: 1, NonImmediateOops: No
[1,435s][debug][gc,nmethod  ] Register NMethod: java.util.stream.AbstractPipeline.isParallel (0x00007a39d3726388) [0x00007a39d3726480, 0x00007a39d37265b8] Compiler: c1, Barriers: 1, Oops: 0, ImmediateOops: 0, NonImmediateOops: No
[1,435s][debug][gc,nmethod  ] Register NMethod: jdk.internal.classfile.impl.StackMapGenerator$Frame.<init> (0x00007a39d3726688) [0x00007a39d3726780, 0x00007a39d3726c50] Compiler: c1, Barriers: 12, Oops: 0, ImmediateOops: 0, NonImmediateOops: No
[1,435s][debug][gc,nmethod  ] Register NMethod: jdk.internal.classfile.impl.StackMapGenerator.generate (0x00007a39d3726c88) [0x00007a39d3726d80, 0x00007a39d3727840] Compiler: c1, Barriers: 7, Oops: 0, ImmediateOops: 0, NonImmediateOops: No
[1,435s][debug][gc,nmethod  ] Register NMethod: jdk.internal.classfile.impl.StackMapGenerator.isAnyFrameDirty (0x00007a39d3727888) [0x00007a39d3727980, 0x00007a39d3727c18] Compiler: c1, Barriers: 2, Oops: 0, ImmediateOops: 0, NonImmediateOops: No
[1,436s][debug][gc,nmethod  ] Register NMethod: java.lang.invoke.MemberName.changeReferenceKind (0x00007a39d3727c88) [0x00007a39d3727d80, 0x00007a39d3727ea0] Compiler: c1, Barriers: 0, Oops: 0, ImmediateOops: 0, NonImmediateOops: No
[1,436s][debug][gc,nmethod  ] Register NMethod: java.net.URLClassLoader.findClass (0x00007a39d3727f88) [0x00007a39d3728080, 0x00007a39d372b020] Compiler: c1, Barriers: 6, Oops: 1, ImmediateOops: 8, NonImmediateOops: No
[1,436s][debug][gc,nmethod  ] Register NMethod: java.net.URLClassLoader.defineClass (0x00007a39d372b088) [0x00007a39d372b180, 0x00007a39d372f020] Compiler: c1, Barriers: 6, Oops: 1, ImmediateOops: 4, NonImmediateOops: No
[1,437s][debug][gc,nmethod  ] Register NMethod: java.util.regex.Pattern.has (0x00007a39d372f088) [0x00007a39d372f180, 0x00007a39d372f2d0] Compiler: c1, Barriers: 0, Oops: 0, ImmediateOops: 0, NonImmediateOops: No
[1,439s][debug][gc,nmethod  ] Register NMethod: jdk.internal.loader.Resource.cachedInputStream (0x00007a39d372f388) [0x00007a39d372f480, 0x00007a39d372f9e0] Compiler: c1, Barriers: 5, Oops: 0, ImmediateOops: 0, NonImmediateOops: No
[1,439s][debug][gc,nmethod  ] Register NMethod: jdk.internal.loader.URLClassPath$JarLoader.findResource (0x00007a39d372fa08) [0x00007a39d372fb00, 0x00007a39d372fe90] Compiler: c1, Barriers: 0, Oops: 0, ImmediateOops: 0, NonImmediateOops: No
[1,439s][debug][gc,nmethod  ] Register NMethod: jdk.internal.loader.Resource.getBytes (0x00007a39d372ff08) [0x00007a39d3730000, 0x00007a39d3731360] Compiler: c1, Barriers: 5, Oops: 0, ImmediateOops: 1, NonImmediateOops: No
[1,439s][debug][gc,nmethod  ] Register NMethod: java.lang.invoke.DirectMethodHandle.preparedLambdaForm (0x00007a39d3731388) [0x00007a39d3731480, 0x00007a39d3731598] Compiler: c1, Barriers: 0, Oops: 0, ImmediateOops: 0, NonImmediateOops: No
[1,439s][debug][gc,nmethod  ] Register NMethod: java.util.zip.ZipFile.getMetaInfVersions (0x00007a39d3731688) [0x00007a39d3731780, 0x00007a39d37321d0] Compiler: c1, Barriers: 4, Oops: 0, ImmediateOops: 2, NonImmediateOops: No
[1,440s][debug][gc,nmethod  ] Register NMethod: java.lang.invoke.MemberName.isVarargs (0x00007a39d3732208) [0x00007a39d3732300, 0x00007a39d37327f8] Compiler: c1, Barriers: 0, Oops: 0, ImmediateOops: 0, NonImmediateOops: No
[1,440s][debug][gc,nmethod  ] Register NMethod: java.lang.invoke.MethodHandles$Lookup.isArrayClone (0x00007a39d3732808) [0x00007a39d3732900, 0x00007a39d3733b78] Compiler: c1, Barriers: 7, Oops: 0, ImmediateOops: 2, NonImmediateOops: No
[1,440s][debug][gc,nmethod  ] Register NMethod: java.util.BitSet.previousSetBit (0x00007a39d3733b88) [0x00007a39d3733c80, 0x00007a39d3734e00] Compiler: c1, Barriers: 1, Oops: 1, ImmediateOops: 2, NonImmediateOops: No
[1,440s][debug][gc,nmethod  ] Register NMethod: java.lang.invoke.MethodHandle.setVarargs (0x00007a39d3734e88) [0x00007a39d3734f80, 0x00007a39d3736a98] Compiler: c1, Barriers: 0, Oops: 2, ImmediateOops: 4, NonImmediateOops: No
[1,440s][debug][gc,nmethod  ] Register NMethod: sun.invoke.util.VerifyAccess.isMemberAccessible (0x00007a39d3736b08) [0x00007a39d3736c00, 0x00007a39d37391e8] Compiler: c1, Barriers: 0, Oops: 1, ImmediateOops: 2, NonImmediateOops: No
[1,443s][debug][gc,nmethod  ] Register NMethod: java.lang.invoke.MethodHandleNatives.findMethodHandleType (0x00007a39d3739208) [0x00007a39d3739300, 0x00007a39d3739418] Compiler: c1, Barriers: 0, Oops: 0, ImmediateOops: 0, NonImmediateOops: No
[1,443s][debug][gc,director ] Rule Major: Warmup 10%, Used: 76MB, UsedThreshold: 1228MB
[1,444s][debug][gc,nmethod  ] Register NMethod: java.lang.invoke.MethodHandle.linkToVirtual (0x00007a39f2c46f88) [0x00007a39f2c47080, 0x00007a39f2c470a8] Compiler: , Barriers: 0, Oops: 0, ImmediateOops: 0, NonImmediateOops: No
[1,444s][debug][gc,nmethod  ] Register NMethod: java.lang.System$1.concat (0x00007a39d3739508) [0x00007a39d3739600, 0x00007a39d373bc18] Compiler: c1, Barriers: 6, Oops: 0, ImmediateOops: 6, NonImmediateOops: No
[1,444s][debug][gc,nmethod  ] Register NMethod: jdk.internal.constant.ConstantUtils.concat (0x00007a39d373bc88) [0x00007a39d373bd80, 0x00007a39d373e3e8] Compiler: c1, Barriers: 6, Oops: 0, ImmediateOops: 7, NonImmediateOops: No
[1,444s][debug][gc,nmethod  ] Register NMethod: java.util.jar.JarFile.getJarEntry (0x00007a39f2c47288) [0x00007a39f2c47380, 0x00007a39f2c48948] Compiler: jvmci, Barriers: 14, Oops: 2, ImmediateOops: 8, NonImmediateOops: No
[1,445s][debug][gc,nmethod  ] Register NMethod: java.lang.invoke.MethodHandleNatives.refKindIsMethod (0x00007a39d373e408) [0x00007a39d373e500, 0x00007a39d373e710] Compiler: c1, Barriers: 0, Oops: 0, ImmediateOops: 0, NonImmediateOops: No
[1,445s][debug][gc,nmethod  ] Register NMethod: jdk.internal.classfile.impl.SplitConstantPool.canWriteDirect (0x00007a39f2c48988) [0x00007a39f2c48a80, 0x00007a39f2c48bc8] Compiler: jvmci, Barriers: 1, Oops: 0, ImmediateOops: 0, NonImmediateOops: No
[1,445s][debug][gc,nmethod  ] Register NMethod: jdk.internal.classfile.impl.Util.fieldTypeSymbol (0x00007a39d373e788) [0x00007a39d373e880, 0x00007a39d373fc88] Compiler: c1, Barriers: 5, Oops: 0, ImmediateOops: 0, NonImmediateOops: No
[1,445s][debug][gc,nmethod  ] Register NMethod: jdk.internal.classfile.impl.BufWriterImpl.cpIndexOrZero (0x00007a39d373fd08) [0x00007a39d373fe00, 0x00007a39d37422b0] Compiler: c1, Barriers: 1, Oops: 1, ImmediateOops: 3, NonImmediateOops: No
[1,447s][debug][gc,nmethod  ] Register NMethod: java.lang.invoke.MethodHandleNatives.refKindHasReceiver (0x00007a39d3742308) [0x00007a39d3742400, 0x00007a39d3742540] Compiler: c1, Barriers: 0, Oops: 0, ImmediateOops: 0, NonImmediateOops: No
[1,448s][debug][gc,nmethod  ] Register NMethod: jdk.internal.classfile.impl.Util.buildingCode (0x00007a39d3742608) [0x00007a39d3742700, 0x00007a39d37429c0] Compiler: c1, Barriers: 3, Oops: 0, ImmediateOops: 0, NonImmediateOops: No
[1,448s][debug][gc,nmethod  ] Register NMethod: jdk.internal.classfile.impl.Util$1WithCodeMethodHandler.<init> (0x00007a39d3742a08) [0x00007a39d3742b00, 0x00007a39d3742d30] Compiler: c1, Barriers: 3, Oops: 0, ImmediateOops: 0, NonImmediateOops: No
[1,448s][debug][gc,nmethod  ] Register NMethod: jdk.internal.loader.URLClassPath$JarLoader.getResource (0x00007a39f2c48c88) [0x00007a39f2c48d80, 0x00007a39f2c4a460] Compiler: jvmci, Barriers: 19, Oops: 2, ImmediateOops: 8, NonImmediateOops: No
[1,448s][debug][gc,nmethod  ] Register NMethod: java.lang.classfile.ClassBuilder.withMethodBody (0x00007a39d3742d88) [0x00007a39d3742e80, 0x00007a39d37433f8] Compiler: c1, Barriers: 3, Oops: 0, ImmediateOops: 0, NonImmediateOops: No
[1,448s][debug][gc,nmethod  ] Register NMethod: jdk.internal.classfile.impl.Util$1WithCodeMethodHandler.accept (0x00007a39d3743408) [0x00007a39d3743500, 0x00007a39d3743720] Compiler: c1, Barriers: 1, Oops: 0, ImmediateOops: 0, NonImmediateOops: No
[1,448s][debug][gc,nmethod  ] Register NMethod: jdk.internal.classfile.impl.Util$1WithCodeMethodHandler.accept (0x00007a39d3743788) [0x00007a39d3743880, 0x00007a39d3743ed0] Compiler: c1, Barriers: 1, Oops: 0, ImmediateOops: 0, NonImmediateOops: No
[1,449s][debug][gc,nmethod  ] Register NMethod: jdk.internal.classfile.impl.EntryMap.put (0x00007a39f2c4a488) [0x00007a39f2c4a580, 0x00007a39f2c4a860] Compiler: jvmci, Barriers: 1, Oops: 0, ImmediateOops: 0, NonImmediateOops: No
[1,450s][debug][gc,nmethod  ] Register NMethod: java.math.BigInteger.implMulAdd (0x00007a39d3743f08) [0x00007a39d3744000, 0x00007a39d3744220] Compiler: c1, Barriers: 0, Oops: 0, ImmediateOops: 0, NonImmediateOops: No
[1,450s][debug][gc,nmethod  ] Register NMethod: java.math.BigInteger.mulAdd (0x00007a39d3744288) [0x00007a39d3744380, 0x00007a39d3744510] Compiler: c1, Barriers: 0, Oops: 0, ImmediateOops: 0, NonImmediateOops: No
[1,450s][debug][gc,nmethod  ] Register NMethod: java.math.BigInteger.addOne (0x00007a39d3744588) [0x00007a39d3744680, 0x00007a39d3744998] Compiler: c1, Barriers: 0, Oops: 0, ImmediateOops: 0, NonImmediateOops: No
[1,451s][debug][gc,nmethod  ] Register NMethod: java.math.BigInteger.implMulAddCheck (0x00007a39d3744a08) [0x00007a39d3744b00, 0x00007a39d3748a90] Compiler: c1, Barriers: 0, Oops: 5, ImmediateOops: 11, NonImmediateOops: No
[1,452s][debug][gc,nmethod  ] Register NMethod: java.math.BigInteger.<init> (0x00007a39d3748b08) [0x00007a39d3748c00, 0x00007a39d3749108] Compiler: c1, Barriers: 4, Oops: 0, ImmediateOops: 1, NonImmediateOops: No
[1,453s][debug][gc,nmethod  ] Register NMethod: java.math.BigInteger.add (0x00007a39d3749188) [0x00007a39d3749280, 0x00007a39d3749a18] Compiler: c1, Barriers: 0, Oops: 0, ImmediateOops: 0, NonImmediateOops: No
[1,453s][debug][gc,nmethod  ] Register NMethod: java.math.BigInteger.trustedStripLeadingZeroInts (0x00007a39d3749a88) [0x00007a39d3749b80, 0x00007a39d3749c98] Compiler: c1, Barriers: 0, Oops: 0, ImmediateOops: 0, NonImmediateOops: No
[1,453s][debug][gc,nmethod  ] Register NMethod: java.math.BigInteger.stripLeadingZeroInts (0x00007a39d3749d88) [0x00007a39d3749e80, 0x00007a39d374a100] Compiler: c1, Barriers: 0, Oops: 0, ImmediateOops: 0, NonImmediateOops: No
[1,453s][debug][gc,nmethod  ] Register NMethod: java.math.BigInteger.shiftLeftImplWorker (0x00007a39d374a108) [0x00007a39d374a200, 0x00007a39d374a418] Compiler: c1, Barriers: 0, Oops: 0, ImmediateOops: 0, NonImmediateOops: No
[1,453s][debug][gc,director ] Rule Major: Warmup 10%, Used: 78MB, UsedThreshold: 1228MB
[1,454s][debug][gc,nmethod  ] Register NMethod: java.math.BigInteger.subtract (0x00007a39d374a488) [0x00007a39d374a580, 0x00007a39d374aa78] Compiler: c1, Barriers: 0, Oops: 0, ImmediateOops: 0, NonImmediateOops: No
[1,454s][debug][gc,nmethod  ] Register NMethod: java.math.BigInteger.mulAdd (0x00007a39f2c4a888) [0x00007a39f2c4a980, 0x00007a39f2c4aab8] Compiler: jvmci, Barriers: 0, Oops: 0, ImmediateOops: 0, NonImmediateOops: No
[1,454s][debug][gc,nmethod  ] Register NMethod: java.math.BigInteger.implMulAddCheck (0x00007a39f2c4ab88) [0x00007a39f2c4ac80, 0x00007a39f2c4ada8] Compiler: jvmci, Barriers: 0, Oops: 0, ImmediateOops: 0, NonImmediateOops: No
[1,454s][debug][gc,nmethod  ] Register NMethod: java.math.BigInteger.implMulAdd (0x00007a39f2c4ae88) [0x00007a39f2c4af80, 0x00007a39f2c4b358] Compiler: jvmci, Barriers: 0, Oops: 0, ImmediateOops: 0, NonImmediateOops: No
[1,454s][debug][gc,nmethod  ] Register NMethod: java.math.BigInteger.implSquareToLen (0x00007a39d374aa88) [0x00007a39d374ab80, 0x00007a39d374b018] Compiler: c1, Barriers: 0, Oops: 0, ImmediateOops: 0, NonImmediateOops: No
[1,454s][debug][gc,nmethod  ] Register NMethod: java.util.Objects.checkFromToIndex (0x00007a39d374b088) [0x00007a39d374b180, 0x00007a39d374b398] Compiler: c1, Barriers: 0, Oops: 0, ImmediateOops: 0, NonImmediateOops: No
[1,455s][debug][gc,nmethod  ] Register NMethod: java.math.BigInteger.addOne (0x00007a39f2c4b388) [0x00007a39f2c4b480, 0x00007a39f2c4b630] Compiler: jvmci, Barriers: 0, Oops: 0, ImmediateOops: 0, NonImmediateOops: No
[1,455s][debug][gc,nmethod  ] Register NMethod: java.util.concurrent.RecursiveTask.getRawResult (0x00007a39f2c4b688) [0x00007a39f2c4b780, 0x00007a39f2c4b868] Compiler: c1, Barriers: 1, Oops: 0, ImmediateOops: 0, NonImmediateOops: No
[1,455s][debug][gc,nmethod  ] Register NMethod: java.math.BigInteger.add (0x00007a39d374b408) [0x00007a39d374b500, 0x00007a39d374bdc0] Compiler: c1, Barriers: 6, Oops: 0, ImmediateOops: 1, NonImmediateOops: No
[1,455s][debug][gc,nmethod  ] Register NMethod: java.math.BigInteger.subtract (0x00007a39d374be08) [0x00007a39d374bf00, 0x00007a39d374c8f8] Compiler: c1, Barriers: 7, Oops: 0, ImmediateOops: 1, NonImmediateOops: No
[1,456s][debug][gc,nmethod  ] Register NMethod: java.math.BigInteger.square (0x00007a39d374c908) [0x00007a39d374ca00, 0x00007a39d374d008] Compiler: c1, Barriers: 1, Oops: 0, ImmediateOops: 2, NonImmediateOops: No
[1,456s][debug][gc,nmethod  ] Register NMethod: java.math.BigInteger.shiftLeft (0x00007a39d374d088) [0x00007a39d374d180, 0x00007a39d374d4d0] Compiler: c1, Barriers: 1, Oops: 0, ImmediateOops: 1, NonImmediateOops: No
[1,456s][debug][gc,nmethod  ] Register NMethod: java.math.BigInteger.compareMagnitude (0x00007a39d374d508) [0x00007a39d374d600, 0x00007a39d374dac8] Compiler: c1, Barriers: 2, Oops: 0, ImmediateOops: 0, NonImmediateOops: No
[1,456s][debug][gc,nmethod  ] Register NMethod: java.math.BigInteger.shiftLeft (0x00007a39d374db08) [0x00007a39d374dc00, 0x00007a39d374e518] Compiler: c1, Barriers: 0, Oops: 0, ImmediateOops: 0, NonImmediateOops: No
[1,458s][debug][gc,nmethod  ] Register NMethod: java.lang.constant.ClassDesc.isArray (0x00007a39f2c4b988) [0x00007a39f2c4ba80, 0x00007a39f2c4bb40] Compiler: c1, Barriers: 0, Oops: 0, ImmediateOops: 0, NonImmediateOops: No
[1,461s][debug][gc,nmethod  ] Register NMethod: java.lang.classfile.TypeKind.from (0x00007a39d374e588) [0x00007a39d374e680, 0x00007a39d374ec10] Compiler: c1, Barriers: 0, Oops: 0, ImmediateOops: 1, NonImmediateOops: No
[1,461s][debug][gc,nmethod  ] Register NMethod: java.math.BigInteger.subtract (0x00007a39f2c4bc88) [0x00007a39f2c4bd80, 0x00007a39f2c4c250] Compiler: jvmci, Barriers: 0, Oops: 0, ImmediateOops: 0, NonImmediateOops: No
[1,462s][debug][gc,nmethod  ] Register NMethod: java.lang.invoke.MethodHandles$Lookup.in (0x00007a39d374ec88) [0x00007a39d374ed80, 0x00007a39d3752990] Compiler: c1, Barriers: 9, Oops: 2, ImmediateOops: 6, NonImmediateOops: No
[1,462s][debug][gc,nmethod  ] Register NMethod: java.math.BigInteger.add (0x00007a39f2c4c288) [0x00007a39f2c4c380, 0x00007a39f2c4c8a8] Compiler: jvmci, Barriers: 0, Oops: 0, ImmediateOops: 0, NonImmediateOops: No
[1,463s][debug][gc,nmethod  ] Register NMethod: java.lang.classfile.constantpool.ConstantPoolBuilder.nameAndTypeEntry (0x00007a39d3752a08) [0x00007a39d3752b00, 0x00007a39d3753220] Compiler: c1, Barriers: 0, Oops: 0, ImmediateOops: 0, NonImmediateOops: No
[1,463s][debug][gc,nmethod  ] Register NMethod: jdk.internal.loader.URLClassPath$JarLoader$1.getInputStream (0x00007a39d3753288) [0x00007a39d3753380, 0x00007a39d3753728] Compiler: c1, Barriers: 3, Oops: 0, ImmediateOops: 0, NonImmediateOops: No
[1,463s][debug][gc,nmethod  ] Register NMethod: jdk.internal.classfile.impl.SplitConstantPool.fieldRefEntry (0x00007a39d3753788) [0x00007a39d3753880, 0x00007a39d37561b8] Compiler: c1, Barriers: 6, Oops: 0, ImmediateOops: 0, NonImmediateOops: No
[1,463s][debug][gc,director ] Rule Major: Warmup 10%, Used: 80MB, UsedThreshold: 1228MB
[1,465s][debug][gc,nmethod  ] Register NMethod: java.lang.invoke.AbstractValidatingLambdaMetafactory.isAdaptableTo (0x00007a39d3756208) [0x00007a39d3756300, 0x00007a39d3757ed0] Compiler: c1, Barriers: 2, Oops: 0, ImmediateOops: 0, NonImmediateOops: No
[1,465s][debug][gc,nmethod  ] Register NMethod: java.util.stream.PipelineHelper.<init> (0x00007a39d3757f08) [0x00007a39d3758000, 0x00007a39d3758158] Compiler: c1, Barriers: 0, Oops: 0, ImmediateOops: 0, NonImmediateOops: No
[1,466s][debug][gc,nmethod  ] Register NMethod: java.util.Arrays.hashCode (0x00007a39d3758208) [0x00007a39d3758300, 0x00007a39d3758480] Compiler: c1, Barriers: 0, Oops: 0, ImmediateOops: 0, NonImmediateOops: No
[1,466s][debug][gc,nmethod  ] Register NMethod: jdk.internal.util.ArraysSupport.hashCode (0x00007a39d3758508) [0x00007a39d3758600, 0x00007a39d3758ab0] Compiler: c1, Barriers: 1, Oops: 0, ImmediateOops: 0, NonImmediateOops: No
[1,466s][debug][gc,nmethod  ] Register NMethod: jdk.internal.classfile.impl.BufWriterImpl.grow (0x00007a39d3758b08) [0x00007a39d3758c00, 0x00007a39d3758e90] Compiler: c1, Barriers: 4, Oops: 0, ImmediateOops: 0, NonImmediateOops: No
[1,468s][debug][gc,nmethod  ] Register NMethod: jdk.internal.classfile.impl.SplitConstantPool.internalAdd (0x00007a39f2c4c908) [0x00007a39f2c4ca20, 0x00007a39f2c4d558] Compiler: jvmci, Barriers: 11, Oops: 1, ImmediateOops: 0, NonImmediateOops: No
[1,472s][debug][gc,nmethod  ] Register NMethod: jdk.internal.classfile.impl.DirectCodeBuilder.fieldAccess (0x00007a39d3758f08) [0x00007a39d3759000, 0x00007a39d3759938] Compiler: c1, Barriers: 1, Oops: 0, ImmediateOops: 0, NonImmediateOops: No
[1,472s][debug][gc,nmethod  ] Register NMethod: jdk.internal.constant.ClassOrInterfaceDescImpl.internalName (0x00007a39d3759988) [0x00007a39d3759a80, 0x00007a39d375a3a0] Compiler: c1, Barriers: 6, Oops: 0, ImmediateOops: 0, NonImmediateOops: No
[1,472s][debug][gc,nmethod  ] Register NMethod: jdk.internal.classfile.impl.Util.toInternalName (0x00007a39d375a408) [0x00007a39d375a500, 0x00007a39d375b730] Compiler: c1, Barriers: 6, Oops: 0, ImmediateOops: 0, NonImmediateOops: No
[1,472s][debug][gc,nmethod  ] Register NMethod: java.lang.invoke.MethodHandleNatives.isCallerSensitive (0x00007a39d375b788) [0x00007a39d375b880, 0x00007a39d375c008] Compiler: c1, Barriers: 0, Oops: 0, ImmediateOops: 0, NonImmediateOops: No
[1,472s][debug][gc,nmethod  ] Register NMethod: java.lang.invoke.MethodHandleNatives.canBeCalledVirtual (0x00007a39d375c088) [0x00007a39d375c180, 0x00007a39d375cc18] Compiler: c1, Barriers: 5, Oops: 0, ImmediateOops: 2, NonImmediateOops: No
[1,474s][debug][gc,director ] Rule Major: Warmup 10%, Used: 80MB, UsedThreshold: 1228MB
[1,474s][debug][gc,nmethod  ] Register NMethod: java.lang.String.startsWith (0x00007a39f2c4d588) [0x00007a39f2c4d680, 0x00007a39f2c4d978] Compiler: jvmci, Barriers: 2, Oops: 0, ImmediateOops: 0, NonImmediateOops: No
[1,475s][debug][gc,nmethod  ] Register NMethod: java.lang.Character.isSurrogate (0x00007a39d375cc88) [0x00007a39d375cd80, 0x00007a39d375cee0] Compiler: c1, Barriers: 0, Oops: 0, ImmediateOops: 0, NonImmediateOops: No
[1,475s][debug][gc,nmethod  ] Register NMethod: java.util.regex.Pattern.isSupplementary (0x00007a39d375cf88) [0x00007a39d375d080, 0x00007a39d375d2b8] Compiler: c1, Barriers: 0, Oops: 0, ImmediateOops: 0, NonImmediateOops: No
[1,475s][debug][gc,nmethod  ] Register NMethod: java.util.Arrays.copyOf (0x00007a39f2c4d988) [0x00007a39f2c4da80, 0x00007a39f2c4de50] Compiler: jvmci, Barriers: 0, Oops: 0, ImmediateOops: 0, NonImmediateOops: No
[1,476s][debug][gc,nmethod  ] Register NMethod: jdk.internal.classfile.impl.DirectCodeBuilder$4.tryGenerateStackMaps (0x00007a39d375d308) [0x00007a39d375d400, 0x00007a39d375da60] Compiler: c1, Barriers: 0, Oops: 0, ImmediateOops: 0, NonImmediateOops: No
[1,476s][debug][gc,nmethod  ] Register NMethod: jdk.internal.classfile.impl.DirectCodeBuilder$4.generateStackMaps (0x00007a39d375da88) [0x00007a39d375db80, 0x00007a39d375e6a0] Compiler: c1, Barriers: 2, Oops: 0, ImmediateOops: 1, NonImmediateOops: No
[1,476s][debug][gc,nmethod  ] Register NMethod: java.lang.invoke.DirectMethodHandle$Holder.newInvokeSpecial (0x00007a39d375e708) [0x00007a39d375e800, 0x00007a39d375f078] Compiler: c1, Barriers: 2, Oops: 0, ImmediateOops: 1, NonImmediateOops: No
[1,477s][debug][gc,nmethod  ] Register NMethod: java.util.logging.Logger.getName (0x00007a39f2c4de88) [0x00007a39f2c4df80, 0x00007a39f2c4e068] Compiler: c1, Barriers: 1, Oops: 0, ImmediateOops: 0, NonImmediateOops: No
[1,478s][debug][gc,nmethod  ] Register NMethod: jdk.internal.classfile.impl.DirectClassBuilder.setInterfaces (0x00007a39f2c4e188) [0x00007a39f2c4e280, 0x00007a39f2c4e3b0] Compiler: c1, Barriers: 3, Oops: 0, ImmediateOops: 0, NonImmediateOops: No
[1,478s][debug][gc,nmethod  ] Register NMethod: java.lang.invoke.MethodHandleNatives.isPullModeBSM (0x00007a39f2c4e488) [0x00007a39f2c4e580, 0x00007a39f2c4e620] Compiler: c1, Barriers: 0, Oops: 0, ImmediateOops: 0, NonImmediateOops: No
[1,479s][debug][gc,nmethod  ] Register NMethod: java.lang.Class.getEnclosingMethod0 (0x00007a39f2c4e788) [0x00007a39f2c4e880, 0x00007a39f2c4eba0] Compiler: , Barriers: 0, Oops: 0, ImmediateOops: 0, NonImmediateOops: No
[1,479s][debug][gc,nmethod  ] Register NMethod: java.lang.invoke.ConstantCallSite.getTarget (0x00007a39d375f088) [0x00007a39d375f180, 0x00007a39d375f3b8] Compiler: c1, Barriers: 1, Oops: 0, ImmediateOops: 0, NonImmediateOops: No
[1,481s][debug][gc,nmethod  ] Register NMethod: java.util.LinkedHashMap$LinkedHashIterator.hasNext (0x00007a39d375f408) [0x00007a39d375f500, 0x00007a39d375f680] Compiler: c1, Barriers: 1, Oops: 0, ImmediateOops: 0, NonImmediateOops: No
[1,481s][debug][gc,nmethod  ] Register NMethod: java.lang.reflect.ReflectAccess.getExecutableSharedParameterTypes (0x00007a39d375f708) [0x00007a39d375f800, 0x00007a39d375fb08] Compiler: c1, Barriers: 0, Oops: 0, ImmediateOops: 0, NonImmediateOops: No
[1,481s][debug][gc,nmethod  ] Register NMethod: jdk.internal.reflect.ReflectionFactory.getExecutableSharedParameterTypes (0x00007a39d375fb88) [0x00007a39d375fc80, 0x00007a39d3760050] Compiler: c1, Barriers: 1, Oops: 0, ImmediateOops: 0, NonImmediateOops: No
[1,481s][debug][gc,nmethod  ] Register NMethod: jdk.internal.reflect.ReflectionFactory.copyMethod (0x00007a39d3760088) [0x00007a39d3760180, 0x00007a39d3760548] Compiler: c1, Barriers: 1, Oops: 0, ImmediateOops: 0, NonImmediateOops: No
[1,481s][debug][gc,nmethod  ] Register NMethod: java.lang.reflect.ReflectAccess.copyMethod (0x00007a39d3760588) [0x00007a39d3760680, 0x00007a39d3760980] Compiler: c1, Barriers: 0, Oops: 0, ImmediateOops: 0, NonImmediateOops: No
[1,481s][debug][gc,nmethod  ] Register NMethod: java.lang.PublicMethods$Key.hashCode (0x00007a39d3760988) [0x00007a39d3760a80, 0x00007a39d3760d18] Compiler: c1, Barriers: 2, Oops: 0, ImmediateOops: 0, NonImmediateOops: No
[1,481s][debug][gc,nmethod  ] Register NMethod: java.util.LinkedHashMap$LinkedHashIterator.nextNode (0x00007a39d3760d88) [0x00007a39d3760e80, 0x00007a39d3761340] Compiler: c1, Barriers: 10, Oops: 0, ImmediateOops: 0, NonImmediateOops: No
[1,481s][debug][gc,nmethod  ] Register NMethod: java.lang.reflect.Method.copy (0x00007a39d3761388) [0x00007a39d3761480, 0x00007a39d3761b80] Compiler: c1, Barriers: 21, Oops: 0, ImmediateOops: 1, NonImmediateOops: No
[1,481s][debug][gc,nmethod  ] Register NMethod: java.lang.reflect.Method.<init> (0x00007a39d3761b88) [0x00007a39d3761c80, 0x00007a39d37622f0] Compiler: c1, Barriers: 27, Oops: 0, ImmediateOops: 0, NonImmediateOops: No
[1,482s][debug][gc,nmethod  ] Register NMethod: java.lang.invoke.DirectMethodHandle.isCrackable (0x00007a39f2c4ec08) [0x00007a39f2c4ed00, 0x00007a39f2c4edc0] Compiler: c1, Barriers: 0, Oops: 0, ImmediateOops: 0, NonImmediateOops: No
[1,482s][debug][gc,nmethod  ] Register NMethod: jdk.internal.reflect.Reflection.areNestMates (0x00007a39f2c4ef08) [0x00007a39f2c4f000, 0x00007a39f2c4f188] Compiler: , Barriers: 0, Oops: 0, ImmediateOops: 1, NonImmediateOops: No
[1,482s][debug][gc,nmethod  ] Register NMethod: org.junit.platform.commons.util.ReflectionUtils$$Lambda/0x00000000ba17d518.compare (0x00007a39d3762308) [0x00007a39d3762400, 0x00007a39d3762940] Compiler: c1, Barriers: 0, Oops: 1, ImmediateOops: 0, NonImmediateOops: No
[1,482s][debug][gc,nmethod  ] Register NMethod: java.lang.Integer.compare (0x00007a39d3762988) [0x00007a39d3762a80, 0x00007a39d3762c30] Compiler: c1, Barriers: 0, Oops: 0, ImmediateOops: 0, NonImmediateOops: No
[1,482s][debug][gc,nmethod  ] Register NMethod: org.junit.platform.commons.util.ReflectionUtils.defaultMethodSorter (0x00007a39d3762c88) [0x00007a39d3762d80, 0x00007a39d3763f98] Compiler: c1, Barriers: 2, Oops: 1, ImmediateOops: 0, NonImmediateOops: No
[1,482s][debug][gc,nmethod  ] Register NMethod: java.lang.invoke.InnerClassLambdaMetafactory.methodDesc (0x00007a39d3764008) [0x00007a39d3764100, 0x00007a39d3767158] Compiler: c1, Barriers: 25, Oops: 2, ImmediateOops: 5, NonImmediateOops: No
[1,482s][debug][gc,nmethod  ] Register NMethod: sun.reflect.generics.parser.SignatureParser.skipIdentifier (0x00007a39d3767188) [0x00007a39d3767280, 0x00007a39d37678f8] Compiler: c1, Barriers: 0, Oops: 0, ImmediateOops: 0, NonImmediateOops: No
[1,483s][debug][gc,nmethod  ] Register NMethod: java.util.LinkedHashMap$LinkedValueIterator.next (0x00007a39d3767908) [0x00007a39d3767a00, 0x00007a39d3767d30] Compiler: c1, Barriers: 1, Oops: 0, ImmediateOops: 0, NonImmediateOops: No
[1,483s][debug][gc,nmethod  ] Register NMethod: java.lang.Record.<init> (0x00007a39f2c4f208) [0x00007a39f2c4f300, 0x00007a39f2c4f380] Compiler: jvmci, Barriers: 0, Oops: 0, ImmediateOops: 0, NonImmediateOops: No
[1,483s][debug][gc,nmethod  ] Register NMethod: jdk.internal.classfile.impl.StackCounter$Target.<init> (0x00007a39d3767d88) [0x00007a39d3767e80, 0x00007a39d3768040] Compiler: c1, Barriers: 0, Oops: 0, ImmediateOops: 0, NonImmediateOops: No
[1,483s][debug][gc,nmethod  ] Register NMethod: jdk.internal.classfile.impl.StackCounter.next (0x00007a39d3768088) [0x00007a39d3768180, 0x00007a39d3769480] Compiler: c1, Barriers: 6, Oops: 1, ImmediateOops: 2, NonImmediateOops: No
[1,484s][debug][gc,nmethod  ] Register NMethod: java.lang.Class.getAnnotationType (0x00007a39f2c4f508) [0x00007a39f2c4f600, 0x00007a39f2c4f6f0] Compiler: c1, Barriers: 1, Oops: 0, ImmediateOops: 0, NonImmediateOops: No
[1,484s][debug][gc,director ] Rule Major: Warmup 10%, Used: 82MB, UsedThreshold: 1228MB
[1,484s][debug][gc,nmethod  ] Register NMethod: java.lang.invoke.LambdaForm$MH/0x00000000ba084400.invoke (0x00007a39d3769508) [0x00007a39d3769600, 0x00007a39d3769d70] Compiler: c1, Barriers: 2, Oops: 1, ImmediateOops: 0, NonImmediateOops: No
[1,484s][debug][gc,nmethod  ] Register NMethod: java.nio.HeapByteBuffer.byteOffset (0x00007a39d3769d88) [0x00007a39d3769e80, 0x00007a39d3769f88] Compiler: c1, Barriers: 0, Oops: 0, ImmediateOops: 0, NonImmediateOops: No
[1,484s][debug][gc,nmethod  ] Register NMethod: java.lang.invoke.DirectMethodHandle$Holder.invokeSpecial (0x00007a39d376a088) [0x00007a39d376a180, 0x00007a39d376a548] Compiler: c1, Barriers: 1, Oops: 0, ImmediateOops: 0, NonImmediateOops: No
[1,484s][debug][gc,nmethod  ] Register NMethod: java.nio.Buffer.nextGetIndex (0x00007a39d376a588) [0x00007a39d376a680, 0x00007a39d376a840] Compiler: c1, Barriers: 0, Oops: 0, ImmediateOops: 0, NonImmediateOops: No
[1,484s][debug][gc,nmethod  ] Register NMethod: jdk.internal.misc.ScopedMemoryAccess.getShortUnaligned (0x00007a39d376a888) [0x00007a39d376a980, 0x00007a39d376aeb8] Compiler: c1, Barriers: 0, Oops: 0, ImmediateOops: 1, NonImmediateOops: No
[1,484s][debug][gc,nmethod  ] Register NMethod: jdk.internal.misc.ScopedMemoryAccess.getShortUnalignedInternal (0x00007a39d376af08) [0x00007a39d376b000, 0x00007a39d376b458] Compiler: c1, Barriers: 0, Oops: 0, ImmediateOops: 1, NonImmediateOops: No
[1,484s][debug][gc,nmethod  ] Register NMethod: java.nio.Buffer.position (0x00007a39d376b488) [0x00007a39d376b580, 0x00007a39d376b7c0] Compiler: c1, Barriers: 0, Oops: 0, ImmediateOops: 0, NonImmediateOops: No
[1,484s][debug][gc,nmethod  ] Register NMethod: java.lang.reflect.Executable.declaredAnnotations (0x00007a39d376b808) [0x00007a39d376b900, 0x00007a39d376cad0] Compiler: c1, Barriers: 6, Oops: 0, ImmediateOops: 1, NonImmediateOops: No
[1,484s][debug][gc,nmethod  ] Register NMethod: java.lang.reflect.Method.getRoot (0x00007a39d376cb08) [0x00007a39d376cc00, 0x00007a39d376cf00] Compiler: c1, Barriers: 1, Oops: 0, ImmediateOops: 0, NonImmediateOops: No
[1,484s][debug][gc,nmethod  ] Register NMethod: java.nio.HeapByteBuffer.getShort (0x00007a39d376cf08) [0x00007a39d376d000, 0x00007a39d376e008] Compiler: c1, Barriers: 2, Oops: 1, ImmediateOops: 2, NonImmediateOops: No
[1,484s][debug][gc,nmethod  ] Register NMethod: java.lang.Class.getConstantPool (0x00007a39f2c4f808) [0x00007a39f2c4f900, 0x00007a39f2c4fc20] Compiler: , Barriers: 0, Oops: 0, ImmediateOops: 0, NonImmediateOops: No
[1,484s][debug][gc,nmethod  ] Register NMethod: java.lang.invoke.Invokers.maybeCustomize (0x00007a39d376e088) [0x00007a39d376e180, 0x00007a39d376e458] Compiler: c1, Barriers: 0, Oops: 0, ImmediateOops: 0, NonImmediateOops: No
[1,484s][debug][gc,nmethod  ] Register NMethod: java.lang.invoke.Invokers.checkCustomized (0x00007a39d376e488) [0x00007a39d376e580, 0x00007a39d376e7a0] Compiler: c1, Barriers: 2, Oops: 0, ImmediateOops: 0, NonImmediateOops: No
[1,484s][debug][gc,nmethod  ] Register NMethod: java.lang.String.<init> (0x00007a39f2c4fc88) [0x00007a39f2c4fd80, 0x00007a39f2c50160] Compiler: jvmci, Barriers: 4, Oops: 0, ImmediateOops: 0, NonImmediateOops: No
[1,484s][debug][gc,nmethod  ] Register NMethod: java.lang.invoke.Invokers.checkExactType (0x00007a39d376e808) [0x00007a39d376e900, 0x00007a39d376ec60] Compiler: c1, Barriers: 1, Oops: 0, ImmediateOops: 0, NonImmediateOops: No
[1,484s][debug][gc,nmethod  ] Register NMethod: jdk.internal.reflect.ConstantPool.getUTF8At0 (0x00007a39f2c50188) [0x00007a39f2c50280, 0x00007a39f2c505b0] Compiler: , Barriers: 0, Oops: 0, ImmediateOops: 0, NonImmediateOops: No
[1,484s][debug][gc,nmethod  ] Register NMethod: java.lang.reflect.Method.getAnnotationBytes (0x00007a39f2c50608) [0x00007a39f2c50700, 0x00007a39f2c507e8] Compiler: c1, Barriers: 1, Oops: 0, ImmediateOops: 0, NonImmediateOops: No
[1,484s][debug][gc,nmethod  ] Register NMethod: sun.reflect.generics.visitor.Reifier.getFactory (0x00007a39f2c50908) [0x00007a39f2c50a00, 0x00007a39f2c50ae8] Compiler: c1, Barriers: 1, Oops: 0, ImmediateOops: 0, NonImmediateOops: No
[1,485s][debug][gc,nmethod  ] Register NMethod: java.lang.invoke.MethodHandle.maybeCustomize (0x00007a39d376ec88) [0x00007a39d376ed80, 0x00007a39d376f418] Compiler: c1, Barriers: 2, Oops: 0, ImmediateOops: 0, NonImmediateOops: No
[1,485s][debug][gc,nmethod  ] Register NMethod: sun.reflect.generics.tree.ClassTypeSignature.getPath (0x00007a39f2c50c08) [0x00007a39f2c50d00, 0x00007a39f2c50de8] Compiler: c1, Barriers: 1, Oops: 0, ImmediateOops: 0, NonImmediateOops: No
[1,485s][debug][gc,nmethod  ] Register NMethod: sun.reflect.generics.tree.SimpleClassTypeSignature.getName (0x00007a39f2c50f08) [0x00007a39f2c51000, 0x00007a39f2c510e8] Compiler: c1, Barriers: 1, Oops: 0, ImmediateOops: 0, NonImmediateOops: No
[1,485s][debug][gc,nmethod  ] Register NMethod: sun.reflect.generics.tree.SimpleClassTypeSignature.getTypeArguments (0x00007a39f2c51208) [0x00007a39f2c51300, 0x00007a39f2c513e8] Compiler: c1, Barriers: 1, Oops: 0, ImmediateOops: 0, NonImmediateOops: No
[1,485s][debug][gc,nmethod  ] Register NMethod: sun.reflect.generics.tree.SimpleClassTypeSignature.getDollar (0x00007a39f2c51508) [0x00007a39f2c51600, 0x00007a39f2c516c0] Compiler: c1, Barriers: 0, Oops: 0, ImmediateOops: 0, NonImmediateOops: No
[1,485s][debug][gc,nmethod  ] Register NMethod: sun.reflect.annotation.AnnotationType.memberTypes (0x00007a39f2c51808) [0x00007a39f2c51900, 0x00007a39f2c519e8] Compiler: c1, Barriers: 1, Oops: 0, ImmediateOops: 0, NonImmediateOops: No
[1,485s][debug][gc,nmethod  ] Register NMethod: sun.reflect.annotation.AnnotationType.memberDefaults (0x00007a39f2c51b08) [0x00007a39f2c51c00, 0x00007a39f2c51ce8] Compiler: c1, Barriers: 1, Oops: 0, ImmediateOops: 0, NonImmediateOops: No
[1,485s][debug][gc,nmethod  ] Register NMethod: sun.reflect.annotation.AnnotationType.retention (0x00007a39f2c51e08) [0x00007a39f2c51f00, 0x00007a39f2c51fe8] Compiler: c1, Barriers: 1, Oops: 0, ImmediateOops: 0, NonImmediateOops: No
[1,485s][debug][gc,nmethod  ] Register NMethod: java.lang.System$1.getAnnotationType (0x00007a39d376f488) [0x00007a39d376f580, 0x00007a39d376f890] Compiler: c1, Barriers: 1, Oops: 0, ImmediateOops: 0, NonImmediateOops: No
[1,485s][debug][gc,nmethod  ] Register NMethod: java.lang.invoke.MethodHandle.linkToInterface (0x00007a39f2c52108) [0x00007a39f2c52200, 0x00007a39f2c52330] Compiler: , Barriers: 0, Oops: 0, ImmediateOops: 0, NonImmediateOops: No
[1,485s][debug][gc,nmethod  ] Register NMethod: sun.reflect.annotation.AnnotationType.getInstance (0x00007a39d376f908) [0x00007a39d376fa00, 0x00007a39d3770510] Compiler: c1, Barriers: 3, Oops: 0, ImmediateOops: 1, NonImmediateOops: No
[1,486s][debug][gc,nmethod  ] Register NMethod: java.util.stream.ReduceOps$3ReducingSink.accept (0x00007a39d3770588) [0x00007a39d3770680, 0x00007a39d37709f8] Compiler: c1, Barriers: 2, Oops: 0, ImmediateOops: 0, NonImmediateOops: No
[1,486s][debug][gc,nmethod  ] Register NMethod: sun.reflect.generics.parser.SignatureParser.current (0x00007a39f2c52408) [0x00007a39f2c52500, 0x00007a39f2c526c8] Compiler: jvmci, Barriers: 2, Oops: 0, ImmediateOops: 0, NonImmediateOops: No
[1,486s][debug][gc,nmethod  ] Register NMethod: jdk.internal.classfile.impl.AbstractPseudoInstruction$ExceptionCatchImpl.tryEnd (0x00007a39f2c52708) [0x00007a39f2c52800, 0x00007a39f2c528e8] Compiler: c1, Barriers: 1, Oops: 0, ImmediateOops: 0, NonImmediateOops: No
[1,486s][debug][gc,nmethod  ] Register NMethod: jdk.internal.classfile.impl.AbstractPseudoInstruction$ExceptionCatchImpl.handler (0x00007a39f2c52a08) [0x00007a39f2c52b00, 0x00007a39f2c52be8] Compiler: c1, Barriers: 1, Oops: 0, ImmediateOops: 0, NonImmediateOops: No
[1,486s][debug][gc,nmethod  ] Register NMethod: jdk.internal.classfile.impl.AbstractPseudoInstruction$ExceptionCatchImpl.tryStart (0x00007a39f2c52d08) [0x00007a39f2c52e00, 0x00007a39f2c52ee8] Compiler: c1, Barriers: 1, Oops: 0, ImmediateOops: 0, NonImmediateOops: No
[1,486s][debug][gc,nmethod  ] Register NMethod: jdk.internal.classfile.impl.AbstractPoolEntry$StringEntryImpl.tag (0x00007a39f2c53008) [0x00007a39f2c53100, 0x00007a39f2c531c0] Compiler: c1, Barriers: 0, Oops: 0, ImmediateOops: 0, NonImmediateOops: No
[1,487s][debug][gc,nmethod  ] Register NMethod: java.util.BitSet.checkInvariants (0x00007a39f2c53308) [0x00007a39f2c53400, 0x00007a39f2c53480] Compiler: jvmci, Barriers: 0, Oops: 0, ImmediateOops: 0, NonImmediateOops: No
[1,487s][debug][gc,nmethod  ] Register NMethod: java.lang.invoke.TypeConvertingMethodAdapter.convertType (0x00007a39d3770a08) [0x00007a39d3770b00, 0x00007a39d3778fe8] Compiler: c1, Barriers: 12, Oops: 3, ImmediateOops: 31, NonImmediateOops: No
[1,487s][debug][gc,nmethod  ] Register NMethod: java.lang.Class.forName (0x00007a39d3779008) [0x00007a39d3779100, 0x00007a39d3779220] Compiler: c1, Barriers: 0, Oops: 0, ImmediateOops: 0, NonImmediateOops: No
[1,487s][debug][gc,nmethod  ] Register NMethod: jdk.internal.classfile.impl.DirectCodeBuilder.startLabel (0x00007a39f2c53608) [0x00007a39f2c53700, 0x00007a39f2c537e8] Compiler: c1, Barriers: 1, Oops: 0, ImmediateOops: 0, NonImmediateOops: No
[1,487s][debug][gc,nmethod  ] Register NMethod: java.util.ImmutableCollections$List12.isEmpty (0x00007a39f2c53908) [0x00007a39f2c53a00, 0x00007a39f2c53ac0] Compiler: c1, Barriers: 0, Oops: 0, ImmediateOops: 0, NonImmediateOops: No
[1,487s][debug][gc,nmethod  ] Register NMethod: jdk.internal.classfile.impl.Util.slotSize (0x00007a39d3779308) [0x00007a39d3779400, 0x00007a39d37796a0] Compiler: c1, Barriers: 0, Oops: 0, ImmediateOops: 3, NonImmediateOops: No
[1,487s][debug][gc,nmethod  ] Register NMethod: jdk.internal.classfile.impl.AbstractPoolEntry$Utf8EntryImpl.charAt (0x00007a39d3779708) [0x00007a39d3779800, 0x00007a39d377a3a0] Compiler: c1, Barriers: 6, Oops: 1, ImmediateOops: 4, NonImmediateOops: No
[1,487s][debug][gc,nmethod  ] Register NMethod: jdk.internal.classfile.impl.AbstractAttributeMapper.writeAttribute (0x00007a39d377a408) [0x00007a39d377a500, 0x00007a39d377be80] Compiler: c1, Barriers: 2, Oops: 0, ImmediateOops: 0, NonImmediateOops: No
[1,488s][debug][gc,nmethod  ] Register NMethod: java.lang.ClassLoader.getUnnamedModule (0x00007a39f2c53c08) [0x00007a39f2c53d00, 0x00007a39f2c53de8] Compiler: c1, Barriers: 1, Oops: 0, ImmediateOops: 0, NonImmediateOops: No
[1,488s][debug][gc,nmethod  ] Register NMethod: java.nio.ByteBuffer.position (0x00007a39d377be88) [0x00007a39d377bf80, 0x00007a39d377c0c8] Compiler: c1, Barriers: 0, Oops: 0, ImmediateOops: 0, NonImmediateOops: No
[1,489s][debug][gc,nmethod  ] Register NMethod: jdk.internal.classfile.impl.UnboundAttribute$UnboundStackMapTableAttribute.entries (0x00007a39f2c53f08) [0x00007a39f2c54000, 0x00007a39f2c540e8] Compiler: c1, Barriers: 1, Oops: 0, ImmediateOops: 0, NonImmediateOops: No
[1,489s][debug][gc,nmethod  ] Register NMethod: jdk.internal.classfile.impl.StackMapDecoder$ObjectVerificationTypeInfoImpl.tag (0x00007a39f2c54208) [0x00007a39f2c54300, 0x00007a39f2c543c0] Compiler: c1, Barriers: 0, Oops: 0, ImmediateOops: 0, NonImmediateOops: No
[1,489s][debug][gc,nmethod  ] Register NMethod: jdk.internal.classfile.impl.StackMapDecoder$ObjectVerificationTypeInfoImpl.className (0x00007a39f2c54508) [0x00007a39f2c54600, 0x00007a39f2c546e8] Compiler: c1, Barriers: 1, Oops: 0, ImmediateOops: 0, NonImmediateOops: No
[1,489s][debug][gc,nmethod  ] Register NMethod: jdk.internal.classfile.impl.AbstractPoolEntry$Utf8EntryImpl.length (0x00007a39d377c188) [0x00007a39d377c280, 0x00007a39d377c438] Compiler: c1, Barriers: 1, Oops: 0, ImmediateOops: 1, NonImmediateOops: No
[1,489s][debug][gc,nmethod  ] Register NMethod: jdk.internal.classfile.impl.RawBytecodeHelper.getIndexU1 (0x00007a39d377c488) [0x00007a39d377c580, 0x00007a39d377c998] Compiler: c1, Barriers: 2, Oops: 0, ImmediateOops: 0, NonImmediateOops: No
[1,490s][debug][gc,nmethod  ] Register NMethod: java.util.List.of (0x00007a39d377ca08) [0x00007a39d377cb00, 0x00007a39d377cbe8] Compiler: c1, Barriers: 0, Oops: 0, ImmediateOops: 1, NonImmediateOops: No
[1,490s][debug][gc,nmethod  ] Register NMethod: jdk.internal.classfile.impl.DirectCodeBuilder.with (0x00007a39d377cd08) [0x00007a39d377ce00, 0x00007a39d377dbe0] Compiler: c1, Barriers: 2, Oops: 0, ImmediateOops: 0, NonImmediateOops: No
[1,490s][debug][gc,nmethod  ] Register NMethod: jdk.internal.classfile.impl.DirectCodeBuilder.with (0x00007a39d377dc08) [0x00007a39d377dd00, 0x00007a39d377ef20] Compiler: c1, Barriers: 2, Oops: 0, ImmediateOops: 0, NonImmediateOops: No
[1,490s][debug][gc,nmethod  ] Register NMethod: java.lang.PublicMethods$MethodList.<init> (0x00007a39d377ef88) [0x00007a39d377f080, 0x00007a39d377f250] Compiler: c1, Barriers: 3, Oops: 0, ImmediateOops: 0, NonImmediateOops: No
[1,494s][debug][gc,nmethod  ] Register NMethod: jdk.internal.misc.Unsafe.weakCompareAndSetInt (0x00007a39d377f288) [0x00007a39d377f380, 0x00007a39d377f498] Compiler: c1, Barriers: 0, Oops: 0, ImmediateOops: 0, NonImmediateOops: No
[1,494s][debug][gc,director ] Rule Major: Warmup 10%, Used: 82MB, UsedThreshold: 1228MB
[1,496s][debug][gc,nmethod  ] Register NMethod: java.util.Collections$SingletonList.size (0x00007a39f2c54808) [0x00007a39f2c54900, 0x00007a39f2c549c0] Compiler: c1, Barriers: 0, Oops: 0, ImmediateOops: 0, NonImmediateOops: No
[1,496s][debug][gc,nmethod  ] Register NMethod: java.lang.reflect.Method.getSharedExceptionTypes (0x00007a39f2c54b08) [0x00007a39f2c54c00, 0x00007a39f2c54ce8] Compiler: c1, Barriers: 1, Oops: 0, ImmediateOops: 0, NonImmediateOops: No
[1,497s][debug][gc,nmethod  ] Register NMethod: java.lang.reflect.Method.getParameterCount (0x00007a39d377f588) [0x00007a39d377f680, 0x00007a39d377f7b8] Compiler: c1, Barriers: 1, Oops: 0, ImmediateOops: 0, NonImmediateOops: No
[1,497s][debug][gc,nmethod  ] Register NMethod: java.util.stream.StreamOpFlag.getMask (0x00007a39d377f888) [0x00007a39d377f980, 0x00007a39d377fae0] Compiler: c1, Barriers: 0, Oops: 0, ImmediateOops: 0, NonImmediateOops: No
[1,497s][debug][gc,nmethod  ] Register NMethod: java.util.stream.StreamOpFlag.combineOpFlags (0x00007a39d377fb88) [0x00007a39d377fc80, 0x00007a39d377fe20] Compiler: c1, Barriers: 0, Oops: 0, ImmediateOops: 0, NonImmediateOops: No
[1,497s][debug][gc,nmethod  ] Register NMethod: java.util.Spliterators$ArraySpliterator.characteristics (0x00007a39f2c54e08) [0x00007a39f2c54f00, 0x00007a39f2c54fc0] Compiler: c1, Barriers: 0, Oops: 0, ImmediateOops: 0, NonImmediateOops: No
[1,497s][debug][gc,nmethod  ] Register NMethod: java.util.stream.Collectors$CollectorImpl.characteristics (0x00007a39f2c55108) [0x00007a39f2c55200, 0x00007a39f2c552e8] Compiler: c1, Barriers: 1, Oops: 0, ImmediateOops: 0, NonImmediateOops: No
[1,497s][debug][gc,nmethod  ] Register NMethod: java.util.StringJoiner.checkAddLength (0x00007a39d377fe88) [0x00007a39d377ff80, 0x00007a39d3780b40] Compiler: c1, Barriers: 4, Oops: 0, ImmediateOops: 1, NonImmediateOops: No
[1,497s][debug][gc,nmethod  ] Register NMethod: java.lang.Class.privateGetDeclaredMethods (0x00007a39d3780b88) [0x00007a39d3780c80, 0x00007a39d3781800] Compiler: c1, Barriers: 10, Oops: 0, ImmediateOops: 2, NonImmediateOops: No
[1,497s][debug][gc,nmethod  ] Register NMethod: jdk.internal.classfile.impl.UnboundAttribute.writeTo (0x00007a39d3781808) [0x00007a39d3781900, 0x00007a39d3781c68] Compiler: c1, Barriers: 1, Oops: 0, ImmediateOops: 0, NonImmediateOops: No
[1,497s][debug][gc,nmethod  ] Register NMethod: jdk.internal.classfile.impl.DirectClassBuilder.with (0x00007a39d3781c88) [0x00007a39d3781d80, 0x00007a39d3782b60] Compiler: c1, Barriers: 2, Oops: 0, ImmediateOops: 0, NonImmediateOops: No
[1,497s][debug][gc,nmethod  ] Register NMethod: jdk.internal.classfile.impl.StackCounter.ensureLocalSlot (0x00007a39d3782b88) [0x00007a39d3782c80, 0x00007a39d3782db0] Compiler: c1, Barriers: 0, Oops: 0, ImmediateOops: 0, NonImmediateOops: No
[1,497s][debug][gc,nmethod  ] Register NMethod: jdk.internal.classfile.impl.DirectClassBuilder.with (0x00007a39d3782e88) [0x00007a39d3782f80, 0x00007a39d37841a0] Compiler: c1, Barriers: 2, Oops: 0, ImmediateOops: 0, NonImmediateOops: No
[1,498s][debug][gc,nmethod  ] Register NMethod: jdk.internal.misc.Unsafe.allocateUninitializedArray (0x00007a39f2c55408) [0x00007a39f2c55500, 0x00007a39f2c55768] Compiler: jvmci, Barriers: 0, Oops: 0, ImmediateOops: 1, NonImmediateOops: No
[1,498s][debug][gc,nmethod  ] Register NMethod: java.util.ArrayDeque.<init> (0x00007a39d3784208) [0x00007a39d3784300, 0x00007a39d37845c0] Compiler: c1, Barriers: 3, Oops: 0, ImmediateOops: 0, NonImmediateOops: No
[1,498s][debug][gc,nmethod  ] Register NMethod: java.lang.Class.getInterfaces (0x00007a39d3784608) [0x00007a39d3784700, 0x00007a39d3784dd8] Compiler: c1, Barriers: 4, Oops: 0, ImmediateOops: 0, NonImmediateOops: No
[1,499s][debug][gc,nmethod  ] Register NMethod: jdk.internal.loader.Resource.getByteBuffer (0x00007a39d3784e08) [0x00007a39d3784f00, 0x00007a39d3785b80] Compiler: c1, Barriers: 5, Oops: 0, ImmediateOops: 0, NonImmediateOops: No
[1,499s][debug][gc,nmethod  ] Register NMethod: sun.reflect.generics.parser.SignatureParser.advance (0x00007a39f2c55788) [0x00007a39f2c55880, 0x00007a39f2c559f8] Compiler: jvmci, Barriers: 2, Oops: 0, ImmediateOops: 0, NonImmediateOops: No
[1,499s][debug][gc,nmethod  ] Register NMethod: jdk.internal.loader.ClassLoaders$AppClassLoader.defineOrCheckPackage (0x00007a39d3785b88) [0x00007a39d3785c80, 0x00007a39d3785db0] Compiler: c1, Barriers: 0, Oops: 0, ImmediateOops: 0, NonImmediateOops: No
[1,499s][debug][gc,nmethod  ] Register NMethod: jdk.internal.loader.BuiltinClassLoader.defineOrCheckPackage (0x00007a39d3785e88) [0x00007a39d3785f80, 0x00007a39d37870b8] Compiler: c1, Barriers: 0, Oops: 1, ImmediateOops: 2, NonImmediateOops: No
[1,499s][debug][gc,nmethod  ] Register NMethod: jdk.internal.loader.BuiltinClassLoader.defineClass (0x00007a39d3787108) [0x00007a39d3787200, 0x00007a39d378a108] Compiler: c1, Barriers: 6, Oops: 0, ImmediateOops: 0, NonImmediateOops: No
[1,499s][debug][gc,nmethod  ] Register NMethod: java.util.concurrent.ConcurrentHashMap.get (0x00007a39d378a188) [0x00007a39d378a280, 0x00007a39d378b298] Compiler: c1, Barriers: 7, Oops: 0, ImmediateOops: 0, NonImmediateOops: No
[1,500s][debug][gc,nmethod  ] Register NMethod: jdk.internal.loader.BuiltinClassLoader.getAndVerifyPackage (0x00007a39d378b308) [0x00007a39d378b400, 0x00007a39d378df58] Compiler: c1, Barriers: 4, Oops: 4, ImmediateOops: 6, NonImmediateOops: No
[1,501s][debug][gc,nmethod  ] Register NMethod: java.lang.classfile.constantpool.LoadableConstantEntry.typeKind (0x00007a39d378df88) [0x00007a39d378e080, 0x00007a39d378e188] Compiler: c1, Barriers: 0, Oops: 0, ImmediateOops: 1, NonImmediateOops: No
[1,501s][debug][gc,nmethod  ] Register NMethod: jdk.internal.classfile.impl.BytecodeHelpers.ldcOpcode (0x00007a39d378e288) [0x00007a39d378e380, 0x00007a39d378eb30] Compiler: c1, Barriers: 0, Oops: 0, ImmediateOops: 3, NonImmediateOops: No
[1,501s][debug][gc,nmethod  ] Register NMethod: java.util.List.of (0x00007a39d378eb88) [0x00007a39d378ec80, 0x00007a39d378f988] Compiler: c1, Barriers: 15, Oops: 0, ImmediateOops: 2, NonImmediateOops: No
[1,501s][debug][gc,nmethod  ] Register NMethod: java.lang.CharacterData.of (0x00007a39f2c55a88) [0x00007a39f2c55b80, 0x00007a39f2c55c68] Compiler: jvmci, Barriers: 0, Oops: 0, ImmediateOops: 2, NonImmediateOops: No
[1,501s][debug][gc,nmethod  ] Register NMethod: jdk.internal.classfile.impl.DirectCodeBuilder.ldc (0x00007a39d378fa08) [0x00007a39d378fb00, 0x00007a39d37909b8] Compiler: c1, Barriers: 2, Oops: 0, ImmediateOops: 0, NonImmediateOops: No
[1,501s][debug][gc,nmethod  ] Register NMethod: jdk.internal.classfile.impl.DirectCodeBuilder.writeDirectLoadConstant (0x00007a39d3790a08) [0x00007a39d3790b00, 0x00007a39d3791c18] Compiler: c1, Barriers: 4, Oops: 0, ImmediateOops: 0, NonImmediateOops: No
[1,502s][debug][gc,nmethod  ] Register NMethod: java.nio.Buffer.limit (0x00007a39d3791c88) [0x00007a39d3791d80, 0x00007a39d3791ff0] Compiler: c1, Barriers: 0, Oops: 0, ImmediateOops: 0, NonImmediateOops: No
[1,502s][debug][gc,nmethod  ] Register NMethod: java.lang.classfile.Attributes.stackMapTable (0x00007a39d3792008) [0x00007a39d3792100, 0x00007a39d37921e8] Compiler: c1, Barriers: 0, Oops: 0, ImmediateOops: 1, NonImmediateOops: No
[1,502s][debug][gc,nmethod  ] Register NMethod: java.lang.invoke.MethodHandle.keepsAlive (0x00007a39d3792308) [0x00007a39d3792400, 0x00007a39d3793000] Compiler: c1, Barriers: 2, Oops: 0, ImmediateOops: 6, NonImmediateOops: No
[1,502s][debug][gc,nmethod  ] Register NMethod: jdk.internal.classfile.impl.AbstractPseudoInstruction$ExceptionCatchImpl.writeTo (0x00007a39d3793008) [0x00007a39d3793100, 0x00007a39d3793400] Compiler: c1, Barriers: 0, Oops: 0, ImmediateOops: 0, NonImmediateOops: No
[1,502s][debug][gc,nmethod  ] Register NMethod: jdk.internal.classfile.impl.AbstractPseudoInstruction.<init> (0x00007a39d3793408) [0x00007a39d3793500, 0x00007a39d37936b8] Compiler: c1, Barriers: 0, Oops: 0, ImmediateOops: 0, NonImmediateOops: No
[1,502s][debug][gc,nmethod  ] Register NMethod: jdk.internal.classfile.impl.AbstractPseudoInstruction$ExceptionCatchImpl.<init> (0x00007a39d3793708) [0x00007a39d3793800, 0x00007a39d3794610] Compiler: c1, Barriers: 12, Oops: 0, ImmediateOops: 0, NonImmediateOops: No
[1,502s][debug][gc,nmethod  ] Register NMethod: jdk.internal.classfile.impl.BufWriterImpl.writeIndexOrZero (0x00007a39d3794688) [0x00007a39d3794780, 0x00007a39d3795490] Compiler: c1, Barriers: 2, Oops: 0, ImmediateOops: 0, NonImmediateOops: No
[1,502s][debug][gc,nmethod  ] Register NMethod: java.lang.invoke.DirectMethodHandle$Constructor.<init> (0x00007a39d3795508) [0x00007a39d3795600, 0x00007a39d3795850] Compiler: c1, Barriers: 6, Oops: 0, ImmediateOops: 0, NonImmediateOops: No
[1,502s][debug][gc,nmethod  ] Register NMethod: java.util.BitSet.set (0x00007a39f2c55d88) [0x00007a39f2c55e80, 0x00007a39f2c55ff0] Compiler: jvmci, Barriers: 1, Oops: 0, ImmediateOops: 0, NonImmediateOops: No
[1,503s][debug][gc,nmethod  ] Register NMethod: java.lang.classfile.TypeKind.fromDescriptor (0x00007a39d3795888) [0x00007a39d3795980, 0x00007a39d3797470] Compiler: c1, Barriers: 0, Oops: 1, ImmediateOops: 14, NonImmediateOops: No
[1,503s][debug][gc,nmethod  ] Register NMethod: jdk.internal.reflect.ConstantPool.getUTF8At (0x00007a39d3797488) [0x00007a39d3797580, 0x00007a39d37976f0] Compiler: c1, Barriers: 1, Oops: 0, ImmediateOops: 0, NonImmediateOops: No
[1,503s][debug][gc,nmethod  ] Register NMethod: jdk.internal.classfile.impl.DirectCodeBuilder.addHandler (0x00007a39d3797788) [0x00007a39d3797880, 0x00007a39d3799488] Compiler: c1, Barriers: 9, Oops: 0, ImmediateOops: 0, NonImmediateOops: No
[1,503s][debug][gc,nmethod  ] Register NMethod: java.lang.CharacterDataLatin1.isWhitespace (0x00007a39f2c56088) [0x00007a39f2c56180, 0x00007a39f2c56278] Compiler: jvmci, Barriers: 0, Oops: 0, ImmediateOops: 1, NonImmediateOops: No
[1,503s][debug][gc,nmethod  ] Register NMethod: jdk.internal.loader.BuiltinClassLoader.findClassOnClassPathOrNull (0x00007a39d3799508) [0x00007a39d3799600, 0x00007a39d379bdc0] Compiler: c1, Barriers: 6, Oops: 1, ImmediateOops: 8, NonImmediateOops: No
[1,504s][debug][gc,nmethod  ] Register NMethod: java.lang.classfile.CodeBuilder.invoke (0x00007a39d379be08) [0x00007a39d379bf00, 0x00007a39d379c698] Compiler: c1, Barriers: 2, Oops: 0, ImmediateOops: 0, NonImmediateOops: No
[1,504s][debug][gc,director ] Rule Major: Warmup 10%, Used: 84MB, UsedThreshold: 1228MB
[1,504s][debug][gc,nmethod  ] Register NMethod: java.util.regex.Pattern.peek (0x00007a39d379c708) [0x00007a39d379c800, 0x00007a39d379ca80] Compiler: c1, Barriers: 1, Oops: 0, ImmediateOops: 0, NonImmediateOops: No
[1,504s][debug][gc,nmethod  ] Register NMethod: jdk.internal.classfile.impl.DirectCodeBuilder.invoke (0x00007a39d379ca88) [0x00007a39d379cb80, 0x00007a39d379f9c8] Compiler: c1, Barriers: 7, Oops: 0, ImmediateOops: 1, NonImmediateOops: No
[1,508s][debug][gc,nmethod  ] Register NMethod: jdk.internal.classfile.impl.SplitConstantPool.tryFindUtf8 (0x00007a39f2c56388) [0x00007a39f2c564a0, 0x00007a39f2c56da8] Compiler: jvmci, Barriers: 12, Oops: 0, ImmediateOops: 2, NonImmediateOops: No
[1,508s][debug][gc,nmethod  ] Register NMethod: sun.invoke.util.VerifyAccess.ensureTypeVisible (0x00007a39d379fa08) [0x00007a39d379fb00, 0x00007a39d37a04d0] Compiler: c1, Barriers: 4, Oops: 0, ImmediateOops: 0, NonImmediateOops: No
[1,508s][debug][gc,nmethod  ] Register NMethod: java.lang.invoke.MemberName.isMethod (0x00007a39d37a0508) [0x00007a39d37a0600, 0x00007a39d37a07b8] Compiler: c1, Barriers: 0, Oops: 0, ImmediateOops: 0, NonImmediateOops: No
[1,509s][debug][gc,nmethod  ] Register NMethod: jdk.internal.classfile.impl.StackCounter.<init> (0x00007a39d37a0808) [0x00007a39d37a0900, 0x00007a39d37b72d0] Compiler: c1, Barriers: 95, Oops: 2, ImmediateOops: 18, NonImmediateOops: No
[1,509s][debug][gc,nmethod  ] Register NMethod: jdk.internal.loader.AbstractClassLoaderValue.map (0x00007a39d37b7308) [0x00007a39d37b7400, 0x00007a39d37b77f8] Compiler: c1, Barriers: 0, Oops: 0, ImmediateOops: 2, NonImmediateOops: No
[1,511s][debug][gc,nmethod  ] Register NMethod: java.util.Collections$EmptySet.contains (0x00007a39f2c56e08) [0x00007a39f2c56f00, 0x00007a39f2c56fc0] Compiler: c1, Barriers: 0, Oops: 0, ImmediateOops: 0, NonImmediateOops: No
[1,512s][debug][gc,nmethod  ] Register NMethod: jdk.internal.util.ArraysSupport.vectorizedMismatch (0x00007a39d37b7808) [0x00007a39d37b7900, 0x00007a39d37b7d10] Compiler: c1, Barriers: 0, Oops: 0, ImmediateOops: 0, NonImmediateOops: No
[1,512s][debug][gc,nmethod  ] Register NMethod: java.lang.StringLatin1.compareTo (0x00007a39d37b7d88) [0x00007a39d37b7e80, 0x00007a39d37b7fb0] Compiler: c1, Barriers: 0, Oops: 0, ImmediateOops: 0, NonImmediateOops: No
[1,512s][debug][gc,nmethod  ] Register NMethod: java.lang.StringLatin1.compareTo (0x00007a39d37b8088) [0x00007a39d37b8180, 0x00007a39d37b84d0] Compiler: c1, Barriers: 0, Oops: 0, ImmediateOops: 0, NonImmediateOops: No
[1,512s][debug][gc,nmethod  ] Register NMethod: jdk.internal.util.ArraysSupport.mismatch (0x00007a39d37b8508) [0x00007a39d37b8600, 0x00007a39d37b89b8] Compiler: c1, Barriers: 0, Oops: 0, ImmediateOops: 0, NonImmediateOops: No
[1,513s][debug][gc,nmethod  ] Register NMethod: java.util.stream.AbstractPipeline.evaluate (0x00007a39d37b8a08) [0x00007a39d37b8b00, 0x00007a39d37b9bf0] Compiler: c1, Barriers: 1, Oops: 0, ImmediateOops: 1, NonImmediateOops: No
[1,513s][debug][gc,nmethod  ] Register NMethod: java.util.StringJoiner.add (0x00007a39d37b9c08) [0x00007a39d37b9d00, 0x00007a39d37bb4b8] Compiler: c1, Barriers: 15, Oops: 0, ImmediateOops: 1, NonImmediateOops: No
[1,513s][debug][gc,nmethod  ] Register NMethod: java.util.StringJoiner.toString (0x00007a39d37bb508) [0x00007a39d37bb600, 0x00007a39d37bb8e0] Compiler: c1, Barriers: 5, Oops: 0, ImmediateOops: 2, NonImmediateOops: No
[1,513s][debug][gc,nmethod  ] Register NMethod: java.lang.Class.isArray (0x00007a39f2c57108) [0x00007a39f2c57200, 0x00007a39f2c572b8] Compiler: jvmci, Barriers: 1, Oops: 0, ImmediateOops: 0, NonImmediateOops: No
[1,513s][debug][gc,nmethod  ] Register NMethod: java.lang.StringConcatHelper.newArray (0x00007a39d37bb908) [0x00007a39d37bba00, 0x00007a39d37bc048] Compiler: c1, Barriers: 0, Oops: 0, ImmediateOops: 3, NonImmediateOops: No
[1,513s][debug][gc,nmethod  ] Register NMethod: java.lang.Class.getTypeName (0x00007a39d37bc088) [0x00007a39d37bc180, 0x00007a39d37bf710] Compiler: c1, Barriers: 11, Oops: 0, ImmediateOops: 5, NonImmediateOops: No
[1,513s][debug][gc,nmethod  ] Register NMethod: java.util.StringJoiner.<init> (0x00007a39d37bf788) [0x00007a39d37bf880, 0x00007a39d37c0580] Compiler: c1, Barriers: 9, Oops: 3, ImmediateOops: 3, NonImmediateOops: No
[1,513s][debug][gc,nmethod  ] Register NMethod: java.util.stream.Collectors$CollectorImpl.supplier (0x00007a39f2c57408) [0x00007a39f2c57500, 0x00007a39f2c575e8] Compiler: c1, Barriers: 1, Oops: 0, ImmediateOops: 0, NonImmediateOops: No
[1,513s][debug][gc,nmethod  ] Register NMethod: java.util.stream.Collectors$CollectorImpl.accumulator (0x00007a39f2c57708) [0x00007a39f2c57800, 0x00007a39f2c578e8] Compiler: c1, Barriers: 1, Oops: 0, ImmediateOops: 0, NonImmediateOops: No
[1,513s][debug][gc,nmethod  ] Register NMethod: java.util.stream.Collectors$$Lambda/0x00000000ba0e07a8.accept (0x00007a39d37c0608) [0x00007a39d37c0700, 0x00007a39d37c0e28] Compiler: c1, Barriers: 0, Oops: 0, ImmediateOops: 0, NonImmediateOops: No
[1,513s][debug][gc,nmethod  ] Register NMethod: java.util.stream.Collectors$CollectorImpl.combiner (0x00007a39f2c57a08) [0x00007a39f2c57b00, 0x00007a39f2c57be8] Compiler: c1, Barriers: 1, Oops: 0, ImmediateOops: 0, NonImmediateOops: No
[1,513s][debug][gc,nmethod  ] Register NMethod: java.util.stream.ReduceOps$Box.get (0x00007a39f2c57d08) [0x00007a39f2c57e00, 0x00007a39f2c57ee8] Compiler: c1, Barriers: 1, Oops: 0, ImmediateOops: 0, NonImmediateOops: No
[1,513s][debug][gc,nmethod  ] Register NMethod: java.lang.reflect.Executable$$Lambda/0x00000000ba117c60.apply (0x00007a39d37c0e88) [0x00007a39d37c0f80, 0x00007a39d37c12d0] Compiler: c1, Barriers: 0, Oops: 0, ImmediateOops: 0, NonImmediateOops: No
[1,513s][debug][gc,nmethod  ] Register NMethod: java.util.stream.StreamOpFlag.isKnown (0x00007a39d37c1308) [0x00007a39d37c1400, 0x00007a39d37c1558] Compiler: c1, Barriers: 0, Oops: 0, ImmediateOops: 0, NonImmediateOops: No
[1,513s][debug][gc,nmethod  ] Register NMethod: java.util.stream.AbstractPipeline.wrapSink (0x00007a39d37c1608) [0x00007a39d37c1700, 0x00007a39d37c1c78] Compiler: c1, Barriers: 2, Oops: 0, ImmediateOops: 0, NonImmediateOops: No
[1,514s][debug][gc,nmethod  ] Register NMethod: java.lang.String.compareTo (0x00007a39d37c1c88) [0x00007a39d37c1d80, 0x00007a39d37c25b0] Compiler: c1, Barriers: 2, Oops: 0, ImmediateOops: 0, NonImmediateOops: No
[1,514s][debug][gc,nmethod  ] Register NMethod: java.util.stream.StreamSupport.stream (0x00007a39d37c2608) [0x00007a39d37c2700, 0x00007a39d37c2af0] Compiler: c1, Barriers: 0, Oops: 0, ImmediateOops: 0, NonImmediateOops: No
[1,514s][debug][gc,nmethod  ] Register NMethod: java.util.stream.ReferencePipeline$Head.<init> (0x00007a39d37c2b08) [0x00007a39d37c2c00, 0x00007a39d37c2d90] Compiler: c1, Barriers: 0, Oops: 0, ImmediateOops: 0, NonImmediateOops: No
[1,514s][debug][gc,nmethod  ] Register NMethod: java.util.stream.ReferencePipeline.<init> (0x00007a39d37c2e08) [0x00007a39d37c2f00, 0x00007a39d37c3030] Compiler: c1, Barriers: 0, Oops: 0, ImmediateOops: 0, NonImmediateOops: No
[1,514s][debug][gc,nmethod  ] Register NMethod: java.util.stream.StreamOpFlag.fromCharacteristics (0x00007a39d37c3108) [0x00007a39d37c3200, 0x00007a39d37c3788] Compiler: c1, Barriers: 0, Oops: 0, ImmediateOops: 0, NonImmediateOops: No
[1,514s][debug][gc,nmethod  ] Register NMethod: java.lang.String.join (0x00007a39d37c3808) [0x00007a39d37c3900, 0x00007a39d37c7ec8] Compiler: c1, Barriers: 14, Oops: 0, ImmediateOops: 4, NonImmediateOops: No
[1,514s][debug][gc,nmethod  ] Register NMethod: java.util.stream.AbstractPipeline.<init> (0x00007a39d37c7f08) [0x00007a39d37c8000, 0x00007a39d37c8348] Compiler: c1, Barriers: 9, Oops: 0, ImmediateOops: 0, NonImmediateOops: No
[1,514s][debug][gc,nmethod  ] Register NMethod: java.util.stream.ReferencePipeline.<init> (0x00007a39d37c8388) [0x00007a39d37c8480, 0x00007a39d37c85b0] Compiler: c1, Barriers: 0, Oops: 0, ImmediateOops: 0, NonImmediateOops: No
[1,514s][debug][gc,nmethod  ] Register NMethod: java.util.stream.ReferencePipeline$StatelessOp.<init> (0x00007a39d37c8688) [0x00007a39d37c8780, 0x00007a39d37c8938] Compiler: c1, Barriers: 0, Oops: 0, ImmediateOops: 0, NonImmediateOops: No
[1,514s][debug][gc,nmethod  ] Register NMethod: java.util.stream.Sink$ChainedReference.<init> (0x00007a39d37c8988) [0x00007a39d37c8a80, 0x00007a39d37c8fb8] Compiler: c1, Barriers: 3, Oops: 0, ImmediateOops: 0, NonImmediateOops: No
[1,514s][debug][gc,nmethod  ] Register NMethod: java.util.stream.Sink$ChainedReference.end (0x00007a39d37c9008) [0x00007a39d37c9100, 0x00007a39d37c9440] Compiler: c1, Barriers: 1, Oops: 0, ImmediateOops: 0, NonImmediateOops: No
[1,514s][debug][gc,nmethod  ] Register NMethod: java.util.Spliterator.getExactSizeIfKnown (0x00007a39d37c9488) [0x00007a39d37c9580, 0x00007a39d37c9ad0] Compiler: c1, Barriers: 0, Oops: 0, ImmediateOops: 0, NonImmediateOops: No
[1,514s][debug][gc,director ] Rule Major: Warmup 10%, Used: 84MB, UsedThreshold: 1228MB
[1,514s][debug][gc,nmethod  ] Register NMethod: java.util.stream.Sink.end (0x00007a39d37c9b08) [0x00007a39d37c9c00, 0x00007a39d37c9d00] Compiler: c1, Barriers: 0, Oops: 0, ImmediateOops: 0, NonImmediateOops: No
[1,514s][debug][gc,nmethod  ] Register NMethod: java.util.stream.AbstractPipeline.<init> (0x00007a39d37c9e08) [0x00007a39d37c9f00, 0x00007a39d37ca490] Compiler: c1, Barriers: 10, Oops: 0, ImmediateOops: 1, NonImmediateOops: No
[1,514s][debug][gc,nmethod  ] Register NMethod: java.util.stream.AbstractPipeline.wrapAndCopyInto (0x00007a39d37ca508) [0x00007a39d37ca600, 0x00007a39d37cae70] Compiler: c1, Barriers: 0, Oops: 0, ImmediateOops: 0, NonImmediateOops: No
[1,514s][debug][gc,nmethod  ] Register NMethod: java.lang.System$1.join (0x00007a39d37cae88) [0x00007a39d37caf80, 0x00007a39d37cf5c0] Compiler: c1, Barriers: 14, Oops: 0, ImmediateOops: 4, NonImmediateOops: No
[1,514s][debug][gc,nmethod  ] Register NMethod: java.util.stream.Collectors$CollectorImpl.finisher (0x00007a39f2c58008) [0x00007a39f2c58100, 0x00007a39f2c581e8] Compiler: c1, Barriers: 1, Oops: 0, ImmediateOops: 0, NonImmediateOops: No
[1,514s][debug][gc,nmethod  ] Register NMethod: java.lang.reflect.Modifier.methodModifiers (0x00007a39f2c58308) [0x00007a39f2c58400, 0x00007a39f2c584a0] Compiler: c1, Barriers: 0, Oops: 0, ImmediateOops: 0, NonImmediateOops: No
[1,514s][debug][gc,nmethod  ] Register NMethod: java.util.HashMap.put (0x00007a39d37cf608) [0x00007a39d37cf700, 0x00007a39d37cfce8] Compiler: c1, Barriers: 0, Oops: 0, ImmediateOops: 0, NonImmediateOops: No
[1,514s][debug][gc,nmethod  ] Register NMethod: java.lang.reflect.Method.isDefault (0x00007a39d37cfd08) [0x00007a39d37cfe00, 0x00007a39d37d0628] Compiler: c1, Barriers: 1, Oops: 0, ImmediateOops: 0, NonImmediateOops: No
[1,514s][debug][gc,nmethod  ] Register NMethod: java.lang.reflect.Method.getParameterTypes (0x00007a39d37d0688) [0x00007a39d37d0780, 0x00007a39d37d0cf8] Compiler: c1, Barriers: 1, Oops: 0, ImmediateOops: 0, NonImmediateOops: No
[1,514s][debug][gc,nmethod  ] Register NMethod: java.util.stream.AbstractPipeline.copyInto (0x00007a39d37d0d08) [0x00007a39d37d0e00, 0x00007a39d37d1f20] Compiler: c1, Barriers: 0, Oops: 1, ImmediateOops: 1, NonImmediateOops: No
[1,514s][debug][gc,nmethod  ] Register NMethod: org.junit.internal.MethodSorter$1.compare (0x00007a39d37d1f88) [0x00007a39d37d2080, 0x00007a39d37d2778] Compiler: c1, Barriers: 0, Oops: 1, ImmediateOops: 0, NonImmediateOops: No
[1,515s][debug][gc,nmethod  ] Register NMethod: java.util.stream.ReferencePipeline$3.<init> (0x00007a39d37d2788) [0x00007a39d37d2880, 0x00007a39d37d2c60] Compiler: c1, Barriers: 3, Oops: 0, ImmediateOops: 0, NonImmediateOops: No
[1,515s][debug][gc,nmethod  ] Register NMethod: java.util.stream.ReferencePipeline$3.opWrapSink (0x00007a39d37d2c88) [0x00007a39d37d2d80, 0x00007a39d37d34f8] Compiler: c1, Barriers: 7, Oops: 0, ImmediateOops: 0, NonImmediateOops: No
[1,515s][debug][gc,nmethod  ] Register NMethod: org.junit.internal.MethodSorter$1.compare (0x00007a39d37d3508) [0x00007a39d37d3600, 0x00007a39d37d4e70] Compiler: c1, Barriers: 4, Oops: 2, ImmediateOops: 1, NonImmediateOops: No
[1,515s][debug][gc,nmethod  ] Register NMethod: java.util.stream.ReferencePipeline$3$1.<init> (0x00007a39d37d4e88) [0x00007a39d37d4f80, 0x00007a39d37d56d8] Compiler: c1, Barriers: 6, Oops: 0, ImmediateOops: 0, NonImmediateOops: No
[1,515s][debug][gc,nmethod  ] Register NMethod: java.util.Spliterators$ArraySpliterator.forEachRemaining (0x00007a39d37d5708) [0x00007a39d37d5800, 0x00007a39d37d5dd0] Compiler: c1, Barriers: 2, Oops: 0, ImmediateOops: 0, NonImmediateOops: No
[1,515s][debug][gc,nmethod  ] Register NMethod: java.lang.String.replace (0x00007a39f2c58608) [0x00007a39f2c58700, 0x00007a39f2c58db8] Compiler: jvmci, Barriers: 3, Oops: 0, ImmediateOops: 0, NonImmediateOops: No
[1,515s][debug][gc,nmethod  ] Register NMethod: java.util.stream.Sink$ChainedReference.begin (0x00007a39d37d5e08) [0x00007a39d37d5f00, 0x00007a39d37d6240] Compiler: c1, Barriers: 1, Oops: 0, ImmediateOops: 0, NonImmediateOops: No
[1,515s][debug][gc,nmethod  ] Register NMethod: java.util.Spliterators$ArraySpliterator.<init> (0x00007a39d37d6288) [0x00007a39d37d6380, 0x00007a39d37d6578] Compiler: c1, Barriers: 3, Oops: 0, ImmediateOops: 0, NonImmediateOops: No
[1,515s][debug][gc,nmethod  ] Register NMethod: java.util.stream.AbstractPipeline.sourceSpliterator (0x00007a39d37d6588) [0x00007a39d37d6680, 0x00007a39d37d8148] Compiler: c1, Barriers: 14, Oops: 1, ImmediateOops: 2, NonImmediateOops: No
[1,515s][debug][gc,nmethod  ] Register NMethod: java.util.stream.Collectors$CollectorImpl.<init> (0x00007a39d37d8188) [0x00007a39d37d8280, 0x00007a39d37d8680] Compiler: c1, Barriers: 15, Oops: 0, ImmediateOops: 0, NonImmediateOops: No
[1,515s][debug][gc,nmethod  ] Register NMethod: java.util.stream.ReferencePipeline.map (0x00007a39d37d8688) [0x00007a39d37d8780, 0x00007a39d37d8c90] Compiler: c1, Barriers: 3, Oops: 1, ImmediateOops: 0, NonImmediateOops: No
[1,515s][debug][gc,nmethod  ] Register NMethod: java.util.stream.ReduceOps$ReduceOp.<init> (0x00007a39d37d8d08) [0x00007a39d37d8e00, 0x00007a39d37d8fd0] Compiler: c1, Barriers: 3, Oops: 0, ImmediateOops: 0, NonImmediateOops: No
[1,515s][debug][gc,nmethod  ] Register NMethod: java.util.stream.ReduceOps$3.<init> (0x00007a39d37d9008) [0x00007a39d37d9100, 0x00007a39d37d9508] Compiler: c1, Barriers: 15, Oops: 0, ImmediateOops: 0, NonImmediateOops: No
[1,515s][debug][gc,nmethod  ] Register NMethod: java.util.stream.ReduceOps$3.getOpFlags (0x00007a39d37d9588) [0x00007a39d37d9680, 0x00007a39d37d9ac0] Compiler: c1, Barriers: 2, Oops: 0, ImmediateOops: 1, NonImmediateOops: No
[1,515s][debug][gc,nmethod  ] Register NMethod: java.lang.Class.getDeclaringClass0 (0x00007a39f2c58e08) [0x00007a39f2c58f00, 0x00007a39f2c59220] Compiler: , Barriers: 0, Oops: 0, ImmediateOops: 0, NonImmediateOops: No
[1,515s][debug][gc,nmethod  ] Register NMethod: java.util.stream.ReduceOps.makeRef (0x00007a39d37d9b08) [0x00007a39d37d9c00, 0x00007a39d37da5c8] Compiler: c1, Barriers: 18, Oops: 1, ImmediateOops: 1, NonImmediateOops: No
[1,515s][debug][gc,nmethod  ] Register NMethod: java.util.stream.AbstractPipeline.isParallel (0x00007a39f2c59288) [0x00007a39f2c59380, 0x00007a39f2c59460] Compiler: jvmci, Barriers: 1, Oops: 0, ImmediateOops: 0, NonImmediateOops: No
[1,515s][debug][gc,nmethod  ] Register NMethod: java.util.stream.ReduceOps$3.makeSink (0x00007a39d37da608) [0x00007a39d37da700, 0x00007a39d37da848] Compiler: c1, Barriers: 0, Oops: 0, ImmediateOops: 0, NonImmediateOops: No
[1,515s][debug][gc,nmethod  ] Register NMethod: java.util.stream.ReduceOps$3.makeSink (0x00007a39d37da908) [0x00007a39d37daa00, 0x00007a39d37dae78] Compiler: c1, Barriers: 12, Oops: 0, ImmediateOops: 0, NonImmediateOops: No
[1,516s][debug][gc,nmethod  ] Register NMethod: java.util.stream.ReferencePipeline.collect (0x00007a39d37dae88) [0x00007a39d37daf80, 0x00007a39d37dcad8] Compiler: c1, Barriers: 7, Oops: 1, ImmediateOops: 4, NonImmediateOops: No
[1,516s][debug][gc,nmethod  ] Register NMethod: java.util.stream.ReduceOps$ReduceOp.evaluateSequential (0x00007a39d37dcb08) [0x00007a39d37dcc00, 0x00007a39d37dd428] Compiler: c1, Barriers: 1, Oops: 0, ImmediateOops: 0, NonImmediateOops: No
[1,516s][debug][gc,nmethod  ] Register NMethod: java.util.stream.ReduceOps$3ReducingSink.<init> (0x00007a39d37dd488) [0x00007a39d37dd580, 0x00007a39d37dd8a0] Compiler: c1, Barriers: 9, Oops: 0, ImmediateOops: 0, NonImmediateOops: No
[1,516s][debug][gc,nmethod  ] Register NMethod: java.util.stream.ReduceOps$Box.<init> (0x00007a39d37dd908) [0x00007a39d37dda00, 0x00007a39d37ddb58] Compiler: c1, Barriers: 0, Oops: 0, ImmediateOops: 0, NonImmediateOops: No
[1,516s][debug][gc,nmethod  ] Register NMethod: java.util.stream.ReduceOps$3ReducingSink.begin (0x00007a39d37ddc08) [0x00007a39d37ddd00, 0x00007a39d37de0c0] Compiler: c1, Barriers: 4, Oops: 0, ImmediateOops: 0, NonImmediateOops: No
[1,516s][debug][gc,nmethod  ] Register NMethod: java.util.Arrays.stream (0x00007a39d37de108) [0x00007a39d37de200, 0x00007a39d37de418] Compiler: c1, Barriers: 0, Oops: 0, ImmediateOops: 0, NonImmediateOops: No
[1,516s][debug][gc,nmethod  ] Register NMethod: java.util.Arrays.spliterator (0x00007a39d37de488) [0x00007a39d37de580, 0x00007a39d37de698] Compiler: c1, Barriers: 0, Oops: 0, ImmediateOops: 0, NonImmediateOops: No
[1,516s][debug][gc,nmethod  ] Register NMethod: java.util.Arrays.stream (0x00007a39d37de788) [0x00007a39d37de880, 0x00007a39d37dea28] Compiler: c1, Barriers: 0, Oops: 0, ImmediateOops: 0, NonImmediateOops: No
[1,516s][debug][gc,nmethod  ] Register NMethod: java.util.Spliterators.spliterator (0x00007a39d37dea88) [0x00007a39d37deb80, 0x00007a39d37deeb0] Compiler: c1, Barriers: 0, Oops: 0, ImmediateOops: 0, NonImmediateOops: No
[1,516s][debug][gc,nmethod  ] Register NMethod: java.util.Spliterators$ArraySpliterator.estimateSize (0x00007a39d37def08) [0x00007a39d37df000, 0x00007a39d37df178] Compiler: c1, Barriers: 0, Oops: 0, ImmediateOops: 0, NonImmediateOops: No
[1,516s][debug][gc,nmethod  ] Register NMethod: java.lang.invoke.Invokers$Holder.linkToTargetMethod (0x00007a39d37df208) [0x00007a39d37df300, 0x00007a39d37df800] Compiler: c1, Barriers: 0, Oops: 0, ImmediateOops: 0, NonImmediateOops: No
[1,516s][debug][gc,nmethod  ] Register NMethod: java.util.stream.Collectors$$Lambda/0x00000000ba0e0578.get (0x00007a39d37df808) [0x00007a39d37df900, 0x00007a39d37dfad8] Compiler: c1, Barriers: 3, Oops: 0, ImmediateOops: 0, NonImmediateOops: No
[1,516s][debug][gc,nmethod  ] Register NMethod: java.util.stream.Collectors$$Lambda/0x00000000ba0e0578.<init> (0x00007a39d37dfb08) [0x00007a39d37dfc00, 0x00007a39d37dfec0] Compiler: c1, Barriers: 9, Oops: 0, ImmediateOops: 0, NonImmediateOops: No
[1,516s][debug][gc,nmethod  ] Register NMethod: java.lang.invoke.DirectMethodHandle$Holder.newInvokeSpecial (0x00007a39d37dff08) [0x00007a39d37e0000, 0x00007a39d37e0898] Compiler: c1, Barriers: 2, Oops: 0, ImmediateOops: 1, NonImmediateOops: No
[1,516s][debug][gc,nmethod  ] Register NMethod: java.util.stream.Collectors.lambda$joining$1 (0x00007a39d37e0908) [0x00007a39d37e0a00, 0x00007a39d37e0b90] Compiler: c1, Barriers: 0, Oops: 0, ImmediateOops: 0, NonImmediateOops: No
[1,516s][debug][gc,nmethod  ] Register NMethod: java.util.Spliterators.checkFromToBounds (0x00007a39d37e0c08) [0x00007a39d37e0d00, 0x00007a39d37e22e8] Compiler: c1, Barriers: 0, Oops: 3, ImmediateOops: 4, NonImmediateOops: No
[1,516s][debug][gc,nmethod  ] Register NMethod: java.util.stream.Collectors$$Lambda/0x00000000ba0e0c30.apply (0x00007a39d37e2308) [0x00007a39d37e2400, 0x00007a39d37e2900] Compiler: c1, Barriers: 0, Oops: 0, ImmediateOops: 0, NonImmediateOops: No
[1,516s][debug][gc,nmethod  ] Register NMethod: java.lang.StringBuilder.toString (0x00007a39f2c59588) [0x00007a39f2c59680, 0x00007a39f2c59a88] Compiler: jvmci, Barriers: 3, Oops: 0, ImmediateOops: 1, NonImmediateOops: No
[1,516s][debug][gc,nmethod  ] Register NMethod: java.lang.invoke.Invokers$Holder.linkToTargetMethod (0x00007a39f2c59b08) [0x00007a39f2c59c00, 0x00007a39f2c59cf0] Compiler: jvmci, Barriers: 0, Oops: 0, ImmediateOops: 0, NonImmediateOops: No
[1,516s][debug][gc,nmethod  ] Register NMethod: java.lang.reflect.Method.toString (0x00007a39d37e2908) [0x00007a39d37e2a00, 0x00007a39d37e3720] Compiler: c1, Barriers: 3, Oops: 0, ImmediateOops: 0, NonImmediateOops: No
[1,516s][debug][gc,nmethod  ] Register NMethod: java.util.stream.Collectors.joining (0x00007a39d37e3788) [0x00007a39d37e3880, 0x00007a39d37e4550] Compiler: c1, Barriers: 24, Oops: 8, ImmediateOops: 6, NonImmediateOops: No
[1,516s][debug][gc,nmethod  ] Register NMethod: java.util.StringJoiner.<init> (0x00007a39d37e4608) [0x00007a39d37e4700, 0x00007a39d37e4848] Compiler: c1, Barriers: 0, Oops: 0, ImmediateOops: 1, NonImmediateOops: No
[1,516s][debug][gc,nmethod  ] Register NMethod: java.lang.reflect.Executable.printModifiersIfNonzero (0x00007a39d37e4908) [0x00007a39d37e4a00, 0x00007a39d37e5f68] Compiler: c1, Barriers: 0, Oops: 1, ImmediateOops: 1, NonImmediateOops: No
[1,516s][debug][gc,nmethod  ] Register NMethod: java.lang.reflect.Modifier.toString (0x00007a39d37e5f88) [0x00007a39d37e6080, 0x00007a39d37e7e18] Compiler: c1, Barriers: 0, Oops: 1, ImmediateOops: 14, NonImmediateOops: No
[1,517s][debug][gc,nmethod  ] Register NMethod: java.lang.reflect.Method.specificToStringHeader (0x00007a39d37e7e88) [0x00007a39d37e7f80, 0x00007a39d37e9658] Compiler: c1, Barriers: 3, Oops: 0, ImmediateOops: 0, NonImmediateOops: No
[1,517s][debug][gc,nmethod  ] Register NMethod: junit.framework.TestSuite.isTestMethod (0x00007a39d37e9688) [0x00007a39d37e9780, 0x00007a39d37eaa70] Compiler: c1, Barriers: 3, Oops: 3, ImmediateOops: 2, NonImmediateOops: No
[1,517s][debug][gc,nmethod  ] Register NMethod: java.lang.invoke.LambdaForm$Holder.constant_L (0x00007a39f2c59e08) [0x00007a39f2c59f00, 0x00007a39f2c5a020] Compiler: jvmci, Barriers: 1, Oops: 0, ImmediateOops: 0, NonImmediateOops: No
[1,517s][debug][gc,nmethod  ] Register NMethod: java.util.HashMap.<init> (0x00007a39d37eab08) [0x00007a39d37eac00, 0x00007a39d37ec848] Compiler: c1, Barriers: 0, Oops: 2, ImmediateOops: 4, NonImmediateOops: No
[1,517s][debug][gc,nmethod  ] Register NMethod: java.lang.StringBuilder.append (0x00007a39d37ec888) [0x00007a39d37ec980, 0x00007a39d37ecce0] Compiler: c1, Barriers: 0, Oops: 0, ImmediateOops: 0, NonImmediateOops: No
[1,517s][debug][gc,nmethod  ] Register NMethod: java.lang.AbstractStringBuilder.ensureCapacitySameCoder (0x00007a39d37ecd08) [0x00007a39d37ece00, 0x00007a39d37ecfa8] Compiler: c1, Barriers: 0, Oops: 0, ImmediateOops: 0, NonImmediateOops: No
[1,517s][debug][gc,nmethod  ] Register NMethod: java.lang.reflect.Executable.sharedToString (0x00007a39d37ed008) [0x00007a39d37ed100, 0x00007a39d37f05b0] Compiler: c1, Barriers: 0, Oops: 4, ImmediateOops: 13, NonImmediateOops: No
[1,517s][debug][gc,nmethod  ] Register NMethod: java.util.StringJoiner.checkAddLength (0x00007a39f2c5a108) [0x00007a39f2c5a200, 0x00007a39f2c5a430] Compiler: jvmci, Barriers: 4, Oops: 0, ImmediateOops: 0, NonImmediateOops: No
[1,517s][debug][gc,nmethod  ] Register NMethod: java.io.FileInputStream.readBytes (0x00007a39f2c5a488) [0x00007a39f2c5a580, 0x00007a39f2c5a6e8] Compiler: , Barriers: 0, Oops: 0, ImmediateOops: 0, NonImmediateOops: No
[1,518s][debug][gc,nmethod  ] Register NMethod: java.lang.Class.getInterfaces (0x00007a39d37f0608) [0x00007a39d37f0700, 0x00007a39d37f0838] Compiler: c1, Barriers: 0, Oops: 0, ImmediateOops: 0, NonImmediateOops: No
[1,518s][debug][gc,nmethod  ] Register NMethod: java.nio.ByteBuffer.limit (0x00007a39d37f0908) [0x00007a39d37f0a00, 0x00007a39d37f0b48] Compiler: c1, Barriers: 0, Oops: 0, ImmediateOops: 0, NonImmediateOops: No
[1,518s][debug][gc,nmethod  ] Register NMethod: jdk.internal.loader.AbstractClassLoaderValue.extractValue (0x00007a39d37f0c08) [0x00007a39d37f0d00, 0x00007a39d37f1458] Compiler: c1, Barriers: 0, Oops: 0, ImmediateOops: 0, NonImmediateOops: No
[1,518s][debug][gc,nmethod  ] Register NMethod: java.lang.reflect.Field.getModifiers (0x00007a39f2c5a788) [0x00007a39f2c5a880, 0x00007a39f2c5a940] Compiler: c1, Barriers: 0, Oops: 0, ImmediateOops: 0, NonImmediateOops: No
[1,518s][debug][gc,nmethod  ] Register NMethod: java.lang.StringBuilder.<init> (0x00007a39f2c5aa88) [0x00007a39f2c5ab80, 0x00007a39f2c5ad28] Compiler: jvmci, Barriers: 3, Oops: 0, ImmediateOops: 0, NonImmediateOops: No
[1,518s][debug][gc,nmethod  ] Register NMethod: org.junit.runners.model.FrameworkMethod.getMethod (0x00007a39f2c5ad88) [0x00007a39f2c5ae80, 0x00007a39f2c5af68] Compiler: c1, Barriers: 1, Oops: 1, ImmediateOops: 0, NonImmediateOops: No
[1,518s][debug][gc,nmethod  ] Register NMethod: java.lang.Module.allows (0x00007a39d37f1488) [0x00007a39d37f1580, 0x00007a39d37f20e8] Compiler: c1, Barriers: 1, Oops: 0, ImmediateOops: 3, NonImmediateOops: No
[1,518s][debug][gc,nmethod  ] Register NMethod: org.junit.internal.MethodSorter$2.compare (0x00007a39d37f2108) [0x00007a39d37f2200, 0x00007a39d37f2f40] Compiler: c1, Barriers: 2, Oops: 1, ImmediateOops: 0, NonImmediateOops: No
[1,518s][debug][gc,nmethod  ] Register NMethod: org.junit.internal.MethodSorter$2.compare (0x00007a39d37f2f88) [0x00007a39d37f3080, 0x00007a39d37f43b0] Compiler: c1, Barriers: 2, Oops: 1, ImmediateOops: 0, NonImmediateOops: No
[1,518s][debug][gc,nmethod  ] Register NMethod: sun.reflect.annotation.AnnotationInvocationHandler.invoke (0x00007a39d37f4408) [0x00007a39d37f4500, 0x00007a39d37f6790] Compiler: c1, Barriers: 10, Oops: 0, ImmediateOops: 7, NonImmediateOops: No
[1,518s][debug][gc,nmethod  ] Register NMethod: java.util.ArrayList.get (0x00007a39f2c5b088) [0x00007a39f2c5b180, 0x00007a39f2c5b2e8] Compiler: jvmci, Barriers: 2, Oops: 0, ImmediateOops: 0, NonImmediateOops: No
[1,519s][debug][gc,nmethod  ] Register NMethod: sun.reflect.generics.parser.SignatureParser.mark (0x00007a39d37f6808) [0x00007a39d37f6900, 0x00007a39d37f6a08] Compiler: c1, Barriers: 0, Oops: 0, ImmediateOops: 0, NonImmediateOops: No
[1,519s][debug][gc,nmethod  ] Register NMethod: sun.reflect.generics.parser.SignatureParser.markToCurrent (0x00007a39d37f6b08) [0x00007a39d37f6c00, 0x00007a39d37f6f38] Compiler: c1, Barriers: 1, Oops: 0, ImmediateOops: 0, NonImmediateOops: No
[1,519s][debug][gc,nmethod  ] Register NMethod: sun.reflect.generics.tree.SimpleClassTypeSignature.<init> (0x00007a39d37f6f88) [0x00007a39d37f7080, 0x00007a39d37f72d0] Compiler: c1, Barriers: 6, Oops: 0, ImmediateOops: 0, NonImmediateOops: No
[1,519s][debug][gc,nmethod  ] Register NMethod: sun.reflect.generics.tree.SimpleClassTypeSignature.make (0x00007a39d37f7308) [0x00007a39d37f7400, 0x00007a39d37f76f0] Compiler: c1, Barriers: 6, Oops: 0, ImmediateOops: 0, NonImmediateOops: No
[1,519s][debug][gc,nmethod  ] Register NMethod: sun.reflect.generics.parser.SignatureParser.parseClassTypeSignatureSuffix (0x00007a39d37f7708) [0x00007a39d37f7800, 0x00007a39d37f7c70] Compiler: c1, Barriers: 0, Oops: 0, ImmediateOops: 0, NonImmediateOops: No
[1,519s][debug][gc,nmethod  ] Register NMethod: java.util.Collections.emptyList (0x00007a39d37f7c88) [0x00007a39d37f7d80, 0x00007a39d37f7e68] Compiler: c1, Barriers: 0, Oops: 0, ImmediateOops: 1, NonImmediateOops: No
[1,519s][debug][gc,nmethod  ] Register NMethod: sun.reflect.generics.tree.ClassTypeSignature.<init> (0x00007a39d37f7f88) [0x00007a39d37f8080, 0x00007a39d37f8250] Compiler: c1, Barriers: 3, Oops: 0, ImmediateOops: 0, NonImmediateOops: No
[1,519s][debug][gc,nmethod  ] Register NMethod: jdk.internal.misc.Unsafe.putReference (0x00007a39f2c5b388) [0x00007a39f2c5b480, 0x00007a39f2c5b5f0] Compiler: , Barriers: 0, Oops: 0, ImmediateOops: 0, NonImmediateOops: No
[1,519s][debug][gc,nmethod  ] Register NMethod: sun.reflect.generics.tree.ClassTypeSignature.make (0x00007a39d37f8288) [0x00007a39d37f8380, 0x00007a39d37f85e8] Compiler: c1, Barriers: 3, Oops: 0, ImmediateOops: 0, NonImmediateOops: No
[1,519s][debug][gc,nmethod  ] Register NMethod: java.lang.String.isLatin1 (0x00007a39f2c5b688) [0x00007a39f2c5b780, 0x00007a39f2c5b810] Compiler: jvmci, Barriers: 0, Oops: 0, ImmediateOops: 0, NonImmediateOops: No
[1,519s][debug][gc,nmethod  ] Register NMethod: sun.reflect.generics.parser.SignatureParser.parsePackageNameAndSimpleClassTypeSignature (0x00007a39d37f8608) [0x00007a39d37f8700, 0x00007a39d37f9bf0] Compiler: c1, Barriers: 1, Oops: 1, ImmediateOops: 2, NonImmediateOops: No
[1,519s][debug][gc,nmethod  ] Register NMethod: sun.reflect.generics.parser.SignatureParser.<init> (0x00007a39d37f9c08) [0x00007a39d37f9d00, 0x00007a39d37f9e58] Compiler: c1, Barriers: 0, Oops: 0, ImmediateOops: 0, NonImmediateOops: No
[1,519s][debug][gc,nmethod  ] Register NMethod: sun.reflect.generics.parser.SignatureParser.make (0x00007a39d37f9f08) [0x00007a39d37fa000, 0x00007a39d37fa1f0] Compiler: c1, Barriers: 0, Oops: 0, ImmediateOops: 0, NonImmediateOops: No
[1,519s][debug][gc,nmethod  ] Register NMethod: sun.reflect.generics.parser.SignatureParser.parseClassTypeSignature (0x00007a39d37fa208) [0x00007a39d37fa300, 0x00007a39d37fc1b0] Compiler: c1, Barriers: 11, Oops: 2, ImmediateOops: 4, NonImmediateOops: No
[1,519s][debug][gc,nmethod  ] Register NMethod: sun.reflect.generics.parser.SignatureParser.init (0x00007a39d37fc208) [0x00007a39d37fc300, 0x00007a39d37fc480] Compiler: c1, Barriers: 3, Oops: 0, ImmediateOops: 0, NonImmediateOops: No
[1,519s][debug][gc,nmethod  ] Register NMethod: sun.reflect.generics.parser.SignatureParser.parseFieldTypeSignature (0x00007a39d37fc508) [0x00007a39d37fc600, 0x00007a39d37fc738] Compiler: c1, Barriers: 0, Oops: 0, ImmediateOops: 0, NonImmediateOops: No
[1,519s][debug][gc,nmethod  ] Register NMethod: java.lang.Class.getName (0x00007a39f2c5b988) [0x00007a39f2c5ba80, 0x00007a39f2c5bb88] Compiler: jvmci, Barriers: 1, Oops: 0, ImmediateOops: 0, NonImmediateOops: No
[1,519s][debug][gc,nmethod  ] Register NMethod: sun.reflect.generics.scope.AbstractScope.<init> (0x00007a39d37fc808) [0x00007a39d37fc900, 0x00007a39d37fcad0] Compiler: c1, Barriers: 3, Oops: 0, ImmediateOops: 0, NonImmediateOops: No
[1,519s][debug][gc,nmethod  ] Register NMethod: sun.reflect.generics.factory.CoreReflectionFactory.<init> (0x00007a39d37fcb08) [0x00007a39d37fcc00, 0x00007a39d37fce48] Compiler: c1, Barriers: 6, Oops: 0, ImmediateOops: 0, NonImmediateOops: No
[1,519s][debug][gc,nmethod  ] Register NMethod: sun.reflect.generics.factory.CoreReflectionFactory.make (0x00007a39d37fce88) [0x00007a39d37fcf80, 0x00007a39d37fd260] Compiler: c1, Barriers: 6, Oops: 0, ImmediateOops: 0, NonImmediateOops: No
[1,520s][debug][gc,nmethod  ] Register NMethod: sun.reflect.generics.parser.SignatureParser.parseFieldTypeSignature (0x00007a39d37fd288) [0x00007a39d37fd380, 0x00007a39d37fd840] Compiler: c1, Barriers: 0, Oops: 0, ImmediateOops: 3, NonImmediateOops: No
[1,520s][debug][gc,nmethod  ] Register NMethod: java.lang.PublicMethods$MethodList.merge (0x00007a39d37fd888) [0x00007a39d37fd980, 0x00007a39d37ff8a0] Compiler: c1, Barriers: 25, Oops: 0, ImmediateOops: 0, NonImmediateOops: No
[1,520s][debug][gc,nmethod  ] Register NMethod: sun.reflect.generics.visitor.Reifier.make (0x00007a39d37ff908) [0x00007a39d37ffa00, 0x00007a39d37ffc68] Compiler: c1, Barriers: 3, Oops: 0, ImmediateOops: 0, NonImmediateOops: No
[1,520s][debug][gc,nmethod  ] Register NMethod: sun.reflect.generics.visitor.Reifier.<init> (0x00007a39d37ffc88) [0x00007a39d37ffd80, 0x00007a39d37fff50] Compiler: c1, Barriers: 3, Oops: 0, ImmediateOops: 0, NonImmediateOops: No
[1,520s][debug][gc,nmethod  ] Register NMethod: sun.reflect.generics.tree.ClassTypeSignature.accept (0x00007a39d37fff88) [0x00007a39d3800080, 0x00007a39d3800208] Compiler: c1, Barriers: 0, Oops: 0, ImmediateOops: 0, NonImmediateOops: No
[1,520s][debug][gc,nmethod  ] Register NMethod: sun.reflect.generics.factory.CoreReflectionFactory.makeNamedType (0x00007a39d3800288) [0x00007a39d3800380, 0x00007a39d3800630] Compiler: c1, Barriers: 0, Oops: 0, ImmediateOops: 0, NonImmediateOops: No
[1,520s][debug][gc,nmethod  ] Register NMethod: sun.reflect.generics.scope.ClassScope.make (0x00007a39d3800688) [0x00007a39d3800780, 0x00007a39d3800a48] Compiler: c1, Barriers: 3, Oops: 0, ImmediateOops: 0, NonImmediateOops: No
[1,520s][debug][gc,nmethod  ] Register NMethod: sun.reflect.generics.parser.SignatureParser.parseTypeSignature (0x00007a39d3800a88) [0x00007a39d3800b80, 0x00007a39d3800fa0] Compiler: c1, Barriers: 0, Oops: 0, ImmediateOops: 0, NonImmediateOops: No
[1,520s][debug][gc,nmethod  ] Register NMethod: sun.reflect.generics.factory.CoreReflectionFactory.getDeclsLoader (0x00007a39d3801008) [0x00007a39d3801100, 0x00007a39d3802738] Compiler: c1, Barriers: 6, Oops: 0, ImmediateOops: 0, NonImmediateOops: No
[1,520s][debug][gc,nmethod  ] Register NMethod: java.lang.PublicMethods$MethodList.length (0x00007a39d3802788) [0x00007a39d3802880, 0x00007a39d3802a88] Compiler: c1, Barriers: 2, Oops: 0, ImmediateOops: 0, NonImmediateOops: No
[1,520s][debug][gc,nmethod  ] Register NMethod: sun.reflect.generics.scope.ClassScope.<init> (0x00007a39d3802b08) [0x00007a39d3802c00, 0x00007a39d3802e30] Compiler: c1, Barriers: 3, Oops: 0, ImmediateOops: 0, NonImmediateOops: No
[1,520s][debug][gc,nmethod  ] Register NMethod: sun.reflect.generics.parser.SignatureParser.parseTypeSig (0x00007a39d3802e88) [0x00007a39d3802f80, 0x00007a39d38031a0] Compiler: c1, Barriers: 3, Oops: 0, ImmediateOops: 0, NonImmediateOops: No
[1,520s][debug][gc,nmethod  ] Register NMethod: java.lang.PublicMethods$Key.<init> (0x00007a39d3803208) [0x00007a39d3803300, 0x00007a39d3803880] Compiler: c1, Barriers: 8, Oops: 1, ImmediateOops: 2, NonImmediateOops: No
[1,520s][debug][gc,nmethod  ] Register NMethod: sun.reflect.generics.visitor.Reifier.getResult (0x00007a39d3803908) [0x00007a39d3803a00, 0x00007a39d3803b40] Compiler: c1, Barriers: 1, Oops: 0, ImmediateOops: 0, NonImmediateOops: No
[1,520s][debug][gc,nmethod  ] Register NMethod: java.lang.PublicMethods.merge (0x00007a39d3803c08) [0x00007a39d3803d00, 0x00007a39d3804da0] Compiler: c1, Barriers: 14, Oops: 1, ImmediateOops: 2, NonImmediateOops: No
[1,520s][debug][gc,nmethod  ] Register NMethod: sun.reflect.annotation.AnnotationParser.toClass (0x00007a39d3804e08) [0x00007a39d3804f00, 0x00007a39d3806ce0] Compiler: c1, Barriers: 2, Oops: 0, ImmediateOops: 0, NonImmediateOops: No
[1,521s][debug][gc,nmethod  ] Register NMethod: java.nio.Buffer.<init> (0x00007a39d3806d08) [0x00007a39d3806e00, 0x00007a39d38087f8] Compiler: c1, Barriers: 3, Oops: 3, ImmediateOops: 4, NonImmediateOops: No
[1,521s][debug][gc,nmethod  ] Register NMethod: sun.reflect.annotation.AnnotationParser.parseSig (0x00007a39d3808888) [0x00007a39d3808980, 0x00007a39d380b648] Compiler: c1, Barriers: 18, Oops: 0, ImmediateOops: 2, NonImmediateOops: No
[1,521s][debug][gc,nmethod  ] Register NMethod: jdk.internal.loader.AbstractClassLoaderValue$Sub.hashCode (0x00007a39d380b688) [0x00007a39d380b780, 0x00007a39d380bf80] Compiler: c1, Barriers: 2, Oops: 0, ImmediateOops: 0, NonImmediateOops: No
[1,521s][debug][gc,nmethod  ] Register NMethod: java.util.LinkedHashMap.<init> (0x00007a39d380bf88) [0x00007a39d380c080, 0x00007a39d380c2b0] Compiler: c1, Barriers: 0, Oops: 0, ImmediateOops: 0, NonImmediateOops: No
[1,521s][debug][gc,nmethod  ] Register NMethod: sun.reflect.generics.visitor.Reifier.visitClassTypeSignature (0x00007a39d380c308) [0x00007a39d380c400, 0x00007a39d380fc10] Compiler: c1, Barriers: 17, Oops: 0, ImmediateOops: 6, NonImmediateOops: No
[1,521s][debug][gc,nmethod  ] Register NMethod: java.util.Collections$UnmodifiableCollection$1.hasNext (0x00007a39d380fc88) [0x00007a39d380fd80, 0x00007a39d38100c8] Compiler: c1, Barriers: 1, Oops: 0, ImmediateOops: 0, NonImmediateOops: No
[1,521s][debug][gc,nmethod  ] Register NMethod: org.junit.runners.model.FrameworkMethod.getName (0x00007a39d3810108) [0x00007a39d3810200, 0x00007a39d3810540] Compiler: c1, Barriers: 2, Oops: 1, ImmediateOops: 0, NonImmediateOops: No
[1,521s][debug][gc,nmethod  ] Register NMethod: sun.reflect.annotation.AnnotationParser.parseAnnotations (0x00007a39d3810588) [0x00007a39d3810680, 0x00007a39d38109a0] Compiler: c1, Barriers: 0, Oops: 0, ImmediateOops: 2, NonImmediateOops: No
[1,521s][debug][gc,nmethod  ] Register NMethod: java.nio.ByteOrder.nativeOrder (0x00007a39d3810a08) [0x00007a39d3810b00, 0x00007a39d3810be8] Compiler: c1, Barriers: 0, Oops: 0, ImmediateOops: 1, NonImmediateOops: No
[1,521s][debug][gc,nmethod  ] Register NMethod: java.lang.reflect.Constructor.newInstance (0x00007a39d3810d08) [0x00007a39d3810e00, 0x00007a39d38111e0] Compiler: c1, Barriers: 0, Oops: 0, ImmediateOops: 0, NonImmediateOops: No
[1,521s][debug][gc,nmethod  ] Register NMethod: java.lang.reflect.Constructor.newInstanceWithCaller (0x00007a39d3811208) [0x00007a39d3811300, 0x00007a39d3811918] Compiler: c1, Barriers: 2, Oops: 0, ImmediateOops: 0, NonImmediateOops: No
[1,522s][debug][gc,nmethod  ] Register NMethod: org.junit.platform.commons.util.Preconditions.condition (0x00007a39d3811988) [0x00007a39d3811a80, 0x00007a39d3811c60] Compiler: c1, Barriers: 0, Oops: 1, ImmediateOops: 0, NonImmediateOops: No
[1,522s][debug][gc,nmethod  ] Register NMethod: jdk.internal.reflect.DirectConstructorHandleAccessor.invokeImpl (0x00007a39d3811c88) [0x00007a39d3811d80, 0x00007a39d3813bd0] Compiler: c1, Barriers: 20, Oops: 3, ImmediateOops: 6, NonImmediateOops: No
[1,522s][debug][gc,nmethod  ] Register NMethod: jdk.internal.reflect.DirectConstructorHandleAccessor.newInstance (0x00007a39d3813c08) [0x00007a39d3813d00, 0x00007a39d3817340] Compiler: c1, Barriers: 20, Oops: 5, ImmediateOops: 12, NonImmediateOops: No
[1,523s][debug][gc,nmethod  ] Register NMethod: java.lang.reflect.Method.getAnnotation (0x00007a39d3817388) [0x00007a39d3817480, 0x00007a39d3818120] Compiler: c1, Barriers: 0, Oops: 0, ImmediateOops: 0, NonImmediateOops: No
[1,523s][debug][gc,nmethod  ] Register NMethod: java.lang.reflect.Executable.getAnnotation (0x00007a39d3818188) [0x00007a39d3818280, 0x00007a39d3818eb8] Compiler: c1, Barriers: 0, Oops: 0, ImmediateOops: 0, NonImmediateOops: No
[1,524s][debug][gc,director ] Rule Major: Warmup 10%, Used: 86MB, UsedThreshold: 1228MB
[1,525s][debug][gc,nmethod  ] Register NMethod: org.junit.runners.ParentRunner.getTestClass (0x00007a39f2c5bc88) [0x00007a39f2c5bd80, 0x00007a39f2c5be68] Compiler: c1, Barriers: 1, Oops: 1, ImmediateOops: 0, NonImmediateOops: No
[1,526s][debug][gc,nmethod  ] Register NMethod: java.lang.Class.isAnnotation (0x00007a39d3818f08) [0x00007a39d3819000, 0x00007a39d3819328] Compiler: c1, Barriers: 0, Oops: 0, ImmediateOops: 0, NonImmediateOops: No
[1,526s][debug][gc,nmethod  ] Register NMethod: org.junit.platform.commons.util.ReflectionUtils$$Lambda/0x00000000ba17d098.test (0x00007a39d3819388) [0x00007a39d3819480, 0x00007a39d381a0d8] Compiler: c1, Barriers: 1, Oops: 1, ImmediateOops: 0, NonImmediateOops: No
[1,526s][debug][gc,nmethod  ] Register NMethod: org.junit.platform.commons.util.Preconditions.notNull (0x00007a39d381a108) [0x00007a39d381a200, 0x00007a39d381a490] Compiler: c1, Barriers: 0, Oops: 1, ImmediateOops: 0, NonImmediateOops: No
[1,526s][debug][gc,nmethod  ] Register NMethod: java.nio.ByteBuffer.position (0x00007a39d381a508) [0x00007a39d381a600, 0x00007a39d381a900] Compiler: c1, Barriers: 0, Oops: 0, ImmediateOops: 0, NonImmediateOops: No
[1,526s][debug][gc,nmethod  ] Register NMethod: java.nio.ByteBuffer.<init> (0x00007a39d381a908) [0x00007a39d381aa00, 0x00007a39d381ac48] Compiler: c1, Barriers: 3, Oops: 0, ImmediateOops: 0, NonImmediateOops: No
[1,526s][debug][gc,nmethod  ] Register NMethod: jdk.internal.loader.AbstractClassLoaderValue.<init> (0x00007a39d381ac88) [0x00007a39d381ad80, 0x00007a39d381aed8] Compiler: c1, Barriers: 0, Oops: 0, ImmediateOops: 0, NonImmediateOops: No
[1,526s][debug][gc,nmethod  ] Register NMethod: java.util.LinkedHashMap.values (0x00007a39d381af88) [0x00007a39d381b080, 0x00007a39d381b1c8] Compiler: c1, Barriers: 0, Oops: 0, ImmediateOops: 0, NonImmediateOops: No
[1,526s][debug][gc,nmethod  ] Register NMethod: java.util.Collections$EmptyIterator.hasNext (0x00007a39f2c5bf88) [0x00007a39f2c5c080, 0x00007a39f2c5c140] Compiler: c1, Barriers: 0, Oops: 0, ImmediateOops: 0, NonImmediateOops: No
[1,526s][debug][gc,nmethod  ] Register NMethod: java.util.LinkedHashMap.sequencedValues (0x00007a39d381b288) [0x00007a39d381b380, 0x00007a39d381b9f0] Compiler: c1, Barriers: 7, Oops: 0, ImmediateOops: 0, NonImmediateOops: No
[1,527s][debug][gc,nmethod  ] Register NMethod: java.util.Collections$UnmodifiableCollection$1.next (0x00007a39d381ba08) [0x00007a39d381bb00, 0x00007a39d381be40] Compiler: c1, Barriers: 1, Oops: 0, ImmediateOops: 0, NonImmediateOops: No
[1,527s][debug][gc,nmethod  ] Register NMethod: java.lang.Module.implIsExportedOrOpen (0x00007a39d381be88) [0x00007a39d381bf80, 0x00007a39d381d220] Compiler: c1, Barriers: 5, Oops: 0, ImmediateOops: 0, NonImmediateOops: No
[1,527s][debug][gc,nmethod  ] Register NMethod: java.lang.AbstractStringBuilder.<init> (0x00007a39d381d288) [0x00007a39d381d380, 0x00007a39d381e1e0] Compiler: c1, Barriers: 4, Oops: 0, ImmediateOops: 0, NonImmediateOops: No
[1,527s][debug][gc,nmethod  ] Register NMethod: jdk.internal.loader.AbstractClassLoaderValue.sub (0x00007a39d381e208) [0x00007a39d381e300, 0x00007a39d381e6c8] Compiler: c1, Barriers: 6, Oops: 0, ImmediateOops: 0, NonImmediateOops: No
[1,527s][debug][gc,nmethod  ] Register NMethod: java.lang.reflect.AccessibleObject.checkCanSetAccessible (0x00007a39d381e708) [0x00007a39d381e800, 0x00007a39d381e938] Compiler: c1, Barriers: 0, Oops: 0, ImmediateOops: 0, NonImmediateOops: No
[1,527s][debug][gc,nmethod  ] Register NMethod: jdk.internal.loader.AbstractClassLoaderValue$Sub.<init> (0x00007a39d381ea08) [0x00007a39d381eb00, 0x00007a39d381ef00] Compiler: c1, Barriers: 6, Oops: 0, ImmediateOops: 0, NonImmediateOops: No
[1,527s][debug][gc,nmethod  ] Register NMethod: java.lang.reflect.AccessibleObject.setAccessible0 (0x00007a39d381ef08) [0x00007a39d381f000, 0x00007a39d381f110] Compiler: c1, Barriers: 0, Oops: 0, ImmediateOops: 0, NonImmediateOops: No
[1,527s][debug][gc,nmethod  ] Register NMethod: sun.reflect.annotation.AnnotationParser.toArray (0x00007a39d381f208) [0x00007a39d381f300, 0x00007a39d381fa10] Compiler: c1, Barriers: 0, Oops: 0, ImmediateOops: 1, NonImmediateOops: No
[1,528s][debug][gc,nmethod  ] Register NMethod: java.lang.reflect.AccessibleObject.checkCanSetAccessible (0x00007a39d381fa88) [0x00007a39d381fb80, 0x00007a39d3822498] Compiler: c1, Barriers: 3, Oops: 0, ImmediateOops: 3, NonImmediateOops: No
[1,528s][debug][gc,nmethod  ] Register NMethod: jdk.internal.loader.AbstractClassLoaderValue.computeIfAbsent (0x00007a39d3822508) [0x00007a39d3822600, 0x00007a39d3823e88] Compiler: c1, Barriers: 9, Oops: 0, ImmediateOops: 2, NonImmediateOops: No
[1,528s][debug][gc,nmethod  ] Register NMethod: sun.reflect.annotation.AnnotationParser.parseAnnotation2 (0x00007a39d3823f08) [0x00007a39d3824000, 0x00007a39d3826778] Compiler: c1, Barriers: 5, Oops: 1, ImmediateOops: 2, NonImmediateOops: No
[1,528s][debug][gc,nmethod  ] Register NMethod: java.lang.reflect.AccessibleObject.getAnnotations (0x00007a39d3826788) [0x00007a39d3826880, 0x00007a39d3826b80] Compiler: c1, Barriers: 0, Oops: 0, ImmediateOops: 0, NonImmediateOops: No
[1,529s][debug][gc,nmethod  ] Register NMethod: java.lang.reflect.Executable.getDeclaredAnnotations (0x00007a39d3826b88) [0x00007a39d3826c80, 0x00007a39d3827440] Compiler: c1, Barriers: 0, Oops: 0, ImmediateOops: 1, NonImmediateOops: No
[1,529s][debug][gc,nmethod  ] Register NMethod: java.lang.reflect.Method.getDeclaredAnnotations (0x00007a39d3827488) [0x00007a39d3827580, 0x00007a39d3827da0] Compiler: c1, Barriers: 0, Oops: 0, ImmediateOops: 1, NonImmediateOops: No
[1,529s][debug][gc,nmethod  ] Register NMethod: java.util.TimSort.binarySort (0x00007a39d3827e08) [0x00007a39d3827f00, 0x00007a39d3828f48] Compiler: c1, Barriers: 13, Oops: 0, ImmediateOops: 0, NonImmediateOops: No
[1,532s][debug][gc,nmethod  ] Register NMethod: java.util.Properties.loadConvert (0x00007a39d3828f88) [0x00007a39d3829080, 0x00007a39d382aef0] Compiler: c1, Barriers: 0, Oops: 0, ImmediateOops: 3, NonImmediateOops: No
[1,532s][debug][gc,nmethod  ] Register NMethod: java.util.Objects.hash (0x00007a39d382af08) [0x00007a39d382b000, 0x00007a39d382b1c0] Compiler: c1, Barriers: 0, Oops: 0, ImmediateOops: 0, NonImmediateOops: No
[1,532s][debug][gc,nmethod  ] Register NMethod: java.lang.invoke.MethodHandle.linkToStatic (0x00007a39f2c5c288) [0x00007a39f2c5c380, 0x00007a39f2c5c470] Compiler: , Barriers: 0, Oops: 0, ImmediateOops: 0, NonImmediateOops: No
[1,534s][debug][gc,nmethod  ] Register NMethod: jdk.internal.classfile.impl.DirectCodeBuilder.return_ (0x00007a39d382b208) [0x00007a39d382b300, 0x00007a39d382b648] Compiler: c1, Barriers: 1, Oops: 0, ImmediateOops: 0, NonImmediateOops: No
[1,534s][debug][gc,director ] Rule Major: Warmup 10%, Used: 86MB, UsedThreshold: 1228MB
[1,535s][debug][gc,nmethod  ] Register NMethod: java.lang.String.<init> (0x00007a39d382b688) [0x00007a39d382b780, 0x00007a39d382c340] Compiler: c1, Barriers: 10, Oops: 0, ImmediateOops: 0, NonImmediateOops: No
[1,535s][debug][gc,nmethod  ] Register NMethod: java.util.ArrayList.contains (0x00007a39d382c388) [0x00007a39d382c480, 0x00007a39d382c680] Compiler: c1, Barriers: 0, Oops: 0, ImmediateOops: 0, NonImmediateOops: No
[1,535s][debug][gc,nmethod  ] Register NMethod: java.util.ArrayList.indexOf (0x00007a39d382c688) [0x00007a39d382c780, 0x00007a39d382c8c0] Compiler: c1, Barriers: 0, Oops: 0, ImmediateOops: 0, NonImmediateOops: No
[1,535s][debug][gc,nmethod  ] Register NMethod: java.util.ArrayList.indexOfRange (0x00007a39d382c988) [0x00007a39d382ca80, 0x00007a39d382d0b8] Compiler: c1, Barriers: 3, Oops: 0, ImmediateOops: 0, NonImmediateOops: No
[1,535s][debug][gc,nmethod  ] Register NMethod: jdk.internal.classfile.impl.StackMapGenerator.processFieldInstructions (0x00007a39d382d108) [0x00007a39d382d200, 0x00007a39d3830db8] Compiler: c1, Barriers: 10, Oops: 2, ImmediateOops: 13, NonImmediateOops: No
[1,535s][debug][gc,nmethod  ] Register NMethod: junit.framework.TestSuite.isPublicTestMethod (0x00007a39d3830e08) [0x00007a39d3830f00, 0x00007a39d3831348] Compiler: c1, Barriers: 0, Oops: 1, ImmediateOops: 0, NonImmediateOops: No
[1,535s][debug][gc,nmethod  ] Register NMethod: java.lang.invoke.LambdaForm$MH/0x00000000ba085000.invoke (0x00007a39d3831388) [0x00007a39d3831480, 0x00007a39d3831fe0] Compiler: c1, Barriers: 2, Oops: 1, ImmediateOops: 0, NonImmediateOops: No
[1,535s][debug][gc,nmethod  ] Register NMethod: java.lang.AbstractStringBuilder.isLatin1 (0x00007a39f2c5c588) [0x00007a39f2c5c680, 0x00007a39f2c5c710] Compiler: jvmci, Barriers: 0, Oops: 0, ImmediateOops: 0, NonImmediateOops: No
[1,535s][debug][gc,nmethod  ] Register NMethod: java.util.ArrayList.addAll (0x00007a39d3832008) [0x00007a39d3832100, 0x00007a39d38326a0] Compiler: c1, Barriers: 1, Oops: 0, ImmediateOops: 0, NonImmediateOops: No
[1,535s][debug][gc,nmethod  ] Register NMethod: org.junit.runners.model.FrameworkMethod.getAnnotations (0x00007a39d3832708) [0x00007a39d3832800, 0x00007a39d38332d8] Compiler: c1, Barriers: 1, Oops: 1, ImmediateOops: 1, NonImmediateOops: No
[1,536s][debug][gc,nmethod  ] Register NMethod: junit.framework.TestSuite.addTestMethod (0x00007a39d3833308) [0x00007a39d3833400, 0x00007a39d38365b8] Compiler: c1, Barriers: 12, Oops: 4, ImmediateOops: 5, NonImmediateOops: No
[1,536s][debug][gc,nmethod  ] Register NMethod: java.nio.ByteBuffer.limit (0x00007a39d3836608) [0x00007a39d3836700, 0x00007a39d3836a00] Compiler: c1, Barriers: 0, Oops: 0, ImmediateOops: 0, NonImmediateOops: No
[1,536s][debug][gc,nmethod  ] Register NMethod: java.lang.Class.getDeclaredMethods0 (0x00007a39f2c5c888) [0x00007a39f2c5c980, 0x00007a39f2c5cca0] Compiler: , Barriers: 0, Oops: 0, ImmediateOops: 0, NonImmediateOops: No
[1,536s][debug][gc,nmethod  ] Register NMethod: java.lang.reflect.Method.checkCanSetAccessible (0x00007a39d3836a08) [0x00007a39d3836b00, 0x00007a39d3836e98] Compiler: c1, Barriers: 1, Oops: 0, ImmediateOops: 0, NonImmediateOops: No
[1,536s][debug][gc,nmethod  ] Register NMethod: java.lang.reflect.Method.setAccessible (0x00007a39d3836f08) [0x00007a39d3837000, 0x00007a39d3837850] Compiler: c1, Barriers: 1, Oops: 0, ImmediateOops: 0, NonImmediateOops: No
[1,536s][debug][gc,nmethod  ] Register NMethod: java.util.ArrayList.toArray (0x00007a39d3837888) [0x00007a39d3837980, 0x00007a39d3837d60] Compiler: c1, Barriers: 2, Oops: 0, ImmediateOops: 0, NonImmediateOops: No
[1,536s][debug][gc,nmethod  ] Register NMethod: org.junit.runners.model.TestClass$MethodComparator.compare (0x00007a39d3837d88) [0x00007a39d3837e80, 0x00007a39d3838728] Compiler: c1, Barriers: 2, Oops: 2, ImmediateOops: 1, NonImmediateOops: No
[1,537s][debug][gc,nmethod  ] Register NMethod: java.util.LinkedHashMap$LinkedValues.toArray (0x00007a39d3838788) [0x00007a39d3838880, 0x00007a39d3838db8] Compiler: c1, Barriers: 1, Oops: 0, ImmediateOops: 0, NonImmediateOops: No
[1,537s][debug][gc,nmethod  ] Register NMethod: org.junit.runners.model.TestClass$MethodComparator.compare (0x00007a39d3838e08) [0x00007a39d3838f00, 0x00007a39d3839f70] Compiler: c1, Barriers: 4, Oops: 2, ImmediateOops: 1, NonImmediateOops: No
[1,537s][debug][gc,nmethod  ] Register NMethod: java.util.LinkedHashMap.valuesToArray (0x00007a39d3839f88) [0x00007a39d383a080, 0x00007a39d383a9e8] Compiler: c1, Barriers: 12, Oops: 0, ImmediateOops: 0, NonImmediateOops: No
[1,537s][debug][gc,nmethod  ] Register NMethod: java.lang.Class.annotationData (0x00007a39d383aa08) [0x00007a39d383ab00, 0x00007a39d383ade8] Compiler: c1, Barriers: 1, Oops: 0, ImmediateOops: 0, NonImmediateOops: No
[1,537s][debug][gc,nmethod  ] Register NMethod: java.util.HashMap.prepareArray (0x00007a39d383ae08) [0x00007a39d383af00, 0x00007a39d383b9f8] Compiler: c1, Barriers: 5, Oops: 0, ImmediateOops: 0, NonImmediateOops: No
[1,538s][debug][gc,nmethod  ] Register NMethod: java.lang.AbstractStringBuilder.needsNewBuffer (0x00007a39f2c5cd08) [0x00007a39f2c5ce00, 0x00007a39f2c5ced8] Compiler: jvmci, Barriers: 0, Oops: 0, ImmediateOops: 0, NonImmediateOops: No
[1,539s][debug][gc,nmethod  ] Register NMethod: java.util.stream.Sink.end (0x00007a39f2c5d008) [0x00007a39f2c5d100, 0x00007a39f2c5d180] Compiler: jvmci, Barriers: 0, Oops: 0, ImmediateOops: 0, NonImmediateOops: No
[1,539s][debug][gc,nmethod  ] Register NMethod: java.lang.reflect.Proxy.newProxyInstance (0x00007a39d383ba08) [0x00007a39d383bb00, 0x00007a39d383bd98] Compiler: c1, Barriers: 0, Oops: 0, ImmediateOops: 0, NonImmediateOops: No
[1,539s][debug][gc,nmethod  ] Register NMethod: java.lang.reflect.Proxy.<init> (0x00007a39d383be08) [0x00007a39d383bf00, 0x00007a39d383c220] Compiler: c1, Barriers: 3, Oops: 0, ImmediateOops: 0, NonImmediateOops: No
[1,539s][debug][gc,nmethod  ] Register NMethod: java.lang.reflect.Proxy.newProxyInstance (0x00007a39d383c288) [0x00007a39d383c380, 0x00007a39d383d8d0] Compiler: c1, Barriers: 3, Oops: 0, ImmediateOops: 0, NonImmediateOops: No
[1,539s][debug][gc,nmethod  ] Register NMethod: org.junit.runners.model.FrameworkMethod.getModifiers (0x00007a39d383d908) [0x00007a39d383da00, 0x00007a39d383dd10] Compiler: c1, Barriers: 1, Oops: 1, ImmediateOops: 0, NonImmediateOops: No
[1,539s][debug][gc,nmethod  ] Register NMethod: java.util.AbstractCollection.<init> (0x00007a39f2c5d308) [0x00007a39f2c5d400, 0x00007a39f2c5d480] Compiler: jvmci, Barriers: 0, Oops: 0, ImmediateOops: 0, NonImmediateOops: No
[1,539s][debug][gc,nmethod  ] Register NMethod: java.util.Collections$UnmodifiableMap.get (0x00007a39d383dd88) [0x00007a39d383de80, 0x00007a39d383e1c0] Compiler: c1, Barriers: 1, Oops: 0, ImmediateOops: 0, NonImmediateOops: No
[1,539s][debug][gc,nmethod  ] Register NMethod: java.lang.reflect.Proxy.getProxyConstructor (0x00007a39d383e208) [0x00007a39d383e300, 0x00007a39d383ffd8] Compiler: c1, Barriers: 16, Oops: 3, ImmediateOops: 8, NonImmediateOops: No
[1,540s][debug][gc,nmethod  ] Register NMethod: java.util.List.of (0x00007a39d3840008) [0x00007a39d3840100, 0x00007a39d3840650] Compiler: c1, Barriers: 6, Oops: 0, ImmediateOops: 1, NonImmediateOops: No
[1,540s][debug][gc,nmethod  ] Register NMethod: jdk.internal.constant.ConstantUtils.referenceClassDesc (0x00007a39d3840688) [0x00007a39d3840780, 0x00007a39d38413c0] Compiler: c1, Barriers: 2, Oops: 1, ImmediateOops: 2, NonImmediateOops: No
[1,540s][debug][gc,nmethod  ] Register NMethod: jdk.internal.classfile.impl.StackCounter.maxStack (0x00007a39f2c5d608) [0x00007a39f2c5d700, 0x00007a39f2c5d7c0] Compiler: c1, Barriers: 0, Oops: 0, ImmediateOops: 0, NonImmediateOops: No
[1,540s][debug][gc,nmethod  ] Register NMethod: jdk.internal.classfile.impl.StackCounter.maxLocals (0x00007a39f2c5d908) [0x00007a39f2c5da00, 0x00007a39f2c5dac0] Compiler: c1, Barriers: 0, Oops: 0, ImmediateOops: 0, NonImmediateOops: No
[1,541s][debug][gc,nmethod  ] Register NMethod: java.lang.reflect.Constructor.getModifiers (0x00007a39f2c5dc08) [0x00007a39f2c5dd00, 0x00007a39f2c5ddc0] Compiler: c1, Barriers: 0, Oops: 0, ImmediateOops: 0, NonImmediateOops: No
[1,543s][debug][gc,nmethod  ] Register NMethod: java.lang.AbstractStringBuilder.append (0x00007a39f2c5df08) [0x00007a39f2c5e000, 0x00007a39f2c5e820] Compiler: jvmci, Barriers: 4, Oops: 0, ImmediateOops: 0, NonImmediateOops: No
[1,544s][debug][gc,nmethod  ] Register NMethod: java.nio.ByteBuffer.wrap (0x00007a39d3841408) [0x00007a39d3841500, 0x00007a39d3841620] Compiler: c1, Barriers: 0, Oops: 0, ImmediateOops: 0, NonImmediateOops: No
[1,544s][debug][gc,nmethod  ] Register NMethod: java.nio.HeapByteBuffer.<init> (0x00007a39d3841708) [0x00007a39d3841800, 0x00007a39d3841978] Compiler: c1, Barriers: 0, Oops: 0, ImmediateOops: 0, NonImmediateOops: No
[1,544s][debug][gc,nmethod  ] Register NMethod: java.nio.ByteBuffer.wrap (0x00007a39d3841a08) [0x00007a39d3841b00, 0x00007a39d3841d70] Compiler: c1, Barriers: 0, Oops: 0, ImmediateOops: 0, NonImmediateOops: No
[1,544s][debug][gc,nmethod  ] Register NMethod: org.junit.runners.model.FrameworkMember.isPublic (0x00007a39d3841d88) [0x00007a39d3841e80, 0x00007a39d3842228] Compiler: c1, Barriers: 0, Oops: 1, ImmediateOops: 0, NonImmediateOops: No
[1,544s][debug][gc,nmethod  ] Register NMethod: java.util.HashMap.entrySet (0x00007a39d3842288) [0x00007a39d3842380, 0x00007a39d3842848] Compiler: c1, Barriers: 7, Oops: 0, ImmediateOops: 0, NonImmediateOops: No
[1,544s][debug][gc,nmethod  ] Register NMethod: java.util.HashMap$EntryIterator.<init> (0x00007a39d3842888) [0x00007a39d3842980, 0x00007a39d3842c00] Compiler: c1, Barriers: 0, Oops: 0, ImmediateOops: 0, NonImmediateOops: No
[1,544s][debug][gc,nmethod  ] Register NMethod: sun.reflect.annotation.AnnotationInvocationHandler.<init> (0x00007a39d3842c08) [0x00007a39d3842d00, 0x00007a39d3844580] Compiler: c1, Barriers: 8, Oops: 1, ImmediateOops: 3, NonImmediateOops: No
[1,544s][debug][gc,nmethod  ] Register NMethod: java.util.HashMap$EntrySet.iterator (0x00007a39d3844608) [0x00007a39d3844700, 0x00007a39d3844a80] Compiler: c1, Barriers: 1, Oops: 0, ImmediateOops: 0, NonImmediateOops: No
[1,544s][debug][gc,nmethod  ] Register NMethod: org.junit.runners.model.FrameworkMethod.isShadowedBy (0x00007a39d3844a88) [0x00007a39d3844b80, 0x00007a39d3844ed0] Compiler: c1, Barriers: 0, Oops: 1, ImmediateOops: 0, NonImmediateOops: No
[1,544s][debug][gc,director ] Rule Major: Warmup 10%, Used: 86MB, UsedThreshold: 1228MB
[1,544s][debug][gc,nmethod  ] Register NMethod: org.junit.runners.model.FrameworkMethod.isShadowedBy (0x00007a39d3844f08) [0x00007a39d3845000, 0x00007a39d3848108] Compiler: c1, Barriers: 16, Oops: 1, ImmediateOops: 0, NonImmediateOops: No
[1,545s][debug][gc,nmethod  ] Register NMethod: jdk.internal.loader.AbstractClassLoaderValue$Sub.equals (0x00007a39d3848188) [0x00007a39d3848280, 0x00007a39d3849240] Compiler: c1, Barriers: 4, Oops: 0, ImmediateOops: 0, NonImmediateOops: No
[1,545s][debug][gc,nmethod  ] Register NMethod: java.lang.CharacterDataLatin1.getPropertiesEx (0x00007a39d3849288) [0x00007a39d3849380, 0x00007a39d38494b0] Compiler: c1, Barriers: 0, Oops: 0, ImmediateOops: 1, NonImmediateOops: No
[1,545s][debug][gc,nmethod  ] Register NMethod: java.lang.CharacterDataLatin1.isUpperCase (0x00007a39d3849588) [0x00007a39d3849680, 0x00007a39d3849a18] Compiler: c1, Barriers: 0, Oops: 0, ImmediateOops: 1, NonImmediateOops: No
[1,545s][debug][gc,nmethod  ] Register NMethod: org.junit.runners.model.TestClass.getAnnotatedMembers (0x00007a39d3849a88) [0x00007a39d3849b80, 0x00007a39d384a800] Compiler: c1, Barriers: 3, Oops: 1, ImmediateOops: 2, NonImmediateOops: No
[1,546s][debug][gc,nmethod  ] Register NMethod: java.util.Formatter$FormatSpecifier.index (0x00007a39f2c5e888) [0x00007a39f2c5e980, 0x00007a39f2c5ea40] Compiler: c1, Barriers: 0, Oops: 0, ImmediateOops: 0, NonImmediateOops: No
[1,546s][debug][gc,nmethod  ] Register NMethod: java.util.Formatter$Flags.contains (0x00007a39d384a888) [0x00007a39d384a980, 0x00007a39d384aab0] Compiler: c1, Barriers: 0, Oops: 0, ImmediateOops: 0, NonImmediateOops: No
[1,546s][debug][gc,nmethod  ] Register NMethod: java.util.Formatter$FixedString.index (0x00007a39f2c5eb88) [0x00007a39f2c5ec80, 0x00007a39f2c5ed40] Compiler: c1, Barriers: 0, Oops: 0, ImmediateOops: 0, NonImmediateOops: No
[1,546s][debug][gc,nmethod  ] Register NMethod: java.util.Collections$EmptyMap.get (0x00007a39f2c5ee88) [0x00007a39f2c5ef80, 0x00007a39f2c5f048] Compiler: c1, Barriers: 0, Oops: 0, ImmediateOops: 0, NonImmediateOops: No
[1,546s][debug][gc,nmethod  ] Register NMethod: java.util.Collections.emptySet (0x00007a39d384ab88) [0x00007a39d384ac80, 0x00007a39d384ad68] Compiler: c1, Barriers: 0, Oops: 0, ImmediateOops: 1, NonImmediateOops: No
[1,546s][debug][gc,nmethod  ] Register NMethod: java.lang.reflect.Method.hashCode (0x00007a39d384ae88) [0x00007a39d384af80, 0x00007a39d384bb90] Compiler: c1, Barriers: 3, Oops: 0, ImmediateOops: 0, NonImmediateOops: No
[1,546s][debug][gc,nmethod  ] Register NMethod: org.junit.runners.model.FrameworkMethod.hashCode (0x00007a39d384bc08) [0x00007a39d384bd00, 0x00007a39d384cb68] Compiler: c1, Barriers: 4, Oops: 1, ImmediateOops: 0, NonImmediateOops: No
[1,546s][debug][gc,nmethod  ] Register NMethod: java.util.Arrays$ArrayItr.hasNext (0x00007a39d384cb88) [0x00007a39d384cc80, 0x00007a39d384ce10] Compiler: c1, Barriers: 1, Oops: 0, ImmediateOops: 0, NonImmediateOops: No
[1,547s][debug][gc,nmethod  ] Register NMethod: org.junit.runners.model.FrameworkMember.<init> (0x00007a39d384ce88) [0x00007a39d384cf80, 0x00007a39d384d0d8] Compiler: c1, Barriers: 0, Oops: 1, ImmediateOops: 0, NonImmediateOops: No
[1,547s][debug][gc,nmethod  ] Register NMethod: org.junit.runners.model.TestClass.addToAnnotationLists (0x00007a39d384d188) [0x00007a39d384d280, 0x00007a39d384e528] Compiler: c1, Barriers: 1, Oops: 3, ImmediateOops: 2, NonImmediateOops: No
[1,547s][debug][gc,nmethod  ] Register NMethod: java.lang.ClassLoader.createOrGetClassLoaderValueMap (0x00007a39d384e588) [0x00007a39d384e680, 0x00007a39d384ea30] Compiler: c1, Barriers: 2, Oops: 0, ImmediateOops: 1, NonImmediateOops: No
[1,547s][debug][gc,nmethod  ] Register NMethod: org.junit.runners.model.TestClass.getJavaClass (0x00007a39f2c5f188) [0x00007a39f2c5f280, 0x00007a39f2c5f368] Compiler: c1, Barriers: 1, Oops: 1, ImmediateOops: 0, NonImmediateOops: No
[1,547s][debug][gc,nmethod  ] Register NMethod: java.lang.Class.getAnnotation (0x00007a39d384ea88) [0x00007a39d384eb80, 0x00007a39d384f268] Compiler: c1, Barriers: 1, Oops: 0, ImmediateOops: 0, NonImmediateOops: No
[1,547s][debug][gc,nmethod  ] Register NMethod: java.util.Objects.equals (0x00007a39f2c5f488) [0x00007a39f2c5f580, 0x00007a39f2c5fa00] Compiler: jvmci, Barriers: 8, Oops: 0, ImmediateOops: 0, NonImmediateOops: No
[1,547s][debug][gc,nmethod  ] Register NMethod: org.junit.runners.model.FrameworkMethod.<init> (0x00007a39d384f288) [0x00007a39d384f380, 0x00007a39d3850550] Compiler: c1, Barriers: 4, Oops: 1, ImmediateOops: 1, NonImmediateOops: No
[1,548s][debug][gc,nmethod  ] Register NMethod: java.lang.invoke.MethodHandle.invokeBasic (0x00007a39f2c5fa08) [0x00007a39f2c5fb00, 0x00007a39f2c5fd98] Compiler: , Barriers: 0, Oops: 0, ImmediateOops: 0, NonImmediateOops: No
[1,548s][debug][gc,nmethod  ] Register NMethod: java.lang.invoke.VarHandleGuards.guard_LLL_Z (0x00007a39d3850588) [0x00007a39d3850680, 0x00007a39d3853580] Compiler: c1, Barriers: 28, Oops: 0, ImmediateOops: 2, NonImmediateOops: No
[1,549s][debug][gc,nmethod  ] Register NMethod: java.util.Collections$UnmodifiableCollection.iterator (0x00007a39d3853588) [0x00007a39d3853680, 0x00007a39d3853c30] Compiler: c1, Barriers: 7, Oops: 0, ImmediateOops: 0, NonImmediateOops: No
[1,549s][debug][gc,nmethod  ] Register NMethod: java.util.Collections$UnmodifiableCollection$1.<init> (0x00007a39d3853c88) [0x00007a39d3853d80, 0x00007a39d3854360] Compiler: c1, Barriers: 7, Oops: 0, ImmediateOops: 0, NonImmediateOops: No
[1,550s][debug][gc,nmethod  ] Register NMethod: java.lang.invoke.MethodHandle.linkToStatic (0x00007a39f2c5fe08) [0x00007a39f2c5ff00, 0x00007a39f2c5fff0] Compiler: , Barriers: 0, Oops: 0, ImmediateOops: 0, NonImmediateOops: No
[1,550s][debug][gc,nmethod  ] Register NMethod: jdk.internal.classfile.impl.DirectCodeBuilder.parameterSlot (0x00007a39d3854388) [0x00007a39d3854480, 0x00007a39d3854638] Compiler: c1, Barriers: 1, Oops: 0, ImmediateOops: 0, NonImmediateOops: No
[1,550s][debug][gc,nmethod  ] Register NMethod: jdk.internal.classfile.impl.DirectMethodBuilder.parameterSlot (0x00007a39d3854688) [0x00007a39d3854780, 0x00007a39d3855500] Compiler: c1, Barriers: 6, Oops: 0, ImmediateOops: 0, NonImmediateOops: No
[1,550s][debug][gc,nmethod  ] Register NMethod: java.lang.invoke.InnerClassLambdaMetafactory.argName (0x00007a39d3855508) [0x00007a39d3855600, 0x00007a39d3856290] Compiler: c1, Barriers: 1, Oops: 1, ImmediateOops: 3, NonImmediateOops: No
[1,551s][debug][gc,nmethod  ] Register NMethod: java.util.LinkedHashMap.get (0x00007a39d3856308) [0x00007a39d3856400, 0x00007a39d38569c0] Compiler: c1, Barriers: 1, Oops: 0, ImmediateOops: 0, NonImmediateOops: No
[1,551s][debug][gc,nmethod  ] Register NMethod: java.lang.Byte.hashCode (0x00007a39d3856a08) [0x00007a39d3856b00, 0x00007a39d3856be0] Compiler: c1, Barriers: 0, Oops: 0, ImmediateOops: 0, NonImmediateOops: No
[1,551s][debug][gc,nmethod  ] Register NMethod: java.lang.Byte.<init> (0x00007a39d3856d08) [0x00007a39d3856e00, 0x00007a39d3856fc0] Compiler: c1, Barriers: 0, Oops: 0, ImmediateOops: 0, NonImmediateOops: No
[1,551s][debug][gc,nmethod  ] Register NMethod: java.lang.Byte.hashCode (0x00007a39d3857008) [0x00007a39d3857100, 0x00007a39d3857258] Compiler: c1, Barriers: 0, Oops: 0, ImmediateOops: 0, NonImmediateOops: No
[1,552s][debug][gc,nmethod  ] Register NMethod: java.lang.invoke.MemberName.hashCode (0x00007a39d3857308) [0x00007a39d3857400, 0x00007a39d3858e20] Compiler: c1, Barriers: 14, Oops: 0, ImmediateOops: 0, NonImmediateOops: No
[1,552s][debug][gc,nmethod  ] Register NMethod: java.lang.invoke.MemberName.<init> (0x00007a39d3858e88) [0x00007a39d3858f80, 0x00007a39d385ae88] Compiler: c1, Barriers: 0, Oops: 4, ImmediateOops: 6, NonImmediateOops: No
[1,553s][debug][gc,nmethod  ] Register NMethod: jdk.internal.classfile.impl.AbstractPoolEntry$Utf8EntryImpl.equalsString (0x00007a39d385af08) [0x00007a39d385b000, 0x00007a39d385dcd0] Compiler: c1, Barriers: 23, Oops: 1, ImmediateOops: 8, NonImmediateOops: No
[1,553s][debug][gc,nmethod  ] Register NMethod: jdk.internal.classfile.impl.BufWriterImpl.<init> (0x00007a39d385dd08) [0x00007a39d385de00, 0x00007a39d385df48] Compiler: c1, Barriers: 0, Oops: 0, ImmediateOops: 0, NonImmediateOops: No
[1,554s][debug][gc,director ] Rule Major: Warmup 10%, Used: 88MB, UsedThreshold: 1228MB
[1,555s][debug][gc,nmethod  ] Register NMethod: java.lang.invoke.MethodHandle.linkToStatic (0x00007a39f2c60108) [0x00007a39f2c60200, 0x00007a39f2c602f0] Compiler: , Barriers: 0, Oops: 0, ImmediateOops: 0, NonImmediateOops: No
[1,556s][debug][gc,nmethod  ] Register NMethod: jdk.internal.classfile.impl.AbstractPoolEntry$FieldRefEntryImpl.<init> (0x00007a39d385e008) [0x00007a39d385e100, 0x00007a39d385e250] Compiler: c1, Barriers: 0, Oops: 0, ImmediateOops: 0, NonImmediateOops: No
[1,557s][debug][gc,nmethod  ] Register NMethod: java.util.LinkedHashMap.newNode (0x00007a39d385e308) [0x00007a39d385e400, 0x00007a39d385e5e8] Compiler: c1, Barriers: 0, Oops: 0, ImmediateOops: 0, NonImmediateOops: No
[1,557s][debug][gc,nmethod  ] Register NMethod: java.util.LinkedHashMap.afterNodeInsertion (0x00007a39d385e608) [0x00007a39d385e700, 0x00007a39d385efe0] Compiler: c1, Barriers: 2, Oops: 0, ImmediateOops: 0, NonImmediateOops: No
[1,557s][debug][gc,nmethod  ] Register NMethod: java.util.stream.SortedOps$SizedRefSortingSink.accept (0x00007a39d385f008) [0x00007a39d385f100, 0x00007a39d385f508] Compiler: c1, Barriers: 4, Oops: 0, ImmediateOops: 0, NonImmediateOops: No
[1,557s][debug][gc,nmethod  ] Register NMethod: java.util.stream.Collectors$$Lambda/0x00000000ba114238.accept (0x00007a39d385f588) [0x00007a39d385f680, 0x00007a39d385fba8] Compiler: c1, Barriers: 0, Oops: 0, ImmediateOops: 0, NonImmediateOops: No
[1,558s][debug][gc,nmethod  ] Register NMethod: java.util.ArrayList$ArrayListSpliterator.characteristics (0x00007a39f2c60408) [0x00007a39f2c60500, 0x00007a39f2c605c0] Compiler: c1, Barriers: 0, Oops: 0, ImmediateOops: 0, NonImmediateOops: No
[1,558s][debug][gc,nmethod  ] Register NMethod: java.util.ArrayList$ArrayListSpliterator.getFence (0x00007a39d385fc08) [0x00007a39d385fd00, 0x00007a39d385fe70] Compiler: c1, Barriers: 1, Oops: 0, ImmediateOops: 0, NonImmediateOops: No
[1,558s][debug][gc,nmethod  ] Register NMethod: java.util.stream.MatchOps$BooleanTerminalSink.cancellationRequested (0x00007a39f2c60708) [0x00007a39f2c60800, 0x00007a39f2c608c0] Compiler: c1, Barriers: 0, Oops: 0, ImmediateOops: 0, NonImmediateOops: No
[1,558s][debug][gc,nmethod  ] Register NMethod: java.util.stream.MatchOps$1MatchSink.accept (0x00007a39d385ff08) [0x00007a39d3860000, 0x00007a39d38603f0] Compiler: c1, Barriers: 2, Oops: 0, ImmediateOops: 0, NonImmediateOops: No
[1,558s][debug][gc,nmethod  ] Register NMethod: org.junit.platform.commons.util.ReflectionUtils.lambda$isMethodShadowedByLocalMethods$34 (0x00007a39d3860408) [0x00007a39d3860500, 0x00007a39d3860f38] Compiler: c1, Barriers: 2, Oops: 1, ImmediateOops: 0, NonImmediateOops: No
[1,558s][debug][gc,nmethod  ] Register NMethod: org.junit.platform.commons.util.ReflectionUtils$$Lambda/0x00000000ba18a488.test (0x00007a39d3860f88) [0x00007a39d3861080, 0x00007a39d3861d78] Compiler: c1, Barriers: 3, Oops: 1, ImmediateOops: 0, NonImmediateOops: No
[1,558s][debug][gc,nmethod  ] Register NMethod: java.util.ArrayList$ArrayListSpliterator.tryAdvance (0x00007a39d3861d88) [0x00007a39d3861e80, 0x00007a39d3862568] Compiler: c1, Barriers: 5, Oops: 0, ImmediateOops: 0, NonImmediateOops: No
[1,559s][debug][gc,nmethod  ] Register NMethod: org.junit.platform.commons.util.ReflectionUtils.isMethodShadowedBy (0x00007a39d3862588) [0x00007a39d3862680, 0x00007a39d3863058] Compiler: c1, Barriers: 2, Oops: 1, ImmediateOops: 0, NonImmediateOops: No
[1,559s][debug][gc,nmethod  ] Register NMethod: org.junit.platform.commons.util.ReflectionUtils.hasCompatibleSignature (0x00007a39d3863088) [0x00007a39d3863180, 0x00007a39d3864b50] Compiler: c1, Barriers: 5, Oops: 1, ImmediateOops: 0, NonImmediateOops: No
[1,559s][debug][gc,nmethod  ] Register NMethod: java.lang.Boolean.booleanValue (0x00007a39f2c60a08) [0x00007a39f2c60b00, 0x00007a39f2c60bc0] Compiler: c1, Barriers: 0, Oops: 0, ImmediateOops: 0, NonImmediateOops: No
[1,559s][debug][gc,nmethod  ] Register NMethod: java.util.Collection.stream (0x00007a39d3864b88) [0x00007a39d3864c80, 0x00007a39d3864fb8] Compiler: c1, Barriers: 0, Oops: 0, ImmediateOops: 0, NonImmediateOops: No
[1,559s][debug][gc,nmethod  ] Register NMethod: java.util.stream.Collectors$$Lambda/0x00000000ba10ff00.accept (0x00007a39d3865008) [0x00007a39d3865100, 0x00007a39d38658f0] Compiler: c1, Barriers: 4, Oops: 0, ImmediateOops: 0, NonImmediateOops: No
[1,560s][debug][gc,nmethod  ] Register NMethod: java.lang.Class.copyMethods (0x00007a39d3865908) [0x00007a39d3865a00, 0x00007a39d3866448] Compiler: c1, Barriers: 9, Oops: 0, ImmediateOops: 4, NonImmediateOops: No
[1,560s][debug][gc,nmethod  ] Register NMethod: java.util.stream.Sink.begin (0x00007a39d3866488) [0x00007a39d3866580, 0x00007a39d3866680] Compiler: c1, Barriers: 0, Oops: 0, ImmediateOops: 0, NonImmediateOops: No
[1,560s][debug][gc,nmethod  ] Register NMethod: java.util.stream.AbstractPipeline.copyIntoWithCancel (0x00007a39d3866788) [0x00007a39d3866880, 0x00007a39d3867290] Compiler: c1, Barriers: 1, Oops: 0, ImmediateOops: 0, NonImmediateOops: No
[1,560s][debug][gc,nmethod  ] Register NMethod: java.util.stream.MatchOps$BooleanTerminalSink.getAndClearState (0x00007a39f2c60d08) [0x00007a39f2c60e00, 0x00007a39f2c60ec0] Compiler: c1, Barriers: 0, Oops: 0, ImmediateOops: 0, NonImmediateOops: No
[1,560s][debug][gc,nmethod  ] Register NMethod: java.util.stream.ReferencePipeline.forEachWithCancel (0x00007a39d3867308) [0x00007a39d3867400, 0x00007a39d3867a00] Compiler: c1, Barriers: 0, Oops: 0, ImmediateOops: 0, NonImmediateOops: No
[1,560s][debug][gc,nmethod  ] Register NMethod: java.lang.invoke.Invokers$Holder.linkToTargetMethod (0x00007a39d3867a08) [0x00007a39d3867b00, 0x00007a39d3867ff8] Compiler: c1, Barriers: 0, Oops: 0, ImmediateOops: 0, NonImmediateOops: No
[1,560s][debug][gc,nmethod  ] Register NMethod: java.lang.invoke.DirectMethodHandle$Holder.newInvokeSpecial (0x00007a39d3868008) [0x00007a39d3868100, 0x00007a39d3868980] Compiler: c1, Barriers: 2, Oops: 0, ImmediateOops: 1, NonImmediateOops: No
[1,561s][debug][gc,nmethod  ] Register NMethod: java.lang.reflect.Modifier.isSynthetic (0x00007a39d3868988) [0x00007a39d3868a80, 0x00007a39d3868bb0] Compiler: c1, Barriers: 0, Oops: 0, ImmediateOops: 0, NonImmediateOops: No
[1,561s][debug][gc,nmethod  ] Register NMethod: java.lang.reflect.Method.isSynthetic (0x00007a39d3868c88) [0x00007a39d3868d80, 0x00007a39d3868fb0] Compiler: c1, Barriers: 0, Oops: 0, ImmediateOops: 0, NonImmediateOops: No
[1,561s][debug][gc,nmethod  ] Register NMethod: java.lang.reflect.Executable.isSynthetic (0x00007a39d3869008) [0x00007a39d3869100, 0x00007a39d38694a8] Compiler: c1, Barriers: 0, Oops: 0, ImmediateOops: 0, NonImmediateOops: No
[1,561s][debug][gc,nmethod  ] Register NMethod: org.junit.platform.commons.util.ReflectionUtils$$Lambda/0x00000000ba18e828.test (0x00007a39d3869508) [0x00007a39d3869600, 0x00007a39d3869cf8] Compiler: c1, Barriers: 0, Oops: 1, ImmediateOops: 0, NonImmediateOops: No
[1,561s][debug][gc,nmethod  ] Register NMethod: java.util.stream.ReferencePipeline.filter (0x00007a39d3869d08) [0x00007a39d3869e00, 0x00007a39d386a310] Compiler: c1, Barriers: 3, Oops: 1, ImmediateOops: 0, NonImmediateOops: No
[1,561s][debug][gc,nmethod  ] Register NMethod: java.util.ArrayList.spliterator (0x00007a39d386a388) [0x00007a39d386a480, 0x00007a39d386a790] Compiler: c1, Barriers: 3, Oops: 0, ImmediateOops: 0, NonImmediateOops: No
[1,561s][debug][gc,nmethod  ] Register NMethod: org.junit.platform.commons.util.ReflectionUtils.lambda$findAllMethodsInHierarchy$27 (0x00007a39d386a808) [0x00007a39d386a900, 0x00007a39d386ad78] Compiler: c1, Barriers: 0, Oops: 1, ImmediateOops: 0, NonImmediateOops: No
[1,561s][debug][gc,nmethod  ] Register NMethod: java.util.ArrayList$ArrayListSpliterator.<init> (0x00007a39d386ad88) [0x00007a39d386ae80, 0x00007a39d386b1c0] Compiler: c1, Barriers: 3, Oops: 0, ImmediateOops: 0, NonImmediateOops: No
[1,562s][debug][gc,nmethod  ] Register NMethod: java.util.RegularEnumSet.contains (0x00007a39d386b208) [0x00007a39d386b300, 0x00007a39d386bda0] Compiler: c1, Barriers: 3, Oops: 0, ImmediateOops: 0, NonImmediateOops: No
[1,562s][debug][gc,nmethod  ] Register NMethod: java.util.ArrayList$ArrayListSpliterator.estimateSize (0x00007a39d386be08) [0x00007a39d386bf00, 0x00007a39d386c0d8] Compiler: c1, Barriers: 1, Oops: 0, ImmediateOops: 0, NonImmediateOops: No
[1,562s][debug][gc,nmethod  ] Register NMethod: java.lang.Boolean.valueOf (0x00007a39d386c108) [0x00007a39d386c200, 0x00007a39d386c358] Compiler: c1, Barriers: 0, Oops: 0, ImmediateOops: 2, NonImmediateOops: No
[1,562s][debug][gc,nmethod  ] Register NMethod: java.util.Collections$UnmodifiableCollection.contains (0x00007a39d386c408) [0x00007a39d386c500, 0x00007a39d386c848] Compiler: c1, Barriers: 1, Oops: 0, ImmediateOops: 0, NonImmediateOops: No
[1,562s][debug][gc,nmethod  ] Register NMethod: java.util.stream.MatchOps$MatchOp.getOpFlags (0x00007a39d386c888) [0x00007a39d386c980, 0x00007a39d386ca88] Compiler: c1, Barriers: 0, Oops: 0, ImmediateOops: 0, NonImmediateOops: No
[1,562s][debug][gc,nmethod  ] Register NMethod: java.util.stream.MatchOps$MatchOp.<init> (0x00007a39d386cb88) [0x00007a39d386cc80, 0x00007a39d386cf40] Compiler: c1, Barriers: 9, Oops: 0, ImmediateOops: 0, NonImmediateOops: No
[1,562s][debug][gc,nmethod  ] Register NMethod: java.util.stream.MatchOps$$Lambda/0x00000000ba0f77d0.<init> (0x00007a39d386cf88) [0x00007a39d386d080, 0x00007a39d386d2c8] Compiler: c1, Barriers: 6, Oops: 0, ImmediateOops: 0, NonImmediateOops: No
[1,562s][debug][gc,nmethod  ] Register NMethod: org.junit.vintage.engine.descriptor.TestSourceProvider.lambda$findMethod$0 (0x00007a39f2c61008) [0x00007a39f2c61100, 0x00007a39f2c611a0] Compiler: c1, Barriers: 0, Oops: 1, ImmediateOops: 0, NonImmediateOops: No
[1,562s][debug][gc,nmethod  ] Register NMethod: java.util.stream.MatchOps$$Lambda/0x00000000ba0f77d0.get (0x00007a39d386d308) [0x00007a39d386d400, 0x00007a39d386d880] Compiler: c1, Barriers: 8, Oops: 0, ImmediateOops: 0, NonImmediateOops: No
[1,562s][debug][gc,nmethod  ] Register NMethod: java.util.stream.MatchOps$MatchOp.evaluateSequential (0x00007a39d386d888) [0x00007a39d386d980, 0x00007a39d386e590] Compiler: c1, Barriers: 1, Oops: 0, ImmediateOops: 2, NonImmediateOops: No
[1,562s][debug][gc,nmethod  ] Register NMethod: java.util.stream.MatchOps.makeRef (0x00007a39d386e608) [0x00007a39d386e700, 0x00007a39d386f230] Compiler: c1, Barriers: 15, Oops: 2, ImmediateOops: 3, NonImmediateOops: No
[1,562s][debug][gc,nmethod  ] Register NMethod: java.util.stream.MatchOps$MatchOp.evaluateSequential (0x00007a39d386f288) [0x00007a39d386f380, 0x00007a39d38701a8] Compiler: c1, Barriers: 1, Oops: 0, ImmediateOops: 2, NonImmediateOops: No
[1,562s][debug][gc,nmethod  ] Register NMethod: java.util.TimSort.sort (0x00007a39d3870208) [0x00007a39d3870300, 0x00007a39d3870a18] Compiler: c1, Barriers: 2, Oops: 0, ImmediateOops: 0, NonImmediateOops: No
[1,562s][debug][gc,nmethod  ] Register NMethod: java.util.stream.MatchOps.lambda$makeRef$0 (0x00007a39d3870a88) [0x00007a39d3870b80, 0x00007a39d3870f18] Compiler: c1, Barriers: 6, Oops: 0, ImmediateOops: 0, NonImmediateOops: No
[1,562s][debug][gc,nmethod  ] Register NMethod: java.util.stream.MatchOps$1MatchSink.<init> (0x00007a39d3870f88) [0x00007a39d3871080, 0x00007a39d3871380] Compiler: c1, Barriers: 6, Oops: 0, ImmediateOops: 0, NonImmediateOops: No
[1,562s][debug][gc,nmethod  ] Register NMethod: java.util.stream.MatchOps$BooleanTerminalSink.<init> (0x00007a39d3871388) [0x00007a39d3871480, 0x00007a39d3871638] Compiler: c1, Barriers: 0, Oops: 0, ImmediateOops: 0, NonImmediateOops: No
[1,562s][debug][gc,nmethod  ] Register NMethod: java.util.stream.ReferencePipeline.anyMatch (0x00007a39d3871688) [0x00007a39d3871780, 0x00007a39d3871e98] Compiler: c1, Barriers: 0, Oops: 0, ImmediateOops: 1, NonImmediateOops: No
[1,563s][debug][gc,nmethod  ] Register NMethod: org.junit.platform.commons.util.ReflectionUtils$$Lambda/0x00000000ba18a488.<init> (0x00007a39d3871f08) [0x00007a39d3872000, 0x00007a39d38721d0] Compiler: c1, Barriers: 3, Oops: 1, ImmediateOops: 0, NonImmediateOops: No
[1,563s][debug][gc,nmethod  ] Register NMethod: org.junit.platform.commons.util.FunctionUtils$$Lambda/0x00000000ba18f7f0.test (0x00007a39d3872208) [0x00007a39d3872300, 0x00007a39d38728e8] Compiler: c1, Barriers: 2, Oops: 1, ImmediateOops: 0, NonImmediateOops: No
[1,563s][debug][gc,nmethod  ] Register NMethod: org.junit.platform.commons.util.FunctionUtils.lambda$where$0 (0x00007a39d3872908) [0x00007a39d3872a00, 0x00007a39d3872f00] Compiler: c1, Barriers: 0, Oops: 1, ImmediateOops: 0, NonImmediateOops: No
[1,563s][debug][gc,nmethod  ] Register NMethod: org.junit.platform.commons.util.ReflectionUtils.isMethodShadowedByLocalMethods (0x00007a39d3872f88) [0x00007a39d3873080, 0x00007a39d3874098] Compiler: c1, Barriers: 3, Oops: 2, ImmediateOops: 3, NonImmediateOops: No
[1,563s][debug][gc,nmethod  ] Register NMethod: org.junit.vintage.engine.descriptor.TestSourceProvider$$Lambda/0x00000000ba18f398.apply (0x00007a39d3874108) [0x00007a39d3874200, 0x00007a39d3874718] Compiler: c1, Barriers: 1, Oops: 1, ImmediateOops: 0, NonImmediateOops: No
[1,563s][debug][gc,nmethod  ] Register NMethod: java.util.function.Predicate$$Lambda/0x00000000ba120c58.test (0x00007a39d3874788) [0x00007a39d3874880, 0x00007a39d3874c20] Compiler: c1, Barriers: 1, Oops: 0, ImmediateOops: 0, NonImmediateOops: No
[1,563s][debug][gc,nmethod  ] Register NMethod: java.util.function.Predicate.lambda$isEqual$0 (0x00007a39d3874c88) [0x00007a39d3874d80, 0x00007a39d3875068] Compiler: c1, Barriers: 0, Oops: 0, ImmediateOops: 0, NonImmediateOops: No
[1,563s][debug][gc,nmethod  ] Register NMethod: org.junit.platform.commons.util.ReflectionUtils.lambda$findAllMethodsInHierarchy$28 (0x00007a39d3875088) [0x00007a39d3875180, 0x00007a39d3876250] Compiler: c1, Barriers: 3, Oops: 2, ImmediateOops: 3, NonImmediateOops: No
[1,563s][debug][gc,nmethod  ] Register NMethod: org.junit.platform.commons.util.ReflectionUtils$$Lambda/0x00000000ba18ea80.test (0x00007a39d3876288) [0x00007a39d3876380, 0x00007a39d3877710] Compiler: c1, Barriers: 4, Oops: 2, ImmediateOops: 3, NonImmediateOops: No
[1,563s][debug][gc,nmethod  ] Register NMethod: java.util.stream.ReferencePipeline$2$1.begin (0x00007a39d3877788) [0x00007a39d3877880, 0x00007a39d3877bc0] Compiler: c1, Barriers: 1, Oops: 0, ImmediateOops: 0, NonImmediateOops: No
[1,563s][debug][gc,nmethod  ] Register NMethod: java.util.stream.ReferencePipeline$2.opWrapSink (0x00007a39d3877c08) [0x00007a39d3877d00, 0x00007a39d3878478] Compiler: c1, Barriers: 7, Oops: 0, ImmediateOops: 0, NonImmediateOops: No
[1,563s][debug][gc,nmethod  ] Register NMethod: java.util.stream.ReferencePipeline$2$1.<init> (0x00007a39d3878488) [0x00007a39d3878580, 0x00007a39d3878cd8] Compiler: c1, Barriers: 6, Oops: 0, ImmediateOops: 0, NonImmediateOops: No
[1,563s][debug][gc,nmethod  ] Register NMethod: java.lang.String.trim (0x00007a39d3878d08) [0x00007a39d3878e00, 0x00007a39d38792d8] Compiler: c1, Barriers: 2, Oops: 0, ImmediateOops: 0, NonImmediateOops: No
[1,563s][debug][gc,nmethod  ] Register NMethod: java.lang.StringLatin1.trim (0x00007a39d3879308) [0x00007a39d3879400, 0x00007a39d3879778] Compiler: c1, Barriers: 0, Oops: 0, ImmediateOops: 0, NonImmediateOops: No
[1,564s][debug][gc,nmethod  ] Register NMethod: java.util.stream.Collectors.castingIdentity (0x00007a39d3879788) [0x00007a39d3879880, 0x00007a39d3879a20] Compiler: c1, Barriers: 0, Oops: 1, ImmediateOops: 1, NonImmediateOops: No
[1,564s][debug][gc,nmethod  ] Register NMethod: java.util.stream.Collectors$CollectorImpl.<init> (0x00007a39d3879a88) [0x00007a39d3879b80, 0x00007a39d387a0f8] Compiler: c1, Barriers: 15, Oops: 2, ImmediateOops: 1, NonImmediateOops: No
[1,564s][debug][gc,nmethod  ] Register NMethod: org.junit.vintage.engine.descriptor.TestSourceProvider$$Lambda/0x00000000ba18e5d0.test (0x00007a39d387a188) [0x00007a39d387a280, 0x00007a39d387a5e8] Compiler: c1, Barriers: 0, Oops: 1, ImmediateOops: 0, NonImmediateOops: No
[1,564s][debug][gc,nmethod  ] Register NMethod: java.util.ArrayList$ArrayListSpliterator.forEachRemaining (0x00007a39d387a608) [0x00007a39d387a700, 0x00007a39d387ae58] Compiler: c1, Barriers: 4, Oops: 0, ImmediateOops: 0, NonImmediateOops: No
[1,564s][debug][gc,nmethod  ] Register NMethod: java.lang.invoke.VarHandleReferences$FieldInstanceReadWrite.compareAndSet (0x00007a39d387ae88) [0x00007a39d387af80, 0x00007a39d387c538] Compiler: c1, Barriers: 7, Oops: 1, ImmediateOops: 0, NonImmediateOops: No
[1,565s][debug][gc,director ] Rule Major: Warmup 10%, Used: 92MB, UsedThreshold: 1228MB
[1,565s][debug][gc,nmethod  ] Register NMethod: org.junit.platform.engine.support.descriptor.AbstractTestDescriptor.getUniqueId (0x00007a39f2c61308) [0x00007a39f2c61400, 0x00007a39f2c614e8] Compiler: c1, Barriers: 1, Oops: 1, ImmediateOops: 0, NonImmediateOops: No
[1,565s][debug][gc,nmethod  ] Register NMethod: org.junit.platform.commons.util.StringUtils.isNotBlank (0x00007a39d387c588) [0x00007a39d387c680, 0x00007a39d387cd20] Compiler: c1, Barriers: 1, Oops: 1, ImmediateOops: 0, NonImmediateOops: No
[1,566s][debug][gc,nmethod  ] Register NMethod: org.junit.platform.commons.util.StringUtils.isBlank (0x00007a39d387cd88) [0x00007a39d387ce80, 0x00007a39d387d878] Compiler: c1, Barriers: 3, Oops: 1, ImmediateOops: 0, NonImmediateOops: No
[1,566s][debug][gc,nmethod  ] Register NMethod: org.junit.platform.commons.util.Preconditions.notBlank (0x00007a39d387d888) [0x00007a39d387d980, 0x00007a39d387e1e8] Compiler: c1, Barriers: 1, Oops: 1, ImmediateOops: 0, NonImmediateOops: No
[1,566s][debug][gc,nmethod  ] Register NMethod: java.lang.invoke.Invokers$Holder.invokeExact_MT (0x00007a39d387e208) [0x00007a39d387e300, 0x00007a39d387ee68] Compiler: c1, Barriers: 3, Oops: 0, ImmediateOops: 0, NonImmediateOops: No
[1,566s][debug][gc,nmethod  ] Register NMethod: org.junit.platform.commons.function.Try.checkNotNull (0x00007a39d387ee88) [0x00007a39d387ef80, 0x00007a39d387fc80] Compiler: c1, Barriers: 0, Oops: 2, ImmediateOops: 2, NonImmediateOops: No
[1,566s][debug][gc,nmethod  ] Register NMethod: org.junit.platform.commons.function.Try.of (0x00007a39d387fd08) [0x00007a39d387fe00, 0x00007a39d3880688] Compiler: c1, Barriers: 0, Oops: 1, ImmediateOops: 1, NonImmediateOops: No
[1,566s][debug][gc,nmethod  ] Register NMethod: org.junit.runner.Description.getDisplayName (0x00007a39f2c61608) [0x00007a39f2c61700, 0x00007a39f2c617e8] Compiler: c1, Barriers: 1, Oops: 1, ImmediateOops: 0, NonImmediateOops: No
[1,568s][debug][gc,nmethod  ] Register NMethod: jdk.internal.classfile.impl.BytecodeHelpers.returnBytecode (0x00007a39d3880708) [0x00007a39d3880800, 0x00007a39d3880b60] Compiler: c1, Barriers: 0, Oops: 0, ImmediateOops: 0, NonImmediateOops: No
[1,568s][debug][gc,nmethod  ] Register NMethod: jdk.internal.classfile.impl.DirectCodeBuilder.return_ (0x00007a39d3880b88) [0x00007a39d3880c80, 0x00007a39d3881298] Compiler: c1, Barriers: 1, Oops: 0, ImmediateOops: 0, NonImmediateOops: No
[1,568s][debug][gc,nmethod  ] Register NMethod: jdk.internal.misc.VM.isSystemDomainLoader (0x00007a39d3881308) [0x00007a39d3881400, 0x00007a39d3881670] Compiler: c1, Barriers: 0, Oops: 0, ImmediateOops: 1, NonImmediateOops: No
[1,569s][debug][gc,nmethod  ] Register NMethod: java.lang.String.substring (0x00007a39d3881688) [0x00007a39d3881780, 0x00007a39d3881f18] Compiler: c1, Barriers: 1, Oops: 0, ImmediateOops: 0, NonImmediateOops: No
[1,569s][debug][gc,nmethod  ] Register NMethod: java.util.jar.JarFile.checkForSpecialAttributes (0x00007a39f2c61908) [0x00007a39f2c61a00, 0x00007a39f2c62358] Compiler: jvmci, Barriers: 7, Oops: 2, ImmediateOops: 8, NonImmediateOops: No
[1,570s][debug][gc,nmethod  ] Register NMethod: java.lang.invoke.MethodHandle.linkToSpecial (0x00007a39f2c62388) [0x00007a39f2c62480, 0x00007a39f2c62578] Compiler: , Barriers: 0, Oops: 0, ImmediateOops: 0, NonImmediateOops: No
[1,570s][debug][gc,nmethod  ] Register NMethod: jdk.internal.loader.URLClassPath$JarLoader.getResource (0x00007a39f2c62688) [0x00007a39f2c62780, 0x00007a39f2c63ea0] Compiler: jvmci, Barriers: 19, Oops: 2, ImmediateOops: 8, NonImmediateOops: No
[1,570s][debug][gc,nmethod  ] Register NMethod: java.lang.classfile.constantpool.ConstantPoolBuilder.of (0x00007a39d3881f88) [0x00007a39d3882080, 0x00007a39d3882200] Compiler: c1, Barriers: 0, Oops: 0, ImmediateOops: 0, NonImmediateOops: No
[1,570s][debug][gc,nmethod  ] Register NMethod: jdk.internal.classfile.impl.EntryMap.nextPowerOfTwo (0x00007a39d3882288) [0x00007a39d3882380, 0x00007a39d3882580] Compiler: c1, Barriers: 0, Oops: 0, ImmediateOops: 0, NonImmediateOops: No
[1,570s][debug][gc,nmethod  ] Register NMethod: jdk.internal.classfile.impl.SplitConstantPool.<init> (0x00007a39d3882588) [0x00007a39d3882680, 0x00007a39d3882a88] Compiler: c1, Barriers: 9, Oops: 0, ImmediateOops: 0, NonImmediateOops: No
[1,570s][debug][gc,nmethod  ] Register NMethod: jdk.internal.classfile.impl.DirectClassBuilder.withFlags (0x00007a39d3882b08) [0x00007a39d3882c00, 0x00007a39d3882ed8] Compiler: c1, Barriers: 0, Oops: 0, ImmediateOops: 0, NonImmediateOops: No
[1,571s][debug][gc,nmethod  ] Register NMethod: jdk.internal.classfile.impl.EntryMap.arraySize (0x00007a39d3882f08) [0x00007a39d3883000, 0x00007a39d38845a0] Compiler: c1, Barriers: 0, Oops: 3, ImmediateOops: 4, NonImmediateOops: No
[1,571s][debug][gc,nmethod  ] Register NMethod: jdk.internal.classfile.impl.ClassFileImpl.build (0x00007a39d3884608) [0x00007a39d3884700, 0x00007a39d38859a0] Compiler: c1, Barriers: 0, Oops: 0, ImmediateOops: 0, NonImmediateOops: No
[1,571s][debug][gc,nmethod  ] Register NMethod: jdk.internal.classfile.impl.DirectClassBuilder.<init> (0x00007a39d3885a08) [0x00007a39d3885b00, 0x00007a39d3886ea0] Compiler: c1, Barriers: 28, Oops: 0, ImmediateOops: 5, NonImmediateOops: No
[1,571s][debug][gc,nmethod  ] Register NMethod: jdk.internal.classfile.impl.BufWriterImpl.join (0x00007a39d3886f08) [0x00007a39d3887000, 0x00007a39d3887af8] Compiler: c1, Barriers: 0, Oops: 0, ImmediateOops: 0, NonImmediateOops: No
[1,571s][debug][gc,nmethod  ] Register NMethod: jdk.internal.classfile.impl.SplitConstantPool.writeBootstrapMethods (0x00007a39d3887b08) [0x00007a39d3887c00, 0x00007a39d3888ff0] Compiler: c1, Barriers: 2, Oops: 0, ImmediateOops: 0, NonImmediateOops: No
[1,571s][debug][gc,nmethod  ] Register NMethod: java.lang.invoke.MemberName.asSpecial (0x00007a39d3889008) [0x00007a39d3889100, 0x00007a39d388a948] Compiler: c1, Barriers: 0, Oops: 0, ImmediateOops: 0, NonImmediateOops: No
[1,573s][debug][gc,nmethod  ] Register NMethod: java.lang.Class.getTypeName (0x00007a39f2c63f08) [0x00007a39f2c64000, 0x00007a39f2c64168] Compiler: jvmci, Barriers: 2, Oops: 0, ImmediateOops: 0, NonImmediateOops: No
[1,573s][debug][gc,nmethod  ] Register NMethod: java.util.StringJoiner.add (0x00007a39f2c64208) [0x00007a39f2c64300, 0x00007a39f2c64968] Compiler: jvmci, Barriers: 15, Oops: 0, ImmediateOops: 0, NonImmediateOops: No
[1,574s][debug][gc,nmethod  ] Register NMethod: jdk.internal.classfile.impl.DirectClassBuilder.build (0x00007a39d388a988) [0x00007a39d388aa80, 0x00007a39d3892d40] Compiler: c1, Barriers: 26, Oops: 2, ImmediateOops: 6, NonImmediateOops: No
[1,575s][debug][gc,director ] Rule Major: Warmup 10%, Used: 94MB, UsedThreshold: 1228MB
[1,575s][debug][gc,nmethod  ] Register NMethod: jdk.internal.util.ReferencedKeyMap.removeStaleReferences (0x00007a39f2c64988) [0x00007a39f2c64a80, 0x00007a39f2c64bb8] Compiler: jvmci, Barriers: 2, Oops: 0, ImmediateOops: 0, NonImmediateOops: No
[1,577s][debug][gc,nmethod  ] Register NMethod: java.lang.reflect.ProxyGenerator$ProxyMethod.parameterTypes (0x00007a39d3892d88) [0x00007a39d3892e80, 0x00007a39d38931c0] Compiler: c1, Barriers: 2, Oops: 0, ImmediateOops: 0, NonImmediateOops: No
[1,577s][debug][gc,nmethod  ] Register NMethod: jdk.internal.classfile.impl.DirectClassBuilder.withField (0x00007a39d3893208) [0x00007a39d3893300, 0x00007a39d3893720] Compiler: c1, Barriers: 2, Oops: 0, ImmediateOops: 0, NonImmediateOops: No
[1,577s][debug][gc,nmethod  ] Register NMethod: jdk.internal.classfile.impl.DirectClassBuilder.withField (0x00007a39d3893788) [0x00007a39d3893880, 0x00007a39d3894238] Compiler: c1, Barriers: 9, Oops: 0, ImmediateOops: 0, NonImmediateOops: No
[1,577s][debug][gc,nmethod  ] Register NMethod: jdk.internal.classfile.impl.DirectFieldBuilder.<init> (0x00007a39d3894288) [0x00007a39d3894380, 0x00007a39d3895248] Compiler: c1, Barriers: 21, Oops: 0, ImmediateOops: 1, NonImmediateOops: No
[1,578s][debug][gc,nmethod  ] Register NMethod: java.lang.CharSequence.isEmpty (0x00007a39d3895288) [0x00007a39d3895380, 0x00007a39d38956c8] Compiler: c1, Barriers: 0, Oops: 0, ImmediateOops: 0, NonImmediateOops: No
[1,578s][debug][gc,nmethod  ] Register NMethod: java.util.jar.JarFile.getEntry (0x00007a39f2c64c88) [0x00007a39f2c64d80, 0x00007a39f2c661f0] Compiler: jvmci, Barriers: 14, Oops: 2, ImmediateOops: 8, NonImmediateOops: No
[1,578s][debug][gc,nmethod  ] Register NMethod: jdk.internal.classfile.impl.DirectFieldBuilder.writeTo (0x00007a39d3895708) [0x00007a39d3895800, 0x00007a39d3899e10] Compiler: c1, Barriers: 5, Oops: 1, ImmediateOops: 6, NonImmediateOops: No
[1,579s][debug][gc,nmethod  ] Register NMethod: java.util.Collections$1.<init> (0x00007a39d3899e88) [0x00007a39d3899f80, 0x00007a39d389a158] Compiler: c1, Barriers: 3, Oops: 0, ImmediateOops: 0, NonImmediateOops: No
[1,579s][debug][gc,nmethod  ] Register NMethod: java.util.Collections$SingletonList.iterator (0x00007a39d389a188) [0x00007a39d389a280, 0x00007a39d389a598] Compiler: c1, Barriers: 4, Oops: 0, ImmediateOops: 0, NonImmediateOops: No
[1,579s][debug][gc,nmethod  ] Register NMethod: java.util.Collections$1.next (0x00007a39d389a608) [0x00007a39d389a700, 0x00007a39d389a940] Compiler: c1, Barriers: 1, Oops: 0, ImmediateOops: 0, NonImmediateOops: No
[1,579s][debug][gc,nmethod  ] Register NMethod: java.util.ImmutableCollections$ListN.size (0x00007a39f2c66208) [0x00007a39f2c66300, 0x00007a39f2c663e0] Compiler: jvmci, Barriers: 1, Oops: 0, ImmediateOops: 0, NonImmediateOops: No
[1,579s][debug][gc,nmethod  ] Register NMethod: java.util.Collections.singletonIterator (0x00007a39d389a988) [0x00007a39d389aa80, 0x00007a39d389ace8] Compiler: c1, Barriers: 3, Oops: 0, ImmediateOops: 0, NonImmediateOops: No
[1,579s][debug][gc,nmethod  ] Register NMethod: jdk.internal.classfile.impl.DirectCodeBuilder.newLabel (0x00007a39d389ad08) [0x00007a39d389ae00, 0x00007a39d389b0e8] Compiler: c1, Barriers: 3, Oops: 0, ImmediateOops: 0, NonImmediateOops: No
[1,579s][debug][gc,nmethod  ] Register NMethod: jdk.internal.classfile.impl.DirectCodeBuilder.labelBinding (0x00007a39d389b108) [0x00007a39d389b200, 0x00007a39d389b930] Compiler: c1, Barriers: 1, Oops: 0, ImmediateOops: 0, NonImmediateOops: No
[1,580s][debug][gc,nmethod  ] Register NMethod: jdk.internal.classfile.impl.BufWriterImpl.labelContext (0x00007a39f2c66508) [0x00007a39f2c66600, 0x00007a39f2c666e8] Compiler: c1, Barriers: 1, Oops: 0, ImmediateOops: 0, NonImmediateOops: No
[1,580s][debug][gc,nmethod  ] Register NMethod: jdk.internal.classfile.impl.DirectCodeBuilder.methodInfo (0x00007a39f2c66808) [0x00007a39f2c66900, 0x00007a39f2c669e8] Compiler: c1, Barriers: 1, Oops: 0, ImmediateOops: 0, NonImmediateOops: No
[1,580s][debug][gc,nmethod  ] Register NMethod: java.lang.invoke.MethodHandleNatives.linkMethodHandleConstant (0x00007a39d389b988) [0x00007a39d389ba80, 0x00007a39d389bff0] Compiler: c1, Barriers: 0, Oops: 0, ImmediateOops: 1, NonImmediateOops: No
[1,581s][debug][gc,nmethod  ] Register NMethod: java.lang.invoke.MemberName.isField (0x00007a39d389c008) [0x00007a39d389c100, 0x00007a39d389c2b8] Compiler: c1, Barriers: 0, Oops: 0, ImmediateOops: 0, NonImmediateOops: No
[1,581s][debug][gc,nmethod  ] Register NMethod: java.lang.invoke.DirectMethodHandle.make (0x00007a39d389c308) [0x00007a39d389c400, 0x00007a39d389ec48] Compiler: c1, Barriers: 4, Oops: 0, ImmediateOops: 1, NonImmediateOops: No
[1,581s][debug][gc,nmethod  ] Register NMethod: java.lang.invoke.MethodHandles$Lookup.linkMethodHandleConstant (0x00007a39d389ec88) [0x00007a39d389ed80, 0x00007a39d38a25f8] Compiler: c1, Barriers: 12, Oops: 0, ImmediateOops: 6, NonImmediateOops: No
[1,583s][debug][gc,nmethod  ] Register NMethod: java.util.jar.JarFile.isMultiRelease (0x00007a39f2c66b08) [0x00007a39f2c66c00, 0x00007a39f2c675a0] Compiler: jvmci, Barriers: 7, Oops: 2, ImmediateOops: 8, NonImmediateOops: No
[1,583s][debug][gc,nmethod  ] Register NMethod: java.util.stream.ReferencePipeline$3$1.accept (0x00007a39f2c67608) [0x00007a39f2c67700, 0x00007a39f2c683e8] Compiler: jvmci, Barriers: 26, Oops: 0, ImmediateOops: 0, NonImmediateOops: No
[1,584s][debug][gc,nmethod  ] Register NMethod: java.util.jar.JarFile.getJarEntry (0x00007a39f2c68408) [0x00007a39f2c68500, 0x00007a39f2c69ad0] Compiler: jvmci, Barriers: 14, Oops: 2, ImmediateOops: 8, NonImmediateOops: No
[1,584s][debug][gc,nmethod  ] Register NMethod: java.util.stream.ReduceOps$3ReducingSink.accept (0x00007a39f2c69b08) [0x00007a39f2c69c00, 0x00007a39f2c6a9c8] Compiler: jvmci, Barriers: 32, Oops: 0, ImmediateOops: 1, NonImmediateOops: No
[1,585s][debug][gc,director ] Rule Major: Warmup 10%, Used: 94MB, UsedThreshold: 1228MB
[1,585s][debug][gc,nmethod  ] Register NMethod: java.util.logging.LogManager.getProperty (0x00007a39d38a2608) [0x00007a39d38a2700, 0x00007a39d38a2a40] Compiler: c1, Barriers: 1, Oops: 0, ImmediateOops: 0, NonImmediateOops: No
[1,585s][debug][gc,nmethod  ] Register NMethod: java.lang.reflect.Executable$$Lambda/0x00000000ba117c60.apply (0x00007a39f2c6aa08) [0x00007a39f2c6ab00, 0x00007a39f2c6ace8] Compiler: jvmci, Barriers: 2, Oops: 0, ImmediateOops: 0, NonImmediateOops: No
[1,585s][debug][gc,nmethod  ] Register NMethod: java.lang.invoke.LambdaForm$MH/0x00000000ba09cc00.invoke (0x00007a39d38a2a88) [0x00007a39d38a2b80, 0x00007a39d38a32e8] Compiler: c1, Barriers: 2, Oops: 1, ImmediateOops: 0, NonImmediateOops: No
[1,585s][debug][gc,nmethod  ] Register NMethod: java.lang.invoke.DirectMethodHandle$Holder.invokeStatic (0x00007a39d38a3308) [0x00007a39d38a3400, 0x00007a39d38a37c8] Compiler: c1, Barriers: 1, Oops: 0, ImmediateOops: 0, NonImmediateOops: No
[1,586s][debug][gc,nmethod  ] Register NMethod: java.lang.StringConcatHelper.simpleConcat (0x00007a39d38a3808) [0x00007a39d38a3900, 0x00007a39d38a65b0] Compiler: c1, Barriers: 6, Oops: 0, ImmediateOops: 6, NonImmediateOops: No
[1,586s][debug][gc,nmethod  ] Register NMethod: java.util.stream.Collectors$$Lambda/0x00000000ba0e07a8.accept (0x00007a39f2c6ad08) [0x00007a39f2c6ae00, 0x00007a39f2c6b440] Compiler: jvmci, Barriers: 14, Oops: 0, ImmediateOops: 0, NonImmediateOops: No
[1,586s][debug][gc,nmethod  ] Register NMethod: java.util.ArrayList.add (0x00007a39f2c6b488) [0x00007a39f2c6b580, 0x00007a39f2c6bca0] Compiler: jvmci, Barriers: 16, Oops: 0, ImmediateOops: 1, NonImmediateOops: No
[1,587s][debug][gc,nmethod  ] Register NMethod: java.lang.invoke.DirectMethodHandle.make (0x00007a39d38a6608) [0x00007a39d38a6700, 0x00007a39d38a6f78] Compiler: c1, Barriers: 2, Oops: 0, ImmediateOops: 0, NonImmediateOops: No
[1,587s][debug][gc,nmethod  ] Register NMethod: java.lang.invoke.MethodHandles$Lookup.checkMethodName (0x00007a39d38a6f88) [0x00007a39d38a7080, 0x00007a39d38a81e8] Compiler: c1, Barriers: 0, Oops: 2, ImmediateOops: 3, NonImmediateOops: No
[1,587s][debug][gc,nmethod  ] Register NMethod: jdk.internal.classfile.impl.TemporaryConstantPool.utf8Entry (0x00007a39d38a8208) [0x00007a39d38a8300, 0x00007a39d38a84b0] Compiler: c1, Barriers: 0, Oops: 0, ImmediateOops: 0, NonImmediateOops: No
[1,587s][debug][gc,nmethod  ] Register NMethod: java.lang.invoke.MethodHandles$Lookup.resolveOrFail (0x00007a39d38a8508) [0x00007a39d38a8600, 0x00007a39d38a9380] Compiler: c1, Barriers: 1, Oops: 1, ImmediateOops: 3, NonImmediateOops: No
[1,587s][debug][gc,nmethod  ] Register NMethod: java.lang.invoke.DirectMethodHandle.makeAllocator (0x00007a39d38a9408) [0x00007a39d38a9500, 0x00007a39d38aa268] Compiler: c1, Barriers: 2, Oops: 0, ImmediateOops: 0, NonImmediateOops: No
[1,587s][debug][gc,nmethod  ] Register NMethod: java.lang.invoke.MemberName.asConstructor (0x00007a39d38aa288) [0x00007a39d38aa380, 0x00007a39d38aafb0] Compiler: c1, Barriers: 0, Oops: 0, ImmediateOops: 0, NonImmediateOops: No
[1,587s][debug][gc,nmethod  ] Register NMethod: jdk.internal.classfile.impl.AbstractPoolEntry$Utf8EntryImpl.<init> (0x00007a39d38ab008) [0x00007a39d38ab100, 0x00007a39d38ab458] Compiler: c1, Barriers: 0, Oops: 0, ImmediateOops: 0, NonImmediateOops: No
[1,588s][debug][gc,nmethod  ] Register NMethod: jdk.internal.classfile.impl.StackMapGenerator$Frame.initializeObject (0x00007a39d38ab488) [0x00007a39d38ab580, 0x00007a39d38ac3a8] Compiler: c1, Barriers: 12, Oops: 0, ImmediateOops: 1, NonImmediateOops: No
[1,588s][debug][gc,nmethod  ] Register NMethod: jdk.internal.classfile.impl.AbstractPoolEntry$Utf8EntryImpl.<init> (0x00007a39f2c6bd08) [0x00007a39f2c6be00, 0x00007a39f2c6c0e0] Compiler: jvmci, Barriers: 12, Oops: 0, ImmediateOops: 1, NonImmediateOops: No
[1,589s][debug][gc,nmethod  ] Register NMethod: jdk.internal.util.StrongReferenceKey.hashCode (0x00007a39f2c6c108) [0x00007a39f2c6c200, 0x00007a39f2c6c760] Compiler: jvmci, Barriers: 8, Oops: 0, ImmediateOops: 0, NonImmediateOops: No
[1,589s][debug][gc,nmethod  ] Register NMethod: java.lang.classfile.ClassFile.of (0x00007a39d38ac408) [0x00007a39d38ac500, 0x00007a39d38ac5e8] Compiler: c1, Barriers: 0, Oops: 0, ImmediateOops: 1, NonImmediateOops: No
[1,590s][debug][gc,nmethod  ] Register NMethod: jdk.internal.util.DecimalDigits.uncheckedPutCharLatin1 (0x00007a39d38ac708) [0x00007a39d38ac800, 0x00007a39d38ac900] Compiler: c1, Barriers: 0, Oops: 0, ImmediateOops: 0, NonImmediateOops: No
[1,590s][debug][gc,nmethod  ] Register NMethod: java.lang.Module.isExplicitlyExportedOrOpened (0x00007a39d38aca08) [0x00007a39d38acb00, 0x00007a39d38ad690] Compiler: c1, Barriers: 2, Oops: 0, ImmediateOops: 0, NonImmediateOops: No
[1,590s][debug][gc,nmethod  ] Register NMethod: jdk.internal.classfile.impl.DirectCodeBuilder.invokevirtual (0x00007a39d38ad708) [0x00007a39d38ad800, 0x00007a39d38adf50] Compiler: c1, Barriers: 1, Oops: 0, ImmediateOops: 0, NonImmediateOops: No
[1,591s][debug][gc,nmethod  ] Register NMethod: jdk.internal.misc.Unsafe.ensureClassInitialized0 (0x00007a39f2c6c788) [0x00007a39f2c6c880, 0x00007a39f2c6c9d8] Compiler: , Barriers: 0, Oops: 0, ImmediateOops: 0, NonImmediateOops: No
[1,591s][debug][gc,nmethod  ] Register NMethod: java.lang.reflect.Constructor.getSharedParameterTypes (0x00007a39f2c6ca88) [0x00007a39f2c6cb80, 0x00007a39f2c6cc68] Compiler: c1, Barriers: 1, Oops: 0, ImmediateOops: 0, NonImmediateOops: No
[1,592s][debug][gc,nmethod  ] Register NMethod: java.lang.System$1.defineClass (0x00007a39d38adf88) [0x00007a39d38ae080, 0x00007a39d38ae1f0] Compiler: c1, Barriers: 0, Oops: 0, ImmediateOops: 0, NonImmediateOops: No
[1,592s][debug][gc,nmethod  ] Register NMethod: java.lang.invoke.MethodHandles$Lookup$ClassDefiner.<init> (0x00007a39d38ae288) [0x00007a39d38ae380, 0x00007a39d38ae720] Compiler: c1, Barriers: 12, Oops: 0, ImmediateOops: 0, NonImmediateOops: No
[1,592s][debug][gc,nmethod  ] Register NMethod: java.lang.invoke.MethodHandles$Lookup.makeHiddenClassDefiner (0x00007a39d38ae788) [0x00007a39d38ae880, 0x00007a39d38aeea8] Compiler: c1, Barriers: 2, Oops: 0, ImmediateOops: 1, NonImmediateOops: No
[1,592s][debug][gc,nmethod  ] Register NMethod: java.lang.String.getBytes (0x00007a39f2c6cd88) [0x00007a39f2c6ce80, 0x00007a39f2c6d220] Compiler: jvmci, Barriers: 1, Oops: 0, ImmediateOops: 0, NonImmediateOops: No
[1,593s][debug][gc,nmethod  ] Register NMethod: java.lang.invoke.MethodHandles$Lookup$ClassDefiner.defineClass (0x00007a39d38aef08) [0x00007a39d38af000, 0x00007a39d38b0d48] Compiler: c1, Barriers: 21, Oops: 0, ImmediateOops: 2, NonImmediateOops: No
[1,593s][debug][gc,nmethod  ] Register NMethod: jdk.internal.classfile.impl.TemporaryConstantPool.classEntry (0x00007a39d38b0d88) [0x00007a39d38b0e80, 0x00007a39d38b1238] Compiler: c1, Barriers: 0, Oops: 0, ImmediateOops: 0, NonImmediateOops: No
[1,593s][debug][gc,nmethod  ] Register NMethod: jdk.internal.classfile.impl.AbstractPoolEntry$ClassEntryImpl.<init> (0x00007a39d38b1288) [0x00007a39d38b1380, 0x00007a39d38b14c8] Compiler: c1, Barriers: 0, Oops: 0, ImmediateOops: 0, NonImmediateOops: No
[1,593s][debug][gc,nmethod  ] Register NMethod: java.lang.classfile.constantpool.ConstantPoolBuilder.classEntry (0x00007a39d38b1588) [0x00007a39d38b1680, 0x00007a39d38b47b8] Compiler: c1, Barriers: 9, Oops: 1, ImmediateOops: 2, NonImmediateOops: No
[1,593s][debug][gc,nmethod  ] Register NMethod: java.lang.StringLatin1.getBytes (0x00007a39f2c6d288) [0x00007a39f2c6d380, 0x00007a39f2c6d5f8] Compiler: jvmci, Barriers: 0, Oops: 0, ImmediateOops: 0, NonImmediateOops: No
[1,594s][debug][gc,nmethod  ] Register NMethod: java.lang.invoke.MethodHandles$Lookup.getDirectConstructor (0x00007a39d38b4808) [0x00007a39d38b4900, 0x00007a39d38b4a30] Compiler: c1, Barriers: 0, Oops: 0, ImmediateOops: 0, NonImmediateOops: No
[1,594s][debug][gc,nmethod  ] Register NMethod: java.lang.invoke.MethodHandles$Lookup.getDirectConstructorCommon (0x00007a39d38b4b08) [0x00007a39d38b4c00, 0x00007a39d38b5918] Compiler: c1, Barriers: 2, Oops: 0, ImmediateOops: 0, NonImmediateOops: No
[1,594s][debug][gc,nmethod  ] Register NMethod: jdk.internal.misc.Unsafe.storeFence (0x00007a39d38b5988) [0x00007a39d38b5a80, 0x00007a39d38b5d58] Compiler: c1, Barriers: 0, Oops: 0, ImmediateOops: 0, NonImmediateOops: No
[1,595s][debug][gc,director ] Rule Major: Warmup 10%, Used: 94MB, UsedThreshold: 1228MB
[1,595s][debug][gc,nmethod  ] Register NMethod: java.lang.invoke.MethodHandle.linkToInterface (0x00007a39f2c6d608) [0x00007a39f2c6d700, 0x00007a39f2c6d830] Compiler: , Barriers: 0, Oops: 0, ImmediateOops: 0, NonImmediateOops: No
[1,596s][debug][gc,nmethod  ] Register NMethod: java.util.ArrayList.add (0x00007a39d38b5d88) [0x00007a39d38b5e80, 0x00007a39d38b63f0] Compiler: c1, Barriers: 4, Oops: 0, ImmediateOops: 0, NonImmediateOops: No
[1,596s][debug][gc,nmethod  ] Register NMethod: java.util.Optional.isPresent (0x00007a39d38b6408) [0x00007a39d38b6500, 0x00007a39d38b6680] Compiler: c1, Barriers: 1, Oops: 0, ImmediateOops: 0, NonImmediateOops: No
[1,596s][debug][gc,nmethod  ] Register NMethod: java.lang.AbstractStringBuilder.<init> (0x00007a39d38b6708) [0x00007a39d38b6800, 0x00007a39d38b75a8] Compiler: c1, Barriers: 4, Oops: 0, ImmediateOops: 0, NonImmediateOops: No
[1,596s][debug][gc,nmethod  ] Register NMethod: java.lang.reflect.Modifier.isPrivate (0x00007a39d38b7608) [0x00007a39d38b7700, 0x00007a39d38b7830] Compiler: c1, Barriers: 0, Oops: 0, ImmediateOops: 0, NonImmediateOops: No
[1,596s][debug][gc,nmethod  ] Register NMethod: java.lang.reflect.AnnotatedElement.isAnnotationPresent (0x00007a39d38b7908) [0x00007a39d38b7a00, 0x00007a39d38b7d48] Compiler: c1, Barriers: 0, Oops: 0, ImmediateOops: 0, NonImmediateOops: No
[1,597s][debug][gc,nmethod  ] Register NMethod: java.util.Collections$UnmodifiableCollection.<init> (0x00007a39d38b7d88) [0x00007a39d38b7e80, 0x00007a39d38b8140] Compiler: c1, Barriers: 3, Oops: 0, ImmediateOops: 0, NonImmediateOops: No
[1,597s][debug][gc,nmethod  ] Register NMethod: java.lang.invoke.BoundMethodHandle$Species_L.<init> (0x00007a39d38b8188) [0x00007a39d38b8280, 0x00007a39d38b84c0] Compiler: c1, Barriers: 3, Oops: 0, ImmediateOops: 0, NonImmediateOops: No
[1,598s][debug][gc,nmethod  ] Register NMethod: java.util.LinkedHashMap$LinkedKeyIterator.next (0x00007a39d38b8508) [0x00007a39d38b8600, 0x00007a39d38b8b00] Compiler: c1, Barriers: 1, Oops: 0, ImmediateOops: 0, NonImmediateOops: No
[1,598s][debug][gc,nmethod  ] Register NMethod: java.util.LinkedHashMap$LinkedHashIterator.<init> (0x00007a39d38b8b08) [0x00007a39d38b8c00, 0x00007a39d38b90d8] Compiler: c1, Barriers: 11, Oops: 0, ImmediateOops: 0, NonImmediateOops: No
[1,599s][debug][gc,nmethod  ] Register NMethod: java.util.Collections$EmptyMap.values (0x00007a39d38b9108) [0x00007a39d38b9200, 0x00007a39d38b9360] Compiler: c1, Barriers: 0, Oops: 0, ImmediateOops: 1, NonImmediateOops: No
[1,599s][debug][gc,nmethod  ] Register NMethod: java.util.function.Predicate.lambda$or$0 (0x00007a39d38b9408) [0x00007a39d38b9500, 0x00007a39d38b9a98] Compiler: c1, Barriers: 0, Oops: 0, ImmediateOops: 0, NonImmediateOops: No
[1,599s][debug][gc,nmethod  ] Register NMethod: java.lang.reflect.Modifier.isAbstract (0x00007a39d38b9b08) [0x00007a39d38b9c00, 0x00007a39d38b9d30] Compiler: c1, Barriers: 0, Oops: 0, ImmediateOops: 0, NonImmediateOops: No
[1,599s][debug][gc,nmethod  ] Register NMethod: java.util.Collections$EmptySet.toArray (0x00007a39d38b9e08) [0x00007a39d38b9f00, 0x00007a39d38ba300] Compiler: c1, Barriers: 3, Oops: 0, ImmediateOops: 0, NonImmediateOops: No
[1,599s][debug][gc,nmethod  ] Register NMethod: java.util.function.Predicate$$Lambda/0x00000000ba1211c8.test (0x00007a39d38ba308) [0x00007a39d38ba400, 0x00007a39d38bac78] Compiler: c1, Barriers: 2, Oops: 0, ImmediateOops: 0, NonImmediateOops: No
[1,599s][debug][gc,nmethod  ] Register NMethod: org.junit.jupiter.engine.discovery.predicates.IsTestableMethod.test (0x00007a39d38bac88) [0x00007a39d38bad80, 0x00007a39d38bb280] Compiler: c1, Barriers: 0, Oops: 1, ImmediateOops: 0, NonImmediateOops: No
[1,599s][debug][gc,nmethod  ] Register NMethod: org.junit.platform.commons.util.ReflectionUtils.isStatic (0x00007a39d38bb308) [0x00007a39d38bb400, 0x00007a39d38bb998] Compiler: c1, Barriers: 0, Oops: 2, ImmediateOops: 1, NonImmediateOops: No
[1,599s][debug][gc,nmethod  ] Register NMethod: org.junit.jupiter.engine.discovery.predicates.IsTestableMethod.test (0x00007a39d38bba08) [0x00007a39d38bbb00, 0x00007a39d38bcf68] Compiler: c1, Barriers: 3, Oops: 3, ImmediateOops: 4, NonImmediateOops: No
[1,599s][debug][gc,nmethod  ] Register NMethod: org.junit.jupiter.engine.discovery.predicates.IsTestMethod.test (0x00007a39d38bcf88) [0x00007a39d38bd080, 0x00007a39d38bd1b8] Compiler: c1, Barriers: 0, Oops: 1, ImmediateOops: 0, NonImmediateOops: No
[1,600s][debug][gc,nmethod  ] Register NMethod: java.util.ArrayList$ArrayListSpliterator.tryAdvance (0x00007a39f2c6d908) [0x00007a39f2c6da00, 0x00007a39f2c6ee40] Compiler: jvmci, Barriers: 19, Oops: 1, ImmediateOops: 0, NonImmediateOops: No
[1,600s][debug][gc,nmethod  ] Register NMethod: org.junit.jupiter.engine.discovery.predicates.IsTestFactoryMethod.test (0x00007a39d38bd288) [0x00007a39d38bd380, 0x00007a39d38bd4b8] Compiler: c1, Barriers: 0, Oops: 1, ImmediateOops: 0, NonImmediateOops: No
[1,600s][debug][gc,nmethod  ] Register NMethod: org.junit.jupiter.engine.discovery.predicates.IsTestTemplateMethod.test (0x00007a39d38bd588) [0x00007a39d38bd680, 0x00007a39d38bd7b8] Compiler: c1, Barriers: 0, Oops: 1, ImmediateOops: 0, NonImmediateOops: No
[1,600s][debug][gc,nmethod  ] Register NMethod: java.util.LinkedHashMap.values (0x00007a39d38bd888) [0x00007a39d38bd980, 0x00007a39d38bdc78] Compiler: c1, Barriers: 0, Oops: 0, ImmediateOops: 0, NonImmediateOops: No
[1,600s][debug][gc,nmethod  ] Register NMethod: java.util.LinkedHashMap$LinkedValues.toArray (0x00007a39d38bdc88) [0x00007a39d38bdd80, 0x00007a39d38be2b8] Compiler: c1, Barriers: 1, Oops: 0, ImmediateOops: 0, NonImmediateOops: No
[1,600s][debug][gc,nmethod  ] Register NMethod: org.junit.platform.commons.util.AnnotationUtils.findMetaAnnotation (0x00007a39d38be308) [0x00007a39d38be400, 0x00007a39d38bf5f8] Compiler: c1, Barriers: 3, Oops: 2, ImmediateOops: 2, NonImmediateOops: No
[1,600s][debug][gc,nmethod  ] Register NMethod: java.util.LinkedHashMap$LinkedEntryIterator.next (0x00007a39d38bf688) [0x00007a39d38bf780, 0x00007a39d38bfa78] Compiler: c1, Barriers: 0, Oops: 0, ImmediateOops: 0, NonImmediateOops: No
[1,601s][debug][gc,nmethod  ] Register NMethod: java.util.LinkedHashMap$LinkedEntryIterator.next (0x00007a39d38bfa88) [0x00007a39d38bfb80, 0x00007a39d38c0090] Compiler: c1, Barriers: 0, Oops: 0, ImmediateOops: 0, NonImmediateOops: No
[1,601s][debug][gc,nmethod  ] Register NMethod: jdk.proxy3.$Proxy10.annotationType (0x00007a39d38c0108) [0x00007a39d38c0200, 0x00007a39d38c0868] Compiler: c1, Barriers: 1, Oops: 1, ImmediateOops: 1, NonImmediateOops: No
[1,601s][debug][gc,nmethod  ] Register NMethod: java.util.Collections.unmodifiableList (0x00007a39d38c0888) [0x00007a39d38c0980, 0x00007a39d38c1858] Compiler: c1, Barriers: 12, Oops: 0, ImmediateOops: 2, NonImmediateOops: No
[1,601s][debug][gc,nmethod  ] Register NMethod: java.lang.Class.isAnnotationPresent (0x00007a39d38c1888) [0x00007a39d38c1980, 0x00007a39d38c2178] Compiler: c1, Barriers: 1, Oops: 0, ImmediateOops: 0, NonImmediateOops: No
[1,601s][debug][gc,nmethod  ] Register NMethod: java.lang.reflect.AccessibleObject.getDeclaredAnnotation (0x00007a39d38c2188) [0x00007a39d38c2280, 0x00007a39d38c2580] Compiler: c1, Barriers: 0, Oops: 0, ImmediateOops: 0, NonImmediateOops: No
[1,601s][debug][gc,nmethod  ] Register NMethod: java.util.stream.FindOps$FindOp.getOpFlags (0x00007a39f2c6ee88) [0x00007a39f2c6ef80, 0x00007a39f2c6f040] Compiler: c1, Barriers: 0, Oops: 0, ImmediateOops: 0, NonImmediateOops: No
[1,601s][debug][gc,nmethod  ] Register NMethod: org.junit.platform.commons.util.AnnotationUtils.findAnnotation (0x00007a39d38c2588) [0x00007a39d38c2680, 0x00007a39d38c35b8] Compiler: c1, Barriers: 4, Oops: 3, ImmediateOops: 2, NonImmediateOops: No
[1,601s][debug][gc,nmethod  ] Register NMethod: java.util.LinkedHashMap.entrySet (0x00007a39d38c3608) [0x00007a39d38c3700, 0x00007a39d38c39f8] Compiler: c1, Barriers: 0, Oops: 0, ImmediateOops: 0, NonImmediateOops: No
[1,601s][debug][gc,nmethod  ] Register NMethod: java.lang.Class.hasEnclosingMethodInfo (0x00007a39d38c3a08) [0x00007a39d38c3b00, 0x00007a39d38c3cc0] Compiler: c1, Barriers: 0, Oops: 0, ImmediateOops: 0, NonImmediateOops: No
[1,601s][debug][gc,nmethod  ] Register NMethod: java.lang.Class.isLocalOrAnonymousClass (0x00007a39d38c3d08) [0x00007a39d38c3e00, 0x00007a39d38c4000] Compiler: c1, Barriers: 0, Oops: 0, ImmediateOops: 0, NonImmediateOops: No
[1,601s][debug][gc,nmethod  ] Register NMethod: org.junit.platform.commons.util.AnnotationUtils.findAnnotation (0x00007a39d38c4008) [0x00007a39d38c4100, 0x00007a39d38c62b8] Compiler: c1, Barriers: 7, Oops: 2, ImmediateOops: 4, NonImmediateOops: No
[1,602s][debug][gc,nmethod  ] Register NMethod: java.util.LinkedHashMap$LinkedEntrySet.iterator (0x00007a39d38c6308) [0x00007a39d38c6400, 0x00007a39d38c6790] Compiler: c1, Barriers: 1, Oops: 0, ImmediateOops: 0, NonImmediateOops: No
[1,602s][debug][gc,nmethod  ] Register NMethod: java.util.Optional.of (0x00007a39d38c6808) [0x00007a39d38c6900, 0x00007a39d38c6ca8] Compiler: c1, Barriers: 3, Oops: 0, ImmediateOops: 0, NonImmediateOops: No
[1,602s][debug][gc,nmethod  ] Register NMethod: java.util.LinkedHashMap.sequencedEntrySet (0x00007a39d38c6d08) [0x00007a39d38c6e00, 0x00007a39d38c74d8] Compiler: c1, Barriers: 7, Oops: 0, ImmediateOops: 0, NonImmediateOops: No
[1,602s][debug][gc,nmethod  ] Register NMethod: java.util.LinkedHashMap$LinkedEntryIterator.<init> (0x00007a39d38c7508) [0x00007a39d38c7600, 0x00007a39d38c7888] Compiler: c1, Barriers: 0, Oops: 0, ImmediateOops: 0, NonImmediateOops: No
[1,602s][debug][gc,nmethod  ] Register NMethod: jdk.proxy2.$Proxy1.annotationType (0x00007a39d38c7908) [0x00007a39d38c7a00, 0x00007a39d38c8068] Compiler: c1, Barriers: 1, Oops: 0, ImmediateOops: 1, NonImmediateOops: No
[1,602s][debug][gc,nmethod  ] Register NMethod: jdk.proxy2.$Proxy14.annotationType (0x00007a39d38c8088) [0x00007a39d38c8180, 0x00007a39d38c87e8] Compiler: c1, Barriers: 1, Oops: 0, ImmediateOops: 1, NonImmediateOops: No
[1,602s][debug][gc,nmethod  ] Register NMethod: org.junit.platform.engine.UniqueId$Segment.hashCode (0x00007a39d38c8808) [0x00007a39d38c8900, 0x00007a39d38c9140] Compiler: c1, Barriers: 8, Oops: 1, ImmediateOops: 0, NonImmediateOops: No
[1,602s][debug][gc,nmethod  ] Register NMethod: java.util.stream.Collectors.toList (0x00007a39d38c9188) [0x00007a39d38c9280, 0x00007a39d38c9648] Compiler: c1, Barriers: 0, Oops: 5, ImmediateOops: 4, NonImmediateOops: No
[1,602s][debug][gc,nmethod  ] Register NMethod: java.util.stream.Collectors$$Lambda/0x00000000ba10fcd8.get (0x00007a39d38c9688) [0x00007a39d38c9780, 0x00007a39d38c9ac8] Compiler: c1, Barriers: 3, Oops: 0, ImmediateOops: 1, NonImmediateOops: No
[1,602s][debug][gc,nmethod  ] Register NMethod: java.util.stream.Collectors.toCollection (0x00007a39d38c9b08) [0x00007a39d38c9c00, 0x00007a39d38c9f08] Compiler: c1, Barriers: 0, Oops: 3, ImmediateOops: 3, NonImmediateOops: No
[1,602s][debug][gc,nmethod  ] Register NMethod: sun.reflect.annotation.AnnotationInvocationHandler.hashCodeImpl (0x00007a39d38c9f88) [0x00007a39d38ca080, 0x00007a39d38cb500] Compiler: c1, Barriers: 1, Oops: 0, ImmediateOops: 0, NonImmediateOops: No
[1,603s][debug][gc,nmethod  ] Register NMethod: java.lang.Class.getAnnotations (0x00007a39d38cb508) [0x00007a39d38cb600, 0x00007a39d38cbdf8] Compiler: c1, Barriers: 1, Oops: 0, ImmediateOops: 1, NonImmediateOops: No
[1,603s][debug][gc,nmethod  ] Register NMethod: java.lang.String.startsWith (0x00007a39d38cbe08) [0x00007a39d38cbf00, 0x00007a39d38cd120] Compiler: c1, Barriers: 2, Oops: 0, ImmediateOops: 0, NonImmediateOops: No
[1,603s][debug][gc,nmethod  ] Register NMethod: jdk.internal.constant.ConstantUtils.internalNameToDesc (0x00007a39d38cd188) [0x00007a39d38cd280, 0x00007a39d38cf698] Compiler: c1, Barriers: 4, Oops: 2, ImmediateOops: 12, NonImmediateOops: No
[1,604s][debug][gc,nmethod  ] Register NMethod: java.util.TimSort.countRunAndMakeAscending (0x00007a39d38cf708) [0x00007a39d38cf800, 0x00007a39d38d03b8] Compiler: c1, Barriers: 6, Oops: 0, ImmediateOops: 0, NonImmediateOops: No
[1,604s][debug][gc,alloc    ] Mutator Allocation Rate: 184,7MB/s Predicted: 184,7MB/s, Avg: 184,7(+/-0,0)MB/s
[1,604s][debug][gc,director ] Rule Major: Warmup 10%, Used: 100MB, UsedThreshold: 1228MB
[1,605s][debug][gc,nmethod  ] Register NMethod: java.lang.Module.isExported (0x00007a39d38d0408) [0x00007a39d38d0500, 0x00007a39d38d08c8] Compiler: c1, Barriers: 0, Oops: 0, ImmediateOops: 0, NonImmediateOops: No
[1,605s][debug][gc,nmethod  ] Register NMethod: java.lang.classfile.attribute.StackMapFrameInfo.of (0x00007a39d38d0908) [0x00007a39d38d0a00, 0x00007a39d38d0b98] Compiler: c1, Barriers: 0, Oops: 0, ImmediateOops: 0, NonImmediateOops: No
[1,605s][debug][gc,nmethod  ] Register NMethod: jdk.internal.classfile.impl.DirectCodeBuilder.athrow (0x00007a39d38d0c08) [0x00007a39d38d0d00, 0x00007a39d38d1048] Compiler: c1, Barriers: 1, Oops: 0, ImmediateOops: 0, NonImmediateOops: No
[1,605s][debug][gc,nmethod  ] Register NMethod: java.lang.classfile.CodeBuilder.newBoundLabel (0x00007a39d38d1088) [0x00007a39d38d1180, 0x00007a39d38d1bd8] Compiler: c1, Barriers: 4, Oops: 0, ImmediateOops: 0, NonImmediateOops: No
[1,606s][debug][gc,nmethod  ] Register NMethod: jdk.internal.classfile.impl.StackMapDecoder$StackMapFrameImpl.<init> (0x00007a39d38d1c08) [0x00007a39d38d1d00, 0x00007a39d38d22a0] Compiler: c1, Barriers: 9, Oops: 0, ImmediateOops: 0, NonImmediateOops: No
[1,606s][debug][gc,nmethod  ] Register NMethod: java.util.HashMap.calculateHashMapCapacity (0x00007a39d38d2308) [0x00007a39d38d2420, 0x00007a39d38d25b8] Compiler: c1, Barriers: 0, Oops: 0, ImmediateOops: 0, NonImmediateOops: No
[1,606s][debug][gc,nmethod  ] Register NMethod: java.util.stream.MatchOps$1MatchSink.accept (0x00007a39f2c6f188) [0x00007a39f2c6f280, 0x00007a39f2c701f8] Compiler: jvmci, Barriers: 13, Oops: 1, ImmediateOops: 0, NonImmediateOops: No
[1,606s][debug][gc,nmethod  ] Register NMethod: jdk.internal.classfile.impl.StackMapDecoder.writeTypeInfo (0x00007a39d38d2608) [0x00007a39d38d2700, 0x00007a39d38d6818] Compiler: c1, Barriers: 3, Oops: 2, ImmediateOops: 5, NonImmediateOops: No
[1,607s][debug][gc,nmethod  ] Register NMethod: java.lang.Class.getDeclaredAnnotations (0x00007a39d38d6888) [0x00007a39d38d6980, 0x00007a39d38d7178] Compiler: c1, Barriers: 1, Oops: 0, ImmediateOops: 1, NonImmediateOops: No
[1,607s][debug][gc,nmethod  ] Register NMethod: sun.reflect.annotation.AnnotationInvocationHandler.memberValueHashCode (0x00007a39d38d7188) [0x00007a39d38d7280, 0x00007a39d38d9480] Compiler: c1, Barriers: 2, Oops: 0, ImmediateOops: 8, NonImmediateOops: No
[1,607s][debug][gc,nmethod  ] Register NMethod: jdk.internal.classfile.impl.StackMapDecoder.writeFrame (0x00007a39d38d9488) [0x00007a39d38d9580, 0x00007a39d38de108] Compiler: c1, Barriers: 15, Oops: 0, ImmediateOops: 1, NonImmediateOops: No
[1,607s][debug][gc,nmethod  ] Register NMethod: org.junit.platform.commons.util.ReflectionUtils.isSearchable (0x00007a39d38de188) [0x00007a39d38de280, 0x00007a39d38de3e8] Compiler: c1, Barriers: 0, Oops: 1, ImmediateOops: 1, NonImmediateOops: No
[1,607s][debug][gc,nmethod  ] Register NMethod: java.util.HashMap.afterNodeAccess (0x00007a39d38de488) [0x00007a39d38de580, 0x00007a39d38de680] Compiler: c1, Barriers: 0, Oops: 0, ImmediateOops: 0, NonImmediateOops: No
[1,607s][debug][gc,nmethod  ] Register NMethod: org.junit.platform.engine.SelectorResolutionResult.getStatus (0x00007a39f2c70208) [0x00007a39f2c70300, 0x00007a39f2c703e8] Compiler: c1, Barriers: 1, Oops: 1, ImmediateOops: 0, NonImmediateOops: No
[1,607s][debug][gc,nmethod  ] Register NMethod: java.lang.Long.hashCode (0x00007a39d38de788) [0x00007a39d38de880, 0x00007a39d38de9b8] Compiler: c1, Barriers: 0, Oops: 0, ImmediateOops: 0, NonImmediateOops: No
[1,607s][debug][gc,nmethod  ] Register NMethod: java.lang.Class.getDeclaredAnnotation (0x00007a39d38dea88) [0x00007a39d38deb80, 0x00007a39d38df268] Compiler: c1, Barriers: 1, Oops: 0, ImmediateOops: 0, NonImmediateOops: No
[1,607s][debug][gc,nmethod  ] Register NMethod: jdk.proxy3.$Proxy10.hashCode (0x00007a39d38df288) [0x00007a39d38df380, 0x00007a39d38dfbc8] Compiler: c1, Barriers: 1, Oops: 1, ImmediateOops: 1, NonImmediateOops: No
[1,608s][debug][gc,nmethod  ] Register NMethod: jdk.internal.classfile.impl.AbstractPoolEntry$Utf8EntryImpl.writeTo (0x00007a39f2c70508) [0x00007a39f2c70620, 0x00007a39f2c71190] Compiler: jvmci, Barriers: 7, Oops: 0, ImmediateOops: 0, NonImmediateOops: No
[1,608s][debug][gc,nmethod  ] Register NMethod: java.util.StringJoiner.<init> (0x00007a39f2c71208) [0x00007a39f2c71300, 0x00007a39f2c71690] Compiler: jvmci, Barriers: 11, Oops: 0, ImmediateOops: 0, NonImmediateOops: No
[1,608s][debug][gc,nmethod  ] Register NMethod: java.util.stream.SortedOps$SizedRefSortingSink.end (0x00007a39d38dfc08) [0x00007a39d38dfd00, 0x00007a39d38e0d68] Compiler: c1, Barriers: 14, Oops: 0, ImmediateOops: 0, NonImmediateOops: No
[1,609s][debug][gc,nmethod  ] Register NMethod: java.lang.invoke.MethodHandle.linkToSpecial (0x00007a39f2c71708) [0x00007a39f2c71800, 0x00007a39f2c718f8] Compiler: , Barriers: 0, Oops: 0, ImmediateOops: 0, NonImmediateOops: No
[1,611s][debug][gc,nmethod  ] Register NMethod: org.junit.platform.commons.util.ReflectionUtils.hasCompatibleSignature (0x00007a39f2c71a08) [0x00007a39f2c71b00, 0x00007a39f2c727d8] Compiler: jvmci, Barriers: 8, Oops: 1, ImmediateOops: 0, NonImmediateOops: No
[1,613s][debug][gc,nmethod  ] Register NMethod: java.lang.invoke.MethodHandle.linkToInterface (0x00007a39f2c72808) [0x00007a39f2c72900, 0x00007a39f2c72a30] Compiler: , Barriers: 0, Oops: 0, ImmediateOops: 0, NonImmediateOops: No
[1,614s][debug][gc,nmethod  ] Register NMethod: jdk.internal.loader.BuiltinClassLoader.isSealed (0x00007a39d38e0d88) [0x00007a39d38e0e80, 0x00007a39d38e4930] Compiler: c1, Barriers: 10, Oops: 3, ImmediateOops: 15, NonImmediateOops: No
[1,614s][debug][gc,nmethod  ] Register NMethod: org.junit.platform.commons.util.ReflectionUtils$$Lambda/0x00000000ba18a488.test (0x00007a39f2c72b08) [0x00007a39f2c72c00, 0x00007a39f2c739c0] Compiler: jvmci, Barriers: 11, Oops: 1, ImmediateOops: 0, NonImmediateOops: No
[1,614s][debug][gc,director ] Rule Major: Warmup 10%, Used: 100MB, UsedThreshold: 1228MB
[1,615s][debug][gc,nmethod  ] Register NMethod: java.lang.classfile.CodeBuilder.getfield (0x00007a39d38e4988) [0x00007a39d38e4a80, 0x00007a39d38e5460] Compiler: c1, Barriers: 1, Oops: 1, ImmediateOops: 1, NonImmediateOops: No
[1,615s][debug][gc,nmethod  ] Register NMethod: java.lang.classfile.ClassBuilder.withField (0x00007a39d38e5488) [0x00007a39d38e5580, 0x00007a39d38e62c0] Compiler: c1, Barriers: 6, Oops: 0, ImmediateOops: 0, NonImmediateOops: No
[1,616s][debug][gc,nmethod  ] Register NMethod: java.lang.invoke.TypeConvertingMethodAdapter.classDesc (0x00007a39d38e6308) [0x00007a39d38e6400, 0x00007a39d38e75a8] Compiler: c1, Barriers: 3, Oops: 1, ImmediateOops: 6, NonImmediateOops: No
[1,616s][debug][gc,nmethod  ] Register NMethod: org.junit.platform.commons.util.AnnotationUtils.isInJavaLangAnnotationPackage (0x00007a39d38e7608) [0x00007a39d38e7700, 0x00007a39d38e7f48] Compiler: c1, Barriers: 1, Oops: 2, ImmediateOops: 1, NonImmediateOops: No
[1,616s][debug][gc,nmethod  ] Register NMethod: java.util.stream.ReferencePipeline$2$1.accept (0x00007a39f2c73a08) [0x00007a39f2c73b00, 0x00007a39f2c74818] Compiler: jvmci, Barriers: 27, Oops: 1, ImmediateOops: 0, NonImmediateOops: No
[1,616s][debug][gc,nmethod  ] Register NMethod: org.junit.platform.engine.UniqueId.hashCode (0x00007a39d38e7f88) [0x00007a39d38e8080, 0x00007a39d38e8430] Compiler: c1, Barriers: 1, Oops: 1, ImmediateOops: 0, NonImmediateOops: No
[1,617s][debug][gc,nmethod  ] Register NMethod: org.junit.platform.engine.discovery.MethodSelector.hashCode (0x00007a39d38e8488) [0x00007a39d38e8580, 0x00007a39d38e9098] Compiler: c1, Barriers: 12, Oops: 1, ImmediateOops: 0, NonImmediateOops: No
[1,617s][debug][gc,nmethod  ] Register NMethod: jdk.proxy2.$Proxy15.annotationType (0x00007a39d38e9108) [0x00007a39d38e9200, 0x00007a39d38e9868] Compiler: c1, Barriers: 1, Oops: 0, ImmediateOops: 1, NonImmediateOops: No
[1,617s][debug][gc,nmethod  ] Register NMethod: java.util.ArrayDeque.isEmpty (0x00007a39d38e9888) [0x00007a39d38e9980, 0x00007a39d38e9ad0] Compiler: c1, Barriers: 0, Oops: 0, ImmediateOops: 0, NonImmediateOops: No
[1,617s][debug][gc,nmethod  ] Register NMethod: java.util.HashMap.<init> (0x00007a39d38e9b88) [0x00007a39d38e9ca0, 0x00007a39d38e9dd8] Compiler: c1, Barriers: 0, Oops: 0, ImmediateOops: 0, NonImmediateOops: No
[1,618s][debug][gc,nmethod  ] Register NMethod: java.util.LinkedHashMap.<init> (0x00007a39d38e9e88) [0x00007a39d38e9f80, 0x00007a39d38ea0d0] Compiler: c1, Barriers: 0, Oops: 0, ImmediateOops: 0, NonImmediateOops: No
[1,618s][debug][gc,nmethod  ] Register NMethod: jdk.internal.util.ArraysSupport.mismatch (0x00007a39f2c74888) [0x00007a39f2c74980, 0x00007a39f2c74c18] Compiler: jvmci, Barriers: 0, Oops: 0, ImmediateOops: 0, NonImmediateOops: No
[1,618s][debug][gc,nmethod  ] Register NMethod: java.lang.Class.privateGetPublicMethods (0x00007a39d38ea188) [0x00007a39d38ea280, 0x00007a39d38eba10] Compiler: c1, Barriers: 11, Oops: 0, ImmediateOops: 0, NonImmediateOops: No
[1,618s][debug][gc,nmethod  ] Register NMethod: java.util.HashSet.<init> (0x00007a39d38eba88) [0x00007a39d38ebb80, 0x00007a39d38ebf28] Compiler: c1, Barriers: 3, Oops: 0, ImmediateOops: 0, NonImmediateOops: No
[1,618s][debug][gc,nmethod  ] Register NMethod: java.util.TimSort.gallopRight (0x00007a39d38ebf88) [0x00007a39d38ec080, 0x00007a39d38ed098] Compiler: c1, Barriers: 4, Oops: 0, ImmediateOops: 0, NonImmediateOops: No
[1,619s][debug][gc,nmethod  ] Register NMethod: java.util.TimSort.gallopLeft (0x00007a39d38ed108) [0x00007a39d38ed200, 0x00007a39d38ee1e8] Compiler: c1, Barriers: 4, Oops: 0, ImmediateOops: 0, NonImmediateOops: No
[1,619s][debug][gc,nmethod  ] Register NMethod: java.lang.Class.isMemberClass (0x00007a39d38ee208) [0x00007a39d38ee300, 0x00007a39d38ee620] Compiler: c1, Barriers: 0, Oops: 0, ImmediateOops: 0, NonImmediateOops: No
[1,619s][debug][gc,nmethod  ] Register NMethod: jdk.proxy3.$Proxy6.annotationType (0x00007a39d38ee688) [0x00007a39d38ee780, 0x00007a39d38eede8] Compiler: c1, Barriers: 1, Oops: 1, ImmediateOops: 1, NonImmediateOops: No
[1,619s][debug][gc,nmethod  ] Register NMethod: java.util.Optional.isEmpty (0x00007a39d38eee08) [0x00007a39d38eef00, 0x00007a39d38ef080] Compiler: c1, Barriers: 1, Oops: 0, ImmediateOops: 0, NonImmediateOops: No
[1,620s][debug][gc,nmethod  ] Register NMethod: org.junit.platform.engine.support.descriptor.AbstractTestDescriptor.setParent (0x00007a39f2c74c88) [0x00007a39f2c74d80, 0x00007a39f2c74eb0] Compiler: c1, Barriers: 3, Oops: 1, ImmediateOops: 0, NonImmediateOops: No
[1,620s][debug][gc,nmethod  ] Register NMethod: org.junit.platform.commons.util.ClassUtils.nullSafeToString (0x00007a39d38ef108) [0x00007a39d38ef200, 0x00007a39d38efe90] Compiler: c1, Barriers: 0, Oops: 3, ImmediateOops: 4, NonImmediateOops: No
[1,620s][debug][gc,nmethod  ] Register NMethod: org.junit.platform.engine.support.discovery.EngineDiscoveryRequestResolution$$Lambda/0x00000000ba1763b8.test (0x00007a39d38eff08) [0x00007a39d38f0000, 0x00007a39d38f03d8] Compiler: c1, Barriers: 0, Oops: 1, ImmediateOops: 1, NonImmediateOops: No
[1,620s][debug][gc,nmethod  ] Register NMethod: org.junit.platform.engine.support.discovery.EngineDiscoveryRequestResolution$$Lambda/0x00000000ba176168.apply (0x00007a39d38f0408) [0x00007a39d38f0500, 0x00007a39d38f08d0] Compiler: c1, Barriers: 2, Oops: 1, ImmediateOops: 0, NonImmediateOops: No
[1,620s][debug][gc,nmethod  ] Register NMethod: org.junit.platform.engine.support.discovery.EngineDiscoveryRequestResolution.getContext (0x00007a39d38f0908) [0x00007a39d38f0a00, 0x00007a39d38f0f90] Compiler: c1, Barriers: 2, Oops: 1, ImmediateOops: 0, NonImmediateOops: No
[1,620s][debug][gc,nmethod  ] Register NMethod: org.junit.platform.engine.support.discovery.SelectorResolver$Resolution.getMatches (0x00007a39f2c74f88) [0x00007a39f2c75080, 0x00007a39f2c75168] Compiler: c1, Barriers: 1, Oops: 1, ImmediateOops: 0, NonImmediateOops: No
[1,620s][debug][gc,nmethod  ] Register NMethod: org.junit.platform.engine.support.discovery.SelectorResolver$Resolution.isResolved (0x00007a39d38f1008) [0x00007a39d38f1100, 0x00007a39d38f1258] Compiler: c1, Barriers: 0, Oops: 1, ImmediateOops: 1, NonImmediateOops: No
[1,620s][debug][gc,nmethod  ] Register NMethod: org.junit.platform.engine.support.discovery.EngineDiscoveryRequestResolution.lambda$resolve$2 (0x00007a39d38f1308) [0x00007a39d38f1400, 0x00007a39d38f6478] Compiler: c1, Barriers: 2, Oops: 1, ImmediateOops: 0, NonImmediateOops: No
[1,620s][debug][gc,nmethod  ] Register NMethod: java.util.Optional.map (0x00007a39d38f6488) [0x00007a39d38f6580, 0x00007a39d38f6f68] Compiler: c1, Barriers: 4, Oops: 0, ImmediateOops: 2, NonImmediateOops: No
[1,621s][debug][gc,nmethod  ] Register NMethod: java.util.Optional.get (0x00007a39d38f6f88) [0x00007a39d38f7080, 0x00007a39d38f72c0] Compiler: c1, Barriers: 1, Oops: 0, ImmediateOops: 1, NonImmediateOops: No
[1,621s][debug][gc,nmethod  ] Register NMethod: java.lang.Character.isUpperCase (0x00007a39d38f7308) [0x00007a39d38f7400, 0x00007a39d38f7788] Compiler: c1, Barriers: 0, Oops: 0, ImmediateOops: 0, NonImmediateOops: No
[1,621s][debug][gc,nmethod  ] Register NMethod: java.lang.Character.isUpperCase (0x00007a39d38f7808) [0x00007a39d38f7900, 0x00007a39d38f7c30] Compiler: c1, Barriers: 0, Oops: 0, ImmediateOops: 0, NonImmediateOops: No
[1,621s][debug][gc,nmethod  ] Register NMethod: java.util.Formatter$Conversion.isText (0x00007a39d38f7c88) [0x00007a39d38f7d80, 0x00007a39d38f7ed8] Compiler: c1, Barriers: 0, Oops: 0, ImmediateOops: 0, NonImmediateOops: No
[1,621s][debug][gc,nmethod  ] Register NMethod: java.util.Formatter$Conversion.isValid (0x00007a39d38f7f88) [0x00007a39d38f8080, 0x00007a39d38f85a8] Compiler: c1, Barriers: 0, Oops: 0, ImmediateOops: 0, NonImmediateOops: No
[1,621s][debug][gc,nmethod  ] Register NMethod: java.util.Formatter$FormatSpecifier.<init> (0x00007a39d38f8608) [0x00007a39d38f8700, 0x00007a39d38f8fc8] Compiler: c1, Barriers: 0, Oops: 0, ImmediateOops: 0, NonImmediateOops: No
[1,621s][debug][gc,nmethod  ] Register NMethod: org.junit.platform.commons.util.ReflectionUtils.defaultMethodSorter (0x00007a39f2c75288) [0x00007a39f2c75380, 0x00007a39f2c75c98] Compiler: jvmci, Barriers: 12, Oops: 1, ImmediateOops: 0, NonImmediateOops: No
[1,621s][debug][gc,nmethod  ] Register NMethod: java.util.Formatter$FormatSpecifier.print (0x00007a39d38f9008) [0x00007a39d38f9100, 0x00007a39d38f9a10] Compiler: c1, Barriers: 2, Oops: 0, ImmediateOops: 2, NonImmediateOops: No
[1,622s][debug][gc,nmethod  ] Register NMethod: java.util.TimSort.mergeHi (0x00007a39d38f9a88) [0x00007a39d38f9b80, 0x00007a39d38fca50] Compiler: c1, Barriers: 34, Oops: 0, ImmediateOops: 1, NonImmediateOops: No
[1,622s][debug][gc,nmethod  ] Register NMethod: java.util.Formatter$FormatSpecifier.print (0x00007a39d38fca88) [0x00007a39d38fcb80, 0x00007a39d38fdf58] Compiler: c1, Barriers: 4, Oops: 1, ImmediateOops: 2, NonImmediateOops: No
[1,622s][debug][gc,nmethod  ] Register NMethod: java.util.Formatter$FormatSpecifier.printString (0x00007a39d38fdf88) [0x00007a39d38fe080, 0x00007a39d38ff798] Compiler: c1, Barriers: 8, Oops: 0, ImmediateOops: 1, NonImmediateOops: No
[1,622s][debug][gc,nmethod  ] Register NMethod: jdk.proxy2.$Proxy17.annotationType (0x00007a39d38ff808) [0x00007a39d38ff900, 0x00007a39d38fff68] Compiler: c1, Barriers: 1, Oops: 0, ImmediateOops: 1, NonImmediateOops: No
[1,622s][debug][gc,nmethod  ] Register NMethod: jdk.proxy3.$Proxy18.hashCode (0x00007a39d38fff88) [0x00007a39d3900080, 0x00007a39d39008c8] Compiler: c1, Barriers: 1, Oops: 1, ImmediateOops: 1, NonImmediateOops: No
[1,623s][debug][gc,nmethod  ] Register NMethod: jdk.proxy3.$Proxy18.annotationType (0x00007a39d3900908) [0x00007a39d3900a00, 0x00007a39d3901068] Compiler: c1, Barriers: 1, Oops: 1, ImmediateOops: 1, NonImmediateOops: No
[1,623s][debug][gc,nmethod  ] Register NMethod: org.junit.platform.commons.util.ReflectionUtils$$Lambda/0x00000000ba17d518.compare (0x00007a39f2c75d08) [0x00007a39f2c75e00, 0x00007a39f2c767e0] Compiler: jvmci, Barriers: 12, Oops: 1, ImmediateOops: 0, NonImmediateOops: No
[1,623s][debug][gc,nmethod  ] Register NMethod: java.util.Formatter$FormatSpecifier.appendJustified (0x00007a39d3901088) [0x00007a39d3901180, 0x00007a39d3901ee8] Compiler: c1, Barriers: 0, Oops: 0, ImmediateOops: 0, NonImmediateOops: No
[1,623s][debug][gc,nmethod  ] Register NMethod: jdk.proxy3.$Proxy18.equals (0x00007a39d3901f08) [0x00007a39d3902000, 0x00007a39d3902b70] Compiler: c1, Barriers: 4, Oops: 2, ImmediateOops: 1, NonImmediateOops: No
[1,623s][debug][gc,nmethod  ] Register NMethod: jdk.proxy3.$Proxy6.hashCode (0x00007a39d3902b88) [0x00007a39d3902c80, 0x00007a39d39034c8] Compiler: c1, Barriers: 1, Oops: 1, ImmediateOops: 1, NonImmediateOops: No
[1,623s][debug][gc,nmethod  ] Register NMethod: java.lang.StringBuilder.append (0x00007a39d3903508) [0x00007a39d3903600, 0x00007a39d3903960] Compiler: c1, Barriers: 0, Oops: 0, ImmediateOops: 0, NonImmediateOops: No
[1,623s][debug][gc,nmethod  ] Register NMethod: java.lang.StringBuilder.append (0x00007a39d3903988) [0x00007a39d3903a80, 0x00007a39d3903bc8] Compiler: c1, Barriers: 0, Oops: 0, ImmediateOops: 0, NonImmediateOops: No
[1,624s][debug][gc,nmethod  ] Register NMethod: java.util.Formatter$FixedString.<init> (0x00007a39d3903c88) [0x00007a39d3903d80, 0x00007a39d3903fb8] Compiler: c1, Barriers: 3, Oops: 0, ImmediateOops: 0, NonImmediateOops: No
[1,624s][debug][gc,nmethod  ] Register NMethod: java.util.Formatter$FixedString.print (0x00007a39d3904008) [0x00007a39d3904100, 0x00007a39d3904480] Compiler: c1, Barriers: 2, Oops: 0, ImmediateOops: 0, NonImmediateOops: No
[1,624s][debug][gc,nmethod  ] Register NMethod: java.lang.StringBuilder.append (0x00007a39d3904488) [0x00007a39d3904580, 0x00007a39d39048e0] Compiler: c1, Barriers: 0, Oops: 0, ImmediateOops: 0, NonImmediateOops: No
[1,624s][debug][gc,nmethod  ] Register NMethod: java.lang.AbstractStringBuilder.append (0x00007a39d3904908) [0x00007a39d3904a00, 0x00007a39d3905c58] Compiler: c1, Barriers: 0, Oops: 0, ImmediateOops: 0, NonImmediateOops: No
[1,624s][debug][gc,nmethod  ] Register NMethod: java.lang.StringBuilder.append (0x00007a39d3905c88) [0x00007a39d3905d80, 0x00007a39d3905ec8] Compiler: c1, Barriers: 0, Oops: 0, ImmediateOops: 0, NonImmediateOops: No
[1,624s][debug][gc,nmethod  ] Register NMethod: java.util.Formatter.ensureOpen (0x00007a39d3905f88) [0x00007a39d3906080, 0x00007a39d3906260] Compiler: c1, Barriers: 1, Oops: 0, ImmediateOops: 0, NonImmediateOops: No
[1,624s][debug][gc,nmethod  ] Register NMethod: org.junit.platform.commons.util.ClassUtils.nullSafeToString (0x00007a39d3906288) [0x00007a39d3906380, 0x00007a39d3906558] Compiler: c1, Barriers: 0, Oops: 2, ImmediateOops: 1, NonImmediateOops: No
[1,624s][debug][gc,nmethod  ] Register NMethod: java.lang.AbstractStringBuilder.append (0x00007a39d3906588) [0x00007a39d3906680, 0x00007a39d3907190] Compiler: c1, Barriers: 4, Oops: 1, ImmediateOops: 2, NonImmediateOops: No
[1,624s][debug][gc,nmethod  ] Register NMethod: org.junit.platform.engine.support.discovery.SelectorResolver$Resolution.unresolved (0x00007a39d3907208) [0x00007a39d3907300, 0x00007a39d39073e8] Compiler: c1, Barriers: 0, Oops: 1, ImmediateOops: 1, NonImmediateOops: No
[1,624s][debug][gc,nmethod  ] Register NMethod: java.util.stream.FindOps.makeRef (0x00007a39d3907508) [0x00007a39d3907600, 0x00007a39d3907758] Compiler: c1, Barriers: 0, Oops: 0, ImmediateOops: 2, NonImmediateOops: No
[1,624s][debug][gc,nmethod  ] Register NMethod: java.util.TimSort.mergeCollapse (0x00007a39d3907808) [0x00007a39d3907900, 0x00007a39d3907e70] Compiler: c1, Barriers: 4, Oops: 0, ImmediateOops: 0, NonImmediateOops: No
[1,624s][debug][gc,director ] Rule Major: Warmup 10%, Used: 102MB, UsedThreshold: 1228MB
[1,625s][debug][gc,nmethod  ] Register NMethod: org.junit.platform.commons.util.ReflectionUtils.isStatic (0x00007a39d3907e88) [0x00007a39d3907f80, 0x00007a39d39084f0] Compiler: c1, Barriers: 0, Oops: 2, ImmediateOops: 1, NonImmediateOops: No
[1,625s][debug][gc,nmethod  ] Register NMethod: java.lang.AbstractStringBuilder.appendChars (0x00007a39d3908508) [0x00007a39d3908600, 0x00007a39d390a0d8] Compiler: c1, Barriers: 5, Oops: 1, ImmediateOops: 2, NonImmediateOops: No
[1,625s][debug][gc,nmethod  ] Register NMethod: org.junit.platform.commons.util.ReflectionUtils.isInnerClass (0x00007a39d390a108) [0x00007a39d390a200, 0x00007a39d390ae80] Compiler: c1, Barriers: 0, Oops: 2, ImmediateOops: 2, NonImmediateOops: No
[1,625s][debug][gc,nmethod  ] Register NMethod: org.junit.platform.commons.util.AnnotationUtils.findRepeatableAnnotations (0x00007a39d390af08) [0x00007a39d390b000, 0x00007a39d3911e78] Compiler: c1, Barriers: 21, Oops: 8, ImmediateOops: 21, NonImmediateOops: No
[1,625s][debug][gc,nmethod  ] Register NMethod: sun.reflect.annotation.AnnotationInvocationHandler.equalsImpl (0x00007a39d3911f08) [0x00007a39d3912000, 0x00007a39d3916a28] Compiler: c1, Barriers: 21, Oops: 2, ImmediateOops: 13, NonImmediateOops: No
[1,627s][debug][gc,nmethod  ] Register NMethod: java.lang.reflect.Method.copy (0x00007a39f2c76808) [0x00007a39f2c76900, 0x00007a39f2c76df0] Compiler: jvmci, Barriers: 36, Oops: 1, ImmediateOops: 0, NonImmediateOops: No
[1,627s][debug][gc,nmethod  ] Register NMethod: org.junit.platform.launcher.core.DefaultDiscoveryRequest.getDiscoveryListener (0x00007a39f2c76e08) [0x00007a39f2c76f00, 0x00007a39f2c76fe8] Compiler: c1, Barriers: 1, Oops: 1, ImmediateOops: 0, NonImmediateOops: No
[1,628s][debug][gc,nmethod  ] Register NMethod: java.lang.Class.getMethods (0x00007a39d3916a88) [0x00007a39d3916b80, 0x00007a39d3916ce0] Compiler: c1, Barriers: 0, Oops: 0, ImmediateOops: 0, NonImmediateOops: No
[1,629s][debug][gc,nmethod  ] Register NMethod: java.util.LinkedHashSet.<init> (0x00007a39d3916d88) [0x00007a39d3916ea0, 0x00007a39d3916fe0] Compiler: c1, Barriers: 0, Oops: 0, ImmediateOops: 0, NonImmediateOops: No
[1,629s][debug][gc,nmethod  ] Register NMethod: java.lang.String.charAt (0x00007a39f2c77108) [0x00007a39f2c77200, 0x00007a39f2c77360] Compiler: jvmci, Barriers: 1, Oops: 0, ImmediateOops: 0, NonImmediateOops: No
[1,630s][debug][gc,nmethod  ] Register NMethod: java.util.ArrayList.<init> (0x00007a39d3917088) [0x00007a39d3917180, 0x00007a39d3917a50] Compiler: c1, Barriers: 9, Oops: 0, ImmediateOops: 3, NonImmediateOops: No
[1,630s][debug][gc,nmethod  ] Register NMethod: java.lang.System$1.join (0x00007a39f2c77408) [0x00007a39f2c77500, 0x00007a39f2c78c40] Compiler: jvmci, Barriers: 12, Oops: 0, ImmediateOops: 0, NonImmediateOops: No
[1,631s][debug][gc,nmethod  ] Register NMethod: org.junit.platform.engine.support.discovery.SelectorResolver.resolve (0x00007a39d3917a88) [0x00007a39d3917b80, 0x00007a39d3917ce0] Compiler: c1, Barriers: 0, Oops: 1, ImmediateOops: 1, NonImmediateOops: No
[1,631s][debug][gc,nmethod  ] Register NMethod: org.junit.platform.commons.util.Preconditions.notNull (0x00007a39f2c78c88) [0x00007a39f2c78d80, 0x00007a39f2c78e18] Compiler: jvmci, Barriers: 0, Oops: 1, ImmediateOops: 0, NonImmediateOops: No
[1,631s][debug][gc,nmethod  ] Register NMethod: java.util.TimSort.ensureCapacity (0x00007a39d3917d88) [0x00007a39d3917e80, 0x00007a39d39188c0] Compiler: c1, Barriers: 8, Oops: 0, ImmediateOops: 0, NonImmediateOops: No
[1,631s][debug][gc,nmethod  ] Register NMethod: java.util.ArrayDeque.size (0x00007a39d3918908) [0x00007a39d3918a00, 0x00007a39d3918bd0] Compiler: c1, Barriers: 1, Oops: 0, ImmediateOops: 0, NonImmediateOops: No
[1,631s][debug][gc,nmethod  ] Register NMethod: java.util.ArrayDeque.sub (0x00007a39d3918c08) [0x00007a39d3918d00, 0x00007a39d3918e10] Compiler: c1, Barriers: 0, Oops: 0, ImmediateOops: 0, NonImmediateOops: No
[1,632s][debug][gc,nmethod  ] Register NMethod: java.util.StringJoiner.toString (0x00007a39f2c78f88) [0x00007a39f2c79080, 0x00007a39f2c7a838] Compiler: jvmci, Barriers: 17, Oops: 0, ImmediateOops: 1, NonImmediateOops: No
[1,632s][debug][gc,nmethod  ] Register NMethod: org.junit.jupiter.engine.discovery.MethodSelectorResolver$$Lambda/0x00000000ba19ba50.apply (0x00007a39d3918f08) [0x00007a39d3919000, 0x00007a39d3919468] Compiler: c1, Barriers: 5, Oops: 1, ImmediateOops: 0, NonImmediateOops: No
[1,632s][debug][gc,nmethod  ] Register NMethod: org.junit.jupiter.engine.discovery.MethodSelectorResolver.lambda$resolve$0 (0x00007a39d3919488) [0x00007a39d3919580, 0x00007a39d39196e8] Compiler: c1, Barriers: 1, Oops: 1, ImmediateOops: 0, NonImmediateOops: No
[1,632s][debug][gc,nmethod  ] Register NMethod: org.junit.jupiter.engine.discovery.MethodSelectorResolver$MethodType.access$300 (0x00007a39d3919788) [0x00007a39d3919880, 0x00007a39d39199a0] Compiler: c1, Barriers: 0, Oops: 1, ImmediateOops: 0, NonImmediateOops: No
[1,632s][debug][gc,nmethod  ] Register NMethod: org.junit.platform.engine.support.discovery.SelectorResolver$Match.getTestDescriptor (0x00007a39f2c7a888) [0x00007a39f2c7a980, 0x00007a39f2c7aa68] Compiler: c1, Barriers: 1, Oops: 1, ImmediateOops: 0, NonImmediateOops: No
[1,632s][debug][gc,nmethod  ] Register NMethod: org.junit.jupiter.engine.discovery.MethodSelectorResolver$$Lambda/0x00000000ba19bca0.test (0x00007a39d3919a88) [0x00007a39d3919b80, 0x00007a39d391a130] Compiler: c1, Barriers: 1, Oops: 1, ImmediateOops: 0, NonImmediateOops: No
[1,632s][debug][gc,nmethod  ] Register NMethod: org.junit.jupiter.engine.discovery.MethodSelectorResolver$MethodType.resolve (0x00007a39d391a188) [0x00007a39d391a280, 0x00007a39d391b308] Compiler: c1, Barriers: 22, Oops: 4, ImmediateOops: 4, NonImmediateOops: No
[1,632s][debug][gc,nmethod  ] Register NMethod: java.lang.invoke.DirectMethodHandle.constructorMethod (0x00007a39f2c7ab88) [0x00007a39f2c7ac80, 0x00007a39f2c7ada0] Compiler: jvmci, Barriers: 1, Oops: 0, ImmediateOops: 0, NonImmediateOops: No
[1,633s][debug][gc,nmethod  ] Register NMethod: org.junit.platform.commons.util.AnnotationUtils.findRepeatableAnnotations (0x00007a39d391b388) [0x00007a39d391b480, 0x00007a39d391c560] Compiler: c1, Barriers: 1, Oops: 1, ImmediateOops: 2, NonImmediateOops: No
[1,633s][debug][gc,nmethod  ] Register NMethod: java.lang.invoke.DirectMethodHandle.allocateInstance (0x00007a39f2c7ae88) [0x00007a39f2c7af80, 0x00007a39f2c7b2e0] Compiler: jvmci, Barriers: 2, Oops: 0, ImmediateOops: 1, NonImmediateOops: No
[1,634s][debug][gc,nmethod  ] Register NMethod: java.util.stream.ForEachOps$ForEachOp.get (0x00007a39f2c7b308) [0x00007a39f2c7b400, 0x00007a39f2c7b4c8] Compiler: c1, Barriers: 0, Oops: 0, ImmediateOops: 0, NonImmediateOops: No
[1,634s][debug][gc,nmethod  ] Register NMethod: org.junit.platform.engine.support.discovery.EngineDiscoveryRequestResolution.access$200 (0x00007a39f2c7b608) [0x00007a39f2c7b700, 0x00007a39f2c7b7d0] Compiler: c1, Barriers: 1, Oops: 1, ImmediateOops: 0, NonImmediateOops: No
[1,634s][debug][gc,nmethod  ] Register NMethod: java.util.HashSet.toArray (0x00007a39d391c588) [0x00007a39d391c680, 0x00007a39d391cc20] Compiler: c1, Barriers: 1, Oops: 0, ImmediateOops: 0, NonImmediateOops: No
[1,634s][debug][gc,nmethod  ] Register NMethod: org.junit.platform.engine.support.discovery.SelectorResolver$Resolution.getSelectors (0x00007a39f2c7b908) [0x00007a39f2c7ba00, 0x00007a39f2c7bae8] Compiler: c1, Barriers: 1, Oops: 1, ImmediateOops: 0, NonImmediateOops: No
[1,634s][debug][gc,nmethod  ] Register NMethod: java.util.Collections$EmptySet.size (0x00007a39f2c7bc08) [0x00007a39f2c7bd00, 0x00007a39f2c7bdc0] Compiler: c1, Barriers: 0, Oops: 0, ImmediateOops: 0, NonImmediateOops: No
[1,634s][debug][gc,nmethod  ] Register NMethod: java.util.stream.SortedOps$SizedRefSortingSink.accept (0x00007a39f2c7bf08) [0x00007a39f2c7c000, 0x00007a39f2c7c1b0] Compiler: jvmci, Barriers: 4, Oops: 0, ImmediateOops: 0, NonImmediateOops: No
[1,634s][debug][gc,nmethod  ] Register NMethod: java.lang.Object.equals (0x00007a39f2c7c208) [0x00007a39f2c7c300, 0x00007a39f2c7c390] Compiler: jvmci, Barriers: 0, Oops: 0, ImmediateOops: 0, NonImmediateOops: No
[1,634s][debug][gc,director ] Rule Major: Warmup 10%, Used: 104MB, UsedThreshold: 1228MB
[1,635s][debug][gc,nmethod  ] Register NMethod: java.util.ArrayList.add (0x00007a39f2c7c508) [0x00007a39f2c7c600, 0x00007a39f2c7cd28] Compiler: jvmci, Barriers: 16, Oops: 0, ImmediateOops: 1, NonImmediateOops: No
[1,635s][debug][gc,nmethod  ] Register NMethod: java.util.stream.FindOps$FindSink$OfRef.<init> (0x00007a39d391cc88) [0x00007a39d391cd80, 0x00007a39d391cf38] Compiler: c1, Barriers: 0, Oops: 0, ImmediateOops: 0, NonImmediateOops: No
[1,635s][debug][gc,nmethod  ] Register NMethod: java.util.stream.FindOps$FindSink.<init> (0x00007a39d391cf88) [0x00007a39d391d080, 0x00007a39d391d1d8] Compiler: c1, Barriers: 0, Oops: 0, ImmediateOops: 0, NonImmediateOops: No
[1,635s][debug][gc,nmethod  ] Register NMethod: java.util.stream.FindOps$FindSink$OfRef$$Lambda/0x00000000ba058a10.get (0x00007a39d391d288) [0x00007a39d391d380, 0x00007a39d391d5e8] Compiler: c1, Barriers: 0, Oops: 0, ImmediateOops: 0, NonImmediateOops: No
[1,635s][debug][gc,nmethod  ] Register NMethod: java.util.stream.FindOps$FindOp.evaluateSequential (0x00007a39d391d608) [0x00007a39d391d700, 0x00007a39d391e338] Compiler: c1, Barriers: 2, Oops: 0, ImmediateOops: 0, NonImmediateOops: No
[1,635s][debug][gc,nmethod  ] Register NMethod: java.util.stream.FindOps$FindSink$OfRef.get (0x00007a39d391e388) [0x00007a39d391e480, 0x00007a39d391eb70] Compiler: c1, Barriers: 4, Oops: 0, ImmediateOops: 0, NonImmediateOops: No
[1,635s][debug][gc,nmethod  ] Register NMethod: java.util.stream.FindOps$FindSink$OfRef.get (0x00007a39d391eb88) [0x00007a39d391ec80, 0x00007a39d391f148] Compiler: c1, Barriers: 4, Oops: 0, ImmediateOops: 0, NonImmediateOops: No
[1,635s][debug][gc,nmethod  ] Register NMethod: java.lang.invoke.InfoFromMemberName.getModifiers (0x00007a39d391f188) [0x00007a39d391f280, 0x00007a39d391f5d8] Compiler: c1, Barriers: 1, Oops: 0, ImmediateOops: 0, NonImmediateOops: No
[1,635s][debug][gc,nmethod  ] Register NMethod: java.util.stream.AbstractPipeline.sourceSpliterator (0x00007a39f2c7cd88) [0x00007a39f2c7ce80, 0x00007a39f2c7d0a8] Compiler: jvmci, Barriers: 4, Oops: 0, ImmediateOops: 0, NonImmediateOops: No
[1,636s][debug][gc,nmethod  ] Register NMethod: java.lang.invoke.MethodHandles$Lookup.getDirectMethod (0x00007a39d391f608) [0x00007a39d391f700, 0x00007a39d391f840] Compiler: c1, Barriers: 0, Oops: 0, ImmediateOops: 0, NonImmediateOops: No
[1,636s][debug][gc,nmethod  ] Register NMethod: java.lang.invoke.MethodHandles$Lookup.maybeBindCaller (0x00007a39d391f908) [0x00007a39d391fa00, 0x00007a39d3920690] Compiler: c1, Barriers: 1, Oops: 0, ImmediateOops: 1, NonImmediateOops: No
[1,636s][debug][gc,nmethod  ] Register NMethod: java.lang.invoke.MethodHandles$Lookup.findBoundCallerLookup (0x00007a39d3920708) [0x00007a39d3920800, 0x00007a39d3921350] Compiler: c1, Barriers: 0, Oops: 0, ImmediateOops: 1, NonImmediateOops: No
[1,636s][debug][gc,nmethod  ] Register NMethod: java.lang.invoke.MethodHandles$Lookup.checkMethod (0x00007a39d3921388) [0x00007a39d3921480, 0x00007a39d3922368] Compiler: c1, Barriers: 0, Oops: 0, ImmediateOops: 4, NonImmediateOops: No
[1,636s][debug][gc,nmethod  ] Register NMethod: java.lang.classfile.ClassBuilder.withInterfaces (0x00007a39d3922388) [0x00007a39d3922480, 0x00007a39d3922d10] Compiler: c1, Barriers: 3, Oops: 0, ImmediateOops: 0, NonImmediateOops: No
[1,636s][debug][gc,nmethod  ] Register NMethod: java.lang.classfile.Interfaces.of (0x00007a39d3922d88) [0x00007a39d3922e80, 0x00007a39d39231d8] Compiler: c1, Barriers: 3, Oops: 0, ImmediateOops: 0, NonImmediateOops: No
[1,636s][debug][gc,nmethod  ] Register NMethod: jdk.internal.classfile.impl.InterfacesImpl.<init> (0x00007a39d3923208) [0x00007a39d3923300, 0x00007a39d39235c8] Compiler: c1, Barriers: 3, Oops: 0, ImmediateOops: 0, NonImmediateOops: No
[1,636s][debug][gc,nmethod  ] Register NMethod: jdk.internal.classfile.impl.InterfacesImpl.writeTo (0x00007a39d3923608) [0x00007a39d3923700, 0x00007a39d3923a88] Compiler: c1, Barriers: 4, Oops: 0, ImmediateOops: 0, NonImmediateOops: No
[1,636s][debug][gc,nmethod  ] Register NMethod: java.lang.reflect.Method.<init> (0x00007a39f2c7d108) [0x00007a39f2c7d200, 0x00007a39f2c7d670] Compiler: jvmci, Barriers: 27, Oops: 0, ImmediateOops: 0, NonImmediateOops: No
[1,637s][debug][gc,nmethod  ] Register NMethod: java.lang.invoke.MethodHandles$Lookup.getDirectMethodCommon (0x00007a39d3923b08) [0x00007a39d3923c00, 0x00007a39d3927070] Compiler: c1, Barriers: 11, Oops: 1, ImmediateOops: 1, NonImmediateOops: No
[1,638s][debug][gc,nmethod  ] Register NMethod: java.util.stream.AbstractPipeline.<init> (0x00007a39f2c7d688) [0x00007a39f2c7d780, 0x00007a39f2c7da50] Compiler: jvmci, Barriers: 10, Oops: 0, ImmediateOops: 0, NonImmediateOops: No
[1,639s][debug][gc,nmethod  ] Register NMethod: java.util.stream.Collectors$$Lambda/0x00000000ba114238.accept (0x00007a39f2c7da88) [0x00007a39f2c7db80, 0x00007a39f2c7e418] Compiler: jvmci, Barriers: 16, Oops: 0, ImmediateOops: 1, NonImmediateOops: No
[1,639s][debug][gc,nmethod  ] Register NMethod: sun.reflect.annotation.AnnotationInvocationHandler.invoke (0x00007a39f2c7e488) [0x00007a39f2c7e580, 0x00007a39f2c7ec68] Compiler: jvmci, Barriers: 9, Oops: 0, ImmediateOops: 6, NonImmediateOops: No
[1,640s][debug][gc,nmethod  ] Register NMethod: java.util.Optional.empty (0x00007a39f2c7ec88) [0x00007a39f2c7ed80, 0x00007a39f2c7edf0] Compiler: jvmci, Barriers: 0, Oops: 0, ImmediateOops: 1, NonImmediateOops: No
[1,643s][debug][gc,nmethod  ] Register NMethod: java.util.Spliterators$IteratorSpliterator.characteristics (0x00007a39f2c7ef88) [0x00007a39f2c7f080, 0x00007a39f2c7f140] Compiler: c1, Barriers: 0, Oops: 0, ImmediateOops: 0, NonImmediateOops: No
[1,643s][debug][gc,nmethod  ] Register NMethod: jdk.internal.classfile.impl.BufWriterImpl.cpIndex (0x00007a39f2c7f288) [0x00007a39f2c7f380, 0x00007a39f2c7f808] Compiler: jvmci, Barriers: 5, Oops: 0, ImmediateOops: 0, NonImmediateOops: No
[1,643s][debug][gc,nmethod  ] Register NMethod: org.junit.platform.engine.support.descriptor.AbstractTestDescriptor.hashCode (0x00007a39d3927088) [0x00007a39d3927180, 0x00007a39d39275d8] Compiler: c1, Barriers: 2, Oops: 1, ImmediateOops: 0, NonImmediateOops: No
[1,643s][debug][gc,nmethod  ] Register NMethod: jdk.internal.classfile.impl.SplitConstantPool.tryFindClassEntry (0x00007a39d3927608) [0x00007a39d3927700, 0x00007a39d3928d60] Compiler: c1, Barriers: 2, Oops: 0, ImmediateOops: 0, NonImmediateOops: No
[1,643s][debug][gc,nmethod  ] Register NMethod: java.util.HashSet.size (0x00007a39d3928d88) [0x00007a39d3928e80, 0x00007a39d3929190] Compiler: c1, Barriers: 1, Oops: 0, ImmediateOops: 0, NonImmediateOops: No
[1,643s][debug][gc,nmethod  ] Register NMethod: java.util.LinkedHashMap.keySet (0x00007a39d3929208) [0x00007a39d3929300, 0x00007a39d39295f8] Compiler: c1, Barriers: 0, Oops: 0, ImmediateOops: 0, NonImmediateOops: No
[1,644s][debug][gc,nmethod  ] Register NMethod: java.util.AbstractCollection.addAll (0x00007a39d3929608) [0x00007a39d3929700, 0x00007a39d392a108] Compiler: c1, Barriers: 0, Oops: 0, ImmediateOops: 0, NonImmediateOops: No
[1,644s][debug][gc,nmethod  ] Register NMethod: java.lang.Iterable.forEach (0x00007a39d392a188) [0x00007a39d392a280, 0x00007a39d392ad78] Compiler: c1, Barriers: 0, Oops: 0, ImmediateOops: 0, NonImmediateOops: No
[1,644s][debug][gc,nmethod  ] Register NMethod: java.util.LinkedHashMap.sequencedKeySet (0x00007a39d392ad88) [0x00007a39d392ae80, 0x00007a39d392b558] Compiler: c1, Barriers: 7, Oops: 0, ImmediateOops: 0, NonImmediateOops: No
[1,644s][debug][gc,nmethod  ] Register NMethod: java.util.LinkedHashMap$LinkedKeyIterator.<init> (0x00007a39d392b588) [0x00007a39d392b680, 0x00007a39d392b908] Compiler: c1, Barriers: 0, Oops: 0, ImmediateOops: 0, NonImmediateOops: No
[1,644s][debug][gc,nmethod  ] Register NMethod: java.util.LinkedHashMap$LinkedKeySet.iterator (0x00007a39d392b988) [0x00007a39d392ba80, 0x00007a39d392be10] Compiler: c1, Barriers: 1, Oops: 0, ImmediateOops: 0, NonImmediateOops: No
[1,644s][debug][gc,nmethod  ] Register NMethod: java.util.Collections$UnmodifiableCollection.size (0x00007a39d392be88) [0x00007a39d392bf80, 0x00007a39d392c2c0] Compiler: c1, Barriers: 1, Oops: 0, ImmediateOops: 0, NonImmediateOops: No
[1,644s][debug][gc,nmethod  ] Register NMethod: java.util.Collections$UnmodifiableSet.<init> (0x00007a39d392c308) [0x00007a39d392c400, 0x00007a39d392c720] Compiler: c1, Barriers: 3, Oops: 0, ImmediateOops: 0, NonImmediateOops: No
[1,644s][debug][gc,nmethod  ] Register NMethod: java.util.Collections.unmodifiableSet (0x00007a39d392c788) [0x00007a39d392c880, 0x00007a39d392ce98] Compiler: c1, Barriers: 3, Oops: 0, ImmediateOops: 1, NonImmediateOops: No
[1,644s][debug][gc,nmethod  ] Register NMethod: java.util.LinkedHashMap$LinkedKeySet.<init> (0x00007a39d392cf08) [0x00007a39d392d000, 0x00007a39d392d3e8] Compiler: c1, Barriers: 3, Oops: 0, ImmediateOops: 0, NonImmediateOops: No
[1,645s][debug][gc,director ] Rule Major: Warmup 10%, Used: 104MB, UsedThreshold: 1228MB
[1,646s][debug][gc,nmethod  ] Register NMethod: java.lang.invoke.MethodHandleNatives.linkCallSite (0x00007a39d392d408) [0x00007a39d392d500, 0x00007a39d392e070] Compiler: c1, Barriers: 0, Oops: 0, ImmediateOops: 0, NonImmediateOops: No
[1,646s][debug][gc,nmethod  ] Register NMethod: java.lang.invoke.MethodHandleNatives.linkCallSiteImpl (0x00007a39d392e088) [0x00007a39d392e180, 0x00007a39d392f008] Compiler: c1, Barriers: 9, Oops: 0, ImmediateOops: 0, NonImmediateOops: No
[1,646s][debug][gc,nmethod  ] Register NMethod: java.lang.invoke.MethodHandleNatives.staticArgumentsPulled (0x00007a39d392f088) [0x00007a39d392f180, 0x00007a39d392f468] Compiler: c1, Barriers: 0, Oops: 0, ImmediateOops: 0, NonImmediateOops: No
[1,646s][debug][gc,nmethod  ] Register NMethod: java.lang.invoke.ConstantCallSite.<init> (0x00007a39d392f488) [0x00007a39d392f580, 0x00007a39d392fb98] Compiler: c1, Barriers: 4, Oops: 0, ImmediateOops: 1, NonImmediateOops: No
[1,646s][debug][gc,nmethod  ] Register NMethod: jdk.internal.misc.Unsafe.storeStoreFence (0x00007a39d392fc08) [0x00007a39d392fd00, 0x00007a39d392ffd0] Compiler: c1, Barriers: 0, Oops: 0, ImmediateOops: 0, NonImmediateOops: No
[1,646s][debug][gc,nmethod  ] Register NMethod: java.lang.invoke.CallSite.<init> (0x00007a39d3930008) [0x00007a39d3930100, 0x00007a39d39304e0] Compiler: c1, Barriers: 4, Oops: 0, ImmediateOops: 0, NonImmediateOops: No
[1,647s][debug][gc,nmethod  ] Register NMethod: java.lang.invoke.BootstrapMethodInvoker.widenAndCast (0x00007a39d3930508) [0x00007a39d3930600, 0x00007a39d3931d30] Compiler: c1, Barriers: 0, Oops: 0, ImmediateOops: 0, NonImmediateOops: No
[1,647s][debug][gc,nmethod  ] Register NMethod: java.lang.invoke.CallSite.makeSite (0x00007a39d3931d88) [0x00007a39d3931e80, 0x00007a39d39346a0] Compiler: c1, Barriers: 7, Oops: 1, ImmediateOops: 7, NonImmediateOops: No
[1,647s][debug][gc,nmethod  ] Register NMethod: java.util.ImmutableCollections.listFromTrustedArray (0x00007a39d3934708) [0x00007a39d3934800, 0x00007a39d39359e0] Compiler: c1, Barriers: 19, Oops: 0, ImmediateOops: 2, NonImmediateOops: No
[1,647s][debug][gc,nmethod  ] Register NMethod: java.lang.invoke.DirectMethodHandle$Holder.invokeStatic (0x00007a39d3935a08) [0x00007a39d3935b00, 0x00007a39d3935ed8] Compiler: c1, Barriers: 1, Oops: 0, ImmediateOops: 0, NonImmediateOops: No
[1,648s][debug][gc,nmethod  ] Register NMethod: java.util.Collections$SynchronizedCollection.iterator (0x00007a39d3935f08) [0x00007a39d3936000, 0x00007a39d3936340] Compiler: c1, Barriers: 1, Oops: 0, ImmediateOops: 0, NonImmediateOops: No
[1,648s][debug][gc,nmethod  ] Register NMethod: org.junit.platform.engine.support.descriptor.AbstractTestDescriptor.getChildren (0x00007a39d3936388) [0x00007a39d3936480, 0x00007a39d3936b48] Compiler: c1, Barriers: 4, Oops: 1, ImmediateOops: 1, NonImmediateOops: No
[1,648s][debug][gc,nmethod  ] Register NMethod: java.util.LinkedHashMap$LinkedHashIterator.hasNext (0x00007a39f2c7f888) [0x00007a39f2c7f980, 0x00007a39f2c7fa38] Compiler: jvmci, Barriers: 1, Oops: 0, ImmediateOops: 0, NonImmediateOops: No
[1,648s][debug][gc,nmethod  ] Register NMethod: jdk.internal.misc.CDS.isDumpingArchive (0x00007a39d3936b88) [0x00007a39d3936c80, 0x00007a39d3936d78] Compiler: c1, Barriers: 0, Oops: 0, ImmediateOops: 0, NonImmediateOops: No
[1,648s][debug][gc,nmethod  ] Register NMethod: java.lang.invoke.BoundMethodHandle$Species_L.make (0x00007a39d3936e88) [0x00007a39d3936f80, 0x00007a39d39371e8] Compiler: c1, Barriers: 3, Oops: 0, ImmediateOops: 0, NonImmediateOops: No
[1,648s][debug][gc,nmethod  ] Register NMethod: java.lang.invoke.BootstrapMethodInvoker.invoke (0x00007a39d3937208) [0x00007a39d3937300, 0x00007a39d3941118] Compiler: c1, Barriers: 54, Oops: 0, ImmediateOops: 9, NonImmediateOops: No
[1,648s][debug][gc,nmethod  ] Register NMethod: java.util.Spliterators$ArraySpliterator.forEachRemaining (0x00007a39f2c7fb88) [0x00007a39f2c7fc80, 0x00007a39f2c81bc0] Compiler: jvmci, Barriers: 63, Oops: 1, ImmediateOops: 0, NonImmediateOops: No
[1,648s][debug][gc,nmethod  ] Register NMethod: java.util.LinkedHashSet.<init> (0x00007a39d3941188) [0x00007a39d39412a0, 0x00007a39d39419b8] Compiler: c1, Barriers: 0, Oops: 0, ImmediateOops: 0, NonImmediateOops: No
[1,648s][debug][gc,nmethod  ] Register NMethod: java.util.Collections$SynchronizedCollection.size (0x00007a39d3941a08) [0x00007a39d3941b00, 0x00007a39d3941ff0] Compiler: c1, Barriers: 2, Oops: 0, ImmediateOops: 0, NonImmediateOops: No
[1,649s][debug][gc,nmethod  ] Register NMethod: org.junit.platform.engine.TestDescriptor.lambda$accept$0 (0x00007a39d3942008) [0x00007a39d3942100, 0x00007a39d3942410] Compiler: c1, Barriers: 0, Oops: 1, ImmediateOops: 0, NonImmediateOops: No
[1,649s][debug][gc,nmethod  ] Register NMethod: org.junit.platform.engine.TestDescriptor$$Lambda/0x00000000ba1a4920.accept (0x00007a39d3942488) [0x00007a39d3942580, 0x00007a39d3942b58] Compiler: c1, Barriers: 1, Oops: 1, ImmediateOops: 0, NonImmediateOops: No
[1,649s][debug][gc,nmethod  ] Register NMethod: org.junit.platform.engine.TestDescriptor$$Lambda/0x00000000ba1a4920.<init> (0x00007a39d3942b88) [0x00007a39d3942c80, 0x00007a39d3942e50] Compiler: c1, Barriers: 3, Oops: 1, ImmediateOops: 0, NonImmediateOops: No
[1,649s][debug][gc,nmethod  ] Register NMethod: org.junit.platform.engine.TestDescriptor.accept (0x00007a39d3942e88) [0x00007a39d3942fa0, 0x00007a39d3944a48] Compiler: c1, Barriers: 7, Oops: 3, ImmediateOops: 4, NonImmediateOops: No
[1,650s][debug][gc,nmethod  ] Register NMethod: jdk.internal.misc.Unsafe.shouldBeInitialized (0x00007a39d3944a88) [0x00007a39d3944b80, 0x00007a39d3944da0] Compiler: c1, Barriers: 0, Oops: 0, ImmediateOops: 0, NonImmediateOops: No
[1,650s][debug][gc,nmethod  ] Register NMethod: java.lang.invoke.MethodHandles$Lookup.hasFullPrivilegeAccess (0x00007a39d3944e08) [0x00007a39d3944f00, 0x00007a39d3945058] Compiler: c1, Barriers: 0, Oops: 0, ImmediateOops: 0, NonImmediateOops: No
[1,650s][debug][gc,nmethod  ] Register NMethod: java.lang.invoke.InfoFromMemberName.<init> (0x00007a39d3945108) [0x00007a39d3945200, 0x00007a39d39453f8] Compiler: c1, Barriers: 3, Oops: 0, ImmediateOops: 0, NonImmediateOops: No
[1,650s][debug][gc,nmethod  ] Register NMethod: java.lang.invoke.LambdaMetafactory.metafactory (0x00007a39d3945408) [0x00007a39d3945500, 0x00007a39d39460b8] Compiler: c1, Barriers: 0, Oops: 0, ImmediateOops: 2, NonImmediateOops: No
[1,650s][debug][gc,nmethod  ] Register NMethod: jdk.internal.classfile.impl.Util.entryList (0x00007a39d3946108) [0x00007a39d3946200, 0x00007a39d3946ff8] Compiler: c1, Barriers: 3, Oops: 1, ImmediateOops: 1, NonImmediateOops: No
[1,650s][debug][gc,nmethod  ] Register NMethod: java.lang.invoke.MethodHandles$Lookup.revealDirect (0x00007a39d3947008) [0x00007a39d3947100, 0x00007a39d3949e28] Compiler: c1, Barriers: 2, Oops: 2, ImmediateOops: 4, NonImmediateOops: No
[1,650s][debug][gc,nmethod  ] Register NMethod: jdk.internal.classfile.impl.Util.pow31 (0x00007a39d3949e88) [0x00007a39d3949f80, 0x00007a39d394a230] Compiler: c1, Barriers: 0, Oops: 1, ImmediateOops: 1, NonImmediateOops: No
[1,650s][debug][gc,nmethod  ] Register NMethod: jdk.internal.classfile.impl.BufWriterImpl.writeU1U2 (0x00007a39f2c81c08) [0x00007a39f2c81d00, 0x00007a39f2c82200] Compiler: jvmci, Barriers: 4, Oops: 0, ImmediateOops: 0, NonImmediateOops: No
[1,651s][debug][gc,nmethod  ] Register NMethod: java.lang.invoke.InnerClassLambdaMetafactory.convertArgumentTypes (0x00007a39d394a288) [0x00007a39d394a380, 0x00007a39d394b648] Compiler: c1, Barriers: 12, Oops: 0, ImmediateOops: 1, NonImmediateOops: No
[1,651s][debug][gc,nmethod  ] Register NMethod: java.lang.invoke.AbstractValidatingLambdaMetafactory.checkDescriptor (0x00007a39d394b688) [0x00007a39d394b780, 0x00007a39d394fd20] Compiler: c1, Barriers: 37, Oops: 3, ImmediateOops: 7, NonImmediateOops: No
[1,652s][debug][gc,nmethod  ] Register NMethod: java.lang.invoke.InnerClassLambdaMetafactory$3.accept (0x00007a39d394fd88) [0x00007a39d394fe80, 0x00007a39d3952418] Compiler: c1, Barriers: 18, Oops: 1, ImmediateOops: 5, NonImmediateOops: No
[1,652s][debug][gc,nmethod  ] Register NMethod: java.lang.invoke.InnerClassLambdaMetafactory$1.accept (0x00007a39d3952488) [0x00007a39d3952580, 0x00007a39d3955df0] Compiler: c1, Barriers: 41, Oops: 0, ImmediateOops: 0, NonImmediateOops: No
[1,652s][debug][gc,nmethod  ] Register NMethod: java.lang.invoke.AbstractValidatingLambdaMetafactory.<init> (0x00007a39d3955e08) [0x00007a39d3955f00, 0x00007a39d3961018] Compiler: c1, Barriers: 117, Oops: 5, ImmediateOops: 13, NonImmediateOops: No
[1,652s][debug][gc,nmethod  ] Register NMethod: java.lang.invoke.InfoFromMemberName.getName (0x00007a39d3961088) [0x00007a39d3961180, 0x00007a39d39619b8] Compiler: c1, Barriers: 6, Oops: 0, ImmediateOops: 0, NonImmediateOops: No
[1,652s][debug][gc,nmethod  ] Register NMethod: java.lang.invoke.InnerClassLambdaMetafactory.<init> (0x00007a39d3961a08) [0x00007a39d3961b00, 0x00007a39d396baf8] Compiler: c1, Barriers: 79, Oops: 7, ImmediateOops: 32, NonImmediateOops: No
[1,652s][debug][gc,nmethod  ] Register NMethod: java.lang.invoke.InfoFromMemberName.getMethodType (0x00007a39d396bb88) [0x00007a39d396bc80, 0x00007a39d396bfb0] Compiler: c1, Barriers: 1, Oops: 0, ImmediateOops: 0, NonImmediateOops: No
[1,652s][debug][gc,nmethod  ] Register NMethod: java.lang.invoke.InnerClassLambdaMetafactory.sanitizedTargetClassName (0x00007a39d396c008) [0x00007a39d396c100, 0x00007a39d396cae0] Compiler: c1, Barriers: 1, Oops: 0, ImmediateOops: 0, NonImmediateOops: No
[1,652s][debug][gc,nmethod  ] Register NMethod: java.lang.invoke.AbstractValidatingLambdaMetafactory.isAdaptableToAsReturn (0x00007a39d396cb08) [0x00007a39d396cc00, 0x00007a39d396d2e0] Compiler: c1, Barriers: 0, Oops: 1, ImmediateOops: 2, NonImmediateOops: No
[1,653s][debug][gc,nmethod  ] Register NMethod: java.lang.invoke.InnerClassLambdaMetafactory.implClassDesc (0x00007a39d396d308) [0x00007a39d396d400, 0x00007a39d396e2a8] Compiler: c1, Barriers: 2, Oops: 1, ImmediateOops: 2, NonImmediateOops: No
[1,653s][debug][gc,nmethod  ] Register NMethod: java.lang.invoke.AbstractValidatingLambdaMetafactory.isAdaptableToAsReturnStrict (0x00007a39d396e308) [0x00007a39d396e400, 0x00007a39d396ed28] Compiler: c1, Barriers: 0, Oops: 1, ImmediateOops: 2, NonImmediateOops: No
[1,653s][debug][gc,nmethod  ] Register NMethod: jdk.internal.misc.CDS.isUsingArchive (0x00007a39d396ed88) [0x00007a39d396ee80, 0x00007a39d396ef78] Compiler: c1, Barriers: 0, Oops: 0, ImmediateOops: 0, NonImmediateOops: No
[1,653s][debug][gc,nmethod  ] Register NMethod: java.lang.invoke.InnerClassLambdaMetafactory.spinInnerClass (0x00007a39d396f088) [0x00007a39d396f180, 0x00007a39d396f3f8] Compiler: c1, Barriers: 0, Oops: 0, ImmediateOops: 0, NonImmediateOops: No
[1,653s][debug][gc,nmethod  ] Register NMethod: java.lang.Character.isHighSurrogate (0x00007a39d396f408) [0x00007a39d396f500, 0x00007a39d396f660] Compiler: c1, Barriers: 0, Oops: 0, ImmediateOops: 0, NonImmediateOops: No
[1,653s][debug][gc,nmethod  ] Register NMethod: java.util.regex.Pattern$$Lambda/0x00000000ba110988.is (0x00007a39d396f708) [0x00007a39d396f800, 0x00007a39d396fa38] Compiler: c1, Barriers: 0, Oops: 0, ImmediateOops: 0, NonImmediateOops: No
[1,653s][debug][gc,nmethod  ] Register NMethod: java.lang.invoke.InnerClassLambdaMetafactory.lambdaClassName (0x00007a39d396fa88) [0x00007a39d396fb80, 0x00007a39d3972918] Compiler: c1, Barriers: 6, Oops: 1, ImmediateOops: 8, NonImmediateOops: No
[1,653s][debug][gc,nmethod  ] Register NMethod: java.lang.Character.codePointAt (0x00007a39d3972988) [0x00007a39d3972a80, 0x00007a39d3973450] Compiler: c1, Barriers: 0, Oops: 0, ImmediateOops: 0, NonImmediateOops: No
[1,653s][debug][gc,nmethod  ] Register NMethod: java.util.regex.Pattern.lambda$DOT$0 (0x00007a39d3973488) [0x00007a39d3973580, 0x00007a39d3973740] Compiler: c1, Barriers: 0, Oops: 0, ImmediateOops: 0, NonImmediateOops: No
[1,653s][debug][gc,nmethod  ] Register NMethod: java.lang.Character.isLowSurrogate (0x00007a39d3973788) [0x00007a39d3973880, 0x00007a39d39739e0] Compiler: c1, Barriers: 0, Oops: 0, ImmediateOops: 0, NonImmediateOops: No
[1,653s][debug][gc,nmethod  ] Register NMethod: java.util.regex.Pattern$Slice.match (0x00007a39d3973a88) [0x00007a39d3973b80, 0x00007a39d39742c0] Compiler: c1, Barriers: 2, Oops: 0, ImmediateOops: 0, NonImmediateOops: No
[1,653s][debug][gc,nmethod  ] Register NMethod: java.lang.Character.codePointBefore (0x00007a39d3974308) [0x00007a39d3974400, 0x00007a39d3974bc8] Compiler: c1, Barriers: 0, Oops: 0, ImmediateOops: 0, NonImmediateOops: No
[1,653s][debug][gc,nmethod  ] Register NMethod: java.lang.invoke.InnerClassLambdaMetafactory.buildCallSite (0x00007a39d3974c08) [0x00007a39d3974d00, 0x00007a39d3976ca8] Compiler: c1, Barriers: 16, Oops: 1, ImmediateOops: 6, NonImmediateOops: No
[1,653s][debug][gc,nmethod  ] Register NMethod: java.lang.invoke.MethodHandles$Lookup.findConstructor (0x00007a39d3976d08) [0x00007a39d3976e00, 0x00007a39d3978328] Compiler: c1, Barriers: 2, Oops: 1, ImmediateOops: 3, NonImmediateOops: No
[1,654s][debug][gc,nmethod  ] Register NMethod: java.lang.invoke.InnerClassLambdaMetafactory$1.<init> (0x00007a39d3978388) [0x00007a39d3978480, 0x00007a39d3978818] Compiler: c1, Barriers: 6, Oops: 0, ImmediateOops: 0, NonImmediateOops: No
[1,654s][debug][gc,nmethod  ] Register NMethod: java.lang.invoke.InnerClassLambdaMetafactory$1.accept (0x00007a39d3978888) [0x00007a39d3978980, 0x00007a39d3978ce8] Compiler: c1, Barriers: 0, Oops: 0, ImmediateOops: 0, NonImmediateOops: No
[1,654s][debug][gc,nmethod  ] Register NMethod: jdk.internal.access.SharedSecrets.getJavaUtilCollectionAccess (0x00007a39d3978d08) [0x00007a39d3978e00, 0x00007a39d3979090] Compiler: c1, Barriers: 2, Oops: 1, ImmediateOops: 3, NonImmediateOops: No
[1,654s][debug][gc,nmethod  ] Register NMethod: java.util.ImmutableCollections$Access$1.listFromTrustedArray (0x00007a39d3979108) [0x00007a39d3979200, 0x00007a39d3979330] Compiler: c1, Barriers: 0, Oops: 0, ImmediateOops: 0, NonImmediateOops: No
[1,654s][debug][gc,nmethod  ] Register NMethod: java.lang.Character.charCount (0x00007a39f2c82208) [0x00007a39f2c82300, 0x00007a39f2c823a0] Compiler: jvmci, Barriers: 0, Oops: 0, ImmediateOops: 0, NonImmediateOops: No
[1,654s][debug][gc,nmethod  ] Register NMethod: java.lang.invoke.InnerClassLambdaMetafactory.generateConstructor (0x00007a39d3979408) [0x00007a39d3979500, 0x00007a39d3979a78] Compiler: c1, Barriers: 4, Oops: 1, ImmediateOops: 1, NonImmediateOops: No
[1,654s][debug][gc,nmethod  ] Register NMethod: java.lang.classfile.ClassBuilder.withInterfaceSymbols (0x00007a39d3979a88) [0x00007a39d3979b80, 0x00007a39d397a688] Compiler: c1, Barriers: 3, Oops: 0, ImmediateOops: 0, NonImmediateOops: No
[1,654s][debug][gc,nmethod  ] Register NMethod: java.lang.invoke.InnerClassLambdaMetafactory$6.accept (0x00007a39d397a708) [0x00007a39d397a800, 0x00007a39d3980b18] Compiler: c1, Barriers: 44, Oops: 4, ImmediateOops: 10, NonImmediateOops: No
[1,654s][debug][gc,nmethod  ] Register NMethod: java.lang.invoke.InnerClassLambdaMetafactory$3.<init> (0x00007a39d3980b88) [0x00007a39d3980c80, 0x00007a39d3980fa8] Compiler: c1, Barriers: 3, Oops: 0, ImmediateOops: 0, NonImmediateOops: No
[1,654s][debug][gc,nmethod  ] Register NMethod: java.util.regex.Pattern$CharPropertyGreedy.match (0x00007a39d3981008) [0x00007a39d3981100, 0x00007a39d3981e50] Compiler: c1, Barriers: 2, Oops: 0, ImmediateOops: 0, NonImmediateOops: No
[1,654s][debug][gc,nmethod  ] Register NMethod: java.lang.invoke.InnerClassLambdaMetafactory$3.accept (0x00007a39d3981e88) [0x00007a39d3981f80, 0x00007a39d39822e8] Compiler: c1, Barriers: 0, Oops: 0, ImmediateOops: 0, NonImmediateOops: No
[1,655s][debug][gc,nmethod  ] Register NMethod: jdk.internal.classfile.impl.DirectCodeBuilder.invokespecial (0x00007a39d3982308) [0x00007a39d3982400, 0x00007a39d3982f70] Compiler: c1, Barriers: 2, Oops: 0, ImmediateOops: 0, NonImmediateOops: No
[1,655s][debug][gc,nmethod  ] Register NMethod: java.lang.invoke.InnerClassLambdaMetafactory.forwardingMethod (0x00007a39d3982f88) [0x00007a39d3983080, 0x00007a39d39833e8] Compiler: c1, Barriers: 6, Oops: 0, ImmediateOops: 0, NonImmediateOops: No
[1,655s][debug][gc,director ] Rule Major: Warmup 10%, Used: 106MB, UsedThreshold: 1228MB
[1,655s][debug][gc,nmethod  ] Register NMethod: java.lang.invoke.InnerClassLambdaMetafactory$6.accept (0x00007a39d3983408) [0x00007a39d3983500, 0x00007a39d3983868] Compiler: c1, Barriers: 0, Oops: 0, ImmediateOops: 0, NonImmediateOops: No
[1,655s][debug][gc,nmethod  ] Register NMethod: java.lang.invoke.InnerClassLambdaMetafactory$6.<init> (0x00007a39d3983888) [0x00007a39d3983980, 0x00007a39d3983d10] Compiler: c1, Barriers: 6, Oops: 0, ImmediateOops: 0, NonImmediateOops: No
[1,655s][debug][gc,nmethod  ] Register NMethod: java.lang.invoke.MethodHandles$Lookup.makeHiddenClassDefiner (0x00007a39d3983d88) [0x00007a39d3983e80, 0x00007a39d3984128] Compiler: c1, Barriers: 0, Oops: 0, ImmediateOops: 0, NonImmediateOops: No
[1,655s][debug][gc,nmethod  ] Register NMethod: java.lang.invoke.MethodHandle.isAncestorLoaderOf (0x00007a39d3984188) [0x00007a39d3984280, 0x00007a39d3984a38] Compiler: c1, Barriers: 1, Oops: 0, ImmediateOops: 4, NonImmediateOops: No
[1,655s][debug][gc,nmethod  ] Register NMethod: java.lang.invoke.InnerClassLambdaMetafactory.invocationOpcode (0x00007a39d3984a88) [0x00007a39d3984b80, 0x00007a39d3985a28] Compiler: c1, Barriers: 0, Oops: 1, ImmediateOops: 7, NonImmediateOops: No
[1,655s][debug][gc,nmethod  ] Register NMethod: jdk.internal.classfile.impl.SplitConstantPool.utf8Entry (0x00007a39f2c82508) [0x00007a39f2c82620, 0x00007a39f2c83ad0] Compiler: jvmci, Barriers: 31, Oops: 0, ImmediateOops: 2, NonImmediateOops: No
[1,656s][debug][gc,nmethod  ] Register NMethod: java.lang.invoke.InnerClassLambdaMetafactory.generateInnerClass (0x00007a39d3985a88) [0x00007a39d3985b80, 0x00007a39d3989c88] Compiler: c1, Barriers: 30, Oops: 2, ImmediateOops: 11, NonImmediateOops: No
[1,657s][debug][gc,nmethod  ] Register NMethod: java.lang.invoke.MethodHandle.linkToStatic (0x00007a39f2c83b08) [0x00007a39f2c83c00, 0x00007a39f2c83cf0] Compiler: , Barriers: 0, Oops: 0, ImmediateOops: 0, NonImmediateOops: No
[1,657s][debug][gc,nmethod  ] Register NMethod: java.util.regex.Pattern$Slice.match (0x00007a39f2c83e08) [0x00007a39f2c83f00, 0x00007a39f2c841c0] Compiler: jvmci, Barriers: 2, Oops: 0, ImmediateOops: 0, NonImmediateOops: No
[1,658s][debug][gc,nmethod  ] Register NMethod: java.lang.Character.codePointAt (0x00007a39f2c84208) [0x00007a39f2c84300, 0x00007a39f2c844a8] Compiler: jvmci, Barriers: 1, Oops: 0, ImmediateOops: 0, NonImmediateOops: No
[1,658s][debug][gc,nmethod  ] Register NMethod: java.util.regex.Pattern$$Lambda/0x00000000ba110988.is (0x00007a39f2c84508) [0x00007a39f2c84600, 0x00007a39f2c846e8] Compiler: jvmci, Barriers: 0, Oops: 0, ImmediateOops: 0, NonImmediateOops: No
[1,658s][debug][gc,nmethod  ] Register NMethod: java.lang.String.<init> (0x00007a39f2c84808) [0x00007a39f2c84900, 0x00007a39f2c84d38] Compiler: jvmci, Barriers: 4, Oops: 0, ImmediateOops: 0, NonImmediateOops: No
[1,660s][debug][gc,nmethod  ] Register NMethod: java.lang.Character.codePointBefore (0x00007a39f2c84d88) [0x00007a39f2c84e80, 0x00007a39f2c85030] Compiler: jvmci, Barriers: 1, Oops: 0, ImmediateOops: 0, NonImmediateOops: No
[1,660s][debug][gc,nmethod  ] Register NMethod: java.util.regex.Pattern$Slice.match (0x00007a39d3989d08) [0x00007a39d3989e00, 0x00007a39d398a540] Compiler: c1, Barriers: 2, Oops: 0, ImmediateOops: 0, NonImmediateOops: No
[1,661s][debug][gc,nmethod  ] Register NMethod: java.util.stream.AbstractPipeline.evaluate (0x00007a39f2c85088) [0x00007a39f2c85180, 0x00007a39f2c864c8] Compiler: jvmci, Barriers: 51, Oops: 0, ImmediateOops: 1, NonImmediateOops: No
[1,661s][debug][gc,nmethod  ] Register NMethod: java.lang.Class.getMethodsRecursive (0x00007a39d398a588) [0x00007a39d398a680, 0x00007a39d398ae88] Compiler: c1, Barriers: 3, Oops: 0, ImmediateOops: 0, NonImmediateOops: No
[1,661s][debug][gc,nmethod  ] Register NMethod: java.lang.PublicMethods$MethodList.filter (0x00007a39d398af08) [0x00007a39d398b000, 0x00007a39d398bfd0] Compiler: c1, Barriers: 12, Oops: 1, ImmediateOops: 2, NonImmediateOops: No
[1,664s][debug][gc,nmethod  ] Register NMethod: java.util.regex.Pattern$Slice.match (0x00007a39f2c86508) [0x00007a39f2c86600, 0x00007a39f2c868e0] Compiler: jvmci, Barriers: 2, Oops: 0, ImmediateOops: 0, NonImmediateOops: No
[1,665s][debug][gc,director ] Rule Major: Warmup 10%, Used: 106MB, UsedThreshold: 1228MB
[1,665s][debug][gc,nmethod  ] Register NMethod: java.util.HashSet.add (0x00007a39f2c86908) [0x00007a39f2c86a20, 0x00007a39f2c87c70] Compiler: jvmci, Barriers: 40, Oops: 2, ImmediateOops: 2, NonImmediateOops: No
[1,665s][debug][gc,nmethod  ] Register NMethod: java.util.HashMap.removeNode (0x00007a39d398c008) [0x00007a39d398c100, 0x00007a39d398e1a8] Compiler: c1, Barriers: 15, Oops: 0, ImmediateOops: 0, NonImmediateOops: No
[1,666s][debug][gc,nmethod  ] Register NMethod: org.junit.platform.engine.support.descriptor.AbstractTestDescriptor.getParent (0x00007a39d398e208) [0x00007a39d398e300, 0x00007a39d398e660] Compiler: c1, Barriers: 4, Oops: 1, ImmediateOops: 1, NonImmediateOops: No
[1,666s][debug][gc,nmethod  ] Register NMethod: org.junit.runners.BlockJUnit4ClassRunner.describeChild (0x00007a39d398e688) [0x00007a39d398e780, 0x00007a39d398ec78] Compiler: c1, Barriers: 0, Oops: 1, ImmediateOops: 0, NonImmediateOops: No
[1,667s][debug][gc,nmethod  ] Register NMethod: org.junit.runners.BlockJUnit4ClassRunner.describeChild (0x00007a39d398ec88) [0x00007a39d398ed80, 0x00007a39d3990710] Compiler: c1, Barriers: 6, Oops: 1, ImmediateOops: 1, NonImmediateOops: No
[1,667s][debug][gc,nmethod  ] Register NMethod: org.junit.platform.engine.support.descriptor.AbstractTestDescriptor.getSource (0x00007a39d3990788) [0x00007a39d3990880, 0x00007a39d3990be0] Compiler: c1, Barriers: 4, Oops: 1, ImmediateOops: 1, NonImmediateOops: No
[1,668s][debug][gc,nmethod  ] Register NMethod: org.gradle.api.internal.tasks.testing.filter.TestSelectionMatcher.matchesPattern (0x00007a39d3990c08) [0x00007a39d3990d00, 0x00007a39d39910b8] Compiler: c1, Barriers: 0, Oops: 1, ImmediateOops: 0, NonImmediateOops: No
[1,669s][debug][gc,nmethod  ] Register NMethod: java.util.regex.Matcher.getTextLength (0x00007a39d3991108) [0x00007a39d3991200, 0x00007a39d3991540] Compiler: c1, Barriers: 1, Oops: 0, ImmediateOops: 0, NonImmediateOops: No
[1,669s][debug][gc,nmethod  ] Register NMethod: java.util.regex.Matcher.<init> (0x00007a39d3991588) [0x00007a39d3991680, 0x00007a39d3991df8] Compiler: c1, Barriers: 15, Oops: 0, ImmediateOops: 0, NonImmediateOops: No
[1,669s][debug][gc,nmethod  ] Register NMethod: java.util.regex.Matcher.matches (0x00007a39d3991e08) [0x00007a39d3991f00, 0x00007a39d3992200] Compiler: c1, Barriers: 0, Oops: 0, ImmediateOops: 0, NonImmediateOops: No
[1,669s][debug][gc,nmethod  ] Register NMethod: java.util.regex.Matcher.reset (0x00007a39d3992208) [0x00007a39d3992300, 0x00007a39d3992d98] Compiler: c1, Barriers: 5, Oops: 0, ImmediateOops: 0, NonImmediateOops: No
[1,669s][debug][gc,nmethod  ] Register NMethod: org.gradle.api.internal.tasks.testing.filter.TestSelectionMatcher$FullQualifiedClassNameSelector.determineTargetClassName (0x00007a39d3992e08) [0x00007a39d3992f00, 0x00007a39d3993000] Compiler: c1, Barriers: 0, Oops: 1, ImmediateOops: 0, NonImmediateOops: No
[1,669s][debug][gc,nmethod  ] Register NMethod: java.util.regex.Pattern.matcher (0x00007a39d3993108) [0x00007a39d3993200, 0x00007a39d39935d8] Compiler: c1, Barriers: 0, Oops: 0, ImmediateOops: 0, NonImmediateOops: No
[1,669s][debug][gc,nmethod  ] Register NMethod: java.util.regex.Matcher.match (0x00007a39d3993608) [0x00007a39d3993700, 0x00007a39d3993fe0] Compiler: c1, Barriers: 6, Oops: 0, ImmediateOops: 0, NonImmediateOops: No
[1,671s][debug][gc,nmethod  ] Register NMethod: java.util.regex.Pattern$CharPropertyGreedy.match (0x00007a39f2c87c88) [0x00007a39f2c87d80, 0x00007a39f2c88978] Compiler: jvmci, Barriers: 7, Oops: 0, ImmediateOops: 0, NonImmediateOops: No
[1,673s][debug][gc,nmethod  ] Register NMethod: java.util.ArrayList$Itr.hasNext (0x00007a39f2c88988) [0x00007a39f2c88a80, 0x00007a39f2c88b68] Compiler: jvmci, Barriers: 1, Oops: 0, ImmediateOops: 0, NonImmediateOops: No
[1,673s][debug][gc,nmethod  ] Register NMethod: org.junit.platform.engine.support.descriptor.ClassSource.getClassName (0x00007a39f2c88c88) [0x00007a39f2c88d80, 0x00007a39f2c88e68] Compiler: c1, Barriers: 1, Oops: 1, ImmediateOops: 0, NonImmediateOops: No
[1,674s][debug][gc,nmethod  ] Register NMethod: java.util.Optional.filter (0x00007a39d3994008) [0x00007a39d3994100, 0x00007a39d39948f0] Compiler: c1, Barriers: 1, Oops: 0, ImmediateOops: 1, NonImmediateOops: No
[1,674s][debug][gc,nmethod  ] Register NMethod: java.util.HashMap.remove (0x00007a39d3994908) [0x00007a39d3994a00, 0x00007a39d3995080] Compiler: c1, Barriers: 1, Oops: 0, ImmediateOops: 0, NonImmediateOops: No
[1,674s][debug][gc,nmethod  ] Register NMethod: org.junit.platform.engine.support.descriptor.MethodSource.getMethodName (0x00007a39f2c88f88) [0x00007a39f2c89080, 0x00007a39f2c89168] Compiler: c1, Barriers: 1, Oops: 1, ImmediateOops: 0, NonImmediateOops: No
[1,675s][debug][gc,director ] Rule Major: Warmup 10%, Used: 106MB, UsedThreshold: 1228MB
[1,675s][debug][gc,nmethod  ] Register NMethod: java.util.concurrent.locks.AbstractQueuedSynchronizer.compareAndSetState (0x00007a39d3995088) [0x00007a39d3995180, 0x00007a39d3995298] Compiler: c1, Barriers: 0, Oops: 0, ImmediateOops: 0, NonImmediateOops: No
[1,675s][debug][gc,nmethod  ] Register NMethod: java.util.regex.Pattern$Slice.match (0x00007a39d3995388) [0x00007a39d3995480, 0x00007a39d3995bc0] Compiler: c1, Barriers: 2, Oops: 0, ImmediateOops: 0, NonImmediateOops: No
[1,675s][debug][gc,nmethod  ] Register NMethod: org.gradle.api.internal.tasks.testing.filter.TestSelectionMatcher$TestPattern.access$300 (0x00007a39d3995c08) [0x00007a39d3995d00, 0x00007a39d3995e20] Compiler: c1, Barriers: 0, Oops: 1, ImmediateOops: 0, NonImmediateOops: No
[1,675s][debug][gc,nmethod  ] Register NMethod: org.gradle.api.internal.tasks.testing.filter.TestSelectionMatcher.matchesTest (0x00007a39d3995f08) [0x00007a39d3996000, 0x00007a39d3996838] Compiler: c1, Barriers: 2, Oops: 1, ImmediateOops: 0, NonImmediateOops: No
[1,675s][debug][gc,nmethod  ] Register NMethod: java.util.Optional.isPresent (0x00007a39f2c89288) [0x00007a39f2c89380, 0x00007a39f2c89438] Compiler: jvmci, Barriers: 1, Oops: 0, ImmediateOops: 0, NonImmediateOops: No
[1,676s][debug][gc,nmethod  ] Register NMethod: org.gradle.api.internal.tasks.testing.filter.TestSelectionMatcher.matchesClassAndMethod (0x00007a39d3996888) [0x00007a39d3996980, 0x00007a39d3997cb0] Compiler: c1, Barriers: 2, Oops: 1, ImmediateOops: 0, NonImmediateOops: No
[1,676s][debug][gc,nmethod  ] Register NMethod: org.gradle.api.internal.tasks.testing.filter.TestSelectionMatcher$TestPattern.matchesClassAndMethod (0x00007a39d3997d08) [0x00007a39d3997e00, 0x00007a39d3999410] Compiler: c1, Barriers: 2, Oops: 2, ImmediateOops: 2, NonImmediateOops: No
[1,677s][debug][gc,nmethod  ] Register NMethod: org.gradle.api.internal.tasks.testing.junitplatform.JUnitPlatformTestClassProcessor$ClassMethodNameFilter$$Lambda/0x00000000ba166c28.<init> (0x00007a39d3999488) [0x00007a39d3999580, 0x00007a39d3999750] Compiler: c1, Barriers: 3, Oops: 1, ImmediateOops: 0, NonImmediateOops: No
[1,677s][debug][gc,nmethod  ] Register NMethod: org.gradle.api.internal.tasks.testing.junitplatform.JUnitPlatformTestClassProcessor$ClassMethodNameFilter$$Lambda/0x00000000ba166c28.test (0x00007a39d3999788) [0x00007a39d3999880, 0x00007a39d3999dc0] Compiler: c1, Barriers: 1, Oops: 2, ImmediateOops: 0, NonImmediateOops: No
[1,677s][debug][gc,nmethod  ] Register NMethod: org.gradle.api.internal.tasks.testing.junitplatform.JUnitPlatformTestClassProcessor$ClassMethodNameFilter$$Lambda/0x00000000ba166e88.<init> (0x00007a39d3999e08) [0x00007a39d3999f00, 0x00007a39d399a0d0] Compiler: c1, Barriers: 3, Oops: 1, ImmediateOops: 0, NonImmediateOops: No
[1,678s][debug][gc,nmethod  ] Register NMethod: org.gradle.api.internal.tasks.testing.junitplatform.JUnitPlatformTestClassProcessor$ClassMethodNameFilter.className (0x00007a39d399a108) [0x00007a39d399a200, 0x00007a39d399d2b8] Compiler: c1, Barriers: 20, Oops: 7, ImmediateOops: 15, NonImmediateOops: No
[1,679s][debug][gc,nmethod  ] Register NMethod: java.util.regex.Pattern$Slice.match (0x00007a39f2c89588) [0x00007a39f2c89680, 0x00007a39f2c899d0] Compiler: jvmci, Barriers: 3, Oops: 0, ImmediateOops: 0, NonImmediateOops: No
[1,680s][debug][gc,nmethod  ] Register NMethod: org.junit.platform.engine.support.descriptor.MethodSource.getClassName (0x00007a39f2c89a08) [0x00007a39f2c89b00, 0x00007a39f2c89be8] Compiler: c1, Barriers: 1, Oops: 1, ImmediateOops: 0, NonImmediateOops: No
[1,680s][debug][gc,nmethod  ] Register NMethod: java.lang.invoke.DirectMethodHandle$Holder.newInvokeSpecial (0x00007a39f2c89d08) [0x00007a39f2c89e00, 0x00007a39f2c8a1c0] Compiler: jvmci, Barriers: 3, Oops: 0, ImmediateOops: 1, NonImmediateOops: No
[1,681s][debug][gc,nmethod  ] Register NMethod: java.lang.Class.cast (0x00007a39f2c8a208) [0x00007a39f2c8a300, 0x00007a39f2c8a4f0] Compiler: jvmci, Barriers: 0, Oops: 0, ImmediateOops: 0, NonImmediateOops: No
[1,684s][debug][gc,nmethod  ] Register NMethod: org.gradle.api.internal.tasks.testing.junitplatform.JUnitPlatformTestClassProcessor$ClassMethodNameFilter$$Lambda/0x00000000ba166e88.apply (0x00007a39d399d308) [0x00007a39d399d400, 0x00007a39d399dcd0] Compiler: c1, Barriers: 1, Oops: 2, ImmediateOops: 0, NonImmediateOops: No
[1,685s][debug][gc,nmethod  ] Register NMethod: org.junit.platform.engine.TestDescriptor.isRoot (0x00007a39d399dd08) [0x00007a39d399de00, 0x00007a39d399e690] Compiler: c1, Barriers: 5, Oops: 1, ImmediateOops: 1, NonImmediateOops: No
[1,685s][debug][gc,director ] Rule Major: Warmup 10%, Used: 106MB, UsedThreshold: 1228MB
[1,693s][debug][gc,nmethod  ] Register NMethod: org.gradle.api.internal.tasks.testing.junitplatform.JUnitPlatformTestClassProcessor$ClassMethodNameFilter.shouldRun (0x00007a39d399e708) [0x00007a39d399e800, 0x00007a39d399e940] Compiler: c1, Barriers: 0, Oops: 1, ImmediateOops: 0, NonImmediateOops: No
[1,694s][debug][gc,nmethod  ] Register NMethod: org.junit.platform.engine.FilterResult.included (0x00007a39f2c8a508) [0x00007a39f2c8a600, 0x00007a39f2c8a6c0] Compiler: c1, Barriers: 0, Oops: 1, ImmediateOops: 0, NonImmediateOops: No
[1,695s][debug][gc,nmethod  ] Register NMethod: org.gradle.api.internal.tasks.testing.junitplatform.JUnitPlatformTestClassProcessor$ClassMethodNameFilter.shouldRun (0x00007a39d399ea08) [0x00007a39d399eb00, 0x00007a39d39a28c8] Compiler: c1, Barriers: 27, Oops: 4, ImmediateOops: 8, NonImmediateOops: No
[1,695s][debug][gc,director ] Rule Major: Warmup 10%, Used: 106MB, UsedThreshold: 1228MB
[1,696s][debug][gc,nmethod  ] Register NMethod: org.gradle.api.internal.tasks.testing.junitplatform.JUnitPlatformTestClassProcessor$ClassMethodNameFilter$$Lambda/0x00000000ba167320.apply (0x00007a39d39a2908) [0x00007a39d39a2a00, 0x00007a39d39a2d90] Compiler: c1, Barriers: 1, Oops: 2, ImmediateOops: 0, NonImmediateOops: No
[1,696s][debug][gc,nmethod  ] Register NMethod: java.util.Collections$UnmodifiableCollection.isEmpty (0x00007a39d39a2e08) [0x00007a39d39a2f00, 0x00007a39d39a3248] Compiler: c1, Barriers: 1, Oops: 0, ImmediateOops: 0, NonImmediateOops: No
[1,696s][debug][gc,nmethod  ] Register NMethod: org.gradle.api.internal.tasks.testing.junitplatform.JUnitPlatformTestClassProcessor$ClassMethodNameFilter.lambda$matchesParentMethod$2 (0x00007a39d39a3288) [0x00007a39d39a3380, 0x00007a39d39a3510] Compiler: c1, Barriers: 1, Oops: 1, ImmediateOops: 0, NonImmediateOops: No
[1,696s][debug][gc,nmethod  ] Register NMethod: org.gradle.api.internal.tasks.testing.junitplatform.JUnitPlatformTestClassProcessor$ClassMethodNameFilter$$Lambda/0x00000000ba167570.test (0x00007a39d39a3588) [0x00007a39d39a3680, 0x00007a39d39a3ae8] Compiler: c1, Barriers: 3, Oops: 1, ImmediateOops: 0, NonImmediateOops: No
[1,697s][debug][gc,nmethod  ] Register NMethod: org.gradle.api.internal.tasks.testing.junitplatform.JUnitPlatformTestClassProcessor$ClassMethodNameFilter.lambda$apply$1 (0x00007a39f2c8a808) [0x00007a39f2c8a900, 0x00007a39f2c8a9a8] Compiler: c1, Barriers: 0, Oops: 1, ImmediateOops: 1, NonImmediateOops: No
[1,697s][debug][gc,nmethod  ] Register NMethod: org.junit.platform.engine.FilterResult.getReason (0x00007a39f2c8ab08) [0x00007a39f2c8ac00, 0x00007a39f2c8ace8] Compiler: c1, Barriers: 1, Oops: 1, ImmediateOops: 0, NonImmediateOops: No
[1,698s][debug][gc,nmethod  ] Register NMethod: jdk.internal.loader.URLClassPath.getResource (0x00007a39f2c8ae08) [0x00007a39f2c8af00, 0x00007a39f2c8db10] Compiler: jvmci, Barriers: 37, Oops: 2, ImmediateOops: 8, NonImmediateOops: No
[1,701s][debug][gc,nmethod  ] Register NMethod: java.util.ArrayList$Itr.next (0x00007a39f2c8db88) [0x00007a39f2c8dc80, 0x00007a39f2c8de60] Compiler: jvmci, Barriers: 3, Oops: 0, ImmediateOops: 0, NonImmediateOops: No
[1,705s][debug][gc,director ] Rule Major: Warmup 10%, Used: 106MB, UsedThreshold: 1228MB
[1,705s][debug][gc,nmethod  ] Register NMethod: java.util.stream.ReduceOps$3ReducingSink.accept (0x00007a39d39a3b08) [0x00007a39d39a3c00, 0x00007a39d39a3f78] Compiler: c1, Barriers: 2, Oops: 0, ImmediateOops: 0, NonImmediateOops: No
[1,705s][debug][gc,nmethod  ] Register NMethod: java.util.stream.ReferencePipeline$3$1.accept (0x00007a39d39a3f88) [0x00007a39d39a4080, 0x00007a39d39a4608] Compiler: c1, Barriers: 2, Oops: 0, ImmediateOops: 0, NonImmediateOops: No
[1,706s][debug][gc,nmethod  ] Register NMethod: java.util.stream.Collectors$$Lambda/0x00000000ba0e07a8.accept (0x00007a39d39a4688) [0x00007a39d39a4780, 0x00007a39d39a4ea8] Compiler: c1, Barriers: 0, Oops: 0, ImmediateOops: 0, NonImmediateOops: No
[1,706s][debug][gc,nmethod  ] Register NMethod: java.lang.invoke.MethodHandle.linkToInterface (0x00007a39f2c8de88) [0x00007a39f2c8df80, 0x00007a39f2c8e0b0] Compiler: , Barriers: 0, Oops: 0, ImmediateOops: 0, NonImmediateOops: No
[1,706s][debug][gc,nmethod  ] Register NMethod: org.junit.platform.engine.support.descriptor.AbstractTestDescriptor.getDisplayName (0x00007a39f2c8e188) [0x00007a39f2c8e280, 0x00007a39f2c8e368] Compiler: c1, Barriers: 1, Oops: 1, ImmediateOops: 0, NonImmediateOops: No
[1,706s][debug][gc,nmethod  ] Register NMethod: java.util.StringJoiner.add (0x00007a39d39a4f08) [0x00007a39d39a5000, 0x00007a39d39a67b8] Compiler: c1, Barriers: 15, Oops: 0, ImmediateOops: 1, NonImmediateOops: No
[1,707s][debug][gc,nmethod  ] Register NMethod: org.junit.platform.engine.TestDescriptor$Type.isContainer (0x00007a39d39a6808) [0x00007a39d39a6900, 0x00007a39d39a6a90] Compiler: c1, Barriers: 0, Oops: 1, ImmediateOops: 2, NonImmediateOops: No
[1,707s][debug][gc,nmethod  ] Register NMethod: org.junit.platform.engine.TestDescriptor.isContainer (0x00007a39d39a6b08) [0x00007a39d39a6c00, 0x00007a39d39a71b0] Compiler: c1, Barriers: 0, Oops: 1, ImmediateOops: 2, NonImmediateOops: No
[1,707s][debug][gc,nmethod  ] Register NMethod: org.junit.jupiter.engine.descriptor.TestMethodTestDescriptor.getType (0x00007a39d39a7208) [0x00007a39d39a7300, 0x00007a39d39a7408] Compiler: c1, Barriers: 0, Oops: 1, ImmediateOops: 1, NonImmediateOops: No
[1,708s][debug][gc,nmethod  ] Register NMethod: org.junit.runner.Description.isTest (0x00007a39d39a7508) [0x00007a39d39a7600, 0x00007a39d39a7948] Compiler: c1, Barriers: 1, Oops: 1, ImmediateOops: 0, NonImmediateOops: No
[1,708s][debug][gc,nmethod  ] Register NMethod: java.lang.invoke.MethodHandle.linkToStatic (0x00007a39f2c8e488) [0x00007a39f2c8e580, 0x00007a39f2c8e670] Compiler: , Barriers: 0, Oops: 0, ImmediateOops: 0, NonImmediateOops: No
[1,708s][debug][gc,nmethod  ] Register NMethod: org.junit.platform.engine.TestDescriptor$Type.isTest (0x00007a39d39a7988) [0x00007a39d39a7a80, 0x00007a39d39a7c10] Compiler: c1, Barriers: 0, Oops: 1, ImmediateOops: 2, NonImmediateOops: No
[1,708s][debug][gc,nmethod  ] Register NMethod: org.junit.platform.engine.TestDescriptor.isTest (0x00007a39d39a7c88) [0x00007a39d39a7d80, 0x00007a39d39a8330] Compiler: c1, Barriers: 0, Oops: 1, ImmediateOops: 2, NonImmediateOops: No
[1,708s][debug][gc,nmethod  ] Register NMethod: java.util.concurrent.ConcurrentLinkedQueue.isEmpty (0x00007a39d39a8388) [0x00007a39d39a8480, 0x00007a39d39a8618] Compiler: c1, Barriers: 0, Oops: 0, ImmediateOops: 0, NonImmediateOops: No
[1,708s][debug][gc,nmethod  ] Register NMethod: java.lang.invoke.MethodHandle.linkToSpecial (0x00007a39f2c8e788) [0x00007a39f2c8e880, 0x00007a39f2c8e978] Compiler: , Barriers: 0, Oops: 0, ImmediateOops: 0, NonImmediateOops: No
[1,708s][debug][gc,nmethod  ] Register NMethod: java.lang.invoke.MethodHandle.invokeBasic (0x00007a39f2c8ea88) [0x00007a39f2c8eb80, 0x00007a39f2c8ee18] Compiler: , Barriers: 0, Oops: 0, ImmediateOops: 0, NonImmediateOops: No
[1,708s][debug][gc,nmethod  ] Register NMethod: java.lang.invoke.MethodHandle.linkToSpecial (0x00007a39f2c8ee88) [0x00007a39f2c8ef80, 0x00007a39f2c8f078] Compiler: , Barriers: 0, Oops: 0, ImmediateOops: 0, NonImmediateOops: No
[1,708s][debug][gc,nmethod  ] Register NMethod: java.util.concurrent.ConcurrentLinkedQueue.updateHead (0x00007a39d39a8688) [0x00007a39d39a8780, 0x00007a39d39ab378] Compiler: c1, Barriers: 5, Oops: 8, ImmediateOops: 20, NonImmediateOops: No
[1,709s][debug][gc,nmethod  ] Register NMethod: java.util.concurrent.ConcurrentLinkedQueue.first (0x00007a39d39ab408) [0x00007a39d39ab500, 0x00007a39d39ae600] Compiler: c1, Barriers: 8, Oops: 8, ImmediateOops: 20, NonImmediateOops: No
[1,709s][debug][gc,nmethod  ] Register NMethod: java.lang.invoke.MethodHandleStatics.dumper (0x00007a39d39ae688) [0x00007a39d39ae780, 0x00007a39d39ae868] Compiler: c1, Barriers: 0, Oops: 0, ImmediateOops: 1, NonImmediateOops: No
[1,710s][debug][gc,nmethod  ] Register NMethod: jdk.internal.classfile.impl.AbstractPoolEntry$Utf8EntryImpl.<init> (0x00007a39d39ae988) [0x00007a39d39aea80, 0x00007a39d39af038] Compiler: c1, Barriers: 23, Oops: 0, ImmediateOops: 0, NonImmediateOops: No
[1,710s][debug][gc,nmethod  ] Register NMethod: jdk.internal.classfile.impl.SplitConstantPool.tryFindUtf8 (0x00007a39d39af088) [0x00007a39d39af180, 0x00007a39d39b05a8] Compiler: c1, Barriers: 1, Oops: 0, ImmediateOops: 0, NonImmediateOops: No
[1,710s][debug][gc,nmethod  ] Register NMethod: java.util.Collections$UnmodifiableCollection.stream (0x00007a39d39b0608) [0x00007a39d39b0700, 0x00007a39d39b0a40] Compiler: c1, Barriers: 1, Oops: 0, ImmediateOops: 0, NonImmediateOops: No
[1,710s][debug][gc,nmethod  ] Register NMethod: java.lang.Module.canRead (0x00007a39d39b0a88) [0x00007a39d39b0b80, 0x00007a39d39b3ad0] Compiler: c1, Barriers: 16, Oops: 3, ImmediateOops: 10, NonImmediateOops: No
[1,711s][debug][gc,nmethod  ] Register NMethod: java.util.stream.Sink.begin (0x00007a39f2c8f188) [0x00007a39f2c8f280, 0x00007a39f2c8f300] Compiler: jvmci, Barriers: 0, Oops: 0, ImmediateOops: 0, NonImmediateOops: No
[1,711s][debug][gc,nmethod  ] Register NMethod: org.junit.platform.commons.util.Preconditions.condition (0x00007a39f2c8f488) [0x00007a39f2c8f580, 0x00007a39f2c8f618] Compiler: jvmci, Barriers: 0, Oops: 1, ImmediateOops: 0, NonImmediateOops: No
[1,712s][debug][gc,nmethod  ] Register NMethod: java.io.ObjectStreamField.getField (0x00007a39f2c8f788) [0x00007a39f2c8f880, 0x00007a39f2c8f968] Compiler: c1, Barriers: 1, Oops: 0, ImmediateOops: 0, NonImmediateOops: No
[1,712s][debug][gc,nmethod  ] Register NMethod: java.lang.reflect.Field.getType (0x00007a39f2c8fa88) [0x00007a39f2c8fb80, 0x00007a39f2c8fc68] Compiler: c1, Barriers: 1, Oops: 0, ImmediateOops: 0, NonImmediateOops: No
[1,713s][debug][gc,nmethod  ] Register NMethod: java.io.ObjectStreamField.getTypeCode (0x00007a39d39b3b08) [0x00007a39d39b3c00, 0x00007a39d39b4590] Compiler: c1, Barriers: 2, Oops: 1, ImmediateOops: 2, NonImmediateOops: No
[1,713s][debug][gc,nmethod  ] Register NMethod: java.lang.String.startsWith (0x00007a39f2c8fd88) [0x00007a39f2c8fe80, 0x00007a39f2c90180] Compiler: jvmci, Barriers: 2, Oops: 0, ImmediateOops: 0, NonImmediateOops: No
[1,713s][debug][gc,nmethod  ] Register NMethod: jdk.internal.classfile.impl.AbstractPoolEntry$Utf8EntryImpl.mayBeArrayDescriptor (0x00007a39d39b4608) [0x00007a39d39b4700, 0x00007a39d39b4be0] Compiler: c1, Barriers: 2, Oops: 0, ImmediateOops: 1, NonImmediateOops: No
[1,713s][debug][gc,nmethod  ] Register NMethod: java.lang.ref.SoftReference.get (0x00007a39f2c90188) [0x00007a39f2c90280, 0x00007a39f2c903a0] Compiler: jvmci, Barriers: 2, Oops: 0, ImmediateOops: 1, NonImmediateOops: No
[1,713s][debug][gc,nmethod  ] Register NMethod: java.lang.invoke.MethodHandle.linkToStatic (0x00007a39f2c90488) [0x00007a39f2c90580, 0x00007a39f2c90670] Compiler: , Barriers: 0, Oops: 0, ImmediateOops: 0, NonImmediateOops: No
[1,714s][debug][gc,nmethod  ] Register NMethod: jdk.internal.classfile.impl.Util.descriptorStringHash (0x00007a39d39b4c08) [0x00007a39d39b4d00, 0x00007a39d39b72e8] Compiler: c1, Barriers: 4, Oops: 1, ImmediateOops: 9, NonImmediateOops: No
[1,715s][debug][gc,nmethod  ] Register NMethod: java.lang.invoke.MethodHandle.linkToInterface (0x00007a39f2c90788) [0x00007a39f2c90880, 0x00007a39f2c909b0] Compiler: , Barriers: 0, Oops: 0, ImmediateOops: 0, NonImmediateOops: No
[1,715s][debug][gc,director ] Rule Major: Warmup 10%, Used: 108MB, UsedThreshold: 1228MB
[1,717s][debug][gc,nmethod  ] Register NMethod: jdk.internal.classfile.impl.BufWriterImpl.patchInt (0x00007a39f2c90a88) [0x00007a39f2c90b80, 0x00007a39f2c90ce8] Compiler: jvmci, Barriers: 1, Oops: 0, ImmediateOops: 0, NonImmediateOops: No
[1,718s][debug][gc,nmethod  ] Register NMethod: jdk.internal.classfile.impl.AbstractPoolEntry$ClassEntryImpl.clone (0x00007a39d39b7308) [0x00007a39d39b7400, 0x00007a39d39b7b20] Compiler: c1, Barriers: 0, Oops: 0, ImmediateOops: 0, NonImmediateOops: No
[1,718s][debug][gc,nmethod  ] Register NMethod: jdk.internal.classfile.impl.AbstractPoolEntry$ClassEntryImpl.clone (0x00007a39d39b7b88) [0x00007a39d39b7c80, 0x00007a39d39b8180] Compiler: c1, Barriers: 0, Oops: 0, ImmediateOops: 0, NonImmediateOops: No
[1,718s][debug][gc,nmethod  ] Register NMethod: jdk.internal.classfile.impl.SplitConstantPool.cloneClassEntry (0x00007a39d39b8188) [0x00007a39d39b8280, 0x00007a39d39b93a8] Compiler: c1, Barriers: 8, Oops: 0, ImmediateOops: 0, NonImmediateOops: No
[1,719s][debug][gc,nmethod  ] Register NMethod: java.util.LinkedHashSet.<init> (0x00007a39d39b9408) [0x00007a39d39b9520, 0x00007a39d39b9668] Compiler: c1, Barriers: 0, Oops: 0, ImmediateOops: 0, NonImmediateOops: No
[1,720s][debug][gc,nmethod  ] Register NMethod: jdk.internal.classfile.impl.DirectClassBuilder.buildInterfaceEnties (0x00007a39d39b9708) [0x00007a39d39b9800, 0x00007a39d39bad08] Compiler: c1, Barriers: 6, Oops: 0, ImmediateOops: 0, NonImmediateOops: No
[1,722s][debug][gc,nmethod  ] Register NMethod: java.lang.StringBuilder.append (0x00007a39f2c90d88) [0x00007a39f2c90e80, 0x00007a39f2c916a0] Compiler: jvmci, Barriers: 4, Oops: 0, ImmediateOops: 0, NonImmediateOops: No
[1,723s][debug][gc,nmethod  ] Register NMethod: java.lang.reflect.Constructor.getDeclaringClass (0x00007a39f2c91708) [0x00007a39f2c91800, 0x00007a39f2c918e8] Compiler: c1, Barriers: 1, Oops: 0, ImmediateOops: 0, NonImmediateOops: No
[1,724s][debug][gc,nmethod  ] Register NMethod: java.util.ImmutableCollections$AbstractImmutableList.equals (0x00007a39d39bad88) [0x00007a39d39bae80, 0x00007a39d39bc520] Compiler: c1, Barriers: 0, Oops: 0, ImmediateOops: 0, NonImmediateOops: No
[1,725s][debug][gc,nmethod  ] Register NMethod: org.junit.vintage.engine.descriptor.VintageTestDescriptor.getDescription (0x00007a39f2c91a08) [0x00007a39f2c91b00, 0x00007a39f2c91be8] Compiler: c1, Barriers: 1, Oops: 1, ImmediateOops: 0, NonImmediateOops: No
[1,725s][debug][gc,nmethod  ] Register NMethod: java.util.regex.Pattern.lambda$ALL$0 (0x00007a39f2c91d08) [0x00007a39f2c91e00, 0x00007a39f2c91ea0] Compiler: c1, Barriers: 0, Oops: 0, ImmediateOops: 0, NonImmediateOops: No
[1,726s][debug][gc,director ] Rule Major: Warmup 10%, Used: 110MB, UsedThreshold: 1228MB
[1,727s][debug][gc,nmethod  ] Register NMethod: java.util.Objects.equals (0x00007a39d39bc588) [0x00007a39d39bc680, 0x00007a39d39bca08] Compiler: c1, Barriers: 0, Oops: 0, ImmediateOops: 0, NonImmediateOops: No
[1,728s][debug][gc,nmethod  ] Register NMethod: java.lang.invoke.MethodHandle.setAsTypeCache (0x00007a39d39bca88) [0x00007a39d39bcb80, 0x00007a39d39bd458] Compiler: c1, Barriers: 14, Oops: 0, ImmediateOops: 2, NonImmediateOops: No
[1,728s][debug][gc,nmethod  ] Register NMethod: java.lang.invoke.MethodHandleImpl.makePairwiseConvert (0x00007a39d39bd488) [0x00007a39d39bd580, 0x00007a39d39bd698] Compiler: c1, Barriers: 0, Oops: 0, ImmediateOops: 0, NonImmediateOops: No
[1,728s][debug][gc,nmethod  ] Register NMethod: java.lang.invoke.MethodType.isConvertibleTo (0x00007a39d39bd788) [0x00007a39d39bd880, 0x00007a39d39bede0] Compiler: c1, Barriers: 12, Oops: 0, ImmediateOops: 0, NonImmediateOops: No
[1,728s][debug][gc,nmethod  ] Register NMethod: java.lang.invoke.MethodHandleImpl.countNonNull (0x00007a39d39bee08) [0x00007a39d39bef00, 0x00007a39d39bf148] Compiler: c1, Barriers: 1, Oops: 0, ImmediateOops: 0, NonImmediateOops: No
[1,728s][debug][gc,nmethod  ] Register NMethod: java.lang.invoke.MethodHandleImpl.makePairwiseConvert (0x00007a39d39bf188) [0x00007a39d39bf280, 0x00007a39d39bf5f0] Compiler: c1, Barriers: 1, Oops: 0, ImmediateOops: 0, NonImmediateOops: No
[1,728s][debug][gc,nmethod  ] Register NMethod: java.lang.invoke.MethodHandle.asTypeUncached (0x00007a39d39bf608) [0x00007a39d39bf700, 0x00007a39d39c1330] Compiler: c1, Barriers: 1, Oops: 2, ImmediateOops: 4, NonImmediateOops: No
[1,728s][debug][gc,nmethod  ] Register NMethod: java.lang.invoke.MethodHandle.invokeBasic (0x00007a39f2c92008) [0x00007a39f2c92100, 0x00007a39f2c92398] Compiler: , Barriers: 0, Oops: 0, ImmediateOops: 0, NonImmediateOops: No
[1,728s][debug][gc,nmethod  ] Register NMethod: java.lang.invoke.MethodHandleImpl.computeValueConversions (0x00007a39d39c1388) [0x00007a39d39c1480, 0x00007a39d39c2760] Compiler: c1, Barriers: 10, Oops: 0, ImmediateOops: 0, NonImmediateOops: No
[1,729s][debug][gc,nmethod  ] Register NMethod: java.lang.invoke.LambdaFormBuffer.ownedCount (0x00007a39d39c2788) [0x00007a39d39c2880, 0x00007a39d39c2988] Compiler: c1, Barriers: 0, Oops: 0, ImmediateOops: 0, NonImmediateOops: No
[1,729s][debug][gc,nmethod  ] Register NMethod: java.lang.invoke.LambdaForm$NamedFunction.intrinsicName (0x00007a39d39c2a88) [0x00007a39d39c2b80, 0x00007a39d39c2f28] Compiler: c1, Barriers: 1, Oops: 0, ImmediateOops: 1, NonImmediateOops: No
[1,729s][debug][gc,nmethod  ] Register NMethod: java.lang.invoke.InvokerBytecodeGenerator.emitStoreResult (0x00007a39d39c2f88) [0x00007a39d39c3080, 0x00007a39d39c3738] Compiler: c1, Barriers: 3, Oops: 0, ImmediateOops: 1, NonImmediateOops: No
[1,729s][debug][gc,nmethod  ] Register NMethod: java.lang.invoke.InvokerBytecodeGenerator.emitPushArguments (0x00007a39d39c3788) [0x00007a39d39c3880, 0x00007a39d39c44a0] Compiler: c1, Barriers: 12, Oops: 0, ImmediateOops: 0, NonImmediateOops: No
[1,729s][debug][gc,nmethod  ] Register NMethod: java.lang.invoke.LambdaForm$NamedFunction.member (0x00007a39d39c4508) [0x00007a39d39c4600, 0x00007a39d39c4740] Compiler: c1, Barriers: 1, Oops: 0, ImmediateOops: 0, NonImmediateOops: No
[1,730s][debug][gc,nmethod  ] Register NMethod: java.lang.invoke.MemberName.isPrivate (0x00007a39d39c4808) [0x00007a39d39c4900, 0x00007a39d39c4ab0] Compiler: c1, Barriers: 0, Oops: 0, ImmediateOops: 0, NonImmediateOops: No
[1,730s][debug][gc,nmethod  ] Register NMethod: java.lang.invoke.InvokerBytecodeGenerator.refKindOpcode (0x00007a39d39c4b08) [0x00007a39d39c4c00, 0x00007a39d39c5b20] Compiler: c1, Barriers: 0, Oops: 1, ImmediateOops: 10, NonImmediateOops: No
[1,730s][debug][gc,nmethod  ] Register NMethod: java.lang.invoke.InvokerBytecodeGenerator.isStaticallyInvocable (0x00007a39d39c5b88) [0x00007a39d39c5c80, 0x00007a39d39c8b78] Compiler: c1, Barriers: 4, Oops: 0, ImmediateOops: 3, NonImmediateOops: No
[1,730s][debug][gc,nmethod  ] Register NMethod: java.lang.invoke.InvokerBytecodeGenerator.emitStaticInvoke (0x00007a39d39c8b88) [0x00007a39d39c8c80, 0x00007a39d39cb368] Compiler: c1, Barriers: 9, Oops: 0, ImmediateOops: 2, NonImmediateOops: No
[1,730s][debug][gc,nmethod  ] Register NMethod: java.lang.invoke.MemberName.getFieldType (0x00007a39d39cb388) [0x00007a39d39cb480, 0x00007a39d39cdd18] Compiler: c1, Barriers: 12, Oops: 2, ImmediateOops: 3, NonImmediateOops: No
[1,730s][debug][gc,nmethod  ] Register NMethod: jdk.internal.classfile.impl.DirectCodeBuilder.localAccess (0x00007a39d39cdd88) [0x00007a39d39cde80, 0x00007a39d39d0d80] Compiler: c1, Barriers: 8, Oops: 1, ImmediateOops: 13, NonImmediateOops: No
[1,730s][debug][gc,nmethod  ] Register NMethod: jdk.internal.classfile.impl.DirectCodeBuilder.astore (0x00007a39d39d0e08) [0x00007a39d39d0f00, 0x00007a39d39d12f0] Compiler: c1, Barriers: 1, Oops: 0, ImmediateOops: 0, NonImmediateOops: No
[1,731s][debug][gc,nmethod  ] Register NMethod: java.util.concurrent.locks.AbstractQueuedSynchronizer.release (0x00007a39d39d1308) [0x00007a39d39d1400, 0x00007a39d39d2238] Compiler: c1, Barriers: 3, Oops: 0, ImmediateOops: 2, NonImmediateOops: No
[1,732s][debug][gc,nmethod  ] Register NMethod: java.lang.invoke.MethodHandleImpl.makePairwiseConvertByEditor (0x00007a39d39d2288) [0x00007a39d39d2380, 0x00007a39d39dd4f8] Compiler: c1, Barriers: 43, Oops: 3, ImmediateOops: 15, NonImmediateOops: No
[1,732s][debug][gc,nmethod  ] Register NMethod: java.lang.StringLatin1.canEncode (0x00007a39d39dd588) [0x00007a39d39dd680, 0x00007a39d39dd7b0] Compiler: c1, Barriers: 0, Oops: 0, ImmediateOops: 0, NonImmediateOops: No
[1,732s][debug][gc,nmethod  ] Register NMethod: java.util.regex.Pattern$$Lambda/0x00000000ba111960.is (0x00007a39d39dd888) [0x00007a39d39dd980, 0x00007a39d39ddae0] Compiler: c1, Barriers: 0, Oops: 0, ImmediateOops: 0, NonImmediateOops: No
[1,732s][debug][gc,nmethod  ] Register NMethod: org.junit.platform.commons.util.Preconditions.condition (0x00007a39d39ddb88) [0x00007a39d39ddc80, 0x00007a39d39de270] Compiler: c1, Barriers: 0, Oops: 1, ImmediateOops: 0, NonImmediateOops: No
[1,732s][debug][gc,nmethod  ] Register NMethod: java.util.regex.Pattern$GroupTail.match (0x00007a39d39de288) [0x00007a39d39de380, 0x00007a39d39de918] Compiler: c1, Barriers: 4, Oops: 0, ImmediateOops: 0, NonImmediateOops: No
[1,732s][debug][gc,nmethod  ] Register NMethod: java.util.regex.Pattern$BmpCharProperty.match (0x00007a39d39de988) [0x00007a39d39dea80, 0x00007a39d39df318] Compiler: c1, Barriers: 2, Oops: 0, ImmediateOops: 0, NonImmediateOops: No
[1,733s][debug][gc,nmethod  ] Register NMethod: java.util.concurrent.locks.ReentrantLock$Sync.tryRelease (0x00007a39d39df388) [0x00007a39d39df480, 0x00007a39d39dff80] Compiler: c1, Barriers: 5, Oops: 0, ImmediateOops: 0, NonImmediateOops: No
[1,733s][debug][gc,nmethod  ] Register NMethod: java.lang.reflect.AccessibleObject.isAccessible (0x00007a39f2c92408) [0x00007a39f2c92500, 0x00007a39f2c925c0] Compiler: c1, Barriers: 0, Oops: 0, ImmediateOops: 0, NonImmediateOops: No
[1,733s][debug][gc,nmethod  ] Register NMethod: java.util.regex.Pattern$$Lambda/0x00000000ba0b27a0.is (0x00007a39f2c92708) [0x00007a39f2c92800, 0x00007a39f2c92890] Compiler: jvmci, Barriers: 0, Oops: 0, ImmediateOops: 0, NonImmediateOops: No
[1,733s][debug][gc,nmethod  ] Register NMethod: java.lang.invoke.MethodHandle.linkToVirtual (0x00007a39f2c92a08) [0x00007a39f2c92b00, 0x00007a39f2c92b28] Compiler: , Barriers: 0, Oops: 0, ImmediateOops: 0, NonImmediateOops: No
[1,735s][debug][gc,nmethod  ] Register NMethod: java.util.zip.ZipFile$CleanableResource.getInflater (0x00007a39d39dff88) [0x00007a39d39e0080, 0x00007a39d39e08e0] Compiler: c1, Barriers: 2, Oops: 0, ImmediateOops: 0, NonImmediateOops: No
[1,735s][debug][gc,nmethod  ] Register NMethod: java.util.zip.ZipFile$CleanableResource.releaseInflater (0x00007a39d39e0908) [0x00007a39d39e0a00, 0x00007a39d39e1078] Compiler: c1, Barriers: 2, Oops: 0, ImmediateOops: 0, NonImmediateOops: No
[1,736s][debug][gc,director ] Rule Major: Warmup 10%, Used: 110MB, UsedThreshold: 1228MB
[1,738s][debug][gc,nmethod  ] Register NMethod: java.lang.StringLatin1.indexOf (0x00007a39f2c92d08) [0x00007a39f2c92e00, 0x00007a39f2c93010] Compiler: jvmci, Barriers: 0, Oops: 0, ImmediateOops: 0, NonImmediateOops: No
[1,740s][debug][gc,nmethod  ] Register NMethod: java.lang.String.indexOf (0x00007a39f2c93088) [0x00007a39f2c93180, 0x00007a39f2c93460] Compiler: jvmci, Barriers: 2, Oops: 0, ImmediateOops: 0, NonImmediateOops: No
[1,743s][debug][gc,nmethod  ] Register NMethod: java.nio.DirectIntBufferU.ix (0x00007a39f2c93488) [0x00007a39f2c93580, 0x00007a39f2c93610] Compiler: jvmci, Barriers: 0, Oops: 0, ImmediateOops: 0, NonImmediateOops: No
[1,743s][debug][gc,nmethod  ] Register NMethod: java.lang.CharacterDataLatin1.equalsIgnoreCase (0x00007a39f2c93788) [0x00007a39f2c93880, 0x00007a39f2c93990] Compiler: jvmci, Barriers: 0, Oops: 0, ImmediateOops: 0, NonImmediateOops: No
[1,746s][debug][gc,director ] Rule Major: Warmup 10%, Used: 112MB, UsedThreshold: 1228MB
[1,747s][debug][gc,nmethod  ] Register NMethod: java.lang.String.regionMatches (0x00007a39f2c93a88) [0x00007a39f2c93b80, 0x00007a39f2c93ec8] Compiler: jvmci, Barriers: 2, Oops: 0, ImmediateOops: 0, NonImmediateOops: No
[1,747s][debug][gc,nmethod  ] Register NMethod: java.lang.ClassLoader.checkName (0x00007a39f2c93f08) [0x00007a39f2c94000, 0x00007a39f2c94188] Compiler: jvmci, Barriers: 1, Oops: 0, ImmediateOops: 0, NonImmediateOops: No
[1,748s][debug][gc,nmethod  ] Register NMethod: jdk.xml.internal.XMLSecurityManager$Limit.systemProperty (0x00007a39f2c94208) [0x00007a39f2c94300, 0x00007a39f2c943e8] Compiler: c1, Barriers: 1, Oops: 0, ImmediateOops: 0, NonImmediateOops: No
[1,754s][debug][gc,nmethod  ] Register NMethod: java.lang.Enum.compareTo (0x00007a39d39e1088) [0x00007a39d39e1180, 0x00007a39d39e24a0] Compiler: c1, Barriers: 4, Oops: 0, ImmediateOops: 2, NonImmediateOops: No
[1,754s][info ][gc          ] GC(0) Major Collection (Metadata GC Threshold)
[1,754s][info ][gc,task     ] GC(0) Using 1 Workers for Young Generation
[1,754s][info ][gc,task     ] GC(0) Using 1 Workers for Old Generation
[1,754s][debug][gc,heap     ] GC(0) Y: Heap Before GC invocations=0 (full 0):
[1,754s][debug][gc,heap     ] GC(0) Y:  ZHeap           used 112M, capacity 5120M, max capacity 12288M
[1,754s][debug][gc,heap     ] GC(0) Y:   Cache          5008M (1)
[1,754s][debug][gc,heap     ] GC(0) Y:    size classes  4G (1)
[1,754s][debug][gc,metaspace] GC(0) Y: Metaspace Before GC invocations=0 (full 0):
[1,754s][debug][gc,metaspace] GC(0) Y:  Metaspace       used 21253K, committed 21568K, reserved 1114112K
[1,754s][debug][gc,metaspace] GC(0) Y:   class space    used 1720K, committed 1856K, reserved 1048576K
[1,754s][info ][gc,phases   ] GC(0) Y: Young Generation
[1,754s][debug][gc,reloc    ] Synchronize all workers 1 _nworkers: 0 _nsynchronized: 0
[1,754s][debug][gc,reloc    ] Synchronize all workers 1 _nworkers: 0 _nsynchronized: 0
[1,754s][debug][gc,nmethod  ] Register NMethod: java.util.concurrent.ConcurrentHashMap.putIfAbsent (0x00007a39f2c94508) [0x00007a39f2c94600, 0x00007a39f2c96d88] Compiler: jvmci, Barriers: 92, Oops: 0, ImmediateOops: 0, NonImmediateOops: No
[1,755s][debug][gc,phases,start] GC(0) Y: Pause Mark Start (Major)
[1,755s][debug][gc,tlab        ] GC(0) Y: TLAB usage update: used 0M -> 80M, capacity: 0M -> 80M
[1,755s][debug][gc,marking     ] GC(0) Y: Using 1 mark stripes
[1,755s][debug][gc,marking     ] GC(0) Y: Mark Worker/Stripe Distribution
[1,755s][debug][gc,marking     ] GC(0) Y:   Worker 0(1) -> Stripe 0(1)
[1,755s][debug][gc,marking     ] GC(0) Y: Using 1 mark stripes
[1,755s][debug][gc,marking     ] GC(0) Y: Mark Worker/Stripe Distribution
[1,755s][debug][gc,marking     ] GC(0) Y:   Worker 0(1) -> Stripe 0(1)
[1,755s][info ][gc,phases      ] GC(0) Y: Pause Mark Start (Major) 0,054ms
[1,755s][debug][gc,reloc       ] Desynchronize all workers _nworkers: 0 _nsynchronized: 0
[1,755s][debug][gc,reloc       ] Desynchronize all workers _nworkers: 0 _nsynchronized: 0
[1,755s][debug][gc,phases,start] GC(0) Y: Concurrent Mark
[1,755s][debug][gc,phases,start] GC(0) Y: Concurrent Mark Roots
[1,755s][debug][gc,task        ] GC(0) Y: Executing ZMarkYoungRootsTask using ZWorkerYoung with 1 workers
[1,755s][debug][gc,marking     ] Resurrection broke termination
[1,756s][debug][gc,nmethod     ] Register NMethod: java.util.Arrays.fill (0x00007a39d39e2508) [0x00007a39d39e2600, 0x00007a39d39e2808] Compiler: c1, Barriers: 0, Oops: 0, ImmediateOops: 0, NonImmediateOops: No
[1,757s][debug][gc,nmethod     ] Register NMethod: com.sun.org.apache.xerces.internal.util.Status.isExceptional (0x00007a39f2c96e08) [0x00007a39f2c96f00, 0x00007a39f2c96fc0] Compiler: c1, Barriers: 0, Oops: 0, ImmediateOops: 0, NonImmediateOops: No
[1,757s][debug][gc,nmethod     ] Register NMethod: com.sun.org.apache.xerces.internal.util.XMLChar.isValid (0x00007a39d39e2888) [0x00007a39d39e2980, 0x00007a39d39e2b68] Compiler: c1, Barriers: 0, Oops: 0, ImmediateOops: 1, NonImmediateOops: No
[1,758s][debug][gc,nmethod     ] Register NMethod: com.sun.org.apache.xerces.internal.util.XMLChar.isInvalid (0x00007a39d39e2b88) [0x00007a39d39e2c80, 0x00007a39d39e2f10] Compiler: c1, Barriers: 0, Oops: 0, ImmediateOops: 1, NonImmediateOops: No
[1,759s][debug][gc,nmethod     ] Register NMethod: java.lang.String.startsWith (0x00007a39f2c97108) [0x00007a39f2c97200, 0x00007a39f2c974f0] Compiler: jvmci, Barriers: 2, Oops: 0, ImmediateOops: 0, NonImmediateOops: No
[1,760s][debug][gc,tlab        ] GC(0) Y: TLAB totals: thrds: 13  refills: 255 max: 242 slow allocs: 70 max 70 waste:  4,9% gc: 2959296B max: 262056B slow: 245184B max: 244608B
[1,760s][debug][gc,nmethod     ] Register NMethod: java.util.Arrays.fill (0x00007a39f2c97508) [0x00007a39f2c97600, 0x00007a39f2c977f8] Compiler: jvmci, Barriers: 0, Oops: 0, ImmediateOops: 0, NonImmediateOops: No
[1,760s][debug][gc,phases      ] GC(0) Y: Concurrent Mark Roots 5,445ms
[1,760s][debug][gc,phases,start] GC(0) Y: Concurrent Mark Follow
[1,760s][debug][gc,marking     ] GC(0) Y: Using 1 mark stripes
[1,760s][debug][gc,task        ] GC(0) Y: Executing ZRememberedScanMarkFollowTask using ZWorkerYoung with 1 workers
[1,762s][debug][gc,nmethod     ] Register NMethod: java.lang.StringLatin1.toLowerCase (0x00007a39d39e2f88) [0x00007a39d39e3080, 0x00007a39d39e4350] Compiler: c1, Barriers: 5, Oops: 1, ImmediateOops: 6, NonImmediateOops: No
[1,762s][debug][gc,nmethod     ] Register NMethod: java.lang.String.toLowerCase (0x00007a39d39e4388) [0x00007a39d39e4480, 0x00007a39d39e4930] Compiler: c1, Barriers: 2, Oops: 0, ImmediateOops: 0, NonImmediateOops: No
[1,762s][debug][gc,nmethod     ] Register NMethod: java.lang.NamedPackage.<init> (0x00007a39d39e4988) [0x00007a39d39e4a80, 0x00007a39d39e6350] Compiler: c1, Barriers: 8, Oops: 1, ImmediateOops: 3, NonImmediateOops: No
[1,763s][debug][gc,nmethod     ] Register NMethod: java.lang.String.indexOf (0x00007a39f2c97808) [0x00007a39f2c97900, 0x00007a39f2c97a58] Compiler: jvmci, Barriers: 1, Oops: 0, ImmediateOops: 0, NonImmediateOops: No
[1,768s][debug][gc,nmethod     ] Register NMethod: ch.qos.logback.core.joran.spi.ElementPath.size (0x00007a39d39e6388) [0x00007a39d39e6480, 0x00007a39d39e65e0] Compiler: c1, Barriers: 1, Oops: 1, ImmediateOops: 0, NonImmediateOops: No
[1,768s][debug][gc,nmethod     ] Register NMethod: ch.qos.logback.core.joran.spi.ElementPath.get (0x00007a39d39e6688) [0x00007a39d39e6780, 0x00007a39d39e6cc0] Compiler: c1, Barriers: 3, Oops: 1, ImmediateOops: 0, NonImmediateOops: No
[1,769s][debug][gc,nmethod     ] Register NMethod: java.lang.Class$ReflectionData.<init> (0x00007a39d39e6d08) [0x00007a39d39e6e00, 0x00007a39d39e6f60] Compiler: c1, Barriers: 0, Oops: 0, ImmediateOops: 0, NonImmediateOops: No
[1,769s][debug][gc,nmethod     ] Register NMethod: java.lang.Class$Atomic.casReflectionData (0x00007a39d39e7008) [0x00007a39d39e7100, 0x00007a39d39e7260] Compiler: c1, Barriers: 5, Oops: 0, ImmediateOops: 0, NonImmediateOops: No
[1,769s][debug][gc,nmethod     ] Register NMethod: java.lang.Class.getInterfaces0 (0x00007a39f2c97b08) [0x00007a39f2c97c00, 0x00007a39f2c97f20] Compiler: , Barriers: 0, Oops: 0, ImmediateOops: 0, NonImmediateOops: No
[1,772s][debug][gc,remset      ] GC(0) Y: Remset forwarding retained: 0,000ms count: 0 ZWorkerYoung#1
[1,772s][debug][gc,remset      ] GC(0) Y: Remset forwarding released: 0,000ms count: 0 ZWorkerYoung#1
[1,772s][debug][gc,marking     ] GC(0) Y: Try terminate after resurrection
[1,772s][debug][gc,phases      ] GC(0) Y: Concurrent Mark Follow 11,641ms
[1,772s][info ][gc,phases      ] GC(0) Y: Concurrent Mark 17,150ms
[1,772s][debug][gc,reloc       ] Synchronize all workers 1 _nworkers: 0 _nsynchronized: 0
[1,772s][debug][gc,reloc       ] Synchronize all workers 1 _nworkers: 0 _nsynchronized: 0
[1,772s][debug][gc,phases,start] GC(0) Y: Pause Mark End
[1,772s][info ][gc,phases      ] GC(0) Y: Pause Mark End 0,022ms
[1,772s][debug][gc,reloc       ] Desynchronize all workers _nworkers: 0 _nsynchronized: 0
[1,772s][debug][gc,reloc       ] Desynchronize all workers _nworkers: 0 _nsynchronized: 0
[1,772s][debug][gc,phases,start] GC(0) Y: Concurrent Mark Free
[1,772s][info ][gc,phases      ] GC(0) Y: Concurrent Mark Free 0,018ms
[1,772s][debug][gc,phases,start] GC(0) Y: Concurrent Reset Relocation Set
[1,772s][info ][gc,phases      ] GC(0) Y: Concurrent Reset Relocation Set 0,010ms
[1,772s][debug][gc,phases,start] GC(0) Y: Concurrent Select Relocation Set
[1,772s][debug][gc,reloc       ] GC(0) Y: Relocation Set (Medium Pages): 0->0, 1 skipped, 0 forwarding entries
[1,772s][debug][gc,reloc       ] GC(0) Y: Relocation Set (Small Pages): 38->4, 0 skipped, 291004 forwarding entries
[1,772s][debug][gc,reloc       ] GC(0) Y: Allocated To Garbage: 2097152,0
[1,773s][debug][gc,reloc       ] GC(0) Y: Young Log Residency: 2,5
[1,773s][debug][gc,reloc       ] GC(0) Y: Life Decay Factor: 1,0
[1,773s][info ][gc,reloc       ] GC(0) Y: Using tenuring threshold: 1 (Computed)
[1,772s][debug][gc,nmethod     ] Register NMethod: java.lang.String.concat (0x00007a39f2c97f88) [0x00007a39f2c98080, 0x00007a39f2c98750] Compiler: jvmci, Barriers: 4, Oops: 0, ImmediateOops: 0, NonImmediateOops: No
[1,773s][debug][gc,task        ] GC(0) Y: Executing ZRelocationSetInstallTask using ZWorkerYoung with 1 workers
[1,774s][debug][gc,nmethod     ] Register NMethod: java.util.HashMap.putMapEntries (0x00007a39d39e7308) [0x00007a39d39e7420, 0x00007a39d39e9130] Compiler: c1, Barriers: 2, Oops: 0, ImmediateOops: 0, NonImmediateOops: No
[1,774s][debug][gc,task        ] GC(0) Y: Executing ZPromotePagesTask using ZWorkerYoung with 1 workers
[1,774s][debug][gc,task        ] GC(0) Y: Executing ZPromotePagesTask using ZWorkerYoung with 1 workers
[1,774s][debug][gc,task        ] GC(0) Y: Executing ZPromotePagesTask using ZWorkerYoung with 1 workers
[1,774s][info ][gc,phases      ] GC(0) Y: Concurrent Select Relocation Set 2,257ms
[1,774s][debug][gc,reloc       ] Synchronize all workers 1 _nworkers: 0 _nsynchronized: 0
[1,774s][debug][gc,reloc       ] Synchronize all workers 1 _nworkers: 0 _nsynchronized: 0
[1,774s][debug][gc,phases,start] GC(0) Y: Pause Relocate Start
[1,774s][debug][gc,reloc       ] GC(0) Y: Joining workers: 1
[1,775s][info ][gc,phases      ] GC(0) Y: Pause Relocate Start 0,053ms
[1,775s][debug][gc,reloc       ] Desynchronize all workers _nworkers: 0 _nsynchronized: 0
[1,775s][debug][gc,reloc       ] Desynchronize all workers _nworkers: 1 _nsynchronized: 0
[1,775s][debug][gc,phases,start] GC(0) Y: Concurrent Relocate
[1,775s][debug][gc,task        ] GC(0) Y: Executing ZRelocateStoreBufferInstallBasePointersTask using ZWorkerYoung with 1 workers
[1,775s][debug][gc             ] JNI Critical Stall (Test worker) 0,318ms
[1,775s][debug][gc,task        ] GC(0) Y: Executing ZRelocateTask using ZWorkerYoung with 1 workers
[1,776s][debug][gc,nmethod     ] Register NMethod: java.lang.reflect.Method.getParameterTypes (0x00007a39f2c98788) [0x00007a39f2c98880, 0x00007a39f2c98ae8] Compiler: jvmci, Barriers: 1, Oops: 0, ImmediateOops: 0, NonImmediateOops: No
[1,777s][debug][gc,nmethod     ] Register NMethod: java.util.LinkedHashMap.get (0x00007a39f2c98b08) [0x00007a39f2c98c00, 0x00007a39f2c994a0] Compiler: jvmci, Barriers: 12, Oops: 0, ImmediateOops: 0, NonImmediateOops: No
[1,780s][debug][gc,nmethod     ] Register NMethod: java.lang.reflect.Executable.<init> (0x00007a39f2c99508) [0x00007a39f2c99600, 0x00007a39f2c99680] Compiler: jvmci, Barriers: 0, Oops: 0, ImmediateOops: 0, NonImmediateOops: No
[1,781s][debug][gc,nmethod     ] Register NMethod: java.util.concurrent.ConcurrentHashMap.get (0x00007a39f2c99808) [0x00007a39f2c99900, 0x00007a39f2c9a770] Compiler: jvmci, Barriers: 22, Oops: 0, ImmediateOops: 1, NonImmediateOops: No
[1,782s][debug][gc,nmethod     ] Register NMethod: java.lang.CharacterDataLatin1.equalsIgnoreCase (0x00007a39d39e9188) [0x00007a39d39e9280, 0x00007a39d39e9518] Compiler: c1, Barriers: 0, Oops: 0, ImmediateOops: 0, NonImmediateOops: No
[1,782s][debug][gc,reloc       ] GC(0) Y: Leaving workers: left: 0 _synchronize: 0 _nsynchronized: 0
[1,782s][debug][gc,phases,start] GC(0) Y: Concurrent Relocate Remset FP
[1,782s][debug][gc,task        ] GC(0) Y: Executing ZRelocateAddRemsetForFlipPromoted using ZWorkerYoung with 1 workers
[1,782s][debug][gc,phases      ] GC(0) Y: Concurrent Relocate Remset FP 0,052ms
[1,782s][info ][gc,phases      ] GC(0) Y: Concurrent Relocate 7,853ms
[1,782s][debug][gc,heap        ] GC(0) Y: Heap After GC invocations=1 (full 1):
[1,782s][debug][gc,heap        ] GC(0) Y:  ZHeap           used 60M, capacity 5120M, max capacity 12288M
[1,783s][debug][gc,heap        ] GC(0) Y:   Cache          5060M (3)
[1,783s][debug][gc,heap        ] GC(0) Y:    size classes  4M (1), 32M (1), 4G (1)
[1,783s][debug][gc,metaspace   ] GC(0) Y: Metaspace After GC invocations=1 (full 1):
[1,783s][debug][gc,metaspace   ] GC(0) Y:  Metaspace       used 21996K, committed 22208K, reserved 1114112K
[1,783s][debug][gc,metaspace   ] GC(0) Y:   class space    used 1830K, committed 1920K, reserved 1048576K
[1,783s][info ][gc,alloc       ] GC(0) Y:                         Mark Start        Mark End      Relocate Start    Relocate End   
[1,783s][info ][gc,alloc       ] GC(0) Y: Allocation Stalls:          0                0                0                0         
[1,783s][info ][gc,load        ] GC(0) Y: Load: 3,14 (16%) / 2,14 (11%) / 1,90 (9%)
[1,783s][info ][gc,mmu         ] GC(0) Y: MMU: 2ms/97,3%, 5ms/98,5%, 10ms/99,2%, 20ms/99,4%, 50ms/99,7%, 100ms/99,9%
[1,783s][info ][gc,marking     ] GC(0) Y: Mark: 1 stripe(s), 2 proactive flush(es), 1 terminate flush(es), 0 completion(s), 0 continuation(s) 
[1,783s][info ][gc,nmethod     ] GC(0) Y: NMethods: 2570 registered, 0 unregistered
[1,783s][info ][gc,metaspace   ] GC(0) Y: Metaspace: 21M used, 21M committed, 1088M reserved
[1,783s][info ][gc,reloc       ] GC(0) Y:                        Candidates     Selected     In-Place         Size        Empty    Relocated 
[1,783s][info ][gc,reloc       ] GC(0) Y: Small Pages:                   40           34            0          80M           0M           4M 
[1,783s][info ][gc,reloc       ] GC(0) Y: Medium Pages:                   1            0            0          32M           0M           0M 
[1,783s][info ][gc,reloc       ] GC(0) Y: Large Pages:                    0            0            0           0M           0M           0M 
[1,783s][info ][gc,reloc       ] GC(0) Y: Forwarding Usage: 2M
[1,783s][info ][gc,reloc       ] GC(0) Y: Age Table:
[1,783s][info ][gc,reloc       ] GC(0) Y:                    Live             Garbage             Small              Medium             Large        
[1,783s][info ][gc,reloc       ] GC(0) Y: Eden              12M (0%)           99M (1%)          40 / 34             1 / 0              0 / 0        
[1,783s][info ][gc,heap        ] GC(0) Y: Min Capacity: 5120M(42%)
[1,783s][info ][gc,heap        ] GC(0) Y: Max Capacity: 12288M(100%)
[1,783s][info ][gc,heap        ] GC(0) Y: Soft Max Capacity: 12288M(100%)
[1,783s][info ][gc,heap        ] GC(0) Y: Heap Statistics:
[1,783s][info ][gc,heap        ] GC(0) Y:                Mark Start          Mark End        Relocate Start      Relocate End           High               Low         
[1,783s][info ][gc,heap        ] GC(0) Y:  Capacity:     5120M (42%)        5120M (42%)        5120M (42%)        5120M (42%)        5120M (42%)        5120M (42%)    
[1,783s][info ][gc,heap        ] GC(0) Y:      Free:    12176M (99%)       12174M (99%)       12174M (99%)       12228M (100%)      12228M (100%)      12164M (99%)    
[1,783s][info ][gc,heap        ] GC(0) Y:      Used:      112M (1%)          114M (1%)          114M (1%)           60M (0%)          124M (1%)           60M (0%)     
[1,783s][info ][gc,heap        ] GC(0) Y: Young Generation Statistics:
[1,783s][info ][gc,heap        ] GC(0) Y:                Mark Start          Mark End        Relocate Start      Relocate End    
[1,783s][info ][gc,heap        ] GC(0) Y:      Used:      112M (1%)          114M (1%)          114M (1%)           60M (0%)     
[1,783s][info ][gc,heap        ] GC(0) Y:      Live:         -                12M (0%)           12M (0%)           12M (0%)     
[1,783s][info ][gc,heap        ] GC(0) Y:   Garbage:         -                99M (1%)           99M (1%)           29M (0%)     
[1,783s][info ][gc,heap        ] GC(0) Y: Allocated:         -                 2M (0%)            2M (0%)           17M (0%)     
[1,783s][info ][gc,heap        ] GC(0) Y: Reclaimed:         -                  -                 0M (0%)           69M (1%)     
[1,783s][info ][gc,heap        ] GC(0) Y:  Promoted:         -                  -                 0M (0%)            0M (0%)     
[1,783s][info ][gc,heap        ] GC(0) Y: Compacted:         -                  -                  -                 6M (0%)     
[1,783s][info ][gc,phases      ] GC(0) Y: Young Generation 112M(1%)->60M(0%) 0,028s
[1,783s][debug][gc,heap        ] GC(0) O: Heap Before GC invocations=1 (full 1):
[1,783s][debug][gc,heap        ] GC(0) O:  ZHeap           used 60M, capacity 5120M, max capacity 12288M
[1,783s][debug][gc,heap        ] GC(0) O:   Cache          5060M (3)
[1,783s][debug][gc,heap        ] GC(0) O:    size classes  4M (1), 32M (1), 4G (1)
[1,783s][debug][gc,metaspace   ] GC(0) O: Metaspace Before GC invocations=1 (full 1):
[1,783s][debug][gc,metaspace   ] GC(0) O:  Metaspace       used 22009K, committed 22208K, reserved 1114112K
[1,783s][debug][gc,metaspace   ] GC(0) O:   class space    used 1831K, committed 1920K, reserved 1048576K
[1,783s][info ][gc,phases      ] GC(0) O: Old Generation
[1,783s][debug][gc,phases,start] GC(0) O: Concurrent Mark
[1,783s][debug][gc,phases,start] GC(0) O: Concurrent Mark Roots
[1,783s][debug][gc,task        ] GC(0) O: Executing ZMarkOldRootsTask using ZWorkerOld with 1 workers
[1,783s][debug][gc,nmethod     ] Register NMethod: java.util.Calendar.internalSet (0x00007a39d39e9588) [0x00007a39d39e9680, 0x00007a39d39e97d8] Compiler: c1, Barriers: 1, Oops: 0, ImmediateOops: 0, NonImmediateOops: No
[1,783s][debug][gc,tlab        ] GC(0) O: TLAB totals: thrds: 1  refills: 7 max: 7 slow allocs: 0 max 0 waste:  4,5% gc: 74376B max: 74376B slow: 7960B max: 7960B
[1,783s][debug][gc,phases      ] GC(0) O: Concurrent Mark Roots 0,200ms
[1,783s][debug][gc,phases,start] GC(0) O: Concurrent Mark Follow
[1,783s][debug][gc,marking     ] GC(0) O: Using 1 mark stripes
[1,783s][debug][gc,task        ] GC(0) O: Executing ZMarkTask using ZWorkerOld with 1 workers
[1,783s][debug][gc,phases      ] GC(0) O: Concurrent Mark Follow 0,302ms
[1,783s][info ][gc,phases      ] GC(0) O: Concurrent Mark 0,539ms
[1,783s][debug][gc,reloc       ] Synchronize all workers 1 _nworkers: 0 _nsynchronized: 0
[1,783s][debug][gc,reloc       ] Synchronize all workers 1 _nworkers: 0 _nsynchronized: 0
[1,784s][debug][gc,phases,start] GC(0) O: Pause Mark End
[1,784s][info ][gc,phases      ] GC(0) O: Pause Mark End 0,018ms
[1,784s][debug][gc,reloc       ] Desynchronize all workers _nworkers: 0 _nsynchronized: 0
[1,784s][debug][gc,reloc       ] Desynchronize all workers _nworkers: 0 _nsynchronized: 0
[1,784s][debug][gc,phases,start] GC(0) O: Concurrent Mark Free
[1,784s][info ][gc,phases      ] GC(0) O: Concurrent Mark Free 0,010ms
[1,784s][debug][gc,phases,start] GC(0) O: Concurrent Process Non-Strong
[1,784s][debug][gc,phases,start] GC(0) O: Concurrent References Process
[1,784s][debug][gc,task        ] GC(0) O: Executing ZReferenceProcessorTask using ZWorkerOld with 1 workers
[1,784s][debug][gc,phases      ] GC(0) O: Concurrent References Process 0,029ms
[1,784s][debug][gc,task        ] GC(0) O: Executing ZProcessWeakRootsTask using ZWorkerOld with 1 workers
[1,784s][debug][gc,nmethod     ] Register NMethod: org.gradle.internal.io.StreamByteBuffer.access$000 (0x00007a39f2c9a788) [0x00007a39f2c9a880, 0x00007a39f2c9a950] Compiler: c1, Barriers: 1, Oops: 1, ImmediateOops: 0, NonImmediateOops: No
[1,784s][debug][gc,nmethod     ] Register NMethod: org.gradle.internal.io.StreamByteBuffer$StreamByteBufferChunk.spaceLeft (0x00007a39d39e9888) [0x00007a39d39e9980, 0x00007a39d39e9a88] Compiler: c1, Barriers: 0, Oops: 1, ImmediateOops: 0, NonImmediateOops: No
[1,784s][debug][gc,nmethod     ] Register NMethod: org.gradle.internal.io.StreamByteBuffer$StreamByteBufferOutputStream.write (0x00007a39d39e9b88) [0x00007a39d39e9c80, 0x00007a39d39e9ed0] Compiler: c1, Barriers: 3, Oops: 1, ImmediateOops: 0, NonImmediateOops: No
[1,784s][debug][gc,nmethod     ] Register NMethod: org.gradle.internal.io.LineBufferingOutputStream.endsWithLineSeparator (0x00007a39d39e9f08) [0x00007a39d39ea000, 0x00007a39d39ea188] Compiler: c1, Barriers: 0, Oops: 1, ImmediateOops: 0, NonImmediateOops: No
[1,784s][debug][gc,nmethod     ] Register NMethod: org.gradle.internal.io.StreamByteBuffer$StreamByteBufferChunk.write (0x00007a39d39ea208) [0x00007a39d39ea300, 0x00007a39d39ea4c8] Compiler: c1, Barriers: 1, Oops: 1, ImmediateOops: 0, NonImmediateOops: No
[1,785s][debug][gc,phases,start] GC(0) O: Concurrent Classes Unlink
[1,785s][debug][gc,phases,start] GC(0) O: ClassLoaderData
[1,785s][debug][gc,phases      ] GC(0) O: ClassLoaderData 0,015ms
[1,785s][debug][gc,phases,start] GC(0) O: Trigger cleanups
[1,785s][debug][gc,phases      ] GC(0) O: Trigger cleanups 0,009ms
[1,785s][debug][gc,nmethod     ] Register NMethod: org.gradle.internal.io.StreamByteBuffer.allocateSpace (0x00007a39d39ea508) [0x00007a39d39ea600, 0x00007a39d39eade8] Compiler: c1, Barriers: 9, Oops: 1, ImmediateOops: 0, NonImmediateOops: No
[1,785s][debug][gc,nmethod     ] Register NMethod: org.gradle.internal.io.LineBufferingOutputStream.write (0x00007a39d39eae08) [0x00007a39d39eaf00, 0x00007a39d39ec6e8] Compiler: c1, Barriers: 4, Oops: 1, ImmediateOops: 2, NonImmediateOops: No
[1,785s][debug][gc,task        ] GC(0) O: Executing ZNMethodUnlinkTask using ZWorkerOld with 1 workers
[1,785s][debug][gc,nmethod     ] GC(0) O: Unregister NMethod: org.junit.platform.commons.util.ReflectionUtils.defaultMethodSorter (0x00007a39d3762c88) [0x00007a39d3762d80, 0x00007a39d3763f98] 
[1,785s][debug][gc,nmethod     ] GC(0) O: Unregister NMethod: sun.util.locale.LocaleUtils.toLower (0x00007a39d3636688) [0x00007a39d3636780, 0x00007a39d3636980] 
[1,785s][debug][gc,nmethod     ] GC(0) O: Unregister NMethod: org.junit.platform.commons.util.ReflectionUtils.hasCompatibleSignature (0x00007a39d3863088) [0x00007a39d3863180, 0x00007a39d3864b50] 
[1,785s][debug][gc,nmethod     ] GC(0) O: Unregister NMethod: jdk.internal.classfile.impl.SplitConstantPool.entryByIndex (0x00007a39d3420188) [0x00007a39d3420280, 0x00007a39d3422330] 
[1,785s][debug][gc,nmethod     ] GC(0) O: Unregister NMethod: jdk.internal.loader.URLClassPath$JarLoader.getResource (0x00007a39f2c48c88) [0x00007a39f2c48d80, 0x00007a39f2c4a460] 
[1,785s][debug][gc,nmethod     ] Register NMethod: org.gradle.internal.io.StreamByteBuffer$StreamByteBufferChunk.spaceLeft (0x00007a39f2c9aa88) [0x00007a39f2c9ab80, 0x00007a39f2c9ac08] Compiler: jvmci, Barriers: 0, Oops: 1, ImmediateOops: 0, NonImmediateOops: No
[1,785s][debug][gc,nmethod     ] GC(0) O: Unregister NMethod: java.lang.String.startsWith (0x00007a39d3410c08) [0x00007a39d3410d00, 0x00007a39d3410ff8] 
[1,785s][debug][gc,nmethod     ] GC(0) O: Unregister NMethod: java.util.jar.JarFile.getJarEntry (0x00007a39d34c2d08) [0x00007a39d34c2e00, 0x00007a39d34c3300] 
[1,785s][debug][gc,nmethod     ] GC(0) O: Unregister NMethod: jdk.internal.classfile.impl.RawBytecodeHelper.opcode (0x00007a39d344e308) [0x00007a39d344e400, 0x00007a39d344e508] 
[1,785s][debug][gc,nmethod     ] GC(0) O: Unregister NMethod: junit.framework.TestSuite.addTestMethod (0x00007a39d3833308) [0x00007a39d3833400, 0x00007a39d38365b8] 
[1,785s][debug][gc,nmethod     ] GC(0) O: Unregister NMethod: java.util.HashMap.getNode (0x00007a39d3430008) [0x00007a39d3430100, 0x00007a39d3431410] 
[1,785s][debug][gc,nmethod     ] GC(0) O: Unregister NMethod: java.util.stream.Sink.begin (0x00007a39d3866488) [0x00007a39d3866580, 0x00007a39d3866680] 
[1,785s][debug][gc,nmethod     ] GC(0) O: Unregister NMethod: java.math.BigInteger.mulAdd (0x00007a39d3744288) [0x00007a39d3744380, 0x00007a39d3744510] 
[1,785s][debug][gc,nmethod     ] GC(0) O: Unregister NMethod: java.util.zip.ZipFile$Source.checkAndAddEntry (0x00007a39d3475908) [0x00007a39d3475a00, 0x00007a39d3477d00] 
[1,785s][debug][gc,nmethod     ] GC(0) O: Unregister NMethod: java.util.concurrent.ConcurrentHashMap.putVal (0x00007a39f2c30908) [0x00007a39f2c30a00, 0x00007a39f2c31b18] 
[1,785s][debug][gc,nmethod     ] GC(0) O: Unregister NMethod: java.util.stream.AbstractPipeline.evaluate (0x00007a39d37b8a08) [0x00007a39d37b8b00, 0x00007a39d37b9bf0] 
[1,785s][debug][gc,nmethod     ] GC(0) O: Unregister NMethod: java.lang.String.replace (0x00007a39d346e888) [0x00007a39d346e980, 0x00007a39d346ee88] 
[1,785s][debug][gc,nmethod     ] GC(0) O: Unregister NMethod: java.util.zip.ZipCoder.hash (0x00007a39d3487608) [0x00007a39d3487700, 0x00007a39d3488538] 
[1,785s][debug][gc,nmethod     ] GC(0) O: Unregister NMethod: java.util.concurrent.ConcurrentHashMap.spread (0x00007a39d3413b08) [0x00007a39d3413c00, 0x00007a39d3413cf0] 
[1,785s][debug][gc,nmethod     ] GC(0) O: Unregister NMethod: java.lang.String.hashCode (0x00007a39f2be7d88) [0x00007a39f2be7e80, 0x00007a39f2be8020] 
[1,786s][debug][gc,nmethod     ] GC(0) O: Unregister NMethod: java.lang.module.ModuleDescriptor$Exports.isQualified (0x00007a39d3428d08) [0x00007a39d3428e00, 0x00007a39d3429190] 
[1,786s][debug][gc,nmethod     ] GC(0) O: Unregister NMethod: jdk.internal.misc.Unsafe.allocateUninitializedArray (0x00007a39d3424188) [0x00007a39d3424280, 0x00007a39d3424848] 
[1,786s][debug][gc,nmethod     ] GC(0) O: Unregister NMethod: java.lang.StringCoding.countNonZeroAsciiLatin1 (0x00007a39d341fb08) [0x00007a39d341fc00, 0x00007a39d341fe08] 
[1,786s][debug][gc,nmethod     ] GC(0) O: Unregister NMethod: java.lang.String.getBytes (0x00007a39d3419488) [0x00007a39d3419580, 0x00007a39d3419a88] 
[1,786s][debug][gc,nmethod     ] GC(0) O: Unregister NMethod: java.util.zip.ZipUtils.CENHOW (0x00007a39d3471408) [0x00007a39d3471500, 0x00007a39d3471610] 
[1,786s][debug][gc,nmethod     ] GC(0) O: Unregister NMethod: java.lang.String.startsWith (0x00007a39f2c3e908) [0x00007a39f2c3ea00, 0x00007a39f2c3ed18] 
[1,786s][debug][gc,nmethod     ] GC(0) O: Unregister NMethod: java.lang.String.equals (0x00007a39d3407508) [0x00007a39d3407600, 0x00007a39d3407cc0] 
[1,786s][debug][gc,nmethod     ] GC(0) O: Unregister NMethod: java.util.stream.SortedOps$SizedRefSortingSink.accept (0x00007a39d385f008) [0x00007a39d385f100, 0x00007a39d385f508] 
[1,786s][debug][gc,nmethod     ] GC(0) O: Unregister NMethod: java.lang.String.startsWith (0x00007a39d38cbe08) [0x00007a39d38cbf00, 0x00007a39d38cd120] 
[1,786s][debug][gc,nmethod     ] GC(0) O: Unregister NMethod: sun.util.locale.BaseLocale.hashCode (0x00007a39d3637388) [0x00007a39d3637480, 0x00007a39d363b308] 
[1,786s][debug][gc,nmethod     ] GC(0) O: Unregister NMethod: java.util.stream.AbstractPipeline.evaluate (0x00007a39f2c85088) [0x00007a39f2c85180, 0x00007a39f2c864c8] 
[1,786s][debug][gc,nmethod     ] GC(0) O: Unregister NMethod: java.util.Arrays.copyOfRange (0x00007a39d3440b88) [0x00007a39d3440c80, 0x00007a39d3441f50] 
[1,786s][debug][gc,nmethod     ] GC(0) O: Unregister NMethod: jdk.internal.misc.Unsafe.getIntUnaligned (0x00007a39d3458608) [0x00007a39d3458700, 0x00007a39d3458948] 
[1,786s][debug][gc,nmethod     ] GC(0) O: Unregister NMethod: java.lang.StringLatin1.replace (0x00007a39d3455b88) [0x00007a39d3455c80, 0x00007a39d3456d20] 
[1,786s][debug][gc,nmethod     ] GC(0) O: Unregister NMethod: java.lang.String.isLatin1 (0x00007a39d3680f88) [0x00007a39d3681080, 0x00007a39d36811e0] 
[1,786s][debug][gc,nmethod     ] GC(0) O: Unregister NMethod: java.util.HashMap.putVal (0x00007a39d3438a88) [0x00007a39d3438b80, 0x00007a39d343af10] 
[1,786s][debug][gc,nmethod     ] GC(0) O: Unregister NMethod: java.util.regex.Pattern$$Lambda/0x00000000ba110988.is (0x00007a39d396f708) [0x00007a39d396f800, 0x00007a39d396fa38] 
[1,786s][debug][gc,nmethod     ] GC(0) O: Unregister NMethod: java.lang.StringLatin1.indexOf (0x00007a39d351d208) [0x00007a39d351d300, 0x00007a39d351d4e0] 
[1,786s][debug][gc,nmethod     ] GC(0) O: Unregister NMethod: jdk.internal.util.ArraysSupport.hashCodeOfUnsigned (0x00007a39d3402088) [0x00007a39d3402180, 0x00007a39d34023f8] 
[1,786s][debug][gc,nmethod     ] GC(0) O: Unregister NMethod: java.util.jar.JarFile.getJarEntry (0x00007a39f2c47288) [0x00007a39f2c47380, 0x00007a39f2c48948] 
[1,786s][debug][gc,nmethod     ] GC(0) O: Unregister NMethod: java.lang.String.hashCode (0x00007a39d3418388) [0x00007a39d3418480, 0x00007a39d3418a28] 
[1,786s][debug][gc,nmethod     ] GC(0) O: Unregister NMethod: java.lang.Character.charCount (0x00007a39d36ad588) [0x00007a39d36ad680, 0x00007a39d36ad7d0] 
[1,786s][debug][gc,nmethod     ] GC(0) O: Unregister NMethod: java.util.stream.Collectors$$Lambda/0x00000000ba0e07a8.accept (0x00007a39d37c0608) [0x00007a39d37c0700, 0x00007a39d37c0e28] 
[1,786s][debug][gc,nmethod     ] GC(0) O: Unregister NMethod: java.util.stream.ReferencePipeline$3$1.accept (0x00007a39d3636c88) [0x00007a39d3636d80, 0x00007a39d3637308] 
[1,786s][debug][gc,nmethod     ] GC(0) O: Unregister NMethod: java.util.ArrayList$Itr.next (0x00007a39d357bb88) [0x00007a39d357bc80, 0x00007a39d357c270] 
[1,786s][debug][gc,nmethod     ] GC(0) O: Unregister NMethod: java.lang.reflect.Method.<init> (0x00007a39d3761b88) [0x00007a39d3761c80, 0x00007a39d37622f0] 
[1,786s][debug][gc,nmethod     ] GC(0) O: Unregister NMethod: java.lang.String.substring (0x00007a39d3443308) [0x00007a39d3443400, 0x00007a39d3443f20] 
[1,786s][debug][gc,nmethod     ] GC(0) O: Unregister NMethod: jdk.internal.classfile.impl.AbstractPoolEntry$Utf8EntryImpl.<init> (0x00007a39d3460588) [0x00007a39d3460680, 0x00007a39d3460ee8] 
[1,786s][debug][gc,nmethod     ] GC(0) O: Unregister NMethod: java.util.stream.AbstractPipeline.<init> (0x00007a39d37c9e08) [0x00007a39d37c9f00, 0x00007a39d37ca490] 
[1,786s][debug][gc,nmethod     ] GC(0) O: Unregister NMethod: java.util.ImmutableCollections$SetN$SetNIterator.hasNext (0x00007a39d3408c88) [0x00007a39d3408d80, 0x00007a39d3408ed0] 
[1,786s][debug][gc,nmethod     ] GC(0) O: Unregister NMethod: jdk.internal.util.ArraysSupport.unsignedHashCode (0x00007a39d3400008) [0x00007a39d3400100, 0x00007a39d3400310] 
[1,786s][debug][gc,nmethod     ] GC(0) O: Unregister NMethod: java.util.Optional.empty (0x00007a39d3447288) [0x00007a39d3447380, 0x00007a39d3447468] 
[1,786s][debug][gc,nmethod     ] GC(0) O: Unregister NMethod: jdk.internal.loader.URLClassPath$JarLoader.getResource (0x00007a39d3489288) [0x00007a39d3489380, 0x00007a39d3489960] 
[1,786s][debug][gc,nmethod     ] Register NMethod: java.util.HashMap.put (0x00007a39f2c9ad88) [0x00007a39f2c9aea0, 0x00007a39f2c9c0b0] Compiler: jvmci, Barriers: 39, Oops: 1, ImmediateOops: 1, NonImmediateOops: No
[1,786s][debug][gc,nmethod     ] GC(0) O: Unregister NMethod: java.util.stream.ReduceOps$ReduceOp.evaluateSequential (0x00007a39d37dcb08) [0x00007a39d37dcc00, 0x00007a39d37dd428] 
[1,786s][debug][gc,nmethod     ] GC(0) O: Unregister NMethod: java.util.concurrent.ConcurrentHashMap.putIfAbsent (0x00007a39d3418d88) [0x00007a39d3418e80, 0x00007a39d3419180] 
[1,786s][debug][gc,nmethod     ] GC(0) O: Unregister NMethod: jdk.internal.classfile.impl.SplitConstantPool.internalAdd (0x00007a39d3426a88) [0x00007a39d3426b80, 0x00007a39d3427968] 
[1,786s][debug][gc,nmethod     ] GC(0) O: Unregister NMethod: java.lang.Math.max (0x00007a39d3447e88) [0x00007a39d3447f80, 0x00007a39d34480a8] 
[1,786s][debug][gc,nmethod     ] GC(0) O: Unregister NMethod: worker.org.gradle.internal.stream.EncodedStream$EncodedInput.hexToByte (0x00007a39d3453e88) [0x00007a39d3453f80, 0x00007a39d34546c8] 
[1,786s][debug][gc,nmethod     ] GC(0) O: Unregister NMethod: java.util.WeakHashMap.getTable (0x00007a39d348ac88) [0x00007a39d348ad80, 0x00007a39d348aef8] 
[1,786s][debug][gc,nmethod     ] GC(0) O: Unregister NMethod: java.util.zip.ZipUtils.get32 (0x00007a39d3458988) [0x00007a39d3458a80, 0x00007a39d3458e88] 
[1,786s][debug][gc,nmethod     ] GC(0) O: Unregister NMethod: jdk.internal.misc.Unsafe.getIntUnaligned (0x00007a39f2c00508) [0x00007a39f2c00600, 0x00007a39f2c006c0] 
[1,786s][debug][gc,nmethod     ] GC(0) O: Unregister NMethod: java.util.zip.ZipFile$Source.isMetaName (0x00007a39d3525888) [0x00007a39d3525980, 0x00007a39d3525de0] 
[1,786s][debug][gc,nmethod     ] GC(0) O: Unregister NMethod: java.util.ImmutableCollections$ListN.size (0x00007a39d35b4708) [0x00007a39d35b4800, 0x00007a39d35b4938] 
[1,786s][debug][gc,nmethod     ] GC(0) O: Unregister NMethod: java.lang.String.charAt (0x00007a39d3681588) [0x00007a39d3681680, 0x00007a39d3681db8] 
[1,786s][debug][gc,nmethod     ] Register NMethod: java.lang.String.regionMatches (0x00007a39d39ec708) [0x00007a39d39ec800, 0x00007a39d39edbf8] Compiler: c1, Barriers: 2, Oops: 0, ImmediateOops: 0, NonImmediateOops: No
[1,787s][debug][gc,nmethod     ] GC(0) O: Unregister NMethod: java.lang.Math.min (0x00007a39d3412308) [0x00007a39d3412400, 0x00007a39d3412528] 
[1,787s][debug][gc,nmethod     ] GC(0) O: Unregister NMethod: java.io.BufferedInputStream.read (0x00007a39f2bfb488) [0x00007a39f2bfb580, 0x00007a39f2bfb860] 
[1,787s][debug][gc,nmethod     ] GC(0) O: Unregister NMethod: java.util.regex.Pattern$Slice.match (0x00007a39f2c89588) [0x00007a39f2c89680, 0x00007a39f2c899d0] 
[1,787s][debug][gc,nmethod     ] GC(0) O: Unregister NMethod: java.lang.StringCoding.countPositives (0x00007a39f2c03c88) [0x00007a39f2c03d80, 0x00007a39f2c04108] 
[1,787s][debug][gc,nmethod     ] GC(0) O: Unregister NMethod: java.util.zip.ZipCoder$UTF8ZipCoder.checkedHash (0x00007a39d3473588) [0x00007a39d3473680, 0x00007a39d3473aa0] 
[1,787s][debug][gc,nmethod     ] GC(0) O: Unregister NMethod: java.util.HashMap.put (0x00007a39f2c2ef88) [0x00007a39f2c2f0a0, 0x00007a39f2c308b8] 
[1,787s][debug][gc,nmethod     ] GC(0) O: Unregister NMethod: java.lang.String.isLatin1 (0x00007a39f2c18708) [0x00007a39f2c18800, 0x00007a39f2c188c0] 
[1,787s][debug][gc,nmethod     ] GC(0) O: Unregister NMethod: java.lang.reflect.Executable$$Lambda/0x00000000ba117c60.apply (0x00007a39d37c0e88) [0x00007a39d37c0f80, 0x00007a39d37c12d0] 
[1,787s][debug][gc,nmethod     ] GC(0) O: Unregister NMethod: java.util.LinkedHashMap.values (0x00007a39d381af88) [0x00007a39d381b080, 0x00007a39d381b1c8] 
[1,787s][debug][gc,nmethod     ] GC(0) O: Unregister NMethod: java.lang.AbstractStringBuilder.isLatin1 (0x00007a39d3477d88) [0x00007a39d3477e80, 0x00007a39d3478040] 
[1,787s][debug][gc,nmethod     ] GC(0) O: Unregister NMethod: java.util.HashMap.newNode (0x00007a39d342bc08) [0x00007a39d342bd00, 0x00007a39d342c080] 
[1,787s][debug][gc,nmethod     ] GC(0) O: Unregister NMethod: java.util.stream.Collectors$$Lambda/0x00000000ba0e07a8.accept (0x00007a39f2c6ad08) [0x00007a39f2c6ae00, 0x00007a39f2c6b440] 
[1,787s][debug][gc,nmethod     ] GC(0) O: Unregister NMethod: java.lang.StringLatin1.newString (0x00007a39d3441f88) [0x00007a39d3442080, 0x00007a39d34423a0] 
[1,787s][debug][gc,nmethod     ] GC(0) O: Unregister NMethod: java.lang.System$1.uncheckedCountPositives (0x00007a39d3472288) [0x00007a39d3472380, 0x00007a39d34725d8] 
[1,787s][debug][gc,nmethod     ] GC(0) O: Unregister NMethod: java.lang.invoke.DirectMethodHandle.constructorMethod (0x00007a39d35bcd88) [0x00007a39d35bce80, 0x00007a39d35bd1a0] 
[1,787s][debug][gc,nmethod     ] GC(0) O: Unregister NMethod: java.util.HashMap.putVal (0x00007a39f2bf9a88) [0x00007a39f2bf9ba0, 0x00007a39f2bfb478] 
[1,787s][debug][gc,nmethod     ] GC(0) O: Unregister NMethod: jdk.internal.classfile.impl.BufWriterImpl.writeU1U2 (0x00007a39d34e9388) [0x00007a39d34e9480, 0x00007a39d34e9918] 
[1,787s][debug][gc,nmethod     ] GC(0) O: Unregister NMethod: jdk.internal.jimage.ImageStringsReader.unmaskedHashCode (0x00007a39d351be88) [0x00007a39d351bf80, 0x00007a39d351d180] 
[1,787s][debug][gc,nmethod     ] GC(0) O: Unregister NMethod: java.lang.invoke.Invokers$Holder.linkToTargetMethod (0x00007a39d352c888) [0x00007a39d352c980, 0x00007a39d352ce68] 
[1,787s][debug][gc,nmethod     ] GC(0) O: Unregister NMethod: java.io.BufferedInputStream.read (0x00007a39d3453388) [0x00007a39d3453480, 0x00007a39d34538d8] 
[1,787s][debug][gc,nmethod     ] GC(0) O: Unregister NMethod: java.lang.AbstractStringBuilder.<init> (0x00007a39d3478088) [0x00007a39d3478180, 0x00007a39d3478408] 
[1,787s][debug][gc,nmethod     ] GC(0) O: Unregister NMethod: java.util.regex.Pattern$Slice.match (0x00007a39f2c83e08) [0x00007a39f2c83f00, 0x00007a39f2c841c0] 
[1,787s][debug][gc,nmethod     ] GC(0) O: Unregister NMethod: java.lang.invoke.LambdaForm$Holder.constant_L (0x00007a39d352e688) [0x00007a39d352e780, 0x00007a39d352eaa0] 
[1,787s][debug][gc,nmethod     ] GC(0) O: Unregister NMethod: java.lang.String.<init> (0x00007a39d3478d08) [0x00007a39d3478e00, 0x00007a39d34797a0] 
[1,787s][debug][gc,nmethod     ] GC(0) O: Unregister NMethod: java.util.stream.MatchOps$1MatchSink.accept (0x00007a39d385ff08) [0x00007a39d3860000, 0x00007a39d38603f0] 
[1,787s][debug][gc,nmethod     ] GC(0) O: Unregister NMethod: java.util.HashMap.putVal (0x00007a39d342dc08) [0x00007a39d342dd00, 0x00007a39d342f9f0] 
[1,787s][debug][gc,nmethod     ] GC(0) O: Unregister NMethod: sun.reflect.generics.parser.SignatureParser.advance (0x00007a39d35bed08) [0x00007a39d35bee00, 0x00007a39d35bf418] 
[1,787s][debug][gc,nmethod     ] GC(0) O: Unregister NMethod: java.lang.StringCoding.countPositives (0x00007a39d346fe88) [0x00007a39d346ff80, 0x00007a39d3470188] 
[1,787s][debug][gc,nmethod     ] GC(0) O: Unregister NMethod: java.util.HashMap.hash (0x00007a39d3426608) [0x00007a39d3426700, 0x00007a39d3426a38] 
[1,787s][debug][gc,nmethod     ] GC(0) O: Unregister NMethod: java.lang.StringLatin1.indexOf (0x00007a39d3411308) [0x00007a39d3411400, 0x00007a39d3411888] 
[1,787s][debug][gc,nmethod     ] GC(0) O: Unregister NMethod: java.util.WeakHashMap.put (0x00007a39d3536188) [0x00007a39d3536280, 0x00007a39d3537bc0] 
[1,787s][debug][gc,nmethod     ] GC(0) O: Unregister NMethod: java.lang.Class.isArray (0x00007a39d341f188) [0x00007a39d341f280, 0x00007a39d341f400] 
[1,787s][debug][gc,nmethod     ] GC(0) O: Unregister NMethod: java.nio.DirectIntBufferU.ix (0x00007a39d3681288) [0x00007a39d3681380, 0x00007a39d3681490] 
[1,787s][debug][gc,nmethod     ] GC(0) O: Unregister NMethod: java.lang.String.getBytes (0x00007a39d3466788) [0x00007a39d3466880, 0x00007a39d3467608] 
[1,787s][debug][gc,nmethod     ] GC(0) O: Unregister NMethod: java.lang.String.isEmpty (0x00007a39d3411008) [0x00007a39d3411100, 0x00007a39d3411288] 
[1,787s][debug][gc,nmethod     ] GC(0) O: Unregister NMethod: java.lang.AbstractStringBuilder.needsNewBuffer (0x00007a39d3679108) [0x00007a39d3679200, 0x00007a39d36793a0] 
[1,787s][debug][gc,nmethod     ] GC(0) O: Unregister NMethod: java.lang.AbstractStringBuilder.append (0x00007a39d344f208) [0x00007a39d344f300, 0x00007a39d344ff50] 
[1,787s][debug][gc,nmethod     ] GC(0) O: Unregister NMethod: java.lang.StringBuilder.<init> (0x00007a39d347a288) [0x00007a39d347a380, 0x00007a39d347a4b8] 
[1,787s][debug][gc,nmethod     ] GC(0) O: Unregister NMethod: java.util.regex.Pattern$BmpCharPropertyGreedy.match (0x00007a39f2c2be08) [0x00007a39f2c2bf00, 0x00007a39f2c2c2d0] 
[1,787s][debug][gc,nmethod     ] GC(0) O: Unregister NMethod: java.math.BigInteger.addOne (0x00007a39d3744588) [0x00007a39d3744680, 0x00007a39d3744998] 
[1,787s][debug][gc,nmethod     ] GC(0) O: Unregister NMethod: java.lang.Class.cast (0x00007a39d3563b08) [0x00007a39d3563c00, 0x00007a39d3564058] 
[1,787s][debug][gc,nmethod     ] GC(0) O: Unregister NMethod: java.lang.invoke.MethodType.parameterType (0x00007a39d344e608) [0x00007a39d344e700, 0x00007a39d344e888] 
[1,788s][debug][gc,nmethod     ] GC(0) O: Unregister NMethod: java.util.Optional.isPresent (0x00007a39d38b6408) [0x00007a39d38b6500, 0x00007a39d38b6680] 
[1,788s][debug][gc,nmethod     ] GC(0) O: Unregister NMethod: java.lang.String.charAt (0x00007a39d340e408) [0x00007a39d340e500, 0x00007a39d340ea90] 
[1,788s][debug][gc,nmethod     ] GC(0) O: Unregister NMethod: java.net.URLClassLoader.findClass (0x00007a39d360c488) [0x00007a39d360c580, 0x00007a39d360f1a0] 
[1,788s][debug][gc,nmethod     ] GC(0) O: Unregister NMethod: java.util.zip.ZipFile$CleanableResource.getInflater (0x00007a39d354a088) [0x00007a39d354a180, 0x00007a39d354a8b0] 
[1,788s][debug][gc,nmethod     ] GC(0) O: Unregister NMethod: java.util.stream.AbstractPipeline.isParallel (0x00007a39d3726388) [0x00007a39d3726480, 0x00007a39d37265b8] 
[1,788s][debug][gc,nmethod     ] GC(0) O: Unregister NMethod: org.junit.platform.commons.util.ReflectionUtils$$Lambda/0x00000000ba17d518.compare (0x00007a39d3762308) [0x00007a39d3762400, 0x00007a39d3762940] 
[1,788s][debug][gc,nmethod     ] GC(0) O: Unregister NMethod: java.lang.String.isLatin1 (0x00007a39d340d408) [0x00007a39d340d500, 0x00007a39d340d660] 
[1,788s][debug][gc,nmethod     ] GC(0) O: Unregister NMethod: java.lang.StringUTF16.getChar (0x00007a39d3678e08) [0x00007a39d3678f00, 0x00007a39d3679060] 
[1,788s][debug][gc,nmethod     ] GC(0) O: Unregister NMethod: java.lang.CharacterDataLatin1.isWhitespace (0x00007a39d35bf488) [0x00007a39d35bf580, 0x00007a39d35bf920] 
[1,788s][debug][gc,nmethod     ] GC(0) O: Unregister NMethod: java.lang.StringLatin1.indexOfChar (0x00007a39d340ee08) [0x00007a39d340ef00, 0x00007a39d340f100] 
[1,788s][debug][gc,nmethod     ] GC(0) O: Unregister NMethod: java.lang.String.indexOf (0x00007a39d340f108) [0x00007a39d340f200, 0x00007a39d340f828] 
[1,788s][debug][gc,nmethod     ] GC(0) O: Unregister NMethod: java.util.jar.JarFile.getEntry (0x00007a39d3489c88) [0x00007a39d3489d80, 0x00007a39d348a4c8] 
[1,788s][debug][gc,nmethod     ] GC(0) O: Unregister NMethod: java.util.ImmutableCollections$SetN$SetNIterator.next (0x00007a39d3414b08) [0x00007a39d3414c00, 0x00007a39d3414f68] 
[1,788s][debug][gc,nmethod     ] GC(0) O: Unregister NMethod: jdk.internal.classfile.impl.RawBytecodeHelper.next (0x00007a39d344cd08) [0x00007a39d344ce00, 0x00007a39d344d578] 
[1,788s][debug][gc,nmethod     ] GC(0) O: Unregister NMethod: java.lang.Short.toUnsignedInt (0x00007a39d3451408) [0x00007a39d3451500, 0x00007a39d34515e8] 
[1,788s][debug][gc,nmethod     ] GC(0) O: Unregister NMethod: jdk.internal.loader.URLClassPath$JarLoader.ensureOpen (0x00007a39d3481308) [0x00007a39d3481400, 0x00007a39d3481668] 
[1,788s][debug][gc,nmethod     ] GC(0) O: Unregister NMethod: java.lang.StringLatin1.getBytes (0x00007a39d3466488) [0x00007a39d3466580, 0x00007a39d3466718] 
[1,788s][debug][gc,nmethod     ] GC(0) O: Unregister NMethod: java.util.Arrays.copyOf (0x00007a39d3474888) [0x00007a39d3474980, 0x00007a39d3474d48] 
[1,788s][debug][gc,nmethod     ] GC(0) O: Unregister NMethod: java.util.ArrayList.add (0x00007a39d346f808) [0x00007a39d346f900, 0x00007a39d346fe70] 
[1,788s][debug][gc,nmethod     ] GC(0) O: Unregister NMethod: java.util.jar.JarFile.getEntry (0x00007a39d34c3308) [0x00007a39d34c3400, 0x00007a39d34c3b48] 
[1,788s][debug][gc,nmethod     ] GC(0) O: Unregister NMethod: java.util.stream.AbstractPipeline.sourceSpliterator (0x00007a39d37d6588) [0x00007a39d37d6680, 0x00007a39d37d8148] 
[1,788s][debug][gc,nmethod     ] GC(0) O: Unregister NMethod: java.lang.String.charAt (0x00007a39f2be7a88) [0x00007a39f2be7b80, 0x00007a39f2be7cb0] 
[1,789s][debug][gc,nmethod     ] GC(0) O: Unregister NMethod: jdk.internal.classfile.impl.BufWriterImpl.patchInt (0x00007a39d35fe388) [0x00007a39d35fe480, 0x00007a39d35fe660] 
[1,789s][debug][gc,nmethod     ] GC(0) O: Unregister NMethod: java.lang.String.indexOf (0x00007a39d351d508) [0x00007a39d351d600, 0x00007a39d351e100] 
[1,789s][debug][gc,nmethod     ] GC(0) O: Unregister NMethod: java.util.zip.ZipFile$CleanableResource.releaseInflater (0x00007a39d3551d88) [0x00007a39d3551e80, 0x00007a39d35523d8] 
[1,789s][debug][gc,nmethod     ] GC(0) O: Unregister NMethod: java.lang.Character.codePointAt (0x00007a39d3972988) [0x00007a39d3972a80, 0x00007a39d3973450] 
[1,789s][debug][gc,nmethod     ] GC(0) O: Unregister NMethod: jdk.internal.util.ArraysSupport.mismatch (0x00007a39d3411908) [0x00007a39d3411a00, 0x00007a39d3411de0] 
[1,789s][debug][gc,nmethod     ] GC(0) O: Unregister NMethod: java.lang.StringLatin1.lastIndexOf (0x00007a39d3412608) [0x00007a39d3412700, 0x00007a39d3412ac8] 
[1,789s][debug][gc,nmethod     ] GC(0) O: Unregister NMethod: java.util.concurrent.ConcurrentHashMap.addCount (0x00007a39d3414f88) [0x00007a39d3415080, 0x00007a39d3415d20] 
[1,789s][debug][gc,nmethod     ] GC(0) O: Unregister NMethod: java.util.LinkedHashMap.newNode (0x00007a39d3527d88) [0x00007a39d3527e80, 0x00007a39d3528068] 
[1,789s][debug][gc,nmethod     ] GC(0) O: Unregister NMethod: java.lang.String.regionMatches (0x00007a39d34c5908) [0x00007a39d34c5a00, 0x00007a39d34c6df8] 
[1,789s][debug][gc,nmethod     ] GC(0) O: Unregister NMethod: java.lang.StringBuilder.toString (0x00007a39d3478788) [0x00007a39d3478880, 0x00007a39d3478cb8] 
[1,789s][debug][gc,nmethod     ] GC(0) O: Unregister NMethod: java.nio.DirectByteBuffer.get (0x00007a39d3491c08) [0x00007a39d3491d00, 0x00007a39d3492b00] 
[1,789s][debug][gc,nmethod     ] GC(0) O: Unregister NMethod: jdk.internal.classfile.impl.SplitConstantPool.utf8Entry (0x00007a39d3467688) [0x00007a39d3467780, 0x00007a39d3468278] 
[1,789s][debug][gc,nmethod     ] GC(0) O: Unregister NMethod: java.lang.System$1.join (0x00007a39d37cae88) [0x00007a39d37caf80, 0x00007a39d37cf5c0] 
[1,789s][debug][gc,nmethod     ] GC(0) O: Unregister NMethod: jdk.internal.classfile.impl.SplitConstantPool.tryFindUtf8 (0x00007a39d345de08) [0x00007a39d345df00, 0x00007a39d345f738] 
[1,789s][debug][gc,nmethod     ] GC(0) O: Unregister NMethod: java.math.BigInteger.implMulAddCheck (0x00007a39d3744a08) [0x00007a39d3744b00, 0x00007a39d3748a90] 
[1,789s][debug][gc,nmethod     ] GC(0) O: Unregister NMethod: java.lang.String.coder (0x00007a39d340bd08) [0x00007a39d340be00, 0x00007a39d340bf28] 
[1,789s][debug][gc,nmethod     ] GC(0) O: Unregister NMethod: jdk.internal.util.StrongReferenceKey.hashCode (0x00007a39d341eb08) [0x00007a39d341ec00, 0x00007a39d341f110] 
[1,789s][debug][gc,nmethod     ] GC(0) O: Unregister NMethod: java.lang.Object.<init> (0x00007a39d3400388) [0x00007a39d3400480, 0x00007a39d3400580] 
[1,789s][debug][gc,nmethod     ] GC(0) O: Unregister NMethod: java.lang.Object.equals (0x00007a39d3438488) [0x00007a39d3438580, 0x00007a39d34386d0] 
[1,789s][debug][gc,nmethod     ] GC(0) O: Unregister NMethod: jdk.internal.loader.URLClassPath$JarLoader.getResource (0x00007a39f2c40f88) [0x00007a39f2c41080, 0x00007a39f2c42790] 
[1,789s][debug][gc,nmethod     ] GC(0) O: Unregister NMethod: jdk.internal.loader.Resource.getBytes (0x00007a39d35d9a88) [0x00007a39d35d9b80, 0x00007a39d35db070] 
[1,789s][debug][gc,nmethod     ] GC(0) O: Unregister NMethod: org.junit.platform.commons.util.Preconditions.condition (0x00007a39d3811988) [0x00007a39d3811a80, 0x00007a39d3811c60] 
[1,789s][debug][gc,nmethod     ] GC(0) O: Unregister NMethod: java.lang.invoke.DirectMethodHandle$Holder.newInvokeSpecial (0x00007a39d375e708) [0x00007a39d375e800, 0x00007a39d375f078] 
[1,789s][debug][gc,nmethod     ] GC(0) O: Unregister NMethod: java.util.HashSet.add (0x00007a39d342fa08) [0x00007a39d342fb00, 0x00007a39d342fce0] 
[1,789s][debug][gc,nmethod     ] GC(0) O: Unregister NMethod: java.util.regex.Pattern$Slice.match (0x00007a39f2c86508) [0x00007a39f2c86600, 0x00007a39f2c868e0] 
[1,789s][debug][gc,nmethod     ] GC(0) O: Unregister NMethod: java.lang.AbstractStringBuilder.needsNewBuffer (0x00007a39f2c1aa88) [0x00007a39f2c1ab80, 0x00007a39f2c1ac68] 
[1,789s][debug][gc,nmethod     ] GC(0) O: Unregister NMethod: java.util.zip.ZipFile.getEntry (0x00007a39d3486f08) [0x00007a39d3487000, 0x00007a39d34875c8] 
[1,789s][debug][gc,nmethod     ] GC(0) O: Unregister NMethod: java.nio.DirectByteBuffer.ix (0x00007a39d3491108) [0x00007a39d3491200, 0x00007a39d3491308] 
[1,789s][debug][gc,nmethod     ] GC(0) O: Unregister NMethod: jdk.internal.loader.URLClassPath$JarLoader$1.getBytes (0x00007a39d35f2e08) [0x00007a39d35f2f00, 0x00007a39d35f37e8] 
[1,789s][debug][gc,nmethod     ] GC(0) O: Unregister NMethod: java.util.concurrent.ConcurrentHashMap.casTabAt (0x00007a39d3444a88) [0x00007a39d3444b80, 0x00007a39d3444cf0] 
[1,789s][debug][gc,nmethod     ] GC(0) O: Unregister NMethod: java.util.stream.MatchOps$1MatchSink.accept (0x00007a39f2c6f188) [0x00007a39f2c6f280, 0x00007a39f2c701f8] 
[1,789s][debug][gc,nmethod     ] GC(0) O: Unregister NMethod: java.lang.AbstractStringBuilder.needsNewBuffer (0x00007a39d3445708) [0x00007a39d3445800, 0x00007a39d34459a0] 
[1,789s][debug][gc,nmethod     ] GC(0) O: Unregister NMethod: java.lang.ref.SoftReference.get (0x00007a39d3572408) [0x00007a39d3572500, 0x00007a39d35726c0] 
[1,790s][debug][gc,nmethod     ] GC(0) O: Unregister NMethod: java.lang.ref.ReferenceQueue.poll (0x00007a39d3419b08) [0x00007a39d3419c00, 0x00007a39d341a020] 
[1,790s][debug][gc,nmethod     ] GC(0) O: Unregister NMethod: java.util.jar.JarFile.checkForSpecialAttributes (0x00007a39d3482888) [0x00007a39d3482980, 0x00007a39d3483ee8] 
[1,790s][debug][gc,nmethod     ] GC(0) O: Unregister NMethod: java.util.HashSet.add (0x00007a39d3433688) [0x00007a39d3433780, 0x00007a39d3433b10] 
[1,790s][debug][gc,nmethod     ] GC(0) O: Unregister NMethod: java.util.zip.CRC32.<init> (0x00007a39d35f2b08) [0x00007a39d35f2c00, 0x00007a39d35f2d58] 
[1,790s][debug][gc,nmethod     ] GC(0) O: Unregister NMethod: java.util.regex.Pattern$$Lambda/0x00000000ba0b27a0.is (0x00007a39d3631988) [0x00007a39d3631a80, 0x00007a39d3631c30] 
[1,790s][debug][gc,nmethod     ] GC(0) O: Unregister NMethod: java.lang.StringLatin1.canEncode (0x00007a39d344e908) [0x00007a39d344ea00, 0x00007a39d344eb60] 
[1,790s][debug][gc,nmethod     ] GC(0) O: Unregister NMethod: java.util.zip.ZipFile$Source.isMetaName (0x00007a39f2c10f88) [0x00007a39f2c11080, 0x00007a39f2c113a8] 
[1,790s][debug][gc,nmethod     ] GC(0) O: Unregister NMethod: java.util.jar.JarFile.checkForSpecialAttributes (0x00007a39d34c6e08) [0x00007a39d34c6f00, 0x00007a39d34c84e0] 
[1,790s][debug][gc,nmethod     ] GC(0) O: Unregister NMethod: worker.org.gradle.internal.stream.EncodedStream$EncodedInput.read (0x00007a39d3454708) [0x00007a39d3454800, 0x00007a39d3454f58] 
[1,790s][debug][gc,nmethod     ] GC(0) O: Unregister NMethod: java.util.zip.Checksum.update (0x00007a39d35f3808) [0x00007a39d35f3900, 0x00007a39d35f3a88] 
[1,790s][debug][gc,nmethod     ] GC(0) O: Unregister NMethod: java.util.concurrent.ConcurrentHashMap.setTabAt (0x00007a39d346e488) [0x00007a39d346e580, 0x00007a39d346e880] 
[1,790s][debug][gc,nmethod     ] GC(0) O: Unregister NMethod: java.util.HashMap.put (0x00007a39d3433b88) [0x00007a39d3433c80, 0x00007a39d3434268] 
[1,790s][debug][gc,nmethod     ] GC(0) O: Unregister NMethod: java.util.LinkedHashMap$LinkedHashIterator.hasNext (0x00007a39d375f408) [0x00007a39d375f500, 0x00007a39d375f680] 
[1,790s][debug][gc,nmethod     ] GC(0) O: Unregister NMethod: jdk.internal.classfile.impl.EntryMap.put (0x00007a39d3427988) [0x00007a39d3427a80, 0x00007a39d3428150] 
[1,790s][debug][gc,nmethod     ] GC(0) O: Unregister NMethod: java.lang.String.toString (0x00007a39d34e9088) [0x00007a39d34e9180, 0x00007a39d34e9280] 
[1,790s][debug][gc,nmethod     ] GC(0) O: Unregister NMethod: java.util.regex.Pattern$Slice.match (0x00007a39d3995388) [0x00007a39d3995480, 0x00007a39d3995bc0] 
[1,790s][debug][gc,nmethod     ] GC(0) O: Unregister NMethod: java.util.LinkedHashMap.get (0x00007a39d34e1a08) [0x00007a39d34e1b00, 0x00007a39d34e1f18] 
[1,790s][debug][gc,nmethod     ] GC(0) O: Unregister NMethod: java.util.jar.Manifest$FastInputStream.readLine (0x00007a39d3486008) [0x00007a39d3486100, 0x00007a39d3486958] 
[1,790s][debug][gc,nmethod     ] GC(0) O: Unregister NMethod: jdk.internal.constant.MethodTypeDescImpl.parameterCount (0x00007a39d34c2408) [0x00007a39d34c2500, 0x00007a39d34c2638] 
[1,790s][debug][gc,nmethod     ] GC(0) O: Unregister NMethod: java.lang.String.startsWith (0x00007a39f2c4d588) [0x00007a39f2c4d680, 0x00007a39f2c4d978] 
[1,790s][debug][gc,nmethod     ] GC(0) O: Unregister NMethod: java.util.StringJoiner.<init> (0x00007a39d37bf788) [0x00007a39d37bf880, 0x00007a39d37c0580] 
[1,790s][debug][gc,nmethod     ] GC(0) O: Unregister NMethod: java.util.zip.ZipFile$Source.getEntryPos (0x00007a39d3483f08) [0x00007a39d3484000, 0x00007a39d3485ca8] 
[1,790s][debug][gc,nmethod     ] GC(0) O: Unregister NMethod: java.lang.String.startsWith (0x00007a39d340f888) [0x00007a39d340f980, 0x00007a39d3410c00] 
[1,790s][debug][gc,nmethod     ] GC(0) O: Unregister NMethod: jdk.internal.classfile.impl.BufWriterImpl.cpIndex (0x00007a39d3461888) [0x00007a39d3461980, 0x00007a39d3463978] 
[1,790s][debug][gc,nmethod     ] GC(0) O: Unregister NMethod: java.util.regex.Pattern$Slice.match (0x00007a39d3989d08) [0x00007a39d3989e00, 0x00007a39d398a540] 
[1,790s][debug][gc,nmethod     ] GC(0) O: Unregister NMethod: java.util.HashMap.afterNodeInsertion (0x00007a39d342b508) [0x00007a39d342b600, 0x00007a39d342b700] 
[1,790s][debug][gc,nmethod     ] GC(0) O: Unregister NMethod: jdk.internal.loader.URLClassPath.getLoader (0x00007a39d348b288) [0x00007a39d348b380, 0x00007a39d348d248] 
[1,790s][debug][gc,nmethod     ] GC(0) O: Unregister NMethod: java.lang.String.<init> (0x00007a39d382b688) [0x00007a39d382b780, 0x00007a39d382c340] 
[1,790s][debug][gc,nmethod     ] GC(0) O: Unregister NMethod: java.lang.StringBuilder.append (0x00007a39d3490508) [0x00007a39d3490600, 0x00007a39d3490748] 
[1,790s][debug][gc,nmethod     ] GC(0) O: Unregister NMethod: java.util.HashMap.get (0x00007a39d3434288) [0x00007a39d3434380, 0x00007a39d3434718] 
[1,790s][debug][gc,nmethod     ] GC(0) O: Unregister NMethod: jdk.internal.loader.URLClassPath.getResource (0x00007a39d35a8c88) [0x00007a39d35a8d80, 0x00007a39d35a91e8] 
[1,790s][debug][gc,nmethod     ] GC(0) O: Unregister NMethod: java.util.concurrent.ConcurrentHashMap.get (0x00007a39d341cc88) [0x00007a39d341cd80, 0x00007a39d341dd98] 
[1,790s][debug][gc,nmethod     ] GC(0) O: Unregister NMethod: java.util.ArrayList$Itr.hasNext (0x00007a39d357af88) [0x00007a39d357b080, 0x00007a39d357b210] 
[1,790s][debug][gc,nmethod     ] GC(0) O: Unregister NMethod: java.util.Objects.requireNonNull (0x00007a39d3422988) [0x00007a39d3422a80, 0x00007a39d3422c58] 
[1,790s][debug][gc,nmethod     ] GC(0) O: Unregister NMethod: java.util.stream.ReduceOps$3ReducingSink.accept (0x00007a39f2c69b08) [0x00007a39f2c69c00, 0x00007a39f2c6a9c8] 
[1,790s][debug][gc,nmethod     ] GC(0) O: Unregister NMethod: java.util.regex.Pattern$CharPropertyGreedy.match (0x00007a39f2c87c88) [0x00007a39f2c87d80, 0x00007a39f2c88978] 
[1,790s][debug][gc,nmethod     ] GC(0) O: Unregister NMethod: java.lang.Class.getTypeName (0x00007a39d37bc088) [0x00007a39d37bc180, 0x00007a39d37bf710] 
[1,790s][debug][gc,nmethod     ] GC(0) O: Unregister NMethod: java.util.zip.ZipUtils.get16 (0x00007a39d3450908) [0x00007a39d3450a00, 0x00007a39d3450e00] 
[1,790s][debug][gc,nmethod     ] GC(0) O: Unregister NMethod: java.util.regex.Pattern$BmpCharPropertyGreedy.match (0x00007a39d3632508) [0x00007a39d3632600, 0x00007a39d3632f80] 
[1,790s][debug][gc,nmethod     ] GC(0) O: Unregister NMethod: jdk.internal.classfile.impl.SplitConstantPool.canWriteDirect (0x00007a39d344bb88) [0x00007a39d344bc80, 0x00007a39d344bf78] 
[1,790s][debug][gc,nmethod     ] GC(0) O: Unregister NMethod: java.lang.invoke.MemberName.getReferenceKind (0x00007a39d347f408) [0x00007a39d347f500, 0x00007a39d347f610] 
[1,790s][debug][gc,nmethod     ] GC(0) O: Unregister NMethod: java.util.jar.JarFile.isMultiRelease (0x00007a39d3485d08) [0x00007a39d3485e00, 0x00007a39d3485ff8] 
[1,790s][debug][gc,nmethod     ] GC(0) O: Unregister NMethod: java.math.BigInteger.implMulAdd (0x00007a39d3743f08) [0x00007a39d3744000, 0x00007a39d3744220] 
[1,791s][debug][gc,nmethod     ] GC(0) O: Unregister NMethod: java.util.Objects.requireNonNull (0x00007a39d3405808) [0x00007a39d3405900, 0x00007a39d3405ad0] 
[1,791s][debug][gc,nmethod     ] GC(0) O: Unregister NMethod: java.lang.StringLatin1.equals (0x00007a39d3401d08) [0x00007a39d3401e00, 0x00007a39d3402068] 
[1,791s][debug][gc,nmethod     ] GC(0) O: Unregister NMethod: java.lang.invoke.DirectMethodHandle.allocateInstance (0x00007a39d35bd208) [0x00007a39d35bd300, 0x00007a39d35bd820] 
[1,791s][debug][gc,nmethod     ] GC(0) O: Unregister NMethod: org.junit.platform.commons.util.Preconditions.notNull (0x00007a39d381a108) [0x00007a39d381a200, 0x00007a39d381a490] 
[1,791s][debug][gc,nmethod     ] GC(0) O: Unregister NMethod: jdk.internal.classfile.impl.AbstractPoolEntry$Utf8EntryImpl.writeTo (0x00007a39d3460f08) [0x00007a39d3461000, 0x00007a39d3461810] 
[1,791s][debug][gc,nmethod     ] GC(0) O: Unregister NMethod: java.lang.AbstractStringBuilder.<init> (0x00007a39d381d288) [0x00007a39d381d380, 0x00007a39d381e1e0] 
[1,791s][debug][gc,nmethod     ] GC(0) O: Unregister NMethod: java.lang.reflect.Method.copy (0x00007a39d3761388) [0x00007a39d3761480, 0x00007a39d3761b80] 
[1,791s][debug][gc,nmethod     ] GC(0) O: Unregister NMethod: java.util.AbstractCollection.<init> (0x00007a39d3407d08) [0x00007a39d3407e00, 0x00007a39d3407f58] 
[1,791s][debug][gc,nmethod     ] GC(0) O: Unregister NMethod: sun.util.locale.LocaleUtils.isUpper (0x00007a39d362eb88) [0x00007a39d362ec80, 0x00007a39d362edd8] 
[1,791s][debug][gc,nmethod     ] GC(0) O: Unregister NMethod: java.util.ArrayList.get (0x00007a39d347d688) [0x00007a39d347d780, 0x00007a39d347da28] 
[1,791s][debug][gc,nmethod     ] GC(0) O: Unregister NMethod: java.util.Objects.equals (0x00007a39f2c5f488) [0x00007a39f2c5f580, 0x00007a39f2c5fa00] 
[1,791s][debug][gc,nmethod     ] GC(0) O: Unregister NMethod: java.lang.AbstractStringBuilder.append (0x00007a39d3490b08) [0x00007a39d3490c00, 0x00007a39d34910b8] 
[1,791s][debug][gc,nmethod     ] GC(0) O: Unregister NMethod: java.lang.StringBuilder.append (0x00007a39d344ef08) [0x00007a39d344f000, 0x00007a39d344f148] 
[1,791s][debug][gc,nmethod     ] GC(0) O: Unregister NMethod: java.util.concurrent.ConcurrentHashMap.putVal (0x00007a39d3415d88) [0x00007a39d3415e80, 0x00007a39d3418378] 
[1,791s][debug][gc,nmethod     ] GC(0) O: Unregister NMethod: java.util.StringJoiner.checkAddLength (0x00007a39d377fe88) [0x00007a39d377ff80, 0x00007a39d3780b40] 
[1,791s][debug][gc,nmethod     ] GC(0) O: Unregister NMethod: java.lang.Class.getName (0x00007a39d3454f88) [0x00007a39d3455080, 0x00007a39d3455230] 
[1,791s][debug][gc,nmethod     ] GC(0) O: Unregister NMethod: java.util.LinkedHashMap.afterNodeInsertion (0x00007a39d3528808) [0x00007a39d3528900, 0x00007a39d3528b08] 
[1,791s][debug][gc,nmethod     ] GC(0) O: Unregister NMethod: java.util.jar.JarFile.checkForSpecialAttributes (0x00007a39f2c37988) [0x00007a39f2c37a80, 0x00007a39f2c383d8] 
[1,791s][debug][gc,nmethod     ] GC(0) O: Unregister NMethod: java.util.zip.ZipFile$Source.isMetaName (0x00007a39d3473008) [0x00007a39d3473100, 0x00007a39d3473560] 
[1,791s][debug][gc,nmethod     ] GC(0) O: Unregister NMethod: java.util.Objects.equals (0x00007a39d340a608) [0x00007a39d340a700, 0x00007a39d340aa88] 
[1,791s][debug][gc,nmethod     ] GC(0) O: Unregister NMethod: java.util.LinkedHashMap$LinkedValues.toArray (0x00007a39d3838788) [0x00007a39d3838880, 0x00007a39d3838db8] 
[1,791s][debug][gc,nmethod     ] GC(0) O: Unregister NMethod: java.util.BitSet.set (0x00007a39d352d608) [0x00007a39d352d700, 0x00007a39d352e648] 
[1,791s][debug][gc,nmethod     ] GC(0) O: Unregister NMethod: java.lang.String.<init> (0x00007a39f2c4fc88) [0x00007a39f2c4fd80, 0x00007a39f2c50160] 
[1,791s][debug][gc,nmethod     ] GC(0) O: Unregister NMethod: jdk.internal.classfile.impl.EntryMap.firstToken (0x00007a39d3422388) [0x00007a39d3422480, 0x00007a39d3422970] 
[1,791s][debug][gc,nmethod     ] GC(0) O: Unregister NMethod: org.junit.platform.commons.util.ReflectionUtils$$Lambda/0x00000000ba18a488.test (0x00007a39d3860f88) [0x00007a39d3861080, 0x00007a39d3861d78] 
[1,791s][debug][gc,nmethod     ] GC(0) O: Unregister NMethod: java.nio.DirectLongBufferU.ix (0x00007a39d3489988) [0x00007a39d3489a80, 0x00007a39d3489b90] 
[1,791s][debug][gc,nmethod     ] GC(0) O: Unregister NMethod: jdk.internal.classfile.impl.SplitConstantPool.map (0x00007a39d341ac88) [0x00007a39d341ada0, 0x00007a39d341c4a0] 
[1,791s][debug][gc,nmethod     ] GC(0) O: Unregister NMethod: java.util.regex.Pattern$Slice.match (0x00007a39d3973a88) [0x00007a39d3973b80, 0x00007a39d39742c0] 
[1,791s][debug][gc,nmethod     ] GC(0) O: Unregister NMethod: java.lang.String.hashCode (0x00007a39d3400988) [0x00007a39d3400a80, 0x00007a39d3401028] 
[1,791s][debug][gc,nmethod     ] GC(0) O: Unregister NMethod: java.util.HashMap.put (0x00007a39d342c088) [0x00007a39d342c180, 0x00007a39d342c768] 
[1,791s][debug][gc,nmethod     ] GC(0) O: Unregister NMethod: java.util.HashMap.resize (0x00007a39f2bf6d88) [0x00007a39f2bf6ea0, 0x00007a39f2bf7a20] 
[1,791s][debug][gc,nmethod     ] GC(0) O: Unregister NMethod: jdk.internal.loader.URLClassPath$JarLoader.findResource (0x00007a39d3682488) [0x00007a39d3682580, 0x00007a39d3682788] 
[1,791s][debug][gc,nmethod     ] GC(0) O: Unregister NMethod: java.util.ArrayList.add (0x00007a39f2c6b488) [0x00007a39f2c6b580, 0x00007a39f2c6bca0] 
[1,791s][debug][gc,nmethod     ] GC(0) O: Unregister NMethod: java.util.ArrayList$ArrayListSpliterator.tryAdvance (0x00007a39d3861d88) [0x00007a39d3861e80, 0x00007a39d3862568] 
[1,791s][debug][gc,nmethod     ] GC(0) O: Unregister NMethod: java.util.zip.ZipFile.ensureOpen (0x00007a39d347dd88) [0x00007a39d347de80, 0x00007a39d347e150] 
[1,791s][debug][gc,nmethod     ] GC(0) O: Unregister NMethod: java.util.stream.ReferencePipeline$2$1.accept (0x00007a39d3428188) [0x00007a39d3428280, 0x00007a39d3428840] 
[1,791s][debug][gc,nmethod     ] GC(0) O: Unregister NMethod: sun.net.www.ParseUtil.firstEncodeIndex (0x00007a39d3412b08) [0x00007a39d3412c00, 0x00007a39d3413ad8] 
[1,791s][debug][gc,nmethod     ] GC(0) O: Unregister NMethod: jdk.internal.loader.Resource.getByteBuffer (0x00007a39d35f1c88) [0x00007a39d35f1d80, 0x00007a39d35f2af8] 
[1,791s][debug][gc,nmethod     ] GC(0) O: Unregister NMethod: jdk.internal.loader.Resource.cachedInputStream (0x00007a39d350e488) [0x00007a39d350e580, 0x00007a39d350ebf8] 
[1,792s][debug][gc,nmethod     ] GC(0) O: Unregister NMethod: java.lang.CharacterData.of (0x00007a39d34e7988) [0x00007a39d34e7a80, 0x00007a39d34e81c0] 
[1,792s][debug][gc,nmethod     ] GC(0) O: Unregister NMethod: java.lang.invoke.MethodType.parameterCount (0x00007a39d3422f88) [0x00007a39d3423080, 0x00007a39d34231b8] 
[1,792s][debug][gc,nmethod     ] GC(0) O: Unregister NMethod: java.lang.CharacterDataLatin1.getProperties (0x00007a39d34e7688) [0x00007a39d34e7780, 0x00007a39d34e78b0] 
[1,792s][debug][gc,nmethod     ] GC(0) O: Unregister NMethod: java.lang.Record.<init> (0x00007a39d3455888) [0x00007a39d3455980, 0x00007a39d3455ad8] 
[1,792s][debug][gc,nmethod     ] GC(0) O: Unregister NMethod: java.util.concurrent.ConcurrentHashMap.tabAt (0x00007a39d3414108) [0x00007a39d3414200, 0x00007a39d3414748] 
[1,792s][debug][gc,nmethod     ] GC(0) O: Unregister NMethod: java.util.concurrent.ConcurrentHashMap.get (0x00007a39f2c35b08) [0x00007a39f2c35c00, 0x00007a39f2c36738] 
[1,792s][debug][gc,nmethod     ] GC(0) O: Unregister NMethod: jdk.internal.classfile.impl.RawBytecodeHelper.endBci (0x00007a39d344bf88) [0x00007a39d344c080, 0x00007a39d344c1b8] 
[1,792s][debug][gc,nmethod     ] GC(0) O: Unregister NMethod: java.util.StringJoiner.add (0x00007a39f2c64208) [0x00007a39f2c64300, 0x00007a39f2c64968] 
[1,792s][debug][gc,nmethod     ] GC(0) O: Unregister NMethod: java.lang.ClassLoader.checkName (0x00007a39d3481688) [0x00007a39d3481780, 0x00007a39d34824c8] 
[1,792s][debug][gc,nmethod     ] GC(0) O: Unregister NMethod: java.util.HashMap.resize (0x00007a39d343e308) [0x00007a39d343e420, 0x00007a39d3440100] 
[1,792s][debug][gc,nmethod     ] GC(0) O: Unregister NMethod: sun.nio.fs.UnixPath.checkNotNul (0x00007a39d3470508) [0x00007a39d3470600, 0x00007a39d34707a0] 
[1,792s][debug][gc,nmethod     ] GC(0) O: Unregister NMethod: sun.reflect.generics.parser.SignatureParser.current (0x00007a39d35bd888) [0x00007a39d35bd980, 0x00007a39d35be790] 
[1,792s][debug][gc,nmethod     ] GC(0) O: Unregister NMethod: java.util.jar.JarFile.getJarEntry (0x00007a39d3488888) [0x00007a39d3488980, 0x00007a39d3489228] 
[1,792s][debug][gc,nmethod     ] GC(0) O: Unregister NMethod: java.util.stream.Collectors$$Lambda/0x00000000ba114238.accept (0x00007a39d385f588) [0x00007a39d385f680, 0x00007a39d385fba8] 
[1,792s][debug][gc,nmethod     ] GC(0) O: Unregister NMethod: java.lang.CharacterDataLatin1.equalsIgnoreCase (0x00007a39d34c4608) [0x00007a39d34c4700, 0x00007a39d34c4998] 
[1,792s][debug][gc,nmethod     ] GC(0) O: Unregister NMethod: java.util.stream.ReduceOps$3ReducingSink.accept (0x00007a39d3770588) [0x00007a39d3770680, 0x00007a39d37709f8] 
[1,792s][debug][gc,nmethod     ] GC(0) O: Unregister NMethod: java.util.BitSet.checkInvariants (0x00007a39d352aa88) [0x00007a39d352ab80, 0x00007a39d352acb0] 
[1,792s][debug][gc,nmethod     ] GC(0) O: Unregister NMethod: java.util.zip.ZipFile.zipCoderFor (0x00007a39d3471d08) [0x00007a39d3471e00, 0x00007a39d3472250] 
[1,792s][debug][gc,nmethod     ] GC(0) O: Unregister NMethod: java.lang.ref.Reference.reachabilityFence (0x00007a39d3478488) [0x00007a39d3478580, 0x00007a39d3478660] 
[1,792s][debug][gc,nmethod     ] GC(0) O: Unregister NMethod: java.util.WeakHashMap.remove (0x00007a39d34d2c08) [0x00007a39d34d2d00, 0x00007a39d34d4110] 
[1,792s][debug][gc,nmethod     ] GC(0) O: Unregister NMethod: java.io.BufferedInputStream.getBufIfOpen (0x00007a39f2bf9188) [0x00007a39f2bf9280, 0x00007a39f2bf93b0] 
[1,792s][debug][gc,nmethod     ] GC(0) O: Unregister NMethod: java.util.ArrayDeque.elementAt (0x00007a39d34ddf08) [0x00007a39d34de000, 0x00007a39d34de138] 
[1,792s][debug][gc,nmethod     ] GC(0) O: Unregister NMethod: java.util.HashMap.get (0x00007a39d3431488) [0x00007a39d3431580, 0x00007a39d3431918] 
[1,792s][debug][gc,nmethod     ] GC(0) O: Unregister NMethod: java.util.ArrayList.add (0x00007a39d38b5d88) [0x00007a39d38b5e80, 0x00007a39d38b63f0] 
[1,792s][debug][gc,nmethod     ] GC(0) O: Unregister NMethod: java.util.stream.Sink.end (0x00007a39d37c9b08) [0x00007a39d37c9c00, 0x00007a39d37c9d00] 
[1,792s][debug][gc,nmethod     ] GC(0) O: Unregister NMethod: jdk.internal.loader.URLClassPath$JarLoader.getResource (0x00007a39d34c3b88) [0x00007a39d34c3c80, 0x00007a39d34c45b0] 
[1,792s][debug][gc,nmethod     ] GC(0) O: Unregister NMethod: java.lang.Integer.rotateLeft (0x00007a39d3584d88) [0x00007a39d3584e80, 0x00007a39d3584f70] 
[1,792s][debug][gc,nmethod     ] GC(0) O: Unregister NMethod: java.util.LinkedHashMap.<init> (0x00007a39d380bf88) [0x00007a39d380c080, 0x00007a39d380c2b0] 
[1,792s][debug][gc,nmethod     ] GC(0) O: Unregister NMethod: java.util.StringJoiner.toString (0x00007a39d37bb508) [0x00007a39d37bb600, 0x00007a39d37bb8e0] 
[1,792s][debug][gc,nmethod     ] GC(0) O: Unregister NMethod: java.util.StringJoiner.add (0x00007a39d37b9c08) [0x00007a39d37b9d00, 0x00007a39d37bb4b8] 
[1,792s][debug][gc,nmethod     ] GC(0) O: Unregister NMethod: java.lang.String.length (0x00007a39d340cf88) [0x00007a39d340d080, 0x00007a39d340d400] 
[1,792s][debug][gc,nmethod     ] GC(0) O: Unregister NMethod: java.net.URLClassLoader.defineClass (0x00007a39d360f508) [0x00007a39d360f600, 0x00007a39d3613e98] 
[1,792s][debug][gc,nmethod     ] GC(0) O: Unregister NMethod: java.lang.StringCoding.countPositives (0x00007a39d3528f08) [0x00007a39d3529000, 0x00007a39d3529208] 
[1,792s][debug][gc,nmethod     ] GC(0) O: Unregister NMethod: jdk.internal.misc.Unsafe.getShortUnaligned (0x00007a39d3450588) [0x00007a39d3450680, 0x00007a39d34508a8] 
[1,792s][debug][gc,nmethod     ] GC(0) O: Unregister NMethod: java.lang.Character.codePointBefore (0x00007a39d3974308) [0x00007a39d3974400, 0x00007a39d3974bc8] 
[1,792s][debug][gc,nmethod     ] GC(0) O: Unregister NMethod: java.util.jar.JarFile.getEntry (0x00007a39f2c3ed88) [0x00007a39f2c3ee80, 0x00007a39f2c402f0] 
[1,792s][debug][gc,nmethod     ] GC(0) O: Unregister NMethod: java.util.zip.ZipFile$Source.nextEntryPos (0x00007a39d3472c08) [0x00007a39d3472d00, 0x00007a39d3472fb8] 
[1,792s][debug][gc,nmethod     ] GC(0) O: Unregister NMethod: java.util.ImmutableCollections$SetN.probe (0x00007a39d3401388) [0x00007a39d3401480, 0x00007a39d3401ca8] 
[1,792s][debug][gc,nmethod     ] GC(0) O: Unregister NMethod: sun.reflect.annotation.AnnotationInvocationHandler.invoke (0x00007a39d37f4408) [0x00007a39d37f4500, 0x00007a39d37f6790] 
[1,792s][debug][gc,nmethod     ] GC(0) O: Unregister NMethod: jdk.internal.misc.Unsafe.putReferenceRelease (0x00007a39d346e188) [0x00007a39d346e280, 0x00007a39d346e3f8] 
[1,792s][debug][gc,nmethod     ] GC(0) O: Unregister NMethod: jdk.internal.util.ReferencedKeyMap.removeStaleReferences (0x00007a39d341a088) [0x00007a39d341a180, 0x00007a39d341a7a0] 
[1,793s][debug][gc,nmethod     ] Register NMethod: java.lang.StringUTF16.compress (0x00007a39f2c9c108) [0x00007a39f2c9c2c0, 0x00007a39f2c9c718] Compiler: jvmci, Barriers: 0, Oops: 0, ImmediateOops: 0, NonImmediateOops: No
[1,793s][debug][gc,nmethod     ] GC(0) O: Unregister NMethod: java.util.Spliterators$ArraySpliterator.forEachRemaining (0x00007a39d37d5708) [0x00007a39d37d5800, 0x00007a39d37d5dd0] 
[1,793s][debug][gc,nmethod     ] GC(0) O: Unregister NMethod: java.io.BufferedInputStream.getBufIfOpen (0x00007a39d3453908) [0x00007a39d3453a00, 0x00007a39d3453e18] 
[1,793s][debug][gc,nmethod     ] GC(0) O: Unregister NMethod: java.util.stream.ReferencePipeline$3$1.accept (0x00007a39f2c67608) [0x00007a39f2c67700, 0x00007a39f2c683e8] 
[1,793s][debug][gc,phases      ] GC(0) O: Concurrent Classes Unlink 7,876ms
[1,793s][debug][gc,phases,start] GC(0) O: Concurrent Classes Purge
[1,793s][debug][gc,nmethod     ] GC(0) O: Purge NMethod: org.junit.platform.commons.util.ReflectionUtils.defaultMethodSorter (0x00007a39d3762c88) [0x00007a39d3762d80, 0x00007a39d3763f98] 
[1,793s][debug][gc,nmethod     ] GC(0) O: Purge NMethod: sun.util.locale.LocaleUtils.toLower (0x00007a39d3636688) [0x00007a39d3636780, 0x00007a39d3636980] 
[1,793s][debug][gc,nmethod     ] GC(0) O: Purge NMethod: org.junit.platform.commons.util.ReflectionUtils.hasCompatibleSignature (0x00007a39d3863088) [0x00007a39d3863180, 0x00007a39d3864b50] 
[1,793s][debug][gc,nmethod     ] GC(0) O: Purge NMethod: jdk.internal.classfile.impl.SplitConstantPool.entryByIndex (0x00007a39d3420188) [0x00007a39d3420280, 0x00007a39d3422330] 
[1,793s][debug][gc,nmethod     ] GC(0) O: Purge NMethod: jdk.internal.loader.URLClassPath$JarLoader.getResource (0x00007a39f2c48c88) [0x00007a39f2c48d80, 0x00007a39f2c4a460] 
[1,793s][debug][gc,nmethod     ] GC(0) O: Purge NMethod: java.lang.String.startsWith (0x00007a39d3410c08) [0x00007a39d3410d00, 0x00007a39d3410ff8] 
[1,793s][debug][gc,nmethod     ] GC(0) O: Purge NMethod: java.util.jar.JarFile.getJarEntry (0x00007a39d34c2d08) [0x00007a39d34c2e00, 0x00007a39d34c3300] 
[1,793s][debug][gc,nmethod     ] GC(0) O: Purge NMethod: jdk.internal.classfile.impl.RawBytecodeHelper.opcode (0x00007a39d344e308) [0x00007a39d344e400, 0x00007a39d344e508] 
[1,793s][debug][gc,nmethod     ] GC(0) O: Purge NMethod: junit.framework.TestSuite.addTestMethod (0x00007a39d3833308) [0x00007a39d3833400, 0x00007a39d38365b8] 
[1,793s][debug][gc,nmethod     ] GC(0) O: Purge NMethod: java.util.HashMap.getNode (0x00007a39d3430008) [0x00007a39d3430100, 0x00007a39d3431410] 
[1,793s][debug][gc,nmethod     ] GC(0) O: Purge NMethod: java.util.stream.Sink.begin (0x00007a39d3866488) [0x00007a39d3866580, 0x00007a39d3866680] 
[1,793s][debug][gc,nmethod     ] GC(0) O: Purge NMethod: java.math.BigInteger.mulAdd (0x00007a39d3744288) [0x00007a39d3744380, 0x00007a39d3744510] 
[1,793s][debug][gc,nmethod     ] GC(0) O: Purge NMethod: java.util.zip.ZipFile$Source.checkAndAddEntry (0x00007a39d3475908) [0x00007a39d3475a00, 0x00007a39d3477d00] 
[1,793s][debug][gc,nmethod     ] GC(0) O: Purge NMethod: java.util.concurrent.ConcurrentHashMap.putVal (0x00007a39f2c30908) [0x00007a39f2c30a00, 0x00007a39f2c31b18] 
[1,793s][debug][gc,nmethod     ] GC(0) O: Purge NMethod: java.util.stream.AbstractPipeline.evaluate (0x00007a39d37b8a08) [0x00007a39d37b8b00, 0x00007a39d37b9bf0] 
[1,793s][debug][gc,nmethod     ] GC(0) O: Purge NMethod: java.lang.String.replace (0x00007a39d346e888) [0x00007a39d346e980, 0x00007a39d346ee88] 
[1,793s][debug][gc,nmethod     ] GC(0) O: Purge NMethod: java.util.zip.ZipCoder.hash (0x00007a39d3487608) [0x00007a39d3487700, 0x00007a39d3488538] 
[1,793s][debug][gc,nmethod     ] GC(0) O: Purge NMethod: java.util.concurrent.ConcurrentHashMap.spread (0x00007a39d3413b08) [0x00007a39d3413c00, 0x00007a39d3413cf0] 
[1,793s][debug][gc,nmethod     ] GC(0) O: Purge NMethod: java.lang.String.hashCode (0x00007a39f2be7d88) [0x00007a39f2be7e80, 0x00007a39f2be8020] 
[1,793s][debug][gc,nmethod     ] GC(0) O: Purge NMethod: java.lang.module.ModuleDescriptor$Exports.isQualified (0x00007a39d3428d08) [0x00007a39d3428e00, 0x00007a39d3429190] 
[1,793s][debug][gc,nmethod     ] GC(0) O: Purge NMethod: jdk.internal.misc.Unsafe.allocateUninitializedArray (0x00007a39d3424188) [0x00007a39d3424280, 0x00007a39d3424848] 
[1,793s][debug][gc,nmethod     ] GC(0) O: Purge NMethod: java.lang.StringCoding.countNonZeroAsciiLatin1 (0x00007a39d341fb08) [0x00007a39d341fc00, 0x00007a39d341fe08] 
[1,793s][debug][gc,nmethod     ] GC(0) O: Purge NMethod: java.lang.String.getBytes (0x00007a39d3419488) [0x00007a39d3419580, 0x00007a39d3419a88] 
[1,793s][debug][gc,nmethod     ] GC(0) O: Purge NMethod: java.util.zip.ZipUtils.CENHOW (0x00007a39d3471408) [0x00007a39d3471500, 0x00007a39d3471610] 
[1,793s][debug][gc,nmethod     ] GC(0) O: Purge NMethod: java.lang.String.startsWith (0x00007a39f2c3e908) [0x00007a39f2c3ea00, 0x00007a39f2c3ed18] 
[1,793s][debug][gc,nmethod     ] GC(0) O: Purge NMethod: java.lang.String.equals (0x00007a39d3407508) [0x00007a39d3407600, 0x00007a39d3407cc0] 
[1,793s][debug][gc,nmethod     ] GC(0) O: Purge NMethod: java.util.stream.SortedOps$SizedRefSortingSink.accept (0x00007a39d385f008) [0x00007a39d385f100, 0x00007a39d385f508] 
[1,793s][debug][gc,nmethod     ] GC(0) O: Purge NMethod: java.lang.String.startsWith (0x00007a39d38cbe08) [0x00007a39d38cbf00, 0x00007a39d38cd120] 
[1,793s][debug][gc,nmethod     ] GC(0) O: Purge NMethod: sun.util.locale.BaseLocale.hashCode (0x00007a39d3637388) [0x00007a39d3637480, 0x00007a39d363b308] 
[1,793s][debug][gc,nmethod     ] GC(0) O: Purge NMethod: java.util.stream.AbstractPipeline.evaluate (0x00007a39f2c85088) [0x00007a39f2c85180, 0x00007a39f2c864c8] 
[1,793s][debug][gc,nmethod     ] GC(0) O: Purge NMethod: java.util.Arrays.copyOfRange (0x00007a39d3440b88) [0x00007a39d3440c80, 0x00007a39d3441f50] 
[1,793s][debug][gc,nmethod     ] GC(0) O: Purge NMethod: jdk.internal.misc.Unsafe.getIntUnaligned (0x00007a39d3458608) [0x00007a39d3458700, 0x00007a39d3458948] 
[1,793s][debug][gc,nmethod     ] GC(0) O: Purge NMethod: java.lang.StringLatin1.replace (0x00007a39d3455b88) [0x00007a39d3455c80, 0x00007a39d3456d20] 
[1,793s][debug][gc,nmethod     ] GC(0) O: Purge NMethod: java.lang.String.isLatin1 (0x00007a39d3680f88) [0x00007a39d3681080, 0x00007a39d36811e0] 
[1,793s][debug][gc,nmethod     ] GC(0) O: Purge NMethod: java.util.HashMap.putVal (0x00007a39d3438a88) [0x00007a39d3438b80, 0x00007a39d343af10] 
[1,793s][debug][gc,nmethod     ] GC(0) O: Purge NMethod: java.util.regex.Pattern$$Lambda/0x00000000ba110988.is (0x00007a39d396f708) [0x00007a39d396f800, 0x00007a39d396fa38] 
[1,793s][debug][gc,nmethod     ] GC(0) O: Purge NMethod: java.lang.StringLatin1.indexOf (0x00007a39d351d208) [0x00007a39d351d300, 0x00007a39d351d4e0] 
[1,793s][debug][gc,nmethod     ] GC(0) O: Purge NMethod: jdk.internal.util.ArraysSupport.hashCodeOfUnsigned (0x00007a39d3402088) [0x00007a39d3402180, 0x00007a39d34023f8] 
[1,794s][debug][gc,nmethod     ] GC(0) O: Purge NMethod: java.util.jar.JarFile.getJarEntry (0x00007a39f2c47288) [0x00007a39f2c47380, 0x00007a39f2c48948] 
[1,794s][debug][gc,nmethod     ] GC(0) O: Purge NMethod: java.lang.String.hashCode (0x00007a39d3418388) [0x00007a39d3418480, 0x00007a39d3418a28] 
[1,794s][debug][gc,nmethod     ] GC(0) O: Purge NMethod: java.lang.Character.charCount (0x00007a39d36ad588) [0x00007a39d36ad680, 0x00007a39d36ad7d0] 
[1,794s][debug][gc,nmethod     ] GC(0) O: Purge NMethod: java.util.stream.Collectors$$Lambda/0x00000000ba0e07a8.accept (0x00007a39d37c0608) [0x00007a39d37c0700, 0x00007a39d37c0e28] 
[1,794s][debug][gc,nmethod     ] GC(0) O: Purge NMethod: java.util.stream.ReferencePipeline$3$1.accept (0x00007a39d3636c88) [0x00007a39d3636d80, 0x00007a39d3637308] 
[1,794s][debug][gc,nmethod     ] GC(0) O: Purge NMethod: java.util.ArrayList$Itr.next (0x00007a39d357bb88) [0x00007a39d357bc80, 0x00007a39d357c270] 
[1,794s][debug][gc,nmethod     ] GC(0) O: Purge NMethod: java.lang.reflect.Method.<init> (0x00007a39d3761b88) [0x00007a39d3761c80, 0x00007a39d37622f0] 
[1,794s][debug][gc,nmethod     ] GC(0) O: Purge NMethod: java.lang.String.substring (0x00007a39d3443308) [0x00007a39d3443400, 0x00007a39d3443f20] 
[1,794s][debug][gc,nmethod     ] GC(0) O: Purge NMethod: jdk.internal.classfile.impl.AbstractPoolEntry$Utf8EntryImpl.<init> (0x00007a39d3460588) [0x00007a39d3460680, 0x00007a39d3460ee8] 
[1,794s][debug][gc,nmethod     ] GC(0) O: Purge NMethod: java.util.stream.AbstractPipeline.<init> (0x00007a39d37c9e08) [0x00007a39d37c9f00, 0x00007a39d37ca490] 
[1,794s][debug][gc,nmethod     ] GC(0) O: Purge NMethod: java.util.ImmutableCollections$SetN$SetNIterator.hasNext (0x00007a39d3408c88) [0x00007a39d3408d80, 0x00007a39d3408ed0] 
[1,794s][debug][gc,nmethod     ] GC(0) O: Purge NMethod: jdk.internal.util.ArraysSupport.unsignedHashCode (0x00007a39d3400008) [0x00007a39d3400100, 0x00007a39d3400310] 
[1,794s][debug][gc,nmethod     ] GC(0) O: Purge NMethod: java.util.Optional.empty (0x00007a39d3447288) [0x00007a39d3447380, 0x00007a39d3447468] 
[1,794s][debug][gc,nmethod     ] GC(0) O: Purge NMethod: jdk.internal.loader.URLClassPath$JarLoader.getResource (0x00007a39d3489288) [0x00007a39d3489380, 0x00007a39d3489960] 
[1,794s][debug][gc,nmethod     ] GC(0) O: Purge NMethod: java.util.stream.ReduceOps$ReduceOp.evaluateSequential (0x00007a39d37dcb08) [0x00007a39d37dcc00, 0x00007a39d37dd428] 
[1,794s][debug][gc,nmethod     ] GC(0) O: Purge NMethod: java.util.concurrent.ConcurrentHashMap.putIfAbsent (0x00007a39d3418d88) [0x00007a39d3418e80, 0x00007a39d3419180] 
[1,794s][debug][gc,nmethod     ] GC(0) O: Purge NMethod: jdk.internal.classfile.impl.SplitConstantPool.internalAdd (0x00007a39d3426a88) [0x00007a39d3426b80, 0x00007a39d3427968] 
[1,794s][debug][gc,nmethod     ] GC(0) O: Purge NMethod: java.lang.Math.max (0x00007a39d3447e88) [0x00007a39d3447f80, 0x00007a39d34480a8] 
[1,794s][debug][gc,nmethod     ] GC(0) O: Purge NMethod: worker.org.gradle.internal.stream.EncodedStream$EncodedInput.hexToByte (0x00007a39d3453e88) [0x00007a39d3453f80, 0x00007a39d34546c8] 
[1,794s][debug][gc,nmethod     ] GC(0) O: Purge NMethod: java.util.WeakHashMap.getTable (0x00007a39d348ac88) [0x00007a39d348ad80, 0x00007a39d348aef8] 
[1,794s][debug][gc,nmethod     ] GC(0) O: Purge NMethod: java.util.zip.ZipUtils.get32 (0x00007a39d3458988) [0x00007a39d3458a80, 0x00007a39d3458e88] 
[1,794s][debug][gc,nmethod     ] GC(0) O: Purge NMethod: jdk.internal.misc.Unsafe.getIntUnaligned (0x00007a39f2c00508) [0x00007a39f2c00600, 0x00007a39f2c006c0] 
[1,794s][debug][gc,nmethod     ] GC(0) O: Purge NMethod: java.util.zip.ZipFile$Source.isMetaName (0x00007a39d3525888) [0x00007a39d3525980, 0x00007a39d3525de0] 
[1,794s][debug][gc,nmethod     ] GC(0) O: Purge NMethod: java.util.ImmutableCollections$ListN.size (0x00007a39d35b4708) [0x00007a39d35b4800, 0x00007a39d35b4938] 
[1,794s][debug][gc,nmethod     ] GC(0) O: Purge NMethod: java.lang.String.charAt (0x00007a39d3681588) [0x00007a39d3681680, 0x00007a39d3681db8] 
[1,794s][debug][gc,nmethod     ] GC(0) O: Purge NMethod: java.lang.Math.min (0x00007a39d3412308) [0x00007a39d3412400, 0x00007a39d3412528] 
[1,794s][debug][gc,nmethod     ] GC(0) O: Purge NMethod: java.io.BufferedInputStream.read (0x00007a39f2bfb488) [0x00007a39f2bfb580, 0x00007a39f2bfb860] 
[1,794s][debug][gc,nmethod     ] GC(0) O: Purge NMethod: java.util.regex.Pattern$Slice.match (0x00007a39f2c89588) [0x00007a39f2c89680, 0x00007a39f2c899d0] 
[1,794s][debug][gc,nmethod     ] GC(0) O: Purge NMethod: java.lang.StringCoding.countPositives (0x00007a39f2c03c88) [0x00007a39f2c03d80, 0x00007a39f2c04108] 
[1,794s][debug][gc,nmethod     ] GC(0) O: Purge NMethod: java.util.zip.ZipCoder$UTF8ZipCoder.checkedHash (0x00007a39d3473588) [0x00007a39d3473680, 0x00007a39d3473aa0] 
[1,794s][debug][gc,nmethod     ] GC(0) O: Purge NMethod: java.util.HashMap.put (0x00007a39f2c2ef88) [0x00007a39f2c2f0a0, 0x00007a39f2c308b8] 
[1,794s][debug][gc,nmethod     ] GC(0) O: Purge NMethod: java.lang.String.isLatin1 (0x00007a39f2c18708) [0x00007a39f2c18800, 0x00007a39f2c188c0] 
[1,794s][debug][gc,nmethod     ] GC(0) O: Purge NMethod: java.lang.reflect.Executable$$Lambda/0x00000000ba117c60.apply (0x00007a39d37c0e88) [0x00007a39d37c0f80, 0x00007a39d37c12d0] 
[1,794s][debug][gc,nmethod     ] GC(0) O: Purge NMethod: java.util.LinkedHashMap.values (0x00007a39d381af88) [0x00007a39d381b080, 0x00007a39d381b1c8] 
[1,794s][debug][gc,nmethod     ] GC(0) O: Purge NMethod: java.lang.AbstractStringBuilder.isLatin1 (0x00007a39d3477d88) [0x00007a39d3477e80, 0x00007a39d3478040] 
[1,794s][debug][gc,nmethod     ] GC(0) O: Purge NMethod: java.util.HashMap.newNode (0x00007a39d342bc08) [0x00007a39d342bd00, 0x00007a39d342c080] 
[1,794s][debug][gc,nmethod     ] GC(0) O: Purge NMethod: java.util.stream.Collectors$$Lambda/0x00000000ba0e07a8.accept (0x00007a39f2c6ad08) [0x00007a39f2c6ae00, 0x00007a39f2c6b440] 
[1,794s][debug][gc,nmethod     ] GC(0) O: Purge NMethod: java.lang.StringLatin1.newString (0x00007a39d3441f88) [0x00007a39d3442080, 0x00007a39d34423a0] 
[1,794s][debug][gc,nmethod     ] GC(0) O: Purge NMethod: java.lang.System$1.uncheckedCountPositives (0x00007a39d3472288) [0x00007a39d3472380, 0x00007a39d34725d8] 
[1,794s][debug][gc,nmethod     ] GC(0) O: Purge NMethod: java.lang.invoke.DirectMethodHandle.constructorMethod (0x00007a39d35bcd88) [0x00007a39d35bce80, 0x00007a39d35bd1a0] 
[1,794s][debug][gc,nmethod     ] GC(0) O: Purge NMethod: java.util.HashMap.putVal (0x00007a39f2bf9a88) [0x00007a39f2bf9ba0, 0x00007a39f2bfb478] 
[1,794s][debug][gc,nmethod     ] GC(0) O: Purge NMethod: jdk.internal.classfile.impl.BufWriterImpl.writeU1U2 (0x00007a39d34e9388) [0x00007a39d34e9480, 0x00007a39d34e9918] 
[1,794s][debug][gc,nmethod     ] GC(0) O: Purge NMethod: jdk.internal.jimage.ImageStringsReader.unmaskedHashCode (0x00007a39d351be88) [0x00007a39d351bf80, 0x00007a39d351d180] 
[1,794s][debug][gc,nmethod     ] GC(0) O: Purge NMethod: java.lang.invoke.Invokers$Holder.linkToTargetMethod (0x00007a39d352c888) [0x00007a39d352c980, 0x00007a39d352ce68] 
[1,794s][debug][gc,nmethod     ] GC(0) O: Purge NMethod: java.io.BufferedInputStream.read (0x00007a39d3453388) [0x00007a39d3453480, 0x00007a39d34538d8] 
[1,794s][debug][gc,nmethod     ] GC(0) O: Purge NMethod: java.lang.AbstractStringBuilder.<init> (0x00007a39d3478088) [0x00007a39d3478180, 0x00007a39d3478408] 
[1,794s][debug][gc,nmethod     ] GC(0) O: Purge NMethod: java.util.regex.Pattern$Slice.match (0x00007a39f2c83e08) [0x00007a39f2c83f00, 0x00007a39f2c841c0] 
[1,794s][debug][gc,nmethod     ] GC(0) O: Purge NMethod: java.lang.invoke.LambdaForm$Holder.constant_L (0x00007a39d352e688) [0x00007a39d352e780, 0x00007a39d352eaa0] 
[1,794s][debug][gc,nmethod     ] GC(0) O: Purge NMethod: java.lang.String.<init> (0x00007a39d3478d08) [0x00007a39d3478e00, 0x00007a39d34797a0] 
[1,794s][debug][gc,nmethod     ] GC(0) O: Purge NMethod: java.util.stream.MatchOps$1MatchSink.accept (0x00007a39d385ff08) [0x00007a39d3860000, 0x00007a39d38603f0] 
[1,794s][debug][gc,nmethod     ] GC(0) O: Purge NMethod: java.util.HashMap.putVal (0x00007a39d342dc08) [0x00007a39d342dd00, 0x00007a39d342f9f0] 
[1,794s][debug][gc,nmethod     ] GC(0) O: Purge NMethod: sun.reflect.generics.parser.SignatureParser.advance (0x00007a39d35bed08) [0x00007a39d35bee00, 0x00007a39d35bf418] 
[1,794s][debug][gc,nmethod     ] GC(0) O: Purge NMethod: java.lang.StringCoding.countPositives (0x00007a39d346fe88) [0x00007a39d346ff80, 0x00007a39d3470188] 
[1,794s][debug][gc,nmethod     ] GC(0) O: Purge NMethod: java.util.HashMap.hash (0x00007a39d3426608) [0x00007a39d3426700, 0x00007a39d3426a38] 
[1,794s][debug][gc,nmethod     ] GC(0) O: Purge NMethod: java.lang.StringLatin1.indexOf (0x00007a39d3411308) [0x00007a39d3411400, 0x00007a39d3411888] 
[1,794s][debug][gc,nmethod     ] GC(0) O: Purge NMethod: java.util.WeakHashMap.put (0x00007a39d3536188) [0x00007a39d3536280, 0x00007a39d3537bc0] 
[1,794s][debug][gc,nmethod     ] GC(0) O: Purge NMethod: java.lang.Class.isArray (0x00007a39d341f188) [0x00007a39d341f280, 0x00007a39d341f400] 
[1,794s][debug][gc,nmethod     ] GC(0) O: Purge NMethod: java.nio.DirectIntBufferU.ix (0x00007a39d3681288) [0x00007a39d3681380, 0x00007a39d3681490] 
[1,794s][debug][gc,nmethod     ] GC(0) O: Purge NMethod: java.lang.String.getBytes (0x00007a39d3466788) [0x00007a39d3466880, 0x00007a39d3467608] 
[1,794s][debug][gc,nmethod     ] GC(0) O: Purge NMethod: java.lang.String.isEmpty (0x00007a39d3411008) [0x00007a39d3411100, 0x00007a39d3411288] 
[1,794s][debug][gc,nmethod     ] GC(0) O: Purge NMethod: java.lang.AbstractStringBuilder.needsNewBuffer (0x00007a39d3679108) [0x00007a39d3679200, 0x00007a39d36793a0] 
[1,794s][debug][gc,nmethod     ] GC(0) O: Purge NMethod: java.lang.AbstractStringBuilder.append (0x00007a39d344f208) [0x00007a39d344f300, 0x00007a39d344ff50] 
[1,794s][debug][gc,nmethod     ] GC(0) O: Purge NMethod: java.lang.StringBuilder.<init> (0x00007a39d347a288) [0x00007a39d347a380, 0x00007a39d347a4b8] 
[1,794s][debug][gc,nmethod     ] GC(0) O: Purge NMethod: java.util.regex.Pattern$BmpCharPropertyGreedy.match (0x00007a39f2c2be08) [0x00007a39f2c2bf00, 0x00007a39f2c2c2d0] 
[1,794s][debug][gc,nmethod     ] GC(0) O: Purge NMethod: java.math.BigInteger.addOne (0x00007a39d3744588) [0x00007a39d3744680, 0x00007a39d3744998] 
[1,794s][debug][gc,nmethod     ] GC(0) O: Purge NMethod: java.lang.Class.cast (0x00007a39d3563b08) [0x00007a39d3563c00, 0x00007a39d3564058] 
[1,794s][debug][gc,nmethod     ] GC(0) O: Purge NMethod: java.lang.invoke.MethodType.parameterType (0x00007a39d344e608) [0x00007a39d344e700, 0x00007a39d344e888] 
[1,794s][debug][gc,nmethod     ] GC(0) O: Purge NMethod: java.util.Optional.isPresent (0x00007a39d38b6408) [0x00007a39d38b6500, 0x00007a39d38b6680] 
[1,794s][debug][gc,nmethod     ] GC(0) O: Purge NMethod: java.lang.String.charAt (0x00007a39d340e408) [0x00007a39d340e500, 0x00007a39d340ea90] 
[1,794s][debug][gc,nmethod     ] GC(0) O: Purge NMethod: java.net.URLClassLoader.findClass (0x00007a39d360c488) [0x00007a39d360c580, 0x00007a39d360f1a0] 
[1,794s][debug][gc,nmethod     ] GC(0) O: Purge NMethod: java.util.zip.ZipFile$CleanableResource.getInflater (0x00007a39d354a088) [0x00007a39d354a180, 0x00007a39d354a8b0] 
[1,794s][debug][gc,nmethod     ] GC(0) O: Purge NMethod: java.util.stream.AbstractPipeline.isParallel (0x00007a39d3726388) [0x00007a39d3726480, 0x00007a39d37265b8] 
[1,795s][debug][gc,nmethod     ] GC(0) O: Purge NMethod: org.junit.platform.commons.util.ReflectionUtils$$Lambda/0x00000000ba17d518.compare (0x00007a39d3762308) [0x00007a39d3762400, 0x00007a39d3762940] 
[1,795s][debug][gc,nmethod     ] GC(0) O: Purge NMethod: java.lang.String.isLatin1 (0x00007a39d340d408) [0x00007a39d340d500, 0x00007a39d340d660] 
[1,795s][debug][gc,nmethod     ] GC(0) O: Purge NMethod: java.lang.StringUTF16.getChar (0x00007a39d3678e08) [0x00007a39d3678f00, 0x00007a39d3679060] 
[1,795s][debug][gc,nmethod     ] GC(0) O: Purge NMethod: java.lang.CharacterDataLatin1.isWhitespace (0x00007a39d35bf488) [0x00007a39d35bf580, 0x00007a39d35bf920] 
[1,795s][debug][gc,nmethod     ] GC(0) O: Purge NMethod: java.lang.StringLatin1.indexOfChar (0x00007a39d340ee08) [0x00007a39d340ef00, 0x00007a39d340f100] 
[1,795s][debug][gc,nmethod     ] GC(0) O: Purge NMethod: java.lang.String.indexOf (0x00007a39d340f108) [0x00007a39d340f200, 0x00007a39d340f828] 
[1,795s][debug][gc,nmethod     ] GC(0) O: Purge NMethod: java.util.jar.JarFile.getEntry (0x00007a39d3489c88) [0x00007a39d3489d80, 0x00007a39d348a4c8] 
[1,795s][debug][gc,nmethod     ] GC(0) O: Purge NMethod: java.util.ImmutableCollections$SetN$SetNIterator.next (0x00007a39d3414b08) [0x00007a39d3414c00, 0x00007a39d3414f68] 
[1,795s][debug][gc,nmethod     ] GC(0) O: Purge NMethod: jdk.internal.classfile.impl.RawBytecodeHelper.next (0x00007a39d344cd08) [0x00007a39d344ce00, 0x00007a39d344d578] 
[1,795s][debug][gc,nmethod     ] GC(0) O: Purge NMethod: java.lang.Short.toUnsignedInt (0x00007a39d3451408) [0x00007a39d3451500, 0x00007a39d34515e8] 
[1,795s][debug][gc,nmethod     ] GC(0) O: Purge NMethod: jdk.internal.loader.URLClassPath$JarLoader.ensureOpen (0x00007a39d3481308) [0x00007a39d3481400, 0x00007a39d3481668] 
[1,795s][debug][gc,nmethod     ] GC(0) O: Purge NMethod: java.lang.StringLatin1.getBytes (0x00007a39d3466488) [0x00007a39d3466580, 0x00007a39d3466718] 
[1,795s][debug][gc,nmethod     ] GC(0) O: Purge NMethod: java.util.Arrays.copyOf (0x00007a39d3474888) [0x00007a39d3474980, 0x00007a39d3474d48] 
[1,795s][debug][gc,nmethod     ] GC(0) O: Purge NMethod: java.util.ArrayList.add (0x00007a39d346f808) [0x00007a39d346f900, 0x00007a39d346fe70] 
[1,795s][debug][gc,nmethod     ] GC(0) O: Purge NMethod: java.util.jar.JarFile.getEntry (0x00007a39d34c3308) [0x00007a39d34c3400, 0x00007a39d34c3b48] 
[1,795s][debug][gc,nmethod     ] GC(0) O: Purge NMethod: java.util.stream.AbstractPipeline.sourceSpliterator (0x00007a39d37d6588) [0x00007a39d37d6680, 0x00007a39d37d8148] 
[1,795s][debug][gc,nmethod     ] GC(0) O: Purge NMethod: java.lang.String.charAt (0x00007a39f2be7a88) [0x00007a39f2be7b80, 0x00007a39f2be7cb0] 
[1,795s][debug][gc,nmethod     ] GC(0) O: Purge NMethod: jdk.internal.classfile.impl.BufWriterImpl.patchInt (0x00007a39d35fe388) [0x00007a39d35fe480, 0x00007a39d35fe660] 
[1,795s][debug][gc,nmethod     ] GC(0) O: Purge NMethod: java.lang.String.indexOf (0x00007a39d351d508) [0x00007a39d351d600, 0x00007a39d351e100] 
[1,795s][debug][gc,nmethod     ] GC(0) O: Purge NMethod: java.util.zip.ZipFile$CleanableResource.releaseInflater (0x00007a39d3551d88) [0x00007a39d3551e80, 0x00007a39d35523d8] 
[1,795s][debug][gc,nmethod     ] GC(0) O: Purge NMethod: java.lang.Character.codePointAt (0x00007a39d3972988) [0x00007a39d3972a80, 0x00007a39d3973450] 
[1,795s][debug][gc,nmethod     ] GC(0) O: Purge NMethod: jdk.internal.util.ArraysSupport.mismatch (0x00007a39d3411908) [0x00007a39d3411a00, 0x00007a39d3411de0] 
[1,795s][debug][gc,nmethod     ] GC(0) O: Purge NMethod: java.lang.StringLatin1.lastIndexOf (0x00007a39d3412608) [0x00007a39d3412700, 0x00007a39d3412ac8] 
[1,795s][debug][gc,nmethod     ] GC(0) O: Purge NMethod: java.util.concurrent.ConcurrentHashMap.addCount (0x00007a39d3414f88) [0x00007a39d3415080, 0x00007a39d3415d20] 
[1,795s][debug][gc,nmethod     ] GC(0) O: Purge NMethod: java.util.LinkedHashMap.newNode (0x00007a39d3527d88) [0x00007a39d3527e80, 0x00007a39d3528068] 
[1,795s][debug][gc,nmethod     ] GC(0) O: Purge NMethod: java.lang.String.regionMatches (0x00007a39d34c5908) [0x00007a39d34c5a00, 0x00007a39d34c6df8] 
[1,795s][debug][gc,nmethod     ] GC(0) O: Purge NMethod: java.lang.StringBuilder.toString (0x00007a39d3478788) [0x00007a39d3478880, 0x00007a39d3478cb8] 
[1,795s][debug][gc,nmethod     ] GC(0) O: Purge NMethod: java.nio.DirectByteBuffer.get (0x00007a39d3491c08) [0x00007a39d3491d00, 0x00007a39d3492b00] 
[1,795s][debug][gc,nmethod     ] GC(0) O: Purge NMethod: jdk.internal.classfile.impl.SplitConstantPool.utf8Entry (0x00007a39d3467688) [0x00007a39d3467780, 0x00007a39d3468278] 
[1,795s][debug][gc,nmethod     ] GC(0) O: Purge NMethod: java.lang.System$1.join (0x00007a39d37cae88) [0x00007a39d37caf80, 0x00007a39d37cf5c0] 
[1,795s][debug][gc,nmethod     ] GC(0) O: Purge NMethod: jdk.internal.classfile.impl.SplitConstantPool.tryFindUtf8 (0x00007a39d345de08) [0x00007a39d345df00, 0x00007a39d345f738] 
[1,795s][debug][gc,nmethod     ] GC(0) O: Purge NMethod: java.math.BigInteger.implMulAddCheck (0x00007a39d3744a08) [0x00007a39d3744b00, 0x00007a39d3748a90] 
[1,795s][debug][gc,nmethod     ] GC(0) O: Purge NMethod: java.lang.String.coder (0x00007a39d340bd08) [0x00007a39d340be00, 0x00007a39d340bf28] 
[1,795s][debug][gc,nmethod     ] GC(0) O: Purge NMethod: jdk.internal.util.StrongReferenceKey.hashCode (0x00007a39d341eb08) [0x00007a39d341ec00, 0x00007a39d341f110] 
[1,795s][debug][gc,nmethod     ] GC(0) O: Purge NMethod: java.lang.Object.<init> (0x00007a39d3400388) [0x00007a39d3400480, 0x00007a39d3400580] 
[1,795s][debug][gc,nmethod     ] GC(0) O: Purge NMethod: java.lang.Object.equals (0x00007a39d3438488) [0x00007a39d3438580, 0x00007a39d34386d0] 
[1,795s][debug][gc,nmethod     ] GC(0) O: Purge NMethod: jdk.internal.loader.URLClassPath$JarLoader.getResource (0x00007a39f2c40f88) [0x00007a39f2c41080, 0x00007a39f2c42790] 
[1,795s][debug][gc,nmethod     ] GC(0) O: Purge NMethod: jdk.internal.loader.Resource.getBytes (0x00007a39d35d9a88) [0x00007a39d35d9b80, 0x00007a39d35db070] 
[1,795s][debug][gc,nmethod     ] GC(0) O: Purge NMethod: org.junit.platform.commons.util.Preconditions.condition (0x00007a39d3811988) [0x00007a39d3811a80, 0x00007a39d3811c60] 
[1,795s][debug][gc,nmethod     ] GC(0) O: Purge NMethod: java.lang.invoke.DirectMethodHandle$Holder.newInvokeSpecial (0x00007a39d375e708) [0x00007a39d375e800, 0x00007a39d375f078] 
[1,795s][debug][gc,nmethod     ] GC(0) O: Purge NMethod: java.util.HashSet.add (0x00007a39d342fa08) [0x00007a39d342fb00, 0x00007a39d342fce0] 
[1,795s][debug][gc,nmethod     ] GC(0) O: Purge NMethod: java.util.regex.Pattern$Slice.match (0x00007a39f2c86508) [0x00007a39f2c86600, 0x00007a39f2c868e0] 
[1,795s][debug][gc,nmethod     ] GC(0) O: Purge NMethod: java.lang.AbstractStringBuilder.needsNewBuffer (0x00007a39f2c1aa88) [0x00007a39f2c1ab80, 0x00007a39f2c1ac68] 
[1,795s][debug][gc,nmethod     ] GC(0) O: Purge NMethod: java.util.zip.ZipFile.getEntry (0x00007a39d3486f08) [0x00007a39d3487000, 0x00007a39d34875c8] 
[1,795s][debug][gc,nmethod     ] GC(0) O: Purge NMethod: java.nio.DirectByteBuffer.ix (0x00007a39d3491108) [0x00007a39d3491200, 0x00007a39d3491308] 
[1,795s][debug][gc,nmethod     ] GC(0) O: Purge NMethod: jdk.internal.loader.URLClassPath$JarLoader$1.getBytes (0x00007a39d35f2e08) [0x00007a39d35f2f00, 0x00007a39d35f37e8] 
[1,795s][debug][gc,nmethod     ] GC(0) O: Purge NMethod: java.util.concurrent.ConcurrentHashMap.casTabAt (0x00007a39d3444a88) [0x00007a39d3444b80, 0x00007a39d3444cf0] 
[1,795s][debug][gc,nmethod     ] GC(0) O: Purge NMethod: java.util.stream.MatchOps$1MatchSink.accept (0x00007a39f2c6f188) [0x00007a39f2c6f280, 0x00007a39f2c701f8] 
[1,795s][debug][gc,nmethod     ] GC(0) O: Purge NMethod: java.lang.AbstractStringBuilder.needsNewBuffer (0x00007a39d3445708) [0x00007a39d3445800, 0x00007a39d34459a0] 
[1,795s][debug][gc,nmethod     ] GC(0) O: Purge NMethod: java.lang.ref.SoftReference.get (0x00007a39d3572408) [0x00007a39d3572500, 0x00007a39d35726c0] 
[1,795s][debug][gc,nmethod     ] GC(0) O: Purge NMethod: java.lang.ref.ReferenceQueue.poll (0x00007a39d3419b08) [0x00007a39d3419c00, 0x00007a39d341a020] 
[1,795s][debug][gc,nmethod     ] GC(0) O: Purge NMethod: java.util.jar.JarFile.checkForSpecialAttributes (0x00007a39d3482888) [0x00007a39d3482980, 0x00007a39d3483ee8] 
[1,795s][debug][gc,nmethod     ] GC(0) O: Purge NMethod: java.util.HashSet.add (0x00007a39d3433688) [0x00007a39d3433780, 0x00007a39d3433b10] 
[1,795s][debug][gc,nmethod     ] GC(0) O: Purge NMethod: java.util.zip.CRC32.<init> (0x00007a39d35f2b08) [0x00007a39d35f2c00, 0x00007a39d35f2d58] 
[1,795s][debug][gc,nmethod     ] GC(0) O: Purge NMethod: java.util.regex.Pattern$$Lambda/0x00000000ba0b27a0.is (0x00007a39d3631988) [0x00007a39d3631a80, 0x00007a39d3631c30] 
[1,795s][debug][gc,nmethod     ] GC(0) O: Purge NMethod: java.lang.StringLatin1.canEncode (0x00007a39d344e908) [0x00007a39d344ea00, 0x00007a39d344eb60] 
[1,795s][debug][gc,nmethod     ] GC(0) O: Purge NMethod: java.util.zip.ZipFile$Source.isMetaName (0x00007a39f2c10f88) [0x00007a39f2c11080, 0x00007a39f2c113a8] 
[1,795s][debug][gc,nmethod     ] GC(0) O: Purge NMethod: java.util.jar.JarFile.checkForSpecialAttributes (0x00007a39d34c6e08) [0x00007a39d34c6f00, 0x00007a39d34c84e0] 
[1,795s][debug][gc,nmethod     ] GC(0) O: Purge NMethod: worker.org.gradle.internal.stream.EncodedStream$EncodedInput.read (0x00007a39d3454708) [0x00007a39d3454800, 0x00007a39d3454f58] 
[1,795s][debug][gc,nmethod     ] GC(0) O: Purge NMethod: java.util.zip.Checksum.update (0x00007a39d35f3808) [0x00007a39d35f3900, 0x00007a39d35f3a88] 
[1,795s][debug][gc,nmethod     ] GC(0) O: Purge NMethod: java.util.concurrent.ConcurrentHashMap.setTabAt (0x00007a39d346e488) [0x00007a39d346e580, 0x00007a39d346e880] 
[1,795s][debug][gc,nmethod     ] GC(0) O: Purge NMethod: java.util.HashMap.put (0x00007a39d3433b88) [0x00007a39d3433c80, 0x00007a39d3434268] 
[1,795s][debug][gc,nmethod     ] GC(0) O: Purge NMethod: java.util.LinkedHashMap$LinkedHashIterator.hasNext (0x00007a39d375f408) [0x00007a39d375f500, 0x00007a39d375f680] 
[1,795s][debug][gc,nmethod     ] GC(0) O: Purge NMethod: jdk.internal.classfile.impl.EntryMap.put (0x00007a39d3427988) [0x00007a39d3427a80, 0x00007a39d3428150] 
[1,795s][debug][gc,nmethod     ] GC(0) O: Purge NMethod: java.lang.String.toString (0x00007a39d34e9088) [0x00007a39d34e9180, 0x00007a39d34e9280] 
[1,795s][debug][gc,nmethod     ] GC(0) O: Purge NMethod: java.util.regex.Pattern$Slice.match (0x00007a39d3995388) [0x00007a39d3995480, 0x00007a39d3995bc0] 
[1,795s][debug][gc,nmethod     ] GC(0) O: Purge NMethod: java.util.LinkedHashMap.get (0x00007a39d34e1a08) [0x00007a39d34e1b00, 0x00007a39d34e1f18] 
[1,795s][debug][gc,nmethod     ] GC(0) O: Purge NMethod: java.util.jar.Manifest$FastInputStream.readLine (0x00007a39d3486008) [0x00007a39d3486100, 0x00007a39d3486958] 
[1,795s][debug][gc,nmethod     ] GC(0) O: Purge NMethod: jdk.internal.constant.MethodTypeDescImpl.parameterCount (0x00007a39d34c2408) [0x00007a39d34c2500, 0x00007a39d34c2638] 
[1,795s][debug][gc,nmethod     ] GC(0) O: Purge NMethod: java.lang.String.startsWith (0x00007a39f2c4d588) [0x00007a39f2c4d680, 0x00007a39f2c4d978] 
[1,795s][debug][gc,nmethod     ] GC(0) O: Purge NMethod: java.util.StringJoiner.<init> (0x00007a39d37bf788) [0x00007a39d37bf880, 0x00007a39d37c0580] 
[1,795s][debug][gc,nmethod     ] GC(0) O: Purge NMethod: java.util.zip.ZipFile$Source.getEntryPos (0x00007a39d3483f08) [0x00007a39d3484000, 0x00007a39d3485ca8] 
[1,795s][debug][gc,nmethod     ] GC(0) O: Purge NMethod: java.lang.String.startsWith (0x00007a39d340f888) [0x00007a39d340f980, 0x00007a39d3410c00] 
[1,795s][debug][gc,nmethod     ] GC(0) O: Purge NMethod: jdk.internal.classfile.impl.BufWriterImpl.cpIndex (0x00007a39d3461888) [0x00007a39d3461980, 0x00007a39d3463978] 
[1,795s][debug][gc,nmethod     ] GC(0) O: Purge NMethod: java.util.regex.Pattern$Slice.match (0x00007a39d3989d08) [0x00007a39d3989e00, 0x00007a39d398a540] 
[1,796s][debug][gc,nmethod     ] GC(0) O: Purge NMethod: java.util.HashMap.afterNodeInsertion (0x00007a39d342b508) [0x00007a39d342b600, 0x00007a39d342b700] 
[1,796s][debug][gc,nmethod     ] GC(0) O: Purge NMethod: jdk.internal.loader.URLClassPath.getLoader (0x00007a39d348b288) [0x00007a39d348b380, 0x00007a39d348d248] 
[1,796s][debug][gc,nmethod     ] GC(0) O: Purge NMethod: java.lang.String.<init> (0x00007a39d382b688) [0x00007a39d382b780, 0x00007a39d382c340] 
[1,796s][debug][gc,nmethod     ] GC(0) O: Purge NMethod: java.lang.StringBuilder.append (0x00007a39d3490508) [0x00007a39d3490600, 0x00007a39d3490748] 
[1,796s][debug][gc,nmethod     ] GC(0) O: Purge NMethod: java.util.HashMap.get (0x00007a39d3434288) [0x00007a39d3434380, 0x00007a39d3434718] 
[1,796s][debug][gc,nmethod     ] GC(0) O: Purge NMethod: jdk.internal.loader.URLClassPath.getResource (0x00007a39d35a8c88) [0x00007a39d35a8d80, 0x00007a39d35a91e8] 
[1,796s][debug][gc,nmethod     ] GC(0) O: Purge NMethod: java.util.concurrent.ConcurrentHashMap.get (0x00007a39d341cc88) [0x00007a39d341cd80, 0x00007a39d341dd98] 
[1,796s][debug][gc,nmethod     ] GC(0) O: Purge NMethod: java.util.ArrayList$Itr.hasNext (0x00007a39d357af88) [0x00007a39d357b080, 0x00007a39d357b210] 
[1,796s][debug][gc,nmethod     ] GC(0) O: Purge NMethod: java.util.Objects.requireNonNull (0x00007a39d3422988) [0x00007a39d3422a80, 0x00007a39d3422c58] 
[1,796s][debug][gc,nmethod     ] GC(0) O: Purge NMethod: java.util.stream.ReduceOps$3ReducingSink.accept (0x00007a39f2c69b08) [0x00007a39f2c69c00, 0x00007a39f2c6a9c8] 
[1,796s][debug][gc,nmethod     ] GC(0) O: Purge NMethod: java.util.regex.Pattern$CharPropertyGreedy.match (0x00007a39f2c87c88) [0x00007a39f2c87d80, 0x00007a39f2c88978] 
[1,796s][debug][gc,nmethod     ] GC(0) O: Purge NMethod: java.lang.Class.getTypeName (0x00007a39d37bc088) [0x00007a39d37bc180, 0x00007a39d37bf710] 
[1,796s][debug][gc,nmethod     ] GC(0) O: Purge NMethod: java.util.zip.ZipUtils.get16 (0x00007a39d3450908) [0x00007a39d3450a00, 0x00007a39d3450e00] 
[1,796s][debug][gc,nmethod     ] GC(0) O: Purge NMethod: java.util.regex.Pattern$BmpCharPropertyGreedy.match (0x00007a39d3632508) [0x00007a39d3632600, 0x00007a39d3632f80] 
[1,796s][debug][gc,nmethod     ] GC(0) O: Purge NMethod: jdk.internal.classfile.impl.SplitConstantPool.canWriteDirect (0x00007a39d344bb88) [0x00007a39d344bc80, 0x00007a39d344bf78] 
[1,796s][debug][gc,nmethod     ] GC(0) O: Purge NMethod: java.lang.invoke.MemberName.getReferenceKind (0x00007a39d347f408) [0x00007a39d347f500, 0x00007a39d347f610] 
[1,796s][debug][gc,nmethod     ] GC(0) O: Purge NMethod: java.util.jar.JarFile.isMultiRelease (0x00007a39d3485d08) [0x00007a39d3485e00, 0x00007a39d3485ff8] 
[1,796s][debug][gc,nmethod     ] GC(0) O: Purge NMethod: java.math.BigInteger.implMulAdd (0x00007a39d3743f08) [0x00007a39d3744000, 0x00007a39d3744220] 
[1,796s][debug][gc,nmethod     ] GC(0) O: Purge NMethod: java.util.Objects.requireNonNull (0x00007a39d3405808) [0x00007a39d3405900, 0x00007a39d3405ad0] 
[1,796s][debug][gc,nmethod     ] GC(0) O: Purge NMethod: java.lang.StringLatin1.equals (0x00007a39d3401d08) [0x00007a39d3401e00, 0x00007a39d3402068] 
[1,796s][debug][gc,nmethod     ] GC(0) O: Purge NMethod: java.lang.invoke.DirectMethodHandle.allocateInstance (0x00007a39d35bd208) [0x00007a39d35bd300, 0x00007a39d35bd820] 
[1,796s][debug][gc,nmethod     ] GC(0) O: Purge NMethod: org.junit.platform.commons.util.Preconditions.notNull (0x00007a39d381a108) [0x00007a39d381a200, 0x00007a39d381a490] 
[1,796s][debug][gc,nmethod     ] GC(0) O: Purge NMethod: jdk.internal.classfile.impl.AbstractPoolEntry$Utf8EntryImpl.writeTo (0x00007a39d3460f08) [0x00007a39d3461000, 0x00007a39d3461810] 
[1,796s][debug][gc,nmethod     ] GC(0) O: Purge NMethod: java.lang.AbstractStringBuilder.<init> (0x00007a39d381d288) [0x00007a39d381d380, 0x00007a39d381e1e0] 
[1,796s][debug][gc,nmethod     ] GC(0) O: Purge NMethod: java.lang.reflect.Method.copy (0x00007a39d3761388) [0x00007a39d3761480, 0x00007a39d3761b80] 
[1,796s][debug][gc,nmethod     ] GC(0) O: Purge NMethod: java.util.AbstractCollection.<init> (0x00007a39d3407d08) [0x00007a39d3407e00, 0x00007a39d3407f58] 
[1,796s][debug][gc,nmethod     ] GC(0) O: Purge NMethod: sun.util.locale.LocaleUtils.isUpper (0x00007a39d362eb88) [0x00007a39d362ec80, 0x00007a39d362edd8] 
[1,796s][debug][gc,nmethod     ] GC(0) O: Purge NMethod: java.util.ArrayList.get (0x00007a39d347d688) [0x00007a39d347d780, 0x00007a39d347da28] 
[1,796s][debug][gc,nmethod     ] GC(0) O: Purge NMethod: java.util.Objects.equals (0x00007a39f2c5f488) [0x00007a39f2c5f580, 0x00007a39f2c5fa00] 
[1,796s][debug][gc,nmethod     ] GC(0) O: Purge NMethod: java.lang.AbstractStringBuilder.append (0x00007a39d3490b08) [0x00007a39d3490c00, 0x00007a39d34910b8] 
[1,796s][debug][gc,nmethod     ] GC(0) O: Purge NMethod: java.lang.StringBuilder.append (0x00007a39d344ef08) [0x00007a39d344f000, 0x00007a39d344f148] 
[1,796s][debug][gc,nmethod     ] GC(0) O: Purge NMethod: java.util.concurrent.ConcurrentHashMap.putVal (0x00007a39d3415d88) [0x00007a39d3415e80, 0x00007a39d3418378] 
[1,796s][debug][gc,nmethod     ] GC(0) O: Purge NMethod: java.util.StringJoiner.checkAddLength (0x00007a39d377fe88) [0x00007a39d377ff80, 0x00007a39d3780b40] 
[1,796s][debug][gc,nmethod     ] GC(0) O: Purge NMethod: java.lang.Class.getName (0x00007a39d3454f88) [0x00007a39d3455080, 0x00007a39d3455230] 
[1,796s][debug][gc,nmethod     ] GC(0) O: Purge NMethod: java.util.LinkedHashMap.afterNodeInsertion (0x00007a39d3528808) [0x00007a39d3528900, 0x00007a39d3528b08] 
[1,796s][debug][gc,nmethod     ] GC(0) O: Purge NMethod: java.util.jar.JarFile.checkForSpecialAttributes (0x00007a39f2c37988) [0x00007a39f2c37a80, 0x00007a39f2c383d8] 
[1,796s][debug][gc,nmethod     ] GC(0) O: Purge NMethod: java.util.zip.ZipFile$Source.isMetaName (0x00007a39d3473008) [0x00007a39d3473100, 0x00007a39d3473560] 
[1,796s][debug][gc,nmethod     ] GC(0) O: Purge NMethod: java.util.Objects.equals (0x00007a39d340a608) [0x00007a39d340a700, 0x00007a39d340aa88] 
[1,796s][debug][gc,nmethod     ] GC(0) O: Purge NMethod: java.util.LinkedHashMap$LinkedValues.toArray (0x00007a39d3838788) [0x00007a39d3838880, 0x00007a39d3838db8] 
[1,796s][debug][gc,nmethod     ] GC(0) O: Purge NMethod: java.util.BitSet.set (0x00007a39d352d608) [0x00007a39d352d700, 0x00007a39d352e648] 
[1,796s][debug][gc,nmethod     ] GC(0) O: Purge NMethod: java.lang.String.<init> (0x00007a39f2c4fc88) [0x00007a39f2c4fd80, 0x00007a39f2c50160] 
[1,796s][debug][gc,nmethod     ] GC(0) O: Purge NMethod: jdk.internal.classfile.impl.EntryMap.firstToken (0x00007a39d3422388) [0x00007a39d3422480, 0x00007a39d3422970] 
[1,796s][debug][gc,nmethod     ] GC(0) O: Purge NMethod: org.junit.platform.commons.util.ReflectionUtils$$Lambda/0x00000000ba18a488.test (0x00007a39d3860f88) [0x00007a39d3861080, 0x00007a39d3861d78] 
[1,796s][debug][gc,nmethod     ] GC(0) O: Purge NMethod: java.nio.DirectLongBufferU.ix (0x00007a39d3489988) [0x00007a39d3489a80, 0x00007a39d3489b90] 
[1,796s][debug][gc,nmethod     ] GC(0) O: Purge NMethod: jdk.internal.classfile.impl.SplitConstantPool.map (0x00007a39d341ac88) [0x00007a39d341ada0, 0x00007a39d341c4a0] 
[1,796s][debug][gc,nmethod     ] GC(0) O: Purge NMethod: java.util.regex.Pattern$Slice.match (0x00007a39d3973a88) [0x00007a39d3973b80, 0x00007a39d39742c0] 
[1,796s][debug][gc,nmethod     ] GC(0) O: Purge NMethod: java.lang.String.hashCode (0x00007a39d3400988) [0x00007a39d3400a80, 0x00007a39d3401028] 
[1,796s][debug][gc,nmethod     ] GC(0) O: Purge NMethod: java.util.HashMap.put (0x00007a39d342c088) [0x00007a39d342c180, 0x00007a39d342c768] 
[1,796s][debug][gc,nmethod     ] GC(0) O: Purge NMethod: java.util.HashMap.resize (0x00007a39f2bf6d88) [0x00007a39f2bf6ea0, 0x00007a39f2bf7a20] 
[1,796s][debug][gc,nmethod     ] GC(0) O: Purge NMethod: jdk.internal.loader.URLClassPath$JarLoader.findResource (0x00007a39d3682488) [0x00007a39d3682580, 0x00007a39d3682788] 
[1,796s][debug][gc,nmethod     ] GC(0) O: Purge NMethod: java.util.ArrayList.add (0x00007a39f2c6b488) [0x00007a39f2c6b580, 0x00007a39f2c6bca0] 
[1,796s][debug][gc,nmethod     ] GC(0) O: Purge NMethod: java.util.ArrayList$ArrayListSpliterator.tryAdvance (0x00007a39d3861d88) [0x00007a39d3861e80, 0x00007a39d3862568] 
[1,796s][debug][gc,nmethod     ] GC(0) O: Purge NMethod: java.util.zip.ZipFile.ensureOpen (0x00007a39d347dd88) [0x00007a39d347de80, 0x00007a39d347e150] 
[1,796s][debug][gc,nmethod     ] GC(0) O: Purge NMethod: java.util.stream.ReferencePipeline$2$1.accept (0x00007a39d3428188) [0x00007a39d3428280, 0x00007a39d3428840] 
[1,796s][debug][gc,nmethod     ] GC(0) O: Purge NMethod: sun.net.www.ParseUtil.firstEncodeIndex (0x00007a39d3412b08) [0x00007a39d3412c00, 0x00007a39d3413ad8] 
[1,796s][debug][gc,nmethod     ] GC(0) O: Purge NMethod: jdk.internal.loader.Resource.getByteBuffer (0x00007a39d35f1c88) [0x00007a39d35f1d80, 0x00007a39d35f2af8] 
[1,796s][debug][gc,nmethod     ] GC(0) O: Purge NMethod: jdk.internal.loader.Resource.cachedInputStream (0x00007a39d350e488) [0x00007a39d350e580, 0x00007a39d350ebf8] 
[1,796s][debug][gc,nmethod     ] GC(0) O: Purge NMethod: java.lang.CharacterData.of (0x00007a39d34e7988) [0x00007a39d34e7a80, 0x00007a39d34e81c0] 
[1,796s][debug][gc,nmethod     ] GC(0) O: Purge NMethod: java.lang.invoke.MethodType.parameterCount (0x00007a39d3422f88) [0x00007a39d3423080, 0x00007a39d34231b8] 
[1,796s][debug][gc,nmethod     ] GC(0) O: Purge NMethod: java.lang.CharacterDataLatin1.getProperties (0x00007a39d34e7688) [0x00007a39d34e7780, 0x00007a39d34e78b0] 
[1,796s][debug][gc,nmethod     ] GC(0) O: Purge NMethod: java.lang.Record.<init> (0x00007a39d3455888) [0x00007a39d3455980, 0x00007a39d3455ad8] 
[1,796s][debug][gc,nmethod     ] GC(0) O: Purge NMethod: java.util.concurrent.ConcurrentHashMap.tabAt (0x00007a39d3414108) [0x00007a39d3414200, 0x00007a39d3414748] 
[1,796s][debug][gc,nmethod     ] GC(0) O: Purge NMethod: java.util.concurrent.ConcurrentHashMap.get (0x00007a39f2c35b08) [0x00007a39f2c35c00, 0x00007a39f2c36738] 
[1,796s][debug][gc,nmethod     ] GC(0) O: Purge NMethod: jdk.internal.classfile.impl.RawBytecodeHelper.endBci (0x00007a39d344bf88) [0x00007a39d344c080, 0x00007a39d344c1b8] 
[1,796s][debug][gc,nmethod     ] GC(0) O: Purge NMethod: java.util.StringJoiner.add (0x00007a39f2c64208) [0x00007a39f2c64300, 0x00007a39f2c64968] 
[1,796s][debug][gc,nmethod     ] GC(0) O: Purge NMethod: java.lang.ClassLoader.checkName (0x00007a39d3481688) [0x00007a39d3481780, 0x00007a39d34824c8] 
[1,796s][debug][gc,nmethod     ] GC(0) O: Purge NMethod: java.util.HashMap.resize (0x00007a39d343e308) [0x00007a39d343e420, 0x00007a39d3440100] 
[1,796s][debug][gc,nmethod     ] GC(0) O: Purge NMethod: sun.nio.fs.UnixPath.checkNotNul (0x00007a39d3470508) [0x00007a39d3470600, 0x00007a39d34707a0] 
[1,796s][debug][gc,nmethod     ] GC(0) O: Purge NMethod: sun.reflect.generics.parser.SignatureParser.current (0x00007a39d35bd888) [0x00007a39d35bd980, 0x00007a39d35be790] 
[1,796s][debug][gc,nmethod     ] GC(0) O: Purge NMethod: java.util.jar.JarFile.getJarEntry (0x00007a39d3488888) [0x00007a39d3488980, 0x00007a39d3489228] 
[1,796s][debug][gc,nmethod     ] GC(0) O: Purge NMethod: java.util.stream.Collectors$$Lambda/0x00000000ba114238.accept (0x00007a39d385f588) [0x00007a39d385f680, 0x00007a39d385fba8] 
[1,796s][debug][gc,nmethod     ] GC(0) O: Purge NMethod: java.lang.CharacterDataLatin1.equalsIgnoreCase (0x00007a39d34c4608) [0x00007a39d34c4700, 0x00007a39d34c4998] 
[1,796s][debug][gc,nmethod     ] GC(0) O: Purge NMethod: java.util.stream.ReduceOps$3ReducingSink.accept (0x00007a39d3770588) [0x00007a39d3770680, 0x00007a39d37709f8] 
[1,796s][debug][gc,nmethod     ] GC(0) O: Purge NMethod: java.util.BitSet.checkInvariants (0x00007a39d352aa88) [0x00007a39d352ab80, 0x00007a39d352acb0] 
[1,796s][debug][gc,nmethod     ] GC(0) O: Purge NMethod: java.util.zip.ZipFile.zipCoderFor (0x00007a39d3471d08) [0x00007a39d3471e00, 0x00007a39d3472250] 
[1,796s][debug][gc,nmethod     ] GC(0) O: Purge NMethod: java.lang.ref.Reference.reachabilityFence (0x00007a39d3478488) [0x00007a39d3478580, 0x00007a39d3478660] 
[1,796s][debug][gc,nmethod     ] GC(0) O: Purge NMethod: java.util.WeakHashMap.remove (0x00007a39d34d2c08) [0x00007a39d34d2d00, 0x00007a39d34d4110] 
[1,796s][debug][gc,nmethod     ] GC(0) O: Purge NMethod: java.io.BufferedInputStream.getBufIfOpen (0x00007a39f2bf9188) [0x00007a39f2bf9280, 0x00007a39f2bf93b0] 
[1,796s][debug][gc,nmethod     ] GC(0) O: Purge NMethod: java.util.ArrayDeque.elementAt (0x00007a39d34ddf08) [0x00007a39d34de000, 0x00007a39d34de138] 
[1,796s][debug][gc,nmethod     ] GC(0) O: Purge NMethod: java.util.HashMap.get (0x00007a39d3431488) [0x00007a39d3431580, 0x00007a39d3431918] 
[1,796s][debug][gc,nmethod     ] GC(0) O: Purge NMethod: java.util.ArrayList.add (0x00007a39d38b5d88) [0x00007a39d38b5e80, 0x00007a39d38b63f0] 
[1,796s][debug][gc,nmethod     ] GC(0) O: Purge NMethod: java.util.stream.Sink.end (0x00007a39d37c9b08) [0x00007a39d37c9c00, 0x00007a39d37c9d00] 
[1,796s][debug][gc,nmethod     ] GC(0) O: Purge NMethod: jdk.internal.loader.URLClassPath$JarLoader.getResource (0x00007a39d34c3b88) [0x00007a39d34c3c80, 0x00007a39d34c45b0] 
[1,797s][debug][gc,nmethod     ] GC(0) O: Purge NMethod: java.lang.Integer.rotateLeft (0x00007a39d3584d88) [0x00007a39d3584e80, 0x00007a39d3584f70] 
[1,797s][debug][gc,nmethod     ] GC(0) O: Purge NMethod: java.util.LinkedHashMap.<init> (0x00007a39d380bf88) [0x00007a39d380c080, 0x00007a39d380c2b0] 
[1,797s][debug][gc,nmethod     ] GC(0) O: Purge NMethod: java.util.StringJoiner.toString (0x00007a39d37bb508) [0x00007a39d37bb600, 0x00007a39d37bb8e0] 
[1,797s][debug][gc,nmethod     ] GC(0) O: Purge NMethod: java.util.StringJoiner.add (0x00007a39d37b9c08) [0x00007a39d37b9d00, 0x00007a39d37bb4b8] 
[1,797s][debug][gc,nmethod     ] GC(0) O: Purge NMethod: java.lang.String.length (0x00007a39d340cf88) [0x00007a39d340d080, 0x00007a39d340d400] 
[1,797s][debug][gc,nmethod     ] GC(0) O: Purge NMethod: java.net.URLClassLoader.defineClass (0x00007a39d360f508) [0x00007a39d360f600, 0x00007a39d3613e98] 
[1,797s][debug][gc,nmethod     ] GC(0) O: Purge NMethod: java.lang.StringCoding.countPositives (0x00007a39d3528f08) [0x00007a39d3529000, 0x00007a39d3529208] 
[1,797s][debug][gc,nmethod     ] GC(0) O: Purge NMethod: jdk.internal.misc.Unsafe.getShortUnaligned (0x00007a39d3450588) [0x00007a39d3450680, 0x00007a39d34508a8] 
[1,797s][debug][gc,nmethod     ] GC(0) O: Purge NMethod: java.lang.Character.codePointBefore (0x00007a39d3974308) [0x00007a39d3974400, 0x00007a39d3974bc8] 
[1,797s][debug][gc,nmethod     ] GC(0) O: Purge NMethod: java.util.jar.JarFile.getEntry (0x00007a39f2c3ed88) [0x00007a39f2c3ee80, 0x00007a39f2c402f0] 
[1,797s][debug][gc,nmethod     ] GC(0) O: Purge NMethod: java.util.zip.ZipFile$Source.nextEntryPos (0x00007a39d3472c08) [0x00007a39d3472d00, 0x00007a39d3472fb8] 
[1,797s][debug][gc,nmethod     ] GC(0) O: Purge NMethod: java.util.ImmutableCollections$SetN.probe (0x00007a39d3401388) [0x00007a39d3401480, 0x00007a39d3401ca8] 
[1,797s][debug][gc,nmethod     ] GC(0) O: Purge NMethod: sun.reflect.annotation.AnnotationInvocationHandler.invoke (0x00007a39d37f4408) [0x00007a39d37f4500, 0x00007a39d37f6790] 
[1,797s][debug][gc,nmethod     ] GC(0) O: Purge NMethod: jdk.internal.misc.Unsafe.putReferenceRelease (0x00007a39d346e188) [0x00007a39d346e280, 0x00007a39d346e3f8] 
[1,797s][debug][gc,nmethod     ] GC(0) O: Purge NMethod: jdk.internal.util.ReferencedKeyMap.removeStaleReferences (0x00007a39d341a088) [0x00007a39d341a180, 0x00007a39d341a7a0] 
[1,797s][debug][gc,nmethod     ] GC(0) O: Purge NMethod: java.util.Spliterators$ArraySpliterator.forEachRemaining (0x00007a39d37d5708) [0x00007a39d37d5800, 0x00007a39d37d5dd0] 
[1,797s][debug][gc,nmethod     ] GC(0) O: Purge NMethod: java.io.BufferedInputStream.getBufIfOpen (0x00007a39d3453908) [0x00007a39d3453a00, 0x00007a39d3453e18] 
[1,797s][debug][gc,nmethod     ] GC(0) O: Purge NMethod: java.util.stream.ReferencePipeline$3$1.accept (0x00007a39f2c67608) [0x00007a39f2c67700, 0x00007a39f2c683e8] 
[1,797s][debug][gc,nmethod     ] Register NMethod: java.lang.Character.digit (0x00007a39d39edc08) [0x00007a39d39edd00, 0x00007a39d39ee030] Compiler: c1, Barriers: 0, Oops: 0, ImmediateOops: 0, NonImmediateOops: No
[1,797s][debug][gc,nmethod     ] Register NMethod: com.sun.org.apache.xerces.internal.xni.QName.clear (0x00007a39d3418d88) [0x00007a39d3418e80, 0x00007a39d3419180] Compiler: c1, Barriers: 12, Oops: 0, ImmediateOops: 0, NonImmediateOops: No
[1,797s][debug][gc,nmethod     ] Register NMethod: com.sun.org.apache.xerces.internal.xni.QName.<init> (0x00007a39d340a608) [0x00007a39d340a700, 0x00007a39d340aac8] Compiler: c1, Barriers: 12, Oops: 0, ImmediateOops: 0, NonImmediateOops: No
[1,797s][debug][gc,phases      ] GC(0) O: Concurrent Classes Purge 4,014ms
[1,797s][debug][gc,phases,start] GC(0) O: Concurrent References Enqueue
[1,797s][debug][gc,phases      ] GC(0) O: Concurrent References Enqueue 0,010ms
[1,797s][debug][gc,nmethod     ] Register NMethod: java.lang.Character.digit (0x00007a39d3428d08) [0x00007a39d3428e00, 0x00007a39d3429188] Compiler: c1, Barriers: 0, Oops: 0, ImmediateOops: 0, NonImmediateOops: No
[1,797s][info ][gc,phases      ] GC(0) O: Concurrent Process Non-Strong 13,300ms
[1,797s][debug][gc,phases,start] GC(0) O: Concurrent Reset Relocation Set
[1,797s][info ][gc,phases      ] GC(0) O: Concurrent Reset Relocation Set 0,009ms
[1,797s][debug][gc,phases,start] GC(0) O: Concurrent Select Relocation Set
[1,797s][debug][gc,nmethod     ] Register NMethod: java.lang.CharacterDataLatin1.digit (0x00007a39d341fb08) [0x00007a39d341fc00, 0x00007a39d341fe18] Compiler: c1, Barriers: 0, Oops: 0, ImmediateOops: 1, NonImmediateOops: No
[1,797s][debug][gc,reloc       ] Synchronize all workers 1 _nworkers: 0 _nsynchronized: 0
[1,797s][debug][gc,reloc       ] Synchronize all workers 1 _nworkers: 0 _nsynchronized: 0
[1,797s][debug][gc,reloc       ] GC(0) O: Relocation Set (Medium Pages): 0->0, 0 skipped, 0 forwarding entries
[1,797s][debug][gc,reloc       ] GC(0) O: Relocation Set (Small Pages): 0->0, 0 skipped, 0 forwarding entries
[1,797s][debug][gc,task        ] GC(0) O: Executing ZRelocationSetInstallTask using ZWorkerOld with 1 workers
[1,797s][debug][gc,reloc       ] Desynchronize all workers _nworkers: 0 _nsynchronized: 0
[1,797s][debug][gc,reloc       ] Desynchronize all workers _nworkers: 0 _nsynchronized: 0
[1,797s][info ][gc,phases      ] GC(0) O: Concurrent Select Relocation Set 0,283ms
[1,797s][debug][gc,phases,start] GC(0) O: Concurrent Remap Roots
[1,797s][info ][gc,task        ] GC(0) O: Using 2 Workers for Old Generation
[1,797s][debug][gc,task        ] GC(0) O: Executing ZRemapYoungRootsTask using ZWorkerOld with 2 workers
[1,798s][info ][gc,task        ] GC(0) O: Using 1 Workers for Old Generation
[1,798s][info ][gc,phases      ] GC(0) O: Concurrent Remap Roots 0,906ms
[1,798s][debug][gc,reloc       ] Synchronize all workers 1 _nworkers: 0 _nsynchronized: 0
[1,798s][debug][gc,reloc       ] Synchronize all workers 1 _nworkers: 0 _nsynchronized: 0
[1,798s][debug][gc,phases,start] GC(0) O: Pause Relocate Start
[1,798s][debug][gc,reloc       ] GC(0) O: Joining workers: 1
[1,798s][info ][gc,phases      ] GC(0) O: Pause Relocate Start 0,041ms
[1,798s][debug][gc,reloc       ] Desynchronize all workers _nworkers: 1 _nsynchronized: 0
[1,798s][debug][gc,reloc       ] Desynchronize all workers _nworkers: 0 _nsynchronized: 0
[1,798s][debug][gc,phases,start] GC(0) O: Concurrent Relocate
[1,798s][debug][gc,task        ] GC(0) O: Executing ZRelocateStoreBufferInstallBasePointersTask using ZWorkerOld with 1 workers
[1,798s][debug][gc             ] JNI Critical Stall (Test worker) 0,098ms
[1,798s][debug][gc,task        ] GC(0) O: Executing ZRelocateTask using ZWorkerOld with 1 workers
[1,798s][debug][gc,reloc       ] GC(0) O: Leaving workers: left: 0 _synchronize: 0 _nsynchronized: 0
[1,798s][info ][gc,phases      ] GC(0) O: Concurrent Relocate 0,059ms
[1,798s][debug][gc,heap        ] GC(0) O: Heap After GC invocations=1 (full 1):
[1,798s][debug][gc,heap        ] GC(0) O:  ZHeap           used 64M, capacity 5120M, max capacity 12288M
[1,798s][debug][gc,heap        ] GC(0) O:   Cache          5056M (2)
[1,798s][debug][gc,heap        ] GC(0) O:    size classes  32M (1), 4G (1)
[1,798s][debug][gc,metaspace   ] GC(0) O: Metaspace After GC invocations=1 (full 1):
[1,798s][debug][gc,metaspace   ] GC(0) O:  Metaspace       used 22335K, committed 22592K, reserved 1114112K
[1,798s][debug][gc,metaspace   ] GC(0) O:   class space    used 1861K, committed 1984K, reserved 1048576K
[1,798s][info ][gc,alloc       ] GC(0) O:                         Mark Start        Mark End      Relocate Start    Relocate End   
[1,798s][info ][gc,alloc       ] GC(0) O: Allocation Stalls:          0                0                0                0         
[1,798s][info ][gc,load        ] GC(0) O: Load: 3,14 (16%) / 2,14 (11%) / 1,90 (9%)
[1,798s][info ][gc,mmu         ] GC(0) O: MMU: 2ms/97,3%, 5ms/98,5%, 10ms/99,2%, 20ms/99,4%, 50ms/99,6%, 100ms/99,8%
[1,798s][info ][gc,marking     ] GC(0) O: Mark: 1 stripe(s), 1 proactive flush(es), 1 terminate flush(es), 0 completion(s), 0 continuation(s) 
[1,798s][info ][gc,nmethod     ] GC(0) O: NMethods: 2301 registered, 286 unregistered
[1,798s][info ][gc,metaspace   ] GC(0) O: Metaspace: 21M used, 22M committed, 1088M reserved
[1,798s][info ][gc,ref         ] GC(0) O:                       Encountered   Discovered     Enqueued 
[1,798s][info ][gc,ref         ] GC(0) O: Soft References:             2761            0            0 
[1,798s][info ][gc,ref         ] GC(0) O: Weak References:             1533            0            0 
[1,798s][info ][gc,ref         ] GC(0) O: Final References:               0            0            0 
[1,798s][info ][gc,ref         ] GC(0) O: Phantom References:           421            0            0 
[1,798s][info ][gc,heap        ] GC(0) O: Min Capacity: 5120M(42%)
[1,799s][info ][gc,heap        ] GC(0) O: Max Capacity: 12288M(100%)
[1,799s][info ][gc,heap        ] GC(0) O: Soft Max Capacity: 12288M(100%)
[1,799s][info ][gc,heap        ] GC(0) O: Heap Statistics:
[1,799s][info ][gc,heap        ] GC(0) O:                Mark Start          Mark End        Relocate Start      Relocate End           High               Low         
[1,799s][info ][gc,heap        ] GC(0) O:  Capacity:     5120M (42%)        5120M (42%)        5120M (42%)        5120M (42%)        5120M (42%)        5120M (42%)    
[1,799s][info ][gc,heap        ] GC(0) O:      Free:    12176M (99%)       12228M (100%)      12224M (99%)       12224M (99%)       12228M (100%)      12164M (99%)    
[1,799s][info ][gc,heap        ] GC(0) O:      Used:      112M (1%)           60M (0%)           64M (1%)           64M (1%)          124M (1%)           60M (0%)     
[1,799s][info ][gc,heap        ] GC(0) O: Old Generation Statistics:
[1,799s][info ][gc,heap        ] GC(0) O:                Mark Start          Mark End        Relocate Start      Relocate End    
[1,799s][info ][gc,heap        ] GC(0) O:      Used:        0M (0%)            0M (0%)            0M (0%)            0M (0%)     
[1,799s][info ][gc,heap        ] GC(0) O:      Live:         -                 0M (0%)            0M (0%)            0M (0%)     
[1,799s][info ][gc,heap        ] GC(0) O:   Garbage:         -                 0M (0%)            0M (0%)            0M (0%)     
[1,799s][info ][gc,heap        ] GC(0) O: Allocated:         -                 0M (0%)            0M (0%)            0M (0%)     
[1,799s][info ][gc,heap        ] GC(0) O: Reclaimed:         -                  -                 0M (0%)            0M (0%)     
[1,799s][info ][gc,heap        ] GC(0) O: Compacted:         -                  -                  -                 0M (0%)     
[1,799s][info ][gc,phases      ] GC(0) O: Old Generation 60M(0%)->64M(1%) 0,016s
[1,799s][info ][gc             ] GC(0) Major Collection (Metadata GC Threshold) 112M(1%)->64M(1%) 0,044s
[1,800s][debug][gc,nmethod     ] Register NMethod: jdk.internal.loader.URLClassPath$JarLoader$1.getCodeSourceURL (0x00007a39f2bf9188) [0x00007a39f2bf9280, 0x00007a39f2bf9388] Compiler: jvmci, Barriers: 2, Oops: 0, ImmediateOops: 0, NonImmediateOops: No
[1,802s][debug][gc,nmethod     ] Register NMethod: java.lang.invoke.MethodType.methodType (0x00007a39d3405808) [0x00007a39d3405900, 0x00007a39d3405ab0] Compiler: c1, Barriers: 0, Oops: 0, ImmediateOops: 2, NonImmediateOops: No
[1,804s][debug][gc,nmethod     ] Register NMethod: java.lang.StringLatin1.inflate (0x00007a39d3408c88) [0x00007a39d3408d80, 0x00007a39d3408f70] Compiler: c1, Barriers: 0, Oops: 0, ImmediateOops: 0, NonImmediateOops: No
[1,804s][debug][gc,nmethod     ] Register NMethod: java.lang.String.rangeCheck (0x00007a39d3528808) [0x00007a39d3528900, 0x00007a39d3528b68] Compiler: c1, Barriers: 0, Oops: 1, ImmediateOops: 1, NonImmediateOops: No
[1,806s][debug][gc,nmethod     ] Register NMethod: java.lang.invoke.MethodHandle.linkToStatic (0x00007a39f2c00508) [0x00007a39f2c00600, 0x00007a39f2c006f0] Compiler: , Barriers: 0, Oops: 0, ImmediateOops: 0, NonImmediateOops: No
[1,806s][debug][gc,director    ] Rule Major: Warmup 10%, Used: 64MB, UsedThreshold: 1228MB
[1,807s][debug][gc,nmethod     ] Register NMethod: java.lang.invoke.DirectMethodHandle.shouldBeInitialized (0x00007a39d3419488) [0x00007a39d3419580, 0x00007a39d341a6b8] Compiler: c1, Barriers: 1, Oops: 1, ImmediateOops: 9, NonImmediateOops: No
[1,807s][debug][gc,nmethod     ] Register NMethod: java.lang.invoke.MethodHandle.linkToStatic (0x00007a39f2c18708) [0x00007a39f2c18800, 0x00007a39f2c188f0] Compiler: , Barriers: 0, Oops: 0, ImmediateOops: 0, NonImmediateOops: No
[1,807s][debug][gc,nmethod     ] Register NMethod: java.net.URL.<init> (0x00007a39f2c47288) [0x00007a39f2c47380, 0x00007a39f2c48680] Compiler: jvmci, Barriers: 52, Oops: 1, ImmediateOops: 0, NonImmediateOops: No
[1,807s][debug][gc,nmethod     ] Register NMethod: java.lang.invoke.MemberName$Factory.resolveOrNull (0x00007a39d34e1a08) [0x00007a39d34e1b00, 0x00007a39d34e1f78] Compiler: c1, Barriers: 1, Oops: 0, ImmediateOops: 0, NonImmediateOops: No
[1,807s][debug][gc,nmethod     ] Register NMethod: java.lang.invoke.MethodHandle.linkToStatic (0x00007a39f2c1aa88) [0x00007a39f2c1ab80, 0x00007a39f2c1ac70] Compiler: , Barriers: 0, Oops: 0, ImmediateOops: 0, NonImmediateOops: No
[1,809s][debug][gc,nmethod     ] Register NMethod: java.lang.invoke.MethodHandle.linkToSpecial (0x00007a39f2c4d588) [0x00007a39f2c4d680, 0x00007a39f2c4d778] Compiler: , Barriers: 0, Oops: 0, ImmediateOops: 0, NonImmediateOops: No
[1,809s][debug][gc,nmethod     ] Register NMethod: java.lang.invoke.MethodHandle.invokeBasic (0x00007a39f2c83e08) [0x00007a39f2c83f00, 0x00007a39f2c84198] Compiler: , Barriers: 0, Oops: 0, ImmediateOops: 0, NonImmediateOops: No
[1,809s][debug][gc,nmethod     ] Register NMethod: java.lang.invoke.MethodHandle.linkToSpecial (0x00007a39f2c10f88) [0x00007a39f2c11080, 0x00007a39f2c11178] Compiler: , Barriers: 0, Oops: 0, ImmediateOops: 0, NonImmediateOops: No
[1,810s][debug][gc,nmethod     ] Register NMethod: java.lang.ref.SoftReference.get (0x00007a39d340bd08) [0x00007a39d340be00, 0x00007a39d340bfc0] Compiler: c1, Barriers: 2, Oops: 0, ImmediateOops: 1, NonImmediateOops: No
[1,810s][debug][gc,nmethod     ] Register NMethod: java.lang.invoke.MethodHandle.linkToStatic (0x00007a39f2c89588) [0x00007a39f2c89680, 0x00007a39f2c89770] Compiler: , Barriers: 0, Oops: 0, ImmediateOops: 0, NonImmediateOops: No
[1,811s][debug][gc,nmethod     ] Register NMethod: java.lang.Throwable.<init> (0x00007a39d344e308) [0x00007a39d344e400, 0x00007a39d344ebc0] Compiler: c1, Barriers: 13, Oops: 0, ImmediateOops: 3, NonImmediateOops: No
[1,812s][debug][gc,nmethod     ] Register NMethod: java.util.KeyValueHolder.<init> (0x00007a39d352c888) [0x00007a39d352c980, 0x00007a39d352ce48] Compiler: c1, Barriers: 6, Oops: 0, ImmediateOops: 0, NonImmediateOops: No
[1,813s][debug][gc,nmethod     ] Register NMethod: java.lang.invoke.MethodHandles$Lookup.resolveOrFail (0x00007a39d3453388) [0x00007a39d3453480, 0x00007a39d3455270] Compiler: c1, Barriers: 7, Oops: 1, ImmediateOops: 3, NonImmediateOops: No
[1,813s][debug][gc,nmethod     ] Register NMethod: java.lang.invoke.MethodHandles$Lookup.getDirectMethodForConstant (0x00007a39d3426608) [0x00007a39d3426700, 0x00007a39d3428820] Compiler: c1, Barriers: 0, Oops: 1, ImmediateOops: 4, NonImmediateOops: No
[1,814s][debug][gc,nmethod     ] Register NMethod: java.lang.invoke.MethodHandles$Lookup.canBeCached (0x00007a39d3420188) [0x00007a39d3420280, 0x00007a39d3422ac0] Compiler: c1, Barriers: 8, Oops: 1, ImmediateOops: 1, NonImmediateOops: No
[1,815s][debug][gc,nmethod     ] Register NMethod: java.lang.invoke.MethodHandle.asTypeCached (0x00007a39d344cd08) [0x00007a39d344ce00, 0x00007a39d344d520] Compiler: c1, Barriers: 4, Oops: 0, ImmediateOops: 0, NonImmediateOops: No
[1,815s][debug][gc,nmethod     ] Register NMethod: java.lang.invoke.MethodHandle.linkToStatic (0x00007a39f2c03c88) [0x00007a39f2c03d80, 0x00007a39f2c03e78] Compiler: , Barriers: 0, Oops: 0, ImmediateOops: 0, NonImmediateOops: No
[1,815s][debug][gc,nmethod     ] Register NMethod: java.lang.invoke.MethodHandle.linkToSpecial (0x00007a39f2c2be08) [0x00007a39f2c2bf00, 0x00007a39f2c2bff8] Compiler: , Barriers: 0, Oops: 0, ImmediateOops: 0, NonImmediateOops: No
[1,815s][debug][gc,nmethod     ] Register NMethod: java.lang.invoke.MethodHandle.invokeBasic (0x00007a39f2c4fc88) [0x00007a39f2c4fd80, 0x00007a39f2c50018] Compiler: , Barriers: 0, Oops: 0, ImmediateOops: 0, NonImmediateOops: No
[1,816s][debug][gc,nmethod     ] Register NMethod: java.lang.invoke.MethodHandle.linkToSpecial (0x00007a39f2c5f488) [0x00007a39f2c5f580, 0x00007a39f2c5f678] Compiler: , Barriers: 0, Oops: 0, ImmediateOops: 0, NonImmediateOops: No
[1,816s][debug][gc,nmethod     ] Register NMethod: java.lang.invoke.LambdaForm.normalizeNames (0x00007a39d343e308) [0x00007a39d343e400, 0x00007a39d3440098] Compiler: c1, Barriers: 14, Oops: 0, ImmediateOops: 0, NonImmediateOops: No
[1,816s][debug][gc,nmethod     ] Register NMethod: java.lang.invoke.MethodHandle.linkToStatic (0x00007a39f2be7d88) [0x00007a39f2be7e80, 0x00007a39f2be7f78] Compiler: , Barriers: 0, Oops: 0, ImmediateOops: 0, NonImmediateOops: No
[1,816s][debug][gc,nmethod     ] Register NMethod: sun.invoke.util.Wrapper.isIntegral (0x00007a39d3474888) [0x00007a39d3474980, 0x00007a39d3474d68] Compiler: c1, Barriers: 0, Oops: 0, ImmediateOops: 0, NonImmediateOops: No
[1,816s][debug][gc,nmethod     ] Register NMethod: sun.invoke.util.Wrapper.isNumeric (0x00007a39d3422f88) [0x00007a39d3423080, 0x00007a39d34231d0] Compiler: c1, Barriers: 0, Oops: 0, ImmediateOops: 0, NonImmediateOops: No
[1,816s][debug][gc,nmethod     ] Register NMethod: java.lang.invoke.InnerClassLambdaMetafactory.argName (0x00007a39d3855508) [0x00007a39d3855600, 0x00007a39d3856290] Compiler: c1, Barriers: 1, Oops: 1, ImmediateOops: 3, NonImmediateOops: No
[1,816s][debug][gc,nmethod     ] Register NMethod: sun.invoke.util.Wrapper.isSubwordOrInt (0x00007a39d346f808) [0x00007a39d346f900, 0x00007a39d34701e0] Compiler: c1, Barriers: 0, Oops: 0, ImmediateOops: 0, NonImmediateOops: No
[1,816s][debug][gc,nmethod     ] Register NMethod: sun.invoke.util.Wrapper.isSingleWord (0x00007a39d342b508) [0x00007a39d342b600, 0x00007a39d342b750] Compiler: c1, Barriers: 0, Oops: 0, ImmediateOops: 0, NonImmediateOops: No
[1,816s][debug][gc,nmethod     ] Register NMethod: java.lang.invoke.MethodHandle.linkToSpecial (0x00007a39f2be7a88) [0x00007a39f2be7b80, 0x00007a39f2be7c78] Compiler: , Barriers: 0, Oops: 0, ImmediateOops: 0, NonImmediateOops: No
[1,816s][debug][gc,nmethod     ] Register NMethod: java.lang.invoke.MethodHandle.invokeBasic (0x00007a39f2c64588) [0x00007a39f2c64680, 0x00007a39f2c64918] Compiler: , Barriers: 0, Oops: 0, ImmediateOops: 0, NonImmediateOops: No
[1,816s][debug][gc,nmethod     ] Register NMethod: java.lang.invoke.MethodHandle.linkToSpecial (0x00007a39f2c64208) [0x00007a39f2c64300, 0x00007a39f2c643f8] Compiler: , Barriers: 0, Oops: 0, ImmediateOops: 0, NonImmediateOops: No
[1,817s][debug][gc,director    ] Rule Major: Warmup 10%, Used: 68MB, UsedThreshold: 1228MB
[1,817s][debug][gc,nmethod     ] Register NMethod: java.lang.invoke.MethodHandle.invokeBasic (0x00007a39f2c38008) [0x00007a39f2c38100, 0x00007a39f2c38398] Compiler: , Barriers: 0, Oops: 0, ImmediateOops: 0, NonImmediateOops: No
[1,817s][debug][gc,nmethod     ] Register NMethod: java.lang.invoke.MethodHandle.linkToSpecial (0x00007a39f2c37d08) [0x00007a39f2c37e00, 0x00007a39f2c37ef8] Compiler: , Barriers: 0, Oops: 0, ImmediateOops: 0, NonImmediateOops: No
[1,819s][debug][gc,nmethod     ] Register NMethod: java.util.Arrays.fill (0x00007a39f2c37988) [0x00007a39f2c37a80, 0x00007a39f2c37c18] Compiler: jvmci, Barriers: 3, Oops: 0, ImmediateOops: 0, NonImmediateOops: No
[1,820s][debug][gc,nmethod     ] Register NMethod: java.lang.invoke.MethodHandle.linkToInterface (0x00007a39f2c36488) [0x00007a39f2c36580, 0x00007a39f2c366b0] Compiler: , Barriers: 0, Oops: 0, ImmediateOops: 0, NonImmediateOops: No
[1,822s][debug][gc,nmethod     ] Register NMethod: java.lang.Enum.equals (0x00007a39d3438488) [0x00007a39d3438580, 0x00007a39d34386d0] Compiler: c1, Barriers: 0, Oops: 0, ImmediateOops: 0, NonImmediateOops: No
[1,822s][debug][gc,nmethod     ] Register NMethod: java.lang.Integer.hashCode (0x00007a39f2c36188) [0x00007a39f2c36280, 0x00007a39f2c36308] Compiler: jvmci, Barriers: 0, Oops: 0, ImmediateOops: 0, NonImmediateOops: No
[1,823s][debug][gc,nmethod     ] Register NMethod: java.util.ImmutableCollections$ListN.get (0x00007a39f2c35e88) [0x00007a39f2c35f80, 0x00007a39f2c360c0] Compiler: jvmci, Barriers: 2, Oops: 0, ImmediateOops: 0, NonImmediateOops: No
[1,824s][debug][gc,nmethod     ] Register NMethod: sun.invoke.util.Wrapper.isDoubleWord (0x00007a39d3444a88) [0x00007a39d3444b80, 0x00007a39d3444cd0] Compiler: c1, Barriers: 0, Oops: 0, ImmediateOops: 0, NonImmediateOops: No
[1,824s][debug][gc,nmethod     ] Register NMethod: jdk.internal.classfile.impl.StackMapGenerator.of (0x00007a39d3455888) [0x00007a39d3455980, 0x00007a39d3456d08] Compiler: c1, Barriers: 12, Oops: 0, ImmediateOops: 0, NonImmediateOops: No
[1,824s][debug][gc,nmethod     ] Register NMethod: java.lang.invoke.MethodHandle.linkToVirtual (0x00007a39f2c35b08) [0x00007a39f2c35c00, 0x00007a39f2c35c28] Compiler: , Barriers: 0, Oops: 0, ImmediateOops: 0, NonImmediateOops: No
[1,826s][debug][gc,nmethod     ] Register NMethod: jdk.internal.classfile.impl.AnnotationReader.writeAnnotation (0x00007a39d3414b08) [0x00007a39d3414c00, 0x00007a39d3418a00] Compiler: c1, Barriers: 5, Oops: 1, ImmediateOops: 3, NonImmediateOops: No
[1,827s][debug][gc,director    ] Rule Major: Warmup 10%, Used: 68MB, UsedThreshold: 1228MB
[1,827s][debug][gc,nmethod     ] Register NMethod: java.lang.invoke.MethodHandle.linkToStatic (0x00007a39f2bf7788) [0x00007a39f2bf7880, 0x00007a39f2bf7978] Compiler: , Barriers: 0, Oops: 0, ImmediateOops: 0, NonImmediateOops: No
[1,827s][debug][gc,nmethod     ] Register NMethod: java.lang.invoke.Invokers.callSiteForm (0x00007a39d34c5908) [0x00007a39d34c5a00, 0x00007a39d34c8438] Compiler: c1, Barriers: 23, Oops: 1, ImmediateOops: 5, NonImmediateOops: No
[1,828s][debug][gc,nmethod     ] Register NMethod: java.lang.invoke.MethodHandle.linkToSpecial (0x00007a39f2bf7488) [0x00007a39f2bf7580, 0x00007a39f2bf7678] Compiler: , Barriers: 0, Oops: 0, ImmediateOops: 0, NonImmediateOops: No
[1,828s][debug][gc,nmethod     ] Register NMethod: jdk.internal.classfile.impl.DirectCodeBuilder.parameterSlot (0x00007a39d3770588) [0x00007a39d3770680, 0x00007a39d37709c0] Compiler: c1, Barriers: 1, Oops: 0, ImmediateOops: 0, NonImmediateOops: No
[1,828s][debug][gc,nmethod     ] Register NMethod: jdk.internal.constant.PrimitiveClassDescImpl.isPrimitive (0x00007a39f2bf7188) [0x00007a39f2bf7280, 0x00007a39f2bf7340] Compiler: c1, Barriers: 0, Oops: 0, ImmediateOops: 0, NonImmediateOops: No
[1,828s][debug][gc,nmethod     ] Register NMethod: java.lang.invoke.LambdaForm.returnType (0x00007a39d3528f08) [0x00007a39d3529000, 0x00007a39d3529220] Compiler: c1, Barriers: 3, Oops: 0, ImmediateOops: 1, NonImmediateOops: No
[1,828s][debug][gc,nmethod     ] Register NMethod: java.lang.invoke.MethodHandle.invokeBasic (0x00007a39f2bf6d88) [0x00007a39f2bf6e80, 0x00007a39f2bf7118] Compiler: , Barriers: 0, Oops: 0, ImmediateOops: 0, NonImmediateOops: No
[1,828s][debug][gc,nmethod     ] Register NMethod: java.lang.invoke.MethodHandle.linkToSpecial (0x00007a39f2c88688) [0x00007a39f2c88780, 0x00007a39f2c88878] Compiler: , Barriers: 0, Oops: 0, ImmediateOops: 0, NonImmediateOops: No
[1,828s][debug][gc,nmethod     ] Register NMethod: jdk.internal.classfile.impl.StackMapGenerator$Frame.setLocalRawInternal (0x00007a39d3632508) [0x00007a39d3632600, 0x00007a39d3632f10] Compiler: c1, Barriers: 6, Oops: 0, ImmediateOops: 0, NonImmediateOops: No
[1,829s][debug][gc,nmethod     ] Register NMethod: java.lang.Short.<init> (0x00007a39d3445708) [0x00007a39d3445800, 0x00007a39d34459c0] Compiler: c1, Barriers: 0, Oops: 0, ImmediateOops: 0, NonImmediateOops: No
[1,829s][debug][gc,nmethod     ] Register NMethod: java.util.Arrays$ArrayItr.next (0x00007a39d347d688) [0x00007a39d347d780, 0x00007a39d347da20] Compiler: c1, Barriers: 2, Oops: 0, ImmediateOops: 0, NonImmediateOops: No
[1,829s][debug][gc,nmethod     ] Register NMethod: java.lang.invoke.InvokerBytecodeGenerator.emitReferenceCast (0x00007a39d3476388) [0x00007a39d3476480, 0x00007a39d34797d0] Compiler: c1, Barriers: 9, Oops: 3, ImmediateOops: 7, NonImmediateOops: No
[1,829s][debug][gc,nmethod     ] Register NMethod: java.util.Arrays.fill (0x00007a39f2c88308) [0x00007a39f2c88400, 0x00007a39f2c88628] Compiler: jvmci, Barriers: 6, Oops: 0, ImmediateOops: 0, NonImmediateOops: No
[1,829s][debug][gc,nmethod     ] Register NMethod: java.lang.invoke.MethodHandle.linkToStatic (0x00007a39f2c88008) [0x00007a39f2c88100, 0x00007a39f2c881f0] Compiler: , Barriers: 0, Oops: 0, ImmediateOops: 0, NonImmediateOops: No
[1,830s][debug][gc,nmethod     ] Register NMethod: java.lang.invoke.MethodHandle.linkToSpecial (0x00007a39f2c87c88) [0x00007a39f2c87d80, 0x00007a39f2c87e78] Compiler: , Barriers: 0, Oops: 0, ImmediateOops: 0, NonImmediateOops: No
[1,830s][debug][gc,nmethod     ] Register NMethod: java.lang.invoke.MethodHandle.invokeBasic (0x00007a39f2c68008) [0x00007a39f2c68100, 0x00007a39f2c68398] Compiler: , Barriers: 0, Oops: 0, ImmediateOops: 0, NonImmediateOops: No
[1,830s][debug][gc,nmethod     ] Register NMethod: java.lang.invoke.MethodHandle.linkToSpecial (0x00007a39f2c67d08) [0x00007a39f2c67e00, 0x00007a39f2c67ef8] Compiler: , Barriers: 0, Oops: 0, ImmediateOops: 0, NonImmediateOops: No
[1,830s][debug][gc,nmethod     ] Register NMethod: java.lang.invoke.MethodHandle.linkToNative (0x00007a39f2c67a08) [0x00007a39f2c67b00, 0x00007a39f2c67b10] Compiler: , Barriers: 0, Oops: 0, ImmediateOops: 0, NonImmediateOops: No
[1,832s][debug][gc,nmethod     ] Register NMethod: jdk.internal.classfile.impl.StackMapDecoder$1.compare (0x00007a39d3450588) [0x00007a39d3450680, 0x00007a39d3450e40] Compiler: c1, Barriers: 4, Oops: 0, ImmediateOops: 0, NonImmediateOops: No
[1,832s][debug][gc,nmethod     ] Register NMethod: jdk.internal.classfile.impl.StackMapDecoder$1.compare (0x00007a39d346e188) [0x00007a39d346e280, 0x00007a39d346eef0] Compiler: c1, Barriers: 4, Oops: 0, ImmediateOops: 0, NonImmediateOops: No
[1,832s][debug][gc,nmethod     ] Register NMethod: java.lang.Integer.compare (0x00007a39f2c67608) [0x00007a39f2c67700, 0x00007a39f2c67778] Compiler: jvmci, Barriers: 0, Oops: 0, ImmediateOops: 0, NonImmediateOops: No
[1,832s][debug][gc,nmethod     ] Register NMethod: java.lang.classfile.CodeBuilder.loadConstant (0x00007a39d3833308) [0x00007a39d3833400, 0x00007a39d38363d8] Compiler: c1, Barriers: 14, Oops: 0, ImmediateOops: 0, NonImmediateOops: No
[1,832s][debug][gc,nmethod     ] Register NMethod: sun.invoke.util.Wrapper.basicClassDescriptor (0x00007a39f2c6a708) [0x00007a39f2c6a800, 0x00007a39f2c6a8e8] Compiler: c1, Barriers: 1, Oops: 0, ImmediateOops: 0, NonImmediateOops: No
[1,833s][debug][gc,nmethod     ] Register NMethod: java.lang.invoke.MethodHandle.linkToStatic (0x00007a39f2c6a408) [0x00007a39f2c6a500, 0x00007a39f2c6a5f0] Compiler: , Barriers: 0, Oops: 0, ImmediateOops: 0, NonImmediateOops: No
[1,834s][debug][gc,nmethod     ] Register NMethod: jdk.internal.classfile.impl.StackMapGenerator.detectFrames (0x00007a39d3722208) [0x00007a39d3722300, 0x00007a39d3725958] Compiler: c1, Barriers: 7, Oops: 1, ImmediateOops: 2, NonImmediateOops: No
[1,834s][debug][gc,nmethod     ] Register NMethod: jdk.internal.classfile.impl.DirectCodeBuilder$4.generateStackMaps (0x00007a39d375da88) [0x00007a39d375db80, 0x00007a39d375e6a0] Compiler: c1, Barriers: 2, Oops: 0, ImmediateOops: 1, NonImmediateOops: No
[1,835s][debug][gc,nmethod     ] Register NMethod: jdk.internal.classfile.impl.StackMapGenerator$Frame.setLocal (0x00007a39d3400988) [0x00007a39d3400a80, 0x00007a39d3401058] Compiler: c1, Barriers: 2, Oops: 0, ImmediateOops: 6, NonImmediateOops: No
[1,835s][debug][gc,nmethod     ] Register NMethod: jdk.internal.classfile.impl.StackMapGenerator$Frame.merge (0x00007a39d37c9b08) [0x00007a39d37c9c00, 0x00007a39d37ca4b8] Compiler: c1, Barriers: 5, Oops: 0, ImmediateOops: 0, NonImmediateOops: No
[1,835s][debug][gc,nmethod     ] Register NMethod: jdk.internal.classfile.impl.StackMapGenerator$Type.mergeFrom (0x00007a39d385f008) [0x00007a39d385f100, 0x00007a39d385fba8] Compiler: c1, Barriers: 0, Oops: 0, ImmediateOops: 6, NonImmediateOops: No
[1,835s][debug][gc,nmethod     ] Register NMethod: java.lang.invoke.AbstractValidatingLambdaMetafactory.validateMetafactoryArgs (0x00007a39d39ee088) [0x00007a39d39ee180, 0x00007a39d39fc0d0] Compiler: c1, Barriers: 156, Oops: 7, ImmediateOops: 25, NonImmediateOops: No
[1,835s][debug][gc,nmethod     ] Register NMethod: jdk.internal.classfile.impl.SplitConstantPool.writeBootstrapMethods (0x00007a39d3887b08) [0x00007a39d3887c00, 0x00007a39d3888ff0] Compiler: c1, Barriers: 2, Oops: 0, ImmediateOops: 0, NonImmediateOops: No
[1,835s][debug][gc,nmethod     ] Register NMethod: jdk.internal.classfile.impl.SplitConstantPool.writeBootstrapMethods (0x00007a39d3887b08) [0x00007a39d3887c00, 0x00007a39d3888ff0] Compiler: c1, Barriers: 2, Oops: 0, ImmediateOops: 2, NonImmediateOops: No
[1,835s][debug][gc,nmethod     ] Register NMethod: jdk.internal.classfile.impl.SplitConstantPool.writeBootstrapMethods (0x00007a39d3887b08) [0x00007a39d3887c00, 0x00007a39d3888ff0] Compiler: c1, Barriers: 2, Oops: 0, ImmediateOops: 2, NonImmediateOops: No
[1,835s][debug][gc,nmethod     ] Register NMethod: java.lang.invoke.MethodHandle.linkToStatic (0x00007a39f2c6a108) [0x00007a39f2c6a200, 0x00007a39f2c6a2f8] Compiler: , Barriers: 0, Oops: 0, ImmediateOops: 0, NonImmediateOops: No
[1,836s][debug][gc,nmethod     ] Register NMethod: java.util.Arrays.copyOf (0x00007a39f2c6b588) [0x00007a39f2c6b680, 0x00007a39f2c6bc90] Compiler: jvmci, Barriers: 1, Oops: 0, ImmediateOops: 2, NonImmediateOops: No
[1,836s][debug][gc,nmethod     ] Register NMethod: java.lang.invoke.MethodHandle.invokeBasic (0x00007a39f2c69b08) [0x00007a39f2c69c00, 0x00007a39f2c69e98] Compiler: , Barriers: 0, Oops: 0, ImmediateOops: 0, NonImmediateOops: No
[1,836s][debug][gc,nmethod     ] Register NMethod: java.lang.invoke.MethodHandle.linkToSpecial (0x00007a39f2c6b288) [0x00007a39f2c6b380, 0x00007a39f2c6b478] Compiler: , Barriers: 0, Oops: 0, ImmediateOops: 0, NonImmediateOops: No
[1,837s][debug][gc,nmethod     ] Register NMethod: java.util.Arrays.fill (0x00007a39f2c6ad08) [0x00007a39f2c6ae00, 0x00007a39f2c6b098] Compiler: jvmci, Barriers: 3, Oops: 0, ImmediateOops: 0, NonImmediateOops: No
[1,837s][debug][gc,director    ] Rule Major: Warmup 10%, Used: 72MB, UsedThreshold: 1228MB
[1,837s][debug][gc,nmethod     ] Register NMethod: jdk.internal.classfile.impl.UnboundAttribute$AdHocAttribute.writeTo (0x00007a39d34c2d08) [0x00007a39d34c2e00, 0x00007a39d34c49f0] Compiler: c1, Barriers: 5, Oops: 0, ImmediateOops: 0, NonImmediateOops: No
[1,837s][debug][gc,nmethod     ] Register NMethod: java.lang.invoke.MethodHandle.linkToNative (0x00007a39f2c6ff08) [0x00007a39f2c70000, 0x00007a39f2c70008] Compiler: , Barriers: 0, Oops: 0, ImmediateOops: 0, NonImmediateOops: No
[1,838s][debug][gc,nmethod     ] Register NMethod: jdk.internal.classfile.impl.TerminalCodeBuilder.setupTopLocal (0x00007a39d37f4408) [0x00007a39d37f4500, 0x00007a39d37f6760] Compiler: c1, Barriers: 0, Oops: 1, ImmediateOops: 3, NonImmediateOops: No
[1,838s][debug][gc,nmethod     ] Register NMethod: jdk.internal.classfile.impl.ClassReaderImpl.readU1 (0x00007a39d347dd88) [0x00007a39d347de80, 0x00007a39d347e128] Compiler: c1, Barriers: 1, Oops: 0, ImmediateOops: 1, NonImmediateOops: No
[1,838s][debug][gc,nmethod     ] Register NMethod: java.lang.invoke.MethodHandle.linkToStatic (0x00007a39f2c6fc08) [0x00007a39f2c6fd00, 0x00007a39f2c6fdf0] Compiler: , Barriers: 0, Oops: 0, ImmediateOops: 0, NonImmediateOops: No
[1,839s][debug][gc,nmethod     ] Register NMethod: jdk.internal.classfile.impl.DirectClassBuilder.setSuperclass (0x00007a39f2c6f908) [0x00007a39f2c6fa00, 0x00007a39f2c6fb30] Compiler: c1, Barriers: 3, Oops: 0, ImmediateOops: 0, NonImmediateOops: No
[1,839s][debug][gc,nmethod     ] Register NMethod: jdk.internal.classfile.impl.DirectCodeBuilder$4.writeBody (0x00007a39d360f508) [0x00007a39d360f600, 0x00007a39d3613eb8] Compiler: c1, Barriers: 36, Oops: 1, ImmediateOops: 7, NonImmediateOops: No
[1,839s][debug][gc,nmethod     ] Register NMethod: java.util.stream.Sink$ChainedReference.end (0x00007a39f2c6f608) [0x00007a39f2c6f700, 0x00007a39f2c6f840] Compiler: jvmci, Barriers: 1, Oops: 0, ImmediateOops: 0, NonImmediateOops: No
[1,839s][debug][gc,nmethod     ] Register NMethod: java.lang.classfile.CodeBuilder.invoke (0x00007a39d377fe88) [0x00007a39d377ff80, 0x00007a39d3780b10] Compiler: c1, Barriers: 0, Oops: 0, ImmediateOops: 0, NonImmediateOops: No
[1,839s][debug][gc,nmethod     ] Register NMethod: java.lang.invoke.MethodHandle.invokeBasic (0x00007a39f2c6f188) [0x00007a39f2c6f280, 0x00007a39f2c6f518] Compiler: , Barriers: 0, Oops: 0, ImmediateOops: 0, NonImmediateOops: No
[1,839s][debug][gc,nmethod     ] Register NMethod: java.lang.invoke.MethodHandle.linkToSpecial (0x00007a39f2c4a188) [0x00007a39f2c4a280, 0x00007a39f2c4a378] Compiler: , Barriers: 0, Oops: 0, ImmediateOops: 0, NonImmediateOops: No
[1,839s][debug][gc,nmethod     ] Register NMethod: java.lang.invoke.InvokerBytecodeGenerator.emitLoadInsn (0x00007a39d385ff08) [0x00007a39d3860000, 0x00007a39d3860370] Compiler: c1, Barriers: 1, Oops: 0, ImmediateOops: 0, NonImmediateOops: No
[1,839s][debug][gc,nmethod     ] Register NMethod: jdk.internal.classfile.impl.BufWriterImpl.setLabelContext (0x00007a39f2c49e88) [0x00007a39f2c49fa0, 0x00007a39f2c4a090] Compiler: jvmci, Barriers: 3, Oops: 0, ImmediateOops: 0, NonImmediateOops: No
[1,840s][debug][gc,nmethod     ] Register NMethod: java.lang.invoke.InvokerBytecodeGenerator.emitPushArgument (0x00007a39d3438a88) [0x00007a39d3438b80, 0x00007a39d343af28] Compiler: c1, Barriers: 5, Oops: 0, ImmediateOops: 4, NonImmediateOops: No
[1,840s][debug][gc,nmethod     ] Register NMethod: java.lang.invoke.InnerClassLambdaMetafactory$3.accept (0x00007a39d348b288) [0x00007a39d348b380, 0x00007a39d348d108] Compiler: c1, Barriers: 13, Oops: 0, ImmediateOops: 4, NonImmediateOops: No
[1,840s][debug][gc,nmethod     ] Register NMethod: java.lang.invoke.MethodHandle.linkToNative (0x00007a39f2c49b88) [0x00007a39f2c49c80, 0x00007a39f2c49c88] Compiler: , Barriers: 0, Oops: 0, ImmediateOops: 0, NonImmediateOops: No
[1,842s][debug][gc,nmethod     ] Register NMethod: jdk.internal.classfile.impl.StackMapGenerator$Type.isCategory2_2nd (0x00007a39d3447288) [0x00007a39d3447380, 0x00007a39d3447510] Compiler: c1, Barriers: 0, Oops: 0, ImmediateOops: 2, NonImmediateOops: No
[1,842s][debug][gc,nmethod     ] Register NMethod: java.lang.invoke.MethodHandle.linkToStatic (0x00007a39f2c49888) [0x00007a39f2c49980, 0x00007a39f2c49a70] Compiler: , Barriers: 0, Oops: 0, ImmediateOops: 0, NonImmediateOops: No
[1,842s][debug][gc,nmethod     ] Register NMethod: jdk.internal.classfile.impl.ClassReaderImpl.readU2 (0x00007a39d381a108) [0x00007a39d381a200, 0x00007a39d381a4d8] Compiler: c1, Barriers: 1, Oops: 0, ImmediateOops: 1, NonImmediateOops: No
[1,842s][debug][gc,nmethod     ] Register NMethod: java.lang.invoke.InvokerBytecodeGenerator.emitStoreResult (0x00007a39d341eb08) [0x00007a39d341ec00, 0x00007a39d341f448] Compiler: c1, Barriers: 3, Oops: 0, ImmediateOops: 1, NonImmediateOops: No
[1,843s][debug][gc,nmethod     ] Register NMethod: java.lang.invoke.MethodHandle.invokeBasic (0x00007a39f2c49488) [0x00007a39f2c49580, 0x00007a39f2c49818] Compiler: , Barriers: 0, Oops: 0, ImmediateOops: 0, NonImmediateOops: No
[1,843s][debug][gc,nmethod     ] Register NMethod: jdk.internal.util.DecimalDigits.uncheckedGetCharsLatin1 (0x00007a39d3525888) [0x00007a39d3525980, 0x00007a39d3525d40] Compiler: c1, Barriers: 0, Oops: 0, ImmediateOops: 0, NonImmediateOops: No
[1,843s][debug][gc,nmethod     ] Register NMethod: java.lang.invoke.MethodHandle.linkToSpecial (0x00007a39f2c49188) [0x00007a39f2c49280, 0x00007a39f2c49378] Compiler: , Barriers: 0, Oops: 0, ImmediateOops: 0, NonImmediateOops: No
[1,843s][debug][gc,nmethod     ] Register NMethod: java.lang.invoke.InvokerBytecodeGenerator.methodDesc (0x00007a39d3762c88) [0x00007a39d3762d80, 0x00007a39d3763e88] Compiler: c1, Barriers: 19, Oops: 1, ImmediateOops: 1, NonImmediateOops: No
[1,844s][debug][gc,nmethod     ] Register NMethod: jdk.internal.classfile.impl.SplitConstantPool.utf8Entry (0x00007a39f2c40f88) [0x00007a39f2c410a0, 0x00007a39f2c42550] Compiler: jvmci, Barriers: 31, Oops: 0, ImmediateOops: 2, NonImmediateOops: No
[1,844s][debug][gc,nmethod     ] Register NMethod: java.lang.classfile.CodeBuilder.checkcast (0x00007a39d354a088) [0x00007a39d354a180, 0x00007a39d354a8a0] Compiler: c1, Barriers: 0, Oops: 0, ImmediateOops: 0, NonImmediateOops: No
[1,844s][debug][gc,nmethod     ] Register NMethod: java.lang.invoke.InvokerBytecodeGenerator.emitStaticInvoke (0x00007a39d360ca88) [0x00007a39d360cb80, 0x00007a39d360f200] Compiler: c1, Barriers: 9, Oops: 0, ImmediateOops: 2, NonImmediateOops: No
[1,844s][debug][gc,nmethod     ] Register NMethod: jdk.internal.classfile.impl.BufWriterImpl.writeU1 (0x00007a39f2c86388) [0x00007a39f2c86480, 0x00007a39f2c868a0] Compiler: jvmci, Barriers: 4, Oops: 0, ImmediateOops: 0, NonImmediateOops: No
[1,845s][debug][gc,nmethod     ] Register NMethod: jdk.internal.classfile.impl.SplitConstantPool.maybeCloneUtf8Entry (0x00007a39f2c85d08) [0x00007a39f2c85e00, 0x00007a39f2c86340] Compiler: jvmci, Barriers: 20, Oops: 0, ImmediateOops: 1, NonImmediateOops: No
[1,845s][debug][gc,nmethod     ] Register NMethod: java.lang.Long.valueOf (0x00007a39d3563b08) [0x00007a39d3563c00, 0x00007a39d3563f40] Compiler: c1, Barriers: 1, Oops: 0, ImmediateOops: 1, NonImmediateOops: No
[1,845s][debug][gc,nmethod     ] Register NMethod: java.util.stream.StreamOpFlag.isKnown (0x00007a39f2c48c88) [0x00007a39f2c48d80, 0x00007a39f2c48e18] Compiler: jvmci, Barriers: 0, Oops: 0, ImmediateOops: 0, NonImmediateOops: No
[1,845s][debug][gc,nmethod     ] Register NMethod: java.lang.invoke.MethodHandle.linkToNative (0x00007a39f2c85a08) [0x00007a39f2c85b00, 0x00007a39f2c85b08] Compiler: , Barriers: 0, Oops: 0, ImmediateOops: 0, NonImmediateOops: No
[1,845s][debug][gc,nmethod     ] Register NMethod: java.util.Collections$EmptyList.size (0x00007a39f2c85708) [0x00007a39f2c85800, 0x00007a39f2c858c0] Compiler: c1, Barriers: 0, Oops: 0, ImmediateOops: 0, NonImmediateOops: No
[1,846s][debug][gc,nmethod     ] Register NMethod: jdk.internal.classfile.impl.StackMapGenerator.processBlock (0x00007a39f2c2f708) [0x00007a39f2c2f800, 0x00007a39f2c31b20] Compiler: jvmci, Barriers: 58, Oops: 3, ImmediateOops: 11, NonImmediateOops: No
[1,846s][debug][gc,nmethod     ] Register NMethod: jdk.internal.classfile.impl.RawBytecodeHelper.isWide (0x00007a39d3447e88) [0x00007a39d3447f80, 0x00007a39d34480d8] Compiler: c1, Barriers: 0, Oops: 0, ImmediateOops: 0, NonImmediateOops: No
[1,846s][debug][gc,nmethod     ] Register NMethod: jdk.internal.classfile.impl.RawBytecodeHelper.getIndex (0x00007a39d3443308) [0x00007a39d3443400, 0x00007a39d3443f00] Compiler: c1, Barriers: 2, Oops: 0, ImmediateOops: 0, NonImmediateOops: No
[1,846s][debug][gc,nmethod     ] Register NMethod: java.lang.invoke.MethodHandle.invokeBasic (0x00007a39f2c85088) [0x00007a39f2c85180, 0x00007a39f2c85418] Compiler: , Barriers: 0, Oops: 0, ImmediateOops: 0, NonImmediateOops: No
[1,846s][debug][gc,nmethod     ] Register NMethod: java.lang.invoke.MethodHandle.linkToSpecial (0x00007a39f2c2f408) [0x00007a39f2c2f500, 0x00007a39f2c2f5f8] Compiler: , Barriers: 0, Oops: 0, ImmediateOops: 0, NonImmediateOops: No
[1,846s][debug][gc,nmethod     ] Register NMethod: jdk.internal.classfile.impl.StackMapGenerator$Frame.getLocal (0x00007a39d35a8c88) [0x00007a39d35a8d80, 0x00007a39d35a91b0] Compiler: c1, Barriers: 2, Oops: 0, ImmediateOops: 0, NonImmediateOops: No
[1,846s][debug][gc,nmethod     ] Register NMethod: jdk.internal.classfile.impl.UnboundAttribute$UnboundRuntimeVisibleAnnotationsAttribute.annotations (0x00007a39f2c2ef88) [0x00007a39f2c2f080, 0x00007a39f2c2f168] Compiler: c1, Barriers: 1, Oops: 0, ImmediateOops: 0, NonImmediateOops: No
[1,847s][debug][gc,nmethod     ] Register NMethod: jdk.internal.classfile.impl.DirectCodeBuilder.storeLocal (0x00007a39d342dc08) [0x00007a39d342dd00, 0x00007a39d342fb88] Compiler: c1, Barriers: 5, Oops: 0, ImmediateOops: 2, NonImmediateOops: No
[1,847s][debug][gc,nmethod     ] Register NMethod: jdk.internal.classfile.impl.UnboundAttribute.writeTo (0x00007a39d360c488) [0x00007a39d360c580, 0x00007a39d360c9c8] Compiler: c1, Barriers: 2, Oops: 0, ImmediateOops: 0, NonImmediateOops: No
[1,847s][debug][gc,nmethod     ] Register NMethod: jdk.internal.classfile.impl.DirectMethodBuilder.with (0x00007a39d3472c08) [0x00007a39d3472d00, 0x00007a39d3473ae0] Compiler: c1, Barriers: 2, Oops: 0, ImmediateOops: 0, NonImmediateOops: No
[1,847s][debug][gc,director    ] Rule Major: Warmup 10%, Used: 74MB, UsedThreshold: 1228MB
[1,847s][debug][gc,nmethod     ] Register NMethod: jdk.internal.classfile.impl.DirectMethodBuilder.with (0x00007a39d38cbe08) [0x00007a39d38cbf00, 0x00007a39d38cd120] Compiler: c1, Barriers: 2, Oops: 0, ImmediateOops: 0, NonImmediateOops: No
[1,847s][debug][gc,nmethod     ] Register NMethod: java.lang.invoke.MethodHandle.intrinsicName (0x00007a39d3451408) [0x00007a39d3451500, 0x00007a39d3451608] Compiler: c1, Barriers: 0, Oops: 0, ImmediateOops: 1, NonImmediateOops: No
[1,848s][debug][gc,nmethod     ] Register NMethod: jdk.internal.classfile.impl.UnboundAttribute$UnboundSourceFileAttribute.sourceFile (0x00007a39f2c40008) [0x00007a39f2c40100, 0x00007a39f2c401e8] Compiler: c1, Barriers: 1, Oops: 0, ImmediateOops: 0, NonImmediateOops: No
[1,848s][debug][gc,nmethod     ] Register NMethod: java.lang.Class.getClassData (0x00007a39f2c3fd08) [0x00007a39f2c3fe00, 0x00007a39f2c3fee8] Compiler: c1, Barriers: 1, Oops: 0, ImmediateOops: 0, NonImmediateOops: No
[1,848s][debug][gc,nmethod     ] Register NMethod: java.lang.invoke.MethodHandle.invokeBasic (0x00007a39f2c3f908) [0x00007a39f2c3fa00, 0x00007a39f2c3fc98] Compiler: , Barriers: 0, Oops: 0, ImmediateOops: 0, NonImmediateOops: No
[1,848s][debug][gc,nmethod     ] Register NMethod: java.lang.invoke.MethodHandle.linkToSpecial (0x00007a39f2c3f608) [0x00007a39f2c3f700, 0x00007a39f2c3f7f8] Compiler: , Barriers: 0, Oops: 0, ImmediateOops: 0, NonImmediateOops: No
[1,848s][debug][gc,nmethod     ] Register NMethod: java.lang.invoke.InvokerBytecodeGenerator.emitStoreInsn (0x00007a39d3678e08) [0x00007a39d3678f00, 0x00007a39d3679270] Compiler: c1, Barriers: 1, Oops: 0, ImmediateOops: 0, NonImmediateOops: No
[1,849s][debug][gc,nmethod     ] Register NMethod: java.lang.invoke.InnerClassLambdaMetafactory$6.accept (0x00007a39d3482f08) [0x00007a39d3483000, 0x00007a39d3486928] Compiler: c1, Barriers: 30, Oops: 2, ImmediateOops: 7, NonImmediateOops: No
[1,849s][debug][gc,nmethod     ] Register NMethod: java.lang.invoke.BootstrapMethodInvoker.invoke (0x00007a39d3937208) [0x00007a39d3937300, 0x00007a39d3941118] Compiler: c1, Barriers: 54, Oops: 0, ImmediateOops: 10, NonImmediateOops: No
[1,849s][debug][gc,nmethod     ] Register NMethod: java.lang.invoke.MethodHandle.invokeBasic (0x00007a39f2c3f208) [0x00007a39f2c3f300, 0x00007a39f2c3f598] Compiler: , Barriers: 0, Oops: 0, ImmediateOops: 0, NonImmediateOops: No
[1,849s][debug][gc,nmethod     ] Register NMethod: java.lang.invoke.MethodHandle.linkToSpecial (0x00007a39f2c3ef08) [0x00007a39f2c3f000, 0x00007a39f2c3f0f8] Compiler: , Barriers: 0, Oops: 0, ImmediateOops: 0, NonImmediateOops: No
[1,849s][debug][gc,nmethod     ] Register NMethod: java.lang.String.<init> (0x00007a39d3400008) [0x00007a39d3400100, 0x00007a39d3400440] Compiler: c1, Barriers: 0, Oops: 1, ImmediateOops: 1, NonImmediateOops: No
[1,850s][debug][gc,nmethod     ] Register NMethod: java.lang.invoke.MethodHandle.invokeBasic (0x00007a39f2c3e908) [0x00007a39f2c3ea00, 0x00007a39f2c3ec98] Compiler: , Barriers: 0, Oops: 0, ImmediateOops: 0, NonImmediateOops: No
[1,850s][debug][gc,nmethod     ] Register NMethod: java.lang.invoke.MethodHandle.linkToSpecial (0x00007a39f2bfb588) [0x00007a39f2bfb680, 0x00007a39f2bfb778] Compiler: , Barriers: 0, Oops: 0, ImmediateOops: 0, NonImmediateOops: No
[1,850s][debug][gc,nmethod     ] Register NMethod: java.lang.invoke.MethodHandle.invokeBasic (0x00007a39f2bfb188) [0x00007a39f2bfb280, 0x00007a39f2bfb518] Compiler: , Barriers: 0, Oops: 0, ImmediateOops: 0, NonImmediateOops: No
[1,850s][debug][gc,nmethod     ] Register NMethod: java.lang.invoke.MethodHandle.linkToSpecial (0x00007a39f2bfae88) [0x00007a39f2bfaf80, 0x00007a39f2bfb078] Compiler: , Barriers: 0, Oops: 0, ImmediateOops: 0, NonImmediateOops: No
[1,850s][debug][gc,nmethod     ] Register NMethod: java.util.concurrent.CopyOnWriteArrayList.getArray (0x00007a39f2bfab88) [0x00007a39f2bfac80, 0x00007a39f2bfad68] Compiler: c1, Barriers: 1, Oops: 0, ImmediateOops: 0, NonImmediateOops: No
[1,850s][debug][gc,nmethod     ] Register NMethod: sun.invoke.util.Wrapper.basicTypeChar (0x00007a39f2bfa888) [0x00007a39f2bfa980, 0x00007a39f2bfaa48] Compiler: c1, Barriers: 0, Oops: 0, ImmediateOops: 0, NonImmediateOops: No
[1,850s][debug][gc,nmethod     ] Register NMethod: sun.invoke.util.Wrapper.forBasicType (0x00007a39d3414108) [0x00007a39d3414200, 0x00007a39d3414678] Compiler: c1, Barriers: 0, Oops: 0, ImmediateOops: 19, NonImmediateOops: No
[1,851s][debug][gc,nmethod     ] Register NMethod: java.lang.invoke.InvokerBytecodeGenerator.isStaticallyNameable (0x00007a39d341ac88) [0x00007a39d341ad80, 0x00007a39d341c3d0] Compiler: c1, Barriers: 3, Oops: 1, ImmediateOops: 5, NonImmediateOops: No
[1,851s][debug][gc,nmethod     ] Register NMethod: jdk.internal.misc.Unsafe.getUnsafe (0x00007a39d3470508) [0x00007a39d3470600, 0x00007a39d34706e8] Compiler: c1, Barriers: 0, Oops: 0, ImmediateOops: 1, NonImmediateOops: No
[1,851s][debug][gc,nmethod     ] Register NMethod: java.lang.invoke.VarHandleReferences$FieldInstanceReadWrite.set (0x00007a39d341cc88) [0x00007a39d341cd80, 0x00007a39d341dda8] Compiler: c1, Barriers: 5, Oops: 1, ImmediateOops: 0, NonImmediateOops: No
[1,851s][debug][gc,nmethod     ] Register NMethod: java.util.concurrent.ConcurrentLinkedDeque$Node.<init> (0x00007a39d3471408) [0x00007a39d3471500, 0x00007a39d3471658] Compiler: c1, Barriers: 0, Oops: 0, ImmediateOops: 0, NonImmediateOops: No
[1,851s][debug][gc,nmethod     ] Register NMethod: jdk.internal.misc.Unsafe.addressSize (0x00007a39d347a288) [0x00007a39d347a380, 0x00007a39d347a488] Compiler: c1, Barriers: 0, Oops: 0, ImmediateOops: 0, NonImmediateOops: No
[1,851s][debug][gc,nmethod     ] Register NMethod: jdk.internal.foreign.AbstractMemorySegmentImpl.<init> (0x00007a39d347f408) [0x00007a39d347f500, 0x00007a39d347f6e0] Compiler: c1, Barriers: 3, Oops: 0, ImmediateOops: 0, NonImmediateOops: No
[1,851s][debug][gc,nmethod     ] Register NMethod: jdk.internal.foreign.AbstractMemorySegmentImpl.asSlice (0x00007a39d3482888) [0x00007a39d3482980, 0x00007a39d3482c78] Compiler: c1, Barriers: 0, Oops: 0, ImmediateOops: 0, NonImmediateOops: No
[1,851s][debug][gc,nmethod     ] Register NMethod: jdk.internal.foreign.AbstractMemorySegmentImpl.asSlice (0x00007a39d3551d88) [0x00007a39d3551e80, 0x00007a39d3552378] Compiler: c1, Barriers: 0, Oops: 0, ImmediateOops: 0, NonImmediateOops: No
[1,851s][debug][gc,nmethod     ] Register NMethod: jdk.internal.foreign.AbstractMemorySegmentImpl.checkBounds (0x00007a39d3838788) [0x00007a39d3838880, 0x00007a39d3838b10] Compiler: c1, Barriers: 0, Oops: 0, ImmediateOops: 0, NonImmediateOops: No
[1,851s][debug][gc,nmethod     ] Register NMethod: jdk.internal.util.Preconditions.checkIndex (0x00007a39d348ac88) [0x00007a39d348ad80, 0x00007a39d348af10] Compiler: c1, Barriers: 0, Oops: 0, ImmediateOops: 0, NonImmediateOops: No
[1,851s][debug][gc,nmethod     ] Register NMethod: jdk.internal.foreign.NativeMemorySegmentImpl.<init> (0x00007a39d340e408) [0x00007a39d340e500, 0x00007a39d340e9c8] Compiler: c1, Barriers: 3, Oops: 0, ImmediateOops: 1, NonImmediateOops: No
[1,851s][debug][gc,nmethod     ] Register NMethod: jdk.internal.foreign.AbstractMemorySegmentImpl.asSliceNoCheck (0x00007a39d3424188) [0x00007a39d3424280, 0x00007a39d34245c0] Compiler: c1, Barriers: 1, Oops: 0, ImmediateOops: 0, NonImmediateOops: No
[1,851s][debug][gc,nmethod     ] Register NMethod: java.util.concurrent.ConcurrentLinkedDeque.offer (0x00007a39d3490508) [0x00007a39d3490600, 0x00007a39d3490798] Compiler: c1, Barriers: 0, Oops: 0, ImmediateOops: 0, NonImmediateOops: No
[1,851s][debug][gc,nmethod     ] Register NMethod: jdk.internal.foreign.NativeMemorySegmentImpl.dup (0x00007a39d344bb88) [0x00007a39d344bc80, 0x00007a39d344c278] Compiler: c1, Barriers: 3, Oops: 0, ImmediateOops: 1, NonImmediateOops: No
[1,851s][debug][gc,nmethod     ] Register NMethod: java.util.concurrent.ConcurrentLinkedDeque.offerLast (0x00007a39d34c2408) [0x00007a39d34c2500, 0x00007a39d34c2638] Compiler: c1, Barriers: 0, Oops: 0, ImmediateOops: 0, NonImmediateOops: No
[1,852s][debug][gc,nmethod     ] Register NMethod: java.lang.invoke.VarHandleGuards.guard_LL_V (0x00007a39d37bc608) [0x00007a39d37bc700, 0x00007a39d37c12e8] Compiler: c1, Barriers: 46, Oops: 1, ImmediateOops: 6, NonImmediateOops: No
[1,852s][debug][gc,nmethod     ] Register NMethod: jdk.internal.foreign.NativeMemorySegmentImpl.dup (0x00007a39d357bb88) [0x00007a39d357bc80, 0x00007a39d357c218] Compiler: c1, Barriers: 3, Oops: 0, ImmediateOops: 1, NonImmediateOops: No
[1,852s][debug][gc,nmethod     ] Register NMethod: jdk.internal.misc.Unsafe.weakCompareAndSetReference (0x00007a39d34ddf08) [0x00007a39d34de000, 0x00007a39d34de180] Compiler: c1, Barriers: 5, Oops: 0, ImmediateOops: 0, NonImmediateOops: No
[1,852s][debug][gc,nmethod     ] Register NMethod: java.lang.invoke.VarForm.getMemberName (0x00007a39f2bfa588) [0x00007a39f2bfa680, 0x00007a39f2bfa840] Compiler: jvmci, Barriers: 2, Oops: 0, ImmediateOops: 0, NonImmediateOops: No
[1,852s][debug][gc,nmethod     ] Register NMethod: java.util.stream.AbstractPipeline.evaluate (0x00007a39f2c9c788) [0x00007a39f2c9c880, 0x00007a39f2c9dd60] Compiler: jvmci, Barriers: 60, Oops: 0, ImmediateOops: 3, NonImmediateOops: No
[1,852s][debug][gc,nmethod     ] Register NMethod: java.util.concurrent.ConcurrentLinkedDeque.newNode (0x00007a39d352d608) [0x00007a39d352d700, 0x00007a39d352e8d0] Compiler: c1, Barriers: 3, Oops: 6, ImmediateOops: 7, NonImmediateOops: No
[1,852s][debug][gc,nmethod     ] Register NMethod: java.lang.invoke.VarHandleReferences$FieldInstanceReadWrite.weakCompareAndSet (0x00007a39d3440b88) [0x00007a39d3440c80, 0x00007a39d34423b8] Compiler: c1, Barriers: 2, Oops: 1, ImmediateOops: 1, NonImmediateOops: No
[1,853s][debug][gc,nmethod     ] Register NMethod: java.util.concurrent.ConcurrentLinkedDeque.linkLast (0x00007a39d39fc188) [0x00007a39d39fc280, 0x00007a39d3a01378] Compiler: c1, Barriers: 16, Oops: 13, ImmediateOops: 33, NonImmediateOops: No
[1,853s][debug][gc,nmethod     ] Register NMethod: jdk.internal.misc.Unsafe.weakCompareAndSetReference (0x00007a39f2bfa288) [0x00007a39f2bfa380, 0x00007a39f2bfa470] Compiler: jvmci, Barriers: 5, Oops: 0, ImmediateOops: 0, NonImmediateOops: No
[1,855s][debug][gc,nmethod     ] Register NMethod: jdk.internal.foreign.AbstractMemorySegmentImpl.asSlice (0x00007a39f2bf9f88) [0x00007a39f2bfa080, 0x00007a39f2bfa268] Compiler: jvmci, Barriers: 3, Oops: 0, ImmediateOops: 0, NonImmediateOops: No
[1,856s][debug][gc,nmethod     ] Register NMethod: java.lang.invoke.VarHandle.checkAccessModeThenIsDirect (0x00007a39f2c9dd88) [0x00007a39f2c9de80, 0x00007a39f2c9e3e8] Compiler: jvmci, Barriers: 15, Oops: 0, ImmediateOops: 2, NonImmediateOops: No
[1,856s][debug][gc,nmethod     ] Register NMethod: java.lang.invoke.VarHandleReferences$FieldInstanceReadWrite.set (0x00007a39f2c9e408) [0x00007a39f2c9e500, 0x00007a39f2c9ea98] Compiler: jvmci, Barriers: 5, Oops: 0, ImmediateOops: 0, NonImmediateOops: No
[1,857s][debug][gc,director    ] Rule Major: Warmup 10%, Used: 76MB, UsedThreshold: 1228MB
[1,857s][debug][gc,nmethod     ] Register NMethod: jdk.internal.classfile.impl.StackMapGenerator.processBlock (0x00007a39d3a01408) [0x00007a39d3a01500, 0x00007a39d3a313a0] Compiler: c1, Barriers: 294, Oops: 4, ImmediateOops: 159, NonImmediateOops: No
[1,858s][debug][gc,nmethod     ] Register NMethod: java.lang.invoke.VarHandleGuards.guard_LLL_Z (0x00007a39f2c9eb08) [0x00007a39f2c9ec20, 0x00007a39f2c9f508] Compiler: jvmci, Barriers: 26, Oops: 0, ImmediateOops: 5, NonImmediateOops: No
[1,859s][debug][gc,nmethod     ] Register NMethod: jdk.internal.foreign.AbstractMemorySegmentImpl.asSlice (0x00007a39f2bf9a88) [0x00007a39f2bf9b80, 0x00007a39f2bf9d68] Compiler: jvmci, Barriers: 3, Oops: 0, ImmediateOops: 0, NonImmediateOops: No
[1,860s][debug][gc,nmethod     ] Register NMethod: jdk.internal.foreign.AbstractMemorySegmentImpl.asSliceNoCheck (0x00007a39f2c9f588) [0x00007a39f2c9f680, 0x00007a39f2c9f7f8] Compiler: jvmci, Barriers: 3, Oops: 0, ImmediateOops: 0, NonImmediateOops: No
[1,860s][debug][gc,nmethod     ] Register NMethod: io.sirix.cache.LinuxMemorySegmentAllocator.partitionVirtualRegion (0x00007a39d3433688) [0x00007a39d3433780, 0x00007a39d3434700] Compiler: c1, Barriers: 7, Oops: 4, ImmediateOops: 5, NonImmediateOops: No
[1,860s][debug][gc,nmethod     ] Register NMethod: java.util.concurrent.ConcurrentLinkedDeque.offer (0x00007a39f2c9f888) [0x00007a39f2c9f980, 0x00007a39f2c9fd58] Compiler: jvmci, Barriers: 18, Oops: 1, ImmediateOops: 0, NonImmediateOops: No
[1,860s][debug][gc,nmethod     ] Register NMethod: java.lang.invoke.VarHandleGuards.guard_LL_V (0x00007a39f2c9fd88) [0x00007a39f2c9fe80, 0x00007a39f2ca0710] Compiler: jvmci, Barriers: 26, Oops: 0, ImmediateOops: 5, NonImmediateOops: No
[1,860s][debug][gc,nmethod     ] Register NMethod: java.util.concurrent.ConcurrentLinkedDeque.linkLast (0x00007a39f2ca0788) [0x00007a39f2ca0880, 0x00007a39f2ca0c58] Compiler: jvmci, Barriers: 18, Oops: 1, ImmediateOops: 0, NonImmediateOops: No
[1,860s][debug][gc,nmethod     ] Register NMethod: io.sirix.cache.LinuxMemorySegmentAllocator.partitionVirtualRegion (0x00007a39d3491c08) [0x00007a39d3491d00, 0x00007a39d3492b18] Compiler: c1, Barriers: 7, Oops: 4, ImmediateOops: 5, NonImmediateOops: No
[1,861s][debug][gc,nmethod     ] Register NMethod: jdk.internal.foreign.NativeMemorySegmentImpl.dup (0x00007a39f2ca0c88) [0x00007a39f2ca0da0, 0x00007a39f2ca0ef0] Compiler: jvmci, Barriers: 2, Oops: 0, ImmediateOops: 0, NonImmediateOops: No
[1,867s][debug][gc,director    ] Rule Major: Warmup 10%, Used: 104MB, UsedThreshold: 1228MB
[1,870s][debug][gc,nmethod     ] Register NMethod: io.sirix.cache.LinuxMemorySegmentAllocator.partitionVirtualRegion (0x00007a39f2ca0f88) [0x00007a39f2ca1080, 0x00007a39f2ca1fe8] Compiler: jvmci, Barriers: 57, Oops: 3, ImmediateOops: 0, NonImmediateOops: No
[1,875s][debug][gc,alloc       ] Mutator Allocation Rate: 243,0MB/s Predicted: 301,2MB/s, Avg: 213,8(+/-29,1)MB/s
[1,875s][debug][gc,director    ] Rule Major: Warmup 10%, Used: 128MB, UsedThreshold: 1228MB
[1,885s][debug][gc,director    ] Rule Major: Warmup 10%, Used: 158MB, UsedThreshold: 1228MB
[1,895s][debug][gc,director    ] Rule Major: Warmup 10%, Used: 186MB, UsedThreshold: 1228MB
[1,904s][debug][gc,nmethod     ] Register NMethod: io.sirix.cache.LinuxMemorySegmentAllocator.partitionVirtualRegion (0x00007a39f2ca2008) [0x00007a39f2ca2100, 0x00007a39f2ca3240] Compiler: jvmci, Barriers: 60, Oops: 10, ImmediateOops: 2, NonImmediateOops: No
[1,905s][debug][gc,director    ] Rule Major: Warmup 10%, Used: 220MB, UsedThreshold: 1228MB
[1,906s][debug][gc,alloc       ] Mutator Allocation Rate: 350,5MB/s Predicted: 425,2MB/s, Avg: 259,4(+/-68,7)MB/s
[1,906s][debug][gc,director    ] Rule Major: Warmup 10%, Used: 224MB, UsedThreshold: 1228MB
[1,915s][debug][gc,nmethod     ] Register NMethod: io.sirix.cache.LinuxMemorySegmentAllocator.partitionVirtualRegion (0x00007a39f2ca3308) [0x00007a39f2ca3400, 0x00007a39f2ca4268] Compiler: jvmci, Barriers: 43, Oops: 12, ImmediateOops: 2, NonImmediateOops: No
[1,916s][debug][gc,director    ] Rule Major: Warmup 10%, Used: 236MB, UsedThreshold: 1228MB
[1,918s][debug][gc,nmethod     ] Register NMethod: java.lang.invoke.MethodHandle.linkToSpecial (0x00007a39f2ca4308) [0x00007a39f2ca4400, 0x00007a39f2ca44f8] Compiler: , Barriers: 0, Oops: 0, ImmediateOops: 0, NonImmediateOops: No
[1,919s][debug][gc,nmethod     ] Register NMethod: java.lang.invoke.MethodHandle.invokeBasic (0x00007a39f2ca4608) [0x00007a39f2ca4700, 0x00007a39f2ca4998] Compiler: , Barriers: 0, Oops: 0, ImmediateOops: 0, NonImmediateOops: No
[1,919s][debug][gc,nmethod     ] Register NMethod: java.lang.invoke.MethodHandle.linkToSpecial (0x00007a39f2ca4a08) [0x00007a39f2ca4b00, 0x00007a39f2ca4bf8] Compiler: , Barriers: 0, Oops: 0, ImmediateOops: 0, NonImmediateOops: No
[1,919s][debug][gc,nmethod     ] Register NMethod: java.lang.invoke.InvokerBytecodeGenerator.emitReferenceCast (0x00007a39d3488888) [0x00007a39d3488980, 0x00007a39d348a4e8] Compiler: c1, Barriers: 2, Oops: 1, ImmediateOops: 6, NonImmediateOops: No
[1,922s][debug][gc,nmethod     ] Register NMethod: java.lang.invoke.MethodHandle.linkToStatic (0x00007a39f2ca4d08) [0x00007a39f2ca4e00, 0x00007a39f2ca4ef0] Compiler: , Barriers: 0, Oops: 0, ImmediateOops: 0, NonImmediateOops: No
[1,926s][debug][gc,director    ] Rule Major: Warmup 10%, Used: 236MB, UsedThreshold: 1228MB
[1,927s][debug][gc,nmethod     ] Register NMethod: jdk.internal.classfile.impl.Util.paramSlotSize (0x00007a39d3682488) [0x00007a39d3682580, 0x00007a39d36827b0] Compiler: c1, Barriers: 0, Oops: 0, ImmediateOops: 2, NonImmediateOops: No
[1,927s][debug][gc,nmethod     ] Register NMethod: java.lang.invoke.DirectMethodHandle$Holder.newInvokeSpecial (0x00007a39d375e708) [0x00007a39d375e800, 0x00007a39d375f070] Compiler: c1, Barriers: 2, Oops: 0, ImmediateOops: 1, NonImmediateOops: No
[1,929s][debug][gc,nmethod     ] Register NMethod: java.lang.invoke.DirectMethodHandle$Constructor.viewAsType (0x00007a39d37bc088) [0x00007a39d37bc180, 0x00007a39d37bc420] Compiler: c1, Barriers: 4, Oops: 0, ImmediateOops: 0, NonImmediateOops: No
[1,933s][debug][gc,nmethod     ] Register NMethod: sun.net.util.IPAddressUtil.checkHostString (0x00007a39f2ca5008) [0x00007a39f2ca5100, 0x00007a39f2ca5268] Compiler: jvmci, Barriers: 1, Oops: 0, ImmediateOops: 0, NonImmediateOops: No
[1,935s][debug][gc,nmethod     ] Register NMethod: java.lang.invoke.MemberName.equals (0x00007a39d351c188) [0x00007a39d351c280, 0x00007a39d351e090] Compiler: c1, Barriers: 4, Oops: 0, ImmediateOops: 0, NonImmediateOops: No
[1,937s][debug][gc,director    ] Rule Major: Warmup 10%, Used: 270MB, UsedThreshold: 1228MB
[1,937s][debug][gc,nmethod     ] Register NMethod: java.lang.invoke.TypeConvertingMethodAdapter.convertType (0x00007a39d3a31408) [0x00007a39d3a31500, 0x00007a39d3a36838] Compiler: c1, Barriers: 0, Oops: 3, ImmediateOops: 31, NonImmediateOops: No
[1,938s][debug][gc,nmethod     ] Register NMethod: java.lang.Math.clamp (0x00007a39f2ca5308) [0x00007a39f2ca5400, 0x00007a39f2ca54b0] Compiler: jvmci, Barriers: 0, Oops: 0, ImmediateOops: 0, NonImmediateOops: No
[1,942s][debug][gc,nmethod     ] Register NMethod: java.lang.String.indexOf (0x00007a39f2ca5608) [0x00007a39f2ca5700, 0x00007a39f2ca59d8] Compiler: jvmci, Barriers: 2, Oops: 0, ImmediateOops: 0, NonImmediateOops: No
[1,944s][debug][gc,nmethod     ] Register NMethod: jdk.internal.classfile.impl.SplitConstantPool.findEntry (0x00007a39f2ca5a08) [0x00007a39f2ca5b20, 0x00007a39f2ca63d8] Compiler: jvmci, Barriers: 10, Oops: 0, ImmediateOops: 0, NonImmediateOops: No
[1,944s][debug][gc,nmethod     ] Register NMethod: jdk.internal.reflect.Reflection.filter (0x00007a39d3536188) [0x00007a39d3536280, 0x00007a39d3537b70] Compiler: c1, Barriers: 6, Oops: 0, ImmediateOops: 1, NonImmediateOops: No
[1,945s][debug][gc,nmethod     ] Register NMethod: java.lang.Object.<init> (0x00007a39f2ca6408) [0x00007a39f2ca6500, 0x00007a39f2ca65b8] Compiler: jvmci, Barriers: 0, Oops: 0, ImmediateOops: 0, NonImmediateOops: No
[1,946s][debug][gc,nmethod     ] Register NMethod: sun.net.www.ParseUtil.encodePath (0x00007a39f2ca6708) [0x00007a39f2ca6800, 0x00007a39f2ca6c80] Compiler: jvmci, Barriers: 1, Oops: 0, ImmediateOops: 0, NonImmediateOops: No
[1,947s][debug][gc,director    ] Rule Major: Warmup 10%, Used: 270MB, UsedThreshold: 1228MB
[1,949s][debug][gc,nmethod     ] Register NMethod: sun.nio.fs.UnixPath.<init> (0x00007a39d380bf88) [0x00007a39d380c080, 0x00007a39d380c2c8] Compiler: c1, Barriers: 6, Oops: 0, ImmediateOops: 0, NonImmediateOops: No
[1,949s][debug][gc,nmethod     ] Register NMethod: java.net.URLStreamHandler.setURL (0x00007a39f2ca6c88) [0x00007a39f2ca6d80, 0x00007a39f2ca7a68] Compiler: jvmci, Barriers: 32, Oops: 1, ImmediateOops: 1, NonImmediateOops: No
[1,950s][debug][gc,nmethod     ] Register NMethod: java.lang.Class.getPackageName (0x00007a39f2ca7a88) [0x00007a39f2ca7b80, 0x00007a39f2ca8228] Compiler: jvmci, Barriers: 9, Oops: 0, ImmediateOops: 1, NonImmediateOops: No
[1,951s][debug][gc,nmethod     ] Register NMethod: sun.nio.fs.UnixPath.toUnixPath (0x00007a39d340cf88) [0x00007a39d340d080, 0x00007a39d340d700] Compiler: c1, Barriers: 0, Oops: 0, ImmediateOops: 0, NonImmediateOops: No
[1,951s][debug][gc,nmethod     ] Register NMethod: java.lang.invoke.MethodTypeForm.canonicalize (0x00007a39f2ca8288) [0x00007a39f2ca8380, 0x00007a39f2ca84a8] Compiler: jvmci, Barriers: 0, Oops: 0, ImmediateOops: 1, NonImmediateOops: No
[1,951s][debug][gc,nmethod     ] Register NMethod: java.lang.invoke.MethodHandle.linkToStatic (0x00007a39f2ca8588) [0x00007a39f2ca8680, 0x00007a39f2ca8770] Compiler: , Barriers: 0, Oops: 0, ImmediateOops: 0, NonImmediateOops: No
[1,951s][debug][gc,nmethod     ] Register NMethod: java.lang.invoke.MethodHandle.linkToSpecial (0x00007a39f2ca8888) [0x00007a39f2ca8980, 0x00007a39f2ca8a78] Compiler: , Barriers: 0, Oops: 0, ImmediateOops: 0, NonImmediateOops: No
[1,951s][debug][gc,nmethod     ] Register NMethod: java.lang.invoke.MethodHandle.invokeBasic (0x00007a39f2ca8b88) [0x00007a39f2ca8c80, 0x00007a39f2ca8f18] Compiler: , Barriers: 0, Oops: 0, ImmediateOops: 0, NonImmediateOops: No
[1,951s][debug][gc,nmethod     ] Register NMethod: java.lang.invoke.MethodHandle.linkToSpecial (0x00007a39f2ca8f88) [0x00007a39f2ca9080, 0x00007a39f2ca9178] Compiler: , Barriers: 0, Oops: 0, ImmediateOops: 0, NonImmediateOops: No
[1,952s][debug][gc,nmethod     ] Register NMethod: java.nio.ByteBuffer.arrayOffset (0x00007a39d37d5a08) [0x00007a39d37d5b00, 0x00007a39d37d5de0] Compiler: c1, Barriers: 1, Oops: 0, ImmediateOops: 0, NonImmediateOops: No
[1,952s][debug][gc,nmethod     ] Register NMethod: java.nio.CharBuffer.arrayOffset (0x00007a39d350e808) [0x00007a39d350e900, 0x00007a39d350ebe0] Compiler: c1, Barriers: 1, Oops: 0, ImmediateOops: 0, NonImmediateOops: No
[1,952s][debug][gc,nmethod     ] Register NMethod: java.nio.charset.CoderResult.isUnderflow (0x00007a39d351be88) [0x00007a39d351bf80, 0x00007a39d351c0d0] Compiler: c1, Barriers: 0, Oops: 0, ImmediateOops: 0, NonImmediateOops: No
[1,952s][debug][gc,nmethod     ] Register NMethod: java.nio.Buffer.capacity (0x00007a39f2ca9288) [0x00007a39f2ca9380, 0x00007a39f2ca9440] Compiler: c1, Barriers: 0, Oops: 0, ImmediateOops: 0, NonImmediateOops: No
[1,952s][debug][gc,nmethod     ] Register NMethod: sun.invoke.util.VerifyAccess.getClassModifiers (0x00007a39d3458608) [0x00007a39d3458700, 0x00007a39d3458ee0] Compiler: c1, Barriers: 1, Oops: 0, ImmediateOops: 0, NonImmediateOops: No
[1,953s][debug][gc,nmethod     ] Register NMethod: sun.nio.fs.UnixPath.getFileSystem (0x00007a39d3527d88) [0x00007a39d3527e80, 0x00007a39d3527fd8] Compiler: c1, Barriers: 1, Oops: 0, ImmediateOops: 0, NonImmediateOops: No
[1,957s][debug][gc,director    ] Rule Major: Warmup 10%, Used: 272MB, UsedThreshold: 1228MB
[1,965s][debug][gc,nmethod     ] Register NMethod: java.util.Locale.getDefault (0x00007a39d352aa88) [0x00007a39d352ab80, 0x00007a39d352aca8] Compiler: c1, Barriers: 1, Oops: 0, ImmediateOops: 1, NonImmediateOops: No
[1,965s][debug][gc,nmethod     ] Register NMethod: java.lang.String.toLowerCase (0x00007a39d3989d08) [0x00007a39d3989e00, 0x00007a39d398a568] Compiler: c1, Barriers: 3, Oops: 0, ImmediateOops: 1, NonImmediateOops: No
[1,966s][debug][gc,nmethod     ] Register NMethod: java.util.WeakHashMap.hash (0x00007a39f2ca9588) [0x00007a39f2ca9680, 0x00007a39f2ca97d0] Compiler: jvmci, Barriers: 0, Oops: 0, ImmediateOops: 0, NonImmediateOops: No
[1,967s][debug][gc,director    ] Rule Major: Warmup 10%, Used: 274MB, UsedThreshold: 1228MB
[1,967s][debug][gc,nmethod     ] Register NMethod: com.google.protobuf.GeneratedMessageV3$Builder.onChanged (0x00007a39d3995708) [0x00007a39d3995800, 0x00007a39d3995ba0] Compiler: c1, Barriers: 1, Oops: 1, ImmediateOops: 0, NonImmediateOops: No
[1,968s][debug][gc,nmethod     ] Register NMethod: java.nio.Buffer.remaining (0x00007a39d3572408) [0x00007a39d3572500, 0x00007a39d3572670] Compiler: c1, Barriers: 0, Oops: 0, ImmediateOops: 0, NonImmediateOops: No
[1,968s][debug][gc,nmethod     ] Register NMethod: java.lang.Float.floatToRawIntBits (0x00007a39f2ca9888) [0x00007a39f2ca9980, 0x00007a39f2ca9ad8] Compiler: , Barriers: 0, Oops: 0, ImmediateOops: 1, NonImmediateOops: No
[1,968s][debug][gc,nmethod     ] Register NMethod: java.nio.CharBuffer.position (0x00007a39d357af88) [0x00007a39d357b080, 0x00007a39d357b1c8] Compiler: c1, Barriers: 0, Oops: 0, ImmediateOops: 0, NonImmediateOops: No
[1,968s][debug][gc,nmethod     ] Register NMethod: java.util.zip.Inflater.ensureOpen (0x00007a39f2ca9b88) [0x00007a39f2ca9c80, 0x00007a39f2ca9d88] Compiler: jvmci, Barriers: 1, Oops: 0, ImmediateOops: 0, NonImmediateOops: No
[1,968s][debug][gc,nmethod     ] Register NMethod: java.lang.StringCoding.implEncodeAsciiArray (0x00007a39d350e488) [0x00007a39d350e580, 0x00007a39d350e7a8] Compiler: c1, Barriers: 0, Oops: 0, ImmediateOops: 0, NonImmediateOops: No
[1,968s][debug][gc,nmethod     ] Register NMethod: java.nio.CharBuffer.position (0x00007a39d3472188) [0x00007a39d3472280, 0x00007a39d34725e0] Compiler: c1, Barriers: 0, Oops: 0, ImmediateOops: 0, NonImmediateOops: No
[1,969s][debug][gc,nmethod     ] Register NMethod: java.nio.charset.CharsetEncoder.maxBytesPerChar (0x00007a39f2ca9e88) [0x00007a39f2ca9f80, 0x00007a39f2caa040] Compiler: c1, Barriers: 0, Oops: 0, ImmediateOops: 0, NonImmediateOops: No
[1,969s][debug][gc,nmethod     ] Register NMethod: java.nio.ByteBuffer.array (0x00007a39d3471d08) [0x00007a39d3471e00, 0x00007a39d34720e0] Compiler: c1, Barriers: 1, Oops: 0, ImmediateOops: 0, NonImmediateOops: No
[1,969s][debug][gc,nmethod     ] Register NMethod: java.nio.CharBuffer.hasArray (0x00007a39d3584d88) [0x00007a39d3584e80, 0x00007a39d3585030] Compiler: c1, Barriers: 1, Oops: 0, ImmediateOops: 0, NonImmediateOops: No
[1,969s][debug][gc,nmethod     ] Register NMethod: java.nio.charset.CoderResult.isOverflow (0x00007a39d35b4708) [0x00007a39d35b4800, 0x00007a39d35b4950] Compiler: c1, Barriers: 0, Oops: 0, ImmediateOops: 0, NonImmediateOops: No
[1,969s][debug][gc,nmethod     ] Register NMethod: java.nio.ByteBuffer.hasArray (0x00007a39d35fe388) [0x00007a39d35fe480, 0x00007a39d35fe630] Compiler: c1, Barriers: 1, Oops: 0, ImmediateOops: 0, NonImmediateOops: No
[1,969s][debug][gc,nmethod     ] Register NMethod: sun.nio.cs.UTF_8.updatePositions (0x00007a39d3475908) [0x00007a39d3475a00, 0x00007a39d3476328] Compiler: c1, Barriers: 0, Oops: 0, ImmediateOops: 0, NonImmediateOops: No
[1,969s][debug][gc,nmethod     ] Register NMethod: java.nio.CharBuffer.array (0x00007a39d3491008) [0x00007a39d3491100, 0x00007a39d34913e0] Compiler: c1, Barriers: 1, Oops: 0, ImmediateOops: 0, NonImmediateOops: No
[1,969s][debug][gc,nmethod     ] Register NMethod: java.nio.CharBuffer.limit (0x00007a39d362eb88) [0x00007a39d362ec80, 0x00007a39d362edc8] Compiler: c1, Barriers: 0, Oops: 0, ImmediateOops: 0, NonImmediateOops: No
[1,969s][debug][gc,nmethod     ] Register NMethod: java.nio.CharBuffer.limit (0x00007a39d3490b08) [0x00007a39d3490c00, 0x00007a39d3490f60] Compiler: c1, Barriers: 0, Oops: 0, ImmediateOops: 0, NonImmediateOops: No
[1,969s][debug][gc,nmethod     ] Register NMethod: java.nio.CharBuffer.<init> (0x00007a39d3631988) [0x00007a39d3631a80, 0x00007a39d3631c50] Compiler: c1, Barriers: 3, Oops: 0, ImmediateOops: 0, NonImmediateOops: No
[1,970s][debug][gc,nmethod     ] Register NMethod: java.lang.classfile.CodeBuilder.putfield (0x00007a39d34e9508) [0x00007a39d34e9600, 0x00007a39d34e9910] Compiler: c1, Barriers: 0, Oops: 0, ImmediateOops: 1, NonImmediateOops: No
[1,970s][debug][gc,nmethod     ] Register NMethod: com.google.gson.stream.JsonReader.nextNonWhitespace (0x00007a39d3637588) [0x00007a39d3637680, 0x00007a39d363b328] Compiler: c1, Barriers: 1, Oops: 4, ImmediateOops: 9, NonImmediateOops: No
[1,977s][debug][gc,director    ] Rule Major: Warmup 10%, Used: 274MB, UsedThreshold: 1228MB
[1,984s][debug][gc,nmethod     ] Register NMethod: jdk.internal.misc.Unsafe.putLongUnaligned (0x00007a39d3637008) [0x00007a39d3637100, 0x00007a39d3637538] Compiler: c1, Barriers: 0, Oops: 0, ImmediateOops: 0, NonImmediateOops: No
[1,985s][debug][gc,nmethod     ] Register NMethod: java.lang.invoke.MethodHandle.linkToSpecial (0x00007a39f2caa188) [0x00007a39f2caa280, 0x00007a39f2caa378] Compiler: , Barriers: 0, Oops: 0, ImmediateOops: 0, NonImmediateOops: No
[1,987s][debug][gc,director    ] Rule Major: Warmup 10%, Used: 276MB, UsedThreshold: 1228MB
[1,988s][debug][gc,nmethod     ] Register NMethod: java.io.File.isInvalid (0x00007a39f2caa488) [0x00007a39f2caa580, 0x00007a39f2caa810] Compiler: jvmci, Barriers: 6, Oops: 0, ImmediateOops: 2, NonImmediateOops: No
[1,992s][debug][gc,nmethod     ] Register NMethod: java.lang.Class.desiredAssertionStatus (0x00007a39d3407508) [0x00007a39d3407600, 0x00007a39d3407f60] Compiler: c1, Barriers: 4, Oops: 0, ImmediateOops: 0, NonImmediateOops: No
[1,993s][debug][gc,nmethod     ] Register NMethod: java.lang.Package$VersionInfo.getInstance (0x00007a39d34e9088) [0x00007a39d34e9180, 0x00007a39d34e94c8] Compiler: c1, Barriers: 0, Oops: 0, ImmediateOops: 1, NonImmediateOops: No
[1,993s][debug][gc,nmethod     ] Register NMethod: java.lang.Package.<init> (0x00007a39d37dcb08) [0x00007a39d37dcc00, 0x00007a39d37dd238] Compiler: c1, Barriers: 4, Oops: 0, ImmediateOops: 1, NonImmediateOops: No
[1,995s][debug][gc,nmethod     ] Register NMethod: java.io.UnixFileSystem.normalize (0x00007a39f2caa888) [0x00007a39f2caa980, 0x00007a39f2caab68] Compiler: jvmci, Barriers: 1, Oops: 0, ImmediateOops: 0, NonImmediateOops: No
[1,997s][debug][gc,director    ] Rule Major: Warmup 10%, Used: 276MB, UsedThreshold: 1228MB
[2,001s][debug][gc,nmethod     ] Register NMethod: java.lang.Long.numberOfLeadingZeros (0x00007a39d3636688) [0x00007a39d3636780, 0x00007a39d3636928] Compiler: c1, Barriers: 0, Oops: 0, ImmediateOops: 0, NonImmediateOops: No
[2,002s][debug][gc,nmethod     ] Register NMethod: java.lang.invoke.MethodHandle.linkToSpecial (0x00007a39f2caab88) [0x00007a39f2caac80, 0x00007a39f2caad78] Compiler: , Barriers: 0, Oops: 0, ImmediateOops: 0, NonImmediateOops: No
[2,002s][debug][gc,nmethod     ] Register NMethod: java.lang.invoke.MethodHandle.linkToSpecial (0x00007a39f2caae88) [0x00007a39f2caaf80, 0x00007a39f2cab078] Compiler: , Barriers: 0, Oops: 0, ImmediateOops: 0, NonImmediateOops: No
[2,002s][debug][gc,nmethod     ] Register NMethod: java.lang.invoke.MethodHandle.linkToSpecial (0x00007a39f2cab188) [0x00007a39f2cab280, 0x00007a39f2cab378] Compiler: , Barriers: 0, Oops: 0, ImmediateOops: 0, NonImmediateOops: No
[2,007s][debug][gc,nmethod     ] Register NMethod: java.lang.Long.hashCode (0x00007a39f2cab488) [0x00007a39f2cab580, 0x00007a39f2cab5f0] Compiler: jvmci, Barriers: 0, Oops: 0, ImmediateOops: 0, NonImmediateOops: No
[2,007s][debug][gc,nmethod     ] Register NMethod: java.util.concurrent.atomic.AtomicLong.get (0x00007a39f2cab788) [0x00007a39f2cab880, 0x00007a39f2cab948] Compiler: c1, Barriers: 0, Oops: 0, ImmediateOops: 0, NonImmediateOops: No
[2,007s][debug][gc,director    ] Rule Major: Warmup 10%, Used: 278MB, UsedThreshold: 1228MB
[2,010s][debug][gc,nmethod     ] Register NMethod: java.lang.invoke.MethodHandle.linkToSpecial (0x00007a39f2caba88) [0x00007a39f2cabb80, 0x00007a39f2cabc78] Compiler: , Barriers: 0, Oops: 0, ImmediateOops: 0, NonImmediateOops: No
[2,010s][debug][gc,nmethod     ] Register NMethod: jdk.internal.misc.Unsafe.putLongUnaligned (0x00007a39f2cabd88) [0x00007a39f2cabe80, 0x00007a39f2cabf40] Compiler: jvmci, Barriers: 0, Oops: 0, ImmediateOops: 0, NonImmediateOops: No
[2,010s][debug][gc,nmethod     ] Register NMethod: java.lang.invoke.MethodHandle.linkToSpecial (0x00007a39f2cac088) [0x00007a39f2cac180, 0x00007a39f2cac278] Compiler: , Barriers: 0, Oops: 0, ImmediateOops: 0, NonImmediateOops: No
[2,011s][debug][gc,nmethod     ] Register NMethod: java.lang.invoke.MethodHandle.invokeBasic (0x00007a39f2cac388) [0x00007a39f2cac480, 0x00007a39f2cac718] Compiler: , Barriers: 0, Oops: 0, ImmediateOops: 0, NonImmediateOops: No
[2,011s][debug][gc,nmethod     ] Register NMethod: java.lang.invoke.MethodHandle.linkToSpecial (0x00007a39f2cac788) [0x00007a39f2cac880, 0x00007a39f2cac978] Compiler: , Barriers: 0, Oops: 0, ImmediateOops: 0, NonImmediateOops: No
[2,013s][debug][gc,nmethod     ] Register NMethod: java.io.UnixFileSystem.hasBooleanAttributes (0x00007a39f2caca88) [0x00007a39f2cacb80, 0x00007a39f2cacd80] Compiler: jvmci, Barriers: 2, Oops: 0, ImmediateOops: 0, NonImmediateOops: No
[2,017s][debug][gc,nmethod     ] Register NMethod: jdk.internal.classfile.impl.StackMapGenerator$Frame.checkStack (0x00007a39f2cacd88) [0x00007a39f2cace80, 0x00007a39f2cad550] Compiler: jvmci, Barriers: 17, Oops: 1, ImmediateOops: 2, NonImmediateOops: No
[2,018s][debug][gc,director    ] Rule Major: Warmup 10%, Used: 278MB, UsedThreshold: 1228MB
[2,018s][debug][gc,nmethod     ] Register NMethod: java.util.jar.JarFile.maybeInstantiateVerifier (0x00007a39f2cad588) [0x00007a39f2cad680, 0x00007a39f2cadb88] Compiler: jvmci, Barriers: 4, Oops: 0, ImmediateOops: 0, NonImmediateOops: No
[2,019s][debug][gc,nmethod     ] Register NMethod: java.lang.invoke.MethodHandle.linkToSpecial (0x00007a39f2cadc08) [0x00007a39f2cadd00, 0x00007a39f2caddf8] Compiler: , Barriers: 0, Oops: 0, ImmediateOops: 0, NonImmediateOops: No
[2,020s][debug][gc,nmethod     ] Register NMethod: java.lang.invoke.MethodHandle.linkToStatic (0x00007a39f2cadf08) [0x00007a39f2cae000, 0x00007a39f2cae0f0] Compiler: , Barriers: 0, Oops: 0, ImmediateOops: 0, NonImmediateOops: No
[2,020s][debug][gc,nmethod     ] Register NMethod: java.lang.invoke.MethodHandle.linkToStatic (0x00007a39f2cae208) [0x00007a39f2cae300, 0x00007a39f2cae3f0] Compiler: , Barriers: 0, Oops: 0, ImmediateOops: 0, NonImmediateOops: No
[2,020s][debug][gc,nmethod     ] Register NMethod: java.lang.invoke.MethodHandle.linkToStatic (0x00007a39f2cae508) [0x00007a39f2cae600, 0x00007a39f2cae6f0] Compiler: , Barriers: 0, Oops: 0, ImmediateOops: 0, NonImmediateOops: No
[2,020s][debug][gc,nmethod     ] Register NMethod: java.lang.invoke.MethodHandle.linkToStatic (0x00007a39f2cae808) [0x00007a39f2cae900, 0x00007a39f2cae9f0] Compiler: , Barriers: 0, Oops: 0, ImmediateOops: 0, NonImmediateOops: No
[2,020s][debug][gc,nmethod     ] Register NMethod: java.lang.invoke.MethodHandle.linkToStatic (0x00007a39f2caeb08) [0x00007a39f2caec00, 0x00007a39f2caecf0] Compiler: , Barriers: 0, Oops: 0, ImmediateOops: 0, NonImmediateOops: No
[2,020s][debug][gc,nmethod     ] Register NMethod: java.lang.invoke.MethodHandle.linkToStatic (0x00007a39f2caee08) [0x00007a39f2caef00, 0x00007a39f2caeff0] Compiler: , Barriers: 0, Oops: 0, ImmediateOops: 0, NonImmediateOops: No
[2,020s][debug][gc,nmethod     ] Register NMethod: java.lang.invoke.MethodHandle.linkToStatic (0x00007a39f2caf108) [0x00007a39f2caf200, 0x00007a39f2caf2f0] Compiler: , Barriers: 0, Oops: 0, ImmediateOops: 0, NonImmediateOops: No
[2,021s][debug][gc,nmethod     ] Register NMethod: java.lang.invoke.MethodHandle.linkToStatic (0x00007a39f2caf408) [0x00007a39f2caf500, 0x00007a39f2caf5f0] Compiler: , Barriers: 0, Oops: 0, ImmediateOops: 0, NonImmediateOops: No
[2,021s][debug][gc,nmethod     ] Register NMethod: java.lang.invoke.MethodHandle.linkToStatic (0x00007a39f2caf708) [0x00007a39f2caf800, 0x00007a39f2caf8f0] Compiler: , Barriers: 0, Oops: 0, ImmediateOops: 0, NonImmediateOops: No
[2,021s][debug][gc,nmethod     ] Register NMethod: java.lang.invoke.LambdaForm.fixResult (0x00007a39d3636c88) [0x00007a39d3636d80, 0x00007a39d3636f90] Compiler: c1, Barriers: 2, Oops: 0, ImmediateOops: 1, NonImmediateOops: No
[2,021s][debug][gc,nmethod     ] Register NMethod: java.lang.invoke.LambdaForm.<init> (0x00007a39d38b6288) [0x00007a39d38b6380, 0x00007a39d38b66e0] Compiler: c1, Barriers: 12, Oops: 0, ImmediateOops: 0, NonImmediateOops: No
[2,021s][debug][gc,nmethod     ] Register NMethod: java.lang.invoke.InvokerBytecodeGenerator.generateCustomizedCode (0x00007a39d38b5d88) [0x00007a39d38b5e80, 0x00007a39d38b6128] Compiler: c1, Barriers: 0, Oops: 0, ImmediateOops: 1, NonImmediateOops: No
[2,021s][debug][gc,nmethod     ] Register NMethod: sun.net.www.protocol.file.Handler.parseURL (0x00007a39f2cafa08) [0x00007a39f2cafb00, 0x00007a39f2cafbd0] Compiler: jvmci, Barriers: 0, Oops: 0, ImmediateOops: 0, NonImmediateOops: No
[2,021s][debug][gc,nmethod     ] Register NMethod: java.lang.invoke.LambdaForm.create (0x00007a39d3972988) [0x00007a39d3972a80, 0x00007a39d39732d8] Compiler: c1, Barriers: 2, Oops: 0, ImmediateOops: 1, NonImmediateOops: No
[2,022s][debug][gc,nmethod     ] Register NMethod: java.lang.invoke.InvokerBytecodeGenerator.lookupPregenerated (0x00007a39d3460588) [0x00007a39d3460680, 0x00007a39d34638a8] Compiler: c1, Barriers: 10, Oops: 1, ImmediateOops: 13, NonImmediateOops: No
[2,022s][debug][gc,nmethod     ] Register NMethod: java.lang.invoke.MethodHandle.invokeBasic (0x00007a39f2cafd08) [0x00007a39f2cafe00, 0x00007a39f2cb0098] Compiler: , Barriers: 0, Oops: 0, ImmediateOops: 0, NonImmediateOops: No
[2,022s][debug][gc,nmethod     ] Register NMethod: java.lang.invoke.MethodHandle.linkToSpecial (0x00007a39f2cb0108) [0x00007a39f2cb0200, 0x00007a39f2cb02f8] Compiler: , Barriers: 0, Oops: 0, ImmediateOops: 0, NonImmediateOops: No
[2,022s][debug][gc,nmethod     ] Register NMethod: java.lang.StringBuilder.append (0x00007a39d36ad588) [0x00007a39d36ad680, 0x00007a39d36ad7c8] Compiler: c1, Barriers: 0, Oops: 0, ImmediateOops: 0, NonImmediateOops: No
[2,022s][debug][gc,nmethod     ] Register NMethod: java.util.Arrays.copyOfRange (0x00007a39d3430008) [0x00007a39d3430100, 0x00007a39d3431838] Compiler: c1, Barriers: 1, Oops: 1, ImmediateOops: 3, NonImmediateOops: No
[2,023s][debug][gc,nmethod     ] Register NMethod: java.lang.AbstractStringBuilder.append (0x00007a39d342c288) [0x00007a39d342c380, 0x00007a39d342c758] Compiler: c1, Barriers: 4, Oops: 0, ImmediateOops: 0, NonImmediateOops: No
[2,023s][debug][gc,nmethod     ] Register NMethod: java.lang.invoke.MethodHandle.invokeBasic (0x00007a39f2cb0408) [0x00007a39f2cb0500, 0x00007a39f2cb0798] Compiler: , Barriers: 0, Oops: 0, ImmediateOops: 0, NonImmediateOops: No
[2,023s][debug][gc,nmethod     ] Register NMethod: java.lang.invoke.MethodHandle.linkToSpecial (0x00007a39f2cb0808) [0x00007a39f2cb0900, 0x00007a39f2cb09f8] Compiler: , Barriers: 0, Oops: 0, ImmediateOops: 0, NonImmediateOops: No
[2,024s][debug][gc,nmethod     ] Register NMethod: java.lang.classfile.CodeBuilder.putstatic (0x00007a39d342bc08) [0x00007a39d342bd00, 0x00007a39d342c010] Compiler: c1, Barriers: 0, Oops: 0, ImmediateOops: 1, NonImmediateOops: No
[2,024s][debug][gc,nmethod     ] Register NMethod: java.lang.invoke.MethodHandle.invokeBasic (0x00007a39f2cb0b08) [0x00007a39f2cb0c00, 0x00007a39f2cb0e98] Compiler: , Barriers: 0, Oops: 0, ImmediateOops: 0, NonImmediateOops: No
[2,024s][debug][gc,nmethod     ] Register NMethod: java.lang.invoke.MethodHandle.linkToSpecial (0x00007a39f2cb0f08) [0x00007a39f2cb1000, 0x00007a39f2cb10f8] Compiler: , Barriers: 0, Oops: 0, ImmediateOops: 0, NonImmediateOops: No
[2,024s][debug][gc,nmethod     ] Register NMethod: java.util.Arrays.fill (0x00007a39d34e7c08) [0x00007a39d34e7d00, 0x00007a39d34e81a8] Compiler: c1, Barriers: 3, Oops: 0, ImmediateOops: 0, NonImmediateOops: No
[2,025s][debug][gc,nmethod     ] Register NMethod: java.lang.invoke.MethodHandle.invokeBasic (0x00007a39f2cb1208) [0x00007a39f2cb1300, 0x00007a39f2cb1598] Compiler: , Barriers: 0, Oops: 0, ImmediateOops: 0, NonImmediateOops: No
[2,025s][debug][gc,nmethod     ] Rebuilding NMethod Table: 4096->4096 entries, 2582(63%->63%) registered, 286(7%->0%) unregistered
[2,025s][debug][gc,nmethod     ] Register NMethod: java.lang.invoke.MethodHandle.linkToSpecial (0x00007a39f2cb1608) [0x00007a39f2cb1700, 0x00007a39f2cb17f8] Compiler: , Barriers: 0, Oops: 0, ImmediateOops: 0, NonImmediateOops: No
[2,026s][debug][gc,nmethod     ] Register NMethod: java.lang.invoke.LambdaFormBuffer.changeName (0x00007a39d35bed08) [0x00007a39d35bee00, 0x00007a39d35bf870] Compiler: c1, Barriers: 10, Oops: 0, ImmediateOops: 0, NonImmediateOops: No
[2,028s][debug][gc,director    ] Rule Major: Warmup 10%, Used: 280MB, UsedThreshold: 1228MB
[2,030s][debug][gc,nmethod     ] Register NMethod: jdk.internal.classfile.impl.StackMapGenerator$Frame.pushStack (0x00007a39f2cb1908) [0x00007a39f2cb1a00, 0x00007a39f2cb2170] Compiler: jvmci, Barriers: 20, Oops: 1, ImmediateOops: 2, NonImmediateOops: No
[2,033s][debug][gc,nmethod     ] Register NMethod: jdk.internal.misc.Unsafe.getLongVolatile (0x00007a39f2cb2188) [0x00007a39f2cb2280, 0x00007a39f2cb23e8] Compiler: , Barriers: 0, Oops: 0, ImmediateOops: 0, NonImmediateOops: No
[2,034s][debug][gc,nmethod     ] Register NMethod: java.lang.Thread.onSpinWait (0x00007a39d3726388) [0x00007a39d3726480, 0x00007a39d3726560] Compiler: c1, Barriers: 0, Oops: 0, ImmediateOops: 0, NonImmediateOops: No
[2,035s][debug][gc,nmethod     ] Register NMethod: java.lang.invoke.MethodHandle.linkToStatic (0x00007a39f2cb2488) [0x00007a39f2cb2580, 0x00007a39f2cb2670] Compiler: , Barriers: 0, Oops: 0, ImmediateOops: 0, NonImmediateOops: No
[2,035s][debug][gc,nmethod     ] Register NMethod: java.lang.invoke.MethodHandle.linkToInterface (0x00007a39f2cb2788) [0x00007a39f2cb2880, 0x00007a39f2cb29b0] Compiler: , Barriers: 0, Oops: 0, ImmediateOops: 0, NonImmediateOops: No
[2,035s][debug][gc,nmethod     ] Register NMethod: java.lang.invoke.MethodHandle.linkToInterface (0x00007a39f2cb2a88) [0x00007a39f2cb2b80, 0x00007a39f2cb2cb0] Compiler: , Barriers: 0, Oops: 0, ImmediateOops: 0, NonImmediateOops: No
[2,035s][debug][gc,nmethod     ] Register NMethod: java.lang.invoke.MethodHandle.linkToStatic (0x00007a39f2cb2d88) [0x00007a39f2cb2e80, 0x00007a39f2cb2f70] Compiler: , Barriers: 0, Oops: 0, ImmediateOops: 0, NonImmediateOops: No
[2,036s][debug][gc,nmethod     ] Register NMethod: jdk.internal.foreign.SegmentFactories.initNativeMemory (0x00007a39d396f708) [0x00007a39d396f800, 0x00007a39d396fa20] Compiler: c1, Barriers: 0, Oops: 0, ImmediateOops: 0, NonImmediateOops: No
[2,036s][debug][gc,nmethod     ] Register NMethod: java.lang.invoke.MethodHandle.linkToStatic (0x00007a39f2cb3088) [0x00007a39f2cb3180, 0x00007a39f2cb3270] Compiler: , Barriers: 0, Oops: 0, ImmediateOops: 0, NonImmediateOops: No
[2,036s][debug][gc,nmethod     ] Register NMethod: java.lang.invoke.MethodTypeForm.<init> (0x00007a39d37cc508) [0x00007a39d37cc600, 0x00007a39d37cf590] Compiler: c1, Barriers: 28, Oops: 1, ImmediateOops: 7, NonImmediateOops: No
[2,036s][debug][gc,nmethod     ] Register NMethod: java.lang.invoke.MethodHandle.linkToStatic (0x00007a39f2cb3388) [0x00007a39f2cb3480, 0x00007a39f2cb3570] Compiler: , Barriers: 0, Oops: 0, ImmediateOops: 0, NonImmediateOops: No
[2,037s][debug][gc,nmethod     ] Register NMethod: jdk.internal.misc.Unsafe.checkSize (0x00007a39d3995388) [0x00007a39d3995480, 0x00007a39d39956e0] Compiler: c1, Barriers: 0, Oops: 0, ImmediateOops: 0, NonImmediateOops: No
[2,037s][debug][gc,nmethod     ] Register NMethod: jdk.internal.foreign.NativeMemorySegmentImpl.unsafeGetOffset (0x00007a39f2cb3688) [0x00007a39f2cb3780, 0x00007a39f2cb3840] Compiler: c1, Barriers: 0, Oops: 0, ImmediateOops: 0, NonImmediateOops: No
[2,037s][debug][gc,nmethod     ] Register NMethod: jdk.internal.foreign.NativeMemorySegmentImpl.unsafeGetBase (0x00007a39f2cb3988) [0x00007a39f2cb3a80, 0x00007a39f2cb3b48] Compiler: c1, Barriers: 0, Oops: 0, ImmediateOops: 0, NonImmediateOops: No
[2,037s][debug][gc,nmethod     ] Register NMethod: jdk.internal.foreign.AbstractMemorySegmentImpl.sessionImpl (0x00007a39f2cb3c88) [0x00007a39f2cb3d80, 0x00007a39f2cb3e68] Compiler: c1, Barriers: 1, Oops: 0, ImmediateOops: 0, NonImmediateOops: No
[2,037s][debug][gc,nmethod     ] Register NMethod: java.lang.invoke.MethodHandle.linkToStatic (0x00007a39f2cb3f88) [0x00007a39f2cb4080, 0x00007a39f2cb4170] Compiler: , Barriers: 0, Oops: 0, ImmediateOops: 0, NonImmediateOops: No
[2,037s][debug][gc,nmethod     ] Register NMethod: java.util.concurrent.ConcurrentHashMap.putIfAbsent (0x00007a39d34e7688) [0x00007a39d34e7780, 0x00007a39d34e7a80] Compiler: c1, Barriers: 0, Oops: 0, ImmediateOops: 0, NonImmediateOops: No
[2,037s][debug][gc,nmethod     ] Register NMethod: jdk.internal.foreign.layout.AbstractLayout.byteSize (0x00007a39f2cb4288) [0x00007a39f2cb4380, 0x00007a39f2cb4440] Compiler: c1, Barriers: 0, Oops: 0, ImmediateOops: 0, NonImmediateOops: No
[2,037s][debug][gc,nmethod     ] Register NMethod: jdk.internal.foreign.layout.AbstractLayout.byteAlignment (0x00007a39f2cb4588) [0x00007a39f2cb4680, 0x00007a39f2cb4740] Compiler: c1, Barriers: 0, Oops: 0, ImmediateOops: 0, NonImmediateOops: No
[2,037s][debug][gc,nmethod     ] Register NMethod: java.lang.invoke.MethodHandle.linkToStatic (0x00007a39f2cb4888) [0x00007a39f2cb4980, 0x00007a39f2cb4a70] Compiler: , Barriers: 0, Oops: 0, ImmediateOops: 0, NonImmediateOops: No
[2,037s][debug][gc,nmethod     ] Register NMethod: jdk.internal.foreign.NativeMemorySegmentImpl.maxAlignMask (0x00007a39f2cb4b88) [0x00007a39f2cb4c80, 0x00007a39f2cb4d40] Compiler: c1, Barriers: 0, Oops: 0, ImmediateOops: 0, NonImmediateOops: No
[2,038s][debug][gc,director    ] Rule Major: Warmup 10%, Used: 290MB, UsedThreshold: 1228MB
[2,038s][debug][gc,nmethod     ] Register NMethod: jdk.internal.foreign.MemorySessionImpl.checkValidStateRaw (0x00007a39d382c008) [0x00007a39d382c100, 0x00007a39d382c330] Compiler: c1, Barriers: 2, Oops: 0, ImmediateOops: 2, NonImmediateOops: No
[2,039s][debug][gc,nmethod     ] Register NMethod: jdk.internal.classfile.impl.DirectCodeBuilder$DeferredLabel.<init> (0x00007a39d382bc88) [0x00007a39d382bd80, 0x00007a39d382bfc0] Compiler: c1, Barriers: 3, Oops: 0, ImmediateOops: 0, NonImmediateOops: No
[2,039s][debug][gc,nmethod     ] Register NMethod: jdk.internal.classfile.impl.DirectCodeBuilder.addLabel (0x00007a39d3681308) [0x00007a39d3681400, 0x00007a39d3681dd0] Compiler: c1, Barriers: 9, Oops: 0, ImmediateOops: 0, NonImmediateOops: No
[2,039s][debug][gc,nmethod     ] Register NMethod: io.sirix.page.KeyValueLeafPage.getDeweyIdAsByteArray (0x00007a39d381db08) [0x00007a39d381dc00, 0x00007a39d381e188] Compiler: c1, Barriers: 0, Oops: 1, ImmediateOops: 1, NonImmediateOops: No
[2,039s][debug][gc,nmethod     ] Register NMethod: jdk.internal.foreign.AbstractMemorySegmentImpl.byteSize (0x00007a39f2cb4e88) [0x00007a39f2cb4f80, 0x00007a39f2cb5040] Compiler: c1, Barriers: 0, Oops: 0, ImmediateOops: 0, NonImmediateOops: No
[2,039s][debug][gc,nmethod     ] Register NMethod: jdk.internal.classfile.impl.AbstractPoolEntry.hash1 (0x00007a39f2cb5188) [0x00007a39f2cb5280, 0x00007a39f2cb52f0] Compiler: jvmci, Barriers: 0, Oops: 0, ImmediateOops: 0, NonImmediateOops: No
[2,039s][debug][gc,nmethod     ] Register NMethod: jdk.internal.foreign.NativeMemorySegmentImpl.dup (0x00007a39f2cb5488) [0x00007a39f2cb55a0, 0x00007a39f2cb56f0] Compiler: jvmci, Barriers: 2, Oops: 0, ImmediateOops: 0, NonImmediateOops: No
[2,039s][debug][gc,nmethod     ] Register NMethod: jdk.internal.constant.ConstantUtils.classDesc (0x00007a39d34d2f08) [0x00007a39d34d3000, 0x00007a39d34d4100] Compiler: c1, Barriers: 3, Oops: 1, ImmediateOops: 2, NonImmediateOops: No
[2,039s][debug][gc,nmethod     ] Register NMethod: io.sirix.page.KeyValueLeafPage.isSlotSet (0x00007a39d34d2c08) [0x00007a39d34d2d00, 0x00007a39d34d2ea8] Compiler: c1, Barriers: 1, Oops: 1, ImmediateOops: 0, NonImmediateOops: No
[2,040s][debug][gc,nmethod     ] Register NMethod: jdk.internal.misc.Unsafe.putShort (0x00007a39f2cb5788) [0x00007a39f2cb5880, 0x00007a39f2cb59d8] Compiler: , Barriers: 0, Oops: 0, ImmediateOops: 0, NonImmediateOops: No
[2,040s][debug][gc,nmethod     ] Register NMethod: io.sirix.node.GrowingMemorySegment.ensureCapacity (0x00007a39d375f408) [0x00007a39d375f500, 0x00007a39d375f660] Compiler: c1, Barriers: 0, Oops: 1, ImmediateOops: 0, NonImmediateOops: No
[2,040s][debug][gc,nmethod     ] Register NMethod: io.sirix.page.KeyValueLeafPage.getDeweyId (0x00007a39d3a36888) [0x00007a39d3a36980, 0x00007a39d3a3ba38] Compiler: c1, Barriers: 21, Oops: 7, ImmediateOops: 12, NonImmediateOops: No
[2,040s][debug][gc,nmethod     ] Register NMethod: jdk.internal.foreign.AbstractMemorySegmentImpl.checkReadOnly (0x00007a39d3680f88) [0x00007a39d3681080, 0x00007a39d36812a8] Compiler: c1, Barriers: 0, Oops: 0, ImmediateOops: 1, NonImmediateOops: No
[2,042s][debug][gc,nmethod     ] Register NMethod: java.util.stream.ReferencePipeline$StatefulOp.<init> (0x00007a39d37d5708) [0x00007a39d37d5800, 0x00007a39d37d59b8] Compiler: c1, Barriers: 0, Oops: 0, ImmediateOops: 0, NonImmediateOops: No
[2,042s][debug][gc,nmethod     ] Register NMethod: jdk.internal.foreign.AbstractMemorySegmentImpl.isAlignedForElement (0x00007a39d3811988) [0x00007a39d3811a80, 0x00007a39d3811c50] Compiler: c1, Barriers: 0, Oops: 0, ImmediateOops: 0, NonImmediateOops: No
[2,042s][debug][gc,nmethod     ] Register NMethod: jdk.internal.foreign.AbstractMemorySegmentImpl.isAlignedForElement (0x00007a39d381d288) [0x00007a39d381d380, 0x00007a39d381d9a8] Compiler: c1, Barriers: 0, Oops: 0, ImmediateOops: 0, NonImmediateOops: No
[2,042s][debug][gc,nmethod     ] Register NMethod: jdk.internal.foreign.AbstractMemorySegmentImpl.checkAccess (0x00007a39d3401a88) [0x00007a39d3401b80, 0x00007a39d3402390] Compiler: c1, Barriers: 0, Oops: 0, ImmediateOops: 1, NonImmediateOops: No
[2,042s][debug][gc,nmethod     ] Register NMethod: java.io.UnixFileSystem.resolve (0x00007a39f2cb5a88) [0x00007a39f2cb5c80, 0x00007a39f2cb6ad0] Compiler: jvmci, Barriers: 6, Oops: 0, ImmediateOops: 2, NonImmediateOops: No
[2,042s][debug][gc,nmethod     ] Register NMethod: jdk.internal.classfile.impl.AbstractPoolEntry$Utf8EntryImpl.methodTypeSymbol (0x00007a39f2cb6b08) [0x00007a39f2cb6c00, 0x00007a39f2cb6d08] Compiler: jvmci, Barriers: 1, Oops: 0, ImmediateOops: 0, NonImmediateOops: No
[2,043s][debug][gc,nmethod     ] Register NMethod: java.lang.invoke.MethodHandle.invokeBasic (0x00007a39f2cb6e08) [0x00007a39f2cb6f00, 0x00007a39f2cb7198] Compiler: , Barriers: 0, Oops: 0, ImmediateOops: 0, NonImmediateOops: No
[2,043s][debug][gc,nmethod     ] Register NMethod: jdk.internal.classfile.impl.SplitConstantPool.maybeCloneUtf8Entry (0x00007a39d3481308) [0x00007a39d3481400, 0x00007a39d34824a0] Compiler: c1, Barriers: 4, Oops: 0, ImmediateOops: 2, NonImmediateOops: No
[2,043s][debug][gc,nmethod     ] Register NMethod: java.util.concurrent.ConcurrentHashMap.addCount (0x00007a39d344ef08) [0x00007a39d344f000, 0x00007a39d344fd58] Compiler: c1, Barriers: 5, Oops: 1, ImmediateOops: 1, NonImmediateOops: No
[2,044s][debug][gc,nmethod     ] Register NMethod: jdk.internal.foreign.Utils$BaseAndScale.scale (0x00007a39f2cb7208) [0x00007a39f2cb7300, 0x00007a39f2cb73c0] Compiler: c1, Barriers: 0, Oops: 0, ImmediateOops: 0, NonImmediateOops: No
[2,044s][debug][gc,nmethod     ] Register NMethod: jdk.internal.misc.Unsafe.checkOffset (0x00007a39d382b688) [0x00007a39d382b780, 0x00007a39d382b9e0] Compiler: c1, Barriers: 0, Oops: 0, ImmediateOops: 0, NonImmediateOops: No
[2,044s][debug][gc,nmethod     ] Register NMethod: java.lang.invoke.VarHandleGuards.guard_LJI_V (0x00007a39d3a3ba88) [0x00007a39d3a3bb80, 0x00007a39d3a40788] Compiler: c1, Barriers: 46, Oops: 1, ImmediateOops: 6, NonImmediateOops: No
[2,044s][debug][gc,nmethod     ] Register NMethod: java.lang.invoke.SegmentVarHandle.offset (0x00007a39d3401688) [0x00007a39d3401780, 0x00007a39d3401a80] Compiler: c1, Barriers: 0, Oops: 0, ImmediateOops: 0, NonImmediateOops: No
[2,044s][debug][gc,nmethod     ] Register NMethod: jdk.internal.misc.Unsafe.copyMemory (0x00007a39d345de08) [0x00007a39d345df00, 0x00007a39d345f4c0] Compiler: c1, Barriers: 4, Oops: 0, ImmediateOops: 0, NonImmediateOops: No
[2,044s][debug][gc,nmethod     ] Register NMethod: io.sirix.page.KeyValueLeafPage.getSlotAsByteArray (0x00007a39d3974408) [0x00007a39d3974500, 0x00007a39d3974b98] Compiler: c1, Barriers: 0, Oops: 1, ImmediateOops: 1, NonImmediateOops: No
[2,045s][debug][gc,nmethod     ] Register NMethod: jdk.internal.misc.Unsafe.copyMemoryChecks (0x00007a39d35bd108) [0x00007a39d35bd200, 0x00007a39d35be7b8] Compiler: c1, Barriers: 4, Oops: 0, ImmediateOops: 0, NonImmediateOops: No
[2,045s][debug][gc,nmethod     ] Register NMethod: jdk.internal.foreign.layout.ValueLayouts$AbstractValueLayout.varHandle (0x00007a39d35da588) [0x00007a39d35da680, 0x00007a39d35db038] Compiler: c1, Barriers: 4, Oops: 3, ImmediateOops: 3, NonImmediateOops: No
[2,046s][debug][gc,nmethod     ] Register NMethod: jdk.internal.foreign.AbstractMemorySegmentImpl.checkEnclosingLayout (0x00007a39d3745688) [0x00007a39d3745780, 0x00007a39d3748ad8] Compiler: c1, Barriers: 19, Oops: 1, ImmediateOops: 3, NonImmediateOops: No
[2,046s][debug][gc,nmethod     ] Register NMethod: java.lang.invoke.MethodType.hashCode (0x00007a39f2cb7508) [0x00007a39f2cb7600, 0x00007a39f2cb7868] Compiler: jvmci, Barriers: 3, Oops: 0, ImmediateOops: 0, NonImmediateOops: No
[2,046s][debug][gc,nmethod     ] Register NMethod: java.lang.invoke.SegmentVarHandle.checkSegment (0x00007a39d3a40808) [0x00007a39d3a40900, 0x00007a39d3a44218] Compiler: c1, Barriers: 20, Oops: 1, ImmediateOops: 3, NonImmediateOops: No
[2,046s][debug][gc,nmethod     ] Register NMethod: java.lang.Integer.rotateRight (0x00007a39d3401388) [0x00007a39d3401480, 0x00007a39d3401570] Compiler: c1, Barriers: 0, Oops: 0, ImmediateOops: 0, NonImmediateOops: No
[2,047s][debug][gc,nmethod     ] Register NMethod: jdk.internal.misc.Unsafe.putIntUnaligned (0x00007a39d35bcd88) [0x00007a39d35bce80, 0x00007a39d35bd0b0] Compiler: c1, Barriers: 0, Oops: 0, ImmediateOops: 0, NonImmediateOops: No
[2,047s][debug][gc,nmethod     ] Register NMethod: jdk.internal.misc.Unsafe.putIntUnaligned (0x00007a39d3974008) [0x00007a39d3974100, 0x00007a39d39743a0] Compiler: c1, Barriers: 0, Oops: 0, ImmediateOops: 0, NonImmediateOops: No
[2,047s][debug][gc,nmethod     ] Register NMethod: java.lang.Integer.rotateRight (0x00007a39f2cb7888) [0x00007a39f2cb7980, 0x00007a39f2cb79f0] Compiler: jvmci, Barriers: 0, Oops: 0, ImmediateOops: 0, NonImmediateOops: No
[2,047s][debug][gc,nmethod     ] Register NMethod: java.lang.invoke.MethodHandle.invokeBasic (0x00007a39f2cb7b88) [0x00007a39f2cb7c80, 0x00007a39f2cb7f18] Compiler: , Barriers: 0, Oops: 0, ImmediateOops: 0, NonImmediateOops: No
[2,048s][debug][gc,director    ] Rule Major: Warmup 10%, Used: 290MB, UsedThreshold: 1228MB
[2,048s][debug][gc,nmethod     ] Register NMethod: java.lang.invoke.VarHandleGuards.guard_LII_V (0x00007a39d3a44288) [0x00007a39d3a44380, 0x00007a39d3a48f80] Compiler: c1, Barriers: 46, Oops: 1, ImmediateOops: 6, NonImmediateOops: No
[2,049s][debug][gc,nmethod     ] Register NMethod: java.lang.invoke.MemberName.getMethodType (0x00007a39f2cb7f88) [0x00007a39f2cb8080, 0x00007a39f2cb85c8] Compiler: jvmci, Barriers: 8, Oops: 0, ImmediateOops: 0, NonImmediateOops: No
[2,050s][debug][gc,nmethod     ] Register NMethod: jdk.internal.classfile.impl.UnboundAttribute$UnboundExceptionsAttribute.exceptions (0x00007a39f2cb8608) [0x00007a39f2cb8700, 0x00007a39f2cb87e8] Compiler: c1, Barriers: 1, Oops: 0, ImmediateOops: 0, NonImmediateOops: No
[2,050s][debug][gc,nmethod     ] Register NMethod: java.lang.invoke.MethodHandle.linkToStatic (0x00007a39f2cb8908) [0x00007a39f2cb8a00, 0x00007a39f2cb8af0] Compiler: , Barriers: 0, Oops: 0, ImmediateOops: 0, NonImmediateOops: No
[2,050s][debug][gc,nmethod     ] Register NMethod: java.lang.invoke.MethodHandle.invokeBasic (0x00007a39f2cb8c08) [0x00007a39f2cb8d00, 0x00007a39f2cb8f98] Compiler: , Barriers: 0, Oops: 0, ImmediateOops: 0, NonImmediateOops: No
[2,051s][debug][gc,nmethod     ] Register NMethod: io.sirix.page.KeyValueLeafPage.getSlot (0x00007a39d3a49008) [0x00007a39d3a49100, 0x00007a39d3a5f320] Compiler: c1, Barriers: 194, Oops: 13, ImmediateOops: 50, NonImmediateOops: No
[2,052s][debug][gc,nmethod     ] Register NMethod: java.lang.System.checkKey (0x00007a39d35d9f08) [0x00007a39d35da000, 0x00007a39d35da568] Compiler: c1, Barriers: 1, Oops: 0, ImmediateOops: 2, NonImmediateOops: No
[2,053s][debug][gc,nmethod     ] Register NMethod: java.io.UnixFileSystem.canonicalize0 (0x00007a39f2cb9008) [0x00007a39f2cb9100, 0x00007a39f2cb9430] Compiler: , Barriers: 0, Oops: 0, ImmediateOops: 0, NonImmediateOops: No
[2,055s][debug][gc,nmethod     ] Register NMethod: java.io.File.<init> (0x00007a39f2cb9488) [0x00007a39f2cb9680, 0x00007a39f2cba368] Compiler: jvmci, Barriers: 15, Oops: 1, ImmediateOops: 4, NonImmediateOops: No
[2,055s][debug][gc,nmethod     ] Register NMethod: java.lang.Class.newReflectionData (0x00007a39d3761d08) [0x00007a39d3761e00, 0x00007a39d3762940] Compiler: c1, Barriers: 7, Oops: 0, ImmediateOops: 2, NonImmediateOops: No
[2,056s][debug][gc,nmethod     ] Register NMethod: java.util.WeakHashMap.expungeStaleEntries (0x00007a39f2cba388) [0x00007a39f2cba480, 0x00007a39f2cba5b8] Compiler: jvmci, Barriers: 2, Oops: 0, ImmediateOops: 0, NonImmediateOops: No
[2,057s][debug][gc,nmethod     ] Register NMethod: jdk.internal.misc.Unsafe.getReference (0x00007a39f2cba688) [0x00007a39f2cba780, 0x00007a39f2cbaab0] Compiler: , Barriers: 0, Oops: 0, ImmediateOops: 0, NonImmediateOops: No
[2,057s][debug][gc,nmethod     ] Register NMethod: jdk.internal.misc.Unsafe.putLongUnaligned (0x00007a39d3973a88) [0x00007a39d3973b80, 0x00007a39d3973fb8] Compiler: c1, Barriers: 0, Oops: 0, ImmediateOops: 0, NonImmediateOops: No
[2,057s][debug][gc,nmethod     ] Register NMethod: jdk.internal.foreign.SegmentFactories.initNativeMemory (0x00007a39d381af88) [0x00007a39d381b080, 0x00007a39d381b220] Compiler: c1, Barriers: 0, Oops: 0, ImmediateOops: 0, NonImmediateOops: No
[2,057s][debug][gc,nmethod     ] Register NMethod: java.lang.Thread.onSpinWait (0x00007a39f2cbab08) [0x00007a39f2cbac00, 0x00007a39f2cbac60] Compiler: jvmci, Barriers: 0, Oops: 0, ImmediateOops: 0, NonImmediateOops: No
[2,058s][debug][gc,nmethod     ] Register NMethod: java.lang.invoke.MethodHandle.invokeBasic (0x00007a39f2cbae08) [0x00007a39f2cbaf00, 0x00007a39f2cbb198] Compiler: , Barriers: 0, Oops: 0, ImmediateOops: 0, NonImmediateOops: No
[2,058s][debug][gc,nmethod     ] Register NMethod: java.lang.invoke.MethodHandle.linkToSpecial (0x00007a39f2cbb208) [0x00007a39f2cbb300, 0x00007a39f2cbb3f8] Compiler: , Barriers: 0, Oops: 0, ImmediateOops: 0, NonImmediateOops: No
[2,058s][debug][gc,director    ] Rule Major: Warmup 10%, Used: 290MB, UsedThreshold: 1228MB
[2,059s][debug][gc,nmethod     ] Register NMethod: jdk.internal.misc.Unsafe.ensureClassInitialized (0x00007a39d35d9a88) [0x00007a39d35d9b80, 0x00007a39d35d9da0] Compiler: c1, Barriers: 0, Oops: 0, ImmediateOops: 0, NonImmediateOops: No
[2,059s][debug][gc,nmethod     ] Register NMethod: java.lang.invoke.MethodHandle.invokeBasic (0x00007a39f2cbb508) [0x00007a39f2cbb600, 0x00007a39f2cbb898] Compiler: , Barriers: 0, Oops: 0, ImmediateOops: 0, NonImmediateOops: No
[2,059s][debug][gc,nmethod     ] Register NMethod: java.lang.invoke.MethodHandle.linkToSpecial (0x00007a39f2cbb908) [0x00007a39f2cbba00, 0x00007a39f2cbbaf8] Compiler: , Barriers: 0, Oops: 0, ImmediateOops: 0, NonImmediateOops: No
[2,061s][debug][gc,nmethod     ] Register NMethod: java.lang.Long.longValue (0x00007a39f2cbbc08) [0x00007a39f2cbbd00, 0x00007a39f2cbbdc0] Compiler: c1, Barriers: 0, Oops: 0, ImmediateOops: 0, NonImmediateOops: No
[2,061s][debug][gc,nmethod     ] Register NMethod: jdk.internal.foreign.AbstractMemorySegmentImpl.isAlignedForElement (0x00007a39d3761388) [0x00007a39d3761480, 0x00007a39d3761a10] Compiler: c1, Barriers: 0, Oops: 0, ImmediateOops: 0, NonImmediateOops: No
[2,062s][debug][gc,nmethod     ] Register NMethod: java.lang.reflect.Array.getLength (0x00007a39f2cbbf08) [0x00007a39f2cbc000, 0x00007a39f2cbc168] Compiler: , Barriers: 0, Oops: 0, ImmediateOops: 1, NonImmediateOops: No
[2,062s][debug][gc,nmethod     ] Register NMethod: jdk.internal.foreign.layout.ValueLayouts$AbstractValueLayout.carrier (0x00007a39f2cbc208) [0x00007a39f2cbc300, 0x00007a39f2cbc3e8] Compiler: c1, Barriers: 1, Oops: 0, ImmediateOops: 0, NonImmediateOops: No
[2,063s][debug][gc,nmethod     ] Register NMethod: jdk.internal.access.SharedSecrets.getJavaLangAccess (0x00007a39f2cbc508) [0x00007a39f2cbc600, 0x00007a39f2cbc6a8] Compiler: jvmci, Barriers: 1, Oops: 0, ImmediateOops: 1, NonImmediateOops: No
[2,063s][debug][gc,nmethod     ] Register NMethod: jdk.internal.foreign.Utils$BaseAndScale.base (0x00007a39f2cbc808) [0x00007a39f2cbc900, 0x00007a39f2cbc9c0] Compiler: c1, Barriers: 0, Oops: 0, ImmediateOops: 0, NonImmediateOops: No
[2,063s][debug][gc,nmethod     ] Register NMethod: jdk.internal.misc.Unsafe.weakCompareAndSetLong (0x00007a39d3866488) [0x00007a39d3866580, 0x00007a39d38666a0] Compiler: c1, Barriers: 0, Oops: 0, ImmediateOops: 0, NonImmediateOops: No
[2,063s][debug][gc,nmethod     ] Register NMethod: jdk.internal.misc.Unsafe.pick (0x00007a39d3862288) [0x00007a39d3862380, 0x00007a39d3862478] Compiler: c1, Barriers: 0, Oops: 0, ImmediateOops: 0, NonImmediateOops: No
[2,063s][debug][gc,nmethod     ] Register NMethod: jdk.internal.classfile.impl.BufWriterImpl.writeU1U2U2 (0x00007a39f2cbcb08) [0x00007a39f2cbcc00, 0x00007a39f2cbd190] Compiler: jvmci, Barriers: 4, Oops: 0, ImmediateOops: 0, NonImmediateOops: No
[2,063s][debug][gc,nmethod     ] Register NMethod: jdk.internal.misc.Unsafe.checkNativeAddress (0x00007a39d3861f88) [0x00007a39d3862080, 0x00007a39d3862190] Compiler: c1, Barriers: 0, Oops: 0, ImmediateOops: 0, NonImmediateOops: No
[2,064s][debug][gc,nmethod     ] Register NMethod: java.lang.StringCoding.hasNegatives (0x00007a39d3861c88) [0x00007a39d3861d80, 0x00007a39d3861ee8] Compiler: c1, Barriers: 0, Oops: 0, ImmediateOops: 0, NonImmediateOops: No
[2,064s][debug][gc,nmethod     ] Register NMethod: java.lang.invoke.MethodHandle.linkToStatic (0x00007a39f2cbd208) [0x00007a39f2cbd300, 0x00007a39f2cbd3f0] Compiler: , Barriers: 0, Oops: 0, ImmediateOops: 0, NonImmediateOops: No
[2,066s][debug][gc,nmethod     ] Register NMethod: java.lang.reflect.Modifier.isFinal (0x00007a39d3861988) [0x00007a39d3861a80, 0x00007a39d3861bb0] Compiler: c1, Barriers: 0, Oops: 0, ImmediateOops: 0, NonImmediateOops: No
[2,066s][debug][gc,nmethod     ] Register NMethod: java.util.concurrent.ForkJoinPool.slotOffset (0x00007a39d3861688) [0x00007a39d3861780, 0x00007a39d3861878] Compiler: c1, Barriers: 0, Oops: 0, ImmediateOops: 0, NonImmediateOops: No
[2,066s][debug][gc,nmethod     ] Register NMethod: java.lang.invoke.MethodHandle.linkToSpecial (0x00007a39f2cbd508) [0x00007a39f2cbd600, 0x00007a39f2cbd6f8] Compiler: , Barriers: 0, Oops: 0, ImmediateOops: 0, NonImmediateOops: No
[2,067s][debug][gc,nmethod     ] Register NMethod: java.lang.invoke.MethodHandle.linkToSpecial (0x00007a39f2cbd808) [0x00007a39f2cbd900, 0x00007a39f2cbd9f8] Compiler: , Barriers: 0, Oops: 0, ImmediateOops: 0, NonImmediateOops: No
[2,067s][debug][gc,nmethod     ] Register NMethod: java.lang.invoke.LambdaForm.methodType (0x00007a39d3487c88) [0x00007a39d3487d80, 0x00007a39d3488578] Compiler: c1, Barriers: 9, Oops: 0, ImmediateOops: 1, NonImmediateOops: No
[2,067s][debug][gc,nmethod     ] Register NMethod: java.lang.invoke.MethodHandle.invokeBasic (0x00007a39f2cbdb08) [0x00007a39f2cbdc00, 0x00007a39f2cbde98] Compiler: , Barriers: 0, Oops: 0, ImmediateOops: 0, NonImmediateOops: No
[2,067s][debug][gc,nmethod     ] Register NMethod: java.lang.invoke.MethodHandle.linkToSpecial (0x00007a39f2cbdf08) [0x00007a39f2cbe000, 0x00007a39f2cbe0f8] Compiler: , Barriers: 0, Oops: 0, ImmediateOops: 0, NonImmediateOops: No
[2,067s][debug][gc,nmethod     ] Register NMethod: java.lang.invoke.LambdaForm$Name.<init> (0x00007a39d37cae88) [0x00007a39d37caf80, 0x00007a39d37cc228] Compiler: c1, Barriers: 11, Oops: 0, ImmediateOops: 0, NonImmediateOops: No
[2,068s][debug][gc,nmethod     ] Register NMethod: java.lang.invoke.MethodHandle.linkToSpecial (0x00007a39f2cbe208) [0x00007a39f2cbe300, 0x00007a39f2cbe3f8] Compiler: , Barriers: 0, Oops: 0, ImmediateOops: 0, NonImmediateOops: No
[2,068s][debug][gc,director    ] Rule Major: Warmup 10%, Used: 292MB, UsedThreshold: 1228MB
[2,068s][debug][gc,nmethod     ] Register NMethod: java.lang.invoke.MethodHandle.linkToSpecial (0x00007a39f2cbe508) [0x00007a39f2cbe600, 0x00007a39f2cbe6f8] Compiler: , Barriers: 0, Oops: 0, ImmediateOops: 0, NonImmediateOops: No
[2,069s][debug][gc,nmethod     ] Register NMethod: java.lang.invoke.MethodHandle.invokeBasic (0x00007a39f2cbe808) [0x00007a39f2cbe900, 0x00007a39f2cbeb98] Compiler: , Barriers: 0, Oops: 0, ImmediateOops: 0, NonImmediateOops: No
[2,069s][debug][gc,nmethod     ] Register NMethod: java.lang.invoke.MethodHandle.linkToSpecial (0x00007a39f2cbec08) [0x00007a39f2cbed00, 0x00007a39f2cbedf8] Compiler: , Barriers: 0, Oops: 0, ImmediateOops: 0, NonImmediateOops: No
[2,069s][debug][gc,nmethod     ] Register NMethod: java.nio.Buffer.session (0x00007a39d3486988) [0x00007a39d3486a80, 0x00007a39d3486e88] Compiler: c1, Barriers: 1, Oops: 0, ImmediateOops: 0, NonImmediateOops: No
[2,069s][debug][gc,nmethod     ] Register NMethod: java.lang.invoke.VarHandleByteArrayAsInts$ArrayHandle.set (0x00007a39d3487388) [0x00007a39d3487480, 0x00007a39d3487c30] Compiler: c1, Barriers: 0, Oops: 2, ImmediateOops: 2, NonImmediateOops: No
[2,070s][debug][gc,nmethod     ] Register NMethod: jdk.internal.classfile.impl.AbstractPoolEntry$AbstractRefsEntry.<init> (0x00007a39f2cbef08) [0x00007a39f2cbf000, 0x00007a39f2cbf2d8] Compiler: jvmci, Barriers: 9, Oops: 0, ImmediateOops: 0, NonImmediateOops: No
[2,071s][debug][gc,nmethod     ] Register NMethod: java.lang.invoke.MethodType.makeImpl (0x00007a39f2cbf308) [0x00007a39f2cbf400, 0x00007a39f2cc10a8] Compiler: jvmci, Barriers: 59, Oops: 7, ImmediateOops: 9, NonImmediateOops: No
[2,075s][debug][gc,nmethod     ] Register NMethod: jdk.internal.classfile.impl.AbstractPoolEntry$AbstractRefsEntry.writeTo (0x00007a39f2cc1108) [0x00007a39f2cc1200, 0x00007a39f2cc1980] Compiler: jvmci, Barriers: 6, Oops: 0, ImmediateOops: 0, NonImmediateOops: No
[2,078s][debug][gc,director    ] Rule Major: Warmup 10%, Used: 292MB, UsedThreshold: 1228MB
[2,082s][debug][gc,nmethod     ] Register NMethod: java.lang.invoke.MethodHandle.linkToStatic (0x00007a39f2cc1988) [0x00007a39f2cc1a80, 0x00007a39f2cc1b70] Compiler: , Barriers: 0, Oops: 0, ImmediateOops: 0, NonImmediateOops: No
[2,082s][debug][gc,nmethod     ] Register NMethod: java.lang.invoke.MethodHandle.linkToStatic (0x00007a39f2cc1c88) [0x00007a39f2cc1d80, 0x00007a39f2cc1e70] Compiler: , Barriers: 0, Oops: 0, ImmediateOops: 0, NonImmediateOops: No
[2,082s][debug][gc,nmethod     ] Register NMethod: java.lang.invoke.MethodType.methodType (0x00007a39f2cc1f88) [0x00007a39f2cc2080, 0x00007a39f2cc2e70] Compiler: jvmci, Barriers: 25, Oops: 3, ImmediateOops: 9, NonImmediateOops: No
[2,084s][debug][gc,nmethod     ] Register NMethod: ch.qos.logback.classic.Logger.getName (0x00007a39f2cc2f08) [0x00007a39f2cc3000, 0x00007a39f2cc30e8] Compiler: c1, Barriers: 1, Oops: 1, ImmediateOops: 0, NonImmediateOops: No
[2,086s][debug][gc,nmethod     ] Register NMethod: java.util.concurrent.locks.ReentrantLock$NonfairSync.initialTryLock (0x00007a39d3744888) [0x00007a39d3744980, 0x00007a39d3745670] Compiler: c1, Barriers: 5, Oops: 0, ImmediateOops: 1, NonImmediateOops: No
[2,086s][debug][gc,nmethod     ] Register NMethod: java.util.concurrent.locks.ReentrantLock.unlock (0x00007a39d3743f08) [0x00007a39d3744000, 0x00007a39d3744618] Compiler: c1, Barriers: 2, Oops: 0, ImmediateOops: 0, NonImmediateOops: No
[2,087s][debug][gc,nmethod     ] Register NMethod: sun.nio.fs.UnixPath.isEmpty (0x00007a39d3486f08) [0x00007a39d3487000, 0x00007a39d3487188] Compiler: c1, Barriers: 1, Oops: 0, ImmediateOops: 0, NonImmediateOops: No
[2,087s][debug][gc,nmethod     ] Register NMethod: jdk.internal.misc.VM.isModuleSystemInited (0x00007a39d3861388) [0x00007a39d3861480, 0x00007a39d38615c0] Compiler: c1, Barriers: 0, Oops: 0, ImmediateOops: 1, NonImmediateOops: No
[2,088s][debug][gc,director    ] Rule Major: Warmup 10%, Used: 292MB, UsedThreshold: 1228MB
[2,089s][debug][gc,nmethod     ] Register NMethod: jdk.internal.misc.Unsafe.getAndAddLong (0x00007a39d3413908) [0x00007a39d3413a00, 0x00007a39d3413df0] Compiler: c1, Barriers: 0, Oops: 0, ImmediateOops: 0, NonImmediateOops: No
[2,090s][debug][gc,nmethod     ] Register NMethod: java.lang.invoke.MethodHandle.linkToStatic (0x00007a39f2cc3208) [0x00007a39f2cc3300, 0x00007a39f2cc33f0] Compiler: , Barriers: 0, Oops: 0, ImmediateOops: 0, NonImmediateOops: No
[2,091s][debug][gc,nmethod     ] Register NMethod: org.magicwerk.brownies.collections.GapList.size (0x00007a39f2cc3508) [0x00007a39f2cc3600, 0x00007a39f2cc36c0] Compiler: c1, Barriers: 0, Oops: 1, ImmediateOops: 0, NonImmediateOops: No
[2,091s][debug][gc,nmethod     ] Register NMethod: java.lang.invoke.MethodHandle.linkToSpecial (0x00007a39f2cc3808) [0x00007a39f2cc3900, 0x00007a39f2cc39f8] Compiler: , Barriers: 0, Oops: 0, ImmediateOops: 0, NonImmediateOops: No
[2,092s][debug][gc,nmethod     ] Register NMethod: java.lang.invoke.MethodHandle.linkToSpecial (0x00007a39f2cc3b08) [0x00007a39f2cc3c00, 0x00007a39f2cc3cf8] Compiler: , Barriers: 0, Oops: 0, ImmediateOops: 0, NonImmediateOops: No
[2,092s][debug][gc,nmethod     ] Register NMethod: java.lang.invoke.MethodHandle.invokeBasic (0x00007a39f2cc3e08) [0x00007a39f2cc3f00, 0x00007a39f2cc4198] Compiler: , Barriers: 0, Oops: 0, ImmediateOops: 0, NonImmediateOops: No
[2,092s][debug][gc,nmethod     ] Register NMethod: java.lang.invoke.MethodHandle.linkToSpecial (0x00007a39f2cc4208) [0x00007a39f2cc4300, 0x00007a39f2cc43f8] Compiler: , Barriers: 0, Oops: 0, ImmediateOops: 0, NonImmediateOops: No
[2,092s][debug][gc,nmethod     ] Register NMethod: java.lang.invoke.MethodHandle.linkToSpecial (0x00007a39f2cc4508) [0x00007a39f2cc4600, 0x00007a39f2cc46f8] Compiler: , Barriers: 0, Oops: 0, ImmediateOops: 0, NonImmediateOops: No
[2,093s][debug][gc,nmethod     ] Register NMethod: jdk.internal.classfile.impl.Util.parameterSlots (0x00007a39f2cc4808) [0x00007a39f2cc4900, 0x00007a39f2cc4ac8] Compiler: jvmci, Barriers: 2, Oops: 0, ImmediateOops: 2, NonImmediateOops: No
[2,093s][debug][gc,nmethod     ] Register NMethod: java.lang.invoke.MethodHandle.linkToSpecial (0x00007a39f2cc4b08) [0x00007a39f2cc4c00, 0x00007a39f2cc4cf8] Compiler: , Barriers: 0, Oops: 0, ImmediateOops: 0, NonImmediateOops: No
[2,093s][debug][gc,nmethod     ] Register NMethod: java.lang.invoke.MethodHandle.invokeBasic (0x00007a39f2cc4e08) [0x00007a39f2cc4f00, 0x00007a39f2cc5198] Compiler: , Barriers: 0, Oops: 0, ImmediateOops: 0, NonImmediateOops: No
[2,093s][debug][gc,nmethod     ] Register NMethod: java.lang.invoke.MethodHandle.linkToSpecial (0x00007a39f2cc5208) [0x00007a39f2cc5300, 0x00007a39f2cc53f8] Compiler: , Barriers: 0, Oops: 0, ImmediateOops: 0, NonImmediateOops: No
[2,093s][debug][gc,nmethod     ] Register NMethod: java.lang.invoke.LambdaForm.compileToBytecode (0x00007a39d3412e08) [0x00007a39d3412f00, 0x00007a39d34138e0] Compiler: c1, Barriers: 9, Oops: 1, ImmediateOops: 4, NonImmediateOops: No
[2,094s][debug][gc,nmethod     ] Register NMethod: java.lang.invoke.DirectMethodHandle$Holder.invokeStatic (0x00007a39d3412908) [0x00007a39d3412a00, 0x00007a39d3412dc8] Compiler: c1, Barriers: 1, Oops: 0, ImmediateOops: 0, NonImmediateOops: No
[2,095s][debug][gc,nmethod     ] Register NMethod: java.lang.invoke.MethodHandleNatives.getCharType (0x00007a39d3860f88) [0x00007a39d3861080, 0x00007a39d3861378] Compiler: c1, Barriers: 0, Oops: 0, ImmediateOops: 0, NonImmediateOops: No
[2,095s][debug][gc,nmethod     ] Register NMethod: java.lang.invoke.MethodHandle.linkToStatic (0x00007a39f2cc5508) [0x00007a39f2cc5600, 0x00007a39f2cc56f0] Compiler: , Barriers: 0, Oops: 0, ImmediateOops: 0, NonImmediateOops: No
[2,095s][debug][gc,nmethod     ] Register NMethod: java.lang.invoke.MemberName.getFactory (0x00007a39d3412608) [0x00007a39d3412700, 0x00007a39d34127e8] Compiler: c1, Barriers: 0, Oops: 0, ImmediateOops: 1, NonImmediateOops: No
[2,096s][debug][gc,nmethod     ] Register NMethod: java.lang.Thread.isInterrupted (0x00007a39f2cc5808) [0x00007a39f2cc5900, 0x00007a39f2cc59c0] Compiler: c1, Barriers: 0, Oops: 0, ImmediateOops: 0, NonImmediateOops: No
[2,096s][debug][gc,nmethod     ] Register NMethod: java.lang.invoke.Invokers$Holder.linkToTargetMethod (0x00007a39d3864588) [0x00007a39d3864680, 0x00007a39d3864b78] Compiler: c1, Barriers: 0, Oops: 0, ImmediateOops: 0, NonImmediateOops: No
[2,097s][debug][gc,nmethod     ] Register NMethod: java.lang.Thread.isVirtual (0x00007a39d3864108) [0x00007a39d3864200, 0x00007a39d3864508] Compiler: c1, Barriers: 0, Oops: 0, ImmediateOops: 0, NonImmediateOops: No
[2,097s][debug][gc,nmethod     ] Register NMethod: java.util.BitSet.<init> (0x00007a39d3863088) [0x00007a39d3863180, 0x00007a39d38640c8] Compiler: c1, Barriers: 3, Oops: 1, ImmediateOops: 2, NonImmediateOops: No
[2,098s][debug][gc,nmethod     ] Register NMethod: jdk.internal.misc.Unsafe.toUnsignedLong (0x00007a39d3412308) [0x00007a39d3412400, 0x00007a39d34124f0] Compiler: c1, Barriers: 0, Oops: 0, ImmediateOops: 0, NonImmediateOops: No
[2,098s][debug][gc,nmethod     ] Register NMethod: java.lang.invoke.MethodHandle.linkToSpecial (0x00007a39f2cc5b08) [0x00007a39f2cc5c00, 0x00007a39f2cc5cf8] Compiler: , Barriers: 0, Oops: 0, ImmediateOops: 0, NonImmediateOops: No
[2,098s][debug][gc,nmethod     ] Register NMethod: java.lang.invoke.MethodHandle.invokeBasic (0x00007a39f2cc5e08) [0x00007a39f2cc5f00, 0x00007a39f2cc6198] Compiler: , Barriers: 0, Oops: 0, ImmediateOops: 0, NonImmediateOops: No
[2,098s][debug][gc,nmethod     ] Register NMethod: java.lang.invoke.MethodHandle.linkToSpecial (0x00007a39f2cc6208) [0x00007a39f2cc6300, 0x00007a39f2cc63f8] Compiler: , Barriers: 0, Oops: 0, ImmediateOops: 0, NonImmediateOops: No
[2,098s][debug][gc,nmethod     ] Register NMethod: jdk.internal.misc.CDS.isLoggingLambdaFormInvokers (0x00007a39d37d7e88) [0x00007a39d37d7f80, 0x00007a39d37d8078] Compiler: c1, Barriers: 0, Oops: 0, ImmediateOops: 0, NonImmediateOops: No
[2,099s][debug][gc,director    ] Rule Major: Warmup 10%, Used: 294MB, UsedThreshold: 1228MB
[2,099s][debug][gc,nmethod     ] Register NMethod: java.lang.invoke.MethodHandle.invokeBasic (0x00007a39f2cc6508) [0x00007a39f2cc6600, 0x00007a39f2cc6898] Compiler: , Barriers: 0, Oops: 0, ImmediateOops: 0, NonImmediateOops: No
[2,099s][debug][gc,nmethod     ] Register NMethod: jdk.internal.misc.ScopedMemoryAccess.getIntUnalignedInternal (0x00007a39d37d7608) [0x00007a39d37d7700, 0x00007a39d37d7e78] Compiler: c1, Barriers: 2, Oops: 0, ImmediateOops: 3, NonImmediateOops: No
[2,099s][debug][gc,nmethod     ] Register NMethod: jdk.internal.misc.ScopedMemoryAccess.getIntUnaligned (0x00007a39d37d6588) [0x00007a39d37d6680, 0x00007a39d37d74e8] Compiler: c1, Barriers: 3, Oops: 0, ImmediateOops: 3, NonImmediateOops: No
[2,099s][debug][gc,nmethod     ] Register NMethod: jdk.internal.misc.ScopedMemoryAccess.copyMemory (0x00007a39d3466e08) [0x00007a39d3466f00, 0x00007a39d3468278] Compiler: c1, Barriers: 5, Oops: 0, ImmediateOops: 5, NonImmediateOops: No
[2,100s][debug][gc,nmethod     ] Register NMethod: java.lang.invoke.MethodHandle.invokeBasic (0x00007a39f2cc6908) [0x00007a39f2cc6a00, 0x00007a39f2cc6c98] Compiler: , Barriers: 0, Oops: 0, ImmediateOops: 0, NonImmediateOops: No
[2,100s][debug][gc,nmethod     ] Register NMethod: java.lang.invoke.MethodHandle.linkToSpecial (0x00007a39f2cc6d08) [0x00007a39f2cc6e00, 0x00007a39f2cc6ef8] Compiler: , Barriers: 0, Oops: 0, ImmediateOops: 0, NonImmediateOops: No
[2,100s][debug][gc,nmethod     ] Register NMethod: jdk.internal.constant.ArrayClassDescImpl.descriptorString (0x00007a39d37b8d08) [0x00007a39d37b8e00, 0x00007a39d37bb8e0] Compiler: c1, Barriers: 11, Oops: 0, ImmediateOops: 5, NonImmediateOops: No
[2,100s][debug][gc,nmethod     ] Register NMethod: java.util.concurrent.ThreadLocalRandom.getProbe (0x00007a39d37b8a08) [0x00007a39d37b8b00, 0x00007a39d37b8c90] Compiler: c1, Barriers: 1, Oops: 1, ImmediateOops: 1, NonImmediateOops: No
[2,101s][debug][gc,nmethod     ] Register NMethod: java.lang.invoke.MethodHandle.invokeBasic (0x00007a39f2cc7008) [0x00007a39f2cc7100, 0x00007a39f2cc7398] Compiler: , Barriers: 0, Oops: 0, ImmediateOops: 0, NonImmediateOops: No
[2,101s][debug][gc,nmethod     ] Register NMethod: java.lang.invoke.VarHandleGuards.guard_LJ_I (0x00007a39d340ee08) [0x00007a39d340ef00, 0x00007a39d3411dc0] Compiler: c1, Barriers: 28, Oops: 0, ImmediateOops: 2, NonImmediateOops: No
[2,101s][debug][gc,nmethod     ] Register NMethod: jdk.internal.util.Architecture.isLittleEndian (0x00007a39f2cc7408) [0x00007a39f2cc7500, 0x00007a39f2cc75a0] Compiler: c1, Barriers: 0, Oops: 0, ImmediateOops: 0, NonImmediateOops: No
[2,102s][debug][gc,nmethod     ] Register NMethod: io.sirix.page.KeyValueLeafPage.isSlotSet (0x00007a39f2cc7708) [0x00007a39f2cc7800, 0x00007a39f2cc7918] Compiler: jvmci, Barriers: 1, Oops: 1, ImmediateOops: 0, NonImmediateOops: No
[2,102s][debug][gc,nmethod     ] Register NMethod: io.sirix.page.KeyValueLeafPage.alignOffset (0x00007a39d3466b08) [0x00007a39d3466c00, 0x00007a39d3466ce8] Compiler: c1, Barriers: 0, Oops: 1, ImmediateOops: 0, NonImmediateOops: No
[2,102s][debug][gc,nmethod     ] Register NMethod: io.sirix.page.KeyValueLeafPage.getDeweyId (0x00007a39f2cc7a08) [0x00007a39f2cc7b00, 0x00007a39f2cc7c38] Compiler: jvmci, Barriers: 1, Oops: 1, ImmediateOops: 0, NonImmediateOops: No
[2,102s][debug][gc,nmethod     ] Register NMethod: io.sirix.page.PageReference.setPage (0x00007a39f2cc7d08) [0x00007a39f2cc7e00, 0x00007a39f2cc7f30] Compiler: c1, Barriers: 3, Oops: 1, ImmediateOops: 0, NonImmediateOops: No
[2,103s][debug][gc,nmethod     ] Register NMethod: jdk.internal.foreign.Utils.isElementAligned (0x00007a39d3466488) [0x00007a39d3466580, 0x00007a39d3466ae0] Compiler: c1, Barriers: 0, Oops: 0, ImmediateOops: 0, NonImmediateOops: No
[2,103s][debug][gc,nmethod     ] Register NMethod: java.lang.ref.Reference.<init> (0x00007a39f2cc8008) [0x00007a39f2cc8100, 0x00007a39f2cc8308] Compiler: jvmci, Barriers: 9, Oops: 0, ImmediateOops: 1, NonImmediateOops: No
[2,103s][debug][gc,nmethod     ] Register NMethod: jdk.internal.foreign.Utils.checkElementAlignment (0x00007a39d35f3308) [0x00007a39d35f3400, 0x00007a39d35f3aa8] Compiler: c1, Barriers: 0, Oops: 0, ImmediateOops: 0, NonImmediateOops: No
[2,103s][debug][gc,nmethod     ] Register NMethod: java.io.ByteArrayInputStream.read (0x00007a39d35f2b08) [0x00007a39d35f2c00, 0x00007a39d35f32e8] Compiler: c1, Barriers: 1, Oops: 0, ImmediateOops: 0, NonImmediateOops: No
[2,103s][debug][gc,nmethod     ] Register NMethod: com.github.benmanes.caffeine.cache.BoundedLocalCache.expiresVariable (0x00007a39f2cc8388) [0x00007a39f2cc8480, 0x00007a39f2cc8540] Compiler: c1, Barriers: 0, Oops: 1, ImmediateOops: 0, NonImmediateOops: No
[2,103s][debug][gc,nmethod     ] Register NMethod: java.lang.Thread.interrupted (0x00007a39d35f2608) [0x00007a39d35f2700, 0x00007a39d35f2ac8] Compiler: c1, Barriers: 1, Oops: 0, ImmediateOops: 0, NonImmediateOops: No
[2,103s][debug][gc,nmethod     ] Register NMethod: java.lang.Thread.getAndClearInterrupt (0x00007a39d35f2308) [0x00007a39d35f2400, 0x00007a39d35f2580] Compiler: c1, Barriers: 0, Oops: 0, ImmediateOops: 0, NonImmediateOops: No
[2,103s][debug][gc,nmethod     ] Register NMethod: jdk.internal.misc.Unsafe.getReferenceAcquire (0x00007a39f2cc8688) [0x00007a39f2cc8780, 0x00007a39f2cc8830] Compiler: jvmci, Barriers: 1, Oops: 0, ImmediateOops: 0, NonImmediateOops: No
[2,103s][debug][gc,nmethod     ] Register NMethod: com.github.benmanes.caffeine.cache.BoundedLocalCache$BoundedLocalManualCache.cache (0x00007a39f2cc8988) [0x00007a39f2cc8a80, 0x00007a39f2cc8b68] Compiler: c1, Barriers: 1, Oops: 1, ImmediateOops: 0, NonImmediateOops: No
[2,103s][debug][gc,nmethod     ] Register NMethod: java.lang.Long.bitCount (0x00007a39d35f2008) [0x00007a39d35f2100, 0x00007a39d35f2268] Compiler: c1, Barriers: 0, Oops: 0, ImmediateOops: 0, NonImmediateOops: No
[2,103s][debug][gc,nmethod     ] Register NMethod: io.sirix.access.trx.page.NodePageReadOnlyTrx.assertNotClosed (0x00007a39d35f1c88) [0x00007a39d35f1d80, 0x00007a39d35f1f98] Compiler: c1, Barriers: 0, Oops: 1, ImmediateOops: 1, NonImmediateOops: No
[2,104s][debug][gc,nmethod     ] Register NMethod: jdk.internal.misc.ScopedMemoryAccess.getScopedMemoryAccess (0x00007a39d3a5f408) [0x00007a39d3a5f500, 0x00007a39d3a5f5e8] Compiler: c1, Barriers: 0, Oops: 0, ImmediateOops: 1, NonImmediateOops: No
[2,104s][debug][gc,nmethod     ] Register NMethod: java.lang.invoke.VarHandleSegmentAsInts.get (0x00007a39d3a5f708) [0x00007a39d3a5f800, 0x00007a39d3a64ca0] Compiler: c1, Barriers: 24, Oops: 2, ImmediateOops: 6, NonImmediateOops: No
[2,104s][debug][gc,nmethod     ] Register NMethod: jdk.internal.foreign.AbstractMemorySegmentImpl.get (0x00007a39d3a64d08) [0x00007a39d3a64e00, 0x00007a39d3a68730] Compiler: c1, Barriers: 27, Oops: 5, ImmediateOops: 12, NonImmediateOops: No
[2,104s][debug][gc,nmethod     ] Register NMethod: jdk.internal.misc.Unsafe.getAndAddInt (0x00007a39d3a68788) [0x00007a39d3a68880, 0x00007a39d3a68c58] Compiler: c1, Barriers: 0, Oops: 0, ImmediateOops: 0, NonImmediateOops: No
[2,104s][debug][gc,nmethod     ] Register NMethod: java.util.Arrays.fill (0x00007a39f2cc8c88) [0x00007a39f2cc8d80, 0x00007a39f2cc8f78] Compiler: jvmci, Barriers: 0, Oops: 0, ImmediateOops: 0, NonImmediateOops: No
[2,105s][debug][gc,nmethod     ] Register NMethod: java.lang.invoke.VarHandleSegmentAsInts.get (0x00007a39d3a68c88) [0x00007a39d3a68d80, 0x00007a39d3a6dfa8] Compiler: c1, Barriers: 24, Oops: 2, ImmediateOops: 6, NonImmediateOops: No
[2,105s][debug][gc,nmethod     ] Register NMethod: com.github.benmanes.caffeine.cache.BoundedLocalCache.expiresAfterWrite (0x00007a39f2cc8f88) [0x00007a39f2cc9080, 0x00007a39f2cc9140] Compiler: c1, Barriers: 0, Oops: 1, ImmediateOops: 0, NonImmediateOops: No
[2,106s][debug][gc,nmethod     ] Register NMethod: jdk.internal.misc.Unsafe.convEndian (0x00007a39d3a6e008) [0x00007a39d3a6e100, 0x00007a39d3a6e258] Compiler: c1, Barriers: 0, Oops: 0, ImmediateOops: 0, NonImmediateOops: No
[2,106s][debug][gc,nmethod     ] Register NMethod: java.util.concurrent.ForkJoinPool.slotOffset (0x00007a39f2cc9288) [0x00007a39f2cc9380, 0x00007a39f2cc93f0] Compiler: jvmci, Barriers: 0, Oops: 0, ImmediateOops: 0, NonImmediateOops: No
[2,106s][debug][gc,nmethod     ] Register NMethod: com.github.benmanes.caffeine.cache.DisabledTicker.read (0x00007a39f2cc9588) [0x00007a39f2cc9680, 0x00007a39f2cc9740] Compiler: c1, Barriers: 0, Oops: 1, ImmediateOops: 0, NonImmediateOops: No
[2,107s][debug][gc,nmethod     ] Register NMethod: jdk.internal.misc.Unsafe.putIntVolatile (0x00007a39f2cc9888) [0x00007a39f2cc9980, 0x00007a39f2cc9ad8] Compiler: , Barriers: 0, Oops: 0, ImmediateOops: 0, NonImmediateOops: No
[2,108s][debug][gc,nmethod     ] Register NMethod: java.util.concurrent.atomic.AtomicLong.incrementAndGet (0x00007a39d3a6e308) [0x00007a39d3a6e400, 0x00007a39d3a6e518] Compiler: c1, Barriers: 0, Oops: 0, ImmediateOops: 0, NonImmediateOops: No
[2,108s][debug][gc,nmethod     ] Register NMethod: io.sirix.page.KeyValueLeafPage.getSlot (0x00007a39d3a6e608) [0x00007a39d3a6e700, 0x00007a39d3a84908] Compiler: c1, Barriers: 194, Oops: 13, ImmediateOops: 50, NonImmediateOops: No
[2,108s][debug][gc,nmethod     ] Register NMethod: jdk.internal.foreign.AbstractMemorySegmentImpl.asSliceNoCheck (0x00007a39f2cc9b88) [0x00007a39f2cc9c80, 0x00007a39f2cc9e30] Compiler: jvmci, Barriers: 3, Oops: 0, ImmediateOops: 0, NonImmediateOops: No
[2,109s][debug][gc,nmethod     ] Register NMethod: jdk.internal.foreign.AbstractMemorySegmentImpl.asSlice (0x00007a39f2cc9e88) [0x00007a39f2cc9f80, 0x00007a39f2cca298] Compiler: jvmci, Barriers: 5, Oops: 0, ImmediateOops: 0, NonImmediateOops: No
[2,109s][debug][gc,director    ] Rule Major: Warmup 10%, Used: 294MB, UsedThreshold: 1228MB
[2,111s][debug][gc,nmethod     ] Register NMethod: java.util.Arrays.fill (0x00007a39f2cca308) [0x00007a39f2cca400, 0x00007a39f2cca5b0] Compiler: jvmci, Barriers: 0, Oops: 0, ImmediateOops: 0, NonImmediateOops: No
[2,111s][debug][gc,nmethod     ] Register NMethod: jdk.internal.foreign.AbstractMemorySegmentImpl.asSlice (0x00007a39f2cca608) [0x00007a39f2cca700, 0x00007a39f2ccaa18] Compiler: jvmci, Barriers: 5, Oops: 0, ImmediateOops: 0, NonImmediateOops: No
[2,117s][debug][gc,nmethod     ] Register NMethod: java.lang.ref.Cleaner$1.apply (0x00007a39f2ccaa88) [0x00007a39f2ccab80, 0x00007a39f2ccacc0] Compiler: jvmci, Barriers: 1, Oops: 0, ImmediateOops: 0, NonImmediateOops: No
[2,118s][debug][gc,nmethod     ] Register NMethod: io.sirix.settings.Fixed.getStandardProperty (0x00007a39f2ccad88) [0x00007a39f2ccae80, 0x00007a39f2ccaf40] Compiler: c1, Barriers: 0, Oops: 1, ImmediateOops: 0, NonImmediateOops: No
[2,119s][debug][gc,nmethod     ] Register NMethod: jdk.internal.foreign.NativeMemorySegmentImpl.address (0x00007a39f2ccb088) [0x00007a39f2ccb180, 0x00007a39f2ccb240] Compiler: c1, Barriers: 0, Oops: 0, ImmediateOops: 0, NonImmediateOops: No
[2,119s][debug][gc,director    ] Rule Major: Warmup 10%, Used: 294MB, UsedThreshold: 1228MB
[2,119s][debug][gc,nmethod     ] Register NMethod: java.util.concurrent.locks.AbstractQueuedSynchronizer.signalNext (0x00007a39d3a84988) [0x00007a39d3a84a80, 0x00007a39d3a85cf8] Compiler: c1, Barriers: 2, Oops: 0, ImmediateOops: 2, NonImmediateOops: No
[2,120s][debug][gc,nmethod     ] Register NMethod: sun.invoke.util.VerifyAccess.isModuleAccessible (0x00007a39d3a85d08) [0x00007a39d3a85e00, 0x00007a39d3a87a38] Compiler: c1, Barriers: 2, Oops: 0, ImmediateOops: 0, NonImmediateOops: No
[2,120s][debug][gc,nmethod     ] Register NMethod: io.sirix.page.RevisionRootPage.delegate (0x00007a39f2ccb388) [0x00007a39f2ccb480, 0x00007a39f2ccb568] Compiler: c1, Barriers: 1, Oops: 1, ImmediateOops: 0, NonImmediateOops: No
[2,120s][debug][gc,nmethod     ] Register NMethod: jdk.internal.misc.ScopedMemoryAccess.putIntUnalignedInternal (0x00007a39d3a87a88) [0x00007a39d3a87b80, 0x00007a39d3a88308] Compiler: c1, Barriers: 2, Oops: 0, ImmediateOops: 3, NonImmediateOops: No
[2,121s][debug][gc,nmethod     ] Register NMethod: jdk.internal.misc.ScopedMemoryAccess.putIntUnaligned (0x00007a39d3a88388) [0x00007a39d3a88480, 0x00007a39d3a89308] Compiler: c1, Barriers: 3, Oops: 0, ImmediateOops: 3, NonImmediateOops: No
[2,122s][debug][gc,nmethod     ] Register NMethod: java.lang.invoke.LambdaForm.constantForm (0x00007a39d3a89388) [0x00007a39d3a89480, 0x00007a39d3a89838] Compiler: c1, Barriers: 1, Oops: 0, ImmediateOops: 1, NonImmediateOops: No
[2,122s][debug][gc,nmethod     ] Register NMethod: java.util.Spliterators$ArraySpliterator.forEachRemaining (0x00007a39d3a89888) [0x00007a39d3a89980, 0x00007a39d3a89f50] Compiler: c1, Barriers: 2, Oops: 0, ImmediateOops: 0, NonImmediateOops: No
[2,123s][debug][gc,nmethod     ] Register NMethod: jdk.internal.foreign.layout.AbstractLayout.name (0x00007a39f2ccb688) [0x00007a39f2ccb780, 0x00007a39f2ccb868] Compiler: c1, Barriers: 1, Oops: 0, ImmediateOops: 0, NonImmediateOops: No
[2,123s][debug][gc,nmethod     ] Register NMethod: jdk.internal.foreign.layout.AbstractGroupLayout.memberLayouts (0x00007a39f2ccb988) [0x00007a39f2ccba80, 0x00007a39f2ccbb68] Compiler: c1, Barriers: 1, Oops: 0, ImmediateOops: 0, NonImmediateOops: No
[2,123s][debug][gc,nmethod     ] Register NMethod: java.lang.invoke.MethodHandle.invokeBasic (0x00007a39f2ccbc88) [0x00007a39f2ccbd80, 0x00007a39f2ccc018] Compiler: , Barriers: 0, Oops: 0, ImmediateOops: 0, NonImmediateOops: No
[2,123s][debug][gc,nmethod     ] Register NMethod: jdk.internal.misc.Unsafe.getIntOpaque (0x00007a39d3a89f88) [0x00007a39d3a8a080, 0x00007a39d3a8a180] Compiler: c1, Barriers: 0, Oops: 0, ImmediateOops: 0, NonImmediateOops: No
[2,123s][debug][gc,nmethod     ] Register NMethod: com.github.benmanes.caffeine.cache.BLCHeader$DrainStatusRef.drainStatusOpaque (0x00007a39d3a8a288) [0x00007a39d3a8a380, 0x00007a39d3a8b1c0] Compiler: c1, Barriers: 0, Oops: 6, ImmediateOops: 6, NonImmediateOops: No
[2,124s][debug][gc,nmethod     ] Register NMethod: java.lang.invoke.VarHandleInts$FieldInstanceReadOnly.getOpaque (0x00007a39d3a8b208) [0x00007a39d3a8b300, 0x00007a39d3a8bf10] Compiler: c1, Barriers: 1, Oops: 1, ImmediateOops: 1, NonImmediateOops: No
[2,124s][debug][gc,nmethod     ] Register NMethod: java.lang.invoke.VarHandleGuards.guard_L_I (0x00007a39d3a8bf88) [0x00007a39d3a8c080, 0x00007a39d3a8ef20] Compiler: c1, Barriers: 28, Oops: 0, ImmediateOops: 2, NonImmediateOops: No
[2,125s][debug][gc,nmethod     ] Register NMethod: java.lang.Class.componentType (0x00007a39d3a8ef88) [0x00007a39d3a8f080, 0x00007a39d3a8f380] Compiler: c1, Barriers: 1, Oops: 0, ImmediateOops: 0, NonImmediateOops: No
[2,125s][debug][gc,nmethod     ] Register NMethod: jdk.internal.foreign.AbstractMemorySegmentImpl.isAlignedForElement (0x00007a39d3a8f388) [0x00007a39d3a8f480, 0x00007a39d3a8fe40] Compiler: c1, Barriers: 0, Oops: 0, ImmediateOops: 0, NonImmediateOops: No
[2,126s][debug][gc,nmethod     ] Register NMethod: jdk.internal.foreign.Utils$BaseAndScale$$TypeSwitch/0x00000000ba25d140.typeSwitch (0x00007a39d3a8fe88) [0x00007a39d3a8ff80, 0x00007a39d3a912a8] Compiler: c1, Barriers: 0, Oops: 0, ImmediateOops: 0, NonImmediateOops: No
[2,126s][debug][gc,nmethod     ] Register NMethod: jdk.internal.foreign.Utils$BaseAndScale.of (0x00007a39d3a91308) [0x00007a39d3a91400, 0x00007a39d3a92a18] Compiler: c1, Barriers: 1, Oops: 2, ImmediateOops: 10, NonImmediateOops: No
[2,126s][debug][gc,nmethod     ] Register NMethod: io.sirix.page.RevisionRootPage.getRevision (0x00007a39f2ccc088) [0x00007a39f2ccc180, 0x00007a39f2ccc240] Compiler: c1, Barriers: 0, Oops: 1, ImmediateOops: 0, NonImmediateOops: No
[2,127s][debug][gc,nmethod     ] Register NMethod: io.sirix.page.KeyValueLeafPage.getSlot (0x00007a39f2ccc388) [0x00007a39f2ccc480, 0x00007a39f2cccbe0] Compiler: jvmci, Barriers: 9, Oops: 4, ImmediateOops: 0, NonImmediateOops: No
[2,129s][debug][gc,director    ] Rule Major: Warmup 10%, Used: 296MB, UsedThreshold: 1228MB
[2,131s][debug][gc,nmethod     ] Register NMethod: java.util.BitSet.recalculateWordsInUse (0x00007a39d3a92a88) [0x00007a39d3a92b80, 0x00007a39d3a92dc0] Compiler: c1, Barriers: 1, Oops: 0, ImmediateOops: 0, NonImmediateOops: No
[2,132s][debug][gc,nmethod     ] Register NMethod: io.sirix.page.PageReference.getPage (0x00007a39f2cccc08) [0x00007a39f2cccd00, 0x00007a39f2cccde8] Compiler: c1, Barriers: 1, Oops: 1, ImmediateOops: 0, NonImmediateOops: No
[2,132s][debug][gc,nmethod     ] Register NMethod: jdk.internal.misc.Unsafe.getBooleanVolatile (0x00007a39f2cccf08) [0x00007a39f2ccd000, 0x00007a39f2ccd170] Compiler: , Barriers: 0, Oops: 0, ImmediateOops: 0, NonImmediateOops: No
[2,132s][debug][gc,nmethod     ] Register NMethod: jdk.internal.misc.Unsafe.getLongUnaligned (0x00007a39d3a92e08) [0x00007a39d3a92f00, 0x00007a39d3a930e0] Compiler: c1, Barriers: 0, Oops: 0, ImmediateOops: 0, NonImmediateOops: No
[2,132s][debug][gc,nmethod     ] Register NMethod: jdk.internal.misc.Unsafe.pick (0x00007a39d3a93108) [0x00007a39d3a93200, 0x00007a39d3a932f0] Compiler: c1, Barriers: 0, Oops: 0, ImmediateOops: 0, NonImmediateOops: No
[2,132s][debug][gc,nmethod     ] Register NMethod: io.sirix.page.KeyValueLeafPage.isClosed (0x00007a39f2ccd208) [0x00007a39f2ccd300, 0x00007a39f2ccd3c0] Compiler: c1, Barriers: 0, Oops: 1, ImmediateOops: 0, NonImmediateOops: No
[2,132s][debug][gc,nmethod     ] Register NMethod: jdk.internal.misc.ScopedMemoryAccess.getLongUnaligned (0x00007a39d3a93408) [0x00007a39d3a93500, 0x00007a39d3a94368] Compiler: c1, Barriers: 3, Oops: 0, ImmediateOops: 3, NonImmediateOops: No
[2,132s][debug][gc,nmethod     ] Register NMethod: io.sirix.cache.PageContainer.getModified (0x00007a39f2ccd508) [0x00007a39f2ccd600, 0x00007a39f2ccd6e8] Compiler: c1, Barriers: 1, Oops: 1, ImmediateOops: 0, NonImmediateOops: No
[2,132s][debug][gc,nmethod     ] Register NMethod: jdk.internal.misc.ScopedMemoryAccess.getLongUnalignedInternal (0x00007a39d3a94388) [0x00007a39d3a94480, 0x00007a39d3a94bf8] Compiler: c1, Barriers: 2, Oops: 0, ImmediateOops: 3, NonImmediateOops: No
[2,132s][debug][gc,nmethod     ] Register NMethod: jdk.internal.misc.Unsafe.putLongUnaligned (0x00007a39d3a94c08) [0x00007a39d3a94d00, 0x00007a39d3a94f08] Compiler: c1, Barriers: 0, Oops: 0, ImmediateOops: 0, NonImmediateOops: No
[2,133s][debug][gc,nmethod     ] Register NMethod: jdk.internal.misc.ScopedMemoryAccess.putLongUnaligned (0x00007a39d3a94f88) [0x00007a39d3a95080, 0x00007a39d3a95f08] Compiler: c1, Barriers: 3, Oops: 0, ImmediateOops: 3, NonImmediateOops: No
[2,133s][debug][gc,nmethod     ] Register NMethod: jdk.internal.misc.ScopedMemoryAccess.putLongUnalignedInternal (0x00007a39d3a95f88) [0x00007a39d3a96080, 0x00007a39d3a96808] Compiler: c1, Barriers: 2, Oops: 0, ImmediateOops: 3, NonImmediateOops: No
[2,133s][debug][gc,nmethod     ] Register NMethod: java.util.LinkedHashMap.afterNodeAccess (0x00007a39d3a96888) [0x00007a39d3a96980, 0x00007a39d3a97a30] Compiler: c1, Barriers: 54, Oops: 0, ImmediateOops: 0, NonImmediateOops: No
[2,134s][debug][gc,nmethod     ] Register NMethod: java.lang.invoke.MethodHandle.invokeBasic (0x00007a39f2ccd808) [0x00007a39f2ccd900, 0x00007a39f2ccdb98] Compiler: , Barriers: 0, Oops: 0, ImmediateOops: 0, NonImmediateOops: No
[2,134s][debug][gc,nmethod     ] Register NMethod: io.sirix.access.trx.node.AbstractNodeReadOnlyTrx.assertNotClosed (0x00007a39d3a97a88) [0x00007a39d3a97b80, 0x00007a39d3a97d88] Compiler: c1, Barriers: 0, Oops: 1, ImmediateOops: 1, NonImmediateOops: No
[2,134s][debug][gc,nmethod     ] Register NMethod: java.lang.invoke.VarHandleSegmentAsInts.set (0x00007a39d3a97e08) [0x00007a39d3a97f00, 0x00007a39d3a9d258] Compiler: c1, Barriers: 24, Oops: 2, ImmediateOops: 7, NonImmediateOops: No
[2,134s][debug][gc,nmethod     ] Register NMethod: java.lang.invoke.VarHandleGuards.guard_LJ_J (0x00007a39d3a9d288) [0x00007a39d3a9d380, 0x00007a39d3aa0240] Compiler: c1, Barriers: 28, Oops: 0, ImmediateOops: 2, NonImmediateOops: No
[2,134s][debug][gc,nmethod     ] Register NMethod: io.sirix.node.delegates.NodeDelegate.getNodeKey (0x00007a39f2ccdc08) [0x00007a39f2ccdd00, 0x00007a39f2ccddc0] Compiler: c1, Barriers: 0, Oops: 1, ImmediateOops: 0, NonImmediateOops: No
[2,134s][debug][gc,nmethod     ] Register NMethod: io.sirix.node.xml.ElementNode.getNodeKey (0x00007a39f2ccdf08) [0x00007a39f2cce000, 0x00007a39f2cce0c0] Compiler: c1, Barriers: 0, Oops: 1, ImmediateOops: 0, NonImmediateOops: No
[2,134s][debug][gc,nmethod     ] Register NMethod: io.sirix.access.trx.node.AbstractNodeReadOnlyTrx.getCurrentNode (0x00007a39f2cce208) [0x00007a39f2cce300, 0x00007a39f2cce3e8] Compiler: c1, Barriers: 1, Oops: 1, ImmediateOops: 0, NonImmediateOops: No
[2,134s][debug][gc,nmethod     ] Register NMethod: java.lang.invoke.VarHandleSegmentAsLongs.get (0x00007a39d3aa0288) [0x00007a39d3aa0380, 0x00007a39d3aa5820] Compiler: c1, Barriers: 24, Oops: 2, ImmediateOops: 6, NonImmediateOops: No
[2,135s][debug][gc,nmethod     ] Register NMethod: java.lang.invoke.VarHandleSegmentAsLongs.get (0x00007a39d3aa5888) [0x00007a39d3aa5980, 0x00007a39d3aaaba8] Compiler: c1, Barriers: 24, Oops: 2, ImmediateOops: 6, NonImmediateOops: No
[2,135s][debug][gc,nmethod     ] Register NMethod: java.lang.Math.max (0x00007a39f2cce508) [0x00007a39f2cce600, 0x00007a39f2cce670] Compiler: jvmci, Barriers: 0, Oops: 0, ImmediateOops: 0, NonImmediateOops: No
[2,135s][debug][gc,nmethod     ] Register NMethod: java.lang.invoke.MethodHandle.invokeBasic (0x00007a39f2cce808) [0x00007a39f2cce900, 0x00007a39f2cceb98] Compiler: , Barriers: 0, Oops: 0, ImmediateOops: 0, NonImmediateOops: No
[2,135s][debug][gc,nmethod     ] Register NMethod: jdk.internal.foreign.AbstractMemorySegmentImpl.set (0x00007a39d3aaac08) [0x00007a39d3aaad00, 0x00007a39d3ab0280] Compiler: c1, Barriers: 42, Oops: 6, ImmediateOops: 18, NonImmediateOops: No
[2,135s][debug][gc,nmethod     ] Register NMethod: java.lang.invoke.VarHandleSegmentAsInts.set (0x00007a39d3ab0308) [0x00007a39d3ab0400, 0x00007a39d3ab59d0] Compiler: c1, Barriers: 24, Oops: 2, ImmediateOops: 7, NonImmediateOops: No
[2,135s][debug][gc,nmethod     ] Register NMethod: java.lang.invoke.VarHandleSegmentAsLongs.set (0x00007a39d3ab5a08) [0x00007a39d3ab5b00, 0x00007a39d3abb0d0] Compiler: c1, Barriers: 24, Oops: 2, ImmediateOops: 7, NonImmediateOops: No
[2,135s][debug][gc,nmethod     ] Register NMethod: sun.misc.Unsafe.isMemoryAccessWarned (0x00007a39d3abb108) [0x00007a39d3abb200, 0x00007a39d3abb300] Compiler: c1, Barriers: 0, Oops: 0, ImmediateOops: 1, NonImmediateOops: No
[2,135s][debug][gc,nmethod     ] Register NMethod: net.openhft.hashing.Access.i64 (0x00007a39d3abb408) [0x00007a39d3abb500, 0x00007a39d3abb800] Compiler: c1, Barriers: 0, Oops: 1, ImmediateOops: 0, NonImmediateOops: No
[2,135s][debug][gc,nmethod     ] Register NMethod: sun.misc.Unsafe.beforeMemoryAccess (0x00007a39d3abb888) [0x00007a39d3abb980, 0x00007a39d3abbb88] Compiler: c1, Barriers: 0, Oops: 0, ImmediateOops: 1, NonImmediateOops: No
[2,136s][debug][gc,nmethod     ] Register NMethod: sun.misc.Unsafe.getLong (0x00007a39d3abbc08) [0x00007a39d3abbd00, 0x00007a39d3abbf78] Compiler: c1, Barriers: 0, Oops: 0, ImmediateOops: 1, NonImmediateOops: No
[2,136s][debug][gc,nmethod     ] Register NMethod: net.openhft.hashing.UnsafeAccess.getLong (0x00007a39d3abbf88) [0x00007a39d3abc080, 0x00007a39d3abc520] Compiler: c1, Barriers: 0, Oops: 1, ImmediateOops: 2, NonImmediateOops: No
[2,136s][debug][gc,nmethod     ] Register NMethod: io.sirix.cache.PageContainer.getComplete (0x00007a39f2ccec08) [0x00007a39f2cced00, 0x00007a39f2ccede8] Compiler: c1, Barriers: 1, Oops: 1, ImmediateOops: 0, NonImmediateOops: No
[2,136s][debug][gc,nmethod     ] Register NMethod: io.sirix.api.PageReadOnlyTrx.recordPageOffset (0x00007a39d3abc588) [0x00007a39d3abc680, 0x00007a39d3abc778] Compiler: c1, Barriers: 0, Oops: 1, ImmediateOops: 0, NonImmediateOops: No
[2,136s][debug][gc,nmethod     ] Register NMethod: io.sirix.access.trx.page.NodePageReadOnlyTrx.pageKey (0x00007a39d3abc888) [0x00007a39d3abc980, 0x00007a39d3abd100] Compiler: c1, Barriers: 0, Oops: 1, ImmediateOops: 2, NonImmediateOops: No
[2,136s][debug][gc,nmethod     ] Register NMethod: java.lang.invoke.VarHandleGuards.guard_LJJ_V (0x00007a39d3abd188) [0x00007a39d3abd280, 0x00007a39d3ac1e50] Compiler: c1, Barriers: 46, Oops: 1, ImmediateOops: 6, NonImmediateOops: No
[2,136s][debug][gc,nmethod     ] Register NMethod: io.sirix.access.trx.page.NodePageTrx.getMostRecentPageContainer (0x00007a39d3ac1e88) [0x00007a39d3ac1f80, 0x00007a39d3ac25b0] Compiler: c1, Barriers: 9, Oops: 1, ImmediateOops: 1, NonImmediateOops: No
[2,136s][debug][gc,nmethod     ] Register NMethod: io.sirix.page.KeyValueLeafPage.getRecord (0x00007a39d3ac2608) [0x00007a39d3ac2700, 0x00007a39d3ac2890] Compiler: c1, Barriers: 2, Oops: 1, ImmediateOops: 0, NonImmediateOops: No
[2,136s][debug][gc,nmethod     ] Register NMethod: io.sirix.index.path.summary.PathNode.delegate (0x00007a39f2ccef08) [0x00007a39f2ccf000, 0x00007a39f2ccf0e8] Compiler: c1, Barriers: 1, Oops: 1, ImmediateOops: 0, NonImmediateOops: No
[2,136s][debug][gc,nmethod     ] Register NMethod: java.lang.invoke.VarHandleSegmentAsLongs.set (0x00007a39d3ac2908) [0x00007a39d3ac2a00, 0x00007a39d3ac7d58] Compiler: c1, Barriers: 24, Oops: 2, ImmediateOops: 7, NonImmediateOops: No
[2,136s][debug][gc,nmethod     ] Register NMethod: io.sirix.index.path.summary.PathSummaryReader.assertNotClosed (0x00007a39d3ac7d88) [0x00007a39d3ac7e80, 0x00007a39d3ac8088] Compiler: c1, Barriers: 0, Oops: 1, ImmediateOops: 1, NonImmediateOops: No
[2,136s][debug][gc,nmethod     ] Register NMethod: io.sirix.node.MemorySegmentBytesOut.writeLong (0x00007a39d3ac8108) [0x00007a39d3ac8200, 0x00007a39d3ac8398] Compiler: c1, Barriers: 1, Oops: 1, ImmediateOops: 0, NonImmediateOops: No
[2,136s][debug][gc,nmethod     ] Register NMethod: io.sirix.node.AbstractForwardingNode.getNodeKey (0x00007a39d3ac8408) [0x00007a39d3ac8500, 0x00007a39d3ac8830] Compiler: c1, Barriers: 0, Oops: 1, ImmediateOops: 0, NonImmediateOops: No
[2,136s][debug][gc,nmethod     ] Register NMethod: java.util.concurrent.locks.ReentrantLock.lock (0x00007a39d3ac8888) [0x00007a39d3ac8980, 0x00007a39d3ac9150] Compiler: c1, Barriers: 1, Oops: 0, ImmediateOops: 0, NonImmediateOops: No
[2,136s][debug][gc,nmethod     ] Register NMethod: java.util.concurrent.locks.ReentrantLock$Sync.lock (0x00007a39d3ac9188) [0x00007a39d3ac9280, 0x00007a39d3ac97f8] Compiler: c1, Barriers: 0, Oops: 0, ImmediateOops: 0, NonImmediateOops: No
[2,136s][debug][gc,nmethod     ] Register NMethod: io.sirix.access.trx.page.NodePageTrx.delegate (0x00007a39f2ccf208) [0x00007a39f2ccf300, 0x00007a39f2ccf3e8] Compiler: c1, Barriers: 1, Oops: 1, ImmediateOops: 0, NonImmediateOops: No
[2,136s][debug][gc,nmethod     ] Register NMethod: io.sirix.node.xml.TextNode.getNodeKey (0x00007a39f2ccf508) [0x00007a39f2ccf600, 0x00007a39f2ccf6c0] Compiler: c1, Barriers: 0, Oops: 1, ImmediateOops: 0, NonImmediateOops: No
[2,136s][debug][gc,nmethod     ] Register NMethod: io.sirix.node.xml.XmlDocumentRootNode.delegate (0x00007a39f2ccf808) [0x00007a39f2ccf900, 0x00007a39f2ccf9e8] Compiler: c1, Barriers: 1, Oops: 1, ImmediateOops: 0, NonImmediateOops: No
[2,136s][debug][gc,nmethod     ] Register NMethod: it.unimi.dsi.fastutil.HashCommon.mix (0x00007a39d3ac9808) [0x00007a39d3ac9900, 0x00007a39d3ac99f0] Compiler: c1, Barriers: 0, Oops: 1, ImmediateOops: 0, NonImmediateOops: No
[2,136s][debug][gc,nmethod     ] Register NMethod: io.sirix.access.trx.node.AbstractNodeReadOnlyTrx.setCurrentNode (0x00007a39d3ac9b08) [0x00007a39d3ac9c00, 0x00007a39d3aca0a0] Compiler: c1, Barriers: 3, Oops: 1, ImmediateOops: 1, NonImmediateOops: No
[2,137s][debug][gc,nmethod     ] Register NMethod: jdk.internal.foreign.NativeMemorySegmentImpl.<init> (0x00007a39f2ccfb08) [0x00007a39f2ccfc20, 0x00007a39f2ccfd20] Compiler: jvmci, Barriers: 3, Oops: 0, ImmediateOops: 0, NonImmediateOops: No
[2,137s][debug][gc,nmethod     ] Register NMethod: io.sirix.access.trx.page.NodePageReadOnlyTrx.getValue (0x00007a39d3aca108) [0x00007a39d3aca200, 0x00007a39d3acbd60] Compiler: c1, Barriers: 6, Oops: 1, ImmediateOops: 1, NonImmediateOops: No
[2,137s][debug][gc,nmethod     ] Register NMethod: com.sun.org.apache.xerces.internal.util.XMLChar.isContent (0x00007a39d3acbd88) [0x00007a39d3acbe80, 0x00007a39d3acc068] Compiler: c1, Barriers: 0, Oops: 0, ImmediateOops: 1, NonImmediateOops: No
[2,137s][debug][gc,nmethod     ] Register NMethod: com.google.common.base.Preconditions.checkArgument (0x00007a39d3acc088) [0x00007a39d3acc180, 0x00007a39d3acc600] Compiler: c1, Barriers: 0, Oops: 1, ImmediateOops: 1, NonImmediateOops: No
[2,137s][debug][gc,nmethod     ] Register NMethod: io.sirix.cache.PageContainer.getModifiedAsUnorderedKeyValuePage (0x00007a39d3acc688) [0x00007a39d3acc780, 0x00007a39d3accab8] Compiler: c1, Barriers: 1, Oops: 1, ImmediateOops: 0, NonImmediateOops: No
[2,137s][debug][gc,nmethod     ] Register NMethod: io.sirix.node.xml.ElementNode.getKind (0x00007a39d3accb08) [0x00007a39d3accc00, 0x00007a39d3accd08] Compiler: c1, Barriers: 0, Oops: 1, ImmediateOops: 1, NonImmediateOops: No
[2,137s][debug][gc,nmethod     ] Register NMethod: io.sirix.node.MemorySegmentBytesOut.writeInt (0x00007a39d3acce08) [0x00007a39d3accf00, 0x00007a39d3acd098] Compiler: c1, Barriers: 1, Oops: 1, ImmediateOops: 0, NonImmediateOops: No
[2,137s][debug][gc,nmethod     ] Register NMethod: jdk.internal.misc.ScopedMemoryAccess.putByte (0x00007a39d3acd108) [0x00007a39d3acd200, 0x00007a39d3acde78] Compiler: c1, Barriers: 3, Oops: 0, ImmediateOops: 2, NonImmediateOops: No
[2,137s][debug][gc,nmethod     ] Register NMethod: io.sirix.access.trx.page.NodePageTrx.prepareRecordPage (0x00007a39d3acde88) [0x00007a39d3acdf80, 0x00007a39d3ad0528] Compiler: c1, Barriers: 38, Oops: 4, ImmediateOops: 3, NonImmediateOops: No
[2,137s][debug][gc,nmethod     ] Register NMethod: jdk.internal.util.ReferencedKeyMap.getNoCheckStale (0x00007a39f2ccfe08) [0x00007a39f2ccff00, 0x00007a39f2cd1458] Compiler: jvmci, Barriers: 36, Oops: 1, ImmediateOops: 1, NonImmediateOops: No
[2,137s][debug][gc,nmethod     ] Register NMethod: io.sirix.access.trx.node.xml.XmlNodeTrxImpl.nodeReadOnlyTrxDelegate (0x00007a39d3ad0588) [0x00007a39d3ad0680, 0x00007a39d3ad09d0] Compiler: c1, Barriers: 1, Oops: 1, ImmediateOops: 0, NonImmediateOops: No
[2,138s][debug][gc,nmethod     ] Register NMethod: io.sirix.node.GrowingMemorySegment.writeInt (0x00007a39d3ad0a08) [0x00007a39d3ad0b00, 0x00007a39d3ad4940] Compiler: c1, Barriers: 5, Oops: 6, ImmediateOops: 11, NonImmediateOops: No
[2,138s][debug][gc,nmethod     ] Register NMethod: io.sirix.node.GrowingMemorySegment.writeLong (0x00007a39d3ad4988) [0x00007a39d3ad4a80, 0x00007a39d3ad88c0] Compiler: c1, Barriers: 5, Oops: 6, ImmediateOops: 11, NonImmediateOops: No
[2,138s][debug][gc,nmethod     ] Register NMethod: jdk.internal.foreign.AbstractMemorySegmentImpl.set (0x00007a39d3ad8908) [0x00007a39d3ad8a00, 0x00007a39d3addf80] Compiler: c1, Barriers: 42, Oops: 6, ImmediateOops: 18, NonImmediateOops: No
[2,138s][debug][gc,nmethod     ] Register NMethod: com.google.common.base.Preconditions.checkArgument (0x00007a39d3ade008) [0x00007a39d3ade100, 0x00007a39d3ade2d0] Compiler: c1, Barriers: 0, Oops: 1, ImmediateOops: 0, NonImmediateOops: No
[2,138s][debug][gc,nmethod     ] Register NMethod: io.sirix.access.trx.node.AbstractNodeReadOnlyTrx.moveTo (0x00007a39d3ade308) [0x00007a39d3ade400, 0x00007a39d3adff78] Compiler: c1, Barriers: 11, Oops: 1, ImmediateOops: 4, NonImmediateOops: No
[2,138s][debug][gc,nmethod     ] Register NMethod: io.sirix.access.trx.page.NodePageTrx.prepareRecordForModification (0x00007a39d3adff88) [0x00007a39d3ae0080, 0x00007a39d3ae1f08] Compiler: c1, Barriers: 7, Oops: 2, ImmediateOops: 4, NonImmediateOops: No
[2,138s][debug][gc,nmethod     ] Register NMethod: io.sirix.node.xml.ElementNode.getHash (0x00007a39d3ae1f88) [0x00007a39d3ae2080, 0x00007a39d3ae58f0] Compiler: c1, Barriers: 7, Oops: 6, ImmediateOops: 10, NonImmediateOops: No
[2,138s][debug][gc,nmethod     ] Register NMethod: io.sirix.access.ResourceConfiguration.storeChildCount (0x00007a39f2cd1488) [0x00007a39f2cd1580, 0x00007a39f2cd1640] Compiler: c1, Barriers: 0, Oops: 1, ImmediateOops: 0, NonImmediateOops: No
[2,138s][debug][gc,nmethod     ] Register NMethod: io.sirix.access.trx.page.NodePageReadOnlyTrx.checkItemIfDeleted (0x00007a39d3ae5988) [0x00007a39d3ae5a80, 0x00007a39d3ae5de0] Compiler: c1, Barriers: 0, Oops: 1, ImmediateOops: 0, NonImmediateOops: No
[2,138s][debug][gc,nmethod     ] Register NMethod: io.sirix.access.trx.node.xml.XmlNodeHashing.getCurrentNode (0x00007a39d3ae5e08) [0x00007a39d3ae5f00, 0x00007a39d3ae6490] Compiler: c1, Barriers: 2, Oops: 1, ImmediateOops: 0, NonImmediateOops: No
[2,138s][debug][gc,nmethod     ] Register NMethod: io.sirix.access.trx.node.xml.XmlNodeHashing.getCurrentNode (0x00007a39d3ae6508) [0x00007a39d3ae6600, 0x00007a39d3ae6da8] Compiler: c1, Barriers: 2, Oops: 1, ImmediateOops: 0, NonImmediateOops: No
[2,138s][debug][gc,nmethod     ] Register NMethod: io.sirix.node.xml.TextNode.getKind (0x00007a39d3ae6e08) [0x00007a39d3ae6f00, 0x00007a39d3ae7008] Compiler: c1, Barriers: 0, Oops: 1, ImmediateOops: 1, NonImmediateOops: No
[2,139s][debug][gc,nmethod     ] Register NMethod: io.sirix.access.trx.node.AbstractNodeTrxImpl.getCurrentNode (0x00007a39d3ae7108) [0x00007a39d3ae7200, 0x00007a39d3ae7570] Compiler: c1, Barriers: 2, Oops: 1, ImmediateOops: 0, NonImmediateOops: No
[2,139s][debug][gc,nmethod     ] Register NMethod: com.sun.org.apache.xerces.internal.impl.XMLDocumentFragmentScannerImpl.setScannerState (0x00007a39f2cd1788) [0x00007a39f2cd1880, 0x00007a39f2cd1940] Compiler: c1, Barriers: 0, Oops: 0, ImmediateOops: 0, NonImmediateOops: No
[2,139s][debug][gc,nmethod     ] Register NMethod: com.sun.org.apache.xerces.internal.impl.XMLEntityScanner.checkEntityLimit (0x00007a39d3ae7588) [0x00007a39d3ae7680, 0x00007a39d3ae7978] Compiler: c1, Barriers: 0, Oops: 0, ImmediateOops: 4, NonImmediateOops: No
[2,139s][debug][gc,nmethod     ] Register NMethod: io.sirix.access.trx.page.NodePageTrx.getPageContainer (0x00007a39d3ae7988) [0x00007a39d3ae7a80, 0x00007a39d3ae8bc0] Compiler: c1, Barriers: 12, Oops: 4, ImmediateOops: 2, NonImmediateOops: No
[2,139s][debug][gc,nmethod     ] Rebuilding NMethod Table: 4096->8192 entries, 2868(70%->35%) registered, 0(0%->0%) unregistered
[2,139s][debug][gc,nmethod     ] Register NMethod: io.sirix.access.trx.page.NodePageTrx.getRecord (0x00007a39d3ae8c08) [0x00007a39d3ae8d00, 0x00007a39d3aeaca0] Compiler: c1, Barriers: 8, Oops: 1, ImmediateOops: 2, NonImmediateOops: No
[2,139s][debug][gc,director    ] Rule Major: Warmup 10%, Used: 298MB, UsedThreshold: 1228MB
[2,139s][debug][gc,nmethod     ] Register NMethod: io.sirix.index.path.summary.PathNode.structDelegate (0x00007a39f2cd1a88) [0x00007a39f2cd1b80, 0x00007a39f2cd1c68] Compiler: c1, Barriers: 1, Oops: 1, ImmediateOops: 0, NonImmediateOops: No
[2,140s][debug][gc,nmethod     ] Register NMethod: io.sirix.node.xml.ElementNode.getParentKey (0x00007a39d3aead08) [0x00007a39d3aeae00, 0x00007a39d3aefde8] Compiler: c1, Barriers: 19, Oops: 7, ImmediateOops: 11, NonImmediateOops: No
[2,140s][debug][gc,nmethod     ] Register NMethod: io.sirix.access.trx.node.AbstractNodeHashing.setAddDescendants (0x00007a39d3aefe88) [0x00007a39d3aeff80, 0x00007a39d3af0b08] Compiler: c1, Barriers: 0, Oops: 1, ImmediateOops: 0, NonImmediateOops: No
[2,140s][debug][gc,nmethod     ] Register NMethod: io.sirix.node.xml.TextNode.getParentKey (0x00007a39d3af0b88) [0x00007a39d3af0c80, 0x00007a39d3af5c68] Compiler: c1, Barriers: 19, Oops: 7, ImmediateOops: 11, NonImmediateOops: No
[2,140s][debug][gc,nmethod     ] Register NMethod: io.sirix.node.xml.XmlDocumentRootNode.structDelegate (0x00007a39f2cd1d88) [0x00007a39f2cd1e80, 0x00007a39f2cd1f68] Compiler: c1, Barriers: 1, Oops: 1, ImmediateOops: 0, NonImmediateOops: No
[2,141s][debug][gc,nmethod     ] Register NMethod: io.sirix.node.xml.ElementNode.setHash (0x00007a39d3af5d08) [0x00007a39d3af5e00, 0x00007a39d3af9788] Compiler: c1, Barriers: 7, Oops: 6, ImmediateOops: 11, NonImmediateOops: No
[2,141s][debug][gc,nmethod     ] Register NMethod: it.unimi.dsi.fastutil.longs.LongArrayList.size (0x00007a39f2cd2088) [0x00007a39f2cd2180, 0x00007a39f2cd2240] Compiler: c1, Barriers: 0, Oops: 1, ImmediateOops: 0, NonImmediateOops: No
[2,141s][debug][gc,nmethod     ] Register NMethod: jdk.internal.misc.Unsafe.allocateMemory0 (0x00007a39f2cd2388) [0x00007a39f2cd2480, 0x00007a39f2cd25d8] Compiler: , Barriers: 0, Oops: 0, ImmediateOops: 0, NonImmediateOops: No
[2,141s][debug][gc,nmethod     ] Register NMethod: java.lang.Math.multiplyHigh (0x00007a39d3af9808) [0x00007a39d3af9900, 0x00007a39d3af9a58] Compiler: c1, Barriers: 0, Oops: 0, ImmediateOops: 0, NonImmediateOops: No
[2,141s][debug][gc,nmethod     ] Register NMethod: net.openhft.hashing.Maths.unsignedLongMulXorFold (0x00007a39d3af9b08) [0x00007a39d3af9c00, 0x00007a39d3af9d38] Compiler: c1, Barriers: 0, Oops: 1, ImmediateOops: 1, NonImmediateOops: No
[2,141s][debug][gc,nmethod     ] Register NMethod: net.openhft.hashing.MathsJDK9.unsignedLongMulXorFoldImp (0x00007a39d3af9e08) [0x00007a39d3af9f00, 0x00007a39d3afa080] Compiler: c1, Barriers: 0, Oops: 1, ImmediateOops: 0, NonImmediateOops: No
[2,142s][debug][gc,nmethod     ] Register NMethod: io.sirix.node.xml.ElementNode.getDescendantCount (0x00007a39d3afa108) [0x00007a39d3afa200, 0x00007a39d3afda78] Compiler: c1, Barriers: 7, Oops: 6, ImmediateOops: 10, NonImmediateOops: No
[2,142s][debug][gc,nmethod     ] Register NMethod: io.brackit.query.atomic.QNm.getPrefix (0x00007a39f2cd2688) [0x00007a39f2cd2780, 0x00007a39f2cd2868] Compiler: c1, Barriers: 1, Oops: 1, ImmediateOops: 0, NonImmediateOops: No
[2,142s][debug][gc,nmethod     ] Register NMethod: net.openhft.hashing.XXH3.XXH3_mix16B (0x00007a39d3afdb08) [0x00007a39d3afdc00, 0x00007a39d3aff590] Compiler: c1, Barriers: 0, Oops: 3, ImmediateOops: 8, NonImmediateOops: No
[2,142s][debug][gc,nmethod     ] Register NMethod: io.sirix.axis.filter.AbstractFilter.getTrx (0x00007a39f2cd2988) [0x00007a39f2cd2a80, 0x00007a39f2cd2b68] Compiler: c1, Barriers: 1, Oops: 1, ImmediateOops: 0, NonImmediateOops: No
[2,142s][debug][gc,nmethod     ] Register NMethod: org.magicwerk.brownies.collections.GapList.doGet (0x00007a39d3aff608) [0x00007a39d3aff700, 0x00007a39d3affa38] Compiler: c1, Barriers: 2, Oops: 1, ImmediateOops: 0, NonImmediateOops: No
[2,142s][debug][gc,nmethod     ] Register NMethod: io.sirix.axis.AbstractAxis.getCursor (0x00007a39f2cd2c88) [0x00007a39f2cd2d80, 0x00007a39f2cd2e68] Compiler: c1, Barriers: 1, Oops: 1, ImmediateOops: 0, NonImmediateOops: No
[2,142s][debug][gc,nmethod     ] Register NMethod: io.sirix.node.MemorySegmentBytesOut.writeByte (0x00007a39d3affa88) [0x00007a39d3affb80, 0x00007a39d3affd18] Compiler: c1, Barriers: 1, Oops: 1, ImmediateOops: 0, NonImmediateOops: No
[2,142s][debug][gc,nmethod     ] Register NMethod: org.magicwerk.brownies.collections.GapList.get (0x00007a39d3affd88) [0x00007a39d3affe80, 0x00007a39d3b01878] Compiler: c1, Barriers: 0, Oops: 4, ImmediateOops: 4, NonImmediateOops: No
[2,142s][debug][gc,nmethod     ] Register NMethod: io.brackit.query.atomic.QNm.getLocalName (0x00007a39f2cd2f88) [0x00007a39f2cd3080, 0x00007a39f2cd3168] Compiler: c1, Barriers: 1, Oops: 1, ImmediateOops: 0, NonImmediateOops: No
[2,142s][debug][gc,nmethod     ] Register NMethod: jdk.internal.foreign.MemorySessionImpl.checkValidState (0x00007a39d3b01908) [0x00007a39d3b01a00, 0x00007a39d3b024e8] Compiler: c1, Barriers: 3, Oops: 0, ImmediateOops: 2, NonImmediateOops: No
[2,143s][debug][gc,nmethod     ] Register NMethod: io.sirix.page.AbstractForwardingPage.getOrCreateReference (0x00007a39d3b02508) [0x00007a39d3b02600, 0x00007a39d3b02b10] Compiler: c1, Barriers: 0, Oops: 1, ImmediateOops: 0, NonImmediateOops: No
[2,143s][debug][gc,nmethod     ] Register NMethod: java.lang.invoke.VarHandleSegmentAsBytes.set (0x00007a39d3b02b88) [0x00007a39d3b02c80, 0x00007a39d3b07dc0] Compiler: c1, Barriers: 24, Oops: 2, ImmediateOops: 6, NonImmediateOops: No
[2,144s][debug][gc,nmethod     ] Register NMethod: io.sirix.node.xml.ElementNode.setDescendantCount (0x00007a39d3b07e08) [0x00007a39d3b07f00, 0x00007a39d3b0b890] Compiler: c1, Barriers: 7, Oops: 6, ImmediateOops: 11, NonImmediateOops: No
[2,144s][debug][gc,nmethod     ] Register NMethod: java.util.BitSet.cardinality (0x00007a39d3b0b908) [0x00007a39d3b0ba00, 0x00007a39d3b0bc60] Compiler: c1, Barriers: 1, Oops: 0, ImmediateOops: 0, NonImmediateOops: No
[2,144s][debug][gc,nmethod     ] Register NMethod: java.lang.invoke.VarHandleSegmentAsBytes.set (0x00007a39d3b0bc88) [0x00007a39d3b0bd80, 0x00007a39d3b11120] Compiler: c1, Barriers: 24, Oops: 2, ImmediateOops: 6, NonImmediateOops: No
[2,144s][debug][gc,nmethod     ] Register NMethod: io.sirix.node.xml.XmlDocumentRootNode.getHash (0x00007a39f2cd3288) [0x00007a39f2cd3380, 0x00007a39f2cd3440] Compiler: c1, Barriers: 0, Oops: 1, ImmediateOops: 0, NonImmediateOops: No
[2,144s][debug][gc,nmethod     ] Register NMethod: jdk.internal.foreign.AbstractMemorySegmentImpl.set (0x00007a39d3b11188) [0x00007a39d3b11280, 0x00007a39d3b16800] Compiler: c1, Barriers: 42, Oops: 6, ImmediateOops: 18, NonImmediateOops: No
[2,144s][debug][gc,nmethod     ] Register NMethod: io.sirix.index.path.summary.PathSummaryReader.getNodeKey (0x00007a39d3b16888) [0x00007a39d3b16980, 0x00007a39d3b16e30] Compiler: c1, Barriers: 1, Oops: 1, ImmediateOops: 1, NonImmediateOops: No
[2,145s][debug][gc,nmethod     ] Register NMethod: java.lang.invoke.VarHandleGuards.guard_L_L (0x00007a39d3b16e88) [0x00007a39d3b16f80, 0x00007a39d3b1a400] Compiler: c1, Barriers: 29, Oops: 0, ImmediateOops: 2, NonImmediateOops: No
[2,145s][debug][gc,nmethod     ] Register NMethod: com.sun.org.apache.xerces.internal.util.XMLAttributesImpl.getLength (0x00007a39f2cd3588) [0x00007a39f2cd3680, 0x00007a39f2cd3740] Compiler: c1, Barriers: 0, Oops: 0, ImmediateOops: 0, NonImmediateOops: No
[2,145s][debug][gc,nmethod     ] Register NMethod: com.sun.org.apache.xerces.internal.impl.XMLEntityScanner.checkBeforeLoad (0x00007a39d3b1a408) [0x00007a39d3b1a500, 0x00007a39d3b1aa58] Compiler: c1, Barriers: 4, Oops: 0, ImmediateOops: 1, NonImmediateOops: No
[2,145s][debug][gc,nmethod     ] Register NMethod: io.sirix.access.trx.node.AbstractResourceSession.getResourceConfig (0x00007a39d3b1aa88) [0x00007a39d3b1ab80, 0x00007a39d3b1ae20] Compiler: c1, Barriers: 1, Oops: 1, ImmediateOops: 1, NonImmediateOops: No
[2,146s][debug][gc,nmethod     ] Register NMethod: io.sirix.access.trx.node.AbstractResourceSession.assertNotClosed (0x00007a39d3b1ae88) [0x00007a39d3b1af80, 0x00007a39d3b1b188] Compiler: c1, Barriers: 0, Oops: 1, ImmediateOops: 1, NonImmediateOops: No
[2,146s][debug][gc,nmethod     ] Register NMethod: java.util.BitSet.size (0x00007a39d3b1b208) [0x00007a39d3b1b300, 0x00007a39d3b1b438] Compiler: c1, Barriers: 1, Oops: 0, ImmediateOops: 0, NonImmediateOops: No
[2,146s][debug][gc,nmethod     ] Register NMethod: io.sirix.page.delegates.BitmapReferencesPage.getOrCreateReference (0x00007a39d3b1b508) [0x00007a39d3b1b600, 0x00007a39d3b1bcb8] Compiler: c1, Barriers: 2, Oops: 1, ImmediateOops: 0, NonImmediateOops: No
[2,146s][debug][gc,nmethod     ] Register NMethod: java.util.BitSet.clear (0x00007a39d3b1bd08) [0x00007a39d3b1be00, 0x00007a39d3b1c000] Compiler: c1, Barriers: 1, Oops: 0, ImmediateOops: 0, NonImmediateOops: No
[2,146s][debug][gc,nmethod     ] Register NMethod: java.util.BitSet.and (0x00007a39d3b1c008) [0x00007a39d3b1c100, 0x00007a39d3b1c550] Compiler: c1, Barriers: 3, Oops: 0, ImmediateOops: 0, NonImmediateOops: No
[2,146s][debug][gc,nmethod     ] Register NMethod: io.sirix.page.delegates.BitmapReferencesPage.index (0x00007a39d3b1c588) [0x00007a39d3b1c680, 0x00007a39d3b1cba0] Compiler: c1, Barriers: 4, Oops: 1, ImmediateOops: 0, NonImmediateOops: No
[2,146s][debug][gc,nmethod     ] Register NMethod: java.util.BitSet.checkRange (0x00007a39d3b1cc08) [0x00007a39d3b1cd00, 0x00007a39d3b1f688] Compiler: c1, Barriers: 0, Oops: 4, ImmediateOops: 7, NonImmediateOops: No
[2,146s][debug][gc,nmethod     ] Register NMethod: java.util.BitSet.flip (0x00007a39d3b1f708) [0x00007a39d3b1f800, 0x00007a39d3b1fe08] Compiler: c1, Barriers: 2, Oops: 0, ImmediateOops: 0, NonImmediateOops: No
[2,146s][debug][gc,nmethod     ] Register NMethod: io.sirix.api.PageReadOnlyTrx.recordPageOffset (0x00007a39f2cd3888) [0x00007a39f2cd3980, 0x00007a39f2cd39f0] Compiler: jvmci, Barriers: 0, Oops: 1, ImmediateOops: 0, NonImmediateOops: No
[2,146s][debug][gc,nmethod     ] Register NMethod: io.sirix.node.delegates.StructNodeDelegate.getRightSiblingKey (0x00007a39f2cd3b88) [0x00007a39f2cd3c80, 0x00007a39f2cd3d40] Compiler: c1, Barriers: 0, Oops: 1, ImmediateOops: 0, NonImmediateOops: No
[2,147s][debug][gc,nmethod     ] Register NMethod: io.sirix.utils.XMLToken.cl (0x00007a39d3b1fe88) [0x00007a39d3b1ff80, 0x00007a39d3b200e0] Compiler: c1, Barriers: 0, Oops: 1, ImmediateOops: 1, NonImmediateOops: No
[2,147s][debug][gc,nmethod     ] Register NMethod: io.sirix.utils.XMLToken.cl (0x00007a39d3b20188) [0x00007a39d3b20280, 0x00007a39d3b20460] Compiler: c1, Barriers: 0, Oops: 1, ImmediateOops: 1, NonImmediateOops: No
[2,147s][debug][gc,nmethod     ] Register NMethod: io.sirix.utils.XMLToken.isNCStartChar (0x00007a39d3b20488) [0x00007a39d3b20580, 0x00007a39d3b20bf0] Compiler: c1, Barriers: 0, Oops: 1, ImmediateOops: 0, NonImmediateOops: No
[2,147s][debug][gc,nmethod     ] Register NMethod: io.sirix.utils.XMLToken.cp (0x00007a39d3b20c08) [0x00007a39d3b20d00, 0x00007a39d3b21138] Compiler: c1, Barriers: 0, Oops: 1, ImmediateOops: 1, NonImmediateOops: No
[2,147s][debug][gc,nmethod     ] Register NMethod: com.google.common.base.Preconditions.checkState (0x00007a39d3b21188) [0x00007a39d3b21280, 0x00007a39d3b21460] Compiler: c1, Barriers: 0, Oops: 1, ImmediateOops: 0, NonImmediateOops: No
[2,147s][debug][gc,nmethod     ] Register NMethod: io.sirix.node.GrowingMemorySegment.reset (0x00007a39d3b21488) [0x00007a39d3b21580, 0x00007a39d3b21688] Compiler: c1, Barriers: 0, Oops: 1, ImmediateOops: 0, NonImmediateOops: No
[2,147s][debug][gc,nmethod     ] Register NMethod: io.sirix.node.MemorySegmentBytesOut.clear (0x00007a39d3b21788) [0x00007a39d3b21880, 0x00007a39d3b21a38] Compiler: c1, Barriers: 1, Oops: 1, ImmediateOops: 0, NonImmediateOops: No
[2,147s][debug][gc,nmethod     ] Register NMethod: io.sirix.axis.AbstractAxis.hasNext (0x00007a39d3b21a88) [0x00007a39d3b21b80, 0x00007a39d3b22648] Compiler: c1, Barriers: 2, Oops: 1, ImmediateOops: 1, NonImmediateOops: No
[2,148s][debug][gc,nmethod     ] Register NMethod: io.sirix.node.delegates.NodeDelegate.getParentKey (0x00007a39f2cd3e88) [0x00007a39f2cd3f80, 0x00007a39f2cd4040] Compiler: c1, Barriers: 0, Oops: 1, ImmediateOops: 0, NonImmediateOops: No
[2,148s][debug][gc,nmethod     ] Register NMethod: io.sirix.index.path.summary.PathSummaryReader.moveTo (0x00007a39d3b22688) [0x00007a39d3b22780, 0x00007a39d3b23488] Compiler: c1, Barriers: 13, Oops: 1, ImmediateOops: 2, NonImmediateOops: No
[2,148s][debug][gc,nmethod     ] Register NMethod: it.unimi.dsi.fastutil.longs.LongArrayList.isEmpty (0x00007a39d3b23508) [0x00007a39d3b23600, 0x00007a39d3b23750] Compiler: c1, Barriers: 0, Oops: 1, ImmediateOops: 0, NonImmediateOops: No
[2,148s][debug][gc,nmethod     ] Register NMethod: io.brackit.query.sequence.AbstractSequence.<init> (0x00007a39d3b23808) [0x00007a39d3b23900, 0x00007a39d3b23a58] Compiler: c1, Barriers: 0, Oops: 1, ImmediateOops: 0, NonImmediateOops: No
[2,148s][debug][gc,nmethod     ] Register NMethod: io.brackit.query.jdm.AbstractItem.<init> (0x00007a39d3b23b08) [0x00007a39d3b23c00, 0x00007a39d3b23db8] Compiler: c1, Barriers: 0, Oops: 1, ImmediateOops: 0, NonImmediateOops: No
[2,148s][debug][gc,nmethod     ] Register NMethod: java.util.ArrayList.getFirst (0x00007a39d3b23e08) [0x00007a39d3b23f00, 0x00007a39d3b24200] Compiler: c1, Barriers: 2, Oops: 0, ImmediateOops: 0, NonImmediateOops: No
[2,148s][debug][gc,nmethod     ] Register NMethod: java.lang.String.<init> (0x00007a39d3b24208) [0x00007a39d3b24300, 0x00007a39d3b245a0] Compiler: c1, Barriers: 0, Oops: 0, ImmediateOops: 0, NonImmediateOops: No
[2,149s][debug][gc,nmethod     ] Register NMethod: io.sirix.utils.XMLToken.isNCChar (0x00007a39d3b24608) [0x00007a39d3b24700, 0x00007a39d3b24ae8] Compiler: c1, Barriers: 0, Oops: 1, ImmediateOops: 0, NonImmediateOops: No
[2,149s][debug][gc,nmethod     ] Register NMethod: java.util.concurrent.atomic.AtomicLong.compareAndSet (0x00007a39d3b24b08) [0x00007a39d3b24c00, 0x00007a39d3b24d20] Compiler: c1, Barriers: 0, Oops: 0, ImmediateOops: 0, NonImmediateOops: No
[2,149s][debug][gc,nmethod     ] Register NMethod: io.sirix.node.NodeKind.getId (0x00007a39f2cd4188) [0x00007a39f2cd4280, 0x00007a39f2cd4348] Compiler: c1, Barriers: 0, Oops: 1, ImmediateOops: 0, NonImmediateOops: No
[2,149s][debug][gc,nmethod     ] Register NMethod: io.sirix.node.delegates.StructNodeDelegate.getFirstChildKey (0x00007a39f2cd4488) [0x00007a39f2cd4580, 0x00007a39f2cd4640] Compiler: c1, Barriers: 0, Oops: 1, ImmediateOops: 0, NonImmediateOops: No
[2,149s][debug][gc,nmethod     ] Register NMethod: io.sirix.index.path.summary.PathSummaryReader.getStructuralNode (0x00007a39d3b24e08) [0x00007a39d3b24f00, 0x00007a39d3b252b8] Compiler: c1, Barriers: 1, Oops: 1, ImmediateOops: 0, NonImmediateOops: No
[2,149s][debug][gc,nmethod     ] Register NMethod: io.sirix.access.trx.node.AbstractNodeReadOnlyTrx.getKind (0x00007a39d3b25308) [0x00007a39d3b25400, 0x00007a39d3b25a68] Compiler: c1, Barriers: 1, Oops: 1, ImmediateOops: 1, NonImmediateOops: No
[2,149s][debug][gc,director    ] Rule Major: Warmup 10%, Used: 298MB, UsedThreshold: 1228MB
[2,149s][debug][gc,nmethod     ] Register NMethod: io.sirix.node.xml.ElementNode.getDeweyID (0x00007a39f2cd4788) [0x00007a39f2cd4880, 0x00007a39f2cd4968] Compiler: c1, Barriers: 1, Oops: 1, ImmediateOops: 0, NonImmediateOops: No
[2,150s][debug][gc,nmethod     ] Register NMethod: io.sirix.node.GrowingMemorySegment.position (0x00007a39f2cd4a88) [0x00007a39f2cd4b80, 0x00007a39f2cd4c40] Compiler: c1, Barriers: 0, Oops: 1, ImmediateOops: 0, NonImmediateOops: No
[2,150s][debug][gc,nmethod     ] Register NMethod: java.util.concurrent.atomic.AtomicLong.addAndGet (0x00007a39d3b25a88) [0x00007a39d3b25b80, 0x00007a39d3b25c90] Compiler: c1, Barriers: 0, Oops: 0, ImmediateOops: 0, NonImmediateOops: No
[2,150s][debug][gc,nmethod     ] Register NMethod: io.sirix.node.GrowingMemorySegment.getUsedSegment (0x00007a39d3b25d88) [0x00007a39d3b25e80, 0x00007a39d3b26470] Compiler: c1, Barriers: 2, Oops: 1, ImmediateOops: 0, NonImmediateOops: No
[2,150s][debug][gc,nmethod     ] Register NMethod: io.sirix.page.RevisionRootPage.getMaxNodeKeyInDocumentIndex (0x00007a39f2cd4d88) [0x00007a39f2cd4e80, 0x00007a39f2cd4f40] Compiler: c1, Barriers: 0, Oops: 1, ImmediateOops: 0, NonImmediateOops: No
[2,150s][debug][gc,nmethod     ] Register NMethod: java.nio.MappedByteBuffer.limit (0x00007a39d3b26488) [0x00007a39d3b26580, 0x00007a39d3b26720] Compiler: c1, Barriers: 0, Oops: 0, ImmediateOops: 0, NonImmediateOops: No
[2,150s][debug][gc,nmethod     ] Register NMethod: io.sirix.node.xml.XmlDocumentRootNode.setHash (0x00007a39f2cd5088) [0x00007a39f2cd5180, 0x00007a39f2cd5240] Compiler: c1, Barriers: 0, Oops: 1, ImmediateOops: 0, NonImmediateOops: No
[2,150s][debug][gc,nmethod     ] Register NMethod: io.brackit.query.atomic.QNm.getNamespaceURI (0x00007a39f2cd5388) [0x00007a39f2cd5480, 0x00007a39f2cd5568] Compiler: c1, Barriers: 1, Oops: 1, ImmediateOops: 0, NonImmediateOops: No
[2,151s][debug][gc,nmethod     ] Register NMethod: io.sirix.access.trx.node.AbstractNodeTrxImpl.getDeweyID (0x00007a39d3b26788) [0x00007a39d3b26880, 0x00007a39d3b273a8] Compiler: c1, Barriers: 3, Oops: 1, ImmediateOops: 1, NonImmediateOops: No
[2,151s][debug][gc,nmethod     ] Register NMethod: com.sun.org.apache.xerces.internal.impl.XMLEntityScanner.skipChar (0x00007a39d3b27408) [0x00007a39d3b27500, 0x00007a39d3b27a48] Compiler: c1, Barriers: 3, Oops: 0, ImmediateOops: 0, NonImmediateOops: No
[2,151s][debug][gc,nmethod     ] Register NMethod: io.sirix.access.trx.page.NodePageReadOnlyTrx.getPage (0x00007a39d3b27a88) [0x00007a39d3b27b80, 0x00007a39d3b27f20] Compiler: c1, Barriers: 3, Oops: 1, ImmediateOops: 0, NonImmediateOops: No
[2,151s][debug][gc,nmethod     ] Register NMethod: com.sun.org.apache.xerces.internal.impl.XMLEntityScanner.peekChar (0x00007a39d3b27f88) [0x00007a39d3b28080, 0x00007a39d3b28538] Compiler: c1, Barriers: 3, Oops: 0, ImmediateOops: 0, NonImmediateOops: No
[2,151s][debug][gc,nmethod     ] Register NMethod: io.sirix.page.KeyValueLeafPage.setRecord (0x00007a39d3b28588) [0x00007a39d3b28680, 0x00007a39d3b28cb8] Compiler: c1, Barriers: 4, Oops: 1, ImmediateOops: 0, NonImmediateOops: No
[2,151s][debug][gc,nmethod     ] Register NMethod: io.sirix.access.trx.page.NodePageReadOnlyTrx.loadPage (0x00007a39d3b28d08) [0x00007a39d3b28e00, 0x00007a39d3b2aca0] Compiler: c1, Barriers: 15, Oops: 2, ImmediateOops: 2, NonImmediateOops: No
[2,151s][debug][gc,nmethod     ] Register NMethod: io.sirix.node.delegates.StructNodeDelegate.getDescendantCount (0x00007a39f2cd5688) [0x00007a39f2cd5780, 0x00007a39f2cd5840] Compiler: c1, Barriers: 0, Oops: 1, ImmediateOops: 0, NonImmediateOops: No
[2,151s][debug][gc,nmethod     ] Register NMethod: io.sirix.node.xml.TextNode.getLeftSiblingKey (0x00007a39d3b2ad08) [0x00007a39d3b2ae00, 0x00007a39d3b2fdf0] Compiler: c1, Barriers: 19, Oops: 7, ImmediateOops: 11, NonImmediateOops: No
[2,151s][debug][gc,nmethod     ] Register NMethod: io.sirix.access.trx.node.xml.ForwardingXmlNodeReadOnlyTrx.getNodeKey (0x00007a39d3b2fe88) [0x00007a39d3b2ff80, 0x00007a39d3b30578] Compiler: c1, Barriers: 1, Oops: 1, ImmediateOops: 0, NonImmediateOops: No
[2,152s][debug][gc,nmethod     ] Register NMethod: io.sirix.access.trx.node.AbstractNodeReadOnlyTrx.getStructuralNode (0x00007a39d3b30588) [0x00007a39d3b30680, 0x00007a39d3b31138] Compiler: c1, Barriers: 4, Oops: 1, ImmediateOops: 0, NonImmediateOops: No
[2,152s][debug][gc,nmethod     ] Register NMethod: io.sirix.access.trx.node.AbstractNodeReadOnlyTrx.getNodeKey (0x00007a39d3b31188) [0x00007a39d3b31280, 0x00007a39d3b318e8] Compiler: c1, Barriers: 1, Oops: 1, ImmediateOops: 1, NonImmediateOops: No
[2,152s][debug][gc,nmethod     ] Register NMethod: jdk.internal.misc.Unsafe.getLongUnaligned (0x00007a39f2cd5988) [0x00007a39f2cd5a80, 0x00007a39f2cd5b40] Compiler: jvmci, Barriers: 0, Oops: 0, ImmediateOops: 0, NonImmediateOops: No
[2,152s][debug][gc,nmethod     ] Register NMethod: io.sirix.node.delegates.NameNodeDelegate.getLocalNameKey (0x00007a39f2cd5c88) [0x00007a39f2cd5d80, 0x00007a39f2cd5e40] Compiler: c1, Barriers: 0, Oops: 1, ImmediateOops: 0, NonImmediateOops: No
[2,152s][debug][gc,nmethod     ] Register NMethod: io.sirix.node.delegates.StructNodeDelegate.setDescendantCount (0x00007a39f2cd5f88) [0x00007a39f2cd6080, 0x00007a39f2cd6140] Compiler: c1, Barriers: 0, Oops: 1, ImmediateOops: 0, NonImmediateOops: No
[2,152s][debug][gc,nmethod     ] Register NMethod: io.sirix.node.xml.TextNode.getDeweyID (0x00007a39f2cd6288) [0x00007a39f2cd6380, 0x00007a39f2cd6468] Compiler: c1, Barriers: 1, Oops: 1, ImmediateOops: 0, NonImmediateOops: No
[2,152s][debug][gc,nmethod     ] Register NMethod: io.sirix.node.xml.ElementNode.getKind (0x00007a39f2cd6588) [0x00007a39f2cd6680, 0x00007a39f2cd6710] Compiler: jvmci, Barriers: 0, Oops: 1, ImmediateOops: 1, NonImmediateOops: No
[2,152s][debug][gc,nmethod     ] Register NMethod: java.nio.MappedByteBuffer.position (0x00007a39d3b31908) [0x00007a39d3b31a00, 0x00007a39d3b31ba0] Compiler: c1, Barriers: 0, Oops: 0, ImmediateOops: 0, NonImmediateOops: No
[2,153s][debug][gc,nmethod     ] Register NMethod: io.sirix.access.trx.node.AbstractNodeReadOnlyTrx.assertNotClosed (0x00007a39f2cd6888) [0x00007a39f2cd6980, 0x00007a39f2cd6a40] Compiler: jvmci, Barriers: 0, Oops: 1, ImmediateOops: 0, NonImmediateOops: No
[2,153s][debug][gc,nmethod     ] Register NMethod: com.sun.org.apache.xerces.internal.impl.XMLEntityScanner.scanContent (0x00007a39d3b31c08) [0x00007a39d3b31d00, 0x00007a39d3b32cb8] Compiler: c1, Barriers: 11, Oops: 0, ImmediateOops: 1, NonImmediateOops: No
[2,153s][debug][gc,nmethod     ] Register NMethod: io.sirix.node.xml.TextNode.getRightSiblingKey (0x00007a39d3b32d08) [0x00007a39d3b32e00, 0x00007a39d3b37df0] Compiler: c1, Barriers: 19, Oops: 7, ImmediateOops: 11, NonImmediateOops: No
[2,153s][debug][gc,nmethod     ] Register NMethod: java.util.Arrays.copyOf (0x00007a39d3b37e88) [0x00007a39d3b37f80, 0x00007a39d3b38348] Compiler: c1, Barriers: 0, Oops: 0, ImmediateOops: 0, NonImmediateOops: No
[2,154s][debug][gc,nmethod     ] Register NMethod: io.sirix.node.xml.AttributeNode.getNodeKey (0x00007a39f2cd6b88) [0x00007a39f2cd6c80, 0x00007a39f2cd6d40] Compiler: c1, Barriers: 0, Oops: 1, ImmediateOops: 0, NonImmediateOops: No
[2,154s][debug][gc,nmethod     ] Register NMethod: jdk.internal.foreign.SegmentFactories.ensureInitialized (0x00007a39d3b38388) [0x00007a39d3b38480, 0x00007a39d3b38560] Compiler: c1, Barriers: 0, Oops: 0, ImmediateOops: 0, NonImmediateOops: No
[2,154s][debug][gc,nmethod     ] Register NMethod: io.brackit.query.atomic.AbstractAtomic.<init> (0x00007a39d3b38688) [0x00007a39d3b38780, 0x00007a39d3b38998] Compiler: c1, Barriers: 0, Oops: 1, ImmediateOops: 0, NonImmediateOops: No
[2,154s][debug][gc,nmethod     ] Register NMethod: io.sirix.axis.AbstractAxis.tryToComputeNext (0x00007a39d3b38a08) [0x00007a39d3b38b00, 0x00007a39d3b39230] Compiler: c1, Barriers: 10, Oops: 1, ImmediateOops: 5, NonImmediateOops: No
[2,154s][debug][gc,nmethod     ] Register NMethod: jdk.internal.misc.Unsafe.alignToHeapWordSize (0x00007a39d3b39288) [0x00007a39d3b39380, 0x00007a39d3b395f0] Compiler: c1, Barriers: 0, Oops: 0, ImmediateOops: 0, NonImmediateOops: No
[2,154s][debug][gc,nmethod     ] Register NMethod: io.sirix.axis.AbstractAxis.resetToLastKey (0x00007a39d3b39608) [0x00007a39d3b39700, 0x00007a39d3b39cb8] Compiler: c1, Barriers: 2, Oops: 1, ImmediateOops: 0, NonImmediateOops: No
[2,154s][debug][gc,nmethod     ] Register NMethod: jdk.internal.misc.Unsafe.allocateMemoryChecks (0x00007a39d3b39d08) [0x00007a39d3b39e00, 0x00007a39d3b3a0b8] Compiler: c1, Barriers: 0, Oops: 0, ImmediateOops: 0, NonImmediateOops: No
[2,155s][debug][gc,nmethod     ] Register NMethod: jdk.internal.misc.VM.isDirectMemoryPageAligned (0x00007a39d3b3a108) [0x00007a39d3b3a200, 0x00007a39d3b3a4e0] Compiler: c1, Barriers: 0, Oops: 0, ImmediateOops: 1, NonImmediateOops: No
[2,155s][debug][gc,nmethod     ] Register NMethod: jdk.internal.misc.Unsafe.allocateMemory (0x00007a39d3b3a508) [0x00007a39d3b3a600, 0x00007a39d3b3b8b0] Compiler: c1, Barriers: 0, Oops: 2, ImmediateOops: 3, NonImmediateOops: No
[2,155s][debug][gc,nmethod     ] Register NMethod: io.sirix.access.trx.page.NodePageTrx.createRecord (0x00007a39d3b3b908) [0x00007a39d3b3ba00, 0x00007a39d3b41e58] Compiler: c1, Barriers: 30, Oops: 1, ImmediateOops: 6, NonImmediateOops: No
[2,155s][debug][gc,nmethod     ] Register NMethod: com.sun.org.apache.xerces.internal.impl.XMLDocumentScannerImpl.next (0x00007a39d3b41e88) [0x00007a39d3b41f80, 0x00007a39d3b422c8] Compiler: c1, Barriers: 1, Oops: 0, ImmediateOops: 0, NonImmediateOops: No
[2,155s][debug][gc,nmethod     ] Register NMethod: com.sun.org.apache.xerces.internal.impl.XMLNSDocumentScannerImpl.next (0x00007a39d3b42308) [0x00007a39d3b42400, 0x00007a39d3b428e8] Compiler: c1, Barriers: 2, Oops: 0, ImmediateOops: 0, NonImmediateOops: No
[2,155s][debug][gc,nmethod     ] Register NMethod: jdk.internal.foreign.Utils.checkNonNegativeIndex (0x00007a39d3b42908) [0x00007a39d3b42a00, 0x00007a39d3b43bc8] Compiler: c1, Barriers: 0, Oops: 2, ImmediateOops: 3, NonImmediateOops: No
[2,156s][debug][gc,nmethod     ] Register NMethod: it.unimi.dsi.fastutil.longs.LongArrayList.add (0x00007a39d3b43c08) [0x00007a39d3b43d00, 0x00007a39d3b43fd8] Compiler: c1, Barriers: 1, Oops: 1, ImmediateOops: 0, NonImmediateOops: No
[2,156s][debug][gc,nmethod     ] Register NMethod: jdk.xml.internal.XMLSecurityManager.isOverLimit (0x00007a39d3b44008) [0x00007a39d3b44100, 0x00007a39d3b445d8] Compiler: c1, Barriers: 0, Oops: 0, ImmediateOops: 0, NonImmediateOops: No
[2,156s][debug][gc,nmethod     ] Register NMethod: it.unimi.dsi.fastutil.longs.LongArrayList.grow (0x00007a39d3b44608) [0x00007a39d3b44700, 0x00007a39d3b44c60] Compiler: c1, Barriers: 5, Oops: 1, ImmediateOops: 1, NonImmediateOops: No
[2,157s][debug][gc,nmethod     ] Register NMethod: jdk.xml.internal.XMLLimitAnalyzer.getTotalValue (0x00007a39d3b44c88) [0x00007a39d3b44d80, 0x00007a39d3b44ed8] Compiler: c1, Barriers: 1, Oops: 0, ImmediateOops: 0, NonImmediateOops: No
[2,157s][debug][gc,nmethod     ] Register NMethod: io.sirix.node.GrowingMemorySegment.writeByte (0x00007a39d3b44f88) [0x00007a39d3b45080, 0x00007a39d3b48ca0] Compiler: c1, Barriers: 5, Oops: 6, ImmediateOops: 10, NonImmediateOops: No
[2,157s][debug][gc,nmethod     ] Register NMethod: jdk.xml.internal.XMLSecurityManager.isOverLimit (0x00007a39d3b48d08) [0x00007a39d3b48e00, 0x00007a39d3b4a3e0] Compiler: c1, Barriers: 4, Oops: 0, ImmediateOops: 7, NonImmediateOops: No
[2,157s][debug][gc,nmethod     ] Register NMethod: io.brackit.query.atomic.Una.stringValue (0x00007a39f2cd6e88) [0x00007a39f2cd6f80, 0x00007a39f2cd7068] Compiler: c1, Barriers: 1, Oops: 1, ImmediateOops: 0, NonImmediateOops: No
[2,157s][debug][gc,nmethod     ] Register NMethod: java.lang.String.encode (0x00007a39d3b4a408) [0x00007a39d3b4a500, 0x00007a39d3b4a838] Compiler: c1, Barriers: 0, Oops: 0, ImmediateOops: 3, NonImmediateOops: No
[2,157s][debug][gc,nmethod     ] Register NMethod: jdk.internal.foreign.MemorySessionImpl.ownerThread (0x00007a39f2cd7188) [0x00007a39f2cd7280, 0x00007a39f2cd7368] Compiler: c1, Barriers: 1, Oops: 0, ImmediateOops: 0, NonImmediateOops: No
[2,158s][debug][gc,nmethod     ] Register NMethod: java.lang.String.encodeUTF8 (0x00007a39d3b4a888) [0x00007a39d3b4a980, 0x00007a39d3b4b008] Compiler: c1, Barriers: 0, Oops: 0, ImmediateOops: 0, NonImmediateOops: No
[2,158s][debug][gc,nmethod     ] Register NMethod: java.lang.invoke.VarHandleSegmentAsLongs.get (0x00007a39f2cd7488) [0x00007a39f2cd7580, 0x00007a39f2cd7c78] Compiler: jvmci, Barriers: 4, Oops: 0, ImmediateOops: 0, NonImmediateOops: No
[2,158s][debug][gc,nmethod     ] Register NMethod: io.sirix.node.xml.TextNode.getKind (0x00007a39f2cd7c88) [0x00007a39f2cd7d80, 0x00007a39f2cd7e10] Compiler: jvmci, Barriers: 0, Oops: 1, ImmediateOops: 1, NonImmediateOops: No
[2,159s][debug][gc,nmethod     ] Register NMethod: io.sirix.node.xml.ElementNode.getLeftSiblingKey (0x00007a39d3b4b088) [0x00007a39d3b4b180, 0x00007a39d3b50170] Compiler: c1, Barriers: 19, Oops: 7, ImmediateOops: 11, NonImmediateOops: No
[2,159s][debug][gc,nmethod     ] Register NMethod: java.lang.invoke.VarHandleReferences$FieldInstanceReadWrite.compareAndSet (0x00007a39f2cd7f88) [0x00007a39f2cd8080, 0x00007a39f2cd87b8] Compiler: jvmci, Barriers: 7, Oops: 0, ImmediateOops: 0, NonImmediateOops: No
[2,159s][debug][gc,nmethod     ] Register NMethod: io.sirix.access.trx.node.xml.XmlNodeReadOnlyTrxImpl.getNode (0x00007a39d3b50208) [0x00007a39d3b50300, 0x00007a39d3b505f8] Compiler: c1, Barriers: 0, Oops: 1, ImmediateOops: 0, NonImmediateOops: No
[2,159s][debug][gc,director    ] Rule Major: Warmup 10%, Used: 298MB, UsedThreshold: 1228MB
[2,159s][debug][gc,nmethod     ] Register NMethod: java.nio.Bits.tryReserveMemory (0x00007a39d3b50608) [0x00007a39d3b50700, 0x00007a39d3b510f0] Compiler: c1, Barriers: 0, Oops: 0, ImmediateOops: 5, NonImmediateOops: No
[2,160s][debug][gc,nmethod     ] Register NMethod: io.sirix.node.MemorySegmentBytesIn.<init> (0x00007a39d3b51108) [0x00007a39d3b51200, 0x00007a39d3b513e0] Compiler: c1, Barriers: 3, Oops: 1, ImmediateOops: 0, NonImmediateOops: No
[2,160s][debug][gc,nmethod     ] Register NMethod: io.sirix.access.trx.node.xml.XmlNodeReadOnlyTrxImpl.getNode (0x00007a39d3b51408) [0x00007a39d3b51500, 0x00007a39d3b53a80] Compiler: c1, Barriers: 7, Oops: 2, ImmediateOops: 3, NonImmediateOops: No
[2,160s][debug][gc,nmethod     ] Register NMethod: jdk.internal.foreign.Utils.checkNonNegativeArgument (0x00007a39d3b53b08) [0x00007a39d3b53c00, 0x00007a39d3b54dc8] Compiler: c1, Barriers: 0, Oops: 2, ImmediateOops: 3, NonImmediateOops: No
[2,161s][debug][gc,nmethod     ] Register NMethod: io.sirix.node.xml.ElementNode.getRightSiblingKey (0x00007a39d3b54e08) [0x00007a39d3b54f00, 0x00007a39d3b59ef0] Compiler: c1, Barriers: 19, Oops: 7, ImmediateOops: 11, NonImmediateOops: No
[2,161s][debug][gc,nmethod     ] Register NMethod: it.unimi.dsi.fastutil.longs.AbstractLongList.push (0x00007a39d3b59f88) [0x00007a39d3b5a080, 0x00007a39d3b5a1c8] Compiler: c1, Barriers: 0, Oops: 1, ImmediateOops: 0, NonImmediateOops: No
[2,161s][debug][gc,nmethod     ] Register NMethod: jdk.internal.foreign.MemorySessionImpl.<init> (0x00007a39d3b5a288) [0x00007a39d3b5a380, 0x00007a39d3b5a5c8] Compiler: c1, Barriers: 6, Oops: 0, ImmediateOops: 0, NonImmediateOops: No
[2,162s][debug][gc,nmethod     ] Register NMethod: java.lang.foreign.MemorySegment.copy (0x00007a39d3b5a608) [0x00007a39d3b5a700, 0x00007a39d3b626f0] Compiler: c1, Barriers: 10, Oops: 3, ImmediateOops: 15, NonImmediateOops: No
[2,162s][debug][gc,nmethod     ] Register NMethod: java.nio.Bits.reserveMemory (0x00007a39d3b62788) [0x00007a39d3b62880, 0x00007a39d3b657c0] Compiler: c1, Barriers: 4, Oops: 4, ImmediateOops: 13, NonImmediateOops: No
[2,162s][debug][gc,nmethod     ] Register NMethod: jdk.internal.foreign.MemorySessionImpl$ResourceList$ResourceCleanup.<init> (0x00007a39d3b65808) [0x00007a39d3b65900, 0x00007a39d3b65a58] Compiler: c1, Barriers: 0, Oops: 0, ImmediateOops: 0, NonImmediateOops: No
[2,162s][debug][gc,nmethod     ] Register NMethod: io.brackit.query.node.parser.SAX2SubtreeHandlerAdapter$TrimmingStringBuilder.length (0x00007a39d3b65b08) [0x00007a39d3b65c00, 0x00007a39d3b65d08] Compiler: c1, Barriers: 0, Oops: 1, ImmediateOops: 0, NonImmediateOops: No
[2,162s][debug][gc,nmethod     ] Register NMethod: io.sirix.node.xml.ElementNode.getChildCount (0x00007a39d3b65e08) [0x00007a39d3b65f00, 0x00007a39d3b69908] Compiler: c1, Barriers: 6, Oops: 6, ImmediateOops: 9, NonImmediateOops: No
[2,162s][debug][gc,nmethod     ] Register NMethod: it.unimi.dsi.fastutil.longs.AbstractLongList.topLong (0x00007a39d3b69988) [0x00007a39d3b69a80, 0x00007a39d3b69da8] Compiler: c1, Barriers: 0, Oops: 1, ImmediateOops: 0, NonImmediateOops: No
[2,162s][debug][gc,nmethod     ] Register NMethod: io.sirix.axis.AbstractAxis.nextLong (0x00007a39d3b69e08) [0x00007a39d3b69f00, 0x00007a39d3b6a990] Compiler: c1, Barriers: 5, Oops: 1, ImmediateOops: 1, NonImmediateOops: No
[2,163s][debug][gc,nmethod     ] Register NMethod: com.sun.org.apache.xerces.internal.impl.XMLDocumentFragmentScannerImpl$FragmentContentDriver.next (0x00007a39d3b6aa08) [0x00007a39d3b6ab00, 0x00007a39d3b78630] Compiler: c1, Barriers: 140, Oops: 1, ImmediateOops: 14, NonImmediateOops: No
[2,163s][debug][gc,nmethod     ] Register NMethod: jdk.internal.foreign.MemorySessionImpl.addOrCleanupIfFail (0x00007a39d3b78688) [0x00007a39d3b78780, 0x00007a39d3b78cd0] Compiler: c1, Barriers: 0, Oops: 0, ImmediateOops: 0, NonImmediateOops: No
[2,163s][debug][gc,nmethod     ] Register NMethod: it.unimi.dsi.fastutil.longs.LongArrayList.getLong (0x00007a39d3b78d08) [0x00007a39d3b78e00, 0x00007a39d3b7a290] Compiler: c1, Barriers: 1, Oops: 4, ImmediateOops: 4, NonImmediateOops: No
[2,163s][debug][gc,nmethod     ] Register NMethod: io.sirix.node.GrowingMemorySegment.<init> (0x00007a39d3b7a308) [0x00007a39d3b7a400, 0x00007a39d3b7a878] Compiler: c1, Barriers: 6, Oops: 1, ImmediateOops: 0, NonImmediateOops: No
[2,163s][debug][gc,nmethod     ] Register NMethod: jdk.internal.foreign.ArenaImpl.allocate (0x00007a39d3b7a888) [0x00007a39d3b7a980, 0x00007a39d3b7ac78] Compiler: c1, Barriers: 0, Oops: 0, ImmediateOops: 0, NonImmediateOops: No
[2,163s][debug][gc,nmethod     ] Register NMethod: it.unimi.dsi.fastutil.longs.AbstractLongList.popLong (0x00007a39d3b7ac88) [0x00007a39d3b7ad80, 0x00007a39d3b7b0a8] Compiler: c1, Barriers: 0, Oops: 1, ImmediateOops: 0, NonImmediateOops: No
[2,163s][debug][gc,nmethod     ] Register NMethod: jdk.internal.foreign.MemorySessionImpl.addInternal (0x00007a39d3b7b108) [0x00007a39d3b7b200, 0x00007a39d3b7c170] Compiler: c1, Barriers: 4, Oops: 0, ImmediateOops: 2, NonImmediateOops: No
[2,163s][debug][gc,nmethod     ] Register NMethod: jdk.internal.foreign.ArenaImpl.allocate (0x00007a39d3b7c188) [0x00007a39d3b7c280, 0x00007a39d3b7c400] Compiler: c1, Barriers: 1, Oops: 0, ImmediateOops: 0, NonImmediateOops: No
[2,163s][debug][gc,nmethod     ] Register NMethod: jdk.internal.foreign.Utils.checkAlign (0x00007a39d3b7c488) [0x00007a39d3b7c580, 0x00007a39d3b7d2d8] Compiler: c1, Barriers: 0, Oops: 1, ImmediateOops: 2, NonImmediateOops: No
[2,163s][debug][gc,nmethod     ] Register NMethod: it.unimi.dsi.fastutil.longs.LongArrayList.removeLong (0x00007a39d3b7d308) [0x00007a39d3b7d400, 0x00007a39d3b7eb30] Compiler: c1, Barriers: 2, Oops: 4, ImmediateOops: 4, NonImmediateOops: No
[2,163s][debug][gc,nmethod     ] Register NMethod: jdk.internal.foreign.SegmentFactories.allocateMemoryWrapper (0x00007a39d3b7eb88) [0x00007a39d3b7ec80, 0x00007a39d3b7f038] Compiler: c1, Barriers: 0, Oops: 0, ImmediateOops: 1, NonImmediateOops: No
[2,163s][debug][gc,nmethod     ] Register NMethod: jdk.internal.foreign.SegmentFactories$1.<init> (0x00007a39d3b7f088) [0x00007a39d3b7f180, 0x00007a39d3b7f350] Compiler: c1, Barriers: 0, Oops: 0, ImmediateOops: 0, NonImmediateOops: No
[2,163s][debug][gc,nmethod     ] Register NMethod: io.sirix.node.MemorySegmentBytesOut.write (0x00007a39d3b7f388) [0x00007a39d3b7f480, 0x00007a39d3b7f618] Compiler: c1, Barriers: 1, Oops: 1, ImmediateOops: 0, NonImmediateOops: No
[2,163s][debug][gc,nmethod     ] Register NMethod: io.sirix.node.MemorySegmentBytesOut.write (0x00007a39d3b7f688) [0x00007a39d3b7f780, 0x00007a39d3b7f998] Compiler: c1, Barriers: 1, Oops: 1, ImmediateOops: 0, NonImmediateOops: No
[2,163s][debug][gc,nmethod     ] Register NMethod: jdk.internal.foreign.Utils.alignUp (0x00007a39d3b7fa08) [0x00007a39d3b7fb00, 0x00007a39d3b7fbf8] Compiler: c1, Barriers: 0, Oops: 0, ImmediateOops: 0, NonImmediateOops: No
[2,163s][debug][gc,nmethod     ] Register NMethod: com.sun.org.apache.xerces.internal.util.XMLChar.isSpace (0x00007a39d3b7fd08) [0x00007a39d3b7fe00, 0x00007a39d3b7ff88] Compiler: c1, Barriers: 0, Oops: 0, ImmediateOops: 1, NonImmediateOops: No
[2,163s][debug][gc,nmethod     ] Register NMethod: jdk.internal.foreign.SegmentFactories.allocateNativeSegment (0x00007a39d3b80008) [0x00007a39d3b80100, 0x00007a39d3b806c0] Compiler: c1, Barriers: 3, Oops: 0, ImmediateOops: 1, NonImmediateOops: No
[2,163s][debug][gc,nmethod     ] Register NMethod: jdk.internal.foreign.Utils.checkAllocationSizeAndAlign (0x00007a39d3b80708) [0x00007a39d3b80800, 0x00007a39d3b81a90] Compiler: c1, Barriers: 0, Oops: 3, ImmediateOops: 4, NonImmediateOops: No
[2,164s][debug][gc,nmethod     ] Register NMethod: jdk.internal.foreign.ArenaImpl.<init> (0x00007a39d3b81b08) [0x00007a39d3b81c00, 0x00007a39d3b81fe0] Compiler: c1, Barriers: 3, Oops: 0, ImmediateOops: 0, NonImmediateOops: No
[2,164s][debug][gc,nmethod     ] Register NMethod: jdk.internal.foreign.MemorySessionImpl.asArena (0x00007a39d3b82008) [0x00007a39d3b82100, 0x00007a39d3b82590] Compiler: c1, Barriers: 3, Oops: 0, ImmediateOops: 0, NonImmediateOops: No
[2,164s][debug][gc,nmethod     ] Register NMethod: io.sirix.node.MemorySegmentBytesOut.getDestination (0x00007a39d3b82608) [0x00007a39d3b82700, 0x00007a39d3b82888] Compiler: c1, Barriers: 1, Oops: 1, ImmediateOops: 0, NonImmediateOops: No
[2,164s][debug][gc,nmethod     ] Register NMethod: io.sirix.node.xml.TextNode.getDescendantCount (0x00007a39f2cd8808) [0x00007a39f2cd8900, 0x00007a39f2cd89c0] Compiler: c1, Barriers: 0, Oops: 1, ImmediateOops: 0, NonImmediateOops: No
[2,164s][debug][gc,nmethod     ] Register NMethod: jdk.internal.foreign.MemorySessionImpl$ResourceList.<init> (0x00007a39d3b82908) [0x00007a39d3b82a00, 0x00007a39d3b82b58] Compiler: c1, Barriers: 0, Oops: 0, ImmediateOops: 0, NonImmediateOops: No
[2,164s][debug][gc,nmethod     ] Register NMethod: io.sirix.access.trx.page.NodePageTrx.getActualRevisionRootPage (0x00007a39d3b82c08) [0x00007a39d3b82d00, 0x00007a39d3b831a8] Compiler: c1, Barriers: 2, Oops: 1, ImmediateOops: 1, NonImmediateOops: No
[2,164s][debug][gc,nmethod     ] Register NMethod: java.util.HashMap.afterNodeAccess (0x00007a39f2cd8b08) [0x00007a39f2cd8c00, 0x00007a39f2cd8c80] Compiler: jvmci, Barriers: 0, Oops: 0, ImmediateOops: 0, NonImmediateOops: No
[2,164s][debug][gc,nmethod     ] Register NMethod: io.sirix.node.AbstractForwardingNode.getParentKey (0x00007a39d3b83208) [0x00007a39d3b83300, 0x00007a39d3b83630] Compiler: c1, Barriers: 0, Oops: 1, ImmediateOops: 0, NonImmediateOops: No
[2,165s][debug][gc,nmethod     ] Register NMethod: jdk.internal.foreign.SegmentFactories.allocateNativeInternal (0x00007a39d3b83688) [0x00007a39d3b83780, 0x00007a39d3b86bd8] Compiler: c1, Barriers: 3, Oops: 3, ImmediateOops: 11, NonImmediateOops: No
[2,165s][debug][gc,nmethod     ] Register NMethod: jdk.internal.foreign.SharedSession$SharedResourceList.<init> (0x00007a39d3b86c08) [0x00007a39d3b86d00, 0x00007a39d3b86eb8] Compiler: c1, Barriers: 0, Oops: 0, ImmediateOops: 0, NonImmediateOops: No
[2,165s][debug][gc,nmethod     ] Register NMethod: java.lang.invoke.VarHandleReferences$FieldInstanceReadOnly.getVolatile (0x00007a39d3b86f08) [0x00007a39d3b87000, 0x00007a39d3b87a28] Compiler: c1, Barriers: 2, Oops: 1, ImmediateOops: 0, NonImmediateOops: No
[2,165s][debug][gc,nmethod     ] Register NMethod: jdk.internal.misc.Unsafe.putLongUnaligned (0x00007a39f2cd8e08) [0x00007a39f2cd8f00, 0x00007a39f2cd8fc0] Compiler: jvmci, Barriers: 0, Oops: 0, ImmediateOops: 0, NonImmediateOops: No
[2,165s][debug][gc,nmethod     ] Register NMethod: io.sirix.node.xml.TextNode.hasLeftSibling (0x00007a39d3b87a88) [0x00007a39d3b87b80, 0x00007a39d3b8cfb8] Compiler: c1, Barriers: 19, Oops: 7, ImmediateOops: 12, NonImmediateOops: No
[2,165s][debug][gc,nmethod     ] Register NMethod: jdk.internal.foreign.SharedSession$SharedResourceList.add (0x00007a39d3b8d008) [0x00007a39d3b8d100, 0x00007a39d3b8fbe8] Compiler: c1, Barriers: 9, Oops: 7, ImmediateOops: 21, NonImmediateOops: No
[2,165s][debug][gc,nmethod     ] Register NMethod: jdk.internal.foreign.MemorySessionImpl.createImplicit (0x00007a39d3b8fc88) [0x00007a39d3b8fd80, 0x00007a39d3b90438] Compiler: c1, Barriers: 3, Oops: 0, ImmediateOops: 0, NonImmediateOops: No
[2,166s][debug][gc,nmethod     ] Register NMethod: io.sirix.node.GrowingMemorySegment.<init> (0x00007a39d3b90488) [0x00007a39d3b90580, 0x00007a39d3b91150] Compiler: c1, Barriers: 6, Oops: 2, ImmediateOops: 1, NonImmediateOops: No
[2,166s][debug][gc,nmethod     ] Register NMethod: io.sirix.node.BytesOut.asBytesIn (0x00007a39d3b91188) [0x00007a39d3b91280, 0x00007a39d3b91f28] Compiler: c1, Barriers: 4, Oops: 1, ImmediateOops: 0, NonImmediateOops: No
[2,166s][debug][gc,nmethod     ] Register NMethod: java.nio.ByteBuffer.order (0x00007a39d3b91f88) [0x00007a39d3b92080, 0x00007a39d3b922a0] Compiler: c1, Barriers: 0, Oops: 0, ImmediateOops: 1, NonImmediateOops: No
[2,166s][debug][gc,nmethod     ] Register NMethod: net.openhft.hashing.XXH3.XXH3_avalanche (0x00007a39d3b92308) [0x00007a39d3b92400, 0x00007a39d3b92510] Compiler: c1, Barriers: 0, Oops: 1, ImmediateOops: 0, NonImmediateOops: No
[2,167s][debug][gc,nmethod     ] Register NMethod: jdk.internal.foreign.SegmentFactories.initNativeMemory (0x00007a39f2cd9108) [0x00007a39f2cd9200, 0x00007a39f2cd94a8] Compiler: jvmci, Barriers: 0, Oops: 0, ImmediateOops: 0, NonImmediateOops: No
[2,167s][debug][gc,nmethod     ] Register NMethod: io.sirix.node.Bytes.elasticOffHeapByteBuffer (0x00007a39d3b92608) [0x00007a39d3b92700, 0x00007a39d3b93048] Compiler: c1, Barriers: 6, Oops: 2, ImmediateOops: 1, NonImmediateOops: No
[2,167s][debug][gc,nmethod     ] Register NMethod: java.lang.Math.multiplyHigh (0x00007a39f2cd9508) [0x00007a39f2cd9600, 0x00007a39f2cd96b0] Compiler: jvmci, Barriers: 0, Oops: 0, ImmediateOops: 0, NonImmediateOops: No
[2,167s][debug][gc,nmethod     ] Register NMethod: io.sirix.node.MemorySegmentBytesOut.<init> (0x00007a39d3b93088) [0x00007a39d3b93180, 0x00007a39d3b93f50] Compiler: c1, Barriers: 9, Oops: 2, ImmediateOops: 1, NonImmediateOops: No
[2,167s][debug][gc,nmethod     ] Register NMethod: io.sirix.node.GrowingMemorySegment.<init> (0x00007a39d3b93f88) [0x00007a39d3b94080, 0x00007a39d3b94cb0] Compiler: c1, Barriers: 6, Oops: 2, ImmediateOops: 1, NonImmediateOops: No
[2,167s][debug][gc,nmethod     ] Register NMethod: net.openhft.hashing.Access.byteOrder (0x00007a39d3b94d08) [0x00007a39d3b94e00, 0x00007a39d3b95358] Compiler: c1, Barriers: 0, Oops: 1, ImmediateOops: 0, NonImmediateOops: No
[2,167s][debug][gc,nmethod     ] Register NMethod: net.openhft.hashing.UnsafeAccess.byteOrder (0x00007a39d3b95388) [0x00007a39d3b95480, 0x00007a39d3b955e0] Compiler: c1, Barriers: 0, Oops: 1, ImmediateOops: 1, NonImmediateOops: No
[2,167s][debug][gc,nmethod     ] Register NMethod: io.sirix.access.trx.node.AbstractNodeTrxImpl.assertRunning (0x00007a39d3b95688) [0x00007a39d3b95780, 0x00007a39d3b95d00] Compiler: c1, Barriers: 3, Oops: 1, ImmediateOops: 2, NonImmediateOops: No
[2,167s][debug][gc,nmethod     ] Register NMethod: io.sirix.access.trx.node.xml.ForwardingXmlNodeReadOnlyTrx.storeDeweyIDs (0x00007a39d3b95d88) [0x00007a39d3b95e80, 0x00007a39d3b96480] Compiler: c1, Barriers: 1, Oops: 1, ImmediateOops: 0, NonImmediateOops: No
[2,167s][debug][gc,nmethod     ] Register NMethod: io.sirix.access.trx.node.AbstractNodeTrxImpl.checkAccessAndCommit (0x00007a39d3b96508) [0x00007a39d3b96600, 0x00007a39d3b97188] Compiler: c1, Barriers: 4, Oops: 1, ImmediateOops: 3, NonImmediateOops: No
[2,168s][debug][gc,nmethod     ] Register NMethod: io.sirix.access.trx.node.AbstractNodeReadOnlyTrx.storeDeweyIDs (0x00007a39d3b97208) [0x00007a39d3b97300, 0x00007a39d3b97830] Compiler: c1, Barriers: 2, Oops: 1, ImmediateOops: 1, NonImmediateOops: No
[2,168s][debug][gc,nmethod     ] Register NMethod: io.sirix.access.trx.node.AbstractNodeTrxImpl.intermediateCommitIfRequired (0x00007a39d3b97888) [0x00007a39d3b97980, 0x00007a39d3b986f8] Compiler: c1, Barriers: 1, Oops: 3, ImmediateOops: 4, NonImmediateOops: No
[2,168s][debug][gc,nmethod     ] Register NMethod: io.sirix.node.MemorySegmentBytesIn.getUnderlying (0x00007a39d3b98788) [0x00007a39d3b98880, 0x00007a39d3b98e00] Compiler: c1, Barriers: 1, Oops: 1, ImmediateOops: 0, NonImmediateOops: No
[2,168s][debug][gc,nmethod     ] Register NMethod: io.sirix.node.MemorySegmentBytesIn.getUnderlying (0x00007a39d3b98e88) [0x00007a39d3b98f80, 0x00007a39d3b99568] Compiler: c1, Barriers: 1, Oops: 1, ImmediateOops: 0, NonImmediateOops: No
[2,168s][debug][gc,nmethod     ] Register NMethod: jdk.internal.foreign.AbstractMemorySegmentImpl.asSlice (0x00007a39d3b99588) [0x00007a39d3b99680, 0x00007a39d3b99978] Compiler: c1, Barriers: 0, Oops: 0, ImmediateOops: 0, NonImmediateOops: No
[2,168s][debug][gc,nmethod     ] Register NMethod: jdk.internal.foreign.AbstractMemorySegmentImpl.asSlice (0x00007a39d3b99988) [0x00007a39d3b99a80, 0x00007a39d3b99ec0] Compiler: c1, Barriers: 0, Oops: 0, ImmediateOops: 0, NonImmediateOops: No
[2,168s][debug][gc,nmethod     ] Register NMethod: io.sirix.access.trx.node.xml.XmlNodeHashing.getStructuralNode (0x00007a39d3b99f08) [0x00007a39d3b9a000, 0x00007a39d3b9a360] Compiler: c1, Barriers: 1, Oops: 1, ImmediateOops: 0, NonImmediateOops: No
[2,168s][debug][gc,nmethod     ] Register NMethod: io.sirix.access.trx.node.AbstractNodeHashing.adaptHashesWithAdd (0x00007a39d3b9a388) [0x00007a39d3b9a480, 0x00007a39d3b9a958] Compiler: c1, Barriers: 1, Oops: 1, ImmediateOops: 1, NonImmediateOops: No
[2,168s][debug][gc,nmethod     ] Register NMethod: net.openhft.hashing.LongHashFunction.unsafeHash (0x00007a39d3b9a988) [0x00007a39d3b9aa80, 0x00007a39d3b9ad90] Compiler: c1, Barriers: 0, Oops: 1, ImmediateOops: 1, NonImmediateOops: No
[2,168s][debug][gc,nmethod     ] Register NMethod: io.sirix.access.trx.node.AbstractNodeHashing.isValueNode (0x00007a39d3b9ae08) [0x00007a39d3b9af00, 0x00007a39d3b9cac8] Compiler: c1, Barriers: 0, Oops: 1, ImmediateOops: 12, NonImmediateOops: No
[2,168s][debug][gc,nmethod     ] Register NMethod: net.openhft.hashing.XXH3.access$100 (0x00007a39d3b9cb08) [0x00007a39d3b9cc00, 0x00007a39d3b9cce8] Compiler: c1, Barriers: 0, Oops: 1, ImmediateOops: 1, NonImmediateOops: No
[2,168s][debug][gc,nmethod     ] Register NMethod: net.openhft.hashing.XXH3.access$500 (0x00007a39d3b9ce08) [0x00007a39d3b9cf00, 0x00007a39d3b9d010] Compiler: c1, Barriers: 0, Oops: 1, ImmediateOops: 0, NonImmediateOops: No
[2,168s][debug][gc,nmethod     ] Register NMethod: net.openhft.hashing.XXH3$AsLongHashFunction.hash (0x00007a39d3b9d108) [0x00007a39d3b9d200, 0x00007a39d3b9da50] Compiler: c1, Barriers: 0, Oops: 3, ImmediateOops: 2, NonImmediateOops: No
[2,168s][debug][gc,nmethod     ] Register NMethod: io.sirix.access.trx.node.xml.XmlNodeHashing.setCurrentNode (0x00007a39d3b9da88) [0x00007a39d3b9db80, 0x00007a39d3b9e6e8] Compiler: c1, Barriers: 4, Oops: 1, ImmediateOops: 1, NonImmediateOops: No
[2,168s][debug][gc,nmethod     ] Register NMethod: io.sirix.access.trx.node.AbstractNodeHashing.rollingAdd (0x00007a39d3b9e708) [0x00007a39d3b9e800, 0x00007a39d3ba3b60] Compiler: c1, Barriers: 15, Oops: 1, ImmediateOops: 2, NonImmediateOops: No
[2,168s][debug][gc,nmethod     ] Register NMethod: io.sirix.access.trx.node.AbstractIndexController.notifyChange (0x00007a39d3ba3b88) [0x00007a39d3ba3c80, 0x00007a39d3ba4b38] Compiler: c1, Barriers: 2, Oops: 1, ImmediateOops: 0, NonImmediateOops: No
[2,168s][debug][gc,nmethod     ] Register NMethod: io.sirix.access.trx.node.xml.XmlNodeHashing.setCurrentNode (0x00007a39d3ba4b88) [0x00007a39d3ba4c80, 0x00007a39d3ba53a8] Compiler: c1, Barriers: 4, Oops: 1, ImmediateOops: 1, NonImmediateOops: No
[2,169s][debug][gc,nmethod     ] Register NMethod: io.brackit.query.jdm.node.AbstractTemporalNode.<init> (0x00007a39d3ba5408) [0x00007a39d3ba5500, 0x00007a39d3ba5778] Compiler: c1, Barriers: 0, Oops: 1, ImmediateOops: 0, NonImmediateOops: No
[2,169s][debug][gc,nmethod     ] Register NMethod: io.brackit.query.node.AbstractNode.<init> (0x00007a39d3ba5788) [0x00007a39d3ba5880, 0x00007a39d3ba5a98] Compiler: c1, Barriers: 0, Oops: 1, ImmediateOops: 0, NonImmediateOops: No
[2,169s][debug][gc,nmethod     ] Register NMethod: io.sirix.access.trx.node.xml.ForwardingXmlNodeReadOnlyTrx.getKind (0x00007a39d3ba5b08) [0x00007a39d3ba5c00, 0x00007a39d3ba61f8] Compiler: c1, Barriers: 1, Oops: 1, ImmediateOops: 0, NonImmediateOops: No
[2,169s][debug][gc,nmethod     ] Register NMethod: io.sirix.access.trx.node.xml.ForwardingXmlNodeReadOnlyTrx.getResourceSession (0x00007a39d3ba6208) [0x00007a39d3ba6300, 0x00007a39d3ba68f8] Compiler: c1, Barriers: 1, Oops: 1, ImmediateOops: 0, NonImmediateOops: No
[2,169s][debug][gc,nmethod     ] Register NMethod: io.sirix.access.trx.node.xml.XmlNodeReadOnlyTrxImpl.getResourceSession (0x00007a39d3ba6908) [0x00007a39d3ba6a00, 0x00007a39d3ba7078] Compiler: c1, Barriers: 1, Oops: 1, ImmediateOops: 1, NonImmediateOops: No
[2,169s][debug][gc,nmethod     ] Register NMethod: java.nio.CharBuffer.wrap (0x00007a39d3ba7088) [0x00007a39d3ba7180, 0x00007a39d3ba73f0] Compiler: c1, Barriers: 0, Oops: 0, ImmediateOops: 0, NonImmediateOops: No
[2,169s][debug][gc,nmethod     ] Register NMethod: io.sirix.query.node.XmlDBNode.<init> (0x00007a39d3ba7408) [0x00007a39d3ba7500, 0x00007a39d3ba8d90] Compiler: c1, Barriers: 16, Oops: 1, ImmediateOops: 1, NonImmediateOops: No
[2,169s][debug][gc,nmethod     ] Register NMethod: java.nio.HeapCharBuffer.<init> (0x00007a39d3ba8e08) [0x00007a39d3ba8f00, 0x00007a39d3ba9078] Compiler: c1, Barriers: 0, Oops: 0, ImmediateOops: 0, NonImmediateOops: No
[2,169s][debug][gc,nmethod     ] Register NMethod: io.sirix.node.xml.AbstractStructForwardingNode.getDescendantCount (0x00007a39d3ba9108) [0x00007a39d3ba9200, 0x00007a39d3ba9530] Compiler: c1, Barriers: 0, Oops: 1, ImmediateOops: 0, NonImmediateOops: No
[2,169s][debug][gc,nmethod     ] Register NMethod: io.sirix.access.trx.node.xml.ForwardingXmlNodeReadOnlyTrx.moveTo (0x00007a39d3ba9588) [0x00007a39d3ba9680, 0x00007a39d3ba9c80] Compiler: c1, Barriers: 1, Oops: 1, ImmediateOops: 0, NonImmediateOops: No
[2,169s][debug][gc,director    ] Rule Major: Warmup 10%, Used: 298MB, UsedThreshold: 1228MB
[2,169s][debug][gc,nmethod     ] Register NMethod: io.sirix.axis.ChildAxis.nextKey (0x00007a39d3ba9d08) [0x00007a39d3ba9e00, 0x00007a39d3baae30] Compiler: c1, Barriers: 1, Oops: 1, ImmediateOops: 1, NonImmediateOops: No
[2,170s][debug][gc,nmethod     ] Register NMethod: io.sirix.node.xml.AbstractStructForwardingNode.setDescendantCount (0x00007a39d3baae88) [0x00007a39d3baaf80, 0x00007a39d3bab2c0] Compiler: c1, Barriers: 0, Oops: 1, ImmediateOops: 0, NonImmediateOops: No
[2,170s][debug][gc,nmethod     ] Register NMethod: io.sirix.node.xml.ElementNode.incrementChildCount (0x00007a39d3bab308) [0x00007a39d3bab400, 0x00007a39d3babb30] Compiler: c1, Barriers: 1, Oops: 1, ImmediateOops: 0, NonImmediateOops: No
[2,170s][debug][gc,nmethod     ] Register NMethod: io.sirix.access.trx.node.xml.XmlNodeTrxImpl.adaptForInsert (0x00007a39d3babb88) [0x00007a39d3babc80, 0x00007a39d3baea48] Compiler: c1, Barriers: 3, Oops: 1, ImmediateOops: 3, NonImmediateOops: No
[2,170s][debug][gc,nmethod     ] Register NMethod: com.sun.org.apache.xerces.internal.impl.XMLEntityScanner.skipSpaces (0x00007a39d3baea88) [0x00007a39d3baeb80, 0x00007a39d3bafe20] Compiler: c1, Barriers: 16, Oops: 0, ImmediateOops: 2, NonImmediateOops: No
[2,170s][debug][gc,nmethod     ] Register NMethod: io.sirix.access.trx.page.NodePageReadOnlyTrx.pageKey (0x00007a39f2cd9808) [0x00007a39f2cd9900, 0x00007a39f2cd9a50] Compiler: jvmci, Barriers: 0, Oops: 1, ImmediateOops: 0, NonImmediateOops: No
[2,170s][debug][gc,nmethod     ] Register NMethod: io.sirix.node.xml.ElementNode.getPathNodeKey (0x00007a39d3bafe88) [0x00007a39d3baff80, 0x00007a39d3bb4f70] Compiler: c1, Barriers: 19, Oops: 7, ImmediateOops: 11, NonImmediateOops: No
[2,171s][debug][gc,nmethod     ] Register NMethod: io.sirix.node.xml.ElementNode.setChildCount (0x00007a39d3bb5008) [0x00007a39d3bb5100, 0x00007a39d3bb8c20] Compiler: c1, Barriers: 6, Oops: 6, ImmediateOops: 10, NonImmediateOops: No
[2,171s][debug][gc,nmethod     ] Register NMethod: io.sirix.access.trx.page.NodePageTrx.getMostRecentPageContainer (0x00007a39f2cd9b08) [0x00007a39f2cd9c00, 0x00007a39f2cda018] Compiler: jvmci, Barriers: 9, Oops: 1, ImmediateOops: 1, NonImmediateOops: No
[2,171s][debug][gc,nmethod     ] Register NMethod: io.sirix.index.path.summary.PathSummaryReader.isNameNode (0x00007a39d3bb8c88) [0x00007a39d3bb8d80, 0x00007a39d3bb9240] Compiler: c1, Barriers: 1, Oops: 1, ImmediateOops: 1, NonImmediateOops: No
[2,171s][debug][gc,nmethod     ] Register NMethod: io.sirix.index.path.summary.PathSummaryReader.getLocalNameKey (0x00007a39d3bb9288) [0x00007a39d3bb9380, 0x00007a39d3bb9cb8] Compiler: c1, Barriers: 1, Oops: 1, ImmediateOops: 1, NonImmediateOops: No
[2,171s][debug][gc,nmethod     ] Register NMethod: io.sirix.index.path.summary.PathNode.getLocalNameKey (0x00007a39d3bb9d08) [0x00007a39d3bb9e00, 0x00007a39d3bb9f60] Compiler: c1, Barriers: 1, Oops: 1, ImmediateOops: 0, NonImmediateOops: No
[2,171s][debug][gc,nmethod     ] Register NMethod: io.sirix.axis.filter.PathNameFilter.filter (0x00007a39d3bba008) [0x00007a39d3bba100, 0x00007a39d3bbc900] Compiler: c1, Barriers: 5, Oops: 1, ImmediateOops: 3, NonImmediateOops: No
[2,171s][debug][gc,nmethod     ] Register NMethod: io.sirix.page.RevisionRootPage.incrementAndGetMaxNodeKeyInDocumentIndex (0x00007a39d3bbc988) [0x00007a39d3bbca80, 0x00007a39d3bbcb90] Compiler: c1, Barriers: 0, Oops: 1, ImmediateOops: 0, NonImmediateOops: No
[2,172s][debug][gc,nmethod     ] Register NMethod: io.sirix.node.xml.TextNode.hasRightSibling (0x00007a39d3bbcc88) [0x00007a39d3bbcd80, 0x00007a39d3bc21b8] Compiler: c1, Barriers: 19, Oops: 7, ImmediateOops: 12, NonImmediateOops: No
[2,172s][debug][gc,nmethod     ] Register NMethod: io.sirix.access.trx.page.NodePageReadOnlyTrx.getValue (0x00007a39f2cda088) [0x00007a39f2cda180, 0x00007a39f2cda320] Compiler: jvmci, Barriers: 2, Oops: 1, ImmediateOops: 0, NonImmediateOops: No
[2,172s][debug][gc,nmethod     ] Register NMethod: java.util.ArrayDeque.removeFirst (0x00007a39d3bc2208) [0x00007a39d3bc2300, 0x00007a39d3bc2548] Compiler: c1, Barriers: 0, Oops: 0, ImmediateOops: 0, NonImmediateOops: No
[2,172s][debug][gc,nmethod     ] Register NMethod: io.sirix.axis.filter.AbstractFilter.<init> (0x00007a39d3bc2588) [0x00007a39d3bc2680, 0x00007a39d3bc2bb8] Compiler: c1, Barriers: 3, Oops: 1, ImmediateOops: 0, NonImmediateOops: No
[2,173s][debug][gc,nmethod     ] Register NMethod: io.sirix.axis.AbstractAxis.reset (0x00007a39d3bc2c08) [0x00007a39d3bc2d00, 0x00007a39d3bc2e88] Compiler: c1, Barriers: 3, Oops: 1, ImmediateOops: 1, NonImmediateOops: No
[2,173s][debug][gc,nmethod     ] Register NMethod: io.sirix.axis.filter.AbstractFilter.getTrx (0x00007a39d3bc2f08) [0x00007a39d3bc3000, 0x00007a39d3bc3300] Compiler: c1, Barriers: 1, Oops: 1, ImmediateOops: 0, NonImmediateOops: No
[2,173s][debug][gc,nmethod     ] Register NMethod: io.sirix.axis.AbstractAxis.<init> (0x00007a39d3bc3388) [0x00007a39d3bc3480, 0x00007a39d3bc3ed0] Compiler: c1, Barriers: 9, Oops: 1, ImmediateOops: 2, NonImmediateOops: No
[2,173s][debug][gc,nmethod     ] Register NMethod: java.nio.MappedByteBuffer.limit (0x00007a39d3bc3f08) [0x00007a39d3bc4000, 0x00007a39d3bc43c0] Compiler: c1, Barriers: 0, Oops: 0, ImmediateOops: 0, NonImmediateOops: No
[2,173s][debug][gc,nmethod     ] Register NMethod: io.sirix.node.xml.ElementNode.getFirstChildKey (0x00007a39d3bc4408) [0x00007a39d3bc4500, 0x00007a39d3bc94f0] Compiler: c1, Barriers: 19, Oops: 7, ImmediateOops: 11, NonImmediateOops: No
[2,173s][debug][gc,nmethod     ] Register NMethod: io.sirix.index.path.summary.PathNode.getLevel (0x00007a39f2cda388) [0x00007a39f2cda480, 0x00007a39f2cda540] Compiler: c1, Barriers: 0, Oops: 1, ImmediateOops: 0, NonImmediateOops: No
[2,173s][debug][gc,nmethod     ] Register NMethod: java.nio.ByteBuffer.<init> (0x00007a39d3bc9588) [0x00007a39d3bc9680, 0x00007a39d3bc97c8] Compiler: c1, Barriers: 0, Oops: 0, ImmediateOops: 0, NonImmediateOops: No
[2,173s][debug][gc,nmethod     ] Register NMethod: io.sirix.index.path.summary.PathSummaryReader.getPathNode (0x00007a39d3bc9888) [0x00007a39d3bc9980, 0x00007a39d3bca080] Compiler: c1, Barriers: 1, Oops: 1, ImmediateOops: 1, NonImmediateOops: No
[2,173s][debug][gc,nmethod     ] Register NMethod: java.lang.String.getBytes (0x00007a39d3bca108) [0x00007a39d3bca200, 0x00007a39d3bca698] Compiler: c1, Barriers: 1, Oops: 0, ImmediateOops: 0, NonImmediateOops: No
[2,173s][debug][gc,nmethod     ] Register NMethod: jdk.internal.foreign.SegmentFactories.initNativeMemory (0x00007a39f2cda688) [0x00007a39f2cda780, 0x00007a39f2cda928] Compiler: jvmci, Barriers: 0, Oops: 0, ImmediateOops: 0, NonImmediateOops: No
[2,173s][debug][gc,nmethod     ] Register NMethod: java.nio.MappedByteBuffer.position (0x00007a39d3bca708) [0x00007a39d3bca800, 0x00007a39d3bcabc0] Compiler: c1, Barriers: 0, Oops: 0, ImmediateOops: 0, NonImmediateOops: No
[2,174s][debug][gc,nmethod     ] Register NMethod: jdk.xml.internal.XMLLimitAnalyzer.addValue (0x00007a39d3bcac08) [0x00007a39d3bcad00, 0x00007a39d3bcb1d0] Compiler: c1, Barriers: 0, Oops: 0, ImmediateOops: 0, NonImmediateOops: No
[2,175s][debug][gc,nmethod     ] Register NMethod: jdk.xml.internal.XMLLimitAnalyzer.addValue (0x00007a39d3bcb208) [0x00007a39d3bcb320, 0x00007a39d3bce440] Compiler: c1, Barriers: 17, Oops: 0, ImmediateOops: 12, NonImmediateOops: No
[2,175s][debug][gc,nmethod     ] Register NMethod: java.nio.MappedByteBuffer.<init> (0x00007a39d3bce488) [0x00007a39d3bce580, 0x00007a39d3bce750] Compiler: c1, Barriers: 3, Oops: 0, ImmediateOops: 0, NonImmediateOops: No
[2,175s][debug][gc,nmethod     ] Register NMethod: java.nio.MappedByteBuffer.limit (0x00007a39d3bce788) [0x00007a39d3bce880, 0x00007a39d3bcec40] Compiler: c1, Barriers: 0, Oops: 0, ImmediateOops: 0, NonImmediateOops: No
[2,176s][debug][gc,nmethod     ] Register NMethod: com.sun.org.apache.xerces.internal.impl.XMLEntityScanner.normalizeNewlines (0x00007a39d3bcec88) [0x00007a39d3bced80, 0x00007a39d3bd00a0] Compiler: c1, Barriers: 17, Oops: 0, ImmediateOops: 0, NonImmediateOops: No
[2,176s][debug][gc,nmethod     ] Register NMethod: java.nio.Buffer.rewind (0x00007a39d3bd0108) [0x00007a39d3bd0200, 0x00007a39d3bd0310] Compiler: c1, Barriers: 0, Oops: 0, ImmediateOops: 0, NonImmediateOops: No
[2,176s][debug][gc,nmethod     ] Register NMethod: java.lang.invoke.VarHandleGuards.guard_LJ_J (0x00007a39f2cda988) [0x00007a39f2cdaa80, 0x00007a39f2cdb1c0] Compiler: jvmci, Barriers: 23, Oops: 0, ImmediateOops: 5, NonImmediateOops: No
[2,176s][debug][gc,nmethod     ] Register NMethod: java.nio.ByteBuffer.rewind (0x00007a39d3bd0408) [0x00007a39d3bd0500, 0x00007a39d3bd0668] Compiler: c1, Barriers: 0, Oops: 0, ImmediateOops: 0, NonImmediateOops: No
[2,176s][debug][gc,nmethod     ] Register NMethod: java.nio.MappedByteBuffer.rewind (0x00007a39d3bd0708) [0x00007a39d3bd0800, 0x00007a39d3bd09d0] Compiler: c1, Barriers: 0, Oops: 0, ImmediateOops: 0, NonImmediateOops: No
[2,176s][debug][gc,nmethod     ] Register NMethod: java.nio.MappedByteBuffer.rewind (0x00007a39d3bd0a08) [0x00007a39d3bd0b00, 0x00007a39d3bd0ee8] Compiler: c1, Barriers: 0, Oops: 0, ImmediateOops: 0, NonImmediateOops: No
[2,176s][debug][gc,nmethod     ] Register NMethod: io.sirix.node.SirixDeweyID.<init> (0x00007a39d3bd0f08) [0x00007a39d3bd1000, 0x00007a39d3bd1230] Compiler: c1, Barriers: 3, Oops: 1, ImmediateOops: 0, NonImmediateOops: No
[2,177s][debug][gc,nmethod     ] Register NMethod: jdk.internal.foreign.Utils.isAligned (0x00007a39d3bd1288) [0x00007a39d3bd1380, 0x00007a39d3bd14c0] Compiler: c1, Barriers: 0, Oops: 0, ImmediateOops: 0, NonImmediateOops: No
[2,177s][debug][gc,nmethod     ] Register NMethod: io.sirix.node.xml.AbstractStructForwardingNode.hasRightSibling (0x00007a39d3bd1588) [0x00007a39d3bd1680, 0x00007a39d3bd1c48] Compiler: c1, Barriers: 0, Oops: 1, ImmediateOops: 1, NonImmediateOops: No
[2,177s][debug][gc,nmethod     ] Register NMethod: io.sirix.node.delegates.StructNodeDelegate.hasRightSibling (0x00007a39d3bd1c88) [0x00007a39d3bd1d80, 0x00007a39d3bd20d8] Compiler: c1, Barriers: 0, Oops: 1, ImmediateOops: 1, NonImmediateOops: No
[2,178s][debug][gc,nmethod     ] Register NMethod: io.brackit.query.atomic.QNm.<init> (0x00007a39d3bd2108) [0x00007a39d3bd2200, 0x00007a39d3bd26a8] Compiler: c1, Barriers: 9, Oops: 1, ImmediateOops: 3, NonImmediateOops: No
[2,178s][debug][gc,nmethod     ] Register NMethod: io.sirix.access.trx.node.xml.ForwardingXmlNodeReadOnlyTrx.moveToParent (0x00007a39d3bd2708) [0x00007a39d3bd2800, 0x00007a39d3bd2e00] Compiler: c1, Barriers: 1, Oops: 1, ImmediateOops: 0, NonImmediateOops: No
[2,178s][debug][gc,nmethod     ] Register NMethod: io.sirix.access.trx.node.AbstractNodeReadOnlyTrx.moveToParent (0x00007a39d3bd2e88) [0x00007a39d3bd2f80, 0x00007a39d3bd37e0] Compiler: c1, Barriers: 1, Oops: 1, ImmediateOops: 1, NonImmediateOops: No
[2,178s][debug][gc,nmethod     ] Register NMethod: jdk.internal.foreign.SharedSession.<init> (0x00007a39d3bd3808) [0x00007a39d3bd3900, 0x00007a39d3bd3d18] Compiler: c1, Barriers: 6, Oops: 0, ImmediateOops: 0, NonImmediateOops: No
[2,178s][debug][gc,nmethod     ] Register NMethod: io.sirix.index.IndexType.getID (0x00007a39f2cdb208) [0x00007a39f2cdb300, 0x00007a39f2cdb3c8] Compiler: c1, Barriers: 0, Oops: 1, ImmediateOops: 0, NonImmediateOops: No
[2,178s][debug][gc,nmethod     ] Register NMethod: com.sun.org.apache.xerces.internal.util.XMLChar.isNameStart (0x00007a39d3bd3d88) [0x00007a39d3bd3e80, 0x00007a39d3bd4010] Compiler: c1, Barriers: 0, Oops: 0, ImmediateOops: 1, NonImmediateOops: No
[2,178s][debug][gc,nmethod     ] Register NMethod: jdk.internal.foreign.ImplicitSession.<init> (0x00007a39d3bd4088) [0x00007a39d3bd4180, 0x00007a39d3bd4810] Compiler: c1, Barriers: 6, Oops: 0, ImmediateOops: 0, NonImmediateOops: No
[2,178s][debug][gc,nmethod     ] Register NMethod: com.sun.org.apache.xerces.internal.parsers.AbstractSAXParser$AttributesProxy.setAttributes (0x00007a39f2cdb508) [0x00007a39f2cdb600, 0x00007a39f2cdb730] Compiler: c1, Barriers: 3, Oops: 0, ImmediateOops: 0, NonImmediateOops: No
[2,178s][debug][gc,nmethod     ] Register NMethod: java.util.ArrayDeque.push (0x00007a39d3bd4888) [0x00007a39d3bd4980, 0x00007a39d3bd4ac8] Compiler: c1, Barriers: 0, Oops: 0, ImmediateOops: 0, NonImmediateOops: No
[2,178s][debug][gc,nmethod     ] Register NMethod: java.util.ArrayDeque.dec (0x00007a39d3bd4b88) [0x00007a39d3bd4c80, 0x00007a39d3bd4d98] Compiler: c1, Barriers: 0, Oops: 0, ImmediateOops: 0, NonImmediateOops: No
[2,178s][debug][gc,nmethod     ] Register NMethod: net.openhft.hashing.XXH3.XXH3_64bits_internal (0x00007a39d3bd4e88) [0x00007a39d3bd4f80, 0x00007a39d3bf3948] Compiler: c1, Barriers: 0, Oops: 3, ImmediateOops: 136, NonImmediateOops: No
[2,179s][debug][gc,nmethod     ] Register NMethod: java.util.ArrayDeque.addFirst (0x00007a39d3bf3988) [0x00007a39d3bf3a80, 0x00007a39d3bf4060] Compiler: c1, Barriers: 4, Oops: 0, ImmediateOops: 0, NonImmediateOops: No
[2,179s][debug][gc,nmethod     ] Register NMethod: jdk.internal.foreign.AbstractMemorySegmentImpl.checkArraySize (0x00007a39d3bf4088) [0x00007a39d3bf4180, 0x00007a39d3bf6f80] Compiler: c1, Barriers: 27, Oops: 2, ImmediateOops: 5, NonImmediateOops: No
[2,179s][debug][gc,nmethod     ] Register NMethod: com.sun.org.apache.xerces.internal.util.NamespaceSupport.getDeclaredPrefixCount (0x00007a39d3bf7008) [0x00007a39d3bf7100, 0x00007a39d3bf7288] Compiler: c1, Barriers: 1, Oops: 0, ImmediateOops: 0, NonImmediateOops: No
[2,179s][debug][gc,nmethod     ] Register NMethod: it.unimi.dsi.fastutil.longs.AbstractLongList.<init> (0x00007a39d3bf7308) [0x00007a39d3bf7400, 0x00007a39d3bf7618] Compiler: c1, Barriers: 0, Oops: 1, ImmediateOops: 0, NonImmediateOops: No
[2,179s][debug][gc,nmethod     ] Register NMethod: it.unimi.dsi.fastutil.longs.AbstractLongCollection.<init> (0x00007a39d3bf7688) [0x00007a39d3bf7780, 0x00007a39d3bf7938] Compiler: c1, Barriers: 0, Oops: 1, ImmediateOops: 0, NonImmediateOops: No
[2,179s][debug][gc,nmethod     ] Register NMethod: it.unimi.dsi.fastutil.longs.LongArrayList.<init> (0x00007a39d3bf7988) [0x00007a39d3bf7a80, 0x00007a39d3bf7d78] Compiler: c1, Barriers: 3, Oops: 1, ImmediateOops: 1, NonImmediateOops: No
[2,179s][debug][gc,nmethod     ] Register NMethod: jdk.internal.foreign.NativeMemorySegmentImpl.makeByteBuffer (0x00007a39d3bf7d88) [0x00007a39d3bf7e80, 0x00007a39d3bf7ff0] Compiler: c1, Barriers: 0, Oops: 0, ImmediateOops: 1, NonImmediateOops: No
[2,179s][debug][gc,nmethod     ] Register NMethod: io.sirix.node.MemorySegmentBytesOut.underlyingObject (0x00007a39d3bf8088) [0x00007a39d3bf8180, 0x00007a39d3bf8c38] Compiler: c1, Barriers: 1, Oops: 1, ImmediateOops: 2, NonImmediateOops: No
[2,179s][debug][gc,nmethod     ] Register NMethod: jdk.internal.foreign.AbstractMemorySegmentImpl.asByteBuffer (0x00007a39d3bf8c88) [0x00007a39d3bf8d80, 0x00007a39d3bf9308] Compiler: c1, Barriers: 0, Oops: 0, ImmediateOops: 1, NonImmediateOops: No
[2,179s][debug][gc,nmethod     ] Register NMethod: java.nio.Buffer$2.newDirectByteBuffer (0x00007a39d3bf9388) [0x00007a39d3bf9480, 0x00007a39d3bf9630] Compiler: c1, Barriers: 0, Oops: 0, ImmediateOops: 0, NonImmediateOops: No
[2,179s][debug][gc,nmethod     ] Register NMethod: io.sirix.node.MemorySegmentBytesOut.readLimit (0x00007a39d3bf9688) [0x00007a39d3bf9780, 0x00007a39d3bf98e0] Compiler: c1, Barriers: 1, Oops: 1, ImmediateOops: 0, NonImmediateOops: No
[2,180s][debug][gc,director    ] Rule Major: Warmup 10%, Used: 298MB, UsedThreshold: 1228MB
[2,180s][debug][gc,nmethod     ] Register NMethod: io.brackit.query.atomic.Una.<init> (0x00007a39d3bf9988) [0x00007a39d3bf9a80, 0x00007a39d3bf9da0] Compiler: c1, Barriers: 3, Oops: 1, ImmediateOops: 1, NonImmediateOops: No
[2,180s][debug][gc,nmethod     ] Register NMethod: java.nio.DirectByteBuffer.<init> (0x00007a39d3bf9e08) [0x00007a39d3bf9f00, 0x00007a39d3bfa178] Compiler: c1, Barriers: 6, Oops: 0, ImmediateOops: 0, NonImmediateOops: No
[2,180s][debug][gc,nmethod     ] Register NMethod: net.openhft.hashing.LongHashFunction.hashBytes (0x00007a39d3bfa188) [0x00007a39d3bfa280, 0x00007a39d3bfa800] Compiler: c1, Barriers: 0, Oops: 1, ImmediateOops: 0, NonImmediateOops: No
[2,180s][debug][gc,nmethod     ] Register NMethod: io.sirix.access.trx.node.xml.XmlNodeTrxImpl.getBytes (0x00007a39d3bfa888) [0x00007a39d3bfa980, 0x00007a39d3bfaf48] Compiler: c1, Barriers: 1, Oops: 2, ImmediateOops: 1, NonImmediateOops: No
[2,180s][debug][gc,nmethod     ] Register NMethod: jdk.internal.foreign.MemorySessionImpl.isCloseable (0x00007a39d3bfaf88) [0x00007a39d3bfb080, 0x00007a39d3bfb1d0] Compiler: c1, Barriers: 0, Oops: 0, ImmediateOops: 0, NonImmediateOops: No
[2,180s][debug][gc,nmethod     ] Register NMethod: java.nio.DirectByteBuffer.address (0x00007a39d3bfb288) [0x00007a39d3bfb380, 0x00007a39d3bfccc0] Compiler: c1, Barriers: 5, Oops: 0, ImmediateOops: 3, NonImmediateOops: No
[2,180s][debug][gc,nmethod     ] Register NMethod: io.sirix.node.xml.AttributeNode.getKind (0x00007a39d3bfcd08) [0x00007a39d3bfce00, 0x00007a39d3bfcf08] Compiler: c1, Barriers: 0, Oops: 1, ImmediateOops: 1, NonImmediateOops: No
[2,180s][debug][gc,nmethod     ] Register NMethod: net.openhft.hashing.LongHashFunction.hashByteBuffer (0x00007a39d3bfd008) [0x00007a39d3bfd100, 0x00007a39d3bfe668] Compiler: c1, Barriers: 2, Oops: 1, ImmediateOops: 0, NonImmediateOops: No
[2,180s][debug][gc,nmethod     ] Register NMethod: io.sirix.access.trx.node.xml.ForwardingXmlNodeReadOnlyTrx.hasRightSibling (0x00007a39d3bfe688) [0x00007a39d3bfe780, 0x00007a39d3bfed80] Compiler: c1, Barriers: 1, Oops: 1, ImmediateOops: 0, NonImmediateOops: No
[2,180s][debug][gc,nmethod     ] Register NMethod: io.sirix.node.xml.ElementNode.hasLeftSibling (0x00007a39d3bfee08) [0x00007a39d3bfef00, 0x00007a39d3c04338] Compiler: c1, Barriers: 19, Oops: 7, ImmediateOops: 12, NonImmediateOops: No
[2,180s][debug][gc,nmethod     ] Register NMethod: io.sirix.access.trx.node.AbstractNodeReadOnlyTrx.setCurrentNode (0x00007a39f2cdb808) [0x00007a39f2cdb900, 0x00007a39f2cdba28] Compiler: jvmci, Barriers: 3, Oops: 1, ImmediateOops: 0, NonImmediateOops: No
[2,181s][debug][gc,nmethod     ] Register NMethod: io.sirix.access.trx.node.AbstractDeweyIDManager.newRightSiblingID (0x00007a39d3c04388) [0x00007a39d3c04480, 0x00007a39d3c07458] Compiler: c1, Barriers: 13, Oops: 1, ImmediateOops: 2, NonImmediateOops: No
[2,181s][debug][gc,nmethod     ] Register NMethod: it.unimi.dsi.fastutil.ints.Int2LongOpenHashMap.get (0x00007a39d3c07488) [0x00007a39d3c07580, 0x00007a39d3c07ad0] Compiler: c1, Barriers: 4, Oops: 1, ImmediateOops: 0, NonImmediateOops: No
[2,181s][debug][gc,nmethod     ] Register NMethod: io.sirix.access.trx.node.AbstractNodeReadOnlyTrx.hasRightSibling (0x00007a39d3c07b08) [0x00007a39d3c07c00, 0x00007a39d3c08420] Compiler: c1, Barriers: 0, Oops: 1, ImmediateOops: 1, NonImmediateOops: No
[2,181s][debug][gc,nmethod     ] Register NMethod: io.sirix.node.xml.ElementNode.getLastChildKey (0x00007a39d3c08488) [0x00007a39d3c08580, 0x00007a39d3c0d570] Compiler: c1, Barriers: 19, Oops: 7, ImmediateOops: 11, NonImmediateOops: No
[2,182s][debug][gc,nmethod     ] Register NMethod: io.sirix.node.xml.ElementNode.hasRightSibling (0x00007a39d3c0d608) [0x00007a39d3c0d700, 0x00007a39d3c12b38] Compiler: c1, Barriers: 19, Oops: 7, ImmediateOops: 12, NonImmediateOops: No
[2,182s][debug][gc,nmethod     ] Register NMethod: io.sirix.node.SirixDeweyID.newBetween (0x00007a39d3c12b88) [0x00007a39d3c12c80, 0x00007a39d3c15e98] Compiler: c1, Barriers: 19, Oops: 1, ImmediateOops: 2, NonImmediateOops: No
[2,182s][debug][gc,nmethod     ] Register NMethod: io.sirix.node.GrowingMemorySegment.write (0x00007a39d3c15f08) [0x00007a39d3c16000, 0x00007a39d3c1bb98] Compiler: c1, Barriers: 7, Oops: 6, ImmediateOops: 13, NonImmediateOops: No
[2,182s][debug][gc,nmethod     ] Register NMethod: io.sirix.utils.NamePageHash.generateHashForString (0x00007a39d3c1bc08) [0x00007a39d3c1bd00, 0x00007a39d3c1bfd8] Compiler: c1, Barriers: 0, Oops: 1, ImmediateOops: 0, NonImmediateOops: No
[2,182s][debug][gc,nmethod     ] Register NMethod: com.sun.org.apache.xerces.internal.impl.XMLDocumentFragmentScannerImpl.getCharacterData (0x00007a39d3c1c008) [0x00007a39d3c1c100, 0x00007a39d3c1c2c8] Compiler: c1, Barriers: 2, Oops: 0, ImmediateOops: 0, NonImmediateOops: No
[2,183s][debug][gc,nmethod     ] Register NMethod: com.sun.org.apache.xerces.internal.parsers.AbstractSAXParser.characters (0x00007a39d3c1c308) [0x00007a39d3c1c400, 0x00007a39d3c1c9a8] Compiler: c1, Barriers: 4, Oops: 0, ImmediateOops: 0, NonImmediateOops: No
[2,183s][debug][gc,nmethod     ] Register NMethod: io.sirix.index.path.summary.PathSummaryReader.hasRightSibling (0x00007a39d3c1ca08) [0x00007a39d3c1cb00, 0x00007a39d3c1d298] Compiler: c1, Barriers: 1, Oops: 1, ImmediateOops: 1, NonImmediateOops: No
[2,183s][debug][gc,nmethod     ] Register NMethod: io.sirix.node.xml.AbstractStructForwardingNode.getRightSiblingKey (0x00007a39d3c1d308) [0x00007a39d3c1d400, 0x00007a39d3c1d730] Compiler: c1, Barriers: 0, Oops: 1, ImmediateOops: 0, NonImmediateOops: No
[2,183s][debug][gc,nmethod     ] Register NMethod: io.brackit.query.node.parser.SAX2SubtreeHandlerAdapter.characters (0x00007a39d3c1d788) [0x00007a39d3c1d880, 0x00007a39d3c1dba0] Compiler: c1, Barriers: 1, Oops: 1, ImmediateOops: 0, NonImmediateOops: No
[2,183s][debug][gc,nmethod     ] Register NMethod: jdk.internal.foreign.AbstractMemorySegmentImpl.copy (0x00007a39d3c1dc08) [0x00007a39d3c1dd00, 0x00007a39d3c268d8] Compiler: c1, Barriers: 10, Oops: 6, ImmediateOops: 18, NonImmediateOops: No
[2,183s][debug][gc,nmethod     ] Register NMethod: java.lang.foreign.MemorySegment.copy (0x00007a39d3c26988) [0x00007a39d3c26a80, 0x00007a39d3c2fa68] Compiler: c1, Barriers: 10, Oops: 6, ImmediateOops: 18, NonImmediateOops: No
[2,183s][debug][gc,nmethod     ] Register NMethod: io.brackit.query.node.parser.SAX2SubtreeHandlerAdapter$TrimmingStringBuilder.toString (0x00007a39d3c2fb08) [0x00007a39d3c2fc00, 0x00007a39d3c2fde0] Compiler: c1, Barriers: 1, Oops: 1, ImmediateOops: 0, NonImmediateOops: No
[2,183s][debug][gc,nmethod     ] Register NMethod: io.sirix.index.path.summary.PathSummaryReader.getRightSiblingKey (0x00007a39d3c2fe08) [0x00007a39d3c2ff00, 0x00007a39d3c30690] Compiler: c1, Barriers: 1, Oops: 1, ImmediateOops: 1, NonImmediateOops: No
[2,183s][debug][gc,nmethod     ] Register NMethod: io.brackit.query.node.parser.SAX2SubtreeHandlerAdapter$TrimmingStringBuilder.append (0x00007a39d3c30708) [0x00007a39d3c30800, 0x00007a39d3c30c90] Compiler: c1, Barriers: 5, Oops: 1, ImmediateOops: 0, NonImmediateOops: No
[2,183s][debug][gc,nmethod     ] Register NMethod: io.sirix.query.node.SubtreeBuilder.text (0x00007a39d3c30d08) [0x00007a39d3c30e00, 0x00007a39d3c317a8] Compiler: c1, Barriers: 3, Oops: 1, ImmediateOops: 0, NonImmediateOops: No
[2,183s][debug][gc,nmethod     ] Register NMethod: io.brackit.query.node.parser.SAX2SubtreeHandlerAdapter.handleText (0x00007a39d3c31808) [0x00007a39d3c31900, 0x00007a39d3c32230] Compiler: c1, Barriers: 8, Oops: 1, ImmediateOops: 1, NonImmediateOops: No
[2,184s][debug][gc,nmethod     ] Register NMethod: io.sirix.node.xml.AttributeNode.getParentKey (0x00007a39d3c32288) [0x00007a39d3c32380, 0x00007a39d3c37368] Compiler: c1, Barriers: 19, Oops: 7, ImmediateOops: 11, NonImmediateOops: No
[2,184s][debug][gc,nmethod     ] Register NMethod: io.sirix.access.trx.node.xml.ForwardingXmlNodeReadOnlyTrx.hasNode (0x00007a39d3c37408) [0x00007a39d3c37500, 0x00007a39d3c37b00] Compiler: c1, Barriers: 1, Oops: 1, ImmediateOops: 0, NonImmediateOops: No
[2,184s][debug][gc,nmethod     ] Register NMethod: io.sirix.access.trx.node.AbstractNodeReadOnlyTrx.hasNode (0x00007a39d3c37b88) [0x00007a39d3c37c80, 0x00007a39d3c388b0] Compiler: c1, Barriers: 4, Oops: 1, ImmediateOops: 2, NonImmediateOops: No
[2,184s][debug][gc,nmethod     ] Register NMethod: io.sirix.node.xml.TextNode.getRawValue (0x00007a39d3c38908) [0x00007a39d3c38a00, 0x00007a39d3c38d18] Compiler: c1, Barriers: 9, Oops: 1, ImmediateOops: 0, NonImmediateOops: No
[2,184s][debug][gc,nmethod     ] Register NMethod: io.sirix.node.xml.TextNode.<init> (0x00007a39d3c38d88) [0x00007a39d3c38e80, 0x00007a39d3c396a0] Compiler: c1, Barriers: 21, Oops: 1, ImmediateOops: 0, NonImmediateOops: No
[2,184s][debug][gc,nmethod     ] Register NMethod: io.sirix.service.xml.shredder.AbstractShredder.processText (0x00007a39d3c39708) [0x00007a39d3c39800, 0x00007a39d3c3bab0] Compiler: c1, Barriers: 8, Oops: 1, ImmediateOops: 1, NonImmediateOops: No
[2,184s][debug][gc,nmethod     ] Register NMethod: it.unimi.dsi.fastutil.ints.Int2IntOpenHashMap.find (0x00007a39d3c3bb08) [0x00007a39d3c3bc00, 0x00007a39d3c3c068] Compiler: c1, Barriers: 1, Oops: 1, ImmediateOops: 0, NonImmediateOops: No
[2,184s][debug][gc,nmethod     ] Register NMethod: io.sirix.query.node.SubtreeProcessor.notifyText (0x00007a39d3c3c088) [0x00007a39d3c3c180, 0x00007a39d3c3cbe0] Compiler: c1, Barriers: 1, Oops: 1, ImmediateOops: 0, NonImmediateOops: No
[2,184s][debug][gc,nmethod     ] Register NMethod: io.brackit.query.node.parser.SAX2SubtreeHandlerAdapter$TrimmingStringBuilder.clear (0x00007a39d3c3cc08) [0x00007a39d3c3cd00, 0x00007a39d3c3ce10] Compiler: c1, Barriers: 0, Oops: 1, ImmediateOops: 0, NonImmediateOops: No
[2,184s][debug][gc,nmethod     ] Register NMethod: io.sirix.access.trx.node.xml.XmlNodeFactoryImpl.createTextNode (0x00007a39d3c3cf08) [0x00007a39d3c3d000, 0x00007a39d3c3f048] Compiler: c1, Barriers: 13, Oops: 2, ImmediateOops: 3, NonImmediateOops: No
[2,184s][debug][gc,nmethod     ] Register NMethod: com.sun.org.apache.xerces.internal.impl.XMLEntityScanner.checkNodeCount (0x00007a39d3c3f088) [0x00007a39d3c3f180, 0x00007a39d3c3f348] Compiler: c1, Barriers: 0, Oops: 0, ImmediateOops: 1, NonImmediateOops: No
[2,184s][debug][gc,nmethod     ] Register NMethod: io.sirix.page.RevisionRootPage.getNamePageReference (0x00007a39d3c3f388) [0x00007a39d3c3f480, 0x00007a39d3c3f9f0] Compiler: c1, Barriers: 1, Oops: 1, ImmediateOops: 0, NonImmediateOops: No
[2,184s][debug][gc,nmethod     ] Register NMethod: io.sirix.node.delegates.NameNodeDelegate.getPrefixKey (0x00007a39f2cdbb08) [0x00007a39f2cdbc00, 0x00007a39f2cdbcc0] Compiler: c1, Barriers: 0, Oops: 1, ImmediateOops: 0, NonImmediateOops: No
[2,184s][debug][gc,nmethod     ] Register NMethod: io.sirix.index.path.summary.PathNode.getPathKind (0x00007a39f2cdbe08) [0x00007a39f2cdbf00, 0x00007a39f2cdbfe8] Compiler: c1, Barriers: 1, Oops: 1, ImmediateOops: 0, NonImmediateOops: No
[2,184s][debug][gc,nmethod     ] Register NMethod: io.sirix.index.path.summary.PathSummaryReader.putMapping (0x00007a39d3c3fa08) [0x00007a39d3c3fb00, 0x00007a39d3c40538] Compiler: c1, Barriers: 9, Oops: 1, ImmediateOops: 0, NonImmediateOops: No
[2,184s][debug][gc,nmethod     ] Register NMethod: it.unimi.dsi.fastutil.ints.Int2IntOpenHashMap.put (0x00007a39d3c40588) [0x00007a39d3c40680, 0x00007a39d3c408e8] Compiler: c1, Barriers: 1, Oops: 1, ImmediateOops: 0, NonImmediateOops: No
[2,184s][debug][gc,nmethod     ] Register NMethod: io.sirix.access.trx.page.NodePageReadOnlyTrx.getNamePage (0x00007a39d3c40908) [0x00007a39d3c40a00, 0x00007a39d3c419d8] Compiler: c1, Barriers: 4, Oops: 1, ImmediateOops: 1, NonImmediateOops: No
[2,185s][debug][gc,nmethod     ] Register NMethod: com.sun.org.apache.xerces.internal.impl.XMLEntityScanner.scanChar (0x00007a39d3c41a08) [0x00007a39d3c41b00, 0x00007a39d3c42528] Compiler: c1, Barriers: 8, Oops: 0, ImmediateOops: 0, NonImmediateOops: No
[2,185s][debug][gc,nmethod     ] Register NMethod: io.sirix.page.NamePage.setName (0x00007a39d3c42588) [0x00007a39d3c42680, 0x00007a39d3c43c40] Compiler: c1, Barriers: 25, Oops: 1, ImmediateOops: 2, NonImmediateOops: No
[2,185s][debug][gc,nmethod     ] Register NMethod: io.sirix.access.trx.page.AbstractForwardingPageReadOnlyTrx.getNamePage (0x00007a39d3c43c88) [0x00007a39d3c43d80, 0x00007a39d3c44e28] Compiler: c1, Barriers: 5, Oops: 1, ImmediateOops: 1, NonImmediateOops: No
[2,185s][debug][gc,nmethod     ] Register NMethod: io.sirix.access.trx.page.NodePageTrx.createNameKey (0x00007a39d3c44e88) [0x00007a39d3c44f80, 0x00007a39d3c469e0] Compiler: c1, Barriers: 7, Oops: 1, ImmediateOops: 3, NonImmediateOops: No
[2,185s][debug][gc,nmethod     ] Register NMethod: com.sun.org.apache.xerces.internal.util.SymbolTable.addSymbol (0x00007a39d3c46a08) [0x00007a39d3c46b00, 0x00007a39d3c47040] Compiler: c1, Barriers: 5, Oops: 0, ImmediateOops: 0, NonImmediateOops: No
[2,185s][debug][gc,nmethod     ] Register NMethod: it.unimi.dsi.fastutil.ints.Int2ObjectOpenHashMap.get (0x00007a39d3c47088) [0x00007a39d3c47180, 0x00007a39d3c477f0] Compiler: c1, Barriers: 10, Oops: 1, ImmediateOops: 0, NonImmediateOops: No
[2,186s][debug][gc,nmethod     ] Register NMethod: io.sirix.node.xml.AbstractStructForwardingNode.getFirstChildKey (0x00007a39d3c47808) [0x00007a39d3c47900, 0x00007a39d3c47c30] Compiler: c1, Barriers: 0, Oops: 1, ImmediateOops: 0, NonImmediateOops: No
[2,186s][debug][gc,nmethod     ] Register NMethod: io.sirix.index.name.Names.setName (0x00007a39d3c47c88) [0x00007a39d3c47d80, 0x00007a39d3c4a028] Compiler: c1, Barriers: 12, Oops: 2, ImmediateOops: 4, NonImmediateOops: No
[2,187s][debug][gc,nmethod     ] Register NMethod: io.sirix.index.path.summary.PathSummaryReader.getFirstChildKey (0x00007a39d3c4a088) [0x00007a39d3c4a180, 0x00007a39d3c4a910] Compiler: c1, Barriers: 1, Oops: 1, ImmediateOops: 1, NonImmediateOops: No
[2,188s][debug][gc,nmethod     ] Register NMethod: io.brackit.query.atomic.QNm.atomicCode (0x00007a39f2cdc108) [0x00007a39f2cdc200, 0x00007a39f2cdc2c0] Compiler: c1, Barriers: 0, Oops: 1, ImmediateOops: 0, NonImmediateOops: No
[2,188s][debug][gc,nmethod     ] Register NMethod: io.sirix.node.xml.ElementNode.getHash (0x00007a39f2cdc408) [0x00007a39f2cdc500, 0x00007a39f2cdc9b0] Compiler: jvmci, Barriers: 6, Oops: 3, ImmediateOops: 1, NonImmediateOops: No
[2,188s][debug][gc,nmethod     ] Register NMethod: java.util.Arrays.hashCode (0x00007a39f2cdca08) [0x00007a39f2cdcb00, 0x00007a39f2cdcfb8] Compiler: jvmci, Barriers: 5, Oops: 0, ImmediateOops: 0, NonImmediateOops: No
[2,188s][debug][gc,nmethod     ] Register NMethod: io.sirix.node.MemorySegmentBytesOut.writeLong (0x00007a39f2cdd008) [0x00007a39f2cdd100, 0x00007a39f2cdd620] Compiler: jvmci, Barriers: 5, Oops: 3, ImmediateOops: 0, NonImmediateOops: No
[2,190s][debug][gc,nmethod     ] Register NMethod: io.sirix.node.xml.TextNode.computeHash (0x00007a39d3c4a988) [0x00007a39d3c4aa80, 0x00007a39d3c5c228] Compiler: c1, Barriers: 75, Oops: 9, ImmediateOops: 36, NonImmediateOops: No
[2,190s][debug][gc,director    ] Rule Major: Warmup 10%, Used: 298MB, UsedThreshold: 1228MB
[2,190s][debug][gc,nmethod     ] Register NMethod: java.util.ArrayDeque.pop (0x00007a39d3c5c288) [0x00007a39d3c5c380, 0x00007a39d3c5c620] Compiler: c1, Barriers: 0, Oops: 0, ImmediateOops: 0, NonImmediateOops: No
[2,191s][debug][gc,nmethod     ] Register NMethod: java.nio.charset.Charset.defaultCharset (0x00007a39d3c5c688) [0x00007a39d3c5c780, 0x00007a39d3c5c878] Compiler: c1, Barriers: 0, Oops: 0, ImmediateOops: 1, NonImmediateOops: No
[2,192s][debug][gc,nmethod     ] Register NMethod: io.sirix.access.trx.page.NodePageReadOnlyTrx.getResourceSession (0x00007a39d3c5c988) [0x00007a39d3c5ca80, 0x00007a39d3c5cef0] Compiler: c1, Barriers: 1, Oops: 1, ImmediateOops: 1, NonImmediateOops: No
[2,192s][debug][gc,nmethod     ] Register NMethod: io.sirix.node.xml.AbstractStructForwardingNode.hasFirstChild (0x00007a39d3c5cf08) [0x00007a39d3c5d000, 0x00007a39d3c5d5c8] Compiler: c1, Barriers: 0, Oops: 1, ImmediateOops: 1, NonImmediateOops: No
[2,192s][debug][gc,nmethod     ] Register NMethod: io.sirix.node.delegates.StructNodeDelegate.hasFirstChild (0x00007a39d3c5d608) [0x00007a39d3c5d700, 0x00007a39d3c5da58] Compiler: c1, Barriers: 0, Oops: 1, ImmediateOops: 1, NonImmediateOops: No
[2,193s][debug][gc,nmethod     ] Register NMethod: com.sun.org.apache.xerces.internal.xni.QName.setValues (0x00007a39d3c5da88) [0x00007a39d3c5db80, 0x00007a39d3c5de58] Compiler: c1, Barriers: 12, Oops: 0, ImmediateOops: 0, NonImmediateOops: No
[2,193s][debug][gc,nmethod     ] Register NMethod: com.sun.org.apache.xerces.internal.util.NamespaceSupport.getURI (0x00007a39d3c5de88) [0x00007a39d3c5df80, 0x00007a39d3c5e270] Compiler: c1, Barriers: 3, Oops: 0, ImmediateOops: 0, NonImmediateOops: No
[2,193s][debug][gc,nmethod     ] Register NMethod: com.sun.org.apache.xerces.internal.impl.XMLDocumentFragmentScannerImpl.seekCloseOfStartTag (0x00007a39d3c5e288) [0x00007a39d3c5e380, 0x00007a39d3c5f950] Compiler: c1, Barriers: 15, Oops: 1, ImmediateOops: 4, NonImmediateOops: No
[2,193s][debug][gc,nmethod     ] Register NMethod: com.sun.org.apache.xerces.internal.parsers.AbstractSAXParser$AttributesProxy.getLength (0x00007a39d3c5f988) [0x00007a39d3c5fa80, 0x00007a39d3c5fdc0] Compiler: c1, Barriers: 1, Oops: 0, ImmediateOops: 0, NonImmediateOops: No
[2,193s][debug][gc,nmethod     ] Register NMethod: io.sirix.access.trx.page.NodePageTrx.prepareRecordPage (0x00007a39f2cdd688) [0x00007a39f2cdd780, 0x00007a39f2cde338] Compiler: jvmci, Barriers: 32, Oops: 3, ImmediateOops: 1, NonImmediateOops: No
[2,194s][debug][gc,nmethod     ] Register NMethod: com.sun.org.apache.xerces.internal.impl.XMLEntityScanner.scanQName (0x00007a39d3c5fe08) [0x00007a39d3c5ff00, 0x00007a39d3c621a0] Compiler: c1, Barriers: 55, Oops: 2, ImmediateOops: 10, NonImmediateOops: No
[2,194s][debug][gc,nmethod     ] Register NMethod: java.lang.String.getBytes (0x00007a39d3c62208) [0x00007a39d3c62300, 0x00007a39d3c626e8] Compiler: c1, Barriers: 1, Oops: 0, ImmediateOops: 0, NonImmediateOops: No
[2,194s][debug][gc,nmethod     ] Register NMethod: io.sirix.utils.XMLToken.isNCName (0x00007a39d3c62708) [0x00007a39d3c62800, 0x00007a39d3c629a0] Compiler: c1, Barriers: 0, Oops: 1, ImmediateOops: 0, NonImmediateOops: No
[2,194s][debug][gc,nmethod     ] Register NMethod: io.sirix.utils.XMLToken.ncName (0x00007a39d3c62a08) [0x00007a39d3c62b00, 0x00007a39d3c62f58] Compiler: c1, Barriers: 0, Oops: 1, ImmediateOops: 1, NonImmediateOops: No
[2,194s][debug][gc,nmethod     ] Register NMethod: io.sirix.axis.ChildAxis.<init> (0x00007a39d3c62f88) [0x00007a39d3c63080, 0x00007a39d3c631b0] Compiler: c1, Barriers: 0, Oops: 1, ImmediateOops: 0, NonImmediateOops: No
[2,195s][debug][gc,nmethod     ] Register NMethod: io.sirix.axis.ChildAxis.reset (0x00007a39d3c63288) [0x00007a39d3c63380, 0x00007a39d3c63568] Compiler: c1, Barriers: 3, Oops: 1, ImmediateOops: 1, NonImmediateOops: No
[2,195s][debug][gc,nmethod     ] Register NMethod: io.sirix.axis.filter.FilterAxis.nextKey (0x00007a39d3c63588) [0x00007a39d3c63680, 0x00007a39d3c64c90] Compiler: c1, Barriers: 3, Oops: 1, ImmediateOops: 1, NonImmediateOops: No
[2,195s][debug][gc,nmethod     ] Register NMethod: io.sirix.utils.XMLToken.isValidQName (0x00007a39d3c64d08) [0x00007a39d3c64e00, 0x00007a39d3c66350] Compiler: c1, Barriers: 6, Oops: 1, ImmediateOops: 0, NonImmediateOops: No
[2,195s][debug][gc,nmethod     ] Register NMethod: io.sirix.axis.filter.FilterAxis.<init> (0x00007a39d3c66388) [0x00007a39d3c66480, 0x00007a39d3c69018] Compiler: c1, Barriers: 24, Oops: 1, ImmediateOops: 3, NonImmediateOops: No
[2,195s][debug][gc,nmethod     ] Register NMethod: io.sirix.index.path.summary.PathSummaryReader.keyForName (0x00007a39d3c69088) [0x00007a39d3c69180, 0x00007a39d3c69648] Compiler: c1, Barriers: 0, Oops: 1, ImmediateOops: 1, NonImmediateOops: No
[2,195s][debug][gc,nmethod     ] Register NMethod: io.sirix.access.Utils.buildName (0x00007a39d3c69688) [0x00007a39d3c69780, 0x00007a39d3c6a778] Compiler: c1, Barriers: 4, Oops: 2, ImmediateOops: 2, NonImmediateOops: No
[2,195s][debug][gc,nmethod     ] Register NMethod: io.sirix.axis.filter.FilterAxis.reset (0x00007a39d3c6a808) [0x00007a39d3c6a900, 0x00007a39d3c6ad50] Compiler: c1, Barriers: 4, Oops: 1, ImmediateOops: 1, NonImmediateOops: No
[2,195s][debug][gc,nmethod     ] Register NMethod: io.sirix.axis.filter.PathKindFilter.<init> (0x00007a39d3c6ad88) [0x00007a39d3c6ae80, 0x00007a39d3c6b5c0] Compiler: c1, Barriers: 6, Oops: 1, ImmediateOops: 0, NonImmediateOops: No
[2,195s][debug][gc,nmethod     ] Register NMethod: io.sirix.access.trx.node.AbstractNodeReadOnlyTrx.moveTo (0x00007a39f2cde388) [0x00007a39f2cde480, 0x00007a39f2cdef68] Compiler: jvmci, Barriers: 23, Oops: 2, ImmediateOops: 1, NonImmediateOops: No
[2,195s][debug][gc,nmethod     ] Register NMethod: io.sirix.axis.filter.PathNameFilter.<init> (0x00007a39d3c6b608) [0x00007a39d3c6b700, 0x00007a39d3c6d388] Compiler: c1, Barriers: 4, Oops: 1, ImmediateOops: 3, NonImmediateOops: No
[2,195s][debug][gc,nmethod     ] Register NMethod: io.sirix.node.immutable.xml.ImmutableElement.getKind (0x00007a39d3c6d408) [0x00007a39d3c6d500, 0x00007a39d3c6d858] Compiler: c1, Barriers: 1, Oops: 1, ImmediateOops: 1, NonImmediateOops: No
[2,195s][debug][gc,nmethod     ] Register NMethod: java.util.ArrayList.getLast (0x00007a39d3c6d888) [0x00007a39d3c6d980, 0x00007a39d3c6dc88] Compiler: c1, Barriers: 2, Oops: 0, ImmediateOops: 0, NonImmediateOops: No
[2,196s][debug][gc,nmethod     ] Register NMethod: io.sirix.index.path.summary.PathSummaryReader.hasFirstChild (0x00007a39d3c6dd08) [0x00007a39d3c6de00, 0x00007a39d3c6e598] Compiler: c1, Barriers: 1, Oops: 1, ImmediateOops: 1, NonImmediateOops: No
[2,196s][debug][gc,nmethod     ] Register NMethod: io.sirix.index.path.summary.PathSummaryReader.assertNotClosed (0x00007a39f2cdef88) [0x00007a39f2cdf080, 0x00007a39f2cdf138] Compiler: jvmci, Barriers: 0, Oops: 1, ImmediateOops: 0, NonImmediateOops: No
[2,196s][debug][gc,nmethod     ] Register NMethod: io.sirix.access.trx.page.AbstractForwardingPageReadOnlyTrx.getResourceSession (0x00007a39d3c6e608) [0x00007a39d3c6e700, 0x00007a39d3c6ec38] Compiler: c1, Barriers: 2, Oops: 1, ImmediateOops: 1, NonImmediateOops: No
[2,196s][debug][gc,nmethod     ] Register NMethod: io.sirix.index.path.summary.PathSummaryWriter.getPathNodeKey (0x00007a39d3c6ec88) [0x00007a39d3c6ed80, 0x00007a39d3c72bf8] Compiler: c1, Barriers: 25, Oops: 1, ImmediateOops: 8, NonImmediateOops: No
[2,196s][debug][gc,nmethod     ] Register NMethod: io.sirix.node.MemorySegmentBytesOut.toByteArray (0x00007a39d3c72c08) [0x00007a39d3c72d00, 0x00007a39d3c72e88] Compiler: c1, Barriers: 1, Oops: 1, ImmediateOops: 0, NonImmediateOops: No
[2,197s][debug][gc,nmethod     ] Register NMethod: io.sirix.node.xml.ElementNode.getParentKey (0x00007a39f2cdf288) [0x00007a39f2cdf380, 0x00007a39f2cdf798] Compiler: jvmci, Barriers: 4, Oops: 3, ImmediateOops: 0, NonImmediateOops: No
[2,197s][debug][gc,nmethod     ] Register NMethod: io.sirix.node.immutable.xml.ImmutableElement.getPathNodeKey (0x00007a39d3c72f08) [0x00007a39d3c73000, 0x00007a39d3c78248] Compiler: c1, Barriers: 20, Oops: 7, ImmediateOops: 11, NonImmediateOops: No
[2,197s][debug][gc,nmethod     ] Register NMethod: io.sirix.access.trx.page.NodePageTrx.getPageContainer (0x00007a39f2cdf808) [0x00007a39f2cdf900, 0x00007a39f2cdfd98] Compiler: jvmci, Barriers: 10, Oops: 1, ImmediateOops: 1, NonImmediateOops: No
[2,197s][debug][gc,nmethod     ] Register NMethod: io.sirix.index.path.summary.PathNode.getName (0x00007a39f2cdfe08) [0x00007a39f2cdff00, 0x00007a39f2cdffe8] Compiler: c1, Barriers: 1, Oops: 1, ImmediateOops: 0, NonImmediateOops: No
[2,198s][debug][gc,nmethod     ] Register NMethod: com.sun.org.apache.xerces.internal.impl.XMLEntityScanner.checkLimit (0x00007a39d3c78288) [0x00007a39d3c78380, 0x00007a39d3c807e0] Compiler: c1, Barriers: 73, Oops: 3, ImmediateOops: 18, NonImmediateOops: No
[2,198s][debug][gc,nmethod     ] Register NMethod: io.sirix.cache.IndexLogKey.hashCode (0x00007a39d3c80808) [0x00007a39d3c80900, 0x00007a39d3c80ca8] Compiler: c1, Barriers: 1, Oops: 1, ImmediateOops: 0, NonImmediateOops: No
[2,198s][debug][gc,nmethod     ] Register NMethod: com.sun.org.apache.xerces.internal.impl.XMLDocumentFragmentScannerImpl$ElementStack.nextElement (0x00007a39d3c80d08) [0x00007a39d3c80e00, 0x00007a39d3c81810] Compiler: c1, Barriers: 13, Oops: 0, ImmediateOops: 0, NonImmediateOops: No
[2,198s][debug][gc,nmethod     ] Register NMethod: com.sun.org.apache.xerces.internal.util.NamespaceSupport.pushContext (0x00007a39d3c81888) [0x00007a39d3c81980, 0x00007a39d3c81cf0] Compiler: c1, Barriers: 5, Oops: 0, ImmediateOops: 0, NonImmediateOops: No
[2,198s][debug][gc,nmethod     ] Register NMethod: java.util.ArrayList.iterator (0x00007a39f2ce0108) [0x00007a39f2ce0200, 0x00007a39f2ce0340] Compiler: jvmci, Barriers: 2, Oops: 0, ImmediateOops: 0, NonImmediateOops: No
[2,198s][debug][gc,nmethod     ] Register NMethod: io.sirix.node.GrowingMemorySegment.toByteArray (0x00007a39d3c81d08) [0x00007a39d3c81e00, 0x00007a39d3c88918] Compiler: c1, Barriers: 7, Oops: 9, ImmediateOops: 16, NonImmediateOops: No
[2,199s][debug][gc,nmethod     ] Register NMethod: com.sun.org.apache.xerces.internal.impl.XMLDocumentFragmentScannerImpl.checkDepth (0x00007a39d3c88988) [0x00007a39d3c88a80, 0x00007a39d3c8bcd8] Compiler: c1, Barriers: 26, Oops: 2, ImmediateOops: 8, NonImmediateOops: No
[2,199s][debug][gc,nmethod     ] Register NMethod: com.sun.org.apache.xerces.internal.parsers.AbstractSAXParser.startElement (0x00007a39d3c8bd08) [0x00007a39d3c8be00, 0x00007a39d3c8e0e8] Compiler: c1, Barriers: 44, Oops: 0, ImmediateOops: 10, NonImmediateOops: No
[2,199s][debug][gc,nmethod     ] Register NMethod: com.sun.org.apache.xerces.internal.util.XMLAttributesIteratorImpl.removeAllAttributes (0x00007a39d3c8e108) [0x00007a39d3c8e200, 0x00007a39d3c8e368] Compiler: c1, Barriers: 0, Oops: 0, ImmediateOops: 0, NonImmediateOops: No
[2,199s][debug][gc,nmethod     ] Register NMethod: com.sun.org.apache.xerces.internal.util.XMLAttributesImpl.removeAllAttributes (0x00007a39d3c8e408) [0x00007a39d3c8e500, 0x00007a39d3c8e608] Compiler: c1, Barriers: 0, Oops: 0, ImmediateOops: 0, NonImmediateOops: No
[2,199s][debug][gc,nmethod     ] Register NMethod: io.sirix.access.trx.node.AbstractNodeTrxImpl.getCurrentNode (0x00007a39f2ce0408) [0x00007a39f2ce0500, 0x00007a39f2ce0638] Compiler: jvmci, Barriers: 2, Oops: 1, ImmediateOops: 0, NonImmediateOops: No
[2,199s][debug][gc,nmethod     ] Register NMethod: com.sun.org.apache.xerces.internal.impl.XMLDocumentFragmentScannerImpl$ElementStack.popElement (0x00007a39d3c8e708) [0x00007a39d3c8e800, 0x00007a39d3c8eb50] Compiler: c1, Barriers: 6, Oops: 0, ImmediateOops: 0, NonImmediateOops: No
[2,199s][debug][gc,nmethod     ] Register NMethod: io.brackit.query.node.parser.SAX2SubtreeHandlerAdapter.startElement (0x00007a39d3c8eb88) [0x00007a39d3c8ec80, 0x00007a39d3c90978] Compiler: c1, Barriers: 6, Oops: 1, ImmediateOops: 3, NonImmediateOops: No
[2,199s][debug][gc,nmethod     ] Register NMethod: com.sun.org.apache.xerces.internal.parsers.AbstractSAXParser.endElement (0x00007a39d3c90988) [0x00007a39d3c90a80, 0x00007a39d3c91378] Compiler: c1, Barriers: 9, Oops: 0, ImmediateOops: 2, NonImmediateOops: No
[2,199s][debug][gc,nmethod     ] Register NMethod: com.sun.org.apache.xerces.internal.parsers.AbstractSAXParser.startNamespaceMapping (0x00007a39d3c91388) [0x00007a39d3c91480, 0x00007a39d3c91c98] Compiler: c1, Barriers: 7, Oops: 0, ImmediateOops: 1, NonImmediateOops: No
[2,199s][debug][gc,nmethod     ] Register NMethod: com.sun.org.apache.xerces.internal.parsers.AbstractSAXParser.endNamespaceMapping (0x00007a39d3c91d08) [0x00007a39d3c91e00, 0x00007a39d3c92548] Compiler: c1, Barriers: 7, Oops: 0, ImmediateOops: 0, NonImmediateOops: No
[2,199s][debug][gc,nmethod     ] Register NMethod: it.unimi.dsi.fastutil.ints.Int2IntOpenHashMap.get (0x00007a39d3c92588) [0x00007a39d3c92680, 0x00007a39d3c92be0] Compiler: c1, Barriers: 4, Oops: 1, ImmediateOops: 0, NonImmediateOops: No
[2,200s][debug][gc,nmethod     ] Register NMethod: io.sirix.query.node.SubtreeBuilder.startElement (0x00007a39d3c92c08) [0x00007a39d3c92d00, 0x00007a39d3c95508] Compiler: c1, Barriers: 14, Oops: 1, ImmediateOops: 1, NonImmediateOops: No
[2,200s][debug][gc,nmethod     ] Register NMethod: io.sirix.node.AbstractForwardingNode.getNodeKey (0x00007a39f2ce0708) [0x00007a39f2ce0800, 0x00007a39f2ce0950] Compiler: jvmci, Barriers: 2, Oops: 1, ImmediateOops: 0, NonImmediateOops: No
[2,200s][debug][gc,nmethod     ] Register NMethod: io.sirix.node.xml.ElementNode.<init> (0x00007a39d3c95588) [0x00007a39d3c95680, 0x00007a39d3c96690] Compiler: c1, Barriers: 19, Oops: 1, ImmediateOops: 3, NonImmediateOops: No
[2,200s][debug][gc,director    ] Rule Major: Warmup 10%, Used: 298MB, UsedThreshold: 1228MB
[2,200s][debug][gc,nmethod     ] Register NMethod: io.sirix.node.GrowingMemorySegment.writeLong (0x00007a39f2ce0a08) [0x00007a39f2ce0b00, 0x00007a39f2ce0f98] Compiler: jvmci, Barriers: 4, Oops: 3, ImmediateOops: 0, NonImmediateOops: No
[2,200s][debug][gc,nmethod     ] Register NMethod: com.sun.org.apache.xerces.internal.impl.XMLNSDocumentScannerImpl.scanStartElement (0x00007a39d3c96708) [0x00007a39d3c96800, 0x00007a39d3c9eae0] Compiler: c1, Barriers: 176, Oops: 11, ImmediateOops: 26, NonImmediateOops: No
[2,200s][debug][gc,nmethod     ] Register NMethod: io.sirix.service.xml.shredder.AbstractShredder.processStartTag (0x00007a39d3c9eb88) [0x00007a39d3c9ec80, 0x00007a39d3ca49c0] Compiler: c1, Barriers: 27, Oops: 1, ImmediateOops: 11, NonImmediateOops: No
[2,201s][debug][gc,nmethod     ] Register NMethod: com.sun.org.apache.xerces.internal.util.SymbolTable.hash (0x00007a39d3ca4a08) [0x00007a39d3ca4b00, 0x00007a39d3ca4da0] Compiler: c1, Barriers: 1, Oops: 0, ImmediateOops: 0, NonImmediateOops: No
[2,201s][debug][gc,nmethod     ] Register NMethod: java.util.concurrent.locks.AbstractQueuedSynchronizer.compareAndSetState (0x00007a39f2ce1008) [0x00007a39f2ce1100, 0x00007a39f2ce1190] Compiler: jvmci, Barriers: 0, Oops: 0, ImmediateOops: 0, NonImmediateOops: No
[2,201s][debug][gc,nmethod     ] Register NMethod: io.sirix.access.trx.node.xml.XmlNodeFactoryImpl.createElementNode (0x00007a39d3ca4e08) [0x00007a39d3ca4f00, 0x00007a39d3ca9760] Compiler: c1, Barriers: 40, Oops: 2, ImmediateOops: 13, NonImmediateOops: No
[2,201s][debug][gc,nmethod     ] Register NMethod: io.sirix.node.xml.ElementNode.getPrefixKey (0x00007a39d3ca9788) [0x00007a39d3ca9880, 0x00007a39d3cae870] Compiler: c1, Barriers: 19, Oops: 7, ImmediateOops: 11, NonImmediateOops: No
[2,202s][debug][gc,nmethod     ] Register NMethod: io.sirix.index.path.summary.PathNode.getPrefixKey (0x00007a39d3cae908) [0x00007a39d3caea00, 0x00007a39d3caeb60] Compiler: c1, Barriers: 1, Oops: 1, ImmediateOops: 0, NonImmediateOops: No
[2,202s][debug][gc,nmethod     ] Register NMethod: io.sirix.node.xml.ElementNode.getURIKey (0x00007a39d3caec08) [0x00007a39d3caed00, 0x00007a39d3cb3cf0] Compiler: c1, Barriers: 19, Oops: 7, ImmediateOops: 11, NonImmediateOops: No
[2,202s][debug][gc,nmethod     ] Register NMethod: io.sirix.axis.filter.PathKindFilter.filter (0x00007a39d3cb3d88) [0x00007a39d3cb3e80, 0x00007a39d3cb4e18] Compiler: c1, Barriers: 4, Oops: 1, ImmediateOops: 2, NonImmediateOops: No
[2,202s][debug][gc,nmethod     ] Register NMethod: io.sirix.node.xml.ElementNode.getLocalNameKey (0x00007a39d3cb4e88) [0x00007a39d3cb4f80, 0x00007a39d3cb9f70] Compiler: c1, Barriers: 19, Oops: 7, ImmediateOops: 11, NonImmediateOops: No
[2,202s][debug][gc,nmethod     ] Register NMethod: io.sirix.access.trx.page.NodePageTrx.prepareRecordForModification (0x00007a39f2ce1308) [0x00007a39f2ce1400, 0x00007a39f2ce2430] Compiler: jvmci, Barriers: 39, Oops: 3, ImmediateOops: 1, NonImmediateOops: No
[2,202s][debug][gc,nmethod     ] Register NMethod: io.sirix.node.xml.TextNode.getParentKey (0x00007a39f2ce2488) [0x00007a39f2ce2580, 0x00007a39f2ce2998] Compiler: jvmci, Barriers: 4, Oops: 3, ImmediateOops: 0, NonImmediateOops: No
[2,202s][debug][gc,nmethod     ] Register NMethod: io.sirix.index.path.summary.PathSummaryReader.getPathKind (0x00007a39d3cba008) [0x00007a39d3cba100, 0x00007a39d3cbaa10] Compiler: c1, Barriers: 2, Oops: 1, ImmediateOops: 2, NonImmediateOops: No
[2,202s][debug][gc,nmethod     ] Register NMethod: io.sirix.cache.IndexLogKey.equals (0x00007a39d3cbaa88) [0x00007a39d3cbab80, 0x00007a39d3cbb4c8] Compiler: c1, Barriers: 4, Oops: 1, ImmediateOops: 0, NonImmediateOops: No
[2,202s][debug][gc,nmethod     ] Register NMethod: io.sirix.node.xml.ElementNode.getHashFunction (0x00007a39d3cbb508) [0x00007a39d3cbb600, 0x00007a39d3cbb768] Compiler: c1, Barriers: 2, Oops: 1, ImmediateOops: 0, NonImmediateOops: No
[2,202s][debug][gc,nmethod     ] Register NMethod: com.sun.org.apache.xerces.internal.impl.XMLEntityScanner.arrangeCapacity (0x00007a39d3cbb808) [0x00007a39d3cbb900, 0x00007a39d3cbc258] Compiler: c1, Barriers: 10, Oops: 0, ImmediateOops: 0, NonImmediateOops: No
[2,202s][debug][gc,nmethod     ] Register NMethod: net.openhft.hashing.LongHashFunction.hashBytes (0x00007a39d3cbc288) [0x00007a39d3cbc380, 0x00007a39d3cbc4c8] Compiler: c1, Barriers: 0, Oops: 1, ImmediateOops: 0, NonImmediateOops: No
[2,203s][debug][gc,nmethod     ] Register NMethod: io.sirix.access.trx.node.xml.ForwardingXmlNodeReadOnlyTrx.isDocumentRoot (0x00007a39d3cbc588) [0x00007a39d3cbc680, 0x00007a39d3cbcc80] Compiler: c1, Barriers: 1, Oops: 1, ImmediateOops: 0, NonImmediateOops: No
[2,203s][debug][gc,nmethod     ] Register NMethod: io.sirix.query.node.SubtreeProcessor.notifyStartElement (0x00007a39d3cbcd08) [0x00007a39d3cbce00, 0x00007a39d3cbd860] Compiler: c1, Barriers: 1, Oops: 1, ImmediateOops: 0, NonImmediateOops: No
[2,203s][debug][gc,nmethod     ] Register NMethod: io.brackit.query.node.parser.SAX2SubtreeHandlerAdapter.endElement (0x00007a39d3cbd888) [0x00007a39d3cbd980, 0x00007a39d3cbf5d8] Compiler: c1, Barriers: 8, Oops: 1, ImmediateOops: 0, NonImmediateOops: No
[2,203s][debug][gc,nmethod     ] Register NMethod: io.sirix.access.trx.node.xml.XmlNodeReadOnlyTrxImpl.isDocumentRoot (0x00007a39d3cbf608) [0x00007a39d3cbf700, 0x00007a39d3cc01a8] Compiler: c1, Barriers: 1, Oops: 1, ImmediateOops: 2, NonImmediateOops: No
[2,203s][debug][gc,nmethod     ] Register NMethod: java.lang.StringLatin1.inflate (0x00007a39f2ce2a08) [0x00007a39f2ce2b00, 0x00007a39f2ce2db0] Compiler: jvmci, Barriers: 0, Oops: 0, ImmediateOops: 0, NonImmediateOops: No
[2,203s][debug][gc,nmethod     ] Register NMethod: java.util.concurrent.atomic.AtomicLong.incrementAndGet (0x00007a39f2ce2e08) [0x00007a39f2ce2f00, 0x00007a39f2ce2f90] Compiler: jvmci, Barriers: 0, Oops: 0, ImmediateOops: 0, NonImmediateOops: No
[2,203s][debug][gc,nmethod     ] Register NMethod: com.sun.org.apache.xerces.internal.impl.XMLEntityScanner.skipString (0x00007a39d3cc0208) [0x00007a39d3cc0300, 0x00007a39d3cc1420] Compiler: c1, Barriers: 6, Oops: 1, ImmediateOops: 2, NonImmediateOops: No
[2,203s][debug][gc,nmethod     ] Register NMethod: io.sirix.index.path.summary.PathSummaryWriter.movePathSummary (0x00007a39d3cc1488) [0x00007a39d3cc1580, 0x00007a39d3cc3c58] Compiler: c1, Barriers: 11, Oops: 1, ImmediateOops: 3, NonImmediateOops: No
[2,203s][debug][gc,nmethod     ] Register NMethod: java.lang.String.<init> (0x00007a39d3cc3c88) [0x00007a39d3cc3d80, 0x00007a39d3cc3fa8] Compiler: c1, Barriers: 4, Oops: 0, ImmediateOops: 0, NonImmediateOops: No
[2,204s][debug][gc,nmethod     ] Register NMethod: io.sirix.index.path.summary.PathSummaryReader.getLevel (0x00007a39d3cc4008) [0x00007a39d3cc4100, 0x00007a39d3cc5870] Compiler: c1, Barriers: 1, Oops: 1, ImmediateOops: 3, NonImmediateOops: No
[2,204s][debug][gc,nmethod     ] Register NMethod: io.sirix.service.xml.shredder.AbstractShredder.processEndTag (0x00007a39d3cc5888) [0x00007a39d3cc5980, 0x00007a39d3cc6b00] Compiler: c1, Barriers: 4, Oops: 1, ImmediateOops: 0, NonImmediateOops: No
[2,204s][debug][gc,nmethod     ] Register NMethod: io.sirix.access.trx.node.xml.XmlNodeTrxImpl.insertElementAsRightSibling (0x00007a39d3cc6b88) [0x00007a39d3cc6c80, 0x00007a39d3ccd9b0] Compiler: c1, Barriers: 31, Oops: 1, ImmediateOops: 7, NonImmediateOops: No
[2,204s][debug][gc,nmethod     ] Register NMethod: io.sirix.query.node.SubtreeBuilder.endElement (0x00007a39d3ccda08) [0x00007a39d3ccdb00, 0x00007a39d3ccf350] Compiler: c1, Barriers: 6, Oops: 1, ImmediateOops: 0, NonImmediateOops: No
[2,204s][debug][gc,nmethod     ] Register NMethod: io.sirix.node.xml.TextNode.setRightSiblingKey (0x00007a39d3ccf388) [0x00007a39d3ccf480, 0x00007a39d3cd45a8] Compiler: c1, Barriers: 19, Oops: 7, ImmediateOops: 12, NonImmediateOops: No
[2,204s][debug][gc,nmethod     ] Register NMethod: io.sirix.access.trx.node.xml.ForwardingXmlNodeReadOnlyTrx.hasFirstChild (0x00007a39d3cd4608) [0x00007a39d3cd4700, 0x00007a39d3cd4d00] Compiler: c1, Barriers: 1, Oops: 1, ImmediateOops: 0, NonImmediateOops: No
[2,204s][debug][gc,nmethod     ] Register NMethod: io.sirix.access.trx.node.AbstractNodeReadOnlyTrx.hasFirstChild (0x00007a39d3cd4d88) [0x00007a39d3cd4e80, 0x00007a39d3cd56a0] Compiler: c1, Barriers: 0, Oops: 1, ImmediateOops: 1, NonImmediateOops: No
[2,205s][debug][gc,nmethod     ] Register NMethod: io.sirix.access.trx.page.NodePageTrx.getMostRecentPageContainer (0x00007a39d3cd5708) [0x00007a39d3cd5800, 0x00007a39d3cd5e30] Compiler: c1, Barriers: 9, Oops: 1, ImmediateOops: 1, NonImmediateOops: No
[2,205s][debug][gc,nmethod     ] Register NMethod: io.sirix.access.trx.node.AbstractDeweyIDManager.newFirstChildID (0x00007a39d3cd5e88) [0x00007a39d3cd5f80, 0x00007a39d3cd8e60] Compiler: c1, Barriers: 12, Oops: 1, ImmediateOops: 2, NonImmediateOops: No
[2,205s][debug][gc,nmethod     ] Register NMethod: io.sirix.node.SirixDeweyID.getNewChildID (0x00007a39d3cd8e88) [0x00007a39d3cd8f80, 0x00007a39d3cd9210] Compiler: c1, Barriers: 0, Oops: 1, ImmediateOops: 0, NonImmediateOops: No
[2,205s][debug][gc,nmethod     ] Register NMethod: io.sirix.node.xml.ElementNode.setHash (0x00007a39f2ce3108) [0x00007a39f2ce3200, 0x00007a39f2ce36f0] Compiler: jvmci, Barriers: 6, Oops: 3, ImmediateOops: 1, NonImmediateOops: No
[2,205s][debug][gc,nmethod     ] Register NMethod: io.sirix.node.xml.ElementNode.getDescendantCount (0x00007a39f2ce3788) [0x00007a39f2ce3880, 0x00007a39f2ce3d30] Compiler: jvmci, Barriers: 6, Oops: 3, ImmediateOops: 1, NonImmediateOops: No
[2,205s][debug][gc,nmethod     ] Register NMethod: io.sirix.access.trx.page.NodePageTrx.getPageContainer (0x00007a39d3cd9288) [0x00007a39d3cd9380, 0x00007a39d3cda4c0] Compiler: c1, Barriers: 12, Oops: 4, ImmediateOops: 2, NonImmediateOops: No
[2,205s][debug][gc,nmethod     ] Register NMethod: io.sirix.access.trx.node.AbstractNodeReadOnlyTrx.moveTo (0x00007a39d3cda508) [0x00007a39d3cda600, 0x00007a39d3cdc168] Compiler: c1, Barriers: 11, Oops: 1, ImmediateOops: 4, NonImmediateOops: No
[2,205s][debug][gc,nmethod     ] Register NMethod: com.google.common.collect.ForwardingObject.<init> (0x00007a39d3cdc188) [0x00007a39d3cdc280, 0x00007a39d3cdc3f0] Compiler: c1, Barriers: 0, Oops: 1, ImmediateOops: 0, NonImmediateOops: No
[2,205s][debug][gc,nmethod     ] Register NMethod: io.sirix.access.trx.page.NodePageTrx.prepareRecordForModification (0x00007a39d3cdc488) [0x00007a39d3cdc580, 0x00007a39d3cde408] Compiler: c1, Barriers: 7, Oops: 2, ImmediateOops: 4, NonImmediateOops: No
[2,206s][debug][gc,nmethod     ] Register NMethod: io.sirix.service.xml.xpath.ItemListImpl.size (0x00007a39d3cde488) [0x00007a39d3cde580, 0x00007a39d3cde8c0] Compiler: c1, Barriers: 1, Oops: 1, ImmediateOops: 0, NonImmediateOops: No
[2,206s][debug][gc,nmethod     ] Register NMethod: io.sirix.access.trx.page.NodePageTrx.prepareRecordPage (0x00007a39d3cde908) [0x00007a39d3cdea00, 0x00007a39d3ce0fa8] Compiler: c1, Barriers: 38, Oops: 4, ImmediateOops: 3, NonImmediateOops: No
[2,206s][debug][gc,nmethod     ] Register NMethod: com.sun.org.apache.xerces.internal.util.NamespaceSupport.popContext (0x00007a39d3ce1008) [0x00007a39d3ce1100, 0x00007a39d3ce1268] Compiler: c1, Barriers: 1, Oops: 0, ImmediateOops: 0, NonImmediateOops: No
[2,206s][debug][gc,nmethod     ] Register NMethod: java.lang.invoke.DelegatingMethodHandle$Holder.reinvoke_L (0x00007a39d3ce1308) [0x00007a39d3ce1400, 0x00007a39d3ce1b30] Compiler: c1, Barriers: 1, Oops: 0, ImmediateOops: 0, NonImmediateOops: No
[2,206s][debug][gc,nmethod     ] Register NMethod: io.sirix.query.node.SubtreeProcessor.notifyEndElement (0x00007a39d3ce1b88) [0x00007a39d3ce1c80, 0x00007a39d3ce26e0] Compiler: c1, Barriers: 1, Oops: 1, ImmediateOops: 0, NonImmediateOops: No
[2,206s][debug][gc,nmethod     ] Register NMethod: io.sirix.access.trx.node.xml.XmlNodeReadOnlyTrxImpl.getNameNode (0x00007a39d3ce2708) [0x00007a39d3ce2800, 0x00007a39d3ce3048] Compiler: c1, Barriers: 1, Oops: 1, ImmediateOops: 1, NonImmediateOops: No
[2,206s][debug][gc,nmethod     ] Register NMethod: io.sirix.access.trx.node.xml.ForwardingXmlNodeReadOnlyTrx.getNameNode (0x00007a39d3ce3088) [0x00007a39d3ce3180, 0x00007a39d3ce3778] Compiler: c1, Barriers: 1, Oops: 1, ImmediateOops: 0, NonImmediateOops: No
[2,206s][debug][gc,nmethod     ] Register NMethod: io.sirix.access.trx.node.xml.ForwardingXmlNodeReadOnlyTrx.isElement (0x00007a39d3ce3788) [0x00007a39d3ce3880, 0x00007a39d3ce3e80] Compiler: c1, Barriers: 1, Oops: 1, ImmediateOops: 0, NonImmediateOops: No
[2,206s][debug][gc,nmethod     ] Register NMethod: io.sirix.access.trx.node.xml.XmlNodeReadOnlyTrxImpl.isElement (0x00007a39d3ce3f08) [0x00007a39d3ce4000, 0x00007a39d3ce4aa8] Compiler: c1, Barriers: 1, Oops: 1, ImmediateOops: 2, NonImmediateOops: No
[2,207s][debug][gc,nmethod     ] Register NMethod: io.sirix.node.SirixDeweyID.<init> (0x00007a39d3ce4b08) [0x00007a39d3ce4c00, 0x00007a39d3ce5068] Compiler: c1, Barriers: 7, Oops: 1, ImmediateOops: 0, NonImmediateOops: No
[2,207s][debug][gc,nmethod     ] Register NMethod: net.openhft.hashing.Maths.unsignedLongMulXorFold (0x00007a39f2ce3d88) [0x00007a39f2ce3e80, 0x00007a39f2ce3f10] Compiler: jvmci, Barriers: 0, Oops: 1, ImmediateOops: 0, NonImmediateOops: No
[2,208s][debug][gc,nmethod     ] Register NMethod: io.sirix.node.xml.ElementNode.setFirstChildKey (0x00007a39d3ce5088) [0x00007a39d3ce5180, 0x00007a39d3cea2a8] Compiler: c1, Barriers: 19, Oops: 7, ImmediateOops: 12, NonImmediateOops: No
[2,208s][debug][gc,nmethod     ] Register NMethod: io.sirix.node.xml.ElementNode.setRightSiblingKey (0x00007a39d3cea308) [0x00007a39d3cea400, 0x00007a39d3cef528] Compiler: c1, Barriers: 19, Oops: 7, ImmediateOops: 12, NonImmediateOops: No
[2,209s][debug][gc,nmethod     ] Register NMethod: com.sun.org.apache.xerces.internal.impl.XMLDocumentFragmentScannerImpl.scanEndElement (0x00007a39d3cef588) [0x00007a39d3cef680, 0x00007a39d3cf0da8] Compiler: c1, Barriers: 17, Oops: 3, ImmediateOops: 4, NonImmediateOops: No
[2,209s][debug][gc,nmethod     ] Register NMethod: io.sirix.node.xml.ElementNode.hasFirstChild (0x00007a39d3cf0e08) [0x00007a39d3cf0f00, 0x00007a39d3cf6338] Compiler: c1, Barriers: 19, Oops: 7, ImmediateOops: 12, NonImmediateOops: No
[2,209s][debug][gc,nmethod     ] Register NMethod: java.nio.HeapByteBuffer.ix (0x00007a39d3cf6388) [0x00007a39d3cf6480, 0x00007a39d3cf6588] Compiler: c1, Barriers: 0, Oops: 0, ImmediateOops: 0, NonImmediateOops: No
[2,209s][debug][gc,nmethod     ] Register NMethod: io.sirix.node.AbstractForwardingNode.<init> (0x00007a39d3cf6688) [0x00007a39d3cf6780, 0x00007a39d3cf6938] Compiler: c1, Barriers: 0, Oops: 1, ImmediateOops: 0, NonImmediateOops: No
[2,209s][debug][gc,nmethod     ] Register NMethod: io.sirix.node.xml.ElementNode.setDescendantCount (0x00007a39f2ce4088) [0x00007a39f2ce4180, 0x00007a39f2ce4678] Compiler: jvmci, Barriers: 6, Oops: 3, ImmediateOops: 1, NonImmediateOops: No
[2,210s][debug][gc,nmethod     ] Register NMethod: io.sirix.access.trx.node.xml.XmlNodeTrxImpl.insertTextAsRightSibling (0x00007a39d3cf6988) [0x00007a39d3cf6a80, 0x00007a39d3d054d8] Compiler: c1, Barriers: 52, Oops: 5, ImmediateOops: 18, NonImmediateOops: No
[2,210s][debug][gc,nmethod     ] Register NMethod: net.openhft.hashing.XXH3.XXH3_mix16B (0x00007a39f2ce4708) [0x00007a39f2ce4800, 0x00007a39f2ce4918] Compiler: jvmci, Barriers: 0, Oops: 1, ImmediateOops: 1, NonImmediateOops: No
[2,210s][debug][gc,nmethod     ] Register NMethod: java.util.concurrent.atomic.AtomicLong.compareAndSet (0x00007a39f2ce4a08) [0x00007a39f2ce4b00, 0x00007a39f2ce4b90] Compiler: jvmci, Barriers: 0, Oops: 0, ImmediateOops: 0, NonImmediateOops: No
[2,210s][debug][gc,director    ] Rule Major: Warmup 10%, Used: 300MB, UsedThreshold: 1228MB
[2,210s][debug][gc,nmethod     ] Register NMethod: java.lang.invoke.VarHandleGuards.guard_LJJ_V (0x00007a39f2ce4d08) [0x00007a39f2ce4e00, 0x00007a39f2ce5558] Compiler: jvmci, Barriers: 23, Oops: 0, ImmediateOops: 5, NonImmediateOops: No
[2,210s][debug][gc,nmethod     ] Register NMethod: io.sirix.access.trx.node.AbstractNodeHashing.setAddDescendants (0x00007a39f2ce5588) [0x00007a39f2ce5680, 0x00007a39f2ce66d0] Compiler: jvmci, Barriers: 21, Oops: 3, ImmediateOops: 1, NonImmediateOops: No
[2,210s][debug][gc,nmethod     ] Register NMethod: io.sirix.access.trx.node.xml.XmlNodeTrxImpl.insertTextAsFirstChild (0x00007a39d3d05508) [0x00007a39d3d05600, 0x00007a39d3d0d5c0] Compiler: c1, Barriers: 35, Oops: 2, ImmediateOops: 8, NonImmediateOops: No
[2,210s][debug][gc,nmethod     ] Register NMethod: net.openhft.hashing.XXH3.XXH3_avalanche (0x00007a39f2ce6708) [0x00007a39f2ce6800, 0x00007a39f2ce6888] Compiler: jvmci, Barriers: 0, Oops: 1, ImmediateOops: 0, NonImmediateOops: No
[2,210s][debug][gc,nmethod     ] Register NMethod: java.lang.StringLatin1.inflate (0x00007a39f2ce6a08) [0x00007a39f2ce6b00, 0x00007a39f2ce6d78] Compiler: jvmci, Barriers: 0, Oops: 0, ImmediateOops: 0, NonImmediateOops: No
[2,211s][debug][gc,nmethod     ] Register NMethod: java.util.concurrent.atomic.AtomicLong.addAndGet (0x00007a39f2ce6d88) [0x00007a39f2ce6e80, 0x00007a39f2ce6f10] Compiler: jvmci, Barriers: 0, Oops: 0, ImmediateOops: 0, NonImmediateOops: No
[2,211s][debug][gc,nmethod     ] Register NMethod: io.sirix.page.RevisionRootPage.incrementAndGetMaxNodeKeyInDocumentIndex (0x00007a39f2ce7088) [0x00007a39f2ce7180, 0x00007a39f2ce7210] Compiler: jvmci, Barriers: 0, Oops: 1, ImmediateOops: 0, NonImmediateOops: No
[2,212s][debug][gc,nmethod     ] Register NMethod: com.sun.org.apache.xerces.internal.xni.QName.setValues (0x00007a39d3d0d608) [0x00007a39d3d0d700, 0x00007a39d3d0dab8] Compiler: c1, Barriers: 16, Oops: 0, ImmediateOops: 0, NonImmediateOops: No
[2,212s][debug][gc,nmethod     ] Register NMethod: com.sun.org.apache.xerces.internal.xni.XMLString.setValues (0x00007a39d3d0db08) [0x00007a39d3d0dc00, 0x00007a39d3d0dd80] Compiler: c1, Barriers: 3, Oops: 0, ImmediateOops: 0, NonImmediateOops: No
[2,212s][debug][gc,nmethod     ] Register NMethod: io.sirix.access.trx.page.NodePageTrx.getMostRecentPageContainer (0x00007a39f2ce7388) [0x00007a39f2ce7480, 0x00007a39f2ce7880] Compiler: jvmci, Barriers: 9, Oops: 1, ImmediateOops: 1, NonImmediateOops: No
[2,212s][debug][gc,nmethod     ] Register NMethod: jdk.internal.misc.Unsafe.putIntUnaligned (0x00007a39f2ce7908) [0x00007a39f2ce7a00, 0x00007a39f2ce7ab8] Compiler: jvmci, Barriers: 0, Oops: 0, ImmediateOops: 0, NonImmediateOops: No
[2,214s][debug][gc,nmethod     ] Register NMethod: com.sun.org.apache.xerces.internal.xni.XMLString.setValues (0x00007a39f2ce7c08) [0x00007a39f2ce7d00, 0x00007a39f2ce7df0] Compiler: jvmci, Barriers: 3, Oops: 0, ImmediateOops: 0, NonImmediateOops: No
[2,214s][debug][gc,nmethod     ] Register NMethod: java.lang.invoke.VarHandleSegmentAsLongs.set (0x00007a39f2ce7f08) [0x00007a39f2ce8000, 0x00007a39f2ce8790] Compiler: jvmci, Barriers: 4, Oops: 0, ImmediateOops: 0, NonImmediateOops: No
[2,215s][debug][gc,nmethod     ] Register NMethod: io.sirix.node.xml.ElementNode.computeHash (0x00007a39d3d0de08) [0x00007a39d3d0df00, 0x00007a39d3d3d548] Compiler: c1, Barriers: 186, Oops: 16, ImmediateOops: 101, NonImmediateOops: No
[2,215s][debug][gc,nmethod     ] Register NMethod: com.sun.org.apache.xerces.internal.util.XMLChar.isContent (0x00007a39f2ce8808) [0x00007a39f2ce8900, 0x00007a39f2ce89c8] Compiler: jvmci, Barriers: 0, Oops: 0, ImmediateOops: 1, NonImmediateOops: No
[2,215s][debug][gc,nmethod     ] Register NMethod: com.google.common.base.Objects.hashCode (0x00007a39d3d3d608) [0x00007a39d3d3d700, 0x00007a39d3d3d8c0] Compiler: c1, Barriers: 0, Oops: 1, ImmediateOops: 0, NonImmediateOops: No
[2,215s][debug][gc,nmethod     ] Register NMethod: com.sun.org.apache.xerces.internal.impl.XMLEntityScanner.checkEntityLimit (0x00007a39f2ce8b08) [0x00007a39f2ce8c00, 0x00007a39f2ce8ce0] Compiler: jvmci, Barriers: 0, Oops: 0, ImmediateOops: 0, NonImmediateOops: No
[2,215s][debug][gc,nmethod     ] Register NMethod: io.sirix.node.GrowingMemorySegment.writeInt (0x00007a39f2ce8e08) [0x00007a39f2ce8f00, 0x00007a39f2ce9390] Compiler: jvmci, Barriers: 4, Oops: 3, ImmediateOops: 0, NonImmediateOops: No
[2,216s][debug][gc,nmethod     ] Register NMethod: java.lang.Long.bitCount (0x00007a39f2ce9408) [0x00007a39f2ce9500, 0x00007a39f2ce95d0] Compiler: jvmci, Barriers: 0, Oops: 0, ImmediateOops: 0, NonImmediateOops: No
[2,216s][debug][gc,nmethod     ] Register NMethod: io.sirix.node.NullNode.getDescendantCount (0x00007a39f2ce9708) [0x00007a39f2ce9800, 0x00007a39f2ce98c0] Compiler: c1, Barriers: 0, Oops: 1, ImmediateOops: 0, NonImmediateOops: No
[2,216s][debug][gc,nmethod     ] Register NMethod: io.sirix.node.xml.ElementNode.getAttributeCount (0x00007a39d3d3d908) [0x00007a39d3d3da00, 0x00007a39d3d3db90] Compiler: c1, Barriers: 1, Oops: 1, ImmediateOops: 0, NonImmediateOops: No
[2,218s][debug][gc,nmethod     ] Register NMethod: java.util.HashMap.put (0x00007a39d3d3dc08) [0x00007a39d3d3dd00, 0x00007a39d3d3e2e8] Compiler: c1, Barriers: 0, Oops: 0, ImmediateOops: 0, NonImmediateOops: No
[2,220s][debug][gc,nmethod     ] Register NMethod: io.sirix.access.trx.page.NodePageTrx.getPageContainer (0x00007a39f2ce9a08) [0x00007a39f2ce9b00, 0x00007a39f2cea1d0] Compiler: jvmci, Barriers: 17, Oops: 3, ImmediateOops: 1, NonImmediateOops: No
[2,220s][debug][gc,nmethod     ] Register NMethod: io.sirix.axis.AbstractAxis.hasNext (0x00007a39f2cea208) [0x00007a39f2cea300, 0x00007a39f2cea9f8] Compiler: jvmci, Barriers: 17, Oops: 1, ImmediateOops: 3, NonImmediateOops: No
[2,220s][debug][gc,director    ] Rule Major: Warmup 10%, Used: 300MB, UsedThreshold: 1228MB
[2,220s][debug][gc,nmethod     ] Register NMethod: io.sirix.node.xml.AttributeNode.getKind (0x00007a39f2ceaa08) [0x00007a39f2ceab00, 0x00007a39f2ceab90] Compiler: jvmci, Barriers: 0, Oops: 1, ImmediateOops: 1, NonImmediateOops: No
[2,220s][debug][gc,nmethod     ] Register NMethod: jdk.internal.util.Preconditions.checkFromIndexSize (0x00007a39f2cead08) [0x00007a39f2ceae00, 0x00007a39f2ceaeb0] Compiler: jvmci, Barriers: 0, Oops: 0, ImmediateOops: 0, NonImmediateOops: No
[2,221s][debug][gc,nmethod     ] Register NMethod: io.sirix.access.trx.node.AbstractNodeReadOnlyTrx.moveTo (0x00007a39f2ceb008) [0x00007a39f2ceb100, 0x00007a39f2cebe70] Compiler: jvmci, Barriers: 30, Oops: 4, ImmediateOops: 1, NonImmediateOops: No
[2,222s][debug][gc,nmethod     ] Register NMethod: net.openhft.hashing.XXH3.XXH3_mix2Accs (0x00007a39d3d3e308) [0x00007a39d3d3e400, 0x00007a39d3d3f500] Compiler: c1, Barriers: 0, Oops: 2, ImmediateOops: 6, NonImmediateOops: No
[2,224s][debug][gc,nmethod     ] Register NMethod: io.sirix.access.trx.page.NodePageTrx.prepareRecordForModification (0x00007a39f2cebf08) [0x00007a39f2cec000, 0x00007a39f2ced018] Compiler: jvmci, Barriers: 39, Oops: 3, ImmediateOops: 1, NonImmediateOops: No
[2,224s][debug][gc,nmethod     ] Register NMethod: jdk.internal.misc.Unsafe.checkSize (0x00007a39f2ced088) [0x00007a39f2ced180, 0x00007a39f2ced238] Compiler: jvmci, Barriers: 0, Oops: 0, ImmediateOops: 0, NonImmediateOops: No
[2,225s][debug][gc,nmethod     ] Register NMethod: io.sirix.access.trx.page.NodePageTrx.prepareRecordPage (0x00007a39f2ced388) [0x00007a39f2ced480, 0x00007a39f2cee008] Compiler: jvmci, Barriers: 32, Oops: 3, ImmediateOops: 1, NonImmediateOops: No
[2,226s][debug][gc,nmethod     ] Register NMethod: io.sirix.access.trx.node.AbstractNodeReadOnlyTrx.getKind (0x00007a39f2cee088) [0x00007a39f2cee180, 0x00007a39f2cee300] Compiler: jvmci, Barriers: 1, Oops: 1, ImmediateOops: 2, NonImmediateOops: No
[2,226s][debug][gc,nmethod     ] Register NMethod: java.util.LinkedHashMap.afterNodeAccess (0x00007a39f2cee388) [0x00007a39f2cee480, 0x00007a39f2cee978] Compiler: jvmci, Barriers: 23, Oops: 0, ImmediateOops: 0, NonImmediateOops: No
[2,227s][debug][gc,nmethod     ] Register NMethod: io.sirix.utils.XMLToken.isNCStartChar (0x00007a39f2cee988) [0x00007a39f2ceea80, 0x00007a39f2ceeb60] Compiler: jvmci, Barriers: 0, Oops: 1, ImmediateOops: 0, NonImmediateOops: No
[2,227s][debug][gc,nmethod     ] Register NMethod: io.sirix.utils.XMLToken.cp (0x00007a39f2ceec88) [0x00007a39f2ceed80, 0x00007a39f2ceee60] Compiler: jvmci, Barriers: 0, Oops: 1, ImmediateOops: 0, NonImmediateOops: No
[2,227s][debug][gc,nmethod     ] Register NMethod: io.sirix.cache.IndexLogKey.hashCode (0x00007a39f2ceef88) [0x00007a39f2cef080, 0x00007a39f2cef1b8] Compiler: jvmci, Barriers: 1, Oops: 1, ImmediateOops: 0, NonImmediateOops: No
[2,228s][debug][gc,nmethod     ] Register NMethod: io.sirix.access.trx.node.xml.XmlNodeTrxImpl.nodeReadOnlyTrxDelegate (0x00007a39f2cef288) [0x00007a39f2cef380, 0x00007a39f2cef488] Compiler: jvmci, Barriers: 1, Oops: 1, ImmediateOops: 0, NonImmediateOops: No
[2,228s][debug][gc,nmethod     ] Register NMethod: io.sirix.cache.IndexLogKey.equals (0x00007a39f2cef588) [0x00007a39f2cef680, 0x00007a39f2cef828] Compiler: jvmci, Barriers: 2, Oops: 1, ImmediateOops: 0, NonImmediateOops: No
[2,229s][debug][gc,nmethod     ] Register NMethod: java.lang.String.compareTo (0x00007a39f2cef888) [0x00007a39f2cef980, 0x00007a39f2cefb38] Compiler: jvmci, Barriers: 2, Oops: 0, ImmediateOops: 0, NonImmediateOops: No
[2,230s][debug][gc,nmethod     ] Register NMethod: com.sun.org.apache.xerces.internal.impl.XMLEntityScanner.checkBeforeLoad (0x00007a39f2cefb88) [0x00007a39f2cefc80, 0x00007a39f2cefd70] Compiler: jvmci, Barriers: 0, Oops: 0, ImmediateOops: 0, NonImmediateOops: No
[2,230s][debug][gc,nmethod     ] Register NMethod: com.sun.org.apache.xerces.internal.impl.XMLEntityScanner.scanContent (0x00007a39f2cefe88) [0x00007a39f2ceffa0, 0x00007a39f2cf0ec8] Compiler: jvmci, Barriers: 18, Oops: 0, ImmediateOops: 1, NonImmediateOops: No
[2,230s][debug][gc,nmethod     ] Register NMethod: com.sun.org.apache.xerces.internal.impl.XMLScanner.isValidNameStartChar (0x00007a39d3d3f588) [0x00007a39d3d3f680, 0x00007a39d3d3f888] Compiler: c1, Barriers: 0, Oops: 0, ImmediateOops: 1, NonImmediateOops: No
[2,230s][debug][gc,nmethod     ] Register NMethod: jdk.internal.util.ArraysSupport.mismatch (0x00007a39f2cf0f08) [0x00007a39f2cf1000, 0x00007a39f2cf1278] Compiler: jvmci, Barriers: 0, Oops: 0, ImmediateOops: 0, NonImmediateOops: No
[2,230s][debug][gc,director    ] Rule Major: Warmup 10%, Used: 302MB, UsedThreshold: 1228MB
[2,230s][debug][gc,nmethod     ] Register NMethod: io.sirix.utils.XMLToken.isNCChar (0x00007a39f2cf1288) [0x00007a39f2cf1380, 0x00007a39f2cf1460] Compiler: jvmci, Barriers: 0, Oops: 1, ImmediateOops: 0, NonImmediateOops: No
[2,231s][debug][gc,nmethod     ] Register NMethod: io.sirix.access.trx.page.NodePageTrx.getRecord (0x00007a39f2cf1588) [0x00007a39f2cf1680, 0x00007a39f2cf21c8] Compiler: jvmci, Barriers: 23, Oops: 3, ImmediateOops: 1, NonImmediateOops: No
[2,231s][debug][gc,nmethod     ] Register NMethod: io.sirix.index.path.summary.PathSummaryReader.getNodeKey (0x00007a39f2cf2208) [0x00007a39f2cf2300, 0x00007a39f2cf2480] Compiler: jvmci, Barriers: 2, Oops: 1, ImmediateOops: 0, NonImmediateOops: No
[2,231s][debug][gc,nmethod     ] Register NMethod: io.sirix.index.path.summary.PathSummaryReader.moveTo (0x00007a39f2cf2508) [0x00007a39f2cf2600, 0x00007a39f2cf2840] Compiler: jvmci, Barriers: 5, Oops: 1, ImmediateOops: 0, NonImmediateOops: No
[2,231s][debug][gc,nmethod     ] Register NMethod: io.sirix.node.delegates.StructNodeDelegate.setFirstChildKey (0x00007a39f2cf2888) [0x00007a39f2cf2980, 0x00007a39f2cf2a40] Compiler: c1, Barriers: 0, Oops: 1, ImmediateOops: 0, NonImmediateOops: No
[2,231s][debug][gc,nmethod     ] Register NMethod: io.sirix.node.MemorySegmentBytesOut.writeInt (0x00007a39f2cf2b88) [0x00007a39f2cf2c80, 0x00007a39f2cf3190] Compiler: jvmci, Barriers: 5, Oops: 3, ImmediateOops: 0, NonImmediateOops: No
[2,232s][debug][gc,nmethod     ] Register NMethod: io.sirix.node.delegates.StructNodeDelegate.getLeftSiblingKey (0x00007a39f2cf3208) [0x00007a39f2cf3300, 0x00007a39f2cf33c0] Compiler: c1, Barriers: 0, Oops: 1, ImmediateOops: 0, NonImmediateOops: No
[2,232s][debug][gc,nmethod     ] Register NMethod: io.brackit.query.atomic.QNm.hashCode (0x00007a39d3d3f908) [0x00007a39d3d3fa00, 0x00007a39d3d3ff70] Compiler: c1, Barriers: 2, Oops: 1, ImmediateOops: 0, NonImmediateOops: No
[2,233s][debug][gc,nmethod     ] Register NMethod: io.sirix.access.trx.node.AbstractNodeTrxImpl.getDeweyID (0x00007a39f2cf3508) [0x00007a39f2cf3600, 0x00007a39f2cf38a0] Compiler: jvmci, Barriers: 5, Oops: 1, ImmediateOops: 0, NonImmediateOops: No
[2,233s][debug][gc,nmethod     ] Register NMethod: com.sun.org.apache.xerces.internal.util.NamespaceSupport.popContext (0x00007a39f2cf3908) [0x00007a39f2cf3a00, 0x00007a39f2cf3b28] Compiler: jvmci, Barriers: 1, Oops: 0, ImmediateOops: 0, NonImmediateOops: No
[2,233s][debug][gc,nmethod     ] Register NMethod: it.unimi.dsi.fastutil.ints.Int2LongOpenHashMap.find (0x00007a39d3d3ff88) [0x00007a39d3d40080, 0x00007a39d3d404e8] Compiler: c1, Barriers: 1, Oops: 1, ImmediateOops: 0, NonImmediateOops: No
[2,233s][debug][gc,nmethod     ] Register NMethod: com.sun.org.apache.xerces.internal.impl.XMLEntityScanner.scanLiteral (0x00007a39d3d40508) [0x00007a39d3d40600, 0x00007a39d3d41848] Compiler: c1, Barriers: 13, Oops: 0, ImmediateOops: 2, NonImmediateOops: No
[2,233s][debug][gc,nmethod     ] Register NMethod: io.sirix.access.trx.node.AbstractNodeReadOnlyTrx.getNodeKey (0x00007a39f2cf3c08) [0x00007a39f2cf3d00, 0x00007a39f2cf3e50] Compiler: jvmci, Barriers: 1, Oops: 1, ImmediateOops: 0, NonImmediateOops: No
[2,234s][debug][gc,nmethod     ] Register NMethod: jdk.internal.misc.Unsafe.getIntUnaligned (0x00007a39f2cf3f08) [0x00007a39f2cf4000, 0x00007a39f2cf40c0] Compiler: jvmci, Barriers: 0, Oops: 0, ImmediateOops: 0, NonImmediateOops: No
[2,234s][debug][gc,nmethod     ] Register NMethod: com.google.common.base.Preconditions.checkArgument (0x00007a39f2cf4208) [0x00007a39f2cf4300, 0x00007a39f2cf4398] Compiler: jvmci, Barriers: 0, Oops: 1, ImmediateOops: 0, NonImmediateOops: No
[2,234s][debug][gc,nmethod     ] Register NMethod: io.brackit.query.atomic.AbstractAtomic.equals (0x00007a39d3d41888) [0x00007a39d3d41980, 0x00007a39d3d42150] Compiler: c1, Barriers: 0, Oops: 1, ImmediateOops: 0, NonImmediateOops: No
[2,234s][debug][gc,nmethod     ] Register NMethod: io.brackit.query.atomic.QNm.atomicCmpInternal (0x00007a39d3d42188) [0x00007a39d3d42280, 0x00007a39d3d42ab0] Compiler: c1, Barriers: 4, Oops: 1, ImmediateOops: 0, NonImmediateOops: No
[2,234s][debug][gc,nmethod     ] Register NMethod: io.brackit.query.atomic.AbstractAtomic.atomicCmp (0x00007a39d3d42b08) [0x00007a39d3d42c00, 0x00007a39d3d43430] Compiler: c1, Barriers: 0, Oops: 1, ImmediateOops: 0, NonImmediateOops: No
[2,234s][debug][gc,nmethod     ] Register NMethod: com.sun.org.apache.xerces.internal.xni.XMLString.append (0x00007a39d3d43488) [0x00007a39d3d43580, 0x00007a39d3d43a58] Compiler: c1, Barriers: 5, Oops: 0, ImmediateOops: 0, NonImmediateOops: No
[2,235s][debug][gc,nmethod     ] Register NMethod: io.sirix.node.GrowingMemorySegment.getUsedSegment (0x00007a39f2cf4508) [0x00007a39f2cf4600, 0x00007a39f2cf4970] Compiler: jvmci, Barriers: 6, Oops: 1, ImmediateOops: 0, NonImmediateOops: No
[2,236s][debug][gc,nmethod     ] Register NMethod: com.sun.org.apache.xerces.internal.xni.XMLString.toString (0x00007a39d3d43a88) [0x00007a39d3d43b80, 0x00007a39d3d43dc8] Compiler: c1, Barriers: 1, Oops: 0, ImmediateOops: 1, NonImmediateOops: No
[2,236s][debug][gc,nmethod     ] Register NMethod: com.sun.org.apache.xerces.internal.util.AugmentationsImpl.removeAllItems (0x00007a39d3d43e08) [0x00007a39d3d43f00, 0x00007a39d3d44088] Compiler: c1, Barriers: 1, Oops: 0, ImmediateOops: 0, NonImmediateOops: No
[2,236s][debug][gc,nmethod     ] Register NMethod: com.sun.org.apache.xerces.internal.util.AugmentationsImpl$SmallContainer.clear (0x00007a39d3d44108) [0x00007a39d3d44200, 0x00007a39d3d44980] Compiler: c1, Barriers: 7, Oops: 0, ImmediateOops: 0, NonImmediateOops: No
[2,236s][debug][gc,nmethod     ] Register NMethod: com.sun.org.apache.xerces.internal.util.XMLAttributesImpl.setValue (0x00007a39d3d44988) [0x00007a39d3d44a80, 0x00007a39d3d44d78] Compiler: c1, Barriers: 11, Oops: 0, ImmediateOops: 0, NonImmediateOops: No
[2,236s][debug][gc,nmethod     ] Register NMethod: com.sun.org.apache.xerces.internal.util.XMLAttributesImpl.setSpecified (0x00007a39d3d44d88) [0x00007a39d3d44e80, 0x00007a39d3d45018] Compiler: c1, Barriers: 2, Oops: 0, ImmediateOops: 0, NonImmediateOops: No
[2,236s][debug][gc,nmethod     ] Register NMethod: com.sun.org.apache.xerces.internal.parsers.AbstractSAXParser$AttributesProxy.getQName (0x00007a39d3d45088) [0x00007a39d3d45180, 0x00007a39d3d454e0] Compiler: c1, Barriers: 1, Oops: 0, ImmediateOops: 0, NonImmediateOops: No
[2,236s][debug][gc,nmethod     ] Register NMethod: com.sun.org.apache.xerces.internal.util.XMLAttributesImpl.getQName (0x00007a39d3d45508) [0x00007a39d3d45600, 0x00007a39d3d458d0] Compiler: c1, Barriers: 4, Oops: 0, ImmediateOops: 1, NonImmediateOops: No
[2,236s][debug][gc,nmethod     ] Register NMethod: com.sun.org.apache.xerces.internal.util.XMLAttributesImpl.getURI (0x00007a39d3d45908) [0x00007a39d3d45a00, 0x00007a39d3d45c88] Compiler: c1, Barriers: 4, Oops: 0, ImmediateOops: 0, NonImmediateOops: No
[2,236s][debug][gc,nmethod     ] Register NMethod: com.sun.org.apache.xerces.internal.parsers.AbstractSAXParser$AttributesProxy.getLocalName (0x00007a39d3d45d08) [0x00007a39d3d45e00, 0x00007a39d3d46160] Compiler: c1, Barriers: 1, Oops: 0, ImmediateOops: 0, NonImmediateOops: No
[2,236s][debug][gc,nmethod     ] Register NMethod: com.sun.org.apache.xerces.internal.util.XMLAttributesImpl.getLocalName (0x00007a39d3d46188) [0x00007a39d3d46280, 0x00007a39d3d46568] Compiler: c1, Barriers: 4, Oops: 0, ImmediateOops: 1, NonImmediateOops: No
[2,236s][debug][gc,nmethod     ] Register NMethod: com.sun.org.apache.xerces.internal.parsers.AbstractSAXParser$AttributesProxy.getValue (0x00007a39d3d46588) [0x00007a39d3d46680, 0x00007a39d3d469e0] Compiler: c1, Barriers: 1, Oops: 0, ImmediateOops: 0, NonImmediateOops: No
[2,236s][debug][gc,nmethod     ] Register NMethod: com.sun.org.apache.xerces.internal.util.XMLAttributesImpl.getValue (0x00007a39d3d46a08) [0x00007a39d3d46b00, 0x00007a39d3d47130] Compiler: c1, Barriers: 10, Oops: 0, ImmediateOops: 0, NonImmediateOops: No
[2,236s][debug][gc,nmethod     ] Register NMethod: com.sun.org.apache.xerces.internal.parsers.AbstractSAXParser$AttributesProxy.getURI (0x00007a39d3d47188) [0x00007a39d3d47280, 0x00007a39d3d477d0] Compiler: c1, Barriers: 5, Oops: 0, ImmediateOops: 1, NonImmediateOops: No
[2,236s][debug][gc,nmethod     ] Register NMethod: com.sun.org.apache.xerces.internal.impl.XMLDocumentFragmentScannerImpl.getString (0x00007a39d3d47808) [0x00007a39d3d47900, 0x00007a39d3d48530] Compiler: c1, Barriers: 8, Oops: 0, ImmediateOops: 0, NonImmediateOops: No
[2,237s][debug][gc,nmethod     ] Register NMethod: com.sun.org.apache.xerces.internal.util.XMLAttributesImpl.addAttributeNS (0x00007a39d3d48588) [0x00007a39d3d48680, 0x00007a39d3d49b80] Compiler: c1, Barriers: 47, Oops: 0, ImmediateOops: 0, NonImmediateOops: No
[2,237s][debug][gc,nmethod     ] Register NMethod: net.openhft.hashing.LongHashFunction.xx3 (0x00007a39d3d49b88) [0x00007a39d3d49c80, 0x00007a39d3d49e20] Compiler: c1, Barriers: 0, Oops: 1, ImmediateOops: 1, NonImmediateOops: No
[2,237s][debug][gc,nmethod     ] Register NMethod: io.sirix.access.trx.node.AbstractNodeReadOnlyTrx.getStructuralNode (0x00007a39f2cf4988) [0x00007a39f2cf4a80, 0x00007a39f2cf4d90] Compiler: jvmci, Barriers: 3, Oops: 1, ImmediateOops: 0, NonImmediateOops: No
[2,237s][debug][gc,nmethod     ] Register NMethod: io.sirix.node.xml.AttributeNode.getPrefixKey (0x00007a39d3d49e88) [0x00007a39d3d49f80, 0x00007a39d3d4ef70] Compiler: c1, Barriers: 19, Oops: 7, ImmediateOops: 11, NonImmediateOops: No
[2,238s][debug][gc,nmethod     ] Register NMethod: net.openhft.hashing.XXH3.asLongHashFunctionWithoutSeed (0x00007a39d3d4f008) [0x00007a39d3d4f100, 0x00007a39d3d4f240] Compiler: c1, Barriers: 0, Oops: 1, ImmediateOops: 1, NonImmediateOops: No
[2,238s][debug][gc,nmethod     ] Register NMethod: net.openhft.hashing.XXH3$AsLongHashFunction.access$000 (0x00007a39d3d4f308) [0x00007a39d3d4f400, 0x00007a39d3d4f4e8] Compiler: c1, Barriers: 0, Oops: 1, ImmediateOops: 1, NonImmediateOops: No
[2,238s][debug][gc,nmethod     ] Register NMethod: io.sirix.access.trx.node.xml.XmlNodeTrxImpl.insertAttribute (0x00007a39d3d4f608) [0x00007a39d3d4f700, 0x00007a39d3d4fa00] Compiler: c1, Barriers: 0, Oops: 1, ImmediateOops: 1, NonImmediateOops: No
[2,238s][debug][gc,nmethod     ] Register NMethod: io.sirix.node.xml.AttributeNode.getURIKey (0x00007a39d3d4fa88) [0x00007a39d3d4fb80, 0x00007a39d3d54b70] Compiler: c1, Barriers: 19, Oops: 7, ImmediateOops: 11, NonImmediateOops: No
[2,238s][debug][gc,nmethod     ] Register NMethod: io.sirix.node.xml.AttributeNode.getLocalNameKey (0x00007a39d3d54c08) [0x00007a39d3d54d00, 0x00007a39d3d59cf0] Compiler: c1, Barriers: 19, Oops: 7, ImmediateOops: 11, NonImmediateOops: No
[2,238s][debug][gc,nmethod     ] Register NMethod: io.sirix.access.trx.node.xml.XmlDeweyIDManager.newAttributeID (0x00007a39d3d59d88) [0x00007a39d3d59e80, 0x00007a39d3d5e0a8] Compiler: c1, Barriers: 17, Oops: 1, ImmediateOops: 2, NonImmediateOops: No
[2,238s][debug][gc,nmethod     ] Register NMethod: java.util.Arrays.copyOf (0x00007a39f2cf4e08) [0x00007a39f2cf4f00, 0x00007a39f2cf5318] Compiler: jvmci, Barriers: 0, Oops: 0, ImmediateOops: 0, NonImmediateOops: No
[2,238s][debug][gc,nmethod     ] Register NMethod: io.sirix.access.trx.node.xml.ForwardingXmlNodeReadOnlyTrx.hasAttributes (0x00007a39d3d5e108) [0x00007a39d3d5e200, 0x00007a39d3d5e800] Compiler: c1, Barriers: 1, Oops: 1, ImmediateOops: 0, NonImmediateOops: No
[2,239s][debug][gc,nmethod     ] Register NMethod: io.sirix.access.trx.node.xml.XmlNodeReadOnlyTrxImpl.hasAttributes (0x00007a39d3d5e888) [0x00007a39d3d5e980, 0x00007a39d3d5f900] Compiler: c1, Barriers: 2, Oops: 1, ImmediateOops: 2, NonImmediateOops: No
[2,239s][debug][gc,nmethod     ] Register NMethod: io.sirix.node.xml.AttributeNode.<init> (0x00007a39d3d5f988) [0x00007a39d3d5fa80, 0x00007a39d3d600f0] Compiler: c1, Barriers: 12, Oops: 1, ImmediateOops: 0, NonImmediateOops: No
[2,239s][debug][gc,nmethod     ] Register NMethod: com.sun.org.apache.xerces.internal.impl.XMLScanner.scanAttributeValue (0x00007a39d3d60108) [0x00007a39d3d60200, 0x00007a39d3d6a900] Compiler: c1, Barriers: 92, Oops: 8, ImmediateOops: 16, NonImmediateOops: No
[2,239s][debug][gc,nmethod     ] Register NMethod: io.sirix.node.xml.ElementNode.insertAttribute (0x00007a39d3d6a988) [0x00007a39d3d6aa80, 0x00007a39d3d6ac38] Compiler: c1, Barriers: 1, Oops: 1, ImmediateOops: 0, NonImmediateOops: No
[2,239s][debug][gc,nmethod     ] Register NMethod: io.sirix.query.node.SubtreeProcessor.notifyAttribute (0x00007a39d3d6ac88) [0x00007a39d3d6ad80, 0x00007a39d3d6b7e0] Compiler: c1, Barriers: 1, Oops: 1, ImmediateOops: 0, NonImmediateOops: No
[2,240s][debug][gc,nmethod     ] Register NMethod: io.sirix.node.SirixDeweyID.getNewAttributeID (0x00007a39d3d6b808) [0x00007a39d3d6b900, 0x00007a39d3d6bce8] Compiler: c1, Barriers: 5, Oops: 1, ImmediateOops: 0, NonImmediateOops: No
[2,240s][debug][gc,nmethod     ] Register NMethod: io.sirix.access.trx.node.xml.XmlNodeFactoryImpl.createAttributeNode (0x00007a39d3d6bd08) [0x00007a39d3d6be00, 0x00007a39d3d6e600] Compiler: c1, Barriers: 21, Oops: 2, ImmediateOops: 6, NonImmediateOops: No
[2,240s][debug][gc,director    ] Rule Major: Warmup 10%, Used: 304MB, UsedThreshold: 1228MB
[2,241s][debug][gc,nmethod     ] Register NMethod: it.unimi.dsi.fastutil.ints.Int2LongOpenHashMap.put (0x00007a39d3d6e688) [0x00007a39d3d6e780, 0x00007a39d3d6e9e8] Compiler: c1, Barriers: 1, Oops: 1, ImmediateOops: 0, NonImmediateOops: No
[2,243s][debug][gc,nmethod     ] Register NMethod: io.sirix.access.trx.node.xml.XmlNodeTrxImpl.insertAttribute (0x00007a39d3d6ea08) [0x00007a39d3d6eb00, 0x00007a39d3d7ebf0] Compiler: c1, Barriers: 58, Oops: 8, ImmediateOops: 23, NonImmediateOops: No
[2,243s][debug][gc,nmethod     ] Register NMethod: io.sirix.axis.AbstractAxis.nextLong (0x00007a39f2cf5388) [0x00007a39f2cf5480, 0x00007a39f2cf5db0] Compiler: jvmci, Barriers: 25, Oops: 1, ImmediateOops: 4, NonImmediateOops: No
[2,244s][debug][gc,nmethod     ] Register NMethod: java.util.HashMap.computeIfAbsent (0x00007a39f2cf5e08) [0x00007a39f2cf5f20, 0x00007a39f2cf81c0] Compiler: jvmci, Barriers: 92, Oops: 1, ImmediateOops: 0, NonImmediateOops: No
[2,244s][debug][gc,nmethod     ] Register NMethod: jdk.internal.ref.CleanerImpl$CleanableList.insert (0x00007a39f2cf8208) [0x00007a39f2cf8300, 0x00007a39f2cf89f8] Compiler: jvmci, Barriers: 22, Oops: 0, ImmediateOops: 0, NonImmediateOops: No
[2,245s][debug][gc,nmethod     ] Register NMethod: java.lang.ref.Cleaner.register (0x00007a39f2cf8a08) [0x00007a39f2cf8b00, 0x00007a39f2cf9708] Compiler: jvmci, Barriers: 40, Oops: 0, ImmediateOops: 2, NonImmediateOops: No
[2,245s][debug][gc,nmethod     ] Register NMethod: java.nio.Buffer.limit (0x00007a39f2cf9788) [0x00007a39f2cf9880, 0x00007a39f2cf9990] Compiler: jvmci, Barriers: 0, Oops: 0, ImmediateOops: 0, NonImmediateOops: No
[2,246s][debug][gc,nmethod     ] Register NMethod: jdk.internal.ref.PhantomCleanable.<init> (0x00007a39f2cf9a88) [0x00007a39f2cf9b80, 0x00007a39f2cfa650] Compiler: jvmci, Barriers: 37, Oops: 0, ImmediateOops: 2, NonImmediateOops: No
[2,246s][debug][gc,nmethod     ] Register NMethod: io.sirix.node.xml.AttributeNode.computeHash (0x00007a39d3d7ec88) [0x00007a39d3d7ed80, 0x00007a39d3d955e0] Compiler: c1, Barriers: 86, Oops: 13, ImmediateOops: 49, NonImmediateOops: No
[2,247s][debug][gc,nmethod     ] Register NMethod: java.util.ArrayDeque.pollFirst (0x00007a39f2cfa688) [0x00007a39f2cfa780, 0x00007a39f2cfa980] Compiler: jvmci, Barriers: 4, Oops: 0, ImmediateOops: 0, NonImmediateOops: No
[2,248s][debug][gc,nmethod     ] Register NMethod: com.sun.org.apache.xerces.internal.impl.XMLScanner.isValidNameStartHighSurrogate (0x00007a39f2cfa988) [0x00007a39f2cfaa80, 0x00007a39f2cfab40] Compiler: c1, Barriers: 0, Oops: 0, ImmediateOops: 0, NonImmediateOops: No
[2,248s][debug][gc,nmethod     ] Register NMethod: com.sun.org.apache.xerces.internal.impl.XMLEntityScanner.skipChar (0x00007a39f2cfac88) [0x00007a39f2cfad80, 0x00007a39f2cfb178] Compiler: jvmci, Barriers: 4, Oops: 0, ImmediateOops: 0, NonImmediateOops: No
[2,248s][debug][gc,nmethod     ] Register NMethod: it.unimi.dsi.fastutil.longs.LongArrays.forceCapacity (0x00007a39d3d95688) [0x00007a39d3d95780, 0x00007a39d3d95998] Compiler: c1, Barriers: 0, Oops: 1, ImmediateOops: 0, NonImmediateOops: No
[2,248s][debug][gc,nmethod     ] Register NMethod: it.unimi.dsi.fastutil.longs.LongArrayList.removeLong (0x00007a39f2cfb188) [0x00007a39f2cfb280, 0x00007a39f2cfb400] Compiler: jvmci, Barriers: 1, Oops: 1, ImmediateOops: 0, NonImmediateOops: No
[2,248s][debug][gc,nmethod     ] Register NMethod: it.unimi.dsi.fastutil.longs.LongArrayList.getLong (0x00007a39f2cfb488) [0x00007a39f2cfb580, 0x00007a39f2cfb6b0] Compiler: jvmci, Barriers: 1, Oops: 1, ImmediateOops: 0, NonImmediateOops: No
[2,249s][debug][gc,nmethod     ] Register NMethod: com.sun.org.apache.xerces.internal.impl.XMLEntityScanner.peekChar (0x00007a39f2cfb788) [0x00007a39f2cfb880, 0x00007a39f2cfba38] Compiler: jvmci, Barriers: 2, Oops: 0, ImmediateOops: 0, NonImmediateOops: No
[2,249s][debug][gc,nmethod     ] Register NMethod: java.util.HashSet.isEmpty (0x00007a39f2cfba88) [0x00007a39f2cfbb80, 0x00007a39f2cfbc68] Compiler: jvmci, Barriers: 1, Oops: 0, ImmediateOops: 0, NonImmediateOops: No
[2,250s][debug][gc,director    ] Rule Major: Warmup 10%, Used: 306MB, UsedThreshold: 1228MB
[2,251s][debug][gc,nmethod     ] Register NMethod: io.sirix.node.xml.ElementNode.getChildCount (0x00007a39f2cfbd88) [0x00007a39f2cfbe80, 0x00007a39f2cfc2f8] Compiler: jvmci, Barriers: 5, Oops: 3, ImmediateOops: 0, NonImmediateOops: No
[2,251s][debug][gc,nmethod     ] Register NMethod: jdk.internal.misc.Unsafe.checkNativeAddress (0x00007a39f2cfc388) [0x00007a39f2cfc480, 0x00007a39f2cfc500] Compiler: jvmci, Barriers: 0, Oops: 0, ImmediateOops: 0, NonImmediateOops: No
[2,251s][debug][gc,nmethod     ] Register NMethod: jdk.internal.misc.Unsafe.checkOffset (0x00007a39f2cfc688) [0x00007a39f2cfc780, 0x00007a39f2cfc838] Compiler: jvmci, Barriers: 0, Oops: 0, ImmediateOops: 0, NonImmediateOops: No
[2,251s][debug][gc,nmethod     ] Register NMethod: io.sirix.node.xml.TextNode.hasLeftSibling (0x00007a39f2cfc988) [0x00007a39f2cfca80, 0x00007a39f2cfcea8] Compiler: jvmci, Barriers: 4, Oops: 3, ImmediateOops: 0, NonImmediateOops: No
[2,252s][debug][gc,nmethod     ] Register NMethod: java.util.BitSet.recalculateWordsInUse (0x00007a39f2cfcf08) [0x00007a39f2cfd000, 0x00007a39f2cfd178] Compiler: jvmci, Barriers: 1, Oops: 0, ImmediateOops: 0, NonImmediateOops: No
[2,252s][debug][gc,nmethod     ] Register NMethod: io.sirix.access.trx.node.xml.XmlNodeReadOnlyTrxImpl.getNode (0x00007a39f2cfd208) [0x00007a39f2cfd300, 0x00007a39f2cfd4e0] Compiler: jvmci, Barriers: 3, Oops: 1, ImmediateOops: 0, NonImmediateOops: No
[2,253s][debug][gc,nmethod     ] Register NMethod: java.lang.String.encodeUTF8 (0x00007a39f2cfd508) [0x00007a39f2cfd600, 0x00007a39f2cfd7b8] Compiler: jvmci, Barriers: 0, Oops: 0, ImmediateOops: 0, NonImmediateOops: No
[2,253s][debug][gc,nmethod     ] Register NMethod: jdk.xml.internal.XMLSecurityManager.isOverLimit (0x00007a39f2cfd808) [0x00007a39f2cfd900, 0x00007a39f2cfdb68] Compiler: jvmci, Barriers: 2, Oops: 0, ImmediateOops: 0, NonImmediateOops: No
[2,253s][debug][gc,nmethod     ] Register NMethod: io.sirix.query.node.SubtreeBuilder.attribute (0x00007a39d3d95a08) [0x00007a39d3d95b00, 0x00007a39d3d96d00] Compiler: c1, Barriers: 6, Oops: 1, ImmediateOops: 1, NonImmediateOops: No
[2,253s][debug][gc,nmethod     ] Register NMethod: com.sun.org.apache.xerces.internal.xni.XMLString.append (0x00007a39d3d96d88) [0x00007a39d3d96e80, 0x00007a39d3d971c0] Compiler: c1, Barriers: 1, Oops: 0, ImmediateOops: 0, NonImmediateOops: No
[2,253s][debug][gc,nmethod     ] Register NMethod: com.sun.org.apache.xerces.internal.parsers.AbstractXMLDocumentParser.emptyElement (0x00007a39d3d97208) [0x00007a39d3d97300, 0x00007a39d3d97818] Compiler: c1, Barriers: 0, Oops: 0, ImmediateOops: 0, NonImmediateOops: No
[2,254s][debug][gc,nmethod     ] Register NMethod: java.util.concurrent.ConcurrentHashMap.<init> (0x00007a39d3d97888) [0x00007a39d3d97980, 0x00007a39d3d97b38] Compiler: c1, Barriers: 0, Oops: 0, ImmediateOops: 0, NonImmediateOops: No
[2,254s][debug][gc,nmethod     ] Register NMethod: io.sirix.axis.filter.PathNameFilter.filter (0x00007a39f2cfdb88) [0x00007a39f2cfdc80, 0x00007a39f2cfe180] Compiler: jvmci, Barriers: 6, Oops: 1, ImmediateOops: 0, NonImmediateOops: No
[2,255s][debug][gc,nmethod     ] Register NMethod: io.sirix.page.KeyValueLeafPage.setRecord (0x00007a39f2cfe208) [0x00007a39f2cfe300, 0x00007a39f2cfe680] Compiler: jvmci, Barriers: 4, Oops: 1, ImmediateOops: 0, NonImmediateOops: No
[2,255s][debug][gc,nmethod     ] Register NMethod: com.sun.org.apache.xerces.internal.impl.XMLNSDocumentScannerImpl.scanAttribute (0x00007a39d3d97b88) [0x00007a39d3d97c80, 0x00007a39d3d9fd20] Compiler: c1, Barriers: 128, Oops: 9, ImmediateOops: 41, NonImmediateOops: No
[2,257s][debug][gc,nmethod     ] Register NMethod: it.unimi.dsi.fastutil.longs.LongArrayList.add (0x00007a39f2cfe708) [0x00007a39f2cfe800, 0x00007a39f2cfed00] Compiler: jvmci, Barriers: 4, Oops: 1, ImmediateOops: 1, NonImmediateOops: No
[2,257s][debug][gc,nmethod     ] Register NMethod: java.util.concurrent.locks.AbstractQueuedSynchronizer.signalNext (0x00007a39f2cfed88) [0x00007a39f2cfee80, 0x00007a39f2cff068] Compiler: jvmci, Barriers: 2, Oops: 1, ImmediateOops: 1, NonImmediateOops: No
[2,258s][debug][gc,nmethod     ] Register NMethod: io.sirix.access.trx.node.xml.ForwardingXmlNodeReadOnlyTrx.getNodeKey (0x00007a39f2cff088) [0x00007a39f2cff180, 0x00007a39f2cff370] Compiler: jvmci, Barriers: 2, Oops: 1, ImmediateOops: 0, NonImmediateOops: No
[2,259s][debug][gc,nmethod     ] Register NMethod: it.unimi.dsi.fastutil.longs.LongArrayList.grow (0x00007a39f2cff388) [0x00007a39f2cff480, 0x00007a39f2cff8f0] Compiler: jvmci, Barriers: 4, Oops: 1, ImmediateOops: 1, NonImmediateOops: No
[2,259s][debug][gc,nmethod     ] Register NMethod: jdk.internal.misc.Unsafe.allocateMemory (0x00007a39f2cff908) [0x00007a39f2cffa00, 0x00007a39f2cffb48] Compiler: jvmci, Barriers: 0, Oops: 0, ImmediateOops: 0, NonImmediateOops: No
[2,260s][debug][gc,director    ] Rule Major: Warmup 10%, Used: 308MB, UsedThreshold: 1228MB
[2,262s][debug][gc,nmethod     ] Register NMethod: com.sun.org.apache.xerces.internal.impl.XMLNSDocumentScannerImpl.next (0x00007a39f2cffc08) [0x00007a39f2cffd00, 0x00007a39f2d01588] Compiler: jvmci, Barriers: 34, Oops: 1, ImmediateOops: 1, NonImmediateOops: No
[2,263s][debug][gc,nmethod     ] Register NMethod: com.sun.org.apache.xerces.internal.impl.XMLDocumentFragmentScannerImpl$FragmentContentDriver.next (0x00007a39f2d01608) [0x00007a39f2d01700, 0x00007a39f2d02f60] Compiler: jvmci, Barriers: 35, Oops: 1, ImmediateOops: 1, NonImmediateOops: No
[2,263s][debug][gc,nmethod     ] Register NMethod: jdk.internal.misc.Unsafe.copyMemory (0x00007a39f2d02f88) [0x00007a39f2d03080, 0x00007a39f2d03360] Compiler: jvmci, Barriers: 4, Oops: 0, ImmediateOops: 0, NonImmediateOops: No
[2,263s][debug][gc,nmethod     ] Register NMethod: io.sirix.utils.XMLToken.ncName (0x00007a39f2d03388) [0x00007a39f2d03480, 0x00007a39f2d037d8] Compiler: jvmci, Barriers: 0, Oops: 1, ImmediateOops: 0, NonImmediateOops: No
[2,264s][debug][gc,nmethod     ] Register NMethod: java.util.concurrent.locks.ReentrantLock$Sync.tryRelease (0x00007a39f2d03808) [0x00007a39f2d03900, 0x00007a39f2d03b38] Compiler: jvmci, Barriers: 4, Oops: 0, ImmediateOops: 0, NonImmediateOops: No
[2,264s][debug][gc,nmethod     ] Register NMethod: java.util.concurrent.locks.ReentrantLock$NonfairSync.initialTryLock (0x00007a39f2d03b88) [0x00007a39f2d03c80, 0x00007a39f2d03de8] Compiler: jvmci, Barriers: 4, Oops: 0, ImmediateOops: 0, NonImmediateOops: No
[2,264s][debug][gc,nmethod     ] Register NMethod: java.lang.String.encode (0x00007a39f2d03e88) [0x00007a39f2d03f80, 0x00007a39f2d04158] Compiler: jvmci, Barriers: 0, Oops: 0, ImmediateOops: 1, NonImmediateOops: No
[2,264s][debug][gc,nmethod     ] Register NMethod: java.nio.Bits.tryReserveMemory (0x00007a39f2d04188) [0x00007a39f2d04280, 0x00007a39f2d043a8] Compiler: jvmci, Barriers: 0, Oops: 0, ImmediateOops: 4, NonImmediateOops: No
[2,264s][debug][gc,nmethod     ] Register NMethod: java.util.concurrent.locks.ReentrantLock.lock (0x00007a39f2d04488) [0x00007a39f2d04580, 0x00007a39f2d04768] Compiler: jvmci, Barriers: 5, Oops: 0, ImmediateOops: 0, NonImmediateOops: No
[2,264s][debug][gc,nmethod     ] Register NMethod: com.sun.org.apache.xerces.internal.impl.XMLDocumentFragmentScannerImpl.bufferContent (0x00007a39d3d9fd88) [0x00007a39d3d9fe80, 0x00007a39d3da04c0] Compiler: c1, Barriers: 4, Oops: 0, ImmediateOops: 0, NonImmediateOops: No
[2,265s][debug][gc,nmethod     ] Register NMethod: java.nio.Bits.reserveMemory (0x00007a39f2d04788) [0x00007a39f2d04880, 0x00007a39f2d049d0] Compiler: jvmci, Barriers: 0, Oops: 0, ImmediateOops: 4, NonImmediateOops: No
[2,265s][debug][gc,nmethod     ] Register NMethod: jdk.internal.foreign.ArenaImpl.<init> (0x00007a39f2d04a88) [0x00007a39f2d04b80, 0x00007a39f2d04ca0] Compiler: jvmci, Barriers: 3, Oops: 0, ImmediateOops: 0, NonImmediateOops: No
[2,265s][debug][gc,nmethod     ] Register NMethod: net.openhft.hashing.UnsafeAccess.byteOrder (0x00007a39f2d04d88) [0x00007a39f2d04e80, 0x00007a39f2d04f10] Compiler: jvmci, Barriers: 0, Oops: 1, ImmediateOops: 1, NonImmediateOops: No
[2,266s][debug][gc,nmethod     ] Register NMethod: java.util.concurrent.locks.ReentrantLock.unlock (0x00007a39f2d05088) [0x00007a39f2d05180, 0x00007a39f2d05528] Compiler: jvmci, Barriers: 8, Oops: 1, ImmediateOops: 0, NonImmediateOops: No
[2,267s][debug][gc,nmethod     ] Register NMethod: java.lang.String.<init> (0x00007a39f2d05588) [0x00007a39f2d05680, 0x00007a39f2d059c8] Compiler: jvmci, Barriers: 3, Oops: 0, ImmediateOops: 0, NonImmediateOops: No
[2,267s][debug][gc,nmethod     ] Register NMethod: com.sun.org.apache.xerces.internal.impl.XMLDocumentFragmentScannerImpl$FragmentContentDriver.startOfMarkup (0x00007a39d3da0508) [0x00007a39d3da0600, 0x00007a39d3da2668] Compiler: c1, Barriers: 16, Oops: 0, ImmediateOops: 7, NonImmediateOops: No
[2,268s][debug][gc,nmethod     ] Register NMethod: com.sun.org.apache.xerces.internal.impl.XMLDocumentFragmentScannerImpl.scanContent (0x00007a39d3da2688) [0x00007a39d3da2780, 0x00007a39d3da3d70] Compiler: c1, Barriers: 11, Oops: 0, ImmediateOops: 1, NonImmediateOops: No
[2,268s][debug][gc,nmethod     ] Register NMethod: com.sun.org.apache.xerces.internal.impl.XMLEntityScanner.skipSpaces (0x00007a39f2d05a08) [0x00007a39f2d05b00, 0x00007a39f2d05e00] Compiler: jvmci, Barriers: 2, Oops: 0, ImmediateOops: 1, NonImmediateOops: No
[2,268s][debug][gc,nmethod     ] Register NMethod: io.sirix.cache.IndexLogKey.equals (0x00007a39d3da3d88) [0x00007a39d3da3e80, 0x00007a39d3da47c8] Compiler: c1, Barriers: 4, Oops: 1, ImmediateOops: 0, NonImmediateOops: No
[2,269s][debug][gc,nmethod     ] Register NMethod: java.util.HashMap.computeIfAbsent (0x00007a39d3da4808) [0x00007a39d3da4900, 0x00007a39d3da7108] Compiler: c1, Barriers: 11, Oops: 0, ImmediateOops: 0, NonImmediateOops: No
[2,271s][debug][gc,director    ] Rule Major: Warmup 10%, Used: 312MB, UsedThreshold: 1228MB
[2,271s][debug][gc,nmethod     ] Register NMethod: jdk.internal.foreign.ArenaImpl.allocate (0x00007a39f2d05e08) [0x00007a39f2d05f00, 0x00007a39f2d06838] Compiler: jvmci, Barriers: 16, Oops: 1, ImmediateOops: 6, NonImmediateOops: No
[2,271s][debug][gc,nmethod     ] Register NMethod: io.sirix.node.xml.ElementNode.incrementChildCount (0x00007a39f2d06888) [0x00007a39f2d06980, 0x00007a39f2d07270] Compiler: jvmci, Barriers: 10, Oops: 3, ImmediateOops: 0, NonImmediateOops: No
[2,273s][debug][gc,nmethod     ] Register NMethod: jdk.internal.foreign.Utils$BaseAndScale.of (0x00007a39f2d07308) [0x00007a39f2d07400, 0x00007a39f2d074c8] Compiler: jvmci, Barriers: 0, Oops: 0, ImmediateOops: 1, NonImmediateOops: No
[2,273s][debug][gc,nmethod     ] Register NMethod: io.sirix.node.xml.ElementNode.setChildCount (0x00007a39f2d07608) [0x00007a39f2d07700, 0x00007a39f2d07bc0] Compiler: jvmci, Barriers: 5, Oops: 3, ImmediateOops: 0, NonImmediateOops: No
[2,273s][debug][gc,nmethod     ] Register NMethod: jdk.internal.foreign.Utils$BaseAndScale$$TypeSwitch/0x00000000ba25d140.typeSwitch (0x00007a39f2d07c08) [0x00007a39f2d07d00, 0x00007a39f2d07df8] Compiler: jvmci, Barriers: 0, Oops: 0, ImmediateOops: 0, NonImmediateOops: No
[2,273s][debug][gc,nmethod     ] Register NMethod: com.sun.org.apache.xerces.internal.util.SymbolTable.addSymbol (0x00007a39f2d07f08) [0x00007a39f2d08000, 0x00007a39f2d08880] Compiler: jvmci, Barriers: 7, Oops: 0, ImmediateOops: 0, NonImmediateOops: No
[2,274s][debug][gc,nmethod     ] Register NMethod: jdk.internal.foreign.Utils.checkAlign (0x00007a39f2d08888) [0x00007a39f2d08980, 0x00007a39f2d08a28] Compiler: jvmci, Barriers: 0, Oops: 0, ImmediateOops: 0, NonImmediateOops: No
[2,274s][debug][gc,nmethod     ] Register NMethod: io.sirix.node.AbstractForwardingNode.getParentKey (0x00007a39f2d08b88) [0x00007a39f2d08c80, 0x00007a39f2d08e20] Compiler: jvmci, Barriers: 2, Oops: 1, ImmediateOops: 0, NonImmediateOops: No
[2,278s][debug][gc,nmethod     ] Register NMethod: io.sirix.node.xml.TextNode.hasRightSibling (0x00007a39f2d08e88) [0x00007a39f2d08f80, 0x00007a39f2d093d8] Compiler: jvmci, Barriers: 4, Oops: 3, ImmediateOops: 0, NonImmediateOops: No
[2,280s][debug][gc,nmethod     ] Register NMethod: com.sun.org.apache.xerces.internal.impl.XMLEntityScanner.peekChar (0x00007a39d3da7188) [0x00007a39d3da7280, 0x00007a39d3da7738] Compiler: c1, Barriers: 3, Oops: 0, ImmediateOops: 0, NonImmediateOops: No
[2,280s][debug][gc,nmethod     ] Register NMethod: com.sun.org.apache.xerces.internal.impl.XMLNSDocumentScannerImpl.next (0x00007a39d3da7788) [0x00007a39d3da7880, 0x00007a39d3da7d50] Compiler: c1, Barriers: 2, Oops: 0, ImmediateOops: 0, NonImmediateOops: No
[2,280s][debug][gc,nmethod     ] Register NMethod: com.sun.org.apache.xerces.internal.util.XMLStringBuffer.clear (0x00007a39d3da7d88) [0x00007a39d3da7e80, 0x00007a39d3da7f90] Compiler: c1, Barriers: 0, Oops: 0, ImmediateOops: 0, NonImmediateOops: No
[2,281s][debug][gc,director    ] Rule Major: Warmup 10%, Used: 314MB, UsedThreshold: 1228MB
[2,282s][debug][gc,nmethod     ] Register NMethod: jdk.internal.foreign.ArenaImpl.allocate (0x00007a39f2d09408) [0x00007a39f2d09500, 0x00007a39f2d09e38] Compiler: jvmci, Barriers: 16, Oops: 1, ImmediateOops: 6, NonImmediateOops: No
[2,283s][debug][gc,nmethod     ] Register NMethod: io.sirix.node.GrowingMemorySegment.writeByte (0x00007a39f2d09e88) [0x00007a39f2d09f80, 0x00007a39f2d0a4f0] Compiler: jvmci, Barriers: 5, Oops: 2, ImmediateOops: 0, NonImmediateOops: No
[2,284s][debug][gc,nmethod     ] Register NMethod: com.sun.org.apache.xerces.internal.impl.XMLDocumentFragmentScannerImpl$FragmentContentDriver.next (0x00007a39d3da8088) [0x00007a39d3da8180, 0x00007a39d3db5c40] Compiler: c1, Barriers: 140, Oops: 1, ImmediateOops: 14, NonImmediateOops: No
[2,286s][debug][gc,nmethod     ] Register NMethod: io.sirix.cache.IndexLogKey.equals (0x00007a39f2d0a508) [0x00007a39f2d0a600, 0x00007a39f2d0a798] Compiler: jvmci, Barriers: 2, Oops: 1, ImmediateOops: 0, NonImmediateOops: No
[2,287s][debug][gc,nmethod     ] Register NMethod: com.sun.org.apache.xerces.internal.impl.XMLEntityScanner.checkBeforeLoad (0x00007a39d3db5c88) [0x00007a39d3db5d80, 0x00007a39d3db62b0] Compiler: c1, Barriers: 4, Oops: 0, ImmediateOops: 1, NonImmediateOops: No
[2,290s][debug][gc,nmethod     ] Register NMethod: io.sirix.node.GrowingMemorySegment.<init> (0x00007a39f2d0a808) [0x00007a39f2d0a900, 0x00007a39f2d0b3a8] Compiler: jvmci, Barriers: 22, Oops: 2, ImmediateOops: 6, NonImmediateOops: No
[2,290s][debug][gc,nmethod     ] Register NMethod: java.util.HashMap.computeIfAbsent (0x00007a39f2d0b408) [0x00007a39f2d0b500, 0x00007a39f2d0c930] Compiler: jvmci, Barriers: 46, Oops: 1, ImmediateOops: 0, NonImmediateOops: No
[2,291s][debug][gc,nmethod     ] Register NMethod: io.sirix.node.delegates.StructNodeDelegate.setLeftSiblingKey (0x00007a39f2d0c988) [0x00007a39f2d0ca80, 0x00007a39f2d0cb40] Compiler: c1, Barriers: 0, Oops: 1, ImmediateOops: 0, NonImmediateOops: No
[2,291s][debug][gc,director    ] Rule Major: Warmup 10%, Used: 316MB, UsedThreshold: 1228MB
[2,292s][debug][gc,nmethod     ] Register NMethod: io.sirix.access.trx.page.NodePageTrx.createRecord (0x00007a39f2d0cc88) [0x00007a39f2d0cd80, 0x00007a39f2d0e230] Compiler: jvmci, Barriers: 43, Oops: 3, ImmediateOops: 1, NonImmediateOops: No
[2,294s][debug][gc,nmethod     ] Register NMethod: jdk.internal.foreign.ImplicitSession.<init> (0x00007a39f2d0e288) [0x00007a39f2d0e380, 0x00007a39f2d0f108] Compiler: jvmci, Barriers: 46, Oops: 1, ImmediateOops: 2, NonImmediateOops: No
[2,296s][debug][gc,nmethod     ] Register NMethod: io.sirix.access.trx.node.AbstractNodeTrxImpl.checkAccessAndCommit (0x00007a39f2d0f188) [0x00007a39f2d0f280, 0x00007a39f2d0f4f8] Compiler: jvmci, Barriers: 3, Oops: 1, ImmediateOops: 1, NonImmediateOops: No
[2,297s][debug][gc,nmethod     ] Register NMethod: io.sirix.node.xml.TextNode.getRightSiblingKey (0x00007a39f2d0f508) [0x00007a39f2d0f600, 0x00007a39f2d0fa18] Compiler: jvmci, Barriers: 4, Oops: 3, ImmediateOops: 0, NonImmediateOops: No
[2,297s][debug][gc,nmethod     ] Register NMethod: io.sirix.access.trx.node.AbstractNodeReadOnlyTrx.storeDeweyIDs (0x00007a39f2d0fa88) [0x00007a39f2d0fb80, 0x00007a39f2d0fd18] Compiler: jvmci, Barriers: 2, Oops: 1, ImmediateOops: 0, NonImmediateOops: No
[2,298s][debug][gc,nmethod     ] Register NMethod: io.sirix.node.xml.TextNode.getLeftSiblingKey (0x00007a39f2d0fd88) [0x00007a39f2d0fe80, 0x00007a39f2d10298] Compiler: jvmci, Barriers: 4, Oops: 3, ImmediateOops: 0, NonImmediateOops: No
[2,299s][debug][gc,nmethod     ] Register NMethod: jdk.internal.foreign.AbstractMemorySegmentImpl.asSlice (0x00007a39f2d10308) [0x00007a39f2d10400, 0x00007a39f2d105e8] Compiler: jvmci, Barriers: 3, Oops: 0, ImmediateOops: 0, NonImmediateOops: No
[2,300s][debug][gc,nmethod     ] Register NMethod: io.sirix.node.BytesOut.asBytesIn (0x00007a39f2d10608) [0x00007a39f2d10700, 0x00007a39f2d10cd8] Compiler: jvmci, Barriers: 13, Oops: 1, ImmediateOops: 0, NonImmediateOops: No
[2,301s][debug][gc,nmethod     ] Register NMethod: io.sirix.access.trx.node.AbstractNodeHashing.isValueNode (0x00007a39f2d10d08) [0x00007a39f2d10e00, 0x00007a39f2d11020] Compiler: jvmci, Barriers: 0, Oops: 1, ImmediateOops: 5, NonImmediateOops: No
[2,301s][debug][gc,alloc       ] Mutator Allocation Rate: 315,7MB/s Predicted: 398,6MB/s, Avg: 273,5(+/-64,3)MB/s
[2,301s][debug][gc,director    ] Rule Major: Warmup 10%, Used: 320MB, UsedThreshold: 1228MB
[2,301s][debug][gc,nmethod     ] Register NMethod: io.sirix.access.trx.node.AbstractNodeHashing.adaptHashesWithAdd (0x00007a39f2d11088) [0x00007a39f2d11180, 0x00007a39f2d112e0] Compiler: jvmci, Barriers: 1, Oops: 1, ImmediateOops: 0, NonImmediateOops: No
[2,304s][debug][gc,nmethod     ] Register NMethod: io.sirix.access.trx.node.AbstractIndexController.notifyChange (0x00007a39f2d11388) [0x00007a39f2d11480, 0x00007a39f2d11600] Compiler: jvmci, Barriers: 2, Oops: 1, ImmediateOops: 0, NonImmediateOops: No
[2,304s][debug][gc,nmethod     ] Register NMethod: net.openhft.hashing.XXH3$AsLongHashFunction.hash (0x00007a39f2d11688) [0x00007a39f2d11780, 0x00007a39f2d118a8] Compiler: jvmci, Barriers: 0, Oops: 1, ImmediateOops: 1, NonImmediateOops: No
[2,304s][debug][gc,nmethod     ] Register NMethod: net.openhft.hashing.XXH3.access$500 (0x00007a39f2d11988) [0x00007a39f2d11a80, 0x00007a39f2d11b08] Compiler: jvmci, Barriers: 0, Oops: 1, ImmediateOops: 0, NonImmediateOops: No
[2,306s][debug][gc,nmethod     ] Register NMethod: io.sirix.access.trx.node.xml.ForwardingXmlNodeReadOnlyTrx.getKind (0x00007a39f2d11c88) [0x00007a39f2d11d80, 0x00007a39f2d11fa0] Compiler: jvmci, Barriers: 2, Oops: 1, ImmediateOops: 2, NonImmediateOops: No
[2,306s][debug][gc,nmethod     ] Register NMethod: io.sirix.access.trx.node.xml.ForwardingXmlNodeReadOnlyTrx.getResourceSession (0x00007a39f2d12008) [0x00007a39f2d12100, 0x00007a39f2d122c0] Compiler: jvmci, Barriers: 2, Oops: 1, ImmediateOops: 0, NonImmediateOops: No
[2,307s][debug][gc,nmethod     ] Register NMethod: io.sirix.access.trx.node.xml.XmlNodeTrxImpl.adaptForInsert (0x00007a39f2d12308) [0x00007a39f2d12400, 0x00007a39f2d178d0] Compiler: jvmci, Barriers: 114, Oops: 17, ImmediateOops: 1, NonImmediateOops: No
[2,309s][debug][gc,nmethod     ] Register NMethod: io.sirix.access.trx.node.xml.XmlNodeReadOnlyTrxImpl.getResourceSession (0x00007a39f2d17988) [0x00007a39f2d17a80, 0x00007a39f2d17ba0] Compiler: jvmci, Barriers: 1, Oops: 1, ImmediateOops: 0, NonImmediateOops: No
[2,310s][debug][gc,nmethod     ] Register NMethod: io.sirix.node.xml.ElementNode.getPathNodeKey (0x00007a39f2d17c88) [0x00007a39f2d17d80, 0x00007a39f2d18198] Compiler: jvmci, Barriers: 4, Oops: 3, ImmediateOops: 0, NonImmediateOops: No
[2,310s][debug][gc,nmethod     ] Register NMethod: net.openhft.hashing.LongHashFunction.unsafeHash (0x00007a39f2d18208) [0x00007a39f2d18300, 0x00007a39f2d18408] Compiler: jvmci, Barriers: 0, Oops: 1, ImmediateOops: 2, NonImmediateOops: No
[2,311s][debug][gc,nmethod     ] Register NMethod: io.sirix.access.trx.node.AbstractNodeTrxImpl.intermediateCommitIfRequired (0x00007a39f2d18508) [0x00007a39f2d18600, 0x00007a39f2d18770] Compiler: jvmci, Barriers: 1, Oops: 1, ImmediateOops: 0, NonImmediateOops: No
[2,311s][debug][gc,director    ] Rule Major: Warmup 10%, Used: 322MB, UsedThreshold: 1228MB
[2,311s][debug][gc,nmethod     ] Register NMethod: java.nio.Buffer.position (0x00007a39f2d18808) [0x00007a39f2d18900, 0x00007a39f2d189e0] Compiler: jvmci, Barriers: 0, Oops: 0, ImmediateOops: 0, NonImmediateOops: No
[2,312s][debug][gc,nmethod     ] Register NMethod: io.sirix.node.xml.ElementNode.getFirstChildKey (0x00007a39f2d18b08) [0x00007a39f2d18c00, 0x00007a39f2d19018] Compiler: jvmci, Barriers: 4, Oops: 3, ImmediateOops: 0, NonImmediateOops: No
[2,313s][debug][gc,nmethod     ] Register NMethod: io.sirix.axis.AbstractAxis.<init> (0x00007a39f2d19088) [0x00007a39f2d19180, 0x00007a39f2d19548] Compiler: jvmci, Barriers: 12, Oops: 1, ImmediateOops: 2, NonImmediateOops: No
[2,313s][debug][gc,nmethod     ] Register NMethod: io.sirix.query.node.XmlDBNode.<init> (0x00007a39f2d19588) [0x00007a39f2d19680, 0x00007a39f2d1a118] Compiler: jvmci, Barriers: 27, Oops: 1, ImmediateOops: 2, NonImmediateOops: No
[2,313s][debug][gc,nmethod     ] Register NMethod: io.brackit.query.atomic.QNm.<init> (0x00007a39f2d1a188) [0x00007a39f2d1a280, 0x00007a39f2d1a4a8] Compiler: jvmci, Barriers: 9, Oops: 1, ImmediateOops: 1, NonImmediateOops: No
[2,313s][debug][gc,nmethod     ] Register NMethod: jdk.xml.internal.XMLLimitAnalyzer.addValue (0x00007a39f2d1a508) [0x00007a39f2d1a600, 0x00007a39f2d1a808] Compiler: jvmci, Barriers: 2, Oops: 0, ImmediateOops: 0, NonImmediateOops: No
[2,315s][debug][gc,nmethod     ] Register NMethod: net.openhft.hashing.XXH3.XXH3_64bits_internal (0x00007a39f2d1a888) [0x00007a39f2d1a980, 0x00007a39f2d1ce50] Compiler: jvmci, Barriers: 0, Oops: 1, ImmediateOops: 0, NonImmediateOops: No
[2,315s][debug][gc,nmethod     ] Register NMethod: java.nio.Buffer.<init> (0x00007a39f2d1ce88) [0x00007a39f2d1cf80, 0x00007a39f2d1d318] Compiler: jvmci, Barriers: 3, Oops: 0, ImmediateOops: 0, NonImmediateOops: No
[2,315s][debug][gc,nmethod     ] Register NMethod: java.nio.ByteBuffer.<init> (0x00007a39f2d1d388) [0x00007a39f2d1d480, 0x00007a39f2d1d880] Compiler: jvmci, Barriers: 9, Oops: 0, ImmediateOops: 0, NonImmediateOops: No
[2,317s][debug][gc,nmethod     ] Register NMethod: com.sun.org.apache.xerces.internal.impl.XMLEntityScanner.checkBeforeLoad (0x00007a39f2d1d888) [0x00007a39f2d1d980, 0x00007a39f2d1df28] Compiler: jvmci, Barriers: 6, Oops: 1, ImmediateOops: 0, NonImmediateOops: No
[2,317s][debug][gc,nmethod     ] Register NMethod: io.sirix.node.xml.AbstractStructForwardingNode.<init> (0x00007a39d3db6308) [0x00007a39d3db6400, 0x00007a39d3db6618] Compiler: c1, Barriers: 0, Oops: 1, ImmediateOops: 0, NonImmediateOops: No
[2,317s][debug][gc,nmethod     ] Register NMethod: io.sirix.node.delegates.StructNodeDelegate.<init> (0x00007a39d3db6688) [0x00007a39d3db6780, 0x00007a39d3db6d20] Compiler: c1, Barriers: 3, Oops: 1, ImmediateOops: 2, NonImmediateOops: No
[2,318s][debug][gc,nmethod     ] Register NMethod: java.nio.ByteBuffer.order (0x00007a39f2d1df88) [0x00007a39f2d1e080, 0x00007a39f2d1e150] Compiler: jvmci, Barriers: 0, Oops: 0, ImmediateOops: 1, NonImmediateOops: No
[2,318s][debug][gc,nmethod     ] Register NMethod: java.lang.String.<init> (0x00007a39f2d1e288) [0x00007a39f2d1e380, 0x00007a39f2d1e700] Compiler: jvmci, Barriers: 3, Oops: 0, ImmediateOops: 0, NonImmediateOops: No
[2,320s][debug][gc,nmethod     ] Register NMethod: com.sun.org.apache.xerces.internal.impl.XMLEntityScanner.peekChar (0x00007a39f2d1e708) [0x00007a39f2d1e800, 0x00007a39f2d1eb18] Compiler: jvmci, Barriers: 4, Oops: 0, ImmediateOops: 0, NonImmediateOops: No
[2,320s][debug][gc,nmethod     ] Register NMethod: io.sirix.node.GrowingMemorySegment.write (0x00007a39f2d1eb88) [0x00007a39f2d1ec80, 0x00007a39f2d1f260] Compiler: jvmci, Barriers: 6, Oops: 3, ImmediateOops: 0, NonImmediateOops: No
[2,321s][debug][gc,nmethod     ] Register NMethod: io.sirix.page.PageReference.getLogKey (0x00007a39f2d1f288) [0x00007a39f2d1f380, 0x00007a39f2d1f440] Compiler: c1, Barriers: 0, Oops: 1, ImmediateOops: 0, NonImmediateOops: No
[2,321s][debug][gc,director    ] Rule Major: Warmup 10%, Used: 326MB, UsedThreshold: 1228MB
[2,322s][debug][gc,nmethod     ] Register NMethod: java.nio.MappedByteBuffer.<init> (0x00007a39f2d1f588) [0x00007a39f2d1f680, 0x00007a39f2d1f940] Compiler: jvmci, Barriers: 7, Oops: 0, ImmediateOops: 0, NonImmediateOops: No
[2,322s][debug][gc,nmethod     ] Register NMethod: com.sun.org.apache.xerces.internal.impl.XMLEntityScanner.scanQName (0x00007a39f2d1f988) [0x00007a39f2d1fa80, 0x00007a39f2d20e38] Compiler: jvmci, Barriers: 30, Oops: 1, ImmediateOops: 3, NonImmediateOops: No
[2,322s][debug][gc,nmethod     ] Register NMethod: java.nio.ByteBuffer.<init> (0x00007a39f2d20e88) [0x00007a39f2d20f80, 0x00007a39f2d21350] Compiler: jvmci, Barriers: 7, Oops: 0, ImmediateOops: 0, NonImmediateOops: No
[2,322s][debug][gc,nmethod     ] Register NMethod: io.sirix.node.xml.ElementNode.getRightSiblingKey (0x00007a39f2d21388) [0x00007a39f2d21480, 0x00007a39f2d21898] Compiler: jvmci, Barriers: 4, Oops: 3, ImmediateOops: 0, NonImmediateOops: No
[2,323s][debug][gc,nmethod     ] Register NMethod: sun.misc.Unsafe.isMemoryAccessWarned (0x00007a39f2d21908) [0x00007a39f2d21a00, 0x00007a39f2d21a68] Compiler: jvmci, Barriers: 0, Oops: 0, ImmediateOops: 0, NonImmediateOops: No
[2,323s][debug][gc,nmethod     ] Register NMethod: java.nio.MappedByteBuffer.rewind (0x00007a39f2d21c08) [0x00007a39f2d21d00, 0x00007a39f2d21d98] Compiler: jvmci, Barriers: 0, Oops: 0, ImmediateOops: 0, NonImmediateOops: No
[2,323s][debug][gc,nmethod     ] Register NMethod: jdk.internal.foreign.AbstractMemorySegmentImpl.checkArraySize (0x00007a39f2d21f08) [0x00007a39f2d22000, 0x00007a39f2d220e8] Compiler: jvmci, Barriers: 0, Oops: 0, ImmediateOops: 0, NonImmediateOops: No
[2,324s][debug][gc,nmethod     ] Register NMethod: java.nio.MappedByteBuffer.limit (0x00007a39f2d22208) [0x00007a39f2d22300, 0x00007a39f2d22410] Compiler: jvmci, Barriers: 0, Oops: 0, ImmediateOops: 0, NonImmediateOops: No
[2,325s][debug][gc,nmethod     ] Register NMethod: net.openhft.hashing.UnsafeAccess.getLong (0x00007a39f2d22508) [0x00007a39f2d22600, 0x00007a39f2d22688] Compiler: jvmci, Barriers: 0, Oops: 1, ImmediateOops: 0, NonImmediateOops: No
[2,325s][debug][gc,nmethod     ] Register NMethod: jdk.internal.foreign.NativeMemorySegmentImpl.makeByteBuffer (0x00007a39f2d22808) [0x00007a39f2d22900, 0x00007a39f2d22a98] Compiler: jvmci, Barriers: 2, Oops: 0, ImmediateOops: 0, NonImmediateOops: No
[2,325s][debug][gc,nmethod     ] Register NMethod: java.nio.Buffer$2.newDirectByteBuffer (0x00007a39f2d22b08) [0x00007a39f2d22c00, 0x00007a39f2d22da0] Compiler: jvmci, Barriers: 4, Oops: 0, ImmediateOops: 0, NonImmediateOops: No
[2,326s][debug][gc,nmethod     ] Register NMethod: com.sun.org.apache.xerces.internal.impl.XMLNSDocumentScannerImpl.next (0x00007a39f2d22e08) [0x00007a39f2d22f00, 0x00007a39f2d23160] Compiler: jvmci, Barriers: 3, Oops: 0, ImmediateOops: 0, NonImmediateOops: No
[2,327s][debug][gc,nmethod     ] Register NMethod: io.sirix.node.delegates.StructNodeDelegate.incrementChildCount (0x00007a39d3db6d88) [0x00007a39d3db6e80, 0x00007a39d3db6f90] Compiler: c1, Barriers: 0, Oops: 1, ImmediateOops: 0, NonImmediateOops: No
[2,327s][debug][gc,nmethod     ] Register NMethod: io.sirix.page.PathSummaryPage.getMaxNodeKey (0x00007a39d3db7088) [0x00007a39d3db7180, 0x00007a39d3db7338] Compiler: c1, Barriers: 1, Oops: 1, ImmediateOops: 0, NonImmediateOops: No
[2,327s][debug][gc,nmethod     ] Register NMethod: io.sirix.node.xml.AbstractStructForwardingNode.incrementChildCount (0x00007a39d3db7388) [0x00007a39d3db7480, 0x00007a39d3db77d0] Compiler: c1, Barriers: 0, Oops: 1, ImmediateOops: 0, NonImmediateOops: No
[2,327s][debug][gc,nmethod     ] Register NMethod: io.sirix.node.xml.AbstractStructForwardingNode.setFirstChildKey (0x00007a39d3db7808) [0x00007a39d3db7900, 0x00007a39d3db7c40] Compiler: c1, Barriers: 0, Oops: 1, ImmediateOops: 0, NonImmediateOops: No
[2,327s][debug][gc,nmethod     ] Register NMethod: java.nio.DirectByteBuffer.address (0x00007a39f2d23188) [0x00007a39f2d23280, 0x00007a39f2d23448] Compiler: jvmci, Barriers: 3, Oops: 0, ImmediateOops: 0, NonImmediateOops: No
[2,327s][debug][gc,nmethod     ] Register NMethod: java.nio.DirectByteBuffer.<init> (0x00007a39f2d23488) [0x00007a39f2d23580, 0x00007a39f2d23860] Compiler: jvmci, Barriers: 12, Oops: 0, ImmediateOops: 0, NonImmediateOops: No
[2,327s][debug][gc,nmethod     ] Register NMethod: io.sirix.access.trx.page.AbstractForwardingPageReadOnlyTrx.getPathSummaryPage (0x00007a39d3db7c88) [0x00007a39d3db7d80, 0x00007a39d3db8e28] Compiler: c1, Barriers: 5, Oops: 1, ImmediateOops: 1, NonImmediateOops: No
[2,328s][debug][gc,nmethod     ] Register NMethod: io.sirix.node.delegates.NodeDelegate.<init> (0x00007a39d3db8e88) [0x00007a39d3db8f80, 0x00007a39d3db94d8] Compiler: c1, Barriers: 6, Oops: 1, ImmediateOops: 1, NonImmediateOops: No
[2,328s][debug][gc,nmethod     ] Register NMethod: io.sirix.node.delegates.NameNodeDelegate.<init> (0x00007a39d3db9508) [0x00007a39d3db9600, 0x00007a39d3db99b0] Compiler: c1, Barriers: 3, Oops: 1, ImmediateOops: 1, NonImmediateOops: No
[2,328s][debug][gc,nmethod     ] Register NMethod: io.sirix.index.path.summary.PathSummaryReader$$Lambda/0x00000000ba2b6198.<init> (0x00007a39d3db9a08) [0x00007a39d3db9b00, 0x00007a39d3db9cd0] Compiler: c1, Barriers: 3, Oops: 1, ImmediateOops: 0, NonImmediateOops: No
[2,328s][debug][gc,nmethod     ] Register NMethod: io.sirix.index.path.summary.PathSummaryReader.removeFromCache (0x00007a39d3db9d08) [0x00007a39d3db9e00, 0x00007a39d3dba810] Compiler: c1, Barriers: 4, Oops: 2, ImmediateOops: 2, NonImmediateOops: No
[2,328s][debug][gc,nmethod     ] Register NMethod: java.util.Collection.removeIf (0x00007a39d3dba888) [0x00007a39d3dba980, 0x00007a39d3dbb728] Compiler: c1, Barriers: 0, Oops: 0, ImmediateOops: 0, NonImmediateOops: No
[2,328s][debug][gc,nmethod     ] Register NMethod: io.sirix.node.xml.AbstractStructForwardingNode.hasLeftSibling (0x00007a39d3dbb788) [0x00007a39d3dbb880, 0x00007a39d3dbbe48] Compiler: c1, Barriers: 0, Oops: 1, ImmediateOops: 1, NonImmediateOops: No
[2,328s][debug][gc,nmethod     ] Register NMethod: io.sirix.index.path.summary.PathNode.<init> (0x00007a39d3dbbe88) [0x00007a39d3dbbf80, 0x00007a39d3dbcbc8] Compiler: c1, Barriers: 15, Oops: 2, ImmediateOops: 2, NonImmediateOops: No
[2,329s][debug][gc,nmethod     ] Register NMethod: io.sirix.node.delegates.StructNodeDelegate.hasLeftSibling (0x00007a39d3dbcc08) [0x00007a39d3dbcd00, 0x00007a39d3dbd058] Compiler: c1, Barriers: 0, Oops: 1, ImmediateOops: 1, NonImmediateOops: No
[2,329s][debug][gc,nmethod     ] Register NMethod: io.sirix.index.path.summary.PathSummaryWriter.adaptForInsert (0x00007a39d3dbd088) [0x00007a39d3dbd180, 0x00007a39d3dc0680] Compiler: c1, Barriers: 6, Oops: 1, ImmediateOops: 3, NonImmediateOops: No
[2,329s][debug][gc,nmethod     ] Register NMethod: io.sirix.index.path.summary.PathSummaryReader.putQNameMapping (0x00007a39d3dc0708) [0x00007a39d3dc0800, 0x00007a39d3dc1490] Compiler: c1, Barriers: 2, Oops: 2, ImmediateOops: 1, NonImmediateOops: No
[2,329s][debug][gc,nmethod     ] Register NMethod: io.sirix.index.path.summary.PathNode.hashCode (0x00007a39d3dc1508) [0x00007a39d3dc1600, 0x00007a39d3dc1e40] Compiler: c1, Barriers: 8, Oops: 1, ImmediateOops: 0, NonImmediateOops: No
[2,329s][debug][gc,nmethod     ] Register NMethod: io.sirix.access.trx.node.xml.XmlNodeFactoryImpl.createPathNode (0x00007a39d3dc1e88) [0x00007a39d3dc1f80, 0x00007a39d3dc50f8] Compiler: c1, Barriers: 16, Oops: 1, ImmediateOops: 4, NonImmediateOops: No
[2,329s][debug][gc,nmethod     ] Register NMethod: io.sirix.index.path.summary.PathSummaryReader.getName (0x00007a39d3dc5108) [0x00007a39d3dc5200, 0x00007a39d3dc81e8] Compiler: c1, Barriers: 12, Oops: 1, ImmediateOops: 5, NonImmediateOops: No
[2,330s][debug][gc,nmethod     ] Register NMethod: io.sirix.node.delegates.NodeDelegate.hashCode (0x00007a39d3dc8208) [0x00007a39d3dc8300, 0x00007a39d3dc9068] Compiler: c1, Barriers: 10, Oops: 1, ImmediateOops: 1, NonImmediateOops: No
[2,330s][debug][gc,nmethod     ] Register NMethod: io.sirix.node.delegates.NameNodeDelegate.hashCode (0x00007a39d3dc9088) [0x00007a39d3dc9180, 0x00007a39d3dca358] Compiler: c1, Barriers: 12, Oops: 1, ImmediateOops: 3, NonImmediateOops: No
[2,331s][debug][gc,nmethod     ] Register NMethod: io.sirix.page.RevisionRootPage.getPathSummaryPageReference (0x00007a39d3dca388) [0x00007a39d3dca480, 0x00007a39d3dca9f0] Compiler: c1, Barriers: 1, Oops: 1, ImmediateOops: 0, NonImmediateOops: No
[2,331s][debug][gc,nmethod     ] Register NMethod: io.sirix.page.PathSummaryPage.incrementAndGetMaxNodeKey (0x00007a39d3dcaa08) [0x00007a39d3dcab00, 0x00007a39d3dcad78] Compiler: c1, Barriers: 2, Oops: 1, ImmediateOops: 0, NonImmediateOops: No
[2,331s][debug][gc,nmethod     ] Register NMethod: com.sun.org.apache.xerces.internal.impl.XMLEntityScanner.scanContent (0x00007a39d3dcad88) [0x00007a39d3dcae80, 0x00007a39d3dcbe78] Compiler: c1, Barriers: 11, Oops: 0, ImmediateOops: 1, NonImmediateOops: No
[2,331s][debug][gc,nmethod     ] Register NMethod: io.sirix.access.trx.page.NodePageReadOnlyTrx.getPathSummaryPage (0x00007a39d3dcbe88) [0x00007a39d3dcbf80, 0x00007a39d3dccf58] Compiler: c1, Barriers: 4, Oops: 1, ImmediateOops: 1, NonImmediateOops: No
[2,331s][debug][gc,director    ] Rule Major: Warmup 10%, Used: 328MB, UsedThreshold: 1228MB
[2,332s][debug][gc,nmethod     ] Register NMethod: com.sun.org.apache.xerces.internal.impl.XMLEntityScanner.scanContent (0x00007a39d3dccf88) [0x00007a39d3dcd080, 0x00007a39d3dcdff8] Compiler: c1, Barriers: 11, Oops: 0, ImmediateOops: 1, NonImmediateOops: No
[2,332s][debug][gc,nmethod     ] Register NMethod: io.sirix.node.SirixDeweyID.newBetween (0x00007a39f2d23888) [0x00007a39f2d23980, 0x00007a39f2d23dd8] Compiler: jvmci, Barriers: 3, Oops: 1, ImmediateOops: 0, NonImmediateOops: No
[2,332s][debug][gc,nmethod     ] Register NMethod: net.openhft.hashing.LongHashFunction.hashByteBuffer (0x00007a39f2d23e08) [0x00007a39f2d23f00, 0x00007a39f2d241c0] Compiler: jvmci, Barriers: 4, Oops: 1, ImmediateOops: 2, NonImmediateOops: No
[2,333s][debug][gc,nmethod     ] Register NMethod: io.sirix.access.trx.node.AbstractNodeReadOnlyTrx.moveToParent (0x00007a39f2d24208) [0x00007a39f2d24300, 0x00007a39f2d25590] Compiler: jvmci, Barriers: 37, Oops: 6, ImmediateOops: 1, NonImmediateOops: No
[2,335s][debug][gc,nmethod     ] Register NMethod: io.sirix.utils.XMLToken.isNCStartChar (0x00007a39d3dce008) [0x00007a39d3dce100, 0x00007a39d3dce770] Compiler: c1, Barriers: 0, Oops: 1, ImmediateOops: 0, NonImmediateOops: No
[2,335s][debug][gc,nmethod     ] Register NMethod: io.sirix.utils.XMLToken.isNCChar (0x00007a39d3dce788) [0x00007a39d3dce880, 0x00007a39d3dcec68] Compiler: c1, Barriers: 0, Oops: 1, ImmediateOops: 0, NonImmediateOops: No
[2,335s][debug][gc,nmethod     ] Register NMethod: io.sirix.utils.XMLToken.ncName (0x00007a39d3dcec88) [0x00007a39d3dced80, 0x00007a39d3dcf1d8] Compiler: c1, Barriers: 0, Oops: 1, ImmediateOops: 1, NonImmediateOops: No
[2,335s][debug][gc,nmethod     ] Register NMethod: io.sirix.index.path.summary.PathSummaryWriter.insertPathAsFirstChild (0x00007a39d3dcf208) [0x00007a39d3dcf300, 0x00007a39d3dd2258] Compiler: c1, Barriers: 17, Oops: 2, ImmediateOops: 5, NonImmediateOops: No
[2,336s][debug][gc,nmethod     ] Register NMethod: com.sun.org.apache.xerces.internal.impl.XMLEntityScanner.scanQName (0x00007a39d3dd2288) [0x00007a39d3dd2380, 0x00007a39d3dd45b8] Compiler: c1, Barriers: 55, Oops: 2, ImmediateOops: 10, NonImmediateOops: No
[2,337s][debug][gc,nmethod     ] Register NMethod: com.sun.org.apache.xerces.internal.impl.XMLDocumentFragmentScannerImpl$FragmentContentDriver.next (0x00007a39f2d25608) [0x00007a39f2d25700, 0x00007a39f2d27398] Compiler: jvmci, Barriers: 43, Oops: 1, ImmediateOops: 1, NonImmediateOops: No
[2,339s][debug][gc,nmethod     ] Register NMethod: io.sirix.access.trx.node.AbstractNodeReadOnlyTrx.hasRightSibling (0x00007a39f2d27408) [0x00007a39f2d27500, 0x00007a39f2d27f88] Compiler: jvmci, Barriers: 11, Oops: 5, ImmediateOops: 0, NonImmediateOops: No
[2,339s][debug][gc,nmethod     ] Register NMethod: it.unimi.dsi.fastutil.HashCommon.mix (0x00007a39f2d28008) [0x00007a39f2d28100, 0x00007a39f2d28170] Compiler: jvmci, Barriers: 0, Oops: 1, ImmediateOops: 0, NonImmediateOops: No
[2,340s][debug][gc,nmethod     ] Register NMethod: com.sun.org.apache.xerces.internal.impl.XMLEntityScanner.checkNodeCount (0x00007a39f2d28308) [0x00007a39f2d28400, 0x00007a39f2d284e0] Compiler: jvmci, Barriers: 0, Oops: 0, ImmediateOops: 0, NonImmediateOops: No
[2,341s][debug][gc,director    ] Rule Major: Warmup 10%, Used: 332MB, UsedThreshold: 1228MB
[2,342s][debug][gc,nmethod     ] Register NMethod: io.sirix.access.trx.node.xml.ForwardingXmlNodeReadOnlyTrx.hasRightSibling (0x00007a39f2d28608) [0x00007a39f2d28700, 0x00007a39f2d29230] Compiler: jvmci, Barriers: 12, Oops: 5, ImmediateOops: 0, NonImmediateOops: No
[2,342s][debug][gc,nmethod     ] Register NMethod: com.sun.org.apache.xerces.internal.impl.XMLDocumentFragmentScannerImpl.getCharacterData (0x00007a39f2d29288) [0x00007a39f2d29380, 0x00007a39f2d29498] Compiler: jvmci, Barriers: 2, Oops: 0, ImmediateOops: 0, NonImmediateOops: No
[2,342s][debug][gc,nmethod     ] Register NMethod: io.sirix.node.xml.AttributeNode.getParentKey (0x00007a39f2d29588) [0x00007a39f2d29680, 0x00007a39f2d29a98] Compiler: jvmci, Barriers: 4, Oops: 3, ImmediateOops: 0, NonImmediateOops: No
[2,349s][debug][gc,nmethod     ] Register NMethod: io.brackit.query.node.parser.SAX2SubtreeHandlerAdapter.characters (0x00007a39f2d29b08) [0x00007a39f2d29c00, 0x00007a39f2d2a2b0] Compiler: jvmci, Barriers: 5, Oops: 1, ImmediateOops: 0, NonImmediateOops: No
[2,349s][debug][gc,nmethod     ] Register NMethod: com.sun.org.apache.xerces.internal.parsers.AbstractSAXParser.characters (0x00007a39f2d2a308) [0x00007a39f2d2a400, 0x00007a39f2d2abc0] Compiler: jvmci, Barriers: 8, Oops: 1, ImmediateOops: 0, NonImmediateOops: No
[2,350s][debug][gc,nmethod     ] Register NMethod: java.util.BitSet.cardinality (0x00007a39f2d2ac08) [0x00007a39f2d2ad00, 0x00007a39f2d2ae60] Compiler: jvmci, Barriers: 1, Oops: 0, ImmediateOops: 0, NonImmediateOops: No
[2,350s][debug][gc,nmethod     ] Register NMethod: com.sun.org.apache.xerces.internal.impl.XMLEntityScanner.scanContent (0x00007a39f2d2af08) [0x00007a39f2d2b0a0, 0x00007a39f2d2bb50] Compiler: jvmci, Barriers: 8, Oops: 0, ImmediateOops: 1, NonImmediateOops: No
[2,350s][debug][gc,nmethod     ] Register NMethod: io.sirix.utils.XMLToken.isNCStartChar (0x00007a39f2d2bb88) [0x00007a39f2d2bc80, 0x00007a39f2d2bd90] Compiler: jvmci, Barriers: 0, Oops: 1, ImmediateOops: 0, NonImmediateOops: No
[2,351s][debug][gc,director    ] Rule Major: Warmup 10%, Used: 338MB, UsedThreshold: 1228MB
[2,352s][debug][gc,nmethod     ] Register NMethod: it.unimi.dsi.fastutil.ints.Int2LongOpenHashMap.get (0x00007a39f2d2be88) [0x00007a39f2d2bf80, 0x00007a39f2d2c2e0] Compiler: jvmci, Barriers: 2, Oops: 1, ImmediateOops: 0, NonImmediateOops: No
[2,353s][debug][gc,nmethod     ] Register NMethod: io.sirix.utils.XMLToken.isNCChar (0x00007a39f2d2c308) [0x00007a39f2d2c400, 0x00007a39f2d2c510] Compiler: jvmci, Barriers: 0, Oops: 1, ImmediateOops: 0, NonImmediateOops: No
[2,353s][debug][gc,nmethod     ] Register NMethod: io.sirix.access.trx.node.AbstractDeweyIDManager.newRightSiblingID (0x00007a39f2d2c608) [0x00007a39f2d2c700, 0x00007a39f2d2dc00] Compiler: jvmci, Barriers: 26, Oops: 5, ImmediateOops: 0, NonImmediateOops: No
[2,357s][debug][gc,nmethod     ] Register NMethod: io.brackit.query.node.parser.SAX2SubtreeHandlerAdapter$TrimmingStringBuilder.toString (0x00007a39f2d2dc88) [0x00007a39f2d2dd80, 0x00007a39f2d2e160] Compiler: jvmci, Barriers: 3, Oops: 2, ImmediateOops: 0, NonImmediateOops: No
[2,357s][debug][gc,nmethod     ] Register NMethod: com.sun.org.apache.xerces.internal.impl.XMLEntityScanner.scanContent (0x00007a39d3dd4608) [0x00007a39d3dd4700, 0x00007a39d3dd5678] Compiler: c1, Barriers: 11, Oops: 0, ImmediateOops: 1, NonImmediateOops: No
[2,361s][debug][gc,nmethod     ] Register NMethod: io.sirix.access.trx.node.AbstractNodeHashing.rollingAdd (0x00007a39f2d2e188) [0x00007a39f2d2e280, 0x00007a39f2d3bf40] Compiler: jvmci, Barriers: 297, Oops: 13, ImmediateOops: 2, NonImmediateOops: No
[2,362s][debug][gc,nmethod     ] Register NMethod: java.lang.String.<init> (0x00007a39f2d3c008) [0x00007a39f2d3c100, 0x00007a39f2d3d840] Compiler: jvmci, Barriers: 9, Oops: 0, ImmediateOops: 3, NonImmediateOops: No
[2,362s][debug][gc,director    ] Rule Major: Warmup 10%, Used: 340MB, UsedThreshold: 1228MB
[2,362s][debug][gc,nmethod     ] Register NMethod: io.sirix.node.NullNode.<init> (0x00007a39d3dd5688) [0x00007a39d3dd5780, 0x00007a39d3dd5cb8] Compiler: c1, Barriers: 3, Oops: 1, ImmediateOops: 0, NonImmediateOops: No
[2,363s][debug][gc,nmethod     ] Register NMethod: com.sun.org.apache.xerces.internal.impl.XMLEntityScanner.skipString (0x00007a39f2d3d888) [0x00007a39f2d3d980, 0x00007a39f2d3e648] Compiler: jvmci, Barriers: 9, Oops: 0, ImmediateOops: 0, NonImmediateOops: No
[2,363s][debug][gc,nmethod     ] Register NMethod: it.unimi.dsi.fastutil.ints.Int2ObjectOpenHashMap.get (0x00007a39f2d3e688) [0x00007a39f2d3e780, 0x00007a39f2d3ebe8] Compiler: jvmci, Barriers: 7, Oops: 1, ImmediateOops: 0, NonImmediateOops: No
[2,364s][debug][gc,nmethod     ] Register NMethod: it.unimi.dsi.fastutil.ints.Int2IntOpenHashMap.find (0x00007a39f2d3ec08) [0x00007a39f2d3ed00, 0x00007a39f2d3ef98] Compiler: jvmci, Barriers: 1, Oops: 1, ImmediateOops: 0, NonImmediateOops: No
[2,364s][debug][gc,nmethod     ] Register NMethod: io.sirix.query.node.SubtreeProcessor.notifyText (0x00007a39f2d3f008) [0x00007a39f2d3f100, 0x00007a39f2d3f230] Compiler: jvmci, Barriers: 1, Oops: 1, ImmediateOops: 0, NonImmediateOops: No
[2,365s][debug][gc,nmethod     ] Register NMethod: java.util.BitSet.and (0x00007a39f2d3f308) [0x00007a39f2d3f440, 0x00007a39f2d3f960] Compiler: jvmci, Barriers: 2, Oops: 0, ImmediateOops: 0, NonImmediateOops: No
[2,366s][debug][gc,nmethod     ] Register NMethod: io.sirix.axis.filter.FilterAxis.nextKey (0x00007a39f2d3f988) [0x00007a39f2d3fa80, 0x00007a39f2d43a28] Compiler: jvmci, Barriers: 141, Oops: 2, ImmediateOops: 4, NonImmediateOops: No
[2,366s][debug][gc,nmethod     ] Register NMethod: io.sirix.node.xml.TextNode.<init> (0x00007a39f2d43a88) [0x00007a39f2d43ba0, 0x00007a39f2d43ef0] Compiler: jvmci, Barriers: 14, Oops: 1, ImmediateOops: 0, NonImmediateOops: No
[2,367s][debug][gc,nmethod     ] Register NMethod: it.unimi.dsi.fastutil.ints.Int2IntOpenHashMap.get (0x00007a39f2d43f08) [0x00007a39f2d44000, 0x00007a39f2d44360] Compiler: jvmci, Barriers: 2, Oops: 1, ImmediateOops: 0, NonImmediateOops: No
[2,368s][debug][gc,nmethod     ] Register NMethod: java.util.BitSet.get (0x00007a39f2d44388) [0x00007a39f2d44480, 0x00007a39f2d44608] Compiler: jvmci, Barriers: 1, Oops: 0, ImmediateOops: 0, NonImmediateOops: No
[2,370s][debug][gc,nmethod     ] Register NMethod: java.util.BitSet.<init> (0x00007a39f2d44688) [0x00007a39f2d44780, 0x00007a39f2d44a40] Compiler: jvmci, Barriers: 3, Oops: 0, ImmediateOops: 0, NonImmediateOops: No
[2,371s][debug][gc,nmethod     ] Register NMethod: org.magicwerk.brownies.collections.GapList.get (0x00007a39f2d44a88) [0x00007a39f2d44b80, 0x00007a39f2d44d18] Compiler: jvmci, Barriers: 2, Oops: 1, ImmediateOops: 0, NonImmediateOops: No
[2,372s][debug][gc,director    ] Rule Major: Warmup 10%, Used: 346MB, UsedThreshold: 1228MB
[2,372s][debug][gc,nmethod     ] Register NMethod: org.magicwerk.brownies.collections.GapList.doGet (0x00007a39f2d44d88) [0x00007a39f2d44e80, 0x00007a39f2d45018] Compiler: jvmci, Barriers: 2, Oops: 1, ImmediateOops: 0, NonImmediateOops: No
[2,373s][debug][gc,nmethod     ] Register NMethod: java.util.BitSet.checkRange (0x00007a39f2d45088) [0x00007a39f2d45180, 0x00007a39f2d45238] Compiler: jvmci, Barriers: 0, Oops: 0, ImmediateOops: 0, NonImmediateOops: No
[2,373s][debug][gc,nmethod     ] Register NMethod: io.sirix.service.xml.shredder.AbstractShredder.processText (0x00007a39f2d45388) [0x00007a39f2d45480, 0x00007a39f2d46018] Compiler: jvmci, Barriers: 13, Oops: 1, ImmediateOops: 1, NonImmediateOops: No
[2,373s][debug][gc,nmethod     ] Register NMethod: com.sun.org.apache.xerces.internal.impl.XMLEntityScanner.skipSpaces (0x00007a39d3dd5d08) [0x00007a39d3dd5e00, 0x00007a39d3dd7090] Compiler: c1, Barriers: 16, Oops: 0, ImmediateOops: 2, NonImmediateOops: No
[2,377s][debug][gc,nmethod     ] Register NMethod: io.sirix.utils.XMLToken.ncName (0x00007a39f2d46088) [0x00007a39f2d46180, 0x00007a39f2d464d0] Compiler: jvmci, Barriers: 0, Oops: 1, ImmediateOops: 0, NonImmediateOops: No
[2,377s][debug][gc,nmethod     ] Register NMethod: io.sirix.query.node.SubtreeBuilder.text (0x00007a39f2d46508) [0x00007a39f2d46600, 0x00007a39f2d47a48] Compiler: jvmci, Barriers: 33, Oops: 2, ImmediateOops: 2, NonImmediateOops: No
[2,381s][debug][gc,nmethod     ] Register NMethod: io.sirix.page.delegates.BitmapReferencesPage.index (0x00007a39f2d47a88) [0x00007a39f2d47b80, 0x00007a39f2d48118] Compiler: jvmci, Barriers: 2, Oops: 2, ImmediateOops: 0, NonImmediateOops: No
[2,382s][debug][gc,nmethod     ] Register NMethod: io.sirix.access.trx.node.AbstractNodeReadOnlyTrx.hasNode (0x00007a39f2d48188) [0x00007a39f2d48280, 0x00007a39f2d491b0] Compiler: jvmci, Barriers: 37, Oops: 4, ImmediateOops: 1, NonImmediateOops: No
[2,382s][debug][gc,nmethod     ] Register NMethod: java.io.FileInputStream.read (0x00007a39d3dd7108) [0x00007a39d3dd7200, 0x00007a39d3dd7458] Compiler: c1, Barriers: 0, Oops: 0, ImmediateOops: 1, NonImmediateOops: No
[2,382s][debug][gc,director    ] Rule Major: Warmup 10%, Used: 350MB, UsedThreshold: 1228MB
[2,382s][debug][gc,nmethod     ] Register NMethod: java.util.BitSet.flip (0x00007a39f2d49208) [0x00007a39f2d49300, 0x00007a39f2d495b8] Compiler: jvmci, Barriers: 1, Oops: 0, ImmediateOops: 0, NonImmediateOops: No
[2,382s][debug][gc,nmethod     ] Register NMethod: com.sun.org.apache.xerces.internal.util.SymbolTable.addSymbol (0x00007a39d3dd7488) [0x00007a39d3dd7580, 0x00007a39d3dd7ac0] Compiler: c1, Barriers: 5, Oops: 0, ImmediateOops: 0, NonImmediateOops: No
[2,382s][debug][gc,nmethod     ] Register NMethod: io.sirix.access.trx.page.NodePageReadOnlyTrx.loadPage (0x00007a39f2d49608) [0x00007a39f2d49700, 0x00007a39f2d49800] Compiler: jvmci, Barriers: 1, Oops: 1, ImmediateOops: 0, NonImmediateOops: No
[2,384s][debug][gc,nmethod     ] Register NMethod: com.sun.org.apache.xerces.internal.impl.XMLEntityScanner.scanChar (0x00007a39f2d49908) [0x00007a39f2d49a00, 0x00007a39f2d49c28] Compiler: jvmci, Barriers: 2, Oops: 0, ImmediateOops: 0, NonImmediateOops: No
[2,385s][debug][gc,nmethod     ] Register NMethod: io.brackit.query.node.parser.SAX2SubtreeHandlerAdapter.handleText (0x00007a39f2d49c88) [0x00007a39f2d49d80, 0x00007a39f2d4b8f0] Compiler: jvmci, Barriers: 41, Oops: 3, ImmediateOops: 3, NonImmediateOops: No
[2,387s][debug][gc,nmethod     ] Register NMethod: com.sun.org.apache.xerces.internal.util.NamespaceSupport.getURI (0x00007a39f2d4b988) [0x00007a39f2d4ba80, 0x00007a39f2d4bc68] Compiler: jvmci, Barriers: 2, Oops: 0, ImmediateOops: 0, NonImmediateOops: No
[2,391s][debug][gc,nmethod     ] Register NMethod: io.sirix.page.delegates.BitmapReferencesPage.getOrCreateReference (0x00007a39f2d4bc88) [0x00007a39f2d4bd80, 0x00007a39f2d4c568] Compiler: jvmci, Barriers: 5, Oops: 2, ImmediateOops: 0, NonImmediateOops: No
[2,392s][debug][gc,director    ] Rule Major: Warmup 10%, Used: 354MB, UsedThreshold: 1228MB
[2,393s][debug][gc,nmethod     ] Register NMethod: it.unimi.dsi.fastutil.ints.Int2IntOpenHashMap.put (0x00007a39f2d4c588) [0x00007a39f2d4c680, 0x00007a39f2d4c978] Compiler: jvmci, Barriers: 2, Oops: 1, ImmediateOops: 0, NonImmediateOops: No
[2,397s][debug][gc,nmethod     ] Register NMethod: com.sun.org.apache.xerces.internal.impl.XMLEntityScanner.scanQName (0x00007a39f2d4c988) [0x00007a39f2d4ca80, 0x00007a39f2d4dd58] Compiler: jvmci, Barriers: 31, Oops: 1, ImmediateOops: 3, NonImmediateOops: No
[2,398s][debug][gc,nmethod     ] Register NMethod: io.sirix.page.PageReference.getKey (0x00007a39f2d4dd88) [0x00007a39f2d4de80, 0x00007a39f2d4df40] Compiler: c1, Barriers: 0, Oops: 1, ImmediateOops: 0, NonImmediateOops: No
[2,399s][debug][gc,nmethod     ] Register NMethod: io.sirix.page.NamePage.setName (0x00007a39f2d4e088) [0x00007a39f2d4e180, 0x00007a39f2d4e450] Compiler: jvmci, Barriers: 3, Oops: 1, ImmediateOops: 0, NonImmediateOops: No
[2,401s][debug][gc,nmethod     ] Register NMethod: java.lang.System$1.uncheckedDecodeASCII (0x00007a39d3dd7b08) [0x00007a39d3dd7c00, 0x00007a39d3dd7d40] Compiler: c1, Barriers: 0, Oops: 0, ImmediateOops: 0, NonImmediateOops: No
[2,401s][debug][gc,nmethod     ] Register NMethod: java.lang.String.decodeASCII (0x00007a39d3dd7e08) [0x00007a39d3dd7f00, 0x00007a39d3dd8190] Compiler: c1, Barriers: 0, Oops: 0, ImmediateOops: 0, NonImmediateOops: No
[2,401s][debug][gc,nmethod     ] Register NMethod: sun.nio.cs.UTF_8$Decoder.decodeLoop (0x00007a39d3dd8208) [0x00007a39d3dd8300, 0x00007a39d3dd8a88] Compiler: c1, Barriers: 2, Oops: 0, ImmediateOops: 0, NonImmediateOops: No
[2,401s][debug][gc,nmethod     ] Register NMethod: sun.nio.cs.UTF_8$Decoder.xflow (0x00007a39d3dd8b08) [0x00007a39d3dd8c00, 0x00007a39d3dd9630] Compiler: c1, Barriers: 0, Oops: 0, ImmediateOops: 2, NonImmediateOops: No
[2,402s][debug][gc,director    ] Rule Major: Warmup 10%, Used: 360MB, UsedThreshold: 1228MB
[2,402s][debug][gc,nmethod     ] Register NMethod: io.sirix.access.trx.page.NodePageTrx.createNameKey (0x00007a39f2d4e488) [0x00007a39f2d4e580, 0x00007a39f2d4eef0] Compiler: jvmci, Barriers: 16, Oops: 1, ImmediateOops: 0, NonImmediateOops: No
[2,402s][debug][gc,nmethod     ] Register NMethod: java.nio.charset.CharsetDecoder.decode (0x00007a39d3dd9688) [0x00007a39d3dd9780, 0x00007a39d3ddcc70] Compiler: c1, Barriers: 6, Oops: 0, ImmediateOops: 5, NonImmediateOops: No
[2,402s][debug][gc,nmethod     ] Register NMethod: com.sun.org.apache.xerces.internal.impl.XMLEntityScanner.scanContent (0x00007a39f2d4ef08) [0x00007a39f2d4f0a0, 0x00007a39f2d4fcd0] Compiler: jvmci, Barriers: 11, Oops: 0, ImmediateOops: 1, NonImmediateOops: No
[2,404s][debug][gc,nmethod     ] Register NMethod: sun.nio.cs.UTF_8$Decoder.decodeArrayLoop (0x00007a39d3ddcc88) [0x00007a39d3ddcd80, 0x00007a39d3de6c70] Compiler: c1, Barriers: 2, Oops: 1, ImmediateOops: 10, NonImmediateOops: No
[2,405s][debug][gc,nmethod     ] Register NMethod: com.github.benmanes.caffeine.cache.BoundedLocalCache$BoundedLocalManualCache.cache (0x00007a39d3de6c88) [0x00007a39d3de6d80, 0x00007a39d3de6ed8] Compiler: c1, Barriers: 1, Oops: 1, ImmediateOops: 0, NonImmediateOops: No
[2,405s][debug][gc,nmethod     ] Register NMethod: java.lang.String.<init> (0x00007a39f2d4fd08) [0x00007a39f2d4fe00, 0x00007a39f2d50e38] Compiler: jvmci, Barriers: 6, Oops: 0, ImmediateOops: 3, NonImmediateOops: No
[2,405s][debug][gc,nmethod     ] Register NMethod: io.sirix.index.path.summary.PathSummaryReader.putMapping (0x00007a39f2d50e88) [0x00007a39f2d50f80, 0x00007a39f2d51298] Compiler: jvmci, Barriers: 4, Oops: 1, ImmediateOops: 0, NonImmediateOops: No
[2,406s][debug][gc,nmethod     ] Register NMethod: java.util.ArrayList.getFirst (0x00007a39f2d51308) [0x00007a39f2d51400, 0x00007a39f2d51558] Compiler: jvmci, Barriers: 2, Oops: 0, ImmediateOops: 0, NonImmediateOops: No
[2,406s][debug][gc,nmethod     ] Register NMethod: io.sirix.node.xml.AbstractStructForwardingNode.getFirstChildKey (0x00007a39f2d51608) [0x00007a39f2d51700, 0x00007a39f2d51810] Compiler: jvmci, Barriers: 1, Oops: 1, ImmediateOops: 0, NonImmediateOops: No
[2,407s][debug][gc,nmethod     ] Register NMethod: java.util.ArrayList.grow (0x00007a39f2d51908) [0x00007a39f2d51a00, 0x00007a39f2d51fa0] Compiler: jvmci, Barriers: 13, Oops: 0, ImmediateOops: 1, NonImmediateOops: No
[2,407s][debug][gc,nmethod     ] Register NMethod: java.nio.charset.Charset.defaultCharset (0x00007a39f2d52008) [0x00007a39f2d52100, 0x00007a39f2d52170] Compiler: jvmci, Barriers: 0, Oops: 0, ImmediateOops: 1, NonImmediateOops: No
[2,409s][debug][gc,nmethod     ] Register NMethod: io.sirix.node.xml.AbstractStructForwardingNode.hasFirstChild (0x00007a39f2d52308) [0x00007a39f2d52400, 0x00007a39f2d52518] Compiler: jvmci, Barriers: 1, Oops: 1, ImmediateOops: 0, NonImmediateOops: No
[2,409s][debug][gc,nmethod     ] Register NMethod: com.sun.org.apache.xerces.internal.parsers.AbstractSAXParser$AttributesProxy.getLength (0x00007a39f2d52608) [0x00007a39f2d52700, 0x00007a39f2d52810] Compiler: jvmci, Barriers: 1, Oops: 0, ImmediateOops: 0, NonImmediateOops: No
[2,409s][debug][gc,nmethod     ] Register NMethod: io.sirix.cache.SegmentAllocators.getIndexForSize (0x00007a39d3de6f88) [0x00007a39d3de7080, 0x00007a39d3de75b8] Compiler: c1, Barriers: 0, Oops: 1, ImmediateOops: 2, NonImmediateOops: No
[2,410s][debug][gc,nmethod     ] Register NMethod: io.sirix.node.xml.TextNode.computeHash (0x00007a39f2d52908) [0x00007a39f2d52a00, 0x00007a39f2d56640] Compiler: jvmci, Barriers: 72, Oops: 9, ImmediateOops: 1, NonImmediateOops: No
[2,411s][debug][gc,nmethod     ] Register NMethod: io.sirix.access.Utils.buildName (0x00007a39f2d56708) [0x00007a39f2d56800, 0x00007a39f2d56990] Compiler: jvmci, Barriers: 3, Oops: 1, ImmediateOops: 0, NonImmediateOops: No
[2,412s][debug][gc,director    ] Rule Major: Warmup 10%, Used: 364MB, UsedThreshold: 1228MB
[2,414s][debug][gc,nmethod     ] Register NMethod: com.sun.org.apache.xerces.internal.impl.XMLDocumentFragmentScannerImpl.seekCloseOfStartTag (0x00007a39f2d56a08) [0x00007a39f2d56b00, 0x00007a39f2d57918] Compiler: jvmci, Barriers: 18, Oops: 1, ImmediateOops: 2, NonImmediateOops: No
[2,414s][debug][gc,nmethod     ] Register NMethod: io.sirix.axis.filter.FilterAxis.<init> (0x00007a39f2d57988) [0x00007a39f2d57a80, 0x00007a39f2d58a80] Compiler: jvmci, Barriers: 46, Oops: 1, ImmediateOops: 3, NonImmediateOops: No
[2,417s][debug][gc,nmethod     ] Register NMethod: io.sirix.access.trx.node.xml.XmlNodeFactoryImpl.createTextNode (0x00007a39f2d58b08) [0x00007a39f2d58c00, 0x00007a39f2d5c768] Compiler: jvmci, Barriers: 163, Oops: 14, ImmediateOops: 10, NonImmediateOops: No
[2,417s][debug][gc,nmethod     ] Register NMethod: io.sirix.utils.XMLToken.isValidQName (0x00007a39f2d5c808) [0x00007a39f2d5c900, 0x00007a39f2d5ce68] Compiler: jvmci, Barriers: 4, Oops: 1, ImmediateOops: 0, NonImmediateOops: No
[2,418s][debug][gc,nmethod     ] Register NMethod: java.nio.ByteBuffer.limit (0x00007a39f2d5ce88) [0x00007a39f2d5cf80, 0x00007a39f2d5d090] Compiler: jvmci, Barriers: 0, Oops: 0, ImmediateOops: 0, NonImmediateOops: No
[2,419s][debug][gc,nmethod     ] Register NMethod: io.sirix.index.path.summary.PathSummaryReader.getLevel (0x00007a39f2d5d188) [0x00007a39f2d5d280, 0x00007a39f2d5d3a0] Compiler: jvmci, Barriers: 1, Oops: 1, ImmediateOops: 0, NonImmediateOops: No
[2,419s][debug][gc,nmethod     ] Register NMethod: io.sirix.index.name.Names.setName (0x00007a39f2d5d488) [0x00007a39f2d5d580, 0x00007a39f2d5fb08] Compiler: jvmci, Barriers: 61, Oops: 5, ImmediateOops: 2, NonImmediateOops: No
[2,419s][debug][gc,nmethod     ] Register NMethod: io.sirix.node.immutable.xml.ImmutableElement.getKind (0x00007a39f2d5fb88) [0x00007a39f2d5fc80, 0x00007a39f2d5fd68] Compiler: jvmci, Barriers: 1, Oops: 1, ImmediateOops: 1, NonImmediateOops: No
[2,419s][debug][gc,nmethod     ] Register NMethod: io.sirix.axis.filter.PathNameFilter.<init> (0x00007a39f2d5fe88) [0x00007a39f2d5ff80, 0x00007a39f2d60290] Compiler: jvmci, Barriers: 4, Oops: 1, ImmediateOops: 0, NonImmediateOops: No
[2,420s][debug][gc,nmethod     ] Register NMethod: java.util.ArrayList.getLast (0x00007a39f2d60308) [0x00007a39f2d60400, 0x00007a39f2d60550] Compiler: jvmci, Barriers: 2, Oops: 0, ImmediateOops: 0, NonImmediateOops: No
[2,420s][debug][gc,nmethod     ] Register NMethod: java.io.FileInputStream.available0 (0x00007a39f2d60608) [0x00007a39f2d60700, 0x00007a39f2d60858] Compiler: , Barriers: 0, Oops: 0, ImmediateOops: 0, NonImmediateOops: No
[2,421s][debug][gc,nmethod     ] Register NMethod: io.sirix.node.immutable.xml.ImmutableElement.getPathNodeKey (0x00007a39f2d60908) [0x00007a39f2d60a00, 0x00007a39f2d60e68] Compiler: jvmci, Barriers: 5, Oops: 3, ImmediateOops: 0, NonImmediateOops: No
[2,422s][debug][gc,nmethod     ] Register NMethod: java.util.ArrayDeque.isEmpty (0x00007a39f2d60e88) [0x00007a39f2d60f80, 0x00007a39f2d61010] Compiler: jvmci, Barriers: 0, Oops: 0, ImmediateOops: 0, NonImmediateOops: No
[2,422s][debug][gc,director    ] Rule Major: Warmup 10%, Used: 370MB, UsedThreshold: 1228MB
[2,423s][debug][gc,nmethod     ] Register NMethod: java.util.ArrayDeque.push (0x00007a39f2d61188) [0x00007a39f2d61280, 0x00007a39f2d61488] Compiler: jvmci, Barriers: 4, Oops: 0, ImmediateOops: 0, NonImmediateOops: No
[2,423s][debug][gc,nmethod     ] Register NMethod: java.util.ArrayDeque.addFirst (0x00007a39f2d61508) [0x00007a39f2d61600, 0x00007a39f2d61808] Compiler: jvmci, Barriers: 4, Oops: 0, ImmediateOops: 0, NonImmediateOops: No
[2,424s][debug][gc,nmethod     ] Register NMethod: java.util.ArrayDeque.pop (0x00007a39f2d61888) [0x00007a39f2d61980, 0x00007a39f2d61b68] Compiler: jvmci, Barriers: 4, Oops: 0, ImmediateOops: 0, NonImmediateOops: No
[2,425s][debug][gc,nmethod     ] Register NMethod: java.util.concurrent.atomic.AtomicInteger.decrementAndGet (0x00007a39d3de7608) [0x00007a39d3de7700, 0x00007a39d3de7810] Compiler: c1, Barriers: 0, Oops: 0, ImmediateOops: 0, NonImmediateOops: No
[2,425s][debug][gc,nmethod     ] Register NMethod: com.sun.org.apache.xerces.internal.impl.XMLDocumentFragmentScannerImpl$ElementStack.nextElement (0x00007a39f2d61b88) [0x00007a39f2d61c80, 0x00007a39f2d61e58] Compiler: jvmci, Barriers: 3, Oops: 0, ImmediateOops: 0, NonImmediateOops: No
[2,426s][debug][gc,nmethod     ] Register NMethod: java.nio.Buffer.flip (0x00007a39d3de7908) [0x00007a39d3de7a00, 0x00007a39d3de7b18] Compiler: c1, Barriers: 0, Oops: 0, ImmediateOops: 0, NonImmediateOops: No
[2,426s][debug][gc,nmethod     ] Register NMethod: com.sun.org.apache.xerces.internal.impl.XMLNSDocumentScannerImpl.scanStartElement (0x00007a39f2d61e88) [0x00007a39f2d61f80, 0x00007a39f2d64610] Compiler: jvmci, Barriers: 108, Oops: 2, ImmediateOops: 3, NonImmediateOops: No
[2,427s][debug][gc,nmethod     ] Register NMethod: com.sun.org.apache.xerces.internal.impl.XMLDocumentFragmentScannerImpl.checkDepth (0x00007a39f2d64688) [0x00007a39f2d64780, 0x00007a39f2d64a98] Compiler: jvmci, Barriers: 6, Oops: 0, ImmediateOops: 0, NonImmediateOops: No
[2,427s][debug][gc,nmethod     ] Register NMethod: com.sun.org.apache.xerces.internal.parsers.AbstractSAXParser.startNamespaceMapping (0x00007a39f2d64b08) [0x00007a39f2d64c00, 0x00007a39f2d64db8] Compiler: jvmci, Barriers: 2, Oops: 0, ImmediateOops: 0, NonImmediateOops: No
[2,428s][debug][gc,nmethod     ] Register NMethod: io.sirix.node.GrowingMemorySegment.toByteArray (0x00007a39f2d64e08) [0x00007a39f2d64f00, 0x00007a39f2d65390] Compiler: jvmci, Barriers: 4, Oops: 1, ImmediateOops: 0, NonImmediateOops: No
[2,429s][debug][gc,nmethod     ] Register NMethod: io.sirix.page.PageReference.hashCode (0x00007a39d3de7c08) [0x00007a39d3de7d00, 0x00007a39d3de8d80] Compiler: c1, Barriers: 13, Oops: 1, ImmediateOops: 1, NonImmediateOops: No
[2,429s][debug][gc,nmethod     ] Register NMethod: com.sun.org.apache.xerces.internal.parsers.AbstractSAXParser.endNamespaceMapping (0x00007a39f2d65408) [0x00007a39f2d65500, 0x00007a39f2d656b8] Compiler: jvmci, Barriers: 2, Oops: 0, ImmediateOops: 0, NonImmediateOops: No
[2,431s][debug][gc,nmethod     ] Register NMethod: java.util.concurrent.ConcurrentHashMap$KeySetView.add (0x00007a39d3de8e08) [0x00007a39d3de8f00, 0x00007a39d3de93a8] Compiler: c1, Barriers: 2, Oops: 0, ImmediateOops: 0, NonImmediateOops: No
[2,431s][debug][gc,nmethod     ] Register NMethod: java.lang.invoke.VarHandleReferences$FieldInstanceReadWrite.setRelease (0x00007a39d3de9408) [0x00007a39d3de9500, 0x00007a39d3dea6b0] Compiler: c1, Barriers: 2, Oops: 1, ImmediateOops: 1, NonImmediateOops: No
[2,432s][debug][gc,nmethod     ] Register NMethod: io.sirix.index.path.summary.PathSummaryWriter.movePathSummary (0x00007a39f2d65708) [0x00007a39f2d65800, 0x00007a39f2d66928] Compiler: jvmci, Barriers: 29, Oops: 3, ImmediateOops: 6, NonImmediateOops: No
[2,433s][debug][gc,director    ] Rule Major: Warmup 10%, Used: 376MB, UsedThreshold: 1228MB
[2,439s][debug][gc,nmethod     ] Register NMethod: com.sun.org.apache.xerces.internal.impl.XMLEntityScanner.skipSpaces (0x00007a39f2d66988) [0x00007a39f2d66a80, 0x00007a39f2d66fe8] Compiler: jvmci, Barriers: 4, Oops: 0, ImmediateOops: 2, NonImmediateOops: No
[2,440s][debug][gc,nmethod     ] Register NMethod: sun.nio.cs.StreamDecoder.ensureOpen (0x00007a39d3dea708) [0x00007a39d3dea800, 0x00007a39d3dea9f8] Compiler: c1, Barriers: 0, Oops: 0, ImmediateOops: 1, NonImmediateOops: No
[2,440s][debug][gc,nmethod     ] Register NMethod: java.lang.String.<init> (0x00007a39f2d67008) [0x00007a39f2d67100, 0x00007a39f2d67260] Compiler: jvmci, Barriers: 4, Oops: 0, ImmediateOops: 0, NonImmediateOops: No
[2,442s][debug][gc,nmethod     ] Register NMethod: io.sirix.service.xml.shredder.AbstractShredder.processStartTag (0x00007a39f2d67308) [0x00007a39f2d67400, 0x00007a39f2d681c8] Compiler: jvmci, Barriers: 14, Oops: 1, ImmediateOops: 2, NonImmediateOops: No
[2,443s][debug][gc,director    ] Rule Major: Warmup 10%, Used: 382MB, UsedThreshold: 1228MB
[2,443s][debug][gc,nmethod     ] Register NMethod: io.sirix.query.node.SubtreeBuilder.startElement (0x00007a39f2d68208) [0x00007a39f2d68300, 0x00007a39f2d69998] Compiler: jvmci, Barriers: 42, Oops: 2, ImmediateOops: 2, NonImmediateOops: No
[2,443s][debug][gc,nmethod     ] Register NMethod: java.util.concurrent.ConcurrentLinkedDeque.poll (0x00007a39d3deaa08) [0x00007a39d3deab00, 0x00007a39d3deac48] Compiler: c1, Barriers: 0, Oops: 0, ImmediateOops: 0, NonImmediateOops: No
[2,444s][debug][gc,nmethod     ] Register NMethod: io.sirix.node.xml.ElementNode.<init> (0x00007a39f2d69a08) [0x00007a39f2d69b00, 0x00007a39f2d69f80] Compiler: jvmci, Barriers: 19, Oops: 1, ImmediateOops: 1, NonImmediateOops: No
[2,444s][debug][gc,nmethod     ] Register NMethod: java.util.concurrent.ConcurrentLinkedDeque.first (0x00007a39d3dead08) [0x00007a39d3deae00, 0x00007a39d3deb400] Compiler: c1, Barriers: 4, Oops: 1, ImmediateOops: 1, NonImmediateOops: No
[2,444s][debug][gc,nmethod     ] Register NMethod: java.util.concurrent.ConcurrentLinkedDeque.pollFirst (0x00007a39d3deb488) [0x00007a39d3deb580, 0x00007a39d3decf98] Compiler: c1, Barriers: 9, Oops: 6, ImmediateOops: 9, NonImmediateOops: No
[2,445s][debug][gc,nmethod     ] Register NMethod: io.sirix.query.node.SubtreeProcessor.notifyStartElement (0x00007a39f2d6a008) [0x00007a39f2d6a100, 0x00007a39f2d6a230] Compiler: jvmci, Barriers: 1, Oops: 1, ImmediateOops: 0, NonImmediateOops: No
[2,445s][debug][gc,nmethod     ] Register NMethod: java.util.concurrent.ConcurrentLinkedDeque.unlink (0x00007a39d3ded008) [0x00007a39d3ded100, 0x00007a39d3df0678] Compiler: c1, Barriers: 14, Oops: 6, ImmediateOops: 20, NonImmediateOops: No
[2,447s][debug][gc,nmethod     ] Register NMethod: io.sirix.cache.LinuxMemorySegmentAllocator.allocate (0x00007a39d3df0708) [0x00007a39d3df0820, 0x00007a39d3dfb7e8] Compiler: c1, Barriers: 112, Oops: 10, ImmediateOops: 23, NonImmediateOops: No
[2,449s][debug][gc,nmethod     ] Register NMethod: com.sun.org.apache.xerces.internal.parsers.AbstractSAXParser.startElement (0x00007a39f2d6a308) [0x00007a39f2d6a400, 0x00007a39f2d6dea8] Compiler: jvmci, Barriers: 125, Oops: 6, ImmediateOops: 5, NonImmediateOops: No
[2,449s][debug][gc,nmethod     ] Register NMethod: net.openhft.hashing.LongHashFunction.hashBytes (0x00007a39f2d6df08) [0x00007a39f2d6e000, 0x00007a39f2d6e128] Compiler: jvmci, Barriers: 0, Oops: 1, ImmediateOops: 2, NonImmediateOops: No
[2,450s][debug][gc,nmethod     ] Register NMethod: io.sirix.access.trx.node.xml.XmlNodeReadOnlyTrxImpl.isDocumentRoot (0x00007a39f2d6e208) [0x00007a39f2d6e300, 0x00007a39f2d6e448] Compiler: jvmci, Barriers: 1, Oops: 1, ImmediateOops: 0, NonImmediateOops: No
[2,451s][debug][gc,nmethod     ] Register NMethod: com.sun.org.apache.xerces.internal.impl.XMLDocumentFragmentScannerImpl.scanDocument (0x00007a39d3dfb888) [0x00007a39d3dfb980, 0x00007a39d3dfe578] Compiler: c1, Barriers: 29, Oops: 0, ImmediateOops: 0, NonImmediateOops: No
[2,451s][debug][gc,nmethod     ] Register NMethod: java.io.BufferedReader.read1 (0x00007a39d3dfe588) [0x00007a39d3dfe680, 0x00007a39d3dfeec0] Compiler: c1, Barriers: 4, Oops: 0, ImmediateOops: 0, NonImmediateOops: No
[2,453s][debug][gc,nmethod     ] Register NMethod: com.github.benmanes.caffeine.cache.NodeFactory.newLookupKey (0x00007a39d3dfef08) [0x00007a39d3dff000, 0x00007a39d3dff100] Compiler: c1, Barriers: 0, Oops: 1, ImmediateOops: 0, NonImmediateOops: No
[2,453s][debug][gc,director    ] Rule Major: Warmup 10%, Used: 386MB, UsedThreshold: 1228MB
[2,453s][debug][gc,nmethod     ] Register NMethod: com.sun.org.apache.xerces.internal.impl.XMLDocumentFragmentScannerImpl.scanDocument (0x00007a39d3dff208) [0x00007a39d3dff300, 0x00007a39d3e01da8] Compiler: c1, Barriers: 29, Oops: 0, ImmediateOops: 0, NonImmediateOops: No
[2,454s][debug][gc,nmethod     ] Register NMethod: java.nio.ByteBuffer.flip (0x00007a39d3e01e08) [0x00007a39d3e01f00, 0x00007a39d3e02078] Compiler: c1, Barriers: 0, Oops: 0, ImmediateOops: 0, NonImmediateOops: No
[2,460s][debug][gc,nmethod     ] Register NMethod: java.util.concurrent.ConcurrentHashMap.computeIfPresent (0x00007a39d3e02108) [0x00007a39d3e02200, 0x00007a39d3e044d0] Compiler: c1, Barriers: 17, Oops: 0, ImmediateOops: 1, NonImmediateOops: No
[2,463s][debug][gc,nmethod     ] Register NMethod: io.sirix.node.GrowingMemorySegment.<init> (0x00007a39d3e04508) [0x00007a39d3e04600, 0x00007a39d3e04a78] Compiler: c1, Barriers: 6, Oops: 1, ImmediateOops: 0, NonImmediateOops: No
[2,463s][debug][gc,director    ] Rule Major: Warmup 10%, Used: 398MB, UsedThreshold: 1228MB
[2,463s][debug][gc,nmethod     ] Register NMethod: java.util.stream.SortedOps.makeRef (0x00007a39d3e04a88) [0x00007a39d3e04b80, 0x00007a39d3e04d10] Compiler: c1, Barriers: 0, Oops: 0, ImmediateOops: 0, NonImmediateOops: No
[2,463s][debug][gc,nmethod     ] Register NMethod: com.sun.org.apache.xerces.internal.parsers.AbstractSAXParser.endElement (0x00007a39f2d6e508) [0x00007a39f2d6e600, 0x00007a39f2d72358] Compiler: jvmci, Barriers: 97, Oops: 10, ImmediateOops: 6, NonImmediateOops: No
[2,464s][debug][gc,nmethod     ] Register NMethod: java.util.stream.ReferencePipeline.sorted (0x00007a39d3e04d88) [0x00007a39d3e04e80, 0x00007a39d3e05088] Compiler: c1, Barriers: 0, Oops: 0, ImmediateOops: 0, NonImmediateOops: No
[2,465s][debug][gc,nmethod     ] Register NMethod: io.sirix.node.GrowingMemorySegment.writeLong (0x00007a39d3e05108) [0x00007a39d3e05200, 0x00007a39d3e05938] Compiler: c1, Barriers: 5, Oops: 4, ImmediateOops: 4, NonImmediateOops: No
[2,465s][debug][gc,nmethod     ] Register NMethod: jdk.internal.foreign.ArenaImpl.allocate (0x00007a39d3e05988) [0x00007a39d3e05a80, 0x00007a39d3e05d78] Compiler: c1, Barriers: 0, Oops: 0, ImmediateOops: 0, NonImmediateOops: No
[2,465s][debug][gc,nmethod     ] Register NMethod: jdk.internal.foreign.ArenaImpl.allocate (0x00007a39d3e05d88) [0x00007a39d3e05e80, 0x00007a39d3e06000] Compiler: c1, Barriers: 1, Oops: 0, ImmediateOops: 0, NonImmediateOops: No
[2,465s][debug][gc,nmethod     ] Register NMethod: io.sirix.node.MemorySegmentBytesOut.writeStopBit (0x00007a39d3e06088) [0x00007a39d3e06180, 0x00007a39d3e06548] Compiler: c1, Barriers: 2, Oops: 1, ImmediateOops: 0, NonImmediateOops: No
[2,465s][debug][gc,nmethod     ] Register NMethod: io.sirix.node.MemorySegmentBytesOut.position (0x00007a39d3e06588) [0x00007a39d3e06680, 0x00007a39d3e067d0] Compiler: c1, Barriers: 1, Oops: 1, ImmediateOops: 0, NonImmediateOops: No
[2,466s][debug][gc,nmethod     ] Register NMethod: jdk.internal.foreign.ConfinedSession$ConfinedResourceList.add (0x00007a39d3e06888) [0x00007a39d3e06980, 0x00007a39d3e06e28] Compiler: c1, Barriers: 11, Oops: 0, ImmediateOops: 2, NonImmediateOops: No
[2,466s][debug][gc,nmethod     ] Register NMethod: io.sirix.page.KeyValueLeafPage.hasEnoughSpace (0x00007a39d3e06e88) [0x00007a39d3e06f80, 0x00007a39d3e07320] Compiler: c1, Barriers: 0, Oops: 1, ImmediateOops: 0, NonImmediateOops: No
[2,466s][debug][gc,nmethod     ] Register NMethod: io.sirix.page.KeyValueLeafPage.getLastIndex (0x00007a39d3e07388) [0x00007a39d3e07480, 0x00007a39d3e075d8] Compiler: c1, Barriers: 0, Oops: 1, ImmediateOops: 0, NonImmediateOops: No
[2,466s][debug][gc,nmethod     ] Register NMethod: io.sirix.node.MemorySegmentBytesOut.writePosition (0x00007a39d3e07688) [0x00007a39d3e07780, 0x00007a39d3e07930] Compiler: c1, Barriers: 1, Oops: 1, ImmediateOops: 0, NonImmediateOops: No
[2,467s][debug][gc,nmethod     ] Register NMethod: io.sirix.index.path.summary.PathSummaryWriter.getPathNodeKey (0x00007a39f2d72408) [0x00007a39f2d72500, 0x00007a39f2d74888] Compiler: jvmci, Barriers: 70, Oops: 14, ImmediateOops: 2, NonImmediateOops: No
[2,468s][debug][gc,nmethod     ] Register NMethod: jdk.internal.foreign.SegmentBulkOperations.copy (0x00007a39d3e07988) [0x00007a39d3e07a80, 0x00007a39d3e17f40] Compiler: c1, Barriers: 39, Oops: 4, ImmediateOops: 41, NonImmediateOops: No
[2,468s][debug][gc,nmethod     ] Register NMethod: io.sirix.node.json.JsonNodeSerializer.writeEndPadding (0x00007a39d3e17f88) [0x00007a39d3e18080, 0x00007a39d3e18320] Compiler: c1, Barriers: 2, Oops: 1, ImmediateOops: 0, NonImmediateOops: No
[2,469s][debug][gc,nmethod     ] Register NMethod: io.sirix.node.Utils.putVarLong (0x00007a39d3e18388) [0x00007a39d3e18480, 0x00007a39d3e185d0] Compiler: c1, Barriers: 0, Oops: 1, ImmediateOops: 0, NonImmediateOops: No
[2,469s][debug][gc,nmethod     ] Register NMethod: io.sirix.node.GrowingMemorySegment.writeInt (0x00007a39d3e18688) [0x00007a39d3e18780, 0x00007a39d3e18eb8] Compiler: c1, Barriers: 5, Oops: 4, ImmediateOops: 4, NonImmediateOops: No
[2,469s][debug][gc,nmethod     ] Register NMethod: io.sirix.node.MemorySegmentBytesOut.<init> (0x00007a39d3e18f08) [0x00007a39d3e19000, 0x00007a39d3e19288] Compiler: c1, Barriers: 3, Oops: 1, ImmediateOops: 0, NonImmediateOops: No
[2,469s][debug][gc,nmethod     ] Register NMethod: io.sirix.node.NodeSerializerImpl.serialize (0x00007a39d3e19308) [0x00007a39d3e19400, 0x00007a39d3e19e20] Compiler: c1, Barriers: 1, Oops: 1, ImmediateOops: 0, NonImmediateOops: No
[2,469s][debug][gc,nmethod     ] Register NMethod: io.sirix.page.KeyValueLeafPage.setSlot (0x00007a39d3e19e88) [0x00007a39d3e19f80, 0x00007a39d3e1a128] Compiler: c1, Barriers: 2, Oops: 1, ImmediateOops: 0, NonImmediateOops: No
[2,470s][debug][gc,nmethod     ] Register NMethod: io.sirix.page.KeyValueLeafPage.updateFreeSpaceStart (0x00007a39d3e1a188) [0x00007a39d3e1a280, 0x00007a39d3e1a808] Compiler: c1, Barriers: 0, Oops: 1, ImmediateOops: 0, NonImmediateOops: No
[2,470s][debug][gc,nmethod     ] Register NMethod: io.sirix.page.KeyValueLeafPage.updateLastSlotIndex (0x00007a39d3e1a888) [0x00007a39d3e1a980, 0x00007a39d3e1ad00] Compiler: c1, Barriers: 2, Oops: 1, ImmediateOops: 0, NonImmediateOops: No
[2,470s][debug][gc,nmethod     ] Register NMethod: jdk.internal.misc.Unsafe.freeMemory0 (0x00007a39f2d74908) [0x00007a39f2d74a00, 0x00007a39f2d74b48] Compiler: , Barriers: 0, Oops: 0, ImmediateOops: 0, NonImmediateOops: No
[2,470s][debug][gc,nmethod     ] Register NMethod: io.sirix.page.KeyValueLeafPage.findFreeSpaceForSlots (0x00007a39d3e1ad88) [0x00007a39d3e1ae80, 0x00007a39d3e1bb60] Compiler: c1, Barriers: 4, Oops: 1, ImmediateOops: 0, NonImmediateOops: No
[2,470s][debug][gc,nmethod     ] Register NMethod: jdk.internal.foreign.AbstractMemorySegmentImpl.overlaps (0x00007a39d3e1bb88) [0x00007a39d3e1bc80, 0x00007a39d3e1ca40] Compiler: c1, Barriers: 0, Oops: 0, ImmediateOops: 0, NonImmediateOops: No
[2,470s][debug][gc,nmethod     ] Register NMethod: io.sirix.node.GrowingMemorySegment.setPosition (0x00007a39f2d74c08) [0x00007a39f2d74d00, 0x00007a39f2d74dc0] Compiler: c1, Barriers: 0, Oops: 1, ImmediateOops: 0, NonImmediateOops: No
[2,470s][debug][gc,nmethod     ] Register NMethod: io.sirix.node.MemorySegmentBytesOut.position (0x00007a39d3e1ca88) [0x00007a39d3e1cb80, 0x00007a39d3e1ccd0] Compiler: c1, Barriers: 1, Oops: 1, ImmediateOops: 0, NonImmediateOops: No
[2,470s][debug][gc,nmethod     ] Register NMethod: io.sirix.node.MemorySegmentBytesOut.writePosition (0x00007a39d3e1cd88) [0x00007a39d3e1ce80, 0x00007a39d3e1d030] Compiler: c1, Barriers: 1, Oops: 1, ImmediateOops: 0, NonImmediateOops: No
[2,471s][debug][gc,nmethod     ] Register NMethod: io.sirix.node.xml.ElementNode.getNamespaceCount (0x00007a39d3e1d088) [0x00007a39d3e1d180, 0x00007a39d3e1d300] Compiler: c1, Barriers: 1, Oops: 1, ImmediateOops: 0, NonImmediateOops: No
[2,473s][debug][gc,nmethod     ] Register NMethod: java.lang.foreign.MemorySegment.copy (0x00007a39d3e1d388) [0x00007a39d3e1d480, 0x00007a39d3e2dd88] Compiler: c1, Barriers: 39, Oops: 4, ImmediateOops: 41, NonImmediateOops: No
[2,473s][debug][gc,director    ] Rule Major: Warmup 10%, Used: 402MB, UsedThreshold: 1228MB
[2,474s][debug][gc,nmethod     ] Register NMethod: io.sirix.node.xml.TextNode.getPreviousRevisionNumber (0x00007a39d3e2de08) [0x00007a39d3e2df00, 0x00007a39d3e32ef0] Compiler: c1, Barriers: 19, Oops: 7, ImmediateOops: 11, NonImmediateOops: No
[2,474s][debug][gc,nmethod     ] Register NMethod: jdk.internal.foreign.HeapMemorySegmentImpl.unsafeGetOffset (0x00007a39f2d74f08) [0x00007a39f2d75000, 0x00007a39f2d750c0] Compiler: c1, Barriers: 0, Oops: 0, ImmediateOops: 0, NonImmediateOops: No
[2,474s][debug][gc,nmethod     ] Register NMethod: io.sirix.node.xml.TextNode.getKind (0x00007a39d3e32f88) [0x00007a39d3e33080, 0x00007a39d3e333a0] Compiler: c1, Barriers: 0, Oops: 1, ImmediateOops: 1, NonImmediateOops: No
[2,474s][debug][gc,nmethod     ] Register NMethod: io.sirix.node.xml.TextNode.isCompressed (0x00007a39f2d75208) [0x00007a39f2d75300, 0x00007a39f2d753c0] Compiler: c1, Barriers: 0, Oops: 1, ImmediateOops: 0, NonImmediateOops: No
[2,475s][debug][gc,nmethod     ] Register NMethod: io.sirix.page.KeyValueLeafPage.getAvailableSpace (0x00007a39d3e33408) [0x00007a39d3e33500, 0x00007a39d3e38fc0] Compiler: c1, Barriers: 19, Oops: 7, ImmediateOops: 12, NonImmediateOops: No
[2,475s][debug][gc,nmethod     ] Register NMethod: io.sirix.node.xml.TextNode.getLastModifiedRevisionNumber (0x00007a39d3e39008) [0x00007a39d3e39100, 0x00007a39d3e3e0f0] Compiler: c1, Barriers: 19, Oops: 7, ImmediateOops: 11, NonImmediateOops: No
[2,476s][debug][gc,nmethod     ] Register NMethod: jdk.internal.misc.Unsafe.putShortUnaligned (0x00007a39d3e3e188) [0x00007a39d3e3e280, 0x00007a39d3e3e448] Compiler: c1, Barriers: 0, Oops: 0, ImmediateOops: 0, NonImmediateOops: No
[2,476s][debug][gc,nmethod     ] Register NMethod: jdk.internal.misc.Unsafe.putShortUnaligned (0x00007a39d3e3e488) [0x00007a39d3e3e580, 0x00007a39d3e3e7b0] Compiler: c1, Barriers: 0, Oops: 0, ImmediateOops: 0, NonImmediateOops: No
[2,476s][debug][gc,nmethod     ] Register NMethod: io.sirix.access.trx.node.xml.XmlNodeTrxImpl.insertElementAsRightSibling (0x00007a39f2d75508) [0x00007a39f2d75600, 0x00007a39f2d77a80] Compiler: jvmci, Barriers: 62, Oops: 5, ImmediateOops: 5, NonImmediateOops: No
[2,480s][debug][gc,nmethod     ] Register NMethod: io.sirix.node.MemorySegmentBytesOut.writeLong (0x00007a39f2d77b08) [0x00007a39f2d77c00, 0x00007a39f2d78210] Compiler: jvmci, Barriers: 6, Oops: 3, ImmediateOops: 0, NonImmediateOops: No
[2,483s][debug][gc,nmethod     ] Register NMethod: jdk.internal.misc.ScopedMemoryAccess.putShortUnaligned (0x00007a39d3e3e808) [0x00007a39d3e3e900, 0x00007a39d3e3f788] Compiler: c1, Barriers: 3, Oops: 0, ImmediateOops: 3, NonImmediateOops: No
[2,483s][debug][gc,nmethod     ] Register NMethod: io.sirix.access.trx.node.xml.XmlNodeTrxImpl.insertTextAsRightSibling (0x00007a39f2d78288) [0x00007a39f2d78380, 0x00007a39f2d7a880] Compiler: jvmci, Barriers: 61, Oops: 6, ImmediateOops: 2, NonImmediateOops: No
[2,484s][debug][gc,director    ] Rule Major: Warmup 10%, Used: 402MB, UsedThreshold: 1228MB
[2,487s][debug][gc,nmethod     ] Register NMethod: io.sirix.node.xml.ElementNode.getPreviousRevisionNumber (0x00007a39d3e3f808) [0x00007a39d3e3f900, 0x00007a39d3e40548] Compiler: c1, Barriers: 19, Oops: 5, ImmediateOops: 5, NonImmediateOops: No
[2,488s][debug][gc,nmethod     ] Register NMethod: io.sirix.node.MemorySegmentBytesOut.writeInt (0x00007a39f2d7a908) [0x00007a39f2d7aa00, 0x00007a39f2d7b000] Compiler: jvmci, Barriers: 6, Oops: 3, ImmediateOops: 0, NonImmediateOops: No
[2,489s][debug][gc,nmethod     ] Register NMethod: io.sirix.node.GrowingMemorySegment.writeInt (0x00007a39f2d7b088) [0x00007a39f2d7b180, 0x00007a39f2d7b6f8] Compiler: jvmci, Barriers: 5, Oops: 3, ImmediateOops: 0, NonImmediateOops: No
[2,489s][debug][gc,nmethod     ] Register NMethod: jdk.internal.foreign.MemorySessionImpl.checkValidStateRaw (0x00007a39f2d7b788) [0x00007a39f2d7b880, 0x00007a39f2d7b9f8] Compiler: jvmci, Barriers: 2, Oops: 0, ImmediateOops: 0, NonImmediateOops: No
[2,490s][debug][gc,nmethod     ] Register NMethod: jdk.internal.foreign.AbstractMemorySegmentImpl.checkAccess (0x00007a39f2d7ba88) [0x00007a39f2d7bb80, 0x00007a39f2d7bcf8] Compiler: jvmci, Barriers: 0, Oops: 0, ImmediateOops: 0, NonImmediateOops: No
[2,494s][debug][gc,director    ] Rule Major: Warmup 10%, Used: 402MB, UsedThreshold: 1228MB
[2,494s][debug][gc,nmethod     ] Register NMethod: io.sirix.node.GrowingMemorySegment.grow (0x00007a39d3e40588) [0x00007a39d3e40680, 0x00007a39d3e514c8] Compiler: c1, Barriers: 44, Oops: 5, ImmediateOops: 42, NonImmediateOops: No
[2,494s][debug][gc,nmethod     ] Register NMethod: io.brackit.query.node.parser.SAX2SubtreeHandlerAdapter.startElement (0x00007a39f2d7bd88) [0x00007a39f2d7be80, 0x00007a39f2d7f500] Compiler: jvmci, Barriers: 103, Oops: 6, ImmediateOops: 5, NonImmediateOops: No
[2,498s][debug][gc,nmethod     ] Register NMethod: io.sirix.node.xml.ElementNode.getAttributeKey (0x00007a39d3e51508) [0x00007a39d3e51600, 0x00007a39d3e517f8] Compiler: c1, Barriers: 1, Oops: 1, ImmediateOops: 1, NonImmediateOops: No
[2,498s][debug][gc,nmethod     ] Register NMethod: jdk.internal.foreign.AbstractMemorySegmentImpl.isAlignedForElement (0x00007a39f2d7f588) [0x00007a39f2d7f680, 0x00007a39f2d7f990] Compiler: jvmci, Barriers: 0, Oops: 0, ImmediateOops: 0, NonImmediateOops: No
[2,499s][debug][gc,nmethod     ] Register NMethod: sun.security.provider.SHA2.implCompress0 (0x00007a39d3e51808) [0x00007a39d3e51900, 0x00007a39d3e52170] Compiler: c1, Barriers: 8, Oops: 0, ImmediateOops: 1, NonImmediateOops: No
[2,499s][debug][gc,nmethod     ] Register NMethod: jdk.internal.foreign.MemorySessionImpl$ResourceList.cleanupSingle (0x00007a39d3e52188) [0x00007a39d3e52280, 0x00007a39d3e52408] Compiler: c1, Barriers: 0, Oops: 0, ImmediateOops: 0, NonImmediateOops: No
[2,499s][debug][gc,nmethod     ] Register NMethod: jdk.internal.misc.Unsafe.freeMemory (0x00007a39d3e52488) [0x00007a39d3e52580, 0x00007a39d3e52720] Compiler: c1, Barriers: 0, Oops: 0, ImmediateOops: 0, NonImmediateOops: No
[2,499s][debug][gc,nmethod     ] Register NMethod: jdk.internal.misc.Unsafe.freeMemoryChecks (0x00007a39d3e52788) [0x00007a39d3e52880, 0x00007a39d3e52988] Compiler: c1, Barriers: 0, Oops: 0, ImmediateOops: 0, NonImmediateOops: No
[2,500s][debug][gc,nmethod     ] Register NMethod: jdk.internal.foreign.SegmentFactories$1.cleanup (0x00007a39d3e52a88) [0x00007a39d3e52b80, 0x00007a39d3e52d48] Compiler: c1, Barriers: 0, Oops: 1, ImmediateOops: 2, NonImmediateOops: No
[2,500s][debug][gc,nmethod     ] Register NMethod: jdk.internal.foreign.HeapMemorySegmentImpl$OfByte.unsafeGetOffset (0x00007a39d3e52d88) [0x00007a39d3e52e80, 0x00007a39d3e52f80] Compiler: c1, Barriers: 0, Oops: 0, ImmediateOops: 0, NonImmediateOops: No
[2,500s][debug][gc,nmethod     ] Register NMethod: jdk.internal.foreign.layout.AbstractLayout.<init> (0x00007a39d3e53088) [0x00007a39d3e53180, 0x00007a39d3e53410] Compiler: c1, Barriers: 3, Oops: 0, ImmediateOops: 0, NonImmediateOops: No
[2,500s][debug][gc,nmethod     ] Register NMethod: jdk.internal.foreign.layout.AbstractLayout.requirePowerOfTwoAndGreaterOrEqualToOne (0x00007a39d3e53488) [0x00007a39d3e53580, 0x00007a39d3e53928] Compiler: c1, Barriers: 0, Oops: 0, ImmediateOops: 2, NonImmediateOops: No
[2,500s][debug][gc,nmethod     ] Register NMethod: jdk.internal.foreign.Utils.isPowerOfTwo (0x00007a39d3e53988) [0x00007a39d3e53a80, 0x00007a39d3e53b88] Compiler: c1, Barriers: 0, Oops: 0, ImmediateOops: 0, NonImmediateOops: No
[2,500s][debug][gc,nmethod     ] Register NMethod: io.sirix.node.NodeKind$1.serialize (0x00007a39d3e53c88) [0x00007a39d3e53d80, 0x00007a39d3e5c840] Compiler: c1, Barriers: 235, Oops: 15, ImmediateOops: 58, NonImmediateOops: No
[2,501s][debug][gc,nmethod     ] Register NMethod: io.sirix.node.NodeKind$4.serialize (0x00007a39d3e5c908) [0x00007a39d3e5ca00, 0x00007a39d3e77178] Compiler: c1, Barriers: 110, Oops: 13, ImmediateOops: 55, NonImmediateOops: No
[2,501s][debug][gc,nmethod     ] Register NMethod: jdk.internal.foreign.layout.ValueLayouts$AbstractValueLayout.<init> (0x00007a39d3e77208) [0x00007a39d3e77300, 0x00007a39d3e776e8] Compiler: c1, Barriers: 9, Oops: 0, ImmediateOops: 0, NonImmediateOops: No
[2,501s][debug][gc,nmethod     ] Register NMethod: jdk.internal.misc.ScopedMemoryAccess.getLongUnaligned (0x00007a39f2d7fa08) [0x00007a39f2d7fb00, 0x00007a39f2d7fcc0] Compiler: jvmci, Barriers: 2, Oops: 0, ImmediateOops: 0, NonImmediateOops: No
[2,501s][debug][gc,nmethod     ] Register NMethod: io.sirix.node.json.JsonNodeSerializer.writeEndPadding (0x00007a39d3e77708) [0x00007a39d3e77800, 0x00007a39d3e77c48] Compiler: c1, Barriers: 2, Oops: 1, ImmediateOops: 0, NonImmediateOops: No
[2,502s][debug][gc,nmethod     ] Register NMethod: jdk.internal.foreign.layout.ValueLayouts$AbstractValueLayout.assertCarrierSize (0x00007a39d3e77c88) [0x00007a39d3e77d80, 0x00007a39d3e77e58] Compiler: c1, Barriers: 0, Oops: 0, ImmediateOops: 0, NonImmediateOops: No
[2,502s][debug][gc,nmethod     ] Register NMethod: jdk.internal.foreign.layout.MemoryLayoutUtil.requireByteSizeValid (0x00007a39d3e77f88) [0x00007a39d3e78080, 0x00007a39d3e78420] Compiler: c1, Barriers: 0, Oops: 0, ImmediateOops: 2, NonImmediateOops: No
[2,502s][debug][gc,nmethod     ] Register NMethod: jdk.internal.foreign.GlobalSession.<init> (0x00007a39d3e78488) [0x00007a39d3e78580, 0x00007a39d3e78780] Compiler: c1, Barriers: 6, Oops: 0, ImmediateOops: 0, NonImmediateOops: No
[2,502s][debug][gc,nmethod     ] Register NMethod: java.lang.Class.getSimpleName (0x00007a39d3e78788) [0x00007a39d3e78880, 0x00007a39d3e78a88] Compiler: c1, Barriers: 4, Oops: 0, ImmediateOops: 0, NonImmediateOops: No
[2,502s][debug][gc,nmethod     ] Register NMethod: io.sirix.node.GrowingMemorySegment.writeLong (0x00007a39f2d7fd08) [0x00007a39f2d7fe00, 0x00007a39f2d803f8] Compiler: jvmci, Barriers: 6, Oops: 3, ImmediateOops: 0, NonImmediateOops: No
[2,502s][debug][gc,nmethod     ] Register NMethod: sun.security.provider.SHA2.implCompress (0x00007a39d3e78b08) [0x00007a39d3e78c00, 0x00007a39d3e78e58] Compiler: c1, Barriers: 0, Oops: 0, ImmediateOops: 1, NonImmediateOops: No
[2,502s][debug][gc,nmethod     ] Register NMethod: sun.security.provider.SHA2.implCompressCheck (0x00007a39d3e78e88) [0x00007a39d3e78f80, 0x00007a39d3e79198] Compiler: c1, Barriers: 0, Oops: 0, ImmediateOops: 1, NonImmediateOops: No
[2,503s][debug][gc,nmethod     ] Register NMethod: sun.security.provider.ByteArrayAccess.b2iBig64 (0x00007a39d3e79208) [0x00007a39d3e79300, 0x00007a39d3e79e78] Compiler: c1, Barriers: 0, Oops: 3, ImmediateOops: 2, NonImmediateOops: No
[2,503s][debug][gc,nmethod     ] Register NMethod: jdk.internal.foreign.AbstractMemorySegmentImpl$$Lambda/0x00000000ba2605d8.apply (0x00007a39d3e79f08) [0x00007a39d3e7a000, 0x00007a39d3e7a180] Compiler: c1, Barriers: 0, Oops: 0, ImmediateOops: 0, NonImmediateOops: No
[2,503s][debug][gc,nmethod     ] Register NMethod: jdk.internal.foreign.AbstractMemorySegmentImpl.lambda$toArray$0 (0x00007a39d3e7a208) [0x00007a39d3e7a300, 0x00007a39d3e7a460] Compiler: c1, Barriers: 0, Oops: 0, ImmediateOops: 0, NonImmediateOops: No
[2,503s][debug][gc,nmethod     ] Register NMethod: jdk.internal.foreign.AbstractMemorySegmentImpl$$Lambda/0x00000000ba261980.apply (0x00007a39d3e7a508) [0x00007a39d3e7a600, 0x00007a39d3e7a748] Compiler: c1, Barriers: 0, Oops: 0, ImmediateOops: 0, NonImmediateOops: No
[2,503s][debug][gc,nmethod     ] Register NMethod: java.lang.foreign.MemorySegment.ofArray (0x00007a39d3e7a808) [0x00007a39d3e7a900, 0x00007a39d3e7a9f8] Compiler: c1, Barriers: 0, Oops: 0, ImmediateOops: 0, NonImmediateOops: No
[2,504s][debug][gc,nmethod     ] Register NMethod: jdk.internal.foreign.SegmentFactories.fromArray (0x00007a39d3e7ab08) [0x00007a39d3e7ac00, 0x00007a39d3e7aff8] Compiler: c1, Barriers: 3, Oops: 0, ImmediateOops: 0, NonImmediateOops: No
[2,504s][debug][gc,nmethod     ] Register NMethod: jdk.internal.foreign.MemorySessionImpl.createHeap (0x00007a39d3e7b008) [0x00007a39d3e7b100, 0x00007a39d3e7b378] Compiler: c1, Barriers: 3, Oops: 0, ImmediateOops: 0, NonImmediateOops: No
[2,504s][debug][gc,nmethod     ] Register NMethod: jdk.internal.foreign.GlobalSession$HeapSession.<init> (0x00007a39d3e7b388) [0x00007a39d3e7b480, 0x00007a39d3e7b7b0] Compiler: c1, Barriers: 9, Oops: 0, ImmediateOops: 0, NonImmediateOops: No
[2,504s][debug][gc,nmethod     ] Register NMethod: jdk.internal.foreign.HeapMemorySegmentImpl$OfByte.<init> (0x00007a39d3e7b808) [0x00007a39d3e7b900, 0x00007a39d3e7bb00] Compiler: c1, Barriers: 6, Oops: 0, ImmediateOops: 0, NonImmediateOops: No
[2,504s][debug][gc,nmethod     ] Register NMethod: jdk.internal.foreign.AbstractMemorySegmentImpl.toArray (0x00007a39d3e7bb08) [0x00007a39d3e7bc00, 0x00007a39d3e7d7c0] Compiler: c1, Barriers: 14, Oops: 4, ImmediateOops: 21, NonImmediateOops: No
[2,504s][debug][gc,nmethod     ] Register NMethod: jdk.internal.foreign.HeapMemorySegmentImpl.<init> (0x00007a39d3e7d808) [0x00007a39d3e7d900, 0x00007a39d3e7daf0] Compiler: c1, Barriers: 6, Oops: 0, ImmediateOops: 0, NonImmediateOops: No
[2,504s][debug][gc,nmethod     ] Register NMethod: jdk.internal.foreign.layout.ValueLayouts$OfByteImpl.<init> (0x00007a39d3e7db08) [0x00007a39d3e7dc00, 0x00007a39d3e7dd38] Compiler: c1, Barriers: 0, Oops: 0, ImmediateOops: 1, NonImmediateOops: No
[2,504s][debug][gc,nmethod     ] Register NMethod: jdk.internal.foreign.layout.ValueLayouts$AbstractValueLayout.withOrder (0x00007a39d3e7de08) [0x00007a39d3e7df00, 0x00007a39d3e7e120] Compiler: c1, Barriers: 1, Oops: 0, ImmediateOops: 0, NonImmediateOops: No
[2,507s][debug][gc,director    ] Rule Major: Warmup 10%, Used: 404MB, UsedThreshold: 1228MB
[2,508s][debug][gc,nmethod     ] Register NMethod: io.sirix.node.xml.AttributeNode.isCompressed (0x00007a39f2d80488) [0x00007a39f2d80580, 0x00007a39f2d80640] Compiler: c1, Barriers: 0, Oops: 1, ImmediateOops: 0, NonImmediateOops: No
[2,509s][debug][gc,nmethod     ] Register NMethod: io.sirix.node.xml.AttributeNode.getPreviousRevisionNumber (0x00007a39d3e7e188) [0x00007a39d3e7e280, 0x00007a39d3e7eec8] Compiler: c1, Barriers: 19, Oops: 5, ImmediateOops: 5, NonImmediateOops: No
[2,509s][debug][gc,nmethod     ] Register NMethod: io.sirix.node.xml.AttributeNode.getKind (0x00007a39d3e7ef08) [0x00007a39d3e7f000, 0x00007a39d3e7f108] Compiler: c1, Barriers: 0, Oops: 1, ImmediateOops: 1, NonImmediateOops: No
[2,509s][debug][gc,nmethod     ] Register NMethod: io.sirix.node.SirixDeweyID.setDivisionBitArray (0x00007a39d3e7f208) [0x00007a39d3e7f300, 0x00007a39d3e7f7c8] Compiler: c1, Barriers: 2, Oops: 1, ImmediateOops: 5, NonImmediateOops: No
[2,509s][debug][gc,nmethod     ] Register NMethod: jdk.internal.foreign.layout.ValueLayouts$OfByteImpl.withOrder (0x00007a39d3e7f808) [0x00007a39d3e7f900, 0x00007a39d3e7fa60] Compiler: c1, Barriers: 0, Oops: 0, ImmediateOops: 0, NonImmediateOops: No
[2,510s][debug][gc,nmethod     ] Register NMethod: sun.security.provider.SHA2.implCompress0 (0x00007a39d3e7fb08) [0x00007a39d3e7fc00, 0x00007a39d3e80ba0] Compiler: c1, Barriers: 9, Oops: 0, ImmediateOops: 1, NonImmediateOops: No
[2,510s][debug][gc,nmethod     ] Register NMethod: jdk.internal.foreign.HeapMemorySegmentImpl$OfByte.unsafeGetBase (0x00007a39d3e80c08) [0x00007a39d3e80d00, 0x00007a39d3e80f08] Compiler: c1, Barriers: 1, Oops: 0, ImmediateOops: 0, NonImmediateOops: No
[2,511s][debug][gc,nmethod     ] Register NMethod: jdk.internal.foreign.HeapMemorySegmentImpl$OfByte.unsafeGetBase (0x00007a39d3e80f88) [0x00007a39d3e81080, 0x00007a39d3e81288] Compiler: c1, Barriers: 1, Oops: 0, ImmediateOops: 0, NonImmediateOops: No
[2,511s][debug][gc,nmethod     ] Register NMethod: io.sirix.node.SirixDeweyID.getDivisionBits (0x00007a39d3e81308) [0x00007a39d3e81400, 0x00007a39d3e81880] Compiler: c1, Barriers: 1, Oops: 1, ImmediateOops: 17, NonImmediateOops: No
[2,511s][debug][gc,nmethod     ] Register NMethod: jdk.internal.foreign.layout.ValueLayouts$OfByteImpl.dup (0x00007a39d3e81908) [0x00007a39d3e81a00, 0x00007a39d3e81b18] Compiler: c1, Barriers: 0, Oops: 0, ImmediateOops: 0, NonImmediateOops: No
[2,511s][debug][gc,nmethod     ] Register NMethod: jdk.internal.foreign.layout.ValueLayouts$OfByteImpl.dup (0x00007a39d3e81c08) [0x00007a39d3e81d00, 0x00007a39d3e81e90] Compiler: c1, Barriers: 0, Oops: 0, ImmediateOops: 0, NonImmediateOops: No
[2,513s][debug][gc,nmethod     ] Register NMethod: java.lang.foreign.MemorySegment.copy (0x00007a39d3e81f08) [0x00007a39d3e82000, 0x00007a39d3e83b88] Compiler: c1, Barriers: 14, Oops: 4, ImmediateOops: 20, NonImmediateOops: No
[2,514s][debug][gc,nmethod     ] Register NMethod: jdk.internal.foreign.MemorySessionImpl$ResourceList.cleanupSingle (0x00007a39d3e83c08) [0x00007a39d3e83d00, 0x00007a39d3e842a8] Compiler: c1, Barriers: 0, Oops: 0, ImmediateOops: 0, NonImmediateOops: No
[2,515s][debug][gc,nmethod     ] Register NMethod: io.sirix.node.SirixDeweyID.toBytes (0x00007a39d3e84308) [0x00007a39d3e84400, 0x00007a39d3e84ae8] Compiler: c1, Barriers: 4, Oops: 1, ImmediateOops: 17, NonImmediateOops: No
[2,515s][debug][gc,nmethod     ] Register NMethod: io.sirix.node.SirixDeweyID.toBytes (0x00007a39d3e84b08) [0x00007a39d3e84c00, 0x00007a39d3e84d50] Compiler: c1, Barriers: 1, Oops: 1, ImmediateOops: 0, NonImmediateOops: No
[2,515s][debug][gc,nmethod     ] Register NMethod: io.sirix.node.SirixDeweyID.getDivisionBits (0x00007a39d3e84e08) [0x00007a39d3e84f00, 0x00007a39d3e85498] Compiler: c1, Barriers: 1, Oops: 1, ImmediateOops: 17, NonImmediateOops: No
[2,515s][debug][gc,nmethod     ] Register NMethod: io.sirix.page.KeyValueLeafPage.setDeweyId (0x00007a39d3e85508) [0x00007a39d3e85600, 0x00007a39d3e85848] Compiler: c1, Barriers: 5, Oops: 1, ImmediateOops: 0, NonImmediateOops: No
[2,515s][debug][gc,nmethod     ] Register NMethod: jdk.internal.foreign.HeapMemorySegmentImpl$OfByte.maxAlignMask (0x00007a39d3e85888) [0x00007a39d3e85980, 0x00007a39d3e85a80] Compiler: c1, Barriers: 0, Oops: 0, ImmediateOops: 0, NonImmediateOops: No
[2,516s][debug][gc,nmethod     ] Register NMethod: jdk.internal.foreign.ArenaImpl.allocate (0x00007a39f2d80788) [0x00007a39f2d80880, 0x00007a39f2d81408] Compiler: jvmci, Barriers: 26, Oops: 1, ImmediateOops: 6, NonImmediateOops: No
[2,516s][debug][gc,nmethod     ] Register NMethod: jdk.internal.foreign.ArenaImpl.allocate (0x00007a39f2d81488) [0x00007a39f2d81580, 0x00007a39f2d82108] Compiler: jvmci, Barriers: 26, Oops: 1, ImmediateOops: 6, NonImmediateOops: No
[2,516s][debug][gc,nmethod     ] Register NMethod: jdk.internal.foreign.SegmentFactories$1.cleanup (0x00007a39d3e85b88) [0x00007a39d3e85c80, 0x00007a39d3e86240] Compiler: c1, Barriers: 0, Oops: 1, ImmediateOops: 4, NonImmediateOops: No
[2,516s][debug][gc,nmethod     ] Register NMethod: io.sirix.node.xml.AttributeNode.getRawValue (0x00007a39f2d82188) [0x00007a39f2d82280, 0x00007a39f2d82368] Compiler: c1, Barriers: 1, Oops: 1, ImmediateOops: 0, NonImmediateOops: No
[2,517s][debug][gc,nmethod     ] Register NMethod: jdk.internal.foreign.AbstractMemorySegmentImpl.copy (0x00007a39d3e86288) [0x00007a39d3e86380, 0x00007a39d3e87c40] Compiler: c1, Barriers: 14, Oops: 4, ImmediateOops: 20, NonImmediateOops: No
[2,517s][debug][gc,nmethod     ] Register NMethod: jdk.internal.foreign.HeapMemorySegmentImpl$OfByte.unsafeGetOffset (0x00007a39d3e87c88) [0x00007a39d3e87d80, 0x00007a39d3e87e98] Compiler: c1, Barriers: 0, Oops: 0, ImmediateOops: 0, NonImmediateOops: No
[2,518s][debug][gc,nmethod     ] Register NMethod: io.sirix.node.xml.AttributeNode.getPathNodeKey (0x00007a39d3e87f88) [0x00007a39d3e88080, 0x00007a39d3e88cc8] Compiler: c1, Barriers: 19, Oops: 5, ImmediateOops: 5, NonImmediateOops: No
[2,520s][debug][gc,director    ] Rule Major: Warmup 10%, Used: 404MB, UsedThreshold: 1228MB
[2,520s][debug][gc,nmethod     ] Register NMethod: io.sirix.node.NodeKind$2.serialize (0x00007a39d3e88d08) [0x00007a39d3e88e00, 0x00007a39d3e8e378] Compiler: c1, Barriers: 145, Oops: 11, ImmediateOops: 35, NonImmediateOops: No
[2,525s][debug][gc,nmethod     ] Register NMethod: jdk.internal.foreign.HeapMemorySegmentImpl$OfByte.unsafeGetBase (0x00007a39d3e8e408) [0x00007a39d3e8e500, 0x00007a39d3e8eb90] Compiler: c1, Barriers: 1, Oops: 0, ImmediateOops: 0, NonImmediateOops: No
[2,525s][debug][gc,nmethod     ] Register NMethod: io.sirix.node.SirixDeweyID.setDivisionBitArray (0x00007a39d3e8ec08) [0x00007a39d3e8ed00, 0x00007a39d3e8f518] Compiler: c1, Barriers: 2, Oops: 1, ImmediateOops: 5, NonImmediateOops: No
[2,526s][debug][gc,nmethod     ] Register NMethod: jdk.internal.foreign.HeapMemorySegmentImpl$OfByte.<init> (0x00007a39d3e8f588) [0x00007a39d3e8f680, 0x00007a39d3e8f998] Compiler: c1, Barriers: 6, Oops: 0, ImmediateOops: 0, NonImmediateOops: No
[2,526s][debug][gc,nmethod     ] Register NMethod: io.sirix.node.xml.AttributeNode.getLastModifiedRevisionNumber (0x00007a39d3e8fa08) [0x00007a39d3e8fb00, 0x00007a39d3e90748] Compiler: c1, Barriers: 19, Oops: 5, ImmediateOops: 5, NonImmediateOops: No
[2,526s][debug][gc,nmethod     ] Register NMethod: io.sirix.node.SirixDeweyID.toBytes (0x00007a39d3e90788) [0x00007a39d3e90880, 0x00007a39d3e909e8] Compiler: c1, Barriers: 1, Oops: 1, ImmediateOops: 0, NonImmediateOops: No
[2,526s][debug][gc,nmethod     ] Register NMethod: jdk.internal.foreign.SegmentFactories.fromArray (0x00007a39d3e90a88) [0x00007a39d3e90b80, 0x00007a39d3e91680] Compiler: c1, Barriers: 3, Oops: 0, ImmediateOops: 1, NonImmediateOops: No
[2,527s][debug][gc,nmethod     ] Register NMethod: io.sirix.node.SirixDeweyID.setDivisionBitArray (0x00007a39d3e91688) [0x00007a39d3e91780, 0x00007a39d3e91db0] Compiler: c1, Barriers: 2, Oops: 1, ImmediateOops: 5, NonImmediateOops: No
[2,527s][debug][gc,nmethod     ] Register NMethod: io.sirix.node.xml.AttributeNode.getDeweyID (0x00007a39d3e91e08) [0x00007a39d3e91f00, 0x00007a39d3e921c8] Compiler: c1, Barriers: 6, Oops: 1, ImmediateOops: 0, NonImmediateOops: No
[2,527s][debug][gc,nmethod     ] Register NMethod: java.lang.invoke.VarHandleGuards.guard_LJ_I (0x00007a39f2d82488) [0x00007a39f2d82580, 0x00007a39f2d82cc0] Compiler: jvmci, Barriers: 23, Oops: 0, ImmediateOops: 5, NonImmediateOops: No
[2,527s][debug][gc,nmethod     ] Register NMethod: jdk.internal.misc.ScopedMemoryAccess.putShortUnalignedInternal (0x00007a39d3e92208) [0x00007a39d3e92300, 0x00007a39d3e92538] Compiler: c1, Barriers: 2, Oops: 0, ImmediateOops: 3, NonImmediateOops: No
[2,528s][debug][gc,nmethod     ] Register NMethod: io.sirix.node.SirixDeweyID.toBytes (0x00007a39d3e92588) [0x00007a39d3e92680, 0x00007a39d3e930b0] Compiler: c1, Barriers: 4, Oops: 1, ImmediateOops: 17, NonImmediateOops: No
[2,528s][debug][gc,nmethod     ] Register NMethod: io.sirix.node.json.JsonNodeSerializer.updateSizePrefix (0x00007a39d3e93108) [0x00007a39d3e93200, 0x00007a39d3e934a0] Compiler: c1, Barriers: 2, Oops: 1, ImmediateOops: 0, NonImmediateOops: No
[2,528s][debug][gc,nmethod     ] Register NMethod: io.sirix.node.xml.ElementNode.getKind (0x00007a39d3e93508) [0x00007a39d3e93600, 0x00007a39d3e93708] Compiler: c1, Barriers: 0, Oops: 1, ImmediateOops: 1, NonImmediateOops: No
[2,529s][debug][gc,nmethod     ] Register NMethod: io.sirix.node.NodeKind.writeHash (0x00007a39d3e93808) [0x00007a39d3e93900, 0x00007a39d3e93a70] Compiler: c1, Barriers: 1, Oops: 1, ImmediateOops: 0, NonImmediateOops: No
[2,530s][debug][gc,director    ] Rule Major: Warmup 10%, Used: 404MB, UsedThreshold: 1228MB
[2,530s][debug][gc,nmethod     ] Register NMethod: io.sirix.page.KeyValueLeafPage.setData (0x00007a39d3e93b08) [0x00007a39d3e93c00, 0x00007a39d3ed9380] Compiler: c1, Barriers: 182, Oops: 16, ImmediateOops: 164, NonImmediateOops: No
[2,530s][debug][gc,nmethod     ] Register NMethod: io.sirix.node.json.JsonNodeSerializer.writeSizePrefix (0x00007a39d3ed9408) [0x00007a39d3ed9500, 0x00007a39d3ed9888] Compiler: c1, Barriers: 4, Oops: 1, ImmediateOops: 0, NonImmediateOops: No
[2,530s][debug][gc,nmethod     ] Register NMethod: io.sirix.node.SirixDeweyID.toBytes (0x00007a39d3ed9908) [0x00007a39d3ed9a00, 0x00007a39d3eda360] Compiler: c1, Barriers: 4, Oops: 1, ImmediateOops: 17, NonImmediateOops: No
[2,530s][debug][gc,nmethod     ] Register NMethod: com.sun.org.apache.xerces.internal.impl.XMLEntityScanner.scanLiteral (0x00007a39f2d82d08) [0x00007a39f2d82e00, 0x00007a39f2d83ca0] Compiler: jvmci, Barriers: 10, Oops: 0, ImmediateOops: 1, NonImmediateOops: No
[2,531s][debug][gc,nmethod     ] Register NMethod: jdk.internal.foreign.AbstractMemorySegmentImpl.toArray (0x00007a39d3eda388) [0x00007a39d3eda480, 0x00007a39d3eda5f0] Compiler: c1, Barriers: 0, Oops: 0, ImmediateOops: 3, NonImmediateOops: No
[2,531s][debug][gc,nmethod     ] Register NMethod: java.lang.invoke.VarHandleSegmentAsInts.get (0x00007a39f2d83d08) [0x00007a39f2d83e00, 0x00007a39f2d84598] Compiler: jvmci, Barriers: 4, Oops: 0, ImmediateOops: 0, NonImmediateOops: No
[2,531s][debug][gc,nmethod     ] Register NMethod: io.sirix.node.delegates.NodeDelegate.getPreviousRevisionNumber (0x00007a39f2d84608) [0x00007a39f2d84700, 0x00007a39f2d847c0] Compiler: c1, Barriers: 0, Oops: 1, ImmediateOops: 0, NonImmediateOops: No
[2,531s][debug][gc,nmethod     ] Register NMethod: io.sirix.node.delegates.NodeDelegate.getDeweyID (0x00007a39d3eda688) [0x00007a39d3eda780, 0x00007a39d3edab80] Compiler: c1, Barriers: 6, Oops: 1, ImmediateOops: 0, NonImmediateOops: No
[2,531s][debug][gc,nmethod     ] Register NMethod: io.sirix.page.KeyValueLeafPage.setDeweyId (0x00007a39d3edac08) [0x00007a39d3edad00, 0x00007a39d3edafe8] Compiler: c1, Barriers: 5, Oops: 1, ImmediateOops: 0, NonImmediateOops: No
[2,531s][debug][gc,nmethod     ] Register NMethod: io.sirix.node.delegates.NodeDelegate.getLastModifiedRevisionNumber (0x00007a39f2d84908) [0x00007a39f2d84a00, 0x00007a39f2d84ac0] Compiler: c1, Barriers: 0, Oops: 1, ImmediateOops: 0, NonImmediateOops: No
[2,531s][debug][gc,nmethod     ] Register NMethod: io.sirix.node.delegates.StructNodeDelegate.getLastChildKey (0x00007a39f2d84c08) [0x00007a39f2d84d00, 0x00007a39f2d84dc0] Compiler: c1, Barriers: 0, Oops: 1, ImmediateOops: 0, NonImmediateOops: No
[2,531s][debug][gc,nmethod     ] Register NMethod: io.sirix.node.delegates.StructNodeDelegate.getChildCount (0x00007a39f2d84f08) [0x00007a39f2d85000, 0x00007a39f2d850c0] Compiler: c1, Barriers: 0, Oops: 1, ImmediateOops: 0, NonImmediateOops: No
[2,531s][debug][gc,nmethod     ] Register NMethod: io.sirix.node.delegates.NameNodeDelegate.getURIKey (0x00007a39f2d85208) [0x00007a39f2d85300, 0x00007a39f2d853c0] Compiler: c1, Barriers: 0, Oops: 1, ImmediateOops: 0, NonImmediateOops: No
[2,531s][debug][gc,nmethod     ] Register NMethod: io.sirix.index.path.summary.PathNode.getNameNodeDelegate (0x00007a39f2d85508) [0x00007a39f2d85600, 0x00007a39f2d856e8] Compiler: c1, Barriers: 1, Oops: 1, ImmediateOops: 0, NonImmediateOops: No
[2,531s][debug][gc,nmethod     ] Register NMethod: io.sirix.index.path.summary.PathNode.getReferences (0x00007a39f2d85808) [0x00007a39f2d85900, 0x00007a39f2d859c0] Compiler: c1, Barriers: 0, Oops: 1, ImmediateOops: 0, NonImmediateOops: No
[2,531s][debug][gc,nmethod     ] Register NMethod: io.sirix.node.delegates.NameNodeDelegate.getPathNodeKey (0x00007a39f2d85b08) [0x00007a39f2d85c00, 0x00007a39f2d85cc0] Compiler: c1, Barriers: 0, Oops: 1, ImmediateOops: 0, NonImmediateOops: No
[2,531s][debug][gc,nmethod     ] Register NMethod: io.sirix.node.MemorySegmentBytesOut.writeStopBit (0x00007a39f2d85e08) [0x00007a39f2d85f00, 0x00007a39f2d86b00] Compiler: jvmci, Barriers: 13, Oops: 2, ImmediateOops: 0, NonImmediateOops: No
[2,532s][debug][gc,nmethod     ] Register NMethod: io.sirix.index.path.summary.PathNode.getKind (0x00007a39d3edb008) [0x00007a39d3edb100, 0x00007a39d3edb208] Compiler: c1, Barriers: 0, Oops: 1, ImmediateOops: 1, NonImmediateOops: No
[2,532s][debug][gc,nmethod     ] Register NMethod: io.sirix.node.AbstractForwardingNode.getNodeDelegate (0x00007a39d3edb308) [0x00007a39d3edb400, 0x00007a39d3edb520] Compiler: c1, Barriers: 0, Oops: 1, ImmediateOops: 0, NonImmediateOops: No
[2,532s][debug][gc,nmethod     ] Register NMethod: io.sirix.node.NodeKind.serializeDelegateWithoutIDs (0x00007a39d3edb608) [0x00007a39d3edb700, 0x00007a39d3edb988] Compiler: c1, Barriers: 2, Oops: 1, ImmediateOops: 0, NonImmediateOops: No
[2,532s][debug][gc,nmethod     ] Register NMethod: io.sirix.node.xml.AbstractStructForwardingNode.getStructNodeDelegate (0x00007a39d3edba08) [0x00007a39d3edbb00, 0x00007a39d3edbc20] Compiler: c1, Barriers: 0, Oops: 1, ImmediateOops: 0, NonImmediateOops: No
[2,533s][debug][gc,nmethod     ] Register NMethod: io.sirix.node.NodeKind.serializeStructDelegate (0x00007a39d3edbd08) [0x00007a39d3edbe00, 0x00007a39d3edc378] Compiler: c1, Barriers: 7, Oops: 1, ImmediateOops: 5, NonImmediateOops: No
[2,533s][debug][gc,nmethod     ] Register NMethod: io.sirix.node.NodeKind.serializeNameDelegate (0x00007a39d3edc388) [0x00007a39d3edc480, 0x00007a39d3edc798] Compiler: c1, Barriers: 3, Oops: 1, ImmediateOops: 0, NonImmediateOops: No
[2,533s][debug][gc,nmethod     ] Register NMethod: io.sirix.node.AbstractForwardingNode.getDeweyID (0x00007a39d3edc808) [0x00007a39d3edc900, 0x00007a39d3edcd68] Compiler: c1, Barriers: 6, Oops: 1, ImmediateOops: 0, NonImmediateOops: No
[2,533s][debug][gc,nmethod     ] Register NMethod: net.jpountz.util.SafeUtils.checkRange (0x00007a39d3edcd88) [0x00007a39d3edce80, 0x00007a39d3edd080] Compiler: c1, Barriers: 0, Oops: 1, ImmediateOops: 0, NonImmediateOops: No
[2,534s][debug][gc,nmethod     ] Register NMethod: jdk.internal.misc.ScopedMemoryAccess.getIntUnaligned (0x00007a39f2d86b88) [0x00007a39f2d86c80, 0x00007a39f2d86e18] Compiler: jvmci, Barriers: 2, Oops: 0, ImmediateOops: 0, NonImmediateOops: No
[2,534s][debug][gc,nmethod     ] Register NMethod: io.sirix.page.KeyValueLeafPage.alignOffset (0x00007a39f2d86e88) [0x00007a39f2d86f80, 0x00007a39f2d86fe8] Compiler: jvmci, Barriers: 0, Oops: 1, ImmediateOops: 0, NonImmediateOops: No
[2,535s][debug][gc,nmethod     ] Register NMethod: jdk.internal.foreign.MemorySessionImpl.checkValidState (0x00007a39f2d87188) [0x00007a39f2d87280, 0x00007a39f2d873f8] Compiler: jvmci, Barriers: 2, Oops: 0, ImmediateOops: 0, NonImmediateOops: No
[2,535s][debug][gc,nmethod     ] Register NMethod: jdk.internal.misc.ScopedMemoryAccess.putLongUnaligned (0x00007a39f2d87488) [0x00007a39f2d87580, 0x00007a39f2d87768] Compiler: jvmci, Barriers: 2, Oops: 0, ImmediateOops: 0, NonImmediateOops: No
[2,536s][debug][gc,nmethod     ] Register NMethod: io.sirix.node.xml.ElementNode.getLastModifiedRevisionNumber (0x00007a39d3edd108) [0x00007a39d3edd200, 0x00007a39d3edde48] Compiler: c1, Barriers: 19, Oops: 5, ImmediateOops: 5, NonImmediateOops: No
[2,536s][debug][gc,nmethod     ] Register NMethod: jdk.internal.foreign.AbstractMemorySegmentImpl.<init> (0x00007a39f2d87788) [0x00007a39f2d878a0, 0x00007a39f2d87998] Compiler: jvmci, Barriers: 3, Oops: 0, ImmediateOops: 0, NonImmediateOops: No
[2,536s][debug][gc,nmethod     ] Register NMethod: java.util.stream.SortedOps$OfRef.opWrapSink (0x00007a39d3edde88) [0x00007a39d3eddf80, 0x00007a39d3ede728] Compiler: c1, Barriers: 14, Oops: 0, ImmediateOops: 2, NonImmediateOops: No
[2,536s][debug][gc,nmethod     ] Register NMethod: jdk.internal.foreign.NativeMemorySegmentImpl.isNative (0x00007a39f2d87a88) [0x00007a39f2d87b80, 0x00007a39f2d87c40] Compiler: c1, Barriers: 0, Oops: 0, ImmediateOops: 0, NonImmediateOops: No
[2,536s][debug][gc,nmethod     ] Register NMethod: io.sirix.node.MemorySegmentBytesOut.writeByte (0x00007a39f2d87d88) [0x00007a39f2d87e80, 0x00007a39f2d88348] Compiler: jvmci, Barriers: 6, Oops: 1, ImmediateOops: 0, NonImmediateOops: No
[2,536s][debug][gc,nmethod     ] Register NMethod: java.nio.ByteOrder.nativeOrder (0x00007a39f2d88388) [0x00007a39f2d88480, 0x00007a39f2d884f0] Compiler: jvmci, Barriers: 0, Oops: 0, ImmediateOops: 1, NonImmediateOops: No
[2,537s][debug][gc,nmethod     ] Register NMethod: jdk.internal.foreign.Utils.checkNonNegativeIndex (0x00007a39f2d88688) [0x00007a39f2d88780, 0x00007a39f2d88818] Compiler: jvmci, Barriers: 0, Oops: 0, ImmediateOops: 0, NonImmediateOops: No
[2,539s][debug][gc,nmethod     ] Register NMethod: io.sirix.node.NodeKind$13.serialize (0x00007a39d3ede788) [0x00007a39d3ede880, 0x00007a39d3edecf8] Compiler: c1, Barriers: 7, Oops: 1, ImmediateOops: 0, NonImmediateOops: No
[2,539s][debug][gc,nmethod     ] Register NMethod: jdk.internal.foreign.AbstractMemorySegmentImpl.get (0x00007a39f2d88988) [0x00007a39f2d88a80, 0x00007a39f2d89208] Compiler: jvmci, Barriers: 16, Oops: 1, ImmediateOops: 3, NonImmediateOops: No
[2,540s][debug][gc,nmethod     ] Register NMethod: io.sirix.node.xml.ElementNode.computeHash (0x00007a39f2d89288) [0x00007a39f2d89380, 0x00007a39f2d8f018] Compiler: jvmci, Barriers: 104, Oops: 19, ImmediateOops: 2, NonImmediateOops: No
[2,540s][debug][gc,director    ] Rule Major: Warmup 10%, Used: 404MB, UsedThreshold: 1228MB
[2,541s][debug][gc,nmethod     ] Register NMethod: java.util.stream.SortedOps$AbstractRefSortingSink.<init> (0x00007a39d3eded08) [0x00007a39d3edee00, 0x00007a39d3edf0e8] Compiler: c1, Barriers: 6, Oops: 0, ImmediateOops: 0, NonImmediateOops: No
[2,542s][debug][gc,nmethod     ] Register NMethod: io.sirix.node.NodeKind$1.serialize (0x00007a39d3edf108) [0x00007a39d3edf200, 0x00007a39d3f1a0b8] Compiler: c1, Barriers: 235, Oops: 19, ImmediateOops: 124, NonImmediateOops: No
[2,542s][debug][gc,nmethod     ] Register NMethod: io.sirix.index.path.summary.PathNode.getKind (0x00007a39d3f1a188) [0x00007a39d3f1a280, 0x00007a39d3f1a388] Compiler: c1, Barriers: 0, Oops: 1, ImmediateOops: 1, NonImmediateOops: No
[2,542s][debug][gc,nmethod     ] Register NMethod: io.sirix.page.KeyValueLeafPage.updateLastSlotIndex (0x00007a39f2d8f108) [0x00007a39f2d8f200, 0x00007a39f2d8f418] Compiler: jvmci, Barriers: 2, Oops: 1, ImmediateOops: 0, NonImmediateOops: No
[2,545s][debug][gc,nmethod     ] Register NMethod: io.sirix.node.NodeSerializerImpl.serializeDeweyID (0x00007a39d3f1a488) [0x00007a39d3f1a580, 0x00007a39d3f1a8f8] Compiler: c1, Barriers: 2, Oops: 1, ImmediateOops: 0, NonImmediateOops: No
[2,546s][debug][gc,nmethod     ] Register NMethod: io.sirix.node.NodeSerializerImpl.writeDeweyID (0x00007a39d3f1a908) [0x00007a39d3f1aa00, 0x00007a39d3f1ad20] Compiler: c1, Barriers: 3, Oops: 1, ImmediateOops: 0, NonImmediateOops: No
[2,548s][debug][gc,nmethod     ] Register NMethod: io.sirix.page.KeyValueLeafPage.getDeweyId (0x00007a39d3f1ad88) [0x00007a39d3f1ae80, 0x00007a39d3f20630] Compiler: c1, Barriers: 21, Oops: 7, ImmediateOops: 12, NonImmediateOops: No
[2,548s][debug][gc,nmethod     ] Register NMethod: io.sirix.node.GrowingMemorySegment.<init> (0x00007a39f2d8f488) [0x00007a39f2d8f580, 0x00007a39f2d90340] Compiler: jvmci, Barriers: 32, Oops: 2, ImmediateOops: 6, NonImmediateOops: No
[2,549s][debug][gc,nmethod     ] Register NMethod: io.sirix.node.GrowingMemorySegment.ensureCapacity (0x00007a39f2d90388) [0x00007a39f2d90480, 0x00007a39f2d90560] Compiler: jvmci, Barriers: 0, Oops: 1, ImmediateOops: 0, NonImmediateOops: No
[2,549s][debug][gc,nmethod     ] Register NMethod: io.sirix.page.KeyValueLeafPage.getAvailableSpace (0x00007a39f2d90688) [0x00007a39f2d90780, 0x00007a39f2d90e30] Compiler: jvmci, Barriers: 6, Oops: 3, ImmediateOops: 0, NonImmediateOops: No
[2,551s][debug][gc,director    ] Rule Major: Warmup 10%, Used: 404MB, UsedThreshold: 1228MB
[2,551s][debug][gc,nmethod     ] Register NMethod: jdk.internal.foreign.AbstractMemorySegmentImpl$$Lambda/0x00000000ba2605d8.apply (0x00007a39d3f20688) [0x00007a39d3f20780, 0x00007a39d3f20960] Compiler: c1, Barriers: 0, Oops: 0, ImmediateOops: 0, NonImmediateOops: No
[2,551s][debug][gc,nmethod     ] Register NMethod: jdk.internal.foreign.AbstractMemorySegmentImpl$$Lambda/0x00000000ba261980.apply (0x00007a39d3f20988) [0x00007a39d3f20a80, 0x00007a39d3f20e18] Compiler: c1, Barriers: 0, Oops: 0, ImmediateOops: 0, NonImmediateOops: No
[2,551s][debug][gc,nmethod     ] Register NMethod: jdk.internal.foreign.layout.ValueLayouts$OfByteImpl.withOrder (0x00007a39d3f20e88) [0x00007a39d3f20f80, 0x00007a39d3f212d0] Compiler: c1, Barriers: 0, Oops: 0, ImmediateOops: 0, NonImmediateOops: No
[2,551s][debug][gc,nmethod     ] Register NMethod: jdk.internal.foreign.layout.ValueLayouts$AbstractValueLayout.withOrder (0x00007a39d3f21308) [0x00007a39d3f21400, 0x00007a39d3f21c30] Compiler: c1, Barriers: 1, Oops: 0, ImmediateOops: 0, NonImmediateOops: No
[2,551s][debug][gc,nmethod     ] Register NMethod: jdk.internal.foreign.layout.ValueLayouts$OfByteImpl.dup (0x00007a39d3f21c88) [0x00007a39d3f21d80, 0x00007a39d3f22078] Compiler: c1, Barriers: 0, Oops: 0, ImmediateOops: 0, NonImmediateOops: No
[2,551s][debug][gc,nmethod     ] Register NMethod: jdk.internal.foreign.layout.ValueLayouts$OfByteImpl.dup (0x00007a39d3f22088) [0x00007a39d3f22180, 0x00007a39d3f22330] Compiler: c1, Barriers: 0, Oops: 0, ImmediateOops: 0, NonImmediateOops: No
[2,552s][debug][gc,nmethod     ] Register NMethod: jdk.internal.foreign.layout.ValueLayouts$OfByteImpl.<init> (0x00007a39d3f22388) [0x00007a39d3f22480, 0x00007a39d3f225d8] Compiler: c1, Barriers: 0, Oops: 0, ImmediateOops: 1, NonImmediateOops: No
[2,552s][debug][gc,nmethod     ] Register NMethod: java.lang.invoke.VarHandleSegmentAsInts.set (0x00007a39f2d90e88) [0x00007a39f2d90f80, 0x00007a39f2d916a8] Compiler: jvmci, Barriers: 4, Oops: 0, ImmediateOops: 0, NonImmediateOops: No
[2,552s][debug][gc,nmethod     ] Register NMethod: java.lang.invoke.VarHandleGuards.guard_LJI_V (0x00007a39f2d91708) [0x00007a39f2d91800, 0x00007a39f2d91f58] Compiler: jvmci, Barriers: 23, Oops: 0, ImmediateOops: 5, NonImmediateOops: No
[2,552s][debug][gc,nmethod     ] Register NMethod: jdk.internal.foreign.AbstractMemorySegmentImpl.set (0x00007a39f2d91f88) [0x00007a39f2d92080, 0x00007a39f2d92830] Compiler: jvmci, Barriers: 16, Oops: 1, ImmediateOops: 3, NonImmediateOops: No
[2,553s][debug][gc,nmethod     ] Register NMethod: jdk.internal.foreign.layout.AbstractLayout.requirePowerOfTwoAndGreaterOrEqualToOne (0x00007a39d3f22688) [0x00007a39d3f22780, 0x00007a39d3f23500] Compiler: c1, Barriers: 0, Oops: 1, ImmediateOops: 2, NonImmediateOops: No
[2,553s][debug][gc,nmethod     ] Register NMethod: jdk.internal.foreign.Utils.isPowerOfTwo (0x00007a39d3f23588) [0x00007a39d3f23680, 0x00007a39d3f237c0] Compiler: c1, Barriers: 0, Oops: 0, ImmediateOops: 0, NonImmediateOops: No
[2,553s][debug][gc,nmethod     ] Register NMethod: jdk.internal.foreign.layout.ValueLayouts$AbstractValueLayout.assertCarrierSize (0x00007a39d3f23888) [0x00007a39d3f23980, 0x00007a39d3f23a90] Compiler: c1, Barriers: 0, Oops: 0, ImmediateOops: 0, NonImmediateOops: No
[2,555s][debug][gc,nmethod     ] Register NMethod: jdk.internal.foreign.AbstractMemorySegmentImpl.toArray (0x00007a39d3f23b88) [0x00007a39d3f23c80, 0x00007a39d3f2e970] Compiler: c1, Barriers: 14, Oops: 6, ImmediateOops: 23, NonImmediateOops: No
[2,555s][debug][gc,nmethod     ] Register NMethod: io.sirix.node.xml.ElementNode.getLastChildKey (0x00007a39f2d92888) [0x00007a39f2d92980, 0x00007a39f2d92cb8] Compiler: jvmci, Barriers: 4, Oops: 1, ImmediateOops: 0, NonImmediateOops: No
[2,555s][debug][gc,nmethod     ] Register NMethod: sun.security.provider.SHA2.implCompress0 (0x00007a39d3f2ea08) [0x00007a39d3f2eb00, 0x00007a39d3f2f920] Compiler: c1, Barriers: 8, Oops: 0, ImmediateOops: 1, NonImmediateOops: No
[2,556s][debug][gc,nmethod     ] Register NMethod: io.sirix.node.SirixDeweyID.setDivisionBitArray (0x00007a39f2d92d08) [0x00007a39f2d92e00, 0x00007a39f2d93608] Compiler: jvmci, Barriers: 4, Oops: 1, ImmediateOops: 3, NonImmediateOops: No
[2,556s][debug][gc,nmethod     ] Register NMethod: jdk.internal.foreign.layout.ValueLayouts$AbstractValueLayout.<init> (0x00007a39d3f2f988) [0x00007a39d3f2fa80, 0x00007a39d3f2ffe8] Compiler: c1, Barriers: 9, Oops: 0, ImmediateOops: 0, NonImmediateOops: No
[2,556s][debug][gc,nmethod     ] Register NMethod: jdk.internal.foreign.layout.MemoryLayoutUtil.requireByteSizeValid (0x00007a39d3f30008) [0x00007a39d3f30100, 0x00007a39d3f30e68] Compiler: c1, Barriers: 0, Oops: 1, ImmediateOops: 2, NonImmediateOops: No
[2,557s][debug][gc,nmethod     ] Register NMethod: jdk.internal.foreign.HeapMemorySegmentImpl$OfByte.unsafeGetBase (0x00007a39f2d93688) [0x00007a39f2d93780, 0x00007a39f2d93888] Compiler: jvmci, Barriers: 1, Oops: 0, ImmediateOops: 0, NonImmediateOops: No
[2,557s][debug][gc,nmethod     ] Register NMethod: jdk.internal.foreign.SegmentFactories.ensureInitialized (0x00007a39f2d93988) [0x00007a39f2d93a80, 0x00007a39f2d93ae0] Compiler: jvmci, Barriers: 0, Oops: 0, ImmediateOops: 0, NonImmediateOops: No
[2,557s][debug][gc,nmethod     ] Register NMethod: java.lang.Class.getSimpleName (0x00007a39d3f30e88) [0x00007a39d3f30f80, 0x00007a39d3f311e0] Compiler: c1, Barriers: 4, Oops: 0, ImmediateOops: 0, NonImmediateOops: No
[2,557s][debug][gc,nmethod     ] Register NMethod: jdk.internal.foreign.AbstractMemorySegmentImpl.toArray (0x00007a39d3f31208) [0x00007a39d3f31300, 0x00007a39d3f317e0] Compiler: c1, Barriers: 0, Oops: 4, ImmediateOops: 3, NonImmediateOops: No
[2,557s][debug][gc,nmethod     ] Register NMethod: io.sirix.node.NodeSerializerImpl.serializeDeweyID (0x00007a39d3f31808) [0x00007a39d3f31900, 0x00007a39d3f31ee8] Compiler: c1, Barriers: 2, Oops: 1, ImmediateOops: 0, NonImmediateOops: No
[2,558s][debug][gc,nmethod     ] Register NMethod: io.sirix.node.NodeSerializerImpl.writeDeweyID (0x00007a39d3f31f08) [0x00007a39d3f32000, 0x00007a39d3f324f0] Compiler: c1, Barriers: 3, Oops: 1, ImmediateOops: 0, NonImmediateOops: No
[2,558s][debug][gc,nmethod     ] Register NMethod: jdk.internal.misc.ScopedMemoryAccess.copyMemory (0x00007a39f2d93c88) [0x00007a39f2d93d80, 0x00007a39f2d941e8] Compiler: jvmci, Barriers: 7, Oops: 1, ImmediateOops: 0, NonImmediateOops: No
[2,558s][debug][gc,nmethod     ] Register NMethod: io.sirix.node.xml.AttributeNode.getDeweyID (0x00007a39d3f32508) [0x00007a39d3f32600, 0x00007a39d3f32928] Compiler: c1, Barriers: 6, Oops: 1, ImmediateOops: 0, NonImmediateOops: No
[2,561s][debug][gc,director    ] Rule Major: Warmup 10%, Used: 406MB, UsedThreshold: 1228MB
[2,568s][debug][gc,nmethod     ] Register NMethod: io.sirix.node.xml.ElementNode.getLeftSiblingKey (0x00007a39f2d94208) [0x00007a39f2d94300, 0x00007a39f2d94638] Compiler: jvmci, Barriers: 4, Oops: 1, ImmediateOops: 0, NonImmediateOops: No
[2,568s][debug][gc,nmethod     ] Register NMethod: io.sirix.page.KeyValueLeafPage.hasEnoughSpace (0x00007a39f2d94688) [0x00007a39f2d94780, 0x00007a39f2d94cd8] Compiler: jvmci, Barriers: 4, Oops: 3, ImmediateOops: 0, NonImmediateOops: No
[2,570s][debug][gc,nmethod     ] Register NMethod: java.util.Objects.checkFromIndexSize (0x00007a39f2d94d08) [0x00007a39f2d94e00, 0x00007a39f2d94eb0] Compiler: jvmci, Barriers: 0, Oops: 0, ImmediateOops: 0, NonImmediateOops: No
[2,570s][debug][gc,nmethod     ] Register NMethod: sun.security.provider.SHA2.implCompress (0x00007a39d3f32988) [0x00007a39d3f32a80, 0x00007a39d3f32e90] Compiler: c1, Barriers: 0, Oops: 1, ImmediateOops: 1, NonImmediateOops: No
[2,570s][debug][gc,nmethod     ] Register NMethod: sun.security.provider.SHA2.implCompress0 (0x00007a39d3f32f08) [0x00007a39d3f33000, 0x00007a39d3f33cb0] Compiler: c1, Barriers: 8, Oops: 0, ImmediateOops: 1, NonImmediateOops: No
[2,571s][debug][gc,director    ] Rule Major: Warmup 10%, Used: 410MB, UsedThreshold: 1228MB
[2,571s][debug][gc,nmethod     ] Register NMethod: java.lang.foreign.MemorySegment.copy (0x00007a39f2d95008) [0x00007a39f2d95100, 0x00007a39f2d961e0] Compiler: jvmci, Barriers: 18, Oops: 1, ImmediateOops: 0, NonImmediateOops: No
[2,573s][debug][gc,nmethod     ] Register NMethod: io.sirix.node.MemorySegmentBytesOut.write (0x00007a39f2d96208) [0x00007a39f2d96300, 0x00007a39f2d968e8] Compiler: jvmci, Barriers: 7, Oops: 4, ImmediateOops: 1, NonImmediateOops: No
[2,574s][debug][gc,nmethod     ] Register NMethod: java.nio.Buffer.nextPutIndex (0x00007a39d3f33d08) [0x00007a39d3f33e00, 0x00007a39d3f33f78] Compiler: c1, Barriers: 0, Oops: 0, ImmediateOops: 0, NonImmediateOops: No
[2,574s][debug][gc,nmethod     ] Register NMethod: sun.security.provider.ByteArrayAccess.b2iBig64 (0x00007a39d3f34008) [0x00007a39d3f34100, 0x00007a39d3f3ea40] Compiler: c1, Barriers: 0, Oops: 5, ImmediateOops: 80, NonImmediateOops: No
[2,575s][debug][gc,nmethod     ] Register NMethod: jdk.internal.foreign.Utils.checkElementAlignment (0x00007a39f2d96988) [0x00007a39f2d96a80, 0x00007a39f2d96b60] Compiler: jvmci, Barriers: 0, Oops: 0, ImmediateOops: 0, NonImmediateOops: No
[2,575s][debug][gc,nmethod     ] Register NMethod: jdk.internal.foreign.HeapMemorySegmentImpl$OfByte.unsafeGetOffset (0x00007a39f2d96c88) [0x00007a39f2d96d80, 0x00007a39f2d96e08] Compiler: jvmci, Barriers: 0, Oops: 0, ImmediateOops: 0, NonImmediateOops: No
[2,575s][debug][gc,nmethod     ] Register NMethod: java.nio.HeapByteBuffer.putLong (0x00007a39d3f3ea88) [0x00007a39d3f3eb80, 0x00007a39d3f3f058] Compiler: c1, Barriers: 6, Oops: 1, ImmediateOops: 3, NonImmediateOops: No
[2,579s][debug][gc,nmethod     ] Register NMethod: java.util.concurrent.ConcurrentHashMap.sumCount (0x00007a39d3f3f088) [0x00007a39d3f3f180, 0x00007a39d3f3f388] Compiler: c1, Barriers: 2, Oops: 0, ImmediateOops: 0, NonImmediateOops: No
[2,579s][debug][gc,nmethod     ] Register NMethod: java.nio.Buffer.nextPutIndex (0x00007a39d3f3f408) [0x00007a39d3f3f500, 0x00007a39d3f3f678] Compiler: c1, Barriers: 0, Oops: 0, ImmediateOops: 0, NonImmediateOops: No
[2,579s][debug][gc,nmethod     ] Register NMethod: java.util.Arrays.sort (0x00007a39d3f3f708) [0x00007a39d3f3f800, 0x00007a39d3f3f9b8] Compiler: c1, Barriers: 0, Oops: 0, ImmediateOops: 0, NonImmediateOops: No
[2,580s][debug][gc,nmethod     ] Register NMethod: io.sirix.page.KeyValueLeafPage.getDeweyId (0x00007a39f2d96f88) [0x00007a39f2d97080, 0x00007a39f2d97948] Compiler: jvmci, Barriers: 11, Oops: 3, ImmediateOops: 0, NonImmediateOops: No
[2,581s][debug][gc,nmethod     ] Register NMethod: java.lang.ref.SoftReference.get (0x00007a39f2d97988) [0x00007a39f2d97a80, 0x00007a39f2d97bb8] Compiler: jvmci, Barriers: 2, Oops: 0, ImmediateOops: 1, NonImmediateOops: No
[2,581s][debug][gc,director    ] Rule Major: Warmup 10%, Used: 414MB, UsedThreshold: 1228MB
[2,581s][debug][gc,nmethod     ] Register NMethod: java.nio.HeapByteBuffer.put (0x00007a39d3f3fa08) [0x00007a39d3f3fb00, 0x00007a39d3f3fce8] Compiler: c1, Barriers: 1, Oops: 0, ImmediateOops: 0, NonImmediateOops: No
[2,582s][debug][gc,nmethod     ] Register NMethod: io.sirix.page.KeyValueLeafPage.findFreeSpaceForSlots (0x00007a39f2d97c88) [0x00007a39f2d97d80, 0x00007a39f2d97f50] Compiler: jvmci, Barriers: 2, Oops: 1, ImmediateOops: 0, NonImmediateOops: No
[2,583s][debug][gc,nmethod     ] Register NMethod: io.sirix.access.trx.node.xml.XmlNodeFactoryImpl.createElementNode (0x00007a39f2d97f88) [0x00007a39f2d98080, 0x00007a39f2d9fda0] Compiler: jvmci, Barriers: 173, Oops: 6, ImmediateOops: 4, NonImmediateOops: No
[2,585s][debug][gc,nmethod     ] Register NMethod: io.sirix.page.PageKind$1.serializePage (0x00007a39d3f3fd08) [0x00007a39d3f3fe00, 0x00007a39d3f4dc60] Compiler: c1, Barriers: 65, Oops: 7, ImmediateOops: 10, NonImmediateOops: No
[2,588s][debug][gc,nmethod     ] Register NMethod: jdk.internal.foreign.SegmentFactories.fromArray (0x00007a39f2d9fe08) [0x00007a39f2d9ff00, 0x00007a39f2da0180] Compiler: jvmci, Barriers: 7, Oops: 0, ImmediateOops: 0, NonImmediateOops: No
[2,590s][debug][gc,nmethod     ] Register NMethod: io.sirix.page.PageKind$1.serializePage (0x00007a39d3f4dd08) [0x00007a39d3f4de00, 0x00007a39d3f5ba08] Compiler: c1, Barriers: 65, Oops: 7, ImmediateOops: 10, NonImmediateOops: No
[2,590s][debug][gc,nmethod     ] Register NMethod: sun.security.provider.SHA2.implCompress0 (0x00007a39f2da0188) [0x00007a39f2da0280, 0x00007a39f2da0b48] Compiler: jvmci, Barriers: 2, Oops: 0, ImmediateOops: 1, NonImmediateOops: No
[2,591s][debug][gc,alloc       ] Mutator Allocation Rate: 318,7MB/s Predicted: 384,7MB/s, Avg: 282,5(+/-60,3)MB/s
[2,592s][debug][gc,director    ] Rule Major: Warmup 10%, Used: 418MB, UsedThreshold: 1228MB
[2,592s][debug][gc,nmethod     ] Register NMethod: jdk.internal.foreign.HeapMemorySegmentImpl$OfByte.<init> (0x00007a39f2da0b88) [0x00007a39f2da0ca0, 0x00007a39f2da0e08] Compiler: jvmci, Barriers: 6, Oops: 0, ImmediateOops: 0, NonImmediateOops: No
[2,595s][debug][gc,nmethod     ] Register NMethod: jdk.internal.foreign.MemorySessionImpl$ResourceList.cleanupSingle (0x00007a39f2da0e88) [0x00007a39f2da0f80, 0x00007a39f2da10d8] Compiler: jvmci, Barriers: 0, Oops: 0, ImmediateOops: 1, NonImmediateOops: No
[2,601s][debug][gc,nmethod     ] Register NMethod: io.sirix.page.PageKind$1.serializePage (0x00007a39d3f5ba88) [0x00007a39d3f5bb80, 0x00007a39d3f694d0] Compiler: c1, Barriers: 65, Oops: 7, ImmediateOops: 10, NonImmediateOops: No
[2,602s][debug][gc,nmethod     ] Register NMethod: sun.security.provider.SHA2.implCompress0 (0x00007a39f2da1188) [0x00007a39f2da1280, 0x00007a39f2da1738] Compiler: jvmci, Barriers: 2, Oops: 0, ImmediateOops: 1, NonImmediateOops: No
[2,602s][debug][gc,director    ] Rule Major: Warmup 10%, Used: 420MB, UsedThreshold: 1228MB
[2,603s][debug][gc,nmethod     ] Register NMethod: io.sirix.node.NodeSerializerImpl.serializeDeweyID (0x00007a39f2da1788) [0x00007a39f2da1880, 0x00007a39f2da2d68] Compiler: jvmci, Barriers: 20, Oops: 3, ImmediateOops: 0, NonImmediateOops: No
[2,605s][debug][gc,nmethod     ] Register NMethod: io.sirix.node.NodeSerializerImpl.serializeDeweyID (0x00007a39d3f69588) [0x00007a39d3f69680, 0x00007a39d3f69d00] Compiler: c1, Barriers: 2, Oops: 1, ImmediateOops: 0, NonImmediateOops: No
[2,606s][debug][gc,nmethod     ] Register NMethod: io.sirix.node.MemorySegmentBytesOut.getDestination (0x00007a39f2da2d88) [0x00007a39f2da2e80, 0x00007a39f2da3240] Compiler: jvmci, Barriers: 7, Oops: 1, ImmediateOops: 0, NonImmediateOops: No
[2,609s][debug][gc,nmethod     ] Register NMethod: io.sirix.node.MemorySegmentBytesOut.writePosition (0x00007a39f2da3288) [0x00007a39f2da3380, 0x00007a39f2da3460] Compiler: jvmci, Barriers: 1, Oops: 1, ImmediateOops: 0, NonImmediateOops: No
[2,612s][debug][gc,nmethod     ] Register NMethod: io.sirix.node.SirixDeweyID.toBytes (0x00007a39f2da3588) [0x00007a39f2da3680, 0x00007a39f2da4c38] Compiler: jvmci, Barriers: 11, Oops: 1, ImmediateOops: 3, NonImmediateOops: No
[2,612s][debug][gc,director    ] Rule Major: Warmup 10%, Used: 422MB, UsedThreshold: 1228MB
[2,613s][debug][gc,nmethod     ] Register NMethod: io.sirix.page.KeyValueLeafPage.updateFreeSpaceStart (0x00007a39f2da4c88) [0x00007a39f2da4d80, 0x00007a39f2da5260] Compiler: jvmci, Barriers: 4, Oops: 3, ImmediateOops: 0, NonImmediateOops: No
[2,615s][debug][gc,nmethod     ] Register NMethod: java.lang.Class.reflectionData (0x00007a39f2da5288) [0x00007a39f2da5380, 0x00007a39f2da5978] Compiler: jvmci, Barriers: 17, Oops: 0, ImmediateOops: 2, NonImmediateOops: No
[2,616s][debug][gc,nmethod     ] Register NMethod: jdk.internal.foreign.AbstractMemorySegmentImpl$$Lambda/0x00000000ba2605d8.apply (0x00007a39f2da5988) [0x00007a39f2da5a80, 0x00007a39f2da5c80] Compiler: jvmci, Barriers: 0, Oops: 0, ImmediateOops: 0, NonImmediateOops: No
[2,618s][debug][gc,nmethod     ] Register NMethod: jdk.internal.foreign.AbstractMemorySegmentImpl$$Lambda/0x00000000ba261980.apply (0x00007a39f2da5c88) [0x00007a39f2da5d80, 0x00007a39f2da6078] Compiler: jvmci, Barriers: 7, Oops: 0, ImmediateOops: 0, NonImmediateOops: No
[2,619s][debug][gc,nmethod     ] Register NMethod: jdk.internal.foreign.layout.ValueLayouts$OfByteImpl.withOrder (0x00007a39f2da6088) [0x00007a39f2da6180, 0x00007a39f2da63d0] Compiler: jvmci, Barriers: 7, Oops: 0, ImmediateOops: 1, NonImmediateOops: No
[2,621s][debug][gc,nmethod     ] Register NMethod: jdk.internal.foreign.layout.ValueLayouts$OfByteImpl.dup (0x00007a39f2da6408) [0x00007a39f2da6500, 0x00007a39f2da66f8] Compiler: jvmci, Barriers: 6, Oops: 0, ImmediateOops: 1, NonImmediateOops: No
[2,622s][debug][gc,nmethod     ] Register NMethod: jdk.internal.foreign.layout.ValueLayouts$AbstractValueLayout.withOrder (0x00007a39f2da6708) [0x00007a39f2da6800, 0x00007a39f2da6a70] Compiler: jvmci, Barriers: 7, Oops: 0, ImmediateOops: 1, NonImmediateOops: No
[2,623s][debug][gc,nmethod     ] Register NMethod: java.lang.Class.getSimpleName (0x00007a39f2da6a88) [0x00007a39f2da6b80, 0x00007a39f2da7258] Compiler: jvmci, Barriers: 19, Oops: 0, ImmediateOops: 2, NonImmediateOops: No
[2,624s][debug][gc,nmethod     ] Register NMethod: jdk.internal.foreign.layout.ValueLayouts$OfByteImpl.dup (0x00007a39f2da7288) [0x00007a39f2da7380, 0x00007a39f2da7578] Compiler: jvmci, Barriers: 6, Oops: 0, ImmediateOops: 1, NonImmediateOops: No
[2,624s][debug][gc,nmethod     ] Register NMethod: jdk.internal.foreign.layout.ValueLayouts$OfByteImpl.<init> (0x00007a39f2da7588) [0x00007a39f2da7680, 0x00007a39f2da78d0] Compiler: jvmci, Barriers: 9, Oops: 1, ImmediateOops: 1, NonImmediateOops: No
[2,624s][debug][gc,nmethod     ] Register NMethod: jdk.internal.foreign.Utils.isPowerOfTwo (0x00007a39f2da7908) [0x00007a39f2da7a00, 0x00007a39f2da7aa8] Compiler: jvmci, Barriers: 0, Oops: 0, ImmediateOops: 0, NonImmediateOops: No
[2,624s][debug][gc,nmethod     ] Register NMethod: jdk.internal.foreign.layout.AbstractLayout.requirePowerOfTwoAndGreaterOrEqualToOne (0x00007a39f2da7c08) [0x00007a39f2da7d00, 0x00007a39f2da7db8] Compiler: jvmci, Barriers: 0, Oops: 0, ImmediateOops: 0, NonImmediateOops: No
[2,624s][debug][gc,nmethod     ] Register NMethod: jdk.internal.foreign.layout.ValueLayouts$AbstractValueLayout.<init> (0x00007a39f2da7f08) [0x00007a39f2da8000, 0x00007a39f2da8280] Compiler: jvmci, Barriers: 9, Oops: 0, ImmediateOops: 0, NonImmediateOops: No
[2,625s][debug][gc,nmethod     ] Register NMethod: jdk.internal.foreign.layout.ValueLayouts$AbstractValueLayout.assertCarrierSize (0x00007a39f2da8288) [0x00007a39f2da8380, 0x00007a39f2da83e0] Compiler: jvmci, Barriers: 0, Oops: 0, ImmediateOops: 0, NonImmediateOops: No
[2,626s][debug][gc,director    ] Rule Major: Warmup 10%, Used: 422MB, UsedThreshold: 1228MB
[2,626s][debug][gc,nmethod     ] Register NMethod: io.sirix.node.xml.TextNode.getRawValue (0x00007a39f2da8588) [0x00007a39f2da8680, 0x00007a39f2da8760] Compiler: jvmci, Barriers: 1, Oops: 1, ImmediateOops: 0, NonImmediateOops: No
[2,627s][debug][gc,nmethod     ] Register NMethod: jdk.internal.foreign.SegmentFactories$1.cleanup (0x00007a39f2da8888) [0x00007a39f2da8980, 0x00007a39f2da8aa0] Compiler: jvmci, Barriers: 0, Oops: 0, ImmediateOops: 1, NonImmediateOops: No
[2,629s][debug][gc,nmethod     ] Register NMethod: jdk.internal.foreign.layout.MemoryLayoutUtil.requireByteSizeValid (0x00007a39f2da8b88) [0x00007a39f2da8c80, 0x00007a39f2da8d30] Compiler: jvmci, Barriers: 0, Oops: 0, ImmediateOops: 0, NonImmediateOops: No
[2,632s][debug][gc,nmethod     ] Register NMethod: jdk.internal.foreign.MemorySessionImpl.addInternal (0x00007a39f2da8e88) [0x00007a39f2da8f80, 0x00007a39f2da9508] Compiler: jvmci, Barriers: 23, Oops: 0, ImmediateOops: 1, NonImmediateOops: No
[2,634s][debug][gc,nmethod     ] Register NMethod: io.sirix.page.KeyValueLeafPage.setData (0x00007a39f2da9588) [0x00007a39f2da9680, 0x00007a39f2dac178] Compiler: jvmci, Barriers: 36, Oops: 4, ImmediateOops: 0, NonImmediateOops: No
[2,634s][debug][gc,nmethod     ] Register NMethod: io.sirix.node.SirixDeweyID.getDivisionBits (0x00007a39f2dac208) [0x00007a39f2dac300, 0x00007a39f2dac480] Compiler: jvmci, Barriers: 1, Oops: 1, ImmediateOops: 2, NonImmediateOops: No
[2,636s][debug][gc,director    ] Rule Major: Warmup 10%, Used: 422MB, UsedThreshold: 1228MB
[2,643s][debug][gc,nmethod     ] Register NMethod: sun.security.provider.SHA2.implCompress0 (0x00007a39f2dac508) [0x00007a39f2dac600, 0x00007a39f2dad368] Compiler: jvmci, Barriers: 5, Oops: 0, ImmediateOops: 1, NonImmediateOops: No
[2,645s][debug][gc,nmethod     ] Register NMethod: net.jpountz.xxhash.XXHashJNI.XXH32_init (0x00007a39f2dad388) [0x00007a39f2dad480, 0x00007a39f2dad5e8] Compiler: , Barriers: 0, Oops: 1, ImmediateOops: 1, NonImmediateOops: No
[2,646s][debug][gc,director    ] Rule Major: Warmup 10%, Used: 424MB, UsedThreshold: 1228MB
[2,647s][debug][gc,nmethod     ] Register NMethod: net.jpountz.lz4.LZ4BlockOutputStream.writeIntLE (0x00007a39d3f69d88) [0x00007a39d3f69e80, 0x00007a39d3f6a008] Compiler: c1, Barriers: 0, Oops: 1, ImmediateOops: 0, NonImmediateOops: No
[2,648s][debug][gc,nmethod     ] Register NMethod: net.jpountz.xxhash.StreamingXXHash32JNI.checkState (0x00007a39d3f6a088) [0x00007a39d3f6a180, 0x00007a39d3f6a390] Compiler: c1, Barriers: 0, Oops: 1, ImmediateOops: 1, NonImmediateOops: No
[2,648s][debug][gc,nmethod     ] Register NMethod: jdk.internal.foreign.SegmentFactories.allocateNativeSegment (0x00007a39f2dad688) [0x00007a39f2dad7a0, 0x00007a39f2dae3c8] Compiler: jvmci, Barriers: 25, Oops: 1, ImmediateOops: 6, NonImmediateOops: No
[2,650s][debug][gc,nmethod     ] Register NMethod: io.sirix.page.KeyValueLeafPage.setSlot (0x00007a39f2dae408) [0x00007a39f2dae500, 0x00007a39f2dae600] Compiler: jvmci, Barriers: 2, Oops: 1, ImmediateOops: 0, NonImmediateOops: No
[2,650s][debug][gc,nmethod     ] Register NMethod: sun.security.provider.SHA2.implCompress (0x00007a39f2dae708) [0x00007a39f2dae800, 0x00007a39f2dae938] Compiler: jvmci, Barriers: 1, Oops: 0, ImmediateOops: 0, NonImmediateOops: No
[2,652s][debug][gc,nmethod     ] Register NMethod: jdk.internal.foreign.SegmentFactories.allocateNativeInternal (0x00007a39f2daea08) [0x00007a39f2daeb20, 0x00007a39f2daf6b8] Compiler: jvmci, Barriers: 23, Oops: 1, ImmediateOops: 6, NonImmediateOops: No
[2,652s][debug][gc,nmethod     ] Register NMethod: jdk.internal.foreign.AbstractMemorySegmentImpl.toArray (0x00007a39f2daf708) [0x00007a39f2daf800, 0x00007a39f2db0418] Compiler: jvmci, Barriers: 22, Oops: 0, ImmediateOops: 2, NonImmediateOops: No
[2,653s][debug][gc,nmethod     ] Register NMethod: jdk.internal.foreign.ConfinedSession$ConfinedResourceList.add (0x00007a39f2db0488) [0x00007a39f2db0580, 0x00007a39f2db0838] Compiler: jvmci, Barriers: 11, Oops: 0, ImmediateOops: 1, NonImmediateOops: No
[2,656s][debug][gc,director    ] Rule Major: Warmup 10%, Used: 428MB, UsedThreshold: 1228MB
[2,658s][debug][gc,nmethod     ] Register NMethod: io.sirix.node.xml.ElementNode.getPrefixKey (0x00007a39f2db0888) [0x00007a39f2db0980, 0x00007a39f2db0d60] Compiler: jvmci, Barriers: 4, Oops: 3, ImmediateOops: 0, NonImmediateOops: No
[2,662s][debug][gc,nmethod     ] Register NMethod: jdk.internal.foreign.AbstractMemorySegmentImpl.toArray (0x00007a39f2db0d88) [0x00007a39f2db0e80, 0x00007a39f2db19e8] Compiler: jvmci, Barriers: 23, Oops: 3, ImmediateOops: 3, NonImmediateOops: No
[2,666s][debug][gc,nmethod     ] Register NMethod: io.sirix.node.xml.AttributeNode.getKind (0x00007a39d3f6a408) [0x00007a39d3f6a500, 0x00007a39d3f6a820] Compiler: c1, Barriers: 0, Oops: 1, ImmediateOops: 1, NonImmediateOops: No
[2,667s][debug][gc,director    ] Rule Major: Warmup 10%, Used: 428MB, UsedThreshold: 1228MB
[2,671s][debug][gc,nmethod     ] Register NMethod: io.sirix.page.KeyValueLeafPage.getDeweyIdAsByteArray (0x00007a39f2db1a08) [0x00007a39f2db1b00, 0x00007a39f2db2800] Compiler: jvmci, Barriers: 26, Oops: 6, ImmediateOops: 3, NonImmediateOops: No
[2,672s][debug][gc,nmethod     ] Register NMethod: io.sirix.node.xml.ElementNode.getLocalNameKey (0x00007a39f2db2888) [0x00007a39f2db2980, 0x00007a39f2db2d60] Compiler: jvmci, Barriers: 4, Oops: 3, ImmediateOops: 0, NonImmediateOops: No
[2,672s][debug][gc,nmethod     ] Register NMethod: io.sirix.node.MemorySegmentBytesOut.<init> (0x00007a39f2db2d88) [0x00007a39f2db2e80, 0x00007a39f2db3d08] Compiler: jvmci, Barriers: 34, Oops: 3, ImmediateOops: 6, NonImmediateOops: No
[2,672s][debug][gc,nmethod     ] Register NMethod: io.sirix.node.NodeSerializerImpl.serializeDeweyID (0x00007a39d3f6a888) [0x00007a39d3f6a980, 0x00007a39d3f6af40] Compiler: c1, Barriers: 2, Oops: 1, ImmediateOops: 0, NonImmediateOops: No
[2,673s][debug][gc,nmethod     ] Register NMethod: io.sirix.node.xml.TextNode.getKind (0x00007a39f2db3d88) [0x00007a39f2db3e80, 0x00007a39f2db3f10] Compiler: jvmci, Barriers: 0, Oops: 1, ImmediateOops: 1, NonImmediateOops: No
[2,677s][debug][gc,director    ] Rule Major: Warmup 10%, Used: 432MB, UsedThreshold: 1228MB
[2,683s][debug][gc,nmethod     ] Register NMethod: java.util.BitSet.toByteArray (0x00007a39d3f6af88) [0x00007a39d3f6b080, 0x00007a39d3f6bd00] Compiler: c1, Barriers: 3, Oops: 0, ImmediateOops: 1, NonImmediateOops: No
[2,684s][debug][gc,nmethod     ] Register NMethod: java.util.concurrent.ForkJoinTask.noUserHelp (0x00007a39d3f6bd08) [0x00007a39d3f6be00, 0x00007a39d3f6bf10] Compiler: c1, Barriers: 0, Oops: 0, ImmediateOops: 0, NonImmediateOops: No
[2,684s][debug][gc,nmethod     ] Register NMethod: io.sirix.page.KeyValueLeafPage.getSlotAsByteArray (0x00007a39f2db4088) [0x00007a39f2db4180, 0x00007a39f2db50e0] Compiler: jvmci, Barriers: 27, Oops: 8, ImmediateOops: 3, NonImmediateOops: No
[2,684s][debug][gc,nmethod     ] Register NMethod: io.sirix.node.NodeSerializerImpl.serialize (0x00007a39f2db5188) [0x00007a39f2db5280, 0x00007a39f2db58f8] Compiler: jvmci, Barriers: 6, Oops: 1, ImmediateOops: 2, NonImmediateOops: No
[2,684s][debug][gc,nmethod     ] Register NMethod: net.jpountz.util.SafeUtils.checkLength (0x00007a39d3f6c008) [0x00007a39d3f6c100, 0x00007a39d3f6c2d8] Compiler: c1, Barriers: 0, Oops: 1, ImmediateOops: 1, NonImmediateOops: No
[2,685s][debug][gc,nmethod     ] Register NMethod: net.jpountz.util.SafeUtils.checkRange (0x00007a39d3f6c308) [0x00007a39d3f6c400, 0x00007a39d3f6c938] Compiler: c1, Barriers: 0, Oops: 1, ImmediateOops: 1, NonImmediateOops: No
[2,685s][debug][gc,nmethod     ] Register NMethod: java.util.concurrent.ForkJoinTask.doExec (0x00007a39d3f6c988) [0x00007a39d3f6ca80, 0x00007a39d3f6d540] Compiler: c1, Barriers: 0, Oops: 0, ImmediateOops: 0, NonImmediateOops: No
[2,686s][debug][gc,nmethod     ] Register NMethod: io.sirix.node.xml.ElementNode.getURIKey (0x00007a39f2db5908) [0x00007a39f2db5a00, 0x00007a39f2db5de0] Compiler: jvmci, Barriers: 4, Oops: 3, ImmediateOops: 0, NonImmediateOops: No
[2,687s][debug][gc,director    ] Rule Major: Warmup 10%, Used: 442MB, UsedThreshold: 1228MB
[2,687s][debug][gc,nmethod     ] Register NMethod: jdk.internal.foreign.SegmentBulkOperations.copy (0x00007a39f2db5e08) [0x00007a39f2db5f00, 0x00007a39f2db74c8] Compiler: jvmci, Barriers: 30, Oops: 1, ImmediateOops: 0, NonImmediateOops: No
[2,688s][debug][gc,nmethod     ] Register NMethod: jdk.internal.misc.Unsafe.park (0x00007a39f2db7508) [0x00007a39f2db7600, 0x00007a39f2db7748] Compiler: , Barriers: 0, Oops: 0, ImmediateOops: 0, NonImmediateOops: No
[2,688s][debug][gc,nmethod     ] Register NMethod: jdk.internal.misc.Unsafe.putShortUnaligned (0x00007a39f2db7808) [0x00007a39f2db7900, 0x00007a39f2db79c0] Compiler: jvmci, Barriers: 0, Oops: 0, ImmediateOops: 0, NonImmediateOops: No
[2,688s][debug][gc,nmethod     ] Register NMethod: io.sirix.node.SirixDeweyID.toBytes (0x00007a39f2db7b08) [0x00007a39f2db7c00, 0x00007a39f2db8f08] Compiler: jvmci, Barriers: 10, Oops: 1, ImmediateOops: 3, NonImmediateOops: No
[2,690s][debug][gc,nmethod     ] Register NMethod: io.sirix.node.NodeKind$2.serialize (0x00007a39d3f6d588) [0x00007a39d3f6d680, 0x00007a39d3f92000] Compiler: c1, Barriers: 145, Oops: 15, ImmediateOops: 77, NonImmediateOops: No
[2,694s][debug][gc,nmethod     ] Register NMethod: io.sirix.page.KeyValueLeafPage.setDeweyId (0x00007a39f2db8f88) [0x00007a39f2db9080, 0x00007a39f2db93f0] Compiler: jvmci, Barriers: 9, Oops: 1, ImmediateOops: 0, NonImmediateOops: No
[2,694s][debug][gc,nmethod     ] Register NMethod: jdk.internal.foreign.MemorySessionImpl$ResourceList.cleanup (0x00007a39d3f92088) [0x00007a39d3f92180, 0x00007a39d3f92918] Compiler: c1, Barriers: 1, Oops: 0, ImmediateOops: 0, NonImmediateOops: No
[2,695s][debug][gc,nmethod     ] Register NMethod: jdk.internal.foreign.MemorySessionImpl$ResourceList.cleanup (0x00007a39d3f92988) [0x00007a39d3f92a80, 0x00007a39d3f931b0] Compiler: c1, Barriers: 1, Oops: 0, ImmediateOops: 0, NonImmediateOops: No
[2,697s][debug][gc,nmethod     ] Register NMethod: io.sirix.node.json.JsonNodeSerializer.writeEndPadding (0x00007a39f2db9408) [0x00007a39f2db9500, 0x00007a39f2dba0e0] Compiler: jvmci, Barriers: 14, Oops: 2, ImmediateOops: 0, NonImmediateOops: No
[2,697s][debug][gc,director    ] Rule Major: Warmup 10%, Used: 444MB, UsedThreshold: 1228MB
[2,698s][debug][gc,nmethod     ] Register NMethod: jdk.internal.misc.Unsafe.putReferenceOpaque (0x00007a39d3f93208) [0x00007a39d3f93300, 0x00007a39d3f93478] Compiler: c1, Barriers: 3, Oops: 0, ImmediateOops: 0, NonImmediateOops: No
[2,699s][debug][gc,nmethod     ] Register NMethod: sun.security.provider.DigestBase.engineGetDigestLength (0x00007a39f2dba108) [0x00007a39f2dba200, 0x00007a39f2dba2c0] Compiler: c1, Barriers: 0, Oops: 0, ImmediateOops: 0, NonImmediateOops: No
[2,699s][debug][gc,nmethod     ] Register NMethod: net.jpountz.xxhash.XXHashJNI.XXH32_update (0x00007a39f2dba408) [0x00007a39f2dba500, 0x00007a39f2dba670] Compiler: , Barriers: 0, Oops: 1, ImmediateOops: 1, NonImmediateOops: No
[2,699s][debug][gc,nmethod     ] Register NMethod: net.jpountz.xxhash.XXHashJNI.XXH32_digest (0x00007a39f2dba708) [0x00007a39f2dba800, 0x00007a39f2dba968] Compiler: , Barriers: 0, Oops: 1, ImmediateOops: 1, NonImmediateOops: No
[2,700s][debug][gc,nmethod     ] Register NMethod: net.jpountz.xxhash.XXHashJNI.XXH32_free (0x00007a39f2dbaa08) [0x00007a39f2dbab00, 0x00007a39f2dbac58] Compiler: , Barriers: 0, Oops: 1, ImmediateOops: 1, NonImmediateOops: No
[2,701s][debug][gc,nmethod     ] Register NMethod: java.util.concurrent.ForkJoinPool.deactivate (0x00007a39d3f93508) [0x00007a39d3f93600, 0x00007a39d3f940a8] Compiler: c1, Barriers: 4, Oops: 0, ImmediateOops: 0, NonImmediateOops: No
[2,703s][debug][gc,nmethod     ] Register NMethod: sun.security.provider.DigestBase.implCompressMultiBlock0 (0x00007a39d3f94108) [0x00007a39d3f94200, 0x00007a39d3f94668] Compiler: c1, Barriers: 0, Oops: 0, ImmediateOops: 0, NonImmediateOops: No
[2,704s][debug][gc,nmethod     ] Register NMethod: java.util.concurrent.locks.LockSupport.setCurrentBlocker (0x00007a39d3f94688) [0x00007a39d3f94780, 0x00007a39d3f94ab8] Compiler: c1, Barriers: 1, Oops: 0, ImmediateOops: 1, NonImmediateOops: No
[2,704s][debug][gc,nmethod     ] Register NMethod: sun.security.provider.DigestBase.implCompressMultiBlock0 (0x00007a39d3f94b08) [0x00007a39d3f94c00, 0x00007a39d3f94fd0] Compiler: c1, Barriers: 0, Oops: 0, ImmediateOops: 0, NonImmediateOops: No
[2,705s][debug][gc,nmethod     ] Register NMethod: java.util.concurrent.ConcurrentHashMap$EntrySpliterator.characteristics (0x00007a39f2dbad08) [0x00007a39f2dbae00, 0x00007a39f2dbaec0] Compiler: c1, Barriers: 0, Oops: 0, ImmediateOops: 0, NonImmediateOops: No
[2,707s][debug][gc,nmethod     ] Register NMethod: io.sirix.node.NodeSerializerImpl.writeDeweyID (0x00007a39f2dbb008) [0x00007a39f2dbb100, 0x00007a39f2dbc520] Compiler: jvmci, Barriers: 21, Oops: 4, ImmediateOops: 1, NonImmediateOops: No
[2,707s][debug][gc,nmethod     ] Register NMethod: java.util.concurrent.ConcurrentHashMap$Traverser.<init> (0x00007a39d3f95008) [0x00007a39d3f95100, 0x00007a39d3f95360] Compiler: c1, Barriers: 6, Oops: 0, ImmediateOops: 0, NonImmediateOops: No
[2,707s][debug][gc,director    ] Rule Major: Warmup 10%, Used: 452MB, UsedThreshold: 1228MB
[2,708s][debug][gc,nmethod     ] Register NMethod: io.sirix.query.node.SubtreeProcessor.notifyEndElement (0x00007a39f2dbc588) [0x00007a39f2dbc680, 0x00007a39f2dbc7b0] Compiler: jvmci, Barriers: 1, Oops: 1, ImmediateOops: 0, NonImmediateOops: No
[2,708s][debug][gc,nmethod     ] Register NMethod: jdk.internal.foreign.GlobalSession.acquire0 (0x00007a39d3f95388) [0x00007a39d3f95480, 0x00007a39d3f95580] Compiler: c1, Barriers: 0, Oops: 0, ImmediateOops: 0, NonImmediateOops: No
[2,708s][debug][gc,nmethod     ] Register NMethod: jdk.internal.foreign.GlobalSession.release0 (0x00007a39d3f95688) [0x00007a39d3f95780, 0x00007a39d3f95880] Compiler: c1, Barriers: 0, Oops: 0, ImmediateOops: 0, NonImmediateOops: No
[2,708s][debug][gc,nmethod     ] Register NMethod: io.sirix.access.trx.node.xml.XmlNodeReadOnlyTrxImpl.getNameNode (0x00007a39f2dbc888) [0x00007a39f2dbc980, 0x00007a39f2dbcac0] Compiler: jvmci, Barriers: 1, Oops: 1, ImmediateOops: 0, NonImmediateOops: No
[2,709s][debug][gc,nmethod     ] Register NMethod: java.lang.invoke.MethodHandle.maybeCustomize (0x00007a39d376ec88) [0x00007a39d376ed80, 0x00007a39d376f418] Compiler: c1, Barriers: 2, Oops: 0, ImmediateOops: 0, NonImmediateOops: No
[2,709s][debug][gc,nmethod     ] Register NMethod: jdk.internal.foreign.abi.SharedUtils.checkNative (0x00007a39d3f95988) [0x00007a39d3f95a80, 0x00007a39d3f96e20] Compiler: c1, Barriers: 0, Oops: 1, ImmediateOops: 3, NonImmediateOops: No
[2,709s][debug][gc,nmethod     ] Register NMethod: jdk.internal.classfile.impl.DirectCodeBuilder.invokestatic (0x00007a39d3f96e88) [0x00007a39d3f96f80, 0x00007a39d3f97af0] Compiler: c1, Barriers: 2, Oops: 0, ImmediateOops: 0, NonImmediateOops: No
[2,709s][debug][gc,nmethod     ] Register NMethod: io.sirix.access.trx.node.xml.XmlNodeReadOnlyTrxImpl.isElement (0x00007a39f2dbcb88) [0x00007a39f2dbcc80, 0x00007a39f2dbcdc8] Compiler: jvmci, Barriers: 1, Oops: 1, ImmediateOops: 0, NonImmediateOops: No
[2,710s][debug][gc,nmethod     ] Register NMethod: com.sun.org.apache.xerces.internal.impl.XMLDocumentFragmentScannerImpl$ElementStack.popElement (0x00007a39f2dbce88) [0x00007a39f2dbcf80, 0x00007a39f2dbd160] Compiler: jvmci, Barriers: 3, Oops: 0, ImmediateOops: 0, NonImmediateOops: No
[2,712s][debug][gc,nmethod     ] Register NMethod: java.nio.channels.spi.AbstractInterruptibleChannel.isOpen (0x00007a39d3f97b08) [0x00007a39d3f97c00, 0x00007a39d3f97d50] Compiler: c1, Barriers: 0, Oops: 0, ImmediateOops: 0, NonImmediateOops: No
[2,713s][debug][gc,nmethod     ] Register NMethod: sun.nio.ch.NativeThread.current0 (0x00007a39f2dbd188) [0x00007a39f2dbd280, 0x00007a39f2dbd3d8] Compiler: , Barriers: 0, Oops: 0, ImmediateOops: 1, NonImmediateOops: No
[2,713s][debug][gc,nmethod     ] Register NMethod: java.util.concurrent.atomic.AtomicInteger.incrementAndGet (0x00007a39d3f97e08) [0x00007a39d3f97f00, 0x00007a39d3f98010] Compiler: c1, Barriers: 0, Oops: 0, ImmediateOops: 0, NonImmediateOops: No
[2,714s][debug][gc,nmethod     ] Register NMethod: java.nio.channels.spi.AbstractInterruptibleChannel.blockedOn (0x00007a39d3f98108) [0x00007a39d3f98200, 0x00007a39d3f988c0] Compiler: c1, Barriers: 6, Oops: 0, ImmediateOops: 1, NonImmediateOops: No
[2,714s][debug][gc,nmethod     ] Register NMethod: java.lang.System$1.blockedOn (0x00007a39d3f98908) [0x00007a39d3f98a00, 0x00007a39d3f98fa0] Compiler: c1, Barriers: 5, Oops: 0, ImmediateOops: 0, NonImmediateOops: No
[2,715s][debug][gc,nmethod     ] Register NMethod: java.util.concurrent.ConcurrentHashMap.remove (0x00007a39d3f99008) [0x00007a39d3f99100, 0x00007a39d3f99410] Compiler: c1, Barriers: 0, Oops: 0, ImmediateOops: 0, NonImmediateOops: No
[2,715s][debug][gc,nmethod     ] Register NMethod: jdk.internal.foreign.AbstractMemorySegmentImpl.equals (0x00007a39d3f99488) [0x00007a39d3f99580, 0x00007a39d3f9a358] Compiler: c1, Barriers: 0, Oops: 0, ImmediateOops: 0, NonImmediateOops: No
[2,715s][debug][gc,nmethod     ] Register NMethod: jdk.internal.foreign.abi.SharedUtils$1.close (0x00007a39d3f9a388) [0x00007a39d3f9a480, 0x00007a39d3f9a580] Compiler: c1, Barriers: 0, Oops: 0, ImmediateOops: 0, NonImmediateOops: No
[2,715s][debug][gc,nmethod     ] Register NMethod: java.lang.invoke.NativeMethodHandle.internalNativeEntryPoint (0x00007a39d3f9a688) [0x00007a39d3f9a780, 0x00007a39d3f9aaa0] Compiler: c1, Barriers: 1, Oops: 0, ImmediateOops: 0, NonImmediateOops: No
[2,715s][debug][gc,nmethod     ] Register NMethod: java.util.concurrent.ConcurrentHashMap.replaceNode (0x00007a39d3f9ab08) [0x00007a39d3f9ac00, 0x00007a39d3f9cf88] Compiler: c1, Barriers: 18, Oops: 0, ImmediateOops: 1, NonImmediateOops: No
[2,716s][debug][gc,nmethod     ] Register NMethod: java.lang.invoke.LambdaForm$DMH/0x00000000ba1a0800.invokeStatic (0x00007a39d3f9d008) [0x00007a39d3f9d100, 0x00007a39d3f9d4c8] Compiler: c1, Barriers: 1, Oops: 1, ImmediateOops: 0, NonImmediateOops: No
[2,716s][debug][gc,nmethod     ] Register NMethod: java.util.concurrent.ConcurrentHashMap$KeySetView.remove (0x00007a39d3f9d508) [0x00007a39d3f9d600, 0x00007a39d3f9da10] Compiler: c1, Barriers: 1, Oops: 0, ImmediateOops: 0, NonImmediateOops: No
[2,716s][debug][gc,nmethod     ] Register NMethod: jdk.internal.foreign.abi.SharedUtils.checkSymbol (0x00007a39d3f9da88) [0x00007a39d3f9db80, 0x00007a39d3f9f0a0] Compiler: c1, Barriers: 0, Oops: 1, ImmediateOops: 4, NonImmediateOops: No
[2,716s][debug][gc,nmethod     ] Register NMethod: java.lang.Long.equals (0x00007a39d3f9f108) [0x00007a39d3f9f200, 0x00007a39d3f9f990] Compiler: c1, Barriers: 0, Oops: 0, ImmediateOops: 0, NonImmediateOops: No
[2,716s][debug][gc,nmethod     ] Register NMethod: java.lang.invoke.LambdaForm$DMH/0x00000000ba207000.invokeStatic (0x00007a39d3f9fa08) [0x00007a39d3f9fb00, 0x00007a39d3f9fed0] Compiler: c1, Barriers: 1, Oops: 1, ImmediateOops: 0, NonImmediateOops: No
[2,716s][debug][gc,nmethod     ] Register NMethod: java.lang.invoke.LambdaForm$MH/0x00000000ba2a0c00.invokeExact_MT (0x00007a39d3f9ff08) [0x00007a39d3fa0000, 0x00007a39d3fa0b88] Compiler: c1, Barriers: 3, Oops: 1, ImmediateOops: 0, NonImmediateOops: No
[2,716s][debug][gc,nmethod     ] Register NMethod: java.lang.invoke.LambdaForm$MH/0x00000000ba2a1400.invokeExact_MT (0x00007a39d3fa0c08) [0x00007a39d3fa0d00, 0x00007a39d3fa18a0] Compiler: c1, Barriers: 3, Oops: 1, ImmediateOops: 0, NonImmediateOops: No
[2,717s][debug][gc,nmethod     ] Register NMethod: jdk.internal.foreign.abi.DowncallStub/0x00000000ba206c00.invoke (0x00007a39d3fa1908) [0x00007a39d3fa1a00, 0x00007a39d3fa4070] Compiler: c1, Barriers: 2, Oops: 6, ImmediateOops: 4, NonImmediateOops: No
[2,717s][debug][gc,nmethod     ] Register NMethod: io.brackit.query.node.parser.SAX2SubtreeHandlerAdapter.endElement (0x00007a39f2dbd488) [0x00007a39f2dbd580, 0x00007a39f2dbf318] Compiler: jvmci, Barriers: 51, Oops: 4, ImmediateOops: 5, NonImmediateOops: No
[2,717s][debug][gc,director    ] Rule Major: Warmup 10%, Used: 456MB, UsedThreshold: 1228MB
[2,718s][debug][gc,nmethod     ] Register NMethod: io.sirix.page.PageReference.getPageFragments (0x00007a39f2dbf388) [0x00007a39f2dbf480, 0x00007a39f2dbf568] Compiler: c1, Barriers: 1, Oops: 1, ImmediateOops: 0, NonImmediateOops: No
[2,718s][debug][gc,nmethod     ] Register NMethod: io.sirix.page.PageReference.getHash (0x00007a39f2dbf688) [0x00007a39f2dbf780, 0x00007a39f2dbf868] Compiler: c1, Barriers: 1, Oops: 1, ImmediateOops: 0, NonImmediateOops: No
[2,718s][debug][gc,nmethod     ] Register NMethod: net.jpountz.lz4.LZ4JNI.LZ4_compress_limitedOutput (0x00007a39f2dbf988) [0x00007a39f2dbfa80, 0x00007a39f2dbfc50] Compiler: , Barriers: 0, Oops: 1, ImmediateOops: 1, NonImmediateOops: No
[2,719s][debug][gc,nmethod     ] Register NMethod: io.sirix.node.MemorySegmentBytesOut.writeShort (0x00007a39d3fa4108) [0x00007a39d3fa4200, 0x00007a39d3fa4388] Compiler: c1, Barriers: 1, Oops: 1, ImmediateOops: 0, NonImmediateOops: No
[2,719s][debug][gc,nmethod     ] Register NMethod: io.sirix.node.NodeSerializerImpl.serializeDeweyID (0x00007a39f2dbfc88) [0x00007a39f2dbfd80, 0x00007a39f2dc1300] Compiler: jvmci, Barriers: 20, Oops: 3, ImmediateOops: 0, NonImmediateOops: No
[2,719s][debug][gc,nmethod     ] Register NMethod: io.sirix.node.MemorySegmentBytesOut.clear (0x00007a39f2dc1388) [0x00007a39f2dc1480, 0x00007a39f2dc1568] Compiler: jvmci, Barriers: 1, Oops: 1, ImmediateOops: 0, NonImmediateOops: No
[2,720s][debug][gc,nmethod     ] Register NMethod: java.io.OutputStream.flush (0x00007a39d3fa4408) [0x00007a39d3fa4500, 0x00007a39d3fa4600] Compiler: c1, Barriers: 0, Oops: 0, ImmediateOops: 0, NonImmediateOops: No
[2,720s][debug][gc,nmethod     ] Register NMethod: io.sirix.cache.LinuxMemorySegmentAllocator.release (0x00007a39d3fa4708) [0x00007a39d3fa4800, 0x00007a39d3fb0c00] Compiler: c1, Barriers: 95, Oops: 27, ImmediateOops: 37, NonImmediateOops: No
[2,720s][debug][gc,nmethod     ] Register NMethod: io.sirix.node.GrowingMemorySegment.writeShort (0x00007a39d3fb0d08) [0x00007a39d3fb0e00, 0x00007a39d3fb4c30] Compiler: c1, Barriers: 5, Oops: 6, ImmediateOops: 11, NonImmediateOops: No
[2,722s][debug][gc,nmethod     ] Register NMethod: sun.nio.fs.UnixPath.getByteArrayForSysCalls (0x00007a39d3fb4c88) [0x00007a39d3fb4d80, 0x00007a39d3fb5578] Compiler: c1, Barriers: 4, Oops: 0, ImmediateOops: 0, NonImmediateOops: No
[2,722s][debug][gc,nmethod     ] Register NMethod: com.github.benmanes.caffeine.cache.BoundedLocalCache.expiresAfterAccess (0x00007a39f2dc1688) [0x00007a39f2dc1780, 0x00007a39f2dc1840] Compiler: c1, Barriers: 0, Oops: 1, ImmediateOops: 0, NonImmediateOops: No
[2,723s][debug][gc,nmethod     ] Register NMethod: java.lang.invoke.BoundMethodHandle.bindSingleL (0x00007a39d3fb5588) [0x00007a39d3fb5680, 0x00007a39d3fb5790] Compiler: c1, Barriers: 0, Oops: 0, ImmediateOops: 0, NonImmediateOops: No
[2,727s][debug][gc,nmethod     ] Register NMethod: io.sirix.access.trx.node.xml.ForwardingXmlNodeReadOnlyTrx.hasFirstChild (0x00007a39f2dc1988) [0x00007a39f2dc1a80, 0x00007a39f2dc2098] Compiler: jvmci, Barriers: 7, Oops: 3, ImmediateOops: 0, NonImmediateOops: No
[2,727s][debug][gc,director    ] Rule Major: Warmup 10%, Used: 456MB, UsedThreshold: 1228MB
[2,728s][debug][gc,nmethod     ] Register NMethod: java.lang.String.indexOf (0x00007a39d3fb5888) [0x00007a39d3fb5980, 0x00007a39d3fb61a0] Compiler: c1, Barriers: 1, Oops: 0, ImmediateOops: 0, NonImmediateOops: No
[2,728s][debug][gc,nmethod     ] Register NMethod: java.lang.AbstractStringBuilder.append (0x00007a39d3fb6208) [0x00007a39d3fb6300, 0x00007a39d3fb6f50] Compiler: c1, Barriers: 5, Oops: 0, ImmediateOops: 0, NonImmediateOops: No
[2,728s][debug][gc,nmethod     ] Register NMethod: java.lang.String.getBytes (0x00007a39d3fb6f88) [0x00007a39d3fb7080, 0x00007a39d3fb7588] Compiler: c1, Barriers: 2, Oops: 0, ImmediateOops: 0, NonImmediateOops: No
[2,729s][debug][gc,nmethod     ] Register NMethod: java.lang.StringUTF16.putChar (0x00007a39d3fb7608) [0x00007a39d3fb7700, 0x00007a39d3fb7840] Compiler: c1, Barriers: 0, Oops: 0, ImmediateOops: 0, NonImmediateOops: No
[2,730s][debug][gc,nmethod     ] Register NMethod: io.sirix.node.GrowingMemorySegment.grow (0x00007a39f2dc2108) [0x00007a39f2dc2200, 0x00007a39f2dc3f98] Compiler: jvmci, Barriers: 44, Oops: 4, ImmediateOops: 6, NonImmediateOops: No
[2,731s][debug][gc,nmethod     ] Register NMethod: io.sirix.access.trx.node.AbstractDeweyIDManager.newFirstChildID (0x00007a39f2dc4008) [0x00007a39f2dc4100, 0x00007a39f2dc4f10] Compiler: jvmci, Barriers: 21, Oops: 4, ImmediateOops: 0, NonImmediateOops: No
[2,732s][debug][gc,nmethod     ] Register NMethod: io.sirix.access.trx.node.AbstractNodeReadOnlyTrx.hasFirstChild (0x00007a39f2dc4f88) [0x00007a39f2dc5080, 0x00007a39f2dc55f8] Compiler: jvmci, Barriers: 6, Oops: 3, ImmediateOops: 0, NonImmediateOops: No
[2,734s][debug][gc,nmethod     ] Register NMethod: java.util.concurrent.atomic.AtomicReference.get (0x00007a39f2dc5688) [0x00007a39f2dc5780, 0x00007a39f2dc5868] Compiler: c1, Barriers: 1, Oops: 0, ImmediateOops: 0, NonImmediateOops: No
[2,734s][debug][gc,nmethod     ] Register NMethod: java.lang.ref.Finalizer.register (0x00007a39d3fb7908) [0x00007a39d3fb7a00, 0x00007a39d3fb7ba0] Compiler: c1, Barriers: 0, Oops: 0, ImmediateOops: 0, NonImmediateOops: No
[2,734s][debug][gc,nmethod     ] Register NMethod: io.sirix.page.PageReference.setKey (0x00007a39d3fb7c08) [0x00007a39d3fb7d00, 0x00007a39d3fb7e10] Compiler: c1, Barriers: 0, Oops: 1, ImmediateOops: 0, NonImmediateOops: No
[2,734s][debug][gc,nmethod     ] Register NMethod: java.lang.ref.FinalReference.<init> (0x00007a39d3fb7f08) [0x00007a39d3fb8000, 0x00007a39d3fb82f0] Compiler: c1, Barriers: 6, Oops: 0, ImmediateOops: 1, NonImmediateOops: No
[2,734s][debug][gc,nmethod     ] Register NMethod: io.sirix.page.PageReference.setHash (0x00007a39f2dc5988) [0x00007a39f2dc5a80, 0x00007a39f2dc5bb0] Compiler: c1, Barriers: 3, Oops: 1, ImmediateOops: 0, NonImmediateOops: No
[2,735s][debug][gc,nmethod     ] Register NMethod: jdk.internal.misc.Unsafe.unpark (0x00007a39f2dc5c88) [0x00007a39f2dc5d80, 0x00007a39f2dc5ed8] Compiler: , Barriers: 0, Oops: 0, ImmediateOops: 0, NonImmediateOops: No
[2,735s][debug][gc,nmethod     ] Register NMethod: java.lang.ref.Finalizer.<init> (0x00007a39d3fb8308) [0x00007a39d3fb8400, 0x00007a39d3fb8b28] Compiler: c1, Barriers: 17, Oops: 1, ImmediateOops: 7, NonImmediateOops: No
[2,735s][debug][gc,nmethod     ] Register NMethod: java.lang.System.currentTimeMillis (0x00007a39f2dc5f88) [0x00007a39f2dc6080, 0x00007a39f2dc61d8] Compiler: , Barriers: 0, Oops: 0, ImmediateOops: 1, NonImmediateOops: No
[2,735s][debug][gc,nmethod     ] Register NMethod: com.sun.org.apache.xerces.internal.impl.XMLDocumentFragmentScannerImpl.scanEndElement (0x00007a39f2dc6288) [0x00007a39f2dc6380, 0x00007a39f2dc8000] Compiler: jvmci, Barriers: 40, Oops: 2, ImmediateOops: 2, NonImmediateOops: No
[2,735s][debug][gc,nmethod     ] Register NMethod: it.unimi.dsi.fastutil.ints.Int2IntOpenHashMap.find (0x00007a39d3fb8b88) [0x00007a39d3fb8c80, 0x00007a39d3fb90e8] Compiler: c1, Barriers: 1, Oops: 1, ImmediateOops: 0, NonImmediateOops: No
[2,735s][debug][gc,nmethod     ] Register NMethod: com.github.benmanes.caffeine.cache.SSLSMW.evicts (0x00007a39f2dc8088) [0x00007a39f2dc8180, 0x00007a39f2dc8240] Compiler: c1, Barriers: 0, Oops: 1, ImmediateOops: 0, NonImmediateOops: No
[2,735s][debug][gc,nmethod     ] Register NMethod: com.github.benmanes.caffeine.cache.LocalManualCache.invalidate (0x00007a39d3fb9108) [0x00007a39d3fb9200, 0x00007a39d3fb95e8] Compiler: c1, Barriers: 1, Oops: 1, ImmediateOops: 0, NonImmediateOops: No
[2,735s][debug][gc,nmethod     ] Register NMethod: io.sirix.node.SirixDeweyID.<init> (0x00007a39f2dc8388) [0x00007a39f2dc8480, 0x00007a39f2dc88d8] Compiler: jvmci, Barriers: 5, Oops: 1, ImmediateOops: 0, NonImmediateOops: No
[2,735s][debug][gc,nmethod     ] Register NMethod: jdk.internal.foreign.layout.ValueLayouts$AbstractValueLayout.varHandle (0x00007a39f2dc8908) [0x00007a39f2dc8a00, 0x00007a39f2dc8ae0] Compiler: jvmci, Barriers: 1, Oops: 0, ImmediateOops: 0, NonImmediateOops: No
[2,735s][debug][gc,nmethod     ] Register NMethod: io.sirix.node.MemorySegmentBytesIn.readByte (0x00007a39d3fb9608) [0x00007a39d3fb9700, 0x00007a39d3fbd120] Compiler: c1, Barriers: 5, Oops: 6, ImmediateOops: 9, NonImmediateOops: No
[2,736s][debug][gc,nmethod     ] Register NMethod: jdk.internal.foreign.AbstractMemorySegmentImpl.get (0x00007a39d3fbd188) [0x00007a39d3fbd280, 0x00007a39d3fc0b90] Compiler: c1, Barriers: 27, Oops: 5, ImmediateOops: 12, NonImmediateOops: No
[2,736s][debug][gc,nmethod     ] Register NMethod: java.lang.invoke.Invokers$Holder.linkToTargetMethod (0x00007a39d3fc0c08) [0x00007a39d3fc0d00, 0x00007a39d3fc1220] Compiler: c1, Barriers: 0, Oops: 0, ImmediateOops: 0, NonImmediateOops: No
[2,736s][debug][gc,nmethod     ] Register NMethod: java.lang.invoke.LambdaForm$DMH/0x00000000ba288000.newInvokeSpecial (0x00007a39d3fc1288) [0x00007a39d3fc1380, 0x00007a39d3fc1c90] Compiler: c1, Barriers: 2, Oops: 1, ImmediateOops: 1, NonImmediateOops: No
[2,736s][debug][gc,nmethod     ] Register NMethod: java.lang.invoke.VarHandleSegmentAsBytes.get (0x00007a39d3fc1d08) [0x00007a39d3fc1e00, 0x00007a39d3fc6e20] Compiler: c1, Barriers: 24, Oops: 2, ImmediateOops: 5, NonImmediateOops: No
[2,736s][debug][gc,nmethod     ] Register NMethod: com.github.benmanes.caffeine.cache.BoundedLocalCache$$Lambda/0x00000000ba283e68.<init> (0x00007a39d3fc6e88) [0x00007a39d3fc6f80, 0x00007a39d3fc7420] Compiler: c1, Barriers: 21, Oops: 1, ImmediateOops: 0, NonImmediateOops: No
[2,736s][debug][gc,nmethod     ] Register NMethod: java.lang.invoke.VarHandleSegmentAsBytes.get (0x00007a39d3fc7488) [0x00007a39d3fc7580, 0x00007a39d3fcc808] Compiler: c1, Barriers: 24, Oops: 2, ImmediateOops: 5, NonImmediateOops: No
[2,736s][debug][gc,nmethod     ] Register NMethod: com.sun.org.apache.xerces.internal.util.NamespaceSupport.pushContext (0x00007a39f2dc8c08) [0x00007a39f2dc8d00, 0x00007a39f2dc8e40] Compiler: jvmci, Barriers: 1, Oops: 0, ImmediateOops: 0, NonImmediateOops: No
[2,736s][debug][gc,nmethod     ] Register NMethod: com.github.benmanes.caffeine.cache.AbstractLinkedDeque.peekFirst (0x00007a39f2dc8f08) [0x00007a39f2dc9000, 0x00007a39f2dc90e8] Compiler: c1, Barriers: 1, Oops: 1, ImmediateOops: 0, NonImmediateOops: No
[2,736s][debug][gc,nmethod     ] Register NMethod: com.github.benmanes.caffeine.cache.BoundedLocalCache.remove (0x00007a39d3fcc888) [0x00007a39d3fcc980, 0x00007a39d3fcdb70] Compiler: c1, Barriers: 14, Oops: 3, ImmediateOops: 4, NonImmediateOops: No
[2,736s][debug][gc,nmethod     ] Register NMethod: sun.nio.fs.NativeBuffer.close (0x00007a39d3fcdc08) [0x00007a39d3fcdd00, 0x00007a39d3fcdea0] Compiler: c1, Barriers: 0, Oops: 0, ImmediateOops: 0, NonImmediateOops: No
[2,736s][debug][gc,nmethod     ] Register NMethod: sun.nio.fs.NativeBuffer.release (0x00007a39d3fcdf08) [0x00007a39d3fce000, 0x00007a39d3fce130] Compiler: c1, Barriers: 0, Oops: 0, ImmediateOops: 0, NonImmediateOops: No
[2,736s][debug][gc,nmethod     ] Register NMethod: io.sirix.cache.BufferManagerImpl.getRecordPageFragmentCache (0x00007a39f2dc9208) [0x00007a39f2dc9300, 0x00007a39f2dc93e8] Compiler: c1, Barriers: 1, Oops: 1, ImmediateOops: 0, NonImmediateOops: No
[2,736s][debug][gc,nmethod     ] Register NMethod: sun.nio.fs.UnixNativeDispatcher.copyToNativeBuffer (0x00007a39d3fce208) [0x00007a39d3fce300, 0x00007a39d3fce7b0] Compiler: c1, Barriers: 4, Oops: 0, ImmediateOops: 0, NonImmediateOops: No
[2,737s][debug][gc,nmethod     ] Register NMethod: sun.nio.fs.NativeBuffers.getNativeBufferFromCache (0x00007a39d3fce808) [0x00007a39d3fce900, 0x00007a39d3fcf508] Compiler: c1, Barriers: 4, Oops: 1, ImmediateOops: 2, NonImmediateOops: No
[2,737s][debug][gc,nmethod     ] Register NMethod: sun.nio.fs.NativeBuffers.releaseNativeBuffer (0x00007a39d3fcf588) [0x00007a39d3fcf680, 0x00007a39d3fd2bb8] Compiler: c1, Barriers: 15, Oops: 2, ImmediateOops: 7, NonImmediateOops: No
[2,737s][debug][gc,director    ] Rule Major: Warmup 10%, Used: 458MB, UsedThreshold: 1228MB
[2,738s][debug][gc,nmethod     ] Register NMethod: io.sirix.node.xml.ElementNode.hasFirstChild (0x00007a39f2dc9508) [0x00007a39f2dc9600, 0x00007a39f2dc9978] Compiler: jvmci, Barriers: 4, Oops: 1, ImmediateOops: 0, NonImmediateOops: No
[2,739s][debug][gc,nmethod     ] Register NMethod: com.sun.org.apache.xerces.internal.impl.XMLEntityScanner.checkLimit (0x00007a39f2dc9988) [0x00007a39f2dc9a80, 0x00007a39f2dc9e98] Compiler: jvmci, Barriers: 5, Oops: 0, ImmediateOops: 0, NonImmediateOops: No
[2,740s][debug][gc,nmethod     ] Register NMethod: com.sun.org.apache.xerces.internal.xni.QName.setValues (0x00007a39f2dc9f08) [0x00007a39f2dca000, 0x00007a39f2dca318] Compiler: jvmci, Barriers: 16, Oops: 0, ImmediateOops: 0, NonImmediateOops: No
[2,740s][debug][gc,nmethod     ] Register NMethod: java.lang.Integer.valueOf (0x00007a39f2dca388) [0x00007a39f2dca480, 0x00007a39f2dca5f0] Compiler: jvmci, Barriers: 1, Oops: 0, ImmediateOops: 1, NonImmediateOops: No
[2,740s][debug][gc,nmethod     ] Register NMethod: com.sun.org.apache.xerces.internal.util.XMLStringBuffer.clear (0x00007a39f2dca688) [0x00007a39f2dca780, 0x00007a39f2dca810] Compiler: jvmci, Barriers: 0, Oops: 0, ImmediateOops: 0, NonImmediateOops: No
[2,740s][debug][gc,nmethod     ] Register NMethod: java.lang.invoke.MethodHandle.linkToStatic (0x00007a39f2dca988) [0x00007a39f2dcaa80, 0x00007a39f2dcab70] Compiler: , Barriers: 0, Oops: 0, ImmediateOops: 0, NonImmediateOops: No
[2,741s][debug][gc,nmethod     ] Register NMethod: java.lang.StringBuilder.length (0x00007a39f2dcac88) [0x00007a39f2dcad80, 0x00007a39f2dcae08] Compiler: jvmci, Barriers: 0, Oops: 0, ImmediateOops: 0, NonImmediateOops: No
[2,741s][debug][gc,nmethod     ] Register NMethod: java.lang.invoke.MethodHandleStatics.traceLambdaForm (0x00007a39d3fd2c08) [0x00007a39d3fd2d00, 0x00007a39d3fd2e68] Compiler: c1, Barriers: 0, Oops: 0, ImmediateOops: 0, NonImmediateOops: No
[2,741s][debug][gc,nmethod     ] Register NMethod: io.brackit.query.node.parser.SAX2SubtreeHandlerAdapter$TrimmingStringBuilder.append (0x00007a39f2dcaf88) [0x00007a39f2dcb080, 0x00007a39f2dcb6b0] Compiler: jvmci, Barriers: 4, Oops: 1, ImmediateOops: 0, NonImmediateOops: No
[2,742s][debug][gc,nmethod     ] Register NMethod: java.nio.MappedByteBuffer.limit (0x00007a39f2dcb708) [0x00007a39f2dcb800, 0x00007a39f2dcb910] Compiler: jvmci, Barriers: 0, Oops: 0, ImmediateOops: 0, NonImmediateOops: No
[2,742s][debug][gc,nmethod     ] Register NMethod: jdk.internal.foreign.HeapMemorySegmentImpl$OfByte.maxAlignMask (0x00007a39f2dcba08) [0x00007a39f2dcbb00, 0x00007a39f2dcbb88] Compiler: jvmci, Barriers: 0, Oops: 0, ImmediateOops: 0, NonImmediateOops: No
[2,743s][debug][gc,nmethod     ] Register NMethod: java.lang.invoke.MethodHandle.getApproximateCommonClassLoader (0x00007a39d3fd2f08) [0x00007a39d3fd3000, 0x00007a39d3fd4150] Compiler: c1, Barriers: 6, Oops: 0, ImmediateOops: 4, NonImmediateOops: No
[2,743s][debug][gc,nmethod     ] Register NMethod: java.lang.invoke.MethodHandle.keepsAlive (0x00007a39d3fd4188) [0x00007a39d3fd4280, 0x00007a39d3fd5248] Compiler: c1, Barriers: 5, Oops: 0, ImmediateOops: 4, NonImmediateOops: No
[2,745s][debug][gc,nmethod     ] Register NMethod: jdk.internal.misc.Unsafe.compareAndExchangeLong (0x00007a39f2dcbd08) [0x00007a39f2dcbe00, 0x00007a39f2dcbf68] Compiler: , Barriers: 0, Oops: 0, ImmediateOops: 0, NonImmediateOops: No
[2,745s][debug][gc,nmethod     ] Register NMethod: io.sirix.node.NodeKind$4.serialize (0x00007a39f2dcc008) [0x00007a39f2dcc100, 0x00007a39f2dd0958] Compiler: jvmci, Barriers: 85, Oops: 12, ImmediateOops: 0, NonImmediateOops: No
[2,745s][debug][gc,nmethod     ] Register NMethod: io.sirix.node.xml.ElementNode.hasRightSibling (0x00007a39f2dd0a08) [0x00007a39f2dd0b00, 0x00007a39f2dd0e78] Compiler: jvmci, Barriers: 4, Oops: 1, ImmediateOops: 0, NonImmediateOops: No
[2,745s][debug][gc,nmethod     ] Register NMethod: java.lang.StringConcatHelper.checkOverflow (0x00007a39f2dd0e88) [0x00007a39f2dd0f80, 0x00007a39f2dd1018] Compiler: jvmci, Barriers: 0, Oops: 0, ImmediateOops: 0, NonImmediateOops: No
[2,746s][debug][gc,nmethod     ] Register NMethod: io.sirix.node.xml.ElementNode.hasLeftSibling (0x00007a39f2dd1188) [0x00007a39f2dd1280, 0x00007a39f2dd15f8] Compiler: jvmci, Barriers: 4, Oops: 1, ImmediateOops: 0, NonImmediateOops: No
[2,746s][debug][gc,nmethod     ] Register NMethod: io.sirix.node.xml.ElementNode.getKind (0x00007a39f2dd1608) [0x00007a39f2dd1700, 0x00007a39f2dd1790] Compiler: jvmci, Barriers: 0, Oops: 1, ImmediateOops: 1, NonImmediateOops: No
[2,747s][debug][gc,nmethod     ] Register NMethod: java.lang.invoke.MethodHandleImpl.makeConstantReturning (0x00007a39d3fd5288) [0x00007a39d3fd5380, 0x00007a39d3fd7a18] Compiler: c1, Barriers: 0, Oops: 0, ImmediateOops: 3, NonImmediateOops: No
[2,747s][debug][gc,nmethod     ] Register NMethod: jdk.internal.classfile.impl.DirectCodeBuilder.iload (0x00007a39d3fd7a88) [0x00007a39d3fd7b80, 0x00007a39d3fd7f70] Compiler: c1, Barriers: 1, Oops: 0, ImmediateOops: 0, NonImmediateOops: No
[2,747s][debug][gc,nmethod     ] Register NMethod: java.lang.invoke.MethodHandle.linkToSpecial (0x00007a39f2dd1908) [0x00007a39f2dd1a00, 0x00007a39f2dd1af8] Compiler: , Barriers: 0, Oops: 0, ImmediateOops: 0, NonImmediateOops: No
[2,748s][debug][gc,director    ] Rule Major: Warmup 10%, Used: 458MB, UsedThreshold: 1228MB
[2,748s][debug][gc,nmethod     ] Register NMethod: java.lang.invoke.MethodHandle.invokeBasic (0x00007a39f2dd1c08) [0x00007a39f2dd1d00, 0x00007a39f2dd1f98] Compiler: , Barriers: 0, Oops: 0, ImmediateOops: 0, NonImmediateOops: No
[2,748s][debug][gc,nmethod     ] Register NMethod: java.lang.invoke.MethodHandle.linkToSpecial (0x00007a39f2dd2008) [0x00007a39f2dd2100, 0x00007a39f2dd21f8] Compiler: , Barriers: 0, Oops: 0, ImmediateOops: 0, NonImmediateOops: No
[2,749s][debug][gc,nmethod     ] Register NMethod: java.lang.invoke.MethodHandle.invokeBasic (0x00007a39f2dd2308) [0x00007a39f2dd2400, 0x00007a39f2dd2698] Compiler: , Barriers: 0, Oops: 0, ImmediateOops: 0, NonImmediateOops: No
[2,749s][debug][gc,nmethod     ] Register NMethod: jdk.internal.classfile.impl.StackMapGenerator.processLdc (0x00007a39d3fd7f88) [0x00007a39d3fd8080, 0x00007a39d3fddca8] Compiler: c1, Barriers: 31, Oops: 2, ImmediateOops: 20, NonImmediateOops: No
[2,750s][debug][gc,nmethod     ] Register NMethod: io.sirix.cache.IndexLogKey.<init> (0x00007a39d3fddd08) [0x00007a39d3fdde00, 0x00007a39d3fddfe0] Compiler: c1, Barriers: 3, Oops: 1, ImmediateOops: 0, NonImmediateOops: No
[2,750s][debug][gc,nmethod     ] Register NMethod: com.github.benmanes.caffeine.cache.SSLMW.evicts (0x00007a39f2dd2708) [0x00007a39f2dd2800, 0x00007a39f2dd28c0] Compiler: c1, Barriers: 0, Oops: 1, ImmediateOops: 0, NonImmediateOops: No
[2,751s][debug][gc,nmethod     ] Register NMethod: io.sirix.node.MemorySegmentBytesIn.readInt (0x00007a39d3fde008) [0x00007a39d3fde100, 0x00007a39d3fe1d10] Compiler: c1, Barriers: 5, Oops: 6, ImmediateOops: 10, NonImmediateOops: No
[2,752s][debug][gc,nmethod     ] Register NMethod: java.util.concurrent.atomic.AtomicInteger.get (0x00007a39f2dd2a08) [0x00007a39f2dd2b00, 0x00007a39f2dd2bc0] Compiler: c1, Barriers: 0, Oops: 0, ImmediateOops: 0, NonImmediateOops: No
[2,752s][debug][gc,nmethod     ] Register NMethod: it.unimi.dsi.fastutil.shorts.ShortArrayList$1.hasNext (0x00007a39d3fe1d88) [0x00007a39d3fe1e80, 0x00007a39d3fe2010] Compiler: c1, Barriers: 1, Oops: 1, ImmediateOops: 0, NonImmediateOops: No
[2,752s][debug][gc,nmethod     ] Register NMethod: io.sirix.utils.OS.isWindows (0x00007a39d3fe2088) [0x00007a39d3fe2180, 0x00007a39d3fe2268] Compiler: c1, Barriers: 0, Oops: 1, ImmediateOops: 0, NonImmediateOops: No
[2,753s][debug][gc,nmethod     ] Register NMethod: com.github.benmanes.caffeine.cache.SSLMW.frequencySketch (0x00007a39f2dd2d08) [0x00007a39f2dd2e00, 0x00007a39f2dd2ef0] Compiler: c1, Barriers: 1, Oops: 1, ImmediateOops: 0, NonImmediateOops: No
[2,753s][debug][gc,nmethod     ] Register NMethod: java.lang.Short.shortValue (0x00007a39f2dd3008) [0x00007a39f2dd3100, 0x00007a39f2dd31c8] Compiler: c1, Barriers: 0, Oops: 0, ImmediateOops: 0, NonImmediateOops: No
[2,753s][debug][gc,nmethod     ] Register NMethod: java.lang.invoke.VarHandleReferences$FieldInstanceReadOnly.get (0x00007a39d3fe2388) [0x00007a39d3fe2480, 0x00007a39d3fe2ea8] Compiler: c1, Barriers: 2, Oops: 1, ImmediateOops: 0, NonImmediateOops: No
[2,753s][debug][gc,nmethod     ] Register NMethod: io.sirix.cache.LinuxMemorySegmentAllocator.getInstance (0x00007a39d3fe2f08) [0x00007a39d3fe3000, 0x00007a39d3fe30e8] Compiler: c1, Barriers: 0, Oops: 1, ImmediateOops: 1, NonImmediateOops: No
[2,753s][debug][gc,nmethod     ] Register NMethod: java.lang.Integer.numberOfTrailingZeros (0x00007a39d3fe3208) [0x00007a39d3fe3300, 0x00007a39d3fe3518] Compiler: c1, Barriers: 0, Oops: 0, ImmediateOops: 0, NonImmediateOops: No
[2,753s][debug][gc,nmethod     ] Register NMethod: java.lang.Long.numberOfTrailingZeros (0x00007a39d3fe3588) [0x00007a39d3fe3680, 0x00007a39d3fe3828] Compiler: c1, Barriers: 0, Oops: 0, ImmediateOops: 0, NonImmediateOops: No
[2,753s][debug][gc,nmethod     ] Register NMethod: io.sirix.node.MemorySegmentBytesIn.read (0x00007a39d3fe3888) [0x00007a39d3fe3980, 0x00007a39d3fe3ad8] Compiler: c1, Barriers: 0, Oops: 1, ImmediateOops: 0, NonImmediateOops: No
[2,754s][debug][gc,nmethod     ] Register NMethod: jdk.internal.classfile.impl.StackMapGenerator$Frame.checkLocal (0x00007a39f2dd3308) [0x00007a39f2dd3400, 0x00007a39f2dd3ac0] Compiler: jvmci, Barriers: 17, Oops: 1, ImmediateOops: 2, NonImmediateOops: No
[2,754s][debug][gc,nmethod     ] Register NMethod: com.github.benmanes.caffeine.cache.Ticker.disabledTicker (0x00007a39d3fe3b88) [0x00007a39d3fe3c80, 0x00007a39d3fe3d68] Compiler: c1, Barriers: 0, Oops: 1, ImmediateOops: 1, NonImmediateOops: No
[2,754s][debug][gc,nmethod     ] Register NMethod: java.nio.file.Files.provider (0x00007a39d3fe3e88) [0x00007a39d3fe3f80, 0x00007a39d3fe4358] Compiler: c1, Barriers: 2, Oops: 0, ImmediateOops: 0, NonImmediateOops: No
[2,754s][debug][gc,nmethod     ] Register NMethod: com.github.benmanes.caffeine.cache.BoundedLocalCache.expirationTicker (0x00007a39d3fe4388) [0x00007a39d3fe4480, 0x00007a39d3fe45e0] Compiler: c1, Barriers: 0, Oops: 1, ImmediateOops: 1, NonImmediateOops: No
[2,754s][debug][gc,nmethod     ] Register NMethod: io.sirix.page.KeyValueLeafPage.setDeweyId (0x00007a39d3fe4688) [0x00007a39d3fe4780, 0x00007a39d3fe49d8] Compiler: c1, Barriers: 5, Oops: 1, ImmediateOops: 0, NonImmediateOops: No
[2,755s][debug][gc,nmethod     ] Register NMethod: com.github.benmanes.caffeine.cache.BaseMpscLinkedArrayQueue.modifiedCalcElementOffset (0x00007a39d3fe4a08) [0x00007a39d3fe4b00, 0x00007a39d3fe4bf0] Compiler: c1, Barriers: 0, Oops: 1, ImmediateOops: 0, NonImmediateOops: No
[2,755s][debug][gc,nmethod     ] Register NMethod: io.sirix.cache.IndexLogKey.getIndexType (0x00007a39f2dd3b08) [0x00007a39f2dd3c00, 0x00007a39f2dd3ce8] Compiler: c1, Barriers: 1, Oops: 1, ImmediateOops: 0, NonImmediateOops: No
[2,755s][debug][gc,nmethod     ] Register NMethod: io.sirix.cache.IndexLogKey.getRecordPageKey (0x00007a39f2dd3e08) [0x00007a39f2dd3f00, 0x00007a39f2dd3fc0] Compiler: c1, Barriers: 0, Oops: 1, ImmediateOops: 0, NonImmediateOops: No
[2,755s][debug][gc,nmethod     ] Register NMethod: it.unimi.dsi.fastutil.shorts.ShortArrayList.size (0x00007a39f2dd4108) [0x00007a39f2dd4200, 0x00007a39f2dd42c0] Compiler: c1, Barriers: 0, Oops: 1, ImmediateOops: 0, NonImmediateOops: No
[2,755s][debug][gc,nmethod     ] Register NMethod: io.sirix.node.HashCountEntryNode.getValue (0x00007a39f2dd4408) [0x00007a39f2dd4500, 0x00007a39f2dd45c0] Compiler: c1, Barriers: 0, Oops: 1, ImmediateOops: 0, NonImmediateOops: No
[2,755s][debug][gc,nmethod     ] Register NMethod: io.sirix.node.HashEntryNode.getKey (0x00007a39f2dd4708) [0x00007a39f2dd4800, 0x00007a39f2dd48c0] Compiler: c1, Barriers: 0, Oops: 1, ImmediateOops: 0, NonImmediateOops: No
[2,755s][debug][gc,nmethod     ] Register NMethod: java.lang.String.encode (0x00007a39d3fe4d08) [0x00007a39d3fe4e00, 0x00007a39d3fe5138] Compiler: c1, Barriers: 0, Oops: 0, ImmediateOops: 3, NonImmediateOops: No
[2,756s][debug][gc,nmethod     ] Register NMethod: io.sirix.node.MemorySegmentBytesIn.read (0x00007a39d3fe5188) [0x00007a39d3fe5280, 0x00007a39d3febd78] Compiler: c1, Barriers: 7, Oops: 9, ImmediateOops: 16, NonImmediateOops: No
[2,756s][debug][gc,nmethod     ] Register NMethod: io.sirix.access.trx.page.NodePageReadOnlyTrx.loadPage (0x00007a39d3febe08) [0x00007a39d3febf00, 0x00007a39d3fedd70] Compiler: c1, Barriers: 15, Oops: 2, ImmediateOops: 2, NonImmediateOops: No
[2,756s][debug][gc,nmethod     ] Register NMethod: io.sirix.access.trx.page.NodePageReadOnlyTrx.getValue (0x00007a39d3fedd88) [0x00007a39d3fede80, 0x00007a39d3fef9e0] Compiler: c1, Barriers: 6, Oops: 1, ImmediateOops: 1, NonImmediateOops: No
[2,756s][debug][gc,nmethod     ] Register NMethod: io.sirix.access.trx.page.NodePageTrx.getRecord (0x00007a39d3fefa08) [0x00007a39d3fefb00, 0x00007a39d3ff1aa0] Compiler: c1, Barriers: 8, Oops: 1, ImmediateOops: 2, NonImmediateOops: No
[2,756s][debug][gc,nmethod     ] Register NMethod: it.unimi.dsi.fastutil.shorts.ShortListIterator.next (0x00007a39d3ff1b08) [0x00007a39d3ff1c00, 0x00007a39d3ff20a8] Compiler: c1, Barriers: 0, Oops: 1, ImmediateOops: 0, NonImmediateOops: No
[2,756s][debug][gc,nmethod     ] Register NMethod: it.unimi.dsi.fastutil.ints.Int2IntOpenHashMap.put (0x00007a39d3ff2108) [0x00007a39d3ff2200, 0x00007a39d3ff2468] Compiler: c1, Barriers: 1, Oops: 1, ImmediateOops: 0, NonImmediateOops: No
[2,756s][debug][gc,nmethod     ] Register NMethod: java.lang.Short.valueOf (0x00007a39d3ff2488) [0x00007a39d3ff2580, 0x00007a39d3ff2898] Compiler: c1, Barriers: 1, Oops: 0, ImmediateOops: 1, NonImmediateOops: No
[2,756s][debug][gc,nmethod     ] Register NMethod: java.lang.String.encodeUTF8 (0x00007a39d3ff2908) [0x00007a39d3ff2a00, 0x00007a39d3ff3088] Compiler: c1, Barriers: 0, Oops: 0, ImmediateOops: 0, NonImmediateOops: No
[2,757s][debug][gc,nmethod     ] Register NMethod: it.unimi.dsi.fastutil.shorts.ShortListIterator.next (0x00007a39d3ff3108) [0x00007a39d3ff3200, 0x00007a39d3ff3458] Compiler: c1, Barriers: 0, Oops: 1, ImmediateOops: 0, NonImmediateOops: No
[2,757s][debug][gc,nmethod     ] Register NMethod: it.unimi.dsi.fastutil.shorts.ShortIterator.next (0x00007a39d3ff3488) [0x00007a39d3ff3580, 0x00007a39d3ff3718] Compiler: c1, Barriers: 0, Oops: 1, ImmediateOops: 0, NonImmediateOops: No
[2,757s][debug][gc,nmethod     ] Register NMethod: io.sirix.cache.TransactionIntentLog.get (0x00007a39d3ff3788) [0x00007a39d3ff3880, 0x00007a39d3ff4020] Compiler: c1, Barriers: 1, Oops: 1, ImmediateOops: 0, NonImmediateOops: No
[2,757s][debug][gc,nmethod     ] Register NMethod: io.sirix.cache.IndexLogKey.getIndexNumber (0x00007a39f2dd4a08) [0x00007a39f2dd4b00, 0x00007a39f2dd4bc0] Compiler: c1, Barriers: 0, Oops: 1, ImmediateOops: 0, NonImmediateOops: No
[2,757s][debug][gc,nmethod     ] Register NMethod: it.unimi.dsi.fastutil.shorts.ShortArrayList$1.nextShort (0x00007a39d3ff4088) [0x00007a39d3ff4180, 0x00007a39d3ff44d8] Compiler: c1, Barriers: 2, Oops: 1, ImmediateOops: 0, NonImmediateOops: No
[2,757s][debug][gc,nmethod     ] Register NMethod: io.sirix.page.NamePage.delegate (0x00007a39f2dd4d08) [0x00007a39f2dd4e00, 0x00007a39f2dd4ee8] Compiler: c1, Barriers: 1, Oops: 1, ImmediateOops: 0, NonImmediateOops: No
[2,757s][debug][gc,nmethod     ] Register NMethod: io.sirix.cache.IndexLogKey.getRevisionNumber (0x00007a39f2dd5008) [0x00007a39f2dd5100, 0x00007a39f2dd51c0] Compiler: c1, Barriers: 0, Oops: 1, ImmediateOops: 0, NonImmediateOops: No
[2,757s][debug][gc,nmethod     ] Register NMethod: io.sirix.node.HashEntryNode.getValue (0x00007a39f2dd5308) [0x00007a39f2dd5400, 0x00007a39f2dd54e8] Compiler: c1, Barriers: 1, Oops: 1, ImmediateOops: 0, NonImmediateOops: No
[2,757s][debug][gc,nmethod     ] Register NMethod: io.sirix.node.HashCountEntryNode.getNodeKey (0x00007a39f2dd5608) [0x00007a39f2dd5700, 0x00007a39f2dd57c0] Compiler: c1, Barriers: 0, Oops: 1, ImmediateOops: 0, NonImmediateOops: No
[2,757s][debug][gc,nmethod     ] Register NMethod: io.sirix.access.trx.page.NodePageReadOnlyTrx$RecordPage.page (0x00007a39f2dd5908) [0x00007a39f2dd5a00, 0x00007a39f2dd5ae8] Compiler: c1, Barriers: 1, Oops: 1, ImmediateOops: 0, NonImmediateOops: No
[2,757s][debug][gc,nmethod     ] Register NMethod: io.sirix.page.UberPage.getPageCountExp (0x00007a39d3ff4508) [0x00007a39d3ff4600, 0x00007a39d3ff4b48] Compiler: c1, Barriers: 0, Oops: 1, ImmediateOops: 4, NonImmediateOops: No
[2,757s][debug][gc,nmethod     ] Register NMethod: io.sirix.node.HashEntryNode.getNodeKey (0x00007a39f2dd5c08) [0x00007a39f2dd5d00, 0x00007a39f2dd5dc0] Compiler: c1, Barriers: 0, Oops: 1, ImmediateOops: 0, NonImmediateOops: No
[2,757s][debug][gc,nmethod     ] Register NMethod: com.github.benmanes.caffeine.cache.SSLMW.weightedSize (0x00007a39f2dd5f08) [0x00007a39f2dd6000, 0x00007a39f2dd60c0] Compiler: c1, Barriers: 0, Oops: 1, ImmediateOops: 0, NonImmediateOops: No
[2,757s][debug][gc,nmethod     ] Register NMethod: com.github.benmanes.caffeine.cache.FrequencySketch.isNotInitialized (0x00007a39d3ff4b88) [0x00007a39d3ff4c80, 0x00007a39d3ff4e00] Compiler: c1, Barriers: 1, Oops: 1, ImmediateOops: 0, NonImmediateOops: No
[2,757s][debug][gc,nmethod     ] Register NMethod: io.sirix.node.json.JsonNodeSerializer.updateSizePrefix (0x00007a39f2dd6208) [0x00007a39f2dd6300, 0x00007a39f2dd6a38] Compiler: jvmci, Barriers: 9, Oops: 3, ImmediateOops: 0, NonImmediateOops: No
[2,758s][debug][gc,nmethod     ] Register NMethod: java.lang.Thread.interrupted (0x00007a39d3ff4e88) [0x00007a39d3ff4f80, 0x00007a39d3ff52b8] Compiler: c1, Barriers: 1, Oops: 0, ImmediateOops: 0, NonImmediateOops: No
[2,758s][debug][gc,director    ] Rule Major: Warmup 10%, Used: 458MB, UsedThreshold: 1228MB
[2,759s][debug][gc,nmethod     ] Register NMethod: io.sirix.page.KeyValueLeafPage.setData (0x00007a39d3ff5308) [0x00007a39d3ff5400, 0x00007a39d401a740] Compiler: c1, Barriers: 104, Oops: 13, ImmediateOops: 82, NonImmediateOops: No
[2,759s][debug][gc,nmethod     ] Register NMethod: io.sirix.access.trx.page.NodePageReadOnlyTrx.getPageReference (0x00007a39d401a808) [0x00007a39d401a900, 0x00007a39d40239b8] Compiler: c1, Barriers: 28, Oops: 1, ImmediateOops: 7, NonImmediateOops: No
[2,759s][debug][gc,nmethod     ] Register NMethod: io.sirix.access.trx.page.NodePageReadOnlyTrx.getCurrentMaxIndirectPageTreeLevel (0x00007a39d4023a08) [0x00007a39d4023b00, 0x00007a39d402b2d8] Compiler: c1, Barriers: 20, Oops: 1, ImmediateOops: 6, NonImmediateOops: No
[2,759s][debug][gc,nmethod     ] Register NMethod: java.util.concurrent.ForkJoinTask.<init> (0x00007a39d402b308) [0x00007a39d402b400, 0x00007a39d402b558] Compiler: c1, Barriers: 0, Oops: 0, ImmediateOops: 0, NonImmediateOops: No
[2,759s][debug][gc,nmethod     ] Register NMethod: java.lang.foreign.MemorySegment.copy (0x00007a39f2dd6a88) [0x00007a39f2dd6b80, 0x00007a39f2dd7078] Compiler: jvmci, Barriers: 6, Oops: 1, ImmediateOops: 0, NonImmediateOops: No
[2,760s][debug][gc,nmethod     ] Register NMethod: com.github.benmanes.caffeine.cache.PSMW.getPolicyWeight (0x00007a39f2dd7088) [0x00007a39f2dd7180, 0x00007a39f2dd7240] Compiler: c1, Barriers: 0, Oops: 1, ImmediateOops: 0, NonImmediateOops: No
[2,761s][debug][gc,nmethod     ] Register NMethod: com.github.benmanes.caffeine.cache.PSMW.getPreviousInAccessOrder (0x00007a39f2dd7388) [0x00007a39f2dd7480, 0x00007a39f2dd7568] Compiler: c1, Barriers: 1, Oops: 1, ImmediateOops: 0, NonImmediateOops: No
[2,761s][debug][gc,nmethod     ] Register NMethod: net.jpountz.util.SafeUtils.readIntLE (0x00007a39d402b608) [0x00007a39d402b700, 0x00007a39d402b8a0] Compiler: c1, Barriers: 0, Oops: 1, ImmediateOops: 0, NonImmediateOops: No
[2,762s][debug][gc,nmethod     ] Register NMethod: io.sirix.page.KeyValueLeafPage.setSlot (0x00007a39d402b908) [0x00007a39d402ba00, 0x00007a39d402bba8] Compiler: c1, Barriers: 2, Oops: 1, ImmediateOops: 0, NonImmediateOops: No
[2,762s][debug][gc,nmethod     ] Register NMethod: java.util.BitSet.nextSetBit (0x00007a39d402bc08) [0x00007a39d402bd00, 0x00007a39d402ccf0] Compiler: c1, Barriers: 1, Oops: 1, ImmediateOops: 2, NonImmediateOops: No
[2,762s][debug][gc,nmethod     ] Register NMethod: jdk.internal.misc.Unsafe.putByte (0x00007a39d402cd08) [0x00007a39d402ce00, 0x00007a39d402cf10] Compiler: c1, Barriers: 0, Oops: 0, ImmediateOops: 0, NonImmediateOops: No
[2,764s][debug][gc,nmethod     ] Register NMethod: com.github.benmanes.caffeine.cache.BoundedLocalCache.collectValues (0x00007a39f2dd7688) [0x00007a39f2dd7780, 0x00007a39f2dd7840] Compiler: c1, Barriers: 0, Oops: 1, ImmediateOops: 0, NonImmediateOops: No
[2,764s][debug][gc,nmethod     ] Register NMethod: com.github.benmanes.caffeine.cache.SSLMW.maximum (0x00007a39f2dd7988) [0x00007a39f2dd7a80, 0x00007a39f2dd7b40] Compiler: c1, Barriers: 0, Oops: 1, ImmediateOops: 0, NonImmediateOops: No
[2,764s][debug][gc,nmethod     ] Register NMethod: com.github.benmanes.caffeine.cache.PSMW.getQueueType (0x00007a39f2dd7c88) [0x00007a39f2dd7d80, 0x00007a39f2dd7e40] Compiler: c1, Barriers: 0, Oops: 1, ImmediateOops: 0, NonImmediateOops: No
[2,764s][debug][gc,nmethod     ] Register NMethod: java.util.BitSet.wordIndex (0x00007a39f2dd7f88) [0x00007a39f2dd8080, 0x00007a39f2dd80e8] Compiler: jvmci, Barriers: 0, Oops: 0, ImmediateOops: 0, NonImmediateOops: No
[2,765s][debug][gc,nmethod     ] Register NMethod: java.lang.String.<init> (0x00007a39d402d008) [0x00007a39d402d100, 0x00007a39d402dcc0] Compiler: c1, Barriers: 10, Oops: 0, ImmediateOops: 0, NonImmediateOops: No
[2,765s][debug][gc,nmethod     ] Register NMethod: io.sirix.index.path.summary.PathSummaryReader.getName (0x00007a39d3dc5108) [0x00007a39d3dc5200, 0x00007a39d3dc81e8] Compiler: c1, Barriers: 12, Oops: 1, ImmediateOops: 5, NonImmediateOops: No
[2,765s][debug][gc,nmethod     ] Register NMethod: io.sirix.access.trx.page.NodePageTrx$$Lambda/0x00000000ba28d158.<init> (0x00007a39d402dd08) [0x00007a39d402de00, 0x00007a39d402e050] Compiler: c1, Barriers: 6, Oops: 1, ImmediateOops: 0, NonImmediateOops: No
[2,765s][debug][gc,nmethod     ] Register NMethod: java.lang.invoke.LambdaForm$MH/0x00000000ba289000.linkToTargetMethod (0x00007a39d402e088) [0x00007a39d402e180, 0x00007a39d402e688] Compiler: c1, Barriers: 0, Oops: 1, ImmediateOops: 0, NonImmediateOops: No
[2,765s][debug][gc,nmethod     ] Register NMethod: it.unimi.dsi.fastutil.shorts.AbstractShortList.iterator (0x00007a39d402e708) [0x00007a39d402e800, 0x00007a39d402ee18] Compiler: c1, Barriers: 0, Oops: 1, ImmediateOops: 0, NonImmediateOops: No
[2,765s][debug][gc,nmethod     ] Register NMethod: it.unimi.dsi.fastutil.shorts.ShortArrayList.listIterator (0x00007a39d402ee88) [0x00007a39d402ef80, 0x00007a39d402f420] Compiler: c1, Barriers: 3, Oops: 1, ImmediateOops: 0, NonImmediateOops: No
[2,765s][debug][gc,nmethod     ] Register NMethod: java.lang.invoke.LambdaForm$DMH/0x00000000ba288800.newInvokeSpecial (0x00007a39d402f488) [0x00007a39d402f580, 0x00007a39d402fe28] Compiler: c1, Barriers: 2, Oops: 1, ImmediateOops: 1, NonImmediateOops: No
[2,765s][debug][gc,nmethod     ] Register NMethod: it.unimi.dsi.fastutil.shorts.AbstractShortList.listIterator (0x00007a39d402fe88) [0x00007a39d402ff80, 0x00007a39d4030470] Compiler: c1, Barriers: 3, Oops: 1, ImmediateOops: 0, NonImmediateOops: No
[2,766s][debug][gc,nmethod     ] Register NMethod: io.sirix.access.trx.node.xml.XmlNodeTrxImpl.insertTextAsFirstChild (0x00007a39f2dd8288) [0x00007a39f2dd8380, 0x00007a39f2ddaaf8] Compiler: jvmci, Barriers: 68, Oops: 5, ImmediateOops: 2, NonImmediateOops: No
[2,766s][debug][gc,nmethod     ] Register NMethod: io.sirix.access.trx.page.NodePageTrx.getMostRecentPageContainer (0x00007a39d4030488) [0x00007a39d4030580, 0x00007a39d4030bb0] Compiler: c1, Barriers: 9, Oops: 1, ImmediateOops: 1, NonImmediateOops: No
[2,766s][debug][gc,nmethod     ] Register NMethod: io.sirix.node.xml.AbstractStructForwardingNode.hasFirstChild (0x00007a39d4030c08) [0x00007a39d4030d00, 0x00007a39d40312a8] Compiler: c1, Barriers: 0, Oops: 1, ImmediateOops: 1, NonImmediateOops: No
[2,766s][debug][gc,nmethod     ] Register NMethod: io.sirix.node.xml.AbstractStructForwardingNode.getFirstChildKey (0x00007a39d4031308) [0x00007a39d4031400, 0x00007a39d4031720] Compiler: c1, Barriers: 0, Oops: 1, ImmediateOops: 0, NonImmediateOops: No
[2,766s][debug][gc,nmethod     ] Register NMethod: java.util.stream.ReduceOps.makeRef (0x00007a39f2ddab88) [0x00007a39f2ddac80, 0x00007a39f2ddaee0] Compiler: jvmci, Barriers: 13, Oops: 0, ImmediateOops: 1, NonImmediateOops: No
[2,766s][debug][gc,nmethod     ] Register NMethod: it.unimi.dsi.fastutil.shorts.ShortArrayList$1.<init> (0x00007a39d4031788) [0x00007a39d4031880, 0x00007a39d4031a60] Compiler: c1, Barriers: 3, Oops: 1, ImmediateOops: 0, NonImmediateOops: No
[2,766s][debug][gc,nmethod     ] Register NMethod: io.sirix.index.path.summary.PathSummaryReader.moveTo (0x00007a39d4031a88) [0x00007a39d4031b80, 0x00007a39d4032888] Compiler: c1, Barriers: 13, Oops: 1, ImmediateOops: 2, NonImmediateOops: No
[2,766s][debug][gc,nmethod     ] Register NMethod: io.sirix.access.trx.page.NodePageTrx$$Lambda/0x00000000ba28d158.apply (0x00007a39d4032908) [0x00007a39d4032a00, 0x00007a39d4032dc8] Compiler: c1, Barriers: 2, Oops: 1, ImmediateOops: 0, NonImmediateOops: No
[2,766s][debug][gc,nmethod     ] Register NMethod: io.sirix.page.delegates.ReferencesPage4.getOrCreateReference (0x00007a39d4032e08) [0x00007a39d4032f00, 0x00007a39d4034918] Compiler: c1, Barriers: 5, Oops: 1, ImmediateOops: 0, NonImmediateOops: No
[2,766s][debug][gc,nmethod     ] Register NMethod: it.unimi.dsi.fastutil.shorts.AbstractShortList.ensureIndex (0x00007a39d4034988) [0x00007a39d4034a80, 0x00007a39d4036d60] Compiler: c1, Barriers: 0, Oops: 5, ImmediateOops: 7, NonImmediateOops: No
[2,766s][debug][gc,nmethod     ] Register NMethod: io.sirix.access.trx.page.NodePageTrx.getPageContainer (0x00007a39d4036e08) [0x00007a39d4036f00, 0x00007a39d4038040] Compiler: c1, Barriers: 12, Oops: 4, ImmediateOops: 2, NonImmediateOops: No
[2,766s][debug][gc,nmethod     ] Register NMethod: io.sirix.access.trx.page.NodePageTrx.lambda$getPageContainer$0 (0x00007a39d4038088) [0x00007a39d4038180, 0x00007a39d4039078] Compiler: c1, Barriers: 6, Oops: 1, ImmediateOops: 0, NonImmediateOops: No
[2,766s][debug][gc,nmethod     ] Register NMethod: io.sirix.node.json.JsonNodeSerializer.writeSizePrefix (0x00007a39f2ddaf08) [0x00007a39f2ddb000, 0x00007a39f2ddcb00] Compiler: jvmci, Barriers: 34, Oops: 4, ImmediateOops: 0, NonImmediateOops: No
[2,767s][debug][gc,nmethod     ] Register NMethod: io.sirix.access.trx.page.NodePageReadOnlyTrx.getReferenceToLeafOfSubtree (0x00007a39d4039088) [0x00007a39d4039180, 0x00007a39d403a2b0] Compiler: c1, Barriers: 1, Oops: 1, ImmediateOops: 2, NonImmediateOops: No
[2,767s][debug][gc,nmethod     ] Register NMethod: io.sirix.access.trx.page.NodePageReadOnlyTrx.getLeafPageReference (0x00007a39d403a308) [0x00007a39d403a400, 0x00007a39d403a6f8] Compiler: c1, Barriers: 0, Oops: 1, ImmediateOops: 0, NonImmediateOops: No
[2,767s][debug][gc,nmethod     ] Register NMethod: io.sirix.access.trx.page.NodePageReadOnlyTrx$PageReferenceToPage.<init> (0x00007a39d403a708) [0x00007a39d403a800, 0x00007a39d403aaa8] Compiler: c1, Barriers: 6, Oops: 1, ImmediateOops: 0, NonImmediateOops: No
[2,767s][debug][gc,nmethod     ] Register NMethod: io.sirix.node.NodeKind.getKind (0x00007a39d403ab08) [0x00007a39d403ac00, 0x00007a39d403ad38] Compiler: c1, Barriers: 1, Oops: 1, ImmediateOops: 1, NonImmediateOops: No
[2,767s][debug][gc,nmethod     ] Register NMethod: java.util.stream.ReduceOps$3.makeSink (0x00007a39f2ddcb88) [0x00007a39f2ddcc80, 0x00007a39f2ddce70] Compiler: jvmci, Barriers: 9, Oops: 0, ImmediateOops: 0, NonImmediateOops: No
[2,767s][debug][gc,nmethod     ] Register NMethod: io.sirix.page.NamePage.getName (0x00007a39d403ae08) [0x00007a39d403af00, 0x00007a39d403c570] Compiler: c1, Barriers: 25, Oops: 1, ImmediateOops: 4, NonImmediateOops: No
[2,767s][debug][gc,nmethod     ] Register NMethod: io.sirix.access.trx.page.NodePageReadOnlyTrx.getRecord (0x00007a39d403c588) [0x00007a39d403c680, 0x00007a39d403e0b8] Compiler: c1, Barriers: 4, Oops: 1, ImmediateOops: 3, NonImmediateOops: No
[2,767s][debug][gc,nmethod     ] Register NMethod: java.util.stream.ReduceOps$3.getOpFlags (0x00007a39f2ddce88) [0x00007a39f2ddcf80, 0x00007a39f2ddd250] Compiler: jvmci, Barriers: 4, Oops: 0, ImmediateOops: 2, NonImmediateOops: No
[2,767s][debug][gc,nmethod     ] Register NMethod: io.sirix.index.name.Names.getName (0x00007a39d403e108) [0x00007a39d403e200, 0x00007a39d403e6a8] Compiler: c1, Barriers: 1, Oops: 1, ImmediateOops: 1, NonImmediateOops: No
[2,767s][debug][gc,nmethod     ] Register NMethod: io.sirix.node.NodeSerializerImpl.deserialize (0x00007a39d403e708) [0x00007a39d403e800, 0x00007a39d403ec68] Compiler: c1, Barriers: 1, Oops: 1, ImmediateOops: 1, NonImmediateOops: No
[2,768s][debug][gc,nmethod     ] Register NMethod: io.sirix.access.trx.page.NodePageReadOnlyTrx.assertNotClosed (0x00007a39f2ddd288) [0x00007a39f2ddd380, 0x00007a39f2ddd440] Compiler: jvmci, Barriers: 0, Oops: 1, ImmediateOops: 0, NonImmediateOops: No
[2,768s][debug][gc,nmethod     ] Register NMethod: io.sirix.access.trx.page.NodePageReadOnlyTrx.isMostRecentlyReadPathSummaryPage (0x00007a39d403ec88) [0x00007a39d403ed80, 0x00007a39d403f518] Compiler: c1, Barriers: 1, Oops: 1, ImmediateOops: 0, NonImmediateOops: No
[2,768s][debug][gc,nmethod     ] Register NMethod: it.unimi.dsi.fastutil.ints.Int2IntOpenHashMap.getOrDefault (0x00007a39d403f588) [0x00007a39d403f680, 0x00007a39d403fbf0] Compiler: c1, Barriers: 4, Oops: 1, ImmediateOops: 0, NonImmediateOops: No
[2,768s][debug][gc,director    ] Rule Major: Warmup 10%, Used: 460MB, UsedThreshold: 1228MB
[2,768s][debug][gc,nmethod     ] Register NMethod: io.sirix.node.MemorySegmentBytesIn.readLong (0x00007a39d403fc08) [0x00007a39d403fd00, 0x00007a39d4043910] Compiler: c1, Barriers: 5, Oops: 6, ImmediateOops: 10, NonImmediateOops: No
[2,768s][debug][gc,nmethod     ] Register NMethod: io.sirix.node.MemorySegmentBytesIn.readStopBit (0x00007a39d4043988) [0x00007a39d4043a80, 0x00007a39d4043cb0] Compiler: c1, Barriers: 0, Oops: 1, ImmediateOops: 0, NonImmediateOops: No
[2,768s][debug][gc,nmethod     ] Register NMethod: io.sirix.access.trx.page.NodePageReadOnlyTrx.getRecordPage (0x00007a39d4043d08) [0x00007a39d4043e00, 0x00007a39d4049150] Compiler: c1, Barriers: 45, Oops: 2, ImmediateOops: 5, NonImmediateOops: No
[2,768s][debug][gc,nmethod     ] Register NMethod: jdk.internal.foreign.AbstractMemorySegmentImpl.get (0x00007a39d4049188) [0x00007a39d4049280, 0x00007a39d404cbb0] Compiler: c1, Barriers: 27, Oops: 5, ImmediateOops: 12, NonImmediateOops: No
[2,768s][debug][gc,nmethod     ] Register NMethod: io.sirix.index.path.summary.PathNode.getRightSibling (0x00007a39f2ddd588) [0x00007a39f2ddd680, 0x00007a39f2ddd768] Compiler: c1, Barriers: 1, Oops: 1, ImmediateOops: 0, NonImmediateOops: No
[2,768s][debug][gc,nmethod     ] Register NMethod: io.sirix.node.Utils.getVarLong (0x00007a39d404cc08) [0x00007a39d404cd00, 0x00007a39d404ce60] Compiler: c1, Barriers: 0, Oops: 1, ImmediateOops: 0, NonImmediateOops: No
[2,768s][debug][gc,nmethod     ] Register NMethod: io.sirix.index.path.summary.PathNode.getParent (0x00007a39f2ddd888) [0x00007a39f2ddd980, 0x00007a39f2ddda68] Compiler: c1, Barriers: 1, Oops: 1, ImmediateOops: 0, NonImmediateOops: No
[2,768s][debug][gc,nmethod     ] Register NMethod: io.sirix.index.path.summary.PathSummaryReader.getPathNode (0x00007a39f2dddb88) [0x00007a39f2dddc80, 0x00007a39f2dddda0] Compiler: jvmci, Barriers: 1, Oops: 1, ImmediateOops: 0, NonImmediateOops: No
[2,768s][debug][gc,nmethod     ] Register NMethod: io.sirix.index.path.summary.PathNode.setParent (0x00007a39f2ddde88) [0x00007a39f2dddf80, 0x00007a39f2dde0b0] Compiler: c1, Barriers: 3, Oops: 1, ImmediateOops: 0, NonImmediateOops: No
[2,768s][debug][gc,nmethod     ] Register NMethod: io.sirix.index.path.summary.PathNode.getURIKey (0x00007a39d404cf08) [0x00007a39d404d000, 0x00007a39d404d160] Compiler: c1, Barriers: 1, Oops: 1, ImmediateOops: 0, NonImmediateOops: No
[2,768s][debug][gc,nmethod     ] Register NMethod: io.sirix.access.trx.page.NodePageReadOnlyTrx.getDataRecord (0x00007a39d404d208) [0x00007a39d404d300, 0x00007a39d404e108] Compiler: c1, Barriers: 6, Oops: 1, ImmediateOops: 1, NonImmediateOops: No
[2,768s][debug][gc,nmethod     ] Register NMethod: java.util.stream.ReduceOps$3.makeSink (0x00007a39f2dde188) [0x00007a39f2dde280, 0x00007a39f2dde470] Compiler: jvmci, Barriers: 9, Oops: 0, ImmediateOops: 0, NonImmediateOops: No
[2,769s][debug][gc,nmethod     ] Register NMethod: io.sirix.index.path.summary.PathNode.getFirstChild (0x00007a39f2dde488) [0x00007a39f2dde580, 0x00007a39f2dde668] Compiler: c1, Barriers: 1, Oops: 1, ImmediateOops: 0, NonImmediateOops: No
[2,769s][debug][gc,nmethod     ] Register NMethod: io.sirix.axis.pathsummary.AbstractAxis.hasNext (0x00007a39d404e188) [0x00007a39d404e280, 0x00007a39d404e928] Compiler: c1, Barriers: 2, Oops: 1, ImmediateOops: 1, NonImmediateOops: No
[2,769s][debug][gc,nmethod     ] Register NMethod: io.sirix.index.path.summary.PathNode.setRightSibling (0x00007a39f2dde788) [0x00007a39f2dde880, 0x00007a39f2dde9b0] Compiler: c1, Barriers: 3, Oops: 1, ImmediateOops: 0, NonImmediateOops: No
[2,769s][debug][gc,nmethod     ] Register NMethod: io.sirix.access.trx.page.NodePageTrx.getName (0x00007a39d404e988) [0x00007a39d404ea80, 0x00007a39d4050de8] Compiler: c1, Barriers: 11, Oops: 1, ImmediateOops: 3, NonImmediateOops: No
[2,769s][debug][gc,nmethod     ] Register NMethod: io.sirix.index.path.summary.PathNode.getLeftSibling (0x00007a39f2ddea88) [0x00007a39f2ddeb80, 0x00007a39f2ddec68] Compiler: c1, Barriers: 1, Oops: 1, ImmediateOops: 0, NonImmediateOops: No
[2,769s][debug][gc,nmethod     ] Register NMethod: io.sirix.index.path.summary.PathNode.setLeftSibling (0x00007a39f2dded88) [0x00007a39f2ddee80, 0x00007a39f2ddefb0] Compiler: c1, Barriers: 3, Oops: 1, ImmediateOops: 0, NonImmediateOops: No
[2,769s][debug][gc,nmethod     ] Register NMethod: io.sirix.access.trx.page.AbstractForwardingPageReadOnlyTrx.getResourceSession (0x00007a39f2ddf088) [0x00007a39f2ddf180, 0x00007a39f2ddf2b8] Compiler: jvmci, Barriers: 2, Oops: 1, ImmediateOops: 0, NonImmediateOops: No
[2,769s][debug][gc,nmethod     ] Register NMethod: java.util.stream.ReferencePipeline.collect (0x00007a39f2ddf388) [0x00007a39f2ddf480, 0x00007a39f2de0440] Compiler: jvmci, Barriers: 38, Oops: 2, ImmediateOops: 3, NonImmediateOops: No
[2,769s][debug][gc,nmethod     ] Register NMethod: io.sirix.node.delegates.StructNodeDelegate.<init> (0x00007a39d4050e08) [0x00007a39d4050f00, 0x00007a39d40512c8] Compiler: c1, Barriers: 3, Oops: 1, ImmediateOops: 1, NonImmediateOops: No
[2,769s][debug][gc,nmethod     ] Register NMethod: io.sirix.node.NodeKind.deserializeNameDelegate (0x00007a39d4051308) [0x00007a39d4051400, 0x00007a39d40517f8] Compiler: c1, Barriers: 0, Oops: 1, ImmediateOops: 0, NonImmediateOops: No
[2,769s][debug][gc,nmethod     ] Register NMethod: io.sirix.node.NodeKind.deserializeNodeDelegateWithoutIDs (0x00007a39d4051808) [0x00007a39d4051900, 0x00007a39d4051cd8] Compiler: c1, Barriers: 1, Oops: 1, ImmediateOops: 0, NonImmediateOops: No
[2,769s][debug][gc,nmethod     ] Register NMethod: io.sirix.node.NodeKind$13.deserialize (0x00007a39d4051d08) [0x00007a39d4051e00, 0x00007a39d4052328] Compiler: c1, Barriers: 1, Oops: 1, ImmediateOops: 1, NonImmediateOops: No
[2,770s][debug][gc,nmethod     ] Register NMethod: io.sirix.node.NodeKind.deserializeStructDel (0x00007a39d4052388) [0x00007a39d4052480, 0x00007a39d4053160] Compiler: c1, Barriers: 1, Oops: 1, ImmediateOops: 6, NonImmediateOops: No
[2,770s][debug][gc,nmethod     ] Register NMethod: io.sirix.index.path.summary.PathNode.setFirstChild (0x00007a39f2de0488) [0x00007a39f2de0580, 0x00007a39f2de06b0] Compiler: c1, Barriers: 3, Oops: 1, ImmediateOops: 0, NonImmediateOops: No
[2,770s][debug][gc,nmethod     ] Register NMethod: io.sirix.axis.pathsummary.AbstractAxis.next (0x00007a39d4053188) [0x00007a39d4053280, 0x00007a39d4053730] Compiler: c1, Barriers: 4, Oops: 1, ImmediateOops: 1, NonImmediateOops: No
[2,770s][debug][gc,nmethod     ] Register NMethod: io.sirix.axis.pathsummary.AbstractAxis.tryToComputeNext (0x00007a39d4053788) [0x00007a39d4053880, 0x00007a39d4053c80] Compiler: c1, Barriers: 13, Oops: 1, ImmediateOops: 4, NonImmediateOops: No
[2,770s][debug][gc,nmethod     ] Register NMethod: io.sirix.index.path.summary.PathSummaryReader.getStructuralNode (0x00007a39f2de0788) [0x00007a39f2de0880, 0x00007a39f2de0960] Compiler: jvmci, Barriers: 1, Oops: 1, ImmediateOops: 0, NonImmediateOops: No
[2,771s][debug][gc,nmethod     ] Register NMethod: io.sirix.axis.pathsummary.LevelOrderSettingInMemoryInstancesAxis.nextNode (0x00007a39d4053d08) [0x00007a39d4053e00, 0x00007a39d405a140] Compiler: c1, Barriers: 30, Oops: 1, ImmediateOops: 11, NonImmediateOops: No
[2,772s][debug][gc,nmethod     ] Register NMethod: net.jpountz.util.Native.isLoaded (0x00007a39d405a188) [0x00007a39d405a280, 0x00007a39d405a4c8] Compiler: c1, Barriers: 0, Oops: 1, ImmediateOops: 2, NonImmediateOops: No
[2,773s][debug][gc,nmethod     ] Register NMethod: java.lang.invoke.MethodHandle.linkToStatic (0x00007a39f2de0a88) [0x00007a39f2de0b80, 0x00007a39f2de0c70] Compiler: , Barriers: 0, Oops: 0, ImmediateOops: 0, NonImmediateOops: No
[2,774s][debug][gc,nmethod     ] Register NMethod: java.util.stream.AbstractPipeline.sourceSpliterator (0x00007a39d405a508) [0x00007a39d405a600, 0x00007a39d405c0c8] Compiler: c1, Barriers: 14, Oops: 1, ImmediateOops: 2, NonImmediateOops: No
[2,774s][debug][gc,nmethod     ] Register NMethod: com.github.benmanes.caffeine.cache.SSLSMW.frequencySketch (0x00007a39f2de0d88) [0x00007a39f2de0e80, 0x00007a39f2de0f70] Compiler: c1, Barriers: 1, Oops: 1, ImmediateOops: 0, NonImmediateOops: No
[2,775s][debug][gc,nmethod     ] Register NMethod: java.util.stream.ReduceOps$ReduceOp.evaluateSequential (0x00007a39f2de1088) [0x00007a39f2de1180, 0x00007a39f2de1b48] Compiler: jvmci, Barriers: 22, Oops: 0, ImmediateOops: 0, NonImmediateOops: No
[2,776s][debug][gc,nmethod     ] Register NMethod: java.lang.invoke.MethodHandle.invokeBasic (0x00007a39f2de1b88) [0x00007a39f2de1c80, 0x00007a39f2de1f18] Compiler: , Barriers: 0, Oops: 0, ImmediateOops: 0, NonImmediateOops: No
[2,776s][debug][gc,nmethod     ] Register NMethod: java.lang.invoke.VarHandleLongs$FieldInstanceReadOnly.getVolatile (0x00007a39d405c108) [0x00007a39d405c200, 0x00007a39d405cbf8] Compiler: c1, Barriers: 1, Oops: 1, ImmediateOops: 0, NonImmediateOops: No
[2,776s][debug][gc,nmethod     ] Register NMethod: java.util.concurrent.ConcurrentHashMap.replaceNode (0x00007a39d3f9ab08) [0x00007a39d3f9ac00, 0x00007a39d3f9cf88] Compiler: c1, Barriers: 18, Oops: 0, ImmediateOops: 1, NonImmediateOops: No
[2,776s][debug][gc,nmethod     ] Register NMethod: java.util.concurrent.ConcurrentHashMap.replaceNode (0x00007a39d3f9ab08) [0x00007a39d3f9ac00, 0x00007a39d3f9cf88] Compiler: c1, Barriers: 18, Oops: 0, ImmediateOops: 1, NonImmediateOops: No
[2,776s][debug][gc,nmethod     ] Register NMethod: java.util.concurrent.ConcurrentHashMap.replaceNode (0x00007a39d3f9ab08) [0x00007a39d3f9ac00, 0x00007a39d3f9cf88] Compiler: c1, Barriers: 18, Oops: 0, ImmediateOops: 1, NonImmediateOops: No
[2,776s][debug][gc,nmethod     ] Register NMethod: java.util.concurrent.ConcurrentHashMap.replaceNode (0x00007a39d3f9ab08) [0x00007a39d3f9ac00, 0x00007a39d3f9cf88] Compiler: c1, Barriers: 18, Oops: 0, ImmediateOops: 1, NonImmediateOops: No
[2,776s][debug][gc,nmethod     ] Register NMethod: com.github.benmanes.caffeine.cache.SSLMW.windowWeightedSize (0x00007a39f2de1f88) [0x00007a39f2de2080, 0x00007a39f2de2140] Compiler: c1, Barriers: 0, Oops: 1, ImmediateOops: 0, NonImmediateOops: No
[2,776s][debug][gc,nmethod     ] Register NMethod: com.github.benmanes.caffeine.cache.SSLMW.accessOrderWindowDeque (0x00007a39f2de2288) [0x00007a39f2de2380, 0x00007a39f2de2470] Compiler: c1, Barriers: 1, Oops: 1, ImmediateOops: 0, NonImmediateOops: No
[2,776s][debug][gc,nmethod     ] Register NMethod: java.util.concurrent.ConcurrentHashMap$BaseIterator.<init> (0x00007a39d405cc08) [0x00007a39d405cd00, 0x00007a39d405d0a8] Compiler: c1, Barriers: 3, Oops: 0, ImmediateOops: 0, NonImmediateOops: No
[2,776s][debug][gc,nmethod     ] Register NMethod: java.util.HashSet.remove (0x00007a39d405d108) [0x00007a39d405d200, 0x00007a39d405d588] Compiler: c1, Barriers: 1, Oops: 0, ImmediateOops: 1, NonImmediateOops: No
[2,777s][debug][gc,nmethod     ] Register NMethod: java.lang.invoke.VarHandleGuards.guard_L_J (0x00007a39d405d608) [0x00007a39d405d700, 0x00007a39d40605a0] Compiler: c1, Barriers: 28, Oops: 0, ImmediateOops: 2, NonImmediateOops: No
[2,777s][debug][gc,nmethod     ] Register NMethod: java.util.concurrent.locks.AbstractQueuedLongSynchronizer.getState (0x00007a39f2de2588) [0x00007a39f2de2680, 0x00007a39f2de2748] Compiler: c1, Barriers: 0, Oops: 0, ImmediateOops: 0, NonImmediateOops: No
[2,777s][debug][gc,nmethod     ] Register NMethod: java.lang.String.<init> (0x00007a39d4060608) [0x00007a39d4060700, 0x00007a39d4060a40] Compiler: c1, Barriers: 0, Oops: 1, ImmediateOops: 1, NonImmediateOops: No
[2,778s][debug][gc,nmethod     ] Register NMethod: java.lang.StringUTF16.compress (0x00007a39d4060a88) [0x00007a39d4060b80, 0x00007a39d4060db0] Compiler: c1, Barriers: 0, Oops: 0, ImmediateOops: 0, NonImmediateOops: No
[2,778s][debug][gc,nmethod     ] Register NMethod: java.lang.StringBuilder.append (0x00007a39d4060e08) [0x00007a39d4060f00, 0x00007a39d4061048] Compiler: c1, Barriers: 0, Oops: 0, ImmediateOops: 0, NonImmediateOops: No
[2,778s][debug][gc,director    ] Rule Major: Warmup 10%, Used: 460MB, UsedThreshold: 1228MB
[2,778s][debug][gc,nmethod     ] Register NMethod: com.google.gson.stream.JsonReader.nextQuotedValue (0x00007a39d4061108) [0x00007a39d4061200, 0x00007a39d4063760] Compiler: c1, Barriers: 1, Oops: 2, ImmediateOops: 3, NonImmediateOops: No
[2,778s][debug][gc,nmethod     ] Register NMethod: ch.qos.logback.core.pattern.Converter.getNext (0x00007a39f2de2888) [0x00007a39f2de2980, 0x00007a39f2de2a68] Compiler: c1, Barriers: 1, Oops: 1, ImmediateOops: 0, NonImmediateOops: No
[2,779s][debug][gc,nmethod     ] Register NMethod: java.lang.StringBuilder.toString (0x00007a39d4063788) [0x00007a39d4063880, 0x00007a39d4063cb8] Compiler: c1, Barriers: 0, Oops: 0, ImmediateOops: 1, NonImmediateOops: No
[2,779s][debug][gc,nmethod     ] Register NMethod: java.lang.String.<init> (0x00007a39d4063d08) [0x00007a39d4063e00, 0x00007a39d40643d8] Compiler: c1, Barriers: 6, Oops: 0, ImmediateOops: 1, NonImmediateOops: No
[2,779s][debug][gc,nmethod     ] Register NMethod: java.util.stream.ReduceOps$3ReducingSink.begin (0x00007a39f2de2b88) [0x00007a39f2de2c80, 0x00007a39f2de31d0] Compiler: jvmci, Barriers: 18, Oops: 0, ImmediateOops: 0, NonImmediateOops: No
[2,780s][debug][gc,nmethod     ] Register NMethod: jdk.internal.util.ArraysSupport.hashCode (0x00007a39f2de3208) [0x00007a39f2de3300, 0x00007a39f2de3808] Compiler: jvmci, Barriers: 5, Oops: 0, ImmediateOops: 0, NonImmediateOops: No
[2,781s][debug][gc,nmethod     ] Register NMethod: com.google.gson.stream.JsonReader.doPeek (0x00007a39d4064408) [0x00007a39d4064500, 0x00007a39d4072488] Compiler: c1, Barriers: 4, Oops: 8, ImmediateOops: 33, NonImmediateOops: No
[2,781s][debug][gc,nmethod     ] Register NMethod: java.io.FileDescriptor.<init> (0x00007a39d4072508) [0x00007a39d4072600, 0x00007a39d4072770] Compiler: c1, Barriers: 0, Oops: 0, ImmediateOops: 0, NonImmediateOops: No
[2,781s][debug][gc,nmethod     ] Register NMethod: java.lang.invoke.MethodHandle.linkToSpecial (0x00007a39f2de3888) [0x00007a39f2de3980, 0x00007a39f2de3a78] Compiler: , Barriers: 0, Oops: 0, ImmediateOops: 0, NonImmediateOops: No
[2,782s][debug][gc,nmethod     ] Register NMethod: org.gradle.internal.io.LineBufferingOutputStream.write (0x00007a39f2de3b88) [0x00007a39f2de3c80, 0x00007a39f2de3f90] Compiler: jvmci, Barriers: 4, Oops: 1, ImmediateOops: 0, NonImmediateOops: No
[2,783s][debug][gc,nmethod     ] Register NMethod: jdk.internal.misc.Unsafe.putLongVolatile (0x00007a39f2de4008) [0x00007a39f2de4100, 0x00007a39f2de4258] Compiler: , Barriers: 0, Oops: 0, ImmediateOops: 0, NonImmediateOops: No
[2,783s][debug][gc,nmethod     ] Register NMethod: sun.nio.ch.NativeThread.current (0x00007a39d4072808) [0x00007a39d4072900, 0x00007a39d4072ee0] Compiler: c1, Barriers: 1, Oops: 0, ImmediateOops: 0, NonImmediateOops: No
[2,783s][debug][gc,nmethod     ] Register NMethod: sun.nio.ch.FileChannelImpl.beginBlocking (0x00007a39d4072f08) [0x00007a39d4073000, 0x00007a39d4073328] Compiler: c1, Barriers: 0, Oops: 0, ImmediateOops: 0, NonImmediateOops: No
[2,783s][debug][gc,nmethod     ] Register NMethod: sun.nio.ch.FileChannelImpl.ensureOpen (0x00007a39d4073388) [0x00007a39d4073480, 0x00007a39d4073898] Compiler: c1, Barriers: 0, Oops: 0, ImmediateOops: 0, NonImmediateOops: No
[2,783s][debug][gc,nmethod     ] Register NMethod: sun.nio.ch.NativeThread.isNativeThread (0x00007a39d4073908) [0x00007a39d4073a00, 0x00007a39d4073b68] Compiler: c1, Barriers: 0, Oops: 0, ImmediateOops: 0, NonImmediateOops: No
[2,783s][debug][gc,nmethod     ] Register NMethod: sun.nio.ch.FileChannelImpl.endBlocking (0x00007a39d4073c08) [0x00007a39d4073d00, 0x00007a39d4074028] Compiler: c1, Barriers: 0, Oops: 0, ImmediateOops: 0, NonImmediateOops: No
[2,783s][debug][gc,nmethod     ] Register NMethod: java.util.Arrays.equals (0x00007a39d4074088) [0x00007a39d4074180, 0x00007a39d4074420] Compiler: c1, Barriers: 0, Oops: 0, ImmediateOops: 0, NonImmediateOops: No
[2,783s][debug][gc,nmethod     ] Register NMethod: sun.nio.ch.NativeThreadSet.remove (0x00007a39d4074488) [0x00007a39d4074580, 0x00007a39d4074c28] Compiler: c1, Barriers: 1, Oops: 0, ImmediateOops: 0, NonImmediateOops: No
[2,783s][debug][gc,nmethod     ] Register NMethod: sun.nio.ch.NativeThreadSet.add (0x00007a39d4074c88) [0x00007a39d4074d80, 0x00007a39d4075c90] Compiler: c1, Barriers: 9, Oops: 0, ImmediateOops: 0, NonImmediateOops: No
[2,783s][debug][gc,nmethod     ] Register NMethod: java.lang.invoke.LambdaFormEditor$TransformKey.inRange (0x00007a39d4075d08) [0x00007a39d4075e00, 0x00007a39d4075f40] Compiler: c1, Barriers: 0, Oops: 0, ImmediateOops: 0, NonImmediateOops: No
[2,783s][debug][gc,nmethod     ] Register NMethod: java.lang.invoke.LambdaFormEditor$TransformKey.<init> (0x00007a39d4076008) [0x00007a39d4076100, 0x00007a39d40762e0] Compiler: c1, Barriers: 3, Oops: 0, ImmediateOops: 0, NonImmediateOops: No
[2,784s][debug][gc,nmethod     ] Register NMethod: java.lang.invoke.LambdaFormEditor.getInCache (0x00007a39d4076308) [0x00007a39d4076400, 0x00007a39d4077c30] Compiler: c1, Barriers: 7, Oops: 0, ImmediateOops: 0, NonImmediateOops: No
[2,784s][debug][gc,nmethod     ] Register NMethod: java.lang.invoke.MethodHandle.invokeBasic (0x00007a39f2de4308) [0x00007a39f2de4400, 0x00007a39f2de4698] Compiler: , Barriers: 0, Oops: 0, ImmediateOops: 0, NonImmediateOops: No
[2,784s][debug][gc,nmethod     ] Register NMethod: java.lang.invoke.MethodHandle.linkToSpecial (0x00007a39f2de4708) [0x00007a39f2de4800, 0x00007a39f2de48f8] Compiler: , Barriers: 0, Oops: 0, ImmediateOops: 0, NonImmediateOops: No
[2,785s][debug][gc,nmethod     ] Register NMethod: java.lang.invoke.MethodHandle.invokeBasic (0x00007a39f2de4a08) [0x00007a39f2de4b00, 0x00007a39f2de4d98] Compiler: , Barriers: 0, Oops: 0, ImmediateOops: 0, NonImmediateOops: No
[2,787s][debug][gc,nmethod     ] Register NMethod: jdk.internal.classfile.impl.SplitConstantPool.classEntry (0x00007a39f2de4e08) [0x00007a39f2de4f00, 0x00007a39f2de5090] Compiler: jvmci, Barriers: 0, Oops: 0, ImmediateOops: 0, NonImmediateOops: No
[2,788s][debug][gc,director    ] Rule Major: Warmup 10%, Used: 460MB, UsedThreshold: 1228MB
[2,789s][debug][gc,nmethod     ] Register NMethod: java.lang.invoke.MethodType.equals (0x00007a39d4077c88) [0x00007a39d4077d80, 0x00007a39d4078010] Compiler: c1, Barriers: 4, Oops: 0, ImmediateOops: 0, NonImmediateOops: No
[2,790s][debug][gc,nmethod     ] Register NMethod: java.lang.invoke.MethodHandle.linkToStatic (0x00007a39f2de5108) [0x00007a39f2de5200, 0x00007a39f2de52f0] Compiler: , Barriers: 0, Oops: 0, ImmediateOops: 0, NonImmediateOops: No
[2,790s][debug][gc,nmethod     ] Register NMethod: java.lang.invoke.MethodHandle.invokeBasic (0x00007a39f2de5408) [0x00007a39f2de5500, 0x00007a39f2de5798] Compiler: , Barriers: 0, Oops: 0, ImmediateOops: 0, NonImmediateOops: No
[2,790s][debug][gc,nmethod     ] Register NMethod: java.lang.invoke.MethodHandle.linkToSpecial (0x00007a39f2de5808) [0x00007a39f2de5900, 0x00007a39f2de59f8] Compiler: , Barriers: 0, Oops: 0, ImmediateOops: 0, NonImmediateOops: No
[2,791s][debug][gc,nmethod     ] Register NMethod: jdk.internal.classfile.impl.AbstractPoolEntry$ClassEntryImpl.hashCode (0x00007a39f2de5b08) [0x00007a39f2de5c00, 0x00007a39f2de6158] Compiler: jvmci, Barriers: 7, Oops: 0, ImmediateOops: 2, NonImmediateOops: No
[2,791s][debug][gc,nmethod     ] Register NMethod: java.lang.invoke.LambdaForm$Name.internArguments (0x00007a39d4078088) [0x00007a39d4078180, 0x00007a39d4078da8] Compiler: c1, Barriers: 6, Oops: 0, ImmediateOops: 0, NonImmediateOops: No
[2,791s][debug][gc,nmethod     ] Register NMethod: java.lang.invoke.InvokerBytecodeGenerator.assertStaticType (0x00007a39d4078e08) [0x00007a39d4078f00, 0x00007a39d4079a98] Compiler: c1, Barriers: 6, Oops: 0, ImmediateOops: 0, NonImmediateOops: No
[2,791s][debug][gc,nmethod     ] Register NMethod: java.lang.invoke.MethodHandle.invokeBasic (0x00007a39f2de6188) [0x00007a39f2de6280, 0x00007a39f2de6518] Compiler: , Barriers: 0, Oops: 0, ImmediateOops: 0, NonImmediateOops: No
[2,792s][debug][gc,nmethod     ] Register NMethod: java.io.FileDescriptor.valid (0x00007a39d4079b08) [0x00007a39d4079c00, 0x00007a39d4079d88] Compiler: c1, Barriers: 0, Oops: 0, ImmediateOops: 0, NonImmediateOops: No
[2,793s][debug][gc,nmethod     ] Register NMethod: sun.nio.fs.Util.followLinks (0x00007a39d4079e08) [0x00007a39d4079f00, 0x00007a39d407a2e8] Compiler: c1, Barriers: 1, Oops: 0, ImmediateOops: 2, NonImmediateOops: No
[2,794s][debug][gc,nmethod     ] Register NMethod: sun.nio.ch.UnixFileDispatcherImpl.size0 (0x00007a39f2de6588) [0x00007a39f2de6680, 0x00007a39f2de67e8] Compiler: , Barriers: 0, Oops: 0, ImmediateOops: 1, NonImmediateOops: No
[2,794s][debug][gc,nmethod     ] Register NMethod: io.sirix.access.trx.node.AbstractResourceSession.getResourceConfig (0x00007a39f2de6888) [0x00007a39f2de6980, 0x00007a39f2de6a68] Compiler: jvmci, Barriers: 1, Oops: 1, ImmediateOops: 0, NonImmediateOops: No
[2,794s][debug][gc,nmethod     ] Register NMethod: java.util.concurrent.locks.ReentrantLock.lock (0x00007a39d407a308) [0x00007a39d407a400, 0x00007a39d407abd0] Compiler: c1, Barriers: 1, Oops: 0, ImmediateOops: 0, NonImmediateOops: No
[2,795s][debug][gc,nmethod     ] Register NMethod: org.magicwerk.brownies.collections.IList$Iter.hasNext (0x00007a39d407ac08) [0x00007a39d407ad00, 0x00007a39d407b110] Compiler: c1, Barriers: 1, Oops: 1, ImmediateOops: 0, NonImmediateOops: No
[2,795s][debug][gc,nmethod     ] Register NMethod: java.lang.Thread.blockedOn (0x00007a39d407b188) [0x00007a39d407b280, 0x00007a39d407b5b8] Compiler: c1, Barriers: 4, Oops: 0, ImmediateOops: 0, NonImmediateOops: No
[2,795s][debug][gc,nmethod     ] Register NMethod: java.lang.System$1.blockedOn (0x00007a39d407b608) [0x00007a39d407b700, 0x00007a39d407ba58] Compiler: c1, Barriers: 1, Oops: 0, ImmediateOops: 0, NonImmediateOops: No
[2,795s][debug][gc,nmethod     ] Register NMethod: java.nio.channels.spi.AbstractInterruptibleChannel.blockedOn (0x00007a39d407ba88) [0x00007a39d407bb80, 0x00007a39d407bfe8] Compiler: c1, Barriers: 2, Oops: 0, ImmediateOops: 1, NonImmediateOops: No
[2,795s][debug][gc,nmethod     ] Register NMethod: io.sirix.page.PageReference.setDatabaseId (0x00007a39d407c008) [0x00007a39d407c100, 0x00007a39d407c210] Compiler: c1, Barriers: 0, Oops: 1, ImmediateOops: 0, NonImmediateOops: No
[2,795s][debug][gc,nmethod     ] Register NMethod: io.sirix.page.PageReference.setResourceId (0x00007a39d407c308) [0x00007a39d407c400, 0x00007a39d407c510] Compiler: c1, Barriers: 0, Oops: 1, ImmediateOops: 0, NonImmediateOops: No
[2,795s][debug][gc,nmethod     ] Register NMethod: java.util.Collections.emptyIterator (0x00007a39d407c608) [0x00007a39d407c700, 0x00007a39d407c7e8] Compiler: c1, Barriers: 0, Oops: 0, ImmediateOops: 1, NonImmediateOops: No
[2,796s][debug][gc,nmethod     ] Register NMethod: com.github.benmanes.caffeine.cache.BoundedLocalCache.refreshAfterWrite (0x00007a39f2de6b88) [0x00007a39f2de6c80, 0x00007a39f2de6d40] Compiler: c1, Barriers: 0, Oops: 1, ImmediateOops: 0, NonImmediateOops: No
[2,796s][debug][gc,nmethod     ] Register NMethod: com.github.benmanes.caffeine.cache.BoundedLocalCache.expiry (0x00007a39f2de6e88) [0x00007a39f2de6f80, 0x00007a39f2de7048] Compiler: c1, Barriers: 0, Oops: 1, ImmediateOops: 0, NonImmediateOops: No
[2,796s][debug][gc,nmethod     ] Register NMethod: org.magicwerk.brownies.collections.IList$Iter.next (0x00007a39d407c908) [0x00007a39d407ca00, 0x00007a39d407d1f8] Compiler: c1, Barriers: 2, Oops: 1, ImmediateOops: 0, NonImmediateOops: No
[2,796s][debug][gc,nmethod     ] Register NMethod: jdk.internal.classfile.impl.SplitConstantPool.classEntryForClassOrInterface (0x00007a39f2de7188) [0x00007a39f2de7280, 0x00007a39f2de7be8] Compiler: jvmci, Barriers: 21, Oops: 0, ImmediateOops: 1, NonImmediateOops: No
[2,797s][debug][gc,nmethod     ] Register NMethod: io.sirix.page.PageReference.<init> (0x00007a39d407d208) [0x00007a39d407d300, 0x00007a39d407d750] Compiler: c1, Barriers: 6, Oops: 1, ImmediateOops: 1, NonImmediateOops: No
[2,797s][debug][gc,nmethod     ] Register NMethod: java.lang.invoke.MethodHandle.invokeBasic (0x00007a39f2de7c08) [0x00007a39f2de7d00, 0x00007a39f2de7f98] Compiler: , Barriers: 0, Oops: 0, ImmediateOops: 0, NonImmediateOops: No
[2,797s][debug][gc,nmethod     ] Register NMethod: java.lang.invoke.VarHandleGuards.guard_LJJ_Z (0x00007a39d407d788) [0x00007a39d407d880, 0x00007a39d4080760] Compiler: c1, Barriers: 28, Oops: 0, ImmediateOops: 2, NonImmediateOops: No
[2,797s][debug][gc,nmethod     ] Register NMethod: com.github.benmanes.caffeine.cache.PSMW.getWeight (0x00007a39f2de8008) [0x00007a39f2de8100, 0x00007a39f2de81c0] Compiler: c1, Barriers: 0, Oops: 1, ImmediateOops: 0, NonImmediateOops: No
[2,798s][debug][gc,nmethod     ] Register NMethod: sun.nio.fs.NativeBuffers.copyCStringToNativeBuffer (0x00007a39d4080788) [0x00007a39d4080880, 0x00007a39d4080e40] Compiler: c1, Barriers: 0, Oops: 1, ImmediateOops: 1, NonImmediateOops: No
[2,798s][debug][gc,nmethod     ] Register NMethod: jdk.internal.classfile.impl.SplitConstantPool.tryFindClassOrInterface (0x00007a39f2de8308) [0x00007a39f2de8420, 0x00007a39f2de8d78] Compiler: jvmci, Barriers: 13, Oops: 0, ImmediateOops: 0, NonImmediateOops: No
[2,798s][debug][gc,director    ] Rule Major: Warmup 10%, Used: 462MB, UsedThreshold: 1228MB
[2,799s][debug][gc,nmethod     ] Register NMethod: io.sirix.page.SerializationType.readHash (0x00007a39d4080e88) [0x00007a39d4080f80, 0x00007a39d40814e8] Compiler: c1, Barriers: 3, Oops: 1, ImmediateOops: 0, NonImmediateOops: No
[2,799s][debug][gc,nmethod     ] Register NMethod: io.sirix.page.SerializationType.readPageFragments (0x00007a39d4081508) [0x00007a39d4081600, 0x00007a39d4082200] Compiler: c1, Barriers: 1, Oops: 1, ImmediateOops: 0, NonImmediateOops: No
[2,799s][debug][gc,nmethod     ] Register NMethod: org.magicwerk.brownies.collections.GapList.add (0x00007a39d4082288) [0x00007a39d4082380, 0x00007a39d4082898] Compiler: c1, Barriers: 0, Oops: 1, ImmediateOops: 0, NonImmediateOops: No
[2,799s][debug][gc,nmethod     ] Register NMethod: org.magicwerk.brownies.collections.GapList.doEnsureCapacity (0x00007a39d4082908) [0x00007a39d4082a00, 0x00007a39d40832a8] Compiler: c1, Barriers: 6, Oops: 1, ImmediateOops: 0, NonImmediateOops: No
[2,799s][debug][gc,nmethod     ] Register NMethod: java.lang.invoke.VarHandleReferences$Array.getVolatile (0x00007a39d4083308) [0x00007a39d4083400, 0x00007a39d4083f68] Compiler: c1, Barriers: 2, Oops: 2, ImmediateOops: 1, NonImmediateOops: No
[2,799s][debug][gc,nmethod     ] Register NMethod: org.magicwerk.brownies.collections.IList.checkIndexAdd (0x00007a39d4083f88) [0x00007a39d4084080, 0x00007a39d4085888] Compiler: c1, Barriers: 0, Oops: 4, ImmediateOops: 4, NonImmediateOops: No
[2,799s][debug][gc,nmethod     ] Register NMethod: com.github.benmanes.caffeine.cache.SSLSMW.weightedSize (0x00007a39f2de8d88) [0x00007a39f2de8e80, 0x00007a39f2de8f40] Compiler: c1, Barriers: 0, Oops: 1, ImmediateOops: 0, NonImmediateOops: No
[2,799s][debug][gc,nmethod     ] Register NMethod: com.github.benmanes.caffeine.cache.BaseMpscLinkedArrayQueue.lvElement (0x00007a39d4085908) [0x00007a39d4085a00, 0x00007a39d4086bc8] Compiler: c1, Barriers: 1, Oops: 8, ImmediateOops: 9, NonImmediateOops: No
[2,800s][debug][gc,nmethod     ] Register NMethod: java.nio.Buffer.checkSession (0x00007a39d4086c88) [0x00007a39d4086d80, 0x00007a39d4088140] Compiler: c1, Barriers: 5, Oops: 0, ImmediateOops: 2, NonImmediateOops: No
[2,800s][debug][gc,nmethod     ] Register NMethod: java.nio.ByteBuffer.put (0x00007a39d4088188) [0x00007a39d4088280, 0x00007a39d4088590] Compiler: c1, Barriers: 0, Oops: 0, ImmediateOops: 0, NonImmediateOops: No
[2,800s][debug][gc,nmethod     ] Register NMethod: java.lang.invoke.VarHandleGuards.guard_LI_L (0x00007a39d4088608) [0x00007a39d4088700, 0x00007a39d408bb98] Compiler: c1, Barriers: 29, Oops: 0, ImmediateOops: 2, NonImmediateOops: No
[2,800s][debug][gc,nmethod     ] Register NMethod: org.magicwerk.brownies.collections.GapList.doAdd (0x00007a39d408bc08) [0x00007a39d408bd00, 0x00007a39d408dcc0] Compiler: c1, Barriers: 13, Oops: 1, ImmediateOops: 0, NonImmediateOops: No
[2,800s][debug][gc,nmethod     ] Register NMethod: java.nio.HeapByteBuffer.put (0x00007a39d408dd08) [0x00007a39d408de00, 0x00007a39d408fdd0] Compiler: c1, Barriers: 6, Oops: 0, ImmediateOops: 2, NonImmediateOops: No
[2,801s][debug][gc,nmethod     ] Register NMethod: io.sirix.node.NodeSerializerImpl.deserializeDeweyID (0x00007a39d408fe08) [0x00007a39d408ff00, 0x00007a39d4090eb8] Compiler: c1, Barriers: 0, Oops: 1, ImmediateOops: 0, NonImmediateOops: No
[2,801s][debug][gc,nmethod     ] Register NMethod: java.nio.Buffer.session (0x00007a39f2de9088) [0x00007a39f2de9180, 0x00007a39f2de92d8] Compiler: jvmci, Barriers: 2, Oops: 0, ImmediateOops: 0, NonImmediateOops: No
[2,801s][debug][gc,nmethod     ] Register NMethod: java.nio.HeapByteBuffer.ix (0x00007a39f2de9388) [0x00007a39f2de9480, 0x00007a39f2de9508] Compiler: jvmci, Barriers: 0, Oops: 0, ImmediateOops: 0, NonImmediateOops: No
[2,801s][debug][gc,nmethod     ] Register NMethod: java.nio.ByteBuffer.position (0x00007a39f2de9688) [0x00007a39f2de9780, 0x00007a39f2de9860] Compiler: jvmci, Barriers: 0, Oops: 0, ImmediateOops: 0, NonImmediateOops: No
[2,801s][debug][gc,nmethod     ] Register NMethod: java.lang.foreign.MemorySegment.copy (0x00007a39f2de9988) [0x00007a39f2de9a80, 0x00007a39f2dea418] Compiler: jvmci, Barriers: 6, Oops: 1, ImmediateOops: 0, NonImmediateOops: No
[2,803s][debug][gc,nmethod     ] Register NMethod: java.lang.invoke.MethodHandle.invokeBasic (0x00007a39f2dea488) [0x00007a39f2dea580, 0x00007a39f2dea818] Compiler: , Barriers: 0, Oops: 0, ImmediateOops: 0, NonImmediateOops: No
[2,804s][debug][gc,nmethod     ] Register NMethod: java.io.FileDescriptor.close0 (0x00007a39f2dea888) [0x00007a39f2dea980, 0x00007a39f2deaac8] Compiler: , Barriers: 0, Oops: 0, ImmediateOops: 0, NonImmediateOops: No
[2,804s][debug][gc,nmethod     ] Register NMethod: java.lang.invoke.VarHandleGuards.guard_LIL_V (0x00007a39d4090f08) [0x00007a39d4091000, 0x00007a39d4095bc8] Compiler: c1, Barriers: 46, Oops: 1, ImmediateOops: 6, NonImmediateOops: No
[2,807s][debug][gc,nmethod     ] Register NMethod: io.sirix.node.MemorySegmentBytesIn.readInt (0x00007a39f2deab88) [0x00007a39f2deac80, 0x00007a39f2deb098] Compiler: jvmci, Barriers: 4, Oops: 3, ImmediateOops: 0, NonImmediateOops: No
[2,808s][debug][gc,director    ] Rule Major: Warmup 10%, Used: 462MB, UsedThreshold: 1228MB
[2,808s][debug][gc,nmethod     ] Register NMethod: java.util.regex.Pattern.next (0x00007a39d4095c08) [0x00007a39d4095d00, 0x00007a39d4095f80] Compiler: c1, Barriers: 1, Oops: 0, ImmediateOops: 0, NonImmediateOops: No
[2,809s][debug][gc,nmethod     ] Register NMethod: io.sirix.node.NodeKind$1.serialize (0x00007a39f2deb108) [0x00007a39f2deb200, 0x00007a39f2df2d18] Compiler: jvmci, Barriers: 159, Oops: 17, ImmediateOops: 1, NonImmediateOops: No
[2,809s][debug][gc,nmethod     ] Register NMethod: java.lang.classfile.CodeBuilder.getfield (0x00007a39d4095f88) [0x00007a39d4096080, 0x00007a39d4096390] Compiler: c1, Barriers: 0, Oops: 0, ImmediateOops: 1, NonImmediateOops: No
[2,809s][debug][gc,nmethod     ] Register NMethod: java.util.regex.Pattern$Node.<init> (0x00007a39d4096408) [0x00007a39d4096500, 0x00007a39d40966e0] Compiler: c1, Barriers: 3, Oops: 0, ImmediateOops: 1, NonImmediateOops: No
[2,810s][debug][gc,nmethod     ] Register NMethod: java.lang.StringUTF16.codePointAt (0x00007a39d4096708) [0x00007a39d4096800, 0x00007a39d4096ee8] Compiler: c1, Barriers: 0, Oops: 1, ImmediateOops: 2, NonImmediateOops: No
[2,811s][debug][gc,nmethod     ] Register NMethod: jdk.internal.constant.ConstantUtils.dropFirstAndLastChar (0x00007a39d4096f08) [0x00007a39d4097000, 0x00007a39d4097780] Compiler: c1, Barriers: 1, Oops: 0, ImmediateOops: 0, NonImmediateOops: No
[2,813s][debug][gc,nmethod     ] Register NMethod: java.lang.System.getProperty (0x00007a39d4097788) [0x00007a39d4097880, 0x00007a39d40980a0] Compiler: c1, Barriers: 2, Oops: 0, ImmediateOops: 3, NonImmediateOops: No
[2,817s][debug][gc,nmethod     ] Register NMethod: io.sirix.page.KeyValueLeafPage.resizeMemorySegment (0x00007a39f2df2e08) [0x00007a39f2df2f00, 0x00007a39f2df3858] Compiler: jvmci, Barriers: 6, Oops: 3, ImmediateOops: 0, NonImmediateOops: No
[2,817s][debug][gc,nmethod     ] Register NMethod: io.brackit.query.function.AbstractFunction.getName (0x00007a39f2df3888) [0x00007a39f2df3980, 0x00007a39f2df3a68] Compiler: c1, Barriers: 1, Oops: 1, ImmediateOops: 0, NonImmediateOops: No
[2,817s][debug][gc,nmethod     ] Register NMethod: io.brackit.query.jdm.type.SequenceType.<init> (0x00007a39d4098108) [0x00007a39d4098200, 0x00007a39d4098448] Compiler: c1, Barriers: 6, Oops: 1, ImmediateOops: 0, NonImmediateOops: No
[2,818s][debug][gc,nmethod     ] Register NMethod: jdk.internal.foreign.SegmentBulkOperations.copy (0x00007a39f2df3b88) [0x00007a39f2df3c80, 0x00007a39f2df4e00] Compiler: jvmci, Barriers: 27, Oops: 1, ImmediateOops: 0, NonImmediateOops: No
[2,818s][debug][gc,director    ] Rule Major: Warmup 10%, Used: 464MB, UsedThreshold: 1228MB
[2,819s][debug][gc,nmethod     ] Register NMethod: io.brackit.query.jdm.AbstractItem.<init> (0x00007a39f2df4e88) [0x00007a39f2df4f80, 0x00007a39f2df5000] Compiler: jvmci, Barriers: 0, Oops: 1, ImmediateOops: 0, NonImmediateOops: No
[2,828s][debug][gc,nmethod     ] Register NMethod: io.brackit.query.function.AbstractFunction.<init> (0x00007a39d4098488) [0x00007a39d4098580, 0x00007a39d4098890] Compiler: c1, Barriers: 6, Oops: 1, ImmediateOops: 0, NonImmediateOops: No
[2,828s][debug][gc,director    ] Rule Major: Warmup 10%, Used: 464MB, UsedThreshold: 1228MB
[2,829s][debug][gc,nmethod     ] Register NMethod: io.brackit.query.module.Functions.predefine (0x00007a39d4098908) [0x00007a39d4098a00, 0x00007a39d409a190] Compiler: c1, Barriers: 10, Oops: 3, ImmediateOops: 3, NonImmediateOops: No
[2,830s][debug][gc,nmethod     ] Register NMethod: io.brackit.query.jdm.Signature.<init> (0x00007a39d409a208) [0x00007a39d409a300, 0x00007a39d409a5d0] Compiler: c1, Barriers: 9, Oops: 1, ImmediateOops: 0, NonImmediateOops: No
[2,831s][debug][gc,nmethod     ] Register NMethod: jdk.internal.loader.URLClassPath$FileLoader.getResource (0x00007a39f2df5188) [0x00007a39f2df5280, 0x00007a39f2df6098] Compiler: jvmci, Barriers: 15, Oops: 1, ImmediateOops: 3, NonImmediateOops: No
[2,832s][debug][gc,nmethod     ] Register NMethod: java.lang.String.indexOf (0x00007a39f2df6108) [0x00007a39f2df6200, 0x00007a39f2df65a8] Compiler: jvmci, Barriers: 1, Oops: 0, ImmediateOops: 0, NonImmediateOops: No
[2,834s][debug][gc,nmethod     ] Register NMethod: java.io.FileDescriptor.attach (0x00007a39d409a608) [0x00007a39d409a700, 0x00007a39d409b6f0] Compiler: c1, Barriers: 16, Oops: 0, ImmediateOops: 1, NonImmediateOops: No
[2,834s][debug][gc,nmethod     ] Register NMethod: java.lang.String.getBytes (0x00007a39f2df6608) [0x00007a39f2df6700, 0x00007a39f2df6aa0] Compiler: jvmci, Barriers: 1, Oops: 0, ImmediateOops: 0, NonImmediateOops: No
[2,835s][debug][gc,nmethod     ] Register NMethod: java.io.FileDescriptor$1.getHandle (0x00007a39d409b708) [0x00007a39d409b800, 0x00007a39d409b908] Compiler: c1, Barriers: 0, Oops: 0, ImmediateOops: 0, NonImmediateOops: No
[2,835s][debug][gc,nmethod     ] Register NMethod: java.io.FileDescriptor$1.get (0x00007a39d409ba08) [0x00007a39d409bb00, 0x00007a39d409bc08] Compiler: c1, Barriers: 0, Oops: 0, ImmediateOops: 0, NonImmediateOops: No
[2,835s][debug][gc,nmethod     ] Register NMethod: java.io.FileCleanable.register (0x00007a39d409bd08) [0x00007a39d409be00, 0x00007a39d409cb68] Compiler: c1, Barriers: 4, Oops: 2, ImmediateOops: 2, NonImmediateOops: No
[2,838s][debug][gc,nmethod     ] Register NMethod: java.io.FileInputStream.open0 (0x00007a39f2df6b08) [0x00007a39f2df6c00, 0x00007a39f2df6d58] Compiler: , Barriers: 0, Oops: 0, ImmediateOops: 0, NonImmediateOops: No
[2,839s][debug][gc,director    ] Rule Major: Warmup 10%, Used: 464MB, UsedThreshold: 1228MB
[2,844s][debug][gc,nmethod     ] Register NMethod: io.sirix.page.KeyValueLeafPage.setData (0x00007a39f2df6e08) [0x00007a39f2df6f00, 0x00007a39f2dfa500] Compiler: jvmci, Barriers: 50, Oops: 4, ImmediateOops: 5, NonImmediateOops: No
[2,848s][debug][gc,nmethod     ] Register NMethod: java.lang.classfile.CodeBuilder.loadConstant (0x00007a39d409cb88) [0x00007a39d409cc80, 0x00007a39d409e940] Compiler: c1, Barriers: 0, Oops: 0, ImmediateOops: 0, NonImmediateOops: No
[2,849s][debug][gc,director    ] Rule Major: Warmup 10%, Used: 466MB, UsedThreshold: 1228MB
[2,849s][debug][gc,nmethod     ] Register NMethod: io.brackit.query.compiler.parser.Tokenizer.ws (0x00007a39d409e988) [0x00007a39d409ea80, 0x00007a39d409eed8] Compiler: c1, Barriers: 1, Oops: 1, ImmediateOops: 0, NonImmediateOops: No
[2,849s][debug][gc,nmethod     ] Register NMethod: io.brackit.query.compiler.parser.Tokenizer.laSkipWS (0x00007a39d409ef08) [0x00007a39d409f000, 0x00007a39d40a01c8] Compiler: c1, Barriers: 7, Oops: 2, ImmediateOops: 2, NonImmediateOops: No
[2,851s][debug][gc,nmethod     ] Register NMethod: java.util.concurrent.ConcurrentHashMap.containsKey (0x00007a39d40a0208) [0x00007a39d40a0300, 0x00007a39d40a0480] Compiler: c1, Barriers: 0, Oops: 0, ImmediateOops: 0, NonImmediateOops: No
[2,853s][debug][gc,nmethod     ] Register NMethod: io.brackit.query.compiler.AST.getType (0x00007a39f2dfa588) [0x00007a39f2dfa680, 0x00007a39f2dfa740] Compiler: c1, Barriers: 0, Oops: 1, ImmediateOops: 0, NonImmediateOops: No
[2,853s][debug][gc,nmethod     ] Register NMethod: java.lang.ClassLoader.getClassLoadingLock (0x00007a39f2dfa888) [0x00007a39f2dfa980, 0x00007a39f2dfbad8] Compiler: jvmci, Barriers: 34, Oops: 1, ImmediateOops: 0, NonImmediateOops: No
[2,854s][debug][gc,nmethod     ] Register NMethod: io.brackit.query.compiler.AST.getChildCount (0x00007a39d40a0508) [0x00007a39d40a0600, 0x00007a39d40a07a0] Compiler: c1, Barriers: 1, Oops: 1, ImmediateOops: 0, NonImmediateOops: No
[2,856s][debug][gc,nmethod     ] Register NMethod: io.brackit.query.compiler.AST.getChild (0x00007a39d40a0808) [0x00007a39d40a0900, 0x00007a39d40a1f30] Compiler: c1, Barriers: 13, Oops: 2, ImmediateOops: 3, NonImmediateOops: No
[2,857s][debug][gc,nmethod     ] Register NMethod: io.brackit.query.compiler.optimizer.walker.Walker.walkInternal (0x00007a39d40a1f88) [0x00007a39d40a2080, 0x00007a39d40a2da8] Compiler: c1, Barriers: 2, Oops: 1, ImmediateOops: 0, NonImmediateOops: No
[2,859s][debug][gc,nmethod     ] Register NMethod: io.sirix.page.PageKind$1.serializePage (0x00007a39f2dfbb08) [0x00007a39f2dfbc00, 0x00007a39f2e02c20] Compiler: jvmci, Barriers: 141, Oops: 12, ImmediateOops: 5, NonImmediateOops: No
[2,859s][debug][gc,director    ] Rule Major: Warmup 10%, Used: 466MB, UsedThreshold: 1228MB
[2,859s][debug][gc,nmethod     ] Register NMethod: io.brackit.query.compiler.optimizer.walker.topdown.ScopeWalker.walkInspect (0x00007a39d40a2e08) [0x00007a39d40a2f00, 0x00007a39d40a32c8] Compiler: c1, Barriers: 1, Oops: 1, ImmediateOops: 0, NonImmediateOops: No
[2,859s][debug][gc,nmethod     ] Register NMethod: java.io.UnixFileSystem.getLength0 (0x00007a39f2e02c88) [0x00007a39f2e02d80, 0x00007a39f2e02ee8] Compiler: , Barriers: 0, Oops: 0, ImmediateOops: 0, NonImmediateOops: No
[2,859s][debug][gc,nmethod     ] Register NMethod: jdk.internal.loader.Resource.getManifest (0x00007a39f2e02f88) [0x00007a39f2e03080, 0x00007a39f2e03148] Compiler: c1, Barriers: 0, Oops: 0, ImmediateOops: 0, NonImmediateOops: No
[2,859s][debug][gc,nmethod     ] Register NMethod: jdk.internal.loader.Resource.getCodeSigners (0x00007a39f2e03288) [0x00007a39f2e03380, 0x00007a39f2e03448] Compiler: c1, Barriers: 0, Oops: 0, ImmediateOops: 0, NonImmediateOops: No
[2,859s][debug][gc,nmethod     ] Register NMethod: io.brackit.query.compiler.optimizer.walker.topdown.ScopeWalker.inspect (0x00007a39d40a3308) [0x00007a39d40a3400, 0x00007a39d40a4600] Compiler: c1, Barriers: 12, Oops: 1, ImmediateOops: 0, NonImmediateOops: No
[2,865s][debug][gc,nmethod     ] Register NMethod: java.lang.AbstractStringBuilder.newCapacity (0x00007a39f2e03588) [0x00007a39f2e03680, 0x00007a39f2e03770] Compiler: jvmci, Barriers: 0, Oops: 0, ImmediateOops: 0, NonImmediateOops: No
[2,868s][debug][gc,nmethod     ] Register NMethod: java.net.URLStreamHandler.parseURL (0x00007a39f2e03888) [0x00007a39f2e03980, 0x00007a39f2e06560] Compiler: jvmci, Barriers: 55, Oops: 2, ImmediateOops: 4, NonImmediateOops: No
[2,868s][debug][gc,nmethod     ] Register NMethod: java.util.logging.Level.intValue (0x00007a39f2e06588) [0x00007a39f2e06680, 0x00007a39f2e06740] Compiler: c1, Barriers: 0, Oops: 0, ImmediateOops: 0, NonImmediateOops: No
[2,868s][debug][gc,nmethod     ] Register NMethod: java.lang.AbstractStringBuilder.ensureCapacityNewCoder (0x00007a39f2e06888) [0x00007a39f2e06980, 0x00007a39f2e06f38] Compiler: jvmci, Barriers: 0, Oops: 0, ImmediateOops: 0, NonImmediateOops: No
[2,869s][debug][gc,director    ] Rule Major: Warmup 10%, Used: 468MB, UsedThreshold: 1228MB
[2,873s][debug][gc,nmethod     ] Register NMethod: java.util.zip.Inflater.needsInput (0x00007a39f2e06f88) [0x00007a39f2e07080, 0x00007a39f2e07348] Compiler: jvmci, Barriers: 2, Oops: 0, ImmediateOops: 0, NonImmediateOops: No
[2,874s][debug][gc,nmethod     ] Register NMethod: java.lang.invoke.VarHandleReferences$Array.runtimeTypeCheck (0x00007a39d40a4688) [0x00007a39d40a4780, 0x00007a39d40a5b50] Compiler: c1, Barriers: 5, Oops: 0, ImmediateOops: 0, NonImmediateOops: No
[2,874s][debug][gc,nmethod     ] Register NMethod: java.lang.invoke.VarHandleReferences$Array.setRelease (0x00007a39d40a5b88) [0x00007a39d40a5c80, 0x00007a39d40a7ce8] Compiler: c1, Barriers: 5, Oops: 2, ImmediateOops: 2, NonImmediateOops: No
[2,874s][debug][gc,nmethod     ] Register NMethod: com.github.benmanes.caffeine.cache.BoundedLocalCache.pacer (0x00007a39f2e07388) [0x00007a39f2e07480, 0x00007a39f2e07548] Compiler: c1, Barriers: 0, Oops: 1, ImmediateOops: 0, NonImmediateOops: No
[2,874s][debug][gc,nmethod     ] Register NMethod: com.github.benmanes.caffeine.cache.BoundedLocalCache.collectKeys (0x00007a39f2e07688) [0x00007a39f2e07780, 0x00007a39f2e07840] Compiler: c1, Barriers: 0, Oops: 1, ImmediateOops: 0, NonImmediateOops: No
[2,874s][debug][gc,nmethod     ] Register NMethod: java.util.concurrent.ForkJoinPool.compareAndSetCtl (0x00007a39d40a7d08) [0x00007a39d40a7e00, 0x00007a39d40a7f20] Compiler: c1, Barriers: 0, Oops: 0, ImmediateOops: 0, NonImmediateOops: No
[2,875s][debug][gc,nmethod     ] Register NMethod: com.github.benmanes.caffeine.cache.PS.getKeyReference (0x00007a39d40a8008) [0x00007a39d40a8100, 0x00007a39d40a92d8] Compiler: c1, Barriers: 1, Oops: 7, ImmediateOops: 8, NonImmediateOops: No
[2,875s][debug][gc,nmethod     ] Register NMethod: com.github.benmanes.caffeine.cache.BaseMpscLinkedArrayQueue.lvProducerIndex (0x00007a39d40a9388) [0x00007a39d40a9480, 0x00007a39d40aa188] Compiler: c1, Barriers: 0, Oops: 6, ImmediateOops: 5, NonImmediateOops: No
[2,875s][debug][gc,nmethod     ] Register NMethod: io.sirix.access.trx.node.AbstractNodeReadOnlyTrx.moveTo (0x00007a39d40aa208) [0x00007a39d40aa300, 0x00007a39d40abe68] Compiler: c1, Barriers: 11, Oops: 1, ImmediateOops: 4, NonImmediateOops: No
[2,875s][debug][gc,nmethod     ] Register NMethod: io.sirix.axis.AbstractAxis.hasNext (0x00007a39d40abe88) [0x00007a39d40abf80, 0x00007a39d40aca48] Compiler: c1, Barriers: 2, Oops: 1, ImmediateOops: 1, NonImmediateOops: No
[2,875s][debug][gc,nmethod     ] Register NMethod: java.lang.invoke.VarHandleGuards.guard_LI_V (0x00007a39d40aca88) [0x00007a39d40acb80, 0x00007a39d40b1728] Compiler: c1, Barriers: 46, Oops: 1, ImmediateOops: 6, NonImmediateOops: No
[2,877s][debug][gc,nmethod     ] Register NMethod: io.sirix.access.trx.node.AbstractNodeReadOnlyTrx.getNodeKey (0x00007a39d40b1788) [0x00007a39d40b1880, 0x00007a39d40b1ee8] Compiler: c1, Barriers: 1, Oops: 1, ImmediateOops: 1, NonImmediateOops: No
[2,877s][debug][gc,nmethod     ] Register NMethod: io.sirix.node.MemorySegmentBytesIn.readByte (0x00007a39f2e07988) [0x00007a39f2e07a80, 0x00007a39f2e07df8] Compiler: jvmci, Barriers: 4, Oops: 2, ImmediateOops: 0, NonImmediateOops: No
[2,879s][debug][gc,director    ] Rule Major: Warmup 10%, Used: 470MB, UsedThreshold: 1228MB
[2,879s][debug][gc,nmethod     ] Register NMethod: io.sirix.access.trx.node.AbstractNodeReadOnlyTrx.hasRightSibling (0x00007a39d40b1f08) [0x00007a39d40b2000, 0x00007a39d40b2820] Compiler: c1, Barriers: 0, Oops: 1, ImmediateOops: 1, NonImmediateOops: No
[2,880s][debug][gc,nmethod     ] Register NMethod: io.sirix.axis.AbstractAxis.nextLong (0x00007a39d40b2888) [0x00007a39d40b2980, 0x00007a39d40b3410] Compiler: c1, Barriers: 5, Oops: 1, ImmediateOops: 1, NonImmediateOops: No
[2,880s][debug][gc,nmethod     ] Register NMethod: net.jpountz.lz4.LZ4BlockInputStream.tryReadFully (0x00007a39d40b3488) [0x00007a39d40b3580, 0x00007a39d40b3b00] Compiler: c1, Barriers: 1, Oops: 1, ImmediateOops: 0, NonImmediateOops: No
[2,881s][debug][gc,nmethod     ] Register NMethod: java.lang.Long.numberOfTrailingZeros (0x00007a39f2e07e88) [0x00007a39f2e07f80, 0x00007a39f2e08000] Compiler: jvmci, Barriers: 0, Oops: 0, ImmediateOops: 0, NonImmediateOops: No
[2,881s][debug][gc,nmethod     ] Register NMethod: java.util.concurrent.ForkJoinPool.signalWork (0x00007a39d40b3b88) [0x00007a39d40b3c80, 0x00007a39d40b4538] Compiler: c1, Barriers: 3, Oops: 0, ImmediateOops: 1, NonImmediateOops: No
[2,881s][debug][gc,nmethod     ] Register NMethod: com.github.benmanes.caffeine.cache.SSLMW.windowMaximum (0x00007a39f2e08188) [0x00007a39f2e08280, 0x00007a39f2e08340] Compiler: c1, Barriers: 0, Oops: 1, ImmediateOops: 0, NonImmediateOops: No
[2,881s][debug][gc,nmethod     ] Register NMethod: com.github.benmanes.caffeine.cache.PSMW.getNextInAccessOrder (0x00007a39f2e08488) [0x00007a39f2e08580, 0x00007a39f2e08668] Compiler: c1, Barriers: 1, Oops: 1, ImmediateOops: 0, NonImmediateOops: No
[2,881s][debug][gc,nmethod     ] Register NMethod: java.lang.Integer.numberOfTrailingZeros (0x00007a39f2e08788) [0x00007a39f2e08880, 0x00007a39f2e08980] Compiler: jvmci, Barriers: 0, Oops: 0, ImmediateOops: 0, NonImmediateOops: No
[2,881s][debug][gc,nmethod     ] Register NMethod: java.util.BitSet.nextSetBit (0x00007a39f2e08a88) [0x00007a39f2e08b80, 0x00007a39f2e08d00] Compiler: jvmci, Barriers: 1, Oops: 0, ImmediateOops: 0, NonImmediateOops: No
[2,882s][debug][gc,nmethod     ] Register NMethod: java.util.concurrent.ForkJoinPool$WorkQueue.push (0x00007a39d40b4588) [0x00007a39d40b4680, 0x00007a39d40b5328] Compiler: c1, Barriers: 9, Oops: 0, ImmediateOops: 1, NonImmediateOops: No
[2,882s][debug][gc,nmethod     ] Register NMethod: io.sirix.axis.AbstractAxis.<init> (0x00007a39d40b5388) [0x00007a39d40b5480, 0x00007a39d40b5ed0] Compiler: c1, Barriers: 9, Oops: 1, ImmediateOops: 2, NonImmediateOops: No
[2,882s][debug][gc,nmethod     ] Register NMethod: com.github.benmanes.caffeine.cache.BaseMpscLinkedArrayQueue.soElement (0x00007a39d40b5f08) [0x00007a39d40b6000, 0x00007a39d40b8108] Compiler: c1, Barriers: 3, Oops: 8, ImmediateOops: 11, NonImmediateOops: No
[2,882s][debug][gc,nmethod     ] Register NMethod: io.sirix.access.trx.node.AbstractNodeReadOnlyTrx.getKind (0x00007a39d40b8188) [0x00007a39d40b8280, 0x00007a39d40b88e8] Compiler: c1, Barriers: 1, Oops: 1, ImmediateOops: 1, NonImmediateOops: No
[2,882s][debug][gc,nmethod     ] Register NMethod: io.sirix.node.MemorySegmentBytesIn.position (0x00007a39f2e08d88) [0x00007a39f2e08e80, 0x00007a39f2e08f40] Compiler: c1, Barriers: 0, Oops: 1, ImmediateOops: 0, NonImmediateOops: No
[2,882s][debug][gc,nmethod     ] Register NMethod: io.sirix.access.trx.page.NodePageReadOnlyTrx.getMostRecentPage (0x00007a39d40b8908) [0x00007a39d40b8a00, 0x00007a39d40b9308] Compiler: c1, Barriers: 11, Oops: 1, ImmediateOops: 1, NonImmediateOops: No
[2,882s][debug][gc,nmethod     ] Register NMethod: java.util.ArrayList.<init> (0x00007a39f2e09088) [0x00007a39f2e09180, 0x00007a39f2e09278] Compiler: jvmci, Barriers: 3, Oops: 0, ImmediateOops: 1, NonImmediateOops: No
[2,883s][debug][gc,nmethod     ] Register NMethod: io.sirix.node.xml.TextNode.hasRightSibling (0x00007a39d40b9388) [0x00007a39d40b9480, 0x00007a39d40be8b8] Compiler: c1, Barriers: 19, Oops: 7, ImmediateOops: 12, NonImmediateOops: No
[2,883s][debug][gc,nmethod     ] Register NMethod: java.util.LinkedHashMap.<init> (0x00007a39d40be908) [0x00007a39d40bea00, 0x00007a39d40bec30] Compiler: c1, Barriers: 0, Oops: 0, ImmediateOops: 0, NonImmediateOops: No
[2,883s][debug][gc,nmethod     ] Register NMethod: com.github.benmanes.caffeine.cache.BaseMpscLinkedArrayQueue.poll (0x00007a39d40bec88) [0x00007a39d40bed80, 0x00007a39d40c4748] Compiler: c1, Barriers: 6, Oops: 16, ImmediateOops: 39, NonImmediateOops: No
[2,883s][debug][gc,nmethod     ] Register NMethod: com.github.benmanes.caffeine.cache.BaseMpscLinkedArrayQueue.lvProducerLimit (0x00007a39f2e09388) [0x00007a39f2e09480, 0x00007a39f2e09548] Compiler: c1, Barriers: 0, Oops: 1, ImmediateOops: 0, NonImmediateOops: No
[2,883s][debug][gc,nmethod     ] Register NMethod: java.nio.Buffer.remaining (0x00007a39f2e09688) [0x00007a39f2e09780, 0x00007a39f2e09818] Compiler: jvmci, Barriers: 0, Oops: 0, ImmediateOops: 0, NonImmediateOops: No
[2,884s][debug][gc,nmethod     ] Register NMethod: jdk.internal.misc.Unsafe.putIntRelease (0x00007a39d40c4808) [0x00007a39d40c4900, 0x00007a39d40c4a08] Compiler: c1, Barriers: 0, Oops: 0, ImmediateOops: 0, NonImmediateOops: No
[2,884s][debug][gc,nmethod     ] Register NMethod: io.sirix.cache.BufferManagerImpl.getRecordPageCache (0x00007a39f2e09988) [0x00007a39f2e09a80, 0x00007a39f2e09b68] Compiler: c1, Barriers: 1, Oops: 1, ImmediateOops: 0, NonImmediateOops: No
[2,884s][debug][gc,nmethod     ] Register NMethod: com.github.benmanes.caffeine.cache.BLCHeader$DrainStatusRef.setDrainStatusRelease (0x00007a39d40c4b08) [0x00007a39d40c4c00, 0x00007a39d40c5a60] Compiler: c1, Barriers: 0, Oops: 6, ImmediateOops: 6, NonImmediateOops: No
[2,884s][debug][gc,nmethod     ] Register NMethod: java.lang.invoke.VarHandleInts$FieldInstanceReadWrite.setRelease (0x00007a39d40c5b08) [0x00007a39d40c5c00, 0x00007a39d40c6800] Compiler: c1, Barriers: 1, Oops: 1, ImmediateOops: 1, NonImmediateOops: No
[2,884s][debug][gc,nmethod     ] Register NMethod: java.lang.invoke.MethodHandle.invokeBasic (0x00007a39f2e09c88) [0x00007a39f2e09d80, 0x00007a39f2e0a018] Compiler: , Barriers: 0, Oops: 0, ImmediateOops: 0, NonImmediateOops: No
[2,884s][debug][gc,nmethod     ] Register NMethod: java.util.concurrent.ForkJoinPool$WorkQueue.nextLocalTask (0x00007a39d40c6888) [0x00007a39d40c6980, 0x00007a39d40c79d8] Compiler: c1, Barriers: 9, Oops: 1, ImmediateOops: 1, NonImmediateOops: No
[2,884s][debug][gc,nmethod     ] Register NMethod: io.sirix.axis.AbstractAxis.asXmlNodeReadTrx (0x00007a39d40c7a08) [0x00007a39d40c7b00, 0x00007a39d40c8160] Compiler: c1, Barriers: 1, Oops: 1, ImmediateOops: 1, NonImmediateOops: No
[2,884s][debug][gc,nmethod     ] Register NMethod: io.sirix.node.MemorySegmentBytesIn.position (0x00007a39f2e0a088) [0x00007a39f2e0a180, 0x00007a39f2e0a240] Compiler: c1, Barriers: 0, Oops: 1, ImmediateOops: 0, NonImmediateOops: No
[2,884s][debug][gc,nmethod     ] Register NMethod: java.util.concurrent.ForkJoinPool.awaitWork (0x00007a39d40c8188) [0x00007a39d40c8280, 0x00007a39d40c8f90] Compiler: c1, Barriers: 2, Oops: 0, ImmediateOops: 1, NonImmediateOops: No
[2,885s][debug][gc,nmethod     ] Register NMethod: jdk.internal.misc.ScopedMemoryAccess.getLongUnaligned (0x00007a39f2e0a388) [0x00007a39f2e0a480, 0x00007a39f2e0a668] Compiler: jvmci, Barriers: 2, Oops: 0, ImmediateOops: 0, NonImmediateOops: No
[2,885s][debug][gc,nmethod     ] Register NMethod: io.sirix.node.SirixDeweyID.<init> (0x00007a39d40c9008) [0x00007a39d40c9100, 0x00007a39d40c9ca0] Compiler: c1, Barriers: 3, Oops: 1, ImmediateOops: 2, NonImmediateOops: No
[2,885s][debug][gc,nmethod     ] Register NMethod: io.sirix.axis.filter.FilterAxis.nextKey (0x00007a39d40c9d08) [0x00007a39d40c9e00, 0x00007a39d40cb410] Compiler: c1, Barriers: 3, Oops: 1, ImmediateOops: 1, NonImmediateOops: No
[2,885s][debug][gc,nmethod     ] Register NMethod: java.lang.invoke.VarHandleGuards.guard_LII_Z (0x00007a39d40cb488) [0x00007a39d40cb580, 0x00007a39d40ce458] Compiler: c1, Barriers: 28, Oops: 0, ImmediateOops: 2, NonImmediateOops: No
[2,886s][debug][gc,nmethod     ] Register NMethod: io.sirix.node.MemorySegmentBytesIn.read (0x00007a39f2e0a688) [0x00007a39f2e0a780, 0x00007a39f2e0ad90] Compiler: jvmci, Barriers: 4, Oops: 3, ImmediateOops: 0, NonImmediateOops: No
[2,886s][debug][gc,nmethod     ] Register NMethod: java.lang.invoke.VarHandleInts$FieldInstanceReadWrite.compareAndSet (0x00007a39d40ce488) [0x00007a39d40ce580, 0x00007a39d40cefb0] Compiler: c1, Barriers: 1, Oops: 1, ImmediateOops: 0, NonImmediateOops: No
[2,886s][debug][gc,nmethod     ] Register NMethod: io.sirix.node.MemorySegmentBytesIn.read (0x00007a39f2e0ae08) [0x00007a39f2e0af00, 0x00007a39f2e0b638] Compiler: jvmci, Barriers: 4, Oops: 3, ImmediateOops: 0, NonImmediateOops: No
[2,886s][debug][gc,nmethod     ] Register NMethod: java.util.concurrent.CopyOnWriteArrayList.size (0x00007a39d40cf008) [0x00007a39d40cf100, 0x00007a39d40cf408] Compiler: c1, Barriers: 1, Oops: 0, ImmediateOops: 0, NonImmediateOops: No
[2,886s][debug][gc,nmethod     ] Register NMethod: com.github.benmanes.caffeine.cache.BoundedLocalCache.valueReferenceQueue (0x00007a39f2e0b688) [0x00007a39f2e0b780, 0x00007a39f2e0b848] Compiler: c1, Barriers: 0, Oops: 1, ImmediateOops: 0, NonImmediateOops: No
[2,886s][debug][gc,nmethod     ] Register NMethod: com.github.benmanes.caffeine.cache.BLCHeader$DrainStatusRef.casDrainStatus (0x00007a39d40cf488) [0x00007a39d40cf580, 0x00007a39d40d01d0] Compiler: c1, Barriers: 0, Oops: 6, ImmediateOops: 5, NonImmediateOops: No
[2,887s][debug][gc,nmethod     ] Register NMethod: com.github.benmanes.caffeine.cache.BoundedLocalCache.isComputingAsync (0x00007a39d40d0208) [0x00007a39d40d0300, 0x00007a39d40d1aa0] Compiler: c1, Barriers: 1, Oops: 7, ImmediateOops: 8, NonImmediateOops: No
[2,887s][debug][gc,nmethod     ] Register NMethod: io.sirix.query.node.XmlDBNode.<init> (0x00007a39d40d1b08) [0x00007a39d40d1c00, 0x00007a39d40d3490] Compiler: c1, Barriers: 16, Oops: 1, ImmediateOops: 1, NonImmediateOops: No
[2,887s][debug][gc,nmethod     ] Register NMethod: io.brackit.query.jdm.AbstractItem$1.next (0x00007a39d40d3508) [0x00007a39d40d3600, 0x00007a39d40d3790] Compiler: c1, Barriers: 1, Oops: 1, ImmediateOops: 0, NonImmediateOops: No
[2,887s][debug][gc,nmethod     ] Register NMethod: io.sirix.axis.AbstractAxis.done (0x00007a39d40d3808) [0x00007a39d40d3900, 0x00007a39d40d3be8] Compiler: c1, Barriers: 0, Oops: 1, ImmediateOops: 1, NonImmediateOops: No
[2,887s][debug][gc,nmethod     ] Register NMethod: io.sirix.node.xml.ElementNode.getAttributeCount (0x00007a39f2e0b988) [0x00007a39f2e0ba80, 0x00007a39f2e0bb90] Compiler: jvmci, Barriers: 1, Oops: 1, ImmediateOops: 0, NonImmediateOops: No
[2,887s][debug][gc,nmethod     ] Register NMethod: jdk.internal.util.DecimalDigits.uncheckedPutPairLatin1 (0x00007a39d40d3c08) [0x00007a39d40d3d00, 0x00007a39d40d3e88] Compiler: c1, Barriers: 0, Oops: 0, ImmediateOops: 1, NonImmediateOops: No
[2,887s][debug][gc,nmethod     ] Register NMethod: io.sirix.axis.filter.FilterAxis.<init> (0x00007a39d40d3f08) [0x00007a39d40d4000, 0x00007a39d40d6b88] Compiler: c1, Barriers: 24, Oops: 1, ImmediateOops: 3, NonImmediateOops: No
[2,888s][debug][gc,nmethod     ] Register NMethod: java.util.concurrent.locks.ReentrantLock$NonfairSync.initialTryLock (0x00007a39d40d6c08) [0x00007a39d40d6d00, 0x00007a39d40d79f0] Compiler: c1, Barriers: 5, Oops: 0, ImmediateOops: 1, NonImmediateOops: No
[2,888s][debug][gc,nmethod     ] Register NMethod: java.nio.HeapByteBuffer.put (0x00007a39f2e0bc88) [0x00007a39f2e0bd80, 0x00007a39f2e0c1e0] Compiler: jvmci, Barriers: 3, Oops: 0, ImmediateOops: 0, NonImmediateOops: No
[2,888s][debug][gc,nmethod     ] Register NMethod: com.github.benmanes.caffeine.cache.PSMW.setNextInAccessOrder (0x00007a39f2e0c208) [0x00007a39f2e0c300, 0x00007a39f2e0c430] Compiler: c1, Barriers: 3, Oops: 1, ImmediateOops: 0, NonImmediateOops: No
[2,888s][debug][gc,nmethod     ] Register NMethod: com.github.benmanes.caffeine.cache.SSLSMW.windowWeightedSize (0x00007a39f2e0c508) [0x00007a39f2e0c600, 0x00007a39f2e0c6c0] Compiler: c1, Barriers: 0, Oops: 1, ImmediateOops: 0, NonImmediateOops: No
[2,888s][debug][gc,nmethod     ] Register NMethod: com.github.benmanes.caffeine.cache.PSMW.setPreviousInAccessOrder (0x00007a39f2e0c808) [0x00007a39f2e0c900, 0x00007a39f2e0ca30] Compiler: c1, Barriers: 3, Oops: 1, ImmediateOops: 0, NonImmediateOops: No
[2,888s][debug][gc,nmethod     ] Register NMethod: com.github.benmanes.caffeine.cache.SSLSMW.maximum (0x00007a39f2e0cb08) [0x00007a39f2e0cc00, 0x00007a39f2e0ccc0] Compiler: c1, Barriers: 0, Oops: 1, ImmediateOops: 0, NonImmediateOops: No
[2,888s][debug][gc,nmethod     ] Register NMethod: io.brackit.query.sequence.BaseIter.<init> (0x00007a39d40d7a08) [0x00007a39d40d7b00, 0x00007a39d40d7c58] Compiler: c1, Barriers: 0, Oops: 1, ImmediateOops: 0, NonImmediateOops: No
[2,888s][debug][gc,nmethod     ] Register NMethod: io.sirix.query.stream.node.SirixNodeStream.next (0x00007a39d40d7d08) [0x00007a39d40d7e00, 0x00007a39d40d80f8] Compiler: c1, Barriers: 0, Oops: 1, ImmediateOops: 0, NonImmediateOops: No
[2,889s][debug][gc,nmethod     ] Register NMethod: io.brackit.query.expr.StepExpr$AxisStepSequenceIter.next (0x00007a39d40d8108) [0x00007a39d40d8200, 0x00007a39d40d8998] Compiler: c1, Barriers: 9, Oops: 1, ImmediateOops: 0, NonImmediateOops: No
[2,889s][debug][gc,nmethod     ] Register NMethod: io.brackit.query.jdm.Type.instanceOf (0x00007a39d40d8a08) [0x00007a39d40d8b00, 0x00007a39d40d8d30] Compiler: c1, Barriers: 1, Oops: 1, ImmediateOops: 0, NonImmediateOops: No
[2,889s][debug][gc,nmethod     ] Register NMethod: java.nio.ByteBuffer.wrap (0x00007a39f2e0ce08) [0x00007a39f2e0cf00, 0x00007a39f2e0d0e0] Compiler: jvmci, Barriers: 2, Oops: 0, ImmediateOops: 0, NonImmediateOops: No
[2,889s][debug][gc,nmethod     ] Register NMethod: io.sirix.query.stream.node.SirixNodeStream.next (0x00007a39d40d8d88) [0x00007a39d40d8e80, 0x00007a39d40d9d68] Compiler: c1, Barriers: 5, Oops: 1, ImmediateOops: 1, NonImmediateOops: No
[2,889s][debug][gc,nmethod     ] Register NMethod: io.sirix.access.trx.node.AbstractNodeReadOnlyTrx.moveToParent (0x00007a39d40d9d88) [0x00007a39d40d9e80, 0x00007a39d40da6e0] Compiler: c1, Barriers: 1, Oops: 1, ImmediateOops: 1, NonImmediateOops: No
[2,889s][debug][gc,director    ] Rule Major: Warmup 10%, Used: 472MB, UsedThreshold: 1228MB
[2,890s][debug][gc,nmethod     ] Register NMethod: io.brackit.query.atomic.Una.<init> (0x00007a39f2e0d108) [0x00007a39f2e0d200, 0x00007a39f2e0d318] Compiler: jvmci, Barriers: 3, Oops: 1, ImmediateOops: 0, NonImmediateOops: No
[2,890s][debug][gc,nmethod     ] Register NMethod: java.util.concurrent.atomic.AtomicInteger.<init> (0x00007a39d40da708) [0x00007a39d40da800, 0x00007a39d40da9c0] Compiler: c1, Barriers: 0, Oops: 0, ImmediateOops: 0, NonImmediateOops: No
[2,891s][debug][gc,nmethod     ] Register NMethod: io.brackit.query.atomic.AbstractAtomic.<init> (0x00007a39f2e0d408) [0x00007a39f2e0d500, 0x00007a39f2e0d580] Compiler: jvmci, Barriers: 0, Oops: 1, ImmediateOops: 0, NonImmediateOops: No
[2,891s][debug][gc,nmethod     ] Register NMethod: java.nio.HeapByteBuffer.<init> (0x00007a39f2e0d708) [0x00007a39f2e0d800, 0x00007a39f2e0da40] Compiler: jvmci, Barriers: 6, Oops: 0, ImmediateOops: 0, NonImmediateOops: No
[2,892s][debug][gc,nmethod     ] Register NMethod: io.brackit.query.expr.Accessor.getAxis (0x00007a39f2e0da88) [0x00007a39f2e0db80, 0x00007a39f2e0dc68] Compiler: c1, Barriers: 1, Oops: 1, ImmediateOops: 0, NonImmediateOops: No
[2,892s][debug][gc,nmethod     ] Register NMethod: it.unimi.dsi.fastutil.longs.LongArrayList.<init> (0x00007a39d40daa08) [0x00007a39d40dab00, 0x00007a39d40dada8] Compiler: c1, Barriers: 0, Oops: 1, ImmediateOops: 0, NonImmediateOops: No
[2,892s][debug][gc,nmethod     ] Register NMethod: io.sirix.axis.filter.xml.ElementFilter.filter (0x00007a39d40dae08) [0x00007a39d40daf00, 0x00007a39d40db680] Compiler: c1, Barriers: 1, Oops: 1, ImmediateOops: 1, NonImmediateOops: No
[2,892s][debug][gc,nmethod     ] Register NMethod: io.sirix.axis.filter.FilterAxis.reset (0x00007a39f2e0dd88) [0x00007a39f2e0de80, 0x00007a39f2e0dfe8] Compiler: jvmci, Barriers: 4, Oops: 1, ImmediateOops: 1, NonImmediateOops: No
[2,892s][debug][gc,nmethod     ] Register NMethod: io.sirix.access.trx.node.xml.XmlNodeReadOnlyTrxImpl.getAttributeCount (0x00007a39d40db708) [0x00007a39d40db800, 0x00007a39d40dc760] Compiler: c1, Barriers: 2, Oops: 1, ImmediateOops: 2, NonImmediateOops: No
[2,892s][debug][gc,nmethod     ] Register NMethod: io.sirix.access.trx.node.AbstractNodeReadOnlyTrx.getRightSiblingKey (0x00007a39d40dc788) [0x00007a39d40dc880, 0x00007a39d40dd0a0] Compiler: c1, Barriers: 0, Oops: 1, ImmediateOops: 1, NonImmediateOops: No
[2,893s][debug][gc,nmethod     ] Register NMethod: it.unimi.dsi.fastutil.longs.LongArrayList.initArrayFromCapacity (0x00007a39d40dd108) [0x00007a39d40dd200, 0x00007a39d40de348] Compiler: c1, Barriers: 6, Oops: 3, ImmediateOops: 4, NonImmediateOops: No
[2,893s][debug][gc,nmethod     ] Register NMethod: io.brackit.query.jdm.type.SequenceType.getItemType (0x00007a39f2e0e088) [0x00007a39f2e0e180, 0x00007a39f2e0e268] Compiler: c1, Barriers: 1, Oops: 1, ImmediateOops: 0, NonImmediateOops: No
[2,893s][debug][gc,nmethod     ] Register NMethod: io.brackit.query.atomic.QNm.<init> (0x00007a39d40de388) [0x00007a39d40de480, 0x00007a39d40de8b8] Compiler: c1, Barriers: 9, Oops: 1, ImmediateOops: 4, NonImmediateOops: No
[2,893s][debug][gc,nmethod     ] Register NMethod: io.sirix.query.node.XmlDBNode.moveRtx (0x00007a39d40de908) [0x00007a39d40dea00, 0x00007a39d40ded40] Compiler: c1, Barriers: 1, Oops: 1, ImmediateOops: 0, NonImmediateOops: No
[2,893s][debug][gc,nmethod     ] Register NMethod: io.brackit.query.jdm.type.AnyItemType.matches (0x00007a39f2e0e388) [0x00007a39f2e0e480, 0x00007a39f2e0e540] Compiler: c1, Barriers: 0, Oops: 1, ImmediateOops: 0, NonImmediateOops: No
[2,893s][debug][gc,nmethod     ] Register NMethod: io.brackit.query.jdm.Axis.isForward (0x00007a39f2e0e688) [0x00007a39f2e0e780, 0x00007a39f2e0e840] Compiler: c1, Barriers: 0, Oops: 1, ImmediateOops: 0, NonImmediateOops: No
[2,893s][debug][gc,nmethod     ] Register NMethod: io.sirix.query.node.XmlDBNode.getCollection (0x00007a39f2e0e988) [0x00007a39f2e0ea80, 0x00007a39f2e0eb68] Compiler: c1, Barriers: 1, Oops: 1, ImmediateOops: 0, NonImmediateOops: No
[2,894s][debug][gc,nmethod     ] Register NMethod: io.sirix.node.xml.ElementNode.hasRightSibling (0x00007a39d40ded88) [0x00007a39d40dee80, 0x00007a39d40e42b8] Compiler: c1, Barriers: 19, Oops: 7, ImmediateOops: 12, NonImmediateOops: No
[2,894s][debug][gc,nmethod     ] Register NMethod: io.sirix.page.KeyValueLeafPage.getPageKey (0x00007a39f2e0ec88) [0x00007a39f2e0ed80, 0x00007a39f2e0ee40] Compiler: c1, Barriers: 0, Oops: 1, ImmediateOops: 0, NonImmediateOops: No
[2,894s][debug][gc,nmethod     ] Register NMethod: java.nio.HeapByteBuffer.getLong (0x00007a39d40e4308) [0x00007a39d40e4400, 0x00007a39d40e5ec8] Compiler: c1, Barriers: 6, Oops: 1, ImmediateOops: 4, NonImmediateOops: No
[2,894s][debug][gc,nmethod     ] Register NMethod: com.github.benmanes.caffeine.cache.SSLSMW.accessOrderWindowDeque (0x00007a39f2e0ef88) [0x00007a39f2e0f080, 0x00007a39f2e0f170] Compiler: c1, Barriers: 1, Oops: 1, ImmediateOops: 0, NonImmediateOops: No
[2,895s][debug][gc,nmethod     ] Register NMethod: io.sirix.node.json.JsonNodeSerializer.readSizePrefix (0x00007a39d40e5f08) [0x00007a39d40e6000, 0x00007a39d40e6220] Compiler: c1, Barriers: 0, Oops: 1, ImmediateOops: 0, NonImmediateOops: No
[2,895s][debug][gc,nmethod     ] Register NMethod: io.sirix.access.trx.node.xml.XmlNodeReadOnlyTrxImpl.isNameNode (0x00007a39d40e6288) [0x00007a39d40e6380, 0x00007a39d40e6bd0] Compiler: c1, Barriers: 1, Oops: 1, ImmediateOops: 1, NonImmediateOops: No
[2,895s][debug][gc,nmethod     ] Register NMethod: io.brackit.query.atomic.Str.stringValue (0x00007a39f2e0f288) [0x00007a39f2e0f380, 0x00007a39f2e0f468] Compiler: c1, Barriers: 1, Oops: 1, ImmediateOops: 0, NonImmediateOops: No
[2,895s][debug][gc,nmethod     ] Register NMethod: io.sirix.access.trx.node.AbstractNodeReadOnlyTrx.getDeweyID (0x00007a39d40e6c08) [0x00007a39d40e6d00, 0x00007a39d40e7368] Compiler: c1, Barriers: 1, Oops: 1, ImmediateOops: 1, NonImmediateOops: No
[2,895s][debug][gc,nmethod     ] Register NMethod: io.sirix.axis.filter.xml.XmlNameFilter.filter (0x00007a39d40e7388) [0x00007a39d40e7480, 0x00007a39d40e88c8] Compiler: c1, Barriers: 3, Oops: 1, ImmediateOops: 0, NonImmediateOops: No
[2,895s][debug][gc,nmethod     ] Register NMethod: io.sirix.access.trx.node.xml.XmlNodeReadOnlyTrxImpl.getLocalNameKey (0x00007a39d40e8908) [0x00007a39d40e8a00, 0x00007a39d40e98e0] Compiler: c1, Barriers: 1, Oops: 1, ImmediateOops: 1, NonImmediateOops: No
[2,895s][debug][gc,nmethod     ] Register NMethod: io.brackit.query.jdm.AbstractItem.iterate (0x00007a39d40e9908) [0x00007a39d40e9a00, 0x00007a39d40e9ce8] Compiler: c1, Barriers: 3, Oops: 1, ImmediateOops: 0, NonImmediateOops: No
[2,895s][debug][gc,nmethod     ] Register NMethod: io.brackit.query.jdm.AbstractItem$1.close (0x00007a39d40e9d08) [0x00007a39d40e9e00, 0x00007a39d40e9f00] Compiler: c1, Barriers: 0, Oops: 1, ImmediateOops: 0, NonImmediateOops: No
[2,895s][debug][gc,nmethod     ] Register NMethod: io.brackit.query.jdm.AbstractItem$1.<init> (0x00007a39d40ea008) [0x00007a39d40ea100, 0x00007a39d40ea338] Compiler: c1, Barriers: 3, Oops: 1, ImmediateOops: 0, NonImmediateOops: No
[2,895s][debug][gc,nmethod     ] Register NMethod: io.brackit.query.jdm.type.AttributeType.getQName (0x00007a39f2e0f588) [0x00007a39f2e0f680, 0x00007a39f2e0f768] Compiler: c1, Barriers: 1, Oops: 1, ImmediateOops: 0, NonImmediateOops: No
[2,895s][debug][gc,nmethod     ] Register NMethod: java.util.Arrays.copyOf (0x00007a39f2e0f888) [0x00007a39f2e0f980, 0x00007a39f2e0fc40] Compiler: jvmci, Barriers: 6, Oops: 0, ImmediateOops: 0, NonImmediateOops: No
[2,895s][debug][gc,nmethod     ] Register NMethod: io.brackit.query.jdm.Type.isNumeric (0x00007a39f2e0fc88) [0x00007a39f2e0fd80, 0x00007a39f2e0fe40] Compiler: c1, Barriers: 0, Oops: 1, ImmediateOops: 0, NonImmediateOops: No
[2,895s][debug][gc,nmethod     ] Register NMethod: io.brackit.query.atomic.Bool.booleanValue (0x00007a39f2e0ff88) [0x00007a39f2e10080, 0x00007a39f2e10140] Compiler: c1, Barriers: 0, Oops: 1, ImmediateOops: 0, NonImmediateOops: No
[2,896s][debug][gc,nmethod     ] Register NMethod: io.sirix.access.trx.node.xml.XmlNodeReadOnlyTrxImpl.getPrefixKey (0x00007a39d40ea388) [0x00007a39d40ea480, 0x00007a39d40eb360] Compiler: c1, Barriers: 1, Oops: 1, ImmediateOops: 1, NonImmediateOops: No
[2,896s][debug][gc,nmethod     ] Register NMethod: io.sirix.axis.AttributeAxis.nextKey (0x00007a39d40eb388) [0x00007a39d40eb480, 0x00007a39d40ee370] Compiler: c1, Barriers: 4, Oops: 1, ImmediateOops: 7, NonImmediateOops: No
[2,896s][debug][gc,nmethod     ] Register NMethod: io.brackit.query.sequence.AbstractSequence.<init> (0x00007a39f2e10288) [0x00007a39f2e10380, 0x00007a39f2e10400] Compiler: jvmci, Barriers: 0, Oops: 1, ImmediateOops: 0, NonImmediateOops: No
[2,896s][debug][gc,nmethod     ] Register NMethod: io.sirix.page.KeyValueLeafPage.setDeweyId (0x00007a39f2e10588) [0x00007a39f2e10680, 0x00007a39f2e107c0] Compiler: jvmci, Barriers: 2, Oops: 1, ImmediateOops: 0, NonImmediateOops: No
[2,896s][debug][gc,nmethod     ] Register NMethod: net.jpountz.lz4.LZ4BlockInputStream.read (0x00007a39d40ee388) [0x00007a39d40ee480, 0x00007a39d40eed60] Compiler: c1, Barriers: 1, Oops: 1, ImmediateOops: 1, NonImmediateOops: No
[2,897s][debug][gc,nmethod     ] Register NMethod: com.github.benmanes.caffeine.cache.SSLMW.setHitsInSample (0x00007a39f2e10888) [0x00007a39f2e10980, 0x00007a39f2e10a40] Compiler: c1, Barriers: 0, Oops: 1, ImmediateOops: 0, NonImmediateOops: No
[2,897s][debug][gc,nmethod     ] Register NMethod: io.sirix.page.KeyValueLeafPage.getPinCount (0x00007a39d40eed88) [0x00007a39d40eee80, 0x00007a39d40ef190] Compiler: c1, Barriers: 1, Oops: 1, ImmediateOops: 0, NonImmediateOops: No
[2,898s][debug][gc,nmethod     ] Register NMethod: java.util.zip.InflaterInputStream.read (0x00007a39f2e10b88) [0x00007a39f2e10c80, 0x00007a39f2e13da0] Compiler: jvmci, Barriers: 56, Oops: 1, ImmediateOops: 1, NonImmediateOops: No
[2,899s][debug][gc,director    ] Rule Major: Warmup 10%, Used: 476MB, UsedThreshold: 1228MB
[2,899s][debug][gc,nmethod     ] Register NMethod: com.github.benmanes.caffeine.cache.PSMW.getPreviousInAccessOrder (0x00007a39d40ef208) [0x00007a39d40ef300, 0x00007a39d40ef600] Compiler: c1, Barriers: 1, Oops: 1, ImmediateOops: 0, NonImmediateOops: No
[2,900s][debug][gc,nmethod     ] Register NMethod: java.util.concurrent.ForkJoinPool$WorkQueue.topLevelExec (0x00007a39d40ef688) [0x00007a39d40ef780, 0x00007a39d40f0540] Compiler: c1, Barriers: 0, Oops: 0, ImmediateOops: 0, NonImmediateOops: No
[2,900s][debug][gc,nmethod     ] Register NMethod: io.sirix.page.KeyValueLeafPage.setSlot (0x00007a39f2e13e08) [0x00007a39f2e13f00, 0x00007a39f2e14000] Compiler: jvmci, Barriers: 2, Oops: 1, ImmediateOops: 0, NonImmediateOops: No
[2,901s][debug][gc,nmethod     ] Register NMethod: com.github.benmanes.caffeine.cache.SSLSMW.windowMaximum (0x00007a39f2e14108) [0x00007a39f2e14200, 0x00007a39f2e142c0] Compiler: c1, Barriers: 0, Oops: 1, ImmediateOops: 0, NonImmediateOops: No
[2,901s][debug][gc,nmethod     ] Register NMethod: io.sirix.page.KeyValueLeafPage.resizeMemorySegment (0x00007a39f2e14408) [0x00007a39f2e14500, 0x00007a39f2e15f98] Compiler: jvmci, Barriers: 27, Oops: 2, ImmediateOops: 0, NonImmediateOops: No
[2,902s][debug][gc,nmethod     ] Register NMethod: io.sirix.node.MemorySegmentBytesIn.readLong (0x00007a39f2e16008) [0x00007a39f2e16100, 0x00007a39f2e164a0] Compiler: jvmci, Barriers: 4, Oops: 3, ImmediateOops: 0, NonImmediateOops: No
[2,902s][debug][gc,nmethod     ] Register NMethod: jdk.internal.misc.Unsafe.weakCompareAndSetInt (0x00007a39f2e16508) [0x00007a39f2e16600, 0x00007a39f2e16690] Compiler: jvmci, Barriers: 0, Oops: 0, ImmediateOops: 0, NonImmediateOops: No
[2,902s][debug][gc,nmethod     ] Register NMethod: io.brackit.query.atomic.AbstractNumeric.<init> (0x00007a39d40f0588) [0x00007a39d40f0680, 0x00007a39d40f08f8] Compiler: c1, Barriers: 0, Oops: 1, ImmediateOops: 0, NonImmediateOops: No
[2,902s][debug][gc,nmethod     ] Register NMethod: io.brackit.query.atomic.Int32.<init> (0x00007a39d40f0908) [0x00007a39d40f0a00, 0x00007a39d40f0cd8] Compiler: c1, Barriers: 0, Oops: 1, ImmediateOops: 0, NonImmediateOops: No
[2,902s][debug][gc,nmethod     ] Register NMethod: io.brackit.query.sequence.LazySequence.<init> (0x00007a39d40f0d08) [0x00007a39d40f0e00, 0x00007a39d40f0fb8] Compiler: c1, Barriers: 0, Oops: 1, ImmediateOops: 0, NonImmediateOops: No
[2,903s][debug][gc,nmethod     ] Register NMethod: io.sirix.node.xml.TextNode.<init> (0x00007a39d40f1008) [0x00007a39d40f1100, 0x00007a39d40f13e8] Compiler: c1, Barriers: 3, Oops: 1, ImmediateOops: 0, NonImmediateOops: No
[2,903s][debug][gc,nmethod     ] Register NMethod: io.sirix.node.xml.ElementNode.<init> (0x00007a39d40f1408) [0x00007a39d40f1500, 0x00007a39d40f1800] Compiler: c1, Barriers: 3, Oops: 1, ImmediateOops: 0, NonImmediateOops: No
[2,903s][debug][gc,nmethod     ] Register NMethod: java.lang.invoke.Invokers$Holder.linkToTargetMethod (0x00007a39f2e16808) [0x00007a39f2e16900, 0x00007a39f2e16a10] Compiler: jvmci, Barriers: 0, Oops: 0, ImmediateOops: 0, NonImmediateOops: No
[2,903s][debug][gc,nmethod     ] Register NMethod: io.sirix.access.trx.node.AbstractNodeReadOnlyTrx.equals (0x00007a39d40f1888) [0x00007a39d40f1980, 0x00007a39d40f2b00] Compiler: c1, Barriers: 6, Oops: 1, ImmediateOops: 0, NonImmediateOops: No
[2,903s][debug][gc,nmethod     ] Register NMethod: io.sirix.node.NodeKind$4.deserialize (0x00007a39d40f2b88) [0x00007a39d40f2c80, 0x00007a39d40f4838] Compiler: c1, Barriers: 10, Oops: 2, ImmediateOops: 1, NonImmediateOops: No
[2,903s][debug][gc,nmethod     ] Register NMethod: io.brackit.query.operator.TupleImpl.<init> (0x00007a39d40f4888) [0x00007a39d40f4980, 0x00007a39d40f5020] Compiler: c1, Barriers: 4, Oops: 1, ImmediateOops: 0, NonImmediateOops: No
[2,903s][debug][gc,nmethod     ] Register NMethod: io.brackit.query.operator.TupleImpl.get (0x00007a39d40f5088) [0x00007a39d40f5180, 0x00007a39d40f5738] Compiler: c1, Barriers: 4, Oops: 1, ImmediateOops: 1, NonImmediateOops: No
[2,903s][debug][gc,nmethod     ] Register NMethod: io.brackit.query.operator.TupleImpl.concat (0x00007a39d40f5788) [0x00007a39d40f5880, 0x00007a39d40f6678] Compiler: c1, Barriers: 7, Oops: 1, ImmediateOops: 0, NonImmediateOops: No
[2,903s][debug][gc,nmethod     ] Register NMethod: io.brackit.query.expr.StepExpr$AxisStepSequence.<init> (0x00007a39d40f6688) [0x00007a39d40f6780, 0x00007a39d40f6a88] Compiler: c1, Barriers: 6, Oops: 1, ImmediateOops: 0, NonImmediateOops: No
[2,904s][debug][gc,nmethod     ] Register NMethod: io.brackit.query.expr.BoundVariable.evaluate (0x00007a39d40f6b08) [0x00007a39d40f6c00, 0x00007a39d40f8568] Compiler: c1, Barriers: 16, Oops: 2, ImmediateOops: 3, NonImmediateOops: No
[2,904s][debug][gc,nmethod     ] Register NMethod: io.brackit.query.expr.StepExpr$AxisStepSequence.iterate (0x00007a39d40f8588) [0x00007a39d40f8680, 0x00007a39d40f8a48] Compiler: c1, Barriers: 8, Oops: 1, ImmediateOops: 0, NonImmediateOops: No
[2,904s][debug][gc,nmethod     ] Register NMethod: io.brackit.query.sequence.TypedSequence.toTypedSequence (0x00007a39d40f8a88) [0x00007a39d40f8b80, 0x00007a39d40fad28] Compiler: c1, Barriers: 19, Oops: 2, ImmediateOops: 4, NonImmediateOops: No
[2,904s][debug][gc,nmethod     ] Register NMethod: io.brackit.query.expr.StepExpr$AxisStepSequenceIter.<init> (0x00007a39d40fad88) [0x00007a39d40fae80, 0x00007a39d40fb128] Compiler: c1, Barriers: 6, Oops: 1, ImmediateOops: 0, NonImmediateOops: No
[2,904s][debug][gc,nmethod     ] Register NMethod: io.sirix.query.node.XmlDBNode.getTrx (0x00007a39d40fb188) [0x00007a39d40fb280, 0x00007a39d40fb658] Compiler: c1, Barriers: 2, Oops: 1, ImmediateOops: 0, NonImmediateOops: No
[2,904s][debug][gc,nmethod     ] Register NMethod: java.nio.Buffer.checkIndex (0x00007a39f2e16b08) [0x00007a39f2e16c00, 0x00007a39f2e16cc8] Compiler: jvmci, Barriers: 0, Oops: 0, ImmediateOops: 0, NonImmediateOops: No
[2,904s][debug][gc,nmethod     ] Register NMethod: io.sirix.query.stream.node.SirixNodeStream.<init> (0x00007a39d40fb688) [0x00007a39d40fb780, 0x00007a39d40fbe68] Compiler: c1, Barriers: 6, Oops: 1, ImmediateOops: 0, NonImmediateOops: No
[2,904s][debug][gc,nmethod     ] Register NMethod: io.brackit.query.expr.StepExpr.evaluate (0x00007a39d40fbe88) [0x00007a39d40fbf80, 0x00007a39d4100be8] Compiler: c1, Barriers: 21, Oops: 3, ImmediateOops: 2, NonImmediateOops: No
[2,904s][debug][gc,nmethod     ] Register NMethod: io.sirix.axis.filter.xml.XmlNameFilter.<init> (0x00007a39d4100c08) [0x00007a39d4100d00, 0x00007a39d4101b00] Compiler: c1, Barriers: 6, Oops: 1, ImmediateOops: 0, NonImmediateOops: No
[2,904s][debug][gc,nmethod     ] Register NMethod: com.github.benmanes.caffeine.cache.PSMW.setPolicyWeight (0x00007a39f2e16e08) [0x00007a39f2e16f00, 0x00007a39f2e16fc0] Compiler: c1, Barriers: 0, Oops: 1, ImmediateOops: 0, NonImmediateOops: No
[2,904s][debug][gc,nmethod     ] Register NMethod: io.sirix.access.trx.node.AbstractNodeReadOnlyTrx.keyForName (0x00007a39d4101b88) [0x00007a39d4101c80, 0x00007a39d4102300] Compiler: c1, Barriers: 0, Oops: 1, ImmediateOops: 1, NonImmediateOops: No
[2,904s][debug][gc,nmethod     ] Register NMethod: io.sirix.query.stream.node.SirixNodeStream.close (0x00007a39d4102388) [0x00007a39d4102480, 0x00007a39d4102580] Compiler: c1, Barriers: 0, Oops: 1, ImmediateOops: 0, NonImmediateOops: No
[2,904s][debug][gc,nmethod     ] Register NMethod: com.github.benmanes.caffeine.cache.BoundedLocalCache.skipReadBuffer (0x00007a39d4102688) [0x00007a39d4102780, 0x00007a39d4102f98] Compiler: c1, Barriers: 1, Oops: 1, ImmediateOops: 0, NonImmediateOops: No
[2,904s][debug][gc,nmethod     ] Register NMethod: io.brackit.query.expr.StepExpr$AxisStepSequenceIter.close (0x00007a39d4103008) [0x00007a39d4103100, 0x00007a39d4103300] Compiler: c1, Barriers: 1, Oops: 1, ImmediateOops: 0, NonImmediateOops: No
[2,904s][debug][gc,nmethod     ] Register NMethod: io.sirix.node.NodeKind$1.deserialize (0x00007a39d4103388) [0x00007a39d4103480, 0x00007a39d4106ac8] Compiler: c1, Barriers: 28, Oops: 3, ImmediateOops: 7, NonImmediateOops: No
[2,904s][debug][gc,nmethod     ] Register NMethod: io.sirix.utils.NamePageHash.generateHashForString (0x00007a39f2e17108) [0x00007a39f2e17200, 0x00007a39f2e173a8] Compiler: jvmci, Barriers: 1, Oops: 1, ImmediateOops: 0, NonImmediateOops: No
[2,905s][debug][gc,nmethod     ] Register NMethod: com.github.benmanes.caffeine.cache.SSLSMW.setMissesInSample (0x00007a39f2e17408) [0x00007a39f2e17500, 0x00007a39f2e175c0] Compiler: c1, Barriers: 0, Oops: 1, ImmediateOops: 0, NonImmediateOops: No
[2,905s][debug][gc,nmethod     ] Register NMethod: io.sirix.access.trx.node.xml.XmlNodeReadOnlyTrxImpl.getValue (0x00007a39d4106b08) [0x00007a39d4106c00, 0x00007a39d41082e8] Compiler: c1, Barriers: 2, Oops: 1, ImmediateOops: 5, NonImmediateOops: No
[2,905s][debug][gc,nmethod     ] Register NMethod: io.sirix.query.node.XmlDBNode.getValue (0x00007a39d4108308) [0x00007a39d4108400, 0x00007a39d4109320] Compiler: c1, Barriers: 7, Oops: 1, ImmediateOops: 4, NonImmediateOops: No
[2,905s][debug][gc,nmethod     ] Register NMethod: com.github.benmanes.caffeine.cache.PS.isAlive (0x00007a39d4109388) [0x00007a39d4109480, 0x00007a39d410a8f8] Compiler: c1, Barriers: 1, Oops: 7, ImmediateOops: 10, NonImmediateOops: No
[2,905s][debug][gc,nmethod     ] Register NMethod: com.github.benmanes.caffeine.cache.SSLMW.fastpath (0x00007a39f2e17708) [0x00007a39f2e17800, 0x00007a39f2e178c0] Compiler: c1, Barriers: 0, Oops: 1, ImmediateOops: 0, NonImmediateOops: No
[2,905s][debug][gc,nmethod     ] Register NMethod: java.util.concurrent.ForkJoinWorkerThread$InnocuousForkJoinWorkerThread.onThreadLocalReset (0x00007a39d410a988) [0x00007a39d410aa80, 0x00007a39d410ac88] Compiler: c1, Barriers: 3, Oops: 0, ImmediateOops: 0, NonImmediateOops: No
[2,907s][debug][gc,nmethod     ] Register NMethod: com.github.benmanes.caffeine.cache.SSLMW.setMissesInSample (0x00007a39f2e17a08) [0x00007a39f2e17b00, 0x00007a39f2e17bc0] Compiler: c1, Barriers: 0, Oops: 1, ImmediateOops: 0, NonImmediateOops: No
[2,907s][debug][gc,nmethod     ] Register NMethod: java.lang.System$1.currentCarrierThread (0x00007a39d410ad08) [0x00007a39d410ae00, 0x00007a39d410af48] Compiler: c1, Barriers: 1, Oops: 0, ImmediateOops: 0, NonImmediateOops: No
[2,907s][debug][gc,nmethod     ] Register NMethod: com.github.benmanes.caffeine.cache.SSLSMW.fastpath (0x00007a39f2e17d08) [0x00007a39f2e17e00, 0x00007a39f2e17ec0] Compiler: c1, Barriers: 0, Oops: 1, ImmediateOops: 0, NonImmediateOops: No
[2,908s][debug][gc,nmethod     ] Register NMethod: java.lang.reflect.Executable.isVarArgs (0x00007a39d410b008) [0x00007a39d410b100, 0x00007a39d410b450] Compiler: c1, Barriers: 0, Oops: 0, ImmediateOops: 0, NonImmediateOops: No
[2,909s][debug][gc,director    ] Rule Major: Warmup 10%, Used: 480MB, UsedThreshold: 1228MB
[2,909s][debug][gc,nmethod     ] Register NMethod: io.sirix.page.KeyValueLeafPage.getIndexType (0x00007a39f2e18008) [0x00007a39f2e18100, 0x00007a39f2e181e8] Compiler: c1, Barriers: 1, Oops: 1, ImmediateOops: 0, NonImmediateOops: No
[2,910s][debug][gc,nmethod     ] Register NMethod: com.github.benmanes.caffeine.cache.PS.getKey (0x00007a39d410b488) [0x00007a39d410b580, 0x00007a39d410c758] Compiler: c1, Barriers: 1, Oops: 7, ImmediateOops: 8, NonImmediateOops: No
[2,910s][debug][gc,nmethod     ] Register NMethod: java.lang.StringConcatHelper.prepend (0x00007a39f2e18308) [0x00007a39f2e18400, 0x00007a39f2e18ad0] Compiler: jvmci, Barriers: 2, Oops: 0, ImmediateOops: 0, NonImmediateOops: No
[2,910s][debug][gc,nmethod     ] Register NMethod: com.github.benmanes.caffeine.cache.PS.getValue (0x00007a39d410c808) [0x00007a39d410c900, 0x00007a39d410dad8] Compiler: c1, Barriers: 1, Oops: 7, ImmediateOops: 8, NonImmediateOops: No
[2,910s][debug][gc,nmethod     ] Register NMethod: com.github.benmanes.caffeine.cache.BoundedLocalCache.hasExpired (0x00007a39d410db88) [0x00007a39d410dc80, 0x00007a39d410fd28] Compiler: c1, Barriers: 1, Oops: 7, ImmediateOops: 8, NonImmediateOops: No
[2,910s][debug][gc,nmethod     ] Register NMethod: java.lang.invoke.MethodHandle.linkToSpecial (0x00007a39f2e18b08) [0x00007a39f2e18c00, 0x00007a39f2e18cf8] Compiler: , Barriers: 0, Oops: 0, ImmediateOops: 0, NonImmediateOops: No
[2,911s][debug][gc,nmethod     ] Register NMethod: java.lang.invoke.MethodHandle.invokeBasic (0x00007a39f2e18e08) [0x00007a39f2e18f00, 0x00007a39f2e19198] Compiler: , Barriers: 0, Oops: 0, ImmediateOops: 0, NonImmediateOops: No
[2,911s][debug][gc,nmethod     ] Register NMethod: java.lang.invoke.MethodHandle.linkToSpecial (0x00007a39f2e19208) [0x00007a39f2e19300, 0x00007a39f2e193f8] Compiler: , Barriers: 0, Oops: 0, ImmediateOops: 0, NonImmediateOops: No
[2,911s][debug][gc,nmethod     ] Register NMethod: com.github.benmanes.caffeine.cache.BoundedLocalCache$EntryIterator.hasNext (0x00007a39d410fd88) [0x00007a39d410fe80, 0x00007a39d41153a8] Compiler: c1, Barriers: 30, Oops: 10, ImmediateOops: 27, NonImmediateOops: No
[2,911s][debug][gc,nmethod     ] Register NMethod: io.sirix.node.NodeSerializerImpl.deserializeDeweyID (0x00007a39f2e19508) [0x00007a39f2e19600, 0x00007a39f2e1a6d8] Compiler: jvmci, Barriers: 6, Oops: 2, ImmediateOops: 0, NonImmediateOops: No
[2,912s][debug][gc,nmethod     ] Register NMethod: java.lang.invoke.MethodHandle.invokeBasic (0x00007a39f2e1a708) [0x00007a39f2e1a800, 0x00007a39f2e1aa98] Compiler: , Barriers: 0, Oops: 0, ImmediateOops: 0, NonImmediateOops: No
[2,912s][debug][gc,nmethod     ] Register NMethod: java.util.concurrent.ConcurrentHashMap.values (0x00007a39d4115408) [0x00007a39d4115500, 0x00007a39d41158d8] Compiler: c1, Barriers: 7, Oops: 0, ImmediateOops: 0, NonImmediateOops: No
[2,913s][debug][gc,nmethod     ] Register NMethod: java.util.AbstractMap$SimpleEntry.getValue (0x00007a39f2e1ab08) [0x00007a39f2e1ac00, 0x00007a39f2e1ace8] Compiler: c1, Barriers: 1, Oops: 0, ImmediateOops: 0, NonImmediateOops: No
[2,913s][debug][gc,nmethod     ] Register NMethod: java.util.AbstractMap$SimpleEntry.getKey (0x00007a39f2e1ae08) [0x00007a39f2e1af00, 0x00007a39f2e1afe8] Compiler: c1, Barriers: 1, Oops: 0, ImmediateOops: 0, NonImmediateOops: No
[2,913s][debug][gc,nmethod     ] Register NMethod: java.util.concurrent.ConcurrentHashMap$ValueIterator.<init> (0x00007a39d4115908) [0x00007a39d4115a00, 0x00007a39d4115b30] Compiler: c1, Barriers: 0, Oops: 0, ImmediateOops: 0, NonImmediateOops: No
[2,913s][debug][gc,nmethod     ] Register NMethod: org.gradle.internal.dispatch.MethodInvocation.getMethod (0x00007a39f2e1b108) [0x00007a39f2e1b200, 0x00007a39f2e1b2e8] Compiler: c1, Barriers: 1, Oops: 1, ImmediateOops: 0, NonImmediateOops: No
[2,913s][debug][gc,nmethod     ] Register NMethod: org.gradle.internal.dispatch.MethodInvocation.getArguments (0x00007a39f2e1b408) [0x00007a39f2e1b500, 0x00007a39f2e1b5e8] Compiler: c1, Barriers: 1, Oops: 1, ImmediateOops: 0, NonImmediateOops: No
[2,913s][debug][gc,nmethod     ] Register NMethod: java.util.concurrent.ConcurrentHashMap$ValuesView.iterator (0x00007a39d4115c08) [0x00007a39d4115d00, 0x00007a39d4115f70] Compiler: c1, Barriers: 2, Oops: 0, ImmediateOops: 0, NonImmediateOops: No
[2,913s][debug][gc,nmethod     ] Register NMethod: java.util.concurrent.ConcurrentHashMap.entrySet (0x00007a39d4115f88) [0x00007a39d4116080, 0x00007a39d4116458] Compiler: c1, Barriers: 7, Oops: 0, ImmediateOops: 0, NonImmediateOops: No
[2,913s][debug][gc,nmethod     ] Register NMethod: com.esotericsoftware.kryo.io.Output.require (0x00007a39d4116488) [0x00007a39d4116580, 0x00007a39d4118cc0] Compiler: c1, Barriers: 4, Oops: 4, ImmediateOops: 6, NonImmediateOops: No
[2,913s][debug][gc,nmethod     ] Register NMethod: java.util.concurrent.ConcurrentHashMap$EntrySpliterator.<init> (0x00007a39d4118d08) [0x00007a39d4118e00, 0x00007a39d4118fd0] Compiler: c1, Barriers: 3, Oops: 0, ImmediateOops: 0, NonImmediateOops: No
[2,913s][debug][gc,nmethod     ] Register NMethod: java.util.concurrent.ConcurrentHashMap$EntrySpliterator.forEachRemaining (0x00007a39d4119008) [0x00007a39d4119100, 0x00007a39d4119ac0] Compiler: c1, Barriers: 12, Oops: 0, ImmediateOops: 0, NonImmediateOops: No
[2,913s][debug][gc,nmethod     ] Register NMethod: java.util.concurrent.ConcurrentHashMap$EntrySetView.spliterator (0x00007a39d4119b08) [0x00007a39d4119c00, 0x00007a39d411a0c0] Compiler: c1, Barriers: 2, Oops: 0, ImmediateOops: 0, NonImmediateOops: No
[2,913s][debug][gc,nmethod     ] Register NMethod: com.github.benmanes.caffeine.cache.BoundedLocalCache$EntryIterator.next (0x00007a39d411a108) [0x00007a39d411a200, 0x00007a39d411a4f8] Compiler: c1, Barriers: 0, Oops: 1, ImmediateOops: 0, NonImmediateOops: No
[2,913s][debug][gc,nmethod     ] Register NMethod: java.util.AbstractMap$SimpleEntry.<init> (0x00007a39d411a508) [0x00007a39d411a600, 0x00007a39d411a848] Compiler: c1, Barriers: 6, Oops: 0, ImmediateOops: 0, NonImmediateOops: No
[2,913s][debug][gc,nmethod     ] Register NMethod: com.github.benmanes.caffeine.cache.BoundedLocalCache$EntryIterator.advance (0x00007a39d411a888) [0x00007a39d411a980, 0x00007a39d411ac00] Compiler: c1, Barriers: 9, Oops: 1, ImmediateOops: 0, NonImmediateOops: No
[2,913s][debug][gc,nmethod     ] Register NMethod: com.github.benmanes.caffeine.cache.WriteThroughEntry.<init> (0x00007a39d411ac88) [0x00007a39d411ad80, 0x00007a39d411b3f8] Compiler: c1, Barriers: 9, Oops: 1, ImmediateOops: 0, NonImmediateOops: No
[2,914s][debug][gc,nmethod     ] Register NMethod: com.github.benmanes.caffeine.cache.BoundedLocalCache$EntryIterator.next (0x00007a39d411b408) [0x00007a39d411b500, 0x00007a39d411c1e8] Compiler: c1, Barriers: 24, Oops: 1, ImmediateOops: 0, NonImmediateOops: No
[2,914s][debug][gc,nmethod     ] Register NMethod: java.util.stream.Collectors.uniqKeysMapMerger (0x00007a39d411c208) [0x00007a39d411c300, 0x00007a39d411c4a0] Compiler: c1, Barriers: 0, Oops: 1, ImmediateOops: 1, NonImmediateOops: No
[2,914s][debug][gc,nmethod     ] Register NMethod: java.util.stream.Collectors$$Lambda/0x00000000ba11cb58.<init> (0x00007a39d411c508) [0x00007a39d411c600, 0x00007a39d411c848] Compiler: c1, Barriers: 6, Oops: 0, ImmediateOops: 0, NonImmediateOops: No
[2,914s][debug][gc,nmethod     ] Register NMethod: java.util.stream.Collectors.toMap (0x00007a39d411c888) [0x00007a39d411c980, 0x00007a39d411d288] Compiler: c1, Barriers: 6, Oops: 4, ImmediateOops: 5, NonImmediateOops: No
[2,914s][debug][gc,nmethod     ] Register NMethod: java.util.stream.Collectors$$Lambda/0x00000000ba11c930.get (0x00007a39d411d308) [0x00007a39d411d400, 0x00007a39d411d680] Compiler: c1, Barriers: 0, Oops: 0, ImmediateOops: 0, NonImmediateOops: No
[2,914s][debug][gc,nmethod     ] Register NMethod: java.util.stream.Collectors.uniqKeysMapAccumulator (0x00007a39d411d688) [0x00007a39d411d780, 0x00007a39d411ddb0] Compiler: c1, Barriers: 6, Oops: 1, ImmediateOops: 2, NonImmediateOops: No
[2,914s][debug][gc,nmethod     ] Register NMethod: java.util.concurrent.ConcurrentHashMap$MapEntry.getKey (0x00007a39f2e1b708) [0x00007a39f2e1b800, 0x00007a39f2e1b8e8] Compiler: c1, Barriers: 1, Oops: 0, ImmediateOops: 0, NonImmediateOops: No
[2,914s][debug][gc,nmethod     ] Register NMethod: java.util.concurrent.ConcurrentHashMap$MapEntry.getValue (0x00007a39f2e1ba08) [0x00007a39f2e1bb00, 0x00007a39f2e1bbe8] Compiler: c1, Barriers: 1, Oops: 0, ImmediateOops: 0, NonImmediateOops: No
[2,914s][debug][gc,nmethod     ] Register NMethod: io.sirix.page.KeyValueLeafPage.getPinCountByTransaction (0x00007a39d411de08) [0x00007a39d411df00, 0x00007a39d411e888] Compiler: c1, Barriers: 1, Oops: 4, ImmediateOops: 2, NonImmediateOops: No
[2,914s][debug][gc,nmethod     ] Register NMethod: java.lang.System$1.uncheckedEncodeASCII (0x00007a39d411e908) [0x00007a39d411ea00, 0x00007a39d411eb40] Compiler: c1, Barriers: 0, Oops: 0, ImmediateOops: 0, NonImmediateOops: No
[2,914s][debug][gc,nmethod     ] Register NMethod: java.util.concurrent.ConcurrentHashMap.replaceNode (0x00007a39d411ec08) [0x00007a39d411ed00, 0x00007a39d41212f0] Compiler: c1, Barriers: 18, Oops: 0, ImmediateOops: 1, NonImmediateOops: No
[2,914s][debug][gc,nmethod     ] Register NMethod: sun.nio.cs.UTF_8$Encoder.encodeLoop (0x00007a39d4121308) [0x00007a39d4121400, 0x00007a39d4121b88] Compiler: c1, Barriers: 2, Oops: 0, ImmediateOops: 0, NonImmediateOops: No
[2,914s][debug][gc,nmethod     ] Register NMethod: org.gradle.internal.remote.internal.hub.MessageHub.access$300 (0x00007a39f2e1bd08) [0x00007a39f2e1be00, 0x00007a39f2e1bed0] Compiler: c1, Barriers: 1, Oops: 1, ImmediateOops: 0, NonImmediateOops: No
[2,915s][debug][gc,nmethod     ] Register NMethod: sun.nio.cs.UTF_8$Encoder.encodeArrayLoop (0x00007a39d4121c08) [0x00007a39d4121d00, 0x00007a39d41249c0] Compiler: c1, Barriers: 2, Oops: 1, ImmediateOops: 2, NonImmediateOops: No
[2,915s][debug][gc,nmethod     ] Register NMethod: java.nio.charset.CharsetEncoder.encode (0x00007a39d4124a08) [0x00007a39d4124b00, 0x00007a39d41278c8] Compiler: c1, Barriers: 5, Oops: 0, ImmediateOops: 5, NonImmediateOops: No
[2,915s][debug][gc,nmethod     ] Register NMethod: com.github.benmanes.caffeine.cache.PSMW.getNextInAccessOrder (0x00007a39d4127908) [0x00007a39d4127a00, 0x00007a39d4127d00] Compiler: c1, Barriers: 1, Oops: 1, ImmediateOops: 0, NonImmediateOops: No
[2,915s][debug][gc,nmethod     ] Register NMethod: java.lang.invoke.Invokers$Holder.linkToTargetMethod (0x00007a39d4127d88) [0x00007a39d4127e80, 0x00007a39d4128388] Compiler: c1, Barriers: 0, Oops: 0, ImmediateOops: 0, NonImmediateOops: No
[2,915s][debug][gc,nmethod     ] Register NMethod: java.lang.invoke.LambdaForm$DMH/0x00000000ba148000.newInvokeSpecial (0x00007a39d4128408) [0x00007a39d4128500, 0x00007a39d4128da8] Compiler: c1, Barriers: 2, Oops: 1, ImmediateOops: 1, NonImmediateOops: No
[2,915s][debug][gc,nmethod     ] Register NMethod: java.util.concurrent.ForkJoinPool.execute (0x00007a39d4128e08) [0x00007a39d4128f00, 0x00007a39d4129a38] Compiler: c1, Barriers: 3, Oops: 0, ImmediateOops: 0, NonImmediateOops: No
[2,915s][debug][gc,nmethod     ] Register NMethod: io.sirix.access.trx.page.NodePageReadOnlyTrx.unpinRecordPage (0x00007a39d4129a88) [0x00007a39d4129b80, 0x00007a39d412d070] Compiler: c1, Barriers: 11, Oops: 5, ImmediateOops: 6, NonImmediateOops: No
[2,915s][debug][gc,nmethod     ] Register NMethod: java.lang.invoke.VarHandleLongs$FieldInstanceReadWrite.compareAndSet (0x00007a39d412d108) [0x00007a39d412d200, 0x00007a39d412dc40] Compiler: c1, Barriers: 1, Oops: 1, ImmediateOops: 0, NonImmediateOops: No
[2,915s][debug][gc,nmethod     ] Register NMethod: java.util.stream.AbstractPipeline.<init> (0x00007a39f2e1c008) [0x00007a39f2e1c120, 0x00007a39f2e1c300] Compiler: jvmci, Barriers: 8, Oops: 0, ImmediateOops: 0, NonImmediateOops: No
[2,915s][debug][gc,nmethod     ] Register NMethod: java.util.concurrent.ForkJoinPool.poolSubmit (0x00007a39d412dc88) [0x00007a39d412dd80, 0x00007a39d412e810] Compiler: c1, Barriers: 4, Oops: 1, ImmediateOops: 2, NonImmediateOops: No
[2,916s][debug][gc,nmethod     ] Register NMethod: com.github.benmanes.caffeine.cache.Node.inWindow (0x00007a39d412e888) [0x00007a39d412e980, 0x00007a39d412ecc8] Compiler: c1, Barriers: 0, Oops: 1, ImmediateOops: 0, NonImmediateOops: No
[2,916s][debug][gc,nmethod     ] Register NMethod: java.util.concurrent.ForkJoinPool$WorkQueue.tryLockPhase (0x00007a39d412ed08) [0x00007a39d412ee00, 0x00007a39d412efa8] Compiler: c1, Barriers: 0, Oops: 0, ImmediateOops: 0, NonImmediateOops: No
[2,916s][debug][gc,nmethod     ] Register NMethod: com.github.benmanes.caffeine.cache.AccessOrderDeque.contains (0x00007a39d412f008) [0x00007a39d412f100, 0x00007a39d412f6f8] Compiler: c1, Barriers: 1, Oops: 1, ImmediateOops: 0, NonImmediateOops: No
[2,916s][debug][gc,nmethod     ] Register NMethod: com.github.benmanes.caffeine.cache.AccessOrderDeque.setNext (0x00007a39d412f708) [0x00007a39d412f800, 0x00007a39d412fb10] Compiler: c1, Barriers: 0, Oops: 1, ImmediateOops: 0, NonImmediateOops: No
[2,916s][debug][gc,nmethod     ] Register NMethod: com.github.benmanes.caffeine.cache.AccessOrderDeque.setPrevious (0x00007a39d412fb88) [0x00007a39d412fc80, 0x00007a39d412ff90] Compiler: c1, Barriers: 0, Oops: 1, ImmediateOops: 0, NonImmediateOops: No
[2,916s][debug][gc,nmethod     ] Register NMethod: com.github.benmanes.caffeine.cache.AccessOrderDeque.setPrevious (0x00007a39d4130008) [0x00007a39d4130100, 0x00007a39d4130a60] Compiler: c1, Barriers: 0, Oops: 1, ImmediateOops: 0, NonImmediateOops: No
[2,916s][debug][gc,nmethod     ] Register NMethod: com.github.benmanes.caffeine.cache.PSMW.setPreviousInAccessOrder (0x00007a39d4130a88) [0x00007a39d4130b80, 0x00007a39d41310d0] Compiler: c1, Barriers: 3, Oops: 1, ImmediateOops: 0, NonImmediateOops: No
[2,916s][debug][gc,nmethod     ] Register NMethod: com.github.benmanes.caffeine.cache.AccessOrderDeque.setNext (0x00007a39d4131108) [0x00007a39d4131200, 0x00007a39d4131b60] Compiler: c1, Barriers: 0, Oops: 1, ImmediateOops: 0, NonImmediateOops: No
[2,916s][debug][gc,nmethod     ] Register NMethod: com.github.benmanes.caffeine.cache.PSMW.setNextInAccessOrder (0x00007a39d4131b88) [0x00007a39d4131c80, 0x00007a39d41321d0] Compiler: c1, Barriers: 3, Oops: 1, ImmediateOops: 0, NonImmediateOops: No
[2,916s][debug][gc,nmethod     ] Register NMethod: java.util.concurrent.ForkJoinPool.deactivate (0x00007a39f2e1c308) [0x00007a39f2e1c400, 0x00007a39f2e1cf18] Compiler: jvmci, Barriers: 21, Oops: 0, ImmediateOops: 1, NonImmediateOops: No
[2,916s][debug][gc,nmethod     ] Register NMethod: com.github.benmanes.caffeine.cache.SSLSMW.setHitsInSample (0x00007a39f2e1cf88) [0x00007a39f2e1d080, 0x00007a39f2e1d140] Compiler: c1, Barriers: 0, Oops: 1, ImmediateOops: 0, NonImmediateOops: No
[2,916s][debug][gc,nmethod     ] Register NMethod: com.github.benmanes.caffeine.cache.LocalManualCache.asMap (0x00007a39d4132208) [0x00007a39d4132300, 0x00007a39d41324e0] Compiler: c1, Barriers: 1, Oops: 1, ImmediateOops: 0, NonImmediateOops: No
[2,916s][debug][gc,nmethod     ] Register NMethod: com.github.benmanes.caffeine.cache.SSLSMW.accessOrderProbationDeque (0x00007a39f2e1d288) [0x00007a39f2e1d380, 0x00007a39f2e1d470] Compiler: c1, Barriers: 1, Oops: 1, ImmediateOops: 0, NonImmediateOops: No
[2,916s][debug][gc,nmethod     ] Register NMethod: com.github.benmanes.caffeine.cache.SSLMW.accessOrderProbationDeque (0x00007a39f2e1d588) [0x00007a39f2e1d680, 0x00007a39f2e1d770] Compiler: c1, Barriers: 1, Oops: 1, ImmediateOops: 0, NonImmediateOops: No
[2,916s][debug][gc,nmethod     ] Register NMethod: org.gradle.internal.io.StreamByteBuffer.hasRemaining (0x00007a39d4132508) [0x00007a39d4132600, 0x00007a39d41329f0] Compiler: c1, Barriers: 0, Oops: 1, ImmediateOops: 0, NonImmediateOops: No
[2,917s][debug][gc,nmethod     ] Register NMethod: java.nio.MappedByteBuffer.position (0x00007a39d4132a08) [0x00007a39d4132b00, 0x00007a39d4132ec0] Compiler: c1, Barriers: 0, Oops: 0, ImmediateOops: 0, NonImmediateOops: No
[2,917s][debug][gc,nmethod     ] Register NMethod: jdk.internal.util.DecimalDigits.stringSize (0x00007a39d4132f08) [0x00007a39d4133000, 0x00007a39d4133238] Compiler: c1, Barriers: 0, Oops: 0, ImmediateOops: 0, NonImmediateOops: No
[2,917s][debug][gc,nmethod     ] Register NMethod: java.lang.StringUTF16.putChar (0x00007a39f2e1d888) [0x00007a39f2e1d980, 0x00007a39f2e1da60] Compiler: jvmci, Barriers: 0, Oops: 0, ImmediateOops: 0, NonImmediateOops: No
[2,917s][debug][gc,nmethod     ] Register NMethod: java.util.stream.StreamOpFlag.fromCharacteristics (0x00007a39f2e1db88) [0x00007a39f2e1dc80, 0x00007a39f2e1de48] Compiler: jvmci, Barriers: 0, Oops: 0, ImmediateOops: 0, NonImmediateOops: No
[2,917s][debug][gc,nmethod     ] Register NMethod: jdk.internal.util.DecimalDigits.uncheckedGetCharsLatin1 (0x00007a39d4133288) [0x00007a39d4133380, 0x00007a39d4133890] Compiler: c1, Barriers: 0, Oops: 0, ImmediateOops: 0, NonImmediateOops: No
[2,917s][debug][gc,nmethod     ] Register NMethod: java.util.concurrent.ForkJoinPool.submissionQueue (0x00007a39d4133908) [0x00007a39d4133a00, 0x00007a39d4134be0] Compiler: c1, Barriers: 8, Oops: 1, ImmediateOops: 1, NonImmediateOops: No
[2,917s][debug][gc,nmethod     ] Register NMethod: java.text.StringBufFactory$StringBuilderImpl.length (0x00007a39d4134c08) [0x00007a39d4134d00, 0x00007a39d4135070] Compiler: c1, Barriers: 1, Oops: 0, ImmediateOops: 0, NonImmediateOops: No
[2,917s][debug][gc,nmethod     ] Register NMethod: java.util.Spliterator.getExactSizeIfKnown (0x00007a39f2e1de88) [0x00007a39f2e1df80, 0x00007a39f2e1e1b8] Compiler: jvmci, Barriers: 1, Oops: 0, ImmediateOops: 0, NonImmediateOops: No
[2,918s][debug][gc,nmethod     ] Register NMethod: java.util.concurrent.ConcurrentHashMap$Traverser.advance (0x00007a39f2e1e208) [0x00007a39f2e1e300, 0x00007a39f2e1e6c0] Compiler: jvmci, Barriers: 10, Oops: 0, ImmediateOops: 0, NonImmediateOops: No
[2,918s][debug][gc,nmethod     ] Register NMethod: java.util.stream.StreamSupport.stream (0x00007a39f2e1e708) [0x00007a39f2e1e820, 0x00007a39f2e1ebf8] Compiler: jvmci, Barriers: 8, Oops: 1, ImmediateOops: 0, NonImmediateOops: No
[2,918s][debug][gc,nmethod     ] Register NMethod: java.util.concurrent.locks.ReentrantLock$Sync.isHeldExclusively (0x00007a39d4135088) [0x00007a39d4135180, 0x00007a39d4135518] Compiler: c1, Barriers: 2, Oops: 0, ImmediateOops: 0, NonImmediateOops: No
[2,918s][debug][gc,nmethod     ] Register NMethod: java.lang.invoke.MethodHandles$Lookup.restrictProtectedReceiver (0x00007a39d4135588) [0x00007a39d4135680, 0x00007a39d41365f8] Compiler: c1, Barriers: 2, Oops: 0, ImmediateOops: 0, NonImmediateOops: No
[2,919s][debug][gc,nmethod     ] Register NMethod: java.util.AbstractMap$SimpleImmutableEntry.getKey (0x00007a39f2e1ec08) [0x00007a39f2e1ed00, 0x00007a39f2e1ede8] Compiler: c1, Barriers: 1, Oops: 0, ImmediateOops: 0, NonImmediateOops: No
[2,919s][debug][gc,nmethod     ] Register NMethod: java.lang.Character.hashCode (0x00007a39d4136608) [0x00007a39d4136700, 0x00007a39d41367e0] Compiler: c1, Barriers: 0, Oops: 0, ImmediateOops: 0, NonImmediateOops: No
[2,919s][debug][gc,nmethod     ] Register NMethod: java.lang.Character.hashCode (0x00007a39d4136908) [0x00007a39d4136a00, 0x00007a39d4136b58] Compiler: c1, Barriers: 0, Oops: 0, ImmediateOops: 0, NonImmediateOops: No
[2,919s][debug][gc,nmethod     ] Register NMethod: java.lang.Character.valueOf (0x00007a39d4136c08) [0x00007a39d4136d00, 0x00007a39d4136fa0] Compiler: c1, Barriers: 1, Oops: 0, ImmediateOops: 1, NonImmediateOops: No
[2,919s][debug][gc,nmethod     ] Register NMethod: java.util.ArrayList.checkForComodification (0x00007a39d4137008) [0x00007a39d4137100, 0x00007a39d41372b0] Compiler: c1, Barriers: 0, Oops: 0, ImmediateOops: 0, NonImmediateOops: No
[2,919s][debug][gc,nmethod     ] Register NMethod: java.lang.invoke.Invokers$Holder.linkToTargetMethod (0x00007a39d4137308) [0x00007a39d4137400, 0x00007a39d41378f8] Compiler: c1, Barriers: 0, Oops: 0, ImmediateOops: 0, NonImmediateOops: No
[2,919s][debug][gc,nmethod     ] Register NMethod: java.lang.invoke.LambdaForm$DMH/0x00000000ba1ac800.newInvokeSpecial (0x00007a39d4137908) [0x00007a39d4137a00, 0x00007a39d4138280] Compiler: c1, Barriers: 2, Oops: 1, ImmediateOops: 1, NonImmediateOops: No
[2,920s][debug][gc,director    ] Rule Major: Warmup 10%, Used: 480MB, UsedThreshold: 1228MB
[2,920s][debug][gc,nmethod     ] Register NMethod: io.sirix.node.SirixDeweyID.<init> (0x00007a39f2e1ef08) [0x00007a39f2e1f000, 0x00007a39f2e1f848] Compiler: jvmci, Barriers: 3, Oops: 1, ImmediateOops: 2, NonImmediateOops: No
[2,920s][debug][gc,nmethod     ] Register NMethod: java.util.concurrent.locks.ReentrantReadWriteLock.readLock (0x00007a39f2e1f888) [0x00007a39f2e1f980, 0x00007a39f2e1fa68] Compiler: c1, Barriers: 1, Oops: 0, ImmediateOops: 0, NonImmediateOops: No
[2,920s][debug][gc,nmethod     ] Register NMethod: java.util.ArrayDeque.push (0x00007a39d4138308) [0x00007a39d4138400, 0x00007a39d4138530] Compiler: c1, Barriers: 0, Oops: 0, ImmediateOops: 0, NonImmediateOops: No
[2,920s][debug][gc,nmethod     ] Register NMethod: java.util.ArrayDeque.addFirst (0x00007a39d4138608) [0x00007a39d4138700, 0x00007a39d4138ce0] Compiler: c1, Barriers: 4, Oops: 0, ImmediateOops: 0, NonImmediateOops: No
[2,921s][debug][gc,nmethod     ] Register NMethod: sun.nio.cs.StreamEncoder.ensureOpen (0x00007a39d4138d08) [0x00007a39d4138e00, 0x00007a39d4138ff8] Compiler: c1, Barriers: 0, Oops: 0, ImmediateOops: 1, NonImmediateOops: No
[2,921s][debug][gc,nmethod     ] Register NMethod: sun.nio.cs.StreamEncoder.implWrite (0x00007a39d4139008) [0x00007a39d4139100, 0x00007a39d4139438] Compiler: c1, Barriers: 0, Oops: 0, ImmediateOops: 0, NonImmediateOops: No
[2,921s][debug][gc,nmethod     ] Register NMethod: java.lang.Math.round (0x00007a39d4139488) [0x00007a39d4139580, 0x00007a39d4139748] Compiler: c1, Barriers: 0, Oops: 0, ImmediateOops: 0, NonImmediateOops: No
[2,921s][debug][gc,nmethod     ] Register NMethod: sun.nio.cs.StreamEncoder.write (0x00007a39d4139788) [0x00007a39d4139880, 0x00007a39d413a368] Compiler: c1, Barriers: 1, Oops: 0, ImmediateOops: 1, NonImmediateOops: No
[2,921s][debug][gc,nmethod     ] Register NMethod: sun.nio.cs.StreamEncoder.growByteBufferIfNeeded (0x00007a39d413a388) [0x00007a39d413a480, 0x00007a39d413b030] Compiler: c1, Barriers: 6, Oops: 0, ImmediateOops: 0, NonImmediateOops: No
[2,922s][debug][gc,nmethod     ] Register NMethod: sun.nio.fs.UnixFileSystem.normalizeNativePath (0x00007a39d413b088) [0x00007a39d413b180, 0x00007a39d413b280] Compiler: c1, Barriers: 0, Oops: 0, ImmediateOops: 0, NonImmediateOops: No
[2,922s][debug][gc,nmethod     ] Register NMethod: sun.nio.fs.Util.jnuEncoding (0x00007a39d413b388) [0x00007a39d413b480, 0x00007a39d413b568] Compiler: c1, Barriers: 0, Oops: 0, ImmediateOops: 1, NonImmediateOops: No
[2,922s][debug][gc,nmethod     ] Register NMethod: sun.nio.fs.UnixPath.<init> (0x00007a39d413b688) [0x00007a39d413b780, 0x00007a39d413baa8] Compiler: c1, Barriers: 6, Oops: 0, ImmediateOops: 0, NonImmediateOops: No
[2,922s][debug][gc,nmethod     ] Register NMethod: sun.nio.cs.StreamEncoder.implWrite (0x00007a39d413bb08) [0x00007a39d413bc00, 0x00007a39d413d628] Compiler: c1, Barriers: 3, Oops: 0, ImmediateOops: 0, NonImmediateOops: No
[2,922s][debug][gc,nmethod     ] Register NMethod: java.lang.String.checkBoundsBeginEnd (0x00007a39f2e1fb88) [0x00007a39f2e1fc80, 0x00007a39f2e1fd28] Compiler: jvmci, Barriers: 0, Oops: 0, ImmediateOops: 0, NonImmediateOops: No
[2,922s][debug][gc,nmethod     ] Register NMethod: sun.nio.fs.UnixPath.encode (0x00007a39d413d688) [0x00007a39d413d780, 0x00007a39d413e850] Compiler: c1, Barriers: 1, Oops: 2, ImmediateOops: 3, NonImmediateOops: No
[2,923s][debug][gc,nmethod     ] Register NMethod: sun.nio.fs.UnixFileSystem.getPath (0x00007a39d413e888) [0x00007a39d413e980, 0x00007a39d41402b0] Compiler: c1, Barriers: 8, Oops: 0, ImmediateOops: 1, NonImmediateOops: No
[2,923s][debug][gc,nmethod     ] Register NMethod: io.sirix.cache.BufferManagerImpl.getPageCache (0x00007a39f2e1fe88) [0x00007a39f2e1ff80, 0x00007a39f2e20068] Compiler: c1, Barriers: 1, Oops: 1, ImmediateOops: 0, NonImmediateOops: No
[2,923s][debug][gc,nmethod     ] Register NMethod: sun.nio.fs.UnixNativeDispatcher.access0 (0x00007a39f2e20188) [0x00007a39f2e20280, 0x00007a39f2e203e0] Compiler: , Barriers: 0, Oops: 0, ImmediateOops: 1, NonImmediateOops: No
[2,924s][debug][gc,nmethod     ] Register NMethod: java.util.BitSet.and (0x00007a39d4140308) [0x00007a39d4140400, 0x00007a39d4140850] Compiler: c1, Barriers: 3, Oops: 0, ImmediateOops: 0, NonImmediateOops: No
[2,924s][debug][gc,nmethod     ] Register NMethod: io.sirix.page.delegates.BitmapReferencesPage.index (0x00007a39d4140888) [0x00007a39d4140980, 0x00007a39d4140ea0] Compiler: c1, Barriers: 4, Oops: 1, ImmediateOops: 0, NonImmediateOops: No
[2,924s][debug][gc,nmethod     ] Register NMethod: io.sirix.page.KeyValueLeafPage.addReferences (0x00007a39d4140f08) [0x00007a39d4141000, 0x00007a39d4142120] Compiler: c1, Barriers: 6, Oops: 1, ImmediateOops: 0, NonImmediateOops: No
[2,925s][debug][gc,nmethod     ] Register NMethod: io.sirix.page.KeyValueLeafPage.processEntries (0x00007a39d4142188) [0x00007a39d4142280, 0x00007a39d4144fc0] Compiler: c1, Barriers: 17, Oops: 1, ImmediateOops: 0, NonImmediateOops: No
[2,926s][debug][gc,nmethod     ] Register NMethod: java.util.stream.AbstractPipeline.copyInto (0x00007a39f2e20488) [0x00007a39f2e20580, 0x00007a39f2e20d20] Compiler: jvmci, Barriers: 17, Oops: 0, ImmediateOops: 0, NonImmediateOops: No
[2,927s][debug][gc,nmethod     ] Register NMethod: net.jpountz.xxhash.StreamingXXHash32$1.getValue (0x00007a39d4145008) [0x00007a39d4145100, 0x00007a39d41455f0] Compiler: c1, Barriers: 1, Oops: 1, ImmediateOops: 1, NonImmediateOops: No
[2,927s][debug][gc,nmethod     ] Register NMethod: java.io.OutputStream.<init> (0x00007a39d4145608) [0x00007a39d4145700, 0x00007a39d4145858] Compiler: c1, Barriers: 0, Oops: 0, ImmediateOops: 0, NonImmediateOops: No
[2,927s][debug][gc,nmethod     ] Register NMethod: net.jpountz.xxhash.StreamingXXHash32JNI.update (0x00007a39d4145908) [0x00007a39d4145a00, 0x00007a39d4145e08] Compiler: c1, Barriers: 0, Oops: 1, ImmediateOops: 1, NonImmediateOops: No
[2,927s][debug][gc,nmethod     ] Register NMethod: net.jpountz.xxhash.StreamingXXHash32$1.update (0x00007a39d4145e88) [0x00007a39d4145f80, 0x00007a39d4146108] Compiler: c1, Barriers: 1, Oops: 1, ImmediateOops: 0, NonImmediateOops: No
[2,927s][debug][gc,nmethod     ] Register NMethod: net.jpountz.xxhash.StreamingXXHash32JNI.reset (0x00007a39d4146188) [0x00007a39d4146280, 0x00007a39d41466c0] Compiler: c1, Barriers: 0, Oops: 1, ImmediateOops: 1, NonImmediateOops: No
[2,927s][debug][gc,nmethod     ] Register NMethod: net.jpountz.xxhash.StreamingXXHash32$1.reset (0x00007a39d4146708) [0x00007a39d4146800, 0x00007a39d4146d10] Compiler: c1, Barriers: 1, Oops: 1, ImmediateOops: 1, NonImmediateOops: No
[2,929s][debug][gc,nmethod     ] Register NMethod: jdk.internal.classfile.impl.SuperclassImpl.writeTo (0x00007a39d4146d88) [0x00007a39d4146e80, 0x00007a39d4147208] Compiler: c1, Barriers: 4, Oops: 0, ImmediateOops: 0, NonImmediateOops: No
[2,929s][debug][gc,nmethod     ] Register NMethod: java.lang.classfile.Superclass.of (0x00007a39d4147288) [0x00007a39d4147380, 0x00007a39d4147798] Compiler: c1, Barriers: 3, Oops: 0, ImmediateOops: 0, NonImmediateOops: No
[2,929s][debug][gc,nmethod     ] Register NMethod: jdk.internal.classfile.impl.SuperclassImpl.<init> (0x00007a39d4147808) [0x00007a39d4147900, 0x00007a39d4147c80] Compiler: c1, Barriers: 3, Oops: 0, ImmediateOops: 0, NonImmediateOops: No
[2,929s][debug][gc,nmethod     ] Register NMethod: java.lang.classfile.ClassBuilder.withSuperclass (0x00007a39d4147c88) [0x00007a39d4147d80, 0x00007a39d41486c8] Compiler: c1, Barriers: 3, Oops: 0, ImmediateOops: 0, NonImmediateOops: No
[2,930s][debug][gc,director    ] Rule Major: Warmup 10%, Used: 482MB, UsedThreshold: 1228MB
[2,932s][debug][gc,nmethod     ] Register NMethod: java.lang.StringBuilder.append (0x00007a39f2e20d88) [0x00007a39f2e20e80, 0x00007a39f2e219e8] Compiler: jvmci, Barriers: 6, Oops: 0, ImmediateOops: 0, NonImmediateOops: No
[2,940s][debug][gc,director    ] Rule Major: Warmup 10%, Used: 482MB, UsedThreshold: 1228MB
[2,941s][debug][gc,nmethod     ] Register NMethod: io.sirix.node.GrowingMemorySegment.<init> (0x00007a39f2e21a08) [0x00007a39f2e21b00, 0x00007a39f2e23508] Compiler: jvmci, Barriers: 72, Oops: 4, ImmediateOops: 9, NonImmediateOops: No
[2,946s][debug][gc,nmethod     ] Register NMethod: sun.nio.ch.NativeDispatcher.needsPositionLock (0x00007a39f2e23588) [0x00007a39f2e23680, 0x00007a39f2e23740] Compiler: c1, Barriers: 0, Oops: 0, ImmediateOops: 0, NonImmediateOops: No
[2,946s][debug][gc,nmethod     ] Register NMethod: io.sirix.access.DatabaseConfiguration.getDatabaseId (0x00007a39f2e23888) [0x00007a39f2e23980, 0x00007a39f2e23a40] Compiler: c1, Barriers: 0, Oops: 1, ImmediateOops: 0, NonImmediateOops: No
[2,946s][debug][gc,nmethod     ] Register NMethod: io.sirix.access.ResourceConfiguration.getID (0x00007a39f2e23b88) [0x00007a39f2e23c80, 0x00007a39f2e23d40] Compiler: c1, Barriers: 0, Oops: 1, ImmediateOops: 0, NonImmediateOops: No
[2,946s][debug][gc,nmethod     ] Register NMethod: com.github.benmanes.caffeine.cache.SSLS.statsCounter (0x00007a39f2e23e88) [0x00007a39f2e23f80, 0x00007a39f2e24070] Compiler: c1, Barriers: 1, Oops: 1, ImmediateOops: 0, NonImmediateOops: No
[2,946s][debug][gc,nmethod     ] Register NMethod: org.magicwerk.brownies.collections.GapList.doGet (0x00007a39d4148708) [0x00007a39d4148800, 0x00007a39d4148b38] Compiler: c1, Barriers: 2, Oops: 1, ImmediateOops: 0, NonImmediateOops: No
[2,946s][debug][gc,nmethod     ] Register NMethod: org.magicwerk.brownies.collections.GapList.get (0x00007a39d4148b88) [0x00007a39d4148c80, 0x00007a39d414a678] Compiler: c1, Barriers: 0, Oops: 4, ImmediateOops: 4, NonImmediateOops: No
[2,946s][debug][gc,nmethod     ] Register NMethod: com.github.benmanes.caffeine.cache.BoundedLocalCache.keyReferenceQueue (0x00007a39f2e24188) [0x00007a39f2e24280, 0x00007a39f2e24348] Compiler: c1, Barriers: 0, Oops: 1, ImmediateOops: 0, NonImmediateOops: No
[2,946s][debug][gc,nmethod     ] Register NMethod: com.github.benmanes.caffeine.cache.BoundedLocalCache.discardRefresh (0x00007a39d414a708) [0x00007a39d414a800, 0x00007a39d414adb0] Compiler: c1, Barriers: 1, Oops: 1, ImmediateOops: 0, NonImmediateOops: No
[2,947s][debug][gc,nmethod     ] Register NMethod: io.sirix.page.delegates.BitmapReferencesPage.getOrCreateReference (0x00007a39d414ae08) [0x00007a39d414af00, 0x00007a39d414b5a8] Compiler: c1, Barriers: 2, Oops: 1, ImmediateOops: 0, NonImmediateOops: No
[2,947s][debug][gc,nmethod     ] Register NMethod: java.util.concurrent.ForkJoinPool.compareAndExchangeCtl (0x00007a39d414b608) [0x00007a39d414b700, 0x00007a39d414ba10] Compiler: c1, Barriers: 0, Oops: 0, ImmediateOops: 1, NonImmediateOops: No
[2,947s][debug][gc,nmethod     ] Register NMethod: java.nio.HeapByteBuffer.<init> (0x00007a39d414ba88) [0x00007a39d414bb80, 0x00007a39d414bd80] Compiler: c1, Barriers: 0, Oops: 0, ImmediateOops: 0, NonImmediateOops: No
[2,947s][debug][gc,nmethod     ] Register NMethod: sun.nio.fs.UnixPath.resolve (0x00007a39d414bd88) [0x00007a39d414be80, 0x00007a39d414c448] Compiler: c1, Barriers: 0, Oops: 0, ImmediateOops: 0, NonImmediateOops: No
[2,947s][debug][gc,nmethod     ] Register NMethod: io.sirix.access.trx.page.NodePageReadOnlyTrx$PageFragmentsResult.pages (0x00007a39f2e24488) [0x00007a39f2e24580, 0x00007a39f2e24668] Compiler: c1, Barriers: 1, Oops: 1, ImmediateOops: 0, NonImmediateOops: No
[2,947s][debug][gc,nmethod     ] Register NMethod: sun.nio.fs.UnixPath.resolve (0x00007a39d414c488) [0x00007a39d414c580, 0x00007a39d414d238] Compiler: c1, Barriers: 9, Oops: 0, ImmediateOops: 0, NonImmediateOops: No
[2,947s][debug][gc,nmethod     ] Register NMethod: jdk.internal.misc.Unsafe.weakCompareAndSetLongRelease (0x00007a39d414d288) [0x00007a39d414d380, 0x00007a39d414d4a0] Compiler: c1, Barriers: 0, Oops: 0, ImmediateOops: 0, NonImmediateOops: No
[2,947s][debug][gc,nmethod     ] Register NMethod: java.lang.String.<init> (0x00007a39f2e24788) [0x00007a39f2e24880, 0x00007a39f2e24970] Compiler: jvmci, Barriers: 3, Oops: 0, ImmediateOops: 0, NonImmediateOops: No
[2,947s][debug][gc,nmethod     ] Register NMethod: java.util.concurrent.atomic.Striped64.casBase (0x00007a39d414d588) [0x00007a39d414d680, 0x00007a39d414e4f0] Compiler: c1, Barriers: 0, Oops: 5, ImmediateOops: 6, NonImmediateOops: No
[2,947s][debug][gc,nmethod     ] Register NMethod: java.util.concurrent.atomic.LongAdder.add (0x00007a39d414e588) [0x00007a39d414e680, 0x00007a39d414eff8] Compiler: c1, Barriers: 3, Oops: 1, ImmediateOops: 2, NonImmediateOops: No
[2,948s][debug][gc,nmethod     ] Register NMethod: java.lang.invoke.VarHandleLongs$FieldInstanceReadWrite.weakCompareAndSetRelease (0x00007a39d414f008) [0x00007a39d414f100, 0x00007a39d414fd28] Compiler: c1, Barriers: 1, Oops: 1, ImmediateOops: 1, NonImmediateOops: No
[2,948s][debug][gc,nmethod     ] Register NMethod: java.util.concurrent.ForkJoinPool$WorkQueue.unlockPhase (0x00007a39d414fd88) [0x00007a39d414fe80, 0x00007a39d414ff90] Compiler: c1, Barriers: 0, Oops: 0, ImmediateOops: 0, NonImmediateOops: No
[2,948s][debug][gc,nmethod     ] Register NMethod: io.sirix.page.KeyValueLeafPage.getNumberOfNonNullEntries (0x00007a39d4150088) [0x00007a39d4150180, 0x00007a39d4150730] Compiler: c1, Barriers: 2, Oops: 1, ImmediateOops: 0, NonImmediateOops: No
[2,948s][debug][gc,nmethod     ] Register NMethod: io.sirix.page.KeyValueLeafPage.getNumberOfNonNullEntries (0x00007a39d4150788) [0x00007a39d4150880, 0x00007a39d4150da0] Compiler: c1, Barriers: 2, Oops: 1, ImmediateOops: 0, NonImmediateOops: No
[2,948s][debug][gc,nmethod     ] Register NMethod: com.github.benmanes.caffeine.cache.BoundedLocalCache.setAccessTime (0x00007a39d4150e08) [0x00007a39d4150f00, 0x00007a39d4151228] Compiler: c1, Barriers: 0, Oops: 1, ImmediateOops: 0, NonImmediateOops: No
[2,948s][debug][gc,nmethod     ] Register NMethod: java.nio.HeapByteBuffer.isReadOnly (0x00007a39f2e24a88) [0x00007a39f2e24b80, 0x00007a39f2e24c40] Compiler: c1, Barriers: 0, Oops: 0, ImmediateOops: 0, NonImmediateOops: No
[2,948s][debug][gc,nmethod     ] Register NMethod: jdk.internal.misc.Unsafe.putLongRelease (0x00007a39d4151288) [0x00007a39d4151380, 0x00007a39d4151498] Compiler: c1, Barriers: 0, Oops: 0, ImmediateOops: 0, NonImmediateOops: No
[2,948s][debug][gc,nmethod     ] Register NMethod: com.github.benmanes.caffeine.cache.SSLMW.setWindowWeightedSize (0x00007a39f2e24d88) [0x00007a39f2e24e80, 0x00007a39f2e24f40] Compiler: c1, Barriers: 0, Oops: 1, ImmediateOops: 0, NonImmediateOops: No
[2,948s][debug][gc,nmethod     ] Register NMethod: com.github.benmanes.caffeine.cache.SSLMW.setWeightedSize (0x00007a39f2e25088) [0x00007a39f2e25180, 0x00007a39f2e25240] Compiler: c1, Barriers: 0, Oops: 1, ImmediateOops: 0, NonImmediateOops: No
[2,949s][debug][gc,nmethod     ] Register NMethod: java.util.concurrent.ForkJoinWorkerThread.resetThreadLocals (0x00007a39d4151588) [0x00007a39d4151680, 0x00007a39d4151b50] Compiler: c1, Barriers: 8, Oops: 0, ImmediateOops: 0, NonImmediateOops: No
[2,949s][debug][gc,nmethod     ] Register NMethod: java.util.concurrent.ConcurrentLinkedDeque.updateHead (0x00007a39d4151b88) [0x00007a39d4151c80, 0x00007a39d4152380] Compiler: c1, Barriers: 6, Oops: 1, ImmediateOops: 1, NonImmediateOops: No
[2,949s][debug][gc,nmethod     ] Register NMethod: io.sirix.node.HashCountEntryNode.incrementValue (0x00007a39f2e25388) [0x00007a39f2e25480, 0x00007a39f2e25508] Compiler: jvmci, Barriers: 0, Oops: 1, ImmediateOops: 0, NonImmediateOops: No
[2,949s][debug][gc,nmethod     ] Register NMethod: java.util.concurrent.ConcurrentLinkedDeque.updateTail (0x00007a39d4152408) [0x00007a39d4152500, 0x00007a39d4152c00] Compiler: c1, Barriers: 6, Oops: 1, ImmediateOops: 1, NonImmediateOops: No
[2,949s][debug][gc,nmethod     ] Register NMethod: java.util.concurrent.ConcurrentLinkedDeque.skipDeletedSuccessors (0x00007a39d4152c88) [0x00007a39d4152d80, 0x00007a39d4154ab0] Compiler: c1, Barriers: 11, Oops: 5, ImmediateOops: 11, NonImmediateOops: No
[2,949s][debug][gc,nmethod     ] Register NMethod: com.github.benmanes.caffeine.cache.SSLSMW.mainProtectedWeightedSize (0x00007a39f2e25688) [0x00007a39f2e25780, 0x00007a39f2e25840] Compiler: c1, Barriers: 0, Oops: 1, ImmediateOops: 0, NonImmediateOops: No
[2,949s][debug][gc,nmethod     ] Register NMethod: java.util.concurrent.ConcurrentLinkedDeque.skipDeletedPredecessors (0x00007a39d4154b08) [0x00007a39d4154c00, 0x00007a39d4156930] Compiler: c1, Barriers: 11, Oops: 5, ImmediateOops: 11, NonImmediateOops: No
[2,949s][debug][gc,nmethod     ] Register NMethod: com.github.benmanes.caffeine.cache.BaseMpscLinkedArrayQueue.casProducerIndex (0x00007a39d4156988) [0x00007a39d4156a80, 0x00007a39d41577b0] Compiler: c1, Barriers: 0, Oops: 6, ImmediateOops: 5, NonImmediateOops: No
[2,949s][debug][gc,nmethod     ] Register NMethod: io.sirix.index.path.summary.PathSummaryReader.getNodeKey (0x00007a39d4157808) [0x00007a39d4157900, 0x00007a39d4157db0] Compiler: c1, Barriers: 1, Oops: 1, ImmediateOops: 1, NonImmediateOops: No
[2,950s][debug][gc,nmethod     ] Register NMethod: com.github.benmanes.caffeine.cache.SSLSMW.setWeightedSize (0x00007a39f2e25988) [0x00007a39f2e25a80, 0x00007a39f2e25b40] Compiler: c1, Barriers: 0, Oops: 1, ImmediateOops: 0, NonImmediateOops: No
[2,950s][debug][gc,director    ] Rule Major: Warmup 10%, Used: 484MB, UsedThreshold: 1228MB
[2,950s][debug][gc,nmethod     ] Register NMethod: com.github.benmanes.caffeine.cache.BoundedLocalCache.scheduleAfterWrite (0x00007a39d4157e08) [0x00007a39d4157f00, 0x00007a39d415b4e0] Compiler: c1, Barriers: 0, Oops: 7, ImmediateOops: 17, NonImmediateOops: No
[2,950s][debug][gc,nmethod     ] Register NMethod: com.github.benmanes.caffeine.cache.SSLSMW.mainProtectedMaximum (0x00007a39f2e25c88) [0x00007a39f2e25d80, 0x00007a39f2e25e40] Compiler: c1, Barriers: 0, Oops: 1, ImmediateOops: 0, NonImmediateOops: No
[2,950s][debug][gc,nmethod     ] Register NMethod: com.github.benmanes.caffeine.cache.BaseMpscLinkedArrayQueue.offer (0x00007a39d415b588) [0x00007a39d415b680, 0x00007a39d415e990] Compiler: c1, Barriers: 4, Oops: 12, ImmediateOops: 16, NonImmediateOops: No
[2,951s][debug][gc,nmethod     ] Register NMethod: io.sirix.access.trx.page.NodePageTrx$IndexLogKeyToPageContainer.<init> (0x00007a39d415ea08) [0x00007a39d415eb00, 0x00007a39d415edb0] Compiler: c1, Barriers: 6, Oops: 1, ImmediateOops: 0, NonImmediateOops: No
[2,951s][debug][gc,nmethod     ] Register NMethod: io.sirix.access.trx.page.NodePageTrx.prepareRecordPage (0x00007a39d415ee08) [0x00007a39d415ef00, 0x00007a39d41614a8] Compiler: c1, Barriers: 38, Oops: 4, ImmediateOops: 3, NonImmediateOops: No
[2,951s][debug][gc,nmethod     ] Register NMethod: it.unimi.dsi.fastutil.ints.Int2IntOpenHashMap.insert (0x00007a39d4161508) [0x00007a39d4161600, 0x00007a39d41618b0] Compiler: c1, Barriers: 2, Oops: 1, ImmediateOops: 0, NonImmediateOops: No
[2,952s][debug][gc,nmethod     ] Register NMethod: io.sirix.access.trx.page.NodePageTrx.prepareRecordForModification (0x00007a39d4161908) [0x00007a39d4161a00, 0x00007a39d4163888] Compiler: c1, Barriers: 7, Oops: 2, ImmediateOops: 4, NonImmediateOops: No
[2,952s][debug][gc,nmethod     ] Register NMethod: io.sirix.node.xml.AbstractStructForwardingNode.setLeftSiblingKey (0x00007a39d4163908) [0x00007a39d4163a00, 0x00007a39d4163d40] Compiler: c1, Barriers: 0, Oops: 1, ImmediateOops: 0, NonImmediateOops: No
[2,952s][debug][gc,nmethod     ] Register NMethod: it.unimi.dsi.fastutil.ints.Int2LongOpenHashMap.get (0x00007a39d4163d88) [0x00007a39d4163e80, 0x00007a39d41643d0] Compiler: c1, Barriers: 4, Oops: 1, ImmediateOops: 0, NonImmediateOops: No
[2,952s][debug][gc,nmethod     ] Register NMethod: it.unimi.dsi.fastutil.ints.Int2LongOpenHashMap.insert (0x00007a39d4164408) [0x00007a39d4164500, 0x00007a39d41647b0] Compiler: c1, Barriers: 2, Oops: 1, ImmediateOops: 0, NonImmediateOops: No
[2,952s][debug][gc,nmethod     ] Register NMethod: io.sirix.index.path.summary.PathSummaryReader.putMapping (0x00007a39d4164808) [0x00007a39d4164900, 0x00007a39d4165338] Compiler: c1, Barriers: 9, Oops: 1, ImmediateOops: 0, NonImmediateOops: No
[2,952s][debug][gc,nmethod     ] Register NMethod: it.unimi.dsi.fastutil.ints.Int2ObjectOpenHashMap.get (0x00007a39d4165388) [0x00007a39d4165480, 0x00007a39d4165af0] Compiler: c1, Barriers: 10, Oops: 1, ImmediateOops: 0, NonImmediateOops: No
[2,952s][debug][gc,nmethod     ] Register NMethod: io.sirix.access.trx.node.xml.XmlNodeReadOnlyTrxImpl.getNode (0x00007a39d4165b08) [0x00007a39d4165c00, 0x00007a39d4165ef8] Compiler: c1, Barriers: 0, Oops: 1, ImmediateOops: 0, NonImmediateOops: No
[2,952s][debug][gc,nmethod     ] Register NMethod: io.sirix.page.NamePage.setName (0x00007a39d4165f08) [0x00007a39d4166000, 0x00007a39d41675c0] Compiler: c1, Barriers: 25, Oops: 1, ImmediateOops: 2, NonImmediateOops: No
[2,953s][debug][gc,nmethod     ] Register NMethod: io.sirix.access.trx.node.AbstractNodeHashing.rollingAdd (0x00007a39d4167608) [0x00007a39d4167700, 0x00007a39d416ca00] Compiler: c1, Barriers: 15, Oops: 1, ImmediateOops: 2, NonImmediateOops: No
[2,953s][debug][gc,nmethod     ] Register NMethod: io.brackit.query.node.parser.SAX2SubtreeHandlerAdapter.handleText (0x00007a39d416ca88) [0x00007a39d416cb80, 0x00007a39d416da20] Compiler: c1, Barriers: 11, Oops: 1, ImmediateOops: 2, NonImmediateOops: No
[2,954s][debug][gc,nmethod     ] Register NMethod: com.sun.org.apache.xerces.internal.parsers.AbstractSAXParser.characters (0x00007a39d416da88) [0x00007a39d416db80, 0x00007a39d416e128] Compiler: c1, Barriers: 4, Oops: 0, ImmediateOops: 0, NonImmediateOops: No
[2,954s][debug][gc,nmethod     ] Register NMethod: io.sirix.access.trx.page.NodePageTrx.createRecord (0x00007a39d416e188) [0x00007a39d416e280, 0x00007a39d41746c8] Compiler: c1, Barriers: 30, Oops: 1, ImmediateOops: 6, NonImmediateOops: No
[2,955s][debug][gc,nmethod     ] Register NMethod: io.brackit.query.node.parser.SAX2SubtreeHandlerAdapter.startElement (0x00007a39d4174708) [0x00007a39d4174800, 0x00007a39d41767e8] Compiler: c1, Barriers: 6, Oops: 1, ImmediateOops: 3, NonImmediateOops: No
[2,955s][debug][gc,nmethod     ] Register NMethod: io.sirix.access.trx.node.xml.XmlNodeTrxImpl.adaptForInsert (0x00007a39d4176808) [0x00007a39d4176900, 0x00007a39d41796a8] Compiler: c1, Barriers: 3, Oops: 1, ImmediateOops: 3, NonImmediateOops: No
[2,955s][debug][gc,nmethod     ] Register NMethod: io.sirix.axis.AbstractAxis.resetToLastKey (0x00007a39f2e25f88) [0x00007a39f2e26080, 0x00007a39f2e263d8] Compiler: jvmci, Barriers: 4, Oops: 1, ImmediateOops: 0, NonImmediateOops: No
[2,955s][debug][gc,nmethod     ] Register NMethod: io.sirix.access.trx.node.xml.XmlNodeHashing.setCurrentNode (0x00007a39f2e26408) [0x00007a39f2e26500, 0x00007a39f2e26790] Compiler: jvmci, Barriers: 4, Oops: 1, ImmediateOops: 0, NonImmediateOops: No
[2,955s][debug][gc,nmethod     ] Register NMethod: com.sun.org.apache.xerces.internal.util.XMLAttributesImpl.getName (0x00007a39f2e26808) [0x00007a39f2e26900, 0x00007a39f2e26d38] Compiler: jvmci, Barriers: 19, Oops: 0, ImmediateOops: 0, NonImmediateOops: No
[2,956s][debug][gc,nmethod     ] Register NMethod: io.brackit.query.node.parser.SAX2SubtreeHandlerAdapter.characters (0x00007a39d4179708) [0x00007a39d4179800, 0x00007a39d4179b10] Compiler: c1, Barriers: 1, Oops: 1, ImmediateOops: 0, NonImmediateOops: No
[2,956s][debug][gc,nmethod     ] Register NMethod: io.sirix.access.trx.node.xml.XmlNodeHashing.getStructuralNode (0x00007a39f2e26d88) [0x00007a39f2e26e80, 0x00007a39f2e27188] Compiler: jvmci, Barriers: 4, Oops: 1, ImmediateOops: 0, NonImmediateOops: No
[2,956s][debug][gc,nmethod     ] Register NMethod: io.sirix.axis.ChildAxis.reset (0x00007a39f2e27208) [0x00007a39f2e27300, 0x00007a39f2e27400] Compiler: jvmci, Barriers: 3, Oops: 1, ImmediateOops: 1, NonImmediateOops: No
[2,956s][debug][gc,nmethod     ] Register NMethod: io.sirix.index.name.Names.setName (0x00007a39d4179b88) [0x00007a39d4179c80, 0x00007a39d417be70] Compiler: c1, Barriers: 12, Oops: 2, ImmediateOops: 4, NonImmediateOops: No
[2,956s][debug][gc,nmethod     ] Register NMethod: io.brackit.query.node.parser.SAX2SubtreeHandlerAdapter$TrimmingStringBuilder.append (0x00007a39d417be88) [0x00007a39d417bf80, 0x00007a39d417c410] Compiler: c1, Barriers: 5, Oops: 1, ImmediateOops: 0, NonImmediateOops: No
[2,957s][debug][gc,nmethod     ] Register NMethod: com.sun.org.apache.xerces.internal.impl.XMLDocumentFragmentScannerImpl$FragmentContentDriver.next (0x00007a39d417c488) [0x00007a39d417c580, 0x00007a39d418a040] Compiler: c1, Barriers: 140, Oops: 1, ImmediateOops: 14, NonImmediateOops: No
[2,958s][debug][gc,nmethod     ] Register NMethod: io.sirix.index.path.summary.PathSummaryWriter.getPathNodeKey (0x00007a39d418a088) [0x00007a39d418a180, 0x00007a39d418dfe0] Compiler: c1, Barriers: 25, Oops: 1, ImmediateOops: 8, NonImmediateOops: No
[2,958s][debug][gc,nmethod     ] Register NMethod: io.brackit.query.atomic.QNm.<init> (0x00007a39d418e008) [0x00007a39d418e100, 0x00007a39d418e5a8] Compiler: c1, Barriers: 9, Oops: 1, ImmediateOops: 3, NonImmediateOops: No
[2,958s][debug][gc,nmethod     ] Register NMethod: io.sirix.node.xml.ElementNode.hasLeftSibling (0x00007a39d418e608) [0x00007a39d418e700, 0x00007a39d4193b38] Compiler: c1, Barriers: 19, Oops: 7, ImmediateOops: 12, NonImmediateOops: No
[2,958s][debug][gc,nmethod     ] Register NMethod: java.util.concurrent.ForkJoinPool.deactivate (0x00007a39f2e27508) [0x00007a39f2e27600, 0x00007a39f2e28478] Compiler: jvmci, Barriers: 28, Oops: 0, ImmediateOops: 1, NonImmediateOops: No
[2,959s][debug][gc,nmethod     ] Register NMethod: com.sun.org.apache.xerces.internal.util.NamespaceSupport.pushContext (0x00007a39d4193b88) [0x00007a39d4193c80, 0x00007a39d4193ff0] Compiler: c1, Barriers: 5, Oops: 0, ImmediateOops: 0, NonImmediateOops: No
[2,959s][debug][gc,nmethod     ] Register NMethod: com.sun.org.apache.xerces.internal.impl.XMLNSDocumentScannerImpl.scanStartElement (0x00007a39d4194008) [0x00007a39d4194100, 0x00007a39d419c360] Compiler: c1, Barriers: 176, Oops: 11, ImmediateOops: 26, NonImmediateOops: No
[2,960s][debug][gc,nmethod     ] Register NMethod: io.sirix.access.trx.page.NodePageTrx.createNameKey (0x00007a39d419c408) [0x00007a39d419c500, 0x00007a39d419df38] Compiler: c1, Barriers: 7, Oops: 1, ImmediateOops: 3, NonImmediateOops: No
[2,960s][debug][gc,nmethod     ] Register NMethod: io.sirix.access.trx.page.NodePageTrx.getMostRecentPageContainer (0x00007a39f2e28488) [0x00007a39f2e28580, 0x00007a39f2e28988] Compiler: jvmci, Barriers: 9, Oops: 1, ImmediateOops: 1, NonImmediateOops: No
[2,960s][debug][gc,director    ] Rule Major: Warmup 10%, Used: 484MB, UsedThreshold: 1228MB
[2,961s][debug][gc,nmethod     ] Register NMethod: io.sirix.query.node.SubtreeBuilder.startElement (0x00007a39d419df88) [0x00007a39d419e080, 0x00007a39d41a0888] Compiler: c1, Barriers: 14, Oops: 1, ImmediateOops: 1, NonImmediateOops: No
[2,962s][debug][gc,nmethod     ] Register NMethod: com.sun.org.apache.xerces.internal.parsers.AbstractSAXParser.startElement (0x00007a39d41a0908) [0x00007a39d41a0a00, 0x00007a39d41a2cc8] Compiler: c1, Barriers: 44, Oops: 0, ImmediateOops: 10, NonImmediateOops: No
[2,963s][debug][gc,nmethod     ] Register NMethod: com.sun.org.apache.xerces.internal.impl.XMLEntityScanner.skipSpaces (0x00007a39d41a2d08) [0x00007a39d41a2e00, 0x00007a39d41a4080] Compiler: c1, Barriers: 16, Oops: 0, ImmediateOops: 2, NonImmediateOops: No
[2,964s][debug][gc,nmethod     ] Register NMethod: io.sirix.axis.filter.PathKindFilter.filter (0x00007a39f2e28a08) [0x00007a39f2e28b00, 0x00007a39f2e28d40] Compiler: jvmci, Barriers: 4, Oops: 1, ImmediateOops: 0, NonImmediateOops: No
[2,964s][debug][gc,nmethod     ] Register NMethod: com.sun.org.apache.xerces.internal.impl.XMLEntityScanner.scanChar (0x00007a39d41a4088) [0x00007a39d41a4180, 0x00007a39d41a4ba8] Compiler: c1, Barriers: 8, Oops: 0, ImmediateOops: 0, NonImmediateOops: No
[2,969s][debug][gc,nmethod     ] Register NMethod: io.sirix.access.trx.page.NodePageReadOnlyTrx.getValue (0x00007a39f2e28d88) [0x00007a39f2e28e80, 0x00007a39f2e29a68] Compiler: jvmci, Barriers: 17, Oops: 2, ImmediateOops: 2, NonImmediateOops: No
[2,970s][debug][gc,nmethod     ] Register NMethod: io.sirix.access.trx.page.NodePageTrx.getPageContainer (0x00007a39f2e29a88) [0x00007a39f2e29b80, 0x00007a39f2e2a240] Compiler: jvmci, Barriers: 17, Oops: 3, ImmediateOops: 1, NonImmediateOops: No
[2,970s][debug][gc,director    ] Rule Major: Warmup 10%, Used: 484MB, UsedThreshold: 1228MB
[2,975s][debug][gc,nmethod     ] Register NMethod: io.sirix.access.trx.page.NodePageTrx.getRecord (0x00007a39f2e2a288) [0x00007a39f2e2a380, 0x00007a39f2e2ba58] Compiler: jvmci, Barriers: 40, Oops: 4, ImmediateOops: 3, NonImmediateOops: No
[2,976s][debug][gc,nmethod     ] Register NMethod: io.sirix.access.trx.page.NodePageTrx.prepareRecordForModification (0x00007a39f2e2ba88) [0x00007a39f2e2bb80, 0x00007a39f2e2cff0] Compiler: jvmci, Barriers: 45, Oops: 3, ImmediateOops: 2, NonImmediateOops: No
[2,977s][debug][gc,nmethod     ] Register NMethod: io.sirix.access.trx.page.NodePageReadOnlyTrx.loadPage (0x00007a39f2e2d088) [0x00007a39f2e2d180, 0x00007a39f2e2d8d0] Compiler: jvmci, Barriers: 14, Oops: 1, ImmediateOops: 0, NonImmediateOops: No
[2,978s][debug][gc,nmethod     ] Register NMethod: io.sirix.access.trx.page.NodePageTrx.prepareRecordPage (0x00007a39f2e2d908) [0x00007a39f2e2da00, 0x00007a39f2e2e698] Compiler: jvmci, Barriers: 39, Oops: 3, ImmediateOops: 1, NonImmediateOops: No
[2,979s][debug][gc,nmethod     ] Register NMethod: io.sirix.access.trx.node.AbstractNodeReadOnlyTrx.moveTo (0x00007a39f2e2e708) [0x00007a39f2e2e800, 0x00007a39f2e2fb40] Compiler: jvmci, Barriers: 37, Oops: 4, ImmediateOops: 1, NonImmediateOops: No
[2,980s][debug][gc,nmethod     ] Register NMethod: io.sirix.node.MemorySegmentBytesOut.<init> (0x00007a39f2e2fb88) [0x00007a39f2e2fc80, 0x00007a39f2e31430] Compiler: jvmci, Barriers: 75, Oops: 6, ImmediateOops: 9, NonImmediateOops: No
[2,980s][debug][gc,director    ] Rule Major: Warmup 10%, Used: 488MB, UsedThreshold: 1228MB
[2,981s][debug][gc,nmethod     ] Register NMethod: io.sirix.axis.AbstractAxis.hasNext (0x00007a39f2e31488) [0x00007a39f2e31580, 0x00007a39f2e31c40] Compiler: jvmci, Barriers: 16, Oops: 1, ImmediateOops: 3, NonImmediateOops: No
[2,981s][debug][gc,nmethod     ] Register NMethod: io.sirix.index.path.summary.PathSummaryReader.moveTo (0x00007a39f2e31c88) [0x00007a39f2e31d80, 0x00007a39f2e32748] Compiler: jvmci, Barriers: 17, Oops: 2, ImmediateOops: 1, NonImmediateOops: No
[2,984s][debug][gc,nmethod     ] Register NMethod: io.sirix.axis.AbstractAxis.nextLong (0x00007a39f2e32788) [0x00007a39f2e32880, 0x00007a39f2e33218] Compiler: jvmci, Barriers: 19, Oops: 1, ImmediateOops: 3, NonImmediateOops: No
[2,984s][debug][gc,nmethod     ] Register NMethod: io.sirix.node.SirixDeweyID.getNewChildID (0x00007a39f2e33288) [0x00007a39f2e33380, 0x00007a39f2e33750] Compiler: jvmci, Barriers: 3, Oops: 2, ImmediateOops: 0, NonImmediateOops: No
[2,985s][debug][gc,nmethod     ] Register NMethod: io.sirix.index.path.summary.PathSummaryReader.getNodeKey (0x00007a39f2e33788) [0x00007a39f2e33880, 0x00007a39f2e33a40] Compiler: jvmci, Barriers: 2, Oops: 1, ImmediateOops: 0, NonImmediateOops: No
[2,988s][debug][gc,nmethod     ] Register NMethod: io.sirix.axis.AbstractAxis.tryToComputeNext (0x00007a39f2e33a88) [0x00007a39f2e33b80, 0x00007a39f2e349b0] Compiler: jvmci, Barriers: 24, Oops: 1, ImmediateOops: 6, NonImmediateOops: No
[2,990s][debug][gc,nmethod     ] Register NMethod: java.util.concurrent.locks.ReentrantLock$NonfairSync.initialTryLock (0x00007a39f2e34a08) [0x00007a39f2e34b00, 0x00007a39f2e34d18] Compiler: jvmci, Barriers: 5, Oops: 0, ImmediateOops: 0, NonImmediateOops: No
[2,990s][debug][gc,director    ] Rule Major: Warmup 10%, Used: 494MB, UsedThreshold: 1228MB
[2,991s][debug][gc,nmethod     ] Register NMethod: io.sirix.axis.ChildAxis.nextKey (0x00007a39f2e34d88) [0x00007a39f2e34e80, 0x00007a39f2e35f70] Compiler: jvmci, Barriers: 23, Oops: 1, ImmediateOops: 0, NonImmediateOops: No
[2,992s][debug][gc,nmethod     ] Register NMethod: java.util.concurrent.locks.ReentrantLock.lock (0x00007a39f2e35f88) [0x00007a39f2e36080, 0x00007a39f2e36418] Compiler: jvmci, Barriers: 10, Oops: 0, ImmediateOops: 0, NonImmediateOops: No
[2,992s][debug][gc,nmethod     ] Register NMethod: io.sirix.service.xml.shredder.AbstractShredder.processEndTag (0x00007a39f2e36488) [0x00007a39f2e36580, 0x00007a39f2e37258] Compiler: jvmci, Barriers: 21, Oops: 2, ImmediateOops: 1, NonImmediateOops: No
[2,993s][debug][gc,nmethod     ] Register NMethod: io.sirix.node.xml.AbstractStructForwardingNode.hasRightSibling (0x00007a39f2e37288) [0x00007a39f2e37380, 0x00007a39f2e37498] Compiler: jvmci, Barriers: 1, Oops: 1, ImmediateOops: 0, NonImmediateOops: No
[2,994s][debug][gc,nmethod     ] Register NMethod: io.sirix.access.trx.node.xml.XmlNodeReadOnlyTrxImpl.getNode (0x00007a39f2e37588) [0x00007a39f2e37680, 0x00007a39f2e37ad8] Compiler: jvmci, Barriers: 5, Oops: 2, ImmediateOops: 0, NonImmediateOops: No
[2,994s][debug][gc,nmethod     ] Register NMethod: io.sirix.node.xml.AbstractStructForwardingNode.getRightSiblingKey (0x00007a39f2e37b08) [0x00007a39f2e37c00, 0x00007a39f2e37d10] Compiler: jvmci, Barriers: 1, Oops: 1, ImmediateOops: 0, NonImmediateOops: No
[2,995s][debug][gc,nmethod     ] Register NMethod: com.sun.org.apache.xerces.internal.impl.XMLDocumentFragmentScannerImpl$FragmentContentDriver.next (0x00007a39f2e37e08) [0x00007a39f2e37f00, 0x00007a39f2e39cc0] Compiler: jvmci, Barriers: 44, Oops: 1, ImmediateOops: 1, NonImmediateOops: No
[2,995s][debug][gc,nmethod     ] Register NMethod: io.sirix.index.path.summary.PathSummaryReader.hasRightSibling (0x00007a39f2e39d08) [0x00007a39f2e39e00, 0x00007a39f2e39f90] Compiler: jvmci, Barriers: 2, Oops: 1, ImmediateOops: 0, NonImmediateOops: No
[2,997s][debug][gc,nmethod     ] Register NMethod: io.sirix.axis.AbstractAxis.<init> (0x00007a39f2e3a008) [0x00007a39f2e3a100, 0x00007a39f2e3a888] Compiler: jvmci, Barriers: 22, Oops: 1, ImmediateOops: 2, NonImmediateOops: No
[2,997s][debug][gc,nmethod     ] Register NMethod: java.io.BufferedReader.ensureOpen (0x00007a39d41a4c08) [0x00007a39d41a4d00, 0x00007a39d41a4f30] Compiler: c1, Barriers: 1, Oops: 0, ImmediateOops: 1, NonImmediateOops: No
[3,000s][debug][gc,nmethod     ] Register NMethod: io.sirix.node.xml.ElementNode.setRightSiblingKey (0x00007a39f2e3a908) [0x00007a39f2e3aa00, 0x00007a39f2e3adf8] Compiler: jvmci, Barriers: 4, Oops: 3, ImmediateOops: 0, NonImmediateOops: No
[3,000s][debug][gc,nmethod     ] Register NMethod: io.sirix.node.xml.ElementNode.hasLeftSibling (0x00007a39f2e3ae88) [0x00007a39f2e3af80, 0x00007a39f2e3b378] Compiler: jvmci, Barriers: 4, Oops: 3, ImmediateOops: 0, NonImmediateOops: No
[3,001s][debug][gc,director    ] Rule Major: Warmup 10%, Used: 496MB, UsedThreshold: 1228MB
[3,001s][debug][gc,nmethod     ] Register NMethod: it.unimi.dsi.fastutil.ints.Int2LongOpenHashMap.getOrDefault (0x00007a39d41a4f88) [0x00007a39d41a5080, 0x00007a39d41a55d8] Compiler: c1, Barriers: 4, Oops: 1, ImmediateOops: 0, NonImmediateOops: No
[3,006s][debug][gc,nmethod     ] Register NMethod: java.nio.Buffer.discardMark (0x00007a39d41a5608) [0x00007a39d41a5700, 0x00007a39d41a5808] Compiler: c1, Barriers: 0, Oops: 0, ImmediateOops: 0, NonImmediateOops: No
[3,011s][debug][gc,director    ] Rule Major: Warmup 10%, Used: 498MB, UsedThreshold: 1228MB
[3,011s][debug][gc,nmethod     ] Register NMethod: io.sirix.access.trx.page.NodePageReadOnlyTrx.getNamePage (0x00007a39f2e3b408) [0x00007a39f2e3b500, 0x00007a39f2e3c710] Compiler: jvmci, Barriers: 34, Oops: 2, ImmediateOops: 0, NonImmediateOops: No
[3,012s][debug][gc,nmethod     ] Register NMethod: com.sun.org.apache.xerces.internal.parsers.AbstractSAXParser.characters (0x00007a39f2e3c788) [0x00007a39f2e3c880, 0x00007a39f2e3d030] Compiler: jvmci, Barriers: 8, Oops: 1, ImmediateOops: 0, NonImmediateOops: No
[3,018s][debug][gc,nmethod     ] Register NMethod: io.brackit.query.node.parser.SAX2SubtreeHandlerAdapter.characters (0x00007a39f2e3d088) [0x00007a39f2e3d180, 0x00007a39f2e3d818] Compiler: jvmci, Barriers: 5, Oops: 1, ImmediateOops: 0, NonImmediateOops: No
[3,018s][debug][gc,nmethod     ] Register NMethod: io.brackit.query.node.parser.SAX2SubtreeHandlerAdapter$TrimmingStringBuilder.append (0x00007a39f2e3d888) [0x00007a39f2e3d980, 0x00007a39f2e3df88] Compiler: jvmci, Barriers: 4, Oops: 1, ImmediateOops: 0, NonImmediateOops: No
[3,021s][debug][gc,nmethod     ] Register NMethod: io.sirix.node.xml.TextNode.hasRightSibling (0x00007a39f2e3e008) [0x00007a39f2e3e100, 0x00007a39f2e3e4f8] Compiler: jvmci, Barriers: 4, Oops: 3, ImmediateOops: 0, NonImmediateOops: No
[3,021s][debug][gc,nmethod     ] Register NMethod: io.sirix.node.xml.TextNode.setRightSiblingKey (0x00007a39f2e3e588) [0x00007a39f2e3e680, 0x00007a39f2e3ea78] Compiler: jvmci, Barriers: 4, Oops: 3, ImmediateOops: 0, NonImmediateOops: No
[3,021s][debug][gc,director    ] Rule Major: Warmup 10%, Used: 500MB, UsedThreshold: 1228MB
[3,024s][debug][gc,nmethod     ] Register NMethod: io.sirix.access.trx.node.xml.XmlNodeTrxImpl.adaptForInsert (0x00007a39f2e3eb08) [0x00007a39f2e3ec00, 0x00007a39f2e41c68] Compiler: jvmci, Barriers: 60, Oops: 2, ImmediateOops: 1, NonImmediateOops: No
[3,026s][debug][gc,nmethod     ] Register NMethod: io.sirix.access.trx.node.AbstractNodeReadOnlyTrx.moveToParent (0x00007a39f2e41c88) [0x00007a39f2e41d80, 0x00007a39f2e432d0] Compiler: jvmci, Barriers: 41, Oops: 4, ImmediateOops: 1, NonImmediateOops: No
[3,027s][debug][gc,nmethod     ] Register NMethod: it.unimi.dsi.fastutil.ints.Int2ObjectOpenHashMap.get (0x00007a39f2e43308) [0x00007a39f2e43400, 0x00007a39f2e43868] Compiler: jvmci, Barriers: 8, Oops: 1, ImmediateOops: 0, NonImmediateOops: No
[3,027s][debug][gc,nmethod     ] Register NMethod: java.util.BitSet.and (0x00007a39f2e43888) [0x00007a39f2e439c0, 0x00007a39f2e43f78] Compiler: jvmci, Barriers: 2, Oops: 0, ImmediateOops: 0, NonImmediateOops: No
[3,028s][debug][gc,nmethod     ] Register NMethod: io.sirix.axis.filter.FilterAxis.nextKey (0x00007a39f2e43f88) [0x00007a39f2e44080, 0x00007a39f2e46ad8] Compiler: jvmci, Barriers: 90, Oops: 2, ImmediateOops: 6, NonImmediateOops: No
[3,029s][debug][gc,nmethod     ] Register NMethod: it.unimi.dsi.fastutil.ints.Int2IntOpenHashMap.find (0x00007a39f2e46b08) [0x00007a39f2e46c00, 0x00007a39f2e46e90] Compiler: jvmci, Barriers: 1, Oops: 1, ImmediateOops: 0, NonImmediateOops: No
[3,029s][debug][gc,nmethod     ] Register NMethod: it.unimi.dsi.fastutil.ints.Int2LongOpenHashMap.get (0x00007a39f2e46f08) [0x00007a39f2e47000, 0x00007a39f2e47350] Compiler: jvmci, Barriers: 2, Oops: 1, ImmediateOops: 0, NonImmediateOops: No
[3,031s][debug][gc,director    ] Rule Major: Warmup 10%, Used: 506MB, UsedThreshold: 1228MB
[3,032s][debug][gc,nmethod     ] Register NMethod: io.sirix.page.NamePage.setName (0x00007a39f2e47388) [0x00007a39f2e47480, 0x00007a39f2e47b38] Compiler: jvmci, Barriers: 16, Oops: 1, ImmediateOops: 0, NonImmediateOops: No
[3,034s][debug][gc,nmethod     ] Register NMethod: io.sirix.node.xml.ElementNode.setFirstChildKey (0x00007a39f2e47b88) [0x00007a39f2e47c80, 0x00007a39f2e48078] Compiler: jvmci, Barriers: 4, Oops: 3, ImmediateOops: 0, NonImmediateOops: No
[3,035s][debug][gc,nmethod     ] Register NMethod: io.sirix.page.delegates.BitmapReferencesPage.index (0x00007a39f2e48108) [0x00007a39f2e48200, 0x00007a39f2e487b8] Compiler: jvmci, Barriers: 2, Oops: 2, ImmediateOops: 0, NonImmediateOops: No
[3,037s][debug][gc,nmethod     ] Register NMethod: it.unimi.dsi.fastutil.ints.Int2IntOpenHashMap.put (0x00007a39f2e48808) [0x00007a39f2e48900, 0x00007a39f2e48bf0] Compiler: jvmci, Barriers: 2, Oops: 1, ImmediateOops: 0, NonImmediateOops: No
[3,038s][debug][gc,nmethod     ] Register NMethod: io.sirix.index.path.summary.PathSummaryReader.putMapping (0x00007a39f2e48c08) [0x00007a39f2e48d00, 0x00007a39f2e49430] Compiler: jvmci, Barriers: 16, Oops: 1, ImmediateOops: 0, NonImmediateOops: No
[3,038s][debug][gc,nmethod     ] Register NMethod: org.magicwerk.brownies.collections.GapList.get (0x00007a39f2e49488) [0x00007a39f2e49580, 0x00007a39f2e49780] Compiler: jvmci, Barriers: 3, Oops: 1, ImmediateOops: 0, NonImmediateOops: No
[3,040s][debug][gc,nmethod     ] Register NMethod: org.magicwerk.brownies.collections.GapList.doGet (0x00007a39f2e49808) [0x00007a39f2e49900, 0x00007a39f2e49b00] Compiler: jvmci, Barriers: 3, Oops: 1, ImmediateOops: 0, NonImmediateOops: No
[3,040s][debug][gc,alloc       ] Mutator Allocation Rate: 294,5MB/s Predicted: 358,6MB/s, Avg: 284,5(+/-55,2)MB/s
[3,040s][debug][gc,director    ] Rule Major: Warmup 10%, Used: 512MB, UsedThreshold: 1228MB
[3,043s][debug][gc,nmethod     ] Register NMethod: io.sirix.query.node.XmlDBNode.<init> (0x00007a39f2e49b88) [0x00007a39f2e49c80, 0x00007a39f2e4acd0] Compiler: jvmci, Barriers: 35, Oops: 1, ImmediateOops: 5, NonImmediateOops: No
[3,047s][debug][gc,nmethod     ] Register NMethod: io.sirix.axis.filter.FilterAxis.<init> (0x00007a39f2e4ad08) [0x00007a39f2e4ae00, 0x00007a39f2e4c670] Compiler: jvmci, Barriers: 58, Oops: 1, ImmediateOops: 3, NonImmediateOops: No
[3,049s][debug][gc,nmethod     ] Register NMethod: java.io.InputStreamReader.read (0x00007a39d41a5908) [0x00007a39d41a5a00, 0x00007a39d41a5b88] Compiler: c1, Barriers: 1, Oops: 0, ImmediateOops: 0, NonImmediateOops: No
[3,049s][debug][gc,nmethod     ] Register NMethod: java.nio.HeapByteBuffer.compact (0x00007a39d41a5c08) [0x00007a39d41a5d00, 0x00007a39d41a6c98] Compiler: c1, Barriers: 1, Oops: 0, ImmediateOops: 0, NonImmediateOops: No
[3,050s][debug][gc,nmethod     ] Register NMethod: sun.nio.cs.StreamDecoder.readBytes (0x00007a39d41a6d08) [0x00007a39d41a6e00, 0x00007a39d41a9280] Compiler: c1, Barriers: 12, Oops: 0, ImmediateOops: 1, NonImmediateOops: No
[3,050s][debug][gc,nmethod     ] Register NMethod: sun.nio.cs.StreamDecoder.read (0x00007a39d41a9288) [0x00007a39d41a9380, 0x00007a39d41aa2b8] Compiler: c1, Barriers: 2, Oops: 0, ImmediateOops: 1, NonImmediateOops: No
[3,050s][debug][gc,nmethod     ] Register NMethod: sun.nio.cs.StreamDecoder.implRead (0x00007a39d41aa308) [0x00007a39d41aa400, 0x00007a39d41ac6f8] Compiler: c1, Barriers: 4, Oops: 0, ImmediateOops: 0, NonImmediateOops: No
[3,051s][debug][gc,director    ] Rule Major: Warmup 10%, Used: 518MB, UsedThreshold: 1228MB
[3,051s][debug][gc,nmethod     ] Register NMethod: java.io.FileInputStream.available (0x00007a39d41ac708) [0x00007a39d41ac800, 0x00007a39d41ac930] Compiler: c1, Barriers: 0, Oops: 0, ImmediateOops: 0, NonImmediateOops: No
[3,051s][debug][gc,nmethod     ] Register NMethod: java.lang.StringUTF16.compress (0x00007a39f2e4c688) [0x00007a39f2e4c780, 0x00007a39f2e4ca58] Compiler: jvmci, Barriers: 0, Oops: 0, ImmediateOops: 0, NonImmediateOops: No
[3,054s][debug][gc,nmethod     ] Register NMethod: io.sirix.index.name.Names.setName (0x00007a39f2e4ca88) [0x00007a39f2e4cb80, 0x00007a39f2e4f568] Compiler: jvmci, Barriers: 65, Oops: 5, ImmediateOops: 3, NonImmediateOops: No
[3,059s][debug][gc,nmethod     ] Register NMethod: com.sun.org.apache.xerces.internal.parsers.AbstractSAXParser.startElement (0x00007a39f2e4f608) [0x00007a39f2e4f700, 0x00007a39f2e500b0] Compiler: jvmci, Barriers: 34, Oops: 1, ImmediateOops: 2, NonImmediateOops: No
[3,061s][debug][gc,director    ] Rule Major: Warmup 10%, Used: 524MB, UsedThreshold: 1228MB
[3,061s][debug][gc,nmethod     ] Register NMethod: io.sirix.access.trx.page.NodePageTrx.createRecord (0x00007a39f2e50108) [0x00007a39f2e50200, 0x00007a39f2e51848] Compiler: jvmci, Barriers: 45, Oops: 3, ImmediateOops: 1, NonImmediateOops: No
[3,063s][debug][gc,nmethod     ] Register NMethod: io.sirix.page.NamePage.incrementAndGetMaxNodeKey (0x00007a39d41aca08) [0x00007a39d41acb00, 0x00007a39d41acd78] Compiler: c1, Barriers: 2, Oops: 1, ImmediateOops: 0, NonImmediateOops: No
[3,063s][debug][gc,nmethod     ] Register NMethod: it.unimi.dsi.fastutil.ints.Int2ObjectOpenHashMap.find (0x00007a39d41acd88) [0x00007a39d41ace80, 0x00007a39d41ad2e8] Compiler: c1, Barriers: 1, Oops: 1, ImmediateOops: 0, NonImmediateOops: No
[3,064s][debug][gc,nmethod     ] Register NMethod: it.unimi.dsi.fastutil.ints.Int2ObjectOpenHashMap.insert (0x00007a39d41ad308) [0x00007a39d41ad400, 0x00007a39d41ad958] Compiler: c1, Barriers: 5, Oops: 1, ImmediateOops: 0, NonImmediateOops: No
[3,065s][debug][gc,nmethod     ] Register NMethod: io.brackit.query.node.parser.SAX2SubtreeHandlerAdapter.startElement (0x00007a39f2e51888) [0x00007a39f2e51980, 0x00007a39f2e53088] Compiler: jvmci, Barriers: 42, Oops: 5, ImmediateOops: 1, NonImmediateOops: No
[3,068s][debug][gc,nmethod     ] Register NMethod: io.sirix.page.KeyValueLeafPage.<init> (0x00007a39d41ad988) [0x00007a39d41ada80, 0x00007a39d41aeb90] Compiler: c1, Barriers: 41, Oops: 1, ImmediateOops: 3, NonImmediateOops: No
[3,070s][debug][gc,nmethod     ] Register NMethod: com.sun.org.apache.xerces.internal.impl.XMLNSDocumentScannerImpl.scanStartElement (0x00007a39f2e53108) [0x00007a39f2e53200, 0x00007a39f2e55220] Compiler: jvmci, Barriers: 76, Oops: 1, ImmediateOops: 4, NonImmediateOops: No
[3,071s][debug][gc,director    ] Rule Major: Warmup 10%, Used: 530MB, UsedThreshold: 1228MB
[3,071s][debug][gc,nmethod     ] Register NMethod: io.sirix.index.path.summary.PathSummaryWriter.getPathNodeKey (0x00007a39f2e55288) [0x00007a39f2e55380, 0x00007a39f2e57f00] Compiler: jvmci, Barriers: 122, Oops: 9, ImmediateOops: 8, NonImmediateOops: No
[3,073s][debug][gc,nmethod     ] Register NMethod: java.util.ArrayDeque.push (0x00007a39f2e57f88) [0x00007a39f2e58080, 0x00007a39f2e582a8] Compiler: jvmci, Barriers: 4, Oops: 0, ImmediateOops: 0, NonImmediateOops: No
[3,074s][debug][gc,nmethod     ] Register NMethod: java.util.ArrayDeque.addFirst (0x00007a39f2e58308) [0x00007a39f2e58400, 0x00007a39f2e58628] Compiler: jvmci, Barriers: 4, Oops: 0, ImmediateOops: 0, NonImmediateOops: No
[3,075s][debug][gc,nmethod     ] Register NMethod: com.sun.org.apache.xerces.internal.util.NamespaceSupport.pushContext (0x00007a39f2e58688) [0x00007a39f2e58780, 0x00007a39f2e58b70] Compiler: jvmci, Barriers: 4, Oops: 0, ImmediateOops: 0, NonImmediateOops: No
[3,075s][debug][gc,nmethod     ] Register NMethod: com.sun.org.apache.xerces.internal.impl.XMLDocumentFragmentScannerImpl.refresh (0x00007a39d41aec08) [0x00007a39d41aed00, 0x00007a39d41af940] Compiler: c1, Barriers: 5, Oops: 0, ImmediateOops: 0, NonImmediateOops: No
[3,075s][debug][gc,nmethod     ] Register NMethod: com.sun.org.apache.xerces.internal.impl.XMLDocumentScannerImpl.refresh (0x00007a39d41af988) [0x00007a39d41afa80, 0x00007a39d41b0cd8] Compiler: c1, Barriers: 9, Oops: 0, ImmediateOops: 0, NonImmediateOops: No
[3,076s][debug][gc,nmethod     ] Register NMethod: io.brackit.query.atomic.QNm.<init> (0x00007a39f2e58b88) [0x00007a39f2e58c80, 0x00007a39f2e59048] Compiler: jvmci, Barriers: 18, Oops: 1, ImmediateOops: 2, NonImmediateOops: No
[3,077s][debug][gc,nmethod     ] Register NMethod: io.sirix.page.PageKind$1.serializePage (0x00007a39f2e59088) [0x00007a39f2e59180, 0x00007a39f2e60f60] Compiler: jvmci, Barriers: 126, Oops: 12, ImmediateOops: 5, NonImmediateOops: No
[3,078s][debug][gc,nmethod     ] Register NMethod: io.sirix.query.node.SubtreeBuilder.startElement (0x00007a39f2e61008) [0x00007a39f2e61100, 0x00007a39f2e62700] Compiler: jvmci, Barriers: 46, Oops: 2, ImmediateOops: 3, NonImmediateOops: No
[3,078s][debug][gc,nmethod     ] Register NMethod: io.brackit.query.node.parser.SAX2SubtreeHandlerAdapter.handleText (0x00007a39f2e62788) [0x00007a39f2e62880, 0x00007a39f2e641c0] Compiler: jvmci, Barriers: 30, Oops: 3, ImmediateOops: 3, NonImmediateOops: No
[3,079s][debug][gc,nmethod     ] Register NMethod: io.sirix.page.delegates.BitmapReferencesPage.getOrCreateReference (0x00007a39f2e64208) [0x00007a39f2e64300, 0x00007a39f2e64b78] Compiler: jvmci, Barriers: 6, Oops: 2, ImmediateOops: 0, NonImmediateOops: No
[3,079s][debug][gc,nmethod     ] Register NMethod: net.openhft.hashing.XXH3.XXH3_mix2Accs (0x00007a39f2e64c08) [0x00007a39f2e64d00, 0x00007a39f2e64da0] Compiler: jvmci, Barriers: 0, Oops: 1, ImmediateOops: 0, NonImmediateOops: No
[3,080s][debug][gc,nmethod     ] Register NMethod: com.sun.org.apache.xerces.internal.parsers.AbstractSAXParser$AttributesProxy.getQName (0x00007a39f2e64f08) [0x00007a39f2e65000, 0x00007a39f2e65298] Compiler: jvmci, Barriers: 5, Oops: 0, ImmediateOops: 0, NonImmediateOops: No
[3,080s][debug][gc,nmethod     ] Register NMethod: com.sun.org.apache.xerces.internal.util.XMLAttributesImpl.getQName (0x00007a39f2e65308) [0x00007a39f2e65400, 0x00007a39f2e65628] Compiler: jvmci, Barriers: 4, Oops: 0, ImmediateOops: 0, NonImmediateOops: No
[3,080s][debug][gc,nmethod     ] Register NMethod: io.sirix.access.trx.node.xml.XmlNodeReadOnlyTrxImpl.getNode (0x00007a39f2e65688) [0x00007a39f2e65780, 0x00007a39f2e65c70] Compiler: jvmci, Barriers: 5, Oops: 2, ImmediateOops: 1, NonImmediateOops: No
[3,081s][debug][gc,director    ] Rule Major: Warmup 10%, Used: 536MB, UsedThreshold: 1228MB
[3,083s][debug][gc,nmethod     ] Register NMethod: io.sirix.access.trx.page.NodePageTrx.createNameKey (0x00007a39f2e65c88) [0x00007a39f2e65d80, 0x00007a39f2e66548] Compiler: jvmci, Barriers: 19, Oops: 1, ImmediateOops: 0, NonImmediateOops: No
[3,084s][debug][gc,nmethod     ] Register NMethod: com.sun.org.apache.xerces.internal.parsers.AbstractSAXParser$AttributesProxy.getValue (0x00007a39f2e66588) [0x00007a39f2e66680, 0x00007a39f2e66ff0] Compiler: jvmci, Barriers: 16, Oops: 1, ImmediateOops: 0, NonImmediateOops: No
[3,084s][debug][gc,nmethod     ] Register NMethod: com.sun.org.apache.xerces.internal.impl.XMLEntityScanner.invokeListeners (0x00007a39d41b0d08) [0x00007a39d41b0e00, 0x00007a39d41b1630] Compiler: c1, Barriers: 3, Oops: 0, ImmediateOops: 0, NonImmediateOops: No
[3,087s][debug][gc,nmethod     ] Register NMethod: com.sun.org.apache.xerces.internal.parsers.AbstractXMLDocumentParser.emptyElement (0x00007a39f2e67008) [0x00007a39f2e67100, 0x00007a39f2e671e8] Compiler: jvmci, Barriers: 0, Oops: 0, ImmediateOops: 0, NonImmediateOops: No
[3,088s][debug][gc,nmethod     ] Register NMethod: com.sun.org.apache.xerces.internal.impl.XMLEntityScanner.skipSpaces (0x00007a39f2e67308) [0x00007a39f2e67400, 0x00007a39f2e67af0] Compiler: jvmci, Barriers: 8, Oops: 0, ImmediateOops: 1, NonImmediateOops: No
[3,089s][debug][gc,nmethod     ] Register NMethod: com.sun.org.apache.xerces.internal.impl.XMLEntityScanner.scanChar (0x00007a39f2e67b08) [0x00007a39f2e67c00, 0x00007a39f2e67e48] Compiler: jvmci, Barriers: 2, Oops: 0, ImmediateOops: 0, NonImmediateOops: No
[3,091s][debug][gc,director    ] Rule Major: Warmup 10%, Used: 544MB, UsedThreshold: 1228MB
[3,094s][debug][gc,nmethod     ] Register NMethod: java.io.BufferedReader.read (0x00007a39d41b1688) [0x00007a39d41b1780, 0x00007a39d41b2338] Compiler: c1, Barriers: 3, Oops: 0, ImmediateOops: 1, NonImmediateOops: No
[3,094s][debug][gc,nmethod     ] Register NMethod: java.lang.String.encode (0x00007a39f2e67e88) [0x00007a39f2e67f80, 0x00007a39f2e69370] Compiler: jvmci, Barriers: 0, Oops: 0, ImmediateOops: 1, NonImmediateOops: No
[3,095s][debug][gc,nmethod     ] Register NMethod: java.lang.String.encodeUTF8 (0x00007a39f2e69388) [0x00007a39f2e69480, 0x00007a39f2e6a848] Compiler: jvmci, Barriers: 0, Oops: 0, ImmediateOops: 0, NonImmediateOops: No
[3,096s][debug][gc,nmethod     ] Register NMethod: com.sun.org.apache.xerces.internal.impl.XMLEntityScanner.load (0x00007a39d41b2388) [0x00007a39d41b2480, 0x00007a39d41b2dc8] Compiler: c1, Barriers: 7, Oops: 0, ImmediateOops: 1, NonImmediateOops: No
[3,096s][debug][gc,nmethod     ] Register NMethod: java.io.BufferedReader.fill (0x00007a39d41b2e08) [0x00007a39d41b2f00, 0x00007a39d41b3708] Compiler: c1, Barriers: 6, Oops: 0, ImmediateOops: 0, NonImmediateOops: No
[3,096s][debug][gc,nmethod     ] Register NMethod: io.sirix.node.xml.AttributeNode.<init> (0x00007a39f2e6a888) [0x00007a39f2e6a9a0, 0x00007a39f2e6ac68] Compiler: jvmci, Barriers: 12, Oops: 1, ImmediateOops: 0, NonImmediateOops: No
[3,098s][debug][gc,nmethod     ] Register NMethod: java.io.InputStreamReader.ready (0x00007a39d41b3788) [0x00007a39d41b3880, 0x00007a39d41b3a08] Compiler: c1, Barriers: 1, Oops: 0, ImmediateOops: 0, NonImmediateOops: No
[3,099s][debug][gc,nmethod     ] Register NMethod: sun.nio.cs.StreamDecoder.ready (0x00007a39d41b3a88) [0x00007a39d41b3b80, 0x00007a39d41b43c0] Compiler: c1, Barriers: 2, Oops: 0, ImmediateOops: 1, NonImmediateOops: No
[3,101s][debug][gc,director    ] Rule Major: Warmup 10%, Used: 552MB, UsedThreshold: 1228MB
[3,104s][debug][gc,nmethod     ] Register NMethod: com.sun.org.apache.xerces.internal.impl.XMLDocumentFragmentScannerImpl.getString (0x00007a39f2e6ac88) [0x00007a39f2e6ad80, 0x00007a39f2e6afb0] Compiler: jvmci, Barriers: 3, Oops: 0, ImmediateOops: 0, NonImmediateOops: No
[3,104s][debug][gc,nmethod     ] Register NMethod: com.sun.org.apache.xerces.internal.util.AugmentationsImpl$SmallContainer.clear (0x00007a39f2e6b008) [0x00007a39f2e6b100, 0x00007a39f2e6b328] Compiler: jvmci, Barriers: 5, Oops: 0, ImmediateOops: 0, NonImmediateOops: No
[3,108s][debug][gc,nmethod     ] Register NMethod: com.sun.org.apache.xerces.internal.util.XMLAttributesImpl.addAttributeNS (0x00007a39f2e6b388) [0x00007a39f2e6b480, 0x00007a39f2e6bca0] Compiler: jvmci, Barriers: 35, Oops: 0, ImmediateOops: 0, NonImmediateOops: No
[3,108s][debug][gc,nmethod     ] Register NMethod: com.sun.org.apache.xerces.internal.impl.XMLNSDocumentScannerImpl.scanAttribute (0x00007a39f2e6bd08) [0x00007a39f2e6be00, 0x00007a39f2e6dc40] Compiler: jvmci, Barriers: 77, Oops: 3, ImmediateOops: 5, NonImmediateOops: No
[3,110s][debug][gc,nmethod     ] Register NMethod: io.sirix.access.trx.node.xml.XmlNodeReadOnlyTrxImpl.hasAttributes (0x00007a39f2e6dc88) [0x00007a39f2e6dd80, 0x00007a39f2e6df40] Compiler: jvmci, Barriers: 2, Oops: 1, ImmediateOops: 0, NonImmediateOops: No
[3,111s][debug][gc,director    ] Rule Major: Warmup 10%, Used: 556MB, UsedThreshold: 1228MB
[3,118s][debug][gc,nmethod     ] Register NMethod: io.sirix.access.trx.node.xml.XmlDeweyIDManager.newAttributeID (0x00007a39f2e6df88) [0x00007a39f2e6e080, 0x00007a39f2e6f030] Compiler: jvmci, Barriers: 23, Oops: 1, ImmediateOops: 0, NonImmediateOops: No
[3,121s][debug][gc,nmethod     ] Register NMethod: java.io.FileDescriptor.unregisterCleanup (0x00007a39d41b4408) [0x00007a39d41b4500, 0x00007a39d41b4a38] Compiler: c1, Barriers: 4, Oops: 0, ImmediateOops: 0, NonImmediateOops: No
[3,121s][debug][gc,nmethod     ] Register NMethod: java.io.FileDescriptor.close (0x00007a39d41b4a88) [0x00007a39d41b4b80, 0x00007a39d41b5478] Compiler: c1, Barriers: 4, Oops: 0, ImmediateOops: 0, NonImmediateOops: No
[3,122s][debug][gc,nmethod     ] Register NMethod: io.sirix.query.node.SubtreeBuilder.attribute (0x00007a39f2e6f088) [0x00007a39f2e6f180, 0x00007a39f2e71920] Compiler: jvmci, Barriers: 64, Oops: 5, ImmediateOops: 8, NonImmediateOops: No
[3,123s][debug][gc,nmethod     ] Register NMethod: java.lang.Math.min (0x00007a39f2e71988) [0x00007a39f2e71a80, 0x00007a39f2e71af0] Compiler: jvmci, Barriers: 0, Oops: 0, ImmediateOops: 0, NonImmediateOops: No
[3,124s][debug][gc,nmethod     ] Register NMethod: io.sirix.query.node.SubtreeProcessor.notifyAttribute (0x00007a39f2e71c88) [0x00007a39f2e71d80, 0x00007a39f2e71eb0] Compiler: jvmci, Barriers: 1, Oops: 1, ImmediateOops: 0, NonImmediateOops: No
[3,125s][debug][gc,nmethod     ] Register NMethod: io.sirix.node.xml.AttributeNode.getDeweyID (0x00007a39f2e71f88) [0x00007a39f2e72080, 0x00007a39f2e72160] Compiler: jvmci, Barriers: 1, Oops: 1, ImmediateOops: 0, NonImmediateOops: No
[3,125s][debug][gc,nmethod     ] Register NMethod: io.sirix.node.HashCountEntryNode.getDeweyID (0x00007a39f2e72288) [0x00007a39f2e72380, 0x00007a39f2e72448] Compiler: c1, Barriers: 0, Oops: 1, ImmediateOops: 0, NonImmediateOops: No
[3,125s][debug][gc,nmethod     ] Register NMethod: io.sirix.node.HashEntryNode.getDeweyID (0x00007a39f2e72588) [0x00007a39f2e72680, 0x00007a39f2e72748] Compiler: c1, Barriers: 0, Oops: 1, ImmediateOops: 0, NonImmediateOops: No
[3,125s][debug][gc,director    ] Rule Major: Warmup 10%, Used: 570MB, UsedThreshold: 1228MB
[3,125s][debug][gc,nmethod     ] Register NMethod: io.sirix.node.HashEntryNode.getKind (0x00007a39d41b5488) [0x00007a39d41b5580, 0x00007a39d41b58a0] Compiler: c1, Barriers: 0, Oops: 1, ImmediateOops: 1, NonImmediateOops: No
[3,125s][debug][gc,nmethod     ] Register NMethod: io.sirix.node.HashEntryNode.getKind (0x00007a39d41b5908) [0x00007a39d41b5a00, 0x00007a39d41b5b08] Compiler: c1, Barriers: 0, Oops: 1, ImmediateOops: 1, NonImmediateOops: No
[3,125s][debug][gc,nmethod     ] Register NMethod: io.sirix.node.GrowingMemorySegment.grow (0x00007a39d41b5c08) [0x00007a39d41b5d00, 0x00007a39d41b68b0] Compiler: c1, Barriers: 5, Oops: 1, ImmediateOops: 1, NonImmediateOops: No
[3,126s][debug][gc,nmethod     ] Register NMethod: io.sirix.page.KeyValueLeafPage.processEntries (0x00007a39d41b6908) [0x00007a39d41b6a00, 0x00007a39d41b9e20] Compiler: c1, Barriers: 21, Oops: 1, ImmediateOops: 0, NonImmediateOops: No
[3,129s][debug][gc,nmethod     ] Register NMethod: java.util.stream.Node.getChildCount (0x00007a39f2e72888) [0x00007a39f2e72980, 0x00007a39f2e72a40] Compiler: c1, Barriers: 0, Oops: 0, ImmediateOops: 0, NonImmediateOops: No
[3,129s][debug][gc,nmethod     ] Register NMethod: io.sirix.node.xml.ElementNode.getAttributeKey (0x00007a39d41b9e88) [0x00007a39d41b9f80, 0x00007a39d41ba398] Compiler: c1, Barriers: 1, Oops: 1, ImmediateOops: 1, NonImmediateOops: No
[3,131s][debug][gc,nmethod     ] Register NMethod: java.nio.HeapByteBuffer.putLong (0x00007a39d41ba408) [0x00007a39d41ba500, 0x00007a39d41bc010] Compiler: c1, Barriers: 6, Oops: 1, ImmediateOops: 4, NonImmediateOops: No
[3,131s][debug][gc,nmethod     ] Register NMethod: sun.security.provider.ByteArrayAccess.i2bBig4 (0x00007a39d41bc088) [0x00007a39d41bc180, 0x00007a39d41bccf0] Compiler: c1, Barriers: 0, Oops: 5, ImmediateOops: 5, NonImmediateOops: No
[3,133s][debug][gc,nmethod     ] Register NMethod: io.sirix.node.SirixDeweyID.getNewAttributeID (0x00007a39f2e72b88) [0x00007a39f2e72c80, 0x00007a39f2e731b0] Compiler: jvmci, Barriers: 3, Oops: 1, ImmediateOops: 0, NonImmediateOops: No
[3,134s][debug][gc,nmethod     ] Register NMethod: io.sirix.node.MemorySegmentBytesOut.<init> (0x00007a39d41bcd88) [0x00007a39d41bce80, 0x00007a39d41bdbf8] Compiler: c1, Barriers: 9, Oops: 2, ImmediateOops: 1, NonImmediateOops: No
[3,134s][debug][gc,nmethod     ] Register NMethod: sun.security.provider.DigestBase.engineUpdate (0x00007a39d41bdc88) [0x00007a39d41bdd80, 0x00007a39d41bef60] Compiler: c1, Barriers: 4, Oops: 1, ImmediateOops: 1, NonImmediateOops: No
[3,135s][debug][gc,nmethod     ] Register NMethod: net.jpountz.lz4.LZ4Factory.fastCompressor (0x00007a39f2e73208) [0x00007a39f2e73300, 0x00007a39f2e733e8] Compiler: c1, Barriers: 1, Oops: 1, ImmediateOops: 0, NonImmediateOops: No
[3,135s][debug][gc,nmethod     ] Register NMethod: net.jpountz.lz4.LZ4BlockOutputStream.flush (0x00007a39d41bef88) [0x00007a39d41bf080, 0x00007a39d41bf490] Compiler: c1, Barriers: 2, Oops: 1, ImmediateOops: 0, NonImmediateOops: No
[3,135s][debug][gc,director    ] Rule Major: Warmup 10%, Used: 598MB, UsedThreshold: 1228MB
[3,135s][debug][gc,nmethod     ] Register NMethod: net.jpountz.lz4.LZ4BlockOutputStream.ensureNotFinished (0x00007a39d41bf508) [0x00007a39d41bf600, 0x00007a39d41bf808] Compiler: c1, Barriers: 0, Oops: 1, ImmediateOops: 1, NonImmediateOops: No
[3,135s][debug][gc,nmethod     ] Register NMethod: java.util.stream.AbstractSpinedBuffer.count (0x00007a39d41bf888) [0x00007a39d41bf980, 0x00007a39d41bfb58] Compiler: c1, Barriers: 1, Oops: 0, ImmediateOops: 0, NonImmediateOops: No
[3,136s][debug][gc,nmethod     ] Register NMethod: io.sirix.page.PageKind$1.serializePage (0x00007a39d41bfb88) [0x00007a39d41bfc80, 0x00007a39d41cd798] Compiler: c1, Barriers: 65, Oops: 7, ImmediateOops: 10, NonImmediateOops: No
[3,138s][debug][gc,nmethod     ] Register NMethod: net.jpountz.xxhash.StreamingXXHash32.<init> (0x00007a39d41cd808) [0x00007a39d41cd900, 0x00007a39d41cda80] Compiler: c1, Barriers: 0, Oops: 1, ImmediateOops: 0, NonImmediateOops: No
[3,140s][debug][gc,nmethod     ] Register NMethod: net.jpountz.xxhash.XXHashFactory.nativeInstance (0x00007a39d41cdb08) [0x00007a39d41cdc00, 0x00007a39d41ce170] Compiler: c1, Barriers: 5, Oops: 2, ImmediateOops: 5, NonImmediateOops: No
[3,140s][debug][gc,nmethod     ] Register NMethod: net.jpountz.xxhash.StreamingXXHash32JNI.<init> (0x00007a39d41ce188) [0x00007a39d41ce280, 0x00007a39d41ce4a0] Compiler: c1, Barriers: 0, Oops: 1, ImmediateOops: 0, NonImmediateOops: No
[3,140s][debug][gc,nmethod     ] Register NMethod: net.jpountz.lz4.LZ4Factory.nativeInstance (0x00007a39d41ce508) [0x00007a39d41ce600, 0x00007a39d41ceb70] Compiler: c1, Barriers: 5, Oops: 2, ImmediateOops: 5, NonImmediateOops: No
[3,141s][debug][gc,nmethod     ] Register NMethod: net.jpountz.xxhash.StreamingXXHash32JNI$Factory.newStreamingHash (0x00007a39d41ceb88) [0x00007a39d41cec80, 0x00007a39d41cef58] Compiler: c1, Barriers: 0, Oops: 1, ImmediateOops: 0, NonImmediateOops: No
[3,141s][debug][gc,nmethod     ] Register NMethod: com.sun.org.apache.xerces.internal.impl.XMLScanner.scanAttributeValue (0x00007a39f2e73508) [0x00007a39f2e73600, 0x00007a39f2e75108] Compiler: jvmci, Barriers: 30, Oops: 1, ImmediateOops: 1, NonImmediateOops: No
[3,141s][debug][gc,alloc       ] Mutator Allocation Rate: 326,7MB/s Predicted: 361,6MB/s, Avg: 290,5(+/-53,2)MB/s
[3,142s][debug][gc,nmethod     ] Register NMethod: io.sirix.access.trx.node.xml.XmlNodeTrxImpl.insertAttribute (0x00007a39f2e75188) [0x00007a39f2e75280, 0x00007a39f2e777d0] Compiler: jvmci, Barriers: 56, Oops: 3, ImmediateOops: 5, NonImmediateOops: No
[3,142s][debug][gc,director    ] Rule Major: Warmup 10%, Used: 608MB, UsedThreshold: 1228MB
[3,142s][debug][gc,nmethod     ] Register NMethod: net.jpountz.xxhash.XXHashFactory.newStreamingHash32 (0x00007a39d41cef88) [0x00007a39d41cf080, 0x00007a39d41cf430] Compiler: c1, Barriers: 1, Oops: 1, ImmediateOops: 0, NonImmediateOops: No
[3,142s][debug][gc,nmethod     ] Register NMethod: net.jpountz.xxhash.StreamingXXHash32.asChecksum (0x00007a39d41cf488) [0x00007a39d41cf580, 0x00007a39d41cf808] Compiler: c1, Barriers: 3, Oops: 1, ImmediateOops: 0, NonImmediateOops: No
[3,143s][debug][gc,nmethod     ] Register NMethod: net.jpountz.xxhash.StreamingXXHash32$1.<init> (0x00007a39d41cf888) [0x00007a39d41cf980, 0x00007a39d41cfb58] Compiler: c1, Barriers: 3, Oops: 1, ImmediateOops: 0, NonImmediateOops: No
[3,143s][debug][gc,nmethod     ] Register NMethod: io.sirix.page.PageKind$1.serializePage (0x00007a39d41cfb88) [0x00007a39d41cfc80, 0x00007a39d41dd7d8] Compiler: c1, Barriers: 65, Oops: 7, ImmediateOops: 10, NonImmediateOops: No
[3,143s][debug][gc,nmethod     ] Register NMethod: net.jpountz.lz4.LZ4Factory.fastestInstance (0x00007a39d41dd888) [0x00007a39d41dd980, 0x00007a39d41e0428] Compiler: c1, Barriers: 35, Oops: 5, ImmediateOops: 38, NonImmediateOops: No
[3,144s][debug][gc,nmethod     ] Register NMethod: net.jpountz.xxhash.XXHashFactory.fastestInstance (0x00007a39d41e0488) [0x00007a39d41e0580, 0x00007a39d41e3028] Compiler: c1, Barriers: 35, Oops: 5, ImmediateOops: 38, NonImmediateOops: No
[3,144s][debug][gc,nmethod     ] Register NMethod: java.util.stream.SortedOps$OfRef.<init> (0x00007a39d41e3088) [0x00007a39d41e3180, 0x00007a39d41e3790] Compiler: c1, Barriers: 3, Oops: 1, ImmediateOops: 0, NonImmediateOops: No
[3,145s][debug][gc,nmethod     ] Register NMethod: java.io.ByteArrayOutputStream.<init> (0x00007a39d41e3808) [0x00007a39d41e3900, 0x00007a39d41e47c8] Compiler: c1, Barriers: 3, Oops: 1, ImmediateOops: 2, NonImmediateOops: No
[3,145s][debug][gc,nmethod     ] Register NMethod: io.sirix.node.MemorySegmentBytesIn.remaining (0x00007a39d41e4808) [0x00007a39d41e4900, 0x00007a39d41e4c48] Compiler: c1, Barriers: 1, Oops: 1, ImmediateOops: 0, NonImmediateOops: No
[3,146s][debug][gc,nmethod     ] Register NMethod: io.sirix.page.IndirectPage.delegate (0x00007a39f2e77808) [0x00007a39f2e77900, 0x00007a39f2e779e8] Compiler: c1, Barriers: 1, Oops: 1, ImmediateOops: 0, NonImmediateOops: No
[3,148s][debug][gc,nmethod     ] Register NMethod: io.sirix.page.PageKind$1.serializePage (0x00007a39d41e4c88) [0x00007a39d41e4d80, 0x00007a39d41f2598] Compiler: c1, Barriers: 65, Oops: 7, ImmediateOops: 10, NonImmediateOops: No
[3,149s][debug][gc,nmethod     ] Register NMethod: java.nio.channels.spi.AbstractInterruptibleChannel.begin (0x00007a39d41f2608) [0x00007a39d41f2700, 0x00007a39d41f3318] Compiler: c1, Barriers: 6, Oops: 0, ImmediateOops: 1, NonImmediateOops: No
[3,149s][debug][gc,nmethod     ] Register NMethod: java.nio.channels.spi.AbstractInterruptibleChannel.end (0x00007a39d41f3388) [0x00007a39d41f3480, 0x00007a39d41f3f20] Compiler: c1, Barriers: 8, Oops: 0, ImmediateOops: 1, NonImmediateOops: No
[3,151s][debug][gc,nmethod     ] Register NMethod: jdk.internal.foreign.MemorySessionImpl$ResourceList.cleanup (0x00007a39f2e77b08) [0x00007a39f2e77c00, 0x00007a39f2e785e8] Compiler: jvmci, Barriers: 9, Oops: 1, ImmediateOops: 2, NonImmediateOops: No
[3,151s][debug][gc,nmethod     ] Register NMethod: java.util.concurrent.ConcurrentHashMap.clear (0x00007a39d41f3f88) [0x00007a39d41f4080, 0x00007a39d41f4df0] Compiler: c1, Barriers: 3, Oops: 0, ImmediateOops: 0, NonImmediateOops: No
[3,151s][debug][gc,nmethod     ] Register NMethod: io.sirix.page.KeyValueLeafPage.close (0x00007a39d41f4e08) [0x00007a39d41f4f00, 0x00007a39d41f5840] Compiler: c1, Barriers: 18, Oops: 3, ImmediateOops: 2, NonImmediateOops: No
[3,152s][debug][gc,director    ] Rule Major: Warmup 10%, Used: 618MB, UsedThreshold: 1228MB
[3,152s][debug][gc,director    ] Rule Minor: High Usage, Free: 11628MB(94,6%)
[3,153s][debug][gc,nmethod     ] Register NMethod: java.io.ByteArrayOutputStream.close (0x00007a39d41f5888) [0x00007a39d41f5980, 0x00007a39d41f5a80] Compiler: c1, Barriers: 0, Oops: 0, ImmediateOops: 0, NonImmediateOops: No
[3,153s][debug][gc,nmethod     ] Register NMethod: java.io.DataOutputStream.flush (0x00007a39d41f5b88) [0x00007a39d41f5c80, 0x00007a39d41f5fc0] Compiler: c1, Barriers: 1, Oops: 0, ImmediateOops: 0, NonImmediateOops: No
[3,153s][debug][gc,nmethod     ] Register NMethod: net.jpountz.lz4.LZ4Compressor.compress (0x00007a39d41f6008) [0x00007a39d41f6100, 0x00007a39d41f6408] Compiler: c1, Barriers: 0, Oops: 1, ImmediateOops: 0, NonImmediateOops: No
[3,154s][debug][gc,nmethod     ] Register NMethod: io.sirix.page.KeyValueLeafPage.getHashCode (0x00007a39f2e78608) [0x00007a39f2e78700, 0x00007a39f2e787f0] Compiler: c1, Barriers: 1, Oops: 1, ImmediateOops: 0, NonImmediateOops: No
[3,154s][debug][gc,nmethod     ] Register NMethod: com.google.common.base.Preconditions.checkPositionIndexes (0x00007a39d41f6488) [0x00007a39d41f6580, 0x00007a39d41f67e8] Compiler: c1, Barriers: 0, Oops: 1, ImmediateOops: 0, NonImmediateOops: No
[3,154s][debug][gc,nmethod     ] Register NMethod: sun.security.provider.DigestBase.implCompressMultiBlock0 (0x00007a39f2e78908) [0x00007a39f2e78a00, 0x00007a39f2e78d30] Compiler: jvmci, Barriers: 1, Oops: 0, ImmediateOops: 0, NonImmediateOops: No
[3,154s][debug][gc,nmethod     ] Register NMethod: java.io.DataOutputStream.incCount (0x00007a39d41f6808) [0x00007a39d41f6900, 0x00007a39d41f6a38] Compiler: c1, Barriers: 0, Oops: 0, ImmediateOops: 0, NonImmediateOops: No
[3,154s][debug][gc,nmethod     ] Register NMethod: java.io.DataOutputStream.write (0x00007a39d41f6b08) [0x00007a39d41f6c00, 0x00007a39d41f7130] Compiler: c1, Barriers: 1, Oops: 0, ImmediateOops: 0, NonImmediateOops: No
[3,154s][debug][gc,nmethod     ] Register NMethod: net.jpountz.lz4.LZ4JNICompressor.compress (0x00007a39d41f7188) [0x00007a39d41f7280, 0x00007a39d41f7ec0] Compiler: c1, Barriers: 0, Oops: 1, ImmediateOops: 3, NonImmediateOops: No
[3,154s][debug][gc,nmethod     ] Register NMethod: com.google.common.hash.MessageDigestHashFunction$MessageDigestHasher.checkNotDone (0x00007a39d41f7f08) [0x00007a39d41f8000, 0x00007a39d41f8388] Compiler: c1, Barriers: 0, Oops: 2, ImmediateOops: 2, NonImmediateOops: No
[3,154s][debug][gc,nmethod     ] Register NMethod: com.google.common.base.Preconditions.checkState (0x00007a39d41f8408) [0x00007a39d41f8500, 0x00007a39d41f8998] Compiler: c1, Barriers: 0, Oops: 1, ImmediateOops: 1, NonImmediateOops: No
[3,154s][debug][gc,nmethod     ] Register NMethod: sun.nio.ch.UnixFileDispatcherImpl.size (0x00007a39d41f8a08) [0x00007a39d41f8b00, 0x00007a39d41f8c30] Compiler: c1, Barriers: 0, Oops: 0, ImmediateOops: 0, NonImmediateOops: No
[3,162s][debug][gc,director    ] Rule Major: Warmup 10%, Used: 620MB, UsedThreshold: 1228MB
[3,162s][debug][gc,director    ] Rule Minor: High Usage, Free: 11626MB(94,6%)
[3,167s][debug][gc,nmethod     ] Register NMethod: com.github.benmanes.caffeine.cache.BoundedLocalCache.drainKeyReferences (0x00007a39d41f8d08) [0x00007a39d41f8e00, 0x00007a39d41f9128] Compiler: c1, Barriers: 0, Oops: 1, ImmediateOops: 0, NonImmediateOops: No
[3,167s][debug][gc,nmethod     ] Register NMethod: com.github.benmanes.caffeine.cache.BoundedLocalCache.drainReadBuffer (0x00007a39d41f9188) [0x00007a39d41f9280, 0x00007a39d41f9f68] Compiler: c1, Barriers: 3, Oops: 1, ImmediateOops: 0, NonImmediateOops: No
[3,167s][debug][gc,nmethod     ] Register NMethod: com.github.benmanes.caffeine.cache.BoundedLocalCache.drainValueReferences (0x00007a39d41f9f88) [0x00007a39d41fa080, 0x00007a39d41fa3a8] Compiler: c1, Barriers: 0, Oops: 1, ImmediateOops: 0, NonImmediateOops: No
[3,167s][debug][gc,nmethod     ] Register NMethod: sun.nio.ch.UnixFileDispatcherImpl.pread0 (0x00007a39f2e78d88) [0x00007a39f2e78e80, 0x00007a39f2e78ff8] Compiler: , Barriers: 0, Oops: 0, ImmediateOops: 1, NonImmediateOops: No
[3,167s][debug][gc,nmethod     ] Register NMethod: com.github.benmanes.caffeine.cache.BoundedLocalCache.performCleanUp (0x00007a39d41fa408) [0x00007a39d41fa500, 0x00007a39d41fc230] Compiler: c1, Barriers: 8, Oops: 1, ImmediateOops: 0, NonImmediateOops: No
[3,167s][debug][gc,nmethod     ] Register NMethod: com.github.benmanes.caffeine.cache.BoundedLocalCache.drainWriteBuffer (0x00007a39d41fc288) [0x00007a39d41fc380, 0x00007a39d41fdb48] Compiler: c1, Barriers: 1, Oops: 6, ImmediateOops: 6, NonImmediateOops: No
[3,167s][debug][gc,nmethod     ] Register NMethod: io.sirix.access.trx.node.xml.XmlNodeFactoryImpl.createAttributeNode (0x00007a39f2e79088) [0x00007a39f2e79180, 0x00007a39f2e7cc90] Compiler: jvmci, Barriers: 127, Oops: 9, ImmediateOops: 8, NonImmediateOops: No
[3,167s][debug][gc,nmethod     ] Register NMethod: com.github.benmanes.caffeine.cache.BoundedLocalCache.expireAfterAccessEntries (0x00007a39d41fdb88) [0x00007a39d41fdc80, 0x00007a39d41fdfa8] Compiler: c1, Barriers: 0, Oops: 1, ImmediateOops: 0, NonImmediateOops: No
[3,167s][debug][gc,nmethod     ] Register NMethod: com.github.benmanes.caffeine.cache.BoundedLocalCache.expireAfterWriteEntries (0x00007a39d41fe008) [0x00007a39d41fe100, 0x00007a39d41fe428] Compiler: c1, Barriers: 0, Oops: 1, ImmediateOops: 0, NonImmediateOops: No
[3,167s][debug][gc,nmethod     ] Register NMethod: com.github.benmanes.caffeine.cache.BoundedLocalCache.expireVariableEntries (0x00007a39d41fe488) [0x00007a39d41fe580, 0x00007a39d41fe8a8] Compiler: c1, Barriers: 0, Oops: 1, ImmediateOops: 0, NonImmediateOops: No
[3,168s][debug][gc,nmethod     ] Register NMethod: com.github.benmanes.caffeine.cache.BoundedLocalCache.evictEntries (0x00007a39d41fe908) [0x00007a39d41fea00, 0x00007a39d41ff148] Compiler: c1, Barriers: 0, Oops: 1, ImmediateOops: 0, NonImmediateOops: No
[3,168s][debug][gc,nmethod     ] Register NMethod: com.github.benmanes.caffeine.cache.BoundedLocalCache.expireEntries (0x00007a39d41ff188) [0x00007a39d41ff280, 0x00007a39d42000f0] Compiler: c1, Barriers: 0, Oops: 1, ImmediateOops: 1, NonImmediateOops: No
[3,168s][debug][gc,nmethod     ] Register NMethod: jdk.internal.foreign.GlobalSession.acquire0 (0x00007a39f2e7cd08) [0x00007a39f2e7ce00, 0x00007a39f2e7ce80] Compiler: jvmci, Barriers: 0, Oops: 0, ImmediateOops: 0, NonImmediateOops: No
[3,168s][debug][gc,nmethod     ] Register NMethod: com.github.benmanes.caffeine.cache.BoundedLocalCache.evictFromWindow (0x00007a39d4200108) [0x00007a39d4200200, 0x00007a39d42032d8] Compiler: c1, Barriers: 1, Oops: 1, ImmediateOops: 0, NonImmediateOops: No
[3,168s][debug][gc,nmethod     ] Register NMethod: com.github.benmanes.caffeine.cache.BoundedLocalCache.climb (0x00007a39d4203308) [0x00007a39d4203400, 0x00007a39d4204200] Compiler: c1, Barriers: 0, Oops: 1, ImmediateOops: 0, NonImmediateOops: No
[3,168s][debug][gc,nmethod     ] Register NMethod: jdk.internal.foreign.GlobalSession.release0 (0x00007a39f2e7d008) [0x00007a39f2e7d100, 0x00007a39f2e7d180] Compiler: jvmci, Barriers: 0, Oops: 0, ImmediateOops: 0, NonImmediateOops: No
[3,168s][debug][gc,nmethod     ] Register NMethod: com.github.benmanes.caffeine.cache.BoundedLocalCache.determineAdjustment (0x00007a39d4204288) [0x00007a39d42043a0, 0x00007a39d4206c40] Compiler: c1, Barriers: 1, Oops: 1, ImmediateOops: 0, NonImmediateOops: No
[3,168s][debug][gc,nmethod     ] Register NMethod: com.github.benmanes.caffeine.cache.SSLSMW.setPreviousSampleHitRate (0x00007a39f2e7d308) [0x00007a39f2e7d400, 0x00007a39f2e7d4c0] Compiler: c1, Barriers: 0, Oops: 1, ImmediateOops: 0, NonImmediateOops: No
[3,168s][debug][gc,nmethod     ] Register NMethod: com.github.benmanes.caffeine.cache.SSLSMW.adjustment (0x00007a39f2e7d608) [0x00007a39f2e7d700, 0x00007a39f2e7d7c0] Compiler: c1, Barriers: 0, Oops: 1, ImmediateOops: 0, NonImmediateOops: No
[3,169s][debug][gc,nmethod     ] Register NMethod: com.github.benmanes.caffeine.cache.SSLMW.setPreviousSampleHitRate (0x00007a39f2e7d908) [0x00007a39f2e7da00, 0x00007a39f2e7dac0] Compiler: c1, Barriers: 0, Oops: 1, ImmediateOops: 0, NonImmediateOops: No
[3,169s][debug][gc,nmethod     ] Register NMethod: com.github.benmanes.caffeine.cache.SSLMW.mainProtectedMaximum (0x00007a39f2e7dc08) [0x00007a39f2e7dd00, 0x00007a39f2e7ddc0] Compiler: c1, Barriers: 0, Oops: 1, ImmediateOops: 0, NonImmediateOops: No
[3,169s][debug][gc,nmethod     ] Register NMethod: com.github.benmanes.caffeine.cache.BoundedLocalCache.demoteFromMainProtected (0x00007a39d4206c88) [0x00007a39d4206d80, 0x00007a39d42094f0] Compiler: c1, Barriers: 1, Oops: 1, ImmediateOops: 0, NonImmediateOops: No
[3,169s][debug][gc,nmethod     ] Register NMethod: com.github.benmanes.caffeine.cache.SSLMW.mainProtectedWeightedSize (0x00007a39f2e7df08) [0x00007a39f2e7e000, 0x00007a39f2e7e0c0] Compiler: c1, Barriers: 0, Oops: 1, ImmediateOops: 0, NonImmediateOops: No
[3,169s][debug][gc,nmethod     ] Register NMethod: com.github.benmanes.caffeine.cache.SSLMW.adjustment (0x00007a39f2e7e208) [0x00007a39f2e7e300, 0x00007a39f2e7e3c0] Compiler: c1, Barriers: 0, Oops: 1, ImmediateOops: 0, NonImmediateOops: No
[3,169s][debug][gc,nmethod     ] Register NMethod: com.github.benmanes.caffeine.cache.BoundedLocalCache.rescheduleCleanUpIfIncomplete (0x00007a39d4209508) [0x00007a39d4209600, 0x00007a39d420abd0] Compiler: c1, Barriers: 1, Oops: 6, ImmediateOops: 7, NonImmediateOops: No
[3,169s][debug][gc,nmethod     ] Register NMethod: io.sirix.node.GrowingMemorySegment.grow (0x00007a39f2e7e508) [0x00007a39f2e7e600, 0x00007a39f2e80438] Compiler: jvmci, Barriers: 44, Oops: 4, ImmediateOops: 6, NonImmediateOops: No
[3,170s][debug][gc,nmethod     ] Register NMethod: com.github.benmanes.caffeine.cache.BoundedLocalCache.maintenance (0x00007a39d420ac08) [0x00007a39d420ad00, 0x00007a39d4213868] Compiler: c1, Barriers: 3, Oops: 9, ImmediateOops: 40, NonImmediateOops: No
[3,171s][debug][gc,nmethod     ] Register NMethod: com.github.benmanes.caffeine.cache.BoundedLocalCache.evictFromMain (0x00007a39d4213908) [0x00007a39d4213a00, 0x00007a39d421f248] Compiler: c1, Barriers: 8, Oops: 8, ImmediateOops: 46, NonImmediateOops: No
[3,171s][debug][gc,nmethod     ] Register NMethod: sun.nio.ch.IOStatus.normalize (0x00007a39d421f308) [0x00007a39d421f400, 0x00007a39d421f538] Compiler: c1, Barriers: 0, Oops: 0, ImmediateOops: 0, NonImmediateOops: No
[3,171s][debug][gc,nmethod     ] Register NMethod: sun.nio.ch.IOUtil.bufferAddress (0x00007a39d421f608) [0x00007a39d421f700, 0x00007a39d421f860] Compiler: c1, Barriers: 0, Oops: 0, ImmediateOops: 1, NonImmediateOops: No
[3,171s][debug][gc,nmethod     ] Register NMethod: java.nio.DirectByteBuffer.isReadOnly (0x00007a39f2e80488) [0x00007a39f2e80580, 0x00007a39f2e80640] Compiler: c1, Barriers: 0, Oops: 0, ImmediateOops: 0, NonImmediateOops: No
[3,171s][debug][gc,nmethod     ] Register NMethod: java.nio.DirectByteBuffer.base (0x00007a39f2e80788) [0x00007a39f2e80880, 0x00007a39f2e80948] Compiler: c1, Barriers: 0, Oops: 0, ImmediateOops: 0, NonImmediateOops: No
[3,171s][debug][gc,nmethod     ] Register NMethod: sun.nio.ch.IOUtil.releaseScope (0x00007a39d421f908) [0x00007a39d421fa00, 0x00007a39d4220620] Compiler: c1, Barriers: 2, Oops: 0, ImmediateOops: 1, NonImmediateOops: No
[3,171s][debug][gc,nmethod     ] Register NMethod: sun.nio.ch.IOUtil.acquireScope (0x00007a39d4220688) [0x00007a39d4220780, 0x00007a39d4221c78] Compiler: c1, Barriers: 5, Oops: 0, ImmediateOops: 3, NonImmediateOops: No
[3,171s][debug][gc,nmethod     ] Register NMethod: com.github.benmanes.caffeine.cache.SSLSMW.setWindowWeightedSize (0x00007a39f2e80a88) [0x00007a39f2e80b80, 0x00007a39f2e80c40] Compiler: c1, Barriers: 0, Oops: 1, ImmediateOops: 0, NonImmediateOops: No
[3,171s][debug][gc,nmethod     ] Register NMethod: io.sirix.io.bytepipe.ByteHandler.supportsMemorySegments (0x00007a39f2e80d88) [0x00007a39f2e80e80, 0x00007a39f2e80f40] Compiler: c1, Barriers: 0, Oops: 1, ImmediateOops: 0, NonImmediateOops: No
[3,172s][debug][gc,nmethod     ] Register NMethod: net.jpountz.lz4.LZ4Factory.fastDecompressor (0x00007a39f2e81088) [0x00007a39f2e81180, 0x00007a39f2e81268] Compiler: c1, Barriers: 1, Oops: 1, ImmediateOops: 0, NonImmediateOops: No
[3,172s][debug][gc,director    ] Rule Major: Warmup 10%, Used: 620MB, UsedThreshold: 1228MB
[3,172s][debug][gc,director    ] Rule Minor: High Usage, Free: 11626MB(94,6%)
[3,175s][debug][gc,nmethod     ] Register NMethod: java.util.concurrent.locks.ReentrantLock.tryLock (0x00007a39d4221c88) [0x00007a39d4221d80, 0x00007a39d42220b8] Compiler: c1, Barriers: 1, Oops: 0, ImmediateOops: 0, NonImmediateOops: No
[3,175s][debug][gc,nmethod     ] Register NMethod: java.util.stream.SortedOps$SizedRefSortingSink.begin (0x00007a39d4222108) [0x00007a39d4222200, 0x00007a39d4222500] Compiler: c1, Barriers: 3, Oops: 0, ImmediateOops: 1, NonImmediateOops: No
[3,175s][debug][gc,nmethod     ] Register NMethod: jdk.internal.foreign.AbstractMemorySegmentImpl.get (0x00007a39d4222508) [0x00007a39d4222600, 0x00007a39d4225f10] Compiler: c1, Barriers: 27, Oops: 5, ImmediateOops: 12, NonImmediateOops: No
[3,175s][debug][gc,nmethod     ] Register NMethod: io.sirix.node.MemorySegmentBytesIn.readShort (0x00007a39d4225f88) [0x00007a39d4226080, 0x00007a39d4229cb8] Compiler: c1, Barriers: 5, Oops: 6, ImmediateOops: 10, NonImmediateOops: No
[3,175s][debug][gc,nmethod     ] Register NMethod: java.lang.invoke.VarHandleSegmentAsShorts.get (0x00007a39d4229d08) [0x00007a39d4229e00, 0x00007a39d422f038] Compiler: c1, Barriers: 24, Oops: 2, ImmediateOops: 6, NonImmediateOops: No
[3,176s][debug][gc,nmethod     ] Register NMethod: java.lang.invoke.VarHandleSegmentAsShorts.get (0x00007a39d422f088) [0x00007a39d422f180, 0x00007a39d4234638] Compiler: c1, Barriers: 24, Oops: 2, ImmediateOops: 6, NonImmediateOops: No
[3,176s][debug][gc,nmethod     ] Register NMethod: com.github.benmanes.caffeine.cache.BoundedLocalCache$PerformCleanupTask.exec (0x00007a39d4234688) [0x00007a39d4234780, 0x00007a39d4235228] Compiler: c1, Barriers: 4, Oops: 2, ImmediateOops: 2, NonImmediateOops: No
[3,176s][debug][gc,nmethod     ] Register NMethod: com.github.benmanes.caffeine.cache.BoundedLocalCache$PerformCleanupTask.run (0x00007a39d4235288) [0x00007a39d4235380, 0x00007a39d4235b00] Compiler: c1, Barriers: 3, Oops: 1, ImmediateOops: 0, NonImmediateOops: No
[3,176s][debug][gc,nmethod     ] Register NMethod: java.nio.HeapByteBuffer.get (0x00007a39d4235b88) [0x00007a39d4235c80, 0x00007a39d4236138] Compiler: c1, Barriers: 1, Oops: 0, ImmediateOops: 0, NonImmediateOops: No
[3,176s][debug][gc,nmethod     ] Register NMethod: java.util.concurrent.ForkJoinPool.tryTrim (0x00007a39d4236188) [0x00007a39d4236280, 0x00007a39d4236a40] Compiler: c1, Barriers: 3, Oops: 0, ImmediateOops: 1, NonImmediateOops: No
[3,177s][debug][gc,nmethod     ] Register NMethod: io.sirix.node.HashCountEntryNode.<init> (0x00007a39d4236a88) [0x00007a39d4236b80, 0x00007a39d4236ce0] Compiler: c1, Barriers: 0, Oops: 1, ImmediateOops: 0, NonImmediateOops: No
[3,177s][debug][gc,nmethod     ] Register NMethod: io.sirix.node.HashEntryNode.<init> (0x00007a39d4236d88) [0x00007a39d4236e80, 0x00007a39d42371a8] Compiler: c1, Barriers: 3, Oops: 1, ImmediateOops: 0, NonImmediateOops: No
[3,177s][debug][gc,nmethod     ] Register NMethod: it.unimi.dsi.fastutil.ints.Int2ObjectOpenHashMap.put (0x00007a39d4237208) [0x00007a39d4237300, 0x00007a39d4237868] Compiler: c1, Barriers: 6, Oops: 1, ImmediateOops: 0, NonImmediateOops: No
[3,179s][debug][gc,nmethod     ] Register NMethod: io.sirix.node.xml.AttributeNode.computeHash (0x00007a39f2e81388) [0x00007a39f2e81480, 0x00007a39f2e84768] Compiler: jvmci, Barriers: 63, Oops: 9, ImmediateOops: 2, NonImmediateOops: No
[3,179s][debug][gc,nmethod     ] Register NMethod: java.util.concurrent.ForkJoinTask$InterruptibleTask.postExec (0x00007a39f2e84808) [0x00007a39f2e84900, 0x00007a39f2e849c0] Compiler: c1, Barriers: 0, Oops: 0, ImmediateOops: 0, NonImmediateOops: No
[3,179s][debug][gc,nmethod     ] Register NMethod: jdk.internal.misc.Blocker.end (0x00007a39d4237888) [0x00007a39d4237980, 0x00007a39d4237df8] Compiler: c1, Barriers: 1, Oops: 0, ImmediateOops: 1, NonImmediateOops: No
[3,179s][debug][gc,nmethod     ] Register NMethod: com.github.benmanes.caffeine.cache.BoundedLocalCache.afterWrite (0x00007a39d4237e08) [0x00007a39d4237f00, 0x00007a39d423a4a0] Compiler: c1, Barriers: 11, Oops: 2, ImmediateOops: 2, NonImmediateOops: No
[3,180s][debug][gc,nmethod     ] Register NMethod: com.github.benmanes.caffeine.cache.PSMW.setWeight (0x00007a39f2e84b08) [0x00007a39f2e84c00, 0x00007a39f2e84cc0] Compiler: c1, Barriers: 0, Oops: 1, ImmediateOops: 0, NonImmediateOops: No
[3,181s][debug][gc,nmethod     ] Register NMethod: io.sirix.index.path.summary.PathSummaryReader.moveToRightSibling (0x00007a39d423a508) [0x00007a39d423a600, 0x00007a39d423c0b0] Compiler: c1, Barriers: 6, Oops: 1, ImmediateOops: 1, NonImmediateOops: No
[3,181s][debug][gc,nmethod     ] Register NMethod: io.sirix.axis.pathsummary.LevelOrderSettingInMemoryInstancesAxis.getRightSibling (0x00007a39d423c108) [0x00007a39d423c200, 0x00007a39d423dd80] Compiler: c1, Barriers: 18, Oops: 1, ImmediateOops: 1, NonImmediateOops: No
[3,181s][debug][gc,nmethod     ] Register NMethod: io.sirix.index.path.summary.PathSummaryReader.moveToFirstChild (0x00007a39d423de08) [0x00007a39d423df00, 0x00007a39d423f9b0] Compiler: c1, Barriers: 6, Oops: 1, ImmediateOops: 1, NonImmediateOops: No
[3,181s][debug][gc,nmethod     ] Register NMethod: io.sirix.axis.pathsummary.LevelOrderSettingInMemoryInstancesAxis.getFirstChild (0x00007a39d423fa08) [0x00007a39d423fb00, 0x00007a39d4241228] Compiler: c1, Barriers: 14, Oops: 1, ImmediateOops: 1, NonImmediateOops: No
[3,182s][debug][gc,director    ] Rule Major: Warmup 10%, Used: 622MB, UsedThreshold: 1228MB
[3,182s][debug][gc,director    ] Rule Minor: High Usage, Free: 11624MB(94,6%)
[3,183s][debug][gc,nmethod     ] Register NMethod: java.lang.Long.valueOf (0x00007a39f2e84e08) [0x00007a39f2e84f00, 0x00007a39f2e850a8] Compiler: jvmci, Barriers: 1, Oops: 0, ImmediateOops: 1, NonImmediateOops: No
[3,183s][debug][gc,nmethod     ] Register NMethod: java.lang.Long.hashCode (0x00007a39f2e85108) [0x00007a39f2e85200, 0x00007a39f2e85298] Compiler: jvmci, Barriers: 0, Oops: 0, ImmediateOops: 0, NonImmediateOops: No
[3,183s][debug][gc,nmethod     ] Register NMethod: com.github.benmanes.caffeine.cache.SSL.hasRemovalListener (0x00007a39f2e85408) [0x00007a39f2e85500, 0x00007a39f2e855c0] Compiler: c1, Barriers: 0, Oops: 1, ImmediateOops: 0, NonImmediateOops: No
[3,183s][debug][gc,nmethod     ] Register NMethod: com.github.benmanes.caffeine.cache.BoundedLocalCache.isRecordingStats (0x00007a39f2e85708) [0x00007a39f2e85800, 0x00007a39f2e858c0] Compiler: c1, Barriers: 0, Oops: 1, ImmediateOops: 0, NonImmediateOops: No
[3,184s][debug][gc,nmethod     ] Register NMethod: com.github.benmanes.caffeine.cache.SSL.removalListener (0x00007a39f2e85a08) [0x00007a39f2e85b00, 0x00007a39f2e85bf0] Compiler: c1, Barriers: 1, Oops: 1, ImmediateOops: 0, NonImmediateOops: No
[3,184s][debug][gc,nmethod     ] Register NMethod: io.sirix.index.path.summary.PathNode.getLocalNameKey (0x00007a39f2e85d08) [0x00007a39f2e85e00, 0x00007a39f2e85ee0] Compiler: jvmci, Barriers: 1, Oops: 1, ImmediateOops: 0, NonImmediateOops: No
[3,184s][debug][gc,nmethod     ] Register NMethod: java.lang.invoke.ClassSpecializer$SpeciesData.getterFunction (0x00007a39d4241288) [0x00007a39d4241380, 0x00007a39d42418f0] Compiler: c1, Barriers: 1, Oops: 0, ImmediateOops: 0, NonImmediateOops: No
[3,184s][debug][gc,nmethod     ] Register NMethod: org.gradle.internal.io.StreamByteBuffer$StreamByteBufferChunk.bytesUnread (0x00007a39d4241908) [0x00007a39d4241a00, 0x00007a39d4241b08] Compiler: c1, Barriers: 0, Oops: 1, ImmediateOops: 0, NonImmediateOops: No
[3,184s][debug][gc,nmethod     ] Register NMethod: jdk.internal.misc.Unsafe.getAndBitwiseOrInt (0x00007a39d4241c08) [0x00007a39d4241d00, 0x00007a39d42420d8] Compiler: c1, Barriers: 0, Oops: 0, ImmediateOops: 0, NonImmediateOops: No
[3,184s][debug][gc,nmethod     ] Register NMethod: java.nio.ByteBuffer.allocate (0x00007a39d4242108) [0x00007a39d4242200, 0x00007a39d42423f8] Compiler: c1, Barriers: 0, Oops: 0, ImmediateOops: 0, NonImmediateOops: No
[3,184s][debug][gc,nmethod     ] Register NMethod: sun.nio.fs.UnixPath.resolve (0x00007a39d4242408) [0x00007a39d4242500, 0x00007a39d4242648] Compiler: c1, Barriers: 0, Oops: 0, ImmediateOops: 0, NonImmediateOops: No
[3,185s][debug][gc,nmethod     ] Register NMethod: com.github.benmanes.caffeine.cache.BoundedLocalCache.setVariableTime (0x00007a39d4242708) [0x00007a39d4242800, 0x00007a39d4242b28] Compiler: c1, Barriers: 0, Oops: 1, ImmediateOops: 0, NonImmediateOops: No
[3,185s][debug][gc,nmethod     ] Register NMethod: java.lang.Long.toString (0x00007a39d4242b88) [0x00007a39d4242c80, 0x00007a39d4243000] Compiler: c1, Barriers: 3, Oops: 0, ImmediateOops: 0, NonImmediateOops: No
[3,185s][debug][gc,nmethod     ] Register NMethod: ch.qos.logback.classic.LoggerContext.getTurboFilterChainDecision_0_3OrMore (0x00007a39d4243008) [0x00007a39d4243100, 0x00007a39d42438f8] Compiler: c1, Barriers: 3, Oops: 1, ImmediateOops: 1, NonImmediateOops: No
[3,185s][debug][gc,nmethod     ] Register NMethod: net.jpountz.lz4.LZ4JNI.LZ4_decompress_fast (0x00007a39f2e86008) [0x00007a39f2e86100, 0x00007a39f2e862c8] Compiler: , Barriers: 0, Oops: 1, ImmediateOops: 1, NonImmediateOops: No
[3,185s][debug][gc,nmethod     ] Register NMethod: java.util.concurrent.ConcurrentHashMap.compute (0x00007a39d4243908) [0x00007a39d4243a00, 0x00007a39d4247368] Compiler: c1, Barriers: 33, Oops: 0, ImmediateOops: 2, NonImmediateOops: No
[3,185s][debug][gc,nmethod     ] Register NMethod: com.github.benmanes.caffeine.cache.BoundedLocalCache.setWriteTime (0x00007a39d4247388) [0x00007a39d4247480, 0x00007a39d42479d0] Compiler: c1, Barriers: 0, Oops: 1, ImmediateOops: 0, NonImmediateOops: No
[3,185s][debug][gc,nmethod     ] Register NMethod: java.lang.invoke.LambdaForm$MH/0x00000000ba2ae000.linkToTargetMethod (0x00007a39d4247a08) [0x00007a39d4247b00, 0x00007a39d42480b0] Compiler: c1, Barriers: 0, Oops: 1, ImmediateOops: 0, NonImmediateOops: No
[3,186s][debug][gc,nmethod     ] Register NMethod: java.lang.invoke.LambdaForm$DMH/0x00000000ba2ad800.newInvokeSpecial (0x00007a39d4248108) [0x00007a39d4248200, 0x00007a39d4248b38] Compiler: c1, Barriers: 2, Oops: 1, ImmediateOops: 1, NonImmediateOops: No
[3,186s][debug][gc,nmethod     ] Register NMethod: com.github.benmanes.caffeine.cache.BoundedLocalCache$$Lambda/0x00000000ba2a9638.<init> (0x00007a39d4248b88) [0x00007a39d4248c80, 0x00007a39d4249390] Compiler: c1, Barriers: 36, Oops: 1, ImmediateOops: 0, NonImmediateOops: No
[3,186s][debug][gc,nmethod     ] Register NMethod: com.github.benmanes.caffeine.cache.LocalCache.statsAware (0x00007a39d4249408) [0x00007a39d4249500, 0x00007a39d4249dd0] Compiler: c1, Barriers: 6, Oops: 4, ImmediateOops: 2, NonImmediateOops: No
[3,186s][debug][gc,nmethod     ] Register NMethod: java.lang.invoke.DirectMethodHandle.fieldOffset (0x00007a39d4249e08) [0x00007a39d4249f00, 0x00007a39d424a1f0] Compiler: c1, Barriers: 0, Oops: 0, ImmediateOops: 0, NonImmediateOops: No
[3,186s][debug][gc,nmethod     ] Register NMethod: com.github.benmanes.caffeine.cache.BoundedLocalCache$$Lambda/0x00000000ba2a9638.apply (0x00007a39d424a208) [0x00007a39d424a300, 0x00007a39d424a9a8] Compiler: c1, Barriers: 12, Oops: 1, ImmediateOops: 0, NonImmediateOops: No
[3,186s][debug][gc,nmethod     ] Register NMethod: java.lang.invoke.DirectMethodHandle.checkBase (0x00007a39d424aa08) [0x00007a39d424ab00, 0x00007a39d424ad30] Compiler: c1, Barriers: 0, Oops: 0, ImmediateOops: 0, NonImmediateOops: No
[3,186s][debug][gc,nmethod     ] Register NMethod: sun.nio.fs.UnixFileAttributes.<init> (0x00007a39d424ad88) [0x00007a39d424ae80, 0x00007a39d424afd8] Compiler: c1, Barriers: 0, Oops: 0, ImmediateOops: 0, NonImmediateOops: No
[3,186s][debug][gc,nmethod     ] Register NMethod: java.util.concurrent.ForkJoinTask.getAndBitwiseOrStatus (0x00007a39d424b088) [0x00007a39d424b180, 0x00007a39d424b778] Compiler: c1, Barriers: 0, Oops: 1, ImmediateOops: 2, NonImmediateOops: No
[3,186s][debug][gc,nmethod     ] Register NMethod: sun.nio.fs.UnixNativeDispatcher.open0 (0x00007a39f2e86308) [0x00007a39f2e86400, 0x00007a39f2e86560] Compiler: , Barriers: 0, Oops: 0, ImmediateOops: 1, NonImmediateOops: No
[3,187s][debug][gc,nmethod     ] Register NMethod: net.jpountz.lz4.LZ4BlockInputStream.refill (0x00007a39d424b788) [0x00007a39d424b880, 0x00007a39d424d890] Compiler: c1, Barriers: 22, Oops: 1, ImmediateOops: 11, NonImmediateOops: No
[3,187s][debug][gc,nmethod     ] Register NMethod: com.github.benmanes.caffeine.cache.BoundedLocalCache.remap (0x00007a39d424d908) [0x00007a39d424da00, 0x00007a39d4250968] Compiler: c1, Barriers: 31, Oops: 4, ImmediateOops: 4, NonImmediateOops: No
[3,187s][debug][gc,nmethod     ] Register NMethod: java.util.concurrent.ForkJoinTask.signalWaiters (0x00007a39d4250a08) [0x00007a39d4250b00, 0x00007a39d4251dc0] Compiler: c1, Barriers: 4, Oops: 0, ImmediateOops: 2, NonImmediateOops: No
[3,187s][debug][gc,nmethod     ] Register NMethod: java.util.UUID.parse4Nibbles (0x00007a39d4251e08) [0x00007a39d4251f00, 0x00007a39d42542a8] Compiler: c1, Barriers: 8, Oops: 2, ImmediateOops: 9, NonImmediateOops: No
[3,187s][debug][gc,nmethod     ] Register NMethod: com.github.benmanes.caffeine.cache.Ticker.systemTicker (0x00007a39d4254308) [0x00007a39d4254400, 0x00007a39d42544e8] Compiler: c1, Barriers: 0, Oops: 1, ImmediateOops: 1, NonImmediateOops: No
[3,187s][debug][gc,nmethod     ] Register NMethod: sun.nio.fs.UnixFileAttributes.get (0x00007a39d4254608) [0x00007a39d4254700, 0x00007a39d42549c0] Compiler: c1, Barriers: 0, Oops: 0, ImmediateOops: 0, NonImmediateOops: No
[3,187s][debug][gc,nmethod     ] Register NMethod: com.github.benmanes.caffeine.cache.SystemTicker.read (0x00007a39d4254a08) [0x00007a39d4254b00, 0x00007a39d4254c20] Compiler: c1, Barriers: 0, Oops: 1, ImmediateOops: 0, NonImmediateOops: No
[3,187s][debug][gc,nmethod     ] Register NMethod: com.github.benmanes.caffeine.cache.SSLS.statsTicker (0x00007a39d4254d08) [0x00007a39d4254e00, 0x00007a39d4254f60] Compiler: c1, Barriers: 0, Oops: 1, ImmediateOops: 1, NonImmediateOops: No
[3,187s][debug][gc,nmethod     ] Register NMethod: com.github.benmanes.caffeine.cache.SSLS.isRecordingStats (0x00007a39f2e86608) [0x00007a39f2e86700, 0x00007a39f2e867c0] Compiler: c1, Barriers: 0, Oops: 1, ImmediateOops: 0, NonImmediateOops: No
[3,187s][debug][gc,nmethod     ] Register NMethod: com.github.benmanes.caffeine.cache.Caffeine.requireArgument (0x00007a39d4255008) [0x00007a39d4255100, 0x00007a39d42552d0] Compiler: c1, Barriers: 0, Oops: 1, ImmediateOops: 0, NonImmediateOops: No
[3,187s][debug][gc,nmethod     ] Register NMethod: io.sirix.node.MemorySegmentBytesIn.readUtf8 (0x00007a39d4255308) [0x00007a39d4255400, 0x00007a39d42558f8] Compiler: c1, Barriers: 0, Oops: 1, ImmediateOops: 1, NonImmediateOops: No
[3,187s][debug][gc,nmethod     ] Register NMethod: sun.nio.fs.LinuxFileSystemProvider.readAttributes (0x00007a39d4255908) [0x00007a39d4255a00, 0x00007a39d4256008] Compiler: c1, Barriers: 0, Oops: 0, ImmediateOops: 2, NonImmediateOops: No
[3,187s][debug][gc,nmethod     ] Register NMethod: java.nio.file.Files.readAttributes (0x00007a39d4256088) [0x00007a39d4256180, 0x00007a39d4256608] Compiler: c1, Barriers: 2, Oops: 0, ImmediateOops: 0, NonImmediateOops: No
[3,188s][debug][gc,nmethod     ] Register NMethod: sun.nio.fs.UnixFileSystemProvider.readAttributes (0x00007a39d4256688) [0x00007a39d4256780, 0x00007a39d4256de0] Compiler: c1, Barriers: 0, Oops: 0, ImmediateOops: 3, NonImmediateOops: No
[3,188s][debug][gc,nmethod     ] Register NMethod: sun.nio.fs.LinuxFileSystemProvider.getFileAttributeView (0x00007a39d4256e08) [0x00007a39d4256f00, 0x00007a39d4257e60] Compiler: c1, Barriers: 0, Oops: 0, ImmediateOops: 2, NonImmediateOops: No
[3,188s][debug][gc,nmethod     ] Register NMethod: sun.nio.fs.UnixFileAttributeViews$Basic.<init> (0x00007a39d4257e88) [0x00007a39d4257f80, 0x00007a39d42581b8] Compiler: c1, Barriers: 3, Oops: 0, ImmediateOops: 0, NonImmediateOops: No
[3,188s][debug][gc,nmethod     ] Register NMethod: sun.nio.fs.AbstractBasicFileAttributeView.<init> (0x00007a39d4258208) [0x00007a39d4258300, 0x00007a39d4258458] Compiler: c1, Barriers: 0, Oops: 0, ImmediateOops: 0, NonImmediateOops: No
[3,188s][debug][gc,nmethod     ] Register NMethod: sun.nio.fs.UnixFileAttributeViews.createBasicView (0x00007a39d4258508) [0x00007a39d4258600, 0x00007a39d42588d0] Compiler: c1, Barriers: 3, Oops: 0, ImmediateOops: 0, NonImmediateOops: No
[3,188s][debug][gc,nmethod     ] Register NMethod: io.sirix.access.trx.page.NodePageReadOnlyTrx.getRecordPage (0x00007a39f2e86908) [0x00007a39f2e86a00, 0x00007a39f2e87880] Compiler: jvmci, Barriers: 35, Oops: 1, ImmediateOops: 1, NonImmediateOops: No
[3,188s][debug][gc,nmethod     ] Register NMethod: sun.nio.fs.UnixFileAttributes$UnixAsBasicFileAttributes.wrap (0x00007a39d4258908) [0x00007a39d4258a00, 0x00007a39d4258c68] Compiler: c1, Barriers: 3, Oops: 0, ImmediateOops: 0, NonImmediateOops: No
[3,188s][debug][gc,nmethod     ] Register NMethod: sun.nio.fs.UnixFileAttributes.asBasicFileAttributes (0x00007a39d4258c88) [0x00007a39d4258d80, 0x00007a39d4259060] Compiler: c1, Barriers: 3, Oops: 0, ImmediateOops: 0, NonImmediateOops: No
[3,188s][debug][gc,nmethod     ] Register NMethod: sun.nio.fs.UnixFileSystemProvider.getFileAttributeView (0x00007a39d4259088) [0x00007a39d4259180, 0x00007a39d425a020] Compiler: c1, Barriers: 3, Oops: 0, ImmediateOops: 1, NonImmediateOops: No
[3,188s][debug][gc,nmethod     ] Register NMethod: sun.nio.fs.UnixFileAttributeViews$Basic.readAttributes (0x00007a39d425a088) [0x00007a39d425a180, 0x00007a39d425a9f8] Compiler: c1, Barriers: 8, Oops: 0, ImmediateOops: 0, NonImmediateOops: No
[3,188s][debug][gc,nmethod     ] Register NMethod: java.lang.invoke.MethodHandleImpl$CountingWrapper.getTarget (0x00007a39f2e87908) [0x00007a39f2e87a00, 0x00007a39f2e87ae8] Compiler: c1, Barriers: 1, Oops: 0, ImmediateOops: 0, NonImmediateOops: No
[3,188s][debug][gc,nmethod     ] Register NMethod: java.lang.Byte.valueOf (0x00007a39d425aa08) [0x00007a39d425ab00, 0x00007a39d425ac40] Compiler: c1, Barriers: 1, Oops: 0, ImmediateOops: 1, NonImmediateOops: No
[3,188s][debug][gc,nmethod     ] Register NMethod: java.util.AbstractQueue.<init> (0x00007a39d425ad08) [0x00007a39d425ae00, 0x00007a39d425afb8] Compiler: c1, Barriers: 0, Oops: 0, ImmediateOops: 0, NonImmediateOops: No
[3,188s][debug][gc,nmethod     ] Register NMethod: sun.nio.fs.UnixFileAttributes$UnixAsBasicFileAttributes.<init> (0x00007a39d425b008) [0x00007a39d425b100, 0x00007a39d425b2d0] Compiler: c1, Barriers: 3, Oops: 0, ImmediateOops: 0, NonImmediateOops: No
[3,189s][debug][gc,nmethod     ] Register NMethod: java.lang.invoke.LambdaForm.invokeArguments (0x00007a39d425b308) [0x00007a39d425b400, 0x00007a39d425cca0] Compiler: c1, Barriers: 13, Oops: 1, ImmediateOops: 3, NonImmediateOops: No
[3,189s][debug][gc,nmethod     ] Register NMethod: com.github.benmanes.caffeine.cache.BoundedWeigher.weigh (0x00007a39d425cd08) [0x00007a39d425ce00, 0x00007a39d425d2d0] Compiler: c1, Barriers: 1, Oops: 1, ImmediateOops: 0, NonImmediateOops: No
[3,190s][debug][gc,nmethod     ] Register NMethod: io.sirix.access.trx.page.NodePageReadOnlyTrx.getRevisionNumber (0x00007a39d425d308) [0x00007a39d425d400, 0x00007a39d425da40] Compiler: c1, Barriers: 1, Oops: 1, ImmediateOops: 1, NonImmediateOops: No
[3,191s][debug][gc,nmethod     ] Register NMethod: io.brackit.query.compiler.parser.Tokenizer.laSymSkipWS (0x00007a39d425da88) [0x00007a39d425db80, 0x00007a39d425dd18] Compiler: c1, Barriers: 0, Oops: 1, ImmediateOops: 0, NonImmediateOops: No
[3,191s][debug][gc,nmethod     ] Register NMethod: io.brackit.query.compiler.parser.Tokenizer.laSkipWS (0x00007a39d425dd88) [0x00007a39d425de80, 0x00007a39d425dfb8] Compiler: c1, Barriers: 0, Oops: 1, ImmediateOops: 0, NonImmediateOops: No
[3,191s][debug][gc,nmethod     ] Register NMethod: io.brackit.query.jdm.XMLChar.isNameStartChar (0x00007a39d425e088) [0x00007a39d425e180, 0x00007a39d425e7d8] Compiler: c1, Barriers: 0, Oops: 1, ImmediateOops: 0, NonImmediateOops: No
[3,191s][debug][gc,nmethod     ] Register NMethod: io.brackit.query.compiler.parser.Tokenizer.attemptSkipWS (0x00007a39d425e808) [0x00007a39d425e900, 0x00007a39d425eca0] Compiler: c1, Barriers: 0, Oops: 1, ImmediateOops: 0, NonImmediateOops: No
[3,191s][debug][gc,nmethod     ] Register NMethod: io.brackit.query.jdm.XMLChar.isNameChar (0x00007a39d425ed08) [0x00007a39d425ee00, 0x00007a39d425f100] Compiler: c1, Barriers: 0, Oops: 1, ImmediateOops: 0, NonImmediateOops: No
[3,192s][debug][gc,nmethod     ] Register NMethod: com.github.benmanes.caffeine.cache.BoundedLocalCache.lambda$remap$16 (0x00007a39d425f188) [0x00007a39d425f280, 0x00007a39d426d660] Compiler: c1, Barriers: 64, Oops: 12, ImmediateOops: 54, NonImmediateOops: No
[3,192s][debug][gc,nmethod     ] Register NMethod: io.brackit.query.compiler.parser.Tokenizer.attemptSymSkipWS (0x00007a39d426d708) [0x00007a39d426d800, 0x00007a39d426dc48] Compiler: c1, Barriers: 0, Oops: 1, ImmediateOops: 0, NonImmediateOops: No
[3,192s][debug][gc,nmethod     ] Register NMethod: io.brackit.query.compiler.parser.Tokenizer.laSym (0x00007a39d426dc88) [0x00007a39d426dd80, 0x00007a39d426f320] Compiler: c1, Barriers: 8, Oops: 2, ImmediateOops: 2, NonImmediateOops: No
[3,192s][debug][gc,nmethod     ] Register NMethod: io.brackit.query.compiler.optimizer.walker.topdown.ScopeWalker$BindingTable.bind (0x00007a39d426f388) [0x00007a39d426f480, 0x00007a39d426f5f8] Compiler: c1, Barriers: 1, Oops: 1, ImmediateOops: 0, NonImmediateOops: No
[3,192s][debug][gc,nmethod     ] Register NMethod: io.brackit.query.compiler.optimizer.walker.topdown.ScopeWalker$Var.<init> (0x00007a39d426f688) [0x00007a39d426f780, 0x00007a39d426fa40] Compiler: c1, Barriers: 9, Oops: 1, ImmediateOops: 0, NonImmediateOops: No
[3,192s][debug][gc,director    ] Rule Major: Warmup 10%, Used: 624MB, UsedThreshold: 1228MB
[3,192s][debug][gc,nmethod     ] Register NMethod: io.brackit.query.compiler.optimizer.walker.topdown.ScopeWalker$Scope$Node.<init> (0x00007a39d426fa88) [0x00007a39d426fb80, 0x00007a39d426ff10] Compiler: c1, Barriers: 12, Oops: 1, ImmediateOops: 0, NonImmediateOops: No
[3,192s][debug][gc,director    ] Rule Minor: High Usage, Free: 11622MB(94,6%)
[3,193s][debug][gc,nmethod     ] Register NMethod: io.brackit.query.compiler.optimizer.walker.topdown.ScopeWalker$Scope.<init> (0x00007a39d426ff88) [0x00007a39d4270080, 0x00007a39d42702d8] Compiler: c1, Barriers: 6, Oops: 1, ImmediateOops: 0, NonImmediateOops: No
[3,193s][debug][gc,nmethod     ] Register NMethod: it.unimi.dsi.fastutil.HashCommon.nextPowerOfTwo (0x00007a39d4270308) [0x00007a39d4270400, 0x00007a39d4270600] Compiler: c1, Barriers: 0, Oops: 1, ImmediateOops: 0, NonImmediateOops: No
[3,193s][debug][gc,nmethod     ] Register NMethod: io.brackit.query.compiler.optimizer.walker.topdown.ScopeWalker$BindingTable.openScope (0x00007a39d4270688) [0x00007a39d4270780, 0x00007a39d4270bc8] Compiler: c1, Barriers: 5, Oops: 1, ImmediateOops: 0, NonImmediateOops: No
[3,193s][debug][gc,nmethod     ] Register NMethod: io.brackit.query.compiler.optimizer.walker.topdown.ScopeWalker$BindingTable.closeScope (0x00007a39d4270c08) [0x00007a39d4270d00, 0x00007a39d4270ee0] Compiler: c1, Barriers: 5, Oops: 1, ImmediateOops: 0, NonImmediateOops: No
[3,193s][debug][gc,nmethod     ] Register NMethod: io.brackit.query.compiler.optimizer.walker.topdown.ScopeWalker$Scope.open (0x00007a39d4270f08) [0x00007a39d4271000, 0x00007a39d4271780] Compiler: c1, Barriers: 20, Oops: 1, ImmediateOops: 0, NonImmediateOops: No
[3,193s][debug][gc,nmethod     ] Register NMethod: io.brackit.query.compiler.optimizer.walker.topdown.ScopeWalker$Scope.bind (0x00007a39d4271808) [0x00007a39d4271900, 0x00007a39d42724f0] Compiler: c1, Barriers: 27, Oops: 1, ImmediateOops: 0, NonImmediateOops: No
[3,193s][debug][gc,nmethod     ] Register NMethod: it.unimi.dsi.fastutil.HashCommon.maxFill (0x00007a39d4272508) [0x00007a39d4272600, 0x00007a39d4272860] Compiler: c1, Barriers: 0, Oops: 1, ImmediateOops: 0, NonImmediateOops: No
[3,197s][debug][gc,nmethod     ] Register NMethod: com.github.benmanes.caffeine.cache.BoundedLocalCache.scheduleDrainBuffers (0x00007a39d4272888) [0x00007a39d4272980, 0x00007a39d4278170] Compiler: c1, Barriers: 17, Oops: 8, ImmediateOops: 20, NonImmediateOops: No
[3,198s][debug][gc,nmethod     ] Register NMethod: io.sirix.access.trx.page.NodePageReadOnlyTrx.getRecord (0x00007a39f2e87c08) [0x00007a39f2e87d00, 0x00007a39f2e88d08] Compiler: jvmci, Barriers: 20, Oops: 3, ImmediateOops: 2, NonImmediateOops: No
[3,199s][debug][gc,nmethod     ] Register NMethod: io.brackit.query.sequence.AbstractSequence.evaluate (0x00007a39d4278208) [0x00007a39d4278300, 0x00007a39d4278400] Compiler: c1, Barriers: 0, Oops: 1, ImmediateOops: 0, NonImmediateOops: No
[3,200s][debug][gc,nmethod     ] Register NMethod: io.sirix.access.trx.node.AbstractNodeReadOnlyTrx.hasFirstChild (0x00007a39d4278508) [0x00007a39d4278600, 0x00007a39d4278e20] Compiler: c1, Barriers: 0, Oops: 1, ImmediateOops: 1, NonImmediateOops: No
[3,200s][debug][gc,nmethod     ] Register NMethod: io.sirix.axis.AbstractAxis.hasNext (0x00007a39d4278e88) [0x00007a39d4278f80, 0x00007a39d4279a48] Compiler: c1, Barriers: 2, Oops: 1, ImmediateOops: 1, NonImmediateOops: No
[3,201s][debug][gc,nmethod     ] Register NMethod: java.lang.StringLatin1.getChars (0x00007a39d4279a88) [0x00007a39d4279b80, 0x00007a39d4279ca0] Compiler: c1, Barriers: 0, Oops: 0, ImmediateOops: 0, NonImmediateOops: No
[3,201s][debug][gc,nmethod     ] Register NMethod: io.sirix.axis.AbstractAxis.resetToLastKey (0x00007a39d4279d88) [0x00007a39d4279e80, 0x00007a39d427a438] Compiler: c1, Barriers: 2, Oops: 1, ImmediateOops: 0, NonImmediateOops: No
[3,201s][debug][gc,nmethod     ] Register NMethod: java.lang.String.getChars (0x00007a39d427a488) [0x00007a39d427a580, 0x00007a39d427b1c0] Compiler: c1, Barriers: 1, Oops: 1, ImmediateOops: 2, NonImmediateOops: No
[3,203s][debug][gc,director    ] Rule Major: Warmup 10%, Used: 626MB, UsedThreshold: 1228MB
[3,203s][debug][gc,director    ] Rule Minor: High Usage, Free: 11620MB(94,6%)
[3,203s][debug][gc,nmethod     ] Register NMethod: io.sirix.node.xml.ElementNode.hasFirstChild (0x00007a39d427b208) [0x00007a39d427b300, 0x00007a39d4280738] Compiler: c1, Barriers: 19, Oops: 7, ImmediateOops: 12, NonImmediateOops: No
[3,203s][debug][gc,nmethod     ] Register NMethod: io.brackit.query.jdm.type.ElementType.getQName (0x00007a39f2e88d88) [0x00007a39f2e88e80, 0x00007a39f2e88f68] Compiler: c1, Barriers: 1, Oops: 1, ImmediateOops: 0, NonImmediateOops: No
[3,203s][debug][gc,nmethod     ] Register NMethod: com.github.benmanes.caffeine.cache.FrequencySketch.increment (0x00007a39d4280788) [0x00007a39d4280880, 0x00007a39d4281ec8] Compiler: c1, Barriers: 1, Oops: 1, ImmediateOops: 0, NonImmediateOops: No
[3,203s][debug][gc,nmethod     ] Register NMethod: java.util.concurrent.ConcurrentHashMap.initTable (0x00007a39d4281f08) [0x00007a39d4282000, 0x00007a39d4282c58] Compiler: c1, Barriers: 6, Oops: 0, ImmediateOops: 0, NonImmediateOops: No
[3,204s][debug][gc,nmethod     ] Register NMethod: ch.qos.logback.classic.Logger.filterAndLog_0_Or3Plus (0x00007a39d4282c88) [0x00007a39d4282d80, 0x00007a39d4283270] Compiler: c1, Barriers: 1, Oops: 1, ImmediateOops: 2, NonImmediateOops: No
[3,205s][debug][gc,nmethod     ] Register NMethod: io.sirix.page.KeyValueLeafPage.getNumberOfNonNullEntries (0x00007a39f2e89088) [0x00007a39f2e89180, 0x00007a39f2e89550] Compiler: jvmci, Barriers: 3, Oops: 1, ImmediateOops: 0, NonImmediateOops: No
[3,206s][debug][gc,nmethod     ] Register NMethod: java.io.BufferedWriter.ensureOpen (0x00007a39d4283288) [0x00007a39d4283380, 0x00007a39d42835b0] Compiler: c1, Barriers: 1, Oops: 0, ImmediateOops: 1, NonImmediateOops: No
[3,207s][debug][gc,nmethod     ] Register NMethod: com.github.benmanes.caffeine.cache.BoundedLocalCache.scheduleAfterWrite (0x00007a39d4157e08) [0x00007a39d4157f00, 0x00007a39d415b4e0] Compiler: c1, Barriers: 0, Oops: 7, ImmediateOops: 18, NonImmediateOops: No
[3,207s][debug][gc,nmethod     ] Register NMethod: java.io.BufferedWriter.min (0x00007a39d4283608) [0x00007a39d4283700, 0x00007a39d4283858] Compiler: c1, Barriers: 0, Oops: 0, ImmediateOops: 0, NonImmediateOops: No
[3,208s][debug][gc,nmethod     ] Register NMethod: java.io.BufferedWriter.growIfNeeded (0x00007a39d4283908) [0x00007a39d4283a00, 0x00007a39d4283d18] Compiler: c1, Barriers: 4, Oops: 0, ImmediateOops: 0, NonImmediateOops: No
[3,208s][debug][gc,nmethod     ] Register NMethod: java.io.PrintWriter.ensureOpen (0x00007a39d4283d88) [0x00007a39d4283e80, 0x00007a39d42840b0] Compiler: c1, Barriers: 1, Oops: 0, ImmediateOops: 1, NonImmediateOops: No
[3,208s][debug][gc,nmethod     ] Register NMethod: java.io.PrintWriter.write (0x00007a39d4284108) [0x00007a39d4284200, 0x00007a39d42847f8] Compiler: c1, Barriers: 1, Oops: 0, ImmediateOops: 0, NonImmediateOops: No
[3,208s][debug][gc,nmethod     ] Register NMethod: java.io.BufferedWriter.write (0x00007a39d4284808) [0x00007a39d4284900, 0x00007a39d42851f0] Compiler: c1, Barriers: 3, Oops: 0, ImmediateOops: 1, NonImmediateOops: No
[3,208s][debug][gc,nmethod     ] Register NMethod: java.io.PrintWriter.write (0x00007a39d4285208) [0x00007a39d4285300, 0x00007a39d4285c60] Compiler: c1, Barriers: 3, Oops: 0, ImmediateOops: 1, NonImmediateOops: No
[3,208s][debug][gc,nmethod     ] Register NMethod: java.lang.AbstractStringBuilder.append (0x00007a39f2e89588) [0x00007a39f2e89680, 0x00007a39f2e8a1e8] Compiler: jvmci, Barriers: 6, Oops: 0, ImmediateOops: 0, NonImmediateOops: No
[3,212s][debug][gc,nmethod     ] Register NMethod: io.brackit.query.expr.PathStepExpr$SequenceContextPathStepIter.next (0x00007a39d4285c88) [0x00007a39d4285d80, 0x00007a39d4288ea8] Compiler: c1, Barriers: 39, Oops: 2, ImmediateOops: 4, NonImmediateOops: No
[3,213s][debug][gc,director    ] Rule Major: Warmup 10%, Used: 632MB, UsedThreshold: 1228MB
[3,213s][debug][gc,director    ] Rule Minor: High Usage, Free: 11614MB(94,5%)
[3,214s][debug][gc,nmethod     ] Register NMethod: io.brackit.query.jdm.type.ElementType.getNodeKind (0x00007a39d4288f08) [0x00007a39d4289000, 0x00007a39d4289108] Compiler: c1, Barriers: 0, Oops: 1, ImmediateOops: 1, NonImmediateOops: No
[3,215s][debug][gc,nmethod     ] Register NMethod: io.sirix.settings.VersioningType$4.combineRecordPages (0x00007a39d4289208) [0x00007a39d4289300, 0x00007a39d428e228] Compiler: c1, Barriers: 9, Oops: 1, ImmediateOops: 0, NonImmediateOops: No
[3,216s][debug][gc,nmethod     ] Register NMethod: io.sirix.axis.ChildAxis.<init> (0x00007a39f2e8a208) [0x00007a39f2e8a300, 0x00007a39f2e8a900] Compiler: jvmci, Barriers: 15, Oops: 1, ImmediateOops: 2, NonImmediateOops: No
[3,216s][debug][gc,nmethod     ] Register NMethod: java.io.PrintWriter.print (0x00007a39d428e288) [0x00007a39d428e380, 0x00007a39d428eaf0] Compiler: c1, Barriers: 1, Oops: 0, ImmediateOops: 1, NonImmediateOops: No
[3,217s][debug][gc,nmethod     ] Register NMethod: io.sirix.page.KeyValueLeafPage.getNumberOfNonNullEntries (0x00007a39f2e8a988) [0x00007a39f2e8aa80, 0x00007a39f2e8ac80] Compiler: jvmci, Barriers: 2, Oops: 1, ImmediateOops: 0, NonImmediateOops: No
[3,217s][debug][gc,nmethod     ] Register NMethod: io.sirix.settings.VersioningType$4.combineRecordPages (0x00007a39d428eb08) [0x00007a39d428ec00, 0x00007a39d4293860] Compiler: c1, Barriers: 9, Oops: 1, ImmediateOops: 0, NonImmediateOops: No
[3,217s][debug][gc,nmethod     ] Register NMethod: java.util.concurrent.atomic.AtomicInteger.incrementAndGet (0x00007a39f2e8ad08) [0x00007a39f2e8ae00, 0x00007a39f2e8ae90] Compiler: jvmci, Barriers: 0, Oops: 0, ImmediateOops: 0, NonImmediateOops: No
[3,217s][debug][gc,nmethod     ] Register NMethod: java.util.BitSet.valueOf (0x00007a39d4293888) [0x00007a39d4293980, 0x00007a39d4295328] Compiler: c1, Barriers: 3, Oops: 0, ImmediateOops: 1, NonImmediateOops: No
[3,218s][debug][gc,nmethod     ] Register NMethod: io.brackit.query.expr.PathStepExpr$PathStepSequence.<init> (0x00007a39d4295388) [0x00007a39d4295480, 0x00007a39d42958e0] Compiler: c1, Barriers: 15, Oops: 1, ImmediateOops: 0, NonImmediateOops: No
[3,218s][debug][gc,nmethod     ] Register NMethod: io.brackit.query.expr.PathStepExpr$PathStepSequence.iterate (0x00007a39d4295908) [0x00007a39d4295a00, 0x00007a39d4296788] Compiler: c1, Barriers: 20, Oops: 1, ImmediateOops: 0, NonImmediateOops: No
[3,219s][debug][gc,nmethod     ] Register NMethod: io.brackit.query.expr.PathStepExpr.evaluate (0x00007a39d4296808) [0x00007a39d4296900, 0x00007a39d4297738] Compiler: c1, Barriers: 16, Oops: 1, ImmediateOops: 0, NonImmediateOops: No
[3,220s][debug][gc,nmethod     ] Register NMethod: io.sirix.page.PageKind$1.deserializePage (0x00007a39d4297788) [0x00007a39d4297880, 0x00007a39d429bbc8] Compiler: c1, Barriers: 3, Oops: 3, ImmediateOops: 5, NonImmediateOops: No
[3,220s][debug][gc,nmethod     ] Register NMethod: io.brackit.query.node.d2linked.ElementD2Node.getKind (0x00007a39d429bc08) [0x00007a39d429bd00, 0x00007a39d429be08] Compiler: c1, Barriers: 0, Oops: 1, ImmediateOops: 1, NonImmediateOops: No
[3,221s][debug][gc,nmethod     ] Register NMethod: io.sirix.access.trx.node.AbstractNodeReadOnlyTrx.getFirstChildKey (0x00007a39d429bf08) [0x00007a39d429c000, 0x00007a39d429c820] Compiler: c1, Barriers: 0, Oops: 1, ImmediateOops: 1, NonImmediateOops: No
[3,221s][debug][gc,nmethod     ] Register NMethod: java.io.PrintWriter.print (0x00007a39d429c888) [0x00007a39d429c980, 0x00007a39d429d2a8] Compiler: c1, Barriers: 1, Oops: 0, ImmediateOops: 1, NonImmediateOops: No
[3,221s][debug][gc,nmethod     ] Register NMethod: io.sirix.query.node.XmlDBNode.getKind (0x00007a39d429d308) [0x00007a39d429d400, 0x00007a39d429df28] Compiler: c1, Barriers: 2, Oops: 2, ImmediateOops: 9, NonImmediateOops: No
[3,222s][debug][gc,nmethod     ] Register NMethod: io.sirix.query.compiler.translator.SirixTranslator$Child.performStep (0x00007a39d429df88) [0x00007a39d429e080, 0x00007a39d42a22f0] Compiler: c1, Barriers: 22, Oops: 1, ImmediateOops: 6, NonImmediateOops: No
[3,222s][debug][gc,nmethod     ] Register NMethod: io.sirix.query.compiler.translator.SirixTranslator.getAxis (0x00007a39d42a2308) [0x00007a39d42a2400, 0x00007a39d42a6cb8] Compiler: c1, Barriers: 21, Oops: 2, ImmediateOops: 1, NonImmediateOops: No
[3,223s][debug][gc,director    ] Rule Major: Warmup 10%, Used: 636MB, UsedThreshold: 1228MB
[3,223s][debug][gc,director    ] Rule Minor: High Usage, Free: 11610MB(94,5%)
[3,223s][debug][gc,nmethod     ] Register NMethod: com.github.benmanes.caffeine.cache.AbstractLinkedDeque.linkLast (0x00007a39d42a6d08) [0x00007a39d42a6e00, 0x00007a39d42a8220] Compiler: c1, Barriers: 7, Oops: 1, ImmediateOops: 0, NonImmediateOops: No
[3,224s][debug][gc,nmethod     ] Register NMethod: io.sirix.page.PageKind$1.deserializePage (0x00007a39d42a8288) [0x00007a39d42a8380, 0x00007a39d42ac6a0] Compiler: c1, Barriers: 3, Oops: 3, ImmediateOops: 5, NonImmediateOops: No
[3,224s][debug][gc,nmethod     ] Register NMethod: java.util.concurrent.locks.ReentrantLock$Sync.tryLock (0x00007a39d42ac708) [0x00007a39d42ac800, 0x00007a39d42ad5f8] Compiler: c1, Barriers: 5, Oops: 0, ImmediateOops: 1, NonImmediateOops: No
[3,226s][debug][gc,nmethod     ] Register NMethod: io.sirix.page.PageReference.equals (0x00007a39d42ad608) [0x00007a39d42ad700, 0x00007a39d42add50] Compiler: c1, Barriers: 0, Oops: 1, ImmediateOops: 0, NonImmediateOops: No
[3,227s][debug][gc,nmethod     ] Register NMethod: io.sirix.page.PageKind$1.deserializePage (0x00007a39d42add88) [0x00007a39d42ade80, 0x00007a39d42b1e28] Compiler: c1, Barriers: 3, Oops: 3, ImmediateOops: 5, NonImmediateOops: No
[3,227s][debug][gc,nmethod     ] Register NMethod: net.jpountz.util.SafeUtils.readIntLE (0x00007a39f2e8b008) [0x00007a39f2e8b100, 0x00007a39f2e8b218] Compiler: jvmci, Barriers: 0, Oops: 1, ImmediateOops: 0, NonImmediateOops: No
[3,228s][debug][gc,nmethod     ] Register NMethod: java.lang.StringConcatHelper.stringSize (0x00007a39d42b1e88) [0x00007a39d42b1f80, 0x00007a39d42b21e8] Compiler: c1, Barriers: 0, Oops: 0, ImmediateOops: 1, NonImmediateOops: No
[3,228s][debug][gc,nmethod     ] Register NMethod: java.lang.StringConcatHelper.prepend (0x00007a39d42b2208) [0x00007a39d42b2300, 0x00007a39d42b3228] Compiler: c1, Barriers: 2, Oops: 0, ImmediateOops: 0, NonImmediateOops: No
[3,229s][debug][gc,nmethod     ] Register NMethod: java.util.concurrent.locks.AbstractQueuedSynchronizer$ConditionNode.isReleasable (0x00007a39d42b3288) [0x00007a39d42b3380, 0x00007a39d42b3748] Compiler: c1, Barriers: 1, Oops: 0, ImmediateOops: 0, NonImmediateOops: No
[3,229s][debug][gc,nmethod     ] Register NMethod: com.esotericsoftware.kryo.io.Output.writeInt (0x00007a39d42b3788) [0x00007a39d42b3880, 0x00007a39d42b39c8] Compiler: c1, Barriers: 0, Oops: 1, ImmediateOops: 0, NonImmediateOops: No
[3,229s][debug][gc,nmethod     ] Register NMethod: org.gradle.internal.serialize.kryo.KryoBackedEncoder.writeSmallInt (0x00007a39d42b3a88) [0x00007a39d42b3b80, 0x00007a39d42b3d68] Compiler: c1, Barriers: 1, Oops: 1, ImmediateOops: 0, NonImmediateOops: No
[3,229s][debug][gc,nmethod     ] Register NMethod: com.esotericsoftware.kryo.io.Output.writeVarInt (0x00007a39d42b3d88) [0x00007a39d42b3e80, 0x00007a39d42b46f8] Compiler: c1, Barriers: 5, Oops: 1, ImmediateOops: 0, NonImmediateOops: No
[3,229s][debug][gc,nmethod     ] Register NMethod: java.util.LinkedList.size (0x00007a39f2e8b308) [0x00007a39f2e8b400, 0x00007a39f2e8b4c0] Compiler: c1, Barriers: 0, Oops: 0, ImmediateOops: 0, NonImmediateOops: No
[3,230s][debug][gc,nmethod     ] Register NMethod: java.util.ArrayList.isEmpty (0x00007a39f2e8b608) [0x00007a39f2e8b700, 0x00007a39f2e8b790] Compiler: jvmci, Barriers: 0, Oops: 0, ImmediateOops: 0, NonImmediateOops: No
[3,231s][debug][gc,nmethod     ] Register NMethod: com.github.benmanes.caffeine.cache.AccessOrderDeque.getPrevious (0x00007a39d42b4708) [0x00007a39d42b4800, 0x00007a39d42b4b08] Compiler: c1, Barriers: 0, Oops: 1, ImmediateOops: 0, NonImmediateOops: No
[3,231s][debug][gc,nmethod     ] Register NMethod: com.github.benmanes.caffeine.cache.AccessOrderDeque.getNext (0x00007a39d42b4b88) [0x00007a39d42b4c80, 0x00007a39d42b4f88] Compiler: c1, Barriers: 0, Oops: 1, ImmediateOops: 0, NonImmediateOops: No
[3,231s][debug][gc,nmethod     ] Register NMethod: com.github.benmanes.caffeine.cache.AccessOrderDeque.getPrevious (0x00007a39d42b5008) [0x00007a39d42b5100, 0x00007a39d42b5840] Compiler: c1, Barriers: 0, Oops: 1, ImmediateOops: 0, NonImmediateOops: No
[3,231s][debug][gc,nmethod     ] Register NMethod: com.github.benmanes.caffeine.cache.RemovalCause$1.wasEvicted (0x00007a39f2e8b908) [0x00007a39f2e8ba00, 0x00007a39f2e8bac0] Compiler: c1, Barriers: 0, Oops: 1, ImmediateOops: 0, NonImmediateOops: No
[3,231s][debug][gc,nmethod     ] Register NMethod: com.github.benmanes.caffeine.cache.AccessOrderDeque.getNext (0x00007a39d42b5888) [0x00007a39d42b5980, 0x00007a39d42b60c0] Compiler: c1, Barriers: 0, Oops: 1, ImmediateOops: 0, NonImmediateOops: No
[3,231s][debug][gc,nmethod     ] Register NMethod: java.util.concurrent.atomic.AtomicInteger.decrementAndGet (0x00007a39f2e8bc08) [0x00007a39f2e8bd00, 0x00007a39f2e8bd90] Compiler: jvmci, Barriers: 0, Oops: 0, ImmediateOops: 0, NonImmediateOops: No
[3,232s][debug][gc,nmethod     ] Register NMethod: java.util.HashMap.clear (0x00007a39d42b6108) [0x00007a39d42b6200, 0x00007a39d42b66f0] Compiler: c1, Barriers: 4, Oops: 0, ImmediateOops: 0, NonImmediateOops: No
[3,232s][debug][gc,nmethod     ] Register NMethod: com.github.benmanes.caffeine.cache.AbstractLinkedDeque.unlink (0x00007a39d42b6708) [0x00007a39d42b6800, 0x00007a39d42b96d0] Compiler: c1, Barriers: 6, Oops: 1, ImmediateOops: 0, NonImmediateOops: No
[3,232s][debug][gc,nmethod     ] Register NMethod: org.slf4j.helpers.MessageFormatter.isEscapedDelimeter (0x00007a39d42b9708) [0x00007a39d42b9800, 0x00007a39d42ba1d8] Compiler: c1, Barriers: 2, Oops: 2, ImmediateOops: 2, NonImmediateOops: No
[3,232s][debug][gc,nmethod     ] Register NMethod: org.slf4j.helpers.MessageFormatter.deeplyAppendParameter (0x00007a39d42ba208) [0x00007a39d42ba300, 0x00007a39d42bd300] Compiler: c1, Barriers: 2, Oops: 2, ImmediateOops: 1, NonImmediateOops: No
[3,233s][debug][gc,nmethod     ] Register NMethod: org.junit.platform.engine.UniqueIdFormat.checkDoesNotContain (0x00007a39d42bd388) [0x00007a39d42bd480, 0x00007a39d42be228] Compiler: c1, Barriers: 3, Oops: 3, ImmediateOops: 2, NonImmediateOops: No
[3,233s][debug][gc,nmethod     ] Register NMethod: org.slf4j.helpers.MessageFormatter.safeObjectAppend (0x00007a39d42be288) [0x00007a39d42be380, 0x00007a39d42c04e0] Compiler: c1, Barriers: 4, Oops: 4, ImmediateOops: 6, NonImmediateOops: No
[3,233s][debug][gc,nmethod     ] Register NMethod: org.junit.platform.engine.UniqueIdFormat$$Lambda/0x00000000ba1ab648.<init> (0x00007a39d42c0508) [0x00007a39d42c0600, 0x00007a39d42c07d8] Compiler: c1, Barriers: 3, Oops: 1, ImmediateOops: 0, NonImmediateOops: No
[3,233s][debug][gc,nmethod     ] Register NMethod: java.util.concurrent.ForkJoinPool.runWorker (0x00007a39d42c0808) [0x00007a39d42c0900, 0x00007a39d42c2640] Compiler: c1, Barriers: 13, Oops: 1, ImmediateOops: 1, NonImmediateOops: No
[3,233s][debug][gc,director    ] Rule Major: Warmup 10%, Used: 640MB, UsedThreshold: 1228MB
[3,233s][debug][gc,director    ] Rule Minor: High Usage, Free: 11606MB(94,4%)
[3,233s][debug][gc,nmethod     ] Register NMethod: ch.qos.logback.core.pattern.FormattingConverter.write (0x00007a39d42c2688) [0x00007a39d42c2780, 0x00007a39d42c46f0] Compiler: c1, Barriers: 2, Oops: 1, ImmediateOops: 0, NonImmediateOops: No
[3,233s][debug][gc,nmethod     ] Register NMethod: java.lang.ref.WeakReference.<init> (0x00007a39d42c4708) [0x00007a39d42c4800, 0x00007a39d42c4b38] Compiler: c1, Barriers: 6, Oops: 0, ImmediateOops: 1, NonImmediateOops: No
[3,233s][debug][gc,nmethod     ] Register NMethod: java.lang.Long.toString (0x00007a39d42c4b88) [0x00007a39d42c4c80, 0x00007a39d42c4db8] Compiler: c1, Barriers: 0, Oops: 0, ImmediateOops: 0, NonImmediateOops: No
[3,233s][debug][gc,nmethod     ] Register NMethod: jdk.xml.internal.JdkXmlConfig.getJaxpConfig (0x00007a39f2e8bf08) [0x00007a39f2e8c000, 0x00007a39f2e8c0e8] Compiler: c1, Barriers: 1, Oops: 0, ImmediateOops: 0, NonImmediateOops: No
[3,233s][debug][gc,nmethod     ] Register NMethod: java.nio.MappedByteBuffer.flip (0x00007a39d42c4e88) [0x00007a39d42c4f80, 0x00007a39d42c5158] Compiler: c1, Barriers: 0, Oops: 0, ImmediateOops: 0, NonImmediateOops: No
[3,234s][debug][gc,nmethod     ] Register NMethod: java.text.StringBufFactory$StringBuilderImpl.append (0x00007a39d42c5188) [0x00007a39d42c5280, 0x00007a39d42c5620] Compiler: c1, Barriers: 1, Oops: 0, ImmediateOops: 0, NonImmediateOops: No
[3,234s][debug][gc,nmethod     ] Register NMethod: org.gradle.internal.serialize.kryo.KryoBackedEncoder.writeLong (0x00007a39d42c5688) [0x00007a39d42c5780, 0x00007a39d42c5908] Compiler: c1, Barriers: 1, Oops: 1, ImmediateOops: 0, NonImmediateOops: No
[3,234s][debug][gc,nmethod     ] Register NMethod: com.esotericsoftware.kryo.io.Output.writeLong (0x00007a39d42c5988) [0x00007a39d42c5a80, 0x00007a39d42c5dc8] Compiler: c1, Barriers: 1, Oops: 1, ImmediateOops: 0, NonImmediateOops: No
[3,234s][debug][gc,nmethod     ] Register NMethod: java.util.concurrent.ForkJoinPool.runWorker (0x00007a39d42c5e08) [0x00007a39d42c5f00, 0x00007a39d42c7a10] Compiler: c1, Barriers: 13, Oops: 1, ImmediateOops: 1, NonImmediateOops: No
[3,234s][debug][gc,nmethod     ] Register NMethod: java.lang.ThreadLocal.get (0x00007a39d42c7a88) [0x00007a39d42c7b80, 0x00007a39d42c7d00] Compiler: c1, Barriers: 1, Oops: 0, ImmediateOops: 0, NonImmediateOops: No
[3,234s][debug][gc,nmethod     ] Register NMethod: ch.qos.logback.classic.Logger.appendLoopOnAppenders (0x00007a39d42c7d88) [0x00007a39d42c7e80, 0x00007a39d42c8060] Compiler: c1, Barriers: 1, Oops: 1, ImmediateOops: 0, NonImmediateOops: No
[3,235s][debug][gc,nmethod     ] Register NMethod: java.lang.ThreadLocal$ThreadLocalMap.set (0x00007a39d42c8088) [0x00007a39d42c8180, 0x00007a39d42c9600] Compiler: c1, Barriers: 12, Oops: 0, ImmediateOops: 0, NonImmediateOops: No
[3,235s][debug][gc,nmethod     ] Register NMethod: com.esotericsoftware.kryo.io.Output.writeString (0x00007a39d42c9608) [0x00007a39d42c9700, 0x00007a39d42c9fc0] Compiler: c1, Barriers: 1, Oops: 1, ImmediateOops: 0, NonImmediateOops: No
[3,235s][debug][gc,nmethod     ] Register NMethod: java.util.HashMap.<init> (0x00007a39f2e8c208) [0x00007a39f2e8c320, 0x00007a39f2e8c3b0] Compiler: jvmci, Barriers: 0, Oops: 0, ImmediateOops: 0, NonImmediateOops: No
[3,236s][debug][gc,nmethod     ] Register NMethod: java.util.concurrent.locks.AbstractQueuedLongSynchronizer.compareAndSetState (0x00007a39d42ca008) [0x00007a39d42ca100, 0x00007a39d42ca220] Compiler: c1, Barriers: 0, Oops: 0, ImmediateOops: 0, NonImmediateOops: No
[3,236s][debug][gc,nmethod     ] Register NMethod: sun.nio.fs.UnixNativeDispatcher.readdir0 (0x00007a39f2e8c508) [0x00007a39f2e8c600, 0x00007a39f2e8c928] Compiler: , Barriers: 0, Oops: 0, ImmediateOops: 1, NonImmediateOops: No
[3,236s][debug][gc,nmethod     ] Register NMethod: sun.nio.fs.UnixDirectoryStream.readLock (0x00007a39d42ca308) [0x00007a39d42ca400, 0x00007a39d42ca590] Compiler: c1, Barriers: 2, Oops: 0, ImmediateOops: 0, NonImmediateOops: No
[3,236s][debug][gc,nmethod     ] Register NMethod: com.google.gson.stream.JsonReader.nextName (0x00007a39d42ca608) [0x00007a39d42ca700, 0x00007a39d42cc0b0] Compiler: c1, Barriers: 4, Oops: 2, ImmediateOops: 3, NonImmediateOops: No
[3,237s][debug][gc,nmethod     ] Register NMethod: java.io.OutputStreamWriter.write (0x00007a39d42cc108) [0x00007a39d42cc200, 0x00007a39d42cc530] Compiler: c1, Barriers: 1, Oops: 0, ImmediateOops: 0, NonImmediateOops: No
[3,237s][debug][gc,nmethod     ] Register NMethod: sun.nio.cs.StreamEncoder.write (0x00007a39d42cc588) [0x00007a39d42cc680, 0x00007a39d42cca18] Compiler: c1, Barriers: 0, Oops: 0, ImmediateOops: 0, NonImmediateOops: No
[3,238s][debug][gc,nmethod     ] Register NMethod: sun.nio.cs.StreamEncoder.write (0x00007a39d42cca88) [0x00007a39d42ccb80, 0x00007a39d42cd218] Compiler: c1, Barriers: 0, Oops: 0, ImmediateOops: 0, NonImmediateOops: No
[3,239s][debug][gc,nmethod     ] Register NMethod: io.sirix.access.DatabaseConfiguration$DatabasePaths.getFile (0x00007a39f2e8c988) [0x00007a39f2e8ca80, 0x00007a39f2e8cb68] Compiler: c1, Barriers: 1, Oops: 1, ImmediateOops: 0, NonImmediateOops: No
[3,239s][debug][gc,nmethod     ] Register NMethod: sun.nio.fs.UnixPath.toString (0x00007a39d42cd288) [0x00007a39d42cd380, 0x00007a39d42cd8f8] Compiler: c1, Barriers: 6, Oops: 0, ImmediateOops: 1, NonImmediateOops: No
[3,243s][debug][gc,director    ] Rule Major: Warmup 10%, Used: 640MB, UsedThreshold: 1228MB
[3,243s][debug][gc,director    ] Rule Minor: High Usage, Free: 11606MB(94,4%)
[3,244s][debug][gc,nmethod     ] Register NMethod: net.jpountz.lz4.LZ4BlockOutputStream.writeIntLE (0x00007a39f2e8cc88) [0x00007a39f2e8cd80, 0x00007a39f2e8ce98] Compiler: jvmci, Barriers: 0, Oops: 1, ImmediateOops: 0, NonImmediateOops: No
[3,244s][debug][gc,nmethod     ] Register NMethod: jdk.internal.misc.Blocker.begin (0x00007a39d42cd908) [0x00007a39d42cda00, 0x00007a39d42cdb58] Compiler: c1, Barriers: 0, Oops: 0, ImmediateOops: 0, NonImmediateOops: No
[3,248s][debug][gc,nmethod     ] Register NMethod: io.sirix.page.PageReference.getResourceId (0x00007a39f2e8cf88) [0x00007a39f2e8d080, 0x00007a39f2e8d140] Compiler: c1, Barriers: 0, Oops: 1, ImmediateOops: 0, NonImmediateOops: No
[3,248s][debug][gc,nmethod     ] Register NMethod: io.sirix.page.PageReference.getDatabaseId (0x00007a39f2e8d288) [0x00007a39f2e8d380, 0x00007a39f2e8d440] Compiler: c1, Barriers: 0, Oops: 1, ImmediateOops: 0, NonImmediateOops: No
[3,248s][debug][gc,nmethod     ] Register NMethod: com.github.benmanes.caffeine.cache.NodeFactory.newReferenceKey (0x00007a39d42cdc08) [0x00007a39d42cdd00, 0x00007a39d42cde00] Compiler: c1, Barriers: 0, Oops: 1, ImmediateOops: 0, NonImmediateOops: No
[3,248s][debug][gc,nmethod     ] Register NMethod: com.github.benmanes.caffeine.cache.LocalCache.compute (0x00007a39d42cdf08) [0x00007a39d42ce000, 0x00007a39d42ce530] Compiler: c1, Barriers: 0, Oops: 1, ImmediateOops: 0, NonImmediateOops: No
[3,248s][debug][gc,nmethod     ] Register NMethod: com.github.benmanes.caffeine.cache.BoundedLocalCache.compute (0x00007a39d42ce588) [0x00007a39d42ce680, 0x00007a39d42cfcc0] Compiler: c1, Barriers: 1, Oops: 4, ImmediateOops: 4, NonImmediateOops: No
[3,249s][debug][gc,nmethod     ] Register NMethod: java.nio.HeapByteBuffer.<init> (0x00007a39d42cfd08) [0x00007a39d42cfe00, 0x00007a39d42cff88] Compiler: c1, Barriers: 0, Oops: 0, ImmediateOops: 0, NonImmediateOops: No
[3,249s][debug][gc,nmethod     ] Register NMethod: java.nio.HeapByteBuffer.slice (0x00007a39d42d0008) [0x00007a39d42d0100, 0x00007a39d42d0728] Compiler: c1, Barriers: 2, Oops: 0, ImmediateOops: 0, NonImmediateOops: No
[3,249s][debug][gc,nmethod     ] Register NMethod: io.sirix.page.KeyValueLeafPage.getRevision (0x00007a39f2e8d588) [0x00007a39f2e8d680, 0x00007a39f2e8d740] Compiler: c1, Barriers: 0, Oops: 1, ImmediateOops: 0, NonImmediateOops: No
[3,250s][debug][gc,nmethod     ] Register NMethod: java.util.concurrent.ForkJoinTask.setNoUserHelp (0x00007a39d42d0788) [0x00007a39d42d0880, 0x00007a39d42d0990] Compiler: c1, Barriers: 0, Oops: 0, ImmediateOops: 0, NonImmediateOops: No
[3,250s][debug][gc,nmethod     ] Register NMethod: java.util.LinkedHashMap.clear (0x00007a39d42d0a88) [0x00007a39d42d0b80, 0x00007a39d42d0dc8] Compiler: c1, Barriers: 6, Oops: 0, ImmediateOops: 0, NonImmediateOops: No
[3,251s][debug][gc,nmethod     ] Register NMethod: jdk.internal.misc.Unsafe.setMemory0 (0x00007a39f2e8d888) [0x00007a39f2e8d980, 0x00007a39f2e8dad8] Compiler: , Barriers: 0, Oops: 0, ImmediateOops: 0, NonImmediateOops: No
[3,252s][debug][gc,nmethod     ] Register NMethod: com.sun.org.apache.xerces.internal.util.PropertyState.isExceptional (0x00007a39d42d0e08) [0x00007a39d42d0f00, 0x00007a39d42d1218] Compiler: c1, Barriers: 1, Oops: 0, ImmediateOops: 0, NonImmediateOops: No
[3,252s][debug][gc,nmethod     ] Register NMethod: jdk.xml.internal.XMLSecurityManager$Limit.is (0x00007a39d42d1288) [0x00007a39d42d1380, 0x00007a39d42d1990] Compiler: c1, Barriers: 2, Oops: 0, ImmediateOops: 0, NonImmediateOops: No
[3,253s][debug][gc,nmethod     ] Register NMethod: io.sirix.page.AbstractForwardingPage.getOrCreateReference (0x00007a39f2e8db88) [0x00007a39f2e8dc80, 0x00007a39f2e8e238] Compiler: jvmci, Barriers: 8, Oops: 1, ImmediateOops: 0, NonImmediateOops: No
[3,253s][debug][gc,director    ] Rule Major: Warmup 10%, Used: 642MB, UsedThreshold: 1228MB
[3,253s][debug][gc,director    ] Rule Minor: High Usage, Free: 11604MB(94,4%)
[3,253s][debug][gc,nmethod     ] Register NMethod: it.unimi.dsi.fastutil.HashCommon.arraySize (0x00007a39d42d1a08) [0x00007a39d42d1b00, 0x00007a39d42d30a0] Compiler: c1, Barriers: 0, Oops: 4, ImmediateOops: 4, NonImmediateOops: No
[3,255s][debug][gc,nmethod     ] Register NMethod: io.sirix.service.xml.shredder.AbstractShredder.processStartTag (0x00007a39d42d3108) [0x00007a39d42d3200, 0x00007a39d42d8f18] Compiler: c1, Barriers: 27, Oops: 1, ImmediateOops: 11, NonImmediateOops: No
[3,256s][debug][gc,nmethod     ] Register NMethod: java.util.HashMap.putIfAbsent (0x00007a39f2e8e288) [0x00007a39f2e8e3a0, 0x00007a39f2e8fd08] Compiler: jvmci, Barriers: 64, Oops: 0, ImmediateOops: 0, NonImmediateOops: No
[3,260s][debug][gc,nmethod     ] Register NMethod: io.sirix.access.trx.node.AbstractNodeHashing.rollingAdd (0x00007a39f2e8fd88) [0x00007a39f2e8fe80, 0x00007a39f2e9ecc0] Compiler: jvmci, Barriers: 394, Oops: 9, ImmediateOops: 5, NonImmediateOops: No
[3,263s][debug][gc,director    ] Rule Major: Warmup 10%, Used: 644MB, UsedThreshold: 1228MB
[3,263s][debug][gc,director    ] Rule Minor: High Usage, Free: 11602MB(94,4%)
[3,265s][debug][gc,nmethod     ] Register NMethod: io.sirix.page.KeyValueLeafPage.addReferences (0x00007a39f2e9ed88) [0x00007a39f2e9ee80, 0x00007a39f2ea2df0] Compiler: jvmci, Barriers: 58, Oops: 5, ImmediateOops: 3, NonImmediateOops: No
[3,267s][debug][gc,nmethod     ] Register NMethod: io.sirix.page.PageReference.setLogKey (0x00007a39d42d8f88) [0x00007a39d42d9080, 0x00007a39d42d9190] Compiler: c1, Barriers: 0, Oops: 1, ImmediateOops: 0, NonImmediateOops: No
[3,273s][debug][gc,director    ] Rule Major: Warmup 10%, Used: 650MB, UsedThreshold: 1228MB
[3,274s][debug][gc,director    ] Rule Minor: High Usage, Free: 11596MB(94,4%)
[3,279s][debug][gc,nmethod     ] Register NMethod: io.sirix.access.trx.node.AbstractNodeReadOnlyTrx.getNodeKey (0x00007a39f2ea2e88) [0x00007a39f2ea2f80, 0x00007a39f2ea30f8] Compiler: jvmci, Barriers: 1, Oops: 1, ImmediateOops: 0, NonImmediateOops: No
[3,280s][debug][gc,nmethod     ] Register NMethod: com.sun.org.apache.xerces.internal.xni.XMLString.append (0x00007a39f2ea3188) [0x00007a39f2ea3280, 0x00007a39f2ea38f0] Compiler: jvmci, Barriers: 4, Oops: 0, ImmediateOops: 0, NonImmediateOops: No
[3,283s][debug][gc,nmethod     ] Register NMethod: io.sirix.access.trx.page.NodePageReadOnlyTrx.getPathSummaryPage (0x00007a39f2ea3908) [0x00007a39f2ea3a00, 0x00007a39f2ea4ac0] Compiler: jvmci, Barriers: 32, Oops: 3, ImmediateOops: 0, NonImmediateOops: No
[3,284s][debug][gc,director    ] Rule Major: Warmup 10%, Used: 658MB, UsedThreshold: 1228MB
[3,284s][debug][gc,director    ] Rule Minor: High Usage, Free: 11588MB(94,3%)
[3,285s][debug][gc,nmethod     ] Register NMethod: sun.nio.cs.StreamDecoder.inReady (0x00007a39d42d9288) [0x00007a39d42d9380, 0x00007a39d42d99e8] Compiler: c1, Barriers: 2, Oops: 0, ImmediateOops: 0, NonImmediateOops: No
[3,286s][debug][gc,nmethod     ] Register NMethod: io.sirix.cache.RecordPageFragmentCache.remove (0x00007a39d42d9a08) [0x00007a39d42d9b00, 0x00007a39d42d9e40] Compiler: c1, Barriers: 1, Oops: 1, ImmediateOops: 0, NonImmediateOops: No
[3,286s][debug][gc,nmethod     ] Register NMethod: io.sirix.cache.RecordPageFragmentCache.remove (0x00007a39d42d9e88) [0x00007a39d42d9f80, 0x00007a39d42da6e0] Compiler: c1, Barriers: 1, Oops: 1, ImmediateOops: 0, NonImmediateOops: No
[3,294s][debug][gc,director    ] Rule Major: Warmup 10%, Used: 666MB, UsedThreshold: 1228MB
[3,294s][debug][gc,director    ] Rule Minor: High Usage, Free: 11580MB(94,2%)
[3,304s][debug][gc,director    ] Rule Major: Warmup 10%, Used: 676MB, UsedThreshold: 1228MB
[3,304s][debug][gc,director    ] Rule Minor: High Usage, Free: 11570MB(94,2%)
[3,311s][debug][gc,nmethod     ] Register NMethod: io.sirix.page.KeyValueLeafPage.processEntries (0x00007a39f2ea4b08) [0x00007a39f2ea4c00, 0x00007a39f2eaa020] Compiler: jvmci, Barriers: 136, Oops: 10, ImmediateOops: 8, NonImmediateOops: No
[3,314s][debug][gc,director    ] Rule Major: Warmup 10%, Used: 682MB, UsedThreshold: 1228MB
[3,314s][debug][gc,director    ] Rule Minor: High Usage, Free: 11564MB(94,1%)
[3,314s][debug][gc,nmethod     ] Register NMethod: io.sirix.node.delegates.StructNodeDelegate.incrementChildCount (0x00007a39f2eaa088) [0x00007a39f2eaa180, 0x00007a39f2eaa208] Compiler: jvmci, Barriers: 0, Oops: 1, ImmediateOops: 0, NonImmediateOops: No
[3,315s][debug][gc,nmethod     ] Register NMethod: io.sirix.service.xml.shredder.AbstractShredder.processStartTag (0x00007a39f2eaa388) [0x00007a39f2eaa480, 0x00007a39f2eab3a0] Compiler: jvmci, Barriers: 15, Oops: 1, ImmediateOops: 2, NonImmediateOops: No
[3,324s][debug][gc,director    ] Rule Major: Warmup 10%, Used: 692MB, UsedThreshold: 1228MB
[3,324s][debug][gc,director    ] Rule Minor: High Usage, Free: 11554MB(94,0%)
[3,327s][debug][gc,nmethod     ] Register NMethod: io.sirix.node.NullNode.<init> (0x00007a39f2eab408) [0x00007a39f2eab500, 0x00007a39f2eab648] Compiler: jvmci, Barriers: 3, Oops: 1, ImmediateOops: 0, NonImmediateOops: No
[3,332s][debug][gc,nmethod     ] Register NMethod: io.sirix.cache.PageCache.remove (0x00007a39d42da708) [0x00007a39d42da800, 0x00007a39d42dab40] Compiler: c1, Barriers: 1, Oops: 1, ImmediateOops: 0, NonImmediateOops: No
[3,334s][debug][gc,director    ] Rule Major: Warmup 10%, Used: 702MB, UsedThreshold: 1228MB
[3,334s][debug][gc,director    ] Rule Minor: High Usage, Free: 11544MB(93,9%)
[3,335s][debug][gc,alloc       ] Mutator Allocation Rate: 341,3MB/s Predicted: 369,2MB/s, Avg: 296,9(+/-52,5)MB/s
[3,335s][debug][gc,director    ] Rule Major: Warmup 10%, Used: 704MB, UsedThreshold: 1228MB
[3,335s][debug][gc,director    ] Rule Minor: High Usage, Free: 11542MB(93,9%)
[3,335s][debug][gc,nmethod     ] Register NMethod: com.sun.org.apache.xerces.internal.impl.XMLDocumentFragmentScannerImpl.scanDocument (0x00007a39f2eab708) [0x00007a39f2eab800, 0x00007a39f2ebcc78] Compiler: jvmci, Barriers: 422, Oops: 6, ImmediateOops: 11, NonImmediateOops: No
[3,345s][debug][gc,director    ] Rule Major: Warmup 10%, Used: 712MB, UsedThreshold: 1228MB
[3,345s][debug][gc,director    ] Rule Minor: High Usage, Free: 11534MB(93,9%)
[3,345s][debug][gc,nmethod     ] Register NMethod: io.sirix.cache.PageContainer.<init> (0x00007a39d42dab88) [0x00007a39d42dac80, 0x00007a39d42daec8] Compiler: c1, Barriers: 6, Oops: 1, ImmediateOops: 0, NonImmediateOops: No
[3,347s][debug][gc,nmethod     ] Register NMethod: io.sirix.cache.RecordPageCache.remove (0x00007a39d42daf08) [0x00007a39d42db000, 0x00007a39d42db760] Compiler: c1, Barriers: 1, Oops: 1, ImmediateOops: 0, NonImmediateOops: No
[3,347s][debug][gc,nmethod     ] Register NMethod: io.sirix.cache.RecordPageCache.remove (0x00007a39d42db788) [0x00007a39d42db880, 0x00007a39d42dbbc0] Compiler: c1, Barriers: 1, Oops: 1, ImmediateOops: 0, NonImmediateOops: No
[3,347s][debug][gc,nmethod     ] Register NMethod: io.sirix.cache.PageContainer.getInstance (0x00007a39d42dbc08) [0x00007a39d42dbd00, 0x00007a39d42dc200] Compiler: c1, Barriers: 6, Oops: 1, ImmediateOops: 0, NonImmediateOops: No
[3,347s][debug][gc,nmethod     ] Register NMethod: io.sirix.cache.PageCache.remove (0x00007a39d42dc288) [0x00007a39d42dc380, 0x00007a39d42dcae0] Compiler: c1, Barriers: 1, Oops: 1, ImmediateOops: 0, NonImmediateOops: No
[3,347s][debug][gc,nmethod     ] Register NMethod: io.sirix.cache.TransactionIntentLog.put (0x00007a39d42dcb08) [0x00007a39d42dcc00, 0x00007a39d42e0208] Compiler: c1, Barriers: 17, Oops: 1, ImmediateOops: 0, NonImmediateOops: No
[3,350s][debug][gc,nmethod     ] Register NMethod: com.sun.org.apache.xerces.internal.impl.XMLEntityScanner.skipString (0x00007a39d42e0288) [0x00007a39d42e0380, 0x00007a39d42e14a0] Compiler: c1, Barriers: 6, Oops: 1, ImmediateOops: 2, NonImmediateOops: No
[3,355s][debug][gc,nmethod     ] Register NMethod: io.sirix.node.HashCountEntryNode.getKind (0x00007a39d42e1508) [0x00007a39d42e1600, 0x00007a39d42e1920] Compiler: c1, Barriers: 0, Oops: 1, ImmediateOops: 1, NonImmediateOops: No
[3,356s][debug][gc,nmethod     ] Register NMethod: io.sirix.node.HashCountEntryNode.getKind (0x00007a39d42e1988) [0x00007a39d42e1a80, 0x00007a39d42e1b88] Compiler: c1, Barriers: 0, Oops: 1, ImmediateOops: 1, NonImmediateOops: No
[3,356s][debug][gc,nmethod     ] Register NMethod: io.sirix.node.NodeKind$32.serialize (0x00007a39d42e1c88) [0x00007a39d42e1d80, 0x00007a39d42e2380] Compiler: c1, Barriers: 1, Oops: 1, ImmediateOops: 0, NonImmediateOops: No
[3,356s][debug][gc,nmethod     ] Register NMethod: io.sirix.node.MemorySegmentBytesOut.writeUtf8 (0x00007a39d42e2408) [0x00007a39d42e2500, 0x00007a39d42e2e80] Compiler: c1, Barriers: 4, Oops: 2, ImmediateOops: 1, NonImmediateOops: No
[3,356s][debug][gc,nmethod     ] Register NMethod: io.sirix.node.NodeKind$31.serialize (0x00007a39d42e2f08) [0x00007a39d42e3000, 0x00007a39d42e3890] Compiler: c1, Barriers: 2, Oops: 1, ImmediateOops: 0, NonImmediateOops: No
[3,357s][debug][gc,director    ] Rule Major: Warmup 10%, Used: 724MB, UsedThreshold: 1228MB
[3,357s][debug][gc,director    ] Rule Minor: High Usage, Free: 11522MB(93,8%)
[3,359s][debug][gc,nmethod     ] Register NMethod: io.sirix.node.xml.AttributeNode.getKind (0x00007a39f2ebcd08) [0x00007a39f2ebce00, 0x00007a39f2ebce90] Compiler: jvmci, Barriers: 0, Oops: 1, ImmediateOops: 1, NonImmediateOops: No
[3,360s][debug][gc,nmethod     ] Register NMethod: sun.security.provider.DigestBase.engineUpdate (0x00007a39d42e3908) [0x00007a39d42e3a00, 0x00007a39d42e48a8] Compiler: c1, Barriers: 4, Oops: 1, ImmediateOops: 1, NonImmediateOops: No
[3,365s][debug][gc,nmethod     ] Register NMethod: java.nio.HeapByteBuffer.put (0x00007a39d42e4908) [0x00007a39d42e4a00, 0x00007a39d42e4eb8] Compiler: c1, Barriers: 1, Oops: 0, ImmediateOops: 0, NonImmediateOops: No
[3,365s][debug][gc,nmethod     ] Register NMethod: java.util.stream.AbstractPipeline.exactOutputSizeIfKnown (0x00007a39d42e4f08) [0x00007a39d42e5000, 0x00007a39d42e6018] Compiler: c1, Barriers: 3, Oops: 2, ImmediateOops: 2, NonImmediateOops: No
[3,365s][debug][gc,nmethod     ] Register NMethod: java.io.FilterOutputStream.<init> (0x00007a39d42e6088) [0x00007a39d42e6180, 0x00007a39d42e64d8] Compiler: c1, Barriers: 6, Oops: 0, ImmediateOops: 0, NonImmediateOops: No
[3,366s][debug][gc,nmethod     ] Register NMethod: io.sirix.node.MemorySegmentBytesIn.toByteArray (0x00007a39d42e6508) [0x00007a39d42e6600, 0x00007a39d42ed450] Compiler: c1, Barriers: 7, Oops: 9, ImmediateOops: 16, NonImmediateOops: No
[3,366s][debug][gc,nmethod     ] Register NMethod: io.sirix.node.xml.ElementNode.getAttributeKey (0x00007a39f2ebd008) [0x00007a39f2ebd100, 0x00007a39f2ebd2a0] Compiler: jvmci, Barriers: 2, Oops: 1, ImmediateOops: 0, NonImmediateOops: No
[3,367s][debug][gc,director    ] Rule Major: Warmup 10%, Used: 754MB, UsedThreshold: 1228MB
[3,367s][debug][gc,director    ] Rule Minor: High Usage, Free: 11492MB(93,5%)
[3,367s][debug][gc,nmethod     ] Register NMethod: net.jpountz.lz4.LZ4BlockOutputStream.flushBufferedData (0x00007a39d42ed508) [0x00007a39d42ed600, 0x00007a39d42ee6a0] Compiler: c1, Barriers: 14, Oops: 1, ImmediateOops: 0, NonImmediateOops: No
[3,367s][debug][gc,nmethod     ] Register NMethod: jdk.internal.foreign.MemorySessionImpl$ResourceList.cleanup (0x00007a39f2ebd308) [0x00007a39f2ebd400, 0x00007a39f2ebdbc0] Compiler: jvmci, Barriers: 7, Oops: 1, ImmediateOops: 2, NonImmediateOops: No
[3,371s][debug][gc,nmethod     ] Register NMethod: java.lang.Integer.numberOfLeadingZeros (0x00007a39f2ebdc08) [0x00007a39f2ebdd00, 0x00007a39f2ebde00] Compiler: jvmci, Barriers: 0, Oops: 0, ImmediateOops: 0, NonImmediateOops: No
[3,371s][debug][gc,nmethod     ] Register NMethod: sun.security.provider.DigestBase.implCompressMultiBlock0 (0x00007a39f2ebdf08) [0x00007a39f2ebe000, 0x00007a39f2ebe1e0] Compiler: jvmci, Barriers: 1, Oops: 0, ImmediateOops: 0, NonImmediateOops: No
[3,371s][debug][gc,nmethod     ] Register NMethod: io.sirix.node.Bytes.elasticOffHeapByteBuffer (0x00007a39d42ee708) [0x00007a39d42ee800, 0x00007a39d42ef608] Compiler: c1, Barriers: 9, Oops: 2, ImmediateOops: 1, NonImmediateOops: No
[3,375s][debug][gc,nmethod     ] Register NMethod: io.sirix.page.PageKind$1.serializePage (0x00007a39f2ebe208) [0x00007a39f2ebe300, 0x00007a39f2ec4b38] Compiler: jvmci, Barriers: 114, Oops: 13, ImmediateOops: 4, NonImmediateOops: No
[3,377s][debug][gc,director    ] Rule Major: Warmup 10%, Used: 776MB, UsedThreshold: 1228MB
[3,377s][debug][gc,director    ] Rule Minor: High Usage, Free: 11470MB(93,3%)
[3,377s][debug][gc,nmethod     ] Register NMethod: sun.nio.ch.IOStatus.normalize (0x00007a39d42ef688) [0x00007a39d42ef780, 0x00007a39d42ef8c0] Compiler: c1, Barriers: 0, Oops: 0, ImmediateOops: 0, NonImmediateOops: No
[3,378s][debug][gc,nmethod     ] Register NMethod: sun.nio.ch.FileChannelImpl.size (0x00007a39d42ef988) [0x00007a39d42efa80, 0x00007a39d42f1838] Compiler: c1, Barriers: 6, Oops: 0, ImmediateOops: 1, NonImmediateOops: No
[3,379s][debug][gc,nmethod     ] Register NMethod: io.sirix.node.MemorySegmentBytesOut.writePosition (0x00007a39f2ec4c08) [0x00007a39f2ec4d00, 0x00007a39f2ec4de0] Compiler: jvmci, Barriers: 1, Oops: 1, ImmediateOops: 0, NonImmediateOops: No
[3,381s][debug][gc,nmethod     ] Register NMethod: io.sirix.page.delegates.ReferencesPage4.getReferences (0x00007a39f2ec4f08) [0x00007a39f2ec5000, 0x00007a39f2ec50e8] Compiler: c1, Barriers: 1, Oops: 1, ImmediateOops: 0, NonImmediateOops: No
[3,381s][debug][gc,nmethod     ] Register NMethod: com.github.benmanes.caffeine.cache.UnboundedLocalCache$UnboundedLocalAsyncCache.cache (0x00007a39f2ec5208) [0x00007a39f2ec5300, 0x00007a39f2ec53e8] Compiler: c1, Barriers: 1, Oops: 1, ImmediateOops: 0, NonImmediateOops: No
[3,381s][debug][gc,nmethod     ] Register NMethod: sun.security.provider.DigestBase.engineDigest (0x00007a39d42f1888) [0x00007a39d42f1980, 0x00007a39d42f1dc8] Compiler: c1, Barriers: 0, Oops: 0, ImmediateOops: 1, NonImmediateOops: No
[3,382s][debug][gc,nmethod     ] Register NMethod: sun.security.provider.DigestBase.engineDigest (0x00007a39d42f1e08) [0x00007a39d42f1f00, 0x00007a39d42f3ba0] Compiler: c1, Barriers: 2, Oops: 3, ImmediateOops: 5, NonImmediateOops: No
[3,387s][debug][gc,director    ] Rule Major: Warmup 10%, Used: 780MB, UsedThreshold: 1228MB
[3,387s][debug][gc,director    ] Rule Minor: High Usage, Free: 11466MB(93,3%)
[3,394s][debug][gc,nmethod     ] Register NMethod: java.nio.DirectByteBuffer.attachment (0x00007a39f2ec5508) [0x00007a39f2ec5600, 0x00007a39f2ec56e8] Compiler: c1, Barriers: 1, Oops: 0, ImmediateOops: 0, NonImmediateOops: No
[3,397s][debug][gc,director    ] Rule Major: Warmup 10%, Used: 780MB, UsedThreshold: 1228MB
[3,397s][debug][gc,director    ] Rule Minor: High Usage, Free: 11466MB(93,3%)
[3,398s][debug][gc,nmethod     ] Register NMethod: io.sirix.access.ResourceConfiguration.getDatabaseId (0x00007a39d42f3c08) [0x00007a39d42f3d00, 0x00007a39d42f4058] Compiler: c1, Barriers: 1, Oops: 1, ImmediateOops: 0, NonImmediateOops: No
[3,398s][debug][gc,nmethod     ] Register NMethod: com.github.benmanes.caffeine.cache.AccessOrderDeque.remove (0x00007a39d42f4088) [0x00007a39d42f4180, 0x00007a39d42f4be0] Compiler: c1, Barriers: 1, Oops: 1, ImmediateOops: 0, NonImmediateOops: No
[3,398s][debug][gc,nmethod     ] Register NMethod: com.github.benmanes.caffeine.cache.BoundedLocalCache.requireIsAlive (0x00007a39d42f4c08) [0x00007a39d42f4d00, 0x00007a39d42f67c0] Compiler: c1, Barriers: 1, Oops: 7, ImmediateOops: 10, NonImmediateOops: No
[3,399s][debug][gc,nmethod     ] Register NMethod: jdk.internal.foreign.ArenaImpl.close (0x00007a39d42f6808) [0x00007a39d42f6900, 0x00007a39d42f7098] Compiler: c1, Barriers: 2, Oops: 0, ImmediateOops: 0, NonImmediateOops: No
[3,399s][debug][gc,nmethod     ] Register NMethod: jdk.internal.foreign.MemorySessionImpl.close (0x00007a39d42f7108) [0x00007a39d42f7200, 0x00007a39d42f7740] Compiler: c1, Barriers: 1, Oops: 0, ImmediateOops: 0, NonImmediateOops: No
[3,400s][debug][gc,nmethod     ] Register NMethod: sun.nio.ch.IOUtil.read (0x00007a39d42f7788) [0x00007a39d42f7880, 0x00007a39d42f8808] Compiler: c1, Barriers: 0, Oops: 0, ImmediateOops: 1, NonImmediateOops: No
[3,400s][debug][gc,nmethod     ] Register NMethod: com.github.benmanes.caffeine.cache.NodeFactory.newLookupKey (0x00007a39f2ec5808) [0x00007a39f2ec5900, 0x00007a39f2ec5988] Compiler: jvmci, Barriers: 0, Oops: 1, ImmediateOops: 0, NonImmediateOops: No
[3,400s][debug][gc,nmethod     ] Register NMethod: sun.nio.ch.IOUtil.readIntoNativeBuffer (0x00007a39d42f8888) [0x00007a39d42f8980, 0x00007a39d42fb038] Compiler: c1, Barriers: 4, Oops: 0, ImmediateOops: 4, NonImmediateOops: No
[3,401s][debug][gc,nmethod     ] Register NMethod: sun.nio.ch.IOUtil.read (0x00007a39d42fb088) [0x00007a39d42fb180, 0x00007a39d42fb2a8] Compiler: c1, Barriers: 0, Oops: 0, ImmediateOops: 0, NonImmediateOops: No
[3,401s][debug][gc,nmethod     ] Register NMethod: java.nio.MappedByteBuffer.flip (0x00007a39d42fb388) [0x00007a39d42fb480, 0x00007a39d42fb870] Compiler: c1, Barriers: 0, Oops: 0, ImmediateOops: 0, NonImmediateOops: No
[3,402s][debug][gc,nmethod     ] Register NMethod: com.github.benmanes.caffeine.cache.SSLMW.hitsInSample (0x00007a39f2ec5b08) [0x00007a39f2ec5c00, 0x00007a39f2ec5cc0] Compiler: c1, Barriers: 0, Oops: 1, ImmediateOops: 0, NonImmediateOops: No
[3,402s][debug][gc,nmethod     ] Register NMethod: io.sirix.node.NodeKind$32.deserialize (0x00007a39d42fb888) [0x00007a39d42fb980, 0x00007a39d42fbc30] Compiler: c1, Barriers: 0, Oops: 1, ImmediateOops: 0, NonImmediateOops: No
[3,402s][debug][gc,nmethod     ] Register NMethod: io.sirix.node.NodeKind$31.deserialize (0x00007a39d42fbc88) [0x00007a39d42fbd80, 0x00007a39d42fc290] Compiler: c1, Barriers: 3, Oops: 1, ImmediateOops: 0, NonImmediateOops: No
[3,403s][debug][gc,nmethod     ] Register NMethod: com.github.benmanes.caffeine.cache.AbstractLinkedDeque.offerLast (0x00007a39d42fc308) [0x00007a39d42fc400, 0x00007a39d42fce78] Compiler: c1, Barriers: 0, Oops: 1, ImmediateOops: 0, NonImmediateOops: No
[3,403s][debug][gc,nmethod     ] Register NMethod: com.github.benmanes.caffeine.cache.AccessOrderDeque.contains (0x00007a39d42fce88) [0x00007a39d42fcf80, 0x00007a39d42fdc40] Compiler: c1, Barriers: 1, Oops: 1, ImmediateOops: 0, NonImmediateOops: No
[3,404s][debug][gc,nmethod     ] Register NMethod: java.io.ByteArrayInputStream.<init> (0x00007a39d42fdc88) [0x00007a39d42fdd80, 0x00007a39d42fdfc8] Compiler: c1, Barriers: 3, Oops: 0, ImmediateOops: 0, NonImmediateOops: No
[3,405s][debug][gc,nmethod     ] Register NMethod: io.sirix.page.KeyValueLeafPage.decrementPinCount (0x00007a39d42fe008) [0x00007a39d42fe100, 0x00007a39d42ff4d8] Compiler: c1, Barriers: 5, Oops: 1, ImmediateOops: 2, NonImmediateOops: No
[3,406s][debug][gc,nmethod     ] Register NMethod: java.util.concurrent.ConcurrentHashMap.addCount (0x00007a39f2ec5e08) [0x00007a39f2ec5f00, 0x00007a39f2ec62f8] Compiler: jvmci, Barriers: 4, Oops: 0, ImmediateOops: 0, NonImmediateOops: No
[3,407s][debug][gc,nmethod     ] Register NMethod: it.unimi.dsi.fastutil.shorts.ShortArrayList$1.nextShort (0x00007a39f2ec6308) [0x00007a39f2ec6400, 0x00007a39f2ec6598] Compiler: jvmci, Barriers: 2, Oops: 1, ImmediateOops: 0, NonImmediateOops: No
[3,407s][debug][gc,director    ] Rule Major: Warmup 10%, Used: 784MB, UsedThreshold: 1228MB
[3,408s][debug][gc,director    ] Rule Minor: High Usage, Free: 11462MB(93,3%)
[3,408s][debug][gc,nmethod     ] Register NMethod: java.lang.Short.valueOf (0x00007a39f2ec6608) [0x00007a39f2ec6700, 0x00007a39f2ec67e0] Compiler: jvmci, Barriers: 1, Oops: 0, ImmediateOops: 1, NonImmediateOops: No
[3,409s][debug][gc,nmethod     ] Register NMethod: org.gradle.internal.remote.internal.hub.protocol.ChannelMessage.getChannel (0x00007a39f2ec6908) [0x00007a39f2ec6a00, 0x00007a39f2ec6ae8] Compiler: c1, Barriers: 1, Oops: 1, ImmediateOops: 0, NonImmediateOops: No
[3,410s][debug][gc,nmethod     ] Register NMethod: org.gradle.internal.remote.internal.hub.protocol.ChannelMessage.getPayload (0x00007a39f2ec6c08) [0x00007a39f2ec6d00, 0x00007a39f2ec6de8] Compiler: c1, Barriers: 1, Oops: 1, ImmediateOops: 0, NonImmediateOops: No
[3,410s][debug][gc,nmethod     ] Register NMethod: org.gradle.internal.io.StreamByteBuffer.prepareRead (0x00007a39d42ff508) [0x00007a39d42ff600, 0x00007a39d4300180] Compiler: c1, Barriers: 10, Oops: 1, ImmediateOops: 0, NonImmediateOops: No
[3,410s][debug][gc,nmethod     ] Register NMethod: ch.qos.logback.core.UnsynchronizedAppenderBase.isStarted (0x00007a39f2ec6f08) [0x00007a39f2ec7000, 0x00007a39f2ec70c0] Compiler: c1, Barriers: 0, Oops: 1, ImmediateOops: 0, NonImmediateOops: No
[3,411s][debug][gc,nmethod     ] Register NMethod: java.lang.StringUTF16.length (0x00007a39d4300208) [0x00007a39d4300300, 0x00007a39d43003e8] Compiler: c1, Barriers: 0, Oops: 0, ImmediateOops: 0, NonImmediateOops: No
[3,411s][debug][gc,nmethod     ] Register NMethod: java.nio.file.Files.exists (0x00007a39d4300508) [0x00007a39d4300600, 0x00007a39d4300dc8] Compiler: c1, Barriers: 2, Oops: 0, ImmediateOops: 0, NonImmediateOops: No
[3,411s][debug][gc,nmethod     ] Register NMethod: sun.nio.fs.UnixNativeDispatcher.access (0x00007a39d4300e08) [0x00007a39d4300f00, 0x00007a39d4301550] Compiler: c1, Barriers: 0, Oops: 0, ImmediateOops: 0, NonImmediateOops: No
[3,411s][debug][gc,nmethod     ] Register NMethod: sun.nio.fs.UnixFileSystemProvider.exists (0x00007a39d4301588) [0x00007a39d4301680, 0x00007a39d4301ed0] Compiler: c1, Barriers: 0, Oops: 0, ImmediateOops: 0, NonImmediateOops: No
[3,411s][debug][gc,nmethod     ] Register NMethod: java.util.ArrayList.clear (0x00007a39d4301f08) [0x00007a39d4302000, 0x00007a39d43024b8] Compiler: c1, Barriers: 4, Oops: 0, ImmediateOops: 0, NonImmediateOops: No
[3,411s][debug][gc,nmethod     ] Register NMethod: java.util.ArrayDeque.peekFirst (0x00007a39d4302508) [0x00007a39d4302600, 0x00007a39d43027f0] Compiler: c1, Barriers: 2, Oops: 0, ImmediateOops: 0, NonImmediateOops: No
[3,411s][debug][gc,nmethod     ] Register NMethod: ch.qos.logback.core.pattern.Converter.write (0x00007a39d4302808) [0x00007a39d4302900, 0x00007a39d4302e68] Compiler: c1, Barriers: 0, Oops: 1, ImmediateOops: 0, NonImmediateOops: No
[3,411s][debug][gc,nmethod     ] Register NMethod: ch.qos.logback.core.pattern.LiteralConverter.convert (0x00007a39d4302e88) [0x00007a39d4302f80, 0x00007a39d43030b0] Compiler: c1, Barriers: 1, Oops: 1, ImmediateOops: 0, NonImmediateOops: No
[3,411s][debug][gc,nmethod     ] Register NMethod: java.io.FilterInputStream.close (0x00007a39d4303188) [0x00007a39d4303280, 0x00007a39d43035c0] Compiler: c1, Barriers: 1, Oops: 0, ImmediateOops: 0, NonImmediateOops: No
[3,412s][debug][gc,nmethod     ] Register NMethod: io.sirix.access.trx.page.NodePageReadOnlyTrx.getPageReference (0x00007a39f2ec7208) [0x00007a39f2ec7300, 0x00007a39f2ec7660] Compiler: jvmci, Barriers: 3, Oops: 1, ImmediateOops: 0, NonImmediateOops: No
[3,412s][debug][gc,nmethod     ] Register NMethod: io.sirix.node.MemorySegmentBytesIn.readStopBit (0x00007a39f2ec7688) [0x00007a39f2ec7780, 0x00007a39f2ec7b28] Compiler: jvmci, Barriers: 4, Oops: 1, ImmediateOops: 0, NonImmediateOops: No
[3,412s][debug][gc,nmethod     ] Register NMethod: io.sirix.page.delegates.BitmapReferencesPage.getReferences (0x00007a39f2ec7b88) [0x00007a39f2ec7c80, 0x00007a39f2ec7d68] Compiler: c1, Barriers: 1, Oops: 1, ImmediateOops: 0, NonImmediateOops: No
[3,413s][debug][gc,nmethod     ] Register NMethod: java.io.ByteArrayInputStream.close (0x00007a39d4303608) [0x00007a39d4303700, 0x00007a39d4303800] Compiler: c1, Barriers: 0, Oops: 0, ImmediateOops: 0, NonImmediateOops: No
[3,413s][debug][gc,nmethod     ] Register NMethod: io.sirix.BinaryEncodingVersion.values (0x00007a39d4303908) [0x00007a39d4303a00, 0x00007a39d4303ee0] Compiler: c1, Barriers: 0, Oops: 1, ImmediateOops: 1, NonImmediateOops: No
[3,413s][debug][gc,nmethod     ] Register NMethod: io.sirix.io.bytepipe.ByteHandlerPipeline.deserialize (0x00007a39d4303f08) [0x00007a39d4304000, 0x00007a39d4304c20] Compiler: c1, Barriers: 1, Oops: 1, ImmediateOops: 0, NonImmediateOops: No
[3,413s][debug][gc,nmethod     ] Register NMethod: java.lang.invoke.DirectMethodHandle.internalMemberName (0x00007a39f2ec7e88) [0x00007a39f2ec7f80, 0x00007a39f2ec8078] Compiler: jvmci, Barriers: 1, Oops: 0, ImmediateOops: 0, NonImmediateOops: No
[3,413s][debug][gc,nmethod     ] Register NMethod: io.sirix.page.UberPage.getPageCountExp (0x00007a39f2ec8188) [0x00007a39f2ec8280, 0x00007a39f2ec8400] Compiler: jvmci, Barriers: 0, Oops: 1, ImmediateOops: 2, NonImmediateOops: No
[3,414s][debug][gc,nmethod     ] Register NMethod: sun.nio.ch.UnixFileDispatcherImpl.allocationGranularity0 (0x00007a39f2ec8488) [0x00007a39f2ec8580, 0x00007a39f2ec86d8] Compiler: , Barriers: 0, Oops: 0, ImmediateOops: 1, NonImmediateOops: No
[3,414s][debug][gc,nmethod     ] Register NMethod: sun.nio.ch.UnixFileDispatcherImpl.map0 (0x00007a39f2ec8788) [0x00007a39f2ec8880, 0x00007a39f2ec89f8] Compiler: , Barriers: 0, Oops: 0, ImmediateOops: 1, NonImmediateOops: No
[3,414s][debug][gc,nmethod     ] Register NMethod: java.io.InputStream.readNBytes (0x00007a39d4304c88) [0x00007a39d4304d80, 0x00007a39d4306e28] Compiler: c1, Barriers: 6, Oops: 1, ImmediateOops: 5, NonImmediateOops: No
[3,414s][debug][gc,nmethod     ] Register NMethod: net.jpountz.lz4.LZ4BlockInputStream.<init> (0x00007a39d4306e88) [0x00007a39d4306f80, 0x00007a39d4309ca8] Compiler: c1, Barriers: 36, Oops: 5, ImmediateOops: 38, NonImmediateOops: No
[3,414s][debug][gc,nmethod     ] Register NMethod: io.sirix.io.AbstractReader.deserialize (0x00007a39d4309d08) [0x00007a39d4309e00, 0x00007a39d430cd18] Compiler: c1, Barriers: 15, Oops: 2, ImmediateOops: 2, NonImmediateOops: No
[3,414s][debug][gc,nmethod     ] Register NMethod: io.sirix.io.bytepipe.LZ4Compressor.deserialize (0x00007a39d430cd88) [0x00007a39d430ce80, 0x00007a39d430fc70] Compiler: c1, Barriers: 36, Oops: 5, ImmediateOops: 38, NonImmediateOops: No
[3,414s][debug][gc,nmethod     ] Register NMethod: net.jpountz.lz4.LZ4BlockInputStream.<init> (0x00007a39d430fd08) [0x00007a39d430fe00, 0x00007a39d4313188] Compiler: c1, Barriers: 39, Oops: 5, ImmediateOops: 38, NonImmediateOops: No
[3,414s][debug][gc,nmethod     ] Register NMethod: java.io.InputStream.readAllBytes (0x00007a39d4313208) [0x00007a39d4313300, 0x00007a39d4313608] Compiler: c1, Barriers: 0, Oops: 0, ImmediateOops: 0, NonImmediateOops: No
[3,415s][debug][gc,nmethod     ] Register NMethod: it.unimi.dsi.fastutil.shorts.AbstractShortList.ensureIndex (0x00007a39f2ec8a88) [0x00007a39f2ec8b80, 0x00007a39f2ec8c48] Compiler: jvmci, Barriers: 0, Oops: 1, ImmediateOops: 0, NonImmediateOops: No
[3,415s][debug][gc,nmethod     ] Register NMethod: net.jpountz.lz4.LZ4BlockInputStream.<init> (0x00007a39d4313688) [0x00007a39d4313780, 0x00007a39d4313d20] Compiler: c1, Barriers: 15, Oops: 1, ImmediateOops: 0, NonImmediateOops: No
[3,415s][debug][gc,nmethod     ] Register NMethod: java.lang.invoke.DirectMethodHandle$Holder.fieldAccess (0x00007a39d4313d88) [0x00007a39d4313e80, 0x00007a39d4314378] Compiler: c1, Barriers: 0, Oops: 0, ImmediateOops: 0, NonImmediateOops: No
[3,415s][debug][gc,nmethod     ] Register NMethod: it.unimi.dsi.fastutil.shorts.ShortArrayList.grow (0x00007a39d4314388) [0x00007a39d4314480, 0x00007a39d4314ac8] Compiler: c1, Barriers: 8, Oops: 1, ImmediateOops: 0, NonImmediateOops: No
[3,415s][debug][gc,nmethod     ] Register NMethod: sun.nio.fs.UnixFileAttributes.size (0x00007a39f2ec8d88) [0x00007a39f2ec8e80, 0x00007a39f2ec8f40] Compiler: c1, Barriers: 0, Oops: 0, ImmediateOops: 0, NonImmediateOops: No
[3,415s][debug][gc,nmethod     ] Register NMethod: com.github.benmanes.caffeine.cache.LocalCache$$Lambda/0x00000000ba2a93f8.<init> (0x00007a39d4314b08) [0x00007a39d4314c00, 0x00007a39d4314e58] Compiler: c1, Barriers: 6, Oops: 1, ImmediateOops: 0, NonImmediateOops: No
[3,415s][debug][gc,nmethod     ] Register NMethod: com.github.benmanes.caffeine.cache.BoundedLocalCache.expireAfterUpdate (0x00007a39d4314e88) [0x00007a39d4314f80, 0x00007a39d43152b0] Compiler: c1, Barriers: 0, Oops: 1, ImmediateOops: 0, NonImmediateOops: No
[3,415s][debug][gc,nmethod     ] Register NMethod: com.github.benmanes.caffeine.cache.LocalCache$$Lambda/0x00000000ba2a93f8.apply (0x00007a39d4315308) [0x00007a39d4315400, 0x00007a39d43157d8] Compiler: c1, Barriers: 2, Oops: 1, ImmediateOops: 0, NonImmediateOops: No
[3,415s][debug][gc,nmethod     ] Register NMethod: java.util.concurrent.atomic.LongAdder.increment (0x00007a39d4315808) [0x00007a39d4315900, 0x00007a39d4315a48] Compiler: c1, Barriers: 0, Oops: 0, ImmediateOops: 0, NonImmediateOops: No
[3,415s][debug][gc,nmethod     ] Register NMethod: io.sirix.page.PageKind.getKind (0x00007a39d4315b08) [0x00007a39d4315c00, 0x00007a39d4316540] Compiler: c1, Barriers: 2, Oops: 2, ImmediateOops: 2, NonImmediateOops: No
[3,415s][debug][gc,nmethod     ] Register NMethod: jdk.internal.foreign.ArenaImpl.scope (0x00007a39f2ec9088) [0x00007a39f2ec9180, 0x00007a39f2ec9268] Compiler: c1, Barriers: 1, Oops: 0, ImmediateOops: 0, NonImmediateOops: No
[3,415s][debug][gc,nmethod     ] Register NMethod: io.sirix.page.PagePersister.deserializePage (0x00007a39d4316588) [0x00007a39d4316680, 0x00007a39d43172d8] Compiler: c1, Barriers: 2, Oops: 2, ImmediateOops: 2, NonImmediateOops: No
[3,415s][debug][gc,nmethod     ] Register NMethod: java.util.concurrent.ForkJoinTask$RunnableExecuteAction.setRawResult (0x00007a39d4317308) [0x00007a39d4317400, 0x00007a39d4317918] Compiler: c1, Barriers: 0, Oops: 0, ImmediateOops: 0, NonImmediateOops: No
[3,415s][debug][gc,nmethod     ] Register NMethod: java.util.concurrent.ForkJoinTask$RunnableExecuteAction.setRawResult (0x00007a39d4317988) [0x00007a39d4317a80, 0x00007a39d4317b80] Compiler: c1, Barriers: 0, Oops: 0, ImmediateOops: 0, NonImmediateOops: No
[3,415s][debug][gc,nmethod     ] Register NMethod: java.util.concurrent.ForkJoinTask$RunnableExecuteAction.compute (0x00007a39d4317c88) [0x00007a39d4317d80, 0x00007a39d43182e0] Compiler: c1, Barriers: 1, Oops: 0, ImmediateOops: 0, NonImmediateOops: No
[3,415s][debug][gc,nmethod     ] Register NMethod: com.github.benmanes.caffeine.cache.LocalCache.lambda$statsAware$3 (0x00007a39d4318308) [0x00007a39d4318400, 0x00007a39d431a0b0] Compiler: c1, Barriers: 0, Oops: 1, ImmediateOops: 0, NonImmediateOops: No
[3,416s][debug][gc,nmethod     ] Register NMethod: com.github.benmanes.caffeine.cache.BoundedLocalCache.notifyRemoval (0x00007a39d431a108) [0x00007a39d431a200, 0x00007a39d431b138] Compiler: c1, Barriers: 14, Oops: 4, ImmediateOops: 4, NonImmediateOops: No
[3,416s][debug][gc,nmethod     ] Register NMethod: it.unimi.dsi.fastutil.shorts.ShortArrayList$1.<init> (0x00007a39f2ec9388) [0x00007a39f2ec9480, 0x00007a39f2ec9578] Compiler: jvmci, Barriers: 3, Oops: 1, ImmediateOops: 0, NonImmediateOops: No
[3,416s][debug][gc,nmethod     ] Register NMethod: java.util.concurrent.ForkJoinTask$InterruptibleTask.exec (0x00007a39d431b188) [0x00007a39d431b280, 0x00007a39d431d798] Compiler: c1, Barriers: 13, Oops: 0, ImmediateOops: 0, NonImmediateOops: No
[3,416s][debug][gc,nmethod     ] Register NMethod: it.unimi.dsi.fastutil.shorts.ShortArrayList.add (0x00007a39d431d808) [0x00007a39d431d900, 0x00007a39d431dbd8] Compiler: c1, Barriers: 1, Oops: 1, ImmediateOops: 0, NonImmediateOops: No
[3,417s][debug][gc,nmethod     ] Register NMethod: io.sirix.page.delegates.ReferencesPage4.getOrCreateReference (0x00007a39f2ec9688) [0x00007a39f2ec9780, 0x00007a39f2ec9e08] Compiler: jvmci, Barriers: 10, Oops: 2, ImmediateOops: 1, NonImmediateOops: No
[3,417s][debug][gc,nmethod     ] Register NMethod: net.jpountz.lz4.LZ4JNIFastDecompressor.decompress (0x00007a39d431dc08) [0x00007a39d431dd00, 0x00007a39d431f390] Compiler: c1, Barriers: 0, Oops: 3, ImmediateOops: 4, NonImmediateOops: No
[3,417s][debug][gc,nmethod     ] Register NMethod: io.sirix.page.PageReference.setDatabaseId (0x00007a39f2ec9e88) [0x00007a39f2ec9f80, 0x00007a39f2eca010] Compiler: jvmci, Barriers: 0, Oops: 1, ImmediateOops: 0, NonImmediateOops: No
[3,417s][debug][gc,nmethod     ] Register NMethod: com.google.common.collect.ForwardingObject.<init> (0x00007a39f2eca188) [0x00007a39f2eca280, 0x00007a39f2eca338] Compiler: jvmci, Barriers: 0, Oops: 1, ImmediateOops: 0, NonImmediateOops: No
[3,417s][debug][gc,nmethod     ] Register NMethod: io.sirix.access.trx.page.NodePageReadOnlyTrx.getCurrentMaxIndirectPageTreeLevel (0x00007a39f2eca488) [0x00007a39f2eca580, 0x00007a39f2eca8d0] Compiler: jvmci, Barriers: 2, Oops: 1, ImmediateOops: 0, NonImmediateOops: No
[3,417s][debug][gc,nmethod     ] Register NMethod: io.sirix.page.PageReference.setResourceId (0x00007a39f2eca908) [0x00007a39f2ecaa00, 0x00007a39f2ecaa90] Compiler: jvmci, Barriers: 0, Oops: 1, ImmediateOops: 0, NonImmediateOops: No
[3,418s][debug][gc,nmethod     ] Register NMethod: sun.nio.ch.Util.isBufferTooLarge (0x00007a39d431f408) [0x00007a39d431f500, 0x00007a39d431f640] Compiler: c1, Barriers: 0, Oops: 0, ImmediateOops: 0, NonImmediateOops: No
[3,418s][debug][gc,director    ] Rule Major: Warmup 10%, Used: 784MB, UsedThreshold: 1228MB
[3,418s][debug][gc,director    ] Rule Minor: High Usage, Free: 11462MB(93,3%)
[3,418s][debug][gc,nmethod     ] Register NMethod: io.brackit.query.compiler.parser.Tokenizer$Token.<init> (0x00007a39d431f708) [0x00007a39d431f800, 0x00007a39d431f9e0] Compiler: c1, Barriers: 3, Oops: 1, ImmediateOops: 0, NonImmediateOops: No
[3,418s][debug][gc,nmethod     ] Register NMethod: io.brackit.query.compiler.parser.Tokenizer.laSymSkipWS (0x00007a39d431fa08) [0x00007a39d431fb00, 0x00007a39d431fcf0] Compiler: c1, Barriers: 0, Oops: 1, ImmediateOops: 0, NonImmediateOops: No
[3,421s][debug][gc,nmethod     ] Register NMethod: io.brackit.query.compiler.AST.getValue (0x00007a39f2ecac08) [0x00007a39f2ecad00, 0x00007a39f2ecade8] Compiler: c1, Barriers: 1, Oops: 1, ImmediateOops: 0, NonImmediateOops: No
[3,421s][debug][gc,nmethod     ] Register NMethod: java.util.logging.Logger.isLoggable (0x00007a39d431fd08) [0x00007a39d431fe00, 0x00007a39d43201a0] Compiler: c1, Barriers: 1, Oops: 0, ImmediateOops: 0, NonImmediateOops: No
[3,421s][debug][gc,nmethod     ] Register NMethod: io.brackit.query.util.log.UtilLogger.isTraceEnabled (0x00007a39d4320208) [0x00007a39d4320300, 0x00007a39d43208d8] Compiler: c1, Barriers: 2, Oops: 2, ImmediateOops: 1, NonImmediateOops: No
[3,421s][debug][gc,nmethod     ] Register NMethod: io.brackit.query.compiler.AST.getChild (0x00007a39f2ecaf08) [0x00007a39f2ecb000, 0x00007a39f2ecb140] Compiler: jvmci, Barriers: 2, Oops: 1, ImmediateOops: 0, NonImmediateOops: No
[3,424s][debug][gc,nmethod     ] Register NMethod: com.github.benmanes.caffeine.cache.BoundedLocalCache.afterRead (0x00007a39d4320908) [0x00007a39d4320a00, 0x00007a39d4322158] Compiler: c1, Barriers: 2, Oops: 1, ImmediateOops: 0, NonImmediateOops: No
[3,425s][debug][gc,nmethod     ] Register NMethod: io.brackit.query.expr.VCmpExpr.evaluate (0x00007a39d4322188) [0x00007a39d4322280, 0x00007a39d4322580] Compiler: c1, Barriers: 0, Oops: 1, ImmediateOops: 0, NonImmediateOops: No
[3,425s][debug][gc,nmethod     ] Register NMethod: io.brackit.query.expr.GCmpExpr.evaluateToItem (0x00007a39d4322608) [0x00007a39d4322700, 0x00007a39d4322ef0] Compiler: c1, Barriers: 3, Oops: 1, ImmediateOops: 0, NonImmediateOops: No
[3,425s][debug][gc,nmethod     ] Register NMethod: io.brackit.query.node.AbstractNode.atomize (0x00007a39d4322f08) [0x00007a39d4323000, 0x00007a39d4323300] Compiler: c1, Barriers: 0, Oops: 1, ImmediateOops: 0, NonImmediateOops: No
[3,425s][debug][gc,nmethod     ] Register NMethod: io.brackit.query.atomic.AbstractAtomic.atomize (0x00007a39d4323388) [0x00007a39d4323480, 0x00007a39d4323580] Compiler: c1, Barriers: 0, Oops: 1, ImmediateOops: 0, NonImmediateOops: No
[3,425s][debug][gc,nmethod     ] Register NMethod: io.brackit.query.atomic.Una.type (0x00007a39d4323688) [0x00007a39d4323780, 0x00007a39d4323888] Compiler: c1, Barriers: 0, Oops: 1, ImmediateOops: 1, NonImmediateOops: No
[3,425s][debug][gc,nmethod     ] Register NMethod: io.sirix.node.NodeKind$2.serialize (0x00007a39f2ecb208) [0x00007a39f2ecb300, 0x00007a39f2ecfff8] Compiler: jvmci, Barriers: 93, Oops: 12, ImmediateOops: 0, NonImmediateOops: No
[3,426s][debug][gc,nmethod     ] Register NMethod: io.brackit.query.atomic.Int32.inc (0x00007a39d4323988) [0x00007a39d4323a80, 0x00007a39d4324200] Compiler: c1, Barriers: 1, Oops: 1, ImmediateOops: 1, NonImmediateOops: No
[3,426s][debug][gc,nmethod     ] Register NMethod: io.brackit.query.util.Cmp.aCmp (0x00007a39d4324288) [0x00007a39d4324380, 0x00007a39d4324dd0] Compiler: c1, Barriers: 0, Oops: 1, ImmediateOops: 8, NonImmediateOops: No
[3,426s][debug][gc,nmethod     ] Register NMethod: io.brackit.query.expr.PathStepExpr$SequenceContextPathStepIter.close (0x00007a39d4324e08) [0x00007a39d4324f00, 0x00007a39d43254b0] Compiler: c1, Barriers: 2, Oops: 1, ImmediateOops: 0, NonImmediateOops: No
[3,426s][debug][gc,nmethod     ] Register NMethod: io.brackit.query.util.Cmp.gCmp (0x00007a39d4325508) [0x00007a39d4325600, 0x00007a39d4328230] Compiler: c1, Barriers: 0, Oops: 1, ImmediateOops: 0, NonImmediateOops: No
[3,426s][debug][gc,nmethod     ] Register NMethod: io.brackit.query.expr.PredicateExpr$DependentFilterSeq$1.predicate (0x00007a39d4328288) [0x00007a39d4328380, 0x00007a39d432b630] Compiler: c1, Barriers: 25, Oops: 1, ImmediateOops: 0, NonImmediateOops: No
[3,427s][debug][gc,nmethod     ] Register NMethod: io.sirix.access.trx.node.AbstractNodeReadOnlyTrx.getChildCount (0x00007a39d432b688) [0x00007a39d432b780, 0x00007a39d432bfa0] Compiler: c1, Barriers: 0, Oops: 1, ImmediateOops: 1, NonImmediateOops: No
[3,427s][debug][gc,nmethod     ] Register NMethod: io.brackit.query.expr.PathStepExpr$ItemContextPathStepIter.next (0x00007a39d432c008) [0x00007a39d432c100, 0x00007a39d432d2b8] Compiler: c1, Barriers: 15, Oops: 1, ImmediateOops: 4, NonImmediateOops: No
[3,427s][debug][gc,nmethod     ] Register NMethod: java.lang.StringConcatHelper.stringSize (0x00007a39d432d308) [0x00007a39d432d400, 0x00007a39d432d668] Compiler: c1, Barriers: 0, Oops: 0, ImmediateOops: 1, NonImmediateOops: No
[3,427s][debug][gc,nmethod     ] Register NMethod: java.lang.StringConcatHelper.prepend (0x00007a39d432d688) [0x00007a39d432d780, 0x00007a39d432e6a8] Compiler: c1, Barriers: 2, Oops: 0, ImmediateOops: 0, NonImmediateOops: No
[3,428s][debug][gc,nmethod     ] Register NMethod: io.sirix.node.xml.ElementNode.hasRightSibling (0x00007a39f2ed0088) [0x00007a39f2ed0180, 0x00007a39f2ed0578] Compiler: jvmci, Barriers: 4, Oops: 3, ImmediateOops: 0, NonImmediateOops: No
[3,428s][debug][gc,director    ] Rule Major: Warmup 10%, Used: 788MB, UsedThreshold: 1228MB
[3,428s][debug][gc,director    ] Rule Minor: High Usage, Free: 11458MB(93,2%)
[3,428s][debug][gc,nmethod     ] Register NMethod: io.brackit.query.BrackitQueryContext.getNodeFactory (0x00007a39f2ed0608) [0x00007a39f2ed0700, 0x00007a39f2ed07e8] Compiler: c1, Barriers: 1, Oops: 1, ImmediateOops: 0, NonImmediateOops: No
[3,428s][debug][gc,nmethod     ] Register NMethod: io.brackit.query.jdm.type.TextType.getNodeKind (0x00007a39d432e708) [0x00007a39d432e800, 0x00007a39d432e908] Compiler: c1, Barriers: 0, Oops: 1, ImmediateOops: 1, NonImmediateOops: No
[3,428s][debug][gc,nmethod     ] Register NMethod: io.brackit.query.expr.PathStepExpr$SequenceContextPathStepIter.<init> (0x00007a39d432ea08) [0x00007a39d432eb00, 0x00007a39d432ef80] Compiler: c1, Barriers: 18, Oops: 1, ImmediateOops: 1, NonImmediateOops: No
[3,428s][debug][gc,nmethod     ] Register NMethod: io.brackit.query.expr.SequenceExpr$EvalSequence.sequence (0x00007a39d432f008) [0x00007a39d432f100, 0x00007a39d432fc68] Compiler: c1, Barriers: 13, Oops: 1, ImmediateOops: 0, NonImmediateOops: No
[3,429s][debug][gc,nmethod     ] Register NMethod: com.github.benmanes.caffeine.cache.BoundedLocalCache.onAccess (0x00007a39d432fc88) [0x00007a39d432fd80, 0x00007a39d4334948] Compiler: c1, Barriers: 3, Oops: 7, ImmediateOops: 8, NonImmediateOops: No
[3,430s][debug][gc,nmethod     ] Register NMethod: com.github.benmanes.caffeine.cache.stats.ConcurrentStatsCounter.recordLoadSuccess (0x00007a39d4334988) [0x00007a39d4334a80, 0x00007a39d4334d08] Compiler: c1, Barriers: 2, Oops: 1, ImmediateOops: 0, NonImmediateOops: No
[3,430s][debug][gc,nmethod     ] Register NMethod: io.sirix.access.trx.node.AbstractNodeReadOnlyTrx.getKind (0x00007a39f2ed0908) [0x00007a39f2ed0a00, 0x00007a39f2ed0b90] Compiler: jvmci, Barriers: 1, Oops: 1, ImmediateOops: 3, NonImmediateOops: No
[3,430s][debug][gc,nmethod     ] Register NMethod: java.lang.Long.compare (0x00007a39d4334d88) [0x00007a39d4334e80, 0x00007a39d4335048] Compiler: c1, Barriers: 0, Oops: 0, ImmediateOops: 0, NonImmediateOops: No
[3,430s][debug][gc,nmethod     ] Register NMethod: io.brackit.query.atomic.Int32.longValue (0x00007a39d4335088) [0x00007a39d4335180, 0x00007a39d4335288] Compiler: c1, Barriers: 0, Oops: 1, ImmediateOops: 0, NonImmediateOops: No
[3,430s][debug][gc,nmethod     ] Register NMethod: io.brackit.query.atomic.Counter.inc (0x00007a39d4335388) [0x00007a39d4335480, 0x00007a39d43358a8] Compiler: c1, Barriers: 8, Oops: 1, ImmediateOops: 1, NonImmediateOops: No
[3,431s][debug][gc,nmethod     ] Register NMethod: io.brackit.query.node.d2linked.D2Node.<init> (0x00007a39d4335908) [0x00007a39d4335a00, 0x00007a39d4335df8] Compiler: c1, Barriers: 6, Oops: 1, ImmediateOops: 0, NonImmediateOops: No
[3,433s][debug][gc,nmethod     ] Register NMethod: java.util.stream.Collectors$$Lambda/0x00000000ba11cb58.accept (0x00007a39d4335e08) [0x00007a39d4335f00, 0x00007a39d43362d0] Compiler: c1, Barriers: 2, Oops: 0, ImmediateOops: 0, NonImmediateOops: No
[3,433s][debug][gc,nmethod     ] Register NMethod: java.util.stream.Collectors.lambda$uniqKeysMapAccumulator$0 (0x00007a39d4336308) [0x00007a39d4336400, 0x00007a39d4336ce0] Compiler: c1, Barriers: 0, Oops: 0, ImmediateOops: 0, NonImmediateOops: No
[3,433s][debug][gc,nmethod     ] Register NMethod: jdk.internal.math.FloatingDecimal.isDigit (0x00007a39d4336d08) [0x00007a39d4336e00, 0x00007a39d4336fe0] Compiler: c1, Barriers: 0, Oops: 0, ImmediateOops: 0, NonImmediateOops: No
[3,434s][debug][gc,nmethod     ] Register NMethod: com.github.benmanes.caffeine.cache.BoundedLocalCache$UpdateTask.run (0x00007a39d4337008) [0x00007a39d4337100, 0x00007a39d433e408] Compiler: c1, Barriers: 38, Oops: 2, ImmediateOops: 6, NonImmediateOops: No
[3,434s][debug][gc,nmethod     ] Register NMethod: io.sirix.axis.filter.xml.ElementFilter.filter (0x00007a39f2ed0c08) [0x00007a39f2ed0d00, 0x00007a39f2ed0f28] Compiler: jvmci, Barriers: 2, Oops: 1, ImmediateOops: 3, NonImmediateOops: No
[3,435s][debug][gc,nmethod     ] Register NMethod: io.sirix.page.KeyValueLeafPage$$Lambda/0x00000000ba2bbc58.apply (0x00007a39d433e488) [0x00007a39d433e580, 0x00007a39d433eaa0] Compiler: c1, Barriers: 0, Oops: 1, ImmediateOops: 0, NonImmediateOops: No
[3,435s][debug][gc,nmethod     ] Register NMethod: io.sirix.page.KeyValueLeafPage$$Lambda/0x00000000ba2be000.apply (0x00007a39d433eb08) [0x00007a39d433ec00, 0x00007a39d433f590] Compiler: c1, Barriers: 0, Oops: 1, ImmediateOops: 0, NonImmediateOops: No
[3,435s][debug][gc,nmethod     ] Register NMethod: io.sirix.page.KeyValueLeafPage.lambda$getPinCountByTransaction$0 (0x00007a39d433f608) [0x00007a39d433f700, 0x00007a39d4340048] Compiler: c1, Barriers: 1, Oops: 1, ImmediateOops: 1, NonImmediateOops: No
[3,436s][debug][gc,nmethod     ] Register NMethod: io.brackit.query.sequence.FlatteningSequence$FlatteningIter.next (0x00007a39d4340088) [0x00007a39d4340180, 0x00007a39d43410f0] Compiler: c1, Barriers: 13, Oops: 1, ImmediateOops: 0, NonImmediateOops: No
[3,436s][debug][gc,nmethod     ] Register NMethod: io.brackit.query.atomic.Int64.type (0x00007a39d4341108) [0x00007a39d4341200, 0x00007a39d4341308] Compiler: c1, Barriers: 0, Oops: 1, ImmediateOops: 1, NonImmediateOops: No
[3,436s][debug][gc,nmethod     ] Register NMethod: io.brackit.query.jdm.type.AtomicType.matches (0x00007a39d4341408) [0x00007a39d4341500, 0x00007a39d4342030] Compiler: c1, Barriers: 2, Oops: 1, ImmediateOops: 0, NonImmediateOops: No
[3,436s][debug][gc,nmethod     ] Register NMethod: io.brackit.query.atomic.Int64.cmp (0x00007a39d4342088) [0x00007a39d4342180, 0x00007a39d4344de8] Compiler: c1, Barriers: 7, Oops: 2, ImmediateOops: 2, NonImmediateOops: No
[3,437s][debug][gc,nmethod     ] Register NMethod: io.brackit.query.util.ExprUtil.materialize (0x00007a39d4344e08) [0x00007a39d4344f00, 0x00007a39d4347868] Compiler: c1, Barriers: 14, Oops: 2, ImmediateOops: 3, NonImmediateOops: No
[3,438s][debug][gc,director    ] Rule Major: Warmup 10%, Used: 792MB, UsedThreshold: 1228MB
[3,438s][debug][gc,director    ] Rule Minor: High Usage, Free: 11454MB(93,2%)
[3,438s][debug][gc,nmethod     ] Register NMethod: com.github.benmanes.caffeine.cache.SSLSMW.hitsInSample (0x00007a39f2ed0f88) [0x00007a39f2ed1080, 0x00007a39f2ed1140] Compiler: c1, Barriers: 0, Oops: 1, ImmediateOops: 0, NonImmediateOops: No
[3,438s][debug][gc,nmethod     ] Register NMethod: com.github.benmanes.caffeine.cache.LocalManualCache.getIfPresent (0x00007a39d4347888) [0x00007a39d4347980, 0x00007a39d4347d68] Compiler: c1, Barriers: 1, Oops: 1, ImmediateOops: 0, NonImmediateOops: No
[3,439s][debug][gc,nmethod     ] Register NMethod: io.sirix.page.KeyValueLeafPage.lambda$incrementPinCount$0 (0x00007a39d4347d88) [0x00007a39d4347e80, 0x00007a39d43480c8] Compiler: c1, Barriers: 0, Oops: 1, ImmediateOops: 0, NonImmediateOops: No
[3,439s][debug][gc,nmethod     ] Register NMethod: io.sirix.page.KeyValueLeafPage$$Lambda/0x00000000ba2aac08.apply (0x00007a39d4348108) [0x00007a39d4348200, 0x00007a39d43486c0] Compiler: c1, Barriers: 0, Oops: 1, ImmediateOops: 0, NonImmediateOops: No
[3,441s][debug][gc,nmethod     ] Register NMethod: com.github.benmanes.caffeine.cache.BoundedLocalCache.getIfPresent (0x00007a39d4348708) [0x00007a39d4348800, 0x00007a39d434e9b0] Compiler: c1, Barriers: 4, Oops: 11, ImmediateOops: 23, NonImmediateOops: No
[3,441s][debug][gc,nmethod     ] Register NMethod: io.sirix.node.NodeSerializerImpl.deserialize (0x00007a39f2ed1288) [0x00007a39f2ed1380, 0x00007a39f2ed1858] Compiler: jvmci, Barriers: 6, Oops: 2, ImmediateOops: 1, NonImmediateOops: No
[3,441s][debug][gc,nmethod     ] Register NMethod: io.brackit.query.atomic.QNm.toString (0x00007a39d434ea88) [0x00007a39d434eb80, 0x00007a39d434f068] Compiler: c1, Barriers: 4, Oops: 1, ImmediateOops: 0, NonImmediateOops: No
[3,443s][debug][gc,nmethod     ] Register NMethod: jdk.internal.misc.Unsafe.putIntRelease (0x00007a39f2ed1888) [0x00007a39f2ed1980, 0x00007a39f2ed1a10] Compiler: jvmci, Barriers: 0, Oops: 0, ImmediateOops: 0, NonImmediateOops: No
[3,443s][debug][gc,nmethod     ] Register NMethod: io.sirix.access.trx.node.AbstractNodeReadOnlyTrx.getRightSiblingKey (0x00007a39f2ed1b88) [0x00007a39f2ed1c80, 0x00007a39f2ed2480] Compiler: jvmci, Barriers: 11, Oops: 1, ImmediateOops: 0, NonImmediateOops: No
[3,444s][debug][gc,nmethod     ] Register NMethod: jdk.internal.math.FloatingDecimal.check (0x00007a39d434f088) [0x00007a39d434f180, 0x00007a39d4351dd0] Compiler: c1, Barriers: 2, Oops: 3, ImmediateOops: 5, NonImmediateOops: No
[3,446s][debug][gc,nmethod     ] Register NMethod: io.brackit.query.expr.PathStepExpr$ItemContextPathStepIter.close (0x00007a39d4351e08) [0x00007a39d4351f00, 0x00007a39d4352268] Compiler: c1, Barriers: 1, Oops: 1, ImmediateOops: 0, NonImmediateOops: No
[3,447s][debug][gc,nmethod     ] Register NMethod: io.sirix.access.trx.node.AbstractNodeReadOnlyTrx.hasRightSibling (0x00007a39f2ed2508) [0x00007a39f2ed2600, 0x00007a39f2ed2e00] Compiler: jvmci, Barriers: 11, Oops: 1, ImmediateOops: 0, NonImmediateOops: No
[3,447s][debug][gc,nmethod     ] Register NMethod: io.brackit.query.atomic.Counter.<init> (0x00007a39d4352288) [0x00007a39d4352380, 0x00007a39d43524d8] Compiler: c1, Barriers: 0, Oops: 1, ImmediateOops: 0, NonImmediateOops: No
[3,448s][debug][gc,director    ] Rule Major: Warmup 10%, Used: 796MB, UsedThreshold: 1228MB
[3,448s][debug][gc,director    ] Rule Minor: High Usage, Free: 11450MB(93,2%)
[3,449s][debug][gc,nmethod     ] Register NMethod: io.brackit.query.expr.PathStepExpr$ItemContextPathStepIter.performStep (0x00007a39d4352588) [0x00007a39d4352680, 0x00007a39d4353fc8] Compiler: c1, Barriers: 20, Oops: 2, ImmediateOops: 3, NonImmediateOops: No
[3,451s][debug][gc,nmethod     ] Register NMethod: io.sirix.access.trx.page.NodePageReadOnlyTrx.getDataRecord (0x00007a39f2ed2e88) [0x00007a39f2ed2f80, 0x00007a39f2ed3ee8] Compiler: jvmci, Barriers: 22, Oops: 2, ImmediateOops: 5, NonImmediateOops: No
[3,451s][debug][gc,nmethod     ] Register NMethod: io.sirix.axis.filter.xml.TextFilter.filter (0x00007a39d4354008) [0x00007a39d4354100, 0x00007a39d4354880] Compiler: c1, Barriers: 1, Oops: 1, ImmediateOops: 1, NonImmediateOops: No
[3,452s][debug][gc,nmethod     ] Register NMethod: com.github.benmanes.caffeine.cache.BoundedLocalCache.computeIfPresent (0x00007a39d4354908) [0x00007a39d4354a00, 0x00007a39d4357ba0] Compiler: c1, Barriers: 3, Oops: 10, ImmediateOops: 12, NonImmediateOops: No
[3,452s][debug][gc,nmethod     ] Register NMethod: io.brackit.query.jdm.Type.isCastPrimitive (0x00007a39f2ed3f08) [0x00007a39f2ed4000, 0x00007a39f2ed40c0] Compiler: c1, Barriers: 0, Oops: 1, ImmediateOops: 0, NonImmediateOops: No
[3,452s][debug][gc,nmethod     ] Register NMethod: jdk.internal.math.FloatingDecimal.skipWhitespaces (0x00007a39d4357c08) [0x00007a39d4357d00, 0x00007a39d4358b90] Compiler: c1, Barriers: 3, Oops: 1, ImmediateOops: 2, NonImmediateOops: No
[3,452s][debug][gc,nmethod     ] Register NMethod: io.brackit.query.jdm.type.ElementType.getNodeKind (0x00007a39f2ed4208) [0x00007a39f2ed4300, 0x00007a39f2ed4390] Compiler: jvmci, Barriers: 0, Oops: 1, ImmediateOops: 1, NonImmediateOops: No
[3,453s][debug][gc,nmethod     ] Register NMethod: io.sirix.cache.RecordPageCache.lambda$new$1 (0x00007a39d4358c08) [0x00007a39d4358d00, 0x00007a39d4359458] Compiler: c1, Barriers: 1, Oops: 1, ImmediateOops: 0, NonImmediateOops: No
[3,453s][debug][gc,nmethod     ] Register NMethod: io.sirix.cache.RecordPageCache$$Lambda/0x00000000ba216828.weigh (0x00007a39d4359488) [0x00007a39d4359580, 0x00007a39d435a140] Compiler: c1, Barriers: 1, Oops: 1, ImmediateOops: 0, NonImmediateOops: No
[3,453s][debug][gc,nmethod     ] Register NMethod: it.unimi.dsi.fastutil.longs.LongArrayList.initArrayFromCapacity (0x00007a39f2ed4508) [0x00007a39f2ed4600, 0x00007a39f2ed4920] Compiler: jvmci, Barriers: 6, Oops: 1, ImmediateOops: 1, NonImmediateOops: No
[3,458s][debug][gc,director    ] Rule Major: Warmup 10%, Used: 798MB, UsedThreshold: 1228MB
[3,458s][debug][gc,alloc       ] Mutator Allocation Rate: 364,0MB/s Predicted: 382,9MB/s, Avg: 304,3(+/-53,8)MB/s
[3,458s][debug][gc,director    ] Rule Minor: High Usage, Free: 11448MB(93,2%)
[3,461s][debug][gc,nmethod     ] Register NMethod: io.brackit.query.atomic.Dbl.<init> (0x00007a39d435a188) [0x00007a39d435a280, 0x00007a39d435a558] Compiler: c1, Barriers: 0, Oops: 1, ImmediateOops: 0, NonImmediateOops: No
[3,463s][debug][gc,nmethod     ] Register NMethod: com.github.benmanes.caffeine.cache.SSLSMW.missesInSample (0x00007a39f2ed4988) [0x00007a39f2ed4a80, 0x00007a39f2ed4b40] Compiler: c1, Barriers: 0, Oops: 1, ImmediateOops: 0, NonImmediateOops: No
[3,463s][debug][gc,nmethod     ] Register NMethod: io.sirix.cache.RecordPageFragmentCache.lambda$new$1 (0x00007a39d435a588) [0x00007a39d435a680, 0x00007a39d435add8] Compiler: c1, Barriers: 1, Oops: 1, ImmediateOops: 0, NonImmediateOops: No
[3,463s][debug][gc,nmethod     ] Register NMethod: io.sirix.cache.RecordPageFragmentCache$$Lambda/0x00000000ba216f00.weigh (0x00007a39d435ae08) [0x00007a39d435af00, 0x00007a39d435bac0] Compiler: c1, Barriers: 1, Oops: 1, ImmediateOops: 0, NonImmediateOops: No
[3,463s][debug][gc,nmethod     ] Register NMethod: io.sirix.page.KeyValueLeafPage.incrementPinCount (0x00007a39d435bb08) [0x00007a39d435bc00, 0x00007a39d435c858] Compiler: c1, Barriers: 3, Oops: 2, ImmediateOops: 2, NonImmediateOops: No
[3,468s][debug][gc,director    ] Rule Major: Warmup 10%, Used: 802MB, UsedThreshold: 1228MB
[3,468s][debug][gc,director    ] Rule Minor: High Usage, Free: 11444MB(93,1%)
[3,469s][debug][gc,nmethod     ] Register NMethod: io.sirix.page.KeyValueLeafPage.addReferences (0x00007a39f2ed4c88) [0x00007a39f2ed4d80, 0x00007a39f2ed8900] Compiler: jvmci, Barriers: 42, Oops: 5, ImmediateOops: 3, NonImmediateOops: No
[3,469s][debug][gc,nmethod     ] Register NMethod: io.brackit.query.atomic.Int32.asIntNumeric (0x00007a39d435c888) [0x00007a39d435c980, 0x00007a39d435ca80] Compiler: c1, Barriers: 0, Oops: 1, ImmediateOops: 0, NonImmediateOops: No
[3,469s][debug][gc,nmethod     ] Register NMethod: io.brackit.query.atomic.Int32.cmp (0x00007a39d435cb88) [0x00007a39d435cc80, 0x00007a39d435e110] Compiler: c1, Barriers: 7, Oops: 2, ImmediateOops: 2, NonImmediateOops: No
[3,470s][debug][gc,nmethod     ] Register NMethod: io.brackit.query.sequence.LazySequence.get (0x00007a39d435e188) [0x00007a39d435e280, 0x00007a39d435ff60] Compiler: c1, Barriers: 8, Oops: 2, ImmediateOops: 2, NonImmediateOops: No
[3,470s][debug][gc,nmethod     ] Register NMethod: io.sirix.access.trx.node.xml.XmlNodeReadOnlyTrxImpl.isNameNode (0x00007a39f2ed8988) [0x00007a39f2ed8a80, 0x00007a39f2ed8c10] Compiler: jvmci, Barriers: 1, Oops: 1, ImmediateOops: 0, NonImmediateOops: No
[3,471s][debug][gc,nmethod     ] Register NMethod: io.brackit.query.atomic.Una.asUna (0x00007a39d435ff88) [0x00007a39d4360080, 0x00007a39d4360180] Compiler: c1, Barriers: 0, Oops: 1, ImmediateOops: 0, NonImmediateOops: No
[3,474s][debug][gc,nmethod     ] Register NMethod: io.sirix.axis.filter.xml.XmlNameFilter.filter (0x00007a39f2ed8c88) [0x00007a39f2ed8d80, 0x00007a39f2ed9ca0] Compiler: jvmci, Barriers: 14, Oops: 4, ImmediateOops: 0, NonImmediateOops: No
[3,474s][debug][gc,nmethod     ] Register NMethod: java.util.concurrent.ConcurrentHashMap.sumCount (0x00007a39d4360288) [0x00007a39d4360380, 0x00007a39d4360610] Compiler: c1, Barriers: 2, Oops: 0, ImmediateOops: 0, NonImmediateOops: No
[3,475s][debug][gc,nmethod     ] Register NMethod: jdk.internal.misc.Unsafe.putIntOpaque (0x00007a39d4360688) [0x00007a39d4360780, 0x00007a39d4360888] Compiler: c1, Barriers: 0, Oops: 0, ImmediateOops: 0, NonImmediateOops: No
[3,475s][debug][gc,nmethod     ] Register NMethod: org.gradle.internal.io.StreamByteBuffer.totalBytesUnread (0x00007a39d4360988) [0x00007a39d4360a80, 0x00007a39d4360d68] Compiler: c1, Barriers: 2, Oops: 1, ImmediateOops: 0, NonImmediateOops: No
[3,475s][debug][gc,nmethod     ] Register NMethod: java.lang.StringConcatHelper.prepend (0x00007a39d4360d88) [0x00007a39d4360e80, 0x00007a39d43625d0] Compiler: c1, Barriers: 3, Oops: 0, ImmediateOops: 0, NonImmediateOops: No
[3,475s][debug][gc,nmethod     ] Register NMethod: java.io.OutputStream.write (0x00007a39d4362608) [0x00007a39d4362700, 0x00007a39d4362c78] Compiler: c1, Barriers: 0, Oops: 0, ImmediateOops: 0, NonImmediateOops: No
[3,476s][debug][gc,nmethod     ] Register NMethod: sun.nio.ch.UnixFileDispatcherImpl.unmap0 (0x00007a39f2ed9d08) [0x00007a39f2ed9e00, 0x00007a39f2ed9f60] Compiler: , Barriers: 0, Oops: 0, ImmediateOops: 1, NonImmediateOops: No
[3,477s][debug][gc,nmethod     ] Register NMethod: io.sirix.access.trx.node.xml.XmlNodeReadOnlyTrxImpl.getLocalNameKey (0x00007a39f2eda008) [0x00007a39f2eda100, 0x00007a39f2eda758] Compiler: jvmci, Barriers: 5, Oops: 3, ImmediateOops: 0, NonImmediateOops: No
[3,478s][debug][gc,nmethod     ] Register NMethod: com.github.benmanes.caffeine.cache.BoundedLocalCache$$Lambda/0x00000000ba2aa358.run (0x00007a39d4362c88) [0x00007a39d4362d80, 0x00007a39d4362f98] Compiler: c1, Barriers: 4, Oops: 1, ImmediateOops: 0, NonImmediateOops: No
[3,478s][debug][gc,nmethod     ] Register NMethod: com.github.benmanes.caffeine.cache.BoundedLocalCache.lambda$notifyRemoval$1 (0x00007a39d4363008) [0x00007a39d4363100, 0x00007a39d4363748] Compiler: c1, Barriers: 1, Oops: 2, ImmediateOops: 2, NonImmediateOops: No
[3,478s][debug][gc,director    ] Rule Major: Warmup 10%, Used: 804MB, UsedThreshold: 1228MB
[3,479s][debug][gc,director    ] Rule Minor: High Usage, Free: 11442MB(93,1%)
[3,479s][debug][gc,nmethod     ] Register NMethod: com.github.benmanes.caffeine.cache.PS.retire (0x00007a39d4363788) [0x00007a39d4363880, 0x00007a39d4364aa0] Compiler: c1, Barriers: 3, Oops: 8, ImmediateOops: 11, NonImmediateOops: No
[3,479s][debug][gc,nmethod     ] Register NMethod: java.lang.ThreadLocal.set (0x00007a39d4364b08) [0x00007a39d4364c00, 0x00007a39d43651c8] Compiler: c1, Barriers: 0, Oops: 0, ImmediateOops: 0, NonImmediateOops: No
[3,479s][debug][gc,nmethod     ] Register NMethod: java.io.PrintStream.ensureOpen (0x00007a39d4365208) [0x00007a39d4365300, 0x00007a39d4365530] Compiler: c1, Barriers: 1, Oops: 0, ImmediateOops: 1, NonImmediateOops: No
[3,479s][debug][gc,nmethod     ] Register NMethod: java.lang.ThreadLocal.set (0x00007a39d4365588) [0x00007a39d4365680, 0x00007a39d4365ce8] Compiler: c1, Barriers: 1, Oops: 0, ImmediateOops: 0, NonImmediateOops: No
[3,480s][debug][gc,nmethod     ] Register NMethod: java.util.concurrent.locks.AbstractQueuedSynchronizer$ConditionObject.canReacquire (0x00007a39d4365d08) [0x00007a39d4365e00, 0x00007a39d43663d0] Compiler: c1, Barriers: 5, Oops: 0, ImmediateOops: 0, NonImmediateOops: No
[3,480s][debug][gc,nmethod     ] Register NMethod: java.lang.ThreadLocal.initialValue (0x00007a39f2eda788) [0x00007a39f2eda880, 0x00007a39f2eda948] Compiler: c1, Barriers: 0, Oops: 0, ImmediateOops: 0, NonImmediateOops: No
[3,480s][debug][gc,nmethod     ] Register NMethod: org.gradle.internal.remote.internal.hub.queue.MultiEndPointQueue.flush (0x00007a39d4366408) [0x00007a39d4366500, 0x00007a39d436a460] Compiler: c1, Barriers: 14, Oops: 5, ImmediateOops: 6, NonImmediateOops: No
[3,481s][debug][gc,nmethod     ] Register NMethod: org.gradle.internal.id.CompositeIdGenerator$CompositeId.getScope (0x00007a39f2edaa88) [0x00007a39f2edab80, 0x00007a39f2edac68] Compiler: c1, Barriers: 1, Oops: 1, ImmediateOops: 0, NonImmediateOops: No
[3,481s][debug][gc,nmethod     ] Register NMethod: org.gradle.internal.id.CompositeIdGenerator$CompositeId.getId (0x00007a39f2edad88) [0x00007a39f2edae80, 0x00007a39f2edaf68] Compiler: c1, Barriers: 1, Oops: 1, ImmediateOops: 0, NonImmediateOops: No
[3,481s][debug][gc,nmethod     ] Register NMethod: java.lang.StringUTF16.newBytesLength (0x00007a39d436a508) [0x00007a39d436a600, 0x00007a39d436b8b0] Compiler: c1, Barriers: 0, Oops: 2, ImmediateOops: 3, NonImmediateOops: No
[3,481s][debug][gc,nmethod     ] Register NMethod: java.lang.StringUTF16.toBytes (0x00007a39d436b908) [0x00007a39d436ba00, 0x00007a39d436bce0] Compiler: c1, Barriers: 0, Oops: 0, ImmediateOops: 0, NonImmediateOops: No
[3,481s][debug][gc,nmethod     ] Register NMethod: java.util.concurrent.ConcurrentHashMap.size (0x00007a39d436bd08) [0x00007a39d436be00, 0x00007a39d436c1d0] Compiler: c1, Barriers: 0, Oops: 0, ImmediateOops: 0, NonImmediateOops: No
[3,481s][debug][gc,nmethod     ] Register NMethod: org.gradle.internal.remote.internal.hub.MessageHub.access$700 (0x00007a39f2edb088) [0x00007a39f2edb180, 0x00007a39f2edb250] Compiler: c1, Barriers: 1, Oops: 1, ImmediateOops: 0, NonImmediateOops: No
[3,481s][debug][gc,nmethod     ] Register NMethod: org.gradle.internal.serialize.kryo.TypeSafeSerializer.access$000 (0x00007a39f2edb388) [0x00007a39f2edb480, 0x00007a39f2edb550] Compiler: c1, Barriers: 1, Oops: 1, ImmediateOops: 0, NonImmediateOops: No
[3,481s][debug][gc,nmethod     ] Register NMethod: com.esotericsoftware.kryo.io.Output.writeString_slow (0x00007a39d436c208) [0x00007a39d436c300, 0x00007a39d436cb98] Compiler: c1, Barriers: 5, Oops: 1, ImmediateOops: 0, NonImmediateOops: No
[3,481s][debug][gc,nmethod     ] Register NMethod: java.lang.ThreadLocal$ThreadLocalMap.nextIndex (0x00007a39d436cc08) [0x00007a39d436cd00, 0x00007a39d436ce28] Compiler: c1, Barriers: 0, Oops: 0, ImmediateOops: 0, NonImmediateOops: No
[3,482s][debug][gc,nmethod     ] Register NMethod: com.github.benmanes.caffeine.cache.BoundedLocalCache$EntryIterator.<init> (0x00007a39d436cf08) [0x00007a39d436d000, 0x00007a39d436d4f8] Compiler: c1, Barriers: 7, Oops: 1, ImmediateOops: 0, NonImmediateOops: No
[3,482s][debug][gc,nmethod     ] Register NMethod: com.github.benmanes.caffeine.cache.BoundedLocalCache.entrySet (0x00007a39d436d508) [0x00007a39d436d600, 0x00007a39d436dad0] Compiler: c1, Barriers: 7, Oops: 1, ImmediateOops: 0, NonImmediateOops: No
[3,482s][debug][gc,nmethod     ] Register NMethod: com.github.benmanes.caffeine.cache.BoundedLocalCache$EntrySetView.iterator (0x00007a39d436db08) [0x00007a39d436dc00, 0x00007a39d436e1e8] Compiler: c1, Barriers: 8, Oops: 1, ImmediateOops: 0, NonImmediateOops: No
[3,482s][debug][gc,nmethod     ] Register NMethod: java.util.concurrent.locks.ReentrantReadWriteLock$Sync.exclusiveCount (0x00007a39d436e208) [0x00007a39d436e300, 0x00007a39d436e3f0] Compiler: c1, Barriers: 0, Oops: 0, ImmediateOops: 0, NonImmediateOops: No
[3,484s][debug][gc,nmethod     ] Register NMethod: java.security.MessageDigest.digest (0x00007a39d436e508) [0x00007a39d436e600, 0x00007a39d436eb68] Compiler: c1, Barriers: 1, Oops: 0, ImmediateOops: 0, NonImmediateOops: No
[3,484s][debug][gc,nmethod     ] Register NMethod: sun.security.provider.ByteArrayAccess.i2bBig (0x00007a39d436eb88) [0x00007a39d436ec80, 0x00007a39d436f8e0] Compiler: c1, Barriers: 0, Oops: 5, ImmediateOops: 5, NonImmediateOops: No
[3,484s][debug][gc,nmethod     ] Register NMethod: io.sirix.access.ResourceConfiguration$ResourcePaths.getPath (0x00007a39f2edb688) [0x00007a39f2edb780, 0x00007a39f2edb868] Compiler: c1, Barriers: 1, Oops: 1, ImmediateOops: 0, NonImmediateOops: No
[3,484s][debug][gc,nmethod     ] Register NMethod: com.google.gson.stream.JsonWriter.peek (0x00007a39d436f988) [0x00007a39d436fa80, 0x00007a39d436fce8] Compiler: c1, Barriers: 1, Oops: 1, ImmediateOops: 1, NonImmediateOops: No
[3,484s][debug][gc,nmethod     ] Register NMethod: com.google.gson.stream.JsonWriter.string (0x00007a39d436fd08) [0x00007a39d436fe00, 0x00007a39d4371b00] Compiler: c1, Barriers: 9, Oops: 2, ImmediateOops: 6, NonImmediateOops: No
[3,484s][debug][gc,nmethod     ] Register NMethod: sun.nio.fs.UnixPath.initOffsets (0x00007a39d4371b88) [0x00007a39d4371c80, 0x00007a39d4372668] Compiler: c1, Barriers: 8, Oops: 0, ImmediateOops: 0, NonImmediateOops: No
[3,485s][debug][gc,nmethod     ] Register NMethod: java.util.HashMap$HashIterator.hasNext (0x00007a39f2edb988) [0x00007a39f2edba80, 0x00007a39f2edbb38] Compiler: jvmci, Barriers: 1, Oops: 0, ImmediateOops: 0, NonImmediateOops: No
[3,485s][debug][gc,nmethod     ] Register NMethod: java.security.MessageDigestSpi.<init> (0x00007a39d4372688) [0x00007a39d4372780, 0x00007a39d43728d8] Compiler: c1, Barriers: 0, Oops: 0, ImmediateOops: 0, NonImmediateOops: No
[3,486s][debug][gc,nmethod     ] Register NMethod: com.google.common.base.Preconditions.checkNotNull (0x00007a39d4372988) [0x00007a39d4372a80, 0x00007a39d4372c50] Compiler: c1, Barriers: 0, Oops: 1, ImmediateOops: 0, NonImmediateOops: No
[3,486s][debug][gc,nmethod     ] Register NMethod: java.security.MessageDigest$Delegate.<init> (0x00007a39d4372c88) [0x00007a39d4372d80, 0x00007a39d4373100] Compiler: c1, Barriers: 9, Oops: 0, ImmediateOops: 0, NonImmediateOops: No
[3,486s][debug][gc,nmethod     ] Register NMethod: java.security.MessageDigest$Delegate.engineUpdate (0x00007a39d4373108) [0x00007a39d4373200, 0x00007a39d4373540] Compiler: c1, Barriers: 1, Oops: 0, ImmediateOops: 0, NonImmediateOops: No
[3,486s][debug][gc,nmethod     ] Register NMethod: java.security.MessageDigest$Delegate$CloneableDelegate.<init> (0x00007a39d4373588) [0x00007a39d4373680, 0x00007a39d4373a68] Compiler: c1, Barriers: 9, Oops: 0, ImmediateOops: 0, NonImmediateOops: No
[3,486s][debug][gc,nmethod     ] Register NMethod: java.security.MessageDigestSpi.clone (0x00007a39d4373a88) [0x00007a39d4373b80, 0x00007a39d43743d8] Compiler: c1, Barriers: 5, Oops: 0, ImmediateOops: 0, NonImmediateOops: No
[3,486s][debug][gc,nmethod     ] Register NMethod: java.security.MessageDigest.getDigestLength (0x00007a39d4374408) [0x00007a39d4374500, 0x00007a39d43755b0] Compiler: c1, Barriers: 2, Oops: 0, ImmediateOops: 0, NonImmediateOops: No
[3,486s][debug][gc,nmethod     ] Register NMethod: net.jpountz.lz4.LZ4Compressor.maxCompressedLength (0x00007a39d4375608) [0x00007a39d4375700, 0x00007a39d4375830] Compiler: c1, Barriers: 0, Oops: 1, ImmediateOops: 0, NonImmediateOops: No
[3,487s][debug][gc,nmethod     ] Register NMethod: java.security.MessageDigest$Delegate.clone (0x00007a39d4375908) [0x00007a39d4375a00, 0x00007a39d43766a8] Compiler: c1, Barriers: 12, Oops: 0, ImmediateOops: 0, NonImmediateOops: No
[3,487s][debug][gc,nmethod     ] Register NMethod: com.google.common.hash.HashCode.fromBytesNoCopy (0x00007a39d4376708) [0x00007a39d4376800, 0x00007a39d4376c10] Compiler: c1, Barriers: 3, Oops: 1, ImmediateOops: 0, NonImmediateOops: No
[3,487s][debug][gc,nmethod     ] Register NMethod: io.sirix.page.PagePersister.serializePage (0x00007a39d4376c88) [0x00007a39d4376d80, 0x00007a39d4377ab0] Compiler: c1, Barriers: 1, Oops: 2, ImmediateOops: 1, NonImmediateOops: No
[3,487s][debug][gc,nmethod     ] Register NMethod: io.sirix.page.PageKind.getKind (0x00007a39d4377b08) [0x00007a39d4377c00, 0x00007a39d4378488] Compiler: c1, Barriers: 1, Oops: 2, ImmediateOops: 1, NonImmediateOops: No
[3,487s][debug][gc,nmethod     ] Register NMethod: net.jpountz.lz4.LZ4BlockOutputStream.<init> (0x00007a39d4378508) [0x00007a39d4378600, 0x00007a39d437b390] Compiler: c1, Barriers: 36, Oops: 5, ImmediateOops: 38, NonImmediateOops: No
[3,488s][debug][gc,nmethod     ] Register NMethod: net.jpountz.lz4.LZ4BlockOutputStream.write (0x00007a39d437b408) [0x00007a39d437b500, 0x00007a39d437bfa8] Compiler: c1, Barriers: 2, Oops: 1, ImmediateOops: 2, NonImmediateOops: No
[3,488s][debug][gc,nmethod     ] Register NMethod: net.jpountz.lz4.LZ4BlockOutputStream.<init> (0x00007a39d437c008) [0x00007a39d437c100, 0x00007a39d437ee40] Compiler: c1, Barriers: 36, Oops: 5, ImmediateOops: 38, NonImmediateOops: No
[3,488s][debug][gc,nmethod     ] Register NMethod: net.jpountz.lz4.LZ4BlockOutputStream.close (0x00007a39d437ee88) [0x00007a39d437ef80, 0x00007a39d437f3f8] Compiler: c1, Barriers: 4, Oops: 1, ImmediateOops: 0, NonImmediateOops: No
[3,488s][debug][gc,nmethod     ] Register NMethod: io.sirix.io.bytepipe.LZ4Compressor.serialize (0x00007a39d437f408) [0x00007a39d437f500, 0x00007a39d437f9b8] Compiler: c1, Barriers: 1, Oops: 1, ImmediateOops: 0, NonImmediateOops: No
[3,488s][debug][gc,nmethod     ] Register NMethod: sun.security.provider.SHA2$SHA256.clone (0x00007a39d437fa08) [0x00007a39d437fb00, 0x00007a39d4380510] Compiler: c1, Barriers: 14, Oops: 0, ImmediateOops: 0, NonImmediateOops: No
[3,488s][debug][gc,nmethod     ] Register NMethod: com.google.common.hash.MessageDigestHashFunction$MessageDigestHasher.<init> (0x00007a39d4380588) [0x00007a39d4380680, 0x00007a39d4380c40] Compiler: c1, Barriers: 6, Oops: 1, ImmediateOops: 1, NonImmediateOops: No
[3,488s][debug][gc,nmethod     ] Register NMethod: com.google.common.hash.MessageDigestHashFunction$MessageDigestHasher.<init> (0x00007a39d4380c88) [0x00007a39d4380d80, 0x00007a39d43812d8] Compiler: c1, Barriers: 6, Oops: 1, ImmediateOops: 1, NonImmediateOops: No
[3,488s][debug][gc,nmethod     ] Register NMethod: net.jpountz.lz4.LZ4BlockOutputStream.finish (0x00007a39d4381308) [0x00007a39d4381400, 0x00007a39d4381d08] Compiler: c1, Barriers: 6, Oops: 1, ImmediateOops: 1, NonImmediateOops: No
[3,488s][debug][gc,nmethod     ] Register NMethod: com.google.common.hash.AbstractByteHasher.<init> (0x00007a39d4381d88) [0x00007a39d4381e80, 0x00007a39d43822f0] Compiler: c1, Barriers: 3, Oops: 1, ImmediateOops: 1, NonImmediateOops: No
[3,488s][debug][gc,nmethod     ] Register NMethod: sun.security.provider.SHA2.clone (0x00007a39d4382308) [0x00007a39d4382400, 0x00007a39d4382da8] Compiler: c1, Barriers: 14, Oops: 0, ImmediateOops: 0, NonImmediateOops: No
[3,489s][debug][gc,nmethod     ] Register NMethod: sun.security.provider.DigestBase.clone (0x00007a39d4382e08) [0x00007a39d4382f00, 0x00007a39d4383440] Compiler: c1, Barriers: 7, Oops: 0, ImmediateOops: 0, NonImmediateOops: No
[3,489s][debug][gc,nmethod     ] Register NMethod: com.google.common.hash.AbstractHasher.<init> (0x00007a39d4383488) [0x00007a39d4383580, 0x00007a39d43836d8] Compiler: c1, Barriers: 0, Oops: 1, ImmediateOops: 0, NonImmediateOops: No
[3,489s][debug][gc,director    ] Rule Major: Warmup 10%, Used: 806MB, UsedThreshold: 1228MB
[3,489s][debug][gc,director    ] Rule Minor: High Usage, Free: 11440MB(93,1%)
[3,489s][debug][gc,nmethod     ] Register NMethod: io.sirix.access.ResourceConfiguration.getBinaryEncodingVersion (0x00007a39f2edbc88) [0x00007a39f2edbd80, 0x00007a39f2edbe68] Compiler: c1, Barriers: 1, Oops: 1, ImmediateOops: 0, NonImmediateOops: No
[3,489s][debug][gc,nmethod     ] Register NMethod: io.sirix.BinaryEncodingVersion.byteVersion (0x00007a39f2edbf88) [0x00007a39f2edc080, 0x00007a39f2edc148] Compiler: c1, Barriers: 0, Oops: 1, ImmediateOops: 0, NonImmediateOops: No
[3,489s][debug][gc,nmethod     ] Register NMethod: net.jpountz.lz4.LZ4BlockOutputStream.<init> (0x00007a39d4383788) [0x00007a39d4383880, 0x00007a39d4384288] Compiler: c1, Barriers: 18, Oops: 1, ImmediateOops: 1, NonImmediateOops: No
[3,489s][debug][gc,nmethod     ] Register NMethod: sun.security.provider.SHA2.implDigest (0x00007a39d4384308) [0x00007a39d4384400, 0x00007a39d4386598] Compiler: c1, Barriers: 4, Oops: 5, ImmediateOops: 12, NonImmediateOops: No
[3,489s][debug][gc,nmethod     ] Register NMethod: net.jpountz.lz4.LZ4BlockOutputStream.compressionLevel (0x00007a39d4386608) [0x00007a39d4386700, 0x00007a39d4388438] Compiler: c1, Barriers: 0, Oops: 3, ImmediateOops: 4, NonImmediateOops: No
[3,492s][debug][gc,nmethod     ] Register NMethod: io.sirix.io.filechannel.FileChannelWriter.writePageReference (0x00007a39d4388488) [0x00007a39d4388580, 0x00007a39d4391710] Compiler: c1, Barriers: 52, Oops: 5, ImmediateOops: 14, NonImmediateOops: No
[3,494s][debug][gc,nmethod     ] Register NMethod: io.sirix.io.filechannel.FileChannelWriter.delegate (0x00007a39f2edc288) [0x00007a39f2edc380, 0x00007a39f2edc468] Compiler: c1, Barriers: 1, Oops: 1, ImmediateOops: 0, NonImmediateOops: No
[3,494s][debug][gc,nmethod     ] Register NMethod: sun.nio.ch.UnixFileDispatcherImpl.pread (0x00007a39d4391788) [0x00007a39d4391880, 0x00007a39d43919c0] Compiler: c1, Barriers: 0, Oops: 0, ImmediateOops: 0, NonImmediateOops: No
[3,494s][debug][gc,nmethod     ] Register NMethod: com.github.benmanes.caffeine.cache.BoundedLocalCache.expireAfterCreate (0x00007a39d4391a88) [0x00007a39d4391b80, 0x00007a39d4391eb0] Compiler: c1, Barriers: 0, Oops: 1, ImmediateOops: 0, NonImmediateOops: No
[3,494s][debug][gc,nmethod     ] Register NMethod: sun.nio.ch.FileChannelImpl.read (0x00007a39d4391f08) [0x00007a39d4392000, 0x00007a39d4392248] Compiler: c1, Barriers: 0, Oops: 0, ImmediateOops: 1, NonImmediateOops: No
[3,494s][debug][gc,nmethod     ] Register NMethod: sun.nio.ch.FileChannelImpl.implRead (0x00007a39d4392288) [0x00007a39d4392380, 0x00007a39d4392d78] Compiler: c1, Barriers: 0, Oops: 0, ImmediateOops: 2, NonImmediateOops: No
[3,495s][debug][gc,nmethod     ] Register NMethod: java.nio.ByteBuffer.base (0x00007a39f2edc588) [0x00007a39f2edc680, 0x00007a39f2edc768] Compiler: c1, Barriers: 1, Oops: 0, ImmediateOops: 0, NonImmediateOops: No
[3,495s][debug][gc,nmethod     ] Register NMethod: sun.nio.ch.FileChannelImpl.readInternal (0x00007a39d4392d88) [0x00007a39d4392e80, 0x00007a39d4394ea0] Compiler: c1, Barriers: 7, Oops: 0, ImmediateOops: 3, NonImmediateOops: No
[3,496s][debug][gc,nmethod     ] Register NMethod: com.github.benmanes.caffeine.cache.Node.<init> (0x00007a39d4394f08) [0x00007a39d4395000, 0x00007a39d4395158] Compiler: c1, Barriers: 0, Oops: 1, ImmediateOops: 0, NonImmediateOops: No
[3,496s][debug][gc,nmethod     ] Register NMethod: io.sirix.access.trx.page.NodePageReadOnlyTrx$PageFragmentsResult.originalKeys (0x00007a39f2edc888) [0x00007a39f2edc980, 0x00007a39f2edca68] Compiler: c1, Barriers: 1, Oops: 1, ImmediateOops: 0, NonImmediateOops: No
[3,496s][debug][gc,nmethod     ] Register NMethod: ch.qos.logback.classic.Logger.debug (0x00007a39d4395208) [0x00007a39d4395300, 0x00007a39d4395470] Compiler: c1, Barriers: 0, Oops: 1, ImmediateOops: 2, NonImmediateOops: No
[3,497s][debug][gc,nmethod     ] Register NMethod: io.sirix.access.trx.page.NodePageReadOnlyTrx$PageFragmentsResult.storageKeyForFirstFragment (0x00007a39f2edcb88) [0x00007a39f2edcc80, 0x00007a39f2edcd40] Compiler: c1, Barriers: 0, Oops: 1, ImmediateOops: 0, NonImmediateOops: No
[3,497s][debug][gc,nmethod     ] Register NMethod: io.sirix.BinaryEncodingVersion.fromByte (0x00007a39d4395508) [0x00007a39d4395600, 0x00007a39d4395d80] Compiler: c1, Barriers: 1, Oops: 1, ImmediateOops: 1, NonImmediateOops: No
[3,497s][debug][gc,nmethod     ] Register NMethod: com.github.benmanes.caffeine.cache.LocalCache.notifyOnReplace (0x00007a39d4395e08) [0x00007a39d4395f00, 0x00007a39d43975a8] Compiler: c1, Barriers: 12, Oops: 3, ImmediateOops: 3, NonImmediateOops: No
[3,498s][debug][gc,nmethod     ] Register NMethod: com.github.benmanes.caffeine.cache.PS.<init> (0x00007a39d4397608) [0x00007a39d4397700, 0x00007a39d4399ae0] Compiler: c1, Barriers: 6, Oops: 9, ImmediateOops: 16, NonImmediateOops: No
[3,498s][debug][gc,nmethod     ] Register NMethod: com.sun.org.apache.xerces.internal.xni.XMLString.<init> (0x00007a39d4399b88) [0x00007a39d4399c80, 0x00007a39d4399dd8] Compiler: c1, Barriers: 0, Oops: 0, ImmediateOops: 0, NonImmediateOops: No
[3,498s][debug][gc,nmethod     ] Register NMethod: com.sun.org.apache.xerces.internal.util.FeatureState.isExceptional (0x00007a39d4399e88) [0x00007a39d4399f80, 0x00007a39d439a298] Compiler: c1, Barriers: 1, Oops: 0, ImmediateOops: 0, NonImmediateOops: No
[3,499s][debug][gc,director    ] Rule Major: Warmup 10%, Used: 808MB, UsedThreshold: 1228MB
[3,499s][debug][gc,director    ] Rule Minor: High Usage, Free: 11438MB(93,1%)
[3,499s][debug][gc,nmethod     ] Register NMethod: com.github.benmanes.caffeine.cache.PS.isDead (0x00007a39d439a308) [0x00007a39d439a400, 0x00007a39d439b840] Compiler: c1, Barriers: 1, Oops: 7, ImmediateOops: 9, NonImmediateOops: No
[3,499s][debug][gc,nmethod     ] Register NMethod: com.github.benmanes.caffeine.cache.BoundedLocalCache$RemovalTask.run (0x00007a39d439b888) [0x00007a39d439b980, 0x00007a39d439ec88] Compiler: c1, Barriers: 13, Oops: 1, ImmediateOops: 0, NonImmediateOops: No
[3,499s][debug][gc,nmethod     ] Register NMethod: com.sun.org.apache.xerces.internal.util.SymbolTable$Entry.<init> (0x00007a39d439ed08) [0x00007a39d439ee00, 0x00007a39d439f4d8] Compiler: c1, Barriers: 10, Oops: 0, ImmediateOops: 0, NonImmediateOops: No
[3,500s][debug][gc,nmethod     ] Register NMethod: com.github.benmanes.caffeine.cache.PS.die (0x00007a39d439f508) [0x00007a39d439f600, 0x00007a39d43a15d8] Compiler: c1, Barriers: 6, Oops: 10, ImmediateOops: 17, NonImmediateOops: No
[3,500s][debug][gc,nmethod     ] Register NMethod: it.unimi.dsi.fastutil.ints.Int2ObjectOpenHashMap.containsKey (0x00007a39d43a1688) [0x00007a39d43a1780, 0x00007a39d43a1b80] Compiler: c1, Barriers: 1, Oops: 1, ImmediateOops: 0, NonImmediateOops: No
[3,500s][debug][gc,nmethod     ] Register NMethod: com.github.benmanes.caffeine.cache.BoundedLocalCache$AddTask.run (0x00007a39d43a1c08) [0x00007a39d43a1d00, 0x00007a39d43ae650] Compiler: c1, Barriers: 37, Oops: 11, ImmediateOops: 38, NonImmediateOops: No
[3,500s][debug][gc,nmethod     ] Register NMethod: com.github.benmanes.caffeine.cache.BoundedLocalCache.makeDead (0x00007a39d43ae708) [0x00007a39d43ae800, 0x00007a39d43b42b8] Compiler: c1, Barriers: 7, Oops: 11, ImmediateOops: 26, NonImmediateOops: No
[3,501s][debug][gc,nmethod     ] Register NMethod: io.sirix.index.path.summary.PathSummaryReader$$Lambda/0x00000000ba2b63f8.apply (0x00007a39d43b4388) [0x00007a39d43b4480, 0x00007a39d43b4ba0] Compiler: c1, Barriers: 3, Oops: 1, ImmediateOops: 0, NonImmediateOops: No
[3,501s][debug][gc,nmethod     ] Register NMethod: io.sirix.index.path.summary.PathSummaryReader.lambda$putQNameMapping$0 (0x00007a39d43b4c08) [0x00007a39d43b4d00, 0x00007a39d43b5198] Compiler: c1, Barriers: 3, Oops: 1, ImmediateOops: 0, NonImmediateOops: No
[3,509s][debug][gc,director    ] Rule Major: Warmup 10%, Used: 810MB, UsedThreshold: 1228MB
[3,509s][debug][gc,director    ] Rule Minor: High Usage, Free: 11436MB(93,1%)
[3,515s][debug][gc,nmethod     ] Register NMethod: io.sirix.page.KeyValueLeafPage.processEntries (0x00007a39f2edce88) [0x00007a39f2edcf80, 0x00007a39f2ee33b0] Compiler: jvmci, Barriers: 193, Oops: 12, ImmediateOops: 7, NonImmediateOops: No
[3,519s][debug][gc,director    ] Rule Major: Warmup 10%, Used: 816MB, UsedThreshold: 1228MB
[3,519s][debug][gc,director    ] Rule Minor: High Usage, Free: 11430MB(93,0%)
[3,520s][debug][gc,nmethod     ] Register NMethod: io.sirix.page.IndirectPage.getOrCreateReference (0x00007a39d43b5208) [0x00007a39d43b5300, 0x00007a39d43b6800] Compiler: c1, Barriers: 8, Oops: 1, ImmediateOops: 0, NonImmediateOops: No
[3,524s][debug][gc,nmethod     ] Register NMethod: io.sirix.page.PageKind$1.deserializePage (0x00007a39f2ee3488) [0x00007a39f2ee3580, 0x00007a39f2ee6a88] Compiler: jvmci, Barriers: 34, Oops: 5, ImmediateOops: 0, NonImmediateOops: No
[3,529s][debug][gc,director    ] Rule Major: Warmup 10%, Used: 824MB, UsedThreshold: 1228MB
[3,529s][debug][gc,director    ] Rule Minor: High Usage, Free: 11422MB(93,0%)
[3,538s][debug][gc,nmethod     ] Register NMethod: com.sun.org.apache.xerces.internal.util.SymbolTable.addSymbol0 (0x00007a39d43b6888) [0x00007a39d43b6980, 0x00007a39d43b7448] Compiler: c1, Barriers: 14, Oops: 0, ImmediateOops: 0, NonImmediateOops: No
[3,539s][debug][gc,director    ] Rule Major: Warmup 10%, Used: 834MB, UsedThreshold: 1228MB
[3,539s][debug][gc,director    ] Rule Minor: High Usage, Free: 11412MB(92,9%)
[3,541s][debug][gc,nmethod     ] Register NMethod: sun.nio.cs.UTF_8$Decoder.decodeArrayLoop (0x00007a39f2ee6b08) [0x00007a39f2ee6c00, 0x00007a39f2ee8240] Compiler: jvmci, Barriers: 2, Oops: 0, ImmediateOops: 1, NonImmediateOops: No
[3,549s][debug][gc,director    ] Rule Major: Warmup 10%, Used: 844MB, UsedThreshold: 1228MB
[3,550s][debug][gc,director    ] Rule Minor: High Usage, Free: 11402MB(92,8%)
[3,558s][debug][gc,nmethod     ] Register NMethod: io.brackit.query.atomic.QNm.hashCode (0x00007a39f2ee8288) [0x00007a39f2ee8380, 0x00007a39f2ee86b8] Compiler: jvmci, Barriers: 4, Oops: 1, ImmediateOops: 0, NonImmediateOops: No
[3,560s][debug][gc,director    ] Rule Major: Warmup 10%, Used: 852MB, UsedThreshold: 1228MB
[3,560s][debug][gc,director    ] Rule Minor: High Usage, Free: 11394MB(92,7%)
[3,569s][debug][gc,nmethod     ] Register NMethod: io.sirix.page.PageKind$1.serializePage (0x00007a39f2ee8708) [0x00007a39f2ee8800, 0x00007a39f2eecd90] Compiler: jvmci, Barriers: 95, Oops: 15, ImmediateOops: 6, NonImmediateOops: No
[3,570s][debug][gc,director    ] Rule Major: Warmup 10%, Used: 856MB, UsedThreshold: 1228MB
[3,570s][debug][gc,director    ] Rule Minor: High Usage, Free: 11390MB(92,7%)
[3,579s][debug][gc,nmethod     ] Register NMethod: io.sirix.utils.OS.isWindows (0x00007a39f2eece88) [0x00007a39f2eecf80, 0x00007a39f2eecfe8] Compiler: jvmci, Barriers: 0, Oops: 1, ImmediateOops: 0, NonImmediateOops: No
[3,580s][debug][gc,director    ] Rule Major: Warmup 10%, Used: 864MB, UsedThreshold: 1228MB
[3,580s][debug][gc,director    ] Rule Minor: High Usage, Free: 11382MB(92,6%)
[3,582s][debug][gc,nmethod     ] Register NMethod: io.sirix.access.trx.page.NodePageReadOnlyTrx.getUberPage (0x00007a39d43b7488) [0x00007a39d43b7580, 0x00007a39d43b79f0] Compiler: c1, Barriers: 1, Oops: 1, ImmediateOops: 1, NonImmediateOops: No
[3,590s][debug][gc,director    ] Rule Major: Warmup 10%, Used: 874MB, UsedThreshold: 1228MB
[3,590s][debug][gc,director    ] Rule Minor: High Usage, Free: 11372MB(92,5%)
[3,590s][debug][gc,nmethod     ] Register NMethod: com.sun.org.apache.xerces.internal.util.SymbolTable.hash (0x00007a39d43b7a08) [0x00007a39d43b7b00, 0x00007a39d43b7eb8] Compiler: c1, Barriers: 1, Oops: 0, ImmediateOops: 0, NonImmediateOops: No
[3,592s][debug][gc,nmethod     ] Register NMethod: io.sirix.access.trx.page.NodePageTrx$1.removeEldestEntry (0x00007a39d43b7f08) [0x00007a39d43b8000, 0x00007a39d43b8768] Compiler: c1, Barriers: 0, Oops: 1, ImmediateOops: 0, NonImmediateOops: No
[3,594s][debug][gc,nmethod     ] Register NMethod: io.sirix.access.trx.page.AbstractForwardingPageReadOnlyTrx.getUberPage (0x00007a39d43b8788) [0x00007a39d43b8880, 0x00007a39d43b8db8] Compiler: c1, Barriers: 2, Oops: 1, ImmediateOops: 1, NonImmediateOops: No
[3,600s][debug][gc,director    ] Rule Major: Warmup 10%, Used: 884MB, UsedThreshold: 1228MB
[3,600s][debug][gc,director    ] Rule Minor: High Usage, Free: 11362MB(92,5%)
[3,602s][debug][gc,nmethod     ] Register NMethod: java.util.concurrent.CountedCompleter.addToPendingCount (0x00007a39d43b8e08) [0x00007a39d43b8f00, 0x00007a39d43b9008] Compiler: c1, Barriers: 0, Oops: 0, ImmediateOops: 0, NonImmediateOops: No
[3,602s][debug][gc,nmethod     ] Register NMethod: java.util.concurrent.ForkJoinTask.fork (0x00007a39d43b9108) [0x00007a39d43b9200, 0x00007a39d43b9c38] Compiler: c1, Barriers: 3, Oops: 1, ImmediateOops: 1, NonImmediateOops: No
[3,602s][debug][gc,nmethod     ] Register NMethod: java.util.ArrayList$ArrayListSpliterator.trySplit (0x00007a39d43b9c88) [0x00007a39d43b9d80, 0x00007a39d43ba078] Compiler: c1, Barriers: 0, Oops: 0, ImmediateOops: 0, NonImmediateOops: No
[3,603s][debug][gc,nmethod     ] Register NMethod: io.sirix.access.trx.page.NodePageTrx.lambda$parallelSerializationOfKeyValuePages$0 (0x00007a39d43ba088) [0x00007a39d43ba180, 0x00007a39d43ba468] Compiler: c1, Barriers: 0, Oops: 1, ImmediateOops: 0, NonImmediateOops: No
[3,603s][debug][gc,nmethod     ] Register NMethod: io.sirix.access.trx.page.NodePageTrx$$Lambda/0x00000000ba297380.test (0x00007a39d43ba488) [0x00007a39d43ba580, 0x00007a39d43bab08] Compiler: c1, Barriers: 0, Oops: 1, ImmediateOops: 0, NonImmediateOops: No
[3,603s][debug][gc,nmethod     ] Register NMethod: io.sirix.access.trx.page.NodePageTrx$$Lambda/0x00000000ba297138.apply (0x00007a39d43bab88) [0x00007a39d43bac80, 0x00007a39d43bb198] Compiler: c1, Barriers: 1, Oops: 1, ImmediateOops: 0, NonImmediateOops: No
[3,605s][debug][gc,nmethod     ] Register NMethod: java.util.concurrent.CountedCompleter.<init> (0x00007a39d43bb208) [0x00007a39d43bb300, 0x00007a39d43bb530] Compiler: c1, Barriers: 3, Oops: 0, ImmediateOops: 0, NonImmediateOops: No
[3,605s][debug][gc,nmethod     ] Register NMethod: java.util.stream.ForEachOps$ForEachTask.<init> (0x00007a39d43bb588) [0x00007a39d43bb680, 0x00007a39d43bbae8] Compiler: c1, Barriers: 14, Oops: 0, ImmediateOops: 0, NonImmediateOops: No
[3,605s][debug][gc,nmethod     ] Register NMethod: java.util.concurrent.CountedCompleter.propagateCompletion (0x00007a39d43bbb08) [0x00007a39d43bbc00, 0x00007a39d43bc3c8] Compiler: c1, Barriers: 1, Oops: 0, ImmediateOops: 0, NonImmediateOops: No
[3,606s][debug][gc,nmethod     ] Register NMethod: java.util.stream.ForEachOps$ForEachTask.compute (0x00007a39d43bc408) [0x00007a39d43bc500, 0x00007a39d43be398] Compiler: c1, Barriers: 21, Oops: 1, ImmediateOops: 1, NonImmediateOops: No
[3,606s][debug][gc,nmethod     ] Register NMethod: java.util.concurrent.CountedCompleter.exec (0x00007a39d43be408) [0x00007a39d43be500, 0x00007a39d43be650] Compiler: c1, Barriers: 0, Oops: 0, ImmediateOops: 0, NonImmediateOops: No
[3,606s][debug][gc,nmethod     ] Register NMethod: java.util.stream.AbstractPipeline.evaluate (0x00007a39d43be708) [0x00007a39d43be800, 0x00007a39d43bff90] Compiler: c1, Barriers: 1, Oops: 0, ImmediateOops: 0, NonImmediateOops: No
[3,606s][debug][gc,nmethod     ] Register NMethod: java.util.stream.ReferencePipeline.makeNodeBuilder (0x00007a39d43c0008) [0x00007a39d43c0100, 0x00007a39d43c0238] Compiler: c1, Barriers: 0, Oops: 0, ImmediateOops: 0, NonImmediateOops: No
[3,607s][debug][gc,nmethod     ] Register NMethod: java.util.ArrayList$ArrayListSpliterator.trySplit (0x00007a39d43c0308) [0x00007a39d43c0400, 0x00007a39d43c0990] Compiler: c1, Barriers: 5, Oops: 0, ImmediateOops: 0, NonImmediateOops: No
[3,607s][debug][gc,nmethod     ] Register NMethod: sun.security.provider.DigestBase.implCompressMultiBlockCheck (0x00007a39d43c0a08) [0x00007a39d43c0b00, 0x00007a39d43c0f10] Compiler: c1, Barriers: 0, Oops: 1, ImmediateOops: 1, NonImmediateOops: No
[3,607s][debug][gc,nmethod     ] Register NMethod: java.util.stream.Nodes.builder (0x00007a39d43c0f88) [0x00007a39d43c1080, 0x00007a39d43c1658] Compiler: c1, Barriers: 3, Oops: 0, ImmediateOops: 0, NonImmediateOops: No
[3,607s][debug][gc,nmethod     ] Register NMethod: java.util.stream.SpinedBuffer.capacity (0x00007a39d43c1688) [0x00007a39d43c1780, 0x00007a39d43c1a20] Compiler: c1, Barriers: 4, Oops: 0, ImmediateOops: 0, NonImmediateOops: No
[3,606s][debug][gc,alloc       ] Mutator Allocation Rate: 380,8MB/s Predicted: 397,8MB/s, Avg: 312,0(+/-56,0)MB/s
[3,608s][debug][gc,nmethod     ] Register NMethod: java.util.concurrent.CountedCompleter.weakCompareAndSetPendingCount (0x00007a39d43c1a88) [0x00007a39d43c1b80, 0x00007a39d43c1e90] Compiler: c1, Barriers: 0, Oops: 0, ImmediateOops: 1, NonImmediateOops: No
[3,608s][debug][gc,director    ] Rule Major: Warmup 10%, Used: 908MB, UsedThreshold: 1228MB
[3,608s][debug][gc,director    ] Rule Minor: High Usage, Free: 11338MB(92,3%)
[3,608s][debug][gc,nmethod     ] Register NMethod: com.google.common.hash.MessageDigestHashFunction$MessageDigestHasher.hash (0x00007a39d43c1f08) [0x00007a39d43c2000, 0x00007a39d43c4b00] Compiler: c1, Barriers: 13, Oops: 2, ImmediateOops: 2, NonImmediateOops: No
[3,608s][debug][gc,nmethod     ] Register NMethod: java.util.ArrayList.forEach (0x00007a39d43c4b88) [0x00007a39d43c4c80, 0x00007a39d43c5380] Compiler: c1, Barriers: 2, Oops: 0, ImmediateOops: 0, NonImmediateOops: No
[3,608s][debug][gc,nmethod     ] Register NMethod: io.sirix.io.bytepipe.ByteHandlerPipeline.serialize (0x00007a39d43c5388) [0x00007a39d43c5480, 0x00007a39d43c60a0] Compiler: c1, Barriers: 1, Oops: 1, ImmediateOops: 0, NonImmediateOops: No
[3,608s][debug][gc,nmethod     ] Register NMethod: java.util.stream.Nodes$SpinedNodeBuilder.copyInto (0x00007a39d43c6108) [0x00007a39d43c6200, 0x00007a39d43c6340] Compiler: c1, Barriers: 0, Oops: 0, ImmediateOops: 0, NonImmediateOops: No
[3,609s][debug][gc,nmethod     ] Register NMethod: java.util.stream.SpinedBuffer.copyInto (0x00007a39d43c6408) [0x00007a39d43c6500, 0x00007a39d43c70f8] Compiler: c1, Barriers: 7, Oops: 0, ImmediateOops: 1, NonImmediateOops: No
[3,609s][debug][gc,nmethod     ] Register NMethod: java.util.stream.Nodes$SpinedNodeBuilder.asArray (0x00007a39d43c7108) [0x00007a39d43c7200, 0x00007a39d43c7340] Compiler: c1, Barriers: 0, Oops: 0, ImmediateOops: 0, NonImmediateOops: No
[3,609s][debug][gc,nmethod     ] Register NMethod: java.util.stream.SpinedBuffer.asArray (0x00007a39d43c7408) [0x00007a39d43c7500, 0x00007a39d43c7ff0] Compiler: c1, Barriers: 1, Oops: 0, ImmediateOops: 1, NonImmediateOops: No
[3,609s][debug][gc,nmethod     ] Register NMethod: java.util.stream.Nodes$SpinedNodeBuilder.begin (0x00007a39d43c8008) [0x00007a39d43c8100, 0x00007a39d43c8618] Compiler: c1, Barriers: 0, Oops: 0, ImmediateOops: 0, NonImmediateOops: No
[3,609s][debug][gc,nmethod     ] Register NMethod: java.util.stream.Nodes$SpinedNodeBuilder.end (0x00007a39d43c8688) [0x00007a39d43c8780, 0x00007a39d43c8898] Compiler: c1, Barriers: 0, Oops: 0, ImmediateOops: 0, NonImmediateOops: No
[3,610s][debug][gc,nmethod     ] Register NMethod: java.util.stream.SpinedBuffer.clear (0x00007a39d43c8988) [0x00007a39d43c8a80, 0x00007a39d43c9500] Compiler: c1, Barriers: 19, Oops: 0, ImmediateOops: 0, NonImmediateOops: No
[3,610s][debug][gc,nmethod     ] Register NMethod: java.util.stream.SpinedBuffer.ensureCapacity (0x00007a39d43c9508) [0x00007a39d43c9600, 0x00007a39d43cae00] Compiler: c1, Barriers: 26, Oops: 0, ImmediateOops: 0, NonImmediateOops: No
[3,610s][debug][gc,nmethod     ] Register NMethod: java.util.stream.Nodes$SpinedNodeBuilder.build (0x00007a39d43cae08) [0x00007a39d43caf00, 0x00007a39d43cb010] Compiler: c1, Barriers: 0, Oops: 0, ImmediateOops: 0, NonImmediateOops: No
[3,610s][debug][gc,nmethod     ] Register NMethod: java.util.ArrayList.sortRange (0x00007a39d43cb108) [0x00007a39d43cb200, 0x00007a39d43cb430] Compiler: c1, Barriers: 1, Oops: 0, ImmediateOops: 0, NonImmediateOops: No
[3,610s][debug][gc,nmethod     ] Register NMethod: com.google.common.base.Preconditions.checkArgument (0x00007a39d43cb488) [0x00007a39d43cb580, 0x00007a39d43cbd38] Compiler: c1, Barriers: 4, Oops: 1, ImmediateOops: 1, NonImmediateOops: No
[3,610s][debug][gc,nmethod     ] Register NMethod: java.util.ArrayList.sort (0x00007a39d43cbd88) [0x00007a39d43cbe80, 0x00007a39d43cbfe0] Compiler: c1, Barriers: 0, Oops: 0, ImmediateOops: 0, NonImmediateOops: No
[3,611s][debug][gc,nmethod     ] Register NMethod: java.security.MessageDigest.update (0x00007a39d43cc088) [0x00007a39d43cc180, 0x00007a39d43cc8c0] Compiler: c1, Barriers: 1, Oops: 0, ImmediateOops: 2, NonImmediateOops: No
[3,613s][debug][gc,nmethod     ] Register NMethod: java.util.stream.ReferencePipeline$$Lambda/0x00000000ba241c58.apply (0x00007a39d43cc908) [0x00007a39d43cca00, 0x00007a39d43ccbe0] Compiler: c1, Barriers: 0, Oops: 0, ImmediateOops: 0, NonImmediateOops: No
[3,614s][debug][gc,nmethod     ] Register NMethod: com.google.common.hash.MessageDigestHashFunction.newHasher (0x00007a39d43ccc08) [0x00007a39d43ccd00, 0x00007a39d43ce1b0] Compiler: c1, Barriers: 15, Oops: 1, ImmediateOops: 2, NonImmediateOops: No
[3,614s][debug][gc,nmethod     ] Register NMethod: java.io.FilterOutputStream.close (0x00007a39d43ce208) [0x00007a39d43ce300, 0x00007a39d43cf2e8] Compiler: c1, Barriers: 4, Oops: 0, ImmediateOops: 0, NonImmediateOops: No
[3,614s][debug][gc,nmethod     ] Register NMethod: io.sirix.access.trx.page.NodePageTrx.lambda$parallelSerializationOfKeyValuePages$1 (0x00007a39d43cf308) [0x00007a39d43cf400, 0x00007a39d43cfec8] Compiler: c1, Barriers: 6, Oops: 2, ImmediateOops: 3, NonImmediateOops: No
[3,615s][debug][gc,nmethod     ] Register NMethod: java.util.stream.ReferencePipeline.lambda$toArray$0 (0x00007a39d43cff08) [0x00007a39d43d0000, 0x00007a39d43d0168] Compiler: c1, Barriers: 0, Oops: 0, ImmediateOops: 0, NonImmediateOops: No
[3,615s][debug][gc,nmethod     ] Register NMethod: java.util.stream.SortedOps$RefSortingSink$$Lambda/0x00000000ba250568.<init> (0x00007a39d43d0208) [0x00007a39d43d0300, 0x00007a39d43d04d0] Compiler: c1, Barriers: 3, Oops: 0, ImmediateOops: 0, NonImmediateOops: No
[3,615s][debug][gc,nmethod     ] Register NMethod: java.util.stream.SortedOps$RefSortingSink.begin (0x00007a39d43d0508) [0x00007a39d43d0600, 0x00007a39d43d0bc0] Compiler: c1, Barriers: 6, Oops: 0, ImmediateOops: 2, NonImmediateOops: No
[3,615s][debug][gc,nmethod     ] Register NMethod: java.util.stream.SortedOps$RefSortingSink.end (0x00007a39d43d0c08) [0x00007a39d43d0d00, 0x00007a39d43d2618] Compiler: c1, Barriers: 20, Oops: 1, ImmediateOops: 2, NonImmediateOops: No
[3,616s][debug][gc,nmethod     ] Register NMethod: io.sirix.access.trx.page.NodePageTrx$$Lambda/0x00000000ba2975d8.accept (0x00007a39d43d2688) [0x00007a39d43d2780, 0x00007a39d43d2b10] Compiler: c1, Barriers: 1, Oops: 1, ImmediateOops: 0, NonImmediateOops: No
[3,616s][debug][gc,nmethod     ] Register NMethod: java.lang.invoke.VarHandleInts$FieldInstanceReadOnly.getVolatile (0x00007a39d43d2b88) [0x00007a39d43d2c80, 0x00007a39d43d3670] Compiler: c1, Barriers: 1, Oops: 1, ImmediateOops: 0, NonImmediateOops: No
[3,616s][debug][gc,nmethod     ] Register NMethod: jdk.internal.foreign.ConfinedSession$ConfinedResourceList.cleanup (0x00007a39d43d3688) [0x00007a39d43d3780, 0x00007a39d43d3e30] Compiler: c1, Barriers: 5, Oops: 0, ImmediateOops: 4, NonImmediateOops: No
[3,616s][debug][gc,nmethod     ] Register NMethod: jdk.internal.foreign.ConfinedSession.justClose (0x00007a39d43d3e88) [0x00007a39d43d3f80, 0x00007a39d43d5838] Compiler: c1, Barriers: 3, Oops: 5, ImmediateOops: 7, NonImmediateOops: No
[3,617s][debug][gc,nmethod     ] Register NMethod: java.lang.invoke.Invokers$Holder.linkToTargetMethod (0x00007a39f2eed188) [0x00007a39f2eed280, 0x00007a39f2eed388] Compiler: jvmci, Barriers: 0, Oops: 0, ImmediateOops: 0, NonImmediateOops: No
[3,618s][debug][gc,nmethod     ] Register NMethod: io.sirix.io.filechannel.FileChannelWriter.write (0x00007a39d43d5888) [0x00007a39d43d5980, 0x00007a39d43d5c78] Compiler: c1, Barriers: 0, Oops: 1, ImmediateOops: 0, NonImmediateOops: No
[3,618s][debug][gc,nmethod     ] Register NMethod: io.sirix.io.filechannel.FileChannelWriter.write (0x00007a39d43d5c88) [0x00007a39d43d5d80, 0x00007a39d43d6028] Compiler: c1, Barriers: 0, Oops: 1, ImmediateOops: 0, NonImmediateOops: No
[3,618s][debug][gc,director    ] Rule Major: Warmup 10%, Used: 928MB, UsedThreshold: 1228MB
[3,618s][debug][gc,director    ] Rule Minor: High Usage, Free: 11318MB(92,1%)
[3,618s][debug][gc,nmethod     ] Register NMethod: io.sirix.io.filechannel.FileChannelWriter.getOffset (0x00007a39d43d6088) [0x00007a39d43d6180, 0x00007a39d43d6628] Compiler: c1, Barriers: 3, Oops: 1, ImmediateOops: 0, NonImmediateOops: No
[3,618s][debug][gc,nmethod     ] Register NMethod: io.sirix.access.trx.page.NodePageTrx.commit (0x00007a39d43d6688) [0x00007a39d43d6780, 0x00007a39d43d8a08] Compiler: c1, Barriers: 12, Oops: 1, ImmediateOops: 2, NonImmediateOops: No
[3,621s][debug][gc,nmethod     ] Register NMethod: io.sirix.page.SerializationType.writeHash (0x00007a39d43d8a88) [0x00007a39d43d8b80, 0x00007a39d43d9690] Compiler: c1, Barriers: 5, Oops: 1, ImmediateOops: 0, NonImmediateOops: No
[3,621s][debug][gc,nmethod     ] Register NMethod: io.sirix.page.SerializationType.writePageFragments (0x00007a39d43d9708) [0x00007a39d43d9800, 0x00007a39d43dacc8] Compiler: c1, Barriers: 5, Oops: 1, ImmediateOops: 0, NonImmediateOops: No
[3,622s][debug][gc,nmethod     ] Register NMethod: io.sirix.page.KeyValueLeafPage.commit (0x00007a39d43dad08) [0x00007a39d43dae00, 0x00007a39d43dcd28] Compiler: c1, Barriers: 5, Oops: 1, ImmediateOops: 2, NonImmediateOops: No
[3,628s][debug][gc,director    ] Rule Major: Warmup 10%, Used: 932MB, UsedThreshold: 1228MB
[3,628s][debug][gc,director    ] Rule Minor: High Usage, Free: 11314MB(92,1%)
[3,638s][debug][gc,director    ] Rule Major: Warmup 10%, Used: 932MB, UsedThreshold: 1228MB
[3,638s][debug][gc,director    ] Rule Minor: High Usage, Free: 11314MB(92,1%)
[3,641s][debug][gc,nmethod     ] Register NMethod: com.github.benmanes.caffeine.cache.PSMW.newNode (0x00007a39d43dcd88) [0x00007a39d43dce80, 0x00007a39d43dd030] Compiler: c1, Barriers: 0, Oops: 1, ImmediateOops: 0, NonImmediateOops: No
[3,641s][debug][gc,nmethod     ] Register NMethod: com.github.benmanes.caffeine.cache.BoundedLocalCache$EntryIterator.hasNext (0x00007a39f2eed488) [0x00007a39f2eed580, 0x00007a39f2eede08] Compiler: jvmci, Barriers: 28, Oops: 1, ImmediateOops: 2, NonImmediateOops: No
[3,642s][debug][gc,nmethod     ] Register NMethod: com.github.benmanes.caffeine.cache.PSMW.<init> (0x00007a39d43dd088) [0x00007a39d43dd180, 0x00007a39d43df5c8] Compiler: c1, Barriers: 6, Oops: 9, ImmediateOops: 16, NonImmediateOops: No
[3,643s][debug][gc,nmethod     ] Register NMethod: com.github.benmanes.caffeine.cache.BoundedLocalCache.refreshIfNeeded (0x00007a39d43df688) [0x00007a39d43df780, 0x00007a39d43dfac0] Compiler: c1, Barriers: 0, Oops: 1, ImmediateOops: 0, NonImmediateOops: No
[3,644s][debug][gc,nmethod     ] Register NMethod: com.github.benmanes.caffeine.cache.BLCHeader$DrainStatusRef.shouldDrainBuffers (0x00007a39d43dfb08) [0x00007a39d43dfc00, 0x00007a39d43e0ed8] Compiler: c1, Barriers: 0, Oops: 6, ImmediateOops: 6, NonImmediateOops: No
[3,644s][debug][gc,nmethod     ] Register NMethod: io.sirix.page.NamePage.getCurrentMaxLevelOfIndirectPages (0x00007a39d43e0f88) [0x00007a39d43e1080, 0x00007a39d43e1228] Compiler: c1, Barriers: 1, Oops: 1, ImmediateOops: 0, NonImmediateOops: No
[3,646s][debug][gc,nmethod     ] Register NMethod: io.sirix.access.trx.page.AbstractForwardingPageReadOnlyTrx.getCurrentMaxIndirectPageTreeLevel (0x00007a39d43e1288) [0x00007a39d43e1380, 0x00007a39d43e1530] Compiler: c1, Barriers: 1, Oops: 1, ImmediateOops: 0, NonImmediateOops: No
[3,646s][debug][gc,nmethod     ] Register NMethod: io.sirix.page.PageFragmentKeyImpl.key (0x00007a39f2eede88) [0x00007a39f2eedf80, 0x00007a39f2eee040] Compiler: c1, Barriers: 0, Oops: 1, ImmediateOops: 0, NonImmediateOops: No
[3,647s][debug][gc,nmethod     ] Register NMethod: io.sirix.index.path.summary.PathSummaryReader.lambda$new$0 (0x00007a39d43e1588) [0x00007a39d43e1680, 0x00007a39d43e1b18] Compiler: c1, Barriers: 3, Oops: 1, ImmediateOops: 0, NonImmediateOops: No
[3,647s][debug][gc,nmethod     ] Register NMethod: io.sirix.index.path.summary.PathSummaryReader$$Lambda/0x00000000ba2c4450.apply (0x00007a39d43e1b88) [0x00007a39d43e1c80, 0x00007a39d43e23a0] Compiler: c1, Barriers: 3, Oops: 1, ImmediateOops: 0, NonImmediateOops: No
[3,648s][debug][gc,nmethod     ] Register NMethod: io.sirix.access.trx.page.TreeModifierImpl.prepareLeafOfTree (0x00007a39d43e2408) [0x00007a39d43e2500, 0x00007a39d43e5e38] Compiler: c1, Barriers: 20, Oops: 1, ImmediateOops: 2, NonImmediateOops: No
[3,648s][debug][gc,nmethod     ] Register NMethod: io.sirix.access.trx.page.NodePageTrx.lambda$prepareRecordPage$0 (0x00007a39d43e5e88) [0x00007a39d43e5f80, 0x00007a39d43ebd48] Compiler: c1, Barriers: 26, Oops: 2, ImmediateOops: 15, NonImmediateOops: No
[3,648s][debug][gc,director    ] Rule Major: Warmup 10%, Used: 934MB, UsedThreshold: 1228MB
[3,648s][debug][gc,director    ] Rule Minor: High Usage, Free: 11312MB(92,1%)
[3,650s][debug][gc,nmethod     ] Register NMethod: org.gradle.internal.io.BufferCaster.cast (0x00007a39d43ebd88) [0x00007a39d43ebe80, 0x00007a39d43ebf60] Compiler: c1, Barriers: 0, Oops: 1, ImmediateOops: 0, NonImmediateOops: No
[3,650s][debug][gc,nmethod     ] Register NMethod: org.gradle.api.internal.tasks.testing.DefaultTestOutputEvent.getLogTime (0x00007a39f2eee188) [0x00007a39f2eee280, 0x00007a39f2eee340] Compiler: c1, Barriers: 0, Oops: 1, ImmediateOops: 0, NonImmediateOops: No
[3,650s][debug][gc,nmethod     ] Register NMethod: org.gradle.api.internal.tasks.testing.DefaultTestOutputEvent.getDestination (0x00007a39f2eee488) [0x00007a39f2eee580, 0x00007a39f2eee668] Compiler: c1, Barriers: 1, Oops: 1, ImmediateOops: 0, NonImmediateOops: No
[3,650s][debug][gc,nmethod     ] Register NMethod: org.gradle.api.internal.tasks.testing.DefaultTestOutputEvent.getMessage (0x00007a39f2eee788) [0x00007a39f2eee880, 0x00007a39f2eee968] Compiler: c1, Barriers: 1, Oops: 1, ImmediateOops: 0, NonImmediateOops: No
[3,650s][debug][gc,nmethod     ] Register NMethod: sun.nio.ch.SocketDispatcher.write0 (0x00007a39f2eeea88) [0x00007a39f2eeeb80, 0x00007a39f2eeecf0] Compiler: , Barriers: 0, Oops: 0, ImmediateOops: 1, NonImmediateOops: No
[3,650s][debug][gc,nmethod     ] Register NMethod: jdk.internal.event.SocketWriteEvent.enabled (0x00007a39f2eeed88) [0x00007a39f2eeee80, 0x00007a39f2eeef20] Compiler: c1, Barriers: 0, Oops: 0, ImmediateOops: 0, NonImmediateOops: No
[3,650s][debug][gc,nmethod     ] Register NMethod: sun.nio.fs.UnixNativeDispatcher.open (0x00007a39d43ec088) [0x00007a39d43ec180, 0x00007a39d43ec7d8] Compiler: c1, Barriers: 0, Oops: 0, ImmediateOops: 0, NonImmediateOops: No
[3,650s][debug][gc,nmethod     ] Register NMethod: java.util.concurrent.ForkJoinPool$WorkQueue.unlockPhase (0x00007a39f2eef088) [0x00007a39f2eef180, 0x00007a39f2eef210] Compiler: jvmci, Barriers: 0, Oops: 0, ImmediateOops: 0, NonImmediateOops: No
[3,651s][debug][gc,nmethod     ] Register NMethod: java.lang.Math.addExact (0x00007a39d43ec808) [0x00007a39d43ec900, 0x00007a39d43ecae8] Compiler: c1, Barriers: 0, Oops: 0, ImmediateOops: 1, NonImmediateOops: No
[3,651s][debug][gc,nmethod     ] Register NMethod: io.sirix.page.UberPage.getRevisionNumber (0x00007a39d43ecb08) [0x00007a39d43ecc00, 0x00007a39d43ecd08] Compiler: c1, Barriers: 0, Oops: 1, ImmediateOops: 0, NonImmediateOops: No
[3,651s][debug][gc,nmethod     ] Register NMethod: java.nio.HeapByteBuffer.get (0x00007a39d43ece08) [0x00007a39d43ecf00, 0x00007a39d43ed340] Compiler: c1, Barriers: 1, Oops: 1, ImmediateOops: 1, NonImmediateOops: No
[3,651s][debug][gc,nmethod     ] Register NMethod: java.lang.invoke.DirectMethodHandle$Holder.invokeStatic (0x00007a39d43ed388) [0x00007a39d43ed480, 0x00007a39d43ed848] Compiler: c1, Barriers: 1, Oops: 0, ImmediateOops: 0, NonImmediateOops: No
[3,651s][debug][gc,nmethod     ] Register NMethod: sun.nio.fs.UnixFileModeAttribute.toUnixMode (0x00007a39d43ed888) [0x00007a39d43ed980, 0x00007a39d43ef678] Compiler: c1, Barriers: 1, Oops: 2, ImmediateOops: 5, NonImmediateOops: No
[3,652s][debug][gc,nmethod     ] Register NMethod: java.lang.invoke.MethodHandleImpl.profileBoolean (0x00007a39d43ef708) [0x00007a39d43ef800, 0x00007a39d43efbc8] Compiler: c1, Barriers: 0, Oops: 0, ImmediateOops: 1, NonImmediateOops: No
[3,653s][debug][gc,nmethod     ] Register NMethod: java.util.Collections$EmptySet.iterator (0x00007a39d43efc08) [0x00007a39d43efd00, 0x00007a39d43efe60] Compiler: c1, Barriers: 0, Oops: 0, ImmediateOops: 1, NonImmediateOops: No
[3,653s][debug][gc,nmethod     ] Register NMethod: com.github.benmanes.caffeine.cache.SSMS.frequencySketch (0x00007a39f2eef388) [0x00007a39f2eef480, 0x00007a39f2eef570] Compiler: c1, Barriers: 1, Oops: 1, ImmediateOops: 0, NonImmediateOops: No
[3,653s][debug][gc,nmethod     ] Register NMethod: io.sirix.access.trx.node.AbstractResourceSession.getMostRecentRevisionNumber (0x00007a39d43eff08) [0x00007a39d43f0000, 0x00007a39d43f08d8] Compiler: c1, Barriers: 2, Oops: 1, ImmediateOops: 1, NonImmediateOops: No
[3,654s][debug][gc,nmethod     ] Register NMethod: com.github.benmanes.caffeine.cache.RemovalCause$2.wasEvicted (0x00007a39f2eef688) [0x00007a39f2eef780, 0x00007a39f2eef840] Compiler: c1, Barriers: 0, Oops: 1, ImmediateOops: 0, NonImmediateOops: No
[3,654s][debug][gc,nmethod     ] Register NMethod: com.github.benmanes.caffeine.cache.BoundedLocalCache.isAsync (0x00007a39f2eef988) [0x00007a39f2eefa80, 0x00007a39f2eefb48] Compiler: c1, Barriers: 0, Oops: 1, ImmediateOops: 0, NonImmediateOops: No
[3,656s][debug][gc,nmethod     ] Register NMethod: io.brackit.query.compiler.AST.<init> (0x00007a39d43f0908) [0x00007a39d43f0a00, 0x00007a39d43f0bd8] Compiler: c1, Barriers: 3, Oops: 1, ImmediateOops: 0, NonImmediateOops: No
[3,656s][debug][gc,nmethod     ] Register NMethod: io.brackit.query.compiler.AST.addChild (0x00007a39d43f0c08) [0x00007a39d43f0d00, 0x00007a39d43f1c78] Compiler: c1, Barriers: 17, Oops: 1, ImmediateOops: 0, NonImmediateOops: No
[3,656s][debug][gc,nmethod     ] Register NMethod: io.brackit.query.compiler.AST.<init> (0x00007a39d43f1c88) [0x00007a39d43f1d80, 0x00007a39d43f2010] Compiler: c1, Barriers: 4, Oops: 1, ImmediateOops: 1, NonImmediateOops: No
[3,656s][debug][gc,nmethod     ] Register NMethod: io.brackit.query.compiler.parser.Tokenizer.consume (0x00007a39d43f2088) [0x00007a39d43f2180, 0x00007a39d43f30a0] Compiler: c1, Barriers: 3, Oops: 3, ImmediateOops: 5, NonImmediateOops: No
[3,656s][debug][gc,nmethod     ] Register NMethod: io.brackit.query.compiler.AST.<init> (0x00007a39d43f3108) [0x00007a39d43f3200, 0x00007a39d43f34c0] Compiler: c1, Barriers: 9, Oops: 1, ImmediateOops: 0, NonImmediateOops: No
[3,656s][debug][gc,nmethod     ] Register NMethod: io.brackit.query.compiler.parser.Tokenizer.la (0x00007a39d43f3508) [0x00007a39d43f3600, 0x00007a39d43f4760] Compiler: c1, Barriers: 7, Oops: 2, ImmediateOops: 2, NonImmediateOops: No
[3,656s][debug][gc,nmethod     ] Register NMethod: io.brackit.query.compiler.AST.copyTree (0x00007a39d43f4788) [0x00007a39d43f4880, 0x00007a39d43f50d8] Compiler: c1, Barriers: 15, Oops: 1, ImmediateOops: 0, NonImmediateOops: No
[3,657s][debug][gc,nmethod     ] Register NMethod: io.brackit.query.compiler.AST.copy (0x00007a39d43f5108) [0x00007a39d43f5200, 0x00007a39d43f5a40] Compiler: c1, Barriers: 12, Oops: 1, ImmediateOops: 0, NonImmediateOops: No
[3,657s][debug][gc,nmethod     ] Register NMethod: io.brackit.query.compiler.optimizer.walker.topdown.TopDownPipeline.visit (0x00007a39d43f5a88) [0x00007a39d43f5b80, 0x00007a39d43f6390] Compiler: c1, Barriers: 9, Oops: 1, ImmediateOops: 1, NonImmediateOops: No
[3,657s][debug][gc,nmethod     ] Register NMethod: io.brackit.query.compiler.optimizer.walker.DoSNStepMerger.visit (0x00007a39d43f6408) [0x00007a39d43f6500, 0x00007a39d43f75e8] Compiler: c1, Barriers: 14, Oops: 1, ImmediateOops: 1, NonImmediateOops: No
[3,657s][debug][gc,nmethod     ] Register NMethod: io.brackit.query.compiler.optimizer.walker.topdown.PredicateSplit.visit (0x00007a39d43f7608) [0x00007a39d43f7700, 0x00007a39d43f8070] Compiler: c1, Barriers: 4, Oops: 1, ImmediateOops: 1, NonImmediateOops: No
[3,657s][debug][gc,nmethod     ] Register NMethod: io.brackit.query.compiler.optimizer.walker.topdown.LetBindToLeftJoin.visit (0x00007a39d43f8088) [0x00007a39d43f8180, 0x00007a39d43f8430] Compiler: c1, Barriers: 0, Oops: 1, ImmediateOops: 0, NonImmediateOops: No
[3,657s][debug][gc,nmethod     ] Register NMethod: io.brackit.query.compiler.optimizer.walker.topdown.ScopeWalker.stepExpr (0x00007a39d43f8488) [0x00007a39d43f8580, 0x00007a39d43f9358] Compiler: c1, Barriers: 22, Oops: 4, ImmediateOops: 4, NonImmediateOops: No
[3,658s][debug][gc,nmethod     ] Register NMethod: io.brackit.query.compiler.optimizer.walker.topdown.SelectPullup.visit (0x00007a39d43f9388) [0x00007a39d43f9480, 0x00007a39d43fadd0] Compiler: c1, Barriers: 8, Oops: 1, ImmediateOops: 0, NonImmediateOops: No
[3,658s][debug][gc,nmethod     ] Register NMethod: io.brackit.query.compiler.optimizer.walker.topdown.JoinRewriter.visit (0x00007a39d43fae08) [0x00007a39d43faf00, 0x00007a39d43fce08] Compiler: c1, Barriers: 9, Oops: 1, ImmediateOops: 0, NonImmediateOops: No
[3,658s][debug][gc,nmethod     ] Register NMethod: io.sirix.access.trx.page.NodePageTrx$$Lambda/0x00000000ba28d158.apply (0x00007a39f2eefc88) [0x00007a39f2eefd80, 0x00007a39f2ef0898] Compiler: jvmci, Barriers: 13, Oops: 2, ImmediateOops: 2, NonImmediateOops: No
[3,658s][debug][gc,nmethod     ] Register NMethod: io.brackit.query.compiler.optimizer.walker.topdown.PredicateMerge.visit (0x00007a39d43fce88) [0x00007a39d43fcf80, 0x00007a39d43fd6d0] Compiler: c1, Barriers: 4, Oops: 1, ImmediateOops: 1, NonImmediateOops: No
[3,658s][debug][gc,nmethod     ] Register NMethod: io.brackit.query.compiler.optimizer.walker.topdown.LeftJoinUnnesting.visit (0x00007a39d43fd708) [0x00007a39d43fd800, 0x00007a39d43fdf80] Compiler: c1, Barriers: 5, Oops: 1, ImmediateOops: 1, NonImmediateOops: No
[3,658s][debug][gc,nmethod     ] Register NMethod: io.brackit.query.compiler.optimizer.walker.topdown.LeftJoinRemoval.visit (0x00007a39d43fe008) [0x00007a39d43fe100, 0x00007a39d43ff8b8] Compiler: c1, Barriers: 7, Oops: 1, ImmediateOops: 2, NonImmediateOops: No
[3,658s][debug][gc,director    ] Rule Major: Warmup 10%, Used: 936MB, UsedThreshold: 1228MB
[3,658s][debug][gc,director    ] Rule Minor: High Usage, Free: 11310MB(92,0%)
[3,658s][debug][gc,nmethod     ] Register NMethod: io.brackit.query.compiler.optimizer.walker.topdown.JoinToSelectConversion.visit (0x00007a39d43ff908) [0x00007a39d43ffa00, 0x00007a39d4401030] Compiler: c1, Barriers: 17, Oops: 2, ImmediateOops: 4, NonImmediateOops: No
[3,659s][debug][gc,nmethod     ] Register NMethod: io.sirix.access.trx.page.NodePageTrx.lambda$getPageContainer$0 (0x00007a39f2ef0908) [0x00007a39f2ef0a00, 0x00007a39f2ef1478] Compiler: jvmci, Barriers: 11, Oops: 2, ImmediateOops: 2, NonImmediateOops: No
[3,659s][debug][gc,nmethod     ] Register NMethod: io.brackit.query.compiler.optimizer.walker.topdown.GroupByAggregates.visit (0x00007a39d4401088) [0x00007a39d4401180, 0x00007a39d44029a8] Compiler: c1, Barriers: 7, Oops: 1, ImmediateOops: 1, NonImmediateOops: No
[3,659s][debug][gc,nmethod     ] Register NMethod: io.brackit.query.compiler.optimizer.walker.topdown.LeftJoinLifting.visit (0x00007a39d4402a08) [0x00007a39d4402b00, 0x00007a39d4406248] Compiler: c1, Barriers: 35, Oops: 5, ImmediateOops: 11, NonImmediateOops: No
[3,659s][debug][gc,nmethod     ] Register NMethod: io.brackit.query.compiler.optimizer.walker.PathDDOElimination.visit (0x00007a39d4406288) [0x00007a39d4406380, 0x00007a39d4408918] Compiler: c1, Barriers: 16, Oops: 4, ImmediateOops: 6, NonImmediateOops: No
[3,660s][debug][gc,nmethod     ] Register NMethod: io.brackit.query.compiler.optimizer.walker.topdown.TrivialLeftJoinRemoval.visit (0x00007a39d4408988) [0x00007a39d4408a80, 0x00007a39d440b3e8] Compiler: c1, Barriers: 25, Oops: 2, ImmediateOops: 5, NonImmediateOops: No
[3,660s][debug][gc,nmethod     ] Register NMethod: io.sirix.query.compiler.optimizer.walker.json.JsonObjectKeyNameStep.visit (0x00007a39d440b408) [0x00007a39d440b500, 0x00007a39d440b8f8] Compiler: c1, Barriers: 0, Oops: 1, ImmediateOops: 0, NonImmediateOops: No
[3,660s][debug][gc,nmethod     ] Register NMethod: io.sirix.query.compiler.optimizer.walker.json.JsonPathStep.visit (0x00007a39d440b908) [0x00007a39d440ba00, 0x00007a39d440be48] Compiler: c1, Barriers: 0, Oops: 1, ImmediateOops: 0, NonImmediateOops: No
[3,660s][debug][gc,nmethod     ] Register NMethod: io.brackit.query.compiler.optimizer.walker.topdown.JoinGroupDemarcation.visit (0x00007a39d440be88) [0x00007a39d440bf80, 0x00007a39d440e5a8] Compiler: c1, Barriers: 27, Oops: 2, ImmediateOops: 3, NonImmediateOops: No
[3,660s][debug][gc,nmethod     ] Register NMethod: io.brackit.query.compiler.translator.Binding.isReferenced (0x00007a39d440e608) [0x00007a39d440e700, 0x00007a39d440e850] Compiler: c1, Barriers: 0, Oops: 1, ImmediateOops: 0, NonImmediateOops: No
[3,660s][debug][gc,nmethod     ] Register NMethod: io.brackit.query.expr.BoundVariable.isUpdating (0x00007a39f2ef1508) [0x00007a39f2ef1600, 0x00007a39f2ef16c0] Compiler: c1, Barriers: 0, Oops: 1, ImmediateOops: 0, NonImmediateOops: No
[3,660s][debug][gc,nmethod     ] Register NMethod: io.sirix.query.compiler.optimizer.walker.json.JsonCASStep.visit (0x00007a39d440e908) [0x00007a39d440ea00, 0x00007a39d4410a08] Compiler: c1, Barriers: 6, Oops: 1, ImmediateOops: 8, NonImmediateOops: No
[3,661s][debug][gc,nmethod     ] Register NMethod: io.brackit.query.compiler.optimizer.walker.topdown.PullEvaluation.visit (0x00007a39d4410a88) [0x00007a39d4410b80, 0x00007a39d4413da8] Compiler: c1, Barriers: 39, Oops: 2, ImmediateOops: 8, NonImmediateOops: No
[3,661s][debug][gc,nmethod     ] Register NMethod: io.sirix.axis.AttributeAxis.<init> (0x00007a39d4413e08) [0x00007a39d4413f00, 0x00007a39d4414030] Compiler: c1, Barriers: 0, Oops: 1, ImmediateOops: 0, NonImmediateOops: No
[3,661s][debug][gc,nmethod     ] Register NMethod: io.brackit.query.atomic.Str.type (0x00007a39d4414108) [0x00007a39d4414200, 0x00007a39d4414308] Compiler: c1, Barriers: 0, Oops: 1, ImmediateOops: 1, NonImmediateOops: No
[3,661s][debug][gc,nmethod     ] Register NMethod: io.sirix.node.xml.AttributeNode.<init> (0x00007a39d4414408) [0x00007a39d4414500, 0x00007a39d44147e8] Compiler: c1, Barriers: 3, Oops: 1, ImmediateOops: 0, NonImmediateOops: No
[3,661s][debug][gc,nmethod     ] Register NMethod: io.brackit.query.atomic.AbstractAtomic.eq (0x00007a39d4414808) [0x00007a39d4414900, 0x00007a39d4414c48] Compiler: c1, Barriers: 0, Oops: 1, ImmediateOops: 0, NonImmediateOops: No
[3,661s][debug][gc,nmethod     ] Register NMethod: io.sirix.access.trx.node.xml.XmlNodeReadOnlyTrxImpl.getAttributeKey (0x00007a39d4414c88) [0x00007a39d4414d80, 0x00007a39d4415f68] Compiler: c1, Barriers: 2, Oops: 1, ImmediateOops: 3, NonImmediateOops: No
[3,661s][debug][gc,nmethod     ] Register NMethod: io.sirix.query.compiler.translator.SirixTranslator$Attribute.performStep (0x00007a39d4415f88) [0x00007a39d4416080, 0x00007a39d4417378] Compiler: c1, Barriers: 9, Oops: 1, ImmediateOops: 0, NonImmediateOops: No
[3,661s][debug][gc,nmethod     ] Register NMethod: io.brackit.query.util.Cmp.gCmpAsBool (0x00007a39d4417388) [0x00007a39d4417480, 0x00007a39d4417870] Compiler: c1, Barriers: 0, Oops: 1, ImmediateOops: 2, NonImmediateOops: No
[3,661s][debug][gc,nmethod     ] Register NMethod: io.brackit.query.atomic.Una.cmp (0x00007a39d4417888) [0x00007a39d4417980, 0x00007a39d4418d00] Compiler: c1, Barriers: 8, Oops: 2, ImmediateOops: 2, NonImmediateOops: No
[3,662s][debug][gc,nmethod     ] Register NMethod: io.brackit.query.function.AbstractFunction.getSignature (0x00007a39f2ef1808) [0x00007a39f2ef1900, 0x00007a39f2ef19e8] Compiler: c1, Barriers: 1, Oops: 1, ImmediateOops: 0, NonImmediateOops: No
[3,662s][debug][gc,nmethod     ] Register NMethod: io.sirix.node.NodeKind$2.deserialize (0x00007a39d4418d88) [0x00007a39d4418e80, 0x00007a39d441b1e0] Compiler: c1, Barriers: 20, Oops: 3, ImmediateOops: 6, NonImmediateOops: No
[3,663s][debug][gc,nmethod     ] Register NMethod: io.brackit.query.jdm.Signature.getParams (0x00007a39f2ef1b08) [0x00007a39f2ef1c00, 0x00007a39f2ef1ce8] Compiler: c1, Barriers: 1, Oops: 1, ImmediateOops: 0, NonImmediateOops: No
[3,663s][debug][gc,nmethod     ] Register NMethod: io.brackit.query.expr.PredicateExpr$DependentFilterSeq$1.next (0x00007a39d441b208) [0x00007a39d441b300, 0x00007a39d441c940] Compiler: c1, Barriers: 21, Oops: 1, ImmediateOops: 2, NonImmediateOops: No
[3,663s][debug][gc,nmethod     ] Register NMethod: io.brackit.query.function.AbstractFunction.isBuiltIn (0x00007a39f2ef1e08) [0x00007a39f2ef1f00, 0x00007a39f2ef1fc0] Compiler: c1, Barriers: 0, Oops: 1, ImmediateOops: 0, NonImmediateOops: No
[3,663s][debug][gc,nmethod     ] Register NMethod: io.brackit.query.util.Cmp.compareLeftAndRightAtomic (0x00007a39d441c988) [0x00007a39d441ca80, 0x00007a39d441f0d0] Compiler: c1, Barriers: 7, Oops: 3, ImmediateOops: 5, NonImmediateOops: No
[3,663s][debug][gc,nmethod     ] Register NMethod: io.brackit.query.operator.ForBind$ForBindCursor.next (0x00007a39d441f108) [0x00007a39d441f200, 0x00007a39d4421d48] Compiler: c1, Barriers: 48, Oops: 1, ImmediateOops: 1, NonImmediateOops: No
[3,664s][debug][gc,nmethod     ] Register NMethod: io.brackit.query.jdm.type.AnyItemType.isAnyItem (0x00007a39f2ef2108) [0x00007a39f2ef2200, 0x00007a39f2ef22c0] Compiler: c1, Barriers: 0, Oops: 1, ImmediateOops: 0, NonImmediateOops: No
[3,664s][debug][gc,nmethod     ] Register NMethod: io.brackit.query.jdm.type.SequenceType.getCardinality (0x00007a39f2ef2408) [0x00007a39f2ef2500, 0x00007a39f2ef25e8] Compiler: c1, Barriers: 1, Oops: 1, ImmediateOops: 0, NonImmediateOops: No
[3,664s][debug][gc,nmethod     ] Register NMethod: io.brackit.query.operator.TupleImpl.concat (0x00007a39d4421d88) [0x00007a39d4421e80, 0x00007a39d4422dd0] Compiler: c1, Barriers: 10, Oops: 1, ImmediateOops: 0, NonImmediateOops: No
[3,666s][debug][gc,nmethod     ] Register NMethod: io.sirix.access.trx.page.NodePageReadOnlyTrx.getLeafPageReference (0x00007a39f2ef2708) [0x00007a39f2ef2800, 0x00007a39f2ef3cf0] Compiler: jvmci, Barriers: 32, Oops: 2, ImmediateOops: 2, NonImmediateOops: No
[3,668s][debug][gc,nmethod     ] Register NMethod: io.brackit.query.expr.PredicateExpr$DependentFilterSeq$1.<init> (0x00007a39d4422e08) [0x00007a39d4422f00, 0x00007a39d4423130] Compiler: c1, Barriers: 3, Oops: 1, ImmediateOops: 0, NonImmediateOops: No
[3,668s][debug][gc,nmethod     ] Register NMethod: io.brackit.query.expr.PredicateExpr$DependentFilterSeq.iterate (0x00007a39d4423188) [0x00007a39d4423280, 0x00007a39d4423568] Compiler: c1, Barriers: 3, Oops: 1, ImmediateOops: 0, NonImmediateOops: No
[3,668s][debug][gc,nmethod     ] Register NMethod: io.brackit.query.expr.PredicateExpr$DependentFilterSeq$1.close (0x00007a39d4423588) [0x00007a39d4423680, 0x00007a39d44239e8] Compiler: c1, Barriers: 1, Oops: 1, ImmediateOops: 0, NonImmediateOops: No
[3,668s][debug][gc,nmethod     ] Register NMethod: io.brackit.query.expr.PredicateExpr$DependentFilterSeq.<init> (0x00007a39d4423a08) [0x00007a39d4423b00, 0x00007a39d4424270] Compiler: c1, Barriers: 16, Oops: 1, ImmediateOops: 2, NonImmediateOops: No
[3,668s][debug][gc,nmethod     ] Register NMethod: com.github.benmanes.caffeine.cache.SSLMW.missesInSample (0x00007a39f2ef3d08) [0x00007a39f2ef3e00, 0x00007a39f2ef3ec0] Compiler: c1, Barriers: 0, Oops: 1, ImmediateOops: 0, NonImmediateOops: No
[3,669s][debug][gc,director    ] Rule Major: Warmup 10%, Used: 942MB, UsedThreshold: 1228MB
[3,669s][debug][gc,director    ] Rule Minor: High Usage, Free: 11304MB(92,0%)
[3,669s][debug][gc,nmethod     ] Register NMethod: io.sirix.access.trx.page.NodePageReadOnlyTrx.getReferenceToLeafOfSubtree (0x00007a39f2ef4008) [0x00007a39f2ef4100, 0x00007a39f2ef55f0] Compiler: jvmci, Barriers: 32, Oops: 2, ImmediateOops: 2, NonImmediateOops: No
[3,669s][debug][gc,nmethod     ] Register NMethod: jdk.internal.misc.Unsafe.weakCompareAndSetLongRelease (0x00007a39f2ef5608) [0x00007a39f2ef5700, 0x00007a39f2ef5790] Compiler: jvmci, Barriers: 0, Oops: 0, ImmediateOops: 0, NonImmediateOops: No
[3,673s][debug][gc,nmethod     ] Register NMethod: io.sirix.settings.VersioningType$4.combineRecordPages (0x00007a39f2ef5908) [0x00007a39f2ef5a00, 0x00007a39f2eff148] Compiler: jvmci, Barriers: 139, Oops: 5, ImmediateOops: 2, NonImmediateOops: No
[3,674s][debug][gc,nmethod     ] Register NMethod: com.github.benmanes.caffeine.cache.BoundedLocalCache.tryExpireAfterRead (0x00007a39d4424288) [0x00007a39d4424380, 0x00007a39d44246a8] Compiler: c1, Barriers: 0, Oops: 1, ImmediateOops: 0, NonImmediateOops: No
[3,674s][debug][gc,nmethod     ] Register NMethod: io.sirix.node.json.JsonNodeSerializer.readSizePrefix (0x00007a39f2eff188) [0x00007a39f2eff280, 0x00007a39f2eff6b0] Compiler: jvmci, Barriers: 4, Oops: 3, ImmediateOops: 0, NonImmediateOops: No
[3,675s][debug][gc,nmethod     ] Register NMethod: io.brackit.query.jdm.AbstractItem$1.close (0x00007a39f2eff708) [0x00007a39f2eff800, 0x00007a39f2eff880] Compiler: jvmci, Barriers: 0, Oops: 1, ImmediateOops: 0, NonImmediateOops: No
[3,676s][debug][gc,nmethod     ] Register NMethod: com.github.benmanes.caffeine.cache.PSMW.setQueueType (0x00007a39f2effa08) [0x00007a39f2effb00, 0x00007a39f2effbc0] Compiler: c1, Barriers: 0, Oops: 1, ImmediateOops: 0, NonImmediateOops: No
[3,679s][debug][gc,director    ] Rule Major: Warmup 10%, Used: 948MB, UsedThreshold: 1228MB
[3,679s][debug][gc,director    ] Rule Minor: High Usage, Free: 11298MB(91,9%)
[3,681s][debug][gc,nmethod     ] Register NMethod: io.sirix.page.PageUtils.fixupPageReferenceIds (0x00007a39d4424708) [0x00007a39d4424800, 0x00007a39d44258e8] Compiler: c1, Barriers: 0, Oops: 1, ImmediateOops: 0, NonImmediateOops: No
[3,682s][debug][gc,nmethod     ] Register NMethod: io.sirix.index.name.Names.getName (0x00007a39f2effd08) [0x00007a39f2effe00, 0x00007a39f2f01130] Compiler: jvmci, Barriers: 13, Oops: 2, ImmediateOops: 1, NonImmediateOops: No
[3,684s][debug][gc,nmethod     ] Register NMethod: io.sirix.page.KeyValueLeafPage.getActualMemorySize (0x00007a39d4425908) [0x00007a39d4425a00, 0x00007a39d4425fe8] Compiler: c1, Barriers: 2, Oops: 1, ImmediateOops: 0, NonImmediateOops: No
[3,684s][debug][gc,nmethod     ] Register NMethod: io.sirix.page.KeyValueLeafPage.newInstance (0x00007a39d4426008) [0x00007a39d4426100, 0x00007a39d4426cb0] Compiler: c1, Barriers: 1, Oops: 2, ImmediateOops: 3, NonImmediateOops: No
[3,685s][debug][gc,nmethod     ] Register NMethod: io.sirix.node.xml.AttributeNode.getPrefixKey (0x00007a39f2f01188) [0x00007a39f2f01280, 0x00007a39f2f01660] Compiler: jvmci, Barriers: 4, Oops: 3, ImmediateOops: 0, NonImmediateOops: No
[3,687s][debug][gc,nmethod     ] Register NMethod: io.sirix.page.KeyValueLeafPage.size (0x00007a39d4426d08) [0x00007a39d4426e00, 0x00007a39d44271c8] Compiler: c1, Barriers: 2, Oops: 1, ImmediateOops: 0, NonImmediateOops: No
[3,688s][debug][gc,nmethod     ] Register NMethod: io.brackit.query.expr.PipeExpr$PipeSequence$1.next (0x00007a39d4427208) [0x00007a39d4427300, 0x00007a39d4428d70] Compiler: c1, Barriers: 24, Oops: 1, ImmediateOops: 0, NonImmediateOops: No
[3,688s][debug][gc,nmethod     ] Register NMethod: io.sirix.node.xml.AttributeNode.getLocalNameKey (0x00007a39f2f01688) [0x00007a39f2f01780, 0x00007a39f2f01b60] Compiler: jvmci, Barriers: 4, Oops: 3, ImmediateOops: 0, NonImmediateOops: No
[3,689s][debug][gc,director    ] Rule Major: Warmup 10%, Used: 958MB, UsedThreshold: 1228MB
[3,689s][debug][gc,director    ] Rule Minor: High Usage, Free: 11288MB(91,9%)
[3,693s][debug][gc,nmethod     ] Register NMethod: io.sirix.axis.AbstractAxis.resetToLastKey (0x00007a39f2f01b88) [0x00007a39f2f01c80, 0x00007a39f2f02038] Compiler: jvmci, Barriers: 5, Oops: 1, ImmediateOops: 0, NonImmediateOops: No
[3,693s][debug][gc,nmethod     ] Register NMethod: io.sirix.access.trx.page.NodePageReadOnlyTrx$RecordPage.<init> (0x00007a39d4428d88) [0x00007a39d4428e80, 0x00007a39d44291b8] Compiler: c1, Barriers: 9, Oops: 1, ImmediateOops: 0, NonImmediateOops: No
[3,699s][debug][gc,director    ] Rule Major: Warmup 10%, Used: 960MB, UsedThreshold: 1228MB
[3,699s][debug][gc,director    ] Rule Minor: High Usage, Free: 11286MB(91,8%)
[3,699s][debug][gc,nmethod     ] Register NMethod: sun.nio.ch.IOUtil.write (0x00007a39d4429208) [0x00007a39d4429300, 0x00007a39d442a528] Compiler: c1, Barriers: 0, Oops: 0, ImmediateOops: 0, NonImmediateOops: No
[3,700s][debug][gc,nmethod     ] Register NMethod: io.sirix.axis.AbstractAxis.hasNext (0x00007a39f2f02088) [0x00007a39f2f02180, 0x00007a39f2f026a8] Compiler: jvmci, Barriers: 6, Oops: 1, ImmediateOops: 1, NonImmediateOops: No
[3,700s][debug][gc,nmethod     ] Register NMethod: sun.nio.ch.IOUtil.writeFromNativeBuffer (0x00007a39d442a588) [0x00007a39d442a680, 0x00007a39d442cd38] Compiler: c1, Barriers: 4, Oops: 0, ImmediateOops: 4, NonImmediateOops: No
[3,701s][debug][gc,nmethod     ] Register NMethod: ch.qos.logback.classic.Logger.trace (0x00007a39d442cd88) [0x00007a39d442ce80, 0x00007a39d442cfe8] Compiler: c1, Barriers: 0, Oops: 1, ImmediateOops: 2, NonImmediateOops: No
[3,701s][debug][gc,nmethod     ] Register NMethod: ch.qos.logback.classic.LoggerContext.getTurboFilterChainDecision_2 (0x00007a39d442d088) [0x00007a39d442d180, 0x00007a39d442df70] Compiler: c1, Barriers: 9, Oops: 1, ImmediateOops: 1, NonImmediateOops: No
[3,701s][debug][gc,nmethod     ] Register NMethod: ch.qos.logback.classic.Logger.filterAndLog_2 (0x00007a39d442df88) [0x00007a39d442e080, 0x00007a39d442eb58] Compiler: c1, Barriers: 7, Oops: 1, ImmediateOops: 2, NonImmediateOops: No
[3,702s][debug][gc,nmethod     ] Register NMethod: java.util.LinkedHashMap.afterNodeRemoval (0x00007a39d442eb88) [0x00007a39d442ec80, 0x00007a39d442f370] Compiler: c1, Barriers: 20, Oops: 0, ImmediateOops: 0, NonImmediateOops: No
[3,702s][debug][gc,nmethod     ] Register NMethod: com.github.benmanes.caffeine.cache.BaseMpscLinkedArrayQueue.offerSlowPath (0x00007a39d442f388) [0x00007a39d442f480, 0x00007a39d4430570] Compiler: c1, Barriers: 0, Oops: 6, ImmediateOops: 5, NonImmediateOops: No
[3,702s][debug][gc,nmethod     ] Register NMethod: org.junit.platform.engine.UniqueId$Segment.<init> (0x00007a39d4430608) [0x00007a39d4430700, 0x00007a39d4431910] Compiler: c1, Barriers: 8, Oops: 3, ImmediateOops: 2, NonImmediateOops: No
[3,703s][debug][gc,nmethod     ] Register NMethod: org.gradle.internal.io.LineBufferingOutputStream.flush (0x00007a39d4431988) [0x00007a39d4431a80, 0x00007a39d4432d38] Compiler: c1, Barriers: 3, Oops: 1, ImmediateOops: 1, NonImmediateOops: No
[3,703s][debug][gc,nmethod     ] Register NMethod: org.gradle.internal.io.StreamByteBuffer.readAsString (0x00007a39d4432d88) [0x00007a39d4432e80, 0x00007a39d4433978] Compiler: c1, Barriers: 0, Oops: 1, ImmediateOops: 1, NonImmediateOops: No
[3,703s][debug][gc,nmethod     ] Register NMethod: java.util.Arrays.asList (0x00007a39d4433988) [0x00007a39d4433a80, 0x00007a39d4433ef0] Compiler: c1, Barriers: 3, Oops: 0, ImmediateOops: 0, NonImmediateOops: No
[3,703s][debug][gc,nmethod     ] Register NMethod: org.gradle.internal.io.StreamByteBuffer.doReadAsString (0x00007a39d4433f08) [0x00007a39d4434000, 0x00007a39d44349a0] Compiler: c1, Barriers: 0, Oops: 1, ImmediateOops: 1, NonImmediateOops: No
[3,703s][debug][gc,nmethod     ] Register NMethod: org.gradle.internal.io.StreamByteBuffer.readAsString (0x00007a39d4434a08) [0x00007a39d4434b00, 0x00007a39d4435558] Compiler: c1, Barriers: 0, Oops: 1, ImmediateOops: 1, NonImmediateOops: No
[3,703s][debug][gc,nmethod     ] Register NMethod: java.lang.StringUTF16.checkBoundsOffCount (0x00007a39d4435588) [0x00007a39d4435680, 0x00007a39d4435948] Compiler: c1, Barriers: 0, Oops: 1, ImmediateOops: 1, NonImmediateOops: No
[3,704s][debug][gc,nmethod     ] Register NMethod: java.io.Writer.<init> (0x00007a39d4435988) [0x00007a39d4435a80, 0x00007a39d4435d40] Compiler: c1, Barriers: 3, Oops: 0, ImmediateOops: 0, NonImmediateOops: No
[3,705s][debug][gc,nmethod     ] Register NMethod: java.util.concurrent.locks.AbstractQueuedLongSynchronizer.hasQueuedPredecessors (0x00007a39d4435d88) [0x00007a39d4435e80, 0x00007a39d4436450] Compiler: c1, Barriers: 5, Oops: 0, ImmediateOops: 0, NonImmediateOops: No
[3,705s][debug][gc,nmethod     ] Register NMethod: java.util.concurrent.locks.AbstractQueuedLongSynchronizer.signalNext (0x00007a39d4436488) [0x00007a39d4436580, 0x00007a39d44376b0] Compiler: c1, Barriers: 2, Oops: 0, ImmediateOops: 2, NonImmediateOops: No
[3,706s][debug][gc,nmethod     ] Register NMethod: com.google.gson.stream.JsonWriter.replaceTop (0x00007a39d4437708) [0x00007a39d4437800, 0x00007a39d4437960] Compiler: c1, Barriers: 1, Oops: 1, ImmediateOops: 0, NonImmediateOops: No
[3,706s][debug][gc,nmethod     ] Register NMethod: java.io.Writer.write (0x00007a39d4437a08) [0x00007a39d4437b00, 0x00007a39d44382b0] Compiler: c1, Barriers: 1, Oops: 0, ImmediateOops: 0, NonImmediateOops: No
[3,707s][debug][gc,nmethod     ] Register NMethod: java.io.OutputStreamWriter.write (0x00007a39d4438308) [0x00007a39d4438400, 0x00007a39d4438730] Compiler: c1, Barriers: 1, Oops: 0, ImmediateOops: 0, NonImmediateOops: No
[3,709s][debug][gc,nmethod     ] Register NMethod: java.util.ImmutableCollections.listFromTrustedArrayNullsAllowed (0x00007a39d4438788) [0x00007a39d4438880, 0x00007a39d4438c80] Compiler: c1, Barriers: 3, Oops: 0, ImmediateOops: 1, NonImmediateOops: No
[3,709s][debug][gc,nmethod     ] Register NMethod: java.util.stream.Nodes.flatten (0x00007a39d4438c88) [0x00007a39d4438d80, 0x00007a39d4439ab8] Compiler: c1, Barriers: 3, Oops: 0, ImmediateOops: 1, NonImmediateOops: No
[3,709s][debug][gc,nmethod     ] Register NMethod: java.util.stream.AbstractPipeline.evaluateToArrayNode (0x00007a39d4439b08) [0x00007a39d4439c00, 0x00007a39d443aba8] Compiler: c1, Barriers: 3, Oops: 0, ImmediateOops: 1, NonImmediateOops: No
[3,709s][debug][gc,director    ] Rule Major: Warmup 10%, Used: 964MB, UsedThreshold: 1228MB
[3,709s][debug][gc,director    ] Rule Minor: High Usage, Free: 11282MB(91,8%)
[3,709s][debug][gc,nmethod     ] Register NMethod: sun.nio.ch.UnixFileDispatcherImpl.pwrite0 (0x00007a39f2f02708) [0x00007a39f2f02800, 0x00007a39f2f02978] Compiler: , Barriers: 0, Oops: 0, ImmediateOops: 1, NonImmediateOops: No
[3,713s][debug][gc,nmethod     ] Register NMethod: java.nio.channels.spi.AbstractInterruptibleChannel.close (0x00007a39d443ac08) [0x00007a39d443ad00, 0x00007a39d443b288] Compiler: c1, Barriers: 1, Oops: 0, ImmediateOops: 0, NonImmediateOops: No
[3,715s][debug][gc,nmethod     ] Register NMethod: java.lang.runtime.ObjectMethods.hashCombiner (0x00007a39d443b308) [0x00007a39d443b400, 0x00007a39d443b4f0] Compiler: c1, Barriers: 0, Oops: 0, ImmediateOops: 0, NonImmediateOops: No
[3,715s][debug][gc,nmethod     ] Register NMethod: java.lang.invoke.LambdaForm$MH/0x00000000ba299800.invoke (0x00007a39d443b608) [0x00007a39d443b700, 0x00007a39d443c6b8] Compiler: c1, Barriers: 3, Oops: 1, ImmediateOops: 0, NonImmediateOops: No
[3,716s][debug][gc,nmethod     ] Register NMethod: com.sun.org.apache.xerces.internal.util.PropertyState.<init> (0x00007a39d443c708) [0x00007a39d443c800, 0x00007a39d443ca48] Compiler: c1, Barriers: 6, Oops: 0, ImmediateOops: 0, NonImmediateOops: No
[3,716s][debug][gc,nmethod     ] Register NMethod: com.sun.org.apache.xerces.internal.util.PropertyState.is (0x00007a39d443ca88) [0x00007a39d443cb80, 0x00007a39d443ce68] Compiler: c1, Barriers: 6, Oops: 1, ImmediateOops: 1, NonImmediateOops: No
[3,716s][debug][gc,nmethod     ] Register NMethod: com.sun.org.apache.xerces.internal.util.ParserConfigurationSettings.getPropertyState (0x00007a39d443ce88) [0x00007a39d443cf80, 0x00007a39d443da58] Compiler: c1, Barriers: 8, Oops: 1, ImmediateOops: 1, NonImmediateOops: No
[3,716s][debug][gc,nmethod     ] Register NMethod: com.sun.org.apache.xerces.internal.parsers.XML11Configuration.getPropertyState (0x00007a39d443da88) [0x00007a39d443db80, 0x00007a39d443ed38] Compiler: c1, Barriers: 15, Oops: 1, ImmediateOops: 3, NonImmediateOops: No
[3,717s][debug][gc,nmethod     ] Register NMethod: java.lang.invoke.Invokers$Holder.linkToTargetMethod (0x00007a39d443ed88) [0x00007a39d443ee80, 0x00007a39d443f378] Compiler: c1, Barriers: 0, Oops: 0, ImmediateOops: 0, NonImmediateOops: No
[3,717s][debug][gc,nmethod     ] Register NMethod: io.sirix.settings.VersioningType$4.combineRecordPagesForModification (0x00007a39d443f388) [0x00007a39d443f480, 0x00007a39d4448a38] Compiler: c1, Barriers: 27, Oops: 1, ImmediateOops: 0, NonImmediateOops: No
[3,718s][debug][gc,nmethod     ] Register NMethod: io.sirix.page.NamePage.getName (0x00007a39f2f02a08) [0x00007a39f2f02b00, 0x00007a39f2f05378] Compiler: jvmci, Barriers: 33, Oops: 2, ImmediateOops: 2, NonImmediateOops: No
[3,719s][debug][gc,director    ] Rule Major: Warmup 10%, Used: 966MB, UsedThreshold: 1228MB
[3,719s][debug][gc,director    ] Rule Minor: High Usage, Free: 11280MB(91,8%)
[3,729s][debug][gc,director    ] Rule Major: Warmup 10%, Used: 972MB, UsedThreshold: 1228MB
[3,730s][debug][gc,director    ] Rule Minor: High Usage, Free: 11274MB(91,7%)
[3,732s][debug][gc,nmethod     ] Register NMethod: java.util.BitSet.set (0x00007a39d4448a88) [0x00007a39d4448b80, 0x00007a39d4448d68] Compiler: c1, Barriers: 0, Oops: 0, ImmediateOops: 0, NonImmediateOops: No
[3,740s][debug][gc,director    ] Rule Major: Warmup 10%, Used: 976MB, UsedThreshold: 1228MB
[3,740s][debug][gc,director    ] Rule Minor: High Usage, Free: 11270MB(91,7%)
[3,741s][debug][gc,nmethod     ] Register NMethod: java.util.regex.Pattern$CharPropertyGreedy.match (0x00007a39f2f05408) [0x00007a39f2f05500, 0x00007a39f2f05ff0] Compiler: jvmci, Barriers: 11, Oops: 0, ImmediateOops: 0, NonImmediateOops: No
[3,750s][debug][gc,director    ] Rule Major: Warmup 10%, Used: 982MB, UsedThreshold: 1228MB
[3,750s][debug][gc,director    ] Rule Minor: High Usage, Free: 11264MB(91,7%)
[3,758s][debug][gc,nmethod     ] Register NMethod: io.sirix.settings.VersioningType$4.combineRecordPages (0x00007a39f2f06008) [0x00007a39f2f06100, 0x00007a39f2f075e0] Compiler: jvmci, Barriers: 28, Oops: 1, ImmediateOops: 0, NonImmediateOops: No
[3,760s][debug][gc,director    ] Rule Major: Warmup 10%, Used: 990MB, UsedThreshold: 1228MB
[3,760s][debug][gc,director    ] Rule Minor: High Usage, Free: 11256MB(91,6%)
[3,765s][debug][gc,alloc       ] Mutator Allocation Rate: 394,0MB/s Predicted: 412,0MB/s, Avg: 319,4(+/-58,3)MB/s
[3,765s][debug][gc,director    ] Rule Major: Warmup 10%, Used: 992MB, UsedThreshold: 1228MB
[3,765s][debug][gc,director    ] Rule Minor: High Usage, Free: 11254MB(91,6%)
[3,768s][debug][gc,nmethod     ] Register NMethod: io.sirix.page.PageKind$1.serializePage (0x00007a39f2f07608) [0x00007a39f2f07700, 0x00007a39f2f0fa00] Compiler: jvmci, Barriers: 126, Oops: 12, ImmediateOops: 5, NonImmediateOops: No
[3,775s][debug][gc,director    ] Rule Major: Warmup 10%, Used: 996MB, UsedThreshold: 1228MB
[3,775s][debug][gc,director    ] Rule Minor: High Usage, Free: 11250MB(91,6%)
[3,779s][debug][gc,nmethod     ] Register NMethod: io.sirix.node.xml.TextNode.<init> (0x00007a39f2f0fa88) [0x00007a39f2f0fba0, 0x00007a39f2f10748] Compiler: jvmci, Barriers: 19, Oops: 2, ImmediateOops: 2, NonImmediateOops: No
[3,783s][debug][gc,nmethod     ] Register NMethod: io.sirix.node.NodeKind$4.deserialize (0x00007a39f2f10788) [0x00007a39f2f10880, 0x00007a39f2f146c0] Compiler: jvmci, Barriers: 110, Oops: 12, ImmediateOops: 11, NonImmediateOops: No
[3,785s][debug][gc,director    ] Rule Major: Warmup 10%, Used: 1002MB, UsedThreshold: 1228MB
[3,785s][debug][gc,director    ] Rule Minor: High Usage, Free: 11244MB(91,5%)
[3,786s][debug][gc,nmethod     ] Register NMethod: io.brackit.query.expr.StepExpr$AxisStepSequenceIter.next (0x00007a39f2f14788) [0x00007a39f2f14880, 0x00007a39f2f14b60] Compiler: jvmci, Barriers: 8, Oops: 1, ImmediateOops: 0, NonImmediateOops: No
[3,787s][debug][gc,nmethod     ] Register NMethod: io.brackit.query.sequence.BaseIter.<init> (0x00007a39f2f14b88) [0x00007a39f2f14c80, 0x00007a39f2f14d00] Compiler: jvmci, Barriers: 0, Oops: 1, ImmediateOops: 0, NonImmediateOops: No
[3,787s][debug][gc,nmethod     ] Register NMethod: io.sirix.node.xml.ElementNode.<init> (0x00007a39f2f14e88) [0x00007a39f2f14f80, 0x00007a39f2f15d78] Compiler: jvmci, Barriers: 24, Oops: 2, ImmediateOops: 3, NonImmediateOops: No
[3,795s][debug][gc,director    ] Rule Major: Warmup 10%, Used: 1006MB, UsedThreshold: 1228MB
[3,795s][debug][gc,director    ] Rule Minor: High Usage, Free: 11240MB(91,5%)
[3,806s][debug][gc,director    ] Rule Major: Warmup 10%, Used: 1012MB, UsedThreshold: 1228MB
[3,806s][debug][gc,director    ] Rule Minor: High Usage, Free: 11234MB(91,4%)
[3,809s][debug][gc,nmethod     ] Register NMethod: com.sun.org.apache.xerces.internal.impl.XMLDocumentFragmentScannerImpl$FragmentContentDriver.startOfMarkup (0x00007a39f2f15e08) [0x00007a39f2f15f00, 0x00007a39f2f165b8] Compiler: jvmci, Barriers: 11, Oops: 1, ImmediateOops: 1, NonImmediateOops: No
[3,816s][debug][gc,director    ] Rule Major: Warmup 10%, Used: 1022MB, UsedThreshold: 1228MB
[3,816s][debug][gc,director    ] Rule Minor: High Usage, Free: 11224MB(91,3%)
[3,816s][debug][gc,nmethod     ] Register NMethod: io.sirix.query.stream.node.SirixNodeStream.next (0x00007a39f2f16608) [0x00007a39f2f16700, 0x00007a39f2f18528] Compiler: jvmci, Barriers: 65, Oops: 2, ImmediateOops: 7, NonImmediateOops: No
[3,818s][debug][gc,nmethod     ] Register NMethod: io.sirix.page.delegates.BitmapReferencesPage.createNewReference (0x00007a39d4448d88) [0x00007a39d4448e80, 0x00007a39d4449498] Compiler: c1, Barriers: 3, Oops: 1, ImmediateOops: 0, NonImmediateOops: No
[3,826s][debug][gc,director    ] Rule Major: Warmup 10%, Used: 1032MB, UsedThreshold: 1228MB
[3,826s][debug][gc,director    ] Rule Minor: High Usage, Free: 11214MB(91,3%)
[3,836s][debug][gc,director    ] Rule Major: Warmup 10%, Used: 1040MB, UsedThreshold: 1228MB
[3,836s][debug][gc,director    ] Rule Minor: High Usage, Free: 11206MB(91,2%)
[3,840s][debug][gc,nmethod     ] Register NMethod: io.sirix.index.path.summary.PathNode.getKind (0x00007a39d4449508) [0x00007a39d4449600, 0x00007a39d4449920] Compiler: c1, Barriers: 0, Oops: 1, ImmediateOops: 1, NonImmediateOops: No
[3,841s][debug][gc,nmethod     ] Register NMethod: io.sirix.node.NodeKind$13.serialize (0x00007a39d4449988) [0x00007a39d4449a80, 0x00007a39d444b038] Compiler: c1, Barriers: 7, Oops: 1, ImmediateOops: 0, NonImmediateOops: No
[3,841s][debug][gc,nmethod     ] Register NMethod: io.sirix.node.NodeKind.serializeDelegateWithoutIDs (0x00007a39d444b088) [0x00007a39d444b180, 0x00007a39d444b618] Compiler: c1, Barriers: 2, Oops: 1, ImmediateOops: 0, NonImmediateOops: No
[3,841s][debug][gc,nmethod     ] Register NMethod: io.sirix.node.NodeKind.serializeStructDelegate (0x00007a39d444b688) [0x00007a39d444b780, 0x00007a39d444c3d0] Compiler: c1, Barriers: 7, Oops: 1, ImmediateOops: 5, NonImmediateOops: No
[3,846s][debug][gc,director    ] Rule Major: Warmup 10%, Used: 1060MB, UsedThreshold: 1228MB
[3,846s][debug][gc,director    ] Rule Minor: High Usage, Free: 11186MB(91,0%)
[3,850s][debug][gc,nmethod     ] Register NMethod: io.sirix.node.NodeKind.serializeNameDelegate (0x00007a39d444c408) [0x00007a39d444c500, 0x00007a39d444cab0] Compiler: c1, Barriers: 3, Oops: 1, ImmediateOops: 0, NonImmediateOops: No
[3,851s][debug][gc,nmethod     ] Register NMethod: com.sun.org.apache.xerces.internal.impl.XMLDocumentFragmentScannerImpl.scanContent (0x00007a39f2f18588) [0x00007a39f2f18720, 0x00007a39f2f19c08] Compiler: jvmci, Barriers: 20, Oops: 0, ImmediateOops: 1, NonImmediateOops: No
[3,851s][debug][gc,nmethod     ] Register NMethod: io.sirix.page.SerializationType.serializeBitSet (0x00007a39d444cb08) [0x00007a39d444cc00, 0x00007a39d444cfc8] Compiler: c1, Barriers: 2, Oops: 1, ImmediateOops: 0, NonImmediateOops: No
[3,851s][debug][gc,nmethod     ] Register NMethod: io.sirix.node.AbstractForwardingNode.getDeweyID (0x00007a39d444d008) [0x00007a39d444d100, 0x00007a39d444d808] Compiler: c1, Barriers: 6, Oops: 1, ImmediateOops: 0, NonImmediateOops: No
[3,852s][debug][gc,nmethod     ] Register NMethod: io.sirix.node.Bytes.wrapForWrite (0x00007a39d444d888) [0x00007a39d444d980, 0x00007a39d444e960] Compiler: c1, Barriers: 9, Oops: 2, ImmediateOops: 1, NonImmediateOops: No
[3,852s][debug][gc,nmethod     ] Register NMethod: net.jpountz.lz4.LZ4Utils.maxCompressedLength (0x00007a39d444e988) [0x00007a39d444ea80, 0x00007a39d444f888] Compiler: c1, Barriers: 0, Oops: 2, ImmediateOops: 3, NonImmediateOops: No
[3,853s][debug][gc,nmethod     ] Register NMethod: net.jpountz.lz4.LZ4BlockOutputStream.<init> (0x00007a39d444f908) [0x00007a39d444fa00, 0x00007a39d4452d98] Compiler: c1, Barriers: 39, Oops: 5, ImmediateOops: 38, NonImmediateOops: No
[3,855s][debug][gc,nmethod     ] Register NMethod: java.nio.HeapByteBuffer.putLong (0x00007a39f2f19c88) [0x00007a39f2f19d80, 0x00007a39f2f1a0e8] Compiler: jvmci, Barriers: 5, Oops: 1, ImmediateOops: 0, NonImmediateOops: No
[3,856s][debug][gc,nmethod     ] Register NMethod: io.sirix.node.NodeKind$1.deserialize (0x00007a39f2f1a108) [0x00007a39f2f1a200, 0x00007a39f2f21778] Compiler: jvmci, Barriers: 162, Oops: 7, ImmediateOops: 2, NonImmediateOops: No
[3,857s][debug][gc,director    ] Rule Major: Warmup 10%, Used: 1086MB, UsedThreshold: 1228MB
[3,857s][debug][gc,director    ] Rule Minor: High Usage, Free: 11160MB(90,8%)
[3,858s][debug][gc,alloc       ] Mutator Allocation Rate: 415,3MB/s Predicted: 428,5MB/s, Avg: 327,4(+/-61,8)MB/s
[3,858s][debug][gc,director    ] Rule Major: Warmup 10%, Used: 1088MB, UsedThreshold: 1228MB
[3,858s][debug][gc,director    ] Rule Minor: High Usage, Free: 11158MB(90,8%)
[3,868s][debug][gc,director    ] Rule Major: Warmup 10%, Used: 1090MB, UsedThreshold: 1228MB
[3,868s][debug][gc,director    ] Rule Minor: High Usage, Free: 11156MB(90,8%)
[3,874s][debug][gc,nmethod     ] Register NMethod: jdk.internal.misc.VM.isDirectMemoryPageAligned (0x00007a39f2f21808) [0x00007a39f2f21900, 0x00007a39f2f21968] Compiler: jvmci, Barriers: 0, Oops: 0, ImmediateOops: 0, NonImmediateOops: No
[3,874s][debug][gc,nmethod     ] Register NMethod: java.util.concurrent.locks.AbstractQueuedSynchronizer$Node.getAndUnsetStatus (0x00007a39d4452e08) [0x00007a39d4452f00, 0x00007a39d4453510] Compiler: c1, Barriers: 0, Oops: 1, ImmediateOops: 2, NonImmediateOops: No
[3,877s][debug][gc,nmethod     ] Register NMethod: sun.nio.fs.UnixChannelFactory.newFileChannel (0x00007a39d4453588) [0x00007a39d4453680, 0x00007a39d44537a8] Compiler: c1, Barriers: 0, Oops: 0, ImmediateOops: 0, NonImmediateOops: No
[3,877s][debug][gc,nmethod     ] Register NMethod: java.nio.channels.spi.AbstractInterruptibleChannel.<init> (0x00007a39d4453888) [0x00007a39d4453980, 0x00007a39d4453e60] Compiler: c1, Barriers: 9, Oops: 0, ImmediateOops: 0, NonImmediateOops: No
[3,877s][debug][gc,nmethod     ] Register NMethod: java.nio.channels.spi.AbstractInterruptibleChannel$1.<init> (0x00007a39d4453e88) [0x00007a39d4453f80, 0x00007a39d44542a8] Compiler: c1, Barriers: 3, Oops: 0, ImmediateOops: 0, NonImmediateOops: No
[3,877s][debug][gc,nmethod     ] Register NMethod: sun.nio.fs.UnixFileSystemProvider.newFileChannel (0x00007a39d4454308) [0x00007a39d4454400, 0x00007a39d4454cf8] Compiler: c1, Barriers: 0, Oops: 0, ImmediateOops: 0, NonImmediateOops: No
[3,878s][debug][gc,nmethod     ] Register NMethod: sun.nio.fs.UnixChannelFactory$Flags.<init> (0x00007a39d4454d08) [0x00007a39d4454e00, 0x00007a39d4454f58] Compiler: c1, Barriers: 0, Oops: 0, ImmediateOops: 0, NonImmediateOops: No
[3,878s][debug][gc,nmethod     ] Register NMethod: java.io.FileDescriptor.set (0x00007a39d4455008) [0x00007a39d4455100, 0x00007a39d4455670] Compiler: c1, Barriers: 4, Oops: 0, ImmediateOops: 0, NonImmediateOops: No
[3,878s][debug][gc,nmethod     ] Register NMethod: java.io.FileDescriptor$1.set (0x00007a39d4455688) [0x00007a39d4455780, 0x00007a39d4455f30] Compiler: c1, Barriers: 4, Oops: 0, ImmediateOops: 0, NonImmediateOops: No
[3,878s][debug][gc,nmethod     ] Register NMethod: com.github.benmanes.caffeine.cache.stats.DisabledStatsCounter.recordHits (0x00007a39d4455f88) [0x00007a39d4456080, 0x00007a39d4456180] Compiler: c1, Barriers: 0, Oops: 1, ImmediateOops: 0, NonImmediateOops: No
[3,878s][debug][gc,nmethod     ] Register NMethod: java.io.FileDescriptor$1.setAppend (0x00007a39d4456288) [0x00007a39d4456380, 0x00007a39d4456488] Compiler: c1, Barriers: 0, Oops: 0, ImmediateOops: 0, NonImmediateOops: No
[3,878s][debug][gc,nmethod     ] Register NMethod: sun.nio.fs.UnixChannelFactory.newFileChannel (0x00007a39d4456588) [0x00007a39d4456680, 0x00007a39d44570f0] Compiler: c1, Barriers: 6, Oops: 0, ImmediateOops: 3, NonImmediateOops: No
[3,878s][debug][gc,nmethod     ] Register NMethod: sun.nio.ch.FileChannelImpl.open (0x00007a39d4457108) [0x00007a39d4457200, 0x00007a39d44573b8] Compiler: c1, Barriers: 0, Oops: 0, ImmediateOops: 0, NonImmediateOops: No
[3,878s][debug][gc,nmethod     ] Register NMethod: sun.nio.fs.UnixChannelFactory$Flags.toFlags (0x00007a39d4457408) [0x00007a39d4457500, 0x00007a39d4459fb8] Compiler: c1, Barriers: 1, Oops: 1, ImmediateOops: 5, NonImmediateOops: No
[3,878s][debug][gc,nmethod     ] Register NMethod: io.sirix.page.DeserializedReferencesPage4Tuple.references (0x00007a39f2f21b08) [0x00007a39f2f21c00, 0x00007a39f2f21ce8] Compiler: c1, Barriers: 1, Oops: 1, ImmediateOops: 0, NonImmediateOops: No
[3,878s][debug][gc,director    ] Rule Major: Warmup 10%, Used: 1090MB, UsedThreshold: 1228MB
[3,878s][debug][gc,director    ] Rule Minor: High Usage, Free: 11156MB(90,8%)
[3,878s][debug][gc,nmethod     ] Register NMethod: io.sirix.page.DeserializedReferencesPage4Tuple.offsets (0x00007a39f2f21e08) [0x00007a39f2f21f00, 0x00007a39f2f21fe8] Compiler: c1, Barriers: 1, Oops: 1, ImmediateOops: 0, NonImmediateOops: No
[3,879s][debug][gc,nmethod     ] Register NMethod: sun.nio.ch.NativeThreadSet.<init> (0x00007a39d445a008) [0x00007a39d445a100, 0x00007a39d445a260] Compiler: c1, Barriers: 0, Oops: 0, ImmediateOops: 0, NonImmediateOops: No
[3,879s][debug][gc,nmethod     ] Register NMethod: java.nio.channels.FileChannel.<init> (0x00007a39d445a308) [0x00007a39d445a400, 0x00007a39d445a948] Compiler: c1, Barriers: 9, Oops: 0, ImmediateOops: 0, NonImmediateOops: No
[3,879s][debug][gc,nmethod     ] Register NMethod: io.sirix.access.trx.page.NodePageReadOnlyTrx.getLeafPageReference (0x00007a39d445a988) [0x00007a39d445aa80, 0x00007a39d445b008] Compiler: c1, Barriers: 2, Oops: 1, ImmediateOops: 0, NonImmediateOops: No
[3,879s][debug][gc,nmethod     ] Register NMethod: java.util.Collection.stream (0x00007a39f2f22108) [0x00007a39f2f22200, 0x00007a39f2f22648] Compiler: jvmci, Barriers: 10, Oops: 1, ImmediateOops: 0, NonImmediateOops: No
[3,879s][debug][gc,nmethod     ] Register NMethod: sun.nio.ch.FileChannelImpl$Closer.<init> (0x00007a39d445b088) [0x00007a39d445b180, 0x00007a39d445b350] Compiler: c1, Barriers: 3, Oops: 0, ImmediateOops: 0, NonImmediateOops: No
[3,879s][debug][gc,nmethod     ] Register NMethod: sun.nio.ch.FileChannelImpl.<init> (0x00007a39d445b388) [0x00007a39d445b480, 0x00007a39d445c5a0] Compiler: c1, Barriers: 30, Oops: 1, ImmediateOops: 2, NonImmediateOops: No
[3,879s][debug][gc,nmethod     ] Register NMethod: io.sirix.access.trx.page.NodePageReadOnlyTrx.getInMemoryPageInstance (0x00007a39d445c608) [0x00007a39d445c700, 0x00007a39d445df00] Compiler: c1, Barriers: 6, Oops: 2, ImmediateOops: 3, NonImmediateOops: No
[3,879s][debug][gc,nmethod     ] Register NMethod: sun.nio.ch.FileChannelImpl.implCloseChannel (0x00007a39d445df88) [0x00007a39d445e080, 0x00007a39d4460438] Compiler: c1, Barriers: 8, Oops: 1, ImmediateOops: 1, NonImmediateOops: No
[3,879s][debug][gc,nmethod     ] Register NMethod: sun.nio.ch.NativeThreadSet.signalAndWait (0x00007a39d4460488) [0x00007a39d4460580, 0x00007a39d44610d0] Compiler: c1, Barriers: 2, Oops: 0, ImmediateOops: 0, NonImmediateOops: No
[3,879s][debug][gc,nmethod     ] Register NMethod: sun.nio.fs.UnixChannelFactory.open (0x00007a39d4461108) [0x00007a39d4461200, 0x00007a39d4463508] Compiler: c1, Barriers: 10, Oops: 1, ImmediateOops: 5, NonImmediateOops: No
[3,880s][debug][gc,nmethod     ] Register NMethod: sun.nio.ch.FileChannelImpl$Closer.run (0x00007a39d4463588) [0x00007a39d4463680, 0x00007a39d44643b0] Compiler: c1, Barriers: 5, Oops: 0, ImmediateOops: 2, NonImmediateOops: No
[3,880s][debug][gc,nmethod     ] Register NMethod: java.io.FileDescriptor$1.close (0x00007a39d4464408) [0x00007a39d4464500, 0x00007a39d4465060] Compiler: c1, Barriers: 4, Oops: 0, ImmediateOops: 0, NonImmediateOops: No
[3,880s][debug][gc,nmethod     ] Register NMethod: io.sirix.access.trx.page.NodePageReadOnlyTrx.setMostRecentlyReadRecordPage (0x00007a39d4465088) [0x00007a39d4465180, 0x00007a39d4469c70] Compiler: c1, Barriers: 39, Oops: 2, ImmediateOops: 3, NonImmediateOops: No
[3,881s][debug][gc,nmethod     ] Register NMethod: io.sirix.settings.VersioningType$4.combineRecordPagesForModification (0x00007a39d4469c88) [0x00007a39d4469d80, 0x00007a39d4472d00] Compiler: c1, Barriers: 27, Oops: 1, ImmediateOops: 0, NonImmediateOops: No
[3,882s][debug][gc,nmethod     ] Register NMethod: io.sirix.io.memorymapped.MMStorage.getDataFilePath (0x00007a39f2f22688) [0x00007a39f2f22780, 0x00007a39f2f22868] Compiler: c1, Barriers: 1, Oops: 1, ImmediateOops: 0, NonImmediateOops: No
[3,882s][debug][gc,nmethod     ] Register NMethod: java.util.RegularEnumSet.contains (0x00007a39f2f22988) [0x00007a39f2f22a80, 0x00007a39f2f22c18] Compiler: jvmci, Barriers: 2, Oops: 0, ImmediateOops: 0, NonImmediateOops: No
[3,883s][debug][gc,nmethod     ] Register NMethod: java.lang.invoke.Invokers$Holder.linkToTargetMethod (0x00007a39d4472d88) [0x00007a39d4472e80, 0x00007a39d4473378] Compiler: c1, Barriers: 0, Oops: 0, ImmediateOops: 0, NonImmediateOops: No
[3,883s][debug][gc,nmethod     ] Register NMethod: jdk.internal.misc.Unsafe.setMemory (0x00007a39d4473388) [0x00007a39d4473480, 0x00007a39d4473790] Compiler: c1, Barriers: 0, Oops: 0, ImmediateOops: 0, NonImmediateOops: No
[3,883s][debug][gc,nmethod     ] Register NMethod: java.nio.Bits.pageSize (0x00007a39d4473808) [0x00007a39d4473900, 0x00007a39d4473c60] Compiler: c1, Barriers: 0, Oops: 0, ImmediateOops: 4, NonImmediateOops: No
[3,883s][debug][gc,nmethod     ] Register NMethod: java.nio.DirectByteBuffer$Deallocator.<init> (0x00007a39d4473c88) [0x00007a39d4473d80, 0x00007a39d4473f58] Compiler: c1, Barriers: 0, Oops: 0, ImmediateOops: 0, NonImmediateOops: No
[3,883s][debug][gc,nmethod     ] Register NMethod: jdk.internal.ref.Cleaner.add (0x00007a39d4473f88) [0x00007a39d4474080, 0x00007a39d44744a8] Compiler: c1, Barriers: 10, Oops: 0, ImmediateOops: 3, NonImmediateOops: No
[3,884s][debug][gc,nmethod     ] Register NMethod: jdk.internal.ref.Cleaner.<init> (0x00007a39d4474508) [0x00007a39d4474600, 0x00007a39d4474a98] Compiler: c1, Barriers: 15, Oops: 1, ImmediateOops: 1, NonImmediateOops: No
[3,884s][debug][gc,nmethod     ] Register NMethod: jdk.internal.ref.Cleaner.create (0x00007a39d4474b08) [0x00007a39d4474c00, 0x00007a39d4475568] Compiler: c1, Barriers: 25, Oops: 1, ImmediateOops: 4, NonImmediateOops: No
[3,884s][debug][gc,nmethod     ] Register NMethod: jdk.internal.misc.Unsafe.setMemory (0x00007a39d4475588) [0x00007a39d4475680, 0x00007a39d44762b0] Compiler: c1, Barriers: 2, Oops: 0, ImmediateOops: 0, NonImmediateOops: No
[3,884s][debug][gc,nmethod     ] Register NMethod: jdk.internal.misc.Unsafe.setMemoryChecks (0x00007a39d4476308) [0x00007a39d4476400, 0x00007a39d4477058] Compiler: c1, Barriers: 2, Oops: 0, ImmediateOops: 0, NonImmediateOops: No
[3,884s][debug][gc,nmethod     ] Register NMethod: io.sirix.node.xml.AbstractStructForwardingNode.hasFirstChild (0x00007a39f2f22c88) [0x00007a39f2f22d80, 0x00007a39f2f22f38] Compiler: jvmci, Barriers: 2, Oops: 1, ImmediateOops: 0, NonImmediateOops: No
[3,884s][debug][gc,nmethod     ] Register NMethod: io.sirix.node.xml.AbstractStructForwardingNode.getFirstChildKey (0x00007a39f2f22f88) [0x00007a39f2f23080, 0x00007a39f2f23220] Compiler: jvmci, Barriers: 2, Oops: 1, ImmediateOops: 0, NonImmediateOops: No
[3,885s][debug][gc,nmethod     ] Register NMethod: java.util.concurrent.atomic.AtomicBoolean.get (0x00007a39d4477088) [0x00007a39d4477180, 0x00007a39d44772d0] Compiler: c1, Barriers: 0, Oops: 0, ImmediateOops: 0, NonImmediateOops: No
[3,885s][debug][gc,nmethod     ] Register NMethod: com.google.gson.stream.JsonReader.isLiteral (0x00007a39d4477388) [0x00007a39d4477480, 0x00007a39d44784a8] Compiler: c1, Barriers: 0, Oops: 2, ImmediateOops: 2, NonImmediateOops: No
[3,885s][debug][gc,nmethod     ] Register NMethod: org.gradle.internal.dispatch.MethodInvocation.<init> (0x00007a39d4478508) [0x00007a39d4478600, 0x00007a39d4478890] Compiler: c1, Barriers: 6, Oops: 1, ImmediateOops: 1, NonImmediateOops: No
[3,885s][debug][gc,nmethod     ] Register NMethod: com.google.gson.stream.JsonReader.peekKeyword (0x00007a39d4478908) [0x00007a39d4478a00, 0x00007a39d447a718] Compiler: c1, Barriers: 8, Oops: 2, ImmediateOops: 10, NonImmediateOops: No
[3,885s][debug][gc,nmethod     ] Register NMethod: sun.nio.fs.UnixNativeDispatcher.stat (0x00007a39d447a788) [0x00007a39d447a880, 0x00007a39d447af90] Compiler: c1, Barriers: 0, Oops: 0, ImmediateOops: 0, NonImmediateOops: No
[3,885s][debug][gc,nmethod     ] Register NMethod: com.github.benmanes.caffeine.cache.UnboundedLocalCache$UnboundedLocalAsyncCache.cache (0x00007a39d447b008) [0x00007a39d447b100, 0x00007a39d447b400] Compiler: c1, Barriers: 1, Oops: 1, ImmediateOops: 0, NonImmediateOops: No
[3,886s][debug][gc,nmethod     ] Register NMethod: java.lang.invoke.LambdaForm$MH/0x00000000ba2c3000.guard (0x00007a39d447b488) [0x00007a39d447b580, 0x00007a39d447c820] Compiler: c1, Barriers: 4, Oops: 1, ImmediateOops: 0, NonImmediateOops: No
[3,888s][debug][gc,nmethod     ] Register NMethod: java.lang.StringUTF16.toBytes (0x00007a39f2f23288) [0x00007a39f2f23380, 0x00007a39f2f235f0] Compiler: jvmci, Barriers: 0, Oops: 0, ImmediateOops: 0, NonImmediateOops: No
[3,888s][debug][gc,nmethod     ] Register NMethod: io.sirix.page.AbstractForwardingPage.getReferences (0x00007a39d447c888) [0x00007a39d447c980, 0x00007a39d447ce80] Compiler: c1, Barriers: 0, Oops: 1, ImmediateOops: 0, NonImmediateOops: No
[3,888s][debug][gc,director    ] Rule Major: Warmup 10%, Used: 1092MB, UsedThreshold: 1228MB
[3,888s][debug][gc,director    ] Rule Minor: High Usage, Free: 11154MB(90,8%)
[3,889s][debug][gc,nmethod     ] Register NMethod: io.sirix.io.memorymapped.MMStorage.getRevisionFilePath (0x00007a39f2f23608) [0x00007a39f2f23700, 0x00007a39f2f237e8] Compiler: c1, Barriers: 1, Oops: 1, ImmediateOops: 0, NonImmediateOops: No
[3,889s][debug][gc,nmethod     ] Register NMethod: com.github.benmanes.caffeine.cache.UnboundedLocalCache.statsTicker (0x00007a39f2f23908) [0x00007a39f2f23a00, 0x00007a39f2f23ae8] Compiler: c1, Barriers: 1, Oops: 1, ImmediateOops: 0, NonImmediateOops: No
[3,889s][debug][gc,nmethod     ] Register NMethod: java.nio.channels.FileChannel.open (0x00007a39d447cf08) [0x00007a39d447d000, 0x00007a39d447d5e8] Compiler: c1, Barriers: 2, Oops: 0, ImmediateOops: 0, NonImmediateOops: No
[3,889s][debug][gc,nmethod     ] Register NMethod: java.nio.channels.FileChannel.open (0x00007a39d447d608) [0x00007a39d447d700, 0x00007a39d447dcd0] Compiler: c1, Barriers: 3, Oops: 0, ImmediateOops: 2, NonImmediateOops: No
[3,895s][debug][gc,nmethod     ] Register NMethod: io.sirix.cache.RecordPageFragmentCache.get (0x00007a39d447dd08) [0x00007a39d447de00, 0x00007a39d447e558] Compiler: c1, Barriers: 1, Oops: 1, ImmediateOops: 0, NonImmediateOops: No
[3,895s][debug][gc,nmethod     ] Register NMethod: io.sirix.cache.RecordPageFragmentCache.get (0x00007a39d447e588) [0x00007a39d447e680, 0x00007a39d447f1f0] Compiler: c1, Barriers: 1, Oops: 1, ImmediateOops: 0, NonImmediateOops: No
[3,896s][debug][gc,nmethod     ] Register NMethod: io.brackit.query.compiler.parser.Tokenizer.ws (0x00007a39f2f23c08) [0x00007a39f2f23d00, 0x00007a39f2f23f90] Compiler: jvmci, Barriers: 1, Oops: 1, ImmediateOops: 0, NonImmediateOops: No
[3,897s][debug][gc,nmethod     ] Register NMethod: io.sirix.access.trx.page.NodePageReadOnlyTrx.setMostRecentPage (0x00007a39d447f208) [0x00007a39d447f300, 0x00007a39d4480710] Compiler: c1, Barriers: 35, Oops: 1, ImmediateOops: 1, NonImmediateOops: No
[3,898s][debug][gc,nmethod     ] Register NMethod: io.brackit.query.compiler.optimizer.walker.Walker.walkInternal (0x00007a39f2f24008) [0x00007a39f2f24100, 0x00007a39f2f24770] Compiler: jvmci, Barriers: 6, Oops: 1, ImmediateOops: 1, NonImmediateOops: No
[3,899s][debug][gc,director    ] Rule Major: Warmup 10%, Used: 1096MB, UsedThreshold: 1228MB
[3,899s][debug][gc,director    ] Rule Minor: High Usage, Free: 11150MB(90,7%)
[3,899s][debug][gc,nmethod     ] Register NMethod: io.brackit.query.operator.ForBind$ForBindCursor.emit (0x00007a39d4480788) [0x00007a39d4480880, 0x00007a39d4481d28] Compiler: c1, Barriers: 17, Oops: 1, ImmediateOops: 0, NonImmediateOops: No
[3,902s][debug][gc,nmethod     ] Register NMethod: java.lang.Double.parseDouble (0x00007a39d4481d88) [0x00007a39d4481e80, 0x00007a39d44821f8] Compiler: c1, Barriers: 0, Oops: 0, ImmediateOops: 0, NonImmediateOops: No
[3,902s][debug][gc,nmethod     ] Register NMethod: jdk.internal.math.FloatingDecimal.parseDouble (0x00007a39d4482208) [0x00007a39d4482300, 0x00007a39d4482620] Compiler: c1, Barriers: 0, Oops: 0, ImmediateOops: 0, NonImmediateOops: No
[3,903s][debug][gc,nmethod     ] Register NMethod: jdk.internal.math.FloatingDecimal.readJavaFormatString (0x00007a39d4482688) [0x00007a39d4482780, 0x00007a39d448c870] Compiler: c1, Barriers: 29, Oops: 1, ImmediateOops: 50, NonImmediateOops: No
[3,903s][debug][gc,nmethod     ] Register NMethod: io.brackit.query.util.Whitespace.collapseTrimOnly (0x00007a39d448c888) [0x00007a39d448c980, 0x00007a39d448e4d8] Compiler: c1, Barriers: 5, Oops: 2, ImmediateOops: 4, NonImmediateOops: No
[3,904s][debug][gc,nmethod     ] Register NMethod: jdk.internal.math.FloatingDecimal$ASCIIToBinaryBuffer.doubleValue (0x00007a39d448e508) [0x00007a39d448e660, 0x00007a39d4490700] Compiler: c1, Barriers: 2, Oops: 0, ImmediateOops: 9, NonImmediateOops: No
[3,908s][debug][gc,nmethod     ] Register NMethod: java.lang.invoke.Invokers$Holder.linkToTargetMethod (0x00007a39d4490708) [0x00007a39d4490800, 0x00007a39d4490cf8] Compiler: c1, Barriers: 0, Oops: 0, ImmediateOops: 0, NonImmediateOops: No
[3,908s][debug][gc,nmethod     ] Register NMethod: java.lang.String$$StringConcat/0x00000000ba2ae400.prepend (0x00007a39d4490d08) [0x00007a39d4490e00, 0x00007a39d4491008] Compiler: c1, Barriers: 2, Oops: 1, ImmediateOops: 0, NonImmediateOops: No
[3,908s][debug][gc,nmethod     ] Register NMethod: java.lang.invoke.LambdaForm$MH/0x00000000ba2ae800.invoke (0x00007a39d4491088) [0x00007a39d4491180, 0x00007a39d44918f0] Compiler: c1, Barriers: 2, Oops: 1, ImmediateOops: 0, NonImmediateOops: No
[3,909s][debug][gc,nmethod     ] Register NMethod: java.lang.invoke.DirectMethodHandle$Holder.invokeSpecial (0x00007a39d4491908) [0x00007a39d4491a00, 0x00007a39d4491dd0] Compiler: c1, Barriers: 1, Oops: 0, ImmediateOops: 0, NonImmediateOops: No
[3,909s][debug][gc,director    ] Rule Major: Warmup 10%, Used: 1100MB, UsedThreshold: 1228MB
[3,909s][debug][gc,director    ] Rule Minor: High Usage, Free: 11146MB(90,7%)
[3,909s][debug][gc,nmethod     ] Register NMethod: java.lang.String$$StringConcat/0x00000000ba2ae400.length (0x00007a39d4491e08) [0x00007a39d4491f00, 0x00007a39d4492388] Compiler: c1, Barriers: 0, Oops: 1, ImmediateOops: 2, NonImmediateOops: No
[3,909s][debug][gc,nmethod     ] Rebuilding NMethod Table: 8192->16384 entries, 5735(70%->35%) registered, 0(0%->0%) unregistered
[3,909s][debug][gc,nmethod     ] Register NMethod: java.lang.String$$StringConcat/0x00000000ba2ae400.concat (0x00007a39d4492408) [0x00007a39d4492500, 0x00007a39d4494160] Compiler: c1, Barriers: 8, Oops: 1, ImmediateOops: 5, NonImmediateOops: No
[3,910s][debug][gc,nmethod     ] Register NMethod: java.util.concurrent.locks.ReentrantLock$NonfairSync.tryAcquire (0x00007a39d4494188) [0x00007a39d4494280, 0x00007a39d4494a70] Compiler: c1, Barriers: 4, Oops: 0, ImmediateOops: 0, NonImmediateOops: No
[3,912s][debug][gc,nmethod     ] Register NMethod: org.gradle.internal.Cast.uncheckedNonnullCast (0x00007a39d4494a88) [0x00007a39d4494b80, 0x00007a39d4494c60] Compiler: c1, Barriers: 0, Oops: 1, ImmediateOops: 0, NonImmediateOops: No
[3,913s][debug][gc,nmethod     ] Register NMethod: io.sirix.cache.RecordPageFragmentCache.asMap (0x00007a39d4494d88) [0x00007a39d4494e80, 0x00007a39d44951c0] Compiler: c1, Barriers: 1, Oops: 1, ImmediateOops: 0, NonImmediateOops: No
[3,916s][debug][gc,nmethod     ] Register NMethod: ch.qos.logback.classic.Level.toString (0x00007a39f2f24788) [0x00007a39f2f24880, 0x00007a39f2f24968] Compiler: c1, Barriers: 1, Oops: 1, ImmediateOops: 0, NonImmediateOops: No
[3,916s][debug][gc,nmethod     ] Register NMethod: ch.qos.logback.classic.Logger.getLoggerContext (0x00007a39f2f24a88) [0x00007a39f2f24b80, 0x00007a39f2f24c68] Compiler: c1, Barriers: 1, Oops: 1, ImmediateOops: 0, NonImmediateOops: No
[3,916s][debug][gc,nmethod     ] Register NMethod: ch.qos.logback.classic.LoggerContext.getLoggerContextRemoteView (0x00007a39f2f24d88) [0x00007a39f2f24e80, 0x00007a39f2f24f68] Compiler: c1, Barriers: 1, Oops: 1, ImmediateOops: 0, NonImmediateOops: No
[3,916s][debug][gc,nmethod     ] Register NMethod: jdk.xml.internal.XMLSecurityManager$Limit.spOld (0x00007a39f2f25088) [0x00007a39f2f25180, 0x00007a39f2f25268] Compiler: c1, Barriers: 1, Oops: 0, ImmediateOops: 0, NonImmediateOops: No
[3,916s][debug][gc,nmethod     ] Register NMethod: ch.qos.logback.core.util.COWArrayList.isFresh (0x00007a39d4495208) [0x00007a39d4495300, 0x00007a39d44956a8] Compiler: c1, Barriers: 1, Oops: 1, ImmediateOops: 0, NonImmediateOops: No
[3,916s][debug][gc,nmethod     ] Register NMethod: ch.qos.logback.core.util.COWArrayList.refreshCopyIfNecessary (0x00007a39d4495708) [0x00007a39d4495800, 0x00007a39d44961f8] Compiler: c1, Barriers: 7, Oops: 1, ImmediateOops: 0, NonImmediateOops: No
[3,916s][debug][gc,nmethod     ] Register NMethod: jdk.xml.internal.XMLSecurityManager.getSystemProperty (0x00007a39d4496208) [0x00007a39d4496300, 0x00007a39d4496f78] Compiler: c1, Barriers: 2, Oops: 0, ImmediateOops: 3, NonImmediateOops: No
[3,916s][debug][gc,nmethod     ] Register NMethod: ch.qos.logback.classic.spi.LoggingEvent.getThreadName (0x00007a39d4496f88) [0x00007a39d4497080, 0x00007a39d44974d8] Compiler: c1, Barriers: 7, Oops: 1, ImmediateOops: 0, NonImmediateOops: No
[3,916s][debug][gc,nmethod     ] Register NMethod: ch.qos.logback.core.util.COWArrayList.asTypedArray (0x00007a39d4497508) [0x00007a39d4497600, 0x00007a39d4498088] Compiler: c1, Barriers: 8, Oops: 1, ImmediateOops: 0, NonImmediateOops: No
[3,916s][debug][gc,nmethod     ] Register NMethod: jdk.internal.util.DecimalDigits.uncheckedPutCharLatin1 (0x00007a39f2f25388) [0x00007a39f2f25480, 0x00007a39f2f254e8] Compiler: jvmci, Barriers: 0, Oops: 0, ImmediateOops: 0, NonImmediateOops: No
[3,916s][debug][gc,nmethod     ] Register NMethod: jdk.xml.internal.XMLSecurityManager$Limit.mapper (0x00007a39f2f25688) [0x00007a39f2f25780, 0x00007a39f2f25868] Compiler: c1, Barriers: 1, Oops: 0, ImmediateOops: 0, NonImmediateOops: No
[3,917s][debug][gc,nmethod     ] Register NMethod: java.net.URLDecoder.decode (0x00007a39d4498108) [0x00007a39d4498200, 0x00007a39d449bce0] Compiler: c1, Barriers: 5, Oops: 3, ImmediateOops: 9, NonImmediateOops: No
[3,917s][debug][gc,nmethod     ] Register NMethod: org.slf4j.helpers.FormattingTuple.getMessage (0x00007a39f2f25988) [0x00007a39f2f25a80, 0x00007a39f2f25b68] Compiler: c1, Barriers: 1, Oops: 1, ImmediateOops: 0, NonImmediateOops: No
[3,917s][debug][gc,nmethod     ] Register NMethod: dagger.internal.DoubleCheck.get (0x00007a39d449bd08) [0x00007a39d449be00, 0x00007a39d449c518] Compiler: c1, Barriers: 10, Oops: 1, ImmediateOops: 2, NonImmediateOops: No
[3,917s][debug][gc,nmethod     ] Register NMethod: ch.qos.logback.classic.spi.LoggingEvent.getFormattedMessage (0x00007a39d449c588) [0x00007a39d449c680, 0x00007a39d449cab8] Compiler: c1, Barriers: 12, Oops: 1, ImmediateOops: 0, NonImmediateOops: No
[3,917s][debug][gc,nmethod     ] Register NMethod: java.lang.Thread.getName (0x00007a39f2f25c88) [0x00007a39f2f25d80, 0x00007a39f2f25e68] Compiler: c1, Barriers: 1, Oops: 0, ImmediateOops: 0, NonImmediateOops: No
[3,917s][debug][gc,nmethod     ] Register NMethod: ch.qos.logback.core.LayoutBase.isStarted (0x00007a39f2f25f88) [0x00007a39f2f26080, 0x00007a39f2f26140] Compiler: c1, Barriers: 0, Oops: 1, ImmediateOops: 0, NonImmediateOops: No
[3,917s][debug][gc,nmethod     ] Register NMethod: sun.nio.cs.UTF_8$Decoder.<init> (0x00007a39d449cb08) [0x00007a39d449cc20, 0x00007a39d449cd60] Compiler: c1, Barriers: 0, Oops: 0, ImmediateOops: 0, NonImmediateOops: No
[3,917s][debug][gc,nmethod     ] Register NMethod: sun.nio.cs.UTF_8.newDecoder (0x00007a39d449ce08) [0x00007a39d449cf20, 0x00007a39d449d130] Compiler: c1, Barriers: 0, Oops: 0, ImmediateOops: 0, NonImmediateOops: No
[3,917s][debug][gc,nmethod     ] Register NMethod: java.nio.charset.CharsetDecoder.<init> (0x00007a39d449d188) [0x00007a39d449d280, 0x00007a39d449d3c0] Compiler: c1, Barriers: 0, Oops: 0, ImmediateOops: 1, NonImmediateOops: No
[3,917s][debug][gc,nmethod     ] Register NMethod: java.nio.charset.CharsetDecoder.implReplaceWith (0x00007a39d449d488) [0x00007a39d449d580, 0x00007a39d449d680] Compiler: c1, Barriers: 0, Oops: 0, ImmediateOops: 0, NonImmediateOops: No
[3,917s][debug][gc,nmethod     ] Register NMethod: ch.qos.logback.classic.spi.LoggingEvent.getTimeStamp (0x00007a39f2f26288) [0x00007a39f2f26380, 0x00007a39f2f26440] Compiler: c1, Barriers: 0, Oops: 1, ImmediateOops: 0, NonImmediateOops: No
[3,917s][debug][gc,nmethod     ] Register NMethod: ch.qos.logback.classic.spi.LoggingEvent.getLevel (0x00007a39f2f26588) [0x00007a39f2f26680, 0x00007a39f2f26768] Compiler: c1, Barriers: 1, Oops: 1, ImmediateOops: 0, NonImmediateOops: No
[3,917s][debug][gc,nmethod     ] Register NMethod: java.nio.charset.CharsetDecoder.<init> (0x00007a39d449d788) [0x00007a39d449d880, 0x00007a39d449e0f0] Compiler: c1, Barriers: 12, Oops: 0, ImmediateOops: 6, NonImmediateOops: No
[3,917s][debug][gc,nmethod     ] Register NMethod: ch.qos.logback.classic.spi.LoggingEvent.getLoggerName (0x00007a39f2f26888) [0x00007a39f2f26980, 0x00007a39f2f26a68] Compiler: c1, Barriers: 1, Oops: 1, ImmediateOops: 0, NonImmediateOops: No
[3,917s][debug][gc,nmethod     ] Register NMethod: java.util.concurrent.locks.ReentrantReadWriteLock$ReadLock.lock (0x00007a39d449e108) [0x00007a39d449e200, 0x00007a39d449e538] Compiler: c1, Barriers: 1, Oops: 0, ImmediateOops: 0, NonImmediateOops: No
[3,917s][debug][gc,nmethod     ] Register NMethod: java.nio.charset.CharsetDecoder.replaceWith (0x00007a39d449e588) [0x00007a39d449e680, 0x00007a39d449f190] Compiler: c1, Barriers: 4, Oops: 0, ImmediateOops: 3, NonImmediateOops: No
[3,917s][debug][gc,nmethod     ] Register NMethod: java.util.concurrent.locks.ReentrantReadWriteLock$FairSync.readerShouldBlock (0x00007a39d449f208) [0x00007a39d449f300, 0x00007a39d449f5f8] Compiler: c1, Barriers: 0, Oops: 0, ImmediateOops: 0, NonImmediateOops: No
[3,917s][debug][gc,nmethod     ] Register NMethod: java.util.concurrent.locks.ReentrantReadWriteLock$Sync.sharedCount (0x00007a39d449f608) [0x00007a39d449f700, 0x00007a39d449f7f0] Compiler: c1, Barriers: 0, Oops: 0, ImmediateOops: 0, NonImmediateOops: No
[3,917s][debug][gc,nmethod     ] Register NMethod: java.util.concurrent.locks.AbstractQueuedLongSynchronizer.acquireShared (0x00007a39d449f908) [0x00007a39d449fa00, 0x00007a39d449ff68] Compiler: c1, Barriers: 0, Oops: 0, ImmediateOops: 0, NonImmediateOops: No
[3,918s][debug][gc,nmethod     ] Register NMethod: sun.nio.fs.UnixDirectoryStream.isOpen (0x00007a39d449ff88) [0x00007a39d44a0080, 0x00007a39d44a01d0] Compiler: c1, Barriers: 0, Oops: 0, ImmediateOops: 0, NonImmediateOops: No
[3,918s][debug][gc,nmethod     ] Register NMethod: sun.nio.fs.UnixNativeDispatcher.readdir (0x00007a39d44a0288) [0x00007a39d44a0380, 0x00007a39d44a0490] Compiler: c1, Barriers: 0, Oops: 0, ImmediateOops: 0, NonImmediateOops: No
[3,918s][debug][gc,nmethod     ] Register NMethod: java.util.concurrent.locks.AbstractQueuedLongSynchronizer.setState (0x00007a39f2f26b88) [0x00007a39f2f26c80, 0x00007a39f2f26d50] Compiler: c1, Barriers: 0, Oops: 0, ImmediateOops: 0, NonImmediateOops: No
[3,918s][debug][gc,nmethod     ] Register NMethod: java.util.concurrent.locks.ReentrantReadWriteLock$ReadLock.unlock (0x00007a39d44a0588) [0x00007a39d44a0680, 0x00007a39d44a0c98] Compiler: c1, Barriers: 2, Oops: 0, ImmediateOops: 0, NonImmediateOops: No
[3,918s][debug][gc,nmethod     ] Register NMethod: java.util.concurrent.locks.ReentrantReadWriteLock.writeLock (0x00007a39f2f26e88) [0x00007a39f2f26f80, 0x00007a39f2f27068] Compiler: c1, Barriers: 1, Oops: 0, ImmediateOops: 0, NonImmediateOops: No
[3,918s][debug][gc,nmethod     ] Register NMethod: ch.qos.logback.classic.spi.LoggingEvent.getThrowableProxy (0x00007a39f2f27188) [0x00007a39f2f27280, 0x00007a39f2f27368] Compiler: c1, Barriers: 1, Oops: 1, ImmediateOops: 0, NonImmediateOops: No
[3,918s][debug][gc,nmethod     ] Register NMethod: java.util.concurrent.locks.ReentrantReadWriteLock$Sync.tryAcquireShared (0x00007a39d44a0d08) [0x00007a39d44a0e00, 0x00007a39d44a35b8] Compiler: c1, Barriers: 17, Oops: 0, ImmediateOops: 0, NonImmediateOops: No
[3,918s][debug][gc,nmethod     ] Register NMethod: java.util.concurrent.locks.AbstractQueuedLongSynchronizer.releaseShared (0x00007a39d44a3608) [0x00007a39d44a3700, 0x00007a39d44a43f8] Compiler: c1, Barriers: 3, Oops: 0, ImmediateOops: 2, NonImmediateOops: No
[3,918s][debug][gc,nmethod     ] Register NMethod: java.util.concurrent.locks.ReentrantReadWriteLock$Sync.tryReleaseShared (0x00007a39d44a4408) [0x00007a39d44a4500, 0x00007a39d44a6370] Compiler: c1, Barriers: 13, Oops: 0, ImmediateOops: 1, NonImmediateOops: No
[3,919s][debug][gc,nmethod     ] Register NMethod: java.nio.file.FileTreeWalker$Event.ioeException (0x00007a39f2f27488) [0x00007a39f2f27580, 0x00007a39f2f27668] Compiler: c1, Barriers: 1, Oops: 0, ImmediateOops: 0, NonImmediateOops: No
[3,919s][debug][gc,nmethod     ] Register NMethod: sun.nio.fs.UnixPath.compareTo (0x00007a39d44a6388) [0x00007a39d44a6480, 0x00007a39d44a6828] Compiler: c1, Barriers: 2, Oops: 0, ImmediateOops: 0, NonImmediateOops: No
[3,919s][debug][gc,director    ] Rule Major: Warmup 10%, Used: 1100MB, UsedThreshold: 1228MB
[3,919s][debug][gc,director    ] Rule Minor: High Usage, Free: 11146MB(90,7%)
[3,919s][debug][gc,nmethod     ] Register NMethod: java.util.Arrays.compareUnsigned (0x00007a39d44a6888) [0x00007a39d44a6980, 0x00007a39d44a6e80] Compiler: c1, Barriers: 0, Oops: 0, ImmediateOops: 0, NonImmediateOops: No
[3,919s][debug][gc,nmethod     ] Register NMethod: java.nio.charset.CharsetDecoder.implOnMalformedInput (0x00007a39d44a6e88) [0x00007a39d44a6f80, 0x00007a39d44a7080] Compiler: c1, Barriers: 0, Oops: 0, ImmediateOops: 0, NonImmediateOops: No
[3,919s][debug][gc,nmethod     ] Register NMethod: java.nio.charset.CharsetDecoder.implOnUnmappableCharacter (0x00007a39d44a7188) [0x00007a39d44a7280, 0x00007a39d44a7380] Compiler: c1, Barriers: 0, Oops: 0, ImmediateOops: 0, NonImmediateOops: No
[3,919s][debug][gc,nmethod     ] Register NMethod: java.nio.charset.CharsetDecoder.onMalformedInput (0x00007a39d44a7488) [0x00007a39d44a7580, 0x00007a39d44a7a08] Compiler: c1, Barriers: 3, Oops: 0, ImmediateOops: 1, NonImmediateOops: No
[3,919s][debug][gc,nmethod     ] Register NMethod: java.nio.charset.CharsetDecoder.onUnmappableCharacter (0x00007a39d44a7a88) [0x00007a39d44a7b80, 0x00007a39d44a8008] Compiler: c1, Barriers: 3, Oops: 0, ImmediateOops: 1, NonImmediateOops: No
[3,920s][debug][gc,nmethod     ] Register NMethod: io.sirix.page.PageKind$1.deserializePage (0x00007a39f2f27788) [0x00007a39f2f278a0, 0x00007a39f2f31bd0] Compiler: jvmci, Barriers: 104, Oops: 9, ImmediateOops: 1, NonImmediateOops: No
[3,920s][debug][gc,nmethod     ] Register NMethod: io.sirix.access.DatabaseConfiguration.getDatabaseFile (0x00007a39f2f31c88) [0x00007a39f2f31d80, 0x00007a39f2f31e68] Compiler: c1, Barriers: 1, Oops: 1, ImmediateOops: 0, NonImmediateOops: No
[3,921s][debug][gc,nmethod     ] Register NMethod: java.lang.invoke.DirectMethodHandle$Holder.fieldAccess (0x00007a39d44a8088) [0x00007a39d44a8180, 0x00007a39d44a8678] Compiler: c1, Barriers: 0, Oops: 0, ImmediateOops: 0, NonImmediateOops: No
[3,921s][debug][gc,nmethod     ] Register NMethod: java.lang.Long.parallelSuffix (0x00007a39d44a8688) [0x00007a39d44a8780, 0x00007a39d44a88b8] Compiler: c1, Barriers: 0, Oops: 0, ImmediateOops: 0, NonImmediateOops: No
[3,921s][debug][gc,nmethod     ] Register NMethod: java.io.OutputStream.flush (0x00007a39f2f31f88) [0x00007a39f2f32080, 0x00007a39f2f32100] Compiler: jvmci, Barriers: 0, Oops: 0, ImmediateOops: 0, NonImmediateOops: No
[3,924s][debug][gc,nmethod     ] Register NMethod: java.nio.file.Path.resolve (0x00007a39d44a8988) [0x00007a39d44a8a80, 0x00007a39d44a8fd0] Compiler: c1, Barriers: 1, Oops: 0, ImmediateOops: 0, NonImmediateOops: No
[3,925s][debug][gc,nmethod     ] Register NMethod: com.github.benmanes.caffeine.cache.stats.StatsCounter.disabledStatsCounter (0x00007a39d44a9008) [0x00007a39d44a9100, 0x00007a39d44a91e8] Compiler: c1, Barriers: 0, Oops: 1, ImmediateOops: 1, NonImmediateOops: No
[3,925s][debug][gc,nmethod     ] Register NMethod: com.github.benmanes.caffeine.cache.BoundedLocalCache.statsCounter (0x00007a39d44a9308) [0x00007a39d44a9400, 0x00007a39d44a9560] Compiler: c1, Barriers: 0, Oops: 1, ImmediateOops: 1, NonImmediateOops: No
[3,927s][debug][gc,nmethod     ] Register NMethod: com.sun.org.apache.xerces.internal.util.FeatureState.<init> (0x00007a39d44a9608) [0x00007a39d44a9700, 0x00007a39d44a98d8] Compiler: c1, Barriers: 3, Oops: 0, ImmediateOops: 0, NonImmediateOops: No
[3,927s][debug][gc,nmethod     ] Register NMethod: com.sun.org.apache.xerces.internal.parsers.XIncludeAwareParserConfiguration.getFeatureState (0x00007a39d44a9908) [0x00007a39d44a9a00, 0x00007a39d44aa438] Compiler: c1, Barriers: 6, Oops: 1, ImmediateOops: 4, NonImmediateOops: No
[3,927s][debug][gc,nmethod     ] Register NMethod: com.sun.org.apache.xerces.internal.util.ParserConfigurationSettings.getFeature (0x00007a39d44aa488) [0x00007a39d44aa580, 0x00007a39d44aab78] Compiler: c1, Barriers: 1, Oops: 0, ImmediateOops: 0, NonImmediateOops: No
[3,927s][debug][gc,nmethod     ] Register NMethod: io.sirix.cache.SegmentAllocators.roundUpToPowerOfTwo (0x00007a39d44aab88) [0x00007a39d44aac80, 0x00007a39d44acb20] Compiler: c1, Barriers: 3, Oops: 8, ImmediateOops: 12, NonImmediateOops: No
[3,929s][debug][gc,director    ] Rule Major: Warmup 10%, Used: 1106MB, UsedThreshold: 1228MB
[3,929s][debug][gc,director    ] Rule Minor: High Usage, Free: 11140MB(90,7%)
[3,933s][debug][gc,nmethod     ] Register NMethod: com.sun.org.apache.xerces.internal.util.XMLChar.isValid (0x00007a39f2f32288) [0x00007a39f2f32380, 0x00007a39f2f32450] Compiler: jvmci, Barriers: 0, Oops: 0, ImmediateOops: 1, NonImmediateOops: No
[3,936s][debug][gc,nmethod     ] Register NMethod: io.brackit.query.atomic.QNm.atomicCmpInternal (0x00007a39f2f32588) [0x00007a39f2f32680, 0x00007a39f2f32b00] Compiler: jvmci, Barriers: 8, Oops: 1, ImmediateOops: 0, NonImmediateOops: No
[3,936s][debug][gc,nmethod     ] Register NMethod: io.brackit.query.atomic.AbstractAtomic.atomicCmp (0x00007a39f2f32b88) [0x00007a39f2f32c80, 0x00007a39f2f33128] Compiler: jvmci, Barriers: 8, Oops: 1, ImmediateOops: 0, NonImmediateOops: No
[3,939s][debug][gc,director    ] Rule Major: Warmup 10%, Used: 1112MB, UsedThreshold: 1228MB
[3,939s][debug][gc,director    ] Rule Minor: High Usage, Free: 11134MB(90,6%)
[3,949s][debug][gc,director    ] Rule Major: Warmup 10%, Used: 1120MB, UsedThreshold: 1228MB
[3,949s][debug][gc,director    ] Rule Minor: High Usage, Free: 11126MB(90,5%)
[3,959s][debug][gc,director    ] Rule Major: Warmup 10%, Used: 1126MB, UsedThreshold: 1228MB
[3,959s][debug][gc,director    ] Rule Minor: High Usage, Free: 11120MB(90,5%)
[3,969s][debug][gc,director    ] Rule Major: Warmup 10%, Used: 1132MB, UsedThreshold: 1228MB
[3,969s][debug][gc,director    ] Rule Minor: High Usage, Free: 11114MB(90,4%)
[3,980s][debug][gc,director    ] Rule Major: Warmup 10%, Used: 1136MB, UsedThreshold: 1228MB
[3,980s][debug][gc,director    ] Rule Minor: High Usage, Free: 11110MB(90,4%)
[3,990s][debug][gc,director    ] Rule Major: Warmup 10%, Used: 1140MB, UsedThreshold: 1228MB
[3,990s][debug][gc,director    ] Rule Minor: High Usage, Free: 11106MB(90,4%)
[4,000s][debug][gc,director    ] Rule Major: Warmup 10%, Used: 1146MB, UsedThreshold: 1228MB
[4,000s][debug][gc,director    ] Rule Minor: High Usage, Free: 11100MB(90,3%)
[4,010s][debug][gc,director    ] Rule Major: Warmup 10%, Used: 1150MB, UsedThreshold: 1228MB
[4,010s][debug][gc,director    ] Rule Minor: High Usage, Free: 11096MB(90,3%)
[4,016s][debug][gc,nmethod     ] Register NMethod: com.sun.org.apache.xerces.internal.impl.XMLDocumentFragmentScannerImpl.scanDocument (0x00007a39f2f33188) [0x00007a39f2f33280, 0x00007a39f2f41168] Compiler: jvmci, Barriers: 296, Oops: 9, ImmediateOops: 15, NonImmediateOops: No
[4,020s][debug][gc,director    ] Rule Major: Warmup 10%, Used: 1154MB, UsedThreshold: 1228MB
[4,020s][debug][gc,director    ] Rule Minor: High Usage, Free: 11092MB(90,3%)
[4,030s][debug][gc,director    ] Rule Major: Warmup 10%, Used: 1160MB, UsedThreshold: 1228MB
[4,030s][debug][gc,director    ] Rule Minor: High Usage, Free: 11086MB(90,2%)
[4,041s][debug][gc,director    ] Rule Major: Warmup 10%, Used: 1166MB, UsedThreshold: 1228MB
[4,041s][debug][gc,director    ] Rule Minor: High Usage, Free: 11080MB(90,2%)
[4,051s][debug][gc,director    ] Rule Major: Warmup 10%, Used: 1170MB, UsedThreshold: 1228MB
[4,051s][debug][gc,director    ] Rule Minor: High Usage, Free: 11076MB(90,1%)
[4,061s][debug][gc,director    ] Rule Major: Warmup 10%, Used: 1174MB, UsedThreshold: 1228MB
[4,061s][debug][gc,director    ] Rule Minor: High Usage, Free: 11072MB(90,1%)
[4,071s][debug][gc,director    ] Rule Major: Warmup 10%, Used: 1180MB, UsedThreshold: 1228MB
[4,071s][debug][gc,director    ] Rule Minor: High Usage, Free: 11066MB(90,1%)
[4,076s][debug][gc,alloc       ] Mutator Allocation Rate: 417,2MB/s Predicted: 440,6MB/s, Avg: 334,3(+/-64,0)MB/s
[4,079s][debug][gc,director    ] Rule Major: Warmup 10%, Used: 1188MB, UsedThreshold: 1228MB
[4,079s][debug][gc,director    ] Rule Minor: High Usage, Free: 11058MB(90,0%)
[4,089s][debug][gc,director    ] Rule Major: Warmup 10%, Used: 1214MB, UsedThreshold: 1228MB
[4,089s][debug][gc,director    ] Rule Minor: High Usage, Free: 11032MB(89,8%)
[4,099s][debug][gc,director    ] Rule Major: Warmup 10%, Used: 1220MB, UsedThreshold: 1228MB
[4,099s][debug][gc,director    ] Rule Minor: High Usage, Free: 11026MB(89,7%)
[4,103s][debug][gc,nmethod     ] Register NMethod: java.nio.ByteBuffer.allocateDirect (0x00007a39d44acb88) [0x00007a39d44acc80, 0x00007a39d44ace08] Compiler: c1, Barriers: 0, Oops: 0, ImmediateOops: 0, NonImmediateOops: No
[4,104s][debug][gc,nmethod     ] Register NMethod: java.util.Collections.emptyMap (0x00007a39d44ace88) [0x00007a39d44acf80, 0x00007a39d44ad068] Compiler: c1, Barriers: 0, Oops: 0, ImmediateOops: 1, NonImmediateOops: No
[4,104s][debug][gc,nmethod     ] Register NMethod: java.text.DontCareFieldPosition$1.formatted (0x00007a39d44ad188) [0x00007a39d44ad280, 0x00007a39d44ad380] Compiler: c1, Barriers: 0, Oops: 0, ImmediateOops: 0, NonImmediateOops: No
[4,104s][debug][gc,nmethod     ] Register NMethod: java.nio.DirectByteBuffer.<init> (0x00007a39d44ad488) [0x00007a39d44ad580, 0x00007a39d44aeef0] Compiler: c1, Barriers: 25, Oops: 2, ImmediateOops: 14, NonImmediateOops: No
[4,105s][debug][gc,nmethod     ] Register NMethod: java.lang.Enum.hashCode (0x00007a39d44aef08) [0x00007a39d44af000, 0x00007a39d44af178] Compiler: c1, Barriers: 0, Oops: 0, ImmediateOops: 0, NonImmediateOops: No
[4,105s][debug][gc,nmethod     ] Register NMethod: jdk.internal.foreign.abi.SharedUtils.checkNative (0x00007a39f2f41208) [0x00007a39f2f41300, 0x00007a39f2f413e0] Compiler: jvmci, Barriers: 0, Oops: 0, ImmediateOops: 0, NonImmediateOops: No
[4,107s][debug][gc,nmethod     ] Register NMethod: java.util.BitSet.toByteArray (0x00007a39f2f41508) [0x00007a39f2f41600, 0x00007a39f2f41e70] Compiler: jvmci, Barriers: 1, Oops: 1, ImmediateOops: 0, NonImmediateOops: No
[4,109s][debug][gc,nmethod     ] Register NMethod: java.lang.Thread.threadId (0x00007a39f2f41e88) [0x00007a39f2f41f80, 0x00007a39f2f42040] Compiler: c1, Barriers: 0, Oops: 0, ImmediateOops: 0, NonImmediateOops: No
[4,109s][debug][gc,director    ] Rule Major: Warmup 10%, Used: 1222MB, UsedThreshold: 1228MB
[4,109s][debug][gc,director    ] Rule Minor: High Usage, Free: 11024MB(89,7%)
[4,110s][debug][gc,nmethod     ] Register NMethod: io.sirix.cache.RecordPageFragmentCache.get (0x00007a39d44af208) [0x00007a39d44af300, 0x00007a39d44af848] Compiler: c1, Barriers: 1, Oops: 1, ImmediateOops: 0, NonImmediateOops: No
[4,111s][debug][gc,nmethod     ] Register NMethod: io.sirix.cache.RecordPageFragmentCache.get (0x00007a39d44af888) [0x00007a39d44af980, 0x00007a39d44b02e0] Compiler: c1, Barriers: 1, Oops: 1, ImmediateOops: 0, NonImmediateOops: No
[4,111s][debug][gc,nmethod     ] Register NMethod: java.lang.invoke.DirectMethodHandle$Holder.invokeSpecial (0x00007a39d44b0308) [0x00007a39d44b0400, 0x00007a39d44b07c8] Compiler: c1, Barriers: 1, Oops: 0, ImmediateOops: 0, NonImmediateOops: No
[4,111s][debug][gc,nmethod     ] Register NMethod: java.lang.invoke.LambdaForm$MH/0x00000000ba224800.invoke (0x00007a39d44b0808) [0x00007a39d44b0900, 0x00007a39d44b1070] Compiler: c1, Barriers: 2, Oops: 1, ImmediateOops: 0, NonImmediateOops: No
[4,111s][debug][gc,nmethod     ] Register NMethod: java.lang.StringConcatHelper$Concat1.concat (0x00007a39d44b1088) [0x00007a39d44b1180, 0x00007a39d44b2ae0] Compiler: c1, Barriers: 8, Oops: 0, ImmediateOops: 4, NonImmediateOops: No
[4,114s][debug][gc,nmethod     ] Register NMethod: io.sirix.cache.SegmentAllocators.getIndexForSize (0x00007a39f2f42188) [0x00007a39f2f42280, 0x00007a39f2f423f0] Compiler: jvmci, Barriers: 0, Oops: 1, ImmediateOops: 1, NonImmediateOops: No
[4,116s][debug][gc,nmethod     ] Register NMethod: io.sirix.node.delegates.NodeDelegate.<init> (0x00007a39f2f42488) [0x00007a39f2f42580, 0x00007a39f2f42730] Compiler: jvmci, Barriers: 6, Oops: 1, ImmediateOops: 0, NonImmediateOops: No
[4,116s][debug][gc,nmethod     ] Register NMethod: io.sirix.node.delegates.NameNodeDelegate.<init> (0x00007a39f2f42788) [0x00007a39f2f42880, 0x00007a39f2f429a8] Compiler: jvmci, Barriers: 3, Oops: 1, ImmediateOops: 0, NonImmediateOops: No
[4,117s][debug][gc,nmethod     ] Register NMethod: java.text.NumberFormat.isGroupingUsed (0x00007a39f2f42a88) [0x00007a39f2f42b80, 0x00007a39f2f42c40] Compiler: c1, Barriers: 0, Oops: 0, ImmediateOops: 0, NonImmediateOops: No
[4,117s][debug][gc,nmethod     ] Register NMethod: java.util.stream.ReferencePipeline.toArray (0x00007a39d44b2b08) [0x00007a39d44b2c00, 0x00007a39d44b3140] Compiler: c1, Barriers: 0, Oops: 0, ImmediateOops: 0, NonImmediateOops: No
[4,117s][debug][gc,nmethod     ] Register NMethod: java.util.stream.ReferencePipeline.toArray (0x00007a39d44b3188) [0x00007a39d44b3280, 0x00007a39d44b3a98] Compiler: c1, Barriers: 0, Oops: 2, ImmediateOops: 1, NonImmediateOops: No
[4,117s][debug][gc,nmethod     ] Register NMethod: java.nio.file.FileSystems.getDefault (0x00007a39d44b3b08) [0x00007a39d44b3c00, 0x00007a39d44b4060] Compiler: c1, Barriers: 1, Oops: 0, ImmediateOops: 3, NonImmediateOops: No
[4,117s][debug][gc,nmethod     ] Register NMethod: java.lang.ThreadLocal$ThreadLocalMap.cleanSomeSlots (0x00007a39d44b4088) [0x00007a39d44b4180, 0x00007a39d44b49b8] Compiler: c1, Barriers: 2, Oops: 0, ImmediateOops: 0, NonImmediateOops: No
[4,118s][debug][gc,nmethod     ] Register NMethod: io.sirix.index.path.summary.PathNode.<init> (0x00007a39f2f42d88) [0x00007a39f2f42e80, 0x00007a39f2f43240] Compiler: jvmci, Barriers: 15, Oops: 1, ImmediateOops: 0, NonImmediateOops: No
[4,118s][debug][gc,nmethod     ] Register NMethod: java.nio.file.Files.size (0x00007a39d44b4a08) [0x00007a39d44b4b00, 0x00007a39d44b5268] Compiler: c1, Barriers: 2, Oops: 1, ImmediateOops: 1, NonImmediateOops: No
[4,118s][debug][gc,nmethod     ] Register NMethod: sun.nio.fs.UnixFileAttributes$UnixAsBasicFileAttributes.size (0x00007a39d44b5288) [0x00007a39d44b5380, 0x00007a39d44b54e0] Compiler: c1, Barriers: 1, Oops: 0, ImmediateOops: 0, NonImmediateOops: No
[4,118s][debug][gc,nmethod     ] Register NMethod: com.github.benmanes.caffeine.cache.SSMS.evicts (0x00007a39f2f43288) [0x00007a39f2f43380, 0x00007a39f2f43440] Compiler: c1, Barriers: 0, Oops: 1, ImmediateOops: 0, NonImmediateOops: No
[4,118s][debug][gc,nmethod     ] Register NMethod: com.github.benmanes.caffeine.cache.FrequencySketch.incrementAt (0x00007a39d44b5588) [0x00007a39d44b5680, 0x00007a39d44b5868] Compiler: c1, Barriers: 1, Oops: 1, ImmediateOops: 0, NonImmediateOops: No
[4,119s][debug][gc,nmethod     ] Register NMethod: io.sirix.page.AbstractForwardingPage.<init> (0x00007a39d44b5888) [0x00007a39d44b5980, 0x00007a39d44b5b38] Compiler: c1, Barriers: 0, Oops: 1, ImmediateOops: 0, NonImmediateOops: No
[4,119s][debug][gc,nmethod     ] Register NMethod: it.unimi.dsi.fastutil.ints.AbstractInt2LongMap.<init> (0x00007a39d44b5b88) [0x00007a39d44b5c80, 0x00007a39d44b5e38] Compiler: c1, Barriers: 0, Oops: 1, ImmediateOops: 0, NonImmediateOops: No
[4,119s][debug][gc,nmethod     ] Register NMethod: it.unimi.dsi.fastutil.ints.AbstractInt2LongFunction.<init> (0x00007a39d44b5e88) [0x00007a39d44b5f80, 0x00007a39d44b60d8] Compiler: c1, Barriers: 0, Oops: 1, ImmediateOops: 0, NonImmediateOops: No
[4,119s][debug][gc,nmethod     ] Register NMethod: it.unimi.dsi.fastutil.ints.AbstractInt2IntMap.<init> (0x00007a39d44b6188) [0x00007a39d44b6280, 0x00007a39d44b6438] Compiler: c1, Barriers: 0, Oops: 1, ImmediateOops: 0, NonImmediateOops: No
[4,119s][debug][gc,nmethod     ] Register NMethod: it.unimi.dsi.fastutil.ints.Int2LongOpenHashMap.<init> (0x00007a39d44b6488) [0x00007a39d44b65a0, 0x00007a39d44b6e40] Compiler: c1, Barriers: 6, Oops: 1, ImmediateOops: 2, NonImmediateOops: No
[4,119s][debug][gc,nmethod     ] Register NMethod: it.unimi.dsi.fastutil.ints.AbstractInt2IntFunction.<init> (0x00007a39d44b6e88) [0x00007a39d44b6f80, 0x00007a39d44b70d8] Compiler: c1, Barriers: 0, Oops: 1, ImmediateOops: 0, NonImmediateOops: No
[4,119s][debug][gc,nmethod     ] Register NMethod: it.unimi.dsi.fastutil.ints.Int2IntOpenHashMap.<init> (0x00007a39d44b7188) [0x00007a39d44b72a0, 0x00007a39d44b7b40] Compiler: c1, Barriers: 6, Oops: 1, ImmediateOops: 2, NonImmediateOops: No
[4,120s][debug][gc,director    ] Rule Major: Warmup 10%, Used: 1226MB, UsedThreshold: 1228MB
[4,120s][debug][gc,director    ] Rule Minor: High Usage, Free: 11020MB(89,7%)
[4,120s][debug][gc,nmethod     ] Register NMethod: jdk.internal.foreign.MemorySessionImpl.toMemorySession (0x00007a39d44b7b88) [0x00007a39d44b7c80, 0x00007a39d44b8168] Compiler: c1, Barriers: 0, Oops: 0, ImmediateOops: 0, NonImmediateOops: No
[4,120s][debug][gc,nmethod     ] Register NMethod: sun.nio.ch.FileChannelImpl.toProt (0x00007a39d44b8188) [0x00007a39d44b8280, 0x00007a39d44b85b8] Compiler: c1, Barriers: 0, Oops: 0, ImmediateOops: 5, NonImmediateOops: No
[4,120s][debug][gc,nmethod     ] Register NMethod: sun.nio.ch.FileChannelImpl.isSync (0x00007a39d44b8608) [0x00007a39d44b8700, 0x00007a39d44b8988] Compiler: c1, Barriers: 0, Oops: 0, ImmediateOops: 3, NonImmediateOops: No
[4,120s][debug][gc,nmethod     ] Register NMethod: sun.nio.ch.UnixFileDispatcherImpl.map (0x00007a39d44b8a08) [0x00007a39d44b8b00, 0x00007a39d44b8c40] Compiler: c1, Barriers: 0, Oops: 0, ImmediateOops: 0, NonImmediateOops: No
[4,120s][debug][gc,nmethod     ] Register NMethod: sun.nio.ch.UnixFileDispatcherImpl.allocationGranularity (0x00007a39d44b8d08) [0x00007a39d44b8e00, 0x00007a39d44b8f30] Compiler: c1, Barriers: 0, Oops: 0, ImmediateOops: 0, NonImmediateOops: No
[4,120s][debug][gc,nmethod     ] Register NMethod: io.sirix.access.trx.page.NodePageTrx.getName (0x00007a39f2f43588) [0x00007a39f2f43680, 0x00007a39f2f43c88] Compiler: jvmci, Barriers: 9, Oops: 1, ImmediateOops: 0, NonImmediateOops: No
[4,120s][debug][gc,nmethod     ] Register NMethod: sun.nio.ch.UnixFileDispatcherImpl.duplicateForMapping (0x00007a39d44b9008) [0x00007a39d44b9100, 0x00007a39d44b9328] Compiler: c1, Barriers: 0, Oops: 0, ImmediateOops: 0, NonImmediateOops: No
[4,120s][debug][gc,nmethod     ] Register NMethod: sun.nio.ch.FileChannelImpl$DefaultUnmapper.<init> (0x00007a39d44b9388) [0x00007a39d44b9480, 0x00007a39d44b97b8] Compiler: c1, Barriers: 0, Oops: 0, ImmediateOops: 0, NonImmediateOops: No
[4,120s][debug][gc,nmethod     ] Register NMethod: sun.nio.ch.FileChannelImpl.checkMode (0x00007a39d44b9808) [0x00007a39d44b9900, 0x00007a39d44b9d60] Compiler: c1, Barriers: 0, Oops: 0, ImmediateOops: 2, NonImmediateOops: No
[4,120s][debug][gc,nmethod     ] Register NMethod: sun.nio.ch.FileChannelImpl$Unmapper.<init> (0x00007a39d44b9d88) [0x00007a39d44b9e80, 0x00007a39d44ba070] Compiler: c1, Barriers: 3, Oops: 0, ImmediateOops: 0, NonImmediateOops: No
[4,120s][debug][gc,nmethod     ] Register NMethod: sun.nio.ch.FileChannelImpl$DefaultUnmapper.incrementStats (0x00007a39d44ba088) [0x00007a39d44ba180, 0x00007a39d44ba488] Compiler: c1, Barriers: 0, Oops: 1, ImmediateOops: 3, NonImmediateOops: No
[4,120s][debug][gc,nmethod     ] Register NMethod: sun.nio.ch.FileChannelImpl$Unmapper.address (0x00007a39d44ba508) [0x00007a39d44ba600, 0x00007a39d44ba710] Compiler: c1, Barriers: 0, Oops: 0, ImmediateOops: 0, NonImmediateOops: No
[4,120s][debug][gc,nmethod     ] Register NMethod: jdk.internal.foreign.MappedMemorySegmentImpl.<init> (0x00007a39d44ba808) [0x00007a39d44ba900, 0x00007a39d44baea0] Compiler: c1, Barriers: 6, Oops: 0, ImmediateOops: 1, NonImmediateOops: No
[4,121s][debug][gc,nmethod     ] Register NMethod: sun.nio.ch.IOStatus.checkAll (0x00007a39d44baf08) [0x00007a39d44bb000, 0x00007a39d44bb168] Compiler: c1, Barriers: 0, Oops: 0, ImmediateOops: 0, NonImmediateOops: No
[4,121s][debug][gc,nmethod     ] Register NMethod: sun.nio.ch.FileChannelImpl.map (0x00007a39d44bb208) [0x00007a39d44bb300, 0x00007a39d44bcc88] Compiler: c1, Barriers: 3, Oops: 2, ImmediateOops: 10, NonImmediateOops: No
[4,121s][debug][gc,nmethod     ] Register NMethod: jdk.internal.foreign.SegmentFactories.mapSegment (0x00007a39d44bcd08) [0x00007a39d44bce00, 0x00007a39d44bdcb0] Compiler: c1, Barriers: 4, Oops: 0, ImmediateOops: 0, NonImmediateOops: No
[4,121s][debug][gc,nmethod     ] Register NMethod: io.sirix.page.DeserializedBitmapReferencesPageTuple.getReferences (0x00007a39f2f43d08) [0x00007a39f2f43e00, 0x00007a39f2f43ee8] Compiler: c1, Barriers: 1, Oops: 1, ImmediateOops: 0, NonImmediateOops: No
[4,121s][debug][gc,nmethod     ] Register NMethod: io.sirix.page.DeserializedBitmapReferencesPageTuple.getBitmap (0x00007a39f2f44008) [0x00007a39f2f44100, 0x00007a39f2f441e8] Compiler: c1, Barriers: 1, Oops: 1, ImmediateOops: 0, NonImmediateOops: No
[4,121s][debug][gc,nmethod     ] Register NMethod: jdk.internal.foreign.SegmentFactories$2.<init> (0x00007a39d44bdd08) [0x00007a39d44bde00, 0x00007a39d44be030] Compiler: c1, Barriers: 3, Oops: 0, ImmediateOops: 0, NonImmediateOops: No
[4,121s][debug][gc,nmethod     ] Register NMethod: java.lang.invoke.DelegatingMethodHandle$Holder.delegate (0x00007a39d44be088) [0x00007a39d44be180, 0x00007a39d44be888] Compiler: c1, Barriers: 0, Oops: 0, ImmediateOops: 0, NonImmediateOops: No
[4,121s][debug][gc,nmethod     ] Register NMethod: com.github.benmanes.caffeine.cache.LocalAsyncCache$CacheView.asyncCache (0x00007a39f2f44308) [0x00007a39f2f44400, 0x00007a39f2f444e8] Compiler: c1, Barriers: 1, Oops: 1, ImmediateOops: 0, NonImmediateOops: No
[4,121s][debug][gc,nmethod     ] Register NMethod: io.sirix.io.RevisionFileData.offset (0x00007a39f2f44608) [0x00007a39f2f44700, 0x00007a39f2f447c0] Compiler: c1, Barriers: 0, Oops: 1, ImmediateOops: 0, NonImmediateOops: No
[4,121s][debug][gc,nmethod     ] Register NMethod: io.sirix.node.MemorySegmentBytesIn.readBoolean (0x00007a39d44be908) [0x00007a39d44bea00, 0x00007a39d44beb98] Compiler: c1, Barriers: 0, Oops: 1, ImmediateOops: 0, NonImmediateOops: No
[4,122s][debug][gc,nmethod     ] Register NMethod: sun.nio.ch.FileChannelImpl.mapInternal (0x00007a39d44bec08) [0x00007a39d44bed00, 0x00007a39d44c3f78] Compiler: c1, Barriers: 14, Oops: 0, ImmediateOops: 14, NonImmediateOops: No
[4,124s][debug][gc,nmethod     ] Register NMethod: it.unimi.dsi.fastutil.ints.Int2LongOpenHashMap.find (0x00007a39f2f44908) [0x00007a39f2f44a00, 0x00007a39f2f44c70] Compiler: jvmci, Barriers: 1, Oops: 1, ImmediateOops: 0, NonImmediateOops: No
[4,125s][debug][gc,nmethod     ] Register NMethod: io.brackit.query.compiler.parser.Tokenizer.laNCName (0x00007a39d44c3f88) [0x00007a39d44c4080, 0x00007a39d44c4850] Compiler: c1, Barriers: 6, Oops: 1, ImmediateOops: 0, NonImmediateOops: No
[4,127s][debug][gc,nmethod     ] Register NMethod: io.brackit.query.expr.PathStepExpr.evaluate (0x00007a39d4296808) [0x00007a39d4296900, 0x00007a39d4297738] Compiler: c1, Barriers: 16, Oops: 1, ImmediateOops: 0, NonImmediateOops: No
[4,130s][debug][gc,director    ] Rule Major: Warmup 10%, Used: 1226MB, UsedThreshold: 1228MB
[4,130s][debug][gc,director    ] Rule Minor: High Usage, Free: 11020MB(89,7%)
[4,130s][debug][gc,nmethod     ] Register NMethod: it.unimi.dsi.fastutil.ints.Int2LongOpenHashMap.put (0x00007a39f2f44c88) [0x00007a39f2f44d80, 0x00007a39f2f458b0] Compiler: jvmci, Barriers: 10, Oops: 1, ImmediateOops: 0, NonImmediateOops: No
[4,134s][debug][gc,nmethod     ] Register NMethod: java.lang.invoke.MethodHandle.linkToStatic (0x00007a39f2f45908) [0x00007a39f2f45a00, 0x00007a39f2f45af0] Compiler: , Barriers: 0, Oops: 0, ImmediateOops: 0, NonImmediateOops: No
[4,134s][debug][gc,nmethod     ] Register NMethod: java.lang.invoke.MethodType.appendParameterTypes (0x00007a39d44c4888) [0x00007a39d44c4980, 0x00007a39d44c4ec8] Compiler: c1, Barriers: 1, Oops: 0, ImmediateOops: 0, NonImmediateOops: No
[4,135s][debug][gc,nmethod     ] Register NMethod: java.lang.invoke.MethodHandle.linkToSpecial (0x00007a39f2f45c08) [0x00007a39f2f45d00, 0x00007a39f2f45df8] Compiler: , Barriers: 0, Oops: 0, ImmediateOops: 0, NonImmediateOops: No
[4,135s][debug][gc,nmethod     ] Register NMethod: java.lang.invoke.DirectMethodHandle.getFunction (0x00007a39d44c4f08) [0x00007a39d44c5000, 0x00007a39d44c5498] Compiler: c1, Barriers: 4, Oops: 1, ImmediateOops: 2, NonImmediateOops: No
[4,136s][debug][gc,nmethod     ] Register NMethod: java.lang.invoke.MethodHandle.invokeBasic (0x00007a39f2f45f08) [0x00007a39f2f46000, 0x00007a39f2f46298] Compiler: , Barriers: 0, Oops: 0, ImmediateOops: 0, NonImmediateOops: No
[4,136s][debug][gc,nmethod     ] Register NMethod: java.lang.invoke.MethodHandle.linkToSpecial (0x00007a39f2f46308) [0x00007a39f2f46400, 0x00007a39f2f464f8] Compiler: , Barriers: 0, Oops: 0, ImmediateOops: 0, NonImmediateOops: No
[4,136s][debug][gc,nmethod     ] Register NMethod: jdk.internal.misc.Unsafe.getCharUnaligned (0x00007a39f2f46608) [0x00007a39f2f46700, 0x00007a39f2f467c8] Compiler: jvmci, Barriers: 0, Oops: 0, ImmediateOops: 0, NonImmediateOops: No
[4,137s][debug][gc,nmethod     ] Register NMethod: java.lang.invoke.DelegatingMethodHandle.whichKind (0x00007a39d44c5508) [0x00007a39d44c5600, 0x00007a39d44c57c0] Compiler: c1, Barriers: 0, Oops: 0, ImmediateOops: 3, NonImmediateOops: No
[4,137s][debug][gc,nmethod     ] Register NMethod: java.lang.invoke.BoundMethodHandle$SpeciesData.extendWith (0x00007a39d44c5808) [0x00007a39d44c5900, 0x00007a39d44c74a8] Compiler: c1, Barriers: 7, Oops: 1, ImmediateOops: 2, NonImmediateOops: No
[4,138s][debug][gc,nmethod     ] Register NMethod: java.lang.invoke.DelegatingMethodHandle.makeReinvokerForm (0x00007a39d44c7508) [0x00007a39d44c7600, 0x00007a39d44cb170] Compiler: c1, Barriers: 37, Oops: 0, ImmediateOops: 2, NonImmediateOops: No
[4,138s][debug][gc,nmethod     ] Register NMethod: java.lang.String.getBytes (0x00007a39f2f46908) [0x00007a39f2f46a00, 0x00007a39f2f47e58] Compiler: jvmci, Barriers: 1, Oops: 0, ImmediateOops: 1, NonImmediateOops: No
[4,140s][debug][gc,director    ] Rule Major: Warmup 10%, Used: 1226MB, UsedThreshold: 1228MB
[4,140s][debug][gc,director    ] Rule Minor: High Usage, Free: 11020MB(89,7%)
[4,144s][debug][gc,nmethod     ] Register NMethod: java.util.concurrent.ConcurrentHashMap.putVal (0x00007a39f2f47e88) [0x00007a39f2f47f80, 0x00007a39f2f490d8] Compiler: jvmci, Barriers: 32, Oops: 0, ImmediateOops: 0, NonImmediateOops: No
[4,148s][debug][gc,nmethod     ] Register NMethod: java.lang.ref.Reference.refersToImpl (0x00007a39f2f49108) [0x00007a39f2f49200, 0x00007a39f2f492c0] Compiler: jvmci, Barriers: 2, Oops: 0, ImmediateOops: 0, NonImmediateOops: No
[4,150s][debug][gc,director    ] Rule Major: Warmup 10%, Used: 1228MB, UsedThreshold: 1228MB
[4,150s][debug][gc,director    ] Rule Minor: High Usage, Free: 11018MB(89,7%)
[4,151s][debug][gc,nmethod     ] Register NMethod: java.lang.invoke.DirectMethodHandle$Holder.invokeStatic (0x00007a39d44cb188) [0x00007a39d44cb280, 0x00007a39d44cb648] Compiler: c1, Barriers: 1, Oops: 0, ImmediateOops: 0, NonImmediateOops: No
[4,151s][debug][gc,nmethod     ] Register NMethod: java.lang.invoke.LambdaForm$MH/0x00000000ba298c00.invoke (0x00007a39d44cb688) [0x00007a39d44cb780, 0x00007a39d44cc2f0] Compiler: c1, Barriers: 2, Oops: 1, ImmediateOops: 0, NonImmediateOops: No
[4,152s][debug][gc,nmethod     ] Register NMethod: io.sirix.index.path.summary.PathSummaryReader.moveTo (0x00007a39d44cc308) [0x00007a39d44cc400, 0x00007a39d44cd108] Compiler: c1, Barriers: 13, Oops: 1, ImmediateOops: 2, NonImmediateOops: No
[4,152s][debug][gc,nmethod     ] Register NMethod: io.sirix.page.NamePage.getName (0x00007a39d44cd188) [0x00007a39d44cd280, 0x00007a39d44ce8f0] Compiler: c1, Barriers: 25, Oops: 1, ImmediateOops: 4, NonImmediateOops: No
[4,153s][debug][gc,nmethod     ] Register NMethod: io.sirix.access.trx.page.NodePageReadOnlyTrx.getResourceSession (0x00007a39f2f49408) [0x00007a39f2f49500, 0x00007a39f2f495e8] Compiler: jvmci, Barriers: 1, Oops: 1, ImmediateOops: 0, NonImmediateOops: No
[4,153s][debug][gc,nmethod     ] Register NMethod: io.sirix.access.trx.page.NodePageReadOnlyTrx.getName (0x00007a39d44ce908) [0x00007a39d44cea00, 0x00007a39d44cf080] Compiler: c1, Barriers: 1, Oops: 1, ImmediateOops: 1, NonImmediateOops: No
[4,154s][debug][gc,nmethod     ] Register NMethod: io.sirix.index.path.summary.PathNode.<init> (0x00007a39d44cf108) [0x00007a39d44cf200, 0x00007a39d44cfe48] Compiler: c1, Barriers: 15, Oops: 2, ImmediateOops: 2, NonImmediateOops: No
[4,155s][debug][gc,nmethod     ] Register NMethod: io.sirix.cache.RecordPageCache$$Lambda/0x00000000ba2c4698.apply (0x00007a39d44cfe88) [0x00007a39d44cff80, 0x00007a39d44d04c0] Compiler: c1, Barriers: 0, Oops: 1, ImmediateOops: 0, NonImmediateOops: No
[4,156s][debug][gc,nmethod     ] Register NMethod: io.sirix.cache.RecordPageCache.lambda$unpinAndUpdateWeight$0 (0x00007a39d44d0508) [0x00007a39d44d0600, 0x00007a39d44d1eb0] Compiler: c1, Barriers: 2, Oops: 4, ImmediateOops: 3, NonImmediateOops: No
[4,160s][debug][gc,director    ] Rule Major: Warmup 10%, Used: 1228MB, UsedThreshold: 1228MB
[4,160s][debug][gc,director    ] Rule Minor: High Usage, Free: 11018MB(89,7%)
[4,165s][debug][gc,nmethod     ] Register NMethod: java.lang.invoke.DirectMethodHandle$Holder.invokeStatic (0x00007a39d44d1f08) [0x00007a39d44d2000, 0x00007a39d44d23d0] Compiler: c1, Barriers: 1, Oops: 0, ImmediateOops: 0, NonImmediateOops: No
[4,166s][debug][gc,nmethod     ] Register NMethod: java.util.BitSet.nextSetBit (0x00007a39d44d2408) [0x00007a39d44d2500, 0x00007a39d44d34f0] Compiler: c1, Barriers: 1, Oops: 1, ImmediateOops: 2, NonImmediateOops: No
[4,167s][debug][gc,nmethod     ] Register NMethod: jdk.internal.misc.Unsafe.compareAndExchangeInt (0x00007a39f2f49708) [0x00007a39f2f49800, 0x00007a39f2f49968] Compiler: , Barriers: 0, Oops: 0, ImmediateOops: 0, NonImmediateOops: No
[4,167s][debug][gc,nmethod     ] Register NMethod: java.util.ArrayDeque.addLast (0x00007a39f2f49a08) [0x00007a39f2f49b00, 0x00007a39f2f4a3c8] Compiler: jvmci, Barriers: 24, Oops: 0, ImmediateOops: 0, NonImmediateOops: No
[4,167s][debug][gc,nmethod     ] Register NMethod: jdk.internal.misc.ScopedMemoryAccess.closeScope0 (0x00007a39f2f4a408) [0x00007a39f2f4a500, 0x00007a39f2f4a670] Compiler: , Barriers: 0, Oops: 0, ImmediateOops: 0, NonImmediateOops: No
[4,169s][debug][gc,nmethod     ] Register NMethod: com.github.benmanes.caffeine.cache.stats.ConcurrentStatsCounter.recordHits (0x00007a39d44d3508) [0x00007a39d44d3600, 0x00007a39d44d3788] Compiler: c1, Barriers: 1, Oops: 1, ImmediateOops: 0, NonImmediateOops: No
[4,170s][debug][gc,director    ] Rule Major: Warmup 10%, Used: 1232MB, UsedThreshold: 1228MB
[4,170s][info ][gc             ] GC(1) Major Collection (Warmup)
[4,170s][info ][gc,task        ] GC(1) Using 5 Workers for Young Generation
[4,170s][info ][gc,task        ] GC(1) Using 3 Workers for Old Generation
[4,170s][debug][gc,heap        ] GC(1) Y: Heap Before GC invocations=1 (full 1):
[4,170s][debug][gc,heap        ] GC(1) Y:  ZHeap           used 1232M, capacity 5120M, max capacity 12288M
[4,170s][debug][gc,heap        ] GC(1) Y:   Cache          3888M (1)
[4,170s][debug][gc,heap        ] GC(1) Y:    size classes  2G (1)
[4,170s][debug][gc,metaspace   ] GC(1) Y: Metaspace Before GC invocations=1 (full 1):
[4,170s][debug][gc,metaspace   ] GC(1) Y:  Metaspace       used 35354K, committed 35776K, reserved 1114112K
[4,171s][debug][gc,metaspace   ] GC(1) Y:   class space    used 3074K, committed 3264K, reserved 1048576K
[4,171s][info ][gc,phases      ] GC(1) Y: Young Generation
[4,171s][debug][gc,reloc       ] Synchronize all workers 1 _nworkers: 0 _nsynchronized: 0
[4,171s][debug][gc,reloc       ] Synchronize all workers 1 _nworkers: 0 _nsynchronized: 0
[4,171s][debug][gc,phases,start] GC(1) Y: Pause Mark Start (Major)
[4,171s][debug][gc,tlab        ] GC(1) Y: TLAB usage update: used 80M -> 1144M, capacity: 80M -> 399M
[4,171s][debug][gc,marking     ] GC(1) Y: Using 4 mark stripes
[4,171s][debug][gc,marking     ] GC(1) Y: Mark Worker/Stripe Distribution
[4,171s][debug][gc,marking     ] GC(1) Y:   Worker 0(5) -> Stripe 0(4)
[4,171s][debug][gc,marking     ] GC(1) Y:   Worker 1(5) -> Stripe 1(4)
[4,171s][debug][gc,marking     ] GC(1) Y:   Worker 2(5) -> Stripe 2(4)
[4,171s][debug][gc,marking     ] GC(1) Y:   Worker 3(5) -> Stripe 3(4)
[4,171s][debug][gc,marking     ] GC(1) Y:   Worker 4(5) -> Stripe 0(4)
[4,171s][debug][gc,marking     ] GC(1) Y: Using 2 mark stripes
[4,171s][debug][gc,marking     ] GC(1) Y: Mark Worker/Stripe Distribution
[4,171s][debug][gc,marking     ] GC(1) Y:   Worker 0(3) -> Stripe 0(2)
[4,171s][debug][gc,marking     ] GC(1) Y:   Worker 1(3) -> Stripe 1(2)
[4,171s][debug][gc,marking     ] GC(1) Y:   Worker 2(3) -> Stripe 0(2)
[4,171s][info ][gc,phases      ] GC(1) Y: Pause Mark Start (Major) 0,188ms
[4,171s][debug][gc,reloc       ] Desynchronize all workers _nworkers: 0 _nsynchronized: 0
[4,171s][debug][gc,reloc       ] Desynchronize all workers _nworkers: 0 _nsynchronized: 0
[4,171s][debug][gc,marking     ] Resurrection broke termination
[4,171s][debug][gc,phases,start] GC(1) Y: Concurrent Mark
[4,171s][debug][gc,phases,start] GC(1) Y: Concurrent Mark Roots
[4,171s][debug][gc,task        ] GC(1) Y: Executing ZMarkYoungRootsTask using ZWorkerYoung with 5 workers
[4,171s][debug][gc,nmethod     ] Register NMethod: java.util.BitSet.valueOf (0x00007a39d44d3808) [0x00007a39d44d3900, 0x00007a39d44d3aa8] Compiler: c1, Barriers: 0, Oops: 0, ImmediateOops: 0, NonImmediateOops: No
[4,171s][debug][gc,nmethod     ] Register NMethod: io.sirix.page.SerializationType.deserializeBitSet (0x00007a39d44d3b08) [0x00007a39d44d3c00, 0x00007a39d44d3fe0] Compiler: c1, Barriers: 0, Oops: 1, ImmediateOops: 0, NonImmediateOops: No
[4,173s][debug][gc,nmethod     ] Register NMethod: io.sirix.access.trx.node.AbstractNodeReadOnlyTrx.hasNode (0x00007a39d44d4008) [0x00007a39d44d4100, 0x00007a39d44d4d30] Compiler: c1, Barriers: 4, Oops: 1, ImmediateOops: 2, NonImmediateOops: No
[4,174s][debug][gc,nmethod     ] Register NMethod: io.sirix.service.xml.xpath.expr.UnionAxis.hasNext (0x00007a39d44d4d88) [0x00007a39d44d4e80, 0x00007a39d44d5da8] Compiler: c1, Barriers: 5, Oops: 1, ImmediateOops: 0, NonImmediateOops: No
[4,174s][debug][gc,nmethod     ] Register NMethod: io.sirix.axis.AbstractAxis.hasNext (0x00007a39d44d5e08) [0x00007a39d44d5f00, 0x00007a39d44d69c8] Compiler: c1, Barriers: 2, Oops: 1, ImmediateOops: 1, NonImmediateOops: No
[4,175s][debug][gc,nmethod     ] Register NMethod: io.sirix.service.xml.xpath.AbstractAxis.nextLong (0x00007a39d44d6a08) [0x00007a39d44d6b00, 0x00007a39d44d76f8] Compiler: c1, Barriers: 3, Oops: 1, ImmediateOops: 2, NonImmediateOops: No
[4,175s][debug][gc,nmethod     ] Register NMethod: com.github.benmanes.caffeine.cache.SSLSMW.setMainProtectedWeightedSize (0x00007a39f2f4a708) [0x00007a39f2f4a800, 0x00007a39f2f4a8c0] Compiler: c1, Barriers: 0, Oops: 1, ImmediateOops: 0, NonImmediateOops: No
[4,175s][debug][gc,nmethod     ] Register NMethod: com.github.benmanes.caffeine.cache.SSLSMW.accessOrderProtectedDeque (0x00007a39f2f4aa08) [0x00007a39f2f4ab00, 0x00007a39f2f4abf0] Compiler: c1, Barriers: 1, Oops: 1, ImmediateOops: 0, NonImmediateOops: No
[4,175s][debug][gc,tlab        ] GC(1) Y: TLAB totals: thrds: 33  refills: 4082 max: 3191 slow allocs: 2641 max 1338 waste:  0,5% gc: 1793944B max: 255024B slow: 3126392B max: 2493160B
[4,175s][debug][gc,phases      ] GC(1) Y: Concurrent Mark Roots 4,078ms
[4,175s][debug][gc,phases,start] GC(1) Y: Concurrent Mark Follow
[4,175s][debug][gc,marking     ] GC(1) Y: Using 4 mark stripes
[4,175s][debug][gc,task        ] GC(1) Y: Executing ZRememberedScanMarkFollowTask using ZWorkerYoung with 5 workers
[4,177s][debug][gc,nmethod     ] Register NMethod: com.github.benmanes.caffeine.cache.BoundedLocalCache.hasExpired (0x00007a39f2f4ad08) [0x00007a39f2f4ae00, 0x00007a39f2f4aec0] Compiler: jvmci, Barriers: 0, Oops: 1, ImmediateOops: 0, NonImmediateOops: No
[4,178s][debug][gc,nmethod     ] Register NMethod: io.sirix.service.xml.xpath.AbstractAxis.resetToLastKey (0x00007a39d44d7708) [0x00007a39d44d7800, 0x00007a39d44d7b58] Compiler: c1, Barriers: 1, Oops: 1, ImmediateOops: 0, NonImmediateOops: No
[4,178s][debug][gc,nmethod     ] Register NMethod: io.sirix.cache.RecordPageCache.lambda$pinAndUpdateWeight$0 (0x00007a39d44d7b88) [0x00007a39d44d7c80, 0x00007a39d44d7f70] Compiler: c1, Barriers: 0, Oops: 1, ImmediateOops: 0, NonImmediateOops: No
[4,178s][debug][gc,nmethod     ] Register NMethod: io.sirix.cache.RecordPageCache$$Lambda/0x00000000ba318ea0.apply (0x00007a39d44d7f88) [0x00007a39d44d8080, 0x00007a39d44d87f0] Compiler: c1, Barriers: 0, Oops: 1, ImmediateOops: 0, NonImmediateOops: No
[4,180s][debug][gc,nmethod     ] Register NMethod: java.util.concurrent.ConcurrentHashMap$Traverser.<init> (0x00007a39f2f4b008) [0x00007a39f2f4b100, 0x00007a39f2f4b260] Compiler: jvmci, Barriers: 5, Oops: 0, ImmediateOops: 0, NonImmediateOops: No
[4,180s][debug][gc,nmethod     ] Register NMethod: io.sirix.query.stream.node.SirixNodeStream.next (0x00007a39d44d8808) [0x00007a39d44d8900, 0x00007a39d44d9200] Compiler: c1, Barriers: 4, Oops: 1, ImmediateOops: 0, NonImmediateOops: No
[4,184s][debug][gc,nmethod     ] Register NMethod: java.util.stream.Collectors$CollectorImpl.<init> (0x00007a39f2f4b308) [0x00007a39f2f4b400, 0x00007a39f2f4b6a8] Compiler: jvmci, Barriers: 15, Oops: 0, ImmediateOops: 1, NonImmediateOops: No
[4,185s][debug][gc,nmethod     ] Register NMethod: jdk.internal.misc.Unsafe.putLongRelease (0x00007a39f2f4b708) [0x00007a39f2f4b800, 0x00007a39f2f4b890] Compiler: jvmci, Barriers: 0, Oops: 0, ImmediateOops: 0, NonImmediateOops: No
[4,188s][debug][gc,nmethod     ] Register NMethod: io.sirix.io.memorymapped.MMFileReader.read (0x00007a39d44d9288) [0x00007a39d44d9380, 0x00007a39d44e59f0] Compiler: c1, Barriers: 26, Oops: 14, ImmediateOops: 28, NonImmediateOops: No
[4,189s][debug][gc,nmethod     ] Register NMethod: java.util.concurrent.ForkJoinPool$WorkQueue.updateTop (0x00007a39d44e5a88) [0x00007a39d44e5b80, 0x00007a39d44e5e90] Compiler: c1, Barriers: 0, Oops: 0, ImmediateOops: 1, NonImmediateOops: No
[4,199s][debug][gc,nmethod     ] Register NMethod: com.github.benmanes.caffeine.cache.PSMW.getPreviousInAccessOrder (0x00007a39f2f4ba08) [0x00007a39f2f4bb00, 0x00007a39f2f4bbb0] Compiler: jvmci, Barriers: 1, Oops: 1, ImmediateOops: 0, NonImmediateOops: No
[4,202s][debug][gc,nmethod     ] Register NMethod: java.util.concurrent.atomic.LongAdder.add (0x00007a39f2f4bd08) [0x00007a39f2f4be00, 0x00007a39f2f4bf20] Compiler: jvmci, Barriers: 1, Oops: 0, ImmediateOops: 0, NonImmediateOops: No
[4,203s][debug][gc,nmethod     ] Register NMethod: io.sirix.page.PageReference.hashCode (0x00007a39f2f4c008) [0x00007a39f2f4c100, 0x00007a39f2f4cb30] Compiler: jvmci, Barriers: 17, Oops: 1, ImmediateOops: 2, NonImmediateOops: No
[4,204s][debug][gc,nmethod     ] Register NMethod: java.util.HashMap.getOrDefault (0x00007a39f2f4cb88) [0x00007a39f2f4cc80, 0x00007a39f2f4d480] Compiler: jvmci, Barriers: 12, Oops: 0, ImmediateOops: 0, NonImmediateOops: No
[4,209s][debug][gc,nmethod     ] Register NMethod: java.util.stream.AbstractPipeline.sourceSpliterator (0x00007a39f2f4d488) [0x00007a39f2f4d580, 0x00007a39f2f4d810] Compiler: jvmci, Barriers: 4, Oops: 0, ImmediateOops: 0, NonImmediateOops: No
[4,210s][debug][gc,nmethod     ] Register NMethod: java.util.concurrent.ConcurrentHashMap.entrySet (0x00007a39f2f4d888) [0x00007a39f2f4d980, 0x00007a39f2f4db78] Compiler: jvmci, Barriers: 6, Oops: 0, ImmediateOops: 0, NonImmediateOops: No
[4,213s][debug][gc,nmethod     ] Register NMethod: java.util.ArrayList.fastRemove (0x00007a39d44e5f08) [0x00007a39d44e6000, 0x00007a39d44e64f8] Compiler: c1, Barriers: 3, Oops: 0, ImmediateOops: 0, NonImmediateOops: No
[4,217s][debug][gc,nmethod     ] Register NMethod: java.util.concurrent.ArrayBlockingQueue.poll (0x00007a39d44e6508) [0x00007a39d44e6600, 0x00007a39d44e7f20] Compiler: c1, Barriers: 6, Oops: 0, ImmediateOops: 0, NonImmediateOops: No
[4,217s][debug][gc,nmethod     ] Register NMethod: cn.danielw.fop.PoolConfig.getShutdownWaitMilliseconds (0x00007a39f2f4db88) [0x00007a39f2f4dc80, 0x00007a39f2f4dd40] Compiler: c1, Barriers: 0, Oops: 1, ImmediateOops: 0, NonImmediateOops: No
[4,218s][debug][gc,nmethod     ] Register NMethod: java.util.stream.Collectors.toMap (0x00007a39f2f4de88) [0x00007a39f2f4df80, 0x00007a39f2f4e298] Compiler: jvmci, Barriers: 15, Oops: 0, ImmediateOops: 4, NonImmediateOops: No
[4,219s][debug][gc,nmethod     ] Register NMethod: io.sirix.access.trx.page.NodePageReadOnlyTrx.unpinAllPagesForTransaction (0x00007a39d44e7f88) [0x00007a39d44e8080, 0x00007a39d44fcf90] Compiler: c1, Barriers: 43, Oops: 18, ImmediateOops: 49, NonImmediateOops: No
[4,219s][debug][gc,nmethod     ] Register NMethod: org.gradle.internal.dispatch.ProxyDispatchAdapter$DispatchingInvocationHandler.invoke (0x00007a39d44fd088) [0x00007a39d44fd180, 0x00007a39d4501d98] Compiler: c1, Barriers: 26, Oops: 4, ImmediateOops: 20, NonImmediateOops: No
[4,221s][debug][gc,nmethod     ] Register NMethod: com.esotericsoftware.kryo.io.Output.writeUtf8Length (0x00007a39d4501e08) [0x00007a39d4501f00, 0x00007a39d4502750] Compiler: c1, Barriers: 5, Oops: 1, ImmediateOops: 0, NonImmediateOops: No
[4,223s][debug][gc,nmethod     ] Register NMethod: java.nio.charset.CoderResult.isUnderflow (0x00007a39f2f4e308) [0x00007a39f2f4e400, 0x00007a39f2f4e490] Compiler: jvmci, Barriers: 0, Oops: 0, ImmediateOops: 0, NonImmediateOops: No
[4,226s][debug][gc,nmethod     ] Register NMethod: java.lang.StringUTF16.inflate (0x00007a39d4502788) [0x00007a39d4502880, 0x00007a39d4502ca8] Compiler: c1, Barriers: 0, Oops: 1, ImmediateOops: 1, NonImmediateOops: No
[4,226s][debug][gc,nmethod     ] Register NMethod: java.util.stream.Sink$ChainedReference.begin (0x00007a39f2f4e608) [0x00007a39f2f4e700, 0x00007a39f2f4ed00] Compiler: jvmci, Barriers: 19, Oops: 0, ImmediateOops: 0, NonImmediateOops: No
[4,230s][debug][gc,nmethod     ] Register NMethod: java.util.Calendar.internalGet (0x00007a39d4502d08) [0x00007a39d4502e00, 0x00007a39d4502f58] Compiler: c1, Barriers: 1, Oops: 0, ImmediateOops: 0, NonImmediateOops: No
[4,231s][debug][gc,nmethod     ] Register NMethod: org.gradle.internal.remote.internal.hub.protocol.ChannelMessage.<init> (0x00007a39d4503008) [0x00007a39d4503100, 0x00007a39d45033a8] Compiler: c1, Barriers: 6, Oops: 1, ImmediateOops: 0, NonImmediateOops: No
[4,231s][debug][gc,nmethod     ] Register NMethod: org.gradle.internal.remote.internal.hub.protocol.InterHubMessage.<init> (0x00007a39d4503408) [0x00007a39d4503500, 0x00007a39d4503658] Compiler: c1, Barriers: 0, Oops: 1, ImmediateOops: 0, NonImmediateOops: No
[4,231s][debug][gc,nmethod     ] Register NMethod: org.gradle.internal.remote.internal.hub.queue.MultiEndPointQueue.dispatch (0x00007a39d4503708) [0x00007a39d4503800, 0x00007a39d4503b80] Compiler: c1, Barriers: 1, Oops: 1, ImmediateOops: 0, NonImmediateOops: No
[4,232s][debug][gc,nmethod     ] Register NMethod: sun.util.calendar.CalendarDate.getYear (0x00007a39f2f4ed08) [0x00007a39f2f4ee00, 0x00007a39f2f4eec0] Compiler: c1, Barriers: 0, Oops: 0, ImmediateOops: 0, NonImmediateOops: No
[4,232s][debug][gc,nmethod     ] Register NMethod: java.util.Calendar.getFirstDayOfWeek (0x00007a39f2f4f008) [0x00007a39f2f4f100, 0x00007a39f2f4f1c0] Compiler: c1, Barriers: 0, Oops: 0, ImmediateOops: 0, NonImmediateOops: No
[4,232s][debug][gc,nmethod     ] Register NMethod: java.util.Calendar.getMinimalDaysInFirstWeek (0x00007a39f2f4f308) [0x00007a39f2f4f400, 0x00007a39f2f4f4c0] Compiler: c1, Barriers: 0, Oops: 0, ImmediateOops: 0, NonImmediateOops: No
[4,232s][debug][gc,nmethod     ] Register NMethod: jdk.internal.misc.VM.isBooted (0x00007a39d4503c08) [0x00007a39d4503d00, 0x00007a39d4503e40] Compiler: c1, Barriers: 0, Oops: 0, ImmediateOops: 1, NonImmediateOops: No
[4,232s][debug][gc,nmethod     ] Register NMethod: java.util.ArrayList.remove (0x00007a39d4503f08) [0x00007a39d4504000, 0x00007a39d4504670] Compiler: c1, Barriers: 3, Oops: 0, ImmediateOops: 0, NonImmediateOops: No
[4,232s][debug][gc,nmethod     ] Register NMethod: java.nio.file.FileTreeWalker$DirectoryNode.skipped (0x00007a39f2f4f608) [0x00007a39f2f4f700, 0x00007a39f2f4f7c0] Compiler: c1, Barriers: 0, Oops: 0, ImmediateOops: 0, NonImmediateOops: No
[4,232s][debug][gc,nmethod     ] Register NMethod: org.gradle.internal.remote.internal.hub.protocol.ChannelIdentifier.hashCode (0x00007a39d4504688) [0x00007a39d4504780, 0x00007a39d4504ab0] Compiler: c1, Barriers: 1, Oops: 1, ImmediateOops: 0, NonImmediateOops: No
[4,233s][debug][gc,nmethod     ] Register NMethod: java.lang.StringLatin1.inflate (0x00007a39d4504b08) [0x00007a39d4504c00, 0x00007a39d4504d10] Compiler: c1, Barriers: 0, Oops: 0, ImmediateOops: 0, NonImmediateOops: No
[4,233s][debug][gc,nmethod     ] Register NMethod: java.util.concurrent.locks.ReentrantLock.unlock (0x00007a39d4504e08) [0x00007a39d4504f00, 0x00007a39d4505518] Compiler: c1, Barriers: 2, Oops: 0, ImmediateOops: 0, NonImmediateOops: No
[4,233s][debug][gc,nmethod     ] Register NMethod: java.lang.StringUTF16.toBytes (0x00007a39f2f4f908) [0x00007a39f2f4fa00, 0x00007a39f2f4fdf0] Compiler: jvmci, Barriers: 0, Oops: 0, ImmediateOops: 0, NonImmediateOops: No
[4,233s][debug][gc,nmethod     ] Register NMethod: java.nio.file.FileTreeWalker$DirectoryNode.iterator (0x00007a39f2f4fe08) [0x00007a39f2f4ff00, 0x00007a39f2f4ffe8] Compiler: c1, Barriers: 1, Oops: 0, ImmediateOops: 0, NonImmediateOops: No
[4,233s][debug][gc,nmethod     ] Register NMethod: java.nio.file.FileTreeWalker$Event.type (0x00007a39f2f50108) [0x00007a39f2f50200, 0x00007a39f2f502e8] Compiler: c1, Barriers: 1, Oops: 0, ImmediateOops: 0, NonImmediateOops: No
[4,233s][debug][gc,nmethod     ] Register NMethod: org.gradle.internal.serialize.kryo.KryoBackedEncoder.writeString (0x00007a39d4505588) [0x00007a39d4505680, 0x00007a39d45058f8] Compiler: c1, Barriers: 1, Oops: 1, ImmediateOops: 1, NonImmediateOops: No
[4,234s][debug][gc,nmethod     ] Register NMethod: jdk.internal.ref.PhantomCleanable.clear (0x00007a39d4505908) [0x00007a39d4505a00, 0x00007a39d4506010] Compiler: c1, Barriers: 1, Oops: 0, ImmediateOops: 0, NonImmediateOops: No
[4,234s][debug][gc,nmethod     ] Register NMethod: java.lang.ThreadLocal.getMap (0x00007a39f2f50408) [0x00007a39f2f50500, 0x00007a39f2f506b0] Compiler: jvmci, Barriers: 3, Oops: 0, ImmediateOops: 0, NonImmediateOops: No
[4,235s][debug][gc,nmethod     ] Register NMethod: java.io.FileDescriptor.closeAll (0x00007a39d4506088) [0x00007a39d4506180, 0x00007a39d4507df0] Compiler: c1, Barriers: 1, Oops: 0, ImmediateOops: 0, NonImmediateOops: No
[4,235s][debug][gc,nmethod     ] Register NMethod: sun.nio.fs.UnixDirectoryStream$UnixDirectoryIterator.isSelfOrParent (0x00007a39d4507e08) [0x00007a39d4507f00, 0x00007a39d4508130] Compiler: c1, Barriers: 0, Oops: 0, ImmediateOops: 0, NonImmediateOops: No
[4,235s][debug][gc,nmethod     ] Register NMethod: java.util.ImmutableCollections$Access$1.listFromTrustedArrayNullsAllowed (0x00007a39d4508188) [0x00007a39d4508280, 0x00007a39d45083b0] Compiler: c1, Barriers: 0, Oops: 0, ImmediateOops: 0, NonImmediateOops: No
[4,236s][debug][gc,nmethod     ] Register NMethod: com.google.gson.stream.JsonReader.nextString (0x00007a39d4508488) [0x00007a39d4508580, 0x00007a39d4509f78] Compiler: c1, Barriers: 6, Oops: 2, ImmediateOops: 3, NonImmediateOops: No
[4,238s][debug][gc,nmethod     ] Register NMethod: java.util.stream.ReferencePipeline.toList (0x00007a39d450a008) [0x00007a39d450a100, 0x00007a39d450ac40] Compiler: c1, Barriers: 0, Oops: 2, ImmediateOops: 1, NonImmediateOops: No
[4,239s][debug][gc,nmethod     ] Register NMethod: java.util.ArrayList.indexOfRange (0x00007a39f2f50708) [0x00007a39f2f50800, 0x00007a39f2f50dc8] Compiler: jvmci, Barriers: 6, Oops: 0, ImmediateOops: 0, NonImmediateOops: No
[4,242s][debug][gc,marking     ] GC(1) Y: Using 2 mark stripes
[4,242s][debug][gc,marking     ] GC(1) Y: Using 1 mark stripes
[4,243s][debug][gc,marking     ] GC(1) Y: Using 2 mark stripes
[4,243s][debug][gc,marking     ] GC(1) Y: Using 1 mark stripes
[4,243s][debug][gc,marking     ] GC(1) Y: Using 2 mark stripes
[4,243s][debug][gc,marking     ] GC(1) Y: Using 1 mark stripes
[4,244s][debug][gc,marking     ] GC(1) Y: Using 2 mark stripes
[4,244s][debug][gc,marking     ] GC(1) Y: Using 4 mark stripes
[4,247s][debug][gc,marking     ] GC(1) Y: Using 2 mark stripes
[4,247s][debug][gc,marking     ] GC(1) Y: Using 1 mark stripes
[4,248s][debug][gc,marking     ] GC(1) Y: Using 2 mark stripes
[4,248s][debug][gc,marking     ] GC(1) Y: Using 1 mark stripes
[4,248s][debug][gc,marking     ] GC(1) Y: Using 2 mark stripes
[4,248s][debug][gc,marking     ] GC(1) Y: Using 1 mark stripes
[4,249s][debug][gc,marking     ] GC(1) Y: Using 2 mark stripes
[4,249s][debug][gc,marking     ] GC(1) Y: Using 1 mark stripes
[4,249s][debug][gc,marking     ] GC(1) Y: Using 2 mark stripes
[4,249s][debug][gc,marking     ] GC(1) Y: Using 1 mark stripes
[4,250s][debug][gc,marking     ] GC(1) Y: Using 2 mark stripes
[4,250s][debug][gc,marking     ] GC(1) Y: Using 4 mark stripes
[4,251s][debug][gc,marking     ] GC(1) Y: Using 2 mark stripes
[4,251s][debug][gc,nmethod     ] Register NMethod: sun.nio.ch.Util.getTemporaryDirectBuffer (0x00007a39d450ac88) [0x00007a39d450ad80, 0x00007a39d450c4c0] Compiler: c1, Barriers: 0, Oops: 2, ImmediateOops: 9, NonImmediateOops: No
[4,251s][debug][gc,nmethod     ] Register NMethod: sun.nio.ch.Util.offerFirstTemporaryDirectBuffer (0x00007a39d450c508) [0x00007a39d450c600, 0x00007a39d450e898] Compiler: c1, Barriers: 0, Oops: 2, ImmediateOops: 8, NonImmediateOops: No
[4,251s][debug][gc,marking     ] GC(1) Y: Using 4 mark stripes
[4,257s][debug][gc,nmethod     ] Register NMethod: sun.nio.ch.Util$BufferCache.next (0x00007a39d450e908) [0x00007a39d450ea00, 0x00007a39d450eb28] Compiler: c1, Barriers: 0, Oops: 0, ImmediateOops: 0, NonImmediateOops: No
[4,257s][debug][gc,nmethod     ] Register NMethod: java.nio.DirectByteBuffer.getInt (0x00007a39d450ec08) [0x00007a39d450ed00, 0x00007a39d450f238] Compiler: c1, Barriers: 0, Oops: 0, ImmediateOops: 0, NonImmediateOops: No
[4,257s][debug][gc,nmethod     ] Register NMethod: java.nio.DirectByteBuffer.getInt (0x00007a39d450f288) [0x00007a39d450f380, 0x00007a39d4510bb0] Compiler: c1, Barriers: 5, Oops: 1, ImmediateOops: 4, NonImmediateOops: No
[4,258s][debug][gc,nmethod     ] Register NMethod: io.sirix.access.trx.page.NodePageTrx.getRevisionNumber (0x00007a39d4510c08) [0x00007a39d4510d00, 0x00007a39d4511380] Compiler: c1, Barriers: 2, Oops: 1, ImmediateOops: 1, NonImmediateOops: No
[4,259s][debug][gc,nmethod     ] Register NMethod: com.github.benmanes.caffeine.cache.BoundedLocalCache.put (0x00007a39d4511408) [0x00007a39d4511500, 0x00007a39d4511a28] Compiler: c1, Barriers: 0, Oops: 1, ImmediateOops: 0, NonImmediateOops: No
[4,259s][debug][gc,nmethod     ] Register NMethod: com.github.benmanes.caffeine.cache.LocalManualCache.put (0x00007a39d4511a88) [0x00007a39d4511b80, 0x00007a39d4511f68] Compiler: c1, Barriers: 1, Oops: 1, ImmediateOops: 0, NonImmediateOops: No
[4,260s][debug][gc,nmethod     ] Register NMethod: com.sun.org.apache.xerces.internal.util.ParserConfigurationSettings.getProperty (0x00007a39d4511f88) [0x00007a39d4512080, 0x00007a39d4512728] Compiler: c1, Barriers: 3, Oops: 0, ImmediateOops: 0, NonImmediateOops: No
[4,261s][debug][gc,nmethod     ] Register NMethod: io.sirix.page.NamePage.incrementAndGetMaxNodeKey (0x00007a39d4512788) [0x00007a39d4512880, 0x00007a39d4512e30] Compiler: c1, Barriers: 2, Oops: 1, ImmediateOops: 0, NonImmediateOops: No
[4,264s][debug][gc,nmethod     ] Register NMethod: io.sirix.page.PathSummaryPage.getMaxNodeKey (0x00007a39d4512e88) [0x00007a39d4512f80, 0x00007a39d45132c0] Compiler: c1, Barriers: 1, Oops: 1, ImmediateOops: 0, NonImmediateOops: No
[4,265s][debug][gc,nmethod     ] Register NMethod: com.github.benmanes.caffeine.cache.BaseMpscLinkedArrayQueue.poll (0x00007a39f2f50e08) [0x00007a39f2f50f00, 0x00007a39f2f514a0] Compiler: jvmci, Barriers: 14, Oops: 1, ImmediateOops: 1, NonImmediateOops: No
[4,267s][debug][gc,nmethod     ] Register NMethod: com.github.benmanes.caffeine.cache.BoundedLocalCache.put (0x00007a39d4513308) [0x00007a39d4513400, 0x00007a39d4529260] Compiler: c1, Barriers: 34, Oops: 10, ImmediateOops: 90, NonImmediateOops: No
[4,268s][debug][gc,nmethod     ] Register NMethod: io.sirix.access.trx.node.xml.XmlNodeFactoryImpl.createPathNode (0x00007a39d4529308) [0x00007a39d4529400, 0x00007a39d452c688] Compiler: c1, Barriers: 16, Oops: 1, ImmediateOops: 4, NonImmediateOops: No
[4,268s][debug][gc,marking     ] GC(1) Y: Using 2 mark stripes
[4,268s][debug][gc,marking     ] GC(1) Y: Using 4 mark stripes
[4,268s][debug][gc,nmethod     ] Register NMethod: io.sirix.page.PathSummaryPage.incrementAndGetMaxNodeKey (0x00007a39d452c708) [0x00007a39d452c800, 0x00007a39d452cda8] Compiler: c1, Barriers: 2, Oops: 1, ImmediateOops: 0, NonImmediateOops: No
[4,268s][debug][gc,nmethod     ] Register NMethod: io.sirix.page.KeyValueLeafPage.getPinCountByTransaction (0x00007a39f2f51508) [0x00007a39f2f51620, 0x00007a39f2f523a8] Compiler: jvmci, Barriers: 20, Oops: 12, ImmediateOops: 1, NonImmediateOops: No
[4,269s][debug][gc,alloc       ] Mutator Allocation Rate: 422,0MB/s Predicted: 450,5MB/s, Avg: 340,6(+/-65,7)MB/s
[4,274s][debug][gc,marking     ] GC(1) Y: Using 2 mark stripes
[4,274s][debug][gc,marking     ] GC(1) Y: Using 1 mark stripes
[4,275s][debug][gc,marking     ] GC(1) Y: Using 2 mark stripes
[4,275s][debug][gc,marking     ] GC(1) Y: Using 1 mark stripes
[4,276s][debug][gc,nmethod     ] Register NMethod: java.util.concurrent.ForkJoinPool.runWorker (0x00007a39f2f52488) [0x00007a39f2f52a60, 0x00007a39f2f69678] Compiler: jvmci, Barriers: 991, Oops: 10, ImmediateOops: 8, NonImmediateOops: No
[4,277s][debug][gc,marking     ] GC(1) Y: Using 2 mark stripes
[4,277s][debug][gc,marking     ] GC(1) Y: Using 1 mark stripes
[4,277s][debug][gc,marking     ] GC(1) Y: Using 2 mark stripes
[4,277s][debug][gc,marking     ] GC(1) Y: Using 1 mark stripes
[4,278s][debug][gc,marking     ] GC(1) Y: Using 2 mark stripes
[4,278s][debug][gc,marking     ] GC(1) Y: Using 1 mark stripes
[4,294s][debug][gc,marking     ] GC(1) Y: Using 2 mark stripes
[4,295s][debug][gc,marking     ] GC(1) Y: Using 4 mark stripes
[4,295s][debug][gc,marking     ] GC(1) Y: Using 2 mark stripes
[4,295s][debug][gc,marking     ] GC(1) Y: Using 1 mark stripes
[4,295s][debug][gc,nmethod     ] Register NMethod: io.sirix.index.path.summary.PathSummaryReader.moveTo (0x00007a39f2f69708) [0x00007a39f2f69800, 0x00007a39f2f6a5c8] Compiler: jvmci, Barriers: 22, Oops: 2, ImmediateOops: 1, NonImmediateOops: No
[4,308s][debug][gc,nmethod     ] Register NMethod: java.util.concurrent.locks.ReentrantLock.unlock (0x00007a39f2f6a608) [0x00007a39f2f6a700, 0x00007a39f2f6aa88] Compiler: jvmci, Barriers: 8, Oops: 1, ImmediateOops: 0, NonImmediateOops: No
[4,312s][debug][gc,nmethod     ] Register NMethod: com.sun.org.apache.xerces.internal.impl.XMLDocumentFragmentScannerImpl.scanDocument (0x00007a39f2f6ab08) [0x00007a39f2f6ac00, 0x00007a39f2f787e0] Compiler: jvmci, Barriers: 282, Oops: 10, ImmediateOops: 15, NonImmediateOops: No
[4,324s][debug][gc,remset      ] GC(1) Y: Remset forwarding retained: 0,000ms count: 0 ZWorkerYoung#0
[4,324s][debug][gc,remset      ] GC(1) Y: Remset forwarding released: 0,000ms count: 0 ZWorkerYoung#0
[4,324s][debug][gc,remset      ] GC(1) Y: Remset forwarding retained: 0,000ms count: 0 ZWorkerYoung#4
[4,324s][debug][gc,remset      ] GC(1) Y: Remset forwarding released: 0,000ms count: 0 ZWorkerYoung#4
[4,324s][debug][gc,remset      ] GC(1) Y: Remset forwarding retained: 0,000ms count: 0 ZWorkerYoung#2
[4,325s][debug][gc,remset      ] GC(1) Y: Remset forwarding released: 0,000ms count: 0 ZWorkerYoung#2
[4,324s][debug][gc,remset      ] GC(1) Y: Remset forwarding retained: 0,000ms count: 0 ZWorkerYoung#3
[4,325s][debug][gc,remset      ] GC(1) Y: Remset forwarding released: 0,000ms count: 0 ZWorkerYoung#3
[4,324s][debug][gc,remset      ] GC(1) Y: Remset forwarding retained: 0,000ms count: 0 ZWorkerYoung#1
[4,325s][debug][gc,remset      ] GC(1) Y: Remset forwarding released: 0,000ms count: 0 ZWorkerYoung#1
[4,325s][debug][gc,marking     ] GC(1) Y: Try terminate after resurrection
[4,325s][debug][gc,phases      ] GC(1) Y: Concurrent Mark Follow 149,766ms
[4,325s][info ][gc,phases      ] GC(1) Y: Concurrent Mark 153,931ms
[4,325s][debug][gc,reloc       ] Synchronize all workers 1 _nworkers: 0 _nsynchronized: 0
[4,325s][debug][gc,reloc       ] Synchronize all workers 1 _nworkers: 0 _nsynchronized: 0
[4,325s][debug][gc,phases,start] GC(1) Y: Pause Mark End
[4,325s][info ][gc,phases      ] GC(1) Y: Pause Mark End 0,036ms
[4,325s][debug][gc,reloc       ] Desynchronize all workers _nworkers: 0 _nsynchronized: 0
[4,325s][debug][gc,reloc       ] Desynchronize all workers _nworkers: 0 _nsynchronized: 0
[4,325s][debug][gc,phases,start] GC(1) Y: Concurrent Mark Free
[4,325s][info ][gc,phases      ] GC(1) Y: Concurrent Mark Free 0,021ms
[4,325s][debug][gc,phases,start] GC(1) Y: Concurrent Reset Relocation Set
[4,325s][info ][gc,phases      ] GC(1) Y: Concurrent Reset Relocation Set 0,016ms
[4,325s][debug][gc,phases,start] GC(1) Y: Concurrent Select Relocation Set
[4,325s][debug][gc,reloc       ] GC(1) Y: Relocation Set (Medium Pages): 2->1, 0 skipped, 10 forwarding entries
[4,325s][debug][gc,reloc       ] GC(1) Y: Relocation Set (Small Pages): 498->50, 0 skipped, 4423402 forwarding entries
[4,325s][debug][gc,reloc       ] GC(1) Y: Allocated To Garbage: 0,7
[4,325s][debug][gc,reloc       ] GC(1) Y: Young Log Residency: 1,6
[4,325s][debug][gc,reloc       ] GC(1) Y: Life Decay Factor: 19,0
[4,325s][info ][gc,reloc       ] GC(1) Y: Using tenuring threshold: 2 (Computed)
[4,325s][debug][gc,task        ] GC(1) Y: Executing ZRelocationSetInstallTask using ZWorkerYoung with 5 workers
[4,329s][debug][gc,task        ] GC(1) Y: Executing ZPromotePagesTask using ZWorkerYoung with 5 workers
[4,330s][debug][gc,task        ] GC(1) Y: Executing ZPromotePagesTask using ZWorkerYoung with 5 workers
[4,330s][debug][gc,task        ] GC(1) Y: Executing ZPromotePagesTask using ZWorkerYoung with 5 workers
[4,330s][info ][gc,phases      ] GC(1) Y: Concurrent Select Relocation Set 4,720ms
[4,330s][debug][gc,reloc       ] Synchronize all workers 1 _nworkers: 0 _nsynchronized: 0
[4,330s][debug][gc,reloc       ] Synchronize all workers 1 _nworkers: 0 _nsynchronized: 0
[4,330s][debug][gc,phases,start] GC(1) Y: Pause Relocate Start
[4,330s][debug][gc,reloc       ] GC(1) Y: Joining workers: 5
[4,330s][info ][gc,phases      ] GC(1) Y: Pause Relocate Start 0,051ms
[4,330s][debug][gc,reloc       ] Desynchronize all workers _nworkers: 0 _nsynchronized: 0
[4,330s][debug][gc,reloc       ] Desynchronize all workers _nworkers: 5 _nsynchronized: 0
[4,330s][debug][gc,phases,start] GC(1) Y: Concurrent Relocate
[4,330s][debug][gc,task        ] GC(1) Y: Executing ZRelocateStoreBufferInstallBasePointersTask using ZWorkerYoung with 5 workers
[4,330s][debug][gc,task        ] GC(1) Y: Executing ZRelocateTask using ZWorkerYoung with 5 workers
[4,351s][debug][gc,nmethod     ] Register NMethod: java.util.BitSet.set (0x00007a39d452ce08) [0x00007a39d452cf00, 0x00007a39d452de48] Compiler: c1, Barriers: 1, Oops: 1, ImmediateOops: 2, NonImmediateOops: No
[4,354s][debug][gc,reloc       ] GC(1) Y: Leaving workers: left: 4 _synchronize: 0 _nsynchronized: 0
[4,354s][debug][gc,reloc       ] GC(1) Y: Leaving workers: left: 3 _synchronize: 0 _nsynchronized: 0
[4,354s][debug][gc,reloc       ] GC(1) Y: Leaving workers: left: 2 _synchronize: 0 _nsynchronized: 0
[4,355s][debug][gc,reloc       ] GC(1) Y: Leaving workers: left: 1 _synchronize: 0 _nsynchronized: 0
[4,355s][debug][gc,nmethod     ] Register NMethod: io.sirix.access.trx.page.TreeModifierImpl.prepareIndirectPage (0x00007a39d452de88) [0x00007a39d452df80, 0x00007a39d452fc60] Compiler: c1, Barriers: 11, Oops: 1, ImmediateOops: 0, NonImmediateOops: No
[4,356s][debug][gc,reloc       ] GC(1) Y: Leaving workers: left: 0 _synchronize: 0 _nsynchronized: 0
[4,356s][debug][gc,phases,start] GC(1) Y: Concurrent Relocate Remset FP
[4,356s][debug][gc,task        ] GC(1) Y: Executing ZRelocateAddRemsetForFlipPromoted using ZWorkerYoung with 5 workers
[4,356s][debug][gc,phases      ] GC(1) Y: Concurrent Relocate Remset FP 0,060ms
[4,356s][info ][gc,phases      ] GC(1) Y: Concurrent Relocate 25,737ms
[4,356s][debug][gc,heap        ] GC(1) Y: Heap After GC invocations=2 (full 2):
[4,356s][debug][gc,heap        ] GC(1) Y:  ZHeap           used 420M, capacity 5120M, max capacity 12288M
[4,356s][debug][gc,heap        ] GC(1) Y:   Cache          4700M (4)
[4,356s][debug][gc,heap        ] GC(1) Y:    size classes  2M (2), 512M (1), 2G (1)
[4,356s][debug][gc,metaspace   ] GC(1) Y: Metaspace After GC invocations=2 (full 2):
[4,356s][debug][gc,metaspace   ] GC(1) Y:  Metaspace       used 35421K, committed 35840K, reserved 1114112K
[4,356s][debug][gc,metaspace   ] GC(1) Y:   class space    used 3074K, committed 3264K, reserved 1048576K
[4,356s][info ][gc,alloc       ] GC(1) Y:                         Mark Start        Mark End      Relocate Start    Relocate End   
[4,356s][info ][gc,alloc       ] GC(1) Y: Allocation Stalls:          0                0                0                0         
[4,356s][info ][gc,load        ] GC(1) Y: Load: 3,77 (19%) / 2,29 (11%) / 1,95 (10%)
[4,356s][info ][gc,mmu         ] GC(1) Y: MMU: 2ms/90,6%, 5ms/96,2%, 10ms/98,1%, 20ms/99,1%, 50ms/99,6%, 100ms/99,8%
[4,356s][info ][gc,marking     ] GC(1) Y: Mark: 4 stripe(s), 10 proactive flush(es), 1 terminate flush(es), 0 completion(s), 0 continuation(s) 
[4,356s][info ][gc,nmethod     ] GC(1) Y: NMethods: 5971 registered, 0 unregistered
[4,356s][info ][gc,metaspace   ] GC(1) Y: Metaspace: 34M used, 35M committed, 1088M reserved
[4,356s][info ][gc,reloc       ] GC(1) Y:                        Candidates     Selected     In-Place         Size        Empty    Relocated 
[4,356s][info ][gc,reloc       ] GC(1) Y: Small Pages:                  584          448            0        1168M           4M          72M 
[4,356s][info ][gc,reloc       ] GC(1) Y: Medium Pages:                   2            1            0          64M           0M           3M 
[4,356s][info ][gc,reloc       ] GC(1) Y: Large Pages:                    0            0            0           0M           0M           0M 
[4,356s][info ][gc,reloc       ] GC(1) Y: Forwarding Usage: 33M
[4,356s][info ][gc,reloc       ] GC(1) Y: Age Table:
[4,356s][info ][gc,reloc       ] GC(1) Y:                    Live             Garbage             Small              Medium             Large        
[4,356s][info ][gc,reloc       ] GC(1) Y: Eden             244M (2%)          931M (8%)         572 / 444            1 / 0              0 / 0        
[4,356s][info ][gc,reloc       ] GC(1) Y: Survivor 1        12M (0%)           43M (0%)          12 / 4              1 / 1              0 / 0        
[4,356s][info ][gc,heap        ] GC(1) Y: Min Capacity: 5120M(42%)
[4,356s][info ][gc,heap        ] GC(1) Y: Max Capacity: 12288M(100%)
[4,356s][info ][gc,heap        ] GC(1) Y: Soft Max Capacity: 12288M(100%)
[4,356s][info ][gc,heap        ] GC(1) Y: Heap Statistics:
[4,356s][info ][gc,heap        ] GC(1) Y:                Mark Start          Mark End        Relocate Start      Relocate End           High               Low         
[4,356s][info ][gc,heap        ] GC(1) Y:  Capacity:     5120M (42%)        5120M (42%)        5120M (42%)        5120M (42%)        5120M (42%)        5120M (42%)    
[4,356s][info ][gc,heap        ] GC(1) Y:      Free:    11056M (90%)       10982M (89%)       10984M (89%)       11868M (97%)       11868M (97%)       10906M (89%)    
[4,356s][info ][gc,heap        ] GC(1) Y:      Used:     1232M (10%)        1306M (11%)        1304M (11%)         420M (3%)         1382M (11%)         420M (3%)     
[4,356s][info ][gc,heap        ] GC(1) Y: Young Generation Statistics:
[4,356s][info ][gc,heap        ] GC(1) Y:                Mark Start          Mark End        Relocate Start      Relocate End    
[4,356s][info ][gc,heap        ] GC(1) Y:      Used:     1232M (10%)        1306M (11%)        1304M (11%)         420M (3%)     
[4,356s][info ][gc,heap        ] GC(1) Y:      Live:         -               257M (2%)          257M (2%)          257M (2%)     
[4,356s][info ][gc,heap        ] GC(1) Y:   Garbage:         -               974M (8%)          970M (8%)            1M (0%)     
[4,356s][info ][gc,heap        ] GC(1) Y: Allocated:         -                74M (1%)           76M (1%)          161M (1%)     
[4,356s][info ][gc,heap        ] GC(1) Y: Reclaimed:         -                  -                 4M (0%)          973M (8%)     
[4,356s][info ][gc,heap        ] GC(1) Y:  Promoted:         -                  -                 0M (0%)            0M (0%)     
[4,356s][info ][gc,heap        ] GC(1) Y: Compacted:         -                  -                  -                90M (1%)     
[4,356s][info ][gc,phases      ] GC(1) Y: Young Generation 1232M(10%)->420M(3%) 0,185s
[4,356s][debug][gc,heap        ] GC(1) O: Heap Before GC invocations=2 (full 2):
[4,356s][debug][gc,heap        ] GC(1) O:  ZHeap           used 420M, capacity 5120M, max capacity 12288M
[4,356s][debug][gc,heap        ] GC(1) O:   Cache          4700M (4)
[4,356s][debug][gc,heap        ] GC(1) O:    size classes  2M (2), 512M (1), 2G (1)
[4,356s][debug][gc,metaspace   ] GC(1) O: Metaspace Before GC invocations=2 (full 2):
[4,356s][debug][gc,metaspace   ] GC(1) O:  Metaspace       used 35421K, committed 35840K, reserved 1114112K
[4,356s][debug][gc,metaspace   ] GC(1) O:   class space    used 3074K, committed 3264K, reserved 1048576K
[4,356s][info ][gc,phases      ] GC(1) O: Old Generation
[4,356s][debug][gc,phases,start] GC(1) O: Concurrent Mark
[4,356s][debug][gc,phases,start] GC(1) O: Concurrent Mark Roots
[4,356s][debug][gc,task        ] GC(1) O: Executing ZMarkOldRootsTask using ZWorkerOld with 3 workers
[4,357s][debug][gc,tlab        ] GC(1) O: TLAB totals: thrds: 23  refills: 189 max: 166 slow allocs: 89 max 89 waste:  8,0% gc: 3700928B max: 261968B slow: 131848B max: 131272B
[4,357s][debug][gc,phases      ] GC(1) O: Concurrent Mark Roots 0,545ms
[4,357s][debug][gc,phases,start] GC(1) O: Concurrent Mark Follow
[4,357s][debug][gc,marking     ] GC(1) O: Using 2 mark stripes
[4,357s][debug][gc,task        ] GC(1) O: Executing ZMarkTask using ZWorkerOld with 3 workers
[4,357s][debug][gc,marking     ] GC(1) O: Using 1 mark stripes
[4,357s][debug][gc,phases      ] GC(1) O: Concurrent Mark Follow 0,188ms
[4,357s][info ][gc,phases      ] GC(1) O: Concurrent Mark 0,790ms
[4,357s][debug][gc,reloc       ] Synchronize all workers 1 _nworkers: 0 _nsynchronized: 0
[4,357s][debug][gc,reloc       ] Synchronize all workers 1 _nworkers: 0 _nsynchronized: 0
[4,357s][debug][gc,phases,start] GC(1) O: Pause Mark End
[4,357s][info ][gc,phases      ] GC(1) O: Pause Mark End 0,030ms
[4,357s][debug][gc,reloc       ] Desynchronize all workers _nworkers: 0 _nsynchronized: 0
[4,357s][debug][gc,reloc       ] Desynchronize all workers _nworkers: 0 _nsynchronized: 0
[4,357s][debug][gc,phases,start] GC(1) O: Concurrent Mark Free
[4,357s][info ][gc,phases      ] GC(1) O: Concurrent Mark Free 0,026ms
[4,357s][debug][gc,phases,start] GC(1) O: Concurrent Process Non-Strong
[4,357s][debug][gc,phases,start] GC(1) O: Concurrent References Process
[4,358s][debug][gc,task        ] GC(1) O: Executing ZReferenceProcessorTask using ZWorkerOld with 3 workers
[4,358s][debug][gc,phases      ] GC(1) O: Concurrent References Process 0,035ms
[4,358s][debug][gc,task        ] GC(1) O: Executing ZProcessWeakRootsTask using ZWorkerOld with 3 workers
[4,358s][debug][gc,phases,start] GC(1) O: Concurrent Classes Unlink
[4,358s][debug][gc,phases,start] GC(1) O: ClassLoaderData
[4,358s][debug][gc,phases      ] GC(1) O: ClassLoaderData 0,034ms
[4,358s][debug][gc,phases,start] GC(1) O: Trigger cleanups
[4,358s][debug][gc,phases      ] GC(1) O: Trigger cleanups 0,010ms
[4,358s][debug][gc,task        ] GC(1) O: Executing ZNMethodUnlinkTask using ZWorkerOld with 3 workers
[4,358s][debug][gc,nmethod     ] GC(1) O: Unregister NMethod: jdk.internal.misc.Unsafe.putIntRelease (0x00007a39d40c4808) [0x00007a39d40c4900, 0x00007a39d40c4a08] 
[4,358s][debug][gc,nmethod     ] GC(1) O: Unregister NMethod: java.util.concurrent.locks.ReentrantLock.lock (0x00007a39d407a308) [0x00007a39d407a400, 0x00007a39d407abd0] 
[4,358s][debug][gc,nmethod     ] GC(1) O: Unregister NMethod: java.lang.StringBuilder.length (0x00007a39d3451f08) [0x00007a39d3452000, 0x00007a39d3452118] 
[4,358s][debug][gc,nmethod     ] GC(1) O: Unregister NMethod: com.sun.org.apache.xerces.internal.parsers.AbstractSAXParser.startElement (0x00007a39d3c8bd08) [0x00007a39d3c8be00, 0x00007a39d3c8e0e8] 
[4,358s][debug][gc,nmethod     ] GC(1) O: Unregister NMethod: io.sirix.access.trx.page.NodePageTrx.getRecord (0x00007a39f2cf1588) [0x00007a39f2cf1680, 0x00007a39f2cf21c8] 
[4,358s][debug][gc,nmethod     ] GC(1) O: Unregister NMethod: io.sirix.axis.AbstractAxis.nextLong (0x00007a39d3b69e08) [0x00007a39d3b69f00, 0x00007a39d3b6a990] 
[4,358s][debug][gc,nmethod     ] GC(1) O: Unregister NMethod: io.sirix.axis.ChildAxis.nextKey (0x00007a39d3ba9d08) [0x00007a39d3ba9e00, 0x00007a39d3baae30] 
[4,358s][debug][gc,nmethod     ] GC(1) O: Unregister NMethod: java.nio.ByteBuffer.<init> (0x00007a39d3bc9588) [0x00007a39d3bc9680, 0x00007a39d3bc97c8] 
[4,358s][debug][gc,nmethod     ] GC(1) O: Unregister NMethod: java.nio.HeapByteBuffer.<init> (0x00007a39d3841708) [0x00007a39d3841800, 0x00007a39d3841978] 
[4,358s][debug][gc,nmethod     ] GC(1) O: Unregister NMethod: io.sirix.access.trx.page.NodePageTrx.getName (0x00007a39d404e988) [0x00007a39d404ea80, 0x00007a39d4050de8] 
[4,358s][debug][gc,nmethod     ] GC(1) O: Unregister NMethod: java.lang.Object.<init> (0x00007a39f2be6808) [0x00007a39f2be6900, 0x00007a39f2be6980] 
[4,358s][debug][gc,nmethod     ] GC(1) O: Unregister NMethod: jdk.internal.foreign.layout.ValueLayouts$AbstractValueLayout.assertCarrierSize (0x00007a39d3e77c88) [0x00007a39d3e77d80, 0x00007a39d3e77e58] 
[4,358s][debug][gc,nmethod     ] GC(1) O: Unregister NMethod: jdk.internal.classfile.impl.AbstractPoolEntry$AbstractRefsEntry.writeTo (0x00007a39d3505a08) [0x00007a39d3505b00, 0x00007a39d35064a0] 
[4,358s][debug][gc,nmethod     ] GC(1) O: Unregister NMethod: it.unimi.dsi.fastutil.HashCommon.mix (0x00007a39d3ac9808) [0x00007a39d3ac9900, 0x00007a39d3ac99f0] 
[4,358s][debug][gc,nmethod     ] GC(1) O: Unregister NMethod: io.sirix.access.trx.page.NodePageTrx.getMostRecentPageContainer (0x00007a39d4030488) [0x00007a39d4030580, 0x00007a39d4030bb0] 
[4,358s][debug][gc,nmethod     ] GC(1) O: Unregister NMethod: java.lang.String.indexOf (0x00007a39d358e188) [0x00007a39d358e280, 0x00007a39d358eaa0] 
[4,358s][debug][gc,nmethod     ] GC(1) O: Unregister NMethod: io.sirix.node.MemorySegmentBytesIn.readInt (0x00007a39d3fde008) [0x00007a39d3fde100, 0x00007a39d3fe1d10] 
[4,358s][debug][gc,nmethod     ] GC(1) O: Unregister NMethod: jdk.internal.foreign.AbstractMemorySegmentImpl$$Lambda/0x00000000ba261980.apply (0x00007a39d3f20988) [0x00007a39d3f20a80, 0x00007a39d3f20e18] 
[4,358s][debug][gc,nmethod     ] GC(1) O: Unregister NMethod: io.sirix.node.xml.AbstractStructForwardingNode.getFirstChildKey (0x00007a39d4031308) [0x00007a39d4031400, 0x00007a39d4031720] 
[4,358s][debug][gc,nmethod     ] GC(1) O: Unregister NMethod: java.lang.StringBuilder.append (0x00007a39f2c1eb08) [0x00007a39f2c1ec00, 0x00007a39f2c1f3a0] 
[4,358s][debug][gc,nmethod     ] GC(1) O: Unregister NMethod: java.lang.invoke.MethodType.methodType (0x00007a39d345ac08) [0x00007a39d345ad00, 0x00007a39d345b1e0] 
[4,358s][debug][gc,nmethod     ] GC(1) O: Unregister NMethod: io.brackit.query.node.parser.SAX2SubtreeHandlerAdapter$TrimmingStringBuilder.append (0x00007a39d3c30708) [0x00007a39d3c30800, 0x00007a39d3c30c90] 
[4,358s][debug][gc,nmethod     ] GC(1) O: Unregister NMethod: net.openhft.hashing.UnsafeAccess.getLong (0x00007a39d3abbf88) [0x00007a39d3abc080, 0x00007a39d3abc520] 
[4,358s][debug][gc,nmethod     ] GC(1) O: Unregister NMethod: io.sirix.access.trx.page.NodePageTrx.createNameKey (0x00007a39d3c44e88) [0x00007a39d3c44f80, 0x00007a39d3c469e0] 
[4,358s][debug][gc,nmethod     ] GC(1) O: Unregister NMethod: io.sirix.axis.AbstractAxis.<init> (0x00007a39d3bc3388) [0x00007a39d3bc3480, 0x00007a39d3bc3ed0] 
[4,358s][debug][gc,nmethod     ] GC(1) O: Unregister NMethod: io.sirix.page.KeyValueLeafPage.setRecord (0x00007a39d3b28588) [0x00007a39d3b28680, 0x00007a39d3b28cb8] 
[4,358s][debug][gc,nmethod     ] GC(1) O: Unregister NMethod: io.sirix.node.immutable.xml.ImmutableElement.getPathNodeKey (0x00007a39d3c72f08) [0x00007a39d3c73000, 0x00007a39d3c78248] 
[4,358s][debug][gc,nmethod     ] GC(1) O: Unregister NMethod: io.sirix.node.NodeKind$13.serialize (0x00007a39d3ede788) [0x00007a39d3ede880, 0x00007a39d3edecf8] 
[4,359s][debug][gc,nmethod     ] GC(1) O: Unregister NMethod: java.lang.invoke.InnerClassLambdaMetafactory$3.accept (0x00007a39d394fd88) [0x00007a39d394fe80, 0x00007a39d3952418] 
[4,359s][debug][gc,nmethod     ] GC(1) O: Unregister NMethod: java.lang.invoke.InnerClassLambdaMetafactory.convertArgumentTypes (0x00007a39d394a288) [0x00007a39d394a380, 0x00007a39d394b648] 
[4,359s][debug][gc,nmethod     ] GC(1) O: Unregister NMethod: io.sirix.node.GrowingMemorySegment.writeInt (0x00007a39d3e18688) [0x00007a39d3e18780, 0x00007a39d3e18eb8] 
[4,359s][debug][gc,nmethod     ] GC(1) O: Unregister NMethod: io.sirix.node.xml.ElementNode.getPrefixKey (0x00007a39d3ca9788) [0x00007a39d3ca9880, 0x00007a39d3cae870] 
[4,359s][debug][gc,nmethod     ] GC(1) O: Unregister NMethod: io.sirix.node.NodeKind$1.serialize (0x00007a39d3e53c88) [0x00007a39d3e53d80, 0x00007a39d3e5c840] 
[4,359s][debug][gc,nmethod     ] GC(1) O: Unregister NMethod: io.sirix.node.SirixDeweyID.toBytes (0x00007a39d3e90788) [0x00007a39d3e90880, 0x00007a39d3e909e8] 
[4,359s][debug][gc,nmethod     ] GC(1) O: Unregister NMethod: java.lang.StringLatin1.inflate (0x00007a39d3408c88) [0x00007a39d3408d80, 0x00007a39d3408f70] 
[4,359s][debug][gc,nmethod     ] GC(1) O: Unregister NMethod: io.sirix.node.xml.TextNode.getRightSiblingKey (0x00007a39d3b32d08) [0x00007a39d3b32e00, 0x00007a39d3b37df0] 
[4,359s][debug][gc,nmethod     ] GC(1) O: Unregister NMethod: java.nio.DirectByteBuffer.address (0x00007a39f2d23188) [0x00007a39f2d23280, 0x00007a39f2d23448] 
[4,359s][debug][gc,nmethod     ] GC(1) O: Unregister NMethod: java.lang.invoke.Invokers$Holder.linkToTargetMethod (0x00007a39d3867a08) [0x00007a39d3867b00, 0x00007a39d3867ff8] 
[4,359s][debug][gc,nmethod     ] GC(1) O: Unregister NMethod: io.sirix.access.trx.page.NodePageReadOnlyTrx.getRecordPage (0x00007a39d4043d08) [0x00007a39d4043e00, 0x00007a39d4049150] 
[4,359s][debug][gc,nmethod     ] GC(1) O: Unregister NMethod: io.brackit.query.expr.StepExpr$AxisStepSequenceIter.close (0x00007a39d4103008) [0x00007a39d4103100, 0x00007a39d4103300] 
[4,359s][debug][gc,nmethod     ] GC(1) O: Unregister NMethod: io.sirix.node.xml.ElementNode.hasLeftSibling (0x00007a39d418e608) [0x00007a39d418e700, 0x00007a39d4193b38] 
[4,359s][debug][gc,nmethod     ] GC(1) O: Unregister NMethod: java.util.Arrays.fill (0x00007a39f2c88308) [0x00007a39f2c88400, 0x00007a39f2c88628] 
[4,359s][debug][gc,nmethod     ] GC(1) O: Unregister NMethod: io.sirix.service.xml.shredder.AbstractShredder.processText (0x00007a39d3c39708) [0x00007a39d3c39800, 0x00007a39d3c3bab0] 
[4,359s][debug][gc,nmethod     ] GC(1) O: Unregister NMethod: io.brackit.query.jdm.AbstractItem$1.close (0x00007a39d40e9d08) [0x00007a39d40e9e00, 0x00007a39d40e9f00] 
[4,359s][debug][gc,nmethod     ] GC(1) O: Unregister NMethod: java.util.concurrent.atomic.AtomicInteger.decrementAndGet (0x00007a39d3de7608) [0x00007a39d3de7700, 0x00007a39d3de7810] 
[4,359s][debug][gc,nmethod     ] GC(1) O: Unregister NMethod: java.util.concurrent.ConcurrentHashMap.putIfAbsent (0x00007a39f2c94508) [0x00007a39f2c94600, 0x00007a39f2c96d88] 
[4,359s][debug][gc,nmethod     ] GC(1) O: Unregister NMethod: sun.security.provider.SHA2.implCompress (0x00007a39d3f32988) [0x00007a39d3f32a80, 0x00007a39d3f32e90] 
[4,359s][debug][gc,nmethod     ] GC(1) O: Unregister NMethod: java.util.stream.AbstractPipeline.copyInto (0x00007a39d37d0d08) [0x00007a39d37d0e00, 0x00007a39d37d1f20] 
[4,359s][debug][gc,nmethod     ] GC(1) O: Unregister NMethod: io.sirix.access.trx.page.NodePageReadOnlyTrx.getValue (0x00007a39f2cda088) [0x00007a39f2cda180, 0x00007a39f2cda320] 
[4,359s][debug][gc,nmethod     ] GC(1) O: Unregister NMethod: it.unimi.dsi.fastutil.ints.Int2IntOpenHashMap.put (0x00007a39d3c40588) [0x00007a39d3c40680, 0x00007a39d3c408e8] 
[4,359s][debug][gc,nmethod     ] GC(1) O: Unregister NMethod: com.sun.org.apache.xerces.internal.impl.XMLEntityScanner.skipString (0x00007a39d3cc0208) [0x00007a39d3cc0300, 0x00007a39d3cc1420] 
[4,359s][debug][gc,nmethod     ] GC(1) O: Unregister NMethod: java.lang.Short.valueOf (0x00007a39d3ff2488) [0x00007a39d3ff2580, 0x00007a39d3ff2898] 
[4,359s][debug][gc,nmethod     ] GC(1) O: Unregister NMethod: jdk.internal.foreign.SegmentFactories.initNativeMemory (0x00007a39d381af88) [0x00007a39d381b080, 0x00007a39d381b220] 
[4,359s][debug][gc,nmethod     ] GC(1) O: Unregister NMethod: io.sirix.node.SirixDeweyID.toBytes (0x00007a39d3ed9908) [0x00007a39d3ed9a00, 0x00007a39d3eda360] 
[4,359s][debug][gc,nmethod     ] GC(1) O: Unregister NMethod: io.sirix.axis.AbstractAxis.resetToLastKey (0x00007a39f2e25f88) [0x00007a39f2e26080, 0x00007a39f2e263d8] 
[4,359s][debug][gc,nmethod     ] GC(1) O: Unregister NMethod: java.lang.String.compareTo (0x00007a39d37c1c88) [0x00007a39d37c1d80, 0x00007a39d37c25b0] 
[4,359s][debug][gc,nmethod     ] GC(1) O: Unregister NMethod: io.sirix.node.json.JsonNodeSerializer.readSizePrefix (0x00007a39d40e5f08) [0x00007a39d40e6000, 0x00007a39d40e6220] 
[4,359s][debug][gc,nmethod     ] GC(1) O: Unregister NMethod: net.openhft.hashing.XXH3.XXH3_avalanche (0x00007a39d3b92308) [0x00007a39d3b92400, 0x00007a39d3b92510] 
[4,359s][debug][gc,nmethod     ] GC(1) O: Unregister NMethod: jdk.internal.classfile.impl.BufWriterImpl.writeU1U2U2 (0x00007a39d3506508) [0x00007a39d3506600, 0x00007a39d3506af8] 
[4,359s][debug][gc,nmethod     ] GC(1) O: Unregister NMethod: io.sirix.node.SirixDeweyID.<init> (0x00007a39d40c9008) [0x00007a39d40c9100, 0x00007a39d40c9ca0] 
[4,359s][debug][gc,nmethod     ] GC(1) O: Unregister NMethod: java.nio.MappedByteBuffer.<init> (0x00007a39d3bce488) [0x00007a39d3bce580, 0x00007a39d3bce750] 
[4,359s][debug][gc,nmethod     ] GC(1) O: Unregister NMethod: io.sirix.access.trx.node.AbstractNodeReadOnlyTrx.moveTo (0x00007a39d3cda508) [0x00007a39d3cda600, 0x00007a39d3cdc168] 
[4,359s][debug][gc,nmethod     ] GC(1) O: Unregister NMethod: com.google.common.base.Preconditions.checkArgument (0x00007a39d3acc088) [0x00007a39d3acc180, 0x00007a39d3acc600] 
[4,359s][debug][gc,nmethod     ] GC(1) O: Unregister NMethod: java.nio.Buffer.checkIndex (0x00007a39d3488588) [0x00007a39d3488680, 0x00007a39d34887d0] 
[4,359s][debug][gc,nmethod     ] GC(1) O: Unregister NMethod: jdk.internal.foreign.layout.AbstractLayout.requirePowerOfTwoAndGreaterOrEqualToOne (0x00007a39d3e53488) [0x00007a39d3e53580, 0x00007a39d3e53928] 
[4,359s][debug][gc,nmethod     ] GC(1) O: Unregister NMethod: jdk.internal.foreign.AbstractMemorySegmentImpl.asSlice (0x00007a39f2bf9a88) [0x00007a39f2bf9b80, 0x00007a39f2bf9d68] 
[4,359s][debug][gc,nmethod     ] GC(1) O: Unregister NMethod: io.sirix.cache.IndexLogKey.equals (0x00007a39d3cbaa88) [0x00007a39d3cbab80, 0x00007a39d3cbb4c8] 
[4,359s][debug][gc,nmethod     ] GC(1) O: Unregister NMethod: it.unimi.dsi.fastutil.ints.Int2IntOpenHashMap.find (0x00007a39d3c3bb08) [0x00007a39d3c3bc00, 0x00007a39d3c3c068] 
[4,359s][debug][gc,nmethod     ] GC(1) O: Unregister NMethod: io.sirix.node.xml.AttributeNode.getKind (0x00007a39d3f6a408) [0x00007a39d3f6a500, 0x00007a39d3f6a820] 
[4,359s][debug][gc,nmethod     ] GC(1) O: Unregister NMethod: jdk.internal.foreign.Utils.checkAlign (0x00007a39d3b7c488) [0x00007a39d3b7c580, 0x00007a39d3b7d2d8] 
[4,359s][debug][gc,nmethod     ] GC(1) O: Unregister NMethod: io.sirix.node.GrowingMemorySegment.<init> (0x00007a39f2d0a808) [0x00007a39f2d0a900, 0x00007a39f2d0b3a8] 
[4,359s][debug][gc,nmethod     ] GC(1) O: Unregister NMethod: io.sirix.page.PageKind$1.serializePage (0x00007a39d41cfb88) [0x00007a39d41cfc80, 0x00007a39d41dd7d8] 
[4,359s][debug][gc,nmethod     ] GC(1) O: Unregister NMethod: jdk.internal.classfile.impl.Util.parameterSlots (0x00007a39d34fc188) [0x00007a39d34fc280, 0x00007a39d34fc710] 
[4,359s][debug][gc,nmethod     ] GC(1) O: Unregister NMethod: java.util.Arrays.copyOf (0x00007a39d347fa08) [0x00007a39d347fb00, 0x00007a39d3480380] 
[4,359s][debug][gc,nmethod     ] GC(1) O: Unregister NMethod: io.sirix.node.xml.ElementNode.hasRightSibling (0x00007a39d3c0d608) [0x00007a39d3c0d700, 0x00007a39d3c12b38] 
[4,359s][debug][gc,nmethod     ] GC(1) O: Unregister NMethod: java.lang.String.indexOf (0x00007a39d34df188) [0x00007a39d34df280, 0x00007a39d34dfc38] 
[4,359s][debug][gc,nmethod     ] GC(1) O: Unregister NMethod: io.sirix.node.NodeKind.serializeStructDelegate (0x00007a39d3edbd08) [0x00007a39d3edbe00, 0x00007a39d3edc378] 
[4,360s][debug][gc,nmethod     ] GC(1) O: Unregister NMethod: jdk.internal.misc.Unsafe.putLongUnaligned (0x00007a39d3637008) [0x00007a39d3637100, 0x00007a39d3637538] 
[4,360s][debug][gc,nmethod     ] GC(1) O: Unregister NMethod: io.sirix.access.trx.node.xml.XmlNodeReadOnlyTrxImpl.getNameNode (0x00007a39d3ce2708) [0x00007a39d3ce2800, 0x00007a39d3ce3048] 
[4,360s][debug][gc,nmethod     ] GC(1) O: Unregister NMethod: io.sirix.node.SirixDeweyID.setDivisionBitArray (0x00007a39d3e7f208) [0x00007a39d3e7f300, 0x00007a39d3e7f7c8] 
[4,360s][debug][gc,nmethod     ] GC(1) O: Unregister NMethod: io.sirix.access.trx.page.NodePageTrx$$Lambda/0x00000000ba28d158.apply (0x00007a39d4032908) [0x00007a39d4032a00, 0x00007a39d4032dc8] 
[4,360s][debug][gc,nmethod     ] GC(1) O: Unregister NMethod: java.util.concurrent.locks.ReentrantLock$NonfairSync.initialTryLock (0x00007a39d3744888) [0x00007a39d3744980, 0x00007a39d3745670] 
[4,360s][debug][gc,nmethod     ] GC(1) O: Unregister NMethod: io.sirix.access.trx.node.xml.XmlNodeTrxImpl.adaptForInsert (0x00007a39d4176808) [0x00007a39d4176900, 0x00007a39d41796a8] 
[4,360s][debug][gc,nmethod     ] GC(1) O: Unregister NMethod: io.sirix.access.trx.node.AbstractNodeHashing.setAddDescendants (0x00007a39d3aefe88) [0x00007a39d3aeff80, 0x00007a39d3af0b08] 
[4,360s][debug][gc,nmethod     ] GC(1) O: Unregister NMethod: io.sirix.node.json.JsonNodeSerializer.writeEndPadding (0x00007a39d3e77708) [0x00007a39d3e77800, 0x00007a39d3e77c48] 
[4,360s][debug][gc,nmethod     ] GC(1) O: Unregister NMethod: io.sirix.node.MemorySegmentBytesOut.writeLong (0x00007a39d3ac8108) [0x00007a39d3ac8200, 0x00007a39d3ac8398] 
[4,360s][debug][gc,nmethod     ] GC(1) O: Unregister NMethod: java.lang.invoke.VarHandleGuards.guard_LJ_I (0x00007a39d340ee08) [0x00007a39d340ef00, 0x00007a39d3411dc0] 
[4,360s][debug][gc,nmethod     ] GC(1) O: Unregister NMethod: com.sun.org.apache.xerces.internal.impl.XMLEntityScanner.scanContent (0x00007a39d3b31c08) [0x00007a39d3b31d00, 0x00007a39d3b32cb8] 
[4,360s][debug][gc,nmethod     ] GC(1) O: Unregister NMethod: com.sun.org.apache.xerces.internal.impl.XMLScanner.scanAttributeValue (0x00007a39d3d60108) [0x00007a39d3d60200, 0x00007a39d3d6a900] 
[4,360s][debug][gc,nmethod     ] GC(1) O: Unregister NMethod: jdk.internal.foreign.ArenaImpl.allocate (0x00007a39f2d09408) [0x00007a39f2d09500, 0x00007a39f2d09e38] 
[4,360s][debug][gc,nmethod     ] GC(1) O: Unregister NMethod: io.sirix.access.trx.page.NodePageTrx.getPageContainer (0x00007a39d4036e08) [0x00007a39d4036f00, 0x00007a39d4038040] 
[4,360s][debug][gc,nmethod     ] GC(1) O: Unregister NMethod: java.lang.String.<init> (0x00007a39f2d05588) [0x00007a39f2d05680, 0x00007a39f2d059c8] 
[4,360s][debug][gc,nmethod     ] GC(1) O: Unregister NMethod: java.util.ArrayList.<init> (0x00007a39d35a1408) [0x00007a39d35a1500, 0x00007a39d35a17a0] 
[4,360s][debug][gc,nmethod     ] GC(1) O: Unregister NMethod: com.sun.org.apache.xerces.internal.impl.XMLEntityScanner.checkBeforeLoad (0x00007a39d3db5c88) [0x00007a39d3db5d80, 0x00007a39d3db62b0] 
[4,360s][debug][gc,nmethod     ] GC(1) O: Unregister NMethod: io.sirix.access.trx.node.AbstractNodeReadOnlyTrx.moveTo (0x00007a39f2ceb008) [0x00007a39f2ceb100, 0x00007a39f2cebe70] 
[4,360s][debug][gc,nmethod     ] GC(1) O: Unregister NMethod: it.unimi.dsi.fastutil.ints.Int2IntOpenHashMap.put (0x00007a39f2d4c588) [0x00007a39f2d4c680, 0x00007a39f2d4c978] 
[4,360s][debug][gc,nmethod     ] GC(1) O: Unregister NMethod: java.net.URLStreamHandler.setURL (0x00007a39d35c7188) [0x00007a39d35c7280, 0x00007a39d35c8eb8] 
[4,360s][debug][gc,nmethod     ] GC(1) O: Unregister NMethod: io.sirix.service.xml.shredder.AbstractShredder.processEndTag (0x00007a39d3cc5888) [0x00007a39d3cc5980, 0x00007a39d3cc6b00] 
[4,360s][debug][gc,nmethod     ] GC(1) O: Unregister NMethod: jdk.internal.misc.Unsafe.getIntUnaligned (0x00007a39d3585088) [0x00007a39d3585180, 0x00007a39d35853c8] 
[4,360s][debug][gc,nmethod     ] GC(1) O: Unregister NMethod: java.util.BitSet.checkRange (0x00007a39d3b1cc08) [0x00007a39d3b1cd00, 0x00007a39d3b1f688] 
[4,360s][debug][gc,nmethod     ] GC(1) O: Unregister NMethod: com.sun.org.apache.xerces.internal.parsers.AbstractSAXParser.startElement (0x00007a39d41a0908) [0x00007a39d41a0a00, 0x00007a39d41a2cc8] 
[4,360s][debug][gc,nmethod     ] GC(1) O: Unregister NMethod: io.sirix.node.delegates.StructNodeDelegate.incrementChildCount (0x00007a39d3db6d88) [0x00007a39d3db6e80, 0x00007a39d3db6f90] 
[4,360s][debug][gc,nmethod     ] GC(1) O: Unregister NMethod: java.util.concurrent.ConcurrentLinkedDeque.linkLast (0x00007a39d39fc188) [0x00007a39d39fc280, 0x00007a39d3a01378] 
[4,360s][debug][gc,nmethod     ] GC(1) O: Unregister NMethod: jdk.internal.foreign.AbstractMemorySegmentImpl.get (0x00007a39d3a64d08) [0x00007a39d3a64e00, 0x00007a39d3a68730] 
[4,360s][debug][gc,nmethod     ] GC(1) O: Unregister NMethod: jdk.internal.foreign.SegmentFactories.fromArray (0x00007a39d3e90a88) [0x00007a39d3e90b80, 0x00007a39d3e91680] 
[4,360s][debug][gc,nmethod     ] GC(1) O: Unregister NMethod: jdk.internal.foreign.AbstractMemorySegmentImpl.asSlice (0x00007a39d3551d88) [0x00007a39d3551e80, 0x00007a39d3552378] 
[4,360s][debug][gc,nmethod     ] GC(1) O: Unregister NMethod: jdk.internal.foreign.layout.ValueLayouts$AbstractValueLayout.assertCarrierSize (0x00007a39d3f23888) [0x00007a39d3f23980, 0x00007a39d3f23a90] 
[4,360s][debug][gc,nmethod     ] GC(1) O: Unregister NMethod: jdk.internal.foreign.AbstractMemorySegmentImpl$$Lambda/0x00000000ba2605d8.apply (0x00007a39d3e79f08) [0x00007a39d3e7a000, 0x00007a39d3e7a180] 
[4,360s][debug][gc,nmethod     ] GC(1) O: Unregister NMethod: io.sirix.access.trx.node.AbstractNodeReadOnlyTrx.moveToParent (0x00007a39f2d24208) [0x00007a39f2d24300, 0x00007a39f2d25590] 
[4,360s][debug][gc,nmethod     ] GC(1) O: Unregister NMethod: java.util.Arrays.fill (0x00007a39d35cf788) [0x00007a39d35cf880, 0x00007a39d35cfca8] 
[4,360s][debug][gc,nmethod     ] GC(1) O: Unregister NMethod: io.sirix.node.xml.AttributeNode.getLocalNameKey (0x00007a39d3d54c08) [0x00007a39d3d54d00, 0x00007a39d3d59cf0] 
[4,360s][debug][gc,nmethod     ] GC(1) O: Unregister NMethod: java.util.concurrent.ConcurrentHashMap.get (0x00007a39d378a188) [0x00007a39d378a280, 0x00007a39d378b298] 
[4,360s][debug][gc,nmethod     ] GC(1) O: Unregister NMethod: io.sirix.cache.LinuxMemorySegmentAllocator.partitionVirtualRegion (0x00007a39d3491c08) [0x00007a39d3491d00, 0x00007a39d3492b18] 
[4,360s][debug][gc,nmethod     ] GC(1) O: Unregister NMethod: io.sirix.node.xml.AttributeNode.getDeweyID (0x00007a39d3f32508) [0x00007a39d3f32600, 0x00007a39d3f32928] 
[4,360s][debug][gc,nmethod     ] GC(1) O: Unregister NMethod: java.lang.String.getBytes (0x00007a39f2c17c88) [0x00007a39f2c17d80, 0x00007a39f2c180c0] 
[4,360s][debug][gc,nmethod     ] GC(1) O: Unregister NMethod: io.sirix.access.trx.page.NodePageTrx.getMostRecentPageContainer (0x00007a39d3ac1e88) [0x00007a39d3ac1f80, 0x00007a39d3ac25b0] 
[4,360s][debug][gc,nmethod     ] GC(1) O: Unregister NMethod: java.util.BitSet.get (0x00007a39d36a9a88) [0x00007a39d36a9b80, 0x00007a39d36aaa28] 
[4,360s][debug][gc,nmethod     ] GC(1) O: Unregister NMethod: io.sirix.axis.filter.PathNameFilter.filter (0x00007a39d3bba008) [0x00007a39d3bba100, 0x00007a39d3bbc900] 
[4,360s][debug][gc,nmethod     ] GC(1) O: Unregister NMethod: net.openhft.hashing.LongHashFunction.unsafeHash (0x00007a39d3b9a988) [0x00007a39d3b9aa80, 0x00007a39d3b9ad90] 
[4,360s][debug][gc,nmethod     ] GC(1) O: Unregister NMethod: io.sirix.node.MemorySegmentBytesOut.getDestination (0x00007a39d3b82608) [0x00007a39d3b82700, 0x00007a39d3b82888] 
[4,360s][debug][gc,nmethod     ] GC(1) O: Unregister NMethod: java.lang.invoke.VarForm.getMemberName (0x00007a39d3587a08) [0x00007a39d3587b00, 0x00007a39d3588280] 
[4,360s][debug][gc,nmethod     ] GC(1) O: Unregister NMethod: java.lang.invoke.InvokerBytecodeGenerator.emitStaticInvoke (0x00007a39d39c8b88) [0x00007a39d39c8c80, 0x00007a39d39cb368] 
[4,360s][debug][gc,nmethod     ] GC(1) O: Unregister NMethod: java.util.stream.AbstractPipeline.evaluate (0x00007a39f2c9c788) [0x00007a39f2c9c880, 0x00007a39f2c9dd60] 
[4,360s][debug][gc,nmethod     ] GC(1) O: Unregister NMethod: com.sun.org.apache.xerces.internal.util.NamespaceSupport.pushContext (0x00007a39d4193b88) [0x00007a39d4193c80, 0x00007a39d4193ff0] 
[4,361s][debug][gc,nmethod     ] GC(1) O: Unregister NMethod: com.sun.org.apache.xerces.internal.util.SymbolTable.addSymbol (0x00007a39d3c46a08) [0x00007a39d3c46b00, 0x00007a39d3c47040] 
[4,361s][debug][gc,nmethod     ] GC(1) O: Unregister NMethod: io.sirix.page.KeyValueLeafPage.setData (0x00007a39d3e93b08) [0x00007a39d3e93c00, 0x00007a39d3ed9380] 
[4,361s][debug][gc,nmethod     ] GC(1) O: Unregister NMethod: io.sirix.axis.AbstractAxis.<init> (0x00007a39f2d19088) [0x00007a39f2d19180, 0x00007a39f2d19548] 
[4,361s][debug][gc,nmethod     ] GC(1) O: Unregister NMethod: com.sun.org.apache.xerces.internal.impl.XMLDocumentFragmentScannerImpl$FragmentContentDriver.next (0x00007a39d3b6aa08) [0x00007a39d3b6ab00, 0x00007a39d3b78630] 
[4,361s][debug][gc,nmethod     ] GC(1) O: Unregister NMethod: io.sirix.node.NullNode.<init> (0x00007a39d3dd5688) [0x00007a39d3dd5780, 0x00007a39d3dd5cb8] 
[4,361s][debug][gc,nmethod     ] GC(1) O: Unregister NMethod: java.util.concurrent.locks.ReentrantLock$NonfairSync.initialTryLock (0x00007a39d40d6c08) [0x00007a39d40d6d00, 0x00007a39d40d79f0] 
[4,361s][debug][gc,nmethod     ] GC(1) O: Unregister NMethod: jdk.internal.foreign.AbstractMemorySegmentImpl.isAlignedForElement (0x00007a39d3811988) [0x00007a39d3811a80, 0x00007a39d3811c50] 
[4,361s][debug][gc,nmethod     ] GC(1) O: Unregister NMethod: io.sirix.utils.XMLToken.cp (0x00007a39d3b20c08) [0x00007a39d3b20d00, 0x00007a39d3b21138] 
[4,361s][debug][gc,nmethod     ] GC(1) O: Unregister NMethod: java.nio.HeapByteBuffer.ix (0x00007a39d3cf6388) [0x00007a39d3cf6480, 0x00007a39d3cf6588] 
[4,361s][debug][gc,nmethod     ] GC(1) O: Unregister NMethod: it.unimi.dsi.fastutil.ints.Int2LongOpenHashMap.get (0x00007a39f2d2be88) [0x00007a39f2d2bf80, 0x00007a39f2d2c2e0] 
[4,361s][debug][gc,nmethod     ] GC(1) O: Unregister NMethod: jdk.internal.classfile.impl.UnboundAttribute$AdHocAttribute.writeTo (0x00007a39d36c2c08) [0x00007a39d36c2d00, 0x00007a39d36c4740] 
[4,361s][debug][gc,nmethod     ] GC(1) O: Unregister NMethod: com.sun.org.apache.xerces.internal.parsers.AbstractSAXParser.startElement (0x00007a39f2d6a308) [0x00007a39f2d6a400, 0x00007a39f2d6dea8] 
[4,361s][debug][gc,nmethod     ] GC(1) O: Unregister NMethod: java.nio.Buffer.remaining (0x00007a39d3572408) [0x00007a39d3572500, 0x00007a39d3572670] 
[4,361s][debug][gc,nmethod     ] GC(1) O: Unregister NMethod: jdk.internal.foreign.AbstractMemorySegmentImpl.asSlice (0x00007a39d3482888) [0x00007a39d3482980, 0x00007a39d3482c78] 
[4,361s][debug][gc,nmethod     ] GC(1) O: Unregister NMethod: io.sirix.access.trx.page.NodePageReadOnlyTrx.getReferenceToLeafOfSubtree (0x00007a39d4039088) [0x00007a39d4039180, 0x00007a39d403a2b0] 
[4,361s][debug][gc,nmethod     ] GC(1) O: Unregister NMethod: io.sirix.axis.filter.FilterAxis.<init> (0x00007a39d3c66388) [0x00007a39d3c66480, 0x00007a39d3c69018] 
[4,361s][debug][gc,nmethod     ] GC(1) O: Unregister NMethod: io.sirix.utils.XMLToken.ncName (0x00007a39f2d03388) [0x00007a39f2d03480, 0x00007a39f2d037d8] 
[4,361s][debug][gc,nmethod     ] GC(1) O: Unregister NMethod: io.sirix.access.trx.node.AbstractNodeReadOnlyTrx.assertNotClosed (0x00007a39d3a97a88) [0x00007a39d3a97b80, 0x00007a39d3a97d88] 
[4,361s][debug][gc,nmethod     ] GC(1) O: Unregister NMethod: jdk.internal.loader.URLClassPath$FileLoader.getResource (0x00007a39d36f0288) [0x00007a39d36f0380, 0x00007a39d36f2598] 
[4,361s][debug][gc,nmethod     ] GC(1) O: Unregister NMethod: jdk.internal.misc.Unsafe.getReferenceAcquire (0x00007a39d3413e08) [0x00007a39d3413f00, 0x00007a39d3414030] 
[4,361s][debug][gc,nmethod     ] GC(1) O: Unregister NMethod: java.lang.String.concat (0x00007a39d34d4488) [0x00007a39d34d4580, 0x00007a39d34d6880] 
[4,361s][debug][gc,nmethod     ] GC(1) O: Unregister NMethod: java.lang.AbstractStringBuilder.append (0x00007a39f2c24808) [0x00007a39f2c24900, 0x00007a39f2c250a0] 
[4,361s][debug][gc,nmethod     ] GC(1) O: Unregister NMethod: java.nio.MappedByteBuffer.limit (0x00007a39d3bce788) [0x00007a39d3bce880, 0x00007a39d3bcec40] 
[4,361s][debug][gc,nmethod     ] GC(1) O: Unregister NMethod: jdk.internal.foreign.AbstractMemorySegmentImpl$$Lambda/0x00000000ba2605d8.apply (0x00007a39d3f20688) [0x00007a39d3f20780, 0x00007a39d3f20960] 
[4,361s][debug][gc,nmethod     ] GC(1) O: Unregister NMethod: com.sun.org.apache.xerces.internal.util.NamespaceSupport.pushContext (0x00007a39f2dc8c08) [0x00007a39f2dc8d00, 0x00007a39f2dc8e40] 
[4,361s][debug][gc,nmethod     ] GC(1) O: Unregister NMethod: java.lang.ref.Reference.<init> (0x00007a39d346b788) [0x00007a39d346b880, 0x00007a39d346bb18] 
[4,361s][debug][gc,nmethod     ] GC(1) O: Unregister NMethod: io.brackit.query.compiler.parser.Tokenizer.ws (0x00007a39d409e988) [0x00007a39d409ea80, 0x00007a39d409eed8] 
[4,361s][debug][gc,nmethod     ] GC(1) O: Unregister NMethod: io.sirix.access.trx.node.AbstractNodeTrxImpl.checkAccessAndCommit (0x00007a39d3b96508) [0x00007a39d3b96600, 0x00007a39d3b97188] 
[4,361s][debug][gc,nmethod     ] GC(1) O: Unregister NMethod: com.sun.org.apache.xerces.internal.util.SymbolTable.addSymbol (0x00007a39f2d07f08) [0x00007a39f2d08000, 0x00007a39f2d08880] 
[4,361s][debug][gc,nmethod     ] GC(1) O: Unregister NMethod: io.sirix.access.trx.page.NodePageReadOnlyTrx.getPathSummaryPage (0x00007a39d3dcbe88) [0x00007a39d3dcbf80, 0x00007a39d3dccf58] 
[4,361s][debug][gc,nmethod     ] GC(1) O: Unregister NMethod: java.util.HashMap.putIfAbsent (0x00007a39d343dc08) [0x00007a39d343dd00, 0x00007a39d343e2e8] 
[4,361s][debug][gc,nmethod     ] GC(1) O: Unregister NMethod: io.sirix.node.xml.TextNode.<init> (0x00007a39d3c38d88) [0x00007a39d3c38e80, 0x00007a39d3c396a0] 
[4,361s][debug][gc,nmethod     ] GC(1) O: Unregister NMethod: io.sirix.node.SirixDeweyID.setDivisionBitArray (0x00007a39d3e91688) [0x00007a39d3e91780, 0x00007a39d3e91db0] 
[4,361s][debug][gc,nmethod     ] GC(1) O: Unregister NMethod: io.sirix.axis.AbstractAxis.<init> (0x00007a39f2e3a008) [0x00007a39f2e3a100, 0x00007a39f2e3a888] 
[4,361s][debug][gc,nmethod     ] GC(1) O: Unregister NMethod: io.sirix.axis.AbstractAxis.hasNext (0x00007a39d4278e88) [0x00007a39d4278f80, 0x00007a39d4279a48] 
[4,361s][debug][gc,nmethod     ] GC(1) O: Unregister NMethod: jdk.internal.foreign.SegmentFactories.ensureInitialized (0x00007a39d3b38388) [0x00007a39d3b38480, 0x00007a39d3b38560] 
[4,361s][debug][gc,nmethod     ] GC(1) O: Unregister NMethod: java.util.ArrayDeque.pollFirst (0x00007a39d3505388) [0x00007a39d3505480, 0x00007a39d35059e0] 
[4,361s][debug][gc,nmethod     ] GC(1) O: Unregister NMethod: java.util.HashMap.<init> (0x00007a39d3440888) [0x00007a39d3440980, 0x00007a39d3440b40] 
[4,361s][debug][gc,nmethod     ] GC(1) O: Unregister NMethod: io.sirix.node.xml.AttributeNode.getKind (0x00007a39d3bfcd08) [0x00007a39d3bfce00, 0x00007a39d3bfcf08] 
[4,361s][debug][gc,nmethod     ] GC(1) O: Unregister NMethod: io.sirix.node.xml.ElementNode.getParentKey (0x00007a39d3aead08) [0x00007a39d3aeae00, 0x00007a39d3aefde8] 
[4,361s][debug][gc,nmethod     ] GC(1) O: Unregister NMethod: io.sirix.cache.SegmentAllocators.getIndexForSize (0x00007a39d3de6f88) [0x00007a39d3de7080, 0x00007a39d3de75b8] 
[4,361s][debug][gc,nmethod     ] GC(1) O: Unregister NMethod: java.lang.CharacterDataLatin1.equalsIgnoreCase (0x00007a39f2c93788) [0x00007a39f2c93880, 0x00007a39f2c93990] 
[4,361s][debug][gc,nmethod     ] GC(1) O: Unregister NMethod: io.sirix.page.KeyValueLeafPage.setDeweyId (0x00007a39d3edac08) [0x00007a39d3edad00, 0x00007a39d3edafe8] 
[4,361s][debug][gc,nmethod     ] GC(1) O: Unregister NMethod: io.sirix.node.NodeKind$1.serialize (0x00007a39d3edf108) [0x00007a39d3edf200, 0x00007a39d3f1a0b8] 
[4,361s][debug][gc,nmethod     ] GC(1) O: Unregister NMethod: io.sirix.axis.AbstractAxis.<init> (0x00007a39d40b5388) [0x00007a39d40b5480, 0x00007a39d40b5ed0] 
[4,361s][debug][gc,nmethod     ] GC(1) O: Unregister NMethod: jdk.internal.classfile.impl.StackMapGenerator$Frame.pushStack (0x00007a39d3569e08) [0x00007a39d3569f00, 0x00007a39d356a360] 
[4,361s][debug][gc,nmethod     ] GC(1) O: Unregister NMethod: io.sirix.node.xml.TextNode.hasRightSibling (0x00007a39d3bbcc88) [0x00007a39d3bbcd80, 0x00007a39d3bc21b8] 
[4,361s][debug][gc,nmethod     ] GC(1) O: Unregister NMethod: io.sirix.node.NodeKind$2.serialize (0x00007a39d3f6d588) [0x00007a39d3f6d680, 0x00007a39d3f92000] 
[4,361s][debug][gc,nmethod     ] GC(1) O: Unregister NMethod: jdk.internal.foreign.AbstractMemorySegmentImpl.isAlignedForElement (0x00007a39d381d288) [0x00007a39d381d380, 0x00007a39d381d9a8] 
[4,361s][debug][gc,nmethod     ] GC(1) O: Unregister NMethod: io.sirix.access.trx.page.NodePageTrx.createRecord (0x00007a39d416e188) [0x00007a39d416e280, 0x00007a39d41746c8] 
[4,361s][debug][gc,nmethod     ] GC(1) O: Unregister NMethod: io.sirix.page.PageKind$1.deserializePage (0x00007a39d4297788) [0x00007a39d4297880, 0x00007a39d429bbc8] 
[4,361s][debug][gc,nmethod     ] GC(1) O: Unregister NMethod: io.sirix.access.trx.node.AbstractNodeReadOnlyTrx.hasNode (0x00007a39f2d48188) [0x00007a39f2d48280, 0x00007a39f2d491b0] 
[4,361s][debug][gc,nmethod     ] GC(1) O: Unregister NMethod: java.lang.StringConcatHelper.prepend (0x00007a39d34f2308) [0x00007a39d34f2400, 0x00007a39d34f3b50] 
[4,361s][debug][gc,nmethod     ] GC(1) O: Unregister NMethod: io.sirix.access.trx.node.AbstractNodeReadOnlyTrx.hasNode (0x00007a39d3c37b88) [0x00007a39d3c37c80, 0x00007a39d3c388b0] 
[4,361s][debug][gc,nmethod     ] GC(1) O: Unregister NMethod: io.sirix.node.xml.AttributeNode.computeHash (0x00007a39d3d7ec88) [0x00007a39d3d7ed80, 0x00007a39d3d955e0] 
[4,361s][debug][gc,nmethod     ] GC(1) O: Unregister NMethod: com.sun.org.apache.xerces.internal.parsers.AbstractSAXParser$AttributesProxy.getLength (0x00007a39d3c5f988) [0x00007a39d3c5fa80, 0x00007a39d3c5fdc0] 
[4,361s][debug][gc,nmethod     ] GC(1) O: Unregister NMethod: io.sirix.axis.AbstractAxis.hasNext (0x00007a39d3b21a88) [0x00007a39d3b21b80, 0x00007a39d3b22648] 
[4,361s][debug][gc,nmethod     ] GC(1) O: Unregister NMethod: java.lang.String.<init> (0x00007a39f2d1e288) [0x00007a39f2d1e380, 0x00007a39f2d1e700] 
[4,361s][debug][gc,nmethod     ] GC(1) O: Unregister NMethod: io.sirix.node.MemorySegmentBytesIn.readLong (0x00007a39d403fc08) [0x00007a39d403fd00, 0x00007a39d4043910] 
[4,361s][debug][gc,nmethod     ] GC(1) O: Unregister NMethod: com.sun.org.apache.xerces.internal.xni.XMLString.setValues (0x00007a39d3d0db08) [0x00007a39d3d0dc00, 0x00007a39d3d0dd80] 
[4,361s][debug][gc,nmethod     ] GC(1) O: Unregister NMethod: com.sun.org.apache.xerces.internal.util.XMLStringBuffer.clear (0x00007a39d3da7d88) [0x00007a39d3da7e80, 0x00007a39d3da7f90] 
[4,362s][debug][gc,nmethod     ] GC(1) O: Unregister NMethod: io.sirix.axis.AbstractAxis.nextLong (0x00007a39d40b2888) [0x00007a39d40b2980, 0x00007a39d40b3410] 
[4,362s][debug][gc,nmethod     ] GC(1) O: Unregister NMethod: jdk.internal.classfile.impl.SplitConstantPool.classEntry (0x00007a39d3510508) [0x00007a39d3510600, 0x00007a39d35122b8] 
[4,362s][debug][gc,nmethod     ] GC(1) O: Unregister NMethod: io.sirix.node.immutable.xml.ImmutableElement.getKind (0x00007a39d3c6d408) [0x00007a39d3c6d500, 0x00007a39d3c6d858] 
[4,362s][debug][gc,nmethod     ] GC(1) O: Unregister NMethod: io.sirix.access.trx.node.xml.XmlNodeReadOnlyTrxImpl.hasAttributes (0x00007a39d3d5e888) [0x00007a39d3d5e980, 0x00007a39d3d5f900] 
[4,362s][debug][gc,nmethod     ] GC(1) O: Unregister NMethod: com.sun.org.apache.xerces.internal.impl.XMLNSDocumentScannerImpl.scanStartElement (0x00007a39d3c96708) [0x00007a39d3c96800, 0x00007a39d3c9eae0] 
[4,362s][debug][gc,nmethod     ] GC(1) O: Unregister NMethod: io.sirix.page.NamePage.setName (0x00007a39d4165f08) [0x00007a39d4166000, 0x00007a39d41675c0] 
[4,362s][debug][gc,nmethod     ] GC(1) O: Unregister NMethod: jdk.internal.foreign.SegmentFactories.allocateNativeSegment (0x00007a39d3b80008) [0x00007a39d3b80100, 0x00007a39d3b806c0] 
[4,362s][debug][gc,nmethod     ] GC(1) O: Unregister NMethod: jdk.xml.internal.XMLSecurityManager.isOverLimit (0x00007a39d3b48d08) [0x00007a39d3b48e00, 0x00007a39d3b4a3e0] 
[4,362s][debug][gc,nmethod     ] GC(1) O: Unregister NMethod: java.util.BitSet.cardinality (0x00007a39d3b0b908) [0x00007a39d3b0ba00, 0x00007a39d3b0bc60] 
[4,362s][debug][gc,nmethod     ] GC(1) O: Unregister NMethod: jdk.internal.foreign.MemorySessionImpl.addInternal (0x00007a39d3b7b108) [0x00007a39d3b7b200, 0x00007a39d3b7c170] 
[4,362s][debug][gc,nmethod     ] GC(1) O: Unregister NMethod: io.sirix.node.xml.AbstractStructForwardingNode.getFirstChildKey (0x00007a39f2d51608) [0x00007a39f2d51700, 0x00007a39f2d51810] 
[4,362s][debug][gc,nmethod     ] GC(1) O: Unregister NMethod: io.sirix.axis.filter.FilterAxis.<init> (0x00007a39f2d57988) [0x00007a39f2d57a80, 0x00007a39f2d58a80] 
[4,362s][debug][gc,nmethod     ] GC(1) O: Unregister NMethod: io.sirix.node.GrowingMemorySegment.writeLong (0x00007a39d3ad4988) [0x00007a39d3ad4a80, 0x00007a39d3ad88c0] 
[4,362s][debug][gc,nmethod     ] GC(1) O: Unregister NMethod: io.sirix.node.NodeSerializerImpl.writeDeweyID (0x00007a39d3f31f08) [0x00007a39d3f32000, 0x00007a39d3f324f0] 
[4,362s][debug][gc,nmethod     ] GC(1) O: Unregister NMethod: java.io.File.isInvalid (0x00007a39d3479808) [0x00007a39d3479900, 0x00007a39d3479eb0] 
[4,362s][debug][gc,nmethod     ] GC(1) O: Unregister NMethod: java.util.concurrent.locks.AbstractQueuedSynchronizer.compareAndSetState (0x00007a39d3995088) [0x00007a39d3995180, 0x00007a39d3995298] 
[4,362s][debug][gc,nmethod     ] GC(1) O: Unregister NMethod: java.lang.invoke.Invokers$Holder.linkToTargetMethod (0x00007a39d36da108) [0x00007a39d36da200, 0x00007a39d36da6f8] 
[4,362s][debug][gc,nmethod     ] GC(1) O: Unregister NMethod: io.sirix.access.trx.page.NodePageTrx.prepareRecordForModification (0x00007a39f2ce1308) [0x00007a39f2ce1400, 0x00007a39f2ce2430] 
[4,362s][debug][gc,nmethod     ] GC(1) O: Unregister NMethod: io.sirix.utils.NamePageHash.generateHashForString (0x00007a39d3c1bc08) [0x00007a39d3c1bd00, 0x00007a39d3c1bfd8] 
[4,362s][debug][gc,nmethod     ] GC(1) O: Unregister NMethod: java.lang.String.checkBoundsBeginEnd (0x00007a39d341f788) [0x00007a39d341f880, 0x00007a39d341fa98] 
[4,362s][debug][gc,nmethod     ] GC(1) O: Unregister NMethod: java.util.BitSet.and (0x00007a39d4140308) [0x00007a39d4140400, 0x00007a39d4140850] 
[4,362s][debug][gc,nmethod     ] GC(1) O: Unregister NMethod: java.lang.String.indexOf (0x00007a39f2ca5608) [0x00007a39f2ca5700, 0x00007a39f2ca59d8] 
[4,362s][debug][gc,nmethod     ] GC(1) O: Unregister NMethod: io.sirix.page.KeyValueLeafPage.getDeweyId (0x00007a39d3f1ad88) [0x00007a39d3f1ae80, 0x00007a39d3f20630] 
[4,362s][debug][gc,nmethod     ] GC(1) O: Unregister NMethod: io.sirix.access.trx.page.NodePageTrx.getRecord (0x00007a39d3ae8c08) [0x00007a39d3ae8d00, 0x00007a39d3aeaca0] 
[4,362s][debug][gc,nmethod     ] GC(1) O: Unregister NMethod: org.magicwerk.brownies.collections.GapList.get (0x00007a39d4148b88) [0x00007a39d4148c80, 0x00007a39d414a678] 
[4,362s][debug][gc,nmethod     ] GC(1) O: Unregister NMethod: com.sun.org.apache.xerces.internal.xni.XMLString.append (0x00007a39d3d43488) [0x00007a39d3d43580, 0x00007a39d3d43a58] 
[4,362s][debug][gc,nmethod     ] GC(1) O: Unregister NMethod: java.lang.Integer.numberOfTrailingZeros (0x00007a39d3fe3208) [0x00007a39d3fe3300, 0x00007a39d3fe3518] 
[4,362s][debug][gc,nmethod     ] GC(1) O: Unregister NMethod: java.io.File.<init> (0x00007a39d36eee08) [0x00007a39d36eef00, 0x00007a39d36efdc8] 
[4,362s][debug][gc,nmethod     ] GC(1) O: Unregister NMethod: java.util.BitSet.flip (0x00007a39d3b1f708) [0x00007a39d3b1f800, 0x00007a39d3b1fe08] 
[4,362s][debug][gc,nmethod     ] GC(1) O: Unregister NMethod: com.sun.org.apache.xerces.internal.impl.XMLEntityScanner.scanContent (0x00007a39f2cefe88) [0x00007a39f2ceffa0, 0x00007a39f2cf0ec8] 
[4,362s][debug][gc,nmethod     ] GC(1) O: Unregister NMethod: java.util.ArrayDeque.addFirst (0x00007a39f2d61508) [0x00007a39f2d61600, 0x00007a39f2d61808] 
[4,362s][debug][gc,nmethod     ] GC(1) O: Unregister NMethod: it.unimi.dsi.fastutil.ints.Int2LongOpenHashMap.get (0x00007a39d4163d88) [0x00007a39d4163e80, 0x00007a39d41643d0] 
[4,362s][debug][gc,nmethod     ] GC(1) O: Unregister NMethod: java.util.ArrayDeque.pop (0x00007a39d3c5c288) [0x00007a39d3c5c380, 0x00007a39d3c5c620] 
[4,362s][debug][gc,nmethod     ] GC(1) O: Unregister NMethod: io.sirix.index.path.summary.PathSummaryReader.getNodeKey (0x00007a39d3b16888) [0x00007a39d3b16980, 0x00007a39d3b16e30] 
[4,362s][debug][gc,nmethod     ] GC(1) O: Unregister NMethod: io.sirix.page.KeyValueLeafPage.getSlotAsByteArray (0x00007a39d3974408) [0x00007a39d3974500, 0x00007a39d3974b98] 
[4,362s][debug][gc,nmethod     ] GC(1) O: Unregister NMethod: io.sirix.node.SirixDeweyID.toBytes (0x00007a39d3e84308) [0x00007a39d3e84400, 0x00007a39d3e84ae8] 
[4,362s][debug][gc,nmethod     ] GC(1) O: Unregister NMethod: io.sirix.node.GrowingMemorySegment.write (0x00007a39d3c15f08) [0x00007a39d3c16000, 0x00007a39d3c1bb98] 
[4,362s][debug][gc,nmethod     ] GC(1) O: Unregister NMethod: java.util.concurrent.locks.ReentrantLock.lock (0x00007a39f2d04488) [0x00007a39f2d04580, 0x00007a39f2d04768] 
[4,362s][debug][gc,nmethod     ] GC(1) O: Unregister NMethod: java.lang.String.getBytes (0x00007a39d3fb6f88) [0x00007a39d3fb7080, 0x00007a39d3fb7588] 
[4,362s][debug][gc,nmethod     ] GC(1) O: Unregister NMethod: java.util.ArrayDeque.addLast (0x00007a39d34c4e08) [0x00007a39d34c4f00, 0x00007a39d34c54e0] 
[4,362s][debug][gc,nmethod     ] GC(1) O: Unregister NMethod: com.sun.org.apache.xerces.internal.impl.XMLDocumentFragmentScannerImpl.checkDepth (0x00007a39d3c88988) [0x00007a39d3c88a80, 0x00007a39d3c8bcd8] 
[4,362s][debug][gc,nmethod     ] GC(1) O: Unregister NMethod: jdk.internal.foreign.layout.MemoryLayoutUtil.requireByteSizeValid (0x00007a39d3f30008) [0x00007a39d3f30100, 0x00007a39d3f30e68] 
[4,362s][debug][gc,nmethod     ] GC(1) O: Unregister NMethod: java.util.RegularEnumSet.contains (0x00007a39d386b208) [0x00007a39d386b300, 0x00007a39d386bda0] 
[4,362s][debug][gc,nmethod     ] GC(1) O: Unregister NMethod: io.sirix.node.xml.ElementNode.getURIKey (0x00007a39d3caec08) [0x00007a39d3caed00, 0x00007a39d3cb3cf0] 
[4,362s][debug][gc,nmethod     ] GC(1) O: Unregister NMethod: jdk.internal.foreign.layout.ValueLayouts$OfByteImpl.dup (0x00007a39d3e81c08) [0x00007a39d3e81d00, 0x00007a39d3e81e90] 
[4,362s][debug][gc,nmethod     ] GC(1) O: Unregister NMethod: com.sun.org.apache.xerces.internal.impl.XMLDocumentFragmentScannerImpl.scanDocument (0x00007a39f2f33188) [0x00007a39f2f33280, 0x00007a39f2f41168] 
[4,362s][debug][gc,nmethod     ] GC(1) O: Unregister NMethod: io.sirix.index.path.summary.PathSummaryReader.getStructuralNode (0x00007a39d3b24e08) [0x00007a39d3b24f00, 0x00007a39d3b252b8] 
[4,362s][debug][gc,nmethod     ] GC(1) O: Unregister NMethod: jdk.internal.classfile.impl.StackMapGenerator$Frame.checkLocal (0x00007a39d356e188) [0x00007a39d356e280, 0x00007a39d356eed8] 
[4,362s][debug][gc,nmethod     ] GC(1) O: Unregister NMethod: io.sirix.query.node.XmlDBNode.<init> (0x00007a39d3ba7408) [0x00007a39d3ba7500, 0x00007a39d3ba8d90] 
[4,362s][debug][gc,nmethod     ] GC(1) O: Unregister NMethod: jdk.internal.foreign.AbstractMemorySegmentImpl.toArray (0x00007a39d3eda388) [0x00007a39d3eda480, 0x00007a39d3eda5f0] 
[4,362s][debug][gc,nmethod     ] GC(1) O: Unregister NMethod: java.lang.classfile.CodeBuilder.loadConstant (0x00007a39d3833308) [0x00007a39d3833400, 0x00007a39d38363d8] 
[4,362s][debug][gc,nmethod     ] GC(1) O: Unregister NMethod: io.sirix.node.xml.AttributeNode.getDeweyID (0x00007a39d3e91e08) [0x00007a39d3e91f00, 0x00007a39d3e921c8] 
[4,362s][debug][gc,nmethod     ] GC(1) O: Unregister NMethod: jdk.internal.misc.Unsafe.putShortUnaligned (0x00007a39d3e3e488) [0x00007a39d3e3e580, 0x00007a39d3e3e7b0] 
[4,362s][debug][gc,nmethod     ] GC(1) O: Unregister NMethod: java.nio.HeapByteBuffer.putLong (0x00007a39d3f3ea88) [0x00007a39d3f3eb80, 0x00007a39d3f3f058] 
[4,362s][debug][gc,nmethod     ] GC(1) O: Unregister NMethod: java.lang.String.<init> (0x00007a39d3b24208) [0x00007a39d3b24300, 0x00007a39d3b245a0] 
[4,362s][debug][gc,nmethod     ] GC(1) O: Unregister NMethod: io.sirix.node.NodeSerializerImpl.deserializeDeweyID (0x00007a39d408fe08) [0x00007a39d408ff00, 0x00007a39d4090eb8] 
[4,362s][debug][gc,nmethod     ] GC(1) O: Unregister NMethod: org.magicwerk.brownies.collections.GapList.get (0x00007a39f2d44a88) [0x00007a39f2d44b80, 0x00007a39f2d44d18] 
[4,362s][debug][gc,nmethod     ] GC(1) O: Unregister NMethod: jdk.internal.foreign.AbstractMemorySegmentImpl.asSliceNoCheck (0x00007a39d3424188) [0x00007a39d3424280, 0x00007a39d34245c0] 
[4,362s][debug][gc,nmethod     ] GC(1) O: Unregister NMethod: jdk.internal.foreign.MemorySessionImpl$ResourceList.cleanup (0x00007a39d3f92988) [0x00007a39d3f92a80, 0x00007a39d3f931b0] 
[4,362s][debug][gc,nmethod     ] GC(1) O: Unregister NMethod: java.util.Spliterator.getExactSizeIfKnown (0x00007a39d37c9488) [0x00007a39d37c9580, 0x00007a39d37c9ad0] 
[4,362s][debug][gc,nmethod     ] GC(1) O: Unregister NMethod: io.sirix.utils.XMLToken.isNCChar (0x00007a39d3b24608) [0x00007a39d3b24700, 0x00007a39d3b24ae8] 
[4,362s][debug][gc,nmethod     ] GC(1) O: Unregister NMethod: io.sirix.axis.AbstractAxis.hasNext (0x00007a39d40abe88) [0x00007a39d40abf80, 0x00007a39d40aca48] 
[4,362s][debug][gc,nmethod     ] GC(1) O: Unregister NMethod: io.sirix.access.trx.node.xml.XmlNodeReadOnlyTrxImpl.isElement (0x00007a39d3ce3f08) [0x00007a39d3ce4000, 0x00007a39d3ce4aa8] 
[4,362s][debug][gc,nmethod     ] GC(1) O: Unregister NMethod: java.lang.ClassLoader.getClassLoadingLock (0x00007a39d34c9208) [0x00007a39d34c9300, 0x00007a39d34c97d0] 
[4,362s][debug][gc,nmethod     ] GC(1) O: Unregister NMethod: java.io.UnixFileSystem.normalize (0x00007a39d351e488) [0x00007a39d351e580, 0x00007a39d351fb78] 
[4,362s][debug][gc,nmethod     ] GC(1) O: Unregister NMethod: com.sun.org.apache.xerces.internal.util.AugmentationsImpl$SmallContainer.clear (0x00007a39d3d44108) [0x00007a39d3d44200, 0x00007a39d3d44980] 
[4,362s][debug][gc,nmethod     ] GC(1) O: Unregister NMethod: io.sirix.utils.XMLToken.isNCStartChar (0x00007a39f2cee988) [0x00007a39f2ceea80, 0x00007a39f2ceeb60] 
[4,362s][debug][gc,nmethod     ] GC(1) O: Unregister NMethod: io.sirix.access.Utils.buildName (0x00007a39d3c69688) [0x00007a39d3c69780, 0x00007a39d3c6a778] 
[4,362s][debug][gc,nmethod     ] GC(1) O: Unregister NMethod: com.sun.org.apache.xerces.internal.impl.XMLEntityScanner.scanQName (0x00007a39d3c5fe08) [0x00007a39d3c5ff00, 0x00007a39d3c621a0] 
[4,362s][debug][gc,nmethod     ] GC(1) O: Unregister NMethod: io.sirix.access.trx.node.xml.XmlNodeReadOnlyTrxImpl.getResourceSession (0x00007a39d3ba6908) [0x00007a39d3ba6a00, 0x00007a39d3ba7078] 
[4,362s][debug][gc,nmethod     ] GC(1) O: Unregister NMethod: java.util.HashMap.put (0x00007a39d37cf608) [0x00007a39d37cf700, 0x00007a39d37cfce8] 
[4,362s][debug][gc,nmethod     ] GC(1) O: Unregister NMethod: io.sirix.node.xml.ElementNode.getChildCount (0x00007a39d3b65e08) [0x00007a39d3b65f00, 0x00007a39d3b69908] 
[4,362s][debug][gc,nmethod     ] GC(1) O: Unregister NMethod: jdk.internal.foreign.SegmentFactories.initNativeMemory (0x00007a39d396f708) [0x00007a39d396f800, 0x00007a39d396fa20] 
[4,362s][debug][gc,nmethod     ] GC(1) O: Unregister NMethod: io.sirix.node.NodeSerializerImpl.deserialize (0x00007a39d403e708) [0x00007a39d403e800, 0x00007a39d403ec68] 
[4,362s][debug][gc,nmethod     ] GC(1) O: Unregister NMethod: io.brackit.query.compiler.AST.getChild (0x00007a39d40a0808) [0x00007a39d40a0900, 0x00007a39d40a1f30] 
[4,362s][debug][gc,nmethod     ] GC(1) O: Unregister NMethod: io.sirix.node.NodeKind.serializeNameDelegate (0x00007a39d3edc388) [0x00007a39d3edc480, 0x00007a39d3edc798] 
[4,362s][debug][gc,nmethod     ] GC(1) O: Unregister NMethod: it.unimi.dsi.fastutil.longs.LongArrayList.removeLong (0x00007a39d3b7d308) [0x00007a39d3b7d400, 0x00007a39d3b7eb30] 
[4,362s][debug][gc,nmethod     ] GC(1) O: Unregister NMethod: io.sirix.query.node.XmlDBNode.<init> (0x00007a39d40d1b08) [0x00007a39d40d1c00, 0x00007a39d40d3490] 
[4,362s][debug][gc,nmethod     ] GC(1) O: Unregister NMethod: io.sirix.access.trx.page.NodePageTrx.lambda$getPageContainer$0 (0x00007a39d4038088) [0x00007a39d4038180, 0x00007a39d4039078] 
[4,362s][debug][gc,nmethod     ] GC(1) O: Unregister NMethod: io.sirix.node.xml.ElementNode.hasLeftSibling (0x00007a39d3bfee08) [0x00007a39d3bfef00, 0x00007a39d3c04338] 
[4,362s][debug][gc,nmethod     ] GC(1) O: Unregister NMethod: io.sirix.axis.filter.FilterAxis.nextKey (0x00007a39d3c63588) [0x00007a39d3c63680, 0x00007a39d3c64c90] 
[4,363s][debug][gc,nmethod     ] GC(1) O: Unregister NMethod: jdk.internal.foreign.SegmentFactories.allocateNativeInternal (0x00007a39d3b83688) [0x00007a39d3b83780, 0x00007a39d3b86bd8] 
[4,363s][debug][gc,nmethod     ] GC(1) O: Unregister NMethod: io.sirix.access.trx.node.xml.ForwardingXmlNodeReadOnlyTrx.hasRightSibling (0x00007a39d3bfe688) [0x00007a39d3bfe780, 0x00007a39d3bfed80] 
[4,363s][debug][gc,nmethod     ] GC(1) O: Unregister NMethod: io.sirix.node.NodeSerializerImpl.serializeDeweyID (0x00007a39f2da1788) [0x00007a39f2da1880, 0x00007a39f2da2d68] 
[4,363s][debug][gc,nmethod     ] GC(1) O: Unregister NMethod: java.nio.DirectByteBuffer.address (0x00007a39d3bfb288) [0x00007a39d3bfb380, 0x00007a39d3bfccc0] 
[4,363s][debug][gc,nmethod     ] GC(1) O: Unregister NMethod: jdk.internal.foreign.Utils.isPowerOfTwo (0x00007a39d3f23588) [0x00007a39d3f23680, 0x00007a39d3f237c0] 
[4,363s][debug][gc,nmethod     ] GC(1) O: Unregister NMethod: io.sirix.page.AbstractForwardingPage.getOrCreateReference (0x00007a39d3b02508) [0x00007a39d3b02600, 0x00007a39d3b02b10] 
[4,363s][debug][gc,nmethod     ] GC(1) O: Unregister NMethod: it.unimi.dsi.fastutil.longs.LongArrayList.getLong (0x00007a39d3b78d08) [0x00007a39d3b78e00, 0x00007a39d3b7a290] 
[4,363s][debug][gc,nmethod     ] GC(1) O: Unregister NMethod: java.util.concurrent.ConcurrentHashMap.sumCount (0x00007a39d3f3f088) [0x00007a39d3f3f180, 0x00007a39d3f3f388] 
[4,363s][debug][gc,nmethod     ] GC(1) O: Unregister NMethod: com.sun.org.apache.xerces.internal.impl.XMLDocumentFragmentScannerImpl.scanDocument (0x00007a39d3dfb888) [0x00007a39d3dfb980, 0x00007a39d3dfe578] 
[4,363s][debug][gc,nmethod     ] GC(1) O: Unregister NMethod: java.lang.ref.Cleaner.register (0x00007a39d3509188) [0x00007a39d3509280, 0x00007a39d3509798] 
[4,363s][debug][gc,nmethod     ] GC(1) O: Unregister NMethod: io.sirix.node.xml.AbstractStructForwardingNode.getRightSiblingKey (0x00007a39d3c1d308) [0x00007a39d3c1d400, 0x00007a39d3c1d730] 
[4,363s][debug][gc,nmethod     ] GC(1) O: Unregister NMethod: java.lang.StringUTF16.compress (0x00007a39d4060a88) [0x00007a39d4060b80, 0x00007a39d4060db0] 
[4,363s][debug][gc,nmethod     ] GC(1) O: Unregister NMethod: io.sirix.node.SirixDeweyID.toBytes (0x00007a39d3e84b08) [0x00007a39d3e84c00, 0x00007a39d3e84d50] 
[4,363s][debug][gc,nmethod     ] GC(1) O: Unregister NMethod: com.sun.org.apache.xerces.internal.impl.XMLNSDocumentScannerImpl.scanAttribute (0x00007a39d3d97b88) [0x00007a39d3d97c80, 0x00007a39d3d9fd20] 
[4,363s][debug][gc,nmethod     ] GC(1) O: Unregister NMethod: io.sirix.index.path.summary.PathSummaryReader.getPathNode (0x00007a39d3bc9888) [0x00007a39d3bc9980, 0x00007a39d3bca080] 
[4,363s][debug][gc,nmethod     ] GC(1) O: Unregister NMethod: java.lang.String.encode (0x00007a39d3fe4d08) [0x00007a39d3fe4e00, 0x00007a39d3fe5138] 
[4,363s][debug][gc,nmethod     ] GC(1) O: Unregister NMethod: java.lang.foreign.MemorySegment.copy (0x00007a39d3b5a608) [0x00007a39d3b5a700, 0x00007a39d3b626f0] 
[4,363s][debug][gc,nmethod     ] GC(1) O: Unregister NMethod: io.sirix.axis.AbstractAxis.tryToComputeNext (0x00007a39d3b38a08) [0x00007a39d3b38b00, 0x00007a39d3b39230] 
[4,363s][debug][gc,nmethod     ] GC(1) O: Unregister NMethod: jdk.internal.foreign.MemorySessionImpl.checkValidStateRaw (0x00007a39d382c008) [0x00007a39d382c100, 0x00007a39d382c330] 
[4,363s][debug][gc,nmethod     ] GC(1) O: Unregister NMethod: io.sirix.query.node.SubtreeBuilder.text (0x00007a39d3c30d08) [0x00007a39d3c30e00, 0x00007a39d3c317a8] 
[4,363s][debug][gc,nmethod     ] GC(1) O: Unregister NMethod: java.lang.invoke.VarHandleGuards.guard_LJ_J (0x00007a39d3a9d288) [0x00007a39d3a9d380, 0x00007a39d3aa0240] 
[4,363s][debug][gc,nmethod     ] GC(1) O: Unregister NMethod: io.sirix.node.MemorySegmentBytesOut.writeStopBit (0x00007a39d3e06088) [0x00007a39d3e06180, 0x00007a39d3e06548] 
[4,363s][debug][gc,nmethod     ] GC(1) O: Unregister NMethod: io.sirix.index.path.summary.PathSummaryReader.getLevel (0x00007a39d3cc4008) [0x00007a39d3cc4100, 0x00007a39d3cc5870] 
[4,363s][debug][gc,nmethod     ] GC(1) O: Unregister NMethod: java.util.ArrayDeque.isEmpty (0x00007a39d38e9888) [0x00007a39d38e9980, 0x00007a39d38e9ad0] 
[4,363s][debug][gc,nmethod     ] GC(1) O: Unregister NMethod: com.sun.org.apache.xerces.internal.impl.XMLEntityScanner.scanQName (0x00007a39d3dd2288) [0x00007a39d3dd2380, 0x00007a39d3dd45b8] 
[4,363s][debug][gc,nmethod     ] GC(1) O: Unregister NMethod: io.sirix.node.xml.TextNode.<init> (0x00007a39d40f1008) [0x00007a39d40f1100, 0x00007a39d40f13e8] 
[4,363s][debug][gc,nmethod     ] GC(1) O: Unregister NMethod: jdk.internal.foreign.layout.MemoryLayoutUtil.requireByteSizeValid (0x00007a39d3e77f88) [0x00007a39d3e78080, 0x00007a39d3e78420] 
[4,363s][debug][gc,nmethod     ] GC(1) O: Unregister NMethod: java.nio.ByteBuffer.order (0x00007a39d3b91f88) [0x00007a39d3b92080, 0x00007a39d3b922a0] 
[4,363s][debug][gc,nmethod     ] GC(1) O: Unregister NMethod: io.sirix.node.xml.TextNode.getKind (0x00007a39d3ae6e08) [0x00007a39d3ae6f00, 0x00007a39d3ae7008] 
[4,363s][debug][gc,nmethod     ] GC(1) O: Unregister NMethod: java.util.WeakHashMap.expungeStaleEntries (0x00007a39d348d288) [0x00007a39d348d380, 0x00007a39d348e118] 
[4,363s][debug][gc,nmethod     ] GC(1) O: Unregister NMethod: io.sirix.cache.LinuxMemorySegmentAllocator.partitionVirtualRegion (0x00007a39f2ca3308) [0x00007a39f2ca3400, 0x00007a39f2ca4268] 
[4,363s][debug][gc,nmethod     ] GC(1) O: Unregister NMethod: java.util.Arrays.fill (0x00007a39d3535908) [0x00007a39d3535a00, 0x00007a39d3535b88] 
[4,363s][debug][gc,nmethod     ] GC(1) O: Unregister NMethod: io.sirix.access.trx.node.xml.XmlNodeReadOnlyTrxImpl.getNode (0x00007a39d3b51408) [0x00007a39d3b51500, 0x00007a39d3b53a80] 
[4,363s][debug][gc,nmethod     ] GC(1) O: Unregister NMethod: jdk.internal.misc.ScopedMemoryAccess.putLongUnaligned (0x00007a39d3a94f88) [0x00007a39d3a95080, 0x00007a39d3a95f08] 
[4,363s][debug][gc,nmethod     ] GC(1) O: Unregister NMethod: com.sun.org.apache.xerces.internal.impl.XMLDocumentFragmentScannerImpl$FragmentContentDriver.next (0x00007a39d3da8088) [0x00007a39d3da8180, 0x00007a39d3db5c40] 
[4,363s][debug][gc,nmethod     ] GC(1) O: Unregister NMethod: io.sirix.node.xml.ElementNode.getAttributeCount (0x00007a39d3d3d908) [0x00007a39d3d3da00, 0x00007a39d3d3db90] 
[4,363s][debug][gc,nmethod     ] GC(1) O: Unregister NMethod: jdk.internal.foreign.GlobalSession.release0 (0x00007a39d3f95688) [0x00007a39d3f95780, 0x00007a39d3f95880] 
[4,363s][debug][gc,nmethod     ] GC(1) O: Unregister NMethod: io.sirix.access.trx.page.NodePageReadOnlyTrx.getValue (0x00007a39d3fedd88) [0x00007a39d3fede80, 0x00007a39d3fef9e0] 
[4,363s][debug][gc,nmethod     ] GC(1) O: Unregister NMethod: com.sun.org.apache.xerces.internal.util.XMLAttributesImpl.addAttributeNS (0x00007a39d3d48588) [0x00007a39d3d48680, 0x00007a39d3d49b80] 
[4,363s][debug][gc,nmethod     ] GC(1) O: Unregister NMethod: io.sirix.cache.IndexLogKey.hashCode (0x00007a39d3c80808) [0x00007a39d3c80900, 0x00007a39d3c80ca8] 
[4,363s][debug][gc,nmethod     ] GC(1) O: Unregister NMethod: com.sun.org.apache.xerces.internal.impl.XMLEntityScanner.skipSpaces (0x00007a39d41a2d08) [0x00007a39d41a2e00, 0x00007a39d41a4080] 
[4,363s][debug][gc,nmethod     ] GC(1) O: Unregister NMethod: sun.security.provider.DigestBase.implCompressMultiBlock0 (0x00007a39d3f94b08) [0x00007a39d3f94c00, 0x00007a39d3f94fd0] 
[4,363s][debug][gc,nmethod     ] GC(1) O: Unregister NMethod: io.sirix.axis.AbstractAxis.hasNext (0x00007a39f2cea208) [0x00007a39f2cea300, 0x00007a39f2cea9f8] 
[4,363s][debug][gc,nmethod     ] GC(1) O: Unregister NMethod: jdk.internal.foreign.layout.ValueLayouts$AbstractValueLayout.varHandle (0x00007a39d35da588) [0x00007a39d35da680, 0x00007a39d35db038] 
[4,363s][debug][gc,nmethod     ] GC(1) O: Unregister NMethod: io.sirix.access.trx.node.AbstractResourceSession.getResourceConfig (0x00007a39d3b1aa88) [0x00007a39d3b1ab80, 0x00007a39d3b1ae20] 
[4,363s][debug][gc,nmethod     ] GC(1) O: Unregister NMethod: java.util.BitSet.set (0x00007a39f2c55d88) [0x00007a39f2c55e80, 0x00007a39f2c55ff0] 
[4,363s][debug][gc,nmethod     ] GC(1) O: Unregister NMethod: com.sun.org.apache.xerces.internal.impl.XMLEntityScanner.checkNodeCount (0x00007a39d3c3f088) [0x00007a39d3c3f180, 0x00007a39d3c3f348] 
[4,363s][debug][gc,nmethod     ] GC(1) O: Unregister NMethod: io.sirix.query.node.SubtreeProcessor.notifyAttribute (0x00007a39d3d6ac88) [0x00007a39d3d6ad80, 0x00007a39d3d6b7e0] 
[4,363s][debug][gc,nmethod     ] GC(1) O: Unregister NMethod: io.sirix.index.name.Names.getName (0x00007a39d403e108) [0x00007a39d403e200, 0x00007a39d403e6a8] 
[4,363s][debug][gc,nmethod     ] GC(1) O: Unregister NMethod: io.sirix.node.NodeKind$4.deserialize (0x00007a39d40f2b88) [0x00007a39d40f2c80, 0x00007a39d40f4838] 
[4,363s][debug][gc,nmethod     ] GC(1) O: Unregister NMethod: io.sirix.access.trx.node.AbstractNodeReadOnlyTrx.hasRightSibling (0x00007a39d40b1f08) [0x00007a39d40b2000, 0x00007a39d40b2820] 
[4,363s][debug][gc,nmethod     ] GC(1) O: Unregister NMethod: it.unimi.dsi.fastutil.ints.Int2LongOpenHashMap.put (0x00007a39d3d6e688) [0x00007a39d3d6e780, 0x00007a39d3d6e9e8] 
[4,363s][debug][gc,nmethod     ] GC(1) O: Unregister NMethod: jdk.internal.foreign.HeapMemorySegmentImpl$OfByte.<init> (0x00007a39d3e7b808) [0x00007a39d3e7b900, 0x00007a39d3e7bb00] 
[4,363s][debug][gc,nmethod     ] GC(1) O: Unregister NMethod: io.sirix.index.path.summary.PathNode.<init> (0x00007a39d3dbbe88) [0x00007a39d3dbbf80, 0x00007a39d3dbcbc8] 
[4,363s][debug][gc,nmethod     ] GC(1) O: Unregister NMethod: io.sirix.axis.ChildAxis.<init> (0x00007a39d3c62f88) [0x00007a39d3c63080, 0x00007a39d3c631b0] 
[4,363s][debug][gc,nmethod     ] GC(1) O: Unregister NMethod: java.net.URLStreamHandler.parseURL (0x00007a39d36f5388) [0x00007a39d36f5480, 0x00007a39d3714398] 
[4,363s][debug][gc,nmethod     ] GC(1) O: Unregister NMethod: io.sirix.node.MemorySegmentBytesOut.write (0x00007a39d3b7f688) [0x00007a39d3b7f780, 0x00007a39d3b7f998] 
[4,363s][debug][gc,nmethod     ] GC(1) O: Unregister NMethod: com.sun.org.apache.xerces.internal.parsers.AbstractSAXParser.characters (0x00007a39d3c1c308) [0x00007a39d3c1c400, 0x00007a39d3c1c9a8] 
[4,363s][debug][gc,nmethod     ] GC(1) O: Unregister NMethod: java.lang.String.<init> (0x00007a39d3647888) [0x00007a39d3647980, 0x00007a39d3647f58] 
[4,363s][debug][gc,nmethod     ] GC(1) O: Unregister NMethod: io.sirix.utils.OS.isWindows (0x00007a39d3fe2088) [0x00007a39d3fe2180, 0x00007a39d3fe2268] 
[4,363s][debug][gc,nmethod     ] GC(1) O: Unregister NMethod: io.sirix.index.path.summary.PathNode.<init> (0x00007a39f2f42d88) [0x00007a39f2f42e80, 0x00007a39f2f43240] 
[4,363s][debug][gc,nmethod     ] GC(1) O: Unregister NMethod: io.sirix.node.xml.AbstractStructForwardingNode.hasRightSibling (0x00007a39d3bd1588) [0x00007a39d3bd1680, 0x00007a39d3bd1c48] 
[4,363s][debug][gc,nmethod     ] GC(1) O: Unregister NMethod: jdk.internal.foreign.ArenaImpl.allocate (0x00007a39d3e05d88) [0x00007a39d3e05e80, 0x00007a39d3e06000] 
[4,363s][debug][gc,nmethod     ] GC(1) O: Unregister NMethod: io.sirix.node.xml.ElementNode.getHash (0x00007a39d3ae1f88) [0x00007a39d3ae2080, 0x00007a39d3ae58f0] 
[4,363s][debug][gc,nmethod     ] GC(1) O: Unregister NMethod: io.sirix.access.trx.node.xml.XmlNodeHashing.getStructuralNode (0x00007a39d3b99f08) [0x00007a39d3b9a000, 0x00007a39d3b9a360] 
[4,363s][debug][gc,nmethod     ] GC(1) O: Unregister NMethod: io.sirix.access.trx.node.xml.XmlNodeReadOnlyTrxImpl.getNode (0x00007a39f2cfd208) [0x00007a39f2cfd300, 0x00007a39f2cfd4e0] 
[4,363s][debug][gc,nmethod     ] GC(1) O: Unregister NMethod: com.sun.org.apache.xerces.internal.impl.XMLEntityScanner.checkEntityLimit (0x00007a39d3ae7588) [0x00007a39d3ae7680, 0x00007a39d3ae7978] 
[4,363s][debug][gc,nmethod     ] GC(1) O: Unregister NMethod: jdk.internal.foreign.ArenaImpl.allocate (0x00007a39f2d05e08) [0x00007a39f2d05f00, 0x00007a39f2d06838] 
[4,363s][debug][gc,nmethod     ] GC(1) O: Unregister NMethod: io.sirix.index.name.Names.setName (0x00007a39d4179b88) [0x00007a39d4179c80, 0x00007a39d417be70] 
[4,363s][debug][gc,nmethod     ] GC(1) O: Unregister NMethod: io.sirix.access.trx.node.AbstractIndexController.notifyChange (0x00007a39d3ba3b88) [0x00007a39d3ba3c80, 0x00007a39d3ba4b38] 
[4,363s][debug][gc,nmethod     ] GC(1) O: Unregister NMethod: java.lang.Long.bitCount (0x00007a39d35f2008) [0x00007a39d35f2100, 0x00007a39d35f2268] 
[4,363s][debug][gc,nmethod     ] GC(1) O: Unregister NMethod: com.sun.org.apache.xerces.internal.impl.XMLDocumentFragmentScannerImpl$FragmentContentDriver.startOfMarkup (0x00007a39d3da0508) [0x00007a39d3da0600, 0x00007a39d3da2668] 
[4,363s][debug][gc,nmethod     ] GC(1) O: Unregister NMethod: io.sirix.node.GrowingMemorySegment.grow (0x00007a39d41b5c08) [0x00007a39d41b5d00, 0x00007a39d41b68b0] 
[4,363s][debug][gc,nmethod     ] GC(1) O: Unregister NMethod: io.sirix.axis.filter.FilterAxis.reset (0x00007a39f2e0dd88) [0x00007a39f2e0de80, 0x00007a39f2e0dfe8] 
[4,363s][debug][gc,nmethod     ] GC(1) O: Unregister NMethod: io.sirix.access.trx.node.AbstractNodeReadOnlyTrx.getStructuralNode (0x00007a39d3b30588) [0x00007a39d3b30680, 0x00007a39d3b31138] 
[4,363s][debug][gc,nmethod     ] GC(1) O: Unregister NMethod: io.sirix.access.trx.node.AbstractNodeTrxImpl.getCurrentNode (0x00007a39d3ae7108) [0x00007a39d3ae7200, 0x00007a39d3ae7570] 
[4,363s][debug][gc,nmethod     ] GC(1) O: Unregister NMethod: java.lang.Long.valueOf (0x00007a39d3563b08) [0x00007a39d3563c00, 0x00007a39d3563f40] 
[4,363s][debug][gc,nmethod     ] GC(1) O: Unregister NMethod: java.lang.String.encodeUTF8 (0x00007a39d3ff2908) [0x00007a39d3ff2a00, 0x00007a39d3ff3088] 
[4,363s][debug][gc,nmethod     ] GC(1) O: Unregister NMethod: io.sirix.node.xml.TextNode.getRawValue (0x00007a39d3c38908) [0x00007a39d3c38a00, 0x00007a39d3c38d18] 
[4,363s][debug][gc,nmethod     ] GC(1) O: Unregister NMethod: java.lang.Thread.onSpinWait (0x00007a39d3726388) [0x00007a39d3726480, 0x00007a39d3726560] 
[4,363s][debug][gc,nmethod     ] GC(1) O: Unregister NMethod: java.lang.Math.clamp (0x00007a39d3577008) [0x00007a39d3577100, 0x00007a39d35781c8] 
[4,363s][debug][gc,nmethod     ] GC(1) O: Unregister NMethod: com.sun.org.apache.xerces.internal.impl.XMLDocumentFragmentScannerImpl.getString (0x00007a39d3d47808) [0x00007a39d3d47900, 0x00007a39d3d48530] 
[4,363s][debug][gc,nmethod     ] GC(1) O: Unregister NMethod: io.brackit.query.node.parser.SAX2SubtreeHandlerAdapter.startElement (0x00007a39f2d7bd88) [0x00007a39f2d7be80, 0x00007a39f2d7f500] 
[4,363s][debug][gc,nmethod     ] GC(1) O: Unregister NMethod: net.openhft.hashing.UnsafeAccess.byteOrder (0x00007a39d3b95388) [0x00007a39d3b95480, 0x00007a39d3b955e0] 
[4,363s][debug][gc,nmethod     ] GC(1) O: Unregister NMethod: io.sirix.node.GrowingMemorySegment.grow (0x00007a39f2dc2108) [0x00007a39f2dc2200, 0x00007a39f2dc3f98] 
[4,363s][debug][gc,nmethod     ] GC(1) O: Unregister NMethod: com.sun.org.apache.xerces.internal.impl.XMLEntityScanner.scanContent (0x00007a39f2d2af08) [0x00007a39f2d2b0a0, 0x00007a39f2d2bb50] 
[4,363s][debug][gc,nmethod     ] GC(1) O: Unregister NMethod: it.unimi.dsi.fastutil.ints.Int2IntOpenHashMap.get (0x00007a39d3c92588) [0x00007a39d3c92680, 0x00007a39d3c92be0] 
[4,363s][debug][gc,nmethod     ] GC(1) O: Unregister NMethod: jdk.xml.internal.XMLLimitAnalyzer.addValue (0x00007a39d3bcb208) [0x00007a39d3bcb320, 0x00007a39d3bce440] 
[4,363s][debug][gc,nmethod     ] GC(1) O: Unregister NMethod: io.sirix.access.trx.node.AbstractNodeReadOnlyTrx.getKind (0x00007a39d3b25308) [0x00007a39d3b25400, 0x00007a39d3b25a68] 
[4,363s][debug][gc,nmethod     ] GC(1) O: Unregister NMethod: com.github.benmanes.caffeine.cache.NodeFactory.newLookupKey (0x00007a39d3dfef08) [0x00007a39d3dff000, 0x00007a39d3dff100] 
[4,363s][debug][gc,nmethod     ] GC(1) O: Unregister NMethod: com.sun.org.apache.xerces.internal.parsers.AbstractSAXParser.endElement (0x00007a39d3c90988) [0x00007a39d3c90a80, 0x00007a39d3c91378] 
[4,363s][debug][gc,nmethod     ] GC(1) O: Unregister NMethod: io.sirix.access.trx.page.NodePageTrx.prepareRecordPage (0x00007a39d3cde908) [0x00007a39d3cdea00, 0x00007a39d3ce0fa8] 
[4,363s][debug][gc,nmethod     ] GC(1) O: Unregister NMethod: jdk.internal.misc.ScopedMemoryAccess.getIntUnaligned (0x00007a39d37d6588) [0x00007a39d37d6680, 0x00007a39d37d74e8] 
[4,363s][debug][gc,nmethod     ] GC(1) O: Unregister NMethod: io.sirix.access.trx.node.AbstractNodeReadOnlyTrx.hasRightSibling (0x00007a39d3c07b08) [0x00007a39d3c07c00, 0x00007a39d3c08420] 
[4,363s][debug][gc,nmethod     ] GC(1) O: Unregister NMethod: io.sirix.node.xml.ElementNode.setFirstChildKey (0x00007a39d3ce5088) [0x00007a39d3ce5180, 0x00007a39d3cea2a8] 
[4,363s][debug][gc,nmethod     ] GC(1) O: Unregister NMethod: io.sirix.node.SirixDeweyID.<init> (0x00007a39d3ce4b08) [0x00007a39d3ce4c00, 0x00007a39d3ce5068] 
[4,363s][debug][gc,nmethod     ] GC(1) O: Unregister NMethod: java.util.stream.ReferencePipeline.collect (0x00007a39d37dae88) [0x00007a39d37daf80, 0x00007a39d37dcad8] 
[4,363s][debug][gc,nmethod     ] GC(1) O: Unregister NMethod: io.sirix.access.trx.node.AbstractNodeReadOnlyTrx.setCurrentNode (0x00007a39d3ac9b08) [0x00007a39d3ac9c00, 0x00007a39d3aca0a0] 
[4,363s][debug][gc,nmethod     ] GC(1) O: Unregister NMethod: io.sirix.access.trx.node.AbstractNodeReadOnlyTrx.getKind (0x00007a39d40b8188) [0x00007a39d40b8280, 0x00007a39d40b88e8] 
[4,363s][debug][gc,nmethod     ] GC(1) O: Unregister NMethod: java.lang.String.<init> (0x00007a39d34e3708) [0x00007a39d34e3800, 0x00007a39d34e7670] 
[4,363s][debug][gc,nmethod     ] GC(1) O: Unregister NMethod: jdk.internal.util.ReferencedKeyMap.getNoCheckStale (0x00007a39d3423988) [0x00007a39d3423a80, 0x00007a39d3424100] 
[4,363s][debug][gc,nmethod     ] GC(1) O: Unregister NMethod: io.brackit.query.atomic.QNm.atomicCmpInternal (0x00007a39d3d42188) [0x00007a39d3d42280, 0x00007a39d3d42ab0] 
[4,363s][debug][gc,nmethod     ] GC(1) O: Unregister NMethod: jdk.internal.misc.Unsafe.getLongUnaligned (0x00007a39d3a92e08) [0x00007a39d3a92f00, 0x00007a39d3a930e0] 
[4,363s][debug][gc,nmethod     ] GC(1) O: Unregister NMethod: java.util.BitSet.and (0x00007a39f2d3f308) [0x00007a39f2d3f440, 0x00007a39f2d3f960] 
[4,363s][debug][gc,nmethod     ] GC(1) O: Unregister NMethod: jdk.internal.loader.URLClassPath$JarLoader$1.getCodeSourceURL (0x00007a39d35db388) [0x00007a39d35db480, 0x00007a39d35db5e8] 
[4,363s][debug][gc,nmethod     ] GC(1) O: Unregister NMethod: io.sirix.index.path.summary.PathSummaryWriter.movePathSummary (0x00007a39d3cc1488) [0x00007a39d3cc1580, 0x00007a39d3cc3c58] 
[4,363s][debug][gc,nmethod     ] GC(1) O: Unregister NMethod: java.util.Objects.checkFromIndexSize (0x00007a39d347d388) [0x00007a39d347d480, 0x00007a39d347d678] 
[4,364s][debug][gc,nmethod     ] GC(1) O: Unregister NMethod: jdk.internal.classfile.impl.AbstractPoolEntry$Utf8EntryImpl.methodTypeSymbol (0x00007a39d34fa908) [0x00007a39d34faa00, 0x00007a39d34fb4d0] 
[4,364s][debug][gc,nmethod     ] GC(1) O: Unregister NMethod: sun.misc.Unsafe.isMemoryAccessWarned (0x00007a39d3abb108) [0x00007a39d3abb200, 0x00007a39d3abb300] 
[4,364s][debug][gc,nmethod     ] GC(1) O: Unregister NMethod: io.sirix.node.xml.ElementNode.<init> (0x00007a39d40f1408) [0x00007a39d40f1500, 0x00007a39d40f1800] 
[4,364s][debug][gc,nmethod     ] GC(1) O: Unregister NMethod: io.sirix.access.trx.node.xml.ForwardingXmlNodeReadOnlyTrx.hasFirstChild (0x00007a39d3cd4608) [0x00007a39d3cd4700, 0x00007a39d3cd4d00] 
[4,364s][debug][gc,nmethod     ] GC(1) O: Unregister NMethod: io.sirix.axis.filter.FilterAxis.nextKey (0x00007a39d40c9d08) [0x00007a39d40c9e00, 0x00007a39d40cb410] 
[4,364s][debug][gc,nmethod     ] GC(1) O: Unregister NMethod: org.magicwerk.brownies.collections.GapList.doGet (0x00007a39d3aff608) [0x00007a39d3aff700, 0x00007a39d3affa38] 
[4,364s][debug][gc,nmethod     ] GC(1) O: Unregister NMethod: jdk.internal.foreign.AbstractMemorySegmentImpl.toArray (0x00007a39d3f23b88) [0x00007a39d3f23c80, 0x00007a39d3f2e970] 
[4,364s][debug][gc,nmethod     ] GC(1) O: Unregister NMethod: io.sirix.access.trx.node.xml.XmlNodeReadOnlyTrxImpl.getNode (0x00007a39d4165b08) [0x00007a39d4165c00, 0x00007a39d4165ef8] 
[4,364s][debug][gc,nmethod     ] GC(1) O: Unregister NMethod: com.sun.org.apache.xerces.internal.impl.XMLEntityScanner.scanChar (0x00007a39f2d49908) [0x00007a39f2d49a00, 0x00007a39f2d49c28] 
[4,364s][debug][gc,nmethod     ] GC(1) O: Unregister NMethod: jdk.internal.foreign.SegmentFactories$1.cleanup (0x00007a39d3e85b88) [0x00007a39d3e85c80, 0x00007a39d3e86240] 
[4,364s][debug][gc,nmethod     ] GC(1) O: Unregister NMethod: com.sun.org.apache.xerces.internal.impl.XMLDocumentFragmentScannerImpl$FragmentContentDriver.next (0x00007a39f2d01608) [0x00007a39f2d01700, 0x00007a39f2d02f60] 
[4,364s][debug][gc,nmethod     ] GC(1) O: Unregister NMethod: io.sirix.access.trx.page.NodePageTrx.prepareRecordPage (0x00007a39f2ced388) [0x00007a39f2ced480, 0x00007a39f2cee008] 
[4,364s][debug][gc,nmethod     ] GC(1) O: Unregister NMethod: io.sirix.index.path.summary.PathSummaryWriter.getPathNodeKey (0x00007a39d3c6ec88) [0x00007a39d3c6ed80, 0x00007a39d3c72bf8] 
[4,364s][debug][gc,nmethod     ] GC(1) O: Unregister NMethod: com.sun.org.apache.xerces.internal.impl.XMLEntityScanner.skipString (0x00007a39f2d3d888) [0x00007a39f2d3d980, 0x00007a39f2d3e648] 
[4,364s][debug][gc,nmethod     ] GC(1) O: Unregister NMethod: com.sun.org.apache.xerces.internal.impl.XMLEntityScanner.skipChar (0x00007a39d3b27408) [0x00007a39d3b27500, 0x00007a39d3b27a48] 
[4,364s][debug][gc,nmethod     ] GC(1) O: Unregister NMethod: io.sirix.index.path.summary.PathSummaryReader.moveTo (0x00007a39d3b22688) [0x00007a39d3b22780, 0x00007a39d3b23488] 
[4,364s][debug][gc,nmethod     ] GC(1) O: Unregister NMethod: java.util.HashSet.isEmpty (0x00007a39d3445d08) [0x00007a39d3445e00, 0x00007a39d34461a8] 
[4,364s][debug][gc,nmethod     ] GC(1) O: Unregister NMethod: jdk.internal.foreign.MemorySessionImpl$ResourceList.cleanupSingle (0x00007a39d3e83c08) [0x00007a39d3e83d00, 0x00007a39d3e842a8] 
[4,364s][debug][gc,nmethod     ] GC(1) O: Unregister NMethod: java.util.concurrent.atomic.AtomicLong.compareAndSet (0x00007a39d3b24b08) [0x00007a39d3b24c00, 0x00007a39d3b24d20] 
[4,364s][debug][gc,nmethod     ] GC(1) O: Unregister NMethod: java.nio.Bits.tryReserveMemory (0x00007a39d3b50608) [0x00007a39d3b50700, 0x00007a39d3b510f0] 
[4,364s][debug][gc,nmethod     ] GC(1) O: Unregister NMethod: it.unimi.dsi.fastutil.longs.LongArrayList.initArrayFromCapacity (0x00007a39d40dd108) [0x00007a39d40dd200, 0x00007a39d40de348] 
[4,364s][debug][gc,nmethod     ] GC(1) O: Unregister NMethod: java.io.OutputStream.flush (0x00007a39d3fa4408) [0x00007a39d3fa4500, 0x00007a39d3fa4600] 
[4,364s][debug][gc,nmethod     ] GC(1) O: Unregister NMethod: io.sirix.page.KeyValueLeafPage.updateLastSlotIndex (0x00007a39d3e1a888) [0x00007a39d3e1a980, 0x00007a39d3e1ad00] 
[4,364s][debug][gc,nmethod     ] GC(1) O: Unregister NMethod: io.brackit.query.atomic.QNm.<init> (0x00007a39d3bd2108) [0x00007a39d3bd2200, 0x00007a39d3bd26a8] 
[4,364s][debug][gc,nmethod     ] GC(1) O: Unregister NMethod: java.util.concurrent.ConcurrentHashMap.putVal (0x00007a39d36b5c08) [0x00007a39d36b5d00, 0x00007a39d36b8248] 
[4,364s][debug][gc,nmethod     ] GC(1) O: Unregister NMethod: sun.net.www.protocol.file.Handler.parseURL (0x00007a39d36dd808) [0x00007a39d36dd900, 0x00007a39d36ddc70] 
[4,364s][debug][gc,nmethod     ] GC(1) O: Unregister NMethod: jdk.internal.foreign.Utils.checkElementAlignment (0x00007a39d35f3308) [0x00007a39d35f3400, 0x00007a39d35f3aa8] 
[4,364s][debug][gc,nmethod     ] GC(1) O: Unregister NMethod: io.sirix.index.path.summary.PathSummaryReader.getNodeKey (0x00007a39f2cf2208) [0x00007a39f2cf2300, 0x00007a39f2cf2480] 
[4,364s][debug][gc,nmethod     ] GC(1) O: Unregister NMethod: io.sirix.node.xml.ElementNode.hasLeftSibling (0x00007a39f2dd1188) [0x00007a39f2dd1280, 0x00007a39f2dd15f8] 
[4,364s][debug][gc,nmethod     ] GC(1) O: Unregister NMethod: jdk.internal.classfile.impl.SplitConstantPool.maybeCloneUtf8Entry (0x00007a39d34ea108) [0x00007a39d34ea200, 0x00007a39d34eb2a0] 
[4,364s][debug][gc,nmethod     ] GC(1) O: Unregister NMethod: jdk.internal.misc.Unsafe.checkSize (0x00007a39d3995388) [0x00007a39d3995480, 0x00007a39d39956e0] 
[4,364s][debug][gc,nmethod     ] GC(1) O: Unregister NMethod: io.sirix.node.GrowingMemorySegment.ensureCapacity (0x00007a39d375f408) [0x00007a39d375f500, 0x00007a39d375f660] 
[4,364s][debug][gc,nmethod     ] GC(1) O: Unregister NMethod: io.sirix.page.KeyValueLeafPage.processEntries (0x00007a39d4142188) [0x00007a39d4142280, 0x00007a39d4144fc0] 
[4,364s][debug][gc,nmethod     ] GC(1) O: Unregister NMethod: jdk.internal.foreign.AbstractMemorySegmentImpl.isAlignedForElement (0x00007a39d3a8f388) [0x00007a39d3a8f480, 0x00007a39d3a8fe40] 
[4,364s][debug][gc,nmethod     ] GC(1) O: Unregister NMethod: io.sirix.page.KeyValueLeafPage.setSlot (0x00007a39d402b908) [0x00007a39d402ba00, 0x00007a39d402bba8] 
[4,364s][debug][gc,nmethod     ] GC(1) O: Unregister NMethod: java.lang.invoke.VarHandleReferences$FieldInstanceReadWrite.compareAndSet (0x00007a39d387ae88) [0x00007a39d387af80, 0x00007a39d387c538] 
[4,364s][debug][gc,nmethod     ] GC(1) O: Unregister NMethod: jdk.internal.foreign.layout.ValueLayouts$OfByteImpl.dup (0x00007a39d3e81908) [0x00007a39d3e81a00, 0x00007a39d3e81b18] 
[4,364s][debug][gc,nmethod     ] GC(1) O: Unregister NMethod: sun.security.provider.ByteArrayAccess.b2iBig64 (0x00007a39d3e79208) [0x00007a39d3e79300, 0x00007a39d3e79e78] 
[4,364s][debug][gc,nmethod     ] GC(1) O: Unregister NMethod: jdk.internal.foreign.layout.ValueLayouts$OfByteImpl.<init> (0x00007a39d3f22388) [0x00007a39d3f22480, 0x00007a39d3f225d8] 
[4,364s][debug][gc,nmethod     ] GC(1) O: Unregister NMethod: io.sirix.page.PathSummaryPage.getMaxNodeKey (0x00007a39d3db7088) [0x00007a39d3db7180, 0x00007a39d3db7338] 
[4,364s][debug][gc,nmethod     ] GC(1) O: Unregister NMethod: java.lang.reflect.Method.getParameterTypes (0x00007a39d37d0688) [0x00007a39d37d0780, 0x00007a39d37d0cf8] 
[4,364s][debug][gc,nmethod     ] GC(1) O: Unregister NMethod: jdk.internal.foreign.AbstractMemorySegmentImpl.checkAccess (0x00007a39d3401a88) [0x00007a39d3401b80, 0x00007a39d3402390] 
[4,364s][debug][gc,nmethod     ] GC(1) O: Unregister NMethod: io.sirix.axis.ChildAxis.reset (0x00007a39d3c63288) [0x00007a39d3c63380, 0x00007a39d3c63568] 
[4,364s][debug][gc,nmethod     ] GC(1) O: Unregister NMethod: jdk.internal.misc.Unsafe.putLongUnaligned (0x00007a39d3a94c08) [0x00007a39d3a94d00, 0x00007a39d3a94f08] 
[4,364s][debug][gc,nmethod     ] GC(1) O: Unregister NMethod: sun.security.provider.SHA2.implCompress0 (0x00007a39d3f32f08) [0x00007a39d3f33000, 0x00007a39d3f33cb0] 
[4,364s][debug][gc,nmethod     ] GC(1) O: Unregister NMethod: io.sirix.access.trx.node.xml.XmlNodeReadOnlyTrxImpl.isDocumentRoot (0x00007a39d3cbf608) [0x00007a39d3cbf700, 0x00007a39d3cc01a8] 
[4,364s][debug][gc,nmethod     ] GC(1) O: Unregister NMethod: java.lang.Class.getSimpleName (0x00007a39d3e78788) [0x00007a39d3e78880, 0x00007a39d3e78a88] 
[4,364s][debug][gc,nmethod     ] GC(1) O: Unregister NMethod: it.unimi.dsi.fastutil.ints.Int2IntOpenHashMap.find (0x00007a39d3fb8b88) [0x00007a39d3fb8c80, 0x00007a39d3fb90e8] 
[4,364s][debug][gc,nmethod     ] GC(1) O: Unregister NMethod: io.sirix.query.node.SubtreeProcessor.notifyEndElement (0x00007a39d3ce1b88) [0x00007a39d3ce1c80, 0x00007a39d3ce26e0] 
[4,364s][debug][gc,nmethod     ] GC(1) O: Unregister NMethod: jdk.internal.misc.Unsafe.getCharUnaligned (0x00007a39d35b5088) [0x00007a39d35b5180, 0x00007a39d35b53a8] 
[4,364s][debug][gc,nmethod     ] GC(1) O: Unregister NMethod: jdk.internal.misc.Unsafe.checkOffset (0x00007a39d382b688) [0x00007a39d382b780, 0x00007a39d382b9e0] 
[4,364s][debug][gc,nmethod     ] GC(1) O: Unregister NMethod: java.nio.MappedByteBuffer.limit (0x00007a39d3bc3f08) [0x00007a39d3bc4000, 0x00007a39d3bc43c0] 
[4,364s][debug][gc,nmethod     ] GC(1) O: Unregister NMethod: com.sun.org.apache.xerces.internal.impl.XMLEntityScanner.scanQName (0x00007a39f2d1f988) [0x00007a39f2d1fa80, 0x00007a39f2d20e38] 
[4,364s][debug][gc,nmethod     ] GC(1) O: Unregister NMethod: java.util.WeakHashMap.hash (0x00007a39d348a808) [0x00007a39d348a900, 0x00007a39d348ac28] 
[4,364s][debug][gc,nmethod     ] GC(1) O: Unregister NMethod: io.sirix.node.xml.AttributeNode.getPrefixKey (0x00007a39d3d49e88) [0x00007a39d3d49f80, 0x00007a39d3d4ef70] 
[4,364s][debug][gc,nmethod     ] GC(1) O: Unregister NMethod: com.sun.org.apache.xerces.internal.impl.XMLEntityScanner.scanContent (0x00007a39d3dccf88) [0x00007a39d3dcd080, 0x00007a39d3dcdff8] 
[4,364s][debug][gc,nmethod     ] GC(1) O: Unregister NMethod: io.sirix.page.UberPage.getPageCountExp (0x00007a39d3ff4508) [0x00007a39d3ff4600, 0x00007a39d3ff4b48] 
[4,364s][debug][gc,nmethod     ] GC(1) O: Unregister NMethod: io.sirix.service.xml.shredder.AbstractShredder.processStartTag (0x00007a39d42d3108) [0x00007a39d42d3200, 0x00007a39d42d8f18] 
[4,364s][debug][gc,nmethod     ] GC(1) O: Unregister NMethod: io.brackit.query.node.parser.SAX2SubtreeHandlerAdapter.endElement (0x00007a39d3cbd888) [0x00007a39d3cbd980, 0x00007a39d3cbf5d8] 
[4,364s][debug][gc,nmethod     ] GC(1) O: Unregister NMethod: jdk.internal.foreign.NativeMemorySegmentImpl.dup (0x00007a39d344bb88) [0x00007a39d344bc80, 0x00007a39d344c278] 
[4,364s][debug][gc,nmethod     ] GC(1) O: Unregister NMethod: jdk.internal.classfile.impl.StackMapGenerator.processBlock (0x00007a39f2c2f708) [0x00007a39f2c2f800, 0x00007a39f2c31b20] 
[4,364s][debug][gc,nmethod     ] GC(1) O: Unregister NMethod: jdk.internal.foreign.Utils.checkNonNegativeIndex (0x00007a39d3b42908) [0x00007a39d3b42a00, 0x00007a39d3b43bc8] 
[4,364s][debug][gc,nmethod     ] GC(1) O: Unregister NMethod: jdk.internal.foreign.ArenaImpl.allocate (0x00007a39d3b7a888) [0x00007a39d3b7a980, 0x00007a39d3b7ac78] 
[4,364s][debug][gc,nmethod     ] GC(1) O: Unregister NMethod: jdk.internal.classfile.impl.AbstractPoolEntry$AbstractRefsEntry.<init> (0x00007a39d34fc788) [0x00007a39d34fc880, 0x00007a39d34fd080] 
[4,364s][debug][gc,nmethod     ] GC(1) O: Unregister NMethod: io.sirix.access.trx.node.xml.XmlNodeTrxImpl.insertTextAsFirstChild (0x00007a39d3d05508) [0x00007a39d3d05600, 0x00007a39d3d0d5c0] 
[4,364s][debug][gc,nmethod     ] GC(1) O: Unregister NMethod: java.nio.ByteOrder.nativeOrder (0x00007a39d3810a08) [0x00007a39d3810b00, 0x00007a39d3810be8] 
[4,364s][debug][gc,nmethod     ] GC(1) O: Unregister NMethod: io.sirix.access.trx.node.xml.XmlNodeTrxImpl.adaptForInsert (0x00007a39d3babb88) [0x00007a39d3babc80, 0x00007a39d3baea48] 
[4,364s][debug][gc,nmethod     ] GC(1) O: Unregister NMethod: jdk.internal.foreign.layout.ValueLayouts$OfByteImpl.withOrder (0x00007a39d3f20e88) [0x00007a39d3f20f80, 0x00007a39d3f212d0] 
[4,364s][debug][gc,nmethod     ] GC(1) O: Unregister NMethod: java.util.concurrent.ForkJoinPool$WorkQueue.unlockPhase (0x00007a39d414fd88) [0x00007a39d414fe80, 0x00007a39d414ff90] 
[4,364s][debug][gc,nmethod     ] GC(1) O: Unregister NMethod: java.lang.invoke.MethodTypeForm.canonicalize (0x00007a39d344d588) [0x00007a39d344d680, 0x00007a39d344e2d8] 
[4,364s][debug][gc,nmethod     ] GC(1) O: Unregister NMethod: java.nio.Buffer.position (0x00007a39d376b488) [0x00007a39d376b580, 0x00007a39d376b7c0] 
[4,364s][debug][gc,nmethod     ] GC(1) O: Unregister NMethod: io.sirix.node.NodeKind$1.deserialize (0x00007a39d4103388) [0x00007a39d4103480, 0x00007a39d4106ac8] 
[4,364s][debug][gc,nmethod     ] GC(1) O: Unregister NMethod: io.sirix.cache.LinuxMemorySegmentAllocator.partitionVirtualRegion (0x00007a39f2ca0f88) [0x00007a39f2ca1080, 0x00007a39f2ca1fe8] 
[4,364s][debug][gc,nmethod     ] GC(1) O: Unregister NMethod: com.sun.org.apache.xerces.internal.impl.XMLDocumentFragmentScannerImpl.scanContent (0x00007a39d3da2688) [0x00007a39d3da2780, 0x00007a39d3da3d70] 
[4,364s][debug][gc,nmethod     ] GC(1) O: Unregister NMethod: java.util.stream.ReduceOps$3.makeSink (0x00007a39d37da608) [0x00007a39d37da700, 0x00007a39d37da848] 
[4,364s][debug][gc,nmethod     ] GC(1) O: Unregister NMethod: io.sirix.node.xml.TextNode.hasLeftSibling (0x00007a39d3b87a88) [0x00007a39d3b87b80, 0x00007a39d3b8cfb8] 
[4,364s][debug][gc,nmethod     ] GC(1) O: Unregister NMethod: jdk.internal.misc.Unsafe.checkNativeAddress (0x00007a39d3861f88) [0x00007a39d3862080, 0x00007a39d3862190] 
[4,364s][debug][gc,nmethod     ] GC(1) O: Unregister NMethod: sun.net.www.ParseUtil.encodePath (0x00007a39d35a2088) [0x00007a39d35a2180, 0x00007a39d35a2368] 
[4,364s][debug][gc,nmethod     ] GC(1) O: Unregister NMethod: io.brackit.query.node.parser.SAX2SubtreeHandlerAdapter$TrimmingStringBuilder.append (0x00007a39f2dcaf88) [0x00007a39f2dcb080, 0x00007a39f2dcb6b0] 
[4,364s][debug][gc,nmethod     ] GC(1) O: Unregister NMethod: io.brackit.query.node.parser.SAX2SubtreeHandlerAdapter.characters (0x00007a39d3c1d788) [0x00007a39d3c1d880, 0x00007a39d3c1dba0] 
[4,364s][debug][gc,nmethod     ] GC(1) O: Unregister NMethod: io.brackit.query.jdm.AbstractItem.<init> (0x00007a39d3b23b08) [0x00007a39d3b23c00, 0x00007a39d3b23db8] 
[4,364s][debug][gc,nmethod     ] GC(1) O: Unregister NMethod: io.sirix.service.xml.shredder.AbstractShredder.processStartTag (0x00007a39d3c9eb88) [0x00007a39d3c9ec80, 0x00007a39d3ca49c0] 
[4,364s][debug][gc,nmethod     ] GC(1) O: Unregister NMethod: it.unimi.dsi.fastutil.shorts.AbstractShortList.ensureIndex (0x00007a39d4034988) [0x00007a39d4034a80, 0x00007a39d4036d60] 
[4,364s][debug][gc,nmethod     ] GC(1) O: Unregister NMethod: io.sirix.access.trx.node.xml.XmlNodeReadOnlyTrxImpl.isNameNode (0x00007a39d40e6288) [0x00007a39d40e6380, 0x00007a39d40e6bd0] 
[4,364s][debug][gc,nmethod     ] GC(1) O: Unregister NMethod: jdk.internal.foreign.SegmentFactories$1.cleanup (0x00007a39d3e52a88) [0x00007a39d3e52b80, 0x00007a39d3e52d48] 
[4,364s][debug][gc,nmethod     ] GC(1) O: Unregister NMethod: java.lang.foreign.MemorySegment.copy (0x00007a39d3e1d388) [0x00007a39d3e1d480, 0x00007a39d3e2dd88] 
[4,364s][debug][gc,nmethod     ] GC(1) O: Unregister NMethod: jdk.internal.foreign.layout.ValueLayouts$AbstractValueLayout.withOrder (0x00007a39d3f21308) [0x00007a39d3f21400, 0x00007a39d3f21c30] 
[4,364s][debug][gc,nmethod     ] GC(1) O: Unregister NMethod: io.sirix.node.xml.ElementNode.setRightSiblingKey (0x00007a39d3cea308) [0x00007a39d3cea400, 0x00007a39d3cef528] 
[4,364s][debug][gc,nmethod     ] GC(1) O: Unregister NMethod: jdk.internal.misc.Unsafe.weakCompareAndSetLongRelease (0x00007a39d414d288) [0x00007a39d414d380, 0x00007a39d414d4a0] 
[4,364s][debug][gc,nmethod     ] GC(1) O: Unregister NMethod: jdk.internal.foreign.ArenaImpl.<init> (0x00007a39d3b81b08) [0x00007a39d3b81c00, 0x00007a39d3b81fe0] 
[4,364s][debug][gc,nmethod     ] GC(1) O: Unregister NMethod: java.lang.Class.getPackageName (0x00007a39d348e188) [0x00007a39d348e280, 0x00007a39d3490488] 
[4,364s][debug][gc,nmethod     ] GC(1) O: Unregister NMethod: java.util.BitSet.recalculateWordsInUse (0x00007a39d3a92a88) [0x00007a39d3a92b80, 0x00007a39d3a92dc0] 
[4,364s][debug][gc,nmethod     ] GC(1) O: Unregister NMethod: com.sun.org.apache.xerces.internal.impl.XMLEntityScanner.skipSpaces (0x00007a39f2d05a08) [0x00007a39f2d05b00, 0x00007a39f2d05e00] 
[4,364s][debug][gc,nmethod     ] GC(1) O: Unregister NMethod: net.openhft.hashing.XXH3.XXH3_64bits_internal (0x00007a39d3bd4e88) [0x00007a39d3bd4f80, 0x00007a39d3bf3948] 
[4,364s][debug][gc,nmethod     ] GC(1) O: Unregister NMethod: io.sirix.utils.XMLToken.isValidQName (0x00007a39d3c64d08) [0x00007a39d3c64e00, 0x00007a39d3c66350] 
[4,364s][debug][gc,nmethod     ] GC(1) O: Unregister NMethod: io.sirix.access.trx.node.xml.XmlNodeTrxImpl.insertTextAsRightSibling (0x00007a39d3cf6988) [0x00007a39d3cf6a80, 0x00007a39d3d054d8] 
[4,364s][debug][gc,nmethod     ] GC(1) O: Unregister NMethod: sun.security.provider.DigestBase.implCompressMultiBlock0 (0x00007a39d3f94108) [0x00007a39d3f94200, 0x00007a39d3f94668] 
[4,364s][debug][gc,nmethod     ] GC(1) O: Unregister NMethod: java.util.stream.ReduceOps.makeRef (0x00007a39d37d9b08) [0x00007a39d37d9c00, 0x00007a39d37da5c8] 
[4,364s][debug][gc,nmethod     ] GC(1) O: Unregister NMethod: io.sirix.access.trx.page.NodePageReadOnlyTrx.loadPage (0x00007a39f2d49608) [0x00007a39f2d49700, 0x00007a39f2d49800] 
[4,364s][debug][gc,nmethod     ] GC(1) O: Unregister NMethod: io.sirix.access.trx.page.NodePageReadOnlyTrx.getPageReference (0x00007a39d401a808) [0x00007a39d401a900, 0x00007a39d40239b8] 
[4,364s][debug][gc,nmethod     ] GC(1) O: Unregister NMethod: io.sirix.access.trx.page.NodePageReadOnlyTrx.getNamePage (0x00007a39d3c40908) [0x00007a39d3c40a00, 0x00007a39d3c419d8] 
[4,364s][debug][gc,nmethod     ] GC(1) O: Unregister NMethod: io.sirix.page.KeyValueLeafPage.alignOffset (0x00007a39d3466b08) [0x00007a39d3466c00, 0x00007a39d3466ce8] 
[4,365s][debug][gc,nmethod     ] GC(1) O: Unregister NMethod: io.sirix.page.KeyValueLeafPage.findFreeSpaceForSlots (0x00007a39d3e1ad88) [0x00007a39d3e1ae80, 0x00007a39d3e1bb60] 
[4,365s][debug][gc,nmethod     ] GC(1) O: Unregister NMethod: io.sirix.page.NamePage.getName (0x00007a39d403ae08) [0x00007a39d403af00, 0x00007a39d403c570] 
[4,365s][debug][gc,nmethod     ] GC(1) O: Unregister NMethod: io.sirix.utils.XMLToken.ncName (0x00007a39d3c62a08) [0x00007a39d3c62b00, 0x00007a39d3c62f58] 
[4,365s][debug][gc,nmethod     ] GC(1) O: Unregister NMethod: com.sun.org.apache.xerces.internal.parsers.AbstractSAXParser$AttributesProxy.getValue (0x00007a39d3d46588) [0x00007a39d3d46680, 0x00007a39d3d469e0] 
[4,365s][debug][gc,nmethod     ] GC(1) O: Unregister NMethod: java.lang.StringUTF16.compress (0x00007a39d3565488) [0x00007a39d3565580, 0x00007a39d35657b0] 
[4,365s][debug][gc,nmethod     ] GC(1) O: Unregister NMethod: io.sirix.access.trx.page.NodePageReadOnlyTrx.assertNotClosed (0x00007a39d35f1c88) [0x00007a39d35f1d80, 0x00007a39d35f1f98] 
[4,365s][debug][gc,nmethod     ] GC(1) O: Unregister NMethod: io.sirix.page.KeyValueLeafPage.getSlot (0x00007a39d3a6e608) [0x00007a39d3a6e700, 0x00007a39d3a84908] 
[4,365s][debug][gc,nmethod     ] GC(1) O: Unregister NMethod: io.sirix.node.MemorySegmentBytesOut.writeInt (0x00007a39f2cf2b88) [0x00007a39f2cf2c80, 0x00007a39f2cf3190] 
[4,365s][debug][gc,nmethod     ] GC(1) O: Unregister NMethod: java.util.stream.ReduceOps$3.makeSink (0x00007a39d37da908) [0x00007a39d37daa00, 0x00007a39d37dae78] 
[4,365s][debug][gc,nmethod     ] GC(1) O: Unregister NMethod: io.sirix.node.AbstractForwardingNode.getNodeKey (0x00007a39d3ac8408) [0x00007a39d3ac8500, 0x00007a39d3ac8830] 
[4,365s][debug][gc,nmethod     ] GC(1) O: Unregister NMethod: io.sirix.node.xml.ElementNode.incrementChildCount (0x00007a39d3bab308) [0x00007a39d3bab400, 0x00007a39d3babb30] 
[4,365s][debug][gc,nmethod     ] GC(1) O: Unregister NMethod: jdk.internal.foreign.HeapMemorySegmentImpl$OfByte.unsafeGetBase (0x00007a39d3e8e408) [0x00007a39d3e8e500, 0x00007a39d3e8eb90] 
[4,365s][debug][gc,nmethod     ] GC(1) O: Unregister NMethod: java.lang.Integer.numberOfLeadingZeros (0x00007a39d34e8208) [0x00007a39d34e8300, 0x00007a39d34e8580] 
[4,365s][debug][gc,nmethod     ] GC(1) O: Unregister NMethod: io.sirix.node.xml.ElementNode.getLocalNameKey (0x00007a39d3cb4e88) [0x00007a39d3cb4f80, 0x00007a39d3cb9f70] 
[4,365s][debug][gc,nmethod     ] GC(1) O: Unregister NMethod: io.brackit.query.node.parser.SAX2SubtreeHandlerAdapter.handleText (0x00007a39d416ca88) [0x00007a39d416cb80, 0x00007a39d416da20] 
[4,365s][debug][gc,nmethod     ] GC(1) O: Unregister NMethod: io.sirix.access.trx.page.NodePageReadOnlyTrx.getRecord (0x00007a39d403c588) [0x00007a39d403c680, 0x00007a39d403e0b8] 
[4,365s][debug][gc,nmethod     ] GC(1) O: Unregister NMethod: io.sirix.node.GrowingMemorySegment.writeLong (0x00007a39d3e05108) [0x00007a39d3e05200, 0x00007a39d3e05938] 
[4,365s][debug][gc,nmethod     ] GC(1) O: Unregister NMethod: jdk.internal.classfile.impl.SplitConstantPool.tryFindClassOrInterface (0x00007a39d3516688) [0x00007a39d3516780, 0x00007a39d3519338] 
[4,365s][debug][gc,nmethod     ] GC(1) O: Unregister NMethod: io.sirix.access.trx.page.NodePageTrx.prepareRecordForModification (0x00007a39f2cebf08) [0x00007a39f2cec000, 0x00007a39f2ced018] 
[4,365s][debug][gc,nmethod     ] GC(1) O: Unregister NMethod: java.lang.classfile.CodeBuilder.getfield (0x00007a39d38e4988) [0x00007a39d38e4a80, 0x00007a39d38e5460] 
[4,365s][debug][gc,nmethod     ] GC(1) O: Unregister NMethod: java.lang.StringUTF16.putChar (0x00007a39d3fb7608) [0x00007a39d3fb7700, 0x00007a39d3fb7840] 
[4,365s][debug][gc,nmethod     ] GC(1) O: Unregister NMethod: java.lang.StringBuilder.toString (0x00007a39f2c59588) [0x00007a39f2c59680, 0x00007a39f2c59a88] 
[4,365s][debug][gc,nmethod     ] GC(1) O: Unregister NMethod: com.sun.org.apache.xerces.internal.impl.XMLEntityScanner.checkBeforeLoad (0x00007a39f2cefb88) [0x00007a39f2cefc80, 0x00007a39f2cefd70] 
[4,365s][debug][gc,nmethod     ] GC(1) O: Unregister NMethod: jdk.internal.foreign.NativeMemorySegmentImpl.makeByteBuffer (0x00007a39d3bf7d88) [0x00007a39d3bf7e80, 0x00007a39d3bf7ff0] 
[4,365s][debug][gc,nmethod     ] GC(1) O: Unregister NMethod: io.sirix.access.trx.page.NodePageReadOnlyTrx.getLeafPageReference (0x00007a39d403a308) [0x00007a39d403a400, 0x00007a39d403a6f8] 
[4,365s][debug][gc,nmethod     ] GC(1) O: Unregister NMethod: io.sirix.node.GrowingMemorySegment.<init> (0x00007a39d3b7a308) [0x00007a39d3b7a400, 0x00007a39d3b7a878] 
[4,365s][debug][gc,nmethod     ] GC(1) O: Unregister NMethod: io.sirix.index.path.summary.PathSummaryWriter.getPathNodeKey (0x00007a39f2d72408) [0x00007a39f2d72500, 0x00007a39f2d74888] 
[4,365s][debug][gc,nmethod     ] GC(1) O: Unregister NMethod: io.brackit.query.compiler.optimizer.walker.Walker.walkInternal (0x00007a39d40a1f88) [0x00007a39d40a2080, 0x00007a39d40a2da8] 
[4,365s][debug][gc,nmethod     ] GC(1) O: Unregister NMethod: jdk.internal.classfile.impl.DirectCodeBuilder$4.writeBody (0x00007a39d36d0b88) [0x00007a39d36d0c80, 0x00007a39d36d4c68] 
[4,365s][debug][gc,nmethod     ] GC(1) O: Unregister NMethod: jdk.internal.misc.Unsafe.weakCompareAndSetReference (0x00007a39d34ddf08) [0x00007a39d34de000, 0x00007a39d34de180] 
[4,365s][debug][gc,nmethod     ] GC(1) O: Unregister NMethod: io.sirix.node.NodeSerializerImpl.serializeDeweyID (0x00007a39d3f31808) [0x00007a39d3f31900, 0x00007a39d3f31ee8] 
[4,365s][debug][gc,nmethod     ] GC(1) O: Unregister NMethod: io.sirix.node.NodeSerializerImpl.serializeDeweyID (0x00007a39d3f1a488) [0x00007a39d3f1a580, 0x00007a39d3f1a8f8] 
[4,365s][debug][gc,nmethod     ] GC(1) O: Unregister NMethod: jdk.internal.foreign.layout.ValueLayouts$OfByteImpl.<init> (0x00007a39d3e7db08) [0x00007a39d3e7dc00, 0x00007a39d3e7dd38] 
[4,365s][debug][gc,nmethod     ] GC(1) O: Unregister NMethod: java.util.Arrays.copyOf (0x00007a39d34f1b08) [0x00007a39d34f1c00, 0x00007a39d34f1f20] 
[4,365s][debug][gc,nmethod     ] GC(1) O: Unregister NMethod: java.util.stream.Sink$ChainedReference.end (0x00007a39d37c9008) [0x00007a39d37c9100, 0x00007a39d37c9440] 
[4,365s][debug][gc,nmethod     ] GC(1) O: Unregister NMethod: com.sun.org.apache.xerces.internal.parsers.AbstractSAXParser$AttributesProxy.getQName (0x00007a39d3d45088) [0x00007a39d3d45180, 0x00007a39d3d454e0] 
[4,365s][debug][gc,nmethod     ] GC(1) O: Unregister NMethod: java.lang.Integer.rotateRight (0x00007a39d3401388) [0x00007a39d3401480, 0x00007a39d3401570] 
[4,365s][debug][gc,nmethod     ] GC(1) O: Unregister NMethod: io.sirix.page.KeyValueLeafPage.getDeweyId (0x00007a39f2cc7a08) [0x00007a39f2cc7b00, 0x00007a39f2cc7c38] 
[4,365s][debug][gc,nmethod     ] GC(1) O: Unregister NMethod: java.util.BitSet.<init> (0x00007a39d3863088) [0x00007a39d3863180, 0x00007a39d38640c8] 
[4,365s][debug][gc,nmethod     ] GC(1) O: Unregister NMethod: java.nio.HeapByteBuffer.put (0x00007a39d3f3fa08) [0x00007a39d3f3fb00, 0x00007a39d3f3fce8] 
[4,365s][debug][gc,nmethod     ] GC(1) O: Unregister NMethod: com.sun.org.apache.xerces.internal.impl.XMLNSDocumentScannerImpl.next (0x00007a39d3b42308) [0x00007a39d3b42400, 0x00007a39d3b428e8] 
[4,365s][debug][gc,nmethod     ] GC(1) O: Unregister NMethod: java.util.concurrent.ConcurrentHashMap.addCount (0x00007a39f2c33d08) [0x00007a39f2c33e00, 0x00007a39f2c352e0] 
[4,365s][debug][gc,nmethod     ] GC(1) O: Unregister NMethod: io.sirix.node.xml.ElementNode.getLastChildKey (0x00007a39d3c08488) [0x00007a39d3c08580, 0x00007a39d3c0d570] 
[4,365s][debug][gc,nmethod     ] GC(1) O: Unregister NMethod: jdk.internal.foreign.Utils.isPowerOfTwo (0x00007a39d3e53988) [0x00007a39d3e53a80, 0x00007a39d3e53b88] 
[4,365s][debug][gc,nmethod     ] GC(1) O: Unregister NMethod: java.lang.Class.getSimpleName (0x00007a39d3f30e88) [0x00007a39d3f30f80, 0x00007a39d3f311e0] 
[4,365s][debug][gc,nmethod     ] GC(1) O: Unregister NMethod: io.brackit.query.jdm.type.ElementType.getNodeKind (0x00007a39d4288f08) [0x00007a39d4289000, 0x00007a39d4289108] 
[4,365s][debug][gc,nmethod     ] GC(1) O: Unregister NMethod: com.sun.org.apache.xerces.internal.parsers.AbstractSAXParser.endNamespaceMapping (0x00007a39d3c91d08) [0x00007a39d3c91e00, 0x00007a39d3c92548] 
[4,365s][debug][gc,nmethod     ] GC(1) O: Unregister NMethod: com.sun.org.apache.xerces.internal.util.NamespaceSupport.popContext (0x00007a39d3ce1008) [0x00007a39d3ce1100, 0x00007a39d3ce1268] 
[4,365s][debug][gc,nmethod     ] GC(1) O: Unregister NMethod: java.nio.charset.Charset.defaultCharset (0x00007a39d3c5c688) [0x00007a39d3c5c780, 0x00007a39d3c5c878] 
[4,365s][debug][gc,nmethod     ] GC(1) O: Unregister NMethod: java.util.BitSet.wordIndex (0x00007a39d352a788) [0x00007a39d352a880, 0x00007a39d352a968] 
[4,365s][debug][gc,nmethod     ] GC(1) O: Unregister NMethod: com.sun.org.apache.xerces.internal.impl.XMLDocumentFragmentScannerImpl.scanDocument (0x00007a39f2eab708) [0x00007a39f2eab800, 0x00007a39f2ebcc78] 
[4,365s][debug][gc,nmethod     ] GC(1) O: Unregister NMethod: java.util.stream.StreamOpFlag.isKnown (0x00007a39d37c1308) [0x00007a39d37c1400, 0x00007a39d37c1558] 
[4,365s][debug][gc,nmethod     ] GC(1) O: Unregister NMethod: io.sirix.access.trx.node.AbstractNodeReadOnlyTrx.getNodeKey (0x00007a39d40b1788) [0x00007a39d40b1880, 0x00007a39d40b1ee8] 
[4,365s][debug][gc,nmethod     ] GC(1) O: Unregister NMethod: io.sirix.access.trx.page.NodePageTrx.getPageContainer (0x00007a39f2ce9a08) [0x00007a39f2ce9b00, 0x00007a39f2cea1d0] 
[4,365s][debug][gc,nmethod     ] GC(1) O: Unregister NMethod: java.util.ArrayDeque.push (0x00007a39d3bd4888) [0x00007a39d3bd4980, 0x00007a39d3bd4ac8] 
[4,365s][debug][gc,nmethod     ] GC(1) O: Unregister NMethod: java.lang.reflect.Executable.<init> (0x00007a39d36a8588) [0x00007a39d36a8680, 0x00007a39d36a8838] 
[4,365s][debug][gc,nmethod     ] GC(1) O: Unregister NMethod: io.sirix.page.delegates.BitmapReferencesPage.index (0x00007a39d4140888) [0x00007a39d4140980, 0x00007a39d4140ea0] 
[4,365s][debug][gc,nmethod     ] GC(1) O: Unregister NMethod: io.sirix.index.path.summary.PathSummaryReader.getLevel (0x00007a39f2d5d188) [0x00007a39f2d5d280, 0x00007a39f2d5d3a0] 
[4,365s][debug][gc,nmethod     ] GC(1) O: Unregister NMethod: io.sirix.page.KeyValueLeafPage.setDeweyId (0x00007a39d3e85508) [0x00007a39d3e85600, 0x00007a39d3e85848] 
[4,365s][debug][gc,nmethod     ] GC(1) O: Unregister NMethod: com.sun.org.apache.xerces.internal.impl.XMLEntityScanner.skipSpaces (0x00007a39f2d66988) [0x00007a39f2d66a80, 0x00007a39f2d66fe8] 
[4,365s][debug][gc,nmethod     ] GC(1) O: Unregister NMethod: net.jpountz.util.SafeUtils.readIntLE (0x00007a39d402b608) [0x00007a39d402b700, 0x00007a39d402b8a0] 
[4,365s][debug][gc,nmethod     ] GC(1) O: Unregister NMethod: io.sirix.cache.IndexLogKey.equals (0x00007a39d3da3d88) [0x00007a39d3da3e80, 0x00007a39d3da47c8] 
[4,365s][debug][gc,nmethod     ] GC(1) O: Unregister NMethod: io.sirix.node.GrowingMemorySegment.writeInt (0x00007a39f2ce8e08) [0x00007a39f2ce8f00, 0x00007a39f2ce9390] 
[4,365s][debug][gc,nmethod     ] GC(1) O: Unregister NMethod: java.lang.Integer.compare (0x00007a39d3762988) [0x00007a39d3762a80, 0x00007a39d3762c30] 
[4,365s][debug][gc,nmethod     ] GC(1) O: Unregister NMethod: io.sirix.axis.filter.xml.XmlNameFilter.filter (0x00007a39d40e7388) [0x00007a39d40e7480, 0x00007a39d40e88c8] 
[4,365s][debug][gc,nmethod     ] GC(1) O: Unregister NMethod: io.sirix.node.xml.ElementNode.getAttributeKey (0x00007a39d3e51508) [0x00007a39d3e51600, 0x00007a39d3e517f8] 
[4,365s][debug][gc,nmethod     ] GC(1) O: Unregister NMethod: it.unimi.dsi.fastutil.longs.LongArrayList.add (0x00007a39d3b43c08) [0x00007a39d3b43d00, 0x00007a39d3b43fd8] 
[4,365s][debug][gc,nmethod     ] GC(1) O: Unregister NMethod: io.sirix.node.NodeSerializerImpl.serializeDeweyID (0x00007a39d3f6a888) [0x00007a39d3f6a980, 0x00007a39d3f6af40] 
[4,365s][debug][gc,nmethod     ] GC(1) O: Unregister NMethod: io.sirix.access.trx.node.AbstractNodeReadOnlyTrx.getKind (0x00007a39f2cee088) [0x00007a39f2cee180, 0x00007a39f2cee300] 
[4,365s][debug][gc,nmethod     ] GC(1) O: Unregister NMethod: java.util.ArrayDeque.addFirst (0x00007a39d3bf3988) [0x00007a39d3bf3a80, 0x00007a39d3bf4060] 
[4,365s][debug][gc,nmethod     ] GC(1) O: Unregister NMethod: io.brackit.query.sequence.AbstractSequence.<init> (0x00007a39d3b23808) [0x00007a39d3b23900, 0x00007a39d3b23a58] 
[4,365s][debug][gc,nmethod     ] GC(1) O: Unregister NMethod: io.sirix.cache.LinuxMemorySegmentAllocator.partitionVirtualRegion (0x00007a39f2ca2008) [0x00007a39f2ca2100, 0x00007a39f2ca3240] 
[4,365s][debug][gc,nmethod     ] GC(1) O: Unregister NMethod: io.sirix.node.xml.TextNode.getLeftSiblingKey (0x00007a39d3b2ad08) [0x00007a39d3b2ae00, 0x00007a39d3b2fdf0] 
[4,365s][debug][gc,nmethod     ] GC(1) O: Unregister NMethod: io.sirix.access.trx.page.NodePageTrx.getRecord (0x00007a39d3fefa08) [0x00007a39d3fefb00, 0x00007a39d3ff1aa0] 
[4,365s][debug][gc,nmethod     ] GC(1) O: Unregister NMethod: io.brackit.query.atomic.Una.<init> (0x00007a39d3bf9988) [0x00007a39d3bf9a80, 0x00007a39d3bf9da0] 
[4,365s][debug][gc,nmethod     ] GC(1) O: Unregister NMethod: net.openhft.hashing.LongHashFunction.hashByteBuffer (0x00007a39d3bfd008) [0x00007a39d3bfd100, 0x00007a39d3bfe668] 
[4,365s][debug][gc,nmethod     ] GC(1) O: Unregister NMethod: org.magicwerk.brownies.collections.GapList.doGet (0x00007a39f2d44d88) [0x00007a39f2d44e80, 0x00007a39f2d45018] 
[4,365s][debug][gc,nmethod     ] GC(1) O: Unregister NMethod: java.util.stream.AbstractPipeline.sourceSpliterator (0x00007a39f2c7cd88) [0x00007a39f2c7ce80, 0x00007a39f2c7d0a8] 
[4,365s][debug][gc,nmethod     ] GC(1) O: Unregister NMethod: java.nio.ByteBuffer.limit (0x00007a39d37f0908) [0x00007a39d37f0a00, 0x00007a39d37f0b48] 
[4,365s][debug][gc,nmethod     ] GC(1) O: Unregister NMethod: java.lang.invoke.InnerClassLambdaMetafactory$6.accept (0x00007a39d397a708) [0x00007a39d397a800, 0x00007a39d3980b18] 
[4,365s][debug][gc,nmethod     ] GC(1) O: Unregister NMethod: io.sirix.index.path.summary.PathSummaryReader.moveTo (0x00007a39d4031a88) [0x00007a39d4031b80, 0x00007a39d4032888] 
[4,365s][debug][gc,nmethod     ] GC(1) O: Unregister NMethod: io.sirix.page.PageKind$1.serializePage (0x00007a39d3f3fd08) [0x00007a39d3f3fe00, 0x00007a39d3f4dc60] 
[4,365s][debug][gc,nmethod     ] GC(1) O: Unregister NMethod: io.sirix.node.xml.AttributeNode.<init> (0x00007a39d3d5f988) [0x00007a39d3d5fa80, 0x00007a39d3d600f0] 
[4,365s][debug][gc,nmethod     ] GC(1) O: Unregister NMethod: java.lang.String.getBytes (0x00007a39d3bca108) [0x00007a39d3bca200, 0x00007a39d3bca698] 
[4,365s][debug][gc,nmethod     ] GC(1) O: Unregister NMethod: io.sirix.node.xml.ElementNode.getDescendantCount (0x00007a39d3afa108) [0x00007a39d3afa200, 0x00007a39d3afda78] 
[4,365s][debug][gc,nmethod     ] GC(1) O: Unregister NMethod: jdk.internal.ref.CleanerImpl$CleanableList.insert (0x00007a39d34de608) [0x00007a39d34de700, 0x00007a39d34df180] 
[4,365s][debug][gc,nmethod     ] GC(1) O: Unregister NMethod: sun.security.provider.SHA2.implCompress0 (0x00007a39d3f2ea08) [0x00007a39d3f2eb00, 0x00007a39d3f2f920] 
[4,365s][debug][gc,nmethod     ] GC(1) O: Unregister NMethod: com.sun.org.apache.xerces.internal.impl.XMLEntityScanner.checkLimit (0x00007a39d3c78288) [0x00007a39d3c78380, 0x00007a39d3c807e0] 
[4,365s][debug][gc,nmethod     ] GC(1) O: Unregister NMethod: io.sirix.node.MemorySegmentBytesOut.writePosition (0x00007a39d3e1cd88) [0x00007a39d3e1ce80, 0x00007a39d3e1d030] 
[4,365s][debug][gc,nmethod     ] GC(1) O: Unregister NMethod: io.brackit.query.expr.StepExpr$AxisStepSequenceIter.next (0x00007a39d40d8108) [0x00007a39d40d8200, 0x00007a39d40d8998] 
[4,365s][debug][gc,nmethod     ] GC(1) O: Unregister NMethod: io.sirix.node.GrowingMemorySegment.<init> (0x00007a39d3b90488) [0x00007a39d3b90580, 0x00007a39d3b91150] 
[4,365s][debug][gc,nmethod     ] GC(1) O: Unregister NMethod: io.sirix.access.trx.node.xml.XmlNodeTrxImpl.insertElementAsRightSibling (0x00007a39d3cc6b88) [0x00007a39d3cc6c80, 0x00007a39d3ccd9b0] 
[4,365s][debug][gc,nmethod     ] GC(1) O: Unregister NMethod: it.unimi.dsi.fastutil.ints.Int2ObjectOpenHashMap.get (0x00007a39d4165388) [0x00007a39d4165480, 0x00007a39d4165af0] 
[4,365s][debug][gc,nmethod     ] GC(1) O: Unregister NMethod: io.sirix.node.MemorySegmentBytesIn.readStopBit (0x00007a39d4043988) [0x00007a39d4043a80, 0x00007a39d4043cb0] 
[4,365s][debug][gc,nmethod     ] GC(1) O: Unregister NMethod: io.sirix.query.stream.node.SirixNodeStream.next (0x00007a39f2f16608) [0x00007a39f2f16700, 0x00007a39f2f18528] 
[4,365s][debug][gc,nmethod     ] GC(1) O: Unregister NMethod: io.sirix.access.trx.page.NodePageTrx.createRecord (0x00007a39d3b3b908) [0x00007a39d3b3ba00, 0x00007a39d3b41e58] 
[4,365s][debug][gc,nmethod     ] GC(1) O: Unregister NMethod: jdk.internal.foreign.MemorySessionImpl$ResourceList.cleanup (0x00007a39d3f92088) [0x00007a39d3f92180, 0x00007a39d3f92918] 
[4,366s][debug][gc,nmethod     ] GC(1) O: Unregister NMethod: io.sirix.node.GrowingMemorySegment.writeInt (0x00007a39d3ad0a08) [0x00007a39d3ad0b00, 0x00007a39d3ad4940] 
[4,366s][debug][gc,nmethod     ] GC(1) O: Unregister NMethod: it.unimi.dsi.fastutil.longs.LongArrayList.grow (0x00007a39d3b44608) [0x00007a39d3b44700, 0x00007a39d3b44c60] 
[4,366s][debug][gc,nmethod     ] GC(1) O: Unregister NMethod: jdk.internal.foreign.HeapMemorySegmentImpl$OfByte.unsafeGetOffset (0x00007a39d3e52d88) [0x00007a39d3e52e80, 0x00007a39d3e52f80] 
[4,366s][debug][gc,nmethod     ] GC(1) O: Unregister NMethod: java.nio.MappedByteBuffer.rewind (0x00007a39d3bd0a08) [0x00007a39d3bd0b00, 0x00007a39d3bd0ee8] 
[4,366s][debug][gc,nmethod     ] GC(1) O: Unregister NMethod: com.sun.org.apache.xerces.internal.impl.XMLDocumentFragmentScannerImpl.getCharacterData (0x00007a39d3c1c008) [0x00007a39d3c1c100, 0x00007a39d3c1c2c8] 
[4,366s][debug][gc,nmethod     ] GC(1) O: Unregister NMethod: io.sirix.access.trx.page.NodePageTrx.getMostRecentPageContainer (0x00007a39f2ce7388) [0x00007a39f2ce7480, 0x00007a39f2ce7880] 
[4,366s][debug][gc,nmethod     ] GC(1) O: Unregister NMethod: java.lang.invoke.VarHandleGuards.guard_LJI_V (0x00007a39d3a3ba88) [0x00007a39d3a3bb80, 0x00007a39d3a40788] 
[4,366s][debug][gc,nmethod     ] GC(1) O: Unregister NMethod: java.lang.classfile.CodeBuilder.checkcast (0x00007a39d36ee388) [0x00007a39d36ee480, 0x00007a39d36eedb8] 
[4,366s][debug][gc,nmethod     ] GC(1) O: Unregister NMethod: java.lang.StringBuilder.append (0x00007a39d4060e08) [0x00007a39d4060f00, 0x00007a39d4061048] 
[4,366s][debug][gc,nmethod     ] GC(1) O: Unregister NMethod: io.sirix.node.SirixDeweyID.newBetween (0x00007a39d3c12b88) [0x00007a39d3c12c80, 0x00007a39d3c15e98] 
[4,366s][debug][gc,nmethod     ] GC(1) O: Unregister NMethod: jdk.internal.foreign.AbstractMemorySegmentImpl.toArray (0x00007a39d3f31208) [0x00007a39d3f31300, 0x00007a39d3f317e0] 
[4,366s][debug][gc,nmethod     ] GC(1) O: Unregister NMethod: it.unimi.dsi.fastutil.ints.Int2LongOpenHashMap.find (0x00007a39d3d3ff88) [0x00007a39d3d40080, 0x00007a39d3d404e8] 
[4,366s][debug][gc,nmethod     ] GC(1) O: Unregister NMethod: jdk.internal.foreign.AbstractMemorySegmentImpl.set (0x00007a39d3aaac08) [0x00007a39d3aaad00, 0x00007a39d3ab0280] 
[4,366s][debug][gc,nmethod     ] GC(1) O: Unregister NMethod: com.sun.org.apache.xerces.internal.impl.XMLDocumentFragmentScannerImpl$ElementStack.nextElement (0x00007a39d3c80d08) [0x00007a39d3c80e00, 0x00007a39d3c81810] 
[4,366s][debug][gc,nmethod     ] GC(1) O: Unregister NMethod: io.sirix.node.SirixDeweyID.getNewAttributeID (0x00007a39d3d6b808) [0x00007a39d3d6b900, 0x00007a39d3d6bce8] 
[4,366s][debug][gc,nmethod     ] GC(1) O: Unregister NMethod: com.sun.org.apache.xerces.internal.impl.XMLEntityScanner.checkBeforeLoad (0x00007a39d3b1a408) [0x00007a39d3b1a500, 0x00007a39d3b1aa58] 
[4,366s][debug][gc,nmethod     ] GC(1) O: Unregister NMethod: io.sirix.access.trx.node.xml.XmlNodeTrxImpl.nodeReadOnlyTrxDelegate (0x00007a39d3ad0588) [0x00007a39d3ad0680, 0x00007a39d3ad09d0] 
[4,366s][debug][gc,nmethod     ] GC(1) O: Unregister NMethod: java.nio.channels.spi.AbstractInterruptibleChannel.blockedOn (0x00007a39d3f98108) [0x00007a39d3f98200, 0x00007a39d3f988c0] 
[4,366s][debug][gc,nmethod     ] GC(1) O: Unregister NMethod: jdk.internal.classfile.impl.BufWriterImpl.setLabelContext (0x00007a39d35b4408) [0x00007a39d35b4500, 0x00007a39d35b4678] 
[4,366s][debug][gc,nmethod     ] GC(1) O: Unregister NMethod: io.sirix.access.trx.node.AbstractDeweyIDManager.newFirstChildID (0x00007a39f2dc4008) [0x00007a39f2dc4100, 0x00007a39f2dc4f10] 
[4,366s][debug][gc,nmethod     ] GC(1) O: Unregister NMethod: io.sirix.access.trx.node.AbstractNodeReadOnlyTrx.moveTo (0x00007a39d40aa208) [0x00007a39d40aa300, 0x00007a39d40abe68] 
[4,366s][debug][gc,nmethod     ] GC(1) O: Unregister NMethod: sun.net.util.IPAddressUtil.checkHostString (0x00007a39d34cdf08) [0x00007a39d34ce000, 0x00007a39d34ce200] 
[4,366s][debug][gc,nmethod     ] GC(1) O: Unregister NMethod: io.brackit.query.node.parser.SAX2SubtreeHandlerAdapter.handleText (0x00007a39d3c31808) [0x00007a39d3c31900, 0x00007a39d3c32230] 
[4,366s][debug][gc,nmethod     ] GC(1) O: Unregister NMethod: io.sirix.page.KeyValueLeafPage.getAvailableSpace (0x00007a39d3e33408) [0x00007a39d3e33500, 0x00007a39d3e38fc0] 
[4,366s][debug][gc,nmethod     ] GC(1) O: Unregister NMethod: java.lang.StringConcatHelper.prepend (0x00007a39f2e18308) [0x00007a39f2e18400, 0x00007a39f2e18ad0] 
[4,366s][debug][gc,nmethod     ] GC(1) O: Unregister NMethod: java.util.concurrent.ConcurrentHashMap$Traverser.advance (0x00007a39d3682808) [0x00007a39d3682900, 0x00007a39d36839f8] 
[4,366s][debug][gc,nmethod     ] GC(1) O: Unregister NMethod: java.io.UnixFileSystem.hasBooleanAttributes (0x00007a39d3562b08) [0x00007a39d3562c00, 0x00007a39d3563788] 
[4,366s][debug][gc,nmethod     ] GC(1) O: Unregister NMethod: jdk.internal.foreign.layout.ValueLayouts$OfByteImpl.dup (0x00007a39d3f22088) [0x00007a39d3f22180, 0x00007a39d3f22330] 
[4,366s][debug][gc,nmethod     ] GC(1) O: Unregister NMethod: jdk.internal.classfile.impl.SplitConstantPool.findEntry (0x00007a39d34f6188) [0x00007a39d34f6280, 0x00007a39d34f7988] 
[4,366s][debug][gc,nmethod     ] GC(1) O: Unregister NMethod: it.unimi.dsi.fastutil.ints.Int2ObjectOpenHashMap.get (0x00007a39f2d3e688) [0x00007a39f2d3e780, 0x00007a39f2d3ebe8] 
[4,366s][debug][gc,nmethod     ] GC(1) O: Unregister NMethod: jdk.internal.foreign.layout.ValueLayouts$AbstractValueLayout.withOrder (0x00007a39d3e7de08) [0x00007a39d3e7df00, 0x00007a39d3e7e120] 
[4,366s][debug][gc,nmethod     ] GC(1) O: Unregister NMethod: com.sun.org.apache.xerces.internal.impl.XMLEntityScanner.peekChar (0x00007a39d3b27f88) [0x00007a39d3b28080, 0x00007a39d3b28538] 
[4,366s][debug][gc,nmethod     ] GC(1) O: Unregister NMethod: java.nio.DirectByteBuffer.<init> (0x00007a39d3bf9e08) [0x00007a39d3bf9f00, 0x00007a39d3bfa178] 
[4,366s][debug][gc,nmethod     ] GC(1) O: Unregister NMethod: jdk.internal.classfile.impl.SplitConstantPool.maybeCloneUtf8Entry (0x00007a39f2c85d08) [0x00007a39f2c85e00, 0x00007a39f2c86340] 
[4,366s][debug][gc,nmethod     ] GC(1) O: Unregister NMethod: io.sirix.node.SirixDeweyID.getNewChildID (0x00007a39d3cd8e88) [0x00007a39d3cd8f80, 0x00007a39d3cd9210] 
[4,366s][debug][gc,nmethod     ] GC(1) O: Unregister NMethod: io.sirix.page.delegates.ReferencesPage4.getOrCreateReference (0x00007a39d4032e08) [0x00007a39d4032f00, 0x00007a39d4034918] 
[4,366s][debug][gc,nmethod     ] GC(1) O: Unregister NMethod: io.sirix.node.MemorySegmentBytesIn.read (0x00007a39d3fe5188) [0x00007a39d3fe5280, 0x00007a39d3febd78] 
[4,366s][debug][gc,nmethod     ] GC(1) O: Unregister NMethod: io.sirix.access.trx.page.AbstractForwardingPageReadOnlyTrx.getResourceSession (0x00007a39d3c6e608) [0x00007a39d3c6e700, 0x00007a39d3c6ec38] 
[4,366s][debug][gc,nmethod     ] GC(1) O: Unregister NMethod: java.util.concurrent.locks.ReentrantLock$Sync.tryRelease (0x00007a39d39df388) [0x00007a39d39df480, 0x00007a39d39dff80] 
[4,366s][debug][gc,nmethod     ] GC(1) O: Unregister NMethod: org.gradle.internal.io.StreamByteBuffer$StreamByteBufferChunk.spaceLeft (0x00007a39d39e9888) [0x00007a39d39e9980, 0x00007a39d39e9a88] 
[4,366s][debug][gc,nmethod     ] GC(1) O: Unregister NMethod: io.sirix.axis.AbstractAxis.hasNext (0x00007a39f2e31488) [0x00007a39f2e31580, 0x00007a39f2e31c40] 
[4,366s][debug][gc,nmethod     ] GC(1) O: Unregister NMethod: java.util.concurrent.ForkJoinPool.slotOffset (0x00007a39d3861688) [0x00007a39d3861780, 0x00007a39d3861878] 
[4,366s][debug][gc,nmethod     ] GC(1) O: Unregister NMethod: it.unimi.dsi.fastutil.ints.Int2IntOpenHashMap.put (0x00007a39d3ff2108) [0x00007a39d3ff2200, 0x00007a39d3ff2468] 
[4,366s][debug][gc,nmethod     ] GC(1) O: Unregister NMethod: com.sun.org.apache.xerces.internal.util.NamespaceSupport.getURI (0x00007a39d3c5de88) [0x00007a39d3c5df80, 0x00007a39d3c5e270] 
[4,366s][debug][gc,nmethod     ] GC(1) O: Unregister NMethod: jdk.internal.misc.Unsafe.allocateMemory (0x00007a39d3b3a508) [0x00007a39d3b3a600, 0x00007a39d3b3b8b0] 
[4,366s][debug][gc,nmethod     ] GC(1) O: Unregister NMethod: io.sirix.node.xml.ElementNode.setHash (0x00007a39d3af5d08) [0x00007a39d3af5e00, 0x00007a39d3af9788] 
[4,366s][debug][gc,nmethod     ] GC(1) O: Unregister NMethod: io.sirix.node.NodeSerializerImpl.writeDeweyID (0x00007a39d3f1a908) [0x00007a39d3f1aa00, 0x00007a39d3f1ad20] 
[4,366s][debug][gc,nmethod     ] GC(1) O: Unregister NMethod: jdk.internal.classfile.impl.StackMapGenerator.processBlock (0x00007a39d3492b88) [0x00007a39d3492c80, 0x00007a39d34c1f48] 
[4,366s][debug][gc,nmethod     ] GC(1) O: Unregister NMethod: jdk.internal.ref.PhantomCleanable.<init> (0x00007a39d34dff88) [0x00007a39d34e0080, 0x00007a39d34e1270] 
[4,366s][debug][gc,nmethod     ] GC(1) O: Unregister NMethod: java.lang.AbstractStringBuilder.append (0x00007a39d3fb6208) [0x00007a39d3fb6300, 0x00007a39d3fb6f50] 
[4,366s][debug][gc,nmethod     ] GC(1) O: Unregister NMethod: java.lang.String.indexOf (0x00007a39d358f008) [0x00007a39d358f100, 0x00007a39d358fbb8] 
[4,366s][debug][gc,nmethod     ] GC(1) O: Unregister NMethod: java.lang.invoke.VarHandleGuards.guard_LJJ_V (0x00007a39d3abd188) [0x00007a39d3abd280, 0x00007a39d3ac1e50] 
[4,366s][debug][gc,nmethod     ] GC(1) O: Unregister NMethod: io.sirix.index.path.summary.PathSummaryWriter.getPathNodeKey (0x00007a39d418a088) [0x00007a39d418a180, 0x00007a39d418dfe0] 
[4,366s][debug][gc,nmethod     ] GC(1) O: Unregister NMethod: io.sirix.node.xml.TextNode.getKind (0x00007a39d3e32f88) [0x00007a39d3e33080, 0x00007a39d3e333a0] 
[4,366s][debug][gc,nmethod     ] GC(1) O: Unregister NMethod: io.sirix.access.trx.node.xml.ForwardingXmlNodeReadOnlyTrx.getNodeKey (0x00007a39d3b2fe88) [0x00007a39d3b2ff80, 0x00007a39d3b30578] 
[4,366s][debug][gc,nmethod     ] GC(1) O: Unregister NMethod: net.openhft.hashing.LongHashFunction.hashBytes (0x00007a39d3cbc288) [0x00007a39d3cbc380, 0x00007a39d3cbc4c8] 
[4,366s][debug][gc,nmethod     ] GC(1) O: Unregister NMethod: java.lang.String.encode (0x00007a39d3b4a408) [0x00007a39d3b4a500, 0x00007a39d3b4a838] 
[4,366s][debug][gc,nmethod     ] GC(1) O: Unregister NMethod: io.sirix.node.xml.ElementNode.getKind (0x00007a39d3e93508) [0x00007a39d3e93600, 0x00007a39d3e93708] 
[4,366s][debug][gc,nmethod     ] GC(1) O: Unregister NMethod: com.sun.org.apache.xerces.internal.impl.XMLNSDocumentScannerImpl.scanStartElement (0x00007a39f2d61e88) [0x00007a39f2d61f80, 0x00007a39f2d64610] 
[4,366s][debug][gc,nmethod     ] GC(1) O: Unregister NMethod: io.sirix.index.path.summary.PathSummaryReader.assertNotClosed (0x00007a39d3ac7d88) [0x00007a39d3ac7e80, 0x00007a39d3ac8088] 
[4,366s][debug][gc,nmethod     ] GC(1) O: Unregister NMethod: java.util.HashMap.computeIfAbsent (0x00007a39f2cf5e08) [0x00007a39f2cf5f20, 0x00007a39f2cf81c0] 
[4,366s][debug][gc,nmethod     ] GC(1) O: Unregister NMethod: java.lang.invoke.InvokerBytecodeGenerator.emitStoreResult (0x00007a39d39c2f88) [0x00007a39d39c3080, 0x00007a39d39c3738] 
[4,366s][debug][gc,nmethod     ] GC(1) O: Unregister NMethod: io.sirix.axis.filter.FilterAxis.nextKey (0x00007a39f2d3f988) [0x00007a39f2d3fa80, 0x00007a39f2d43a28] 
[4,366s][debug][gc,nmethod     ] GC(1) O: Unregister NMethod: io.sirix.page.PageKind$1.deserializePage (0x00007a39d42add88) [0x00007a39d42ade80, 0x00007a39d42b1e28] 
[4,366s][debug][gc,nmethod     ] GC(1) O: Unregister NMethod: jdk.internal.misc.ScopedMemoryAccess.copyMemory (0x00007a39d3466e08) [0x00007a39d3466f00, 0x00007a39d3468278] 
[4,366s][debug][gc,nmethod     ] GC(1) O: Unregister NMethod: com.sun.org.apache.xerces.internal.impl.XMLDocumentFragmentScannerImpl.seekCloseOfStartTag (0x00007a39d3c5e288) [0x00007a39d3c5e380, 0x00007a39d3c5f950] 
[4,366s][debug][gc,nmethod     ] GC(1) O: Unregister NMethod: it.unimi.dsi.fastutil.shorts.ShortArrayList$1.nextShort (0x00007a39d3ff4088) [0x00007a39d3ff4180, 0x00007a39d3ff44d8] 
[4,366s][debug][gc,nmethod     ] GC(1) O: Unregister NMethod: java.lang.String.<init> (0x00007a39d3419188) [0x00007a39d3419280, 0x00007a39d3419458] 
[4,366s][debug][gc,nmethod     ] GC(1) O: Unregister NMethod: java.lang.String.encode (0x00007a39f2d03e88) [0x00007a39f2d03f80, 0x00007a39f2d04158] 
[4,366s][debug][gc,nmethod     ] GC(1) O: Unregister NMethod: com.sun.org.apache.xerces.internal.parsers.AbstractXMLDocumentParser.emptyElement (0x00007a39d3d97208) [0x00007a39d3d97300, 0x00007a39d3d97818] 
[4,366s][debug][gc,nmethod     ] GC(1) O: Unregister NMethod: io.sirix.access.trx.page.NodePageReadOnlyTrx.getValue (0x00007a39d3aca108) [0x00007a39d3aca200, 0x00007a39d3acbd60] 
[4,366s][debug][gc,nmethod     ] GC(1) O: Unregister NMethod: jdk.internal.classfile.impl.StackMapGenerator$Frame.checkStack (0x00007a39d34f7f88) [0x00007a39d34f8080, 0x00007a39d34f8cc8] 
[4,366s][debug][gc,nmethod     ] GC(1) O: Unregister NMethod: io.sirix.page.KeyValueLeafPage.setData (0x00007a39f2da9588) [0x00007a39f2da9680, 0x00007a39f2dac178] 
[4,366s][debug][gc,nmethod     ] GC(1) O: Unregister NMethod: io.sirix.node.xml.AbstractStructForwardingNode.hasFirstChild (0x00007a39d4030c08) [0x00007a39d4030d00, 0x00007a39d40312a8] 
[4,366s][debug][gc,nmethod     ] GC(1) O: Unregister NMethod: io.sirix.node.MemorySegmentBytesOut.writeLong (0x00007a39f2cdd008) [0x00007a39f2cdd100, 0x00007a39f2cdd620] 
[4,366s][debug][gc,nmethod     ] GC(1) O: Unregister NMethod: net.openhft.hashing.Maths.unsignedLongMulXorFold (0x00007a39d3af9b08) [0x00007a39d3af9c00, 0x00007a39d3af9d38] 
[4,366s][debug][gc,nmethod     ] GC(1) O: Unregister NMethod: io.sirix.access.trx.page.NodePageReadOnlyTrx.getResourceSession (0x00007a39d3c5c988) [0x00007a39d3c5ca80, 0x00007a39d3c5cef0] 
[4,366s][debug][gc,nmethod     ] GC(1) O: Unregister NMethod: java.lang.ref.SoftReference.get (0x00007a39d340bd08) [0x00007a39d340be00, 0x00007a39d340bfc0] 
[4,366s][debug][gc,nmethod     ] GC(1) O: Unregister NMethod: sun.security.provider.SHA2.implCompress (0x00007a39d3e78b08) [0x00007a39d3e78c00, 0x00007a39d3e78e58] 
[4,366s][debug][gc,nmethod     ] GC(1) O: Unregister NMethod: jdk.internal.misc.Unsafe.weakCompareAndSetInt (0x00007a39d377f288) [0x00007a39d377f380, 0x00007a39d377f498] 
[4,366s][debug][gc,nmethod     ] GC(1) O: Unregister NMethod: jdk.internal.classfile.impl.AbstractPoolEntry$ClassEntryImpl.hashCode (0x00007a39d34f3e88) [0x00007a39d34f3f80, 0x00007a39d34f4e78] 
[4,366s][debug][gc,nmethod     ] GC(1) O: Unregister NMethod: java.lang.invoke.MethodType.hashCode (0x00007a39d341c508) [0x00007a39d341c600, 0x00007a39d341cc80] 
[4,366s][debug][gc,nmethod     ] GC(1) O: Unregister NMethod: java.nio.Buffer.<init> (0x00007a39d3806d08) [0x00007a39d3806e00, 0x00007a39d38087f8] 
[4,366s][debug][gc,nmethod     ] GC(1) O: Unregister NMethod: io.sirix.node.MemorySegmentBytesIn.readByte (0x00007a39d3fb9608) [0x00007a39d3fb9700, 0x00007a39d3fbd120] 
[4,366s][debug][gc,nmethod     ] GC(1) O: Unregister NMethod: com.sun.org.apache.xerces.internal.impl.XMLDocumentFragmentScannerImpl$FragmentContentDriver.next (0x00007a39f2d25608) [0x00007a39f2d25700, 0x00007a39f2d27398] 
[4,366s][debug][gc,nmethod     ] GC(1) O: Unregister NMethod: jdk.internal.foreign.ArenaImpl.allocate (0x00007a39d3b7c188) [0x00007a39d3b7c280, 0x00007a39d3b7c400] 
[4,366s][debug][gc,nmethod     ] GC(1) O: Unregister NMethod: io.sirix.access.trx.node.AbstractDeweyIDManager.newFirstChildID (0x00007a39d3cd5e88) [0x00007a39d3cd5f80, 0x00007a39d3cd8e60] 
[4,366s][debug][gc,nmethod     ] GC(1) O: Unregister NMethod: java.lang.ref.SoftReference.get (0x00007a39f2c90188) [0x00007a39f2c90280, 0x00007a39f2c903a0] 
[4,366s][debug][gc,nmethod     ] GC(1) O: Unregister NMethod: io.sirix.access.trx.node.xml.XmlNodeReadOnlyTrxImpl.getNode (0x00007a39d3b50208) [0x00007a39d3b50300, 0x00007a39d3b505f8] 
[4,366s][debug][gc,nmethod     ] GC(1) O: Unregister NMethod: java.util.stream.StreamOpFlag.fromCharacteristics (0x00007a39d37c3108) [0x00007a39d37c3200, 0x00007a39d37c3788] 
[4,366s][debug][gc,nmethod     ] GC(1) O: Unregister NMethod: io.sirix.access.trx.page.NodePageTrx.prepareRecordForModification (0x00007a39d4161908) [0x00007a39d4161a00, 0x00007a39d4163888] 
[4,366s][debug][gc,nmethod     ] GC(1) O: Unregister NMethod: io.sirix.page.KeyValueLeafPage.hasEnoughSpace (0x00007a39d3e06e88) [0x00007a39d3e06f80, 0x00007a39d3e07320] 
[4,366s][debug][gc,nmethod     ] GC(1) O: Unregister NMethod: java.util.HashMap.computeIfAbsent (0x00007a39d3530e08) [0x00007a39d3530f00, 0x00007a39d3533708] 
[4,366s][debug][gc,nmethod     ] GC(1) O: Unregister NMethod: io.sirix.access.trx.node.AbstractNodeReadOnlyTrx.moveTo (0x00007a39f2cde388) [0x00007a39f2cde480, 0x00007a39f2cdef68] 
[4,366s][debug][gc,nmethod     ] GC(1) O: Unregister NMethod: io.sirix.page.delegates.BitmapReferencesPage.index (0x00007a39d3b1c588) [0x00007a39d3b1c680, 0x00007a39d3b1cba0] 
[4,366s][debug][gc,nmethod     ] GC(1) O: Unregister NMethod: jdk.internal.foreign.NativeMemorySegmentImpl.dup (0x00007a39f2cb5488) [0x00007a39f2cb55a0, 0x00007a39f2cb56f0] 
[4,366s][debug][gc,nmethod     ] GC(1) O: Unregister NMethod: io.sirix.page.NamePage.setName (0x00007a39f2d4e088) [0x00007a39f2d4e180, 0x00007a39f2d4e450] 
[4,366s][debug][gc,nmethod     ] GC(1) O: Unregister NMethod: com.sun.org.apache.xerces.internal.impl.XMLEntityScanner.scanContent (0x00007a39d3dd4608) [0x00007a39d3dd4700, 0x00007a39d3dd5678] 
[4,366s][debug][gc,nmethod     ] GC(1) O: Unregister NMethod: com.sun.org.apache.xerces.internal.impl.XMLEntityScanner.scanLiteral (0x00007a39d3d40508) [0x00007a39d3d40600, 0x00007a39d3d41848] 
[4,366s][debug][gc,nmethod     ] GC(1) O: Unregister NMethod: io.sirix.query.node.SubtreeBuilder.startElement (0x00007a39f2d68208) [0x00007a39f2d68300, 0x00007a39f2d69998] 
[4,366s][debug][gc,nmethod     ] GC(1) O: Unregister NMethod: io.sirix.page.delegates.BitmapReferencesPage.getOrCreateReference (0x00007a39d414ae08) [0x00007a39d414af00, 0x00007a39d414b5a8] 
[4,366s][debug][gc,nmethod     ] GC(1) O: Unregister NMethod: com.sun.org.apache.xerces.internal.parsers.AbstractSAXParser.characters (0x00007a39f2d2a308) [0x00007a39f2d2a400, 0x00007a39f2d2abc0] 
[4,366s][debug][gc,nmethod     ] GC(1) O: Unregister NMethod: io.sirix.node.SirixDeweyID.getDivisionBits (0x00007a39d3e84e08) [0x00007a39d3e84f00, 0x00007a39d3e85498] 
[4,366s][debug][gc,nmethod     ] GC(1) O: Unregister NMethod: io.sirix.page.KeyValueLeafPage.getDeweyId (0x00007a39d3a36888) [0x00007a39d3a36980, 0x00007a39d3a3ba38] 
[4,366s][debug][gc,nmethod     ] GC(1) O: Unregister NMethod: io.sirix.page.delegates.BitmapReferencesPage.getOrCreateReference (0x00007a39f2d4bc88) [0x00007a39f2d4bd80, 0x00007a39f2d4c568] 
[4,366s][debug][gc,nmethod     ] GC(1) O: Unregister NMethod: io.sirix.access.trx.node.AbstractNodeReadOnlyTrx.getNodeKey (0x00007a39d3b31188) [0x00007a39d3b31280, 0x00007a39d3b318e8] 
[4,366s][debug][gc,nmethod     ] GC(1) O: Unregister NMethod: io.sirix.access.trx.node.AbstractNodeTrxImpl.getDeweyID (0x00007a39d3b26788) [0x00007a39d3b26880, 0x00007a39d3b273a8] 
[4,366s][debug][gc,nmethod     ] GC(1) O: Unregister NMethod: io.sirix.node.xml.ElementNode.hasRightSibling (0x00007a39f2dd0a08) [0x00007a39f2dd0b00, 0x00007a39f2dd0e78] 
[4,366s][debug][gc,nmethod     ] GC(1) O: Unregister NMethod: java.lang.AbstractStringBuilder.newCapacity (0x00007a39d3480688) [0x00007a39d3480780, 0x00007a39d3480b18] 
[4,366s][debug][gc,nmethod     ] GC(1) O: Unregister NMethod: io.sirix.settings.VersioningType$4.combineRecordPages (0x00007a39d428eb08) [0x00007a39d428ec00, 0x00007a39d4293860] 
[4,367s][debug][gc,nmethod     ] GC(1) O: Unregister NMethod: java.util.Arrays.copyOf (0x00007a39d3b37e88) [0x00007a39d3b37f80, 0x00007a39d3b38348] 
[4,367s][debug][gc,nmethod     ] GC(1) O: Unregister NMethod: io.sirix.node.GrowingMemorySegment.grow (0x00007a39d3e40588) [0x00007a39d3e40680, 0x00007a39d3e514c8] 
[4,367s][debug][gc,nmethod     ] GC(1) O: Unregister NMethod: java.util.ImmutableCollections$ListN.get (0x00007a39d340ba08) [0x00007a39d340bb00, 0x00007a39d340bc88] 
[4,367s][debug][gc,nmethod     ] GC(1) O: Unregister NMethod: io.sirix.access.trx.node.xml.XmlNodeTrxImpl.adaptForInsert (0x00007a39f2d12308) [0x00007a39f2d12400, 0x00007a39f2d178d0] 
[4,367s][debug][gc,nmethod     ] GC(1) O: Unregister NMethod: java.util.zip.Inflater.ensureOpen (0x00007a39d34c4a08) [0x00007a39d34c4b00, 0x00007a39d34c4d88] 
[4,367s][debug][gc,nmethod     ] GC(1) O: Unregister NMethod: io.sirix.page.PageReference.setResourceId (0x00007a39d407c308) [0x00007a39d407c400, 0x00007a39d407c510] 
[4,367s][debug][gc,nmethod     ] GC(1) O: Unregister NMethod: java.util.concurrent.ConcurrentLinkedDeque.offer (0x00007a39d3490508) [0x00007a39d3490600, 0x00007a39d3490798] 
[4,367s][debug][gc,nmethod     ] GC(1) O: Unregister NMethod: io.sirix.page.KeyValueLeafPage.setDeweyId (0x00007a39d3fe4688) [0x00007a39d3fe4780, 0x00007a39d3fe49d8] 
[4,367s][debug][gc,nmethod     ] GC(1) O: Unregister NMethod: io.sirix.node.AbstractForwardingNode.getDeweyID (0x00007a39d3edc808) [0x00007a39d3edc900, 0x00007a39d3edcd68] 
[4,367s][debug][gc,nmethod     ] GC(1) O: Unregister NMethod: io.sirix.access.trx.page.NodePageTrx.getPageContainer (0x00007a39f2cdf808) [0x00007a39f2cdf900, 0x00007a39f2cdfd98] 
[4,367s][debug][gc,nmethod     ] GC(1) O: Unregister NMethod: java.lang.invoke.VarHandle.checkAccessModeThenIsDirect (0x00007a39d3588588) [0x00007a39d3588680, 0x00007a39d3589828] 
[4,367s][debug][gc,nmethod     ] GC(1) O: Unregister NMethod: jdk.internal.classfile.impl.BufWriterImpl.writeU1 (0x00007a39d34f7a08) [0x00007a39d34f7b00, 0x00007a39d34f7f48] 
[4,367s][debug][gc,nmethod     ] GC(1) O: Unregister NMethod: io.sirix.node.MemorySegmentBytesIn.read (0x00007a39d3fe3888) [0x00007a39d3fe3980, 0x00007a39d3fe3ad8] 
[4,367s][debug][gc,nmethod     ] GC(1) O: Unregister NMethod: io.sirix.node.xml.ElementNode.hasRightSibling (0x00007a39d40ded88) [0x00007a39d40dee80, 0x00007a39d40e42b8] 
[4,367s][debug][gc,nmethod     ] GC(1) O: Unregister NMethod: io.sirix.index.name.Names.setName (0x00007a39f2d5d488) [0x00007a39f2d5d580, 0x00007a39f2d5fb08] 
[4,367s][debug][gc,nmethod     ] GC(1) O: Unregister NMethod: java.util.jar.JarFile.maybeInstantiateVerifier (0x00007a39d34dd908) [0x00007a39d34dda00, 0x00007a39d34dded0] 
[4,367s][debug][gc,nmethod     ] GC(1) O: Unregister NMethod: io.sirix.access.trx.page.NodePageTrx.prepareRecordForModification (0x00007a39d3adff88) [0x00007a39d3ae0080, 0x00007a39d3ae1f08] 
[4,367s][debug][gc,nmethod     ] GC(1) O: Unregister NMethod: io.sirix.access.trx.node.AbstractNodeReadOnlyTrx.moveToParent (0x00007a39d40d9d88) [0x00007a39d40d9e80, 0x00007a39d40da6e0] 
[4,367s][debug][gc,nmethod     ] GC(1) O: Unregister NMethod: jdk.internal.foreign.AbstractMemorySegmentImpl.asSlice (0x00007a39f2bf9f88) [0x00007a39f2bfa080, 0x00007a39f2bfa268] 
[4,367s][debug][gc,nmethod     ] GC(1) O: Unregister NMethod: java.lang.invoke.InvokerBytecodeGenerator.emitReferenceCast (0x00007a39d3476388) [0x00007a39d3476480, 0x00007a39d34797d0] 
[4,367s][debug][gc,nmethod     ] GC(1) O: Unregister NMethod: java.util.concurrent.locks.ReentrantLock.unlock (0x00007a39d3743f08) [0x00007a39d3744000, 0x00007a39d3744618] 
[4,367s][debug][gc,nmethod     ] GC(1) O: Unregister NMethod: io.sirix.node.xml.ElementNode.setDescendantCount (0x00007a39d3b07e08) [0x00007a39d3b07f00, 0x00007a39d3b0b890] 
[4,367s][debug][gc,nmethod     ] GC(1) O: Unregister NMethod: io.sirix.index.path.summary.PathSummaryReader.putMapping (0x00007a39d4164808) [0x00007a39d4164900, 0x00007a39d4165338] 
[4,367s][debug][gc,nmethod     ] GC(1) O: Unregister NMethod: java.util.ArrayList.grow (0x00007a39d367cd08) [0x00007a39d367ce00, 0x00007a39d367d650] 
[4,367s][debug][gc,nmethod     ] GC(1) O: Unregister NMethod: io.brackit.query.sequence.BaseIter.<init> (0x00007a39d40d7a08) [0x00007a39d40d7b00, 0x00007a39d40d7c58] 
[4,367s][debug][gc,nmethod     ] GC(1) O: Unregister NMethod: java.util.concurrent.ConcurrentHashMap.replaceNode (0x00007a39d3f9ab08) [0x00007a39d3f9ac00, 0x00007a39d3f9cf88] 
[4,367s][debug][gc,nmethod     ] GC(1) O: Unregister NMethod: java.lang.Long.hashCode (0x00007a39d351fb88) [0x00007a39d351fc80, 0x00007a39d351fd70] 
[4,367s][debug][gc,nmethod     ] GC(1) O: Unregister NMethod: io.sirix.node.xml.ElementNode.getKind (0x00007a39d3accb08) [0x00007a39d3accc00, 0x00007a39d3accd08] 
[4,367s][debug][gc,nmethod     ] GC(1) O: Unregister NMethod: jdk.internal.foreign.ConfinedSession$ConfinedResourceList.add (0x00007a39d3e06888) [0x00007a39d3e06980, 0x00007a39d3e06e28] 
[4,367s][debug][gc,nmethod     ] GC(1) O: Unregister NMethod: java.util.BitSet.and (0x00007a39d3b1c008) [0x00007a39d3b1c100, 0x00007a39d3b1c550] 
[4,367s][debug][gc,nmethod     ] GC(1) O: Unregister NMethod: io.sirix.access.trx.page.NodePageTrx.getMostRecentPageContainer (0x00007a39f2cd9b08) [0x00007a39f2cd9c00, 0x00007a39f2cda018] 
[4,367s][debug][gc,nmethod     ] GC(1) O: Unregister NMethod: jdk.internal.classfile.impl.SplitConstantPool.utf8Entry (0x00007a39d34e8c88) [0x00007a39d34e8d80, 0x00007a39d34e9078] 
[4,367s][debug][gc,nmethod     ] GC(1) O: Unregister NMethod: io.sirix.node.xml.TextNode.hasRightSibling (0x00007a39f2d08e88) [0x00007a39f2d08f80, 0x00007a39f2d093d8] 
[4,367s][debug][gc,nmethod     ] GC(1) O: Unregister NMethod: io.sirix.node.json.JsonNodeSerializer.writeEndPadding (0x00007a39d3e17f88) [0x00007a39d3e18080, 0x00007a39d3e18320] 
[4,367s][debug][gc,nmethod     ] GC(1) O: Unregister NMethod: java.util.ArrayList.getFirst (0x00007a39d3b23e08) [0x00007a39d3b23f00, 0x00007a39d3b24200] 
[4,367s][debug][gc,nmethod     ] GC(1) O: Unregister NMethod: java.util.concurrent.ForkJoinPool.deactivate (0x00007a39d3f93508) [0x00007a39d3f93600, 0x00007a39d3f940a8] 
[4,367s][debug][gc,nmethod     ] GC(1) O: Unregister NMethod: java.lang.invoke.TypeConvertingMethodAdapter.convertType (0x00007a39d3770a08) [0x00007a39d3770b00, 0x00007a39d3778fe8] 
[4,367s][debug][gc,nmethod     ] GC(1) O: Unregister NMethod: io.sirix.access.trx.page.NodePageTrx.createNameKey (0x00007a39f2d4e488) [0x00007a39f2d4e580, 0x00007a39f2d4eef0] 
[4,367s][debug][gc,nmethod     ] GC(1) O: Unregister NMethod: java.lang.Thread.interrupted (0x00007a39d35f2608) [0x00007a39d35f2700, 0x00007a39d35f2ac8] 
[4,367s][debug][gc,nmethod     ] GC(1) O: Unregister NMethod: java.util.concurrent.ConcurrentHashMap.addCount (0x00007a39d344ef08) [0x00007a39d344f000, 0x00007a39d344fd58] 
[4,367s][debug][gc,nmethod     ] GC(1) O: Unregister NMethod: jdk.internal.util.ArraysSupport.hashCode (0x00007a39d3758508) [0x00007a39d3758600, 0x00007a39d3758ab0] 
[4,367s][debug][gc,nmethod     ] GC(1) O: Unregister NMethod: io.sirix.node.GrowingMemorySegment.<init> (0x00007a39d3e04508) [0x00007a39d3e04600, 0x00007a39d3e04a78] 
[4,367s][debug][gc,nmethod     ] GC(1) O: Unregister NMethod: io.sirix.access.trx.page.NodePageReadOnlyTrx.loadPage (0x00007a39d3febe08) [0x00007a39d3febf00, 0x00007a39d3fedd70] 
[4,367s][debug][gc,nmethod     ] GC(1) O: Unregister NMethod: io.sirix.axis.filter.FilterAxis.<init> (0x00007a39d40d3f08) [0x00007a39d40d4000, 0x00007a39d40d6b88] 
[4,367s][debug][gc,nmethod     ] GC(1) O: Unregister NMethod: java.util.concurrent.locks.AbstractQueuedSynchronizer.signalNext (0x00007a39d3a84988) [0x00007a39d3a84a80, 0x00007a39d3a85cf8] 
[4,367s][debug][gc,nmethod     ] GC(1) O: Unregister NMethod: jdk.internal.classfile.impl.StackMapGenerator.of (0x00007a39d3715188) [0x00007a39d3715280, 0x00007a39d37167f0] 
[4,367s][debug][gc,nmethod     ] GC(1) O: Unregister NMethod: io.sirix.page.NamePage.getName (0x00007a39f2f02a08) [0x00007a39f2f02b00, 0x00007a39f2f05378] 
[4,367s][debug][gc,nmethod     ] GC(1) O: Unregister NMethod: io.sirix.api.PageReadOnlyTrx.recordPageOffset (0x00007a39d3abc588) [0x00007a39d3abc680, 0x00007a39d3abc778] 
[4,367s][debug][gc,nmethod     ] GC(1) O: Unregister NMethod: it.unimi.dsi.fastutil.ints.Int2ObjectOpenHashMap.get (0x00007a39d3c47088) [0x00007a39d3c47180, 0x00007a39d3c477f0] 
[4,367s][debug][gc,nmethod     ] GC(1) O: Unregister NMethod: jdk.internal.foreign.AbstractMemorySegmentImpl.asSlice (0x00007a39d3b99988) [0x00007a39d3b99a80, 0x00007a39d3b99ec0] 
[4,367s][debug][gc,nmethod     ] GC(1) O: Unregister NMethod: java.util.ArrayList.iterator (0x00007a39d35c0888) [0x00007a39d35c0980, 0x00007a39d35c0c80] 
[4,367s][debug][gc,nmethod     ] GC(1) O: Unregister NMethod: jdk.internal.foreign.layout.ValueLayouts$AbstractValueLayout.<init> (0x00007a39d3f2f988) [0x00007a39d3f2fa80, 0x00007a39d3f2ffe8] 
[4,367s][debug][gc,nmethod     ] GC(1) O: Unregister NMethod: com.sun.org.apache.xerces.internal.parsers.AbstractSAXParser.startNamespaceMapping (0x00007a39d3c91388) [0x00007a39d3c91480, 0x00007a39d3c91c98] 
[4,367s][debug][gc,nmethod     ] GC(1) O: Unregister NMethod: java.util.concurrent.locks.ReentrantLock.lock (0x00007a39d3ac8888) [0x00007a39d3ac8980, 0x00007a39d3ac9150] 
[4,367s][debug][gc,nmethod     ] GC(1) O: Unregister NMethod: java.util.HashMap.computeIfAbsent (0x00007a39d3da4808) [0x00007a39d3da4900, 0x00007a39d3da7108] 
[4,367s][debug][gc,nmethod     ] GC(1) O: Unregister NMethod: java.util.Arrays.hashCode (0x00007a39d3758208) [0x00007a39d3758300, 0x00007a39d3758480] 
[4,367s][debug][gc,nmethod     ] GC(1) O: Unregister NMethod: jdk.internal.access.SharedSecrets.getJavaLangAccess (0x00007a39d3618408) [0x00007a39d3618500, 0x00007a39d3618628] 
[4,367s][debug][gc,nmethod     ] GC(1) O: Unregister NMethod: net.openhft.hashing.XXH3.XXH3_mix16B (0x00007a39d3afdb08) [0x00007a39d3afdc00, 0x00007a39d3aff590] 
[4,367s][debug][gc,nmethod     ] GC(1) O: Unregister NMethod: io.sirix.node.xml.AbstractStructForwardingNode.hasFirstChild (0x00007a39f2d52308) [0x00007a39f2d52400, 0x00007a39f2d52518] 
[4,367s][debug][gc,nmethod     ] GC(1) O: Unregister NMethod: com.sun.org.apache.xerces.internal.impl.XMLDocumentFragmentScannerImpl$FragmentContentDriver.next (0x00007a39d417c488) [0x00007a39d417c580, 0x00007a39d418a040] 
[4,367s][debug][gc,nmethod     ] GC(1) O: Unregister NMethod: io.sirix.page.PageKind$1.serializePage (0x00007a39f2dfbb08) [0x00007a39f2dfbc00, 0x00007a39f2e02c20] 
[4,367s][debug][gc,nmethod     ] GC(1) O: Unregister NMethod: java.lang.invoke.MethodType.makeImpl (0x00007a39d345b208) [0x00007a39d345b300, 0x00007a39d345dab0] 
[4,367s][debug][gc,nmethod     ] GC(1) O: Unregister NMethod: io.sirix.access.trx.node.xml.XmlNodeFactoryImpl.createElementNode (0x00007a39d3ca4e08) [0x00007a39d3ca4f00, 0x00007a39d3ca9760] 
[4,367s][debug][gc,nmethod     ] GC(1) O: Unregister NMethod: io.sirix.access.trx.node.AbstractNodeReadOnlyTrx.getRightSiblingKey (0x00007a39d40dc788) [0x00007a39d40dc880, 0x00007a39d40dd0a0] 
[4,367s][debug][gc,nmethod     ] GC(1) O: Unregister NMethod: io.sirix.access.trx.node.xml.XmlNodeFactoryImpl.createPathNode (0x00007a39d3dc1e88) [0x00007a39d3dc1f80, 0x00007a39d3dc50f8] 
[4,367s][debug][gc,nmethod     ] GC(1) O: Unregister NMethod: io.sirix.access.trx.page.NodePageTrx.prepareRecordForModification (0x00007a39d3cdc488) [0x00007a39d3cdc580, 0x00007a39d3cde408] 
[4,367s][debug][gc,nmethod     ] GC(1) O: Unregister NMethod: io.sirix.axis.filter.PathNameFilter.<init> (0x00007a39d3c6b608) [0x00007a39d3c6b700, 0x00007a39d3c6d388] 
[4,367s][debug][gc,nmethod     ] GC(1) O: Unregister NMethod: java.lang.StringUTF16.compress (0x00007a39f2c9c108) [0x00007a39f2c9c2c0, 0x00007a39f2c9c718] 
[4,367s][debug][gc,nmethod     ] GC(1) O: Unregister NMethod: io.sirix.node.xml.TextNode.setRightSiblingKey (0x00007a39d3ccf388) [0x00007a39d3ccf480, 0x00007a39d3cd45a8] 
[4,367s][debug][gc,nmethod     ] GC(1) O: Unregister NMethod: java.lang.String.<init> (0x00007a39f2c84808) [0x00007a39f2c84900, 0x00007a39f2c84d38] 
[4,367s][debug][gc,nmethod     ] GC(1) O: Unregister NMethod: io.sirix.node.GrowingMemorySegment.toByteArray (0x00007a39d3c81d08) [0x00007a39d3c81e00, 0x00007a39d3c88918] 
[4,367s][debug][gc,nmethod     ] GC(1) O: Unregister NMethod: java.util.HashMap$HashIterator.hasNext (0x00007a39d342fd08) [0x00007a39d342fe00, 0x00007a39d342ff80] 
[4,367s][debug][gc,nmethod     ] GC(1) O: Unregister NMethod: io.sirix.index.path.summary.PathSummaryReader.moveTo (0x00007a39f2e31c88) [0x00007a39f2e31d80, 0x00007a39f2e32748] 
[4,367s][debug][gc,nmethod     ] GC(1) O: Unregister NMethod: jdk.internal.util.DecimalDigits.uncheckedPutCharLatin1 (0x00007a39d38ac708) [0x00007a39d38ac800, 0x00007a39d38ac900] 
[4,367s][debug][gc,nmethod     ] GC(1) O: Unregister NMethod: io.sirix.page.KeyValueLeafPage.isSlotSet (0x00007a39d34d2c08) [0x00007a39d34d2d00, 0x00007a39d34d2ea8] 
[4,367s][debug][gc,nmethod     ] GC(1) O: Unregister NMethod: java.util.stream.StreamSupport.stream (0x00007a39d37c2608) [0x00007a39d37c2700, 0x00007a39d37c2af0] 
[4,367s][debug][gc,nmethod     ] GC(1) O: Unregister NMethod: java.io.UnixFileSystem.resolve (0x00007a39d36ea188) [0x00007a39d36ea280, 0x00007a39d36ed710] 
[4,367s][debug][gc,nmethod     ] GC(1) O: Unregister NMethod: io.sirix.node.xml.ElementNode.setChildCount (0x00007a39d3bb5008) [0x00007a39d3bb5100, 0x00007a39d3bb8c20] 
[4,367s][debug][gc,nmethod     ] GC(1) O: Unregister NMethod: net.openhft.hashing.XXH3.XXH3_mix2Accs (0x00007a39d3d3e308) [0x00007a39d3d3e400, 0x00007a39d3d3f500] 
[4,367s][debug][gc,nmethod     ] GC(1) O: Unregister NMethod: io.sirix.index.name.Names.setName (0x00007a39d3c47c88) [0x00007a39d3c47d80, 0x00007a39d3c4a028] 
[4,367s][debug][gc,nmethod     ] GC(1) O: Unregister NMethod: java.util.concurrent.atomic.AtomicInteger.incrementAndGet (0x00007a39d3f97e08) [0x00007a39d3f97f00, 0x00007a39d3f98010] 
[4,367s][debug][gc,nmethod     ] GC(1) O: Unregister NMethod: java.lang.Math.max (0x00007a39d34fb508) [0x00007a39d34fb600, 0x00007a39d34fb728] 
[4,367s][debug][gc,nmethod     ] GC(1) O: Unregister NMethod: java.util.stream.ReduceOps$3ReducingSink.begin (0x00007a39d37ddc08) [0x00007a39d37ddd00, 0x00007a39d37de0c0] 
[4,367s][debug][gc,nmethod     ] GC(1) O: Unregister NMethod: io.sirix.node.delegates.NameNodeDelegate.<init> (0x00007a39d3db9508) [0x00007a39d3db9600, 0x00007a39d3db99b0] 
[4,367s][debug][gc,nmethod     ] GC(1) O: Unregister NMethod: jdk.internal.classfile.impl.DirectCodeBuilder.parameterSlot (0x00007a39d3854388) [0x00007a39d3854480, 0x00007a39d3854638] 
[4,367s][debug][gc,nmethod     ] GC(1) O: Unregister NMethod: io.brackit.query.node.parser.SAX2SubtreeHandlerAdapter$TrimmingStringBuilder.toString (0x00007a39d3c2fb08) [0x00007a39d3c2fc00, 0x00007a39d3c2fde0] 
[4,367s][debug][gc,nmethod     ] GC(1) O: Unregister NMethod: io.sirix.access.trx.node.xml.XmlNodeReadOnlyTrxImpl.getLocalNameKey (0x00007a39d40e8908) [0x00007a39d40e8a00, 0x00007a39d40e98e0] 
[4,367s][debug][gc,nmethod     ] GC(1) O: Unregister NMethod: io.sirix.axis.filter.FilterAxis.reset (0x00007a39d3c6a808) [0x00007a39d3c6a900, 0x00007a39d3c6ad50] 
[4,367s][debug][gc,nmethod     ] GC(1) O: Unregister NMethod: java.util.stream.ReduceOps$3.getOpFlags (0x00007a39d37d9588) [0x00007a39d37d9680, 0x00007a39d37d9ac0] 
[4,367s][debug][gc,nmethod     ] GC(1) O: Unregister NMethod: io.sirix.index.path.summary.PathNode.getKind (0x00007a39d3f1a188) [0x00007a39d3f1a280, 0x00007a39d3f1a388] 
[4,367s][debug][gc,nmethod     ] GC(1) O: Unregister NMethod: jdk.internal.misc.Unsafe.putLongUnaligned (0x00007a39f2cabd88) [0x00007a39f2cabe80, 0x00007a39f2cabf40] 
[4,367s][debug][gc,nmethod     ] GC(1) O: Unregister NMethod: io.sirix.node.xml.TextNode.getParentKey (0x00007a39d3af0b88) [0x00007a39d3af0c80, 0x00007a39d3af5c68] 
[4,367s][debug][gc,nmethod     ] GC(1) O: Unregister NMethod: java.lang.invoke.VarHandleGuards.guard_LLL_Z (0x00007a39d3850588) [0x00007a39d3850680, 0x00007a39d3853580] 
[4,367s][debug][gc,nmethod     ] GC(1) O: Unregister NMethod: java.nio.HeapByteBuffer.putLong (0x00007a39d41ba408) [0x00007a39d41ba500, 0x00007a39d41bc010] 
[4,367s][debug][gc,nmethod     ] GC(1) O: Unregister NMethod: org.magicwerk.brownies.collections.GapList.doGet (0x00007a39d4148708) [0x00007a39d4148800, 0x00007a39d4148b38] 
[4,367s][debug][gc,nmethod     ] GC(1) O: Unregister NMethod: io.sirix.query.node.SubtreeBuilder.startElement (0x00007a39d419df88) [0x00007a39d419e080, 0x00007a39d41a0888] 
[4,367s][debug][gc,nmethod     ] GC(1) O: Unregister NMethod: java.nio.Buffer.limit (0x00007a39d3791c88) [0x00007a39d3791d80, 0x00007a39d3791ff0] 
[4,367s][debug][gc,nmethod     ] GC(1) O: Unregister NMethod: jdk.internal.foreign.AbstractMemorySegmentImpl.asSliceNoCheck (0x00007a39f2c9f588) [0x00007a39f2c9f680, 0x00007a39f2c9f7f8] 
[4,367s][debug][gc,nmethod     ] GC(1) O: Unregister NMethod: io.sirix.access.trx.node.xml.XmlNodeTrxImpl.insertAttribute (0x00007a39d3d6ea08) [0x00007a39d3d6eb00, 0x00007a39d3d7ebf0] 
[4,367s][debug][gc,nmethod     ] GC(1) O: Unregister NMethod: io.sirix.index.path.summary.PathSummaryReader.hasRightSibling (0x00007a39d3c1ca08) [0x00007a39d3c1cb00, 0x00007a39d3c1d298] 
[4,367s][debug][gc,nmethod     ] GC(1) O: Unregister NMethod: io.sirix.index.path.summary.PathSummaryReader.getNodeKey (0x00007a39d4157808) [0x00007a39d4157900, 0x00007a39d4157db0] 
[4,367s][debug][gc,nmethod     ] GC(1) O: Unregister NMethod: io.sirix.node.json.JsonNodeSerializer.updateSizePrefix (0x00007a39d3e93108) [0x00007a39d3e93200, 0x00007a39d3e934a0] 
[4,367s][debug][gc,nmethod     ] GC(1) O: Unregister NMethod: io.sirix.page.KeyValueLeafPage.addReferences (0x00007a39d4140f08) [0x00007a39d4141000, 0x00007a39d4142120] 
[4,367s][debug][gc,nmethod     ] GC(1) O: Unregister NMethod: io.sirix.axis.filter.PathKindFilter.filter (0x00007a39d3cb3d88) [0x00007a39d3cb3e80, 0x00007a39d3cb4e18] 
[4,368s][debug][gc,nmethod     ] GC(1) O: Unregister NMethod: net.openhft.hashing.XXH3$AsLongHashFunction.hash (0x00007a39d3b9d108) [0x00007a39d3b9d200, 0x00007a39d3b9da50] 
[4,367s][debug][gc,nmethod     ] GC(1) O: Unregister NMethod: sun.nio.cs.UTF_8$Decoder.decodeArrayLoop (0x00007a39d3ddcc88) [0x00007a39d3ddcd80, 0x00007a39d3de6c70] 
[4,368s][debug][gc,nmethod     ] GC(1) O: Unregister NMethod: io.sirix.query.node.SubtreeBuilder.attribute (0x00007a39d3d95a08) [0x00007a39d3d95b00, 0x00007a39d3d96d00] 
[4,368s][debug][gc,nmethod     ] GC(1) O: Unregister NMethod: java.lang.Long.numberOfTrailingZeros (0x00007a39d3fe3588) [0x00007a39d3fe3680, 0x00007a39d3fe3828] 
[4,368s][debug][gc,nmethod     ] GC(1) O: Unregister NMethod: java.lang.invoke.VarHandleSegmentAsInts.set (0x00007a39d3ab0308) [0x00007a39d3ab0400, 0x00007a39d3ab59d0] 
[4,368s][debug][gc,nmethod     ] GC(1) O: Unregister NMethod: sun.security.provider.SHA2.implCompress0 (0x00007a39d3e51808) [0x00007a39d3e51900, 0x00007a39d3e52170] 
[4,368s][debug][gc,nmethod     ] GC(1) O: Unregister NMethod: com.sun.org.apache.xerces.internal.impl.XMLNSDocumentScannerImpl.next (0x00007a39d3da7788) [0x00007a39d3da7880, 0x00007a39d3da7d50] 
[4,368s][debug][gc,nmethod     ] GC(1) O: Unregister NMethod: io.sirix.access.trx.node.AbstractNodeReadOnlyTrx.moveTo (0x00007a39d3ade308) [0x00007a39d3ade400, 0x00007a39d3adff78] 
[4,368s][debug][gc,nmethod     ] GC(1) O: Unregister NMethod: io.sirix.utils.XMLToken.ncName (0x00007a39d3dcec88) [0x00007a39d3dced80, 0x00007a39d3dcf1d8] 
[4,368s][debug][gc,nmethod     ] GC(1) O: Unregister NMethod: io.brackit.query.node.parser.SAX2SubtreeHandlerAdapter.characters (0x00007a39f2d29b08) [0x00007a39f2d29c00, 0x00007a39f2d2a2b0] 
[4,368s][debug][gc,nmethod     ] GC(1) O: Unregister NMethod: io.brackit.query.node.parser.SAX2SubtreeHandlerAdapter.startElement (0x00007a39d3c8eb88) [0x00007a39d3c8ec80, 0x00007a39d3c90978] 
[4,368s][debug][gc,nmethod     ] GC(1) O: Unregister NMethod: io.sirix.cache.IndexLogKey.equals (0x00007a39f2cef588) [0x00007a39f2cef680, 0x00007a39f2cef828] 
[4,368s][debug][gc,nmethod     ] GC(1) O: Unregister NMethod: io.sirix.access.trx.page.NodePageTrx.createNameKey (0x00007a39d419c408) [0x00007a39d419c500, 0x00007a39d419df38] 
[4,368s][debug][gc,nmethod     ] GC(1) O: Unregister NMethod: java.util.LinkedHashMap.get (0x00007a39d3856308) [0x00007a39d3856400, 0x00007a39d38569c0] 
[4,368s][debug][gc,nmethod     ] GC(1) O: Unregister NMethod: java.nio.Buffer$2.newDirectByteBuffer (0x00007a39d3bf9388) [0x00007a39d3bf9480, 0x00007a39d3bf9630] 
[4,368s][debug][gc,nmethod     ] GC(1) O: Unregister NMethod: jdk.internal.foreign.ArenaImpl.allocate (0x00007a39d3e05988) [0x00007a39d3e05a80, 0x00007a39d3e05d78] 
[4,368s][debug][gc,nmethod     ] GC(1) O: Unregister NMethod: io.sirix.node.NodeKind$2.serialize (0x00007a39d3e88d08) [0x00007a39d3e88e00, 0x00007a39d3e8e378] 
[4,368s][debug][gc,nmethod     ] GC(1) O: Unregister NMethod: io.brackit.query.atomic.AbstractAtomic.atomicCmp (0x00007a39d3d42b08) [0x00007a39d3d42c00, 0x00007a39d3d43430] 
[4,368s][debug][gc,nmethod     ] GC(1) O: Unregister NMethod: jdk.internal.misc.VM.isDirectMemoryPageAligned (0x00007a39d3b3a108) [0x00007a39d3b3a200, 0x00007a39d3b3a4e0] 
[4,368s][debug][gc,nmethod     ] GC(1) O: Unregister NMethod: sun.security.provider.DigestBase.engineUpdate (0x00007a39d41bdc88) [0x00007a39d41bdd80, 0x00007a39d41bef60] 
[4,368s][debug][gc,nmethod     ] GC(1) O: Unregister NMethod: io.sirix.page.KeyValueLeafPage.setData (0x00007a39d3ff5308) [0x00007a39d3ff5400, 0x00007a39d401a740] 
[4,368s][debug][gc,nmethod     ] GC(1) O: Unregister NMethod: com.sun.org.apache.xerces.internal.util.NamespaceSupport.pushContext (0x00007a39d3c81888) [0x00007a39d3c81980, 0x00007a39d3c81cf0] 
[4,368s][debug][gc,nmethod     ] GC(1) O: Unregister NMethod: io.sirix.node.xml.ElementNode.getLeftSiblingKey (0x00007a39d3b4b088) [0x00007a39d3b4b180, 0x00007a39d3b50170] 
[4,368s][debug][gc,nmethod     ] GC(1) O: Unregister NMethod: io.sirix.node.BytesOut.asBytesIn (0x00007a39d3b91188) [0x00007a39d3b91280, 0x00007a39d3b91f28] 
[4,368s][debug][gc,nmethod     ] GC(1) O: Unregister NMethod: io.sirix.access.trx.node.AbstractNodeTrxImpl.intermediateCommitIfRequired (0x00007a39d3b97888) [0x00007a39d3b97980, 0x00007a39d3b986f8] 
[4,368s][debug][gc,nmethod     ] GC(1) O: Unregister NMethod: net.jpountz.lz4.LZ4BlockOutputStream.writeIntLE (0x00007a39d3f69d88) [0x00007a39d3f69e80, 0x00007a39d3f6a008] 
[4,368s][debug][gc,nmethod     ] GC(1) O: Unregister NMethod: com.sun.org.apache.xerces.internal.impl.XMLEntityScanner.skipSpaces (0x00007a39d3baea88) [0x00007a39d3baeb80, 0x00007a39d3bafe20] 
[4,368s][debug][gc,nmethod     ] GC(1) O: Unregister NMethod: com.sun.org.apache.xerces.internal.impl.XMLEntityScanner.peekChar (0x00007a39f2cfb788) [0x00007a39f2cfb880, 0x00007a39f2cfba38] 
[4,368s][debug][gc,nmethod     ] GC(1) O: Unregister NMethod: io.sirix.axis.filter.xml.ElementFilter.filter (0x00007a39d40dae08) [0x00007a39d40daf00, 0x00007a39d40db680] 
[4,368s][debug][gc,nmethod     ] GC(1) O: Unregister NMethod: java.lang.String.<init> (0x00007a39d3400008) [0x00007a39d3400100, 0x00007a39d3400440] 
[4,368s][debug][gc,nmethod     ] GC(1) O: Unregister NMethod: io.sirix.page.delegates.BitmapReferencesPage.index (0x00007a39f2d47a88) [0x00007a39f2d47b80, 0x00007a39f2d48118] 
[4,368s][debug][gc,nmethod     ] GC(1) O: Unregister NMethod: io.sirix.service.xml.shredder.AbstractShredder.processStartTag (0x00007a39f2d67308) [0x00007a39f2d67400, 0x00007a39f2d681c8] 
[4,368s][debug][gc,nmethod     ] GC(1) O: Unregister NMethod: io.sirix.query.node.SubtreeBuilder.startElement (0x00007a39d3c92c08) [0x00007a39d3c92d00, 0x00007a39d3c95508] 
[4,368s][debug][gc,nmethod     ] GC(1) O: Unregister NMethod: java.util.ArrayList.isEmpty (0x00007a39d3516388) [0x00007a39d3516480, 0x00007a39d35165d0] 
[4,368s][debug][gc,nmethod     ] GC(1) O: Unregister NMethod: java.lang.AbstractStringBuilder.ensureCapacityNewCoder (0x00007a39d3474d88) [0x00007a39d3474e80, 0x00007a39d3475190] 
[4,368s][debug][gc,nmethod     ] GC(1) O: Unregister NMethod: com.sun.org.apache.xerces.internal.util.XMLChar.isValid (0x00007a39d39e2888) [0x00007a39d39e2980, 0x00007a39d39e2b68] 
[4,368s][debug][gc,nmethod     ] GC(1) O: Unregister NMethod: java.lang.Class.reflectionData (0x00007a39d35b5408) [0x00007a39d35b5500, 0x00007a39d35b5b58] 
[4,368s][debug][gc,nmethod     ] GC(1) O: Unregister NMethod: org.magicwerk.brownies.collections.GapList.get (0x00007a39d3affd88) [0x00007a39d3affe80, 0x00007a39d3b01878] 
[4,368s][debug][gc,nmethod     ] GC(1) O: Unregister NMethod: io.sirix.query.node.SubtreeProcessor.notifyStartElement (0x00007a39d3cbcd08) [0x00007a39d3cbce00, 0x00007a39d3cbd860] 
[4,368s][debug][gc,nmethod     ] GC(1) O: Unregister NMethod: com.sun.org.apache.xerces.internal.impl.XMLDocumentFragmentScannerImpl$ElementStack.popElement (0x00007a39d3c8e708) [0x00007a39d3c8e800, 0x00007a39d3c8eb50] 
[4,368s][debug][gc,nmethod     ] GC(1) O: Unregister NMethod: jdk.internal.foreign.HeapMemorySegmentImpl$OfByte.unsafeGetBase (0x00007a39d3e80c08) [0x00007a39d3e80d00, 0x00007a39d3e80f08] 
[4,368s][debug][gc,nmethod     ] GC(1) O: Unregister NMethod: java.lang.Math.min (0x00007a39d3565188) [0x00007a39d3565280, 0x00007a39d35653a8] 
[4,368s][debug][gc,nmethod     ] GC(1) O: Unregister NMethod: org.gradle.internal.io.LineBufferingOutputStream.write (0x00007a39d39eae08) [0x00007a39d39eaf00, 0x00007a39d39ec6e8] 
[4,368s][debug][gc,nmethod     ] GC(1) O: Unregister NMethod: io.sirix.access.trx.page.NodePageTrx.prepareRecordPage (0x00007a39d415ee08) [0x00007a39d415ef00, 0x00007a39d41614a8] 
[4,368s][debug][gc,nmethod     ] GC(1) O: Unregister NMethod: jdk.internal.foreign.HeapMemorySegmentImpl$OfByte.maxAlignMask (0x00007a39d3e85888) [0x00007a39d3e85980, 0x00007a39d3e85a80] 
[4,368s][debug][gc,nmethod     ] GC(1) O: Unregister NMethod: jdk.internal.foreign.AbstractMemorySegmentImpl.checkArraySize (0x00007a39d3bf4088) [0x00007a39d3bf4180, 0x00007a39d3bf6f80] 
[4,368s][debug][gc,nmethod     ] GC(1) O: Unregister NMethod: io.brackit.query.node.parser.SAX2SubtreeHandlerAdapter$TrimmingStringBuilder.append (0x00007a39d417be88) [0x00007a39d417bf80, 0x00007a39d417c410] 
[4,368s][debug][gc,nmethod     ] GC(1) O: Unregister NMethod: io.sirix.node.GrowingMemorySegment.getUsedSegment (0x00007a39d3b25d88) [0x00007a39d3b25e80, 0x00007a39d3b26470] 
[4,368s][debug][gc,nmethod     ] GC(1) O: Unregister NMethod: io.sirix.node.xml.AttributeNode.getParentKey (0x00007a39d3c32288) [0x00007a39d3c32380, 0x00007a39d3c37368] 
[4,368s][debug][gc,nmethod     ] GC(1) O: Unregister NMethod: jdk.internal.foreign.Utils$BaseAndScale.of (0x00007a39d3a91308) [0x00007a39d3a91400, 0x00007a39d3a92a18] 
[4,368s][debug][gc,nmethod     ] GC(1) O: Unregister NMethod: io.sirix.page.NamePage.setName (0x00007a39d3c42588) [0x00007a39d3c42680, 0x00007a39d3c43c40] 
[4,368s][debug][gc,nmethod     ] GC(1) O: Unregister NMethod: java.util.ArrayDeque.addFirst (0x00007a39d4138608) [0x00007a39d4138700, 0x00007a39d4138ce0] 
[4,368s][debug][gc,nmethod     ] GC(1) O: Unregister NMethod: java.lang.String.encodeUTF8 (0x00007a39d3b4a888) [0x00007a39d3b4a980, 0x00007a39d3b4b008] 
[4,368s][debug][gc,nmethod     ] GC(1) O: Unregister NMethod: java.nio.Bits.reserveMemory (0x00007a39d3b62788) [0x00007a39d3b62880, 0x00007a39d3b657c0] 
[4,368s][debug][gc,nmethod     ] GC(1) O: Unregister NMethod: io.sirix.index.path.summary.PathSummaryReader.putMapping (0x00007a39f2d50e88) [0x00007a39f2d50f80, 0x00007a39f2d51298] 
[4,368s][debug][gc,nmethod     ] GC(1) O: Unregister NMethod: java.util.concurrent.locks.ReentrantLock$NonfairSync.initialTryLock (0x00007a39f2d03b88) [0x00007a39f2d03c80, 0x00007a39f2d03de8] 
[4,368s][debug][gc,nmethod     ] GC(1) O: Unregister NMethod: jdk.internal.foreign.AbstractMemorySegmentImpl$$Lambda/0x00000000ba261980.apply (0x00007a39d3e7a508) [0x00007a39d3e7a600, 0x00007a39d3e7a748] 
[4,368s][debug][gc,nmethod     ] GC(1) O: Unregister NMethod: java.util.Collection.stream (0x00007a39d3864b88) [0x00007a39d3864c80, 0x00007a39d3864fb8] 
[4,368s][debug][gc,nmethod     ] GC(1) O: Unregister NMethod: java.lang.classfile.CodeBuilder.newBoundLabel (0x00007a39d38d1088) [0x00007a39d38d1180, 0x00007a39d38d1bd8] 
[4,368s][debug][gc,nmethod     ] GC(1) O: Unregister NMethod: jdk.internal.util.Preconditions.checkFromIndexSize (0x00007a39d3455288) [0x00007a39d3455380, 0x00007a39d3455518] 
[4,368s][debug][gc,nmethod     ] GC(1) O: Unregister NMethod: io.sirix.access.trx.page.NodePageReadOnlyTrx.getCurrentMaxIndirectPageTreeLevel (0x00007a39d4023a08) [0x00007a39d4023b00, 0x00007a39d402b2d8] 
[4,368s][debug][gc,nmethod     ] GC(1) O: Unregister NMethod: java.lang.invoke.DirectMethodHandle.internalMemberName (0x00007a39d3691688) [0x00007a39d3691780, 0x00007a39d3691aa0] 
[4,368s][debug][gc,nmethod     ] GC(1) O: Unregister NMethod: java.util.ArrayList.getLast (0x00007a39d3c6d888) [0x00007a39d3c6d980, 0x00007a39d3c6dc88] 
[4,368s][debug][gc,nmethod     ] GC(1) O: Unregister NMethod: java.util.LinkedHashMap.afterNodeAccess (0x00007a39d3a96888) [0x00007a39d3a96980, 0x00007a39d3a97a30] 
[4,368s][debug][gc,nmethod     ] GC(1) O: Unregister NMethod: java.nio.Buffer.session (0x00007a39d3486988) [0x00007a39d3486a80, 0x00007a39d3486e88] 
[4,368s][debug][gc,nmethod     ] GC(1) O: Unregister NMethod: io.sirix.node.MemorySegmentBytesOut.<init> (0x00007a39d3e18f08) [0x00007a39d3e19000, 0x00007a39d3e19288] 
[4,368s][debug][gc,nmethod     ] GC(1) O: Unregister NMethod: io.sirix.access.trx.node.xml.ForwardingXmlNodeReadOnlyTrx.hasFirstChild (0x00007a39f2dc1988) [0x00007a39f2dc1a80, 0x00007a39f2dc2098] 
[4,368s][debug][gc,nmethod     ] GC(1) O: Unregister NMethod: io.brackit.query.atomic.QNm.<init> (0x00007a39d418e008) [0x00007a39d418e100, 0x00007a39d418e5a8] 
[4,368s][debug][gc,nmethod     ] GC(1) O: Unregister NMethod: com.sun.org.apache.xerces.internal.impl.XMLDocumentFragmentScannerImpl.scanEndElement (0x00007a39d3cef588) [0x00007a39d3cef680, 0x00007a39d3cf0da8] 
[4,368s][debug][gc,nmethod     ] GC(1) O: Unregister NMethod: io.sirix.access.trx.page.NodePageReadOnlyTrx.getDataRecord (0x00007a39d404d208) [0x00007a39d404d300, 0x00007a39d404e108] 
[4,368s][debug][gc,nmethod     ] GC(1) O: Unregister NMethod: java.util.concurrent.atomic.AtomicLong.addAndGet (0x00007a39d3b25a88) [0x00007a39d3b25b80, 0x00007a39d3b25c90] 
[4,368s][debug][gc,nmethod     ] GC(1) O: Unregister NMethod: java.util.BitSet.nextSetBit (0x00007a39d402bc08) [0x00007a39d402bd00, 0x00007a39d402ccf0] 
[4,368s][debug][gc,nmethod     ] GC(1) O: Unregister NMethod: java.util.stream.AbstractPipeline.<init> (0x00007a39d37c7f08) [0x00007a39d37c8000, 0x00007a39d37c8348] 
[4,368s][debug][gc,nmethod     ] GC(1) O: Unregister NMethod: io.sirix.access.trx.node.AbstractNodeHashing.rollingAdd (0x00007a39d4167608) [0x00007a39d4167700, 0x00007a39d416ca00] 
[4,368s][debug][gc,nmethod     ] GC(1) O: Unregister NMethod: io.sirix.node.xml.ElementNode.getPathNodeKey (0x00007a39d3bafe88) [0x00007a39d3baff80, 0x00007a39d3bb4f70] 
[4,368s][debug][gc,nmethod     ] GC(1) O: Unregister NMethod: jdk.internal.misc.Unsafe.putIntUnaligned (0x00007a39d35bcd88) [0x00007a39d35bce80, 0x00007a39d35bd0b0] 
[4,368s][debug][gc,nmethod     ] GC(1) O: Unregister NMethod: jdk.internal.misc.ScopedMemoryAccess.getLongUnaligned (0x00007a39d3a93408) [0x00007a39d3a93500, 0x00007a39d3a94368] 
[4,368s][debug][gc,nmethod     ] GC(1) O: Unregister NMethod: io.sirix.node.delegates.NodeDelegate.<init> (0x00007a39d3db8e88) [0x00007a39d3db8f80, 0x00007a39d3db94d8] 
[4,368s][debug][gc,nmethod     ] GC(1) O: Unregister NMethod: jdk.internal.classfile.impl.TerminalCodeBuilder.setupTopLocal (0x00007a39d36c6608) [0x00007a39d36c6700, 0x00007a39d36c8c88] 
[4,368s][debug][gc,nmethod     ] GC(1) O: Unregister NMethod: java.util.BitSet.toByteArray (0x00007a39d3f6af88) [0x00007a39d3f6b080, 0x00007a39d3f6bd00] 
[4,368s][debug][gc,nmethod     ] GC(1) O: Unregister NMethod: io.sirix.access.trx.node.xml.XmlNodeFactoryImpl.createTextNode (0x00007a39d3c3cf08) [0x00007a39d3c3d000, 0x00007a39d3c3f048] 
[4,368s][debug][gc,nmethod     ] GC(1) O: Unregister NMethod: io.sirix.access.trx.node.AbstractNodeReadOnlyTrx.moveToParent (0x00007a39d3bd2e88) [0x00007a39d3bd2f80, 0x00007a39d3bd37e0] 
[4,368s][debug][gc,nmethod     ] GC(1) O: Unregister NMethod: io.sirix.access.trx.node.xml.XmlNodeHashing.setCurrentNode (0x00007a39d3b9da88) [0x00007a39d3b9db80, 0x00007a39d3b9e6e8] 
[4,368s][debug][gc,nmethod     ] GC(1) O: Unregister NMethod: java.nio.ByteBuffer.wrap (0x00007a39d3841a08) [0x00007a39d3841b00, 0x00007a39d3841d70] 
[4,368s][debug][gc,nmethod     ] GC(1) O: Unregister NMethod: io.sirix.node.AbstractForwardingNode.getParentKey (0x00007a39d3b83208) [0x00007a39d3b83300, 0x00007a39d3b83630] 
[4,368s][debug][gc,nmethod     ] GC(1) O: Unregister NMethod: java.lang.invoke.VarHandleSegmentAsLongs.set (0x00007a39d3ab5a08) [0x00007a39d3ab5b00, 0x00007a39d3abb0d0] 
[4,368s][debug][gc,nmethod     ] GC(1) O: Unregister NMethod: java.lang.Long.hashCode (0x00007a39d38de788) [0x00007a39d38de880, 0x00007a39d38de9b8] 
[4,368s][debug][gc,nmethod     ] GC(1) O: Unregister NMethod: jdk.internal.foreign.AbstractMemorySegmentImpl.toArray (0x00007a39d3e7bb08) [0x00007a39d3e7bc00, 0x00007a39d3e7d7c0] 
[4,368s][debug][gc,nmethod     ] GC(1) O: Unregister NMethod: java.lang.Class.getSimpleName (0x00007a39f2da6a88) [0x00007a39f2da6b80, 0x00007a39f2da7258] 
[4,368s][debug][gc,nmethod     ] GC(1) O: Unregister NMethod: io.sirix.page.PageKind$1.serializePage (0x00007a39d3f4dd08) [0x00007a39d3f4de00, 0x00007a39d3f5ba08] 
[4,368s][debug][gc,nmethod     ] GC(1) O: Unregister NMethod: java.util.Spliterators$ArraySpliterator.forEachRemaining (0x00007a39f2c7fb88) [0x00007a39f2c7fc80, 0x00007a39f2c81bc0] 
[4,368s][debug][gc,nmethod     ] GC(1) O: Unregister NMethod: com.sun.org.apache.xerces.internal.impl.XMLEntityScanner.scanChar (0x00007a39d3c41a08) [0x00007a39d3c41b00, 0x00007a39d3c42528] 
[4,368s][debug][gc,nmethod     ] GC(1) O: Unregister NMethod: io.sirix.page.PageKind$1.serializePage (0x00007a39d3f5ba88) [0x00007a39d3f5bb80, 0x00007a39d3f694d0] 
[4,368s][debug][gc,nmethod     ] GC(1) O: Unregister NMethod: io.sirix.access.trx.node.xml.ForwardingXmlNodeReadOnlyTrx.getKind (0x00007a39d3ba5b08) [0x00007a39d3ba5c00, 0x00007a39d3ba61f8] 
[4,368s][debug][gc,nmethod     ] GC(1) O: Unregister NMethod: io.sirix.axis.AbstractAxis.resetToLastKey (0x00007a39d4279d88) [0x00007a39d4279e80, 0x00007a39d427a438] 
[4,368s][debug][gc,nmethod     ] GC(1) O: Unregister NMethod: io.sirix.node.xml.ElementNode.getFirstChildKey (0x00007a39d3bc4408) [0x00007a39d3bc4500, 0x00007a39d3bc94f0] 
[4,368s][debug][gc,nmethod     ] GC(1) O: Unregister NMethod: java.lang.String.regionMatches (0x00007a39f2c93a88) [0x00007a39f2c93b80, 0x00007a39f2c93ec8] 
[4,368s][debug][gc,nmethod     ] GC(1) O: Unregister NMethod: jdk.internal.foreign.NativeMemorySegmentImpl.<init> (0x00007a39d340e408) [0x00007a39d340e500, 0x00007a39d340e9c8] 
[4,368s][debug][gc,nmethod     ] GC(1) O: Unregister NMethod: jdk.internal.foreign.layout.ValueLayouts$OfByteImpl.dup (0x00007a39d3f21c88) [0x00007a39d3f21d80, 0x00007a39d3f22078] 
[4,368s][debug][gc,nmethod     ] GC(1) O: Unregister NMethod: io.sirix.utils.XMLToken.isNCChar (0x00007a39f2cf1288) [0x00007a39f2cf1380, 0x00007a39f2cf1460] 
[4,368s][debug][gc,nmethod     ] GC(1) O: Unregister NMethod: io.sirix.access.trx.page.NodePageTrx.getMostRecentPageContainer (0x00007a39d3cd5708) [0x00007a39d3cd5800, 0x00007a39d3cd5e30] 
[4,368s][debug][gc,nmethod     ] GC(1) O: Unregister NMethod: io.sirix.node.MemorySegmentBytesOut.writeInt (0x00007a39d3acce08) [0x00007a39d3accf00, 0x00007a39d3acd098] 
[4,368s][debug][gc,nmethod     ] GC(1) O: Unregister NMethod: io.sirix.page.delegates.BitmapReferencesPage.getOrCreateReference (0x00007a39d3b1b508) [0x00007a39d3b1b600, 0x00007a39d3b1bcb8] 
[4,368s][debug][gc,nmethod     ] GC(1) O: Unregister NMethod: sun.security.provider.SHA2.implCompress0 (0x00007a39d3e7fb08) [0x00007a39d3e7fc00, 0x00007a39d3e80ba0] 
[4,368s][debug][gc,nmethod     ] GC(1) O: Unregister NMethod: jdk.internal.foreign.NativeMemorySegmentImpl.dup (0x00007a39f2ca0c88) [0x00007a39f2ca0da0, 0x00007a39f2ca0ef0] 
[4,368s][debug][gc,nmethod     ] GC(1) O: Unregister NMethod: com.sun.org.apache.xerces.internal.parsers.AbstractSAXParser.characters (0x00007a39d416da88) [0x00007a39d416db80, 0x00007a39d416e128] 
[4,368s][debug][gc,nmethod     ] GC(1) O: Unregister NMethod: io.sirix.node.MemorySegmentBytesOut.writeByte (0x00007a39d3affa88) [0x00007a39d3affb80, 0x00007a39d3affd18] 
[4,368s][debug][gc,nmethod     ] GC(1) O: Unregister NMethod: io.sirix.node.xml.TextNode.computeHash (0x00007a39d3c4a988) [0x00007a39d3c4aa80, 0x00007a39d3c5c228] 
[4,368s][debug][gc,nmethod     ] GC(1) O: Unregister NMethod: io.sirix.node.xml.AttributeNode.getKind (0x00007a39d3e7ef08) [0x00007a39d3e7f000, 0x00007a39d3e7f108] 
[4,368s][debug][gc,nmethod     ] GC(1) O: Unregister NMethod: com.sun.org.apache.xerces.internal.impl.XMLNSDocumentScannerImpl.next (0x00007a39f2cffc08) [0x00007a39f2cffd00, 0x00007a39f2d01588] 
[4,368s][debug][gc,nmethod     ] GC(1) O: Unregister NMethod: io.sirix.access.trx.page.NodePageTrx.getPageContainer (0x00007a39d3cd9288) [0x00007a39d3cd9380, 0x00007a39d3cda4c0] 
[4,368s][debug][gc,nmethod     ] GC(1) O: Unregister NMethod: java.lang.Integer.valueOf (0x00007a39d352f108) [0x00007a39d352f200, 0x00007a39d352f518] 
[4,368s][debug][gc,nmethod     ] GC(1) O: Unregister NMethod: io.sirix.axis.AbstractAxis.nextLong (0x00007a39f2cf5388) [0x00007a39f2cf5480, 0x00007a39f2cf5db0] 
[4,369s][debug][gc,nmethod     ] GC(1) O: Unregister NMethod: io.sirix.node.SirixDeweyID.getDivisionBits (0x00007a39d3e81308) [0x00007a39d3e81400, 0x00007a39d3e81880] 
[4,369s][debug][gc,nmethod     ] GC(1) O: Unregister NMethod: jdk.internal.foreign.SegmentBulkOperations.copy (0x00007a39d3e07988) [0x00007a39d3e07a80, 0x00007a39d3e17f40] 
[4,369s][debug][gc,nmethod     ] GC(1) O: Unregister NMethod: com.sun.org.apache.xerces.internal.util.XMLAttributesImpl.getQName (0x00007a39d3d45508) [0x00007a39d3d45600, 0x00007a39d3d458d0] 
[4,369s][debug][gc,nmethod     ] GC(1) O: Unregister NMethod: io.sirix.access.trx.node.AbstractNodeHashing.isValueNode (0x00007a39d3b9ae08) [0x00007a39d3b9af00, 0x00007a39d3b9cac8] 
[4,369s][debug][gc,nmethod     ] GC(1) O: Unregister NMethod: io.sirix.access.trx.page.NodePageTrx.getPageContainer (0x00007a39d3ae7988) [0x00007a39d3ae7a80, 0x00007a39d3ae8bc0] 
[4,369s][debug][gc,nmethod     ] GC(1) O: Unregister NMethod: io.sirix.node.NodeKind.serializeDelegateWithoutIDs (0x00007a39d3edb608) [0x00007a39d3edb700, 0x00007a39d3edb988] 
[4,369s][debug][gc,nmethod     ] GC(1) O: Unregister NMethod: jdk.internal.classfile.impl.AbstractPoolEntry.hash1 (0x00007a39d3468288) [0x00007a39d3468380, 0x00007a39d3468470] 
[4,369s][debug][gc,nmethod     ] GC(1) O: Unregister NMethod: java.util.HashMap.afterNodeAccess (0x00007a39d38de488) [0x00007a39d38de580, 0x00007a39d38de680] 
[4,369s][debug][gc,nmethod     ] GC(1) O: Unregister NMethod: io.sirix.node.MemorySegmentBytesOut.clear (0x00007a39d3b21788) [0x00007a39d3b21880, 0x00007a39d3b21a38] 
[4,369s][debug][gc,nmethod     ] GC(1) O: Unregister NMethod: io.sirix.node.xml.ElementNode.getAttributeKey (0x00007a39d41b9e88) [0x00007a39d41b9f80, 0x00007a39d41ba398] 
[4,369s][debug][gc,nmethod     ] GC(1) O: Unregister NMethod: io.sirix.node.xml.ElementNode.hasFirstChild (0x00007a39f2dc9508) [0x00007a39f2dc9600, 0x00007a39f2dc9978] 
[4,369s][debug][gc,nmethod     ] GC(1) O: Unregister NMethod: java.lang.StringConcatHelper.checkOverflow (0x00007a39d34d4188) [0x00007a39d34d4280, 0x00007a39d34d4458] 
[4,369s][debug][gc,nmethod     ] GC(1) O: Unregister NMethod: jdk.internal.foreign.abi.SharedUtils.checkNative (0x00007a39d3f95988) [0x00007a39d3f95a80, 0x00007a39d3f96e20] 
[4,369s][debug][gc,nmethod     ] GC(1) O: Unregister NMethod: java.util.zip.Checksum.update (0x00007a39d362d288) [0x00007a39d362d380, 0x00007a39d362d6b8] 
[4,369s][debug][gc,nmethod     ] GC(1) O: Unregister NMethod: io.brackit.query.node.parser.SAX2SubtreeHandlerAdapter.characters (0x00007a39d4179708) [0x00007a39d4179800, 0x00007a39d4179b10] 
[4,369s][debug][gc,nmethod     ] GC(1) O: Unregister NMethod: java.lang.Math.multiplyHigh (0x00007a39d3af9808) [0x00007a39d3af9900, 0x00007a39d3af9a58] 
[4,369s][debug][gc,nmethod     ] GC(1) O: Unregister NMethod: io.sirix.page.PageReference.setDatabaseId (0x00007a39d407c008) [0x00007a39d407c100, 0x00007a39d407c210] 
[4,369s][debug][gc,nmethod     ] GC(1) O: Unregister NMethod: jdk.internal.foreign.HeapMemorySegmentImpl$OfByte.<init> (0x00007a39d3e8f588) [0x00007a39d3e8f680, 0x00007a39d3e8f998] 
[4,369s][debug][gc,nmethod     ] GC(1) O: Unregister NMethod: jdk.internal.foreign.GlobalSession.acquire0 (0x00007a39d3f95388) [0x00007a39d3f95480, 0x00007a39d3f95580] 
[4,369s][debug][gc,nmethod     ] GC(1) O: Unregister NMethod: java.util.zip.InflaterInputStream.read (0x00007a39d34e2508) [0x00007a39d34e2600, 0x00007a39d34e3688] 
[4,369s][debug][gc,nmethod     ] GC(1) O: Unregister NMethod: jdk.internal.misc.Unsafe.copyMemory (0x00007a39d345de08) [0x00007a39d345df00, 0x00007a39d345f4c0] 
[4,369s][debug][gc,nmethod     ] GC(1) O: Unregister NMethod: io.sirix.page.KeyValueLeafPage.getDeweyIdAsByteArray (0x00007a39d381db08) [0x00007a39d381dc00, 0x00007a39d381e188] 
[4,369s][debug][gc,nmethod     ] GC(1) O: Unregister NMethod: io.sirix.node.GrowingMemorySegment.writeByte (0x00007a39d3b44f88) [0x00007a39d3b45080, 0x00007a39d3b48ca0] 
[4,369s][debug][gc,nmethod     ] GC(1) O: Unregister NMethod: io.sirix.settings.VersioningType$4.combineRecordPages (0x00007a39d4289208) [0x00007a39d4289300, 0x00007a39d428e228] 
[4,369s][debug][gc,nmethod     ] GC(1) O: Unregister NMethod: io.sirix.access.trx.node.AbstractNodeHashing.rollingAdd (0x00007a39f2d2e188) [0x00007a39f2d2e280, 0x00007a39f2d3bf40] 
[4,369s][debug][gc,nmethod     ] GC(1) O: Unregister NMethod: io.sirix.page.PageKind$1.serializePage (0x00007a39d41e4c88) [0x00007a39d41e4d80, 0x00007a39d41f2598] 
[4,369s][debug][gc,nmethod     ] GC(1) O: Unregister NMethod: io.sirix.access.trx.page.NodePageTrx.createRecord (0x00007a39f2d0cc88) [0x00007a39f2d0cd80, 0x00007a39f2d0e230] 
[4,369s][debug][gc,nmethod     ] GC(1) O: Unregister NMethod: java.util.zip.Inflater.needsInput (0x00007a39d3538b08) [0x00007a39d3538c00, 0x00007a39d3539228] 
[4,369s][debug][gc,nmethod     ] GC(1) O: Unregister NMethod: it.unimi.dsi.fastutil.ints.Int2LongOpenHashMap.get (0x00007a39d3c07488) [0x00007a39d3c07580, 0x00007a39d3c07ad0] 
[4,369s][debug][gc,nmethod     ] GC(1) O: Unregister NMethod: java.util.ArrayDeque.push (0x00007a39f2d61188) [0x00007a39f2d61280, 0x00007a39f2d61488] 
[4,369s][debug][gc,nmethod     ] GC(1) O: Unregister NMethod: com.google.common.collect.ForwardingObject.<init> (0x00007a39d3cdc188) [0x00007a39d3cdc280, 0x00007a39d3cdc3f0] 
[4,369s][debug][gc,nmethod     ] GC(1) O: Unregister NMethod: io.brackit.query.atomic.QNm.hashCode (0x00007a39d3d3f908) [0x00007a39d3d3fa00, 0x00007a39d3d3ff70] 
[4,369s][debug][gc,nmethod     ] GC(1) O: Unregister NMethod: io.brackit.query.atomic.QNm.<init> (0x00007a39f2d1a188) [0x00007a39f2d1a280, 0x00007a39f2d1a4a8] 
[4,369s][debug][gc,nmethod     ] GC(1) O: Unregister NMethod: io.brackit.query.atomic.AbstractAtomic.<init> (0x00007a39d3b38688) [0x00007a39d3b38780, 0x00007a39d3b38998] 
[4,369s][debug][gc,nmethod     ] GC(1) O: Unregister NMethod: java.lang.String.encodeUTF8 (0x00007a39f2cfd508) [0x00007a39f2cfd600, 0x00007a39f2cfd7b8] 
[4,369s][debug][gc,nmethod     ] GC(1) O: Unregister NMethod: jdk.internal.misc.ScopedMemoryAccess.getLongUnaligned (0x00007a39f2d7fa08) [0x00007a39f2d7fb00, 0x00007a39f2d7fcc0] 
[4,369s][debug][gc,nmethod     ] GC(1) O: Unregister NMethod: java.lang.ref.Cleaner$1.apply (0x00007a39d347eb08) [0x00007a39d347ec00, 0x00007a39d347efb0] 
[4,369s][debug][gc,nmethod     ] GC(1) O: Unregister NMethod: jdk.internal.foreign.SegmentFactories.fromArray (0x00007a39d3e7ab08) [0x00007a39d3e7ac00, 0x00007a39d3e7aff8] 
[4,369s][debug][gc,nmethod     ] GC(1) O: Unregister NMethod: java.nio.ByteBuffer.<init> (0x00007a39d381a908) [0x00007a39d381aa00, 0x00007a39d381ac48] 
[4,369s][debug][gc,nmethod     ] GC(1) O: Unregister NMethod: io.sirix.index.path.summary.PathNode.getLocalNameKey (0x00007a39d3bb9d08) [0x00007a39d3bb9e00, 0x00007a39d3bb9f60] 
[4,369s][debug][gc,nmethod     ] GC(1) O: Unregister NMethod: io.sirix.cache.LinuxMemorySegmentAllocator.partitionVirtualRegion (0x00007a39d3433688) [0x00007a39d3433780, 0x00007a39d3434700] 
[4,369s][debug][gc,nmethod     ] GC(1) O: Unregister NMethod: io.sirix.node.NodeSerializerImpl.serialize (0x00007a39d3e19308) [0x00007a39d3e19400, 0x00007a39d3e19e20] 
[4,369s][debug][gc,nmethod     ] GC(1) O: Unregister NMethod: io.sirix.page.KeyValueLeafPage.getNumberOfNonNullEntries (0x00007a39d4150088) [0x00007a39d4150180, 0x00007a39d4150730] 
[4,369s][debug][gc,nmethod     ] GC(1) O: Unregister NMethod: io.sirix.node.xml.ElementNode.computeHash (0x00007a39d3d0de08) [0x00007a39d3d0df00, 0x00007a39d3d3d548] 
[4,369s][debug][gc,nmethod     ] GC(1) O: Unregister NMethod: io.sirix.utils.XMLToken.isNCStartChar (0x00007a39d3dce008) [0x00007a39d3dce100, 0x00007a39d3dce770] 
[4,369s][debug][gc,nmethod     ] GC(1) O: Unregister NMethod: java.lang.Integer.hashCode (0x00007a39d352eb08) [0x00007a39d352ec00, 0x00007a39d352ed58] 
[4,369s][debug][gc,nmethod     ] GC(1) O: Unregister NMethod: com.sun.org.apache.xerces.internal.xni.QName.setValues (0x00007a39d3d0d608) [0x00007a39d3d0d700, 0x00007a39d3d0dab8] 
[4,369s][debug][gc,nmethod     ] GC(1) O: Unregister NMethod: java.lang.invoke.VarHandleGuards.guard_LL_V (0x00007a39d37bc608) [0x00007a39d37bc700, 0x00007a39d37c12e8] 
[4,369s][debug][gc,nmethod     ] GC(1) O: Unregister NMethod: jdk.internal.foreign.ImplicitSession.<init> (0x00007a39d3bd4088) [0x00007a39d3bd4180, 0x00007a39d3bd4810] 
[4,369s][debug][gc,nmethod     ] GC(1) O: Unregister NMethod: io.sirix.page.KeyValueLeafPage.getSlot (0x00007a39d3a49008) [0x00007a39d3a49100, 0x00007a39d3a5f320] 
[4,369s][debug][gc,nmethod     ] GC(1) O: Unregister NMethod: io.sirix.node.xml.ElementNode.getRightSiblingKey (0x00007a39d3b54e08) [0x00007a39d3b54f00, 0x00007a39d3b59ef0] 
[4,369s][debug][gc,nmethod     ] GC(1) O: Unregister NMethod: io.sirix.page.KeyValueLeafPage.updateFreeSpaceStart (0x00007a39d3e1a188) [0x00007a39d3e1a280, 0x00007a39d3e1a808] 
[4,369s][debug][gc,nmethod     ] GC(1) O: Unregister NMethod: java.lang.System$1.blockedOn (0x00007a39d3f98908) [0x00007a39d3f98a00, 0x00007a39d3f98fa0] 
[4,369s][debug][gc,nmethod     ] GC(1) O: Unregister NMethod: java.util.concurrent.atomic.AtomicLong.incrementAndGet (0x00007a39d3a6e308) [0x00007a39d3a6e400, 0x00007a39d3a6e518] 
[4,369s][debug][gc,nmethod     ] GC(1) O: Unregister NMethod: java.lang.invoke.InvokerBytecodeGenerator.emitPushArgument (0x00007a39d3696408) [0x00007a39d3696500, 0x00007a39d36990c8] 
[4,369s][debug][gc,nmethod     ] GC(1) O: Unregister NMethod: java.util.HashMap.put (0x00007a39f2c9ad88) [0x00007a39f2c9aea0, 0x00007a39f2c9c0b0] 
[4,369s][debug][gc,nmethod     ] GC(1) O: Unregister NMethod: io.sirix.access.trx.node.AbstractDeweyIDManager.newRightSiblingID (0x00007a39d3c04388) [0x00007a39d3c04480, 0x00007a39d3c07458] 
[4,369s][debug][gc,nmethod     ] GC(1) O: Unregister NMethod: io.sirix.page.RevisionRootPage.incrementAndGetMaxNodeKeyInDocumentIndex (0x00007a39d3bbc988) [0x00007a39d3bbca80, 0x00007a39d3bbcb90] 
[4,369s][debug][gc,nmethod     ] GC(1) O: Unregister NMethod: io.sirix.node.MemorySegmentBytesOut.<init> (0x00007a39d3b93088) [0x00007a39d3b93180, 0x00007a39d3b93f50] 
[4,369s][debug][gc,nmethod     ] GC(1) O: Unregister NMethod: io.sirix.page.NamePage.incrementAndGetMaxNodeKey (0x00007a39d41aca08) [0x00007a39d41acb00, 0x00007a39d41acd78] 
[4,369s][debug][gc,nmethod     ] GC(1) O: Unregister NMethod: com.sun.org.apache.xerces.internal.impl.XMLEntityScanner.skipSpaces (0x00007a39d3dd5d08) [0x00007a39d3dd5e00, 0x00007a39d3dd7090] 
[4,369s][debug][gc,nmethod     ] GC(1) O: Unregister NMethod: java.util.BitSet.nextSetBit (0x00007a39f2e08a88) [0x00007a39f2e08b80, 0x00007a39f2e08d00] 
[4,369s][debug][gc,nmethod     ] GC(1) O: Unregister NMethod: io.sirix.query.node.SubtreeProcessor.notifyText (0x00007a39d3c3c088) [0x00007a39d3c3c180, 0x00007a39d3c3cbe0] 
[4,369s][debug][gc,nmethod     ] GC(1) O: Unregister NMethod: jdk.internal.classfile.impl.SplitConstantPool.classEntryForClassOrInterface (0x00007a39d3512908) [0x00007a39d3512a00, 0x00007a39d3514f90] 
[4,369s][debug][gc,nmethod     ] GC(1) O: Unregister NMethod: net.openhft.hashing.XXH3.access$500 (0x00007a39d3b9ce08) [0x00007a39d3b9cf00, 0x00007a39d3b9d010] 
[4,369s][debug][gc,nmethod     ] GC(1) O: Unregister NMethod: java.lang.invoke.VarHandleReferences$FieldInstanceReadWrite.set (0x00007a39d341cc88) [0x00007a39d341cd80, 0x00007a39d341dda8] 
[4,369s][debug][gc,nmethod     ] GC(1) O: Unregister NMethod: java.util.ArrayDeque.push (0x00007a39d4138308) [0x00007a39d4138400, 0x00007a39d4138530] 
[4,369s][debug][gc,nmethod     ] GC(1) O: Unregister NMethod: java.lang.String.<init> (0x00007a39d3cc3c88) [0x00007a39d3cc3d80, 0x00007a39d3cc3fa8] 
[4,369s][debug][gc,nmethod     ] GC(1) O: Unregister NMethod: java.lang.invoke.VarHandleSegmentAsLongs.get (0x00007a39d3aa0288) [0x00007a39d3aa0380, 0x00007a39d3aa5820] 
[4,369s][debug][gc,nmethod     ] GC(1) O: Unregister NMethod: jdk.internal.foreign.AbstractMemorySegmentImpl.<init> (0x00007a39d347f408) [0x00007a39d347f500, 0x00007a39d347f6e0] 
[4,369s][debug][gc,nmethod     ] GC(1) O: Unregister NMethod: io.sirix.access.trx.node.AbstractNodeHashing.rollingAdd (0x00007a39d3b9e708) [0x00007a39d3b9e800, 0x00007a39d3ba3b60] 
[4,369s][debug][gc,nmethod     ] GC(1) O: Unregister NMethod: io.sirix.page.PathSummaryPage.incrementAndGetMaxNodeKey (0x00007a39d3dcaa08) [0x00007a39d3dcab00, 0x00007a39d3dcad78] 
[4,369s][debug][gc,nmethod     ] GC(1) O: Unregister NMethod: java.lang.ref.Reference.refersToImpl (0x00007a39d3507088) [0x00007a39d3507180, 0x00007a39d35072b8] 
[4,369s][debug][gc,nmethod     ] GC(1) O: Unregister NMethod: io.sirix.node.xml.ElementNode.hasFirstChild (0x00007a39d3cf0e08) [0x00007a39d3cf0f00, 0x00007a39d3cf6338] 
[4,369s][debug][gc,nmethod     ] GC(1) O: Unregister NMethod: it.unimi.dsi.fastutil.shorts.ShortArrayList$1.<init> (0x00007a39d4031788) [0x00007a39d4031880, 0x00007a39d4031a60] 
[4,369s][debug][gc,nmethod     ] GC(1) O: Unregister NMethod: io.sirix.access.trx.node.xml.XmlNodeFactoryImpl.createAttributeNode (0x00007a39d3d6bd08) [0x00007a39d3d6be00, 0x00007a39d3d6e600] 
[4,369s][debug][gc,nmethod     ] GC(1) O: Unregister NMethod: com.sun.org.apache.xerces.internal.impl.XMLEntityScanner.peekChar (0x00007a39d3da7188) [0x00007a39d3da7280, 0x00007a39d3da7738] 
[4,369s][debug][gc,nmethod     ] GC(1) O: Unregister NMethod: jdk.internal.foreign.layout.ValueLayouts$AbstractValueLayout.<init> (0x00007a39d3e77208) [0x00007a39d3e77300, 0x00007a39d3e776e8] 
[4,369s][debug][gc,nmethod     ] GC(1) O: Unregister NMethod: jdk.internal.util.ArraysSupport.mismatch (0x00007a39d37b8508) [0x00007a39d37b8600, 0x00007a39d37b89b8] 
[4,369s][debug][gc,nmethod     ] GC(1) O: Unregister NMethod: io.sirix.access.trx.node.AbstractNodeReadOnlyTrx.storeDeweyIDs (0x00007a39d3b97208) [0x00007a39d3b97300, 0x00007a39d3b97830] 
[4,369s][debug][gc,nmethod     ] GC(1) O: Unregister NMethod: com.github.benmanes.caffeine.cache.BoundedLocalCache$EntryIterator.hasNext (0x00007a39d410fd88) [0x00007a39d410fe80, 0x00007a39d41153a8] 
[4,369s][debug][gc,nmethod     ] GC(1) O: Unregister NMethod: it.unimi.dsi.fastutil.ints.Int2IntOpenHashMap.find (0x00007a39f2d3ec08) [0x00007a39f2d3ed00, 0x00007a39f2d3ef98] 
[4,369s][debug][gc,nmethod     ] GC(1) O: Unregister NMethod: io.sirix.page.PageKind$1.serializePage (0x00007a39f2e59088) [0x00007a39f2e59180, 0x00007a39f2e60f60] 
[4,369s][debug][gc,nmethod     ] GC(1) O: Unregister NMethod: jdk.internal.foreign.Utils$BaseAndScale$$TypeSwitch/0x00000000ba25d140.typeSwitch (0x00007a39d3a8fe88) [0x00007a39d3a8ff80, 0x00007a39d3a912a8] 
[4,369s][debug][gc,nmethod     ] GC(1) O: Unregister NMethod: jdk.internal.foreign.layout.ValueLayouts$OfByteImpl.withOrder (0x00007a39d3e7f808) [0x00007a39d3e7f900, 0x00007a39d3e7fa60] 
[4,369s][debug][gc,nmethod     ] GC(1) O: Unregister NMethod: java.nio.ByteBuffer.position (0x00007a39d377be88) [0x00007a39d377bf80, 0x00007a39d377c0c8] 
[4,369s][debug][gc,nmethod     ] GC(1) O: Unregister NMethod: io.sirix.query.node.XmlDBNode.<init> (0x00007a39f2d19588) [0x00007a39f2d19680, 0x00007a39f2d1a118] 
[4,369s][debug][gc,nmethod     ] GC(1) O: Unregister NMethod: io.sirix.access.trx.node.xml.ForwardingXmlNodeReadOnlyTrx.getResourceSession (0x00007a39d3ba6208) [0x00007a39d3ba6300, 0x00007a39d3ba68f8] 
[4,369s][debug][gc,nmethod     ] GC(1) O: Unregister NMethod: java.lang.invoke.VarHandleSegmentAsInts.get (0x00007a39d3a5f708) [0x00007a39d3a5f800, 0x00007a39d3a64ca0] 
[4,369s][debug][gc,nmethod     ] GC(1) O: Unregister NMethod: io.sirix.access.trx.node.xml.XmlDeweyIDManager.newAttributeID (0x00007a39d3d59d88) [0x00007a39d3d59e80, 0x00007a39d3d5e0a8] 
[4,369s][debug][gc,nmethod     ] GC(1) O: Unregister NMethod: io.sirix.node.xml.AbstractStructForwardingNode.hasFirstChild (0x00007a39d3c5cf08) [0x00007a39d3c5d000, 0x00007a39d3c5d5c8] 
[4,369s][debug][gc,nmethod     ] GC(1) O: Unregister NMethod: java.nio.HeapByteBuffer.put (0x00007a39d408dd08) [0x00007a39d408de00, 0x00007a39d408fdd0] 
[4,369s][debug][gc,nmethod     ] GC(1) O: Unregister NMethod: java.net.URL.<init> (0x00007a39d35c8f08) [0x00007a39d35c9000, 0x00007a39d35cf718] 
[4,369s][debug][gc,nmethod     ] GC(1) O: Unregister NMethod: java.util.Arrays.fill (0x00007a39f2c37988) [0x00007a39f2c37a80, 0x00007a39f2c37c18] 
[4,369s][debug][gc,nmethod     ] GC(1) O: Unregister NMethod: io.sirix.index.path.summary.PathSummaryReader.moveTo (0x00007a39f2cf2508) [0x00007a39f2cf2600, 0x00007a39f2cf2840] 
[4,370s][debug][gc,nmethod     ] GC(1) O: Unregister NMethod: com.sun.org.apache.xerces.internal.util.XMLChar.isContent (0x00007a39d3acbd88) [0x00007a39d3acbe80, 0x00007a39d3acc068] 
[4,370s][debug][gc,nmethod     ] GC(1) O: Unregister NMethod: com.sun.org.apache.xerces.internal.impl.XMLNSDocumentScannerImpl.scanStartElement (0x00007a39d4194008) [0x00007a39d4194100, 0x00007a39d419c360] 
[4,370s][debug][gc,nmethod     ] GC(1) O: Unregister NMethod: io.sirix.node.xml.AbstractStructForwardingNode.getFirstChildKey (0x00007a39d3c47808) [0x00007a39d3c47900, 0x00007a39d3c47c30] 
[4,370s][debug][gc,nmethod     ] GC(1) O: Unregister NMethod: io.sirix.access.trx.node.AbstractNodeReadOnlyTrx.getNodeKey (0x00007a39f2cf3c08) [0x00007a39f2cf3d00, 0x00007a39f2cf3e50] 
[4,370s][debug][gc,nmethod     ] GC(1) O: Unregister NMethod: io.sirix.index.path.summary.PathSummaryReader.putMapping (0x00007a39d3c3fa08) [0x00007a39d3c3fb00, 0x00007a39d3c40538] 
[4,370s][debug][gc,nmethod     ] GC(1) O: Unregister NMethod: io.sirix.access.trx.page.NodePageReadOnlyTrx.pageKey (0x00007a39d3abc888) [0x00007a39d3abc980, 0x00007a39d3abd100] 
[4,370s][debug][gc,nmethod     ] GC(1) O: Unregister NMethod: java.lang.invoke.MemberName.getMethodType (0x00007a39d346bb88) [0x00007a39d346bc80, 0x00007a39d346e178] 
[4,370s][debug][gc,nmethod     ] GC(1) O: Unregister NMethod: io.sirix.node.xml.TextNode.hasRightSibling (0x00007a39d40b9388) [0x00007a39d40b9480, 0x00007a39d40be8b8] 
[4,370s][debug][gc,nmethod     ] GC(1) O: Unregister NMethod: io.brackit.query.node.parser.SAX2SubtreeHandlerAdapter.handleText (0x00007a39f2d49c88) [0x00007a39f2d49d80, 0x00007a39f2d4b8f0] 
[4,370s][debug][gc,nmethod     ] GC(1) O: Unregister NMethod: io.sirix.access.trx.node.AbstractNodeReadOnlyTrx.hasFirstChild (0x00007a39f2dc4f88) [0x00007a39f2dc5080, 0x00007a39f2dc55f8] 
[4,370s][debug][gc,nmethod     ] GC(1) O: Unregister NMethod: io.sirix.utils.XMLToken.isNCStartChar (0x00007a39d3b20488) [0x00007a39d3b20580, 0x00007a39d3b20bf0] 
[4,370s][debug][gc,nmethod     ] GC(1) O: Unregister NMethod: io.sirix.access.trx.page.NodePageReadOnlyTrx.loadPage (0x00007a39d3b28d08) [0x00007a39d3b28e00, 0x00007a39d3b2aca0] 
[4,370s][debug][gc,nmethod     ] GC(1) O: Unregister NMethod: jdk.internal.foreign.layout.AbstractLayout.requirePowerOfTwoAndGreaterOrEqualToOne (0x00007a39d3f22688) [0x00007a39d3f22780, 0x00007a39d3f23500] 
[4,370s][debug][gc,nmethod     ] GC(1) O: Unregister NMethod: io.sirix.access.trx.page.NodePageTrx.prepareRecordPage (0x00007a39f2cdd688) [0x00007a39f2cdd780, 0x00007a39f2cde338] 
[4,370s][debug][gc,nmethod     ] GC(1) O: Unregister NMethod: io.sirix.node.json.JsonNodeSerializer.writeSizePrefix (0x00007a39d3ed9408) [0x00007a39d3ed9500, 0x00007a39d3ed9888] 
[4,370s][debug][gc,nmethod     ] GC(1) O: Unregister NMethod: io.sirix.page.KeyValueLeafPage.processEntries (0x00007a39d41b6908) [0x00007a39d41b6a00, 0x00007a39d41b9e20] 
[4,370s][debug][gc,nmethod     ] GC(1) O: Unregister NMethod: com.sun.org.apache.xerces.internal.impl.XMLEntityScanner.scanChar (0x00007a39d41a4088) [0x00007a39d41a4180, 0x00007a39d41a4ba8] 
[4,370s][debug][gc,nmethod     ] GC(1) O: Unregister NMethod: io.sirix.query.stream.node.SirixNodeStream.next (0x00007a39d40d8d88) [0x00007a39d40d8e80, 0x00007a39d40d9d68] 
[4,370s][debug][gc,nmethod     ] GC(1) O: Unregister NMethod: jdk.internal.foreign.MemorySessionImpl$ResourceList.cleanupSingle (0x00007a39d3e52188) [0x00007a39d3e52280, 0x00007a39d3e52408] 
[4,370s][debug][gc,nmethod     ] GC(1) O: Unregister NMethod: io.sirix.node.NodeKind$4.serialize (0x00007a39d3e5c908) [0x00007a39d3e5ca00, 0x00007a39d3e77178] 
[4,370s][debug][gc,nmethod     ] GC(1) O: Unregister NMethod: java.lang.foreign.MemorySegment.copy (0x00007a39d3c26988) [0x00007a39d3c26a80, 0x00007a39d3c2fa68] 
[4,370s][debug][gc,nmethod     ] GC(1) O: Unregister NMethod: io.sirix.page.KeyValueLeafPage.getNumberOfNonNullEntries (0x00007a39d4150788) [0x00007a39d4150880, 0x00007a39d4150da0] 
[4,370s][debug][gc,nmethod     ] GC(1) O: Unregister NMethod: io.sirix.access.trx.page.NodePageTrx.prepareRecordPage (0x00007a39d3acde88) [0x00007a39d3acdf80, 0x00007a39d3ad0528] 
[4,370s][debug][gc,nmethod     ] GC(1) O: Unregister NMethod: io.sirix.access.trx.node.AbstractNodeReadOnlyTrx.hasFirstChild (0x00007a39d3cd4d88) [0x00007a39d3cd4e80, 0x00007a39d3cd56a0] 
[4,370s][debug][gc,nmethod     ] GC(1) O: Unregister NMethod: io.sirix.access.trx.node.AbstractNodeHashing.adaptHashesWithAdd (0x00007a39d3b9a388) [0x00007a39d3b9a480, 0x00007a39d3b9a958] 
[4,370s][debug][gc,nmethod     ] GC(1) O: Unregister NMethod: java.lang.classfile.CodeBuilder.invoke (0x00007a39d379be08) [0x00007a39d379bf00, 0x00007a39d379c698] 
[4,370s][debug][gc,nmethod     ] GC(1) O: Unregister NMethod: jdk.internal.foreign.HeapMemorySegmentImpl$OfByte.unsafeGetOffset (0x00007a39d3e87c88) [0x00007a39d3e87d80, 0x00007a39d3e87e98] 
[4,370s][debug][gc,nmethod     ] GC(1) O: Unregister NMethod: io.sirix.access.trx.node.AbstractNodeReadOnlyTrx.hasRightSibling (0x00007a39f2d27408) [0x00007a39f2d27500, 0x00007a39f2d27f88] 
[4,370s][debug][gc,nmethod     ] GC(1) O: Unregister NMethod: io.sirix.page.NamePage.getCurrentMaxLevelOfIndirectPages (0x00007a39d43e0f88) [0x00007a39d43e1080, 0x00007a39d43e1228] 
[4,370s][debug][gc,nmethod     ] GC(1) O: Unregister NMethod: io.sirix.utils.XMLToken.isNCChar (0x00007a39d3dce788) [0x00007a39d3dce880, 0x00007a39d3dcec68] 
[4,370s][debug][gc,nmethod     ] GC(1) O: Unregister NMethod: io.sirix.axis.AbstractAxis.resetToLastKey (0x00007a39d3b39608) [0x00007a39d3b39700, 0x00007a39d3b39cb8] 
[4,370s][debug][gc,nmethod     ] GC(1) O: Unregister NMethod: io.sirix.node.GrowingMemorySegment.writeLong (0x00007a39f2ce0a08) [0x00007a39f2ce0b00, 0x00007a39f2ce0f98] 
[4,370s][debug][gc,nmethod     ] GC(1) O: Unregister NMethod: io.sirix.node.MemorySegmentBytesOut.writePosition (0x00007a39d3e07688) [0x00007a39d3e07780, 0x00007a39d3e07930] 
[4,370s][debug][gc,nmethod     ] GC(1) O: Unregister NMethod: io.brackit.query.node.parser.SAX2SubtreeHandlerAdapter.startElement (0x00007a39d4174708) [0x00007a39d4174800, 0x00007a39d41767e8] 
[4,370s][debug][gc,nmethod     ] GC(1) O: Unregister NMethod: io.sirix.page.KeyValueLeafPage.setSlot (0x00007a39d3e19e88) [0x00007a39d3e19f80, 0x00007a39d3e1a128] 
[4,370s][debug][gc,nmethod     ] GC(1) O: Unregister NMethod: jdk.internal.foreign.MemorySessionImpl.checkValidState (0x00007a39d3b01908) [0x00007a39d3b01a00, 0x00007a39d3b024e8] 
[4,370s][debug][gc,nmethod     ] GC(1) O: Unregister NMethod: io.sirix.node.xml.ElementNode.<init> (0x00007a39d3c95588) [0x00007a39d3c95680, 0x00007a39d3c96690] 
[4,370s][debug][gc,phases      ] GC(1) O: Concurrent Classes Unlink 12,005ms
[4,370s][debug][gc,phases,start] GC(1) O: Concurrent Classes Purge
[4,370s][debug][gc,nmethod     ] GC(1) O: Purge NMethod: java.lang.StringBuilder.length (0x00007a39d3451f08) [0x00007a39d3452000, 0x00007a39d3452118] 
[4,370s][debug][gc,nmethod     ] GC(1) O: Purge NMethod: io.sirix.axis.AbstractAxis.nextLong (0x00007a39d3b69e08) [0x00007a39d3b69f00, 0x00007a39d3b6a990] 
[4,370s][debug][gc,nmethod     ] GC(1) O: Purge NMethod: io.sirix.axis.ChildAxis.nextKey (0x00007a39d3ba9d08) [0x00007a39d3ba9e00, 0x00007a39d3baae30] 
[4,370s][debug][gc,nmethod     ] GC(1) O: Purge NMethod: java.nio.ByteBuffer.<init> (0x00007a39d3bc9588) [0x00007a39d3bc9680, 0x00007a39d3bc97c8] 
[4,370s][debug][gc,nmethod     ] GC(1) O: Purge NMethod: io.sirix.access.trx.page.NodePageTrx.getName (0x00007a39d404e988) [0x00007a39d404ea80, 0x00007a39d4050de8] 
[4,370s][debug][gc,nmethod     ] GC(1) O: Purge NMethod: jdk.internal.classfile.impl.AbstractPoolEntry$AbstractRefsEntry.writeTo (0x00007a39d3505a08) [0x00007a39d3505b00, 0x00007a39d35064a0] 
[4,370s][debug][gc,nmethod     ] GC(1) O: Purge NMethod: io.sirix.node.MemorySegmentBytesIn.readInt (0x00007a39d3fde008) [0x00007a39d3fde100, 0x00007a39d3fe1d10] 
[4,370s][debug][gc,nmethod     ] GC(1) O: Purge NMethod: io.sirix.node.SirixDeweyID.toBytes (0x00007a39d3e90788) [0x00007a39d3e90880, 0x00007a39d3e909e8] 
[4,370s][debug][gc,nmethod     ] GC(1) O: Purge NMethod: io.brackit.query.expr.StepExpr$AxisStepSequenceIter.close (0x00007a39d4103008) [0x00007a39d4103100, 0x00007a39d4103300] 
[4,370s][debug][gc,nmethod     ] GC(1) O: Purge NMethod: java.util.concurrent.ConcurrentHashMap.putIfAbsent (0x00007a39f2c94508) [0x00007a39f2c94600, 0x00007a39f2c96d88] 
[4,370s][debug][gc,nmethod     ] GC(1) O: Purge NMethod: java.lang.Short.valueOf (0x00007a39d3ff2488) [0x00007a39d3ff2580, 0x00007a39d3ff2898] 
[4,370s][debug][gc,nmethod     ] GC(1) O: Purge NMethod: io.sirix.node.SirixDeweyID.toBytes (0x00007a39d3ed9908) [0x00007a39d3ed9a00, 0x00007a39d3eda360] 
[4,370s][debug][gc,nmethod     ] GC(1) O: Purge NMethod: java.lang.String.compareTo (0x00007a39d37c1c88) [0x00007a39d37c1d80, 0x00007a39d37c25b0] 
[4,370s][debug][gc,nmethod     ] GC(1) O: Purge NMethod: io.sirix.node.json.JsonNodeSerializer.readSizePrefix (0x00007a39d40e5f08) [0x00007a39d40e6000, 0x00007a39d40e6220] 
[4,370s][debug][gc,nmethod     ] GC(1) O: Purge NMethod: com.google.common.base.Preconditions.checkArgument (0x00007a39d3acc088) [0x00007a39d3acc180, 0x00007a39d3acc600] 
[4,370s][debug][gc,nmethod     ] GC(1) O: Purge NMethod: io.sirix.cache.IndexLogKey.equals (0x00007a39d3cbaa88) [0x00007a39d3cbab80, 0x00007a39d3cbb4c8] 
[4,370s][debug][gc,nmethod     ] GC(1) O: Purge NMethod: jdk.internal.foreign.Utils.checkAlign (0x00007a39d3b7c488) [0x00007a39d3b7c580, 0x00007a39d3b7d2d8] 
[4,370s][debug][gc,nmethod     ] GC(1) O: Purge NMethod: jdk.internal.classfile.impl.Util.parameterSlots (0x00007a39d34fc188) [0x00007a39d34fc280, 0x00007a39d34fc710] 
[4,370s][debug][gc,nmethod     ] GC(1) O: Purge NMethod: java.lang.String.indexOf (0x00007a39d34df188) [0x00007a39d34df280, 0x00007a39d34dfc38] 
[4,370s][debug][gc,nmethod     ] GC(1) O: Purge NMethod: io.sirix.node.SirixDeweyID.setDivisionBitArray (0x00007a39d3e7f208) [0x00007a39d3e7f300, 0x00007a39d3e7f7c8] 
[4,370s][debug][gc,nmethod     ] GC(1) O: Purge NMethod: io.sirix.access.trx.node.AbstractNodeHashing.setAddDescendants (0x00007a39d3aefe88) [0x00007a39d3aeff80, 0x00007a39d3af0b08] 
[4,370s][debug][gc,nmethod     ] GC(1) O: Purge NMethod: io.sirix.node.MemorySegmentBytesOut.writeLong (0x00007a39d3ac8108) [0x00007a39d3ac8200, 0x00007a39d3ac8398] 
[4,370s][debug][gc,nmethod     ] GC(1) O: Purge NMethod: com.sun.org.apache.xerces.internal.impl.XMLScanner.scanAttributeValue (0x00007a39d3d60108) [0x00007a39d3d60200, 0x00007a39d3d6a900] 
[4,370s][debug][gc,nmethod     ] GC(1) O: Purge NMethod: com.sun.org.apache.xerces.internal.impl.XMLEntityScanner.checkBeforeLoad (0x00007a39d3db5c88) [0x00007a39d3db5d80, 0x00007a39d3db62b0] 
[4,370s][debug][gc,nmethod     ] GC(1) O: Purge NMethod: it.unimi.dsi.fastutil.ints.Int2IntOpenHashMap.put (0x00007a39f2d4c588) [0x00007a39f2d4c680, 0x00007a39f2d4c978] 
[4,370s][debug][gc,nmethod     ] GC(1) O: Purge NMethod: com.sun.org.apache.xerces.internal.parsers.AbstractSAXParser.startElement (0x00007a39d41a0908) [0x00007a39d41a0a00, 0x00007a39d41a2cc8] 
[4,370s][debug][gc,nmethod     ] GC(1) O: Purge NMethod: io.sirix.node.delegates.StructNodeDelegate.incrementChildCount (0x00007a39d3db6d88) [0x00007a39d3db6e80, 0x00007a39d3db6f90] 
[4,370s][debug][gc,nmethod     ] GC(1) O: Purge NMethod: jdk.internal.foreign.AbstractMemorySegmentImpl.get (0x00007a39d3a64d08) [0x00007a39d3a64e00, 0x00007a39d3a68730] 
[4,370s][debug][gc,nmethod     ] GC(1) O: Purge NMethod: jdk.internal.foreign.layout.ValueLayouts$AbstractValueLayout.assertCarrierSize (0x00007a39d3f23888) [0x00007a39d3f23980, 0x00007a39d3f23a90] 
[4,370s][debug][gc,nmethod     ] GC(1) O: Purge NMethod: java.util.concurrent.ConcurrentHashMap.get (0x00007a39d378a188) [0x00007a39d378a280, 0x00007a39d378b298] 
[4,370s][debug][gc,nmethod     ] GC(1) O: Purge NMethod: io.sirix.cache.LinuxMemorySegmentAllocator.partitionVirtualRegion (0x00007a39d3491c08) [0x00007a39d3491d00, 0x00007a39d3492b18] 
[4,370s][debug][gc,nmethod     ] GC(1) O: Purge NMethod: java.util.BitSet.get (0x00007a39d36a9a88) [0x00007a39d36a9b80, 0x00007a39d36aaa28] 
[4,370s][debug][gc,nmethod     ] GC(1) O: Purge NMethod: io.sirix.node.MemorySegmentBytesOut.getDestination (0x00007a39d3b82608) [0x00007a39d3b82700, 0x00007a39d3b82888] 
[4,371s][debug][gc,nmethod     ] GC(1) O: Purge NMethod: com.sun.org.apache.xerces.internal.util.NamespaceSupport.pushContext (0x00007a39d4193b88) [0x00007a39d4193c80, 0x00007a39d4193ff0] 
[4,371s][debug][gc,nmethod     ] GC(1) O: Purge NMethod: com.sun.org.apache.xerces.internal.util.SymbolTable.addSymbol (0x00007a39d3c46a08) [0x00007a39d3c46b00, 0x00007a39d3c47040] 
[4,371s][debug][gc,nmethod     ] GC(1) O: Purge NMethod: io.sirix.axis.AbstractAxis.<init> (0x00007a39f2d19088) [0x00007a39f2d19180, 0x00007a39f2d19548] 
[4,371s][debug][gc,nmethod     ] GC(1) O: Purge NMethod: io.sirix.node.NullNode.<init> (0x00007a39d3dd5688) [0x00007a39d3dd5780, 0x00007a39d3dd5cb8] 
[4,371s][debug][gc,nmethod     ] GC(1) O: Purge NMethod: java.util.concurrent.locks.ReentrantLock$NonfairSync.initialTryLock (0x00007a39d40d6c08) [0x00007a39d40d6d00, 0x00007a39d40d79f0] 
[4,371s][debug][gc,nmethod     ] GC(1) O: Purge NMethod: jdk.internal.foreign.AbstractMemorySegmentImpl.isAlignedForElement (0x00007a39d3811988) [0x00007a39d3811a80, 0x00007a39d3811c50] 
[4,371s][debug][gc,nmethod     ] GC(1) O: Purge NMethod: it.unimi.dsi.fastutil.ints.Int2LongOpenHashMap.get (0x00007a39f2d2be88) [0x00007a39f2d2bf80, 0x00007a39f2d2c2e0] 
[4,371s][debug][gc,nmethod     ] GC(1) O: Purge NMethod: java.nio.Buffer.remaining (0x00007a39d3572408) [0x00007a39d3572500, 0x00007a39d3572670] 
[4,371s][debug][gc,nmethod     ] GC(1) O: Purge NMethod: jdk.internal.foreign.AbstractMemorySegmentImpl.asSlice (0x00007a39d3482888) [0x00007a39d3482980, 0x00007a39d3482c78] 
[4,371s][debug][gc,nmethod     ] GC(1) O: Purge NMethod: io.sirix.access.trx.page.NodePageReadOnlyTrx.getReferenceToLeafOfSubtree (0x00007a39d4039088) [0x00007a39d4039180, 0x00007a39d403a2b0] 
[4,371s][debug][gc,nmethod     ] GC(1) O: Purge NMethod: io.sirix.axis.filter.FilterAxis.<init> (0x00007a39d3c66388) [0x00007a39d3c66480, 0x00007a39d3c69018] 
[4,371s][debug][gc,nmethod     ] GC(1) O: Purge NMethod: jdk.internal.loader.URLClassPath$FileLoader.getResource (0x00007a39d36f0288) [0x00007a39d36f0380, 0x00007a39d36f2598] 
[4,371s][debug][gc,nmethod     ] GC(1) O: Purge NMethod: java.lang.AbstractStringBuilder.append (0x00007a39f2c24808) [0x00007a39f2c24900, 0x00007a39f2c250a0] 
[4,371s][debug][gc,nmethod     ] GC(1) O: Purge NMethod: com.sun.org.apache.xerces.internal.util.NamespaceSupport.pushContext (0x00007a39f2dc8c08) [0x00007a39f2dc8d00, 0x00007a39f2dc8e40] 
[4,371s][debug][gc,nmethod     ] GC(1) O: Purge NMethod: io.sirix.access.trx.node.AbstractNodeTrxImpl.checkAccessAndCommit (0x00007a39d3b96508) [0x00007a39d3b96600, 0x00007a39d3b97188] 
[4,371s][debug][gc,nmethod     ] GC(1) O: Purge NMethod: io.sirix.access.trx.page.NodePageReadOnlyTrx.getPathSummaryPage (0x00007a39d3dcbe88) [0x00007a39d3dcbf80, 0x00007a39d3dccf58] 
[4,371s][debug][gc,nmethod     ] GC(1) O: Purge NMethod: io.sirix.node.xml.TextNode.<init> (0x00007a39d3c38d88) [0x00007a39d3c38e80, 0x00007a39d3c396a0] 
[4,371s][debug][gc,nmethod     ] GC(1) O: Purge NMethod: io.sirix.axis.AbstractAxis.hasNext (0x00007a39d4278e88) [0x00007a39d4278f80, 0x00007a39d4279a48] 
[4,371s][debug][gc,nmethod     ] GC(1) O: Purge NMethod: java.util.HashMap.<init> (0x00007a39d3440888) [0x00007a39d3440980, 0x00007a39d3440b40] 
[4,371s][debug][gc,nmethod     ] GC(1) O: Purge NMethod: io.sirix.node.xml.ElementNode.getParentKey (0x00007a39d3aead08) [0x00007a39d3aeae00, 0x00007a39d3aefde8] 
[4,371s][debug][gc,nmethod     ] GC(1) O: Purge NMethod: java.lang.CharacterDataLatin1.equalsIgnoreCase (0x00007a39f2c93788) [0x00007a39f2c93880, 0x00007a39f2c93990] 
[4,371s][debug][gc,nmethod     ] GC(1) O: Purge NMethod: io.sirix.axis.AbstractAxis.<init> (0x00007a39d40b5388) [0x00007a39d40b5480, 0x00007a39d40b5ed0] 
[4,371s][debug][gc,nmethod     ] GC(1) O: Purge NMethod: io.sirix.access.trx.page.NodePageTrx.createRecord (0x00007a39d416e188) [0x00007a39d416e280, 0x00007a39d41746c8] 
[4,371s][debug][gc,nmethod     ] GC(1) O: Purge NMethod: io.sirix.access.trx.node.AbstractNodeReadOnlyTrx.hasNode (0x00007a39f2d48188) [0x00007a39f2d48280, 0x00007a39f2d491b0] 
[4,371s][debug][gc,nmethod     ] GC(1) O: Purge NMethod: io.sirix.node.xml.AttributeNode.computeHash (0x00007a39d3d7ec88) [0x00007a39d3d7ed80, 0x00007a39d3d955e0] 
[4,371s][debug][gc,nmethod     ] GC(1) O: Purge NMethod: java.lang.String.<init> (0x00007a39f2d1e288) [0x00007a39f2d1e380, 0x00007a39f2d1e700] 
[4,371s][debug][gc,nmethod     ] GC(1) O: Purge NMethod: com.sun.org.apache.xerces.internal.xni.XMLString.setValues (0x00007a39d3d0db08) [0x00007a39d3d0dc00, 0x00007a39d3d0dd80] 
[4,371s][debug][gc,nmethod     ] GC(1) O: Purge NMethod: jdk.internal.classfile.impl.SplitConstantPool.classEntry (0x00007a39d3510508) [0x00007a39d3510600, 0x00007a39d35122b8] 
[4,371s][debug][gc,nmethod     ] GC(1) O: Purge NMethod: io.sirix.access.trx.node.xml.XmlNodeReadOnlyTrxImpl.hasAttributes (0x00007a39d3d5e888) [0x00007a39d3d5e980, 0x00007a39d3d5f900] 
[4,371s][debug][gc,nmethod     ] GC(1) O: Purge NMethod: jdk.internal.foreign.SegmentFactories.allocateNativeSegment (0x00007a39d3b80008) [0x00007a39d3b80100, 0x00007a39d3b806c0] 
[4,371s][debug][gc,nmethod     ] GC(1) O: Purge NMethod: jdk.internal.foreign.MemorySessionImpl.addInternal (0x00007a39d3b7b108) [0x00007a39d3b7b200, 0x00007a39d3b7c170] 
[4,371s][debug][gc,nmethod     ] GC(1) O: Purge NMethod: io.sirix.axis.filter.FilterAxis.<init> (0x00007a39f2d57988) [0x00007a39f2d57a80, 0x00007a39f2d58a80] 
[4,371s][debug][gc,nmethod     ] GC(1) O: Purge NMethod: java.io.File.isInvalid (0x00007a39d3479808) [0x00007a39d3479900, 0x00007a39d3479eb0] 
[4,371s][debug][gc,nmethod     ] GC(1) O: Purge NMethod: java.lang.invoke.Invokers$Holder.linkToTargetMethod (0x00007a39d36da108) [0x00007a39d36da200, 0x00007a39d36da6f8] 
[4,371s][debug][gc,nmethod     ] GC(1) O: Purge NMethod: java.lang.String.checkBoundsBeginEnd (0x00007a39d341f788) [0x00007a39d341f880, 0x00007a39d341fa98] 
[4,371s][debug][gc,nmethod     ] GC(1) O: Purge NMethod: java.lang.String.indexOf (0x00007a39f2ca5608) [0x00007a39f2ca5700, 0x00007a39f2ca59d8] 
[4,371s][debug][gc,nmethod     ] GC(1) O: Purge NMethod: io.sirix.access.trx.page.NodePageTrx.getRecord (0x00007a39d3ae8c08) [0x00007a39d3ae8d00, 0x00007a39d3aeaca0] 
[4,371s][debug][gc,nmethod     ] GC(1) O: Purge NMethod: org.magicwerk.brownies.collections.GapList.get (0x00007a39d4148b88) [0x00007a39d4148c80, 0x00007a39d414a678] 
[4,371s][debug][gc,nmethod     ] GC(1) O: Purge NMethod: java.io.File.<init> (0x00007a39d36eee08) [0x00007a39d36eef00, 0x00007a39d36efdc8] 
[4,371s][debug][gc,nmethod     ] GC(1) O: Purge NMethod: it.unimi.dsi.fastutil.ints.Int2LongOpenHashMap.get (0x00007a39d4163d88) [0x00007a39d4163e80, 0x00007a39d41643d0] 
[4,371s][debug][gc,nmethod     ] GC(1) O: Purge NMethod: io.sirix.page.KeyValueLeafPage.getSlotAsByteArray (0x00007a39d3974408) [0x00007a39d3974500, 0x00007a39d3974b98] 
[4,371s][debug][gc,nmethod     ] GC(1) O: Purge NMethod: io.sirix.node.GrowingMemorySegment.write (0x00007a39d3c15f08) [0x00007a39d3c16000, 0x00007a39d3c1bb98] 
[4,371s][debug][gc,nmethod     ] GC(1) O: Purge NMethod: com.sun.org.apache.xerces.internal.impl.XMLDocumentFragmentScannerImpl.checkDepth (0x00007a39d3c88988) [0x00007a39d3c88a80, 0x00007a39d3c8bcd8] 
[4,371s][debug][gc,nmethod     ] GC(1) O: Purge NMethod: jdk.internal.classfile.impl.StackMapGenerator$Frame.checkLocal (0x00007a39d356e188) [0x00007a39d356e280, 0x00007a39d356eed8] 
[4,371s][debug][gc,nmethod     ] GC(1) O: Purge NMethod: java.lang.classfile.CodeBuilder.loadConstant (0x00007a39d3833308) [0x00007a39d3833400, 0x00007a39d38363d8] 
[4,371s][debug][gc,nmethod     ] GC(1) O: Purge NMethod: java.nio.HeapByteBuffer.putLong (0x00007a39d3f3ea88) [0x00007a39d3f3eb80, 0x00007a39d3f3f058] 
[4,371s][debug][gc,nmethod     ] GC(1) O: Purge NMethod: org.magicwerk.brownies.collections.GapList.get (0x00007a39f2d44a88) [0x00007a39f2d44b80, 0x00007a39f2d44d18] 
[4,371s][debug][gc,nmethod     ] GC(1) O: Purge NMethod: jdk.internal.foreign.AbstractMemorySegmentImpl.asSliceNoCheck (0x00007a39d3424188) [0x00007a39d3424280, 0x00007a39d34245c0] 
[4,371s][debug][gc,nmethod     ] GC(1) O: Purge NMethod: io.sirix.utils.XMLToken.isNCChar (0x00007a39d3b24608) [0x00007a39d3b24700, 0x00007a39d3b24ae8] 
[4,371s][debug][gc,nmethod     ] GC(1) O: Purge NMethod: io.sirix.axis.AbstractAxis.hasNext (0x00007a39d40abe88) [0x00007a39d40abf80, 0x00007a39d40aca48] 
[4,371s][debug][gc,nmethod     ] GC(1) O: Purge NMethod: java.lang.ClassLoader.getClassLoadingLock (0x00007a39d34c9208) [0x00007a39d34c9300, 0x00007a39d34c97d0] 
[4,371s][debug][gc,nmethod     ] GC(1) O: Purge NMethod: io.sirix.utils.XMLToken.isNCStartChar (0x00007a39f2cee988) [0x00007a39f2ceea80, 0x00007a39f2ceeb60] 
[4,371s][debug][gc,nmethod     ] GC(1) O: Purge NMethod: com.sun.org.apache.xerces.internal.impl.XMLEntityScanner.scanQName (0x00007a39d3c5fe08) [0x00007a39d3c5ff00, 0x00007a39d3c621a0] 
[4,371s][debug][gc,nmethod     ] GC(1) O: Purge NMethod: jdk.internal.foreign.SegmentFactories.initNativeMemory (0x00007a39d396f708) [0x00007a39d396f800, 0x00007a39d396fa20] 
[4,371s][debug][gc,nmethod     ] GC(1) O: Purge NMethod: io.sirix.node.NodeKind.serializeNameDelegate (0x00007a39d3edc388) [0x00007a39d3edc480, 0x00007a39d3edc798] 
[4,371s][debug][gc,nmethod     ] GC(1) O: Purge NMethod: io.sirix.access.trx.page.NodePageTrx.lambda$getPageContainer$0 (0x00007a39d4038088) [0x00007a39d4038180, 0x00007a39d4039078] 
[4,371s][debug][gc,nmethod     ] GC(1) O: Purge NMethod: io.sirix.access.trx.node.xml.ForwardingXmlNodeReadOnlyTrx.hasRightSibling (0x00007a39d3bfe688) [0x00007a39d3bfe780, 0x00007a39d3bfed80] 
[4,371s][debug][gc,nmethod     ] GC(1) O: Purge NMethod: jdk.internal.foreign.Utils.isPowerOfTwo (0x00007a39d3f23588) [0x00007a39d3f23680, 0x00007a39d3f237c0] 
[4,371s][debug][gc,nmethod     ] GC(1) O: Purge NMethod: java.util.concurrent.ConcurrentHashMap.sumCount (0x00007a39d3f3f088) [0x00007a39d3f3f180, 0x00007a39d3f3f388] 
[4,371s][debug][gc,nmethod     ] GC(1) O: Purge NMethod: io.sirix.node.xml.AbstractStructForwardingNode.getRightSiblingKey (0x00007a39d3c1d308) [0x00007a39d3c1d400, 0x00007a39d3c1d730] 
[4,371s][debug][gc,nmethod     ] GC(1) O: Purge NMethod: com.sun.org.apache.xerces.internal.impl.XMLNSDocumentScannerImpl.scanAttribute (0x00007a39d3d97b88) [0x00007a39d3d97c80, 0x00007a39d3d9fd20] 
[4,371s][debug][gc,nmethod     ] GC(1) O: Purge NMethod: java.lang.foreign.MemorySegment.copy (0x00007a39d3b5a608) [0x00007a39d3b5a700, 0x00007a39d3b626f0] 
[4,371s][debug][gc,nmethod     ] GC(1) O: Purge NMethod: io.sirix.query.node.SubtreeBuilder.text (0x00007a39d3c30d08) [0x00007a39d3c30e00, 0x00007a39d3c317a8] 
[4,371s][debug][gc,nmethod     ] GC(1) O: Purge NMethod: java.nio.ByteBuffer.order (0x00007a39d3b91f88) [0x00007a39d3b92080, 0x00007a39d3b922a0] 
[4,371s][debug][gc,nmethod     ] GC(1) O: Purge NMethod: io.sirix.cache.LinuxMemorySegmentAllocator.partitionVirtualRegion (0x00007a39f2ca3308) [0x00007a39f2ca3400, 0x00007a39f2ca4268] 
[4,371s][debug][gc,nmethod     ] GC(1) O: Purge NMethod: java.util.Arrays.fill (0x00007a39d3535908) [0x00007a39d3535a00, 0x00007a39d3535b88] 
[4,371s][debug][gc,nmethod     ] GC(1) O: Purge NMethod: jdk.internal.misc.ScopedMemoryAccess.putLongUnaligned (0x00007a39d3a94f88) [0x00007a39d3a95080, 0x00007a39d3a95f08] 
[4,371s][debug][gc,nmethod     ] GC(1) O: Purge NMethod: jdk.internal.foreign.GlobalSession.release0 (0x00007a39d3f95688) [0x00007a39d3f95780, 0x00007a39d3f95880] 
[4,371s][debug][gc,nmethod     ] GC(1) O: Purge NMethod: com.sun.org.apache.xerces.internal.util.XMLAttributesImpl.addAttributeNS (0x00007a39d3d48588) [0x00007a39d3d48680, 0x00007a39d3d49b80] 
[4,371s][debug][gc,nmethod     ] GC(1) O: Purge NMethod: com.sun.org.apache.xerces.internal.impl.XMLEntityScanner.skipSpaces (0x00007a39d41a2d08) [0x00007a39d41a2e00, 0x00007a39d41a4080] 
[4,371s][debug][gc,nmethod     ] GC(1) O: Purge NMethod: io.sirix.node.NodeKind$4.deserialize (0x00007a39d40f2b88) [0x00007a39d40f2c80, 0x00007a39d40f4838] 
[4,371s][debug][gc,nmethod     ] GC(1) O: Purge NMethod: io.sirix.index.path.summary.PathNode.<init> (0x00007a39d3dbbe88) [0x00007a39d3dbbf80, 0x00007a39d3dbcbc8] 
[4,371s][debug][gc,nmethod     ] GC(1) O: Purge NMethod: io.sirix.utils.OS.isWindows (0x00007a39d3fe2088) [0x00007a39d3fe2180, 0x00007a39d3fe2268] 
[4,371s][debug][gc,nmethod     ] GC(1) O: Purge NMethod: io.sirix.index.path.summary.PathNode.<init> (0x00007a39f2f42d88) [0x00007a39f2f42e80, 0x00007a39f2f43240] 
[4,371s][debug][gc,nmethod     ] GC(1) O: Purge NMethod: io.sirix.node.xml.ElementNode.getHash (0x00007a39d3ae1f88) [0x00007a39d3ae2080, 0x00007a39d3ae58f0] 
[4,371s][debug][gc,nmethod     ] GC(1) O: Purge NMethod: io.sirix.access.trx.node.xml.XmlNodeReadOnlyTrxImpl.getNode (0x00007a39f2cfd208) [0x00007a39f2cfd300, 0x00007a39f2cfd4e0] 
[4,372s][debug][gc,nmethod     ] GC(1) O: Purge NMethod: java.lang.Long.bitCount (0x00007a39d35f2008) [0x00007a39d35f2100, 0x00007a39d35f2268] 
[4,372s][debug][gc,nmethod     ] GC(1) O: Purge NMethod: io.sirix.access.trx.node.AbstractNodeReadOnlyTrx.getStructuralNode (0x00007a39d3b30588) [0x00007a39d3b30680, 0x00007a39d3b31138] 
[4,372s][debug][gc,nmethod     ] GC(1) O: Purge NMethod: io.sirix.node.xml.TextNode.getRawValue (0x00007a39d3c38908) [0x00007a39d3c38a00, 0x00007a39d3c38d18] 
[4,372s][debug][gc,nmethod     ] GC(1) O: Purge NMethod: java.lang.Math.clamp (0x00007a39d3577008) [0x00007a39d3577100, 0x00007a39d35781c8] 
[4,372s][debug][gc,nmethod     ] GC(1) O: Purge NMethod: io.brackit.query.node.parser.SAX2SubtreeHandlerAdapter.startElement (0x00007a39f2d7bd88) [0x00007a39f2d7be80, 0x00007a39f2d7f500] 
[4,372s][debug][gc,nmethod     ] GC(1) O: Purge NMethod: it.unimi.dsi.fastutil.ints.Int2IntOpenHashMap.get (0x00007a39d3c92588) [0x00007a39d3c92680, 0x00007a39d3c92be0] 
[4,372s][debug][gc,nmethod     ] GC(1) O: Purge NMethod: io.sirix.node.xml.ElementNode.setFirstChildKey (0x00007a39d3ce5088) [0x00007a39d3ce5180, 0x00007a39d3cea2a8] 
[4,372s][debug][gc,nmethod     ] GC(1) O: Purge NMethod: io.sirix.access.trx.node.AbstractNodeReadOnlyTrx.setCurrentNode (0x00007a39d3ac9b08) [0x00007a39d3ac9c00, 0x00007a39d3aca0a0] 
[4,372s][debug][gc,nmethod     ] GC(1) O: Purge NMethod: java.lang.String.<init> (0x00007a39d34e3708) [0x00007a39d34e3800, 0x00007a39d34e7670] 
[4,372s][debug][gc,nmethod     ] GC(1) O: Purge NMethod: jdk.internal.misc.Unsafe.getLongUnaligned (0x00007a39d3a92e08) [0x00007a39d3a92f00, 0x00007a39d3a930e0] 
[4,372s][debug][gc,nmethod     ] GC(1) O: Purge NMethod: io.sirix.index.path.summary.PathSummaryWriter.movePathSummary (0x00007a39d3cc1488) [0x00007a39d3cc1580, 0x00007a39d3cc3c58] 
[4,372s][debug][gc,nmethod     ] GC(1) O: Purge NMethod: io.sirix.node.xml.ElementNode.<init> (0x00007a39d40f1408) [0x00007a39d40f1500, 0x00007a39d40f1800] 
[4,372s][debug][gc,nmethod     ] GC(1) O: Purge NMethod: org.magicwerk.brownies.collections.GapList.doGet (0x00007a39d3aff608) [0x00007a39d3aff700, 0x00007a39d3affa38] 
[4,372s][debug][gc,nmethod     ] GC(1) O: Purge NMethod: com.sun.org.apache.xerces.internal.impl.XMLEntityScanner.scanChar (0x00007a39f2d49908) [0x00007a39f2d49a00, 0x00007a39f2d49c28] 
[4,372s][debug][gc,nmethod     ] GC(1) O: Purge NMethod: io.sirix.access.trx.page.NodePageTrx.prepareRecordPage (0x00007a39f2ced388) [0x00007a39f2ced480, 0x00007a39f2cee008] 
[4,372s][debug][gc,nmethod     ] GC(1) O: Purge NMethod: com.sun.org.apache.xerces.internal.impl.XMLEntityScanner.skipChar (0x00007a39d3b27408) [0x00007a39d3b27500, 0x00007a39d3b27a48] 
[4,372s][debug][gc,nmethod     ] GC(1) O: Purge NMethod: java.util.HashSet.isEmpty (0x00007a39d3445d08) [0x00007a39d3445e00, 0x00007a39d34461a8] 
[4,372s][debug][gc,nmethod     ] GC(1) O: Purge NMethod: jdk.internal.foreign.MemorySessionImpl$ResourceList.cleanupSingle (0x00007a39d3e83c08) [0x00007a39d3e83d00, 0x00007a39d3e842a8] 
[4,372s][debug][gc,nmethod     ] GC(1) O: Purge NMethod: java.util.concurrent.atomic.AtomicLong.compareAndSet (0x00007a39d3b24b08) [0x00007a39d3b24c00, 0x00007a39d3b24d20] 
[4,372s][debug][gc,nmethod     ] GC(1) O: Purge NMethod: java.io.OutputStream.flush (0x00007a39d3fa4408) [0x00007a39d3fa4500, 0x00007a39d3fa4600] 
[4,372s][debug][gc,nmethod     ] GC(1) O: Purge NMethod: java.util.concurrent.ConcurrentHashMap.putVal (0x00007a39d36b5c08) [0x00007a39d36b5d00, 0x00007a39d36b8248] 
[4,372s][debug][gc,nmethod     ] GC(1) O: Purge NMethod: jdk.internal.foreign.Utils.checkElementAlignment (0x00007a39d35f3308) [0x00007a39d35f3400, 0x00007a39d35f3aa8] 
[4,372s][debug][gc,nmethod     ] GC(1) O: Purge NMethod: jdk.internal.classfile.impl.SplitConstantPool.maybeCloneUtf8Entry (0x00007a39d34ea108) [0x00007a39d34ea200, 0x00007a39d34eb2a0] 
[4,372s][debug][gc,nmethod     ] GC(1) O: Purge NMethod: jdk.internal.misc.Unsafe.checkSize (0x00007a39d3995388) [0x00007a39d3995480, 0x00007a39d39956e0] 
[4,372s][debug][gc,nmethod     ] GC(1) O: Purge NMethod: jdk.internal.foreign.AbstractMemorySegmentImpl.isAlignedForElement (0x00007a39d3a8f388) [0x00007a39d3a8f480, 0x00007a39d3a8fe40] 
[4,372s][debug][gc,nmethod     ] GC(1) O: Purge NMethod: jdk.internal.foreign.layout.ValueLayouts$OfByteImpl.dup (0x00007a39d3e81908) [0x00007a39d3e81a00, 0x00007a39d3e81b18] 
[4,372s][debug][gc,nmethod     ] GC(1) O: Purge NMethod: io.sirix.page.PathSummaryPage.getMaxNodeKey (0x00007a39d3db7088) [0x00007a39d3db7180, 0x00007a39d3db7338] 
[4,372s][debug][gc,nmethod     ] GC(1) O: Purge NMethod: io.sirix.axis.ChildAxis.reset (0x00007a39d3c63288) [0x00007a39d3c63380, 0x00007a39d3c63568] 
[4,372s][debug][gc,nmethod     ] GC(1) O: Purge NMethod: io.sirix.access.trx.node.xml.XmlNodeReadOnlyTrxImpl.isDocumentRoot (0x00007a39d3cbf608) [0x00007a39d3cbf700, 0x00007a39d3cc01a8] 
[4,372s][debug][gc,nmethod     ] GC(1) O: Purge NMethod: com.sun.org.apache.xerces.internal.impl.XMLEntityScanner.scanQName (0x00007a39f2d1f988) [0x00007a39f2d1fa80, 0x00007a39f2d20e38] 
[4,372s][debug][gc,nmethod     ] GC(1) O: Purge NMethod: com.sun.org.apache.xerces.internal.impl.XMLEntityScanner.scanContent (0x00007a39d3dccf88) [0x00007a39d3dcd080, 0x00007a39d3dcdff8] 
[4,372s][debug][gc,nmethod     ] GC(1) O: Purge NMethod: io.brackit.query.node.parser.SAX2SubtreeHandlerAdapter.endElement (0x00007a39d3cbd888) [0x00007a39d3cbd980, 0x00007a39d3cbf5d8] 
[4,372s][debug][gc,nmethod     ] GC(1) O: Purge NMethod: jdk.internal.foreign.Utils.checkNonNegativeIndex (0x00007a39d3b42908) [0x00007a39d3b42a00, 0x00007a39d3b43bc8] 
[4,372s][debug][gc,nmethod     ] GC(1) O: Purge NMethod: jdk.internal.classfile.impl.AbstractPoolEntry$AbstractRefsEntry.<init> (0x00007a39d34fc788) [0x00007a39d34fc880, 0x00007a39d34fd080] 
[4,372s][debug][gc,nmethod     ] GC(1) O: Purge NMethod: io.sirix.access.trx.node.xml.XmlNodeTrxImpl.insertTextAsFirstChild (0x00007a39d3d05508) [0x00007a39d3d05600, 0x00007a39d3d0d5c0] 
[4,372s][debug][gc,nmethod     ] GC(1) O: Purge NMethod: java.util.concurrent.ForkJoinPool$WorkQueue.unlockPhase (0x00007a39d414fd88) [0x00007a39d414fe80, 0x00007a39d414ff90] 
[4,372s][debug][gc,nmethod     ] GC(1) O: Purge NMethod: java.nio.Buffer.position (0x00007a39d376b488) [0x00007a39d376b580, 0x00007a39d376b7c0] 
[4,372s][debug][gc,nmethod     ] GC(1) O: Purge NMethod: io.sirix.cache.LinuxMemorySegmentAllocator.partitionVirtualRegion (0x00007a39f2ca0f88) [0x00007a39f2ca1080, 0x00007a39f2ca1fe8] 
[4,372s][debug][gc,nmethod     ] GC(1) O: Purge NMethod: java.util.stream.ReduceOps$3.makeSink (0x00007a39d37da608) [0x00007a39d37da700, 0x00007a39d37da848] 
[4,372s][debug][gc,nmethod     ] GC(1) O: Purge NMethod: jdk.internal.misc.Unsafe.checkNativeAddress (0x00007a39d3861f88) [0x00007a39d3862080, 0x00007a39d3862190] 
[4,372s][debug][gc,nmethod     ] GC(1) O: Purge NMethod: io.brackit.query.node.parser.SAX2SubtreeHandlerAdapter.characters (0x00007a39d3c1d788) [0x00007a39d3c1d880, 0x00007a39d3c1dba0] 
[4,372s][debug][gc,nmethod     ] GC(1) O: Purge NMethod: it.unimi.dsi.fastutil.shorts.AbstractShortList.ensureIndex (0x00007a39d4034988) [0x00007a39d4034a80, 0x00007a39d4036d60] 
[4,372s][debug][gc,nmethod     ] GC(1) O: Purge NMethod: java.lang.foreign.MemorySegment.copy (0x00007a39d3e1d388) [0x00007a39d3e1d480, 0x00007a39d3e2dd88] 
[4,372s][debug][gc,nmethod     ] GC(1) O: Purge NMethod: io.sirix.node.xml.ElementNode.setRightSiblingKey (0x00007a39d3cea308) [0x00007a39d3cea400, 0x00007a39d3cef528] 
[4,372s][debug][gc,nmethod     ] GC(1) O: Purge NMethod: jdk.internal.foreign.ArenaImpl.<init> (0x00007a39d3b81b08) [0x00007a39d3b81c00, 0x00007a39d3b81fe0] 
[4,372s][debug][gc,nmethod     ] GC(1) O: Purge NMethod: java.lang.Class.getPackageName (0x00007a39d348e188) [0x00007a39d348e280, 0x00007a39d3490488] 
[4,372s][debug][gc,nmethod     ] GC(1) O: Purge NMethod: net.openhft.hashing.XXH3.XXH3_64bits_internal (0x00007a39d3bd4e88) [0x00007a39d3bd4f80, 0x00007a39d3bf3948] 
[4,372s][debug][gc,nmethod     ] GC(1) O: Purge NMethod: sun.security.provider.DigestBase.implCompressMultiBlock0 (0x00007a39d3f94108) [0x00007a39d3f94200, 0x00007a39d3f94668] 
[4,372s][debug][gc,nmethod     ] GC(1) O: Purge NMethod: io.sirix.access.trx.page.NodePageReadOnlyTrx.loadPage (0x00007a39f2d49608) [0x00007a39f2d49700, 0x00007a39f2d49800] 
[4,372s][debug][gc,nmethod     ] GC(1) O: Purge NMethod: io.sirix.page.KeyValueLeafPage.alignOffset (0x00007a39d3466b08) [0x00007a39d3466c00, 0x00007a39d3466ce8] 
[4,372s][debug][gc,nmethod     ] GC(1) O: Purge NMethod: io.sirix.utils.XMLToken.ncName (0x00007a39d3c62a08) [0x00007a39d3c62b00, 0x00007a39d3c62f58] 
[4,372s][debug][gc,nmethod     ] GC(1) O: Purge NMethod: io.sirix.access.trx.page.NodePageReadOnlyTrx.assertNotClosed (0x00007a39d35f1c88) [0x00007a39d35f1d80, 0x00007a39d35f1f98] 
[4,372s][debug][gc,nmethod     ] GC(1) O: Purge NMethod: io.sirix.node.MemorySegmentBytesOut.writeInt (0x00007a39f2cf2b88) [0x00007a39f2cf2c80, 0x00007a39f2cf3190] 
[4,372s][debug][gc,nmethod     ] GC(1) O: Purge NMethod: io.sirix.node.xml.ElementNode.incrementChildCount (0x00007a39d3bab308) [0x00007a39d3bab400, 0x00007a39d3babb30] 
[4,372s][debug][gc,nmethod     ] GC(1) O: Purge NMethod: java.lang.Integer.numberOfLeadingZeros (0x00007a39d34e8208) [0x00007a39d34e8300, 0x00007a39d34e8580] 
[4,372s][debug][gc,nmethod     ] GC(1) O: Purge NMethod: io.sirix.access.trx.page.NodePageReadOnlyTrx.getRecord (0x00007a39d403c588) [0x00007a39d403c680, 0x00007a39d403e0b8] 
[4,372s][debug][gc,nmethod     ] GC(1) O: Purge NMethod: jdk.internal.classfile.impl.SplitConstantPool.tryFindClassOrInterface (0x00007a39d3516688) [0x00007a39d3516780, 0x00007a39d3519338] 
[4,372s][debug][gc,nmethod     ] GC(1) O: Purge NMethod: java.lang.StringBuilder.toString (0x00007a39f2c59588) [0x00007a39f2c59680, 0x00007a39f2c59a88] 
[4,372s][debug][gc,nmethod     ] GC(1) O: Purge NMethod: io.sirix.access.trx.page.NodePageReadOnlyTrx.getLeafPageReference (0x00007a39d403a308) [0x00007a39d403a400, 0x00007a39d403a6f8] 
[4,372s][debug][gc,nmethod     ] GC(1) O: Purge NMethod: jdk.internal.misc.Unsafe.weakCompareAndSetReference (0x00007a39d34ddf08) [0x00007a39d34de000, 0x00007a39d34de180] 
[4,372s][debug][gc,nmethod     ] GC(1) O: Purge NMethod: java.util.stream.Sink$ChainedReference.end (0x00007a39d37c9008) [0x00007a39d37c9100, 0x00007a39d37c9440] 
[4,372s][debug][gc,nmethod     ] GC(1) O: Purge NMethod: io.sirix.page.KeyValueLeafPage.getDeweyId (0x00007a39f2cc7a08) [0x00007a39f2cc7b00, 0x00007a39f2cc7c38] 
[4,372s][debug][gc,nmethod     ] GC(1) O: Purge NMethod: java.util.concurrent.ConcurrentHashMap.addCount (0x00007a39f2c33d08) [0x00007a39f2c33e00, 0x00007a39f2c352e0] 
[4,372s][debug][gc,nmethod     ] GC(1) O: Purge NMethod: java.lang.Class.getSimpleName (0x00007a39d3f30e88) [0x00007a39d3f30f80, 0x00007a39d3f311e0] 
[4,372s][debug][gc,nmethod     ] GC(1) O: Purge NMethod: com.sun.org.apache.xerces.internal.util.NamespaceSupport.popContext (0x00007a39d3ce1008) [0x00007a39d3ce1100, 0x00007a39d3ce1268] 
[4,372s][debug][gc,nmethod     ] GC(1) O: Purge NMethod: com.sun.org.apache.xerces.internal.impl.XMLDocumentFragmentScannerImpl.scanDocument (0x00007a39f2eab708) [0x00007a39f2eab800, 0x00007a39f2ebcc78] 
[4,372s][debug][gc,nmethod     ] GC(1) O: Purge NMethod: io.sirix.access.trx.page.NodePageTrx.getPageContainer (0x00007a39f2ce9a08) [0x00007a39f2ce9b00, 0x00007a39f2cea1d0] 
[4,372s][debug][gc,nmethod     ] GC(1) O: Purge NMethod: java.lang.reflect.Executable.<init> (0x00007a39d36a8588) [0x00007a39d36a8680, 0x00007a39d36a8838] 
[4,372s][debug][gc,nmethod     ] GC(1) O: Purge NMethod: io.sirix.index.path.summary.PathSummaryReader.getLevel (0x00007a39f2d5d188) [0x00007a39f2d5d280, 0x00007a39f2d5d3a0] 
[4,372s][debug][gc,nmethod     ] GC(1) O: Purge NMethod: net.jpountz.util.SafeUtils.readIntLE (0x00007a39d402b608) [0x00007a39d402b700, 0x00007a39d402b8a0] 
[4,372s][debug][gc,nmethod     ] GC(1) O: Purge NMethod: java.lang.Integer.compare (0x00007a39d3762988) [0x00007a39d3762a80, 0x00007a39d3762c30] 
[4,373s][debug][gc,nmethod     ] GC(1) O: Purge NMethod: it.unimi.dsi.fastutil.longs.LongArrayList.add (0x00007a39d3b43c08) [0x00007a39d3b43d00, 0x00007a39d3b43fd8] 
[4,373s][debug][gc,nmethod     ] GC(1) O: Purge NMethod: java.util.ArrayDeque.addFirst (0x00007a39d3bf3988) [0x00007a39d3bf3a80, 0x00007a39d3bf4060] 
[4,373s][debug][gc,nmethod     ] GC(1) O: Purge NMethod: io.sirix.node.xml.TextNode.getLeftSiblingKey (0x00007a39d3b2ad08) [0x00007a39d3b2ae00, 0x00007a39d3b2fdf0] 
[4,373s][debug][gc,nmethod     ] GC(1) O: Purge NMethod: net.openhft.hashing.LongHashFunction.hashByteBuffer (0x00007a39d3bfd008) [0x00007a39d3bfd100, 0x00007a39d3bfe668] 
[4,373s][debug][gc,nmethod     ] GC(1) O: Purge NMethod: java.nio.ByteBuffer.limit (0x00007a39d37f0908) [0x00007a39d37f0a00, 0x00007a39d37f0b48] 
[4,373s][debug][gc,nmethod     ] GC(1) O: Purge NMethod: java.lang.invoke.InnerClassLambdaMetafactory$6.accept (0x00007a39d397a708) [0x00007a39d397a800, 0x00007a39d3980b18] 
[4,373s][debug][gc,nmethod     ] GC(1) O: Purge NMethod: io.sirix.node.xml.AttributeNode.<init> (0x00007a39d3d5f988) [0x00007a39d3d5fa80, 0x00007a39d3d600f0] 
[4,373s][debug][gc,nmethod     ] GC(1) O: Purge NMethod: jdk.internal.ref.CleanerImpl$CleanableList.insert (0x00007a39d34de608) [0x00007a39d34de700, 0x00007a39d34df180] 
[4,373s][debug][gc,nmethod     ] GC(1) O: Purge NMethod: com.sun.org.apache.xerces.internal.impl.XMLEntityScanner.checkLimit (0x00007a39d3c78288) [0x00007a39d3c78380, 0x00007a39d3c807e0] 
[4,373s][debug][gc,nmethod     ] GC(1) O: Purge NMethod: io.sirix.access.trx.node.xml.XmlNodeTrxImpl.insertElementAsRightSibling (0x00007a39d3cc6b88) [0x00007a39d3cc6c80, 0x00007a39d3ccd9b0] 
[4,373s][debug][gc,nmethod     ] GC(1) O: Purge NMethod: io.sirix.query.stream.node.SirixNodeStream.next (0x00007a39f2f16608) [0x00007a39f2f16700, 0x00007a39f2f18528] 
[4,373s][debug][gc,nmethod     ] GC(1) O: Purge NMethod: it.unimi.dsi.fastutil.longs.LongArrayList.grow (0x00007a39d3b44608) [0x00007a39d3b44700, 0x00007a39d3b44c60] 
[4,373s][debug][gc,nmethod     ] GC(1) O: Purge NMethod: com.sun.org.apache.xerces.internal.impl.XMLDocumentFragmentScannerImpl.getCharacterData (0x00007a39d3c1c008) [0x00007a39d3c1c100, 0x00007a39d3c1c2c8] 
[4,373s][debug][gc,nmethod     ] GC(1) O: Purge NMethod: io.sirix.access.trx.page.NodePageTrx.getMostRecentPageContainer (0x00007a39f2ce7388) [0x00007a39f2ce7480, 0x00007a39f2ce7880] 
[4,373s][debug][gc,nmethod     ] GC(1) O: Purge NMethod: java.lang.StringBuilder.append (0x00007a39d4060e08) [0x00007a39d4060f00, 0x00007a39d4061048] 
[4,373s][debug][gc,nmethod     ] GC(1) O: Purge NMethod: it.unimi.dsi.fastutil.ints.Int2LongOpenHashMap.find (0x00007a39d3d3ff88) [0x00007a39d3d40080, 0x00007a39d3d404e8] 
[4,373s][debug][gc,nmethod     ] GC(1) O: Purge NMethod: io.sirix.node.SirixDeweyID.getNewAttributeID (0x00007a39d3d6b808) [0x00007a39d3d6b900, 0x00007a39d3d6bce8] 
[4,373s][debug][gc,nmethod     ] GC(1) O: Purge NMethod: java.nio.channels.spi.AbstractInterruptibleChannel.blockedOn (0x00007a39d3f98108) [0x00007a39d3f98200, 0x00007a39d3f988c0] 
[4,373s][debug][gc,nmethod     ] GC(1) O: Purge NMethod: io.sirix.access.trx.node.AbstractDeweyIDManager.newFirstChildID (0x00007a39f2dc4008) [0x00007a39f2dc4100, 0x00007a39f2dc4f10] 
[4,373s][debug][gc,nmethod     ] GC(1) O: Purge NMethod: sun.net.util.IPAddressUtil.checkHostString (0x00007a39d34cdf08) [0x00007a39d34ce000, 0x00007a39d34ce200] 
[4,373s][debug][gc,nmethod     ] GC(1) O: Purge NMethod: io.sirix.page.KeyValueLeafPage.getAvailableSpace (0x00007a39d3e33408) [0x00007a39d3e33500, 0x00007a39d3e38fc0] 
[4,373s][debug][gc,nmethod     ] GC(1) O: Purge NMethod: java.util.concurrent.ConcurrentHashMap$Traverser.advance (0x00007a39d3682808) [0x00007a39d3682900, 0x00007a39d36839f8] 
[4,373s][debug][gc,nmethod     ] GC(1) O: Purge NMethod: jdk.internal.foreign.layout.ValueLayouts$OfByteImpl.dup (0x00007a39d3f22088) [0x00007a39d3f22180, 0x00007a39d3f22330] 
[4,373s][debug][gc,nmethod     ] GC(1) O: Purge NMethod: it.unimi.dsi.fastutil.ints.Int2ObjectOpenHashMap.get (0x00007a39f2d3e688) [0x00007a39f2d3e780, 0x00007a39f2d3ebe8] 
[4,373s][debug][gc,nmethod     ] GC(1) O: Purge NMethod: jdk.internal.foreign.layout.ValueLayouts$AbstractValueLayout.withOrder (0x00007a39d3e7de08) [0x00007a39d3e7df00, 0x00007a39d3e7e120] 
[4,373s][debug][gc,nmethod     ] GC(1) O: Purge NMethod: com.sun.org.apache.xerces.internal.impl.XMLEntityScanner.peekChar (0x00007a39d3b27f88) [0x00007a39d3b28080, 0x00007a39d3b28538] 
[4,373s][debug][gc,nmethod     ] GC(1) O: Purge NMethod: jdk.internal.classfile.impl.SplitConstantPool.maybeCloneUtf8Entry (0x00007a39f2c85d08) [0x00007a39f2c85e00, 0x00007a39f2c86340] 
[4,373s][debug][gc,nmethod     ] GC(1) O: Purge NMethod: io.sirix.node.SirixDeweyID.getNewChildID (0x00007a39d3cd8e88) [0x00007a39d3cd8f80, 0x00007a39d3cd9210] 
[4,373s][debug][gc,nmethod     ] GC(1) O: Purge NMethod: io.sirix.access.trx.page.AbstractForwardingPageReadOnlyTrx.getResourceSession (0x00007a39d3c6e608) [0x00007a39d3c6e700, 0x00007a39d3c6ec38] 
[4,373s][debug][gc,nmethod     ] GC(1) O: Purge NMethod: io.sirix.axis.AbstractAxis.hasNext (0x00007a39f2e31488) [0x00007a39f2e31580, 0x00007a39f2e31c40] 
[4,373s][debug][gc,nmethod     ] GC(1) O: Purge NMethod: com.sun.org.apache.xerces.internal.util.NamespaceSupport.getURI (0x00007a39d3c5de88) [0x00007a39d3c5df80, 0x00007a39d3c5e270] 
[4,373s][debug][gc,nmethod     ] GC(1) O: Purge NMethod: jdk.internal.misc.Unsafe.allocateMemory (0x00007a39d3b3a508) [0x00007a39d3b3a600, 0x00007a39d3b3b8b0] 
[4,373s][debug][gc,nmethod     ] GC(1) O: Purge NMethod: jdk.internal.classfile.impl.StackMapGenerator.processBlock (0x00007a39d3492b88) [0x00007a39d3492c80, 0x00007a39d34c1f48] 
[4,373s][debug][gc,nmethod     ] GC(1) O: Purge NMethod: java.lang.String.indexOf (0x00007a39d358f008) [0x00007a39d358f100, 0x00007a39d358fbb8] 
[4,373s][debug][gc,nmethod     ] GC(1) O: Purge NMethod: io.sirix.index.path.summary.PathSummaryWriter.getPathNodeKey (0x00007a39d418a088) [0x00007a39d418a180, 0x00007a39d418dfe0] 
[4,373s][debug][gc,nmethod     ] GC(1) O: Purge NMethod: net.openhft.hashing.LongHashFunction.hashBytes (0x00007a39d3cbc288) [0x00007a39d3cbc380, 0x00007a39d3cbc4c8] 
[4,373s][debug][gc,nmethod     ] GC(1) O: Purge NMethod: io.sirix.node.xml.ElementNode.getKind (0x00007a39d3e93508) [0x00007a39d3e93600, 0x00007a39d3e93708] 
[4,373s][debug][gc,nmethod     ] GC(1) O: Purge NMethod: io.sirix.index.path.summary.PathSummaryReader.assertNotClosed (0x00007a39d3ac7d88) [0x00007a39d3ac7e80, 0x00007a39d3ac8088] 
[4,373s][debug][gc,nmethod     ] GC(1) O: Purge NMethod: io.sirix.axis.filter.FilterAxis.nextKey (0x00007a39f2d3f988) [0x00007a39f2d3fa80, 0x00007a39f2d43a28] 
[4,373s][debug][gc,nmethod     ] GC(1) O: Purge NMethod: it.unimi.dsi.fastutil.shorts.ShortArrayList$1.nextShort (0x00007a39d3ff4088) [0x00007a39d3ff4180, 0x00007a39d3ff44d8] 
[4,373s][debug][gc,nmethod     ] GC(1) O: Purge NMethod: io.sirix.access.trx.page.NodePageReadOnlyTrx.getValue (0x00007a39d3aca108) [0x00007a39d3aca200, 0x00007a39d3acbd60] 
[4,373s][debug][gc,nmethod     ] GC(1) O: Purge NMethod: io.sirix.page.KeyValueLeafPage.setData (0x00007a39f2da9588) [0x00007a39f2da9680, 0x00007a39f2dac178] 
[4,373s][debug][gc,nmethod     ] GC(1) O: Purge NMethod: net.openhft.hashing.Maths.unsignedLongMulXorFold (0x00007a39d3af9b08) [0x00007a39d3af9c00, 0x00007a39d3af9d38] 
[4,373s][debug][gc,nmethod     ] GC(1) O: Purge NMethod: java.lang.ref.SoftReference.get (0x00007a39d340bd08) [0x00007a39d340be00, 0x00007a39d340bfc0] 
[4,373s][debug][gc,nmethod     ] GC(1) O: Purge NMethod: sun.security.provider.SHA2.implCompress (0x00007a39d3e78b08) [0x00007a39d3e78c00, 0x00007a39d3e78e58] 
[4,373s][debug][gc,nmethod     ] GC(1) O: Purge NMethod: java.lang.invoke.MethodType.hashCode (0x00007a39d341c508) [0x00007a39d341c600, 0x00007a39d341cc80] 
[4,373s][debug][gc,nmethod     ] GC(1) O: Purge NMethod: io.sirix.node.MemorySegmentBytesIn.readByte (0x00007a39d3fb9608) [0x00007a39d3fb9700, 0x00007a39d3fbd120] 
[4,373s][debug][gc,nmethod     ] GC(1) O: Purge NMethod: jdk.internal.foreign.ArenaImpl.allocate (0x00007a39d3b7c188) [0x00007a39d3b7c280, 0x00007a39d3b7c400] 
[4,373s][debug][gc,nmethod     ] GC(1) O: Purge NMethod: io.sirix.access.trx.node.xml.XmlNodeReadOnlyTrxImpl.getNode (0x00007a39d3b50208) [0x00007a39d3b50300, 0x00007a39d3b505f8] 
[4,373s][debug][gc,nmethod     ] GC(1) O: Purge NMethod: io.sirix.page.KeyValueLeafPage.hasEnoughSpace (0x00007a39d3e06e88) [0x00007a39d3e06f80, 0x00007a39d3e07320] 
[4,373s][debug][gc,nmethod     ] GC(1) O: Purge NMethod: io.sirix.access.trx.node.AbstractNodeReadOnlyTrx.moveTo (0x00007a39f2cde388) [0x00007a39f2cde480, 0x00007a39f2cdef68] 
[4,373s][debug][gc,nmethod     ] GC(1) O: Purge NMethod: jdk.internal.foreign.NativeMemorySegmentImpl.dup (0x00007a39f2cb5488) [0x00007a39f2cb55a0, 0x00007a39f2cb56f0] 
[4,373s][debug][gc,nmethod     ] GC(1) O: Purge NMethod: com.sun.org.apache.xerces.internal.impl.XMLEntityScanner.scanLiteral (0x00007a39d3d40508) [0x00007a39d3d40600, 0x00007a39d3d41848] 
[4,373s][debug][gc,nmethod     ] GC(1) O: Purge NMethod: io.sirix.page.delegates.BitmapReferencesPage.getOrCreateReference (0x00007a39d414ae08) [0x00007a39d414af00, 0x00007a39d414b5a8] 
[4,373s][debug][gc,nmethod     ] GC(1) O: Purge NMethod: io.sirix.node.SirixDeweyID.getDivisionBits (0x00007a39d3e84e08) [0x00007a39d3e84f00, 0x00007a39d3e85498] 
[4,373s][debug][gc,nmethod     ] GC(1) O: Purge NMethod: io.sirix.page.delegates.BitmapReferencesPage.getOrCreateReference (0x00007a39f2d4bc88) [0x00007a39f2d4bd80, 0x00007a39f2d4c568] 
[4,373s][debug][gc,nmethod     ] GC(1) O: Purge NMethod: io.sirix.node.xml.ElementNode.hasRightSibling (0x00007a39f2dd0a08) [0x00007a39f2dd0b00, 0x00007a39f2dd0e78] 
[4,373s][debug][gc,nmethod     ] GC(1) O: Purge NMethod: java.util.Arrays.copyOf (0x00007a39d3b37e88) [0x00007a39d3b37f80, 0x00007a39d3b38348] 
[4,373s][debug][gc,nmethod     ] GC(1) O: Purge NMethod: io.sirix.node.GrowingMemorySegment.grow (0x00007a39d3e40588) [0x00007a39d3e40680, 0x00007a39d3e514c8] 
[4,373s][debug][gc,nmethod     ] GC(1) O: Purge NMethod: io.sirix.access.trx.node.xml.XmlNodeTrxImpl.adaptForInsert (0x00007a39f2d12308) [0x00007a39f2d12400, 0x00007a39f2d178d0] 
[4,373s][debug][gc,nmethod     ] GC(1) O: Purge NMethod: java.util.concurrent.ConcurrentLinkedDeque.offer (0x00007a39d3490508) [0x00007a39d3490600, 0x00007a39d3490798] 
[4,373s][debug][gc,nmethod     ] GC(1) O: Purge NMethod: io.sirix.access.trx.page.NodePageTrx.getPageContainer (0x00007a39f2cdf808) [0x00007a39f2cdf900, 0x00007a39f2cdfd98] 
[4,373s][debug][gc,nmethod     ] GC(1) O: Purge NMethod: io.sirix.index.name.Names.setName (0x00007a39f2d5d488) [0x00007a39f2d5d580, 0x00007a39f2d5fb08] 
[4,373s][debug][gc,nmethod     ] GC(1) O: Purge NMethod: io.sirix.access.trx.node.AbstractNodeReadOnlyTrx.moveToParent (0x00007a39d40d9d88) [0x00007a39d40d9e80, 0x00007a39d40da6e0] 
[4,373s][debug][gc,nmethod     ] GC(1) O: Purge NMethod: java.util.concurrent.locks.ReentrantLock.unlock (0x00007a39d3743f08) [0x00007a39d3744000, 0x00007a39d3744618] 
[4,373s][debug][gc,nmethod     ] GC(1) O: Purge NMethod: java.util.ArrayList.grow (0x00007a39d367cd08) [0x00007a39d367ce00, 0x00007a39d367d650] 
[4,373s][debug][gc,nmethod     ] GC(1) O: Purge NMethod: java.lang.Long.hashCode (0x00007a39d351fb88) [0x00007a39d351fc80, 0x00007a39d351fd70] 
[4,373s][debug][gc,nmethod     ] GC(1) O: Purge NMethod: io.sirix.node.xml.ElementNode.getKind (0x00007a39d3accb08) [0x00007a39d3accc00, 0x00007a39d3accd08] 
[4,373s][debug][gc,nmethod     ] GC(1) O: Purge NMethod: io.sirix.access.trx.page.NodePageTrx.getMostRecentPageContainer (0x00007a39f2cd9b08) [0x00007a39f2cd9c00, 0x00007a39f2cda018] 
[4,373s][debug][gc,nmethod     ] GC(1) O: Purge NMethod: jdk.internal.classfile.impl.SplitConstantPool.utf8Entry (0x00007a39d34e8c88) [0x00007a39d34e8d80, 0x00007a39d34e9078] 
[4,373s][debug][gc,nmethod     ] GC(1) O: Purge NMethod: java.util.ArrayList.getFirst (0x00007a39d3b23e08) [0x00007a39d3b23f00, 0x00007a39d3b24200] 
[4,373s][debug][gc,nmethod     ] GC(1) O: Purge NMethod: java.util.concurrent.ForkJoinPool.deactivate (0x00007a39d3f93508) [0x00007a39d3f93600, 0x00007a39d3f940a8] 
[4,373s][debug][gc,nmethod     ] GC(1) O: Purge NMethod: java.lang.Thread.interrupted (0x00007a39d35f2608) [0x00007a39d35f2700, 0x00007a39d35f2ac8] 
[4,374s][debug][gc,nmethod     ] GC(1) O: Purge NMethod: io.sirix.node.GrowingMemorySegment.<init> (0x00007a39d3e04508) [0x00007a39d3e04600, 0x00007a39d3e04a78] 
[4,374s][debug][gc,nmethod     ] GC(1) O: Purge NMethod: java.util.concurrent.locks.AbstractQueuedSynchronizer.signalNext (0x00007a39d3a84988) [0x00007a39d3a84a80, 0x00007a39d3a85cf8] 
[4,374s][debug][gc,nmethod     ] GC(1) O: Purge NMethod: io.sirix.api.PageReadOnlyTrx.recordPageOffset (0x00007a39d3abc588) [0x00007a39d3abc680, 0x00007a39d3abc778] 
[4,374s][debug][gc,nmethod     ] GC(1) O: Purge NMethod: jdk.internal.foreign.AbstractMemorySegmentImpl.asSlice (0x00007a39d3b99988) [0x00007a39d3b99a80, 0x00007a39d3b99ec0] 
[4,374s][debug][gc,nmethod     ] GC(1) O: Purge NMethod: com.sun.org.apache.xerces.internal.parsers.AbstractSAXParser.startNamespaceMapping (0x00007a39d3c91388) [0x00007a39d3c91480, 0x00007a39d3c91c98] 
[4,374s][debug][gc,nmethod     ] GC(1) O: Purge NMethod: java.util.Arrays.hashCode (0x00007a39d3758208) [0x00007a39d3758300, 0x00007a39d3758480] 
[4,374s][debug][gc,nmethod     ] GC(1) O: Purge NMethod: net.openhft.hashing.XXH3.XXH3_mix16B (0x00007a39d3afdb08) [0x00007a39d3afdc00, 0x00007a39d3aff590] 
[4,374s][debug][gc,nmethod     ] GC(1) O: Purge NMethod: io.sirix.page.PageKind$1.serializePage (0x00007a39f2dfbb08) [0x00007a39f2dfbc00, 0x00007a39f2e02c20] 
[4,374s][debug][gc,nmethod     ] GC(1) O: Purge NMethod: io.sirix.access.trx.node.xml.XmlNodeFactoryImpl.createElementNode (0x00007a39d3ca4e08) [0x00007a39d3ca4f00, 0x00007a39d3ca9760] 
[4,374s][debug][gc,nmethod     ] GC(1) O: Purge NMethod: io.sirix.access.trx.node.xml.XmlNodeFactoryImpl.createPathNode (0x00007a39d3dc1e88) [0x00007a39d3dc1f80, 0x00007a39d3dc50f8] 
[4,374s][debug][gc,nmethod     ] GC(1) O: Purge NMethod: java.lang.StringUTF16.compress (0x00007a39f2c9c108) [0x00007a39f2c9c2c0, 0x00007a39f2c9c718] 
[4,374s][debug][gc,nmethod     ] GC(1) O: Purge NMethod: io.sirix.node.xml.TextNode.setRightSiblingKey (0x00007a39d3ccf388) [0x00007a39d3ccf480, 0x00007a39d3cd45a8] 
[4,374s][debug][gc,nmethod     ] GC(1) O: Purge NMethod: java.util.HashMap$HashIterator.hasNext (0x00007a39d342fd08) [0x00007a39d342fe00, 0x00007a39d342ff80] 
[4,374s][debug][gc,nmethod     ] GC(1) O: Purge NMethod: io.sirix.page.KeyValueLeafPage.isSlotSet (0x00007a39d34d2c08) [0x00007a39d34d2d00, 0x00007a39d34d2ea8] 
[4,374s][debug][gc,nmethod     ] GC(1) O: Purge NMethod: java.util.stream.StreamSupport.stream (0x00007a39d37c2608) [0x00007a39d37c2700, 0x00007a39d37c2af0] 
[4,374s][debug][gc,nmethod     ] GC(1) O: Purge NMethod: net.openhft.hashing.XXH3.XXH3_mix2Accs (0x00007a39d3d3e308) [0x00007a39d3d3e400, 0x00007a39d3d3f500] 
[4,374s][debug][gc,nmethod     ] GC(1) O: Purge NMethod: io.sirix.index.name.Names.setName (0x00007a39d3c47c88) [0x00007a39d3c47d80, 0x00007a39d3c4a028] 
[4,374s][debug][gc,nmethod     ] GC(1) O: Purge NMethod: java.lang.Math.max (0x00007a39d34fb508) [0x00007a39d34fb600, 0x00007a39d34fb728] 
[4,374s][debug][gc,nmethod     ] GC(1) O: Purge NMethod: io.sirix.node.delegates.NameNodeDelegate.<init> (0x00007a39d3db9508) [0x00007a39d3db9600, 0x00007a39d3db99b0] 
[4,374s][debug][gc,nmethod     ] GC(1) O: Purge NMethod: io.sirix.access.trx.node.xml.XmlNodeReadOnlyTrxImpl.getLocalNameKey (0x00007a39d40e8908) [0x00007a39d40e8a00, 0x00007a39d40e98e0] 
[4,374s][debug][gc,nmethod     ] GC(1) O: Purge NMethod: io.sirix.index.path.summary.PathNode.getKind (0x00007a39d3f1a188) [0x00007a39d3f1a280, 0x00007a39d3f1a388] 
[4,374s][debug][gc,nmethod     ] GC(1) O: Purge NMethod: java.nio.HeapByteBuffer.putLong (0x00007a39d41ba408) [0x00007a39d41ba500, 0x00007a39d41bc010] 
[4,374s][debug][gc,nmethod     ] GC(1) O: Purge NMethod: java.nio.Buffer.limit (0x00007a39d3791c88) [0x00007a39d3791d80, 0x00007a39d3791ff0] 
[4,374s][debug][gc,nmethod     ] GC(1) O: Purge NMethod: io.sirix.index.path.summary.PathSummaryReader.hasRightSibling (0x00007a39d3c1ca08) [0x00007a39d3c1cb00, 0x00007a39d3c1d298] 
[4,374s][debug][gc,nmethod     ] GC(1) O: Purge NMethod: io.sirix.axis.filter.PathKindFilter.filter (0x00007a39d3cb3d88) [0x00007a39d3cb3e80, 0x00007a39d3cb4e18] 
[4,374s][debug][gc,nmethod     ] GC(1) O: Purge NMethod: net.openhft.hashing.XXH3$AsLongHashFunction.hash (0x00007a39d3b9d108) [0x00007a39d3b9d200, 0x00007a39d3b9da50] 
[4,374s][debug][gc,nmethod     ] GC(1) O: Purge NMethod: java.lang.Long.numberOfTrailingZeros (0x00007a39d3fe3588) [0x00007a39d3fe3680, 0x00007a39d3fe3828] 
[4,374s][debug][gc,nmethod     ] GC(1) O: Purge NMethod: com.sun.org.apache.xerces.internal.impl.XMLNSDocumentScannerImpl.next (0x00007a39d3da7788) [0x00007a39d3da7880, 0x00007a39d3da7d50] 
[4,374s][debug][gc,nmethod     ] GC(1) O: Purge NMethod: io.brackit.query.node.parser.SAX2SubtreeHandlerAdapter.characters (0x00007a39f2d29b08) [0x00007a39f2d29c00, 0x00007a39f2d2a2b0] 
[4,374s][debug][gc,nmethod     ] GC(1) O: Purge NMethod: io.brackit.query.node.parser.SAX2SubtreeHandlerAdapter.startElement (0x00007a39d3c8eb88) [0x00007a39d3c8ec80, 0x00007a39d3c90978] 
[4,374s][debug][gc,nmethod     ] GC(1) O: Purge NMethod: java.nio.Buffer$2.newDirectByteBuffer (0x00007a39d3bf9388) [0x00007a39d3bf9480, 0x00007a39d3bf9630] 
[4,374s][debug][gc,nmethod     ] GC(1) O: Purge NMethod: jdk.internal.foreign.ArenaImpl.allocate (0x00007a39d3e05988) [0x00007a39d3e05a80, 0x00007a39d3e05d78] 
[4,374s][debug][gc,nmethod     ] GC(1) O: Purge NMethod: jdk.internal.misc.VM.isDirectMemoryPageAligned (0x00007a39d3b3a108) [0x00007a39d3b3a200, 0x00007a39d3b3a4e0] 
[4,374s][debug][gc,nmethod     ] GC(1) O: Purge NMethod: io.sirix.page.KeyValueLeafPage.setData (0x00007a39d3ff5308) [0x00007a39d3ff5400, 0x00007a39d401a740] 
[4,374s][debug][gc,nmethod     ] GC(1) O: Purge NMethod: io.sirix.node.BytesOut.asBytesIn (0x00007a39d3b91188) [0x00007a39d3b91280, 0x00007a39d3b91f28] 
[4,374s][debug][gc,nmethod     ] GC(1) O: Purge NMethod: io.sirix.access.trx.node.AbstractNodeTrxImpl.intermediateCommitIfRequired (0x00007a39d3b97888) [0x00007a39d3b97980, 0x00007a39d3b986f8] 
[4,374s][debug][gc,nmethod     ] GC(1) O: Purge NMethod: io.sirix.axis.filter.xml.ElementFilter.filter (0x00007a39d40dae08) [0x00007a39d40daf00, 0x00007a39d40db680] 
[4,374s][debug][gc,nmethod     ] GC(1) O: Purge NMethod: java.lang.String.<init> (0x00007a39d3400008) [0x00007a39d3400100, 0x00007a39d3400440] 
[4,374s][debug][gc,nmethod     ] GC(1) O: Purge NMethod: io.sirix.page.delegates.BitmapReferencesPage.index (0x00007a39f2d47a88) [0x00007a39f2d47b80, 0x00007a39f2d48118] 
[4,374s][debug][gc,nmethod     ] GC(1) O: Purge NMethod: java.util.ArrayList.isEmpty (0x00007a39d3516388) [0x00007a39d3516480, 0x00007a39d35165d0] 
[4,374s][debug][gc,nmethod     ] GC(1) O: Purge NMethod: org.magicwerk.brownies.collections.GapList.get (0x00007a39d3affd88) [0x00007a39d3affe80, 0x00007a39d3b01878] 
[4,374s][debug][gc,nmethod     ] GC(1) O: Purge NMethod: jdk.internal.foreign.HeapMemorySegmentImpl$OfByte.unsafeGetBase (0x00007a39d3e80c08) [0x00007a39d3e80d00, 0x00007a39d3e80f08] 
[4,374s][debug][gc,nmethod     ] GC(1) O: Purge NMethod: io.sirix.access.trx.page.NodePageTrx.prepareRecordPage (0x00007a39d415ee08) [0x00007a39d415ef00, 0x00007a39d41614a8] 
[4,374s][debug][gc,nmethod     ] GC(1) O: Purge NMethod: io.brackit.query.node.parser.SAX2SubtreeHandlerAdapter$TrimmingStringBuilder.append (0x00007a39d417be88) [0x00007a39d417bf80, 0x00007a39d417c410] 
[4,374s][debug][gc,nmethod     ] GC(1) O: Purge NMethod: io.sirix.page.NamePage.setName (0x00007a39d3c42588) [0x00007a39d3c42680, 0x00007a39d3c43c40] 
[4,374s][debug][gc,nmethod     ] GC(1) O: Purge NMethod: java.nio.Bits.reserveMemory (0x00007a39d3b62788) [0x00007a39d3b62880, 0x00007a39d3b657c0] 
[4,374s][debug][gc,nmethod     ] GC(1) O: Purge NMethod: jdk.internal.foreign.AbstractMemorySegmentImpl$$Lambda/0x00000000ba261980.apply (0x00007a39d3e7a508) [0x00007a39d3e7a600, 0x00007a39d3e7a748] 
[4,374s][debug][gc,nmethod     ] GC(1) O: Purge NMethod: jdk.internal.util.Preconditions.checkFromIndexSize (0x00007a39d3455288) [0x00007a39d3455380, 0x00007a39d3455518] 
[4,374s][debug][gc,nmethod     ] GC(1) O: Purge NMethod: io.sirix.access.trx.page.NodePageReadOnlyTrx.getCurrentMaxIndirectPageTreeLevel (0x00007a39d4023a08) [0x00007a39d4023b00, 0x00007a39d402b2d8] 
[4,374s][debug][gc,nmethod     ] GC(1) O: Purge NMethod: java.util.LinkedHashMap.afterNodeAccess (0x00007a39d3a96888) [0x00007a39d3a96980, 0x00007a39d3a97a30] 
[4,374s][debug][gc,nmethod     ] GC(1) O: Purge NMethod: java.nio.Buffer.session (0x00007a39d3486988) [0x00007a39d3486a80, 0x00007a39d3486e88] 
[4,374s][debug][gc,nmethod     ] GC(1) O: Purge NMethod: io.brackit.query.atomic.QNm.<init> (0x00007a39d418e008) [0x00007a39d418e100, 0x00007a39d418e5a8] 
[4,374s][debug][gc,nmethod     ] GC(1) O: Purge NMethod: java.util.concurrent.atomic.AtomicLong.addAndGet (0x00007a39d3b25a88) [0x00007a39d3b25b80, 0x00007a39d3b25c90] 
[4,374s][debug][gc,nmethod     ] GC(1) O: Purge NMethod: io.sirix.access.trx.node.AbstractNodeHashing.rollingAdd (0x00007a39d4167608) [0x00007a39d4167700, 0x00007a39d416ca00] 
[4,374s][debug][gc,nmethod     ] GC(1) O: Purge NMethod: jdk.internal.misc.ScopedMemoryAccess.getLongUnaligned (0x00007a39d3a93408) [0x00007a39d3a93500, 0x00007a39d3a94368] 
[4,374s][debug][gc,nmethod     ] GC(1) O: Purge NMethod: java.util.BitSet.toByteArray (0x00007a39d3f6af88) [0x00007a39d3f6b080, 0x00007a39d3f6bd00] 
[4,374s][debug][gc,nmethod     ] GC(1) O: Purge NMethod: java.nio.ByteBuffer.wrap (0x00007a39d3841a08) [0x00007a39d3841b00, 0x00007a39d3841d70] 
[4,374s][debug][gc,nmethod     ] GC(1) O: Purge NMethod: java.lang.Long.hashCode (0x00007a39d38de788) [0x00007a39d38de880, 0x00007a39d38de9b8] 
[4,374s][debug][gc,nmethod     ] GC(1) O: Purge NMethod: com.sun.org.apache.xerces.internal.impl.XMLEntityScanner.scanChar (0x00007a39d3c41a08) [0x00007a39d3c41b00, 0x00007a39d3c42528] 
[4,374s][debug][gc,nmethod     ] GC(1) O: Purge NMethod: io.sirix.access.trx.node.xml.ForwardingXmlNodeReadOnlyTrx.getKind (0x00007a39d3ba5b08) [0x00007a39d3ba5c00, 0x00007a39d3ba61f8] 
[4,374s][debug][gc,nmethod     ] GC(1) O: Purge NMethod: io.sirix.node.xml.ElementNode.getFirstChildKey (0x00007a39d3bc4408) [0x00007a39d3bc4500, 0x00007a39d3bc94f0] 
[4,374s][debug][gc,nmethod     ] GC(1) O: Purge NMethod: jdk.internal.foreign.layout.ValueLayouts$OfByteImpl.dup (0x00007a39d3f21c88) [0x00007a39d3f21d80, 0x00007a39d3f22078] 
[4,374s][debug][gc,nmethod     ] GC(1) O: Purge NMethod: io.sirix.node.MemorySegmentBytesOut.writeInt (0x00007a39d3acce08) [0x00007a39d3accf00, 0x00007a39d3acd098] 
[4,374s][debug][gc,nmethod     ] GC(1) O: Purge NMethod: jdk.internal.foreign.NativeMemorySegmentImpl.dup (0x00007a39f2ca0c88) [0x00007a39f2ca0da0, 0x00007a39f2ca0ef0] 
[4,374s][debug][gc,nmethod     ] GC(1) O: Purge NMethod: io.sirix.node.xml.AttributeNode.getKind (0x00007a39d3e7ef08) [0x00007a39d3e7f000, 0x00007a39d3e7f108] 
[4,374s][debug][gc,nmethod     ] GC(1) O: Purge NMethod: java.lang.Integer.valueOf (0x00007a39d352f108) [0x00007a39d352f200, 0x00007a39d352f518] 
[4,374s][debug][gc,nmethod     ] GC(1) O: Purge NMethod: jdk.internal.foreign.SegmentBulkOperations.copy (0x00007a39d3e07988) [0x00007a39d3e07a80, 0x00007a39d3e17f40] 
[4,374s][debug][gc,nmethod     ] GC(1) O: Purge NMethod: io.sirix.access.trx.node.AbstractNodeHashing.isValueNode (0x00007a39d3b9ae08) [0x00007a39d3b9af00, 0x00007a39d3b9cac8] 
[4,374s][debug][gc,nmethod     ] GC(1) O: Purge NMethod: jdk.internal.classfile.impl.AbstractPoolEntry.hash1 (0x00007a39d3468288) [0x00007a39d3468380, 0x00007a39d3468470] 
[4,374s][debug][gc,nmethod     ] GC(1) O: Purge NMethod: io.sirix.node.MemorySegmentBytesOut.clear (0x00007a39d3b21788) [0x00007a39d3b21880, 0x00007a39d3b21a38] 
[4,374s][debug][gc,nmethod     ] GC(1) O: Purge NMethod: io.sirix.node.xml.ElementNode.hasFirstChild (0x00007a39f2dc9508) [0x00007a39f2dc9600, 0x00007a39f2dc9978] 
[4,374s][debug][gc,nmethod     ] GC(1) O: Purge NMethod: io.brackit.query.node.parser.SAX2SubtreeHandlerAdapter.characters (0x00007a39d4179708) [0x00007a39d4179800, 0x00007a39d4179b10] 
[4,374s][debug][gc,nmethod     ] GC(1) O: Purge NMethod: java.util.zip.InflaterInputStream.read (0x00007a39d34e2508) [0x00007a39d34e2600, 0x00007a39d34e3688] 
[4,374s][debug][gc,nmethod     ] GC(1) O: Purge NMethod: io.sirix.node.GrowingMemorySegment.writeByte (0x00007a39d3b44f88) [0x00007a39d3b45080, 0x00007a39d3b48ca0] 
[4,374s][debug][gc,nmethod     ] GC(1) O: Purge NMethod: io.sirix.page.PageKind$1.serializePage (0x00007a39d41e4c88) [0x00007a39d41e4d80, 0x00007a39d41f2598] 
[4,374s][debug][gc,nmethod     ] GC(1) O: Purge NMethod: it.unimi.dsi.fastutil.ints.Int2LongOpenHashMap.get (0x00007a39d3c07488) [0x00007a39d3c07580, 0x00007a39d3c07ad0] 
[4,374s][debug][gc,nmethod     ] GC(1) O: Purge NMethod: java.util.ArrayDeque.push (0x00007a39f2d61188) [0x00007a39f2d61280, 0x00007a39f2d61488] 
[4,374s][debug][gc,nmethod     ] GC(1) O: Purge NMethod: io.brackit.query.atomic.QNm.<init> (0x00007a39f2d1a188) [0x00007a39f2d1a280, 0x00007a39f2d1a4a8] 
[4,374s][debug][gc,nmethod     ] GC(1) O: Purge NMethod: jdk.internal.misc.ScopedMemoryAccess.getLongUnaligned (0x00007a39f2d7fa08) [0x00007a39f2d7fb00, 0x00007a39f2d7fcc0] 
[4,374s][debug][gc,nmethod     ] GC(1) O: Purge NMethod: java.nio.ByteBuffer.<init> (0x00007a39d381a908) [0x00007a39d381aa00, 0x00007a39d381ac48] 
[4,374s][debug][gc,nmethod     ] GC(1) O: Purge NMethod: io.sirix.cache.LinuxMemorySegmentAllocator.partitionVirtualRegion (0x00007a39d3433688) [0x00007a39d3433780, 0x00007a39d3434700] 
[4,375s][debug][gc,nmethod     ] GC(1) O: Purge NMethod: io.sirix.node.xml.ElementNode.computeHash (0x00007a39d3d0de08) [0x00007a39d3d0df00, 0x00007a39d3d3d548] 
[4,375s][debug][gc,nmethod     ] GC(1) O: Purge NMethod: java.lang.Integer.hashCode (0x00007a39d352eb08) [0x00007a39d352ec00, 0x00007a39d352ed58] 
[4,375s][debug][gc,nmethod     ] GC(1) O: Purge NMethod: java.lang.invoke.VarHandleGuards.guard_LL_V (0x00007a39d37bc608) [0x00007a39d37bc700, 0x00007a39d37c12e8] 
[4,375s][debug][gc,nmethod     ] GC(1) O: Purge NMethod: io.sirix.page.KeyValueLeafPage.getSlot (0x00007a39d3a49008) [0x00007a39d3a49100, 0x00007a39d3a5f320] 
[4,375s][debug][gc,nmethod     ] GC(1) O: Purge NMethod: java.lang.System$1.blockedOn (0x00007a39d3f98908) [0x00007a39d3f98a00, 0x00007a39d3f98fa0] 
[4,375s][debug][gc,nmethod     ] GC(1) O: Purge NMethod: io.sirix.page.RevisionRootPage.incrementAndGetMaxNodeKeyInDocumentIndex (0x00007a39d3bbc988) [0x00007a39d3bbca80, 0x00007a39d3bbcb90] 
[4,375s][debug][gc,nmethod     ] GC(1) O: Purge NMethod: com.sun.org.apache.xerces.internal.impl.XMLEntityScanner.skipSpaces (0x00007a39d3dd5d08) [0x00007a39d3dd5e00, 0x00007a39d3dd7090] 
[4,375s][debug][gc,nmethod     ] GC(1) O: Purge NMethod: java.lang.invoke.VarHandleReferences$FieldInstanceReadWrite.set (0x00007a39d341cc88) [0x00007a39d341cd80, 0x00007a39d341dda8] 
[4,375s][debug][gc,nmethod     ] GC(1) O: Purge NMethod: java.lang.invoke.VarHandleSegmentAsLongs.get (0x00007a39d3aa0288) [0x00007a39d3aa0380, 0x00007a39d3aa5820] 
[4,375s][debug][gc,nmethod     ] GC(1) O: Purge NMethod: io.sirix.node.xml.ElementNode.hasFirstChild (0x00007a39d3cf0e08) [0x00007a39d3cf0f00, 0x00007a39d3cf6338] 
[4,375s][debug][gc,nmethod     ] GC(1) O: Purge NMethod: com.sun.org.apache.xerces.internal.impl.XMLEntityScanner.peekChar (0x00007a39d3da7188) [0x00007a39d3da7280, 0x00007a39d3da7738] 
[4,375s][debug][gc,nmethod     ] GC(1) O: Purge NMethod: com.github.benmanes.caffeine.cache.BoundedLocalCache$EntryIterator.hasNext (0x00007a39d410fd88) [0x00007a39d410fe80, 0x00007a39d41153a8] 
[4,375s][debug][gc,nmethod     ] GC(1) O: Purge NMethod: jdk.internal.foreign.Utils$BaseAndScale$$TypeSwitch/0x00000000ba25d140.typeSwitch (0x00007a39d3a8fe88) [0x00007a39d3a8ff80, 0x00007a39d3a912a8] 
[4,375s][debug][gc,nmethod     ] GC(1) O: Purge NMethod: io.sirix.query.node.XmlDBNode.<init> (0x00007a39f2d19588) [0x00007a39f2d19680, 0x00007a39f2d1a118] 
[4,375s][debug][gc,nmethod     ] GC(1) O: Purge NMethod: io.sirix.node.xml.AbstractStructForwardingNode.hasFirstChild (0x00007a39d3c5cf08) [0x00007a39d3c5d000, 0x00007a39d3c5d5c8] 
[4,375s][debug][gc,nmethod     ] GC(1) O: Purge NMethod: java.nio.HeapByteBuffer.put (0x00007a39d408dd08) [0x00007a39d408de00, 0x00007a39d408fdd0] 
[4,375s][debug][gc,nmethod     ] GC(1) O: Purge NMethod: io.sirix.index.path.summary.PathSummaryReader.moveTo (0x00007a39f2cf2508) [0x00007a39f2cf2600, 0x00007a39f2cf2840] 
[4,375s][debug][gc,nmethod     ] GC(1) O: Purge NMethod: com.sun.org.apache.xerces.internal.util.XMLChar.isContent (0x00007a39d3acbd88) [0x00007a39d3acbe80, 0x00007a39d3acc068] 
[4,375s][debug][gc,nmethod     ] GC(1) O: Purge NMethod: io.sirix.access.trx.node.AbstractNodeReadOnlyTrx.getNodeKey (0x00007a39f2cf3c08) [0x00007a39f2cf3d00, 0x00007a39f2cf3e50] 
[4,375s][debug][gc,nmethod     ] GC(1) O: Purge NMethod: io.sirix.index.path.summary.PathSummaryReader.putMapping (0x00007a39d3c3fa08) [0x00007a39d3c3fb00, 0x00007a39d3c40538] 
[4,375s][debug][gc,nmethod     ] GC(1) O: Purge NMethod: io.sirix.access.trx.page.NodePageReadOnlyTrx.pageKey (0x00007a39d3abc888) [0x00007a39d3abc980, 0x00007a39d3abd100] 
[4,375s][debug][gc,nmethod     ] GC(1) O: Purge NMethod: io.brackit.query.node.parser.SAX2SubtreeHandlerAdapter.handleText (0x00007a39f2d49c88) [0x00007a39f2d49d80, 0x00007a39f2d4b8f0] 
[4,375s][debug][gc,nmethod     ] GC(1) O: Purge NMethod: io.sirix.access.trx.node.AbstractNodeReadOnlyTrx.hasFirstChild (0x00007a39f2dc4f88) [0x00007a39f2dc5080, 0x00007a39f2dc55f8] 
[4,375s][debug][gc,nmethod     ] GC(1) O: Purge NMethod: jdk.internal.foreign.layout.AbstractLayout.requirePowerOfTwoAndGreaterOrEqualToOne (0x00007a39d3f22688) [0x00007a39d3f22780, 0x00007a39d3f23500] 
[4,375s][debug][gc,nmethod     ] GC(1) O: Purge NMethod: io.sirix.page.KeyValueLeafPage.processEntries (0x00007a39d41b6908) [0x00007a39d41b6a00, 0x00007a39d41b9e20] 
[4,375s][debug][gc,nmethod     ] GC(1) O: Purge NMethod: jdk.internal.foreign.MemorySessionImpl$ResourceList.cleanupSingle (0x00007a39d3e52188) [0x00007a39d3e52280, 0x00007a39d3e52408] 
[4,375s][debug][gc,nmethod     ] GC(1) O: Purge NMethod: io.sirix.page.KeyValueLeafPage.getNumberOfNonNullEntries (0x00007a39d4150788) [0x00007a39d4150880, 0x00007a39d4150da0] 
[4,375s][debug][gc,nmethod     ] GC(1) O: Purge NMethod: io.sirix.access.trx.node.AbstractNodeReadOnlyTrx.hasFirstChild (0x00007a39d3cd4d88) [0x00007a39d3cd4e80, 0x00007a39d3cd56a0] 
[4,375s][debug][gc,nmethod     ] GC(1) O: Purge NMethod: java.lang.classfile.CodeBuilder.invoke (0x00007a39d379be08) [0x00007a39d379bf00, 0x00007a39d379c698] 
[4,375s][debug][gc,nmethod     ] GC(1) O: Purge NMethod: io.sirix.utils.XMLToken.isNCChar (0x00007a39d3dce788) [0x00007a39d3dce880, 0x00007a39d3dcec68] 
[4,375s][debug][gc,nmethod     ] GC(1) O: Purge NMethod: io.sirix.node.GrowingMemorySegment.writeLong (0x00007a39f2ce0a08) [0x00007a39f2ce0b00, 0x00007a39f2ce0f98] 
[4,375s][debug][gc,nmethod     ] GC(1) O: Purge NMethod: io.brackit.query.node.parser.SAX2SubtreeHandlerAdapter.startElement (0x00007a39d4174708) [0x00007a39d4174800, 0x00007a39d41767e8] 
[4,375s][debug][gc,nmethod     ] GC(1) O: Purge NMethod: io.sirix.page.KeyValueLeafPage.setSlot (0x00007a39d3e19e88) [0x00007a39d3e19f80, 0x00007a39d3e1a128] 
[4,375s][debug][gc,nmethod     ] GC(1) O: Purge NMethod: java.util.concurrent.locks.ReentrantLock.lock (0x00007a39d407a308) [0x00007a39d407a400, 0x00007a39d407abd0] 
[4,375s][debug][gc,nmethod     ] GC(1) O: Purge NMethod: io.sirix.access.trx.page.NodePageTrx.getRecord (0x00007a39f2cf1588) [0x00007a39f2cf1680, 0x00007a39f2cf21c8] 
[4,375s][debug][gc,nmethod     ] GC(1) O: Purge NMethod: java.nio.HeapByteBuffer.<init> (0x00007a39d3841708) [0x00007a39d3841800, 0x00007a39d3841978] 
[4,375s][debug][gc,nmethod     ] GC(1) O: Purge NMethod: jdk.internal.foreign.layout.ValueLayouts$AbstractValueLayout.assertCarrierSize (0x00007a39d3e77c88) [0x00007a39d3e77d80, 0x00007a39d3e77e58] 
[4,375s][debug][gc,nmethod     ] GC(1) O: Purge NMethod: io.sirix.access.trx.page.NodePageTrx.getMostRecentPageContainer (0x00007a39d4030488) [0x00007a39d4030580, 0x00007a39d4030bb0] 
[4,375s][debug][gc,nmethod     ] GC(1) O: Purge NMethod: java.lang.StringBuilder.append (0x00007a39f2c1eb08) [0x00007a39f2c1ec00, 0x00007a39f2c1f3a0] 
[4,375s][debug][gc,nmethod     ] GC(1) O: Purge NMethod: java.lang.invoke.MethodType.methodType (0x00007a39d345ac08) [0x00007a39d345ad00, 0x00007a39d345b1e0] 
[4,375s][debug][gc,nmethod     ] GC(1) O: Purge NMethod: io.brackit.query.node.parser.SAX2SubtreeHandlerAdapter$TrimmingStringBuilder.append (0x00007a39d3c30708) [0x00007a39d3c30800, 0x00007a39d3c30c90] 
[4,375s][debug][gc,nmethod     ] GC(1) O: Purge NMethod: io.sirix.access.trx.page.NodePageTrx.createNameKey (0x00007a39d3c44e88) [0x00007a39d3c44f80, 0x00007a39d3c469e0] 
[4,375s][debug][gc,nmethod     ] GC(1) O: Purge NMethod: io.sirix.page.KeyValueLeafPage.setRecord (0x00007a39d3b28588) [0x00007a39d3b28680, 0x00007a39d3b28cb8] 
[4,375s][debug][gc,nmethod     ] GC(1) O: Purge NMethod: io.sirix.node.NodeKind$13.serialize (0x00007a39d3ede788) [0x00007a39d3ede880, 0x00007a39d3edecf8] 
[4,375s][debug][gc,nmethod     ] GC(1) O: Purge NMethod: java.lang.invoke.InnerClassLambdaMetafactory$3.accept (0x00007a39d394fd88) [0x00007a39d394fe80, 0x00007a39d3952418] 
[4,375s][debug][gc,nmethod     ] GC(1) O: Purge NMethod: java.lang.invoke.InnerClassLambdaMetafactory.convertArgumentTypes (0x00007a39d394a288) [0x00007a39d394a380, 0x00007a39d394b648] 
[4,375s][debug][gc,nmethod     ] GC(1) O: Purge NMethod: io.sirix.node.GrowingMemorySegment.writeInt (0x00007a39d3e18688) [0x00007a39d3e18780, 0x00007a39d3e18eb8] 
[4,375s][debug][gc,nmethod     ] GC(1) O: Purge NMethod: io.sirix.node.xml.ElementNode.getPrefixKey (0x00007a39d3ca9788) [0x00007a39d3ca9880, 0x00007a39d3cae870] 
[4,375s][debug][gc,nmethod     ] GC(1) O: Purge NMethod: io.sirix.node.NodeKind$1.serialize (0x00007a39d3e53c88) [0x00007a39d3e53d80, 0x00007a39d3e5c840] 
[4,375s][debug][gc,nmethod     ] GC(1) O: Purge NMethod: io.sirix.node.xml.TextNode.getRightSiblingKey (0x00007a39d3b32d08) [0x00007a39d3b32e00, 0x00007a39d3b37df0] 
[4,375s][debug][gc,nmethod     ] GC(1) O: Purge NMethod: java.lang.invoke.Invokers$Holder.linkToTargetMethod (0x00007a39d3867a08) [0x00007a39d3867b00, 0x00007a39d3867ff8] 
[4,375s][debug][gc,nmethod     ] GC(1) O: Purge NMethod: io.sirix.access.trx.page.NodePageReadOnlyTrx.getRecordPage (0x00007a39d4043d08) [0x00007a39d4043e00, 0x00007a39d4049150] 
[4,375s][debug][gc,nmethod     ] GC(1) O: Purge NMethod: java.util.Arrays.fill (0x00007a39f2c88308) [0x00007a39f2c88400, 0x00007a39f2c88628] 
[4,375s][debug][gc,nmethod     ] GC(1) O: Purge NMethod: io.brackit.query.jdm.AbstractItem$1.close (0x00007a39d40e9d08) [0x00007a39d40e9e00, 0x00007a39d40e9f00] 
[4,375s][debug][gc,nmethod     ] GC(1) O: Purge NMethod: java.util.concurrent.atomic.AtomicInteger.decrementAndGet (0x00007a39d3de7608) [0x00007a39d3de7700, 0x00007a39d3de7810] 
[4,375s][debug][gc,nmethod     ] GC(1) O: Purge NMethod: sun.security.provider.SHA2.implCompress (0x00007a39d3f32988) [0x00007a39d3f32a80, 0x00007a39d3f32e90] 
[4,375s][debug][gc,nmethod     ] GC(1) O: Purge NMethod: java.util.stream.AbstractPipeline.copyInto (0x00007a39d37d0d08) [0x00007a39d37d0e00, 0x00007a39d37d1f20] 
[4,375s][debug][gc,nmethod     ] GC(1) O: Purge NMethod: io.sirix.access.trx.page.NodePageReadOnlyTrx.getValue (0x00007a39f2cda088) [0x00007a39f2cda180, 0x00007a39f2cda320] 
[4,375s][debug][gc,nmethod     ] GC(1) O: Purge NMethod: com.sun.org.apache.xerces.internal.impl.XMLEntityScanner.skipString (0x00007a39d3cc0208) [0x00007a39d3cc0300, 0x00007a39d3cc1420] 
[4,375s][debug][gc,nmethod     ] GC(1) O: Purge NMethod: net.openhft.hashing.XXH3.XXH3_avalanche (0x00007a39d3b92308) [0x00007a39d3b92400, 0x00007a39d3b92510] 
[4,375s][debug][gc,nmethod     ] GC(1) O: Purge NMethod: jdk.internal.classfile.impl.BufWriterImpl.writeU1U2U2 (0x00007a39d3506508) [0x00007a39d3506600, 0x00007a39d3506af8] 
[4,375s][debug][gc,nmethod     ] GC(1) O: Purge NMethod: io.sirix.node.SirixDeweyID.<init> (0x00007a39d40c9008) [0x00007a39d40c9100, 0x00007a39d40c9ca0] 
[4,375s][debug][gc,nmethod     ] GC(1) O: Purge NMethod: java.nio.MappedByteBuffer.<init> (0x00007a39d3bce488) [0x00007a39d3bce580, 0x00007a39d3bce750] 
[4,375s][debug][gc,nmethod     ] GC(1) O: Purge NMethod: io.sirix.access.trx.node.AbstractNodeReadOnlyTrx.moveTo (0x00007a39d3cda508) [0x00007a39d3cda600, 0x00007a39d3cdc168] 
[4,375s][debug][gc,nmethod     ] GC(1) O: Purge NMethod: jdk.internal.foreign.layout.AbstractLayout.requirePowerOfTwoAndGreaterOrEqualToOne (0x00007a39d3e53488) [0x00007a39d3e53580, 0x00007a39d3e53928] 
[4,375s][debug][gc,nmethod     ] GC(1) O: Purge NMethod: jdk.internal.foreign.AbstractMemorySegmentImpl.asSlice (0x00007a39f2bf9a88) [0x00007a39f2bf9b80, 0x00007a39f2bf9d68] 
[4,375s][debug][gc,nmethod     ] GC(1) O: Purge NMethod: it.unimi.dsi.fastutil.ints.Int2IntOpenHashMap.find (0x00007a39d3c3bb08) [0x00007a39d3c3bc00, 0x00007a39d3c3c068] 
[4,375s][debug][gc,nmethod     ] GC(1) O: Purge NMethod: io.sirix.node.GrowingMemorySegment.<init> (0x00007a39f2d0a808) [0x00007a39f2d0a900, 0x00007a39f2d0b3a8] 
[4,375s][debug][gc,nmethod     ] GC(1) O: Purge NMethod: java.util.Arrays.copyOf (0x00007a39d347fa08) [0x00007a39d347fb00, 0x00007a39d3480380] 
[4,376s][debug][gc,nmethod     ] GC(1) O: Purge NMethod: io.sirix.node.xml.ElementNode.hasRightSibling (0x00007a39d3c0d608) [0x00007a39d3c0d700, 0x00007a39d3c12b38] 
[4,376s][debug][gc,nmethod     ] GC(1) O: Purge NMethod: io.sirix.node.NodeKind.serializeStructDelegate (0x00007a39d3edbd08) [0x00007a39d3edbe00, 0x00007a39d3edc378] 
[4,376s][debug][gc,nmethod     ] GC(1) O: Purge NMethod: jdk.internal.misc.Unsafe.putLongUnaligned (0x00007a39d3637008) [0x00007a39d3637100, 0x00007a39d3637538] 
[4,376s][debug][gc,nmethod     ] GC(1) O: Purge NMethod: com.sun.org.apache.xerces.internal.impl.XMLEntityScanner.scanContent (0x00007a39d3b31c08) [0x00007a39d3b31d00, 0x00007a39d3b32cb8] 
[4,376s][debug][gc,nmethod     ] GC(1) O: Purge NMethod: jdk.internal.foreign.ArenaImpl.allocate (0x00007a39f2d09408) [0x00007a39f2d09500, 0x00007a39f2d09e38] 
[4,376s][debug][gc,nmethod     ] GC(1) O: Purge NMethod: java.util.ArrayList.<init> (0x00007a39d35a1408) [0x00007a39d35a1500, 0x00007a39d35a17a0] 
[4,376s][debug][gc,nmethod     ] GC(1) O: Purge NMethod: io.sirix.service.xml.shredder.AbstractShredder.processEndTag (0x00007a39d3cc5888) [0x00007a39d3cc5980, 0x00007a39d3cc6b00] 
[4,376s][debug][gc,nmethod     ] GC(1) O: Purge NMethod: jdk.internal.misc.Unsafe.getIntUnaligned (0x00007a39d3585088) [0x00007a39d3585180, 0x00007a39d35853c8] 
[4,376s][debug][gc,nmethod     ] GC(1) O: Purge NMethod: jdk.internal.foreign.SegmentFactories.fromArray (0x00007a39d3e90a88) [0x00007a39d3e90b80, 0x00007a39d3e91680] 
[4,376s][debug][gc,nmethod     ] GC(1) O: Purge NMethod: jdk.internal.foreign.AbstractMemorySegmentImpl$$Lambda/0x00000000ba2605d8.apply (0x00007a39d3e79f08) [0x00007a39d3e7a000, 0x00007a39d3e7a180] 
[4,376s][debug][gc,nmethod     ] GC(1) O: Purge NMethod: java.util.Arrays.fill (0x00007a39d35cf788) [0x00007a39d35cf880, 0x00007a39d35cfca8] 
[4,376s][debug][gc,nmethod     ] GC(1) O: Purge NMethod: java.lang.invoke.InvokerBytecodeGenerator.emitStaticInvoke (0x00007a39d39c8b88) [0x00007a39d39c8c80, 0x00007a39d39cb368] 
[4,376s][debug][gc,nmethod     ] GC(1) O: Purge NMethod: java.nio.HeapByteBuffer.ix (0x00007a39d3cf6388) [0x00007a39d3cf6480, 0x00007a39d3cf6588] 
[4,376s][debug][gc,nmethod     ] GC(1) O: Purge NMethod: jdk.internal.classfile.impl.UnboundAttribute$AdHocAttribute.writeTo (0x00007a39d36c2c08) [0x00007a39d36c2d00, 0x00007a39d36c4740] 
[4,376s][debug][gc,nmethod     ] GC(1) O: Purge NMethod: io.sirix.access.trx.node.AbstractNodeReadOnlyTrx.assertNotClosed (0x00007a39d3a97a88) [0x00007a39d3a97b80, 0x00007a39d3a97d88] 
[4,376s][debug][gc,nmethod     ] GC(1) O: Purge NMethod: jdk.internal.misc.Unsafe.getReferenceAcquire (0x00007a39d3413e08) [0x00007a39d3413f00, 0x00007a39d3414030] 
[4,376s][debug][gc,nmethod     ] GC(1) O: Purge NMethod: jdk.internal.foreign.AbstractMemorySegmentImpl$$Lambda/0x00000000ba2605d8.apply (0x00007a39d3f20688) [0x00007a39d3f20780, 0x00007a39d3f20960] 
[4,376s][debug][gc,nmethod     ] GC(1) O: Purge NMethod: io.brackit.query.compiler.parser.Tokenizer.ws (0x00007a39d409e988) [0x00007a39d409ea80, 0x00007a39d409eed8] 
[4,376s][debug][gc,nmethod     ] GC(1) O: Purge NMethod: jdk.internal.foreign.SegmentFactories.ensureInitialized (0x00007a39d3b38388) [0x00007a39d3b38480, 0x00007a39d3b38560] 
[4,376s][debug][gc,nmethod     ] GC(1) O: Purge NMethod: io.sirix.cache.SegmentAllocators.getIndexForSize (0x00007a39d3de6f88) [0x00007a39d3de7080, 0x00007a39d3de75b8] 
[4,376s][debug][gc,nmethod     ] GC(1) O: Purge NMethod: io.sirix.page.KeyValueLeafPage.setDeweyId (0x00007a39d3edac08) [0x00007a39d3edad00, 0x00007a39d3edafe8] 
[4,376s][debug][gc,nmethod     ] GC(1) O: Purge NMethod: io.sirix.node.NodeKind$2.serialize (0x00007a39d3f6d588) [0x00007a39d3f6d680, 0x00007a39d3f92000] 
[4,376s][debug][gc,nmethod     ] GC(1) O: Purge NMethod: java.lang.StringConcatHelper.prepend (0x00007a39d34f2308) [0x00007a39d34f2400, 0x00007a39d34f3b50] 
[4,376s][debug][gc,nmethod     ] GC(1) O: Purge NMethod: io.sirix.axis.AbstractAxis.hasNext (0x00007a39d3b21a88) [0x00007a39d3b21b80, 0x00007a39d3b22648] 
[4,376s][debug][gc,nmethod     ] GC(1) O: Purge NMethod: com.sun.org.apache.xerces.internal.impl.XMLNSDocumentScannerImpl.scanStartElement (0x00007a39d3c96708) [0x00007a39d3c96800, 0x00007a39d3c9eae0] 
[4,376s][debug][gc,nmethod     ] GC(1) O: Purge NMethod: java.util.BitSet.cardinality (0x00007a39d3b0b908) [0x00007a39d3b0ba00, 0x00007a39d3b0bc60] 
[4,376s][debug][gc,nmethod     ] GC(1) O: Purge NMethod: io.sirix.node.NodeSerializerImpl.writeDeweyID (0x00007a39d3f31f08) [0x00007a39d3f32000, 0x00007a39d3f324f0] 
[4,376s][debug][gc,nmethod     ] GC(1) O: Purge NMethod: java.util.concurrent.locks.AbstractQueuedSynchronizer.compareAndSetState (0x00007a39d3995088) [0x00007a39d3995180, 0x00007a39d3995298] 
[4,376s][debug][gc,nmethod     ] GC(1) O: Purge NMethod: io.sirix.utils.NamePageHash.generateHashForString (0x00007a39d3c1bc08) [0x00007a39d3c1bd00, 0x00007a39d3c1bfd8] 
[4,376s][debug][gc,nmethod     ] GC(1) O: Purge NMethod: com.sun.org.apache.xerces.internal.xni.XMLString.append (0x00007a39d3d43488) [0x00007a39d3d43580, 0x00007a39d3d43a58] 
[4,376s][debug][gc,nmethod     ] GC(1) O: Purge NMethod: com.sun.org.apache.xerces.internal.impl.XMLEntityScanner.scanContent (0x00007a39f2cefe88) [0x00007a39f2ceffa0, 0x00007a39f2cf0ec8] 
[4,376s][debug][gc,nmethod     ] GC(1) O: Purge NMethod: java.util.ArrayDeque.pop (0x00007a39d3c5c288) [0x00007a39d3c5c380, 0x00007a39d3c5c620] 
[4,376s][debug][gc,nmethod     ] GC(1) O: Purge NMethod: java.lang.String.getBytes (0x00007a39d3fb6f88) [0x00007a39d3fb7080, 0x00007a39d3fb7588] 
[4,376s][debug][gc,nmethod     ] GC(1) O: Purge NMethod: jdk.internal.foreign.layout.ValueLayouts$OfByteImpl.dup (0x00007a39d3e81c08) [0x00007a39d3e81d00, 0x00007a39d3e81e90] 
[4,376s][debug][gc,nmethod     ] GC(1) O: Purge NMethod: io.sirix.index.path.summary.PathSummaryReader.getStructuralNode (0x00007a39d3b24e08) [0x00007a39d3b24f00, 0x00007a39d3b252b8] 
[4,376s][debug][gc,nmethod     ] GC(1) O: Purge NMethod: jdk.internal.foreign.AbstractMemorySegmentImpl.toArray (0x00007a39d3eda388) [0x00007a39d3eda480, 0x00007a39d3eda5f0] 
[4,376s][debug][gc,nmethod     ] GC(1) O: Purge NMethod: io.sirix.node.xml.AttributeNode.getDeweyID (0x00007a39d3e91e08) [0x00007a39d3e91f00, 0x00007a39d3e921c8] 
[4,376s][debug][gc,nmethod     ] GC(1) O: Purge NMethod: io.sirix.node.NodeSerializerImpl.deserializeDeweyID (0x00007a39d408fe08) [0x00007a39d408ff00, 0x00007a39d4090eb8] 
[4,376s][debug][gc,nmethod     ] GC(1) O: Purge NMethod: jdk.internal.foreign.MemorySessionImpl$ResourceList.cleanup (0x00007a39d3f92988) [0x00007a39d3f92a80, 0x00007a39d3f931b0] 
[4,376s][debug][gc,nmethod     ] GC(1) O: Purge NMethod: com.sun.org.apache.xerces.internal.util.AugmentationsImpl$SmallContainer.clear (0x00007a39d3d44108) [0x00007a39d3d44200, 0x00007a39d3d44980] 
[4,376s][debug][gc,nmethod     ] GC(1) O: Purge NMethod: java.util.HashMap.put (0x00007a39d37cf608) [0x00007a39d37cf700, 0x00007a39d37cfce8] 
[4,376s][debug][gc,nmethod     ] GC(1) O: Purge NMethod: io.brackit.query.compiler.AST.getChild (0x00007a39d40a0808) [0x00007a39d40a0900, 0x00007a39d40a1f30] 
[4,376s][debug][gc,nmethod     ] GC(1) O: Purge NMethod: io.sirix.query.node.XmlDBNode.<init> (0x00007a39d40d1b08) [0x00007a39d40d1c00, 0x00007a39d40d3490] 
[4,376s][debug][gc,nmethod     ] GC(1) O: Purge NMethod: io.sirix.axis.filter.FilterAxis.nextKey (0x00007a39d3c63588) [0x00007a39d3c63680, 0x00007a39d3c64c90] 
[4,376s][debug][gc,nmethod     ] GC(1) O: Purge NMethod: java.nio.DirectByteBuffer.address (0x00007a39d3bfb288) [0x00007a39d3bfb380, 0x00007a39d3bfccc0] 
[4,376s][debug][gc,nmethod     ] GC(1) O: Purge NMethod: io.sirix.page.AbstractForwardingPage.getOrCreateReference (0x00007a39d3b02508) [0x00007a39d3b02600, 0x00007a39d3b02b10] 
[4,376s][debug][gc,nmethod     ] GC(1) O: Purge NMethod: com.sun.org.apache.xerces.internal.impl.XMLDocumentFragmentScannerImpl.scanDocument (0x00007a39d3dfb888) [0x00007a39d3dfb980, 0x00007a39d3dfe578] 
[4,376s][debug][gc,nmethod     ] GC(1) O: Purge NMethod: java.lang.StringUTF16.compress (0x00007a39d4060a88) [0x00007a39d4060b80, 0x00007a39d4060db0] 
[4,376s][debug][gc,nmethod     ] GC(1) O: Purge NMethod: io.sirix.index.path.summary.PathSummaryReader.getPathNode (0x00007a39d3bc9888) [0x00007a39d3bc9980, 0x00007a39d3bca080] 
[4,376s][debug][gc,nmethod     ] GC(1) O: Purge NMethod: jdk.internal.foreign.MemorySessionImpl.checkValidStateRaw (0x00007a39d382c008) [0x00007a39d382c100, 0x00007a39d382c330] 
[4,376s][debug][gc,nmethod     ] GC(1) O: Purge NMethod: io.sirix.node.MemorySegmentBytesOut.writeStopBit (0x00007a39d3e06088) [0x00007a39d3e06180, 0x00007a39d3e06548] 
[4,376s][debug][gc,nmethod     ] GC(1) O: Purge NMethod: com.sun.org.apache.xerces.internal.impl.XMLEntityScanner.scanQName (0x00007a39d3dd2288) [0x00007a39d3dd2380, 0x00007a39d3dd45b8] 
[4,376s][debug][gc,nmethod     ] GC(1) O: Purge NMethod: jdk.internal.foreign.layout.MemoryLayoutUtil.requireByteSizeValid (0x00007a39d3e77f88) [0x00007a39d3e78080, 0x00007a39d3e78420] 
[4,376s][debug][gc,nmethod     ] GC(1) O: Purge NMethod: java.util.WeakHashMap.expungeStaleEntries (0x00007a39d348d288) [0x00007a39d348d380, 0x00007a39d348e118] 
[4,376s][debug][gc,nmethod     ] GC(1) O: Purge NMethod: io.sirix.access.trx.node.xml.XmlNodeReadOnlyTrxImpl.getNode (0x00007a39d3b51408) [0x00007a39d3b51500, 0x00007a39d3b53a80] 
[4,376s][debug][gc,nmethod     ] GC(1) O: Purge NMethod: io.sirix.node.xml.ElementNode.getAttributeCount (0x00007a39d3d3d908) [0x00007a39d3d3da00, 0x00007a39d3d3db90] 
[4,376s][debug][gc,nmethod     ] GC(1) O: Purge NMethod: io.sirix.cache.IndexLogKey.hashCode (0x00007a39d3c80808) [0x00007a39d3c80900, 0x00007a39d3c80ca8] 
[4,376s][debug][gc,nmethod     ] GC(1) O: Purge NMethod: io.sirix.axis.AbstractAxis.hasNext (0x00007a39f2cea208) [0x00007a39f2cea300, 0x00007a39f2cea9f8] 
[4,376s][debug][gc,nmethod     ] GC(1) O: Purge NMethod: java.util.BitSet.set (0x00007a39f2c55d88) [0x00007a39f2c55e80, 0x00007a39f2c55ff0] 
[4,376s][debug][gc,nmethod     ] GC(1) O: Purge NMethod: com.sun.org.apache.xerces.internal.impl.XMLEntityScanner.checkNodeCount (0x00007a39d3c3f088) [0x00007a39d3c3f180, 0x00007a39d3c3f348] 
[4,376s][debug][gc,nmethod     ] GC(1) O: Purge NMethod: io.sirix.query.node.SubtreeProcessor.notifyAttribute (0x00007a39d3d6ac88) [0x00007a39d3d6ad80, 0x00007a39d3d6b7e0] 
[4,376s][debug][gc,nmethod     ] GC(1) O: Purge NMethod: io.sirix.access.trx.node.AbstractNodeReadOnlyTrx.hasRightSibling (0x00007a39d40b1f08) [0x00007a39d40b2000, 0x00007a39d40b2820] 
[4,376s][debug][gc,nmethod     ] GC(1) O: Purge NMethod: jdk.internal.foreign.HeapMemorySegmentImpl$OfByte.<init> (0x00007a39d3e7b808) [0x00007a39d3e7b900, 0x00007a39d3e7bb00] 
[4,376s][debug][gc,nmethod     ] GC(1) O: Purge NMethod: java.net.URLStreamHandler.parseURL (0x00007a39d36f5388) [0x00007a39d36f5480, 0x00007a39d3714398] 
[4,376s][debug][gc,nmethod     ] GC(1) O: Purge NMethod: com.sun.org.apache.xerces.internal.parsers.AbstractSAXParser.characters (0x00007a39d3c1c308) [0x00007a39d3c1c400, 0x00007a39d3c1c9a8] 
[4,376s][debug][gc,nmethod     ] GC(1) O: Purge NMethod: java.lang.String.<init> (0x00007a39d3647888) [0x00007a39d3647980, 0x00007a39d3647f58] 
[4,376s][debug][gc,nmethod     ] GC(1) O: Purge NMethod: jdk.internal.foreign.ArenaImpl.allocate (0x00007a39d3e05d88) [0x00007a39d3e05e80, 0x00007a39d3e06000] 
[4,376s][debug][gc,nmethod     ] GC(1) O: Purge NMethod: com.sun.org.apache.xerces.internal.impl.XMLEntityScanner.checkEntityLimit (0x00007a39d3ae7588) [0x00007a39d3ae7680, 0x00007a39d3ae7978] 
[4,376s][debug][gc,nmethod     ] GC(1) O: Purge NMethod: io.sirix.index.name.Names.setName (0x00007a39d4179b88) [0x00007a39d4179c80, 0x00007a39d417be70] 
[4,376s][debug][gc,nmethod     ] GC(1) O: Purge NMethod: io.sirix.axis.filter.FilterAxis.reset (0x00007a39f2e0dd88) [0x00007a39f2e0de80, 0x00007a39f2e0dfe8] 
[4,376s][debug][gc,nmethod     ] GC(1) O: Purge NMethod: java.lang.Long.valueOf (0x00007a39d3563b08) [0x00007a39d3563c00, 0x00007a39d3563f40] 
[4,376s][debug][gc,nmethod     ] GC(1) O: Purge NMethod: com.sun.org.apache.xerces.internal.impl.XMLDocumentFragmentScannerImpl.getString (0x00007a39d3d47808) [0x00007a39d3d47900, 0x00007a39d3d48530] 
[4,376s][debug][gc,nmethod     ] GC(1) O: Purge NMethod: com.sun.org.apache.xerces.internal.impl.XMLEntityScanner.scanContent (0x00007a39f2d2af08) [0x00007a39f2d2b0a0, 0x00007a39f2d2bb50] 
[4,376s][debug][gc,nmethod     ] GC(1) O: Purge NMethod: jdk.xml.internal.XMLLimitAnalyzer.addValue (0x00007a39d3bcb208) [0x00007a39d3bcb320, 0x00007a39d3bce440] 
[4,377s][debug][gc,nmethod     ] GC(1) O: Purge NMethod: com.github.benmanes.caffeine.cache.NodeFactory.newLookupKey (0x00007a39d3dfef08) [0x00007a39d3dff000, 0x00007a39d3dff100] 
[4,377s][debug][gc,nmethod     ] GC(1) O: Purge NMethod: com.sun.org.apache.xerces.internal.parsers.AbstractSAXParser.endElement (0x00007a39d3c90988) [0x00007a39d3c90a80, 0x00007a39d3c91378] 
[4,377s][debug][gc,nmethod     ] GC(1) O: Purge NMethod: io.sirix.access.trx.page.NodePageTrx.prepareRecordPage (0x00007a39d3cde908) [0x00007a39d3cdea00, 0x00007a39d3ce0fa8] 
[4,377s][debug][gc,nmethod     ] GC(1) O: Purge NMethod: io.sirix.access.trx.node.AbstractNodeReadOnlyTrx.hasRightSibling (0x00007a39d3c07b08) [0x00007a39d3c07c00, 0x00007a39d3c08420] 
[4,377s][debug][gc,nmethod     ] GC(1) O: Purge NMethod: java.util.stream.ReferencePipeline.collect (0x00007a39d37dae88) [0x00007a39d37daf80, 0x00007a39d37dcad8] 
[4,377s][debug][gc,nmethod     ] GC(1) O: Purge NMethod: jdk.internal.util.ReferencedKeyMap.getNoCheckStale (0x00007a39d3423988) [0x00007a39d3423a80, 0x00007a39d3424100] 
[4,377s][debug][gc,nmethod     ] GC(1) O: Purge NMethod: java.util.BitSet.and (0x00007a39f2d3f308) [0x00007a39f2d3f440, 0x00007a39f2d3f960] 
[4,377s][debug][gc,nmethod     ] GC(1) O: Purge NMethod: java.util.Objects.checkFromIndexSize (0x00007a39d347d388) [0x00007a39d347d480, 0x00007a39d347d678] 
[4,377s][debug][gc,nmethod     ] GC(1) O: Purge NMethod: sun.misc.Unsafe.isMemoryAccessWarned (0x00007a39d3abb108) [0x00007a39d3abb200, 0x00007a39d3abb300] 
[4,377s][debug][gc,nmethod     ] GC(1) O: Purge NMethod: io.sirix.axis.filter.FilterAxis.nextKey (0x00007a39d40c9d08) [0x00007a39d40c9e00, 0x00007a39d40cb410] 
[4,377s][debug][gc,nmethod     ] GC(1) O: Purge NMethod: jdk.internal.foreign.AbstractMemorySegmentImpl.toArray (0x00007a39d3f23b88) [0x00007a39d3f23c80, 0x00007a39d3f2e970] 
[4,377s][debug][gc,nmethod     ] GC(1) O: Purge NMethod: jdk.internal.foreign.SegmentFactories$1.cleanup (0x00007a39d3e85b88) [0x00007a39d3e85c80, 0x00007a39d3e86240] 
[4,377s][debug][gc,nmethod     ] GC(1) O: Purge NMethod: com.sun.org.apache.xerces.internal.impl.XMLEntityScanner.skipString (0x00007a39f2d3d888) [0x00007a39f2d3d980, 0x00007a39f2d3e648] 
[4,377s][debug][gc,nmethod     ] GC(1) O: Purge NMethod: java.nio.Bits.tryReserveMemory (0x00007a39d3b50608) [0x00007a39d3b50700, 0x00007a39d3b510f0] 
[4,377s][debug][gc,nmethod     ] GC(1) O: Purge NMethod: io.brackit.query.atomic.QNm.<init> (0x00007a39d3bd2108) [0x00007a39d3bd2200, 0x00007a39d3bd26a8] 
[4,377s][debug][gc,nmethod     ] GC(1) O: Purge NMethod: io.sirix.index.path.summary.PathSummaryReader.getNodeKey (0x00007a39f2cf2208) [0x00007a39f2cf2300, 0x00007a39f2cf2480] 
[4,377s][debug][gc,nmethod     ] GC(1) O: Purge NMethod: io.sirix.page.KeyValueLeafPage.setSlot (0x00007a39d402b908) [0x00007a39d402ba00, 0x00007a39d402bba8] 
[4,377s][debug][gc,nmethod     ] GC(1) O: Purge NMethod: jdk.internal.foreign.layout.ValueLayouts$OfByteImpl.<init> (0x00007a39d3f22388) [0x00007a39d3f22480, 0x00007a39d3f225d8] 
[4,377s][debug][gc,nmethod     ] GC(1) O: Purge NMethod: jdk.internal.misc.Unsafe.putLongUnaligned (0x00007a39d3a94c08) [0x00007a39d3a94d00, 0x00007a39d3a94f08] 
[4,377s][debug][gc,nmethod     ] GC(1) O: Purge NMethod: java.lang.Class.getSimpleName (0x00007a39d3e78788) [0x00007a39d3e78880, 0x00007a39d3e78a88] 
[4,377s][debug][gc,nmethod     ] GC(1) O: Purge NMethod: io.sirix.query.node.SubtreeProcessor.notifyEndElement (0x00007a39d3ce1b88) [0x00007a39d3ce1c80, 0x00007a39d3ce26e0] 
[4,377s][debug][gc,nmethod     ] GC(1) O: Purge NMethod: java.nio.MappedByteBuffer.limit (0x00007a39d3bc3f08) [0x00007a39d3bc4000, 0x00007a39d3bc43c0] 
[4,377s][debug][gc,nmethod     ] GC(1) O: Purge NMethod: io.sirix.node.xml.AttributeNode.getPrefixKey (0x00007a39d3d49e88) [0x00007a39d3d49f80, 0x00007a39d3d4ef70] 
[4,377s][debug][gc,nmethod     ] GC(1) O: Purge NMethod: io.sirix.page.UberPage.getPageCountExp (0x00007a39d3ff4508) [0x00007a39d3ff4600, 0x00007a39d3ff4b48] 
[4,377s][debug][gc,nmethod     ] GC(1) O: Purge NMethod: jdk.internal.classfile.impl.StackMapGenerator.processBlock (0x00007a39f2c2f708) [0x00007a39f2c2f800, 0x00007a39f2c31b20] 
[4,377s][debug][gc,nmethod     ] GC(1) O: Purge NMethod: jdk.internal.foreign.layout.ValueLayouts$OfByteImpl.withOrder (0x00007a39d3f20e88) [0x00007a39d3f20f80, 0x00007a39d3f212d0] 
[4,377s][debug][gc,nmethod     ] GC(1) O: Purge NMethod: sun.net.www.ParseUtil.encodePath (0x00007a39d35a2088) [0x00007a39d35a2180, 0x00007a39d35a2368] 
[4,377s][debug][gc,nmethod     ] GC(1) O: Purge NMethod: io.brackit.query.jdm.AbstractItem.<init> (0x00007a39d3b23b08) [0x00007a39d3b23c00, 0x00007a39d3b23db8] 
[4,377s][debug][gc,nmethod     ] GC(1) O: Purge NMethod: io.sirix.access.trx.node.xml.XmlNodeReadOnlyTrxImpl.isNameNode (0x00007a39d40e6288) [0x00007a39d40e6380, 0x00007a39d40e6bd0] 
[4,377s][debug][gc,nmethod     ] GC(1) O: Purge NMethod: jdk.internal.foreign.layout.ValueLayouts$AbstractValueLayout.withOrder (0x00007a39d3f21308) [0x00007a39d3f21400, 0x00007a39d3f21c30] 
[4,377s][debug][gc,nmethod     ] GC(1) O: Purge NMethod: java.util.BitSet.recalculateWordsInUse (0x00007a39d3a92a88) [0x00007a39d3a92b80, 0x00007a39d3a92dc0] 
[4,377s][debug][gc,nmethod     ] GC(1) O: Purge NMethod: io.sirix.access.trx.node.xml.XmlNodeTrxImpl.insertTextAsRightSibling (0x00007a39d3cf6988) [0x00007a39d3cf6a80, 0x00007a39d3d054d8] 
[4,377s][debug][gc,nmethod     ] GC(1) O: Purge NMethod: io.sirix.access.trx.page.NodePageReadOnlyTrx.getPageReference (0x00007a39d401a808) [0x00007a39d401a900, 0x00007a39d40239b8] 
[4,377s][debug][gc,nmethod     ] GC(1) O: Purge NMethod: io.sirix.page.KeyValueLeafPage.findFreeSpaceForSlots (0x00007a39d3e1ad88) [0x00007a39d3e1ae80, 0x00007a39d3e1bb60] 
[4,377s][debug][gc,nmethod     ] GC(1) O: Purge NMethod: java.lang.StringUTF16.compress (0x00007a39d3565488) [0x00007a39d3565580, 0x00007a39d35657b0] 
[4,377s][debug][gc,nmethod     ] GC(1) O: Purge NMethod: java.util.stream.ReduceOps$3.makeSink (0x00007a39d37da908) [0x00007a39d37daa00, 0x00007a39d37dae78] 
[4,377s][debug][gc,nmethod     ] GC(1) O: Purge NMethod: jdk.internal.foreign.HeapMemorySegmentImpl$OfByte.unsafeGetBase (0x00007a39d3e8e408) [0x00007a39d3e8e500, 0x00007a39d3e8eb90] 
[4,377s][debug][gc,nmethod     ] GC(1) O: Purge NMethod: io.brackit.query.node.parser.SAX2SubtreeHandlerAdapter.handleText (0x00007a39d416ca88) [0x00007a39d416cb80, 0x00007a39d416da20] 
[4,377s][debug][gc,nmethod     ] GC(1) O: Purge NMethod: io.sirix.access.trx.page.NodePageTrx.prepareRecordForModification (0x00007a39f2cebf08) [0x00007a39f2cec000, 0x00007a39f2ced018] 
[4,377s][debug][gc,nmethod     ] GC(1) O: Purge NMethod: java.lang.StringUTF16.putChar (0x00007a39d3fb7608) [0x00007a39d3fb7700, 0x00007a39d3fb7840] 
[4,377s][debug][gc,nmethod     ] GC(1) O: Purge NMethod: io.sirix.node.GrowingMemorySegment.<init> (0x00007a39d3b7a308) [0x00007a39d3b7a400, 0x00007a39d3b7a878] 
[4,377s][debug][gc,nmethod     ] GC(1) O: Purge NMethod: io.brackit.query.compiler.optimizer.walker.Walker.walkInternal (0x00007a39d40a1f88) [0x00007a39d40a2080, 0x00007a39d40a2da8] 
[4,377s][debug][gc,nmethod     ] GC(1) O: Purge NMethod: jdk.internal.foreign.layout.ValueLayouts$OfByteImpl.<init> (0x00007a39d3e7db08) [0x00007a39d3e7dc00, 0x00007a39d3e7dd38] 
[4,377s][debug][gc,nmethod     ] GC(1) O: Purge NMethod: java.util.BitSet.<init> (0x00007a39d3863088) [0x00007a39d3863180, 0x00007a39d38640c8] 
[4,377s][debug][gc,nmethod     ] GC(1) O: Purge NMethod: com.sun.org.apache.xerces.internal.impl.XMLNSDocumentScannerImpl.next (0x00007a39d3b42308) [0x00007a39d3b42400, 0x00007a39d3b428e8] 
[4,377s][debug][gc,nmethod     ] GC(1) O: Purge NMethod: io.sirix.node.xml.ElementNode.getLastChildKey (0x00007a39d3c08488) [0x00007a39d3c08580, 0x00007a39d3c0d570] 
[4,377s][debug][gc,nmethod     ] GC(1) O: Purge NMethod: io.brackit.query.jdm.type.ElementType.getNodeKind (0x00007a39d4288f08) [0x00007a39d4289000, 0x00007a39d4289108] 
[4,377s][debug][gc,nmethod     ] GC(1) O: Purge NMethod: java.nio.charset.Charset.defaultCharset (0x00007a39d3c5c688) [0x00007a39d3c5c780, 0x00007a39d3c5c878] 
[4,377s][debug][gc,nmethod     ] GC(1) O: Purge NMethod: java.util.stream.StreamOpFlag.isKnown (0x00007a39d37c1308) [0x00007a39d37c1400, 0x00007a39d37c1558] 
[4,377s][debug][gc,nmethod     ] GC(1) O: Purge NMethod: com.sun.org.apache.xerces.internal.impl.XMLEntityScanner.skipSpaces (0x00007a39f2d66988) [0x00007a39f2d66a80, 0x00007a39f2d66fe8] 
[4,377s][debug][gc,nmethod     ] GC(1) O: Purge NMethod: io.sirix.node.GrowingMemorySegment.writeInt (0x00007a39f2ce8e08) [0x00007a39f2ce8f00, 0x00007a39f2ce9390] 
[4,377s][debug][gc,nmethod     ] GC(1) O: Purge NMethod: io.sirix.node.NodeSerializerImpl.serializeDeweyID (0x00007a39d3f6a888) [0x00007a39d3f6a980, 0x00007a39d3f6af40] 
[4,377s][debug][gc,nmethod     ] GC(1) O: Purge NMethod: io.brackit.query.sequence.AbstractSequence.<init> (0x00007a39d3b23808) [0x00007a39d3b23900, 0x00007a39d3b23a58] 
[4,377s][debug][gc,nmethod     ] GC(1) O: Purge NMethod: io.sirix.access.trx.page.NodePageTrx.getRecord (0x00007a39d3fefa08) [0x00007a39d3fefb00, 0x00007a39d3ff1aa0] 
[4,377s][debug][gc,nmethod     ] GC(1) O: Purge NMethod: org.magicwerk.brownies.collections.GapList.doGet (0x00007a39f2d44d88) [0x00007a39f2d44e80, 0x00007a39f2d45018] 
[4,377s][debug][gc,nmethod     ] GC(1) O: Purge NMethod: io.sirix.page.PageKind$1.serializePage (0x00007a39d3f3fd08) [0x00007a39d3f3fe00, 0x00007a39d3f4dc60] 
[4,377s][debug][gc,nmethod     ] GC(1) O: Purge NMethod: java.lang.String.getBytes (0x00007a39d3bca108) [0x00007a39d3bca200, 0x00007a39d3bca698] 
[4,377s][debug][gc,nmethod     ] GC(1) O: Purge NMethod: sun.security.provider.SHA2.implCompress0 (0x00007a39d3f2ea08) [0x00007a39d3f2eb00, 0x00007a39d3f2f920] 
[4,377s][debug][gc,nmethod     ] GC(1) O: Purge NMethod: io.brackit.query.expr.StepExpr$AxisStepSequenceIter.next (0x00007a39d40d8108) [0x00007a39d40d8200, 0x00007a39d40d8998] 
[4,377s][debug][gc,nmethod     ] GC(1) O: Purge NMethod: io.sirix.node.MemorySegmentBytesIn.readStopBit (0x00007a39d4043988) [0x00007a39d4043a80, 0x00007a39d4043cb0] 
[4,377s][debug][gc,nmethod     ] GC(1) O: Purge NMethod: jdk.internal.foreign.MemorySessionImpl$ResourceList.cleanup (0x00007a39d3f92088) [0x00007a39d3f92180, 0x00007a39d3f92918] 
[4,377s][debug][gc,nmethod     ] GC(1) O: Purge NMethod: jdk.internal.foreign.HeapMemorySegmentImpl$OfByte.unsafeGetOffset (0x00007a39d3e52d88) [0x00007a39d3e52e80, 0x00007a39d3e52f80] 
[4,377s][debug][gc,nmethod     ] GC(1) O: Purge NMethod: java.lang.classfile.CodeBuilder.checkcast (0x00007a39d36ee388) [0x00007a39d36ee480, 0x00007a39d36eedb8] 
[4,377s][debug][gc,nmethod     ] GC(1) O: Purge NMethod: jdk.internal.foreign.AbstractMemorySegmentImpl.set (0x00007a39d3aaac08) [0x00007a39d3aaad00, 0x00007a39d3ab0280] 
[4,377s][debug][gc,nmethod     ] GC(1) O: Purge NMethod: io.sirix.access.trx.node.xml.XmlNodeTrxImpl.nodeReadOnlyTrxDelegate (0x00007a39d3ad0588) [0x00007a39d3ad0680, 0x00007a39d3ad09d0] 
[4,377s][debug][gc,nmethod     ] GC(1) O: Purge NMethod: io.sirix.access.trx.node.AbstractNodeReadOnlyTrx.moveTo (0x00007a39d40aa208) [0x00007a39d40aa300, 0x00007a39d40abe68] 
[4,377s][debug][gc,nmethod     ] GC(1) O: Purge NMethod: io.brackit.query.node.parser.SAX2SubtreeHandlerAdapter.handleText (0x00007a39d3c31808) [0x00007a39d3c31900, 0x00007a39d3c32230] 
[4,377s][debug][gc,nmethod     ] GC(1) O: Purge NMethod: java.io.UnixFileSystem.hasBooleanAttributes (0x00007a39d3562b08) [0x00007a39d3562c00, 0x00007a39d3563788] 
[4,377s][debug][gc,nmethod     ] GC(1) O: Purge NMethod: jdk.internal.classfile.impl.SplitConstantPool.findEntry (0x00007a39d34f6188) [0x00007a39d34f6280, 0x00007a39d34f7988] 
[4,377s][debug][gc,nmethod     ] GC(1) O: Purge NMethod: io.sirix.page.delegates.ReferencesPage4.getOrCreateReference (0x00007a39d4032e08) [0x00007a39d4032f00, 0x00007a39d4034918] 
[4,377s][debug][gc,nmethod     ] GC(1) O: Purge NMethod: java.util.concurrent.locks.ReentrantLock$Sync.tryRelease (0x00007a39d39df388) [0x00007a39d39df480, 0x00007a39d39dff80] 
[4,378s][debug][gc,nmethod     ] GC(1) O: Purge NMethod: java.util.concurrent.ForkJoinPool.slotOffset (0x00007a39d3861688) [0x00007a39d3861780, 0x00007a39d3861878] 
[4,378s][debug][gc,nmethod     ] GC(1) O: Purge NMethod: java.lang.AbstractStringBuilder.append (0x00007a39d3fb6208) [0x00007a39d3fb6300, 0x00007a39d3fb6f50] 
[4,378s][debug][gc,nmethod     ] GC(1) O: Purge NMethod: io.sirix.node.xml.TextNode.getKind (0x00007a39d3e32f88) [0x00007a39d3e33080, 0x00007a39d3e333a0] 
[4,378s][debug][gc,nmethod     ] GC(1) O: Purge NMethod: java.lang.String.encode (0x00007a39d3b4a408) [0x00007a39d3b4a500, 0x00007a39d3b4a838] 
[4,378s][debug][gc,nmethod     ] GC(1) O: Purge NMethod: com.sun.org.apache.xerces.internal.impl.XMLNSDocumentScannerImpl.scanStartElement (0x00007a39f2d61e88) [0x00007a39f2d61f80, 0x00007a39f2d64610] 
[4,378s][debug][gc,nmethod     ] GC(1) O: Purge NMethod: java.util.HashMap.computeIfAbsent (0x00007a39f2cf5e08) [0x00007a39f2cf5f20, 0x00007a39f2cf81c0] 
[4,378s][debug][gc,nmethod     ] GC(1) O: Purge NMethod: io.sirix.page.PageKind$1.deserializePage (0x00007a39d42add88) [0x00007a39d42ade80, 0x00007a39d42b1e28] 
[4,378s][debug][gc,nmethod     ] GC(1) O: Purge NMethod: com.sun.org.apache.xerces.internal.impl.XMLDocumentFragmentScannerImpl.seekCloseOfStartTag (0x00007a39d3c5e288) [0x00007a39d3c5e380, 0x00007a39d3c5f950] 
[4,378s][debug][gc,nmethod     ] GC(1) O: Purge NMethod: java.lang.String.encode (0x00007a39f2d03e88) [0x00007a39f2d03f80, 0x00007a39f2d04158] 
[4,378s][debug][gc,nmethod     ] GC(1) O: Purge NMethod: jdk.internal.classfile.impl.StackMapGenerator$Frame.checkStack (0x00007a39d34f7f88) [0x00007a39d34f8080, 0x00007a39d34f8cc8] 
[4,378s][debug][gc,nmethod     ] GC(1) O: Purge NMethod: io.sirix.node.MemorySegmentBytesOut.writeLong (0x00007a39f2cdd008) [0x00007a39f2cdd100, 0x00007a39f2cdd620] 
[4,378s][debug][gc,nmethod     ] GC(1) O: Purge NMethod: java.nio.Buffer.<init> (0x00007a39d3806d08) [0x00007a39d3806e00, 0x00007a39d38087f8] 
[4,378s][debug][gc,nmethod     ] GC(1) O: Purge NMethod: io.sirix.access.trx.node.AbstractDeweyIDManager.newFirstChildID (0x00007a39d3cd5e88) [0x00007a39d3cd5f80, 0x00007a39d3cd8e60] 
[4,378s][debug][gc,nmethod     ] GC(1) O: Purge NMethod: io.sirix.access.trx.page.NodePageTrx.prepareRecordForModification (0x00007a39d4161908) [0x00007a39d4161a00, 0x00007a39d4163888] 
[4,378s][debug][gc,nmethod     ] GC(1) O: Purge NMethod: com.sun.org.apache.xerces.internal.impl.XMLEntityScanner.scanContent (0x00007a39d3dd4608) [0x00007a39d3dd4700, 0x00007a39d3dd5678] 
[4,378s][debug][gc,nmethod     ] GC(1) O: Purge NMethod: com.sun.org.apache.xerces.internal.parsers.AbstractSAXParser.characters (0x00007a39f2d2a308) [0x00007a39f2d2a400, 0x00007a39f2d2abc0] 
[4,378s][debug][gc,nmethod     ] GC(1) O: Purge NMethod: io.sirix.access.trx.node.AbstractNodeReadOnlyTrx.getNodeKey (0x00007a39d3b31188) [0x00007a39d3b31280, 0x00007a39d3b318e8] 
[4,378s][debug][gc,nmethod     ] GC(1) O: Purge NMethod: java.lang.AbstractStringBuilder.newCapacity (0x00007a39d3480688) [0x00007a39d3480780, 0x00007a39d3480b18] 
[4,378s][debug][gc,nmethod     ] GC(1) O: Purge NMethod: java.util.ImmutableCollections$ListN.get (0x00007a39d340ba08) [0x00007a39d340bb00, 0x00007a39d340bc88] 
[4,378s][debug][gc,nmethod     ] GC(1) O: Purge NMethod: io.sirix.page.PageReference.setResourceId (0x00007a39d407c308) [0x00007a39d407c400, 0x00007a39d407c510] 
[4,378s][debug][gc,nmethod     ] GC(1) O: Purge NMethod: java.lang.invoke.VarHandle.checkAccessModeThenIsDirect (0x00007a39d3588588) [0x00007a39d3588680, 0x00007a39d3589828] 
[4,378s][debug][gc,nmethod     ] GC(1) O: Purge NMethod: java.util.jar.JarFile.maybeInstantiateVerifier (0x00007a39d34dd908) [0x00007a39d34dda00, 0x00007a39d34dded0] 
[4,378s][debug][gc,nmethod     ] GC(1) O: Purge NMethod: jdk.internal.foreign.AbstractMemorySegmentImpl.asSlice (0x00007a39f2bf9f88) [0x00007a39f2bfa080, 0x00007a39f2bfa268] 
[4,378s][debug][gc,nmethod     ] GC(1) O: Purge NMethod: io.brackit.query.sequence.BaseIter.<init> (0x00007a39d40d7a08) [0x00007a39d40d7b00, 0x00007a39d40d7c58] 
[4,378s][debug][gc,nmethod     ] GC(1) O: Purge NMethod: jdk.internal.util.ArraysSupport.hashCode (0x00007a39d3758508) [0x00007a39d3758600, 0x00007a39d3758ab0] 
[4,378s][debug][gc,nmethod     ] GC(1) O: Purge NMethod: io.sirix.axis.filter.FilterAxis.<init> (0x00007a39d40d3f08) [0x00007a39d40d4000, 0x00007a39d40d6b88] 
[4,378s][debug][gc,nmethod     ] GC(1) O: Purge NMethod: it.unimi.dsi.fastutil.ints.Int2ObjectOpenHashMap.get (0x00007a39d3c47088) [0x00007a39d3c47180, 0x00007a39d3c477f0] 
[4,378s][debug][gc,nmethod     ] GC(1) O: Purge NMethod: java.util.ArrayList.iterator (0x00007a39d35c0888) [0x00007a39d35c0980, 0x00007a39d35c0c80] 
[4,378s][debug][gc,nmethod     ] GC(1) O: Purge NMethod: jdk.internal.access.SharedSecrets.getJavaLangAccess (0x00007a39d3618408) [0x00007a39d3618500, 0x00007a39d3618628] 
[4,378s][debug][gc,nmethod     ] GC(1) O: Purge NMethod: java.lang.invoke.MethodType.makeImpl (0x00007a39d345b208) [0x00007a39d345b300, 0x00007a39d345dab0] 
[4,378s][debug][gc,nmethod     ] GC(1) O: Purge NMethod: io.sirix.access.trx.page.NodePageTrx.prepareRecordForModification (0x00007a39d3cdc488) [0x00007a39d3cdc580, 0x00007a39d3cde408] 
[4,378s][debug][gc,nmethod     ] GC(1) O: Purge NMethod: java.lang.String.<init> (0x00007a39f2c84808) [0x00007a39f2c84900, 0x00007a39f2c84d38] 
[4,378s][debug][gc,nmethod     ] GC(1) O: Purge NMethod: io.sirix.index.path.summary.PathSummaryReader.moveTo (0x00007a39f2e31c88) [0x00007a39f2e31d80, 0x00007a39f2e32748] 
[4,378s][debug][gc,nmethod     ] GC(1) O: Purge NMethod: io.sirix.node.xml.ElementNode.setChildCount (0x00007a39d3bb5008) [0x00007a39d3bb5100, 0x00007a39d3bb8c20] 
[4,378s][debug][gc,nmethod     ] GC(1) O: Purge NMethod: io.brackit.query.node.parser.SAX2SubtreeHandlerAdapter$TrimmingStringBuilder.toString (0x00007a39d3c2fb08) [0x00007a39d3c2fc00, 0x00007a39d3c2fde0] 
[4,378s][debug][gc,nmethod     ] GC(1) O: Purge NMethod: java.util.stream.ReduceOps$3.getOpFlags (0x00007a39d37d9588) [0x00007a39d37d9680, 0x00007a39d37d9ac0] 
[4,378s][debug][gc,nmethod     ] GC(1) O: Purge NMethod: java.lang.invoke.VarHandleGuards.guard_LLL_Z (0x00007a39d3850588) [0x00007a39d3850680, 0x00007a39d3853580] 
[4,378s][debug][gc,nmethod     ] GC(1) O: Purge NMethod: org.magicwerk.brownies.collections.GapList.doGet (0x00007a39d4148708) [0x00007a39d4148800, 0x00007a39d4148b38] 
[4,378s][debug][gc,nmethod     ] GC(1) O: Purge NMethod: jdk.internal.foreign.AbstractMemorySegmentImpl.asSliceNoCheck (0x00007a39f2c9f588) [0x00007a39f2c9f680, 0x00007a39f2c9f7f8] 
[4,378s][debug][gc,nmethod     ] GC(1) O: Purge NMethod: io.sirix.page.KeyValueLeafPage.addReferences (0x00007a39d4140f08) [0x00007a39d4141000, 0x00007a39d4142120] 
[4,378s][debug][gc,nmethod     ] GC(1) O: Purge NMethod: io.sirix.query.node.SubtreeBuilder.attribute (0x00007a39d3d95a08) [0x00007a39d3d95b00, 0x00007a39d3d96d00] 
[4,378s][debug][gc,nmethod     ] GC(1) O: Purge NMethod: io.sirix.access.trx.node.AbstractNodeReadOnlyTrx.moveTo (0x00007a39d3ade308) [0x00007a39d3ade400, 0x00007a39d3adff78] 
[4,378s][debug][gc,nmethod     ] GC(1) O: Purge NMethod: io.sirix.access.trx.page.NodePageTrx.createNameKey (0x00007a39d419c408) [0x00007a39d419c500, 0x00007a39d419df38] 
[4,378s][debug][gc,nmethod     ] GC(1) O: Purge NMethod: io.brackit.query.atomic.AbstractAtomic.atomicCmp (0x00007a39d3d42b08) [0x00007a39d3d42c00, 0x00007a39d3d43430] 
[4,378s][debug][gc,nmethod     ] GC(1) O: Purge NMethod: com.sun.org.apache.xerces.internal.util.NamespaceSupport.pushContext (0x00007a39d3c81888) [0x00007a39d3c81980, 0x00007a39d3c81cf0] 
[4,378s][debug][gc,nmethod     ] GC(1) O: Purge NMethod: com.sun.org.apache.xerces.internal.impl.XMLEntityScanner.skipSpaces (0x00007a39d3baea88) [0x00007a39d3baeb80, 0x00007a39d3bafe20] 
[4,378s][debug][gc,nmethod     ] GC(1) O: Purge NMethod: io.sirix.service.xml.shredder.AbstractShredder.processStartTag (0x00007a39f2d67308) [0x00007a39f2d67400, 0x00007a39f2d681c8] 
[4,378s][debug][gc,nmethod     ] GC(1) O: Purge NMethod: java.lang.AbstractStringBuilder.ensureCapacityNewCoder (0x00007a39d3474d88) [0x00007a39d3474e80, 0x00007a39d3475190] 
[4,378s][debug][gc,nmethod     ] GC(1) O: Purge NMethod: java.lang.Class.reflectionData (0x00007a39d35b5408) [0x00007a39d35b5500, 0x00007a39d35b5b58] 
[4,378s][debug][gc,nmethod     ] GC(1) O: Purge NMethod: io.sirix.query.node.SubtreeProcessor.notifyStartElement (0x00007a39d3cbcd08) [0x00007a39d3cbce00, 0x00007a39d3cbd860] 
[4,378s][debug][gc,nmethod     ] GC(1) O: Purge NMethod: java.lang.Math.min (0x00007a39d3565188) [0x00007a39d3565280, 0x00007a39d35653a8] 
[4,378s][debug][gc,nmethod     ] GC(1) O: Purge NMethod: jdk.internal.foreign.HeapMemorySegmentImpl$OfByte.maxAlignMask (0x00007a39d3e85888) [0x00007a39d3e85980, 0x00007a39d3e85a80] 
[4,378s][debug][gc,nmethod     ] GC(1) O: Purge NMethod: io.sirix.node.GrowingMemorySegment.getUsedSegment (0x00007a39d3b25d88) [0x00007a39d3b25e80, 0x00007a39d3b26470] 
[4,378s][debug][gc,nmethod     ] GC(1) O: Purge NMethod: jdk.internal.foreign.Utils$BaseAndScale.of (0x00007a39d3a91308) [0x00007a39d3a91400, 0x00007a39d3a92a18] 
[4,378s][debug][gc,nmethod     ] GC(1) O: Purge NMethod: java.util.ArrayDeque.addFirst (0x00007a39d4138608) [0x00007a39d4138700, 0x00007a39d4138ce0] 
[4,378s][debug][gc,nmethod     ] GC(1) O: Purge NMethod: io.sirix.index.path.summary.PathSummaryReader.putMapping (0x00007a39f2d50e88) [0x00007a39f2d50f80, 0x00007a39f2d51298] 
[4,378s][debug][gc,nmethod     ] GC(1) O: Purge NMethod: java.util.Collection.stream (0x00007a39d3864b88) [0x00007a39d3864c80, 0x00007a39d3864fb8] 
[4,378s][debug][gc,nmethod     ] GC(1) O: Purge NMethod: com.sun.org.apache.xerces.internal.impl.XMLDocumentFragmentScannerImpl.scanEndElement (0x00007a39d3cef588) [0x00007a39d3cef680, 0x00007a39d3cf0da8] 
[4,378s][debug][gc,nmethod     ] GC(1) O: Purge NMethod: java.util.BitSet.nextSetBit (0x00007a39d402bc08) [0x00007a39d402bd00, 0x00007a39d402ccf0] 
[4,378s][debug][gc,nmethod     ] GC(1) O: Purge NMethod: io.sirix.node.xml.ElementNode.getPathNodeKey (0x00007a39d3bafe88) [0x00007a39d3baff80, 0x00007a39d3bb4f70] 
[4,378s][debug][gc,nmethod     ] GC(1) O: Purge NMethod: io.sirix.node.delegates.NodeDelegate.<init> (0x00007a39d3db8e88) [0x00007a39d3db8f80, 0x00007a39d3db94d8] 
[4,378s][debug][gc,nmethod     ] GC(1) O: Purge NMethod: io.sirix.access.trx.node.xml.XmlNodeFactoryImpl.createTextNode (0x00007a39d3c3cf08) [0x00007a39d3c3d000, 0x00007a39d3c3f048] 
[4,378s][debug][gc,nmethod     ] GC(1) O: Purge NMethod: io.sirix.access.trx.node.xml.XmlNodeHashing.setCurrentNode (0x00007a39d3b9da88) [0x00007a39d3b9db80, 0x00007a39d3b9e6e8] 
[4,378s][debug][gc,nmethod     ] GC(1) O: Purge NMethod: io.sirix.node.AbstractForwardingNode.getParentKey (0x00007a39d3b83208) [0x00007a39d3b83300, 0x00007a39d3b83630] 
[4,378s][debug][gc,nmethod     ] GC(1) O: Purge NMethod: java.util.Spliterators$ArraySpliterator.forEachRemaining (0x00007a39f2c7fb88) [0x00007a39f2c7fc80, 0x00007a39f2c81bc0] 
[4,378s][debug][gc,nmethod     ] GC(1) O: Purge NMethod: io.sirix.axis.AbstractAxis.resetToLastKey (0x00007a39d4279d88) [0x00007a39d4279e80, 0x00007a39d427a438] 
[4,378s][debug][gc,nmethod     ] GC(1) O: Purge NMethod: jdk.internal.foreign.NativeMemorySegmentImpl.<init> (0x00007a39d340e408) [0x00007a39d340e500, 0x00007a39d340e9c8] 
[4,378s][debug][gc,nmethod     ] GC(1) O: Purge NMethod: io.sirix.page.delegates.BitmapReferencesPage.getOrCreateReference (0x00007a39d3b1b508) [0x00007a39d3b1b600, 0x00007a39d3b1bcb8] 
[4,378s][debug][gc,nmethod     ] GC(1) O: Purge NMethod: io.sirix.node.xml.TextNode.computeHash (0x00007a39d3c4a988) [0x00007a39d3c4aa80, 0x00007a39d3c5c228] 
[4,378s][debug][gc,nmethod     ] GC(1) O: Purge NMethod: io.sirix.access.trx.page.NodePageTrx.getPageContainer (0x00007a39d3cd9288) [0x00007a39d3cd9380, 0x00007a39d3cda4c0] 
[4,378s][debug][gc,nmethod     ] GC(1) O: Purge NMethod: io.sirix.node.SirixDeweyID.getDivisionBits (0x00007a39d3e81308) [0x00007a39d3e81400, 0x00007a39d3e81880] 
[4,378s][debug][gc,nmethod     ] GC(1) O: Purge NMethod: io.sirix.node.NodeKind.serializeDelegateWithoutIDs (0x00007a39d3edb608) [0x00007a39d3edb700, 0x00007a39d3edb988] 
[4,378s][debug][gc,nmethod     ] GC(1) O: Purge NMethod: java.util.HashMap.afterNodeAccess (0x00007a39d38de488) [0x00007a39d38de580, 0x00007a39d38de680] 
[4,379s][debug][gc,nmethod     ] GC(1) O: Purge NMethod: jdk.internal.foreign.abi.SharedUtils.checkNative (0x00007a39d3f95988) [0x00007a39d3f95a80, 0x00007a39d3f96e20] 
[4,379s][debug][gc,nmethod     ] GC(1) O: Purge NMethod: jdk.internal.foreign.GlobalSession.acquire0 (0x00007a39d3f95388) [0x00007a39d3f95480, 0x00007a39d3f95580] 
[4,379s][debug][gc,nmethod     ] GC(1) O: Purge NMethod: io.sirix.page.KeyValueLeafPage.getDeweyIdAsByteArray (0x00007a39d381db08) [0x00007a39d381dc00, 0x00007a39d381e188] 
[4,379s][debug][gc,nmethod     ] GC(1) O: Purge NMethod: io.sirix.settings.VersioningType$4.combineRecordPages (0x00007a39d4289208) [0x00007a39d4289300, 0x00007a39d428e228] 
[4,379s][debug][gc,nmethod     ] GC(1) O: Purge NMethod: io.sirix.access.trx.page.NodePageTrx.createRecord (0x00007a39f2d0cc88) [0x00007a39f2d0cd80, 0x00007a39f2d0e230] 
[4,379s][debug][gc,nmethod     ] GC(1) O: Purge NMethod: io.brackit.query.atomic.QNm.hashCode (0x00007a39d3d3f908) [0x00007a39d3d3fa00, 0x00007a39d3d3ff70] 
[4,379s][debug][gc,nmethod     ] GC(1) O: Purge NMethod: java.lang.String.encodeUTF8 (0x00007a39f2cfd508) [0x00007a39f2cfd600, 0x00007a39f2cfd7b8] 
[4,379s][debug][gc,nmethod     ] GC(1) O: Purge NMethod: jdk.internal.foreign.SegmentFactories.fromArray (0x00007a39d3e7ab08) [0x00007a39d3e7ac00, 0x00007a39d3e7aff8] 
[4,379s][debug][gc,nmethod     ] GC(1) O: Purge NMethod: io.sirix.node.NodeSerializerImpl.serialize (0x00007a39d3e19308) [0x00007a39d3e19400, 0x00007a39d3e19e20] 
[4,379s][debug][gc,nmethod     ] GC(1) O: Purge NMethod: io.sirix.utils.XMLToken.isNCStartChar (0x00007a39d3dce008) [0x00007a39d3dce100, 0x00007a39d3dce770] 
[4,379s][debug][gc,nmethod     ] GC(1) O: Purge NMethod: io.sirix.node.xml.ElementNode.getRightSiblingKey (0x00007a39d3b54e08) [0x00007a39d3b54f00, 0x00007a39d3b59ef0] 
[4,379s][debug][gc,nmethod     ] GC(1) O: Purge NMethod: io.sirix.node.MemorySegmentBytesOut.<init> (0x00007a39d3b93088) [0x00007a39d3b93180, 0x00007a39d3b93f50] 
[4,379s][debug][gc,nmethod     ] GC(1) O: Purge NMethod: io.sirix.query.node.SubtreeProcessor.notifyText (0x00007a39d3c3c088) [0x00007a39d3c3c180, 0x00007a39d3c3cbe0] 
[4,379s][debug][gc,nmethod     ] GC(1) O: Purge NMethod: net.openhft.hashing.XXH3.access$500 (0x00007a39d3b9ce08) [0x00007a39d3b9cf00, 0x00007a39d3b9d010] 
[4,379s][debug][gc,nmethod     ] GC(1) O: Purge NMethod: java.util.ArrayDeque.push (0x00007a39d4138308) [0x00007a39d4138400, 0x00007a39d4138530] 
[4,379s][debug][gc,nmethod     ] GC(1) O: Purge NMethod: jdk.internal.foreign.AbstractMemorySegmentImpl.<init> (0x00007a39d347f408) [0x00007a39d347f500, 0x00007a39d347f6e0] 
[4,379s][debug][gc,nmethod     ] GC(1) O: Purge NMethod: java.lang.ref.Reference.refersToImpl (0x00007a39d3507088) [0x00007a39d3507180, 0x00007a39d35072b8] 
[4,379s][debug][gc,nmethod     ] GC(1) O: Purge NMethod: jdk.internal.foreign.layout.ValueLayouts$AbstractValueLayout.<init> (0x00007a39d3e77208) [0x00007a39d3e77300, 0x00007a39d3e776e8] 
[4,379s][debug][gc,nmethod     ] GC(1) O: Purge NMethod: io.sirix.page.PageKind$1.serializePage (0x00007a39f2e59088) [0x00007a39f2e59180, 0x00007a39f2e60f60] 
[4,379s][debug][gc,nmethod     ] GC(1) O: Purge NMethod: java.lang.invoke.VarHandleSegmentAsInts.get (0x00007a39d3a5f708) [0x00007a39d3a5f800, 0x00007a39d3a64ca0] 
[4,379s][debug][gc,nmethod     ] GC(1) O: Purge NMethod: java.net.URL.<init> (0x00007a39d35c8f08) [0x00007a39d35c9000, 0x00007a39d35cf718] 
[4,379s][debug][gc,nmethod     ] GC(1) O: Purge NMethod: io.sirix.node.xml.AbstractStructForwardingNode.getFirstChildKey (0x00007a39d3c47808) [0x00007a39d3c47900, 0x00007a39d3c47c30] 
[4,379s][debug][gc,nmethod     ] GC(1) O: Purge NMethod: io.sirix.access.trx.page.NodePageTrx.prepareRecordPage (0x00007a39f2cdd688) [0x00007a39f2cdd780, 0x00007a39f2cde338] 
[4,379s][debug][gc,nmethod     ] GC(1) O: Purge NMethod: com.sun.org.apache.xerces.internal.impl.XMLEntityScanner.scanChar (0x00007a39d41a4088) [0x00007a39d41a4180, 0x00007a39d41a4ba8] 
[4,379s][debug][gc,nmethod     ] GC(1) O: Purge NMethod: io.sirix.node.NodeKind$4.serialize (0x00007a39d3e5c908) [0x00007a39d3e5ca00, 0x00007a39d3e77178] 
[4,379s][debug][gc,nmethod     ] GC(1) O: Purge NMethod: io.sirix.access.trx.page.NodePageTrx.prepareRecordPage (0x00007a39d3acde88) [0x00007a39d3acdf80, 0x00007a39d3ad0528] 
[4,379s][debug][gc,nmethod     ] GC(1) O: Purge NMethod: jdk.internal.foreign.HeapMemorySegmentImpl$OfByte.unsafeGetOffset (0x00007a39d3e87c88) [0x00007a39d3e87d80, 0x00007a39d3e87e98] 
[4,379s][debug][gc,nmethod     ] GC(1) O: Purge NMethod: io.sirix.page.NamePage.getCurrentMaxLevelOfIndirectPages (0x00007a39d43e0f88) [0x00007a39d43e1080, 0x00007a39d43e1228] 
[4,379s][debug][gc,nmethod     ] GC(1) O: Purge NMethod: io.sirix.node.xml.ElementNode.<init> (0x00007a39d3c95588) [0x00007a39d3c95680, 0x00007a39d3c96690] 
[4,379s][debug][gc,nmethod     ] GC(1) O: Purge NMethod: jdk.internal.misc.Unsafe.putIntRelease (0x00007a39d40c4808) [0x00007a39d40c4900, 0x00007a39d40c4a08] 
[4,379s][debug][gc,nmethod     ] GC(1) O: Purge NMethod: com.sun.org.apache.xerces.internal.parsers.AbstractSAXParser.startElement (0x00007a39d3c8bd08) [0x00007a39d3c8be00, 0x00007a39d3c8e0e8] 
[4,379s][debug][gc,nmethod     ] GC(1) O: Purge NMethod: java.lang.Object.<init> (0x00007a39f2be6808) [0x00007a39f2be6900, 0x00007a39f2be6980] 
[4,379s][debug][gc,nmethod     ] GC(1) O: Purge NMethod: it.unimi.dsi.fastutil.HashCommon.mix (0x00007a39d3ac9808) [0x00007a39d3ac9900, 0x00007a39d3ac99f0] 
[4,379s][debug][gc,nmethod     ] GC(1) O: Purge NMethod: java.lang.String.indexOf (0x00007a39d358e188) [0x00007a39d358e280, 0x00007a39d358eaa0] 
[4,379s][debug][gc,nmethod     ] GC(1) O: Purge NMethod: jdk.internal.foreign.AbstractMemorySegmentImpl$$Lambda/0x00000000ba261980.apply (0x00007a39d3f20988) [0x00007a39d3f20a80, 0x00007a39d3f20e18] 
[4,379s][debug][gc,nmethod     ] GC(1) O: Purge NMethod: io.sirix.node.xml.AbstractStructForwardingNode.getFirstChildKey (0x00007a39d4031308) [0x00007a39d4031400, 0x00007a39d4031720] 
[4,379s][debug][gc,nmethod     ] GC(1) O: Purge NMethod: net.openhft.hashing.UnsafeAccess.getLong (0x00007a39d3abbf88) [0x00007a39d3abc080, 0x00007a39d3abc520] 
[4,379s][debug][gc,nmethod     ] GC(1) O: Purge NMethod: io.sirix.axis.AbstractAxis.<init> (0x00007a39d3bc3388) [0x00007a39d3bc3480, 0x00007a39d3bc3ed0] 
[4,379s][debug][gc,nmethod     ] GC(1) O: Purge NMethod: io.sirix.node.immutable.xml.ImmutableElement.getPathNodeKey (0x00007a39d3c72f08) [0x00007a39d3c73000, 0x00007a39d3c78248] 
[4,379s][debug][gc,nmethod     ] GC(1) O: Purge NMethod: java.lang.StringLatin1.inflate (0x00007a39d3408c88) [0x00007a39d3408d80, 0x00007a39d3408f70] 
[4,379s][debug][gc,nmethod     ] GC(1) O: Purge NMethod: java.nio.DirectByteBuffer.address (0x00007a39f2d23188) [0x00007a39f2d23280, 0x00007a39f2d23448] 
[4,379s][debug][gc,nmethod     ] GC(1) O: Purge NMethod: io.sirix.node.xml.ElementNode.hasLeftSibling (0x00007a39d418e608) [0x00007a39d418e700, 0x00007a39d4193b38] 
[4,379s][debug][gc,nmethod     ] GC(1) O: Purge NMethod: io.sirix.service.xml.shredder.AbstractShredder.processText (0x00007a39d3c39708) [0x00007a39d3c39800, 0x00007a39d3c3bab0] 
[4,379s][debug][gc,nmethod     ] GC(1) O: Purge NMethod: it.unimi.dsi.fastutil.ints.Int2IntOpenHashMap.put (0x00007a39d3c40588) [0x00007a39d3c40680, 0x00007a39d3c408e8] 
[4,379s][debug][gc,nmethod     ] GC(1) O: Purge NMethod: jdk.internal.foreign.SegmentFactories.initNativeMemory (0x00007a39d381af88) [0x00007a39d381b080, 0x00007a39d381b220] 
[4,379s][debug][gc,nmethod     ] GC(1) O: Purge NMethod: io.sirix.axis.AbstractAxis.resetToLastKey (0x00007a39f2e25f88) [0x00007a39f2e26080, 0x00007a39f2e263d8] 
[4,379s][debug][gc,nmethod     ] GC(1) O: Purge NMethod: java.nio.Buffer.checkIndex (0x00007a39d3488588) [0x00007a39d3488680, 0x00007a39d34887d0] 
[4,379s][debug][gc,nmethod     ] GC(1) O: Purge NMethod: io.sirix.node.xml.AttributeNode.getKind (0x00007a39d3f6a408) [0x00007a39d3f6a500, 0x00007a39d3f6a820] 
[4,379s][debug][gc,nmethod     ] GC(1) O: Purge NMethod: io.sirix.page.PageKind$1.serializePage (0x00007a39d41cfb88) [0x00007a39d41cfc80, 0x00007a39d41dd7d8] 
[4,379s][debug][gc,nmethod     ] GC(1) O: Purge NMethod: io.sirix.access.trx.node.xml.XmlNodeReadOnlyTrxImpl.getNameNode (0x00007a39d3ce2708) [0x00007a39d3ce2800, 0x00007a39d3ce3048] 
[4,379s][debug][gc,nmethod     ] GC(1) O: Purge NMethod: io.sirix.access.trx.page.NodePageTrx$$Lambda/0x00000000ba28d158.apply (0x00007a39d4032908) [0x00007a39d4032a00, 0x00007a39d4032dc8] 
[4,379s][debug][gc,nmethod     ] GC(1) O: Purge NMethod: java.util.concurrent.locks.ReentrantLock$NonfairSync.initialTryLock (0x00007a39d3744888) [0x00007a39d3744980, 0x00007a39d3745670] 
[4,379s][debug][gc,nmethod     ] GC(1) O: Purge NMethod: io.sirix.access.trx.node.xml.XmlNodeTrxImpl.adaptForInsert (0x00007a39d4176808) [0x00007a39d4176900, 0x00007a39d41796a8] 
[4,379s][debug][gc,nmethod     ] GC(1) O: Purge NMethod: io.sirix.node.json.JsonNodeSerializer.writeEndPadding (0x00007a39d3e77708) [0x00007a39d3e77800, 0x00007a39d3e77c48] 
[4,379s][debug][gc,nmethod     ] GC(1) O: Purge NMethod: java.lang.invoke.VarHandleGuards.guard_LJ_I (0x00007a39d340ee08) [0x00007a39d340ef00, 0x00007a39d3411dc0] 
[4,379s][debug][gc,nmethod     ] GC(1) O: Purge NMethod: io.sirix.access.trx.page.NodePageTrx.getPageContainer (0x00007a39d4036e08) [0x00007a39d4036f00, 0x00007a39d4038040] 
[4,379s][debug][gc,nmethod     ] GC(1) O: Purge NMethod: java.lang.String.<init> (0x00007a39f2d05588) [0x00007a39f2d05680, 0x00007a39f2d059c8] 
[4,379s][debug][gc,nmethod     ] GC(1) O: Purge NMethod: io.sirix.access.trx.node.AbstractNodeReadOnlyTrx.moveTo (0x00007a39f2ceb008) [0x00007a39f2ceb100, 0x00007a39f2cebe70] 
[4,379s][debug][gc,nmethod     ] GC(1) O: Purge NMethod: java.net.URLStreamHandler.setURL (0x00007a39d35c7188) [0x00007a39d35c7280, 0x00007a39d35c8eb8] 
[4,379s][debug][gc,nmethod     ] GC(1) O: Purge NMethod: java.util.BitSet.checkRange (0x00007a39d3b1cc08) [0x00007a39d3b1cd00, 0x00007a39d3b1f688] 
[4,379s][debug][gc,nmethod     ] GC(1) O: Purge NMethod: java.util.concurrent.ConcurrentLinkedDeque.linkLast (0x00007a39d39fc188) [0x00007a39d39fc280, 0x00007a39d3a01378] 
[4,379s][debug][gc,nmethod     ] GC(1) O: Purge NMethod: jdk.internal.foreign.AbstractMemorySegmentImpl.asSlice (0x00007a39d3551d88) [0x00007a39d3551e80, 0x00007a39d3552378] 
[4,379s][debug][gc,nmethod     ] GC(1) O: Purge NMethod: io.sirix.access.trx.node.AbstractNodeReadOnlyTrx.moveToParent (0x00007a39f2d24208) [0x00007a39f2d24300, 0x00007a39f2d25590] 
[4,379s][debug][gc,nmethod     ] GC(1) O: Purge NMethod: io.sirix.node.xml.AttributeNode.getLocalNameKey (0x00007a39d3d54c08) [0x00007a39d3d54d00, 0x00007a39d3d59cf0] 
[4,379s][debug][gc,nmethod     ] GC(1) O: Purge NMethod: io.sirix.node.xml.AttributeNode.getDeweyID (0x00007a39d3f32508) [0x00007a39d3f32600, 0x00007a39d3f32928] 
[4,379s][debug][gc,nmethod     ] GC(1) O: Purge NMethod: java.lang.String.getBytes (0x00007a39f2c17c88) [0x00007a39f2c17d80, 0x00007a39f2c180c0] 
[4,379s][debug][gc,nmethod     ] GC(1) O: Purge NMethod: io.sirix.access.trx.page.NodePageTrx.getMostRecentPageContainer (0x00007a39d3ac1e88) [0x00007a39d3ac1f80, 0x00007a39d3ac25b0] 
[4,379s][debug][gc,nmethod     ] GC(1) O: Purge NMethod: io.sirix.axis.filter.PathNameFilter.filter (0x00007a39d3bba008) [0x00007a39d3bba100, 0x00007a39d3bbc900] 
[4,379s][debug][gc,nmethod     ] GC(1) O: Purge NMethod: net.openhft.hashing.LongHashFunction.unsafeHash (0x00007a39d3b9a988) [0x00007a39d3b9aa80, 0x00007a39d3b9ad90] 
[4,379s][debug][gc,nmethod     ] GC(1) O: Purge NMethod: java.lang.invoke.VarForm.getMemberName (0x00007a39d3587a08) [0x00007a39d3587b00, 0x00007a39d3588280] 
[4,379s][debug][gc,nmethod     ] GC(1) O: Purge NMethod: java.util.stream.AbstractPipeline.evaluate (0x00007a39f2c9c788) [0x00007a39f2c9c880, 0x00007a39f2c9dd60] 
[4,380s][debug][gc,nmethod     ] GC(1) O: Purge NMethod: io.sirix.page.KeyValueLeafPage.setData (0x00007a39d3e93b08) [0x00007a39d3e93c00, 0x00007a39d3ed9380] 
[4,380s][debug][gc,nmethod     ] GC(1) O: Purge NMethod: com.sun.org.apache.xerces.internal.impl.XMLDocumentFragmentScannerImpl$FragmentContentDriver.next (0x00007a39d3b6aa08) [0x00007a39d3b6ab00, 0x00007a39d3b78630] 
[4,380s][debug][gc,nmethod     ] GC(1) O: Purge NMethod: io.sirix.utils.XMLToken.cp (0x00007a39d3b20c08) [0x00007a39d3b20d00, 0x00007a39d3b21138] 
[4,380s][debug][gc,nmethod     ] GC(1) O: Purge NMethod: com.sun.org.apache.xerces.internal.parsers.AbstractSAXParser.startElement (0x00007a39f2d6a308) [0x00007a39f2d6a400, 0x00007a39f2d6dea8] 
[4,380s][debug][gc,nmethod     ] GC(1) O: Purge NMethod: io.sirix.utils.XMLToken.ncName (0x00007a39f2d03388) [0x00007a39f2d03480, 0x00007a39f2d037d8] 
[4,380s][debug][gc,nmethod     ] GC(1) O: Purge NMethod: java.lang.String.concat (0x00007a39d34d4488) [0x00007a39d34d4580, 0x00007a39d34d6880] 
[4,380s][debug][gc,nmethod     ] GC(1) O: Purge NMethod: java.nio.MappedByteBuffer.limit (0x00007a39d3bce788) [0x00007a39d3bce880, 0x00007a39d3bcec40] 
[4,380s][debug][gc,nmethod     ] GC(1) O: Purge NMethod: java.lang.ref.Reference.<init> (0x00007a39d346b788) [0x00007a39d346b880, 0x00007a39d346bb18] 
[4,380s][debug][gc,nmethod     ] GC(1) O: Purge NMethod: com.sun.org.apache.xerces.internal.util.SymbolTable.addSymbol (0x00007a39f2d07f08) [0x00007a39f2d08000, 0x00007a39f2d08880] 
[4,380s][debug][gc,nmethod     ] GC(1) O: Purge NMethod: java.util.HashMap.putIfAbsent (0x00007a39d343dc08) [0x00007a39d343dd00, 0x00007a39d343e2e8] 
[4,380s][debug][gc,nmethod     ] GC(1) O: Purge NMethod: io.sirix.node.SirixDeweyID.setDivisionBitArray (0x00007a39d3e91688) [0x00007a39d3e91780, 0x00007a39d3e91db0] 
[4,380s][debug][gc,nmethod     ] GC(1) O: Purge NMethod: io.sirix.axis.AbstractAxis.<init> (0x00007a39f2e3a008) [0x00007a39f2e3a100, 0x00007a39f2e3a888] 
[4,380s][debug][gc,nmethod     ] GC(1) O: Purge NMethod: java.util.ArrayDeque.pollFirst (0x00007a39d3505388) [0x00007a39d3505480, 0x00007a39d35059e0] 
[4,380s][debug][gc,nmethod     ] GC(1) O: Purge NMethod: io.sirix.node.xml.AttributeNode.getKind (0x00007a39d3bfcd08) [0x00007a39d3bfce00, 0x00007a39d3bfcf08] 
[4,380s][debug][gc,nmethod     ] GC(1) O: Purge NMethod: io.sirix.node.NodeKind$1.serialize (0x00007a39d3edf108) [0x00007a39d3edf200, 0x00007a39d3f1a0b8] 
[4,380s][debug][gc,nmethod     ] GC(1) O: Purge NMethod: jdk.internal.classfile.impl.StackMapGenerator$Frame.pushStack (0x00007a39d3569e08) [0x00007a39d3569f00, 0x00007a39d356a360] 
[4,380s][debug][gc,nmethod     ] GC(1) O: Purge NMethod: io.sirix.node.xml.TextNode.hasRightSibling (0x00007a39d3bbcc88) [0x00007a39d3bbcd80, 0x00007a39d3bc21b8] 
[4,380s][debug][gc,nmethod     ] GC(1) O: Purge NMethod: jdk.internal.foreign.AbstractMemorySegmentImpl.isAlignedForElement (0x00007a39d381d288) [0x00007a39d381d380, 0x00007a39d381d9a8] 
[4,380s][debug][gc,nmethod     ] GC(1) O: Purge NMethod: io.sirix.page.PageKind$1.deserializePage (0x00007a39d4297788) [0x00007a39d4297880, 0x00007a39d429bbc8] 
[4,380s][debug][gc,nmethod     ] GC(1) O: Purge NMethod: io.sirix.access.trx.node.AbstractNodeReadOnlyTrx.hasNode (0x00007a39d3c37b88) [0x00007a39d3c37c80, 0x00007a39d3c388b0] 
[4,380s][debug][gc,nmethod     ] GC(1) O: Purge NMethod: com.sun.org.apache.xerces.internal.parsers.AbstractSAXParser$AttributesProxy.getLength (0x00007a39d3c5f988) [0x00007a39d3c5fa80, 0x00007a39d3c5fdc0] 
[4,380s][debug][gc,nmethod     ] GC(1) O: Purge NMethod: io.sirix.node.MemorySegmentBytesIn.readLong (0x00007a39d403fc08) [0x00007a39d403fd00, 0x00007a39d4043910] 
[4,380s][debug][gc,nmethod     ] GC(1) O: Purge NMethod: com.sun.org.apache.xerces.internal.util.XMLStringBuffer.clear (0x00007a39d3da7d88) [0x00007a39d3da7e80, 0x00007a39d3da7f90] 
[4,380s][debug][gc,nmethod     ] GC(1) O: Purge NMethod: io.sirix.axis.AbstractAxis.nextLong (0x00007a39d40b2888) [0x00007a39d40b2980, 0x00007a39d40b3410] 
[4,380s][debug][gc,nmethod     ] GC(1) O: Purge NMethod: io.sirix.node.immutable.xml.ImmutableElement.getKind (0x00007a39d3c6d408) [0x00007a39d3c6d500, 0x00007a39d3c6d858] 
[4,380s][debug][gc,nmethod     ] GC(1) O: Purge NMethod: io.sirix.page.NamePage.setName (0x00007a39d4165f08) [0x00007a39d4166000, 0x00007a39d41675c0] 
[4,380s][debug][gc,nmethod     ] GC(1) O: Purge NMethod: jdk.xml.internal.XMLSecurityManager.isOverLimit (0x00007a39d3b48d08) [0x00007a39d3b48e00, 0x00007a39d3b4a3e0] 
[4,380s][debug][gc,nmethod     ] GC(1) O: Purge NMethod: io.sirix.node.xml.AbstractStructForwardingNode.getFirstChildKey (0x00007a39f2d51608) [0x00007a39f2d51700, 0x00007a39f2d51810] 
[4,380s][debug][gc,nmethod     ] GC(1) O: Purge NMethod: io.sirix.node.GrowingMemorySegment.writeLong (0x00007a39d3ad4988) [0x00007a39d3ad4a80, 0x00007a39d3ad88c0] 
[4,380s][debug][gc,nmethod     ] GC(1) O: Purge NMethod: io.sirix.access.trx.page.NodePageTrx.prepareRecordForModification (0x00007a39f2ce1308) [0x00007a39f2ce1400, 0x00007a39f2ce2430] 
[4,380s][debug][gc,nmethod     ] GC(1) O: Purge NMethod: java.util.BitSet.and (0x00007a39d4140308) [0x00007a39d4140400, 0x00007a39d4140850] 
[4,380s][debug][gc,nmethod     ] GC(1) O: Purge NMethod: io.sirix.page.KeyValueLeafPage.getDeweyId (0x00007a39d3f1ad88) [0x00007a39d3f1ae80, 0x00007a39d3f20630] 
[4,380s][debug][gc,nmethod     ] GC(1) O: Purge NMethod: java.lang.Integer.numberOfTrailingZeros (0x00007a39d3fe3208) [0x00007a39d3fe3300, 0x00007a39d3fe3518] 
[4,380s][debug][gc,nmethod     ] GC(1) O: Purge NMethod: java.util.BitSet.flip (0x00007a39d3b1f708) [0x00007a39d3b1f800, 0x00007a39d3b1fe08] 
[4,380s][debug][gc,nmethod     ] GC(1) O: Purge NMethod: java.util.ArrayDeque.addFirst (0x00007a39f2d61508) [0x00007a39f2d61600, 0x00007a39f2d61808] 
[4,380s][debug][gc,nmethod     ] GC(1) O: Purge NMethod: io.sirix.index.path.summary.PathSummaryReader.getNodeKey (0x00007a39d3b16888) [0x00007a39d3b16980, 0x00007a39d3b16e30] 
[4,380s][debug][gc,nmethod     ] GC(1) O: Purge NMethod: io.sirix.node.SirixDeweyID.toBytes (0x00007a39d3e84308) [0x00007a39d3e84400, 0x00007a39d3e84ae8] 
[4,380s][debug][gc,nmethod     ] GC(1) O: Purge NMethod: java.util.concurrent.locks.ReentrantLock.lock (0x00007a39f2d04488) [0x00007a39f2d04580, 0x00007a39f2d04768] 
[4,380s][debug][gc,nmethod     ] GC(1) O: Purge NMethod: java.util.ArrayDeque.addLast (0x00007a39d34c4e08) [0x00007a39d34c4f00, 0x00007a39d34c54e0] 
[4,380s][debug][gc,nmethod     ] GC(1) O: Purge NMethod: jdk.internal.foreign.layout.MemoryLayoutUtil.requireByteSizeValid (0x00007a39d3f30008) [0x00007a39d3f30100, 0x00007a39d3f30e68] 
[4,380s][debug][gc,nmethod     ] GC(1) O: Purge NMethod: java.util.RegularEnumSet.contains (0x00007a39d386b208) [0x00007a39d386b300, 0x00007a39d386bda0] 
[4,380s][debug][gc,nmethod     ] GC(1) O: Purge NMethod: io.sirix.node.xml.ElementNode.getURIKey (0x00007a39d3caec08) [0x00007a39d3caed00, 0x00007a39d3cb3cf0] 
[4,380s][debug][gc,nmethod     ] GC(1) O: Purge NMethod: com.sun.org.apache.xerces.internal.impl.XMLDocumentFragmentScannerImpl.scanDocument (0x00007a39f2f33188) [0x00007a39f2f33280, 0x00007a39f2f41168] 
[4,380s][debug][gc,nmethod     ] GC(1) O: Purge NMethod: io.sirix.query.node.XmlDBNode.<init> (0x00007a39d3ba7408) [0x00007a39d3ba7500, 0x00007a39d3ba8d90] 
[4,380s][debug][gc,nmethod     ] GC(1) O: Purge NMethod: jdk.internal.misc.Unsafe.putShortUnaligned (0x00007a39d3e3e488) [0x00007a39d3e3e580, 0x00007a39d3e3e7b0] 
[4,380s][debug][gc,nmethod     ] GC(1) O: Purge NMethod: java.lang.String.<init> (0x00007a39d3b24208) [0x00007a39d3b24300, 0x00007a39d3b245a0] 
[4,380s][debug][gc,nmethod     ] GC(1) O: Purge NMethod: java.util.Spliterator.getExactSizeIfKnown (0x00007a39d37c9488) [0x00007a39d37c9580, 0x00007a39d37c9ad0] 
[4,380s][debug][gc,nmethod     ] GC(1) O: Purge NMethod: io.sirix.access.trx.node.xml.XmlNodeReadOnlyTrxImpl.isElement (0x00007a39d3ce3f08) [0x00007a39d3ce4000, 0x00007a39d3ce4aa8] 
[4,380s][debug][gc,nmethod     ] GC(1) O: Purge NMethod: java.io.UnixFileSystem.normalize (0x00007a39d351e488) [0x00007a39d351e580, 0x00007a39d351fb78] 
[4,380s][debug][gc,nmethod     ] GC(1) O: Purge NMethod: io.sirix.access.Utils.buildName (0x00007a39d3c69688) [0x00007a39d3c69780, 0x00007a39d3c6a778] 
[4,380s][debug][gc,nmethod     ] GC(1) O: Purge NMethod: io.sirix.access.trx.node.xml.XmlNodeReadOnlyTrxImpl.getResourceSession (0x00007a39d3ba6908) [0x00007a39d3ba6a00, 0x00007a39d3ba7078] 
[4,380s][debug][gc,nmethod     ] GC(1) O: Purge NMethod: io.sirix.node.xml.ElementNode.getChildCount (0x00007a39d3b65e08) [0x00007a39d3b65f00, 0x00007a39d3b69908] 
[4,380s][debug][gc,nmethod     ] GC(1) O: Purge NMethod: io.sirix.node.NodeSerializerImpl.deserialize (0x00007a39d403e708) [0x00007a39d403e800, 0x00007a39d403ec68] 
[4,380s][debug][gc,nmethod     ] GC(1) O: Purge NMethod: it.unimi.dsi.fastutil.longs.LongArrayList.removeLong (0x00007a39d3b7d308) [0x00007a39d3b7d400, 0x00007a39d3b7eb30] 
[4,380s][debug][gc,nmethod     ] GC(1) O: Purge NMethod: io.sirix.node.xml.ElementNode.hasLeftSibling (0x00007a39d3bfee08) [0x00007a39d3bfef00, 0x00007a39d3c04338] 
[4,380s][debug][gc,nmethod     ] GC(1) O: Purge NMethod: jdk.internal.foreign.SegmentFactories.allocateNativeInternal (0x00007a39d3b83688) [0x00007a39d3b83780, 0x00007a39d3b86bd8] 
[4,380s][debug][gc,nmethod     ] GC(1) O: Purge NMethod: io.sirix.node.NodeSerializerImpl.serializeDeweyID (0x00007a39f2da1788) [0x00007a39f2da1880, 0x00007a39f2da2d68] 
[4,380s][debug][gc,nmethod     ] GC(1) O: Purge NMethod: it.unimi.dsi.fastutil.longs.LongArrayList.getLong (0x00007a39d3b78d08) [0x00007a39d3b78e00, 0x00007a39d3b7a290] 
[4,380s][debug][gc,nmethod     ] GC(1) O: Purge NMethod: java.lang.ref.Cleaner.register (0x00007a39d3509188) [0x00007a39d3509280, 0x00007a39d3509798] 
[4,380s][debug][gc,nmethod     ] GC(1) O: Purge NMethod: io.sirix.node.SirixDeweyID.toBytes (0x00007a39d3e84b08) [0x00007a39d3e84c00, 0x00007a39d3e84d50] 
[4,380s][debug][gc,nmethod     ] GC(1) O: Purge NMethod: java.lang.String.encode (0x00007a39d3fe4d08) [0x00007a39d3fe4e00, 0x00007a39d3fe5138] 
[4,380s][debug][gc,nmethod     ] GC(1) O: Purge NMethod: io.sirix.axis.AbstractAxis.tryToComputeNext (0x00007a39d3b38a08) [0x00007a39d3b38b00, 0x00007a39d3b39230] 
[4,380s][debug][gc,nmethod     ] GC(1) O: Purge NMethod: java.lang.invoke.VarHandleGuards.guard_LJ_J (0x00007a39d3a9d288) [0x00007a39d3a9d380, 0x00007a39d3aa0240] 
[4,380s][debug][gc,nmethod     ] GC(1) O: Purge NMethod: io.sirix.index.path.summary.PathSummaryReader.getLevel (0x00007a39d3cc4008) [0x00007a39d3cc4100, 0x00007a39d3cc5870] 
[4,380s][debug][gc,nmethod     ] GC(1) O: Purge NMethod: java.util.ArrayDeque.isEmpty (0x00007a39d38e9888) [0x00007a39d38e9980, 0x00007a39d38e9ad0] 
[4,380s][debug][gc,nmethod     ] GC(1) O: Purge NMethod: io.sirix.node.xml.TextNode.<init> (0x00007a39d40f1008) [0x00007a39d40f1100, 0x00007a39d40f13e8] 
[4,380s][debug][gc,nmethod     ] GC(1) O: Purge NMethod: io.sirix.node.xml.TextNode.getKind (0x00007a39d3ae6e08) [0x00007a39d3ae6f00, 0x00007a39d3ae7008] 
[4,380s][debug][gc,nmethod     ] GC(1) O: Purge NMethod: com.sun.org.apache.xerces.internal.impl.XMLDocumentFragmentScannerImpl$FragmentContentDriver.next (0x00007a39d3da8088) [0x00007a39d3da8180, 0x00007a39d3db5c40] 
[4,380s][debug][gc,nmethod     ] GC(1) O: Purge NMethod: io.sirix.access.trx.page.NodePageReadOnlyTrx.getValue (0x00007a39d3fedd88) [0x00007a39d3fede80, 0x00007a39d3fef9e0] 
[4,380s][debug][gc,nmethod     ] GC(1) O: Purge NMethod: sun.security.provider.DigestBase.implCompressMultiBlock0 (0x00007a39d3f94b08) [0x00007a39d3f94c00, 0x00007a39d3f94fd0] 
[4,380s][debug][gc,nmethod     ] GC(1) O: Purge NMethod: jdk.internal.foreign.layout.ValueLayouts$AbstractValueLayout.varHandle (0x00007a39d35da588) [0x00007a39d35da680, 0x00007a39d35db038] 
[4,380s][debug][gc,nmethod     ] GC(1) O: Purge NMethod: io.sirix.access.trx.node.AbstractResourceSession.getResourceConfig (0x00007a39d3b1aa88) [0x00007a39d3b1ab80, 0x00007a39d3b1ae20] 
[4,380s][debug][gc,nmethod     ] GC(1) O: Purge NMethod: io.sirix.index.name.Names.getName (0x00007a39d403e108) [0x00007a39d403e200, 0x00007a39d403e6a8] 
[4,381s][debug][gc,nmethod     ] GC(1) O: Purge NMethod: it.unimi.dsi.fastutil.ints.Int2LongOpenHashMap.put (0x00007a39d3d6e688) [0x00007a39d3d6e780, 0x00007a39d3d6e9e8] 
[4,381s][debug][gc,nmethod     ] GC(1) O: Purge NMethod: io.sirix.axis.ChildAxis.<init> (0x00007a39d3c62f88) [0x00007a39d3c63080, 0x00007a39d3c631b0] 
[4,381s][debug][gc,nmethod     ] GC(1) O: Purge NMethod: io.sirix.node.MemorySegmentBytesOut.write (0x00007a39d3b7f688) [0x00007a39d3b7f780, 0x00007a39d3b7f998] 
[4,381s][debug][gc,nmethod     ] GC(1) O: Purge NMethod: io.sirix.node.xml.AbstractStructForwardingNode.hasRightSibling (0x00007a39d3bd1588) [0x00007a39d3bd1680, 0x00007a39d3bd1c48] 
[4,381s][debug][gc,nmethod     ] GC(1) O: Purge NMethod: io.sirix.access.trx.node.xml.XmlNodeHashing.getStructuralNode (0x00007a39d3b99f08) [0x00007a39d3b9a000, 0x00007a39d3b9a360] 
[4,381s][debug][gc,nmethod     ] GC(1) O: Purge NMethod: jdk.internal.foreign.ArenaImpl.allocate (0x00007a39f2d05e08) [0x00007a39f2d05f00, 0x00007a39f2d06838] 
[4,381s][debug][gc,nmethod     ] GC(1) O: Purge NMethod: io.sirix.access.trx.node.AbstractIndexController.notifyChange (0x00007a39d3ba3b88) [0x00007a39d3ba3c80, 0x00007a39d3ba4b38] 
[4,381s][debug][gc,nmethod     ] GC(1) O: Purge NMethod: com.sun.org.apache.xerces.internal.impl.XMLDocumentFragmentScannerImpl$FragmentContentDriver.startOfMarkup (0x00007a39d3da0508) [0x00007a39d3da0600, 0x00007a39d3da2668] 
[4,381s][debug][gc,nmethod     ] GC(1) O: Purge NMethod: io.sirix.node.GrowingMemorySegment.grow (0x00007a39d41b5c08) [0x00007a39d41b5d00, 0x00007a39d41b68b0] 
[4,381s][debug][gc,nmethod     ] GC(1) O: Purge NMethod: io.sirix.access.trx.node.AbstractNodeTrxImpl.getCurrentNode (0x00007a39d3ae7108) [0x00007a39d3ae7200, 0x00007a39d3ae7570] 
[4,381s][debug][gc,nmethod     ] GC(1) O: Purge NMethod: java.lang.String.encodeUTF8 (0x00007a39d3ff2908) [0x00007a39d3ff2a00, 0x00007a39d3ff3088] 
[4,381s][debug][gc,nmethod     ] GC(1) O: Purge NMethod: java.lang.Thread.onSpinWait (0x00007a39d3726388) [0x00007a39d3726480, 0x00007a39d3726560] 
[4,381s][debug][gc,nmethod     ] GC(1) O: Purge NMethod: net.openhft.hashing.UnsafeAccess.byteOrder (0x00007a39d3b95388) [0x00007a39d3b95480, 0x00007a39d3b955e0] 
[4,381s][debug][gc,nmethod     ] GC(1) O: Purge NMethod: io.sirix.node.GrowingMemorySegment.grow (0x00007a39f2dc2108) [0x00007a39f2dc2200, 0x00007a39f2dc3f98] 
[4,381s][debug][gc,nmethod     ] GC(1) O: Purge NMethod: io.sirix.access.trx.node.AbstractNodeReadOnlyTrx.getKind (0x00007a39d3b25308) [0x00007a39d3b25400, 0x00007a39d3b25a68] 
[4,381s][debug][gc,nmethod     ] GC(1) O: Purge NMethod: jdk.internal.misc.ScopedMemoryAccess.getIntUnaligned (0x00007a39d37d6588) [0x00007a39d37d6680, 0x00007a39d37d74e8] 
[4,381s][debug][gc,nmethod     ] GC(1) O: Purge NMethod: io.sirix.node.SirixDeweyID.<init> (0x00007a39d3ce4b08) [0x00007a39d3ce4c00, 0x00007a39d3ce5068] 
[4,381s][debug][gc,nmethod     ] GC(1) O: Purge NMethod: io.sirix.access.trx.node.AbstractNodeReadOnlyTrx.getKind (0x00007a39d40b8188) [0x00007a39d40b8280, 0x00007a39d40b88e8] 
[4,381s][debug][gc,nmethod     ] GC(1) O: Purge NMethod: io.brackit.query.atomic.QNm.atomicCmpInternal (0x00007a39d3d42188) [0x00007a39d3d42280, 0x00007a39d3d42ab0] 
[4,381s][debug][gc,nmethod     ] GC(1) O: Purge NMethod: jdk.internal.loader.URLClassPath$JarLoader$1.getCodeSourceURL (0x00007a39d35db388) [0x00007a39d35db480, 0x00007a39d35db5e8] 
[4,381s][debug][gc,nmethod     ] GC(1) O: Purge NMethod: jdk.internal.classfile.impl.AbstractPoolEntry$Utf8EntryImpl.methodTypeSymbol (0x00007a39d34fa908) [0x00007a39d34faa00, 0x00007a39d34fb4d0] 
[4,381s][debug][gc,nmethod     ] GC(1) O: Purge NMethod: io.sirix.access.trx.node.xml.ForwardingXmlNodeReadOnlyTrx.hasFirstChild (0x00007a39d3cd4608) [0x00007a39d3cd4700, 0x00007a39d3cd4d00] 
[4,381s][debug][gc,nmethod     ] GC(1) O: Purge NMethod: io.sirix.access.trx.node.xml.XmlNodeReadOnlyTrxImpl.getNode (0x00007a39d4165b08) [0x00007a39d4165c00, 0x00007a39d4165ef8] 
[4,381s][debug][gc,nmethod     ] GC(1) O: Purge NMethod: com.sun.org.apache.xerces.internal.impl.XMLDocumentFragmentScannerImpl$FragmentContentDriver.next (0x00007a39f2d01608) [0x00007a39f2d01700, 0x00007a39f2d02f60] 
[4,381s][debug][gc,nmethod     ] GC(1) O: Purge NMethod: io.sirix.index.path.summary.PathSummaryWriter.getPathNodeKey (0x00007a39d3c6ec88) [0x00007a39d3c6ed80, 0x00007a39d3c72bf8] 
[4,381s][debug][gc,nmethod     ] GC(1) O: Purge NMethod: io.sirix.index.path.summary.PathSummaryReader.moveTo (0x00007a39d3b22688) [0x00007a39d3b22780, 0x00007a39d3b23488] 
[4,381s][debug][gc,nmethod     ] GC(1) O: Purge NMethod: it.unimi.dsi.fastutil.longs.LongArrayList.initArrayFromCapacity (0x00007a39d40dd108) [0x00007a39d40dd200, 0x00007a39d40de348] 
[4,381s][debug][gc,nmethod     ] GC(1) O: Purge NMethod: io.sirix.page.KeyValueLeafPage.updateLastSlotIndex (0x00007a39d3e1a888) [0x00007a39d3e1a980, 0x00007a39d3e1ad00] 
[4,381s][debug][gc,nmethod     ] GC(1) O: Purge NMethod: sun.net.www.protocol.file.Handler.parseURL (0x00007a39d36dd808) [0x00007a39d36dd900, 0x00007a39d36ddc70] 
[4,381s][debug][gc,nmethod     ] GC(1) O: Purge NMethod: io.sirix.node.xml.ElementNode.hasLeftSibling (0x00007a39f2dd1188) [0x00007a39f2dd1280, 0x00007a39f2dd15f8] 
[4,381s][debug][gc,nmethod     ] GC(1) O: Purge NMethod: io.sirix.node.GrowingMemorySegment.ensureCapacity (0x00007a39d375f408) [0x00007a39d375f500, 0x00007a39d375f660] 
[4,381s][debug][gc,nmethod     ] GC(1) O: Purge NMethod: io.sirix.page.KeyValueLeafPage.processEntries (0x00007a39d4142188) [0x00007a39d4142280, 0x00007a39d4144fc0] 
[4,381s][debug][gc,nmethod     ] GC(1) O: Purge NMethod: java.lang.invoke.VarHandleReferences$FieldInstanceReadWrite.compareAndSet (0x00007a39d387ae88) [0x00007a39d387af80, 0x00007a39d387c538] 
[4,381s][debug][gc,nmethod     ] GC(1) O: Purge NMethod: sun.security.provider.ByteArrayAccess.b2iBig64 (0x00007a39d3e79208) [0x00007a39d3e79300, 0x00007a39d3e79e78] 
[4,381s][debug][gc,nmethod     ] GC(1) O: Purge NMethod: java.lang.reflect.Method.getParameterTypes (0x00007a39d37d0688) [0x00007a39d37d0780, 0x00007a39d37d0cf8] 
[4,381s][debug][gc,nmethod     ] GC(1) O: Purge NMethod: jdk.internal.foreign.AbstractMemorySegmentImpl.checkAccess (0x00007a39d3401a88) [0x00007a39d3401b80, 0x00007a39d3402390] 
[4,381s][debug][gc,nmethod     ] GC(1) O: Purge NMethod: sun.security.provider.SHA2.implCompress0 (0x00007a39d3f32f08) [0x00007a39d3f33000, 0x00007a39d3f33cb0] 
[4,381s][debug][gc,nmethod     ] GC(1) O: Purge NMethod: it.unimi.dsi.fastutil.ints.Int2IntOpenHashMap.find (0x00007a39d3fb8b88) [0x00007a39d3fb8c80, 0x00007a39d3fb90e8] 
[4,381s][debug][gc,nmethod     ] GC(1) O: Purge NMethod: jdk.internal.misc.Unsafe.getCharUnaligned (0x00007a39d35b5088) [0x00007a39d35b5180, 0x00007a39d35b53a8] 
[4,381s][debug][gc,nmethod     ] GC(1) O: Purge NMethod: jdk.internal.misc.Unsafe.checkOffset (0x00007a39d382b688) [0x00007a39d382b780, 0x00007a39d382b9e0] 
[4,381s][debug][gc,nmethod     ] GC(1) O: Purge NMethod: java.util.WeakHashMap.hash (0x00007a39d348a808) [0x00007a39d348a900, 0x00007a39d348ac28] 
[4,381s][debug][gc,nmethod     ] GC(1) O: Purge NMethod: io.sirix.service.xml.shredder.AbstractShredder.processStartTag (0x00007a39d42d3108) [0x00007a39d42d3200, 0x00007a39d42d8f18] 
[4,381s][debug][gc,nmethod     ] GC(1) O: Purge NMethod: jdk.internal.foreign.NativeMemorySegmentImpl.dup (0x00007a39d344bb88) [0x00007a39d344bc80, 0x00007a39d344c278] 
[4,381s][debug][gc,nmethod     ] GC(1) O: Purge NMethod: jdk.internal.foreign.ArenaImpl.allocate (0x00007a39d3b7a888) [0x00007a39d3b7a980, 0x00007a39d3b7ac78] 
[4,381s][debug][gc,nmethod     ] GC(1) O: Purge NMethod: java.nio.ByteOrder.nativeOrder (0x00007a39d3810a08) [0x00007a39d3810b00, 0x00007a39d3810be8] 
[4,381s][debug][gc,nmethod     ] GC(1) O: Purge NMethod: io.sirix.access.trx.node.xml.XmlNodeTrxImpl.adaptForInsert (0x00007a39d3babb88) [0x00007a39d3babc80, 0x00007a39d3baea48] 
[4,381s][debug][gc,nmethod     ] GC(1) O: Purge NMethod: java.lang.invoke.MethodTypeForm.canonicalize (0x00007a39d344d588) [0x00007a39d344d680, 0x00007a39d344e2d8] 
[4,381s][debug][gc,nmethod     ] GC(1) O: Purge NMethod: io.sirix.node.NodeKind$1.deserialize (0x00007a39d4103388) [0x00007a39d4103480, 0x00007a39d4106ac8] 
[4,381s][debug][gc,nmethod     ] GC(1) O: Purge NMethod: com.sun.org.apache.xerces.internal.impl.XMLDocumentFragmentScannerImpl.scanContent (0x00007a39d3da2688) [0x00007a39d3da2780, 0x00007a39d3da3d70] 
[4,381s][debug][gc,nmethod     ] GC(1) O: Purge NMethod: io.sirix.node.xml.TextNode.hasLeftSibling (0x00007a39d3b87a88) [0x00007a39d3b87b80, 0x00007a39d3b8cfb8] 
[4,381s][debug][gc,nmethod     ] GC(1) O: Purge NMethod: io.brackit.query.node.parser.SAX2SubtreeHandlerAdapter$TrimmingStringBuilder.append (0x00007a39f2dcaf88) [0x00007a39f2dcb080, 0x00007a39f2dcb6b0] 
[4,381s][debug][gc,nmethod     ] GC(1) O: Purge NMethod: io.sirix.service.xml.shredder.AbstractShredder.processStartTag (0x00007a39d3c9eb88) [0x00007a39d3c9ec80, 0x00007a39d3ca49c0] 
[4,381s][debug][gc,nmethod     ] GC(1) O: Purge NMethod: jdk.internal.foreign.SegmentFactories$1.cleanup (0x00007a39d3e52a88) [0x00007a39d3e52b80, 0x00007a39d3e52d48] 
[4,381s][debug][gc,nmethod     ] GC(1) O: Purge NMethod: jdk.internal.misc.Unsafe.weakCompareAndSetLongRelease (0x00007a39d414d288) [0x00007a39d414d380, 0x00007a39d414d4a0] 
[4,381s][debug][gc,nmethod     ] GC(1) O: Purge NMethod: com.sun.org.apache.xerces.internal.impl.XMLEntityScanner.skipSpaces (0x00007a39f2d05a08) [0x00007a39f2d05b00, 0x00007a39f2d05e00] 
[4,381s][debug][gc,nmethod     ] GC(1) O: Purge NMethod: io.sirix.utils.XMLToken.isValidQName (0x00007a39d3c64d08) [0x00007a39d3c64e00, 0x00007a39d3c66350] 
[4,381s][debug][gc,nmethod     ] GC(1) O: Purge NMethod: java.util.stream.ReduceOps.makeRef (0x00007a39d37d9b08) [0x00007a39d37d9c00, 0x00007a39d37da5c8] 
[4,381s][debug][gc,nmethod     ] GC(1) O: Purge NMethod: io.sirix.access.trx.page.NodePageReadOnlyTrx.getNamePage (0x00007a39d3c40908) [0x00007a39d3c40a00, 0x00007a39d3c419d8] 
[4,381s][debug][gc,nmethod     ] GC(1) O: Purge NMethod: io.sirix.page.NamePage.getName (0x00007a39d403ae08) [0x00007a39d403af00, 0x00007a39d403c570] 
[4,381s][debug][gc,nmethod     ] GC(1) O: Purge NMethod: com.sun.org.apache.xerces.internal.parsers.AbstractSAXParser$AttributesProxy.getValue (0x00007a39d3d46588) [0x00007a39d3d46680, 0x00007a39d3d469e0] 
[4,381s][debug][gc,nmethod     ] GC(1) O: Purge NMethod: io.sirix.page.KeyValueLeafPage.getSlot (0x00007a39d3a6e608) [0x00007a39d3a6e700, 0x00007a39d3a84908] 
[4,381s][debug][gc,nmethod     ] GC(1) O: Purge NMethod: io.sirix.node.AbstractForwardingNode.getNodeKey (0x00007a39d3ac8408) [0x00007a39d3ac8500, 0x00007a39d3ac8830] 
[4,381s][debug][gc,nmethod     ] GC(1) O: Purge NMethod: io.sirix.node.xml.ElementNode.getLocalNameKey (0x00007a39d3cb4e88) [0x00007a39d3cb4f80, 0x00007a39d3cb9f70] 
[4,381s][debug][gc,nmethod     ] GC(1) O: Purge NMethod: io.sirix.node.GrowingMemorySegment.writeLong (0x00007a39d3e05108) [0x00007a39d3e05200, 0x00007a39d3e05938] 
[4,381s][debug][gc,nmethod     ] GC(1) O: Purge NMethod: java.lang.classfile.CodeBuilder.getfield (0x00007a39d38e4988) [0x00007a39d38e4a80, 0x00007a39d38e5460] 
[4,381s][debug][gc,nmethod     ] GC(1) O: Purge NMethod: com.sun.org.apache.xerces.internal.impl.XMLEntityScanner.checkBeforeLoad (0x00007a39f2cefb88) [0x00007a39f2cefc80, 0x00007a39f2cefd70] 
[4,381s][debug][gc,nmethod     ] GC(1) O: Purge NMethod: jdk.internal.foreign.NativeMemorySegmentImpl.makeByteBuffer (0x00007a39d3bf7d88) [0x00007a39d3bf7e80, 0x00007a39d3bf7ff0] 
[4,381s][debug][gc,nmethod     ] GC(1) O: Purge NMethod: io.sirix.index.path.summary.PathSummaryWriter.getPathNodeKey (0x00007a39f2d72408) [0x00007a39f2d72500, 0x00007a39f2d74888] 
[4,381s][debug][gc,nmethod     ] GC(1) O: Purge NMethod: jdk.internal.classfile.impl.DirectCodeBuilder$4.writeBody (0x00007a39d36d0b88) [0x00007a39d36d0c80, 0x00007a39d36d4c68] 
[4,381s][debug][gc,nmethod     ] GC(1) O: Purge NMethod: io.sirix.node.NodeSerializerImpl.serializeDeweyID (0x00007a39d3f31808) [0x00007a39d3f31900, 0x00007a39d3f31ee8] 
[4,381s][debug][gc,nmethod     ] GC(1) O: Purge NMethod: io.sirix.node.NodeSerializerImpl.serializeDeweyID (0x00007a39d3f1a488) [0x00007a39d3f1a580, 0x00007a39d3f1a8f8] 
[4,381s][debug][gc,nmethod     ] GC(1) O: Purge NMethod: java.util.Arrays.copyOf (0x00007a39d34f1b08) [0x00007a39d34f1c00, 0x00007a39d34f1f20] 
[4,381s][debug][gc,nmethod     ] GC(1) O: Purge NMethod: com.sun.org.apache.xerces.internal.parsers.AbstractSAXParser$AttributesProxy.getQName (0x00007a39d3d45088) [0x00007a39d3d45180, 0x00007a39d3d454e0] 
[4,381s][debug][gc,nmethod     ] GC(1) O: Purge NMethod: java.lang.Integer.rotateRight (0x00007a39d3401388) [0x00007a39d3401480, 0x00007a39d3401570] 
[4,381s][debug][gc,nmethod     ] GC(1) O: Purge NMethod: java.nio.HeapByteBuffer.put (0x00007a39d3f3fa08) [0x00007a39d3f3fb00, 0x00007a39d3f3fce8] 
[4,381s][debug][gc,nmethod     ] GC(1) O: Purge NMethod: jdk.internal.foreign.Utils.isPowerOfTwo (0x00007a39d3e53988) [0x00007a39d3e53a80, 0x00007a39d3e53b88] 
[4,382s][debug][gc,nmethod     ] GC(1) O: Purge NMethod: com.sun.org.apache.xerces.internal.parsers.AbstractSAXParser.endNamespaceMapping (0x00007a39d3c91d08) [0x00007a39d3c91e00, 0x00007a39d3c92548] 
[4,382s][debug][gc,nmethod     ] GC(1) O: Purge NMethod: java.util.BitSet.wordIndex (0x00007a39d352a788) [0x00007a39d352a880, 0x00007a39d352a968] 
[4,382s][debug][gc,nmethod     ] GC(1) O: Purge NMethod: io.sirix.access.trx.node.AbstractNodeReadOnlyTrx.getNodeKey (0x00007a39d40b1788) [0x00007a39d40b1880, 0x00007a39d40b1ee8] 
[4,382s][debug][gc,nmethod     ] GC(1) O: Purge NMethod: java.util.ArrayDeque.push (0x00007a39d3bd4888) [0x00007a39d3bd4980, 0x00007a39d3bd4ac8] 
[4,382s][debug][gc,nmethod     ] GC(1) O: Purge NMethod: io.sirix.page.delegates.BitmapReferencesPage.index (0x00007a39d4140888) [0x00007a39d4140980, 0x00007a39d4140ea0] 
[4,382s][debug][gc,nmethod     ] GC(1) O: Purge NMethod: io.sirix.page.KeyValueLeafPage.setDeweyId (0x00007a39d3e85508) [0x00007a39d3e85600, 0x00007a39d3e85848] 
[4,382s][debug][gc,nmethod     ] GC(1) O: Purge NMethod: io.sirix.cache.IndexLogKey.equals (0x00007a39d3da3d88) [0x00007a39d3da3e80, 0x00007a39d3da47c8] 
[4,382s][debug][gc,nmethod     ] GC(1) O: Purge NMethod: io.sirix.axis.filter.xml.XmlNameFilter.filter (0x00007a39d40e7388) [0x00007a39d40e7480, 0x00007a39d40e88c8] 
[4,382s][debug][gc,nmethod     ] GC(1) O: Purge NMethod: io.sirix.node.xml.ElementNode.getAttributeKey (0x00007a39d3e51508) [0x00007a39d3e51600, 0x00007a39d3e517f8] 
[4,382s][debug][gc,nmethod     ] GC(1) O: Purge NMethod: io.sirix.access.trx.node.AbstractNodeReadOnlyTrx.getKind (0x00007a39f2cee088) [0x00007a39f2cee180, 0x00007a39f2cee300] 
[4,382s][debug][gc,nmethod     ] GC(1) O: Purge NMethod: io.sirix.cache.LinuxMemorySegmentAllocator.partitionVirtualRegion (0x00007a39f2ca2008) [0x00007a39f2ca2100, 0x00007a39f2ca3240] 
[4,382s][debug][gc,nmethod     ] GC(1) O: Purge NMethod: io.brackit.query.atomic.Una.<init> (0x00007a39d3bf9988) [0x00007a39d3bf9a80, 0x00007a39d3bf9da0] 
[4,382s][debug][gc,nmethod     ] GC(1) O: Purge NMethod: java.util.stream.AbstractPipeline.sourceSpliterator (0x00007a39f2c7cd88) [0x00007a39f2c7ce80, 0x00007a39f2c7d0a8] 
[4,382s][debug][gc,nmethod     ] GC(1) O: Purge NMethod: io.sirix.index.path.summary.PathSummaryReader.moveTo (0x00007a39d4031a88) [0x00007a39d4031b80, 0x00007a39d4032888] 
[4,382s][debug][gc,nmethod     ] GC(1) O: Purge NMethod: io.sirix.node.xml.ElementNode.getDescendantCount (0x00007a39d3afa108) [0x00007a39d3afa200, 0x00007a39d3afda78] 
[4,382s][debug][gc,nmethod     ] GC(1) O: Purge NMethod: io.sirix.node.MemorySegmentBytesOut.writePosition (0x00007a39d3e1cd88) [0x00007a39d3e1ce80, 0x00007a39d3e1d030] 
[4,382s][debug][gc,nmethod     ] GC(1) O: Purge NMethod: io.sirix.node.GrowingMemorySegment.<init> (0x00007a39d3b90488) [0x00007a39d3b90580, 0x00007a39d3b91150] 
[4,382s][debug][gc,nmethod     ] GC(1) O: Purge NMethod: it.unimi.dsi.fastutil.ints.Int2ObjectOpenHashMap.get (0x00007a39d4165388) [0x00007a39d4165480, 0x00007a39d4165af0] 
[4,382s][debug][gc,nmethod     ] GC(1) O: Purge NMethod: io.sirix.access.trx.page.NodePageTrx.createRecord (0x00007a39d3b3b908) [0x00007a39d3b3ba00, 0x00007a39d3b41e58] 
[4,382s][debug][gc,nmethod     ] GC(1) O: Purge NMethod: io.sirix.node.GrowingMemorySegment.writeInt (0x00007a39d3ad0a08) [0x00007a39d3ad0b00, 0x00007a39d3ad4940] 
[4,382s][debug][gc,nmethod     ] GC(1) O: Purge NMethod: java.nio.MappedByteBuffer.rewind (0x00007a39d3bd0a08) [0x00007a39d3bd0b00, 0x00007a39d3bd0ee8] 
[4,382s][debug][gc,nmethod     ] GC(1) O: Purge NMethod: java.lang.invoke.VarHandleGuards.guard_LJI_V (0x00007a39d3a3ba88) [0x00007a39d3a3bb80, 0x00007a39d3a40788] 
[4,382s][debug][gc,nmethod     ] GC(1) O: Purge NMethod: io.sirix.node.SirixDeweyID.newBetween (0x00007a39d3c12b88) [0x00007a39d3c12c80, 0x00007a39d3c15e98] 
[4,382s][debug][gc,nmethod     ] GC(1) O: Purge NMethod: jdk.internal.foreign.AbstractMemorySegmentImpl.toArray (0x00007a39d3f31208) [0x00007a39d3f31300, 0x00007a39d3f317e0] 
[4,382s][debug][gc,nmethod     ] GC(1) O: Purge NMethod: com.sun.org.apache.xerces.internal.impl.XMLDocumentFragmentScannerImpl$ElementStack.nextElement (0x00007a39d3c80d08) [0x00007a39d3c80e00, 0x00007a39d3c81810] 
[4,382s][debug][gc,nmethod     ] GC(1) O: Purge NMethod: com.sun.org.apache.xerces.internal.impl.XMLEntityScanner.checkBeforeLoad (0x00007a39d3b1a408) [0x00007a39d3b1a500, 0x00007a39d3b1aa58] 
[4,382s][debug][gc,nmethod     ] GC(1) O: Purge NMethod: jdk.internal.classfile.impl.BufWriterImpl.setLabelContext (0x00007a39d35b4408) [0x00007a39d35b4500, 0x00007a39d35b4678] 
[4,382s][debug][gc,nmethod     ] GC(1) O: Purge NMethod: java.lang.StringConcatHelper.prepend (0x00007a39f2e18308) [0x00007a39f2e18400, 0x00007a39f2e18ad0] 
[4,382s][debug][gc,nmethod     ] GC(1) O: Purge NMethod: java.nio.DirectByteBuffer.<init> (0x00007a39d3bf9e08) [0x00007a39d3bf9f00, 0x00007a39d3bfa178] 
[4,382s][debug][gc,nmethod     ] GC(1) O: Purge NMethod: io.sirix.node.MemorySegmentBytesIn.read (0x00007a39d3fe5188) [0x00007a39d3fe5280, 0x00007a39d3febd78] 
[4,382s][debug][gc,nmethod     ] GC(1) O: Purge NMethod: org.gradle.internal.io.StreamByteBuffer$StreamByteBufferChunk.spaceLeft (0x00007a39d39e9888) [0x00007a39d39e9980, 0x00007a39d39e9a88] 
[4,382s][debug][gc,nmethod     ] GC(1) O: Purge NMethod: it.unimi.dsi.fastutil.ints.Int2IntOpenHashMap.put (0x00007a39d3ff2108) [0x00007a39d3ff2200, 0x00007a39d3ff2468] 
[4,382s][debug][gc,nmethod     ] GC(1) O: Purge NMethod: io.sirix.node.xml.ElementNode.setHash (0x00007a39d3af5d08) [0x00007a39d3af5e00, 0x00007a39d3af9788] 
[4,382s][debug][gc,nmethod     ] GC(1) O: Purge NMethod: io.sirix.node.NodeSerializerImpl.writeDeweyID (0x00007a39d3f1a908) [0x00007a39d3f1aa00, 0x00007a39d3f1ad20] 
[4,382s][debug][gc,nmethod     ] GC(1) O: Purge NMethod: jdk.internal.ref.PhantomCleanable.<init> (0x00007a39d34dff88) [0x00007a39d34e0080, 0x00007a39d34e1270] 
[4,382s][debug][gc,nmethod     ] GC(1) O: Purge NMethod: java.lang.invoke.VarHandleGuards.guard_LJJ_V (0x00007a39d3abd188) [0x00007a39d3abd280, 0x00007a39d3ac1e50] 
[4,382s][debug][gc,nmethod     ] GC(1) O: Purge NMethod: io.sirix.access.trx.node.xml.ForwardingXmlNodeReadOnlyTrx.getNodeKey (0x00007a39d3b2fe88) [0x00007a39d3b2ff80, 0x00007a39d3b30578] 
[4,382s][debug][gc,nmethod     ] GC(1) O: Purge NMethod: java.lang.invoke.InvokerBytecodeGenerator.emitStoreResult (0x00007a39d39c2f88) [0x00007a39d39c3080, 0x00007a39d39c3738] 
[4,382s][debug][gc,nmethod     ] GC(1) O: Purge NMethod: jdk.internal.misc.ScopedMemoryAccess.copyMemory (0x00007a39d3466e08) [0x00007a39d3466f00, 0x00007a39d3468278] 
[4,382s][debug][gc,nmethod     ] GC(1) O: Purge NMethod: java.lang.String.<init> (0x00007a39d3419188) [0x00007a39d3419280, 0x00007a39d3419458] 
[4,382s][debug][gc,nmethod     ] GC(1) O: Purge NMethod: com.sun.org.apache.xerces.internal.parsers.AbstractXMLDocumentParser.emptyElement (0x00007a39d3d97208) [0x00007a39d3d97300, 0x00007a39d3d97818] 
[4,382s][debug][gc,nmethod     ] GC(1) O: Purge NMethod: io.sirix.node.xml.AbstractStructForwardingNode.hasFirstChild (0x00007a39d4030c08) [0x00007a39d4030d00, 0x00007a39d40312a8] 
[4,382s][debug][gc,nmethod     ] GC(1) O: Purge NMethod: io.sirix.access.trx.page.NodePageReadOnlyTrx.getResourceSession (0x00007a39d3c5c988) [0x00007a39d3c5ca80, 0x00007a39d3c5cef0] 
[4,382s][debug][gc,nmethod     ] GC(1) O: Purge NMethod: jdk.internal.misc.Unsafe.weakCompareAndSetInt (0x00007a39d377f288) [0x00007a39d377f380, 0x00007a39d377f498] 
[4,382s][debug][gc,nmethod     ] GC(1) O: Purge NMethod: jdk.internal.classfile.impl.AbstractPoolEntry$ClassEntryImpl.hashCode (0x00007a39d34f3e88) [0x00007a39d34f3f80, 0x00007a39d34f4e78] 
[4,382s][debug][gc,nmethod     ] GC(1) O: Purge NMethod: com.sun.org.apache.xerces.internal.impl.XMLDocumentFragmentScannerImpl$FragmentContentDriver.next (0x00007a39f2d25608) [0x00007a39f2d25700, 0x00007a39f2d27398] 
[4,382s][debug][gc,nmethod     ] GC(1) O: Purge NMethod: java.lang.ref.SoftReference.get (0x00007a39f2c90188) [0x00007a39f2c90280, 0x00007a39f2c903a0] 
[4,382s][debug][gc,nmethod     ] GC(1) O: Purge NMethod: java.util.stream.StreamOpFlag.fromCharacteristics (0x00007a39d37c3108) [0x00007a39d37c3200, 0x00007a39d37c3788] 
[4,382s][debug][gc,nmethod     ] GC(1) O: Purge NMethod: java.util.HashMap.computeIfAbsent (0x00007a39d3530e08) [0x00007a39d3530f00, 0x00007a39d3533708] 
[4,382s][debug][gc,nmethod     ] GC(1) O: Purge NMethod: io.sirix.page.delegates.BitmapReferencesPage.index (0x00007a39d3b1c588) [0x00007a39d3b1c680, 0x00007a39d3b1cba0] 
[4,382s][debug][gc,nmethod     ] GC(1) O: Purge NMethod: io.sirix.page.NamePage.setName (0x00007a39f2d4e088) [0x00007a39f2d4e180, 0x00007a39f2d4e450] 
[4,382s][debug][gc,nmethod     ] GC(1) O: Purge NMethod: io.sirix.query.node.SubtreeBuilder.startElement (0x00007a39f2d68208) [0x00007a39f2d68300, 0x00007a39f2d69998] 
[4,382s][debug][gc,nmethod     ] GC(1) O: Purge NMethod: io.sirix.page.KeyValueLeafPage.getDeweyId (0x00007a39d3a36888) [0x00007a39d3a36980, 0x00007a39d3a3ba38] 
[4,382s][debug][gc,nmethod     ] GC(1) O: Purge NMethod: io.sirix.access.trx.node.AbstractNodeTrxImpl.getDeweyID (0x00007a39d3b26788) [0x00007a39d3b26880, 0x00007a39d3b273a8] 
[4,382s][debug][gc,nmethod     ] GC(1) O: Purge NMethod: io.sirix.settings.VersioningType$4.combineRecordPages (0x00007a39d428eb08) [0x00007a39d428ec00, 0x00007a39d4293860] 
[4,382s][debug][gc,nmethod     ] GC(1) O: Purge NMethod: java.util.zip.Inflater.ensureOpen (0x00007a39d34c4a08) [0x00007a39d34c4b00, 0x00007a39d34c4d88] 
[4,382s][debug][gc,nmethod     ] GC(1) O: Purge NMethod: io.sirix.page.KeyValueLeafPage.setDeweyId (0x00007a39d3fe4688) [0x00007a39d3fe4780, 0x00007a39d3fe49d8] 
[4,382s][debug][gc,nmethod     ] GC(1) O: Purge NMethod: io.sirix.node.AbstractForwardingNode.getDeweyID (0x00007a39d3edc808) [0x00007a39d3edc900, 0x00007a39d3edcd68] 
[4,382s][debug][gc,nmethod     ] GC(1) O: Purge NMethod: jdk.internal.classfile.impl.BufWriterImpl.writeU1 (0x00007a39d34f7a08) [0x00007a39d34f7b00, 0x00007a39d34f7f48] 
[4,382s][debug][gc,nmethod     ] GC(1) O: Purge NMethod: io.sirix.node.MemorySegmentBytesIn.read (0x00007a39d3fe3888) [0x00007a39d3fe3980, 0x00007a39d3fe3ad8] 
[4,382s][debug][gc,nmethod     ] GC(1) O: Purge NMethod: io.sirix.node.xml.ElementNode.hasRightSibling (0x00007a39d40ded88) [0x00007a39d40dee80, 0x00007a39d40e42b8] 
[4,382s][debug][gc,nmethod     ] GC(1) O: Purge NMethod: io.sirix.access.trx.page.NodePageTrx.prepareRecordForModification (0x00007a39d3adff88) [0x00007a39d3ae0080, 0x00007a39d3ae1f08] 
[4,382s][debug][gc,nmethod     ] GC(1) O: Purge NMethod: java.lang.invoke.InvokerBytecodeGenerator.emitReferenceCast (0x00007a39d3476388) [0x00007a39d3476480, 0x00007a39d34797d0] 
[4,382s][debug][gc,nmethod     ] GC(1) O: Purge NMethod: io.sirix.node.xml.ElementNode.setDescendantCount (0x00007a39d3b07e08) [0x00007a39d3b07f00, 0x00007a39d3b0b890] 
[4,382s][debug][gc,nmethod     ] GC(1) O: Purge NMethod: io.sirix.index.path.summary.PathSummaryReader.putMapping (0x00007a39d4164808) [0x00007a39d4164900, 0x00007a39d4165338] 
[4,382s][debug][gc,nmethod     ] GC(1) O: Purge NMethod: java.util.concurrent.ConcurrentHashMap.replaceNode (0x00007a39d3f9ab08) [0x00007a39d3f9ac00, 0x00007a39d3f9cf88] 
[4,382s][debug][gc,nmethod     ] GC(1) O: Purge NMethod: jdk.internal.foreign.ConfinedSession$ConfinedResourceList.add (0x00007a39d3e06888) [0x00007a39d3e06980, 0x00007a39d3e06e28] 
[4,382s][debug][gc,nmethod     ] GC(1) O: Purge NMethod: java.util.BitSet.and (0x00007a39d3b1c008) [0x00007a39d3b1c100, 0x00007a39d3b1c550] 
[4,382s][debug][gc,nmethod     ] GC(1) O: Purge NMethod: io.sirix.node.xml.TextNode.hasRightSibling (0x00007a39f2d08e88) [0x00007a39f2d08f80, 0x00007a39f2d093d8] 
[4,382s][debug][gc,nmethod     ] GC(1) O: Purge NMethod: io.sirix.node.json.JsonNodeSerializer.writeEndPadding (0x00007a39d3e17f88) [0x00007a39d3e18080, 0x00007a39d3e18320] 
[4,382s][debug][gc,nmethod     ] GC(1) O: Purge NMethod: java.lang.invoke.TypeConvertingMethodAdapter.convertType (0x00007a39d3770a08) [0x00007a39d3770b00, 0x00007a39d3778fe8] 
[4,382s][debug][gc,nmethod     ] GC(1) O: Purge NMethod: io.sirix.access.trx.page.NodePageTrx.createNameKey (0x00007a39f2d4e488) [0x00007a39f2d4e580, 0x00007a39f2d4eef0] 
[4,382s][debug][gc,nmethod     ] GC(1) O: Purge NMethod: java.util.concurrent.ConcurrentHashMap.addCount (0x00007a39d344ef08) [0x00007a39d344f000, 0x00007a39d344fd58] 
[4,382s][debug][gc,nmethod     ] GC(1) O: Purge NMethod: io.sirix.access.trx.page.NodePageReadOnlyTrx.loadPage (0x00007a39d3febe08) [0x00007a39d3febf00, 0x00007a39d3fedd70] 
[4,382s][debug][gc,nmethod     ] GC(1) O: Purge NMethod: jdk.internal.classfile.impl.StackMapGenerator.of (0x00007a39d3715188) [0x00007a39d3715280, 0x00007a39d37167f0] 
[4,383s][debug][gc,nmethod     ] GC(1) O: Purge NMethod: io.sirix.page.NamePage.getName (0x00007a39f2f02a08) [0x00007a39f2f02b00, 0x00007a39f2f05378] 
[4,383s][debug][gc,nmethod     ] GC(1) O: Purge NMethod: jdk.internal.foreign.layout.ValueLayouts$AbstractValueLayout.<init> (0x00007a39d3f2f988) [0x00007a39d3f2fa80, 0x00007a39d3f2ffe8] 
[4,383s][debug][gc,nmethod     ] GC(1) O: Purge NMethod: java.util.concurrent.locks.ReentrantLock.lock (0x00007a39d3ac8888) [0x00007a39d3ac8980, 0x00007a39d3ac9150] 
[4,383s][debug][gc,nmethod     ] GC(1) O: Purge NMethod: java.util.HashMap.computeIfAbsent (0x00007a39d3da4808) [0x00007a39d3da4900, 0x00007a39d3da7108] 
[4,383s][debug][gc,nmethod     ] GC(1) O: Purge NMethod: io.sirix.node.xml.AbstractStructForwardingNode.hasFirstChild (0x00007a39f2d52308) [0x00007a39f2d52400, 0x00007a39f2d52518] 
[4,383s][debug][gc,nmethod     ] GC(1) O: Purge NMethod: com.sun.org.apache.xerces.internal.impl.XMLDocumentFragmentScannerImpl$FragmentContentDriver.next (0x00007a39d417c488) [0x00007a39d417c580, 0x00007a39d418a040] 
[4,383s][debug][gc,nmethod     ] GC(1) O: Purge NMethod: io.sirix.access.trx.node.AbstractNodeReadOnlyTrx.getRightSiblingKey (0x00007a39d40dc788) [0x00007a39d40dc880, 0x00007a39d40dd0a0] 
[4,383s][debug][gc,nmethod     ] GC(1) O: Purge NMethod: io.sirix.axis.filter.PathNameFilter.<init> (0x00007a39d3c6b608) [0x00007a39d3c6b700, 0x00007a39d3c6d388] 
[4,383s][debug][gc,nmethod     ] GC(1) O: Purge NMethod: io.sirix.node.GrowingMemorySegment.toByteArray (0x00007a39d3c81d08) [0x00007a39d3c81e00, 0x00007a39d3c88918] 
[4,383s][debug][gc,nmethod     ] GC(1) O: Purge NMethod: jdk.internal.util.DecimalDigits.uncheckedPutCharLatin1 (0x00007a39d38ac708) [0x00007a39d38ac800, 0x00007a39d38ac900] 
[4,383s][debug][gc,nmethod     ] GC(1) O: Purge NMethod: java.io.UnixFileSystem.resolve (0x00007a39d36ea188) [0x00007a39d36ea280, 0x00007a39d36ed710] 
[4,383s][debug][gc,nmethod     ] GC(1) O: Purge NMethod: java.util.concurrent.atomic.AtomicInteger.incrementAndGet (0x00007a39d3f97e08) [0x00007a39d3f97f00, 0x00007a39d3f98010] 
[4,383s][debug][gc,nmethod     ] GC(1) O: Purge NMethod: java.util.stream.ReduceOps$3ReducingSink.begin (0x00007a39d37ddc08) [0x00007a39d37ddd00, 0x00007a39d37de0c0] 
[4,383s][debug][gc,nmethod     ] GC(1) O: Purge NMethod: jdk.internal.classfile.impl.DirectCodeBuilder.parameterSlot (0x00007a39d3854388) [0x00007a39d3854480, 0x00007a39d3854638] 
[4,383s][debug][gc,nmethod     ] GC(1) O: Purge NMethod: io.sirix.axis.filter.FilterAxis.reset (0x00007a39d3c6a808) [0x00007a39d3c6a900, 0x00007a39d3c6ad50] 
[4,383s][debug][gc,nmethod     ] GC(1) O: Purge NMethod: jdk.internal.misc.Unsafe.putLongUnaligned (0x00007a39f2cabd88) [0x00007a39f2cabe80, 0x00007a39f2cabf40] 
[4,383s][debug][gc,nmethod     ] GC(1) O: Purge NMethod: io.sirix.node.xml.TextNode.getParentKey (0x00007a39d3af0b88) [0x00007a39d3af0c80, 0x00007a39d3af5c68] 
[4,383s][debug][gc,nmethod     ] GC(1) O: Purge NMethod: io.sirix.query.node.SubtreeBuilder.startElement (0x00007a39d419df88) [0x00007a39d419e080, 0x00007a39d41a0888] 
[4,383s][debug][gc,nmethod     ] GC(1) O: Purge NMethod: io.sirix.access.trx.node.xml.XmlNodeTrxImpl.insertAttribute (0x00007a39d3d6ea08) [0x00007a39d3d6eb00, 0x00007a39d3d7ebf0] 
[4,383s][debug][gc,nmethod     ] GC(1) O: Purge NMethod: io.sirix.index.path.summary.PathSummaryReader.getNodeKey (0x00007a39d4157808) [0x00007a39d4157900, 0x00007a39d4157db0] 
[4,383s][debug][gc,nmethod     ] GC(1) O: Purge NMethod: io.sirix.node.json.JsonNodeSerializer.updateSizePrefix (0x00007a39d3e93108) [0x00007a39d3e93200, 0x00007a39d3e934a0] 
[4,383s][debug][gc,nmethod     ] GC(1) O: Purge NMethod: sun.nio.cs.UTF_8$Decoder.decodeArrayLoop (0x00007a39d3ddcc88) [0x00007a39d3ddcd80, 0x00007a39d3de6c70] 
[4,383s][debug][gc,nmethod     ] GC(1) O: Purge NMethod: java.lang.invoke.VarHandleSegmentAsInts.set (0x00007a39d3ab0308) [0x00007a39d3ab0400, 0x00007a39d3ab59d0] 
[4,383s][debug][gc,nmethod     ] GC(1) O: Purge NMethod: sun.security.provider.SHA2.implCompress0 (0x00007a39d3e51808) [0x00007a39d3e51900, 0x00007a39d3e52170] 
[4,383s][debug][gc,nmethod     ] GC(1) O: Purge NMethod: io.sirix.utils.XMLToken.ncName (0x00007a39d3dcec88) [0x00007a39d3dced80, 0x00007a39d3dcf1d8] 
[4,383s][debug][gc,nmethod     ] GC(1) O: Purge NMethod: io.sirix.cache.IndexLogKey.equals (0x00007a39f2cef588) [0x00007a39f2cef680, 0x00007a39f2cef828] 
[4,383s][debug][gc,nmethod     ] GC(1) O: Purge NMethod: java.util.LinkedHashMap.get (0x00007a39d3856308) [0x00007a39d3856400, 0x00007a39d38569c0] 
[4,383s][debug][gc,nmethod     ] GC(1) O: Purge NMethod: io.sirix.node.NodeKind$2.serialize (0x00007a39d3e88d08) [0x00007a39d3e88e00, 0x00007a39d3e8e378] 
[4,383s][debug][gc,nmethod     ] GC(1) O: Purge NMethod: sun.security.provider.DigestBase.engineUpdate (0x00007a39d41bdc88) [0x00007a39d41bdd80, 0x00007a39d41bef60] 
[4,383s][debug][gc,nmethod     ] GC(1) O: Purge NMethod: io.sirix.node.xml.ElementNode.getLeftSiblingKey (0x00007a39d3b4b088) [0x00007a39d3b4b180, 0x00007a39d3b50170] 
[4,383s][debug][gc,nmethod     ] GC(1) O: Purge NMethod: net.jpountz.lz4.LZ4BlockOutputStream.writeIntLE (0x00007a39d3f69d88) [0x00007a39d3f69e80, 0x00007a39d3f6a008] 
[4,383s][debug][gc,nmethod     ] GC(1) O: Purge NMethod: com.sun.org.apache.xerces.internal.impl.XMLEntityScanner.peekChar (0x00007a39f2cfb788) [0x00007a39f2cfb880, 0x00007a39f2cfba38] 
[4,383s][debug][gc,nmethod     ] GC(1) O: Purge NMethod: io.sirix.query.node.SubtreeBuilder.startElement (0x00007a39d3c92c08) [0x00007a39d3c92d00, 0x00007a39d3c95508] 
[4,383s][debug][gc,nmethod     ] GC(1) O: Purge NMethod: com.sun.org.apache.xerces.internal.util.XMLChar.isValid (0x00007a39d39e2888) [0x00007a39d39e2980, 0x00007a39d39e2b68] 
[4,383s][debug][gc,nmethod     ] GC(1) O: Purge NMethod: com.sun.org.apache.xerces.internal.impl.XMLDocumentFragmentScannerImpl$ElementStack.popElement (0x00007a39d3c8e708) [0x00007a39d3c8e800, 0x00007a39d3c8eb50] 
[4,383s][debug][gc,nmethod     ] GC(1) O: Purge NMethod: org.gradle.internal.io.LineBufferingOutputStream.write (0x00007a39d39eae08) [0x00007a39d39eaf00, 0x00007a39d39ec6e8] 
[4,383s][debug][gc,nmethod     ] GC(1) O: Purge NMethod: jdk.internal.foreign.AbstractMemorySegmentImpl.checkArraySize (0x00007a39d3bf4088) [0x00007a39d3bf4180, 0x00007a39d3bf6f80] 
[4,383s][debug][gc,nmethod     ] GC(1) O: Purge NMethod: io.sirix.node.xml.AttributeNode.getParentKey (0x00007a39d3c32288) [0x00007a39d3c32380, 0x00007a39d3c37368] 
[4,383s][debug][gc,nmethod     ] GC(1) O: Purge NMethod: java.lang.String.encodeUTF8 (0x00007a39d3b4a888) [0x00007a39d3b4a980, 0x00007a39d3b4b008] 
[4,383s][debug][gc,nmethod     ] GC(1) O: Purge NMethod: java.util.concurrent.locks.ReentrantLock$NonfairSync.initialTryLock (0x00007a39f2d03b88) [0x00007a39f2d03c80, 0x00007a39f2d03de8] 
[4,383s][debug][gc,nmethod     ] GC(1) O: Purge NMethod: java.lang.classfile.CodeBuilder.newBoundLabel (0x00007a39d38d1088) [0x00007a39d38d1180, 0x00007a39d38d1bd8] 
[4,383s][debug][gc,nmethod     ] GC(1) O: Purge NMethod: java.lang.invoke.DirectMethodHandle.internalMemberName (0x00007a39d3691688) [0x00007a39d3691780, 0x00007a39d3691aa0] 
[4,383s][debug][gc,nmethod     ] GC(1) O: Purge NMethod: java.util.ArrayList.getLast (0x00007a39d3c6d888) [0x00007a39d3c6d980, 0x00007a39d3c6dc88] 
[4,383s][debug][gc,nmethod     ] GC(1) O: Purge NMethod: io.sirix.node.MemorySegmentBytesOut.<init> (0x00007a39d3e18f08) [0x00007a39d3e19000, 0x00007a39d3e19288] 
[4,383s][debug][gc,nmethod     ] GC(1) O: Purge NMethod: io.sirix.access.trx.node.xml.ForwardingXmlNodeReadOnlyTrx.hasFirstChild (0x00007a39f2dc1988) [0x00007a39f2dc1a80, 0x00007a39f2dc2098] 
[4,383s][debug][gc,nmethod     ] GC(1) O: Purge NMethod: io.sirix.access.trx.page.NodePageReadOnlyTrx.getDataRecord (0x00007a39d404d208) [0x00007a39d404d300, 0x00007a39d404e108] 
[4,383s][debug][gc,nmethod     ] GC(1) O: Purge NMethod: java.util.stream.AbstractPipeline.<init> (0x00007a39d37c7f08) [0x00007a39d37c8000, 0x00007a39d37c8348] 
[4,383s][debug][gc,nmethod     ] GC(1) O: Purge NMethod: jdk.internal.misc.Unsafe.putIntUnaligned (0x00007a39d35bcd88) [0x00007a39d35bce80, 0x00007a39d35bd0b0] 
[4,383s][debug][gc,nmethod     ] GC(1) O: Purge NMethod: jdk.internal.classfile.impl.TerminalCodeBuilder.setupTopLocal (0x00007a39d36c6608) [0x00007a39d36c6700, 0x00007a39d36c8c88] 
[4,383s][debug][gc,nmethod     ] GC(1) O: Purge NMethod: io.sirix.access.trx.node.AbstractNodeReadOnlyTrx.moveToParent (0x00007a39d3bd2e88) [0x00007a39d3bd2f80, 0x00007a39d3bd37e0] 
[4,383s][debug][gc,nmethod     ] GC(1) O: Purge NMethod: java.lang.invoke.VarHandleSegmentAsLongs.set (0x00007a39d3ab5a08) [0x00007a39d3ab5b00, 0x00007a39d3abb0d0] 
[4,383s][debug][gc,nmethod     ] GC(1) O: Purge NMethod: jdk.internal.foreign.AbstractMemorySegmentImpl.toArray (0x00007a39d3e7bb08) [0x00007a39d3e7bc00, 0x00007a39d3e7d7c0] 
[4,383s][debug][gc,nmethod     ] GC(1) O: Purge NMethod: java.lang.Class.getSimpleName (0x00007a39f2da6a88) [0x00007a39f2da6b80, 0x00007a39f2da7258] 
[4,383s][debug][gc,nmethod     ] GC(1) O: Purge NMethod: io.sirix.page.PageKind$1.serializePage (0x00007a39d3f4dd08) [0x00007a39d3f4de00, 0x00007a39d3f5ba08] 
[4,383s][debug][gc,nmethod     ] GC(1) O: Purge NMethod: io.sirix.page.PageKind$1.serializePage (0x00007a39d3f5ba88) [0x00007a39d3f5bb80, 0x00007a39d3f694d0] 
[4,383s][debug][gc,nmethod     ] GC(1) O: Purge NMethod: java.lang.String.regionMatches (0x00007a39f2c93a88) [0x00007a39f2c93b80, 0x00007a39f2c93ec8] 
[4,383s][debug][gc,nmethod     ] GC(1) O: Purge NMethod: io.sirix.utils.XMLToken.isNCChar (0x00007a39f2cf1288) [0x00007a39f2cf1380, 0x00007a39f2cf1460] 
[4,383s][debug][gc,nmethod     ] GC(1) O: Purge NMethod: io.sirix.access.trx.page.NodePageTrx.getMostRecentPageContainer (0x00007a39d3cd5708) [0x00007a39d3cd5800, 0x00007a39d3cd5e30] 
[4,383s][debug][gc,nmethod     ] GC(1) O: Purge NMethod: sun.security.provider.SHA2.implCompress0 (0x00007a39d3e7fb08) [0x00007a39d3e7fc00, 0x00007a39d3e80ba0] 
[4,383s][debug][gc,nmethod     ] GC(1) O: Purge NMethod: com.sun.org.apache.xerces.internal.parsers.AbstractSAXParser.characters (0x00007a39d416da88) [0x00007a39d416db80, 0x00007a39d416e128] 
[4,383s][debug][gc,nmethod     ] GC(1) O: Purge NMethod: io.sirix.node.MemorySegmentBytesOut.writeByte (0x00007a39d3affa88) [0x00007a39d3affb80, 0x00007a39d3affd18] 
[4,383s][debug][gc,nmethod     ] GC(1) O: Purge NMethod: com.sun.org.apache.xerces.internal.impl.XMLNSDocumentScannerImpl.next (0x00007a39f2cffc08) [0x00007a39f2cffd00, 0x00007a39f2d01588] 
[4,383s][debug][gc,nmethod     ] GC(1) O: Purge NMethod: io.sirix.axis.AbstractAxis.nextLong (0x00007a39f2cf5388) [0x00007a39f2cf5480, 0x00007a39f2cf5db0] 
[4,383s][debug][gc,nmethod     ] GC(1) O: Purge NMethod: com.sun.org.apache.xerces.internal.util.XMLAttributesImpl.getQName (0x00007a39d3d45508) [0x00007a39d3d45600, 0x00007a39d3d458d0] 
[4,383s][debug][gc,nmethod     ] GC(1) O: Purge NMethod: io.sirix.access.trx.page.NodePageTrx.getPageContainer (0x00007a39d3ae7988) [0x00007a39d3ae7a80, 0x00007a39d3ae8bc0] 
[4,383s][debug][gc,nmethod     ] GC(1) O: Purge NMethod: io.sirix.node.xml.ElementNode.getAttributeKey (0x00007a39d41b9e88) [0x00007a39d41b9f80, 0x00007a39d41ba398] 
[4,383s][debug][gc,nmethod     ] GC(1) O: Purge NMethod: java.lang.StringConcatHelper.checkOverflow (0x00007a39d34d4188) [0x00007a39d34d4280, 0x00007a39d34d4458] 
[4,383s][debug][gc,nmethod     ] GC(1) O: Purge NMethod: java.util.zip.Checksum.update (0x00007a39d362d288) [0x00007a39d362d380, 0x00007a39d362d6b8] 
[4,383s][debug][gc,nmethod     ] GC(1) O: Purge NMethod: java.lang.Math.multiplyHigh (0x00007a39d3af9808) [0x00007a39d3af9900, 0x00007a39d3af9a58] 
[4,383s][debug][gc,nmethod     ] GC(1) O: Purge NMethod: io.sirix.page.PageReference.setDatabaseId (0x00007a39d407c008) [0x00007a39d407c100, 0x00007a39d407c210] 
[4,383s][debug][gc,nmethod     ] GC(1) O: Purge NMethod: jdk.internal.foreign.HeapMemorySegmentImpl$OfByte.<init> (0x00007a39d3e8f588) [0x00007a39d3e8f680, 0x00007a39d3e8f998] 
[4,383s][debug][gc,nmethod     ] GC(1) O: Purge NMethod: jdk.internal.misc.Unsafe.copyMemory (0x00007a39d345de08) [0x00007a39d345df00, 0x00007a39d345f4c0] 
[4,383s][debug][gc,nmethod     ] GC(1) O: Purge NMethod: io.sirix.access.trx.node.AbstractNodeHashing.rollingAdd (0x00007a39f2d2e188) [0x00007a39f2d2e280, 0x00007a39f2d3bf40] 
[4,383s][debug][gc,nmethod     ] GC(1) O: Purge NMethod: java.util.zip.Inflater.needsInput (0x00007a39d3538b08) [0x00007a39d3538c00, 0x00007a39d3539228] 
[4,383s][debug][gc,nmethod     ] GC(1) O: Purge NMethod: com.google.common.collect.ForwardingObject.<init> (0x00007a39d3cdc188) [0x00007a39d3cdc280, 0x00007a39d3cdc3f0] 
[4,383s][debug][gc,nmethod     ] GC(1) O: Purge NMethod: io.brackit.query.atomic.AbstractAtomic.<init> (0x00007a39d3b38688) [0x00007a39d3b38780, 0x00007a39d3b38998] 
[4,383s][debug][gc,nmethod     ] GC(1) O: Purge NMethod: java.lang.ref.Cleaner$1.apply (0x00007a39d347eb08) [0x00007a39d347ec00, 0x00007a39d347efb0] 
[4,383s][debug][gc,nmethod     ] GC(1) O: Purge NMethod: io.sirix.index.path.summary.PathNode.getLocalNameKey (0x00007a39d3bb9d08) [0x00007a39d3bb9e00, 0x00007a39d3bb9f60] 
[4,383s][debug][gc,nmethod     ] GC(1) O: Purge NMethod: io.sirix.page.KeyValueLeafPage.getNumberOfNonNullEntries (0x00007a39d4150088) [0x00007a39d4150180, 0x00007a39d4150730] 
[4,383s][debug][gc,nmethod     ] GC(1) O: Purge NMethod: com.sun.org.apache.xerces.internal.xni.QName.setValues (0x00007a39d3d0d608) [0x00007a39d3d0d700, 0x00007a39d3d0dab8] 
[4,383s][debug][gc,nmethod     ] GC(1) O: Purge NMethod: jdk.internal.foreign.ImplicitSession.<init> (0x00007a39d3bd4088) [0x00007a39d3bd4180, 0x00007a39d3bd4810] 
[4,383s][debug][gc,nmethod     ] GC(1) O: Purge NMethod: io.sirix.page.KeyValueLeafPage.updateFreeSpaceStart (0x00007a39d3e1a188) [0x00007a39d3e1a280, 0x00007a39d3e1a808] 
[4,383s][debug][gc,nmethod     ] GC(1) O: Purge NMethod: java.util.concurrent.atomic.AtomicLong.incrementAndGet (0x00007a39d3a6e308) [0x00007a39d3a6e400, 0x00007a39d3a6e518] 
[4,384s][debug][gc,nmethod     ] GC(1) O: Purge NMethod: java.lang.invoke.InvokerBytecodeGenerator.emitPushArgument (0x00007a39d3696408) [0x00007a39d3696500, 0x00007a39d36990c8] 
[4,384s][debug][gc,nmethod     ] GC(1) O: Purge NMethod: java.util.HashMap.put (0x00007a39f2c9ad88) [0x00007a39f2c9aea0, 0x00007a39f2c9c0b0] 
[4,384s][debug][gc,nmethod     ] GC(1) O: Purge NMethod: io.sirix.access.trx.node.AbstractDeweyIDManager.newRightSiblingID (0x00007a39d3c04388) [0x00007a39d3c04480, 0x00007a39d3c07458] 
[4,384s][debug][gc,nmethod     ] GC(1) O: Purge NMethod: io.sirix.page.NamePage.incrementAndGetMaxNodeKey (0x00007a39d41aca08) [0x00007a39d41acb00, 0x00007a39d41acd78] 
[4,384s][debug][gc,nmethod     ] GC(1) O: Purge NMethod: java.util.BitSet.nextSetBit (0x00007a39f2e08a88) [0x00007a39f2e08b80, 0x00007a39f2e08d00] 
[4,384s][debug][gc,nmethod     ] GC(1) O: Purge NMethod: jdk.internal.classfile.impl.SplitConstantPool.classEntryForClassOrInterface (0x00007a39d3512908) [0x00007a39d3512a00, 0x00007a39d3514f90] 
[4,384s][debug][gc,nmethod     ] GC(1) O: Purge NMethod: java.lang.String.<init> (0x00007a39d3cc3c88) [0x00007a39d3cc3d80, 0x00007a39d3cc3fa8] 
[4,384s][debug][gc,nmethod     ] GC(1) O: Purge NMethod: io.sirix.access.trx.node.AbstractNodeHashing.rollingAdd (0x00007a39d3b9e708) [0x00007a39d3b9e800, 0x00007a39d3ba3b60] 
[4,384s][debug][gc,nmethod     ] GC(1) O: Purge NMethod: io.sirix.page.PathSummaryPage.incrementAndGetMaxNodeKey (0x00007a39d3dcaa08) [0x00007a39d3dcab00, 0x00007a39d3dcad78] 
[4,384s][debug][gc,nmethod     ] GC(1) O: Purge NMethod: it.unimi.dsi.fastutil.shorts.ShortArrayList$1.<init> (0x00007a39d4031788) [0x00007a39d4031880, 0x00007a39d4031a60] 
[4,384s][debug][gc,nmethod     ] GC(1) O: Purge NMethod: io.sirix.access.trx.node.xml.XmlNodeFactoryImpl.createAttributeNode (0x00007a39d3d6bd08) [0x00007a39d3d6be00, 0x00007a39d3d6e600] 
[4,384s][debug][gc,nmethod     ] GC(1) O: Purge NMethod: jdk.internal.util.ArraysSupport.mismatch (0x00007a39d37b8508) [0x00007a39d37b8600, 0x00007a39d37b89b8] 
[4,384s][debug][gc,nmethod     ] GC(1) O: Purge NMethod: io.sirix.access.trx.node.AbstractNodeReadOnlyTrx.storeDeweyIDs (0x00007a39d3b97208) [0x00007a39d3b97300, 0x00007a39d3b97830] 
[4,384s][debug][gc,nmethod     ] GC(1) O: Purge NMethod: it.unimi.dsi.fastutil.ints.Int2IntOpenHashMap.find (0x00007a39f2d3ec08) [0x00007a39f2d3ed00, 0x00007a39f2d3ef98] 
[4,384s][debug][gc,nmethod     ] GC(1) O: Purge NMethod: jdk.internal.foreign.layout.ValueLayouts$OfByteImpl.withOrder (0x00007a39d3e7f808) [0x00007a39d3e7f900, 0x00007a39d3e7fa60] 
[4,384s][debug][gc,nmethod     ] GC(1) O: Purge NMethod: java.nio.ByteBuffer.position (0x00007a39d377be88) [0x00007a39d377bf80, 0x00007a39d377c0c8] 
[4,384s][debug][gc,nmethod     ] GC(1) O: Purge NMethod: io.sirix.access.trx.node.xml.ForwardingXmlNodeReadOnlyTrx.getResourceSession (0x00007a39d3ba6208) [0x00007a39d3ba6300, 0x00007a39d3ba68f8] 
[4,384s][debug][gc,nmethod     ] GC(1) O: Purge NMethod: io.sirix.access.trx.node.xml.XmlDeweyIDManager.newAttributeID (0x00007a39d3d59d88) [0x00007a39d3d59e80, 0x00007a39d3d5e0a8] 
[4,384s][debug][gc,nmethod     ] GC(1) O: Purge NMethod: java.util.Arrays.fill (0x00007a39f2c37988) [0x00007a39f2c37a80, 0x00007a39f2c37c18] 
[4,384s][debug][gc,nmethod     ] GC(1) O: Purge NMethod: com.sun.org.apache.xerces.internal.impl.XMLNSDocumentScannerImpl.scanStartElement (0x00007a39d4194008) [0x00007a39d4194100, 0x00007a39d419c360] 
[4,384s][debug][gc,nmethod     ] GC(1) O: Purge NMethod: java.lang.invoke.MemberName.getMethodType (0x00007a39d346bb88) [0x00007a39d346bc80, 0x00007a39d346e178] 
[4,384s][debug][gc,nmethod     ] GC(1) O: Purge NMethod: io.sirix.node.xml.TextNode.hasRightSibling (0x00007a39d40b9388) [0x00007a39d40b9480, 0x00007a39d40be8b8] 
[4,384s][debug][gc,nmethod     ] GC(1) O: Purge NMethod: io.sirix.utils.XMLToken.isNCStartChar (0x00007a39d3b20488) [0x00007a39d3b20580, 0x00007a39d3b20bf0] 
[4,384s][debug][gc,nmethod     ] GC(1) O: Purge NMethod: io.sirix.access.trx.page.NodePageReadOnlyTrx.loadPage (0x00007a39d3b28d08) [0x00007a39d3b28e00, 0x00007a39d3b2aca0] 
[4,384s][debug][gc,nmethod     ] GC(1) O: Purge NMethod: io.sirix.node.json.JsonNodeSerializer.writeSizePrefix (0x00007a39d3ed9408) [0x00007a39d3ed9500, 0x00007a39d3ed9888] 
[4,384s][debug][gc,nmethod     ] GC(1) O: Purge NMethod: io.sirix.query.stream.node.SirixNodeStream.next (0x00007a39d40d8d88) [0x00007a39d40d8e80, 0x00007a39d40d9d68] 
[4,384s][debug][gc,nmethod     ] GC(1) O: Purge NMethod: java.lang.foreign.MemorySegment.copy (0x00007a39d3c26988) [0x00007a39d3c26a80, 0x00007a39d3c2fa68] 
[4,384s][debug][gc,nmethod     ] GC(1) O: Purge NMethod: io.sirix.access.trx.node.AbstractNodeHashing.adaptHashesWithAdd (0x00007a39d3b9a388) [0x00007a39d3b9a480, 0x00007a39d3b9a958] 
[4,384s][debug][gc,nmethod     ] GC(1) O: Purge NMethod: io.sirix.access.trx.node.AbstractNodeReadOnlyTrx.hasRightSibling (0x00007a39f2d27408) [0x00007a39f2d27500, 0x00007a39f2d27f88] 
[4,384s][debug][gc,nmethod     ] GC(1) O: Purge NMethod: io.sirix.axis.AbstractAxis.resetToLastKey (0x00007a39d3b39608) [0x00007a39d3b39700, 0x00007a39d3b39cb8] 
[4,384s][debug][gc,nmethod     ] GC(1) O: Purge NMethod: io.sirix.node.MemorySegmentBytesOut.writePosition (0x00007a39d3e07688) [0x00007a39d3e07780, 0x00007a39d3e07930] 
